170.75.162.130 - - [10/Apr/2016:21:58:25 -0700] "GET /lib/reccapi.php?resort=steamboat HTTP/1.1" 200 1066 "-" "node-superagent/1.4.0"
170.75.162.130 - - [10/Apr/2016:21:58:35 -0700] "GET /lib/reccapi.php?resort=sunvalley HTTP/1.1" 200 1012 "-" "node-superagent/1.4.0"
170.75.162.130 - - [10/Apr/2016:21:59:05 -0700] "GET /lib/reccapi.php?resort=silverstarmountain HTTP/1.1" 200 926 "-" "node-superagent/1.4.0"
170.75.162.130 - - [10/Apr/2016:21:59:06 -0700] "GET /lib/reccapi.php?resort=sunpeaksresort HTTP/1.1" 200 910 "-" "node-superagent/1.4.0"
170.75.162.130 - - [10/Apr/2016:21:59:15 -0700] "GET /lib/reccapi.php?resort=schweitzer HTTP/1.1" 200 962 "-" "node-superagent/1.4.0"
170.75.162.130 - - [10/Apr/2016:21:59:25 -0700] "GET /lib/reccapi.php?resort=parkcity HTTP/1.1" 200 1057 "-" "node-superagent/1.4.0"
64.124.184.170 - - [10/Apr/2016:22:00:15 -0700] "GET /images/wsis-logo-sm.png HTTP/1.1" 200 6108 "http://www.thebackcountry.net/" "Mozilla/5.0 (Macintosh; Intel Mac OS X 10_10_5) AppleWebKit/601.5.17 (KHTML, like Gecko) Version/9.1 Safari/601.5.17"
66.249.75.8 - - [10/Apr/2016:22:16:15 -0700] "GET /lib/reccapi.php?resort=loveland&date=2016-03-20 HTTP/1.1" 200 1050 "http://whereshouldiski.com/" "Mozilla/5.0 (compatible; Googlebot/2.1; +http://www.google.com/bot.html)"
66.249.75.121 - - [10/Apr/2016:22:16:16 -0700] "GET /lib/resortDataSearchD3.php?size=7&sortDate=T&resort=loveland&dateStart=2016-03-18 HTTP/1.1" 200 872 "http://whereshouldiski.com/" "Mozilla/5.0 (compatible; Googlebot/2.1; +http://www.google.com/bot.html)"
66.249.75.8 - - [10/Apr/2016:22:16:17 -0700] "GET /lib/reccapi.php?fields=t&date=2016-03-20&coords=39.67%2C-105.9&size=7&sort=distance HTTP/1.1" 200 1328 "http://whereshouldiski.com/" "Mozilla/5.0 (compatible; Googlebot/2.1; +http://www.google.com/bot.html)"
180.76.15.139 - - [10/Apr/2016:22:28:37 -0700] "GET / HTTP/1.1" 200 6995 "-" "Mozilla/5.0 (compatible; Baiduspider/2.0; +http://www.baidu.com/search/spider.html)"
201.183.49.165 - - [10/Apr/2016:22:28:42 -0700] "GET /images/wsis-logo-sm.png HTTP/1.1" 200 6108 "http://www.thebackcountry.net/" "Mozilla/5.0 (Windows NT 5.1) AppleWebKit/537.36 (KHTML, like Gecko) Chrome/49.0.2623.112 Safari/537.36"
180.76.15.10 - - [10/Apr/2016:22:29:24 -0700] "GET / HTTP/1.1" 200 6995 "-" "Mozilla/5.0 (compatible; Baiduspider/2.0; +http://www.baidu.com/search/spider.html)"
66.249.75.8 - - [10/Apr/2016:22:58:35 -0700] "GET /lib/reccapi.php?resort=lookoutpass&date=2016-02-05 HTTP/1.1" 200 1009 "http://whereshouldiski.com/" "Mozilla/5.0 (compatible; Googlebot/2.1; +http://www.google.com/bot.html)"
66.249.75.114 - - [10/Apr/2016:22:58:36 -0700] "GET /lib/reccapi.php?fields=t&date=2016-02-05&coords=47.44%2C-115.71&size=7&sort=distance HTTP/1.1" 200 1421 "http://whereshouldiski.com/" "Mozilla/5.0 (compatible; Googlebot/2.1; +http://www.google.com/bot.html)"
66.249.75.121 - - [10/Apr/2016:22:58:37 -0700] "GET /lib/resortDataSearchD3.php?size=7&sortDate=T&resort=lookoutpass&dateStart=2016-02-03 HTTP/1.1" 200 866 "http://whereshouldiski.com/" "Mozilla/5.0 (compatible; Googlebot/2.1; +http://www.google.com/bot.html)"
170.75.162.130 - - [10/Apr/2016:23:01:13 -0700] "GET /lib/reccapi.php?resort=sierra-at-tahoe HTTP/1.1" 200 1066 "-" "node-superagent/1.4.0"
66.249.75.8 - - [10/Apr/2016:23:11:40 -0700] "GET /lib/reccapi.php?resort=mammothmountain&date=2016-04-04 HTTP/1.1" 200 1061 "http://whereshouldiski.com/" "Mozilla/5.0 (compatible; Googlebot/2.1; +http://www.google.com/bot.html)"
66.249.75.8 - - [10/Apr/2016:23:11:42 -0700] "GET /lib/resortDataSearchD3.php?size=7&sortDate=T&resort=mammothmountain&dateStart=2016-04-02 HTTP/1.1" 200 843 "http://whereshouldiski.com/" "Mozilla/5.0 (compatible; Googlebot/2.1; +http://www.google.com/bot.html)"
66.249.75.121 - - [10/Apr/2016:23:11:43 -0700] "GET /lib/reccapi.php?fields=t&date=2016-04-04&coords=37.63%2C-119.02&size=7&sort=distance HTTP/1.1" 200 1299 "http://whereshouldiski.com/" "Mozilla/5.0 (compatible; Googlebot/2.1; +http://www.google.com/bot.html)"
170.75.162.130 - - [10/Apr/2016:23:17:45 -0700] "GET /lib/reccapi.php?resort=heavenly HTTP/1.1" 200 1040 "-" "node-superagent/1.4.0"
196.12.47.100 - - [10/Apr/2016:23:18:21 -0700] "GET / HTTP/1.0" 200 6995 "-" "-"
196.12.47.100 - - [10/Apr/2016:23:18:22 -0700] "GET /wp-login.php HTTP/1.0" 404 495 "-" "-"
196.12.47.100 - - [10/Apr/2016:23:18:22 -0700] "GET /administrator/index.php HTTP/1.0" 404 495 "-" "-"
196.12.47.100 - - [10/Apr/2016:23:18:23 -0700] "GET /user HTTP/1.0" 404 495 "-" "-"
196.12.47.100 - - [10/Apr/2016:23:18:23 -0700] "GET /admin.php HTTP/1.0" 404 495 "-" "-"
196.12.47.100 - - [10/Apr/2016:23:18:24 -0700] "GET /about HTTP/1.0" 404 495 "-" "-"
170.75.162.130 - - [10/Apr/2016:23:23:06 -0700] "GET /lib/reccapi.php?resort=madriverglen HTTP/1.1" 200 959 "-" "node-superagent/1.4.0"
66.249.75.121 - - [10/Apr/2016:23:25:31 -0700] "GET /lib/reccapi.php?resort=antelopebutte&date=2016-02-16 HTTP/1.1" 200 1028 "http://whereshouldiski.com/" "Mozilla/5.0 (compatible; Googlebot/2.1; +http://www.google.com/bot.html)"
66.249.75.8 - - [10/Apr/2016:23:25:32 -0700] "GET /lib/resortDataSearchD3.php?size=7&sortDate=T&resort=antelopebutte&dateStart=2016-02-14 HTTP/1.1" 200 880 "http://whereshouldiski.com/" "Mozilla/5.0 (compatible; Googlebot/2.1; +http://www.google.com/bot.html)"
66.249.75.114 - - [10/Apr/2016:23:25:32 -0700] "GET /lib/reccapi.php?fields=t&date=2016-02-16&coords=44.62%2C-107.51&size=7&sort=distance HTTP/1.1" 200 1412 "http://whereshouldiski.com/" "Mozilla/5.0 (compatible; Googlebot/2.1; +http://www.google.com/bot.html)"
185.25.148.240 - - [10/Apr/2016:23:25:35 -0700] "GET http://testp5.mielno.lubin.pl/testproxy.php HTTP/1.1" 404 452 "-" "Mozilla/5.0 (Windows NT 5.1; rv:32.0) Gecko/20100101 Firefox/31.0"
170.75.162.130 - - [10/Apr/2016:23:26:46 -0700] "GET /lib/reccapi.php?resort=mammothmountain HTTP/1.1" 200 1060 "-" "node-superagent/1.4.0"
45.79.81.142 - - [10/Apr/2016:23:35:40 -0700] "HEAD / HTTP/1.1" 200 371 "http://uptime.com/whereshouldiski.com" "Mozilla/5.0 (compatible; Uptimebot/1.0; +http://www.uptime.com/uptimebot)"
66.249.75.114 - - [10/Apr/2016:23:41:42 -0700] "GET /lib/reccapi.php?resort=crystalmountain&date=2016-01-16 HTTP/1.1" 200 717 "http://whereshouldiski.com/" "Mozilla/5.0 (compatible; Googlebot/2.1; +http://www.google.com/bot.html)"
180.250.68.154 - - [10/Apr/2016:23:45:30 -0700] "GET /user/soapCaller.bs HTTP/1.1" 404 470 "-" "Morfeus Fucking Scanner"
144.76.30.236 - - [10/Apr/2016:23:56:49 -0700] "GET /robots.txt HTTP/1.0" 200 338 "-" "Mozilla/5.0 (compatible; MJ12bot/v1.4.5; http://www.majestic12.co.uk/bot.php?+)"
144.76.30.236 - - [10/Apr/2016:23:56:51 -0700] "GET /resorts?resort=homewoodmountain HTTP/1.0" 404 495 "-" "Mozilla/5.0 (compatible; MJ12bot/v1.4.5; http://www.majestic12.co.uk/bot.php?+)"
66.249.75.114 - - [11/Apr/2016:00:06:38 -0700] "GET /lib/reccapi.php?resort=bearvalleymountain&date=2016-03-22 HTTP/1.1" 200 1081 "http://whereshouldiski.com/" "Mozilla/5.0 (compatible; Googlebot/2.1; +http://www.google.com/bot.html)"
66.249.75.121 - - [11/Apr/2016:00:06:39 -0700] "GET /lib/reccapi.php?fields=t&date=2016-03-22&coords=38.5%2C-120.06&size=7&sort=distance HTTP/1.1" 200 1343 "http://whereshouldiski.com/" "Mozilla/5.0 (compatible; Googlebot/2.1; +http://www.google.com/bot.html)"
66.249.75.8 - - [11/Apr/2016:00:06:40 -0700] "GET /lib/resortDataSearchD3.php?size=7&sortDate=T&resort=bearvalleymountain&dateStart=2016-03-20 HTTP/1.1" 200 877 "http://whereshouldiski.com/" "Mozilla/5.0 (compatible; Googlebot/2.1; +http://www.google.com/bot.html)"
173.252.120.103 - - [11/Apr/2016:00:26:14 -0700] "GET /images/prop3.png HTTP/1.1" 200 95754 "-" "facebookexternalhit/1.1 (+http://www.facebook.com/externalhit_uatext.php)"
180.76.15.20 - - [11/Apr/2016:00:29:56 -0700] "GET / HTTP/1.1" 200 6995 "-" "Mozilla/5.0 (compatible; Baiduspider/2.0; +http://www.baidu.com/search/spider.html)"
180.76.15.11 - - [11/Apr/2016:00:30:48 -0700] "GET / HTTP/1.1" 200 6995 "-" "Mozilla/5.0 (compatible; Baiduspider/2.0; +http://www.baidu.com/search/spider.html)"
66.249.75.121 - - [11/Apr/2016:01:03:10 -0700] "GET /lib/reccapi.php?resort=alta&date=2016-03-23 HTTP/1.1" 200 1064 "http://whereshouldiski.com/" "Mozilla/5.0 (compatible; Googlebot/2.1; +http://www.google.com/bot.html)"
66.249.75.8 - - [11/Apr/2016:01:03:11 -0700] "GET /lib/reccapi.php?fields=t&date=2016-03-23&coords=40.58%2C-111.61&size=7&sort=distance HTTP/1.1" 200 1323 "http://whereshouldiski.com/" "Mozilla/5.0 (compatible; Googlebot/2.1; +http://www.google.com/bot.html)"
66.249.75.114 - - [11/Apr/2016:01:03:11 -0700] "GET /lib/resortDataSearchD3.php?size=7&sortDate=T&resort=alta&dateStart=2016-03-21 HTTP/1.1" 200 878 "http://whereshouldiski.com/" "Mozilla/5.0 (compatible; Googlebot/2.1; +http://www.google.com/bot.html)"
170.75.162.130 - - [11/Apr/2016:01:09:30 -0700] "GET /lib/reccapi.php?resort=alpinemeadows HTTP/1.1" 200 1108 "-" "node-superagent/1.4.0"
170.75.162.130 - - [11/Apr/2016:01:09:30 -0700] "GET /lib/reccapi.php?resort=coppermountain HTTP/1.1" 200 1103 "-" "node-superagent/1.4.0"
170.75.162.130 - - [11/Apr/2016:01:09:30 -0700] "GET /lib/reccapi.php?resort=crestedbutte HTTP/1.1" 200 1085 "-" "node-superagent/1.4.0"
170.75.162.130 - - [11/Apr/2016:01:09:30 -0700] "GET /lib/reccapi.php?resort=diamondpeak HTTP/1.1" 200 1021 "-" "node-superagent/1.4.0"
170.75.162.130 - - [11/Apr/2016:01:09:30 -0700] "GET /lib/reccapi.php?resort=homewoodmountain HTTP/1.1" 200 1035 "-" "node-superagent/1.4.0"
170.75.162.130 - - [11/Apr/2016:01:09:30 -0700] "GET /lib/reccapi.php?resort=keystone HTTP/1.1" 200 1081 "-" "node-superagent/1.4.0"
170.75.162.130 - - [11/Apr/2016:01:09:30 -0700] "GET /lib/reccapi.php?resort=kirkwood HTTP/1.1" 200 1084 "-" "node-superagent/1.4.0"
170.75.162.130 - - [11/Apr/2016:01:09:31 -0700] "GET /lib/reccapi.php?resort=mtrose HTTP/1.1" 200 1076 "-" "node-superagent/1.4.0"
170.75.162.130 - - [11/Apr/2016:01:09:31 -0700] "GET /lib/reccapi.php?resort=northstar-at-tahoe HTTP/1.1" 200 1037 "-" "node-superagent/1.4.0"
170.75.162.130 - - [11/Apr/2016:01:09:31 -0700] "GET /lib/reccapi.php?resort=squawvalleyusa HTTP/1.1" 200 1046 "-" "node-superagent/1.4.0"
170.75.162.130 - - [11/Apr/2016:01:09:31 -0700] "GET /lib/reccapi.php?resort=sugarbowl HTTP/1.1" 200 1037 "-" "node-superagent/1.4.0"
170.75.162.130 - - [11/Apr/2016:01:09:31 -0700] "GET /lib/reccapi.php?resort=sugarloaf HTTP/1.1" 200 1056 "-" "node-superagent/1.4.0"
170.75.162.130 - - [11/Apr/2016:01:10:29 -0700] "GET /lib/reccapi.php?resort=telluride HTTP/1.1" 200 1077 "-" "node-superagent/1.4.0"
170.75.162.130 - - [11/Apr/2016:01:10:30 -0700] "GET /lib/reccapi.php?resort=brianhead HTTP/1.1" 200 1066 "-" "node-superagent/1.4.0"
170.75.162.130 - - [11/Apr/2016:01:10:30 -0700] "GET /lib/reccapi.php?resort=grandtarghee HTTP/1.1" 200 1087 "-" "node-superagent/1.4.0"
170.75.162.130 - - [11/Apr/2016:01:10:30 -0700] "GET /lib/reccapi.php?resort=snowbird HTTP/1.1" 200 1072 "-" "node-superagent/1.4.0"
170.75.162.130 - - [11/Apr/2016:01:10:30 -0700] "GET /lib/reccapi.php?resort=solitude HTTP/1.1" 200 1056 "-" "node-superagent/1.4.0"
170.75.162.130 - - [11/Apr/2016:01:10:30 -0700] "GET /lib/reccapi.php?resort=stowe HTTP/1.1" 200 1042 "-" "node-superagent/1.4.0"
170.75.162.130 - - [11/Apr/2016:01:10:30 -0700] "GET /lib/reccapi.php?resort=mountbachelor HTTP/1.1" 200 1037 "-" "node-superagent/1.4.0"
170.75.162.130 - - [11/Apr/2016:01:10:30 -0700] "GET /lib/reccapi.php?resort=jaypeak HTTP/1.1" 200 1075 "-" "node-superagent/1.4.0"
170.75.162.130 - - [11/Apr/2016:01:10:30 -0700] "GET /lib/reccapi.php?resort=mounthoodmeadows HTTP/1.1" 200 976 "-" "node-superagent/1.4.0"
170.75.162.130 - - [11/Apr/2016:01:10:30 -0700] "GET /lib/reccapi.php?resort=killington HTTP/1.1" 200 1060 "-" "node-superagent/1.4.0"
170.75.162.130 - - [11/Apr/2016:01:10:30 -0700] "GET /lib/reccapi.php?resort=sundayriver HTTP/1.1" 200 1071 "-" "node-superagent/1.4.0"
170.75.162.130 - - [11/Apr/2016:01:10:30 -0700] "GET /lib/reccapi.php?resort=sugarbush HTTP/1.1" 200 1068 "-" "node-superagent/1.4.0"
170.75.162.130 - - [11/Apr/2016:01:10:34 -0700] "GET /lib/reccapi.php?resort=hoodoo HTTP/1.1" 200 952 "-" "node-superagent/1.4.0"
170.75.162.130 - - [11/Apr/2016:01:10:39 -0700] "GET /lib/reccapi.php?resort=49degreesnorth HTTP/1.1" 200 1001 "-" "node-superagent/1.4.0"
170.75.162.130 - - [11/Apr/2016:01:10:44 -0700] "GET /lib/reccapi.php?resort=crystalmountain HTTP/1.1" 200 967 "-" "node-superagent/1.4.0"
170.75.162.130 - - [11/Apr/2016:01:10:49 -0700] "GET /lib/reccapi.php?resort=devilshead HTTP/1.1" 200 962 "-" "node-superagent/1.4.0"
170.75.162.130 - - [11/Apr/2016:01:10:54 -0700] "GET /lib/reccapi.php?resort=smugglersnotch HTTP/1.1" 200 1076 "-" "node-superagent/1.4.0"
170.75.162.130 - - [11/Apr/2016:01:10:59 -0700] "GET /lib/reccapi.php?resort=wildcatmountain HTTP/1.1" 200 1094 "-" "node-superagent/1.4.0"
170.75.162.130 - - [11/Apr/2016:01:11:04 -0700] "GET /lib/reccapi.php?resort=alta HTTP/1.1" 200 1067 "-" "node-superagent/1.4.0"
66.249.75.121 - - [11/Apr/2016:01:11:06 -0700] "GET /lib/reccapi.php?resort=alyeska&date=2016-02-23 HTTP/1.1" 200 1041 "http://whereshouldiski.com/" "Mozilla/5.0 (compatible; Googlebot/2.1; +http://www.google.com/bot.html)"
66.249.75.114 - - [11/Apr/2016:01:11:07 -0700] "GET /lib/reccapi.php?fields=t&date=2016-02-23&coords=60.94%2C-148.95&size=7&sort=distance HTTP/1.1" 200 1338 "http://whereshouldiski.com/" "Mozilla/5.0 (compatible; Googlebot/2.1; +http://www.google.com/bot.html)"
66.249.75.114 - - [11/Apr/2016:01:11:07 -0700] "GET /lib/resortDataSearchD3.php?size=7&sortDate=T&resort=alyeska&dateStart=2016-02-21 HTTP/1.1" 200 875 "http://whereshouldiski.com/" "Mozilla/5.0 (compatible; Googlebot/2.1; +http://www.google.com/bot.html)"
170.75.162.130 - - [11/Apr/2016:01:11:09 -0700] "GET /lib/reccapi.php?resort=mountspokane HTTP/1.1" 200 996 "-" "node-superagent/1.4.0"
170.75.162.130 - - [11/Apr/2016:01:11:14 -0700] "GET /lib/reccapi.php?resort=jacksonhole HTTP/1.1" 200 1072 "-" "node-superagent/1.4.0"
170.75.162.130 - - [11/Apr/2016:01:11:19 -0700] "GET /lib/reccapi.php?resort=stevenspass HTTP/1.1" 200 960 "-" "node-superagent/1.4.0"
170.75.162.130 - - [11/Apr/2016:01:11:24 -0700] "GET /lib/reccapi.php?resort=winterpark HTTP/1.1" 200 1096 "-" "node-superagent/1.4.0"
66.249.75.114 - - [11/Apr/2016:01:19:21 -0700] "GET /lib/reccapi.php?resort=kickinghorsemountain&date=2016-02-07 HTTP/1.1" 200 976 "http://whereshouldiski.com/" "Mozilla/5.0 (compatible; Googlebot/2.1; +http://www.google.com/bot.html)"
66.249.75.8 - - [11/Apr/2016:01:19:23 -0700] "GET /lib/resortDataSearchD3.php?size=7&sortDate=T&resort=kickinghorsemountain&dateStart=2016-02-05 HTTP/1.1" 200 864 "http://whereshouldiski.com/" "Mozilla/5.0 (compatible; Googlebot/2.1; +http://www.google.com/bot.html)"
66.249.75.121 - - [11/Apr/2016:01:19:23 -0700] "GET /lib/reccapi.php?fields=t&date=2016-02-07&coords=51.2892%2C-117.059&size=7&sort=distance HTTP/1.1" 200 1371 "http://whereshouldiski.com/" "Mozilla/5.0 (compatible; Googlebot/2.1; +http://www.google.com/bot.html)"
66.249.75.114 - - [11/Apr/2016:01:19:47 -0700] "GET /lib/reccapi.php?resort=mountbaker&date=2016-03-23 HTTP/1.1" 200 1060 "http://whereshouldiski.com/" "Mozilla/5.0 (compatible; Googlebot/2.1; +http://www.google.com/bot.html)"
66.249.75.121 - - [11/Apr/2016:01:19:50 -0700] "GET /lib/resortDataSearchD3.php?size=7&sortDate=T&resort=mountbaker&dateStart=2016-03-21 HTTP/1.1" 200 874 "http://whereshouldiski.com/" "Mozilla/5.0 (compatible; Googlebot/2.1; +http://www.google.com/bot.html)"
66.249.75.8 - - [11/Apr/2016:01:19:50 -0700] "GET /lib/reccapi.php?fields=t&date=2016-03-23&coords=48.86%2C-121.68&size=7&sort=distance HTTP/1.1" 200 1419 "http://whereshouldiski.com/" "Mozilla/5.0 (compatible; Googlebot/2.1; +http://www.google.com/bot.html)"
180.76.15.7 - - [11/Apr/2016:01:29:56 -0700] "GET / HTTP/1.1" 200 6995 "-" "Mozilla/5.0 (compatible; Baiduspider/2.0; +http://www.baidu.com/search/spider.html)"
180.76.15.134 - - [11/Apr/2016:01:30:49 -0700] "GET / HTTP/1.1" 200 6995 "-" "Mozilla/5.0 (compatible; Baiduspider/2.0; +http://www.baidu.com/search/spider.html)"
38.100.21.61 - - [11/Apr/2016:01:46:00 -0700] "GET / HTTP/1.1" 200 7032 "-" "Mozilla/4.0 (compatible; MSIE 7.0; Windows NT 5.2)"
38.100.21.61 - - [11/Apr/2016:01:46:01 -0700] "GET /styles/ee08faa9.main.css HTTP/1.1" 200 109239 "-" "Mozilla/4.0 (compatible; MSIE 7.0; Windows NT 5.2)"
38.100.21.61 - - [11/Apr/2016:01:46:02 -0700] "GET /about HTTP/1.1" 404 535 "-" "Mozilla/4.0 (compatible; MSIE 7.0; Windows NT 5.2)"
157.55.39.7 - - [11/Apr/2016:01:52:13 -0700] "GET / HTTP/1.1" 200 2615 "-" "Mozilla/5.0 (compatible; bingbot/2.0; +http://www.bing.com/bingbot.htm)"
66.249.75.8 - - [11/Apr/2016:02:05:51 -0700] "GET /lib/reccapi.php?resort=mountbaker&date=2015-12-23 HTTP/1.1" 200 710 "http://whereshouldiski.com/" "Mozilla/5.0 (compatible; Googlebot/2.1; +http://www.google.com/bot.html)"
54.80.70.27 - - [11/Apr/2016:02:17:56 -0700] "HEAD / HTTP/1.1" 200 291 "-" "Cloud mapping experiment. Contact research@pdrlabs.net"
180.76.15.143 - - [11/Apr/2016:02:31:13 -0700] "GET / HTTP/1.1" 200 6995 "-" "Mozilla/5.0 (compatible; Baiduspider/2.0; +http://www.baidu.com/search/spider.html)"
180.76.15.16 - - [11/Apr/2016:02:32:08 -0700] "GET / HTTP/1.1" 200 6995 "-" "Mozilla/5.0 (compatible; Baiduspider/2.0; +http://www.baidu.com/search/spider.html)"
66.249.75.121 - - [11/Apr/2016:03:01:09 -0700] "GET /lib/reccapi.php?resort=arapahoebasin&date=2016-03-20 HTTP/1.1" 200 1055 "http://whereshouldiski.com/" "Mozilla/5.0 (compatible; Googlebot/2.1; +http://www.google.com/bot.html)"
66.249.75.114 - - [11/Apr/2016:03:01:11 -0700] "GET /lib/reccapi.php?fields=t&date=2016-03-20&coords=39.68%2C-105.88&size=7&sort=distance HTTP/1.1" 200 1335 "http://whereshouldiski.com/" "Mozilla/5.0 (compatible; Googlebot/2.1; +http://www.google.com/bot.html)"
66.249.75.121 - - [11/Apr/2016:03:01:11 -0700] "GET /lib/resortDataSearchD3.php?size=7&sortDate=T&resort=arapahoebasin&dateStart=2016-03-18 HTTP/1.1" 200 868 "http://whereshouldiski.com/" "Mozilla/5.0 (compatible; Googlebot/2.1; +http://www.google.com/bot.html)"
123.125.71.76 - - [11/Apr/2016:03:03:10 -0700] "GET / HTTP/1.1" 304 173 "-" "Mozilla/5.0 (compatible; Baiduspider/2.0; +http://www.baidu.com/search/spider.html)"
66.249.75.114 - - [11/Apr/2016:03:04:21 -0700] "GET /lib/reccapi.php?fields=t HTTP/1.1" 200 1796 "http://whereshouldiski.com/" "Mozilla/5.0 (compatible; Googlebot/2.1; +http://www.google.com/bot.html)"
66.249.75.121 - - [11/Apr/2016:03:11:30 -0700] "GET /lib/reccapi.php?resort=antelopebutte&date=2016-02-17 HTTP/1.1" 200 1031 "http://whereshouldiski.com/" "Mozilla/5.0 (compatible; Googlebot/2.1; +http://www.google.com/bot.html)"
66.249.75.121 - - [11/Apr/2016:03:11:31 -0700] "GET /lib/reccapi.php?fields=t&date=2016-02-17&coords=44.62%2C-107.51&size=7&sort=distance HTTP/1.1" 200 1388 "http://whereshouldiski.com/" "Mozilla/5.0 (compatible; Googlebot/2.1; +http://www.google.com/bot.html)"
66.249.75.8 - - [11/Apr/2016:03:11:31 -0700] "GET /lib/resortDataSearchD3.php?size=7&sortDate=T&resort=antelopebutte&dateStart=2016-02-15 HTTP/1.1" 200 878 "http://whereshouldiski.com/" "Mozilla/5.0 (compatible; Googlebot/2.1; +http://www.google.com/bot.html)"
180.76.15.162 - - [11/Apr/2016:03:30:39 -0700] "GET / HTTP/1.1" 200 6995 "-" "Mozilla/5.0 (compatible; Baiduspider/2.0; +http://www.baidu.com/search/spider.html)"
180.76.15.142 - - [11/Apr/2016:03:31:35 -0700] "GET / HTTP/1.1" 200 6995 "-" "Mozilla/5.0 (compatible; Baiduspider/2.0; +http://www.baidu.com/search/spider.html)"
170.75.162.130 - - [11/Apr/2016:03:37:46 -0700] "GET /lib/reccapi.php?resort=parkcity HTTP/1.1" 200 1077 "-" "node-superagent/1.4.0"
170.75.162.130 - - [11/Apr/2016:03:37:57 -0700] "GET /lib/reccapi.php?resort=taos HTTP/1.1" 200 1044 "-" "node-superagent/1.4.0"
185.25.151.159 - - [11/Apr/2016:03:44:27 -0700] "GET http://testp5.mielno.lubin.pl/testproxy.php HTTP/1.1" 404 452 "-" "Mozilla/5.0 (Windows NT 5.1; rv:32.0) Gecko/20100101 Firefox/31.0"
180.76.15.28 - - [11/Apr/2016:03:55:01 -0700] "GET /robots.txt HTTP/1.1" 200 382 "-" "Mozilla/5.0 (Windows NT 5.1; rv:6.0.2) Gecko/20100101 Firefox/6.0.2"
180.76.15.13 - - [11/Apr/2016:03:56:44 -0700] "GET / HTTP/1.1" 200 2578 "-" "Mozilla/5.0 (compatible; Baiduspider/2.0; +http://www.baidu.com/search/spider.html)"
192.0.112.242 - - [11/Apr/2016:04:05:04 -0700] "GET /images/wsis-logo-sm.png HTTP/1.1" 200 6108 "http://www.thebackcountry.net/" "Mozilla/5.0 (X11; Linux x86_64; rv:10.0.12) Gecko/20100101 Firefox/21.0 WordPress.com mShots"
188.166.15.105 - - [11/Apr/2016:04:21:14 -0700] "GET /robots.txt HTTP/1.0" 200 382 "-" "SafeDNSBot (https://www.safedns.com/searchbot)"
188.166.15.105 - - [11/Apr/2016:04:21:14 -0700] "GET /about HTTP/1.0" 404 469 "-" "SafeDNSBot (https://www.safedns.com/searchbot)"
180.76.15.147 - - [11/Apr/2016:04:31:52 -0700] "GET / HTTP/1.1" 200 6995 "-" "Mozilla/5.0 (compatible; Baiduspider/2.0; +http://www.baidu.com/search/spider.html)"
180.76.15.142 - - [11/Apr/2016:04:32:47 -0700] "GET / HTTP/1.1" 200 6995 "-" "Mozilla/5.0 (compatible; Baiduspider/2.0; +http://www.baidu.com/search/spider.html)"
207.46.13.126 - - [11/Apr/2016:04:37:46 -0700] "GET /blog/11-2012-2013-powder-rating-visualization HTTP/1.1" 404 509 "-" "Mozilla/5.0 (compatible; bingbot/2.0; +http://www.bing.com/bingbot.htm)"
66.249.64.127 - - [11/Apr/2016:04:47:17 -0700] "GET /lib/reccapi.php?resort=loveland&date=2016-03-19 HTTP/1.1" 200 1027 "http://whereshouldiski.com/" "Mozilla/5.0 (compatible; Googlebot/2.1; +http://www.google.com/bot.html)"
66.249.64.8 - - [11/Apr/2016:04:47:18 -0700] "GET /lib/reccapi.php?fields=t&date=2016-03-19&coords=39.67%2C-105.9&size=7&sort=distance HTTP/1.1" 200 1379 "http://whereshouldiski.com/" "Mozilla/5.0 (compatible; Googlebot/2.1; +http://www.google.com/bot.html)"
66.249.64.2 - - [11/Apr/2016:04:47:19 -0700] "GET /lib/resortDataSearchD3.php?size=7&sortDate=T&resort=loveland&dateStart=2016-03-17 HTTP/1.1" 200 873 "http://whereshouldiski.com/" "Mozilla/5.0 (compatible; Googlebot/2.1; +http://www.google.com/bot.html)"
170.75.162.130 - - [11/Apr/2016:05:13:39 -0700] "GET /lib/reccapi.php?resort=sugarloaf HTTP/1.1" 200 1063 "-" "node-superagent/1.4.0"
170.75.162.130 - - [11/Apr/2016:05:13:39 -0700] "GET /lib/reccapi.php?resort=sundayriver HTTP/1.1" 200 1067 "-" "node-superagent/1.4.0"
170.75.162.130 - - [11/Apr/2016:05:14:09 -0700] "GET /lib/reccapi.php?resort=crestedbutte HTTP/1.1" 200 1117 "-" "node-superagent/1.4.0"
61.135.190.103 - - [11/Apr/2016:05:19:05 -0700] "GET / HTTP/1.1" 200 2615 "http://m.baidu.com/s?wd=WhereShouldISki-WeatherData-DrivenRecommendationsforSkiing" "Mozilla/5.0 (iPhone; CPU iPhone OS 5_0 like Mac OS X) AppleWebKit/534.46 (KHTML, like Gecko) Version/5.1 Mobile/9A334 Safari/7534.48.3"
61.135.190.223 - - [11/Apr/2016:05:19:07 -0700] "GET /scripts/scripts/vendor/modernizr.js HTTP/1.1" 200 4903 "http://whereshouldiski.com/" "Mozilla/5.0 (iPhone; CPU iPhone OS 5_0 like Mac OS X) AppleWebKit/534.46 (KHTML, like Gecko) Version/5.1 Mobile/9A334 Safari/7534.48.3"
61.135.190.103 - - [11/Apr/2016:05:19:07 -0700] "GET /bower_components/requirejs/require.js HTTP/1.1" 200 6701 "http://whereshouldiski.com/" "Mozilla/5.0 (iPhone; CPU iPhone OS 5_0 like Mac OS X) AppleWebKit/534.46 (KHTML, like Gecko) Version/5.1 Mobile/9A334 Safari/7534.48.3"
61.135.190.103 - - [11/Apr/2016:05:19:08 -0700] "GET /scripts/fa48e319.main.js HTTP/1.1" 200 123455 "http://whereshouldiski.com/" "Mozilla/5.0 (iPhone; CPU iPhone OS 5_0 like Mac OS X) AppleWebKit/534.46 (KHTML, like Gecko) Version/5.1 Mobile/9A334 Safari/7534.48.3"
61.135.190.103 - - [11/Apr/2016:05:19:09 -0700] "GET /lib/reccapi.php?fields=t HTTP/1.1" 200 2048 "http://whereshouldiski.com/" "Mozilla/5.0 (iPhone; CPU iPhone OS 5_0 like Mac OS X) AppleWebKit/534.46 (KHTML, like Gecko) Version/5.1 Mobile/9A334 Safari/7534.48.3"
66.249.64.2 - - [11/Apr/2016:05:24:28 -0700] "GET /lib/reccapi.php?resort=keystone&date=2016-03-17 HTTP/1.1" 200 1119 "http://whereshouldiski.com/" "Mozilla/5.0 (compatible; Googlebot/2.1; +http://www.google.com/bot.html)"
66.249.64.8 - - [11/Apr/2016:05:24:29 -0700] "GET /lib/resortDataSearchD3.php?size=7&sortDate=T&resort=keystone&dateStart=2016-03-15 HTTP/1.1" 200 883 "http://whereshouldiski.com/" "Mozilla/5.0 (compatible; Googlebot/2.1; +http://www.google.com/bot.html)"
66.249.64.127 - - [11/Apr/2016:05:24:29 -0700] "GET /lib/reccapi.php?fields=t&date=2016-03-17&coords=39.58%2C-105.95&size=7&sort=distance HTTP/1.1" 200 1385 "http://whereshouldiski.com/" "Mozilla/5.0 (compatible; Googlebot/2.1; +http://www.google.com/bot.html)"
170.75.162.130 - - [11/Apr/2016:05:32:12 -0700] "GET /lib/reccapi.php?resort=aspenmountain HTTP/1.1" 200 1076 "-" "node-superagent/1.4.0"
180.76.15.25 - - [11/Apr/2016:05:35:28 -0700] "GET / HTTP/1.1" 200 6995 "-" "Mozilla/5.0 (compatible; Baiduspider/2.0; +http://www.baidu.com/search/spider.html)"
180.76.15.153 - - [11/Apr/2016:05:36:32 -0700] "GET / HTTP/1.1" 200 6995 "-" "Mozilla/5.0 (compatible; Baiduspider/2.0; +http://www.baidu.com/search/spider.html)"
170.75.162.130 - - [11/Apr/2016:05:37:52 -0700] "GET /lib/reccapi.php?resort=cannonmountain HTTP/1.1" 200 1074 "-" "node-superagent/1.4.0"
170.75.162.130 - - [11/Apr/2016:05:37:52 -0700] "GET /lib/reccapi.php?resort=chinapeak HTTP/1.1" 200 1068 "-" "node-superagent/1.4.0"
170.75.162.130 - - [11/Apr/2016:05:38:52 -0700] "GET /lib/reccapi.php?resort=whistlerblackcomb HTTP/1.1" 200 924 "-" "node-superagent/1.4.0"
170.75.162.130 - - [11/Apr/2016:05:40:03 -0700] "GET /lib/reccapi.php?resort=mountainhigh HTTP/1.1" 200 1075 "-" "node-superagent/1.4.0"
170.75.162.130 - - [11/Apr/2016:05:40:03 -0700] "GET /lib/reccapi.php?resort=redmountain HTTP/1.1" 200 902 "-" "node-superagent/1.4.0"
170.75.162.130 - - [11/Apr/2016:05:41:53 -0700] "GET /lib/reccapi.php?resort=alpinemeadows HTTP/1.1" 200 1117 "-" "node-superagent/1.4.0"
170.75.162.130 - - [11/Apr/2016:06:06:26 -0700] "GET /lib/reccapi.php?resort=snowbird HTTP/1.1" 200 1050 "-" "node-superagent/1.4.0"
141.8.143.217 - - [11/Apr/2016:06:13:31 -0700] "GET /images/wsis-logo-sm.png HTTP/1.1" 200 6108 "-" "Mozilla/5.0 (compatible; YandexImages/3.0; +http://yandex.com/bots)"
66.249.64.127 - - [11/Apr/2016:06:14:44 -0700] "GET /robots.txt HTTP/1.1" 200 419 "-" "Mozilla/5.0 (compatible; Googlebot/2.1; +http://www.google.com/bot.html)"
66.249.64.8 - - [11/Apr/2016:06:14:44 -0700] "GET /lib/reccapi.php?resort=crystalmountain&date=2016-01-18 HTTP/1.1" 200 718 "http://whereshouldiski.com/" "Mozilla/5.0 (compatible; Googlebot/2.1; +http://www.google.com/bot.html)"
170.75.162.130 - - [11/Apr/2016:06:17:07 -0700] "GET /lib/reccapi.php?resort=angelfire HTTP/1.1" 200 1089 "-" "node-superagent/1.4.0"
170.75.162.130 - - [11/Apr/2016:06:20:07 -0700] "GET /lib/reccapi.php?resort=bigwhite HTTP/1.1" 200 913 "-" "node-superagent/1.4.0"
180.76.15.158 - - [11/Apr/2016:06:30:43 -0700] "GET / HTTP/1.1" 200 6995 "-" "Mozilla/5.0 (compatible; Baiduspider/2.0; +http://www.baidu.com/search/spider.html)"
180.76.15.15 - - [11/Apr/2016:06:31:35 -0700] "GET / HTTP/1.1" 200 6995 "-" "Mozilla/5.0 (compatible; Baiduspider/2.0; +http://www.baidu.com/search/spider.html)"
66.249.64.127 - - [11/Apr/2016:06:34:45 -0700] "GET /lib/reccapi.php?resort=alta&date=2016-03-29 HTTP/1.1" 200 1067 "http://whereshouldiski.com/" "Mozilla/5.0 (compatible; Googlebot/2.1; +http://www.google.com/bot.html)"
66.249.64.8 - - [11/Apr/2016:06:34:47 -0700] "GET /lib/reccapi.php?fields=t&date=2016-03-29&coords=40.58%2C-111.61&size=7&sort=distance HTTP/1.1" 200 1322 "http://whereshouldiski.com/" "Mozilla/5.0 (compatible; Googlebot/2.1; +http://www.google.com/bot.html)"
66.249.64.127 - - [11/Apr/2016:06:34:49 -0700] "GET /lib/resortDataSearchD3.php?size=7&sortDate=T&resort=alta&dateStart=2016-03-27 HTTP/1.1" 200 881 "http://whereshouldiski.com/" "Mozilla/5.0 (compatible; Googlebot/2.1; +http://www.google.com/bot.html)"
170.75.162.130 - - [11/Apr/2016:06:37:29 -0700] "GET /lib/reccapi.php?resort=homewoodmountain HTTP/1.1" 200 1044 "-" "node-superagent/1.4.0"
75.111.107.88 - - [11/Apr/2016:06:41:03 -0700] "GET /images/wsis-logo-sm.png HTTP/1.1" 200 6108 "http://www.thebackcountry.net/" "Mozilla/5.0 (Windows NT 6.3) AppleWebKit/537.36 (KHTML, like Gecko) Chrome/49.0.2623.110 Safari/537.36"
94.22.47.242 - - [11/Apr/2016:06:43:19 -0700] "GET /robots.txt HTTP/1.0" 200 338 "-" "Mozilla/5.0 (compatible; MJ12bot/v1.4.5; http://www.majestic12.co.uk/bot.php?+)"
94.22.47.242 - - [11/Apr/2016:06:44:06 -0700] "GET /robots.txt HTTP/1.0" 200 375 "-" "Mozilla/5.0 (compatible; MJ12bot/v1.4.5; http://www.majestic12.co.uk/bot.php?+)"
94.22.47.242 - - [11/Apr/2016:06:44:18 -0700] "GET /robots.txt HTTP/1.0" 200 338 "-" "Mozilla/5.0 (compatible; MJ12bot/v1.4.5; http://www.majestic12.co.uk/bot.php?+)"
94.22.47.242 - - [11/Apr/2016:06:44:21 -0700] "GET /robots.txt HTTP/1.0" 200 338 "-" "Mozilla/5.0 (compatible; MJ12bot/v1.4.5; http://www.majestic12.co.uk/bot.php?+)"
170.75.162.130 - - [11/Apr/2016:06:55:32 -0700] "GET /lib/reccapi.php?resort=redlodge HTTP/1.1" 200 1002 "-" "node-superagent/1.4.0"
66.249.64.127 - - [11/Apr/2016:06:57:13 -0700] "GET /lib/reccapi.php?resort=crystalmountain&date=2016-01-31 HTTP/1.1" 200 1080 "http://whereshouldiski.com/" "Mozilla/5.0 (compatible; Googlebot/2.1; +http://www.google.com/bot.html)"
66.249.64.8 - - [11/Apr/2016:06:57:15 -0700] "GET /lib/reccapi.php?fields=t&date=2016-01-31&coords=46.92%2C-121.49&size=7&sort=distance HTTP/1.1" 200 1412 "http://whereshouldiski.com/" "Mozilla/5.0 (compatible; Googlebot/2.1; +http://www.google.com/bot.html)"
66.249.64.8 - - [11/Apr/2016:06:57:15 -0700] "GET /lib/resortDataSearchD3.php?size=7&sortDate=T&resort=crystalmountain&dateStart=2016-01-29 HTTP/1.1" 200 878 "http://whereshouldiski.com/" "Mozilla/5.0 (compatible; Googlebot/2.1; +http://www.google.com/bot.html)"
170.75.162.130 - - [11/Apr/2016:07:09:05 -0700] "GET /lib/reccapi.php?resort=squawvalleyusa HTTP/1.1" 200 1052 "-" "node-superagent/1.4.0"
170.75.162.130 - - [11/Apr/2016:07:14:14 -0700] "GET /lib/reccapi.php?resort=mounthoodmeadows HTTP/1.1" 200 984 "-" "node-superagent/1.4.0"
180.76.15.7 - - [11/Apr/2016:07:29:30 -0700] "GET / HTTP/1.1" 200 6995 "-" "Mozilla/5.0 (compatible; Baiduspider/2.0; +http://www.baidu.com/search/spider.html)"
180.76.15.143 - - [11/Apr/2016:07:30:22 -0700] "GET / HTTP/1.1" 200 6995 "-" "Mozilla/5.0 (compatible; Baiduspider/2.0; +http://www.baidu.com/search/spider.html)"
207.46.13.126 - - [11/Apr/2016:07:40:31 -0700] "GET / HTTP/1.1" 200 2615 "-" "Mozilla/5.0 (compatible; bingbot/2.0; +http://www.bing.com/bingbot.htm)"
66.249.64.8 - - [11/Apr/2016:07:40:36 -0700] "GET /lib/reccapi.php?resort=alpenglow&date=2016-02-28 HTTP/1.1" 200 1014 "http://whereshouldiski.com/" "Mozilla/5.0 (compatible; Googlebot/2.1; +http://www.google.com/bot.html)"
66.249.64.2 - - [11/Apr/2016:07:40:38 -0700] "GET /lib/reccapi.php?fields=t&date=2016-02-28&coords=61.24%2C-149.5&size=7&sort=distance HTTP/1.1" 200 1339 "http://whereshouldiski.com/" "Mozilla/5.0 (compatible; Googlebot/2.1; +http://www.google.com/bot.html)"
66.249.64.8 - - [11/Apr/2016:07:40:38 -0700] "GET /lib/resortDataSearchD3.php?size=7&sortDate=T&resort=alpenglow&dateStart=2016-02-26 HTTP/1.1" 200 869 "http://whereshouldiski.com/" "Mozilla/5.0 (compatible; Googlebot/2.1; +http://www.google.com/bot.html)"
66.249.64.8 - - [11/Apr/2016:07:43:09 -0700] "GET /lib/reccapi.php?resort=mountbaker&date=2016-03-25 HTTP/1.1" 200 1093 "http://whereshouldiski.com/" "Mozilla/5.0 (compatible; Googlebot/2.1; +http://www.google.com/bot.html)"
66.249.64.127 - - [11/Apr/2016:07:43:10 -0700] "GET /lib/reccapi.php?fields=t&date=2016-03-25&coords=48.86%2C-121.68&size=7&sort=distance HTTP/1.1" 200 1447 "http://whereshouldiski.com/" "Mozilla/5.0 (compatible; Googlebot/2.1; +http://www.google.com/bot.html)"
66.249.64.2 - - [11/Apr/2016:07:43:10 -0700] "GET /lib/resortDataSearchD3.php?size=7&sortDate=T&resort=mountbaker&dateStart=2016-03-23 HTTP/1.1" 200 879 "http://whereshouldiski.com/" "Mozilla/5.0 (compatible; Googlebot/2.1; +http://www.google.com/bot.html)"
85.166.3.177 - - [11/Apr/2016:07:48:52 -0700] "GET /images/wsis-logo-sm.png HTTP/1.1" 200 6108 "http://www.thebackcountry.net/" "Mozilla/5.0 (Windows NT 10.0; WOW64) AppleWebKit/537.36 (KHTML, like Gecko) Chrome/49.0.2623.110 Safari/537.36"
170.75.162.130 - - [11/Apr/2016:07:51:49 -0700] "GET /lib/reccapi.php?resort=coppermountain HTTP/1.1" 200 1105 "-" "node-superagent/1.4.0"
170.75.162.130 - - [11/Apr/2016:08:04:20 -0700] "GET /lib/reccapi.php?resort=sierra-at-tahoe HTTP/1.1" 200 1075 "-" "node-superagent/1.4.0"
170.75.162.130 - - [11/Apr/2016:08:04:20 -0700] "GET /lib/reccapi.php?resort=silverstarmountain HTTP/1.1" 200 926 "-" "node-superagent/1.4.0"
170.75.162.130 - - [11/Apr/2016:08:04:20 -0700] "GET /lib/reccapi.php?resort=smugglersnotch HTTP/1.1" 200 1077 "-" "node-superagent/1.4.0"
66.249.64.127 - - [11/Apr/2016:08:22:58 -0700] "GET /lib/reccapi.php?resort=arapahoebasin&date=2016-04-08 HTTP/1.1" 200 1099 "http://whereshouldiski.com/" "Mozilla/5.0 (compatible; Googlebot/2.1; +http://www.google.com/bot.html)"
66.249.64.8 - - [11/Apr/2016:08:22:59 -0700] "GET /lib/reccapi.php?fields=t&date=2016-04-08&coords=39.68%2C-105.88&size=7&sort=distance HTTP/1.1" 200 1326 "http://whereshouldiski.com/" "Mozilla/5.0 (compatible; Googlebot/2.1; +http://www.google.com/bot.html)"
66.249.64.127 - - [11/Apr/2016:08:23:00 -0700] "GET /lib/resortDataSearchD3.php?size=7&sortDate=T&resort=arapahoebasin&dateStart=2016-04-06 HTTP/1.1" 200 861 "http://whereshouldiski.com/" "Mozilla/5.0 (compatible; Googlebot/2.1; +http://www.google.com/bot.html)"
170.75.162.130 - - [11/Apr/2016:08:23:52 -0700] "GET /lib/reccapi.php?resort=diamondpeak HTTP/1.1" 200 1027 "-" "node-superagent/1.4.0"
180.76.15.139 - - [11/Apr/2016:08:31:21 -0700] "GET / HTTP/1.1" 200 6995 "-" "Mozilla/5.0 (compatible; Baiduspider/2.0; +http://www.baidu.com/search/spider.html)"
180.76.15.25 - - [11/Apr/2016:08:32:17 -0700] "GET / HTTP/1.1" 200 6995 "-" "Mozilla/5.0 (compatible; Baiduspider/2.0; +http://www.baidu.com/search/spider.html)"
64.26.134.201 - - [11/Apr/2016:08:43:14 -0700] "GET /images/wsis-logo-sm.png HTTP/1.1" 200 6108 "http://www.thebackcountry.net/" "Mozilla/5.0 (Windows NT 6.3; WOW64; Trident/7.0; rv:11.0) like Gecko"
64.26.134.201 - - [11/Apr/2016:08:43:34 -0700] "-" 408 0 "-" "-"
108.206.119.16 - - [11/Apr/2016:08:46:17 -0700] "GET /images/wsis-logo-sm.png HTTP/1.1" 200 6108 "http://www.thebackcountry.net/" "Mozilla/5.0 (Windows NT 10.0; WOW64) AppleWebKit/537.36 (KHTML, like Gecko) Chrome/49.0.2623.110 Safari/537.36"
170.75.162.130 - - [11/Apr/2016:08:49:34 -0700] "GET /lib/reccapi.php?resort=solitude HTTP/1.1" 200 1037 "-" "node-superagent/1.4.0"
66.249.64.6 - - [11/Apr/2016:08:50:33 -0700] "GET /robots.txt HTTP/1.1" 200 419 "-" "Mozilla/5.0 (compatible; Googlebot/2.1; +http://www.google.com/bot.html)"
66.249.64.6 - - [11/Apr/2016:08:50:33 -0700] "GET / HTTP/1.1" 200 2614 "-" "Mozilla/5.0 (iPhone; CPU iPhone OS 8_3 like Mac OS X) AppleWebKit/600.1.4 (KHTML, like Gecko) Version/8.0 Mobile/12F70 Safari/600.1.4 (compatible; Googlebot/2.1; +http://www.google.com/bot.html)"
208.76.113.2 - - [11/Apr/2016:09:11:53 -0700] "GET /images/wsis-logo-sm.png HTTP/1.1" 200 6108 "http://www.thebackcountry.net/" "Mozilla/5.0 (Windows NT 6.1; rv:45.0) Gecko/20100101 Firefox/45.0"
66.249.64.2 - - [11/Apr/2016:09:16:55 -0700] "GET /lib/reccapi.php?resort=alyeska&date=2016-02-13 HTTP/1.1" 200 1040 "http://whereshouldiski.com/" "Mozilla/5.0 (compatible; Googlebot/2.1; +http://www.google.com/bot.html)"
66.249.64.8 - - [11/Apr/2016:09:16:57 -0700] "GET /lib/reccapi.php?fields=t&date=2016-02-13&coords=60.94%2C-148.95&size=7&sort=distance HTTP/1.1" 200 1343 "http://whereshouldiski.com/" "Mozilla/5.0 (compatible; Googlebot/2.1; +http://www.google.com/bot.html)"
66.249.64.2 - - [11/Apr/2016:09:16:57 -0700] "GET /lib/resortDataSearchD3.php?size=7&sortDate=T&resort=alyeska&dateStart=2016-02-11 HTTP/1.1" 200 879 "http://whereshouldiski.com/" "Mozilla/5.0 (compatible; Googlebot/2.1; +http://www.google.com/bot.html)"
178.63.86.11 - - [11/Apr/2016:09:20:28 -0700] "GET /robots.txt HTTP/1.0" 200 338 "-" "Mozilla/5.0 (compatible; MJ12bot/v1.4.5; http://www.majestic12.co.uk/bot.php?+)"
178.63.86.11 - - [11/Apr/2016:09:20:29 -0700] "GET /about HTTP/1.0" 404 495 "-" "Mozilla/5.0 (compatible; MJ12bot/v1.4.5; http://www.majestic12.co.uk/bot.php?+)"
178.63.86.11 - - [11/Apr/2016:09:20:31 -0700] "GET /resorts?resort=alpinemeadows HTTP/1.0" 404 469 "-" "Mozilla/5.0 (compatible; MJ12bot/v1.4.5; http://www.majestic12.co.uk/bot.php?+)"
178.63.86.11 - - [11/Apr/2016:09:20:33 -0700] "GET /resorts?resort=aspenmountain HTTP/1.0" 404 469 "-" "Mozilla/5.0 (compatible; MJ12bot/v1.4.5; http://www.majestic12.co.uk/bot.php?+)"
178.63.86.11 - - [11/Apr/2016:09:20:35 -0700] "GET /resorts?resort=buttermilk HTTP/1.0" 404 469 "-" "Mozilla/5.0 (compatible; MJ12bot/v1.4.5; http://www.majestic12.co.uk/bot.php?+)"
178.63.86.11 - - [11/Apr/2016:09:20:36 -0700] "GET /resorts?resort=grandtarghee HTTP/1.0" 404 469 "-" "Mozilla/5.0 (compatible; MJ12bot/v1.4.5; http://www.majestic12.co.uk/bot.php?+)"
209.33.83.171 - - [11/Apr/2016:09:27:06 -0700] "GET /images/wsis-logo-sm.png HTTP/1.1" 200 6108 "http://www.thebackcountry.net/" "Mozilla/5.0 (Windows NT 6.1; WOW64) AppleWebKit/537.36 (KHTML, like Gecko) Chrome/49.0.2623.110 Safari/537.36"
170.75.162.130 - - [11/Apr/2016:09:27:07 -0700] "GET /lib/reccapi.php?resort=snowbasin HTTP/1.1" 200 1039 "-" "node-superagent/1.4.0"
180.76.15.160 - - [11/Apr/2016:09:34:24 -0700] "GET / HTTP/1.1" 200 6995 "-" "Mozilla/5.0 (compatible; Baiduspider/2.0; +http://www.baidu.com/search/spider.html)"
170.75.162.130 - - [11/Apr/2016:09:34:58 -0700] "GET /lib/reccapi.php?resort=deervalley HTTP/1.1" 200 1088 "-" "node-superagent/1.4.0"
180.76.15.154 - - [11/Apr/2016:09:35:25 -0700] "GET / HTTP/1.1" 200 6995 "-" "Mozilla/5.0 (compatible; Baiduspider/2.0; +http://www.baidu.com/search/spider.html)"
66.249.64.239 - - [11/Apr/2016:09:42:22 -0700] "GET /lib/reccapi.php?resort=alpinemeadows&date=2016-04-08 HTTP/1.1" 200 1111 "http://whereshouldiski.com/" "Mozilla/5.0 (compatible; Googlebot/2.1; +http://www.google.com/bot.html)"
66.249.64.244 - - [11/Apr/2016:09:42:23 -0700] "GET /lib/reccapi.php?fields=t&date=2016-04-08&coords=39.17%2C-120.25&size=7&sort=distance HTTP/1.1" 200 1311 "http://whereshouldiski.com/" "Mozilla/5.0 (compatible; Googlebot/2.1; +http://www.google.com/bot.html)"
66.249.64.234 - - [11/Apr/2016:09:42:24 -0700] "GET /lib/resortDataSearchD3.php?size=7&sortDate=T&resort=alpinemeadows&dateStart=2016-04-06 HTTP/1.1" 200 852 "http://whereshouldiski.com/" "Mozilla/5.0 (compatible; Googlebot/2.1; +http://www.google.com/bot.html)"
24.32.28.230 - - [11/Apr/2016:09:43:34 -0700] "GET /images/wsis-logo-sm.png HTTP/1.1" 200 6108 "http://www.thebackcountry.net/" "Mozilla/5.0 (Macintosh; Intel Mac OS X 10_11_2) AppleWebKit/537.36 (KHTML, like Gecko) Chrome/49.0.2623.110 Safari/537.36"
170.75.162.130 - - [11/Apr/2016:09:50:19 -0700] "GET /lib/reccapi.php?resort=whitefacemountain HTTP/1.1" 200 1047 "-" "node-superagent/1.4.0"
90.188.118.206 - - [11/Apr/2016:09:52:25 -0700] "GET /components/com_weblinks/router.php?check=start HTTP/1.1" 404 476 "-" "-"
170.75.162.130 - - [11/Apr/2016:09:56:59 -0700] "GET /lib/reccapi.php?resort=arapahoebasin HTTP/1.1" 200 1086 "-" "node-superagent/1.4.0"
170.75.162.130 - - [11/Apr/2016:09:57:10 -0700] "GET /lib/reccapi.php?resort=alyeska HTTP/1.1" 200 1059 "-" "node-superagent/1.4.0"
170.75.162.130 - - [11/Apr/2016:09:57:29 -0700] "GET /lib/reccapi.php?resort=bigsky HTTP/1.1" 200 963 "-" "node-superagent/1.4.0"
170.75.162.130 - - [11/Apr/2016:09:57:39 -0700] "GET /lib/reccapi.php?resort=buttermilk HTTP/1.1" 200 1062 "-" "node-superagent/1.4.0"
170.75.162.130 - - [11/Apr/2016:09:57:39 -0700] "GET /lib/reccapi.php?resort=aspenheights HTTP/1.1" 200 1122 "-" "node-superagent/1.4.0"
170.75.162.130 - - [11/Apr/2016:09:57:40 -0700] "GET /lib/reccapi.php?resort=brighton HTTP/1.1" 200 1031 "-" "node-superagent/1.4.0"
170.75.162.130 - - [11/Apr/2016:09:58:00 -0700] "GET /lib/reccapi.php?resort=snowmass HTTP/1.1" 200 1097 "-" "node-superagent/1.4.0"
170.75.162.130 - - [11/Apr/2016:09:58:00 -0700] "GET /lib/reccapi.php?resort=monarch HTTP/1.1" 200 1039 "-" "node-superagent/1.4.0"
170.75.162.130 - - [11/Apr/2016:09:58:10 -0700] "GET /lib/reccapi.php?resort=loveland HTTP/1.1" 200 1066 "-" "node-superagent/1.4.0"
170.75.162.130 - - [11/Apr/2016:09:58:29 -0700] "GET /lib/reccapi.php?resort=steamboat HTTP/1.1" 200 1043 "-" "node-superagent/1.4.0"
170.75.162.130 - - [11/Apr/2016:09:58:40 -0700] "GET /lib/reccapi.php?resort=sunvalley HTTP/1.1" 200 1029 "-" "node-superagent/1.4.0"
170.75.162.130 - - [11/Apr/2016:09:59:10 -0700] "GET /lib/reccapi.php?resort=sunpeaksresort HTTP/1.1" 200 912 "-" "node-superagent/1.4.0"
170.75.162.130 - - [11/Apr/2016:09:59:20 -0700] "GET /lib/reccapi.php?resort=schweitzer HTTP/1.1" 200 947 "-" "node-superagent/1.4.0"
66.249.64.127 - - [11/Apr/2016:09:59:45 -0700] "GET /lib/reccapi.php?fields=t&date=2015-12-18 HTTP/1.1" 200 481 "http://whereshouldiski.com/" "Mozilla/5.0 (compatible; Googlebot/2.1; +http://www.google.com/bot.html)"
144.174.210.38 - - [11/Apr/2016:10:01:59 -0700] "GET /images/wsis-logo-sm.png HTTP/1.1" 200 6108 "http://www.thebackcountry.net/" "Mozilla/5.0 (iPhone; CPU iPhone OS 9_3 like Mac OS X) AppleWebKit/601.1.46 (KHTML, like Gecko) Version/9.0 Mobile/13E233 Safari/601.1"
54.218.39.56 - - [11/Apr/2016:10:06:19 -0700] "GET /about HTTP/1.1" 404 495 "-" "Mozilla/5.0 (Macintosh; Intel Mac OS X 10.10; rv:39.0) Gecko/20100101 Firefox/39.0"
170.75.162.130 - - [11/Apr/2016:10:11:11 -0700] "GET /lib/reccapi.php?resort=madriverglen HTTP/1.1" 200 1055 "-" "node-superagent/1.4.0"
73.241.70.161 - - [11/Apr/2016:10:12:35 -0700] "GET /images/wsis-logo-sm.png HTTP/1.1" 200 6108 "http://www.thebackcountry.net/" "Mozilla/5.0 (Windows NT 6.1) AppleWebKit/537.36 (KHTML, like Gecko) Chrome/49.0.2623.110 Safari/537.36"
170.75.162.130 - - [11/Apr/2016:10:25:52 -0700] "GET /lib/reccapi.php?resort=stevenspass HTTP/1.1" 200 960 "-" "node-superagent/1.4.0"
66.249.64.244 - - [11/Apr/2016:10:31:45 -0700] "GET /lib/reccapi.php?resort=49degreesnorth&date=2016-04-08 HTTP/1.1" 200 1035 "http://whereshouldiski.com/" "Mozilla/5.0 (compatible; Googlebot/2.1; +http://www.google.com/bot.html)"
66.249.64.244 - - [11/Apr/2016:10:31:47 -0700] "GET /lib/resortDataSearchD3.php?size=7&sortDate=T&resort=49degreesnorth&dateStart=2016-04-06 HTTP/1.1" 200 844 "http://whereshouldiski.com/" "Mozilla/5.0 (compatible; Googlebot/2.1; +http://www.google.com/bot.html)"
66.249.64.234 - - [11/Apr/2016:10:31:47 -0700] "GET /lib/reccapi.php?fields=t&date=2016-04-08&coords=48.28%2C-117.56&size=7&sort=distance HTTP/1.1" 200 1310 "http://whereshouldiski.com/" "Mozilla/5.0 (compatible; Googlebot/2.1; +http://www.google.com/bot.html)"
198.91.194.58 - - [11/Apr/2016:10:33:27 -0700] "GET /images/wsis-logo-sm.png HTTP/1.1" 200 6108 "http://www.thebackcountry.net/" "Mozilla/5.0 (Macintosh; Intel Mac OS X 10_6_8) AppleWebKit/537.36 (KHTML, like Gecko) Chrome/49.0.2623.110 Safari/537.36"
180.76.15.17 - - [11/Apr/2016:10:33:32 -0700] "GET / HTTP/1.1" 200 6995 "-" "Mozilla/5.0 (compatible; Baiduspider/2.0; +http://www.baidu.com/search/spider.html)"
180.76.15.11 - - [11/Apr/2016:10:34:29 -0700] "GET / HTTP/1.1" 200 6995 "-" "Mozilla/5.0 (compatible; Baiduspider/2.0; +http://www.baidu.com/search/spider.html)"
170.75.162.130 - - [11/Apr/2016:10:35:13 -0700] "GET /lib/reccapi.php?resort=chinapeak HTTP/1.1" 200 1069 "-" "node-superagent/1.4.0"
108.246.14.88 - - [11/Apr/2016:10:37:17 -0700] "GET /images/wsis-logo-sm.png HTTP/1.1" 200 6108 "http://www.thebackcountry.net/" "Mozilla/5.0 (Windows NT 6.3; WOW64) AppleWebKit/537.36 (KHTML, like Gecko) Chrome/49.0.2623.110 Safari/537.36"
170.75.162.130 - - [11/Apr/2016:10:40:33 -0700] "GET /lib/reccapi.php?resort=alta HTTP/1.1" 200 1012 "-" "node-superagent/1.4.0"
170.75.162.130 - - [11/Apr/2016:10:40:34 -0700] "GET /lib/reccapi.php?resort=aspenmountain HTTP/1.1" 200 1075 "-" "node-superagent/1.4.0"
170.75.162.130 - - [11/Apr/2016:10:40:34 -0700] "GET /lib/reccapi.php?resort=brianhead HTTP/1.1" 200 1076 "-" "node-superagent/1.4.0"
170.75.162.130 - - [11/Apr/2016:10:40:34 -0700] "GET /lib/reccapi.php?resort=heavenly HTTP/1.1" 200 1067 "-" "node-superagent/1.4.0"
170.75.162.130 - - [11/Apr/2016:10:40:34 -0700] "GET /lib/reccapi.php?resort=homewoodmountain HTTP/1.1" 200 1040 "-" "node-superagent/1.4.0"
170.75.162.130 - - [11/Apr/2016:10:40:35 -0700] "GET /lib/reccapi.php?resort=hoodoo HTTP/1.1" 200 946 "-" "node-superagent/1.4.0"
170.75.162.130 - - [11/Apr/2016:10:40:35 -0700] "GET /lib/reccapi.php?resort=mountbachelor HTTP/1.1" 200 1009 "-" "node-superagent/1.4.0"
170.75.162.130 - - [11/Apr/2016:10:40:35 -0700] "GET /lib/reccapi.php?resort=mtrose HTTP/1.1" 200 1067 "-" "node-superagent/1.4.0"
170.75.162.130 - - [11/Apr/2016:10:40:35 -0700] "GET /lib/reccapi.php?resort=parkcity HTTP/1.1" 200 1077 "-" "node-superagent/1.4.0"
170.75.162.130 - - [11/Apr/2016:10:40:35 -0700] "GET /lib/reccapi.php?resort=snowbird HTTP/1.1" 200 1018 "-" "node-superagent/1.4.0"
170.75.162.130 - - [11/Apr/2016:10:40:36 -0700] "GET /lib/reccapi.php?resort=sugarloaf HTTP/1.1" 200 1026 "-" "node-superagent/1.4.0"
170.75.162.130 - - [11/Apr/2016:10:40:36 -0700] "GET /lib/reccapi.php?resort=sundayriver HTTP/1.1" 200 1025 "-" "node-superagent/1.4.0"
170.75.162.130 - - [11/Apr/2016:10:41:33 -0700] "GET /lib/reccapi.php?resort=taos HTTP/1.1" 200 1038 "-" "node-superagent/1.4.0"
73.189.140.213 - - [11/Apr/2016:10:55:30 -0700] "GET /images/wsis-logo-sm.png HTTP/1.1" 200 6108 "http://www.thebackcountry.net/" "Mozilla/5.0 (Macintosh; Intel Mac OS X 10_10_5) AppleWebKit/600.8.9 (KHTML, like Gecko) Version/8.0.8 Safari/600.8.9"
170.75.162.130 - - [11/Apr/2016:10:57:55 -0700] "GET /lib/reccapi.php?resort=crystalmountain HTTP/1.1" 200 966 "-" "node-superagent/1.4.0"
170.75.162.130 - - [11/Apr/2016:10:57:55 -0700] "GET /lib/reccapi.php?resort=49degreesnorth HTTP/1.1" 200 981 "-" "node-superagent/1.4.0"
170.75.162.130 - - [11/Apr/2016:10:57:55 -0700] "GET /lib/reccapi.php?resort=mountspokane HTTP/1.1" 200 988 "-" "node-superagent/1.4.0"
93.120.241.192 - - [11/Apr/2016:11:03:32 -0700] "GET /images/wsis-logo-sm.png HTTP/1.1" 200 6108 "http://thebackcountry.net/" "Mozilla/5.0 (Windows NT 6.1; WOW64) AppleWebKit/537.36 (KHTML, like Gecko) Chrome/49.0.2623.112 Safari/537.36"
66.249.64.127 - - [11/Apr/2016:11:04:51 -0700] "GET /lib/reccapi.php?resort=mountwashingtonalpine&date=2016-01-30 HTTP/1.1" 200 973 "http://whereshouldiski.com/" "Mozilla/5.0 (compatible; Googlebot/2.1; +http://www.google.com/bot.html)"
66.249.64.2 - - [11/Apr/2016:11:04:52 -0700] "GET /lib/reccapi.php?fields=t&date=2016-01-30&coords=49.7383%2C-125.299&size=7&sort=distance HTTP/1.1" 200 1386 "http://whereshouldiski.com/" "Mozilla/5.0 (compatible; Googlebot/2.1; +http://www.google.com/bot.html)"
66.249.64.8 - - [11/Apr/2016:11:04:52 -0700] "GET /lib/resortDataSearchD3.php?size=7&sortDate=T&resort=mountwashingtonalpine&dateStart=2016-01-28 HTTP/1.1" 200 873 "http://whereshouldiski.com/" "Mozilla/5.0 (compatible; Googlebot/2.1; +http://www.google.com/bot.html)"
170.75.162.130 - - [11/Apr/2016:11:26:47 -0700] "GET /lib/reccapi.php?resort=mammothmountain HTTP/1.1" 200 1117 "-" "node-superagent/1.4.0"
75.111.98.182 - - [11/Apr/2016:11:30:59 -0700] "GET /images/wsis-logo-sm.png HTTP/1.1" 200 6108 "http://www.thebackcountry.net/" "Mozilla/5.0 (Linux; Android 5.1; XT1254 Build/SU4TL-44) AppleWebKit/537.36 (KHTML, like Gecko) Chrome/49.0.2623.105 Mobile Safari/537.36"
173.58.230.20 - - [11/Apr/2016:11:31:50 -0700] "GET /images/wsis-logo-sm.png HTTP/1.1" 200 6108 "http://www.thebackcountry.net/" "Mozilla/5.0 (Windows NT 6.1; WOW64) AppleWebKit/537.36 (KHTML, like Gecko) Chrome/49.0.2623.110 Safari/537.36"
180.76.15.158 - - [11/Apr/2016:11:31:59 -0700] "GET / HTTP/1.1" 200 6995 "-" "Mozilla/5.0 (compatible; Baiduspider/2.0; +http://www.baidu.com/search/spider.html)"
180.76.15.21 - - [11/Apr/2016:11:32:56 -0700] "GET / HTTP/1.1" 200 6995 "-" "Mozilla/5.0 (compatible; Baiduspider/2.0; +http://www.baidu.com/search/spider.html)"
75.111.98.182 - - [11/Apr/2016:11:33:50 -0700] "-" 408 0 "-" "-"
75.111.98.182 - - [11/Apr/2016:11:33:50 -0700] "-" 408 0 "-" "-"
75.111.98.182 - - [11/Apr/2016:11:33:50 -0700] "-" 408 0 "-" "-"
170.75.162.130 - - [11/Apr/2016:11:39:48 -0700] "GET /lib/reccapi.php?resort=squawvalleyusa HTTP/1.1" 200 1052 "-" "node-superagent/1.4.0"
23.31.73.161 - - [11/Apr/2016:11:40:24 -0700] "GET /images/wsis-logo-sm.png HTTP/1.1" 200 6108 "http://www.thebackcountry.net/" "Mozilla/5.0 (Windows NT 6.1; WOW64; Trident/7.0; rv:11.0) like Gecko"
23.31.73.161 - - [11/Apr/2016:11:40:46 -0700] "-" 408 0 "-" "-"
51.255.201.98 - - [11/Apr/2016:11:41:41 -0700] "GET /robots.txt HTTP/1.0" 200 338 "-" "Mozilla/5.0 (compatible; MJ12bot/v1.4.5; http://www.majestic12.co.uk/bot.php?+)"
51.255.201.98 - - [11/Apr/2016:11:41:44 -0700] "GET /resorts?resort=whitefacemountain HTTP/1.0" 404 495 "-" "Mozilla/5.0 (compatible; MJ12bot/v1.4.5; http://www.majestic12.co.uk/bot.php?+)"
177.225.21.94 - - [11/Apr/2016:11:54:18 -0700] "GET /images/wsis-logo-sm.png HTTP/1.1" 200 6108 "http://www.thebackcountry.net/" "Mozilla/5.0 (Windows NT 10.0; WOW64) AppleWebKit/537.36 (KHTML, like Gecko) Chrome/49.0.2623.110 Safari/537.36"
54.153.33.145 - - [11/Apr/2016:12:06:56 -0700] "GET / HTTP/1.1" 200 6976 "-" "Mozilla/5.0 (Windows NT 6.1) AppleWebKit/537.36 (KHTML, like Gecko) Chrome/41.0.2228.0 Safari/537.36"
66.249.64.127 - - [11/Apr/2016:12:20:51 -0700] "GET /lib/reccapi.php?resort=crystalmountain&date=2016-02-04 HTTP/1.1" 200 1093 "http://whereshouldiski.com/" "Mozilla/5.0 (compatible; Googlebot/2.1; +http://www.google.com/bot.html)"
