180.76.15.134 - - [22/Nov/2015:16:04:12 -0800] "GET / HTTP/1.1" 200 6114 "-" "Mozilla/5.0 (compatible; Baiduspider/2.0; +http://www.baidu.com/search/spider.html)"
170.75.162.130 - - [22/Nov/2015:16:22:42 -0800] "GET /lib/reccapi.php?resort=alta HTTP/1.1" 200 945 "-" "node-superagent/0.18.2"
170.75.162.130 - - [22/Nov/2015:16:22:42 -0800] "GET /lib/reccapi.php?resort=sugarloaf HTTP/1.1" 200 957 "-" "node-superagent/0.18.2"
157.127.124.151 - - [22/Nov/2015:16:24:12 -0800] "GET /images/wsis-logo-sm.png HTTP/1.1" 200 6052 "http://www.thebackcountry.net/" "Mozilla/5.0 (compatible; MSIE 10.0; Windows NT 6.1; WOW64; Trident/6.0)"
66.220.246.157 - - [22/Nov/2015:16:24:50 -0800] "GET / HTTP/1.1" 200 2376 "http://localhost:3000/resort/diamondpeak" "Mozilla/5.0 (X11; Linux x86_64) AppleWebKit/537.36 (KHTML, like Gecko) Chrome/47.0.2526.69 Safari/537.36"
66.220.246.157 - - [22/Nov/2015:16:24:51 -0800] "GET /styles/0fffd548.main.css HTTP/1.1" 200 19316 "http://whereshouldiski.com/" "Mozilla/5.0 (X11; Linux x86_64) AppleWebKit/537.36 (KHTML, like Gecko) Chrome/47.0.2526.69 Safari/537.36"
66.220.246.157 - - [22/Nov/2015:16:24:51 -0800] "GET /scripts/scripts/vendor/modernizr.js HTTP/1.1" 200 4903 "http://whereshouldiski.com/" "Mozilla/5.0 (X11; Linux x86_64) AppleWebKit/537.36 (KHTML, like Gecko) Chrome/47.0.2526.69 Safari/537.36"
66.220.246.157 - - [22/Nov/2015:16:24:51 -0800] "GET /bower_components/requirejs/require.js HTTP/1.1" 200 6702 "http://whereshouldiski.com/" "Mozilla/5.0 (X11; Linux x86_64) AppleWebKit/537.36 (KHTML, like Gecko) Chrome/47.0.2526.69 Safari/537.36"
66.220.246.157 - - [22/Nov/2015:16:24:51 -0800] "GET /images/logo-sm.png HTTP/1.1" 200 16738 "http://whereshouldiski.com/" "Mozilla/5.0 (X11; Linux x86_64) AppleWebKit/537.36 (KHTML, like Gecko) Chrome/47.0.2526.69 Safari/537.36"
66.220.246.157 - - [22/Nov/2015:16:24:51 -0800] "GET /images/loading.gif HTTP/1.1" 200 13881 "http://whereshouldiski.com/" "Mozilla/5.0 (X11; Linux x86_64) AppleWebKit/537.36 (KHTML, like Gecko) Chrome/47.0.2526.69 Safari/537.36"
66.220.246.157 - - [22/Nov/2015:16:24:51 -0800] "GET /scripts/fa48e319.main.js HTTP/1.1" 200 123455 "http://whereshouldiski.com/" "Mozilla/5.0 (X11; Linux x86_64) AppleWebKit/537.36 (KHTML, like Gecko) Chrome/47.0.2526.69 Safari/537.36"
66.220.246.157 - - [22/Nov/2015:16:24:52 -0800] "GET /lib/reccapi.php?resort=diamondpeak&date=2015-11-22 HTTP/1.1" 200 967 "http://whereshouldiski.com/" "Mozilla/5.0 (X11; Linux x86_64) AppleWebKit/537.36 (KHTML, like Gecko) Chrome/47.0.2526.69 Safari/537.36"
66.220.246.157 - - [22/Nov/2015:16:24:52 -0800] "GET /favicon.ico HTTP/1.1" 200 1475 "http://whereshouldiski.com/" "Mozilla/5.0 (X11; Linux x86_64) AppleWebKit/537.36 (KHTML, like Gecko) Chrome/47.0.2526.69 Safari/537.36"
66.220.246.157 - - [22/Nov/2015:16:24:52 -0800] "GET /images/stars-med-5.png HTTP/1.1" 200 4123 "http://whereshouldiski.com/styles/0fffd548.main.css" "Mozilla/5.0 (X11; Linux x86_64) AppleWebKit/537.36 (KHTML, like Gecko) Chrome/47.0.2526.69 Safari/537.36"
66.220.246.157 - - [22/Nov/2015:16:24:52 -0800] "GET /images/sun-med-5.png HTTP/1.1" 200 7626 "http://whereshouldiski.com/styles/0fffd548.main.css" "Mozilla/5.0 (X11; Linux x86_64) AppleWebKit/537.36 (KHTML, like Gecko) Chrome/47.0.2526.69 Safari/537.36"
66.220.246.157 - - [22/Nov/2015:16:24:52 -0800] "GET /images/snowflake-med-5.png HTTP/1.1" 200 6156 "http://whereshouldiski.com/styles/0fffd548.main.css" "Mozilla/5.0 (X11; Linux x86_64) AppleWebKit/537.36 (KHTML, like Gecko) Chrome/47.0.2526.69 Safari/537.36"
66.220.246.157 - - [22/Nov/2015:16:24:52 -0800] "GET /lib/reccapi.php?fields=t&date=2015-11-22&coords=39.254%2C-119.924&size=7&sort=distance HTTP/1.1" 200 1333 "http://whereshouldiski.com/" "Mozilla/5.0 (X11; Linux x86_64) AppleWebKit/537.36 (KHTML, like Gecko) Chrome/47.0.2526.69 Safari/537.36"
66.220.246.157 - - [22/Nov/2015:16:24:52 -0800] "GET /images/mtns-30px.png HTTP/1.1" 200 1202 "http://whereshouldiski.com/styles/0fffd548.main.css" "Mozilla/5.0 (X11; Linux x86_64) AppleWebKit/537.36 (KHTML, like Gecko) Chrome/47.0.2526.69 Safari/537.36"
66.220.246.157 - - [22/Nov/2015:16:24:52 -0800] "GET /images/shading-53px.png HTTP/1.1" 200 548 "http://whereshouldiski.com/styles/0fffd548.main.css" "Mozilla/5.0 (X11; Linux x86_64) AppleWebKit/537.36 (KHTML, like Gecko) Chrome/47.0.2526.69 Safari/537.36"
66.220.246.157 - - [22/Nov/2015:16:24:52 -0800] "GET /lib/resortDataSearchD3.php?size=7&sortDate=T&resort=diamondpeak&dateStart=2015-11-20 HTTP/1.1" 200 860 "http://whereshouldiski.com/" "Mozilla/5.0 (X11; Linux x86_64) AppleWebKit/537.36 (KHTML, like Gecko) Chrome/47.0.2526.69 Safari/537.36"
66.220.246.157 - - [22/Nov/2015:16:24:52 -0800] "GET /images/snowforecast-logo.jpg HTTP/1.1" 200 22988 "http://whereshouldiski.com/" "Mozilla/5.0 (X11; Linux x86_64) AppleWebKit/537.36 (KHTML, like Gecko) Chrome/47.0.2526.69 Safari/537.36"
66.220.246.157 - - [22/Nov/2015:16:24:52 -0800] "GET /images/opensnow_logo.png HTTP/1.1" 200 11776 "http://whereshouldiski.com/" "Mozilla/5.0 (X11; Linux x86_64) AppleWebKit/537.36 (KHTML, like Gecko) Chrome/47.0.2526.69 Safari/537.36"
66.220.246.157 - - [22/Nov/2015:16:24:52 -0800] "GET /images/star5.png HTTP/1.1" 200 1783 "http://whereshouldiski.com/styles/0fffd548.main.css" "Mozilla/5.0 (X11; Linux x86_64) AppleWebKit/537.36 (KHTML, like Gecko) Chrome/47.0.2526.69 Safari/537.36"
66.220.246.157 - - [22/Nov/2015:16:24:52 -0800] "GET /images/snowflake5.png HTTP/1.1" 200 2857 "http://whereshouldiski.com/styles/0fffd548.main.css" "Mozilla/5.0 (X11; Linux x86_64) AppleWebKit/537.36 (KHTML, like Gecko) Chrome/47.0.2526.69 Safari/537.36"
66.220.246.157 - - [22/Nov/2015:16:24:52 -0800] "GET /images/mtns-icon.png HTTP/1.1" 200 1096 "http://whereshouldiski.com/styles/0fffd548.main.css" "Mozilla/5.0 (X11; Linux x86_64) AppleWebKit/537.36 (KHTML, like Gecko) Chrome/47.0.2526.69 Safari/537.36"
66.220.246.157 - - [22/Nov/2015:16:24:52 -0800] "GET /images/shading-icon.png HTTP/1.1" 200 536 "http://whereshouldiski.com/styles/0fffd548.main.css" "Mozilla/5.0 (X11; Linux x86_64) AppleWebKit/537.36 (KHTML, like Gecko) Chrome/47.0.2526.69 Safari/537.36"
66.220.246.157 - - [22/Nov/2015:16:24:53 -0800] "GET /images/bluebird5.png HTTP/1.1" 200 2177 "http://whereshouldiski.com/styles/0fffd548.main.css" "Mozilla/5.0 (X11; Linux x86_64) AppleWebKit/537.36 (KHTML, like Gecko) Chrome/47.0.2526.69 Safari/537.36"
127.0.0.1 - - [22/Nov/2015:16:25:00 -0800] "OPTIONS * HTTP/1.0" 200 126 "-" "Apache/2.2.22 (Ubuntu) (internal dummy connection)"
170.75.162.130 - - [22/Nov/2015:16:27:13 -0800] "GET /lib/reccapi.php?resort=cannonmountain HTTP/1.1" 200 962 "-" "node-superagent/0.18.2"
170.75.162.130 - - [22/Nov/2015:16:27:14 -0800] "GET /lib/reccapi.php?resort=sundayriver HTTP/1.1" 200 973 "-" "node-superagent/0.18.2"
170.75.162.130 - - [22/Nov/2015:16:37:44 -0800] "GET /lib/reccapi.php?resort=kirkwood HTTP/1.1" 200 972 "-" "node-superagent/0.18.2"
180.76.15.34 - - [22/Nov/2015:16:39:05 -0800] "GET / HTTP/1.1" 200 6114 "-" "Mozilla/5.0 (compatible; Baiduspider/2.0; +http://www.baidu.com/search/spider.html)"
123.125.71.36 - - [22/Nov/2015:16:39:18 -0800] "GET / HTTP/1.1" 200 2339 "-" "Mozilla/5.0 (Windows NT 5.1; rv:6.0.2) Gecko/20100101 Firefox/6.0.2"
123.125.71.13 - - [22/Nov/2015:16:39:19 -0800] "GET / HTTP/1.1" 200 6114 "-" "Mozilla/5.0 (Windows NT 5.1; rv:6.0.2) Gecko/20100101 Firefox/6.0.2"
180.76.15.12 - - [22/Nov/2015:16:39:35 -0800] "GET / HTTP/1.1" 200 6114 "-" "Mozilla/5.0 (compatible; Baiduspider/2.0; +http://www.baidu.com/search/spider.html)"
24.32.24.91 - - [22/Nov/2015:16:56:25 -0800] "GET /images/wsis-logo-sm.png HTTP/1.1" 200 6108 "http://www.thebackcountry.net/" "Mozilla/5.0 (iPhone; CPU iPhone OS 8_4_1 like Mac OS X) AppleWebKit/600.1.4 (KHTML, like Gecko) Version/8.0 Mobile/12H321 Safari/600.1.4"
220.181.108.157 - - [22/Nov/2015:16:58:02 -0800] "-" 408 0 "-" "-"
75.111.104.43 - - [22/Nov/2015:17:00:32 -0800] "GET /images/wsis-logo-sm.png HTTP/1.1" 200 6108 "http://www.thebackcountry.net/" "Mozilla/5.0 (iPad; CPU OS 8_3 like Mac OS X) AppleWebKit/600.1.4 (KHTML, like Gecko) Version/8.0 Mobile/12F69 Safari/600.1.4"
69.181.128.33 - - [22/Nov/2015:17:07:45 -0800] "GET /images/wsis-logo-sm.png HTTP/1.1" 200 6108 "http://www.thebackcountry.net/" "Mozilla/5.0 (Windows NT 6.1; WOW64) AppleWebKit/537.36 (KHTML, like Gecko) Chrome/46.0.2490.80 Safari/537.36"
71.155.145.139 - - [22/Nov/2015:17:09:24 -0800] "GET /images/wsis-logo-sm.png HTTP/1.1" 200 6108 "http://www.thebackcountry.net/" "Mozilla/5.0 (Linux; Android 5.0.1; SAMSUNG SCH-I545 4G Build/LRX22C) AppleWebKit/537.36 (KHTML, like Gecko) SamsungBrowser/2.1 Chrome/34.0.1847.76 Mobile Safari/537.36"
73.231.12.123 - - [22/Nov/2015:17:22:18 -0800] "GET /images/wsis-logo-sm.png HTTP/1.1" 200 6108 "http://www.thebackcountry.net/" "Mozilla/5.0 (Macintosh; Intel Mac OS X 10_9_5) AppleWebKit/537.36 (KHTML, like Gecko) Chrome/46.0.2490.80 Safari/537.36"
24.241.130.210 - - [22/Nov/2015:17:27:11 -0800] "GET /images/wsis-logo-sm.png HTTP/1.1" 200 6108 "http://www.thebackcountry.net/" "Mozilla/5.0 (Windows NT 6.1; rv:42.0) Gecko/20100101 Firefox/42.0"
170.75.162.130 - - [22/Nov/2015:17:37:01 -0800] "GET /lib/reccapi.php?resort=49degreesnorth HTTP/1.1" 200 974 "-" "node-superagent/0.18.2"
170.75.162.130 - - [22/Nov/2015:17:48:53 -0800] "GET /lib/reccapi.php?resort=schweitzer HTTP/1.1" 200 939 "-" "node-superagent/0.18.2"
108.248.180.53 - - [22/Nov/2015:17:50:04 -0800] "GET /images/wsis-logo-sm.png HTTP/1.1" 200 6108 "http://www.thebackcountry.net/" "Mozilla/5.0 (iPad; CPU OS 8_4 like Mac OS X) AppleWebKit/600.1.4 (KHTML, like Gecko) Version/8.0 Mobile/12H143 Safari/600.1.4"
220.181.108.148 - - [22/Nov/2015:17:53:35 -0800] "GET / HTTP/1.1" 200 2339 "-" "Mozilla/5.0 (Windows NT 5.1; rv:6.0.2) Gecko/20100101 Firefox/6.0.2"
180.76.15.151 - - [22/Nov/2015:17:53:49 -0800] "GET / HTTP/1.1" 200 6114 "-" "Mozilla/5.0 (compatible; Baiduspider/2.0; +http://www.baidu.com/search/spider.html)"
180.76.15.149 - - [22/Nov/2015:17:54:55 -0800] "GET / HTTP/1.1" 200 6114 "-" "Mozilla/5.0 (compatible; Baiduspider/2.0; +http://www.baidu.com/search/spider.html)"
24.182.23.214 - - [22/Nov/2015:18:07:06 -0800] "GET /images/wsis-logo-sm.png HTTP/1.1" 200 6108 "http://www.thebackcountry.net/" "Mozilla/5.0 (Macintosh; Intel Mac OS X 10_11_1) AppleWebKit/537.36 (KHTML, like Gecko) Chrome/46.0.2490.86 Safari/537.36"
24.182.23.214 - - [22/Nov/2015:18:08:13 -0800] "-" 408 0 "-" "-"
24.182.23.214 - - [22/Nov/2015:18:08:13 -0800] "-" 408 0 "-" "-"
24.182.23.214 - - [22/Nov/2015:18:08:14 -0800] "-" 408 0 "-" "-"
170.75.162.130 - - [22/Nov/2015:18:15:36 -0800] "GET /lib/reccapi.php?resort=snowbasin HTTP/1.1" 200 952 "-" "node-superagent/0.18.2"
170.75.162.130 - - [22/Nov/2015:18:21:17 -0800] "GET /lib/reccapi.php?resort=arapahoebasin HTTP/1.1" 200 996 "-" "node-superagent/0.18.2"
170.75.162.130 - - [22/Nov/2015:18:21:17 -0800] "GET /lib/reccapi.php?resort=canyons HTTP/1.1" 200 979 "-" "node-superagent/0.18.2"
170.75.162.130 - - [22/Nov/2015:18:21:17 -0800] "GET /lib/reccapi.php?resort=heavenly HTTP/1.1" 200 981 "-" "node-superagent/0.18.2"
170.75.162.130 - - [22/Nov/2015:18:21:17 -0800] "GET /lib/reccapi.php?resort=keystone HTTP/1.1" 200 967 "-" "node-superagent/0.18.2"
170.75.162.130 - - [22/Nov/2015:18:21:18 -0800] "GET /lib/reccapi.php?resort=northstar-at-tahoe HTTP/1.1" 200 955 "-" "node-superagent/0.18.2"
73.9.196.164 - - [22/Nov/2015:18:29:05 -0800] "GET /images/wsis-logo-sm.png HTTP/1.1" 200 6108 "http://www.thebackcountry.net/" "Mozilla/5.0 (iPad; CPU OS 9_1 like Mac OS X) AppleWebKit/601.1.46 (KHTML, like Gecko) Version/9.0 Mobile/13B143 Safari/601.1"
166.137.240.22 - - [22/Nov/2015:18:33:42 -0800] "GET /images/wsis-logo-sm.png HTTP/1.1" 200 6108 "http://www.thebackcountry.net/" "Mozilla/5.0 (Linux; Android 5.1.1; SAMSUNG-SM-G928A Build/LMY47X) AppleWebKit/537.36 (KHTML, like Gecko) SamsungBrowser/3.4 Chrome/38.0.2125.102 Mobile Safari/537.36"
170.75.162.130 - - [22/Nov/2015:18:34:59 -0800] "GET /lib/reccapi.php?resort=squawvalleyusa HTTP/1.1" 200 982 "-" "node-superagent/0.18.2"
123.125.71.75 - - [22/Nov/2015:18:41:50 -0800] "GET / HTTP/1.1" 200 2339 "-" "Mozilla/5.0 (Windows NT 5.1; rv:6.0.2) Gecko/20100101 Firefox/6.0.2"
123.125.71.80 - - [22/Nov/2015:18:41:51 -0800] "GET / HTTP/1.1" 200 6114 "-" "Mozilla/5.0 (Windows NT 5.1; rv:6.0.2) Gecko/20100101 Firefox/6.0.2"
162.239.0.92 - - [22/Nov/2015:18:48:07 -0800] "GET /images/wsis-logo-sm.png HTTP/1.1" 200 6108 "http://www.thebackcountry.net/" "Mozilla/5.0 (Macintosh; Intel Mac OS X 10.11; rv:42.0) Gecko/20100101 Firefox/42.0"
220.181.108.186 - - [22/Nov/2015:18:55:02 -0800] "GET / HTTP/1.1" 200 2339 "-" "Mozilla/5.0 (Windows NT 5.1; rv:6.0.2) Gecko/20100101 Firefox/6.0.2"
220.181.108.157 - - [22/Nov/2015:18:55:13 -0800] "GET / HTTP/1.1" 200 6114 "-" "Mozilla/5.0 (Windows NT 5.1; rv:6.0.2) Gecko/20100101 Firefox/6.0.2"
71.9.228.41 - - [22/Nov/2015:18:56:21 -0800] "GET /images/wsis-logo-sm.png HTTP/1.1" 200 6108 "http://www.thebackcountry.net/" "Mozilla/5.0 (Macintosh; Intel Mac OS X 10_7_5) AppleWebKit/537.78.2 (KHTML, like Gecko) Version/6.1.6 Safari/537.78.2"
66.239.61.184 - - [22/Nov/2015:19:00:56 -0800] "GET /images/wsis-logo-sm.png HTTP/1.1" 200 6108 "http://www.thebackcountry.net/" "Mozilla/5.0 (Macintosh; Intel Mac OS X 10_10_5) AppleWebKit/601.2.7 (KHTML, like Gecko) Version/9.0.1 Safari/601.2.7"
170.75.162.130 - - [22/Nov/2015:19:01:12 -0800] "GET /lib/reccapi.php?resort=redlodge HTTP/1.1" 200 1013 "-" "node-superagent/0.18.2"
104.192.0.226 - - [22/Nov/2015:19:06:47 -0800] "GET /util_gw.js HTTP/1.0" 404 519 "-" "-"
66.249.79.21 - - [22/Nov/2015:19:17:37 -0800] "GET /robots.txt HTTP/1.1" 200 419 "-" "Mozilla/5.0 (compatible; Googlebot/2.1; +http://www.google.com/bot.html)"
66.249.79.15 - - [22/Nov/2015:19:17:37 -0800] "GET / HTTP/1.1" 200 2376 "-" "Mozilla/5.0 (iPhone; CPU iPhone OS 8_3 like Mac OS X) AppleWebKit/600.1.4 (KHTML, like Gecko) Version/8.0 Mobile/12F70 Safari/600.1.4 (compatible; Googlebot/2.1; +http://www.google.com/bot.html)"
170.75.162.130 - - [22/Nov/2015:19:17:44 -0800] "GET /lib/reccapi.php?resort=aspenheights HTTP/1.1" 200 1001 "-" "node-superagent/0.18.2"
170.75.162.130 - - [22/Nov/2015:19:17:44 -0800] "GET /lib/reccapi.php?resort=aspenmountain HTTP/1.1" 200 990 "-" "node-superagent/0.18.2"
170.75.162.130 - - [22/Nov/2015:19:17:44 -0800] "GET /lib/reccapi.php?resort=buttermilk HTTP/1.1" 200 975 "-" "node-superagent/0.18.2"
170.75.162.130 - - [22/Nov/2015:19:17:44 -0800] "GET /lib/reccapi.php?resort=snowmass HTTP/1.1" 200 970 "-" "node-superagent/0.18.2"
75.5.252.14 - - [22/Nov/2015:19:28:41 -0800] "GET /images/wsis-logo-sm.png HTTP/1.1" 200 6108 "http://www.thebackcountry.net/" "Mozilla/5.0 (Macintosh; Intel Mac OS X 10_8_5) AppleWebKit/537.73.11 (KHTML, like Gecko) Version/6.1.1 Safari/537.73.11"
70.197.2.151 - - [22/Nov/2015:19:28:50 -0800] "GET /images/wsis-logo-sm.png HTTP/1.1" 200 6108 "http://www.thebackcountry.net/" "Mozilla/5.0 (Linux; Android 5.1; XT1254 Build/SU4TL-44) AppleWebKit/537.36 (KHTML, like Gecko) Chrome/46.0.2490.76 Mobile Safari/537.36"
66.249.79.18 - - [22/Nov/2015:19:29:34 -0800] "GET /bower_components/requirejs/require.js HTTP/1.1" 200 6702 "-" "Mozilla/5.0 (compatible; Googlebot/2.1; +http://www.google.com/bot.html)"
66.249.79.227 - - [22/Nov/2015:19:31:34 -0800] "GET /resorts?resort=northstar-at-tahoe&date=2012-12-29 HTTP/1.1" 404 506 "-" "Mozilla/5.0 (iPhone; CPU iPhone OS 8_3 like Mac OS X) AppleWebKit/600.1.4 (KHTML, like Gecko) Version/8.0 Mobile/12F70 Safari/600.1.4 (compatible; Googlebot/2.1; +http://www.google.com/bot.html)"
180.76.15.162 - - [22/Nov/2015:19:32:06 -0800] "GET / HTTP/1.1" 200 2339 "-" "Mozilla/5.0 (compatible; Baiduspider/2.0; +http://www.baidu.com/search/spider.html)"
170.75.162.130 - - [22/Nov/2015:19:37:17 -0800] "GET /lib/reccapi.php?resort=devilshead HTTP/1.1" 200 951 "-" "node-superagent/0.18.2"
123.125.71.106 - - [22/Nov/2015:19:41:35 -0800] "GET / HTTP/1.1" 200 2339 "-" "Mozilla/5.0 (Windows NT 5.1; rv:6.0.2) Gecko/20100101 Firefox/6.0.2"
123.125.71.80 - - [22/Nov/2015:19:41:37 -0800] "GET / HTTP/1.1" 200 6114 "-" "Mozilla/5.0 (Windows NT 5.1; rv:6.0.2) Gecko/20100101 Firefox/6.0.2"
180.76.15.24 - - [22/Nov/2015:19:44:10 -0800] "GET / HTTP/1.1" 200 6114 "-" "Mozilla/5.0 (compatible; Baiduspider/2.0; +http://www.baidu.com/search/spider.html)"
195.154.146.225 - - [22/Nov/2015:19:44:56 -0800] "HEAD /wp-content/ HTTP/" 404 182 "-" "Mozilla/4.0 (compatible; MSIE 6.0; Windows NT 5.1; SV1; .NET CLR 2.0.50727)"
180.76.15.150 - - [22/Nov/2015:19:45:08 -0800] "GET / HTTP/1.1" 200 6114 "-" "Mozilla/5.0 (compatible; Baiduspider/2.0; +http://www.baidu.com/search/spider.html)"
170.75.162.130 - - [22/Nov/2015:19:46:18 -0800] "GET /lib/reccapi.php?resort=mtrose HTTP/1.1" 200 959 "-" "node-superagent/0.18.2"
170.75.162.130 - - [22/Nov/2015:19:47:08 -0800] "GET /lib/reccapi.php?resort=taos HTTP/1.1" 200 952 "-" "node-superagent/0.18.2"
162.238.86.225 - - [22/Nov/2015:19:47:41 -0800] "GET /images/wsis-logo-sm.png HTTP/1.1" 200 6108 "http://www.thebackcountry.net/" "Mozilla/5.0 (Windows NT 6.1; WOW64; Trident/7.0; rv:11.0) like Gecko"
162.238.86.225 - - [22/Nov/2015:19:48:02 -0800] "-" 408 0 "-" "-"
220.181.108.155 - - [22/Nov/2015:19:54:38 -0800] "GET / HTTP/1.1" 200 2339 "-" "Mozilla/5.0 (Windows NT 5.1; rv:6.0.2) Gecko/20100101 Firefox/6.0.2"
220.181.108.176 - - [22/Nov/2015:19:54:39 -0800] "GET / HTTP/1.1" 200 6114 "-" "Mozilla/5.0 (Windows NT 5.1; rv:6.0.2) Gecko/20100101 Firefox/6.0.2"
73.158.109.109 - - [22/Nov/2015:19:54:58 -0800] "GET /images/wsis-logo-sm.png HTTP/1.1" 200 6108 "http://www.thebackcountry.net/" "Mozilla/5.0 (Macintosh; Intel Mac OS X 10_10_5) AppleWebKit/537.36 (KHTML, like Gecko) Chrome/43.0.2357.132 Safari/537.36"
107.167.102.122 - - [22/Nov/2015:19:55:52 -0800] "GET /images/wsis-logo-sm.png HTTP/1.1" 200 6108 "http://www.thebackcountry.net/" "Opera/9.80 (Android; Opera Mini/7.6.40234/37.7148; U; id) Presto/2.12.423 Version/12.16"
69.131.23.54 - - [22/Nov/2015:19:56:50 -0800] "GET /images/wsis-logo-sm.png HTTP/1.1" 200 6108 "http://www.thebackcountry.net/" "Mozilla/5.0 (Windows NT 6.0) AppleWebKit/537.36 (KHTML, like Gecko) Chrome/46.0.2490.86 Safari/537.36"
170.75.162.130 - - [22/Nov/2015:19:58:19 -0800] "GET /lib/reccapi.php?resort=mountspokane HTTP/1.1" 200 971 "-" "node-superagent/0.18.2"
50.152.168.89 - - [22/Nov/2015:20:06:30 -0800] "GET /images/wsis-logo-sm.png HTTP/1.1" 200 6108 "http://thebackcountry.net/" "Mozilla/5.0 (iPad; CPU OS 8_1_2 like Mac OS X) AppleWebKit/600.1.4 (KHTML, like Gecko) Version/8.0 Mobile/12B440 Safari/600.1.4"
70.15.68.139 - - [22/Nov/2015:20:08:25 -0800] "GET /images/wsis-logo-sm.png HTTP/1.1" 200 6108 "http://www.thebackcountry.net/" "Mozilla/5.0 (Windows NT 6.3; WOW64) AppleWebKit/537.36 (KHTML, like Gecko) Chrome/46.0.2490.86 Safari/537.36"
170.75.162.130 - - [22/Nov/2015:20:13:51 -0800] "GET /lib/reccapi.php?resort=whitefacemountain HTTP/1.1" 200 1032 "-" "node-superagent/0.18.2"
70.211.67.1 - - [22/Nov/2015:20:25:30 -0800] "GET /images/wsis-logo-sm.png HTTP/1.1" 200 6108 "http://thebackcountry.net/" "Mozilla/5.0 (iPhone; CPU iPhone OS 9_1 like Mac OS X) AppleWebKit/601.1.46 (KHTML, like Gecko) Version/9.0 Mobile/13B143 Safari/601.1"
170.75.162.130 - - [22/Nov/2015:20:37:34 -0800] "GET /lib/reccapi.php?resort=redmountain HTTP/1.1" 200 903 "-" "node-superagent/0.18.2"
170.75.162.130 - - [22/Nov/2015:20:37:54 -0800] "GET /lib/reccapi.php?resort=bigwhite HTTP/1.1" 200 913 "-" "node-superagent/0.18.2"
67.164.215.132 - - [22/Nov/2015:20:44:28 -0800] "GET /images/wsis-logo-sm.png HTTP/1.1" 200 6108 "http://www.thebackcountry.net/" "Mozilla/5.0 (Macintosh; Intel Mac OS X 10.9; rv:42.0) Gecko/20100101 Firefox/42.0"
50.131.23.16 - - [22/Nov/2015:20:45:07 -0800] "GET /images/wsis-logo-sm.png HTTP/1.1" 200 6108 "http://www.thebackcountry.net/" "Mozilla/5.0 (Macintosh; Intel Mac OS X 10_11_1) AppleWebKit/537.36 (KHTML, like Gecko) Chrome/45.0.2454.101 Safari/537.36"
180.76.15.33 - - [22/Nov/2015:20:47:21 -0800] "GET / HTTP/1.1" 200 6114 "-" "Mozilla/5.0 (compatible; Baiduspider/2.0; +http://www.baidu.com/search/spider.html)"
180.76.15.139 - - [22/Nov/2015:20:48:14 -0800] "GET / HTTP/1.1" 200 6114 "-" "Mozilla/5.0 (compatible; Baiduspider/2.0; +http://www.baidu.com/search/spider.html)"
170.75.162.130 - - [22/Nov/2015:20:49:55 -0800] "GET /lib/reccapi.php?resort=homewoodmountain HTTP/1.1" 200 985 "-" "node-superagent/0.18.2"
68.108.244.171 - - [22/Nov/2015:20:50:57 -0800] "GET /images/wsis-logo-sm.png HTTP/1.1" 200 6108 "http://www.thebackcountry.net/" "Mozilla/5.0 (Windows NT 6.3; WOW64) AppleWebKit/537.36 (KHTML, like Gecko) Chrome/46.0.2490.86 Safari/537.36"
170.75.162.130 - - [22/Nov/2015:20:54:36 -0800] "GET /lib/reccapi.php?resort=mountainhigh HTTP/1.1" 200 969 "-" "node-superagent/0.18.2"
170.75.162.130 - - [22/Nov/2015:20:57:26 -0800] "GET /lib/reccapi.php?resort=brighton HTTP/1.1" 200 952 "-" "node-superagent/0.18.2"
170.75.162.130 - - [22/Nov/2015:20:57:26 -0800] "GET /lib/reccapi.php?resort=alpinemeadows HTTP/1.1" 200 978 "-" "node-superagent/0.18.2"
170.75.162.130 - - [22/Nov/2015:20:58:26 -0800] "GET /lib/reccapi.php?resort=deervalley HTTP/1.1" 200 1011 "-" "node-superagent/0.18.2"
170.75.162.130 - - [22/Nov/2015:20:58:26 -0800] "GET /lib/reccapi.php?resort=hoodoo HTTP/1.1" 200 970 "-" "node-superagent/0.18.2"
170.75.162.130 - - [22/Nov/2015:20:58:27 -0800] "GET /lib/reccapi.php?resort=mountbachelor HTTP/1.1" 200 974 "-" "node-superagent/0.18.2"
170.75.162.130 - - [22/Nov/2015:20:58:27 -0800] "GET /lib/reccapi.php?resort=mounthoodmeadows HTTP/1.1" 200 983 "-" "node-superagent/0.18.2"
170.75.162.130 - - [22/Nov/2015:20:58:27 -0800] "GET /lib/reccapi.php?resort=snowbird HTTP/1.1" 200 952 "-" "node-superagent/0.18.2"
170.75.162.130 - - [22/Nov/2015:20:58:27 -0800] "GET /lib/reccapi.php?resort=sugarbowl HTTP/1.1" 200 949 "-" "node-superagent/0.18.2"
170.75.162.130 - - [22/Nov/2015:20:58:27 -0800] "GET /lib/reccapi.php?resort=winterpark HTTP/1.1" 200 980 "-" "node-superagent/0.18.2"
170.75.162.130 - - [22/Nov/2015:20:58:37 -0800] "GET /lib/reccapi.php?resort=chinapeak HTTP/1.1" 200 982 "-" "node-superagent/0.18.2"
170.75.162.130 - - [22/Nov/2015:20:58:47 -0800] "GET /lib/reccapi.php?resort=loveland HTTP/1.1" 200 979 "-" "node-superagent/0.18.2"
170.75.162.130 - - [22/Nov/2015:20:58:47 -0800] "GET /lib/reccapi.php?resort=mammothmountain HTTP/1.1" 200 971 "-" "node-superagent/0.18.2"
170.75.162.130 - - [22/Nov/2015:20:59:27 -0800] "GET /lib/reccapi.php?resort=monarch HTTP/1.1" 200 949 "-" "node-superagent/0.18.2"
170.75.162.130 - - [22/Nov/2015:20:59:47 -0800] "GET /lib/reccapi.php?resort=telluride HTTP/1.1" 200 980 "-" "node-superagent/0.18.2"
170.75.162.130 - - [22/Nov/2015:20:59:47 -0800] "GET /lib/reccapi.php?resort=sunpeaksresort HTTP/1.1" 200 917 "-" "node-superagent/0.18.2"
170.75.162.130 - - [22/Nov/2015:20:59:57 -0800] "GET /lib/reccapi.php?resort=whistlerblackcomb HTTP/1.1" 200 922 "-" "node-superagent/0.18.2"
170.75.162.130 - - [22/Nov/2015:21:00:07 -0800] "GET /lib/reccapi.php?resort=bigsky HTTP/1.1" 200 980 "-" "node-superagent/0.18.2"
170.75.162.130 - - [22/Nov/2015:21:00:07 -0800] "GET /lib/reccapi.php?resort=coppermountain HTTP/1.1" 200 984 "-" "node-superagent/0.18.2"
170.75.162.130 - - [22/Nov/2015:21:00:17 -0800] "GET /lib/reccapi.php?resort=crestedbutte HTTP/1.1" 200 978 "-" "node-superagent/0.18.2"
170.75.162.130 - - [22/Nov/2015:21:00:17 -0800] "GET /lib/reccapi.php?resort=silverstarmountain HTTP/1.1" 200 928 "-" "node-superagent/0.18.2"
170.75.162.130 - - [22/Nov/2015:21:00:27 -0800] "GET /lib/reccapi.php?resort=sunvalley HTTP/1.1" 200 1020 "-" "node-superagent/0.18.2"
170.75.162.130 - - [22/Nov/2015:21:00:37 -0800] "GET /lib/reccapi.php?resort=solitude HTTP/1.1" 200 943 "-" "node-superagent/0.18.2"
170.75.162.130 - - [22/Nov/2015:21:01:07 -0800] "GET /lib/reccapi.php?resort=diamondpeak HTTP/1.1" 200 933 "-" "node-superagent/0.18.2"
170.75.162.130 - - [22/Nov/2015:21:14:59 -0800] "GET /lib/reccapi.php?resort=kirkwood HTTP/1.1" 200 973 "-" "node-superagent/0.18.2"
123.125.71.75 - - [22/Nov/2015:21:45:47 -0800] "-" 408 0 "-" "-"
220.181.108.116 - - [22/Nov/2015:21:57:07 -0800] "-" 408 0 "-" "-"
195.154.226.90 - - [22/Nov/2015:22:21:56 -0800] "HEAD /wp-content/ HTTP/" 404 182 "-" "Mozilla/4.0 (compatible; MSIE 6.0; Windows NT 5.1; SV1; .NET CLR 2.0.50727)"
24.205.199.250 - - [22/Nov/2015:22:22:42 -0800] "GET /images/wsis-logo-sm.png HTTP/1.1" 200 6108 "http://www.thebackcountry.net/" "Mozilla/5.0 (iPhone; CPU iPhone OS 8_1 like Mac OS X) AppleWebKit/600.1.4 (KHTML, like Gecko) Version/8.0 Mobile/12B411 Safari/600.1.4"
185.49.14.190 - - [22/Nov/2015:22:29:16 -0800] "GET http://testp3.pospr.waw.pl/testproxy.php HTTP/1.1" 404 449 "-" "Mozilla/5.0 (Windows NT 5.1; rv:32.0) Gecko/20100101 Firefox/31.0"
170.75.162.130 - - [22/Nov/2015:22:30:48 -0800] "GET /lib/reccapi.php?resort=49degreesnorth HTTP/1.1" 200 975 "-" "node-superagent/0.18.2"
24.6.198.161 - - [22/Nov/2015:22:36:27 -0800] "GET /images/wsis-logo-sm.png HTTP/1.1" 200 6108 "http://www.thebackcountry.net/" "Mozilla/5.0 (iPhone; CPU iPhone OS 9_1 like Mac OS X) AppleWebKit/601.1.46 (KHTML, like Gecko) Version/9.0 Mobile/13B143 Safari/601.1"
73.235.208.34 - - [22/Nov/2015:22:40:35 -0800] "GET /images/wsis-logo-sm.png HTTP/1.1" 200 6108 "http://www.thebackcountry.net/" "Mozilla/5.0 (iPad; CPU OS 9_1 like Mac OS X) AppleWebKit/601.1.46 (KHTML, like Gecko) Version/9.0 Mobile/13B143 Safari/601.1"
180.76.15.149 - - [22/Nov/2015:22:41:07 -0800] "GET / HTTP/1.1" 200 6114 "-" "Mozilla/5.0 (compatible; Baiduspider/2.0; +http://www.baidu.com/search/spider.html)"
180.76.15.134 - - [22/Nov/2015:22:41:38 -0800] "GET / HTTP/1.1" 200 6114 "-" "Mozilla/5.0 (compatible; Baiduspider/2.0; +http://www.baidu.com/search/spider.html)"
170.75.162.130 - - [22/Nov/2015:22:47:21 -0800] "GET /lib/reccapi.php?resort=northstar-at-tahoe HTTP/1.1" 200 955 "-" "node-superagent/0.18.2"
123.125.71.78 - - [22/Nov/2015:22:49:17 -0800] "-" 408 0 "-" "-"
220.181.108.89 - - [22/Nov/2015:23:02:52 -0800] "-" 408 0 "-" "-"
98.237.136.218 - - [22/Nov/2015:23:15:48 -0800] "GET /images/wsis-logo-sm.png HTTP/1.1" 200 6108 "http://www.thebackcountry.net/" "Mozilla/5.0 (Macintosh; Intel Mac OS X 10_10_5) AppleWebKit/601.1.56 (KHTML, like Gecko) Version/9.0 Safari/601.1.56"
195.154.226.90 - - [22/Nov/2015:23:32:34 -0800] "HEAD /wp-content/ HTTP/" 404 182 "-" "Mozilla/4.0 (compatible; MSIE 6.0; Windows NT 5.1; SV1; .NET CLR 2.0.50727)"
207.242.141.51 - - [22/Nov/2015:23:40:43 -0800] "GET /images/wsis-logo-sm.png HTTP/1.1" 200 6108 "http://www.thebackcountry.net/" "Mozilla/5.0 (Windows NT 6.2; WOW64) AppleWebKit/537.36 (KHTML, like Gecko) Chrome/46.0.2490.86 Safari/537.36"
91.121.211.59 - - [22/Nov/2015:23:43:04 -0800] "GET /robots.txt HTTP/1.0" 200 338 "-" "Mozilla/5.0 (compatible; MJ12bot/v1.4.5; http://www.majestic12.co.uk/bot.php?+)"
91.121.211.59 - - [22/Nov/2015:23:43:06 -0800] "GET /resorts?resort=silverstarmountain HTTP/1.0" 404 495 "-" "Mozilla/5.0 (compatible; MJ12bot/v1.4.5; http://www.majestic12.co.uk/bot.php?+)"
123.125.71.82 - - [22/Nov/2015:23:49:59 -0800] "-" 408 0 "-" "-"
170.75.162.130 - - [23/Nov/2015:00:02:12 -0800] "GET /lib/reccapi.php?resort=crystalmountain HTTP/1.1" 200 1040 "-" "node-superagent/0.18.2"
123.125.71.106 - - [23/Nov/2015:00:04:09 -0800] "GET / HTTP/1.1" 200 2339 "-" "Mozilla/5.0 (compatible; Baiduspider/2.0; +http://www.baidu.com/search/spider.html)"
170.75.162.130 - - [23/Nov/2015:00:12:03 -0800] "GET /lib/reccapi.php?resort=steamboat HTTP/1.1" 200 968 "-" "node-superagent/0.18.2"
170.75.162.130 - - [23/Nov/2015:00:13:03 -0800] "GET /lib/reccapi.php?resort=angelfire HTTP/1.1" 200 965 "-" "node-superagent/0.18.2"
107.77.92.34 - - [23/Nov/2015:00:22:35 -0800] "GET /images/wsis-logo-sm.png HTTP/1.1" 200 6108 "http://www.thebackcountry.net/" "Mozilla/5.0 (iPhone; CPU iPhone OS 8_4 like Mac OS X) AppleWebKit/600.1.4 (KHTML, like Gecko) Version/8.0 Mobile/12H143 Safari/600.1.4"
170.75.162.130 - - [23/Nov/2015:00:37:06 -0800] "GET /lib/reccapi.php?resort=mtrose HTTP/1.1" 200 963 "-" "node-superagent/0.18.2"
170.75.162.130 - - [23/Nov/2015:00:40:56 -0800] "GET /lib/reccapi.php?resort=jaypeak HTTP/1.1" 200 996 "-" "node-superagent/0.18.2"
170.75.162.130 - - [23/Nov/2015:00:47:17 -0800] "GET /lib/reccapi.php?resort=brianhead HTTP/1.1" 200 969 "-" "node-superagent/0.18.2"
176.36.80.39 - - [23/Nov/2015:00:47:28 -0800] "GET /robots.txt HTTP/1.0" 200 375 "-" "Mozilla/5.0 (compatible; MJ12bot/v1.4.5; http://www.majestic12.co.uk/bot.php?+)"
176.36.80.39 - - [23/Nov/2015:00:47:31 -0800] "GET /resorts?resort=jacksonhole HTTP/1.1" 404 476 "-" "Mozilla/5.0 (compatible; MJ12bot/v1.4.5; http://www.majestic12.co.uk/bot.php?+)"
123.125.71.19 - - [23/Nov/2015:00:49:42 -0800] "-" 408 0 "-" "-"
180.76.15.21 - - [23/Nov/2015:00:57:10 -0800] "GET / HTTP/1.1" 200 6114 "-" "Mozilla/5.0 (compatible; Baiduspider/2.0; +http://www.baidu.com/search/spider.html)"
180.76.15.13 - - [23/Nov/2015:00:58:17 -0800] "GET / HTTP/1.1" 200 6114 "-" "Mozilla/5.0 (compatible; Baiduspider/2.0; +http://www.baidu.com/search/spider.html)"
207.46.13.42 - - [23/Nov/2015:01:20:07 -0800] "GET /robots.txt HTTP/1.1" 200 375 "-" "Mozilla/5.0 (compatible; bingbot/2.0; +http://www.bing.com/bingbot.htm)"
207.46.13.42 - - [23/Nov/2015:01:20:09 -0800] "GET / HTTP/1.1" 200 2376 "-" "Mozilla/5.0 (compatible; bingbot/2.0; +http://www.bing.com/bingbot.htm)"
170.75.162.130 - - [23/Nov/2015:01:21:23 -0800] "GET /lib/reccapi.php?resort=killington HTTP/1.1" 200 976 "-" "node-superagent/0.18.2"
170.75.162.130 - - [23/Nov/2015:01:21:23 -0800] "GET /lib/reccapi.php?resort=smugglersnotch HTTP/1.1" 200 957 "-" "node-superagent/0.18.2"
170.75.162.130 - - [23/Nov/2015:01:21:23 -0800] "GET /lib/reccapi.php?resort=stowe HTTP/1.1" 200 958 "-" "node-superagent/0.18.2"
170.75.162.130 - - [23/Nov/2015:01:21:23 -0800] "GET /lib/reccapi.php?resort=madriverglen HTTP/1.1" 200 978 "-" "node-superagent/0.18.2"
170.75.162.130 - - [23/Nov/2015:01:21:23 -0800] "GET /lib/reccapi.php?resort=sugarbush HTTP/1.1" 200 978 "-" "node-superagent/0.18.2"
170.75.162.130 - - [23/Nov/2015:01:22:33 -0800] "GET /lib/reccapi.php?resort=alyeska HTTP/1.1" 200 1039 "-" "node-superagent/0.18.2"
170.75.162.130 - - [23/Nov/2015:01:24:23 -0800] "GET /lib/reccapi.php?resort=sunpeaksresort HTTP/1.1" 200 920 "-" "node-superagent/0.18.2"
141.212.122.96 - - [23/Nov/2015:01:25:46 -0800] "CONNECT proxytest.zmap.io:80 HTTP/1.1" 405 541 "-" "Mozilla/5.0 zgrab/0.x"
170.75.162.130 - - [23/Nov/2015:01:30:14 -0800] "GET /lib/reccapi.php?resort=kirkwood HTTP/1.1" 200 1005 "-" "node-superagent/0.18.2"
170.75.162.130 - - [23/Nov/2015:01:33:34 -0800] "GET /lib/reccapi.php?resort=stevenspass HTTP/1.1" 200 1026 "-" "node-superagent/0.18.2"
170.75.162.130 - - [23/Nov/2015:01:38:05 -0800] "GET /lib/reccapi.php?resort=jacksonhole HTTP/1.1" 200 1010 "-" "node-superagent/0.18.2"
170.75.162.130 - - [23/Nov/2015:01:38:05 -0800] "GET /lib/reccapi.php?resort=grandtarghee HTTP/1.1" 200 1000 "-" "node-superagent/0.18.2"
123.125.71.113 - - [23/Nov/2015:01:49:09 -0800] "-" 408 0 "-" "-"
170.75.162.130 - - [23/Nov/2015:01:53:17 -0800] "GET /lib/reccapi.php?resort=wildcatmountain HTTP/1.1" 200 988 "-" "node-superagent/0.18.2"
170.75.162.130 - - [23/Nov/2015:01:54:57 -0800] "GET /lib/reccapi.php?resort=mountspokane HTTP/1.1" 200 1055 "-" "node-superagent/0.18.2"
220.181.108.83 - - [23/Nov/2015:01:59:32 -0800] "-" 408 0 "-" "-"
180.76.15.159 - - [23/Nov/2015:02:08:04 -0800] "GET / HTTP/1.1" 200 6114 "-" "Mozilla/5.0 (compatible; Baiduspider/2.0; +http://www.baidu.com/search/spider.html)"
180.76.15.9 - - [23/Nov/2015:02:09:39 -0800] "GET / HTTP/1.1" 200 6114 "-" "Mozilla/5.0 (compatible; Baiduspider/2.0; +http://www.baidu.com/search/spider.html)"
180.76.15.161 - - [23/Nov/2015:02:45:21 -0800] "GET / HTTP/1.1" 200 6114 "-" "Mozilla/5.0 (compatible; Baiduspider/2.0; +http://www.baidu.com/search/spider.html)"
180.76.15.152 - - [23/Nov/2015:02:46:07 -0800] "GET / HTTP/1.1" 200 6114 "-" "Mozilla/5.0 (compatible; Baiduspider/2.0; +http://www.baidu.com/search/spider.html)"
123.125.71.70 - - [23/Nov/2015:02:50:03 -0800] "-" 408 0 "-" "-"
23.29.134.4 - - [23/Nov/2015:02:52:18 -0800] "GET / HTTP/1.1" 200 2320 "http://www.earnyourturns.com/" "Scrapy/1.0.1 (+http://scrapy.org)"
220.181.108.121 - - [23/Nov/2015:03:02:38 -0800] "-" 408 0 "-" "-"
170.75.162.130 - - [23/Nov/2015:03:05:00 -0800] "GET /lib/reccapi.php?resort=arapahoebasin HTTP/1.1" 200 994 "-" "node-superagent/0.18.2"
170.75.162.130 - - [23/Nov/2015:03:13:00 -0800] "GET /lib/reccapi.php?resort=telluride HTTP/1.1" 200 975 "-" "node-superagent/0.18.2"
207.46.13.42 - - [23/Nov/2015:03:19:52 -0800] "GET /robots.txt HTTP/1.1" 200 375 "-" "Mozilla/5.0 (compatible; bingbot/2.0; +http://www.bing.com/bingbot.htm)"
207.46.13.42 - - [23/Nov/2015:03:19:54 -0800] "GET / HTTP/1.1" 200 2376 "-" "Mozilla/5.0 (compatible; bingbot/2.0; +http://www.bing.com/bingbot.htm)"
170.75.162.130 - - [23/Nov/2015:03:29:32 -0800] "GET /lib/reccapi.php?resort=bigwhite HTTP/1.1" 200 915 "-" "node-superagent/0.18.2"
170.75.162.130 - - [23/Nov/2015:03:29:32 -0800] "GET /lib/reccapi.php?resort=redmountain HTTP/1.1" 200 905 "-" "node-superagent/0.18.2"
170.75.162.130 - - [23/Nov/2015:03:29:32 -0800] "GET /lib/reccapi.php?resort=silverstarmountain HTTP/1.1" 200 933 "-" "node-superagent/0.18.2"
170.75.162.130 - - [23/Nov/2015:03:29:33 -0800] "GET /lib/reccapi.php?resort=whistlerblackcomb HTTP/1.1" 200 927 "-" "node-superagent/0.18.2"
170.75.162.130 - - [23/Nov/2015:03:35:23 -0800] "GET /lib/reccapi.php?resort=loveland HTTP/1.1" 200 975 "-" "node-superagent/0.18.2"
180.153.214.189 - - [23/Nov/2015:03:43:33 -0800] "GET / HTTP/1.1" 200 6114 "-" "Mozilla/5.0 (Linux; U; Android 4.4.2; zh-cn; GT-I9500 Build/KOT49H) AppleWebKit/537.36 (KHTML, like Gecko)Version/4.0 MQQBrowser/5.0 QQ-URL-Manager Mobile Safari/537.36"
170.75.162.130 - - [23/Nov/2015:03:49:15 -0800] "GET /lib/reccapi.php?resort=sierra-at-tahoe HTTP/1.1" 200 977 "-" "node-superagent/0.18.2"
123.125.71.106 - - [23/Nov/2015:03:49:28 -0800] "-" 408 0 "-" "-"
170.75.162.130 - - [23/Nov/2015:03:59:26 -0800] "GET /lib/reccapi.php?resort=parkcity HTTP/1.1" 200 979 "-" "node-superagent/0.18.2"
220.181.108.120 - - [23/Nov/2015:04:02:48 -0800] "-" 408 0 "-" "-"
180.153.214.189 - - [23/Nov/2015:04:07:30 -0800] "GET /scripts/scripts/vendor/modernizr.js HTTP/1.1" 200 11398 "http://whereshouldiski.com/scripts/scripts/vendor/modernizr.js" "Mozilla/5.0 (Linux; U; Android 4.4.2; zh-cn; GT-I9500 Build/KOT49H) AppleWebKit/537.36 (KHTML, like Gecko)Version/4.0 MQQBrowser/5.0 QQ-URL-Manager Mobile Safari/537.36"
180.153.214.189 - - [23/Nov/2015:04:07:30 -0800] "GET /bower_components/requirejs/require.js HTTP/1.1" 200 17147 "http://whereshouldiski.com/bower_components/requirejs/require.js" "Mozilla/5.0 (Linux; U; Android 4.4.2; zh-cn; GT-I9500 Build/KOT49H) AppleWebKit/537.36 (KHTML, like Gecko)Version/4.0 MQQBrowser/5.0 QQ-URL-Manager Mobile Safari/537.36"
170.75.162.130 - - [23/Nov/2015:04:09:07 -0800] "GET /lib/reccapi.php?resort=cannonmountain HTTP/1.1" 200 978 "-" "node-superagent/0.18.2"
170.75.162.130 - - [23/Nov/2015:04:09:37 -0800] "GET /lib/reccapi.php?resort=hoodoo HTTP/1.1" 200 1031 "-" "node-superagent/0.18.2"
91.200.12.139 - - [23/Nov/2015:04:18:19 -0800] "GET / HTTP/1.1" 200 6151 "-" "-"
91.200.12.139 - - [23/Nov/2015:04:18:20 -0800] "GET /xmlrpc.php HTTP/1.1" 404 476 "-" "-"
91.200.12.139 - - [23/Nov/2015:04:18:20 -0800] "HEAD /wp-login.php HTTP/1.1" 404 163 "-" "-"
180.76.15.17 - - [23/Nov/2015:04:21:26 -0800] "GET / HTTP/1.1" 200 6114 "-" "Mozilla/5.0 (compatible; Baiduspider/2.0; +http://www.baidu.com/search/spider.html)"
170.75.162.130 - - [23/Nov/2015:04:22:48 -0800] "GET /lib/reccapi.php?resort=sugarloaf HTTP/1.1" 200 963 "-" "node-superagent/0.18.2"
170.75.162.130 - - [23/Nov/2015:04:22:48 -0800] "GET /lib/reccapi.php?resort=alta HTTP/1.1" 200 953 "-" "node-superagent/0.18.2"
170.75.162.130 - - [23/Nov/2015:04:27:19 -0800] "GET /lib/reccapi.php?resort=sundayriver HTTP/1.1" 200 961 "-" "node-superagent/0.18.2"
75.148.6.211 - - [23/Nov/2015:04:32:57 -0800] "GET /images/wsis-logo-sm.png HTTP/1.1" 200 6108 "http://www.thebackcountry.net/" "Mozilla/5.0 (iPad; CPU OS 8_4 like Mac OS X) AppleWebKit/600.1.4 (KHTML, like Gecko) Version/8.0 Mobile/12H143 Safari/600.1.4"
180.76.15.156 - - [23/Nov/2015:04:39:44 -0800] "GET / HTTP/1.1" 200 6114 "-" "Mozilla/5.0 (compatible; Baiduspider/2.0; +http://www.baidu.com/search/spider.html)"
180.76.15.9 - - [23/Nov/2015:04:40:20 -0800] "GET / HTTP/1.1" 200 6114 "-" "Mozilla/5.0 (compatible; Baiduspider/2.0; +http://www.baidu.com/search/spider.html)"
170.75.162.130 - - [23/Nov/2015:04:42:21 -0800] "GET /lib/reccapi.php?resort=mountainhigh HTTP/1.1" 200 1022 "-" "node-superagent/0.18.2"
170.75.162.130 - - [23/Nov/2015:04:47:51 -0800] "GET /lib/reccapi.php?resort=alpinemeadows HTTP/1.1" 200 988 "-" "node-superagent/0.18.2"
170.75.162.130 - - [23/Nov/2015:04:54:52 -0800] "GET /lib/reccapi.php?resort=bigsky HTTP/1.1" 200 977 "-" "node-superagent/0.18.2"
170.75.162.130 - - [23/Nov/2015:04:54:52 -0800] "GET /lib/reccapi.php?resort=diamondpeak HTTP/1.1" 200 939 "-" "node-superagent/0.18.2"
170.75.162.130 - - [23/Nov/2015:04:54:52 -0800] "GET /lib/reccapi.php?resort=heavenly HTTP/1.1" 200 995 "-" "node-superagent/0.18.2"
170.75.162.130 - - [23/Nov/2015:04:54:52 -0800] "GET /lib/reccapi.php?resort=mountbachelor HTTP/1.1" 200 1073 "-" "node-superagent/0.18.2"
170.75.162.130 - - [23/Nov/2015:04:54:53 -0800] "GET /lib/reccapi.php?resort=mounthoodmeadows HTTP/1.1" 200 1066 "-" "node-superagent/0.18.2"
170.75.162.130 - - [23/Nov/2015:04:54:53 -0800] "GET /lib/reccapi.php?resort=mtrose HTTP/1.1" 200 963 "-" "node-superagent/0.18.2"
170.75.162.130 - - [23/Nov/2015:04:54:53 -0800] "GET /lib/reccapi.php?resort=redlodge HTTP/1.1" 200 1002 "-" "node-superagent/0.18.2"
170.75.162.130 - - [23/Nov/2015:04:55:02 -0800] "GET /lib/reccapi.php?resort=brianhead HTTP/1.1" 200 969 "-" "node-superagent/0.18.2"
170.75.162.130 - - [23/Nov/2015:04:55:02 -0800] "GET /lib/reccapi.php?resort=brighton HTTP/1.1" 200 959 "-" "node-superagent/0.18.2"
170.75.162.130 - - [23/Nov/2015:04:55:02 -0800] "GET /lib/reccapi.php?resort=canyons HTTP/1.1" 200 947 "-" "node-superagent/0.18.2"
170.75.162.130 - - [23/Nov/2015:04:55:02 -0800] "GET /lib/reccapi.php?resort=deervalley HTTP/1.1" 200 976 "-" "node-superagent/0.18.2"
170.75.162.130 - - [23/Nov/2015:04:55:03 -0800] "GET /lib/reccapi.php?resort=snowbasin HTTP/1.1" 200 958 "-" "node-superagent/0.18.2"
170.75.162.130 - - [23/Nov/2015:04:55:52 -0800] "GET /lib/reccapi.php?resort=snowbird HTTP/1.1" 200 959 "-" "node-superagent/0.18.2"
170.75.162.130 - - [23/Nov/2015:04:55:52 -0800] "GET /lib/reccapi.php?resort=solitude HTTP/1.1" 200 945 "-" "node-superagent/0.18.2"
180.76.15.8 - - [23/Nov/2015:05:04:45 -0800] "GET /resorts?resort=mounthoodmeadows HTTP/1.1" 404 469 "-" "Mozilla/5.0 (compatible; Baiduspider/2.0; +http://www.baidu.com/search/spider.html)"
72.229.114.126 - - [23/Nov/2015:05:10:20 -0800] "GET /images/wsis-logo-sm.png HTTP/1.1" 200 6108 "http://www.thebackcountry.net/" "Mozilla/5.0 (Macintosh; Intel Mac OS X 10.11; rv:41.0) Gecko/20100101 Firefox/41.0"
170.75.162.130 - - [23/Nov/2015:05:17:35 -0800] "GET /lib/reccapi.php?resort=chinapeak HTTP/1.1" 200 1007 "-" "node-superagent/0.18.2"
170.75.162.130 - - [23/Nov/2015:05:17:35 -0800] "GET /lib/reccapi.php?resort=homewoodmountain HTTP/1.1" 200 996 "-" "node-superagent/0.18.2"
170.75.162.130 - - [23/Nov/2015:05:17:35 -0800] "GET /lib/reccapi.php?resort=mammothmountain HTTP/1.1" 200 1006 "-" "node-superagent/0.18.2"
170.75.162.130 - - [23/Nov/2015:05:17:36 -0800] "GET /lib/reccapi.php?resort=northstar-at-tahoe HTTP/1.1" 200 960 "-" "node-superagent/0.18.2"
170.75.162.130 - - [23/Nov/2015:05:17:36 -0800] "GET /lib/reccapi.php?resort=squawvalleyusa HTTP/1.1" 200 995 "-" "node-superagent/0.18.2"
170.75.162.130 - - [23/Nov/2015:05:17:36 -0800] "GET /lib/reccapi.php?resort=sugarbowl HTTP/1.1" 200 956 "-" "node-superagent/0.18.2"
170.75.162.130 - - [23/Nov/2015:05:25:46 -0800] "GET /lib/reccapi.php?resort=aspenheights HTTP/1.1" 200 983 "-" "node-superagent/0.18.2"
170.75.162.130 - - [23/Nov/2015:05:25:46 -0800] "GET /lib/reccapi.php?resort=aspenmountain HTTP/1.1" 200 982 "-" "node-superagent/0.18.2"
170.75.162.130 - - [23/Nov/2015:05:25:46 -0800] "GET /lib/reccapi.php?resort=buttermilk HTTP/1.1" 200 955 "-" "node-superagent/0.18.2"
170.75.162.130 - - [23/Nov/2015:05:25:46 -0800] "GET /lib/reccapi.php?resort=coppermountain HTTP/1.1" 200 969 "-" "node-superagent/0.18.2"
170.75.162.130 - - [23/Nov/2015:05:25:46 -0800] "GET /lib/reccapi.php?resort=crestedbutte HTTP/1.1" 200 967 "-" "node-superagent/0.18.2"
170.75.162.130 - - [23/Nov/2015:05:25:46 -0800] "GET /lib/reccapi.php?resort=keystone HTTP/1.1" 200 970 "-" "node-superagent/0.18.2"
170.75.162.130 - - [23/Nov/2015:05:25:46 -0800] "GET /lib/reccapi.php?resort=monarch HTTP/1.1" 200 948 "-" "node-superagent/0.18.2"
170.75.162.130 - - [23/Nov/2015:05:25:47 -0800] "GET /lib/reccapi.php?resort=snowmass HTTP/1.1" 200 954 "-" "node-superagent/0.18.2"
170.75.162.130 - - [23/Nov/2015:05:25:47 -0800] "GET /lib/reccapi.php?resort=steamboat HTTP/1.1" 200 979 "-" "node-superagent/0.18.2"
170.75.162.130 - - [23/Nov/2015:05:25:47 -0800] "GET /lib/reccapi.php?resort=winterpark HTTP/1.1" 200 986 "-" "node-superagent/0.18.2"
152.26.177.25 - - [23/Nov/2015:05:30:56 -0800] "GET /images/wsis-logo-sm.png HTTP/1.1" 200 6108 "http://www.thebackcountry.net/" "Mozilla/5.0 (X11; CrOS armv7l 7390.68.0) AppleWebKit/537.36 (KHTML, like Gecko) Chrome/46.0.2490.82 Safari/537.36"
199.59.148.209 - - [23/Nov/2015:05:46:34 -0800] "GET /robots.txt HTTP/1.1" 200 363 "-" "Twitterbot/1.0"
199.59.148.211 - - [23/Nov/2015:05:46:34 -0800] "GET /robots.txt HTTP/1.1" 200 363 "-" "Twitterbot/1.0"
199.59.148.209 - - [23/Nov/2015:05:46:34 -0800] "GET / HTTP/1.1" 200 2320 "-" "Twitterbot/1.0"
199.59.148.211 - - [23/Nov/2015:05:46:34 -0800] "GET / HTTP/1.1" 200 2320 "-" "Twitterbot/1.0"
123.125.71.81 - - [23/Nov/2015:05:48:30 -0800] "-" 408 0 "-" "-"
170.75.162.130 - - [23/Nov/2015:05:48:59 -0800] "GET /lib/reccapi.php?resort=schweitzer HTTP/1.1" 200 1020 "-" "node-superagent/0.18.2"
180.76.15.11 - - [23/Nov/2015:05:50:19 -0800] "GET / HTTP/1.1" 200 6114 "-" "Mozilla/5.0 (compatible; Baiduspider/2.0; +http://www.baidu.com/search/spider.html)"
180.76.15.156 - - [23/Nov/2015:05:51:24 -0800] "GET / HTTP/1.1" 200 6114 "-" "Mozilla/5.0 (compatible; Baiduspider/2.0; +http://www.baidu.com/search/spider.html)"
45.35.71.181 - - [23/Nov/2015:05:51:25 -0800] "GET / HTTP/1.1" 200 2376 "-" "-"
195.154.227.118 - - [23/Nov/2015:05:52:17 -0800] "HEAD /wp-content/ HTTP/1.1" 404 163 "-" "Mozilla/4.0 (compatible; MSIE 6.0; Windows NT 5.1; SV1; .NET CLR 2.0.50727)"
220.181.108.103 - - [23/Nov/2015:05:59:31 -0800] "-" 408 0 "-" "-"
66.220.246.157 - - [23/Nov/2015:06:12:22 -0800] "GET /lib/reccapi.php?resort=alpinemeadows HTTP/1.1" 200 990 "-" "node-superagent/0.18.2"
66.220.246.157 - - [23/Nov/2015:06:12:22 -0800] "GET /lib/reccapi.php?resort=alyeska HTTP/1.1" 200 1039 "-" "node-superagent/0.18.2"
66.220.246.157 - - [23/Nov/2015:06:12:22 -0800] "GET /lib/reccapi.php?resort=49degreesnorth HTTP/1.1" 200 1047 "-" "node-superagent/0.18.2"
66.220.246.157 - - [23/Nov/2015:06:12:22 -0800] "GET /lib/reccapi.php?resort=aspenheights HTTP/1.1" 200 983 "-" "node-superagent/0.18.2"
66.220.246.157 - - [23/Nov/2015:06:12:22 -0800] "GET /lib/reccapi.php?resort=bigwhite HTTP/1.1" 200 917 "-" "node-superagent/0.18.2"
66.220.246.157 - - [23/Nov/2015:06:12:22 -0800] "GET /lib/reccapi.php?resort=arapahoebasin HTTP/1.1" 200 985 "-" "node-superagent/0.18.2"
66.220.246.157 - - [23/Nov/2015:06:12:22 -0800] "GET /lib/reccapi.php?resort=angelfire HTTP/1.1" 200 966 "-" "node-superagent/0.18.2"
66.220.246.157 - - [23/Nov/2015:06:12:22 -0800] "GET /lib/reccapi.php?resort=aspenmountain HTTP/1.1" 200 982 "-" "node-superagent/0.18.2"
66.220.246.157 - - [23/Nov/2015:06:12:22 -0800] "GET /lib/reccapi.php?resort=bigsky HTTP/1.1" 200 979 "-" "node-superagent/0.18.2"
66.220.246.157 - - [23/Nov/2015:06:12:22 -0800] "GET /lib/reccapi.php?resort=alta HTTP/1.1" 200 949 "-" "node-superagent/0.18.2"
66.220.246.157 - - [23/Nov/2015:06:12:22 -0800] "GET /lib/reccapi.php?resort=brianhead HTTP/1.1" 200 988 "-" "node-superagent/0.18.2"
66.220.246.157 - - [23/Nov/2015:06:12:22 -0800] "GET /lib/reccapi.php?resort=brighton HTTP/1.1" 200 958 "-" "node-superagent/0.18.2"
127.0.0.1 - - [23/Nov/2015:06:12:23 -0800] "OPTIONS * HTTP/1.0" 200 126 "-" "Apache/2.2.22 (Ubuntu) (internal dummy connection)"
66.220.246.157 - - [23/Nov/2015:06:13:21 -0800] "GET /lib/reccapi.php?resort=keystone HTTP/1.1" 200 970 "-" "node-superagent/0.18.2"
66.220.246.157 - - [23/Nov/2015:06:13:21 -0800] "GET /lib/reccapi.php?resort=heavenly HTTP/1.1" 200 998 "-" "node-superagent/0.18.2"
66.220.246.157 - - [23/Nov/2015:06:13:21 -0800] "GET /lib/reccapi.php?resort=homewoodmountain HTTP/1.1" 200 996 "-" "node-superagent/0.18.2"
66.220.246.157 - - [23/Nov/2015:06:13:21 -0800] "GET /lib/reccapi.php?resort=crystalmountain HTTP/1.1" 200 1037 "-" "node-superagent/0.18.2"
66.220.246.157 - - [23/Nov/2015:06:13:21 -0800] "GET /lib/reccapi.php?resort=deervalley HTTP/1.1" 200 996 "-" "node-superagent/0.18.2"
66.220.246.157 - - [23/Nov/2015:06:13:21 -0800] "GET /lib/reccapi.php?resort=killington HTTP/1.1" 200 957 "-" "node-superagent/0.18.2"
66.220.246.157 - - [23/Nov/2015:06:13:21 -0800] "GET /lib/reccapi.php?resort=jaypeak HTTP/1.1" 200 972 "-" "node-superagent/0.18.2"
66.220.246.157 - - [23/Nov/2015:06:13:21 -0800] "GET /lib/reccapi.php?resort=devilshead HTTP/1.1" 200 948 "-" "node-superagent/0.18.2"
66.220.246.157 - - [23/Nov/2015:06:13:21 -0800] "GET /lib/reccapi.php?resort=coppermountain HTTP/1.1" 200 969 "-" "node-superagent/0.18.2"
66.220.246.157 - - [23/Nov/2015:06:13:21 -0800] "GET /lib/reccapi.php?resort=diamondpeak HTTP/1.1" 200 939 "-" "node-superagent/0.18.2"
66.220.246.157 - - [23/Nov/2015:06:13:21 -0800] "GET /lib/reccapi.php?resort=mammothmountain HTTP/1.1" 200 1006 "-" "node-superagent/0.18.2"
66.220.246.157 - - [23/Nov/2015:06:13:22 -0800] "GET /lib/reccapi.php?resort=parkcity HTTP/1.1" 200 984 "-" "node-superagent/0.18.2"
66.220.246.157 - - [23/Nov/2015:06:13:27 -0800] "GET /lib/reccapi.php?resort=grandtarghee HTTP/1.1" 200 978 "-" "node-superagent/0.18.2"
66.220.246.157 - - [23/Nov/2015:06:13:32 -0800] "GET /lib/reccapi.php?resort=hoodoo HTTP/1.1" 200 995 "-" "node-superagent/0.18.2"
66.220.246.157 - - [23/Nov/2015:06:13:37 -0800] "GET /lib/reccapi.php?resort=jacksonhole HTTP/1.1" 200 961 "-" "node-superagent/0.18.2"
66.220.246.157 - - [23/Nov/2015:06:13:42 -0800] "GET /lib/reccapi.php?resort=kirkwood HTTP/1.1" 200 1002 "-" "node-superagent/0.18.2"
66.220.246.157 - - [23/Nov/2015:06:13:47 -0800] "GET /lib/reccapi.php?resort=loveland HTTP/1.1" 200 960 "-" "node-superagent/0.18.2"
66.220.246.157 - - [23/Nov/2015:06:13:52 -0800] "GET /lib/reccapi.php?resort=madriverglen HTTP/1.1" 200 977 "-" "node-superagent/0.18.2"
66.220.246.157 - - [23/Nov/2015:06:13:57 -0800] "GET /lib/reccapi.php?resort=monarch HTTP/1.1" 200 948 "-" "node-superagent/0.18.2"
66.220.246.157 - - [23/Nov/2015:06:14:02 -0800] "GET /lib/reccapi.php?resort=mountainhigh HTTP/1.1" 200 1014 "-" "node-superagent/0.18.2"
66.220.246.157 - - [23/Nov/2015:06:14:07 -0800] "GET /lib/reccapi.php?resort=chinapeak HTTP/1.1" 200 1007 "-" "node-superagent/0.18.2"
66.220.246.157 - - [23/Nov/2015:06:14:12 -0800] "GET /lib/reccapi.php?resort=mtrose HTTP/1.1" 200 959 "-" "node-superagent/0.18.2"
66.220.246.157 - - [23/Nov/2015:06:14:17 -0800] "GET /lib/reccapi.php?resort=smugglersnotch HTTP/1.1" 200 958 "-" "node-superagent/0.18.2"
66.220.246.157 - - [23/Nov/2015:06:15:52 -0800] "GET /lib/reccapi.php?resort=buttermilk HTTP/1.1" 200 955 "-" "node-superagent/0.18.2"
66.220.246.157 - - [23/Nov/2015:06:15:52 -0800] "GET /lib/reccapi.php?resort=cannonmountain HTTP/1.1" 200 990 "-" "node-superagent/0.18.2"
66.220.246.157 - - [23/Nov/2015:06:15:52 -0800] "GET /lib/reccapi.php?resort=canyons HTTP/1.1" 200 965 "-" "node-superagent/0.18.2"
66.220.246.157 - - [23/Nov/2015:06:15:52 -0800] "GET /lib/reccapi.php?resort=crestedbutte HTTP/1.1" 200 967 "-" "node-superagent/0.18.2"
66.220.246.157 - - [23/Nov/2015:06:15:52 -0800] "GET /lib/reccapi.php?resort=mountbachelor HTTP/1.1" 200 1080 "-" "node-superagent/0.18.2"
66.220.246.157 - - [23/Nov/2015:06:15:52 -0800] "GET /lib/reccapi.php?resort=mountspokane HTTP/1.1" 200 1045 "-" "node-superagent/0.18.2"
66.220.246.157 - - [23/Nov/2015:06:15:52 -0800] "GET /lib/reccapi.php?resort=northstar-at-tahoe HTTP/1.1" 200 960 "-" "node-superagent/0.18.2"
66.220.246.157 - - [23/Nov/2015:06:15:52 -0800] "GET /lib/reccapi.php?resort=mounthoodmeadows HTTP/1.1" 200 1003 "-" "node-superagent/0.18.2"
66.220.246.157 - - [23/Nov/2015:06:15:52 -0800] "GET /lib/reccapi.php?resort=sierra-at-tahoe HTTP/1.1" 200 980 "-" "node-superagent/0.18.2"
66.220.246.157 - - [23/Nov/2015:06:15:52 -0800] "GET /lib/reccapi.php?resort=schweitzer HTTP/1.1" 200 1020 "-" "node-superagent/0.18.2"
66.220.246.157 - - [23/Nov/2015:06:15:52 -0800] "GET /lib/reccapi.php?resort=redmountain HTTP/1.1" 200 904 "-" "node-superagent/0.18.2"
66.220.246.157 - - [23/Nov/2015:06:15:52 -0800] "GET /lib/reccapi.php?resort=redlodge HTTP/1.1" 200 1001 "-" "node-superagent/0.18.2"
66.220.246.157 - - [23/Nov/2015:06:21:01 -0800] "GET /lib/reccapi.php?resort=stevenspass HTTP/1.1" 200 1051 "-" "node-superagent/0.18.2"
66.220.246.157 - - [23/Nov/2015:06:21:01 -0800] "GET /lib/reccapi.php?resort=squawvalleyusa HTTP/1.1" 200 995 "-" "node-superagent/0.18.2"
66.220.246.157 - - [23/Nov/2015:06:21:01 -0800] "GET /lib/reccapi.php?resort=snowmass HTTP/1.1" 200 954 "-" "node-superagent/0.18.2"
66.220.246.157 - - [23/Nov/2015:06:21:01 -0800] "GET /lib/reccapi.php?resort=steamboat HTTP/1.1" 200 979 "-" "node-superagent/0.18.2"
