24.32.24.145 - - [08/May/2015:10:15:11 -0700] "GET /images/wsis-logo-sm.png HTTP/1.1" 200 6108 "http://www.thebackcountry.net/" "Mozilla/5.0 (Windows NT 6.3; WOW64; Trident/7.0; Touch; rv:11.0) like Gecko"
24.32.24.145 - - [08/May/2015:10:15:32 -0700] "-" 408 0 "-" "-"
170.75.162.130 - - [08/May/2015:10:20:22 -0700] "GET /lib/reccapi.php?resort=buttermilk HTTP/1.1" 200 1020 "-" "node-superagent/0.18.2"
170.75.162.130 - - [08/May/2015:10:21:58 -0700] "GET /lib/reccapi.php?resort=squawvalleyusa HTTP/1.1" 200 1109 "-" "node-superagent/0.18.2"
24.205.204.209 - - [08/May/2015:10:23:11 -0700] "GET /images/wsis-logo-sm.png HTTP/1.1" 200 6108 "http://www.thebackcountry.net/" "Mozilla/5.0 (Macintosh; Intel Mac OS X 10_6_8) AppleWebKit/534.59.10 (KHTML, like Gecko) Version/5.1.9 Safari/534.59.10"
199.21.99.216 - - [08/May/2015:10:24:54 -0700] "GET /robots.txt HTTP/1.1" 200 375 "-" "Mozilla/5.0 (compatible; YandexBot/3.0; +http://yandex.com/bots)"
100.43.91.4 - - [08/May/2015:10:24:54 -0700] "GET /robots.txt HTTP/1.1" 200 375 "-" "Mozilla/5.0 (compatible; YandexBot/3.0; +http://yandex.com/bots)"
100.43.91.4 - - [08/May/2015:10:24:55 -0700] "GET / HTTP/1.1" 200 2375 "-" "Mozilla/5.0 (compatible; YandexBot/3.0; +http://yandex.com/bots)"
199.21.99.216 - - [08/May/2015:10:24:56 -0700] "GET / HTTP/1.1" 200 2375 "-" "Mozilla/5.0 (compatible; YandexBot/3.0; +http://yandex.com/bots)"
100.43.91.4 - - [08/May/2015:10:24:56 -0700] "GET / HTTP/1.1" 200 2375 "-" "Mozilla/5.0 (compatible; YandexBot/3.0; +http://yandex.com/bots)"
100.43.91.4 - - [08/May/2015:10:25:01 -0700] "GET / HTTP/1.1" 200 2375 "-" "Mozilla/5.0 (compatible; YandexBot/3.0; +http://yandex.com/bots)"
100.43.91.4 - - [08/May/2015:10:25:01 -0700] "GET / HTTP/1.1" 200 2375 "-" "Mozilla/5.0 (compatible; YandexBot/3.0; +http://yandex.com/bots)"
199.21.99.216 - - [08/May/2015:10:25:01 -0700] "GET / HTTP/1.1" 200 2376 "-" "Mozilla/5.0 (compatible; YandexBot/3.0; +http://yandex.com/bots)"
170.75.162.130 - - [08/May/2015:10:50:40 -0700] "GET /lib/reccapi.php?resort=crestedbutte HTTP/1.1" 200 1056 "-" "node-superagent/0.18.2"
170.75.162.130 - - [08/May/2015:10:52:00 -0700] "GET /lib/reccapi.php?resort=mtrose HTTP/1.1" 200 1060 "-" "node-superagent/0.18.2"
170.75.162.130 - - [08/May/2015:10:52:10 -0700] "GET /lib/reccapi.php?resort=mountspokane HTTP/1.1" 200 983 "-" "node-superagent/0.18.2"
170.75.162.130 - - [08/May/2015:10:52:10 -0700] "GET /lib/reccapi.php?resort=49degreesnorth HTTP/1.1" 200 982 "-" "node-superagent/0.18.2"
170.75.162.130 - - [08/May/2015:10:58:41 -0700] "GET /lib/reccapi.php?resort=loveland HTTP/1.1" 200 1083 "-" "node-superagent/0.18.2"
123.125.71.28 - - [08/May/2015:11:04:21 -0700] "GET / HTTP/1.1" 200 2339 "-" "Mozilla/5.0 (Windows NT 5.1; rv:6.0.2) Gecko/20100101 Firefox/6.0.2"
123.125.71.56 - - [08/May/2015:11:05:19 -0700] "GET / HTTP/1.1" 200 6114 "-" "Mozilla/5.0 (Windows NT 5.1; rv:6.0.2) Gecko/20100101 Firefox/6.0.2"
50.242.98.205 - - [08/May/2015:11:07:42 -0700] "GET /images/wsis-logo-sm.png HTTP/1.0" 200 6108 "http://www.thebackcountry.net/" "Mozilla/5.0 (Macintosh; Intel Mac OS X 10_10_3) AppleWebKit/600.5.17 (KHTML, like Gecko) Version/8.0.6 Safari/600.6.3"
220.181.108.173 - - [08/May/2015:11:08:04 -0700] "-" 408 0 "-" "-"
170.75.162.130 - - [08/May/2015:11:12:12 -0700] "GET /lib/reccapi.php?resort=mammothmountain HTTP/1.1" 200 1107 "-" "node-superagent/0.18.2"
108.233.162.33 - - [08/May/2015:11:14:00 -0700] "GET /images/wsis-logo-sm.png HTTP/1.1" 200 6108 "http://thebackcountry.net/" "Mozilla/5.0 (Windows NT 6.1) AppleWebKit/537.36 (KHTML, like Gecko) Chrome/42.0.2311.135 Safari/537.36"
170.75.162.130 - - [08/May/2015:11:19:33 -0700] "GET /lib/reccapi.php?resort=alyeska HTTP/1.1" 200 999 "-" "node-superagent/0.18.2"
208.115.113.83 - - [08/May/2015:11:22:47 -0700] "GET /resorts?resort=crestedbutte&date=2014-06-20 HTTP/1.1" 404 476 "-" "Mozilla/5.0 (compatible; DotBot/1.1; http://www.opensiteexplorer.org/dotbot, help@moz.com)"
208.115.113.83 - - [08/May/2015:11:22:54 -0700] "GET /resorts?resort=stevenspass&date=2014-10-24 HTTP/1.1" 404 476 "-" "Mozilla/5.0 (compatible; DotBot/1.1; http://www.opensiteexplorer.org/dotbot, help@moz.com)"
208.115.113.83 - - [08/May/2015:11:22:55 -0700] "GET /resorts?resort=wildcatmountain&date=2014-07-01 HTTP/1.1" 404 476 "-" "Mozilla/5.0 (compatible; DotBot/1.1; http://www.opensiteexplorer.org/dotbot, help@moz.com)"
208.115.113.83 - - [08/May/2015:11:22:57 -0700] "GET /resorts?resort=northstar-at-tahoe&date=2014-06-07 HTTP/1.1" 404 476 "-" "Mozilla/5.0 (compatible; DotBot/1.1; http://www.opensiteexplorer.org/dotbot, help@moz.com)"
208.115.113.83 - - [08/May/2015:11:23:00 -0700] "GET /resorts?resort=killington&date=2014-10-11 HTTP/1.1" 404 476 "-" "Mozilla/5.0 (compatible; DotBot/1.1; http://www.opensiteexplorer.org/dotbot, help@moz.com)"
208.115.113.83 - - [08/May/2015:11:23:01 -0700] "GET /resorts?resort=alta&date=2014-06-24 HTTP/1.1" 404 476 "-" "Mozilla/5.0 (compatible; DotBot/1.1; http://www.opensiteexplorer.org/dotbot, help@moz.com)"
204.115.126.6 - - [08/May/2015:11:23:03 -0700] "GET /images/wsis-logo-sm.png HTTP/1.1" 200 6108 "http://www.thebackcountry.net/" "Mozilla/5.0 (Macintosh; Intel Mac OS X 10_9_5) AppleWebKit/537.36 (KHTML, like Gecko) Chrome/42.0.2311.135 Safari/537.36"
208.115.113.83 - - [08/May/2015:11:23:05 -0700] "GET /resorts?resort=arizonasnowbowl&date=2014-06-13 HTTP/1.1" 404 476 "-" "Mozilla/5.0 (compatible; DotBot/1.1; http://www.opensiteexplorer.org/dotbot, help@moz.com)"
71.212.23.230 - - [08/May/2015:11:25:35 -0700] "GET /images/wsis-logo-sm.png HTTP/1.1" 200 6108 "http://www.thebackcountry.net/" "Mozilla/5.0 (Windows NT 6.3; WOW64; Trident/7.0; rv:11.0) like Gecko"
71.212.23.230 - - [08/May/2015:11:25:56 -0700] "-" 408 0 "-" "-"
71.212.23.230 - - [08/May/2015:11:28:43 -0700] "-" 408 0 "-" "-"
170.75.162.130 - - [08/May/2015:11:31:34 -0700] "GET /lib/reccapi.php?resort=madriverglen HTTP/1.1" 200 968 "-" "node-superagent/0.18.2"
170.75.162.130 - - [08/May/2015:11:32:54 -0700] "GET /lib/reccapi.php?resort=aspenheights HTTP/1.1" 200 1018 "-" "node-superagent/0.18.2"
170.75.162.130 - - [08/May/2015:11:33:04 -0700] "GET /lib/reccapi.php?resort=redmountain HTTP/1.1" 200 899 "-" "node-superagent/0.18.2"
170.75.162.130 - - [08/May/2015:11:35:04 -0700] "GET /lib/reccapi.php?resort=schweitzer HTTP/1.1" 200 962 "-" "node-superagent/0.18.2"
170.75.162.130 - - [08/May/2015:11:35:04 -0700] "GET /lib/reccapi.php?resort=winterpark HTTP/1.1" 200 1104 "-" "node-superagent/0.18.2"
170.75.162.130 - - [08/May/2015:11:35:04 -0700] "GET /lib/reccapi.php?resort=monarch HTTP/1.1" 200 1089 "-" "node-superagent/0.18.2"
170.75.162.130 - - [08/May/2015:11:35:04 -0700] "GET /lib/reccapi.php?resort=coppermountain HTTP/1.1" 200 1119 "-" "node-superagent/0.18.2"
170.75.162.130 - - [08/May/2015:11:35:04 -0700] "GET /lib/reccapi.php?resort=snowmass HTTP/1.1" 200 1049 "-" "node-superagent/0.18.2"
202.46.51.52 - - [08/May/2015:11:43:47 -0700] "GET /resorts?resort=mountainhigh&date=2014-04-21 HTTP/1.1" 404 472 "-" "Mozilla/5.0 (Windows NT 6.1; WOW64) AppleWebKit/537.36 (KHTML, like Gecko) Chrome/36.0.1985.125 Safari/537.36"
170.75.162.130 - - [08/May/2015:11:46:55 -0700] "GET /lib/reccapi.php?resort=diamondpeak HTTP/1.1" 200 1049 "-" "node-superagent/0.18.2"
170.75.162.130 - - [08/May/2015:11:46:55 -0700] "GET /lib/reccapi.php?resort=heavenly HTTP/1.1" 200 1108 "-" "node-superagent/0.18.2"
170.75.162.130 - - [08/May/2015:11:48:45 -0700] "GET /lib/reccapi.php?resort=taos HTTP/1.1" 200 971 "-" "node-superagent/0.18.2"
170.75.162.130 - - [08/May/2015:11:48:45 -0700] "GET /lib/reccapi.php?resort=angelfire HTTP/1.1" 200 1029 "-" "node-superagent/0.18.2"
208.115.113.83 - - [08/May/2015:11:52:15 -0700] "GET /resorts?resort=blacktailmountain&date=2014-10-03 HTTP/1.1" 404 476 "-" "Mozilla/5.0 (compatible; DotBot/1.1; http://www.opensiteexplorer.org/dotbot, help@moz.com)"
208.115.113.83 - - [08/May/2015:11:52:16 -0700] "GET /resorts?resort=bogusbasin&date=2014-11-01 HTTP/1.1" 404 476 "-" "Mozilla/5.0 (compatible; DotBot/1.1; http://www.opensiteexplorer.org/dotbot, help@moz.com)"
208.115.113.83 - - [08/May/2015:11:52:17 -0700] "GET /resorts?resort=canyons&date=2014-11-12 HTTP/1.1" 404 476 "-" "Mozilla/5.0 (compatible; DotBot/1.1; http://www.opensiteexplorer.org/dotbot, help@moz.com)"
208.115.113.83 - - [08/May/2015:11:52:18 -0700] "GET /resorts?resort=chinapeak&date=2014-10-16 HTTP/1.1" 404 476 "-" "Mozilla/5.0 (compatible; DotBot/1.1; http://www.opensiteexplorer.org/dotbot, help@moz.com)"
208.115.113.83 - - [08/May/2015:11:52:19 -0700] "GET /resorts?resort=coppermountain&date=2014-09-27 HTTP/1.1" 404 476 "-" "Mozilla/5.0 (compatible; DotBot/1.1; http://www.opensiteexplorer.org/dotbot, help@moz.com)"
208.115.113.83 - - [08/May/2015:11:52:19 -0700] "GET /resorts?resort=huntermountain&date=2014-10-16 HTTP/1.1" 404 476 "-" "Mozilla/5.0 (compatible; DotBot/1.1; http://www.opensiteexplorer.org/dotbot, help@moz.com)"
208.115.113.83 - - [08/May/2015:11:52:20 -0700] "GET /resorts?resort=louploupskibowl&date=2014-10-22 HTTP/1.1" 404 476 "-" "Mozilla/5.0 (compatible; DotBot/1.1; http://www.opensiteexplorer.org/dotbot, help@moz.com)"
208.115.113.83 - - [08/May/2015:11:52:30 -0700] "GET /resorts?resort=montanasnowbowl&date=2014-09-28 HTTP/1.1" 404 476 "-" "Mozilla/5.0 (compatible; DotBot/1.1; http://www.opensiteexplorer.org/dotbot, help@moz.com)"
208.115.113.83 - - [08/May/2015:11:52:31 -0700] "GET /resorts?resort=mountbohemia&date=2014-10-06 HTTP/1.1" 404 476 "-" "Mozilla/5.0 (compatible; DotBot/1.1; http://www.opensiteexplorer.org/dotbot, help@moz.com)"
208.115.113.83 - - [08/May/2015:11:52:31 -0700] "GET /resorts?resort=mountspokane&date=2014-11-15 HTTP/1.1" 404 476 "-" "Mozilla/5.0 (compatible; DotBot/1.1; http://www.opensiteexplorer.org/dotbot, help@moz.com)"
208.115.113.83 - - [08/May/2015:11:52:32 -0700] "GET /resorts?resort=sandiapeak&date=2014-10-05 HTTP/1.1" 404 476 "-" "Mozilla/5.0 (compatible; DotBot/1.1; http://www.opensiteexplorer.org/dotbot, help@moz.com)"
208.115.113.83 - - [08/May/2015:11:52:33 -0700] "GET /resorts?resort=silverstarmountain&date=2014-07-03 HTTP/1.1" 404 476 "-" "Mozilla/5.0 (compatible; DotBot/1.1; http://www.opensiteexplorer.org/dotbot, help@moz.com)"
208.115.113.83 - - [08/May/2015:11:52:34 -0700] "GET /resorts?resort=silverton&date=2014-06-05 HTTP/1.1" 404 476 "-" "Mozilla/5.0 (compatible; DotBot/1.1; http://www.opensiteexplorer.org/dotbot, help@moz.com)"
208.115.113.83 - - [08/May/2015:11:52:36 -0700] "GET /resorts?resort=soldiermountain&date=2014-10-09 HTTP/1.1" 404 476 "-" "Mozilla/5.0 (compatible; DotBot/1.1; http://www.opensiteexplorer.org/dotbot, help@moz.com)"
208.115.113.83 - - [08/May/2015:11:52:37 -0700] "GET /resorts?resort=tamarack&date=2014-06-26 HTTP/1.1" 404 476 "-" "Mozilla/5.0 (compatible; DotBot/1.1; http://www.opensiteexplorer.org/dotbot, help@moz.com)"
208.115.113.83 - - [08/May/2015:11:52:38 -0700] "GET /resorts?resort=whitefacemountain&date=2014-09-27 HTTP/1.1" 404 476 "-" "Mozilla/5.0 (compatible; DotBot/1.1; http://www.opensiteexplorer.org/dotbot, help@moz.com)"
180.76.4.88 - - [08/May/2015:11:53:15 -0700] "GET / HTTP/1.1" 200 6114 "-" "Mozilla/4.0 (compatible; MSIE 7.0; Windows NT 6.0)"
216.178.109.85 - - [08/May/2015:11:53:23 -0700] "GET /images/wsis-logo-sm.png HTTP/1.1" 200 6108 "http://thebackcountry.net/" "Mozilla/5.0 (Windows NT 6.1; WOW64) AppleWebKit/537.36 (KHTML, like Gecko) Chrome/42.0.2311.135 Safari/537.36"
170.75.162.130 - - [08/May/2015:11:53:46 -0700] "GET /lib/reccapi.php?resort=snowbasin HTTP/1.1" 200 1066 "-" "node-superagent/0.18.2"
170.75.162.130 - - [08/May/2015:11:53:46 -0700] "GET /lib/reccapi.php?resort=brighton HTTP/1.1" 200 1053 "-" "node-superagent/0.18.2"
205.189.94.12 - - [08/May/2015:12:07:19 -0700] "GET /images/wsis-logo-sm.png HTTP/1.1" 200 6108 "http://www.thebackcountry.net/" "Mozilla/5.0 (Windows NT 6.1; WOW64) AppleWebKit/537.36 (KHTML, like Gecko) Chrome/36.0.1985.125 Safari/537.36"
170.75.162.130 - - [08/May/2015:12:10:17 -0700] "GET /lib/reccapi.php?resort=chinapeak HTTP/1.1" 200 1100 "-" "node-superagent/0.18.2"
170.75.162.130 - - [08/May/2015:12:12:37 -0700] "GET /lib/reccapi.php?resort=killington HTTP/1.1" 200 971 "-" "node-superagent/0.18.2"
170.75.162.130 - - [08/May/2015:12:13:08 -0700] "GET /lib/reccapi.php?resort=grandtarghee HTTP/1.1" 200 1098 "-" "node-superagent/0.18.2"
170.75.162.130 - - [08/May/2015:12:13:08 -0700] "GET /lib/reccapi.php?resort=jacksonhole HTTP/1.1" 200 1085 "-" "node-superagent/0.18.2"
123.125.71.89 - - [08/May/2015:12:13:23 -0700] "-" 408 0 "-" "-"
220.181.108.145 - - [08/May/2015:12:17:44 -0700] "-" 408 0 "-" "-"
170.75.162.130 - - [08/May/2015:12:17:58 -0700] "GET /lib/reccapi.php?resort=whistlerblackcomb HTTP/1.1" 200 926 "-" "node-superagent/0.18.2"
46.119.123.165 - - [08/May/2015:12:30:50 -0700] "GET /admin/FCKeditor/editor/filemanager/upload/php/upload.php HTTP/1.0" 404 495 "WHERESHOULDISKI.com/admin/FCKeditor/editor/filemanager/upload/php/upload.php" "Mozilla/5.0 (Windows NT 6.1) AppleWebKit/537.36 (KHTML, like Gecko) Chrome/37.0.2062.124 YaBrowser/14.10.2062.12521 Safari/537.36"
46.119.123.165 - - [08/May/2015:12:30:50 -0700] "GET /admin/FCKeditor/editor/filemanager/upload/php/upload.phpindex.php HTTP/1.0" 404 495 "WHERESHOULDISKI.com/admin/FCKeditor/editor/filemanager/upload/php/upload.phpindex.php" "Mozilla/5.0 (Windows NT 6.3; WOW64) AppleWebKit/537.36 (KHTML, like Gecko) Chrome/37.0.2062.124 YaBrowser/14.10.2062.12061 Safari/537.36"
75.164.238.186 - - [08/May/2015:12:39:13 -0700] "GET /images/wsis-logo-sm.png HTTP/1.1" 200 6108 "http://www.thebackcountry.net/" "Mozilla/5.0 (Windows NT 6.1; WOW64) AppleWebKit/537.36 (KHTML, like Gecko) Chrome/42.0.2311.135 Safari/537.36"
170.75.162.130 - - [08/May/2015:12:46:21 -0700] "GET /lib/reccapi.php?resort=alpinemeadows HTTP/1.1" 200 1094 "-" "node-superagent/0.18.2"
170.75.162.130 - - [08/May/2015:12:46:21 -0700] "GET /lib/reccapi.php?resort=sierra-at-tahoe HTTP/1.1" 200 1101 "-" "node-superagent/0.18.2"
170.75.162.130 - - [08/May/2015:12:46:21 -0700] "GET /lib/reccapi.php?resort=sugarbowl HTTP/1.1" 200 1104 "-" "node-superagent/0.18.2"
170.75.162.130 - - [08/May/2015:12:46:21 -0700] "GET /lib/reccapi.php?resort=northstar-at-tahoe HTTP/1.1" 200 1069 "-" "node-superagent/0.18.2"
170.75.162.130 - - [08/May/2015:12:48:51 -0700] "GET /lib/reccapi.php?resort=mountainhigh HTTP/1.1" 200 1088 "-" "node-superagent/0.18.2"
166.216.157.107 - - [08/May/2015:13:03:18 -0700] "GET /images/wsis-logo-sm.png HTTP/1.1" 200 6108 "http://www.thebackcountry.net/" "Mozilla/5.0 (iPad; CPU OS 8_3 like Mac OS X) AppleWebKit/600.1.4 (KHTML, like Gecko) Version/8.0 Mobile/12F69 Safari/600.1.4"
123.125.71.92 - - [08/May/2015:13:11:56 -0700] "-" 408 0 "-" "-"
170.75.162.130 - - [08/May/2015:13:14:03 -0700] "GET /lib/reccapi.php?resort=sugarloaf HTTP/1.1" 200 949 "-" "node-superagent/0.18.2"
220.181.108.178 - - [08/May/2015:13:17:54 -0700] "GET / HTTP/1.1" 200 2339 "-" "Mozilla/5.0 (Windows NT 5.1; rv:6.0.2) Gecko/20100101 Firefox/6.0.2"
220.181.108.170 - - [08/May/2015:13:18:59 -0700] "-" 408 0 "-" "-"
24.121.147.108 - - [08/May/2015:13:47:21 -0700] "GET /images/wsis-logo-sm.png HTTP/1.1" 200 6108 "http://www.thebackcountry.net/" "Mozilla/5.0 (Macintosh; Intel Mac OS X 10_7_5) AppleWebKit/537.36 (KHTML, like Gecko) Chrome/42.0.2311.135 Safari/537.36"
207.140.47.227 - - [08/May/2015:13:54:41 -0700] "GET /images/wsis-logo-sm.png HTTP/1.1" 200 6108 "http://www.thebackcountry.net/" "Mozilla/5.0 (Windows NT 6.1; WOW64; rv:37.0) Gecko/20100101 Firefox/37.0"
180.76.4.212 - - [08/May/2015:13:59:14 -0700] "GET / HTTP/1.1" 200 6114 "-" "Mozilla/4.0 (compatible; MSIE 7.0; Windows NT 6.0)"
123.125.71.96 - - [08/May/2015:14:07:40 -0700] "-" 408 0 "-" "-"
208.115.113.83 - - [08/May/2015:14:08:19 -0700] "GET /robots.txt HTTP/1.1" 200 319 "-" "Mozilla/5.0 (compatible; DotBot/1.1; http://www.opensiteexplorer.org/dotbot, help@moz.com)"
220.181.108.84 - - [08/May/2015:14:14:37 -0700] "-" 408 0 "-" "-"
168.94.245.16 - - [08/May/2015:14:19:44 -0700] "GET /favicon.ico HTTP/1.1" 304 186 "-" "Mozilla/4.0 (compatible;)"
216.31.243.162 - - [08/May/2015:14:34:05 -0700] "GET /images/wsis-logo-sm.png HTTP/1.1" 200 6108 "http://www.thebackcountry.net/" "Mozilla/5.0 (Windows NT 6.1) AppleWebKit/537.36 (KHTML, like Gecko) Chrome/42.0.2311.135 Safari/537.36"
157.55.39.242 - - [08/May/2015:14:36:42 -0700] "GET /robots.txt HTTP/1.1" 200 375 "-" "Mozilla/5.0 (compatible; bingbot/2.0; +http://www.bing.com/bingbot.htm)"
157.55.39.242 - - [08/May/2015:14:36:55 -0700] "GET /blog HTTP/1.1" 404 506 "-" "Mozilla/5.0 (compatible; bingbot/2.0; +http://www.bing.com/bingbot.htm)"
157.55.39.147 - - [08/May/2015:14:37:25 -0700] "GET /blog/11-2012-2013-powder-rating-visualization HTTP/1.1" 404 506 "-" "Mozilla/5.0 (compatible; bingbot/2.0; +http://www.bing.com/bingbot.htm)"
157.55.39.147 - - [08/May/2015:14:37:25 -0700] "GET / HTTP/1.1" 200 2375 "-" "Mozilla/5.0 (compatible; bingbot/2.0; +http://www.bing.com/bingbot.htm)"
157.55.39.147 - - [08/May/2015:14:37:25 -0700] "GET /viz/2012-2013-viz.php HTTP/1.1" 404 505 "-" "Mozilla/5.0 (compatible; bingbot/2.0; +http://www.bing.com/bingbot.htm)"
170.75.162.130 - - [08/May/2015:14:39:31 -0700] "GET /lib/reccapi.php?resort=buttermilk HTTP/1.1" 200 1020 "-" "node-superagent/0.18.2"
209.63.237.92 - - [08/May/2015:14:46:25 -0700] "GET /images/wsis-logo-sm.png HTTP/1.1" 200 6108 "http://www.thebackcountry.net/" "Mozilla/5.0 (Windows NT 6.1; WOW64; Trident/7.0; rv:11.0) like Gecko"
209.63.237.92 - - [08/May/2015:14:46:46 -0700] "-" 408 0 "-" "-"
170.75.162.130 - - [08/May/2015:14:47:11 -0700] "GET /lib/reccapi.php?resort=bigwhite HTTP/1.1" 200 918 "-" "node-superagent/0.18.2"
170.75.162.130 - - [08/May/2015:14:47:12 -0700] "GET /lib/reccapi.php?resort=sunpeaksresort HTTP/1.1" 200 912 "-" "node-superagent/0.18.2"
209.63.237.92 - - [08/May/2015:14:48:36 -0700] "-" 408 0 "-" "-"
72.47.126.90 - - [08/May/2015:14:54:32 -0700] "GET /images/wsis-logo-sm.png HTTP/1.1" 200 6108 "http://www.thebackcountry.net/" "Mozilla/5.0 (Macintosh; Intel Mac OS X 10_10_3) AppleWebKit/537.36 (KHTML, like Gecko) Chrome/42.0.2311.135 Safari/537.36"
69.230.102.209 - - [08/May/2015:15:00:04 -0700] "GET /images/wsis-logo-sm.png HTTP/1.1" 200 6108 "http://www.thebackcountry.net/" "Mozilla/5.0 (Windows NT 6.1; WOW64; Trident/7.0; rv:11.0) like Gecko"
69.230.102.209 - - [08/May/2015:15:00:26 -0700] "-" 408 0 "-" "-"
123.125.71.53 - - [08/May/2015:15:07:58 -0700] "-" 408 0 "-" "-"
99.113.212.232 - - [08/May/2015:15:08:07 -0700] "GET /images/wsis-logo-sm.png HTTP/1.1" 200 6108 "http://www.thebackcountry.net/" "Mozilla/5.0 (Windows NT 6.1; WOW64) AppleWebKit/537.36 (KHTML, like Gecko) Chrome/42.0.2311.135 Safari/537.36"
50.152.197.254 - - [08/May/2015:15:11:06 -0700] "GET /images/wsis-logo-sm.png HTTP/1.1" 200 6108 "http://www.thebackcountry.net/" "Mozilla/5.0 (Windows NT 6.1; WOW64) AppleWebKit/537.36 (KHTML, like Gecko) Chrome/42.0.2311.135 Safari/537.36"
220.181.108.161 - - [08/May/2015:15:13:34 -0700] "-" 408 0 "-" "-"
208.115.113.83 - - [08/May/2015:15:22:46 -0700] "GET /resorts?resort=homewoodmountain&date=2014-06-18 HTTP/1.1" 404 476 "-" "Mozilla/5.0 (compatible; DotBot/1.1; http://www.opensiteexplorer.org/dotbot, help@moz.com)"
208.115.113.83 - - [08/May/2015:15:22:48 -0700] "GET /resorts?resort=madriverglen&date=2014-07-01 HTTP/1.1" 404 476 "-" "Mozilla/5.0 (compatible; DotBot/1.1; http://www.opensiteexplorer.org/dotbot, help@moz.com)"
208.115.113.83 - - [08/May/2015:15:22:50 -0700] "GET /resorts?resort=stevenspass&date=2014-06-18 HTTP/1.1" 404 476 "-" "Mozilla/5.0 (compatible; DotBot/1.1; http://www.opensiteexplorer.org/dotbot, help@moz.com)"
208.115.113.83 - - [08/May/2015:15:22:52 -0700] "GET /resorts?resort=whitewater&date=2014-06-26 HTTP/1.1" 404 476 "-" "Mozilla/5.0 (compatible; DotBot/1.1; http://www.opensiteexplorer.org/dotbot, help@moz.com)"
208.115.113.83 - - [08/May/2015:15:22:53 -0700] "GET /resorts?resort=sierra-at-tahoe&date=2014-11-17 HTTP/1.1" 404 476 "-" "Mozilla/5.0 (compatible; DotBot/1.1; http://www.opensiteexplorer.org/dotbot, help@moz.com)"
208.115.113.83 - - [08/May/2015:15:22:56 -0700] "GET /resorts?resort=jacksonhole&date=2014-06-30 HTTP/1.1" 404 476 "-" "Mozilla/5.0 (compatible; DotBot/1.1; http://www.opensiteexplorer.org/dotbot, help@moz.com)"
208.115.113.83 - - [08/May/2015:15:22:57 -0700] "GET /resorts?resort=alta&date=2014-06-19 HTTP/1.1" 404 476 "-" "Mozilla/5.0 (compatible; DotBot/1.1; http://www.opensiteexplorer.org/dotbot, help@moz.com)"
208.115.113.83 - - [08/May/2015:15:22:58 -0700] "GET /resorts?resort=loveland&date=2014-06-28 HTTP/1.1" 404 476 "-" "Mozilla/5.0 (compatible; DotBot/1.1; http://www.opensiteexplorer.org/dotbot, help@moz.com)"
208.115.113.83 - - [08/May/2015:15:22:59 -0700] "GET /resorts?resort=snowbasin&date=2014-11-21 HTTP/1.1" 404 476 "-" "Mozilla/5.0 (compatible; DotBot/1.1; http://www.opensiteexplorer.org/dotbot, help@moz.com)"
170.75.162.130 - - [08/May/2015:15:43:37 -0700] "GET /lib/reccapi.php?resort=hoodoo HTTP/1.1" 200 951 "-" "node-superagent/0.18.2"
208.115.113.83 - - [08/May/2015:15:47:10 -0700] "GET /resorts?resort=alpenglow&date=2014-10-02 HTTP/1.1" 404 476 "-" "Mozilla/5.0 (compatible; DotBot/1.1; http://www.opensiteexplorer.org/dotbot, help@moz.com)"
208.115.113.83 - - [08/May/2015:15:47:10 -0700] "GET /resorts?resort=alyeska&date=2014-10-19 HTTP/1.1" 404 476 "-" "Mozilla/5.0 (compatible; DotBot/1.1; http://www.opensiteexplorer.org/dotbot, help@moz.com)"
208.115.113.83 - - [08/May/2015:15:47:11 -0700] "GET /resorts?resort=angelfire&date=2014-06-27 HTTP/1.1" 404 476 "-" "Mozilla/5.0 (compatible; DotBot/1.1; http://www.opensiteexplorer.org/dotbot, help@moz.com)"
208.115.113.83 - - [08/May/2015:15:47:12 -0700] "GET /resorts?resort=arizonasnowbowl&date=2014-10-14 HTTP/1.1" 404 476 "-" "Mozilla/5.0 (compatible; DotBot/1.1; http://www.opensiteexplorer.org/dotbot, help@moz.com)"
208.115.113.83 - - [08/May/2015:15:47:17 -0700] "GET /resorts?resort=aspenheights&date=2014-11-03 HTTP/1.1" 404 476 "-" "Mozilla/5.0 (compatible; DotBot/1.1; http://www.opensiteexplorer.org/dotbot, help@moz.com)"
208.115.113.83 - - [08/May/2015:15:47:18 -0700] "GET /resorts?resort=belleayre&date=2014-10-18 HTTP/1.1" 404 476 "-" "Mozilla/5.0 (compatible; DotBot/1.1; http://www.opensiteexplorer.org/dotbot, help@moz.com)"
208.115.113.83 - - [08/May/2015:15:47:19 -0700] "GET /resorts?resort=bigsky&date=2014-06-15 HTTP/1.1" 404 476 "-" "Mozilla/5.0 (compatible; DotBot/1.1; http://www.opensiteexplorer.org/dotbot, help@moz.com)"
208.115.113.83 - - [08/May/2015:15:47:19 -0700] "GET /resorts?resort=bigwhite&date=2014-06-12 HTTP/1.1" 404 476 "-" "Mozilla/5.0 (compatible; DotBot/1.1; http://www.opensiteexplorer.org/dotbot, help@moz.com)"
208.115.113.83 - - [08/May/2015:15:47:20 -0700] "GET /resorts?resort=bigwhite&date=2014-11-12 HTTP/1.1" 404 476 "-" "Mozilla/5.0 (compatible; DotBot/1.1; http://www.opensiteexplorer.org/dotbot, help@moz.com)"
208.115.113.83 - - [08/May/2015:15:47:22 -0700] "GET /resorts?resort=bogusbasin&date=2014-06-14 HTTP/1.1" 404 476 "-" "Mozilla/5.0 (compatible; DotBot/1.1; http://www.opensiteexplorer.org/dotbot, help@moz.com)"
208.115.113.83 - - [08/May/2015:15:47:23 -0700] "GET /resorts?resort=brianhead&date=2014-10-06 HTTP/1.1" 404 476 "-" "Mozilla/5.0 (compatible; DotBot/1.1; http://www.opensiteexplorer.org/dotbot, help@moz.com)"
208.115.113.83 - - [08/May/2015:15:47:24 -0700] "GET /resorts?resort=buttermilk&date=2014-07-04 HTTP/1.1" 404 476 "-" "Mozilla/5.0 (compatible; DotBot/1.1; http://www.opensiteexplorer.org/dotbot, help@moz.com)"
208.115.113.83 - - [08/May/2015:15:47:24 -0700] "GET /resorts?resort=cannonmountain&date=2014-10-15 HTTP/1.1" 404 476 "-" "Mozilla/5.0 (compatible; DotBot/1.1; http://www.opensiteexplorer.org/dotbot, help@moz.com)"
208.115.113.83 - - [08/May/2015:15:47:25 -0700] "GET /resorts?resort=catamount&date=2014-06-12 HTTP/1.1" 404 476 "-" "Mozilla/5.0 (compatible; DotBot/1.1; http://www.opensiteexplorer.org/dotbot, help@moz.com)"
208.115.113.83 - - [08/May/2015:15:47:26 -0700] "GET /resorts?resort=diamondpeak&date=2014-10-06 HTTP/1.1" 404 476 "-" "Mozilla/5.0 (compatible; DotBot/1.1; http://www.opensiteexplorer.org/dotbot, help@moz.com)"
208.115.113.83 - - [08/May/2015:15:47:26 -0700] "GET /resorts?resort=elkridge&date=2014-09-30 HTTP/1.1" 404 476 "-" "Mozilla/5.0 (compatible; DotBot/1.1; http://www.opensiteexplorer.org/dotbot, help@moz.com)"
208.115.113.83 - - [08/May/2015:15:47:27 -0700] "GET /resorts?resort=marquette&date=2014-06-09 HTTP/1.1" 404 476 "-" "Mozilla/5.0 (compatible; DotBot/1.1; http://www.opensiteexplorer.org/dotbot, help@moz.com)"
208.115.113.83 - - [08/May/2015:15:47:28 -0700] "GET /resorts?resort=mounthoodskibowl&date=2014-06-06 HTTP/1.1" 404 476 "-" "Mozilla/5.0 (compatible; DotBot/1.1; http://www.opensiteexplorer.org/dotbot, help@moz.com)"
208.115.113.83 - - [08/May/2015:15:47:28 -0700] "GET /resorts?resort=redriver&date=2014-06-17 HTTP/1.1" 404 476 "-" "Mozilla/5.0 (compatible; DotBot/1.1; http://www.opensiteexplorer.org/dotbot, help@moz.com)"
208.115.113.83 - - [08/May/2015:15:47:29 -0700] "GET /resorts?resort=skisantafe&date=2014-06-11 HTTP/1.1" 404 476 "-" "Mozilla/5.0 (compatible; DotBot/1.1; http://www.opensiteexplorer.org/dotbot, help@moz.com)"
208.115.113.83 - - [08/May/2015:15:47:29 -0700] "GET /resorts?resort=smugglersnotch&date=2014-10-01 HTTP/1.1" 404 476 "-" "Mozilla/5.0 (compatible; DotBot/1.1; http://www.opensiteexplorer.org/dotbot, help@moz.com)"
208.115.113.83 - - [08/May/2015:15:47:30 -0700] "GET /resorts?resort=snowking&date=2014-10-02 HTTP/1.1" 404 476 "-" "Mozilla/5.0 (compatible; DotBot/1.1; http://www.opensiteexplorer.org/dotbot, help@moz.com)"
208.115.113.83 - - [08/May/2015:15:47:31 -0700] "GET /resorts?resort=sunpeaksresort&date=2014-07-02 HTTP/1.1" 404 476 "-" "Mozilla/5.0 (compatible; DotBot/1.1; http://www.opensiteexplorer.org/dotbot, help@moz.com)"
208.115.113.83 - - [08/May/2015:15:47:32 -0700] "GET /resorts?resort=taos&date=2014-09-28 HTTP/1.1" 404 476 "-" "Mozilla/5.0 (compatible; DotBot/1.1; http://www.opensiteexplorer.org/dotbot, help@moz.com)"
208.115.113.83 - - [08/May/2015:15:47:32 -0700] "GET /resorts?resort=wolfcreek&date=2014-11-04 HTTP/1.1" 404 476 "-" "Mozilla/5.0 (compatible; DotBot/1.1; http://www.opensiteexplorer.org/dotbot, help@moz.com)"
123.125.71.70 - - [08/May/2015:15:52:09 -0700] "-" 408 0 "-" "-"
220.181.108.144 - - [08/May/2015:15:57:36 -0700] "GET / HTTP/1.1" 200 2339 "-" "Mozilla/5.0 (Windows NT 5.1; rv:6.0.2) Gecko/20100101 Firefox/6.0.2"
220.181.108.176 - - [08/May/2015:15:58:50 -0700] "-" 408 0 "-" "-"
180.76.4.193 - - [08/May/2015:15:59:01 -0700] "GET / HTTP/1.1" 200 6114 "-" "Mozilla/4.0 (compatible; MSIE 7.0; Windows NT 6.0)"
208.115.111.66 - - [08/May/2015:16:06:56 -0700] "GET /robots.txt HTTP/1.1" 200 319 "-" "Mozilla/5.0 (compatible; DotBot/1.1; http://www.opensiteexplorer.org/dotbot, help@moz.com)"
170.75.162.130 - - [08/May/2015:16:18:40 -0700] "GET /lib/reccapi.php?resort=snowbird HTTP/1.1" 200 1062 "-" "node-superagent/0.18.2"
170.75.162.130 - - [08/May/2015:16:22:10 -0700] "GET /lib/reccapi.php?resort=redlodge HTTP/1.1" 200 1066 "-" "node-superagent/0.18.2"
182.118.45.250 - - [08/May/2015:16:22:36 -0700] "GET / HTTP/1.1" 200 2320 "-" "Mozilla/5.0 (Macintosh; Intel Mac OS X 10_10_1) AppleWebKit/537.36 (KHTML, like Gecko) Chrome/41.0.2251.0 Safari/537.36"
170.75.162.130 - - [08/May/2015:16:25:10 -0700] "GET /lib/reccapi.php?resort=deervalley HTTP/1.1" 200 1102 "-" "node-superagent/0.18.2"
123.125.71.72 - - [08/May/2015:16:47:36 -0700] "-" 408 0 "-" "-"
23.92.26.73 - - [08/May/2015:16:48:18 -0700] "GET   / HTTP/1.1" 200 6114 "http://www.domain2008.com/domains/www.whereshouldiski.com" "Mozilla/5.0 (compatible; MSIE 9.0; Windows NT 6.1; WOW64; Trident/5.0)"
170.75.162.130 - - [08/May/2015:16:49:32 -0700] "GET /lib/reccapi.php?resort=mounthoodmeadows HTTP/1.1" 200 982 "-" "node-superagent/0.18.2"
157.55.39.148 - - [08/May/2015:16:50:58 -0700] "GET /images/wsis-logo-sm.png HTTP/1.1" 200 6108 "-" "msnbot-media/1.1 (+http://search.msn.com/msnbot.htm)"
220.181.108.155 - - [08/May/2015:16:52:19 -0700] "-" 408 0 "-" "-"
180.76.6.14 - - [08/May/2015:16:57:12 -0700] "GET /robots.txt HTTP/1.1" 200 382 "-" "Mozilla/5.0 (Windows NT 5.1; rv:6.0.2) Gecko/20100101 Firefox/6.0.2"
170.75.162.130 - - [08/May/2015:17:06:54 -0700] "GET /lib/reccapi.php?resort=telluride HTTP/1.1" 200 1028 "-" "node-superagent/0.18.2"
170.75.162.130 - - [08/May/2015:17:22:05 -0700] "GET /lib/reccapi.php?resort=snowmass HTTP/1.1" 200 1052 "-" "node-superagent/0.18.2"
208.115.111.66 - - [08/May/2015:17:22:42 -0700] "GET /resorts?resort=mtrose HTTP/1.1" 404 476 "-" "Mozilla/5.0 (compatible; DotBot/1.1; http://www.opensiteexplorer.org/dotbot, help@moz.com)"
170.75.162.130 - - [08/May/2015:17:33:46 -0700] "GET /lib/reccapi.php?resort=grandtarghee HTTP/1.1" 200 1019 "-" "node-superagent/0.18.2"
170.75.162.130 - - [08/May/2015:17:41:17 -0700] "GET /lib/reccapi.php?resort=homewoodmountain HTTP/1.1" 200 1097 "-" "node-superagent/0.18.2"
123.125.71.109 - - [08/May/2015:17:48:34 -0700] "-" 408 0 "-" "-"
220.181.108.111 - - [08/May/2015:17:54:05 -0700] "-" 408 0 "-" "-"
170.75.162.130 - - [08/May/2015:17:54:08 -0700] "GET /lib/reccapi.php?resort=sugarbowl HTTP/1.1" 200 1101 "-" "node-superagent/0.18.2"
170.75.162.130 - - [08/May/2015:17:56:58 -0700] "GET /lib/reccapi.php?resort=alta HTTP/1.1" 200 1049 "-" "node-superagent/0.18.2"
170.75.162.130 - - [08/May/2015:18:00:09 -0700] "GET /lib/reccapi.php?resort=sugarbush HTTP/1.1" 200 967 "-" "node-superagent/0.18.2"
170.75.162.130 - - [08/May/2015:18:02:39 -0700] "GET /lib/reccapi.php?resort=crystalmountain HTTP/1.1" 200 966 "-" "node-superagent/0.18.2"
170.75.162.130 - - [08/May/2015:18:02:59 -0700] "GET /lib/reccapi.php?resort=bigsky HTTP/1.1" 200 1066 "-" "node-superagent/0.18.2"
209.169.13.233 - - [08/May/2015:18:07:22 -0700] "GET /images/wsis-logo-sm.png HTTP/1.1" 200 6108 "http://www.thebackcountry.net/" "Mozilla/5.0 (Macintosh; Intel Mac OS X 10_10_1) AppleWebKit/600.1.25 (KHTML, like Gecko) Version/8.0 Safari/600.1.25"
180.76.4.215 - - [08/May/2015:18:07:42 -0700] "GET / HTTP/1.1" 200 6114 "-" "Mozilla/4.0 (compatible; MSIE 7.0; Windows NT 6.0)"
170.75.162.130 - - [08/May/2015:18:07:59 -0700] "GET /lib/reccapi.php?resort=steamboat HTTP/1.1" 200 1027 "-" "node-superagent/0.18.2"
208.115.113.83 - - [08/May/2015:18:08:10 -0700] "GET /robots.txt HTTP/1.1" 200 319 "-" "Mozilla/5.0 (compatible; DotBot/1.1; http://www.opensiteexplorer.org/dotbot, help@moz.com)"
184.155.133.250 - - [08/May/2015:18:26:21 -0700] "GET /images/wsis-logo-sm.png HTTP/1.1" 200 6108 "http://www.thebackcountry.net/" "Mozilla/5.0 (iPad; CPU OS 8_3 like Mac OS X) AppleWebKit/600.1.4 (KHTML, like Gecko) GSA/5.3.48993 Mobile/12F69 Safari/600.1.4"
170.75.162.130 - - [08/May/2015:18:27:31 -0700] "GET /lib/reccapi.php?resort=schweitzer HTTP/1.1" 200 963 "-" "node-superagent/0.18.2"
170.75.162.130 - - [08/May/2015:18:30:41 -0700] "GET /lib/reccapi.php?resort=silverstarmountain HTTP/1.1" 200 925 "-" "node-superagent/0.18.2"
170.75.162.130 - - [08/May/2015:18:48:13 -0700] "GET /lib/reccapi.php?resort=aspenmountain HTTP/1.1" 200 1033 "-" "node-superagent/0.18.2"
123.125.71.53 - - [08/May/2015:18:52:10 -0700] "-" 408 0 "-" "-"
170.75.162.130 - - [08/May/2015:18:55:03 -0700] "GET /lib/reccapi.php?resort=stevenspass HTTP/1.1" 200 958 "-" "node-superagent/0.18.2"
220.181.108.180 - - [08/May/2015:18:57:15 -0700] "-" 408 0 "-" "-"
207.192.253.220 - - [08/May/2015:19:00:33 -0700] "GET /images/wsis-logo-sm.png HTTP/1.1" 200 6108 "http://www.thebackcountry.net/" "Mozilla/5.0 (Macintosh; Intel Mac OS X 10_10_3) AppleWebKit/537.36 (KHTML, like Gecko) Chrome/42.0.2311.135 Safari/537.36"
170.75.162.130 - - [08/May/2015:19:02:04 -0700] "GET /lib/reccapi.php?resort=heavenly HTTP/1.1" 200 1089 "-" "node-superagent/0.18.2"
166.216.157.26 - - [08/May/2015:19:14:32 -0700] "GET /images/wsis-logo-sm.png HTTP/1.1" 200 6108 "http://www.thebackcountry.net/" "Mozilla/5.0 (iPhone; CPU iPhone OS 7_0_4 like Mac OS X) AppleWebKit/537.51.1 (KHTML, like Gecko) Version/7.0 Mobile/11B554a Safari/9537.53"
170.75.162.130 - - [08/May/2015:19:20:05 -0700] "GET /lib/reccapi.php?resort=jacksonhole HTTP/1.1" 200 1011 "-" "node-superagent/0.18.2"
208.115.113.83 - - [08/May/2015:19:22:43 -0700] "GET /resorts?resort=stowe&date=2014-06-18 HTTP/1.1" 404 476 "-" "Mozilla/5.0 (compatible; DotBot/1.1; http://www.opensiteexplorer.org/dotbot, help@moz.com)"
208.115.113.83 - - [08/May/2015:19:22:46 -0700] "GET /resorts?resort=bigsky&date=2014-06-23 HTTP/1.1" 404 476 "-" "Mozilla/5.0 (compatible; DotBot/1.1; http://www.opensiteexplorer.org/dotbot, help@moz.com)"
208.115.113.83 - - [08/May/2015:19:22:49 -0700] "GET /resorts?resort=homewoodmountain&date=2014-09-27 HTTP/1.1" 404 476 "-" "Mozilla/5.0 (compatible; DotBot/1.1; http://www.opensiteexplorer.org/dotbot, help@moz.com)"
208.115.113.83 - - [08/May/2015:19:22:50 -0700] "GET /resorts?resort=mtrose&date=2014-06-24 HTTP/1.1" 404 476 "-" "Mozilla/5.0 (compatible; DotBot/1.1; http://www.opensiteexplorer.org/dotbot, help@moz.com)"
208.115.113.83 - - [08/May/2015:19:22:54 -0700] "GET /resorts?resort=snowmass&date=2014-06-13 HTTP/1.1" 404 476 "-" "Mozilla/5.0 (compatible; DotBot/1.1; http://www.opensiteexplorer.org/dotbot, help@moz.com)"
208.115.113.83 - - [08/May/2015:19:22:55 -0700] "GET /resorts?resort=schweitzer&date=2014-10-02 HTTP/1.1" 404 476 "-" "Mozilla/5.0 (compatible; DotBot/1.1; http://www.opensiteexplorer.org/dotbot, help@moz.com)"
157.55.39.63 - - [08/May/2015:19:23:29 -0700] "GET / HTTP/1.1" 200 2376 "-" "Mozilla/5.0 (compatible; bingbot/2.0; +http://www.bing.com/bingbot.htm)"
190.60.250.161 - - [08/May/2015:19:35:45 -0700] "GET /images/wsis-logo-sm.png HTTP/1.1" 200 6108 "http://www.thebackcountry.net/" "Mozilla/5.0 (Windows NT 6.3; WOW64; Trident/7.0; rv:11.0) like Gecko"
190.60.250.161 - - [08/May/2015:19:36:06 -0700] "-" 408 0 "-" "-"
170.75.162.130 - - [08/May/2015:19:45:38 -0700] "GET /lib/reccapi.php?resort=whitefacemountain HTTP/1.1" 200 972 "-" "node-superagent/0.18.2"
123.125.71.89 - - [08/May/2015:19:49:37 -0700] "GET / HTTP/1.1" 200 2339 "-" "Mozilla/5.0 (Windows NT 5.1; rv:6.0.2) Gecko/20100101 Firefox/6.0.2"
170.75.162.130 - - [08/May/2015:19:50:08 -0700] "GET /lib/reccapi.php?resort=jaypeak HTTP/1.1" 200 961 "-" "node-superagent/0.18.2"
123.125.71.83 - - [08/May/2015:19:50:38 -0700] "-" 408 0 "-" "-"
208.115.113.83 - - [08/May/2015:19:52:19 -0700] "GET /resorts?resort=aftonalps&date=2014-10-23 HTTP/1.1" 404 476 "-" "Mozilla/5.0 (compatible; DotBot/1.1; http://www.opensiteexplorer.org/dotbot, help@moz.com)"
208.115.113.83 - - [08/May/2015:19:52:19 -0700] "GET /resorts?resort=belleayre&date=2014-06-10 HTTP/1.1" 404 476 "-" "Mozilla/5.0 (compatible; DotBot/1.1; http://www.opensiteexplorer.org/dotbot, help@moz.com)"
208.115.113.83 - - [08/May/2015:19:52:20 -0700] "GET /resorts?resort=cannonmountain&date=2014-10-23 HTTP/1.1" 404 476 "-" "Mozilla/5.0 (compatible; DotBot/1.1; http://www.opensiteexplorer.org/dotbot, help@moz.com)"
208.115.113.83 - - [08/May/2015:19:52:21 -0700] "GET /resorts?resort=crestedbutte&date=2014-10-26 HTTP/1.1" 404 476 "-" "Mozilla/5.0 (compatible; DotBot/1.1; http://www.opensiteexplorer.org/dotbot, help@moz.com)"
208.115.113.83 - - [08/May/2015:19:52:22 -0700] "GET /resorts?resort=eldora&date=2014-09-26 HTTP/1.1" 404 476 "-" "Mozilla/5.0 (compatible; DotBot/1.1; http://www.opensiteexplorer.org/dotbot, help@moz.com)"
208.115.113.83 - - [08/May/2015:19:52:22 -0700] "GET /resorts?resort=grandtarghee&date=2014-10-04 HTTP/1.1" 404 476 "-" "Mozilla/5.0 (compatible; DotBot/1.1; http://www.opensiteexplorer.org/dotbot, help@moz.com)"
208.115.113.83 - - [08/May/2015:19:52:25 -0700] "GET /resorts?resort=greatdivide&date=2014-11-05 HTTP/1.1" 404 476 "-" "Mozilla/5.0 (compatible; DotBot/1.1; http://www.opensiteexplorer.org/dotbot, help@moz.com)"
208.115.113.83 - - [08/May/2015:19:52:26 -0700] "GET /resorts?resort=holimont&date=2014-10-08 HTTP/1.1" 404 476 "-" "Mozilla/5.0 (compatible; DotBot/1.1; http://www.opensiteexplorer.org/dotbot, help@moz.com)"
208.115.113.83 - - [08/May/2015:19:52:27 -0700] "GET /resorts?resort=hoodoo&date=2014-10-09 HTTP/1.1" 404 476 "-" "Mozilla/5.0 (compatible; DotBot/1.1; http://www.opensiteexplorer.org/dotbot, help@moz.com)"
208.115.113.83 - - [08/May/2015:19:52:27 -0700] "GET /resorts?resort=louploupskibowl&date=2014-06-24 HTTP/1.1" 404 476 "-" "Mozilla/5.0 (compatible; DotBot/1.1; http://www.opensiteexplorer.org/dotbot, help@moz.com)"
208.115.113.83 - - [08/May/2015:19:52:28 -0700] "GET /resorts?resort=montanasnowbowl&date=2014-06-06 HTTP/1.1" 404 476 "-" "Mozilla/5.0 (compatible; DotBot/1.1; http://www.opensiteexplorer.org/dotbot, help@moz.com)"
208.115.113.83 - - [08/May/2015:19:52:30 -0700] "GET /resorts?resort=mountbachelor&date=2014-10-09 HTTP/1.1" 404 476 "-" "Mozilla/5.0 (compatible; DotBot/1.1; http://www.opensiteexplorer.org/dotbot, help@moz.com)"
208.115.113.83 - - [08/May/2015:19:52:30 -0700] "GET /resorts?resort=mountbaker&date=2014-07-05 HTTP/1.1" 404 476 "-" "Mozilla/5.0 (compatible; DotBot/1.1; http://www.opensiteexplorer.org/dotbot, help@moz.com)"
208.115.113.83 - - [08/May/2015:19:52:31 -0700] "GET /resorts?resort=redriver&date=2014-09-29 HTTP/1.1" 404 476 "-" "Mozilla/5.0 (compatible; DotBot/1.1; http://www.opensiteexplorer.org/dotbot, help@moz.com)"
208.115.113.83 - - [08/May/2015:19:52:31 -0700] "GET /resorts?resort=silvermountain&date=2014-09-28 HTTP/1.1" 404 476 "-" "Mozilla/5.0 (compatible; DotBot/1.1; http://www.opensiteexplorer.org/dotbot, help@moz.com)"
208.115.113.83 - - [08/May/2015:19:52:32 -0700] "GET /resorts?resort=skisantafe&date=2014-06-27 HTTP/1.1" 404 476 "-" "Mozilla/5.0 (compatible; DotBot/1.1; http://www.opensiteexplorer.org/dotbot, help@moz.com)"
208.115.113.83 - - [08/May/2015:19:52:33 -0700] "GET /resorts?resort=snowking&date=2014-10-16 HTTP/1.1" 404 476 "-" "Mozilla/5.0 (compatible; DotBot/1.1; http://www.opensiteexplorer.org/dotbot, help@moz.com)"
208.115.113.83 - - [08/May/2015:19:52:33 -0700] "GET /resorts?resort=solitude&date=2014-10-23 HTTP/1.1" 404 476 "-" "Mozilla/5.0 (compatible; DotBot/1.1; http://www.opensiteexplorer.org/dotbot, help@moz.com)"
208.115.113.83 - - [08/May/2015:19:52:34 -0700] "GET /resorts?resort=stevenspass&date=2014-10-20 HTTP/1.1" 404 476 "-" "Mozilla/5.0 (compatible; DotBot/1.1; http://www.opensiteexplorer.org/dotbot, help@moz.com)"
208.115.113.83 - - [08/May/2015:19:52:35 -0700] "GET /resorts?resort=turnermountain&date=2014-06-06 HTTP/1.1" 404 476 "-" "Mozilla/5.0 (compatible; DotBot/1.1; http://www.opensiteexplorer.org/dotbot, help@moz.com)"
208.115.113.83 - - [08/May/2015:19:52:36 -0700] "GET /resorts?resort=wolfcreek&date=2014-09-28 HTTP/1.1" 404 476 "-" "Mozilla/5.0 (compatible; DotBot/1.1; http://www.opensiteexplorer.org/dotbot, help@moz.com)"
220.181.108.187 - - [08/May/2015:19:52:46 -0700] "-" 408 0 "-" "-"
170.75.162.130 - - [08/May/2015:20:03:49 -0700] "GET /lib/reccapi.php?resort=sunvalley HTTP/1.1" 200 1069 "-" "node-superagent/0.18.2"
170.75.162.130 - - [08/May/2015:20:03:49 -0700] "GET /lib/reccapi.php?resort=parkcity HTTP/1.1" 200 1086 "-" "node-superagent/0.18.2"
170.75.162.130 - - [08/May/2015:20:04:19 -0700] "GET /lib/reccapi.php?resort=smugglersnotch HTTP/1.1" 200 973 "-" "node-superagent/0.18.2"
180.76.4.187 - - [08/May/2015:20:06:46 -0700] "GET / HTTP/1.1" 200 6114 "-" "Mozilla/4.0 (compatible; MSIE 7.0; Windows NT 6.0)"
170.75.162.130 - - [08/May/2015:20:22:40 -0700] "GET /lib/reccapi.php?resort=sundayriver HTTP/1.1" 200 953 "-" "node-superagent/0.18.2"
170.75.162.130 - - [08/May/2015:20:25:31 -0700] "GET /lib/reccapi.php?resort=stowe HTTP/1.1" 200 949 "-" "node-superagent/0.18.2"
170.75.162.130 - - [08/May/2015:20:34:21 -0700] "GET /lib/reccapi.php?resort=mammothmountain HTTP/1.1" 200 1101 "-" "node-superagent/0.18.2"
170.75.162.130 - - [08/May/2015:20:34:32 -0700] "GET /lib/reccapi.php?resort=cannonmountain HTTP/1.1" 200 950 "-" "node-superagent/0.18.2"
170.75.162.130 - - [08/May/2015:20:34:32 -0700] "GET /lib/reccapi.php?resort=killington HTTP/1.1" 200 970 "-" "node-superagent/0.18.2"
170.75.162.130 - - [08/May/2015:20:34:32 -0700] "GET /lib/reccapi.php?resort=madriverglen HTTP/1.1" 200 970 "-" "node-superagent/0.18.2"
170.75.162.130 - - [08/May/2015:20:34:33 -0700] "GET /lib/reccapi.php?resort=sugarloaf HTTP/1.1" 200 950 "-" "node-superagent/0.18.2"
170.75.162.130 - - [08/May/2015:20:34:33 -0700] "GET /lib/reccapi.php?resort=wildcatmountain HTTP/1.1" 200 960 "-" "node-superagent/0.18.2"
170.75.162.130 - - [08/May/2015:20:34:51 -0700] "GET /lib/reccapi.php?resort=chinapeak HTTP/1.1" 200 1097 "-" "node-superagent/0.18.2"
170.75.162.130 - - [08/May/2015:20:35:11 -0700] "GET /lib/reccapi.php?resort=devilshead HTTP/1.1" 200 989 "-" "node-superagent/0.18.2"
170.75.162.130 - - [08/May/2015:20:35:12 -0700] "GET /lib/reccapi.php?resort=whistlerblackcomb HTTP/1.1" 200 923 "-" "node-superagent/0.18.2"
170.75.162.130 - - [08/May/2015:20:35:22 -0700] "GET /lib/reccapi.php?resort=mtrose HTTP/1.1" 200 1059 "-" "node-superagent/0.18.2"
170.75.162.130 - - [08/May/2015:20:41:52 -0700] "GET /lib/reccapi.php?resort=mountbachelor HTTP/1.1" 200 972 "-" "node-superagent/0.18.2"
170.75.162.130 - - [08/May/2015:20:42:42 -0700] "GET /lib/reccapi.php?resort=buttermilk HTTP/1.1" 200 1020 "-" "node-superagent/0.18.2"
170.75.162.130 - - [08/May/2015:20:42:42 -0700] "GET /lib/reccapi.php?resort=solitude HTTP/1.1" 200 1051 "-" "node-superagent/0.18.2"
170.75.162.130 - - [08/May/2015:20:43:42 -0700] "GET /lib/reccapi.php?resort=redlodge HTTP/1.1" 200 1069 "-" "node-superagent/0.18.2"
123.125.71.107 - - [08/May/2015:20:46:03 -0700] "GET / HTTP/1.1" 200 2339 "-" "Mozilla/5.0 (Windows NT 5.1; rv:6.0.2) Gecko/20100101 Firefox/6.0.2"
170.75.162.130 - - [08/May/2015:20:47:02 -0700] "GET /lib/reccapi.php?resort=canyons HTTP/1.1" 200 1068 "-" "node-superagent/0.18.2"
170.75.162.130 - - [08/May/2015:20:47:02 -0700] "GET /lib/reccapi.php?resort=arapahoebasin HTTP/1.1" 200 1107 "-" "node-superagent/0.18.2"
170.75.162.130 - - [08/May/2015:20:47:02 -0700] "GET /lib/reccapi.php?resort=kirkwood HTTP/1.1" 200 1101 "-" "node-superagent/0.18.2"
170.75.162.130 - - [08/May/2015:20:47:02 -0700] "GET /lib/reccapi.php?resort=keystone HTTP/1.1" 200 1119 "-" "node-superagent/0.18.2"
123.125.71.103 - - [08/May/2015:20:47:05 -0700] "-" 408 0 "-" "-"
220.181.108.154 - - [08/May/2015:20:49:55 -0700] "-" 408 0 "-" "-"
170.75.162.130 - - [08/May/2015:20:52:53 -0700] "GET /lib/reccapi.php?resort=brianhead HTTP/1.1" 200 1069 "-" "node-superagent/0.18.2"
23.20.72.246 - - [08/May/2015:21:41:44 -0700] "HEAD / HTTP/1.1" 200 291 "-" "Cloud mapping experiment. Contact research@pdrlabs.net"
123.125.71.89 - - [08/May/2015:21:45:42 -0700] "-" 408 0 "-" "-"
204.236.226.210 - - [08/May/2015:21:49:06 -0700] "GET /robots.txt HTTP/1.0" 200 338 "-" "ia_archiver"
204.236.226.210 - - [08/May/2015:21:49:07 -0700] "GET / HTTP/1.0" 200 6114 "-" "ia_archiver"
220.181.108.76 - - [08/May/2015:21:49:57 -0700] "-" 408 0 "-" "-"
180.76.4.56 - - [08/May/2015:22:02:49 -0700] "GET / HTTP/1.1" 200 6114 "-" "Mozilla/4.0 (compatible; MSIE 7.0; Windows NT 6.0)"
208.115.113.83 - - [08/May/2015:22:08:34 -0700] "GET /robots.txt HTTP/1.1" 200 319 "-" "Mozilla/5.0 (compatible; DotBot/1.1; http://www.opensiteexplorer.org/dotbot, help@moz.com)"
170.75.162.130 - - [08/May/2015:22:10:00 -0700] "GET /lib/reccapi.php?resort=snowbird HTTP/1.1" 200 1062 "-" "node-superagent/0.18.2"
170.75.162.130 - - [08/May/2015:22:16:30 -0700] "GET /lib/reccapi.php?resort=homewoodmountain HTTP/1.1" 200 1097 "-" "node-superagent/0.18.2"
170.75.162.130 - - [08/May/2015:22:22:01 -0700] "GET /lib/reccapi.php?resort=squawvalleyusa HTTP/1.1" 200 1078 "-" "node-superagent/0.18.2"
180.76.6.16 - - [08/May/2015:22:31:21 -0700] "GET / HTTP/1.1" 200 2339 "-" "Mozilla/5.0 (compatible; Baiduspider/2.0; +http://www.baidu.com/search/spider.html)"
68.180.228.182 - - [08/May/2015:22:50:39 -0700] "GET /robots.txt HTTP/1.1" 304 152 "-" "Mozilla/5.0 (compatible; Yahoo! Slurp; http://help.yahoo.com/help/us/ysearch/slurp)"
68.180.228.182 - - [08/May/2015:22:50:39 -0700] "GET /resorts?resort=remarkables&date=2014-09-30 HTTP/1.1" 404 450 "-" "Mozilla/5.0 (compatible; Yahoo! Slurp; http://help.yahoo.com/help/us/ysearch/slurp)"
170.75.162.130 - - [08/May/2015:22:50:43 -0700] "GET /lib/reccapi.php?resort=crestedbutte HTTP/1.1" 200 1059 "-" "node-superagent/0.18.2"
107.77.97.115 - - [08/May/2015:22:50:55 -0700] "GET /images/wsis-logo-sm.png HTTP/1.1" 200 6108 "http://www.thebackcountry.net/" "Mozilla/5.0 (iPhone; CPU iPhone OS 8_1_2 like Mac OS X) AppleWebKit/600.1.4 (KHTML, like Gecko) Version/8.0 Mobile/12B440 Safari/600.1.4"
170.75.162.130 - - [08/May/2015:22:52:13 -0700] "GET /lib/reccapi.php?resort=mountspokane HTTP/1.1" 200 981 "-" "node-superagent/0.18.2"
170.75.162.130 - - [08/May/2015:22:52:13 -0700] "GET /lib/reccapi.php?resort=49degreesnorth HTTP/1.1" 200 982 "-" "node-superagent/0.18.2"
192.126.91.249 - - [08/May/2015:22:53:55 -0700] "GET /CFIDE/administrator/ HTTP/1.1" 404 526 "-" "-"
170.75.162.130 - - [08/May/2015:22:58:44 -0700] "GET /lib/reccapi.php?resort=loveland HTTP/1.1" 200 1086 "-" "node-superagent/0.18.2"
65.129.53.29 - - [08/May/2015:23:07:06 -0700] "GET /images/wsis-logo-sm.png HTTP/1.1" 200 6108 "http://www.thebackcountry.net/" "Mozilla/5.0 (Windows NT 6.1; WOW64; rv:37.0) Gecko/20100101 Firefox/37.0"
123.125.71.86 - - [08/May/2015:23:11:41 -0700] "-" 408 0 "-" "-"
220.181.108.84 - - [08/May/2015:23:16:44 -0700] "-" 408 0 "-" "-"
170.75.162.130 - - [08/May/2015:23:19:36 -0700] "GET /lib/reccapi.php?resort=alyeska HTTP/1.1" 200 999 "-" "node-superagent/0.18.2"
208.115.113.83 - - [08/May/2015:23:22:44 -0700] "GET /resorts?resort=parkcity&date=2014-06-11 HTTP/1.1" 404 476 "-" "Mozilla/5.0 (compatible; DotBot/1.1; http://www.opensiteexplorer.org/dotbot, help@moz.com)"
208.115.113.83 - - [08/May/2015:23:22:48 -0700] "GET /resorts?resort=snowmass&date=2014-10-03 HTTP/1.1" 404 476 "-" "Mozilla/5.0 (compatible; DotBot/1.1; http://www.opensiteexplorer.org/dotbot, help@moz.com)"
208.115.113.83 - - [08/May/2015:23:22:49 -0700] "GET /resorts?resort=mountbachelor&date=2014-11-04 HTTP/1.1" 404 476 "-" "Mozilla/5.0 (compatible; DotBot/1.1; http://www.opensiteexplorer.org/dotbot, help@moz.com)"
208.115.113.83 - - [08/May/2015:23:22:51 -0700] "GET /resorts?resort=jaypeak&date=2014-06-13 HTTP/1.1" 404 476 "-" "Mozilla/5.0 (compatible; DotBot/1.1; http://www.opensiteexplorer.org/dotbot, help@moz.com)"
208.115.113.83 - - [08/May/2015:23:22:53 -0700] "GET /resorts?resort=crestedbutte&date=2014-06-11 HTTP/1.1" 404 476 "-" "Mozilla/5.0 (compatible; DotBot/1.1; http://www.opensiteexplorer.org/dotbot, help@moz.com)"
208.115.113.83 - - [08/May/2015:23:22:55 -0700] "GET /resorts?resort=sugarloaf&date=2014-11-04 HTTP/1.1" 404 476 "-" "Mozilla/5.0 (compatible; DotBot/1.1; http://www.opensiteexplorer.org/dotbot, help@moz.com)"
208.115.113.83 - - [08/May/2015:23:22:56 -0700] "GET /resorts?resort=sundayriver&date=2014-11-01 HTTP/1.1" 404 476 "-" "Mozilla/5.0 (compatible; DotBot/1.1; http://www.opensiteexplorer.org/dotbot, help@moz.com)"
208.115.113.83 - - [08/May/2015:23:22:59 -0700] "GET /resorts?resort=arapahoebasin&date=2014-10-13 HTTP/1.1" 404 476 "-" "Mozilla/5.0 (compatible; DotBot/1.1; http://www.opensiteexplorer.org/dotbot, help@moz.com)"
208.115.113.83 - - [08/May/2015:23:23:00 -0700] "GET /resorts?resort=snowbasin&date=2014-11-25 HTTP/1.1" 404 476 "-" "Mozilla/5.0 (compatible; DotBot/1.1; http://www.opensiteexplorer.org/dotbot, help@moz.com)"
157.55.39.239 - - [08/May/2015:23:31:23 -0700] "GET /resorts?resort=portillo&date=2014-08-19 HTTP/1.1" 404 509 "-" "Mozilla/5.0 (compatible; bingbot/2.0; +http://www.bing.com/bingbot.htm)"
170.75.162.130 - - [08/May/2015:23:32:17 -0700] "GET /lib/reccapi.php?resort=bigwhite HTTP/1.1" 200 919 "-" "node-superagent/0.18.2"
170.75.162.130 - - [08/May/2015:23:32:17 -0700] "GET /lib/reccapi.php?resort=redmountain HTTP/1.1" 200 901 "-" "node-superagent/0.18.2"
170.75.162.130 - - [08/May/2015:23:32:17 -0700] "GET /lib/reccapi.php?resort=silverstarmountain HTTP/1.1" 200 925 "-" "node-superagent/0.18.2"
170.75.162.130 - - [08/May/2015:23:32:17 -0700] "GET /lib/reccapi.php?resort=sunpeaksresort HTTP/1.1" 200 915 "-" "node-superagent/0.18.2"
170.75.162.130 - - [08/May/2015:23:32:57 -0700] "GET /lib/reccapi.php?resort=aspenheights HTTP/1.1" 200 1024 "-" "node-superagent/0.18.2"
170.75.162.130 - - [08/May/2015:23:35:07 -0700] "GET /lib/reccapi.php?resort=monarch HTTP/1.1" 200 1091 "-" "node-superagent/0.18.2"
170.75.162.130 - - [08/May/2015:23:35:07 -0700] "GET /lib/reccapi.php?resort=coppermountain HTTP/1.1" 200 1122 "-" "node-superagent/0.18.2"
170.75.162.130 - - [08/May/2015:23:35:07 -0700] "GET /lib/reccapi.php?resort=winterpark HTTP/1.1" 200 1106 "-" "node-superagent/0.18.2"
170.75.162.130 - - [08/May/2015:23:41:57 -0700] "GET /lib/reccapi.php?resort=steamboat HTTP/1.1" 200 1027 "-" "node-superagent/0.18.2"
170.75.162.130 - - [08/May/2015:23:46:58 -0700] "GET /lib/reccapi.php?resort=diamondpeak HTTP/1.1" 200 1050 "-" "node-superagent/0.18.2"
170.75.162.130 - - [08/May/2015:23:48:48 -0700] "GET /lib/reccapi.php?resort=taos HTTP/1.1" 200 971 "-" "node-superagent/0.18.2"
170.75.162.130 - - [08/May/2015:23:48:48 -0700] "GET /lib/reccapi.php?resort=angelfire HTTP/1.1" 200 1026 "-" "node-superagent/0.18.2"
180.76.4.48 - - [08/May/2015:23:51:48 -0700] "GET / HTTP/1.1" 200 6114 "-" "Mozilla/4.0 (compatible; MSIE 7.0; Windows NT 6.0)"
166.216.157.26 - - [08/May/2015:23:52:32 -0700] "GET /images/wsis-logo-sm.png HTTP/1.1" 200 6108 "http://www.thebackcountry.net/" "Mozilla/5.0 (iPhone; CPU iPhone OS 7_0_4 like Mac OS X) AppleWebKit/537.51.1 (KHTML, like Gecko) Version/7.0 Mobile/11B554a Safari/9537.53"
