144.76.4.148 - - [02/Mar/2016:10:59:21 -0800] "GET /resorts?resort=buttermilk HTTP/1.0" 404 469 "-" "Mozilla/5.0 (compatible; MJ12bot/v1.4.5; http://www.majestic12.co.uk/bot.php?+)"
216.38.149.74 - - [02/Mar/2016:11:02:29 -0800] "GET /images/wsis-logo-sm.png HTTP/1.1" 200 6108 "http://www.thebackcountry.net/" "Mozilla/5.0 (Macintosh; Intel Mac OS X 10_11_3) AppleWebKit/601.4.4 (KHTML, like Gecko) Version/9.0.3 Safari/601.4.4"
73.231.222.118 - - [02/Mar/2016:11:02:36 -0800] "-" 408 0 "-" "-"
73.231.222.118 - - [02/Mar/2016:11:02:36 -0800] "-" 408 0 "-" "-"
107.150.42.38 - - [02/Mar/2016:11:08:19 -0800] "GET / HTTP/1.1" 200 6976 "-" "Mozilla/4.0 (compatible; MSIE 8.0; Windows NT 6.1; Trident/4.0; SLCC2; .NET CLR 2.0.50727; .NET CLR 3.5.30729; .NET CLR 3.0.30729; Media Center PC 6.0)"
170.75.162.130 - - [02/Mar/2016:11:11:04 -0800] "GET /lib/reccapi.php?resort=mtrose HTTP/1.1" 200 986 "-" "node-superagent/1.4.0"
206.29.176.53 - - [02/Mar/2016:11:13:05 -0800] "GET / HTTP/1.1" 200 2615 "-" "Mozilla/5.0 (Macintosh; Intel Mac OS X 10_10_5) AppleWebKit/537.36 (KHTML, like Gecko) Chrome/48.0.2564.116 Safari/537.36"
206.29.176.53 - - [02/Mar/2016:11:13:05 -0800] "GET /styles/ee08faa9.main.css HTTP/1.1" 200 19446 "http://whereshouldiski.com/" "Mozilla/5.0 (Macintosh; Intel Mac OS X 10_10_5) AppleWebKit/537.36 (KHTML, like Gecko) Chrome/48.0.2564.116 Safari/537.36"
206.29.176.53 - - [02/Mar/2016:11:13:05 -0800] "GET /scripts/scripts/vendor/modernizr.js HTTP/1.1" 200 4903 "http://whereshouldiski.com/" "Mozilla/5.0 (Macintosh; Intel Mac OS X 10_10_5) AppleWebKit/537.36 (KHTML, like Gecko) Chrome/48.0.2564.116 Safari/537.36"
206.29.176.53 - - [02/Mar/2016:11:13:05 -0800] "GET /images/logo-square-white-sm.png HTTP/1.1" 200 1684 "http://whereshouldiski.com/" "Mozilla/5.0 (Macintosh; Intel Mac OS X 10_10_5) AppleWebKit/537.36 (KHTML, like Gecko) Chrome/48.0.2564.116 Safari/537.36"
206.29.176.53 - - [02/Mar/2016:11:13:05 -0800] "GET /bower_components/requirejs/require.js HTTP/1.1" 200 6702 "http://whereshouldiski.com/" "Mozilla/5.0 (Macintosh; Intel Mac OS X 10_10_5) AppleWebKit/537.36 (KHTML, like Gecko) Chrome/48.0.2564.116 Safari/537.36"
206.29.176.53 - - [02/Mar/2016:11:13:05 -0800] "GET /images/loading.gif HTTP/1.1" 200 13881 "http://whereshouldiski.com/" "Mozilla/5.0 (Macintosh; Intel Mac OS X 10_10_5) AppleWebKit/537.36 (KHTML, like Gecko) Chrome/48.0.2564.116 Safari/537.36"
206.29.176.53 - - [02/Mar/2016:11:13:05 -0800] "GET /scripts/fa48e319.main.js HTTP/1.1" 200 123455 "http://whereshouldiski.com/" "Mozilla/5.0 (Macintosh; Intel Mac OS X 10_10_5) AppleWebKit/537.36 (KHTML, like Gecko) Chrome/48.0.2564.116 Safari/537.36"
206.29.176.53 - - [02/Mar/2016:11:13:06 -0800] "GET /lib/reccapi.php?fields=t HTTP/1.1" 200 1892 "http://whereshouldiski.com/" "Mozilla/5.0 (Macintosh; Intel Mac OS X 10_10_5) AppleWebKit/537.36 (KHTML, like Gecko) Chrome/48.0.2564.116 Safari/537.36"
206.29.176.53 - - [02/Mar/2016:11:13:06 -0800] "GET /images/button.png HTTP/1.1" 200 598 "http://whereshouldiski.com/styles/ee08faa9.main.css" "Mozilla/5.0 (Macintosh; Intel Mac OS X 10_10_5) AppleWebKit/537.36 (KHTML, like Gecko) Chrome/48.0.2564.116 Safari/537.36"
206.29.176.53 - - [02/Mar/2016:11:13:06 -0800] "GET /images/greyHeader.png HTTP/1.1" 200 508 "http://whereshouldiski.com/styles/ee08faa9.main.css" "Mozilla/5.0 (Macintosh; Intel Mac OS X 10_10_5) AppleWebKit/537.36 (KHTML, like Gecko) Chrome/48.0.2564.116 Safari/537.36"
206.29.176.53 - - [02/Mar/2016:11:13:07 -0800] "GET /images/snowflake5.png HTTP/1.1" 200 2857 "http://whereshouldiski.com/styles/ee08faa9.main.css" "Mozilla/5.0 (Macintosh; Intel Mac OS X 10_10_5) AppleWebKit/537.36 (KHTML, like Gecko) Chrome/48.0.2564.116 Safari/537.36"
206.29.176.53 - - [02/Mar/2016:11:13:07 -0800] "GET /images/star5.png HTTP/1.1" 200 1783 "http://whereshouldiski.com/styles/ee08faa9.main.css" "Mozilla/5.0 (Macintosh; Intel Mac OS X 10_10_5) AppleWebKit/537.36 (KHTML, like Gecko) Chrome/48.0.2564.116 Safari/537.36"
206.29.176.53 - - [02/Mar/2016:11:13:07 -0800] "GET /images/bluebird5.png HTTP/1.1" 200 2177 "http://whereshouldiski.com/styles/ee08faa9.main.css" "Mozilla/5.0 (Macintosh; Intel Mac OS X 10_10_5) AppleWebKit/537.36 (KHTML, like Gecko) Chrome/48.0.2564.116 Safari/537.36"
206.29.176.53 - - [02/Mar/2016:11:13:07 -0800] "GET /images/mtns-icon.png HTTP/1.1" 200 1096 "http://whereshouldiski.com/styles/ee08faa9.main.css" "Mozilla/5.0 (Macintosh; Intel Mac OS X 10_10_5) AppleWebKit/537.36 (KHTML, like Gecko) Chrome/48.0.2564.116 Safari/537.36"
206.29.176.53 - - [02/Mar/2016:11:13:07 -0800] "GET /images/shading-icon.png HTTP/1.1" 200 537 "http://whereshouldiski.com/styles/ee08faa9.main.css" "Mozilla/5.0 (Macintosh; Intel Mac OS X 10_10_5) AppleWebKit/537.36 (KHTML, like Gecko) Chrome/48.0.2564.116 Safari/537.36"
206.29.176.53 - - [02/Mar/2016:11:13:07 -0800] "GET /favicon.ico HTTP/1.1" 200 4612 "http://whereshouldiski.com/" "Mozilla/5.0 (Macintosh; Intel Mac OS X 10_10_5) AppleWebKit/537.36 (KHTML, like Gecko) Chrome/48.0.2564.116 Safari/537.36"
206.29.176.53 - - [02/Mar/2016:11:13:10 -0800] "GET /lib/reccapi.php?fields=t&coords=47.5782858,-122.16535169999999 HTTP/1.1" 200 2076 "http://whereshouldiski.com/" "Mozilla/5.0 (Macintosh; Intel Mac OS X 10_10_5) AppleWebKit/537.36 (KHTML, like Gecko) Chrome/48.0.2564.116 Safari/537.36"
206.29.176.53 - - [02/Mar/2016:11:13:12 -0800] "GET /lib/reccapi.php?fields=t&coords=47.5782858,-122.16535169999999&sort=powder HTTP/1.1" 200 2076 "http://whereshouldiski.com/" "Mozilla/5.0 (Macintosh; Intel Mac OS X 10_10_5) AppleWebKit/537.36 (KHTML, like Gecko) Chrome/48.0.2564.116 Safari/537.36"
206.29.176.53 - - [02/Mar/2016:11:13:12 -0800] "GET /lib/reccapi.php?fields=t&coords=47.5782858,-122.16535169999999&distance=100 HTTP/1.1" 200 1673 "http://whereshouldiski.com/" "Mozilla/5.0 (Macintosh; Intel Mac OS X 10_10_5) AppleWebKit/537.36 (KHTML, like Gecko) Chrome/48.0.2564.116 Safari/537.36"
206.29.176.53 - - [02/Mar/2016:11:13:12 -0800] "GET /images/greenHeader.png HTTP/1.1" 200 508 "http://whereshouldiski.com/styles/ee08faa9.main.css" "Mozilla/5.0 (Macintosh; Intel Mac OS X 10_10_5) AppleWebKit/537.36 (KHTML, like Gecko) Chrome/48.0.2564.116 Safari/537.36"
206.29.176.53 - - [02/Mar/2016:11:13:24 -0800] "GET /lib/reccapi.php?fields=t&coords=47.5782858,-122.16535169999999&distance=100&sort=distance HTTP/1.1" 200 1726 "http://whereshouldiski.com/" "Mozilla/5.0 (Macintosh; Intel Mac OS X 10_10_5) AppleWebKit/537.36 (KHTML, like Gecko) Chrome/48.0.2564.116 Safari/537.36"
127.0.0.1 - - [02/Mar/2016:11:13:31 -0800] "OPTIONS * HTTP/1.0" 200 126 "-" "Apache/2.2.22 (Ubuntu) (internal dummy connection)"
206.29.176.53 - - [02/Mar/2016:11:13:33 -0800] "GET /lib/reccapi.php?fields=t&coords=47.5782858,-122.16535169999999&distance=100&sort=powder HTTP/1.1" 200 1674 "http://whereshouldiski.com/" "Mozilla/5.0 (Macintosh; Intel Mac OS X 10_10_5) AppleWebKit/537.36 (KHTML, like Gecko) Chrome/48.0.2564.116 Safari/537.36"
170.75.162.130 - - [02/Mar/2016:11:16:55 -0800] "GET /lib/reccapi.php?resort=parkcity HTTP/1.1" 200 1008 "-" "node-superagent/1.4.0"
50.152.232.52 - - [02/Mar/2016:11:21:50 -0800] "GET /images/wsis-logo-sm.png HTTP/1.1" 200 6108 "http://www.thebackcountry.net/" "Mozilla/5.0 (Macintosh; Intel Mac OS X 10.7; rv:44.0) Gecko/20100101 Firefox/44.0"
52.33.40.213 - - [02/Mar/2016:11:23:40 -0800] "GET /lib/reccapi.php?resort=sugarbush HTTP/1.1" 200 1078 "-" "node-superagent/1.4.0"
52.33.40.213 - - [02/Mar/2016:11:23:40 -0800] "GET /lib/reccapi.php?resort=madriverglen HTTP/1.1" 200 1074 "-" "node-superagent/1.4.0"
52.33.40.213 - - [02/Mar/2016:11:23:40 -0800] "GET /lib/reccapi.php?resort=whistlerblackcomb HTTP/1.1" 200 936 "-" "node-superagent/1.4.0"
52.33.40.213 - - [02/Mar/2016:11:23:40 -0800] "GET /lib/reccapi.php?resort=stowe HTTP/1.1" 200 1065 "-" "node-superagent/1.4.0"
52.33.40.213 - - [02/Mar/2016:11:23:40 -0800] "GET /lib/reccapi.php?resort=winterpark HTTP/1.1" 200 1116 "-" "node-superagent/1.4.0"
52.33.40.213 - - [02/Mar/2016:11:23:40 -0800] "GET /lib/reccapi.php?resort=sugarloaf HTTP/1.1" 200 1022 "-" "node-superagent/1.4.0"
52.33.40.213 - - [02/Mar/2016:11:23:40 -0800] "GET /lib/reccapi.php?resort=cannonmountain HTTP/1.1" 200 1082 "-" "node-superagent/1.4.0"
52.33.40.213 - - [02/Mar/2016:11:23:40 -0800] "GET /lib/reccapi.php?resort=sundayriver HTTP/1.1" 200 1007 "-" "node-superagent/1.4.0"
170.75.162.130 - - [02/Mar/2016:11:23:55 -0800] "GET /lib/reccapi.php?resort=killington HTTP/1.1" 200 1069 "-" "node-superagent/1.4.0"
170.75.162.130 - - [02/Mar/2016:11:24:15 -0800] "GET /lib/reccapi.php?resort=mountspokane HTTP/1.1" 200 1031 "-" "node-superagent/1.4.0"
170.75.162.130 - - [02/Mar/2016:11:27:36 -0800] "GET /lib/reccapi.php?resort=mountbachelor HTTP/1.1" 200 1004 "-" "node-superagent/1.4.0"
170.75.162.130 - - [02/Mar/2016:11:30:06 -0800] "GET /lib/reccapi.php?resort=mounthoodmeadows HTTP/1.1" 200 1131 "-" "node-superagent/1.4.0"
180.76.15.154 - - [02/Mar/2016:11:30:42 -0800] "GET / HTTP/1.1" 200 6995 "-" "Mozilla/5.0 (compatible; Baiduspider/2.0; +http://www.baidu.com/search/spider.html)"
180.76.15.140 - - [02/Mar/2016:11:31:36 -0800] "GET / HTTP/1.1" 200 6995 "-" "Mozilla/5.0 (compatible; Baiduspider/2.0; +http://www.baidu.com/search/spider.html)"
162.225.68.186 - - [02/Mar/2016:11:33:51 -0800] "GET /images/wsis-logo-sm.png HTTP/1.1" 200 6108 "http://www.thebackcountry.net/" "Mozilla/5.0 (Windows NT 10.0; WOW64) AppleWebKit/537.36 (KHTML, like Gecko) Chrome/48.0.2564.116 Safari/537.36"
67.159.144.22 - - [02/Mar/2016:11:34:33 -0800] "GET /images/wsis-logo-sm.png HTTP/1.1" 200 6108 "http://www.thebackcountry.net/" "Mozilla/5.0 (Macintosh; Intel Mac OS X 10_11_3) AppleWebKit/601.4.4 (KHTML, like Gecko) Version/9.0.3 Safari/601.4.4"
52.33.40.213 - - [02/Mar/2016:11:35:40 -0800] "GET /lib/reccapi.php?resort=hoodoo HTTP/1.1" 200 1019 "-" "node-superagent/1.4.0"
170.75.162.130 - - [02/Mar/2016:11:37:57 -0800] "GET /lib/reccapi.php?resort=crystalmountain HTTP/1.1" 200 1085 "-" "node-superagent/1.4.0"
170.75.162.130 - - [02/Mar/2016:11:38:47 -0800] "GET /lib/reccapi.php?resort=stevenspass HTTP/1.1" 200 1085 "-" "node-superagent/1.4.0"
170.75.162.130 - - [02/Mar/2016:11:44:48 -0800] "GET /lib/reccapi.php?resort=monarch HTTP/1.1" 200 1041 "-" "node-superagent/1.4.0"
188.165.237.64 - - [02/Mar/2016:11:46:14 -0800] "GET /index.php/admin/ HTTP/1.1" 404 510 "-" "Mozilla/5.0 (Windows NT 5.1; WOW64) AppleWebKit/537.1 (KHTML, like Gecko) Chrome/22.0.1229.79 Safari/537.4"
188.165.237.64 - - [02/Mar/2016:11:46:15 -0800] "GET /downloader HTTP/1.1" 404 506 "-" "Mozilla/5.0 (Windows NT 6.1; WOW64) AppleWebKit/537.1 (KHTML, like Gecko) Chrome/24.0.1290.1 Safari/537.13"
23.112.82.49 - - [02/Mar/2016:11:47:34 -0800] "GET /images/wsis-logo-sm.png HTTP/1.1" 200 6108 "http://www.thebackcountry.net/" "Mozilla/5.0 (Windows NT 6.1; WOW64; Trident/7.0; rv:11.0) like Gecko"
23.112.82.49 - - [02/Mar/2016:11:47:55 -0800] "-" 408 0 "-" "-"
170.75.162.130 - - [02/Mar/2016:11:48:09 -0800] "GET /lib/reccapi.php?resort=sierra-at-tahoe HTTP/1.1" 200 978 "-" "node-superagent/1.4.0"
23.112.82.49 - - [02/Mar/2016:11:48:57 -0800] "-" 408 0 "-" "-"
170.75.162.130 - - [02/Mar/2016:11:49:18 -0800] "GET /lib/reccapi.php?resort=sunpeaksresort HTTP/1.1" 200 928 "-" "node-superagent/1.4.0"
52.33.40.213 - - [02/Mar/2016:11:49:21 -0800] "GET /lib/reccapi.php?resort=49degreesnorth HTTP/1.1" 200 1059 "-" "node-superagent/1.4.0"
170.75.162.130 - - [02/Mar/2016:11:52:29 -0800] "GET /lib/reccapi.php?resort=aspenheights HTTP/1.1" 200 1114 "-" "node-superagent/1.4.0"
170.75.162.130 - - [02/Mar/2016:11:52:29 -0800] "GET /lib/reccapi.php?resort=arapahoebasin HTTP/1.1" 200 1094 "-" "node-superagent/1.4.0"
170.75.162.130 - - [02/Mar/2016:11:52:29 -0800] "GET /lib/reccapi.php?resort=aspenmountain HTTP/1.1" 200 1035 "-" "node-superagent/1.4.0"
170.75.162.130 - - [02/Mar/2016:11:52:29 -0800] "GET /lib/reccapi.php?resort=coppermountain HTTP/1.1" 200 1141 "-" "node-superagent/1.4.0"
170.75.162.130 - - [02/Mar/2016:11:52:29 -0800] "GET /lib/reccapi.php?resort=crestedbutte HTTP/1.1" 200 1033 "-" "node-superagent/1.4.0"
170.75.162.130 - - [02/Mar/2016:11:52:29 -0800] "GET /lib/reccapi.php?resort=keystone HTTP/1.1" 200 1121 "-" "node-superagent/1.4.0"
170.75.162.130 - - [02/Mar/2016:11:52:29 -0800] "GET /lib/reccapi.php?resort=buttermilk HTTP/1.1" 200 1022 "-" "node-superagent/1.4.0"
170.75.162.130 - - [02/Mar/2016:11:52:29 -0800] "GET /lib/reccapi.php?resort=loveland HTTP/1.1" 200 1079 "-" "node-superagent/1.4.0"
170.75.162.130 - - [02/Mar/2016:11:52:29 -0800] "GET /lib/reccapi.php?resort=snowmass HTTP/1.1" 200 1052 "-" "node-superagent/1.4.0"
170.75.162.130 - - [02/Mar/2016:11:52:29 -0800] "GET /lib/reccapi.php?resort=steamboat HTTP/1.1" 200 1070 "-" "node-superagent/1.4.0"
170.75.162.130 - - [02/Mar/2016:11:52:30 -0800] "GET /lib/reccapi.php?resort=telluride HTTP/1.1" 200 954 "-" "node-superagent/1.4.0"
170.75.162.130 - - [02/Mar/2016:11:52:31 -0800] "GET /lib/reccapi.php?resort=winterpark HTTP/1.1" 200 1116 "-" "node-superagent/1.4.0"
52.33.40.213 - - [02/Mar/2016:11:53:01 -0800] "GET /lib/reccapi.php?resort=bigwhite HTTP/1.1" 200 928 "-" "node-superagent/1.4.0"
52.33.40.213 - - [02/Mar/2016:11:54:11 -0800] "GET /lib/reccapi.php?resort=crestedbutte HTTP/1.1" 200 1033 "-" "node-superagent/1.4.0"
52.33.40.213 - - [02/Mar/2016:11:54:11 -0800] "GET /lib/reccapi.php?resort=diamondpeak HTTP/1.1" 200 941 "-" "node-superagent/1.4.0"
52.33.40.213 - - [02/Mar/2016:11:54:21 -0800] "GET /lib/reccapi.php?resort=devilshead HTTP/1.1" 200 950 "-" "node-superagent/1.4.0"
52.33.40.213 - - [02/Mar/2016:11:54:51 -0800] "GET /lib/reccapi.php?resort=sugarbowl HTTP/1.1" 200 974 "-" "node-superagent/1.4.0"
52.33.40.213 - - [02/Mar/2016:11:55:21 -0800] "GET /lib/reccapi.php?resort=sunpeaksresort HTTP/1.1" 200 928 "-" "node-superagent/1.4.0"
52.33.40.213 - - [02/Mar/2016:11:55:41 -0800] "GET /lib/reccapi.php?resort=redmountain HTTP/1.1" 200 916 "-" "node-superagent/1.4.0"
52.33.40.213 - - [02/Mar/2016:11:55:41 -0800] "GET /lib/reccapi.php?resort=mountainhigh HTTP/1.1" 200 1016 "-" "node-superagent/1.4.0"
52.33.40.213 - - [02/Mar/2016:11:55:41 -0800] "GET /lib/reccapi.php?resort=loveland HTTP/1.1" 200 1079 "-" "node-superagent/1.4.0"
52.33.40.213 - - [02/Mar/2016:11:56:31 -0800] "GET /lib/reccapi.php?resort=wildcatmountain HTTP/1.1" 200 1066 "-" "node-superagent/1.4.0"
52.33.40.213 - - [02/Mar/2016:11:56:31 -0800] "GET /lib/reccapi.php?resort=sierra-at-tahoe HTTP/1.1" 200 978 "-" "node-superagent/1.4.0"
170.75.162.130 - - [02/Mar/2016:11:56:49 -0800] "GET /lib/reccapi.php?resort=schweitzer HTTP/1.1" 200 1053 "-" "node-superagent/1.4.0"
52.33.40.213 - - [02/Mar/2016:11:57:01 -0800] "GET /lib/reccapi.php?resort=snowbasin HTTP/1.1" 200 970 "-" "node-superagent/1.4.0"
52.33.40.213 - - [02/Mar/2016:11:57:01 -0800] "GET /lib/reccapi.php?resort=silverstarmountain HTTP/1.1" 200 939 "-" "node-superagent/1.4.0"
170.75.162.130 - - [02/Mar/2016:11:59:32 -0800] "GET /lib/reccapi.php?resort=sugarbowl HTTP/1.1" 200 974 "-" "node-superagent/1.4.0"
98.245.68.25 - - [02/Mar/2016:12:00:38 -0800] "GET /images/wsis-logo-sm.png HTTP/1.1" 200 6108 "http://www.thebackcountry.net/" "Mozilla/5.0 (Windows NT 6.1; WOW64; rv:44.0) Gecko/20100101 Firefox/44.0"
70.211.69.34 - - [02/Mar/2016:12:03:25 -0800] "GET /images/wsis-logo-sm.png HTTP/1.1" 200 6108 "http://www.thebackcountry.net/" "Mozilla/5.0 (Linux; Android 5.0.2; VS980 4G Build/LRX22G) AppleWebKit/537.36 (KHTML, like Gecko) Chrome/48.0.2564.95 Mobile Safari/537.36"
70.89.137.61 - - [02/Mar/2016:12:12:53 -0800] "GET /images/wsis-logo-sm.png HTTP/1.1" 200 6108 "http://www.thebackcountry.net/" "Mozilla/5.0 (Windows NT 10.0; WOW64; rv:44.0) Gecko/20100101 Firefox/44.0"
52.33.40.213 - - [02/Mar/2016:12:14:32 -0800] "GET /lib/reccapi.php?resort=snowmass HTTP/1.1" 200 1052 "-" "node-superagent/1.4.0"
170.75.162.130 - - [02/Mar/2016:12:23:32 -0800] "GET /lib/reccapi.php?resort=snowbasin HTTP/1.1" 200 970 "-" "node-superagent/1.4.0"
107.185.60.248 - - [02/Mar/2016:12:23:45 -0800] "GET /images/wsis-logo-sm.png HTTP/1.1" 200 6108 "http://www.thebackcountry.net/" "Mozilla/5.0 (Windows NT 10.0; WOW64) AppleWebKit/537.36 (KHTML, like Gecko) Chrome/48.0.2564.116 Safari/537.36"
107.77.75.91 - - [02/Mar/2016:12:24:34 -0800] "GET /images/wsis-logo-sm.png HTTP/1.1" 200 6108 "http://www.thebackcountry.net/" "Mozilla/5.0 (iPhone; CPU iPhone OS 9_2_1 like Mac OS X) AppleWebKit/601.1.46 (KHTML, like Gecko) Version/9.0 Mobile/13D15 Safari/601.1"
170.75.162.130 - - [02/Mar/2016:12:25:22 -0800] "GET /lib/reccapi.php?resort=sunvalley HTTP/1.1" 200 1011 "-" "node-superagent/1.4.0"
108.89.34.52 - - [02/Mar/2016:12:31:32 -0800] "GET /images/wsis-logo-sm.png HTTP/1.1" 200 6108 "http://www.thebackcountry.net/" "Mozilla/5.0 (Macintosh; Intel Mac OS X 10_10_5) AppleWebKit/537.36 (KHTML, like Gecko) Chrome/48.0.2564.116 Safari/537.36"
180.76.15.145 - - [02/Mar/2016:12:32:08 -0800] "GET / HTTP/1.1" 200 6995 "-" "Mozilla/5.0 (compatible; Baiduspider/2.0; +http://www.baidu.com/search/spider.html)"
180.76.15.21 - - [02/Mar/2016:12:33:03 -0800] "GET / HTTP/1.1" 200 6995 "-" "Mozilla/5.0 (compatible; Baiduspider/2.0; +http://www.baidu.com/search/spider.html)"
66.249.75.114 - - [02/Mar/2016:12:41:52 -0800] "GET /lib/reccapi.php?resort=eaglecrestskiarea&date=2016-02-07 HTTP/1.1" 200 1060 "http://whereshouldiski.com/" "Mozilla/5.0 (compatible; Googlebot/2.1; +http://www.google.com/bot.html)"
66.249.75.8 - - [02/Mar/2016:12:41:53 -0800] "GET /lib/reccapi.php?fields=t&date=2016-02-07&coords=58.27%2C-134.52&size=7&sort=distance HTTP/1.1" 200 1323 "http://whereshouldiski.com/" "Mozilla/5.0 (compatible; Googlebot/2.1; +http://www.google.com/bot.html)"
66.249.75.114 - - [02/Mar/2016:12:41:54 -0800] "GET /lib/resortDataSearchD3.php?size=7&sortDate=T&resort=eaglecrestskiarea&dateStart=2016-02-05 HTTP/1.1" 200 864 "http://whereshouldiski.com/" "Mozilla/5.0 (compatible; Googlebot/2.1; +http://www.google.com/bot.html)"
170.75.162.130 - - [02/Mar/2016:12:46:45 -0800] "GET /lib/reccapi.php?resort=redmountain HTTP/1.1" 200 916 "-" "node-superagent/1.4.0"
170.75.162.130 - - [02/Mar/2016:12:49:25 -0800] "GET /lib/reccapi.php?resort=mountainhigh HTTP/1.1" 200 1016 "-" "node-superagent/1.4.0"
66.249.69.95 - - [02/Mar/2016:12:55:19 -0800] "GET /robots.txt HTTP/1.1" 200 419 "-" "Mozilla/5.0 (compatible; Googlebot/2.1; +http://www.google.com/bot.html)"
66.249.69.103 - - [02/Mar/2016:12:55:20 -0800] "GET / HTTP/1.1" 200 2615 "-" "Mozilla/5.0 (iPhone; CPU iPhone OS 8_3 like Mac OS X) AppleWebKit/600.1.4 (KHTML, like Gecko) Version/8.0 Mobile/12F70 Safari/600.1.4 (compatible; Googlebot/2.1; +http://www.google.com/bot.html)"
170.75.162.130 - - [02/Mar/2016:13:00:46 -0800] "GET /lib/reccapi.php?resort=solitude HTTP/1.1" 200 972 "-" "node-superagent/1.4.0"
185.35.62.11 - - [02/Mar/2016:13:05:39 -0800] "GET / HTTP/1.1" 200 6976 "-" "Mozilla/5.0 zgrab/0.x"
184.23.135.73 - - [02/Mar/2016:13:13:41 -0800] "GET /images/wsis-logo-sm.png HTTP/1.1" 200 6108 "http://www.thebackcountry.net/" "Mozilla/5.0 (Windows NT 6.1; WOW64) AppleWebKit/537.36 (KHTML, like Gecko) Chrome/48.0.2564.116 Safari/537.36"
52.33.40.213 - - [02/Mar/2016:13:19:25 -0800] "GET /lib/reccapi.php?resort=smugglersnotch HTTP/1.1" 200 1078 "-" "node-superagent/1.4.0"
170.75.162.130 - - [02/Mar/2016:13:25:09 -0800] "GET /lib/reccapi.php?resort=silverstarmountain HTTP/1.1" 200 939 "-" "node-superagent/1.4.0"
170.75.162.130 - - [02/Mar/2016:13:27:29 -0800] "GET /lib/reccapi.php?resort=whitefacemountain HTTP/1.1" 200 1063 "-" "node-superagent/1.4.0"
191.181.20.91 - - [02/Mar/2016:13:28:09 -0800] "GET /images/wsis-logo-sm.png HTTP/1.1" 200 6108 "http://thebackcountry.net/" "Mozilla/5.0 (Windows NT 6.1; WOW64) AppleWebKit/537.36 (KHTML, like Gecko) Chrome/32.0.1700.107 Safari/537.36"
180.76.15.137 - - [02/Mar/2016:13:31:09 -0800] "GET / HTTP/1.1" 200 6995 "-" "Mozilla/5.0 (compatible; Baiduspider/2.0; +http://www.baidu.com/search/spider.html)"
52.33.40.213 - - [02/Mar/2016:13:31:26 -0800] "GET /lib/reccapi.php?resort=buttermilk HTTP/1.1" 200 1022 "-" "node-superagent/1.4.0"
180.76.15.155 - - [02/Mar/2016:13:32:03 -0800] "GET / HTTP/1.1" 200 6995 "-" "Mozilla/5.0 (compatible; Baiduspider/2.0; +http://www.baidu.com/search/spider.html)"
128.218.42.94 - - [02/Mar/2016:13:33:36 -0800] "GET /images/wsis-logo-sm.png HTTP/1.1" 200 6108 "http://www.thebackcountry.net/" "Mozilla/5.0 (Windows NT 6.1; WOW64) AppleWebKit/537.36 (KHTML, like Gecko) Chrome/47.0.2526.80 Safari/537.36"
207.46.13.98 - - [02/Mar/2016:13:36:19 -0800] "GET / HTTP/1.1" 200 2615 "-" "Mozilla/5.0 (compatible; bingbot/2.0; +http://www.bing.com/bingbot.htm)"
170.75.162.130 - - [02/Mar/2016:13:38:50 -0800] "GET /lib/reccapi.php?resort=snowbird HTTP/1.1" 200 999 "-" "node-superagent/1.4.0"
170.75.162.130 - - [02/Mar/2016:13:44:01 -0800] "GET /lib/reccapi.php?resort=alpinemeadows HTTP/1.1" 200 983 "-" "node-superagent/1.4.0"
66.249.75.114 - - [02/Mar/2016:14:07:34 -0800] "GET /robots.txt HTTP/1.1" 200 419 "-" "Mozilla/5.0 (compatible; Googlebot/2.1; +http://www.google.com/bot.html)"
66.249.75.121 - - [02/Mar/2016:14:07:34 -0800] "GET /lib/reccapi.php?resort=eaglecrestskiarea&date=2016-02-08 HTTP/1.1" 200 1032 "http://whereshouldiski.com/" "Mozilla/5.0 (compatible; Googlebot/2.1; +http://www.google.com/bot.html)"
66.249.75.114 - - [02/Mar/2016:14:07:36 -0800] "GET /lib/resortDataSearchD3.php?size=7&sortDate=T&resort=eaglecrestskiarea&dateStart=2016-02-06 HTTP/1.1" 200 866 "http://whereshouldiski.com/" "Mozilla/5.0 (compatible; Googlebot/2.1; +http://www.google.com/bot.html)"
66.249.75.114 - - [02/Mar/2016:14:07:36 -0800] "GET /lib/reccapi.php?fields=t&date=2016-02-08&coords=58.27%2C-134.52&size=7&sort=distance HTTP/1.1" 200 1299 "http://whereshouldiski.com/" "Mozilla/5.0 (compatible; Googlebot/2.1; +http://www.google.com/bot.html)"
66.249.75.114 - - [02/Mar/2016:14:10:11 -0800] "GET /lib/resortDataSearchD3.php?size=7&sortDate=T&resort=alpenglow&dateStart=2016-02-26 HTTP/1.1" 200 872 "http://whereshouldiski.com/" "Mozilla/5.0 (compatible; Googlebot/2.1; +http://www.google.com/bot.html)"
170.75.162.130 - - [02/Mar/2016:14:17:25 -0800] "GET /lib/reccapi.php?resort=alyeska HTTP/1.1" 200 962 "-" "node-superagent/1.4.0"
50.168.106.120 - - [02/Mar/2016:14:19:05 -0800] "GET /images/wsis-logo-sm.png HTTP/1.1" 200 6108 "http://www.thebackcountry.net/" "Mozilla/5.0 (iPad; CPU OS 9_2_1 like Mac OS X) AppleWebKit/601.1.46 (KHTML, like Gecko) Version/9.0 Mobile/13D15 Safari/601.1"
170.75.162.130 - - [02/Mar/2016:14:19:45 -0800] "GET /lib/reccapi.php?resort=devilshead HTTP/1.1" 200 950 "-" "node-superagent/1.4.0"
79.55.129.251 - - [02/Mar/2016:14:30:00 -0800] "GET /images/wsis-logo-sm.png HTTP/1.1" 200 6108 "http://www.thebackcountry.net/" "Mozilla/5.0 (Windows NT 10.0; WOW64) AppleWebKit/537.36 (KHTML, like Gecko) Chrome/48.0.2564.116 Safari/537.36"
170.75.162.130 - - [02/Mar/2016:14:30:46 -0800] "GET /lib/reccapi.php?resort=bigwhite HTTP/1.1" 200 928 "-" "node-superagent/1.4.0"
180.76.15.34 - - [02/Mar/2016:14:31:53 -0800] "GET / HTTP/1.1" 200 6995 "-" "Mozilla/5.0 (compatible; Baiduspider/2.0; +http://www.baidu.com/search/spider.html)"
180.76.15.30 - - [02/Mar/2016:14:32:49 -0800] "GET / HTTP/1.1" 200 6995 "-" "Mozilla/5.0 (compatible; Baiduspider/2.0; +http://www.baidu.com/search/spider.html)"
170.75.162.130 - - [02/Mar/2016:14:33:27 -0800] "GET /lib/reccapi.php?resort=chinapeak HTTP/1.1" 200 986 "-" "node-superagent/1.4.0"
170.75.162.130 - - [02/Mar/2016:14:33:27 -0800] "GET /lib/reccapi.php?resort=heavenly HTTP/1.1" 200 991 "-" "node-superagent/1.4.0"
170.75.162.130 - - [02/Mar/2016:14:33:27 -0800] "GET /lib/reccapi.php?resort=homewoodmountain HTTP/1.1" 200 996 "-" "node-superagent/1.4.0"
170.75.162.130 - - [02/Mar/2016:14:33:27 -0800] "GET /lib/reccapi.php?resort=kirkwood HTTP/1.1" 200 995 "-" "node-superagent/1.4.0"
170.75.162.130 - - [02/Mar/2016:14:33:27 -0800] "GET /lib/reccapi.php?resort=northstar-at-tahoe HTTP/1.1" 200 975 "-" "node-superagent/1.4.0"
170.75.162.130 - - [02/Mar/2016:14:33:28 -0800] "GET /lib/reccapi.php?resort=squawvalleyusa HTTP/1.1" 200 993 "-" "node-superagent/1.4.0"
65.113.105.226 - - [02/Mar/2016:14:37:02 -0800] "GET /images/wsis-logo-sm.png HTTP/1.1" 200 6108 "http://www.thebackcountry.net/" "Mozilla/5.0 (Macintosh; Intel Mac OS X 10_11_3) AppleWebKit/601.4.4 (KHTML, like Gecko) Version/9.0.3 Safari/601.4.4"
170.75.162.130 - - [02/Mar/2016:14:44:38 -0800] "GET /lib/reccapi.php?resort=whistlerblackcomb HTTP/1.1" 200 936 "-" "node-superagent/1.4.0"
170.75.162.130 - - [02/Mar/2016:14:44:48 -0800] "GET /lib/reccapi.php?resort=diamondpeak HTTP/1.1" 200 941 "-" "node-superagent/1.4.0"
170.75.162.130 - - [02/Mar/2016:14:47:29 -0800] "GET /lib/reccapi.php?resort=sugarloaf HTTP/1.1" 200 1022 "-" "node-superagent/1.4.0"
170.75.162.130 - - [02/Mar/2016:14:47:29 -0800] "GET /lib/reccapi.php?resort=sundayriver HTTP/1.1" 200 1007 "-" "node-superagent/1.4.0"
24.10.101.66 - - [02/Mar/2016:14:54:09 -0800] "GET /images/wsis-logo-sm.png HTTP/1.1" 200 6108 "http://www.thebackcountry.net/" "Mozilla/5.0 (Macintosh; Intel Mac OS X 10_9_5) AppleWebKit/601.4.4 (KHTML, like Gecko) Version/9.0.3 Safari/537.86.4"
170.75.162.130 - - [02/Mar/2016:14:55:09 -0800] "GET /lib/reccapi.php?resort=jacksonhole HTTP/1.1" 200 1084 "-" "node-superagent/1.4.0"
170.75.162.130 - - [02/Mar/2016:14:55:29 -0800] "GET /lib/reccapi.php?resort=bigsky HTTP/1.1" 200 1074 "-" "node-superagent/1.4.0"
170.75.162.130 - - [02/Mar/2016:14:55:29 -0800] "GET /lib/reccapi.php?resort=redlodge HTTP/1.1" 200 1121 "-" "node-superagent/1.4.0"
52.33.40.213 - - [02/Mar/2016:14:57:00 -0800] "GET /lib/reccapi.php?resort=mountspokane HTTP/1.1" 200 1031 "-" "node-superagent/1.4.0"
52.33.40.213 - - [02/Mar/2016:14:57:00 -0800] "GET /lib/reccapi.php?resort=mountbachelor HTTP/1.1" 200 1004 "-" "node-superagent/1.4.0"
52.33.40.213 - - [02/Mar/2016:14:58:10 -0800] "GET /lib/reccapi.php?resort=schweitzer HTTP/1.1" 200 1053 "-" "node-superagent/1.4.0"
52.33.40.213 - - [02/Mar/2016:14:58:20 -0800] "GET /lib/reccapi.php?resort=stevenspass HTTP/1.1" 200 1085 "-" "node-superagent/1.4.0"
170.75.162.130 - - [02/Mar/2016:15:00:50 -0800] "GET /lib/reccapi.php?resort=cannonmountain HTTP/1.1" 200 1082 "-" "node-superagent/1.4.0"
170.75.162.130 - - [02/Mar/2016:15:00:50 -0800] "GET /lib/reccapi.php?resort=jaypeak HTTP/1.1" 200 1088 "-" "node-superagent/1.4.0"
170.75.162.130 - - [02/Mar/2016:15:00:50 -0800] "GET /lib/reccapi.php?resort=madriverglen HTTP/1.1" 200 1074 "-" "node-superagent/1.4.0"
170.75.162.130 - - [02/Mar/2016:15:00:51 -0800] "GET /lib/reccapi.php?resort=smugglersnotch HTTP/1.1" 200 1078 "-" "node-superagent/1.4.0"
170.75.162.130 - - [02/Mar/2016:15:00:51 -0800] "GET /lib/reccapi.php?resort=stowe HTTP/1.1" 200 1065 "-" "node-superagent/1.4.0"
170.75.162.130 - - [02/Mar/2016:15:00:51 -0800] "GET /lib/reccapi.php?resort=sugarbush HTTP/1.1" 200 1078 "-" "node-superagent/1.4.0"
170.75.162.130 - - [02/Mar/2016:15:00:51 -0800] "GET /lib/reccapi.php?resort=wildcatmountain HTTP/1.1" 200 1066 "-" "node-superagent/1.4.0"
66.249.75.121 - - [02/Mar/2016:15:07:56 -0800] "GET /lib/reccapi.php?resort=eaglecrestskiarea&date=2016-02-10 HTTP/1.1" 200 1001 "http://whereshouldiski.com/" "Mozilla/5.0 (compatible; Googlebot/2.1; +http://www.google.com/bot.html)"
66.249.75.8 - - [02/Mar/2016:15:07:58 -0800] "GET /lib/reccapi.php?fields=t&date=2016-02-10&coords=58.27%2C-134.52&size=7&sort=distance HTTP/1.1" 200 1261 "http://whereshouldiski.com/" "Mozilla/5.0 (compatible; Googlebot/2.1; +http://www.google.com/bot.html)"
66.249.75.8 - - [02/Mar/2016:15:07:58 -0800] "GET /lib/resortDataSearchD3.php?size=7&sortDate=T&resort=eaglecrestskiarea&dateStart=2016-02-08 HTTP/1.1" 200 872 "http://whereshouldiski.com/" "Mozilla/5.0 (compatible; Googlebot/2.1; +http://www.google.com/bot.html)"
187.64.51.192 - - [02/Mar/2016:15:22:56 -0800] "GET /setup.cgi?next_file=netgear.cfg&todo=syscmd&cmd=echo%20610cker1;&curpath=/&currentsetting.htm=1 HTTP/1.0" 404 489 "-" "Wget(linux)"
170.75.162.130 - - [02/Mar/2016:15:24:03 -0800] "GET /lib/reccapi.php?resort=killington HTTP/1.1" 200 1067 "-" "node-superagent/1.4.0"
71.140.31.214 - - [02/Mar/2016:15:27:22 -0800] "GET /images/wsis-logo-sm.png HTTP/1.1" 200 6108 "http://thebackcountry.net/" "Mozilla/5.0 (Windows NT 6.1; WOW64; rv:44.0) Gecko/20100101 Firefox/44.0"
170.75.162.130 - - [02/Mar/2016:15:27:54 -0800] "GET /lib/reccapi.php?resort=mammothmountain HTTP/1.1" 200 996 "-" "node-superagent/1.4.0"
180.76.15.31 - - [02/Mar/2016:15:28:02 -0800] "GET / HTTP/1.1" 200 6995 "-" "Mozilla/5.0 (compatible; Baiduspider/2.0; +http://www.baidu.com/search/spider.html)"
180.76.15.136 - - [02/Mar/2016:15:28:50 -0800] "GET / HTTP/1.1" 200 6995 "-" "Mozilla/5.0 (compatible; Baiduspider/2.0; +http://www.baidu.com/search/spider.html)"
66.249.75.121 - - [02/Mar/2016:15:30:05 -0800] "GET /lib/reccapi.php?resort=eaglecrestskiarea&date=2016-02-13 HTTP/1.1" 200 1030 "http://whereshouldiski.com/" "Mozilla/5.0 (compatible; Googlebot/2.1; +http://www.google.com/bot.html)"
66.249.75.114 - - [02/Mar/2016:15:30:06 -0800] "GET /lib/reccapi.php?fields=t&date=2016-02-13&coords=58.27%2C-134.52&size=7&sort=distance HTTP/1.1" 200 1322 "http://whereshouldiski.com/" "Mozilla/5.0 (compatible; Googlebot/2.1; +http://www.google.com/bot.html)"
66.249.75.8 - - [02/Mar/2016:15:30:06 -0800] "GET /lib/resortDataSearchD3.php?size=7&sortDate=T&resort=eaglecrestskiarea&dateStart=2016-02-11 HTTP/1.1" 200 872 "http://whereshouldiski.com/" "Mozilla/5.0 (compatible; Googlebot/2.1; +http://www.google.com/bot.html)"
66.249.75.114 - - [02/Mar/2016:15:32:57 -0800] "GET /lib/reccapi.php?resort=eaglecrestskiarea&date=2016-02-28 HTTP/1.1" 200 1052 "http://whereshouldiski.com/" "Mozilla/5.0 (compatible; Googlebot/2.1; +http://www.google.com/bot.html)"
66.249.75.114 - - [02/Mar/2016:15:32:59 -0800] "GET /lib/reccapi.php?fields=t&date=2016-02-28&coords=58.27%2C-134.52&size=7&sort=distance HTTP/1.1" 200 1321 "http://whereshouldiski.com/" "Mozilla/5.0 (compatible; Googlebot/2.1; +http://www.google.com/bot.html)"
66.249.75.114 - - [02/Mar/2016:15:32:59 -0800] "GET /lib/resortDataSearchD3.php?size=7&sortDate=T&resort=eaglecrestskiarea&dateStart=2016-02-26 HTTP/1.1" 200 870 "http://whereshouldiski.com/" "Mozilla/5.0 (compatible; Googlebot/2.1; +http://www.google.com/bot.html)"
220.181.108.159 - - [02/Mar/2016:15:38:08 -0800] "GET / HTTP/1.1" 200 2578 "-" "Mozilla/5.0 (Windows NT 5.1; rv:6.0.2) Gecko/20100101 Firefox/6.0.2"
52.33.40.213 - - [02/Mar/2016:15:54:33 -0800] "GET /lib/reccapi.php?resort=angelfire HTTP/1.1" 200 985 "-" "node-superagent/1.4.0"
52.33.40.213 - - [02/Mar/2016:15:56:04 -0800] "GET /lib/reccapi.php?resort=monarch HTTP/1.1" 200 1010 "-" "node-superagent/1.4.0"
52.33.40.213 - - [02/Mar/2016:15:56:04 -0800] "GET /lib/reccapi.php?resort=crystalmountain HTTP/1.1" 200 1087 "-" "node-superagent/1.4.0"
52.33.40.213 - - [02/Mar/2016:16:00:34 -0800] "GET /lib/reccapi.php?resort=alyeska HTTP/1.1" 200 960 "-" "node-superagent/1.4.0"
52.33.40.213 - - [02/Mar/2016:16:02:04 -0800] "GET /lib/reccapi.php?resort=whitefacemountain HTTP/1.1" 200 1064 "-" "node-superagent/1.4.0"
66.249.75.121 - - [02/Mar/2016:16:02:26 -0800] "GET /lib/reccapi.php?resort=eldora&date=2016-02-23 HTTP/1.1" 200 1080 "http://whereshouldiski.com/" "Mozilla/5.0 (compatible; Googlebot/2.1; +http://www.google.com/bot.html)"
66.249.75.114 - - [02/Mar/2016:16:02:27 -0800] "GET /lib/resortDataSearchD3.php?size=7&sortDate=T&resort=eldora&dateStart=2016-02-21 HTTP/1.1" 200 869 "http://whereshouldiski.com/" "Mozilla/5.0 (compatible; Googlebot/2.1; +http://www.google.com/bot.html)"
66.249.75.121 - - [02/Mar/2016:16:02:28 -0800] "GET /lib/reccapi.php?fields=t&date=2016-02-23&coords=39.94%2C-105.59&size=7&sort=distance HTTP/1.1" 200 1337 "http://whereshouldiski.com/" "Mozilla/5.0 (compatible; Googlebot/2.1; +http://www.google.com/bot.html)"
69.62.181.110 - - [02/Mar/2016:16:09:35 -0800] "GET /images/wsis-logo-sm.png HTTP/1.1" 200 6108 "http://www.thebackcountry.net/" "Mozilla/5.0 (Windows NT 10.0; WOW64) AppleWebKit/537.36 (KHTML, like Gecko) Chrome/48.0.2564.116 Safari/537.36"
91.121.141.219 - - [02/Mar/2016:16:11:22 -0800] "GET / HTTP/1.0" 200 2615 "-" "Mozilla/5.0 (Windows NT 6.3; WOW64) AppleWebKit/537.36 (KHTML, like Gecko) Chrome/34.0.1847.137 Safari/537.36"
125.255.138.162 - - [02/Mar/2016:16:13:55 -0800] "GET /images/wsis-logo-sm.png HTTP/1.1" 200 6108 "http://www.thebackcountry.net/" "Mozilla/5.0 (Macintosh; Intel Mac OS X 10.6; rv:45.0) Gecko/20100101 Firefox/45.0"
200.125.244.10 - - [02/Mar/2016:16:15:14 -0800] "GET /images/wsis-logo-sm.png HTTP/1.1" 200 6108 "http://thebackcountry.net/" "Mozilla/5.0 (Windows NT 6.1; WOW64) AppleWebKit/537.36 (KHTML, like Gecko) Chrome/32.0.1700.107 Safari/537.36"
99.157.73.50 - - [02/Mar/2016:16:19:03 -0800] "GET /images/wsis-logo-sm.png HTTP/1.1" 200 6108 "http://www.thebackcountry.net/" "Mozilla/5.0 (Windows NT 6.1; WOW64; Trident/7.0; rv:11.0) like Gecko"
99.157.73.50 - - [02/Mar/2016:16:19:24 -0800] "-" 408 0 "-" "-"
170.75.162.130 - - [02/Mar/2016:16:24:41 -0800] "GET /lib/reccapi.php?resort=crystalmountain HTTP/1.1" 200 1087 "-" "node-superagent/1.4.0"
170.75.162.130 - - [02/Mar/2016:16:25:01 -0800] "GET /lib/reccapi.php?resort=stevenspass HTTP/1.1" 200 1085 "-" "node-superagent/1.4.0"
99.157.73.50 - - [02/Mar/2016:16:26:04 -0800] "-" 408 0 "-" "-"
180.76.15.33 - - [02/Mar/2016:16:32:26 -0800] "GET / HTTP/1.1" 200 6995 "-" "Mozilla/5.0 (compatible; Baiduspider/2.0; +http://www.baidu.com/search/spider.html)"
180.76.15.20 - - [02/Mar/2016:16:33:26 -0800] "GET / HTTP/1.1" 200 6995 "-" "Mozilla/5.0 (compatible; Baiduspider/2.0; +http://www.baidu.com/search/spider.html)"
170.75.162.130 - - [02/Mar/2016:16:36:33 -0800] "GET /lib/reccapi.php?resort=snowbasin HTTP/1.1" 200 971 "-" "node-superagent/1.4.0"
71.48.63.140 - - [02/Mar/2016:16:46:41 -0800] "GET /images/wsis-logo-sm.png HTTP/1.1" 200 6108 "http://www.thebackcountry.net/" "Mozilla/5.0 (Windows NT 6.1; WOW64) AppleWebKit/537.36 (KHTML, like Gecko) Chrome/48.0.2564.116 Safari/537.36"
66.249.75.114 - - [02/Mar/2016:16:47:11 -0800] "GET /lib/reccapi.php?resort=eldora&date=2016-02-25 HTTP/1.1" 200 995 "http://whereshouldiski.com/" "Mozilla/5.0 (compatible; Googlebot/2.1; +http://www.google.com/bot.html)"
66.249.75.114 - - [02/Mar/2016:16:47:13 -0800] "GET /lib/reccapi.php?fields=t&date=2016-02-25&coords=39.94%2C-105.59&size=7&sort=distance HTTP/1.1" 200 1331 "http://whereshouldiski.com/" "Mozilla/5.0 (compatible; Googlebot/2.1; +http://www.google.com/bot.html)"
66.249.75.121 - - [02/Mar/2016:16:47:13 -0800] "GET /lib/resortDataSearchD3.php?size=7&sortDate=T&resort=eldora&dateStart=2016-02-23 HTTP/1.1" 200 863 "http://whereshouldiski.com/" "Mozilla/5.0 (compatible; Googlebot/2.1; +http://www.google.com/bot.html)"
71.140.31.214 - - [02/Mar/2016:16:50:11 -0800] "GET /images/wsis-logo-sm.png HTTP/1.1" 200 6108 "http://thebackcountry.net/" "Mozilla/4.0 (compatible; MSIE 8.0; Windows NT 5.1; Trident/4.0; .NET CLR 2.0.50727; .NET CLR 3.0.4506.2152; .NET CLR 3.5.30729; 786908940603; Build/14.08001)"
52.33.40.213 - - [02/Mar/2016:16:55:36 -0800] "GET /lib/reccapi.php?resort=aspenmountain HTTP/1.1" 200 1033 "-" "node-superagent/1.4.0"
50.168.112.175 - - [02/Mar/2016:16:59:37 -0800] "GET /images/wsis-logo-sm.png HTTP/1.1" 200 6108 "http://www.thebackcountry.net/" "Mozilla/5.0 (iPad; CPU OS 9_2_1 like Mac OS X) AppleWebKit/601.1.46 (KHTML, like Gecko) Version/9.0 Mobile/13D15 Safari/601.1"
107.142.104.227 - - [02/Mar/2016:17:17:39 -0800] "GET /images/wsis-logo-sm.png HTTP/1.1" 200 6108 "http://www.thebackcountry.net/" "Mozilla/5.0 (iPhone; CPU iPhone OS 9_2_1 like Mac OS X) AppleWebKit/601.1.46 (KHTML, like Gecko) Version/9.0 Mobile/13D15 Safari/601.1"
50.174.68.9 - - [02/Mar/2016:17:21:14 -0800] "GET /images/wsis-logo-sm.png HTTP/1.1" 200 6108 "http://www.thebackcountry.net/" "Mozilla/5.0 (Macintosh; Intel Mac OS X 10_11_2) AppleWebKit/537.36 (KHTML, like Gecko) Chrome/48.0.2564.116 Safari/537.36"
180.76.15.11 - - [02/Mar/2016:17:21:22 -0800] "GET /styles/ee08faa9.main.css HTTP/1.1" 200 19410 "-" "Mozilla/5.0 (compatible; Baiduspider/2.0; +http://www.baidu.com/search/spider.html)"
52.33.40.213 - - [02/Mar/2016:17:21:38 -0800] "GET /lib/reccapi.php?resort=chinapeak HTTP/1.1" 200 986 "-" "node-superagent/1.4.0"
52.33.40.213 - - [02/Mar/2016:17:21:58 -0800] "GET /lib/reccapi.php?resort=mtrose HTTP/1.1" 200 986 "-" "node-superagent/1.4.0"
52.33.40.213 - - [02/Mar/2016:17:23:08 -0800] "GET /lib/reccapi.php?resort=homewoodmountain HTTP/1.1" 200 994 "-" "node-superagent/1.4.0"
180.76.15.29 - - [02/Mar/2016:17:29:23 -0800] "GET / HTTP/1.1" 200 6995 "-" "Mozilla/5.0 (compatible; Baiduspider/2.0; +http://www.baidu.com/search/spider.html)"
62.4.22.54 - - [02/Mar/2016:17:29:27 -0800] "GET / HTTP/1.1" 200 2615 "-" "Stratagems Kumo"
62.4.22.54 - - [02/Mar/2016:17:29:27 -0800] "GET /robots.txt HTTP/1.1" 200 419 "-" "Stratagems Kumo"
123.125.71.75 - - [02/Mar/2016:17:29:32 -0800] "GET / HTTP/1.1" 200 2578 "-" "Mozilla/5.0 (Windows NT 5.1; rv:6.0.2) Gecko/20100101 Firefox/6.0.2"
123.125.71.117 - - [02/Mar/2016:17:29:37 -0800] "GET / HTTP/1.1" 200 6995 "-" "Mozilla/5.0 (Windows NT 5.1; rv:6.0.2) Gecko/20100101 Firefox/6.0.2"
180.76.15.27 - - [02/Mar/2016:17:30:15 -0800] "GET / HTTP/1.1" 200 6995 "-" "Mozilla/5.0 (compatible; Baiduspider/2.0; +http://www.baidu.com/search/spider.html)"
12.37.163.2 - - [02/Mar/2016:17:31:11 -0800] "GET /images/wsis-logo-sm.png HTTP/1.1" 200 6108 "http://www.thebackcountry.net/" "Mozilla/5.0 (Windows NT 6.1; WOW64; Trident/7.0; rv:11.0) like Gecko"
12.37.163.2 - - [02/Mar/2016:17:31:32 -0800] "-" 408 0 "-" "-"
170.75.162.130 - - [02/Mar/2016:17:35:11 -0800] "GET /lib/reccapi.php?resort=brighton HTTP/1.1" 200 1004 "-" "node-superagent/1.4.0"
52.33.40.213 - - [02/Mar/2016:17:43:40 -0800] "GET /lib/reccapi.php?resort=parkcity HTTP/1.1" 200 1005 "-" "node-superagent/1.4.0"
52.33.40.213 - - [02/Mar/2016:17:46:50 -0800] "GET /lib/reccapi.php?resort=redlodge HTTP/1.1" 200 1068 "-" "node-superagent/1.4.0"
142.254.104.90 - - [02/Mar/2016:17:48:07 -0800] "GET /images/wsis-logo-sm.png HTTP/1.1" 200 6108 "http://www.thebackcountry.net/" "Mozilla/5.0 (Macintosh; Intel Mac OS X 10_11_3) AppleWebKit/601.4.4 (KHTML, like Gecko) Version/9.0.3 Safari/601.4.4"
73.222.201.192 - - [02/Mar/2016:18:09:55 -0800] "GET /images/wsis-logo-sm.png HTTP/1.1" 200 6108 "http://www.thebackcountry.net/" "Mozilla/5.0 (iPad; CPU OS 9_2_1 like Mac OS X) AppleWebKit/601.1.46 (KHTML, like Gecko) Version/9.0 Mobile/13D15 Safari/601.1"
170.75.162.130 - - [02/Mar/2016:18:10:46 -0800] "GET /lib/reccapi.php?resort=buttermilk HTTP/1.1" 200 1022 "-" "node-superagent/1.4.0"
170.75.162.130 - - [02/Mar/2016:18:10:46 -0800] "GET /lib/reccapi.php?resort=solitude HTTP/1.1" 200 973 "-" "node-superagent/1.4.0"
177.86.83.81 - - [02/Mar/2016:18:13:22 -0800] "-" 408 0 "-" "-"
180.76.15.136 - - [02/Mar/2016:18:13:26 -0800] "GET /resorts?resort=sunpeaksresort HTTP/1.1" 404 469 "-" "Mozilla/5.0 (compatible; Baiduspider/2.0; +http://www.baidu.com/search/spider.html)"
75.141.215.32 - - [02/Mar/2016:18:20:17 -0800] "GET /images/wsis-logo-sm.png HTTP/1.1" 200 6108 "http://www.thebackcountry.net/" "Mozilla/5.0 (Windows NT 6.1; WOW64) AppleWebKit/537.36 (KHTML, like Gecko) Chrome/48.0.2564.116 Safari/537.36"
52.33.40.213 - - [02/Mar/2016:18:21:42 -0800] "GET /lib/reccapi.php?resort=bigsky HTTP/1.1" 200 1006 "-" "node-superagent/1.4.0"
52.33.40.213 - - [02/Mar/2016:18:21:52 -0800] "GET /lib/reccapi.php?resort=jaypeak HTTP/1.1" 200 1085 "-" "node-superagent/1.4.0"
180.76.15.28 - - [02/Mar/2016:18:27:51 -0800] "GET / HTTP/1.1" 200 6995 "-" "Mozilla/5.0 (compatible; Baiduspider/2.0; +http://www.baidu.com/search/spider.html)"
180.76.15.137 - - [02/Mar/2016:18:28:37 -0800] "GET / HTTP/1.1" 200 6995 "-" "Mozilla/5.0 (compatible; Baiduspider/2.0; +http://www.baidu.com/search/spider.html)"
170.75.162.130 - - [02/Mar/2016:18:30:59 -0800] "GET /lib/reccapi.php?resort=angelfire HTTP/1.1" 200 984 "-" "node-superagent/1.4.0"
170.75.162.130 - - [02/Mar/2016:18:30:59 -0800] "GET /lib/reccapi.php?resort=taos HTTP/1.1" 200 949 "-" "node-superagent/1.4.0"
51.255.65.87 - - [02/Mar/2016:18:42:21 -0800] "GET /images/forecasts/Tahoe-20121219.png HTTP/1.1" 404 468 "-" "Mozilla/5.0 (compatible; AhrefsBot/5.0; +http://ahrefs.com/robot/)"
50.76.42.142 - - [02/Mar/2016:18:44:35 -0800] "GET /images/wsis-logo-sm.png HTTP/1.1" 200 6108 "http://www.thebackcountry.net/" "Mozilla/5.0 (Windows NT 6.1; WOW64) AppleWebKit/537.36 (KHTML, like Gecko) Chrome/48.0.2564.116 Safari/537.36"
52.33.40.213 - - [02/Mar/2016:18:45:13 -0800] "GET /lib/reccapi.php?resort=northstar-at-tahoe HTTP/1.1" 200 976 "-" "node-superagent/1.4.0"
52.33.40.213 - - [02/Mar/2016:18:45:43 -0800] "GET /lib/reccapi.php?resort=telluride HTTP/1.1" 200 959 "-" "node-superagent/1.4.0"
52.33.40.213 - - [02/Mar/2016:18:46:03 -0800] "GET /lib/reccapi.php?resort=solitude HTTP/1.1" 200 973 "-" "node-superagent/1.4.0"
52.33.40.213 - - [02/Mar/2016:18:46:03 -0800] "GET /lib/reccapi.php?resort=deervalley HTTP/1.1" 200 976 "-" "node-superagent/1.4.0"
170.75.162.130 - - [02/Mar/2016:18:49:11 -0800] "GET /lib/reccapi.php?resort=whistlerblackcomb HTTP/1.1" 200 935 "-" "node-superagent/1.4.0"
66.249.75.8 - - [02/Mar/2016:18:49:23 -0800] "GET /resorts?resort=coppermountain HTTP/1.1" 404 506 "-" "SAMSUNG-SGH-E250/1.0 Profile/MIDP-2.0 Configuration/CLDC-1.1 UP.Browser/6.2.3.3.c.1.101 (GUI) MMP/2.0 (compatible; Googlebot-Mobile/2.1; +http://www.google.com/bot.html)"
66.249.75.114 - - [02/Mar/2016:18:49:32 -0800] "GET /resorts?resort=coppermountain HTTP/1.1" 404 506 "-" "DoCoMo/2.0 N905i(c100;TB;W24H16) (compatible; Googlebot-Mobile/2.1; +http://www.google.com/bot.html)"
170.75.162.130 - - [02/Mar/2016:18:50:01 -0800] "GET /lib/reccapi.php?resort=sierra-at-tahoe HTTP/1.1" 200 978 "-" "node-superagent/1.4.0"
170.75.162.130 - - [02/Mar/2016:18:53:12 -0800] "GET /lib/reccapi.php?resort=hoodoo HTTP/1.1" 200 977 "-" "node-superagent/1.4.0"
170.75.162.130 - - [02/Mar/2016:18:57:12 -0800] "GET /lib/reccapi.php?resort=49degreesnorth HTTP/1.1" 200 1062 "-" "node-superagent/1.4.0"
52.33.40.213 - - [02/Mar/2016:19:00:14 -0800] "GET /lib/reccapi.php?resort=brighton HTTP/1.1" 200 1002 "-" "node-superagent/1.4.0"
52.33.40.213 - - [02/Mar/2016:19:02:14 -0800] "GET /lib/reccapi.php?resort=steamboat HTTP/1.1" 200 1021 "-" "node-superagent/1.4.0"
162.243.215.219 - - [02/Mar/2016:19:09:17 -0800] "GET /admin/ HTTP/1.1" 404 450 "-" "Mozilla/5.0 (compatible; Googlebot/2.1; +http://www.google.com/bot.html)"
73.185.75.18 - - [02/Mar/2016:19:11:09 -0800] "GET /images/wsis-logo-sm.png HTTP/1.1" 200 6108 "http://www.thebackcountry.net/" "Mozilla/5.0 (iPad; CPU OS 9_2_1 like Mac OS X) AppleWebKit/601.1.46 (KHTML, like Gecko) Version/9.0 Mobile/13D15 Safari/601.1"
66.249.75.114 - - [02/Mar/2016:19:14:06 -0800] "GET /resorts?resort=windham&date=2014-02-05 HTTP/1.1" 404 506 "-" "Mozilla/5.0 (iPhone; CPU iPhone OS 8_3 like Mac OS X) AppleWebKit/600.1.4 (KHTML, like Gecko) Version/8.0 Mobile/12F70 Safari/600.1.4 (compatible; Googlebot/2.1; +http://www.google.com/bot.html)"
170.75.162.130 - - [02/Mar/2016:19:15:05 -0800] "GET /lib/reccapi.php?resort=alta HTTP/1.1" 200 961 "-" "node-superagent/1.4.0"
170.75.162.130 - - [02/Mar/2016:19:15:05 -0800] "GET /lib/reccapi.php?resort=deervalley HTTP/1.1" 200 976 "-" "node-superagent/1.4.0"
170.75.162.130 - - [02/Mar/2016:19:15:05 -0800] "GET /lib/reccapi.php?resort=brianhead HTTP/1.1" 200 969 "-" "node-superagent/1.4.0"
170.75.162.130 - - [02/Mar/2016:19:17:45 -0800] "GET /lib/reccapi.php?resort=squawvalleyusa HTTP/1.1" 200 992 "-" "node-superagent/1.4.0"
170.75.162.130 - - [02/Mar/2016:19:24:36 -0800] "GET /lib/reccapi.php?resort=killington HTTP/1.1" 200 1067 "-" "node-superagent/1.4.0"
91.108.88.123 - - [02/Mar/2016:19:29:28 -0800] "GET / HTTP/1.1" 200 6976 "-" "Mozilla/5.0 (Windows NT 6.2; rv:21.0) Gecko/20130326 Firefox/21.0"
180.76.15.154 - - [02/Mar/2016:19:33:23 -0800] "GET / HTTP/1.1" 200 6995 "-" "Mozilla/5.0 (compatible; Baiduspider/2.0; +http://www.baidu.com/search/spider.html)"
180.76.15.158 - - [02/Mar/2016:19:34:22 -0800] "GET / HTTP/1.1" 200 6995 "-" "Mozilla/5.0 (compatible; Baiduspider/2.0; +http://www.baidu.com/search/spider.html)"
123.125.71.111 - - [02/Mar/2016:19:35:08 -0800] "-" 408 0 "-" "-"
220.181.108.187 - - [02/Mar/2016:19:38:53 -0800] "GET / HTTP/1.1" 200 2578 "-" "Mozilla/5.0 (Windows NT 5.1; rv:6.0.2) Gecko/20100101 Firefox/6.0.2"
220.181.108.139 - - [02/Mar/2016:19:38:54 -0800] "GET / HTTP/1.1" 200 6995 "-" "Mozilla/5.0 (Windows NT 5.1; rv:6.0.2) Gecko/20100101 Firefox/6.0.2"
170.75.162.130 - - [02/Mar/2016:19:40:28 -0800] "GET /lib/reccapi.php?resort=bigsky HTTP/1.1" 200 1006 "-" "node-superagent/1.4.0"
170.75.162.130 - - [02/Mar/2016:19:40:28 -0800] "GET /lib/reccapi.php?resort=redlodge HTTP/1.1" 200 1065 "-" "node-superagent/1.4.0"
73.151.205.127 - - [02/Mar/2016:19:44:29 -0800] "GET /images/wsis-logo-sm.png HTTP/1.1" 200 6108 "http://www.thebackcountry.net/" "Mozilla/5.0 (Windows NT 6.3; WOW64) AppleWebKit/537.36 (KHTML, like Gecko) Chrome/48.0.2564.116 Safari/537.36"
170.75.162.130 - - [02/Mar/2016:19:44:59 -0800] "GET /lib/reccapi.php?resort=aspenheights HTTP/1.1" 200 1042 "-" "node-superagent/1.4.0"
170.75.162.130 - - [02/Mar/2016:19:44:59 -0800] "GET /lib/reccapi.php?resort=aspenmountain HTTP/1.1" 200 1032 "-" "node-superagent/1.4.0"
170.75.162.130 - - [02/Mar/2016:19:44:59 -0800] "GET /lib/reccapi.php?resort=mounthoodmeadows HTTP/1.1" 200 1054 "-" "node-superagent/1.4.0"
170.75.162.130 - - [02/Mar/2016:19:44:59 -0800] "GET /lib/reccapi.php?resort=snowmass HTTP/1.1" 200 1012 "-" "node-superagent/1.4.0"
170.75.162.130 - - [02/Mar/2016:19:45:09 -0800] "GET /lib/reccapi.php?resort=parkcity HTTP/1.1" 200 1006 "-" "node-superagent/1.4.0"
170.75.162.130 - - [02/Mar/2016:19:46:29 -0800] "GET /lib/reccapi.php?resort=grandtarghee HTTP/1.1" 200 1076 "-" "node-superagent/1.4.0"
52.33.40.213 - - [02/Mar/2016:19:59:18 -0800] "GET /lib/reccapi.php?resort=alpinemeadows HTTP/1.1" 200 984 "-" "node-superagent/1.4.0"
52.33.40.213 - - [02/Mar/2016:20:01:18 -0800] "GET /lib/reccapi.php?resort=squawvalleyusa HTTP/1.1" 200 992 "-" "node-superagent/1.4.0"
185.25.151.159 - - [02/Mar/2016:20:03:47 -0800] "GET http://testp2.czar.bielawa.pl/testproxy.php HTTP/1.1" 404 452 "-" "Mozilla/5.0 (Windows NT 5.1; rv:32.0) Gecko/20100101 Firefox/31.0"
134.213.184.188 - - [02/Mar/2016:20:07:19 -0800] "GET /CFIDE/administrator/ HTTP/1.1" 404 526 "-" "-"
50.98.208.114 - - [02/Mar/2016:20:09:41 -0800] "GET /images/wsis-logo-sm.png HTTP/1.1" 200 6108 "http://www.thebackcountry.net/" "Mozilla/5.0 (Macintosh; Intel Mac OS X 10_9_5) AppleWebKit/537.36 (KHTML, like Gecko) Chrome/48.0.2564.116 Safari/537.36"
172.79.73.158 - - [02/Mar/2016:20:11:06 -0800] "GET /images/wsis-logo-sm.png HTTP/1.1" 200 6108 "http://www.thebackcountry.net/" "Mozilla/5.0 (Macintosh; Intel Mac OS X 10_11_1) AppleWebKit/601.2.7 (KHTML, like Gecko) Version/9.0.1 Safari/601.2.7"
52.33.40.213 - - [02/Mar/2016:20:18:49 -0800] "GET /lib/reccapi.php?resort=arapahoebasin HTTP/1.1" 200 1048 "-" "node-superagent/1.4.0"
52.33.40.213 - - [02/Mar/2016:20:19:09 -0800] "GET /lib/reccapi.php?resort=coppermountain HTTP/1.1" 200 1025 "-" "node-superagent/1.4.0"
52.33.40.213 - - [02/Mar/2016:20:32:30 -0800] "GET /lib/reccapi.php?resort=alta HTTP/1.1" 200 961 "-" "node-superagent/1.4.0"
180.76.15.142 - - [02/Mar/2016:20:32:48 -0800] "GET / HTTP/1.1" 200 6995 "-" "Mozilla/5.0 (compatible; Baiduspider/2.0; +http://www.baidu.com/search/spider.html)"
180.76.15.134 - - [02/Mar/2016:20:33:45 -0800] "GET / HTTP/1.1" 200 6995 "-" "Mozilla/5.0 (compatible; Baiduspider/2.0; +http://www.baidu.com/search/spider.html)"
52.33.40.213 - - [02/Mar/2016:20:36:41 -0800] "GET /lib/reccapi.php?resort=sugarbowl HTTP/1.1" 200 972 "-" "node-superagent/1.4.0"
52.33.40.213 - - [02/Mar/2016:20:39:21 -0800] "GET /lib/reccapi.php?resort=mounthoodmeadows HTTP/1.1" 200 1054 "-" "node-superagent/1.4.0"
52.33.40.213 - - [02/Mar/2016:20:40:21 -0800] "GET /lib/reccapi.php?resort=brianhead HTTP/1.1" 200 969 "-" "node-superagent/1.4.0"
162.227.136.115 - - [02/Mar/2016:20:40:35 -0800] "GET /images/wsis-logo-sm.png HTTP/1.1" 200 6108 "http://www.thebackcountry.net/" "Mozilla/5.0 (Macintosh; Intel Mac OS X 10_11_3) AppleWebKit/537.36 (KHTML, like Gecko) Chrome/48.0.2564.116 Safari/537.36"
75.111.99.74 - - [02/Mar/2016:20:57:40 -0800] "GET /images/wsis-logo-sm.png HTTP/1.1" 200 6108 "http://www.thebackcountry.net/" "Mozilla/5.0 (Macintosh; Intel Mac OS X 10_7_5) AppleWebKit/537.36 (KHTML, like Gecko) Chrome/48.0.2564.116 Safari/537.36"
172.58.16.211 - - [02/Mar/2016:20:59:30 -0800] "GET /images/wsis-logo-sm.png HTTP/1.1" 200 6108 "http://www.thebackcountry.net/" "Mozilla/5.0 (Linux; Android 4.4.2; en-us; SAMSUNG SM-G386T Build/KOT49H) AppleWebKit/537.36 (KHTML, like Gecko) Version/1.6 Chrome/28.0.1500.94 Mobile Safari/537.36"
52.33.40.213 - - [02/Mar/2016:21:10:03 -0800] "GET /lib/reccapi.php?resort=killington HTTP/1.1" 200 1067 "-" "node-superagent/1.4.0"
170.75.162.130 - - [02/Mar/2016:21:10:32 -0800] "GET /lib/reccapi.php?resort=stevenspass HTTP/1.1" 200 1080 "-" "node-superagent/1.4.0"
108.197.138.236 - - [02/Mar/2016:21:12:07 -0800] "GET /images/wsis-logo-sm.png HTTP/1.1" 200 6108 "http://www.thebackcountry.net/" "Mozilla/5.0 (Macintosh; Intel Mac OS X 10_11_1) AppleWebKit/537.36 (KHTML, like Gecko) Chrome/48.0.2564.116 Safari/537.36"
52.33.40.213 - - [02/Mar/2016:21:13:03 -0800] "GET /lib/reccapi.php?resort=sunvalley HTTP/1.1" 200 1017 "-" "node-superagent/1.4.0"
52.33.40.213 - - [02/Mar/2016:21:13:03 -0800] "GET /lib/reccapi.php?resort=taos HTTP/1.1" 200 949 "-" "node-superagent/1.4.0"
52.33.40.213 - - [02/Mar/2016:21:13:03 -0800] "GET /lib/reccapi.php?resort=jacksonhole HTTP/1.1" 200 1068 "-" "node-superagent/1.4.0"
