108.171.135.188 - - [06/Dec/2015:18:52:42 -0800] "GET /images/wsis-logo-sm.png HTTP/1.1" 200 6108 "http://thebackcountry.net/" "Mozilla/5.0 (Windows NT 6.3; WOW64; rv:41.0) Gecko/20100101 Firefox/41.0"
107.10.169.31 - - [06/Dec/2015:18:57:45 -0800] "GET /images/wsis-logo-sm.png HTTP/1.1" 200 6108 "http://thebackcountry.net/" "Mozilla/5.0 (iPhone; CPU iPhone OS 9_1 like Mac OS X) AppleWebKit/601.1.46 (KHTML, like Gecko) Version/9.0 Mobile/13B143 Safari/601.1"
220.181.108.120 - - [06/Dec/2015:18:57:49 -0800] "-" 408 0 "-" "-"
76.233.196.12 - - [06/Dec/2015:19:06:45 -0800] "GET /images/wsis-logo-sm.png HTTP/1.1" 200 6108 "http://www.thebackcountry.net/" "Mozilla/5.0 (Macintosh; Intel Mac OS X 10_11_1) AppleWebKit/601.2.7 (KHTML, like Gecko) Version/9.0.1 Safari/601.2.7"
62.210.88.201 - - [06/Dec/2015:19:18:30 -0800] "GET http://51.254.206.142/httptest.php HTTP/1.1" 404 448 "-" "-"
170.75.162.130 - - [06/Dec/2015:19:31:20 -0800] "GET /lib/reccapi.php?resort=brianhead HTTP/1.1" 200 974 "-" "node-superagent/1.4.0"
184.167.96.207 - - [06/Dec/2015:19:38:28 -0800] "GET /images/wsis-logo-sm.png HTTP/1.1" 200 6108 "http://www.thebackcountry.net/" "Mozilla/5.0 (Windows NT 6.1; WOW64) AppleWebKit/537.36 (KHTML, like Gecko) Chrome/47.0.2526.73 Safari/537.36"
123.125.71.114 - - [06/Dec/2015:19:40:54 -0800] "GET / HTTP/1.1" 200 2339 "-" "Mozilla/5.0 (Windows NT 5.1; rv:6.0.2) Gecko/20100101 Firefox/6.0.2"
123.125.71.73 - - [06/Dec/2015:19:40:58 -0800] "GET / HTTP/1.1" 200 6114 "-" "Mozilla/5.0 (Windows NT 5.1; rv:6.0.2) Gecko/20100101 Firefox/6.0.2"
180.76.15.11 - - [06/Dec/2015:19:46:34 -0800] "GET / HTTP/1.1" 200 6114 "-" "Mozilla/5.0 (compatible; Baiduspider/2.0; +http://www.baidu.com/search/spider.html)"
180.76.15.141 - - [06/Dec/2015:19:47:28 -0800] "GET / HTTP/1.1" 200 6114 "-" "Mozilla/5.0 (compatible; Baiduspider/2.0; +http://www.baidu.com/search/spider.html)"
220.181.108.92 - - [06/Dec/2015:19:56:38 -0800] "-" 408 0 "-" "-"
107.1.97.225 - - [06/Dec/2015:19:57:24 -0800] "GET / HTTP/1.1" 200 2376 "-" "Mozilla/5.0 (Macintosh; Intel Mac OS X 10_11_1) AppleWebKit/601.2.7 (KHTML, like Gecko) Version/9.0.1 Safari/601.2.7"
107.1.97.225 - - [06/Dec/2015:19:57:24 -0800] "GET /scripts/scripts/vendor/modernizr.js HTTP/1.1" 200 4903 "http://whereshouldiski.com/" "Mozilla/5.0 (Macintosh; Intel Mac OS X 10_11_1) AppleWebKit/601.2.7 (KHTML, like Gecko) Version/9.0.1 Safari/601.2.7"
107.1.97.225 - - [06/Dec/2015:19:57:24 -0800] "GET /styles/0fffd548.main.css HTTP/1.1" 200 19317 "http://whereshouldiski.com/" "Mozilla/5.0 (Macintosh; Intel Mac OS X 10_11_1) AppleWebKit/601.2.7 (KHTML, like Gecko) Version/9.0.1 Safari/601.2.7"
107.1.97.225 - - [06/Dec/2015:19:57:24 -0800] "GET /images/logo-sm.png HTTP/1.1" 200 16737 "http://whereshouldiski.com/" "Mozilla/5.0 (Macintosh; Intel Mac OS X 10_11_1) AppleWebKit/601.2.7 (KHTML, like Gecko) Version/9.0.1 Safari/601.2.7"
107.1.97.225 - - [06/Dec/2015:19:57:24 -0800] "GET /images/loading.gif HTTP/1.1" 200 13881 "http://whereshouldiski.com/" "Mozilla/5.0 (Macintosh; Intel Mac OS X 10_11_1) AppleWebKit/601.2.7 (KHTML, like Gecko) Version/9.0.1 Safari/601.2.7"
107.1.97.225 - - [06/Dec/2015:19:57:24 -0800] "GET /bower_components/requirejs/require.js HTTP/1.1" 200 6701 "http://whereshouldiski.com/" "Mozilla/5.0 (Macintosh; Intel Mac OS X 10_11_1) AppleWebKit/601.2.7 (KHTML, like Gecko) Version/9.0.1 Safari/601.2.7"
107.1.97.225 - - [06/Dec/2015:19:57:25 -0800] "GET /images/button.png HTTP/1.1" 200 598 "http://whereshouldiski.com/" "Mozilla/5.0 (Macintosh; Intel Mac OS X 10_11_1) AppleWebKit/601.2.7 (KHTML, like Gecko) Version/9.0.1 Safari/601.2.7"
107.1.97.225 - - [06/Dec/2015:19:57:25 -0800] "GET /favicon.ico HTTP/1.1" 200 1475 "http://whereshouldiski.com/" "Mozilla/5.0 (Macintosh; Intel Mac OS X 10_11_1) AppleWebKit/601.2.7 (KHTML, like Gecko) Version/9.0.1 Safari/601.2.7"
107.1.97.225 - - [06/Dec/2015:19:57:25 -0800] "GET /scripts/fa48e319.main.js HTTP/1.1" 200 123455 "http://whereshouldiski.com/" "Mozilla/5.0 (Macintosh; Intel Mac OS X 10_11_1) AppleWebKit/601.2.7 (KHTML, like Gecko) Version/9.0.1 Safari/601.2.7"
107.1.97.225 - - [06/Dec/2015:19:57:26 -0800] "GET /images/greyHeader.png HTTP/1.1" 200 508 "http://whereshouldiski.com/" "Mozilla/5.0 (Macintosh; Intel Mac OS X 10_11_1) AppleWebKit/601.2.7 (KHTML, like Gecko) Version/9.0.1 Safari/601.2.7"
107.1.97.225 - - [06/Dec/2015:19:57:26 -0800] "GET /lib/reccapi.php?fields=t HTTP/1.1" 200 1870 "http://whereshouldiski.com/" "Mozilla/5.0 (Macintosh; Intel Mac OS X 10_11_1) AppleWebKit/601.2.7 (KHTML, like Gecko) Version/9.0.1 Safari/601.2.7"
107.1.97.225 - - [06/Dec/2015:19:57:26 -0800] "GET /images/bluebird5.png HTTP/1.1" 200 2177 "http://whereshouldiski.com/" "Mozilla/5.0 (Macintosh; Intel Mac OS X 10_11_1) AppleWebKit/601.2.7 (KHTML, like Gecko) Version/9.0.1 Safari/601.2.7"
107.1.97.225 - - [06/Dec/2015:19:57:26 -0800] "GET /images/star5.png HTTP/1.1" 200 1783 "http://whereshouldiski.com/" "Mozilla/5.0 (Macintosh; Intel Mac OS X 10_11_1) AppleWebKit/601.2.7 (KHTML, like Gecko) Version/9.0.1 Safari/601.2.7"
107.1.97.225 - - [06/Dec/2015:19:57:26 -0800] "GET /images/snowflake5.png HTTP/1.1" 200 2857 "http://whereshouldiski.com/" "Mozilla/5.0 (Macintosh; Intel Mac OS X 10_11_1) AppleWebKit/601.2.7 (KHTML, like Gecko) Version/9.0.1 Safari/601.2.7"
107.1.97.225 - - [06/Dec/2015:19:57:26 -0800] "GET /images/mtns-icon.png HTTP/1.1" 200 1097 "http://whereshouldiski.com/" "Mozilla/5.0 (Macintosh; Intel Mac OS X 10_11_1) AppleWebKit/601.2.7 (KHTML, like Gecko) Version/9.0.1 Safari/601.2.7"
107.1.97.225 - - [06/Dec/2015:19:57:26 -0800] "GET /images/shading-icon.png HTTP/1.1" 200 537 "http://whereshouldiski.com/" "Mozilla/5.0 (Macintosh; Intel Mac OS X 10_11_1) AppleWebKit/601.2.7 (KHTML, like Gecko) Version/9.0.1 Safari/601.2.7"
174.62.110.136 - - [06/Dec/2015:20:06:07 -0800] "GET /images/wsis-logo-sm.png HTTP/1.1" 200 6108 "http://www.thebackcountry.net/" "Mozilla/5.0 (Windows NT 6.1; WOW64) AppleWebKit/537.36 (KHTML, like Gecko) Chrome/47.0.2526.73 Safari/537.36"
73.206.42.137 - - [06/Dec/2015:20:08:28 -0800] "GET /images/wsis-logo-sm.png HTTP/1.1" 200 6108 "http://www.thebackcountry.net/" "Mozilla/5.0 (Macintosh; Intel Mac OS X 10_11_1) AppleWebKit/537.36 (KHTML, like Gecko) Chrome/47.0.2526.73 Safari/537.36"
62.210.88.201 - - [06/Dec/2015:20:12:55 -0800] "GET http://51.254.206.142/httptest.php HTTP/1.1" 404 448 "-" "-"
73.192.223.50 - - [06/Dec/2015:20:16:59 -0800] "GET /images/wsis-logo-sm.png HTTP/1.1" 200 6108 "http://thebackcountry.net/" "Mozilla/5.0 (iPad; CPU OS 9_1 like Mac OS X) AppleWebKit/601.1.46 (KHTML, like Gecko) Version/9.0 Mobile/13B143 Safari/601.1"
107.191.0.27 - - [06/Dec/2015:20:18:28 -0800] "GET /images/wsis-logo-sm.png HTTP/1.1" 200 6108 "http://www.thebackcountry.net/" "Mozilla/5.0 (Macintosh; Intel Mac OS X 10_10_5) AppleWebKit/537.36 (KHTML, like Gecko) Chrome/47.0.2526.73 Safari/537.36"
66.249.65.66 - - [06/Dec/2015:20:19:39 -0800] "GET /robots.txt HTTP/1.1" 200 419 "-" "Mozilla/5.0 (compatible; Googlebot/2.1; +http://www.google.com/bot.html)"
66.249.65.66 - - [06/Dec/2015:20:19:40 -0800] "GET / HTTP/1.1" 200 2375 "-" "Mozilla/5.0 (iPhone; CPU iPhone OS 8_3 like Mac OS X) AppleWebKit/600.1.4 (KHTML, like Gecko) Version/8.0 Mobile/12F70 Safari/600.1.4 (compatible; Googlebot/2.1; +http://www.google.com/bot.html)"
170.75.162.130 - - [06/Dec/2015:20:24:07 -0800] "GET /lib/reccapi.php?resort=heavenly HTTP/1.1" 200 1038 "-" "node-superagent/1.4.0"
66.249.65.66 - - [06/Dec/2015:20:27:27 -0800] "GET /resorts?resort=windham&date=2014-02-05 HTTP/1.1" 404 506 "-" "Mozilla/5.0 (iPhone; CPU iPhone OS 8_3 like Mac OS X) AppleWebKit/600.1.4 (KHTML, like Gecko) Version/8.0 Mobile/12F70 Safari/600.1.4 (compatible; Googlebot/2.1; +http://www.google.com/bot.html)"
99.4.120.150 - - [06/Dec/2015:20:28:00 -0800] "GET /images/wsis-logo-sm.png HTTP/1.1" 200 6108 "http://www.thebackcountry.net/" "Mozilla/5.0 (Linux; Android 5.1.1; Nexus 5 Build/LMY48I) AppleWebKit/537.36 (KHTML, like Gecko) Chrome/47.0.2526.76 Mobile Safari/537.36"
99.4.120.150 - - [06/Dec/2015:20:30:27 -0800] "-" 408 0 "-" "-"
99.4.120.150 - - [06/Dec/2015:20:30:27 -0800] "-" 408 0 "-" "-"
24.143.115.216 - - [06/Dec/2015:20:34:17 -0800] "GET / HTTP/1.1" 200 2376 "-" "Mozilla/5.0 (Macintosh; Intel Mac OS X 10_10_5) AppleWebKit/537.36 (KHTML, like Gecko) Chrome/46.0.2490.86 Safari/537.36"
24.143.115.216 - - [06/Dec/2015:20:34:17 -0800] "GET /styles/0fffd548.main.css HTTP/1.1" 200 19316 "http://whereshouldiski.com/" "Mozilla/5.0 (Macintosh; Intel Mac OS X 10_10_5) AppleWebKit/537.36 (KHTML, like Gecko) Chrome/46.0.2490.86 Safari/537.36"
24.143.115.216 - - [06/Dec/2015:20:34:17 -0800] "GET /scripts/scripts/vendor/modernizr.js HTTP/1.1" 200 4903 "http://whereshouldiski.com/" "Mozilla/5.0 (Macintosh; Intel Mac OS X 10_10_5) AppleWebKit/537.36 (KHTML, like Gecko) Chrome/46.0.2490.86 Safari/537.36"
24.143.115.216 - - [06/Dec/2015:20:34:17 -0800] "GET /images/logo-sm.png HTTP/1.1" 200 16738 "http://whereshouldiski.com/" "Mozilla/5.0 (Macintosh; Intel Mac OS X 10_10_5) AppleWebKit/537.36 (KHTML, like Gecko) Chrome/46.0.2490.86 Safari/537.36"
24.143.115.216 - - [06/Dec/2015:20:34:17 -0800] "GET /bower_components/requirejs/require.js HTTP/1.1" 200 6701 "http://whereshouldiski.com/" "Mozilla/5.0 (Macintosh; Intel Mac OS X 10_10_5) AppleWebKit/537.36 (KHTML, like Gecko) Chrome/46.0.2490.86 Safari/537.36"
24.143.115.216 - - [06/Dec/2015:20:34:17 -0800] "GET /images/loading.gif HTTP/1.1" 200 13881 "http://whereshouldiski.com/" "Mozilla/5.0 (Macintosh; Intel Mac OS X 10_10_5) AppleWebKit/537.36 (KHTML, like Gecko) Chrome/46.0.2490.86 Safari/537.36"
24.143.115.216 - - [06/Dec/2015:20:34:17 -0800] "GET /scripts/fa48e319.main.js HTTP/1.1" 200 123455 "http://whereshouldiski.com/" "Mozilla/5.0 (Macintosh; Intel Mac OS X 10_10_5) AppleWebKit/537.36 (KHTML, like Gecko) Chrome/46.0.2490.86 Safari/537.36"
24.143.115.216 - - [06/Dec/2015:20:34:18 -0800] "GET /images/greyHeader.png HTTP/1.1" 200 508 "http://whereshouldiski.com/styles/0fffd548.main.css" "Mozilla/5.0 (Macintosh; Intel Mac OS X 10_10_5) AppleWebKit/537.36 (KHTML, like Gecko) Chrome/46.0.2490.86 Safari/537.36"
24.143.115.216 - - [06/Dec/2015:20:34:18 -0800] "GET /images/button.png HTTP/1.1" 200 598 "http://whereshouldiski.com/styles/0fffd548.main.css" "Mozilla/5.0 (Macintosh; Intel Mac OS X 10_10_5) AppleWebKit/537.36 (KHTML, like Gecko) Chrome/46.0.2490.86 Safari/537.36"
24.143.115.216 - - [06/Dec/2015:20:34:18 -0800] "GET /lib/reccapi.php?fields=t&coords=47.5927031,-122.305623 HTTP/1.1" 200 2055 "http://whereshouldiski.com/" "Mozilla/5.0 (Macintosh; Intel Mac OS X 10_10_5) AppleWebKit/537.36 (KHTML, like Gecko) Chrome/46.0.2490.86 Safari/537.36"
24.143.115.216 - - [06/Dec/2015:20:34:18 -0800] "GET /images/snowflake5.png HTTP/1.1" 200 2857 "http://whereshouldiski.com/styles/0fffd548.main.css" "Mozilla/5.0 (Macintosh; Intel Mac OS X 10_10_5) AppleWebKit/537.36 (KHTML, like Gecko) Chrome/46.0.2490.86 Safari/537.36"
24.143.115.216 - - [06/Dec/2015:20:34:18 -0800] "GET /images/star5.png HTTP/1.1" 200 1783 "http://whereshouldiski.com/styles/0fffd548.main.css" "Mozilla/5.0 (Macintosh; Intel Mac OS X 10_10_5) AppleWebKit/537.36 (KHTML, like Gecko) Chrome/46.0.2490.86 Safari/537.36"
24.143.115.216 - - [06/Dec/2015:20:34:18 -0800] "GET /images/bluebird5.png HTTP/1.1" 200 2177 "http://whereshouldiski.com/styles/0fffd548.main.css" "Mozilla/5.0 (Macintosh; Intel Mac OS X 10_10_5) AppleWebKit/537.36 (KHTML, like Gecko) Chrome/46.0.2490.86 Safari/537.36"
24.143.115.216 - - [06/Dec/2015:20:34:18 -0800] "GET /images/mtns-icon.png HTTP/1.1" 200 1096 "http://whereshouldiski.com/styles/0fffd548.main.css" "Mozilla/5.0 (Macintosh; Intel Mac OS X 10_10_5) AppleWebKit/537.36 (KHTML, like Gecko) Chrome/46.0.2490.86 Safari/537.36"
24.143.115.216 - - [06/Dec/2015:20:34:19 -0800] "GET /images/shading-icon.png HTTP/1.1" 200 536 "http://whereshouldiski.com/styles/0fffd548.main.css" "Mozilla/5.0 (Macintosh; Intel Mac OS X 10_10_5) AppleWebKit/537.36 (KHTML, like Gecko) Chrome/46.0.2490.86 Safari/537.36"
127.0.0.1 - - [06/Dec/2015:20:34:32 -0800] "OPTIONS * HTTP/1.0" 200 126 "-" "Apache/2.2.22 (Ubuntu) (internal dummy connection)"
24.143.115.216 - - [06/Dec/2015:20:34:52 -0800] "GET /lib/reccapi.php?fields=t&coords=47.5927031,-122.305623&sort=distance HTTP/1.1" 200 2031 "http://whereshouldiski.com/" "Mozilla/5.0 (Macintosh; Intel Mac OS X 10_10_5) AppleWebKit/537.36 (KHTML, like Gecko) Chrome/46.0.2490.86 Safari/537.36"
24.143.115.216 - - [06/Dec/2015:20:35:00 -0800] "GET /lib/reccapi.php?resort=snoqualmie-alpental&date=2015-12-11 HTTP/1.1" 200 996 "http://whereshouldiski.com/" "Mozilla/5.0 (Macintosh; Intel Mac OS X 10_10_5) AppleWebKit/537.36 (KHTML, like Gecko) Chrome/46.0.2490.86 Safari/537.36"
24.143.115.216 - - [06/Dec/2015:20:35:00 -0800] "GET /lib/reccapi.php?fields=t&coords=47.5927031,-122.305623&date=2015-12-11&coords=47.44%2C-121.45&size=7&sort=distance HTTP/1.1" 200 1429 "http://whereshouldiski.com/" "Mozilla/5.0 (Macintosh; Intel Mac OS X 10_10_5) AppleWebKit/537.36 (KHTML, like Gecko) Chrome/46.0.2490.86 Safari/537.36"
24.143.115.216 - - [06/Dec/2015:20:35:00 -0800] "GET /images/snowflake-med-5.png HTTP/1.1" 200 6157 "http://whereshouldiski.com/styles/0fffd548.main.css" "Mozilla/5.0 (Macintosh; Intel Mac OS X 10_10_5) AppleWebKit/537.36 (KHTML, like Gecko) Chrome/46.0.2490.86 Safari/537.36"
24.143.115.216 - - [06/Dec/2015:20:35:00 -0800] "GET /images/stars-med-5.png HTTP/1.1" 200 4123 "http://whereshouldiski.com/styles/0fffd548.main.css" "Mozilla/5.0 (Macintosh; Intel Mac OS X 10_10_5) AppleWebKit/537.36 (KHTML, like Gecko) Chrome/46.0.2490.86 Safari/537.36"
24.143.115.216 - - [06/Dec/2015:20:35:00 -0800] "GET /images/sun-med-5.png HTTP/1.1" 200 7627 "http://whereshouldiski.com/styles/0fffd548.main.css" "Mozilla/5.0 (Macintosh; Intel Mac OS X 10_10_5) AppleWebKit/537.36 (KHTML, like Gecko) Chrome/46.0.2490.86 Safari/537.36"
24.143.115.216 - - [06/Dec/2015:20:35:00 -0800] "GET /images/mtns-30px.png HTTP/1.1" 200 1201 "http://whereshouldiski.com/styles/0fffd548.main.css" "Mozilla/5.0 (Macintosh; Intel Mac OS X 10_10_5) AppleWebKit/537.36 (KHTML, like Gecko) Chrome/46.0.2490.86 Safari/537.36"
24.143.115.216 - - [06/Dec/2015:20:35:00 -0800] "GET /images/shading-53px.png HTTP/1.1" 200 547 "http://whereshouldiski.com/styles/0fffd548.main.css" "Mozilla/5.0 (Macintosh; Intel Mac OS X 10_10_5) AppleWebKit/537.36 (KHTML, like Gecko) Chrome/46.0.2490.86 Safari/537.36"
24.143.115.216 - - [06/Dec/2015:20:35:00 -0800] "GET /lib/resortDataSearchD3.php?size=7&sortDate=T&resort=snoqualmie-alpental&dateStart=2015-12-09 HTTP/1.1" 200 531 "http://whereshouldiski.com/" "Mozilla/5.0 (Macintosh; Intel Mac OS X 10_10_5) AppleWebKit/537.36 (KHTML, like Gecko) Chrome/46.0.2490.86 Safari/537.36"
24.143.115.216 - - [06/Dec/2015:20:35:00 -0800] "GET /images/snowforecast-logo.jpg HTTP/1.1" 200 22988 "http://whereshouldiski.com/" "Mozilla/5.0 (Macintosh; Intel Mac OS X 10_10_5) AppleWebKit/537.36 (KHTML, like Gecko) Chrome/46.0.2490.86 Safari/537.36"
24.143.115.216 - - [06/Dec/2015:20:35:00 -0800] "GET /images/opensnow_logo.png HTTP/1.1" 200 11776 "http://whereshouldiski.com/" "Mozilla/5.0 (Macintosh; Intel Mac OS X 10_10_5) AppleWebKit/537.36 (KHTML, like Gecko) Chrome/46.0.2490.86 Safari/537.36"
75.111.98.216 - - [06/Dec/2015:20:35:02 -0800] "GET /images/wsis-logo-sm.png HTTP/1.1" 200 6108 "http://www.thebackcountry.net/" "Mozilla/5.0 (Windows NT 6.1; WOW64) AppleWebKit/537.36 (KHTML, like Gecko) Chrome/46.0.2490.86 Safari/537.36"
24.143.115.216 - - [06/Dec/2015:20:35:15 -0800] "GET /lib/reccapi.php?fields=t&coords=47.5927031,-122.305623 HTTP/1.1" 200 2056 "http://whereshouldiski.com/" "Mozilla/5.0 (Macintosh; Intel Mac OS X 10_10_5) AppleWebKit/537.36 (KHTML, like Gecko) Chrome/46.0.2490.86 Safari/537.36"
127.0.0.1 - - [06/Dec/2015:20:35:22 -0800] "OPTIONS * HTTP/1.0" 200 126 "-" "Apache/2.2.22 (Ubuntu) (internal dummy connection)"
24.143.115.216 - - [06/Dec/2015:20:40:49 -0800] "GET /lib/reccapi.php?fields=t HTTP/1.1" 200 1871 "http://localhost:9000/" "Mozilla/5.0 (Macintosh; Intel Mac OS X 10_10_5) AppleWebKit/537.36 (KHTML, like Gecko) Chrome/46.0.2490.86 Safari/537.36"
24.143.115.216 - - [06/Dec/2015:20:40:49 -0800] "GET /lib/reccapi.php?fields=t&coords=47.5926698,-122.3056145 HTTP/1.1" 200 2058 "http://localhost:9000/" "Mozilla/5.0 (Macintosh; Intel Mac OS X 10_10_5) AppleWebKit/537.36 (KHTML, like Gecko) Chrome/46.0.2490.86 Safari/537.36"
24.143.115.216 - - [06/Dec/2015:20:41:20 -0800] "GET /lib/reccapi.php?fields=t&coords=47.5926698,-122.3056145 HTTP/1.1" 200 2059 "http://localhost:9000/" "Mozilla/5.0 (Macintosh; Intel Mac OS X 10_10_5) AppleWebKit/537.36 (KHTML, like Gecko) Chrome/46.0.2490.86 Safari/537.36"
123.125.71.116 - - [06/Dec/2015:20:41:49 -0800] "GET / HTTP/1.1" 200 2339 "-" "Mozilla/5.0 (Windows NT 5.1; rv:6.0.2) Gecko/20100101 Firefox/6.0.2"
123.125.71.77 - - [06/Dec/2015:20:41:53 -0800] "GET / HTTP/1.1" 200 6114 "-" "Mozilla/5.0 (Windows NT 5.1; rv:6.0.2) Gecko/20100101 Firefox/6.0.2"
170.75.162.130 - - [06/Dec/2015:20:44:19 -0800] "GET /lib/reccapi.php?resort=alta HTTP/1.1" 200 951 "-" "node-superagent/1.4.0"
170.75.162.130 - - [06/Dec/2015:20:44:19 -0800] "GET /lib/reccapi.php?resort=killington HTTP/1.1" 200 975 "-" "node-superagent/1.4.0"
170.75.162.130 - - [06/Dec/2015:20:44:19 -0800] "GET /lib/reccapi.php?resort=sugarloaf HTTP/1.1" 200 952 "-" "node-superagent/1.4.0"
66.249.84.244 - - [06/Dec/2015:20:45:59 -0800] "GET / HTTP/1.1" 200 2376 "-" "Google favicon"
66.249.84.244 - - [06/Dec/2015:20:45:59 -0800] "GET /favicon.ico HTTP/1.1" 200 1475 "-" "Google favicon"
66.102.6.153 - - [06/Dec/2015:20:45:59 -0800] "GET / HTTP/1.1" 200 2376 "http://www.google.com/search" "Mozilla/5.0 (X11; Linux x86_64) AppleWebKit/537.36 (KHTML, like Gecko; Google Web Preview) Chrome/27.0.1453 Safari/537.36"
66.102.6.153 - - [06/Dec/2015:20:45:59 -0800] "GET /styles/0fffd548.main.css HTTP/1.1" 200 19316 "http://whereshouldiski.com/" "Mozilla/5.0 (X11; Linux x86_64) AppleWebKit/537.36 (KHTML, like Gecko; Google Web Preview) Chrome/27.0.1453 Safari/537.36"
66.102.6.157 - - [06/Dec/2015:20:45:59 -0800] "GET /bower_components/requirejs/require.js HTTP/1.1" 200 6702 "http://whereshouldiski.com/" "Mozilla/5.0 (X11; Linux x86_64) AppleWebKit/537.36 (KHTML, like Gecko; Google Web Preview) Chrome/27.0.1453 Safari/537.36"
66.102.6.157 - - [06/Dec/2015:20:45:59 -0800] "GET /scripts/scripts/vendor/modernizr.js HTTP/1.1" 200 4903 "http://whereshouldiski.com/" "Mozilla/5.0 (X11; Linux x86_64) AppleWebKit/537.36 (KHTML, like Gecko; Google Web Preview) Chrome/27.0.1453 Safari/537.36"
66.102.6.157 - - [06/Dec/2015:20:45:59 -0800] "GET /images/loading.gif HTTP/1.1" 200 13881 "http://whereshouldiski.com/" "Mozilla/5.0 (X11; Linux x86_64) AppleWebKit/537.36 (KHTML, like Gecko; Google Web Preview) Chrome/27.0.1453 Safari/537.36"
66.102.6.157 - - [06/Dec/2015:20:45:59 -0800] "GET /images/logo-sm.png HTTP/1.1" 200 16737 "http://whereshouldiski.com/" "Mozilla/5.0 (X11; Linux x86_64) AppleWebKit/537.36 (KHTML, like Gecko; Google Web Preview) Chrome/27.0.1453 Safari/537.36"
66.102.6.157 - - [06/Dec/2015:20:46:00 -0800] "GET /scripts/fa48e319.main.js HTTP/1.1" 200 123455 "http://whereshouldiski.com/" "Mozilla/5.0 (X11; Linux x86_64) AppleWebKit/537.36 (KHTML, like Gecko; Google Web Preview) Chrome/27.0.1453 Safari/537.36"
66.102.6.157 - - [06/Dec/2015:20:46:00 -0800] "GET /images/button.png HTTP/1.1" 200 598 "http://whereshouldiski.com/" "Mozilla/5.0 (X11; Linux x86_64) AppleWebKit/537.36 (KHTML, like Gecko; Google Web Preview) Chrome/27.0.1453 Safari/537.36"
66.102.6.157 - - [06/Dec/2015:20:46:00 -0800] "GET /images/greyHeader.png HTTP/1.1" 200 508 "http://whereshouldiski.com/" "Mozilla/5.0 (X11; Linux x86_64) AppleWebKit/537.36 (KHTML, like Gecko; Google Web Preview) Chrome/27.0.1453 Safari/537.36"
66.102.6.149 - - [06/Dec/2015:20:46:00 -0800] "GET /lib/reccapi.php?fields=t HTTP/1.1" 200 1871 "http://whereshouldiski.com/" "Mozilla/5.0 (X11; Linux x86_64) AppleWebKit/537.36 (KHTML, like Gecko; Google Web Preview) Chrome/27.0.1453 Safari/537.36"
66.102.6.153 - - [06/Dec/2015:20:46:00 -0800] "GET /images/snowflake5.png HTTP/1.1" 200 2857 "http://whereshouldiski.com/" "Mozilla/5.0 (X11; Linux x86_64) AppleWebKit/537.36 (KHTML, like Gecko; Google Web Preview) Chrome/27.0.1453 Safari/537.36"
66.102.6.157 - - [06/Dec/2015:20:46:00 -0800] "GET /images/mtns-icon.png HTTP/1.1" 200 1096 "http://whereshouldiski.com/" "Mozilla/5.0 (X11; Linux x86_64) AppleWebKit/537.36 (KHTML, like Gecko; Google Web Preview) Chrome/27.0.1453 Safari/537.36"
66.102.6.149 - - [06/Dec/2015:20:46:00 -0800] "GET /images/shading-icon.png HTTP/1.1" 200 536 "http://whereshouldiski.com/" "Mozilla/5.0 (X11; Linux x86_64) AppleWebKit/537.36 (KHTML, like Gecko; Google Web Preview) Chrome/27.0.1453 Safari/537.36"
66.102.6.153 - - [06/Dec/2015:20:46:00 -0800] "GET /images/star5.png HTTP/1.1" 200 1784 "http://whereshouldiski.com/" "Mozilla/5.0 (X11; Linux x86_64) AppleWebKit/537.36 (KHTML, like Gecko; Google Web Preview) Chrome/27.0.1453 Safari/537.36"
66.102.6.149 - - [06/Dec/2015:20:46:00 -0800] "GET /images/bluebird5.png HTTP/1.1" 200 2177 "http://whereshouldiski.com/" "Mozilla/5.0 (X11; Linux x86_64) AppleWebKit/537.36 (KHTML, like Gecko; Google Web Preview) Chrome/27.0.1453 Safari/537.36"
127.0.0.1 - - [06/Dec/2015:20:46:06 -0800] "OPTIONS * HTTP/1.0" 200 126 "-" "Apache/2.2.22 (Ubuntu) (internal dummy connection)"
180.76.15.148 - - [06/Dec/2015:20:49:29 -0800] "GET / HTTP/1.1" 200 6114 "-" "Mozilla/5.0 (compatible; Baiduspider/2.0; +http://www.baidu.com/search/spider.html)"
141.8.143.217 - - [06/Dec/2015:20:50:19 -0800] "GET /robots.txt HTTP/1.1" 200 375 "-" "Mozilla/5.0 (compatible; YandexBot/3.0; +http://yandex.com/bots)"
100.43.91.17 - - [06/Dec/2015:20:50:19 -0800] "GET /robots.txt HTTP/1.1" 200 375 "-" "Mozilla/5.0 (compatible; YandexBot/3.0; +http://yandex.com/bots)"
141.8.143.217 - - [06/Dec/2015:20:50:21 -0800] "GET / HTTP/1.1" 200 2375 "-" "Mozilla/5.0 (compatible; YandexBot/3.0; +http://yandex.com/bots)"
100.43.91.17 - - [06/Dec/2015:20:50:23 -0800] "GET / HTTP/1.1" 200 2375 "-" "Mozilla/5.0 (compatible; YandexBot/3.0; +http://yandex.com/bots)"
180.76.15.142 - - [06/Dec/2015:20:50:24 -0800] "GET / HTTP/1.1" 200 6114 "-" "Mozilla/5.0 (compatible; Baiduspider/2.0; +http://www.baidu.com/search/spider.html)"
141.8.143.217 - - [06/Dec/2015:20:50:25 -0800] "GET / HTTP/1.1" 200 2375 "-" "Mozilla/5.0 (compatible; YandexBot/3.0; +http://yandex.com/bots)"
141.8.143.217 - - [06/Dec/2015:20:50:28 -0800] "GET / HTTP/1.1" 200 2375 "-" "Mozilla/5.0 (compatible; YandexBot/3.0; +http://yandex.com/bots)"
170.75.162.130 - - [06/Dec/2015:20:52:00 -0800] "GET /lib/reccapi.php?resort=kirkwood HTTP/1.1" 200 1071 "-" "node-superagent/1.4.0"
24.143.115.216 - - [06/Dec/2015:20:55:23 -0800] "GET /lib/reccapi.php?fields=t&coords=47.5926698,-122.3056145 HTTP/1.1" 200 2059 "http://localhost:9000/" "Mozilla/5.0 (Macintosh; Intel Mac OS X 10_10_5) AppleWebKit/537.36 (KHTML, like Gecko) Chrome/47.0.2526.73 Safari/537.36"
220.181.108.87 - - [06/Dec/2015:20:55:47 -0800] "-" 408 0 "-" "-"
24.143.115.216 - - [06/Dec/2015:20:58:57 -0800] "GET /lib/reccapi.php?fields=t&coords=47.5926698,-122.3056145 HTTP/1.1" 200 2059 "http://localhost:9000/" "Mozilla/5.0 (Macintosh; Intel Mac OS X 10_10_5) AppleWebKit/537.36 (KHTML, like Gecko) Chrome/47.0.2526.73 Safari/537.36"
24.143.115.216 - - [06/Dec/2015:20:59:53 -0800] "GET /lib/reccapi.php?fields=t&coords=47.5926698,-122.3056145 HTTP/1.1" 200 2059 "http://localhost:9000/" "Mozilla/5.0 (Macintosh; Intel Mac OS X 10_10_5) AppleWebKit/537.36 (KHTML, like Gecko) Chrome/47.0.2526.73 Safari/537.36"
24.143.115.216 - - [06/Dec/2015:21:00:22 -0800] "GET /lib/reccapi.php?fields=t&coords=47.5926698,-122.3056145 HTTP/1.1" 200 2059 "http://localhost:9000/" "Mozilla/5.0 (Macintosh; Intel Mac OS X 10_10_5) AppleWebKit/537.36 (KHTML, like Gecko) Chrome/47.0.2526.73 Safari/537.36"
24.143.115.216 - - [06/Dec/2015:21:00:58 -0800] "GET /lib/reccapi.php?fields=t&coords=47.5926698,-122.3056145 HTTP/1.1" 200 2059 "http://localhost:9000/" "Mozilla/5.0 (Macintosh; Intel Mac OS X 10_10_5) AppleWebKit/537.36 (KHTML, like Gecko) Chrome/47.0.2526.73 Safari/537.36"
24.143.115.216 - - [06/Dec/2015:21:01:31 -0800] "GET /lib/reccapi.php?fields=t&coords=47.5926698,-122.3056145 HTTP/1.1" 200 2059 "http://localhost:9000/" "Mozilla/5.0 (Macintosh; Intel Mac OS X 10_10_5) AppleWebKit/537.36 (KHTML, like Gecko) Chrome/47.0.2526.73 Safari/537.36"
24.143.115.216 - - [06/Dec/2015:21:04:45 -0800] "GET /lib/reccapi.php?fields=t&coords=47.5926698,-122.3056145 HTTP/1.1" 200 2059 "http://localhost:9000/" "Mozilla/5.0 (Macintosh; Intel Mac OS X 10_10_5) AppleWebKit/537.36 (KHTML, like Gecko) Chrome/47.0.2526.73 Safari/537.36"
24.143.115.216 - - [06/Dec/2015:21:06:02 -0800] "GET / HTTP/1.1" 200 2376 "-" "Mozilla/5.0 (Macintosh; Intel Mac OS X 10_10_5) AppleWebKit/537.36 (KHTML, like Gecko) Chrome/47.0.2526.73 Safari/537.36"
24.143.115.216 - - [06/Dec/2015:21:06:02 -0800] "GET /styles/0fffd548.main.css HTTP/1.1" 200 19316 "http://whereshouldiski.com/" "Mozilla/5.0 (Macintosh; Intel Mac OS X 10_10_5) AppleWebKit/537.36 (KHTML, like Gecko) Chrome/47.0.2526.73 Safari/537.36"
24.143.115.216 - - [06/Dec/2015:21:06:02 -0800] "GET /scripts/scripts/vendor/modernizr.js HTTP/1.1" 200 4903 "http://whereshouldiski.com/" "Mozilla/5.0 (Macintosh; Intel Mac OS X 10_10_5) AppleWebKit/537.36 (KHTML, like Gecko) Chrome/47.0.2526.73 Safari/537.36"
24.143.115.216 - - [06/Dec/2015:21:06:03 -0800] "GET /images/logo-sm.png HTTP/1.1" 200 16738 "http://whereshouldiski.com/" "Mozilla/5.0 (Macintosh; Intel Mac OS X 10_10_5) AppleWebKit/537.36 (KHTML, like Gecko) Chrome/47.0.2526.73 Safari/537.36"
24.143.115.216 - - [06/Dec/2015:21:06:03 -0800] "GET /bower_components/requirejs/require.js HTTP/1.1" 200 6701 "http://whereshouldiski.com/" "Mozilla/5.0 (Macintosh; Intel Mac OS X 10_10_5) AppleWebKit/537.36 (KHTML, like Gecko) Chrome/47.0.2526.73 Safari/537.36"
24.143.115.216 - - [06/Dec/2015:21:06:03 -0800] "GET /images/loading.gif HTTP/1.1" 200 13881 "http://whereshouldiski.com/" "Mozilla/5.0 (Macintosh; Intel Mac OS X 10_10_5) AppleWebKit/537.36 (KHTML, like Gecko) Chrome/47.0.2526.73 Safari/537.36"
24.143.115.216 - - [06/Dec/2015:21:06:03 -0800] "GET /scripts/fa48e319.main.js HTTP/1.1" 200 123455 "http://whereshouldiski.com/" "Mozilla/5.0 (Macintosh; Intel Mac OS X 10_10_5) AppleWebKit/537.36 (KHTML, like Gecko) Chrome/47.0.2526.73 Safari/537.36"
24.143.115.216 - - [06/Dec/2015:21:06:03 -0800] "GET /images/greyHeader.png HTTP/1.1" 200 508 "http://whereshouldiski.com/styles/0fffd548.main.css" "Mozilla/5.0 (Macintosh; Intel Mac OS X 10_10_5) AppleWebKit/537.36 (KHTML, like Gecko) Chrome/47.0.2526.73 Safari/537.36"
24.143.115.216 - - [06/Dec/2015:21:06:03 -0800] "GET /images/button.png HTTP/1.1" 200 598 "http://whereshouldiski.com/styles/0fffd548.main.css" "Mozilla/5.0 (Macintosh; Intel Mac OS X 10_10_5) AppleWebKit/537.36 (KHTML, like Gecko) Chrome/47.0.2526.73 Safari/537.36"
24.143.115.216 - - [06/Dec/2015:21:06:03 -0800] "GET /lib/reccapi.php?fields=t&coords=47.5927031,-122.305623 HTTP/1.1" 200 2055 "http://whereshouldiski.com/" "Mozilla/5.0 (Macintosh; Intel Mac OS X 10_10_5) AppleWebKit/537.36 (KHTML, like Gecko) Chrome/47.0.2526.73 Safari/537.36"
24.143.115.216 - - [06/Dec/2015:21:06:04 -0800] "GET /images/snowflake5.png HTTP/1.1" 200 2857 "http://whereshouldiski.com/styles/0fffd548.main.css" "Mozilla/5.0 (Macintosh; Intel Mac OS X 10_10_5) AppleWebKit/537.36 (KHTML, like Gecko) Chrome/47.0.2526.73 Safari/537.36"
24.143.115.216 - - [06/Dec/2015:21:06:04 -0800] "GET /images/star5.png HTTP/1.1" 200 1783 "http://whereshouldiski.com/styles/0fffd548.main.css" "Mozilla/5.0 (Macintosh; Intel Mac OS X 10_10_5) AppleWebKit/537.36 (KHTML, like Gecko) Chrome/47.0.2526.73 Safari/537.36"
24.143.115.216 - - [06/Dec/2015:21:06:04 -0800] "GET /images/bluebird5.png HTTP/1.1" 200 2177 "http://whereshouldiski.com/styles/0fffd548.main.css" "Mozilla/5.0 (Macintosh; Intel Mac OS X 10_10_5) AppleWebKit/537.36 (KHTML, like Gecko) Chrome/47.0.2526.73 Safari/537.36"
24.143.115.216 - - [06/Dec/2015:21:06:04 -0800] "GET /images/mtns-icon.png HTTP/1.1" 200 1096 "http://whereshouldiski.com/styles/0fffd548.main.css" "Mozilla/5.0 (Macintosh; Intel Mac OS X 10_10_5) AppleWebKit/537.36 (KHTML, like Gecko) Chrome/47.0.2526.73 Safari/537.36"
24.143.115.216 - - [06/Dec/2015:21:06:04 -0800] "GET /images/shading-icon.png HTTP/1.1" 200 536 "http://whereshouldiski.com/styles/0fffd548.main.css" "Mozilla/5.0 (Macintosh; Intel Mac OS X 10_10_5) AppleWebKit/537.36 (KHTML, like Gecko) Chrome/47.0.2526.73 Safari/537.36"
24.143.115.216 - - [06/Dec/2015:21:06:23 -0800] "-" 408 0 "-" "-"
24.143.115.216 - - [06/Dec/2015:21:06:23 -0800] "-" 408 0 "-" "-"
24.143.115.216 - - [06/Dec/2015:21:06:23 -0800] "-" 408 0 "-" "-"
127.0.0.1 - - [06/Dec/2015:21:06:26 -0800] "OPTIONS * HTTP/1.0" 200 126 "-" "Apache/2.2.22 (Ubuntu) (internal dummy connection)"
24.143.115.216 - - [06/Dec/2015:21:07:18 -0800] "GET /lib/reccapi.php?fields=t&coords=47.5926698,-122.3056145 HTTP/1.1" 200 2059 "http://localhost:9000/" "Mozilla/5.0 (Macintosh; Intel Mac OS X 10_10_5) AppleWebKit/537.36 (KHTML, like Gecko) Chrome/47.0.2526.73 Safari/537.36"
170.75.162.130 - - [06/Dec/2015:21:07:52 -0800] "GET /lib/reccapi.php?resort=northstar-at-tahoe HTTP/1.1" 200 1065 "-" "node-superagent/1.4.0"
24.143.115.216 - - [06/Dec/2015:21:08:15 -0800] "GET /lib/reccapi.php?fields=t&coords=47.5926698,-122.3056145 HTTP/1.1" 200 2059 "http://localhost:9000/" "Mozilla/5.0 (Macintosh; Intel Mac OS X 10_10_5) AppleWebKit/537.36 (KHTML, like Gecko) Chrome/47.0.2526.73 Safari/537.36"
24.143.115.216 - - [06/Dec/2015:21:09:44 -0800] "GET /lib/reccapi.php?fields=t&coords=47.5926698,-122.3056145 HTTP/1.1" 200 2059 "http://localhost:9000/" "Mozilla/5.0 (Macintosh; Intel Mac OS X 10_10_5) AppleWebKit/537.36 (KHTML, like Gecko) Chrome/47.0.2526.73 Safari/537.36"
24.143.115.216 - - [06/Dec/2015:21:10:28 -0800] "GET /lib/reccapi.php?fields=t&coords=47.5926698,-122.3056145 HTTP/1.1" 200 2059 "http://localhost:9000/" "Mozilla/5.0 (Macintosh; Intel Mac OS X 10_10_5) AppleWebKit/537.36 (KHTML, like Gecko) Chrome/47.0.2526.73 Safari/537.36"
24.143.115.216 - - [06/Dec/2015:21:11:21 -0800] "GET /lib/reccapi.php?fields=t&coords=47.5926698,-122.3056145 HTTP/1.1" 200 2059 "http://localhost:9000/" "Mozilla/5.0 (Macintosh; Intel Mac OS X 10_10_5) AppleWebKit/537.36 (KHTML, like Gecko) Chrome/47.0.2526.73 Safari/537.36"
24.143.115.216 - - [06/Dec/2015:21:11:59 -0800] "GET /lib/reccapi.php?fields=t&coords=47.5926698,-122.3056145 HTTP/1.1" 200 2059 "http://localhost:9000/" "Mozilla/5.0 (Macintosh; Intel Mac OS X 10_10_5) AppleWebKit/537.36 (KHTML, like Gecko) Chrome/47.0.2526.73 Safari/537.36"
24.143.115.216 - - [06/Dec/2015:21:12:26 -0800] "GET /lib/reccapi.php?fields=t&coords=47.5926698,-122.3056145 HTTP/1.1" 200 2059 "http://localhost:9000/" "Mozilla/5.0 (Macintosh; Intel Mac OS X 10_10_5) AppleWebKit/537.36 (KHTML, like Gecko) Chrome/47.0.2526.73 Safari/537.36"
24.143.115.216 - - [06/Dec/2015:21:13:19 -0800] "GET /lib/reccapi.php?fields=t&coords=47.5926698,-122.3056145 HTTP/1.1" 200 2059 "http://localhost:9000/" "Mozilla/5.0 (Macintosh; Intel Mac OS X 10_10_5) AppleWebKit/537.36 (KHTML, like Gecko) Chrome/47.0.2526.73 Safari/537.36"
24.143.115.216 - - [06/Dec/2015:21:14:31 -0800] "GET /lib/reccapi.php?fields=t&coords=47.5926698,-122.3056145 HTTP/1.1" 200 2059 "http://localhost:9000/" "Mozilla/5.0 (Macintosh; Intel Mac OS X 10_10_5) AppleWebKit/537.36 (KHTML, like Gecko) Chrome/47.0.2526.73 Safari/537.36"
24.143.115.216 - - [06/Dec/2015:21:14:57 -0800] "GET /lib/reccapi.php?fields=t&coords=47.5926698,-122.3056145 HTTP/1.1" 200 2059 "http://localhost:9000/" "Mozilla/5.0 (iPhone; CPU iPhone OS 7_0 like Mac OS X; en-us) AppleWebKit/537.51.1 (KHTML, like Gecko) Version/7.0 Mobile/11A465 Safari/9537.53"
24.143.115.216 - - [06/Dec/2015:21:15:04 -0800] "GET /lib/reccapi.php?resort=missionridge&date=2015-12-06 HTTP/1.1" 200 1117 "http://localhost:9000/" "Mozilla/5.0 (iPhone; CPU iPhone OS 7_0 like Mac OS X; en-us) AppleWebKit/537.51.1 (KHTML, like Gecko) Version/7.0 Mobile/11A465 Safari/9537.53"
24.143.115.216 - - [06/Dec/2015:21:15:04 -0800] "GET /lib/reccapi.php?fields=t&coords=47.5926698,-122.3056145&date=2015-12-06&coords=47.28%2C-120.39&size=7&sort=distance HTTP/1.1" 200 1414 "http://localhost:9000/" "Mozilla/5.0 (iPhone; CPU iPhone OS 7_0 like Mac OS X; en-us) AppleWebKit/537.51.1 (KHTML, like Gecko) Version/7.0 Mobile/11A465 Safari/9537.53"
24.143.115.216 - - [06/Dec/2015:21:15:04 -0800] "GET /lib/resortDataSearchD3.php?size=7&sortDate=T&resort=missionridge&dateStart=2015-12-04 HTTP/1.1" 200 865 "http://localhost:9000/" "Mozilla/5.0 (iPhone; CPU iPhone OS 7_0 like Mac OS X; en-us) AppleWebKit/537.51.1 (KHTML, like Gecko) Version/7.0 Mobile/11A465 Safari/9537.53"
24.143.115.216 - - [06/Dec/2015:21:15:46 -0800] "GET /lib/reccapi.php?resort=missionridge&date=2015-12-06 HTTP/1.1" 200 1117 "http://localhost:9000/" "Mozilla/5.0 (iPhone; CPU iPhone OS 7_0 like Mac OS X; en-us) AppleWebKit/537.51.1 (KHTML, like Gecko) Version/7.0 Mobile/11A465 Safari/9537.53"
24.143.115.216 - - [06/Dec/2015:21:15:46 -0800] "GET /lib/reccapi.php?fields=t&coords=47.5926698,-122.3056145&date=2015-12-06&coords=47.28%2C-120.39&size=7&sort=distance HTTP/1.1" 200 1414 "http://localhost:9000/" "Mozilla/5.0 (iPhone; CPU iPhone OS 7_0 like Mac OS X; en-us) AppleWebKit/537.51.1 (KHTML, like Gecko) Version/7.0 Mobile/11A465 Safari/9537.53"
24.143.115.216 - - [06/Dec/2015:21:15:46 -0800] "GET /lib/resortDataSearchD3.php?size=7&sortDate=T&resort=missionridge&dateStart=2015-12-04 HTTP/1.1" 200 865 "http://localhost:9000/" "Mozilla/5.0 (iPhone; CPU iPhone OS 7_0 like Mac OS X; en-us) AppleWebKit/537.51.1 (KHTML, like Gecko) Version/7.0 Mobile/11A465 Safari/9537.53"
24.143.115.216 - - [06/Dec/2015:21:15:51 -0800] "GET /lib/reccapi.php?resort=missionridge&date=2015-12-06 HTTP/1.1" 200 1116 "http://localhost:9000/" "Mozilla/5.0 (iPhone; CPU iPhone OS 7_0 like Mac OS X; en-us) AppleWebKit/537.51.1 (KHTML, like Gecko) Version/7.0 Mobile/11A465 Safari/9537.53"
24.143.115.216 - - [06/Dec/2015:21:15:51 -0800] "GET /lib/reccapi.php?fields=t&coords=47.5926698,-122.3056145&date=2015-12-06&coords=47.28%2C-120.39&size=7&sort=distance HTTP/1.1" 200 1414 "http://localhost:9000/" "Mozilla/5.0 (iPhone; CPU iPhone OS 7_0 like Mac OS X; en-us) AppleWebKit/537.51.1 (KHTML, like Gecko) Version/7.0 Mobile/11A465 Safari/9537.53"
24.143.115.216 - - [06/Dec/2015:21:15:51 -0800] "GET /lib/resortDataSearchD3.php?size=7&sortDate=T&resort=missionridge&dateStart=2015-12-04 HTTP/1.1" 200 865 "http://localhost:9000/" "Mozilla/5.0 (iPhone; CPU iPhone OS 7_0 like Mac OS X; en-us) AppleWebKit/537.51.1 (KHTML, like Gecko) Version/7.0 Mobile/11A465 Safari/9537.53"
24.143.115.216 - - [06/Dec/2015:21:15:57 -0800] "GET /lib/reccapi.php?resort=missionridge&date=2015-12-06 HTTP/1.1" 200 1117 "http://localhost:9000/" "Mozilla/5.0 (iPhone; CPU iPhone OS 7_0 like Mac OS X; en-us) AppleWebKit/537.51.1 (KHTML, like Gecko) Version/7.0 Mobile/11A465 Safari/9537.53"
24.143.115.216 - - [06/Dec/2015:21:15:57 -0800] "GET /lib/reccapi.php?fields=t&coords=47.5926698,-122.3056145&date=2015-12-06&coords=47.28%2C-120.39&size=7&sort=distance HTTP/1.1" 200 1414 "http://localhost:9000/" "Mozilla/5.0 (iPhone; CPU iPhone OS 7_0 like Mac OS X; en-us) AppleWebKit/537.51.1 (KHTML, like Gecko) Version/7.0 Mobile/11A465 Safari/9537.53"
24.143.115.216 - - [06/Dec/2015:21:15:57 -0800] "GET /lib/resortDataSearchD3.php?size=7&sortDate=T&resort=missionridge&dateStart=2015-12-04 HTTP/1.1" 200 865 "http://localhost:9000/" "Mozilla/5.0 (iPhone; CPU iPhone OS 7_0 like Mac OS X; en-us) AppleWebKit/537.51.1 (KHTML, like Gecko) Version/7.0 Mobile/11A465 Safari/9537.53"
24.143.115.216 - - [06/Dec/2015:21:16:05 -0800] "GET /lib/reccapi.php?fields=t&coords=47.5926698,-122.3056145 HTTP/1.1" 200 2059 "http://localhost:9000/" "Mozilla/5.0 (iPhone; CPU iPhone OS 7_0 like Mac OS X; en-us) AppleWebKit/537.51.1 (KHTML, like Gecko) Version/7.0 Mobile/11A465 Safari/9537.53"
24.143.115.216 - - [06/Dec/2015:21:16:27 -0800] "GET /lib/reccapi.php?fields=t&coords=47.5926698,-122.3056145 HTTP/1.1" 200 2059 "http://localhost:9000/" "Mozilla/5.0 (iPhone; CPU iPhone OS 7_0 like Mac OS X; en-us) AppleWebKit/537.51.1 (KHTML, like Gecko) Version/7.0 Mobile/11A465 Safari/9537.53"
24.143.115.216 - - [06/Dec/2015:21:16:56 -0800] "-" 408 0 "-" "-"
24.143.115.216 - - [06/Dec/2015:21:16:59 -0800] "GET /lib/reccapi.php?fields=t&coords=47.5926698,-122.3056145 HTTP/1.1" 200 2059 "http://localhost:9000/" "Mozilla/5.0 (iPhone; CPU iPhone OS 7_0 like Mac OS X; en-us) AppleWebKit/537.51.1 (KHTML, like Gecko) Version/7.0 Mobile/11A465 Safari/9537.53"
170.75.162.130 - - [06/Dec/2015:21:17:23 -0800] "GET /lib/reccapi.php?resort=crystalmountain HTTP/1.1" 200 1043 "-" "node-superagent/1.4.0"
24.143.115.216 - - [06/Dec/2015:21:18:15 -0800] "GET /lib/reccapi.php?fields=t&coords=47.5926698,-122.3056145 HTTP/1.1" 200 2059 "http://localhost:9000/" "Mozilla/5.0 (iPhone; CPU iPhone OS 7_0 like Mac OS X; en-us) AppleWebKit/537.51.1 (KHTML, like Gecko) Version/7.0 Mobile/11A465 Safari/9537.53"
24.143.115.216 - - [06/Dec/2015:21:19:35 -0800] "GET /lib/reccapi.php?fields=t HTTP/1.1" 200 1871 "http://10.0.1.24:9000/" "Mozilla/5.0 (iPhone; CPU iPhone OS 9_1 like Mac OS X) AppleWebKit/601.1.46 (KHTML, like Gecko) Version/9.0 Mobile/13B143 Safari/601.1"
24.143.115.216 - - [06/Dec/2015:21:19:37 -0800] "GET /lib/reccapi.php?fields=t&coords=47.59273432030997,-122.30556548098834 HTTP/1.1" 200 2054 "http://10.0.1.24:9000/" "Mozilla/5.0 (iPhone; CPU iPhone OS 9_1 like Mac OS X) AppleWebKit/601.1.46 (KHTML, like Gecko) Version/9.0 Mobile/13B143 Safari/601.1"
24.143.115.216 - - [06/Dec/2015:21:19:44 -0800] "GET /lib/reccapi.php?resort=whistlerblackcomb&date=2015-12-06 HTTP/1.1" 200 973 "http://10.0.1.24:9000/" "Mozilla/5.0 (iPhone; CPU iPhone OS 9_1 like Mac OS X) AppleWebKit/601.1.46 (KHTML, like Gecko) Version/9.0 Mobile/13B143 Safari/601.1"
24.143.115.216 - - [06/Dec/2015:21:19:44 -0800] "GET /lib/reccapi.php?fields=t&date=2015-12-06&coords=50.1159%2C-122.949&size=7&sort=distance HTTP/1.1" 200 1394 "http://10.0.1.24:9000/" "Mozilla/5.0 (iPhone; CPU iPhone OS 9_1 like Mac OS X) AppleWebKit/601.1.46 (KHTML, like Gecko) Version/9.0 Mobile/13B143 Safari/601.1"
24.143.115.216 - - [06/Dec/2015:21:19:45 -0800] "GET /lib/resortDataSearchD3.php?size=7&sortDate=T&resort=whistlerblackcomb&dateStart=2015-12-04 HTTP/1.1" 200 864 "http://10.0.1.24:9000/" "Mozilla/5.0 (iPhone; CPU iPhone OS 9_1 like Mac OS X) AppleWebKit/601.1.46 (KHTML, like Gecko) Version/9.0 Mobile/13B143 Safari/601.1"
24.143.115.216 - - [06/Dec/2015:21:20:00 -0800] "GET /lib/reccapi.php?resort=mountbaker&date=2015-12-06 HTTP/1.1" 200 1112 "http://10.0.1.24:9000/" "Mozilla/5.0 (iPhone; CPU iPhone OS 9_1 like Mac OS X) AppleWebKit/601.1.46 (KHTML, like Gecko) Version/9.0 Mobile/13B143 Safari/601.1"
24.143.115.216 - - [06/Dec/2015:21:20:00 -0800] "GET /lib/reccapi.php?fields=t&coords=47.59273432030997,-122.30556548098834&date=2015-12-06&coords=48.86%2C-121.68&size=7&sort=distance HTTP/1.1" 200 1422 "http://10.0.1.24:9000/" "Mozilla/5.0 (iPhone; CPU iPhone OS 9_1 like Mac OS X) AppleWebKit/601.1.46 (KHTML, like Gecko) Version/9.0 Mobile/13B143 Safari/601.1"
24.143.115.216 - - [06/Dec/2015:21:20:00 -0800] "GET /lib/resortDataSearchD3.php?size=7&sortDate=T&resort=mountbaker&dateStart=2015-12-04 HTTP/1.1" 200 868 "http://10.0.1.24:9000/" "Mozilla/5.0 (iPhone; CPU iPhone OS 9_1 like Mac OS X) AppleWebKit/601.1.46 (KHTML, like Gecko) Version/9.0 Mobile/13B143 Safari/601.1"
24.143.115.216 - - [06/Dec/2015:21:20:10 -0800] "GET /lib/reccapi.php?fields=t&coords=47.59273432030997,-122.30556548098834 HTTP/1.1" 200 2055 "http://10.0.1.24:9000/" "Mozilla/5.0 (iPhone; CPU iPhone OS 9_1 like Mac OS X) AppleWebKit/601.1.46 (KHTML, like Gecko) Version/9.0 Mobile/13B143 Safari/601.1"
24.143.115.216 - - [06/Dec/2015:21:20:21 -0800] "GET /lib/reccapi.php?resort=whistlerblackcomb&date=2015-12-06 HTTP/1.1" 200 973 "http://10.0.1.24:9000/" "Mozilla/5.0 (iPhone; CPU iPhone OS 9_1 like Mac OS X) AppleWebKit/601.1.46 (KHTML, like Gecko) Version/9.0 Mobile/13B143 Safari/601.1"
24.143.115.216 - - [06/Dec/2015:21:20:21 -0800] "GET /lib/reccapi.php?fields=t&coords=47.59273432030997,-122.30556548098834&date=2015-12-06&coords=50.1159%2C-122.949&size=7&sort=distance HTTP/1.1" 200 1394 "http://10.0.1.24:9000/" "Mozilla/5.0 (iPhone; CPU iPhone OS 9_1 like Mac OS X) AppleWebKit/601.1.46 (KHTML, like Gecko) Version/9.0 Mobile/13B143 Safari/601.1"
24.143.115.216 - - [06/Dec/2015:21:20:21 -0800] "GET /lib/resortDataSearchD3.php?size=7&sortDate=T&resort=whistlerblackcomb&dateStart=2015-12-04 HTTP/1.1" 200 864 "http://10.0.1.24:9000/" "Mozilla/5.0 (iPhone; CPU iPhone OS 9_1 like Mac OS X) AppleWebKit/601.1.46 (KHTML, like Gecko) Version/9.0 Mobile/13B143 Safari/601.1"
24.143.115.216 - - [06/Dec/2015:21:20:24 -0800] "GET /lib/reccapi.php?fields=t&coords=47.59273432030997,-122.30556548098834 HTTP/1.1" 200 2054 "http://10.0.1.24:9000/" "Mozilla/5.0 (iPhone; CPU iPhone OS 9_1 like Mac OS X) AppleWebKit/601.1.46 (KHTML, like Gecko) Version/9.0 Mobile/13B143 Safari/601.1"
24.143.115.216 - - [06/Dec/2015:21:20:28 -0800] "GET /lib/reccapi.php?fields=t&coords=47.59273432030997,-122.30556548098834&sort=bluebird HTTP/1.1" 200 1927 "http://10.0.1.24:9000/" "Mozilla/5.0 (iPhone; CPU iPhone OS 9_1 like Mac OS X) AppleWebKit/601.1.46 (KHTML, like Gecko) Version/9.0 Mobile/13B143 Safari/601.1"
24.143.115.216 - - [06/Dec/2015:21:20:30 -0800] "GET /lib/reccapi.php?resort=treblecone&date=2015-12-06 HTTP/1.1" 200 919 "http://10.0.1.24:9000/" "Mozilla/5.0 (iPhone; CPU iPhone OS 9_1 like Mac OS X) AppleWebKit/601.1.46 (KHTML, like Gecko) Version/9.0 Mobile/13B143 Safari/601.1"
24.143.115.216 - - [06/Dec/2015:21:20:30 -0800] "GET /lib/reccapi.php?fields=t&coords=47.59273432030997,-122.30556548098834&date=2015-12-06&coords=-44.634%2C168.896&size=7&sort=distance HTTP/1.1" 200 1307 "http://10.0.1.24:9000/" "Mozilla/5.0 (iPhone; CPU iPhone OS 9_1 like Mac OS X) AppleWebKit/601.1.46 (KHTML, like Gecko) Version/9.0 Mobile/13B143 Safari/601.1"
24.143.115.216 - - [06/Dec/2015:21:20:30 -0800] "GET /lib/resortDataSearchD3.php?size=7&sortDate=T&resort=treblecone&dateStart=2015-12-04 HTTP/1.1" 200 842 "http://10.0.1.24:9000/" "Mozilla/5.0 (iPhone; CPU iPhone OS 9_1 like Mac OS X) AppleWebKit/601.1.46 (KHTML, like Gecko) Version/9.0 Mobile/13B143 Safari/601.1"
24.143.115.216 - - [06/Dec/2015:21:20:34 -0800] "GET /lib/reccapi.php?fields=t&coords=47.59273432030997,-122.30556548098834&sort=bluebird HTTP/1.1" 200 1927 "http://10.0.1.24:9000/" "Mozilla/5.0 (iPhone; CPU iPhone OS 9_1 like Mac OS X) AppleWebKit/601.1.46 (KHTML, like Gecko) Version/9.0 Mobile/13B143 Safari/601.1"
24.143.115.216 - - [06/Dec/2015:21:20:41 -0800] "GET /lib/reccapi.php?resort=remarkables&date=2015-12-06 HTTP/1.1" 200 934 "http://10.0.1.24:9000/" "Mozilla/5.0 (iPhone; CPU iPhone OS 9_1 like Mac OS X) AppleWebKit/601.1.46 (KHTML, like Gecko) Version/9.0 Mobile/13B143 Safari/601.1"
24.143.115.216 - - [06/Dec/2015:21:20:41 -0800] "GET /lib/reccapi.php?fields=t&coords=47.59273432030997,-122.30556548098834&date=2015-12-06&coords=-45.15%2C168.833&size=7&sort=distance HTTP/1.1" 200 1314 "http://10.0.1.24:9000/" "Mozilla/5.0 (iPhone; CPU iPhone OS 9_1 like Mac OS X) AppleWebKit/601.1.46 (KHTML, like Gecko) Version/9.0 Mobile/13B143 Safari/601.1"
24.143.115.216 - - [06/Dec/2015:21:20:41 -0800] "GET /lib/resortDataSearchD3.php?size=7&sortDate=T&resort=remarkables&dateStart=2015-12-04 HTTP/1.1" 200 848 "http://10.0.1.24:9000/" "Mozilla/5.0 (iPhone; CPU iPhone OS 9_1 like Mac OS X) AppleWebKit/601.1.46 (KHTML, like Gecko) Version/9.0 Mobile/13B143 Safari/601.1"
69.146.107.64 - - [06/Dec/2015:21:20:52 -0800] "GET /images/wsis-logo-sm.png HTTP/1.1" 200 6108 "http://thebackcountry.net/" "Mozilla/5.0 (Linux; Android 5.0; SM-G900V Build/LRX21T) AppleWebKit/537.36 (KHTML, like Gecko) Chrome/47.0.2526.76 Mobile Safari/537.36"
24.143.115.216 - - [06/Dec/2015:21:21:15 -0800] "GET /lib/reccapi.php?fields=t&coords=47.59273432030997,-122.30556548098834 HTTP/1.1" 200 2055 "http://10.0.1.24:9000/" "Mozilla/5.0 (iPhone; CPU iPhone OS 9_1 like Mac OS X) AppleWebKit/601.1.46 (KHTML, like Gecko) Version/9.0 Mobile/13B143 Safari/601.1"
24.143.115.216 - - [06/Dec/2015:21:22:14 -0800] "GET /lib/reccapi.php?fields=t&coords=47.5926698,-122.3056145 HTTP/1.1" 200 2059 "http://localhost:9000/" "Mozilla/5.0 (iPhone; CPU iPhone OS 7_0 like Mac OS X; en-us) AppleWebKit/537.51.1 (KHTML, like Gecko) Version/7.0 Mobile/11A465 Safari/9537.53"
24.143.115.216 - - [06/Dec/2015:21:22:26 -0800] "GET /lib/reccapi.php?fields=t&coords=47.59273432030997,-122.30556548098834 HTTP/1.1" 200 2055 "http://10.0.1.24:9000/" "Mozilla/5.0 (iPhone; CPU iPhone OS 9_1 like Mac OS X) AppleWebKit/601.1.46 (KHTML, like Gecko) Version/9.0 Mobile/13B143 Safari/601.1"
24.143.115.216 - - [06/Dec/2015:21:22:27 -0800] "GET /lib/reccapi.php?fields=t&coords=47.5926698,-122.3056145 HTTP/1.1" 200 2059 "http://localhost:9000/" "Mozilla/5.0 (iPhone; CPU iPhone OS 7_0 like Mac OS X; en-us) AppleWebKit/537.51.1 (KHTML, like Gecko) Version/7.0 Mobile/11A465 Safari/9537.53"
24.143.115.216 - - [06/Dec/2015:21:22:33 -0800] "GET /lib/reccapi.php?fields=t&coords=47.59273432030997,-122.30556548098834&date=2015-12-07 HTTP/1.1" 200 2154 "http://10.0.1.24:9000/" "Mozilla/5.0 (iPhone; CPU iPhone OS 9_1 like Mac OS X) AppleWebKit/601.1.46 (KHTML, like Gecko) Version/9.0 Mobile/13B143 Safari/601.1"
170.75.162.130 - - [06/Dec/2015:21:22:34 -0800] "GET /lib/reccapi.php?resort=alyeska HTTP/1.1" 200 944 "-" "node-superagent/1.4.0"
24.143.115.216 - - [06/Dec/2015:21:22:36 -0800] "GET /lib/reccapi.php?resort=timberline&date=2015-12-07 HTTP/1.1" 200 1133 "http://10.0.1.24:9000/" "Mozilla/5.0 (iPhone; CPU iPhone OS 9_1 like Mac OS X) AppleWebKit/601.1.46 (KHTML, like Gecko) Version/9.0 Mobile/13B143 Safari/601.1"
24.143.115.216 - - [06/Dec/2015:21:22:36 -0800] "GET /lib/reccapi.php?fields=t&coords=47.59273432030997,-122.30556548098834&date=2015-12-07&coords=45.34%2C-121.72&size=7&sort=distance HTTP/1.1" 200 1369 "http://10.0.1.24:9000/" "Mozilla/5.0 (iPhone; CPU iPhone OS 9_1 like Mac OS X) AppleWebKit/601.1.46 (KHTML, like Gecko) Version/9.0 Mobile/13B143 Safari/601.1"
24.143.115.216 - - [06/Dec/2015:21:22:36 -0800] "GET /lib/resortDataSearchD3.php?size=7&sortDate=T&resort=timberline&dateStart=2015-12-05 HTTP/1.1" 200 873 "http://10.0.1.24:9000/" "Mozilla/5.0 (iPhone; CPU iPhone OS 9_1 like Mac OS X) AppleWebKit/601.1.46 (KHTML, like Gecko) Version/9.0 Mobile/13B143 Safari/601.1"
24.143.115.216 - - [06/Dec/2015:21:22:40 -0800] "GET /lib/reccapi.php?resort=timberline&date=2015-12-11 HTTP/1.1" 200 999 "http://10.0.1.24:9000/" "Mozilla/5.0 (iPhone; CPU iPhone OS 9_1 like Mac OS X) AppleWebKit/601.1.46 (KHTML, like Gecko) Version/9.0 Mobile/13B143 Safari/601.1"
24.143.115.216 - - [06/Dec/2015:21:22:40 -0800] "GET /lib/resortDataSearchD3.php?size=7&sortDate=T&resort=timberline&dateStart=2015-12-09 HTTP/1.1" 200 527 "http://10.0.1.24:9000/" "Mozilla/5.0 (iPhone; CPU iPhone OS 9_1 like Mac OS X) AppleWebKit/601.1.46 (KHTML, like Gecko) Version/9.0 Mobile/13B143 Safari/601.1"
24.143.115.216 - - [06/Dec/2015:21:22:40 -0800] "GET /lib/reccapi.php?fields=t&coords=47.59273432030997,-122.30556548098834&date=2015-12-11&coords=45.34%2C-121.72&size=7&sort=distance HTTP/1.1" 200 1398 "http://10.0.1.24:9000/" "Mozilla/5.0 (iPhone; CPU iPhone OS 9_1 like Mac OS X) AppleWebKit/601.1.46 (KHTML, like Gecko) Version/9.0 Mobile/13B143 Safari/601.1"
24.143.115.216 - - [06/Dec/2015:21:22:47 -0800] "GET /lib/reccapi.php?resort=mounthoodmeadows&date=2015-12-11 HTTP/1.1" 200 1016 "http://10.0.1.24:9000/" "Mozilla/5.0 (iPhone; CPU iPhone OS 9_1 like Mac OS X) AppleWebKit/601.1.46 (KHTML, like Gecko) Version/9.0 Mobile/13B143 Safari/601.1"
24.143.115.216 - - [06/Dec/2015:21:22:47 -0800] "GET /lib/reccapi.php?fields=t&coords=47.59273432030997,-122.30556548098834&date=2015-12-11&coords=45.34%2C-121.69&size=7&sort=distance HTTP/1.1" 200 1404 "http://10.0.1.24:9000/" "Mozilla/5.0 (iPhone; CPU iPhone OS 9_1 like Mac OS X) AppleWebKit/601.1.46 (KHTML, like Gecko) Version/9.0 Mobile/13B143 Safari/601.1"
24.143.115.216 - - [06/Dec/2015:21:22:47 -0800] "GET /lib/resortDataSearchD3.php?size=7&sortDate=T&resort=mounthoodmeadows&dateStart=2015-12-09 HTTP/1.1" 200 521 "http://10.0.1.24:9000/" "Mozilla/5.0 (iPhone; CPU iPhone OS 9_1 like Mac OS X) AppleWebKit/601.1.46 (KHTML, like Gecko) Version/9.0 Mobile/13B143 Safari/601.1"
24.143.115.216 - - [06/Dec/2015:21:23:11 -0800] "GET /lib/reccapi.php?resort=mounthoodskibowl&date=2015-12-11 HTTP/1.1" 200 1015 "http://10.0.1.24:9000/" "Mozilla/5.0 (iPhone; CPU iPhone OS 9_1 like Mac OS X) AppleWebKit/601.1.46 (KHTML, like Gecko) Version/9.0 Mobile/13B143 Safari/601.1"
24.143.115.216 - - [06/Dec/2015:21:23:11 -0800] "GET /lib/reccapi.php?fields=t&coords=47.59273432030997,-122.30556548098834&date=2015-12-11&coords=45.29%2C-121.76&size=7&sort=distance HTTP/1.1" 200 1400 "http://10.0.1.24:9000/" "Mozilla/5.0 (iPhone; CPU iPhone OS 9_1 like Mac OS X) AppleWebKit/601.1.46 (KHTML, like Gecko) Version/9.0 Mobile/13B143 Safari/601.1"
24.143.115.216 - - [06/Dec/2015:21:23:12 -0800] "GET /lib/resortDataSearchD3.php?size=7&sortDate=T&resort=mounthoodskibowl&dateStart=2015-12-09 HTTP/1.1" 200 526 "http://10.0.1.24:9000/" "Mozilla/5.0 (iPhone; CPU iPhone OS 9_1 like Mac OS X) AppleWebKit/601.1.46 (KHTML, like Gecko) Version/9.0 Mobile/13B143 Safari/601.1"
