180.76.15.144 - - [06/Oct/2015:06:51:06 -0700] "GET / HTTP/1.1" 200 6114 "-" "Mozilla/5.0 (compatible; Baiduspider/2.0; +http://www.baidu.com/search/spider.html)"
170.75.162.130 - - [06/Oct/2015:06:51:32 -0700] "GET /lib/reccapi.php?resort=buttermilk HTTP/1.1" 200 1074 "-" "node-superagent/0.18.2"
170.75.162.130 - - [06/Oct/2015:06:51:32 -0700] "GET /lib/reccapi.php?resort=telluride HTTP/1.1" 200 1024 "-" "node-superagent/0.18.2"
170.75.162.130 - - [06/Oct/2015:06:51:32 -0700] "GET /lib/reccapi.php?resort=winterpark HTTP/1.1" 200 1102 "-" "node-superagent/0.18.2"
170.75.162.130 - - [06/Oct/2015:06:51:32 -0700] "GET /lib/reccapi.php?resort=steamboat HTTP/1.1" 200 1051 "-" "node-superagent/0.18.2"
170.75.162.130 - - [06/Oct/2015:06:51:32 -0700] "GET /lib/reccapi.php?resort=snowmass HTTP/1.1" 200 1034 "-" "node-superagent/0.18.2"
141.8.143.217 - - [06/Oct/2015:07:02:55 -0700] "GET / HTTP/1.1" 200 2376 "-" "Mozilla/5.0 (compatible; YandexBot/3.0; +http://yandex.com/bots)"
170.75.162.130 - - [06/Oct/2015:07:09:14 -0700] "GET /lib/reccapi.php?resort=grandtarghee HTTP/1.1" 200 1047 "-" "node-superagent/0.18.2"
180.76.15.163 - - [06/Oct/2015:07:21:36 -0700] "GET /about HTTP/1.1" 404 472 "-" "Mozilla/5.0 (compatible; Baiduspider/2.0; +http://www.baidu.com/search/spider.html)"
50.126.144.93 - - [06/Oct/2015:07:28:49 -0700] "GET /images/wsis-logo-sm.png HTTP/1.1" 200 6108 "http://www.thebackcountry.net/" "Mozilla/5.0 (Macintosh; Intel Mac OS X 10_10_4) AppleWebKit/600.7.12 (KHTML, like Gecko) Version/8.0.7 Safari/600.7.12"
104.197.98.193 - - [06/Oct/2015:07:29:22 -0700] "GET / HTTP/1.0" 200 6151 "-" "NerdyBot"
180.76.15.137 - - [06/Oct/2015:07:48:10 -0700] "GET / HTTP/1.1" 200 6114 "-" "Mozilla/5.0 (compatible; Baiduspider/2.0; +http://www.baidu.com/search/spider.html)"
180.76.15.147 - - [06/Oct/2015:07:49:16 -0700] "GET / HTTP/1.1" 200 6114 "-" "Mozilla/5.0 (compatible; Baiduspider/2.0; +http://www.baidu.com/search/spider.html)"
170.75.162.130 - - [06/Oct/2015:08:03:30 -0700] "GET /lib/reccapi.php?resort=mountbachelor HTTP/1.1" 200 969 "-" "node-superagent/0.18.2"
170.75.162.130 - - [06/Oct/2015:08:03:30 -0700] "GET /lib/reccapi.php?resort=hoodoo HTTP/1.1" 200 956 "-" "node-superagent/0.18.2"
170.75.162.130 - - [06/Oct/2015:08:06:10 -0700] "GET /lib/reccapi.php?resort=deervalley HTTP/1.1" 200 1052 "-" "node-superagent/0.18.2"
170.75.162.130 - - [06/Oct/2015:08:06:10 -0700] "GET /lib/reccapi.php?resort=brighton HTTP/1.1" 200 1012 "-" "node-superagent/0.18.2"
170.75.162.130 - - [06/Oct/2015:08:06:10 -0700] "GET /lib/reccapi.php?resort=parkcity HTTP/1.1" 200 1027 "-" "node-superagent/0.18.2"
170.75.162.130 - - [06/Oct/2015:08:06:10 -0700] "GET /lib/reccapi.php?resort=brianhead HTTP/1.1" 200 1059 "-" "node-superagent/0.18.2"
170.75.162.130 - - [06/Oct/2015:08:06:10 -0700] "GET /lib/reccapi.php?resort=solitude HTTP/1.1" 200 986 "-" "node-superagent/0.18.2"
170.75.162.130 - - [06/Oct/2015:08:06:10 -0700] "GET /lib/reccapi.php?resort=snowbasin HTTP/1.1" 200 1022 "-" "node-superagent/0.18.2"
170.75.162.130 - - [06/Oct/2015:08:06:30 -0700] "GET /lib/reccapi.php?resort=schweitzer HTTP/1.1" 200 977 "-" "node-superagent/0.18.2"
170.75.162.130 - - [06/Oct/2015:08:06:30 -0700] "GET /lib/reccapi.php?resort=sundayriver HTTP/1.1" 200 982 "-" "node-superagent/0.18.2"
170.75.162.130 - - [06/Oct/2015:08:06:30 -0700] "GET /lib/reccapi.php?resort=sunvalley HTTP/1.1" 200 966 "-" "node-superagent/0.18.2"
170.75.162.130 - - [06/Oct/2015:08:06:50 -0700] "GET /lib/reccapi.php?resort=alyeska HTTP/1.1" 200 998 "-" "node-superagent/0.18.2"
170.75.162.130 - - [06/Oct/2015:08:06:50 -0700] "GET /lib/reccapi.php?resort=diamondpeak HTTP/1.1" 200 948 "-" "node-superagent/0.18.2"
170.75.162.130 - - [06/Oct/2015:08:07:10 -0700] "GET /lib/reccapi.php?resort=jaypeak HTTP/1.1" 200 988 "-" "node-superagent/0.18.2"
170.75.162.130 - - [06/Oct/2015:08:07:10 -0700] "GET /lib/reccapi.php?resort=heavenly HTTP/1.1" 200 963 "-" "node-superagent/0.18.2"
170.75.162.130 - - [06/Oct/2015:08:07:10 -0700] "GET /lib/reccapi.php?resort=mtrose HTTP/1.1" 200 932 "-" "node-superagent/0.18.2"
170.75.162.130 - - [06/Oct/2015:08:07:10 -0700] "GET /lib/reccapi.php?resort=stowe HTTP/1.1" 200 962 "-" "node-superagent/0.18.2"
170.75.162.130 - - [06/Oct/2015:08:07:10 -0700] "GET /lib/reccapi.php?resort=redlodge HTTP/1.1" 200 1002 "-" "node-superagent/0.18.2"
170.75.162.130 - - [06/Oct/2015:08:07:10 -0700] "GET /lib/reccapi.php?resort=sugarbush HTTP/1.1" 200 981 "-" "node-superagent/0.18.2"
170.75.162.130 - - [06/Oct/2015:08:07:41 -0700] "GET /lib/reccapi.php?resort=whitefacemountain HTTP/1.1" 200 958 "-" "node-superagent/0.18.2"
170.75.162.130 - - [06/Oct/2015:08:08:21 -0700] "GET /lib/reccapi.php?resort=mountainhigh HTTP/1.1" 200 972 "-" "node-superagent/0.18.2"
170.75.162.130 - - [06/Oct/2015:08:08:41 -0700] "GET /lib/reccapi.php?resort=kirkwood HTTP/1.1" 200 972 "-" "node-superagent/0.18.2"
170.75.162.130 - - [06/Oct/2015:08:09:21 -0700] "GET /lib/reccapi.php?resort=alpinemeadows HTTP/1.1" 200 962 "-" "node-superagent/0.18.2"
170.75.162.130 - - [06/Oct/2015:08:09:31 -0700] "GET /lib/reccapi.php?resort=angelfire HTTP/1.1" 200 1018 "-" "node-superagent/0.18.2"
170.75.162.130 - - [06/Oct/2015:08:09:31 -0700] "GET /lib/reccapi.php?resort=taos HTTP/1.1" 200 981 "-" "node-superagent/0.18.2"
170.75.162.130 - - [06/Oct/2015:08:09:41 -0700] "GET /lib/reccapi.php?resort=homewoodmountain HTTP/1.1" 200 1011 "-" "node-superagent/0.18.2"
170.75.162.130 - - [06/Oct/2015:08:09:41 -0700] "GET /lib/reccapi.php?resort=chinapeak HTTP/1.1" 200 982 "-" "node-superagent/0.18.2"
170.75.162.130 - - [06/Oct/2015:08:09:41 -0700] "GET /lib/reccapi.php?resort=sierra-at-tahoe HTTP/1.1" 200 957 "-" "node-superagent/0.18.2"
170.75.162.130 - - [06/Oct/2015:08:09:41 -0700] "GET /lib/reccapi.php?resort=squawvalleyusa HTTP/1.1" 200 980 "-" "node-superagent/0.18.2"
170.75.162.130 - - [06/Oct/2015:08:09:41 -0700] "GET /lib/reccapi.php?resort=mammothmountain HTTP/1.1" 200 1027 "-" "node-superagent/0.18.2"
170.75.162.130 - - [06/Oct/2015:08:09:41 -0700] "GET /lib/reccapi.php?resort=sugarbowl HTTP/1.1" 200 967 "-" "node-superagent/0.18.2"
170.75.162.130 - - [06/Oct/2015:08:10:21 -0700] "GET /lib/reccapi.php?resort=crystalmountain HTTP/1.1" 200 963 "-" "node-superagent/0.18.2"
170.75.162.130 - - [06/Oct/2015:08:10:21 -0700] "GET /lib/reccapi.php?resort=stevenspass HTTP/1.1" 200 982 "-" "node-superagent/0.18.2"
170.75.162.130 - - [06/Oct/2015:08:10:21 -0700] "GET /lib/reccapi.php?resort=mountspokane HTTP/1.1" 200 976 "-" "node-superagent/0.18.2"
170.75.162.130 - - [06/Oct/2015:08:11:11 -0700] "GET /lib/reccapi.php?resort=wildcatmountain HTTP/1.1" 200 959 "-" "node-superagent/0.18.2"
185.53.44.149 - - [06/Oct/2015:08:12:59 -0700] "GET /resorts?resort=sierra-at-tahoe&date=2014-11-25 HTTP/1.1" 404 476 "-" "Mozilla/5.0 (compatible; XoviBot/2.0; +http://www.xovibot.net/)"
170.75.162.130 - - [06/Oct/2015:08:13:41 -0700] "GET /lib/reccapi.php?resort=bigwhite HTTP/1.1" 200 914 "-" "node-superagent/0.18.2"
170.75.162.130 - - [06/Oct/2015:08:17:02 -0700] "GET /lib/reccapi.php?resort=whistlerblackcomb HTTP/1.1" 200 923 "-" "node-superagent/0.18.2"
170.75.162.130 - - [06/Oct/2015:08:17:02 -0700] "GET /lib/reccapi.php?resort=sunpeaksresort HTTP/1.1" 200 910 "-" "node-superagent/0.18.2"
66.249.79.234 - - [06/Oct/2015:08:17:36 -0700] "GET /resorts?resort=windham&date=2014-02-05 HTTP/1.1" 404 506 "-" "Mozilla/5.0 (iPhone; CPU iPhone OS 8_3 like Mac OS X) AppleWebKit/600.1.4 (KHTML, like Gecko) Version/8.0 Mobile/12F70 Safari/600.1.4 (compatible; Googlebot/2.1; +http://www.google.com/bot.html)"
185.53.44.149 - - [06/Oct/2015:08:22:14 -0700] "GET /resorts?resort=sierra-at-tahoe&date=2014-11-21 HTTP/1.1" 404 476 "-" "Mozilla/5.0 (compatible; XoviBot/2.0; +http://www.xovibot.net/)"
180.76.15.6 - - [06/Oct/2015:08:41:17 -0700] "GET / HTTP/1.1" 200 6114 "-" "Mozilla/5.0 (compatible; Baiduspider/2.0; +http://www.baidu.com/search/spider.html)"
180.76.15.153 - - [06/Oct/2015:08:42:07 -0700] "GET / HTTP/1.1" 200 6114 "-" "Mozilla/5.0 (compatible; Baiduspider/2.0; +http://www.baidu.com/search/spider.html)"
185.53.44.46 - - [06/Oct/2015:08:47:19 -0700] "GET /resorts?resort=winterpark HTTP/1.1" 404 476 "-" "Mozilla/5.0 (compatible; XoviBot/2.0; +http://www.xovibot.net/)"
170.75.162.130 - - [06/Oct/2015:08:48:06 -0700] "GET /lib/reccapi.php?resort=northstar-at-tahoe HTTP/1.1" 200 949 "-" "node-superagent/0.18.2"
77.37.222.76 - - [06/Oct/2015:08:48:33 -0700] "GET /images/wsis-logo-sm.png HTTP/1.1" 200 6071 "http://www.thebackcountry.net/" "Mozilla/5.0 (Windows NT 6.1; WOW64) AppleWebKit/537.36 (KHTML, like Gecko) Chrome/31.0.1650.57 Safari/537.36"
68.190.181.34 - - [06/Oct/2015:08:57:45 -0700] "GET /images/wsis-logo-sm.png HTTP/1.1" 200 6108 "http://www.thebackcountry.net/" "Mozilla/5.0 (iPad; CPU OS 8_4 like Mac OS X) AppleWebKit/600.1.4 (KHTML, like Gecko) Version/8.0 Mobile/12H143 Safari/600.1.4"
132.188.64.219 - - [06/Oct/2015:08:59:26 -0700] "GET / HTTP/1.1" 200 2376 "-" "Mozilla/5.0 (Macintosh; Intel Mac OS X 10_10_5) AppleWebKit/537.36 (KHTML, like Gecko) Chrome/45.0.2454.99 Safari/537.36"
132.188.64.219 - - [06/Oct/2015:08:59:26 -0700] "GET /styles/0fffd548.main.css HTTP/1.1" 200 19316 "http://whereshouldiski.com/" "Mozilla/5.0 (Macintosh; Intel Mac OS X 10_10_5) AppleWebKit/537.36 (KHTML, like Gecko) Chrome/45.0.2454.99 Safari/537.36"
132.188.64.219 - - [06/Oct/2015:08:59:26 -0700] "GET /scripts/scripts/vendor/modernizr.js HTTP/1.1" 200 4903 "http://whereshouldiski.com/" "Mozilla/5.0 (Macintosh; Intel Mac OS X 10_10_5) AppleWebKit/537.36 (KHTML, like Gecko) Chrome/45.0.2454.99 Safari/537.36"
132.188.64.219 - - [06/Oct/2015:08:59:26 -0700] "GET /images/logo-sm.png HTTP/1.1" 200 16738 "http://whereshouldiski.com/" "Mozilla/5.0 (Macintosh; Intel Mac OS X 10_10_5) AppleWebKit/537.36 (KHTML, like Gecko) Chrome/45.0.2454.99 Safari/537.36"
132.188.64.219 - - [06/Oct/2015:08:59:26 -0700] "GET /bower_components/requirejs/require.js HTTP/1.1" 200 6702 "http://whereshouldiski.com/" "Mozilla/5.0 (Macintosh; Intel Mac OS X 10_10_5) AppleWebKit/537.36 (KHTML, like Gecko) Chrome/45.0.2454.99 Safari/537.36"
132.188.64.219 - - [06/Oct/2015:08:59:26 -0700] "GET /images/loading.gif HTTP/1.1" 200 13881 "http://whereshouldiski.com/" "Mozilla/5.0 (Macintosh; Intel Mac OS X 10_10_5) AppleWebKit/537.36 (KHTML, like Gecko) Chrome/45.0.2454.99 Safari/537.36"
132.188.64.219 - - [06/Oct/2015:08:59:26 -0700] "GET /scripts/fa48e319.main.js HTTP/1.1" 200 123455 "http://whereshouldiski.com/" "Mozilla/5.0 (Macintosh; Intel Mac OS X 10_10_5) AppleWebKit/537.36 (KHTML, like Gecko) Chrome/45.0.2454.99 Safari/537.36"
132.188.64.219 - - [06/Oct/2015:08:59:26 -0700] "GET /images/button.png HTTP/1.1" 200 598 "http://whereshouldiski.com/styles/0fffd548.main.css" "Mozilla/5.0 (Macintosh; Intel Mac OS X 10_10_5) AppleWebKit/537.36 (KHTML, like Gecko) Chrome/45.0.2454.99 Safari/537.36"
132.188.64.219 - - [06/Oct/2015:08:59:26 -0700] "GET /images/greyHeader.png HTTP/1.1" 200 508 "http://whereshouldiski.com/styles/0fffd548.main.css" "Mozilla/5.0 (Macintosh; Intel Mac OS X 10_10_5) AppleWebKit/537.36 (KHTML, like Gecko) Chrome/45.0.2454.99 Safari/537.36"
132.188.64.219 - - [06/Oct/2015:08:59:26 -0700] "GET /lib/reccapi.php?fields=t HTTP/1.1" 200 1713 "http://whereshouldiski.com/" "Mozilla/5.0 (Macintosh; Intel Mac OS X 10_10_5) AppleWebKit/537.36 (KHTML, like Gecko) Chrome/45.0.2454.99 Safari/537.36"
132.188.64.219 - - [06/Oct/2015:08:59:26 -0700] "GET /images/star5.png HTTP/1.1" 200 1783 "http://whereshouldiski.com/styles/0fffd548.main.css" "Mozilla/5.0 (Macintosh; Intel Mac OS X 10_10_5) AppleWebKit/537.36 (KHTML, like Gecko) Chrome/45.0.2454.99 Safari/537.36"
132.188.64.219 - - [06/Oct/2015:08:59:26 -0700] "GET /images/snowflake5.png HTTP/1.1" 200 2857 "http://whereshouldiski.com/styles/0fffd548.main.css" "Mozilla/5.0 (Macintosh; Intel Mac OS X 10_10_5) AppleWebKit/537.36 (KHTML, like Gecko) Chrome/45.0.2454.99 Safari/537.36"
132.188.64.219 - - [06/Oct/2015:08:59:26 -0700] "GET /images/bluebird5.png HTTP/1.1" 200 2177 "http://whereshouldiski.com/styles/0fffd548.main.css" "Mozilla/5.0 (Macintosh; Intel Mac OS X 10_10_5) AppleWebKit/537.36 (KHTML, like Gecko) Chrome/45.0.2454.99 Safari/537.36"
132.188.64.219 - - [06/Oct/2015:08:59:26 -0700] "GET /images/mtns-icon.png HTTP/1.1" 200 1096 "http://whereshouldiski.com/styles/0fffd548.main.css" "Mozilla/5.0 (Macintosh; Intel Mac OS X 10_10_5) AppleWebKit/537.36 (KHTML, like Gecko) Chrome/45.0.2454.99 Safari/537.36"
132.188.64.219 - - [06/Oct/2015:08:59:26 -0700] "GET /images/shading-icon.png HTTP/1.1" 200 537 "http://whereshouldiski.com/styles/0fffd548.main.css" "Mozilla/5.0 (Macintosh; Intel Mac OS X 10_10_5) AppleWebKit/537.36 (KHTML, like Gecko) Chrome/45.0.2454.99 Safari/537.36"
132.188.64.219 - - [06/Oct/2015:08:59:27 -0700] "GET /favicon.ico HTTP/1.1" 200 1475 "http://whereshouldiski.com/" "Mozilla/5.0 (Macintosh; Intel Mac OS X 10_10_5) AppleWebKit/537.36 (KHTML, like Gecko) Chrome/45.0.2454.99 Safari/537.36"
132.188.64.219 - - [06/Oct/2015:08:59:27 -0700] "GET /favicon.ico HTTP/1.1" 200 1475 "http://whereshouldiski.com/" "Mozilla/5.0 (Macintosh; Intel Mac OS X 10_10_5) AppleWebKit/537.36 (KHTML, like Gecko) Chrome/45.0.2454.99 Safari/537.36"
132.188.64.219 - - [06/Oct/2015:08:59:27 -0700] "GET /favicon.ico HTTP/1.1" 200 1475 "http://whereshouldiski.com/" "Mozilla/5.0 (Macintosh; Intel Mac OS X 10_10_5) AppleWebKit/537.36 (KHTML, like Gecko) Chrome/45.0.2454.99 Safari/537.36"
132.188.64.219 - - [06/Oct/2015:08:59:35 -0700] "GET /scripts/templates/about.html HTTP/1.1" 200 1969 "http://whereshouldiski.com/" "Mozilla/5.0 (Macintosh; Intel Mac OS X 10_10_5) AppleWebKit/537.36 (KHTML, like Gecko) Chrome/45.0.2454.99 Safari/537.36"
132.188.64.219 - - [06/Oct/2015:08:59:35 -0700] "GET /images/profile-med.jpg HTTP/1.1" 200 24003 "http://whereshouldiski.com/" "Mozilla/5.0 (Macintosh; Intel Mac OS X 10_10_5) AppleWebKit/537.36 (KHTML, like Gecko) Chrome/45.0.2454.99 Safari/537.36"
132.188.64.219 - - [06/Oct/2015:08:59:40 -0700] "GET /lib/reccapi.php?fields=t HTTP/1.1" 200 1714 "http://whereshouldiski.com/" "Mozilla/5.0 (Macintosh; Intel Mac OS X 10_10_5) AppleWebKit/537.36 (KHTML, like Gecko) Chrome/45.0.2454.99 Safari/537.36"
132.188.64.219 - - [06/Oct/2015:08:59:47 -0700] "GET / HTTP/1.1" 200 2376 "-" "Mozilla/5.0 (Macintosh; Intel Mac OS X 10_10_5) AppleWebKit/537.36 (KHTML, like Gecko) Chrome/45.0.2454.99 Safari/537.36"
132.188.64.219 - - [06/Oct/2015:08:59:47 -0700] "GET /styles/0fffd548.main.css HTTP/1.1" 200 19316 "http://whereshouldiski.com/" "Mozilla/5.0 (Macintosh; Intel Mac OS X 10_10_5) AppleWebKit/537.36 (KHTML, like Gecko) Chrome/45.0.2454.99 Safari/537.36"
132.188.64.219 - - [06/Oct/2015:08:59:47 -0700] "GET /images/logo-sm.png HTTP/1.1" 200 16738 "http://whereshouldiski.com/" "Mozilla/5.0 (Macintosh; Intel Mac OS X 10_10_5) AppleWebKit/537.36 (KHTML, like Gecko) Chrome/45.0.2454.99 Safari/537.36"
132.188.64.219 - - [06/Oct/2015:08:59:47 -0700] "GET /scripts/scripts/vendor/modernizr.js HTTP/1.1" 200 4903 "http://whereshouldiski.com/" "Mozilla/5.0 (Macintosh; Intel Mac OS X 10_10_5) AppleWebKit/537.36 (KHTML, like Gecko) Chrome/45.0.2454.99 Safari/537.36"
132.188.64.219 - - [06/Oct/2015:08:59:47 -0700] "GET /bower_components/requirejs/require.js HTTP/1.1" 200 6702 "http://whereshouldiski.com/" "Mozilla/5.0 (Macintosh; Intel Mac OS X 10_10_5) AppleWebKit/537.36 (KHTML, like Gecko) Chrome/45.0.2454.99 Safari/537.36"
132.188.64.219 - - [06/Oct/2015:08:59:47 -0700] "GET /images/loading.gif HTTP/1.1" 200 13881 "http://whereshouldiski.com/" "Mozilla/5.0 (Macintosh; Intel Mac OS X 10_10_5) AppleWebKit/537.36 (KHTML, like Gecko) Chrome/45.0.2454.99 Safari/537.36"
132.188.64.219 - - [06/Oct/2015:08:59:47 -0700] "GET /scripts/fa48e319.main.js HTTP/1.1" 200 123455 "http://whereshouldiski.com/" "Mozilla/5.0 (Macintosh; Intel Mac OS X 10_10_5) AppleWebKit/537.36 (KHTML, like Gecko) Chrome/45.0.2454.99 Safari/537.36"
132.188.64.219 - - [06/Oct/2015:08:59:47 -0700] "GET /images/button.png HTTP/1.1" 200 598 "http://whereshouldiski.com/styles/0fffd548.main.css" "Mozilla/5.0 (Macintosh; Intel Mac OS X 10_10_5) AppleWebKit/537.36 (KHTML, like Gecko) Chrome/45.0.2454.99 Safari/537.36"
132.188.64.219 - - [06/Oct/2015:08:59:47 -0700] "GET /images/greyHeader.png HTTP/1.1" 200 508 "http://whereshouldiski.com/styles/0fffd548.main.css" "Mozilla/5.0 (Macintosh; Intel Mac OS X 10_10_5) AppleWebKit/537.36 (KHTML, like Gecko) Chrome/45.0.2454.99 Safari/537.36"
132.188.64.219 - - [06/Oct/2015:08:59:47 -0700] "GET /lib/reccapi.php?fields=t HTTP/1.1" 200 1713 "http://whereshouldiski.com/" "Mozilla/5.0 (Macintosh; Intel Mac OS X 10_10_5) AppleWebKit/537.36 (KHTML, like Gecko) Chrome/45.0.2454.99 Safari/537.36"
132.188.64.219 - - [06/Oct/2015:08:59:48 -0700] "GET /images/bluebird5.png HTTP/1.1" 200 2177 "http://whereshouldiski.com/styles/0fffd548.main.css" "Mozilla/5.0 (Macintosh; Intel Mac OS X 10_10_5) AppleWebKit/537.36 (KHTML, like Gecko) Chrome/45.0.2454.99 Safari/537.36"
132.188.64.219 - - [06/Oct/2015:08:59:48 -0700] "GET /images/mtns-icon.png HTTP/1.1" 200 1096 "http://whereshouldiski.com/styles/0fffd548.main.css" "Mozilla/5.0 (Macintosh; Intel Mac OS X 10_10_5) AppleWebKit/537.36 (KHTML, like Gecko) Chrome/45.0.2454.99 Safari/537.36"
132.188.64.219 - - [06/Oct/2015:08:59:48 -0700] "GET /images/star5.png HTTP/1.1" 200 1783 "http://whereshouldiski.com/styles/0fffd548.main.css" "Mozilla/5.0 (Macintosh; Intel Mac OS X 10_10_5) AppleWebKit/537.36 (KHTML, like Gecko) Chrome/45.0.2454.99 Safari/537.36"
132.188.64.219 - - [06/Oct/2015:08:59:48 -0700] "GET /images/snowflake5.png HTTP/1.1" 200 2857 "http://whereshouldiski.com/styles/0fffd548.main.css" "Mozilla/5.0 (Macintosh; Intel Mac OS X 10_10_5) AppleWebKit/537.36 (KHTML, like Gecko) Chrome/45.0.2454.99 Safari/537.36"
132.188.64.219 - - [06/Oct/2015:08:59:48 -0700] "GET /images/shading-icon.png HTTP/1.1" 200 537 "http://whereshouldiski.com/styles/0fffd548.main.css" "Mozilla/5.0 (Macintosh; Intel Mac OS X 10_10_5) AppleWebKit/537.36 (KHTML, like Gecko) Chrome/45.0.2454.99 Safari/537.36"
132.188.64.218 - - [06/Oct/2015:08:59:56 -0700] "GET / HTTP/1.1" 200 2376 "-" "Mozilla/5.0 (Macintosh; Intel Mac OS X 10_10_5) AppleWebKit/537.36 (KHTML, like Gecko) Chrome/45.0.2454.101 Safari/537.36"
132.188.64.218 - - [06/Oct/2015:08:59:56 -0700] "GET /styles/0fffd548.main.css HTTP/1.1" 200 19316 "http://whereshouldiski.com/" "Mozilla/5.0 (Macintosh; Intel Mac OS X 10_10_5) AppleWebKit/537.36 (KHTML, like Gecko) Chrome/45.0.2454.101 Safari/537.36"
132.188.64.218 - - [06/Oct/2015:08:59:56 -0700] "GET /scripts/scripts/vendor/modernizr.js HTTP/1.1" 200 4903 "http://whereshouldiski.com/" "Mozilla/5.0 (Macintosh; Intel Mac OS X 10_10_5) AppleWebKit/537.36 (KHTML, like Gecko) Chrome/45.0.2454.101 Safari/537.36"
132.188.64.218 - - [06/Oct/2015:08:59:56 -0700] "GET /bower_components/requirejs/require.js HTTP/1.1" 200 6702 "http://whereshouldiski.com/" "Mozilla/5.0 (Macintosh; Intel Mac OS X 10_10_5) AppleWebKit/537.36 (KHTML, like Gecko) Chrome/45.0.2454.101 Safari/537.36"
132.188.64.218 - - [06/Oct/2015:08:59:56 -0700] "GET /images/logo-sm.png HTTP/1.1" 200 16738 "http://whereshouldiski.com/" "Mozilla/5.0 (Macintosh; Intel Mac OS X 10_10_5) AppleWebKit/537.36 (KHTML, like Gecko) Chrome/45.0.2454.101 Safari/537.36"
132.188.64.218 - - [06/Oct/2015:08:59:56 -0700] "GET /images/loading.gif HTTP/1.1" 200 13881 "http://whereshouldiski.com/" "Mozilla/5.0 (Macintosh; Intel Mac OS X 10_10_5) AppleWebKit/537.36 (KHTML, like Gecko) Chrome/45.0.2454.101 Safari/537.36"
132.188.64.218 - - [06/Oct/2015:08:59:56 -0700] "GET /scripts/fa48e319.main.js HTTP/1.1" 200 123455 "http://whereshouldiski.com/" "Mozilla/5.0 (Macintosh; Intel Mac OS X 10_10_5) AppleWebKit/537.36 (KHTML, like Gecko) Chrome/45.0.2454.101 Safari/537.36"
132.188.64.218 - - [06/Oct/2015:08:59:57 -0700] "GET /images/button.png HTTP/1.1" 200 598 "http://whereshouldiski.com/styles/0fffd548.main.css" "Mozilla/5.0 (Macintosh; Intel Mac OS X 10_10_5) AppleWebKit/537.36 (KHTML, like Gecko) Chrome/45.0.2454.101 Safari/537.36"
132.188.64.218 - - [06/Oct/2015:08:59:57 -0700] "GET /images/greyHeader.png HTTP/1.1" 200 508 "http://whereshouldiski.com/styles/0fffd548.main.css" "Mozilla/5.0 (Macintosh; Intel Mac OS X 10_10_5) AppleWebKit/537.36 (KHTML, like Gecko) Chrome/45.0.2454.101 Safari/537.36"
132.188.64.218 - - [06/Oct/2015:08:59:57 -0700] "GET /lib/reccapi.php?fields=t HTTP/1.1" 200 1713 "http://whereshouldiski.com/" "Mozilla/5.0 (Macintosh; Intel Mac OS X 10_10_5) AppleWebKit/537.36 (KHTML, like Gecko) Chrome/45.0.2454.101 Safari/537.36"
132.188.64.218 - - [06/Oct/2015:08:59:57 -0700] "GET /images/star5.png HTTP/1.1" 200 1783 "http://whereshouldiski.com/styles/0fffd548.main.css" "Mozilla/5.0 (Macintosh; Intel Mac OS X 10_10_5) AppleWebKit/537.36 (KHTML, like Gecko) Chrome/45.0.2454.101 Safari/537.36"
132.188.64.218 - - [06/Oct/2015:08:59:57 -0700] "GET /images/bluebird5.png HTTP/1.1" 200 2177 "http://whereshouldiski.com/styles/0fffd548.main.css" "Mozilla/5.0 (Macintosh; Intel Mac OS X 10_10_5) AppleWebKit/537.36 (KHTML, like Gecko) Chrome/45.0.2454.101 Safari/537.36"
132.188.64.218 - - [06/Oct/2015:08:59:57 -0700] "GET /images/mtns-icon.png HTTP/1.1" 200 1096 "http://whereshouldiski.com/styles/0fffd548.main.css" "Mozilla/5.0 (Macintosh; Intel Mac OS X 10_10_5) AppleWebKit/537.36 (KHTML, like Gecko) Chrome/45.0.2454.101 Safari/537.36"
132.188.64.218 - - [06/Oct/2015:08:59:57 -0700] "GET /images/snowflake5.png HTTP/1.1" 200 2857 "http://whereshouldiski.com/styles/0fffd548.main.css" "Mozilla/5.0 (Macintosh; Intel Mac OS X 10_10_5) AppleWebKit/537.36 (KHTML, like Gecko) Chrome/45.0.2454.101 Safari/537.36"
132.188.64.218 - - [06/Oct/2015:08:59:57 -0700] "GET /images/shading-icon.png HTTP/1.1" 200 537 "http://whereshouldiski.com/styles/0fffd548.main.css" "Mozilla/5.0 (Macintosh; Intel Mac OS X 10_10_5) AppleWebKit/537.36 (KHTML, like Gecko) Chrome/45.0.2454.101 Safari/537.36"
132.188.64.218 - - [06/Oct/2015:08:59:57 -0700] "GET /favicon.ico HTTP/1.1" 200 1475 "http://whereshouldiski.com/" "Mozilla/5.0 (Macintosh; Intel Mac OS X 10_10_5) AppleWebKit/537.36 (KHTML, like Gecko) Chrome/45.0.2454.101 Safari/537.36"
132.188.64.218 - - [06/Oct/2015:08:59:57 -0700] "GET /favicon.ico HTTP/1.1" 200 1475 "http://whereshouldiski.com/" "Mozilla/5.0 (Macintosh; Intel Mac OS X 10_10_5) AppleWebKit/537.36 (KHTML, like Gecko) Chrome/45.0.2454.101 Safari/537.36"
132.188.64.218 - - [06/Oct/2015:08:59:57 -0700] "GET /favicon.ico HTTP/1.1" 200 1475 "http://whereshouldiski.com/" "Mozilla/5.0 (Macintosh; Intel Mac OS X 10_10_5) AppleWebKit/537.36 (KHTML, like Gecko) Chrome/45.0.2454.101 Safari/537.36"
132.188.64.218 - - [06/Oct/2015:08:59:59 -0700] "GET / HTTP/1.1" 200 2375 "-" "Mozilla/5.0 (Macintosh; Intel Mac OS X 10_10_5) AppleWebKit/537.36 (KHTML, like Gecko) Chrome/45.0.2454.101 Safari/537.36"
132.188.64.218 - - [06/Oct/2015:09:00:11 -0700] "GET /bower_components/requirejs/require.js HTTP/1.1" 200 6702 "http://whereshouldiski.com/" "Mozilla/5.0 (Macintosh; Intel Mac OS X 10_10_5) AppleWebKit/537.36 (KHTML, like Gecko) Chrome/45.0.2454.101 Safari/537.36"
132.188.64.218 - - [06/Oct/2015:09:00:44 -0700] "GET /lib/reccapi.php?fields=t&coords=37.7937207,-122.39461340000001 HTTP/1.1" 200 1869 "http://whereshouldiski.com/" "Mozilla/5.0 (Macintosh; Intel Mac OS X 10_10_5) AppleWebKit/537.36 (KHTML, like Gecko) Chrome/45.0.2454.101 Safari/537.36"
132.188.64.218 - - [06/Oct/2015:09:01:00 -0700] "GET /scripts/scripts/vendor/modernizr.js HTTP/1.1" 200 4903 "http://whereshouldiski.com/" "Mozilla/5.0 (Macintosh; Intel Mac OS X 10_10_5) AppleWebKit/537.36 (KHTML, like Gecko) Chrome/45.0.2454.101 Safari/537.36"
185.53.44.158 - - [06/Oct/2015:09:01:09 -0700] "GET /resorts?resort=sierra-at-tahoe&date=2014-11-23 HTTP/1.1" 404 476 "-" "Mozilla/5.0 (compatible; XoviBot/2.0; +http://www.xovibot.net/)"
185.53.44.158 - - [06/Oct/2015:09:03:48 -0700] "GET /resorts?resort=sierra-at-tahoe&date=2014-11-01 HTTP/1.1" 404 476 "-" "Mozilla/5.0 (compatible; XoviBot/2.0; +http://www.xovibot.net/)"
185.53.44.131 - - [06/Oct/2015:09:12:41 -0700] "GET /resorts?resort=telluride&date=2014-11-14 HTTP/1.1" 404 476 "-" "Mozilla/5.0 (compatible; XoviBot/2.0; +http://www.xovibot.net/)"
185.53.44.131 - - [06/Oct/2015:09:13:09 -0700] "GET /resorts?resort=telluride&date=2014-10-13 HTTP/1.1" 404 476 "-" "Mozilla/5.0 (compatible; XoviBot/2.0; +http://www.xovibot.net/)"
185.53.44.131 - - [06/Oct/2015:09:14:58 -0700] "GET /resorts?resort=telluride&date=2014-11-03 HTTP/1.1" 404 476 "-" "Mozilla/5.0 (compatible; XoviBot/2.0; +http://www.xovibot.net/)"
185.53.44.131 - - [06/Oct/2015:09:15:13 -0700] "GET /resorts?resort=telluride&date=2014-10-02 HTTP/1.1" 404 476 "-" "Mozilla/5.0 (compatible; XoviBot/2.0; +http://www.xovibot.net/)"
76.220.71.72 - - [06/Oct/2015:09:16:34 -0700] "GET /images/wsis-logo-sm.png HTTP/1.1" 200 6108 "http://www.thebackcountry.net/" "Mozilla/5.0 (Windows NT 6.3; WOW64; rv:41.0) Gecko/20100101 Firefox/41.0"
185.53.44.202 - - [06/Oct/2015:09:17:00 -0700] "GET /resorts?resort=bigsky HTTP/1.1" 404 476 "-" "Mozilla/5.0 (compatible; XoviBot/2.0; +http://www.xovibot.net/)"
185.53.44.72 - - [06/Oct/2015:09:19:45 -0700] "GET /resorts?resort=telluride&date=2014-11-05 HTTP/1.1" 404 476 "-" "Mozilla/5.0 (compatible; XoviBot/2.0; +http://www.xovibot.net/)"
207.46.13.173 - - [06/Oct/2015:09:28:11 -0700] "GET /robots.txt HTTP/1.1" 200 375 "-" "Mozilla/5.0 (compatible; bingbot/2.0; +http://www.bing.com/bingbot.htm)"
185.53.44.175 - - [06/Oct/2015:09:29:44 -0700] "GET /resorts?resort=sierra-at-tahoe&date=2014-10-06 HTTP/1.1" 404 476 "-" "Mozilla/5.0 (compatible; XoviBot/2.0; +http://www.xovibot.net/)"
185.25.151.159 - - [06/Oct/2015:09:33:14 -0700] "GET http://testp2.czar.bielawa.pl/testproxy.php HTTP/1.1" 404 452 "-" "Mozilla/5.0 (Windows NT 5.1; rv:32.0) Gecko/20100101 Firefox/31.0"
137.226.113.7 - - [06/Oct/2015:09:35:03 -0700] "GET / HTTP/1.1" 200 6151 "-" "Scanning for research (researchscan.comsys.rwth-aachen.de)"
137.226.113.7 - - [06/Oct/2015:09:35:03 -0700] "GET / HTTP/1.1" 200 6150 "-" "Scanning for research (researchscan.comsys.rwth-aachen.de)"
104.129.192.104 - - [06/Oct/2015:09:50:49 -0700] "GET /images/wsis-logo-sm.png HTTP/1.1" 200 6108 "http://thebackcountry.net/" "Mozilla/5.0 (Windows NT 6.1; WOW64; rv:41.0) Gecko/20100101 Firefox/41.0"
180.76.15.33 - - [06/Oct/2015:09:58:08 -0700] "GET / HTTP/1.1" 200 6114 "-" "Mozilla/5.0 (compatible; Baiduspider/2.0; +http://www.baidu.com/search/spider.html)"
180.76.15.138 - - [06/Oct/2015:09:59:28 -0700] "GET / HTTP/1.1" 200 6114 "-" "Mozilla/5.0 (compatible; Baiduspider/2.0; +http://www.baidu.com/search/spider.html)"
208.100.173.67 - - [06/Oct/2015:10:18:32 -0700] "GET /images/wsis-logo-sm.png HTTP/1.1" 200 6108 "http://www.thebackcountry.net/" "Mozilla/5.0 (Windows NT 6.1; WOW64; rv:41.0) Gecko/20100101 Firefox/41.0"
66.249.74.9 - - [06/Oct/2015:10:25:25 -0700] "GET /robots.txt HTTP/1.1" 200 419 "-" "Mozilla/5.0 (compatible; Googlebot/2.1; +http://www.google.com/bot.html)"
66.249.74.12 - - [06/Oct/2015:10:25:25 -0700] "GET / HTTP/1.1" 200 2376 "-" "Mozilla/5.0 (iPhone; CPU iPhone OS 8_3 like Mac OS X) AppleWebKit/600.1.4 (KHTML, like Gecko) Version/8.0 Mobile/12F70 Safari/600.1.4 (compatible; Googlebot/2.1; +http://www.google.com/bot.html)"
66.249.79.227 - - [06/Oct/2015:10:28:16 -0700] "GET /resorts?resort=heavenly&date=2014-02-24 HTTP/1.1" 404 506 "-" "Mozilla/5.0 (iPhone; CPU iPhone OS 8_3 like Mac OS X) AppleWebKit/600.1.4 (KHTML, like Gecko) Version/8.0 Mobile/12F70 Safari/600.1.4 (compatible; Googlebot/2.1; +http://www.google.com/bot.html)"
157.55.39.85 - - [06/Oct/2015:10:48:19 -0700] "GET /robots.txt HTTP/1.1" 200 419 "-" "Mozilla/5.0 (compatible; bingbot/2.0; +http://www.bing.com/bingbot.htm)"
180.76.15.149 - - [06/Oct/2015:10:54:48 -0700] "GET /resorts?resort=elkridge&date=2014-01-23 HTTP/1.1" 404 472 "-" "Mozilla/5.0 (compatible; Baiduspider/2.0; +http://www.baidu.com/search/spider.html)"
170.75.162.130 - - [06/Oct/2015:11:05:32 -0700] "GET /lib/reccapi.php?resort=killington HTTP/1.1" 200 957 "-" "node-superagent/0.18.2"
68.180.229.34 - - [06/Oct/2015:11:16:25 -0700] "GET /robots.txt HTTP/1.1" 200 319 "-" "Mozilla/5.0 (compatible; Yahoo! Slurp; http://help.yahoo.com/help/us/ysearch/slurp)"
68.180.229.34 - - [06/Oct/2015:11:16:26 -0700] "GET /resorts?resort=killington HTTP/1.1" 404 450 "-" "Mozilla/5.0 (compatible; Yahoo! Slurp; http://help.yahoo.com/help/us/ysearch/slurp)"
208.108.195.229 - - [06/Oct/2015:11:17:53 -0700] "GET /images/wsis-logo-sm.png HTTP/1.1" 200 6108 "http://www.thebackcountry.net/" "Mozilla/5.0 (Windows NT 6.3; WOW64; Trident/7.0; rv:11.0) like Gecko"
208.108.195.229 - - [06/Oct/2015:11:18:14 -0700] "-" 408 0 "-" "-"
157.55.39.85 - - [06/Oct/2015:11:26:17 -0700] "GET /robots.txt HTTP/1.1" 200 419 "-" "Mozilla/5.0 (compatible; bingbot/2.0; +http://www.bing.com/bingbot.htm)"
180.76.15.25 - - [06/Oct/2015:11:29:25 -0700] "GET / HTTP/1.1" 200 6114 "-" "Mozilla/5.0 (compatible; Baiduspider/2.0; +http://www.baidu.com/search/spider.html)"
180.76.15.149 - - [06/Oct/2015:11:30:35 -0700] "GET / HTTP/1.1" 200 6114 "-" "Mozilla/5.0 (compatible; Baiduspider/2.0; +http://www.baidu.com/search/spider.html)"
68.180.229.34 - - [06/Oct/2015:11:39:53 -0700] "GET /robots.txt HTTP/1.1" 200 319 "-" "Mozilla/5.0 (compatible; Yahoo! Slurp; http://help.yahoo.com/help/us/ysearch/slurp)"
68.180.229.34 - - [06/Oct/2015:11:39:54 -0700] "GET /resorts?resort=wildcatmountain HTTP/1.1" 404 450 "-" "Mozilla/5.0 (compatible; Yahoo! Slurp; http://help.yahoo.com/help/us/ysearch/slurp)"
108.174.2.200 - - [06/Oct/2015:11:41:11 -0700] "GET /images/viz-screenshot.png HTTP/1.1" 404 480 "-" "LinkedInBot/1.0 (compatible; Mozilla/5.0; Jakarta Commons-HttpClient/4.3 +http://www.linkedin.com)"
194.199.7.22 - - [06/Oct/2015:11:58:10 -0700] "GET /robots.txt HTTP/1.0" 200 338 "-" "Mozilla/5.0 (compatible; bnf.fr_bot; +http://www.bnf.fr/fr/outils/a.dl_web_capture_robot.html)"
194.199.7.22 - - [06/Oct/2015:11:58:21 -0700] "GET /images/wsis-logo-sm.png HTTP/1.0" 200 6071 "http://www.thebackcountry.net/" "Mozilla/5.0 (compatible; bnf.fr_bot; +http://www.bnf.fr/fr/outils/a.dl_web_capture_robot.html)"
170.75.162.130 - - [06/Oct/2015:12:05:39 -0700] "GET /lib/reccapi.php?resort=canyons HTTP/1.1" 200 1023 "-" "node-superagent/0.18.2"
170.75.162.130 - - [06/Oct/2015:12:05:39 -0700] "GET /lib/reccapi.php?resort=snowbird HTTP/1.1" 200 990 "-" "node-superagent/0.18.2"
206.29.176.52 - - [06/Oct/2015:12:11:12 -0700] "GET /backbonetest.html HTTP/1.1" 404 506 "-" "Mozilla/5.0 (Macintosh; Intel Mac OS X 10_10_5) AppleWebKit/601.1.56 (KHTML, like Gecko)"
206.29.176.52 - - [06/Oct/2015:12:11:13 -0700] "GET /apple-touch-icon-precomposed.png HTTP/1.1" 404 521 "-" "Safari/10601.1.56.2 CFNetwork/720.5.7 Darwin/14.5.0 (x86_64)"
206.29.176.52 - - [06/Oct/2015:12:11:13 -0700] "GET /favicon.ico HTTP/1.1" 200 1476 "-" "Safari/10601.1.56.2 CFNetwork/720.5.7 Darwin/14.5.0 (x86_64)"
206.29.176.52 - - [06/Oct/2015:12:11:13 -0700] "GET /apple-touch-icon.png HTTP/1.1" 404 512 "-" "Safari/10601.1.56.2 CFNetwork/720.5.7 Darwin/14.5.0 (x86_64)"
206.29.176.52 - - [06/Oct/2015:12:11:15 -0700] "GET /backbonetest.html HTTP/1.1" 404 505 "-" "Mozilla/5.0 (iPhone; CPU iPhone OS 8_1 like Mac OS X) AppleWebKit/600.1.4 (KHTML, like Gecko) Version/8.0 Mobile/12B410 Safari/600.1.4"
206.29.176.52 - - [06/Oct/2015:12:11:15 -0700] "GET /apple-touch-icon-precomposed.png HTTP/1.1" 404 520 "-" "Safari/10601.1.56.2 CFNetwork/720.5.7 Darwin/14.5.0 (x86_64)"
206.29.176.52 - - [06/Oct/2015:12:11:15 -0700] "GET /apple-touch-icon.png HTTP/1.1" 404 512 "-" "Safari/10601.1.56.2 CFNetwork/720.5.7 Darwin/14.5.0 (x86_64)"
206.29.176.52 - - [06/Oct/2015:12:15:21 -0700] "GET / HTTP/1.1" 200 2376 "-" "Mozilla/5.0 (Macintosh; Intel Mac OS X 10_10_5) AppleWebKit/601.1.56 (KHTML, like Gecko)"
206.29.176.52 - - [06/Oct/2015:12:15:21 -0700] "GET /apple-touch-icon-precomposed.png HTTP/1.1" 404 521 "-" "Safari/10601.1.56.2 CFNetwork/720.5.7 Darwin/14.5.0 (x86_64)"
206.29.176.52 - - [06/Oct/2015:12:15:21 -0700] "GET /apple-touch-icon.png HTTP/1.1" 404 512 "-" "Safari/10601.1.56.2 CFNetwork/720.5.7 Darwin/14.5.0 (x86_64)"
206.29.176.52 - - [06/Oct/2015:12:15:21 -0700] "GET /apple-touch-icon-precomposed.png HTTP/1.1" 404 520 "-" "Safari/10601.1.56.2 CFNetwork/720.5.7 Darwin/14.5.0 (x86_64)"
206.29.176.52 - - [06/Oct/2015:12:15:21 -0700] "GET /apple-touch-icon.png HTTP/1.1" 404 512 "-" "Safari/10601.1.56.2 CFNetwork/720.5.7 Darwin/14.5.0 (x86_64)"
180.76.15.145 - - [06/Oct/2015:12:17:05 -0700] "GET / HTTP/1.1" 200 6114 "-" "Mozilla/5.0 (compatible; Baiduspider/2.0; +http://www.baidu.com/search/spider.html)"
180.76.15.146 - - [06/Oct/2015:12:17:32 -0700] "GET / HTTP/1.1" 200 6114 "-" "Mozilla/5.0 (compatible; Baiduspider/2.0; +http://www.baidu.com/search/spider.html)"
72.29.169.20 - - [06/Oct/2015:12:25:42 -0700] "GET /images/wsis-logo-sm.png HTTP/1.1" 200 6108 "http://www.thebackcountry.net/" "Mozilla/5.0 (Windows NT 6.1; WOW64; Trident/7.0; rv:11.0) like Gecko"
72.29.169.20 - - [06/Oct/2015:12:26:03 -0700] "-" 408 0 "-" "-"
66.195.234.90 - - [06/Oct/2015:12:26:09 -0700] "GET /images/wsis-logo-sm.png HTTP/1.1" 200 6108 "http://www.thebackcountry.net/" "Mozilla/5.0 (Windows NT 6.1; WOW64) AppleWebKit/537.36 (KHTML, like Gecko) Chrome/44.0.2403.157 Safari/537.36"
24.8.33.182 - - [06/Oct/2015:12:32:54 -0700] "GET /images/wsis-logo-sm.png HTTP/1.1" 200 6108 "http://thebackcountry.net/" "Mozilla/5.0 (Windows NT 6.1; WOW64) AppleWebKit/537.36 (KHTML, like Gecko) Chrome/45.0.2454.101 Safari/537.36"
170.75.162.130 - - [06/Oct/2015:12:39:53 -0700] "GET /lib/reccapi.php?resort=crestedbutte HTTP/1.1" 200 1015 "-" "node-superagent/0.18.2"
180.76.15.21 - - [06/Oct/2015:13:12:08 -0700] "GET /styles/0fffd548.main.css HTTP/1.1" 200 19280 "-" "Mozilla/5.0 (compatible; Baiduspider/2.0; +http://www.baidu.com/search/spider.html)"
180.76.15.29 - - [06/Oct/2015:13:19:01 -0700] "GET / HTTP/1.1" 200 6114 "-" "Mozilla/5.0 (compatible; Baiduspider/2.0; +http://www.baidu.com/search/spider.html)"
180.76.15.157 - - [06/Oct/2015:13:19:54 -0700] "GET / HTTP/1.1" 200 6114 "-" "Mozilla/5.0 (compatible; Baiduspider/2.0; +http://www.baidu.com/search/spider.html)"
207.46.13.173 - - [06/Oct/2015:13:19:57 -0700] "GET /robots.txt HTTP/1.1" 200 375 "-" "Mozilla/5.0 (compatible; bingbot/2.0; +http://www.bing.com/bingbot.htm)"
88.177.85.52 - - [06/Oct/2015:13:21:04 -0700] "GET /images/wsis-logo-sm.png HTTP/1.1" 200 6108 "http://www.thebackcountry.net/" "Mozilla/5.0 (Windows NT 6.1; WOW64) AppleWebKit/537.36 (KHTML, like Gecko) Chrome/45.0.2454.101 Safari/537.36"
207.46.13.173 - - [06/Oct/2015:13:27:15 -0700] "GET / HTTP/1.1" 200 2376 "-" "Mozilla/5.0 (compatible; bingbot/2.0; +http://www.bing.com/bingbot.htm)"
180.76.15.145 - - [06/Oct/2015:13:41:28 -0700] "GET /robots.txt HTTP/1.1" 200 382 "-" "Mozilla/5.0 (Windows NT 5.1; rv:6.0.2) Gecko/20100101 Firefox/6.0.2"
46.151.52.38 - - [06/Oct/2015:13:50:56 -0700] "GET /resorts?resort=cannonmountain HTTP/1.0" 404 495 "http://whereshouldiski.com/resorts?resort=cannonmountain" "Mozilla/5.0 (Windows NT 6.1; rv:37.0) Gecko/20100101 Firefox/37.0"
46.151.52.38 - - [06/Oct/2015:13:50:57 -0700] "GET / HTTP/1.0" 200 6114 "http://whereshouldiski.com/" "Mozilla/5.0 (Windows NT 6.1; rv:37.0) Gecko/20100101 Firefox/37.0"
170.75.162.130 - - [06/Oct/2015:14:08:02 -0700] "GET /lib/reccapi.php?resort=cannonmountain HTTP/1.1" 200 961 "-" "node-superagent/0.18.2"
166.170.5.52 - - [06/Oct/2015:14:17:30 -0700] "GET /images/wsis-logo-sm.png HTTP/1.1" 200 6108 "http://www.thebackcountry.net/" "Mozilla/5.0 (Linux; Android 5.0; SAMSUNG-SM-G870A Build/LRX21T) AppleWebKit/537.36 (KHTML, like Gecko) Chrome/44.0.2403.133 Mobile Safari/537.36"
98.210.11.104 - - [06/Oct/2015:14:33:07 -0700] "GET /images/wsis-logo-sm.png HTTP/1.1" 200 6108 "http://www.thebackcountry.net/" "Mozilla/5.0 (Macintosh; Intel Mac OS X 10_9_5) AppleWebKit/601.1.56 (KHTML, like Gecko) Version/9.0 Safari/537.86.1"
170.75.162.130 - - [06/Oct/2015:14:34:25 -0700] "GET /lib/reccapi.php?resort=coppermountain HTTP/1.1" 200 1088 "-" "node-superagent/0.18.2"
66.249.84.247 - - [06/Oct/2015:14:40:49 -0700] "GET /images/wsis-logo-sm.png HTTP/1.1" 200 6108 "http://www.thebackcountry.net/" "Mozilla/5.0 (Linux; Android 5.1; XT1254 Build/SU3TL-39) AppleWebKit/537.36 (KHTML, like Gecko) Chrome/45.0.2454.94 Mobile Safari/537.36"
170.75.162.130 - - [06/Oct/2015:14:48:07 -0700] "GET /lib/reccapi.php?resort=alpinemeadows HTTP/1.1" 200 963 "-" "node-superagent/0.18.2"
170.75.162.130 - - [06/Oct/2015:14:48:17 -0700] "GET /lib/reccapi.php?resort=chinapeak HTTP/1.1" 200 988 "-" "node-superagent/0.18.2"
170.75.162.130 - - [06/Oct/2015:14:48:27 -0700] "GET /lib/reccapi.php?resort=49degreesnorth HTTP/1.1" 200 977 "-" "node-superagent/0.18.2"
170.75.162.130 - - [06/Oct/2015:14:48:47 -0700] "GET /lib/reccapi.php?resort=diamondpeak HTTP/1.1" 200 949 "-" "node-superagent/0.18.2"
170.75.162.130 - - [06/Oct/2015:14:49:07 -0700] "GET /lib/reccapi.php?resort=telluride HTTP/1.1" 200 1044 "-" "node-superagent/0.18.2"
170.75.162.130 - - [06/Oct/2015:14:49:27 -0700] "GET /lib/reccapi.php?resort=squawvalleyusa HTTP/1.1" 200 980 "-" "node-superagent/0.18.2"
207.46.13.173 - - [06/Oct/2015:14:55:46 -0700] "GET /about HTTP/1.1" 404 506 "-" "Mozilla/5.0 (compatible; bingbot/2.0; +http://www.bing.com/bingbot.htm)"
84.121.189.5 - - [06/Oct/2015:14:59:16 -0700] "GET /images/wsis-logo-sm.png HTTP/1.1" 200 6108 "-" "Mozilla/5.0 (Windows NT 10.0; WOW64) AppleWebKit/537.36 (KHTML, like Gecko) Chrome/45.0.2454.101 Safari/537.36"
162.244.213.175 - - [06/Oct/2015:15:00:21 -0700] "GET /images/wsis-logo-sm.png HTTP/1.1" 200 6108 "http://www.thebackcountry.net/" "Mozilla/5.0 (Windows NT 6.0; rv:41.0) Gecko/20100101 Firefox/41.0"
170.75.162.130 - - [06/Oct/2015:15:06:59 -0700] "GET /lib/reccapi.php?resort=angelfire HTTP/1.1" 200 1019 "-" "node-superagent/0.18.2"
75.42.68.202 - - [06/Oct/2015:15:08:11 -0700] "GET /images/wsis-logo-sm.png HTTP/1.1" 200 6108 "http://www.thebackcountry.net/" "Mozilla/5.0 (Macintosh; Intel Mac OS X 10_9_5) AppleWebKit/600.8.9 (KHTML, like Gecko) Version/7.1.8 Safari/537.85.17"
170.75.162.130 - - [06/Oct/2015:15:16:51 -0700] "GET /lib/reccapi.php?resort=heavenly HTTP/1.1" 200 963 "-" "node-superagent/0.18.2"
170.75.162.130 - - [06/Oct/2015:15:30:02 -0700] "GET /lib/reccapi.php?resort=homewoodmountain HTTP/1.1" 200 970 "-" "node-superagent/0.18.2"
170.75.162.130 - - [06/Oct/2015:15:35:33 -0700] "GET /lib/reccapi.php?resort=kirkwood HTTP/1.1" 200 974 "-" "node-superagent/0.18.2"
180.76.15.141 - - [06/Oct/2015:15:36:52 -0700] "GET /robots.txt HTTP/1.1" 200 382 "-" "Mozilla/5.0 (Windows NT 5.1; rv:6.0.2) Gecko/20100101 Firefox/6.0.2"
180.76.15.5 - - [06/Oct/2015:15:37:04 -0700] "GET /resorts?resort=jacksonhole HTTP/1.1" 404 472 "-" "Mozilla/5.0 (compatible; Baiduspider/2.0; +http://www.baidu.com/search/spider.html)"
46.4.32.75 - - [06/Oct/2015:15:43:48 -0700] "GET /robots.txt HTTP/1.0" 200 338 "-" "Mozilla/5.0 (compatible; MJ12bot/v1.4.5; http://www.majestic12.co.uk/bot.php?+)"
46.4.32.75 - - [06/Oct/2015:15:43:50 -0700] "GET /resorts?resort=sunvalley HTTP/1.0" 404 495 "-" "Mozilla/5.0 (compatible; MJ12bot/v1.4.5; http://www.majestic12.co.uk/bot.php?+)"
180.76.15.30 - - [06/Oct/2015:15:44:09 -0700] "GET / HTTP/1.1" 200 6114 "-" "Mozilla/5.0 (compatible; Baiduspider/2.0; +http://www.baidu.com/search/spider.html)"
180.76.15.145 - - [06/Oct/2015:15:44:59 -0700] "GET / HTTP/1.1" 200 6114 "-" "Mozilla/5.0 (compatible; Baiduspider/2.0; +http://www.baidu.com/search/spider.html)"
170.75.162.130 - - [06/Oct/2015:15:45:14 -0700] "GET /lib/reccapi.php?resort=jacksonhole HTTP/1.1" 200 1018 "-" "node-superagent/0.18.2"
204.115.218.136 - - [06/Oct/2015:15:57:03 -0700] "GET /images/wsis-logo-sm.png HTTP/1.1" 200 6052 "http://thebackcountry.net/" "Mozilla/5.0 (Windows NT 6.1; WOW64) AppleWebKit/537.36 (KHTML, like Gecko) Chrome/38.0.2125.104 Safari/537.36"
174.52.254.107 - - [06/Oct/2015:16:06:51 -0700] "GET /images/wsis-logo-sm.png HTTP/1.1" 200 6108 "http://www.thebackcountry.net/" "Mozilla/5.0 (Linux; Android 5.1; VS986 Build/LMY47D) AppleWebKit/537.36 (KHTML, like Gecko) Chrome/45.0.2454.94 Mobile Safari/537.36"
187.15.9.172 - - [06/Oct/2015:16:09:30 -0700] "GET / HTTP/1.1" 200 2376 "http://rankings-analytics.com/try.php?u=http://whereshouldiski.com" "Mozilla/5.0 (Windows NT 6.1; WOW64) AppleWebKit/537.36 (KHTML, like Gecko) Chrome/36.0.1985.143 Safari/537.36"
187.15.9.172 - - [06/Oct/2015:16:09:31 -0700] "GET /styles/0fffd548.main.css HTTP/1.1" 200 19316 "http://whereshouldiski.com/" "Mozilla/5.0 (Windows NT 6.1; WOW64) AppleWebKit/537.36 (KHTML, like Gecko) Chrome/36.0.1985.143 Safari/537.36"
187.15.9.172 - - [06/Oct/2015:16:09:31 -0700] "GET /scripts/scripts/vendor/modernizr.js HTTP/1.1" 200 4903 "http://whereshouldiski.com/" "Mozilla/5.0 (Windows NT 6.1; WOW64) AppleWebKit/537.36 (KHTML, like Gecko) Chrome/36.0.1985.143 Safari/537.36"
187.15.9.172 - - [06/Oct/2015:16:09:31 -0700] "GET /bower_components/requirejs/require.js HTTP/1.1" 200 6702 "http://whereshouldiski.com/" "Mozilla/5.0 (Windows NT 6.1; WOW64) AppleWebKit/537.36 (KHTML, like Gecko) Chrome/36.0.1985.143 Safari/537.36"
66.249.79.15 - - [06/Oct/2015:16:16:57 -0700] "GET /robots.txt HTTP/1.1" 200 419 "-" "Mozilla/5.0 (compatible; Googlebot/2.1; +http://www.google.com/bot.html)"
66.249.79.18 - - [06/Oct/2015:16:16:57 -0700] "GET / HTTP/1.1" 200 2376 "-" "Mozilla/5.0 (iPhone; CPU iPhone OS 8_3 like Mac OS X) AppleWebKit/600.1.4 (KHTML, like Gecko) Version/8.0 Mobile/12F70 Safari/600.1.4 (compatible; Googlebot/2.1; +http://www.google.com/bot.html)"
170.75.162.130 - - [06/Oct/2015:16:18:58 -0700] "GET /lib/reccapi.php?resort=alta HTTP/1.1" 200 995 "-" "node-superagent/0.18.2"
170.75.162.130 - - [06/Oct/2015:16:18:58 -0700] "GET /lib/reccapi.php?resort=sugarloaf HTTP/1.1" 200 957 "-" "node-superagent/0.18.2"
170.75.162.130 - - [06/Oct/2015:16:19:58 -0700] "GET /lib/reccapi.php?resort=aspenmountain HTTP/1.1" 200 1016 "-" "node-superagent/0.18.2"
170.75.162.130 - - [06/Oct/2015:16:19:58 -0700] "GET /lib/reccapi.php?resort=arapahoebasin HTTP/1.1" 200 1014 "-" "node-superagent/0.18.2"
170.75.162.130 - - [06/Oct/2015:16:19:58 -0700] "GET /lib/reccapi.php?resort=bigsky HTTP/1.1" 200 966 "-" "node-superagent/0.18.2"
170.75.162.130 - - [06/Oct/2015:16:20:18 -0700] "GET /lib/reccapi.php?resort=devilshead HTTP/1.1" 200 962 "-" "node-superagent/0.18.2"
170.75.162.130 - - [06/Oct/2015:16:20:58 -0700] "GET /lib/reccapi.php?resort=loveland HTTP/1.1" 200 1010 "-" "node-superagent/0.18.2"
170.75.162.130 - - [06/Oct/2015:16:20:59 -0700] "GET /lib/reccapi.php?resort=redmountain HTTP/1.1" 200 900 "-" "node-superagent/0.18.2"
170.75.162.130 - - [06/Oct/2015:16:20:59 -0700] "GET /lib/reccapi.php?resort=mounthoodmeadows HTTP/1.1" 200 1003 "-" "node-superagent/0.18.2"
170.75.162.130 - - [06/Oct/2015:16:20:59 -0700] "GET /lib/reccapi.php?resort=keystone HTTP/1.1" 200 1011 "-" "node-superagent/0.18.2"
170.75.162.130 - - [06/Oct/2015:16:20:59 -0700] "GET /lib/reccapi.php?resort=silverstarmountain HTTP/1.1" 200 928 "-" "node-superagent/0.18.2"
170.75.162.130 - - [06/Oct/2015:16:25:19 -0700] "GET /lib/reccapi.php?resort=mtrose HTTP/1.1" 200 931 "-" "node-superagent/0.18.2"
170.75.162.130 - - [06/Oct/2015:16:26:59 -0700] "GET /lib/reccapi.php?resort=smugglersnotch HTTP/1.1" 200 952 "-" "node-superagent/0.18.2"
70.211.69.194 - - [06/Oct/2015:16:46:46 -0700] "GET /images/wsis-logo-sm.png HTTP/1.1" 200 6108 "http://www.thebackcountry.net/" "Mozilla/5.0 (iPhone; CPU iPhone OS 9_0 like Mac OS X) AppleWebKit/600.1.4 (KHTML, like Gecko) GSA/8.0.57838 Mobile/13A344 Safari/600.1.4"
170.75.162.130 - - [06/Oct/2015:16:49:12 -0700] "GET /lib/reccapi.php?resort=northstar-at-tahoe HTTP/1.1" 200 948 "-" "node-superagent/0.18.2"
170.75.162.130 - - [06/Oct/2015:16:55:23 -0700] "GET /lib/reccapi.php?resort=sierra-at-tahoe HTTP/1.1" 200 955 "-" "node-superagent/0.18.2"
180.76.15.161 - - [06/Oct/2015:16:55:51 -0700] "GET /resorts?resort=buttermilk&date=2014-01-17 HTTP/1.1" 404 472 "-" "Mozilla/5.0 (compatible; Baiduspider/2.0; +http://www.baidu.com/search/spider.html)"
180.76.15.144 - - [06/Oct/2015:16:58:54 -0700] "GET / HTTP/1.1" 200 6114 "-" "Mozilla/5.0 (compatible; Baiduspider/2.0; +http://www.baidu.com/search/spider.html)"
180.76.15.142 - - [06/Oct/2015:17:00:15 -0700] "GET / HTTP/1.1" 200 6114 "-" "Mozilla/5.0 (compatible; Baiduspider/2.0; +http://www.baidu.com/search/spider.html)"
104.156.228.160 - - [06/Oct/2015:17:25:48 -0700] "GET /images/wsis-logo-sm.png HTTP/1.1" 200 6108 "http://www.thebackcountry.net/" "Mozilla/5.0 (Macintosh; Intel Mac OS X 10_10_2) AppleWebKit/600.3.18 (KHTML, like Gecko) Version/8.0.3 Safari/600.3.18"
66.249.79.220 - - [06/Oct/2015:17:30:12 -0700] "GET /robots.txt HTTP/1.1" 200 419 "-" "Mozilla/5.0 (compatible; Googlebot/2.1; +http://www.google.com/bot.html)"
66.249.79.227 - - [06/Oct/2015:17:30:12 -0700] "GET / HTTP/1.1" 200 2376 "-" "DoCoMo/2.0 N905i(c100;TB;W24H16) (compatible; Googlebot-Mobile/2.1; +http://www.google.com/bot.html)"
170.75.162.130 - - [06/Oct/2015:17:31:37 -0700] "GET /lib/reccapi.php?resort=wildcatmountain HTTP/1.1" 200 966 "-" "node-superagent/0.18.2"
66.249.79.227 - - [06/Oct/2015:17:32:14 -0700] "GET / HTTP/1.1" 200 2376 "-" "SAMSUNG-SGH-E250/1.0 Profile/MIDP-2.0 Configuration/CLDC-1.1 UP.Browser/6.2.3.3.c.1.101 (GUI) MMP/2.0 (compatible; Googlebot-Mobile/2.1; +http://www.google.com/bot.html)"
200.83.75.146 - - [06/Oct/2015:17:34:20 -0700] "GET /images/wsis-logo-sm.png HTTP/1.1" 200 6108 "http://www.thebackcountry.net/" "Mozilla/5.0 (Macintosh; Intel Mac OS X 10_10_5) AppleWebKit/600.8.9 (KHTML, like Gecko) Version/8.0.8 Safari/600.8.9"
180.76.15.152 - - [06/Oct/2015:17:37:17 -0700] "GET / HTTP/1.1" 200 6114 "-" "Mozilla/5.0 (compatible; Baiduspider/2.0; +http://www.baidu.com/search/spider.html)"
170.75.162.130 - - [06/Oct/2015:17:37:18 -0700] "GET /lib/reccapi.php?resort=madriverglen HTTP/1.1" 200 959 "-" "node-superagent/0.18.2"
180.76.15.145 - - [06/Oct/2015:17:37:47 -0700] "GET / HTTP/1.1" 200 6114 "-" "Mozilla/5.0 (compatible; Baiduspider/2.0; +http://www.baidu.com/search/spider.html)"
170.75.162.130 - - [06/Oct/2015:17:48:50 -0700] "GET /lib/reccapi.php?resort=alyeska HTTP/1.1" 200 1001 "-" "node-superagent/0.18.2"
170.75.162.130 - - [06/Oct/2015:17:48:50 -0700] "GET /lib/reccapi.php?resort=aspenheights HTTP/1.1" 200 1013 "-" "node-superagent/0.18.2"
170.75.162.130 - - [06/Oct/2015:17:48:50 -0700] "GET /lib/reccapi.php?resort=bigwhite HTTP/1.1" 200 914 "-" "node-superagent/0.18.2"
170.75.162.130 - - [06/Oct/2015:17:48:50 -0700] "GET /lib/reccapi.php?resort=brianhead HTTP/1.1" 200 1041 "-" "node-superagent/0.18.2"
220.181.108.75 - - [06/Oct/2015:18:09:34 -0700] "-" 408 0 "-" "-"
107.77.75.126 - - [06/Oct/2015:18:23:53 -0700] "GET /images/wsis-logo-sm.png HTTP/1.1" 200 6108 "http://www.thebackcountry.net/" "Mozilla/5.0 (iPhone; CPU iPhone OS 9_0_2 like Mac OS X) AppleWebKit/601.1.46 (KHTML, like Gecko) Version/9.0 Mobile/13A452 Safari/601.1"
108.174.2.200 - - [06/Oct/2015:18:27:14 -0700] "GET /images/viz-screenshot.png HTTP/1.1" 404 480 "-" "LinkedInBot/1.0 (compatible; Mozilla/5.0; Jakarta Commons-HttpClient/4.3 +http://www.linkedin.com)"
170.75.162.130 - - [06/Oct/2015:18:37:56 -0700] "GET /lib/reccapi.php?resort=monarch HTTP/1.1" 200 993 "-" "node-superagent/0.18.2"
170.75.162.130 - - [06/Oct/2015:18:38:36 -0700] "GET /lib/reccapi.php?resort=sugarbowl HTTP/1.1" 200 946 "-" "node-superagent/0.18.2"
170.75.162.130 - - [06/Oct/2015:18:40:06 -0700] "GET /lib/reccapi.php?resort=stevenspass HTTP/1.1" 200 984 "-" "node-superagent/0.18.2"
170.75.162.130 - - [06/Oct/2015:18:40:07 -0700] "GET /lib/reccapi.php?resort=whistlerblackcomb HTTP/1.1" 200 923 "-" "node-superagent/0.18.2"
170.75.162.130 - - [06/Oct/2015:18:51:37 -0700] "GET /lib/reccapi.php?resort=buttermilk HTTP/1.1" 200 999 "-" "node-superagent/0.18.2"
170.75.162.130 - - [06/Oct/2015:18:51:37 -0700] "GET /lib/reccapi.php?resort=steamboat HTTP/1.1" 200 1006 "-" "node-superagent/0.18.2"
170.75.162.130 - - [06/Oct/2015:18:51:38 -0700] "GET /lib/reccapi.php?resort=snowmass HTTP/1.1" 200 982 "-" "node-superagent/0.18.2"
170.75.162.130 - - [06/Oct/2015:18:51:38 -0700] "GET /lib/reccapi.php?resort=winterpark HTTP/1.1" 200 1010 "-" "node-superagent/0.18.2"
207.192.251.46 - - [06/Oct/2015:19:02:45 -0700] "GET /images/wsis-logo-sm.png HTTP/1.1" 200 6108 "http://www.thebackcountry.net/" "Mozilla/5.0 (Linux; Android 5.1.1; SM-T537V Build/LMY47X) AppleWebKit/537.36 (KHTML, like Gecko) Chrome/45.0.2454.94 Safari/537.36"
170.75.162.130 - - [06/Oct/2015:19:06:09 -0700] "GET /lib/reccapi.php?resort=alpinemeadows HTTP/1.1" 200 960 "-" "node-superagent/0.18.2"
170.75.162.130 - - [06/Oct/2015:19:06:09 -0700] "GET /lib/reccapi.php?resort=diamondpeak HTTP/1.1" 200 928 "-" "node-superagent/0.18.2"
170.75.162.130 - - [06/Oct/2015:19:06:10 -0700] "GET /lib/reccapi.php?resort=squawvalleyusa HTTP/1.1" 200 967 "-" "node-superagent/0.18.2"
170.75.162.130 - - [06/Oct/2015:19:09:20 -0700] "GET /lib/reccapi.php?resort=grandtarghee HTTP/1.1" 200 1024 "-" "node-superagent/0.18.2"
170.75.162.130 - - [06/Oct/2015:19:17:51 -0700] "GET /lib/reccapi.php?resort=heavenly HTTP/1.1" 200 962 "-" "node-superagent/0.18.2"
170.75.162.130 - - [06/Oct/2015:19:31:12 -0700] "GET /lib/reccapi.php?resort=homewoodmountain HTTP/1.1" 200 967 "-" "node-superagent/0.18.2"
45.26.42.73 - - [06/Oct/2015:19:33:55 -0700] "GET /images/wsis-logo-sm.png HTTP/1.1" 200 6108 "http://www.thebackcountry.net/" "Mozilla/5.0 (Windows NT 6.3; WOW64) AppleWebKit/537.36 (KHTML, like Gecko) Chrome/45.0.2454.101 Safari/537.36"
170.75.162.130 - - [06/Oct/2015:19:35:43 -0700] "GET /lib/reccapi.php?resort=kirkwood HTTP/1.1" 200 973 "-" "node-superagent/0.18.2"
