75.25.175.4 - - [18/Jan/2016:08:00:40 -0800] "GET / HTTP/1.1" 200 2615 "-" "Mozilla/5.0 (Macintosh; Intel Mac OS X 10_11) AppleWebKit/601.1.56 (KHTML, like Gecko) Version/9.0 Safari/601.1.56"
75.25.175.4 - - [18/Jan/2016:08:00:40 -0800] "GET /bower_components/requirejs/require.js HTTP/1.1" 200 6702 "http://whereshouldiski.com/" "Mozilla/5.0 (Macintosh; Intel Mac OS X 10_11) AppleWebKit/601.1.56 (KHTML, like Gecko) Version/9.0 Safari/601.1.56"
75.25.175.4 - - [18/Jan/2016:08:00:40 -0800] "GET /scripts/scripts/vendor/modernizr.js HTTP/1.1" 200 4903 "http://whereshouldiski.com/" "Mozilla/5.0 (Macintosh; Intel Mac OS X 10_11) AppleWebKit/601.1.56 (KHTML, like Gecko) Version/9.0 Safari/601.1.56"
75.25.175.4 - - [18/Jan/2016:08:00:40 -0800] "GET /styles/ee08faa9.main.css HTTP/1.1" 200 19447 "http://whereshouldiski.com/" "Mozilla/5.0 (Macintosh; Intel Mac OS X 10_11) AppleWebKit/601.1.56 (KHTML, like Gecko) Version/9.0 Safari/601.1.56"
107.77.92.79 - - [18/Jan/2016:08:00:42 -0800] "GET /images/wsis-logo-sm.png HTTP/1.1" 200 6108 "http://www.thebackcountry.net/" "Mozilla/5.0 (iPhone; CPU iPhone OS 8_4 like Mac OS X) AppleWebKit/600.1.4 (KHTML, like Gecko) Version/8.0 Mobile/12H143 Safari/600.1.4"
75.25.175.4 - - [18/Jan/2016:08:00:42 -0800] "GET /images/logo-square-white-sm.png HTTP/1.1" 200 1683 "http://whereshouldiski.com/" "Mozilla/5.0 (Macintosh; Intel Mac OS X 10_11) AppleWebKit/601.1.56 (KHTML, like Gecko) Version/9.0 Safari/601.1.56"
75.25.175.4 - - [18/Jan/2016:08:00:42 -0800] "GET /images/loading.gif HTTP/1.1" 304 186 "http://whereshouldiski.com/" "Mozilla/5.0 (Macintosh; Intel Mac OS X 10_11) AppleWebKit/601.1.56 (KHTML, like Gecko) Version/9.0 Safari/601.1.56"
75.25.175.4 - - [18/Jan/2016:08:00:42 -0800] "GET /images/button.png HTTP/1.1" 200 598 "http://whereshouldiski.com/" "Mozilla/5.0 (Macintosh; Intel Mac OS X 10_11) AppleWebKit/601.1.56 (KHTML, like Gecko) Version/9.0 Safari/601.1.56"
75.25.175.4 - - [18/Jan/2016:08:00:42 -0800] "GET /scripts/fa48e319.main.js HTTP/1.1" 200 123455 "http://whereshouldiski.com/" "Mozilla/5.0 (Macintosh; Intel Mac OS X 10_11) AppleWebKit/601.1.56 (KHTML, like Gecko) Version/9.0 Safari/601.1.56"
75.25.175.4 - - [18/Jan/2016:08:00:43 -0800] "GET /images/greyHeader.png HTTP/1.1" 200 508 "http://whereshouldiski.com/" "Mozilla/5.0 (Macintosh; Intel Mac OS X 10_11) AppleWebKit/601.1.56 (KHTML, like Gecko) Version/9.0 Safari/601.1.56"
75.25.175.4 - - [18/Jan/2016:08:00:43 -0800] "GET /lib/reccapi.php?fields=t HTTP/1.1" 200 1900 "http://whereshouldiski.com/" "Mozilla/5.0 (Macintosh; Intel Mac OS X 10_11) AppleWebKit/601.1.56 (KHTML, like Gecko) Version/9.0 Safari/601.1.56"
75.25.175.4 - - [18/Jan/2016:08:00:44 -0800] "GET /images/snowflake5.png HTTP/1.1" 200 2857 "http://whereshouldiski.com/" "Mozilla/5.0 (Macintosh; Intel Mac OS X 10_11) AppleWebKit/601.1.56 (KHTML, like Gecko) Version/9.0 Safari/601.1.56"
75.25.175.4 - - [18/Jan/2016:08:00:44 -0800] "GET /images/star5.png HTTP/1.1" 200 1783 "http://whereshouldiski.com/" "Mozilla/5.0 (Macintosh; Intel Mac OS X 10_11) AppleWebKit/601.1.56 (KHTML, like Gecko) Version/9.0 Safari/601.1.56"
75.25.175.4 - - [18/Jan/2016:08:00:44 -0800] "GET /images/bluebird5.png HTTP/1.1" 200 2177 "http://whereshouldiski.com/" "Mozilla/5.0 (Macintosh; Intel Mac OS X 10_11) AppleWebKit/601.1.56 (KHTML, like Gecko) Version/9.0 Safari/601.1.56"
75.25.175.4 - - [18/Jan/2016:08:00:44 -0800] "GET /images/mtns-icon.png HTTP/1.1" 304 186 "http://whereshouldiski.com/" "Mozilla/5.0 (Macintosh; Intel Mac OS X 10_11) AppleWebKit/601.1.56 (KHTML, like Gecko) Version/9.0 Safari/601.1.56"
75.25.175.4 - - [18/Jan/2016:08:00:44 -0800] "GET /images/shading-icon.png HTTP/1.1" 304 185 "http://whereshouldiski.com/" "Mozilla/5.0 (Macintosh; Intel Mac OS X 10_11) AppleWebKit/601.1.56 (KHTML, like Gecko) Version/9.0 Safari/601.1.56"
127.0.0.1 - - [18/Jan/2016:08:00:51 -0800] "OPTIONS * HTTP/1.0" 200 126 "-" "Apache/2.2.22 (Ubuntu) (internal dummy connection)"
75.25.175.4 - - [18/Jan/2016:08:00:55 -0800] "GET /lib/reccapi.php?fields=t&date=2016-01-22 HTTP/1.1" 200 1781 "http://whereshouldiski.com/" "Mozilla/5.0 (Macintosh; Intel Mac OS X 10_11) AppleWebKit/601.1.56 (KHTML, like Gecko) Version/9.0 Safari/601.1.56"
75.25.175.4 - - [18/Jan/2016:08:00:55 -0800] "GET /images/greenHeader.png HTTP/1.1" 304 184 "http://whereshouldiski.com/" "Mozilla/5.0 (Macintosh; Intel Mac OS X 10_11) AppleWebKit/601.1.56 (KHTML, like Gecko) Version/9.0 Safari/601.1.56"
75.25.175.4 - - [18/Jan/2016:08:01:11 -0800] "GET /lib/reccapi.php?fields=t HTTP/1.1" 200 1901 "http://whereshouldiski.com/" "Mozilla/5.0 (Macintosh; Intel Mac OS X 10_11) AppleWebKit/601.1.56 (KHTML, like Gecko) Version/9.0 Safari/601.1.56"
97.92.108.230 - - [18/Jan/2016:08:01:53 -0800] "GET /images/wsis-logo-sm.png HTTP/1.1" 200 6108 "http://www.thebackcountry.net/" "Mozilla/5.0 (iPhone; CPU iPhone OS 9_2 like Mac OS X) AppleWebKit/601.1.46 (KHTML, like Gecko) Version/9.0 Mobile/13C75 Safari/601.1"
170.75.162.130 - - [18/Jan/2016:08:03:45 -0800] "GET /lib/reccapi.php?resort=killington HTTP/1.1" 200 1067 "-" "node-superagent/1.4.0"
66.249.64.8 - - [18/Jan/2016:08:03:51 -0800] "GET /lib/reccapi.php?fields=t&date=2016-01-20 HTTP/1.1" 200 1913 "http://whereshouldiski.com/" "Mozilla/5.0 (compatible; Googlebot/2.1; +http://www.google.com/bot.html)"
66.249.64.127 - - [18/Jan/2016:08:08:33 -0800] "GET /lib/reccapi.php?resort=whistlerblackcomb&date=2016-01-19 HTTP/1.1" 200 973 "http://whereshouldiski.com/" "Mozilla/5.0 (compatible; Googlebot/2.1; +http://www.google.com/bot.html)"
66.249.64.127 - - [18/Jan/2016:08:08:35 -0800] "GET /lib/reccapi.php?fields=t&date=2016-01-19&coords=50.1159%2C-122.949&size=7&sort=distance HTTP/1.1" 200 1410 "http://whereshouldiski.com/" "Mozilla/5.0 (compatible; Googlebot/2.1; +http://www.google.com/bot.html)"
66.249.64.127 - - [18/Jan/2016:08:08:35 -0800] "GET /lib/resortDataSearchD3.php?size=7&sortDate=T&resort=whistlerblackcomb&dateStart=2016-01-17 HTTP/1.1" 200 702 "http://whereshouldiski.com/" "Mozilla/5.0 (compatible; Googlebot/2.1; +http://www.google.com/bot.html)"
203.133.169.13 - - [18/Jan/2016:08:10:28 -0800] "GET / HTTP/1.1" 200 2615 "-" "Mozilla/5.0 (compatible; MSIE or Firefox mutant; not on Windows server;) Daum 4.1"
24.55.25.131 - - [18/Jan/2016:08:12:43 -0800] "GET /images/wsis-logo-sm.png HTTP/1.1" 200 6108 "http://www.thebackcountry.net/" "Mozilla/5.0 (Macintosh; Intel Mac OS X 10_11_2) AppleWebKit/601.3.9 (KHTML, like Gecko) Version/9.0.2 Safari/601.3.9"
170.75.162.130 - - [18/Jan/2016:08:13:06 -0800] "GET /lib/reccapi.php?resort=bigsky HTTP/1.1" 200 1088 "-" "node-superagent/1.4.0"
66.220.146.23 - - [18/Jan/2016:08:13:48 -0800] "GET /images/logo-square-white-sm.png HTTP/1.1" 200 1684 "-" "facebookexternalhit/1.1 (+http://www.facebook.com/externalhit_uatext.php)"
69.171.230.101 - - [18/Jan/2016:08:13:55 -0800] "GET /images/logo-square-white-sm.png HTTP/1.1" 200 1684 "-" "facebookexternalhit/1.1 (+http://www.facebook.com/externalhit_uatext.php)"
170.75.162.130 - - [18/Jan/2016:08:16:27 -0800] "GET /lib/reccapi.php?resort=solitude HTTP/1.1" 200 1038 "-" "node-superagent/1.4.0"
45.59.211.210 - - [18/Jan/2016:08:17:19 -0800] "GET /images/wsis-logo-sm.png HTTP/1.1" 200 6108 "http://www.thebackcountry.net/" "Mozilla/5.0 (Windows NT 6.3; Win64; x64) AppleWebKit/537.36 (KHTML, like Gecko) Chrome/47.0.2526.111 Safari/537.36"
173.252.90.240 - - [18/Jan/2016:08:23:55 -0800] "GET /images/logo-square-white-sm.png HTTP/1.1" 200 1684 "-" "facebookexternalhit/1.1 (+http://www.facebook.com/externalhit_uatext.php)"
98.16.83.219 - - [18/Jan/2016:08:24:08 -0800] "GET /recommendations HTTP/1.1" 404 506 "-" "Mozilla/5.0 (Windows NT 6.1; Trident/7.0; rv:11.0) like Gecko"
98.16.83.219 - - [18/Jan/2016:08:24:12 -0800] "GET /recommendations HTTP/1.1" 404 505 "-" "Mozilla/5.0 (Windows NT 6.1; Trident/7.0; rv:11.0) like Gecko"
98.16.83.219 - - [18/Jan/2016:08:24:14 -0800] "GET /recommendations HTTP/1.1" 404 505 "-" "Mozilla/5.0 (Windows NT 6.1; Trident/7.0; rv:11.0) like Gecko"
98.16.83.219 - - [18/Jan/2016:08:24:29 -0800] "-" 408 0 "-" "-"
173.252.88.89 - - [18/Jan/2016:08:25:21 -0800] "GET /images/logo-square-white-sm.png HTTP/1.1" 200 1684 "-" "facebookexternalhit/1.1 (+http://www.facebook.com/externalhit_uatext.php)"
170.75.162.130 - - [18/Jan/2016:08:28:08 -0800] "GET /lib/reccapi.php?resort=alta HTTP/1.1" 200 1037 "-" "node-superagent/1.4.0"
170.75.162.130 - - [18/Jan/2016:08:28:08 -0800] "GET /lib/reccapi.php?resort=sugarloaf HTTP/1.1" 200 1047 "-" "node-superagent/1.4.0"
206.29.176.51 - - [18/Jan/2016:08:34:41 -0800] "GET / HTTP/1.1" 200 2615 "-" "Mozilla/5.0 (Macintosh; Intel Mac OS X 10_10_5) AppleWebKit/537.36 (KHTML, like Gecko) Chrome/47.0.2526.111 Safari/537.36"
206.29.176.51 - - [18/Jan/2016:08:34:41 -0800] "GET /styles/ee08faa9.main.css HTTP/1.1" 200 19446 "http://whereshouldiski.com/" "Mozilla/5.0 (Macintosh; Intel Mac OS X 10_10_5) AppleWebKit/537.36 (KHTML, like Gecko) Chrome/47.0.2526.111 Safari/537.36"
206.29.176.51 - - [18/Jan/2016:08:34:41 -0800] "GET /scripts/scripts/vendor/modernizr.js HTTP/1.1" 200 4903 "http://whereshouldiski.com/" "Mozilla/5.0 (Macintosh; Intel Mac OS X 10_10_5) AppleWebKit/537.36 (KHTML, like Gecko) Chrome/47.0.2526.111 Safari/537.36"
206.29.176.51 - - [18/Jan/2016:08:34:41 -0800] "GET /images/logo-square-white-sm.png HTTP/1.1" 200 1684 "http://whereshouldiski.com/" "Mozilla/5.0 (Macintosh; Intel Mac OS X 10_10_5) AppleWebKit/537.36 (KHTML, like Gecko) Chrome/47.0.2526.111 Safari/537.36"
206.29.176.51 - - [18/Jan/2016:08:34:41 -0800] "GET /bower_components/requirejs/require.js HTTP/1.1" 200 6702 "http://whereshouldiski.com/" "Mozilla/5.0 (Macintosh; Intel Mac OS X 10_10_5) AppleWebKit/537.36 (KHTML, like Gecko) Chrome/47.0.2526.111 Safari/537.36"
107.77.75.121 - - [18/Jan/2016:08:34:41 -0800] "GET /images/wsis-logo-sm.png HTTP/1.1" 200 6108 "http://www.thebackcountry.net/" "Mozilla/5.0 (iPhone; CPU iPhone OS 9_2 like Mac OS X) AppleWebKit/601.1.46 (KHTML, like Gecko) Version/9.0 Mobile/13C75 Safari/601.1"
170.75.162.130 - - [18/Jan/2016:08:34:59 -0800] "GET /lib/reccapi.php?resort=redlodge HTTP/1.1" 200 1133 "-" "node-superagent/1.4.0"
206.29.176.51 - - [18/Jan/2016:08:35:08 -0800] "GET / HTTP/1.1" 200 2615 "-" "Mozilla/5.0 (Macintosh; Intel Mac OS X 10_10_5) AppleWebKit/537.36 (KHTML, like Gecko) Chrome/47.0.2526.111 Safari/537.36"
206.29.176.51 - - [18/Jan/2016:08:35:08 -0800] "GET /images/loading.gif HTTP/1.1" 200 13881 "http://whereshouldiski.com/" "Mozilla/5.0 (Macintosh; Intel Mac OS X 10_10_5) AppleWebKit/537.36 (KHTML, like Gecko) Chrome/47.0.2526.111 Safari/537.36"
206.29.176.51 - - [18/Jan/2016:08:35:18 -0800] "GET / HTTP/1.1" 200 6976 "-" "curl/7.43.0"
206.29.176.51 - - [18/Jan/2016:08:35:40 -0800] "GET / HTTP/1.1" 200 2615 "-" "Mozilla/5.0 (Macintosh; Intel Mac OS X 10_10_5) AppleWebKit/537.36 (KHTML, like Gecko) Chrome/47.0.2526.111 Safari/537.36"
206.29.176.51 - - [18/Jan/2016:08:35:40 -0800] "GET /styles/ee08faa9.main.css HTTP/1.1" 200 19446 "http://whereshouldiski.com/" "Mozilla/5.0 (Macintosh; Intel Mac OS X 10_10_5) AppleWebKit/537.36 (KHTML, like Gecko) Chrome/47.0.2526.111 Safari/537.36"
206.29.176.51 - - [18/Jan/2016:08:35:40 -0800] "GET /scripts/scripts/vendor/modernizr.js HTTP/1.1" 200 4903 "http://whereshouldiski.com/" "Mozilla/5.0 (Macintosh; Intel Mac OS X 10_10_5) AppleWebKit/537.36 (KHTML, like Gecko) Chrome/47.0.2526.111 Safari/537.36"
206.29.176.51 - - [18/Jan/2016:08:35:41 -0800] "GET /images/logo-square-white-sm.png HTTP/1.1" 200 1683 "http://whereshouldiski.com/" "Mozilla/5.0 (Macintosh; Intel Mac OS X 10_10_5) AppleWebKit/537.36 (KHTML, like Gecko) Chrome/47.0.2526.111 Safari/537.36"
206.29.176.51 - - [18/Jan/2016:08:35:41 -0800] "GET /bower_components/requirejs/require.js HTTP/1.1" 200 6701 "http://whereshouldiski.com/" "Mozilla/5.0 (Macintosh; Intel Mac OS X 10_10_5) AppleWebKit/537.36 (KHTML, like Gecko) Chrome/47.0.2526.111 Safari/537.36"
206.29.176.51 - - [18/Jan/2016:08:35:41 -0800] "GET /images/loading.gif HTTP/1.1" 200 13881 "http://whereshouldiski.com/" "Mozilla/5.0 (Macintosh; Intel Mac OS X 10_10_5) AppleWebKit/537.36 (KHTML, like Gecko) Chrome/47.0.2526.111 Safari/537.36"
206.29.176.51 - - [18/Jan/2016:08:35:41 -0800] "GET /scripts/fa48e319.main.js HTTP/1.1" 200 123455 "http://whereshouldiski.com/" "Mozilla/5.0 (Macintosh; Intel Mac OS X 10_10_5) AppleWebKit/537.36 (KHTML, like Gecko) Chrome/47.0.2526.111 Safari/537.36"
206.29.176.51 - - [18/Jan/2016:08:35:42 -0800] "GET /images/button.png HTTP/1.1" 200 598 "http://whereshouldiski.com/styles/ee08faa9.main.css" "Mozilla/5.0 (Macintosh; Intel Mac OS X 10_10_5) AppleWebKit/537.36 (KHTML, like Gecko) Chrome/47.0.2526.111 Safari/537.36"
206.29.176.51 - - [18/Jan/2016:08:35:42 -0800] "GET /lib/reccapi.php?fields=t HTTP/1.1" 200 1900 "http://whereshouldiski.com/" "Mozilla/5.0 (Macintosh; Intel Mac OS X 10_10_5) AppleWebKit/537.36 (KHTML, like Gecko) Chrome/47.0.2526.111 Safari/537.36"
206.29.176.51 - - [18/Jan/2016:08:35:42 -0800] "GET /images/greyHeader.png HTTP/1.1" 200 509 "http://whereshouldiski.com/styles/ee08faa9.main.css" "Mozilla/5.0 (Macintosh; Intel Mac OS X 10_10_5) AppleWebKit/537.36 (KHTML, like Gecko) Chrome/47.0.2526.111 Safari/537.36"
206.29.176.51 - - [18/Jan/2016:08:35:42 -0800] "GET /images/snowflake5.png HTTP/1.1" 200 2857 "http://whereshouldiski.com/styles/ee08faa9.main.css" "Mozilla/5.0 (Macintosh; Intel Mac OS X 10_10_5) AppleWebKit/537.36 (KHTML, like Gecko) Chrome/47.0.2526.111 Safari/537.36"
206.29.176.51 - - [18/Jan/2016:08:35:42 -0800] "GET /images/mtns-icon.png HTTP/1.1" 200 1097 "http://whereshouldiski.com/styles/ee08faa9.main.css" "Mozilla/5.0 (Macintosh; Intel Mac OS X 10_10_5) AppleWebKit/537.36 (KHTML, like Gecko) Chrome/47.0.2526.111 Safari/537.36"
206.29.176.51 - - [18/Jan/2016:08:35:42 -0800] "GET /images/bluebird5.png HTTP/1.1" 200 2177 "http://whereshouldiski.com/styles/ee08faa9.main.css" "Mozilla/5.0 (Macintosh; Intel Mac OS X 10_10_5) AppleWebKit/537.36 (KHTML, like Gecko) Chrome/47.0.2526.111 Safari/537.36"
206.29.176.51 - - [18/Jan/2016:08:35:42 -0800] "GET /images/shading-icon.png HTTP/1.1" 200 537 "http://whereshouldiski.com/styles/ee08faa9.main.css" "Mozilla/5.0 (Macintosh; Intel Mac OS X 10_10_5) AppleWebKit/537.36 (KHTML, like Gecko) Chrome/47.0.2526.111 Safari/537.36"
206.29.176.51 - - [18/Jan/2016:08:35:42 -0800] "GET /images/star5.png HTTP/1.1" 200 1783 "http://whereshouldiski.com/styles/ee08faa9.main.css" "Mozilla/5.0 (Macintosh; Intel Mac OS X 10_10_5) AppleWebKit/537.36 (KHTML, like Gecko) Chrome/47.0.2526.111 Safari/537.36"
206.29.176.51 - - [18/Jan/2016:08:35:45 -0800] "GET /lib/reccapi.php?fields=t&coords=47.5782457,-122.16531130000001 HTTP/1.1" 200 2086 "http://whereshouldiski.com/" "Mozilla/5.0 (Macintosh; Intel Mac OS X 10_10_5) AppleWebKit/537.36 (KHTML, like Gecko) Chrome/47.0.2526.111 Safari/537.36"
206.29.176.51 - - [18/Jan/2016:08:35:47 -0800] "GET /lib/reccapi.php?fields=t&coords=47.5782457,-122.16531130000001&distance=100 HTTP/1.1" 200 1651 "http://whereshouldiski.com/" "Mozilla/5.0 (Macintosh; Intel Mac OS X 10_10_5) AppleWebKit/537.36 (KHTML, like Gecko) Chrome/47.0.2526.111 Safari/537.36"
206.29.176.51 - - [18/Jan/2016:08:35:47 -0800] "GET /images/greenHeader.png HTTP/1.1" 200 508 "http://whereshouldiski.com/styles/ee08faa9.main.css" "Mozilla/5.0 (Macintosh; Intel Mac OS X 10_10_5) AppleWebKit/537.36 (KHTML, like Gecko) Chrome/47.0.2526.111 Safari/537.36"
170.75.162.130 - - [18/Jan/2016:08:39:30 -0800] "GET /lib/reccapi.php?resort=49degreesnorth HTTP/1.1" 200 1064 "-" "node-superagent/1.4.0"
71.9.105.14 - - [18/Jan/2016:08:47:15 -0800] "GET /images/wsis-logo-sm.png HTTP/1.1" 200 6108 "http://www.thebackcountry.net/" "Mozilla/5.0 (iPhone; CPU iPhone OS 7_1_2 like Mac OS X) AppleWebKit/537.51.2 (KHTML, like Gecko) Version/7.0 Mobile/11D257 Safari/9537.53"
170.75.162.130 - - [18/Jan/2016:08:47:21 -0800] "GET /lib/reccapi.php?resort=crystalmountain HTTP/1.1" 200 1043 "-" "node-superagent/1.4.0"
170.75.162.130 - - [18/Jan/2016:08:51:01 -0800] "GET /lib/reccapi.php?resort=stevenspass HTTP/1.1" 200 1060 "-" "node-superagent/1.4.0"
70.211.69.153 - - [18/Jan/2016:08:54:32 -0800] "GET /images/wsis-logo-sm.png HTTP/1.1" 200 6108 "http://www.thebackcountry.net/" "Mozilla/5.0 (iPhone; CPU iPhone OS 9_2 like Mac OS X) AppleWebKit/601.1.46 (KHTML, like Gecko) Version/9.0 Mobile/13C75 Safari/601.1"
166.137.242.82 - - [18/Jan/2016:09:01:18 -0800] "GET /images/wsis-logo-sm.png HTTP/1.1" 200 6108 "http://www.thebackcountry.net/" "Mozilla/5.0 (Linux; Android 5.0.1; SAMSUNG-SGH-I537 Build/LRX22C) AppleWebKit/537.36 (KHTML, like Gecko) Chrome/47.0.2526.83 Mobile Safari/537.36"
166.137.242.82 - - [18/Jan/2016:09:05:26 -0800] "-" 408 0 "-" "-"
166.137.242.82 - - [18/Jan/2016:09:05:26 -0800] "-" 408 0 "-" "-"
166.137.242.82 - - [18/Jan/2016:09:05:26 -0800] "-" 408 0 "-" "-"
170.75.162.130 - - [18/Jan/2016:09:05:43 -0800] "GET /lib/reccapi.php?resort=heavenly HTTP/1.1" 200 1049 "-" "node-superagent/1.4.0"
75.111.96.214 - - [18/Jan/2016:09:07:38 -0800] "GET /images/wsis-logo-sm.png HTTP/1.1" 200 6108 "http://www.thebackcountry.net/" "Mozilla/5.0 (iPhone; CPU iPhone OS 9_2 like Mac OS X) AppleWebKit/601.1.46 (KHTML, like Gecko) Mobile/13C75"
170.75.162.130 - - [18/Jan/2016:09:11:43 -0800] "GET /lib/reccapi.php?resort=alyeska HTTP/1.1" 200 1004 "-" "node-superagent/1.4.0"
70.91.225.233 - - [18/Jan/2016:09:13:19 -0800] "GET /images/wsis-logo-sm.png HTTP/1.1" 200 6108 "http://www.thebackcountry.net/" "Mozilla/5.0 (Windows NT 6.1; WOW64; Trident/7.0; rv:11.0) like Gecko"
70.91.225.233 - - [18/Jan/2016:09:13:40 -0800] "-" 408 0 "-" "-"
73.162.87.184 - - [18/Jan/2016:09:14:13 -0800] "GET /images/wsis-logo-sm.png HTTP/1.1" 200 6108 "http://www.thebackcountry.net/" "Mozilla/5.0 (Linux; Android 5.1.1; LGLS770 Build/LMY47V) AppleWebKit/537.36 (KHTML, like Gecko) Chrome/46.0.2490.76 Mobile Safari/537.36"
207.192.245.171 - - [18/Jan/2016:09:15:07 -0800] "GET /images/wsis-logo-sm.png HTTP/1.1" 200 6108 "http://www.thebackcountry.net/" "Mozilla/5.0 (iPhone; CPU iPhone OS 8_3 like Mac OS X) AppleWebKit/600.1.4 (KHTML, like Gecko) CriOS/47.0.2526.107 Mobile/12F70 Safari/600.1.4"
170.75.162.130 - - [18/Jan/2016:09:17:24 -0800] "GET /lib/reccapi.php?resort=northstar-at-tahoe HTTP/1.1" 200 1043 "-" "node-superagent/1.4.0"
170.75.162.130 - - [18/Jan/2016:09:19:14 -0800] "GET /lib/reccapi.php?resort=sugarbowl HTTP/1.1" 200 1005 "-" "node-superagent/1.4.0"
73.2.58.58 - - [18/Jan/2016:09:22:12 -0800] "GET /images/wsis-logo-sm.png HTTP/1.1" 200 6108 "http://www.thebackcountry.net/" "Mozilla/5.0 (Windows NT 10.0; WOW64; rv:43.0) Gecko/20100101 Firefox/43.0"
170.75.162.130 - - [18/Jan/2016:09:29:36 -0800] "GET /lib/reccapi.php?resort=mountspokane HTTP/1.1" 200 1079 "-" "node-superagent/1.4.0"
108.201.221.179 - - [18/Jan/2016:09:30:48 -0800] "GET /images/wsis-logo-sm.png HTTP/1.1" 200 6108 "http://www.thebackcountry.net/" "Mozilla/5.0 (Macintosh; Intel Mac OS X 10_11_2) AppleWebKit/601.3.9 (KHTML, like Gecko) Version/9.0.2 Safari/601.3.9"
170.75.162.130 - - [18/Jan/2016:09:31:06 -0800] "GET /lib/reccapi.php?resort=arapahoebasin HTTP/1.1" 200 1040 "-" "node-superagent/1.4.0"
180.76.15.32 - - [18/Jan/2016:09:32:26 -0800] "GET / HTTP/1.1" 200 6995 "-" "Mozilla/5.0 (compatible; Baiduspider/2.0; +http://www.baidu.com/search/spider.html)"
180.76.15.31 - - [18/Jan/2016:09:33:17 -0800] "GET / HTTP/1.1" 200 6995 "-" "Mozilla/5.0 (compatible; Baiduspider/2.0; +http://www.baidu.com/search/spider.html)"
67.170.38.191 - - [18/Jan/2016:09:34:27 -0800] "GET /images/wsis-logo-sm.png HTTP/1.1" 200 6108 "http://www.thebackcountry.net/" "Mozilla/5.0 (Windows NT 6.3; WOW64) AppleWebKit/537.36 (KHTML, like Gecko) Chrome/47.0.2526.111 Safari/537.36"
71.94.94.41 - - [18/Jan/2016:09:36:46 -0800] "GET /images/wsis-logo-sm.png HTTP/1.1" 200 6108 "http://www.thebackcountry.net/" "Mozilla/5.0 (Windows NT 6.3; WOW64) AppleWebKit/537.36 (KHTML, like Gecko) Chrome/47.0.2526.111 Safari/537.36"
75.111.103.212 - - [18/Jan/2016:09:41:31 -0800] "GET /images/wsis-logo-sm.png HTTP/1.1" 200 6108 "http://www.thebackcountry.net/" "Mozilla/5.0 (Linux; Android 5.1; XT1040 Build/LPB23.13-35.5) AppleWebKit/537.36 (KHTML, like Gecko) Chrome/47.0.2526.83 Mobile Safari/537.36"
75.111.103.212 - - [18/Jan/2016:09:41:52 -0800] "-" 408 0 "-" "-"
170.75.162.130 - - [18/Jan/2016:09:42:27 -0800] "GET /lib/reccapi.php?resort=sunvalley HTTP/1.1" 200 1085 "-" "node-superagent/1.4.0"
66.249.64.8 - - [18/Jan/2016:09:42:51 -0800] "GET /lib/reccapi.php?resort=snowbasin&date=2016-01-17 HTTP/1.1" 200 1072 "http://whereshouldiski.com/" "Mozilla/5.0 (compatible; Googlebot/2.1; +http://www.google.com/bot.html)"
66.249.64.127 - - [18/Jan/2016:09:42:52 -0800] "GET /lib/resortDataSearchD3.php?size=7&sortDate=T&resort=snowbasin&dateStart=2016-01-15 HTTP/1.1" 200 879 "http://whereshouldiski.com/" "Mozilla/5.0 (compatible; Googlebot/2.1; +http://www.google.com/bot.html)"
66.249.64.127 - - [18/Jan/2016:09:42:52 -0800] "GET /lib/reccapi.php?fields=t&date=2016-01-17&coords=41.22%2C-111.89&size=7&sort=distance HTTP/1.1" 200 1328 "http://whereshouldiski.com/" "Mozilla/5.0 (compatible; Googlebot/2.1; +http://www.google.com/bot.html)"
170.75.162.130 - - [18/Jan/2016:09:46:08 -0800] "GET /lib/reccapi.php?resort=sunpeaksresort HTTP/1.1" 200 924 "-" "node-superagent/1.4.0"
52.33.40.213 - - [18/Jan/2016:09:46:21 -0800] "GET /lib/reccapi.php?resort=bigsky HTTP/1.1" 200 1088 "-" "node-superagent/1.4.0"
66.249.64.127 - - [18/Jan/2016:09:51:48 -0800] "GET /lib/reccapi.php?fields=t&date=2015-12-16 HTTP/1.1" 200 1844 "http://whereshouldiski.com/" "Mozilla/5.0 (compatible; Googlebot/2.1; +http://www.google.com/bot.html)"
108.204.252.91 - - [18/Jan/2016:09:52:12 -0800] "GET /images/wsis-logo-sm.png HTTP/1.1" 200 6108 "http://www.thebackcountry.net/" "Mozilla/5.0 (iPad; CPU OS 9_0_2 like Mac OS X) AppleWebKit/601.1.46 (KHTML, like Gecko) Version/9.0 Mobile/13A452 Safari/601.1"
170.75.162.130 - - [18/Jan/2016:10:03:40 -0800] "GET /lib/reccapi.php?resort=snowmass HTTP/1.1" 200 990 "-" "node-superagent/1.4.0"
70.192.7.246 - - [18/Jan/2016:10:05:33 -0800] "GET /images/wsis-logo-sm.png HTTP/1.1" 200 6108 "http://thebackcountry.net/" "Mozilla/5.0 (iPhone; CPU iPhone OS 9_2 like Mac OS X) AppleWebKit/601.1.46 (KHTML, like Gecko) Version/9.0 Mobile/13C75 Safari/601.1"
70.192.7.246 - - [18/Jan/2016:10:05:45 -0800] "GET /images/wsis-logo-sm.png HTTP/1.1" 304 187 "http://thebackcountry.net/" "Mozilla/5.0 (iPhone; CPU iPhone OS 9_2 like Mac OS X) AppleWebKit/601.1.46 (KHTML, like Gecko) Version/9.0 Mobile/13C75 Safari/601.1"
107.77.92.109 - - [18/Jan/2016:10:06:16 -0800] "GET /images/wsis-logo-sm.png HTTP/1.1" 200 6108 "http://www.thebackcountry.net/" "Mozilla/5.0 (iPhone; CPU iPhone OS 9_2 like Mac OS X) AppleWebKit/601.1.46 (KHTML, like Gecko) Version/9.0 Mobile/13C75 Safari/601.1"
170.75.162.130 - - [18/Jan/2016:10:07:00 -0800] "GET /lib/reccapi.php?resort=coppermountain HTTP/1.1" 200 1017 "-" "node-superagent/1.4.0"
166.170.5.53 - - [18/Jan/2016:10:10:17 -0800] "GET /images/wsis-logo-sm.png HTTP/1.1" 200 6108 "http://www.thebackcountry.net/" "Mozilla/5.0 (iPhone; CPU iPhone OS 9_2 like Mac OS X) AppleWebKit/601.1.46 (KHTML, like Gecko) Version/9.0 Mobile/13C75 Safari/601.1"
80.82.64.68 - - [18/Jan/2016:10:13:08 -0800] "GET /wp-content/themes/Akhbar24/images/alemarah.jpg HTTP/1.0" 404 525 "-" "-"
74.91.28.58 - - [18/Jan/2016:10:14:49 -0800] "GET / HTTP/1.1" 200 6976 "-" "Mozilla/4.0 (compatible; MSIE 8.0; Windows NT 6.1; Trident/4.0; SLCC2; .NET CLR 2.0.50727; .NET CLR 3.5.30729; .NET CLR 3.0.30729; Media Center PC 6.0)"
74.179.226.192 - - [18/Jan/2016:10:19:40 -0800] "GET /images/wsis-logo-sm.png HTTP/1.1" 200 6108 "http://www.thebackcountry.net/" "Mozilla/5.0 (Linux; Android 5.1; XT1060 Build/LPA23.12-39.7) AppleWebKit/537.36 (KHTML, like Gecko) Chrome/47.0.2526.83 Mobile Safari/537.36"
74.179.226.192 - - [18/Jan/2016:10:20:01 -0800] "-" 408 0 "-" "-"
170.75.162.130 - - [18/Jan/2016:10:25:53 -0800] "GET /lib/reccapi.php?resort=brianhead HTTP/1.1" 200 1060 "-" "node-superagent/1.4.0"
170.75.162.130 - - [18/Jan/2016:10:31:03 -0800] "GET /lib/reccapi.php?resort=cannonmountain HTTP/1.1" 200 1026 "-" "node-superagent/1.4.0"
170.75.162.130 - - [18/Jan/2016:10:31:04 -0800] "GET /lib/reccapi.php?resort=wildcatmountain HTTP/1.1" 200 1038 "-" "node-superagent/1.4.0"
50.159.93.248 - - [18/Jan/2016:10:31:23 -0800] "GET / HTTP/1.1" 200 2615 "-" "Mozilla/5.0 (Linux; Android 5.0; SM-G900V Build/LRX21T) AppleWebKit/537.36 (KHTML, like Gecko) Chrome/47.0.2526.83 Mobile Safari/537.36"
50.159.93.248 - - [18/Jan/2016:10:31:23 -0800] "GET /scripts/scripts/vendor/modernizr.js HTTP/1.1" 200 4903 "http://whereshouldiski.com/" "Mozilla/5.0 (Linux; Android 5.0; SM-G900V Build/LRX21T) AppleWebKit/537.36 (KHTML, like Gecko) Chrome/47.0.2526.83 Mobile Safari/537.36"
50.159.93.248 - - [18/Jan/2016:10:31:23 -0800] "GET /styles/ee08faa9.main.css HTTP/1.1" 200 19446 "http://whereshouldiski.com/" "Mozilla/5.0 (Linux; Android 5.0; SM-G900V Build/LRX21T) AppleWebKit/537.36 (KHTML, like Gecko) Chrome/47.0.2526.83 Mobile Safari/537.36"
50.159.93.248 - - [18/Jan/2016:10:31:23 -0800] "GET /images/logo-square-white-sm.png HTTP/1.1" 200 1683 "http://whereshouldiski.com/" "Mozilla/5.0 (Linux; Android 5.0; SM-G900V Build/LRX21T) AppleWebKit/537.36 (KHTML, like Gecko) Chrome/47.0.2526.83 Mobile Safari/537.36"
50.159.93.248 - - [18/Jan/2016:10:31:23 -0800] "GET /bower_components/requirejs/require.js HTTP/1.1" 200 6701 "http://whereshouldiski.com/" "Mozilla/5.0 (Linux; Android 5.0; SM-G900V Build/LRX21T) AppleWebKit/537.36 (KHTML, like Gecko) Chrome/47.0.2526.83 Mobile Safari/537.36"
50.159.93.248 - - [18/Jan/2016:10:31:23 -0800] "GET /images/loading.gif HTTP/1.1" 200 13881 "http://whereshouldiski.com/" "Mozilla/5.0 (Linux; Android 5.0; SM-G900V Build/LRX21T) AppleWebKit/537.36 (KHTML, like Gecko) Chrome/47.0.2526.83 Mobile Safari/537.36"
50.159.93.248 - - [18/Jan/2016:10:31:24 -0800] "GET /scripts/fa48e319.main.js HTTP/1.1" 200 123455 "http://whereshouldiski.com/" "Mozilla/5.0 (Linux; Android 5.0; SM-G900V Build/LRX21T) AppleWebKit/537.36 (KHTML, like Gecko) Chrome/47.0.2526.83 Mobile Safari/537.36"
50.159.93.248 - - [18/Jan/2016:10:31:25 -0800] "GET /lib/reccapi.php?fields=t HTTP/1.1" 200 1917 "http://whereshouldiski.com/" "Mozilla/5.0 (Linux; Android 5.0; SM-G900V Build/LRX21T) AppleWebKit/537.36 (KHTML, like Gecko) Chrome/47.0.2526.83 Mobile Safari/537.36"
50.159.93.248 - - [18/Jan/2016:10:31:25 -0800] "GET /images/button.png HTTP/1.1" 200 598 "http://whereshouldiski.com/styles/ee08faa9.main.css" "Mozilla/5.0 (Linux; Android 5.0; SM-G900V Build/LRX21T) AppleWebKit/537.36 (KHTML, like Gecko) Chrome/47.0.2526.83 Mobile Safari/537.36"
50.159.93.248 - - [18/Jan/2016:10:31:26 -0800] "GET /images/greyHeader.png HTTP/1.1" 200 508 "http://whereshouldiski.com/styles/ee08faa9.main.css" "Mozilla/5.0 (Linux; Android 5.0; SM-G900V Build/LRX21T) AppleWebKit/537.36 (KHTML, like Gecko) Chrome/47.0.2526.83 Mobile Safari/537.36"
50.159.93.248 - - [18/Jan/2016:10:31:26 -0800] "GET /images/bluebird5.png HTTP/1.1" 200 2178 "http://whereshouldiski.com/styles/ee08faa9.main.css" "Mozilla/5.0 (Linux; Android 5.0; SM-G900V Build/LRX21T) AppleWebKit/537.36 (KHTML, like Gecko) Chrome/47.0.2526.83 Mobile Safari/537.36"
50.159.93.248 - - [18/Jan/2016:10:31:26 -0800] "GET /images/snowflake5.png HTTP/1.1" 200 2857 "http://whereshouldiski.com/styles/ee08faa9.main.css" "Mozilla/5.0 (Linux; Android 5.0; SM-G900V Build/LRX21T) AppleWebKit/537.36 (KHTML, like Gecko) Chrome/47.0.2526.83 Mobile Safari/537.36"
50.159.93.248 - - [18/Jan/2016:10:31:26 -0800] "GET /images/star5.png HTTP/1.1" 200 1783 "http://whereshouldiski.com/styles/ee08faa9.main.css" "Mozilla/5.0 (Linux; Android 5.0; SM-G900V Build/LRX21T) AppleWebKit/537.36 (KHTML, like Gecko) Chrome/47.0.2526.83 Mobile Safari/537.36"
50.159.93.248 - - [18/Jan/2016:10:31:26 -0800] "GET /images/mtns-icon.png HTTP/1.1" 200 1097 "http://whereshouldiski.com/styles/ee08faa9.main.css" "Mozilla/5.0 (Linux; Android 5.0; SM-G900V Build/LRX21T) AppleWebKit/537.36 (KHTML, like Gecko) Chrome/47.0.2526.83 Mobile Safari/537.36"
50.159.93.248 - - [18/Jan/2016:10:31:26 -0800] "GET /images/shading-icon.png HTTP/1.1" 200 536 "http://whereshouldiski.com/styles/ee08faa9.main.css" "Mozilla/5.0 (Linux; Android 5.0; SM-G900V Build/LRX21T) AppleWebKit/537.36 (KHTML, like Gecko) Chrome/47.0.2526.83 Mobile Safari/537.36"
50.159.93.248 - - [18/Jan/2016:10:31:27 -0800] "GET /favicon.ico HTTP/1.1" 200 4612 "http://whereshouldiski.com/" "Mozilla/5.0 (Linux; Android 5.0; SM-G900V Build/LRX21T) AppleWebKit/537.36 (KHTML, like Gecko) Chrome/47.0.2526.83 Mobile Safari/537.36"
50.159.93.248 - - [18/Jan/2016:10:31:48 -0800] "-" 408 0 "-" "-"
50.159.93.248 - - [18/Jan/2016:10:32:14 -0800] "GET /lib/reccapi.php?resort=mountwashingtonalpine&date=2016-01-20 HTTP/1.1" 200 969 "http://whereshouldiski.com/" "Mozilla/5.0 (Linux; Android 5.0; SM-G900V Build/LRX21T) AppleWebKit/537.36 (KHTML, like Gecko) Chrome/47.0.2526.83 Mobile Safari/537.36"
50.159.93.248 - - [18/Jan/2016:10:32:14 -0800] "GET /lib/reccapi.php?fields=t&date=2016-01-20&coords=49.7383%2C-125.299&size=7&sort=distance HTTP/1.1" 200 1420 "http://whereshouldiski.com/" "Mozilla/5.0 (Linux; Android 5.0; SM-G900V Build/LRX21T) AppleWebKit/537.36 (KHTML, like Gecko) Chrome/47.0.2526.83 Mobile Safari/537.36"
50.159.93.248 - - [18/Jan/2016:10:32:14 -0800] "GET /images/stars-med-5.png HTTP/1.1" 200 4123 "http://whereshouldiski.com/styles/ee08faa9.main.css" "Mozilla/5.0 (Linux; Android 5.0; SM-G900V Build/LRX21T) AppleWebKit/537.36 (KHTML, like Gecko) Chrome/47.0.2526.83 Mobile Safari/537.36"
50.159.93.248 - - [18/Jan/2016:10:32:14 -0800] "GET /images/snowflake-med-5.png HTTP/1.1" 200 6157 "http://whereshouldiski.com/styles/ee08faa9.main.css" "Mozilla/5.0 (Linux; Android 5.0; SM-G900V Build/LRX21T) AppleWebKit/537.36 (KHTML, like Gecko) Chrome/47.0.2526.83 Mobile Safari/537.36"
50.159.93.248 - - [18/Jan/2016:10:32:14 -0800] "GET /images/sun-med-5.png HTTP/1.1" 200 7627 "http://whereshouldiski.com/styles/ee08faa9.main.css" "Mozilla/5.0 (Linux; Android 5.0; SM-G900V Build/LRX21T) AppleWebKit/537.36 (KHTML, like Gecko) Chrome/47.0.2526.83 Mobile Safari/537.36"
50.159.93.248 - - [18/Jan/2016:10:32:14 -0800] "GET /lib/resortDataSearchD3.php?size=7&sortDate=T&resort=mountwashingtonalpine&dateStart=2016-01-18 HTTP/1.1" 200 603 "http://whereshouldiski.com/" "Mozilla/5.0 (Linux; Android 5.0; SM-G900V Build/LRX21T) AppleWebKit/537.36 (KHTML, like Gecko) Chrome/47.0.2526.83 Mobile Safari/537.36"
50.159.93.248 - - [18/Jan/2016:10:32:14 -0800] "GET /images/mtns-30px.png HTTP/1.1" 200 1202 "http://whereshouldiski.com/styles/ee08faa9.main.css" "Mozilla/5.0 (Linux; Android 5.0; SM-G900V Build/LRX21T) AppleWebKit/537.36 (KHTML, like Gecko) Chrome/47.0.2526.83 Mobile Safari/537.36"
50.159.93.248 - - [18/Jan/2016:10:32:14 -0800] "GET /images/shading-53px.png HTTP/1.1" 200 548 "http://whereshouldiski.com/styles/ee08faa9.main.css" "Mozilla/5.0 (Linux; Android 5.0; SM-G900V Build/LRX21T) AppleWebKit/537.36 (KHTML, like Gecko) Chrome/47.0.2526.83 Mobile Safari/537.36"
50.159.93.248 - - [18/Jan/2016:10:32:14 -0800] "GET /images/opensnow_logo.png HTTP/1.1" 200 11776 "http://whereshouldiski.com/" "Mozilla/5.0 (Linux; Android 5.0; SM-G900V Build/LRX21T) AppleWebKit/537.36 (KHTML, like Gecko) Chrome/47.0.2526.83 Mobile Safari/537.36"
50.159.93.248 - - [18/Jan/2016:10:32:14 -0800] "GET /images/snowforecast-logo.jpg HTTP/1.1" 200 22988 "http://whereshouldiski.com/" "Mozilla/5.0 (Linux; Android 5.0; SM-G900V Build/LRX21T) AppleWebKit/537.36 (KHTML, like Gecko) Chrome/47.0.2526.83 Mobile Safari/537.36"
127.0.0.1 - - [18/Jan/2016:10:32:22 -0800] "OPTIONS * HTTP/1.0" 200 126 "-" "Apache/2.2.22 (Ubuntu) (internal dummy connection)"
180.76.15.30 - - [18/Jan/2016:10:34:10 -0800] "GET / HTTP/1.1" 200 6995 "-" "Mozilla/5.0 (compatible; Baiduspider/2.0; +http://www.baidu.com/search/spider.html)"
180.76.15.148 - - [18/Jan/2016:10:35:06 -0800] "GET / HTTP/1.1" 200 6995 "-" "Mozilla/5.0 (compatible; Baiduspider/2.0; +http://www.baidu.com/search/spider.html)"
170.75.162.130 - - [18/Jan/2016:10:36:34 -0800] "GET /lib/reccapi.php?resort=grandtarghee HTTP/1.1" 200 1061 "-" "node-superagent/1.4.0"
170.75.162.130 - - [18/Jan/2016:10:36:34 -0800] "GET /lib/reccapi.php?resort=jacksonhole HTTP/1.1" 200 1068 "-" "node-superagent/1.4.0"
108.210.201.219 - - [18/Jan/2016:10:37:28 -0800] "GET /images/wsis-logo-sm.png HTTP/1.1" 200 6108 "http://www.thebackcountry.net/" "Mozilla/5.0 (Macintosh; Intel Mac OS X 10.8; rv:43.0) Gecko/20100101 Firefox/43.0"
66.249.64.127 - - [18/Jan/2016:10:42:32 -0800] "GET /resorts?resort=aspenmountain&date=2014-01-29 HTTP/1.1" 404 506 "-" "Mozilla/5.0 (iPhone; CPU iPhone OS 8_3 like Mac OS X) AppleWebKit/600.1.4 (KHTML, like Gecko) Version/8.0 Mobile/12F70 Safari/600.1.4 (compatible; Googlebot/2.1; +http://www.google.com/bot.html)"
170.75.162.130 - - [18/Jan/2016:10:49:16 -0800] "GET /lib/reccapi.php?resort=schweitzer HTTP/1.1" 200 1048 "-" "node-superagent/1.4.0"
52.33.40.213 - - [18/Jan/2016:10:49:54 -0800] "GET /lib/reccapi.php?resort=aspenheights HTTP/1.1" 200 1003 "-" "node-superagent/1.4.0"
91.36.76.26 - - [18/Jan/2016:10:50:38 -0800] "GET /images/wsis-logo-sm.png HTTP/1.1" 200 6108 "http://www.thebackcountry.net/" "Mozilla/5.0 (Windows NT 6.1; WOW64; rv:43.0) Gecko/20100101 Firefox/43.0"
95.25.211.85 - - [18/Jan/2016:11:00:57 -0800] "GET /images/wsis-logo-sm.png HTTP/1.1" 200 6071 "http://www.thebackcountry.net/" "Mozilla/5.0 (Windows NT 6.1) AppleWebKit/537.36 (KHTML, like Gecko) Chrome/31.0.1650.57 Safari/537.36 OPR/18.0.1284.63 (Edition Yx)"
74.179.226.192 - - [18/Jan/2016:11:06:45 -0800] "-" 408 0 "-" "-"
74.179.226.192 - - [18/Jan/2016:11:06:45 -0800] "-" 408 0 "-" "-"
74.179.226.192 - - [18/Jan/2016:11:06:45 -0800] "-" 408 0 "-" "-"
52.33.40.213 - - [18/Jan/2016:11:12:45 -0800] "GET /lib/reccapi.php?resort=crystalmountain HTTP/1.1" 200 1062 "-" "node-superagent/1.4.0"
71.244.139.90 - - [18/Jan/2016:11:15:38 -0800] "GET /images/wsis-logo-sm.png HTTP/1.1" 200 6108 "http://www.thebackcountry.net/" "Mozilla/5.0 (Windows NT 10.0; WOW64) AppleWebKit/537.36 (KHTML, like Gecko) Chrome/47.0.2526.111 Safari/537.36"
66.249.64.8 - - [18/Jan/2016:11:20:16 -0800] "GET /lib/reccapi.php?fields=t&date=2015-12-17&coords=39.32%2C-111.09&size=7&sort=distance HTTP/1.1" 200 1314 "http://whereshouldiski.com/" "Mozilla/5.0 (compatible; Googlebot/2.1; +http://www.google.com/bot.html)"
67.188.104.204 - - [18/Jan/2016:11:21:13 -0800] "GET / HTTP/1.1" 200 2615 "https://www.google.com/" "Mozilla/5.0 (iPhone; CPU iPhone OS 6_0_1 like Mac OS X) AppleWebKit/536.26 (KHTML, like Gecko) Mercury/8.0.1 Mobile/10A523 Safari/8536.25"
67.188.104.204 - - [18/Jan/2016:11:21:13 -0800] "GET /styles/ee08faa9.main.css HTTP/1.1" 200 19446 "http://whereshouldiski.com/" "Mozilla/5.0 (iPhone; CPU iPhone OS 6_0_1 like Mac OS X) AppleWebKit/536.26 (KHTML, like Gecko) Mercury/8.0.1 Mobile/10A523 Safari/8536.25"
67.188.104.204 - - [18/Jan/2016:11:21:13 -0800] "GET /scripts/scripts/vendor/modernizr.js HTTP/1.1" 200 4903 "http://whereshouldiski.com/" "Mozilla/5.0 (iPhone; CPU iPhone OS 6_0_1 like Mac OS X) AppleWebKit/536.26 (KHTML, like Gecko) Mercury/8.0.1 Mobile/10A523 Safari/8536.25"
67.188.104.204 - - [18/Jan/2016:11:21:13 -0800] "GET /bower_components/requirejs/require.js HTTP/1.1" 200 6701 "http://whereshouldiski.com/" "Mozilla/5.0 (iPhone; CPU iPhone OS 6_0_1 like Mac OS X) AppleWebKit/536.26 (KHTML, like Gecko) Mercury/8.0.1 Mobile/10A523 Safari/8536.25"
67.188.104.204 - - [18/Jan/2016:11:21:13 -0800] "GET /images/loading.gif HTTP/1.1" 200 13882 "http://whereshouldiski.com/" "Mozilla/5.0 (iPhone; CPU iPhone OS 6_0_1 like Mac OS X) AppleWebKit/536.26 (KHTML, like Gecko) Mercury/8.0.1 Mobile/10A523 Safari/8536.25"
67.188.104.204 - - [18/Jan/2016:11:21:13 -0800] "GET /images/logo-square-white-sm.png HTTP/1.1" 200 1684 "http://whereshouldiski.com/" "Mozilla/5.0 (iPhone; CPU iPhone OS 6_0_1 like Mac OS X) AppleWebKit/536.26 (KHTML, like Gecko) Mercury/8.0.1 Mobile/10A523 Safari/8536.25"
67.188.104.204 - - [18/Jan/2016:11:21:13 -0800] "GET /scripts/fa48e319.main.js HTTP/1.1" 200 123455 "http://whereshouldiski.com/" "Mozilla/5.0 (iPhone; CPU iPhone OS 6_0_1 like Mac OS X) AppleWebKit/536.26 (KHTML, like Gecko) Mercury/8.0.1 Mobile/10A523 Safari/8536.25"
67.188.104.204 - - [18/Jan/2016:11:21:14 -0800] "GET /favicon.ico HTTP/1.1" 200 4613 "-" "Mercury/910 CFNetwork/758.2.8 Darwin/15.0.0"
67.188.104.204 - - [18/Jan/2016:11:21:14 -0800] "GET /favicon.ico HTTP/1.1" 200 4613 "-" "Mercury/910 CFNetwork/758.2.8 Darwin/15.0.0"
67.188.104.204 - - [18/Jan/2016:11:21:14 -0800] "GET /lib/reccapi.php?fields=t HTTP/1.1" 200 1917 "http://whereshouldiski.com/" "Mozilla/5.0 (iPhone; CPU iPhone OS 6_0_1 like Mac OS X) AppleWebKit/536.26 (KHTML, like Gecko) Mercury/8.0.1 Mobile/10A523 Safari/8536.25"
67.188.104.204 - - [18/Jan/2016:11:21:14 -0800] "GET /images/button.png HTTP/1.1" 200 598 "http://whereshouldiski.com/" "Mozilla/5.0 (iPhone; CPU iPhone OS 6_0_1 like Mac OS X) AppleWebKit/536.26 (KHTML, like Gecko) Mercury/8.0.1 Mobile/10A523 Safari/8536.25"
67.188.104.204 - - [18/Jan/2016:11:21:14 -0800] "GET /images/greyHeader.png HTTP/1.1" 200 508 "http://whereshouldiski.com/" "Mozilla/5.0 (iPhone; CPU iPhone OS 6_0_1 like Mac OS X) AppleWebKit/536.26 (KHTML, like Gecko) Mercury/8.0.1 Mobile/10A523 Safari/8536.25"
67.188.104.204 - - [18/Jan/2016:11:21:14 -0800] "GET /images/snowflake5.png HTTP/1.1" 200 2857 "http://whereshouldiski.com/" "Mozilla/5.0 (iPhone; CPU iPhone OS 6_0_1 like Mac OS X) AppleWebKit/536.26 (KHTML, like Gecko) Mercury/8.0.1 Mobile/10A523 Safari/8536.25"
67.188.104.204 - - [18/Jan/2016:11:21:15 -0800] "GET /images/star5.png HTTP/1.1" 200 1783 "http://whereshouldiski.com/" "Mozilla/5.0 (iPhone; CPU iPhone OS 6_0_1 like Mac OS X) AppleWebKit/536.26 (KHTML, like Gecko) Mercury/8.0.1 Mobile/10A523 Safari/8536.25"
67.188.104.204 - - [18/Jan/2016:11:21:15 -0800] "GET /images/bluebird5.png HTTP/1.1" 200 2177 "http://whereshouldiski.com/" "Mozilla/5.0 (iPhone; CPU iPhone OS 6_0_1 like Mac OS X) AppleWebKit/536.26 (KHTML, like Gecko) Mercury/8.0.1 Mobile/10A523 Safari/8536.25"
67.188.104.204 - - [18/Jan/2016:11:21:15 -0800] "GET /images/mtns-icon.png HTTP/1.1" 200 1096 "http://whereshouldiski.com/" "Mozilla/5.0 (iPhone; CPU iPhone OS 6_0_1 like Mac OS X) AppleWebKit/536.26 (KHTML, like Gecko) Mercury/8.0.1 Mobile/10A523 Safari/8536.25"
67.188.104.204 - - [18/Jan/2016:11:21:15 -0800] "GET /images/shading-icon.png HTTP/1.1" 200 536 "http://whereshouldiski.com/" "Mozilla/5.0 (iPhone; CPU iPhone OS 6_0_1 like Mac OS X) AppleWebKit/536.26 (KHTML, like Gecko) Mercury/8.0.1 Mobile/10A523 Safari/8536.25"
127.0.0.1 - - [18/Jan/2016:11:21:21 -0800] "OPTIONS * HTTP/1.0" 200 126 "-" "Apache/2.2.22 (Ubuntu) (internal dummy connection)"
67.188.104.204 - - [18/Jan/2016:11:21:23 -0800] "GET /lib/reccapi.php?fields=t&sort=quality HTTP/1.1" 200 2002 "http://whereshouldiski.com/" "Mozilla/5.0 (iPhone; CPU iPhone OS 6_0_1 like Mac OS X) AppleWebKit/536.26 (KHTML, like Gecko) Mercury/8.0.1 Mobile/10A523 Safari/8536.25"
96.38.165.248 - - [18/Jan/2016:11:21:51 -0800] "GET /images/wsis-logo-sm.png HTTP/1.1" 200 6108 "http://www.thebackcountry.net/" "Mozilla/5.0 (Macintosh; Intel Mac OS X 10_10_2) AppleWebKit/537.36 (KHTML, like Gecko) Chrome/47.0.2526.111 Safari/537.36"
170.75.162.130 - - [18/Jan/2016:11:23:30 -0800] "GET /lib/reccapi.php?resort=aspenheights HTTP/1.1" 200 1003 "-" "node-superagent/1.4.0"
170.75.162.130 - - [18/Jan/2016:11:23:30 -0800] "GET /lib/reccapi.php?resort=aspenmountain HTTP/1.1" 200 973 "-" "node-superagent/1.4.0"
170.75.162.130 - - [18/Jan/2016:11:23:30 -0800] "GET /lib/reccapi.php?resort=buttermilk HTTP/1.1" 200 992 "-" "node-superagent/1.4.0"
170.75.162.130 - - [18/Jan/2016:11:23:30 -0800] "GET /lib/reccapi.php?resort=crestedbutte HTTP/1.1" 200 1010 "-" "node-superagent/1.4.0"
170.75.162.130 - - [18/Jan/2016:11:23:31 -0800] "GET /lib/reccapi.php?resort=keystone HTTP/1.1" 200 1026 "-" "node-superagent/1.4.0"
170.75.162.130 - - [18/Jan/2016:11:23:31 -0800] "GET /lib/reccapi.php?resort=loveland HTTP/1.1" 200 1021 "-" "node-superagent/1.4.0"
170.75.162.130 - - [18/Jan/2016:11:23:31 -0800] "GET /lib/reccapi.php?resort=monarch HTTP/1.1" 200 959 "-" "node-superagent/1.4.0"
170.75.162.130 - - [18/Jan/2016:11:23:31 -0800] "GET /lib/reccapi.php?resort=steamboat HTTP/1.1" 200 999 "-" "node-superagent/1.4.0"
170.75.162.130 - - [18/Jan/2016:11:23:31 -0800] "GET /lib/reccapi.php?resort=telluride HTTP/1.1" 200 984 "-" "node-superagent/1.4.0"
170.75.162.130 - - [18/Jan/2016:11:23:31 -0800] "GET /lib/reccapi.php?resort=winterpark HTTP/1.1" 200 994 "-" "node-superagent/1.4.0"
67.188.104.204 - - [18/Jan/2016:11:24:17 -0800] "GET /lib/reccapi.php?fields=t&sort=quality&state=CA HTTP/1.1" 200 1237 "http://whereshouldiski.com/" "Mozilla/5.0 (iPhone; CPU iPhone OS 6_0_1 like Mac OS X) AppleWebKit/536.26 (KHTML, like Gecko) Mercury/8.0.1 Mobile/10A523 Safari/8536.25"
67.188.104.204 - - [18/Jan/2016:11:24:17 -0800] "GET /images/greenHeader.png HTTP/1.1" 200 508 "http://whereshouldiski.com/" "Mozilla/5.0 (iPhone; CPU iPhone OS 6_0_1 like Mac OS X) AppleWebKit/536.26 (KHTML, like Gecko) Mercury/8.0.1 Mobile/10A523 Safari/8536.25"
67.188.104.204 - - [18/Jan/2016:11:24:32 -0800] "GET /lib/reccapi.php?resort=bearvalleymountain&date=2016-01-20 HTTP/1.1" 200 1024 "http://whereshouldiski.com/" "Mozilla/5.0 (iPhone; CPU iPhone OS 6_0_1 like Mac OS X) AppleWebKit/536.26 (KHTML, like Gecko) Mercury/8.0.1 Mobile/10A523 Safari/8536.25"
67.188.104.204 - - [18/Jan/2016:11:24:32 -0800] "GET /images/snowforecast-logo.jpg HTTP/1.1" 200 22988 "http://whereshouldiski.com/" "Mozilla/5.0 (iPhone; CPU iPhone OS 6_0_1 like Mac OS X) AppleWebKit/536.26 (KHTML, like Gecko) Mercury/8.0.1 Mobile/10A523 Safari/8536.25"
67.188.104.204 - - [18/Jan/2016:11:24:32 -0800] "GET /images/opensnow_logo.png HTTP/1.1" 200 11777 "http://whereshouldiski.com/" "Mozilla/5.0 (iPhone; CPU iPhone OS 6_0_1 like Mac OS X) AppleWebKit/536.26 (KHTML, like Gecko) Mercury/8.0.1 Mobile/10A523 Safari/8536.25"
67.188.104.204 - - [18/Jan/2016:11:24:32 -0800] "GET /lib/reccapi.php?fields=t&date=2016-01-20&coords=38.5%2C-120.06&size=7&sort=distance HTTP/1.1" 200 1394 "http://whereshouldiski.com/" "Mozilla/5.0 (iPhone; CPU iPhone OS 6_0_1 like Mac OS X) AppleWebKit/536.26 (KHTML, like Gecko) Mercury/8.0.1 Mobile/10A523 Safari/8536.25"
67.188.104.204 - - [18/Jan/2016:11:24:32 -0800] "GET /images/snowflake-med-5.png HTTP/1.1" 200 6156 "http://whereshouldiski.com/" "Mozilla/5.0 (iPhone; CPU iPhone OS 6_0_1 like Mac OS X) AppleWebKit/536.26 (KHTML, like Gecko) Mercury/8.0.1 Mobile/10A523 Safari/8536.25"
67.188.104.204 - - [18/Jan/2016:11:24:32 -0800] "GET /images/stars-med-5.png HTTP/1.1" 200 4123 "http://whereshouldiski.com/" "Mozilla/5.0 (iPhone; CPU iPhone OS 6_0_1 like Mac OS X) AppleWebKit/536.26 (KHTML, like Gecko) Mercury/8.0.1 Mobile/10A523 Safari/8536.25"
67.188.104.204 - - [18/Jan/2016:11:24:32 -0800] "GET /images/sun-med-5.png HTTP/1.1" 200 7626 "http://whereshouldiski.com/" "Mozilla/5.0 (iPhone; CPU iPhone OS 6_0_1 like Mac OS X) AppleWebKit/536.26 (KHTML, like Gecko) Mercury/8.0.1 Mobile/10A523 Safari/8536.25"
67.188.104.204 - - [18/Jan/2016:11:24:32 -0800] "GET /images/shading-53px.png HTTP/1.1" 200 547 "http://whereshouldiski.com/" "Mozilla/5.0 (iPhone; CPU iPhone OS 6_0_1 like Mac OS X) AppleWebKit/536.26 (KHTML, like Gecko) Mercury/8.0.1 Mobile/10A523 Safari/8536.25"
67.188.104.204 - - [18/Jan/2016:11:24:32 -0800] "GET /lib/resortDataSearchD3.php?size=7&sortDate=T&resort=bearvalleymountain&dateStart=2016-01-18 HTTP/1.1" 200 610 "http://whereshouldiski.com/" "Mozilla/5.0 (iPhone; CPU iPhone OS 6_0_1 like Mac OS X) AppleWebKit/536.26 (KHTML, like Gecko) Mercury/8.0.1 Mobile/10A523 Safari/8536.25"
67.188.104.204 - - [18/Jan/2016:11:24:32 -0800] "GET /images/mtns-30px.png HTTP/1.1" 200 1202 "http://whereshouldiski.com/" "Mozilla/5.0 (iPhone; CPU iPhone OS 6_0_1 like Mac OS X) AppleWebKit/536.26 (KHTML, like Gecko) Mercury/8.0.1 Mobile/10A523 Safari/8536.25"
67.188.104.204 - - [18/Jan/2016:11:26:55 -0800] "GET / HTTP/1.1" 200 2615 "https://www.google.com/" "Mozilla/5.0 (iPhone; CPU iPhone OS 9_2 like Mac OS X) AppleWebKit/601.1.46 (KHTML, like Gecko) Version/9.0 Mobile/13C75 Safari/601.1"
67.188.104.204 - - [18/Jan/2016:11:26:55 -0800] "GET /styles/ee08faa9.main.css HTTP/1.1" 200 19446 "http://whereshouldiski.com/" "Mozilla/5.0 (iPhone; CPU iPhone OS 9_2 like Mac OS X) AppleWebKit/601.1.46 (KHTML, like Gecko) Version/9.0 Mobile/13C75 Safari/601.1"
67.188.104.204 - - [18/Jan/2016:11:26:55 -0800] "GET /scripts/scripts/vendor/modernizr.js HTTP/1.1" 200 4903 "http://whereshouldiski.com/" "Mozilla/5.0 (iPhone; CPU iPhone OS 9_2 like Mac OS X) AppleWebKit/601.1.46 (KHTML, like Gecko) Version/9.0 Mobile/13C75 Safari/601.1"
67.188.104.204 - - [18/Jan/2016:11:26:56 -0800] "GET /images/loading.gif HTTP/1.1" 200 13882 "http://whereshouldiski.com/" "Mozilla/5.0 (iPhone; CPU iPhone OS 9_2 like Mac OS X) AppleWebKit/601.1.46 (KHTML, like Gecko) Version/9.0 Mobile/13C75 Safari/601.1"
67.188.104.204 - - [18/Jan/2016:11:26:56 -0800] "GET /images/logo-square-white-sm.png HTTP/1.1" 200 1684 "http://whereshouldiski.com/" "Mozilla/5.0 (iPhone; CPU iPhone OS 9_2 like Mac OS X) AppleWebKit/601.1.46 (KHTML, like Gecko) Version/9.0 Mobile/13C75 Safari/601.1"
67.188.104.204 - - [18/Jan/2016:11:26:56 -0800] "GET /bower_components/requirejs/require.js HTTP/1.1" 200 6702 "http://whereshouldiski.com/" "Mozilla/5.0 (iPhone; CPU iPhone OS 9_2 like Mac OS X) AppleWebKit/601.1.46 (KHTML, like Gecko) Version/9.0 Mobile/13C75 Safari/601.1"
67.188.104.204 - - [18/Jan/2016:11:26:56 -0800] "GET /scripts/fa48e319.main.js HTTP/1.1" 200 123455 "http://whereshouldiski.com/" "Mozilla/5.0 (iPhone; CPU iPhone OS 9_2 like Mac OS X) AppleWebKit/601.1.46 (KHTML, like Gecko) Version/9.0 Mobile/13C75 Safari/601.1"
67.188.104.204 - - [18/Jan/2016:11:26:57 -0800] "GET /lib/reccapi.php?fields=t HTTP/1.1" 200 1917 "http://whereshouldiski.com/" "Mozilla/5.0 (iPhone; CPU iPhone OS 9_2 like Mac OS X) AppleWebKit/601.1.46 (KHTML, like Gecko) Version/9.0 Mobile/13C75 Safari/601.1"
67.188.104.204 - - [18/Jan/2016:11:26:57 -0800] "GET /images/button.png HTTP/1.1" 200 598 "http://whereshouldiski.com/" "Mozilla/5.0 (iPhone; CPU iPhone OS 9_2 like Mac OS X) AppleWebKit/601.1.46 (KHTML, like Gecko) Version/9.0 Mobile/13C75 Safari/601.1"
67.188.104.204 - - [18/Jan/2016:11:26:57 -0800] "GET /images/greyHeader.png HTTP/1.1" 200 508 "http://whereshouldiski.com/" "Mozilla/5.0 (iPhone; CPU iPhone OS 9_2 like Mac OS X) AppleWebKit/601.1.46 (KHTML, like Gecko) Version/9.0 Mobile/13C75 Safari/601.1"
67.188.104.204 - - [18/Jan/2016:11:26:58 -0800] "GET /images/snowflake5.png HTTP/1.1" 200 2857 "http://whereshouldiski.com/" "Mozilla/5.0 (iPhone; CPU iPhone OS 9_2 like Mac OS X) AppleWebKit/601.1.46 (KHTML, like Gecko) Version/9.0 Mobile/13C75 Safari/601.1"
67.188.104.204 - - [18/Jan/2016:11:26:58 -0800] "GET /images/star5.png HTTP/1.1" 200 1783 "http://whereshouldiski.com/" "Mozilla/5.0 (iPhone; CPU iPhone OS 9_2 like Mac OS X) AppleWebKit/601.1.46 (KHTML, like Gecko) Version/9.0 Mobile/13C75 Safari/601.1"
67.188.104.204 - - [18/Jan/2016:11:26:58 -0800] "GET /images/bluebird5.png HTTP/1.1" 200 2177 "http://whereshouldiski.com/" "Mozilla/5.0 (iPhone; CPU iPhone OS 9_2 like Mac OS X) AppleWebKit/601.1.46 (KHTML, like Gecko) Version/9.0 Mobile/13C75 Safari/601.1"
67.188.104.204 - - [18/Jan/2016:11:26:58 -0800] "GET /images/mtns-icon.png HTTP/1.1" 200 1096 "http://whereshouldiski.com/" "Mozilla/5.0 (iPhone; CPU iPhone OS 9_2 like Mac OS X) AppleWebKit/601.1.46 (KHTML, like Gecko) Version/9.0 Mobile/13C75 Safari/601.1"
67.188.104.204 - - [18/Jan/2016:11:26:58 -0800] "GET /images/shading-icon.png HTTP/1.1" 200 536 "http://whereshouldiski.com/" "Mozilla/5.0 (iPhone; CPU iPhone OS 9_2 like Mac OS X) AppleWebKit/601.1.46 (KHTML, like Gecko) Version/9.0 Mobile/13C75 Safari/601.1"
67.188.104.204 - - [18/Jan/2016:11:26:59 -0800] "GET /lib/reccapi.php?fields=t&coords=37.794242629258434,-122.18560274619134 HTTP/1.1" 200 2079 "http://whereshouldiski.com/" "Mozilla/5.0 (iPhone; CPU iPhone OS 9_2 like Mac OS X) AppleWebKit/601.1.46 (KHTML, like Gecko) Version/9.0 Mobile/13C75 Safari/601.1"
67.188.104.204 - - [18/Jan/2016:11:27:02 -0800] "GET /lib/reccapi.php?resort=whistlerblackcomb&date=2016-01-18 HTTP/1.1" 200 969 "http://whereshouldiski.com/" "Mozilla/5.0 (iPhone; CPU iPhone OS 9_2 like Mac OS X) AppleWebKit/601.1.46 (KHTML, like Gecko) Version/9.0 Mobile/13C75 Safari/601.1"
67.188.104.204 - - [18/Jan/2016:11:27:02 -0800] "GET /images/snowforecast-logo.jpg HTTP/1.1" 200 22988 "http://whereshouldiski.com/" "Mozilla/5.0 (iPhone; CPU iPhone OS 9_2 like Mac OS X) AppleWebKit/601.1.46 (KHTML, like Gecko) Version/9.0 Mobile/13C75 Safari/601.1"
67.188.104.204 - - [18/Jan/2016:11:27:02 -0800] "GET /images/opensnow_logo.png HTTP/1.1" 200 11776 "http://whereshouldiski.com/" "Mozilla/5.0 (iPhone; CPU iPhone OS 9_2 like Mac OS X) AppleWebKit/601.1.46 (KHTML, like Gecko) Version/9.0 Mobile/13C75 Safari/601.1"
67.188.104.204 - - [18/Jan/2016:11:27:02 -0800] "GET /images/snowflake-med-5.png HTTP/1.1" 200 6156 "http://whereshouldiski.com/" "Mozilla/5.0 (iPhone; CPU iPhone OS 9_2 like Mac OS X) AppleWebKit/601.1.46 (KHTML, like Gecko) Version/9.0 Mobile/13C75 Safari/601.1"
67.188.104.204 - - [18/Jan/2016:11:27:02 -0800] "GET /lib/reccapi.php?fields=t&date=2016-01-18&coords=50.1159%2C-122.949&size=7&sort=distance HTTP/1.1" 200 1441 "http://whereshouldiski.com/" "Mozilla/5.0 (iPhone; CPU iPhone OS 9_2 like Mac OS X) AppleWebKit/601.1.46 (KHTML, like Gecko) Version/9.0 Mobile/13C75 Safari/601.1"
