177.170.240.200 - - [14/Oct/2015:16:25:28 -0700] "GET /styles/0fffd548.main.css HTTP/1.1" 200 19316 "http://whereshouldiski.com/" "Mozilla/5.0 (Windows NT 6.1; WOW64) AppleWebKit/537.36 (KHTML, like Gecko) Chrome/36.0.1985.143 Safari/537.36"
177.170.240.200 - - [14/Oct/2015:16:25:29 -0700] "GET /scripts/scripts/vendor/modernizr.js HTTP/1.1" 200 4903 "http://whereshouldiski.com/" "Mozilla/5.0 (Windows NT 6.1; WOW64) AppleWebKit/537.36 (KHTML, like Gecko) Chrome/36.0.1985.143 Safari/537.36"
177.170.240.200 - - [14/Oct/2015:16:25:29 -0700] "GET /bower_components/requirejs/require.js HTTP/1.1" 200 6701 "http://whereshouldiski.com/" "Mozilla/5.0 (Windows NT 6.1; WOW64) AppleWebKit/537.36 (KHTML, like Gecko) Chrome/36.0.1985.143 Safari/537.36"
177.170.240.200 - - [14/Oct/2015:16:25:29 -0700] "GET /images/logo-sm.png HTTP/1.1" 200 16737 "http://whereshouldiski.com/" "Mozilla/5.0 (Windows NT 6.1; WOW64) AppleWebKit/537.36 (KHTML, like Gecko) Chrome/36.0.1985.143 Safari/537.36"
177.170.240.200 - - [14/Oct/2015:16:25:30 -0700] "GET /images/loading.gif HTTP/1.1" 200 13881 "http://whereshouldiski.com/" "Mozilla/5.0 (Windows NT 6.1; WOW64) AppleWebKit/537.36 (KHTML, like Gecko) Chrome/36.0.1985.143 Safari/537.36"
177.170.240.200 - - [14/Oct/2015:16:25:31 -0700] "GET /scripts/fa48e319.main.js HTTP/1.1" 200 123455 "http://whereshouldiski.com/" "Mozilla/5.0 (Windows NT 6.1; WOW64) AppleWebKit/537.36 (KHTML, like Gecko) Chrome/36.0.1985.143 Safari/537.36"
177.170.240.200 - - [14/Oct/2015:16:25:52 -0700] "-" 408 0 "-" "-"
12.146.19.131 - - [14/Oct/2015:16:31:09 -0700] "GET /images/wsis-logo-sm.png HTTP/1.1" 200 6108 "http://www.thebackcountry.net/" "Mozilla/5.0 (Windows NT 6.1; WOW64) AppleWebKit/537.36 (KHTML, like Gecko) Chrome/46.0.2490.71 Safari/537.36"
208.115.113.83 - - [14/Oct/2015:16:40:11 -0700] "GET /robots.txt HTTP/1.1" 200 319 "-" "Mozilla/5.0 (compatible; DotBot/1.1; http://www.opensiteexplorer.org/dotbot, help@moz.com)"
108.202.210.138 - - [14/Oct/2015:16:44:29 -0700] "GET /images/wsis-logo-sm.png HTTP/1.1" 200 6108 "http://www.thebackcountry.net/" "Mozilla/5.0 (Windows NT 5.1; rv:41.0) Gecko/20100101 Firefox/41.0"
101.183.185.165 - - [14/Oct/2015:16:46:52 -0700] "GET /images/wsis-logo-sm.png HTTP/1.1" 200 6108 "http://thebackcountry.net/" "Mozilla/5.0 (Windows NT 6.1; WOW64) AppleWebKit/537.36 (KHTML, like Gecko) Chrome/36.0.1985.143 Safari/537.36"
208.115.111.66 - - [14/Oct/2015:16:50:58 -0700] "GET /robots.txt HTTP/1.1" 200 319 "-" "Mozilla/5.0 (compatible; DotBot/1.1; http://www.opensiteexplorer.org/dotbot, help@moz.com)"
170.75.162.130 - - [14/Oct/2015:16:51:48 -0700] "GET /lib/reccapi.php?resort=mammothmountain HTTP/1.1" 200 1019 "-" "node-superagent/0.18.2"
170.75.162.130 - - [14/Oct/2015:16:57:29 -0700] "GET /lib/reccapi.php?resort=whitefacemountain HTTP/1.1" 200 1034 "-" "node-superagent/0.18.2"
180.76.15.32 - - [14/Oct/2015:17:09:54 -0700] "GET / HTTP/1.1" 200 6114 "-" "Mozilla/5.0 (compatible; Baiduspider/2.0; +http://www.baidu.com/search/spider.html)"
180.76.15.144 - - [14/Oct/2015:17:11:17 -0700] "GET / HTTP/1.1" 200 6114 "-" "Mozilla/5.0 (compatible; Baiduspider/2.0; +http://www.baidu.com/search/spider.html)"
31.132.79.37 - - [14/Oct/2015:17:15:07 -0700] "GET /about HTTP/1.1" 404 532 "-" "Mozilla/5.0 (Windows; U; Windows NT 6.1; en-US; rv:2.0b10) Gecko/20110126 Firefox/4.0b10"
146.120.166.196 - - [14/Oct/2015:17:15:10 -0700] "GET /feedback HTTP/1.1" 404 532 "-" "Mozilla/5.0 (Windows NT 5.0; WOW64; rv:5.0) Gecko/20100101 Firefox/5.0"
199.59.148.209 - - [14/Oct/2015:17:15:12 -0700] "GET /robots.txt HTTP/1.1" 200 363 "-" "Twitterbot/1.0"
199.59.148.209 - - [14/Oct/2015:17:15:12 -0700] "GET /recommendations HTTP/1.1" 404 450 "-" "Twitterbot/1.0"
170.75.162.130 - - [14/Oct/2015:17:18:02 -0700] "GET /lib/reccapi.php?resort=bigsky HTTP/1.1" 200 967 "-" "node-superagent/0.18.2"
208.115.113.83 - - [14/Oct/2015:17:19:53 -0700] "GET /resorts?resort=sundayriver&date=2014-07-01 HTTP/1.1" 404 476 "-" "Mozilla/5.0 (compatible; DotBot/1.1; http://www.opensiteexplorer.org/dotbot, help@moz.com)"
208.115.113.83 - - [14/Oct/2015:17:19:58 -0700] "GET /resorts?resort=whistlerblackcomb&date=2014-11-08 HTTP/1.1" 404 476 "-" "Mozilla/5.0 (compatible; DotBot/1.1; http://www.opensiteexplorer.org/dotbot, help@moz.com)"
208.115.113.83 - - [14/Oct/2015:17:21:02 -0700] "GET /resorts?resort=aspenmountain&date=2014-06-14 HTTP/1.1" 404 476 "-" "Mozilla/5.0 (compatible; DotBot/1.1; http://www.opensiteexplorer.org/dotbot, help@moz.com)"
208.115.113.83 - - [14/Oct/2015:17:21:05 -0700] "GET /resorts?resort=mammothmountain&date=2014-10-10 HTTP/1.1" 404 476 "-" "Mozilla/5.0 (compatible; DotBot/1.1; http://www.opensiteexplorer.org/dotbot, help@moz.com)"
208.115.113.83 - - [14/Oct/2015:17:21:07 -0700] "GET /resorts?resort=mountainhigh&date=2014-11-01 HTTP/1.1" 404 476 "-" "Mozilla/5.0 (compatible; DotBot/1.1; http://www.opensiteexplorer.org/dotbot, help@moz.com)"
208.115.113.83 - - [14/Oct/2015:17:21:11 -0700] "GET /resorts?resort=dodgeridge&date=2014-06-23 HTTP/1.1" 404 476 "-" "Mozilla/5.0 (compatible; DotBot/1.1; http://www.opensiteexplorer.org/dotbot, help@moz.com)"
208.115.113.83 - - [14/Oct/2015:17:21:22 -0700] "GET /resorts?resort=sugarloaf&date=2014-11-18 HTTP/1.1" 404 476 "-" "Mozilla/5.0 (compatible; DotBot/1.1; http://www.opensiteexplorer.org/dotbot, help@moz.com)"
208.115.113.83 - - [14/Oct/2015:17:21:29 -0700] "GET /resorts?resort=madriverglen&date=2014-06-17 HTTP/1.1" 404 476 "-" "Mozilla/5.0 (compatible; DotBot/1.1; http://www.opensiteexplorer.org/dotbot, help@moz.com)"
208.115.113.83 - - [14/Oct/2015:17:21:39 -0700] "GET /resorts?resort=stowe&date=2014-10-10 HTTP/1.1" 404 476 "-" "Mozilla/5.0 (compatible; DotBot/1.1; http://www.opensiteexplorer.org/dotbot, help@moz.com)"
208.115.113.83 - - [14/Oct/2015:17:21:47 -0700] "GET /resorts?resort=sundance&date=2014-06-19 HTTP/1.1" 404 476 "-" "Mozilla/5.0 (compatible; DotBot/1.1; http://www.opensiteexplorer.org/dotbot, help@moz.com)"
208.115.113.83 - - [14/Oct/2015:17:21:51 -0700] "GET /resorts?resort=alyeska&date=2014-11-10 HTTP/1.1" 404 476 "-" "Mozilla/5.0 (compatible; DotBot/1.1; http://www.opensiteexplorer.org/dotbot, help@moz.com)"
170.75.162.130 - - [14/Oct/2015:17:23:32 -0700] "GET /lib/reccapi.php?resort=snowmass HTTP/1.1" 200 939 "-" "node-superagent/0.18.2"
208.115.111.66 - - [14/Oct/2015:17:24:36 -0700] "GET /resorts?resort=aspenheights&date=2014-06-19 HTTP/1.1" 404 476 "-" "Mozilla/5.0 (compatible; DotBot/1.1; http://www.opensiteexplorer.org/dotbot, help@moz.com)"
208.115.111.66 - - [14/Oct/2015:17:28:03 -0700] "GET /resorts?resort=northstar-at-tahoe&date=2014-06-27 HTTP/1.1" 404 476 "-" "Mozilla/5.0 (compatible; DotBot/1.1; http://www.opensiteexplorer.org/dotbot, help@moz.com)"
208.115.111.66 - - [14/Oct/2015:17:28:27 -0700] "GET /resorts?resort=angelfire&date=2014-11-05 HTTP/1.1" 404 476 "-" "Mozilla/5.0 (compatible; DotBot/1.1; http://www.opensiteexplorer.org/dotbot, help@moz.com)"
208.115.111.66 - - [14/Oct/2015:17:28:29 -0700] "GET /resorts?resort=sugarbowl&date=2014-06-09 HTTP/1.1" 404 476 "-" "Mozilla/5.0 (compatible; DotBot/1.1; http://www.opensiteexplorer.org/dotbot, help@moz.com)"
208.115.111.66 - - [14/Oct/2015:17:28:31 -0700] "GET /resorts?resort=crestedbutte&date=2014-10-02 HTTP/1.1" 404 476 "-" "Mozilla/5.0 (compatible; DotBot/1.1; http://www.opensiteexplorer.org/dotbot, help@moz.com)"
208.115.111.66 - - [14/Oct/2015:17:28:32 -0700] "GET /resorts?resort=solitude&date=2014-06-20 HTTP/1.1" 404 476 "-" "Mozilla/5.0 (compatible; DotBot/1.1; http://www.opensiteexplorer.org/dotbot, help@moz.com)"
180.76.15.140 - - [14/Oct/2015:17:35:10 -0700] "GET / HTTP/1.1" 200 6114 "-" "Mozilla/5.0 (compatible; Baiduspider/2.0; +http://www.baidu.com/search/spider.html)"
180.76.15.34 - - [14/Oct/2015:17:35:41 -0700] "GET / HTTP/1.1" 200 6114 "-" "Mozilla/5.0 (compatible; Baiduspider/2.0; +http://www.baidu.com/search/spider.html)"
123.125.71.82 - - [14/Oct/2015:17:38:11 -0700] "GET / HTTP/1.1" 200 2339 "-" "Mozilla/5.0 (Windows NT 5.1; rv:6.0.2) Gecko/20100101 Firefox/6.0.2"
123.125.71.88 - - [14/Oct/2015:17:38:11 -0700] "GET / HTTP/1.1" 200 6114 "-" "Mozilla/5.0 (Windows NT 5.1; rv:6.0.2) Gecko/20100101 Firefox/6.0.2"
187.115.234.83 - - [14/Oct/2015:17:39:52 -0700] "GET / HTTP/1.1" 200 2376 "http://rankings-analytics.com/try.php?u=http://whereshouldiski.com" "Mozilla/5.0 (Windows NT 6.1; WOW64) AppleWebKit/537.36 (KHTML, like Gecko) Chrome/36.0.1985.143 Safari/537.36"
187.115.234.83 - - [14/Oct/2015:17:39:52 -0700] "GET /styles/0fffd548.main.css HTTP/1.1" 200 19316 "http://whereshouldiski.com/" "Mozilla/5.0 (Windows NT 6.1; WOW64) AppleWebKit/537.36 (KHTML, like Gecko) Chrome/36.0.1985.143 Safari/537.36"
187.115.234.83 - - [14/Oct/2015:17:39:52 -0700] "GET /scripts/scripts/vendor/modernizr.js HTTP/1.1" 200 4903 "http://whereshouldiski.com/" "Mozilla/5.0 (Windows NT 6.1; WOW64) AppleWebKit/537.36 (KHTML, like Gecko) Chrome/36.0.1985.143 Safari/537.36"
187.115.234.83 - - [14/Oct/2015:17:39:52 -0700] "GET /bower_components/requirejs/require.js HTTP/1.1" 200 6702 "http://whereshouldiski.com/" "Mozilla/5.0 (Windows NT 6.1; WOW64) AppleWebKit/537.36 (KHTML, like Gecko) Chrome/36.0.1985.143 Safari/537.36"
187.115.234.83 - - [14/Oct/2015:17:39:52 -0700] "GET /images/logo-sm.png HTTP/1.1" 200 16737 "http://whereshouldiski.com/" "Mozilla/5.0 (Windows NT 6.1; WOW64) AppleWebKit/537.36 (KHTML, like Gecko) Chrome/36.0.1985.143 Safari/537.36"
187.115.234.83 - - [14/Oct/2015:17:39:52 -0700] "GET /images/loading.gif HTTP/1.1" 200 13881 "http://whereshouldiski.com/" "Mozilla/5.0 (Windows NT 6.1; WOW64) AppleWebKit/537.36 (KHTML, like Gecko) Chrome/36.0.1985.143 Safari/537.36"
187.115.234.83 - - [14/Oct/2015:17:39:52 -0700] "GET /scripts/fa48e319.main.js HTTP/1.1" 200 123455 "http://whereshouldiski.com/" "Mozilla/5.0 (Windows NT 6.1; WOW64) AppleWebKit/537.36 (KHTML, like Gecko) Chrome/36.0.1985.143 Safari/537.36"
187.115.234.83 - - [14/Oct/2015:17:39:54 -0700] "GET /images/button.png HTTP/1.1" 200 598 "http://whereshouldiski.com/" "Mozilla/5.0 (Windows NT 6.1; WOW64) AppleWebKit/537.36 (KHTML, like Gecko) Chrome/36.0.1985.143 Safari/537.36"
187.115.234.83 - - [14/Oct/2015:17:39:54 -0700] "GET /lib/reccapi.php?fields=t HTTP/1.1" 200 1838 "http://whereshouldiski.com/" "Mozilla/5.0 (Windows NT 6.1; WOW64) AppleWebKit/537.36 (KHTML, like Gecko) Chrome/36.0.1985.143 Safari/537.36"
187.115.234.83 - - [14/Oct/2015:17:39:54 -0700] "GET /images/greyHeader.png HTTP/1.1" 200 508 "http://whereshouldiski.com/" "Mozilla/5.0 (Windows NT 6.1; WOW64) AppleWebKit/537.36 (KHTML, like Gecko) Chrome/36.0.1985.143 Safari/537.36"
187.115.234.83 - - [14/Oct/2015:17:39:54 -0700] "GET /images/snowflake5.png HTTP/1.1" 200 2857 "http://whereshouldiski.com/" "Mozilla/5.0 (Windows NT 6.1; WOW64) AppleWebKit/537.36 (KHTML, like Gecko) Chrome/36.0.1985.143 Safari/537.36"
187.115.234.83 - - [14/Oct/2015:17:39:54 -0700] "GET /images/star5.png HTTP/1.1" 200 1783 "http://whereshouldiski.com/" "Mozilla/5.0 (Windows NT 6.1; WOW64) AppleWebKit/537.36 (KHTML, like Gecko) Chrome/36.0.1985.143 Safari/537.36"
187.115.234.83 - - [14/Oct/2015:17:39:55 -0700] "GET /images/bluebird5.png HTTP/1.1" 200 2177 "http://whereshouldiski.com/" "Mozilla/5.0 (Windows NT 6.1; WOW64) AppleWebKit/537.36 (KHTML, like Gecko) Chrome/36.0.1985.143 Safari/537.36"
187.115.234.83 - - [14/Oct/2015:17:39:55 -0700] "GET /images/mtns-icon.png HTTP/1.1" 200 1096 "http://whereshouldiski.com/" "Mozilla/5.0 (Windows NT 6.1; WOW64) AppleWebKit/537.36 (KHTML, like Gecko) Chrome/36.0.1985.143 Safari/537.36"
187.115.234.83 - - [14/Oct/2015:17:39:55 -0700] "GET /images/shading-icon.png HTTP/1.1" 200 536 "http://whereshouldiski.com/" "Mozilla/5.0 (Windows NT 6.1; WOW64) AppleWebKit/537.36 (KHTML, like Gecko) Chrome/36.0.1985.143 Safari/537.36"
187.115.234.83 - - [14/Oct/2015:17:40:16 -0700] "-" 408 0 "-" "-"
187.115.234.83 - - [14/Oct/2015:17:40:16 -0700] "-" 408 0 "-" "-"
187.115.234.83 - - [14/Oct/2015:17:40:16 -0700] "-" 408 0 "-" "-"
127.0.0.1 - - [14/Oct/2015:17:40:17 -0700] "OPTIONS * HTTP/1.0" 200 126 "-" "Apache/2.2.22 (Ubuntu) (internal dummy connection)"
220.181.108.81 - - [14/Oct/2015:17:43:30 -0700] "GET / HTTP/1.1" 200 2339 "-" "Mozilla/5.0 (Windows NT 5.1; rv:6.0.2) Gecko/20100101 Firefox/6.0.2"
220.181.108.87 - - [14/Oct/2015:17:43:30 -0700] "GET / HTTP/1.1" 200 6114 "-" "Mozilla/5.0 (Windows NT 5.1; rv:6.0.2) Gecko/20100101 Firefox/6.0.2"
170.75.162.130 - - [14/Oct/2015:17:47:15 -0700] "GET /lib/reccapi.php?resort=redmountain HTTP/1.1" 200 900 "-" "node-superagent/0.18.2"
72.230.163.192 - - [14/Oct/2015:17:49:49 -0700] "GET /images/wsis-logo-sm.png HTTP/1.1" 200 6108 "http://www.thebackcountry.net/" "Mozilla/5.0 (Windows NT 6.1; WOW64) AppleWebKit/537.36 (KHTML, like Gecko) Chrome/45.0.2454.101 Safari/537.36"
208.115.113.83 - - [14/Oct/2015:17:58:02 -0700] "GET /robots.txt HTTP/1.1" 200 319 "-" "Mozilla/5.0 (compatible; DotBot/1.1; http://www.opensiteexplorer.org/dotbot, help@moz.com)"
75.111.98.80 - - [14/Oct/2015:17:58:32 -0700] "GET /images/wsis-logo-sm.png HTTP/1.1" 200 6108 "http://www.thebackcountry.net/" "Mozilla/5.0 (iPhone; CPU iPhone OS 9_0_2 like Mac OS X) AppleWebKit/600.1.4 (KHTML, like Gecko) GSA/9.0.60246 Mobile/13A452 Safari/600.1.4"
170.75.162.130 - - [14/Oct/2015:18:05:37 -0700] "GET /lib/reccapi.php?resort=sunvalley HTTP/1.1" 200 981 "-" "node-superagent/0.18.2"
72.47.126.106 - - [14/Oct/2015:18:19:03 -0700] "GET /images/wsis-logo-sm.png HTTP/1.1" 200 6108 "http://thebackcountry.net/" "Mozilla/5.0 (X11; Linux x86_64) AppleWebKit/537.36 (KHTML, like Gecko) Chrome/45.0.2454.101 Safari/537.36"
170.75.162.130 - - [14/Oct/2015:18:19:39 -0700] "GET /lib/reccapi.php?resort=killington HTTP/1.1" 200 1039 "-" "node-superagent/0.18.2"
216.158.230.122 - - [14/Oct/2015:18:25:00 -0700] "GET / HTTP/1.1" 200 2376 "https://www.google.com/" "Mozilla/5.0 (Macintosh; Intel Mac OS X 10_11_0) AppleWebKit/537.36 (KHTML, like Gecko) Chrome/45.0.2454.101 Safari/537.36"
216.158.230.122 - - [14/Oct/2015:18:25:00 -0700] "GET / HTTP/1.1" 200 2376 "https://www.google.com/" "Mozilla/5.0 (Macintosh; Intel Mac OS X 10_11_0) AppleWebKit/537.36 (KHTML, like Gecko) Chrome/45.0.2454.101 Safari/537.36"
216.158.230.122 - - [14/Oct/2015:18:25:00 -0700] "GET /styles/0fffd548.main.css HTTP/1.1" 200 19316 "http://whereshouldiski.com/" "Mozilla/5.0 (Macintosh; Intel Mac OS X 10_11_0) AppleWebKit/537.36 (KHTML, like Gecko) Chrome/45.0.2454.101 Safari/537.36"
216.158.230.122 - - [14/Oct/2015:18:25:00 -0700] "GET /bower_components/requirejs/require.js HTTP/1.1" 200 6702 "http://whereshouldiski.com/" "Mozilla/5.0 (Macintosh; Intel Mac OS X 10_11_0) AppleWebKit/537.36 (KHTML, like Gecko) Chrome/45.0.2454.101 Safari/537.36"
216.158.230.122 - - [14/Oct/2015:18:25:00 -0700] "GET /scripts/scripts/vendor/modernizr.js HTTP/1.1" 200 4903 "http://whereshouldiski.com/" "Mozilla/5.0 (Macintosh; Intel Mac OS X 10_11_0) AppleWebKit/537.36 (KHTML, like Gecko) Chrome/45.0.2454.101 Safari/537.36"
216.158.230.122 - - [14/Oct/2015:18:25:00 -0700] "GET /images/logo-sm.png HTTP/1.1" 200 16738 "http://whereshouldiski.com/" "Mozilla/5.0 (Macintosh; Intel Mac OS X 10_11_0) AppleWebKit/537.36 (KHTML, like Gecko) Chrome/45.0.2454.101 Safari/537.36"
216.158.230.122 - - [14/Oct/2015:18:25:01 -0700] "GET /images/loading.gif HTTP/1.1" 200 13881 "http://whereshouldiski.com/" "Mozilla/5.0 (Macintosh; Intel Mac OS X 10_11_0) AppleWebKit/537.36 (KHTML, like Gecko) Chrome/45.0.2454.101 Safari/537.36"
216.158.230.122 - - [14/Oct/2015:18:25:01 -0700] "GET /scripts/fa48e319.main.js HTTP/1.1" 200 123455 "http://whereshouldiski.com/" "Mozilla/5.0 (Macintosh; Intel Mac OS X 10_11_0) AppleWebKit/537.36 (KHTML, like Gecko) Chrome/45.0.2454.101 Safari/537.36"
216.158.230.122 - - [14/Oct/2015:18:25:02 -0700] "GET /images/button.png HTTP/1.1" 200 598 "http://whereshouldiski.com/styles/0fffd548.main.css" "Mozilla/5.0 (Macintosh; Intel Mac OS X 10_11_0) AppleWebKit/537.36 (KHTML, like Gecko) Chrome/45.0.2454.101 Safari/537.36"
216.158.230.122 - - [14/Oct/2015:18:25:02 -0700] "GET /images/greyHeader.png HTTP/1.1" 200 508 "http://whereshouldiski.com/styles/0fffd548.main.css" "Mozilla/5.0 (Macintosh; Intel Mac OS X 10_11_0) AppleWebKit/537.36 (KHTML, like Gecko) Chrome/45.0.2454.101 Safari/537.36"
216.158.230.122 - - [14/Oct/2015:18:25:02 -0700] "GET /lib/reccapi.php?fields=t HTTP/1.1" 200 1837 "http://whereshouldiski.com/" "Mozilla/5.0 (Macintosh; Intel Mac OS X 10_11_0) AppleWebKit/537.36 (KHTML, like Gecko) Chrome/45.0.2454.101 Safari/537.36"
216.158.230.122 - - [14/Oct/2015:18:25:02 -0700] "GET /images/snowflake5.png HTTP/1.1" 200 2857 "http://whereshouldiski.com/styles/0fffd548.main.css" "Mozilla/5.0 (Macintosh; Intel Mac OS X 10_11_0) AppleWebKit/537.36 (KHTML, like Gecko) Chrome/45.0.2454.101 Safari/537.36"
216.158.230.122 - - [14/Oct/2015:18:25:02 -0700] "GET /images/star5.png HTTP/1.1" 200 1783 "http://whereshouldiski.com/styles/0fffd548.main.css" "Mozilla/5.0 (Macintosh; Intel Mac OS X 10_11_0) AppleWebKit/537.36 (KHTML, like Gecko) Chrome/45.0.2454.101 Safari/537.36"
216.158.230.122 - - [14/Oct/2015:18:25:02 -0700] "GET /images/bluebird5.png HTTP/1.1" 200 2177 "http://whereshouldiski.com/styles/0fffd548.main.css" "Mozilla/5.0 (Macintosh; Intel Mac OS X 10_11_0) AppleWebKit/537.36 (KHTML, like Gecko) Chrome/45.0.2454.101 Safari/537.36"
216.158.230.122 - - [14/Oct/2015:18:25:02 -0700] "GET /images/mtns-icon.png HTTP/1.1" 200 1096 "http://whereshouldiski.com/styles/0fffd548.main.css" "Mozilla/5.0 (Macintosh; Intel Mac OS X 10_11_0) AppleWebKit/537.36 (KHTML, like Gecko) Chrome/45.0.2454.101 Safari/537.36"
216.158.230.122 - - [14/Oct/2015:18:25:02 -0700] "GET /images/shading-icon.png HTTP/1.1" 200 536 "http://whereshouldiski.com/styles/0fffd548.main.css" "Mozilla/5.0 (Macintosh; Intel Mac OS X 10_11_0) AppleWebKit/537.36 (KHTML, like Gecko) Chrome/45.0.2454.101 Safari/537.36"
216.158.230.122 - - [14/Oct/2015:18:25:02 -0700] "GET /favicon.ico HTTP/1.1" 200 1475 "http://whereshouldiski.com/" "Mozilla/5.0 (Macintosh; Intel Mac OS X 10_11_0) AppleWebKit/537.36 (KHTML, like Gecko) Chrome/45.0.2454.101 Safari/537.36"
216.158.230.122 - - [14/Oct/2015:18:25:12 -0700] "GET /lib/reccapi.php?fields=t&coords=40.6082706,-73.74811389999999 HTTP/1.1" 200 2003 "http://whereshouldiski.com/" "Mozilla/5.0 (Macintosh; Intel Mac OS X 10_11_0) AppleWebKit/537.36 (KHTML, like Gecko) Chrome/45.0.2454.101 Safari/537.36"
216.158.230.122 - - [14/Oct/2015:18:25:45 -0700] "GET /lib/reccapi.php?fields=t&coords=40.6082706,-73.74811389999999 HTTP/1.1" 200 2003 "http://whereshouldiski.com/" "Mozilla/5.0 (Macintosh; Intel Mac OS X 10_11_0) AppleWebKit/537.36 (KHTML, like Gecko) Chrome/45.0.2454.101 Safari/537.36"
123.125.71.112 - - [14/Oct/2015:18:39:39 -0700] "GET / HTTP/1.1" 200 2339 "-" "Mozilla/5.0 (Windows NT 5.1; rv:6.0.2) Gecko/20100101 Firefox/6.0.2"
123.125.71.74 - - [14/Oct/2015:18:39:40 -0700] "GET / HTTP/1.1" 200 6114 "-" "Mozilla/5.0 (Windows NT 5.1; rv:6.0.2) Gecko/20100101 Firefox/6.0.2"
208.115.113.83 - - [14/Oct/2015:18:39:48 -0700] "GET /resorts?resort=stevenspass&date=2014-11-08 HTTP/1.1" 404 476 "-" "Mozilla/5.0 (compatible; DotBot/1.1; http://www.opensiteexplorer.org/dotbot, help@moz.com)"
208.115.113.83 - - [14/Oct/2015:18:40:47 -0700] "GET /resorts?resort=squawvalleyusa&date=2014-06-20 HTTP/1.1" 404 476 "-" "Mozilla/5.0 (compatible; DotBot/1.1; http://www.opensiteexplorer.org/dotbot, help@moz.com)"
208.115.113.83 - - [14/Oct/2015:18:42:24 -0700] "GET /resorts?resort=diamondpeak&date=2014-10-11 HTTP/1.1" 404 476 "-" "Mozilla/5.0 (compatible; DotBot/1.1; http://www.opensiteexplorer.org/dotbot, help@moz.com)"
208.115.113.83 - - [14/Oct/2015:18:43:38 -0700] "GET /resorts?resort=stowe&date=2014-11-15 HTTP/1.1" 404 476 "-" "Mozilla/5.0 (compatible; DotBot/1.1; http://www.opensiteexplorer.org/dotbot, help@moz.com)"
54.157.128.128 - - [14/Oct/2015:18:44:04 -0700] "GET /robots.txt HTTP/1.1" 200 419 "-" "Mozilla/5.0 (Windows NT 6.3; WOW64; rv:36.0) Gecko/20100101 Firefox/36.0 (NetShelter ContentScan, contact abuse@inpwrd.com for information)"
54.157.128.128 - - [14/Oct/2015:18:44:05 -0700] "GET / HTTP/1.1" 200 2376 "-" "Mozilla/5.0 (Windows NT 6.3; WOW64; rv:36.0) Gecko/20100101 Firefox/36.0 (NetShelter ContentScan, contact abuse@inpwrd.com for information)"
54.157.128.128 - - [14/Oct/2015:18:44:05 -0700] "GET / HTTP/1.1" 200 2376 "-" "Mozilla/5.0 (Windows NT 6.3; WOW64; rv:36.0) Gecko/20100101 Firefox/36.0 (NetShelter ContentScan, contact abuse@inpwrd.com for information)"
54.157.128.128 - - [14/Oct/2015:18:44:05 -0700] "GET /index.xml HTTP/1.1" 404 506 "-" "Mozilla/5.0 (Windows NT 6.3; WOW64) AppleWebKit/537.36 (KHTML, like Gecko) Chrome/40.0.2214.115 Safari/537.36"
54.157.128.128 - - [14/Oct/2015:18:44:05 -0700] "GET /index.rdf HTTP/1.1" 404 506 "-" "Mozilla/5.0 (Windows NT 6.3; WOW64) AppleWebKit/537.36 (KHTML, like Gecko) Chrome/40.0.2214.115 Safari/537.36"
54.157.128.128 - - [14/Oct/2015:18:44:05 -0700] "GET /atom.xml HTTP/1.1" 404 505 "-" "Mozilla/5.0 (Windows NT 6.3; WOW64) AppleWebKit/537.36 (KHTML, like Gecko) Chrome/40.0.2214.115 Safari/537.36"
54.157.128.128 - - [14/Oct/2015:18:44:05 -0700] "GET /feed HTTP/1.1" 404 506 "-" "Mozilla/5.0 (Windows NT 6.3; WOW64) AppleWebKit/537.36 (KHTML, like Gecko) Chrome/40.0.2214.115 Safari/537.36"
54.157.128.128 - - [14/Oct/2015:18:44:06 -0700] "GET /blog/feed HTTP/1.1" 404 506 "-" "Mozilla/5.0 (Windows NT 6.3; WOW64) AppleWebKit/537.36 (KHTML, like Gecko) Chrome/40.0.2214.115 Safari/537.36"
54.157.128.128 - - [14/Oct/2015:18:44:06 -0700] "GET /feeds/posts/default HTTP/1.1" 404 506 "-" "Mozilla/5.0 (Windows NT 6.3; WOW64) AppleWebKit/537.36 (KHTML, like Gecko) Chrome/40.0.2214.115 Safari/537.36"
54.157.128.128 - - [14/Oct/2015:18:44:06 -0700] "GET /?feed=rss2 HTTP/1.1" 200 2376 "-" "Mozilla/5.0 (Windows NT 6.3; WOW64) AppleWebKit/537.36 (KHTML, like Gecko) Chrome/40.0.2214.115 Safari/537.36"
54.157.128.128 - - [14/Oct/2015:18:44:06 -0700] "GET /rss?format=feed HTTP/1.1" 404 506 "-" "Mozilla/5.0 (Windows NT 6.3; WOW64) AppleWebKit/537.36 (KHTML, like Gecko) Chrome/40.0.2214.115 Safari/537.36"
54.157.128.128 - - [14/Oct/2015:18:44:06 -0700] "GET /index.php?format=feed&type=rss HTTP/1.1" 404 506 "-" "Mozilla/5.0 (Windows NT 6.3; WOW64) AppleWebKit/537.36 (KHTML, like Gecko) Chrome/40.0.2214.115 Safari/537.36"
54.157.128.128 - - [14/Oct/2015:18:44:06 -0700] "GET /rss HTTP/1.1" 404 506 "-" "Mozilla/5.0 (Windows NT 6.3; WOW64) AppleWebKit/537.36 (KHTML, like Gecko) Chrome/40.0.2214.115 Safari/537.36"
54.157.128.128 - - [14/Oct/2015:18:44:06 -0700] "GET /rss.xml HTTP/1.1" 404 505 "-" "Mozilla/5.0 (Windows NT 6.3; WOW64) AppleWebKit/537.36 (KHTML, like Gecko) Chrome/40.0.2214.115 Safari/537.36"
54.157.128.128 - - [14/Oct/2015:18:44:07 -0700] "GET /data/rss HTTP/1.1" 404 506 "-" "Mozilla/5.0 (Windows NT 6.3; WOW64) AppleWebKit/537.36 (KHTML, like Gecko) Chrome/40.0.2214.115 Safari/537.36"
54.157.128.128 - - [14/Oct/2015:18:44:07 -0700] "GET /data/atom HTTP/1.1" 404 506 "-" "Mozilla/5.0 (Windows NT 6.3; WOW64) AppleWebKit/537.36 (KHTML, like Gecko) Chrome/40.0.2214.115 Safari/537.36"
54.157.128.128 - - [14/Oct/2015:18:44:07 -0700] "GET /index.php/feed/ HTTP/1.1" 404 510 "-" "Mozilla/5.0 (Windows NT 6.3; WOW64) AppleWebKit/537.36 (KHTML, like Gecko) Chrome/40.0.2214.115 Safari/537.36"
54.157.128.128 - - [14/Oct/2015:18:44:07 -0700] "GET / HTTP/1.1" 200 2376 "-" "Mozilla/5.0 (Windows NT 6.3; WOW64) AppleWebKit/537.36 (KHTML, like Gecko) Chrome/40.0.2214.115 Safari/537.36"
54.157.128.128 - - [14/Oct/2015:18:44:07 -0700] "GET / HTTP/1.1" 200 2376 "-" "Mozilla/5.0 (Windows NT 6.3; WOW64) AppleWebKit/537.36 (KHTML, like Gecko) Chrome/40.0.2214.115 Safari/537.36"
54.157.128.128 - - [14/Oct/2015:18:44:07 -0700] "GET / HTTP/1.1" 200 2376 "-" "Mozilla/5.0 (Windows NT 6.3; WOW64) AppleWebKit/537.36 (KHTML, like Gecko) Chrome/40.0.2214.115 Safari/537.36"
54.157.128.128 - - [14/Oct/2015:18:44:08 -0700] "GET / HTTP/1.1" 200 2376 "-" "Mozilla/5.0 (Windows NT 6.3; WOW64) AppleWebKit/537.36 (KHTML, like Gecko) Chrome/40.0.2214.115 Safari/537.36"
220.181.108.85 - - [14/Oct/2015:18:44:46 -0700] "GET / HTTP/1.1" 200 2339 "-" "Mozilla/5.0 (Windows NT 5.1; rv:6.0.2) Gecko/20100101 Firefox/6.0.2"
220.181.108.108 - - [14/Oct/2015:18:44:46 -0700] "GET / HTTP/1.1" 200 6114 "-" "Mozilla/5.0 (Windows NT 5.1; rv:6.0.2) Gecko/20100101 Firefox/6.0.2"
208.115.113.83 - - [14/Oct/2015:18:45:08 -0700] "GET /resorts?resort=timberline&date=2014-06-10 HTTP/1.1" 404 476 "-" "Mozilla/5.0 (compatible; DotBot/1.1; http://www.opensiteexplorer.org/dotbot, help@moz.com)"
99.116.45.182 - - [14/Oct/2015:18:47:24 -0700] "GET /images/wsis-logo-sm.png HTTP/1.1" 200 6108 "http://www.thebackcountry.net/" "Mozilla/5.0 (Windows NT 6.0) AppleWebKit/537.36 (KHTML, like Gecko) Chrome/45.0.2454.101 Safari/537.36"
180.76.15.20 - - [14/Oct/2015:18:52:15 -0700] "GET / HTTP/1.1" 200 6114 "-" "Mozilla/5.0 (compatible; Baiduspider/2.0; +http://www.baidu.com/search/spider.html)"
180.76.15.154 - - [14/Oct/2015:18:53:26 -0700] "GET / HTTP/1.1" 200 6114 "-" "Mozilla/5.0 (compatible; Baiduspider/2.0; +http://www.baidu.com/search/spider.html)"
185.49.14.190 - - [14/Oct/2015:18:55:48 -0700] "GET http://testp4.pospr.waw.pl/testproxy.php HTTP/1.1" 404 448 "-" "Mozilla/5.0 (Windows NT 5.1; rv:32.0) Gecko/20100101 Firefox/31.0"
208.115.111.66 - - [14/Oct/2015:18:56:20 -0700] "GET /robots.txt HTTP/1.1" 200 319 "-" "Mozilla/5.0 (compatible; DotBot/1.1; http://www.opensiteexplorer.org/dotbot, help@moz.com)"
75.111.97.123 - - [14/Oct/2015:18:57:47 -0700] "GET /images/wsis-logo-sm.png HTTP/1.1" 200 6108 "http://www.thebackcountry.net/" "Mozilla/5.0 (iPhone; CPU iPhone OS 8_4_1 like Mac OS X) AppleWebKit/600.1.4 (KHTML, like Gecko) Version/8.0 Mobile/12H321 Safari/600.1.4"
220.181.108.180 - - [14/Oct/2015:19:09:10 -0700] "GET /images/logo-sm.png HTTP/1.1" 200 16701 "http://image.baidu.com/i?ct=503316480&z=0&tn=baiduimagedetail" "Baiduspider-image+(+http://www.baidu.com/search/spider.htm)"
123.125.71.47 - - [14/Oct/2015:19:19:08 -0700] "GET /images/logo-sm.png HTTP/1.1" 200 16701 "http://image.baidu.com/i?ct=503316480&z=0&tn=baiduimagedetail" "Baiduspider-image+(+http://www.baidu.com/search/spider.htm)"
207.192.250.24 - - [14/Oct/2015:19:20:06 -0700] "GET /images/wsis-logo-sm.png HTTP/1.1" 200 6108 "http://www.thebackcountry.net/" "Mozilla/5.0 (iPhone; CPU iPhone OS 9_0_1 like Mac OS X) AppleWebKit/601.1.46 (KHTML, like Gecko) Version/9.0 Mobile/13A404 Safari/601.1"
170.75.162.130 - - [14/Oct/2015:19:22:43 -0700] "GET /lib/reccapi.php?resort=grandtarghee HTTP/1.1" 200 968 "-" "node-superagent/0.18.2"
208.115.111.66 - - [14/Oct/2015:19:26:46 -0700] "GET /resorts?resort=whistlerblackcomb&date=2014-10-24 HTTP/1.1" 404 476 "-" "Mozilla/5.0 (compatible; DotBot/1.1; http://www.opensiteexplorer.org/dotbot, help@moz.com)"
208.115.111.66 - - [14/Oct/2015:19:27:22 -0700] "GET /resorts?resort=wildcatmountain&date=2014-06-26 HTTP/1.1" 404 476 "-" "Mozilla/5.0 (compatible; DotBot/1.1; http://www.opensiteexplorer.org/dotbot, help@moz.com)"
208.115.111.66 - - [14/Oct/2015:19:27:26 -0700] "GET /resorts?resort=killington&date=2014-11-04 HTTP/1.1" 404 476 "-" "Mozilla/5.0 (compatible; DotBot/1.1; http://www.opensiteexplorer.org/dotbot, help@moz.com)"
208.115.111.66 - - [14/Oct/2015:19:27:35 -0700] "GET /resorts?resort=kirkwood&date=2014-10-04 HTTP/1.1" 404 476 "-" "Mozilla/5.0 (compatible; DotBot/1.1; http://www.opensiteexplorer.org/dotbot, help@moz.com)"
123.125.71.76 - - [14/Oct/2015:19:38:57 -0700] "GET / HTTP/1.1" 200 2339 "-" "Mozilla/5.0 (Windows NT 5.1; rv:6.0.2) Gecko/20100101 Firefox/6.0.2"
123.125.71.108 - - [14/Oct/2015:19:38:57 -0700] "GET / HTTP/1.1" 200 6114 "-" "Mozilla/5.0 (Windows NT 5.1; rv:6.0.2) Gecko/20100101 Firefox/6.0.2"
180.76.15.140 - - [14/Oct/2015:19:46:17 -0700] "GET / HTTP/1.1" 200 6114 "-" "Mozilla/5.0 (compatible; Baiduspider/2.0; +http://www.baidu.com/search/spider.html)"
180.76.15.12 - - [14/Oct/2015:19:47:10 -0700] "GET / HTTP/1.1" 200 6114 "-" "Mozilla/5.0 (compatible; Baiduspider/2.0; +http://www.baidu.com/search/spider.html)"
66.249.79.18 - - [14/Oct/2015:19:48:20 -0700] "GET / HTTP/1.1" 200 2376 "-" "Mozilla/5.0 (iPhone; CPU iPhone OS 8_3 like Mac OS X) AppleWebKit/600.1.4 (KHTML, like Gecko) Version/8.0 Mobile/12F70 Safari/600.1.4 (compatible; Googlebot/2.1; +http://www.google.com/bot.html)"
66.249.79.220 - - [14/Oct/2015:19:49:23 -0700] "GET /resorts?resort=parkcity&date=2013-12-10 HTTP/1.1" 404 506 "-" "Mozilla/5.0 (iPhone; CPU iPhone OS 8_3 like Mac OS X) AppleWebKit/600.1.4 (KHTML, like Gecko) Version/8.0 Mobile/12F70 Safari/600.1.4 (compatible; Googlebot/2.1; +http://www.google.com/bot.html)"
173.208.177.130 - - [14/Oct/2015:19:53:25 -0700] "GET /robots.txt HTTP/1.0" 200 338 "-" "Mozilla/5.0 (compatible; MJ12bot/v1.4.5; http://www.majestic12.co.uk/bot.php?+)"
173.208.177.130 - - [14/Oct/2015:19:53:27 -0700] "GET /resorts?resort=sugarbowl HTTP/1.0" 404 495 "-" "Mozilla/5.0 (compatible; MJ12bot/v1.4.5; http://www.majestic12.co.uk/bot.php?+)"
173.208.177.130 - - [14/Oct/2015:19:53:29 -0700] "GET /resorts?resort=sugarbush HTTP/1.0" 404 469 "-" "Mozilla/5.0 (compatible; MJ12bot/v1.4.5; http://www.majestic12.co.uk/bot.php?+)"
180.76.15.23 - - [14/Oct/2015:19:55:36 -0700] "GET /resorts?resort=soldiermountain&date=2014-04-08 HTTP/1.1" 404 472 "-" "Mozilla/5.0 (compatible; Baiduspider/2.0; +http://www.baidu.com/search/spider.html)"
208.115.113.83 - - [14/Oct/2015:19:58:05 -0700] "GET /robots.txt HTTP/1.1" 200 319 "-" "Mozilla/5.0 (compatible; DotBot/1.1; http://www.opensiteexplorer.org/dotbot, help@moz.com)"
66.249.79.227 - - [14/Oct/2015:20:08:26 -0700] "GET / HTTP/1.1" 200 2376 "-" "Mozilla/5.0 (iPhone; CPU iPhone OS 8_3 like Mac OS X) AppleWebKit/600.1.4 (KHTML, like Gecko) Version/8.0 Mobile/12F70 Safari/600.1.4 (compatible; Googlebot/2.1; +http://www.google.com/bot.html)"
54.82.50.207 - - [14/Oct/2015:20:10:13 -0700] "GET /robots.txt HTTP/1.1" 200 419 "-" "Mozilla/5.0 (Windows NT 6.3; WOW64; rv:36.0) Gecko/20100101 Firefox/36.0 (NetShelter ContentScan, contact abuse@inpwrd.com for information)"
54.82.50.207 - - [14/Oct/2015:20:10:13 -0700] "GET / HTTP/1.1" 200 2376 "-" "Mozilla/5.0 (Windows NT 6.3; WOW64; rv:36.0) Gecko/20100101 Firefox/36.0 (NetShelter ContentScan, contact abuse@inpwrd.com for information)"
54.82.50.207 - - [14/Oct/2015:20:10:14 -0700] "GET / HTTP/1.1" 200 2376 "-" "Mozilla/5.0 (Windows NT 6.3; WOW64; rv:36.0) Gecko/20100101 Firefox/36.0 (NetShelter ContentScan, contact abuse@inpwrd.com for information)"
54.82.50.207 - - [14/Oct/2015:20:10:14 -0700] "GET /index.xml HTTP/1.1" 404 506 "-" "Mozilla/5.0 (Windows NT 6.3; WOW64) AppleWebKit/537.36 (KHTML, like Gecko) Chrome/40.0.2214.115 Safari/537.36"
54.82.50.207 - - [14/Oct/2015:20:10:14 -0700] "GET /index.rdf HTTP/1.1" 404 506 "-" "Mozilla/5.0 (Windows NT 6.3; WOW64) AppleWebKit/537.36 (KHTML, like Gecko) Chrome/40.0.2214.115 Safari/537.36"
54.82.50.207 - - [14/Oct/2015:20:10:14 -0700] "GET /atom.xml HTTP/1.1" 404 505 "-" "Mozilla/5.0 (Windows NT 6.3; WOW64) AppleWebKit/537.36 (KHTML, like Gecko) Chrome/40.0.2214.115 Safari/537.36"
54.82.50.207 - - [14/Oct/2015:20:10:14 -0700] "GET /feed HTTP/1.1" 404 506 "-" "Mozilla/5.0 (Windows NT 6.3; WOW64) AppleWebKit/537.36 (KHTML, like Gecko) Chrome/40.0.2214.115 Safari/537.36"
54.82.50.207 - - [14/Oct/2015:20:10:14 -0700] "GET /blog/feed HTTP/1.1" 404 506 "-" "Mozilla/5.0 (Windows NT 6.3; WOW64) AppleWebKit/537.36 (KHTML, like Gecko) Chrome/40.0.2214.115 Safari/537.36"
54.82.50.207 - - [14/Oct/2015:20:10:15 -0700] "GET /feeds/posts/default HTTP/1.1" 404 506 "-" "Mozilla/5.0 (Windows NT 6.3; WOW64) AppleWebKit/537.36 (KHTML, like Gecko) Chrome/40.0.2214.115 Safari/537.36"
54.82.50.207 - - [14/Oct/2015:20:10:15 -0700] "GET /?feed=rss2 HTTP/1.1" 200 2376 "-" "Mozilla/5.0 (Windows NT 6.3; WOW64) AppleWebKit/537.36 (KHTML, like Gecko) Chrome/40.0.2214.115 Safari/537.36"
54.82.50.207 - - [14/Oct/2015:20:10:15 -0700] "GET /rss?format=feed HTTP/1.1" 404 506 "-" "Mozilla/5.0 (Windows NT 6.3; WOW64) AppleWebKit/537.36 (KHTML, like Gecko) Chrome/40.0.2214.115 Safari/537.36"
54.82.50.207 - - [14/Oct/2015:20:10:15 -0700] "GET /index.php?format=feed&type=rss HTTP/1.1" 404 506 "-" "Mozilla/5.0 (Windows NT 6.3; WOW64) AppleWebKit/537.36 (KHTML, like Gecko) Chrome/40.0.2214.115 Safari/537.36"
54.82.50.207 - - [14/Oct/2015:20:10:15 -0700] "GET /rss HTTP/1.1" 404 506 "-" "Mozilla/5.0 (Windows NT 6.3; WOW64) AppleWebKit/537.36 (KHTML, like Gecko) Chrome/40.0.2214.115 Safari/537.36"
54.82.50.207 - - [14/Oct/2015:20:10:15 -0700] "GET /rss.xml HTTP/1.1" 404 505 "-" "Mozilla/5.0 (Windows NT 6.3; WOW64) AppleWebKit/537.36 (KHTML, like Gecko) Chrome/40.0.2214.115 Safari/537.36"
54.82.50.207 - - [14/Oct/2015:20:10:16 -0700] "GET /data/rss HTTP/1.1" 404 506 "-" "Mozilla/5.0 (Windows NT 6.3; WOW64) AppleWebKit/537.36 (KHTML, like Gecko) Chrome/40.0.2214.115 Safari/537.36"
54.82.50.207 - - [14/Oct/2015:20:10:16 -0700] "GET /data/atom HTTP/1.1" 404 506 "-" "Mozilla/5.0 (Windows NT 6.3; WOW64) AppleWebKit/537.36 (KHTML, like Gecko) Chrome/40.0.2214.115 Safari/537.36"
54.82.50.207 - - [14/Oct/2015:20:10:16 -0700] "GET /index.php/feed/ HTTP/1.1" 404 510 "-" "Mozilla/5.0 (Windows NT 6.3; WOW64) AppleWebKit/537.36 (KHTML, like Gecko) Chrome/40.0.2214.115 Safari/537.36"
54.82.50.207 - - [14/Oct/2015:20:10:16 -0700] "GET / HTTP/1.1" 200 2376 "-" "Mozilla/5.0 (Windows NT 6.3; WOW64) AppleWebKit/537.36 (KHTML, like Gecko) Chrome/40.0.2214.115 Safari/537.36"
54.82.50.207 - - [14/Oct/2015:20:10:16 -0700] "GET / HTTP/1.1" 200 2376 "-" "Mozilla/5.0 (Windows NT 6.3; WOW64) AppleWebKit/537.36 (KHTML, like Gecko) Chrome/40.0.2214.115 Safari/537.36"
54.82.50.207 - - [14/Oct/2015:20:10:16 -0700] "GET / HTTP/1.1" 200 2376 "-" "Mozilla/5.0 (Windows NT 6.3; WOW64) AppleWebKit/537.36 (KHTML, like Gecko) Chrome/40.0.2214.115 Safari/537.36"
54.82.50.207 - - [14/Oct/2015:20:10:17 -0700] "GET / HTTP/1.1" 200 2376 "-" "Mozilla/5.0 (Windows NT 6.3; WOW64) AppleWebKit/537.36 (KHTML, like Gecko) Chrome/40.0.2214.115 Safari/537.36"
170.75.162.130 - - [14/Oct/2015:20:13:59 -0700] "GET /lib/reccapi.php?resort=crestedbutte HTTP/1.1" 200 969 "-" "node-superagent/0.18.2"
170.75.162.130 - - [14/Oct/2015:20:13:59 -0700] "GET /lib/reccapi.php?resort=aspenheights HTTP/1.1" 200 970 "-" "node-superagent/0.18.2"
170.75.162.130 - - [14/Oct/2015:20:13:59 -0700] "GET /lib/reccapi.php?resort=buttermilk HTTP/1.1" 200 946 "-" "node-superagent/0.18.2"
170.75.162.130 - - [14/Oct/2015:20:13:59 -0700] "GET /lib/reccapi.php?resort=loveland HTTP/1.1" 200 1001 "-" "node-superagent/0.18.2"
170.75.162.130 - - [14/Oct/2015:20:13:59 -0700] "GET /lib/reccapi.php?resort=telluride HTTP/1.1" 200 950 "-" "node-superagent/0.18.2"
170.75.162.130 - - [14/Oct/2015:20:14:59 -0700] "GET /lib/reccapi.php?resort=winterpark HTTP/1.1" 200 1008 "-" "node-superagent/0.18.2"
180.76.15.161 - - [14/Oct/2015:20:15:23 -0700] "GET /styles/0fffd548.main.css HTTP/1.1" 200 19280 "-" "Mozilla/5.0 (compatible; Baiduspider/2.0; +http://www.baidu.com/search/spider.html)"
170.75.162.130 - - [14/Oct/2015:20:19:09 -0700] "GET /lib/reccapi.php?resort=mtrose HTTP/1.1" 200 939 "-" "node-superagent/0.18.2"
170.75.162.130 - - [14/Oct/2015:20:20:10 -0700] "GET /lib/reccapi.php?resort=angelfire HTTP/1.1" 200 986 "-" "node-superagent/0.18.2"
170.75.162.130 - - [14/Oct/2015:20:23:50 -0700] "GET /lib/reccapi.php?resort=redlodge HTTP/1.1" 200 1015 "-" "node-superagent/0.18.2"
170.75.162.130 - - [14/Oct/2015:20:23:50 -0700] "GET /lib/reccapi.php?resort=silverstarmountain HTTP/1.1" 200 927 "-" "node-superagent/0.18.2"
170.75.162.130 - - [14/Oct/2015:20:33:51 -0700] "GET /lib/reccapi.php?resort=diamondpeak HTTP/1.1" 200 936 "-" "node-superagent/0.18.2"
208.115.113.83 - - [14/Oct/2015:20:34:21 -0700] "GET /resorts?resort=madriverglen&date=2014-06-13 HTTP/1.1" 404 476 "-" "Mozilla/5.0 (compatible; DotBot/1.1; http://www.opensiteexplorer.org/dotbot, help@moz.com)"
208.115.113.83 - - [14/Oct/2015:20:36:43 -0700] "GET /resorts?resort=alpinemeadows&date=2014-10-28 HTTP/1.1" 404 476 "-" "Mozilla/5.0 (compatible; DotBot/1.1; http://www.opensiteexplorer.org/dotbot, help@moz.com)"
170.75.162.130 - - [14/Oct/2015:20:38:22 -0700] "GET /lib/reccapi.php?resort=heavenly HTTP/1.1" 200 970 "-" "node-superagent/0.18.2"
208.115.113.83 - - [14/Oct/2015:20:38:25 -0700] "GET /resorts?resort=squawvalleyusa&date=2014-09-28 HTTP/1.1" 404 476 "-" "Mozilla/5.0 (compatible; DotBot/1.1; http://www.opensiteexplorer.org/dotbot, help@moz.com)"
123.125.71.90 - - [14/Oct/2015:20:38:25 -0700] "GET / HTTP/1.1" 200 2339 "-" "Mozilla/5.0 (Windows NT 5.1; rv:6.0.2) Gecko/20100101 Firefox/6.0.2"
123.125.71.117 - - [14/Oct/2015:20:38:26 -0700] "GET / HTTP/1.1" 200 6114 "-" "Mozilla/5.0 (Windows NT 5.1; rv:6.0.2) Gecko/20100101 Firefox/6.0.2"
208.115.113.83 - - [14/Oct/2015:20:39:41 -0700] "GET /resorts?resort=turnermountain&date=2014-06-10 HTTP/1.1" 404 476 "-" "Mozilla/5.0 (compatible; DotBot/1.1; http://www.opensiteexplorer.org/dotbot, help@moz.com)"
208.115.113.83 - - [14/Oct/2015:20:39:46 -0700] "GET /resorts?resort=smugglersnotch&date=2014-06-16 HTTP/1.1" 404 476 "-" "Mozilla/5.0 (compatible; DotBot/1.1; http://www.opensiteexplorer.org/dotbot, help@moz.com)"
208.115.113.83 - - [14/Oct/2015:20:39:49 -0700] "GET /resorts?resort=squawvalleyusa&date=2014-06-11 HTTP/1.1" 404 476 "-" "Mozilla/5.0 (compatible; DotBot/1.1; http://www.opensiteexplorer.org/dotbot, help@moz.com)"
208.115.113.83 - - [14/Oct/2015:20:39:57 -0700] "GET /resorts?resort=alpinemeadows&date=2014-06-07 HTTP/1.1" 404 476 "-" "Mozilla/5.0 (compatible; DotBot/1.1; http://www.opensiteexplorer.org/dotbot, help@moz.com)"
208.115.113.83 - - [14/Oct/2015:20:40:04 -0700] "GET /resorts?resort=jacksonhole&date=2014-06-12 HTTP/1.1" 404 476 "-" "Mozilla/5.0 (compatible; DotBot/1.1; http://www.opensiteexplorer.org/dotbot, help@moz.com)"
208.115.113.83 - - [14/Oct/2015:20:40:06 -0700] "GET /resorts?resort=stowe&date=2014-10-14 HTTP/1.1" 404 476 "-" "Mozilla/5.0 (compatible; DotBot/1.1; http://www.opensiteexplorer.org/dotbot, help@moz.com)"
208.115.113.83 - - [14/Oct/2015:20:40:17 -0700] "GET /resorts?resort=kirkwood&date=2014-06-29 HTTP/1.1" 404 476 "-" "Mozilla/5.0 (compatible; DotBot/1.1; http://www.opensiteexplorer.org/dotbot, help@moz.com)"
180.76.15.149 - - [14/Oct/2015:20:43:14 -0700] "GET / HTTP/1.1" 200 6114 "-" "Mozilla/5.0 (compatible; Baiduspider/2.0; +http://www.baidu.com/search/spider.html)"
220.181.108.99 - - [14/Oct/2015:20:43:14 -0700] "GET / HTTP/1.1" 200 2339 "-" "Mozilla/5.0 (Windows NT 5.1; rv:6.0.2) Gecko/20100101 Firefox/6.0.2"
220.181.108.107 - - [14/Oct/2015:20:43:15 -0700] "GET / HTTP/1.1" 200 6114 "-" "Mozilla/5.0 (Windows NT 5.1; rv:6.0.2) Gecko/20100101 Firefox/6.0.2"
180.76.15.160 - - [14/Oct/2015:20:44:07 -0700] "GET / HTTP/1.1" 200 6114 "-" "Mozilla/5.0 (compatible; Baiduspider/2.0; +http://www.baidu.com/search/spider.html)"
208.115.111.66 - - [14/Oct/2015:20:52:19 -0700] "GET /robots.txt HTTP/1.1" 200 319 "-" "Mozilla/5.0 (compatible; DotBot/1.1; http://www.opensiteexplorer.org/dotbot, help@moz.com)"
141.8.143.217 - - [14/Oct/2015:20:56:49 -0700] "GET /robots.txt HTTP/1.1" 200 375 "-" "Mozilla/5.0 (compatible; YandexBot/3.0; +http://yandex.com/bots)"
100.43.91.17 - - [14/Oct/2015:20:56:49 -0700] "GET /robots.txt HTTP/1.1" 200 375 "-" "Mozilla/5.0 (compatible; YandexBot/3.0; +http://yandex.com/bots)"
141.8.143.217 - - [14/Oct/2015:20:56:52 -0700] "GET / HTTP/1.1" 200 2375 "-" "Mozilla/5.0 (compatible; YandexBot/3.0; +http://yandex.com/bots)"
100.43.91.17 - - [14/Oct/2015:20:56:53 -0700] "GET / HTTP/1.1" 200 2375 "-" "Mozilla/5.0 (compatible; YandexBot/3.0; +http://yandex.com/bots)"
141.8.143.217 - - [14/Oct/2015:20:56:56 -0700] "GET / HTTP/1.1" 200 2375 "-" "Mozilla/5.0 (compatible; YandexBot/3.0; +http://yandex.com/bots)"
100.43.91.17 - - [14/Oct/2015:20:56:57 -0700] "GET / HTTP/1.1" 200 2375 "-" "Mozilla/5.0 (compatible; YandexBot/3.0; +http://yandex.com/bots)"
170.75.162.130 - - [14/Oct/2015:21:00:34 -0700] "GET /lib/reccapi.php?resort=chinapeak HTTP/1.1" 200 1001 "-" "node-superagent/0.18.2"
108.254.146.16 - - [14/Oct/2015:21:01:03 -0700] "GET /images/wsis-logo-sm.png HTTP/1.1" 200 6108 "http://www.thebackcountry.net/" "Mozilla/5.0 (Macintosh; Intel Mac OS X 10_10_4) AppleWebKit/537.36 (KHTML, like Gecko) Chrome/46.0.2490.71 Safari/537.36"
107.143.36.42 - - [14/Oct/2015:21:02:51 -0700] "GET /images/wsis-logo-sm.png HTTP/1.1" 200 6108 "http://www.thebackcountry.net/" "Mozilla/5.0 (Macintosh; Intel Mac OS X 10_9_5) AppleWebKit/537.36 (KHTML, like Gecko) Chrome/44.0.2403.157 Safari/537.36"
170.75.162.130 - - [14/Oct/2015:21:19:57 -0700] "GET /lib/reccapi.php?resort=mountbachelor HTTP/1.1" 200 964 "-" "node-superagent/0.18.2"
208.115.111.66 - - [14/Oct/2015:21:27:06 -0700] "GET /resorts?resort=cannonmountain&date=2014-10-03 HTTP/1.1" 404 476 "-" "Mozilla/5.0 (compatible; DotBot/1.1; http://www.opensiteexplorer.org/dotbot, help@moz.com)"
208.115.111.66 - - [14/Oct/2015:21:27:37 -0700] "GET /resorts?resort=sugarbush&date=2014-07-01 HTTP/1.1" 404 476 "-" "Mozilla/5.0 (compatible; DotBot/1.1; http://www.opensiteexplorer.org/dotbot, help@moz.com)"
208.115.111.66 - - [14/Oct/2015:21:27:43 -0700] "GET /resorts?resort=mountainhigh&date=2014-11-11 HTTP/1.1" 404 476 "-" "Mozilla/5.0 (compatible; DotBot/1.1; http://www.opensiteexplorer.org/dotbot, help@moz.com)"
208.115.111.66 - - [14/Oct/2015:21:27:50 -0700] "GET /resorts?resort=diamondpeak&date=2014-06-28 HTTP/1.1" 404 476 "-" "Mozilla/5.0 (compatible; DotBot/1.1; http://www.opensiteexplorer.org/dotbot, help@moz.com)"
208.115.111.66 - - [14/Oct/2015:21:27:57 -0700] "GET /resorts?resort=alta&date=2014-10-02 HTTP/1.1" 404 476 "-" "Mozilla/5.0 (compatible; DotBot/1.1; http://www.opensiteexplorer.org/dotbot, help@moz.com)"
208.115.111.66 - - [14/Oct/2015:21:28:25 -0700] "GET /resorts?resort=alyeska&date=2014-11-02 HTTP/1.1" 404 476 "-" "Mozilla/5.0 (compatible; DotBot/1.1; http://www.opensiteexplorer.org/dotbot, help@moz.com)"
208.115.111.66 - - [14/Oct/2015:21:28:30 -0700] "GET /resorts?resort=northstar-at-tahoe&date=2014-10-29 HTTP/1.1" 404 476 "-" "Mozilla/5.0 (compatible; DotBot/1.1; http://www.opensiteexplorer.org/dotbot, help@moz.com)"
62.210.172.115 - - [14/Oct/2015:21:30:58 -0700] "GET /robots.txt HTTP/1.0" 200 375 "-" "Mozilla/5.0 (compatible; MJ12bot/v1.4.5; http://www.majestic12.co.uk/bot.php?+)"
62.210.172.115 - - [14/Oct/2015:21:31:02 -0700] "GET /about HTTP/1.1" 404 476 "-" "Mozilla/5.0 (compatible; MJ12bot/v1.4.5; http://www.majestic12.co.uk/bot.php?+)"
62.210.172.115 - - [14/Oct/2015:21:31:03 -0700] "GET /resorts?resort=mountainhigh HTTP/1.1" 404 476 "-" "Mozilla/5.0 (compatible; MJ12bot/v1.4.5; http://www.majestic12.co.uk/bot.php?+)"
62.210.172.115 - - [14/Oct/2015:21:31:05 -0700] "GET /resorts?resort=mountbachelor HTTP/1.1" 404 476 "-" "Mozilla/5.0 (compatible; MJ12bot/v1.4.5; http://www.majestic12.co.uk/bot.php?+)"
62.210.172.115 - - [14/Oct/2015:21:31:06 -0700] "GET /resorts?resort=winterpark HTTP/1.1" 404 476 "-" "Mozilla/5.0 (compatible; MJ12bot/v1.4.5; http://www.majestic12.co.uk/bot.php?+)"
62.210.172.115 - - [14/Oct/2015:21:31:08 -0700] "GET /robots.txt HTTP/1.0" 200 375 "-" "Mozilla/5.0 (compatible; MJ12bot/v1.4.5; http://www.majestic12.co.uk/bot.php?+)"
62.210.172.115 - - [14/Oct/2015:21:31:28 -0700] "GET /about HTTP/1.1" 404 480 "-" "Mozilla/5.0 (compatible; MJ12bot/v1.4.5; http://www.majestic12.co.uk/bot.php?+)"
170.75.162.130 - - [14/Oct/2015:21:32:38 -0700] "GET /lib/reccapi.php?resort=brianhead HTTP/1.1" 200 986 "-" "node-superagent/0.18.2"
170.75.162.130 - - [14/Oct/2015:21:38:49 -0700] "GET /lib/reccapi.php?resort=whitefacemountain HTTP/1.1" 200 1032 "-" "node-superagent/0.18.2"
123.125.71.84 - - [14/Oct/2015:21:39:17 -0700] "GET / HTTP/1.1" 200 2339 "-" "Mozilla/5.0 (Windows NT 5.1; rv:6.0.2) Gecko/20100101 Firefox/6.0.2"
123.125.71.112 - - [14/Oct/2015:21:39:18 -0700] "GET / HTTP/1.1" 200 6114 "-" "Mozilla/5.0 (Windows NT 5.1; rv:6.0.2) Gecko/20100101 Firefox/6.0.2"
220.181.108.83 - - [14/Oct/2015:21:44:37 -0700] "GET / HTTP/1.1" 200 2339 "-" "Mozilla/5.0 (Windows NT 5.1; rv:6.0.2) Gecko/20100101 Firefox/6.0.2"
220.181.108.110 - - [14/Oct/2015:21:44:37 -0700] "GET / HTTP/1.1" 200 6114 "-" "Mozilla/5.0 (Windows NT 5.1; rv:6.0.2) Gecko/20100101 Firefox/6.0.2"
180.76.15.5 - - [14/Oct/2015:21:44:47 -0700] "GET / HTTP/1.1" 200 6114 "-" "Mozilla/5.0 (compatible; Baiduspider/2.0; +http://www.baidu.com/search/spider.html)"
180.76.15.158 - - [14/Oct/2015:21:45:43 -0700] "GET / HTTP/1.1" 200 6114 "-" "Mozilla/5.0 (compatible; Baiduspider/2.0; +http://www.baidu.com/search/spider.html)"
70.211.65.156 - - [14/Oct/2015:21:53:20 -0700] "GET /images/wsis-logo-sm.png HTTP/1.1" 200 6108 "http://www.thebackcountry.net/" "Mozilla/5.0 (iPhone; CPU iPhone OS 8_3 like Mac OS X) AppleWebKit/600.1.4 (KHTML, like Gecko) GSA/9.0.60246 Mobile/12F70 Safari/600.1.4"
117.78.13.18 - - [14/Oct/2015:22:07:02 -0700] "GET /robots.txt HTTP/1.0" 200 382 "-" "nutch-1.4/Nutch-1.4"
117.78.13.18 - - [14/Oct/2015:22:07:03 -0700] "GET / HTTP/1.0" 200 2339 "-" "nutch-1.4/Nutch-1.4"
170.75.162.130 - - [14/Oct/2015:22:18:13 -0700] "GET /lib/reccapi.php?resort=alta HTTP/1.1" 200 942 "-" "node-superagent/0.18.2"
208.115.113.83 - - [14/Oct/2015:22:21:25 -0700] "GET /robots.txt HTTP/1.1" 200 319 "-" "Mozilla/5.0 (compatible; DotBot/1.1; http://www.opensiteexplorer.org/dotbot, help@moz.com)"
46.151.52.35 - - [14/Oct/2015:22:34:22 -0700] "GET /resorts?resort=cannonmountain HTTP/1.0" 404 495 "http://whereshouldiski.com/resorts?resort=cannonmountain" "Mozilla/5.0 (Windows NT 5.1) AppleWebKit/537.36 (KHTML, like Gecko) Chrome/40.0.2214.115 YaBrowser/15.2.2214.3645 Safari/537.36"
46.151.52.35 - - [14/Oct/2015:22:34:22 -0700] "GET / HTTP/1.0" 200 6114 "http://whereshouldiski.com/" "Mozilla/5.0 (Windows NT 5.1) AppleWebKit/537.36 (KHTML, like Gecko) Chrome/40.0.2214.115 YaBrowser/15.2.2214.3645 Safari/537.36"
170.75.162.130 - - [14/Oct/2015:22:38:36 -0700] "GET /lib/reccapi.php?resort=49degreesnorth HTTP/1.1" 200 996 "-" "node-superagent/0.18.2"
123.125.71.108 - - [14/Oct/2015:22:41:16 -0700] "GET / HTTP/1.1" 200 2339 "-" "Mozilla/5.0 (Windows NT 5.1; rv:6.0.2) Gecko/20100101 Firefox/6.0.2"
123.125.71.89 - - [14/Oct/2015:22:41:18 -0700] "GET / HTTP/1.1" 200 6114 "-" "Mozilla/5.0 (Windows NT 5.1; rv:6.0.2) Gecko/20100101 Firefox/6.0.2"
208.115.111.66 - - [14/Oct/2015:22:47:43 -0700] "GET /robots.txt HTTP/1.1" 200 319 "-" "Mozilla/5.0 (compatible; DotBot/1.1; http://www.opensiteexplorer.org/dotbot, help@moz.com)"
170.75.162.130 - - [14/Oct/2015:22:50:17 -0700] "GET /lib/reccapi.php?resort=aspenmountain HTTP/1.1" 200 961 "-" "node-superagent/0.18.2"
170.75.162.130 - - [14/Oct/2015:22:50:17 -0700] "GET /lib/reccapi.php?resort=squawvalleyusa HTTP/1.1" 200 974 "-" "node-superagent/0.18.2"
170.75.162.130 - - [14/Oct/2015:22:50:17 -0700] "GET /lib/reccapi.php?resort=coppermountain HTTP/1.1" 200 978 "-" "node-superagent/0.18.2"
170.75.162.130 - - [14/Oct/2015:22:50:17 -0700] "GET /lib/reccapi.php?resort=homewoodmountain HTTP/1.1" 200 974 "-" "node-superagent/0.18.2"
170.75.162.130 - - [14/Oct/2015:22:50:27 -0700] "GET /lib/reccapi.php?resort=smugglersnotch HTTP/1.1" 200 1054 "-" "node-superagent/0.18.2"
170.75.162.130 - - [14/Oct/2015:22:51:17 -0700] "GET /lib/reccapi.php?resort=sugarbush HTTP/1.1" 200 1032 "-" "node-superagent/0.18.2"
170.75.162.130 - - [14/Oct/2015:22:52:47 -0700] "GET /lib/reccapi.php?resort=sugarloaf HTTP/1.1" 200 991 "-" "node-superagent/0.18.2"
208.115.113.83 - - [14/Oct/2015:22:59:27 -0700] "GET /resorts?resort=cannonmountain&date=2014-10-06 HTTP/1.1" 404 476 "-" "Mozilla/5.0 (compatible; DotBot/1.1; http://www.opensiteexplorer.org/dotbot, help@moz.com)"
208.115.113.83 - - [14/Oct/2015:23:00:02 -0700] "GET /resorts?resort=diamondpeak&date=2014-06-23 HTTP/1.1" 404 476 "-" "Mozilla/5.0 (compatible; DotBot/1.1; http://www.opensiteexplorer.org/dotbot, help@moz.com)"
208.115.113.83 - - [14/Oct/2015:23:00:04 -0700] "GET /resorts?resort=squawvalleyusa&date=2014-06-24 HTTP/1.1" 404 476 "-" "Mozilla/5.0 (compatible; DotBot/1.1; http://www.opensiteexplorer.org/dotbot, help@moz.com)"
208.115.113.83 - - [14/Oct/2015:23:03:01 -0700] "GET /resorts?resort=sugarbush&date=2014-07-04 HTTP/1.1" 404 476 "-" "Mozilla/5.0 (compatible; DotBot/1.1; http://www.opensiteexplorer.org/dotbot, help@moz.com)"
208.115.113.83 - - [14/Oct/2015:23:04:02 -0700] "GET /resorts?resort=mountainhigh&date=2014-06-17 HTTP/1.1" 404 476 "-" "Mozilla/5.0 (compatible; DotBot/1.1; http://www.opensiteexplorer.org/dotbot, help@moz.com)"
170.75.162.130 - - [14/Oct/2015:23:04:29 -0700] "GET /lib/reccapi.php?resort=sundayriver HTTP/1.1" 200 981 "-" "node-superagent/0.18.2"
170.75.162.130 - - [14/Oct/2015:23:11:40 -0700] "GET /lib/reccapi.php?resort=schweitzer HTTP/1.1" 200 965 "-" "node-superagent/0.18.2"
170.75.162.130 - - [14/Oct/2015:23:19:11 -0700] "GET /lib/reccapi.php?resort=devilshead HTTP/1.1" 200 935 "-" "node-superagent/0.18.2"
170.75.162.130 - - [14/Oct/2015:23:23:11 -0700] "GET /lib/reccapi.php?resort=stevenspass HTTP/1.1" 200 958 "-" "node-superagent/0.18.2"
208.115.111.66 - - [14/Oct/2015:23:28:48 -0700] "GET /resorts?resort=smugglersnotch&date=2014-11-13 HTTP/1.1" 404 476 "-" "Mozilla/5.0 (compatible; DotBot/1.1; http://www.opensiteexplorer.org/dotbot, help@moz.com)"
208.115.111.66 - - [14/Oct/2015:23:29:36 -0700] "GET /resorts?resort=crystalmountain&date=2014-06-17 HTTP/1.1" 404 476 "-" "Mozilla/5.0 (compatible; DotBot/1.1; http://www.opensiteexplorer.org/dotbot, help@moz.com)"
208.115.111.66 - - [14/Oct/2015:23:29:43 -0700] "GET /resorts?resort=monarch&date=2014-11-05 HTTP/1.1" 404 476 "-" "Mozilla/5.0 (compatible; DotBot/1.1; http://www.opensiteexplorer.org/dotbot, help@moz.com)"
