180.76.15.137 - - [24/Sep/2015:17:00:38 -0700] "GET /robots.txt HTTP/1.1" 200 382 "-" "Mozilla/5.0 (Windows NT 5.1; rv:6.0.2) Gecko/20100101 Firefox/6.0.2"
170.75.162.130 - - [24/Sep/2015:17:11:26 -0700] "GET /lib/reccapi.php?resort=devilshead HTTP/1.1" 200 945 "-" "node-superagent/0.18.2"
66.249.79.220 - - [24/Sep/2015:17:14:40 -0700] "GET /resorts?resort=devilshead HTTP/1.1" 404 506 "-" "Mozilla/5.0 (compatible; Googlebot/2.1; +http://www.google.com/bot.html)"
170.75.162.130 - - [24/Sep/2015:17:17:36 -0700] "GET /lib/reccapi.php?resort=chinapeak HTTP/1.1" 200 982 "-" "node-superagent/0.18.2"
170.75.162.130 - - [24/Sep/2015:17:20:47 -0700] "GET /lib/reccapi.php?resort=arapahoebasin HTTP/1.1" 200 1024 "-" "node-superagent/0.18.2"
170.75.162.130 - - [24/Sep/2015:17:20:47 -0700] "GET /lib/reccapi.php?resort=aspenheights HTTP/1.1" 200 994 "-" "node-superagent/0.18.2"
170.75.162.130 - - [24/Sep/2015:17:20:47 -0700] "GET /lib/reccapi.php?resort=aspenmountain HTTP/1.1" 200 987 "-" "node-superagent/0.18.2"
170.75.162.130 - - [24/Sep/2015:17:20:47 -0700] "GET /lib/reccapi.php?resort=coppermountain HTTP/1.1" 200 1010 "-" "node-superagent/0.18.2"
170.75.162.130 - - [24/Sep/2015:17:20:47 -0700] "GET /lib/reccapi.php?resort=crestedbutte HTTP/1.1" 200 980 "-" "node-superagent/0.18.2"
170.75.162.130 - - [24/Sep/2015:17:20:47 -0700] "GET /lib/reccapi.php?resort=keystone HTTP/1.1" 200 1006 "-" "node-superagent/0.18.2"
170.75.162.130 - - [24/Sep/2015:17:20:47 -0700] "GET /lib/reccapi.php?resort=loveland HTTP/1.1" 200 996 "-" "node-superagent/0.18.2"
170.75.162.130 - - [24/Sep/2015:17:20:47 -0700] "GET /lib/reccapi.php?resort=monarch HTTP/1.1" 200 942 "-" "node-superagent/0.18.2"
170.75.162.130 - - [24/Sep/2015:17:20:47 -0700] "GET /lib/reccapi.php?resort=snowmass HTTP/1.1" 200 983 "-" "node-superagent/0.18.2"
170.75.162.130 - - [24/Sep/2015:17:20:47 -0700] "GET /lib/reccapi.php?resort=steamboat HTTP/1.1" 200 958 "-" "node-superagent/0.18.2"
170.75.162.130 - - [24/Sep/2015:17:20:47 -0700] "GET /lib/reccapi.php?resort=telluride HTTP/1.1" 200 973 "-" "node-superagent/0.18.2"
170.75.162.130 - - [24/Sep/2015:17:20:47 -0700] "GET /lib/reccapi.php?resort=winterpark HTTP/1.1" 200 983 "-" "node-superagent/0.18.2"
180.76.15.152 - - [24/Sep/2015:17:31:39 -0700] "GET / HTTP/1.1" 200 6114 "-" "Mozilla/5.0 (compatible; Baiduspider/2.0; +http://www.baidu.com/search/spider.html)"
180.76.15.151 - - [24/Sep/2015:17:32:09 -0700] "GET / HTTP/1.1" 200 6114 "-" "Mozilla/5.0 (compatible; Baiduspider/2.0; +http://www.baidu.com/search/spider.html)"
172.3.78.21 - - [24/Sep/2015:17:54:07 -0700] "GET /images/wsis-logo-sm.png HTTP/1.1" 200 6108 "http://www.thebackcountry.net/" "Mozilla/5.0 (Windows NT 6.1; WOW64) AppleWebKit/537.36 (KHTML, like Gecko) Chrome/45.0.2454.99 Safari/537.36"
184.53.50.135 - - [24/Sep/2015:17:57:32 -0700] "GET /images/wsis-logo-sm.png HTTP/1.1" 200 6108 "http://www.thebackcountry.net/" "Mozilla/5.0 (Windows NT 6.3; WOW64) AppleWebKit/537.36 (KHTML, like Gecko) Chrome/45.0.2454.99 Safari/537.36"
170.75.162.130 - - [24/Sep/2015:17:57:49 -0700] "GET /lib/reccapi.php?resort=alpinemeadows HTTP/1.1" 200 975 "-" "node-superagent/0.18.2"
170.75.162.130 - - [24/Sep/2015:17:57:49 -0700] "GET /lib/reccapi.php?resort=homewoodmountain HTTP/1.1" 200 974 "-" "node-superagent/0.18.2"
170.75.162.130 - - [24/Sep/2015:17:57:49 -0700] "GET /lib/reccapi.php?resort=kirkwood HTTP/1.1" 200 984 "-" "node-superagent/0.18.2"
170.75.162.130 - - [24/Sep/2015:17:57:50 -0700] "GET /lib/reccapi.php?resort=mtrose HTTP/1.1" 200 951 "-" "node-superagent/0.18.2"
170.75.162.130 - - [24/Sep/2015:17:57:50 -0700] "GET /lib/reccapi.php?resort=northstar-at-tahoe HTTP/1.1" 200 955 "-" "node-superagent/0.18.2"
170.75.162.130 - - [24/Sep/2015:17:57:50 -0700] "GET /lib/reccapi.php?resort=sierra-at-tahoe HTTP/1.1" 200 963 "-" "node-superagent/0.18.2"
170.75.162.130 - - [24/Sep/2015:17:57:50 -0700] "GET /lib/reccapi.php?resort=squawvalleyusa HTTP/1.1" 200 969 "-" "node-superagent/0.18.2"
170.75.162.130 - - [24/Sep/2015:17:57:50 -0700] "GET /lib/reccapi.php?resort=sugarbowl HTTP/1.1" 200 948 "-" "node-superagent/0.18.2"
62.210.138.75 - - [24/Sep/2015:17:59:51 -0700] "GET / HTTP/1.1" 200 2376 "-" "Mozilla/5.0 (X11; Linux x86_64) AppleWebKit/537.36 (KHTML, like Gecko) Chrome/28.0.1500.71 Safari/537.36"
62.210.138.75 - - [24/Sep/2015:17:59:51 -0700] "GET /scripts/scripts/vendor/modernizr.js HTTP/1.1" 200 4902 "http://www.whereshouldiski.com/" "Mozilla/5.0 (X11; Linux x86_64) AppleWebKit/537.36 (KHTML, like Gecko) Chrome/28.0.1500.71 Safari/537.36"
62.210.138.75 - - [24/Sep/2015:17:59:51 -0700] "GET /bower_components/requirejs/require.js HTTP/1.1" 200 6702 "http://www.whereshouldiski.com/" "Mozilla/5.0 (X11; Linux x86_64) AppleWebKit/537.36 (KHTML, like Gecko) Chrome/28.0.1500.71 Safari/537.36"
62.210.138.75 - - [24/Sep/2015:17:59:51 -0700] "GET /scripts/fa48e319.main.js HTTP/1.1" 200 123455 "http://www.whereshouldiski.com/" "Mozilla/5.0 (X11; Linux x86_64) AppleWebKit/537.36 (KHTML, like Gecko) Chrome/28.0.1500.71 Safari/537.36"
62.210.138.75 - - [24/Sep/2015:17:59:53 -0700] "GET /lib/reccapi.php?fields=t HTTP/1.1" 200 1769 "http://www.whereshouldiski.com/" "Mozilla/5.0 (X11; Linux x86_64) AppleWebKit/537.36 (KHTML, like Gecko) Chrome/28.0.1500.71 Safari/537.36"
66.249.79.234 - - [24/Sep/2015:18:04:39 -0700] "GET / HTTP/1.1" 200 2376 "-" "Mozilla/5.0 (compatible; Googlebot/2.1; +http://www.google.com/bot.html)"
170.75.162.130 - - [24/Sep/2015:18:10:10 -0700] "GET /lib/reccapi.php?resort=sunpeaksresort HTTP/1.1" 200 912 "-" "node-superagent/0.18.2"
104.232.83.152 - - [24/Sep/2015:18:15:39 -0700] "GET /images/wsis-logo-sm.png HTTP/1.1" 200 6108 "http://www.thebackcountry.net/" "Mozilla/5.0 (Windows NT 6.3; WOW64; Trident/7.0; MAARJS; rv:11.0) like Gecko"
104.232.83.152 - - [24/Sep/2015:18:16:00 -0700] "-" 408 0 "-" "-"
170.75.162.130 - - [24/Sep/2015:18:19:21 -0700] "GET /lib/reccapi.php?resort=brighton HTTP/1.1" 200 954 "-" "node-superagent/0.18.2"
170.75.162.130 - - [24/Sep/2015:18:22:21 -0700] "GET /lib/reccapi.php?resort=taos HTTP/1.1" 200 983 "-" "node-superagent/0.18.2"
70.192.14.39 - - [24/Sep/2015:18:22:23 -0700] "GET /images/wsis-logo-sm.png HTTP/1.1" 200 6108 "http://www.thebackcountry.net/" "Mozilla/5.0 (iPhone; CPU iPhone OS 8_3 like Mac OS X) AppleWebKit/600.1.4 (KHTML, like Gecko) Version/8.0 Mobile/12F70 Safari/600.1.4"
66.249.79.220 - - [24/Sep/2015:18:26:03 -0700] "GET /resorts?resort=brighton HTTP/1.1" 404 506 "-" "Mozilla/5.0 (compatible; Googlebot/2.1; +http://www.google.com/bot.html)"
170.75.162.130 - - [24/Sep/2015:18:33:22 -0700] "GET /lib/reccapi.php?resort=sugarloaf HTTP/1.1" 200 942 "-" "node-superagent/0.18.2"
170.75.162.130 - - [24/Sep/2015:18:34:42 -0700] "GET /lib/reccapi.php?resort=solitude HTTP/1.1" 200 934 "-" "node-superagent/0.18.2"
170.75.162.130 - - [24/Sep/2015:18:37:52 -0700] "GET /lib/reccapi.php?resort=schweitzer HTTP/1.1" 200 949 "-" "node-superagent/0.18.2"
206.217.128.51 - - [24/Sep/2015:18:38:53 -0700] "GET / HTTP/1.0" 200 2376 "http://WHERESHOULDISKI.com" "Mozilla/4.0 (compatible; MSIE 6.0; Windows NT 5.1; en) Opera 8.50"
170.75.162.130 - - [24/Sep/2015:18:41:03 -0700] "GET /lib/reccapi.php?resort=canyons HTTP/1.1" 200 968 "-" "node-superagent/0.18.2"
180.76.15.5 - - [24/Sep/2015:18:48:19 -0700] "GET / HTTP/1.1" 200 6114 "-" "Mozilla/5.0 (compatible; Baiduspider/2.0; +http://www.baidu.com/search/spider.html)"
180.76.15.154 - - [24/Sep/2015:18:49:24 -0700] "GET / HTTP/1.1" 200 6114 "-" "Mozilla/5.0 (compatible; Baiduspider/2.0; +http://www.baidu.com/search/spider.html)"
170.75.162.130 - - [24/Sep/2015:19:07:48 -0700] "GET /lib/reccapi.php?resort=alyeska HTTP/1.1" 200 942 "-" "node-superagent/0.18.2"
170.75.162.130 - - [24/Sep/2015:19:10:18 -0700] "GET /lib/reccapi.php?resort=whitefacemountain HTTP/1.1" 200 956 "-" "node-superagent/0.18.2"
170.75.162.130 - - [24/Sep/2015:19:11:48 -0700] "GET /lib/reccapi.php?resort=whistlerblackcomb HTTP/1.1" 200 920 "-" "node-superagent/0.18.2"
46.151.52.36 - - [24/Sep/2015:19:12:21 -0700] "GET /resorts?resort=cannonmountain HTTP/1.0" 404 495 "http://whereshouldiski.com/resorts?resort=cannonmountain" "Mozilla/5.0 (Windows NT 6.1; rv:37.0) Gecko/20100101 Firefox/37.0"
46.151.52.36 - - [24/Sep/2015:19:12:21 -0700] "GET / HTTP/1.0" 200 6114 "http://whereshouldiski.com/" "Mozilla/5.0 (Windows NT 6.1; rv:37.0) Gecko/20100101 Firefox/37.0"
66.249.79.220 - - [24/Sep/2015:19:15:07 -0700] "GET /resorts?resort=telluride HTTP/1.1" 404 506 "-" "Mozilla/5.0 (compatible; Googlebot/2.1; +http://www.google.com/bot.html)"
170.75.162.130 - - [24/Sep/2015:19:38:10 -0700] "GET /lib/reccapi.php?resort=sunvalley HTTP/1.1" 200 983 "-" "node-superagent/0.18.2"
170.75.162.130 - - [24/Sep/2015:19:38:40 -0700] "GET /lib/reccapi.php?resort=angelfire HTTP/1.1" 200 1023 "-" "node-superagent/0.18.2"
170.75.162.130 - - [24/Sep/2015:19:42:00 -0700] "GET /lib/reccapi.php?resort=deervalley HTTP/1.1" 200 999 "-" "node-superagent/0.18.2"
180.76.15.32 - - [24/Sep/2015:19:47:44 -0700] "GET / HTTP/1.1" 200 6114 "-" "Mozilla/5.0 (compatible; Baiduspider/2.0; +http://www.baidu.com/search/spider.html)"
23.95.43.111 - - [24/Sep/2015:19:48:38 -0700] "GET / HTTP/1.1" 200 2339 "-" "Mozilla/5.0 (Windows NT 6.1; WOW64) AppleWebKit/537.36 (KHTML, like Gecko) Chrome/39.0.2171.65 Safari/537.36"
180.76.15.21 - - [24/Sep/2015:19:48:39 -0700] "GET / HTTP/1.1" 200 6114 "-" "Mozilla/5.0 (compatible; Baiduspider/2.0; +http://www.baidu.com/search/spider.html)"
170.75.162.130 - - [24/Sep/2015:19:57:02 -0700] "GET /lib/reccapi.php?resort=jaypeak HTTP/1.1" 200 961 "-" "node-superagent/0.18.2"
66.249.79.150 - - [24/Sep/2015:19:59:08 -0700] "GET /lib/resortDataSearch.php?resort=losttrailpowdermountain&dateStart=2012-12-27&dateMax=2013-01-10&size=30 HTTP/1.1" 200 331 "-" "Mozilla/5.0 (compatible; Googlebot/2.1; +http://www.google.com/bot.html)"
170.75.162.130 - - [24/Sep/2015:20:00:22 -0700] "GET /lib/reccapi.php?resort=49degreesnorth HTTP/1.1" 200 979 "-" "node-superagent/0.18.2"
170.75.162.130 - - [24/Sep/2015:20:00:22 -0700] "GET /lib/reccapi.php?resort=bigwhite HTTP/1.1" 200 910 "-" "node-superagent/0.18.2"
170.75.162.130 - - [24/Sep/2015:20:00:22 -0700] "GET /lib/reccapi.php?resort=heavenly HTTP/1.1" 200 967 "-" "node-superagent/0.18.2"
170.75.162.130 - - [24/Sep/2015:20:00:22 -0700] "GET /lib/reccapi.php?resort=brianhead HTTP/1.1" 200 972 "-" "node-superagent/0.18.2"
207.192.250.190 - - [24/Sep/2015:20:14:10 -0700] "GET /images/wsis-logo-sm.png HTTP/1.1" 200 6108 "http://www.thebackcountry.net/" "Mozilla/5.0 (Macintosh; Intel Mac OS X 10_10_5) AppleWebKit/600.8.9 (KHTML, like Gecko) Version/8.0.8 Safari/600.8.9"
157.55.39.28 - - [24/Sep/2015:20:24:03 -0700] "GET /about HTTP/1.1" 404 509 "-" "Mozilla/5.0 (compatible; bingbot/2.0; +http://www.bing.com/bingbot.htm)"
170.75.162.130 - - [24/Sep/2015:20:24:04 -0700] "GET /lib/reccapi.php?resort=mountbachelor HTTP/1.1" 200 976 "-" "node-superagent/0.18.2"
68.82.79.245 - - [24/Sep/2015:20:26:23 -0700] "GET /images/wsis-logo-sm.png HTTP/1.1" 200 6108 "http://www.thebackcountry.net/" "Mozilla/5.0 (Macintosh; Intel Mac OS X 10_10_5) AppleWebKit/537.36 (KHTML, like Gecko) Chrome/45.0.2454.93 Safari/537.36"
170.75.162.130 - - [24/Sep/2015:20:33:55 -0700] "GET /lib/reccapi.php?resort=crystalmountain HTTP/1.1" 200 971 "-" "node-superagent/0.18.2"
66.249.79.227 - - [24/Sep/2015:20:34:37 -0700] "GET /resorts?resort=crystalmountain HTTP/1.1" 404 506 "-" "Mozilla/5.0 (compatible; Googlebot/2.1; +http://www.google.com/bot.html)"
46.229.170.197 - - [24/Sep/2015:20:36:14 -0700] "GET / HTTP/1.1" 200 6095 "-" "Mozilla/5.0 (X11; U; FreeBSD i386; en-US; rv:1.9.2.9) Gecko/20100913 Firefox/3.6.9"
91.196.50.33 - - [24/Sep/2015:20:43:12 -0700] "GET http://testp2.czar.bielawa.pl/testproxy.php HTTP/1.1" 404 452 "-" "Mozilla/5.0 (Windows NT 5.1; rv:32.0) Gecko/20100101 Firefox/31.0"
180.76.15.21 - - [24/Sep/2015:20:43:55 -0700] "GET / HTTP/1.1" 200 6114 "-" "Mozilla/5.0 (compatible; Baiduspider/2.0; +http://www.baidu.com/search/spider.html)"
180.76.15.154 - - [24/Sep/2015:20:44:52 -0700] "GET / HTTP/1.1" 200 6114 "-" "Mozilla/5.0 (compatible; Baiduspider/2.0; +http://www.baidu.com/search/spider.html)"
66.249.79.227 - - [24/Sep/2015:20:44:58 -0700] "GET /resorts?resort=kirkwood HTTP/1.1" 404 506 "-" "Mozilla/5.0 (compatible; Googlebot/2.1; +http://www.google.com/bot.html)"
170.75.162.130 - - [24/Sep/2015:20:51:46 -0700] "GET /lib/reccapi.php?resort=alta HTTP/1.1" 200 947 "-" "node-superagent/0.18.2"
66.249.79.252 - - [24/Sep/2015:20:52:18 -0700] "GET /robots.txt HTTP/1.1" 200 419 "-" "Mozilla/5.0 (compatible; Googlebot/2.1; +http://www.google.com/bot.html)"
66.249.79.134 - - [24/Sep/2015:20:52:19 -0700] "GET / HTTP/1.1" 200 2376 "-" "Mozilla/5.0 (compatible; Googlebot/2.1; +http://www.google.com/bot.html)"
66.249.79.140 - - [24/Sep/2015:20:52:29 -0700] "GET /styles/0fffd548.main.css HTTP/1.1" 200 19317 "-" "Mozilla/5.0 (compatible; Googlebot/2.1; +http://www.google.com/bot.html)"
66.249.79.140 - - [24/Sep/2015:20:52:29 -0700] "GET /bower_components/requirejs/require.js HTTP/1.1" 200 6701 "-" "Mozilla/5.0 (compatible; Googlebot/2.1; +http://www.google.com/bot.html)"
66.23.234.200 - - [24/Sep/2015:20:52:49 -0700] "GET / HTTP/1.1" 200 6151 "-" "-"
170.75.162.130 - - [24/Sep/2015:20:52:56 -0700] "GET /lib/reccapi.php?resort=bigsky HTTP/1.1" 200 958 "-" "node-superagent/0.18.2"
170.75.162.130 - - [24/Sep/2015:20:54:16 -0700] "GET /lib/reccapi.php?resort=buttermilk HTTP/1.1" 200 973 "-" "node-superagent/0.18.2"
170.75.162.130 - - [24/Sep/2015:20:54:26 -0700] "GET /lib/reccapi.php?resort=cannonmountain HTTP/1.1" 200 948 "-" "node-superagent/0.18.2"
66.249.79.252 - - [24/Sep/2015:20:55:08 -0700] "GET /about HTTP/1.1" 404 509 "-" "Mozilla/5.0 (compatible; Googlebot/2.1; +http://www.google.com/bot.html)"
66.249.79.157 - - [24/Sep/2015:20:55:19 -0700] "GET / HTTP/1.1" 200 2376 "-" "Mozilla/5.0 (compatible; Googlebot/2.1; +http://www.google.com/bot.html)"
170.75.162.130 - - [24/Sep/2015:20:56:36 -0700] "GET /lib/reccapi.php?resort=diamondpeak HTTP/1.1" 200 931 "-" "node-superagent/0.18.2"
170.75.162.130 - - [24/Sep/2015:20:57:06 -0700] "GET /lib/reccapi.php?resort=grandtarghee HTTP/1.1" 200 963 "-" "node-superagent/0.18.2"
170.75.162.130 - - [24/Sep/2015:20:58:06 -0700] "GET /lib/reccapi.php?resort=hoodoo HTTP/1.1" 200 958 "-" "node-superagent/0.18.2"
170.75.162.130 - - [24/Sep/2015:20:58:26 -0700] "GET /lib/reccapi.php?resort=jacksonhole HTTP/1.1" 200 953 "-" "node-superagent/0.18.2"
170.75.162.130 - - [24/Sep/2015:20:58:56 -0700] "GET /lib/reccapi.php?resort=killington HTTP/1.1" 200 956 "-" "node-superagent/0.18.2"
170.75.162.130 - - [24/Sep/2015:21:00:16 -0700] "GET /lib/reccapi.php?resort=madriverglen HTTP/1.1" 200 952 "-" "node-superagent/0.18.2"
170.75.162.130 - - [24/Sep/2015:21:00:36 -0700] "GET /lib/reccapi.php?resort=mammothmountain HTTP/1.1" 200 978 "-" "node-superagent/0.18.2"
170.75.162.130 - - [24/Sep/2015:21:01:36 -0700] "GET /lib/reccapi.php?resort=mountspokane HTTP/1.1" 200 974 "-" "node-superagent/0.18.2"
170.75.162.130 - - [24/Sep/2015:21:01:56 -0700] "GET /lib/reccapi.php?resort=stowe HTTP/1.1" 200 931 "-" "node-superagent/0.18.2"
170.75.162.130 - - [24/Sep/2015:21:15:07 -0700] "GET /lib/reccapi.php?resort=parkcity HTTP/1.1" 200 973 "-" "node-superagent/0.18.2"
170.75.162.130 - - [24/Sep/2015:21:15:57 -0700] "GET /lib/reccapi.php?resort=redlodge HTTP/1.1" 200 1020 "-" "node-superagent/0.18.2"
170.75.162.130 - - [24/Sep/2015:21:16:07 -0700] "GET /lib/reccapi.php?resort=redmountain HTTP/1.1" 200 901 "-" "node-superagent/0.18.2"
170.75.162.130 - - [24/Sep/2015:21:16:47 -0700] "GET /lib/reccapi.php?resort=smugglersnotch HTTP/1.1" 200 955 "-" "node-superagent/0.18.2"
170.75.162.130 - - [24/Sep/2015:21:17:18 -0700] "GET /lib/reccapi.php?resort=snowbasin HTTP/1.1" 200 969 "-" "node-superagent/0.18.2"
170.75.162.130 - - [24/Sep/2015:21:17:28 -0700] "GET /lib/reccapi.php?resort=snowbird HTTP/1.1" 200 967 "-" "node-superagent/0.18.2"
170.75.162.130 - - [24/Sep/2015:21:18:38 -0700] "GET /lib/reccapi.php?resort=stevenspass HTTP/1.1" 200 986 "-" "node-superagent/0.18.2"
170.75.162.130 - - [24/Sep/2015:21:19:08 -0700] "GET /lib/reccapi.php?resort=sugarbush HTTP/1.1" 200 951 "-" "node-superagent/0.18.2"
170.75.162.130 - - [24/Sep/2015:21:19:38 -0700] "GET /lib/reccapi.php?resort=sundayriver HTTP/1.1" 200 945 "-" "node-superagent/0.18.2"
170.75.162.130 - - [24/Sep/2015:21:21:28 -0700] "GET /lib/reccapi.php?resort=wildcatmountain HTTP/1.1" 200 954 "-" "node-superagent/0.18.2"
50.0.192.52 - - [24/Sep/2015:21:21:46 -0700] "GET /images/wsis-logo-sm.png HTTP/1.1" 200 6108 "http://www.thebackcountry.net/" "Mozilla/5.0 (Macintosh; Intel Mac OS X 10_10_5) AppleWebKit/600.8.9 (KHTML, like Gecko) Version/8.0.8 Safari/600.8.9"
170.75.162.130 - - [24/Sep/2015:21:21:48 -0700] "GET /lib/reccapi.php?resort=winterpark HTTP/1.1" 200 983 "-" "node-superagent/0.18.2"
170.75.162.130 - - [24/Sep/2015:21:22:18 -0700] "GET /lib/reccapi.php?resort=aspenheights HTTP/1.1" 200 994 "-" "node-superagent/0.18.2"
170.75.162.130 - - [24/Sep/2015:21:22:18 -0700] "GET /lib/reccapi.php?resort=aspenmountain HTTP/1.1" 200 987 "-" "node-superagent/0.18.2"
170.75.162.130 - - [24/Sep/2015:21:22:18 -0700] "GET /lib/reccapi.php?resort=arapahoebasin HTTP/1.1" 200 1024 "-" "node-superagent/0.18.2"
170.75.162.130 - - [24/Sep/2015:21:22:18 -0700] "GET /lib/reccapi.php?resort=coppermountain HTTP/1.1" 200 1010 "-" "node-superagent/0.18.2"
170.75.162.130 - - [24/Sep/2015:21:22:18 -0700] "GET /lib/reccapi.php?resort=crestedbutte HTTP/1.1" 200 980 "-" "node-superagent/0.18.2"
170.75.162.130 - - [24/Sep/2015:21:22:18 -0700] "GET /lib/reccapi.php?resort=keystone HTTP/1.1" 200 1007 "-" "node-superagent/0.18.2"
170.75.162.130 - - [24/Sep/2015:21:22:18 -0700] "GET /lib/reccapi.php?resort=loveland HTTP/1.1" 200 995 "-" "node-superagent/0.18.2"
170.75.162.130 - - [24/Sep/2015:21:22:18 -0700] "GET /lib/reccapi.php?resort=monarch HTTP/1.1" 200 941 "-" "node-superagent/0.18.2"
170.75.162.130 - - [24/Sep/2015:21:22:18 -0700] "GET /lib/reccapi.php?resort=snowmass HTTP/1.1" 200 984 "-" "node-superagent/0.18.2"
170.75.162.130 - - [24/Sep/2015:21:22:18 -0700] "GET /lib/reccapi.php?resort=steamboat HTTP/1.1" 200 958 "-" "node-superagent/0.18.2"
170.75.162.130 - - [24/Sep/2015:21:22:28 -0700] "GET /lib/reccapi.php?resort=telluride HTTP/1.1" 200 973 "-" "node-superagent/0.18.2"
170.75.162.130 - - [24/Sep/2015:21:24:08 -0700] "GET /lib/reccapi.php?resort=mounthoodmeadows HTTP/1.1" 200 981 "-" "node-superagent/0.18.2"
71.89.231.205 - - [24/Sep/2015:21:28:14 -0700] "GET /images/wsis-logo-sm.png HTTP/1.1" 200 6108 "http://www.thebackcountry.net/" "Mozilla/5.0 (iPad; CPU OS 8_1_2 like Mac OS X) AppleWebKit/600.1.4 (KHTML, like Gecko) Version/8.0 Mobile/12B440 Safari/600.1.4"
170.75.162.130 - - [24/Sep/2015:21:28:19 -0700] "GET /lib/reccapi.php?resort=silverstarmountain HTTP/1.1" 200 926 "-" "node-superagent/0.18.2"
180.76.15.25 - - [24/Sep/2015:21:44:19 -0700] "GET / HTTP/1.1" 200 6114 "-" "Mozilla/5.0 (compatible; Baiduspider/2.0; +http://www.baidu.com/search/spider.html)"
180.76.15.11 - - [24/Sep/2015:21:45:13 -0700] "GET / HTTP/1.1" 200 6114 "-" "Mozilla/5.0 (compatible; Baiduspider/2.0; +http://www.baidu.com/search/spider.html)"
73.15.149.156 - - [24/Sep/2015:21:53:16 -0700] "GET /images/wsis-logo-sm.png HTTP/1.1" 200 6108 "http://www.thebackcountry.net/" "Mozilla/5.0 (Macintosh; Intel Mac OS X 10_10_4) AppleWebKit/537.36 (KHTML, like Gecko) Chrome/45.0.2454.93 Safari/537.36"
66.249.79.234 - - [24/Sep/2015:22:04:41 -0700] "GET /resorts?resort=solitude HTTP/1.1" 404 506 "-" "Mozilla/5.0 (compatible; Googlebot/2.1; +http://www.google.com/bot.html)"
170.75.162.130 - - [24/Sep/2015:22:15:53 -0700] "GET /lib/reccapi.php?resort=sierra-at-tahoe HTTP/1.1" 200 963 "-" "node-superagent/0.18.2"
66.249.79.227 - - [24/Sep/2015:22:19:50 -0700] "GET /resorts?resort=sierra-at-tahoe HTTP/1.1" 404 506 "-" "Mozilla/5.0 (compatible; Googlebot/2.1; +http://www.google.com/bot.html)"
170.75.162.130 - - [24/Sep/2015:22:31:34 -0700] "GET /lib/reccapi.php?resort=devilshead HTTP/1.1" 200 944 "-" "node-superagent/0.18.2"
170.75.162.130 - - [24/Sep/2015:22:37:44 -0700] "GET /lib/reccapi.php?resort=taos HTTP/1.1" 200 983 "-" "node-superagent/0.18.2"
69.109.31.184 - - [24/Sep/2015:22:40:13 -0700] "GET /images/wsis-logo-sm.png HTTP/1.1" 200 6108 "http://www.thebackcountry.net/" "Mozilla/5.0 (iPad; CPU OS 9_0 like Mac OS X) AppleWebKit/601.1.46 (KHTML, like Gecko) Version/9.0 Mobile/13A344 Safari/601.1"
66.249.79.134 - - [24/Sep/2015:22:46:19 -0700] "GET / HTTP/1.1" 200 2376 "-" "Mozilla/5.0 (compatible; Googlebot/2.1; +http://www.google.com/bot.html)"
170.75.162.130 - - [24/Sep/2015:22:59:16 -0700] "GET /lib/reccapi.php?resort=squawvalleyusa HTTP/1.1" 200 967 "-" "node-superagent/0.18.2"
66.249.79.227 - - [24/Sep/2015:23:29:29 -0700] "GET / HTTP/1.1" 200 2376 "-" "Mozilla/5.0 (compatible; Googlebot/2.1; +http://www.google.com/bot.html)"
170.75.162.130 - - [24/Sep/2015:23:43:39 -0700] "GET /lib/reccapi.php?resort=angelfire HTTP/1.1" 200 1023 "-" "node-superagent/0.18.2"
157.55.39.181 - - [24/Sep/2015:23:52:16 -0700] "GET /robots.txt HTTP/1.1" 200 375 "-" "Mozilla/5.0 (compatible; bingbot/2.0; +http://www.bing.com/bingbot.htm)"
170.75.162.130 - - [24/Sep/2015:23:54:50 -0700] "GET /lib/reccapi.php?resort=whitefacemountain HTTP/1.1" 200 956 "-" "node-superagent/0.18.2"
27.159.18.50 - - [24/Sep/2015:23:54:57 -0700] "GET /images/wsis-logo-sm.png HTTP/1.1" 200 6108 "http://www.thebackcountry.net/" "Mozilla/5.0 (Windows NT 5.1) AppleWebKit/537.36 (KHTML, like Gecko) Chrome/45.0.2454.99 Safari/537.36"
170.75.162.130 - - [25/Sep/2015:00:04:10 -0700] "GET /lib/reccapi.php?resort=sunpeaksresort HTTP/1.1" 200 909 "-" "node-superagent/0.18.2"
180.76.15.32 - - [25/Sep/2015:00:05:37 -0700] "GET / HTTP/1.1" 200 6114 "-" "Mozilla/5.0 (compatible; Baiduspider/2.0; +http://www.baidu.com/search/spider.html)"
180.76.15.135 - - [25/Sep/2015:00:06:38 -0700] "GET / HTTP/1.1" 200 6114 "-" "Mozilla/5.0 (compatible; Baiduspider/2.0; +http://www.baidu.com/search/spider.html)"
66.249.79.140 - - [25/Sep/2015:00:31:19 -0700] "GET / HTTP/1.1" 200 2376 "-" "Mozilla/5.0 (compatible; Googlebot/2.1; +http://www.google.com/bot.html)"
170.75.162.130 - - [25/Sep/2015:00:32:03 -0700] "GET /lib/reccapi.php?resort=alyeska HTTP/1.1" 200 1039 "-" "node-superagent/0.18.2"
66.249.79.220 - - [25/Sep/2015:00:41:50 -0700] "GET /resorts?resort=redlodge HTTP/1.1" 404 506 "-" "Mozilla/5.0 (compatible; Googlebot/2.1; +http://www.google.com/bot.html)"
66.249.79.150 - - [25/Sep/2015:00:43:39 -0700] "GET /robots.txt HTTP/1.1" 200 419 "-" "Mozilla/5.0 (compatible; Googlebot/2.1; +http://www.google.com/bot.html)"
66.249.79.143 - - [25/Sep/2015:00:43:39 -0700] "GET / HTTP/1.1" 200 2376 "-" "Mozilla/5.0 (compatible; Googlebot/2.1; +http://www.google.com/bot.html)"
170.75.162.130 - - [25/Sep/2015:00:44:34 -0700] "GET /lib/reccapi.php?resort=chinapeak HTTP/1.1" 200 1004 "-" "node-superagent/0.18.2"
68.180.229.34 - - [25/Sep/2015:00:53:09 -0700] "GET /robots.txt HTTP/1.1" 200 319 "-" "Mozilla/5.0 (compatible; Yahoo! Slurp; http://help.yahoo.com/help/us/ysearch/slurp)"
68.180.229.34 - - [25/Sep/2015:00:53:10 -0700] "GET /resorts?resort=cannonmountain HTTP/1.1" 404 450 "-" "Mozilla/5.0 (compatible; Yahoo! Slurp; http://help.yahoo.com/help/us/ysearch/slurp)"
180.76.15.15 - - [25/Sep/2015:00:57:58 -0700] "GET / HTTP/1.1" 200 6114 "-" "Mozilla/5.0 (compatible; Baiduspider/2.0; +http://www.baidu.com/search/spider.html)"
180.76.15.12 - - [25/Sep/2015:00:59:07 -0700] "GET / HTTP/1.1" 200 6114 "-" "Mozilla/5.0 (compatible; Baiduspider/2.0; +http://www.baidu.com/search/spider.html)"
170.75.162.130 - - [25/Sep/2015:01:03:05 -0700] "GET /lib/reccapi.php?resort=deervalley HTTP/1.1" 200 1002 "-" "node-superagent/0.18.2"
170.75.162.130 - - [25/Sep/2015:01:12:36 -0700] "GET /lib/reccapi.php?resort=sunvalley HTTP/1.1" 200 1001 "-" "node-superagent/0.18.2"
170.75.162.130 - - [25/Sep/2015:01:27:07 -0700] "GET /lib/reccapi.php?resort=hoodoo HTTP/1.1" 200 950 "-" "node-superagent/0.18.2"
170.75.162.130 - - [25/Sep/2015:01:27:07 -0700] "GET /lib/reccapi.php?resort=mountbachelor HTTP/1.1" 200 990 "-" "node-superagent/0.18.2"
170.75.162.130 - - [25/Sep/2015:01:27:07 -0700] "GET /lib/reccapi.php?resort=mounthoodmeadows HTTP/1.1" 200 1045 "-" "node-superagent/0.18.2"
66.249.79.252 - - [25/Sep/2015:01:42:23 -0700] "GET / HTTP/1.1" 200 2376 "-" "Mozilla/5.0 (iPhone; CPU iPhone OS 8_3 like Mac OS X) AppleWebKit/600.1.4 (KHTML, like Gecko) Version/8.0 Mobile/12F70 Safari/600.1.4 (compatible; Googlebot/2.1; +http://www.google.com/bot.html)"
170.75.162.130 - - [25/Sep/2015:01:51:19 -0700] "GET /lib/reccapi.php?resort=keystone HTTP/1.1" 200 981 "-" "node-superagent/0.18.2"
180.76.15.151 - - [25/Sep/2015:01:51:45 -0700] "GET / HTTP/1.1" 200 6114 "-" "Mozilla/5.0 (compatible; Baiduspider/2.0; +http://www.baidu.com/search/spider.html)"
66.249.79.220 - - [25/Sep/2015:01:52:33 -0700] "GET / HTTP/1.1" 200 2376 "-" "Mozilla/5.0 (iPhone; CPU iPhone OS 8_3 like Mac OS X) AppleWebKit/600.1.4 (KHTML, like Gecko) Version/8.0 Mobile/12F70 Safari/600.1.4 (compatible; Googlebot/2.1; +http://www.google.com/bot.html)"
180.76.15.147 - - [25/Sep/2015:01:52:56 -0700] "GET / HTTP/1.1" 200 6114 "-" "Mozilla/5.0 (compatible; Baiduspider/2.0; +http://www.baidu.com/search/spider.html)"
123.125.71.29 - - [25/Sep/2015:02:00:14 -0700] "-" 408 0 "-" "-"
218.246.34.99 - - [25/Sep/2015:02:02:28 -0700] "POST /toindex.do HTTP/1.1" 404 552 "-" "Mozilla/5.0"
218.246.34.99 - - [25/Sep/2015:02:02:30 -0700] "POST /view.do HTTP/1.1" 404 549 "-" "Mozilla/5.0"
170.75.162.130 - - [25/Sep/2015:02:14:10 -0700] "GET /lib/reccapi.php?resort=arapahoebasin HTTP/1.1" 200 995 "-" "node-superagent/0.18.2"
170.75.162.130 - - [25/Sep/2015:02:17:11 -0700] "GET /lib/reccapi.php?resort=silverstarmountain HTTP/1.1" 200 925 "-" "node-superagent/0.18.2"
180.76.15.12 - - [25/Sep/2015:02:17:50 -0700] "GET /resorts?resort=49degreesnorth&date=2014-01-08 HTTP/1.1" 404 472 "-" "Mozilla/5.0 (compatible; Baiduspider/2.0; +http://www.baidu.com/search/spider.html)"
180.76.15.5 - - [25/Sep/2015:02:23:25 -0700] "GET /resorts?resort=pajaritomountain&date=2014-04-21 HTTP/1.1" 404 472 "-" "Mozilla/5.0 (compatible; Baiduspider/2.0; +http://www.baidu.com/search/spider.html)"
170.75.162.130 - - [25/Sep/2015:02:29:42 -0700] "GET /lib/reccapi.php?resort=mammothmountain HTTP/1.1" 200 989 "-" "node-superagent/0.18.2"
170.75.162.130 - - [25/Sep/2015:02:32:52 -0700] "GET /lib/reccapi.php?resort=northstar-at-tahoe HTTP/1.1" 200 959 "-" "node-superagent/0.18.2"
170.75.162.130 - - [25/Sep/2015:02:36:02 -0700] "GET /lib/reccapi.php?resort=winterpark HTTP/1.1" 200 985 "-" "node-superagent/0.18.2"
66.249.79.227 - - [25/Sep/2015:02:36:49 -0700] "GET /resorts?resort=northstar-at-tahoe HTTP/1.1" 404 506 "-" "Mozilla/5.0 (compatible; Googlebot/2.1; +http://www.google.com/bot.html)"
218.246.34.99 - - [25/Sep/2015:02:40:51 -0700] "POST /view.action HTTP/1.1" 404 553 "-" "Mozilla/5.0"
180.76.15.159 - - [25/Sep/2015:02:41:55 -0700] "GET / HTTP/1.1" 200 6114 "-" "Mozilla/5.0 (compatible; Baiduspider/2.0; +http://www.baidu.com/search/spider.html)"
180.76.15.134 - - [25/Sep/2015:02:42:37 -0700] "GET / HTTP/1.1" 200 6114 "-" "Mozilla/5.0 (compatible; Baiduspider/2.0; +http://www.baidu.com/search/spider.html)"
170.75.162.130 - - [25/Sep/2015:02:57:54 -0700] "GET /lib/reccapi.php?resort=alta HTTP/1.1" 200 936 "-" "node-superagent/0.18.2"
174.62.219.188 - - [25/Sep/2015:02:58:17 -0700] "GET /images/wsis-logo-sm.png HTTP/1.1" 200 6108 "http://www.thebackcountry.net/" "Mozilla/5.0 (Macintosh; Intel Mac OS X 10_6_8) AppleWebKit/537.36 (KHTML, like Gecko) Chrome/45.0.2454.99 Safari/537.36"
123.125.71.88 - - [25/Sep/2015:03:05:04 -0700] "-" 408 0 "-" "-"
220.181.108.100 - - [25/Sep/2015:03:11:49 -0700] "-" 408 0 "-" "-"
157.55.39.181 - - [25/Sep/2015:03:36:29 -0700] "GET /viz/2012-2013-viz.php HTTP/1.1" 404 506 "-" "Mozilla/5.0 (compatible; bingbot/2.0; +http://www.bing.com/bingbot.htm)"
116.114.83.15 - - [25/Sep/2015:03:36:48 -0700] "GET /docs/funcspecs/3.jsp HTTP/1.1" 404 481 "http://65.74.153.170/docs/funcspecs/3.jsp" "Mozilla/3.0 (compatible; Indy Library)"
177.190.93.170 - - [25/Sep/2015:03:41:43 -0700] "GET / HTTP/1.1" 200 2376 "http://buttons-for-website.com" "Mozilla/5.0 (Windows NT 6.1; WOW64) AppleWebKit/537.36 (KHTML, like Gecko) Chrome/36.0.1985.143 Safari/537.36"
177.190.93.170 - - [25/Sep/2015:03:41:44 -0700] "GET /styles/0fffd548.main.css HTTP/1.1" 200 19316 "http://whereshouldiski.com/" "Mozilla/5.0 (Windows NT 6.1; WOW64) AppleWebKit/537.36 (KHTML, like Gecko) Chrome/36.0.1985.143 Safari/537.36"
177.190.93.170 - - [25/Sep/2015:03:41:44 -0700] "GET /scripts/scripts/vendor/modernizr.js HTTP/1.1" 200 4903 "http://whereshouldiski.com/" "Mozilla/5.0 (Windows NT 6.1; WOW64) AppleWebKit/537.36 (KHTML, like Gecko) Chrome/36.0.1985.143 Safari/537.36"
177.190.93.170 - - [25/Sep/2015:03:41:44 -0700] "GET /bower_components/requirejs/require.js HTTP/1.1" 200 6702 "http://whereshouldiski.com/" "Mozilla/5.0 (Windows NT 6.1; WOW64) AppleWebKit/537.36 (KHTML, like Gecko) Chrome/36.0.1985.143 Safari/537.36"
177.190.93.170 - - [25/Sep/2015:03:41:46 -0700] "GET /images/logo-sm.png HTTP/1.1" 200 16737 "http://whereshouldiski.com/" "Mozilla/5.0 (Windows NT 6.1; WOW64) AppleWebKit/537.36 (KHTML, like Gecko) Chrome/36.0.1985.143 Safari/537.36"
177.190.93.170 - - [25/Sep/2015:03:41:46 -0700] "GET /images/loading.gif HTTP/1.1" 200 13881 "http://whereshouldiski.com/" "Mozilla/5.0 (Windows NT 6.1; WOW64) AppleWebKit/537.36 (KHTML, like Gecko) Chrome/36.0.1985.143 Safari/537.36"
177.190.93.170 - - [25/Sep/2015:03:41:46 -0700] "GET /scripts/fa48e319.main.js HTTP/1.1" 200 123455 "http://whereshouldiski.com/" "Mozilla/5.0 (Windows NT 6.1; WOW64) AppleWebKit/537.36 (KHTML, like Gecko) Chrome/36.0.1985.143 Safari/537.36"
180.76.15.5 - - [25/Sep/2015:03:55:17 -0700] "GET / HTTP/1.1" 200 6114 "-" "Mozilla/5.0 (compatible; Baiduspider/2.0; +http://www.baidu.com/search/spider.html)"
180.76.15.24 - - [25/Sep/2015:03:56:08 -0700] "GET / HTTP/1.1" 200 6114 "-" "Mozilla/5.0 (compatible; Baiduspider/2.0; +http://www.baidu.com/search/spider.html)"
123.125.71.34 - - [25/Sep/2015:03:59:28 -0700] "GET / HTTP/1.1" 200 2339 "-" "Mozilla/5.0 (Windows NT 5.1; rv:6.0.2) Gecko/20100101 Firefox/6.0.2"
123.125.71.28 - - [25/Sep/2015:03:59:29 -0700] "GET / HTTP/1.1" 200 6114 "-" "Mozilla/5.0 (Windows NT 5.1; rv:6.0.2) Gecko/20100101 Firefox/6.0.2"
220.181.108.105 - - [25/Sep/2015:04:09:10 -0700] "-" 408 0 "-" "-"
180.76.15.136 - - [25/Sep/2015:04:14:03 -0700] "GET /resorts?resort=mountbohemia&date=2014-01-18 HTTP/1.1" 404 472 "-" "Mozilla/5.0 (compatible; Baiduspider/2.0; +http://www.baidu.com/search/spider.html)"
91.196.50.33 - - [25/Sep/2015:04:28:19 -0700] "GET http://testp4.pospr.waw.pl/testproxy.php HTTP/1.1" 404 448 "-" "Mozilla/5.0 (Windows NT 5.1; rv:32.0) Gecko/20100101 Firefox/31.0"
170.75.162.130 - - [25/Sep/2015:04:41:29 -0700] "GET /lib/reccapi.php?resort=mountainhigh HTTP/1.1" 200 990 "-" "node-superagent/0.18.2"
67.213.90.29 - - [25/Sep/2015:04:45:06 -0700] "GET /robots.txt HTTP/1.1" 200 338 "-" "Mozilla/5.0 (compatible; MSIE 10.0; Windows NT 6.2; WOW64; Trident/6.0)"
67.213.90.29 - - [25/Sep/2015:04:45:14 -0700] "GET / HTTP/1.1" 200 6114 "-" "Mozilla/5.0 (compatible; MSIE 10.0; Windows NT 6.2; WOW64; Trident/6.0)"
67.213.90.29 - - [25/Sep/2015:04:45:21 -0700] "GET /img HTTP/1.1" 404 495 "-" "Mozilla/5.0 (compatible; MSIE 10.0; Windows NT 6.2; WOW64; Trident/6.0)"
67.213.90.29 - - [25/Sep/2015:04:45:28 -0700] "GET /about HTTP/1.1" 404 495 "-" "Mozilla/5.0 (compatible; MSIE 10.0; Windows NT 6.2; WOW64; Trident/6.0)"
67.213.90.29 - - [25/Sep/2015:04:45:35 -0700] "GET /search HTTP/1.1" 404 495 "-" "Mozilla/5.0 (compatible; MSIE 10.0; Windows NT 6.2; WOW64; Trident/6.0)"
67.213.90.29 - - [25/Sep/2015:04:45:42 -0700] "GET /resorts HTTP/1.1" 404 495 "-" "Mozilla/5.0 (compatible; MSIE 10.0; Windows NT 6.2; WOW64; Trident/6.0)"
67.213.90.29 - - [25/Sep/2015:04:45:49 -0700] "GET /feedback HTTP/1.1" 404 495 "-" "Mozilla/5.0 (compatible; MSIE 10.0; Windows NT 6.2; WOW64; Trident/6.0)"
91.200.12.49 - - [25/Sep/2015:04:49:31 -0700] "GET /xmlrpc.php HTTP/1.1" 404 476 "http://whereshouldiski.com/xmlrpc.php" "\"Mozilla/5.0 (Windows NT 6.1; WOW64; rv:32.0) Gecko/20100101 Firefox/32.0\""
170.75.162.130 - - [25/Sep/2015:04:57:50 -0700] "GET /lib/reccapi.php?resort=angelfire HTTP/1.1" 200 989 "-" "node-superagent/0.18.2"
170.75.162.130 - - [25/Sep/2015:04:57:50 -0700] "GET /lib/reccapi.php?resort=taos HTTP/1.1" 200 954 "-" "node-superagent/0.18.2"
93.63.195.10 - - [25/Sep/2015:05:00:20 -0700] "GET /robots.txt HTTP/1.0" 200 375 "-" "Mozilla/5.0 (compatible; MJ12bot/v1.4.5; http://www.majestic12.co.uk/bot.php?+)"
93.63.195.10 - - [25/Sep/2015:05:00:22 -0700] "GET / HTTP/1.1" 200 6095 "-" "Mozilla/5.0 (compatible; MJ12bot/v1.4.5; http://www.majestic12.co.uk/bot.php?+)"
170.75.162.130 - - [25/Sep/2015:05:00:30 -0700] "GET /lib/reccapi.php?resort=49degreesnorth HTTP/1.1" 200 1009 "-" "node-superagent/0.18.2"
170.75.162.130 - - [25/Sep/2015:05:00:30 -0700] "GET /lib/reccapi.php?resort=crystalmountain HTTP/1.1" 200 1033 "-" "node-superagent/0.18.2"
170.75.162.130 - - [25/Sep/2015:05:00:30 -0700] "GET /lib/reccapi.php?resort=mountspokane HTTP/1.1" 200 973 "-" "node-superagent/0.18.2"
170.75.162.130 - - [25/Sep/2015:05:00:30 -0700] "GET /lib/reccapi.php?resort=stevenspass HTTP/1.1" 200 1032 "-" "node-superagent/0.18.2"
93.63.195.10 - - [25/Sep/2015:05:00:47 -0700] "GET /robots.txt HTTP/1.0" 200 375 "-" "Mozilla/5.0 (compatible; MJ12bot/v1.4.5; http://www.majestic12.co.uk/bot.php?+)"
93.63.195.10 - - [25/Sep/2015:05:00:50 -0700] "GET / HTTP/1.1" 200 6095 "-" "Mozilla/5.0 (compatible; MJ12bot/v1.4.5; http://www.majestic12.co.uk/bot.php?+)"
123.125.71.107 - - [25/Sep/2015:05:01:30 -0700] "-" 408 0 "-" "-"
180.76.15.26 - - [25/Sep/2015:05:02:09 -0700] "GET / HTTP/1.1" 200 6114 "-" "Mozilla/5.0 (compatible; Baiduspider/2.0; +http://www.baidu.com/search/spider.html)"
180.76.15.12 - - [25/Sep/2015:05:03:44 -0700] "GET / HTTP/1.1" 200 6114 "-" "Mozilla/5.0 (compatible; Baiduspider/2.0; +http://www.baidu.com/search/spider.html)"
220.181.108.179 - - [25/Sep/2015:05:07:15 -0700] "-" 408 0 "-" "-"
180.76.15.7 - - [25/Sep/2015:05:09:10 -0700] "GET /resorts?resort=laslenas&date=2014-09-25 HTTP/1.1" 404 472 "-" "Mozilla/5.0 (compatible; Baiduspider/2.0; +http://www.baidu.com/search/spider.html)"
180.76.15.163 - - [25/Sep/2015:05:37:24 -0700] "GET / HTTP/1.1" 200 6114 "-" "Mozilla/5.0 (compatible; Baiduspider/2.0; +http://www.baidu.com/search/spider.html)"
180.76.15.22 - - [25/Sep/2015:05:38:00 -0700] "GET / HTTP/1.1" 200 6114 "-" "Mozilla/5.0 (compatible; Baiduspider/2.0; +http://www.baidu.com/search/spider.html)"
46.229.164.102 - - [25/Sep/2015:05:53:56 -0700] "GET /resorts?resort=redmountain HTTP/1.1" 404 469 "-" "Mozilla/5.0 (compatible; SemrushBot/0.99~bl; +http://www.semrush.com/bot.html)"
170.75.162.130 - - [25/Sep/2015:05:54:44 -0700] "GET /lib/reccapi.php?resort=jaypeak HTTP/1.1" 200 990 "-" "node-superagent/0.18.2"
170.75.162.130 - - [25/Sep/2015:05:54:44 -0700] "GET /lib/reccapi.php?resort=killington HTTP/1.1" 200 980 "-" "node-superagent/0.18.2"
170.75.162.130 - - [25/Sep/2015:05:54:44 -0700] "GET /lib/reccapi.php?resort=madriverglen HTTP/1.1" 200 978 "-" "node-superagent/0.18.2"
170.75.162.130 - - [25/Sep/2015:05:54:45 -0700] "GET /lib/reccapi.php?resort=smugglersnotch HTTP/1.1" 200 984 "-" "node-superagent/0.18.2"
170.75.162.130 - - [25/Sep/2015:05:54:45 -0700] "GET /lib/reccapi.php?resort=stowe HTTP/1.1" 200 960 "-" "node-superagent/0.18.2"
170.75.162.130 - - [25/Sep/2015:05:54:45 -0700] "GET /lib/reccapi.php?resort=sugarbush HTTP/1.1" 200 986 "-" "node-superagent/0.18.2"
170.75.162.130 - - [25/Sep/2015:05:57:54 -0700] "GET /lib/reccapi.php?resort=alpinemeadows HTTP/1.1" 200 979 "-" "node-superagent/0.18.2"
170.75.162.130 - - [25/Sep/2015:05:57:54 -0700] "GET /lib/reccapi.php?resort=homewoodmountain HTTP/1.1" 200 994 "-" "node-superagent/0.18.2"
170.75.162.130 - - [25/Sep/2015:05:57:54 -0700] "GET /lib/reccapi.php?resort=kirkwood HTTP/1.1" 200 1020 "-" "node-superagent/0.18.2"
170.75.162.130 - - [25/Sep/2015:05:57:55 -0700] "GET /lib/reccapi.php?resort=mtrose HTTP/1.1" 200 957 "-" "node-superagent/0.18.2"
170.75.162.130 - - [25/Sep/2015:05:57:55 -0700] "GET /lib/reccapi.php?resort=sugarbowl HTTP/1.1" 200 954 "-" "node-superagent/0.18.2"
170.75.162.130 - - [25/Sep/2015:06:01:35 -0700] "GET /lib/reccapi.php?resort=sunpeaksresort HTTP/1.1" 200 912 "-" "node-superagent/0.18.2"
123.125.71.25 - - [25/Sep/2015:06:06:43 -0700] "GET / HTTP/1.1" 200 2339 "-" "Mozilla/5.0 (Windows NT 5.1; rv:6.0.2) Gecko/20100101 Firefox/6.0.2"
123.125.71.18 - - [25/Sep/2015:06:06:43 -0700] "GET / HTTP/1.1" 200 6114 "-" "Mozilla/5.0 (Windows NT 5.1; rv:6.0.2) Gecko/20100101 Firefox/6.0.2"
46.229.164.99 - - [25/Sep/2015:06:07:03 -0700] "GET /index.php HTTP/1.1" 404 469 "-" "Mozilla/5.0 (compatible; SemrushBot/0.99~bl; +http://www.semrush.com/bot.html)"
66.71.247.94 - - [25/Sep/2015:06:07:35 -0700] "GET /mysql/scripts/setup.php HTTP/1.0" 404 518 "-" "-"
220.181.108.180 - - [25/Sep/2015:06:15:03 -0700] "-" 408 0 "-" "-"
46.229.164.100 - - [25/Sep/2015:06:15:59 -0700] "GET /resorts?resort=monarch HTTP/1.1" 404 469 "-" "Mozilla/5.0 (compatible; SemrushBot/0.99~bl; +http://www.semrush.com/bot.html)"
170.75.162.130 - - [25/Sep/2015:06:19:26 -0700] "GET /lib/reccapi.php?resort=brighton HTTP/1.1" 200 943 "-" "node-superagent/0.18.2"
82.116.160.44 - - [25/Sep/2015:06:20:00 -0700] "GET /images/wsis-logo-sm.png HTTP/1.1" 200 6108 "http://www.thebackcountry.net/" "Mozilla/5.0 (Windows NT 6.1; WOW64; rv:35.0) Gecko/20100101 Firefox/35.0"
136.243.237.207 - - [25/Sep/2015:06:23:34 -0700] "GET / HTTP/1.1" 200 6095 "-" "Mozilla/5.0 (Windows NT 6.1; rv:10.0.1) Gecko/20100101 Firefox/10.0.1"
136.243.237.207 - - [25/Sep/2015:06:23:34 -0700] "GET /robots.txt HTTP/1.1" 200 319 "-" "Mozilla/5.0 (Windows NT 6.1; rv:10.0.1) Gecko/20100101 Firefox/10.0.1"
79.173.144.213 - - [25/Sep/2015:06:23:54 -0700] "GET / HTTP/1.1" 200 2376 "https://www.google.co.uk/" "Mozilla/5.0 (Windows NT 6.1) AppleWebKit/537.36 (KHTML, like Gecko) Chrome/43.0.2357.124 Safari/537.36"
79.173.144.213 - - [25/Sep/2015:06:23:54 -0700] "GET /styles/0fffd548.main.css HTTP/1.1" 200 19316 "http://whereshouldiski.com/" "Mozilla/5.0 (Windows NT 6.1) AppleWebKit/537.36 (KHTML, like Gecko) Chrome/43.0.2357.124 Safari/537.36"
79.173.144.213 - - [25/Sep/2015:06:23:54 -0700] "GET /images/logo-sm.png HTTP/1.1" 200 16738 "http://whereshouldiski.com/" "Mozilla/5.0 (Windows NT 6.1) AppleWebKit/537.36 (KHTML, like Gecko) Chrome/43.0.2357.124 Safari/537.36"
79.173.144.213 - - [25/Sep/2015:06:23:54 -0700] "GET /bower_components/requirejs/require.js HTTP/1.1" 200 6702 "http://whereshouldiski.com/" "Mozilla/5.0 (Windows NT 6.1) AppleWebKit/537.36 (KHTML, like Gecko) Chrome/43.0.2357.124 Safari/537.36"
79.173.144.213 - - [25/Sep/2015:06:23:54 -0700] "GET /scripts/scripts/vendor/modernizr.js HTTP/1.1" 200 4903 "http://whereshouldiski.com/" "Mozilla/5.0 (Windows NT 6.1) AppleWebKit/537.36 (KHTML, like Gecko) Chrome/43.0.2357.124 Safari/537.36"
79.173.144.213 - - [25/Sep/2015:06:23:54 -0700] "GET /images/loading.gif HTTP/1.1" 200 13881 "http://whereshouldiski.com/" "Mozilla/5.0 (Windows NT 6.1) AppleWebKit/537.36 (KHTML, like Gecko) Chrome/43.0.2357.124 Safari/537.36"
79.173.144.213 - - [25/Sep/2015:06:23:54 -0700] "GET /scripts/fa48e319.main.js HTTP/1.1" 200 123455 "http://whereshouldiski.com/" "Mozilla/5.0 (Windows NT 6.1) AppleWebKit/537.36 (KHTML, like Gecko) Chrome/43.0.2357.124 Safari/537.36"
79.173.144.213 - - [25/Sep/2015:06:23:57 -0700] "GET /favicon.ico HTTP/1.1" 200 1475 "http://whereshouldiski.com/" "Mozilla/5.0 (Windows NT 6.1) AppleWebKit/537.36 (KHTML, like Gecko) Chrome/43.0.2357.124 Safari/537.36"
79.173.144.213 - - [25/Sep/2015:06:23:57 -0700] "GET /images/button.png HTTP/1.1" 200 598 "http://whereshouldiski.com/styles/0fffd548.main.css" "Mozilla/5.0 (Windows NT 6.1) AppleWebKit/537.36 (KHTML, like Gecko) Chrome/43.0.2357.124 Safari/537.36"
79.173.144.213 - - [25/Sep/2015:06:23:57 -0700] "GET /images/greyHeader.png HTTP/1.1" 200 508 "http://whereshouldiski.com/styles/0fffd548.main.css" "Mozilla/5.0 (Windows NT 6.1) AppleWebKit/537.36 (KHTML, like Gecko) Chrome/43.0.2357.124 Safari/537.36"
79.173.144.213 - - [25/Sep/2015:06:23:57 -0700] "GET /lib/reccapi.php?fields=t HTTP/1.1" 200 1744 "http://whereshouldiski.com/" "Mozilla/5.0 (Windows NT 6.1) AppleWebKit/537.36 (KHTML, like Gecko) Chrome/43.0.2357.124 Safari/537.36"
79.173.144.213 - - [25/Sep/2015:06:23:58 -0700] "GET /images/snowflake5.png HTTP/1.1" 200 2857 "http://whereshouldiski.com/styles/0fffd548.main.css" "Mozilla/5.0 (Windows NT 6.1) AppleWebKit/537.36 (KHTML, like Gecko) Chrome/43.0.2357.124 Safari/537.36"
79.173.144.213 - - [25/Sep/2015:06:23:58 -0700] "GET /images/star5.png HTTP/1.1" 200 1783 "http://whereshouldiski.com/styles/0fffd548.main.css" "Mozilla/5.0 (Windows NT 6.1) AppleWebKit/537.36 (KHTML, like Gecko) Chrome/43.0.2357.124 Safari/537.36"
79.173.144.213 - - [25/Sep/2015:06:23:58 -0700] "GET /images/bluebird5.png HTTP/1.1" 200 2177 "http://whereshouldiski.com/styles/0fffd548.main.css" "Mozilla/5.0 (Windows NT 6.1) AppleWebKit/537.36 (KHTML, like Gecko) Chrome/43.0.2357.124 Safari/537.36"
79.173.144.213 - - [25/Sep/2015:06:23:58 -0700] "GET /images/mtns-icon.png HTTP/1.1" 200 1096 "http://whereshouldiski.com/styles/0fffd548.main.css" "Mozilla/5.0 (Windows NT 6.1) AppleWebKit/537.36 (KHTML, like Gecko) Chrome/43.0.2357.124 Safari/537.36"
79.173.144.213 - - [25/Sep/2015:06:23:58 -0700] "GET /images/shading-icon.png HTTP/1.1" 200 537 "http://whereshouldiski.com/styles/0fffd548.main.css" "Mozilla/5.0 (Windows NT 6.1) AppleWebKit/537.36 (KHTML, like Gecko) Chrome/43.0.2357.124 Safari/537.36"
46.229.164.100 - - [25/Sep/2015:06:25:08 -0700] "GET /resorts?resort=eaglepoint HTTP/1.1" 404 469 "-" "Mozilla/5.0 (compatible; SemrushBot/0.99~bl; +http://www.semrush.com/bot.html)"
170.75.162.130 - - [25/Sep/2015:06:31:27 -0700] "GET /lib/reccapi.php?resort=chinapeak HTTP/1.1" 200 986 "-" "node-superagent/0.18.2"
170.75.162.130 - - [25/Sep/2015:06:31:27 -0700] "GET /lib/reccapi.php?resort=heavenly HTTP/1.1" 200 983 "-" "node-superagent/0.18.2"
170.75.162.130 - - [25/Sep/2015:06:31:27 -0700] "GET /lib/reccapi.php?resort=mammothmountain HTTP/1.1" 200 989 "-" "node-superagent/0.18.2"
170.75.162.130 - - [25/Sep/2015:06:31:27 -0700] "GET /lib/reccapi.php?resort=sierra-at-tahoe HTTP/1.1" 200 1001 "-" "node-superagent/0.18.2"
170.75.162.130 - - [25/Sep/2015:06:31:28 -0700] "GET /lib/reccapi.php?resort=squawvalleyusa HTTP/1.1" 200 997 "-" "node-superagent/0.18.2"
170.75.162.130 - - [25/Sep/2015:06:33:27 -0700] "GET /lib/reccapi.php?resort=sugarloaf HTTP/1.1" 200 980 "-" "node-superagent/0.18.2"
46.229.164.98 - - [25/Sep/2015:06:34:09 -0700] "GET /resorts?resort=bearvalleymountain HTTP/1.1" 404 469 "-" "Mozilla/5.0 (compatible; SemrushBot/0.99~bl; +http://www.semrush.com/bot.html)"
170.75.162.130 - - [25/Sep/2015:06:34:47 -0700] "GET /lib/reccapi.php?resort=solitude HTTP/1.1" 200 935 "-" "node-superagent/0.18.2"
170.75.162.130 - - [25/Sep/2015:06:37:58 -0700] "GET /lib/reccapi.php?resort=schweitzer HTTP/1.1" 200 971 "-" "node-superagent/0.18.2"
170.75.162.130 - - [25/Sep/2015:06:41:08 -0700] "GET /lib/reccapi.php?resort=canyons HTTP/1.1" 200 969 "-" "node-superagent/0.18.2"
46.229.164.100 - - [25/Sep/2015:06:42:32 -0700] "GET /resorts?resort=angelfire HTTP/1.1" 404 469 "-" "Mozilla/5.0 (compatible; SemrushBot/0.99~bl; +http://www.semrush.com/bot.html)"
46.229.164.98 - - [25/Sep/2015:06:51:00 -0700] "GET /resorts?resort=porcupine HTTP/1.1" 404 469 "-" "Mozilla/5.0 (compatible; SemrushBot/0.99~bl; +http://www.semrush.com/bot.html)"
170.75.162.130 - - [25/Sep/2015:06:51:49 -0700] "GET /lib/reccapi.php?resort=bigwhite HTTP/1.1" 200 912 "-" "node-superagent/0.18.2"
170.75.162.130 - - [25/Sep/2015:06:51:49 -0700] "GET /lib/reccapi.php?resort=redmountain HTTP/1.1" 200 904 "-" "node-superagent/0.18.2"
170.75.162.130 - - [25/Sep/2015:06:51:49 -0700] "GET /lib/reccapi.php?resort=silverstarmountain HTTP/1.1" 200 927 "-" "node-superagent/0.18.2"
170.75.162.130 - - [25/Sep/2015:06:51:49 -0700] "GET /lib/reccapi.php?resort=whistlerblackcomb HTTP/1.1" 200 922 "-" "node-superagent/0.18.2"
180.76.15.155 - - [25/Sep/2015:06:52:22 -0700] "GET / HTTP/1.1" 200 6114 "-" "Mozilla/5.0 (compatible; Baiduspider/2.0; +http://www.baidu.com/search/spider.html)"
170.75.162.130 - - [25/Sep/2015:06:54:09 -0700] "GET /lib/reccapi.php?resort=arapahoebasin HTTP/1.1" 200 993 "-" "node-superagent/0.18.2"
170.75.162.130 - - [25/Sep/2015:06:54:09 -0700] "GET /lib/reccapi.php?resort=aspenmountain HTTP/1.1" 200 990 "-" "node-superagent/0.18.2"
170.75.162.130 - - [25/Sep/2015:06:54:09 -0700] "GET /lib/reccapi.php?resort=aspenheights HTTP/1.1" 200 1020 "-" "node-superagent/0.18.2"
170.75.162.130 - - [25/Sep/2015:06:54:09 -0700] "GET /lib/reccapi.php?resort=buttermilk HTTP/1.1" 200 977 "-" "node-superagent/0.18.2"
170.75.162.130 - - [25/Sep/2015:06:54:09 -0700] "GET /lib/reccapi.php?resort=coppermountain HTTP/1.1" 200 1007 "-" "node-superagent/0.18.2"
170.75.162.130 - - [25/Sep/2015:06:54:09 -0700] "GET /lib/reccapi.php?resort=crestedbutte HTTP/1.1" 200 1016 "-" "node-superagent/0.18.2"
170.75.162.130 - - [25/Sep/2015:06:54:09 -0700] "GET /lib/reccapi.php?resort=keystone HTTP/1.1" 200 980 "-" "node-superagent/0.18.2"
170.75.162.130 - - [25/Sep/2015:06:54:09 -0700] "GET /lib/reccapi.php?resort=loveland HTTP/1.1" 200 998 "-" "node-superagent/0.18.2"
170.75.162.130 - - [25/Sep/2015:06:54:09 -0700] "GET /lib/reccapi.php?resort=monarch HTTP/1.1" 200 972 "-" "node-superagent/0.18.2"
170.75.162.130 - - [25/Sep/2015:06:54:09 -0700] "GET /lib/reccapi.php?resort=snowmass HTTP/1.1" 200 970 "-" "node-superagent/0.18.2"
170.75.162.130 - - [25/Sep/2015:06:54:09 -0700] "GET /lib/reccapi.php?resort=steamboat HTTP/1.1" 200 980 "-" "node-superagent/0.18.2"
170.75.162.130 - - [25/Sep/2015:06:54:09 -0700] "GET /lib/reccapi.php?resort=telluride HTTP/1.1" 200 975 "-" "node-superagent/0.18.2"
170.75.162.130 - - [25/Sep/2015:06:55:09 -0700] "GET /lib/reccapi.php?resort=winterpark HTTP/1.1" 200 985 "-" "node-superagent/0.18.2"
46.229.164.102 - - [25/Sep/2015:06:59:14 -0700] "GET /resorts?resort=alta HTTP/1.1" 404 469 "-" "Mozilla/5.0 (compatible; SemrushBot/0.99~bl; +http://www.semrush.com/bot.html)"
170.75.162.130 - - [25/Sep/2015:06:59:59 -0700] "GET /lib/reccapi.php?resort=whitefacemountain HTTP/1.1" 200 988 "-" "node-superagent/0.18.2"
180.76.15.11 - - [25/Sep/2015:07:03:11 -0700] "GET /resorts?resort=killington&date=2014-01-20 HTTP/1.1" 404 472 "-" "Mozilla/5.0 (compatible; Baiduspider/2.0; +http://www.baidu.com/search/spider.html)"
123.125.71.30 - - [25/Sep/2015:07:03:50 -0700] "-" 408 0 "-" "-"
46.229.164.102 - - [25/Sep/2015:07:07:09 -0700] "GET /resorts?resort=mountbachelor HTTP/1.1" 404 469 "-" "Mozilla/5.0 (compatible; SemrushBot/0.99~bl; +http://www.semrush.com/bot.html)"
123.125.71.20 - - [25/Sep/2015:07:09:13 -0700] "GET / HTTP/1.1" 200 2339 "-" "Mozilla/5.0 (compatible; Baiduspider/2.0; +http://www.baidu.com/search/spider.html)"
220.181.108.163 - - [25/Sep/2015:07:09:15 -0700] "GET /scripts/scripts/vendor/modernizr.js HTTP/1.1" 200 11379 "http://whereshouldiski.com/" "Mozilla/5.0 (compatible; Baiduspider/2.0; +http://www.baidu.com/search/spider.html)"
220.181.108.156 - - [25/Sep/2015:07:09:17 -0700] "GET /styles/0fffd548.main.css HTTP/1.1" 200 108822 "http://whereshouldiski.com/" "Mozilla/5.0 (compatible; Baiduspider/2.0; +http://www.baidu.com/search/spider.html)"
123.125.71.14 - - [25/Sep/2015:07:09:31 -0700] "GET /bower_components/requirejs/require.js HTTP/1.1" 200 17128 "http://whereshouldiski.com/" "Mozilla/5.0 (compatible; Baiduspider/2.0; +http://www.baidu.com/search/spider.html)"
220.181.108.179 - - [25/Sep/2015:07:09:59 -0700] "-" 408 0 "-" "-"
80.89.209.48 - - [25/Sep/2015:07:17:28 -0700] "GET /images/wsis-logo-sm.png HTTP/1.1" 200 6108 "http://www.thebackcountry.net/" "Mozilla/5.0 (Windows NT 6.1; WOW64; Trident/7.0; rv:11.0) like Gecko"
80.89.209.48 - - [25/Sep/2015:07:17:50 -0700] "-" 408 0 "-" "-"
104.197.151.183 - - [25/Sep/2015:07:30:40 -0700] "GET / HTTP/1.0" 200 6151 "-" "NerdyBot"
66.249.79.234 - - [25/Sep/2015:07:35:10 -0700] "GET /resorts?resort=gore&date=2014-02-22 HTTP/1.1" 404 506 "-" "Mozilla/5.0 (iPhone; CPU iPhone OS 8_3 like Mac OS X) AppleWebKit/600.1.4 (KHTML, like Gecko) Version/8.0 Mobile/12F70 Safari/600.1.4 (compatible; Googlebot/2.1; +http://www.google.com/bot.html)"
66.249.79.220 - - [25/Sep/2015:07:41:24 -0700] "GET / HTTP/1.1" 200 2376 "-" "Mozilla/5.0 (compatible; Googlebot/2.1; +http://www.google.com/bot.html)"
180.76.15.160 - - [25/Sep/2015:07:45:55 -0700] "GET / HTTP/1.1" 200 6114 "-" "Mozilla/5.0 (compatible; Baiduspider/2.0; +http://www.baidu.com/search/spider.html)"
180.76.15.22 - - [25/Sep/2015:07:46:59 -0700] "GET / HTTP/1.1" 200 6114 "-" "Mozilla/5.0 (compatible; Baiduspider/2.0; +http://www.baidu.com/search/spider.html)"
66.87.78.6 - - [25/Sep/2015:07:49:00 -0700] "GET /images/wsis-logo-sm.png HTTP/1.1" 200 6108 "http://www.thebackcountry.net/" "Mozilla/5.0 (iPhone; CPU iPhone OS 7_1_2 like Mac OS X) AppleWebKit/537.51.2 (KHTML, like Gecko) Version/7.0 Mobile/11D257 Safari/9537.53"
170.75.162.130 - - [25/Sep/2015:08:00:24 -0700] "GET /lib/reccapi.php?resort=brianhead HTTP/1.1" 200 984 "-" "node-superagent/0.18.2"
170.75.162.130 - - [25/Sep/2015:08:04:04 -0700] "GET /lib/reccapi.php?resort=diamondpeak HTTP/1.1" 200 932 "-" "node-superagent/0.18.2"
170.75.162.130 - - [25/Sep/2015:08:04:04 -0700] "GET /lib/reccapi.php?resort=sundayriver HTTP/1.1" 200 948 "-" "node-superagent/0.18.2"
123.125.71.40 - - [25/Sep/2015:08:05:35 -0700] "-" 408 0 "-" "-"
