136.243.5.87 - - [12/May/2015:12:39:21 -0700] "GET /resorts?resort=parkcity HTTP/1.0" 404 495 "-" "Mozilla/5.0 (compatible; MJ12bot/v1.4.5; http://www.majestic12.co.uk/bot.php?+)"
136.243.5.87 - - [12/May/2015:12:39:35 -0700] "GET /robots.txt HTTP/1.0" 200 338 "-" "Mozilla/5.0 (compatible; MJ12bot/v1.4.5; http://www.majestic12.co.uk/bot.php?+)"
136.243.5.87 - - [12/May/2015:12:39:48 -0700] "GET /resorts?resort=redlodge HTTP/1.0" 404 495 "-" "Mozilla/5.0 (compatible; MJ12bot/v1.4.5; http://www.majestic12.co.uk/bot.php?+)"
136.243.5.87 - - [12/May/2015:12:40:12 -0700] "GET /resorts?resort=schweitzer HTTP/1.0" 404 469 "-" "Mozilla/5.0 (compatible; MJ12bot/v1.4.5; http://www.majestic12.co.uk/bot.php?+)"
136.243.5.87 - - [12/May/2015:12:40:31 -0700] "GET /resorts?resort=smugglersnotch HTTP/1.0" 404 469 "-" "Mozilla/5.0 (compatible; MJ12bot/v1.4.5; http://www.majestic12.co.uk/bot.php?+)"
136.243.5.87 - - [12/May/2015:12:40:53 -0700] "GET /resorts?resort=snowbasin HTTP/1.0" 404 469 "-" "Mozilla/5.0 (compatible; MJ12bot/v1.4.5; http://www.majestic12.co.uk/bot.php?+)"
136.243.5.87 - - [12/May/2015:12:41:04 -0700] "GET /resorts?resort=snowbird HTTP/1.0" 404 469 "-" "Mozilla/5.0 (compatible; MJ12bot/v1.4.5; http://www.majestic12.co.uk/bot.php?+)"
136.243.5.87 - - [12/May/2015:12:45:30 -0700] "GET /robots.txt HTTP/1.0" 200 338 "-" "Mozilla/5.0 (compatible; MJ12bot/v1.4.5; http://www.majestic12.co.uk/bot.php?+)"
136.243.5.87 - - [12/May/2015:12:45:36 -0700] "GET /resorts?resort=solitude HTTP/1.0" 404 495 "-" "Mozilla/5.0 (compatible; MJ12bot/v1.4.5; http://www.majestic12.co.uk/bot.php?+)"
136.243.5.87 - - [12/May/2015:12:45:43 -0700] "GET /resorts?resort=steamboat HTTP/1.0" 404 469 "-" "Mozilla/5.0 (compatible; MJ12bot/v1.4.5; http://www.majestic12.co.uk/bot.php?+)"
136.243.5.87 - - [12/May/2015:12:45:57 -0700] "GET /resorts?resort=sugarbush HTTP/1.0" 404 469 "-" "Mozilla/5.0 (compatible; MJ12bot/v1.4.5; http://www.majestic12.co.uk/bot.php?+)"
136.243.5.87 - - [12/May/2015:12:46:04 -0700] "GET /resorts?resort=sugarloaf HTTP/1.0" 404 469 "-" "Mozilla/5.0 (compatible; MJ12bot/v1.4.5; http://www.majestic12.co.uk/bot.php?+)"
136.243.5.87 - - [12/May/2015:12:46:18 -0700] "GET /resorts?resort=sunpeaksresort HTTP/1.0" 404 469 "-" "Mozilla/5.0 (compatible; MJ12bot/v1.4.5; http://www.majestic12.co.uk/bot.php?+)"
136.243.5.87 - - [12/May/2015:12:46:28 -0700] "GET /resorts?resort=telluride HTTP/1.0" 404 469 "-" "Mozilla/5.0 (compatible; MJ12bot/v1.4.5; http://www.majestic12.co.uk/bot.php?+)"
136.243.5.87 - - [12/May/2015:12:46:32 -0700] "GET /resorts?resort=whistlerblackcomb HTTP/1.0" 404 469 "-" "Mozilla/5.0 (compatible; MJ12bot/v1.4.5; http://www.majestic12.co.uk/bot.php?+)"
136.243.5.87 - - [12/May/2015:12:46:43 -0700] "GET /resorts?resort=whitefacemountain HTTP/1.0" 404 469 "-" "Mozilla/5.0 (compatible; MJ12bot/v1.4.5; http://www.majestic12.co.uk/bot.php?+)"
71.140.31.214 - - [12/May/2015:12:47:31 -0700] "GET /images/wsis-logo-sm.png HTTP/1.1" 200 6108 "http://thebackcountry.net/" "Mozilla/4.0 (compatible; MSIE 8.0; Windows NT 5.1; Trident/4.0; .NET CLR 2.0.50727; .NET CLR 3.0.4506.2152; .NET CLR 3.5.30729; 786908940603; Build/14.08001)"
170.75.162.130 - - [12/May/2015:12:50:10 -0700] "GET /lib/reccapi.php?resort=arapahoebasin HTTP/1.1" 200 1057 "-" "node-superagent/0.18.2"
170.75.162.130 - - [12/May/2015:12:50:10 -0700] "GET /lib/reccapi.php?resort=49degreesnorth HTTP/1.1" 200 1070 "-" "node-superagent/0.18.2"
170.75.162.130 - - [12/May/2015:12:50:10 -0700] "GET /lib/reccapi.php?resort=alpinemeadows HTTP/1.1" 200 1004 "-" "node-superagent/0.18.2"
170.75.162.130 - - [12/May/2015:12:50:11 -0700] "GET /lib/reccapi.php?resort=alta HTTP/1.1" 200 1054 "-" "node-superagent/0.18.2"
170.75.162.130 - - [12/May/2015:12:50:11 -0700] "GET /lib/reccapi.php?resort=alyeska HTTP/1.1" 200 983 "-" "node-superagent/0.18.2"
170.75.162.130 - - [12/May/2015:12:50:11 -0700] "GET /lib/reccapi.php?resort=angelfire HTTP/1.1" 200 1039 "-" "node-superagent/0.18.2"
170.75.162.130 - - [12/May/2015:12:50:40 -0700] "GET /lib/reccapi.php?resort=stowe HTTP/1.1" 200 941 "-" "node-superagent/0.18.2"
71.177.10.122 - - [12/May/2015:12:54:46 -0700] "GET /images/wsis-logo-sm.png HTTP/1.1" 200 6108 "http://thebackcountry.net/" "Mozilla/5.0 (Windows NT 6.1; WOW64) AppleWebKit/537.36 (KHTML, like Gecko) Chrome/42.0.2311.135 Safari/537.36"
24.121.54.193 - - [12/May/2015:12:58:34 -0700] "GET /images/wsis-logo-sm.png HTTP/1.1" 200 6108 "http://www.thebackcountry.net/" "Mozilla/5.0 (iPhone; CPU iPhone OS 8_3 like Mac OS X) AppleWebKit/600.1.4 (KHTML, like Gecko) Version/8.0 Mobile/12F70 Safari/600.1.4"
170.75.162.130 - - [12/May/2015:12:59:51 -0700] "GET /lib/reccapi.php?resort=sugarbowl HTTP/1.1" 200 974 "-" "node-superagent/0.18.2"
123.125.71.40 - - [12/May/2015:13:03:21 -0700] "-" 408 0 "-" "-"
5.152.221.79 - - [12/May/2015:13:06:16 -0700] "GET /images/wsis-logo-sm.png HTTP/1.1" 200 6108 "http://www.thebackcountry.net/" "Mozilla/5.0 (Windows NT 6.3; WOW64; rv:37.0) Gecko/20100101 Firefox/37.0"
220.181.108.123 - - [12/May/2015:13:06:39 -0700] "-" 408 0 "-" "-"
216.52.242.14 - - [12/May/2015:13:08:53 -0700] "GET /images/viz-screenshot.png HTTP/1.1" 404 480 "-" "LinkedInBot/1.0 (compatible; Mozilla/5.0; Jakarta Commons-HttpClient/4.3 +http://www.linkedin.com)"
170.75.162.130 - - [12/May/2015:13:19:53 -0700] "GET /lib/reccapi.php?resort=jacksonhole HTTP/1.1" 200 1074 "-" "node-superagent/0.18.2"
208.115.111.66 - - [12/May/2015:13:22:52 -0700] "GET /resorts?resort=homewoodmountain&date=2014-11-03 HTTP/1.1" 404 476 "-" "Mozilla/5.0 (compatible; DotBot/1.1; http://www.opensiteexplorer.org/dotbot, help@moz.com)"
208.115.111.66 - - [12/May/2015:13:22:54 -0700] "GET /resorts?resort=monarch&date=2014-11-12 HTTP/1.1" 404 476 "-" "Mozilla/5.0 (compatible; DotBot/1.1; http://www.opensiteexplorer.org/dotbot, help@moz.com)"
208.115.111.66 - - [12/May/2015:13:22:57 -0700] "GET /resorts?resort=jaypeak&date=2014-09-30 HTTP/1.1" 404 476 "-" "Mozilla/5.0 (compatible; DotBot/1.1; http://www.opensiteexplorer.org/dotbot, help@moz.com)"
208.115.111.66 - - [12/May/2015:13:23:01 -0700] "GET /resorts?resort=chinapeak&date=2014-07-02 HTTP/1.1" 404 476 "-" "Mozilla/5.0 (compatible; DotBot/1.1; http://www.opensiteexplorer.org/dotbot, help@moz.com)"
208.115.111.66 - - [12/May/2015:13:23:05 -0700] "GET /resorts?resort=kirkwood&date=2014-07-02 HTTP/1.1" 404 476 "-" "Mozilla/5.0 (compatible; DotBot/1.1; http://www.opensiteexplorer.org/dotbot, help@moz.com)"
68.167.142.170 - - [12/May/2015:13:24:01 -0700] "GET /images/wsis-logo-sm.png HTTP/1.1" 200 6108 "http://www.thebackcountry.net/" "Mozilla/5.0 (Macintosh; Intel Mac OS X 10_9_5) AppleWebKit/537.36 (KHTML, like Gecko) Chrome/42.0.2311.135 Safari/537.36"
69.226.72.214 - - [12/May/2015:13:33:59 -0700] "GET /images/wsis-logo-sm.png HTTP/1.1" 200 6108 "http://www.thebackcountry.net/" "Mozilla/5.0 (Windows NT 6.1; WOW64) AppleWebKit/537.36 (KHTML, like Gecko) Chrome/42.0.2311.135 Safari/537.36"
170.75.162.130 - - [12/May/2015:13:39:05 -0700] "GET /lib/reccapi.php?resort=silverstarmountain HTTP/1.1" 200 927 "-" "node-superagent/0.18.2"
170.75.162.130 - - [12/May/2015:13:47:05 -0700] "GET /lib/reccapi.php?resort=sugarloaf HTTP/1.1" 200 1088 "-" "node-superagent/0.18.2"
208.115.111.66 - - [12/May/2015:13:48:54 -0700] "GET /resorts?resort=holidayvalley HTTP/1.1" 404 476 "-" "Mozilla/5.0 (compatible; DotBot/1.1; http://www.opensiteexplorer.org/dotbot, help@moz.com)"
208.115.111.66 - - [12/May/2015:13:48:55 -0700] "GET /resorts?resort=marquette&date=2014-11-01 HTTP/1.1" 404 476 "-" "Mozilla/5.0 (compatible; DotBot/1.1; http://www.opensiteexplorer.org/dotbot, help@moz.com)"
208.115.111.66 - - [12/May/2015:13:48:56 -0700] "GET /resorts?resort=mountbaker&date=2014-06-13 HTTP/1.1" 404 476 "-" "Mozilla/5.0 (compatible; DotBot/1.1; http://www.opensiteexplorer.org/dotbot, help@moz.com)"
208.115.111.66 - - [12/May/2015:13:48:56 -0700] "GET /resorts?resort=pebblecreek&date=2014-06-09 HTTP/1.1" 404 476 "-" "Mozilla/5.0 (compatible; DotBot/1.1; http://www.opensiteexplorer.org/dotbot, help@moz.com)"
208.115.111.66 - - [12/May/2015:13:48:57 -0700] "GET /resorts?resort=schweitzer&date=2014-11-14 HTTP/1.1" 404 476 "-" "Mozilla/5.0 (compatible; DotBot/1.1; http://www.opensiteexplorer.org/dotbot, help@moz.com)"
208.115.111.66 - - [12/May/2015:13:48:58 -0700] "GET /resorts?resort=sipapu&date=2014-06-18 HTTP/1.1" 404 476 "-" "Mozilla/5.0 (compatible; DotBot/1.1; http://www.opensiteexplorer.org/dotbot, help@moz.com)"
208.115.111.66 - - [12/May/2015:13:48:58 -0700] "GET /resorts?resort=sipapu&date=2014-10-19 HTTP/1.1" 404 476 "-" "Mozilla/5.0 (compatible; DotBot/1.1; http://www.opensiteexplorer.org/dotbot, help@moz.com)"
208.115.111.66 - - [12/May/2015:13:48:59 -0700] "GET /resorts?resort=skiapache&date=2014-06-13 HTTP/1.1" 404 476 "-" "Mozilla/5.0 (compatible; DotBot/1.1; http://www.opensiteexplorer.org/dotbot, help@moz.com)"
208.115.111.66 - - [12/May/2015:13:49:00 -0700] "GET /resorts?resort=skicooper&date=2014-10-30 HTTP/1.1" 404 476 "-" "Mozilla/5.0 (compatible; DotBot/1.1; http://www.opensiteexplorer.org/dotbot, help@moz.com)"
208.115.111.66 - - [12/May/2015:13:49:01 -0700] "GET /resorts?resort=snoqualmie-alpental&date=2014-07-02 HTTP/1.1" 404 476 "-" "Mozilla/5.0 (compatible; DotBot/1.1; http://www.opensiteexplorer.org/dotbot, help@moz.com)"
208.115.111.66 - - [12/May/2015:13:49:02 -0700] "GET /resorts?resort=soldiermountain&date=2014-10-16 HTTP/1.1" 404 476 "-" "Mozilla/5.0 (compatible; DotBot/1.1; http://www.opensiteexplorer.org/dotbot, help@moz.com)"
208.115.111.66 - - [12/May/2015:13:49:02 -0700] "GET /resorts?resort=sugarloaf&date=2014-10-01 HTTP/1.1" 404 476 "-" "Mozilla/5.0 (compatible; DotBot/1.1; http://www.opensiteexplorer.org/dotbot, help@moz.com)"
208.115.111.66 - - [12/May/2015:13:49:03 -0700] "GET /resorts?resort=tetonpass&date=2014-10-31 HTTP/1.1" 404 476 "-" "Mozilla/5.0 (compatible; DotBot/1.1; http://www.opensiteexplorer.org/dotbot, help@moz.com)"
208.115.111.66 - - [12/May/2015:13:49:04 -0700] "GET /resorts?resort=whistlerblackcomb&date=2014-06-14 HTTP/1.1" 404 476 "-" "Mozilla/5.0 (compatible; DotBot/1.1; http://www.opensiteexplorer.org/dotbot, help@moz.com)"
208.115.111.66 - - [12/May/2015:13:49:05 -0700] "GET /resorts?resort=willamettepass&date=2014-06-06 HTTP/1.1" 404 476 "-" "Mozilla/5.0 (compatible; DotBot/1.1; http://www.opensiteexplorer.org/dotbot, help@moz.com)"
208.115.111.66 - - [12/May/2015:13:49:06 -0700] "GET /resorts?resort=bearvalleymountain&date=2014-10-03 HTTP/1.1" 404 476 "-" "Mozilla/5.0 (compatible; DotBot/1.1; http://www.opensiteexplorer.org/dotbot, help@moz.com)"
208.115.111.66 - - [12/May/2015:13:49:06 -0700] "GET /resorts?resort=beavermountain&date=2014-10-28 HTTP/1.1" 404 476 "-" "Mozilla/5.0 (compatible; DotBot/1.1; http://www.opensiteexplorer.org/dotbot, help@moz.com)"
208.115.111.66 - - [12/May/2015:13:49:07 -0700] "GET /resorts?resort=bigsky&date=2014-11-15 HTTP/1.1" 404 476 "-" "Mozilla/5.0 (compatible; DotBot/1.1; http://www.opensiteexplorer.org/dotbot, help@moz.com)"
208.115.111.66 - - [12/May/2015:13:49:08 -0700] "GET /resorts?resort=brianhead&date=2014-11-04 HTTP/1.1" 404 476 "-" "Mozilla/5.0 (compatible; DotBot/1.1; http://www.opensiteexplorer.org/dotbot, help@moz.com)"
208.115.111.66 - - [12/May/2015:13:49:08 -0700] "GET /resorts?resort=brundage&date=2014-10-17 HTTP/1.1" 404 476 "-" "Mozilla/5.0 (compatible; DotBot/1.1; http://www.opensiteexplorer.org/dotbot, help@moz.com)"
208.115.111.66 - - [12/May/2015:13:49:09 -0700] "GET /resorts?resort=catamount&date=2014-10-03 HTTP/1.1" 404 476 "-" "Mozilla/5.0 (compatible; DotBot/1.1; http://www.opensiteexplorer.org/dotbot, help@moz.com)"
208.115.111.66 - - [12/May/2015:13:49:10 -0700] "GET /resorts?resort=discoverybasin&date=2014-06-27 HTTP/1.1" 404 476 "-" "Mozilla/5.0 (compatible; DotBot/1.1; http://www.opensiteexplorer.org/dotbot, help@moz.com)"
66.249.79.250 - - [12/May/2015:13:52:28 -0700] "GET /resorts?resort=madriverglen HTTP/1.1" 404 506 "-" "Mozilla/5.0 (compatible; Googlebot/2.1; +http://www.google.com/bot.html)"
170.75.162.130 - - [12/May/2015:13:59:06 -0700] "GET /lib/reccapi.php?resort=diamondpeak HTTP/1.1" 200 980 "-" "node-superagent/0.18.2"
123.125.71.100 - - [12/May/2015:14:04:30 -0700] "-" 408 0 "-" "-"
220.181.108.153 - - [12/May/2015:14:06:50 -0700] "-" 408 0 "-" "-"
180.76.4.124 - - [12/May/2015:14:10:35 -0700] "GET / HTTP/1.1" 200 6114 "-" "Mozilla/4.0 (compatible; MSIE 7.0; Windows NT 6.0)"
170.75.162.130 - - [12/May/2015:14:34:29 -0700] "GET /lib/reccapi.php?resort=whistlerblackcomb HTTP/1.1" 200 921 "-" "node-superagent/0.18.2"
170.75.162.130 - - [12/May/2015:14:34:39 -0700] "GET /lib/reccapi.php?resort=smugglersnotch HTTP/1.1" 200 978 "-" "node-superagent/0.18.2"
66.249.79.14 - - [12/May/2015:14:37:33 -0700] "GET /resorts?resort=whistlerblackcomb HTTP/1.1" 404 506 "-" "Mozilla/5.0 (compatible; Googlebot/2.1; +http://www.google.com/bot.html)"
24.6.6.150 - - [12/May/2015:14:50:19 -0700] "GET /images/wsis-logo-sm.png HTTP/1.1" 200 6108 "http://thebackcountry.net/" "Mozilla/5.0 (Windows NT 6.1; WOW64; rv:37.0) Gecko/20100101 Firefox/37.0"
190.75.56.244 - - [12/May/2015:14:54:28 -0700] "GET / HTTP/1.1" 200 2376 "http://buttons-for-your-website.com" "Mozilla/5.0 (Windows NT 6.1; WOW64) AppleWebKit/537.36 (KHTML, like Gecko) Chrome/36.0.1985.143 Safari/537.36"
190.75.56.244 - - [12/May/2015:14:54:28 -0700] "GET /styles/0fffd548.main.css HTTP/1.1" 200 19316 "http://whereshouldiski.com/" "Mozilla/5.0 (Windows NT 6.1; WOW64) AppleWebKit/537.36 (KHTML, like Gecko) Chrome/36.0.1985.143 Safari/537.36"
190.75.56.244 - - [12/May/2015:14:54:28 -0700] "GET /scripts/scripts/vendor/modernizr.js HTTP/1.1" 200 4903 "http://whereshouldiski.com/" "Mozilla/5.0 (Windows NT 6.1; WOW64) AppleWebKit/537.36 (KHTML, like Gecko) Chrome/36.0.1985.143 Safari/537.36"
190.75.56.244 - - [12/May/2015:14:54:28 -0700] "GET /bower_components/requirejs/require.js HTTP/1.1" 200 6702 "http://whereshouldiski.com/" "Mozilla/5.0 (Windows NT 6.1; WOW64) AppleWebKit/537.36 (KHTML, like Gecko) Chrome/36.0.1985.143 Safari/537.36"
190.75.56.244 - - [12/May/2015:14:54:29 -0700] "GET /images/logo-sm.png HTTP/1.1" 200 16737 "http://whereshouldiski.com/" "Mozilla/5.0 (Windows NT 6.1; WOW64) AppleWebKit/537.36 (KHTML, like Gecko) Chrome/36.0.1985.143 Safari/537.36"
190.75.56.244 - - [12/May/2015:14:54:29 -0700] "GET /images/loading.gif HTTP/1.1" 200 13881 "http://whereshouldiski.com/" "Mozilla/5.0 (Windows NT 6.1; WOW64) AppleWebKit/537.36 (KHTML, like Gecko) Chrome/36.0.1985.143 Safari/537.36"
190.75.56.244 - - [12/May/2015:14:54:29 -0700] "GET /scripts/fa48e319.main.js HTTP/1.1" 200 123455 "http://whereshouldiski.com/" "Mozilla/5.0 (Windows NT 6.1; WOW64) AppleWebKit/537.36 (KHTML, like Gecko) Chrome/36.0.1985.143 Safari/537.36"
190.75.56.244 - - [12/May/2015:14:54:31 -0700] "GET /images/button.png HTTP/1.1" 200 598 "http://whereshouldiski.com/" "Mozilla/5.0 (Windows NT 6.1; WOW64) AppleWebKit/537.36 (KHTML, like Gecko) Chrome/36.0.1985.143 Safari/537.36"
190.75.56.244 - - [12/May/2015:14:54:31 -0700] "GET /lib/reccapi.php?fields=t HTTP/1.1" 200 1910 "http://whereshouldiski.com/" "Mozilla/5.0 (Windows NT 6.1; WOW64) AppleWebKit/537.36 (KHTML, like Gecko) Chrome/36.0.1985.143 Safari/537.36"
190.75.56.244 - - [12/May/2015:14:54:32 -0700] "GET /images/greyHeader.png HTTP/1.1" 200 508 "http://whereshouldiski.com/" "Mozilla/5.0 (Windows NT 6.1; WOW64) AppleWebKit/537.36 (KHTML, like Gecko) Chrome/36.0.1985.143 Safari/537.36"
190.75.56.244 - - [12/May/2015:14:54:32 -0700] "GET /images/snowflake5.png HTTP/1.1" 200 2857 "http://whereshouldiski.com/" "Mozilla/5.0 (Windows NT 6.1; WOW64) AppleWebKit/537.36 (KHTML, like Gecko) Chrome/36.0.1985.143 Safari/537.36"
190.75.56.244 - - [12/May/2015:14:54:32 -0700] "GET /images/star5.png HTTP/1.1" 200 1783 "http://whereshouldiski.com/" "Mozilla/5.0 (Windows NT 6.1; WOW64) AppleWebKit/537.36 (KHTML, like Gecko) Chrome/36.0.1985.143 Safari/537.36"
190.75.56.244 - - [12/May/2015:14:54:32 -0700] "GET /images/bluebird5.png HTTP/1.1" 200 2177 "http://whereshouldiski.com/" "Mozilla/5.0 (Windows NT 6.1; WOW64) AppleWebKit/537.36 (KHTML, like Gecko) Chrome/36.0.1985.143 Safari/537.36"
190.75.56.244 - - [12/May/2015:14:54:32 -0700] "GET /images/mtns-icon.png HTTP/1.1" 200 1096 "http://whereshouldiski.com/" "Mozilla/5.0 (Windows NT 6.1; WOW64) AppleWebKit/537.36 (KHTML, like Gecko) Chrome/36.0.1985.143 Safari/537.36"
190.75.56.244 - - [12/May/2015:14:54:32 -0700] "GET /images/shading-icon.png HTTP/1.1" 200 537 "http://whereshouldiski.com/" "Mozilla/5.0 (Windows NT 6.1; WOW64) AppleWebKit/537.36 (KHTML, like Gecko) Chrome/36.0.1985.143 Safari/537.36"
190.75.56.244 - - [12/May/2015:14:54:53 -0700] "-" 408 0 "-" "-"
190.75.56.244 - - [12/May/2015:14:54:53 -0700] "-" 408 0 "-" "-"
127.0.0.1 - - [12/May/2015:14:54:54 -0700] "OPTIONS * HTTP/1.0" 200 126 "-" "Apache/2.2.22 (Ubuntu) (internal dummy connection)"
170.75.162.130 - - [12/May/2015:14:55:01 -0700] "GET /lib/reccapi.php?resort=sugarbush HTTP/1.1" 200 950 "-" "node-superagent/0.18.2"
170.75.162.130 - - [12/May/2015:14:55:41 -0700] "GET /lib/reccapi.php?resort=snowbasin HTTP/1.1" 200 1064 "-" "node-superagent/0.18.2"
170.75.162.130 - - [12/May/2015:14:55:41 -0700] "GET /lib/reccapi.php?resort=solitude HTTP/1.1" 200 1053 "-" "node-superagent/0.18.2"
170.75.162.130 - - [12/May/2015:14:56:01 -0700] "GET /lib/reccapi.php?resort=aspenmountain HTTP/1.1" 200 1042 "-" "node-superagent/0.18.2"
170.75.162.130 - - [12/May/2015:14:56:11 -0700] "GET /lib/reccapi.php?resort=snowbird HTTP/1.1" 200 1061 "-" "node-superagent/0.18.2"
90.230.140.194 - - [12/May/2015:15:02:20 -0700] "GET /images/wsis-logo-sm.png HTTP/1.1" 200 6108 "http://www.thebackcountry.net/" "Mozilla/5.0 (iPhone; CPU iPhone OS 8_3 like Mac OS X) AppleWebKit/600.1.4 (KHTML, like Gecko) Version/8.0 Mobile/12F70 Safari/600.1.4"
170.75.162.130 - - [12/May/2015:15:07:22 -0700] "GET /lib/reccapi.php?resort=wildcatmountain HTTP/1.1" 200 1100 "-" "node-superagent/0.18.2"
182.118.53.78 - - [12/May/2015:15:08:50 -0700] "GET / HTTP/1.1" 200 2320 "-" "Mozilla/5.0 (Macintosh; Intel Mac OS X 10_10_1) AppleWebKit/537.36 (KHTML, like Gecko) Chrome/41.0.2251.0 Safari/537.36"
170.75.162.130 - - [12/May/2015:15:09:02 -0700] "GET /lib/reccapi.php?resort=aspenheights HTTP/1.1" 200 1054 "-" "node-superagent/0.18.2"
170.75.162.130 - - [12/May/2015:15:09:02 -0700] "GET /lib/reccapi.php?resort=buttermilk HTTP/1.1" 200 1031 "-" "node-superagent/0.18.2"
170.75.162.130 - - [12/May/2015:15:09:02 -0700] "GET /lib/reccapi.php?resort=kirkwood HTTP/1.1" 200 1024 "-" "node-superagent/0.18.2"
170.75.162.130 - - [12/May/2015:15:09:03 -0700] "GET /lib/reccapi.php?resort=snowmass HTTP/1.1" 200 1022 "-" "node-superagent/0.18.2"
170.75.162.130 - - [12/May/2015:15:09:32 -0700] "GET /lib/reccapi.php?resort=mountbachelor HTTP/1.1" 200 1068 "-" "node-superagent/0.18.2"
170.75.162.130 - - [12/May/2015:15:09:32 -0700] "GET /lib/reccapi.php?resort=mounthoodmeadows HTTP/1.1" 200 1054 "-" "node-superagent/0.18.2"
170.75.162.130 - - [12/May/2015:15:10:42 -0700] "GET /lib/reccapi.php?resort=monarch HTTP/1.1" 200 1075 "-" "node-superagent/0.18.2"
170.75.162.130 - - [12/May/2015:15:11:12 -0700] "GET /lib/reccapi.php?resort=northstar-at-tahoe HTTP/1.1" 200 976 "-" "node-superagent/0.18.2"
68.180.228.182 - - [12/May/2015:15:11:13 -0700] "GET /robots.txt HTTP/1.1" 304 152 "-" "Mozilla/5.0 (compatible; Yahoo! Slurp; http://help.yahoo.com/help/us/ysearch/slurp)"
68.180.228.182 - - [12/May/2015:15:11:13 -0700] "GET /resorts?resort=laslenas&date=2014-09-01 HTTP/1.1" 404 450 "-" "Mozilla/5.0 (compatible; Yahoo! Slurp; http://help.yahoo.com/help/us/ysearch/slurp)"
123.125.71.77 - - [12/May/2015:15:19:37 -0700] "-" 408 0 "-" "-"
170.75.162.130 - - [12/May/2015:15:19:43 -0700] "GET /lib/reccapi.php?resort=chinapeak HTTP/1.1" 200 977 "-" "node-superagent/0.18.2"
170.75.162.130 - - [12/May/2015:15:22:13 -0700] "GET /lib/reccapi.php?resort=sierra-at-tahoe HTTP/1.1" 200 1007 "-" "node-superagent/0.18.2"
220.181.108.184 - - [12/May/2015:15:24:46 -0700] "-" 408 0 "-" "-"
170.75.162.130 - - [12/May/2015:15:25:24 -0700] "GET /lib/reccapi.php?resort=homewoodmountain HTTP/1.1" 200 985 "-" "node-superagent/0.18.2"
68.180.228.182 - - [12/May/2015:15:28:58 -0700] "GET /resorts?resort=49degreesnorth&date=2014-10-28 HTTP/1.1" 404 450 "-" "Mozilla/5.0 (compatible; Yahoo! Slurp; http://help.yahoo.com/help/us/ysearch/slurp)"
170.75.162.130 - - [12/May/2015:15:31:54 -0700] "GET /lib/reccapi.php?resort=bigsky HTTP/1.1" 200 1079 "-" "node-superagent/0.18.2"
170.75.162.130 - - [12/May/2015:15:31:54 -0700] "GET /lib/reccapi.php?resort=deervalley HTTP/1.1" 200 1100 "-" "node-superagent/0.18.2"
170.75.162.130 - - [12/May/2015:15:31:54 -0700] "GET /lib/reccapi.php?resort=canyons HTTP/1.1" 200 1070 "-" "node-superagent/0.18.2"
141.174.97.251 - - [12/May/2015:15:33:57 -0700] "GET /images/wsis-logo-sm.png HTTP/1.1" 200 6108 "http://www.thebackcountry.net/" "Mozilla/5.0 (Windows NT 6.1; WOW64) AppleWebKit/537.36 (KHTML, like Gecko) Chrome/29.0.1547.76 Safari/537.36"
170.75.162.130 - - [12/May/2015:15:34:05 -0700] "GET /lib/reccapi.php?resort=squawvalleyusa HTTP/1.1" 200 990 "-" "node-superagent/0.18.2"
170.75.162.130 - - [12/May/2015:15:36:55 -0700] "GET /lib/reccapi.php?resort=mountainhigh HTTP/1.1" 200 997 "-" "node-superagent/0.18.2"
93.169.157.2 - - [12/May/2015:15:45:16 -0700] "GET /images/wsis-logo-sm.png HTTP/1.1" 200 6108 "http://thebackcountry.net/" "Mozilla/5.0 (Windows NT 6.1; WOW64) AppleWebKit/537.36 (KHTML, like Gecko) Chrome/36.0.1985.143 Safari/537.36"
170.75.162.130 - - [12/May/2015:15:58:16 -0700] "GET /lib/reccapi.php?resort=mtrose HTTP/1.1" 200 988 "-" "node-superagent/0.18.2"
170.75.162.130 - - [12/May/2015:15:58:26 -0700] "GET /lib/reccapi.php?resort=heavenly HTTP/1.1" 200 991 "-" "node-superagent/0.18.2"
180.76.4.61 - - [12/May/2015:15:59:11 -0700] "GET / HTTP/1.1" 200 6114 "-" "Mozilla/4.0 (compatible; MSIE 7.0; Windows NT 6.0)"
123.125.71.97 - - [12/May/2015:15:59:20 -0700] "GET / HTTP/1.1" 200 2339 "-" "Mozilla/5.0 (Windows NT 5.1; rv:6.0.2) Gecko/20100101 Firefox/6.0.2"
123.125.71.87 - - [12/May/2015:16:00:26 -0700] "-" 408 0 "-" "-"
220.181.108.104 - - [12/May/2015:16:05:09 -0700] "-" 408 0 "-" "-"
208.115.111.66 - - [12/May/2015:16:05:56 -0700] "GET /robots.txt HTTP/1.1" 200 319 "-" "Mozilla/5.0 (compatible; DotBot/1.1; http://www.opensiteexplorer.org/dotbot, help@moz.com)"
170.75.162.130 - - [12/May/2015:16:14:38 -0700] "GET /lib/reccapi.php?resort=whitefacemountain HTTP/1.1" 200 956 "-" "node-superagent/0.18.2"
170.75.162.130 - - [12/May/2015:16:21:08 -0700] "GET /lib/reccapi.php?resort=redlodge HTTP/1.1" 200 1114 "-" "node-superagent/0.18.2"
173.11.94.53 - - [12/May/2015:16:35:51 -0700] "GET /images/wsis-logo-sm.png HTTP/1.1" 200 6108 "http://www.thebackcountry.net/" "Mozilla/5.0 (iPad; CPU OS 8_3 like Mac OS X) AppleWebKit/600.1.4 (KHTML, like Gecko) Version/8.0 Mobile/12F69 Safari/600.1.4"
170.75.162.130 - - [12/May/2015:16:38:50 -0700] "GET /lib/reccapi.php?resort=devilshead HTTP/1.1" 200 1008 "-" "node-superagent/0.18.2"
174.21.52.200 - - [12/May/2015:16:39:24 -0700] "GET /images/wsis-logo-sm.png HTTP/1.1" 200 6108 "http://www.thebackcountry.net/" "Mozilla/5.0 (Windows NT 6.3; WOW64; Trident/7.0; rv:11.0) like Gecko"
174.21.52.200 - - [12/May/2015:16:39:46 -0700] "-" 408 0 "-" "-"
170.75.162.130 - - [12/May/2015:16:44:40 -0700] "GET /lib/reccapi.php?resort=stevenspass HTTP/1.1" 200 1031 "-" "node-superagent/0.18.2"
170.75.162.130 - - [12/May/2015:16:44:40 -0700] "GET /lib/reccapi.php?resort=bigwhite HTTP/1.1" 200 914 "-" "node-superagent/0.18.2"
170.75.162.130 - - [12/May/2015:16:44:40 -0700] "GET /lib/reccapi.php?resort=redmountain HTTP/1.1" 200 901 "-" "node-superagent/0.18.2"
170.75.162.130 - - [12/May/2015:16:45:30 -0700] "GET /lib/reccapi.php?resort=taos HTTP/1.1" 200 997 "-" "node-superagent/0.18.2"
170.75.162.130 - - [12/May/2015:16:45:50 -0700] "GET /lib/reccapi.php?resort=crestedbutte HTTP/1.1" 200 1101 "-" "node-superagent/0.18.2"
66.249.79.250 - - [12/May/2015:16:46:11 -0700] "GET /lib/resortDataSearch.php?resort=sierra-at-tahoe&dateStart=2013-03-03&dateMax=2013-03-13&size=30 HTTP/1.1" 200 331 "-" "Mozilla/5.0 (compatible; Googlebot/2.1; +http://www.google.com/bot.html)"
123.125.71.87 - - [12/May/2015:16:56:35 -0700] "-" 408 0 "-" "-"
170.75.162.130 - - [12/May/2015:17:01:22 -0700] "GET /lib/reccapi.php?resort=killington HTTP/1.1" 200 1088 "-" "node-superagent/0.18.2"
220.181.108.151 - - [12/May/2015:17:01:39 -0700] "-" 408 0 "-" "-"
23.92.26.73 - - [12/May/2015:17:19:56 -0700] "GET   / HTTP/1.1" 200 6114 "http://www.domain2008.com/domains/www.whereshouldiski.com" "Mozilla/5.0 (compatible; MSIE 9.0; Windows NT 6.1; WOW64; Trident/5.0)"
208.115.111.66 - - [12/May/2015:17:22:50 -0700] "GET /resorts?resort=bigsky&date=2014-10-29 HTTP/1.1" 404 476 "-" "Mozilla/5.0 (compatible; DotBot/1.1; http://www.opensiteexplorer.org/dotbot, help@moz.com)"
208.115.111.66 - - [12/May/2015:17:22:55 -0700] "GET /resorts?resort=mountbachelor&date=2014-11-09 HTTP/1.1" 404 476 "-" "Mozilla/5.0 (compatible; DotBot/1.1; http://www.opensiteexplorer.org/dotbot, help@moz.com)"
208.115.111.66 - - [12/May/2015:17:22:58 -0700] "GET /resorts?resort=stevenspass&date=2014-11-12 HTTP/1.1" 404 476 "-" "Mozilla/5.0 (compatible; DotBot/1.1; http://www.opensiteexplorer.org/dotbot, help@moz.com)"
208.115.111.66 - - [12/May/2015:17:23:02 -0700] "GET /resorts?resort=sugarloaf&date=2014-11-03 HTTP/1.1" 404 476 "-" "Mozilla/5.0 (compatible; DotBot/1.1; http://www.opensiteexplorer.org/dotbot, help@moz.com)"
208.115.111.66 - - [12/May/2015:17:23:04 -0700] "GET /resorts?resort=sunvalley&date=2014-06-11 HTTP/1.1" 404 476 "-" "Mozilla/5.0 (compatible; DotBot/1.1; http://www.opensiteexplorer.org/dotbot, help@moz.com)"
208.115.111.66 - - [12/May/2015:17:23:06 -0700] "GET /resorts?resort=deervalley&date=2014-10-05 HTTP/1.1" 404 476 "-" "Mozilla/5.0 (compatible; DotBot/1.1; http://www.opensiteexplorer.org/dotbot, help@moz.com)"
108.13.142.160 - - [12/May/2015:17:38:06 -0700] "GET /images/wsis-logo-sm.png HTTP/1.1" 200 6108 "http://www.thebackcountry.net/" "Mozilla/5.0 (iPad; CPU OS 8_3 like Mac OS X) AppleWebKit/600.1.4 (KHTML, like Gecko) Version/8.0 Mobile/12F69 Safari/600.1.4"
24.156.36.171 - - [12/May/2015:17:38:46 -0700] "GET /images/wsis-logo-sm.png HTTP/1.1" 200 6108 "http://www.thebackcountry.net/" "Mozilla/5.0 (Macintosh; Intel Mac OS X 10_10_1) AppleWebKit/600.2.5 (KHTML, like Gecko) Version/8.0.2 Safari/600.2.5"
66.249.79.29 - - [12/May/2015:17:41:17 -0700] "GET /robots.txt HTTP/1.1" 200 419 "-" "Mozilla/5.0 (compatible; Googlebot/2.1; +http://www.google.com/bot.html)"
66.249.79.3 - - [12/May/2015:17:41:17 -0700] "GET /lib/resortDataSearch.php?resort=bogusbasin&dateStart=2014-11-04&dateMax=2014-11-14&size=30 HTTP/1.1" 200 331 "-" "Mozilla/5.0 (compatible; Googlebot/2.1; +http://www.google.com/bot.html)"
199.59.148.211 - - [12/May/2015:17:44:21 -0700] "GET /robots.txt HTTP/1.1" 200 363 "-" "Twitterbot/1.0"
199.59.148.211 - - [12/May/2015:17:44:21 -0700] "GET /recommendations HTTP/1.1" 404 450 "-" "Twitterbot/1.0"
170.75.162.130 - - [12/May/2015:17:45:26 -0700] "GET /lib/reccapi.php?resort=brianhead HTTP/1.1" 200 1071 "-" "node-superagent/0.18.2"
208.115.111.66 - - [12/May/2015:17:49:17 -0700] "GET /resorts?resort=anthonylakes&date=2014-10-16 HTTP/1.1" 404 476 "-" "Mozilla/5.0 (compatible; DotBot/1.1; http://www.opensiteexplorer.org/dotbot, help@moz.com)"
208.115.111.66 - - [12/May/2015:17:49:17 -0700] "GET /resorts?resort=bigwhite&date=2014-11-15 HTTP/1.1" 404 476 "-" "Mozilla/5.0 (compatible; DotBot/1.1; http://www.opensiteexplorer.org/dotbot, help@moz.com)"
208.115.111.66 - - [12/May/2015:17:49:22 -0700] "GET /resorts?resort=bogusbasin&date=2014-06-13 HTTP/1.1" 404 476 "-" "Mozilla/5.0 (compatible; DotBot/1.1; http://www.opensiteexplorer.org/dotbot, help@moz.com)"
208.115.111.66 - - [12/May/2015:17:49:22 -0700] "GET /resorts?resort=boyne&date=2014-06-27 HTTP/1.1" 404 476 "-" "Mozilla/5.0 (compatible; DotBot/1.1; http://www.opensiteexplorer.org/dotbot, help@moz.com)"
208.115.111.66 - - [12/May/2015:17:49:23 -0700] "GET /resorts?resort=devilshead&date=2014-06-29 HTTP/1.1" 404 476 "-" "Mozilla/5.0 (compatible; DotBot/1.1; http://www.opensiteexplorer.org/dotbot, help@moz.com)"
208.115.111.66 - - [12/May/2015:17:49:24 -0700] "GET /resorts?resort=dodgeridge&date=2014-09-29 HTTP/1.1" 404 476 "-" "Mozilla/5.0 (compatible; DotBot/1.1; http://www.opensiteexplorer.org/dotbot, help@moz.com)"
208.115.111.66 - - [12/May/2015:17:49:24 -0700] "GET /resorts?resort=eaglecrestskiarea&date=2014-06-13 HTTP/1.1" 404 476 "-" "Mozilla/5.0 (compatible; DotBot/1.1; http://www.opensiteexplorer.org/dotbot, help@moz.com)"
208.115.111.66 - - [12/May/2015:17:49:25 -0700] "GET /resorts?resort=elkridge&date=2014-11-01 HTTP/1.1" 404 476 "-" "Mozilla/5.0 (compatible; DotBot/1.1; http://www.opensiteexplorer.org/dotbot, help@moz.com)"
208.115.111.66 - - [12/May/2015:17:49:26 -0700] "GET /resorts?resort=ferniealpine&date=2014-10-12 HTTP/1.1" 404 476 "-" "Mozilla/5.0 (compatible; DotBot/1.1; http://www.opensiteexplorer.org/dotbot, help@moz.com)"
208.115.111.66 - - [12/May/2015:17:49:28 -0700] "GET /resorts?resort=greatdivide&date=2014-10-05 HTTP/1.1" 404 476 "-" "Mozilla/5.0 (compatible; DotBot/1.1; http://www.opensiteexplorer.org/dotbot, help@moz.com)"
208.115.111.66 - - [12/May/2015:17:49:29 -0700] "GET /resorts?resort=lookoutpass&date=2014-06-29 HTTP/1.1" 404 476 "-" "Mozilla/5.0 (compatible; DotBot/1.1; http://www.opensiteexplorer.org/dotbot, help@moz.com)"
208.115.111.66 - - [12/May/2015:17:49:30 -0700] "GET /resorts?resort=lookoutpass&date=2014-10-29 HTTP/1.1" 404 476 "-" "Mozilla/5.0 (compatible; DotBot/1.1; http://www.opensiteexplorer.org/dotbot, help@moz.com)"
208.115.111.66 - - [12/May/2015:17:49:30 -0700] "GET /resorts?resort=loveland&date=2014-11-03 HTTP/1.1" 404 476 "-" "Mozilla/5.0 (compatible; DotBot/1.1; http://www.opensiteexplorer.org/dotbot, help@moz.com)"
208.115.111.66 - - [12/May/2015:17:49:31 -0700] "GET /resorts?resort=mountspokane&date=2014-06-06 HTTP/1.1" 404 476 "-" "Mozilla/5.0 (compatible; DotBot/1.1; http://www.opensiteexplorer.org/dotbot, help@moz.com)"
208.115.111.66 - - [12/May/2015:17:49:32 -0700] "GET /resorts?resort=schweitzer&date=2014-06-25 HTTP/1.1" 404 476 "-" "Mozilla/5.0 (compatible; DotBot/1.1; http://www.opensiteexplorer.org/dotbot, help@moz.com)"
208.115.111.66 - - [12/May/2015:17:49:32 -0700] "GET /resorts?resort=snowbird&date=2014-11-17 HTTP/1.1" 404 476 "-" "Mozilla/5.0 (compatible; DotBot/1.1; http://www.opensiteexplorer.org/dotbot, help@moz.com)"
208.115.111.66 - - [12/May/2015:17:49:33 -0700] "GET /resorts?resort=snowking&date=2014-06-24 HTTP/1.1" 404 476 "-" "Mozilla/5.0 (compatible; DotBot/1.1; http://www.opensiteexplorer.org/dotbot, help@moz.com)"
208.115.111.66 - - [12/May/2015:17:49:34 -0700] "GET /resorts?resort=snowmass&date=2014-10-06 HTTP/1.1" 404 476 "-" "Mozilla/5.0 (compatible; DotBot/1.1; http://www.opensiteexplorer.org/dotbot, help@moz.com)"
208.115.111.66 - - [12/May/2015:17:49:34 -0700] "GET /resorts?resort=soldiermountain&date=2014-09-29 HTTP/1.1" 404 476 "-" "Mozilla/5.0 (compatible; DotBot/1.1; http://www.opensiteexplorer.org/dotbot, help@moz.com)"
208.115.111.66 - - [12/May/2015:17:49:35 -0700] "GET /resorts?resort=sugarbush&date=2014-10-24 HTTP/1.1" 404 476 "-" "Mozilla/5.0 (compatible; DotBot/1.1; http://www.opensiteexplorer.org/dotbot, help@moz.com)"
208.115.111.66 - - [12/May/2015:17:49:36 -0700] "GET /resorts?resort=titusmountain HTTP/1.1" 404 476 "-" "Mozilla/5.0 (compatible; DotBot/1.1; http://www.opensiteexplorer.org/dotbot, help@moz.com)"
208.115.111.66 - - [12/May/2015:17:49:36 -0700] "GET /resorts?resort=whitepine&date=2014-10-01 HTTP/1.1" 404 476 "-" "Mozilla/5.0 (compatible; DotBot/1.1; http://www.opensiteexplorer.org/dotbot, help@moz.com)"
208.115.111.66 - - [12/May/2015:17:49:37 -0700] "GET /resorts?resort=windham&date=2014-07-01 HTTP/1.1" 404 476 "-" "Mozilla/5.0 (compatible; DotBot/1.1; http://www.opensiteexplorer.org/dotbot, help@moz.com)"
180.76.4.139 - - [12/May/2015:17:52:55 -0700] "GET / HTTP/1.1" 200 6114 "-" "Mozilla/4.0 (compatible; MSIE 7.0; Windows NT 6.0)"
170.75.162.130 - - [12/May/2015:17:54:56 -0700] "GET /lib/reccapi.php?resort=alyeska HTTP/1.1" 200 983 "-" "node-superagent/0.18.2"
170.75.162.130 - - [12/May/2015:18:03:17 -0700] "GET /lib/reccapi.php?resort=coppermountain HTTP/1.1" 200 1045 "-" "node-superagent/0.18.2"
170.75.162.130 - - [12/May/2015:18:04:57 -0700] "GET /lib/reccapi.php?resort=loveland HTTP/1.1" 200 1095 "-" "node-superagent/0.18.2"
170.75.162.130 - - [12/May/2015:18:06:57 -0700] "GET /lib/reccapi.php?resort=schweitzer HTTP/1.1" 200 1032 "-" "node-superagent/0.18.2"
170.75.162.130 - - [12/May/2015:18:07:37 -0700] "GET /lib/reccapi.php?resort=cannonmountain HTTP/1.1" 200 1108 "-" "node-superagent/0.18.2"
123.125.71.71 - - [12/May/2015:18:09:30 -0700] "-" 408 0 "-" "-"
71.140.31.214 - - [12/May/2015:18:14:10 -0700] "GET /images/wsis-logo-sm.png HTTP/1.1" 200 6108 "http://thebackcountry.net/" "Mozilla/4.0 (compatible; MSIE 8.0; Windows NT 5.1; Trident/4.0; .NET CLR 2.0.50727; .NET CLR 3.0.4506.2152; .NET CLR 3.5.30729; 786908940603; Build/14.08001)"
220.181.108.148 - - [12/May/2015:18:14:35 -0700] "-" 408 0 "-" "-"
170.75.162.130 - - [12/May/2015:18:15:58 -0700] "GET /lib/reccapi.php?resort=telluride HTTP/1.1" 200 1021 "-" "node-superagent/0.18.2"
170.75.162.130 - - [12/May/2015:18:20:18 -0700] "GET /lib/reccapi.php?resort=jaypeak HTTP/1.1" 200 989 "-" "node-superagent/0.18.2"
66.87.76.180 - - [12/May/2015:18:31:01 -0700] "GET /images/wsis-logo-sm.png HTTP/1.1" 200 6108 "http://www.thebackcountry.net/" "Mozilla/5.0 (iPhone; CPU iPhone OS 8_1_3 like Mac OS X) AppleWebKit/600.1.4 (KHTML, like Gecko) Version/8.0 Mobile/12B466 Safari/600.1.4"
170.75.162.130 - - [12/May/2015:18:32:20 -0700] "GET /lib/reccapi.php?resort=sunvalley HTTP/1.1" 200 1082 "-" "node-superagent/0.18.2"
66.249.79.16 - - [12/May/2015:18:46:13 -0700] "GET /lib/resortDataSearch.php?resort=bigwhite&dateStart=2013-11-19&dateMax=2013-11-29&size=30 HTTP/1.1" 200 331 "-" "Mozilla/5.0 (compatible; Googlebot/2.1; +http://www.google.com/bot.html)"
71.140.31.214 - - [12/May/2015:18:50:11 -0700] "GET /images/wsis-logo-sm.png HTTP/1.1" 200 6108 "http://thebackcountry.net/" "Mozilla/5.0 (Windows NT 6.1; WOW64; Trident/7.0; rv:11.0) like Gecko"
71.140.31.214 - - [12/May/2015:18:50:34 -0700] "-" 408 0 "-" "-"
123.125.71.38 - - [12/May/2015:18:55:57 -0700] "-" 408 0 "-" "-"
170.75.162.130 - - [12/May/2015:18:58:02 -0700] "GET /lib/reccapi.php?resort=sugarloaf HTTP/1.1" 200 1087 "-" "node-superagent/0.18.2"
220.181.108.118 - - [12/May/2015:19:01:11 -0700] "-" 408 0 "-" "-"
170.75.162.130 - - [12/May/2015:19:01:22 -0700] "GET /lib/reccapi.php?resort=parkcity HTTP/1.1" 200 1087 "-" "node-superagent/0.18.2"
64.21.210.66 - - [12/May/2015:19:03:16 -0700] "GET /images/wsis-logo-sm.png HTTP/1.1" 200 6108 "http://www.thebackcountry.net/" "Mozilla/5.0 (Macintosh; Intel Mac OS X 10_10_3) AppleWebKit/600.6.3 (KHTML, like Gecko) Version/8.0.6 Safari/600.6.3"
71.59.228.215 - - [12/May/2015:19:11:20 -0700] "GET /images/wsis-logo-sm.png HTTP/1.1" 200 6108 "http://thebackcountry.net/" "Mozilla/5.0 (Macintosh; Intel Mac OS X 10_10_3) AppleWebKit/600.5.17 (KHTML, like Gecko) Version/8.0.5 Safari/600.5.17"
180.153.236.170 - - [12/May/2015:19:17:08 -0700] "GET / HTTP/1.1" 200 2376 "http://whereshouldiski.com/" "Mozilla/5.0 (compatible; MSIE 9.0; Windows NT 6.1; Trident/5.0); 360Spider(compatible; HaosouSpider; http://www.haosou.com/help/help_3_2.html)"
170.75.162.130 - - [12/May/2015:19:31:34 -0700] "GET /lib/reccapi.php?resort=snowbasin HTTP/1.1" 200 1060 "-" "node-superagent/0.18.2"
170.75.162.130 - - [12/May/2015:19:39:25 -0700] "GET /lib/reccapi.php?resort=snowbird HTTP/1.1" 200 1060 "-" "node-superagent/0.18.2"
170.75.162.130 - - [12/May/2015:19:40:45 -0700] "GET /lib/reccapi.php?resort=homewoodmountain HTTP/1.1" 200 987 "-" "node-superagent/0.18.2"
170.75.162.130 - - [12/May/2015:19:43:56 -0700] "GET /lib/reccapi.php?resort=49degreesnorth HTTP/1.1" 200 1068 "-" "node-superagent/0.18.2"
170.75.162.130 - - [12/May/2015:19:44:06 -0700] "GET /lib/reccapi.php?resort=arapahoebasin HTTP/1.1" 200 1057 "-" "node-superagent/0.18.2"
170.75.162.130 - - [12/May/2015:19:44:06 -0700] "GET /lib/reccapi.php?resort=alpinemeadows HTTP/1.1" 200 1004 "-" "node-superagent/0.18.2"
170.75.162.130 - - [12/May/2015:19:44:16 -0700] "GET /lib/reccapi.php?resort=alta HTTP/1.1" 200 1055 "-" "node-superagent/0.18.2"
170.75.162.130 - - [12/May/2015:19:44:26 -0700] "GET /lib/reccapi.php?resort=angelfire HTTP/1.1" 200 1035 "-" "node-superagent/0.18.2"
170.75.162.130 - - [12/May/2015:19:44:36 -0700] "GET /lib/reccapi.php?resort=aspenmountain HTTP/1.1" 200 1039 "-" "node-superagent/0.18.2"
170.75.162.130 - - [12/May/2015:19:44:36 -0700] "GET /lib/reccapi.php?resort=aspenheights HTTP/1.1" 200 1050 "-" "node-superagent/0.18.2"
170.75.162.130 - - [12/May/2015:19:45:06 -0700] "GET /lib/reccapi.php?resort=grandtarghee HTTP/1.1" 200 1091 "-" "node-superagent/0.18.2"
170.75.162.130 - - [12/May/2015:19:45:16 -0700] "GET /lib/reccapi.php?resort=bigsky HTTP/1.1" 200 1080 "-" "node-superagent/0.18.2"
170.75.162.130 - - [12/May/2015:19:46:06 -0700] "GET /lib/reccapi.php?resort=brighton HTTP/1.1" 200 1061 "-" "node-superagent/0.18.2"
66.249.79.250 - - [12/May/2015:19:46:14 -0700] "GET /lib/resortDataSearch.php?resort=49degreesnorth&dateStart=2013-10-14&dateMax=2013-10-24&size=30 HTTP/1.1" 200 331 "-" "Mozilla/5.0 (compatible; Googlebot/2.1; +http://www.google.com/bot.html)"
170.75.162.130 - - [12/May/2015:19:46:36 -0700] "GET /lib/reccapi.php?resort=buttermilk HTTP/1.1" 200 1027 "-" "node-superagent/0.18.2"
170.75.162.130 - - [12/May/2015:19:46:56 -0700] "GET /lib/reccapi.php?resort=canyons HTTP/1.1" 200 1073 "-" "node-superagent/0.18.2"
170.75.162.130 - - [12/May/2015:19:47:06 -0700] "GET /lib/reccapi.php?resort=squawvalleyusa HTTP/1.1" 200 992 "-" "node-superagent/0.18.2"
170.75.162.130 - - [12/May/2015:19:47:36 -0700] "GET /lib/reccapi.php?resort=chinapeak HTTP/1.1" 200 977 "-" "node-superagent/0.18.2"
170.75.162.130 - - [12/May/2015:19:48:46 -0700] "GET /lib/reccapi.php?resort=crystalmountain HTTP/1.1" 200 1066 "-" "node-superagent/0.18.2"
170.75.162.130 - - [12/May/2015:19:48:56 -0700] "GET /lib/reccapi.php?resort=deervalley HTTP/1.1" 200 1101 "-" "node-superagent/0.18.2"
170.75.162.130 - - [12/May/2015:19:49:06 -0700] "GET /lib/reccapi.php?resort=diamondpeak HTTP/1.1" 200 983 "-" "node-superagent/0.18.2"
123.125.71.77 - - [12/May/2015:19:49:18 -0700] "-" 408 0 "-" "-"
170.75.162.130 - - [12/May/2015:19:50:06 -0700] "GET /lib/reccapi.php?resort=hoodoo HTTP/1.1" 200 1032 "-" "node-superagent/0.18.2"
170.75.162.130 - - [12/May/2015:19:50:46 -0700] "GET /lib/reccapi.php?resort=jacksonhole HTTP/1.1" 200 1076 "-" "node-superagent/0.18.2"
170.75.162.130 - - [12/May/2015:19:51:06 -0700] "GET /lib/reccapi.php?resort=keystone HTTP/1.1" 200 1049 "-" "node-superagent/0.18.2"
170.75.162.130 - - [12/May/2015:19:51:36 -0700] "GET /lib/reccapi.php?resort=kirkwood HTTP/1.1" 200 1024 "-" "node-superagent/0.18.2"
220.181.108.162 - - [12/May/2015:19:52:31 -0700] "-" 408 0 "-" "-"
170.75.162.130 - - [12/May/2015:19:52:36 -0700] "GET /lib/reccapi.php?resort=madriverglen HTTP/1.1" 200 952 "-" "node-superagent/0.18.2"
216.189.181.72 - - [12/May/2015:19:56:08 -0700] "GET /images/wsis-logo-sm.png HTTP/1.1" 200 6108 "http://www.thebackcountry.net/" "Mozilla/5.0 (Windows NT 6.3; WOW64) AppleWebKit/537.36 (KHTML, like Gecko) Chrome/42.0.2311.135 Safari/537.36"
166.137.8.111 - - [12/May/2015:19:58:20 -0700] "GET /images/wsis-logo-sm.png HTTP/1.1" 200 6108 "http://www.thebackcountry.net/" "Mozilla/5.0 (iPhone; CPU iPhone OS 8_3 like Mac OS X) AppleWebKit/600.1.4 (KHTML, like Gecko) Version/8.0 Mobile/12F70 Safari/600.1.4"
71.140.31.214 - - [12/May/2015:19:59:23 -0700] "-" 408 0 "-" "-"
170.75.162.130 - - [12/May/2015:20:03:17 -0700] "GET /lib/reccapi.php?resort=sunpeaksresort HTTP/1.1" 200 911 "-" "node-superagent/0.18.2"
170.75.162.130 - - [12/May/2015:20:05:37 -0700] "GET /lib/reccapi.php?resort=stowe HTTP/1.1" 200 938 "-" "node-superagent/0.18.2"
208.115.111.66 - - [12/May/2015:20:06:24 -0700] "GET /robots.txt HTTP/1.1" 200 319 "-" "Mozilla/5.0 (compatible; DotBot/1.1; http://www.opensiteexplorer.org/dotbot, help@moz.com)"
180.76.4.184 - - [12/May/2015:20:07:52 -0700] "GET / HTTP/1.1" 200 6114 "-" "Mozilla/4.0 (compatible; MSIE 7.0; Windows NT 6.0)"
170.75.162.130 - - [12/May/2015:20:09:38 -0700] "GET /lib/reccapi.php?resort=whistlerblackcomb HTTP/1.1" 200 920 "-" "node-superagent/0.18.2"
170.75.162.130 - - [12/May/2015:20:09:58 -0700] "GET /lib/reccapi.php?resort=mountspokane HTTP/1.1" 200 1113 "-" "node-superagent/0.18.2"
170.75.162.130 - - [12/May/2015:20:11:28 -0700] "GET /lib/reccapi.php?resort=steamboat HTTP/1.1" 200 1031 "-" "node-superagent/0.18.2"
71.140.31.214 - - [12/May/2015:20:17:23 -0700] "GET /images/wsis-logo-sm.png HTTP/1.1" 200 6108 "http://thebackcountry.net/" "Mozilla/4.0 (compatible; MSIE 8.0; Windows NT 5.1; Trident/4.0; .NET CLR 2.0.50727; .NET CLR 3.0.4506.2152; .NET CLR 3.5.30729; 786908940603; Build/14.08001)"
170.75.162.130 - - [12/May/2015:20:25:59 -0700] "GET /lib/reccapi.php?resort=mammothmountain HTTP/1.1" 200 1027 "-" "node-superagent/0.18.2"
65.96.214.246 - - [12/May/2015:20:28:30 -0700] "GET /images/wsis-logo-sm.png HTTP/1.1" 200 6108 "http://www.thebackcountry.net/" "Mozilla/5.0 (iPad; CPU OS 8_1 like Mac OS X) AppleWebKit/600.1.4 (KHTML, like Gecko) Version/8.0 Mobile/12B410 Safari/600.1.4"
207.46.13.112 - - [12/May/2015:20:37:40 -0700] "GET /robots.txt HTTP/1.1" 200 375 "-" "Mozilla/5.0 (compatible; bingbot/2.0; +http://www.bing.com/bingbot.htm)"
207.46.13.112 - - [12/May/2015:20:37:55 -0700] "GET /resorts?resort=portillo&date=2014-08-19 HTTP/1.1" 404 509 "-" "Mozilla/5.0 (compatible; bingbot/2.0; +http://www.bing.com/bingbot.htm)"
170.75.162.130 - - [12/May/2015:20:44:11 -0700] "GET /lib/reccapi.php?resort=sugarbowl HTTP/1.1" 200 972 "-" "node-superagent/0.18.2"
71.140.31.214 - - [12/May/2015:20:48:31 -0700] "GET /images/wsis-logo-sm.png HTTP/1.1" 200 6108 "http://thebackcountry.net/" "Mozilla/4.0 (compatible; MSIE 8.0; Windows NT 5.1; Trident/4.0; .NET CLR 2.0.50727; .NET CLR 3.0.4506.2152; .NET CLR 3.5.30729; 786908940603; Build/14.08001)"
190.24.107.122 - - [12/May/2015:20:53:32 -0700] "GET /images/wsis-logo-sm.png HTTP/1.1" 200 6108 "http://www.thebackcountry.net/" "Mozilla/5.0 (Windows NT 6.1; WOW64; rv:37.0) Gecko/20100101 Firefox/37.0"
123.125.71.31 - - [12/May/2015:20:55:36 -0700] "-" 408 0 "-" "-"
220.181.108.141 - - [12/May/2015:20:59:30 -0700] "-" 408 0 "-" "-"
66.249.84.130 - - [12/May/2015:21:17:14 -0700] "GET /images/wsis-logo-sm.png HTTP/1.1" 200 6108 "http://thebackcountry.net/" "Mozilla/5.0 (iPhone; CPU iPhone OS 8_1_3 like Mac OS X) AppleWebKit/600.1.4 (KHTML, like Gecko) CriOS/42.0.2311.47 Mobile/12B466 Safari/600.1.4"
208.115.111.66 - - [12/May/2015:21:22:50 -0700] "GET /resorts?resort=sundance&date=2014-06-24 HTTP/1.1" 404 476 "-" "Mozilla/5.0 (compatible; DotBot/1.1; http://www.opensiteexplorer.org/dotbot, help@moz.com)"
208.115.111.66 - - [12/May/2015:21:22:53 -0700] "GET /resorts?resort=brighton&date=2014-06-06 HTTP/1.1" 404 476 "-" "Mozilla/5.0 (compatible; DotBot/1.1; http://www.opensiteexplorer.org/dotbot, help@moz.com)"
208.115.111.66 - - [12/May/2015:21:22:57 -0700] "GET /resorts?resort=sugarbush&date=2014-11-10 HTTP/1.1" 404 476 "-" "Mozilla/5.0 (compatible; DotBot/1.1; http://www.opensiteexplorer.org/dotbot, help@moz.com)"
208.115.111.66 - - [12/May/2015:21:22:58 -0700] "GET /resorts?resort=sugarbowl&date=2014-10-30 HTTP/1.1" 404 476 "-" "Mozilla/5.0 (compatible; DotBot/1.1; http://www.opensiteexplorer.org/dotbot, help@moz.com)"
208.115.111.66 - - [12/May/2015:21:23:00 -0700] "GET /resorts?resort=elkridge&date=2014-06-13 HTTP/1.1" 404 476 "-" "Mozilla/5.0 (compatible; DotBot/1.1; http://www.opensiteexplorer.org/dotbot, help@moz.com)"
208.115.111.66 - - [12/May/2015:21:23:02 -0700] "GET /resorts?resort=loveland&date=2014-06-11 HTTP/1.1" 404 476 "-" "Mozilla/5.0 (compatible; DotBot/1.1; http://www.opensiteexplorer.org/dotbot, help@moz.com)"
208.115.111.66 - - [12/May/2015:21:23:03 -0700] "GET /resorts?resort=deervalley&date=2014-10-01 HTTP/1.1" 404 476 "-" "Mozilla/5.0 (compatible; DotBot/1.1; http://www.opensiteexplorer.org/dotbot, help@moz.com)"
208.115.111.66 - - [12/May/2015:21:23:06 -0700] "GET /resorts?resort=keystone&date=2014-10-04 HTTP/1.1" 404 476 "-" "Mozilla/5.0 (compatible; DotBot/1.1; http://www.opensiteexplorer.org/dotbot, help@moz.com)"
76.110.249.205 - - [12/May/2015:21:25:14 -0700] "GET /images/wsis-logo-sm.png HTTP/1.1" 200 6108 "http://www.thebackcountry.net/" "Mozilla/5.0 (Windows NT 6.3; WOW64) AppleWebKit/537.36 (KHTML, like Gecko) Chrome/42.0.2311.135 Safari/537.36"
24.180.42.102 - - [12/May/2015:21:28:45 -0700] "GET /images/wsis-logo-sm.png HTTP/1.1" 200 6108 "http://www.thebackcountry.net/" "Mozilla/5.0 (Windows NT 6.3; WOW64; Trident/7.0; rv:11.0) like Gecko"
24.180.42.102 - - [12/May/2015:21:29:07 -0700] "-" 408 0 "-" "-"
99.30.155.42 - - [12/May/2015:21:32:03 -0700] "GET /images/wsis-logo-sm.png HTTP/1.1" 200 6108 "http://www.thebackcountry.net/" "Mozilla/5.0 (iPhone; CPU iPhone OS 8_3 like Mac OS X) AppleWebKit/600.1.4 (KHTML, like Gecko) Version/8.0 Mobile/12F70 Safari/600.1.4"
170.75.162.130 - - [12/May/2015:21:44:16 -0700] "GET /lib/reccapi.php?resort=winterpark HTTP/1.1" 200 1045 "-" "node-superagent/0.18.2"
75.61.79.211 - - [12/May/2015:21:45:35 -0700] "GET /images/wsis-logo-sm.png HTTP/1.1" 200 6108 "http://www.thebackcountry.net/" "Mozilla/5.0 (Macintosh; Intel Mac OS X 10_9_5) AppleWebKit/600.6.3 (KHTML, like Gecko) Version/7.1.6 Safari/537.85.15"
208.115.111.66 - - [12/May/2015:21:49:50 -0700] "GET /resorts?resort=coppermountain&date=2014-11-15 HTTP/1.1" 404 476 "-" "Mozilla/5.0 (compatible; DotBot/1.1; http://www.opensiteexplorer.org/dotbot, help@moz.com)"
208.115.111.66 - - [12/May/2015:21:49:50 -0700] "GET /resorts?resort=devilshead&date=2014-06-25 HTTP/1.1" 404 476 "-" "Mozilla/5.0 (compatible; DotBot/1.1; http://www.opensiteexplorer.org/dotbot, help@moz.com)"
208.115.111.66 - - [12/May/2015:21:49:51 -0700] "GET /resorts?resort=eaglecrestskiarea&date=2014-10-18 HTTP/1.1" 404 476 "-" "Mozilla/5.0 (compatible; DotBot/1.1; http://www.opensiteexplorer.org/dotbot, help@moz.com)"
208.115.111.66 - - [12/May/2015:21:49:53 -0700] "GET /resorts?resort=hyland&date=2014-10-25 HTTP/1.1" 404 476 "-" "Mozilla/5.0 (compatible; DotBot/1.1; http://www.opensiteexplorer.org/dotbot, help@moz.com)"
208.115.111.66 - - [12/May/2015:21:49:59 -0700] "GET /resorts?resort=lookoutpass&date=2014-06-25 HTTP/1.1" 404 476 "-" "Mozilla/5.0 (compatible; DotBot/1.1; http://www.opensiteexplorer.org/dotbot, help@moz.com)"
208.115.111.66 - - [12/May/2015:21:50:03 -0700] "GET /resorts?resort=mountwashingtonalpine&date=2014-10-24 HTTP/1.1" 404 476 "-" "Mozilla/5.0 (compatible; DotBot/1.1; http://www.opensiteexplorer.org/dotbot, help@moz.com)"
208.115.111.66 - - [12/May/2015:21:50:03 -0700] "GET /resorts?resort=mt.baldy&date=2014-06-27 HTTP/1.1" 404 476 "-" "Mozilla/5.0 (compatible; DotBot/1.1; http://www.opensiteexplorer.org/dotbot, help@moz.com)"
208.115.111.66 - - [12/May/2015:21:50:04 -0700] "GET /resorts?resort=pajaritomountain&date=2014-10-30 HTTP/1.1" 404 476 "-" "Mozilla/5.0 (compatible; DotBot/1.1; http://www.opensiteexplorer.org/dotbot, help@moz.com)"
208.115.111.66 - - [12/May/2015:21:50:05 -0700] "GET /resorts?resort=parkcity&date=2014-10-17 HTTP/1.1" 404 476 "-" "Mozilla/5.0 (compatible; DotBot/1.1; http://www.opensiteexplorer.org/dotbot, help@moz.com)"
208.115.111.66 - - [12/May/2015:21:50:05 -0700] "GET /resorts?resort=silvermountain&date=2014-10-02 HTTP/1.1" 404 476 "-" "Mozilla/5.0 (compatible; DotBot/1.1; http://www.opensiteexplorer.org/dotbot, help@moz.com)"
208.115.111.66 - - [12/May/2015:21:50:06 -0700] "GET /resorts?resort=silverstarmountain&date=2014-10-30 HTTP/1.1" 404 476 "-" "Mozilla/5.0 (compatible; DotBot/1.1; http://www.opensiteexplorer.org/dotbot, help@moz.com)"
208.115.111.66 - - [12/May/2015:21:50:07 -0700] "GET /resorts?resort=sunpeaksresort&date=2014-10-13 HTTP/1.1" 404 476 "-" "Mozilla/5.0 (compatible; DotBot/1.1; http://www.opensiteexplorer.org/dotbot, help@moz.com)"
208.115.111.66 - - [12/May/2015:21:50:07 -0700] "GET /resorts?resort=tetonpass&date=2014-06-19 HTTP/1.1" 404 476 "-" "Mozilla/5.0 (compatible; DotBot/1.1; http://www.opensiteexplorer.org/dotbot, help@moz.com)"
208.115.111.66 - - [12/May/2015:21:50:08 -0700] "GET /resorts?resort=whitewater&date=2014-11-03 HTTP/1.1" 404 476 "-" "Mozilla/5.0 (compatible; DotBot/1.1; http://www.opensiteexplorer.org/dotbot, help@moz.com)"
208.115.111.66 - - [12/May/2015:21:50:09 -0700] "GET /resorts?resort=wildcatmountain&date=2014-09-28 HTTP/1.1" 404 476 "-" "Mozilla/5.0 (compatible; DotBot/1.1; http://www.opensiteexplorer.org/dotbot, help@moz.com)"
208.115.111.66 - - [12/May/2015:21:50:09 -0700] "GET /resorts?resort=willamettepass&date=2014-07-02 HTTP/1.1" 404 476 "-" "Mozilla/5.0 (compatible; DotBot/1.1; http://www.opensiteexplorer.org/dotbot, help@moz.com)"
208.115.111.66 - - [12/May/2015:21:50:10 -0700] "GET /resorts?resort=winterpark&date=2014-10-22 HTTP/1.1" 404 476 "-" "Mozilla/5.0 (compatible; DotBot/1.1; http://www.opensiteexplorer.org/dotbot, help@moz.com)"
208.115.111.66 - - [12/May/2015:21:50:11 -0700] "GET /resorts?resort=wolfcreek&date=2014-10-02 HTTP/1.1" 404 476 "-" "Mozilla/5.0 (compatible; DotBot/1.1; http://www.opensiteexplorer.org/dotbot, help@moz.com)"
208.115.111.66 - - [12/May/2015:21:50:11 -0700] "GET /resorts?resort=angelfire&date=2014-10-20 HTTP/1.1" 404 476 "-" "Mozilla/5.0 (compatible; DotBot/1.1; http://www.opensiteexplorer.org/dotbot, help@moz.com)"
