174.97.32.132 - - [15/Apr/2015:12:28:19 -0700] "GET /images/wsis-logo-sm.png HTTP/1.1" 200 6108 "http://www.thebackcountry.net/" "Mozilla/5.0 (iPhone; CPU iPhone OS 8_3 like Mac OS X) AppleWebKit/600.1.4 (KHTML, like Gecko) Version/8.0 Mobile/12F70 Safari/600.1.4"
71.140.31.214 - - [15/Apr/2015:12:30:56 -0700] "GET /images/wsis-logo-sm.png HTTP/1.1" 200 6108 "http://thebackcountry.net/" "Mozilla/4.0 (compatible; MSIE 8.0; Windows NT 5.1; Trident/4.0; .NET CLR 2.0.50727; .NET CLR 3.0.4506.2152; .NET CLR 3.5.30729; 786908940603; Build/14.08001)"
170.75.162.130 - - [15/Apr/2015:12:37:29 -0700] "GET /lib/reccapi.php?resort=mtrose HTTP/1.1" 200 979 "-" "node-superagent/0.18.2"
170.75.162.130 - - [15/Apr/2015:12:39:19 -0700] "GET /lib/reccapi.php?resort=alyeska HTTP/1.1" 200 1011 "-" "node-superagent/0.18.2"
170.75.162.130 - - [15/Apr/2015:12:39:19 -0700] "GET /lib/reccapi.php?resort=49degreesnorth HTTP/1.1" 200 1001 "-" "node-superagent/0.18.2"
170.75.162.130 - - [15/Apr/2015:12:39:29 -0700] "GET /lib/reccapi.php?resort=aspenmountain HTTP/1.1" 200 1010 "-" "node-superagent/0.18.2"
170.75.162.130 - - [15/Apr/2015:12:39:29 -0700] "GET /lib/reccapi.php?resort=arapahoebasin HTTP/1.1" 200 1121 "-" "node-superagent/0.18.2"
170.75.162.130 - - [15/Apr/2015:12:39:29 -0700] "GET /lib/reccapi.php?resort=angelfire HTTP/1.1" 200 1047 "-" "node-superagent/0.18.2"
170.75.162.130 - - [15/Apr/2015:12:39:39 -0700] "GET /lib/reccapi.php?resort=bigwhite HTTP/1.1" 200 929 "-" "node-superagent/0.18.2"
170.75.162.130 - - [15/Apr/2015:12:39:39 -0700] "GET /lib/reccapi.php?resort=bigsky HTTP/1.1" 200 1060 "-" "node-superagent/0.18.2"
170.75.162.130 - - [15/Apr/2015:12:39:49 -0700] "GET /lib/reccapi.php?resort=brianhead HTTP/1.1" 200 1102 "-" "node-superagent/0.18.2"
170.75.162.130 - - [15/Apr/2015:12:40:19 -0700] "GET /lib/reccapi.php?resort=deervalley HTTP/1.1" 200 1095 "-" "node-superagent/0.18.2"
170.75.162.130 - - [15/Apr/2015:12:40:19 -0700] "GET /lib/reccapi.php?resort=crystalmountain HTTP/1.1" 200 982 "-" "node-superagent/0.18.2"
170.75.162.130 - - [15/Apr/2015:12:40:19 -0700] "GET /lib/reccapi.php?resort=crestedbutte HTTP/1.1" 200 1032 "-" "node-superagent/0.18.2"
170.75.162.130 - - [15/Apr/2015:12:40:29 -0700] "GET /lib/reccapi.php?resort=grandtarghee HTTP/1.1" 200 1075 "-" "node-superagent/0.18.2"
170.75.162.130 - - [15/Apr/2015:12:41:29 -0700] "GET /lib/reccapi.php?resort=loveland HTTP/1.1" 200 1075 "-" "node-superagent/0.18.2"
170.75.162.130 - - [15/Apr/2015:12:41:39 -0700] "GET /lib/reccapi.php?resort=mammothmountain HTTP/1.1" 200 1001 "-" "node-superagent/0.18.2"
170.75.162.130 - - [15/Apr/2015:12:41:49 -0700] "GET /lib/reccapi.php?resort=mountbachelor HTTP/1.1" 200 983 "-" "node-superagent/0.18.2"
170.75.162.130 - - [15/Apr/2015:12:41:49 -0700] "GET /lib/reccapi.php?resort=mounthoodmeadows HTTP/1.1" 200 1017 "-" "node-superagent/0.18.2"
170.75.162.130 - - [15/Apr/2015:12:41:59 -0700] "GET /lib/reccapi.php?resort=mountainhigh HTTP/1.1" 200 992 "-" "node-superagent/0.18.2"
170.75.162.130 - - [15/Apr/2015:12:42:19 -0700] "GET /lib/reccapi.php?resort=redlodge HTTP/1.1" 200 1080 "-" "node-superagent/0.18.2"
170.75.162.130 - - [15/Apr/2015:12:42:29 -0700] "GET /lib/reccapi.php?resort=snowbasin HTTP/1.1" 200 1026 "-" "node-superagent/0.18.2"
170.75.162.130 - - [15/Apr/2015:12:42:29 -0700] "GET /lib/reccapi.php?resort=sierra-at-tahoe HTTP/1.1" 200 973 "-" "node-superagent/0.18.2"
170.75.162.130 - - [15/Apr/2015:12:42:39 -0700] "GET /lib/reccapi.php?resort=solitude HTTP/1.1" 200 1052 "-" "node-superagent/0.18.2"
170.75.162.130 - - [15/Apr/2015:12:42:39 -0700] "GET /lib/reccapi.php?resort=squawvalleyusa HTTP/1.1" 200 990 "-" "node-superagent/0.18.2"
170.75.162.130 - - [15/Apr/2015:12:42:39 -0700] "GET /lib/reccapi.php?resort=steamboat HTTP/1.1" 200 1055 "-" "node-superagent/0.18.2"
170.75.162.130 - - [15/Apr/2015:12:42:39 -0700] "GET /lib/reccapi.php?resort=stowe HTTP/1.1" 200 935 "-" "node-superagent/0.18.2"
170.75.162.130 - - [15/Apr/2015:12:42:39 -0700] "GET /lib/reccapi.php?resort=stevenspass HTTP/1.1" 200 978 "-" "node-superagent/0.18.2"
123.125.71.98 - - [15/Apr/2015:12:42:48 -0700] "GET / HTTP/1.1" 200 2339 "-" "Mozilla/5.0 (Windows NT 5.1; rv:6.0.2) Gecko/20100101 Firefox/6.0.2"
170.75.162.130 - - [15/Apr/2015:12:42:49 -0700] "GET /lib/reccapi.php?resort=sugarbowl HTTP/1.1" 200 964 "-" "node-superagent/0.18.2"
170.75.162.130 - - [15/Apr/2015:12:42:49 -0700] "GET /lib/reccapi.php?resort=sugarloaf HTTP/1.1" 200 955 "-" "node-superagent/0.18.2"
170.75.162.130 - - [15/Apr/2015:12:42:49 -0700] "GET /lib/reccapi.php?resort=sunpeaksresort HTTP/1.1" 200 920 "-" "node-superagent/0.18.2"
123.125.71.117 - - [15/Apr/2015:12:43:29 -0700] "GET / HTTP/1.1" 200 6114 "-" "Mozilla/5.0 (Windows NT 5.1; rv:6.0.2) Gecko/20100101 Firefox/6.0.2"
170.75.162.130 - - [15/Apr/2015:12:43:29 -0700] "GET /lib/reccapi.php?resort=sundayriver HTTP/1.1" 200 951 "-" "node-superagent/0.18.2"
170.75.162.130 - - [15/Apr/2015:12:43:30 -0700] "GET /lib/reccapi.php?resort=taos HTTP/1.1" 200 1013 "-" "node-superagent/0.18.2"
170.75.162.130 - - [15/Apr/2015:12:43:30 -0700] "GET /lib/reccapi.php?resort=whitefacemountain HTTP/1.1" 200 961 "-" "node-superagent/0.18.2"
170.75.162.130 - - [15/Apr/2015:12:43:30 -0700] "GET /lib/reccapi.php?resort=telluride HTTP/1.1" 200 994 "-" "node-superagent/0.18.2"
170.75.162.130 - - [15/Apr/2015:12:43:30 -0700] "GET /lib/reccapi.php?resort=winterpark HTTP/1.1" 200 1066 "-" "node-superagent/0.18.2"
170.75.162.130 - - [15/Apr/2015:12:43:30 -0700] "GET /lib/reccapi.php?resort=wildcatmountain HTTP/1.1" 200 975 "-" "node-superagent/0.18.2"
220.181.108.152 - - [15/Apr/2015:12:47:18 -0700] "-" 408 0 "-" "-"
50.30.35.150 - - [15/Apr/2015:12:56:07 -0700] "GET / HTTP/1.1" 200 6114 "-" "Python-urllib/2.7"
50.30.35.150 - - [15/Apr/2015:12:56:09 -0700] "GET /script HTTP/1.1" 404 489 "-" "Python-urllib/2.7"
50.30.35.150 - - [15/Apr/2015:12:56:14 -0700] "GET /jenkins/script HTTP/1.1" 404 489 "-" "Python-urllib/2.7"
50.30.35.150 - - [15/Apr/2015:12:56:16 -0700] "GET /hudson/script HTTP/1.1" 404 489 "-" "Python-urllib/2.7"
50.30.35.150 - - [15/Apr/2015:12:56:21 -0700] "GET /login HTTP/1.1" 404 489 "-" "Python-urllib/2.7"
50.30.35.150 - - [15/Apr/2015:12:56:24 -0700] "GET /jenkins/login HTTP/1.1" 404 489 "-" "Python-urllib/2.7"
50.30.35.150 - - [15/Apr/2015:12:56:26 -0700] "GET /hudson/login HTTP/1.1" 404 489 "-" "Python-urllib/2.7"
50.30.35.150 - - [15/Apr/2015:12:56:28 -0700] "GET /jmx-console HTTP/1.1" 404 489 "-" "Python-urllib/2.7"
50.30.35.150 - - [15/Apr/2015:12:56:30 -0700] "GET /manager/html HTTP/1.1" 404 489 "-" "Python-urllib/2.7"
50.30.35.150 - - [15/Apr/2015:12:56:32 -0700] "GET /msd HTTP/1.1" 404 489 "-" "Python-urllib/2.7"
50.30.35.150 - - [15/Apr/2015:12:56:34 -0700] "GET /mySqlDumper HTTP/1.1" 404 489 "-" "Python-urllib/2.7"
50.30.35.150 - - [15/Apr/2015:12:56:36 -0700] "GET /msd1.24stable HTTP/1.1" 404 493 "-" "Python-urllib/2.7"
50.30.35.150 - - [15/Apr/2015:12:56:39 -0700] "GET /msd1.24.4 HTTP/1.1" 404 489 "-" "Python-urllib/2.7"
50.30.35.150 - - [15/Apr/2015:12:56:40 -0700] "GET /mysqldumper HTTP/1.1" 404 489 "-" "Python-urllib/2.7"
50.30.35.150 - - [15/Apr/2015:12:56:43 -0700] "GET /MySQLDumper HTTP/1.1" 404 489 "-" "Python-urllib/2.7"
50.30.35.150 - - [15/Apr/2015:12:56:45 -0700] "GET /mysql HTTP/1.1" 404 489 "-" "Python-urllib/2.7"
50.30.35.150 - - [15/Apr/2015:12:56:46 -0700] "GET /sql HTTP/1.1" 404 489 "-" "Python-urllib/2.7"
50.30.35.150 - - [15/Apr/2015:12:56:49 -0700] "GET /phpmyadmin HTTP/1.1" 404 489 "-" "Python-urllib/2.7"
50.30.35.150 - - [15/Apr/2015:12:56:51 -0700] "GET /phpMyAdmin HTTP/1.1" 404 489 "-" "Python-urllib/2.7"
50.30.35.150 - - [15/Apr/2015:12:56:53 -0700] "GET /mysql HTTP/1.1" 404 489 "-" "Python-urllib/2.7"
50.30.35.150 - - [15/Apr/2015:12:56:55 -0700] "GET /sql HTTP/1.1" 404 489 "-" "Python-urllib/2.7"
50.30.35.150 - - [15/Apr/2015:12:56:57 -0700] "GET /myadmin HTTP/1.1" 404 489 "-" "Python-urllib/2.7"
50.30.35.150 - - [15/Apr/2015:12:56:59 -0700] "GET /phpMyAdmin-4.2.1-all-languages HTTP/1.1" 404 510 "-" "Python-urllib/2.7"
50.30.35.150 - - [15/Apr/2015:12:57:01 -0700] "GET /phpMyAdmin-4.2.1-english HTTP/1.1" 404 504 "-" "Python-urllib/2.7"
50.30.35.150 - - [15/Apr/2015:12:57:03 -0700] "GET / HTTP/1.1" 200 6114 "-" "Python-urllib/2.7"
50.30.35.150 - - [15/Apr/2015:12:57:05 -0700] "GET /sqlite/main.php HTTP/1.1" 404 489 "-" "Python-urllib/2.7"
50.30.35.150 - - [15/Apr/2015:12:57:08 -0700] "GET /SQLite/SQLiteManager-1.2.4/main.php HTTP/1.1" 404 489 "-" "Python-urllib/2.7"
50.30.35.150 - - [15/Apr/2015:12:57:10 -0700] "GET /SQLiteManager-1.2.4/main.php HTTP/1.1" 404 489 "-" "Python-urllib/2.7"
50.30.35.150 - - [15/Apr/2015:12:57:12 -0700] "GET /sqlitemanager/main.php HTTP/1.1" 404 489 "-" "Python-urllib/2.7"
50.30.35.150 - - [15/Apr/2015:12:57:14 -0700] "GET /SQlite/main.php HTTP/1.1" 404 489 "-" "Python-urllib/2.7"
50.30.35.150 - - [15/Apr/2015:12:57:16 -0700] "GET /SQLiteManager/main.php HTTP/1.1" 404 489 "-" "Python-urllib/2.7"
199.59.148.209 - - [15/Apr/2015:13:11:50 -0700] "GET /robots.txt HTTP/1.1" 200 363 "-" "Twitterbot/1.0"
199.59.148.209 - - [15/Apr/2015:13:11:50 -0700] "GET /recommendations HTTP/1.1" 404 450 "-" "Twitterbot/1.0"
162.93.80.2 - - [15/Apr/2015:13:13:32 -0700] "GET /images/wsis-logo-sm.png HTTP/1.1" 200 6108 "http://www.thebackcountry.net/" "Mozilla/5.0 (compatible; MSIE 10.0; Windows NT 6.2; WOW64; Trident/6.0)"
66.249.79.39 - - [15/Apr/2015:13:16:52 -0700] "GET /robots.txt HTTP/1.1" 200 419 "-" "Mozilla/5.0 (compatible; Googlebot/2.1; +http://www.google.com/bot.html)"
66.249.79.47 - - [15/Apr/2015:13:16:52 -0700] "GET /hysnhnoufe.html HTTP/1.1" 404 509 "-" "Mozilla/5.0 (compatible; Googlebot/2.1; +http://www.google.com/bot.html)"
66.249.79.31 - - [15/Apr/2015:13:20:06 -0700] "GET /resorts?resort=bridgerbowl&date=2013-06-14 HTTP/1.1" 404 509 "-" "Mozilla/5.0 (iPhone; CPU iPhone OS 6_0 like Mac OS X) AppleWebKit/536.26 (KHTML, like Gecko) Version/6.0 Mobile/10A5376e Safari/8536.25 (compatible; Googlebot/2.1; +http://www.google.com/bot.html)"
178.255.215.81 - - [15/Apr/2015:13:22:12 -0700] "GET /robots.txt HTTP/1.1" 200 382 "-" "Mozilla/5.0 (compatible; Exabot/3.0; +http://www.exabot.com/go/robot)"
178.255.215.81 - - [15/Apr/2015:13:22:12 -0700] "GET /resorts?resort=northstar-at-tahoe HTTP/1.1" 404 469 "-" "Mozilla/5.0 (compatible; Exabot/3.0; +http://www.exabot.com/go/robot)"
170.75.162.130 - - [15/Apr/2015:13:36:24 -0700] "GET /lib/reccapi.php?resort=alta HTTP/1.1" 200 1076 "-" "node-superagent/0.18.2"
170.75.162.130 - - [15/Apr/2015:13:39:04 -0700] "GET /lib/reccapi.php?resort=diamondpeak HTTP/1.1" 200 951 "-" "node-superagent/0.18.2"
37.187.24.113 - - [15/Apr/2015:13:42:41 -0700] "GET / HTTP/1.0" 200 6114 "-" "-"
37.187.24.113 - - [15/Apr/2015:13:42:41 -0700] "GET /wp-login.php HTTP/1.0" 404 495 "-" "-"
37.187.24.113 - - [15/Apr/2015:13:42:42 -0700] "GET /administrator/index.php HTTP/1.0" 404 495 "-" "-"
37.187.24.113 - - [15/Apr/2015:13:42:42 -0700] "GET /user HTTP/1.0" 404 495 "-" "-"
37.187.24.113 - - [15/Apr/2015:13:42:42 -0700] "GET /admin.php HTTP/1.0" 404 495 "-" "-"
37.187.24.113 - - [15/Apr/2015:13:42:43 -0700] "GET /about HTTP/1.0" 404 495 "-" "-"
123.125.71.30 - - [15/Apr/2015:13:50:05 -0700] "GET / HTTP/1.1" 200 2339 "-" "Mozilla/5.0 (Windows NT 5.1; rv:6.0.2) Gecko/20100101 Firefox/6.0.2"
123.125.71.43 - - [15/Apr/2015:13:50:51 -0700] "GET / HTTP/1.1" 200 6114 "-" "Mozilla/5.0 (Windows NT 5.1; rv:6.0.2) Gecko/20100101 Firefox/6.0.2"
220.181.108.82 - - [15/Apr/2015:13:54:07 -0700] "-" 408 0 "-" "-"
206.29.176.51 - - [15/Apr/2015:14:06:28 -0700] "GET / HTTP/1.1" 200 2376 "-" "Mozilla/5.0 (Macintosh; Intel Mac OS X 10_10_3) AppleWebKit/537.36 (KHTML, like Gecko) Chrome/41.0.2272.118 Safari/537.36"
206.29.176.51 - - [15/Apr/2015:14:06:28 -0700] "GET /scripts/scripts/vendor/modernizr.js HTTP/1.1" 200 4903 "http://whereshouldiski.com/" "Mozilla/5.0 (Macintosh; Intel Mac OS X 10_10_3) AppleWebKit/537.36 (KHTML, like Gecko) Chrome/41.0.2272.118 Safari/537.36"
206.29.176.51 - - [15/Apr/2015:14:06:28 -0700] "GET /styles/0fffd548.main.css HTTP/1.1" 200 19316 "http://whereshouldiski.com/" "Mozilla/5.0 (Macintosh; Intel Mac OS X 10_10_3) AppleWebKit/537.36 (KHTML, like Gecko) Chrome/41.0.2272.118 Safari/537.36"
206.29.176.51 - - [15/Apr/2015:14:06:28 -0700] "GET /images/logo-sm.png HTTP/1.1" 200 16738 "http://whereshouldiski.com/" "Mozilla/5.0 (Macintosh; Intel Mac OS X 10_10_3) AppleWebKit/537.36 (KHTML, like Gecko) Chrome/41.0.2272.118 Safari/537.36"
206.29.176.51 - - [15/Apr/2015:14:06:28 -0700] "GET /bower_components/requirejs/require.js HTTP/1.1" 200 6701 "http://whereshouldiski.com/" "Mozilla/5.0 (Macintosh; Intel Mac OS X 10_10_3) AppleWebKit/537.36 (KHTML, like Gecko) Chrome/41.0.2272.118 Safari/537.36"
206.29.176.51 - - [15/Apr/2015:14:06:28 -0700] "GET /images/loading.gif HTTP/1.1" 200 13881 "http://whereshouldiski.com/" "Mozilla/5.0 (Macintosh; Intel Mac OS X 10_10_3) AppleWebKit/537.36 (KHTML, like Gecko) Chrome/41.0.2272.118 Safari/537.36"
206.29.176.51 - - [15/Apr/2015:14:06:28 -0700] "GET /scripts/fa48e319.main.js HTTP/1.1" 200 123455 "http://whereshouldiski.com/" "Mozilla/5.0 (Macintosh; Intel Mac OS X 10_10_3) AppleWebKit/537.36 (KHTML, like Gecko) Chrome/41.0.2272.118 Safari/537.36"
206.29.176.51 - - [15/Apr/2015:14:06:29 -0700] "GET /images/greyHeader.png HTTP/1.1" 200 508 "http://whereshouldiski.com/styles/0fffd548.main.css" "Mozilla/5.0 (Macintosh; Intel Mac OS X 10_10_3) AppleWebKit/537.36 (KHTML, like Gecko) Chrome/41.0.2272.118 Safari/537.36"
206.29.176.51 - - [15/Apr/2015:14:06:29 -0700] "GET /images/button.png HTTP/1.1" 200 598 "http://whereshouldiski.com/styles/0fffd548.main.css" "Mozilla/5.0 (Macintosh; Intel Mac OS X 10_10_3) AppleWebKit/537.36 (KHTML, like Gecko) Chrome/41.0.2272.118 Safari/537.36"
206.29.176.51 - - [15/Apr/2015:14:06:29 -0700] "GET /lib/reccapi.php?fields=t HTTP/1.1" 200 1866 "http://whereshouldiski.com/" "Mozilla/5.0 (Macintosh; Intel Mac OS X 10_10_3) AppleWebKit/537.36 (KHTML, like Gecko) Chrome/41.0.2272.118 Safari/537.36"
206.29.176.51 - - [15/Apr/2015:14:06:29 -0700] "GET /images/snowflake5.png HTTP/1.1" 200 2857 "http://whereshouldiski.com/styles/0fffd548.main.css" "Mozilla/5.0 (Macintosh; Intel Mac OS X 10_10_3) AppleWebKit/537.36 (KHTML, like Gecko) Chrome/41.0.2272.118 Safari/537.36"
206.29.176.51 - - [15/Apr/2015:14:06:29 -0700] "GET /images/bluebird5.png HTTP/1.1" 200 2177 "http://whereshouldiski.com/styles/0fffd548.main.css" "Mozilla/5.0 (Macintosh; Intel Mac OS X 10_10_3) AppleWebKit/537.36 (KHTML, like Gecko) Chrome/41.0.2272.118 Safari/537.36"
206.29.176.51 - - [15/Apr/2015:14:06:29 -0700] "GET /images/star5.png HTTP/1.1" 200 1783 "http://whereshouldiski.com/styles/0fffd548.main.css" "Mozilla/5.0 (Macintosh; Intel Mac OS X 10_10_3) AppleWebKit/537.36 (KHTML, like Gecko) Chrome/41.0.2272.118 Safari/537.36"
206.29.176.51 - - [15/Apr/2015:14:06:29 -0700] "GET /images/mtns-icon.png HTTP/1.1" 200 1097 "http://whereshouldiski.com/styles/0fffd548.main.css" "Mozilla/5.0 (Macintosh; Intel Mac OS X 10_10_3) AppleWebKit/537.36 (KHTML, like Gecko) Chrome/41.0.2272.118 Safari/537.36"
206.29.176.51 - - [15/Apr/2015:14:06:29 -0700] "GET /images/shading-icon.png HTTP/1.1" 200 537 "http://whereshouldiski.com/styles/0fffd548.main.css" "Mozilla/5.0 (Macintosh; Intel Mac OS X 10_10_3) AppleWebKit/537.36 (KHTML, like Gecko) Chrome/41.0.2272.118 Safari/537.36"
206.29.176.51 - - [15/Apr/2015:14:06:33 -0700] "GET /lib/reccapi.php?fields=t&coords=47.5783548,-122.16491470000001 HTTP/1.1" 200 2059 "http://whereshouldiski.com/" "Mozilla/5.0 (Macintosh; Intel Mac OS X 10_10_3) AppleWebKit/537.36 (KHTML, like Gecko) Chrome/41.0.2272.118 Safari/537.36"
206.29.176.51 - - [15/Apr/2015:14:06:42 -0700] "GET /lib/reccapi.php?resort=remarkables&date=2015-04-15 HTTP/1.1" 200 941 "http://whereshouldiski.com/" "Mozilla/5.0 (Macintosh; Intel Mac OS X 10_10_3) AppleWebKit/537.36 (KHTML, like Gecko) Chrome/41.0.2272.118 Safari/537.36"
206.29.176.51 - - [15/Apr/2015:14:06:42 -0700] "GET /lib/reccapi.php?fields=t&date=2015-04-15&coords=-45.15%2C168.833&size=7&sort=distance HTTP/1.1" 200 1330 "http://whereshouldiski.com/" "Mozilla/5.0 (Macintosh; Intel Mac OS X 10_10_3) AppleWebKit/537.36 (KHTML, like Gecko) Chrome/41.0.2272.118 Safari/537.36"
206.29.176.51 - - [15/Apr/2015:14:06:42 -0700] "GET /images/snowflake-med-5.png HTTP/1.1" 200 6157 "http://whereshouldiski.com/styles/0fffd548.main.css" "Mozilla/5.0 (Macintosh; Intel Mac OS X 10_10_3) AppleWebKit/537.36 (KHTML, like Gecko) Chrome/41.0.2272.118 Safari/537.36"
206.29.176.51 - - [15/Apr/2015:14:06:42 -0700] "GET /images/stars-med-5.png HTTP/1.1" 200 4124 "http://whereshouldiski.com/styles/0fffd548.main.css" "Mozilla/5.0 (Macintosh; Intel Mac OS X 10_10_3) AppleWebKit/537.36 (KHTML, like Gecko) Chrome/41.0.2272.118 Safari/537.36"
206.29.176.51 - - [15/Apr/2015:14:06:42 -0700] "GET /images/sun-med-5.png HTTP/1.1" 200 7627 "http://whereshouldiski.com/styles/0fffd548.main.css" "Mozilla/5.0 (Macintosh; Intel Mac OS X 10_10_3) AppleWebKit/537.36 (KHTML, like Gecko) Chrome/41.0.2272.118 Safari/537.36"
206.29.176.51 - - [15/Apr/2015:14:06:42 -0700] "GET /images/mtns-30px.png HTTP/1.1" 200 1201 "http://whereshouldiski.com/styles/0fffd548.main.css" "Mozilla/5.0 (Macintosh; Intel Mac OS X 10_10_3) AppleWebKit/537.36 (KHTML, like Gecko) Chrome/41.0.2272.118 Safari/537.36"
206.29.176.51 - - [15/Apr/2015:14:06:42 -0700] "GET /lib/resortDataSearchD3.php?size=7&sortDate=T&resort=remarkables&dateStart=2015-04-13 HTTP/1.1" 200 869 "http://whereshouldiski.com/" "Mozilla/5.0 (Macintosh; Intel Mac OS X 10_10_3) AppleWebKit/537.36 (KHTML, like Gecko) Chrome/41.0.2272.118 Safari/537.36"
206.29.176.51 - - [15/Apr/2015:14:06:42 -0700] "GET /images/shading-53px.png HTTP/1.1" 200 547 "http://whereshouldiski.com/styles/0fffd548.main.css" "Mozilla/5.0 (Macintosh; Intel Mac OS X 10_10_3) AppleWebKit/537.36 (KHTML, like Gecko) Chrome/41.0.2272.118 Safari/537.36"
206.29.176.51 - - [15/Apr/2015:14:06:42 -0700] "GET /images/snowforecast-logo.jpg HTTP/1.1" 200 22988 "http://whereshouldiski.com/" "Mozilla/5.0 (Macintosh; Intel Mac OS X 10_10_3) AppleWebKit/537.36 (KHTML, like Gecko) Chrome/41.0.2272.118 Safari/537.36"
206.29.176.51 - - [15/Apr/2015:14:06:42 -0700] "GET /images/opensnow_logo.png HTTP/1.1" 200 11776 "http://whereshouldiski.com/" "Mozilla/5.0 (Macintosh; Intel Mac OS X 10_10_3) AppleWebKit/537.36 (KHTML, like Gecko) Chrome/41.0.2272.118 Safari/537.36"
206.29.176.51 - - [15/Apr/2015:14:06:44 -0700] "GET /lib/reccapi.php?fields=t&coords=47.5783548,-122.16491470000001 HTTP/1.1" 200 2059 "http://whereshouldiski.com/" "Mozilla/5.0 (Macintosh; Intel Mac OS X 10_10_3) AppleWebKit/537.36 (KHTML, like Gecko) Chrome/41.0.2272.118 Safari/537.36"
127.0.0.1 - - [15/Apr/2015:14:06:59 -0700] "OPTIONS * HTTP/1.0" 200 126 "-" "Apache/2.2.22 (Ubuntu) (internal dummy connection)"
208.115.113.83 - - [15/Apr/2015:14:08:44 -0700] "GET /robots.txt HTTP/1.1" 200 319 "-" "Mozilla/5.0 (compatible; DotBot/1.1; http://www.opensiteexplorer.org/dotbot, help@moz.com)"
180.76.4.120 - - [15/Apr/2015:14:09:45 -0700] "GET / HTTP/1.1" 200 6114 "-" "Mozilla/4.0 (compatible; MSIE 7.0; Windows NT 6.0)"
170.75.162.130 - - [15/Apr/2015:14:10:37 -0700] "GET /lib/reccapi.php?resort=parkcity HTTP/1.1" 200 1085 "-" "node-superagent/0.18.2"
170.75.162.130 - - [15/Apr/2015:14:24:28 -0700] "GET /lib/reccapi.php?resort=cannonmountain HTTP/1.1" 200 975 "-" "node-superagent/0.18.2"
107.77.75.81 - - [15/Apr/2015:14:32:20 -0700] "GET /images/wsis-logo-sm.png HTTP/1.1" 200 6108 "http://www.thebackcountry.net/" "Mozilla/5.0 (iPhone; CPU iPhone OS 8_3 like Mac OS X) AppleWebKit/600.1.4 (KHTML, like Gecko) Version/8.0 Mobile/12F70 Safari/600.1.4"
190.117.240.19 - - [15/Apr/2015:14:44:05 -0700] "GET / HTTP/1.1" 200 2376 "http://best-seo-offer.com/try.php?u=http://whereshouldiski.com" "Mozilla/5.0 (Windows NT 6.1; WOW64) AppleWebKit/537.36 (KHTML, like Gecko) Chrome/36.0.1985.143 Safari/537.36"
190.117.240.19 - - [15/Apr/2015:14:44:05 -0700] "GET /styles/0fffd548.main.css HTTP/1.1" 200 19316 "http://whereshouldiski.com/" "Mozilla/5.0 (Windows NT 6.1; WOW64) AppleWebKit/537.36 (KHTML, like Gecko) Chrome/36.0.1985.143 Safari/537.36"
190.117.240.19 - - [15/Apr/2015:14:44:05 -0700] "GET /scripts/scripts/vendor/modernizr.js HTTP/1.1" 200 4903 "http://whereshouldiski.com/" "Mozilla/5.0 (Windows NT 6.1; WOW64) AppleWebKit/537.36 (KHTML, like Gecko) Chrome/36.0.1985.143 Safari/537.36"
190.117.240.19 - - [15/Apr/2015:14:44:05 -0700] "GET /bower_components/requirejs/require.js HTTP/1.1" 200 6702 "http://whereshouldiski.com/" "Mozilla/5.0 (Windows NT 6.1; WOW64) AppleWebKit/537.36 (KHTML, like Gecko) Chrome/36.0.1985.143 Safari/537.36"
190.117.240.19 - - [15/Apr/2015:14:44:05 -0700] "GET /images/loading.gif HTTP/1.1" 200 13881 "http://whereshouldiski.com/" "Mozilla/5.0 (Windows NT 6.1; WOW64) AppleWebKit/537.36 (KHTML, like Gecko) Chrome/36.0.1985.143 Safari/537.36"
190.117.240.19 - - [15/Apr/2015:14:44:05 -0700] "GET /images/logo-sm.png HTTP/1.1" 200 16737 "http://whereshouldiski.com/" "Mozilla/5.0 (Windows NT 6.1; WOW64) AppleWebKit/537.36 (KHTML, like Gecko) Chrome/36.0.1985.143 Safari/537.36"
123.125.71.116 - - [15/Apr/2015:14:44:06 -0700] "GET / HTTP/1.1" 200 2339 "-" "Mozilla/5.0 (Windows NT 5.1; rv:6.0.2) Gecko/20100101 Firefox/6.0.2"
190.117.240.19 - - [15/Apr/2015:14:44:05 -0700] "GET /scripts/fa48e319.main.js HTTP/1.1" 200 123455 "http://whereshouldiski.com/" "Mozilla/5.0 (Windows NT 6.1; WOW64) AppleWebKit/537.36 (KHTML, like Gecko) Chrome/36.0.1985.143 Safari/537.36"
190.117.240.19 - - [15/Apr/2015:14:44:07 -0700] "GET /images/button.png HTTP/1.1" 200 598 "http://whereshouldiski.com/" "Mozilla/5.0 (Windows NT 6.1; WOW64) AppleWebKit/537.36 (KHTML, like Gecko) Chrome/36.0.1985.143 Safari/537.36"
190.117.240.19 - - [15/Apr/2015:14:44:07 -0700] "GET /lib/reccapi.php?fields=t HTTP/1.1" 200 1866 "http://whereshouldiski.com/" "Mozilla/5.0 (Windows NT 6.1; WOW64) AppleWebKit/537.36 (KHTML, like Gecko) Chrome/36.0.1985.143 Safari/537.36"
190.117.240.19 - - [15/Apr/2015:14:44:07 -0700] "GET /images/snowflake5.png HTTP/1.1" 200 2857 "http://whereshouldiski.com/" "Mozilla/5.0 (Windows NT 6.1; WOW64) AppleWebKit/537.36 (KHTML, like Gecko) Chrome/36.0.1985.143 Safari/537.36"
190.117.240.19 - - [15/Apr/2015:14:44:07 -0700] "GET /images/greyHeader.png HTTP/1.1" 200 508 "http://whereshouldiski.com/" "Mozilla/5.0 (Windows NT 6.1; WOW64) AppleWebKit/537.36 (KHTML, like Gecko) Chrome/36.0.1985.143 Safari/537.36"
190.117.240.19 - - [15/Apr/2015:14:44:07 -0700] "GET /images/star5.png HTTP/1.1" 200 1783 "http://whereshouldiski.com/" "Mozilla/5.0 (Windows NT 6.1; WOW64) AppleWebKit/537.36 (KHTML, like Gecko) Chrome/36.0.1985.143 Safari/537.36"
190.117.240.19 - - [15/Apr/2015:14:44:07 -0700] "GET /images/bluebird5.png HTTP/1.1" 200 2177 "http://whereshouldiski.com/" "Mozilla/5.0 (Windows NT 6.1; WOW64) AppleWebKit/537.36 (KHTML, like Gecko) Chrome/36.0.1985.143 Safari/537.36"
190.117.240.19 - - [15/Apr/2015:14:44:07 -0700] "GET /images/shading-icon.png HTTP/1.1" 200 536 "http://whereshouldiski.com/" "Mozilla/5.0 (Windows NT 6.1; WOW64) AppleWebKit/537.36 (KHTML, like Gecko) Chrome/36.0.1985.143 Safari/537.36"
190.117.240.19 - - [15/Apr/2015:14:44:07 -0700] "GET /images/mtns-icon.png HTTP/1.1" 200 1096 "http://whereshouldiski.com/" "Mozilla/5.0 (Windows NT 6.1; WOW64) AppleWebKit/537.36 (KHTML, like Gecko) Chrome/36.0.1985.143 Safari/537.36"
190.117.240.19 - - [15/Apr/2015:14:44:28 -0700] "-" 408 0 "-" "-"
190.117.240.19 - - [15/Apr/2015:14:44:29 -0700] "-" 408 0 "-" "-"
190.117.240.19 - - [15/Apr/2015:14:44:29 -0700] "-" 408 0 "-" "-"
127.0.0.1 - - [15/Apr/2015:14:44:29 -0700] "OPTIONS * HTTP/1.0" 200 126 "-" "Apache/2.2.22 (Ubuntu) (internal dummy connection)"
123.125.71.69 - - [15/Apr/2015:14:44:54 -0700] "GET / HTTP/1.1" 200 6114 "-" "Mozilla/5.0 (Windows NT 5.1; rv:6.0.2) Gecko/20100101 Firefox/6.0.2"
220.181.108.160 - - [15/Apr/2015:14:48:30 -0700] "GET / HTTP/1.1" 200 2339 "-" "Mozilla/5.0 (Windows NT 5.1; rv:6.0.2) Gecko/20100101 Firefox/6.0.2"
220.181.108.165 - - [15/Apr/2015:14:49:09 -0700] "-" 408 0 "-" "-"
68.180.228.182 - - [15/Apr/2015:15:10:35 -0700] "GET /resorts?resort=snowbasin&date=2014-11-04 HTTP/1.1" 404 450 "-" "Mozilla/5.0 (compatible; Yahoo! Slurp; http://help.yahoo.com/help/us/ysearch/slurp)"
74.95.14.206 - - [15/Apr/2015:15:17:19 -0700] "GET /images/wsis-logo-sm.png HTTP/1.1" 200 6108 "http://www.thebackcountry.net/" "Mozilla/5.0 (Windows NT 6.1; WOW64; Trident/7.0; rv:11.0) like Gecko"
74.95.14.206 - - [15/Apr/2015:15:17:40 -0700] "-" 408 0 "-" "-"
208.115.113.83 - - [15/Apr/2015:15:22:51 -0700] "GET /resorts?resort=wildcatmountain HTTP/1.1" 404 476 "-" "Mozilla/5.0 (compatible; DotBot/1.1; http://www.opensiteexplorer.org/dotbot, help@moz.com)"
206.176.240.82 - - [15/Apr/2015:15:36:51 -0700] "GET /images/wsis-logo-sm.png HTTP/1.1" 200 6108 "http://www.thebackcountry.net/" "Mozilla/5.0 (Windows NT 6.1) AppleWebKit/537.36 (KHTML, like Gecko) Chrome/41.0.2272.118 Safari/537.36"
123.125.71.43 - - [15/Apr/2015:15:44:33 -0700] "GET / HTTP/1.1" 200 2339 "-" "Mozilla/5.0 (Windows NT 5.1; rv:6.0.2) Gecko/20100101 Firefox/6.0.2"
123.125.71.16 - - [15/Apr/2015:15:45:18 -0700] "-" 408 0 "-" "-"
220.181.108.77 - - [15/Apr/2015:15:48:21 -0700] "-" 408 0 "-" "-"
134.197.86.23 - - [15/Apr/2015:15:49:10 -0700] "GET /images/wsis-logo-sm.png HTTP/1.1" 200 6108 "http://www.thebackcountry.net/" "Mozilla/5.0 (X11; Linux x86_64; rv:35.0) Gecko/20100101 Firefox/35.0 Iceweasel/35.0.1"
170.75.162.130 - - [15/Apr/2015:15:56:20 -0700] "GET /lib/reccapi.php?resort=schweitzer HTTP/1.1" 200 987 "-" "node-superagent/0.18.2"
151.151.109.22 - - [15/Apr/2015:15:56:31 -0700] "GET /images/wsis-logo-sm.png HTTP/1.1" 200 6108 "http://www.thebackcountry.net/" "Mozilla/5.0 (Windows NT 6.1; WOW64) AppleWebKit/537.36 (KHTML, like Gecko) Chrome/40.0.2214.111 Safari/537.36"
180.76.4.203 - - [15/Apr/2015:16:00:32 -0700] "GET / HTTP/1.1" 200 6114 "-" "Mozilla/4.0 (compatible; MSIE 7.0; Windows NT 6.0)"
208.115.111.66 - - [15/Apr/2015:16:06:18 -0700] "GET /robots.txt HTTP/1.1" 200 319 "-" "Mozilla/5.0 (compatible; DotBot/1.1; http://www.opensiteexplorer.org/dotbot, help@moz.com)"
108.205.51.31 - - [15/Apr/2015:16:09:45 -0700] "GET /images/wsis-logo-sm.png HTTP/1.1" 200 6108 "http://www.thebackcountry.net/" "Mozilla/5.0 (Windows NT 6.3; WOW64) AppleWebKit/537.36 (KHTML, like Gecko) Chrome/41.0.2272.118 Safari/537.36"
71.80.212.116 - - [15/Apr/2015:16:11:49 -0700] "GET /images/wsis-logo-sm.png HTTP/1.1" 200 6108 "http://www.thebackcountry.net/" "Mozilla/5.0 (Macintosh; Intel Mac OS X 10_10_0) AppleWebKit/537.36 (KHTML, like Gecko) Chrome/42.0.2311.90 Safari/537.36"
75.149.55.161 - - [15/Apr/2015:16:14:57 -0700] "GET /images/wsis-logo-sm.png HTTP/1.1" 200 6108 "http://thebackcountry.net/" "Mozilla/5.0 (Macintosh; Intel Mac OS X 10_10_3) AppleWebKit/600.5.17 (KHTML, like Gecko) Version/8.0.5 Safari/600.5.17"
66.249.79.16 - - [15/Apr/2015:16:18:42 -0700] "GET /robots.txt HTTP/1.1" 200 419 "-" "Mozilla/5.0 (compatible; Googlebot/2.1; +http://www.google.com/bot.html)"
66.249.79.160 - - [15/Apr/2015:16:18:42 -0700] "GET / HTTP/1.1" 200 2376 "-" "Mozilla/5.0 (iPhone; CPU iPhone OS 6_0 like Mac OS X) AppleWebKit/536.26 (KHTML, like Gecko) Version/6.0 Mobile/10A5376e Safari/8536.25 (compatible; Googlebot/2.1; +http://www.google.com/bot.html)"
61.240.144.67 - - [15/Apr/2015:16:35:25 -0700] "GET / HTTP/1.0" 200 6114 "-" "masscan/1.0 (https://github.com/robertdavidgraham/masscan)"
123.125.71.79 - - [15/Apr/2015:16:40:03 -0700] "-" 408 0 "-" "-"
220.181.108.169 - - [15/Apr/2015:16:43:40 -0700] "GET / HTTP/1.1" 200 2339 "-" "Mozilla/5.0 (Windows NT 5.1; rv:6.0.2) Gecko/20100101 Firefox/6.0.2"
220.181.108.155 - - [15/Apr/2015:16:44:26 -0700] "GET / HTTP/1.1" 200 6114 "-" "Mozilla/5.0 (Windows NT 5.1; rv:6.0.2) Gecko/20100101 Firefox/6.0.2"
61.160.247.153 - - [15/Apr/2015:16:51:19 -0700] "GET /manager/html HTTP/1.1" 404 464 "-" "Mozilla/4.0 (compatible; MSIE 8.0; Windows NT 5.1; Trident/4.0; .NET CLR 1.1.4322; .NET CLR 2.0.50727; .NET4.0C; .NET4.0E; .NET CLR 3.0.4506.2152; .NET CLR 3.5.30729)"
61.160.247.153 - - [15/Apr/2015:16:51:24 -0700] "GET /manager/html HTTP/1.1" 404 464 "-" "Mozilla/4.0 (compatible; MSIE 8.0; Windows NT 5.1; Trident/4.0; .NET CLR 1.1.4322; .NET CLR 2.0.50727; .NET4.0C; .NET4.0E; .NET CLR 3.0.4506.2152; .NET CLR 3.5.30729)"
61.160.247.153 - - [15/Apr/2015:16:51:30 -0700] "GET /manager/html HTTP/1.1" 404 464 "-" "Mozilla/4.0 (compatible; MSIE 8.0; Windows NT 5.1; Trident/4.0; .NET CLR 1.1.4322; .NET CLR 2.0.50727; .NET4.0C; .NET4.0E; .NET CLR 3.0.4506.2152; .NET CLR 3.5.30729)"
170.75.162.130 - - [15/Apr/2015:16:51:35 -0700] "GET /lib/reccapi.php?resort=alpinemeadows HTTP/1.1" 200 988 "-" "node-superagent/0.18.2"
61.160.247.153 - - [15/Apr/2015:16:51:35 -0700] "GET /manager/html HTTP/1.1" 404 464 "-" "Mozilla/4.0 (compatible; MSIE 8.0; Windows NT 5.1; Trident/4.0; .NET CLR 1.1.4322; .NET CLR 2.0.50727; .NET4.0C; .NET4.0E; .NET CLR 3.0.4506.2152; .NET CLR 3.5.30729)"
61.160.247.153 - - [15/Apr/2015:16:51:41 -0700] "GET /manager/html HTTP/1.1" 404 464 "-" "Mozilla/4.0 (compatible; MSIE 8.0; Windows NT 5.1; Trident/4.0; .NET CLR 1.1.4322; .NET CLR 2.0.50727; .NET4.0C; .NET4.0E; .NET CLR 3.0.4506.2152; .NET CLR 3.5.30729)"
61.160.247.153 - - [15/Apr/2015:16:51:46 -0700] "GET /manager/html HTTP/1.1" 404 464 "-" "Mozilla/4.0 (compatible; MSIE 8.0; Windows NT 5.1; Trident/4.0; .NET CLR 1.1.4322; .NET CLR 2.0.50727; .NET4.0C; .NET4.0E; .NET CLR 3.0.4506.2152; .NET CLR 3.5.30729)"
61.160.247.153 - - [15/Apr/2015:16:51:51 -0700] "GET /manager/html HTTP/1.1" 404 464 "-" "Mozilla/4.0 (compatible; MSIE 8.0; Windows NT 5.1; Trident/4.0; .NET CLR 1.1.4322; .NET CLR 2.0.50727; .NET4.0C; .NET4.0E; .NET CLR 3.0.4506.2152; .NET CLR 3.5.30729)"
61.160.247.153 - - [15/Apr/2015:16:51:57 -0700] "GET /manager/html HTTP/1.1" 404 464 "-" "Mozilla/4.0 (compatible; MSIE 8.0; Windows NT 5.1; Trident/4.0; .NET CLR 1.1.4322; .NET CLR 2.0.50727; .NET4.0C; .NET4.0E; .NET CLR 3.0.4506.2152; .NET CLR 3.5.30729)"
61.160.247.153 - - [15/Apr/2015:16:52:02 -0700] "GET /manager/html HTTP/1.1" 404 464 "-" "Mozilla/4.0 (compatible; MSIE 8.0; Windows NT 5.1; Trident/4.0; .NET CLR 1.1.4322; .NET CLR 2.0.50727; .NET4.0C; .NET4.0E; .NET CLR 3.0.4506.2152; .NET CLR 3.5.30729)"
61.160.247.153 - - [15/Apr/2015:16:52:08 -0700] "GET /manager/html HTTP/1.1" 404 464 "-" "Mozilla/4.0 (compatible; MSIE 8.0; Windows NT 5.1; Trident/4.0; .NET CLR 1.1.4322; .NET CLR 2.0.50727; .NET4.0C; .NET4.0E; .NET CLR 3.0.4506.2152; .NET CLR 3.5.30729)"
64.204.159.138 - - [15/Apr/2015:17:00:25 -0700] "GET /images/wsis-logo-sm.png HTTP/1.1" 200 6108 "http://www.thebackcountry.net/" "Mozilla/5.0 (Macintosh; Intel Mac OS X 10_9_5) AppleWebKit/537.36 (KHTML, like Gecko) Chrome/41.0.2272.118 Safari/537.36"
170.75.162.130 - - [15/Apr/2015:17:05:05 -0700] "GET /lib/reccapi.php?resort=monarch HTTP/1.1" 200 999 "-" "node-superagent/0.18.2"
75.141.192.94 - - [15/Apr/2015:17:07:29 -0700] "GET /images/wsis-logo-sm.png HTTP/1.1" 200 6108 "http://www.thebackcountry.net/" "Mozilla/5.0 (X11; CrOS armv7l 6310.68.0) AppleWebKit/537.36 (KHTML, like Gecko) Chrome/39.0.2171.96 Safari/537.36"
208.115.111.66 - - [15/Apr/2015:17:22:58 -0700] "GET /resorts?resort=crestedbutte HTTP/1.1" 404 476 "-" "Mozilla/5.0 (compatible; DotBot/1.1; http://www.opensiteexplorer.org/dotbot, help@moz.com)"
170.75.162.130 - - [15/Apr/2015:17:26:58 -0700] "GET /lib/reccapi.php?resort=heavenly HTTP/1.1" 200 989 "-" "node-superagent/0.18.2"
170.75.162.130 - - [15/Apr/2015:17:35:38 -0700] "GET /lib/reccapi.php?resort=alyeska HTTP/1.1" 200 1003 "-" "node-superagent/0.18.2"
180.76.6.158 - - [15/Apr/2015:17:36:28 -0700] "GET /resorts?resort=eldora HTTP/1.1" 404 469 "-" "Mozilla/5.0 (compatible; Baiduspider/2.0; +http://www.baidu.com/search/spider.html)"
123.125.71.104 - - [15/Apr/2015:17:44:59 -0700] "-" 408 0 "-" "-"
220.181.108.77 - - [15/Apr/2015:17:49:23 -0700] "-" 408 0 "-" "-"
180.76.4.100 - - [15/Apr/2015:17:52:12 -0700] "GET / HTTP/1.1" 200 6114 "-" "Mozilla/4.0 (compatible; MSIE 7.0; Windows NT 6.0)"
170.75.162.130 - - [15/Apr/2015:18:01:10 -0700] "GET /lib/reccapi.php?resort=angelfire HTTP/1.1" 200 1048 "-" "node-superagent/0.18.2"
23.92.26.73 - - [15/Apr/2015:18:01:59 -0700] "GET   / HTTP/1.1" 200 6114 "http://www.domain2008.com/domains/www.whereshouldiski.com" "Mozilla/5.0 (compatible; MSIE 9.0; Windows NT 6.1; WOW64; Trident/5.0)"
170.75.162.130 - - [15/Apr/2015:18:12:31 -0700] "GET /lib/reccapi.php?resort=sunvalley HTTP/1.1" 200 987 "-" "node-superagent/0.18.2"
98.210.153.169 - - [15/Apr/2015:18:16:18 -0700] "GET /images/wsis-logo-sm.png HTTP/1.1" 200 6108 "http://www.thebackcountry.net/" "Mozilla/5.0 (Macintosh; Intel Mac OS X 10_10_3) AppleWebKit/600.5.17 (KHTML, like Gecko) Version/8.0.5 Safari/600.5.17"
108.225.134.28 - - [15/Apr/2015:18:17:53 -0700] "GET /images/wsis-logo-sm.png HTTP/1.1" 200 6108 "http://www.thebackcountry.net/" "Mozilla/5.0 (iPad; CPU OS 7_1_2 like Mac OS X) AppleWebKit/537.51.2 (KHTML, like Gecko) Version/7.0 Mobile/11D257 Safari/9537.53"
63.135.54.165 - - [15/Apr/2015:18:18:15 -0700] "GET /images/wsis-logo-sm.png HTTP/1.1" 200 6108 "http://www.thebackcountry.net/" "Mozilla/5.0 (Windows NT 6.1; WOW64; Trident/7.0; rv:11.0) like Gecko"
64.251.27.99 - - [15/Apr/2015:18:21:46 -0700] "GET /robots.txt HTTP/1.0" 200 338 "-" "Mozilla/4.0 (compatible; MSIE 5.01; Windows NT)"
170.75.162.130 - - [15/Apr/2015:18:24:12 -0700] "GET /lib/reccapi.php?resort=homewoodmountain HTTP/1.1" 200 994 "-" "node-superagent/0.18.2"
170.75.162.130 - - [15/Apr/2015:18:26:32 -0700] "GET /lib/reccapi.php?resort=aspenheights HTTP/1.1" 200 1024 "-" "node-superagent/0.18.2"
170.75.162.130 - - [15/Apr/2015:18:35:43 -0700] "GET /lib/reccapi.php?resort=whitefacemountain HTTP/1.1" 200 962 "-" "node-superagent/0.18.2"
170.75.162.130 - - [15/Apr/2015:18:36:23 -0700] "GET /lib/reccapi.php?resort=snowbird HTTP/1.1" 200 1056 "-" "node-superagent/0.18.2"
170.75.162.130 - - [15/Apr/2015:18:37:43 -0700] "GET /lib/reccapi.php?resort=sugarloaf HTTP/1.1" 200 957 "-" "node-superagent/0.18.2"
170.75.162.130 - - [15/Apr/2015:18:42:54 -0700] "GET /lib/reccapi.php?resort=hoodoo HTTP/1.1" 200 991 "-" "node-superagent/0.18.2"
170.75.162.130 - - [15/Apr/2015:18:43:34 -0700] "GET /lib/reccapi.php?resort=aspenmountain HTTP/1.1" 200 1007 "-" "node-superagent/0.18.2"
123.125.71.76 - - [15/Apr/2015:18:44:44 -0700] "GET / HTTP/1.1" 200 2339 "-" "Mozilla/5.0 (Windows NT 5.1; rv:6.0.2) Gecko/20100101 Firefox/6.0.2"
123.125.71.90 - - [15/Apr/2015:18:45:28 -0700] "GET / HTTP/1.1" 200 6114 "-" "Mozilla/5.0 (Windows NT 5.1; rv:6.0.2) Gecko/20100101 Firefox/6.0.2"
170.75.162.130 - - [15/Apr/2015:18:45:54 -0700] "GET /lib/reccapi.php?resort=madriverglen HTTP/1.1" 200 967 "-" "node-superagent/0.18.2"
220.181.108.179 - - [15/Apr/2015:18:49:32 -0700] "-" 408 0 "-" "-"
98.224.22.163 - - [15/Apr/2015:19:17:48 -0700] "GET /images/wsis-logo-sm.png HTTP/1.1" 200 6108 "http://www.thebackcountry.net/" "Mozilla/5.0 (iPhone; CPU iPhone OS 8_1_3 like Mac OS X) AppleWebKit/600.1.4 (KHTML, like Gecko) Version/8.0 Mobile/12B466 Safari/600.1.4"
170.75.162.130 - - [15/Apr/2015:19:26:47 -0700] "GET /lib/reccapi.php?resort=brighton HTTP/1.1" 200 1080 "-" "node-superagent/0.18.2"
222.186.34.70 - - [15/Apr/2015:19:32:43 -0700] "GET /manager/html HTTP/1.1" 404 470 "-" "Mozilla/5.0 (compatible; MSIE 10.0; Windows NT 6.2; WOW64; Trident/6.0)"
123.125.71.99 - - [15/Apr/2015:19:42:14 -0700] "GET / HTTP/1.1" 200 2339 "-" "Mozilla/5.0 (Windows NT 5.1; rv:6.0.2) Gecko/20100101 Firefox/6.0.2"
123.125.71.78 - - [15/Apr/2015:19:42:55 -0700] "-" 408 0 "-" "-"
170.75.162.130 - - [15/Apr/2015:19:46:39 -0700] "GET /lib/reccapi.php?resort=devilshead HTTP/1.1" 200 939 "-" "node-superagent/0.18.2"
170.75.162.130 - - [15/Apr/2015:20:03:10 -0700] "GET /lib/reccapi.php?resort=parkcity HTTP/1.1" 200 1084 "-" "node-superagent/0.18.2"
174.23.158.130 - - [15/Apr/2015:20:04:46 -0700] "GET / HTTP/1.1" 200 2376 "-" "Mozilla/5.0 (iPad; CPU OS 5_1_1 like Mac OS X) AppleWebKit/534.46 (KHTML, like Gecko) Version/5.1 Mobile/9B206 Safari/7534.48.3"
174.23.158.130 - - [15/Apr/2015:20:04:46 -0700] "GET /styles/0fffd548.main.css HTTP/1.1" 200 19316 "http://whereshouldiski.com/" "Mozilla/5.0 (iPad; CPU OS 5_1_1 like Mac OS X) AppleWebKit/534.46 (KHTML, like Gecko) Version/5.1 Mobile/9B206 Safari/7534.48.3"
174.23.158.130 - - [15/Apr/2015:20:04:46 -0700] "GET /scripts/scripts/vendor/modernizr.js HTTP/1.1" 200 4902 "http://whereshouldiski.com/" "Mozilla/5.0 (iPad; CPU OS 5_1_1 like Mac OS X) AppleWebKit/534.46 (KHTML, like Gecko) Version/5.1 Mobile/9B206 Safari/7534.48.3"
174.23.158.130 - - [15/Apr/2015:20:04:47 -0700] "GET /bower_components/requirejs/require.js HTTP/1.1" 200 6702 "http://whereshouldiski.com/" "Mozilla/5.0 (iPad; CPU OS 5_1_1 like Mac OS X) AppleWebKit/534.46 (KHTML, like Gecko) Version/5.1 Mobile/9B206 Safari/7534.48.3"
174.23.158.130 - - [15/Apr/2015:20:04:47 -0700] "GET /images/logo-sm.png HTTP/1.1" 200 16737 "http://whereshouldiski.com/" "Mozilla/5.0 (iPad; CPU OS 5_1_1 like Mac OS X) AppleWebKit/534.46 (KHTML, like Gecko) Version/5.1 Mobile/9B206 Safari/7534.48.3"
174.23.158.130 - - [15/Apr/2015:20:04:47 -0700] "GET /images/loading.gif HTTP/1.1" 200 13881 "http://whereshouldiski.com/" "Mozilla/5.0 (iPad; CPU OS 5_1_1 like Mac OS X) AppleWebKit/534.46 (KHTML, like Gecko) Version/5.1 Mobile/9B206 Safari/7534.48.3"
174.23.158.130 - - [15/Apr/2015:20:04:48 -0700] "GET /scripts/fa48e319.main.js HTTP/1.1" 200 123455 "http://whereshouldiski.com/" "Mozilla/5.0 (iPad; CPU OS 5_1_1 like Mac OS X) AppleWebKit/534.46 (KHTML, like Gecko) Version/5.1 Mobile/9B206 Safari/7534.48.3"
174.23.158.130 - - [15/Apr/2015:20:04:50 -0700] "GET /lib/reccapi.php?fields=t HTTP/1.1" 200 1885 "http://whereshouldiski.com/" "Mozilla/5.0 (iPad; CPU OS 5_1_1 like Mac OS X) AppleWebKit/534.46 (KHTML, like Gecko) Version/5.1 Mobile/9B206 Safari/7534.48.3"
174.23.158.130 - - [15/Apr/2015:20:04:50 -0700] "GET /images/button.png HTTP/1.1" 200 598 "http://whereshouldiski.com/" "Mozilla/5.0 (iPad; CPU OS 5_1_1 like Mac OS X) AppleWebKit/534.46 (KHTML, like Gecko) Version/5.1 Mobile/9B206 Safari/7534.48.3"
174.23.158.130 - - [15/Apr/2015:20:04:50 -0700] "GET /images/greyHeader.png HTTP/1.1" 200 509 "http://whereshouldiski.com/" "Mozilla/5.0 (iPad; CPU OS 5_1_1 like Mac OS X) AppleWebKit/534.46 (KHTML, like Gecko) Version/5.1 Mobile/9B206 Safari/7534.48.3"
174.23.158.130 - - [15/Apr/2015:20:04:50 -0700] "GET /images/snowflake5.png HTTP/1.1" 200 2857 "http://whereshouldiski.com/" "Mozilla/5.0 (iPad; CPU OS 5_1_1 like Mac OS X) AppleWebKit/534.46 (KHTML, like Gecko) Version/5.1 Mobile/9B206 Safari/7534.48.3"
174.23.158.130 - - [15/Apr/2015:20:04:50 -0700] "GET /images/star5.png HTTP/1.1" 200 1783 "http://whereshouldiski.com/" "Mozilla/5.0 (iPad; CPU OS 5_1_1 like Mac OS X) AppleWebKit/534.46 (KHTML, like Gecko) Version/5.1 Mobile/9B206 Safari/7534.48.3"
174.23.158.130 - - [15/Apr/2015:20:04:50 -0700] "GET /images/bluebird5.png HTTP/1.1" 200 2177 "http://whereshouldiski.com/" "Mozilla/5.0 (iPad; CPU OS 5_1_1 like Mac OS X) AppleWebKit/534.46 (KHTML, like Gecko) Version/5.1 Mobile/9B206 Safari/7534.48.3"
174.23.158.130 - - [15/Apr/2015:20:04:51 -0700] "GET /images/mtns-icon.png HTTP/1.1" 200 1097 "http://whereshouldiski.com/" "Mozilla/5.0 (iPad; CPU OS 5_1_1 like Mac OS X) AppleWebKit/534.46 (KHTML, like Gecko) Version/5.1 Mobile/9B206 Safari/7534.48.3"
174.23.158.130 - - [15/Apr/2015:20:04:51 -0700] "GET /images/shading-icon.png HTTP/1.1" 200 537 "http://whereshouldiski.com/" "Mozilla/5.0 (iPad; CPU OS 5_1_1 like Mac OS X) AppleWebKit/534.46 (KHTML, like Gecko) Version/5.1 Mobile/9B206 Safari/7534.48.3"
174.23.158.130 - - [15/Apr/2015:20:05:20 -0700] "GET /lib/reccapi.php?fields=t&sort=quality HTTP/1.1" 200 1944 "http://whereshouldiski.com/" "Mozilla/5.0 (iPad; CPU OS 5_1_1 like Mac OS X) AppleWebKit/534.46 (KHTML, like Gecko) Version/5.1 Mobile/9B206 Safari/7534.48.3"
170.75.162.130 - - [15/Apr/2015:20:05:21 -0700] "GET /lib/reccapi.php?resort=jacksonhole HTTP/1.1" 200 1045 "-" "node-superagent/0.18.2"
180.76.4.60 - - [15/Apr/2015:20:05:24 -0700] "GET / HTTP/1.1" 200 6114 "-" "Mozilla/4.0 (compatible; MSIE 7.0; Windows NT 6.0)"
174.23.158.130 - - [15/Apr/2015:20:05:31 -0700] "GET /lib/reccapi.php?fields=t&sort=bluebird HTTP/1.1" 200 1833 "http://whereshouldiski.com/" "Mozilla/5.0 (iPad; CPU OS 5_1_1 like Mac OS X) AppleWebKit/534.46 (KHTML, like Gecko) Version/5.1 Mobile/9B206 Safari/7534.48.3"
174.23.158.130 - - [15/Apr/2015:20:05:42 -0700] "GET /lib/reccapi.php?fields=t&sort=bluebird&region=Rockies HTTP/1.1" 200 1637 "http://whereshouldiski.com/" "Mozilla/5.0 (iPad; CPU OS 5_1_1 like Mac OS X) AppleWebKit/534.46 (KHTML, like Gecko) Version/5.1 Mobile/9B206 Safari/7534.48.3"
174.23.158.130 - - [15/Apr/2015:20:05:43 -0700] "GET /images/greenHeader.png HTTP/1.1" 200 508 "http://whereshouldiski.com/" "Mozilla/5.0 (iPad; CPU OS 5_1_1 like Mac OS X) AppleWebKit/534.46 (KHTML, like Gecko) Version/5.1 Mobile/9B206 Safari/7534.48.3"
174.23.158.130 - - [15/Apr/2015:20:05:45 -0700] "GET /lib/reccapi.php?fields=t&sort=bluebird&region=Rockies&state=UT HTTP/1.1" 200 1429 "http://whereshouldiski.com/" "Mozilla/5.0 (iPad; CPU OS 5_1_1 like Mac OS X) AppleWebKit/534.46 (KHTML, like Gecko) Version/5.1 Mobile/9B206 Safari/7534.48.3"
174.23.158.130 - - [15/Apr/2015:20:05:57 -0700] "GET /lib/reccapi.php?fields=t&region=Rockies&state=UT&sort=powder HTTP/1.1" 200 1386 "http://whereshouldiski.com/" "Mozilla/5.0 (iPad; CPU OS 5_1_1 like Mac OS X) AppleWebKit/534.46 (KHTML, like Gecko) Version/5.1 Mobile/9B206 Safari/7534.48.3"
170.75.162.130 - - [15/Apr/2015:20:34:43 -0700] "GET /lib/reccapi.php?resort=jaypeak HTTP/1.1" 200 968 "-" "node-superagent/0.18.2"
68.180.228.182 - - [15/Apr/2015:20:34:55 -0700] "GET /robots.txt HTTP/1.1" 304 152 "-" "Mozilla/5.0 (compatible; Yahoo! Slurp; http://help.yahoo.com/help/us/ysearch/slurp)"
68.180.228.182 - - [15/Apr/2015:20:34:55 -0700] "GET /resorts?resort=skibluewood&date=2014-10-06 HTTP/1.1" 404 450 "-" "Mozilla/5.0 (compatible; Yahoo! Slurp; http://help.yahoo.com/help/us/ysearch/slurp)"
123.125.71.18 - - [15/Apr/2015:20:42:08 -0700] "-" 408 0 "-" "-"
157.55.39.163 - - [15/Apr/2015:20:42:25 -0700] "GET / HTTP/1.1" 200 2376 "-" "Mozilla/5.0 (compatible; bingbot/2.0; +http://www.bing.com/bingbot.htm)"
220.181.108.145 - - [15/Apr/2015:20:45:10 -0700] "GET / HTTP/1.1" 200 2339 "-" "Mozilla/5.0 (Windows NT 5.1; rv:6.0.2) Gecko/20100101 Firefox/6.0.2"
220.181.108.166 - - [15/Apr/2015:20:45:53 -0700] "GET / HTTP/1.1" 200 6114 "-" "Mozilla/5.0 (Windows NT 5.1; rv:6.0.2) Gecko/20100101 Firefox/6.0.2"
170.75.162.130 - - [15/Apr/2015:21:04:05 -0700] "GET /lib/reccapi.php?resort=bigsky HTTP/1.1" 200 1060 "-" "node-superagent/0.18.2"
170.75.162.130 - - [15/Apr/2015:21:04:06 -0700] "GET /lib/reccapi.php?resort=redlodge HTTP/1.1" 200 1075 "-" "node-superagent/0.18.2"
98.207.205.188 - - [15/Apr/2015:21:11:32 -0700] "GET /images/wsis-logo-sm.png HTTP/1.1" 200 6108 "http://www.thebackcountry.net/" "Mozilla/5.0 (Macintosh; Intel Mac OS X 10_10_2) AppleWebKit/537.36 (KHTML, like Gecko) Chrome/41.0.2272.118 Safari/537.36"
71.93.68.21 - - [15/Apr/2015:21:16:20 -0700] "GET /images/wsis-logo-sm.png HTTP/1.1" 200 6108 "http://www.thebackcountry.net/" "Mozilla/5.0 (Windows NT 6.0; WOW64) AppleWebKit/537.36 (KHTML, like Gecko) Chrome/41.0.2272.118 Safari/537.36"
207.192.252.23 - - [15/Apr/2015:21:17:30 -0700] "GET /images/wsis-logo-sm.png HTTP/1.1" 200 6108 "http://www.thebackcountry.net/" "Mozilla/5.0 (iPhone; CPU iPhone OS 7_0_4 like Mac OS X) AppleWebKit/537.51.1 (KHTML, like Gecko) Version/7.0 Mobile/11B554a Safari/9537.53"
170.75.162.130 - - [15/Apr/2015:21:18:17 -0700] "GET /lib/reccapi.php?resort=keystone HTTP/1.1" 200 1092 "-" "node-superagent/0.18.2"
76.14.171.213 - - [15/Apr/2015:21:19:04 -0700] "GET /images/wsis-logo-sm.png HTTP/1.1" 200 6108 "http://www.thebackcountry.net/" "Mozilla/5.0 (Macintosh; Intel Mac OS X 10.10; rv:37.0) Gecko/20100101 Firefox/37.0"
104.128.144.130 - - [15/Apr/2015:21:20:19 -0700] "HEAD /cp_errordocument.shtml HTTP/1.0" 404 182 "-" "probethenet.com scanner"
170.75.162.130 - - [15/Apr/2015:21:21:17 -0700] "GET /lib/reccapi.php?resort=buttermilk HTTP/1.1" 200 1003 "-" "node-superagent/0.18.2"
170.75.162.130 - - [15/Apr/2015:21:21:37 -0700] "GET /lib/reccapi.php?resort=mountainhigh HTTP/1.1" 200 992 "-" "node-superagent/0.18.2"
75.111.96.248 - - [15/Apr/2015:21:42:44 -0700] "-" 408 0 "-" "-"
180.76.6.136 - - [15/Apr/2015:21:43:19 -0700] "GET /resorts?resort=magicmountain&date=2014-04-12 HTTP/1.1" 404 469 "-" "Mozilla/5.0 (compatible; Baiduspider/2.0; +http://www.baidu.com/search/spider.html)"
123.125.71.112 - - [15/Apr/2015:21:44:21 -0700] "-" 408 0 "-" "-"
170.75.162.130 - - [15/Apr/2015:21:44:59 -0700] "GET /lib/reccapi.php?resort=killington HTTP/1.1" 200 953 "-" "node-superagent/0.18.2"
220.181.108.103 - - [15/Apr/2015:21:47:16 -0700] "-" 408 0 "-" "-"
68.180.228.182 - - [15/Apr/2015:21:51:55 -0700] "GET /resorts?resort=cascademountain&date=2014-11-17 HTTP/1.1" 404 450 "-" "Mozilla/5.0 (compatible; Yahoo! Slurp; http://help.yahoo.com/help/us/ysearch/slurp)"
170.75.162.130 - - [15/Apr/2015:21:59:41 -0700] "GET /lib/reccapi.php?resort=sugarbowl HTTP/1.1" 200 967 "-" "node-superagent/0.18.2"
180.76.4.116 - - [15/Apr/2015:22:02:30 -0700] "GET / HTTP/1.1" 200 6114 "-" "Mozilla/4.0 (compatible; MSIE 7.0; Windows NT 6.0)"
170.75.162.130 - - [15/Apr/2015:22:28:13 -0700] "GET /lib/reccapi.php?resort=kirkwood HTTP/1.1" 200 996 "-" "node-superagent/0.18.2"
68.180.228.182 - - [15/Apr/2015:22:32:56 -0700] "GET /resorts?resort=holidayvalley&date=2014-11-13 HTTP/1.1" 404 450 "-" "Mozilla/5.0 (compatible; Yahoo! Slurp; http://help.yahoo.com/help/us/ysearch/slurp)"
170.75.162.130 - - [15/Apr/2015:22:33:14 -0700] "GET /lib/reccapi.php?resort=northstar-at-tahoe HTTP/1.1" 200 972 "-" "node-superagent/0.18.2"
170.75.162.130 - - [15/Apr/2015:22:34:34 -0700] "GET /lib/reccapi.php?resort=canyons HTTP/1.1" 200 1066 "-" "node-superagent/0.18.2"
170.75.162.130 - - [15/Apr/2015:22:37:44 -0700] "GET /lib/reccapi.php?resort=mountspokane HTTP/1.1" 200 1012 "-" "node-superagent/0.18.2"
61.135.190.222 - - [15/Apr/2015:22:46:56 -0700] "GET / HTTP/1.1" 200 2376 "http://www.baidu.com/s?wd=WhereShouldISki-WeatherData-DrivenRecommendationsforSkiing" "Mozilla/5.0 (Windows NT 6.1; WOW64) AppleWebKit/537.36 (KHTML, like Gecko) Chrome/36.0.1985.143 Safari/537.36"
61.135.190.220 - - [15/Apr/2015:22:46:57 -0700] "GET /scripts/scripts/vendor/modernizr.js HTTP/1.1" 200 4903 "http://www.whereshouldiski.com/" "Mozilla/5.0 (Windows NT 6.1; WOW64) AppleWebKit/537.36 (KHTML, like Gecko) Chrome/36.0.1985.143 Safari/537.36"
61.135.190.222 - - [15/Apr/2015:22:46:57 -0700] "GET /bower_components/requirejs/require.js HTTP/1.1" 200 6701 "http://www.whereshouldiski.com/" "Mozilla/5.0 (Windows NT 6.1; WOW64) AppleWebKit/537.36 (KHTML, like Gecko) Chrome/36.0.1985.143 Safari/537.36"
61.135.190.222 - - [15/Apr/2015:22:46:57 -0700] "GET /scripts/fa48e319.main.js HTTP/1.1" 200 123455 "http://www.whereshouldiski.com/" "Mozilla/5.0 (Windows NT 6.1; WOW64) AppleWebKit/537.36 (KHTML, like Gecko) Chrome/36.0.1985.143 Safari/537.36"
61.135.190.104 - - [15/Apr/2015:22:47:00 -0700] "GET /lib/reccapi.php?fields=t HTTP/1.1" 200 1886 "http://www.whereshouldiski.com/" "Mozilla/5.0 (Windows NT 6.1; WOW64) AppleWebKit/537.36 (KHTML, like Gecko) Chrome/36.0.1985.143 Safari/537.36"
123.125.71.92 - - [15/Apr/2015:22:59:25 -0700] "-" 408 0 "-" "-"
220.181.108.162 - - [15/Apr/2015:23:04:38 -0700] "-" 408 0 "-" "-"
170.75.162.130 - - [15/Apr/2015:23:10:37 -0700] "GET /lib/reccapi.php?resort=sugarloaf HTTP/1.1" 200 957 "-" "node-superagent/0.18.2"
199.59.148.210 - - [15/Apr/2015:23:21:17 -0700] "GET /robots.txt HTTP/1.1" 200 363 "-" "Twitterbot/1.0"
199.59.148.210 - - [15/Apr/2015:23:21:17 -0700] "GET /recommendations HTTP/1.1" 404 450 "-" "Twitterbot/1.0"
170.75.162.130 - - [15/Apr/2015:23:23:18 -0700] "GET /lib/reccapi.php?resort=snowmass HTTP/1.1" 200 993 "-" "node-superagent/0.18.2"
170.75.162.130 - - [15/Apr/2015:23:25:59 -0700] "GET /lib/reccapi.php?resort=cannonmountain HTTP/1.1" 200 976 "-" "node-superagent/0.18.2"
170.75.162.130 - - [15/Apr/2015:23:25:59 -0700] "GET /lib/reccapi.php?resort=madriverglen HTTP/1.1" 200 967 "-" "node-superagent/0.18.2"
170.75.162.130 - - [15/Apr/2015:23:25:59 -0700] "GET /lib/reccapi.php?resort=smugglersnotch HTTP/1.1" 200 957 "-" "node-superagent/0.18.2"
170.75.162.130 - - [15/Apr/2015:23:25:59 -0700] "GET /lib/reccapi.php?resort=stowe HTTP/1.1" 200 933 "-" "node-superagent/0.18.2"
170.75.162.130 - - [15/Apr/2015:23:25:59 -0700] "GET /lib/reccapi.php?resort=sugarbush HTTP/1.1" 200 969 "-" "node-superagent/0.18.2"
170.75.162.130 - - [15/Apr/2015:23:26:00 -0700] "GET /lib/reccapi.php?resort=sundayriver HTTP/1.1" 200 951 "-" "node-superagent/0.18.2"
170.75.162.130 - - [15/Apr/2015:23:26:00 -0700] "GET /lib/reccapi.php?resort=wildcatmountain HTTP/1.1" 200 977 "-" "node-superagent/0.18.2"
170.75.162.130 - - [15/Apr/2015:23:30:39 -0700] "GET /lib/reccapi.php?resort=chinapeak HTTP/1.1" 200 986 "-" "node-superagent/0.18.2"
222.186.31.160 - - [15/Apr/2015:23:49:02 -0700] "POST / HTTP/1.1" 200 6176 "-" "Mozilla/5.0"
173.192.34.95 - - [15/Apr/2015:23:52:54 -0700] "GET /robots.txt HTTP/1.1" 200 375 "-" "Aboundex/0.3 (http://www.aboundex.com/crawler/)"
173.192.34.95 - - [15/Apr/2015:23:52:55 -0700] "GET / HTTP/1.1" 200 6150 "-" "Aboundex/0.3 (http://www.aboundex.com/crawler/)"
170.75.162.130 - - [15/Apr/2015:23:53:11 -0700] "GET /lib/reccapi.php?resort=angelfire HTTP/1.1" 200 1045 "-" "node-superagent/0.18.2"
170.75.162.130 - - [15/Apr/2015:23:53:11 -0700] "GET /lib/reccapi.php?resort=taos HTTP/1.1" 200 1010 "-" "node-superagent/0.18.2"
