222.186.21.209 - - [20/May/2015:01:20:30 -0700] "GET /manager/html HTTP/1.1" 404 464 "-" "Mozilla/4.0 (compatible; MSIE 8.0; Windows NT 5.1; Trident/4.0; .NET CLR 1.1.4322; .NET CLR 2.0.50727; .NET4.0C; .NET4.0E; .NET CLR 3.0.4506.2152; .NET CLR 3.5.30729)"
222.186.21.209 - - [20/May/2015:01:20:37 -0700] "GET /manager/html HTTP/1.1" 404 464 "-" "Mozilla/4.0 (compatible; MSIE 8.0; Windows NT 5.1; Trident/4.0; .NET CLR 1.1.4322; .NET CLR 2.0.50727; .NET4.0C; .NET4.0E; .NET CLR 3.0.4506.2152; .NET CLR 3.5.30729)"
222.186.21.209 - - [20/May/2015:01:20:42 -0700] "GET /manager/html HTTP/1.1" 404 464 "-" "Mozilla/4.0 (compatible; MSIE 8.0; Windows NT 5.1; Trident/4.0; .NET CLR 1.1.4322; .NET CLR 2.0.50727; .NET4.0C; .NET4.0E; .NET CLR 3.0.4506.2152; .NET CLR 3.5.30729)"
222.186.21.209 - - [20/May/2015:01:20:50 -0700] "GET /manager/html HTTP/1.1" 404 464 "-" "Mozilla/4.0 (compatible; MSIE 8.0; Windows NT 5.1; Trident/4.0; .NET CLR 1.1.4322; .NET CLR 2.0.50727; .NET4.0C; .NET4.0E; .NET CLR 3.0.4506.2152; .NET CLR 3.5.30729)"
222.186.21.209 - - [20/May/2015:01:20:57 -0700] "GET /manager/html HTTP/1.1" 404 464 "-" "Mozilla/4.0 (compatible; MSIE 8.0; Windows NT 5.1; Trident/4.0; .NET CLR 1.1.4322; .NET CLR 2.0.50727; .NET4.0C; .NET4.0E; .NET CLR 3.0.4506.2152; .NET CLR 3.5.30729)"
222.186.21.209 - - [20/May/2015:01:21:02 -0700] "GET /manager/html HTTP/1.1" 404 464 "-" "Mozilla/4.0 (compatible; MSIE 8.0; Windows NT 5.1; Trident/4.0; .NET CLR 1.1.4322; .NET CLR 2.0.50727; .NET4.0C; .NET4.0E; .NET CLR 3.0.4506.2152; .NET CLR 3.5.30729)"
222.186.21.209 - - [20/May/2015:01:21:08 -0700] "GET /manager/html HTTP/1.1" 404 464 "-" "Mozilla/4.0 (compatible; MSIE 8.0; Windows NT 5.1; Trident/4.0; .NET CLR 1.1.4322; .NET CLR 2.0.50727; .NET4.0C; .NET4.0E; .NET CLR 3.0.4506.2152; .NET CLR 3.5.30729)"
222.186.21.209 - - [20/May/2015:01:21:14 -0700] "GET /manager/html HTTP/1.1" 404 464 "-" "Mozilla/4.0 (compatible; MSIE 8.0; Windows NT 5.1; Trident/4.0; .NET CLR 1.1.4322; .NET CLR 2.0.50727; .NET4.0C; .NET4.0E; .NET CLR 3.0.4506.2152; .NET CLR 3.5.30729)"
66.249.79.1 - - [20/May/2015:01:21:17 -0700] "GET /resorts?resort=beavermountain&date=2013-04-06 HTTP/1.1" 404 506 "-" "Mozilla/5.0 (iPhone; CPU iPhone OS 6_0 like Mac OS X) AppleWebKit/536.26 (KHTML, like Gecko) Version/6.0 Mobile/10A5376e Safari/8536.25 (compatible; Googlebot/2.1; +http://www.google.com/bot.html)"
222.186.21.209 - - [20/May/2015:01:21:20 -0700] "GET /manager/html HTTP/1.1" 404 464 "-" "Mozilla/4.0 (compatible; MSIE 8.0; Windows NT 5.1; Trident/4.0; .NET CLR 1.1.4322; .NET CLR 2.0.50727; .NET4.0C; .NET4.0E; .NET CLR 3.0.4506.2152; .NET CLR 3.5.30729)"
222.186.21.209 - - [20/May/2015:01:21:25 -0700] "GET /manager/html HTTP/1.1" 404 464 "-" "Mozilla/4.0 (compatible; MSIE 8.0; Windows NT 5.1; Trident/4.0; .NET CLR 1.1.4322; .NET CLR 2.0.50727; .NET4.0C; .NET4.0E; .NET CLR 3.0.4506.2152; .NET CLR 3.5.30729)"
222.186.21.209 - - [20/May/2015:01:21:30 -0700] "GET /manager/html HTTP/1.1" 404 464 "-" "Mozilla/4.0 (compatible; MSIE 8.0; Windows NT 5.1; Trident/4.0; .NET CLR 1.1.4322; .NET CLR 2.0.50727; .NET4.0C; .NET4.0E; .NET CLR 3.0.4506.2152; .NET CLR 3.5.30729)"
222.186.21.209 - - [20/May/2015:01:21:36 -0700] "GET /manager/html HTTP/1.1" 404 464 "-" "Mozilla/4.0 (compatible; MSIE 8.0; Windows NT 5.1; Trident/4.0; .NET CLR 1.1.4322; .NET CLR 2.0.50727; .NET4.0C; .NET4.0E; .NET CLR 3.0.4506.2152; .NET CLR 3.5.30729)"
222.186.21.209 - - [20/May/2015:01:21:41 -0700] "GET /manager/html HTTP/1.1" 404 464 "-" "Mozilla/4.0 (compatible; MSIE 8.0; Windows NT 5.1; Trident/4.0; .NET CLR 1.1.4322; .NET CLR 2.0.50727; .NET4.0C; .NET4.0E; .NET CLR 3.0.4506.2152; .NET CLR 3.5.30729)"
222.186.21.209 - - [20/May/2015:01:21:47 -0700] "GET /manager/html HTTP/1.1" 404 464 "-" "Mozilla/4.0 (compatible; MSIE 8.0; Windows NT 5.1; Trident/4.0; .NET CLR 1.1.4322; .NET CLR 2.0.50727; .NET4.0C; .NET4.0E; .NET CLR 3.0.4506.2152; .NET CLR 3.5.30729)"
222.186.21.209 - - [20/May/2015:01:21:52 -0700] "GET /manager/html HTTP/1.1" 404 464 "-" "Mozilla/4.0 (compatible; MSIE 8.0; Windows NT 5.1; Trident/4.0; .NET CLR 1.1.4322; .NET CLR 2.0.50727; .NET4.0C; .NET4.0E; .NET CLR 3.0.4506.2152; .NET CLR 3.5.30729)"
222.186.21.209 - - [20/May/2015:01:21:59 -0700] "GET /manager/html HTTP/1.1" 404 464 "-" "Mozilla/4.0 (compatible; MSIE 8.0; Windows NT 5.1; Trident/4.0; .NET CLR 1.1.4322; .NET CLR 2.0.50727; .NET4.0C; .NET4.0E; .NET CLR 3.0.4506.2152; .NET CLR 3.5.30729)"
222.186.21.209 - - [20/May/2015:01:22:08 -0700] "GET /manager/html HTTP/1.1" 404 464 "-" "Mozilla/4.0 (compatible; MSIE 8.0; Windows NT 5.1; Trident/4.0; .NET CLR 1.1.4322; .NET CLR 2.0.50727; .NET4.0C; .NET4.0E; .NET CLR 3.0.4506.2152; .NET CLR 3.5.30729)"
222.186.21.209 - - [20/May/2015:01:22:16 -0700] "GET /manager/html HTTP/1.1" 404 464 "-" "Mozilla/4.0 (compatible; MSIE 8.0; Windows NT 5.1; Trident/4.0; .NET CLR 1.1.4322; .NET CLR 2.0.50727; .NET4.0C; .NET4.0E; .NET CLR 3.0.4506.2152; .NET CLR 3.5.30729)"
222.186.21.209 - - [20/May/2015:01:22:27 -0700] "GET /manager/html HTTP/1.1" 404 464 "-" "Mozilla/4.0 (compatible; MSIE 8.0; Windows NT 5.1; Trident/4.0; .NET CLR 1.1.4322; .NET CLR 2.0.50727; .NET4.0C; .NET4.0E; .NET CLR 3.0.4506.2152; .NET CLR 3.5.30729)"
222.186.21.209 - - [20/May/2015:01:22:33 -0700] "GET /manager/html HTTP/1.1" 404 464 "-" "Mozilla/4.0 (compatible; MSIE 8.0; Windows NT 5.1; Trident/4.0; .NET CLR 1.1.4322; .NET CLR 2.0.50727; .NET4.0C; .NET4.0E; .NET CLR 3.0.4506.2152; .NET CLR 3.5.30729)"
222.186.21.209 - - [20/May/2015:01:22:43 -0700] "GET /manager/html HTTP/1.1" 404 464 "-" "Mozilla/4.0 (compatible; MSIE 8.0; Windows NT 5.1; Trident/4.0; .NET CLR 1.1.4322; .NET CLR 2.0.50727; .NET4.0C; .NET4.0E; .NET CLR 3.0.4506.2152; .NET CLR 3.5.30729)"
222.186.21.209 - - [20/May/2015:01:22:50 -0700] "GET /manager/html HTTP/1.1" 404 464 "-" "Mozilla/4.0 (compatible; MSIE 8.0; Windows NT 5.1; Trident/4.0; .NET CLR 1.1.4322; .NET CLR 2.0.50727; .NET4.0C; .NET4.0E; .NET CLR 3.0.4506.2152; .NET CLR 3.5.30729)"
222.186.21.209 - - [20/May/2015:01:22:55 -0700] "GET /manager/html HTTP/1.1" 404 464 "-" "Mozilla/4.0 (compatible; MSIE 8.0; Windows NT 5.1; Trident/4.0; .NET CLR 1.1.4322; .NET CLR 2.0.50727; .NET4.0C; .NET4.0E; .NET CLR 3.0.4506.2152; .NET CLR 3.5.30729)"
208.115.111.66 - - [20/May/2015:01:23:24 -0700] "GET /resorts?resort=kellycanyon&date=2014-06-11 HTTP/1.1" 404 476 "-" "Mozilla/5.0 (compatible; DotBot/1.1; http://www.opensiteexplorer.org/dotbot, help@moz.com)"
208.115.111.66 - - [20/May/2015:01:23:27 -0700] "GET /resorts?resort=homewoodmountain&date=2014-06-05 HTTP/1.1" 404 476 "-" "Mozilla/5.0 (compatible; DotBot/1.1; http://www.opensiteexplorer.org/dotbot, help@moz.com)"
208.115.111.66 - - [20/May/2015:01:23:30 -0700] "GET /resorts?resort=mtrose&date=2014-09-28 HTTP/1.1" 404 476 "-" "Mozilla/5.0 (compatible; DotBot/1.1; http://www.opensiteexplorer.org/dotbot, help@moz.com)"
208.115.111.66 - - [20/May/2015:01:23:35 -0700] "GET /resorts?resort=homewoodmountain&date=2014-10-26 HTTP/1.1" 404 476 "-" "Mozilla/5.0 (compatible; DotBot/1.1; http://www.opensiteexplorer.org/dotbot, help@moz.com)"
208.115.111.66 - - [20/May/2015:01:23:37 -0700] "GET /resorts?resort=taos&date=2014-07-02 HTTP/1.1" 404 476 "-" "Mozilla/5.0 (compatible; DotBot/1.1; http://www.opensiteexplorer.org/dotbot, help@moz.com)"
208.115.111.66 - - [20/May/2015:01:23:38 -0700] "GET /resorts?resort=jaypeak&date=2014-06-25 HTTP/1.1" 404 476 "-" "Mozilla/5.0 (compatible; DotBot/1.1; http://www.opensiteexplorer.org/dotbot, help@moz.com)"
208.115.111.66 - - [20/May/2015:01:23:39 -0700] "GET /resorts?resort=winterpark&date=2014-11-04 HTTP/1.1" 404 476 "-" "Mozilla/5.0 (compatible; DotBot/1.1; http://www.opensiteexplorer.org/dotbot, help@moz.com)"
208.115.111.66 - - [20/May/2015:01:23:41 -0700] "GET /resorts?resort=deervalley&date=2014-06-24 HTTP/1.1" 404 476 "-" "Mozilla/5.0 (compatible; DotBot/1.1; http://www.opensiteexplorer.org/dotbot, help@moz.com)"
208.115.111.66 - - [20/May/2015:01:23:42 -0700] "GET /resorts?resort=kirkwood&date=2014-10-11 HTTP/1.1" 404 476 "-" "Mozilla/5.0 (compatible; DotBot/1.1; http://www.opensiteexplorer.org/dotbot, help@moz.com)"
208.115.111.66 - - [20/May/2015:01:23:43 -0700] "GET /resorts?resort=silverton&date=2014-06-20 HTTP/1.1" 404 476 "-" "Mozilla/5.0 (compatible; DotBot/1.1; http://www.opensiteexplorer.org/dotbot, help@moz.com)"
66.249.79.14 - - [20/May/2015:01:33:46 -0700] "GET /resorts?resort=boyne&date=2013-12-19 HTTP/1.1" 404 506 "-" "Mozilla/5.0 (iPhone; CPU iPhone OS 6_0 like Mac OS X) AppleWebKit/536.26 (KHTML, like Gecko) Version/6.0 Mobile/10A5376e Safari/8536.25 (compatible; Googlebot/2.1; +http://www.google.com/bot.html)"
66.249.79.14 - - [20/May/2015:01:46:20 -0700] "GET /resorts?resort=arapahoebasin&date=2014-02-09 HTTP/1.1" 404 506 "-" "Mozilla/5.0 (iPhone; CPU iPhone OS 6_0 like Mac OS X) AppleWebKit/536.26 (KHTML, like Gecko) Version/6.0 Mobile/10A5376e Safari/8536.25 (compatible; Googlebot/2.1; +http://www.google.com/bot.html)"
123.125.71.72 - - [20/May/2015:01:51:47 -0700] "-" 408 0 "-" "-"
220.181.108.186 - - [20/May/2015:01:56:23 -0700] "-" 408 0 "-" "-"
166.137.252.60 - - [20/May/2015:01:57:54 -0700] "GET / HTTP/1.1" 200 2376 "-" "Mozilla/5.0 (iPhone; CPU iPhone OS 8_3 like Mac OS X) AppleWebKit/600.1.4 (KHTML, like Gecko) Version/8.0 Mobile/12F70 Safari/600.1.4"
166.137.252.60 - - [20/May/2015:01:57:56 -0700] "GET /styles/0fffd548.main.css HTTP/1.1" 200 19316 "http://whereshouldiski.com/" "Mozilla/5.0 (iPhone; CPU iPhone OS 8_3 like Mac OS X) AppleWebKit/600.1.4 (KHTML, like Gecko) Version/8.0 Mobile/12F70 Safari/600.1.4"
166.137.252.60 - - [20/May/2015:01:57:56 -0700] "GET /bower_components/requirejs/require.js HTTP/1.1" 200 6702 "http://whereshouldiski.com/" "Mozilla/5.0 (iPhone; CPU iPhone OS 8_3 like Mac OS X) AppleWebKit/600.1.4 (KHTML, like Gecko) Version/8.0 Mobile/12F70 Safari/600.1.4"
166.137.252.60 - - [20/May/2015:01:57:56 -0700] "GET /scripts/scripts/vendor/modernizr.js HTTP/1.1" 200 4903 "http://whereshouldiski.com/" "Mozilla/5.0 (iPhone; CPU iPhone OS 8_3 like Mac OS X) AppleWebKit/600.1.4 (KHTML, like Gecko) Version/8.0 Mobile/12F70 Safari/600.1.4"
166.137.252.60 - - [20/May/2015:01:57:56 -0700] "GET /images/logo-sm.png HTTP/1.1" 200 16738 "http://whereshouldiski.com/" "Mozilla/5.0 (iPhone; CPU iPhone OS 8_3 like Mac OS X) AppleWebKit/600.1.4 (KHTML, like Gecko) Version/8.0 Mobile/12F70 Safari/600.1.4"
166.137.252.60 - - [20/May/2015:01:57:56 -0700] "GET /images/loading.gif HTTP/1.1" 200 13882 "http://whereshouldiski.com/" "Mozilla/5.0 (iPhone; CPU iPhone OS 8_3 like Mac OS X) AppleWebKit/600.1.4 (KHTML, like Gecko) Version/8.0 Mobile/12F70 Safari/600.1.4"
166.137.252.60 - - [20/May/2015:01:57:57 -0700] "GET /scripts/fa48e319.main.js HTTP/1.1" 200 123455 "http://whereshouldiski.com/" "Mozilla/5.0 (iPhone; CPU iPhone OS 8_3 like Mac OS X) AppleWebKit/600.1.4 (KHTML, like Gecko) Version/8.0 Mobile/12F70 Safari/600.1.4"
166.137.252.60 - - [20/May/2015:01:57:59 -0700] "GET /lib/reccapi.php?fields=t HTTP/1.1" 200 1634 "http://whereshouldiski.com/" "Mozilla/5.0 (iPhone; CPU iPhone OS 8_3 like Mac OS X) AppleWebKit/600.1.4 (KHTML, like Gecko) Version/8.0 Mobile/12F70 Safari/600.1.4"
166.137.252.60 - - [20/May/2015:01:57:59 -0700] "GET /images/button.png HTTP/1.1" 200 599 "http://whereshouldiski.com/" "Mozilla/5.0 (iPhone; CPU iPhone OS 8_3 like Mac OS X) AppleWebKit/600.1.4 (KHTML, like Gecko) Version/8.0 Mobile/12F70 Safari/600.1.4"
166.137.252.60 - - [20/May/2015:01:58:00 -0700] "GET /images/greyHeader.png HTTP/1.1" 200 508 "http://whereshouldiski.com/" "Mozilla/5.0 (iPhone; CPU iPhone OS 8_3 like Mac OS X) AppleWebKit/600.1.4 (KHTML, like Gecko) Version/8.0 Mobile/12F70 Safari/600.1.4"
166.137.252.60 - - [20/May/2015:01:58:00 -0700] "GET /images/snowflake5.png HTTP/1.1" 200 2857 "http://whereshouldiski.com/" "Mozilla/5.0 (iPhone; CPU iPhone OS 8_3 like Mac OS X) AppleWebKit/600.1.4 (KHTML, like Gecko) Version/8.0 Mobile/12F70 Safari/600.1.4"
166.137.252.60 - - [20/May/2015:01:58:00 -0700] "GET /images/star5.png HTTP/1.1" 200 1783 "http://whereshouldiski.com/" "Mozilla/5.0 (iPhone; CPU iPhone OS 8_3 like Mac OS X) AppleWebKit/600.1.4 (KHTML, like Gecko) Version/8.0 Mobile/12F70 Safari/600.1.4"
166.137.252.60 - - [20/May/2015:01:58:00 -0700] "GET /images/shading-icon.png HTTP/1.1" 200 537 "http://whereshouldiski.com/" "Mozilla/5.0 (iPhone; CPU iPhone OS 8_3 like Mac OS X) AppleWebKit/600.1.4 (KHTML, like Gecko) Version/8.0 Mobile/12F70 Safari/600.1.4"
166.137.252.60 - - [20/May/2015:01:58:00 -0700] "GET /images/bluebird5.png HTTP/1.1" 200 2178 "http://whereshouldiski.com/" "Mozilla/5.0 (iPhone; CPU iPhone OS 8_3 like Mac OS X) AppleWebKit/600.1.4 (KHTML, like Gecko) Version/8.0 Mobile/12F70 Safari/600.1.4"
166.137.252.60 - - [20/May/2015:01:58:00 -0700] "GET /images/mtns-icon.png HTTP/1.1" 200 1097 "http://whereshouldiski.com/" "Mozilla/5.0 (iPhone; CPU iPhone OS 8_3 like Mac OS X) AppleWebKit/600.1.4 (KHTML, like Gecko) Version/8.0 Mobile/12F70 Safari/600.1.4"
166.137.252.60 - - [20/May/2015:01:58:02 -0700] "GET /apple-touch-icon-120x120-precomposed.png HTTP/1.1" 404 527 "-" "MobileSafari/600.1.4 CFNetwork/711.3.18 Darwin/14.0.0"
166.137.252.60 - - [20/May/2015:01:58:03 -0700] "GET /apple-touch-icon-120x120.png HTTP/1.1" 404 518 "-" "MobileSafari/600.1.4 CFNetwork/711.3.18 Darwin/14.0.0"
166.137.252.60 - - [20/May/2015:01:58:03 -0700] "GET /apple-touch-icon.png HTTP/1.1" 404 512 "-" "MobileSafari/600.1.4 CFNetwork/711.3.18 Darwin/14.0.0"
166.137.252.60 - - [20/May/2015:01:58:03 -0700] "GET /apple-touch-icon.png HTTP/1.1" 404 512 "-" "MobileSafari/600.1.4 CFNetwork/711.3.18 Darwin/14.0.0"
66.249.79.1 - - [20/May/2015:01:58:46 -0700] "GET /resorts?resort=mounthoodskibowl&date=2014-01-03 HTTP/1.1" 404 506 "-" "Mozilla/5.0 (iPhone; CPU iPhone OS 6_0 like Mac OS X) AppleWebKit/536.26 (KHTML, like Gecko) Version/6.0 Mobile/10A5376e Safari/8536.25 (compatible; Googlebot/2.1; +http://www.google.com/bot.html)"
170.75.162.130 - - [20/May/2015:02:01:50 -0700] "GET /lib/reccapi.php?resort=sunvalley HTTP/1.1" 200 1041 "-" "node-superagent/0.18.2"
170.75.162.130 - - [20/May/2015:02:01:51 -0700] "GET /lib/reccapi.php?resort=schweitzer HTTP/1.1" 200 954 "-" "node-superagent/0.18.2"
208.115.111.66 - - [20/May/2015:02:04:05 -0700] "GET /resorts?resort=sunlight&date=2014-10-28 HTTP/1.1" 404 476 "-" "Mozilla/5.0 (compatible; DotBot/1.1; http://www.opensiteexplorer.org/dotbot, help@moz.com)"
208.115.111.66 - - [20/May/2015:02:04:06 -0700] "GET /resorts?resort=snoqualmie-alpental&date=2014-10-11 HTTP/1.1" 404 476 "-" "Mozilla/5.0 (compatible; DotBot/1.1; http://www.opensiteexplorer.org/dotbot, help@moz.com)"
208.115.111.66 - - [20/May/2015:02:04:07 -0700] "GET /resorts?resort=smugglersnotch&date=2014-10-14 HTTP/1.1" 404 476 "-" "Mozilla/5.0 (compatible; DotBot/1.1; http://www.opensiteexplorer.org/dotbot, help@moz.com)"
208.115.111.66 - - [20/May/2015:02:04:07 -0700] "GET /resorts?resort=redmountain&date=2014-10-18 HTTP/1.1" 404 476 "-" "Mozilla/5.0 (compatible; DotBot/1.1; http://www.opensiteexplorer.org/dotbot, help@moz.com)"
208.115.111.66 - - [20/May/2015:02:04:08 -0700] "GET /resorts?resort=purgatory&date=2014-10-16 HTTP/1.1" 404 476 "-" "Mozilla/5.0 (compatible; DotBot/1.1; http://www.opensiteexplorer.org/dotbot, help@moz.com)"
208.115.111.66 - - [20/May/2015:02:04:09 -0700] "GET /resorts?resort=peaknpeak&date=2014-09-28 HTTP/1.1" 404 476 "-" "Mozilla/5.0 (compatible; DotBot/1.1; http://www.opensiteexplorer.org/dotbot, help@moz.com)"
208.115.111.66 - - [20/May/2015:02:04:10 -0700] "GET /resorts?resort=mounthoodskibowl&date=2014-06-13 HTTP/1.1" 404 476 "-" "Mozilla/5.0 (compatible; DotBot/1.1; http://www.opensiteexplorer.org/dotbot, help@moz.com)"
208.115.111.66 - - [20/May/2015:02:04:10 -0700] "GET /resorts?resort=mammothmountain&date=2014-06-15 HTTP/1.1" 404 476 "-" "Mozilla/5.0 (compatible; DotBot/1.1; http://www.opensiteexplorer.org/dotbot, help@moz.com)"
208.115.111.66 - - [20/May/2015:02:04:11 -0700] "GET /resorts?resort=lasvegasskiandsnowboard&date=2014-06-08 HTTP/1.1" 404 476 "-" "Mozilla/5.0 (compatible; DotBot/1.1; http://www.opensiteexplorer.org/dotbot, help@moz.com)"
208.115.111.66 - - [20/May/2015:02:04:12 -0700] "GET /resorts?resort=gore&date=2014-06-29 HTTP/1.1" 404 476 "-" "Mozilla/5.0 (compatible; DotBot/1.1; http://www.opensiteexplorer.org/dotbot, help@moz.com)"
208.115.111.66 - - [20/May/2015:02:04:13 -0700] "GET /resorts?resort=cascademountain&date=2014-10-26 HTTP/1.1" 404 476 "-" "Mozilla/5.0 (compatible; DotBot/1.1; http://www.opensiteexplorer.org/dotbot, help@moz.com)"
208.115.111.66 - - [20/May/2015:02:04:13 -0700] "GET /resorts?resort=bogusbasin&date=2014-06-09 HTTP/1.1" 404 476 "-" "Mozilla/5.0 (compatible; DotBot/1.1; http://www.opensiteexplorer.org/dotbot, help@moz.com)"
208.115.111.66 - - [20/May/2015:02:04:14 -0700] "GET /resorts?resort=turnermountain&date=2014-10-02 HTTP/1.1" 404 476 "-" "Mozilla/5.0 (compatible; DotBot/1.1; http://www.opensiteexplorer.org/dotbot, help@moz.com)"
208.115.111.66 - - [20/May/2015:02:04:15 -0700] "GET /resorts?resort=timberline&date=2014-10-24 HTTP/1.1" 404 476 "-" "Mozilla/5.0 (compatible; DotBot/1.1; http://www.opensiteexplorer.org/dotbot, help@moz.com)"
66.249.79.250 - - [20/May/2015:02:11:16 -0700] "GET /resorts?resort=silvermountain&date=2014-01-02 HTTP/1.1" 404 506 "-" "Mozilla/5.0 (iPhone; CPU iPhone OS 6_0 like Mac OS X) AppleWebKit/536.26 (KHTML, like Gecko) Version/6.0 Mobile/10A5376e Safari/8536.25 (compatible; Googlebot/2.1; +http://www.google.com/bot.html)"
54.198.107.202 - - [20/May/2015:02:22:05 -0700] "HEAD / HTTP/1.1" 200 291 "-" "Cloud mapping experiment. Contact research@pdrlabs.net"
180.76.15.145 - - [20/May/2015:02:23:11 -0700] "GET /resorts?resort=discoverybasin&date=2014-04-25 HTTP/1.1" 404 472 "-" "Mozilla/5.0 (compatible; Baiduspider/2.0; +http://www.baidu.com/search/spider.html)"
180.76.15.8 - - [20/May/2015:02:23:27 -0700] "GET /robots.txt HTTP/1.1" 200 382 "-" "Mozilla/5.0 (Windows NT 5.1; rv:6.0.2) Gecko/20100101 Firefox/6.0.2"
66.249.79.1 - - [20/May/2015:02:23:45 -0700] "GET /resorts?resort=northstar-at-tahoe&date=2012-12-27 HTTP/1.1" 404 506 "-" "Mozilla/5.0 (iPhone; CPU iPhone OS 6_0 like Mac OS X) AppleWebKit/536.26 (KHTML, like Gecko) Version/6.0 Mobile/10A5376e Safari/8536.25 (compatible; Googlebot/2.1; +http://www.google.com/bot.html)"
207.46.13.8 - - [20/May/2015:02:31:07 -0700] "GET / HTTP/1.1" 200 2376 "-" "Mozilla/5.0 (compatible; bingbot/2.0; +http://www.bing.com/bingbot.htm)"
66.249.79.14 - - [20/May/2015:02:36:20 -0700] "GET /resorts?resort=taos&date=2013-12-15 HTTP/1.1" 404 506 "-" "Mozilla/5.0 (iPhone; CPU iPhone OS 6_0 like Mac OS X) AppleWebKit/536.26 (KHTML, like Gecko) Version/6.0 Mobile/10A5376e Safari/8536.25 (compatible; Googlebot/2.1; +http://www.google.com/bot.html)"
207.46.13.112 - - [20/May/2015:02:42:14 -0700] "GET /faq HTTP/1.1" 404 506 "-" "Mozilla/5.0 (compatible; bingbot/2.0; +http://www.bing.com/bingbot.htm)"
157.55.39.52 - - [20/May/2015:02:42:22 -0700] "GET /resorts?resort=sierra-at-tahoe HTTP/1.1" 404 506 "-" "Mozilla/5.0 (compatible; bingbot/2.0; +http://www.bing.com/bingbot.htm)"
157.55.39.242 - - [20/May/2015:02:42:32 -0700] "GET /resorts?resort=alta HTTP/1.1" 404 506 "-" "Mozilla/5.0 (compatible; bingbot/2.0; +http://www.bing.com/bingbot.htm)"
207.46.13.8 - - [20/May/2015:02:43:55 -0700] "GET / HTTP/1.1" 200 2376 "-" "Mozilla/5.0 (compatible; bingbot/2.0; +http://www.bing.com/bingbot.htm)"
170.75.162.130 - - [20/May/2015:02:48:34 -0700] "GET /lib/reccapi.php?resort=mountbachelor HTTP/1.1" 200 1088 "-" "node-superagent/0.18.2"
66.249.79.250 - - [20/May/2015:02:48:44 -0700] "GET /resorts?resort=aspenmountain&date=2014-02-01 HTTP/1.1" 404 506 "-" "Mozilla/5.0 (iPhone; CPU iPhone OS 6_0 like Mac OS X) AppleWebKit/536.26 (KHTML, like Gecko) Version/6.0 Mobile/10A5376e Safari/8536.25 (compatible; Googlebot/2.1; +http://www.google.com/bot.html)"
123.125.71.77 - - [20/May/2015:02:56:06 -0700] "-" 408 0 "-" "-"
220.181.108.108 - - [20/May/2015:03:00:25 -0700] "-" 408 0 "-" "-"
170.75.162.130 - - [20/May/2015:03:00:55 -0700] "GET /lib/reccapi.php?resort=jacksonhole HTTP/1.1" 200 1083 "-" "node-superagent/0.18.2"
170.75.162.130 - - [20/May/2015:03:00:55 -0700] "GET /lib/reccapi.php?resort=bigsky HTTP/1.1" 200 1089 "-" "node-superagent/0.18.2"
66.249.79.1 - - [20/May/2015:03:01:15 -0700] "GET /resorts?resort=snowbird&date=2014-02-19 HTTP/1.1" 404 506 "-" "Mozilla/5.0 (iPhone; CPU iPhone OS 6_0 like Mac OS X) AppleWebKit/536.26 (KHTML, like Gecko) Version/6.0 Mobile/10A5376e Safari/8536.25 (compatible; Googlebot/2.1; +http://www.google.com/bot.html)"
66.249.79.14 - - [20/May/2015:03:13:44 -0700] "GET /resorts?resort=pajaritomountain&date=2014-01-15 HTTP/1.1" 404 506 "-" "Mozilla/5.0 (iPhone; CPU iPhone OS 6_0 like Mac OS X) AppleWebKit/536.26 (KHTML, like Gecko) Version/6.0 Mobile/10A5376e Safari/8536.25 (compatible; Googlebot/2.1; +http://www.google.com/bot.html)"
66.249.79.250 - - [20/May/2015:03:20:20 -0700] "GET /resorts?resort=bigsky&date=2013-12-31 HTTP/1.1" 404 506 "-" "Mozilla/5.0 (iPhone; CPU iPhone OS 6_0 like Mac OS X) AppleWebKit/536.26 (KHTML, like Gecko) Version/6.0 Mobile/10A5376e Safari/8536.25 (compatible; Googlebot/2.1; +http://www.google.com/bot.html)"
66.249.79.14 - - [20/May/2015:03:26:19 -0700] "GET /resorts?resort=treblecone&date=2014-07-13 HTTP/1.1" 404 506 "-" "Mozilla/5.0 (iPhone; CPU iPhone OS 6_0 like Mac OS X) AppleWebKit/536.26 (KHTML, like Gecko) Version/6.0 Mobile/10A5376e Safari/8536.25 (compatible; Googlebot/2.1; +http://www.google.com/bot.html)"
170.75.162.130 - - [20/May/2015:03:42:48 -0700] "GET /lib/reccapi.php?resort=solitude HTTP/1.1" 200 1075 "-" "node-superagent/0.18.2"
66.249.79.250 - - [20/May/2015:03:51:14 -0700] "GET /resorts?resort=mtrose&date=2014-02-14 HTTP/1.1" 404 506 "-" "Mozilla/5.0 (iPhone; CPU iPhone OS 6_0 like Mac OS X) AppleWebKit/536.26 (KHTML, like Gecko) Version/6.0 Mobile/10A5376e Safari/8536.25 (compatible; Googlebot/2.1; +http://www.google.com/bot.html)"
123.125.71.48 - - [20/May/2015:03:53:14 -0700] "-" 408 0 "-" "-"
220.181.108.181 - - [20/May/2015:03:57:10 -0700] "-" 408 0 "-" "-"
170.75.162.130 - - [20/May/2015:03:58:50 -0700] "GET /lib/reccapi.php?resort=brighton HTTP/1.1" 200 1067 "-" "node-superagent/0.18.2"
170.75.162.130 - - [20/May/2015:03:59:00 -0700] "GET /lib/reccapi.php?resort=redlodge HTTP/1.1" 200 1067 "-" "node-superagent/0.18.2"
170.75.162.130 - - [20/May/2015:03:59:20 -0700] "GET /lib/reccapi.php?resort=grandtarghee HTTP/1.1" 200 1132 "-" "node-superagent/0.18.2"
189.32.71.7 - - [20/May/2015:04:03:15 -0700] "GET / HTTP/1.1" 200 2376 "http://best-seo-offer.com/try.php?u=http://whereshouldiski.com" "Mozilla/5.0 (Windows NT 6.1; WOW64) AppleWebKit/537.36 (KHTML, like Gecko) Chrome/36.0.1985.143 Safari/537.36"
189.32.71.7 - - [20/May/2015:04:03:15 -0700] "GET /styles/0fffd548.main.css HTTP/1.1" 200 19316 "http://whereshouldiski.com/" "Mozilla/5.0 (Windows NT 6.1; WOW64) AppleWebKit/537.36 (KHTML, like Gecko) Chrome/36.0.1985.143 Safari/537.36"
189.32.71.7 - - [20/May/2015:04:03:16 -0700] "GET /scripts/scripts/vendor/modernizr.js HTTP/1.1" 200 4903 "http://whereshouldiski.com/" "Mozilla/5.0 (Windows NT 6.1; WOW64) AppleWebKit/537.36 (KHTML, like Gecko) Chrome/36.0.1985.143 Safari/537.36"
189.32.71.7 - - [20/May/2015:04:03:16 -0700] "GET /bower_components/requirejs/require.js HTTP/1.1" 200 6702 "http://whereshouldiski.com/" "Mozilla/5.0 (Windows NT 6.1; WOW64) AppleWebKit/537.36 (KHTML, like Gecko) Chrome/36.0.1985.143 Safari/537.36"
189.32.71.7 - - [20/May/2015:04:03:16 -0700] "GET /images/loading.gif HTTP/1.1" 200 13881 "http://whereshouldiski.com/" "Mozilla/5.0 (Windows NT 6.1; WOW64) AppleWebKit/537.36 (KHTML, like Gecko) Chrome/36.0.1985.143 Safari/537.36"
189.32.71.7 - - [20/May/2015:04:03:16 -0700] "GET /images/logo-sm.png HTTP/1.1" 200 16737 "http://whereshouldiski.com/" "Mozilla/5.0 (Windows NT 6.1; WOW64) AppleWebKit/537.36 (KHTML, like Gecko) Chrome/36.0.1985.143 Safari/537.36"
189.32.71.7 - - [20/May/2015:04:03:16 -0700] "GET /scripts/fa48e319.main.js HTTP/1.1" 200 123455 "http://whereshouldiski.com/" "Mozilla/5.0 (Windows NT 6.1; WOW64) AppleWebKit/537.36 (KHTML, like Gecko) Chrome/36.0.1985.143 Safari/537.36"
189.32.71.7 - - [20/May/2015:04:03:17 -0700] "GET /images/button.png HTTP/1.1" 200 598 "http://whereshouldiski.com/" "Mozilla/5.0 (Windows NT 6.1; WOW64) AppleWebKit/537.36 (KHTML, like Gecko) Chrome/36.0.1985.143 Safari/537.36"
189.32.71.7 - - [20/May/2015:04:03:17 -0700] "GET /lib/reccapi.php?fields=t HTTP/1.1" 200 1634 "http://whereshouldiski.com/" "Mozilla/5.0 (Windows NT 6.1; WOW64) AppleWebKit/537.36 (KHTML, like Gecko) Chrome/36.0.1985.143 Safari/537.36"
189.32.71.7 - - [20/May/2015:04:03:18 -0700] "GET /images/greyHeader.png HTTP/1.1" 200 508 "http://whereshouldiski.com/" "Mozilla/5.0 (Windows NT 6.1; WOW64) AppleWebKit/537.36 (KHTML, like Gecko) Chrome/36.0.1985.143 Safari/537.36"
189.32.71.7 - - [20/May/2015:04:03:18 -0700] "GET /images/snowflake5.png HTTP/1.1" 200 2857 "http://whereshouldiski.com/" "Mozilla/5.0 (Windows NT 6.1; WOW64) AppleWebKit/537.36 (KHTML, like Gecko) Chrome/36.0.1985.143 Safari/537.36"
189.32.71.7 - - [20/May/2015:04:03:18 -0700] "GET /images/star5.png HTTP/1.1" 200 1783 "http://whereshouldiski.com/" "Mozilla/5.0 (Windows NT 6.1; WOW64) AppleWebKit/537.36 (KHTML, like Gecko) Chrome/36.0.1985.143 Safari/537.36"
189.32.71.7 - - [20/May/2015:04:03:18 -0700] "GET /images/bluebird5.png HTTP/1.1" 200 2177 "http://whereshouldiski.com/" "Mozilla/5.0 (Windows NT 6.1; WOW64) AppleWebKit/537.36 (KHTML, like Gecko) Chrome/36.0.1985.143 Safari/537.36"
189.32.71.7 - - [20/May/2015:04:03:18 -0700] "GET /images/mtns-icon.png HTTP/1.1" 200 1096 "http://whereshouldiski.com/" "Mozilla/5.0 (Windows NT 6.1; WOW64) AppleWebKit/537.36 (KHTML, like Gecko) Chrome/36.0.1985.143 Safari/537.36"
189.32.71.7 - - [20/May/2015:04:03:18 -0700] "GET /images/shading-icon.png HTTP/1.1" 200 536 "http://whereshouldiski.com/" "Mozilla/5.0 (Windows NT 6.1; WOW64) AppleWebKit/537.36 (KHTML, like Gecko) Chrome/36.0.1985.143 Safari/537.36"
189.32.71.7 - - [20/May/2015:04:03:39 -0700] "-" 408 0 "-" "-"
189.32.71.7 - - [20/May/2015:04:03:39 -0700] "-" 408 0 "-" "-"
189.32.71.7 - - [20/May/2015:04:03:39 -0700] "-" 408 0 "-" "-"
127.0.0.1 - - [20/May/2015:04:03:40 -0700] "OPTIONS * HTTP/1.0" 200 126 "-" "Apache/2.2.22 (Ubuntu) (internal dummy connection)"
66.249.79.14 - - [20/May/2015:04:03:43 -0700] "GET /resorts?resort=maverickmountain&date=2014-01-01 HTTP/1.1" 404 506 "-" "Mozilla/5.0 (iPhone; CPU iPhone OS 6_0 like Mac OS X) AppleWebKit/536.26 (KHTML, like Gecko) Version/6.0 Mobile/10A5376e Safari/8536.25 (compatible; Googlebot/2.1; +http://www.google.com/bot.html)"
208.115.111.66 - - [20/May/2015:04:11:27 -0700] "GET /robots.txt HTTP/1.1" 200 319 "-" "Mozilla/5.0 (compatible; DotBot/1.1; http://www.opensiteexplorer.org/dotbot, help@moz.com)"
170.75.162.130 - - [20/May/2015:04:13:22 -0700] "GET /lib/reccapi.php?resort=cannonmountain HTTP/1.1" 200 973 "-" "node-superagent/0.18.2"
170.75.162.130 - - [20/May/2015:04:13:22 -0700] "GET /lib/reccapi.php?resort=canyons HTTP/1.1" 200 1014 "-" "node-superagent/0.18.2"
170.75.162.130 - - [20/May/2015:04:13:22 -0700] "GET /lib/reccapi.php?resort=parkcity HTTP/1.1" 200 1100 "-" "node-superagent/0.18.2"
170.75.162.130 - - [20/May/2015:04:13:23 -0700] "GET /lib/reccapi.php?resort=sierra-at-tahoe HTTP/1.1" 200 1105 "-" "node-superagent/0.18.2"
170.75.162.130 - - [20/May/2015:04:13:23 -0700] "GET /lib/reccapi.php?resort=wildcatmountain HTTP/1.1" 200 978 "-" "node-superagent/0.18.2"
64.246.165.180 - - [20/May/2015:04:15:11 -0700] "GET /robots.txt HTTP/1.0" 200 338 "-" "Mozilla/5.0 (Windows; U; Windows NT 5.1; en; rv:1.9.0.13) Gecko/2009073022 Firefox/3.5.2 (.NET CLR 3.5.30729) SurveyBot/2.3 (DomainTools)"
64.246.165.180 - - [20/May/2015:04:15:11 -0700] "GET / HTTP/1.1" 200 2339 "http://whois.domaintools.com/whereshouldiski.com" "Mozilla/5.0 (Windows; U; Windows NT 5.1; en; rv:1.9.0.13) Gecko/2009073022 Firefox/3.5.2 (.NET CLR 3.5.30729) SurveyBot/2.3 (DomainTools)"
66.249.79.1 - - [20/May/2015:04:16:19 -0700] "GET /resorts?resort=alta&date=2014-01-30 HTTP/1.1" 404 506 "-" "Mozilla/5.0 (iPhone; CPU iPhone OS 6_0 like Mac OS X) AppleWebKit/536.26 (KHTML, like Gecko) Version/6.0 Mobile/10A5376e Safari/8536.25 (compatible; Googlebot/2.1; +http://www.google.com/bot.html)"
170.75.162.130 - - [20/May/2015:04:20:42 -0700] "GET /lib/reccapi.php?resort=taos HTTP/1.1" 200 993 "-" "node-superagent/0.18.2"
65.190.54.239 - - [20/May/2015:04:26:53 -0700] "GET /images/wsis-logo-sm.png HTTP/1.1" 200 6108 "http://www.thebackcountry.net/" "Mozilla/5.0 (Macintosh; Intel Mac OS X 10_7_5) AppleWebKit/537.36 (KHTML, like Gecko) Chrome/42.0.2311.152 Safari/537.36"
66.249.79.250 - - [20/May/2015:04:28:43 -0700] "GET /resorts?resort=diamondpeak&date=2013-12-25 HTTP/1.1" 404 506 "-" "Mozilla/5.0 (iPhone; CPU iPhone OS 6_0 like Mac OS X) AppleWebKit/536.26 (KHTML, like Gecko) Version/6.0 Mobile/10A5376e Safari/8536.25 (compatible; Googlebot/2.1; +http://www.google.com/bot.html)"
170.75.162.130 - - [20/May/2015:04:33:33 -0700] "GET /lib/reccapi.php?resort=sugarloaf HTTP/1.1" 200 970 "-" "node-superagent/0.18.2"
66.249.79.250 - - [20/May/2015:04:41:12 -0700] "GET /resorts?resort=angelfire&date=2014-02-02 HTTP/1.1" 404 506 "-" "Mozilla/5.0 (iPhone; CPU iPhone OS 6_0 like Mac OS X) AppleWebKit/536.26 (KHTML, like Gecko) Version/6.0 Mobile/10A5376e Safari/8536.25 (compatible; Googlebot/2.1; +http://www.google.com/bot.html)"
169.229.3.93 - - [20/May/2015:04:49:34 -0700] "-" 408 0 "-" "-"
123.125.71.75 - - [20/May/2015:04:52:00 -0700] "-" 408 0 "-" "-"
66.249.79.1 - - [20/May/2015:04:53:42 -0700] "GET /resorts?resort=showdown&date=2014-01-31 HTTP/1.1" 404 506 "-" "Mozilla/5.0 (iPhone; CPU iPhone OS 6_0 like Mac OS X) AppleWebKit/536.26 (KHTML, like Gecko) Version/6.0 Mobile/10A5376e Safari/8536.25 (compatible; Googlebot/2.1; +http://www.google.com/bot.html)"
151.236.58.222 - - [20/May/2015:04:57:36 -0700] "GET /CFIDE/administrator/ HTTP/1.1" 404 526 "-" "-"
66.249.79.14 - - [20/May/2015:05:06:19 -0700] "GET /resorts?resort=pebblecreek&date=2012-12-22 HTTP/1.1" 404 506 "-" "Mozilla/5.0 (iPhone; CPU iPhone OS 6_0 like Mac OS X) AppleWebKit/536.26 (KHTML, like Gecko) Version/6.0 Mobile/10A5376e Safari/8536.25 (compatible; Googlebot/2.1; +http://www.google.com/bot.html)"
52.5.229.184 - - [20/May/2015:05:18:07 -0700] "GET / HTTP/1.1" 200 6151 "-" "Mozilla/5.0 (X11; Linux x86_64) AppleWebKit/537.36 (KHTML, like Gecko) Chrome/29.0.1547.57 Safari/537.36"
66.249.79.14 - - [20/May/2015:05:18:41 -0700] "GET /resorts?resort=mountbaker&date=2014-03-05 HTTP/1.1" 404 506 "-" "Mozilla/5.0 (iPhone; CPU iPhone OS 6_0 like Mac OS X) AppleWebKit/536.26 (KHTML, like Gecko) Version/6.0 Mobile/10A5376e Safari/8536.25 (compatible; Googlebot/2.1; +http://www.google.com/bot.html)"
208.115.111.66 - - [20/May/2015:05:23:48 -0700] "GET /resorts?resort=solitude&date=2014-09-27 HTTP/1.1" 404 476 "-" "Mozilla/5.0 (compatible; DotBot/1.1; http://www.opensiteexplorer.org/dotbot, help@moz.com)"
208.115.111.66 - - [20/May/2015:05:23:53 -0700] "GET /resorts?resort=bigsky&date=2014-06-04 HTTP/1.1" 404 476 "-" "Mozilla/5.0 (compatible; DotBot/1.1; http://www.opensiteexplorer.org/dotbot, help@moz.com)"
208.115.111.66 - - [20/May/2015:05:24:02 -0700] "GET /resorts?resort=smugglersnotch&date=2014-10-10 HTTP/1.1" 404 476 "-" "Mozilla/5.0 (compatible; DotBot/1.1; http://www.opensiteexplorer.org/dotbot, help@moz.com)"
208.115.111.66 - - [20/May/2015:05:24:06 -0700] "GET /resorts?resort=sunlight&date=2014-06-24 HTTP/1.1" 404 476 "-" "Mozilla/5.0 (compatible; DotBot/1.1; http://www.opensiteexplorer.org/dotbot, help@moz.com)"
208.115.111.66 - - [20/May/2015:05:24:08 -0700] "GET /resorts?resort=hoodoo&date=2014-06-10 HTTP/1.1" 404 476 "-" "Mozilla/5.0 (compatible; DotBot/1.1; http://www.opensiteexplorer.org/dotbot, help@moz.com)"
208.115.111.66 - - [20/May/2015:05:24:09 -0700] "GET /resorts?resort=killington&date=2014-09-28 HTTP/1.1" 404 476 "-" "Mozilla/5.0 (compatible; DotBot/1.1; http://www.opensiteexplorer.org/dotbot, help@moz.com)"
208.115.111.66 - - [20/May/2015:05:24:10 -0700] "GET /resorts?resort=crestedbutte&date=2014-11-10 HTTP/1.1" 404 476 "-" "Mozilla/5.0 (compatible; DotBot/1.1; http://www.opensiteexplorer.org/dotbot, help@moz.com)"
208.115.111.66 - - [20/May/2015:05:24:11 -0700] "GET /resorts?resort=snowbasin&date=2014-07-01 HTTP/1.1" 404 476 "-" "Mozilla/5.0 (compatible; DotBot/1.1; http://www.opensiteexplorer.org/dotbot, help@moz.com)"
208.115.111.66 - - [20/May/2015:05:24:12 -0700] "GET /resorts?resort=coppermountain&date=2014-06-12 HTTP/1.1" 404 476 "-" "Mozilla/5.0 (compatible; DotBot/1.1; http://www.opensiteexplorer.org/dotbot, help@moz.com)"
208.115.111.66 - - [20/May/2015:05:24:12 -0700] "GET /resorts?resort=angelfire&date=2014-10-13 HTTP/1.1" 404 476 "-" "Mozilla/5.0 (compatible; DotBot/1.1; http://www.opensiteexplorer.org/dotbot, help@moz.com)"
208.115.111.66 - - [20/May/2015:05:24:13 -0700] "GET /resorts?resort=bigwhite&date=2014-11-03 HTTP/1.1" 404 476 "-" "Mozilla/5.0 (compatible; DotBot/1.1; http://www.opensiteexplorer.org/dotbot, help@moz.com)"
208.115.111.66 - - [20/May/2015:05:24:14 -0700] "GET /resorts?resort=homewoodmountain&date=2014-06-09 HTTP/1.1" 404 476 "-" "Mozilla/5.0 (compatible; DotBot/1.1; http://www.opensiteexplorer.org/dotbot, help@moz.com)"
208.115.111.66 - - [20/May/2015:05:24:15 -0700] "GET /resorts?resort=hoodoo&date=2014-10-26 HTTP/1.1" 404 476 "-" "Mozilla/5.0 (compatible; DotBot/1.1; http://www.opensiteexplorer.org/dotbot, help@moz.com)"
208.115.111.66 - - [20/May/2015:05:24:16 -0700] "GET /resorts?resort=keystone&date=2014-10-15 HTTP/1.1" 404 476 "-" "Mozilla/5.0 (compatible; DotBot/1.1; http://www.opensiteexplorer.org/dotbot, help@moz.com)"
66.249.79.250 - - [20/May/2015:05:31:12 -0700] "GET /resorts?resort=silvermountain&date=2014-01-04 HTTP/1.1" 404 506 "-" "Mozilla/5.0 (iPhone; CPU iPhone OS 6_0 like Mac OS X) AppleWebKit/536.26 (KHTML, like Gecko) Version/6.0 Mobile/10A5376e Safari/8536.25 (compatible; Googlebot/2.1; +http://www.google.com/bot.html)"
66.249.79.14 - - [20/May/2015:05:43:41 -0700] "GET /resorts?resort=redriver&date=2014-02-02 HTTP/1.1" 404 506 "-" "Mozilla/5.0 (iPhone; CPU iPhone OS 6_0 like Mac OS X) AppleWebKit/536.26 (KHTML, like Gecko) Version/6.0 Mobile/10A5376e Safari/8536.25 (compatible; Googlebot/2.1; +http://www.google.com/bot.html)"
109.236.90.133 - - [20/May/2015:05:46:47 -0700] "GET /administrator/index.php HTTP/1.1" 404 532 "-" "Mozilla/5.0 (Windows NT 5.1; rv:29.0) Gecko/20100101 Firefox/29.0"
66.249.79.14 - - [20/May/2015:05:56:19 -0700] "GET /resorts?resort=snowmass&date=2014-02-02 HTTP/1.1" 404 506 "-" "Mozilla/5.0 (iPhone; CPU iPhone OS 6_0 like Mac OS X) AppleWebKit/536.26 (KHTML, like Gecko) Version/6.0 Mobile/10A5376e Safari/8536.25 (compatible; Googlebot/2.1; +http://www.google.com/bot.html)"
170.75.162.130 - - [20/May/2015:05:58:10 -0700] "GET /lib/reccapi.php?resort=snowbird HTTP/1.1" 200 1050 "-" "node-superagent/0.18.2"
199.48.147.141 - - [20/May/2015:06:00:36 -0700] "GET /forum/includes/templates/error.tpl HTTP/1.1" 404 495 "-" "Mozilla/5.0 (Windows NT 6.1; WOW64; rv:8.0) Gecko/20100101 Firefox/8.0"
123.125.71.97 - - [20/May/2015:06:03:48 -0700] "-" 408 0 "-" "-"
24.180.42.102 - - [20/May/2015:06:06:16 -0700] "GET /images/wsis-logo-sm.png HTTP/1.1" 200 6108 "http://www.thebackcountry.net/" "Mozilla/5.0 (Windows NT 6.3; WOW64; Trident/7.0; rv:11.0) like Gecko"
24.180.42.102 - - [20/May/2015:06:06:37 -0700] "-" 408 0 "-" "-"
208.115.111.66 - - [20/May/2015:06:06:46 -0700] "GET /resorts?resort=turnermountain&date=2014-10-06 HTTP/1.1" 404 476 "-" "Mozilla/5.0 (compatible; DotBot/1.1; http://www.opensiteexplorer.org/dotbot, help@moz.com)"
208.115.111.66 - - [20/May/2015:06:06:48 -0700] "GET /resorts?resort=snoqualmie-alpental&date=2014-10-15 HTTP/1.1" 404 476 "-" "Mozilla/5.0 (compatible; DotBot/1.1; http://www.opensiteexplorer.org/dotbot, help@moz.com)"
208.115.111.66 - - [20/May/2015:06:06:48 -0700] "GET /resorts?resort=peaknpeak HTTP/1.1" 404 476 "-" "Mozilla/5.0 (compatible; DotBot/1.1; http://www.opensiteexplorer.org/dotbot, help@moz.com)"
208.115.111.66 - - [20/May/2015:06:06:49 -0700] "GET /resorts?resort=parkcity&date=2014-10-06 HTTP/1.1" 404 476 "-" "Mozilla/5.0 (compatible; DotBot/1.1; http://www.opensiteexplorer.org/dotbot, help@moz.com)"
208.115.111.66 - - [20/May/2015:06:06:50 -0700] "GET /resorts?resort=panoramamountain&date=2014-06-16 HTTP/1.1" 404 476 "-" "Mozilla/5.0 (compatible; DotBot/1.1; http://www.opensiteexplorer.org/dotbot, help@moz.com)"
208.115.111.66 - - [20/May/2015:06:06:50 -0700] "GET /resorts?resort=mountbaker&date=2014-10-21 HTTP/1.1" 404 476 "-" "Mozilla/5.0 (compatible; DotBot/1.1; http://www.opensiteexplorer.org/dotbot, help@moz.com)"
208.115.111.66 - - [20/May/2015:06:06:51 -0700] "GET /resorts?resort=mountashland&date=2014-06-12 HTTP/1.1" 404 476 "-" "Mozilla/5.0 (compatible; DotBot/1.1; http://www.opensiteexplorer.org/dotbot, help@moz.com)"
208.115.111.66 - - [20/May/2015:06:06:52 -0700] "GET /resorts?resort=louploupskibowl&date=2014-10-09 HTTP/1.1" 404 476 "-" "Mozilla/5.0 (compatible; DotBot/1.1; http://www.opensiteexplorer.org/dotbot, help@moz.com)"
208.115.111.66 - - [20/May/2015:06:06:52 -0700] "GET /resorts?resort=kirkwood&date=2014-10-15 HTTP/1.1" 404 476 "-" "Mozilla/5.0 (compatible; DotBot/1.1; http://www.opensiteexplorer.org/dotbot, help@moz.com)"
208.115.111.66 - - [20/May/2015:06:06:53 -0700] "GET /resorts?resort=kellycanyon&date=2014-10-02 HTTP/1.1" 404 476 "-" "Mozilla/5.0 (compatible; DotBot/1.1; http://www.opensiteexplorer.org/dotbot, help@moz.com)"
208.115.111.66 - - [20/May/2015:06:06:54 -0700] "GET /resorts?resort=homewoodmountain&date=2014-10-22 HTTP/1.1" 404 476 "-" "Mozilla/5.0 (compatible; DotBot/1.1; http://www.opensiteexplorer.org/dotbot, help@moz.com)"
208.115.111.66 - - [20/May/2015:06:06:54 -0700] "GET /resorts?resort=greatdivide&date=2014-10-10 HTTP/1.1" 404 476 "-" "Mozilla/5.0 (compatible; DotBot/1.1; http://www.opensiteexplorer.org/dotbot, help@moz.com)"
208.115.111.66 - - [20/May/2015:06:06:55 -0700] "GET /resorts?resort=granitepeak&date=2014-06-10 HTTP/1.1" 404 476 "-" "Mozilla/5.0 (compatible; DotBot/1.1; http://www.opensiteexplorer.org/dotbot, help@moz.com)"
208.115.111.66 - - [20/May/2015:06:06:56 -0700] "GET /resorts?resort=gore&date=2014-10-25 HTTP/1.1" 404 476 "-" "Mozilla/5.0 (compatible; DotBot/1.1; http://www.opensiteexplorer.org/dotbot, help@moz.com)"
208.115.111.66 - - [20/May/2015:06:06:57 -0700] "GET /resorts?resort=discoverybasin&date=2014-11-04 HTTP/1.1" 404 476 "-" "Mozilla/5.0 (compatible; DotBot/1.1; http://www.opensiteexplorer.org/dotbot, help@moz.com)"
208.115.111.66 - - [20/May/2015:06:06:57 -0700] "GET /resorts?resort=diamondpeak&date=2014-09-29 HTTP/1.1" 404 476 "-" "Mozilla/5.0 (compatible; DotBot/1.1; http://www.opensiteexplorer.org/dotbot, help@moz.com)"
208.115.111.66 - - [20/May/2015:06:06:58 -0700] "GET /resorts?resort=beavermountain&date=2014-11-05 HTTP/1.1" 404 476 "-" "Mozilla/5.0 (compatible; DotBot/1.1; http://www.opensiteexplorer.org/dotbot, help@moz.com)"
208.115.111.66 - - [20/May/2015:06:06:58 -0700] "GET /resorts?resort=beavermountain HTTP/1.1" 404 476 "-" "Mozilla/5.0 (compatible; DotBot/1.1; http://www.opensiteexplorer.org/dotbot, help@moz.com)"
208.115.111.66 - - [20/May/2015:06:06:59 -0700] "GET /resorts?resort=anthonylakes&date=2014-09-28 HTTP/1.1" 404 476 "-" "Mozilla/5.0 (compatible; DotBot/1.1; http://www.opensiteexplorer.org/dotbot, help@moz.com)"
66.249.79.250 - - [20/May/2015:06:08:39 -0700] "GET /resorts?resort=grandtarghee&date=2014-03-07 HTTP/1.1" 404 506 "-" "Mozilla/5.0 (iPhone; CPU iPhone OS 6_0 like Mac OS X) AppleWebKit/536.26 (KHTML, like Gecko) Version/6.0 Mobile/10A5376e Safari/8536.25 (compatible; Googlebot/2.1; +http://www.google.com/bot.html)"
220.181.108.152 - - [20/May/2015:06:08:42 -0700] "-" 408 0 "-" "-"
180.76.15.139 - - [20/May/2015:06:14:14 -0700] "GET /resorts?resort=parkcity HTTP/1.1" 404 469 "-" "Mozilla/5.0 (compatible; Baiduspider/2.0; +http://www.baidu.com/search/spider.html)"
66.249.79.1 - - [20/May/2015:06:21:11 -0700] "GET /resorts?resort=antelopebutte&date=2014-02-09 HTTP/1.1" 404 506 "-" "Mozilla/5.0 (iPhone; CPU iPhone OS 6_0 like Mac OS X) AppleWebKit/536.26 (KHTML, like Gecko) Version/6.0 Mobile/10A5376e Safari/8536.25 (compatible; Googlebot/2.1; +http://www.google.com/bot.html)"
180.76.15.18 - - [20/May/2015:06:28:02 -0700] "GET /resorts?resort=discoverybasin&date=2014-01-15 HTTP/1.1" 404 472 "-" "Mozilla/5.0 (compatible; Baiduspider/2.0; +http://www.baidu.com/search/spider.html)"
180.76.15.15 - - [20/May/2015:06:29:14 -0700] "GET /resorts?resort=discoverybasin&date=2014-04-13 HTTP/1.1" 404 469 "-" "Mozilla/5.0 (compatible; Baiduspider/2.0; +http://www.baidu.com/search/spider.html)"
66.249.79.1 - - [20/May/2015:06:33:44 -0700] "GET /resorts?resort=sleepinggiant&date=2014-01-09 HTTP/1.1" 404 506 "-" "Mozilla/5.0 (iPhone; CPU iPhone OS 6_0 like Mac OS X) AppleWebKit/536.26 (KHTML, like Gecko) Version/6.0 Mobile/10A5376e Safari/8536.25 (compatible; Googlebot/2.1; +http://www.google.com/bot.html)"
71.241.136.180 - - [20/May/2015:06:45:29 -0700] "GET /images/wsis-logo-sm.png HTTP/1.1" 200 6108 "http://www.thebackcountry.net/" "Mozilla/5.0 (Macintosh; Intel Mac OS X 10_8_5) AppleWebKit/537.36 (KHTML, like Gecko) Chrome/41.0.2272.118 Safari/537.36"
66.249.79.1 - - [20/May/2015:06:46:21 -0700] "GET /resorts?resort=cascademountain&date=2014-02-05 HTTP/1.1" 404 506 "-" "Mozilla/5.0 (iPhone; CPU iPhone OS 6_0 like Mac OS X) AppleWebKit/536.26 (KHTML, like Gecko) Version/6.0 Mobile/10A5376e Safari/8536.25 (compatible; Googlebot/2.1; +http://www.google.com/bot.html)"
41.188.47.32 - - [20/May/2015:06:50:09 -0700] "GET / HTTP/1.1" 200 2376 "http://buttons-for-your-website.com" "Mozilla/5.0 (Windows NT 6.1; WOW64) AppleWebKit/537.36 (KHTML, like Gecko) Chrome/36.0.1985.143 Safari/537.36"
41.188.47.32 - - [20/May/2015:06:50:09 -0700] "GET /styles/0fffd548.main.css HTTP/1.1" 200 19316 "http://whereshouldiski.com/" "Mozilla/5.0 (Windows NT 6.1; WOW64) AppleWebKit/537.36 (KHTML, like Gecko) Chrome/36.0.1985.143 Safari/537.36"
41.188.47.32 - - [20/May/2015:06:50:10 -0700] "GET /scripts/scripts/vendor/modernizr.js HTTP/1.1" 200 4903 "http://whereshouldiski.com/" "Mozilla/5.0 (Windows NT 6.1; WOW64) AppleWebKit/537.36 (KHTML, like Gecko) Chrome/36.0.1985.143 Safari/537.36"
41.188.47.32 - - [20/May/2015:06:50:10 -0700] "GET /bower_components/requirejs/require.js HTTP/1.1" 200 6702 "http://whereshouldiski.com/" "Mozilla/5.0 (Windows NT 6.1; WOW64) AppleWebKit/537.36 (KHTML, like Gecko) Chrome/36.0.1985.143 Safari/537.36"
41.188.47.32 - - [20/May/2015:06:50:11 -0700] "GET /images/loading.gif HTTP/1.1" 200 13881 "http://whereshouldiski.com/" "Mozilla/5.0 (Windows NT 6.1; WOW64) AppleWebKit/537.36 (KHTML, like Gecko) Chrome/36.0.1985.143 Safari/537.36"
41.188.47.32 - - [20/May/2015:06:50:11 -0700] "GET /images/logo-sm.png HTTP/1.1" 200 16737 "http://whereshouldiski.com/" "Mozilla/5.0 (Windows NT 6.1; WOW64) AppleWebKit/537.36 (KHTML, like Gecko) Chrome/36.0.1985.143 Safari/537.36"
41.188.47.32 - - [20/May/2015:06:50:11 -0700] "GET /scripts/fa48e319.main.js HTTP/1.1" 200 123455 "http://whereshouldiski.com/" "Mozilla/5.0 (Windows NT 6.1; WOW64) AppleWebKit/537.36 (KHTML, like Gecko) Chrome/36.0.1985.143 Safari/537.36"
123.125.71.84 - - [20/May/2015:06:54:39 -0700] "GET / HTTP/1.1" 200 2339 "-" "Mozilla/5.0 (Windows NT 5.1; rv:6.0.2) Gecko/20100101 Firefox/6.0.2"
123.125.71.117 - - [20/May/2015:06:55:50 -0700] "GET / HTTP/1.1" 200 6114 "-" "Mozilla/5.0 (Windows NT 5.1; rv:6.0.2) Gecko/20100101 Firefox/6.0.2"
66.249.79.14 - - [20/May/2015:06:58:38 -0700] "GET /resorts?resort=wildcatmountain&date=2014-03-02 HTTP/1.1" 404 506 "-" "Mozilla/5.0 (iPhone; CPU iPhone OS 6_0 like Mac OS X) AppleWebKit/536.26 (KHTML, like Gecko) Version/6.0 Mobile/10A5376e Safari/8536.25 (compatible; Googlebot/2.1; +http://www.google.com/bot.html)"
170.75.162.130 - - [20/May/2015:07:00:05 -0700] "GET /lib/reccapi.php?resort=mounthoodmeadows HTTP/1.1" 200 1037 "-" "node-superagent/0.18.2"
170.75.162.130 - - [20/May/2015:07:00:05 -0700] "GET /lib/reccapi.php?resort=angelfire HTTP/1.1" 200 1052 "-" "node-superagent/0.18.2"
220.181.108.187 - - [20/May/2015:07:00:34 -0700] "GET / HTTP/1.1" 200 2339 "-" "Mozilla/5.0 (Windows NT 5.1; rv:6.0.2) Gecko/20100101 Firefox/6.0.2"
66.249.79.66 - - [20/May/2015:07:11:21 -0700] "GET /resorts?resort=bridgerbowl&date=2013-06-14 HTTP/1.1" 404 509 "-" "Mozilla/5.0 (iPhone; CPU iPhone OS 6_0 like Mac OS X) AppleWebKit/536.26 (KHTML, like Gecko) Version/6.0 Mobile/10A5376e Safari/8536.25 (compatible; Googlebot/2.1; +http://www.google.com/bot.html)"
66.249.79.14 - - [20/May/2015:07:23:49 -0700] "GET /resorts?resort=devilshead&date=2014-02-05 HTTP/1.1" 404 506 "-" "Mozilla/5.0 (iPhone; CPU iPhone OS 6_0 like Mac OS X) AppleWebKit/536.26 (KHTML, like Gecko) Version/6.0 Mobile/10A5376e Safari/8536.25 (compatible; Googlebot/2.1; +http://www.google.com/bot.html)"
66.249.79.1 - - [20/May/2015:07:36:20 -0700] "GET /resorts?resort=porcupine&date=2013-12-29 HTTP/1.1" 404 506 "-" "Mozilla/5.0 (iPhone; CPU iPhone OS 6_0 like Mac OS X) AppleWebKit/536.26 (KHTML, like Gecko) Version/6.0 Mobile/10A5376e Safari/8536.25 (compatible; Googlebot/2.1; +http://www.google.com/bot.html)"
24.180.42.102 - - [20/May/2015:07:37:28 -0700] "-" 408 0 "-" "-"
186.128.150.146 - - [20/May/2015:07:44:38 -0700] "GET /images/wsis-logo-sm.png HTTP/1.1" 200 6108 "http://www.thebackcountry.net/" "Mozilla/5.0 (Macintosh; Intel Mac OS X 10_9_5) AppleWebKit/537.36 (KHTML, like Gecko) Chrome/42.0.2311.90 Safari/537.36"
24.32.26.150 - - [20/May/2015:07:45:32 -0700] "GET /images/wsis-logo-sm.png HTTP/1.1" 200 6108 "http://www.thebackcountry.net/" "Mozilla/5.0 (Windows NT 6.3; WOW64) AppleWebKit/537.36 (KHTML, like Gecko) Chrome/42.0.2311.152 Safari/537.36"
107.144.79.105 - - [20/May/2015:07:46:02 -0700] "GET /images/wsis-logo-sm.png HTTP/1.1" 200 6108 "http://www.thebackcountry.net/" "Mozilla/5.0 (Windows NT 6.1; WOW64) AppleWebKit/537.36 (KHTML, like Gecko) Chrome/42.0.2311.152 Safari/537.36"
66.249.79.14 - - [20/May/2015:07:48:51 -0700] "GET /resorts?resort=hyland&date=2014-02-17 HTTP/1.1" 404 506 "-" "Mozilla/5.0 (iPhone; CPU iPhone OS 6_0 like Mac OS X) AppleWebKit/536.26 (KHTML, like Gecko) Version/6.0 Mobile/10A5376e Safari/8536.25 (compatible; Googlebot/2.1; +http://www.google.com/bot.html)"
130.211.131.189 - - [20/May/2015:07:49:11 -0700] "GET / HTTP/1.0" 200 6151 "-" "NerdyBot"
107.144.79.105 - - [20/May/2015:07:49:26 -0700] "GET /images/wsis-logo-sm.png HTTP/1.1" 200 6108 "http://www.thebackcountry.net/" "Mozilla/5.0 (Macintosh; Intel Mac OS X 10_8_5) AppleWebKit/537.36 (KHTML, like Gecko) Chrome/43.0.2357.65 Safari/537.36"
66.249.79.250 - - [20/May/2015:08:01:21 -0700] "GET /resorts?resort=belleayre&date=2014-02-05 HTTP/1.1" 404 506 "-" "Mozilla/5.0 (iPhone; CPU iPhone OS 6_0 like Mac OS X) AppleWebKit/536.26 (KHTML, like Gecko) Version/6.0 Mobile/10A5376e Safari/8536.25 (compatible; Googlebot/2.1; +http://www.google.com/bot.html)"
61.135.190.219 - - [20/May/2015:08:01:41 -0700] "GET / HTTP/1.1" 200 2376 "http://www.baidu.com/s?wd=WhereShouldISki-WeatherData-DrivenRecommendationsforSkiing" "Mozilla/5.0 (Windows NT 6.1; WOW64) AppleWebKit/537.36 (KHTML, like Gecko) Chrome/36.0.1985.143 Safari/537.36"
61.135.190.219 - - [20/May/2015:08:01:44 -0700] "GET /bower_components/requirejs/require.js HTTP/1.1" 200 6701 "http://www.whereshouldiski.com/" "Mozilla/5.0 (Windows NT 6.1; WOW64) AppleWebKit/537.36 (KHTML, like Gecko) Chrome/36.0.1985.143 Safari/537.36"
61.135.190.219 - - [20/May/2015:08:01:44 -0700] "GET /scripts/fa48e319.main.js HTTP/1.1" 200 123455 "http://www.whereshouldiski.com/" "Mozilla/5.0 (Windows NT 6.1; WOW64) AppleWebKit/537.36 (KHTML, like Gecko) Chrome/36.0.1985.143 Safari/537.36"
61.135.190.103 - - [20/May/2015:08:01:47 -0700] "GET /lib/reccapi.php?fields=t HTTP/1.1" 200 1713 "http://www.whereshouldiski.com/" "Mozilla/5.0 (Windows NT 6.1; WOW64) AppleWebKit/537.36 (KHTML, like Gecko) Chrome/36.0.1985.143 Safari/537.36"
123.125.71.92 - - [20/May/2015:08:03:46 -0700] "-" 408 0 "-" "-"
220.181.108.82 - - [20/May/2015:08:09:26 -0700] "-" 408 0 "-" "-"
207.46.13.8 - - [20/May/2015:08:11:37 -0700] "GET /robots.txt HTTP/1.1" 200 375 "-" "Mozilla/5.0 (compatible; bingbot/2.0; +http://www.bing.com/bingbot.htm)"
207.46.13.8 - - [20/May/2015:08:11:48 -0700] "GET / HTTP/1.1" 200 2376 "-" "Mozilla/5.0 (compatible; bingbot/2.0; +http://www.bing.com/bingbot.htm)"
208.115.111.66 - - [20/May/2015:08:12:10 -0700] "GET /robots.txt HTTP/1.1" 200 319 "-" "Mozilla/5.0 (compatible; DotBot/1.1; http://www.opensiteexplorer.org/dotbot, help@moz.com)"
66.249.79.250 - - [20/May/2015:08:13:53 -0700] "GET /resorts?resort=bridgerbowl&date=2014-02-01 HTTP/1.1" 404 506 "-" "Mozilla/5.0 (iPhone; CPU iPhone OS 6_0 like Mac OS X) AppleWebKit/536.26 (KHTML, like Gecko) Version/6.0 Mobile/10A5376e Safari/8536.25 (compatible; Googlebot/2.1; +http://www.google.com/bot.html)"
66.249.79.250 - - [20/May/2015:08:26:26 -0700] "GET /resorts?resort=brundage&date=2013-12-13 HTTP/1.1" 404 506 "-" "Mozilla/5.0 (iPhone; CPU iPhone OS 6_0 like Mac OS X) AppleWebKit/536.26 (KHTML, like Gecko) Version/6.0 Mobile/10A5376e Safari/8536.25 (compatible; Googlebot/2.1; +http://www.google.com/bot.html)"
171.66.67.3 - - [20/May/2015:08:34:43 -0700] "GET /images/wsis-logo-sm.png HTTP/1.1" 200 6108 "http://www.thebackcountry.net/" "Mozilla/5.0 (Macintosh; Intel Mac OS X 10_10_2) AppleWebKit/537.36 (KHTML, like Gecko) Chrome/42.0.2311.152 Safari/537.36"
