127.0.0.1 - - [04/Oct/2015:06:29:17 -0700] "OPTIONS * HTTP/1.0" 200 126 "-" "Apache/2.2.22 (Ubuntu) (internal dummy connection)"
180.76.15.162 - - [04/Oct/2015:06:51:06 -0700] "GET / HTTP/1.1" 200 6114 "-" "Mozilla/5.0 (compatible; Baiduspider/2.0; +http://www.baidu.com/search/spider.html)"
180.76.15.31 - - [04/Oct/2015:06:52:18 -0700] "GET / HTTP/1.1" 200 6114 "-" "Mozilla/5.0 (compatible; Baiduspider/2.0; +http://www.baidu.com/search/spider.html)"
66.249.75.40 - - [04/Oct/2015:06:53:32 -0700] "GET /robots.txt HTTP/1.1" 200 419 "-" "Mozilla/5.0 (compatible; Googlebot/2.1; +http://www.google.com/bot.html)"
66.249.75.56 - - [04/Oct/2015:06:53:32 -0700] "GET /resorts?resort=snowbird&date=2014-01-29 HTTP/1.1" 404 506 "-" "Mozilla/5.0 (iPhone; CPU iPhone OS 8_3 like Mac OS X) AppleWebKit/600.1.4 (KHTML, like Gecko) Version/8.0 Mobile/12F70 Safari/600.1.4 (compatible; Googlebot/2.1; +http://www.google.com/bot.html)"
170.75.162.130 - - [04/Oct/2015:06:59:04 -0700] "GET /lib/reccapi.php?resort=devilshead HTTP/1.1" 200 943 "-" "node-superagent/0.18.2"
68.53.67.135 - - [04/Oct/2015:06:59:06 -0700] "GET /images/wsis-logo-sm.png HTTP/1.1" 200 6108 "http://www.thebackcountry.net/" "Mozilla/5.0 (Windows NT 10.0; WOW64) AppleWebKit/537.36 (KHTML, like Gecko) Chrome/45.0.2454.101 Safari/537.36"
170.75.162.130 - - [04/Oct/2015:07:05:35 -0700] "GET /lib/reccapi.php?resort=heavenly HTTP/1.1" 200 1082 "-" "node-superagent/0.18.2"
104.154.90.234 - - [04/Oct/2015:07:29:35 -0700] "GET / HTTP/1.0" 200 6151 "-" "NerdyBot"
176.251.176.20 - - [04/Oct/2015:07:33:23 -0700] "GET /images/wsis-logo-sm.png HTTP/1.1" 200 6108 "http://www.thebackcountry.net/" "Mozilla/5.0 (iPad; CPU OS 8_4_1 like Mac OS X) AppleWebKit/600.1.4 (KHTML, like Gecko) Version/8.0 Mobile/12H321 Safari/600.1.4"
66.249.75.40 - - [04/Oct/2015:07:36:13 -0700] "GET / HTTP/1.1" 200 2376 "-" "Mozilla/5.0 (compatible; Googlebot/2.1; +http://www.google.com/bot.html)"
180.76.15.34 - - [04/Oct/2015:07:41:47 -0700] "GET / HTTP/1.1" 200 6114 "-" "Mozilla/5.0 (compatible; Baiduspider/2.0; +http://www.baidu.com/search/spider.html)"
180.76.15.15 - - [04/Oct/2015:07:42:39 -0700] "GET / HTTP/1.1" 200 6114 "-" "Mozilla/5.0 (compatible; Baiduspider/2.0; +http://www.baidu.com/search/spider.html)"
66.249.75.205 - - [04/Oct/2015:08:00:55 -0700] "GET /robots.txt HTTP/1.1" 200 419 "-" "Mozilla/5.0 (compatible; Googlebot/2.1; +http://www.google.com/bot.html)"
66.249.75.205 - - [04/Oct/2015:08:00:55 -0700] "GET / HTTP/1.1" 200 2375 "-" "Mozilla/5.0 (compatible; Googlebot/2.1; +http://www.google.com/bot.html)"
66.249.75.48 - - [04/Oct/2015:08:12:46 -0700] "GET /resorts?resort=belleayre&date=2014-02-05 HTTP/1.1" 404 506 "-" "Mozilla/5.0 (iPhone; CPU iPhone OS 8_3 like Mac OS X) AppleWebKit/600.1.4 (KHTML, like Gecko) Version/8.0 Mobile/12F70 Safari/600.1.4 (compatible; Googlebot/2.1; +http://www.google.com/bot.html)"
71.140.31.214 - - [04/Oct/2015:08:18:53 -0700] "GET /images/wsis-logo-sm.png HTTP/1.1" 200 6108 "http://thebackcountry.net/" "Mozilla/4.0 (compatible; MSIE 8.0; Windows NT 5.1; Trident/4.0; .NET CLR 2.0.50727; .NET CLR 3.0.4506.2152; .NET CLR 3.5.30729; 786908940603; Build/14.08001)"
98.127.98.108 - - [04/Oct/2015:08:27:18 -0700] "GET /images/wsis-logo-sm.png HTTP/1.1" 200 6108 "http://www.thebackcountry.net/" "Mozilla/5.0 (Macintosh; Intel Mac OS X 10_10_5) AppleWebKit/600.8.9 (KHTML, like Gecko) Version/8.0.8 Safari/600.8.9"
170.75.162.130 - - [04/Oct/2015:08:34:06 -0700] "GET /lib/reccapi.php?resort=whitefacemountain HTTP/1.1" 200 968 "-" "node-superagent/0.18.2"
170.75.162.130 - - [04/Oct/2015:08:38:26 -0700] "GET /lib/reccapi.php?resort=alyeska HTTP/1.1" 200 996 "-" "node-superagent/0.18.2"
180.76.15.146 - - [04/Oct/2015:08:43:17 -0700] "GET / HTTP/1.1" 200 6114 "-" "Mozilla/5.0 (compatible; Baiduspider/2.0; +http://www.baidu.com/search/spider.html)"
180.76.15.154 - - [04/Oct/2015:08:44:07 -0700] "GET / HTTP/1.1" 200 6114 "-" "Mozilla/5.0 (compatible; Baiduspider/2.0; +http://www.baidu.com/search/spider.html)"
186.181.218.249 - - [04/Oct/2015:09:17:18 -0700] "GET / HTTP/1.1" 200 2376 "http://success-seo.com/try.php?u=http://whereshouldiski.com" "Mozilla/5.0 (Windows NT 6.1; WOW64) AppleWebKit/537.36 (KHTML, like Gecko) Chrome/36.0.1985.143 Safari/537.36"
186.181.218.249 - - [04/Oct/2015:09:17:19 -0700] "GET /styles/0fffd548.main.css HTTP/1.1" 200 19316 "http://whereshouldiski.com/" "Mozilla/5.0 (Windows NT 6.1; WOW64) AppleWebKit/537.36 (KHTML, like Gecko) Chrome/36.0.1985.143 Safari/537.36"
186.181.218.249 - - [04/Oct/2015:09:17:21 -0700] "GET /bower_components/requirejs/require.js HTTP/1.1" 200 6702 "http://whereshouldiski.com/" "Mozilla/5.0 (Windows NT 6.1; WOW64) AppleWebKit/537.36 (KHTML, like Gecko) Chrome/36.0.1985.143 Safari/537.36"
186.181.218.249 - - [04/Oct/2015:09:17:21 -0700] "GET /scripts/scripts/vendor/modernizr.js HTTP/1.1" 200 4903 "http://whereshouldiski.com/" "Mozilla/5.0 (Windows NT 6.1; WOW64) AppleWebKit/537.36 (KHTML, like Gecko) Chrome/36.0.1985.143 Safari/537.36"
66.249.75.56 - - [04/Oct/2015:09:31:19 -0700] "GET /resorts?resort=windham&date=2014-02-05 HTTP/1.1" 404 506 "-" "Mozilla/5.0 (iPhone; CPU iPhone OS 8_3 like Mac OS X) AppleWebKit/600.1.4 (KHTML, like Gecko) Version/8.0 Mobile/12F70 Safari/600.1.4 (compatible; Googlebot/2.1; +http://www.google.com/bot.html)"
75.142.246.231 - - [04/Oct/2015:09:36:26 -0700] "GET /images/wsis-logo-sm.png HTTP/1.1" 200 6108 "http://www.thebackcountry.net/" "Mozilla/5.0 (Macintosh; Intel Mac OS X 10_10_5) AppleWebKit/601.1.56 (KHTML, like Gecko) Version/9.0 Safari/601.1.56"
75.128.74.249 - - [04/Oct/2015:09:39:54 -0700] "GET /images/wsis-logo-sm.png HTTP/1.1" 200 6108 "http://www.thebackcountry.net/" "Mozilla/5.0 (iPhone; CPU iPhone OS 9_0_1 like Mac OS X) AppleWebKit/601.1.46 (KHTML, like Gecko) Version/9.0 Mobile/13A404 Safari/601.1"
207.46.13.173 - - [04/Oct/2015:09:48:32 -0700] "GET /about HTTP/1.1" 404 506 "-" "Mozilla/5.0 (compatible; bingbot/2.0; +http://www.bing.com/bingbot.htm)"
180.76.15.136 - - [04/Oct/2015:09:50:37 -0700] "GET / HTTP/1.1" 200 6114 "-" "Mozilla/5.0 (compatible; Baiduspider/2.0; +http://www.baidu.com/search/spider.html)"
180.76.15.9 - - [04/Oct/2015:09:51:39 -0700] "GET / HTTP/1.1" 200 6114 "-" "Mozilla/5.0 (compatible; Baiduspider/2.0; +http://www.baidu.com/search/spider.html)"
66.249.75.40 - - [04/Oct/2015:09:52:22 -0700] "GET /sitemap.xml HTTP/1.1" 404 507 "-" "Mozilla/5.0 (compatible; Googlebot/2.1; +http://www.google.com/bot.html)"
170.75.162.130 - - [04/Oct/2015:09:56:05 -0700] "GET /lib/reccapi.php?resort=redlodge HTTP/1.1" 200 1113 "-" "node-superagent/0.18.2"
170.75.162.130 - - [04/Oct/2015:09:56:05 -0700] "GET /lib/reccapi.php?resort=redmountain HTTP/1.1" 200 900 "-" "node-superagent/0.18.2"
170.75.162.130 - - [04/Oct/2015:09:56:05 -0700] "GET /lib/reccapi.php?resort=silverstarmountain HTTP/1.1" 200 924 "-" "node-superagent/0.18.2"
170.75.162.130 - - [04/Oct/2015:09:56:05 -0700] "GET /lib/reccapi.php?resort=bigsky HTTP/1.1" 200 996 "-" "node-superagent/0.18.2"
170.75.162.130 - - [04/Oct/2015:09:56:05 -0700] "GET /lib/reccapi.php?resort=sunpeaksresort HTTP/1.1" 200 909 "-" "node-superagent/0.18.2"
170.75.162.130 - - [04/Oct/2015:09:56:05 -0700] "GET /lib/reccapi.php?resort=whistlerblackcomb HTTP/1.1" 200 921 "-" "node-superagent/0.18.2"
170.75.162.130 - - [04/Oct/2015:09:57:45 -0700] "GET /lib/reccapi.php?resort=stevenspass HTTP/1.1" 200 951 "-" "node-superagent/0.18.2"
12.176.157.199 - - [04/Oct/2015:09:57:55 -0700] "GET /images/wsis-logo-sm.png HTTP/1.1" 200 6108 "http://www.thebackcountry.net/" "Mozilla/5.0 (Macintosh; Intel Mac OS X 10_10_3) AppleWebKit/537.36 (KHTML, like Gecko) Chrome/45.0.2454.93 Safari/537.36"
170.75.162.130 - - [04/Oct/2015:10:05:06 -0700] "GET /lib/reccapi.php?resort=mounthoodmeadows HTTP/1.1" 200 989 "-" "node-superagent/0.18.2"
187.66.122.235 - - [04/Oct/2015:10:13:01 -0700] "GET / HTTP/1.1" 200 2376 "http://success-seo.com/try.php?u=http://whereshouldiski.com" "Mozilla/5.0 (Windows NT 6.1; WOW64) AppleWebKit/537.36 (KHTML, like Gecko) Chrome/36.0.1985.143 Safari/537.36"
187.66.122.235 - - [04/Oct/2015:10:13:02 -0700] "GET /styles/0fffd548.main.css HTTP/1.1" 200 19316 "http://whereshouldiski.com/" "Mozilla/5.0 (Windows NT 6.1; WOW64) AppleWebKit/537.36 (KHTML, like Gecko) Chrome/36.0.1985.143 Safari/537.36"
187.66.122.235 - - [04/Oct/2015:10:13:02 -0700] "GET /bower_components/requirejs/require.js HTTP/1.1" 200 6702 "http://whereshouldiski.com/" "Mozilla/5.0 (Windows NT 6.1; WOW64) AppleWebKit/537.36 (KHTML, like Gecko) Chrome/36.0.1985.143 Safari/537.36"
187.66.122.235 - - [04/Oct/2015:10:13:02 -0700] "GET /scripts/scripts/vendor/modernizr.js HTTP/1.1" 200 4903 "http://whereshouldiski.com/" "Mozilla/5.0 (Windows NT 6.1; WOW64) AppleWebKit/537.36 (KHTML, like Gecko) Chrome/36.0.1985.143 Safari/537.36"
187.66.122.235 - - [04/Oct/2015:10:13:03 -0700] "GET /images/logo-sm.png HTTP/1.1" 200 16737 "http://whereshouldiski.com/" "Mozilla/5.0 (Windows NT 6.1; WOW64) AppleWebKit/537.36 (KHTML, like Gecko) Chrome/36.0.1985.143 Safari/537.36"
187.66.122.235 - - [04/Oct/2015:10:13:03 -0700] "GET /images/loading.gif HTTP/1.1" 200 13881 "http://whereshouldiski.com/" "Mozilla/5.0 (Windows NT 6.1; WOW64) AppleWebKit/537.36 (KHTML, like Gecko) Chrome/36.0.1985.143 Safari/537.36"
187.66.122.235 - - [04/Oct/2015:10:13:04 -0700] "GET /scripts/fa48e319.main.js HTTP/1.1" 200 123455 "http://whereshouldiski.com/" "Mozilla/5.0 (Windows NT 6.1; WOW64) AppleWebKit/537.36 (KHTML, like Gecko) Chrome/36.0.1985.143 Safari/537.36"
187.66.122.235 - - [04/Oct/2015:10:13:07 -0700] "GET /lib/reccapi.php?fields=t HTTP/1.1" 200 1766 "http://whereshouldiski.com/" "Mozilla/5.0 (Windows NT 6.1; WOW64) AppleWebKit/537.36 (KHTML, like Gecko) Chrome/36.0.1985.143 Safari/537.36"
187.66.122.235 - - [04/Oct/2015:10:13:07 -0700] "GET /images/button.png HTTP/1.1" 200 598 "http://whereshouldiski.com/" "Mozilla/5.0 (Windows NT 6.1; WOW64) AppleWebKit/537.36 (KHTML, like Gecko) Chrome/36.0.1985.143 Safari/537.36"
187.66.122.235 - - [04/Oct/2015:10:13:08 -0700] "GET /images/greyHeader.png HTTP/1.1" 200 508 "http://whereshouldiski.com/" "Mozilla/5.0 (Windows NT 6.1; WOW64) AppleWebKit/537.36 (KHTML, like Gecko) Chrome/36.0.1985.143 Safari/537.36"
187.66.122.235 - - [04/Oct/2015:10:13:08 -0700] "GET /images/star5.png HTTP/1.1" 200 1783 "http://whereshouldiski.com/" "Mozilla/5.0 (Windows NT 6.1; WOW64) AppleWebKit/537.36 (KHTML, like Gecko) Chrome/36.0.1985.143 Safari/537.36"
187.66.122.235 - - [04/Oct/2015:10:13:08 -0700] "GET /images/snowflake5.png HTTP/1.1" 200 2857 "http://whereshouldiski.com/" "Mozilla/5.0 (Windows NT 6.1; WOW64) AppleWebKit/537.36 (KHTML, like Gecko) Chrome/36.0.1985.143 Safari/537.36"
187.66.122.235 - - [04/Oct/2015:10:13:08 -0700] "GET /images/mtns-icon.png HTTP/1.1" 200 1097 "http://whereshouldiski.com/" "Mozilla/5.0 (Windows NT 6.1; WOW64) AppleWebKit/537.36 (KHTML, like Gecko) Chrome/36.0.1985.143 Safari/537.36"
187.66.122.235 - - [04/Oct/2015:10:13:08 -0700] "GET /images/bluebird5.png HTTP/1.1" 200 2178 "http://whereshouldiski.com/" "Mozilla/5.0 (Windows NT 6.1; WOW64) AppleWebKit/537.36 (KHTML, like Gecko) Chrome/36.0.1985.143 Safari/537.36"
187.66.122.235 - - [04/Oct/2015:10:13:08 -0700] "GET /images/shading-icon.png HTTP/1.1" 200 537 "http://whereshouldiski.com/" "Mozilla/5.0 (Windows NT 6.1; WOW64) AppleWebKit/537.36 (KHTML, like Gecko) Chrome/36.0.1985.143 Safari/537.36"
127.0.0.1 - - [04/Oct/2015:10:13:14 -0700] "OPTIONS * HTTP/1.0" 200 126 "-" "Apache/2.2.22 (Ubuntu) (internal dummy connection)"
170.75.162.130 - - [04/Oct/2015:10:13:47 -0700] "GET /lib/reccapi.php?resort=monarch HTTP/1.1" 200 1028 "-" "node-superagent/0.18.2"
24.32.24.191 - - [04/Oct/2015:10:27:05 -0700] "GET /images/wsis-logo-sm.png HTTP/1.1" 200 6108 "http://www.thebackcountry.net/" "Mozilla/5.0 (Macintosh; Intel Mac OS X 10.8; rv:41.0) Gecko/20100101 Firefox/41.0"
108.238.94.14 - - [04/Oct/2015:10:29:21 -0700] "GET /images/wsis-logo-sm.png HTTP/1.1" 200 6108 "http://www.thebackcountry.net/" "Mozilla/5.0 (iPad; CPU OS 8_1_1 like Mac OS X) AppleWebKit/600.1.4 (KHTML, like Gecko) Version/8.0 Mobile/12B435 Safari/600.1.4"
170.75.162.130 - - [04/Oct/2015:10:35:10 -0700] "GET /lib/reccapi.php?resort=winterpark HTTP/1.1" 200 1053 "-" "node-superagent/0.18.2"
170.75.162.130 - - [04/Oct/2015:10:44:31 -0700] "GET /lib/reccapi.php?resort=arapahoebasin HTTP/1.1" 200 1042 "-" "node-superagent/0.18.2"
170.75.162.130 - - [04/Oct/2015:10:44:31 -0700] "GET /lib/reccapi.php?resort=canyons HTTP/1.1" 200 1004 "-" "node-superagent/0.18.2"
170.75.162.130 - - [04/Oct/2015:10:44:31 -0700] "GET /lib/reccapi.php?resort=kirkwood HTTP/1.1" 200 1115 "-" "node-superagent/0.18.2"
170.75.162.130 - - [04/Oct/2015:10:44:31 -0700] "GET /lib/reccapi.php?resort=northstar-at-tahoe HTTP/1.1" 200 1021 "-" "node-superagent/0.18.2"
170.75.162.130 - - [04/Oct/2015:10:44:31 -0700] "GET /lib/reccapi.php?resort=keystone HTTP/1.1" 200 1070 "-" "node-superagent/0.18.2"
170.75.162.130 - - [04/Oct/2015:10:47:31 -0700] "GET /lib/reccapi.php?resort=snowbird HTTP/1.1" 200 1013 "-" "node-superagent/0.18.2"
66.249.75.40 - - [04/Oct/2015:10:56:40 -0700] "GET / HTTP/1.1" 200 2376 "-" "Mozilla/5.0 (iPhone; CPU iPhone OS 8_3 like Mac OS X) AppleWebKit/600.1.4 (KHTML, like Gecko) Version/8.0 Mobile/12F70 Safari/600.1.4 (compatible; Googlebot/2.1; +http://www.google.com/bot.html)"
185.25.151.159 - - [04/Oct/2015:10:58:47 -0700] "GET http://testp5.mielno.lubin.pl/testproxy.php HTTP/1.1" 404 452 "-" "Mozilla/5.0 (Windows NT 5.1; rv:32.0) Gecko/20100101 Firefox/31.0"
180.76.15.26 - - [04/Oct/2015:11:02:23 -0700] "GET / HTTP/1.1" 200 2339 "-" "Mozilla/5.0 (compatible; Baiduspider/2.0; +http://www.baidu.com/search/spider.html)"
71.9.18.236 - - [04/Oct/2015:11:04:00 -0700] "GET /images/wsis-logo-sm.png HTTP/1.1" 200 6108 "http://www.thebackcountry.net/" "Mozilla/5.0 (Macintosh; Intel Mac OS X 10_9_5) AppleWebKit/601.1.56 (KHTML, like Gecko) Version/9.0 Safari/537.86.1"
50.174.176.66 - - [04/Oct/2015:11:05:21 -0700] "GET /images/wsis-logo-sm.png HTTP/1.1" 200 6108 "http://www.thebackcountry.net/" "Mozilla/5.0 (Macintosh; U; PPC Mac OS X; en) AppleWebKit/419.3 (KHTML, like Gecko) Safari/419.3"
142.4.214.124 - - [04/Oct/2015:11:09:53 -0700] "GET /robots.txt HTTP/1.0" 200 338 "-" "Mozilla/5.0 (compatible; MJ12bot/v1.4.5; http://www.majestic12.co.uk/bot.php?+)"
142.4.214.124 - - [04/Oct/2015:11:10:04 -0700] "GET /resorts?resort=kirkwood HTTP/1.0" 404 495 "-" "Mozilla/5.0 (compatible; MJ12bot/v1.4.5; http://www.majestic12.co.uk/bot.php?+)"
142.4.214.124 - - [04/Oct/2015:11:10:12 -0700] "GET /resorts?resort=northstar-at-tahoe HTTP/1.0" 404 469 "-" "Mozilla/5.0 (compatible; MJ12bot/v1.4.5; http://www.majestic12.co.uk/bot.php?+)"
142.4.214.124 - - [04/Oct/2015:11:10:23 -0700] "GET /resorts?resort=parkcity HTTP/1.0" 404 469 "-" "Mozilla/5.0 (compatible; MJ12bot/v1.4.5; http://www.majestic12.co.uk/bot.php?+)"
142.4.214.124 - - [04/Oct/2015:11:10:30 -0700] "GET /resorts?resort=sierra-at-tahoe HTTP/1.0" 404 469 "-" "Mozilla/5.0 (compatible; MJ12bot/v1.4.5; http://www.majestic12.co.uk/bot.php?+)"
142.4.214.124 - - [04/Oct/2015:11:10:35 -0700] "GET /resorts?resort=smugglersnotch HTTP/1.0" 404 469 "-" "Mozilla/5.0 (compatible; MJ12bot/v1.4.5; http://www.majestic12.co.uk/bot.php?+)"
170.75.162.130 - - [04/Oct/2015:11:15:44 -0700] "GET /lib/reccapi.php?resort=alpinemeadows HTTP/1.1" 200 1030 "-" "node-superagent/0.18.2"
170.75.162.130 - - [04/Oct/2015:11:20:05 -0700] "GET /lib/reccapi.php?resort=diamondpeak HTTP/1.1" 200 992 "-" "node-superagent/0.18.2"
170.75.162.130 - - [04/Oct/2015:11:27:56 -0700] "GET /lib/reccapi.php?resort=alta HTTP/1.1" 200 1009 "-" "node-superagent/0.18.2"
170.75.162.130 - - [04/Oct/2015:11:27:56 -0700] "GET /lib/reccapi.php?resort=killington HTTP/1.1" 200 954 "-" "node-superagent/0.18.2"
170.75.162.130 - - [04/Oct/2015:11:27:56 -0700] "GET /lib/reccapi.php?resort=sugarloaf HTTP/1.1" 200 945 "-" "node-superagent/0.18.2"
157.55.39.47 - - [04/Oct/2015:11:47:18 -0700] "GET /robots.txt HTTP/1.1" 200 375 "-" "Mozilla/5.0 (compatible; bingbot/2.0; +http://www.bing.com/bingbot.htm)"
170.75.162.130 - - [04/Oct/2015:11:49:08 -0700] "GET /lib/reccapi.php?resort=aspenmountain HTTP/1.1" 200 1052 "-" "node-superagent/0.18.2"
170.75.162.130 - - [04/Oct/2015:11:49:28 -0700] "GET /lib/reccapi.php?resort=homewoodmountain HTTP/1.1" 200 1041 "-" "node-superagent/0.18.2"
170.75.162.130 - - [04/Oct/2015:11:56:09 -0700] "GET /lib/reccapi.php?resort=sierra-at-tahoe HTTP/1.1" 200 1094 "-" "node-superagent/0.18.2"
170.75.162.130 - - [04/Oct/2015:11:56:09 -0700] "GET /lib/reccapi.php?resort=mammothmountain HTTP/1.1" 200 1074 "-" "node-superagent/0.18.2"
170.75.162.130 - - [04/Oct/2015:11:56:09 -0700] "GET /lib/reccapi.php?resort=squawvalleyusa HTTP/1.1" 200 1035 "-" "node-superagent/0.18.2"
170.75.162.130 - - [04/Oct/2015:11:59:29 -0700] "GET /lib/reccapi.php?resort=coppermountain HTTP/1.1" 200 1052 "-" "node-superagent/0.18.2"
170.75.162.130 - - [04/Oct/2015:11:59:29 -0700] "GET /lib/reccapi.php?resort=loveland HTTP/1.1" 200 1078 "-" "node-superagent/0.18.2"
180.76.15.20 - - [04/Oct/2015:12:00:21 -0700] "GET / HTTP/1.1" 200 6114 "-" "Mozilla/5.0 (compatible; Baiduspider/2.0; +http://www.baidu.com/search/spider.html)"
180.76.15.10 - - [04/Oct/2015:12:00:33 -0700] "GET / HTTP/1.1" 200 6114 "-" "Mozilla/5.0 (compatible; Baiduspider/2.0; +http://www.baidu.com/search/spider.html)"
166.216.157.79 - - [04/Oct/2015:12:08:44 -0700] "GET /images/wsis-logo-sm.png HTTP/1.1" 200 6108 "http://www.thebackcountry.net/" "Mozilla/5.0 (Linux; Android 5.0; SAMSUNG-SM-G870A Build/LRX21T) AppleWebKit/537.36 (KHTML, like Gecko) SamsungBrowser/2.1 Chrome/34.0.1847.76 Mobile Safari/537.36"
66.249.69.10 - - [04/Oct/2015:12:10:16 -0700] "GET /robots.txt HTTP/1.1" 200 419 "-" "Mozilla/5.0 (compatible; Googlebot/2.1; +http://www.google.com/bot.html)"
66.249.69.2 - - [04/Oct/2015:12:10:16 -0700] "GET /lib/resortDataSearch.php?resort=sierra-at-tahoe&dateStart=2013-11-26&dateMax=2013-12-06&size=30 HTTP/1.1" 200 331 "-" "Mozilla/5.0 (compatible; Googlebot/2.1; +http://www.google.com/bot.html)"
170.75.162.130 - - [04/Oct/2015:12:10:21 -0700] "GET /lib/reccapi.php?resort=cannonmountain HTTP/1.1" 200 944 "-" "node-superagent/0.18.2"
66.249.75.48 - - [04/Oct/2015:12:14:44 -0700] "GET /resorts?resort=cannonmountain HTTP/1.1" 404 506 "-" "Mozilla/5.0 (compatible; Googlebot/2.1; +http://www.google.com/bot.html)"
170.75.162.130 - - [04/Oct/2015:12:29:03 -0700] "GET /lib/reccapi.php?resort=mountbachelor HTTP/1.1" 200 969 "-" "node-superagent/0.18.2"
170.75.162.130 - - [04/Oct/2015:12:29:13 -0700] "GET /lib/reccapi.php?resort=jacksonhole HTTP/1.1" 200 1069 "-" "node-superagent/0.18.2"
190.108.116.75 - - [04/Oct/2015:12:30:10 -0700] "GET /images/wsis-logo-sm.png HTTP/1.1" 200 6108 "http://thebackcountry.net/" "Mozilla/5.0 (Windows NT 6.1; WOW64) AppleWebKit/537.36 (KHTML, like Gecko) Chrome/36.0.1985.143 Safari/537.36"
170.75.162.130 - - [04/Oct/2015:12:32:13 -0700] "GET /lib/reccapi.php?resort=schweitzer HTTP/1.1" 200 956 "-" "node-superagent/0.18.2"
170.75.162.130 - - [04/Oct/2015:12:32:13 -0700] "GET /lib/reccapi.php?resort=sunvalley HTTP/1.1" 200 995 "-" "node-superagent/0.18.2"
77.75.77.109 - - [04/Oct/2015:12:33:05 -0700] "GET /robots.txt HTTP/1.1" 200 419 "-" "Mozilla/5.0 (compatible; SeznamBot/3.2; +http://fulltext.sblog.cz/)"
77.75.77.109 - - [04/Oct/2015:12:33:06 -0700] "GET /about HTTP/1.1" 404 505 "-" "Mozilla/5.0 (compatible; SeznamBot/3.2; +http://fulltext.sblog.cz/)"
141.8.143.217 - - [04/Oct/2015:12:40:36 -0700] "GET /robots.txt HTTP/1.1" 200 375 "-" "Mozilla/5.0 (compatible; YandexBot/3.0; +http://yandex.com/bots)"
170.75.162.130 - - [04/Oct/2015:13:03:17 -0700] "GET /lib/reccapi.php?resort=49degreesnorth HTTP/1.1" 200 983 "-" "node-superagent/0.18.2"
170.75.162.130 - - [04/Oct/2015:13:03:17 -0700] "GET /lib/reccapi.php?resort=mountspokane HTTP/1.1" 200 983 "-" "node-superagent/0.18.2"
170.75.162.130 - - [04/Oct/2015:13:05:18 -0700] "GET /lib/reccapi.php?resort=whitefacemountain HTTP/1.1" 200 960 "-" "node-superagent/0.18.2"
66.249.69.2 - - [04/Oct/2015:13:37:55 -0700] "GET /lib/resortDataSearch.php?resort=bogusbasin&dateStart=2014-11-07&dateMax=2014-11-17&size=30 HTTP/1.1" 200 331 "-" "Mozilla/5.0 (compatible; Googlebot/2.1; +http://www.google.com/bot.html)"
70.214.32.71 - - [04/Oct/2015:13:50:28 -0700] "GET /images/wsis-logo-sm.png HTTP/1.1" 200 6108 "http://www.thebackcountry.net/" "Mozilla/5.0 (iPhone; CPU iPhone OS 9_0_2 like Mac OS X) AppleWebKit/601.1.46 (KHTML, like Gecko) Version/9.0 Mobile/13A452 Safari/601.1"
75.159.52.164 - - [04/Oct/2015:13:51:57 -0700] "GET /images/wsis-logo-sm.png HTTP/1.1" 200 6108 "http://www.thebackcountry.net/" "Mozilla/5.0 (Macintosh; Intel Mac OS X 10_10_2) AppleWebKit/600.4.10 (KHTML, like Gecko) Version/8.0.4 Safari/600.4.10"
180.76.15.154 - - [04/Oct/2015:13:53:46 -0700] "GET / HTTP/1.1" 200 6114 "-" "Mozilla/5.0 (compatible; Baiduspider/2.0; +http://www.baidu.com/search/spider.html)"
180.76.15.12 - - [04/Oct/2015:13:54:57 -0700] "GET / HTTP/1.1" 200 6114 "-" "Mozilla/5.0 (compatible; Baiduspider/2.0; +http://www.baidu.com/search/spider.html)"
170.75.162.130 - - [04/Oct/2015:13:56:03 -0700] "GET /lib/reccapi.php?resort=hoodoo HTTP/1.1" 200 961 "-" "node-superagent/0.18.2"
170.75.162.130 - - [04/Oct/2015:14:00:04 -0700] "GET /lib/reccapi.php?resort=brianhead HTTP/1.1" 200 1083 "-" "node-superagent/0.18.2"
141.8.143.217 - - [04/Oct/2015:14:01:20 -0700] "GET /resorts?resort=whistlerblackcomb HTTP/1.1" 404 506 "-" "Mozilla/5.0 (compatible; YandexBot/3.0; +http://yandex.com/bots)"
170.75.162.130 - - [04/Oct/2015:14:02:04 -0700] "GET /lib/reccapi.php?resort=madriverglen HTTP/1.1" 200 956 "-" "node-superagent/0.18.2"
170.75.162.130 - - [04/Oct/2015:14:02:04 -0700] "GET /lib/reccapi.php?resort=smugglersnotch HTTP/1.1" 200 964 "-" "node-superagent/0.18.2"
170.75.162.130 - - [04/Oct/2015:14:02:04 -0700] "GET /lib/reccapi.php?resort=jaypeak HTTP/1.1" 200 967 "-" "node-superagent/0.18.2"
170.75.162.130 - - [04/Oct/2015:14:02:04 -0700] "GET /lib/reccapi.php?resort=sugarbush HTTP/1.1" 200 958 "-" "node-superagent/0.18.2"
170.75.162.130 - - [04/Oct/2015:14:02:04 -0700] "GET /lib/reccapi.php?resort=stowe HTTP/1.1" 200 937 "-" "node-superagent/0.18.2"
170.75.162.130 - - [04/Oct/2015:14:02:04 -0700] "GET /lib/reccapi.php?resort=sundayriver HTTP/1.1" 200 944 "-" "node-superagent/0.18.2"
170.75.162.130 - - [04/Oct/2015:14:02:04 -0700] "GET /lib/reccapi.php?resort=wildcatmountain HTTP/1.1" 200 950 "-" "node-superagent/0.18.2"
170.75.162.130 - - [04/Oct/2015:14:02:44 -0700] "GET /lib/reccapi.php?resort=brighton HTTP/1.1" 200 1015 "-" "node-superagent/0.18.2"
170.75.162.130 - - [04/Oct/2015:14:03:34 -0700] "GET /lib/reccapi.php?resort=solitude HTTP/1.1" 200 1007 "-" "node-superagent/0.18.2"
70.211.68.220 - - [04/Oct/2015:14:04:58 -0700] "GET /images/wsis-logo-sm.png HTTP/1.1" 200 6108 "http://www.thebackcountry.net/" "Mozilla/5.0 (iPhone; CPU iPhone OS 8_3 like Mac OS X) AppleWebKit/600.1.4 (KHTML, like Gecko) Version/8.0 Mobile/12F70 Safari/600.1.4"
207.46.13.173 - - [04/Oct/2015:14:05:22 -0700] "GET / HTTP/1.1" 200 2376 "-" "Mozilla/5.0 (compatible; bingbot/2.0; +http://www.bing.com/bingbot.htm)"
170.75.162.130 - - [04/Oct/2015:14:05:34 -0700] "GET /lib/reccapi.php?resort=mtrose HTTP/1.1" 200 1013 "-" "node-superagent/0.18.2"
209.99.206.8 - - [04/Oct/2015:14:09:26 -0700] "GET /images/wsis-logo-sm.png HTTP/1.1" 200 6108 "http://www.thebackcountry.net/" "Mozilla/5.0 (Macintosh; Intel Mac OS X 10_7_5) AppleWebKit/537.36 (KHTML, like Gecko) Chrome/45.0.2454.101 Safari/537.36"
170.75.162.130 - - [04/Oct/2015:14:17:26 -0700] "GET /lib/reccapi.php?resort=crystalmountain HTTP/1.1" 200 965 "-" "node-superagent/0.18.2"
100.43.91.17 - - [04/Oct/2015:14:19:17 -0700] "GET / HTTP/1.1" 200 2376 "-" "Mozilla/5.0 (compatible; YandexBot/3.0; +http://yandex.com/bots)"
170.75.162.130 - - [04/Oct/2015:14:21:46 -0700] "GET /lib/reccapi.php?resort=angelfire HTTP/1.1" 200 1009 "-" "node-superagent/0.18.2"
170.75.162.130 - - [04/Oct/2015:14:21:46 -0700] "GET /lib/reccapi.php?resort=buttermilk HTTP/1.1" 200 1031 "-" "node-superagent/0.18.2"
170.75.162.130 - - [04/Oct/2015:14:21:46 -0700] "GET /lib/reccapi.php?resort=aspenheights HTTP/1.1" 200 1055 "-" "node-superagent/0.18.2"
170.75.162.130 - - [04/Oct/2015:14:21:46 -0700] "GET /lib/reccapi.php?resort=deervalley HTTP/1.1" 200 1037 "-" "node-superagent/0.18.2"
170.75.162.130 - - [04/Oct/2015:14:21:46 -0700] "GET /lib/reccapi.php?resort=crestedbutte HTTP/1.1" 200 1052 "-" "node-superagent/0.18.2"
170.75.162.130 - - [04/Oct/2015:14:21:46 -0700] "GET /lib/reccapi.php?resort=snowmass HTTP/1.1" 200 1027 "-" "node-superagent/0.18.2"
170.75.162.130 - - [04/Oct/2015:14:21:46 -0700] "GET /lib/reccapi.php?resort=steamboat HTTP/1.1" 200 1036 "-" "node-superagent/0.18.2"
170.75.162.130 - - [04/Oct/2015:14:22:46 -0700] "GET /lib/reccapi.php?resort=snowbasin HTTP/1.1" 200 1032 "-" "node-superagent/0.18.2"
170.75.162.130 - - [04/Oct/2015:14:22:46 -0700] "GET /lib/reccapi.php?resort=telluride HTTP/1.1" 200 1019 "-" "node-superagent/0.18.2"
170.75.162.130 - - [04/Oct/2015:14:23:06 -0700] "GET /lib/reccapi.php?resort=mountainhigh HTTP/1.1" 200 1057 "-" "node-superagent/0.18.2"
170.75.162.130 - - [04/Oct/2015:14:23:06 -0700] "GET /lib/reccapi.php?resort=parkcity HTTP/1.1" 200 1039 "-" "node-superagent/0.18.2"
170.75.162.130 - - [04/Oct/2015:14:23:26 -0700] "GET /lib/reccapi.php?resort=chinapeak HTTP/1.1" 200 1074 "-" "node-superagent/0.18.2"
170.75.162.130 - - [04/Oct/2015:14:23:36 -0700] "GET /lib/reccapi.php?resort=taos HTTP/1.1" 200 981 "-" "node-superagent/0.18.2"
170.75.162.130 - - [04/Oct/2015:14:23:36 -0700] "GET /lib/reccapi.php?resort=grandtarghee HTTP/1.1" 200 1023 "-" "node-superagent/0.18.2"
170.75.162.130 - - [04/Oct/2015:14:31:38 -0700] "GET /lib/reccapi.php?resort=alyeska HTTP/1.1" 200 1043 "-" "node-superagent/0.18.2"
170.75.162.130 - - [04/Oct/2015:14:31:39 -0700] "GET /lib/reccapi.php?resort=monarch HTTP/1.1" 200 1028 "-" "node-superagent/0.18.2"
170.75.162.130 - - [04/Oct/2015:14:31:40 -0700] "GET /lib/reccapi.php?resort=stevenspass HTTP/1.1" 200 951 "-" "node-superagent/0.18.2"
68.229.196.75 - - [04/Oct/2015:14:36:54 -0700] "GET /images/wsis-logo-sm.png HTTP/1.1" 200 6108 "http://www.thebackcountry.net/" "Mozilla/5.0 (Macintosh; Intel Mac OS X 10_9_5) AppleWebKit/600.8.9 (KHTML, like Gecko) Version/7.1.8 Safari/537.85.17"
66.87.135.91 - - [04/Oct/2015:14:37:45 -0700] "GET /images/wsis-logo-sm.png HTTP/1.1" 200 6108 "http://www.thebackcountry.net/" "Mozilla/5.0 (iPhone; CPU iPhone OS 8_3 like Mac OS X) AppleWebKit/600.1.4 (KHTML, like Gecko) Version/8.0 Mobile/12F70 Safari/600.1.4"
180.76.15.30 - - [04/Oct/2015:14:44:08 -0700] "GET / HTTP/1.1" 200 6114 "-" "Mozilla/5.0 (compatible; Baiduspider/2.0; +http://www.baidu.com/search/spider.html)"
180.76.15.22 - - [04/Oct/2015:14:44:52 -0700] "GET / HTTP/1.1" 200 6114 "-" "Mozilla/5.0 (compatible; Baiduspider/2.0; +http://www.baidu.com/search/spider.html)"
66.249.75.40 - - [04/Oct/2015:14:48:14 -0700] "GET /resorts?resort=mtrose&date=2014-02-03 HTTP/1.1" 404 506 "-" "Mozilla/5.0 (iPhone; CPU iPhone OS 8_3 like Mac OS X) AppleWebKit/600.1.4 (KHTML, like Gecko) Version/8.0 Mobile/12F70 Safari/600.1.4 (compatible; Googlebot/2.1; +http://www.google.com/bot.html)"
170.75.162.130 - - [04/Oct/2015:14:56:31 -0700] "GET /lib/reccapi.php?resort=bigwhite HTTP/1.1" 200 913 "-" "node-superagent/0.18.2"
66.249.69.10 - - [04/Oct/2015:15:07:55 -0700] "GET /lib/resortDataSearch.php?resort=losttrailpowdermountain&dateStart=2012-12-27&dateMax=2013-01-10&size=30 HTTP/1.1" 200 331 "-" "Mozilla/5.0 (compatible; Googlebot/2.1; +http://www.google.com/bot.html)"
95.211.168.172 - - [04/Oct/2015:15:12:17 -0700] "GET / HTTP/1.0" 200 6114 "-" "Mozilla/5.0 (Windows NT 6.1; Win64; x64; rv:27.C) Gecko/20130407 Firefox/27.0"
180.76.15.33 - - [04/Oct/2015:15:41:03 -0700] "GET / HTTP/1.1" 200 6114 "-" "Mozilla/5.0 (compatible; Baiduspider/2.0; +http://www.baidu.com/search/spider.html)"
180.76.15.19 - - [04/Oct/2015:15:41:46 -0700] "GET / HTTP/1.1" 200 6114 "-" "Mozilla/5.0 (compatible; Baiduspider/2.0; +http://www.baidu.com/search/spider.html)"
170.75.162.130 - - [04/Oct/2015:15:59:29 -0700] "GET /lib/reccapi.php?resort=sunpeaksresort HTTP/1.1" 200 912 "-" "node-superagent/0.18.2"
170.75.162.130 - - [04/Oct/2015:16:19:41 -0700] "GET /lib/reccapi.php?resort=arapahoebasin HTTP/1.1" 200 1023 "-" "node-superagent/0.18.2"
170.75.162.130 - - [04/Oct/2015:16:19:41 -0700] "GET /lib/reccapi.php?resort=alpinemeadows HTTP/1.1" 200 985 "-" "node-superagent/0.18.2"
170.75.162.130 - - [04/Oct/2015:16:19:41 -0700] "GET /lib/reccapi.php?resort=alta HTTP/1.1" 200 995 "-" "node-superagent/0.18.2"
170.75.162.130 - - [04/Oct/2015:16:19:41 -0700] "GET /lib/reccapi.php?resort=aspenmountain HTTP/1.1" 200 1017 "-" "node-superagent/0.18.2"
170.75.162.130 - - [04/Oct/2015:16:19:41 -0700] "GET /lib/reccapi.php?resort=bigsky HTTP/1.1" 200 997 "-" "node-superagent/0.18.2"
170.75.162.130 - - [04/Oct/2015:16:19:51 -0700] "GET /lib/reccapi.php?resort=cannonmountain HTTP/1.1" 200 947 "-" "node-superagent/0.18.2"
170.75.162.130 - - [04/Oct/2015:16:19:51 -0700] "GET /lib/reccapi.php?resort=canyons HTTP/1.1" 200 1005 "-" "node-superagent/0.18.2"
170.75.162.130 - - [04/Oct/2015:16:19:51 -0700] "GET /lib/reccapi.php?resort=coppermountain HTTP/1.1" 200 1005 "-" "node-superagent/0.18.2"
170.75.162.130 - - [04/Oct/2015:16:19:52 -0700] "GET /lib/reccapi.php?resort=devilshead HTTP/1.1" 200 942 "-" "node-superagent/0.18.2"
170.75.162.130 - - [04/Oct/2015:16:19:52 -0700] "GET /lib/reccapi.php?resort=diamondpeak HTTP/1.1" 200 991 "-" "node-superagent/0.18.2"
170.75.162.130 - - [04/Oct/2015:16:19:52 -0700] "GET /lib/reccapi.php?resort=heavenly HTTP/1.1" 200 1023 "-" "node-superagent/0.18.2"
170.75.162.130 - - [04/Oct/2015:16:19:52 -0700] "GET /lib/reccapi.php?resort=homewoodmountain HTTP/1.1" 200 1029 "-" "node-superagent/0.18.2"
45.55.85.225 - - [04/Oct/2015:16:20:24 -0700] "HEAD / HTTP/1.1" 200 310 "http://www.netcraft.com/survey/" "Mozilla/4.0 (compatible; Netcraft Web Server Survey)"
170.75.162.130 - - [04/Oct/2015:16:20:41 -0700] "GET /lib/reccapi.php?resort=keystone HTTP/1.1" 200 1000 "-" "node-superagent/0.18.2"
170.75.162.130 - - [04/Oct/2015:16:20:41 -0700] "GET /lib/reccapi.php?resort=kirkwood HTTP/1.1" 200 1098 "-" "node-superagent/0.18.2"
170.75.162.130 - - [04/Oct/2015:16:20:41 -0700] "GET /lib/reccapi.php?resort=loveland HTTP/1.1" 200 995 "-" "node-superagent/0.18.2"
170.75.162.130 - - [04/Oct/2015:16:20:41 -0700] "GET /lib/reccapi.php?resort=mammothmountain HTTP/1.1" 200 1077 "-" "node-superagent/0.18.2"
170.75.162.130 - - [04/Oct/2015:16:20:41 -0700] "GET /lib/reccapi.php?resort=killington HTTP/1.1" 200 954 "-" "node-superagent/0.18.2"
170.75.162.130 - - [04/Oct/2015:16:20:41 -0700] "GET /lib/reccapi.php?resort=mounthoodmeadows HTTP/1.1" 200 988 "-" "node-superagent/0.18.2"
170.75.162.130 - - [04/Oct/2015:16:20:41 -0700] "GET /lib/reccapi.php?resort=northstar-at-tahoe HTTP/1.1" 200 1012 "-" "node-superagent/0.18.2"
170.75.162.130 - - [04/Oct/2015:16:20:41 -0700] "GET /lib/reccapi.php?resort=redlodge HTTP/1.1" 200 1070 "-" "node-superagent/0.18.2"
170.75.162.130 - - [04/Oct/2015:16:20:41 -0700] "GET /lib/reccapi.php?resort=redmountain HTTP/1.1" 200 897 "-" "node-superagent/0.18.2"
170.75.162.130 - - [04/Oct/2015:16:20:41 -0700] "GET /lib/reccapi.php?resort=silverstarmountain HTTP/1.1" 200 926 "-" "node-superagent/0.18.2"
170.75.162.130 - - [04/Oct/2015:16:20:41 -0700] "GET /lib/reccapi.php?resort=snowbird HTTP/1.1" 200 1001 "-" "node-superagent/0.18.2"
170.75.162.130 - - [04/Oct/2015:16:20:41 -0700] "GET /lib/reccapi.php?resort=sierra-at-tahoe HTTP/1.1" 200 1084 "-" "node-superagent/0.18.2"
170.75.162.130 - - [04/Oct/2015:16:20:46 -0700] "GET /lib/reccapi.php?resort=squawvalleyusa HTTP/1.1" 200 1030 "-" "node-superagent/0.18.2"
216.67.49.201 - - [04/Oct/2015:16:31:35 -0700] "GET /images/wsis-logo-sm.png HTTP/1.1" 200 6108 "http://www.thebackcountry.net/" "Mozilla/5.0 (Windows NT 6.0; rv:41.0) Gecko/20100101 Firefox/41.0"
157.55.39.46 - - [04/Oct/2015:16:33:55 -0700] "GET /robots.txt HTTP/1.1" 200 375 "-" "Mozilla/5.0 (compatible; bingbot/2.0; +http://www.bing.com/bingbot.htm)"
170.75.162.130 - - [04/Oct/2015:16:39:34 -0700] "GET /lib/reccapi.php?resort=sugarloaf HTTP/1.1" 200 944 "-" "node-superagent/0.18.2"
196.12.47.103 - - [04/Oct/2015:16:54:38 -0700] "GET / HTTP/1.0" 200 6114 "-" "-"
196.12.47.103 - - [04/Oct/2015:16:54:39 -0700] "GET /wp-login.php HTTP/1.0" 404 495 "-" "-"
196.12.47.103 - - [04/Oct/2015:16:54:39 -0700] "GET /administrator/index.php HTTP/1.0" 404 495 "-" "-"
196.12.47.103 - - [04/Oct/2015:16:54:40 -0700] "GET /user HTTP/1.0" 404 495 "-" "-"
196.12.47.103 - - [04/Oct/2015:16:54:40 -0700] "GET /admin.php HTTP/1.0" 404 495 "-" "-"
196.12.47.103 - - [04/Oct/2015:16:54:41 -0700] "GET /about HTTP/1.0" 404 495 "-" "-"
207.192.254.247 - - [04/Oct/2015:16:55:09 -0700] "GET /images/wsis-logo-sm.png HTTP/1.1" 200 6108 "http://www.thebackcountry.net/" "Mozilla/5.0 (iPad; CPU OS 7_1_2 like Mac OS X) AppleWebKit/537.51.2 (KHTML, like Gecko) Version/7.0 Mobile/11D257 Safari/9537.53"
180.76.15.143 - - [04/Oct/2015:17:00:36 -0700] "GET / HTTP/1.1" 200 6114 "-" "Mozilla/5.0 (compatible; Baiduspider/2.0; +http://www.baidu.com/search/spider.html)"
180.76.15.144 - - [04/Oct/2015:17:02:01 -0700] "GET / HTTP/1.1" 200 6114 "-" "Mozilla/5.0 (compatible; Baiduspider/2.0; +http://www.baidu.com/search/spider.html)"
107.77.75.16 - - [04/Oct/2015:17:05:59 -0700] "GET /images/wsis-logo-sm.png HTTP/1.1" 200 6108 "http://www.thebackcountry.net/" "Mozilla/5.0 (iPhone; CPU iPhone OS 9_0_2 like Mac OS X) AppleWebKit/601.1.46 (KHTML, like Gecko) Version/9.0 Mobile/13A452 Safari/601.1"
100.43.91.8 - - [04/Oct/2015:17:18:07 -0700] "GET / HTTP/1.1" 200 2376 "-" "Mozilla/5.0 (compatible; YandexBot/3.0; +http://yandex.com/bots)"
199.21.99.200 - - [04/Oct/2015:17:18:07 -0700] "GET /robots.txt HTTP/1.1" 200 375 "-" "Mozilla/5.0 (compatible; YandexBot/3.0; +http://yandex.com/bots)"
100.43.91.8 - - [04/Oct/2015:17:18:11 -0700] "GET / HTTP/1.1" 200 2375 "-" "Mozilla/5.0 (compatible; YandexBot/3.0; +http://yandex.com/bots)"
100.43.91.8 - - [04/Oct/2015:17:18:11 -0700] "GET / HTTP/1.1" 200 2375 "-" "Mozilla/5.0 (compatible; YandexBot/3.0; +http://yandex.com/bots)"
100.43.91.8 - - [04/Oct/2015:17:18:15 -0700] "GET / HTTP/1.1" 200 2375 "-" "Mozilla/5.0 (compatible; YandexBot/3.0; +http://yandex.com/bots)"
170.75.162.130 - - [04/Oct/2015:17:22:19 -0700] "GET /lib/reccapi.php?resort=sugarbowl HTTP/1.1" 200 970 "-" "node-superagent/0.18.2"
104.236.117.94 - - [04/Oct/2015:17:39:16 -0700] "HEAD / HTTP/1.1" 200 310 "http://www.netcraft.com/survey/" "Mozilla/4.0 (compatible; Netcraft Web Server Survey)"
31.3.233.115 - - [04/Oct/2015:17:46:45 -0700] "GET /images/wsis-logo-sm.png HTTP/1.1" 200 6108 "http://www.thebackcountry.net/" "Mozilla/5.0 (X11; Linux x86_64) AppleWebKit/537.36 (KHTML, like Gecko) Chrome/35.0.1916.153 Safari/537.36"
180.76.15.19 - - [04/Oct/2015:17:49:43 -0700] "GET / HTTP/1.1" 200 6114 "-" "Mozilla/5.0 (compatible; Baiduspider/2.0; +http://www.baidu.com/search/spider.html)"
180.76.15.161 - - [04/Oct/2015:17:50:50 -0700] "GET / HTTP/1.1" 200 6114 "-" "Mozilla/5.0 (compatible; Baiduspider/2.0; +http://www.baidu.com/search/spider.html)"
27.120.97.145 - - [04/Oct/2015:17:53:03 -0700] "GET / HTTP/1.1" 200 6095 "-" "Mozilla/5.0 (Windows NT 6.3; WOW64; Trident/7.0; Touch; rv:11.0) like Gecko"
143.85.29.18 - - [04/Oct/2015:18:17:09 -0700] "GET /images/wsis-logo-sm.png HTTP/1.1" 200 6108 "http://www.thebackcountry.net/" "Mozilla/5.0 (compatible; MSIE 9.0; Windows NT 6.1; WOW64; Trident/5.0)"
172.77.162.65 - - [04/Oct/2015:18:17:31 -0700] "GET /images/wsis-logo-sm.png HTTP/1.1" 200 6108 "http://www.thebackcountry.net/" "Mozilla/5.0 (Windows NT 6.1; WOW64) AppleWebKit/537.36 (KHTML, like Gecko) Chrome/43.0.2357.130 Safari/537.36"
61.160.247.11 - - [04/Oct/2015:18:25:09 -0700] "GET /manager/html HTTP/1.1" 404 464 "-" "Mozilla/4.0 (compatible; MSIE 8.0; Windows NT 5.1; Trident/4.0; .NET CLR 1.1.4322; .NET CLR 2.0.50727; .NET4.0C; .NET4.0E; .NET CLR 3.0.4506.2152; .NET CLR 3.5.30729)"
61.160.247.11 - - [04/Oct/2015:18:25:14 -0700] "GET /manager/html HTTP/1.1" 404 464 "-" "Mozilla/4.0 (compatible; MSIE 8.0; Windows NT 5.1; Trident/4.0; .NET CLR 1.1.4322; .NET CLR 2.0.50727; .NET4.0C; .NET4.0E; .NET CLR 3.0.4506.2152; .NET CLR 3.5.30729)"
208.115.113.83 - - [04/Oct/2015:18:31:27 -0700] "GET /robots.txt HTTP/1.1" 200 319 "-" "Mozilla/5.0 (compatible; DotBot/1.1; http://www.opensiteexplorer.org/dotbot, help@moz.com)"
66.249.75.40 - - [04/Oct/2015:18:45:47 -0700] "GET /resorts?resort=schweitzer&date=2014-01-03 HTTP/1.1" 404 506 "-" "Mozilla/5.0 (iPhone; CPU iPhone OS 8_3 like Mac OS X) AppleWebKit/600.1.4 (KHTML, like Gecko) Version/8.0 Mobile/12F70 Safari/600.1.4 (compatible; Googlebot/2.1; +http://www.google.com/bot.html)"
180.76.15.34 - - [04/Oct/2015:18:49:07 -0700] "GET / HTTP/1.1" 200 6114 "-" "Mozilla/5.0 (compatible; Baiduspider/2.0; +http://www.baidu.com/search/spider.html)"
180.76.15.154 - - [04/Oct/2015:18:50:10 -0700] "GET / HTTP/1.1" 200 6114 "-" "Mozilla/5.0 (compatible; Baiduspider/2.0; +http://www.baidu.com/search/spider.html)"
66.249.75.48 - - [04/Oct/2015:18:59:01 -0700] "GET / HTTP/1.1" 200 2376 "-" "Mozilla/5.0 (compatible; Googlebot/2.1; +http://www.google.com/bot.html)"
75.140.120.52 - - [04/Oct/2015:18:59:33 -0700] "GET /images/wsis-logo-sm.png HTTP/1.1" 200 6108 "http://www.thebackcountry.net/" "Mozilla/5.0 (iPhone; CPU iPhone OS 8_4_1 like Mac OS X) AppleWebKit/600.1.4 (KHTML, like Gecko) Version/8.0 Mobile/12H321 Safari/600.1.4"
170.75.162.130 - - [04/Oct/2015:19:09:02 -0700] "GET /lib/reccapi.php?resort=grandtarghee HTTP/1.1" 200 1021 "-" "node-superagent/0.18.2"
170.75.162.130 - - [04/Oct/2015:19:09:02 -0700] "GET /lib/reccapi.php?resort=jacksonhole HTTP/1.1" 200 1005 "-" "node-superagent/0.18.2"
69.112.75.165 - - [04/Oct/2015:19:11:34 -0700] "GET /images/wsis-logo-sm.png HTTP/1.1" 200 6108 "http://www.thebackcountry.net/" "Mozilla/5.0 (iPhone; CPU iPhone OS 8_2 like Mac OS X) AppleWebKit/600.1.4 (KHTML, like Gecko) Version/8.0 Mobile/12D508 Safari/600.1.4"
108.238.94.14 - - [04/Oct/2015:19:27:29 -0700] "GET /images/wsis-logo-sm.png HTTP/1.1" 200 6108 "http://www.thebackcountry.net/" "Mozilla/5.0 (iPad; CPU OS 8_1_1 like Mac OS X) AppleWebKit/600.1.4 (KHTML, like Gecko) Version/8.0 Mobile/12B435 Safari/600.1.4"
72.47.137.145 - - [04/Oct/2015:19:27:46 -0700] "GET /images/wsis-logo-sm.png HTTP/1.1" 200 6108 "http://thebackcountry.net/" "Mozilla/5.0 (X11; CrOS armv7l 7262.57.0) AppleWebKit/537.36 (KHTML, like Gecko) Chrome/45.0.2454.98 Safari/537.36"
185.25.151.159 - - [04/Oct/2015:19:45:05 -0700] "GET http://testp3.pospr.waw.pl/testproxy.php HTTP/1.1" 404 449 "-" "Mozilla/5.0 (Windows NT 5.1; rv:32.0) Gecko/20100101 Firefox/31.0"
184.96.124.215 - - [04/Oct/2015:19:45:28 -0700] "GET / HTTP/1.1" 200 2376 "http://www.earnyourturns.com/" "Mozilla/5.0 (Linux; Android 4.4.2; en-us; SAMSUNG SM-P605V Build/KOT49H) AppleWebKit/537.36 (KHTML, like Gecko) Version/1.5 Chrome/28.0.1500.94 Safari/537.36"
184.96.124.215 - - [04/Oct/2015:19:45:28 -0700] "GET /styles/0fffd548.main.css HTTP/1.1" 200 19316 "http://whereshouldiski.com/" "Mozilla/5.0 (Linux; Android 4.4.2; en-us; SAMSUNG SM-P605V Build/KOT49H) AppleWebKit/537.36 (KHTML, like Gecko) Version/1.5 Chrome/28.0.1500.94 Safari/537.36"
184.96.124.215 - - [04/Oct/2015:19:45:28 -0700] "GET /scripts/scripts/vendor/modernizr.js HTTP/1.1" 200 4903 "http://whereshouldiski.com/" "Mozilla/5.0 (Linux; Android 4.4.2; en-us; SAMSUNG SM-P605V Build/KOT49H) AppleWebKit/537.36 (KHTML, like Gecko) Version/1.5 Chrome/28.0.1500.94 Safari/537.36"
184.96.124.215 - - [04/Oct/2015:19:45:28 -0700] "GET /bower_components/requirejs/require.js HTTP/1.1" 200 6702 "http://whereshouldiski.com/" "Mozilla/5.0 (Linux; Android 4.4.2; en-us; SAMSUNG SM-P605V Build/KOT49H) AppleWebKit/537.36 (KHTML, like Gecko) Version/1.5 Chrome/28.0.1500.94 Safari/537.36"
184.96.124.215 - - [04/Oct/2015:19:45:28 -0700] "GET /images/logo-sm.png HTTP/1.1" 200 16737 "http://whereshouldiski.com/" "Mozilla/5.0 (Linux; Android 4.4.2; en-us; SAMSUNG SM-P605V Build/KOT49H) AppleWebKit/537.36 (KHTML, like Gecko) Version/1.5 Chrome/28.0.1500.94 Safari/537.36"
184.96.124.215 - - [04/Oct/2015:19:45:28 -0700] "GET /images/loading.gif HTTP/1.1" 200 13881 "http://whereshouldiski.com/" "Mozilla/5.0 (Linux; Android 4.4.2; en-us; SAMSUNG SM-P605V Build/KOT49H) AppleWebKit/537.36 (KHTML, like Gecko) Version/1.5 Chrome/28.0.1500.94 Safari/537.36"
184.96.124.215 - - [04/Oct/2015:19:45:28 -0700] "GET /scripts/fa48e319.main.js HTTP/1.1" 200 123455 "http://whereshouldiski.com/" "Mozilla/5.0 (Linux; Android 4.4.2; en-us; SAMSUNG SM-P605V Build/KOT49H) AppleWebKit/537.36 (KHTML, like Gecko) Version/1.5 Chrome/28.0.1500.94 Safari/537.36"
184.96.124.215 - - [04/Oct/2015:19:45:29 -0700] "GET /favicon.ico HTTP/1.1" 200 1475 "-" "Mozilla/5.0 (Linux; Android 4.4.2; en-us; SAMSUNG SM-P605V Build/KOT49H) AppleWebKit/537.36 (KHTML, like Gecko) Version/1.5 Chrome/28.0.1500.94 Safari/537.36"
184.96.124.215 - - [04/Oct/2015:19:45:30 -0700] "GET /lib/reccapi.php?fields=t HTTP/1.1" 200 1720 "http://whereshouldiski.com/" "Mozilla/5.0 (Linux; Android 4.4.2; en-us; SAMSUNG SM-P605V Build/KOT49H) AppleWebKit/537.36 (KHTML, like Gecko) Version/1.5 Chrome/28.0.1500.94 Safari/537.36"
184.96.124.215 - - [04/Oct/2015:19:45:30 -0700] "GET /images/greyHeader.png HTTP/1.1" 200 509 "http://whereshouldiski.com/" "Mozilla/5.0 (Linux; Android 4.4.2; en-us; SAMSUNG SM-P605V Build/KOT49H) AppleWebKit/537.36 (KHTML, like Gecko) Version/1.5 Chrome/28.0.1500.94 Safari/537.36"
184.96.124.215 - - [04/Oct/2015:19:45:30 -0700] "GET /images/button.png HTTP/1.1" 200 599 "http://whereshouldiski.com/" "Mozilla/5.0 (Linux; Android 4.4.2; en-us; SAMSUNG SM-P605V Build/KOT49H) AppleWebKit/537.36 (KHTML, like Gecko) Version/1.5 Chrome/28.0.1500.94 Safari/537.36"
184.96.124.215 - - [04/Oct/2015:19:45:30 -0700] "GET /images/snowflake5.png HTTP/1.1" 200 2857 "http://whereshouldiski.com/" "Mozilla/5.0 (Linux; Android 4.4.2; en-us; SAMSUNG SM-P605V Build/KOT49H) AppleWebKit/537.36 (KHTML, like Gecko) Version/1.5 Chrome/28.0.1500.94 Safari/537.36"
184.96.124.215 - - [04/Oct/2015:19:45:30 -0700] "GET /images/star5.png HTTP/1.1" 200 1783 "http://whereshouldiski.com/" "Mozilla/5.0 (Linux; Android 4.4.2; en-us; SAMSUNG SM-P605V Build/KOT49H) AppleWebKit/537.36 (KHTML, like Gecko) Version/1.5 Chrome/28.0.1500.94 Safari/537.36"
184.96.124.215 - - [04/Oct/2015:19:45:30 -0700] "GET /images/bluebird5.png HTTP/1.1" 200 2177 "http://whereshouldiski.com/" "Mozilla/5.0 (Linux; Android 4.4.2; en-us; SAMSUNG SM-P605V Build/KOT49H) AppleWebKit/537.36 (KHTML, like Gecko) Version/1.5 Chrome/28.0.1500.94 Safari/537.36"
184.96.124.215 - - [04/Oct/2015:19:45:30 -0700] "GET /images/mtns-icon.png HTTP/1.1" 200 1096 "http://whereshouldiski.com/" "Mozilla/5.0 (Linux; Android 4.4.2; en-us; SAMSUNG SM-P605V Build/KOT49H) AppleWebKit/537.36 (KHTML, like Gecko) Version/1.5 Chrome/28.0.1500.94 Safari/537.36"
184.96.124.215 - - [04/Oct/2015:19:45:30 -0700] "GET /images/shading-icon.png HTTP/1.1" 200 537 "http://whereshouldiski.com/" "Mozilla/5.0 (Linux; Android 4.4.2; en-us; SAMSUNG SM-P605V Build/KOT49H) AppleWebKit/537.36 (KHTML, like Gecko) Version/1.5 Chrome/28.0.1500.94 Safari/537.36"
71.62.189.85 - - [04/Oct/2015:19:46:03 -0700] "GET /images/wsis-logo-sm.png HTTP/1.1" 200 6108 "http://thebackcountry.net/" "Mozilla/5.0 (Linux; Android 5.0.1; SAMSUNG-SM-N910A Build/LRX22C) AppleWebKit/537.36 (KHTML, like Gecko) Chrome/45.0.2454.94 Mobile Safari/537.36"
24.6.246.173 - - [04/Oct/2015:19:56:58 -0700] "GET /images/wsis-logo-sm.png HTTP/1.1" 200 6108 "http://www.thebackcountry.net/" "Mozilla/5.0 (Macintosh; Intel Mac OS X 10_9_5) AppleWebKit/537.36 (KHTML, like Gecko) Chrome/45.0.2454.101 Safari/537.36"
66.249.75.213 - - [04/Oct/2015:20:00:32 -0700] "GET / HTTP/1.1" 200 2376 "-" "Mozilla/5.0 (compatible; Googlebot/2.1; +http://www.google.com/bot.html)"
208.115.113.83 - - [04/Oct/2015:20:02:20 -0700] "GET /resorts?resort=timberline&date=2014-06-20 HTTP/1.1" 404 476 "-" "Mozilla/5.0 (compatible; DotBot/1.1; http://www.opensiteexplorer.org/dotbot, help@moz.com)"
166.216.157.61 - - [04/Oct/2015:20:19:17 -0700] "GET /images/wsis-logo-sm.png HTTP/1.1" 200 6108 "http://www.thebackcountry.net/" "Mozilla/5.0 (Windows NT 6.3) AppleWebKit/537.36 (KHTML, like Gecko) Chrome/45.0.2454.101 Safari/537.36"
130.204.232.210 - - [04/Oct/2015:20:23:22 -0700] "GET / HTTP/1.1" 200 6151 "-" "Java/1.6.0_04"
130.204.232.210 - - [04/Oct/2015:20:23:29 -0700] "GET /about HTTP/1.1" 404 532 "-" "Java/1.6.0_04"
130.204.232.210 - - [04/Oct/2015:20:23:45 -0700] "GET /images/logo-sm.png HTTP/1.1" 200 16738 "-" "Java/1.6.0_04"
130.204.232.210 - - [04/Oct/2015:20:23:59 -0700] "GET //platform.twitter.com/widgets.js HTTP/1.1" 404 554 "-" "Java/1.6.0_04"
130.204.232.210 - - [04/Oct/2015:20:24:04 -0700] "GET /bower_components/requirejs/require.js HTTP/1.1" 200 17184 "-" "Java/1.6.0_04"
130.204.232.210 - - [04/Oct/2015:20:24:22 -0700] "GET /scripts/scripts/vendor/modernizr.js HTTP/1.1" 200 11435 "-" "Java/1.6.0_04"
130.204.232.210 - - [04/Oct/2015:20:24:24 -0700] "GET /scripts/scripts/vendor/)||!a.HTMLDataListElement)),E}( HTTP/1.1" 404 576 "-" "Java/1.6.0_04"
130.204.232.210 - - [04/Oct/2015:20:24:39 -0700] "GET /https://twitter.com/WhereShouldISki HTTP/1.1" 404 532 "-" "Java/1.6.0_04"
130.204.232.210 - - [04/Oct/2015:20:24:49 -0700] "GET /https://www.facebook.com/WhereShouldiSki HTTP/1.1" 404 532 "-" "Java/1.6.0_04"
130.204.232.210 - - [04/Oct/2015:20:24:53 -0700] "GET /bower_components/requirejs/\\nhttp://requirejs.org/docs/errors.html HTTP/1.1" 404 532 "-" "Java/1.6.0_04"
180.76.15.12 - - [04/Oct/2015:20:41:18 -0700] "GET / HTTP/1.1" 200 6114 "-" "Mozilla/5.0 (compatible; Baiduspider/2.0; +http://www.baidu.com/search/spider.html)"
180.76.15.154 - - [04/Oct/2015:20:42:07 -0700] "GET / HTTP/1.1" 200 6114 "-" "Mozilla/5.0 (compatible; Baiduspider/2.0; +http://www.baidu.com/search/spider.html)"
66.249.75.213 - - [04/Oct/2015:20:43:51 -0700] "GET /scripts/fa48e319.main.js HTTP/1.1" 200 123456 "-" "Mozilla/5.0 (compatible; Googlebot/2.1; +http://www.google.com/bot.html)"
66.249.75.213 - - [04/Oct/2015:20:43:52 -0700] "GET /styles/0fffd548.main.css HTTP/1.1" 200 19316 "-" "Mozilla/5.0 (compatible; Googlebot/2.1; +http://www.google.com/bot.html)"
66.249.75.205 - - [04/Oct/2015:20:43:52 -0700] "GET /bower_components/requirejs/require.js HTTP/1.1" 200 6702 "-" "Mozilla/5.0 (compatible; Googlebot/2.1; +http://www.google.com/bot.html)"
66.249.75.213 - - [04/Oct/2015:20:43:53 -0700] "GET /scripts/scripts/vendor/modernizr.js HTTP/1.1" 200 4902 "-" "Mozilla/5.0 (compatible; Googlebot/2.1; +http://www.google.com/bot.html)"
66.249.75.40 - - [04/Oct/2015:20:43:56 -0700] "GET /lib/reccapi.php?fields=t HTTP/1.1" 200 1721 "http://www.whereshouldiski.com/" "Mozilla/5.0 (compatible; Googlebot/2.1; +http://www.google.com/bot.html)"
107.77.75.84 - - [04/Oct/2015:20:57:38 -0700] "GET /images/wsis-logo-sm.png HTTP/1.1" 200 6108 "http://www.thebackcountry.net/" "Mozilla/5.0 (iPhone; CPU iPhone OS 8_0_2 like Mac OS X) AppleWebKit/600.1.4 (KHTML, like Gecko) Version/8.0 Mobile/12A405 Safari/600.1.4"
170.75.162.130 - - [04/Oct/2015:21:07:26 -0700] "GET /lib/reccapi.php?resort=kirkwood HTTP/1.1" 200 1100 "-" "node-superagent/0.18.2"
66.249.75.221 - - [04/Oct/2015:21:08:41 -0700] "GET / HTTP/1.1" 200 2376 "-" "Mozilla/5.0 (compatible; Googlebot/2.1; +http://www.google.com/bot.html)"
170.75.162.130 - - [04/Oct/2015:21:10:56 -0700] "GET /lib/reccapi.php?resort=killington HTTP/1.1" 200 955 "-" "node-superagent/0.18.2"
172.77.162.65 - - [04/Oct/2015:21:13:40 -0700] "GET /images/wsis-logo-sm.png HTTP/1.1" 200 6108 "http://www.thebackcountry.net/" "Mozilla/5.0 (Windows NT 6.1; WOW64) AppleWebKit/537.36 (KHTML, like Gecko) Chrome/43.0.2357.130 Safari/537.36"
66.249.69.2 - - [04/Oct/2015:21:27:10 -0700] "GET / HTTP/1.1" 200 2376 "-" "Mozilla/5.0 (compatible; Googlebot/2.1; +http://www.google.com/bot.html)"
68.180.229.34 - - [04/Oct/2015:21:30:14 -0700] "GET /robots.txt HTTP/1.1" 200 319 "-" "Mozilla/5.0 (compatible; Yahoo! Slurp; http://help.yahoo.com/help/us/ysearch/slurp)"
68.180.229.34 - - [04/Oct/2015:21:30:14 -0700] "GET /resorts?resort=sugarbowl HTTP/1.1" 404 450 "-" "Mozilla/5.0 (compatible; Yahoo! Slurp; http://help.yahoo.com/help/us/ysearch/slurp)"
170.75.162.130 - - [04/Oct/2015:21:49:11 -0700] "GET /lib/reccapi.php?resort=whistlerblackcomb HTTP/1.1" 200 923 "-" "node-superagent/0.18.2"
170.75.162.130 - - [04/Oct/2015:21:49:11 -0700] "GET /lib/reccapi.php?resort=stevenspass HTTP/1.1" 200 952 "-" "node-superagent/0.18.2"
74.139.43.227 - - [04/Oct/2015:22:07:56 -0700] "GET /images/wsis-logo-sm.png HTTP/1.1" 200 6108 "http://www.thebackcountry.net/" "Mozilla/5.0 (Windows NT 6.1; WOW64) AppleWebKit/537.36 (KHTML, like Gecko) Chrome/45.0.2454.99 Safari/537.36"
170.75.162.130 - - [04/Oct/2015:22:35:16 -0700] "GET /lib/reccapi.php?resort=winterpark HTTP/1.1" 200 1012 "-" "node-superagent/0.18.2"
50.193.6.22 - - [04/Oct/2015:22:37:38 -0700] "GET /images/wsis-logo-sm.png HTTP/1.1" 200 6108 "http://www.thebackcountry.net/" "Mozilla/5.0 (Macintosh; Intel Mac OS X 10_10_5) AppleWebKit/537.36 (KHTML, like Gecko) Chrome/45.0.2454.93 Safari/537.36"
68.180.229.34 - - [04/Oct/2015:22:42:06 -0700] "GET / HTTP/1.1" 304 154 "-" "Mozilla/5.0 (compatible; Yahoo! Slurp; http://help.yahoo.com/help/us/ysearch/slurp)"
68.180.229.34 - - [04/Oct/2015:22:42:06 -0700] "GET /styles/0fffd548.main.css HTTP/1.1" 304 155 "http://whereshouldiski.com/" "Mozilla/5.0 (compatible; Yahoo! Slurp; http://help.yahoo.com/help/us/ysearch/slurp)"
