70.199.166.15 - - [28/Jun/2015:08:39:33 -0700] "GET /im/api.php?bib=1995&r=0.9552945152390748&raceId=2147483690&raceName=cda&startTime=05:45:00 HTTP/1.1" 200 1177 "http://ericfahsl.com/im/" "Mozilla/5.0 (iPhone; CPU iPhone OS 8_3 like Mac OS X) AppleWebKit/600.1.4 (KHTML, like Gecko) Version/8.0 Mobile/12F70 Safari/600.1.4"
70.199.166.15 - - [28/Jun/2015:08:39:33 -0700] "GET /im/api.php?bib=2021&r=0.9851646705064923&raceId=2147483690&raceName=cda&startTime=05:45:00 HTTP/1.1" 200 1185 "http://ericfahsl.com/im/" "Mozilla/5.0 (iPhone; CPU iPhone OS 8_3 like Mac OS X) AppleWebKit/600.1.4 (KHTML, like Gecko) Version/8.0 Mobile/12F70 Safari/600.1.4"
127.0.0.1 - - [28/Jun/2015:08:39:36 -0700] "OPTIONS * HTTP/1.0" 200 126 "-" "Apache/2.2.22 (Ubuntu) (internal dummy connection)"
172.56.33.82 - - [28/Jun/2015:08:40:06 -0700] "GET /im/api.php?bib=1690&r=0.2826580135151744&raceId=2147483690&raceName=cda&startTime=05:45:00 HTTP/1.1" 200 1173 "http://ericfahsl.com/im/" "Mozilla/5.0 (Linux; U; Android 4.3; en-us; SGH-T999 Build/JSS15J) AppleWebKit/534.30 (KHTML, like Gecko) Version/4.0 Mobile Safari/534.30"
172.56.33.82 - - [28/Jun/2015:08:40:06 -0700] "GET /im/api.php?bib=773&r=0.4955326470080763&raceId=2147483690&raceName=cda&startTime=05:45:00 HTTP/1.1" 200 1159 "http://ericfahsl.com/im/" "Mozilla/5.0 (Linux; U; Android 4.3; en-us; SGH-T999 Build/JSS15J) AppleWebKit/534.30 (KHTML, like Gecko) Version/4.0 Mobile Safari/534.30"
172.56.33.82 - - [28/Jun/2015:08:40:06 -0700] "GET /im/api.php?bib=1780&r=0.1454882831312716&raceId=2147483690&raceName=cda&startTime=05:45:00 HTTP/1.1" 200 1174 "http://ericfahsl.com/im/" "Mozilla/5.0 (Linux; U; Android 4.3; en-us; SGH-T999 Build/JSS15J) AppleWebKit/534.30 (KHTML, like Gecko) Version/4.0 Mobile Safari/534.30"
172.56.33.82 - - [28/Jun/2015:08:40:06 -0700] "GET /im/api.php?bib=1995&r=0.5414141090586782&raceId=2147483690&raceName=cda&startTime=05:45:00 HTTP/1.1" 200 1178 "http://ericfahsl.com/im/" "Mozilla/5.0 (Linux; U; Android 4.3; en-us; SGH-T999 Build/JSS15J) AppleWebKit/534.30 (KHTML, like Gecko) Version/4.0 Mobile Safari/534.30"
172.56.33.82 - - [28/Jun/2015:08:40:06 -0700] "GET /im/api.php?bib=1358&r=0.23995179985649884&raceId=2147483690&raceName=cda&startTime=05:45:00 HTTP/1.1" 200 1168 "http://ericfahsl.com/im/" "Mozilla/5.0 (Linux; U; Android 4.3; en-us; SGH-T999 Build/JSS15J) AppleWebKit/534.30 (KHTML, like Gecko) Version/4.0 Mobile Safari/534.30"
172.56.33.82 - - [28/Jun/2015:08:40:06 -0700] "GET /im/api.php?bib=1786&r=0.30536877969279885&raceId=2147483690&raceName=cda&startTime=05:45:00 HTTP/1.1" 200 1175 "http://ericfahsl.com/im/" "Mozilla/5.0 (Linux; U; Android 4.3; en-us; SGH-T999 Build/JSS15J) AppleWebKit/534.30 (KHTML, like Gecko) Version/4.0 Mobile Safari/534.30"
172.56.33.82 - - [28/Jun/2015:08:40:06 -0700] "GET /im/api.php?bib=2021&r=0.6554471412673593&raceId=2147483690&raceName=cda&startTime=05:45:00 HTTP/1.1" 200 1187 "http://ericfahsl.com/im/" "Mozilla/5.0 (Linux; U; Android 4.3; en-us; SGH-T999 Build/JSS15J) AppleWebKit/534.30 (KHTML, like Gecko) Version/4.0 Mobile Safari/534.30"
172.56.33.82 - - [28/Jun/2015:08:40:06 -0700] "GET /im/api.php?bib=2012&r=0.5438461084850132&raceId=2147483690&raceName=cda&startTime=05:45:00 HTTP/1.1" 200 1179 "http://ericfahsl.com/im/" "Mozilla/5.0 (Linux; U; Android 4.3; en-us; SGH-T999 Build/JSS15J) AppleWebKit/534.30 (KHTML, like Gecko) Version/4.0 Mobile Safari/534.30"
127.0.0.1 - - [28/Jun/2015:08:40:11 -0700] "OPTIONS * HTTP/1.0" 200 126 "-" "Apache/2.2.22 (Ubuntu) (internal dummy connection)"
127.0.0.1 - - [28/Jun/2015:08:40:12 -0700] "OPTIONS * HTTP/1.0" 200 126 "-" "Apache/2.2.22 (Ubuntu) (internal dummy connection)"
127.0.0.1 - - [28/Jun/2015:08:40:13 -0700] "OPTIONS * HTTP/1.0" 200 126 "-" "Apache/2.2.22 (Ubuntu) (internal dummy connection)"
70.199.166.15 - - [28/Jun/2015:08:42:46 -0700] "GET /im/api.php?bib=1786&r=0.5771497911773622&raceId=2147483690&raceName=cda&startTime=05:45:00 HTTP/1.1" 200 1175 "http://ericfahsl.com/im/" "Mozilla/5.0 (iPhone; CPU iPhone OS 8_3 like Mac OS X) AppleWebKit/600.1.4 (KHTML, like Gecko) Version/8.0 Mobile/12F70 Safari/600.1.4"
70.199.166.15 - - [28/Jun/2015:08:42:46 -0700] "GET /im/api.php?bib=1780&r=0.8159266368020326&raceId=2147483690&raceName=cda&startTime=05:45:00 HTTP/1.1" 200 1174 "http://ericfahsl.com/im/" "Mozilla/5.0 (iPhone; CPU iPhone OS 8_3 like Mac OS X) AppleWebKit/600.1.4 (KHTML, like Gecko) Version/8.0 Mobile/12F70 Safari/600.1.4"
70.199.166.15 - - [28/Jun/2015:08:42:46 -0700] "GET /im/api.php?bib=1358&r=0.19982872158288956&raceId=2147483690&raceName=cda&startTime=05:45:00 HTTP/1.1" 200 1168 "http://ericfahsl.com/im/" "Mozilla/5.0 (iPhone; CPU iPhone OS 8_3 like Mac OS X) AppleWebKit/600.1.4 (KHTML, like Gecko) Version/8.0 Mobile/12F70 Safari/600.1.4"
70.199.166.15 - - [28/Jun/2015:08:42:46 -0700] "GET /im/api.php?bib=773&r=0.8633517879061401&raceId=2147483690&raceName=cda&startTime=05:45:00 HTTP/1.1" 200 1164 "http://ericfahsl.com/im/" "Mozilla/5.0 (iPhone; CPU iPhone OS 8_3 like Mac OS X) AppleWebKit/600.1.4 (KHTML, like Gecko) Version/8.0 Mobile/12F70 Safari/600.1.4"
73.225.80.224 - - [28/Jun/2015:08:42:47 -0700] "GET /im/api.php?bib=2012&r=0.649694055551663&raceId=2147483690&raceName=cda&startTime=05:45:00 HTTP/1.1" 200 1178 "http://ericfahsl.com/im/" "Mozilla/5.0 (iPhone; CPU iPhone OS 7_1_2 like Mac OS X) AppleWebKit/537.51.2 (KHTML, like Gecko) Version/7.0 Mobile/11D257 Safari/9537.53"
70.199.166.15 - - [28/Jun/2015:08:42:46 -0700] "GET /im/api.php?bib=2012&r=0.674941080622375&raceId=2147483690&raceName=cda&startTime=05:45:00 HTTP/1.1" 200 1178 "http://ericfahsl.com/im/" "Mozilla/5.0 (iPhone; CPU iPhone OS 8_3 like Mac OS X) AppleWebKit/600.1.4 (KHTML, like Gecko) Version/8.0 Mobile/12F70 Safari/600.1.4"
73.225.80.224 - - [28/Jun/2015:08:42:47 -0700] "GET /im/api.php?bib=1780&r=0.45140303135849535&raceId=2147483690&raceName=cda&startTime=05:45:00 HTTP/1.1" 200 1174 "http://ericfahsl.com/im/" "Mozilla/5.0 (iPhone; CPU iPhone OS 7_1_2 like Mac OS X) AppleWebKit/537.51.2 (KHTML, like Gecko) Version/7.0 Mobile/11D257 Safari/9537.53"
70.199.166.15 - - [28/Jun/2015:08:42:46 -0700] "GET /im/api.php?bib=1690&r=0.5408254021313041&raceId=2147483690&raceName=cda&startTime=05:45:00 HTTP/1.1" 200 1172 "http://ericfahsl.com/im/" "Mozilla/5.0 (iPhone; CPU iPhone OS 8_3 like Mac OS X) AppleWebKit/600.1.4 (KHTML, like Gecko) Version/8.0 Mobile/12F70 Safari/600.1.4"
73.225.80.224 - - [28/Jun/2015:08:42:47 -0700] "GET /im/api.php?bib=1690&r=0.9054610976018012&raceId=2147483690&raceName=cda&startTime=05:45:00 HTTP/1.1" 200 1173 "http://ericfahsl.com/im/" "Mozilla/5.0 (iPhone; CPU iPhone OS 7_1_2 like Mac OS X) AppleWebKit/537.51.2 (KHTML, like Gecko) Version/7.0 Mobile/11D257 Safari/9537.53"
73.225.80.224 - - [28/Jun/2015:08:42:47 -0700] "GET /im/api.php?bib=1786&r=0.5988250900991261&raceId=2147483690&raceName=cda&startTime=05:45:00 HTTP/1.1" 200 1175 "http://ericfahsl.com/im/" "Mozilla/5.0 (iPhone; CPU iPhone OS 7_1_2 like Mac OS X) AppleWebKit/537.51.2 (KHTML, like Gecko) Version/7.0 Mobile/11D257 Safari/9537.53"
73.225.80.224 - - [28/Jun/2015:08:42:47 -0700] "GET /im/api.php?bib=773&r=0.14842915418557823&raceId=2147483690&raceName=cda&startTime=05:45:00 HTTP/1.1" 200 1163 "http://ericfahsl.com/im/" "Mozilla/5.0 (iPhone; CPU iPhone OS 7_1_2 like Mac OS X) AppleWebKit/537.51.2 (KHTML, like Gecko) Version/7.0 Mobile/11D257 Safari/9537.53"
73.225.80.224 - - [28/Jun/2015:08:42:48 -0700] "GET /im/api.php?bib=1358&r=0.047908784821629524&raceId=2147483690&raceName=cda&startTime=05:45:00 HTTP/1.1" 200 1168 "http://ericfahsl.com/im/" "Mozilla/5.0 (iPhone; CPU iPhone OS 7_1_2 like Mac OS X) AppleWebKit/537.51.2 (KHTML, like Gecko) Version/7.0 Mobile/11D257 Safari/9537.53"
70.199.166.15 - - [28/Jun/2015:08:42:48 -0700] "GET /im/api.php?bib=1995&r=0.43608818179927766&raceId=2147483690&raceName=cda&startTime=05:45:00 HTTP/1.1" 200 1178 "http://ericfahsl.com/im/" "Mozilla/5.0 (iPhone; CPU iPhone OS 8_3 like Mac OS X) AppleWebKit/600.1.4 (KHTML, like Gecko) Version/8.0 Mobile/12F70 Safari/600.1.4"
73.225.80.224 - - [28/Jun/2015:08:42:48 -0700] "GET /im/api.php?bib=2021&r=0.14094917755573988&raceId=2147483690&raceName=cda&startTime=05:45:00 HTTP/1.1" 200 1185 "http://ericfahsl.com/im/" "Mozilla/5.0 (iPhone; CPU iPhone OS 7_1_2 like Mac OS X) AppleWebKit/537.51.2 (KHTML, like Gecko) Version/7.0 Mobile/11D257 Safari/9537.53"
73.225.80.224 - - [28/Jun/2015:08:42:48 -0700] "GET /im/api.php?bib=1995&r=0.4963058235589415&raceId=2147483690&raceName=cda&startTime=05:45:00 HTTP/1.1" 200 1177 "http://ericfahsl.com/im/" "Mozilla/5.0 (iPhone; CPU iPhone OS 7_1_2 like Mac OS X) AppleWebKit/537.51.2 (KHTML, like Gecko) Version/7.0 Mobile/11D257 Safari/9537.53"
70.199.166.15 - - [28/Jun/2015:08:42:49 -0700] "GET /im/api.php?bib=2021&r=0.37216470995917916&raceId=2147483690&raceName=cda&startTime=05:45:00 HTTP/1.1" 200 1185 "http://ericfahsl.com/im/" "Mozilla/5.0 (iPhone; CPU iPhone OS 8_3 like Mac OS X) AppleWebKit/600.1.4 (KHTML, like Gecko) Version/8.0 Mobile/12F70 Safari/600.1.4"
73.225.80.224 - - [28/Jun/2015:08:42:50 -0700] "GET /im/api.php?bib=1690&r=0.031477006152272224&raceId=2147483690&raceName=cda&startTime=05:45:00 HTTP/1.1" 200 1172 "http://ericfahsl.com/im/" "Mozilla/5.0 (iPhone; CPU iPhone OS 7_1_2 like Mac OS X) AppleWebKit/537.51.2 (KHTML, like Gecko) Version/7.0 Mobile/11D257 Safari/9537.53"
73.225.80.224 - - [28/Jun/2015:08:42:50 -0700] "GET /im/api.php?bib=773&r=0.09894825401715934&raceId=2147483690&raceName=cda&startTime=05:45:00 HTTP/1.1" 200 1163 "http://ericfahsl.com/im/" "Mozilla/5.0 (iPhone; CPU iPhone OS 7_1_2 like Mac OS X) AppleWebKit/537.51.2 (KHTML, like Gecko) Version/7.0 Mobile/11D257 Safari/9537.53"
73.225.80.224 - - [28/Jun/2015:08:42:50 -0700] "GET /im/api.php?bib=1780&r=0.9935976108536124&raceId=2147483690&raceName=cda&startTime=05:45:00 HTTP/1.1" 200 1173 "http://ericfahsl.com/im/" "Mozilla/5.0 (iPhone; CPU iPhone OS 7_1_2 like Mac OS X) AppleWebKit/537.51.2 (KHTML, like Gecko) Version/7.0 Mobile/11D257 Safari/9537.53"
73.225.80.224 - - [28/Jun/2015:08:42:50 -0700] "GET /im/api.php?bib=2012&r=0.7625911752693355&raceId=2147483690&raceName=cda&startTime=05:45:00 HTTP/1.1" 200 1177 "http://ericfahsl.com/im/" "Mozilla/5.0 (iPhone; CPU iPhone OS 7_1_2 like Mac OS X) AppleWebKit/537.51.2 (KHTML, like Gecko) Version/7.0 Mobile/11D257 Safari/9537.53"
73.225.80.224 - - [28/Jun/2015:08:42:50 -0700] "GET /im/api.php?bib=1786&r=0.7274585068225861&raceId=2147483690&raceName=cda&startTime=05:45:00 HTTP/1.1" 200 1174 "http://ericfahsl.com/im/" "Mozilla/5.0 (iPhone; CPU iPhone OS 7_1_2 like Mac OS X) AppleWebKit/537.51.2 (KHTML, like Gecko) Version/7.0 Mobile/11D257 Safari/9537.53"
73.225.80.224 - - [28/Jun/2015:08:42:50 -0700] "GET /im/api.php?bib=1358&r=0.9797422129195184&raceId=2147483690&raceName=cda&startTime=05:45:00 HTTP/1.1" 200 1167 "http://ericfahsl.com/im/" "Mozilla/5.0 (iPhone; CPU iPhone OS 7_1_2 like Mac OS X) AppleWebKit/537.51.2 (KHTML, like Gecko) Version/7.0 Mobile/11D257 Safari/9537.53"
127.0.0.1 - - [28/Jun/2015:08:42:52 -0700] "OPTIONS * HTTP/1.0" 200 126 "-" "Apache/2.2.22 (Ubuntu) (internal dummy connection)"
73.225.80.224 - - [28/Jun/2015:08:42:56 -0700] "GET /im/api.php?bib=773&r=0.9425837264861912&raceId=2147483690&raceName=cda&startTime=05:45:00 HTTP/1.1" 200 1163 "http://ericfahsl.com/im/" "Mozilla/5.0 (iPhone; CPU iPhone OS 7_1_2 like Mac OS X) AppleWebKit/537.51.2 (KHTML, like Gecko) Version/7.0 Mobile/11D257 Safari/9537.53"
73.225.80.224 - - [28/Jun/2015:08:42:56 -0700] "GET /im/api.php?bib=1690&r=0.16989118163473904&raceId=2147483690&raceName=cda&startTime=05:45:00 HTTP/1.1" 200 1173 "http://ericfahsl.com/im/" "Mozilla/5.0 (iPhone; CPU iPhone OS 7_1_2 like Mac OS X) AppleWebKit/537.51.2 (KHTML, like Gecko) Version/7.0 Mobile/11D257 Safari/9537.53"
73.225.80.224 - - [28/Jun/2015:08:42:56 -0700] "GET /im/api.php?bib=1780&r=0.06379862828180194&raceId=2147483690&raceName=cda&startTime=05:45:00 HTTP/1.1" 200 1174 "http://ericfahsl.com/im/" "Mozilla/5.0 (iPhone; CPU iPhone OS 7_1_2 like Mac OS X) AppleWebKit/537.51.2 (KHTML, like Gecko) Version/7.0 Mobile/11D257 Safari/9537.53"
73.225.80.224 - - [28/Jun/2015:08:42:57 -0700] "GET /im/api.php?bib=1358&r=0.06440189760178328&raceId=2147483690&raceName=cda&startTime=05:45:00 HTTP/1.1" 200 1168 "http://ericfahsl.com/im/" "Mozilla/5.0 (iPhone; CPU iPhone OS 7_1_2 like Mac OS X) AppleWebKit/537.51.2 (KHTML, like Gecko) Version/7.0 Mobile/11D257 Safari/9537.53"
73.225.80.224 - - [28/Jun/2015:08:42:56 -0700] "GET /im/api.php?bib=1786&r=0.06738792452961206&raceId=2147483690&raceName=cda&startTime=05:45:00 HTTP/1.1" 200 1175 "http://ericfahsl.com/im/" "Mozilla/5.0 (iPhone; CPU iPhone OS 7_1_2 like Mac OS X) AppleWebKit/537.51.2 (KHTML, like Gecko) Version/7.0 Mobile/11D257 Safari/9537.53"
73.225.80.224 - - [28/Jun/2015:08:42:57 -0700] "GET /im/api.php?bib=2012&r=0.3628948002588004&raceId=2147483690&raceName=cda&startTime=05:45:00 HTTP/1.1" 200 1177 "http://ericfahsl.com/im/" "Mozilla/5.0 (iPhone; CPU iPhone OS 7_1_2 like Mac OS X) AppleWebKit/537.51.2 (KHTML, like Gecko) Version/7.0 Mobile/11D257 Safari/9537.53"
73.225.80.224 - - [28/Jun/2015:08:42:57 -0700] "GET /im/api.php?bib=1995&r=0.0979307102970779&raceId=2147483690&raceName=cda&startTime=05:45:00 HTTP/1.1" 200 1178 "http://ericfahsl.com/im/" "Mozilla/5.0 (iPhone; CPU iPhone OS 7_1_2 like Mac OS X) AppleWebKit/537.51.2 (KHTML, like Gecko) Version/7.0 Mobile/11D257 Safari/9537.53"
73.225.80.224 - - [28/Jun/2015:08:42:57 -0700] "GET /im/api.php?bib=2021&r=0.5401307309512049&raceId=2147483690&raceName=cda&startTime=05:45:00 HTTP/1.1" 200 1185 "http://ericfahsl.com/im/" "Mozilla/5.0 (iPhone; CPU iPhone OS 7_1_2 like Mac OS X) AppleWebKit/537.51.2 (KHTML, like Gecko) Version/7.0 Mobile/11D257 Safari/9537.53"
127.0.0.1 - - [28/Jun/2015:08:43:04 -0700] "OPTIONS * HTTP/1.0" 200 126 "-" "Apache/2.2.22 (Ubuntu) (internal dummy connection)"
127.0.0.1 - - [28/Jun/2015:08:43:05 -0700] "OPTIONS * HTTP/1.0" 200 126 "-" "Apache/2.2.22 (Ubuntu) (internal dummy connection)"
127.0.0.1 - - [28/Jun/2015:08:43:06 -0700] "OPTIONS * HTTP/1.0" 200 126 "-" "Apache/2.2.22 (Ubuntu) (internal dummy connection)"
127.0.0.1 - - [28/Jun/2015:08:43:07 -0700] "OPTIONS * HTTP/1.0" 200 126 "-" "Apache/2.2.22 (Ubuntu) (internal dummy connection)"
127.0.0.1 - - [28/Jun/2015:08:43:08 -0700] "OPTIONS * HTTP/1.0" 200 126 "-" "Apache/2.2.22 (Ubuntu) (internal dummy connection)"
127.0.0.1 - - [28/Jun/2015:08:43:09 -0700] "OPTIONS * HTTP/1.0" 200 126 "-" "Apache/2.2.22 (Ubuntu) (internal dummy connection)"
157.55.39.118 - - [28/Jun/2015:08:46:09 -0700] "GET /robots.txt HTTP/1.1" 200 375 "-" "Mozilla/5.0 (compatible; bingbot/2.0; +http://www.bing.com/bingbot.htm)"
157.55.39.118 - - [28/Jun/2015:08:46:09 -0700] "GET / HTTP/1.1" 200 2376 "-" "Mozilla/5.0 (compatible; bingbot/2.0; +http://www.bing.com/bingbot.htm)"
170.75.162.130 - - [28/Jun/2015:08:47:00 -0700] "GET /lib/reccapi.php?resort=diamondpeak HTTP/1.1" 200 1024 "-" "node-superagent/0.18.2"
208.115.111.66 - - [28/Jun/2015:08:47:36 -0700] "GET /robots.txt HTTP/1.1" 200 319 "-" "Mozilla/5.0 (compatible; DotBot/1.1; http://www.opensiteexplorer.org/dotbot, help@moz.com)"
166.216.157.51 - - [28/Jun/2015:08:48:19 -0700] "GET /im/api.php?bib=1690&r=0.7621441767551005&raceId=2147483690&raceName=cda&startTime=05:45:00 HTTP/1.1" 200 1172 "http://ericfahsl.com/im/" "Mozilla/5.0 (iPhone; CPU iPhone OS 8_3 like Mac OS X) AppleWebKit/600.1.4 (KHTML, like Gecko) Version/8.0 Mobile/12F70 Safari/600.1.4"
166.216.157.51 - - [28/Jun/2015:08:48:19 -0700] "GET /im/api.php?bib=1780&r=0.22476441389881074&raceId=2147483690&raceName=cda&startTime=05:45:00 HTTP/1.1" 200 1173 "http://ericfahsl.com/im/" "Mozilla/5.0 (iPhone; CPU iPhone OS 8_3 like Mac OS X) AppleWebKit/600.1.4 (KHTML, like Gecko) Version/8.0 Mobile/12F70 Safari/600.1.4"
166.216.157.51 - - [28/Jun/2015:08:48:19 -0700] "GET /im/api.php?bib=1786&r=0.03014806006103754&raceId=2147483690&raceName=cda&startTime=05:45:00 HTTP/1.1" 200 1174 "http://ericfahsl.com/im/" "Mozilla/5.0 (iPhone; CPU iPhone OS 8_3 like Mac OS X) AppleWebKit/600.1.4 (KHTML, like Gecko) Version/8.0 Mobile/12F70 Safari/600.1.4"
166.216.157.51 - - [28/Jun/2015:08:48:19 -0700] "GET /im/api.php?bib=773&r=0.7627651977818459&raceId=2147483690&raceName=cda&startTime=05:45:00 HTTP/1.1" 200 1163 "http://ericfahsl.com/im/" "Mozilla/5.0 (iPhone; CPU iPhone OS 8_3 like Mac OS X) AppleWebKit/600.1.4 (KHTML, like Gecko) Version/8.0 Mobile/12F70 Safari/600.1.4"
166.216.157.51 - - [28/Jun/2015:08:48:19 -0700] "GET /im/api.php?bib=2012&r=0.6829280380625278&raceId=2147483690&raceName=cda&startTime=05:45:00 HTTP/1.1" 200 1179 "http://ericfahsl.com/im/" "Mozilla/5.0 (iPhone; CPU iPhone OS 8_3 like Mac OS X) AppleWebKit/600.1.4 (KHTML, like Gecko) Version/8.0 Mobile/12F70 Safari/600.1.4"
166.216.157.51 - - [28/Jun/2015:08:48:19 -0700] "GET /im/api.php?bib=1358&r=0.9545043425168842&raceId=2147483690&raceName=cda&startTime=05:45:00 HTTP/1.1" 200 1168 "http://ericfahsl.com/im/" "Mozilla/5.0 (iPhone; CPU iPhone OS 8_3 like Mac OS X) AppleWebKit/600.1.4 (KHTML, like Gecko) Version/8.0 Mobile/12F70 Safari/600.1.4"
166.216.157.51 - - [28/Jun/2015:08:48:20 -0700] "GET /im/api.php?bib=1995&r=0.9337015496566892&raceId=2147483690&raceName=cda&startTime=05:45:00 HTTP/1.1" 200 1178 "http://ericfahsl.com/im/" "Mozilla/5.0 (iPhone; CPU iPhone OS 8_3 like Mac OS X) AppleWebKit/600.1.4 (KHTML, like Gecko) Version/8.0 Mobile/12F70 Safari/600.1.4"
166.216.157.51 - - [28/Jun/2015:08:48:21 -0700] "GET /im/api.php?bib=2021&r=0.5355698962230235&raceId=2147483690&raceName=cda&startTime=05:45:00 HTTP/1.1" 200 1185 "http://ericfahsl.com/im/" "Mozilla/5.0 (iPhone; CPU iPhone OS 8_3 like Mac OS X) AppleWebKit/600.1.4 (KHTML, like Gecko) Version/8.0 Mobile/12F70 Safari/600.1.4"
127.0.0.1 - - [28/Jun/2015:08:48:23 -0700] "OPTIONS * HTTP/1.0" 200 126 "-" "Apache/2.2.22 (Ubuntu) (internal dummy connection)"
166.216.157.51 - - [28/Jun/2015:08:48:29 -0700] "GET /im/api.php?bib=1690&r=0.5752362557686865&raceId=2147483690&raceName=cda&startTime=05:45:00 HTTP/1.1" 200 1172 "http://ericfahsl.com/im/" "Mozilla/5.0 (iPhone; CPU iPhone OS 8_3 like Mac OS X) AppleWebKit/600.1.4 (KHTML, like Gecko) Version/8.0 Mobile/12F70 Safari/600.1.4"
166.216.157.51 - - [28/Jun/2015:08:48:30 -0700] "GET /im/api.php?bib=1358&r=0.4735853993333876&raceId=2147483690&raceName=cda&startTime=05:45:00 HTTP/1.1" 200 1169 "http://ericfahsl.com/im/" "Mozilla/5.0 (iPhone; CPU iPhone OS 8_3 like Mac OS X) AppleWebKit/600.1.4 (KHTML, like Gecko) Version/8.0 Mobile/12F70 Safari/600.1.4"
166.216.157.51 - - [28/Jun/2015:08:48:30 -0700] "GET /im/api.php?bib=2012&r=0.5539188692346215&raceId=2147483690&raceName=cda&startTime=05:45:00 HTTP/1.1" 200 1178 "http://ericfahsl.com/im/" "Mozilla/5.0 (iPhone; CPU iPhone OS 8_3 like Mac OS X) AppleWebKit/600.1.4 (KHTML, like Gecko) Version/8.0 Mobile/12F70 Safari/600.1.4"
166.216.157.51 - - [28/Jun/2015:08:48:30 -0700] "GET /im/api.php?bib=773&r=0.6249884644057602&raceId=2147483690&raceName=cda&startTime=05:45:00 HTTP/1.1" 200 1163 "http://ericfahsl.com/im/" "Mozilla/5.0 (iPhone; CPU iPhone OS 8_3 like Mac OS X) AppleWebKit/600.1.4 (KHTML, like Gecko) Version/8.0 Mobile/12F70 Safari/600.1.4"
166.216.157.51 - - [28/Jun/2015:08:48:30 -0700] "GET /im/api.php?bib=1780&r=0.8107229273300618&raceId=2147483690&raceName=cda&startTime=05:45:00 HTTP/1.1" 200 1174 "http://ericfahsl.com/im/" "Mozilla/5.0 (iPhone; CPU iPhone OS 8_3 like Mac OS X) AppleWebKit/600.1.4 (KHTML, like Gecko) Version/8.0 Mobile/12F70 Safari/600.1.4"
166.216.157.51 - - [28/Jun/2015:08:48:30 -0700] "GET /im/api.php?bib=1786&r=0.9152108957059681&raceId=2147483690&raceName=cda&startTime=05:45:00 HTTP/1.1" 200 1175 "http://ericfahsl.com/im/" "Mozilla/5.0 (iPhone; CPU iPhone OS 8_3 like Mac OS X) AppleWebKit/600.1.4 (KHTML, like Gecko) Version/8.0 Mobile/12F70 Safari/600.1.4"
166.216.157.51 - - [28/Jun/2015:08:48:30 -0700] "GET /im/api.php?bib=1995&r=0.2128861255478114&raceId=2147483690&raceName=cda&startTime=05:45:00 HTTP/1.1" 200 1178 "http://ericfahsl.com/im/" "Mozilla/5.0 (iPhone; CPU iPhone OS 8_3 like Mac OS X) AppleWebKit/600.1.4 (KHTML, like Gecko) Version/8.0 Mobile/12F70 Safari/600.1.4"
166.216.157.51 - - [28/Jun/2015:08:48:31 -0700] "GET /im/api.php?bib=2021&r=0.23816146166063845&raceId=2147483690&raceName=cda&startTime=05:45:00 HTTP/1.1" 200 1185 "http://ericfahsl.com/im/" "Mozilla/5.0 (iPhone; CPU iPhone OS 8_3 like Mac OS X) AppleWebKit/600.1.4 (KHTML, like Gecko) Version/8.0 Mobile/12F70 Safari/600.1.4"
127.0.0.1 - - [28/Jun/2015:08:48:34 -0700] "OPTIONS * HTTP/1.0" 200 126 "-" "Apache/2.2.22 (Ubuntu) (internal dummy connection)"
166.216.157.51 - - [28/Jun/2015:08:48:39 -0700] "GET /im/api.php?bib=1690&r=0.03346145781688392&raceId=2147483690&raceName=cda&startTime=05:45:00 HTTP/1.1" 200 1173 "http://ericfahsl.com/im/" "Mozilla/5.0 (iPhone; CPU iPhone OS 8_3 like Mac OS X) AppleWebKit/600.1.4 (KHTML, like Gecko) Version/8.0 Mobile/12F70 Safari/600.1.4"
166.216.157.51 - - [28/Jun/2015:08:48:39 -0700] "GET /im/api.php?bib=1780&r=0.6414680101443082&raceId=2147483690&raceName=cda&startTime=05:45:00 HTTP/1.1" 200 1174 "http://ericfahsl.com/im/" "Mozilla/5.0 (iPhone; CPU iPhone OS 8_3 like Mac OS X) AppleWebKit/600.1.4 (KHTML, like Gecko) Version/8.0 Mobile/12F70 Safari/600.1.4"
166.216.157.51 - - [28/Jun/2015:08:48:39 -0700] "GET /im/api.php?bib=2012&r=0.6689238040708005&raceId=2147483690&raceName=cda&startTime=05:45:00 HTTP/1.1" 200 1178 "http://ericfahsl.com/im/" "Mozilla/5.0 (iPhone; CPU iPhone OS 8_3 like Mac OS X) AppleWebKit/600.1.4 (KHTML, like Gecko) Version/8.0 Mobile/12F70 Safari/600.1.4"
166.216.157.51 - - [28/Jun/2015:08:48:39 -0700] "GET /im/api.php?bib=773&r=0.28738398430868983&raceId=2147483690&raceName=cda&startTime=05:45:00 HTTP/1.1" 200 1164 "http://ericfahsl.com/im/" "Mozilla/5.0 (iPhone; CPU iPhone OS 8_3 like Mac OS X) AppleWebKit/600.1.4 (KHTML, like Gecko) Version/8.0 Mobile/12F70 Safari/600.1.4"
166.216.157.51 - - [28/Jun/2015:08:48:39 -0700] "GET /im/api.php?bib=1786&r=0.5336585864424706&raceId=2147483690&raceName=cda&startTime=05:45:00 HTTP/1.1" 200 1174 "http://ericfahsl.com/im/" "Mozilla/5.0 (iPhone; CPU iPhone OS 8_3 like Mac OS X) AppleWebKit/600.1.4 (KHTML, like Gecko) Version/8.0 Mobile/12F70 Safari/600.1.4"
166.216.157.51 - - [28/Jun/2015:08:48:39 -0700] "GET /im/api.php?bib=1358&r=0.07915216241963208&raceId=2147483690&raceName=cda&startTime=05:45:00 HTTP/1.1" 200 1168 "http://ericfahsl.com/im/" "Mozilla/5.0 (iPhone; CPU iPhone OS 8_3 like Mac OS X) AppleWebKit/600.1.4 (KHTML, like Gecko) Version/8.0 Mobile/12F70 Safari/600.1.4"
166.216.157.51 - - [28/Jun/2015:08:48:39 -0700] "GET /im/api.php?bib=1995&r=0.8839880747254938&raceId=2147483690&raceName=cda&startTime=05:45:00 HTTP/1.1" 200 1178 "http://ericfahsl.com/im/" "Mozilla/5.0 (iPhone; CPU iPhone OS 8_3 like Mac OS X) AppleWebKit/600.1.4 (KHTML, like Gecko) Version/8.0 Mobile/12F70 Safari/600.1.4"
166.216.157.51 - - [28/Jun/2015:08:48:40 -0700] "GET /im/api.php?bib=2021&r=0.49433730728924274&raceId=2147483690&raceName=cda&startTime=05:45:00 HTTP/1.1" 200 1185 "http://ericfahsl.com/im/" "Mozilla/5.0 (iPhone; CPU iPhone OS 8_3 like Mac OS X) AppleWebKit/600.1.4 (KHTML, like Gecko) Version/8.0 Mobile/12F70 Safari/600.1.4"
127.0.0.1 - - [28/Jun/2015:08:48:43 -0700] "OPTIONS * HTTP/1.0" 200 126 "-" "Apache/2.2.22 (Ubuntu) (internal dummy connection)"
207.46.13.44 - - [28/Jun/2015:08:54:10 -0700] "GET /about HTTP/1.1" 404 509 "-" "Mozilla/5.0 (compatible; bingbot/2.0; +http://www.bing.com/bingbot.htm)"
12.139.8.253 - - [28/Jun/2015:08:55:30 -0700] "GET /im/api.php?bib=1690&r=0.6461080701556057&raceId=2147483690&raceName=cda&startTime=05:45:00 HTTP/1.1" 200 1172 "http://ericfahsl.com/im/" "Mozilla/5.0 (Macintosh; Intel Mac OS X 10_6_8) AppleWebKit/537.36 (KHTML, like Gecko) Chrome/43.0.2357.124 Safari/537.36"
12.139.8.253 - - [28/Jun/2015:08:55:30 -0700] "GET /im/api.php?bib=1358&r=0.5462324148975313&raceId=2147483690&raceName=cda&startTime=05:45:00 HTTP/1.1" 200 1168 "http://ericfahsl.com/im/" "Mozilla/5.0 (Macintosh; Intel Mac OS X 10_6_8) AppleWebKit/537.36 (KHTML, like Gecko) Chrome/43.0.2357.124 Safari/537.36"
12.139.8.253 - - [28/Jun/2015:08:55:30 -0700] "GET /im/api.php?bib=1786&r=0.1569145447574556&raceId=2147483690&raceName=cda&startTime=05:45:00 HTTP/1.1" 200 1174 "http://ericfahsl.com/im/" "Mozilla/5.0 (Macintosh; Intel Mac OS X 10_6_8) AppleWebKit/537.36 (KHTML, like Gecko) Chrome/43.0.2357.124 Safari/537.36"
12.139.8.253 - - [28/Jun/2015:08:55:30 -0700] "GET /im/api.php?bib=1780&r=0.7987885002512485&raceId=2147483690&raceName=cda&startTime=05:45:00 HTTP/1.1" 200 1174 "http://ericfahsl.com/im/" "Mozilla/5.0 (Macintosh; Intel Mac OS X 10_6_8) AppleWebKit/537.36 (KHTML, like Gecko) Chrome/43.0.2357.124 Safari/537.36"
12.139.8.253 - - [28/Jun/2015:08:55:30 -0700] "GET /im/api.php?bib=2012&r=0.23725160164758563&raceId=2147483690&raceName=cda&startTime=05:45:00 HTTP/1.1" 200 1179 "http://ericfahsl.com/im/" "Mozilla/5.0 (Macintosh; Intel Mac OS X 10_6_8) AppleWebKit/537.36 (KHTML, like Gecko) Chrome/43.0.2357.124 Safari/537.36"
12.139.8.253 - - [28/Jun/2015:08:55:30 -0700] "GET /im/api.php?bib=773&r=0.4040942909196019&raceId=2147483690&raceName=cda&startTime=05:45:00 HTTP/1.1" 200 1164 "http://ericfahsl.com/im/" "Mozilla/5.0 (Macintosh; Intel Mac OS X 10_6_8) AppleWebKit/537.36 (KHTML, like Gecko) Chrome/43.0.2357.124 Safari/537.36"
12.139.8.253 - - [28/Jun/2015:08:55:31 -0700] "GET /im/api.php?bib=1995&r=0.3915384041611105&raceId=2147483690&raceName=cda&startTime=05:45:00 HTTP/1.1" 200 1177 "http://ericfahsl.com/im/" "Mozilla/5.0 (Macintosh; Intel Mac OS X 10_6_8) AppleWebKit/537.36 (KHTML, like Gecko) Chrome/43.0.2357.124 Safari/537.36"
12.139.8.253 - - [28/Jun/2015:08:55:31 -0700] "GET /im/api.php?bib=2021&r=0.3508675070479512&raceId=2147483690&raceName=cda&startTime=05:45:00 HTTP/1.1" 200 1186 "http://ericfahsl.com/im/" "Mozilla/5.0 (Macintosh; Intel Mac OS X 10_6_8) AppleWebKit/537.36 (KHTML, like Gecko) Chrome/43.0.2357.124 Safari/537.36"
127.0.0.1 - - [28/Jun/2015:08:55:39 -0700] "OPTIONS * HTTP/1.0" 200 126 "-" "Apache/2.2.22 (Ubuntu) (internal dummy connection)"
12.139.8.253 - - [28/Jun/2015:08:56:53 -0700] "GET /im/api.php?bib=1995&r=0.12425681320019066&raceId=2147483690&raceName=cda&startTime=05:45:00 HTTP/1.1" 200 1179 "http://ericfahsl.com/im/" "Mozilla/5.0 (Macintosh; Intel Mac OS X 10_6_8) AppleWebKit/537.36 (KHTML, like Gecko) Chrome/43.0.2357.124 Safari/537.36"
207.192.252.114 - - [28/Jun/2015:09:05:36 -0700] "GET /images/wsis-logo-sm.png HTTP/1.1" 200 6108 "http://www.thebackcountry.net/" "Mozilla/5.0 (Macintosh; Intel Mac OS X 10_10_4) AppleWebKit/600.7.12 (KHTML, like Gecko) Version/8.0.7 Safari/600.7.12"
66.249.83.174 - - [28/Jun/2015:09:06:37 -0700] "GET /im/api.php?bib=2021&r=0.5299796517938375&raceId=2147483690&raceName=cda&startTime=05:45:00 HTTP/1.1" 200 1187 "http://ericfahsl.com/im/" "Mozilla/5.0 (Linux; Android 5.1; MotoE2(4G-LTE) Build/LPI23.29-15) AppleWebKit/537.36 (KHTML, like Gecko) Chrome/43.0.2357.93 Mobile Safari/537.36"
66.249.83.177 - - [28/Jun/2015:09:06:37 -0700] "GET /im/api.php?bib=1995&r=0.5764550664462149&raceId=2147483690&raceName=cda&startTime=05:45:00 HTTP/1.1" 200 1198 "http://ericfahsl.com/im/" "Mozilla/5.0 (Linux; Android 5.1; MotoE2(4G-LTE) Build/LPI23.29-15) AppleWebKit/537.36 (KHTML, like Gecko) Chrome/43.0.2357.93 Mobile Safari/537.36"
66.249.83.180 - - [28/Jun/2015:09:06:37 -0700] "GET /im/api.php?bib=1690&r=0.10525538306683302&raceId=2147483690&raceName=cda&startTime=05:45:00 HTTP/1.1" 200 1173 "http://ericfahsl.com/im/" "Mozilla/5.0 (Linux; Android 5.1; MotoE2(4G-LTE) Build/LPI23.29-15) AppleWebKit/537.36 (KHTML, like Gecko) Chrome/43.0.2357.93 Mobile Safari/537.36"
66.249.83.174 - - [28/Jun/2015:09:06:37 -0700] "GET /im/api.php?bib=1358&r=0.7232774710282683&raceId=2147483690&raceName=cda&startTime=05:45:00 HTTP/1.1" 200 1168 "http://ericfahsl.com/im/" "Mozilla/5.0 (Linux; Android 5.1; MotoE2(4G-LTE) Build/LPI23.29-15) AppleWebKit/537.36 (KHTML, like Gecko) Chrome/43.0.2357.93 Mobile Safari/537.36"
66.249.83.177 - - [28/Jun/2015:09:06:37 -0700] "GET /im/api.php?bib=773&r=0.7750819511711597&raceId=2147483690&raceName=cda&startTime=05:45:00 HTTP/1.1" 200 1164 "http://ericfahsl.com/im/" "Mozilla/5.0 (Linux; Android 5.1; MotoE2(4G-LTE) Build/LPI23.29-15) AppleWebKit/537.36 (KHTML, like Gecko) Chrome/43.0.2357.93 Mobile Safari/537.36"
66.249.83.177 - - [28/Jun/2015:09:06:37 -0700] "GET /im/api.php?bib=1786&r=0.17628049314953387&raceId=2147483690&raceName=cda&startTime=05:45:00 HTTP/1.1" 200 1175 "http://ericfahsl.com/im/" "Mozilla/5.0 (Linux; Android 5.1; MotoE2(4G-LTE) Build/LPI23.29-15) AppleWebKit/537.36 (KHTML, like Gecko) Chrome/43.0.2357.93 Mobile Safari/537.36"
66.249.83.180 - - [28/Jun/2015:09:06:37 -0700] "GET /im/api.php?bib=2012&r=0.28944433224387467&raceId=2147483690&raceName=cda&startTime=05:45:00 HTTP/1.1" 200 1178 "http://ericfahsl.com/im/" "Mozilla/5.0 (Linux; Android 5.1; MotoE2(4G-LTE) Build/LPI23.29-15) AppleWebKit/537.36 (KHTML, like Gecko) Chrome/43.0.2357.93 Mobile Safari/537.36"
66.249.83.177 - - [28/Jun/2015:09:06:37 -0700] "GET /im/api.php?bib=1780&r=0.5444936892017722&raceId=2147483690&raceName=cda&startTime=05:45:00 HTTP/1.1" 200 1174 "http://ericfahsl.com/im/" "Mozilla/5.0 (Linux; Android 5.1; MotoE2(4G-LTE) Build/LPI23.29-15) AppleWebKit/537.36 (KHTML, like Gecko) Chrome/43.0.2357.93 Mobile Safari/537.36"
127.0.0.1 - - [28/Jun/2015:09:06:44 -0700] "OPTIONS * HTTP/1.0" 200 126 "-" "Apache/2.2.22 (Ubuntu) (internal dummy connection)"
127.0.0.1 - - [28/Jun/2015:09:06:45 -0700] "OPTIONS * HTTP/1.0" 200 126 "-" "Apache/2.2.22 (Ubuntu) (internal dummy connection)"
127.0.0.1 - - [28/Jun/2015:09:06:46 -0700] "OPTIONS * HTTP/1.0" 200 126 "-" "Apache/2.2.22 (Ubuntu) (internal dummy connection)"
173.195.181.107 - - [28/Jun/2015:09:07:16 -0700] "GET /images/wsis-logo-sm.png HTTP/1.1" 200 6108 "http://www.thebackcountry.net/" "Mozilla/5.0 (Macintosh; Intel Mac OS X 10.10; rv:38.0) Gecko/20100101 Firefox/38.0"
123.125.71.14 - - [28/Jun/2015:09:08:22 -0700] "GET /images/loading.gif HTTP/1.1" 200 13845 "-" "Baiduspider-image+(+http://www.baidu.com/search/spider.htm)"
170.75.162.130 - - [28/Jun/2015:09:08:42 -0700] "GET /lib/reccapi.php?resort=sundayriver HTTP/1.1" 200 1035 "-" "node-superagent/0.18.2"
75.111.100.209 - - [28/Jun/2015:09:09:50 -0700] "GET /images/wsis-logo-sm.png HTTP/1.1" 200 6108 "http://www.thebackcountry.net/" "Mozilla/5.0 (iPhone; CPU iPhone OS 8_3 like Mac OS X) AppleWebKit/600.1.4 (KHTML, like Gecko) Version/8.0 Mobile/12F70 Safari/600.1.4"
123.125.71.116 - - [28/Jun/2015:09:10:27 -0700] "-" 408 0 "-" "-"
66.249.79.250 - - [28/Jun/2015:09:14:22 -0700] "GET / HTTP/1.1" 200 2376 "-" "Mozilla/5.0 (iPhone; CPU iPhone OS 6_0 like Mac OS X) AppleWebKit/536.26 (KHTML, like Gecko) Version/6.0 Mobile/10A5376e Safari/8536.25 (compatible; Googlebot/2.1; +http://www.google.com/bot.html)"
220.181.108.166 - - [28/Jun/2015:09:17:55 -0700] "-" 408 0 "-" "-"
172.56.33.82 - - [28/Jun/2015:09:22:36 -0700] "GET /im/api.php?bib=1995&r=0.8325256532989442&raceId=2147483690&raceName=cda&startTime=05:45:00 HTTP/1.1" 200 1198 "http://ericfahsl.com/im/" "Mozilla/5.0 (Linux; U; Android 4.3; en-us; SGH-T999 Build/JSS15J) AppleWebKit/534.30 (KHTML, like Gecko) Version/4.0 Mobile Safari/534.30"
172.56.33.82 - - [28/Jun/2015:09:23:25 -0700] "GET /im/api.php?bib=1358&r=0.22568464744836092&raceId=2147483690&raceName=cda&startTime=05:45:00 HTTP/1.1" 200 1168 "http://ericfahsl.com/im/" "Mozilla/5.0 (Linux; U; Android 4.3; en-us; SGH-T999 Build/JSS15J) AppleWebKit/534.30 (KHTML, like Gecko) Version/4.0 Mobile Safari/534.30"
172.56.33.82 - - [28/Jun/2015:09:23:35 -0700] "GET /im/api.php?bib=1358&r=0.6186982600484043&raceId=2147483690&raceName=cda&startTime=05:45:00 HTTP/1.1" 200 1168 "http://ericfahsl.com/im/" "Mozilla/5.0 (Linux; U; Android 4.3; en-us; SGH-T999 Build/JSS15J) AppleWebKit/534.30 (KHTML, like Gecko) Version/4.0 Mobile Safari/534.30"
70.214.41.86 - - [28/Jun/2015:09:27:20 -0700] "GET /images/wsis-logo-sm.png HTTP/1.1" 200 6108 "http://www.thebackcountry.net/" "Mozilla/5.0 (Windows NT 6.1; WOW64) AppleWebKit/537.36 (KHTML, like Gecko) Chrome/43.0.2357.130 Safari/537.36"
170.75.162.130 - - [28/Jun/2015:09:28:44 -0700] "GET /lib/reccapi.php?resort=arapahoebasin HTTP/1.1" 200 1056 "-" "node-superagent/0.18.2"
170.75.162.130 - - [28/Jun/2015:09:28:44 -0700] "GET /lib/reccapi.php?resort=49degreesnorth HTTP/1.1" 200 1002 "-" "node-superagent/0.18.2"
170.75.162.130 - - [28/Jun/2015:09:28:44 -0700] "GET /lib/reccapi.php?resort=bigsky HTTP/1.1" 200 959 "-" "node-superagent/0.18.2"
170.75.162.130 - - [28/Jun/2015:09:28:44 -0700] "GET /lib/reccapi.php?resort=aspenmountain HTTP/1.1" 200 1067 "-" "node-superagent/0.18.2"
170.75.162.130 - - [28/Jun/2015:09:28:44 -0700] "GET /lib/reccapi.php?resort=buttermilk HTTP/1.1" 200 1037 "-" "node-superagent/0.18.2"
170.75.162.130 - - [28/Jun/2015:09:28:44 -0700] "GET /lib/reccapi.php?resort=coppermountain HTTP/1.1" 200 1050 "-" "node-superagent/0.18.2"
170.75.162.130 - - [28/Jun/2015:09:29:44 -0700] "GET /lib/reccapi.php?resort=mountbachelor HTTP/1.1" 200 1068 "-" "node-superagent/0.18.2"
170.75.162.130 - - [28/Jun/2015:09:29:44 -0700] "GET /lib/reccapi.php?resort=steamboat HTTP/1.1" 200 1032 "-" "node-superagent/0.18.2"
170.75.162.130 - - [28/Jun/2015:09:29:54 -0700] "GET /lib/reccapi.php?resort=mounthoodmeadows HTTP/1.1" 200 1037 "-" "node-superagent/0.18.2"
170.75.162.130 - - [28/Jun/2015:09:30:14 -0700] "GET /lib/reccapi.php?resort=stevenspass HTTP/1.1" 200 1030 "-" "node-superagent/0.18.2"
170.75.162.130 - - [28/Jun/2015:09:30:24 -0700] "GET /lib/reccapi.php?resort=bigwhite HTTP/1.1" 200 912 "-" "node-superagent/0.18.2"
170.75.162.130 - - [28/Jun/2015:09:31:14 -0700] "GET /lib/reccapi.php?resort=redlodge HTTP/1.1" 200 1066 "-" "node-superagent/0.18.2"
170.75.162.130 - - [28/Jun/2015:09:31:34 -0700] "GET /lib/reccapi.php?resort=wildcatmountain HTTP/1.1" 200 1062 "-" "node-superagent/0.18.2"
170.75.162.130 - - [28/Jun/2015:09:31:44 -0700] "GET /lib/reccapi.php?resort=mountspokane HTTP/1.1" 200 993 "-" "node-superagent/0.18.2"
170.75.162.130 - - [28/Jun/2015:09:31:44 -0700] "GET /lib/reccapi.php?resort=redmountain HTTP/1.1" 200 899 "-" "node-superagent/0.18.2"
170.75.162.130 - - [28/Jun/2015:09:31:54 -0700] "GET /lib/reccapi.php?resort=madriverglen HTTP/1.1" 200 1060 "-" "node-superagent/0.18.2"
170.75.162.130 - - [28/Jun/2015:09:31:54 -0700] "GET /lib/reccapi.php?resort=silverstarmountain HTTP/1.1" 200 925 "-" "node-superagent/0.18.2"
174.21.187.42 - - [28/Jun/2015:09:34:11 -0700] "GET /im/api.php?bib=773&r=0.0793312774039805&raceId=2147483690&raceName=cda&startTime=05:45:00 HTTP/1.1" 200 1163 "http://ericfahsl.com/im/" "Mozilla/5.0 (iPhone; CPU iPhone OS 8_3 like Mac OS X) AppleWebKit/600.1.4 (KHTML, like Gecko) Mobile/12F70 [FBAN/FBIOS;FBAV/33.0.0.36.243;FBBV/11752013;FBDV/iPhone6,1;FBMD/iPhone;FBSN/iPhone OS;FBSV/8.3;FBSS/2; FBCR/Verizon;FBID/phone;FBLC/en_US;FBOP/5]"
174.21.187.42 - - [28/Jun/2015:09:34:11 -0700] "GET /im/api.php?bib=1780&r=0.7616197974421084&raceId=2147483690&raceName=cda&startTime=05:45:00 HTTP/1.1" 200 1174 "http://ericfahsl.com/im/" "Mozilla/5.0 (iPhone; CPU iPhone OS 8_3 like Mac OS X) AppleWebKit/600.1.4 (KHTML, like Gecko) Mobile/12F70 [FBAN/FBIOS;FBAV/33.0.0.36.243;FBBV/11752013;FBDV/iPhone6,1;FBMD/iPhone;FBSN/iPhone OS;FBSV/8.3;FBSS/2; FBCR/Verizon;FBID/phone;FBLC/en_US;FBOP/5]"
174.21.187.42 - - [28/Jun/2015:09:34:11 -0700] "GET /im/api.php?bib=1690&r=0.6734840641729534&raceId=2147483690&raceName=cda&startTime=05:45:00 HTTP/1.1" 200 1173 "http://ericfahsl.com/im/" "Mozilla/5.0 (iPhone; CPU iPhone OS 8_3 like Mac OS X) AppleWebKit/600.1.4 (KHTML, like Gecko) Mobile/12F70 [FBAN/FBIOS;FBAV/33.0.0.36.243;FBBV/11752013;FBDV/iPhone6,1;FBMD/iPhone;FBSN/iPhone OS;FBSV/8.3;FBSS/2; FBCR/Verizon;FBID/phone;FBLC/en_US;FBOP/5]"
174.21.187.42 - - [28/Jun/2015:09:34:11 -0700] "GET /im/api.php?bib=2012&r=0.164728497620672&raceId=2147483690&raceName=cda&startTime=05:45:00 HTTP/1.1" 200 1178 "http://ericfahsl.com/im/" "Mozilla/5.0 (iPhone; CPU iPhone OS 8_3 like Mac OS X) AppleWebKit/600.1.4 (KHTML, like Gecko) Mobile/12F70 [FBAN/FBIOS;FBAV/33.0.0.36.243;FBBV/11752013;FBDV/iPhone6,1;FBMD/iPhone;FBSN/iPhone OS;FBSV/8.3;FBSS/2; FBCR/Verizon;FBID/phone;FBLC/en_US;FBOP/5]"
174.21.187.42 - - [28/Jun/2015:09:34:11 -0700] "GET /im/api.php?bib=1358&r=0.2638927409425378&raceId=2147483690&raceName=cda&startTime=05:45:00 HTTP/1.1" 200 1168 "http://ericfahsl.com/im/" "Mozilla/5.0 (iPhone; CPU iPhone OS 8_3 like Mac OS X) AppleWebKit/600.1.4 (KHTML, like Gecko) Mobile/12F70 [FBAN/FBIOS;FBAV/33.0.0.36.243;FBBV/11752013;FBDV/iPhone6,1;FBMD/iPhone;FBSN/iPhone OS;FBSV/8.3;FBSS/2; FBCR/Verizon;FBID/phone;FBLC/en_US;FBOP/5]"
174.21.187.42 - - [28/Jun/2015:09:34:11 -0700] "GET /im/api.php?bib=1786&r=0.9836992244236171&raceId=2147483690&raceName=cda&startTime=05:45:00 HTTP/1.1" 200 1175 "http://ericfahsl.com/im/" "Mozilla/5.0 (iPhone; CPU iPhone OS 8_3 like Mac OS X) AppleWebKit/600.1.4 (KHTML, like Gecko) Mobile/12F70 [FBAN/FBIOS;FBAV/33.0.0.36.243;FBBV/11752013;FBDV/iPhone6,1;FBMD/iPhone;FBSN/iPhone OS;FBSV/8.3;FBSS/2; FBCR/Verizon;FBID/phone;FBLC/en_US;FBOP/5]"
174.21.187.42 - - [28/Jun/2015:09:34:12 -0700] "GET /im/api.php?bib=1995&r=0.3556373368483037&raceId=2147483690&raceName=cda&startTime=05:45:00 HTTP/1.1" 200 1197 "http://ericfahsl.com/im/" "Mozilla/5.0 (iPhone; CPU iPhone OS 8_3 like Mac OS X) AppleWebKit/600.1.4 (KHTML, like Gecko) Mobile/12F70 [FBAN/FBIOS;FBAV/33.0.0.36.243;FBBV/11752013;FBDV/iPhone6,1;FBMD/iPhone;FBSN/iPhone OS;FBSV/8.3;FBSS/2; FBCR/Verizon;FBID/phone;FBLC/en_US;FBOP/5]"
174.21.187.42 - - [28/Jun/2015:09:34:13 -0700] "GET /im/api.php?bib=2021&r=0.28511335398070514&raceId=2147483690&raceName=cda&startTime=05:45:00 HTTP/1.1" 200 1185 "http://ericfahsl.com/im/" "Mozilla/5.0 (iPhone; CPU iPhone OS 8_3 like Mac OS X) AppleWebKit/600.1.4 (KHTML, like Gecko) Mobile/12F70 [FBAN/FBIOS;FBAV/33.0.0.36.243;FBBV/11752013;FBDV/iPhone6,1;FBMD/iPhone;FBSN/iPhone OS;FBSV/8.3;FBSS/2; FBCR/Verizon;FBID/phone;FBLC/en_US;FBOP/5]"
127.0.0.1 - - [28/Jun/2015:09:34:14 -0700] "OPTIONS * HTTP/1.0" 200 126 "-" "Apache/2.2.22 (Ubuntu) (internal dummy connection)"
127.0.0.1 - - [28/Jun/2015:09:34:18 -0700] "OPTIONS * HTTP/1.0" 200 126 "-" "Apache/2.2.22 (Ubuntu) (internal dummy connection)"
127.0.0.1 - - [28/Jun/2015:09:34:19 -0700] "OPTIONS * HTTP/1.0" 200 126 "-" "Apache/2.2.22 (Ubuntu) (internal dummy connection)"
127.0.0.1 - - [28/Jun/2015:09:34:20 -0700] "OPTIONS * HTTP/1.0" 200 126 "-" "Apache/2.2.22 (Ubuntu) (internal dummy connection)"
127.0.0.1 - - [28/Jun/2015:09:34:21 -0700] "OPTIONS * HTTP/1.0" 200 126 "-" "Apache/2.2.22 (Ubuntu) (internal dummy connection)"
127.0.0.1 - - [28/Jun/2015:09:34:22 -0700] "OPTIONS * HTTP/1.0" 200 126 "-" "Apache/2.2.22 (Ubuntu) (internal dummy connection)"
127.0.0.1 - - [28/Jun/2015:09:34:23 -0700] "OPTIONS * HTTP/1.0" 200 126 "-" "Apache/2.2.22 (Ubuntu) (internal dummy connection)"
71.23.25.121 - - [28/Jun/2015:09:35:21 -0700] "GET /im/api.php?bib=1786&r=0.06219625333324075&raceId=2147483690&raceName=cda&startTime=05:45:00 HTTP/1.1" 200 1174 "http://ericfahsl.com/im/" "Mozilla/5.0 (Windows NT 6.1; WOW64) AppleWebKit/537.36 (KHTML, like Gecko) Chrome/43.0.2357.130 Safari/537.36"
71.23.25.121 - - [28/Jun/2015:09:35:21 -0700] "GET /im/api.php?bib=1780&r=0.11532034981064498&raceId=2147483690&raceName=cda&startTime=05:45:00 HTTP/1.1" 200 1174 "http://ericfahsl.com/im/" "Mozilla/5.0 (Windows NT 6.1; WOW64) AppleWebKit/537.36 (KHTML, like Gecko) Chrome/43.0.2357.130 Safari/537.36"
71.23.25.121 - - [28/Jun/2015:09:35:21 -0700] "GET /im/api.php?bib=773&r=0.03939076326787472&raceId=2147483690&raceName=cda&startTime=05:45:00 HTTP/1.1" 200 1164 "http://ericfahsl.com/im/" "Mozilla/5.0 (Windows NT 6.1; WOW64) AppleWebKit/537.36 (KHTML, like Gecko) Chrome/43.0.2357.130 Safari/537.36"
71.23.25.121 - - [28/Jun/2015:09:35:21 -0700] "GET /im/api.php?bib=2012&r=0.40441615344025195&raceId=2147483690&raceName=cda&startTime=05:45:00 HTTP/1.1" 200 1178 "http://ericfahsl.com/im/" "Mozilla/5.0 (Windows NT 6.1; WOW64) AppleWebKit/537.36 (KHTML, like Gecko) Chrome/43.0.2357.130 Safari/537.36"
71.23.25.121 - - [28/Jun/2015:09:35:21 -0700] "GET /im/api.php?bib=1358&r=0.4155869090463966&raceId=2147483690&raceName=cda&startTime=05:45:00 HTTP/1.1" 200 1168 "http://ericfahsl.com/im/" "Mozilla/5.0 (Windows NT 6.1; WOW64) AppleWebKit/537.36 (KHTML, like Gecko) Chrome/43.0.2357.130 Safari/537.36"
71.23.25.121 - - [28/Jun/2015:09:35:21 -0700] "GET /im/api.php?bib=1690&r=0.14902444765903056&raceId=2147483690&raceName=cda&startTime=05:45:00 HTTP/1.1" 200 1175 "http://ericfahsl.com/im/" "Mozilla/5.0 (Windows NT 6.1; WOW64) AppleWebKit/537.36 (KHTML, like Gecko) Chrome/43.0.2357.130 Safari/537.36"
71.23.25.121 - - [28/Jun/2015:09:35:22 -0700] "GET /im/api.php?bib=1995&r=0.8946118752937764&raceId=2147483690&raceName=cda&startTime=05:45:00 HTTP/1.1" 200 1196 "http://ericfahsl.com/im/" "Mozilla/5.0 (Windows NT 6.1; WOW64) AppleWebKit/537.36 (KHTML, like Gecko) Chrome/43.0.2357.130 Safari/537.36"
71.23.25.121 - - [28/Jun/2015:09:35:22 -0700] "GET /im/api.php?bib=2021&r=0.8883438489865512&raceId=2147483690&raceName=cda&startTime=05:45:00 HTTP/1.1" 200 1186 "http://ericfahsl.com/im/" "Mozilla/5.0 (Windows NT 6.1; WOW64) AppleWebKit/537.36 (KHTML, like Gecko) Chrome/43.0.2357.130 Safari/537.36"
127.0.0.1 - - [28/Jun/2015:09:35:29 -0700] "OPTIONS * HTTP/1.0" 200 126 "-" "Apache/2.2.22 (Ubuntu) (internal dummy connection)"
170.75.162.130 - - [28/Jun/2015:09:35:34 -0700] "GET /lib/reccapi.php?resort=angelfire HTTP/1.1" 200 1070 "-" "node-superagent/0.18.2"
174.21.187.42 - - [28/Jun/2015:09:35:55 -0700] "GET /im/api.php?bib=1690&r=0.17414923151955009&raceId=2147483690&raceName=cda&startTime=05:45:00 HTTP/1.1" 200 1172 "http://ericfahsl.com/im/" "Mozilla/5.0 (iPhone; CPU iPhone OS 8_3 like Mac OS X) AppleWebKit/600.1.4 (KHTML, like Gecko) Mobile/12F70 [FBAN/FBIOS;FBAV/33.0.0.36.243;FBBV/11752013;FBDV/iPhone6,1;FBMD/iPhone;FBSN/iPhone OS;FBSV/8.3;FBSS/2; FBCR/Verizon;FBID/phone;FBLC/en_US;FBOP/5]"
174.21.187.42 - - [28/Jun/2015:09:35:55 -0700] "GET /im/api.php?bib=1786&r=0.51196154137142&raceId=2147483690&raceName=cda&startTime=05:45:00 HTTP/1.1" 200 1174 "http://ericfahsl.com/im/" "Mozilla/5.0 (iPhone; CPU iPhone OS 8_3 like Mac OS X) AppleWebKit/600.1.4 (KHTML, like Gecko) Mobile/12F70 [FBAN/FBIOS;FBAV/33.0.0.36.243;FBBV/11752013;FBDV/iPhone6,1;FBMD/iPhone;FBSN/iPhone OS;FBSV/8.3;FBSS/2; FBCR/Verizon;FBID/phone;FBLC/en_US;FBOP/5]"
174.21.187.42 - - [28/Jun/2015:09:35:55 -0700] "GET /im/api.php?bib=773&r=0.9349472017493099&raceId=2147483690&raceName=cda&startTime=05:45:00 HTTP/1.1" 200 1164 "http://ericfahsl.com/im/" "Mozilla/5.0 (iPhone; CPU iPhone OS 8_3 like Mac OS X) AppleWebKit/600.1.4 (KHTML, like Gecko) Mobile/12F70 [FBAN/FBIOS;FBAV/33.0.0.36.243;FBBV/11752013;FBDV/iPhone6,1;FBMD/iPhone;FBSN/iPhone OS;FBSV/8.3;FBSS/2; FBCR/Verizon;FBID/phone;FBLC/en_US;FBOP/5]"
174.21.187.42 - - [28/Jun/2015:09:35:55 -0700] "GET /im/api.php?bib=2012&r=0.7750825411640108&raceId=2147483690&raceName=cda&startTime=05:45:00 HTTP/1.1" 200 1180 "http://ericfahsl.com/im/" "Mozilla/5.0 (iPhone; CPU iPhone OS 8_3 like Mac OS X) AppleWebKit/600.1.4 (KHTML, like Gecko) Mobile/12F70 [FBAN/FBIOS;FBAV/33.0.0.36.243;FBBV/11752013;FBDV/iPhone6,1;FBMD/iPhone;FBSN/iPhone OS;FBSV/8.3;FBSS/2; FBCR/Verizon;FBID/phone;FBLC/en_US;FBOP/5]"
174.21.187.42 - - [28/Jun/2015:09:35:55 -0700] "GET /im/api.php?bib=1358&r=0.4480115044862032&raceId=2147483690&raceName=cda&startTime=05:45:00 HTTP/1.1" 200 1168 "http://ericfahsl.com/im/" "Mozilla/5.0 (iPhone; CPU iPhone OS 8_3 like Mac OS X) AppleWebKit/600.1.4 (KHTML, like Gecko) Mobile/12F70 [FBAN/FBIOS;FBAV/33.0.0.36.243;FBBV/11752013;FBDV/iPhone6,1;FBMD/iPhone;FBSN/iPhone OS;FBSV/8.3;FBSS/2; FBCR/Verizon;FBID/phone;FBLC/en_US;FBOP/5]"
174.21.187.42 - - [28/Jun/2015:09:35:55 -0700] "GET /im/api.php?bib=1780&r=0.5256829897407442&raceId=2147483690&raceName=cda&startTime=05:45:00 HTTP/1.1" 200 1174 "http://ericfahsl.com/im/" "Mozilla/5.0 (iPhone; CPU iPhone OS 8_3 like Mac OS X) AppleWebKit/600.1.4 (KHTML, like Gecko) Mobile/12F70 [FBAN/FBIOS;FBAV/33.0.0.36.243;FBBV/11752013;FBDV/iPhone6,1;FBMD/iPhone;FBSN/iPhone OS;FBSV/8.3;FBSS/2; FBCR/Verizon;FBID/phone;FBLC/en_US;FBOP/5]"
174.21.187.42 - - [28/Jun/2015:09:35:56 -0700] "GET /im/api.php?bib=1995&r=0.9685583014506847&raceId=2147483690&raceName=cda&startTime=05:45:00 HTTP/1.1" 200 1198 "http://ericfahsl.com/im/" "Mozilla/5.0 (iPhone; CPU iPhone OS 8_3 like Mac OS X) AppleWebKit/600.1.4 (KHTML, like Gecko) Mobile/12F70 [FBAN/FBIOS;FBAV/33.0.0.36.243;FBBV/11752013;FBDV/iPhone6,1;FBMD/iPhone;FBSN/iPhone OS;FBSV/8.3;FBSS/2; FBCR/Verizon;FBID/phone;FBLC/en_US;FBOP/5]"
174.21.187.42 - - [28/Jun/2015:09:35:56 -0700] "GET /im/api.php?bib=2021&r=0.4920104101765901&raceId=2147483690&raceName=cda&startTime=05:45:00 HTTP/1.1" 200 1185 "http://ericfahsl.com/im/" "Mozilla/5.0 (iPhone; CPU iPhone OS 8_3 like Mac OS X) AppleWebKit/600.1.4 (KHTML, like Gecko) Mobile/12F70 [FBAN/FBIOS;FBAV/33.0.0.36.243;FBBV/11752013;FBDV/iPhone6,1;FBMD/iPhone;FBSN/iPhone OS;FBSV/8.3;FBSS/2; FBCR/Verizon;FBID/phone;FBLC/en_US;FBOP/5]"
174.21.187.42 - - [28/Jun/2015:09:35:59 -0700] "GET /im/api.php?bib=457&r=0.7144809640012681&raceId=2147483675&raceName=texas&startTime=07:00:00 HTTP/1.1" 200 1603 "http://ericfahsl.com/im/" "Mozilla/5.0 (iPhone; CPU iPhone OS 8_3 like Mac OS X) AppleWebKit/600.1.4 (KHTML, like Gecko) Mobile/12F70 [FBAN/FBIOS;FBAV/33.0.0.36.243;FBBV/11752013;FBDV/iPhone6,1;FBMD/iPhone;FBSN/iPhone OS;FBSV/8.3;FBSS/2; FBCR/Verizon;FBID/phone;FBLC/en_US;FBOP/5]"
174.21.187.42 - - [28/Jun/2015:09:35:59 -0700] "GET /im/api.php?bib=885&r=0.6571437558159232&raceId=2147483675&raceName=texas&startTime=07:00:00 HTTP/1.1" 200 1618 "http://ericfahsl.com/im/" "Mozilla/5.0 (iPhone; CPU iPhone OS 8_3 like Mac OS X) AppleWebKit/600.1.4 (KHTML, like Gecko) Mobile/12F70 [FBAN/FBIOS;FBAV/33.0.0.36.243;FBBV/11752013;FBDV/iPhone6,1;FBMD/iPhone;FBSN/iPhone OS;FBSV/8.3;FBSS/2; FBCR/Verizon;FBID/phone;FBLC/en_US;FBOP/5]"
174.21.187.42 - - [28/Jun/2015:09:35:59 -0700] "GET /im/api.php?bib=1922&r=0.9289087457582355&raceId=2147483675&raceName=texas&startTime=07:00:00 HTTP/1.1" 200 1645 "http://ericfahsl.com/im/" "Mozilla/5.0 (iPhone; CPU iPhone OS 8_3 like Mac OS X) AppleWebKit/600.1.4 (KHTML, like Gecko) Mobile/12F70 [FBAN/FBIOS;FBAV/33.0.0.36.243;FBBV/11752013;FBDV/iPhone6,1;FBMD/iPhone;FBSN/iPhone OS;FBSV/8.3;FBSS/2; FBCR/Verizon;FBID/phone;FBLC/en_US;FBOP/5]"
174.21.187.42 - - [28/Jun/2015:09:35:59 -0700] "GET /im/api.php?bib=2640&r=0.8818121508229524&raceId=2147483675&raceName=texas&startTime=07:00:00 HTTP/1.1" 200 1627 "http://ericfahsl.com/im/" "Mozilla/5.0 (iPhone; CPU iPhone OS 8_3 like Mac OS X) AppleWebKit/600.1.4 (KHTML, like Gecko) Mobile/12F70 [FBAN/FBIOS;FBAV/33.0.0.36.243;FBBV/11752013;FBDV/iPhone6,1;FBMD/iPhone;FBSN/iPhone OS;FBSV/8.3;FBSS/2; FBCR/Verizon;FBID/phone;FBLC/en_US;FBOP/5]"
174.21.187.42 - - [28/Jun/2015:09:35:59 -0700] "GET /im/api.php?bib=2686&r=0.6315629105083644&raceId=2147483675&raceName=texas&startTime=07:00:00 HTTP/1.1" 200 1635 "http://ericfahsl.com/im/" "Mozilla/5.0 (iPhone; CPU iPhone OS 8_3 like Mac OS X) AppleWebKit/600.1.4 (KHTML, like Gecko) Mobile/12F70 [FBAN/FBIOS;FBAV/33.0.0.36.243;FBBV/11752013;FBDV/iPhone6,1;FBMD/iPhone;FBSN/iPhone OS;FBSV/8.3;FBSS/2; FBCR/Verizon;FBID/phone;FBLC/en_US;FBOP/5]"
127.0.0.1 - - [28/Jun/2015:09:36:07 -0700] "OPTIONS * HTTP/1.0" 200 126 "-" "Apache/2.2.22 (Ubuntu) (internal dummy connection)"
50.181.127.101 - - [28/Jun/2015:09:37:20 -0700] "GET /images/wsis-logo-sm.png HTTP/1.1" 200 6108 "http://www.thebackcountry.net/" "Mozilla/5.0 (Windows NT 6.1; WOW64; Trident/7.0; rv:11.0) like Gecko"
174.21.187.42 - - [28/Jun/2015:09:37:23 -0700] "GET /im/api.php?bib=1690&r=0.7987577216699719&raceId=2147483690&raceName=cda&startTime=05:45:00 HTTP/1.1" 200 1173 "http://ericfahsl.com/im/" "Mozilla/5.0 (iPhone; CPU iPhone OS 8_3 like Mac OS X) AppleWebKit/600.1.4 (KHTML, like Gecko) Mobile/12F70 [FBAN/FBIOS;FBAV/33.0.0.36.243;FBBV/11752013;FBDV/iPhone6,1;FBMD/iPhone;FBSN/iPhone OS;FBSV/8.3;FBSS/2; FBCR/Verizon;FBID/phone;FBLC/en_US;FBOP/5]"
174.21.187.42 - - [28/Jun/2015:09:37:23 -0700] "GET /im/api.php?bib=2012&r=0.6419089515693486&raceId=2147483690&raceName=cda&startTime=05:45:00 HTTP/1.1" 200 1178 "http://ericfahsl.com/im/" "Mozilla/5.0 (iPhone; CPU iPhone OS 8_3 like Mac OS X) AppleWebKit/600.1.4 (KHTML, like Gecko) Mobile/12F70 [FBAN/FBIOS;FBAV/33.0.0.36.243;FBBV/11752013;FBDV/iPhone6,1;FBMD/iPhone;FBSN/iPhone OS;FBSV/8.3;FBSS/2; FBCR/Verizon;FBID/phone;FBLC/en_US;FBOP/5]"
174.21.187.42 - - [28/Jun/2015:09:37:23 -0700] "GET /im/api.php?bib=773&r=0.42775274557061493&raceId=2147483690&raceName=cda&startTime=05:45:00 HTTP/1.1" 200 1164 "http://ericfahsl.com/im/" "Mozilla/5.0 (iPhone; CPU iPhone OS 8_3 like Mac OS X) AppleWebKit/600.1.4 (KHTML, like Gecko) Mobile/12F70 [FBAN/FBIOS;FBAV/33.0.0.36.243;FBBV/11752013;FBDV/iPhone6,1;FBMD/iPhone;FBSN/iPhone OS;FBSV/8.3;FBSS/2; FBCR/Verizon;FBID/phone;FBLC/en_US;FBOP/5]"
174.21.187.42 - - [28/Jun/2015:09:37:23 -0700] "GET /im/api.php?bib=1358&r=0.10950854956172407&raceId=2147483690&raceName=cda&startTime=05:45:00 HTTP/1.1" 200 1168 "http://ericfahsl.com/im/" "Mozilla/5.0 (iPhone; CPU iPhone OS 8_3 like Mac OS X) AppleWebKit/600.1.4 (KHTML, like Gecko) Mobile/12F70 [FBAN/FBIOS;FBAV/33.0.0.36.243;FBBV/11752013;FBDV/iPhone6,1;FBMD/iPhone;FBSN/iPhone OS;FBSV/8.3;FBSS/2; FBCR/Verizon;FBID/phone;FBLC/en_US;FBOP/5]"
