170.75.162.130 - - [27/May/2015:15:51:29 -0700] "GET /lib/reccapi.php?resort=madriverglen HTTP/1.1" 200 1142 "-" "node-superagent/0.18.2"
170.75.162.130 - - [27/May/2015:15:51:39 -0700] "GET /lib/reccapi.php?resort=mammothmountain HTTP/1.1" 200 1033 "-" "node-superagent/0.18.2"
166.137.14.20 - - [27/May/2015:15:54:15 -0700] "GET /images/wsis-logo-sm.png HTTP/1.1" 200 6108 "http://www.thebackcountry.net/" "Mozilla/5.0 (iPhone; CPU iPhone OS 8_3 like Mac OS X) AppleWebKit/600.1.4 (KHTML, like Gecko) Mobile/12F70"
170.75.162.130 - - [27/May/2015:15:54:29 -0700] "GET /lib/reccapi.php?resort=schweitzer HTTP/1.1" 200 1078 "-" "node-superagent/0.18.2"
66.249.79.250 - - [27/May/2015:15:54:35 -0700] "GET /resorts?resort=diamondpeak&date=2013-12-25 HTTP/1.1" 404 506 "-" "Mozilla/5.0 (iPhone; CPU iPhone OS 6_0 like Mac OS X) AppleWebKit/536.26 (KHTML, like Gecko) Version/6.0 Mobile/10A5376e Safari/8536.25 (compatible; Googlebot/2.1; +http://www.google.com/bot.html)"
220.181.108.105 - - [27/May/2015:15:54:37 -0700] "-" 408 0 "-" "-"
170.75.162.130 - - [27/May/2015:15:55:59 -0700] "GET /lib/reccapi.php?resort=solitude HTTP/1.1" 200 975 "-" "node-superagent/0.18.2"
170.75.162.130 - - [27/May/2015:15:56:39 -0700] "GET /lib/reccapi.php?resort=stowe HTTP/1.1" 200 1087 "-" "node-superagent/0.18.2"
170.75.162.130 - - [27/May/2015:15:57:09 -0700] "GET /lib/reccapi.php?resort=sugarloaf HTTP/1.1" 200 1126 "-" "node-superagent/0.18.2"
170.75.162.130 - - [27/May/2015:15:57:19 -0700] "GET /lib/reccapi.php?resort=sunpeaksresort HTTP/1.1" 200 912 "-" "node-superagent/0.18.2"
170.75.162.130 - - [27/May/2015:15:57:29 -0700] "GET /lib/reccapi.php?resort=sunvalley HTTP/1.1" 200 1063 "-" "node-superagent/0.18.2"
170.75.162.130 - - [27/May/2015:15:57:39 -0700] "GET /lib/reccapi.php?resort=sundayriver HTTP/1.1" 200 1129 "-" "node-superagent/0.18.2"
170.75.162.130 - - [27/May/2015:15:58:59 -0700] "GET /lib/reccapi.php?resort=whistlerblackcomb HTTP/1.1" 200 924 "-" "node-superagent/0.18.2"
170.75.162.130 - - [27/May/2015:15:58:59 -0700] "GET /lib/reccapi.php?resort=whitefacemountain HTTP/1.1" 200 1125 "-" "node-superagent/0.18.2"
170.75.162.130 - - [27/May/2015:15:59:09 -0700] "GET /lib/reccapi.php?resort=wildcatmountain HTTP/1.1" 200 1123 "-" "node-superagent/0.18.2"
71.140.31.214 - - [27/May/2015:16:01:13 -0700] "GET /images/wsis-logo-sm.png HTTP/1.1" 200 6108 "http://thebackcountry.net/" "Mozilla/4.0 (compatible; MSIE 8.0; Windows NT 5.1; Trident/4.0; .NET CLR 2.0.50727; .NET CLR 3.0.4506.2152; .NET CLR 3.5.30729; 786908940603; Build/14.08001)"
170.75.162.130 - - [27/May/2015:16:03:20 -0700] "GET /lib/reccapi.php?resort=brighton HTTP/1.1" 200 983 "-" "node-superagent/0.18.2"
66.249.79.1 - - [27/May/2015:16:04:04 -0700] "GET /resorts?resort=49degreesnorth&date=2014-02-03 HTTP/1.1" 404 506 "-" "Mozilla/5.0 (iPhone; CPU iPhone OS 6_0 like Mac OS X) AppleWebKit/536.26 (KHTML, like Gecko) Version/6.0 Mobile/10A5376e Safari/8536.25 (compatible; Googlebot/2.1; +http://www.google.com/bot.html)"
66.249.79.250 - - [27/May/2015:16:13:35 -0700] "GET /resorts?resort=pomerelle&date=2012-12-22 HTTP/1.1" 404 506 "-" "Mozilla/5.0 (iPhone; CPU iPhone OS 6_0 like Mac OS X) AppleWebKit/536.26 (KHTML, like Gecko) Version/6.0 Mobile/10A5376e Safari/8536.25 (compatible; Googlebot/2.1; +http://www.google.com/bot.html)"
66.249.79.1 - - [27/May/2015:16:23:06 -0700] "GET /resorts?resort=49degreesnorth&date=2014-01-08 HTTP/1.1" 404 506 "-" "Mozilla/5.0 (iPhone; CPU iPhone OS 6_0 like Mac OS X) AppleWebKit/536.26 (KHTML, like Gecko) Version/6.0 Mobile/10A5376e Safari/8536.25 (compatible; Googlebot/2.1; +http://www.google.com/bot.html)"
66.249.79.1 - - [27/May/2015:16:32:38 -0700] "GET /resorts?resort=snowmass&date=2014-01-31 HTTP/1.1" 404 506 "-" "Mozilla/5.0 (iPhone; CPU iPhone OS 6_0 like Mac OS X) AppleWebKit/536.26 (KHTML, like Gecko) Version/6.0 Mobile/10A5376e Safari/8536.25 (compatible; Googlebot/2.1; +http://www.google.com/bot.html)"
146.185.239.100 - - [27/May/2015:16:35:24 -0700] "GET http://24x7-allrequestsallowed.com/?PHPSESSID=a45ad01b00143TVMVRS_EAFFP%40 HTTP/1.1" 200 6095 "-" "-"
66.249.79.14 - - [27/May/2015:16:42:11 -0700] "GET /resorts?resort=coppermountain&date=2014-02-02 HTTP/1.1" 404 506 "-" "Mozilla/5.0 (iPhone; CPU iPhone OS 6_0 like Mac OS X) AppleWebKit/536.26 (KHTML, like Gecko) Version/6.0 Mobile/10A5376e Safari/8536.25 (compatible; Googlebot/2.1; +http://www.google.com/bot.html)"
71.140.31.214 - - [27/May/2015:16:42:15 -0700] "GET /images/wsis-logo-sm.png HTTP/1.1" 200 6108 "http://thebackcountry.net/" "Mozilla/4.0 (compatible; MSIE 8.0; Windows NT 5.1; Trident/4.0; .NET CLR 2.0.50727; .NET CLR 3.0.4506.2152; .NET CLR 3.5.30729; 786908940603; Build/14.08001)"
66.249.79.14 - - [27/May/2015:16:51:53 -0700] "GET /resorts?resort=moonlightbasin&date=2014-02-09 HTTP/1.1" 404 506 "-" "Mozilla/5.0 (iPhone; CPU iPhone OS 6_0 like Mac OS X) AppleWebKit/536.26 (KHTML, like Gecko) Version/6.0 Mobile/10A5376e Safari/8536.25 (compatible; Googlebot/2.1; +http://www.google.com/bot.html)"
123.125.71.30 - - [27/May/2015:16:53:02 -0700] "-" 408 0 "-" "-"
220.181.108.77 - - [27/May/2015:16:57:33 -0700] "-" 408 0 "-" "-"
66.249.79.14 - - [27/May/2015:17:01:23 -0700] "GET /resorts?resort=portillo&date=2014-07-16 HTTP/1.1" 404 506 "-" "Mozilla/5.0 (iPhone; CPU iPhone OS 6_0 like Mac OS X) AppleWebKit/536.26 (KHTML, like Gecko) Version/6.0 Mobile/10A5376e Safari/8536.25 (compatible; Googlebot/2.1; +http://www.google.com/bot.html)"
76.103.154.243 - - [27/May/2015:17:01:28 -0700] "GET /images/wsis-logo-sm.png HTTP/1.1" 200 6108 "http://www.thebackcountry.net/" "Mozilla/5.0 (Macintosh; Intel Mac OS X 10_10_3) AppleWebKit/537.36 (KHTML, like Gecko) Chrome/43.0.2357.81 Safari/537.36"
66.249.79.14 - - [27/May/2015:17:10:54 -0700] "GET /resorts?resort=redlodge&date=2013-12-31 HTTP/1.1" 404 506 "-" "Mozilla/5.0 (iPhone; CPU iPhone OS 6_0 like Mac OS X) AppleWebKit/536.26 (KHTML, like Gecko) Version/6.0 Mobile/10A5376e Safari/8536.25 (compatible; Googlebot/2.1; +http://www.google.com/bot.html)"
66.249.79.250 - - [27/May/2015:17:16:23 -0700] "GET / HTTP/1.1" 200 2376 "-" "Mozilla/5.0 (compatible; Googlebot/2.1; +http://www.google.com/bot.html)"
66.249.79.1 - - [27/May/2015:17:20:26 -0700] "GET /resorts?resort=porcupine&date=2013-12-29 HTTP/1.1" 404 506 "-" "Mozilla/5.0 (iPhone; CPU iPhone OS 6_0 like Mac OS X) AppleWebKit/536.26 (KHTML, like Gecko) Version/6.0 Mobile/10A5376e Safari/8536.25 (compatible; Googlebot/2.1; +http://www.google.com/bot.html)"
66.249.79.1 - - [27/May/2015:17:29:57 -0700] "GET /resorts?resort=schweitzer&date=2014-01-03 HTTP/1.1" 404 506 "-" "Mozilla/5.0 (iPhone; CPU iPhone OS 6_0 like Mac OS X) AppleWebKit/536.26 (KHTML, like Gecko) Version/6.0 Mobile/10A5376e Safari/8536.25 (compatible; Googlebot/2.1; +http://www.google.com/bot.html)"
205.225.241.126 - - [27/May/2015:17:30:45 -0700] "GET /images/wsis-logo-sm.png HTTP/1.1" 200 6108 "http://www.thebackcountry.net/" "Mozilla/5.0 (compatible; MSIE 10.0; Windows NT 6.1; WOW64; Trident/6.0)"
205.225.241.126 - - [27/May/2015:17:31:42 -0700] "-" 408 0 "-" "-"
207.192.253.54 - - [27/May/2015:17:32:56 -0700] "GET /images/wsis-logo-sm.png HTTP/1.1" 200 6108 "http://www.thebackcountry.net/" "Mozilla/5.0 (iPad; CPU OS 7_1_2 like Mac OS X) AppleWebKit/537.51.2 (KHTML, like Gecko) Version/7.0 Mobile/11D257 Safari/9537.53"
170.75.162.130 - - [27/May/2015:17:33:38 -0700] "GET /lib/reccapi.php?resort=deervalley HTTP/1.1" 200 1054 "-" "node-superagent/0.18.2"
66.249.79.14 - - [27/May/2015:17:43:10 -0700] "GET /resorts?resort=hyland&date=2014-02-17 HTTP/1.1" 404 506 "-" "Mozilla/5.0 (iPhone; CPU iPhone OS 6_0 like Mac OS X) AppleWebKit/536.26 (KHTML, like Gecko) Version/6.0 Mobile/10A5376e Safari/8536.25 (compatible; Googlebot/2.1; +http://www.google.com/bot.html)"
180.76.15.156 - - [27/May/2015:17:48:30 -0700] "GET /resorts?resort=alta&date=2014-09-26 HTTP/1.1" 404 472 "-" "Mozilla/5.0 (compatible; Baiduspider/2.0; +http://www.baidu.com/search/spider.html)"
66.249.79.1 - - [27/May/2015:17:48:33 -0700] "GET /resorts?resort=skicooper&date=2014-02-02 HTTP/1.1" 404 506 "-" "Mozilla/5.0 (iPhone; CPU iPhone OS 6_0 like Mac OS X) AppleWebKit/536.26 (KHTML, like Gecko) Version/6.0 Mobile/10A5376e Safari/8536.25 (compatible; Googlebot/2.1; +http://www.google.com/bot.html)"
76.126.82.56 - - [27/May/2015:17:53:32 -0700] "GET /images/wsis-logo-sm.png HTTP/1.1" 200 6108 "http://www.thebackcountry.net/" "Mozilla/5.0 (Windows NT 6.1; WOW64; rv:38.0) Gecko/20100101 Firefox/38.0"
123.125.71.104 - - [27/May/2015:17:54:47 -0700] "-" 408 0 "-" "-"
66.249.79.1 - - [27/May/2015:17:58:33 -0700] "GET /resorts?resort=sugarbush&date=2014-01-07 HTTP/1.1" 404 506 "-" "Mozilla/5.0 (iPhone; CPU iPhone OS 6_0 like Mac OS X) AppleWebKit/536.26 (KHTML, like Gecko) Version/6.0 Mobile/10A5376e Safari/8536.25 (compatible; Googlebot/2.1; +http://www.google.com/bot.html)"
220.181.108.87 - - [27/May/2015:18:01:35 -0700] "-" 408 0 "-" "-"
24.63.76.10 - - [27/May/2015:18:03:50 -0700] "GET /images/wsis-logo-sm.png HTTP/1.1" 200 6108 "http://www.thebackcountry.net/index.html" "Mozilla/5.0 (Windows NT 6.1; WOW64; rv:34.0) Gecko/20100101 Firefox/34.0"
66.249.79.14 - - [27/May/2015:18:08:10 -0700] "GET /resorts?resort=arapahoebasin&date=2014-02-03 HTTP/1.1" 404 506 "-" "Mozilla/5.0 (iPhone; CPU iPhone OS 6_0 like Mac OS X) AppleWebKit/536.26 (KHTML, like Gecko) Version/6.0 Mobile/10A5376e Safari/8536.25 (compatible; Googlebot/2.1; +http://www.google.com/bot.html)"
170.75.162.130 - - [27/May/2015:18:09:51 -0700] "GET /lib/reccapi.php?resort=jaypeak HTTP/1.1" 200 1133 "-" "node-superagent/0.18.2"
170.75.162.130 - - [27/May/2015:18:09:51 -0700] "GET /lib/reccapi.php?resort=killington HTTP/1.1" 200 1117 "-" "node-superagent/0.18.2"
170.75.162.130 - - [27/May/2015:18:09:51 -0700] "GET /lib/reccapi.php?resort=smugglersnotch HTTP/1.1" 200 1117 "-" "node-superagent/0.18.2"
170.75.162.130 - - [27/May/2015:18:09:51 -0700] "GET /lib/reccapi.php?resort=sugarbush HTTP/1.1" 200 1122 "-" "node-superagent/0.18.2"
66.249.79.1 - - [27/May/2015:18:13:29 -0700] "GET / HTTP/1.1" 200 2376 "-" "Mozilla/5.0 (compatible; Googlebot/2.1; +http://www.google.com/bot.html)"
66.249.79.16 - - [27/May/2015:18:17:43 -0700] "GET /robots.txt HTTP/1.1" 200 419 "-" "Mozilla/5.0 (compatible; Googlebot/2.1; +http://www.google.com/bot.html)"
66.249.79.3 - - [27/May/2015:18:17:43 -0700] "GET /resorts?resort=snoqualmie-alpental&date=2013-01-16 HTTP/1.1" 404 509 "-" "Mozilla/5.0 (iPhone; CPU iPhone OS 6_0 like Mac OS X) AppleWebKit/536.26 (KHTML, like Gecko) Version/6.0 Mobile/10A5376e Safari/8536.25 (compatible; Googlebot/2.1; +http://www.google.com/bot.html)"
66.249.79.250 - - [27/May/2015:18:27:19 -0700] "GET /resorts?resort=bearmountain&date=2013-05-04 HTTP/1.1" 404 506 "-" "Mozilla/5.0 (iPhone; CPU iPhone OS 6_0 like Mac OS X) AppleWebKit/536.26 (KHTML, like Gecko) Version/6.0 Mobile/10A5376e Safari/8536.25 (compatible; Googlebot/2.1; +http://www.google.com/bot.html)"
66.249.79.14 - - [27/May/2015:18:36:59 -0700] "GET /resorts?resort=windham&date=2014-02-05 HTTP/1.1" 404 506 "-" "Mozilla/5.0 (iPhone; CPU iPhone OS 6_0 like Mac OS X) AppleWebKit/536.26 (KHTML, like Gecko) Version/6.0 Mobile/10A5376e Safari/8536.25 (compatible; Googlebot/2.1; +http://www.google.com/bot.html)"
66.249.79.1 - - [27/May/2015:18:46:49 -0700] "GET /resorts?resort=maverickmountain&date=2013-12-19 HTTP/1.1" 404 506 "-" "Mozilla/5.0 (iPhone; CPU iPhone OS 6_0 like Mac OS X) AppleWebKit/536.26 (KHTML, like Gecko) Version/6.0 Mobile/10A5376e Safari/8536.25 (compatible; Googlebot/2.1; +http://www.google.com/bot.html)"
123.125.71.50 - - [27/May/2015:18:49:46 -0700] "-" 408 0 "-" "-"
66.249.79.29 - - [27/May/2015:18:56:49 -0700] "GET / HTTP/1.1" 200 2376 "-" "Mozilla/5.0 (iPhone; CPU iPhone OS 6_0 like Mac OS X) AppleWebKit/536.26 (KHTML, like Gecko) Version/6.0 Mobile/10A5376e Safari/8536.25 (compatible; Googlebot/2.1; +http://www.google.com/bot.html)"
220.181.108.149 - - [27/May/2015:18:58:04 -0700] "-" 408 0 "-" "-"
66.249.79.16 - - [27/May/2015:18:58:13 -0700] "GET /styles/0fffd548.main.css HTTP/1.1" 200 19317 "-" "Mozilla/5.0 (compatible; Googlebot/2.1; +http://www.google.com/bot.html)"
66.249.79.14 - - [27/May/2015:19:06:32 -0700] "GET / HTTP/1.1" 200 2376 "-" "Mozilla/5.0 (compatible; Googlebot/2.1; +http://www.google.com/bot.html)"
66.249.79.1 - - [27/May/2015:19:10:34 -0700] "GET /resorts?resort=snowking&date=2014-01-19 HTTP/1.1" 404 506 "-" "Mozilla/5.0 (iPhone; CPU iPhone OS 6_0 like Mac OS X) AppleWebKit/536.26 (KHTML, like Gecko) Version/6.0 Mobile/10A5376e Safari/8536.25 (compatible; Googlebot/2.1; +http://www.google.com/bot.html)"
66.249.79.14 - - [27/May/2015:19:10:41 -0700] "GET /resorts?resort=mtrose&date=2014-02-03 HTTP/1.1" 404 506 "-" "Mozilla/5.0 (iPhone; CPU iPhone OS 6_0 like Mac OS X) AppleWebKit/536.26 (KHTML, like Gecko) Version/6.0 Mobile/10A5376e Safari/8536.25 (compatible; Googlebot/2.1; +http://www.google.com/bot.html)"
66.249.79.1 - - [27/May/2015:19:10:50 -0700] "GET /resorts?resort=bigsky&date=2014-01-02 HTTP/1.1" 404 506 "-" "Mozilla/5.0 (iPhone; CPU iPhone OS 6_0 like Mac OS X) AppleWebKit/536.26 (KHTML, like Gecko) Version/6.0 Mobile/10A5376e Safari/8536.25 (compatible; Googlebot/2.1; +http://www.google.com/bot.html)"
66.249.79.14 - - [27/May/2015:19:11:00 -0700] "GET /resorts?resort=redriver&date=2014-02-02 HTTP/1.1" 404 506 "-" "Mozilla/5.0 (iPhone; CPU iPhone OS 6_0 like Mac OS X) AppleWebKit/536.26 (KHTML, like Gecko) Version/6.0 Mobile/10A5376e Safari/8536.25 (compatible; Googlebot/2.1; +http://www.google.com/bot.html)"
166.137.242.55 - - [27/May/2015:19:21:43 -0700] "GET /images/wsis-logo-sm.png HTTP/1.1" 200 6108 "http://www.thebackcountry.net/" "Mozilla/5.0 (iPhone; CPU iPhone OS 8_2 like Mac OS X) AppleWebKit/600.1.4 (KHTML, like Gecko) Version/8.0 Mobile/12D508 Safari/600.1.4"
66.249.79.14 - - [27/May/2015:19:23:04 -0700] "GET /resorts?resort=snowking&date=2014-03-28 HTTP/1.1" 404 506 "-" "Mozilla/5.0 (iPhone; CPU iPhone OS 6_0 like Mac OS X) AppleWebKit/536.26 (KHTML, like Gecko) Version/6.0 Mobile/10A5376e Safari/8536.25 (compatible; Googlebot/2.1; +http://www.google.com/bot.html)"
170.75.162.130 - - [27/May/2015:19:25:07 -0700] "GET /lib/reccapi.php?resort=sierra-at-tahoe HTTP/1.1" 200 980 "-" "node-superagent/0.18.2"
66.249.79.1 - - [27/May/2015:19:34:28 -0700] "GET /resorts?resort=bigsky&date=2013-12-31 HTTP/1.1" 404 506 "-" "Mozilla/5.0 (iPhone; CPU iPhone OS 6_0 like Mac OS X) AppleWebKit/536.26 (KHTML, like Gecko) Version/6.0 Mobile/10A5376e Safari/8536.25 (compatible; Googlebot/2.1; +http://www.google.com/bot.html)"
66.249.79.14 - - [27/May/2015:19:43:54 -0700] "GET /resorts?resort=northstar-at-tahoe&date=2012-12-27 HTTP/1.1" 404 506 "-" "Mozilla/5.0 (iPhone; CPU iPhone OS 6_0 like Mac OS X) AppleWebKit/536.26 (KHTML, like Gecko) Version/6.0 Mobile/10A5376e Safari/8536.25 (compatible; Googlebot/2.1; +http://www.google.com/bot.html)"
123.125.71.26 - - [27/May/2015:19:49:25 -0700] "-" 408 0 "-" "-"
166.170.5.77 - - [27/May/2015:19:52:06 -0700] "GET /images/wsis-logo-sm.png HTTP/1.1" 200 6108 "http://www.thebackcountry.net/" "Mozilla/5.0 (iPhone; CPU iPhone OS 7_1_1 like Mac OS X) AppleWebKit/537.51.2 (KHTML, like Gecko) Version/7.0 Mobile/11D201 Safari/9537.53"
66.249.79.250 - - [27/May/2015:19:55:30 -0700] "GET /resorts?resort=mountbaker&date=2014-03-05 HTTP/1.1" 404 506 "-" "Mozilla/5.0 (iPhone; CPU iPhone OS 6_0 like Mac OS X) AppleWebKit/536.26 (KHTML, like Gecko) Version/6.0 Mobile/10A5376e Safari/8536.25 (compatible; Googlebot/2.1; +http://www.google.com/bot.html)"
180.76.15.14 - - [27/May/2015:20:06:17 -0700] "GET /styles/0fffd548.main.css HTTP/1.1" 200 19280 "-" "Mozilla/5.0 (compatible; Baiduspider/2.0; +http://www.baidu.com/search/spider.html)"
66.249.79.250 - - [27/May/2015:20:07:06 -0700] "GET /resorts?resort=bigsky&date=2014-02-07 HTTP/1.1" 404 506 "-" "Mozilla/5.0 (iPhone; CPU iPhone OS 6_0 like Mac OS X) AppleWebKit/536.26 (KHTML, like Gecko) Version/6.0 Mobile/10A5376e Safari/8536.25 (compatible; Googlebot/2.1; +http://www.google.com/bot.html)"
170.75.162.130 - - [27/May/2015:20:09:51 -0700] "GET /lib/reccapi.php?resort=sugarloaf HTTP/1.1" 200 1126 "-" "node-superagent/0.18.2"
170.75.162.130 - - [27/May/2015:20:09:51 -0700] "GET /lib/reccapi.php?resort=sundayriver HTTP/1.1" 200 1126 "-" "node-superagent/0.18.2"
66.249.79.1 - - [27/May/2015:20:18:43 -0700] "GET /resorts?resort=grandtarghee&date=2014-03-07 HTTP/1.1" 404 506 "-" "Mozilla/5.0 (iPhone; CPU iPhone OS 6_0 like Mac OS X) AppleWebKit/536.26 (KHTML, like Gecko) Version/6.0 Mobile/10A5376e Safari/8536.25 (compatible; Googlebot/2.1; +http://www.google.com/bot.html)"
24.17.180.39 - - [27/May/2015:20:39:35 -0700] "GET /images/wsis-logo-sm.png HTTP/1.1" 200 6108 "http://www.thebackcountry.net/" "Mozilla/5.0 (Windows NT 6.1; WOW64; Trident/7.0; rv:11.0) like Gecko"
24.17.180.39 - - [27/May/2015:20:39:56 -0700] "-" 408 0 "-" "-"
180.76.15.33 - - [27/May/2015:20:41:40 -0700] "GET /resorts?resort=pebblecreek&date=2014-02-17 HTTP/1.1" 404 469 "-" "Mozilla/5.0 (compatible; Baiduspider/2.0; +http://www.baidu.com/search/spider.html)"
66.249.79.250 - - [27/May/2015:20:41:46 -0700] "GET /resorts?resort=snowbird&date=2014-01-29 HTTP/1.1" 404 506 "-" "Mozilla/5.0 (iPhone; CPU iPhone OS 6_0 like Mac OS X) AppleWebKit/536.26 (KHTML, like Gecko) Version/6.0 Mobile/10A5376e Safari/8536.25 (compatible; Googlebot/2.1; +http://www.google.com/bot.html)"
24.17.180.39 - - [27/May/2015:20:42:15 -0700] "-" 408 0 "-" "-"
170.75.162.130 - - [27/May/2015:20:48:24 -0700] "GET /lib/reccapi.php?resort=sunpeaksresort HTTP/1.1" 200 911 "-" "node-superagent/0.18.2"
123.125.71.16 - - [27/May/2015:20:52:03 -0700] "-" 408 0 "-" "-"
66.249.79.1 - - [27/May/2015:20:53:21 -0700] "GET /resorts?resort=purgatory&date=2013-02-18 HTTP/1.1" 404 506 "-" "Mozilla/5.0 (iPhone; CPU iPhone OS 6_0 like Mac OS X) AppleWebKit/536.26 (KHTML, like Gecko) Version/6.0 Mobile/10A5376e Safari/8536.25 (compatible; Googlebot/2.1; +http://www.google.com/bot.html)"
220.181.108.111 - - [27/May/2015:20:58:15 -0700] "-" 408 0 "-" "-"
66.249.79.16 - - [27/May/2015:21:00:51 -0700] "GET / HTTP/1.1" 200 2376 "-" "Mozilla/5.0 (compatible; Googlebot/2.1; +http://www.google.com/bot.html)"
71.83.110.180 - - [27/May/2015:21:02:11 -0700] "GET /images/wsis-logo-sm.png HTTP/1.1" 200 6108 "http://www.thebackcountry.net/" "Mozilla/5.0 (Macintosh; Intel Mac OS X 10_10_2) AppleWebKit/600.3.18 (KHTML, like Gecko) Version/8.0.3 Safari/600.3.18"
66.249.79.29 - - [27/May/2015:21:03:18 -0700] "GET /about HTTP/1.1" 404 509 "-" "Mozilla/5.0 (compatible; Googlebot/2.1; +http://www.google.com/bot.html)"
66.249.79.1 - - [27/May/2015:21:04:57 -0700] "GET /resorts?resort=angelfire&date=2014-02-02 HTTP/1.1" 404 506 "-" "Mozilla/5.0 (iPhone; CPU iPhone OS 6_0 like Mac OS X) AppleWebKit/536.26 (KHTML, like Gecko) Version/6.0 Mobile/10A5376e Safari/8536.25 (compatible; Googlebot/2.1; +http://www.google.com/bot.html)"
170.75.162.130 - - [27/May/2015:21:05:06 -0700] "GET /lib/reccapi.php?resort=northstar-at-tahoe HTTP/1.1" 200 956 "-" "node-superagent/0.18.2"
63.205.15.166 - - [27/May/2015:21:09:07 -0700] "GET /images/wsis-logo-sm.png HTTP/1.1" 200 6108 "http://www.thebackcountry.net/" "Mozilla/5.0 (Windows NT 6.0; WOW64) AppleWebKit/537.36 (KHTML, like Gecko) Chrome/43.0.2357.81 Safari/537.36"
66.249.79.250 - - [27/May/2015:21:16:33 -0700] "GET /resorts?resort=beavermountain&date=2013-04-06 HTTP/1.1" 404 506 "-" "Mozilla/5.0 (iPhone; CPU iPhone OS 6_0 like Mac OS X) AppleWebKit/536.26 (KHTML, like Gecko) Version/6.0 Mobile/10A5376e Safari/8536.25 (compatible; Googlebot/2.1; +http://www.google.com/bot.html)"
66.249.79.14 - - [27/May/2015:21:28:10 -0700] "GET /resorts?resort=alta&date=2014-01-30 HTTP/1.1" 404 506 "-" "Mozilla/5.0 (iPhone; CPU iPhone OS 6_0 like Mac OS X) AppleWebKit/536.26 (KHTML, like Gecko) Version/6.0 Mobile/10A5376e Safari/8536.25 (compatible; Googlebot/2.1; +http://www.google.com/bot.html)"
24.189.106.133 - - [27/May/2015:21:29:19 -0700] "GET /images/wsis-logo-sm.png HTTP/1.1" 200 6108 "http://www.thebackcountry.net/" "Mozilla/5.0 (Windows NT 6.1; rv:36.0) Gecko/20100101 Firefox/36.0"
203.133.170.144 - - [27/May/2015:21:29:46 -0700] "GET / HTTP/1.1" 200 2376 "-" "Mozilla/5.0 (compatible; MSIE or Firefox mutant; not on Windows server;) Daumoa/4.0"
170.75.162.130 - - [27/May/2015:21:33:48 -0700] "GET /lib/reccapi.php?resort=bigwhite HTTP/1.1" 200 911 "-" "node-superagent/0.18.2"
66.249.79.250 - - [27/May/2015:21:39:40 -0700] "GET /resorts?resort=pebblecreek&date=2012-12-22 HTTP/1.1" 404 506 "-" "Mozilla/5.0 (iPhone; CPU iPhone OS 6_0 like Mac OS X) AppleWebKit/536.26 (KHTML, like Gecko) Version/6.0 Mobile/10A5376e Safari/8536.25 (compatible; Googlebot/2.1; +http://www.google.com/bot.html)"
123.125.71.108 - - [27/May/2015:21:48:17 -0700] "-" 408 0 "-" "-"
66.249.79.250 - - [27/May/2015:21:51:14 -0700] "GET /resorts?resort=taos&date=2013-12-15 HTTP/1.1" 404 506 "-" "Mozilla/5.0 (iPhone; CPU iPhone OS 6_0 like Mac OS X) AppleWebKit/536.26 (KHTML, like Gecko) Version/6.0 Mobile/10A5376e Safari/8536.25 (compatible; Googlebot/2.1; +http://www.google.com/bot.html)"
220.181.108.75 - - [27/May/2015:21:53:08 -0700] "-" 408 0 "-" "-"
99.40.7.18 - - [27/May/2015:21:53:35 -0700] "-" 408 0 "-" "-"
180.76.15.29 - - [27/May/2015:21:54:48 -0700] "GET / HTTP/1.1" 200 2339 "-" "Mozilla/5.0 (compatible; Baiduspider/2.0; +http://www.baidu.com/search/spider.html)"
66.249.79.53 - - [27/May/2015:21:59:40 -0700] "GET /robots.txt HTTP/1.1" 200 419 "-" "Mozilla/5.0 (compatible; Googlebot/2.1; +http://www.google.com/bot.html)"
66.249.79.66 - - [27/May/2015:21:59:40 -0700] "GET / HTTP/1.1" 200 2376 "-" "Mozilla/5.0 (compatible; Googlebot/2.1; +http://www.google.com/bot.html)"
107.215.4.136 - - [27/May/2015:22:00:40 -0700] "GET /images/wsis-logo-sm.png HTTP/1.1" 200 6108 "http://www.thebackcountry.net/" "Mozilla/5.0 (Windows NT 6.1; WOW64; Trident/7.0; rv:11.0) like Gecko"
107.215.4.136 - - [27/May/2015:22:01:01 -0700] "-" 408 0 "-" "-"
66.249.79.250 - - [27/May/2015:22:02:48 -0700] "GET /resorts?resort=keystone&date=2014-02-02 HTTP/1.1" 404 506 "-" "Mozilla/5.0 (iPhone; CPU iPhone OS 6_0 like Mac OS X) AppleWebKit/536.26 (KHTML, like Gecko) Version/6.0 Mobile/10A5376e Safari/8536.25 (compatible; Googlebot/2.1; +http://www.google.com/bot.html)"
66.249.79.250 - - [27/May/2015:22:14:23 -0700] "GET /resorts?resort=whitefishmountain&date=2013-12-29 HTTP/1.1" 404 506 "-" "Mozilla/5.0 (iPhone; CPU iPhone OS 6_0 like Mac OS X) AppleWebKit/536.26 (KHTML, like Gecko) Version/6.0 Mobile/10A5376e Safari/8536.25 (compatible; Googlebot/2.1; +http://www.google.com/bot.html)"
66.249.79.14 - - [27/May/2015:22:26:00 -0700] "GET /resorts?resort=parkcity&date=2013-12-10 HTTP/1.1" 404 506 "-" "Mozilla/5.0 (iPhone; CPU iPhone OS 6_0 like Mac OS X) AppleWebKit/536.26 (KHTML, like Gecko) Version/6.0 Mobile/10A5376e Safari/8536.25 (compatible; Googlebot/2.1; +http://www.google.com/bot.html)"
66.249.79.1 - - [27/May/2015:22:37:37 -0700] "GET /resorts?resort=aspenheights&date=2014-02-01 HTTP/1.1" 404 506 "-" "Mozilla/5.0 (iPhone; CPU iPhone OS 6_0 like Mac OS X) AppleWebKit/536.26 (KHTML, like Gecko) Version/6.0 Mobile/10A5376e Safari/8536.25 (compatible; Googlebot/2.1; +http://www.google.com/bot.html)"
108.236.72.134 - - [27/May/2015:22:38:46 -0700] "GET /images/wsis-logo-sm.png HTTP/1.1" 200 6108 "http://www.thebackcountry.net/" "Mozilla/5.0 (Windows NT 6.3; WOW64; rv:38.0) Gecko/20100101 Firefox/38.0"
66.249.79.1 - - [27/May/2015:22:49:07 -0700] "GET /resorts?resort=silvermountain&date=2014-01-04 HTTP/1.1" 404 506 "-" "Mozilla/5.0 (iPhone; CPU iPhone OS 6_0 like Mac OS X) AppleWebKit/536.26 (KHTML, like Gecko) Version/6.0 Mobile/10A5376e Safari/8536.25 (compatible; Googlebot/2.1; +http://www.google.com/bot.html)"
98.208.48.46 - - [27/May/2015:22:49:33 -0700] "GET /images/wsis-logo-sm.png HTTP/1.1" 200 6108 "http://www.thebackcountry.net/" "Mozilla/5.0 (Windows NT 6.1; WOW64; rv:38.0) Gecko/20100101 Firefox/38.0"
66.249.79.1 - - [27/May/2015:22:50:15 -0700] "GET / HTTP/1.1" 200 2376 "-" "Mozilla/5.0 (compatible; Googlebot/2.1; +http://www.google.com/bot.html)"
207.46.13.77 - - [27/May/2015:22:56:55 -0700] "GET / HTTP/1.1" 200 2376 "-" "Mozilla/5.0 (compatible; bingbot/2.0; +http://www.bing.com/bingbot.htm)"
66.249.79.1 - - [27/May/2015:22:59:28 -0700] "GET /resorts?resort=pomerelle&date=2012-12-22 HTTP/1.1" 404 506 "-" "Mozilla/5.0 (iPhone; CPU iPhone OS 6_0 like Mac OS X) AppleWebKit/536.26 (KHTML, like Gecko) Version/6.0 Mobile/10A5376e Safari/8536.25 (compatible; Googlebot/2.1; +http://www.google.com/bot.html)"
66.249.79.1 - - [27/May/2015:23:00:41 -0700] "GET /resorts?resort=maverickmountain&date=2014-01-01 HTTP/1.1" 404 506 "-" "Mozilla/5.0 (iPhone; CPU iPhone OS 6_0 like Mac OS X) AppleWebKit/536.26 (KHTML, like Gecko) Version/6.0 Mobile/10A5376e Safari/8536.25 (compatible; Googlebot/2.1; +http://www.google.com/bot.html)"
123.125.71.76 - - [27/May/2015:23:06:11 -0700] "-" 408 0 "-" "-"
66.249.79.250 - - [27/May/2015:23:12:15 -0700] "GET /resorts?resort=timberline&date=2014-02-20 HTTP/1.1" 404 506 "-" "Mozilla/5.0 (iPhone; CPU iPhone OS 6_0 like Mac OS X) AppleWebKit/536.26 (KHTML, like Gecko) Version/6.0 Mobile/10A5376e Safari/8536.25 (compatible; Googlebot/2.1; +http://www.google.com/bot.html)"
220.181.108.91 - - [27/May/2015:23:13:31 -0700] "-" 408 0 "-" "-"
58.210.170.18 - - [27/May/2015:23:23:15 -0700] "GET /manager/html HTTP/1.1" 404 503 "-" "Mozilla/4.0 (compatible; MSIE 8.0; Windows NT 5.2; Trident/4.0; .NET CLR 1.1.4322; .NET4.0C; .NET4.0E; .NET CLR 2.0.50727; .NET CLR 3.0.4506.2152; .NET CLR 3.5.30729)"
66.249.79.14 - - [27/May/2015:23:23:50 -0700] "GET /resorts?resort=diamondpeak&date=2013-12-25 HTTP/1.1" 404 506 "-" "Mozilla/5.0 (iPhone; CPU iPhone OS 6_0 like Mac OS X) AppleWebKit/536.26 (KHTML, like Gecko) Version/6.0 Mobile/10A5376e Safari/8536.25 (compatible; Googlebot/2.1; +http://www.google.com/bot.html)"
66.249.79.250 - - [27/May/2015:23:35:27 -0700] "GET /resorts?resort=boyne&date=2013-12-19 HTTP/1.1" 404 506 "-" "Mozilla/5.0 (iPhone; CPU iPhone OS 6_0 like Mac OS X) AppleWebKit/536.26 (KHTML, like Gecko) Version/6.0 Mobile/10A5376e Safari/8536.25 (compatible; Googlebot/2.1; +http://www.google.com/bot.html)"
24.7.142.226 - - [27/May/2015:23:38:43 -0700] "GET /images/wsis-logo-sm.png HTTP/1.1" 200 6108 "http://www.thebackcountry.net/" "Mozilla/5.0 (iPhone; CPU iPhone OS 8_3 like Mac OS X) AppleWebKit/600.1.4 (KHTML, like Gecko) CriOS/42.0.2311.47 Mobile/12F70 Safari/600.1.4"
66.249.79.250 - - [27/May/2015:23:41:41 -0700] "GET / HTTP/1.1" 200 2376 "-" "Mozilla/5.0 (compatible; Googlebot/2.1; +http://www.google.com/bot.html)"
66.249.79.40 - - [27/May/2015:23:47:04 -0700] "GET /resorts?resort=bridgerbowl&date=2013-06-14 HTTP/1.1" 404 509 "-" "Mozilla/5.0 (iPhone; CPU iPhone OS 6_0 like Mac OS X) AppleWebKit/536.26 (KHTML, like Gecko) Version/6.0 Mobile/10A5376e Safari/8536.25 (compatible; Googlebot/2.1; +http://www.google.com/bot.html)"
66.249.79.250 - - [27/May/2015:23:58:34 -0700] "GET /resorts?resort=snowbird&date=2014-02-20 HTTP/1.1" 404 506 "-" "Mozilla/5.0 (iPhone; CPU iPhone OS 6_0 like Mac OS X) AppleWebKit/536.26 (KHTML, like Gecko) Version/6.0 Mobile/10A5376e Safari/8536.25 (compatible; Googlebot/2.1; +http://www.google.com/bot.html)"
123.125.71.36 - - [28/May/2015:00:07:16 -0700] "-" 408 0 "-" "-"
66.249.79.1 - - [28/May/2015:00:10:09 -0700] "GET /resorts?resort=devilshead&date=2014-02-05 HTTP/1.1" 404 506 "-" "Mozilla/5.0 (iPhone; CPU iPhone OS 6_0 like Mac OS X) AppleWebKit/536.26 (KHTML, like Gecko) Version/6.0 Mobile/10A5376e Safari/8536.25 (compatible; Googlebot/2.1; +http://www.google.com/bot.html)"
220.181.108.145 - - [28/May/2015:00:12:31 -0700] "-" 408 0 "-" "-"
66.249.79.250 - - [28/May/2015:00:21:42 -0700] "GET /resorts?resort=mountspokane&date=2014-02-11 HTTP/1.1" 404 506 "-" "Mozilla/5.0 (iPhone; CPU iPhone OS 6_0 like Mac OS X) AppleWebKit/536.26 (KHTML, like Gecko) Version/6.0 Mobile/10A5376e Safari/8536.25 (compatible; Googlebot/2.1; +http://www.google.com/bot.html)"
67.169.70.53 - - [28/May/2015:00:37:32 -0700] "GET /images/wsis-logo-sm.png HTTP/1.1" 200 6108 "http://www.thebackcountry.net/" "Mozilla/5.0 (iPhone; CPU iPhone OS 8_3 like Mac OS X) AppleWebKit/600.1.4 (KHTML, like Gecko) Version/8.0 Mobile/12F5037c Safari/600.1.4"
66.249.79.14 - - [28/May/2015:00:41:43 -0700] "GET / HTTP/1.1" 200 2376 "-" "Mozilla/5.0 (compatible; Googlebot/2.1; +http://www.google.com/bot.html)"
66.249.79.250 - - [28/May/2015:00:44:53 -0700] "GET /resorts?resort=wildcatmountain&date=2014-03-02 HTTP/1.1" 404 506 "-" "Mozilla/5.0 (iPhone; CPU iPhone OS 6_0 like Mac OS X) AppleWebKit/536.26 (KHTML, like Gecko) Version/6.0 Mobile/10A5376e Safari/8536.25 (compatible; Googlebot/2.1; +http://www.google.com/bot.html)"
66.249.79.14 - - [28/May/2015:00:56:31 -0700] "GET /resorts?resort=buttermilk&date=2014-02-15 HTTP/1.1" 404 506 "-" "Mozilla/5.0 (iPhone; CPU iPhone OS 6_0 like Mac OS X) AppleWebKit/536.26 (KHTML, like Gecko) Version/6.0 Mobile/10A5376e Safari/8536.25 (compatible; Googlebot/2.1; +http://www.google.com/bot.html)"
123.125.71.104 - - [28/May/2015:00:57:05 -0700] "-" 408 0 "-" "-"
220.181.108.143 - - [28/May/2015:01:02:00 -0700] "-" 408 0 "-" "-"
66.249.79.250 - - [28/May/2015:01:08:09 -0700] "GET /resorts?resort=turnermountain&date=2012-12-18 HTTP/1.1" 404 506 "-" "Mozilla/5.0 (iPhone; CPU iPhone OS 6_0 like Mac OS X) AppleWebKit/536.26 (KHTML, like Gecko) Version/6.0 Mobile/10A5376e Safari/8536.25 (compatible; Googlebot/2.1; +http://www.google.com/bot.html)"
66.249.79.14 - - [28/May/2015:01:19:35 -0700] "GET /resorts?resort=bridgerbowl&date=2014-02-01 HTTP/1.1" 404 506 "-" "Mozilla/5.0 (iPhone; CPU iPhone OS 6_0 like Mac OS X) AppleWebKit/536.26 (KHTML, like Gecko) Version/6.0 Mobile/10A5376e Safari/8536.25 (compatible; Googlebot/2.1; +http://www.google.com/bot.html)"
66.249.79.1 - - [28/May/2015:01:31:09 -0700] "GET /resorts?resort=antelopebutte&date=2014-02-09 HTTP/1.1" 404 506 "-" "Mozilla/5.0 (iPhone; CPU iPhone OS 6_0 like Mac OS X) AppleWebKit/536.26 (KHTML, like Gecko) Version/6.0 Mobile/10A5376e Safari/8536.25 (compatible; Googlebot/2.1; +http://www.google.com/bot.html)"
66.249.79.1 - - [28/May/2015:01:37:09 -0700] "GET / HTTP/1.1" 200 2376 "-" "Mozilla/5.0 (compatible; Googlebot/2.1; +http://www.google.com/bot.html)"
66.249.79.250 - - [28/May/2015:01:42:44 -0700] "GET /resorts?resort=treblecone&date=2014-07-13 HTTP/1.1" 404 506 "-" "Mozilla/5.0 (iPhone; CPU iPhone OS 6_0 like Mac OS X) AppleWebKit/536.26 (KHTML, like Gecko) Version/6.0 Mobile/10A5376e Safari/8536.25 (compatible; Googlebot/2.1; +http://www.google.com/bot.html)"
180.76.15.12 - - [28/May/2015:01:48:50 -0700] "GET /about HTTP/1.1" 404 472 "-" "Mozilla/5.0 (compatible; Baiduspider/2.0; +http://www.baidu.com/search/spider.html)"
123.125.71.60 - - [28/May/2015:01:52:44 -0700] "-" 408 0 "-" "-"
66.249.79.250 - - [28/May/2015:01:54:20 -0700] "GET /resorts?resort=sleepinggiant&date=2014-01-09 HTTP/1.1" 404 506 "-" "Mozilla/5.0 (iPhone; CPU iPhone OS 6_0 like Mac OS X) AppleWebKit/536.26 (KHTML, like Gecko) Version/6.0 Mobile/10A5376e Safari/8536.25 (compatible; Googlebot/2.1; +http://www.google.com/bot.html)"
220.181.108.153 - - [28/May/2015:01:59:01 -0700] "-" 408 0 "-" "-"
66.249.79.250 - - [28/May/2015:02:00:16 -0700] "GET /images/wsis-logo-sm.png HTTP/1.1" 304 187 "-" "Googlebot-Image/1.0"
66.249.79.250 - - [28/May/2015:02:05:58 -0700] "GET /resorts?resort=aspenmountain&date=2014-02-01 HTTP/1.1" 404 506 "-" "Mozilla/5.0 (iPhone; CPU iPhone OS 6_0 like Mac OS X) AppleWebKit/536.26 (KHTML, like Gecko) Version/6.0 Mobile/10A5376e Safari/8536.25 (compatible; Googlebot/2.1; +http://www.google.com/bot.html)"
71.231.207.189 - - [28/May/2015:02:15:51 -0700] "GET /images/wsis-logo-sm.png HTTP/1.1" 200 6108 "http://www.thebackcountry.net/" "Mozilla/5.0 (Macintosh; Intel Mac OS X 10.7; rv:38.0) Gecko/20100101 Firefox/38.0"
66.249.79.1 - - [28/May/2015:02:17:37 -0700] "GET /resorts?resort=winterpark&date=2014-02-02 HTTP/1.1" 404 506 "-" "Mozilla/5.0 (iPhone; CPU iPhone OS 6_0 like Mac OS X) AppleWebKit/536.26 (KHTML, like Gecko) Version/6.0 Mobile/10A5376e Safari/8536.25 (compatible; Googlebot/2.1; +http://www.google.com/bot.html)"
203.133.171.102 - - [28/May/2015:02:27:12 -0700] "GET / HTTP/1.1" 200 2376 "-" "Mozilla/5.0 (compatible; MSIE or Firefox mutant; not on Windows server;) Daumoa/4.0"
66.249.79.14 - - [28/May/2015:02:29:03 -0700] "GET /resorts?resort=brundage&date=2013-12-13 HTTP/1.1" 404 506 "-" "Mozilla/5.0 (iPhone; CPU iPhone OS 6_0 like Mac OS X) AppleWebKit/536.26 (KHTML, like Gecko) Version/6.0 Mobile/10A5376e Safari/8536.25 (compatible; Googlebot/2.1; +http://www.google.com/bot.html)"
66.249.79.250 - - [28/May/2015:02:38:21 -0700] "GET / HTTP/1.1" 200 2376 "-" "Mozilla/5.0 (compatible; Googlebot/2.1; +http://www.google.com/bot.html)"
66.249.79.250 - - [28/May/2015:02:40:36 -0700] "GET /resorts?resort=tetonpass&date=2013-12-19 HTTP/1.1" 404 506 "-" "Mozilla/5.0 (iPhone; CPU iPhone OS 6_0 like Mac OS X) AppleWebKit/536.26 (KHTML, like Gecko) Version/6.0 Mobile/10A5376e Safari/8536.25 (compatible; Googlebot/2.1; +http://www.google.com/bot.html)"
66.249.79.1 - - [28/May/2015:02:50:32 -0700] "GET /resorts?resort=whitefacemountain&date=2014-02-09 HTTP/1.1" 404 506 "-" "Mozilla/5.0 (iPhone; CPU iPhone OS 6_0 like Mac OS X) AppleWebKit/536.26 (KHTML, like Gecko) Version/6.0 Mobile/10A5376e Safari/8536.25 (compatible; Googlebot/2.1; +http://www.google.com/bot.html)"
123.125.71.110 - - [28/May/2015:02:51:36 -0700] "-" 408 0 "-" "-"
66.249.79.14 - - [28/May/2015:02:52:11 -0700] "GET /resorts?resort=belleayre&date=2014-02-05 HTTP/1.1" 404 506 "-" "Mozilla/5.0 (iPhone; CPU iPhone OS 6_0 like Mac OS X) AppleWebKit/536.26 (KHTML, like Gecko) Version/6.0 Mobile/10A5376e Safari/8536.25 (compatible; Googlebot/2.1; +http://www.google.com/bot.html)"
220.181.108.90 - - [28/May/2015:02:56:27 -0700] "-" 408 0 "-" "-"
66.249.79.250 - - [28/May/2015:03:03:46 -0700] "GET /resorts?resort=whitewater&date=2013-12-07 HTTP/1.1" 404 506 "-" "Mozilla/5.0 (iPhone; CPU iPhone OS 6_0 like Mac OS X) AppleWebKit/536.26 (KHTML, like Gecko) Version/6.0 Mobile/10A5376e Safari/8536.25 (compatible; Googlebot/2.1; +http://www.google.com/bot.html)"
170.75.162.130 - - [28/May/2015:03:14:48 -0700] "GET /lib/reccapi.php?resort=alyeska HTTP/1.1" 200 935 "-" "node-superagent/0.18.2"
170.75.162.130 - - [28/May/2015:03:14:48 -0700] "GET /lib/reccapi.php?resort=alta HTTP/1.1" 200 1001 "-" "node-superagent/0.18.2"
170.75.162.130 - - [28/May/2015:03:14:48 -0700] "GET /lib/reccapi.php?resort=49degreesnorth HTTP/1.1" 200 1057 "-" "node-superagent/0.18.2"
170.75.162.130 - - [28/May/2015:03:14:48 -0700] "GET /lib/reccapi.php?resort=angelfire HTTP/1.1" 200 1040 "-" "node-superagent/0.18.2"
170.75.162.130 - - [28/May/2015:03:14:48 -0700] "GET /lib/reccapi.php?resort=arapahoebasin HTTP/1.1" 200 1107 "-" "node-superagent/0.18.2"
170.75.162.130 - - [28/May/2015:03:14:48 -0700] "GET /lib/reccapi.php?resort=alpinemeadows HTTP/1.1" 200 990 "-" "node-superagent/0.18.2"
170.75.162.130 - - [28/May/2015:03:14:48 -0700] "GET /lib/reccapi.php?resort=aspenheights HTTP/1.1" 200 1127 "-" "node-superagent/0.18.2"
170.75.162.130 - - [28/May/2015:03:14:48 -0700] "GET /lib/reccapi.php?resort=aspenmountain HTTP/1.1" 200 1034 "-" "node-superagent/0.18.2"
170.75.162.130 - - [28/May/2015:03:14:48 -0700] "GET /lib/reccapi.php?resort=bigsky HTTP/1.1" 200 1089 "-" "node-superagent/0.18.2"
170.75.162.130 - - [28/May/2015:03:14:48 -0700] "GET /lib/reccapi.php?resort=bigwhite HTTP/1.1" 200 912 "-" "node-superagent/0.18.2"
170.75.162.130 - - [28/May/2015:03:14:48 -0700] "GET /lib/reccapi.php?resort=brianhead HTTP/1.1" 200 1029 "-" "node-superagent/0.18.2"
170.75.162.130 - - [28/May/2015:03:14:48 -0700] "GET /lib/reccapi.php?resort=brighton HTTP/1.1" 200 1006 "-" "node-superagent/0.18.2"
66.249.79.14 - - [28/May/2015:03:15:25 -0700] "GET /resorts?resort=showdown&date=2014-01-31 HTTP/1.1" 404 506 "-" "Mozilla/5.0 (iPhone; CPU iPhone OS 6_0 like Mac OS X) AppleWebKit/536.26 (KHTML, like Gecko) Version/6.0 Mobile/10A5376e Safari/8536.25 (compatible; Googlebot/2.1; +http://www.google.com/bot.html)"
170.75.162.130 - - [28/May/2015:03:15:46 -0700] "GET /lib/reccapi.php?resort=cannonmountain HTTP/1.1" 200 1113 "-" "node-superagent/0.18.2"
170.75.162.130 - - [28/May/2015:03:15:46 -0700] "GET /lib/reccapi.php?resort=crestedbutte HTTP/1.1" 200 1128 "-" "node-superagent/0.18.2"
170.75.162.130 - - [28/May/2015:03:15:46 -0700] "GET /lib/reccapi.php?resort=coppermountain HTTP/1.1" 200 1098 "-" "node-superagent/0.18.2"
170.75.162.130 - - [28/May/2015:03:15:46 -0700] "GET /lib/reccapi.php?resort=canyons HTTP/1.1" 200 996 "-" "node-superagent/0.18.2"
170.75.162.130 - - [28/May/2015:03:15:46 -0700] "GET /lib/reccapi.php?resort=crystalmountain HTTP/1.1" 200 993 "-" "node-superagent/0.18.2"
170.75.162.130 - - [28/May/2015:03:15:46 -0700] "GET /lib/reccapi.php?resort=grandtarghee HTTP/1.1" 200 1067 "-" "node-superagent/0.18.2"
170.75.162.130 - - [28/May/2015:03:15:46 -0700] "GET /lib/reccapi.php?resort=deervalley HTTP/1.1" 200 1029 "-" "node-superagent/0.18.2"
170.75.162.130 - - [28/May/2015:03:15:46 -0700] "GET /lib/reccapi.php?resort=devilshead HTTP/1.1" 200 940 "-" "node-superagent/0.18.2"
170.75.162.130 - - [28/May/2015:03:15:46 -0700] "GET /lib/reccapi.php?resort=heavenly HTTP/1.1" 200 983 "-" "node-superagent/0.18.2"
170.75.162.130 - - [28/May/2015:03:15:46 -0700] "GET /lib/reccapi.php?resort=jacksonhole HTTP/1.1" 200 1082 "-" "node-superagent/0.18.2"
170.75.162.130 - - [28/May/2015:03:15:46 -0700] "GET /lib/reccapi.php?resort=hoodoo HTTP/1.1" 200 1011 "-" "node-superagent/0.18.2"
170.75.162.130 - - [28/May/2015:03:15:47 -0700] "GET /lib/reccapi.php?resort=mountainhigh HTTP/1.1" 200 974 "-" "node-superagent/0.18.2"
170.75.162.130 - - [28/May/2015:03:15:52 -0700] "GET /lib/reccapi.php?resort=mounthoodmeadows HTTP/1.1" 200 1004 "-" "node-superagent/0.18.2"
170.75.162.130 - - [28/May/2015:03:15:57 -0700] "GET /lib/reccapi.php?resort=sierra-at-tahoe HTTP/1.1" 200 979 "-" "node-superagent/0.18.2"
170.75.162.130 - - [28/May/2015:03:16:02 -0700] "GET /lib/reccapi.php?resort=smugglersnotch HTTP/1.1" 200 1088 "-" "node-superagent/0.18.2"
170.75.162.130 - - [28/May/2015:03:16:07 -0700] "GET /lib/reccapi.php?resort=stevenspass HTTP/1.1" 200 1006 "-" "node-superagent/0.18.2"
170.75.162.130 - - [28/May/2015:03:16:12 -0700] "GET /lib/reccapi.php?resort=mtrose HTTP/1.1" 200 957 "-" "node-superagent/0.18.2"
170.75.162.130 - - [28/May/2015:03:16:17 -0700] "GET /lib/reccapi.php?resort=northstar-at-tahoe HTTP/1.1" 200 978 "-" "node-superagent/0.18.2"
170.75.162.130 - - [28/May/2015:03:16:22 -0700] "GET /lib/reccapi.php?resort=taos HTTP/1.1" 200 1017 "-" "node-superagent/0.18.2"
170.75.162.130 - - [28/May/2015:03:16:27 -0700] "GET /lib/reccapi.php?resort=telluride HTTP/1.1" 200 1040 "-" "node-superagent/0.18.2"
170.75.162.130 - - [28/May/2015:03:16:32 -0700] "GET /lib/reccapi.php?resort=buttermilk HTTP/1.1" 200 1022 "-" "node-superagent/0.18.2"
170.75.162.130 - - [28/May/2015:03:16:37 -0700] "GET /lib/reccapi.php?resort=chinapeak HTTP/1.1" 200 989 "-" "node-superagent/0.18.2"
170.75.162.130 - - [28/May/2015:03:16:42 -0700] "GET /lib/reccapi.php?resort=steamboat HTTP/1.1" 200 1109 "-" "node-superagent/0.18.2"
170.75.162.130 - - [28/May/2015:03:16:47 -0700] "GET /lib/reccapi.php?resort=sugarbush HTTP/1.1" 200 1077 "-" "node-superagent/0.18.2"
170.75.162.130 - - [28/May/2015:03:16:52 -0700] "GET /lib/reccapi.php?resort=stowe HTTP/1.1" 200 1132 "-" "node-superagent/0.18.2"
170.75.162.130 - - [28/May/2015:03:16:57 -0700] "GET /lib/reccapi.php?resort=sugarbowl HTTP/1.1" 200 968 "-" "node-superagent/0.18.2"
170.75.162.130 - - [28/May/2015:03:17:02 -0700] "GET /lib/reccapi.php?resort=madriverglen HTTP/1.1" 200 1077 "-" "node-superagent/0.18.2"
170.75.162.130 - - [28/May/2015:03:17:07 -0700] "GET /lib/reccapi.php?resort=parkcity HTTP/1.1" 200 1052 "-" "node-superagent/0.18.2"
170.75.162.130 - - [28/May/2015:03:17:12 -0700] "GET /lib/reccapi.php?resort=loveland HTTP/1.1" 200 1114 "-" "node-superagent/0.18.2"
170.75.162.130 - - [28/May/2015:03:17:17 -0700] "GET /lib/reccapi.php?resort=mammothmountain HTTP/1.1" 200 1058 "-" "node-superagent/0.18.2"
170.75.162.130 - - [28/May/2015:03:17:22 -0700] "GET /lib/reccapi.php?resort=monarch HTTP/1.1" 200 1116 "-" "node-superagent/0.18.2"
170.75.162.130 - - [28/May/2015:03:17:27 -0700] "GET /lib/reccapi.php?resort=sundayriver HTTP/1.1" 200 1113 "-" "node-superagent/0.18.2"
170.75.162.130 - - [28/May/2015:03:17:32 -0700] "GET /lib/reccapi.php?resort=sunpeaksresort HTTP/1.1" 200 912 "-" "node-superagent/0.18.2"
170.75.162.130 - - [28/May/2015:03:17:37 -0700] "GET /lib/reccapi.php?resort=whistlerblackcomb HTTP/1.1" 200 923 "-" "node-superagent/0.18.2"
170.75.162.130 - - [28/May/2015:03:17:42 -0700] "GET /lib/reccapi.php?resort=winterpark HTTP/1.1" 200 1100 "-" "node-superagent/0.18.2"
170.75.162.130 - - [28/May/2015:03:17:47 -0700] "GET /lib/reccapi.php?resort=jaypeak HTTP/1.1" 200 1088 "-" "node-superagent/0.18.2"
170.75.162.130 - - [28/May/2015:03:17:52 -0700] "GET /lib/reccapi.php?resort=keystone HTTP/1.1" 200 1095 "-" "node-superagent/0.18.2"
170.75.162.130 - - [28/May/2015:03:17:57 -0700] "GET /lib/reccapi.php?resort=killington HTTP/1.1" 200 1077 "-" "node-superagent/0.18.2"
170.75.162.130 - - [28/May/2015:03:18:02 -0700] "GET /lib/reccapi.php?resort=redlodge HTTP/1.1" 200 1039 "-" "node-superagent/0.18.2"
170.75.162.130 - - [28/May/2015:03:18:07 -0700] "GET /lib/reccapi.php?resort=redmountain HTTP/1.1" 200 903 "-" "node-superagent/0.18.2"
170.75.162.130 - - [28/May/2015:03:18:12 -0700] "GET /lib/reccapi.php?resort=homewoodmountain HTTP/1.1" 200 997 "-" "node-superagent/0.18.2"
170.75.162.130 - - [28/May/2015:03:18:17 -0700] "GET /lib/reccapi.php?resort=schweitzer HTTP/1.1" 200 1101 "-" "node-superagent/0.18.2"
170.75.162.130 - - [28/May/2015:03:18:22 -0700] "GET /lib/reccapi.php?resort=snowbasin HTTP/1.1" 200 1022 "-" "node-superagent/0.18.2"
170.75.162.130 - - [28/May/2015:03:18:27 -0700] "GET /lib/reccapi.php?resort=squawvalleyusa HTTP/1.1" 200 1009 "-" "node-superagent/0.18.2"
170.75.162.130 - - [28/May/2015:03:18:32 -0700] "GET /lib/reccapi.php?resort=solitude HTTP/1.1" 200 1018 "-" "node-superagent/0.18.2"
170.75.162.130 - - [28/May/2015:03:18:37 -0700] "GET /lib/reccapi.php?resort=sunvalley HTTP/1.1" 200 1045 "-" "node-superagent/0.18.2"
170.75.162.130 - - [28/May/2015:03:18:42 -0700] "GET /lib/reccapi.php?resort=diamondpeak HTTP/1.1" 200 956 "-" "node-superagent/0.18.2"
170.75.162.130 - - [28/May/2015:03:18:47 -0700] "GET /lib/reccapi.php?resort=kirkwood HTTP/1.1" 200 993 "-" "node-superagent/0.18.2"
170.75.162.130 - - [28/May/2015:03:18:52 -0700] "GET /lib/reccapi.php?resort=mountspokane HTTP/1.1" 200 977 "-" "node-superagent/0.18.2"
170.75.162.130 - - [28/May/2015:03:18:57 -0700] "GET /lib/reccapi.php?resort=mountbachelor HTTP/1.1" 200 1007 "-" "node-superagent/0.18.2"
170.75.162.130 - - [28/May/2015:03:19:02 -0700] "GET /lib/reccapi.php?resort=silverstarmountain HTTP/1.1" 200 927 "-" "node-superagent/0.18.2"
170.75.162.130 - - [28/May/2015:03:19:07 -0700] "GET /lib/reccapi.php?resort=sugarloaf HTTP/1.1" 200 1112 "-" "node-superagent/0.18.2"
170.75.162.130 - - [28/May/2015:03:19:12 -0700] "GET /lib/reccapi.php?resort=wildcatmountain HTTP/1.1" 200 1120 "-" "node-superagent/0.18.2"
170.75.162.130 - - [28/May/2015:03:19:17 -0700] "GET /lib/reccapi.php?resort=whitefacemountain HTTP/1.1" 200 1071 "-" "node-superagent/0.18.2"
170.75.162.130 - - [28/May/2015:03:19:22 -0700] "GET /lib/reccapi.php?resort=snowbird HTTP/1.1" 200 1022 "-" "node-superagent/0.18.2"
170.75.162.130 - - [28/May/2015:03:19:27 -0700] "GET /lib/reccapi.php?resort=snowmass HTTP/1.1" 200 1104 "-" "node-superagent/0.18.2"
66.249.79.1 - - [28/May/2015:03:22:30 -0700] "GET / HTTP/1.1" 200 2376 "-" "Mozilla/5.0 (compatible; Googlebot/2.1; +http://www.google.com/bot.html)"
182.48.79.54 - - [28/May/2015:03:26:25 -0700] "GET /images/wsis-logo-sm.png HTTP/1.1" 200 6108 "http://www.thebackcountry.net/" "Mozilla/5.0 (Windows NT 6.1; WOW64; rv:15.0) Gecko/20100101 Firefox/15.0"
66.249.79.1 - - [28/May/2015:03:27:05 -0700] "GET /resorts?resort=silvermountain&date=2014-01-02 HTTP/1.1" 404 506 "-" "Mozilla/5.0 (iPhone; CPU iPhone OS 6_0 like Mac OS X) AppleWebKit/536.26 (KHTML, like Gecko) Version/6.0 Mobile/10A5376e Safari/8536.25 (compatible; Googlebot/2.1; +http://www.google.com/bot.html)"
66.249.79.250 - - [28/May/2015:03:38:28 -0700] "GET /resorts?resort=redmountain&date=2014-02-03 HTTP/1.1" 404 506 "-" "Mozilla/5.0 (iPhone; CPU iPhone OS 6_0 like Mac OS X) AppleWebKit/536.26 (KHTML, like Gecko) Version/6.0 Mobile/10A5376e Safari/8536.25 (compatible; Googlebot/2.1; +http://www.google.com/bot.html)"
66.249.79.250 - - [28/May/2015:03:50:04 -0700] "GET /resorts?resort=cascademountain&date=2014-02-05 HTTP/1.1" 404 506 "-" "Mozilla/5.0 (iPhone; CPU iPhone OS 6_0 like Mac OS X) AppleWebKit/536.26 (KHTML, like Gecko) Version/6.0 Mobile/10A5376e Safari/8536.25 (compatible; Googlebot/2.1; +http://www.google.com/bot.html)"
123.125.71.18 - - [28/May/2015:03:59:14 -0700] "-" 408 0 "-" "-"
66.249.79.1 - - [28/May/2015:04:01:41 -0700] "GET /resorts?resort=snowmass&date=2014-02-02 HTTP/1.1" 404 506 "-" "Mozilla/5.0 (iPhone; CPU iPhone OS 6_0 like Mac OS X) AppleWebKit/536.26 (KHTML, like Gecko) Version/6.0 Mobile/10A5376e Safari/8536.25 (compatible; Googlebot/2.1; +http://www.google.com/bot.html)"
220.181.108.77 - - [28/May/2015:04:03:19 -0700] "-" 408 0 "-" "-"
66.249.79.250 - - [28/May/2015:04:24:54 -0700] "GET /resorts?resort=pajaritomountain&date=2014-01-15 HTTP/1.1" 404 506 "-" "Mozilla/5.0 (iPhone; CPU iPhone OS 6_0 like Mac OS X) AppleWebKit/536.26 (KHTML, like Gecko) Version/6.0 Mobile/10A5376e Safari/8536.25 (compatible; Googlebot/2.1; +http://www.google.com/bot.html)"
66.249.79.250 - - [28/May/2015:04:26:59 -0700] "GET / HTTP/1.1" 200 2376 "-" "Mozilla/5.0 (compatible; Googlebot/2.1; +http://www.google.com/bot.html)"
180.153.214.199 - - [28/May/2015:04:28:57 -0700] "GET / HTTP/1.1" 200 6114 "-" "Mozilla/5.0 (Linux; U; Android 4.4.2; zh-cn; GT-I9500 Build/KOT49H) AppleWebKit/537.36 (KHTML, like Gecko)Version/4.0 MQQBrowser/5.0 QQ-Manager Mobile Safari/537.36"
66.249.79.250 - - [28/May/2015:04:36:35 -0700] "GET /resorts?resort=northstar-at-tahoe&date=2012-12-29 HTTP/1.1" 404 506 "-" "Mozilla/5.0 (iPhone; CPU iPhone OS 6_0 like Mac OS X) AppleWebKit/536.26 (KHTML, like Gecko) Version/6.0 Mobile/10A5376e Safari/8536.25 (compatible; Googlebot/2.1; +http://www.google.com/bot.html)"
180.153.214.199 - - [28/May/2015:04:47:17 -0700] "GET /scripts/scripts/vendor/modernizr.js HTTP/1.1" 200 11398 "http://whereshouldiski.com/scripts/scripts/vendor/modernizr.js" "Mozilla/5.0 (Linux; U; Android 4.4.2; zh-cn; GT-I9500 Build/KOT49H) AppleWebKit/537.36 (KHTML, like Gecko)Version/4.0 MQQBrowser/5.0 QQ-Manager Mobile Safari/537.36"
180.153.214.199 - - [28/May/2015:04:47:17 -0700] "GET /bower_components/requirejs/require.js HTTP/1.1" 200 17147 "http://whereshouldiski.com/bower_components/requirejs/require.js" "Mozilla/5.0 (Linux; U; Android 4.4.2; zh-cn; GT-I9500 Build/KOT49H) AppleWebKit/537.36 (KHTML, like Gecko)Version/4.0 MQQBrowser/5.0 QQ-Manager Mobile Safari/537.36"
66.249.79.250 - - [28/May/2015:04:48:16 -0700] "GET /resorts?resort=arapahoebasin&date=2014-02-09 HTTP/1.1" 404 506 "-" "Mozilla/5.0 (iPhone; CPU iPhone OS 6_0 like Mac OS X) AppleWebKit/536.26 (KHTML, like Gecko) Version/6.0 Mobile/10A5376e Safari/8536.25 (compatible; Googlebot/2.1; +http://www.google.com/bot.html)"
123.125.71.116 - - [28/May/2015:04:57:23 -0700] "-" 408 0 "-" "-"
66.249.79.1 - - [28/May/2015:04:59:33 -0700] "GET /resorts?resort=mtrose&date=2014-02-14 HTTP/1.1" 404 506 "-" "Mozilla/5.0 (iPhone; CPU iPhone OS 6_0 like Mac OS X) AppleWebKit/536.26 (KHTML, like Gecko) Version/6.0 Mobile/10A5376e Safari/8536.25 (compatible; Googlebot/2.1; +http://www.google.com/bot.html)"
220.181.108.141 - - [28/May/2015:05:03:46 -0700] "-" 408 0 "-" "-"
23.92.26.73 - - [28/May/2015:05:08:57 -0700] "GET   / HTTP/1.1" 200 6114 "http://www.domain2008.com/domains/www.whereshouldiski.com" "Mozilla/5.0 (compatible; MSIE 9.0; Windows NT 6.1; WOW64; Trident/5.0)"
66.249.79.250 - - [28/May/2015:05:11:11 -0700] "GET /resorts?resort=snowbird&date=2014-02-19 HTTP/1.1" 404 506 "-" "Mozilla/5.0 (iPhone; CPU iPhone OS 6_0 like Mac OS X) AppleWebKit/536.26 (KHTML, like Gecko) Version/6.0 Mobile/10A5376e Safari/8536.25 (compatible; Googlebot/2.1; +http://www.google.com/bot.html)"
66.249.79.1 - - [28/May/2015:05:22:45 -0700] "GET /resorts?resort=aspenmountain&date=2014-01-29 HTTP/1.1" 404 506 "-" "Mozilla/5.0 (iPhone; CPU iPhone OS 6_0 like Mac OS X) AppleWebKit/536.26 (KHTML, like Gecko) Version/6.0 Mobile/10A5376e Safari/8536.25 (compatible; Googlebot/2.1; +http://www.google.com/bot.html)"
66.249.79.14 - - [28/May/2015:05:23:52 -0700] "GET / HTTP/1.1" 200 2376 "-" "Mozilla/5.0 (compatible; Googlebot/2.1; +http://www.google.com/bot.html)"
66.249.79.250 - - [28/May/2015:05:34:21 -0700] "GET /resorts?resort=mounthoodskibowl&date=2014-01-03 HTTP/1.1" 404 506 "-" "Mozilla/5.0 (iPhone; CPU iPhone OS 6_0 like Mac OS X) AppleWebKit/536.26 (KHTML, like Gecko) Version/6.0 Mobile/10A5376e Safari/8536.25 (compatible; Googlebot/2.1; +http://www.google.com/bot.html)"
66.249.79.250 - - [28/May/2015:05:45:56 -0700] "GET /resorts?resort=loveland&date=2014-02-18 HTTP/1.1" 404 506 "-" "Mozilla/5.0 (iPhone; CPU iPhone OS 6_0 like Mac OS X) AppleWebKit/536.26 (KHTML, like Gecko) Version/6.0 Mobile/10A5376e Safari/8536.25 (compatible; Googlebot/2.1; +http://www.google.com/bot.html)"
