151.80.31.106 - - [05/Apr/2016:01:51:00 -0700] "GET /robots.txt HTTP/1.1" 200 363 "-" "Mozilla/5.0 (compatible; AhrefsBot/5.1; +http://ahrefs.com/robot/)"
170.75.162.130 - - [05/Apr/2016:01:55:44 -0700] "GET /lib/reccapi.php?resort=sundayriver HTTP/1.1" 200 976 "-" "node-superagent/1.4.0"
170.75.162.130 - - [05/Apr/2016:02:03:05 -0700] "GET /lib/reccapi.php?resort=arapahoebasin HTTP/1.1" 200 1147 "-" "node-superagent/1.4.0"
170.75.162.130 - - [05/Apr/2016:02:03:05 -0700] "GET /lib/reccapi.php?resort=aspenheights HTTP/1.1" 200 1119 "-" "node-superagent/1.4.0"
170.75.162.130 - - [05/Apr/2016:02:03:05 -0700] "GET /lib/reccapi.php?resort=aspenmountain HTTP/1.1" 200 1129 "-" "node-superagent/1.4.0"
80.82.65.82 - - [05/Apr/2016:02:05:07 -0700] "GET / HTTP/1.0" 200 6995 "http://whereshouldiski.com" "Mozilla/4.0 (compatible; MSIE 6.0; Windows NT 5.1; SV1; .NET CLR 2.0.50727)"
80.82.65.82 - - [05/Apr/2016:02:05:09 -0700] "GET /about HTTP/1.0" 404 495 "http://whereshouldiski.com/about" "Mozilla/4.0 (compatible; MSIE 6.0; Windows NT 5.1; SV1; .NET CLR 2.0.50727)"
170.75.162.130 - - [05/Apr/2016:02:17:46 -0700] "GET /lib/reccapi.php?resort=brianhead HTTP/1.1" 200 999 "-" "node-superagent/1.4.0"
180.76.15.5 - - [05/Apr/2016:02:31:15 -0700] "GET / HTTP/1.1" 200 6995 "-" "Mozilla/5.0 (compatible; Baiduspider/2.0; +http://www.baidu.com/search/spider.html)"
180.76.15.13 - - [05/Apr/2016:02:32:08 -0700] "GET / HTTP/1.1" 200 6995 "-" "Mozilla/5.0 (compatible; Baiduspider/2.0; +http://www.baidu.com/search/spider.html)"
170.75.162.130 - - [05/Apr/2016:02:32:48 -0700] "GET /lib/reccapi.php?resort=grandtarghee HTTP/1.1" 200 1095 "-" "node-superagent/1.4.0"
170.75.162.130 - - [05/Apr/2016:02:40:39 -0700] "GET /lib/reccapi.php?resort=crestedbutte HTTP/1.1" 200 1108 "-" "node-superagent/1.4.0"
170.75.162.130 - - [05/Apr/2016:02:40:39 -0700] "GET /lib/reccapi.php?resort=devilshead HTTP/1.1" 200 1011 "-" "node-superagent/1.4.0"
170.75.162.130 - - [05/Apr/2016:02:40:40 -0700] "GET /lib/reccapi.php?resort=hoodoo HTTP/1.1" 200 1008 "-" "node-superagent/1.4.0"
170.75.162.130 - - [05/Apr/2016:02:40:40 -0700] "GET /lib/reccapi.php?resort=mountbachelor HTTP/1.1" 200 1001 "-" "node-superagent/1.4.0"
170.75.162.130 - - [05/Apr/2016:02:40:40 -0700] "GET /lib/reccapi.php?resort=mounthoodmeadows HTTP/1.1" 200 1076 "-" "node-superagent/1.4.0"
170.75.162.130 - - [05/Apr/2016:02:40:59 -0700] "GET /lib/reccapi.php?resort=chinapeak HTTP/1.1" 200 985 "-" "node-superagent/1.4.0"
170.75.162.130 - - [05/Apr/2016:02:40:59 -0700] "GET /lib/reccapi.php?resort=cannonmountain HTTP/1.1" 200 990 "-" "node-superagent/1.4.0"
170.75.162.130 - - [05/Apr/2016:02:41:00 -0700] "GET /lib/reccapi.php?resort=homewoodmountain HTTP/1.1" 200 989 "-" "node-superagent/1.4.0"
170.75.162.130 - - [05/Apr/2016:02:41:00 -0700] "GET /lib/reccapi.php?resort=keystone HTTP/1.1" 200 1138 "-" "node-superagent/1.4.0"
170.75.162.130 - - [05/Apr/2016:02:41:00 -0700] "GET /lib/reccapi.php?resort=snowbird HTTP/1.1" 200 1003 "-" "node-superagent/1.4.0"
170.75.162.130 - - [05/Apr/2016:02:41:00 -0700] "GET /lib/reccapi.php?resort=whistlerblackcomb HTTP/1.1" 200 933 "-" "node-superagent/1.4.0"
170.75.162.130 - - [05/Apr/2016:02:41:00 -0700] "GET /lib/reccapi.php?resort=wildcatmountain HTTP/1.1" 200 995 "-" "node-superagent/1.4.0"
170.75.162.130 - - [05/Apr/2016:02:41:39 -0700] "GET /lib/reccapi.php?resort=mammothmountain HTTP/1.1" 200 994 "-" "node-superagent/1.4.0"
170.75.162.130 - - [05/Apr/2016:02:41:39 -0700] "GET /lib/reccapi.php?resort=sugarbowl HTTP/1.1" 200 946 "-" "node-superagent/1.4.0"
170.75.162.130 - - [05/Apr/2016:02:41:39 -0700] "GET /lib/reccapi.php?resort=diamondpeak HTTP/1.1" 200 948 "-" "node-superagent/1.4.0"
170.75.162.130 - - [05/Apr/2016:02:41:39 -0700] "GET /lib/reccapi.php?resort=mountainhigh HTTP/1.1" 200 988 "-" "node-superagent/1.4.0"
170.75.162.130 - - [05/Apr/2016:02:41:39 -0700] "GET /lib/reccapi.php?resort=mtrose HTTP/1.1" 200 981 "-" "node-superagent/1.4.0"
170.75.162.130 - - [05/Apr/2016:02:41:39 -0700] "GET /lib/reccapi.php?resort=telluride HTTP/1.1" 200 1115 "-" "node-superagent/1.4.0"
170.75.162.130 - - [05/Apr/2016:02:41:39 -0700] "GET /lib/reccapi.php?resort=sierra-at-tahoe HTTP/1.1" 200 954 "-" "node-superagent/1.4.0"
170.75.162.130 - - [05/Apr/2016:02:41:39 -0700] "GET /lib/reccapi.php?resort=squawvalleyusa HTTP/1.1" 200 986 "-" "node-superagent/1.4.0"
170.75.162.130 - - [05/Apr/2016:02:41:40 -0700] "GET /lib/reccapi.php?resort=coppermountain HTTP/1.1" 200 1161 "-" "node-superagent/1.4.0"
170.75.162.130 - - [05/Apr/2016:02:41:40 -0700] "GET /lib/reccapi.php?resort=redmountain HTTP/1.1" 200 909 "-" "node-superagent/1.4.0"
170.75.162.130 - - [05/Apr/2016:02:56:02 -0700] "GET /lib/reccapi.php?resort=whitefacemountain HTTP/1.1" 200 986 "-" "node-superagent/1.4.0"
180.76.15.142 - - [05/Apr/2016:03:30:20 -0700] "GET / HTTP/1.1" 200 6995 "-" "Mozilla/5.0 (compatible; Baiduspider/2.0; +http://www.baidu.com/search/spider.html)"
180.76.15.148 - - [05/Apr/2016:03:31:10 -0700] "GET / HTTP/1.1" 200 6995 "-" "Mozilla/5.0 (compatible; Baiduspider/2.0; +http://www.baidu.com/search/spider.html)"
170.75.162.130 - - [05/Apr/2016:03:33:52 -0700] "GET /lib/reccapi.php?resort=bigwhite HTTP/1.1" 200 925 "-" "node-superagent/1.4.0"
170.75.162.130 - - [05/Apr/2016:03:33:52 -0700] "GET /lib/reccapi.php?resort=silverstarmountain HTTP/1.1" 200 933 "-" "node-superagent/1.4.0"
170.75.162.130 - - [05/Apr/2016:03:33:52 -0700] "GET /lib/reccapi.php?resort=sunpeaksresort HTTP/1.1" 200 915 "-" "node-superagent/1.4.0"
66.249.79.95 - - [05/Apr/2016:03:36:23 -0700] "GET /lib/reccapi.php?resort=antelopebutte&date=2016-01-26 HTTP/1.1" 200 1009 "http://whereshouldiski.com/" "Mozilla/5.0 (compatible; Googlebot/2.1; +http://www.google.com/bot.html)"
66.249.79.93 - - [05/Apr/2016:03:36:25 -0700] "GET /lib/resortDataSearchD3.php?size=7&sortDate=T&resort=antelopebutte&dateStart=2016-01-24 HTTP/1.1" 200 873 "http://whereshouldiski.com/" "Mozilla/5.0 (compatible; Googlebot/2.1; +http://www.google.com/bot.html)"
66.249.79.91 - - [05/Apr/2016:03:36:25 -0700] "GET /lib/reccapi.php?fields=t&date=2016-01-26&coords=44.62%2C-107.51&size=7&sort=distance HTTP/1.1" 200 1370 "http://whereshouldiski.com/" "Mozilla/5.0 (compatible; Googlebot/2.1; +http://www.google.com/bot.html)"
66.249.79.95 - - [05/Apr/2016:04:06:32 -0700] "GET /lib/reccapi.php?resort=solitude&date=2015-12-17 HTTP/1.1" 200 690 "http://whereshouldiski.com/" "Mozilla/5.0 (compatible; Googlebot/2.1; +http://www.google.com/bot.html)"
66.249.79.91 - - [05/Apr/2016:04:26:33 -0700] "GET /lib/reccapi.php?resort=wildcatmountain&date=2016-04-02 HTTP/1.1" 200 1081 "http://whereshouldiski.com/" "Mozilla/5.0 (compatible; Googlebot/2.1; +http://www.google.com/bot.html)"
66.249.79.93 - - [05/Apr/2016:04:26:34 -0700] "GET /lib/resortDataSearchD3.php?size=7&sortDate=T&resort=wildcatmountain&dateStart=2016-03-31 HTTP/1.1" 200 856 "http://whereshouldiski.com/" "Mozilla/5.0 (compatible; Googlebot/2.1; +http://www.google.com/bot.html)"
66.249.79.95 - - [05/Apr/2016:04:26:35 -0700] "GET /lib/reccapi.php?fields=t&date=2016-04-02&coords=44.2604%2C-71.2034&size=7&sort=distance HTTP/1.1" 200 1312 "http://whereshouldiski.com/" "Mozilla/5.0 (compatible; Googlebot/2.1; +http://www.google.com/bot.html)"
180.76.15.137 - - [05/Apr/2016:04:32:30 -0700] "GET / HTTP/1.1" 200 6995 "-" "Mozilla/5.0 (compatible; Baiduspider/2.0; +http://www.baidu.com/search/spider.html)"
180.76.15.146 - - [05/Apr/2016:04:33:24 -0700] "GET / HTTP/1.1" 200 6995 "-" "Mozilla/5.0 (compatible; Baiduspider/2.0; +http://www.baidu.com/search/spider.html)"
170.75.162.130 - - [05/Apr/2016:04:40:01 -0700] "GET /lib/reccapi.php?resort=killington HTTP/1.1" 200 987 "-" "node-superagent/1.4.0"
198.0.1.133 - - [05/Apr/2016:04:45:43 -0700] "GET / HTTP/1.1" 200 7032 "-" "Java/1.8.0_51"
198.0.1.133 - - [05/Apr/2016:04:45:43 -0700] "GET /about HTTP/1.1" 404 531 "-" "Java/1.8.0_51"
198.0.1.133 - - [05/Apr/2016:04:45:43 -0700] "GET /images/logo-square-white-sm.png HTTP/1.1" 200 1684 "-" "Java/1.8.0_51"
198.0.1.133 - - [05/Apr/2016:04:45:43 -0700] "GET //platform.twitter.com/widgets.js HTTP/1.1" 404 553 "-" "Java/1.8.0_51"
198.0.1.133 - - [05/Apr/2016:04:45:43 -0700] "GET /bower_components/requirejs/require.js HTTP/1.1" 200 17184 "-" "Java/1.8.0_51"
198.0.1.133 - - [05/Apr/2016:04:45:44 -0700] "GET /scripts/scripts/vendor/modernizr.js HTTP/1.1" 200 11434 "-" "Java/1.8.0_51"
198.0.1.133 - - [05/Apr/2016:04:45:44 -0700] "GET /scripts/scripts/vendor/)||!a.HTMLDataListElement)),E}( HTTP/1.1" 404 576 "-" "Java/1.8.0_51"
198.0.1.133 - - [05/Apr/2016:04:45:47 -0700] "GET /https://fonts.googleapis.com/css?family=Alegreya+Sans+SC|Permanent+Marker HTTP/1.1" 404 532 "-" "Java/1.8.0_51"
198.0.1.133 - - [05/Apr/2016:04:45:47 -0700] "GET /https://twitter.com/WhereShouldISki HTTP/1.1" 404 531 "-" "Java/1.8.0_51"
198.0.1.133 - - [05/Apr/2016:04:45:48 -0700] "GET /https://www.facebook.com/WhereShouldiSki HTTP/1.1" 404 532 "-" "Java/1.8.0_51"
198.0.1.133 - - [05/Apr/2016:04:45:48 -0700] "GET /bower_components/requirejs/\\nhttp://requirejs.org/docs/errors.html HTTP/1.1" 404 532 "-" "Java/1.8.0_51"
170.75.162.130 - - [05/Apr/2016:04:52:52 -0700] "GET /lib/reccapi.php?resort=schweitzer HTTP/1.1" 200 1007 "-" "node-superagent/1.4.0"
170.75.162.130 - - [05/Apr/2016:05:28:07 -0700] "GET /lib/reccapi.php?resort=49degreesnorth HTTP/1.1" 200 986 "-" "node-superagent/1.4.0"
180.76.15.32 - - [05/Apr/2016:05:35:28 -0700] "GET / HTTP/1.1" 200 6995 "-" "Mozilla/5.0 (compatible; Baiduspider/2.0; +http://www.baidu.com/search/spider.html)"
180.76.15.141 - - [05/Apr/2016:05:36:30 -0700] "GET / HTTP/1.1" 200 6995 "-" "Mozilla/5.0 (compatible; Baiduspider/2.0; +http://www.baidu.com/search/spider.html)"
170.75.162.130 - - [05/Apr/2016:05:36:48 -0700] "GET /lib/reccapi.php?resort=loveland HTTP/1.1" 200 1162 "-" "node-superagent/1.4.0"
180.76.15.158 - - [05/Apr/2016:05:42:31 -0700] "GET /robots.txt HTTP/1.1" 200 382 "-" "Mozilla/5.0 (Windows NT 5.1; rv:6.0.2) Gecko/20100101 Firefox/6.0.2"
66.249.79.95 - - [05/Apr/2016:05:43:46 -0700] "GET /lib/reccapi.php?resort=bigsky&date=2016-04-02 HTTP/1.1" 200 1023 "http://whereshouldiski.com/" "Mozilla/5.0 (compatible; Googlebot/2.1; +http://www.google.com/bot.html)"
66.249.79.95 - - [05/Apr/2016:05:43:48 -0700] "GET /lib/resortDataSearchD3.php?size=7&sortDate=T&resort=bigsky&dateStart=2016-03-31 HTTP/1.1" 200 866 "http://whereshouldiski.com/" "Mozilla/5.0 (compatible; Googlebot/2.1; +http://www.google.com/bot.html)"
66.249.79.91 - - [05/Apr/2016:05:43:48 -0700] "GET /lib/reccapi.php?fields=t&date=2016-04-02&coords=45.27%2C-111.43&size=7&sort=distance HTTP/1.1" 200 1341 "http://whereshouldiski.com/" "Mozilla/5.0 (compatible; Googlebot/2.1; +http://www.google.com/bot.html)"
180.76.15.156 - - [05/Apr/2016:05:44:18 -0700] "GET / HTTP/1.1" 200 2578 "-" "Mozilla/5.0 (compatible; Baiduspider/2.0; +http://www.baidu.com/search/spider.html)"
170.75.162.130 - - [05/Apr/2016:05:48:40 -0700] "GET /lib/reccapi.php?resort=monarch HTTP/1.1" 200 1072 "-" "node-superagent/1.4.0"
54.80.106.124 - - [05/Apr/2016:05:51:50 -0700] "HEAD / HTTP/1.1" 200 291 "-" "Cloud mapping experiment. Contact research@pdrlabs.net"
170.75.162.130 - - [05/Apr/2016:05:53:40 -0700] "GET /lib/reccapi.php?resort=alta HTTP/1.1" 200 957 "-" "node-superagent/1.4.0"
170.75.162.130 - - [05/Apr/2016:05:57:51 -0700] "GET /lib/reccapi.php?resort=solitude HTTP/1.1" 200 954 "-" "node-superagent/1.4.0"
170.75.162.130 - - [05/Apr/2016:06:01:01 -0700] "GET /lib/reccapi.php?resort=stevenspass HTTP/1.1" 200 1026 "-" "node-superagent/1.4.0"
66.249.79.93 - - [05/Apr/2016:06:06:37 -0700] "GET /lib/resortDataSearchD3.php?size=7&sortDate=T&resort=porcupine&dateStart=2016-02-11 HTTP/1.1" 200 880 "http://whereshouldiski.com/" "Mozilla/5.0 (compatible; Googlebot/2.1; +http://www.google.com/bot.html)"
66.249.79.93 - - [05/Apr/2016:06:07:40 -0700] "GET /lib/reccapi.php?resort=alpenglow&date=2016-01-12 HTTP/1.1" 200 681 "http://whereshouldiski.com/" "Mozilla/5.0 (compatible; Googlebot/2.1; +http://www.google.com/bot.html)"
170.75.162.130 - - [05/Apr/2016:06:22:44 -0700] "GET /lib/reccapi.php?resort=alyeska HTTP/1.1" 200 976 "-" "node-superagent/1.4.0"
170.75.162.130 - - [05/Apr/2016:06:22:44 -0700] "GET /lib/reccapi.php?resort=arapahoebasin HTTP/1.1" 200 1180 "-" "node-superagent/1.4.0"
170.75.162.130 - - [05/Apr/2016:06:22:44 -0700] "GET /lib/reccapi.php?resort=aspenheights HTTP/1.1" 200 1130 "-" "node-superagent/1.4.0"
170.75.162.130 - - [05/Apr/2016:06:22:44 -0700] "GET /lib/reccapi.php?resort=aspenmountain HTTP/1.1" 200 1133 "-" "node-superagent/1.4.0"
170.75.162.130 - - [05/Apr/2016:06:22:45 -0700] "GET /lib/reccapi.php?resort=brianhead HTTP/1.1" 200 995 "-" "node-superagent/1.4.0"
170.75.162.130 - - [05/Apr/2016:06:22:45 -0700] "GET /lib/reccapi.php?resort=brighton HTTP/1.1" 200 979 "-" "node-superagent/1.4.0"
170.75.162.130 - - [05/Apr/2016:06:22:45 -0700] "GET /lib/reccapi.php?resort=buttermilk HTTP/1.1" 200 1133 "-" "node-superagent/1.4.0"
170.75.162.130 - - [05/Apr/2016:06:22:45 -0700] "GET /lib/reccapi.php?resort=deervalley HTTP/1.1" 200 1029 "-" "node-superagent/1.4.0"
170.75.162.130 - - [05/Apr/2016:06:22:46 -0700] "GET /lib/reccapi.php?resort=jacksonhole HTTP/1.1" 200 1101 "-" "node-superagent/1.4.0"
170.75.162.130 - - [05/Apr/2016:06:22:46 -0700] "GET /lib/reccapi.php?resort=jaypeak HTTP/1.1" 200 990 "-" "node-superagent/1.4.0"
170.75.162.130 - - [05/Apr/2016:06:22:47 -0700] "GET /lib/reccapi.php?resort=parkcity HTTP/1.1" 200 986 "-" "node-superagent/1.4.0"
170.75.162.130 - - [05/Apr/2016:06:22:47 -0700] "GET /lib/reccapi.php?resort=snowbasin HTTP/1.1" 200 1006 "-" "node-superagent/1.4.0"
170.75.162.130 - - [05/Apr/2016:06:23:44 -0700] "GET /lib/reccapi.php?resort=steamboat HTTP/1.1" 200 1115 "-" "node-superagent/1.4.0"
170.75.162.130 - - [05/Apr/2016:06:23:44 -0700] "GET /lib/reccapi.php?resort=winterpark HTTP/1.1" 200 1166 "-" "node-superagent/1.4.0"
170.75.162.130 - - [05/Apr/2016:06:23:44 -0700] "GET /lib/reccapi.php?resort=snowmass HTTP/1.1" 200 1093 "-" "node-superagent/1.4.0"
170.75.162.130 - - [05/Apr/2016:06:23:44 -0700] "GET /lib/reccapi.php?resort=stowe HTTP/1.1" 200 962 "-" "node-superagent/1.4.0"
180.76.15.144 - - [05/Apr/2016:06:29:24 -0700] "GET / HTTP/1.1" 200 6995 "-" "Mozilla/5.0 (compatible; Baiduspider/2.0; +http://www.baidu.com/search/spider.html)"
180.76.15.30 - - [05/Apr/2016:06:30:14 -0700] "GET / HTTP/1.1" 200 6995 "-" "Mozilla/5.0 (compatible; Baiduspider/2.0; +http://www.baidu.com/search/spider.html)"
169.229.3.91 - - [05/Apr/2016:06:45:40 -0700] "\xcc\xbb\x81\v\xec\xb2\xe8}\x04\xe6\x0fv3D~\xf4`\x87" 400 334 "-" "-"
170.75.162.130 - - [05/Apr/2016:06:50:08 -0700] "GET /lib/reccapi.php?resort=mountbachelor HTTP/1.1" 200 978 "-" "node-superagent/1.4.0"
207.46.13.37 - - [05/Apr/2016:06:55:34 -0700] "GET / HTTP/1.1" 200 2615 "-" "Mozilla/5.0 (compatible; bingbot/2.0; +http://www.bing.com/bingbot.htm)"
66.249.79.93 - - [05/Apr/2016:07:14:46 -0700] "GET / HTTP/1.1" 200 2615 "-" "Mozilla/5.0 AppleWebKit/537.36 (KHTML, like Gecko; Google Web Preview Analytics) Chrome/27.0.1453 Safari/537.36 (compatible; Googlebot/2.1; +http://www.google.com/bot.html)"
66.249.79.91 - - [05/Apr/2016:07:14:47 -0700] "GET /styles/ee08faa9.main.css HTTP/1.1" 200 19447 "http://whereshouldiski.com/" "Mozilla/5.0 AppleWebKit/537.36 (KHTML, like Gecko; Google Web Preview Analytics) Chrome/27.0.1453 Safari/537.36 (compatible; Googlebot/2.1; +http://www.google.com/bot.html)"
66.249.79.93 - - [05/Apr/2016:07:14:47 -0700] "GET /scripts/scripts/vendor/modernizr.js HTTP/1.1" 200 4902 "http://whereshouldiski.com/" "Mozilla/5.0 AppleWebKit/537.36 (KHTML, like Gecko; Google Web Preview Analytics) Chrome/27.0.1453 Safari/537.36 (compatible; Googlebot/2.1; +http://www.google.com/bot.html)"
66.249.79.95 - - [05/Apr/2016:07:14:47 -0700] "GET /bower_components/requirejs/require.js HTTP/1.1" 200 6702 "http://whereshouldiski.com/" "Mozilla/5.0 AppleWebKit/537.36 (KHTML, like Gecko; Google Web Preview Analytics) Chrome/27.0.1453 Safari/537.36 (compatible; Googlebot/2.1; +http://www.google.com/bot.html)"
66.249.79.93 - - [05/Apr/2016:07:15:16 -0700] "GET /scripts/fa48e319.main.js HTTP/1.1" 200 123456 "http://whereshouldiski.com/" "Mozilla/5.0 AppleWebKit/537.36 (KHTML, like Gecko; Google Web Preview Analytics) Chrome/27.0.1453 Safari/537.36 (compatible; Googlebot/2.1; +http://www.google.com/bot.html)"
66.249.79.91 - - [05/Apr/2016:07:15:16 -0700] "GET /lib/reccapi.php?fields=t HTTP/1.1" 200 1841 "http://whereshouldiski.com/" "Mozilla/5.0 AppleWebKit/537.36 (KHTML, like Gecko; Google Web Preview Analytics) Chrome/27.0.1453 Safari/537.36 (compatible; Googlebot/2.1; +http://www.google.com/bot.html)"
180.76.15.154 - - [05/Apr/2016:07:29:09 -0700] "GET / HTTP/1.1" 200 6995 "-" "Mozilla/5.0 (compatible; Baiduspider/2.0; +http://www.baidu.com/search/spider.html)"
180.76.15.5 - - [05/Apr/2016:07:29:58 -0700] "GET / HTTP/1.1" 200 6995 "-" "Mozilla/5.0 (compatible; Baiduspider/2.0; +http://www.baidu.com/search/spider.html)"
66.249.79.91 - - [05/Apr/2016:07:30:39 -0700] "GET /lib/reccapi.php?resort=jaypeak&date=2016-04-04 HTTP/1.1" 200 1007 "http://whereshouldiski.com/" "Mozilla/5.0 (compatible; Googlebot/2.1; +http://www.google.com/bot.html)"
66.249.79.95 - - [05/Apr/2016:07:30:40 -0700] "GET /lib/reccapi.php?fields=t&date=2016-04-04&coords=44.9162%2C-72.5383&size=7&sort=distance HTTP/1.1" 200 1322 "http://whereshouldiski.com/" "Mozilla/5.0 (compatible; Googlebot/2.1; +http://www.google.com/bot.html)"
66.249.79.95 - - [05/Apr/2016:07:30:40 -0700] "GET /lib/resortDataSearchD3.php?size=7&sortDate=T&resort=jaypeak&dateStart=2016-04-02 HTTP/1.1" 200 848 "http://whereshouldiski.com/" "Mozilla/5.0 (compatible; Googlebot/2.1; +http://www.google.com/bot.html)"
185.25.148.240 - - [05/Apr/2016:07:31:16 -0700] "GET http://testp5.mielno.lubin.pl/testproxy.php HTTP/1.1" 404 452 "-" "Mozilla/5.0 (Windows NT 5.1; rv:32.0) Gecko/20100101 Firefox/31.0"
170.75.162.130 - - [05/Apr/2016:07:35:03 -0700] "GET /lib/reccapi.php?resort=heavenly HTTP/1.1" 200 976 "-" "node-superagent/1.4.0"
117.114.135.68 - - [05/Apr/2016:07:37:59 -0700] "GET / HTTP/1.1" 200 6976 "-" "-"
122.16.109.30 - - [05/Apr/2016:07:42:22 -0700] "GET /images/wsis-logo-sm.png HTTP/1.1" 200 6108 "http://thebackcountry.net/" "Mozilla/4.0 (compatible; MSIE 8.0; Windows NT 5.1; Trident/4.0)"
180.76.15.16 - - [05/Apr/2016:07:49:01 -0700] "GET /resorts?resort=remarkables HTTP/1.1" 404 469 "-" "Mozilla/5.0 (compatible; Baiduspider/2.0; +http://www.baidu.com/search/spider.html)"
170.75.162.130 - - [05/Apr/2016:08:01:56 -0700] "GET /lib/reccapi.php?resort=sunvalley HTTP/1.1" 200 985 "-" "node-superagent/1.4.0"
47.208.174.29 - - [05/Apr/2016:08:03:34 -0700] "GET /images/wsis-logo-sm.png HTTP/1.1" 200 6108 "http://www.thebackcountry.net/" "Mozilla/5.0 (Macintosh; Intel Mac OS X 10_10_5) AppleWebKit/601.5.17 (KHTML, like Gecko) Version/9.1 Safari/601.5.17"
170.75.162.130 - - [05/Apr/2016:08:07:16 -0700] "GET /lib/reccapi.php?resort=redlodge HTTP/1.1" 200 1129 "-" "node-superagent/1.4.0"
170.75.162.130 - - [05/Apr/2016:08:17:28 -0700] "GET /lib/reccapi.php?resort=madriverglen HTTP/1.1" 200 982 "-" "node-superagent/1.4.0"
47.208.168.6 - - [05/Apr/2016:08:17:37 -0700] "GET /images/wsis-logo-sm.png HTTP/1.1" 200 6108 "http://www.thebackcountry.net/" "Mozilla/5.0 (Macintosh; Intel Mac OS X 10_10_5) AppleWebKit/537.36 (KHTML, like Gecko) Chrome/48.0.2564.116 Safari/537.36"
89.248.160.136 - - [05/Apr/2016:08:18:09 -0700] "GET / HTTP/1.1" 200 6976 "-" "-"
180.76.15.6 - - [05/Apr/2016:08:22:30 -0700] "GET /resorts?resort=crystalmountain HTTP/1.1" 404 469 "-" "Mozilla/5.0 (compatible; Baiduspider/2.0; +http://www.baidu.com/search/spider.html)"
24.32.31.63 - - [05/Apr/2016:08:23:46 -0700] "GET /images/wsis-logo-sm.png HTTP/1.1" 200 6108 "http://www.thebackcountry.net/" "Mozilla/5.0 (Windows NT 10.0; WOW64) AppleWebKit/537.36 (KHTML, like Gecko) Chrome/49.0.2623.110 Safari/537.36"
107.189.60.76 - - [05/Apr/2016:08:28:00 -0700] "GET /images/wsis-logo-sm.png HTTP/1.1" 200 6108 "http://www.thebackcountry.net/" "Mozilla/5.0 (compatible; PrivacyAwareBot/1.1; +http://www.privacyaware.org)"
180.76.15.24 - - [05/Apr/2016:08:31:17 -0700] "GET / HTTP/1.1" 200 6995 "-" "Mozilla/5.0 (compatible; Baiduspider/2.0; +http://www.baidu.com/search/spider.html)"
180.76.15.22 - - [05/Apr/2016:08:32:10 -0700] "GET / HTTP/1.1" 200 6995 "-" "Mozilla/5.0 (compatible; Baiduspider/2.0; +http://www.baidu.com/search/spider.html)"
162.210.196.100 - - [05/Apr/2016:08:41:47 -0700] "GET /robots.txt HTTP/1.0" 200 338 "-" "Mozilla/5.0 (compatible; MJ12bot/v1.4.5; http://www.majestic12.co.uk/bot.php?+)"
162.210.196.100 - - [05/Apr/2016:08:41:49 -0700] "GET / HTTP/1.0" 200 6995 "-" "Mozilla/5.0 (compatible; MJ12bot/v1.4.5; http://www.majestic12.co.uk/bot.php?+)"
162.210.196.100 - - [05/Apr/2016:08:41:50 -0700] "GET /robots.txt HTTP/1.0" 200 338 "-" "Mozilla/5.0 (compatible; MJ12bot/v1.4.5; http://www.majestic12.co.uk/bot.php?+)"
162.210.196.100 - - [05/Apr/2016:08:41:51 -0700] "GET / HTTP/1.0" 200 6995 "-" "Mozilla/5.0 (compatible; MJ12bot/v1.4.5; http://www.majestic12.co.uk/bot.php?+)"
71.86.31.174 - - [05/Apr/2016:08:47:44 -0700] "GET /images/wsis-logo-sm.png HTTP/1.1" 200 6108 "http://www.thebackcountry.net/" "Mozilla/5.0 (Macintosh; Intel Mac OS X 10_10_5) AppleWebKit/601.5.17 (KHTML, like Gecko) Version/9.1 Safari/601.5.17"
184.153.139.174 - - [05/Apr/2016:09:21:41 -0700] "GET /images/wsis-logo-sm.png HTTP/1.1" 200 6108 "http://www.thebackcountry.net/" "Mozilla/5.0 (Macintosh; Intel Mac OS X 10.6; rv:45.0) Gecko/20100101 Firefox/45.0"
45.79.89.188 - - [05/Apr/2016:09:24:52 -0700] "GET /robots.txt HTTP/1.1" 200 419 "-" "Mozilla/5.0 (compatible; Uptimebot/1.0; +http://www.uptime.com/uptimebot)"
123.125.71.85 - - [05/Apr/2016:09:29:08 -0700] "GET / HTTP/1.1" 200 2578 "-" "Mozilla/5.0 (compatible; Baiduspider/2.0; +http://www.baidu.com/search/spider.html)"
170.75.162.130 - - [05/Apr/2016:09:34:04 -0700] "GET /lib/reccapi.php?resort=northstar-at-tahoe HTTP/1.1" 200 951 "-" "node-superagent/1.4.0"
170.75.162.130 - - [05/Apr/2016:09:34:14 -0700] "GET /lib/reccapi.php?resort=sierra-at-tahoe HTTP/1.1" 200 966 "-" "node-superagent/1.4.0"
180.76.15.28 - - [05/Apr/2016:09:34:27 -0700] "GET / HTTP/1.1" 200 6995 "-" "Mozilla/5.0 (compatible; Baiduspider/2.0; +http://www.baidu.com/search/spider.html)"
180.76.15.16 - - [05/Apr/2016:09:35:28 -0700] "GET / HTTP/1.1" 200 6995 "-" "Mozilla/5.0 (compatible; Baiduspider/2.0; +http://www.baidu.com/search/spider.html)"
108.171.128.180 - - [05/Apr/2016:09:35:54 -0700] "GET /images/wsis-logo-sm.png HTTP/1.1" 200 6108 "http://www.thebackcountry.net/" "Mozilla/5.0 (Windows NT 6.1) AppleWebKit/537.36 (KHTML, like Gecko) Chrome/49.0.2623.110 Safari/537.36"
185.49.14.190 - - [05/Apr/2016:09:37:59 -0700] "GET http://testp3.pospr.waw.pl/testproxy.php HTTP/1.1" 404 449 "-" "Mozilla/5.0 (Windows NT 5.1; rv:32.0) Gecko/20100101 Firefox/31.0"
170.75.162.130 - - [05/Apr/2016:09:40:15 -0700] "GET /lib/reccapi.php?resort=bigsky HTTP/1.1" 200 1102 "-" "node-superagent/1.4.0"
184.69.138.86 - - [05/Apr/2016:09:42:20 -0700] "GET /images/wsis-logo-sm.png HTTP/1.1" 200 6108 "http://www.thebackcountry.net/" "Mozilla/5.0 (Windows NT 6.1; WOW64) AppleWebKit/537.36 (KHTML, like Gecko) Chrome/49.0.2623.110 Safari/537.36"
170.75.162.130 - - [05/Apr/2016:09:50:45 -0700] "GET /lib/reccapi.php?resort=taos HTTP/1.1" 200 1000 "-" "node-superagent/1.4.0"
107.77.97.77 - - [05/Apr/2016:10:17:45 -0700] "GET /images/wsis-logo-sm.png HTTP/1.1" 200 6108 "http://www.thebackcountry.net/" "Mozilla/5.0 (iPhone; CPU iPhone OS 9_2_1 like Mac OS X) AppleWebKit/601.1.46 (KHTML, like Gecko) Version/9.0 Mobile/13D15 Safari/601.1"
162.210.196.100 - - [05/Apr/2016:10:19:18 -0700] "GET /robots.txt HTTP/1.0" 200 338 "-" "Mozilla/5.0 (compatible; MJ12bot/v1.4.5; http://www.majestic12.co.uk/bot.php?+)"
162.210.196.100 - - [05/Apr/2016:10:19:20 -0700] "GET / HTTP/1.0" 200 6995 "-" "Mozilla/5.0 (compatible; MJ12bot/v1.4.5; http://www.majestic12.co.uk/bot.php?+)"
66.249.79.91 - - [05/Apr/2016:10:22:40 -0700] "GET /lib/reccapi.php?resort=crystalmountain&date=2016-01-14 HTTP/1.1" 200 718 "http://whereshouldiski.com/" "Mozilla/5.0 (compatible; Googlebot/2.1; +http://www.google.com/bot.html)"
47.208.171.231 - - [05/Apr/2016:10:27:42 -0700] "GET /images/wsis-logo-sm.png HTTP/1.1" 200 6108 "http://www.thebackcountry.net/" "Mozilla/5.0 (Windows NT 6.0; WOW64) AppleWebKit/537.36 (KHTML, like Gecko) Chrome/49.0.2623.110 Safari/537.36"
66.249.79.56 - - [05/Apr/2016:10:29:07 -0700] "GET /robots.txt HTTP/1.1" 200 419 "-" "Mozilla/5.0 (compatible; Googlebot/2.1; +http://www.google.com/bot.html)"
66.249.79.54 - - [05/Apr/2016:10:29:07 -0700] "GET / HTTP/1.1" 200 2615 "-" "Mozilla/5.0 (iPhone; CPU iPhone OS 8_3 like Mac OS X) AppleWebKit/600.1.4 (KHTML, like Gecko) Version/8.0 Mobile/12F70 Safari/600.1.4 (compatible; Googlebot/2.1; +http://www.google.com/bot.html)"
180.76.15.19 - - [05/Apr/2016:10:30:48 -0700] "GET / HTTP/1.1" 200 6995 "-" "Mozilla/5.0 (compatible; Baiduspider/2.0; +http://www.baidu.com/search/spider.html)"
180.76.15.29 - - [05/Apr/2016:10:31:37 -0700] "GET / HTTP/1.1" 200 6995 "-" "Mozilla/5.0 (compatible; Baiduspider/2.0; +http://www.baidu.com/search/spider.html)"
170.75.162.130 - - [05/Apr/2016:10:41:29 -0700] "GET /lib/reccapi.php?resort=killington HTTP/1.1" 200 965 "-" "node-superagent/1.4.0"
170.75.162.130 - - [05/Apr/2016:10:55:21 -0700] "GET /lib/reccapi.php?resort=sugarloaf HTTP/1.1" 200 981 "-" "node-superagent/1.4.0"
96.38.186.52 - - [05/Apr/2016:11:18:11 -0700] "GET /images/wsis-logo-sm.png HTTP/1.1" 200 6108 "http://www.thebackcountry.net/" "Mozilla/5.0 (iPhone; CPU iPhone OS 9_3_1 like Mac OS X) AppleWebKit/601.1.46 (KHTML, like Gecko) Version/9.0 Mobile/13E238 Safari/601.1"
170.75.162.130 - - [05/Apr/2016:11:21:02 -0700] "GET /lib/reccapi.php?resort=stevenspass HTTP/1.1" 200 1029 "-" "node-superagent/1.4.0"
170.75.162.130 - - [05/Apr/2016:11:21:23 -0700] "GET /lib/reccapi.php?resort=mtrose HTTP/1.1" 200 985 "-" "node-superagent/1.4.0"
17.111.17.6 - - [05/Apr/2016:11:24:03 -0700] "GET /images/wsis-logo-sm.png HTTP/1.1" 200 6108 "http://www.thebackcountry.net/" "Mozilla/5.0 (Macintosh; Intel Mac OS X 10_11_3) AppleWebKit/601.4.4 (KHTML, like Gecko) Version/9.0.3 Safari/601.4.4"
180.76.15.155 - - [05/Apr/2016:11:32:43 -0700] "GET / HTTP/1.1" 200 6995 "-" "Mozilla/5.0 (compatible; Baiduspider/2.0; +http://www.baidu.com/search/spider.html)"
170.75.162.130 - - [05/Apr/2016:11:33:23 -0700] "GET /lib/reccapi.php?resort=49degreesnorth HTTP/1.1" 200 985 "-" "node-superagent/1.4.0"
170.75.162.130 - - [05/Apr/2016:11:33:23 -0700] "GET /lib/reccapi.php?resort=arapahoebasin HTTP/1.1" 200 1169 "-" "node-superagent/1.4.0"
170.75.162.130 - - [05/Apr/2016:11:33:23 -0700] "GET /lib/reccapi.php?resort=alpinemeadows HTTP/1.1" 200 1004 "-" "node-superagent/1.4.0"
170.75.162.130 - - [05/Apr/2016:11:33:23 -0700] "GET /lib/reccapi.php?resort=alta HTTP/1.1" 200 956 "-" "node-superagent/1.4.0"
170.75.162.130 - - [05/Apr/2016:11:33:33 -0700] "GET /lib/reccapi.php?resort=angelfire HTTP/1.1" 200 1021 "-" "node-superagent/1.4.0"
170.75.162.130 - - [05/Apr/2016:11:33:33 -0700] "GET /lib/reccapi.php?resort=aspenheights HTTP/1.1" 200 1091 "-" "node-superagent/1.4.0"
170.75.162.130 - - [05/Apr/2016:11:33:33 -0700] "GET /lib/reccapi.php?resort=alyeska HTTP/1.1" 200 979 "-" "node-superagent/1.4.0"
170.75.162.130 - - [05/Apr/2016:11:33:33 -0700] "GET /lib/reccapi.php?resort=aspenmountain HTTP/1.1" 200 1141 "-" "node-superagent/1.4.0"
180.76.15.156 - - [05/Apr/2016:11:33:40 -0700] "GET / HTTP/1.1" 200 6995 "-" "Mozilla/5.0 (compatible; Baiduspider/2.0; +http://www.baidu.com/search/spider.html)"
170.75.162.130 - - [05/Apr/2016:11:33:43 -0700] "GET /lib/reccapi.php?resort=bigwhite HTTP/1.1" 200 920 "-" "node-superagent/1.4.0"
170.75.162.130 - - [05/Apr/2016:11:33:53 -0700] "GET /lib/reccapi.php?resort=brianhead HTTP/1.1" 200 971 "-" "node-superagent/1.4.0"
170.75.162.130 - - [05/Apr/2016:11:33:53 -0700] "GET /lib/reccapi.php?resort=brighton HTTP/1.1" 200 976 "-" "node-superagent/1.4.0"
170.75.162.130 - - [05/Apr/2016:11:33:53 -0700] "GET /lib/reccapi.php?resort=buttermilk HTTP/1.1" 200 1130 "-" "node-superagent/1.4.0"
170.75.162.130 - - [05/Apr/2016:11:34:23 -0700] "GET /lib/reccapi.php?resort=crestedbutte HTTP/1.1" 200 1117 "-" "node-superagent/1.4.0"
170.75.162.130 - - [05/Apr/2016:11:34:23 -0700] "GET /lib/reccapi.php?resort=deervalley HTTP/1.1" 200 997 "-" "node-superagent/1.4.0"
170.75.162.130 - - [05/Apr/2016:11:34:23 -0700] "GET /lib/reccapi.php?resort=chinapeak HTTP/1.1" 200 983 "-" "node-superagent/1.4.0"
170.75.162.130 - - [05/Apr/2016:11:34:23 -0700] "GET /lib/reccapi.php?resort=cannonmountain HTTP/1.1" 200 991 "-" "node-superagent/1.4.0"
170.75.162.130 - - [05/Apr/2016:11:34:23 -0700] "GET /lib/reccapi.php?resort=crystalmountain HTTP/1.1" 200 1054 "-" "node-superagent/1.4.0"
170.75.162.130 - - [05/Apr/2016:11:34:23 -0700] "GET /lib/reccapi.php?resort=devilshead HTTP/1.1" 200 1031 "-" "node-superagent/1.4.0"
170.75.162.130 - - [05/Apr/2016:11:34:23 -0700] "GET /lib/reccapi.php?resort=coppermountain HTTP/1.1" 200 1127 "-" "node-superagent/1.4.0"
170.75.162.130 - - [05/Apr/2016:11:34:23 -0700] "GET /lib/reccapi.php?resort=diamondpeak HTTP/1.1" 200 948 "-" "node-superagent/1.4.0"
170.75.162.130 - - [05/Apr/2016:11:34:23 -0700] "GET /lib/reccapi.php?resort=grandtarghee HTTP/1.1" 200 1110 "-" "node-superagent/1.4.0"
170.75.162.130 - - [05/Apr/2016:11:34:33 -0700] "GET /lib/reccapi.php?resort=homewoodmountain HTTP/1.1" 200 987 "-" "node-superagent/1.4.0"
170.75.162.130 - - [05/Apr/2016:11:34:33 -0700] "GET /lib/reccapi.php?resort=hoodoo HTTP/1.1" 200 989 "-" "node-superagent/1.4.0"
170.75.162.130 - - [05/Apr/2016:11:34:34 -0700] "GET /lib/reccapi.php?resort=jacksonhole HTTP/1.1" 200 1094 "-" "node-superagent/1.4.0"
170.75.162.130 - - [05/Apr/2016:11:34:34 -0700] "GET /lib/reccapi.php?resort=jaypeak HTTP/1.1" 200 990 "-" "node-superagent/1.4.0"
170.75.162.130 - - [05/Apr/2016:11:34:43 -0700] "GET /lib/reccapi.php?resort=keystone HTTP/1.1" 200 1133 "-" "node-superagent/1.4.0"
170.75.162.130 - - [05/Apr/2016:11:34:44 -0700] "GET /lib/reccapi.php?resort=kirkwood HTTP/1.1" 200 1016 "-" "node-superagent/1.4.0"
170.75.162.130 - - [05/Apr/2016:11:34:54 -0700] "GET /lib/reccapi.php?resort=loveland HTTP/1.1" 200 1118 "-" "node-superagent/1.4.0"
170.75.162.130 - - [05/Apr/2016:11:35:04 -0700] "GET /lib/reccapi.php?resort=mammothmountain HTTP/1.1" 200 1018 "-" "node-superagent/1.4.0"
123.125.71.46 - - [05/Apr/2016:11:47:19 -0700] "GET / HTTP/1.1" 304 173 "-" "Mozilla/5.0 (compatible; Baiduspider/2.0; +http://www.baidu.com/search/spider.html)"
116.75.193.216 - - [05/Apr/2016:11:57:13 -0700] "GET /images/wsis-logo-sm.png HTTP/1.1" 200 6108 "http://www.thebackcountry.net/" "Mozilla/5.0 (Windows NT 10.0; WOW64) AppleWebKit/537.36 (KHTML, like Gecko) Chrome/49.0.2623.110 Safari/537.36"
207.46.13.37 - - [05/Apr/2016:12:26:49 -0700] "GET / HTTP/1.1" 200 2615 "-" "Mozilla/5.0 (compatible; bingbot/2.0; +http://www.bing.com/bingbot.htm)"
180.76.15.11 - - [05/Apr/2016:12:32:00 -0700] "GET / HTTP/1.1" 200 6995 "-" "Mozilla/5.0 (compatible; Baiduspider/2.0; +http://www.baidu.com/search/spider.html)"
180.76.15.152 - - [05/Apr/2016:12:32:55 -0700] "GET / HTTP/1.1" 200 6995 "-" "Mozilla/5.0 (compatible; Baiduspider/2.0; +http://www.baidu.com/search/spider.html)"
170.75.162.130 - - [05/Apr/2016:12:37:49 -0700] "GET /lib/reccapi.php?resort=mounthoodmeadows HTTP/1.1" 200 1075 "-" "node-superagent/1.4.0"
73.181.111.74 - - [05/Apr/2016:12:57:10 -0700] "GET /images/wsis-logo-sm.png HTTP/1.1" 200 6108 "http://www.thebackcountry.net/" "Mozilla/5.0 (Macintosh; Intel Mac OS X 10_10_2) AppleWebKit/537.36 (KHTML, like Gecko) Chrome/49.0.2623.110 Safari/537.36"
50.174.40.248 - - [05/Apr/2016:13:12:23 -0700] "GET /images/wsis-logo-sm.png HTTP/1.1" 200 6108 "http://www.thebackcountry.net/" "Mozilla/5.0 (Macintosh; Intel Mac OS X 10_11_4) AppleWebKit/537.36 (KHTML, like Gecko) Chrome/49.0.2623.87 Safari/537.36"
170.75.162.130 - - [05/Apr/2016:13:13:22 -0700] "GET /lib/reccapi.php?resort=smugglersnotch HTTP/1.1" 200 961 "-" "node-superagent/1.4.0"
170.75.162.130 - - [05/Apr/2016:13:13:22 -0700] "GET /lib/reccapi.php?resort=mountspokane HTTP/1.1" 200 994 "-" "node-superagent/1.4.0"
170.75.162.130 - - [05/Apr/2016:13:13:22 -0700] "GET /lib/reccapi.php?resort=sugarbush HTTP/1.1" 200 980 "-" "node-superagent/1.4.0"
170.75.162.130 - - [05/Apr/2016:13:18:04 -0700] "GET /lib/reccapi.php?resort=heavenly HTTP/1.1" 200 975 "-" "node-superagent/1.4.0"
170.75.162.130 - - [05/Apr/2016:13:19:13 -0700] "GET /lib/reccapi.php?resort=sundayriver HTTP/1.1" 200 951 "-" "node-superagent/1.4.0"
71.202.230.69 - - [05/Apr/2016:13:19:17 -0700] "GET /images/wsis-logo-sm.png HTTP/1.1" 200 6108 "http://www.thebackcountry.net/" "Mozilla/5.0 (iPad; CPU OS 9_2_1 like Mac OS X) AppleWebKit/601.1.46 (KHTML, like Gecko) Version/9.0 Mobile/13D20 Safari/601.1"
63.254.45.138 - - [05/Apr/2016:13:26:57 -0700] "GET /images/wsis-logo-sm.png HTTP/1.1" 200 6108 "http://www.thebackcountry.net/" "Mozilla/5.0 (Windows NT 5.1) AppleWebKit/537.36 (KHTML, like Gecko) Chrome/46.0.2490.86 Safari/537.36"
180.76.15.5 - - [05/Apr/2016:13:32:58 -0700] "GET / HTTP/1.1" 200 6995 "-" "Mozilla/5.0 (compatible; Baiduspider/2.0; +http://www.baidu.com/search/spider.html)"
180.76.15.34 - - [05/Apr/2016:13:33:52 -0700] "GET / HTTP/1.1" 200 6995 "-" "Mozilla/5.0 (compatible; Baiduspider/2.0; +http://www.baidu.com/search/spider.html)"
24.205.201.166 - - [05/Apr/2016:13:34:19 -0700] "GET /images/wsis-logo-sm.png HTTP/1.1" 200 6108 "http://www.thebackcountry.net/" "Mozilla/5.0 (Macintosh; Intel Mac OS X 10_9_5) AppleWebKit/537.36 (KHTML, like Gecko) Chrome/49.0.2623.110 Safari/537.36"
71.155.144.196 - - [05/Apr/2016:14:01:49 -0700] "GET /images/wsis-logo-sm.png HTTP/1.1" 200 6108 "http://www.thebackcountry.net/" "Mozilla/5.0 (Windows NT 10.0; WOW64) AppleWebKit/537.36 (KHTML, like Gecko) Chrome/49.0.2623.87 Safari/537.36"
141.8.143.217 - - [05/Apr/2016:14:03:30 -0700] "GET /robots.txt HTTP/1.1" 200 375 "-" "Mozilla/5.0 (compatible; YandexBot/3.0; +http://yandex.com/bots)"
199.21.99.203 - - [05/Apr/2016:14:03:30 -0700] "GET /robots.txt HTTP/1.1" 200 375 "-" "Mozilla/5.0 (compatible; YandexBot/3.0; +http://yandex.com/bots)"
141.8.143.217 - - [05/Apr/2016:14:03:30 -0700] "GET /robots.txt HTTP/1.1" 200 375 "-" "Mozilla/5.0 (compatible; YandexBot/3.0; +http://yandex.com/bots)"
141.8.143.217 - - [05/Apr/2016:14:03:34 -0700] "GET / HTTP/1.1" 200 2614 "-" "Mozilla/5.0 (compatible; YandexBot/3.0; +http://yandex.com/bots)"
141.8.143.217 - - [05/Apr/2016:14:03:34 -0700] "GET / HTTP/1.1" 200 2614 "-" "Mozilla/5.0 (compatible; YandexBot/3.0; +http://yandex.com/bots)"
199.21.99.203 - - [05/Apr/2016:14:03:34 -0700] "GET / HTTP/1.1" 200 2614 "-" "Mozilla/5.0 (compatible; YandexBot/3.0; +http://yandex.com/bots)"
141.8.143.217 - - [05/Apr/2016:14:03:37 -0700] "GET / HTTP/1.1" 200 2614 "-" "Mozilla/5.0 (compatible; YandexBot/3.0; +http://yandex.com/bots)"
199.21.99.203 - - [05/Apr/2016:14:03:38 -0700] "GET / HTTP/1.1" 200 2614 "-" "Mozilla/5.0 (compatible; YandexBot/3.0; +http://yandex.com/bots)"
141.8.143.217 - - [05/Apr/2016:14:03:38 -0700] "GET / HTTP/1.1" 200 2614 "-" "Mozilla/5.0 (compatible; YandexBot/3.0; +http://yandex.com/bots)"
75.142.41.122 - - [05/Apr/2016:14:04:17 -0700] "GET /images/wsis-logo-sm.png HTTP/1.1" 200 6108 "http://www.thebackcountry.net/" "Mozilla/5.0 (Macintosh; Intel Mac OS X 10_11_3) AppleWebKit/537.36 (KHTML, like Gecko) Chrome/49.0.2623.110 Safari/537.36"
170.75.162.130 - - [05/Apr/2016:14:19:38 -0700] "GET /lib/reccapi.php?resort=telluride HTTP/1.1" 200 1118 "-" "node-superagent/1.4.0"
66.249.79.93 - - [05/Apr/2016:14:20:18 -0700] "GET / HTTP/1.1" 200 2615 "-" "Mozilla/5.0 (iPhone; CPU iPhone OS 8_3 like Mac OS X) AppleWebKit/600.1.4 (KHTML, like Gecko) Version/8.0 Mobile/12F70 Safari/600.1.4 (compatible; Googlebot/2.1; +http://www.google.com/bot.html)"
17.114.103.228 - - [05/Apr/2016:14:25:25 -0700] "GET /images/wsis-logo-sm.png HTTP/1.1" 200 6108 "http://www.thebackcountry.net/" "Mozilla/5.0 (Macintosh; Intel Mac OS X 10_11_1) AppleWebKit/601.2.7 (KHTML, like Gecko) Version/9.0.1 Safari/601.2.7"
180.76.15.30 - - [05/Apr/2016:14:31:49 -0700] "GET / HTTP/1.1" 200 6995 "-" "Mozilla/5.0 (compatible; Baiduspider/2.0; +http://www.baidu.com/search/spider.html)"
180.76.15.16 - - [05/Apr/2016:14:32:46 -0700] "GET / HTTP/1.1" 200 6995 "-" "Mozilla/5.0 (compatible; Baiduspider/2.0; +http://www.baidu.com/search/spider.html)"
170.75.162.130 - - [05/Apr/2016:14:41:01 -0700] "GET /lib/reccapi.php?resort=whistlerblackcomb HTTP/1.1" 200 935 "-" "node-superagent/1.4.0"
170.75.162.130 - - [05/Apr/2016:14:41:01 -0700] "GET /lib/reccapi.php?resort=snowbird HTTP/1.1" 200 956 "-" "node-superagent/1.4.0"
170.75.162.130 - - [05/Apr/2016:14:41:01 -0700] "GET /lib/reccapi.php?resort=wildcatmountain HTTP/1.1" 200 970 "-" "node-superagent/1.4.0"
170.75.162.130 - - [05/Apr/2016:14:41:31 -0700] "GET /lib/reccapi.php?resort=killington HTTP/1.1" 200 965 "-" "node-superagent/1.4.0"
170.75.162.130 - - [05/Apr/2016:14:41:41 -0700] "GET /lib/reccapi.php?resort=mountainhigh HTTP/1.1" 200 988 "-" "node-superagent/1.4.0"
170.75.162.130 - - [05/Apr/2016:14:41:41 -0700] "GET /lib/reccapi.php?resort=redmountain HTTP/1.1" 200 909 "-" "node-superagent/1.4.0"
170.75.162.130 - - [05/Apr/2016:14:41:41 -0700] "GET /lib/reccapi.php?resort=sugarbowl HTTP/1.1" 200 945 "-" "node-superagent/1.4.0"
170.75.162.130 - - [05/Apr/2016:14:41:41 -0700] "GET /lib/reccapi.php?resort=squawvalleyusa HTTP/1.1" 200 986 "-" "node-superagent/1.4.0"
141.8.143.217 - - [05/Apr/2016:14:49:03 -0700] "GET /images/wsis-logo-sm.png HTTP/1.1" 200 6108 "-" "Mozilla/5.0 (compatible; YandexImages/3.0; +http://yandex.com/bots)"
66.249.79.93 - - [05/Apr/2016:14:52:10 -0700] "GET /lib/reccapi.php?resort=mountwashingtonalpine&date=2016-01-24 HTTP/1.1" 200 971 "http://whereshouldiski.com/" "Mozilla/5.0 (compatible; Googlebot/2.1; +http://www.google.com/bot.html)"
66.249.79.93 - - [05/Apr/2016:14:52:11 -0700] "GET /lib/reccapi.php?fields=t&date=2016-01-24&coords=49.7383%2C-125.299&size=7&sort=distance HTTP/1.1" 200 1405 "http://whereshouldiski.com/" "Mozilla/5.0 (compatible; Googlebot/2.1; +http://www.google.com/bot.html)"
66.249.79.91 - - [05/Apr/2016:14:52:12 -0700] "GET /lib/resortDataSearchD3.php?size=7&sortDate=T&resort=mountwashingtonalpine&dateStart=2016-01-22 HTTP/1.1" 200 873 "http://whereshouldiski.com/" "Mozilla/5.0 (compatible; Googlebot/2.1; +http://www.google.com/bot.html)"
170.75.162.130 - - [05/Apr/2016:14:55:23 -0700] "GET /lib/reccapi.php?resort=sugarloaf HTTP/1.1" 200 981 "-" "node-superagent/1.4.0"
170.75.162.130 - - [05/Apr/2016:14:56:03 -0700] "GET /lib/reccapi.php?resort=whitefacemountain HTTP/1.1" 200 984 "-" "node-superagent/1.4.0"
50.203.82.4 - - [05/Apr/2016:15:17:45 -0700] "GET /images/wsis-logo-sm.png HTTP/1.1" 200 6108 "http://www.thebackcountry.net/" "Mozilla/5.0 (Macintosh; Intel Mac OS X 10_9_5) AppleWebKit/600.8.9 (KHTML, like Gecko) Version/7.1.8 Safari/537.85.17"
46.161.9.8 - - [05/Apr/2016:15:24:58 -0700] "GET / HTTP/1.1" 200 2615 "-" "Mozilla/5.0 (Windows NT 6.1; rv:34.0) Gecko/20100101 Firefox/34.0"
46.161.9.8 - - [05/Apr/2016:15:25:34 -0700] "GET /wp-admin/admin-ajax.php?action=revslider_show_image&img=../wp-config.php HTTP/1.1" 404 506 "-" "Mozilla/5.0 (Windows NT 6.1; rv:34.0) Gecko/20100101 Firefox/34.0"
46.161.9.8 - - [05/Apr/2016:15:25:57 -0700] "GET /wp-admin/admin-ajax.php?action=revolution-slider_show_image&img=../wp-config.php HTTP/1.1" 404 506 "-" "Mozilla/5.0 (Windows NT 6.1; rv:34.0) Gecko/20100101 Firefox/34.0"
46.161.9.8 - - [05/Apr/2016:15:26:12 -0700] "POST /wp-content/themes/infocus/lib/scripts/dl-skin.php HTTP/1.1" 404 506 "-" "Mozilla/5.0 (Windows NT 6.1; rv:34.0) Gecko/20100101 Firefox/34.0"
46.161.9.8 - - [05/Apr/2016:15:26:22 -0700] "GET /wp-content/plugins/google-mp3-audio-player/direct_download.php?file=../../../wp-config.php HTTP/1.1" 404 506 "-" "Mozilla/5.0 (Windows NT 6.1; rv:34.0) Gecko/20100101 Firefox/34.0"
46.161.9.8 - - [05/Apr/2016:15:26:30 -0700] "POST /wp-content/themes/awake/lib/scripts/dl-skin.php HTTP/1.1" 404 506 "-" "Mozilla/5.0 (Windows NT 6.1; rv:34.0) Gecko/20100101 Firefox/34.0"
46.161.9.8 - - [05/Apr/2016:15:26:38 -0700] "POST /wp-content/themes/echelon/lib/scripts/dl-skin.php HTTP/1.1" 404 506 "-" "Mozilla/5.0 (Windows NT 6.1; rv:34.0) Gecko/20100101 Firefox/34.0"
46.161.9.8 - - [05/Apr/2016:15:26:43 -0700] "GET /wp-admin/admin-ajax.php?action=getfile&/../../wp-config.php HTTP/1.1" 404 506 "-" "Mozilla/5.0 (Windows NT 6.1; rv:34.0) Gecko/20100101 Firefox/34.0"
46.161.9.8 - - [05/Apr/2016:15:26:48 -0700] "POST /wp-content/themes/dejavu/lib/scripts/dl-skin.php HTTP/1.1" 404 506 "-" "Mozilla/5.0 (Windows NT 6.1; rv:34.0) Gecko/20100101 Firefox/34.0"
46.161.9.8 - - [05/Apr/2016:15:26:53 -0700] "POST /wp-content/themes/elegance/lib/scripts/dl-skin.php HTTP/1.1" 404 506 "-" "Mozilla/5.0 (Windows NT 6.1; rv:34.0) Gecko/20100101 Firefox/34.0"
46.161.9.8 - - [05/Apr/2016:15:26:58 -0700] "GET /wp-content/plugins/db-backup/download.php?file=../../../wp-config.php HTTP/1.1" 404 506 "-" "Mozilla/5.0 (Windows NT 6.1; rv:34.0) Gecko/20100101 Firefox/34.0"
46.161.9.8 - - [05/Apr/2016:15:27:04 -0700] "GET /wp-content/themes/churchope/lib/downloadlink.php?file=../../../../wp-config.php HTTP/1.1" 404 506 "-" "Mozilla/5.0 (Windows NT 6.1; rv:34.0) Gecko/20100101 Firefox/34.0"
46.161.9.8 - - [05/Apr/2016:15:27:09 -0700] "POST /wp-content/themes/construct/lib/scripts/dl-skin.php HTTP/1.1" 404 506 "-" "Mozilla/5.0 (Windows NT 6.1; rv:34.0) Gecko/20100101 Firefox/34.0"
46.161.9.8 - - [05/Apr/2016:15:27:15 -0700] "POST /wp-content/themes/method/lib/scripts/dl-skin.php HTTP/1.1" 404 506 "-" "Mozilla/5.0 (Windows NT 6.1; rv:34.0) Gecko/20100101 Firefox/34.0"
46.161.9.8 - - [05/Apr/2016:15:27:21 -0700] "GET /wp-content/plugins/wp-filemanager/incl/libfile.php?&path=../../&filename=wp-config.php&action=download HTTP/1.1" 404 506 "-" "Mozilla/5.0 (Windows NT 6.1; rv:34.0) Gecko/20100101 Firefox/34.0"
46.161.9.8 - - [05/Apr/2016:15:27:26 -0700] "POST /wp-content/themes/persuasion/lib/scripts/dl-skin.php HTTP/1.1" 404 506 "-" "Mozilla/5.0 (Windows NT 6.1; rv:34.0) Gecko/20100101 Firefox/34.0"
46.161.9.8 - - [05/Apr/2016:15:27:31 -0700] "POST /wp-content/themes/modular/lib/scripts/dl-skin.php HTTP/1.1" 404 506 "-" "Mozilla/5.0 (Windows NT 6.1; rv:34.0) Gecko/20100101 Firefox/34.0"
46.161.9.8 - - [05/Apr/2016:15:27:36 -0700] "POST /wp-content/themes/myriad/lib/scripts/dl-skin.php HTTP/1.1" 404 506 "-" "Mozilla/5.0 (Windows NT 6.1; rv:34.0) Gecko/20100101 Firefox/34.0"
46.161.9.8 - - [05/Apr/2016:15:27:41 -0700] "GET /wp-admin/admin-ajax.php?action=fe_get_sv_html&video=../wp-config.php HTTP/1.1" 404 506 "-" "Mozilla/5.0 (Windows NT 6.1; rv:34.0) Gecko/20100101 Firefox/34.0"
46.161.9.8 - - [05/Apr/2016:15:27:46 -0700] "GET /wp-content/themes/parallelus-mingle/framework/utilities/download/getfile.php?file=../../../../../../wp-config.php HTTP/1.1" 404 506 "-" "Mozilla/5.0 (Windows NT 6.1; rv:34.0) Gecko/20100101 Firefox/34.0"
46.161.9.8 - - [05/Apr/2016:15:27:51 -0700] "GET /wp-content/themes/lote27/download.php?download=../../../wp-config.php HTTP/1.1" 404 506 "-" "Mozilla/5.0 (Windows NT 6.1; rv:34.0) Gecko/20100101 Firefox/34.0"
46.161.9.8 - - [05/Apr/2016:15:27:57 -0700] "POST /wp-content/themes/fusion/lib/scripts/dl-skin.php HTTP/1.1" 404 506 "-" "Mozilla/5.0 (Windows NT 6.1; rv:34.0) Gecko/20100101 Firefox/34.0"
46.161.9.8 - - [05/Apr/2016:15:28:02 -0700] "GET /wp-content/themes/parallelus-salutation/framework/utilities/download/getfile.php?file=../../../../../../wp-config.php HTTP/1.1" 404 506 "-" "Mozilla/5.0 (Windows NT 6.1; rv:34.0) Gecko/20100101 Firefox/34.0"
46.161.9.8 - - [05/Apr/2016:15:28:07 -0700] "GET /wp-content/plugins/tinymce-thumbnail-gallery/php/download-image.php?href=../../../../wp-config.php HTTP/1.1" 404 506 "-" "Mozilla/5.0 (Windows NT 6.1; rv:34.0) Gecko/20100101 Firefox/34.0"
46.161.9.8 - - [05/Apr/2016:15:28:12 -0700] "GET /wp-content/themes/NativeChurch/download/download.php?file=../../../../wp-config.php HTTP/1.1" 404 506 "-" "Mozilla/5.0 (Windows NT 6.1; rv:34.0) Gecko/20100101 Firefox/34.0"
46.161.9.8 - - [05/Apr/2016:15:28:18 -0700] "GET /wp-admin/admin-ajax.php?action=kbslider_show_image&img=../wp-config.php HTTP/1.1" 404 506 "-" "Mozilla/5.0 (Windows NT 6.1; rv:34.0) Gecko/20100101 Firefox/34.0"
46.161.9.8 - - [05/Apr/2016:15:28:23 -0700] "GET /wp-content/plugins/pica-photo-gallery/picadownload.php?imgname=../../../wp-config.php HTTP/1.1" 404 506 "-" "Mozilla/5.0 (Windows NT 6.1; rv:34.0) Gecko/20100101 Firefox/34.0"
46.161.9.8 - - [05/Apr/2016:15:28:29 -0700] "GET /wp-content/themes/authentic/includes/download.php?file=../../../../wp-config.php HTTP/1.1" 404 506 "-" "Mozilla/5.0 (Windows NT 6.1; rv:34.0) Gecko/20100101 Firefox/34.0"
46.161.9.8 - - [05/Apr/2016:15:28:35 -0700] "GET /wp-content/themes/linenity/functions/download.php?imgurl=../../../../wp-config.php HTTP/1.1" 404 506 "-" "Mozilla/5.0 (Windows NT 6.1; rv:34.0) Gecko/20100101 Firefox/34.0"
46.161.9.8 - - [05/Apr/2016:15:28:41 -0700] "GET /wp-content/plugins/dukapress/lib/dp_image.php?src=../../../../wp-config.php HTTP/1.1" 404 506 "-" "Mozilla/5.0 (Windows NT 6.1; rv:34.0) Gecko/20100101 Firefox/34.0"
46.161.9.8 - - [05/Apr/2016:15:28:47 -0700] "POST /wp-content/themes/infocus2/lib/scripts/dl-skin.php HTTP/1.1" 404 506 "-" "Mozilla/5.0 (Windows NT 6.1; rv:34.0) Gecko/20100101 Firefox/34.0"
46.161.9.8 - - [05/Apr/2016:15:28:52 -0700] "GET /wp-content/themes/epic/includes/download.php?file=../../../../wp-config.php HTTP/1.1" 404 506 "-" "Mozilla/5.0 (Windows NT 6.1; rv:34.0) Gecko/20100101 Firefox/34.0"
46.161.9.8 - - [05/Apr/2016:15:28:57 -0700] "GET /wp-content/themes/urbancity/lib/scripts/download.php?file=../../../../../wp-config.php HTTP/1.1" 404 506 "-" "Mozilla/5.0 (Windows NT 6.1; rv:34.0) Gecko/20100101 Firefox/34.0"
46.161.9.8 - - [05/Apr/2016:15:29:01 -0700] "GET /wp-content/plugins/plugin-newsletter/preview.php?data=../../../../wp-config.php HTTP/1.1" 404 506 "-" "Mozilla/5.0 (Windows NT 6.1; rv:34.0) Gecko/20100101 Firefox/34.0"
46.161.9.8 - - [05/Apr/2016:15:29:06 -0700] "GET /wp-content/plugins/simple-download-button-shortcode/simple-download-button_dl.php?file=../../../../wp-config.php HTTP/1.1" 404 506 "-" "Mozilla/5.0 (Windows NT 6.1; rv:34.0) Gecko/20100101 Firefox/34.0"
46.161.9.8 - - [05/Apr/2016:15:29:11 -0700] "GET /wp-content/themes/trinity/lib/scripts/download.php?file=../../../../../wp-config.php HTTP/1.1" 404 506 "-" "Mozilla/5.0 (Windows NT 6.1; rv:34.0) Gecko/20100101 Firefox/34.0"
46.161.9.8 - - [05/Apr/2016:15:29:22 -0700] "GET /wp-content/force-download.php?file=../wp-config.php HTTP/1.1" 404 506 "-" "Mozilla/5.0 (Windows NT 6.1; rv:34.0) Gecko/20100101 Firefox/34.0"
46.161.9.8 - - [05/Apr/2016:15:29:35 -0700] "GET /wp-content/themes/antioch/lib/scripts/download.php?file=../../../../../wp-config.php HTTP/1.1" 404 506 "-" "Mozilla/5.0 (Windows NT 6.1; rv:34.0) Gecko/20100101 Firefox/34.0"
180.76.15.152 - - [05/Apr/2016:15:32:47 -0700] "GET / HTTP/1.1" 200 6995 "-" "Mozilla/5.0 (compatible; Baiduspider/2.0; +http://www.baidu.com/search/spider.html)"
180.76.15.161 - - [05/Apr/2016:15:33:41 -0700] "GET / HTTP/1.1" 200 6995 "-" "Mozilla/5.0 (compatible; Baiduspider/2.0; +http://www.baidu.com/search/spider.html)"
170.75.162.130 - - [05/Apr/2016:15:33:58 -0700] "GET /lib/reccapi.php?resort=silverstarmountain HTTP/1.1" 200 933 "-" "node-superagent/1.4.0"
170.75.162.130 - - [05/Apr/2016:15:33:58 -0700] "GET /lib/reccapi.php?resort=sunpeaksresort HTTP/1.1" 200 918 "-" "node-superagent/1.4.0"
170.75.162.130 - - [05/Apr/2016:15:34:28 -0700] "GET /lib/reccapi.php?resort=alta HTTP/1.1" 200 955 "-" "node-superagent/1.4.0"
24.182.55.134 - - [05/Apr/2016:15:36:39 -0700] "GET /images/wsis-logo-sm.png HTTP/1.1" 200 6108 "http://www.thebackcountry.net/" "Mozilla/5.0 (Macintosh; Intel Mac OS X 10.6; rv:45.0) Gecko/20100101 Firefox/45.0"
71.84.104.28 - - [05/Apr/2016:15:40:52 -0700] "GET /images/wsis-logo-sm.png HTTP/1.1" 200 6108 "http://www.thebackcountry.net/" "Mozilla/5.0 (Macintosh; Intel Mac OS X 10_10_5) AppleWebKit/601.5.17 (KHTML, like Gecko) Version/9.1 Safari/601.5.17"
66.249.79.95 - - [05/Apr/2016:15:41:42 -0700] "GET / HTTP/1.1" 200 2615 "-" "SAMSUNG-SGH-E250/1.0 Profile/MIDP-2.0 Configuration/CLDC-1.1 UP.Browser/6.2.3.3.c.1.101 (GUI) MMP/2.0 (compatible; Googlebot-Mobile/2.1; +http://www.google.com/bot.html)"
66.249.79.93 - - [05/Apr/2016:15:42:17 -0700] "GET / HTTP/1.1" 200 2615 "-" "DoCoMo/2.0 N905i(c100;TB;W24H16) (compatible; Googlebot-Mobile/2.1; +http://www.google.com/bot.html)"
108.59.8.80 - - [05/Apr/2016:15:45:16 -0700] "GET /robots.txt HTTP/1.0" 200 338 "-" "Mozilla/5.0 (compatible; MJ12bot/v1.4.5; http://www.majestic12.co.uk/bot.php?+)"
108.59.8.80 - - [05/Apr/2016:15:45:18 -0700] "GET /resorts?resort=aspenmountain HTTP/1.0" 404 495 "-" "Mozilla/5.0 (compatible; MJ12bot/v1.4.5; http://www.majestic12.co.uk/bot.php?+)"
108.59.8.80 - - [05/Apr/2016:15:45:21 -0700] "GET /resorts?resort=buttermilk HTTP/1.0" 404 469 "-" "Mozilla/5.0 (compatible; MJ12bot/v1.4.5; http://www.majestic12.co.uk/bot.php?+)"
170.75.162.130 - - [05/Apr/2016:15:48:50 -0700] "GET /lib/reccapi.php?resort=brianhead HTTP/1.1" 200 970 "-" "node-superagent/1.4.0"
170.75.162.130 - - [05/Apr/2016:15:48:50 -0700] "GET /lib/reccapi.php?resort=brighton HTTP/1.1" 200 976 "-" "node-superagent/1.4.0"
170.75.162.130 - - [05/Apr/2016:15:48:50 -0700] "GET /lib/reccapi.php?resort=deervalley HTTP/1.1" 200 994 "-" "node-superagent/1.4.0"
170.75.162.130 - - [05/Apr/2016:15:48:51 -0700] "GET /lib/reccapi.php?resort=parkcity HTTP/1.1" 200 982 "-" "node-superagent/1.4.0"
