170.75.162.130 - - [20/Sep/2015:21:08:19 -0700] "GET /lib/reccapi.php?resort=taos HTTP/1.1" 200 926 "-" "node-superagent/0.18.2"
106.51.238.74 - - [20/Sep/2015:21:34:36 -0700] "GET /user/soapCaller.bs HTTP/1.1" 404 470 "-" "Morfeus Fucking Scanner"
50.170.171.236 - - [20/Sep/2015:21:38:37 -0700] "GET /images/wsis-logo-sm.png HTTP/1.1" 200 6108 "http://www.thebackcountry.net/" "Mozilla/5.0 (Macintosh; Intel Mac OS X 10_9_5) AppleWebKit/537.36 (KHTML, like Gecko) Chrome/45.0.2454.85 Safari/537.36"
170.75.162.130 - - [20/Sep/2015:21:39:37 -0700] "GET /lib/reccapi.php?resort=crystalmountain HTTP/1.1" 200 987 "-" "node-superagent/0.18.2"
170.75.162.130 - - [20/Sep/2015:21:42:17 -0700] "GET /lib/reccapi.php?resort=alta HTTP/1.1" 200 964 "-" "node-superagent/0.18.2"
170.75.162.130 - - [20/Sep/2015:21:42:17 -0700] "GET /lib/reccapi.php?resort=bigwhite HTTP/1.1" 200 909 "-" "node-superagent/0.18.2"
170.75.162.130 - - [20/Sep/2015:21:42:17 -0700] "GET /lib/reccapi.php?resort=49degreesnorth HTTP/1.1" 200 1024 "-" "node-superagent/0.18.2"
170.75.162.130 - - [20/Sep/2015:21:42:17 -0700] "GET /lib/reccapi.php?resort=alyeska HTTP/1.1" 200 989 "-" "node-superagent/0.18.2"
170.75.162.130 - - [20/Sep/2015:21:42:17 -0700] "GET /lib/reccapi.php?resort=jacksonhole HTTP/1.1" 200 972 "-" "node-superagent/0.18.2"
170.75.162.130 - - [20/Sep/2015:21:42:17 -0700] "GET /lib/reccapi.php?resort=jaypeak HTTP/1.1" 200 998 "-" "node-superagent/0.18.2"
170.75.162.130 - - [20/Sep/2015:21:42:17 -0700] "GET /lib/reccapi.php?resort=alpinemeadows HTTP/1.1" 200 984 "-" "node-superagent/0.18.2"
170.75.162.130 - - [20/Sep/2015:21:42:17 -0700] "GET /lib/reccapi.php?resort=grandtarghee HTTP/1.1" 200 984 "-" "node-superagent/0.18.2"
170.75.162.130 - - [20/Sep/2015:21:43:17 -0700] "GET /lib/reccapi.php?resort=canyons HTTP/1.1" 200 957 "-" "node-superagent/0.18.2"
170.75.162.130 - - [20/Sep/2015:21:43:17 -0700] "GET /lib/reccapi.php?resort=deervalley HTTP/1.1" 200 987 "-" "node-superagent/0.18.2"
170.75.162.130 - - [20/Sep/2015:21:43:17 -0700] "GET /lib/reccapi.php?resort=diamondpeak HTTP/1.1" 200 924 "-" "node-superagent/0.18.2"
170.75.162.130 - - [20/Sep/2015:21:43:17 -0700] "GET /lib/reccapi.php?resort=mountspokane HTTP/1.1" 200 1021 "-" "node-superagent/0.18.2"
170.75.162.130 - - [20/Sep/2015:21:43:17 -0700] "GET /lib/reccapi.php?resort=madriverglen HTTP/1.1" 200 974 "-" "node-superagent/0.18.2"
170.75.162.130 - - [20/Sep/2015:21:43:17 -0700] "GET /lib/reccapi.php?resort=killington HTTP/1.1" 200 979 "-" "node-superagent/0.18.2"
170.75.162.130 - - [20/Sep/2015:21:43:17 -0700] "GET /lib/reccapi.php?resort=stowe HTTP/1.1" 200 959 "-" "node-superagent/0.18.2"
170.75.162.130 - - [20/Sep/2015:21:43:17 -0700] "GET /lib/reccapi.php?resort=sugarbush HTTP/1.1" 200 983 "-" "node-superagent/0.18.2"
170.75.162.130 - - [20/Sep/2015:21:43:17 -0700] "GET /lib/reccapi.php?resort=smugglersnotch HTTP/1.1" 200 982 "-" "node-superagent/0.18.2"
170.75.162.130 - - [20/Sep/2015:21:43:27 -0700] "GET /lib/reccapi.php?resort=hoodoo HTTP/1.1" 200 977 "-" "node-superagent/0.18.2"
170.75.162.130 - - [20/Sep/2015:21:43:37 -0700] "GET /lib/reccapi.php?resort=wildcatmountain HTTP/1.1" 200 983 "-" "node-superagent/0.18.2"
170.75.162.130 - - [20/Sep/2015:21:43:37 -0700] "GET /lib/reccapi.php?resort=cannonmountain HTTP/1.1" 200 977 "-" "node-superagent/0.18.2"
170.75.162.130 - - [20/Sep/2015:21:44:17 -0700] "GET /lib/reccapi.php?resort=mounthoodmeadows HTTP/1.1" 200 989 "-" "node-superagent/0.18.2"
170.75.162.130 - - [20/Sep/2015:21:44:17 -0700] "GET /lib/reccapi.php?resort=mtrose HTTP/1.1" 200 928 "-" "node-superagent/0.18.2"
170.75.162.130 - - [20/Sep/2015:21:44:17 -0700] "GET /lib/reccapi.php?resort=mountbachelor HTTP/1.1" 200 971 "-" "node-superagent/0.18.2"
170.75.162.130 - - [20/Sep/2015:21:44:17 -0700] "GET /lib/reccapi.php?resort=redlodge HTTP/1.1" 200 1031 "-" "node-superagent/0.18.2"
170.75.162.130 - - [20/Sep/2015:21:44:17 -0700] "GET /lib/reccapi.php?resort=mountainhigh HTTP/1.1" 200 1000 "-" "node-superagent/0.18.2"
170.75.162.130 - - [20/Sep/2015:21:44:17 -0700] "GET /lib/reccapi.php?resort=silverstarmountain HTTP/1.1" 200 923 "-" "node-superagent/0.18.2"
170.75.162.130 - - [20/Sep/2015:21:44:17 -0700] "GET /lib/reccapi.php?resort=redmountain HTTP/1.1" 200 900 "-" "node-superagent/0.18.2"
170.75.162.130 - - [20/Sep/2015:21:44:37 -0700] "GET /lib/reccapi.php?resort=sundayriver HTTP/1.1" 200 948 "-" "node-superagent/0.18.2"
170.75.162.130 - - [20/Sep/2015:21:44:47 -0700] "GET /lib/reccapi.php?resort=snowbird HTTP/1.1" 200 964 "-" "node-superagent/0.18.2"
170.75.162.130 - - [20/Sep/2015:21:45:17 -0700] "GET /lib/reccapi.php?resort=sunvalley HTTP/1.1" 200 976 "-" "node-superagent/0.18.2"
180.76.15.148 - - [20/Sep/2015:21:45:35 -0700] "GET / HTTP/1.1" 200 6114 "-" "Mozilla/5.0 (compatible; Baiduspider/2.0; +http://www.baidu.com/search/spider.html)"
170.75.162.130 - - [20/Sep/2015:21:45:37 -0700] "GET /lib/reccapi.php?resort=sunpeaksresort HTTP/1.1" 200 909 "-" "node-superagent/0.18.2"
170.75.162.130 - - [20/Sep/2015:21:45:47 -0700] "GET /lib/reccapi.php?resort=telluride HTTP/1.1" 200 945 "-" "node-superagent/0.18.2"
180.76.15.134 - - [20/Sep/2015:21:46:35 -0700] "GET / HTTP/1.1" 200 6114 "-" "Mozilla/5.0 (compatible; Baiduspider/2.0; +http://www.baidu.com/search/spider.html)"
216.64.155.66 - - [20/Sep/2015:21:56:34 -0700] "GET /images/wsis-logo-sm.png HTTP/1.1" 200 6108 "http://thebackcountry.net/" "Mozilla/5.0 (iPhone; CPU iPhone OS 8_4_1 like Mac OS X) AppleWebKit/600.1.4 (KHTML, like Gecko) Version/8.0 Mobile/12H321 Safari/600.1.4"
50.168.95.210 - - [20/Sep/2015:21:59:20 -0700] "GET /images/wsis-logo-sm.png HTTP/1.1" 200 6108 "http://www.thebackcountry.net/" "Mozilla/5.0 (iPhone; CPU iPhone OS 8_4_1 like Mac OS X) AppleWebKit/600.1.4 (KHTML, like Gecko) Version/8.0 Mobile/12H321 Safari/600.1.4"
170.75.162.130 - - [20/Sep/2015:22:01:05 -0700] "GET /lib/reccapi.php?resort=mammothmountain HTTP/1.1" 200 969 "-" "node-superagent/0.18.2"
208.115.111.66 - - [20/Sep/2015:22:30:16 -0700] "GET /robots.txt HTTP/1.1" 200 319 "-" "Mozilla/5.0 (compatible; DotBot/1.1; http://www.opensiteexplorer.org/dotbot, help@moz.com)"
123.125.71.73 - - [20/Sep/2015:22:31:03 -0700] "GET /robots.txt HTTP/1.1" 200 382 "-" "Mozilla/5.0 (Windows NT 5.1; rv:6.0.2) Gecko/20100101 Firefox/6.0.2"
178.255.215.81 - - [20/Sep/2015:22:43:46 -0700] "GET /resorts?resort=49degreesnorth HTTP/1.1" 404 469 "-" "Mozilla/5.0 (compatible; Exabot/3.0; +http://www.exabot.com/go/robot)"
66.249.79.227 - - [20/Sep/2015:22:45:09 -0700] "GET / HTTP/1.1" 200 2376 "-" "Mozilla/5.0 (iPhone; CPU iPhone OS 8_3 like Mac OS X) AppleWebKit/600.1.4 (KHTML, like Gecko) Version/8.0 Mobile/12F70 Safari/600.1.4 (compatible; Googlebot/2.1; +http://www.google.com/bot.html)"
170.75.162.130 - - [20/Sep/2015:22:52:39 -0700] "GET /lib/reccapi.php?resort=parkcity HTTP/1.1" 200 988 "-" "node-superagent/0.18.2"
170.75.162.130 - - [20/Sep/2015:22:52:39 -0700] "GET /lib/reccapi.php?resort=solitude HTTP/1.1" 200 963 "-" "node-superagent/0.18.2"
180.76.15.24 - - [20/Sep/2015:22:58:14 -0700] "GET / HTTP/1.1" 200 6114 "-" "Mozilla/5.0 (compatible; Baiduspider/2.0; +http://www.baidu.com/search/spider.html)"
180.76.15.149 - - [20/Sep/2015:22:58:40 -0700] "GET / HTTP/1.1" 200 6114 "-" "Mozilla/5.0 (compatible; Baiduspider/2.0; +http://www.baidu.com/search/spider.html)"
123.125.71.116 - - [20/Sep/2015:23:05:30 -0700] "GET / HTTP/1.1" 200 2339 "-" "Mozilla/5.0 (compatible; Baiduspider/2.0; +http://www.baidu.com/search/spider.html)"
108.225.18.85 - - [20/Sep/2015:23:16:19 -0700] "GET /images/wsis-logo-sm.png HTTP/1.1" 200 6108 "http://www.thebackcountry.net/" "Mozilla/5.0 (Windows NT 6.1; WOW64) AppleWebKit/537.36 (KHTML, like Gecko) Chrome/45.0.2454.93 Safari/537.36"
208.115.111.66 - - [20/Sep/2015:23:25:03 -0700] "GET /resorts?resort=deervalley HTTP/1.1" 404 476 "-" "Mozilla/5.0 (compatible; DotBot/1.1; http://www.opensiteexplorer.org/dotbot, help@moz.com)"
180.76.15.20 - - [20/Sep/2015:23:39:51 -0700] "GET / HTTP/1.1" 200 6114 "-" "Mozilla/5.0 (compatible; Baiduspider/2.0; +http://www.baidu.com/search/spider.html)"
180.76.15.159 - - [20/Sep/2015:23:40:22 -0700] "GET / HTTP/1.1" 200 6114 "-" "Mozilla/5.0 (compatible; Baiduspider/2.0; +http://www.baidu.com/search/spider.html)"
24.6.201.64 - - [21/Sep/2015:00:04:24 -0700] "GET /images/wsis-logo-sm.png HTTP/1.1" 200 6108 "http://www.thebackcountry.net/" "Mozilla/5.0 (iPad; CPU OS 9_0 like Mac OS X) AppleWebKit/601.1.46 (KHTML, like Gecko) Version/9.0 Mobile/13A344 Safari/601.1"
170.75.162.130 - - [21/Sep/2015:00:05:14 -0700] "GET /lib/reccapi.php?resort=stevenspass HTTP/1.1" 200 966 "-" "node-superagent/0.18.2"
170.75.162.130 - - [21/Sep/2015:00:05:14 -0700] "GET /lib/reccapi.php?resort=whistlerblackcomb HTTP/1.1" 200 923 "-" "node-superagent/0.18.2"
91.196.50.33 - - [21/Sep/2015:00:07:48 -0700] "GET http://testp3.pospr.waw.pl/testproxy.php HTTP/1.1" 404 449 "-" "Mozilla/5.0 (Windows NT 5.1; rv:32.0) Gecko/20100101 Firefox/31.0"
180.76.15.25 - - [21/Sep/2015:00:22:04 -0700] "GET /resorts?resort=madriverglen&date=2014-01-31 HTTP/1.1" 404 469 "-" "Mozilla/5.0 (compatible; Baiduspider/2.0; +http://www.baidu.com/search/spider.html)"
208.115.111.66 - - [21/Sep/2015:00:33:21 -0700] "GET /robots.txt HTTP/1.1" 200 319 "-" "Mozilla/5.0 (compatible; DotBot/1.1; http://www.opensiteexplorer.org/dotbot, help@moz.com)"
197.86.198.165 - - [21/Sep/2015:00:41:58 -0700] "GET / HTTP/1.1" 200 2376 "http://success-seo.com/try.php?u=http://whereshouldiski.com" "Mozilla/5.0 (Windows NT 6.1; WOW64) AppleWebKit/537.36 (KHTML, like Gecko) Chrome/36.0.1985.143 Safari/537.36"
197.86.198.165 - - [21/Sep/2015:00:41:59 -0700] "GET /styles/0fffd548.main.css HTTP/1.1" 200 19316 "http://whereshouldiski.com/" "Mozilla/5.0 (Windows NT 6.1; WOW64) AppleWebKit/537.36 (KHTML, like Gecko) Chrome/36.0.1985.143 Safari/537.36"
197.86.198.165 - - [21/Sep/2015:00:41:59 -0700] "GET /scripts/scripts/vendor/modernizr.js HTTP/1.1" 200 4903 "http://whereshouldiski.com/" "Mozilla/5.0 (Windows NT 6.1; WOW64) AppleWebKit/537.36 (KHTML, like Gecko) Chrome/36.0.1985.143 Safari/537.36"
197.86.198.165 - - [21/Sep/2015:00:41:59 -0700] "GET /bower_components/requirejs/require.js HTTP/1.1" 200 6702 "http://whereshouldiski.com/" "Mozilla/5.0 (Windows NT 6.1; WOW64) AppleWebKit/537.36 (KHTML, like Gecko) Chrome/36.0.1985.143 Safari/537.36"
197.86.198.165 - - [21/Sep/2015:00:42:00 -0700] "GET /images/logo-sm.png HTTP/1.1" 200 16737 "http://whereshouldiski.com/" "Mozilla/5.0 (Windows NT 6.1; WOW64) AppleWebKit/537.36 (KHTML, like Gecko) Chrome/36.0.1985.143 Safari/537.36"
197.86.198.165 - - [21/Sep/2015:00:42:00 -0700] "GET /images/loading.gif HTTP/1.1" 200 13881 "http://whereshouldiski.com/" "Mozilla/5.0 (Windows NT 6.1; WOW64) AppleWebKit/537.36 (KHTML, like Gecko) Chrome/36.0.1985.143 Safari/537.36"
197.86.198.165 - - [21/Sep/2015:00:42:00 -0700] "GET /scripts/fa48e319.main.js HTTP/1.1" 200 123455 "http://whereshouldiski.com/" "Mozilla/5.0 (Windows NT 6.1; WOW64) AppleWebKit/537.36 (KHTML, like Gecko) Chrome/36.0.1985.143 Safari/537.36"
123.125.71.34 - - [21/Sep/2015:00:47:18 -0700] "GET / HTTP/1.1" 200 2339 "-" "Mozilla/5.0 (compatible; Baiduspider/2.0; +http://www.baidu.com/search/spider.html)"
180.76.15.6 - - [21/Sep/2015:00:54:21 -0700] "GET / HTTP/1.1" 200 6114 "-" "Mozilla/5.0 (compatible; Baiduspider/2.0; +http://www.baidu.com/search/spider.html)"
180.76.15.148 - - [21/Sep/2015:00:55:28 -0700] "GET / HTTP/1.1" 200 6114 "-" "Mozilla/5.0 (compatible; Baiduspider/2.0; +http://www.baidu.com/search/spider.html)"
208.115.111.66 - - [21/Sep/2015:01:21:30 -0700] "GET /resorts?resort=aspenmountain HTTP/1.1" 404 476 "-" "Mozilla/5.0 (compatible; DotBot/1.1; http://www.opensiteexplorer.org/dotbot, help@moz.com)"
170.75.162.130 - - [21/Sep/2015:01:25:51 -0700] "GET /lib/reccapi.php?resort=sierra-at-tahoe HTTP/1.1" 200 986 "-" "node-superagent/0.18.2"
5.189.159.153 - - [21/Sep/2015:01:37:46 -0700] "GET /robots.txt HTTP/1.0" 200 338 "-" "Mozilla/5.0 (compatible; MJ12bot/v1.4.5; http://www.majestic12.co.uk/bot.php?+)"
5.189.159.153 - - [21/Sep/2015:01:37:48 -0700] "GET /about HTTP/1.0" 404 495 "-" "Mozilla/5.0 (compatible; MJ12bot/v1.4.5; http://www.majestic12.co.uk/bot.php?+)"
5.189.159.153 - - [21/Sep/2015:01:37:50 -0700] "GET /resorts?resort=winterpark HTTP/1.0" 404 469 "-" "Mozilla/5.0 (compatible; MJ12bot/v1.4.5; http://www.majestic12.co.uk/bot.php?+)"
5.189.159.153 - - [21/Sep/2015:01:37:51 -0700] "GET /robots.txt HTTP/1.0" 200 338 "-" "Mozilla/5.0 (compatible; MJ12bot/v1.4.5; http://www.majestic12.co.uk/bot.php?+)"
5.189.159.153 - - [21/Sep/2015:01:37:56 -0700] "GET /about HTTP/1.0" 404 499 "-" "Mozilla/5.0 (compatible; MJ12bot/v1.4.5; http://www.majestic12.co.uk/bot.php?+)"
180.76.15.155 - - [21/Sep/2015:02:24:42 -0700] "GET /resorts?resort=magicmountain&date=2014-04-13 HTTP/1.1" 404 472 "-" "Mozilla/5.0 (compatible; Baiduspider/2.0; +http://www.baidu.com/search/spider.html)"
170.75.162.130 - - [21/Sep/2015:02:30:46 -0700] "GET /lib/reccapi.php?resort=monarch HTTP/1.1" 200 944 "-" "node-superagent/0.18.2"
180.76.15.13 - - [21/Sep/2015:02:40:03 -0700] "GET / HTTP/1.1" 200 6114 "-" "Mozilla/5.0 (compatible; Baiduspider/2.0; +http://www.baidu.com/search/spider.html)"
180.76.15.26 - - [21/Sep/2015:02:40:48 -0700] "GET / HTTP/1.1" 200 6114 "-" "Mozilla/5.0 (compatible; Baiduspider/2.0; +http://www.baidu.com/search/spider.html)"
199.58.86.209 - - [21/Sep/2015:02:45:00 -0700] "GET /robots.txt HTTP/1.0" 200 338 "-" "Mozilla/5.0 (compatible; MJ12bot/v1.4.5; http://www.majestic12.co.uk/bot.php?+)"
199.58.86.209 - - [21/Sep/2015:02:45:02 -0700] "GET / HTTP/1.0" 200 6114 "-" "Mozilla/5.0 (compatible; MJ12bot/v1.4.5; http://www.majestic12.co.uk/bot.php?+)"
173.208.177.130 - - [21/Sep/2015:02:51:51 -0700] "GET /robots.txt HTTP/1.0" 200 338 "-" "Mozilla/5.0 (compatible; MJ12bot/v1.4.5; http://www.majestic12.co.uk/bot.php?+)"
173.208.177.130 - - [21/Sep/2015:02:51:53 -0700] "GET /resorts?resort=angelfire HTTP/1.0" 404 495 "-" "Mozilla/5.0 (compatible; MJ12bot/v1.4.5; http://www.majestic12.co.uk/bot.php?+)"
173.208.177.130 - - [21/Sep/2015:02:51:55 -0700] "GET /resorts?resort=mountainhigh HTTP/1.0" 404 469 "-" "Mozilla/5.0 (compatible; MJ12bot/v1.4.5; http://www.majestic12.co.uk/bot.php?+)"
173.208.177.130 - - [21/Sep/2015:02:51:57 -0700] "GET /resorts?resort=mountbachelor HTTP/1.0" 404 469 "-" "Mozilla/5.0 (compatible; MJ12bot/v1.4.5; http://www.majestic12.co.uk/bot.php?+)"
173.208.177.130 - - [21/Sep/2015:02:51:59 -0700] "GET /resorts?resort=whistlerblackcomb HTTP/1.0" 404 469 "-" "Mozilla/5.0 (compatible; MJ12bot/v1.4.5; http://www.majestic12.co.uk/bot.php?+)"
173.208.177.130 - - [21/Sep/2015:02:52:01 -0700] "GET /resorts?resort=winterpark HTTP/1.0" 404 469 "-" "Mozilla/5.0 (compatible; MJ12bot/v1.4.5; http://www.majestic12.co.uk/bot.php?+)"
170.75.162.130 - - [21/Sep/2015:02:52:18 -0700] "GET /lib/reccapi.php?resort=snowbasin HTTP/1.1" 200 965 "-" "node-superagent/0.18.2"
170.75.162.130 - - [21/Sep/2015:02:57:18 -0700] "GET /lib/reccapi.php?resort=arapahoebasin HTTP/1.1" 200 984 "-" "node-superagent/0.18.2"
170.75.162.130 - - [21/Sep/2015:02:57:18 -0700] "GET /lib/reccapi.php?resort=aspenheights HTTP/1.1" 200 1011 "-" "node-superagent/0.18.2"
170.75.162.130 - - [21/Sep/2015:02:57:18 -0700] "GET /lib/reccapi.php?resort=aspenmountain HTTP/1.1" 200 991 "-" "node-superagent/0.18.2"
170.75.162.130 - - [21/Sep/2015:02:57:18 -0700] "GET /lib/reccapi.php?resort=crestedbutte HTTP/1.1" 200 976 "-" "node-superagent/0.18.2"
170.75.162.130 - - [21/Sep/2015:02:57:18 -0700] "GET /lib/reccapi.php?resort=loveland HTTP/1.1" 200 966 "-" "node-superagent/0.18.2"
170.75.162.130 - - [21/Sep/2015:02:57:18 -0700] "GET /lib/reccapi.php?resort=keystone HTTP/1.1" 200 970 "-" "node-superagent/0.18.2"
170.75.162.130 - - [21/Sep/2015:02:57:18 -0700] "GET /lib/reccapi.php?resort=coppermountain HTTP/1.1" 200 980 "-" "node-superagent/0.18.2"
170.75.162.130 - - [21/Sep/2015:02:57:18 -0700] "GET /lib/reccapi.php?resort=buttermilk HTTP/1.1" 200 978 "-" "node-superagent/0.18.2"
170.75.162.130 - - [21/Sep/2015:02:57:18 -0700] "GET /lib/reccapi.php?resort=snowmass HTTP/1.1" 200 958 "-" "node-superagent/0.18.2"
170.75.162.130 - - [21/Sep/2015:02:57:18 -0700] "GET /lib/reccapi.php?resort=steamboat HTTP/1.1" 200 970 "-" "node-superagent/0.18.2"
170.75.162.130 - - [21/Sep/2015:02:57:18 -0700] "GET /lib/reccapi.php?resort=winterpark HTTP/1.1" 200 972 "-" "node-superagent/0.18.2"
170.75.162.130 - - [21/Sep/2015:03:02:58 -0700] "GET /lib/reccapi.php?resort=kirkwood HTTP/1.1" 200 998 "-" "node-superagent/0.18.2"
60.241.114.252 - - [21/Sep/2015:03:12:26 -0700] "GET /images/wsis-logo-sm.png HTTP/1.1" 200 6108 "http://www.thebackcountry.net/" "Mozilla/5.0 (Linux; Android 4.4.4; Nexus 7 Build/KTU84P) AppleWebKit/537.36 (KHTML, like Gecko) Chrome/45.0.2454.94 Safari/537.36"
170.75.162.130 - - [21/Sep/2015:03:17:19 -0700] "GET /lib/reccapi.php?resort=madriverglen HTTP/1.1" 200 954 "-" "node-superagent/0.18.2"
206.210.161.13 - - [21/Sep/2015:03:25:03 -0700] "GET /images/wsis-logo-sm.png HTTP/1.1" 200 6052 "http://www.thebackcountry.net/" "Mozilla/5.0 (compatible; MSIE 9.0; Windows NT 6.1; WOW64; Trident/5.0)"
170.75.162.130 - - [21/Sep/2015:03:32:03 -0700] "GET /lib/reccapi.php?resort=bigsky HTTP/1.1" 200 975 "-" "node-superagent/0.18.2"
170.75.162.130 - - [21/Sep/2015:03:32:03 -0700] "GET /lib/reccapi.php?resort=redlodge HTTP/1.1" 200 1054 "-" "node-superagent/0.18.2"
170.75.162.130 - - [21/Sep/2015:03:34:13 -0700] "GET /lib/reccapi.php?resort=canyons HTTP/1.1" 200 970 "-" "node-superagent/0.18.2"
91.121.221.15 - - [21/Sep/2015:03:34:42 -0700] "GET /robots.txt HTTP/1.0" 200 338 "-" "Mozilla/5.0 (compatible; MJ12bot/v1.4.5; http://www.majestic12.co.uk/bot.php?+)"
91.121.221.15 - - [21/Sep/2015:03:34:44 -0700] "GET /about HTTP/1.0" 404 495 "-" "Mozilla/5.0 (compatible; MJ12bot/v1.4.5; http://www.majestic12.co.uk/bot.php?+)"
180.76.15.26 - - [21/Sep/2015:03:42:33 -0700] "GET / HTTP/1.1" 200 6114 "-" "Mozilla/5.0 (compatible; Baiduspider/2.0; +http://www.baidu.com/search/spider.html)"
180.76.15.33 - - [21/Sep/2015:03:43:16 -0700] "GET / HTTP/1.1" 200 6114 "-" "Mozilla/5.0 (compatible; Baiduspider/2.0; +http://www.baidu.com/search/spider.html)"
157.55.39.193 - - [21/Sep/2015:04:04:27 -0700] "GET /viz/2012-2013-viz.php HTTP/1.1" 404 506 "-" "Mozilla/5.0 (compatible; bingbot/2.0; +http://www.bing.com/bingbot.htm)"
207.46.13.165 - - [21/Sep/2015:04:04:31 -0700] "GET / HTTP/1.1" 200 2376 "-" "Mozilla/5.0 (compatible; bingbot/2.0; +http://www.bing.com/bingbot.htm)"
170.75.162.130 - - [21/Sep/2015:04:11:46 -0700] "GET /lib/reccapi.php?resort=homewoodmountain HTTP/1.1" 200 972 "-" "node-superagent/0.18.2"
93.114.113.221 - - [21/Sep/2015:04:12:28 -0700] "POST /cgi-bin/php?%2D%64+%61%6C%6C%6F%77%5F%75%72%6C%5F%69%6E%63%6C%75%64%65%3D%6F%6E+%2D%64+%73%61%66%65%5F%6D%6F%64%65%3D%6F%66%66+%2D%64+%73%75%68%6F%73%69%6E%2E%73%69%6D%75%6C%61%74%69%6F%6E%3D%6F%6E+%2D%64+%64%69%73%61%62%6C%65%5F%66%75%6E%63%74%69%6F%6E%73%3D%22%22+%2D%64+%6F%70%65%6E%5F%62%61%73%65%64%69%72%3D%6E%6F%6E%65+%2D%64+%61%75%74%6F%5F%70%72%65%70%65%6E%64%5F%66%69%6C%65%3D%70%68%70%3A%2F%2F%69%6E%70%75%74+%2D%64+%63%67%69%2E%66%6F%72%63%65%5F%72%65%64%69%72%65%63%74%3D%30+%2D%64+%63%67%69%2E%72%65%64%69%72%65%63%74%5F%73%74%61%74%75%73%5F%65%6E%76%3D%30+%2D%6E HTTP/1.1" 404 491 "-" "Mozilla/5.0 (compatible; Zollard; Linux)"
93.114.113.221 - - [21/Sep/2015:04:12:28 -0700] "POST /cgi-bin/php5?%2D%64+%61%6C%6C%6F%77%5F%75%72%6C%5F%69%6E%63%6C%75%64%65%3D%6F%6E+%2D%64+%73%61%66%65%5F%6D%6F%64%65%3D%6F%66%66+%2D%64+%73%75%68%6F%73%69%6E%2E%73%69%6D%75%6C%61%74%69%6F%6E%3D%6F%6E+%2D%64+%64%69%73%61%62%6C%65%5F%66%75%6E%63%74%69%6F%6E%73%3D%22%22+%2D%64+%6F%70%65%6E%5F%62%61%73%65%64%69%72%3D%6E%6F%6E%65+%2D%64+%61%75%74%6F%5F%70%72%65%70%65%6E%64%5F%66%69%6C%65%3D%70%68%70%3A%2F%2F%69%6E%70%75%74+%2D%64+%63%67%69%2E%66%6F%72%63%65%5F%72%65%64%69%72%65%63%74%3D%30+%2D%64+%63%67%69%2E%72%65%64%69%72%65%63%74%5F%73%74%61%74%75%73%5F%65%6E%76%3D%30+%2D%6E HTTP/1.1" 404 492 "-" "Mozilla/5.0 (compatible; Zollard; Linux)"
93.114.113.221 - - [21/Sep/2015:04:12:28 -0700] "POST /cgi-bin/php-cgi?%2D%64+%61%6C%6C%6F%77%5F%75%72%6C%5F%69%6E%63%6C%75%64%65%3D%6F%6E+%2D%64+%73%61%66%65%5F%6D%6F%64%65%3D%6F%66%66+%2D%64+%73%75%68%6F%73%69%6E%2E%73%69%6D%75%6C%61%74%69%6F%6E%3D%6F%6E+%2D%64+%64%69%73%61%62%6C%65%5F%66%75%6E%63%74%69%6F%6E%73%3D%22%22+%2D%64+%6F%70%65%6E%5F%62%61%73%65%64%69%72%3D%6E%6F%6E%65+%2D%64+%61%75%74%6F%5F%70%72%65%70%65%6E%64%5F%66%69%6C%65%3D%70%68%70%3A%2F%2F%69%6E%70%75%74+%2D%64+%63%67%69%2E%66%6F%72%63%65%5F%72%65%64%69%72%65%63%74%3D%30+%2D%64+%63%67%69%2E%72%65%64%69%72%65%63%74%5F%73%74%61%74%75%73%5F%65%6E%76%3D%30+%2D%6E HTTP/1.1" 404 495 "-" "Mozilla/5.0 (compatible; Zollard; Linux)"
93.114.113.221 - - [21/Sep/2015:04:12:29 -0700] "POST /cgi-bin/php.cgi?%2D%64+%61%6C%6C%6F%77%5F%75%72%6C%5F%69%6E%63%6C%75%64%65%3D%6F%6E+%2D%64+%73%61%66%65%5F%6D%6F%64%65%3D%6F%66%66+%2D%64+%73%75%68%6F%73%69%6E%2E%73%69%6D%75%6C%61%74%69%6F%6E%3D%6F%6E+%2D%64+%64%69%73%61%62%6C%65%5F%66%75%6E%63%74%69%6F%6E%73%3D%22%22+%2D%64+%6F%70%65%6E%5F%62%61%73%65%64%69%72%3D%6E%6F%6E%65+%2D%64+%61%75%74%6F%5F%70%72%65%70%65%6E%64%5F%66%69%6C%65%3D%70%68%70%3A%2F%2F%69%6E%70%75%74+%2D%64+%63%67%69%2E%66%6F%72%63%65%5F%72%65%64%69%72%65%63%74%3D%30+%2D%64+%63%67%69%2E%72%65%64%69%72%65%63%74%5F%73%74%61%74%75%73%5F%65%6E%76%3D%30+%2D%6E HTTP/1.1" 404 495 "-" "Mozilla/5.0 (compatible; Zollard; Linux)"
93.114.113.221 - - [21/Sep/2015:04:12:29 -0700] "POST /cgi-bin/php4?%2D%64+%61%6C%6C%6F%77%5F%75%72%6C%5F%69%6E%63%6C%75%64%65%3D%6F%6E+%2D%64+%73%61%66%65%5F%6D%6F%64%65%3D%6F%66%66+%2D%64+%73%75%68%6F%73%69%6E%2E%73%69%6D%75%6C%61%74%69%6F%6E%3D%6F%6E+%2D%64+%64%69%73%61%62%6C%65%5F%66%75%6E%63%74%69%6F%6E%73%3D%22%22+%2D%64+%6F%70%65%6E%5F%62%61%73%65%64%69%72%3D%6E%6F%6E%65+%2D%64+%61%75%74%6F%5F%70%72%65%70%65%6E%64%5F%66%69%6C%65%3D%70%68%70%3A%2F%2F%69%6E%70%75%74+%2D%64+%63%67%69%2E%66%6F%72%63%65%5F%72%65%64%69%72%65%63%74%3D%30+%2D%64+%63%67%69%2E%72%65%64%69%72%65%63%74%5F%73%74%61%74%75%73%5F%65%6E%76%3D%30+%2D%6E HTTP/1.1" 404 492 "-" "Mozilla/5.0 (compatible; Zollard; Linux)"
66.249.79.234 - - [21/Sep/2015:04:14:39 -0700] "GET /resorts?resort=homewoodmountain HTTP/1.1" 404 506 "-" "Mozilla/5.0 (compatible; Googlebot/2.1; +http://www.google.com/bot.html)"
170.75.162.130 - - [21/Sep/2015:04:20:47 -0700] "GET /lib/reccapi.php?resort=schweitzer HTTP/1.1" 200 970 "-" "node-superagent/0.18.2"
170.75.162.130 - - [21/Sep/2015:04:36:48 -0700] "GET /lib/reccapi.php?resort=heavenly HTTP/1.1" 200 960 "-" "node-superagent/0.18.2"
170.75.162.130 - - [21/Sep/2015:04:36:48 -0700] "GET /lib/reccapi.php?resort=northstar-at-tahoe HTTP/1.1" 200 955 "-" "node-superagent/0.18.2"
170.75.162.130 - - [21/Sep/2015:04:38:48 -0700] "GET /lib/reccapi.php?resort=49degreesnorth HTTP/1.1" 200 976 "-" "node-superagent/0.18.2"
170.75.162.130 - - [21/Sep/2015:04:38:48 -0700] "GET /lib/reccapi.php?resort=crystalmountain HTTP/1.1" 200 989 "-" "node-superagent/0.18.2"
170.75.162.130 - - [21/Sep/2015:04:38:48 -0700] "GET /lib/reccapi.php?resort=mountspokane HTTP/1.1" 200 974 "-" "node-superagent/0.18.2"
170.75.162.130 - - [21/Sep/2015:04:38:48 -0700] "GET /lib/reccapi.php?resort=stevenspass HTTP/1.1" 200 966 "-" "node-superagent/0.18.2"
170.75.162.130 - - [21/Sep/2015:04:41:08 -0700] "GET /lib/reccapi.php?resort=wildcatmountain HTTP/1.1" 200 958 "-" "node-superagent/0.18.2"
157.55.39.29 - - [21/Sep/2015:04:53:57 -0700] "GET / HTTP/1.1" 200 2376 "-" "Mozilla/5.0 (compatible; bingbot/2.0; +http://www.bing.com/bingbot.htm)"
170.75.162.130 - - [21/Sep/2015:05:03:50 -0700] "GET /lib/reccapi.php?resort=devilshead HTTP/1.1" 200 935 "-" "node-superagent/0.18.2"
180.76.15.26 - - [21/Sep/2015:05:05:09 -0700] "GET / HTTP/1.1" 200 6114 "-" "Mozilla/5.0 (compatible; Baiduspider/2.0; +http://www.baidu.com/search/spider.html)"
180.76.15.144 - - [21/Sep/2015:05:06:47 -0700] "GET / HTTP/1.1" 200 6114 "-" "Mozilla/5.0 (compatible; Baiduspider/2.0; +http://www.baidu.com/search/spider.html)"
180.76.15.11 - - [21/Sep/2015:05:35:06 -0700] "GET / HTTP/1.1" 200 6114 "-" "Mozilla/5.0 (compatible; Baiduspider/2.0; +http://www.baidu.com/search/spider.html)"
180.76.15.137 - - [21/Sep/2015:05:35:38 -0700] "GET / HTTP/1.1" 200 6114 "-" "Mozilla/5.0 (compatible; Baiduspider/2.0; +http://www.baidu.com/search/spider.html)"
170.75.162.130 - - [21/Sep/2015:05:56:04 -0700] "GET /lib/reccapi.php?resort=chinapeak HTTP/1.1" 200 977 "-" "node-superagent/0.18.2"
170.75.162.130 - - [21/Sep/2015:05:56:04 -0700] "GET /lib/reccapi.php?resort=sugarbowl HTTP/1.1" 200 944 "-" "node-superagent/0.18.2"
170.75.162.130 - - [21/Sep/2015:06:16:26 -0700] "GET /lib/reccapi.php?resort=sugarloaf HTTP/1.1" 200 974 "-" "node-superagent/0.18.2"
120.140.125.63 - - [21/Sep/2015:06:27:52 -0700] "GET / HTTP/1.1" 200 2376 "http://success-seo.com/try.php?u=http://whereshouldiski.com" "Mozilla/5.0 (Windows NT 6.1; WOW64) AppleWebKit/537.36 (KHTML, like Gecko) Chrome/36.0.1985.143 Safari/537.36"
120.140.125.63 - - [21/Sep/2015:06:27:52 -0700] "GET /styles/0fffd548.main.css HTTP/1.1" 200 19316 "http://whereshouldiski.com/" "Mozilla/5.0 (Windows NT 6.1; WOW64) AppleWebKit/537.36 (KHTML, like Gecko) Chrome/36.0.1985.143 Safari/537.36"
120.140.125.63 - - [21/Sep/2015:06:27:52 -0700] "GET /scripts/scripts/vendor/modernizr.js HTTP/1.1" 200 4903 "http://whereshouldiski.com/" "Mozilla/5.0 (Windows NT 6.1; WOW64) AppleWebKit/537.36 (KHTML, like Gecko) Chrome/36.0.1985.143 Safari/537.36"
120.140.125.63 - - [21/Sep/2015:06:27:52 -0700] "GET /bower_components/requirejs/require.js HTTP/1.1" 200 6702 "http://whereshouldiski.com/" "Mozilla/5.0 (Windows NT 6.1; WOW64) AppleWebKit/537.36 (KHTML, like Gecko) Chrome/36.0.1985.143 Safari/537.36"
120.140.125.63 - - [21/Sep/2015:06:28:00 -0700] "GET /images/logo-sm.png HTTP/1.1" 200 16738 "http://whereshouldiski.com/" "Mozilla/5.0 (Windows NT 6.1; WOW64) AppleWebKit/537.36 (KHTML, like Gecko) Chrome/36.0.1985.143 Safari/537.36"
120.140.125.63 - - [21/Sep/2015:06:28:00 -0700] "GET /images/loading.gif HTTP/1.1" 200 13882 "http://whereshouldiski.com/" "Mozilla/5.0 (Windows NT 6.1; WOW64) AppleWebKit/537.36 (KHTML, like Gecko) Chrome/36.0.1985.143 Safari/537.36"
120.140.125.63 - - [21/Sep/2015:06:28:00 -0700] "GET /scripts/fa48e319.main.js HTTP/1.1" 200 45225 "http://whereshouldiski.com/" "Mozilla/5.0 (Windows NT 6.1; WOW64) AppleWebKit/537.36 (KHTML, like Gecko) Chrome/36.0.1985.143 Safari/537.36"
180.76.15.32 - - [21/Sep/2015:06:44:37 -0700] "GET / HTTP/1.1" 200 2339 "-" "Mozilla/5.0 (compatible; Baiduspider/2.0; +http://www.baidu.com/search/spider.html)"
92.19.213.2 - - [21/Sep/2015:06:45:46 -0700] "GET /images/viz-screenshot.png HTTP/1.1" 404 517 "http://ericfahsl.com/blog/35-creating-an-animated-javascript-heat-map-with-polymap" "Mozilla/5.0 (Macintosh; Intel Mac OS X 10_10_3) AppleWebKit/537.36 (KHTML, like Gecko) Chrome/45.0.2454.93 Safari/537.36"
92.19.213.2 - - [21/Sep/2015:06:45:47 -0700] "GET /images/viz-screenshot.png HTTP/1.1" 404 516 "http://ericfahsl.com/blog/35-creating-an-animated-javascript-heat-map-with-polymap" "Mozilla/5.0 (Macintosh; Intel Mac OS X 10_10_3) AppleWebKit/537.36 (KHTML, like Gecko) Chrome/45.0.2454.93 Safari/537.36"
180.76.15.26 - - [21/Sep/2015:06:50:27 -0700] "GET / HTTP/1.1" 200 6114 "-" "Mozilla/5.0 (compatible; Baiduspider/2.0; +http://www.baidu.com/search/spider.html)"
180.76.15.11 - - [21/Sep/2015:06:51:41 -0700] "GET / HTTP/1.1" 200 6114 "-" "Mozilla/5.0 (compatible; Baiduspider/2.0; +http://www.baidu.com/search/spider.html)"
94.249.118.154 - - [21/Sep/2015:06:56:51 -0700] "GET /images/wsis-logo-sm.png HTTP/1.1" 200 6108 "http://thebackcountry.net/" "Mozilla/5.0 (Windows NT 6.1; WOW64) AppleWebKit/537.36 (KHTML, like Gecko) Chrome/36.0.1985.143 Safari/537.36"
170.75.162.130 - - [21/Sep/2015:06:59:49 -0700] "GET /lib/reccapi.php?resort=whitefacemountain HTTP/1.1" 200 952 "-" "node-superagent/0.18.2"
170.75.162.130 - - [21/Sep/2015:07:04:19 -0700] "GET /lib/reccapi.php?resort=brighton HTTP/1.1" 200 945 "-" "node-superagent/0.18.2"
66.249.79.227 - - [21/Sep/2015:07:10:35 -0700] "GET /robots.txt HTTP/1.1" 200 419 "-" "Mozilla/5.0 (compatible; Googlebot/2.1; +http://www.google.com/bot.html)"
66.249.79.220 - - [21/Sep/2015:07:10:35 -0700] "GET /images/wsis-logo-sm.png HTTP/1.1" 304 187 "-" "Googlebot-Image/1.0"
71.140.31.214 - - [21/Sep/2015:07:13:44 -0700] "GET /images/wsis-logo-sm.png HTTP/1.1" 200 6108 "http://thebackcountry.net/" "Mozilla/4.0 (compatible; MSIE 8.0; Windows NT 5.1; Trident/4.0; .NET CLR 2.0.50727; .NET CLR 3.0.4506.2152; .NET CLR 3.5.30729; 786908940603; Build/14.08001)"
104.197.78.182 - - [21/Sep/2015:07:29:39 -0700] "GET / HTTP/1.0" 200 6151 "-" "NerdyBot"
170.75.162.130 - - [21/Sep/2015:07:33:41 -0700] "GET /lib/reccapi.php?resort=squawvalleyusa HTTP/1.1" 200 965 "-" "node-superagent/0.18.2"
208.115.113.83 - - [21/Sep/2015:07:42:27 -0700] "GET /robots.txt HTTP/1.1" 200 319 "-" "Mozilla/5.0 (compatible; DotBot/1.1; http://www.opensiteexplorer.org/dotbot, help@moz.com)"
180.76.15.29 - - [21/Sep/2015:07:47:56 -0700] "GET / HTTP/1.1" 200 6114 "-" "Mozilla/5.0 (compatible; Baiduspider/2.0; +http://www.baidu.com/search/spider.html)"
180.76.15.152 - - [21/Sep/2015:07:49:02 -0700] "GET / HTTP/1.1" 200 6114 "-" "Mozilla/5.0 (compatible; Baiduspider/2.0; +http://www.baidu.com/search/spider.html)"
170.75.162.130 - - [21/Sep/2015:07:57:13 -0700] "GET /lib/reccapi.php?resort=angelfire HTTP/1.1" 200 991 "-" "node-superagent/0.18.2"
174.30.47.216 - - [21/Sep/2015:08:04:02 -0700] "GET /images/wsis-logo-sm.png HTTP/1.1" 200 6108 "http://www.thebackcountry.net/" "Mozilla/5.0 (iPhone; CPU iPhone OS 7_1 like Mac OS X) AppleWebKit/537.51.2 (KHTML, like Gecko) GSA/8.0.57838 Mobile/11D167 Safari/9537.53"
170.75.162.130 - - [21/Sep/2015:08:07:34 -0700] "GET /lib/reccapi.php?resort=deervalley HTTP/1.1" 200 998 "-" "node-superagent/0.18.2"
91.196.50.33 - - [21/Sep/2015:08:20:13 -0700] "GET http://testp4.pospr.waw.pl/testproxy.php HTTP/1.1" 404 448 "-" "Mozilla/5.0 (Windows NT 5.1; rv:32.0) Gecko/20100101 Firefox/31.0"
66.71.247.94 - - [21/Sep/2015:08:20:59 -0700] "GET /phpMyAdmin/scripts/setup.php HTTP/1.0" 404 518 "-" "-"
208.115.113.83 - - [21/Sep/2015:08:23:18 -0700] "GET /resorts?resort=schweitzer HTTP/1.1" 404 476 "-" "Mozilla/5.0 (compatible; DotBot/1.1; http://www.opensiteexplorer.org/dotbot, help@moz.com)"
208.115.113.83 - - [21/Sep/2015:08:23:39 -0700] "GET /resorts?resort=mounthoodmeadows HTTP/1.1" 404 476 "-" "Mozilla/5.0 (compatible; DotBot/1.1; http://www.opensiteexplorer.org/dotbot, help@moz.com)"
170.75.162.130 - - [21/Sep/2015:08:27:26 -0700] "GET /lib/reccapi.php?resort=alyeska HTTP/1.1" 200 1022 "-" "node-superagent/0.18.2"
157.55.39.29 - - [21/Sep/2015:08:27:58 -0700] "GET /robots.txt HTTP/1.1" 200 375 "-" "Mozilla/5.0 (compatible; bingbot/2.0; +http://www.bing.com/bingbot.htm)"
222.186.21.84 - - [21/Sep/2015:08:30:36 -0700] "GET /manager/html HTTP/1.1" 404 470 "-" "Mozilla/5.0 (compatible; MSIE 10.0; Windows NT 6.2; WOW64; Trident/6.0)"
170.75.162.130 - - [21/Sep/2015:08:32:36 -0700] "GET /lib/reccapi.php?resort=brianhead HTTP/1.1" 200 963 "-" "node-superagent/0.18.2"
137.254.4.4 - - [21/Sep/2015:08:35:15 -0700] "GET /images/wsis-logo-sm.png HTTP/1.1" 200 6108 "http://thebackcountry.net/" "Mozilla/5.0 (Windows NT 6.1; WOW64) AppleWebKit/537.36 (KHTML, like Gecko) Chrome/45.0.2454.85 Safari/537.36"
180.76.15.149 - - [21/Sep/2015:08:41:11 -0700] "GET / HTTP/1.1" 200 6114 "-" "Mozilla/5.0 (compatible; Baiduspider/2.0; +http://www.baidu.com/search/spider.html)"
180.76.15.5 - - [21/Sep/2015:08:42:03 -0700] "GET / HTTP/1.1" 200 6114 "-" "Mozilla/5.0 (compatible; Baiduspider/2.0; +http://www.baidu.com/search/spider.html)"
71.140.31.214 - - [21/Sep/2015:08:44:20 -0700] "GET /images/wsis-logo-sm.png HTTP/1.1" 200 6108 "http://thebackcountry.net/" "Mozilla/4.0 (compatible; MSIE 8.0; Windows NT 5.1; Trident/4.0; .NET CLR 2.0.50727; .NET CLR 3.0.4506.2152; .NET CLR 3.5.30729; 786908940603; Build/14.08001)"
199.16.156.126 - - [21/Sep/2015:08:53:16 -0700] "GET /robots.txt HTTP/1.1" 200 363 "-" "Twitterbot/1.0"
199.16.156.126 - - [21/Sep/2015:08:53:16 -0700] "GET /recommendations HTTP/1.1" 404 450 "-" "Twitterbot/1.0"
199.16.156.124 - - [21/Sep/2015:08:53:16 -0700] "GET /robots.txt HTTP/1.1" 200 363 "-" "Twitterbot/1.0"
199.16.156.126 - - [21/Sep/2015:08:53:16 -0700] "GET /robots.txt HTTP/1.1" 200 363 "-" "Twitterbot/1.0"
199.16.156.124 - - [21/Sep/2015:08:53:17 -0700] "GET / HTTP/1.1" 200 2320 "-" "Twitterbot/1.0"
199.16.156.126 - - [21/Sep/2015:08:53:17 -0700] "GET / HTTP/1.1" 200 2320 "-" "Twitterbot/1.0"
198.206.50.19 - - [21/Sep/2015:09:03:34 -0700] "GET /images/wsis-logo-sm.png HTTP/1.1" 200 6108 "http://www.thebackcountry.net/" "Mozilla/5.0 (Windows NT 6.1; WOW64; Trident/7.0; rv:11.0) like Gecko"
198.206.50.19 - - [21/Sep/2015:09:03:55 -0700] "-" 408 0 "-" "-"
208.115.113.83 - - [21/Sep/2015:09:06:59 -0700] "GET /resorts?resort=sipapu HTTP/1.1" 404 476 "-" "Mozilla/5.0 (compatible; DotBot/1.1; http://www.opensiteexplorer.org/dotbot, help@moz.com)"
170.75.162.130 - - [21/Sep/2015:09:08:29 -0700] "GET /lib/reccapi.php?resort=taos HTTP/1.1" 200 932 "-" "node-superagent/0.18.2"
170.75.162.130 - - [21/Sep/2015:09:08:29 -0700] "GET /lib/reccapi.php?resort=winterpark HTTP/1.1" 200 977 "-" "node-superagent/0.18.2"
216.131.56.34 - - [21/Sep/2015:09:13:02 -0700] "GET /images/wsis-logo-sm.png HTTP/1.1" 200 6108 "http://www.thebackcountry.net/" "Mozilla/5.0 (compatible; MSIE 9.0; Windows NT 6.1; Win64; x64; Trident/5.0)"
71.11.185.51 - - [21/Sep/2015:09:14:38 -0700] "GET /images/wsis-logo-sm.png HTTP/1.1" 200 6108 "http://www.thebackcountry.net/" "Mozilla/5.0 (Windows NT 6.1; WOW64) AppleWebKit/537.36 (KHTML, like Gecko) Chrome/45.0.2454.93 Safari/537.36"
180.76.15.23 - - [21/Sep/2015:09:17:19 -0700] "GET /resorts?resort=sugarloaf&date=2014-03-19 HTTP/1.1" 404 469 "-" "Mozilla/5.0 (compatible; Baiduspider/2.0; +http://www.baidu.com/search/spider.html)"
108.174.5.115 - - [21/Sep/2015:09:28:56 -0700] "GET /images/viz-screenshot.png HTTP/1.1" 404 480 "-" "LinkedInBot/1.0 (compatible; Mozilla/5.0; Jakarta Commons-HttpClient/4.3 +http://www.linkedin.com)"
70.211.70.107 - - [21/Sep/2015:09:29:10 -0700] "GET /images/wsis-logo-sm.png HTTP/1.1" 200 6108 "http://www.thebackcountry.net/" "Mozilla/5.0 (Linux; Android 5.0; SM-G900V Build/LRX21T) AppleWebKit/537.36 (KHTML, like Gecko) Chrome/45.0.2454.94 Mobile Safari/537.36"
187.66.37.74 - - [21/Sep/2015:09:33:39 -0700] "GET /images/wsis-logo-sm.png HTTP/1.1" 200 6108 "http://thebackcountry.net/" "Mozilla/5.0 (Windows NT 6.1; WOW64) AppleWebKit/537.36 (KHTML, like Gecko) Chrome/36.0.1985.143 Safari/537.36"
170.75.162.130 - - [21/Sep/2015:09:42:21 -0700] "GET /lib/reccapi.php?resort=alpinemeadows HTTP/1.1" 200 988 "-" "node-superagent/0.18.2"
170.75.162.130 - - [21/Sep/2015:09:42:21 -0700] "GET /lib/reccapi.php?resort=alta HTTP/1.1" 200 937 "-" "node-superagent/0.18.2"
170.75.162.130 - - [21/Sep/2015:09:42:21 -0700] "GET /lib/reccapi.php?resort=grandtarghee HTTP/1.1" 200 1032 "-" "node-superagent/0.18.2"
170.75.162.130 - - [21/Sep/2015:09:42:21 -0700] "GET /lib/reccapi.php?resort=jacksonhole HTTP/1.1" 200 1009 "-" "node-superagent/0.18.2"
170.75.162.130 - - [21/Sep/2015:09:42:21 -0700] "GET /lib/reccapi.php?resort=jaypeak HTTP/1.1" 200 986 "-" "node-superagent/0.18.2"
170.75.162.130 - - [21/Sep/2015:09:42:22 -0700] "GET /lib/reccapi.php?resort=bigwhite HTTP/1.1" 200 909 "-" "node-superagent/0.18.2"
170.75.162.130 - - [21/Sep/2015:09:43:21 -0700] "GET /lib/reccapi.php?resort=diamondpeak HTTP/1.1" 200 927 "-" "node-superagent/0.18.2"
170.75.162.130 - - [21/Sep/2015:09:43:21 -0700] "GET /lib/reccapi.php?resort=stowe HTTP/1.1" 200 931 "-" "node-superagent/0.18.2"
170.75.162.130 - - [21/Sep/2015:09:43:21 -0700] "GET /lib/reccapi.php?resort=sugarbush HTTP/1.1" 200 948 "-" "node-superagent/0.18.2"
170.75.162.130 - - [21/Sep/2015:09:43:22 -0700] "GET /lib/reccapi.php?resort=smugglersnotch HTTP/1.1" 200 954 "-" "node-superagent/0.18.2"
170.75.162.130 - - [21/Sep/2015:09:43:22 -0700] "GET /lib/reccapi.php?resort=killington HTTP/1.1" 200 948 "-" "node-superagent/0.18.2"
170.75.162.130 - - [21/Sep/2015:09:43:31 -0700] "GET /lib/reccapi.php?resort=hoodoo HTTP/1.1" 200 974 "-" "node-superagent/0.18.2"
170.75.162.130 - - [21/Sep/2015:09:43:41 -0700] "GET /lib/reccapi.php?resort=cannonmountain HTTP/1.1" 200 954 "-" "node-superagent/0.18.2"
170.75.162.130 - - [21/Sep/2015:09:44:21 -0700] "GET /lib/reccapi.php?resort=mountbachelor HTTP/1.1" 200 964 "-" "node-superagent/0.18.2"
170.75.162.130 - - [21/Sep/2015:09:44:21 -0700] "GET /lib/reccapi.php?resort=mountainhigh HTTP/1.1" 200 1067 "-" "node-superagent/0.18.2"
170.75.162.130 - - [21/Sep/2015:09:44:21 -0700] "GET /lib/reccapi.php?resort=silverstarmountain HTTP/1.1" 200 927 "-" "node-superagent/0.18.2"
170.75.162.130 - - [21/Sep/2015:09:44:21 -0700] "GET /lib/reccapi.php?resort=redmountain HTTP/1.1" 200 900 "-" "node-superagent/0.18.2"
170.75.162.130 - - [21/Sep/2015:09:44:21 -0700] "GET /lib/reccapi.php?resort=mounthoodmeadows HTTP/1.1" 200 1024 "-" "node-superagent/0.18.2"
170.75.162.130 - - [21/Sep/2015:09:44:21 -0700] "GET /lib/reccapi.php?resort=mtrose HTTP/1.1" 200 931 "-" "node-superagent/0.18.2"
170.75.162.130 - - [21/Sep/2015:09:44:41 -0700] "GET /lib/reccapi.php?resort=sundayriver HTTP/1.1" 200 951 "-" "node-superagent/0.18.2"
180.76.15.7 - - [21/Sep/2015:09:44:51 -0700] "GET / HTTP/1.1" 200 6114 "-" "Mozilla/5.0 (compatible; Baiduspider/2.0; +http://www.baidu.com/search/spider.html)"
170.75.162.130 - - [21/Sep/2015:09:44:51 -0700] "GET /lib/reccapi.php?resort=snowbird HTTP/1.1" 200 943 "-" "node-superagent/0.18.2"
170.75.162.130 - - [21/Sep/2015:09:45:21 -0700] "GET /lib/reccapi.php?resort=sunvalley HTTP/1.1" 200 980 "-" "node-superagent/0.18.2"
170.75.162.130 - - [21/Sep/2015:09:45:42 -0700] "GET /lib/reccapi.php?resort=sunpeaksresort HTTP/1.1" 200 912 "-" "node-superagent/0.18.2"
180.76.15.154 - - [21/Sep/2015:09:45:48 -0700] "GET / HTTP/1.1" 200 6114 "-" "Mozilla/5.0 (compatible; Baiduspider/2.0; +http://www.baidu.com/search/spider.html)"
170.75.162.130 - - [21/Sep/2015:09:45:52 -0700] "GET /lib/reccapi.php?resort=telluride HTTP/1.1" 200 981 "-" "node-superagent/0.18.2"
173.167.99.17 - - [21/Sep/2015:09:46:52 -0700] "GET /images/wsis-logo-sm.png HTTP/1.1" 200 6108 "http://www.thebackcountry.net/" "Mozilla/5.0 (Windows NT 6.1; WOW64; rv:40.0) Gecko/20100101 Firefox/40.0"
170.75.162.130 - - [21/Sep/2015:10:01:13 -0700] "GET /lib/reccapi.php?resort=mammothmountain HTTP/1.1" 200 996 "-" "node-superagent/0.18.2"
71.140.31.214 - - [21/Sep/2015:10:01:27 -0700] "GET /images/wsis-logo-sm.png HTTP/1.1" 200 6108 "http://thebackcountry.net/" "Mozilla/4.0 (compatible; MSIE 8.0; Windows NT 5.1; Trident/4.0; .NET CLR 2.0.50727; .NET CLR 3.0.4506.2152; .NET CLR 3.5.30729; 786908940603; Build/14.08001)"
108.234.5.146 - - [21/Sep/2015:10:02:42 -0700] "GET /images/wsis-logo-sm.png HTTP/1.1" 200 6108 "http://www.thebackcountry.net/" "Mozilla/5.0 (Windows NT 6.1; WOW64) AppleWebKit/537.36 (KHTML, like Gecko) Chrome/45.0.2454.93 Safari/537.36"
157.55.39.29 - - [21/Sep/2015:10:25:36 -0700] "GET /about HTTP/1.1" 404 506 "-" "Mozilla/5.0 (compatible; bingbot/2.0; +http://www.bing.com/bingbot.htm)"
24.205.215.84 - - [21/Sep/2015:10:47:32 -0700] "GET /images/wsis-logo-sm.png HTTP/1.1" 200 6108 "http://thebackcountry.net/" "Mozilla/5.0 (Macintosh; Intel Mac OS X 10_10_5) AppleWebKit/600.8.9 (KHTML, like Gecko) Version/8.0.8 Safari/600.8.9"
218.246.34.99 - - [21/Sep/2015:10:49:39 -0700] "POST /index.action HTTP/1.1" 404 554 "-" "Mozilla/5.0"
218.246.34.99 - - [21/Sep/2015:10:49:45 -0700] "POST /index;jsessionid HTTP/1.1" 404 489 "-" "Mozilla/5.0"
218.246.34.99 - - [21/Sep/2015:10:49:48 -0700] "POST /login.do HTTP/1.1" 404 550 "-" "Mozilla/5.0"
170.75.162.130 - - [21/Sep/2015:10:52:47 -0700] "GET /lib/reccapi.php?resort=parkcity HTTP/1.1" 200 993 "-" "node-superagent/0.18.2"
170.75.162.130 - - [21/Sep/2015:10:52:47 -0700] "GET /lib/reccapi.php?resort=solitude HTTP/1.1" 200 957 "-" "node-superagent/0.18.2"
180.76.15.14 - - [21/Sep/2015:10:53:02 -0700] "GET / HTTP/1.1" 200 6114 "-" "Mozilla/5.0 (compatible; Baiduspider/2.0; +http://www.baidu.com/search/spider.html)"
180.76.15.162 - - [21/Sep/2015:10:53:24 -0700] "GET / HTTP/1.1" 200 6114 "-" "Mozilla/5.0 (compatible; Baiduspider/2.0; +http://www.baidu.com/search/spider.html)"
206.29.176.52 - - [21/Sep/2015:11:00:41 -0700] "GET /backbonetest.html HTTP/1.1" 404 506 "-" "Mozilla/5.0 (Macintosh; Intel Mac OS X 10_10_5) AppleWebKit/600.8.9 (KHTML, like Gecko) Version/8.0.8 Safari/600.8.9"
206.29.176.52 - - [21/Sep/2015:11:00:41 -0700] "GET /favicon.ico HTTP/1.1" 200 1475 "http://whereshouldiski.com/backbonetest.html" "Mozilla/5.0 (Macintosh; Intel Mac OS X 10_10_5) AppleWebKit/600.8.9 (KHTML, like Gecko) Version/8.0.8 Safari/600.8.9"
206.29.176.52 - - [21/Sep/2015:11:00:41 -0700] "GET /backbonetest.html HTTP/1.1" 404 505 "-" "Mozilla/5.0 (iPhone; CPU iPhone OS 8_1 like Mac OS X) AppleWebKit/600.1.4 (KHTML, like Gecko) Version/8.0 Mobile/12B410 Safari/600.1.4"
206.29.176.52 - - [21/Sep/2015:11:00:41 -0700] "GET /apple-touch-icon-precomposed.png HTTP/1.1" 404 521 "-" "com.apple.WebKit.WebContent/10600.8.9 CFNetwork/720.5.7 Darwin/14.5.0 (x86_64)"
206.29.176.52 - - [21/Sep/2015:11:00:41 -0700] "GET /apple-touch-icon.png HTTP/1.1" 404 512 "-" "com.apple.WebKit.WebContent/10600.8.9 CFNetwork/720.5.7 Darwin/14.5.0 (x86_64)"
170.75.162.130 - - [21/Sep/2015:11:02:38 -0700] "GET /lib/reccapi.php?resort=49degreesnorth HTTP/1.1" 200 992 "-" "node-superagent/0.18.2"
170.75.162.130 - - [21/Sep/2015:11:02:38 -0700] "GET /lib/reccapi.php?resort=arapahoebasin HTTP/1.1" 200 982 "-" "node-superagent/0.18.2"
170.75.162.130 - - [21/Sep/2015:11:02:38 -0700] "GET /lib/reccapi.php?resort=aspenheights HTTP/1.1" 200 995 "-" "node-superagent/0.18.2"
170.75.162.130 - - [21/Sep/2015:11:02:38 -0700] "GET /lib/reccapi.php?resort=aspenmountain HTTP/1.1" 200 985 "-" "node-superagent/0.18.2"
170.75.162.130 - - [21/Sep/2015:11:02:39 -0700] "GET /lib/reccapi.php?resort=bigsky HTTP/1.1" 200 972 "-" "node-superagent/0.18.2"
170.75.162.130 - - [21/Sep/2015:11:02:39 -0700] "GET /lib/reccapi.php?resort=buttermilk HTTP/1.1" 200 968 "-" "node-superagent/0.18.2"
170.75.162.130 - - [21/Sep/2015:11:02:39 -0700] "GET /lib/reccapi.php?resort=coppermountain HTTP/1.1" 200 980 "-" "node-superagent/0.18.2"
170.75.162.130 - - [21/Sep/2015:11:02:39 -0700] "GET /lib/reccapi.php?resort=crestedbutte HTTP/1.1" 200 964 "-" "node-superagent/0.18.2"
170.75.162.130 - - [21/Sep/2015:11:02:39 -0700] "GET /lib/reccapi.php?resort=keystone HTTP/1.1" 200 969 "-" "node-superagent/0.18.2"
170.75.162.130 - - [21/Sep/2015:11:02:39 -0700] "GET /lib/reccapi.php?resort=loveland HTTP/1.1" 200 965 "-" "node-superagent/0.18.2"
170.75.162.130 - - [21/Sep/2015:11:02:39 -0700] "GET /lib/reccapi.php?resort=madriverglen HTTP/1.1" 200 949 "-" "node-superagent/0.18.2"
170.75.162.130 - - [21/Sep/2015:11:02:39 -0700] "GET /lib/reccapi.php?resort=monarch HTTP/1.1" 200 944 "-" "node-superagent/0.18.2"
170.75.162.130 - - [21/Sep/2015:11:03:38 -0700] "GET /lib/reccapi.php?resort=sierra-at-tahoe HTTP/1.1" 200 977 "-" "node-superagent/0.18.2"
170.75.162.130 - - [21/Sep/2015:11:03:38 -0700] "GET /lib/reccapi.php?resort=snowmass HTTP/1.1" 200 960 "-" "node-superagent/0.18.2"
170.75.162.130 - - [21/Sep/2015:11:03:38 -0700] "GET /lib/reccapi.php?resort=steamboat HTTP/1.1" 200 971 "-" "node-superagent/0.18.2"
170.75.162.130 - - [21/Sep/2015:11:03:38 -0700] "GET /lib/reccapi.php?resort=stevenspass HTTP/1.1" 200 957 "-" "node-superagent/0.18.2"
170.75.162.130 - - [21/Sep/2015:11:03:38 -0700] "GET /lib/reccapi.php?resort=sugarloaf HTTP/1.1" 200 948 "-" "node-superagent/0.18.2"
170.75.162.130 - - [21/Sep/2015:11:03:38 -0700] "GET /lib/reccapi.php?resort=whitefacemountain HTTP/1.1" 200 961 "-" "node-superagent/0.18.2"
170.75.162.130 - - [21/Sep/2015:11:03:38 -0700] "GET /lib/reccapi.php?resort=canyons HTTP/1.1" 200 971 "-" "node-superagent/0.18.2"
170.75.162.130 - - [21/Sep/2015:11:03:38 -0700] "GET /lib/reccapi.php?resort=crystalmountain HTTP/1.1" 200 965 "-" "node-superagent/0.18.2"
170.75.162.130 - - [21/Sep/2015:11:03:38 -0700] "GET /lib/reccapi.php?resort=heavenly HTTP/1.1" 200 966 "-" "node-superagent/0.18.2"
170.75.162.130 - - [21/Sep/2015:11:03:38 -0700] "GET /lib/reccapi.php?resort=devilshead HTTP/1.1" 200 938 "-" "node-superagent/0.18.2"
170.75.162.130 - - [21/Sep/2015:11:03:38 -0700] "GET /lib/reccapi.php?resort=homewoodmountain HTTP/1.1" 200 969 "-" "node-superagent/0.18.2"
170.75.162.130 - - [21/Sep/2015:11:03:38 -0700] "GET /lib/reccapi.php?resort=kirkwood HTTP/1.1" 200 995 "-" "node-superagent/0.18.2"
170.75.162.130 - - [21/Sep/2015:11:03:43 -0700] "GET /lib/reccapi.php?resort=northstar-at-tahoe HTTP/1.1" 200 953 "-" "node-superagent/0.18.2"
170.75.162.130 - - [21/Sep/2015:11:03:48 -0700] "GET /lib/reccapi.php?resort=whistlerblackcomb HTTP/1.1" 200 920 "-" "node-superagent/0.18.2"
170.75.162.130 - - [21/Sep/2015:11:03:53 -0700] "GET /lib/reccapi.php?resort=wildcatmountain HTTP/1.1" 200 959 "-" "node-superagent/0.18.2"
170.75.162.130 - - [21/Sep/2015:11:03:58 -0700] "GET /lib/reccapi.php?resort=chinapeak HTTP/1.1" 200 976 "-" "node-superagent/0.18.2"
170.75.162.130 - - [21/Sep/2015:11:04:03 -0700] "GET /lib/reccapi.php?resort=redlodge HTTP/1.1" 200 1024 "-" "node-superagent/0.18.2"
170.75.162.130 - - [21/Sep/2015:11:04:08 -0700] "GET /lib/reccapi.php?resort=snowbasin HTTP/1.1" 200 964 "-" "node-superagent/0.18.2"
170.75.162.130 - - [21/Sep/2015:11:04:13 -0700] "GET /lib/reccapi.php?resort=schweitzer HTTP/1.1" 200 1009 "-" "node-superagent/0.18.2"
170.75.162.130 - - [21/Sep/2015:11:04:18 -0700] "GET /lib/reccapi.php?resort=sugarbowl HTTP/1.1" 200 945 "-" "node-superagent/0.18.2"
170.75.162.130 - - [21/Sep/2015:11:04:23 -0700] "GET /lib/reccapi.php?resort=mountspokane HTTP/1.1" 200 1017 "-" "node-superagent/0.18.2"
216.171.221.230 - - [21/Sep/2015:11:06:56 -0700] "GET /images/wsis-logo-sm.png HTTP/1.1" 200 6108 "http://www.thebackcountry.net/" "Mozilla/5.0 (Macintosh; Intel Mac OS X 10_9_5) AppleWebKit/537.36 (KHTML, like Gecko) Chrome/45.0.2454.85 Safari/537.36"
178.239.50.139 - - [21/Sep/2015:11:12:09 -0700] "GET /panel/phpmoadmin/moadmin.php HTTP/1.0" 404 518 "-" "-"
70.211.69.97 - - [21/Sep/2015:11:16:45 -0700] "GET /images/wsis-logo-sm.png HTTP/1.1" 200 6108 "http://www.thebackcountry.net/" "Mozilla/5.0 (Linux; Android 4.4.2; SCH-I435 Build/KOT49H) AppleWebKit/537.36 (KHTML, like Gecko) Chrome/45.0.2454.94 Mobile Safari/537.36"
70.211.69.97 - - [21/Sep/2015:11:16:51 -0700] "GET /images/wsis-logo-sm.png HTTP/1.1" 304 187 "http://www.thebackcountry.net/" "Mozilla/5.0 (Linux; Android 4.4.2; SCH-I435 Build/KOT49H) AppleWebKit/537.36 (KHTML, like Gecko) Chrome/45.0.2454.94 Mobile Safari/537.36"
12.183.180.235 - - [21/Sep/2015:11:19:44 -0700] "GET /images/wsis-logo-sm.png HTTP/1.1" 200 6108 "http://www.thebackcountry.net/" "Mozilla/5.0 (compatible; MSIE 9.0; Windows NT 6.1; WOW64; Trident/5.0)"
12.183.180.235 - - [21/Sep/2015:11:20:05 -0700] "-" 408 0 "-" "-"
67.54.220.69 - - [21/Sep/2015:11:25:32 -0700] "GET /images/wsis-logo-sm.png HTTP/1.1" 200 6071 "http://www.thebackcountry.net/" "Mozilla/5.0 (Macintosh; Intel Mac OS X 10.8; rv:40.0) Gecko/20100101 Firefox/40.0"
180.76.15.141 - - [21/Sep/2015:11:40:02 -0700] "GET / HTTP/1.1" 200 6114 "-" "Mozilla/5.0 (compatible; Baiduspider/2.0; +http://www.baidu.com/search/spider.html)"
180.76.15.17 - - [21/Sep/2015:11:40:27 -0700] "GET / HTTP/1.1" 200 6114 "-" "Mozilla/5.0 (compatible; Baiduspider/2.0; +http://www.baidu.com/search/spider.html)"
208.115.113.83 - - [21/Sep/2015:11:40:37 -0700] "GET /robots.txt HTTP/1.1" 200 319 "-" "Mozilla/5.0 (compatible; DotBot/1.1; http://www.opensiteexplorer.org/dotbot, help@moz.com)"
180.76.15.10 - - [21/Sep/2015:12:12:21 -0700] "GET /resorts?resort=homewoodmountain&date=2014-04-29 HTTP/1.1" 404 472 "-" "Mozilla/5.0 (compatible; Baiduspider/2.0; +http://www.baidu.com/search/spider.html)"
208.115.113.83 - - [21/Sep/2015:12:24:32 -0700] "GET /resorts?resort=brighton HTTP/1.1" 404 476 "-" "Mozilla/5.0 (compatible; DotBot/1.1; http://www.opensiteexplorer.org/dotbot, help@moz.com)"
170.75.162.130 - - [21/Sep/2015:12:29:34 -0700] "GET /lib/reccapi.php?resort=angelfire HTTP/1.1" 200 991 "-" "node-superagent/0.18.2"
173.208.177.130 - - [21/Sep/2015:12:49:49 -0700] "GET /robots.txt HTTP/1.0" 200 338 "-" "Mozilla/5.0 (compatible; MJ12bot/v1.4.5; http://www.majestic12.co.uk/bot.php?+)"
173.208.177.130 - - [21/Sep/2015:12:49:51 -0700] "GET /resorts?resort=cannonmountain HTTP/1.0" 404 495 "-" "Mozilla/5.0 (compatible; MJ12bot/v1.4.5; http://www.majestic12.co.uk/bot.php?+)"
67.180.164.100 - - [21/Sep/2015:12:55:57 -0700] "GET /images/wsis-logo-sm.png HTTP/1.1" 200 6108 "http://www.thebackcountry.net/" "Mozilla/5.0 (Macintosh; Intel Mac OS X 10_9_5) AppleWebKit/537.36 (KHTML, like Gecko) Chrome/45.0.2454.85 Safari/537.36"
180.76.15.25 - - [21/Sep/2015:13:01:49 -0700] "GET / HTTP/1.1" 200 2339 "-" "Mozilla/5.0 (compatible; Baiduspider/2.0; +http://www.baidu.com/search/spider.html)"
68.180.229.34 - - [21/Sep/2015:13:09:51 -0700] "GET /robots.txt HTTP/1.1" 200 319 "-" "Mozilla/5.0 (compatible; Yahoo! Slurp; http://help.yahoo.com/help/us/ysearch/slurp)"
68.180.229.34 - - [21/Sep/2015:13:09:52 -0700] "GET /resorts?resort=whitefacemountain HTTP/1.1" 404 450 "-" "Mozilla/5.0 (compatible; Yahoo! Slurp; http://help.yahoo.com/help/us/ysearch/slurp)"
107.199.243.58 - - [21/Sep/2015:13:12:31 -0700] "GET /images/wsis-logo-sm.png HTTP/1.1" 200 6108 "http://www.thebackcountry.net/" "Mozilla/5.0 (iPad; CPU OS 9_0 like Mac OS X) AppleWebKit/600.1.4 (KHTML, like Gecko) GSA/8.0.57838 Mobile/13A344 Safari/600.1.4"
