206.29.176.51 - - [04/Jan/2016:13:20:14 -0800] "GET /images/mtns-icon.png HTTP/1.1" 200 1097 "http://whereshouldiski.com/" "Mozilla/5.0 (Macintosh; Intel Mac OS X 10_10_5) AppleWebKit/600.8.9 (KHTML, like Gecko) WebClip/10601.2.3 Safari/10601.2.7.2"
206.29.176.51 - - [04/Jan/2016:13:20:14 -0800] "GET /images/bluebird5.png HTTP/1.1" 200 2178 "http://whereshouldiski.com/" "Mozilla/5.0 (Macintosh; Intel Mac OS X 10_10_5) AppleWebKit/600.8.9 (KHTML, like Gecko) WebClip/10601.2.3 Safari/10601.2.7.2"
206.29.176.51 - - [04/Jan/2016:13:20:15 -0800] "GET /images/shading-icon.png HTTP/1.1" 200 537 "http://whereshouldiski.com/" "Mozilla/5.0 (Macintosh; Intel Mac OS X 10_10_5) AppleWebKit/600.8.9 (KHTML, like Gecko) WebClip/10601.2.3 Safari/10601.2.7.2"
127.0.0.1 - - [04/Jan/2016:13:20:22 -0800] "OPTIONS * HTTP/1.0" 200 126 "-" "Apache/2.2.22 (Ubuntu) (internal dummy connection)"
170.75.162.130 - - [04/Jan/2016:13:20:28 -0800] "GET /lib/reccapi.php?resort=mammothmountain HTTP/1.1" 200 1072 "-" "node-superagent/1.4.0"
206.29.176.51 - - [04/Jan/2016:13:22:31 -0800] "GET /lib/reccapi.php?fields=t&coords=47.59269844647129,-122.30551707003303&distance=100 HTTP/1.1" 200 1589 "http://whereshouldiski.com/" "Mozilla/5.0 (Macintosh; Intel Mac OS X 10_10_5) AppleWebKit/601.2.7 (KHTML, like Gecko) Version/9.0.1 Safari/601.2.7"
206.29.176.51 - - [04/Jan/2016:13:22:33 -0800] "GET /lib/reccapi.php?fields=t&coords=47.59269844647129,-122.30551707003303 HTTP/1.1" 200 2129 "http://whereshouldiski.com/" "Mozilla/5.0 (Macintosh; Intel Mac OS X 10_10_5) AppleWebKit/601.2.7 (KHTML, like Gecko) Version/9.0.1 Safari/601.2.7"
206.29.176.51 - - [04/Jan/2016:13:22:41 -0800] "GET /lib/reccapi.php?fields=t&coords=47.59269844647129,-122.30551707003303 HTTP/1.1" 200 2130 "http://whereshouldiski.com/" "Mozilla/5.0 (Macintosh; Intel Mac OS X 10_10_5) AppleWebKit/601.2.7 (KHTML, like Gecko) Version/9.0.1 Safari/601.2.7"
73.162.78.224 - - [04/Jan/2016:13:25:17 -0800] "GET /images/wsis-logo-sm.png HTTP/1.1" 200 6108 "http://www.thebackcountry.net/" "Mozilla/5.0 (Macintosh; Intel Mac OS X 10_11_2) AppleWebKit/601.3.9 (KHTML, like Gecko) Version/9.0.2 Safari/601.3.9"
188.68.224.62 - - [04/Jan/2016:13:25:56 -0800] "GET http://dhg.pisz.pl/httptest.php HTTP/1.1" 404 444 "-" "-"
180.76.15.12 - - [04/Jan/2016:13:33:42 -0800] "GET / HTTP/1.1" 200 6995 "-" "Mozilla/5.0 (compatible; Baiduspider/2.0; +http://www.baidu.com/search/spider.html)"
180.76.15.14 - - [04/Jan/2016:13:34:40 -0800] "GET / HTTP/1.1" 200 6995 "-" "Mozilla/5.0 (compatible; Baiduspider/2.0; +http://www.baidu.com/search/spider.html)"
141.8.143.217 - - [04/Jan/2016:13:35:54 -0800] "GET /robots.txt HTTP/1.1" 200 375 "-" "Mozilla/5.0 (compatible; YandexBot/3.0; +http://yandex.com/bots)"
100.43.91.17 - - [04/Jan/2016:13:35:55 -0800] "GET /robots.txt HTTP/1.1" 200 375 "-" "Mozilla/5.0 (compatible; YandexBot/3.0; +http://yandex.com/bots)"
141.8.143.217 - - [04/Jan/2016:13:35:55 -0800] "GET /robots.txt HTTP/1.1" 200 374 "-" "Mozilla/5.0 (compatible; YandexBot/3.0; +http://yandex.com/bots)"
141.8.143.217 - - [04/Jan/2016:13:35:58 -0800] "GET / HTTP/1.1" 200 2614 "-" "Mozilla/5.0 (compatible; YandexBot/3.0; +http://yandex.com/bots)"
141.8.143.217 - - [04/Jan/2016:13:35:58 -0800] "GET / HTTP/1.1" 200 2614 "-" "Mozilla/5.0 (compatible; YandexBot/3.0; +http://yandex.com/bots)"
100.43.91.17 - - [04/Jan/2016:13:35:58 -0800] "GET / HTTP/1.1" 200 2614 "-" "Mozilla/5.0 (compatible; YandexBot/3.0; +http://yandex.com/bots)"
141.8.143.217 - - [04/Jan/2016:13:36:02 -0800] "GET / HTTP/1.1" 200 2614 "-" "Mozilla/5.0 (compatible; YandexBot/3.0; +http://yandex.com/bots)"
100.43.91.17 - - [04/Jan/2016:13:36:02 -0800] "GET / HTTP/1.1" 200 2614 "-" "Mozilla/5.0 (compatible; YandexBot/3.0; +http://yandex.com/bots)"
141.8.143.217 - - [04/Jan/2016:13:36:03 -0800] "GET / HTTP/1.1" 200 2614 "-" "Mozilla/5.0 (compatible; YandexBot/3.0; +http://yandex.com/bots)"
96.90.230.201 - - [04/Jan/2016:13:39:01 -0800] "GET /images/wsis-logo-sm.png HTTP/1.1" 200 6108 "http://www.thebackcountry.net/" "Mozilla/5.0 (Windows NT 6.1; WOW64) AppleWebKit/537.36 (KHTML, like Gecko) Chrome/47.0.2526.106 Safari/537.36"
170.75.162.130 - - [04/Jan/2016:13:42:01 -0800] "GET /lib/reccapi.php?resort=parkcity HTTP/1.1" 200 1014 "-" "node-superagent/1.4.0"
220.181.108.113 - - [04/Jan/2016:13:48:03 -0800] "GET / HTTP/1.1" 200 2578 "-" "Mozilla/5.0 (Windows NT 5.1; rv:6.0.2) Gecko/20100101 Firefox/6.0.2"
220.181.108.109 - - [04/Jan/2016:13:48:09 -0800] "GET / HTTP/1.1" 200 6995 "-" "Mozilla/5.0 (Windows NT 5.1; rv:6.0.2) Gecko/20100101 Firefox/6.0.2"
69.224.68.232 - - [04/Jan/2016:13:50:01 -0800] "GET /images/wsis-logo-sm.png HTTP/1.1" 200 6108 "http://www.thebackcountry.net/" "Mozilla/5.0 (Macintosh; Intel Mac OS X 10_11_2) AppleWebKit/601.3.9 (KHTML, like Gecko) Version/9.0.2 Safari/601.3.9"
170.75.162.130 - - [04/Jan/2016:13:52:02 -0800] "GET /lib/reccapi.php?resort=49degreesnorth HTTP/1.1" 200 1034 "-" "node-superagent/1.4.0"
170.75.162.130 - - [04/Jan/2016:13:56:13 -0800] "GET /lib/reccapi.php?resort=arapahoebasin HTTP/1.1" 200 986 "-" "node-superagent/1.4.0"
71.140.31.214 - - [04/Jan/2016:13:56:14 -0800] "GET /images/wsis-logo-sm.png HTTP/1.1" 200 6108 "http://thebackcountry.net/" "Mozilla/4.0 (compatible; MSIE 8.0; Windows NT 5.1; Trident/4.0; .NET CLR 2.0.50727; .NET CLR 3.0.4506.2152; .NET CLR 3.5.30729; 786908940603; Build/14.08001)"
24.193.83.196 - - [04/Jan/2016:14:04:16 -0800] "GET / HTTP/1.1" 200 2615 "https://www.google.com/" "Mozilla/5.0 (X11; CrOS x86_64 7520.63.0) AppleWebKit/537.36 (KHTML, like Gecko) Chrome/47.0.2526.106 Safari/537.36"
24.193.83.196 - - [04/Jan/2016:14:04:17 -0800] "GET /styles/ee08faa9.main.css HTTP/1.1" 200 19446 "http://whereshouldiski.com/" "Mozilla/5.0 (X11; CrOS x86_64 7520.63.0) AppleWebKit/537.36 (KHTML, like Gecko) Chrome/47.0.2526.106 Safari/537.36"
24.193.83.196 - - [04/Jan/2016:14:04:17 -0800] "GET /scripts/scripts/vendor/modernizr.js HTTP/1.1" 200 4903 "http://whereshouldiski.com/" "Mozilla/5.0 (X11; CrOS x86_64 7520.63.0) AppleWebKit/537.36 (KHTML, like Gecko) Chrome/47.0.2526.106 Safari/537.36"
24.193.83.196 - - [04/Jan/2016:14:04:17 -0800] "GET /images/logo-square-white-sm.png HTTP/1.1" 200 1683 "http://whereshouldiski.com/" "Mozilla/5.0 (X11; CrOS x86_64 7520.63.0) AppleWebKit/537.36 (KHTML, like Gecko) Chrome/47.0.2526.106 Safari/537.36"
24.193.83.196 - - [04/Jan/2016:14:04:17 -0800] "GET /images/loading.gif HTTP/1.1" 200 13881 "http://whereshouldiski.com/" "Mozilla/5.0 (X11; CrOS x86_64 7520.63.0) AppleWebKit/537.36 (KHTML, like Gecko) Chrome/47.0.2526.106 Safari/537.36"
24.193.83.196 - - [04/Jan/2016:14:04:17 -0800] "GET /bower_components/requirejs/require.js HTTP/1.1" 200 6702 "http://whereshouldiski.com/" "Mozilla/5.0 (X11; CrOS x86_64 7520.63.0) AppleWebKit/537.36 (KHTML, like Gecko) Chrome/47.0.2526.106 Safari/537.36"
24.193.83.196 - - [04/Jan/2016:14:04:18 -0800] "GET /scripts/fa48e319.main.js HTTP/1.1" 200 123455 "http://whereshouldiski.com/" "Mozilla/5.0 (X11; CrOS x86_64 7520.63.0) AppleWebKit/537.36 (KHTML, like Gecko) Chrome/47.0.2526.106 Safari/537.36"
24.193.83.196 - - [04/Jan/2016:14:04:19 -0800] "GET /lib/reccapi.php?fields=t HTTP/1.1" 200 1934 "http://whereshouldiski.com/" "Mozilla/5.0 (X11; CrOS x86_64 7520.63.0) AppleWebKit/537.36 (KHTML, like Gecko) Chrome/47.0.2526.106 Safari/537.36"
24.193.83.196 - - [04/Jan/2016:14:04:19 -0800] "GET /images/button.png HTTP/1.1" 200 598 "http://whereshouldiski.com/styles/ee08faa9.main.css" "Mozilla/5.0 (X11; CrOS x86_64 7520.63.0) AppleWebKit/537.36 (KHTML, like Gecko) Chrome/47.0.2526.106 Safari/537.36"
24.193.83.196 - - [04/Jan/2016:14:04:19 -0800] "GET /images/greyHeader.png HTTP/1.1" 200 508 "http://whereshouldiski.com/styles/ee08faa9.main.css" "Mozilla/5.0 (X11; CrOS x86_64 7520.63.0) AppleWebKit/537.36 (KHTML, like Gecko) Chrome/47.0.2526.106 Safari/537.36"
24.193.83.196 - - [04/Jan/2016:14:04:19 -0800] "GET /favicon.ico HTTP/1.1" 200 4613 "http://whereshouldiski.com/" "Mozilla/5.0 (X11; CrOS x86_64 7520.63.0) AppleWebKit/537.36 (KHTML, like Gecko) Chrome/47.0.2526.106 Safari/537.36"
24.193.83.196 - - [04/Jan/2016:14:04:19 -0800] "GET /images/snowflake5.png HTTP/1.1" 200 2857 "http://whereshouldiski.com/styles/ee08faa9.main.css" "Mozilla/5.0 (X11; CrOS x86_64 7520.63.0) AppleWebKit/537.36 (KHTML, like Gecko) Chrome/47.0.2526.106 Safari/537.36"
24.193.83.196 - - [04/Jan/2016:14:04:19 -0800] "GET /images/star5.png HTTP/1.1" 200 1783 "http://whereshouldiski.com/styles/ee08faa9.main.css" "Mozilla/5.0 (X11; CrOS x86_64 7520.63.0) AppleWebKit/537.36 (KHTML, like Gecko) Chrome/47.0.2526.106 Safari/537.36"
24.193.83.196 - - [04/Jan/2016:14:04:19 -0800] "GET /images/bluebird5.png HTTP/1.1" 200 2177 "http://whereshouldiski.com/styles/ee08faa9.main.css" "Mozilla/5.0 (X11; CrOS x86_64 7520.63.0) AppleWebKit/537.36 (KHTML, like Gecko) Chrome/47.0.2526.106 Safari/537.36"
24.193.83.196 - - [04/Jan/2016:14:04:19 -0800] "GET /images/shading-icon.png HTTP/1.1" 200 537 "http://whereshouldiski.com/styles/ee08faa9.main.css" "Mozilla/5.0 (X11; CrOS x86_64 7520.63.0) AppleWebKit/537.36 (KHTML, like Gecko) Chrome/47.0.2526.106 Safari/537.36"
24.193.83.196 - - [04/Jan/2016:14:04:19 -0800] "GET /images/mtns-icon.png HTTP/1.1" 200 1096 "http://whereshouldiski.com/styles/ee08faa9.main.css" "Mozilla/5.0 (X11; CrOS x86_64 7520.63.0) AppleWebKit/537.36 (KHTML, like Gecko) Chrome/47.0.2526.106 Safari/537.36"
24.193.83.196 - - [04/Jan/2016:14:04:30 -0800] "GET /lib/reccapi.php?fields=t&region=BritishColumbia HTTP/1.1" 200 1542 "http://whereshouldiski.com/" "Mozilla/5.0 (X11; CrOS x86_64 7520.63.0) AppleWebKit/537.36 (KHTML, like Gecko) Chrome/47.0.2526.106 Safari/537.36"
24.193.83.196 - - [04/Jan/2016:14:04:30 -0800] "GET /images/greenHeader.png HTTP/1.1" 200 508 "http://whereshouldiski.com/styles/ee08faa9.main.css" "Mozilla/5.0 (X11; CrOS x86_64 7520.63.0) AppleWebKit/537.36 (KHTML, like Gecko) Chrome/47.0.2526.106 Safari/537.36"
170.75.162.130 - - [04/Jan/2016:14:06:04 -0800] "GET /lib/reccapi.php?resort=alta HTTP/1.1" 200 968 "-" "node-superagent/1.4.0"
170.75.162.130 - - [04/Jan/2016:14:06:24 -0800] "GET /lib/reccapi.php?resort=angelfire HTTP/1.1" 200 976 "-" "node-superagent/1.4.0"
170.75.162.130 - - [04/Jan/2016:14:06:24 -0800] "GET /lib/reccapi.php?resort=aspenheights HTTP/1.1" 200 1004 "-" "node-superagent/1.4.0"
170.75.162.130 - - [04/Jan/2016:14:06:44 -0800] "GET /lib/reccapi.php?resort=aspenmountain HTTP/1.1" 200 957 "-" "node-superagent/1.4.0"
66.249.79.227 - - [04/Jan/2016:14:08:22 -0800] "GET /lib/reccapi.php?resort=mountbaker&date=2015-12-18 HTTP/1.1" 200 1072 "http://whereshouldiski.com/" "Mozilla/5.0 (compatible; Googlebot/2.1; +http://www.google.com/bot.html)"
66.249.79.220 - - [04/Jan/2016:14:08:24 -0800] "GET /lib/reccapi.php?fields=t&date=2015-12-18&coords=48.86%2C-121.68&size=7&sort=distance HTTP/1.1" 200 1457 "http://whereshouldiski.com/" "Mozilla/5.0 (compatible; Googlebot/2.1; +http://www.google.com/bot.html)"
66.249.79.220 - - [04/Jan/2016:14:08:25 -0800] "GET /lib/resortDataSearchD3.php?size=7&sortDate=T&resort=mountbaker&dateStart=2015-12-16 HTTP/1.1" 200 877 "http://whereshouldiski.com/" "Mozilla/5.0 (compatible; Googlebot/2.1; +http://www.google.com/bot.html)"
157.55.39.40 - - [04/Jan/2016:14:14:07 -0800] "GET /robots.txt HTTP/1.1" 200 375 "-" "Mozilla/5.0 (compatible; bingbot/2.0; +http://www.bing.com/bingbot.htm)"
157.55.39.40 - - [04/Jan/2016:14:14:15 -0800] "GET / HTTP/1.1" 200 2615 "-" "Mozilla/5.0 (compatible; bingbot/2.0; +http://www.bing.com/bingbot.htm)"
170.75.162.130 - - [04/Jan/2016:14:17:36 -0800] "GET /lib/reccapi.php?resort=kirkwood HTTP/1.1" 200 1073 "-" "node-superagent/1.4.0"
71.93.65.4 - - [04/Jan/2016:14:28:57 -0800] "GET /images/wsis-logo-sm.png HTTP/1.1" 200 6108 "http://www.thebackcountry.net/" "Mozilla/5.0 (Macintosh; Intel Mac OS X 10_11_2) AppleWebKit/601.3.9 (KHTML, like Gecko) Version/9.0.2 Safari/601.3.9"
73.151.93.254 - - [04/Jan/2016:14:29:40 -0800] "GET /images/wsis-logo-sm.png HTTP/1.1" 200 6108 "http://www.thebackcountry.net/" "Mozilla/5.0 (Windows NT 10.0; WOW64) AppleWebKit/537.36 (KHTML, like Gecko) Chrome/47.0.2526.106 Safari/537.36"
98.248.227.95 - - [04/Jan/2016:14:32:03 -0800] "GET /images/wsis-logo-sm.png HTTP/1.1" 200 6108 "http://www.thebackcountry.net/" "Mozilla/5.0 (Windows NT 6.1; WOW64) AppleWebKit/537.36 (KHTML, like Gecko) Chrome/47.0.2526.106 Safari/537.36"
180.76.15.147 - - [04/Jan/2016:14:33:49 -0800] "GET / HTTP/1.1" 200 6995 "-" "Mozilla/5.0 (compatible; Baiduspider/2.0; +http://www.baidu.com/search/spider.html)"
180.76.15.152 - - [04/Jan/2016:14:34:40 -0800] "GET / HTTP/1.1" 200 6995 "-" "Mozilla/5.0 (compatible; Baiduspider/2.0; +http://www.baidu.com/search/spider.html)"
70.234.218.169 - - [04/Jan/2016:14:36:03 -0800] "GET /images/wsis-logo-sm.png HTTP/1.1" 200 6108 "http://www.thebackcountry.net/" "Mozilla/5.0 (Windows NT 6.3; WOW64) AppleWebKit/537.36 (KHTML, like Gecko) Chrome/47.0.2526.106 Safari/537.36"
76.209.129.163 - - [04/Jan/2016:14:36:53 -0800] "GET /images/wsis-logo-sm.png HTTP/1.1" 200 6108 "http://www.thebackcountry.net/" "Mozilla/5.0 (Windows NT 6.1; WOW64; rv:43.0) Gecko/20100101 Firefox/43.0"
195.154.227.118 - - [04/Jan/2016:14:37:50 -0800] "HEAD /wp-trackback.php HTTP/" 404 182 "-" "Mozilla/4.0 (compatible; MSIE 6.0; Windows NT 5.1; SV1; .NET CLR 2.0.50727)"
170.75.162.130 - - [04/Jan/2016:14:39:49 -0800] "GET /lib/reccapi.php?resort=heavenly HTTP/1.1" 200 1057 "-" "node-superagent/1.4.0"
31.184.132.21 - - [04/Jan/2016:14:49:53 -0800] "GET / HTTP/1.1" 200 2615 "http://whereshouldiski.com/" "Mozilla/5.0 (compatible; ParsijooBot; +http://www.parsijoo.ir/; crawler@parsijoo.ir)"
170.75.162.130 - - [04/Jan/2016:14:51:10 -0800] "GET /lib/reccapi.php?resort=jaypeak HTTP/1.1" 200 1001 "-" "node-superagent/1.4.0"
170.75.162.130 - - [04/Jan/2016:14:51:10 -0800] "GET /lib/reccapi.php?resort=killington HTTP/1.1" 200 985 "-" "node-superagent/1.4.0"
170.75.162.130 - - [04/Jan/2016:14:51:10 -0800] "GET /lib/reccapi.php?resort=madriverglen HTTP/1.1" 200 997 "-" "node-superagent/1.4.0"
170.75.162.130 - - [04/Jan/2016:14:51:10 -0800] "GET /lib/reccapi.php?resort=smugglersnotch HTTP/1.1" 200 993 "-" "node-superagent/1.4.0"
166.137.242.91 - - [04/Jan/2016:14:54:11 -0800] "GET /images/wsis-logo-sm.png HTTP/1.1" 200 6108 "http://www.thebackcountry.net/" "Mozilla/5.0 (iPhone; CPU iPhone OS 6_1_3 like Mac OS X) AppleWebKit/536.26 (KHTML, like Gecko) Version/6.0 Mobile/10B329 Safari/8536.25"
50.174.16.92 - - [04/Jan/2016:14:55:27 -0800] "GET /images/wsis-logo-sm.png HTTP/1.1" 200 6108 "http://www.thebackcountry.net/" "Mozilla/5.0 (Windows NT 6.1; WOW64) AppleWebKit/537.36 (KHTML, like Gecko) Chrome/47.0.2526.106 Safari/537.36"
50.174.16.92 - - [04/Jan/2016:14:55:49 -0800] "GET / HTTP/1.1" 200 2615 "http://www.thebackcountry.net/" "Mozilla/5.0 (Windows NT 6.1; WOW64) AppleWebKit/537.36 (KHTML, like Gecko) Chrome/47.0.2526.106 Safari/537.36"
50.174.16.92 - - [04/Jan/2016:14:55:49 -0800] "GET /styles/ee08faa9.main.css HTTP/1.1" 200 19446 "http://whereshouldiski.com/" "Mozilla/5.0 (Windows NT 6.1; WOW64) AppleWebKit/537.36 (KHTML, like Gecko) Chrome/47.0.2526.106 Safari/537.36"
50.174.16.92 - - [04/Jan/2016:14:55:49 -0800] "GET /scripts/scripts/vendor/modernizr.js HTTP/1.1" 200 4903 "http://whereshouldiski.com/" "Mozilla/5.0 (Windows NT 6.1; WOW64) AppleWebKit/537.36 (KHTML, like Gecko) Chrome/47.0.2526.106 Safari/537.36"
50.174.16.92 - - [04/Jan/2016:14:55:49 -0800] "GET /images/logo-square-white-sm.png HTTP/1.1" 200 1684 "http://whereshouldiski.com/" "Mozilla/5.0 (Windows NT 6.1; WOW64) AppleWebKit/537.36 (KHTML, like Gecko) Chrome/47.0.2526.106 Safari/537.36"
50.174.16.92 - - [04/Jan/2016:14:55:49 -0800] "GET /bower_components/requirejs/require.js HTTP/1.1" 200 6702 "http://whereshouldiski.com/" "Mozilla/5.0 (Windows NT 6.1; WOW64) AppleWebKit/537.36 (KHTML, like Gecko) Chrome/47.0.2526.106 Safari/537.36"
50.174.16.92 - - [04/Jan/2016:14:55:49 -0800] "GET /images/loading.gif HTTP/1.1" 200 13881 "http://whereshouldiski.com/" "Mozilla/5.0 (Windows NT 6.1; WOW64) AppleWebKit/537.36 (KHTML, like Gecko) Chrome/47.0.2526.106 Safari/537.36"
50.174.16.92 - - [04/Jan/2016:14:55:49 -0800] "GET /scripts/fa48e319.main.js HTTP/1.1" 200 123455 "http://whereshouldiski.com/" "Mozilla/5.0 (Windows NT 6.1; WOW64) AppleWebKit/537.36 (KHTML, like Gecko) Chrome/47.0.2526.106 Safari/537.36"
50.174.16.92 - - [04/Jan/2016:14:55:50 -0800] "GET /images/button.png HTTP/1.1" 200 598 "http://whereshouldiski.com/styles/ee08faa9.main.css" "Mozilla/5.0 (Windows NT 6.1; WOW64) AppleWebKit/537.36 (KHTML, like Gecko) Chrome/47.0.2526.106 Safari/537.36"
50.174.16.92 - - [04/Jan/2016:14:55:50 -0800] "GET /images/greyHeader.png HTTP/1.1" 200 508 "http://whereshouldiski.com/styles/ee08faa9.main.css" "Mozilla/5.0 (Windows NT 6.1; WOW64) AppleWebKit/537.36 (KHTML, like Gecko) Chrome/47.0.2526.106 Safari/537.36"
50.174.16.92 - - [04/Jan/2016:14:55:50 -0800] "GET /favicon.ico HTTP/1.1" 200 4612 "http://whereshouldiski.com/" "Mozilla/5.0 (Windows NT 6.1; WOW64) AppleWebKit/537.36 (KHTML, like Gecko) Chrome/47.0.2526.106 Safari/537.36"
50.174.16.92 - - [04/Jan/2016:14:55:50 -0800] "GET /lib/reccapi.php?fields=t HTTP/1.1" 200 1934 "http://whereshouldiski.com/" "Mozilla/5.0 (Windows NT 6.1; WOW64) AppleWebKit/537.36 (KHTML, like Gecko) Chrome/47.0.2526.106 Safari/537.36"
50.174.16.92 - - [04/Jan/2016:14:55:50 -0800] "GET /images/star5.png HTTP/1.1" 200 1783 "http://whereshouldiski.com/styles/ee08faa9.main.css" "Mozilla/5.0 (Windows NT 6.1; WOW64) AppleWebKit/537.36 (KHTML, like Gecko) Chrome/47.0.2526.106 Safari/537.36"
50.174.16.92 - - [04/Jan/2016:14:55:50 -0800] "GET /images/snowflake5.png HTTP/1.1" 200 2857 "http://whereshouldiski.com/styles/ee08faa9.main.css" "Mozilla/5.0 (Windows NT 6.1; WOW64) AppleWebKit/537.36 (KHTML, like Gecko) Chrome/47.0.2526.106 Safari/537.36"
50.174.16.92 - - [04/Jan/2016:14:55:50 -0800] "GET /images/mtns-icon.png HTTP/1.1" 200 1096 "http://whereshouldiski.com/styles/ee08faa9.main.css" "Mozilla/5.0 (Windows NT 6.1; WOW64) AppleWebKit/537.36 (KHTML, like Gecko) Chrome/47.0.2526.106 Safari/537.36"
50.174.16.92 - - [04/Jan/2016:14:55:51 -0800] "GET /images/bluebird5.png HTTP/1.1" 200 2177 "http://whereshouldiski.com/styles/ee08faa9.main.css" "Mozilla/5.0 (Windows NT 6.1; WOW64) AppleWebKit/537.36 (KHTML, like Gecko) Chrome/47.0.2526.106 Safari/537.36"
50.174.16.92 - - [04/Jan/2016:14:55:51 -0800] "GET /images/shading-icon.png HTTP/1.1" 200 537 "http://whereshouldiski.com/styles/ee08faa9.main.css" "Mozilla/5.0 (Windows NT 6.1; WOW64) AppleWebKit/537.36 (KHTML, like Gecko) Chrome/47.0.2526.106 Safari/537.36"
67.169.13.33 - - [04/Jan/2016:14:59:28 -0800] "GET /images/wsis-logo-sm.png HTTP/1.1" 200 6108 "http://www.thebackcountry.net/" "Mozilla/5.0 (Windows NT 6.1) AppleWebKit/537.36 (KHTML, like Gecko) Chrome/47.0.2526.106 Safari/537.36"
185.130.5.224 - - [04/Jan/2016:15:02:16 -0800] "GET /server-status?HTTP_POST=%\"%6346#%#/&#736%\"#423|;&HTTP_CGI_GET=GRESYYK\"K&J\"#L523D2G23H23 HTTP/1.0" 403 526 "-" "apache 0day by @hxmonsegur"
170.75.162.130 - - [04/Jan/2016:15:12:23 -0800] "GET /lib/reccapi.php?resort=telluride HTTP/1.1" 200 985 "-" "node-superagent/1.4.0"
170.75.162.130 - - [04/Jan/2016:15:22:25 -0800] "GET /lib/reccapi.php?resort=sierra-at-tahoe HTTP/1.1" 200 1055 "-" "node-superagent/1.4.0"
195.154.146.225 - - [04/Jan/2016:15:24:57 -0800] "HEAD /wp-trackback.php HTTP/" 404 182 "-" "Mozilla/4.0 (compatible; MSIE 6.0; Windows NT 5.1; SV1; .NET CLR 2.0.50727)"
170.75.162.130 - - [04/Jan/2016:15:27:27 -0800] "GET /lib/reccapi.php?resort=snowmass HTTP/1.1" 200 978 "-" "node-superagent/1.4.0"
170.75.162.130 - - [04/Jan/2016:15:30:07 -0800] "GET /lib/reccapi.php?resort=sunvalley HTTP/1.1" 200 997 "-" "node-superagent/1.4.0"
98.210.231.144 - - [04/Jan/2016:15:30:35 -0800] "GET /images/wsis-logo-sm.png HTTP/1.1" 200 6108 "http://www.thebackcountry.net/" "Mozilla/5.0 (Macintosh; Intel Mac OS X 10_11_2) AppleWebKit/601.3.9 (KHTML, like Gecko) Version/9.0.2 Safari/601.3.9"
98.210.231.144 - - [04/Jan/2016:15:30:45 -0800] "GET / HTTP/1.1" 200 2615 "http://www.thebackcountry.net/" "Mozilla/5.0 (Macintosh; Intel Mac OS X 10_11_2) AppleWebKit/601.3.9 (KHTML, like Gecko) Version/9.0.2 Safari/601.3.9"
98.210.231.144 - - [04/Jan/2016:15:30:45 -0800] "GET /styles/ee08faa9.main.css HTTP/1.1" 200 19446 "http://whereshouldiski.com/" "Mozilla/5.0 (Macintosh; Intel Mac OS X 10_11_2) AppleWebKit/601.3.9 (KHTML, like Gecko) Version/9.0.2 Safari/601.3.9"
98.210.231.144 - - [04/Jan/2016:15:30:45 -0800] "GET /scripts/scripts/vendor/modernizr.js HTTP/1.1" 200 4903 "http://whereshouldiski.com/" "Mozilla/5.0 (Macintosh; Intel Mac OS X 10_11_2) AppleWebKit/601.3.9 (KHTML, like Gecko) Version/9.0.2 Safari/601.3.9"
98.210.231.144 - - [04/Jan/2016:15:30:45 -0800] "GET /bower_components/requirejs/require.js HTTP/1.1" 200 6702 "http://whereshouldiski.com/" "Mozilla/5.0 (Macintosh; Intel Mac OS X 10_11_2) AppleWebKit/601.3.9 (KHTML, like Gecko) Version/9.0.2 Safari/601.3.9"
98.210.231.144 - - [04/Jan/2016:15:30:45 -0800] "GET /images/logo-square-white-sm.png HTTP/1.1" 200 1683 "http://whereshouldiski.com/" "Mozilla/5.0 (Macintosh; Intel Mac OS X 10_11_2) AppleWebKit/601.3.9 (KHTML, like Gecko) Version/9.0.2 Safari/601.3.9"
98.210.231.144 - - [04/Jan/2016:15:30:45 -0800] "GET /images/loading.gif HTTP/1.1" 200 13881 "http://whereshouldiski.com/" "Mozilla/5.0 (Macintosh; Intel Mac OS X 10_11_2) AppleWebKit/601.3.9 (KHTML, like Gecko) Version/9.0.2 Safari/601.3.9"
98.210.231.144 - - [04/Jan/2016:15:30:45 -0800] "GET /scripts/fa48e319.main.js HTTP/1.1" 200 123455 "http://whereshouldiski.com/" "Mozilla/5.0 (Macintosh; Intel Mac OS X 10_11_2) AppleWebKit/601.3.9 (KHTML, like Gecko) Version/9.0.2 Safari/601.3.9"
98.210.231.144 - - [04/Jan/2016:15:30:45 -0800] "GET /images/button.png HTTP/1.1" 200 598 "http://whereshouldiski.com/" "Mozilla/5.0 (Macintosh; Intel Mac OS X 10_11_2) AppleWebKit/601.3.9 (KHTML, like Gecko) Version/9.0.2 Safari/601.3.9"
98.210.231.144 - - [04/Jan/2016:15:30:46 -0800] "GET /images/greyHeader.png HTTP/1.1" 200 508 "http://whereshouldiski.com/" "Mozilla/5.0 (Macintosh; Intel Mac OS X 10_11_2) AppleWebKit/601.3.9 (KHTML, like Gecko) Version/9.0.2 Safari/601.3.9"
98.210.231.144 - - [04/Jan/2016:15:30:46 -0800] "GET /lib/reccapi.php?fields=t HTTP/1.1" 200 1887 "http://whereshouldiski.com/" "Mozilla/5.0 (Macintosh; Intel Mac OS X 10_11_2) AppleWebKit/601.3.9 (KHTML, like Gecko) Version/9.0.2 Safari/601.3.9"
98.210.231.144 - - [04/Jan/2016:15:30:46 -0800] "GET /images/snowflake5.png HTTP/1.1" 200 2857 "http://whereshouldiski.com/" "Mozilla/5.0 (Macintosh; Intel Mac OS X 10_11_2) AppleWebKit/601.3.9 (KHTML, like Gecko) Version/9.0.2 Safari/601.3.9"
98.210.231.144 - - [04/Jan/2016:15:30:46 -0800] "GET /images/bluebird5.png HTTP/1.1" 200 2177 "http://whereshouldiski.com/" "Mozilla/5.0 (Macintosh; Intel Mac OS X 10_11_2) AppleWebKit/601.3.9 (KHTML, like Gecko) Version/9.0.2 Safari/601.3.9"
98.210.231.144 - - [04/Jan/2016:15:30:46 -0800] "GET /images/star5.png HTTP/1.1" 200 1783 "http://whereshouldiski.com/" "Mozilla/5.0 (Macintosh; Intel Mac OS X 10_11_2) AppleWebKit/601.3.9 (KHTML, like Gecko) Version/9.0.2 Safari/601.3.9"
98.210.231.144 - - [04/Jan/2016:15:30:46 -0800] "GET /images/mtns-icon.png HTTP/1.1" 200 1097 "http://whereshouldiski.com/" "Mozilla/5.0 (Macintosh; Intel Mac OS X 10_11_2) AppleWebKit/601.3.9 (KHTML, like Gecko) Version/9.0.2 Safari/601.3.9"
98.210.231.144 - - [04/Jan/2016:15:30:46 -0800] "GET /images/shading-icon.png HTTP/1.1" 200 537 "http://whereshouldiski.com/" "Mozilla/5.0 (Macintosh; Intel Mac OS X 10_11_2) AppleWebKit/601.3.9 (KHTML, like Gecko) Version/9.0.2 Safari/601.3.9"
98.210.231.144 - - [04/Jan/2016:15:30:46 -0800] "GET /favicon.ico HTTP/1.1" 200 4613 "http://whereshouldiski.com/" "Mozilla/5.0 (Macintosh; Intel Mac OS X 10_11_2) AppleWebKit/601.3.9 (KHTML, like Gecko) Version/9.0.2 Safari/601.3.9"
127.0.0.1 - - [04/Jan/2016:15:30:54 -0800] "OPTIONS * HTTP/1.0" 200 126 "-" "Apache/2.2.22 (Ubuntu) (internal dummy connection)"
180.76.15.162 - - [04/Jan/2016:15:31:16 -0800] "GET / HTTP/1.1" 200 6995 "-" "Mozilla/5.0 (compatible; Baiduspider/2.0; +http://www.baidu.com/search/spider.html)"
180.76.15.5 - - [04/Jan/2016:15:32:04 -0800] "GET / HTTP/1.1" 200 6995 "-" "Mozilla/5.0 (compatible; Baiduspider/2.0; +http://www.baidu.com/search/spider.html)"
170.75.162.130 - - [04/Jan/2016:15:32:47 -0800] "GET /lib/reccapi.php?resort=keystone HTTP/1.1" 200 968 "-" "node-superagent/1.4.0"
205.189.0.116 - - [04/Jan/2016:15:35:48 -0800] "GET /images/wsis-logo-sm.png HTTP/1.1" 200 6108 "http://www.thebackcountry.net/" "Mozilla/5.0 (Macintosh; Intel Mac OS X 10_11_2) AppleWebKit/537.36 (KHTML, like Gecko) Chrome/47.0.2526.106 Safari/537.36"
170.75.162.130 - - [04/Jan/2016:15:36:28 -0800] "GET /lib/reccapi.php?resort=diamondpeak HTTP/1.1" 200 1002 "-" "node-superagent/1.4.0"
174.62.219.188 - - [04/Jan/2016:15:47:09 -0800] "GET /images/wsis-logo-sm.png HTTP/1.1" 200 6108 "http://www.thebackcountry.net/" "Mozilla/5.0 (Macintosh; Intel Mac OS X 10_6_8) AppleWebKit/537.36 (KHTML, like Gecko) Chrome/47.0.2526.73 Safari/537.36"
170.75.162.130 - - [04/Jan/2016:15:59:22 -0800] "GET /lib/reccapi.php?resort=snowbird HTTP/1.1" 200 982 "-" "node-superagent/1.4.0"
170.75.162.130 - - [04/Jan/2016:15:59:52 -0800] "GET /lib/reccapi.php?resort=cannonmountain HTTP/1.1" 200 999 "-" "node-superagent/1.4.0"
170.75.162.130 - - [04/Jan/2016:15:59:52 -0800] "GET /lib/reccapi.php?resort=wildcatmountain HTTP/1.1" 200 1021 "-" "node-superagent/1.4.0"
104.58.157.117 - - [04/Jan/2016:16:03:51 -0800] "GET /images/wsis-logo-sm.png HTTP/1.1" 200 6108 "http://www.thebackcountry.net/" "Mozilla/5.0 (Windows NT 10.0; WOW64) AppleWebKit/537.36 (KHTML, like Gecko) Chrome/47.0.2526.106 Safari/537.36"
66.35.226.228 - - [04/Jan/2016:16:11:52 -0800] "GET /images/wsis-logo-sm.png HTTP/1.1" 200 6052 "http://thebackcountry.net/" "Mozilla/5.0 (Windows NT 6.1; WOW64) AppleWebKit/537.36 (KHTML, like Gecko) Chrome/47.0.2526.106 Safari/537.36"
40.140.33.146 - - [04/Jan/2016:16:13:09 -0800] "GET /images/wsis-logo-sm.png HTTP/1.1" 200 6108 "http://www.thebackcountry.net/" "Mozilla/5.0 (Windows NT 6.1; WOW64) AppleWebKit/537.36 (KHTML, like Gecko) Chrome/47.0.2526.106 Safari/537.36"
170.75.162.130 - - [04/Jan/2016:16:17:04 -0800] "GET /lib/reccapi.php?resort=mountbachelor HTTP/1.1" 200 1012 "-" "node-superagent/1.4.0"
24.182.55.93 - - [04/Jan/2016:16:27:18 -0800] "GET /images/wsis-logo-sm.png HTTP/1.1" 304 187 "http://www.thebackcountry.net/index.html" "Mozilla/5.0 (iPhone; CPU iPhone OS 9_2 like Mac OS X) AppleWebKit/601.1.46 (KHTML, like Gecko) Version/9.0 Mobile/13C75 Safari/601.1"
180.76.15.23 - - [04/Jan/2016:16:34:41 -0800] "GET / HTTP/1.1" 200 6995 "-" "Mozilla/5.0 (compatible; Baiduspider/2.0; +http://www.baidu.com/search/spider.html)"
180.76.15.13 - - [04/Jan/2016:16:35:40 -0800] "GET / HTTP/1.1" 200 6995 "-" "Mozilla/5.0 (compatible; Baiduspider/2.0; +http://www.baidu.com/search/spider.html)"
188.68.224.62 - - [04/Jan/2016:16:36:18 -0800] "GET http://dhg.pisz.pl/httptest.php HTTP/1.1" 404 444 "-" "-"
50.153.185.3 - - [04/Jan/2016:16:44:53 -0800] "GET /images/wsis-logo-sm.png HTTP/1.1" 200 6108 "http://www.thebackcountry.net/" "Mozilla/5.0 (Macintosh; Intel Mac OS X 10_11_2) AppleWebKit/601.3.9 (KHTML, like Gecko) Version/9.0.2 Safari/601.3.9"
66.249.85.202 - - [04/Jan/2016:16:46:17 -0800] "GET / HTTP/1.1" 200 2615 "-" "Mozilla/5.0 (Windows NT 6.1; rv:6.0) Gecko/20110814 Firefox/6.0 Google Favicon"
66.249.85.202 - - [04/Jan/2016:16:46:17 -0800] "GET /favicon.ico HTTP/1.1" 200 4612 "-" "Mozilla/5.0 (Windows NT 6.1; rv:6.0) Gecko/20110814 Firefox/6.0 Google Favicon"
170.75.162.130 - - [04/Jan/2016:16:47:59 -0800] "GET /lib/reccapi.php?resort=stowe HTTP/1.1" 200 973 "-" "node-superagent/1.4.0"
99.162.150.18 - - [04/Jan/2016:16:50:07 -0800] "GET /images/wsis-logo-sm.png HTTP/1.1" 200 6108 "http://www.thebackcountry.net/" "Mozilla/5.0 (Windows NT 10.0; WOW64) AppleWebKit/537.36 (KHTML, like Gecko) Chrome/47.0.2526.106 Safari/537.36"
170.75.162.130 - - [04/Jan/2016:16:50:20 -0800] "GET /lib/reccapi.php?resort=crystalmountain HTTP/1.1" 200 1041 "-" "node-superagent/1.4.0"
180.76.15.20 - - [04/Jan/2016:16:53:21 -0800] "GET /resorts?resort=stowe&date=2014-10-01 HTTP/1.1" 404 469 "-" "Mozilla/5.0 (compatible; Baiduspider/2.0; +http://www.baidu.com/search/spider.html)"
185.130.5.224 - - [04/Jan/2016:16:54:32 -0800] "GET /server-status?HTTP_POST=%\"%6346#%#/&#736%\"#423|;&HTTP_CGI_GET=GRESYYK\"K&J\"#L523D2G23H23 HTTP/1.0" 403 526 "-" "apache 0day by @hxmonsegur"
192.195.83.165 - - [04/Jan/2016:16:55:14 -0800] "GET /images/wsis-logo-sm.png HTTP/1.1" 200 6108 "http://www.thebackcountry.net/" "Mozilla/5.0 (Macintosh; Intel Mac OS X 10_11_0) AppleWebKit/537.36 (KHTML, like Gecko) Chrome/47.0.2526.106 Safari/537.36"
70.214.58.103 - - [04/Jan/2016:16:56:22 -0800] "GET /images/wsis-logo-sm.png HTTP/1.1" 200 6108 "http://www.thebackcountry.net/" "Mozilla/5.0 (iPhone; CPU iPhone OS 8_4 like Mac OS X) AppleWebKit/600.1.4 (KHTML, like Gecko) Version/8.0 Mobile/12H143 Safari/600.1.4"
180.76.15.134 - - [04/Jan/2016:16:58:47 -0800] "GET /robots.txt HTTP/1.1" 200 382 "-" "Mozilla/5.0 (Windows NT 5.1; rv:6.0.2) Gecko/20100101 Firefox/6.0.2"
123.125.71.13 - - [04/Jan/2016:16:59:56 -0800] "GET / HTTP/1.1" 200 2578 "-" "Mozilla/5.0 (compatible; Baiduspider/2.0; +http://www.baidu.com/search/spider.html)"
71.89.246.192 - - [04/Jan/2016:17:02:21 -0800] "GET /images/wsis-logo-sm.png HTTP/1.1" 200 6108 "http://www.thebackcountry.net/" "Mozilla/5.0 (Windows NT 10.0; WOW64) AppleWebKit/537.36 (KHTML, like Gecko) Chrome/47.0.2526.106 Safari/537.36"
71.89.246.192 - - [04/Jan/2016:17:02:50 -0800] "-" 408 0 "-" "-"
71.89.246.192 - - [04/Jan/2016:17:02:51 -0800] "-" 408 0 "-" "-"
71.89.246.192 - - [04/Jan/2016:17:03:18 -0800] "-" 408 0 "-" "-"
71.89.246.192 - - [04/Jan/2016:17:03:18 -0800] "-" 408 0 "-" "-"
50.126.140.249 - - [04/Jan/2016:17:06:48 -0800] "GET /images/wsis-logo-sm.png HTTP/1.1" 200 6108 "http://www.thebackcountry.net/" "Mozilla/5.0 (Macintosh; Intel Mac OS X 10_10_5) AppleWebKit/600.8.9 (KHTML, like Gecko) Version/8.0.8 Safari/600.8.9"
69.181.251.79 - - [04/Jan/2016:17:07:59 -0800] "GET /images/wsis-logo-sm.png HTTP/1.1" 200 6108 "http://www.thebackcountry.net/" "Mozilla/5.0 (Windows NT 6.1; WOW64) AppleWebKit/537.36 (KHTML, like Gecko) Chrome/47.0.2526.106 Safari/537.36"
170.75.162.130 - - [04/Jan/2016:17:10:03 -0800] "GET /lib/reccapi.php?resort=homewoodmountain HTTP/1.1" 200 1069 "-" "node-superagent/1.4.0"
141.212.122.112 - - [04/Jan/2016:17:13:28 -0800] "CONNECT proxytest.zmap.io:80 HTTP/1.1" 405 541 "-" "Mozilla/5.0 zgrab/0.x"
185.25.151.159 - - [04/Jan/2016:17:15:31 -0800] "GET http://testp4.pospr.waw.pl/testproxy.php HTTP/1.1" 404 448 "-" "Mozilla/5.0 (Windows NT 5.1; rv:32.0) Gecko/20100101 Firefox/31.0"
73.158.80.2 - - [04/Jan/2016:17:18:25 -0800] "GET /images/wsis-logo-sm.png HTTP/1.1" 200 6108 "http://www.thebackcountry.net/" "Mozilla/5.0 (Macintosh; Intel Mac OS X 10_10_5) AppleWebKit/537.36 (KHTML, like Gecko) Chrome/47.0.2526.106 Safari/537.36"
73.158.80.2 - - [04/Jan/2016:17:18:46 -0800] "-" 408 0 "-" "-"
170.75.162.130 - - [04/Jan/2016:17:20:24 -0800] "GET /lib/reccapi.php?resort=northstar-at-tahoe HTTP/1.1" 200 1030 "-" "node-superagent/1.4.0"
170.75.162.130 - - [04/Jan/2016:17:23:54 -0800] "GET /lib/reccapi.php?resort=sugarbush HTTP/1.1" 200 994 "-" "node-superagent/1.4.0"
180.76.15.11 - - [04/Jan/2016:17:31:07 -0800] "GET / HTTP/1.1" 200 6995 "-" "Mozilla/5.0 (compatible; Baiduspider/2.0; +http://www.baidu.com/search/spider.html)"
170.75.162.130 - - [04/Jan/2016:17:31:45 -0800] "GET /lib/reccapi.php?resort=steamboat HTTP/1.1" 200 987 "-" "node-superagent/1.4.0"
180.76.15.22 - - [04/Jan/2016:17:31:56 -0800] "GET / HTTP/1.1" 200 6995 "-" "Mozilla/5.0 (compatible; Baiduspider/2.0; +http://www.baidu.com/search/spider.html)"
170.75.162.130 - - [04/Jan/2016:17:32:05 -0800] "GET /lib/reccapi.php?resort=squawvalleyusa HTTP/1.1" 200 1052 "-" "node-superagent/1.4.0"
75.134.117.120 - - [04/Jan/2016:17:33:53 -0800] "GET /images/wsis-logo-sm.png HTTP/1.1" 200 6108 "http://www.thebackcountry.net/" "Mozilla/5.0 (iPhone; CPU iPhone OS 9_2 like Mac OS X) AppleWebKit/601.1.46 (KHTML, like Gecko) Version/9.0 Mobile/13C75 Safari/601.1"
170.75.162.130 - - [04/Jan/2016:17:34:26 -0800] "GET /lib/reccapi.php?resort=sugarbowl HTTP/1.1" 200 1028 "-" "node-superagent/1.4.0"
108.69.253.75 - - [04/Jan/2016:17:34:55 -0800] "GET /images/wsis-logo-sm.png HTTP/1.1" 200 6108 "http://www.thebackcountry.net/" "Mozilla/5.0 (iPad; CPU OS 9_2 like Mac OS X) AppleWebKit/601.1.46 (KHTML, like Gecko) Version/9.0 Mobile/13C75 Safari/601.1"
180.76.15.26 - - [04/Jan/2016:17:37:19 -0800] "GET /resorts?resort=mounthutt&date=2014-09-06 HTTP/1.1" 404 472 "-" "Mozilla/5.0 (compatible; Baiduspider/2.0; +http://www.baidu.com/search/spider.html)"
73.38.201.135 - - [04/Jan/2016:17:38:09 -0800] "GET /images/wsis-logo-sm.png HTTP/1.1" 200 6108 "http://www.thebackcountry.net/" "Mozilla/5.0 (X11; CrOS x86_64 7262.57.0) AppleWebKit/537.36 (KHTML, like Gecko) Chrome/45.0.2454.98 Safari/537.36"
123.125.71.116 - - [04/Jan/2016:17:38:36 -0800] "GET / HTTP/1.1" 200 2578 "-" "Mozilla/5.0 (Windows NT 5.1; rv:6.0.2) Gecko/20100101 Firefox/6.0.2"
123.125.71.84 - - [04/Jan/2016:17:38:40 -0800] "GET / HTTP/1.1" 200 6995 "-" "Mozilla/5.0 (Windows NT 5.1; rv:6.0.2) Gecko/20100101 Firefox/6.0.2"
205.189.0.119 - - [04/Jan/2016:17:38:43 -0800] "GET /images/wsis-logo-sm.png HTTP/1.1" 200 6108 "http://www.thebackcountry.net/" "Mozilla/5.0 (Macintosh; Intel Mac OS X 10_11_2) AppleWebKit/537.36 (KHTML, like Gecko) Chrome/47.0.2526.106 Safari/537.36"
66.249.79.234 - - [04/Jan/2016:17:43:41 -0800] "GET /lib/reccapi.php?fields=t&powder=3 HTTP/1.1" 200 1133 "http://whereshouldiski.com/" "Mozilla/5.0 (compatible; Googlebot/2.1; +http://www.google.com/bot.html)"
66.249.79.220 - - [04/Jan/2016:17:59:14 -0800] "GET /lib/reccapi.php?resort=kirkwood&date=2016-01-03 HTTP/1.1" 200 1016 "http://whereshouldiski.com/" "Mozilla/5.0 (compatible; Googlebot/2.1; +http://www.google.com/bot.html)"
66.249.79.220 - - [04/Jan/2016:17:59:15 -0800] "GET /lib/reccapi.php?fields=t&date=2016-01-03&coords=38.68%2C-120&size=7&sort=distance HTTP/1.1" 200 1303 "http://whereshouldiski.com/" "Mozilla/5.0 (compatible; Googlebot/2.1; +http://www.google.com/bot.html)"
66.249.79.220 - - [04/Jan/2016:17:59:16 -0800] "GET /lib/resortDataSearchD3.php?size=7&sortDate=T&resort=kirkwood&dateStart=2016-01-01 HTTP/1.1" 200 846 "http://whereshouldiski.com/" "Mozilla/5.0 (compatible; Googlebot/2.1; +http://www.google.com/bot.html)"
188.68.224.62 - - [04/Jan/2016:18:00:19 -0800] "GET http://dhg.pisz.pl/httptest.php HTTP/1.1" 404 444 "-" "-"
170.75.162.130 - - [04/Jan/2016:18:02:50 -0800] "GET /lib/reccapi.php?resort=arapahoebasin HTTP/1.1" 200 987 "-" "node-superagent/1.4.0"
170.75.162.130 - - [04/Jan/2016:18:02:50 -0800] "GET /lib/reccapi.php?resort=buttermilk HTTP/1.1" 200 945 "-" "node-superagent/1.4.0"
170.75.162.130 - - [04/Jan/2016:18:02:50 -0800] "GET /lib/reccapi.php?resort=coppermountain HTTP/1.1" 200 976 "-" "node-superagent/1.4.0"
170.75.162.130 - - [04/Jan/2016:18:02:50 -0800] "GET /lib/reccapi.php?resort=crestedbutte HTTP/1.1" 200 996 "-" "node-superagent/1.4.0"
170.75.162.130 - - [04/Jan/2016:18:02:50 -0800] "GET /lib/reccapi.php?resort=loveland HTTP/1.1" 200 963 "-" "node-superagent/1.4.0"
170.75.162.130 - - [04/Jan/2016:18:02:50 -0800] "GET /lib/reccapi.php?resort=monarch HTTP/1.1" 200 981 "-" "node-superagent/1.4.0"
170.75.162.130 - - [04/Jan/2016:18:02:50 -0800] "GET /lib/reccapi.php?resort=winterpark HTTP/1.1" 200 969 "-" "node-superagent/1.4.0"
185.130.5.224 - - [04/Jan/2016:18:05:00 -0800] "GET /server-status?HTTP_POST=%\"%6346#%#/&#736%\"#423|;&HTTP_CGI_GET=GRESYYK\"K&J\"#L523D2G23H23 HTTP/1.0" 403 526 "-" "apache 0day by @hxmonsegur"
188.68.224.62 - - [04/Jan/2016:18:12:12 -0800] "GET http://dhg.pisz.pl/httptest.php HTTP/1.1" 404 444 "-" "-"
71.155.148.211 - - [04/Jan/2016:18:14:47 -0800] "GET /images/wsis-logo-sm.png HTTP/1.1" 200 6108 "http://www.thebackcountry.net/" "Mozilla/5.0 (Windows NT 6.1; WOW64; Trident/7.0; rv:11.0) like Gecko"
71.155.148.211 - - [04/Jan/2016:18:15:08 -0800] "-" 408 0 "-" "-"
71.155.148.211 - - [04/Jan/2016:18:16:18 -0800] "-" 408 0 "-" "-"
66.249.79.234 - - [04/Jan/2016:18:24:48 -0800] "GET /lib/reccapi.php?resort=mountbaker&date=2015-12-21 HTTP/1.1" 200 1064 "http://whereshouldiski.com/" "Mozilla/5.0 (compatible; Googlebot/2.1; +http://www.google.com/bot.html)"
66.249.79.220 - - [04/Jan/2016:18:24:49 -0800] "GET /lib/resortDataSearchD3.php?size=7&sortDate=T&resort=mountbaker&dateStart=2015-12-19 HTTP/1.1" 200 872 "http://whereshouldiski.com/" "Mozilla/5.0 (compatible; Googlebot/2.1; +http://www.google.com/bot.html)"
66.249.79.220 - - [04/Jan/2016:18:24:51 -0800] "GET /lib/reccapi.php?fields=t&date=2015-12-21&coords=48.86%2C-121.68&size=7&sort=distance HTTP/1.1" 200 1422 "http://whereshouldiski.com/" "Mozilla/5.0 (compatible; Googlebot/2.1; +http://www.google.com/bot.html)"
66.249.79.220 - - [04/Jan/2016:18:30:05 -0800] "GET /lib/reccapi.php?resort=mountbaker&date=2015-12-22 HTTP/1.1" 200 1066 "http://whereshouldiski.com/" "Mozilla/5.0 (compatible; Googlebot/2.1; +http://www.google.com/bot.html)"
66.249.79.220 - - [04/Jan/2016:18:30:07 -0800] "GET /lib/resortDataSearchD3.php?size=7&sortDate=T&resort=mountbaker&dateStart=2015-12-20 HTTP/1.1" 200 869 "http://whereshouldiski.com/" "Mozilla/5.0 (compatible; Googlebot/2.1; +http://www.google.com/bot.html)"
66.249.79.220 - - [04/Jan/2016:18:30:07 -0800] "GET /lib/reccapi.php?fields=t&date=2015-12-22&coords=48.86%2C-121.68&size=7&sort=distance HTTP/1.1" 200 1440 "http://whereshouldiski.com/" "Mozilla/5.0 (compatible; Googlebot/2.1; +http://www.google.com/bot.html)"
180.76.15.11 - - [04/Jan/2016:18:31:01 -0800] "GET / HTTP/1.1" 200 6995 "-" "Mozilla/5.0 (compatible; Baiduspider/2.0; +http://www.baidu.com/search/spider.html)"
180.76.15.18 - - [04/Jan/2016:18:31:50 -0800] "GET / HTTP/1.1" 200 6995 "-" "Mozilla/5.0 (compatible; Baiduspider/2.0; +http://www.baidu.com/search/spider.html)"
172.56.39.132 - - [04/Jan/2016:18:41:53 -0800] "GET /images/wsis-logo-sm.png HTTP/1.1" 200 6108 "http://www.thebackcountry.net/" "Mozilla/5.0 (Linux; Android 6.0.1; Nexus 5X Build/MMB29P) AppleWebKit/537.36 (KHTML, like Gecko) Chrome/47.0.2526.83 Mobile Safari/537.36"
172.56.39.132 - - [04/Jan/2016:18:43:11 -0800] "-" 408 0 "-" "-"
172.56.39.132 - - [04/Jan/2016:18:43:11 -0800] "-" 408 0 "-" "-"
172.56.39.132 - - [04/Jan/2016:18:43:11 -0800] "-" 408 0 "-" "-"
66.249.79.220 - - [04/Jan/2016:18:46:19 -0800] "GET /lib/reccapi.php?resort=mountbaker&date=2015-12-20 HTTP/1.1" 200 1065 "http://whereshouldiski.com/" "Mozilla/5.0 (compatible; Googlebot/2.1; +http://www.google.com/bot.html)"
66.249.79.220 - - [04/Jan/2016:18:46:21 -0800] "GET /lib/reccapi.php?fields=t&date=2015-12-20&coords=48.86%2C-121.68&size=7&sort=distance HTTP/1.1" 200 1423 "http://whereshouldiski.com/" "Mozilla/5.0 (compatible; Googlebot/2.1; +http://www.google.com/bot.html)"
66.249.79.220 - - [04/Jan/2016:18:46:21 -0800] "GET /lib/resortDataSearchD3.php?size=7&sortDate=T&resort=mountbaker&dateStart=2015-12-18 HTTP/1.1" 200 871 "http://whereshouldiski.com/" "Mozilla/5.0 (compatible; Googlebot/2.1; +http://www.google.com/bot.html)"
67.190.75.130 - - [04/Jan/2016:18:47:10 -0800] "GET /images/wsis-logo-sm.png HTTP/1.1" 200 6108 "http://www.thebackcountry.net/" "Mozilla/5.0 (iPhone; CPU iPhone OS 9_2 like Mac OS X) AppleWebKit/601.1.46 (KHTML, like Gecko) Version/9.0 Mobile/13C75 Safari/601.1"
76.169.106.203 - - [04/Jan/2016:18:56:25 -0800] "GET /images/wsis-logo-sm.png HTTP/1.1" 200 6108 "http://www.thebackcountry.net/" "Mozilla/5.0 (Macintosh; Intel Mac OS X 10_10_5) AppleWebKit/537.36 (KHTML, like Gecko) Chrome/47.0.2526.106 Safari/537.36"
66.249.79.220 - - [04/Jan/2016:18:57:32 -0800] "GET /lib/reccapi.php?resort=whistlerblackcomb&date=2016-01-08 HTTP/1.1" 200 972 "http://whereshouldiski.com/" "Mozilla/5.0 (compatible; Googlebot/2.1; +http://www.google.com/bot.html)"
66.249.79.220 - - [04/Jan/2016:18:57:35 -0800] "GET /lib/reccapi.php?fields=t&date=2016-01-08&coords=50.1159%2C-122.949&size=7&sort=distance HTTP/1.1" 200 1373 "http://whereshouldiski.com/" "Mozilla/5.0 (compatible; Googlebot/2.1; +http://www.google.com/bot.html)"
66.249.79.220 - - [04/Jan/2016:18:57:35 -0800] "GET /lib/resortDataSearchD3.php?size=7&sortDate=T&resort=whistlerblackcomb&dateStart=2016-01-06 HTTP/1.1" 200 603 "http://whereshouldiski.com/" "Mozilla/5.0 (compatible; Googlebot/2.1; +http://www.google.com/bot.html)"
74.88.193.246 - - [04/Jan/2016:19:04:46 -0800] "GET /images/wsis-logo-sm.png HTTP/1.1" 200 6108 "http://www.thebackcountry.net/" "Mozilla/5.0 (Windows NT 6.1; WOW64) AppleWebKit/537.36 (KHTML, like Gecko) Chrome/47.0.2526.106 Safari/537.36"
66.249.79.220 - - [04/Jan/2016:19:06:59 -0800] "GET /lib/reccapi.php?fields=t&powder=4 HTTP/1.1" 200 471 "http://whereshouldiski.com/" "Mozilla/5.0 (compatible; Googlebot/2.1; +http://www.google.com/bot.html)"
170.75.162.130 - - [04/Jan/2016:19:09:50 -0800] "GET /lib/reccapi.php?resort=taos HTTP/1.1" 200 930 "-" "node-superagent/1.4.0"
170.75.162.130 - - [04/Jan/2016:19:09:50 -0800] "GET /lib/reccapi.php?resort=angelfire HTTP/1.1" 200 974 "-" "node-superagent/1.4.0"
195.154.227.118 - - [04/Jan/2016:19:18:37 -0800] "HEAD /wp-trackback.php HTTP/" 404 182 "-" "Mozilla/4.0 (compatible; MSIE 6.0; Windows NT 5.1; SV1; .NET CLR 2.0.50727)"
66.249.79.227 - - [04/Jan/2016:19:28:23 -0800] "GET /styles/ee08faa9.main.css HTTP/1.1" 200 19447 "http://whereshouldiski.com/" "Mozilla/5.0 (compatible; Googlebot/2.1; +http://www.google.com/bot.html)"
66.249.79.227 - - [04/Jan/2016:19:28:32 -0800] "GET /lib/reccapi.php?fields=t&region=BritishColumbia HTTP/1.1" 200 1467 "http://whereshouldiski.com/" "Mozilla/5.0 (compatible; Googlebot/2.1; +http://www.google.com/bot.html)"
8.21.168.72 - - [04/Jan/2016:19:29:25 -0800] "GET /images/wsis-logo-sm.png HTTP/1.1" 200 6108 "http://www.thebackcountry.net/" "Mozilla/5.0 (Macintosh; Intel Mac OS X 10_10_3) AppleWebKit/537.36 (KHTML, like Gecko) Chrome/47.0.2526.106 Safari/537.36"
71.218.92.196 - - [04/Jan/2016:19:30:05 -0800] "GET /images/wsis-logo-sm.png HTTP/1.1" 200 6108 "http://www.thebackcountry.net/" "Mozilla/5.0 (iPhone; CPU iPhone OS 9_2 like Mac OS X) AppleWebKit/600.1.4 (KHTML, like Gecko) GSA/11.1.66360 Mobile/13C75 Safari/600.1.4"
180.76.15.18 - - [04/Jan/2016:19:34:59 -0800] "GET / HTTP/1.1" 200 6995 "-" "Mozilla/5.0 (compatible; Baiduspider/2.0; +http://www.baidu.com/search/spider.html)"
180.76.15.14 - - [04/Jan/2016:19:35:57 -0800] "GET / HTTP/1.1" 200 6995 "-" "Mozilla/5.0 (compatible; Baiduspider/2.0; +http://www.baidu.com/search/spider.html)"
170.75.162.130 - - [04/Jan/2016:19:41:06 -0800] "GET /lib/reccapi.php?resort=snowmass HTTP/1.1" 200 977 "-" "node-superagent/1.4.0"
24.205.211.47 - - [04/Jan/2016:19:41:44 -0800] "GET /images/wsis-logo-sm.png HTTP/1.1" 200 6108 "http://www.thebackcountry.net/" "Mozilla/5.0 (iPhone; CPU iPhone OS 9_2 like Mac OS X) AppleWebKit/601.1.46 (KHTML, like Gecko) Version/9.0 Mobile/13C75 Safari/601.1"
157.55.39.40 - - [04/Jan/2016:19:51:25 -0800] "GET /robots.txt HTTP/1.1" 200 375 "-" "Mozilla/5.0 (compatible; bingbot/2.0; +http://www.bing.com/bingbot.htm)"
170.75.162.130 - - [04/Jan/2016:19:52:08 -0800] "GET /lib/reccapi.php?resort=aspenheights HTTP/1.1" 200 1004 "-" "node-superagent/1.4.0"
170.75.162.130 - - [04/Jan/2016:19:52:08 -0800] "GET /lib/reccapi.php?resort=aspenmountain HTTP/1.1" 200 958 "-" "node-superagent/1.4.0"
170.75.162.130 - - [04/Jan/2016:19:52:08 -0800] "GET /lib/reccapi.php?resort=keystone HTTP/1.1" 200 967 "-" "node-superagent/1.4.0"
170.75.162.130 - - [04/Jan/2016:19:52:08 -0800] "GET /lib/reccapi.php?resort=telluride HTTP/1.1" 200 981 "-" "node-superagent/1.4.0"
24.32.30.140 - - [04/Jan/2016:19:53:59 -0800] "GET /images/wsis-logo-sm.png HTTP/1.1" 200 6108 "http://www.thebackcountry.net/" "Mozilla/5.0 (Windows NT 6.1; WOW64) AppleWebKit/537.36 (KHTML, like Gecko) Chrome/47.0.2526.106 Safari/537.36"
170.75.162.130 - - [04/Jan/2016:19:54:08 -0800] "GET /lib/reccapi.php?resort=brighton HTTP/1.1" 200 973 "-" "node-superagent/1.4.0"
66.249.79.220 - - [04/Jan/2016:19:56:29 -0800] "GET /lib/reccapi.php?resort=mountwashingtonalpine&date=2016-01-07 HTTP/1.1" 200 978 "http://whereshouldiski.com/" "Mozilla/5.0 (compatible; Googlebot/2.1; +http://www.google.com/bot.html)"
66.249.79.220 - - [04/Jan/2016:19:56:31 -0800] "GET /lib/resortDataSearchD3.php?size=7&sortDate=T&resort=mountwashingtonalpine&dateStart=2016-01-05 HTTP/1.1" 200 697 "http://whereshouldiski.com/" "Mozilla/5.0 (compatible; Googlebot/2.1; +http://www.google.com/bot.html)"
66.249.79.220 - - [04/Jan/2016:19:56:32 -0800] "GET /lib/reccapi.php?fields=t&date=2016-01-07&coords=49.7383%2C-125.299&size=7&sort=distance HTTP/1.1" 200 1392 "http://whereshouldiski.com/" "Mozilla/5.0 (compatible; Googlebot/2.1; +http://www.google.com/bot.html)"
208.184.149.6 - - [04/Jan/2016:19:56:32 -0800] "GET /images/wsis-logo-sm.png HTTP/1.1" 200 6108 "http://www.thebackcountry.net/" "Mozilla/5.0 (Windows NT 6.1; WOW64) AppleWebKit/537.36 (KHTML, like Gecko) Chrome/47.0.2526.106 Safari/537.36"
66.249.79.220 - - [04/Jan/2016:19:56:38 -0800] "GET /lib/reccapi.php?resort=mountwashingtonalpine&date=2016-01-08 HTTP/1.1" 200 975 "http://whereshouldiski.com/" "Mozilla/5.0 (compatible; Googlebot/2.1; +http://www.google.com/bot.html)"
66.249.79.220 - - [04/Jan/2016:19:56:39 -0800] "GET /lib/reccapi.php?fields=t&date=2016-01-08&coords=49.7383%2C-125.299&size=7&sort=distance HTTP/1.1" 200 1369 "http://whereshouldiski.com/" "Mozilla/5.0 (compatible; Googlebot/2.1; +http://www.google.com/bot.html)"
66.249.79.220 - - [04/Jan/2016:19:56:40 -0800] "GET /lib/resortDataSearchD3.php?size=7&sortDate=T&resort=mountwashingtonalpine&dateStart=2016-01-06 HTTP/1.1" 200 611 "http://whereshouldiski.com/" "Mozilla/5.0 (compatible; Googlebot/2.1; +http://www.google.com/bot.html)"
170.75.162.130 - - [04/Jan/2016:20:01:49 -0800] "GET /lib/reccapi.php?resort=heavenly HTTP/1.1" 200 1057 "-" "node-superagent/1.4.0"
170.75.162.130 - - [04/Jan/2016:20:01:49 -0800] "GET /lib/reccapi.php?resort=kirkwood HTTP/1.1" 200 1069 "-" "node-superagent/1.4.0"
170.75.162.130 - - [04/Jan/2016:20:01:49 -0800] "GET /lib/reccapi.php?resort=parkcity HTTP/1.1" 200 1009 "-" "node-superagent/1.4.0"
71.198.58.132 - - [04/Jan/2016:20:11:18 -0800] "GET /images/wsis-logo-sm.png HTTP/1.1" 200 6108 "http://www.thebackcountry.net/" "Mozilla/5.0 (Macintosh; Intel Mac OS X 10_10_5) AppleWebKit/537.36 (KHTML, like Gecko) Chrome/47.0.2526.106 Safari/537.36"
73.202.196.149 - - [04/Jan/2016:20:11:36 -0800] "GET /images/wsis-logo-sm.png HTTP/1.1" 200 6108 "http://www.thebackcountry.net/" "Mozilla/5.0 (Macintosh; Intel Mac OS X 10_11_2) AppleWebKit/601.3.9 (KHTML, like Gecko) Version/9.0.2 Safari/601.3.9"
71.198.58.132 - - [04/Jan/2016:20:11:43 -0800] "-" 408 0 "-" "-"
71.198.58.132 - - [04/Jan/2016:20:11:43 -0800] "-" 408 0 "-" "-"
67.181.190.21 - - [04/Jan/2016:20:14:58 -0800] "GET /images/wsis-logo-sm.png HTTP/1.1" 200 6108 "http://www.thebackcountry.net/" "Mozilla/5.0 (Windows NT 6.1; WOW64; Trident/7.0; rv:11.0) like Gecko"
67.181.190.21 - - [04/Jan/2016:20:15:20 -0800] "-" 408 0 "-" "-"
66.249.79.234 - - [04/Jan/2016:20:17:56 -0800] "GET /lib/reccapi.php?resort=mountbaker&date=2015-12-19 HTTP/1.1" 200 1114 "http://whereshouldiski.com/" "Mozilla/5.0 (compatible; Googlebot/2.1; +http://www.google.com/bot.html)"
66.249.79.220 - - [04/Jan/2016:20:17:59 -0800] "GET /lib/resortDataSearchD3.php?size=7&sortDate=T&resort=mountbaker&dateStart=2015-12-17 HTTP/1.1" 200 876 "http://whereshouldiski.com/" "Mozilla/5.0 (compatible; Googlebot/2.1; +http://www.google.com/bot.html)"
66.249.79.220 - - [04/Jan/2016:20:18:01 -0800] "GET /lib/reccapi.php?fields=t&date=2015-12-19&coords=48.86%2C-121.68&size=7&sort=distance HTTP/1.1" 200 1438 "http://whereshouldiski.com/" "Mozilla/5.0 (compatible; Googlebot/2.1; +http://www.google.com/bot.html)"
66.249.79.234 - - [04/Jan/2016:20:19:01 -0800] "GET /lib/reccapi.php?resort=brianhead&date=2016-01-08 HTTP/1.1" 200 1018 "http://whereshouldiski.com/" "Mozilla/5.0 (compatible; Googlebot/2.1; +http://www.google.com/bot.html)"
66.249.79.220 - - [04/Jan/2016:20:19:02 -0800] "GET /lib/reccapi.php?fields=t&date=2016-01-08&coords=37.67%2C-112.83&size=7&sort=distance HTTP/1.1" 200 1372 "http://whereshouldiski.com/" "Mozilla/5.0 (compatible; Googlebot/2.1; +http://www.google.com/bot.html)"
66.249.79.220 - - [04/Jan/2016:20:19:03 -0800] "GET /lib/resortDataSearchD3.php?size=7&sortDate=T&resort=brianhead&dateStart=2016-01-06 HTTP/1.1" 200 614 "http://whereshouldiski.com/" "Mozilla/5.0 (compatible; Googlebot/2.1; +http://www.google.com/bot.html)"
170.75.162.130 - - [04/Jan/2016:20:23:03 -0800] "GET /lib/reccapi.php?resort=silverstarmountain HTTP/1.1" 200 930 "-" "node-superagent/1.4.0"
72.47.126.106 - - [04/Jan/2016:20:31:32 -0800] "GET /images/wsis-logo-sm.png HTTP/1.1" 200 6108 "http://thebackcountry.net/" "Mozilla/5.0 (X11; Linux x86_64) AppleWebKit/537.36 (KHTML, like Gecko) Chrome/47.0.2526.106 Safari/537.36"
72.47.126.106 - - [04/Jan/2016:20:32:25 -0800] "GET /images/wsis-logo-sm.png HTTP/1.1" 304 187 "http://thebackcountry.net/" "Mozilla/5.0 (X11; Linux x86_64) AppleWebKit/537.36 (KHTML, like Gecko) Chrome/47.0.2526.106 Safari/537.36"
72.47.126.106 - - [04/Jan/2016:20:32:46 -0800] "-" 408 0 "-" "-"
72.47.126.106 - - [04/Jan/2016:20:32:46 -0800] "-" 408 0 "-" "-"
72.47.126.106 - - [04/Jan/2016:20:33:39 -0800] "-" 408 0 "-" "-"
72.47.126.106 - - [04/Jan/2016:20:33:39 -0800] "-" 408 0 "-" "-"
