68.180.228.182 - - [04/May/2015:23:10:20 -0700] "GET /resorts?resort=squawvalleyusa&date=2014-10-04 HTTP/1.1" 404 450 "-" "Mozilla/5.0 (compatible; Yahoo! Slurp; http://help.yahoo.com/help/us/ysearch/slurp)"
170.75.162.130 - - [04/May/2015:23:25:08 -0700] "GET /lib/reccapi.php?resort=angelfire HTTP/1.1" 200 1008 "-" "node-superagent/0.18.2"
170.75.162.130 - - [04/May/2015:23:25:08 -0700] "GET /lib/reccapi.php?resort=taos HTTP/1.1" 200 991 "-" "node-superagent/0.18.2"
170.75.162.130 - - [04/May/2015:23:25:48 -0700] "GET /lib/reccapi.php?resort=snowbasin HTTP/1.1" 200 1009 "-" "node-superagent/0.18.2"
162.202.164.90 - - [04/May/2015:23:30:01 -0700] "GET /images/wsis-logo-sm.png HTTP/1.1" 200 6108 "http://thebackcountry.net/" "Mozilla/5.0 (iPhone; CPU iPhone OS 8_3 like Mac OS X) AppleWebKit/600.1.4 (KHTML, like Gecko) Version/8.0 Mobile/12F70 Safari/600.1.4"
66.249.65.2 - - [04/May/2015:23:30:24 -0700] "GET / HTTP/1.1" 200 2376 "-" "Mozilla/5.0 (compatible; Googlebot/2.1; +http://www.google.com/bot.html)"
170.75.162.130 - - [04/May/2015:23:37:39 -0700] "GET /lib/reccapi.php?resort=alta HTTP/1.1" 200 1043 "-" "node-superagent/0.18.2"
180.76.6.21 - - [04/May/2015:23:52:54 -0700] "GET /resorts?resort=loveland&date=2014-01-19 HTTP/1.1" 404 472 "-" "Mozilla/5.0 (compatible; Baiduspider/2.0; +http://www.baidu.com/search/spider.html)"
123.125.71.15 - - [05/May/2015:00:08:17 -0700] "-" 408 0 "-" "-"
220.181.108.141 - - [05/May/2015:00:13:11 -0700] "-" 408 0 "-" "-"
104.238.137.55 - - [05/May/2015:00:18:27 -0700] "GET / HTTP/1.0" 200 6114 "-" "-"
98.210.11.225 - - [05/May/2015:00:19:15 -0700] "GET /images/wsis-logo-sm.png HTTP/1.1" 200 6108 "http://www.thebackcountry.net/" "Mozilla/5.0 (iPad; CPU OS 7_1 like Mac OS X) AppleWebKit/537.51.2 (KHTML, like Gecko) Version/7.0 Mobile/11D167 Safari/9537.53"
85.113.249.214 - - [05/May/2015:00:28:31 -0700] "GET /tmUnblock.cgi HTTP/1.1" 400 539 "-" "-"
85.113.249.214 - - [05/May/2015:00:28:35 -0700] "GET / HTTP/1.1" 400 539 "-" "-"
183.252.52.249 - - [05/May/2015:00:34:04 -0700] "GET /fckeditor/editor/filemanager/browser/default/connectors/asp/connector.asp HTTP/1.0" 404 559 "http://whereshouldiski.com/fckeditor/editor/filemanager/browser/default/connectors/asp/connector.asp" "Mozilla/4.0 (compatible; MSIE 6.0; Windows NT 5.1; SV1; .NET CLR 2.0.50727)"
183.252.52.249 - - [05/May/2015:00:34:05 -0700] "GET /admin/fckeditor/editor/filemanager/browser/default/connectors/asp/connector.asp HTTP/1.0" 404 565 "http://whereshouldiski.com/admin/fckeditor/editor/filemanager/browser/default/connectors/asp/connector.asp" "Mozilla/4.0 (compatible; MSIE 6.0; Windows NT 5.1; SV1; .NET CLR 2.0.50727)"
183.252.52.249 - - [05/May/2015:00:34:06 -0700] "GET /editor/editor/filemanager/browser/default/connectors/asp/connector.asp HTTP/1.0" 404 556 "http://whereshouldiski.com/editor/editor/filemanager/browser/default/connectors/asp/connector.asp" "Mozilla/4.0 (compatible; MSIE 6.0; Windows NT 5.1; SV1; .NET CLR 2.0.50727)"
183.252.52.249 - - [05/May/2015:00:34:07 -0700] "GET /editor/filemanager/browser/default/connectors/asp/connector.asp HTTP/1.0" 404 549 "http://whereshouldiski.com/editor/filemanager/browser/default/connectors/asp/connector.asp" "Mozilla/4.0 (compatible; MSIE 6.0; Windows NT 5.1; SV1; .NET CLR 2.0.50727)"
183.252.52.249 - - [05/May/2015:00:34:08 -0700] "GET /fck/editor/filemanager/browser/default/connectors/asp/connector.asp HTTP/1.0" 404 553 "http://whereshouldiski.com/fck/editor/filemanager/browser/default/connectors/asp/connector.asp" "Mozilla/4.0 (compatible; MSIE 6.0; Windows NT 5.1; SV1; .NET CLR 2.0.50727)"
183.252.52.249 - - [05/May/2015:00:34:09 -0700] "GET /include/fckeditor/editor/filemanager/browser/default/connectors/asp/connector.asp HTTP/1.0" 404 567 "http://whereshouldiski.com/include/fckeditor/editor/filemanager/browser/default/connectors/asp/connector.asp" "Mozilla/4.0 (compatible; MSIE 6.0; Windows NT 5.1; SV1; .NET CLR 2.0.50727)"
183.252.52.249 - - [05/May/2015:00:34:10 -0700] "GET /manager/fckeditor/editor/filemanager/browser/default/connectors/asp/connector.asp HTTP/1.0" 404 567 "http://whereshouldiski.com/manager/fckeditor/editor/filemanager/browser/default/connectors/asp/connector.asp" "Mozilla/4.0 (compatible; MSIE 6.0; Windows NT 5.1; SV1; .NET CLR 2.0.50727)"
183.252.52.249 - - [05/May/2015:00:34:11 -0700] "GET /js/fckeditor/editor/filemanager/browser/default/connectors/asp/connector.asp HTTP/1.0" 404 562 "http://whereshouldiski.com/js/fckeditor/editor/filemanager/browser/default/connectors/asp/connector.asp" "Mozilla/4.0 (compatible; MSIE 6.0; Windows NT 5.1; SV1; .NET CLR 2.0.50727)"
183.252.52.249 - - [05/May/2015:00:34:12 -0700] "GET /inc/fckeditor/editor/filemanager/browser/default/connectors/asp/connector.asp HTTP/1.0" 404 563 "http://whereshouldiski.com/inc/fckeditor/editor/filemanager/browser/default/connectors/asp/connector.asp" "Mozilla/4.0 (compatible; MSIE 6.0; Windows NT 5.1; SV1; .NET CLR 2.0.50727)"
183.252.52.249 - - [05/May/2015:00:34:13 -0700] "GET /manage/fckeditor/editor/filemanager/browser/default/connectors/asp/connector.asp HTTP/1.0" 404 566 "http://whereshouldiski.com/manage/fckeditor/editor/filemanager/browser/default/connectors/asp/connector.asp" "Mozilla/4.0 (compatible; MSIE 6.0; Windows NT 5.1; SV1; .NET CLR 2.0.50727)"
183.252.52.249 - - [05/May/2015:00:34:14 -0700] "GET /edit/editor/filemanager/browser/default/connectors/asp/connector.asp HTTP/1.0" 404 554 "http://whereshouldiski.com/edit/editor/filemanager/browser/default/connectors/asp/connector.asp" "Mozilla/4.0 (compatible; MSIE 6.0; Windows NT 5.1; SV1; .NET CLR 2.0.50727)"
183.252.52.249 - - [05/May/2015:00:34:15 -0700] "GET /admin/fckeditor_ap/editor/filemanager/browser/default/connectors/asp/connector.asp HTTP/1.0" 404 568 "http://whereshouldiski.com/admin/fckeditor_ap/editor/filemanager/browser/default/connectors/asp/connector.asp" "Mozilla/4.0 (compatible; MSIE 6.0; Windows NT 5.1; SV1; .NET CLR 2.0.50727)"
183.252.52.249 - - [05/May/2015:00:34:15 -0700] "GET /fckeditor1/editor/filemanager/browser/default/connectors/asp/connector.asp HTTP/1.0" 404 560 "http://whereshouldiski.com/fckeditor1/editor/filemanager/browser/default/connectors/asp/connector.asp" "Mozilla/4.0 (compatible; MSIE 6.0; Windows NT 5.1; SV1; .NET CLR 2.0.50727)"
183.252.52.249 - - [05/May/2015:00:34:16 -0700] "GET /editor/fckeditor/editor/filemanager/browser/default/connectors/asp/connector.asp HTTP/1.0" 404 566 "http://whereshouldiski.com/editor/fckeditor/editor/filemanager/browser/default/connectors/asp/connector.asp" "Mozilla/4.0 (compatible; MSIE 6.0; Windows NT 5.1; SV1; .NET CLR 2.0.50727)"
183.252.52.249 - - [05/May/2015:00:34:17 -0700] "GET /backend/fckeditor/editor/filemanager/browser/default/connectors/asp/connector.asp HTTP/1.0" 404 567 "http://whereshouldiski.com/backend/fckeditor/editor/filemanager/browser/default/connectors/asp/connector.asp" "Mozilla/4.0 (compatible; MSIE 6.0; Windows NT 5.1; SV1; .NET CLR 2.0.50727)"
183.252.52.249 - - [05/May/2015:00:34:18 -0700] "GET /webadmin/fckeditor/editor/filemanager/browser/default/connectors/asp/connector.asp HTTP/1.0" 404 568 "http://whereshouldiski.com/webadmin/fckeditor/editor/filemanager/browser/default/connectors/asp/connector.asp" "Mozilla/4.0 (compatible; MSIE 6.0; Windows NT 5.1; SV1; .NET CLR 2.0.50727)"
183.252.52.249 - - [05/May/2015:00:34:19 -0700] "GET /administrator/fckeditor/editor/filemanager/browser/default/connectors/asp/connector.asp HTTP/1.0" 404 573 "http://whereshouldiski.com/administrator/fckeditor/editor/filemanager/browser/default/connectors/asp/connector.asp" "Mozilla/4.0 (compatible; MSIE 6.0; Windows NT 5.1; SV1; .NET CLR 2.0.50727)"
183.252.52.249 - - [05/May/2015:00:34:20 -0700] "GET /editors/fckeditor/editor/filemanager/upload/php/upload.php HTTP/1.0" 404 495 "http://whereshouldiski.com/editors/fckeditor/editor/filemanager/upload/php/upload.php" "Mozilla/4.0 (compatible; MSIE 6.0; Windows NT 5.1; SV1; .NET CLR 2.0.50727)"
183.252.52.249 - - [05/May/2015:00:34:21 -0700] "GET /editors/fckeditor/editor/filemanager/upload/asp/upload.asp HTTP/1.0" 404 544 "http://whereshouldiski.com/editors/fckeditor/editor/filemanager/upload/asp/upload.asp" "Mozilla/4.0 (compatible; MSIE 6.0; Windows NT 5.1; SV1; .NET CLR 2.0.50727)"
141.212.121.152 - - [05/May/2015:00:35:10 -0700] "GET / HTTP/1.1" 200 6095 "-" "-"
66.249.65.199 - - [05/May/2015:00:37:16 -0700] "GET / HTTP/1.1" 200 2376 "-" "Mozilla/5.0 (compatible; Googlebot/2.1; +http://www.google.com/bot.html)"
178.255.215.81 - - [05/May/2015:00:40:55 -0700] "GET /robots.txt HTTP/1.1" 200 382 "-" "Mozilla/5.0 (compatible; Exabot/3.0; +http://www.exabot.com/go/robot)"
178.255.215.81 - - [05/May/2015:00:40:56 -0700] "GET / HTTP/1.1" 200 2339 "-" "Mozilla/5.0 (compatible; Exabot/3.0; +http://www.exabot.com/go/robot)"
170.75.162.130 - - [05/May/2015:00:46:24 -0700] "GET /lib/reccapi.php?resort=redmountain HTTP/1.1" 200 901 "-" "node-superagent/0.18.2"
170.75.162.130 - - [05/May/2015:00:48:15 -0700] "GET /lib/reccapi.php?resort=alpinemeadows HTTP/1.1" 200 1012 "-" "node-superagent/0.18.2"
170.75.162.130 - - [05/May/2015:00:48:15 -0700] "GET /lib/reccapi.php?resort=chinapeak HTTP/1.1" 200 1032 "-" "node-superagent/0.18.2"
170.75.162.130 - - [05/May/2015:00:48:15 -0700] "GET /lib/reccapi.php?resort=heavenly HTTP/1.1" 200 1016 "-" "node-superagent/0.18.2"
170.75.162.130 - - [05/May/2015:00:48:15 -0700] "GET /lib/reccapi.php?resort=homewoodmountain HTTP/1.1" 200 1022 "-" "node-superagent/0.18.2"
170.75.162.130 - - [05/May/2015:00:48:15 -0700] "GET /lib/reccapi.php?resort=mammothmountain HTTP/1.1" 200 1120 "-" "node-superagent/0.18.2"
170.75.162.130 - - [05/May/2015:00:48:15 -0700] "GET /lib/reccapi.php?resort=kirkwood HTTP/1.1" 200 1019 "-" "node-superagent/0.18.2"
170.75.162.130 - - [05/May/2015:00:48:15 -0700] "GET /lib/reccapi.php?resort=mountainhigh HTTP/1.1" 200 990 "-" "node-superagent/0.18.2"
170.75.162.130 - - [05/May/2015:00:48:15 -0700] "GET /lib/reccapi.php?resort=northstar-at-tahoe HTTP/1.1" 200 998 "-" "node-superagent/0.18.2"
170.75.162.130 - - [05/May/2015:00:48:15 -0700] "GET /lib/reccapi.php?resort=sierra-at-tahoe HTTP/1.1" 200 1000 "-" "node-superagent/0.18.2"
170.75.162.130 - - [05/May/2015:00:48:15 -0700] "GET /lib/reccapi.php?resort=squawvalleyusa HTTP/1.1" 200 990 "-" "node-superagent/0.18.2"
170.75.162.130 - - [05/May/2015:00:48:15 -0700] "GET /lib/reccapi.php?resort=sugarbowl HTTP/1.1" 200 1000 "-" "node-superagent/0.18.2"
123.125.71.79 - - [05/May/2015:01:11:40 -0700] "-" 408 0 "-" "-"
170.75.162.130 - - [05/May/2015:01:15:37 -0700] "GET /lib/reccapi.php?resort=mountspokane HTTP/1.1" 200 997 "-" "node-superagent/0.18.2"
220.181.108.182 - - [05/May/2015:01:17:23 -0700] "-" 408 0 "-" "-"
66.249.65.135 - - [05/May/2015:01:33:55 -0700] "GET / HTTP/1.1" 200 2376 "-" "Mozilla/5.0 (compatible; Googlebot/2.1; +http://www.google.com/bot.html)"
123.125.71.76 - - [05/May/2015:01:53:45 -0700] "-" 408 0 "-" "-"
220.181.108.144 - - [05/May/2015:01:58:02 -0700] "GET / HTTP/1.1" 200 2339 "-" "Mozilla/5.0 (Windows NT 5.1; rv:6.0.2) Gecko/20100101 Firefox/6.0.2"
170.75.162.130 - - [05/May/2015:02:00:01 -0700] "GET /lib/reccapi.php?resort=whistlerblackcomb HTTP/1.1" 200 930 "-" "node-superagent/0.18.2"
68.180.228.182 - - [05/May/2015:02:07:39 -0700] "GET /resorts?resort=tetonpass&date=2014-10-02 HTTP/1.1" 404 450 "-" "Mozilla/5.0 (compatible; Yahoo! Slurp; http://help.yahoo.com/help/us/ysearch/slurp)"
170.75.162.130 - - [05/May/2015:02:16:12 -0700] "GET /lib/reccapi.php?resort=schweitzer HTTP/1.1" 200 964 "-" "node-superagent/0.18.2"
66.249.65.199 - - [05/May/2015:02:32:25 -0700] "GET / HTTP/1.1" 200 2376 "-" "Mozilla/5.0 (compatible; Googlebot/2.1; +http://www.google.com/bot.html)"
170.75.162.130 - - [05/May/2015:02:36:24 -0700] "GET /lib/reccapi.php?resort=sunvalley HTTP/1.1" 200 1043 "-" "node-superagent/0.18.2"
170.75.162.130 - - [05/May/2015:02:46:45 -0700] "GET /lib/reccapi.php?resort=bigwhite HTTP/1.1" 200 920 "-" "node-superagent/0.18.2"
170.75.162.130 - - [05/May/2015:02:46:45 -0700] "GET /lib/reccapi.php?resort=sunpeaksresort HTTP/1.1" 200 917 "-" "node-superagent/0.18.2"
170.75.162.130 - - [05/May/2015:02:46:45 -0700] "GET /lib/reccapi.php?resort=silverstarmountain HTTP/1.1" 200 925 "-" "node-superagent/0.18.2"
123.125.71.40 - - [05/May/2015:02:50:19 -0700] "GET / HTTP/1.1" 200 2339 "-" "Mozilla/5.0 (Windows NT 5.1; rv:6.0.2) Gecko/20100101 Firefox/6.0.2"
123.125.71.41 - - [05/May/2015:02:51:21 -0700] "GET / HTTP/1.1" 200 6114 "-" "Mozilla/5.0 (Windows NT 5.1; rv:6.0.2) Gecko/20100101 Firefox/6.0.2"
170.75.162.130 - - [05/May/2015:02:51:25 -0700] "GET /lib/reccapi.php?resort=sundayriver HTTP/1.1" 200 975 "-" "node-superagent/0.18.2"
220.181.108.157 - - [05/May/2015:02:55:18 -0700] "-" 408 0 "-" "-"
170.75.162.130 - - [05/May/2015:03:17:38 -0700] "GET /lib/reccapi.php?resort=parkcity HTTP/1.1" 200 1065 "-" "node-superagent/0.18.2"
66.249.73.214 - - [05/May/2015:03:31:36 -0700] "GET / HTTP/1.1" 200 2376 "-" "Mozilla/5.0 (compatible; Googlebot/2.1; +http://www.google.com/bot.html)"
170.75.162.130 - - [05/May/2015:03:33:15 -0700] "GET /lib/reccapi.php?resort=cannonmountain HTTP/1.1" 200 997 "-" "node-superagent/0.18.2"
170.75.162.130 - - [05/May/2015:03:33:15 -0700] "GET /lib/reccapi.php?resort=wildcatmountain HTTP/1.1" 200 1002 "-" "node-superagent/0.18.2"
170.75.162.130 - - [05/May/2015:03:36:55 -0700] "GET /lib/reccapi.php?resort=devilshead HTTP/1.1" 200 1003 "-" "node-superagent/0.18.2"
175.145.125.159 - - [05/May/2015:03:41:33 -0700] "GET / HTTP/1.1" 200 2376 "http://buttons-for-your-website.com" "Mozilla/5.0 (Windows NT 6.1; WOW64) AppleWebKit/537.36 (KHTML, like Gecko) Chrome/36.0.1985.143 Safari/537.36"
175.145.125.159 - - [05/May/2015:03:41:34 -0700] "GET /styles/0fffd548.main.css HTTP/1.1" 200 19316 "http://whereshouldiski.com/" "Mozilla/5.0 (Windows NT 6.1; WOW64) AppleWebKit/537.36 (KHTML, like Gecko) Chrome/36.0.1985.143 Safari/537.36"
175.145.125.159 - - [05/May/2015:03:41:35 -0700] "GET /scripts/scripts/vendor/modernizr.js HTTP/1.1" 200 4903 "http://whereshouldiski.com/" "Mozilla/5.0 (Windows NT 6.1; WOW64) AppleWebKit/537.36 (KHTML, like Gecko) Chrome/36.0.1985.143 Safari/537.36"
175.145.125.159 - - [05/May/2015:03:41:35 -0700] "GET /bower_components/requirejs/require.js HTTP/1.1" 200 6702 "http://whereshouldiski.com/" "Mozilla/5.0 (Windows NT 6.1; WOW64) AppleWebKit/537.36 (KHTML, like Gecko) Chrome/36.0.1985.143 Safari/537.36"
175.145.125.159 - - [05/May/2015:03:41:37 -0700] "GET /images/logo-sm.png HTTP/1.1" 200 16737 "http://whereshouldiski.com/" "Mozilla/5.0 (Windows NT 6.1; WOW64) AppleWebKit/537.36 (KHTML, like Gecko) Chrome/36.0.1985.143 Safari/537.36"
175.145.125.159 - - [05/May/2015:03:41:37 -0700] "GET /images/loading.gif HTTP/1.1" 200 13881 "http://whereshouldiski.com/" "Mozilla/5.0 (Windows NT 6.1; WOW64) AppleWebKit/537.36 (KHTML, like Gecko) Chrome/36.0.1985.143 Safari/537.36"
175.145.125.159 - - [05/May/2015:03:41:37 -0700] "GET /scripts/fa48e319.main.js HTTP/1.1" 200 37476 "http://whereshouldiski.com/" "Mozilla/5.0 (Windows NT 6.1; WOW64) AppleWebKit/537.36 (KHTML, like Gecko) Chrome/36.0.1985.143 Safari/537.36"
170.75.162.130 - - [05/May/2015:03:43:06 -0700] "GET /lib/reccapi.php?resort=mounthoodmeadows HTTP/1.1" 200 1066 "-" "node-superagent/0.18.2"
170.75.162.130 - - [05/May/2015:03:43:06 -0700] "GET /lib/reccapi.php?resort=mountbachelor HTTP/1.1" 200 1025 "-" "node-superagent/0.18.2"
170.75.162.130 - - [05/May/2015:03:43:06 -0700] "GET /lib/reccapi.php?resort=hoodoo HTTP/1.1" 200 1057 "-" "node-superagent/0.18.2"
100.43.91.4 - - [05/May/2015:03:46:28 -0700] "GET /robots.txt HTTP/1.1" 200 375 "-" "Mozilla/5.0 (compatible; YandexBot/3.0; +http://yandex.com/bots)"
123.125.71.76 - - [05/May/2015:03:52:01 -0700] "GET / HTTP/1.1" 200 2339 "-" "Mozilla/5.0 (Windows NT 5.1; rv:6.0.2) Gecko/20100101 Firefox/6.0.2"
123.125.71.95 - - [05/May/2015:03:52:51 -0700] "-" 408 0 "-" "-"
68.180.228.182 - - [05/May/2015:03:53:28 -0700] "GET /resorts?resort=montanasnowbowl&date=2014-11-22 HTTP/1.1" 404 450 "-" "Mozilla/5.0 (compatible; Yahoo! Slurp; http://help.yahoo.com/help/us/ysearch/slurp)"
220.181.108.182 - - [05/May/2015:03:56:51 -0700] "-" 408 0 "-" "-"
170.75.162.130 - - [05/May/2015:04:00:58 -0700] "GET /lib/reccapi.php?resort=buttermilk HTTP/1.1" 200 1029 "-" "node-superagent/0.18.2"
66.249.65.140 - - [05/May/2015:04:25:38 -0700] "GET / HTTP/1.1" 200 2376 "-" "Mozilla/5.0 (compatible; Googlebot/2.1; +http://www.google.com/bot.html)"
100.43.91.4 - - [05/May/2015:04:39:19 -0700] "GET /resorts?resort=buttermilk HTTP/1.1" 404 506 "-" "Mozilla/5.0 (compatible; YandexBot/3.0; +http://yandex.com/bots)"
61.135.190.102 - - [05/May/2015:04:40:44 -0700] "GET / HTTP/1.1" 200 2376 "http://www.baidu.com/s?wd=WhereShouldISki-WeatherData-DrivenRecommendationsforSkiing" "Mozilla/5.0 (Windows NT 6.1; WOW64) AppleWebKit/537.36 (KHTML, like Gecko) Chrome/36.0.1985.143 Safari/537.36"
61.135.190.104 - - [05/May/2015:04:40:45 -0700] "GET /scripts/scripts/vendor/modernizr.js HTTP/1.1" 200 4903 "http://www.whereshouldiski.com/" "Mozilla/5.0 (Windows NT 6.1; WOW64) AppleWebKit/537.36 (KHTML, like Gecko) Chrome/36.0.1985.143 Safari/537.36"
61.135.190.102 - - [05/May/2015:04:40:45 -0700] "GET /bower_components/requirejs/require.js HTTP/1.1" 200 6701 "http://www.whereshouldiski.com/" "Mozilla/5.0 (Windows NT 6.1; WOW64) AppleWebKit/537.36 (KHTML, like Gecko) Chrome/36.0.1985.143 Safari/537.36"
61.135.190.102 - - [05/May/2015:04:40:45 -0700] "GET /scripts/fa48e319.main.js HTTP/1.1" 200 123455 "http://www.whereshouldiski.com/" "Mozilla/5.0 (Windows NT 6.1; WOW64) AppleWebKit/537.36 (KHTML, like Gecko) Chrome/36.0.1985.143 Safari/537.36"
61.135.190.103 - - [05/May/2015:04:40:47 -0700] "GET /lib/reccapi.php?fields=t HTTP/1.1" 200 1755 "http://www.whereshouldiski.com/" "Mozilla/5.0 (Windows NT 6.1; WOW64) AppleWebKit/537.36 (KHTML, like Gecko) Chrome/36.0.1985.143 Safari/537.36"
170.75.162.130 - - [05/May/2015:04:44:32 -0700] "GET /lib/reccapi.php?resort=monarch HTTP/1.1" 200 1059 "-" "node-superagent/0.18.2"
170.75.162.130 - - [05/May/2015:04:50:42 -0700] "GET /lib/reccapi.php?resort=angelfire HTTP/1.1" 200 1017 "-" "node-superagent/0.18.2"
123.125.71.112 - - [05/May/2015:04:51:20 -0700] "-" 408 0 "-" "-"
220.181.108.159 - - [05/May/2015:04:55:58 -0700] "-" 408 0 "-" "-"
170.75.162.130 - - [05/May/2015:05:06:24 -0700] "GET /lib/reccapi.php?resort=brianhead HTTP/1.1" 200 1092 "-" "node-superagent/0.18.2"
170.75.162.130 - - [05/May/2015:05:07:24 -0700] "GET /lib/reccapi.php?resort=stevenspass HTTP/1.1" 200 1059 "-" "node-superagent/0.18.2"
170.75.162.130 - - [05/May/2015:05:08:04 -0700] "GET /lib/reccapi.php?resort=brighton HTTP/1.1" 200 1038 "-" "node-superagent/0.18.2"
70.189.153.129 - - [05/May/2015:05:08:30 -0700] "GET /images/wsis-logo-sm.png HTTP/1.1" 200 6108 "http://www.thebackcountry.net/" "Mozilla/5.0 (Macintosh; Intel Mac OS X 10_10_3) AppleWebKit/600.5.17 (KHTML, like Gecko) Version/8.0.5 Safari/600.5.17"
216.52.242.14 - - [05/May/2015:05:12:22 -0700] "GET /images/viz-screenshot.png HTTP/1.1" 404 480 "-" "LinkedInBot/1.0 (compatible; Mozilla/5.0; Jakarta Commons-HttpClient/4.3 +http://www.linkedin.com)"
66.249.65.252 - - [05/May/2015:05:22:48 -0700] "GET / HTTP/1.1" 200 2376 "-" "Mozilla/5.0 (compatible; Googlebot/2.1; +http://www.google.com/bot.html)"
170.75.162.130 - - [05/May/2015:05:50:48 -0700] "GET /lib/reccapi.php?resort=deervalley HTTP/1.1" 200 1064 "-" "node-superagent/0.18.2"
170.75.162.130 - - [05/May/2015:05:50:48 -0700] "GET /lib/reccapi.php?resort=solitude HTTP/1.1" 200 1027 "-" "node-superagent/0.18.2"
178.255.215.81 - - [05/May/2015:06:10:35 -0700] "GET /resorts?resort=elkridge HTTP/1.1" 404 469 "-" "Mozilla/5.0 (compatible; Exabot/3.0; +http://www.exabot.com/go/robot)"
170.75.162.130 - - [05/May/2015:06:14:30 -0700] "GET /lib/reccapi.php?resort=sugarbowl HTTP/1.1" 200 1000 "-" "node-superagent/0.18.2"
82.88.14.18 - - [05/May/2015:06:15:53 -0700] "GET /images/wsis-logo-sm.png HTTP/1.1" 200 6108 "http://thebackcountry.net/" "Mozilla/5.0 (Windows NT 6.1; WOW64) AppleWebKit/537.36 (KHTML, like Gecko) Chrome/36.0.1985.143 Safari/537.36"
123.125.71.104 - - [05/May/2015:06:17:51 -0700] "-" 408 0 "-" "-"
66.249.65.133 - - [05/May/2015:06:21:48 -0700] "GET / HTTP/1.1" 200 2376 "-" "Mozilla/5.0 (compatible; Googlebot/2.1; +http://www.google.com/bot.html)"
220.181.108.99 - - [05/May/2015:06:22:20 -0700] "-" 408 0 "-" "-"
170.75.162.130 - - [05/May/2015:06:38:52 -0700] "GET /lib/reccapi.php?resort=sugarloaf HTTP/1.1" 200 946 "-" "node-superagent/0.18.2"
170.75.162.130 - - [05/May/2015:06:41:02 -0700] "GET /lib/reccapi.php?resort=whitefacemountain HTTP/1.1" 200 985 "-" "node-superagent/0.18.2"
123.125.71.71 - - [05/May/2015:06:42:02 -0700] "-" 408 0 "-" "-"
220.181.108.120 - - [05/May/2015:06:46:47 -0700] "GET / HTTP/1.1" 200 2339 "-" "Mozilla/5.0 (Windows NT 5.1; rv:6.0.2) Gecko/20100101 Firefox/6.0.2"
220.181.108.122 - - [05/May/2015:06:48:07 -0700] "GET / HTTP/1.1" 200 6114 "-" "Mozilla/5.0 (Windows NT 5.1; rv:6.0.2) Gecko/20100101 Firefox/6.0.2"
213.133.97.216 - - [05/May/2015:07:12:37 -0700] "GET / HTTP/1.1" 200 6114 "-" "Mozilla/5.0 (Windows NT 6.1; rv:36.0) Gecko/20100101 Firefox/36.0"
66.249.65.252 - - [05/May/2015:07:31:47 -0700] "GET / HTTP/1.1" 200 2376 "-" "Mozilla/5.0 (compatible; Googlebot/2.1; +http://www.google.com/bot.html)"
170.75.162.130 - - [05/May/2015:07:34:59 -0700] "GET /lib/reccapi.php?resort=canyons HTTP/1.1" 200 1031 "-" "node-superagent/0.18.2"
123.125.71.16 - - [05/May/2015:07:51:41 -0700] "GET / HTTP/1.1" 200 2339 "-" "Mozilla/5.0 (Windows NT 5.1; rv:6.0.2) Gecko/20100101 Firefox/6.0.2"
170.75.162.130 - - [05/May/2015:07:52:52 -0700] "GET /lib/reccapi.php?resort=mounthoodmeadows HTTP/1.1" 200 1085 "-" "node-superagent/0.18.2"
123.125.71.48 - - [05/May/2015:07:52:53 -0700] "-" 408 0 "-" "-"
104.154.63.68 - - [05/May/2015:07:54:08 -0700] "GET / HTTP/1.0" 200 6151 "-" "NerdyBot"
220.181.108.87 - - [05/May/2015:07:56:42 -0700] "-" 408 0 "-" "-"
66.87.118.150 - - [05/May/2015:07:57:55 -0700] "GET /images/wsis-logo-sm.png HTTP/1.1" 200 6108 "http://thebackcountry.net/" "Mozilla/5.0 (Linux; U; Android 4.4.2; en-us; SPH-L710 Build/KOT49H) AppleWebKit/534.30 (KHTML, like Gecko) Version/4.0 Mobile Safari/534.30"
170.75.162.130 - - [05/May/2015:07:58:12 -0700] "GET /lib/reccapi.php?resort=mtrose HTTP/1.1" 200 980 "-" "node-superagent/0.18.2"
66.87.118.150 - - [05/May/2015:07:58:18 -0700] "-" 408 0 "-" "-"
24.180.42.102 - - [05/May/2015:08:17:00 -0700] "GET /images/wsis-logo-sm.png HTTP/1.1" 200 6108 "http://www.thebackcountry.net/" "Mozilla/5.0 (Windows NT 6.3; WOW64; Trident/7.0; rv:11.0) like Gecko"
24.180.42.102 - - [05/May/2015:08:17:21 -0700] "-" 408 0 "-" "-"
24.180.42.102 - - [05/May/2015:08:18:06 -0700] "-" 408 0 "-" "-"
50.192.217.113 - - [05/May/2015:08:19:53 -0700] "GET /images/wsis-logo-sm.png HTTP/1.1" 200 6108 "http://thebackcountry.net/" "Mozilla/5.0 (Windows NT 6.1; WOW64) AppleWebKit/537.36 (KHTML, like Gecko) Chrome/42.0.2311.135 Safari/537.36"
66.249.65.234 - - [05/May/2015:08:28:38 -0700] "GET /robots.txt HTTP/1.1" 200 419 "-" "Mozilla/5.0 (compatible; Googlebot/2.1; +http://www.google.com/bot.html)"
66.249.65.234 - - [05/May/2015:08:28:38 -0700] "GET /lib/resortDataSearch.php?resort=49degreesnorth&dateStart=2013-10-14&dateMax=2013-10-24&size=30 HTTP/1.1" 200 330 "-" "Mozilla/5.0 (compatible; Googlebot/2.1; +http://www.google.com/bot.html)"
167.187.101.239 - - [05/May/2015:08:35:48 -0700] "GET /images/wsis-logo-sm.png HTTP/1.1" 200 6108 "http://www.thebackcountry.net/" "Mozilla/5.0 (compatible; MSIE 10.0; Windows NT 6.1; WOW64; Trident/6.0)"
170.75.162.130 - - [05/May/2015:08:37:35 -0700] "GET /lib/reccapi.php?resort=keystone HTTP/1.1" 200 1112 "-" "node-superagent/0.18.2"
123.125.71.45 - - [05/May/2015:08:47:09 -0700] "GET / HTTP/1.1" 200 2339 "-" "Mozilla/5.0 (Windows NT 5.1; rv:6.0.2) Gecko/20100101 Firefox/6.0.2"
123.125.71.53 - - [05/May/2015:08:48:04 -0700] "-" 408 0 "-" "-"
170.75.162.130 - - [05/May/2015:08:48:45 -0700] "GET /lib/reccapi.php?resort=snowmass HTTP/1.1" 200 1015 "-" "node-superagent/0.18.2"
220.181.108.170 - - [05/May/2015:08:51:47 -0700] "-" 408 0 "-" "-"
188.163.89.98 - - [05/May/2015:08:53:30 -0700] "GET /administrator/index.php HTTP/1.1" 404 532 "-" "Mozilla/5.0 (Windows NT 5.1; rv:29.0) Gecko/20100101 Firefox/29.0"
170.75.162.130 - - [05/May/2015:08:59:26 -0700] "GET /lib/reccapi.php?resort=snowbasin HTTP/1.1" 200 1028 "-" "node-superagent/0.18.2"
66.249.79.1 - - [05/May/2015:09:24:27 -0700] "GET /robots.txt HTTP/1.1" 200 419 "-" "Mozilla/5.0 (compatible; Googlebot/2.1; +http://www.google.com/bot.html)"
66.249.79.14 - - [05/May/2015:09:24:27 -0700] "GET /lib/resortDataSearch.php?resort=sierra-at-tahoe&dateStart=2013-03-03&dateMax=2013-03-13&size=30 HTTP/1.1" 200 331 "-" "Mozilla/5.0 (compatible; Googlebot/2.1; +http://www.google.com/bot.html)"
170.75.162.130 - - [05/May/2015:09:31:59 -0700] "GET /lib/reccapi.php?resort=jacksonhole HTTP/1.1" 200 1134 "-" "node-superagent/0.18.2"
170.75.162.130 - - [05/May/2015:09:32:59 -0700] "GET /lib/reccapi.php?resort=angelfire HTTP/1.1" 200 1015 "-" "node-superagent/0.18.2"
170.75.162.130 - - [05/May/2015:09:32:59 -0700] "GET /lib/reccapi.php?resort=taos HTTP/1.1" 200 957 "-" "node-superagent/0.18.2"
170.75.162.130 - - [05/May/2015:09:33:19 -0700] "GET /lib/reccapi.php?resort=arapahoebasin HTTP/1.1" 200 1115 "-" "node-superagent/0.18.2"
170.75.162.130 - - [05/May/2015:09:42:10 -0700] "GET /lib/reccapi.php?resort=49degreesnorth HTTP/1.1" 200 1057 "-" "node-superagent/0.18.2"
123.125.71.43 - - [05/May/2015:09:45:03 -0700] "-" 408 0 "-" "-"
220.181.108.170 - - [05/May/2015:09:48:55 -0700] "-" 408 0 "-" "-"
24.180.42.102 - - [05/May/2015:09:49:34 -0700] "GET /images/wsis-logo-sm.png HTTP/1.1" 200 6108 "http://www.thebackcountry.net/" "Mozilla/5.0 (Windows NT 6.3; WOW64; Trident/7.0; rv:11.0) like Gecko"
24.180.42.102 - - [05/May/2015:09:49:55 -0700] "-" 408 0 "-" "-"
170.75.162.130 - - [05/May/2015:10:12:13 -0700] "GET /lib/reccapi.php?resort=snowbird HTTP/1.1" 200 1028 "-" "node-superagent/0.18.2"
170.75.162.130 - - [05/May/2015:10:14:13 -0700] "GET /lib/reccapi.php?resort=coppermountain HTTP/1.1" 200 1104 "-" "node-superagent/0.18.2"
70.211.68.204 - - [05/May/2015:10:14:42 -0700] "GET /images/wsis-logo-sm.png HTTP/1.1" 200 6108 "http://www.thebackcountry.net/" "Mozilla/5.0 (iPhone; CPU iPhone OS 7_1_2 like Mac OS X) AppleWebKit/537.51.2 (KHTML, like Gecko) Version/7.0 Mobile/11D257 Safari/9537.53"
167.187.101.239 - - [05/May/2015:10:27:05 -0700] "-" 408 0 "-" "-"
170.75.162.130 - - [05/May/2015:10:28:34 -0700] "GET /lib/reccapi.php?resort=winterpark HTTP/1.1" 200 1068 "-" "node-superagent/0.18.2"
187.216.251.198 - - [05/May/2015:10:30:20 -0700] "HEAD / HTTP/1.0" 200 310 "-" "-"
170.75.162.130 - - [05/May/2015:10:37:15 -0700] "GET /lib/reccapi.php?resort=diamondpeak HTTP/1.1" 200 977 "-" "node-superagent/0.18.2"
170.75.162.130 - - [05/May/2015:10:37:35 -0700] "GET /lib/reccapi.php?resort=grandtarghee HTTP/1.1" 200 1101 "-" "node-superagent/0.18.2"
170.75.162.130 - - [05/May/2015:10:37:35 -0700] "GET /lib/reccapi.php?resort=alyeska HTTP/1.1" 200 958 "-" "node-superagent/0.18.2"
170.75.162.130 - - [05/May/2015:10:37:35 -0700] "GET /lib/reccapi.php?resort=telluride HTTP/1.1" 200 1017 "-" "node-superagent/0.18.2"
206.29.176.51 - - [05/May/2015:10:38:08 -0700] "GET /backbonetest.html HTTP/1.1" 404 506 "-" "Mozilla/5.0 (Macintosh; Intel Mac OS X 10_10_3) AppleWebKit/600.5.17 (KHTML, like Gecko) Version/8.0.5 Safari/600.5.17"
206.29.176.51 - - [05/May/2015:10:38:08 -0700] "GET /favicon.ico HTTP/1.1" 200 1475 "http://whereshouldiski.com/backbonetest.html" "Mozilla/5.0 (Macintosh; Intel Mac OS X 10_10_3) AppleWebKit/600.5.17 (KHTML, like Gecko) Version/8.0.5 Safari/600.5.17"
206.29.176.51 - - [05/May/2015:10:38:09 -0700] "GET /backbonetest.html HTTP/1.1" 404 505 "-" "Mozilla/5.0 (iPhone; CPU iPhone OS 8_1 like Mac OS X) AppleWebKit/600.1.4 (KHTML, like Gecko) Version/8.0 Mobile/12B410 Safari/600.1.4"
206.29.176.51 - - [05/May/2015:10:38:09 -0700] "GET /apple-touch-icon-precomposed.png HTTP/1.1" 404 521 "-" "com.apple.WebKit.WebContent/10600.5.17 CFNetwork/720.3.13 Darwin/14.3.0 (x86_64)"
206.29.176.51 - - [05/May/2015:10:38:09 -0700] "GET /apple-touch-icon.png HTTP/1.1" 404 512 "-" "com.apple.WebKit.WebContent/10600.5.17 CFNetwork/720.3.13 Darwin/14.3.0 (x86_64)"
170.75.162.130 - - [05/May/2015:10:50:16 -0700] "GET /lib/reccapi.php?resort=bigsky HTTP/1.1" 200 1104 "-" "node-superagent/0.18.2"
170.75.162.130 - - [05/May/2015:10:58:07 -0700] "GET /lib/reccapi.php?resort=aspenmountain HTTP/1.1" 200 1034 "-" "node-superagent/0.18.2"
170.75.162.130 - - [05/May/2015:10:58:07 -0700] "GET /lib/reccapi.php?resort=aspenheights HTTP/1.1" 200 1053 "-" "node-superagent/0.18.2"
170.75.162.130 - - [05/May/2015:10:58:07 -0700] "GET /lib/reccapi.php?resort=steamboat HTTP/1.1" 200 1036 "-" "node-superagent/0.18.2"
170.75.162.130 - - [05/May/2015:10:58:07 -0700] "GET /lib/reccapi.php?resort=crestedbutte HTTP/1.1" 200 1088 "-" "node-superagent/0.18.2"
170.75.162.130 - - [05/May/2015:10:58:07 -0700] "GET /lib/reccapi.php?resort=loveland HTTP/1.1" 200 1113 "-" "node-superagent/0.18.2"
170.75.162.130 - - [05/May/2015:10:58:37 -0700] "GET /lib/reccapi.php?resort=stowe HTTP/1.1" 200 933 "-" "node-superagent/0.18.2"
170.75.162.130 - - [05/May/2015:11:00:17 -0700] "GET /lib/reccapi.php?resort=madriverglen HTTP/1.1" 200 955 "-" "node-superagent/0.18.2"
170.75.162.130 - - [05/May/2015:11:00:17 -0700] "GET /lib/reccapi.php?resort=jaypeak HTTP/1.1" 200 968 "-" "node-superagent/0.18.2"
170.75.162.130 - - [05/May/2015:11:00:17 -0700] "GET /lib/reccapi.php?resort=killington HTTP/1.1" 200 953 "-" "node-superagent/0.18.2"
170.75.162.130 - - [05/May/2015:11:00:17 -0700] "GET /lib/reccapi.php?resort=sugarbush HTTP/1.1" 200 954 "-" "node-superagent/0.18.2"
170.75.162.130 - - [05/May/2015:11:00:17 -0700] "GET /lib/reccapi.php?resort=smugglersnotch HTTP/1.1" 200 958 "-" "node-superagent/0.18.2"
170.75.162.130 - - [05/May/2015:11:03:17 -0700] "GET /lib/reccapi.php?resort=crystalmountain HTTP/1.1" 200 1090 "-" "node-superagent/0.18.2"
170.75.162.130 - - [05/May/2015:11:03:57 -0700] "GET /lib/reccapi.php?resort=redlodge HTTP/1.1" 200 1075 "-" "node-superagent/0.18.2"
123.125.71.51 - - [05/May/2015:11:11:55 -0700] "-" 408 0 "-" "-"
220.181.108.152 - - [05/May/2015:11:16:33 -0700] "-" 408 0 "-" "-"
206.29.176.51 - - [05/May/2015:11:29:43 -0700] "GET / HTTP/1.1" 200 2376 "-" "Mozilla/5.0 (Macintosh; Intel Mac OS X 10.10; rv:37.0) Gecko/20100101 Firefox/37.0"
206.29.176.51 - - [05/May/2015:11:29:44 -0700] "GET /styles/0fffd548.main.css HTTP/1.1" 200 19316 "http://whereshouldiski.com/" "Mozilla/5.0 (Macintosh; Intel Mac OS X 10.10; rv:37.0) Gecko/20100101 Firefox/37.0"
206.29.176.51 - - [05/May/2015:11:29:44 -0700] "GET /scripts/scripts/vendor/modernizr.js HTTP/1.1" 200 4903 "http://whereshouldiski.com/" "Mozilla/5.0 (Macintosh; Intel Mac OS X 10.10; rv:37.0) Gecko/20100101 Firefox/37.0"
206.29.176.51 - - [05/May/2015:11:29:44 -0700] "GET /bower_components/requirejs/require.js HTTP/1.1" 200 6702 "http://whereshouldiski.com/" "Mozilla/5.0 (Macintosh; Intel Mac OS X 10.10; rv:37.0) Gecko/20100101 Firefox/37.0"
206.29.176.51 - - [05/May/2015:11:29:44 -0700] "GET /images/logo-sm.png HTTP/1.1" 200 16737 "http://whereshouldiski.com/" "Mozilla/5.0 (Macintosh; Intel Mac OS X 10.10; rv:37.0) Gecko/20100101 Firefox/37.0"
206.29.176.51 - - [05/May/2015:11:29:44 -0700] "GET /images/loading.gif HTTP/1.1" 200 13881 "http://whereshouldiski.com/" "Mozilla/5.0 (Macintosh; Intel Mac OS X 10.10; rv:37.0) Gecko/20100101 Firefox/37.0"
206.29.176.51 - - [05/May/2015:11:29:44 -0700] "GET /scripts/fa48e319.main.js HTTP/1.1" 200 123455 "http://whereshouldiski.com/" "Mozilla/5.0 (Macintosh; Intel Mac OS X 10.10; rv:37.0) Gecko/20100101 Firefox/37.0"
206.29.176.51 - - [05/May/2015:11:29:45 -0700] "GET /images/greyHeader.png HTTP/1.1" 200 508 "http://whereshouldiski.com/styles/0fffd548.main.css" "Mozilla/5.0 (Macintosh; Intel Mac OS X 10.10; rv:37.0) Gecko/20100101 Firefox/37.0"
206.29.176.51 - - [05/May/2015:11:29:45 -0700] "GET /lib/reccapi.php?fields=t HTTP/1.1" 200 1834 "http://whereshouldiski.com/" "Mozilla/5.0 (Macintosh; Intel Mac OS X 10.10; rv:37.0) Gecko/20100101 Firefox/37.0"
206.29.176.51 - - [05/May/2015:11:29:45 -0700] "GET /images/snowflake5.png HTTP/1.1" 200 2857 "http://whereshouldiski.com/styles/0fffd548.main.css" "Mozilla/5.0 (Macintosh; Intel Mac OS X 10.10; rv:37.0) Gecko/20100101 Firefox/37.0"
206.29.176.51 - - [05/May/2015:11:29:45 -0700] "GET /images/star5.png HTTP/1.1" 200 1783 "http://whereshouldiski.com/styles/0fffd548.main.css" "Mozilla/5.0 (Macintosh; Intel Mac OS X 10.10; rv:37.0) Gecko/20100101 Firefox/37.0"
206.29.176.51 - - [05/May/2015:11:29:45 -0700] "GET /images/bluebird5.png HTTP/1.1" 200 2177 "http://whereshouldiski.com/styles/0fffd548.main.css" "Mozilla/5.0 (Macintosh; Intel Mac OS X 10.10; rv:37.0) Gecko/20100101 Firefox/37.0"
206.29.176.51 - - [05/May/2015:11:29:45 -0700] "GET /images/mtns-icon.png HTTP/1.1" 200 1097 "http://whereshouldiski.com/styles/0fffd548.main.css" "Mozilla/5.0 (Macintosh; Intel Mac OS X 10.10; rv:37.0) Gecko/20100101 Firefox/37.0"
206.29.176.51 - - [05/May/2015:11:29:45 -0700] "GET /images/shading-icon.png HTTP/1.1" 200 537 "http://whereshouldiski.com/styles/0fffd548.main.css" "Mozilla/5.0 (Macintosh; Intel Mac OS X 10.10; rv:37.0) Gecko/20100101 Firefox/37.0"
206.29.176.51 - - [05/May/2015:11:29:46 -0700] "GET /favicon.ico HTTP/1.1" 200 1475 "-" "Mozilla/5.0 (Macintosh; Intel Mac OS X 10.10; rv:37.0) Gecko/20100101 Firefox/37.0"
206.29.176.51 - - [05/May/2015:11:29:51 -0700] "GET /lib/reccapi.php?fields=t&coords=47.5783136,-122.16516070000002 HTTP/1.1" 200 2031 "http://whereshouldiski.com/" "Mozilla/5.0 (Macintosh; Intel Mac OS X 10.10; rv:37.0) Gecko/20100101 Firefox/37.0"
206.29.176.51 - - [05/May/2015:11:29:54 -0700] "GET /lib/reccapi.php?fields=t&coords=47.5783136,-122.16516070000002&distance=200 HTTP/1.1" 200 1597 "http://whereshouldiski.com/" "Mozilla/5.0 (Macintosh; Intel Mac OS X 10.10; rv:37.0) Gecko/20100101 Firefox/37.0"
206.29.176.51 - - [05/May/2015:11:29:54 -0700] "GET /images/greenHeader.png HTTP/1.1" 200 508 "http://whereshouldiski.com/styles/0fffd548.main.css" "Mozilla/5.0 (Macintosh; Intel Mac OS X 10.10; rv:37.0) Gecko/20100101 Firefox/37.0"
206.29.176.51 - - [05/May/2015:11:29:58 -0700] "GET /lib/reccapi.php?fields=t&coords=47.5783136,-122.16516070000002 HTTP/1.1" 200 2030 "http://whereshouldiski.com/" "Mozilla/5.0 (Macintosh; Intel Mac OS X 10.10; rv:37.0) Gecko/20100101 Firefox/37.0"
206.29.176.51 - - [05/May/2015:11:30:00 -0700] "GET /lib/reccapi.php?fields=t&coords=47.5783136,-122.16516070000002&region=Rockies HTTP/1.1" 200 1671 "http://whereshouldiski.com/" "Mozilla/5.0 (Macintosh; Intel Mac OS X 10.10; rv:37.0) Gecko/20100101 Firefox/37.0"
206.29.176.51 - - [05/May/2015:11:30:03 -0700] "GET /lib/reccapi.php?fields=t&coords=47.5783136,-122.16516070000002&region=Rockies&state=ID HTTP/1.1" 200 1325 "http://whereshouldiski.com/" "Mozilla/5.0 (Macintosh; Intel Mac OS X 10.10; rv:37.0) Gecko/20100101 Firefox/37.0"
206.29.176.51 - - [05/May/2015:11:30:05 -0700] "GET /lib/reccapi.php?fields=t&coords=47.5783136,-122.16516070000002&region=Rockies HTTP/1.1" 200 1671 "http://whereshouldiski.com/" "Mozilla/5.0 (Macintosh; Intel Mac OS X 10.10; rv:37.0) Gecko/20100101 Firefox/37.0"
206.29.176.51 - - [05/May/2015:11:30:07 -0700] "GET /lib/reccapi.php?fields=t&coords=47.5783136,-122.16516070000002&region=Rockies&date=2015-05-07 HTTP/1.1" 200 1638 "http://whereshouldiski.com/" "Mozilla/5.0 (Macintosh; Intel Mac OS X 10.10; rv:37.0) Gecko/20100101 Firefox/37.0"
206.29.176.51 - - [05/May/2015:11:30:09 -0700] "GET /lib/reccapi.php?fields=t&coords=47.5783136,-122.16516070000002&region=Rockies&date=2015-05-07&state=CO HTTP/1.1" 200 1235 "http://whereshouldiski.com/" "Mozilla/5.0 (Macintosh; Intel Mac OS X 10.10; rv:37.0) Gecko/20100101 Firefox/37.0"
206.29.176.51 - - [05/May/2015:11:30:10 -0700] "GET /lib/reccapi.php?fields=t&coords=47.5783136,-122.16516070000002&region=Rockies&date=2015-05-07&state=CO&powder=2 HTTP/1.1" 200 758 "http://whereshouldiski.com/" "Mozilla/5.0 (Macintosh; Intel Mac OS X 10.10; rv:37.0) Gecko/20100101 Firefox/37.0"
206.29.176.51 - - [05/May/2015:11:30:12 -0700] "GET /lib/reccapi.php?fields=t&coords=47.5783136,-122.16516070000002&region=Rockies&date=2015-05-07&state=CO HTTP/1.1" 200 1235 "http://whereshouldiski.com/" "Mozilla/5.0 (Macintosh; Intel Mac OS X 10.10; rv:37.0) Gecko/20100101 Firefox/37.0"
206.29.176.51 - - [05/May/2015:11:30:13 -0700] "GET /lib/reccapi.php?fields=t&coords=47.5783136,-122.16516070000002&date=2015-05-07&state=CO HTTP/1.1" 200 1235 "http://whereshouldiski.com/" "Mozilla/5.0 (Macintosh; Intel Mac OS X 10.10; rv:37.0) Gecko/20100101 Firefox/37.0"
206.29.176.51 - - [05/May/2015:11:30:14 -0700] "GET /lib/reccapi.php?fields=t&coords=47.5783136,-122.16516070000002&date=2015-05-07 HTTP/1.1" 200 2058 "http://whereshouldiski.com/" "Mozilla/5.0 (Macintosh; Intel Mac OS X 10.10; rv:37.0) Gecko/20100101 Firefox/37.0"
206.29.176.51 - - [05/May/2015:11:30:15 -0700] "GET /lib/reccapi.php?fields=t&coords=47.5783136,-122.16516070000002 HTTP/1.1" 200 2030 "http://whereshouldiski.com/" "Mozilla/5.0 (Macintosh; Intel Mac OS X 10.10; rv:37.0) Gecko/20100101 Firefox/37.0"
127.0.0.1 - - [05/May/2015:11:30:21 -0700] "OPTIONS * HTTP/1.0" 200 126 "-" "Apache/2.2.22 (Ubuntu) (internal dummy connection)"
170.75.162.130 - - [05/May/2015:11:37:40 -0700] "GET /lib/reccapi.php?resort=alta HTTP/1.1" 200 1032 "-" "node-superagent/0.18.2"
71.130.52.243 - - [05/May/2015:11:38:30 -0700] "GET /images/wsis-logo-sm.png HTTP/1.1" 200 6108 "http://www.thebackcountry.net/" "Mozilla/5.0 (Windows NT 6.1; WOW64) AppleWebKit/537.36 (KHTML, like Gecko) Chrome/42.0.2311.135 Safari/537.36"
206.29.176.51 - - [05/May/2015:11:39:07 -0700] "GET /lib/reccapi.php?fields=t&coords=47.5783136,-122.16516070000002 HTTP/1.1" 200 2031 "http://whereshouldiski.com/" "Mozilla/5.0 (Macintosh; Intel Mac OS X 10.10; rv:37.0) Gecko/20100101 Firefox/37.0"
206.29.176.51 - - [05/May/2015:11:39:09 -0700] "GET /lib/reccapi.php?fields=t&coords=47.5783136,-122.16516070000002&date=2015-05-09 HTTP/1.1" 200 1992 "http://whereshouldiski.com/" "Mozilla/5.0 (Macintosh; Intel Mac OS X 10.10; rv:37.0) Gecko/20100101 Firefox/37.0"
206.29.176.51 - - [05/May/2015:11:39:11 -0700] "GET /lib/reccapi.php?fields=t&coords=47.5783136,-122.16516070000002&date=2015-05-09&sort=bluebird HTTP/1.1" 200 1828 "http://whereshouldiski.com/" "Mozilla/5.0 (Macintosh; Intel Mac OS X 10.10; rv:37.0) Gecko/20100101 Firefox/37.0"
127.0.0.1 - - [05/May/2015:11:39:16 -0700] "OPTIONS * HTTP/1.0" 200 126 "-" "Apache/2.2.22 (Ubuntu) (internal dummy connection)"
206.29.176.51 - - [05/May/2015:11:39:16 -0700] "GET /lib/reccapi.php?fields=t&coords=47.5783136,-122.16516070000002&date=2015-05-09&sort=quality HTTP/1.1" 200 1993 "http://whereshouldiski.com/" "Mozilla/5.0 (Macintosh; Intel Mac OS X 10.10; rv:37.0) Gecko/20100101 Firefox/37.0"
206.29.176.51 - - [05/May/2015:11:39:19 -0700] "GET /lib/reccapi.php?fields=t&coords=47.5783136,-122.16516070000002&date=2015-05-09&sort=distance HTTP/1.1" 200 2123 "http://whereshouldiski.com/" "Mozilla/5.0 (Macintosh; Intel Mac OS X 10.10; rv:37.0) Gecko/20100101 Firefox/37.0"
206.29.176.51 - - [05/May/2015:11:39:32 -0700] "GET /lib/reccapi.php?fields=t&coords=47.5783136,-122.16516070000002&sort=distance HTTP/1.1" 200 1766 "http://whereshouldiski.com/" "Mozilla/5.0 (Macintosh; Intel Mac OS X 10.10; rv:37.0) Gecko/20100101 Firefox/37.0"
206.29.176.51 - - [05/May/2015:11:39:50 -0700] "GET /lib/reccapi.php?fields=t&coords=47.5783136,-122.16516070000002&sort=distance&region=Rockies HTTP/1.1" 200 1380 "http://whereshouldiski.com/" "Mozilla/5.0 (Macintosh; Intel Mac OS X 10.10; rv:37.0) Gecko/20100101 Firefox/37.0"
206.29.176.51 - - [05/May/2015:11:39:54 -0700] "GET /lib/reccapi.php?fields=t&coords=47.5783136,-122.16516070000002&sort=distance&region=Rockies&state=UT HTTP/1.1" 200 1209 "http://whereshouldiski.com/" "Mozilla/5.0 (Macintosh; Intel Mac OS X 10.10; rv:37.0) Gecko/20100101 Firefox/37.0"
206.29.176.51 - - [05/May/2015:11:39:57 -0700] "GET /lib/reccapi.php?fields=t&coords=47.5783136,-122.16516070000002&sort=distance&region=Rockies&state=UT&date=2015-05-08 HTTP/1.1" 200 1100 "http://whereshouldiski.com/" "Mozilla/5.0 (Macintosh; Intel Mac OS X 10.10; rv:37.0) Gecko/20100101 Firefox/37.0"
206.29.176.51 - - [05/May/2015:11:40:01 -0700] "GET /lib/reccapi.php?fields=t&coords=47.5783136,-122.16516070000002&region=Rockies&state=UT&date=2015-05-08&sort=bluebird HTTP/1.1" 200 952 "http://whereshouldiski.com/" "Mozilla/5.0 (Macintosh; Intel Mac OS X 10.10; rv:37.0) Gecko/20100101 Firefox/37.0"
206.29.176.51 - - [05/May/2015:11:40:05 -0700] "GET /lib/reccapi.php?fields=t&coords=47.5783136,-122.16516070000002&region=Rockies&state=UT&sort=bluebird HTTP/1.1" 200 1293 "http://whereshouldiski.com/" "Mozilla/5.0 (Macintosh; Intel Mac OS X 10.10; rv:37.0) Gecko/20100101 Firefox/37.0"
206.29.176.51 - - [05/May/2015:11:40:07 -0700] "GET /lib/reccapi.php?fields=t&coords=47.5783136,-122.16516070000002&state=UT&sort=bluebird HTTP/1.1" 200 1293 "http://whereshouldiski.com/" "Mozilla/5.0 (Macintosh; Intel Mac OS X 10.10; rv:37.0) Gecko/20100101 Firefox/37.0"
206.29.176.51 - - [05/May/2015:11:40:16 -0700] "GET /lib/reccapi.php?fields=t&coords=47.5783136,-122.16516070000002&sort=bluebird HTTP/1.1" 200 1901 "http://whereshouldiski.com/" "Mozilla/5.0 (Macintosh; Intel Mac OS X 10.10; rv:37.0) Gecko/20100101 Firefox/37.0"
128.194.56.29 - - [05/May/2015:11:44:59 -0700] "GET /images/wsis-logo-sm.png HTTP/1.1" 200 6108 "http://www.thebackcountry.net/" "Mozilla/5.0 (Windows NT 6.1; WOW64) AppleWebKit/537.36 (KHTML, like Gecko) Chrome/42.0.2311.135 Safari/537.36"
173.11.126.185 - - [05/May/2015:11:50:33 -0700] "GET /images/wsis-logo-sm.png HTTP/1.1" 200 6108 "http://www.thebackcountry.net/" "Mozilla/5.0 (Macintosh; Intel Mac OS X 10_9_4) AppleWebKit/537.36 (KHTML, like Gecko) Chrome/42.0.2311.135 Safari/537.36"
63.76.131.62 - - [05/May/2015:12:01:38 -0700] "GET /images/wsis-logo-sm.png HTTP/1.1" 200 6108 "http://www.thebackcountry.net/" "Mozilla/5.0 (compatible; MSIE 9.0; Windows NT 6.1; WOW64; Trident/5.0)"
63.76.131.62 - - [05/May/2015:12:01:59 -0700] "-" 408 0 "-" "-"
108.202.208.25 - - [05/May/2015:12:02:07 -0700] "GET /images/wsis-logo-sm.png HTTP/1.1" 200 6108 "http://www.thebackcountry.net/" "Mozilla/5.0 (Macintosh; Intel Mac OS X 10_10_3) AppleWebKit/600.5.17 (KHTML, like Gecko) Version/8.0.5 Safari/600.5.17"
180.76.5.146 - - [05/May/2015:12:06:22 -0700] "GET /resorts?resort=timberline&date=2014-01-19 HTTP/1.1" 404 472 "-" "Mozilla/5.0 (Windows NT 5.1; rv:6.0.2) Gecko/20100101 Firefox/6.0.2"
180.76.6.50 - - [05/May/2015:12:06:22 -0700] "GET / HTTP/1.1" 200 2339 "-" "Mozilla/5.0 (Windows NT 5.1; rv:6.0.2) Gecko/20100101 Firefox/6.0.2"
180.76.6.66 - - [05/May/2015:12:06:22 -0700] "GET /resorts?resort=sandiapeak&date=2014-05-16 HTTP/1.1" 404 472 "-" "Mozilla/5.0 (Windows NT 5.1; rv:6.0.2) Gecko/20100101 Firefox/6.0.2"
71.80.216.241 - - [05/May/2015:12:06:46 -0700] "GET /images/wsis-logo-sm.png HTTP/1.1" 200 6108 "http://www.thebackcountry.net/" "Mozilla/5.0 (Windows NT 6.0; rv:37.0) Gecko/20100101 Firefox/37.0"
66.249.79.14 - - [05/May/2015:12:08:28 -0700] "GET / HTTP/1.1" 200 2376 "-" "SAMSUNG-SGH-E250/1.0 Profile/MIDP-2.0 Configuration/CLDC-1.1 UP.Browser/6.2.3.3.c.1.101 (GUI) MMP/2.0 (compatible; Googlebot-Mobile/2.1; +http://www.google.com/bot.html)"
66.249.79.14 - - [05/May/2015:12:10:49 -0700] "GET / HTTP/1.1" 200 2376 "-" "DoCoMo/2.0 N905i(c100;TB;W24H16) (compatible; Googlebot-Mobile/2.1; +http://www.google.com/bot.html)"
123.125.71.88 - - [05/May/2015:12:15:15 -0700] "-" 408 0 "-" "-"
220.181.108.143 - - [05/May/2015:12:19:00 -0700] "-" 408 0 "-" "-"
61.160.247.137 - - [05/May/2015:12:28:03 -0700] "GET /manager/html HTTP/1.1" 404 470 "-" "Mozilla/5.0 (compatible; MSIE 10.0; Windows NT 6.2; WOW64; Trident/6.0)"
71.142.213.56 - - [05/May/2015:12:28:17 -0700] "GET /images/wsis-logo-sm.png HTTP/1.1" 200 6108 "http://www.thebackcountry.net/" "Mozilla/4.0 (compatible; MSIE 8.0; Windows NT 5.1; Trident/4.0)"
172.3.78.221 - - [05/May/2015:12:31:46 -0700] "GET /images/wsis-logo-sm.png HTTP/1.1" 200 6108 "http://www.thebackcountry.net/" "Mozilla/5.0 (Windows NT 6.1; WOW64) AppleWebKit/537.36 (KHTML, like Gecko) Chrome/42.0.2311.135 Safari/537.36"
170.75.162.130 - - [05/May/2015:12:39:04 -0700] "GET /lib/reccapi.php?resort=mounthoodmeadows HTTP/1.1" 200 1086 "-" "node-superagent/0.18.2"
180.76.5.177 - - [05/May/2015:12:42:11 -0700] "GET / HTTP/1.1" 200 2339 "-" "Mozilla/5.0 (Windows NT 5.1; rv:6.0.2) Gecko/20100101 Firefox/6.0.2"
170.75.162.130 - - [05/May/2015:12:46:34 -0700] "GET /lib/reccapi.php?resort=redmountain HTTP/1.1" 200 903 "-" "node-superagent/0.18.2"
170.75.162.130 - - [05/May/2015:12:48:24 -0700] "GET /lib/reccapi.php?resort=alpinemeadows HTTP/1.1" 200 980 "-" "node-superagent/0.18.2"
170.75.162.130 - - [05/May/2015:12:48:24 -0700] "GET /lib/reccapi.php?resort=heavenly HTTP/1.1" 200 1016 "-" "node-superagent/0.18.2"
170.75.162.130 - - [05/May/2015:12:48:24 -0700] "GET /lib/reccapi.php?resort=homewoodmountain HTTP/1.1" 200 1020 "-" "node-superagent/0.18.2"
170.75.162.130 - - [05/May/2015:12:48:24 -0700] "GET /lib/reccapi.php?resort=chinapeak HTTP/1.1" 200 1024 "-" "node-superagent/0.18.2"
170.75.162.130 - - [05/May/2015:12:48:24 -0700] "GET /lib/reccapi.php?resort=mammothmountain HTTP/1.1" 200 1123 "-" "node-superagent/0.18.2"
170.75.162.130 - - [05/May/2015:12:48:24 -0700] "GET /lib/reccapi.php?resort=mountainhigh HTTP/1.1" 200 983 "-" "node-superagent/0.18.2"
170.75.162.130 - - [05/May/2015:12:48:24 -0700] "GET /lib/reccapi.php?resort=northstar-at-tahoe HTTP/1.1" 200 998 "-" "node-superagent/0.18.2"
170.75.162.130 - - [05/May/2015:12:48:24 -0700] "GET /lib/reccapi.php?resort=kirkwood HTTP/1.1" 200 1002 "-" "node-superagent/0.18.2"
170.75.162.130 - - [05/May/2015:12:48:24 -0700] "GET /lib/reccapi.php?resort=sierra-at-tahoe HTTP/1.1" 200 988 "-" "node-superagent/0.18.2"
170.75.162.130 - - [05/May/2015:12:48:25 -0700] "GET /lib/reccapi.php?resort=squawvalleyusa HTTP/1.1" 200 987 "-" "node-superagent/0.18.2"
77.66.121.244 - - [05/May/2015:12:50:27 -0700] "GET /robots.txt HTTP/1.0" 200 382 "-" "Mozilla/5.0 (compatible; Findxbot/1.0; +http://www.findxbot.com)"
77.66.121.244 - - [05/May/2015:12:50:27 -0700] "GET /blog/11-2012-2013-powder-rating-visualization HTTP/1.0" 404 469 "-" "Mozilla/5.0 (compatible; Findxbot/1.0; +http://www.findxbot.com)"
77.66.121.244 - - [05/May/2015:12:52:58 -0700] "GET /viz/2012-2013-viz.php HTTP/1.0" 404 469 "-" "Mozilla/5.0 (compatible; Findxbot/1.0; +http://www.findxbot.com)"
23.114.32.82 - - [05/May/2015:13:00:13 -0700] "GET /images/wsis-logo-sm.png HTTP/1.1" 200 6108 "http://www.thebackcountry.net/" "Mozilla/5.0 (Macintosh; Intel Mac OS X 10_10_1) AppleWebKit/600.2.5 (KHTML, like Gecko) Version/8.0.2 Safari/600.2.5"
123.125.71.94 - - [05/May/2015:13:01:21 -0700] "GET / HTTP/1.1" 200 2339 "-" "Mozilla/5.0 (Windows NT 5.1; rv:6.0.2) Gecko/20100101 Firefox/6.0.2"
123.125.71.95 - - [05/May/2015:13:02:10 -0700] "GET / HTTP/1.1" 200 6114 "-" "Mozilla/5.0 (Windows NT 5.1; rv:6.0.2) Gecko/20100101 Firefox/6.0.2"
220.181.108.80 - - [05/May/2015:13:04:06 -0700] "-" 408 0 "-" "-"
170.75.162.130 - - [05/May/2015:13:15:47 -0700] "GET /lib/reccapi.php?resort=mountspokane HTTP/1.1" 200 987 "-" "node-superagent/0.18.2"
71.9.233.246 - - [05/May/2015:13:17:22 -0700] "GET /images/wsis-logo-sm.png HTTP/1.1" 200 6108 "http://www.thebackcountry.net/" "Mozilla/5.0 (Windows NT 6.1; WOW64) AppleWebKit/537.36 (KHTML, like Gecko) Chrome/42.0.2311.135 Safari/537.36"
170.75.162.130 - - [05/May/2015:13:39:49 -0700] "GET /lib/reccapi.php?resort=arapahoebasin HTTP/1.1" 200 1115 "-" "node-superagent/0.18.2"
170.75.162.130 - - [05/May/2015:13:39:49 -0700] "GET /lib/reccapi.php?resort=buttermilk HTTP/1.1" 200 1022 "-" "node-superagent/0.18.2"
170.75.162.130 - - [05/May/2015:13:39:49 -0700] "GET /lib/reccapi.php?resort=keystone HTTP/1.1" 200 1112 "-" "node-superagent/0.18.2"
170.75.162.130 - - [05/May/2015:13:39:49 -0700] "GET /lib/reccapi.php?resort=monarch HTTP/1.1" 200 1094 "-" "node-superagent/0.18.2"
170.75.162.130 - - [05/May/2015:13:39:49 -0700] "GET /lib/reccapi.php?resort=snowmass HTTP/1.1" 200 1016 "-" "node-superagent/0.18.2"
66.249.79.3 - - [05/May/2015:13:42:29 -0700] "GET /robots.txt HTTP/1.1" 200 419 "-" "Mozilla/5.0 (compatible; Googlebot/2.1; +http://www.google.com/bot.html)"
66.249.79.3 - - [05/May/2015:13:42:29 -0700] "GET / HTTP/1.1" 200 2375 "-" "Mozilla/5.0 (iPhone; CPU iPhone OS 6_0 like Mac OS X) AppleWebKit/536.26 (KHTML, like Gecko) Version/6.0 Mobile/10A5376e Safari/8536.25 (compatible; Googlebot/2.1; +http://www.google.com/bot.html)"
66.249.79.40 - - [05/May/2015:13:43:26 -0700] "GET /robots.txt HTTP/1.1" 200 419 "-" "Mozilla/5.0 (compatible; Googlebot/2.1; +http://www.google.com/bot.html)"
66.249.79.53 - - [05/May/2015:13:43:26 -0700] "GET / HTTP/1.1" 200 2376 "-" "Mozilla/5.0 (iPhone; CPU iPhone OS 6_0 like Mac OS X) AppleWebKit/536.26 (KHTML, like Gecko) Version/6.0 Mobile/10A5376e Safari/8536.25 (compatible; Googlebot/2.1; +http://www.google.com/bot.html)"
208.180.36.38 - - [05/May/2015:13:44:00 -0700] "GET /images/wsis-logo-sm.png HTTP/1.1" 200 6108 "http://www.thebackcountry.net/" "Mozilla/5.0 (Windows NT 6.1; WOW64) AppleWebKit/537.36 (KHTML, like Gecko) Chrome/42.0.2311.135 Safari/537.36"
170.75.162.130 - - [05/May/2015:13:44:29 -0700] "GET /lib/reccapi.php?resort=sugarloaf HTTP/1.1" 200 949 "-" "node-superagent/0.18.2"
