75.140.45.142 - - [25/Jan/2016:13:07:21 -0800] "GET /images/wsis-logo-sm.png HTTP/1.1" 200 6108 "http://www.thebackcountry.net/" "Mozilla/5.0 (Macintosh; Intel Mac OS X 10_11_2) AppleWebKit/601.3.9 (KHTML, like Gecko) Version/9.0.2 Safari/601.3.9"
185.25.148.240 - - [25/Jan/2016:13:11:21 -0800] "GET http://testp4.pospr.waw.pl/testproxy.php HTTP/1.1" 404 448 "-" "Mozilla/5.0 (Windows NT 5.1; rv:32.0) Gecko/20100101 Firefox/31.0"
170.75.162.130 - - [25/Jan/2016:13:14:19 -0800] "GET /lib/reccapi.php?resort=crystalmountain HTTP/1.1" 200 984 "-" "node-superagent/1.4.0"
170.75.162.130 - - [25/Jan/2016:13:14:20 -0800] "GET /lib/reccapi.php?resort=49degreesnorth HTTP/1.1" 200 985 "-" "node-superagent/1.4.0"
66.249.79.234 - - [25/Jan/2016:13:15:02 -0800] "GET /lib/reccapi.php?resort=kirkwood&date=2016-01-07 HTTP/1.1" 200 723 "http://whereshouldiski.com/" "Mozilla/5.0 (compatible; Googlebot/2.1; +http://www.google.com/bot.html)"
72.35.148.239 - - [25/Jan/2016:13:25:09 -0800] "GET / HTTP/1.1" 200 2615 "-" "Mozilla/5.0 (iPhone; CPU iPhone OS 9_2_1 like Mac OS X) AppleWebKit/601.1.46 (KHTML, like Gecko) Version/9.0 Mobile/13D15 Safari/601.1"
72.35.148.239 - - [25/Jan/2016:13:25:09 -0800] "GET /styles/ee08faa9.main.css HTTP/1.1" 200 19446 "http://www.whereshouldiski.com/" "Mozilla/5.0 (iPhone; CPU iPhone OS 9_2_1 like Mac OS X) AppleWebKit/601.1.46 (KHTML, like Gecko) Version/9.0 Mobile/13D15 Safari/601.1"
72.35.148.239 - - [25/Jan/2016:13:25:09 -0800] "GET /lib/reccapi.php?resort=mountbachelor&date=2016-01-24 HTTP/1.1" 200 1093 "http://www.whereshouldiski.com/" "Mozilla/5.0 (iPhone; CPU iPhone OS 9_2_1 like Mac OS X) AppleWebKit/601.1.46 (KHTML, like Gecko) Version/9.0 Mobile/13D15 Safari/601.1"
72.35.148.239 - - [25/Jan/2016:13:25:09 -0800] "GET /images/stars-med-5.png HTTP/1.1" 200 4123 "http://www.whereshouldiski.com/" "Mozilla/5.0 (iPhone; CPU iPhone OS 9_2_1 like Mac OS X) AppleWebKit/601.1.46 (KHTML, like Gecko) Version/9.0 Mobile/13D15 Safari/601.1"
72.35.148.239 - - [25/Jan/2016:13:25:09 -0800] "GET /lib/reccapi.php?fields=t&date=2016-01-24&coords=43.99%2C-121.68&size=7&sort=distance HTTP/1.1" 200 1373 "http://www.whereshouldiski.com/" "Mozilla/5.0 (iPhone; CPU iPhone OS 9_2_1 like Mac OS X) AppleWebKit/601.1.46 (KHTML, like Gecko) Version/9.0 Mobile/13D15 Safari/601.1"
72.35.148.239 - - [25/Jan/2016:13:25:10 -0800] "GET /images/shading-53px.png HTTP/1.1" 200 548 "http://www.whereshouldiski.com/" "Mozilla/5.0 (iPhone; CPU iPhone OS 9_2_1 like Mac OS X) AppleWebKit/601.1.46 (KHTML, like Gecko) Version/9.0 Mobile/13D15 Safari/601.1"
72.35.148.239 - - [25/Jan/2016:13:25:10 -0800] "GET /images/bluebird5.png HTTP/1.1" 200 2177 "http://www.whereshouldiski.com/" "Mozilla/5.0 (iPhone; CPU iPhone OS 9_2_1 like Mac OS X) AppleWebKit/601.1.46 (KHTML, like Gecko) Version/9.0 Mobile/13D15 Safari/601.1"
72.35.148.239 - - [25/Jan/2016:13:25:10 -0800] "GET /lib/resortDataSearchD3.php?size=7&sortDate=T&resort=mountbachelor&dateStart=2016-01-22 HTTP/1.1" 200 886 "http://www.whereshouldiski.com/" "Mozilla/5.0 (iPhone; CPU iPhone OS 9_2_1 like Mac OS X) AppleWebKit/601.1.46 (KHTML, like Gecko) Version/9.0 Mobile/13D15 Safari/601.1"
72.35.148.239 - - [25/Jan/2016:13:25:13 -0800] "GET / HTTP/1.1" 200 2614 "-" "Mozilla/5.0 (iPhone; CPU iPhone OS 9_2_1 like Mac OS X) AppleWebKit/601.1.46 (KHTML, like Gecko) Version/9.0 Mobile/13D15 Safari/601.1"
72.35.148.239 - - [25/Jan/2016:13:25:13 -0800] "GET /styles/ee08faa9.main.css HTTP/1.1" 304 210 "http://www.whereshouldiski.com/" "Mozilla/5.0 (iPhone; CPU iPhone OS 9_2_1 like Mac OS X) AppleWebKit/601.1.46 (KHTML, like Gecko) Version/9.0 Mobile/13D15 Safari/601.1"
72.35.148.239 - - [25/Jan/2016:13:25:13 -0800] "GET /scripts/scripts/vendor/modernizr.js HTTP/1.1" 304 209 "http://www.whereshouldiski.com/" "Mozilla/5.0 (iPhone; CPU iPhone OS 9_2_1 like Mac OS X) AppleWebKit/601.1.46 (KHTML, like Gecko) Version/9.0 Mobile/13D15 Safari/601.1"
72.35.148.239 - - [25/Jan/2016:13:25:13 -0800] "GET /images/loading.gif HTTP/1.1" 304 187 "http://www.whereshouldiski.com/" "Mozilla/5.0 (iPhone; CPU iPhone OS 9_2_1 like Mac OS X) AppleWebKit/601.1.46 (KHTML, like Gecko) Version/9.0 Mobile/13D15 Safari/601.1"
72.35.148.239 - - [25/Jan/2016:13:25:13 -0800] "GET /images/logo-square-white-sm.png HTTP/1.1" 304 186 "http://www.whereshouldiski.com/" "Mozilla/5.0 (iPhone; CPU iPhone OS 9_2_1 like Mac OS X) AppleWebKit/601.1.46 (KHTML, like Gecko) Version/9.0 Mobile/13D15 Safari/601.1"
72.35.148.239 - - [25/Jan/2016:13:25:13 -0800] "GET /bower_components/requirejs/require.js HTTP/1.1" 304 210 "http://www.whereshouldiski.com/" "Mozilla/5.0 (iPhone; CPU iPhone OS 9_2_1 like Mac OS X) AppleWebKit/601.1.46 (KHTML, like Gecko) Version/9.0 Mobile/13D15 Safari/601.1"
72.35.148.239 - - [25/Jan/2016:13:25:13 -0800] "GET /scripts/fa48e319.main.js HTTP/1.1" 304 210 "http://www.whereshouldiski.com/" "Mozilla/5.0 (iPhone; CPU iPhone OS 9_2_1 like Mac OS X) AppleWebKit/601.1.46 (KHTML, like Gecko) Version/9.0 Mobile/13D15 Safari/601.1"
72.35.148.239 - - [25/Jan/2016:13:25:13 -0800] "GET /lib/reccapi.php?resort=mountbachelor&date=2016-01-24 HTTP/1.1" 200 1092 "http://www.whereshouldiski.com/" "Mozilla/5.0 (iPhone; CPU iPhone OS 9_2_1 like Mac OS X) AppleWebKit/601.1.46 (KHTML, like Gecko) Version/9.0 Mobile/13D15 Safari/601.1"
72.35.148.239 - - [25/Jan/2016:13:25:13 -0800] "GET /images/snowforecast-logo.jpg HTTP/1.1" 304 186 "http://www.whereshouldiski.com/" "Mozilla/5.0 (iPhone; CPU iPhone OS 9_2_1 like Mac OS X) AppleWebKit/601.1.46 (KHTML, like Gecko) Version/9.0 Mobile/13D15 Safari/601.1"
72.35.148.239 - - [25/Jan/2016:13:25:13 -0800] "GET /images/snowflake-med-5.png HTTP/1.1" 304 186 "http://www.whereshouldiski.com/" "Mozilla/5.0 (iPhone; CPU iPhone OS 9_2_1 like Mac OS X) AppleWebKit/601.1.46 (KHTML, like Gecko) Version/9.0 Mobile/13D15 Safari/601.1"
72.35.148.239 - - [25/Jan/2016:13:25:13 -0800] "GET /images/opensnow_logo.png HTTP/1.1" 304 186 "http://www.whereshouldiski.com/" "Mozilla/5.0 (iPhone; CPU iPhone OS 9_2_1 like Mac OS X) AppleWebKit/601.1.46 (KHTML, like Gecko) Version/9.0 Mobile/13D15 Safari/601.1"
72.35.148.239 - - [25/Jan/2016:13:25:13 -0800] "GET /images/stars-med-5.png HTTP/1.1" 304 185 "http://www.whereshouldiski.com/" "Mozilla/5.0 (iPhone; CPU iPhone OS 9_2_1 like Mac OS X) AppleWebKit/601.1.46 (KHTML, like Gecko) Version/9.0 Mobile/13D15 Safari/601.1"
72.35.148.239 - - [25/Jan/2016:13:25:13 -0800] "GET /images/sun-med-5.png HTTP/1.1" 304 186 "http://www.whereshouldiski.com/" "Mozilla/5.0 (iPhone; CPU iPhone OS 9_2_1 like Mac OS X) AppleWebKit/601.1.46 (KHTML, like Gecko) Version/9.0 Mobile/13D15 Safari/601.1"
72.35.148.239 - - [25/Jan/2016:13:25:13 -0800] "GET /lib/reccapi.php?fields=t&date=2016-01-24&coords=43.99%2C-121.68&size=7&sort=distance HTTP/1.1" 200 1373 "http://www.whereshouldiski.com/" "Mozilla/5.0 (iPhone; CPU iPhone OS 9_2_1 like Mac OS X) AppleWebKit/601.1.46 (KHTML, like Gecko) Version/9.0 Mobile/13D15 Safari/601.1"
72.35.148.239 - - [25/Jan/2016:13:25:13 -0800] "GET /lib/resortDataSearchD3.php?size=7&sortDate=T&resort=mountbachelor&dateStart=2016-01-22 HTTP/1.1" 200 885 "http://www.whereshouldiski.com/" "Mozilla/5.0 (iPhone; CPU iPhone OS 9_2_1 like Mac OS X) AppleWebKit/601.1.46 (KHTML, like Gecko) Version/9.0 Mobile/13D15 Safari/601.1"
72.35.148.239 - - [25/Jan/2016:13:25:13 -0800] "GET /images/mtns-30px.png HTTP/1.1" 304 186 "http://www.whereshouldiski.com/" "Mozilla/5.0 (iPhone; CPU iPhone OS 9_2_1 like Mac OS X) AppleWebKit/601.1.46 (KHTML, like Gecko) Version/9.0 Mobile/13D15 Safari/601.1"
72.35.148.239 - - [25/Jan/2016:13:25:13 -0800] "GET /images/shading-53px.png HTTP/1.1" 304 184 "http://www.whereshouldiski.com/" "Mozilla/5.0 (iPhone; CPU iPhone OS 9_2_1 like Mac OS X) AppleWebKit/601.1.46 (KHTML, like Gecko) Version/9.0 Mobile/13D15 Safari/601.1"
72.35.148.239 - - [25/Jan/2016:13:25:13 -0800] "GET /images/snowflake5.png HTTP/1.1" 304 185 "http://www.whereshouldiski.com/" "Mozilla/5.0 (iPhone; CPU iPhone OS 9_2_1 like Mac OS X) AppleWebKit/601.1.46 (KHTML, like Gecko) Version/9.0 Mobile/13D15 Safari/601.1"
72.35.148.239 - - [25/Jan/2016:13:25:13 -0800] "GET /images/bluebird5.png HTTP/1.1" 304 185 "http://www.whereshouldiski.com/" "Mozilla/5.0 (iPhone; CPU iPhone OS 9_2_1 like Mac OS X) AppleWebKit/601.1.46 (KHTML, like Gecko) Version/9.0 Mobile/13D15 Safari/601.1"
72.35.148.239 - - [25/Jan/2016:13:25:13 -0800] "GET /images/mtns-icon.png HTTP/1.1" 304 185 "http://www.whereshouldiski.com/" "Mozilla/5.0 (iPhone; CPU iPhone OS 9_2_1 like Mac OS X) AppleWebKit/601.1.46 (KHTML, like Gecko) Version/9.0 Mobile/13D15 Safari/601.1"
72.35.148.239 - - [25/Jan/2016:13:25:13 -0800] "GET /images/star5.png HTTP/1.1" 304 185 "http://www.whereshouldiski.com/" "Mozilla/5.0 (iPhone; CPU iPhone OS 9_2_1 like Mac OS X) AppleWebKit/601.1.46 (KHTML, like Gecko) Version/9.0 Mobile/13D15 Safari/601.1"
72.35.148.239 - - [25/Jan/2016:13:25:13 -0800] "GET /images/shading-icon.png HTTP/1.1" 304 184 "http://www.whereshouldiski.com/" "Mozilla/5.0 (iPhone; CPU iPhone OS 9_2_1 like Mac OS X) AppleWebKit/601.1.46 (KHTML, like Gecko) Version/9.0 Mobile/13D15 Safari/601.1"
127.0.0.1 - - [25/Jan/2016:13:25:19 -0800] "OPTIONS * HTTP/1.0" 200 126 "-" "Apache/2.2.22 (Ubuntu) (internal dummy connection)"
127.0.0.1 - - [25/Jan/2016:13:25:20 -0800] "OPTIONS * HTTP/1.0" 200 126 "-" "Apache/2.2.22 (Ubuntu) (internal dummy connection)"
127.0.0.1 - - [25/Jan/2016:13:25:21 -0800] "OPTIONS * HTTP/1.0" 200 126 "-" "Apache/2.2.22 (Ubuntu) (internal dummy connection)"
72.35.148.239 - - [25/Jan/2016:13:25:33 -0800] "GET /lib/reccapi.php?resort=mountbachelor&date=2016-01-25 HTTP/1.1" 200 1032 "http://www.whereshouldiski.com/" "Mozilla/5.0 (iPhone; CPU iPhone OS 9_2_1 like Mac OS X) AppleWebKit/601.1.46 (KHTML, like Gecko) Version/9.0 Mobile/13D15 Safari/601.1"
72.35.148.239 - - [25/Jan/2016:13:25:33 -0800] "GET /lib/reccapi.php?fields=t&date=2016-01-25&coords=43.99%2C-121.68&size=7&sort=distance HTTP/1.1" 200 1374 "http://www.whereshouldiski.com/" "Mozilla/5.0 (iPhone; CPU iPhone OS 9_2_1 like Mac OS X) AppleWebKit/601.1.46 (KHTML, like Gecko) Version/9.0 Mobile/13D15 Safari/601.1"
72.35.148.239 - - [25/Jan/2016:13:25:34 -0800] "GET /lib/resortDataSearchD3.php?size=7&sortDate=T&resort=mountbachelor&dateStart=2016-01-23 HTTP/1.1" 200 889 "http://www.whereshouldiski.com/" "Mozilla/5.0 (iPhone; CPU iPhone OS 9_2_1 like Mac OS X) AppleWebKit/601.1.46 (KHTML, like Gecko) Version/9.0 Mobile/13D15 Safari/601.1"
206.29.176.52 - - [25/Jan/2016:13:28:21 -0800] "GET / HTTP/1.1" 200 2615 "-" "Mozilla/5.0 (Macintosh; Intel Mac OS X 10_10_5) AppleWebKit/537.36 (KHTML, like Gecko) Chrome/47.0.2526.111 Safari/537.36"
206.29.176.52 - - [25/Jan/2016:13:28:22 -0800] "GET /styles/ee08faa9.main.css HTTP/1.1" 200 19446 "http://whereshouldiski.com/" "Mozilla/5.0 (Macintosh; Intel Mac OS X 10_10_5) AppleWebKit/537.36 (KHTML, like Gecko) Chrome/47.0.2526.111 Safari/537.36"
206.29.176.52 - - [25/Jan/2016:13:28:22 -0800] "GET /scripts/scripts/vendor/modernizr.js HTTP/1.1" 200 4903 "http://whereshouldiski.com/" "Mozilla/5.0 (Macintosh; Intel Mac OS X 10_10_5) AppleWebKit/537.36 (KHTML, like Gecko) Chrome/47.0.2526.111 Safari/537.36"
206.29.176.52 - - [25/Jan/2016:13:28:22 -0800] "GET /bower_components/requirejs/require.js HTTP/1.1" 200 6701 "http://whereshouldiski.com/" "Mozilla/5.0 (Macintosh; Intel Mac OS X 10_10_5) AppleWebKit/537.36 (KHTML, like Gecko) Chrome/47.0.2526.111 Safari/537.36"
206.29.176.52 - - [25/Jan/2016:13:28:22 -0800] "GET /images/logo-square-white-sm.png HTTP/1.1" 200 1684 "http://whereshouldiski.com/" "Mozilla/5.0 (Macintosh; Intel Mac OS X 10_10_5) AppleWebKit/537.36 (KHTML, like Gecko) Chrome/47.0.2526.111 Safari/537.36"
206.29.176.52 - - [25/Jan/2016:13:28:22 -0800] "GET /images/loading.gif HTTP/1.1" 200 13881 "http://whereshouldiski.com/" "Mozilla/5.0 (Macintosh; Intel Mac OS X 10_10_5) AppleWebKit/537.36 (KHTML, like Gecko) Chrome/47.0.2526.111 Safari/537.36"
206.29.176.52 - - [25/Jan/2016:13:28:22 -0800] "GET /scripts/fa48e319.main.js HTTP/1.1" 200 123455 "http://whereshouldiski.com/" "Mozilla/5.0 (Macintosh; Intel Mac OS X 10_10_5) AppleWebKit/537.36 (KHTML, like Gecko) Chrome/47.0.2526.111 Safari/537.36"
206.29.176.52 - - [25/Jan/2016:13:28:23 -0800] "GET /lib/reccapi.php?fields=t HTTP/1.1" 200 1954 "http://whereshouldiski.com/" "Mozilla/5.0 (Macintosh; Intel Mac OS X 10_10_5) AppleWebKit/537.36 (KHTML, like Gecko) Chrome/47.0.2526.111 Safari/537.36"
206.29.176.52 - - [25/Jan/2016:13:28:23 -0800] "GET /images/button.png HTTP/1.1" 200 598 "http://whereshouldiski.com/styles/ee08faa9.main.css" "Mozilla/5.0 (Macintosh; Intel Mac OS X 10_10_5) AppleWebKit/537.36 (KHTML, like Gecko) Chrome/47.0.2526.111 Safari/537.36"
206.29.176.52 - - [25/Jan/2016:13:28:23 -0800] "GET /images/greyHeader.png HTTP/1.1" 200 508 "http://whereshouldiski.com/styles/ee08faa9.main.css" "Mozilla/5.0 (Macintosh; Intel Mac OS X 10_10_5) AppleWebKit/537.36 (KHTML, like Gecko) Chrome/47.0.2526.111 Safari/537.36"
206.29.176.52 - - [25/Jan/2016:13:28:23 -0800] "GET /images/snowflake5.png HTTP/1.1" 200 2857 "http://whereshouldiski.com/styles/ee08faa9.main.css" "Mozilla/5.0 (Macintosh; Intel Mac OS X 10_10_5) AppleWebKit/537.36 (KHTML, like Gecko) Chrome/47.0.2526.111 Safari/537.36"
206.29.176.52 - - [25/Jan/2016:13:28:24 -0800] "GET /images/star5.png HTTP/1.1" 200 1783 "http://whereshouldiski.com/styles/ee08faa9.main.css" "Mozilla/5.0 (Macintosh; Intel Mac OS X 10_10_5) AppleWebKit/537.36 (KHTML, like Gecko) Chrome/47.0.2526.111 Safari/537.36"
206.29.176.52 - - [25/Jan/2016:13:28:24 -0800] "GET /images/bluebird5.png HTTP/1.1" 200 2177 "http://whereshouldiski.com/styles/ee08faa9.main.css" "Mozilla/5.0 (Macintosh; Intel Mac OS X 10_10_5) AppleWebKit/537.36 (KHTML, like Gecko) Chrome/47.0.2526.111 Safari/537.36"
206.29.176.52 - - [25/Jan/2016:13:28:24 -0800] "GET /images/mtns-icon.png HTTP/1.1" 200 1097 "http://whereshouldiski.com/styles/ee08faa9.main.css" "Mozilla/5.0 (Macintosh; Intel Mac OS X 10_10_5) AppleWebKit/537.36 (KHTML, like Gecko) Chrome/47.0.2526.111 Safari/537.36"
206.29.176.52 - - [25/Jan/2016:13:28:24 -0800] "GET /images/shading-icon.png HTTP/1.1" 200 536 "http://whereshouldiski.com/styles/ee08faa9.main.css" "Mozilla/5.0 (Macintosh; Intel Mac OS X 10_10_5) AppleWebKit/537.36 (KHTML, like Gecko) Chrome/47.0.2526.111 Safari/537.36"
206.29.176.52 - - [25/Jan/2016:13:28:31 -0800] "GET /lib/reccapi.php?fields=t&coords=47.5780153,-122.1652007 HTTP/1.1" 200 2147 "http://whereshouldiski.com/" "Mozilla/5.0 (Macintosh; Intel Mac OS X 10_10_5) AppleWebKit/537.36 (KHTML, like Gecko) Chrome/47.0.2526.111 Safari/537.36"
206.29.176.52 - - [25/Jan/2016:13:28:32 -0800] "GET /lib/reccapi.php?fields=t&coords=47.5780153,-122.1652007&distance=100 HTTP/1.1" 200 1551 "http://whereshouldiski.com/" "Mozilla/5.0 (Macintosh; Intel Mac OS X 10_10_5) AppleWebKit/537.36 (KHTML, like Gecko) Chrome/47.0.2526.111 Safari/537.36"
206.29.176.52 - - [25/Jan/2016:13:28:32 -0800] "GET /images/greenHeader.png HTTP/1.1" 200 508 "http://whereshouldiski.com/styles/ee08faa9.main.css" "Mozilla/5.0 (Macintosh; Intel Mac OS X 10_10_5) AppleWebKit/537.36 (KHTML, like Gecko) Chrome/47.0.2526.111 Safari/537.36"
206.29.176.52 - - [25/Jan/2016:13:28:45 -0800] "GET /lib/reccapi.php?resort=crystalmountain&date=2016-01-30 HTTP/1.1" 200 1015 "http://whereshouldiski.com/" "Mozilla/5.0 (Macintosh; Intel Mac OS X 10_10_5) AppleWebKit/537.36 (KHTML, like Gecko) Chrome/47.0.2526.111 Safari/537.36"
206.29.176.52 - - [25/Jan/2016:13:28:46 -0800] "GET /lib/reccapi.php?fields=t&date=2016-01-30&coords=46.92%2C-121.49&size=7&sort=distance HTTP/1.1" 200 1394 "http://whereshouldiski.com/" "Mozilla/5.0 (Macintosh; Intel Mac OS X 10_10_5) AppleWebKit/537.36 (KHTML, like Gecko) Chrome/47.0.2526.111 Safari/537.36"
206.29.176.52 - - [25/Jan/2016:13:28:46 -0800] "GET /images/snowflake-med-5.png HTTP/1.1" 200 6157 "http://whereshouldiski.com/styles/ee08faa9.main.css" "Mozilla/5.0 (Macintosh; Intel Mac OS X 10_10_5) AppleWebKit/537.36 (KHTML, like Gecko) Chrome/47.0.2526.111 Safari/537.36"
206.29.176.52 - - [25/Jan/2016:13:28:46 -0800] "GET /images/stars-med-5.png HTTP/1.1" 200 4123 "http://whereshouldiski.com/styles/ee08faa9.main.css" "Mozilla/5.0 (Macintosh; Intel Mac OS X 10_10_5) AppleWebKit/537.36 (KHTML, like Gecko) Chrome/47.0.2526.111 Safari/537.36"
206.29.176.52 - - [25/Jan/2016:13:28:46 -0800] "GET /images/sun-med-5.png HTTP/1.1" 200 7627 "http://whereshouldiski.com/styles/ee08faa9.main.css" "Mozilla/5.0 (Macintosh; Intel Mac OS X 10_10_5) AppleWebKit/537.36 (KHTML, like Gecko) Chrome/47.0.2526.111 Safari/537.36"
206.29.176.52 - - [25/Jan/2016:13:28:46 -0800] "GET /lib/resortDataSearchD3.php?size=7&sortDate=T&resort=crystalmountain&dateStart=2016-01-28 HTTP/1.1" 200 529 "http://whereshouldiski.com/" "Mozilla/5.0 (Macintosh; Intel Mac OS X 10_10_5) AppleWebKit/537.36 (KHTML, like Gecko) Chrome/47.0.2526.111 Safari/537.36"
206.29.176.52 - - [25/Jan/2016:13:28:46 -0800] "GET /images/mtns-30px.png HTTP/1.1" 200 1202 "http://whereshouldiski.com/styles/ee08faa9.main.css" "Mozilla/5.0 (Macintosh; Intel Mac OS X 10_10_5) AppleWebKit/537.36 (KHTML, like Gecko) Chrome/47.0.2526.111 Safari/537.36"
206.29.176.52 - - [25/Jan/2016:13:28:46 -0800] "GET /images/shading-53px.png HTTP/1.1" 200 548 "http://whereshouldiski.com/styles/ee08faa9.main.css" "Mozilla/5.0 (Macintosh; Intel Mac OS X 10_10_5) AppleWebKit/537.36 (KHTML, like Gecko) Chrome/47.0.2526.111 Safari/537.36"
206.29.176.52 - - [25/Jan/2016:13:28:46 -0800] "GET /images/snowforecast-logo.jpg HTTP/1.1" 200 22988 "http://whereshouldiski.com/" "Mozilla/5.0 (Macintosh; Intel Mac OS X 10_10_5) AppleWebKit/537.36 (KHTML, like Gecko) Chrome/47.0.2526.111 Safari/537.36"
206.29.176.52 - - [25/Jan/2016:13:28:46 -0800] "GET /images/opensnow_logo.png HTTP/1.1" 200 11776 "http://whereshouldiski.com/" "Mozilla/5.0 (Macintosh; Intel Mac OS X 10_10_5) AppleWebKit/537.36 (KHTML, like Gecko) Chrome/47.0.2526.111 Safari/537.36"
127.0.0.1 - - [25/Jan/2016:13:28:53 -0800] "OPTIONS * HTTP/1.0" 200 126 "-" "Apache/2.2.22 (Ubuntu) (internal dummy connection)"
51.255.160.247 - - [25/Jan/2016:13:29:29 -0800] "GET / HTTP/1.0" 200 6995 "-" "-"
51.255.160.247 - - [25/Jan/2016:13:29:30 -0800] "GET / HTTP/1.1" 200 6976 "-" "Mozilla/5.0 (Windows; U; Windows NT 5.0; en-US; rv:1.7.12) Gecko/20050915 Firefox/1.0.7"
75.142.249.184 - - [25/Jan/2016:13:29:34 -0800] "GET /images/wsis-logo-sm.png HTTP/1.1" 200 6108 "http://www.thebackcountry.net/" "Mozilla/5.0 (Windows NT 6.3; WOW64) AppleWebKit/537.36 (KHTML, like Gecko) Chrome/47.0.2526.111 Safari/537.36"
180.76.15.149 - - [25/Jan/2016:13:34:17 -0800] "GET / HTTP/1.1" 200 6995 "-" "Mozilla/5.0 (compatible; Baiduspider/2.0; +http://www.baidu.com/search/spider.html)"
180.76.15.8 - - [25/Jan/2016:13:35:18 -0800] "GET / HTTP/1.1" 200 6995 "-" "Mozilla/5.0 (compatible; Baiduspider/2.0; +http://www.baidu.com/search/spider.html)"
47.208.182.244 - - [25/Jan/2016:13:35:20 -0800] "GET /images/wsis-logo-sm.png HTTP/1.1" 200 6108 "http://www.thebackcountry.net/" "Mozilla/5.0 (Linux; Android 5.0; SM-G900V Build/LRX21T) AppleWebKit/537.36 (KHTML, like Gecko) Chrome/47.0.2526.83 Mobile Safari/537.36"
82.95.133.247 - - [25/Jan/2016:13:37:09 -0800] "GET /lib/reccapi.php?resort=arapahoebasin HTTP/1.1" 200 1115 "-" "node-superagent/0.18.2"
82.95.133.247 - - [25/Jan/2016:13:37:09 -0800] "GET /lib/reccapi.php?resort=alta HTTP/1.1" 200 1013 "-" "node-superagent/0.18.2"
82.95.133.247 - - [25/Jan/2016:13:37:09 -0800] "GET /lib/reccapi.php?resort=aspenheights HTTP/1.1" 200 1058 "-" "node-superagent/0.18.2"
82.95.133.247 - - [25/Jan/2016:13:37:10 -0800] "GET /lib/reccapi.php?resort=bigwhite HTTP/1.1" 200 925 "-" "node-superagent/0.18.2"
82.95.133.247 - - [25/Jan/2016:13:37:10 -0800] "GET /lib/reccapi.php?resort=bigsky HTTP/1.1" 200 989 "-" "node-superagent/0.18.2"
82.95.133.247 - - [25/Jan/2016:13:37:10 -0800] "GET /lib/reccapi.php?resort=alpinemeadows HTTP/1.1" 200 1002 "-" "node-superagent/0.18.2"
82.95.133.247 - - [25/Jan/2016:13:37:10 -0800] "GET /lib/reccapi.php?resort=49degreesnorth HTTP/1.1" 200 985 "-" "node-superagent/0.18.2"
82.95.133.247 - - [25/Jan/2016:13:37:10 -0800] "GET /lib/reccapi.php?resort=alyeska HTTP/1.1" 200 1026 "-" "node-superagent/0.18.2"
82.95.133.247 - - [25/Jan/2016:13:37:10 -0800] "GET /lib/reccapi.php?resort=angelfire HTTP/1.1" 200 1016 "-" "node-superagent/0.18.2"
82.95.133.247 - - [25/Jan/2016:13:37:10 -0800] "GET /lib/reccapi.php?resort=aspenmountain HTTP/1.1" 200 1068 "-" "node-superagent/0.18.2"
82.95.133.247 - - [25/Jan/2016:13:37:10 -0800] "GET /lib/reccapi.php?resort=brianhead HTTP/1.1" 200 999 "-" "node-superagent/0.18.2"
82.95.133.247 - - [25/Jan/2016:13:37:10 -0800] "GET /lib/reccapi.php?resort=brighton HTTP/1.1" 200 1019 "-" "node-superagent/0.18.2"
82.95.133.247 - - [25/Jan/2016:13:37:47 -0800] "GET /lib/reccapi.php?resort=buttermilk HTTP/1.1" 200 1049 "-" "node-superagent/0.18.2"
82.95.133.247 - - [25/Jan/2016:13:37:47 -0800] "GET /lib/reccapi.php?resort=cannonmountain HTTP/1.1" 200 959 "-" "node-superagent/0.18.2"
82.95.133.247 - - [25/Jan/2016:13:37:47 -0800] "GET /lib/reccapi.php?resort=canyons HTTP/1.1" 200 965 "-" "node-superagent/0.18.2"
82.95.133.247 - - [25/Jan/2016:13:37:47 -0800] "GET /lib/reccapi.php?resort=chinapeak HTTP/1.1" 200 999 "-" "node-superagent/0.18.2"
82.95.133.247 - - [25/Jan/2016:13:37:47 -0800] "GET /lib/reccapi.php?resort=coppermountain HTTP/1.1" 200 1059 "-" "node-superagent/0.18.2"
82.95.133.247 - - [25/Jan/2016:13:37:47 -0800] "GET /lib/reccapi.php?resort=crestedbutte HTTP/1.1" 200 1063 "-" "node-superagent/0.18.2"
82.95.133.247 - - [25/Jan/2016:13:37:47 -0800] "GET /lib/reccapi.php?resort=crystalmountain HTTP/1.1" 200 984 "-" "node-superagent/0.18.2"
82.95.133.247 - - [25/Jan/2016:13:38:27 -0800] "GET /lib/reccapi.php?resort=chinapeak HTTP/1.1" 200 999 "-" "node-superagent/0.18.2"
82.95.133.247 - - [25/Jan/2016:13:38:27 -0800] "GET /lib/reccapi.php?resort=coppermountain HTTP/1.1" 200 1059 "-" "node-superagent/0.18.2"
82.95.133.247 - - [25/Jan/2016:13:38:27 -0800] "GET /lib/reccapi.php?resort=crystalmountain HTTP/1.1" 200 984 "-" "node-superagent/0.18.2"
82.95.133.247 - - [25/Jan/2016:13:38:27 -0800] "GET /lib/reccapi.php?resort=deervalley HTTP/1.1" 200 992 "-" "node-superagent/0.18.2"
82.95.133.247 - - [25/Jan/2016:13:38:27 -0800] "GET /lib/reccapi.php?resort=grandtarghee HTTP/1.1" 200 1074 "-" "node-superagent/0.18.2"
82.95.133.247 - - [25/Jan/2016:13:38:27 -0800] "GET /lib/reccapi.php?resort=heavenly HTTP/1.1" 200 1026 "-" "node-superagent/0.18.2"
82.95.133.247 - - [25/Jan/2016:13:38:27 -0800] "GET /lib/reccapi.php?resort=homewoodmountain HTTP/1.1" 200 1008 "-" "node-superagent/0.18.2"
82.95.133.247 - - [25/Jan/2016:13:38:28 -0800] "GET /lib/reccapi.php?resort=crestedbutte HTTP/1.1" 200 1063 "-" "node-superagent/0.18.2"
82.95.133.247 - - [25/Jan/2016:13:38:28 -0800] "GET /lib/reccapi.php?resort=hoodoo HTTP/1.1" 200 967 "-" "node-superagent/0.18.2"
82.95.133.247 - - [25/Jan/2016:13:38:28 -0800] "GET /lib/reccapi.php?resort=diamondpeak HTTP/1.1" 200 966 "-" "node-superagent/0.18.2"
82.95.133.247 - - [25/Jan/2016:13:38:28 -0800] "GET /lib/reccapi.php?resort=devilshead HTTP/1.1" 200 1108 "-" "node-superagent/0.18.2"
82.95.133.247 - - [25/Jan/2016:13:38:28 -0800] "GET /lib/reccapi.php?resort=jacksonhole HTTP/1.1" 200 1058 "-" "node-superagent/0.18.2"
127.0.0.1 - - [25/Jan/2016:13:38:30 -0800] "OPTIONS * HTTP/1.0" 200 126 "-" "Apache/2.2.22 (Ubuntu) (internal dummy connection)"
82.95.133.247 - - [25/Jan/2016:13:39:21 -0800] "GET /lib/reccapi.php?resort=jaypeak HTTP/1.1" 200 1000 "-" "node-superagent/0.18.2"
82.95.133.247 - - [25/Jan/2016:13:39:21 -0800] "GET /lib/reccapi.php?resort=madriverglen HTTP/1.1" 200 976 "-" "node-superagent/0.18.2"
82.95.133.247 - - [25/Jan/2016:13:39:21 -0800] "GET /lib/reccapi.php?resort=mountspokane HTTP/1.1" 200 976 "-" "node-superagent/0.18.2"
82.95.133.247 - - [25/Jan/2016:13:39:21 -0800] "GET /lib/reccapi.php?resort=monarch HTTP/1.1" 200 1021 "-" "node-superagent/0.18.2"
82.95.133.247 - - [25/Jan/2016:13:39:21 -0800] "GET /lib/reccapi.php?resort=mammothmountain HTTP/1.1" 200 1007 "-" "node-superagent/0.18.2"
82.95.133.247 - - [25/Jan/2016:13:39:21 -0800] "GET /lib/reccapi.php?resort=loveland HTTP/1.1" 200 1075 "-" "node-superagent/0.18.2"
82.95.133.247 - - [25/Jan/2016:13:39:21 -0800] "GET /lib/reccapi.php?resort=kirkwood HTTP/1.1" 200 1010 "-" "node-superagent/0.18.2"
82.95.133.247 - - [25/Jan/2016:13:39:21 -0800] "GET /lib/reccapi.php?resort=killington HTTP/1.1" 200 975 "-" "node-superagent/0.18.2"
82.95.133.247 - - [25/Jan/2016:13:39:21 -0800] "GET /lib/reccapi.php?resort=keystone HTTP/1.1" 200 1104 "-" "node-superagent/0.18.2"
82.95.133.247 - - [25/Jan/2016:13:39:21 -0800] "GET /lib/reccapi.php?resort=mountbachelor HTTP/1.1" 200 995 "-" "node-superagent/0.18.2"
82.95.133.247 - - [25/Jan/2016:13:39:21 -0800] "GET /lib/reccapi.php?resort=mountainhigh HTTP/1.1" 200 996 "-" "node-superagent/0.18.2"
82.95.133.247 - - [25/Jan/2016:13:39:23 -0800] "GET /lib/reccapi.php?resort=mounthoodmeadows HTTP/1.1" 200 999 "-" "node-superagent/0.18.2"
127.0.0.1 - - [25/Jan/2016:13:39:24 -0800] "OPTIONS * HTTP/1.0" 200 126 "-" "Apache/2.2.22 (Ubuntu) (internal dummy connection)"
82.95.133.247 - - [25/Jan/2016:13:40:21 -0800] "GET /lib/reccapi.php?resort=smugglersnotch HTTP/1.1" 200 981 "-" "node-superagent/0.18.2"
82.95.133.247 - - [25/Jan/2016:13:40:21 -0800] "GET /lib/reccapi.php?resort=schweitzer HTTP/1.1" 200 972 "-" "node-superagent/0.18.2"
82.95.133.247 - - [25/Jan/2016:13:40:21 -0800] "GET /lib/reccapi.php?resort=sierra-at-tahoe HTTP/1.1" 200 996 "-" "node-superagent/0.18.2"
82.95.133.247 - - [25/Jan/2016:13:40:21 -0800] "GET /lib/reccapi.php?resort=redlodge HTTP/1.1" 200 1014 "-" "node-superagent/0.18.2"
82.95.133.247 - - [25/Jan/2016:13:40:21 -0800] "GET /lib/reccapi.php?resort=silverstarmountain HTTP/1.1" 200 932 "-" "node-superagent/0.18.2"
82.95.133.247 - - [25/Jan/2016:13:40:21 -0800] "GET /lib/reccapi.php?resort=redmountain HTTP/1.1" 200 911 "-" "node-superagent/0.18.2"
82.95.133.247 - - [25/Jan/2016:13:40:21 -0800] "GET /lib/reccapi.php?resort=parkcity HTTP/1.1" 200 989 "-" "node-superagent/0.18.2"
82.95.133.247 - - [25/Jan/2016:13:40:21 -0800] "GET /lib/reccapi.php?resort=northstar-at-tahoe HTTP/1.1" 200 971 "-" "node-superagent/0.18.2"
82.95.133.247 - - [25/Jan/2016:13:40:21 -0800] "GET /lib/reccapi.php?resort=snowbird HTTP/1.1" 200 1001 "-" "node-superagent/0.18.2"
82.95.133.247 - - [25/Jan/2016:13:40:21 -0800] "GET /lib/reccapi.php?resort=snowbasin HTTP/1.1" 200 976 "-" "node-superagent/0.18.2"
82.95.133.247 - - [25/Jan/2016:13:40:21 -0800] "GET /lib/reccapi.php?resort=solitude HTTP/1.1" 200 994 "-" "node-superagent/0.18.2"
82.95.133.247 - - [25/Jan/2016:13:40:21 -0800] "GET /lib/reccapi.php?resort=snowmass HTTP/1.1" 200 1025 "-" "node-superagent/0.18.2"
82.95.133.247 - - [25/Jan/2016:13:40:26 -0800] "GET /lib/reccapi.php?resort=squawvalleyusa HTTP/1.1" 200 1002 "-" "node-superagent/0.18.2"
82.95.133.247 - - [25/Jan/2016:13:40:31 -0800] "GET /lib/reccapi.php?resort=steamboat HTTP/1.1" 200 1026 "-" "node-superagent/0.18.2"
82.95.133.247 - - [25/Jan/2016:13:40:36 -0800] "GET /lib/reccapi.php?resort=stevenspass HTTP/1.1" 200 981 "-" "node-superagent/0.18.2"
82.95.133.247 - - [25/Jan/2016:13:40:41 -0800] "GET /lib/reccapi.php?resort=stowe HTTP/1.1" 200 963 "-" "node-superagent/0.18.2"
82.95.133.247 - - [25/Jan/2016:13:40:46 -0800] "GET /lib/reccapi.php?resort=sugarbowl HTTP/1.1" 200 988 "-" "node-superagent/0.18.2"
82.95.133.247 - - [25/Jan/2016:13:40:51 -0800] "GET /lib/reccapi.php?resort=sugarbush HTTP/1.1" 200 990 "-" "node-superagent/0.18.2"
82.95.133.247 - - [25/Jan/2016:13:40:56 -0800] "GET /lib/reccapi.php?resort=sugarloaf HTTP/1.1" 200 956 "-" "node-superagent/0.18.2"
82.95.133.247 - - [25/Jan/2016:13:41:01 -0800] "GET /lib/reccapi.php?resort=sunpeaksresort HTTP/1.1" 200 924 "-" "node-superagent/0.18.2"
82.95.133.247 - - [25/Jan/2016:13:41:06 -0800] "GET /lib/reccapi.php?resort=sundayriver HTTP/1.1" 200 965 "-" "node-superagent/0.18.2"
82.95.133.247 - - [25/Jan/2016:13:41:11 -0800] "GET /lib/reccapi.php?resort=sunvalley HTTP/1.1" 200 968 "-" "node-superagent/0.18.2"
82.95.133.247 - - [25/Jan/2016:13:41:16 -0800] "GET /lib/reccapi.php?resort=taos HTTP/1.1" 200 1053 "-" "node-superagent/0.18.2"
82.95.133.247 - - [25/Jan/2016:13:41:21 -0800] "GET /lib/reccapi.php?resort=telluride HTTP/1.1" 200 1056 "-" "node-superagent/0.18.2"
82.95.133.247 - - [25/Jan/2016:13:41:26 -0800] "GET /lib/reccapi.php?resort=whitefacemountain HTTP/1.1" 200 966 "-" "node-superagent/0.18.2"
82.95.133.247 - - [25/Jan/2016:13:41:31 -0800] "GET /lib/reccapi.php?resort=wildcatmountain HTTP/1.1" 200 962 "-" "node-superagent/0.18.2"
82.95.133.247 - - [25/Jan/2016:13:41:36 -0800] "GET /lib/reccapi.php?resort=winterpark HTTP/1.1" 200 1028 "-" "node-superagent/0.18.2"
82.95.133.247 - - [25/Jan/2016:13:41:41 -0800] "GET /lib/reccapi.php?resort=mtrose HTTP/1.1" 200 993 "-" "node-superagent/0.18.2"
82.95.133.247 - - [25/Jan/2016:13:41:46 -0800] "GET /lib/reccapi.php?resort=whistlerblackcomb HTTP/1.1" 200 936 "-" "node-superagent/0.18.2"
12.8.245.226 - - [25/Jan/2016:13:41:57 -0800] "GET /images/wsis-logo-sm.png HTTP/1.1" 200 6108 "http://www.thebackcountry.net/" "Mozilla/5.0 (Windows NT 6.1; WOW64) AppleWebKit/537.36 (KHTML, like Gecko) Chrome/47.0.2526.111 Safari/537.36"
220.181.108.87 - - [25/Jan/2016:13:45:12 -0800] "GET / HTTP/1.1" 200 2578 "-" "Mozilla/5.0 (Windows NT 5.1; rv:6.0.2) Gecko/20100101 Firefox/6.0.2"
220.181.108.103 - - [25/Jan/2016:13:45:19 -0800] "GET / HTTP/1.1" 200 6995 "-" "Mozilla/5.0 (Windows NT 5.1; rv:6.0.2) Gecko/20100101 Firefox/6.0.2"
50.185.107.68 - - [25/Jan/2016:13:58:08 -0800] "GET /images/wsis-logo-sm.png HTTP/1.1" 200 6108 "http://www.thebackcountry.net/" "Mozilla/5.0 (Macintosh; Intel Mac OS X 10_11_2) AppleWebKit/601.3.9 (KHTML, like Gecko) Version/9.0.2 Safari/601.3.9"
50.185.107.68 - - [25/Jan/2016:13:58:08 -0800] "GET /images/wsis-logo-sm.png HTTP/1.1" 200 6108 "http://www.thebackcountry.net/" "Mozilla/5.0 (Macintosh; Intel Mac OS X 10_11_2) AppleWebKit/601.3.9 (KHTML, like Gecko) Version/9.0.2 Safari/601.3.9"
204.19.244.2 - - [25/Jan/2016:13:58:54 -0800] "GET /images/wsis-logo-sm.png HTTP/1.1" 200 6052 "http://www.thebackcountry.net/" "Mozilla/5.0 (compatible; MSIE 10.0; Windows NT 6.1; Trident/6.0)"
208.52.161.99 - - [25/Jan/2016:14:00:40 -0800] "GET /store/admin/orders.php/login.php HTTP/1.0" 404 518 "-" "-"
72.62.248.214 - - [25/Jan/2016:14:03:14 -0800] "GET /images/wsis-logo-sm.png HTTP/1.1" 200 6108 "http://www.thebackcountry.net/" "Mozilla/5.0 (Linux; Android 5.1; XT1031 Build/LPB23.13-51-R.10) AppleWebKit/537.36 (KHTML, like Gecko) Chrome/47.0.2526.83 Mobile Safari/537.36"
72.62.248.214 - - [25/Jan/2016:14:03:36 -0800] "-" 408 0 "-" "-"
152.79.152.209 - - [25/Jan/2016:14:05:25 -0800] "GET /images/wsis-logo-sm.png HTTP/1.1" 200 6108 "http://www.thebackcountry.net/" "Mozilla/5.0 (Windows NT 6.1; WOW64) AppleWebKit/537.36 (KHTML, like Gecko) Chrome/47.0.2526.111 Safari/537.36"
72.62.248.214 - - [25/Jan/2016:14:08:38 -0800] "-" 408 0 "-" "-"
72.62.248.214 - - [25/Jan/2016:14:08:39 -0800] "-" 408 0 "-" "-"
72.62.248.214 - - [25/Jan/2016:14:08:40 -0800] "-" 408 0 "-" "-"
72.62.248.214 - - [25/Jan/2016:14:08:55 -0800] "-" 408 0 "-" "-"
66.249.79.227 - - [25/Jan/2016:14:14:52 -0800] "GET /lib/reccapi.php?resort=timberline&date=2016-01-23 HTTP/1.1" 200 1069 "http://whereshouldiski.com/" "Mozilla/5.0 (compatible; Googlebot/2.1; +http://www.google.com/bot.html)"
66.249.79.220 - - [25/Jan/2016:14:14:54 -0800] "GET /lib/resortDataSearchD3.php?size=7&sortDate=T&resort=timberline&dateStart=2016-01-21 HTTP/1.1" 200 880 "http://whereshouldiski.com/" "Mozilla/5.0 (compatible; Googlebot/2.1; +http://www.google.com/bot.html)"
66.249.79.220 - - [25/Jan/2016:14:14:54 -0800] "GET /lib/reccapi.php?fields=t&date=2016-01-23&coords=45.34%2C-121.72&size=7&sort=distance HTTP/1.1" 200 1380 "http://whereshouldiski.com/" "Mozilla/5.0 (compatible; Googlebot/2.1; +http://www.google.com/bot.html)"
198.20.69.74 - - [25/Jan/2016:14:15:26 -0800] "GET / HTTP/1.1" 200 6976 "-" "-"
198.20.69.74 - - [25/Jan/2016:14:15:26 -0800] "GET /robots.txt HTTP/1.1" 200 319 "-" "-"
198.20.69.74 - - [25/Jan/2016:14:15:27 -0800] "GET /sitemap.xml HTTP/1.1" 404 472 "-" "-"
12.25.176.254 - - [25/Jan/2016:14:16:47 -0800] "GET /images/wsis-logo-sm.png HTTP/1.1" 200 6108 "http://www.thebackcountry.net/" "Mozilla/5.0 (Windows NT 10.0; Win64; x64) AppleWebKit/537.36 (KHTML, like Gecko) Chrome/47.0.2526.111 Safari/537.36"
162.227.141.84 - - [25/Jan/2016:14:19:58 -0800] "GET /images/wsis-logo-sm.png HTTP/1.1" 200 6108 "http://www.thebackcountry.net/" "Mozilla/5.0 (Macintosh; Intel Mac OS X 10_11_1) AppleWebKit/537.36 (KHTML, like Gecko) Chrome/47.0.2526.106 Safari/537.36"
162.227.141.84 - - [25/Jan/2016:14:20:19 -0800] "-" 408 0 "-" "-"
170.75.162.130 - - [25/Jan/2016:14:24:18 -0800] "GET /lib/reccapi.php?resort=cannonmountain HTTP/1.1" 200 959 "-" "node-superagent/1.4.0"
180.76.15.6 - - [25/Jan/2016:14:34:46 -0800] "GET / HTTP/1.1" 200 6995 "-" "Mozilla/5.0 (compatible; Baiduspider/2.0; +http://www.baidu.com/search/spider.html)"
180.76.15.143 - - [25/Jan/2016:14:35:39 -0800] "GET / HTTP/1.1" 200 6995 "-" "Mozilla/5.0 (compatible; Baiduspider/2.0; +http://www.baidu.com/search/spider.html)"
66.249.79.234 - - [25/Jan/2016:14:41:06 -0800] "GET /lib/reccapi.php?resort=mountbaker&date=2016-01-08 HTTP/1.1" 200 710 "http://whereshouldiski.com/" "Mozilla/5.0 (compatible; Googlebot/2.1; +http://www.google.com/bot.html)"
166.137.242.86 - - [25/Jan/2016:14:41:50 -0800] "GET /images/wsis-logo-sm.png HTTP/1.1" 200 6108 "http://www.thebackcountry.net/" "Mozilla/5.0 (iPhone; CPU iPhone OS 9_2_1 like Mac OS X) AppleWebKit/601.1.46 (KHTML, like Gecko) Version/9.0 Mobile/13D15 Safari/601.1"
24.240.175.30 - - [25/Jan/2016:14:41:54 -0800] "GET /images/wsis-logo-sm.png HTTP/1.1" 200 6108 "http://www.thebackcountry.net/" "Mozilla/5.0 (Windows NT 6.3; WOW64) AppleWebKit/537.36 (KHTML, like Gecko) Chrome/47.0.2526.111 Safari/537.36"
187.120.179.14 - - [25/Jan/2016:14:42:33 -0800] "GET /wp-login.php HTTP/1.1" 404 532 "http://whereshouldiski.com/wp-login.php" "Lynx/2.8.4rel.1 libwww-FM/2.14 SSL-MM/1.4.1 GNUTLS/0.8.6"
187.120.179.14 - - [25/Jan/2016:14:42:38 -0800] "GET /wordpress/wp-login.php HTTP/1.1" 404 532 "http://whereshouldiski.com/wordpress/wp-login.php" "Lynx/2.8.4rel.1 libwww-FM/2.14 SSL-MM/1.4.1 GNUTLS/0.8.6"
187.120.179.14 - - [25/Jan/2016:14:42:44 -0800] "GET /blog/wp-login.php HTTP/1.1" 404 532 "http://whereshouldiski.com/blog/wp-login.php" "Lynx/2.8.4rel.1 libwww-FM/2.14 SSL-MM/1.4.1 GNUTLS/0.8.6"
52.33.40.213 - - [25/Jan/2016:14:52:13 -0800] "GET /lib/reccapi.php?resort=mountbachelor HTTP/1.1" 200 995 "-" "node-superagent/1.4.0"
52.33.40.213 - - [25/Jan/2016:14:52:13 -0800] "GET /lib/reccapi.php?resort=mountspokane HTTP/1.1" 200 976 "-" "node-superagent/1.4.0"
52.33.40.213 - - [25/Jan/2016:14:52:13 -0800] "GET /lib/reccapi.php?resort=mounthoodmeadows HTTP/1.1" 200 999 "-" "node-superagent/1.4.0"
52.33.40.213 - - [25/Jan/2016:14:53:13 -0800] "GET /lib/reccapi.php?resort=schweitzer HTTP/1.1" 200 972 "-" "node-superagent/1.4.0"
52.33.40.213 - - [25/Jan/2016:14:53:23 -0800] "GET /lib/reccapi.php?resort=stevenspass HTTP/1.1" 200 981 "-" "node-superagent/1.4.0"
52.33.40.213 - - [25/Jan/2016:14:54:33 -0800] "GET /lib/reccapi.php?resort=sunvalley HTTP/1.1" 200 968 "-" "node-superagent/1.4.0"
52.33.40.213 - - [25/Jan/2016:14:54:33 -0800] "GET /lib/reccapi.php?resort=taos HTTP/1.1" 200 1053 "-" "node-superagent/1.4.0"
69.181.31.124 - - [25/Jan/2016:15:01:01 -0800] "GET /images/wsis-logo-sm.png HTTP/1.1" 200 6108 "http://www.thebackcountry.net/" "Mozilla/5.0 (Macintosh; Intel Mac OS X 10_11_1) AppleWebKit/537.36 (KHTML, like Gecko) Chrome/47.0.2526.111 Safari/537.36"
170.75.162.130 - - [25/Jan/2016:15:01:04 -0800] "GET /lib/reccapi.php?resort=angelfire HTTP/1.1" 200 1016 "-" "node-superagent/1.4.0"
129.9.75.197 - - [25/Jan/2016:15:05:08 -0800] "GET /images/wsis-logo-sm.png HTTP/1.1" 200 6108 "http://www.thebackcountry.net/" "Mozilla/5.0 (Windows NT 6.1; WOW64; Trident/7.0; rv:11.0) like Gecko"
52.33.40.213 - - [25/Jan/2016:15:09:14 -0800] "GET /lib/reccapi.php?resort=alpinemeadows HTTP/1.1" 200 1004 "-" "node-superagent/1.4.0"
66.249.79.234 - - [25/Jan/2016:15:09:37 -0800] "GET /lib/reccapi.php?resort=timberline&date=2016-01-15 HTTP/1.1" 200 706 "http://whereshouldiski.com/" "Mozilla/5.0 (compatible; Googlebot/2.1; +http://www.google.com/bot.html)"
24.121.30.52 - - [25/Jan/2016:15:09:54 -0800] "GET /images/wsis-logo-sm.png HTTP/1.1" 200 6108 "http://www.thebackcountry.net/" "Mozilla/5.0 (iPhone; CPU iPhone OS 9_2 like Mac OS X) AppleWebKit/601.1.46 (KHTML, like Gecko) Version/9.0 Mobile/13C75 Safari/601.1"
170.75.162.130 - - [25/Jan/2016:15:12:35 -0800] "GET /lib/reccapi.php?resort=whitefacemountain HTTP/1.1" 200 965 "-" "node-superagent/1.4.0"
170.75.162.130 - - [25/Jan/2016:15:14:05 -0800] "GET /lib/reccapi.php?resort=homewoodmountain HTTP/1.1" 200 996 "-" "node-superagent/1.4.0"
170.75.162.130 - - [25/Jan/2016:15:16:56 -0800] "GET /lib/reccapi.php?resort=solitude HTTP/1.1" 200 995 "-" "node-superagent/1.4.0"
70.197.53.184 - - [25/Jan/2016:15:19:47 -0800] "GET /images/wsis-logo-sm.png HTTP/1.1" 200 6108 "http://www.thebackcountry.net/" "Mozilla/5.0 (iPhone; CPU iPhone OS 9_1 like Mac OS X) AppleWebKit/601.1.46 (KHTML, like Gecko) Version/9.0 Mobile/13B143 Safari/601.1"
41.253.50.192 - - [25/Jan/2016:15:22:20 -0800] "GET /images/wsis-logo-sm.png HTTP/1.1" 200 6108 "http://www.thebackcountry.net/" "Mozilla/5.0 (Windows NT 6.1; WOW64) AppleWebKit/537.36 (KHTML, like Gecko) Chrome/48.0.2564.82 Safari/537.36"
170.75.162.130 - - [25/Jan/2016:15:22:47 -0800] "GET /lib/reccapi.php?resort=devilshead HTTP/1.1" 200 1018 "-" "node-superagent/1.4.0"
52.33.40.213 - - [25/Jan/2016:15:24:15 -0800] "GET /lib/reccapi.php?resort=alta HTTP/1.1" 200 1013 "-" "node-superagent/1.4.0"
193.169.234.5 - - [25/Jan/2016:15:24:45 -0800] "GET /robots.txt HTTP/1.1" 200 338 "-" "Openstat/0.1"
193.169.234.5 - - [25/Jan/2016:15:24:53 -0800] "GET / HTTP/1.1" 200 6995 "-" "Openstat/0.1"
66.87.135.137 - - [25/Jan/2016:15:25:55 -0800] "GET /images/wsis-logo-sm.png HTTP/1.1" 200 6108 "http://www.thebackcountry.net/" "Mozilla/5.0 (Linux; Android 5.0; SM-G900P Build/LRX21T) AppleWebKit/537.36 (KHTML, like Gecko) Chrome/47.0.2526.83 Mobile Safari/537.36"
66.87.135.137 - - [25/Jan/2016:15:26:17 -0800] "-" 408 0 "-" "-"
170.75.162.130 - - [25/Jan/2016:15:26:47 -0800] "GET /lib/reccapi.php?resort=heavenly HTTP/1.1" 200 987 "-" "node-superagent/1.4.0"
170.75.162.130 - - [25/Jan/2016:15:26:47 -0800] "GET /lib/reccapi.php?resort=keystone HTTP/1.1" 200 1073 "-" "node-superagent/1.4.0"
170.75.162.130 - - [25/Jan/2016:15:26:47 -0800] "GET /lib/reccapi.php?resort=parkcity HTTP/1.1" 200 990 "-" "node-superagent/1.4.0"
66.87.135.137 - - [25/Jan/2016:15:27:20 -0800] "-" 408 0 "-" "-"
66.87.135.137 - - [25/Jan/2016:15:27:20 -0800] "-" 408 0 "-" "-"
66.87.135.137 - - [25/Jan/2016:15:27:21 -0800] "-" 408 0 "-" "-"
66.87.135.137 - - [25/Jan/2016:15:29:06 -0800] "-" 408 0 "-" "-"
66.87.135.137 - - [25/Jan/2016:15:29:06 -0800] "-" 408 0 "-" "-"
66.87.135.137 - - [25/Jan/2016:15:30:16 -0800] "-" 408 0 "-" "-"
66.87.135.137 - - [25/Jan/2016:15:30:16 -0800] "-" 408 0 "-" "-"
180.76.15.15 - - [25/Jan/2016:15:31:37 -0800] "GET / HTTP/1.1" 200 6995 "-" "Mozilla/5.0 (compatible; Baiduspider/2.0; +http://www.baidu.com/search/spider.html)"
180.76.15.33 - - [25/Jan/2016:15:32:24 -0800] "GET / HTTP/1.1" 200 6995 "-" "Mozilla/5.0 (compatible; Baiduspider/2.0; +http://www.baidu.com/search/spider.html)"
50.23.149.131 - - [25/Jan/2016:15:33:58 -0800] "GET /images/wsis-logo-sm.png HTTP/1.1" 200 6108 "http://www.thebackcountry.net/" "Mozilla/5.0 (Macintosh; Intel Mac OS X 10_10_5) AppleWebKit/601.4.4 (KHTML, like Gecko) Version/9.0.3 Safari/601.4.4"
66.249.79.220 - - [25/Jan/2016:15:34:25 -0800] "GET /lib/reccapi.php?resort=catamount&date=2015-12-29 HTTP/1.1" 200 683 "http://whereshouldiski.com/" "Mozilla/5.0 (compatible; Googlebot/2.1; +http://www.google.com/bot.html)"
70.211.73.203 - - [25/Jan/2016:15:35:28 -0800] "GET /images/wsis-logo-sm.png HTTP/1.1" 200 6108 "http://www.thebackcountry.net/" "Mozilla/5.0 (iPhone; CPU iPhone OS 9_0 like Mac OS X) AppleWebKit/601.1.46 (KHTML, like Gecko) Version/9.0 Mobile/13A344 Safari/601.1"
123.125.71.26 - - [25/Jan/2016:15:35:58 -0800] "GET / HTTP/1.1" 200 2578 "-" "Mozilla/5.0 (Windows NT 5.1; rv:6.0.2) Gecko/20100101 Firefox/6.0.2"
123.125.71.44 - - [25/Jan/2016:15:35:59 -0800] "GET / HTTP/1.1" 200 6995 "-" "Mozilla/5.0 (Windows NT 5.1; rv:6.0.2) Gecko/20100101 Firefox/6.0.2"
208.91.1.34 - - [25/Jan/2016:15:37:48 -0800] "GET /images/wsis-logo-sm.png HTTP/1.1" 200 6108 "http://www.thebackcountry.net/" "Mozilla/5.0 (Windows NT 6.1; WOW64; rv:43.0) Gecko/20100101 Firefox/43.0"
52.33.40.213 - - [25/Jan/2016:15:40:45 -0800] "GET /lib/reccapi.php?resort=aspenheights HTTP/1.1" 200 1007 "-" "node-superagent/1.4.0"
52.33.40.213 - - [25/Jan/2016:15:40:45 -0800] "GET /lib/reccapi.php?resort=snowbird HTTP/1.1" 200 1000 "-" "node-superagent/1.4.0"
71.140.31.214 - - [25/Jan/2016:15:41:24 -0800] "GET /images/wsis-logo-sm.png HTTP/1.1" 304 187 "http://thebackcountry.net/" "Mozilla/5.0 (Windows NT 6.2; WOW64; rv:43.0) Gecko/20100101 Firefox/43.0"
139.181.7.34 - - [25/Jan/2016:15:42:17 -0800] "GET /images/wsis-logo-sm.png HTTP/1.1" 200 6108 "http://thebackcountry.net/" "Mozilla/5.0 (Windows NT 6.1; WOW64) AppleWebKit/537.36 (KHTML, like Gecko) Chrome/47.0.2526.111 Safari/537.36"
169.229.230.155 - - [25/Jan/2016:15:43:31 -0800] "GET /images/wsis-logo-sm.png HTTP/1.1" 200 6108 "http://thebackcountry.net/" "Mozilla/5.0 (X11; Ubuntu; Linux x86_64; rv:43.0) Gecko/20100101 Firefox/43.0"
72.62.248.214 - - [25/Jan/2016:15:44:33 -0800] "-" 408 0 "-" "-"
170.75.162.130 - - [25/Jan/2016:15:44:49 -0800] "GET /lib/reccapi.php?resort=crestedbutte HTTP/1.1" 200 999 "-" "node-superagent/1.4.0"
220.181.108.162 - - [25/Jan/2016:15:50:12 -0800] "-" 408 0 "-" "-"
170.75.162.130 - - [25/Jan/2016:15:53:41 -0800] "GET /lib/reccapi.php?resort=alpinemeadows HTTP/1.1" 200 1004 "-" "node-superagent/1.4.0"
52.33.40.213 - - [25/Jan/2016:15:54:26 -0800] "GET /lib/reccapi.php?resort=aspenmountain HTTP/1.1" 200 992 "-" "node-superagent/1.4.0"
52.33.40.213 - - [25/Jan/2016:15:55:36 -0800] "GET /lib/reccapi.php?resort=alyeska HTTP/1.1" 200 1005 "-" "node-superagent/1.4.0"
69.181.138.167 - - [25/Jan/2016:15:57:36 -0800] "GET /images/wsis-logo-sm.png HTTP/1.1" 304 187 "http://thebackcountry.net/" "Mozilla/5.0 (X11; Linux x86_64) AppleWebKit/537.36 (KHTML, like Gecko) Chrome/48.0.2564.82 Safari/537.36"
69.181.138.167 - - [25/Jan/2016:15:57:57 -0800] "-" 408 0 "-" "-"
170.75.162.130 - - [25/Jan/2016:16:02:42 -0800] "GET /lib/reccapi.php?resort=bigsky HTTP/1.1" 200 990 "-" "node-superagent/1.4.0"
66.249.79.234 - - [25/Jan/2016:16:07:42 -0800] "GET /resorts?resort=bigsky HTTP/1.1" 404 506 "-" "Mozilla/5.0 (compatible; Googlebot/2.1; +http://www.google.com/bot.html)"
52.33.40.213 - - [25/Jan/2016:16:07:46 -0800] "GET /lib/reccapi.php?resort=49degreesnorth HTTP/1.1" 200 987 "-" "node-superagent/1.4.0"
70.213.1.77 - - [25/Jan/2016:16:09:42 -0800] "GET /images/wsis-logo-sm.png HTTP/1.1" 200 6108 "http://www.thebackcountry.net/" "Mozilla/5.0 (iPhone; CPU iPhone OS 9_2 like Mac OS X) AppleWebKit/601.1.46 (KHTML, like Gecko) Mobile/13C75"
52.33.40.213 - - [25/Jan/2016:16:10:07 -0800] "GET /lib/reccapi.php?resort=snowmass HTTP/1.1" 200 973 "-" "node-superagent/1.4.0"
170.75.162.130 - - [25/Jan/2016:16:13:13 -0800] "GET /lib/reccapi.php?resort=alyeska HTTP/1.1" 200 1005 "-" "node-superagent/1.4.0"
170.75.162.130 - - [25/Jan/2016:16:14:13 -0800] "GET /lib/reccapi.php?resort=monarch HTTP/1.1" 200 996 "-" "node-superagent/1.4.0"
157.55.39.168 - - [25/Jan/2016:16:17:17 -0800] "GET / HTTP/1.1" 200 2615 "-" "Mozilla/5.0 (iPhone; CPU iPhone OS 7_0 like Mac OS X) AppleWebKit/537.51.1 (KHTML, like Gecko) Version/7.0 Mobile/11A465 Safari/9537.53 (compatible; bingbot/2.0;  http://www.bing.com/bingbot.htm)"
52.33.40.213 - - [25/Jan/2016:16:26:57 -0800] "GET /lib/reccapi.php?resort=bigsky HTTP/1.1" 200 990 "-" "node-superagent/1.4.0"
52.33.40.213 - - [25/Jan/2016:16:27:17 -0800] "GET /lib/reccapi.php?resort=mammothmountain HTTP/1.1" 200 1008 "-" "node-superagent/1.4.0"
52.33.40.213 - - [25/Jan/2016:16:27:17 -0800] "GET /lib/reccapi.php?resort=keystone HTTP/1.1" 200 1073 "-" "node-superagent/1.4.0"
66.249.79.234 - - [25/Jan/2016:16:30:27 -0800] "GET /lib/reccapi.php?resort=antelopebutte&date=2016-01-26 HTTP/1.1" 200 1028 "http://whereshouldiski.com/" "Mozilla/5.0 (compatible; Googlebot/2.1; +http://www.google.com/bot.html)"
66.249.79.220 - - [25/Jan/2016:16:30:28 -0800] "GET /lib/resortDataSearchD3.php?size=7&sortDate=T&resort=antelopebutte&dateStart=2016-01-24 HTTP/1.1" 200 873 "http://whereshouldiski.com/" "Mozilla/5.0 (compatible; Googlebot/2.1; +http://www.google.com/bot.html)"
66.249.79.220 - - [25/Jan/2016:16:30:29 -0800] "GET /lib/reccapi.php?fields=t&date=2016-01-26&coords=44.62%2C-107.51&size=7&sort=distance HTTP/1.1" 200 1370 "http://whereshouldiski.com/" "Mozilla/5.0 (compatible; Googlebot/2.1; +http://www.google.com/bot.html)"
52.33.40.213 - - [25/Jan/2016:16:30:37 -0800] "GET /lib/reccapi.php?resort=arapahoebasin HTTP/1.1" 200 1087 "-" "node-superagent/1.4.0"
170.75.162.130 - - [25/Jan/2016:16:32:26 -0800] "GET /lib/reccapi.php?resort=kirkwood HTTP/1.1" 200 1008 "-" "node-superagent/1.4.0"
75.111.97.57 - - [25/Jan/2016:16:34:42 -0800] "GET /images/wsis-logo-sm.png HTTP/1.1" 200 6108 "http://www.thebackcountry.net/" "Mozilla/5.0 (Macintosh; Intel Mac OS X 10_11_2) AppleWebKit/601.3.9 (KHTML, like Gecko) Version/9.0.2 Safari/601.3.9"
180.76.15.142 - - [25/Jan/2016:16:34:58 -0800] "GET / HTTP/1.1" 200 6995 "-" "Mozilla/5.0 (compatible; Baiduspider/2.0; +http://www.baidu.com/search/spider.html)"
180.76.15.140 - - [25/Jan/2016:16:35:55 -0800] "GET / HTTP/1.1" 200 6995 "-" "Mozilla/5.0 (compatible; Baiduspider/2.0; +http://www.baidu.com/search/spider.html)"
123.125.71.69 - - [25/Jan/2016:16:41:51 -0800] "-" 408 0 "-" "-"
208.52.154.243 - - [25/Jan/2016:16:42:07 -0800] "GET /pma/scripts/setup.php HTTP/1.0" 404 518 "-" "-"
52.33.40.213 - - [25/Jan/2016:16:42:48 -0800] "GET /lib/reccapi.php?resort=whistlerblackcomb HTTP/1.1" 200 934 "-" "node-superagent/1.4.0"
174.45.82.6 - - [25/Jan/2016:16:43:10 -0800] "GET /images/wsis-logo-sm.png HTTP/1.1" 200 6108 "http://thebackcountry.net/" "Mozilla/5.0 (iPhone; CPU iPhone OS 8_3 like Mac OS X) AppleWebKit/600.1.4 (KHTML, like Gecko) Version/8.0 Mobile/12F70 Safari/600.1.4"
52.33.40.213 - - [25/Jan/2016:16:44:48 -0800] "GET /lib/reccapi.php?resort=jacksonhole HTTP/1.1" 200 1044 "-" "node-superagent/1.4.0"
52.33.40.213 - - [25/Jan/2016:16:46:08 -0800] "GET /lib/reccapi.php?resort=smugglersnotch HTTP/1.1" 200 982 "-" "node-superagent/1.4.0"
170.75.162.130 - - [25/Jan/2016:16:49:08 -0800] "GET /lib/reccapi.php?resort=alta HTTP/1.1" 200 1013 "-" "node-superagent/1.4.0"
52.33.40.213 - - [25/Jan/2016:16:50:38 -0800] "GET /lib/reccapi.php?resort=sugarloaf HTTP/1.1" 200 957 "-" "node-superagent/1.4.0"
75.111.97.57 - - [25/Jan/2016:16:51:00 -0800] "GET /images/wsis-logo-sm.png HTTP/1.1" 200 6108 "http://www.thebackcountry.net/" "Mozilla/5.0 (Macintosh; Intel Mac OS X 10_11_2) AppleWebKit/601.3.9 (KHTML, like Gecko) Version/9.0.2 Safari/601.3.9"
52.33.40.213 - - [25/Jan/2016:16:52:08 -0800] "GET /lib/reccapi.php?resort=sugarbush HTTP/1.1" 200 986 "-" "node-superagent/1.4.0"
66.249.79.220 - - [25/Jan/2016:16:54:02 -0800] "GET /resorts?resort=alta HTTP/1.1" 404 506 "-" "Mozilla/5.0 (compatible; Googlebot/2.1; +http://www.google.com/bot.html)"
52.33.40.213 - - [25/Jan/2016:16:57:59 -0800] "GET /lib/reccapi.php?resort=grandtarghee HTTP/1.1" 200 1034 "-" "node-superagent/1.4.0"
52.33.40.213 - - [25/Jan/2016:16:57:59 -0800] "GET /lib/reccapi.php?resort=heavenly HTTP/1.1" 200 987 "-" "node-superagent/1.4.0"
52.33.40.213 - - [25/Jan/2016:16:58:29 -0800] "GET /lib/reccapi.php?resort=killington HTTP/1.1" 200 976 "-" "node-superagent/1.4.0"
52.33.40.213 - - [25/Jan/2016:16:58:39 -0800] "GET /lib/reccapi.php?resort=kirkwood HTTP/1.1" 200 1008 "-" "node-superagent/1.4.0"
52.33.40.213 - - [25/Jan/2016:16:59:09 -0800] "GET /lib/reccapi.php?resort=squawvalleyusa HTTP/1.1" 200 981 "-" "node-superagent/1.4.0"
52.33.40.213 - - [25/Jan/2016:16:59:19 -0800] "GET /lib/reccapi.php?resort=stowe HTTP/1.1" 200 966 "-" "node-superagent/1.4.0"
170.75.162.130 - - [25/Jan/2016:16:59:40 -0800] "GET /lib/reccapi.php?resort=snowmass HTTP/1.1" 200 973 "-" "node-superagent/1.4.0"
170.75.162.130 - - [25/Jan/2016:17:02:00 -0800] "GET /lib/reccapi.php?resort=sunpeaksresort HTTP/1.1" 200 922 "-" "node-superagent/1.4.0"
170.75.162.130 - - [25/Jan/2016:17:04:50 -0800] "GET /lib/reccapi.php?resort=killington HTTP/1.1" 200 976 "-" "node-superagent/1.4.0"
157.55.39.76 - - [25/Jan/2016:17:25:58 -0800] "GET /robots.txt HTTP/1.1" 200 419 "-" "Mozilla/5.0 (compatible; bingbot/2.0; +http://www.bing.com/bingbot.htm)"
157.55.39.76 - - [25/Jan/2016:17:25:58 -0800] "GET /styles/ee08faa9.main.css HTTP/1.1" 200 19446 "-" "Mozilla/5.0 (iPhone; CPU iPhone OS 7_0 like Mac OS X) AppleWebKit/537.51.1 (KHTML, like Gecko) Version/7.0 Mobile/11A465 Safari/9537.53 (compatible; bingbot/2.0; +http://www.bing.com/bingbot.htm)"
207.46.13.167 - - [25/Jan/2016:17:26:07 -0800] "GET /bower_components/requirejs/require.js HTTP/1.1" 200 6702 "-" "Mozilla/5.0 (iPhone; CPU iPhone OS 7_0 like Mac OS X) AppleWebKit/537.51.1 (KHTML, like Gecko) Version/7.0 Mobile/11A465 Safari/9537.53 (compatible; bingbot/2.0; +http://www.bing.com/bingbot.htm)"
173.252.88.90 - - [25/Jan/2016:17:26:33 -0800] "GET /images/logo.png HTTP/1.1" 200 33278 "-" "facebookexternalhit/1.1 (+http://www.facebook.com/externalhit_uatext.php)"
