66.176.163.77 - - [07/Mar/2016:19:20:14 -0800] "GET /images/wsis-logo-sm.png HTTP/1.1" 200 6108 "http://www.thebackcountry.net/" "Mozilla/5.0 (Macintosh; Intel Mac OS X 10_10_5) AppleWebKit/601.4.4 (KHTML, like Gecko) Version/9.0.3 Safari/601.4.4"
50.184.46.86 - - [07/Mar/2016:19:21:53 -0800] "GET /images/wsis-logo-sm.png HTTP/1.1" 200 6108 "http://www.thebackcountry.net/" "Mozilla/5.0 (iPad; CPU OS 7_0_4 like Mac OS X) AppleWebKit/537.51.1 (KHTML, like Gecko) Version/7.0 Mobile/11B554a Safari/9537.53"
180.76.15.20 - - [07/Mar/2016:19:33:46 -0800] "GET / HTTP/1.1" 200 6995 "-" "Mozilla/5.0 (compatible; Baiduspider/2.0; +http://www.baidu.com/search/spider.html)"
66.249.66.181 - - [07/Mar/2016:19:34:14 -0800] "GET /favicon.ico HTTP/1.1" 200 4613 "-" "Googlebot-Image/1.0"
180.76.15.162 - - [07/Mar/2016:19:34:45 -0800] "GET / HTTP/1.1" 200 6995 "-" "Mozilla/5.0 (compatible; Baiduspider/2.0; +http://www.baidu.com/search/spider.html)"
192.0.8.251 - - [07/Mar/2016:19:44:55 -0800] "GET /images/wsis-logo-sm.png HTTP/1.1" 200 6108 "http://www.thebackcountry.net/" "Mozilla/5.0 (Windows NT 6.1; WOW64; Trident/7.0; rv:11.0) like Gecko"
192.0.8.251 - - [07/Mar/2016:19:45:16 -0800] "-" 408 0 "-" "-"
71.140.31.214 - - [07/Mar/2016:19:46:05 -0800] "GET /images/wsis-logo-sm.png HTTP/1.1" 200 6108 "http://thebackcountry.net/" "Mozilla/5.0 (iPhone; CPU iPhone OS 9_2_1 like Mac OS X) AppleWebKit/601.1.46 (KHTML, like Gecko) Version/9.0 Mobile/13D15 Safari/601.1"
178.137.86.150 - - [07/Mar/2016:19:48:04 -0800] "GET / HTTP/1.1" 200 6976 "http://aftermarket.afora.ru/" "Mozilla/4.0 (compatible; MSIE 6.0; Windows NT 5.0; .NET CLR 1.0.3705; .NET CLR 1.1.4322)"
178.137.86.150 - - [07/Mar/2016:19:48:05 -0800] "GET / HTTP/1.1" 200 6976 "http://aftermarket.afora.ru/" "Mozilla/4.0 (compatible; MSIE 6.0; Windows NT 5.0; .NET CLR 1.0.3705; .NET CLR 1.1.4322)"
170.75.162.130 - - [07/Mar/2016:19:48:34 -0800] "GET /lib/reccapi.php?resort=crystalmountain HTTP/1.1" 200 1073 "-" "node-superagent/1.4.0"
66.249.66.184 - - [07/Mar/2016:19:50:14 -0800] "GET /lib/reccapi.php?resort=49degreesnorth&date=2016-03-05 HTTP/1.1" 200 1101 "http://whereshouldiski.com/" "Mozilla/5.0 (compatible; Googlebot/2.1; +http://www.google.com/bot.html)"
66.249.66.181 - - [07/Mar/2016:19:50:16 -0800] "GET /lib/resortDataSearchD3.php?size=7&sortDate=T&resort=49degreesnorth&dateStart=2016-03-03 HTTP/1.1" 200 848 "http://whereshouldiski.com/" "Mozilla/5.0 (compatible; Googlebot/2.1; +http://www.google.com/bot.html)"
66.249.66.181 - - [07/Mar/2016:19:50:16 -0800] "GET /lib/reccapi.php?fields=t&date=2016-03-05&coords=48.28%2C-117.56&size=7&sort=distance HTTP/1.1" 200 1359 "http://whereshouldiski.com/" "Mozilla/5.0 (compatible; Googlebot/2.1; +http://www.google.com/bot.html)"
157.55.39.177 - - [07/Mar/2016:19:56:54 -0800] "GET /resorts?resort=portillo&date=2014-08-19 HTTP/1.1" 404 509 "-" "Mozilla/5.0 (compatible; bingbot/2.0; +http://www.bing.com/bingbot.htm)"
51.254.44.137 - - [07/Mar/2016:19:57:15 -0800] "GET / HTTP/1.0" 200 6995 "-" "-"
52.33.40.213 - - [07/Mar/2016:20:00:08 -0800] "GET /lib/reccapi.php?resort=alpinemeadows HTTP/1.1" 200 1048 "-" "node-superagent/1.4.0"
52.33.40.213 - - [07/Mar/2016:20:02:08 -0800] "GET /lib/reccapi.php?resort=squawvalleyusa HTTP/1.1" 200 1127 "-" "node-superagent/1.4.0"
170.75.162.130 - - [07/Mar/2016:20:06:17 -0800] "GET /lib/reccapi.php?resort=sunvalley HTTP/1.1" 200 1007 "-" "node-superagent/1.4.0"
123.125.71.91 - - [07/Mar/2016:20:08:21 -0800] "GET / HTTP/1.1" 200 2578 "-" "Mozilla/5.0 (compatible; Baiduspider/2.0; +http://www.baidu.com/search/spider.html)"
170.75.162.130 - - [07/Mar/2016:20:08:57 -0800] "GET /lib/reccapi.php?resort=angelfire HTTP/1.1" 200 1043 "-" "node-superagent/1.4.0"
170.75.162.130 - - [07/Mar/2016:20:08:57 -0800] "GET /lib/reccapi.php?resort=taos HTTP/1.1" 200 1017 "-" "node-superagent/1.4.0"
66.249.66.181 - - [07/Mar/2016:20:18:38 -0800] "GET /lib/reccapi.php?resort=grandtarghee&date=2016-01-21 HTTP/1.1" 200 1021 "http://whereshouldiski.com/" "Mozilla/5.0 (compatible; Googlebot/2.1; +http://www.google.com/bot.html)"
66.249.66.178 - - [07/Mar/2016:20:18:40 -0800] "GET /lib/resortDataSearchD3.php?size=7&sortDate=T&resort=grandtarghee&dateStart=2016-01-19 HTTP/1.1" 200 883 "http://whereshouldiski.com/" "Mozilla/5.0 (compatible; Googlebot/2.1; +http://www.google.com/bot.html)"
66.249.66.184 - - [07/Mar/2016:20:18:41 -0800] "GET /lib/reccapi.php?fields=t&date=2016-01-21&coords=43.79%2C-110.95&size=7&sort=distance HTTP/1.1" 200 1385 "http://whereshouldiski.com/" "Mozilla/5.0 (compatible; Googlebot/2.1; +http://www.google.com/bot.html)"
52.33.40.213 - - [07/Mar/2016:20:19:28 -0800] "GET /lib/reccapi.php?resort=arapahoebasin HTTP/1.1" 200 1056 "-" "node-superagent/1.4.0"
52.33.40.213 - - [07/Mar/2016:20:19:48 -0800] "GET /lib/reccapi.php?resort=coppermountain HTTP/1.1" 200 1051 "-" "node-superagent/1.4.0"
192.0.8.251 - - [07/Mar/2016:20:22:49 -0800] "-" 408 0 "-" "-"
107.221.62.82 - - [07/Mar/2016:20:27:32 -0800] "GET /images/wsis-logo-sm.png HTTP/1.1" 200 6108 "http://www.thebackcountry.net/" "Mozilla/5.0 (iPad; CPU OS 9_2_1 like Mac OS X) AppleWebKit/600.1.4 (KHTML, like Gecko) GSA/12.0.68608 Mobile/13D15 Safari/600.1.4"
180.76.15.18 - - [07/Mar/2016:20:27:52 -0800] "GET / HTTP/1.1" 200 6995 "-" "Mozilla/5.0 (compatible; Baiduspider/2.0; +http://www.baidu.com/search/spider.html)"
180.76.15.5 - - [07/Mar/2016:20:28:38 -0800] "GET / HTTP/1.1" 200 6995 "-" "Mozilla/5.0 (compatible; Baiduspider/2.0; +http://www.baidu.com/search/spider.html)"
52.33.40.213 - - [07/Mar/2016:20:33:19 -0800] "GET /lib/reccapi.php?resort=alta HTTP/1.1" 200 986 "-" "node-superagent/1.4.0"
52.33.40.213 - - [07/Mar/2016:20:37:29 -0800] "GET /lib/reccapi.php?resort=sugarbowl HTTP/1.1" 200 1093 "-" "node-superagent/1.4.0"
52.33.40.213 - - [07/Mar/2016:20:40:09 -0800] "GET /lib/reccapi.php?resort=mounthoodmeadows HTTP/1.1" 200 1080 "-" "node-superagent/1.4.0"
52.33.40.213 - - [07/Mar/2016:20:41:09 -0800] "GET /lib/reccapi.php?resort=brianhead HTTP/1.1" 200 1053 "-" "node-superagent/1.4.0"
99.182.121.65 - - [07/Mar/2016:20:41:23 -0800] "GET /images/wsis-logo-sm.png HTTP/1.1" 200 6108 "http://www.thebackcountry.net/" "Mozilla/5.0 (Windows NT 10.0; Win64; x64) AppleWebKit/537.36 (KHTML, like Gecko) Chrome/46.0.2486.0 Safari/537.36 Edge/13.10586"
99.182.121.65 - - [07/Mar/2016:20:41:44 -0800] "-" 408 0 "-" "-"
99.182.121.65 - - [07/Mar/2016:20:47:13 -0800] "-" 408 0 "-" "-"
170.75.162.130 - - [07/Mar/2016:20:51:33 -0800] "GET /lib/reccapi.php?resort=heavenly HTTP/1.1" 200 1113 "-" "node-superagent/1.4.0"
66.249.66.178 - - [07/Mar/2016:20:52:15 -0800] "GET /lib/reccapi.php?resort=deervalley&date=2016-03-05 HTTP/1.1" 200 1014 "http://whereshouldiski.com/" "Mozilla/5.0 (compatible; Googlebot/2.1; +http://www.google.com/bot.html)"
66.249.66.181 - - [07/Mar/2016:20:52:16 -0800] "GET /lib/resortDataSearchD3.php?size=7&sortDate=T&resort=deervalley&dateStart=2016-03-03 HTTP/1.1" 200 854 "http://whereshouldiski.com/" "Mozilla/5.0 (compatible; Googlebot/2.1; +http://www.google.com/bot.html)"
66.249.66.181 - - [07/Mar/2016:20:52:16 -0800] "GET /lib/reccapi.php?fields=t&date=2016-03-05&coords=39.32%2C-111.09&size=7&sort=distance HTTP/1.1" 200 1277 "http://whereshouldiski.com/" "Mozilla/5.0 (compatible; Googlebot/2.1; +http://www.google.com/bot.html)"
69.30.210.242 - - [07/Mar/2016:21:01:26 -0800] "GET /robots.txt HTTP/1.0" 200 338 "-" "Mozilla/5.0 (compatible; MJ12bot/v1.4.5; http://www.majestic12.co.uk/bot.php?+)"
69.30.210.242 - - [07/Mar/2016:21:01:27 -0800] "GET /robots.txt HTTP/1.0" 200 338 "-" "Mozilla/5.0 (compatible; MJ12bot/v1.4.5; http://www.majestic12.co.uk/bot.php?+)"
170.75.162.130 - - [07/Mar/2016:21:08:36 -0800] "GET /lib/reccapi.php?resort=alta HTTP/1.1" 200 986 "-" "node-superagent/1.4.0"
52.33.40.213 - - [07/Mar/2016:21:10:51 -0800] "GET /lib/reccapi.php?resort=killington HTTP/1.1" 200 1100 "-" "node-superagent/1.4.0"
52.33.40.213 - - [07/Mar/2016:21:13:41 -0800] "GET /lib/reccapi.php?resort=jacksonhole HTTP/1.1" 200 993 "-" "node-superagent/1.4.0"
52.33.40.213 - - [07/Mar/2016:21:13:41 -0800] "GET /lib/reccapi.php?resort=grandtarghee HTTP/1.1" 200 1008 "-" "node-superagent/1.4.0"
52.33.40.213 - - [07/Mar/2016:21:13:41 -0800] "GET /lib/reccapi.php?resort=taos HTTP/1.1" 200 1017 "-" "node-superagent/1.4.0"
52.33.40.213 - - [07/Mar/2016:21:13:41 -0800] "GET /lib/reccapi.php?resort=sunvalley HTTP/1.1" 200 1007 "-" "node-superagent/1.4.0"
5.149.254.109 - - [07/Mar/2016:21:15:29 -0800] "GET /wordpress/ HTTP/1.1" 404 476 "-" "Mozilla/5.0 (X11; Linux x86_64) AppleWebKit/537.36 (KHTML, like Gecko) Chrome/48.0.2563.97 Safari/527.26"
108.69.128.224 - - [07/Mar/2016:21:16:00 -0800] "GET /images/wsis-logo-sm.png HTTP/1.1" 200 6108 "http://www.thebackcountry.net/" "Mozilla/5.0 (Windows NT 6.1; WOW64; rv:44.0) Gecko/20100101 Firefox/44.0"
66.249.66.181 - - [07/Mar/2016:21:17:48 -0800] "GET /resorts?resort=antelopebutte&date=2014-02-09 HTTP/1.1" 404 506 "-" "Mozilla/5.0 (iPhone; CPU iPhone OS 8_3 like Mac OS X) AppleWebKit/600.1.4 (KHTML, like Gecko) Version/8.0 Mobile/12F70 Safari/600.1.4 (compatible; Googlebot/2.1; +http://www.google.com/bot.html)"
52.33.40.213 - - [07/Mar/2016:21:20:41 -0800] "GET /lib/reccapi.php?resort=keystone HTTP/1.1" 200 1049 "-" "node-superagent/1.4.0"
180.76.15.140 - - [07/Mar/2016:21:29:37 -0800] "GET / HTTP/1.1" 304 173 "-" "Mozilla/5.0 (compatible; Baiduspider/2.0; +http://www.baidu.com/search/spider.html)"
180.76.15.30 - - [07/Mar/2016:21:33:58 -0800] "GET / HTTP/1.1" 200 6995 "-" "Mozilla/5.0 (compatible; Baiduspider/2.0; +http://www.baidu.com/search/spider.html)"
180.76.15.142 - - [07/Mar/2016:21:34:55 -0800] "GET / HTTP/1.1" 200 6995 "-" "Mozilla/5.0 (compatible; Baiduspider/2.0; +http://www.baidu.com/search/spider.html)"
178.137.154.130 - - [07/Mar/2016:21:45:49 -0800] "GET / HTTP/1.1" 200 6976 "http://p-business.ru/" "Mozilla/4.0 (compatible; MSIE 6.0; AOL 9.0; Windows NT 5.1)"
178.137.154.130 - - [07/Mar/2016:21:45:50 -0800] "GET / HTTP/1.1" 200 6976 "http://p-business.ru/" "Mozilla/4.0 (compatible; MSIE 6.0; AOL 9.0; Windows NT 5.1)"
178.137.154.130 - - [07/Mar/2016:21:45:51 -0800] "GET / HTTP/1.1" 200 6976 "http://p-business.ru/" "Mozilla/4.0 (compatible; MSIE 6.0; AOL 9.0; Windows NT 5.1)"
170.75.162.130 - - [07/Mar/2016:21:48:11 -0800] "GET /lib/reccapi.php?resort=sugarloaf HTTP/1.1" 200 1027 "-" "node-superagent/1.4.0"
170.75.162.130 - - [07/Mar/2016:21:48:11 -0800] "GET /lib/reccapi.php?resort=killington HTTP/1.1" 200 1100 "-" "node-superagent/1.4.0"
170.75.162.130 - - [07/Mar/2016:21:52:42 -0800] "GET /lib/reccapi.php?resort=sugarbowl HTTP/1.1" 200 1093 "-" "node-superagent/1.4.0"
170.75.162.130 - - [07/Mar/2016:21:54:32 -0800] "GET /lib/reccapi.php?resort=kirkwood HTTP/1.1" 200 1058 "-" "node-superagent/1.4.0"
170.75.162.130 - - [07/Mar/2016:21:54:52 -0800] "GET /lib/reccapi.php?resort=northstar-at-tahoe HTTP/1.1" 200 1120 "-" "node-superagent/1.4.0"
52.33.40.213 - - [07/Mar/2016:21:55:23 -0800] "GET /lib/reccapi.php?resort=kirkwood HTTP/1.1" 200 1058 "-" "node-superagent/1.4.0"
52.33.40.213 - - [07/Mar/2016:21:55:23 -0800] "GET /lib/reccapi.php?resort=heavenly HTTP/1.1" 200 1113 "-" "node-superagent/1.4.0"
24.143.115.216 - - [07/Mar/2016:22:03:56 -0800] "GET /lib/reccapi.php?fields=t&state=WA&powder=3 HTTP/1.1" 200 990 "http://whereshouldiski.com/" "Mozilla/5.0 (Macintosh; Intel Mac OS X 10_10_5) AppleWebKit/600.8.9 (KHTML, like Gecko) WebClip/10601.4.2 Safari/10601.4.4"
24.143.115.216 - - [07/Mar/2016:22:04:30 -0800] "GET /lib/reccapi.php?fields=t&state=WA&powder=3 HTTP/1.1" 200 990 "http://whereshouldiski.com/" "Mozilla/5.0 (Macintosh; Intel Mac OS X 10_10_5) AppleWebKit/600.8.9 (KHTML, like Gecko) WebClip/10601.4.2 Safari/10601.4.4"
24.143.115.216 - - [07/Mar/2016:22:04:34 -0800] "GET /lib/reccapi.php?fields=t&state=WA&powder=3 HTTP/1.1" 200 989 "http://whereshouldiski.com/" "Mozilla/5.0 (Macintosh; Intel Mac OS X 10_10_5) AppleWebKit/600.8.9 (KHTML, like Gecko) WebClip/10601.4.2 Safari/10601.4.4"
66.18.115.10 - - [07/Mar/2016:22:05:33 -0800] "GET /images/wsis-logo-sm.png HTTP/1.1" 200 6108 "http://www.thebackcountry.net/" "Mozilla/5.0 (compatible; MSIE 10.0; Windows NT 6.1; WOW64; Trident/6.0)"
170.75.162.130 - - [07/Mar/2016:22:08:24 -0800] "GET /lib/reccapi.php?resort=sierra-at-tahoe HTTP/1.1" 200 1037 "-" "node-superagent/1.4.0"
66.18.115.10 - - [07/Mar/2016:22:11:45 -0800] "-" 408 0 "-" "-"
123.125.71.28 - - [07/Mar/2016:22:21:16 -0800] "GET /about HTTP/1.1" 404 472 "-" "Mozilla/5.0 (compatible; Baiduspider/2.0; +http://www.baidu.com/search/spider.html)"
50.132.85.131 - - [07/Mar/2016:22:25:46 -0800] "GET / HTTP/1.1" 200 2559 "http://www.whereshouldiski.com/" "SimplePie/1.3.1 (Feed Parser; http://simplepie.org; Allow like Gecko) Build/20160226060242"
170.75.162.130 - - [07/Mar/2016:22:27:07 -0800] "GET /lib/reccapi.php?resort=hoodoo HTTP/1.1" 200 1046 "-" "node-superagent/1.4.0"
66.249.66.184 - - [07/Mar/2016:22:30:59 -0800] "GET /scripts/scripts/vendor/modernizr.js HTTP/1.1" 200 4903 "-" "Mozilla/5.0 (compatible; Googlebot/2.1; +http://www.google.com/bot.html)"
66.249.66.181 - - [07/Mar/2016:22:31:09 -0800] "GET /bower_components/requirejs/require.js HTTP/1.1" 200 6702 "-" "Mozilla/5.0 (compatible; Googlebot/2.1; +http://www.google.com/bot.html)"
66.249.66.178 - - [07/Mar/2016:22:31:22 -0800] "GET /styles/ee08faa9.main.css HTTP/1.1" 200 19447 "-" "Mozilla/5.0 (compatible; Googlebot/2.1; +http://www.google.com/bot.html)"
66.249.66.178 - - [07/Mar/2016:22:31:23 -0800] "GET /lib/reccapi.php?resort=beavermountain&date=2016-01-25 HTTP/1.1" 200 1034 "http://whereshouldiski.com/" "Mozilla/5.0 (compatible; Googlebot/2.1; +http://www.google.com/bot.html)"
66.249.66.178 - - [07/Mar/2016:22:31:25 -0800] "GET /lib/reccapi.php?fields=t&date=2016-01-25&coords=41.97%2C-111.54&size=7&sort=distance HTTP/1.1" 200 1350 "http://whereshouldiski.com/" "Mozilla/5.0 (compatible; Googlebot/2.1; +http://www.google.com/bot.html)"
66.249.66.178 - - [07/Mar/2016:22:31:25 -0800] "GET /lib/resortDataSearchD3.php?size=7&sortDate=T&resort=beavermountain&dateStart=2016-01-23 HTTP/1.1" 200 868 "http://whereshouldiski.com/" "Mozilla/5.0 (compatible; Googlebot/2.1; +http://www.google.com/bot.html)"
180.76.15.27 - - [07/Mar/2016:22:32:06 -0800] "GET / HTTP/1.1" 200 6995 "-" "Mozilla/5.0 (compatible; Baiduspider/2.0; +http://www.baidu.com/search/spider.html)"
66.249.66.178 - - [07/Mar/2016:22:32:37 -0800] "GET /lib/reccapi.php?resort=grandtarghee&date=2016-01-26 HTTP/1.1" 200 1030 "http://whereshouldiski.com/" "Mozilla/5.0 (compatible; Googlebot/2.1; +http://www.google.com/bot.html)"
66.249.66.178 - - [07/Mar/2016:22:32:39 -0800] "GET /lib/reccapi.php?fields=t&date=2016-01-26&coords=43.79%2C-110.95&size=7&sort=distance HTTP/1.1" 200 1376 "http://whereshouldiski.com/" "Mozilla/5.0 (compatible; Googlebot/2.1; +http://www.google.com/bot.html)"
66.249.66.178 - - [07/Mar/2016:22:32:39 -0800] "GET /lib/resortDataSearchD3.php?size=7&sortDate=T&resort=grandtarghee&dateStart=2016-01-24 HTTP/1.1" 200 869 "http://whereshouldiski.com/" "Mozilla/5.0 (compatible; Googlebot/2.1; +http://www.google.com/bot.html)"
180.76.15.12 - - [07/Mar/2016:22:33:02 -0800] "GET / HTTP/1.1" 200 6995 "-" "Mozilla/5.0 (compatible; Baiduspider/2.0; +http://www.baidu.com/search/spider.html)"
170.75.162.130 - - [07/Mar/2016:22:34:38 -0800] "GET /lib/reccapi.php?resort=deervalley HTTP/1.1" 200 1069 "-" "node-superagent/1.4.0"
170.75.162.130 - - [07/Mar/2016:22:35:18 -0800] "GET /lib/reccapi.php?resort=whistlerblackcomb HTTP/1.1" 200 939 "-" "node-superagent/1.4.0"
170.75.162.130 - - [07/Mar/2016:22:35:38 -0800] "GET /lib/reccapi.php?resort=diamondpeak HTTP/1.1" 200 1066 "-" "node-superagent/1.4.0"
170.75.162.130 - - [07/Mar/2016:22:35:38 -0800] "GET /lib/reccapi.php?resort=mtrose HTTP/1.1" 200 1099 "-" "node-superagent/1.4.0"
170.75.162.130 - - [07/Mar/2016:22:35:38 -0800] "GET /lib/reccapi.php?resort=steamboat HTTP/1.1" 200 1048 "-" "node-superagent/1.4.0"
170.75.162.130 - - [07/Mar/2016:22:35:48 -0800] "GET /lib/reccapi.php?resort=sundayriver HTTP/1.1" 200 1043 "-" "node-superagent/1.4.0"
66.249.66.178 - - [07/Mar/2016:22:37:39 -0800] "GET /lib/reccapi.php?resort=crystalmountain&date=2016-03-05 HTTP/1.1" 200 1101 "http://whereshouldiski.com/" "Mozilla/5.0 (compatible; Googlebot/2.1; +http://www.google.com/bot.html)"
66.249.66.178 - - [07/Mar/2016:22:37:40 -0800] "GET /lib/resortDataSearchD3.php?size=7&sortDate=T&resort=crystalmountain&dateStart=2016-03-03 HTTP/1.1" 200 877 "http://whereshouldiski.com/" "Mozilla/5.0 (compatible; Googlebot/2.1; +http://www.google.com/bot.html)"
66.249.66.178 - - [07/Mar/2016:22:37:41 -0800] "GET /lib/reccapi.php?fields=t&date=2016-03-05&coords=46.92%2C-121.49&size=7&sort=distance HTTP/1.1" 200 1362 "http://whereshouldiski.com/" "Mozilla/5.0 (compatible; Googlebot/2.1; +http://www.google.com/bot.html)"
66.249.66.178 - - [07/Mar/2016:22:40:59 -0800] "GET /lib/reccapi.php?resort=antelopebutte&date=2016-01-25 HTTP/1.1" 200 1060 "http://whereshouldiski.com/" "Mozilla/5.0 (compatible; Googlebot/2.1; +http://www.google.com/bot.html)"
66.249.66.178 - - [07/Mar/2016:22:41:00 -0800] "GET /lib/resortDataSearchD3.php?size=7&sortDate=T&resort=antelopebutte&dateStart=2016-01-23 HTTP/1.1" 200 879 "http://whereshouldiski.com/" "Mozilla/5.0 (compatible; Googlebot/2.1; +http://www.google.com/bot.html)"
66.249.66.178 - - [07/Mar/2016:22:41:00 -0800] "GET /lib/reccapi.php?fields=t&date=2016-01-25&coords=44.62%2C-107.51&size=7&sort=distance HTTP/1.1" 200 1371 "http://whereshouldiski.com/" "Mozilla/5.0 (compatible; Googlebot/2.1; +http://www.google.com/bot.html)"
180.76.15.29 - - [07/Mar/2016:22:46:21 -0800] "GET /resorts?resort=hoodoo HTTP/1.1" 404 469 "-" "Mozilla/5.0 (compatible; Baiduspider/2.0; +http://www.baidu.com/search/spider.html)"
170.75.162.130 - - [07/Mar/2016:22:49:20 -0800] "GET /lib/reccapi.php?resort=sunpeaksresort HTTP/1.1" 200 922 "-" "node-superagent/1.4.0"
170.75.162.130 - - [07/Mar/2016:22:50:20 -0800] "GET /lib/reccapi.php?resort=mountainhigh HTTP/1.1" 200 1098 "-" "node-superagent/1.4.0"
178.137.154.130 - - [07/Mar/2016:22:56:08 -0800] "GET / HTTP/1.1" 200 6976 "http://www.4istoshop.com/" "Mozilla/4.0 (compatible; MSIE 6.0; Windows XP)"
178.137.154.130 - - [07/Mar/2016:22:56:09 -0800] "GET / HTTP/1.1" 200 6976 "http://www.4istoshop.com/" "Mozilla/4.0 (compatible; MSIE 6.0; Windows XP)"
178.137.154.130 - - [07/Mar/2016:22:56:09 -0800] "GET / HTTP/1.1" 200 6976 "http://www.4istoshop.com/" "Mozilla/4.0 (compatible; MSIE 6.0; Windows XP)"
66.249.66.178 - - [07/Mar/2016:22:56:31 -0800] "GET /lib/reccapi.php?resort=beavermountain&date=2016-01-27 HTTP/1.1" 200 1031 "http://whereshouldiski.com/" "Mozilla/5.0 (compatible; Googlebot/2.1; +http://www.google.com/bot.html)"
66.249.66.178 - - [07/Mar/2016:22:56:32 -0800] "GET /lib/reccapi.php?fields=t&date=2016-01-27&coords=41.97%2C-111.54&size=7&sort=distance HTTP/1.1" 200 1335 "http://whereshouldiski.com/" "Mozilla/5.0 (compatible; Googlebot/2.1; +http://www.google.com/bot.html)"
66.249.66.178 - - [07/Mar/2016:22:56:33 -0800] "GET /lib/resortDataSearchD3.php?size=7&sortDate=T&resort=beavermountain&dateStart=2016-01-25 HTTP/1.1" 200 874 "http://whereshouldiski.com/" "Mozilla/5.0 (compatible; Googlebot/2.1; +http://www.google.com/bot.html)"
52.33.40.213 - - [07/Mar/2016:22:56:36 -0800] "GET /lib/reccapi.php?resort=mammothmountain HTTP/1.1" 200 1132 "-" "node-superagent/1.4.0"
52.33.40.213 - - [07/Mar/2016:22:56:36 -0800] "GET /lib/reccapi.php?resort=aspenheights HTTP/1.1" 200 1060 "-" "node-superagent/1.4.0"
52.33.40.213 - - [07/Mar/2016:22:56:46 -0800] "GET /lib/reccapi.php?resort=snowbird HTTP/1.1" 200 997 "-" "node-superagent/1.4.0"
104.34.234.27 - - [07/Mar/2016:22:57:49 -0800] "GET /images/wsis-logo-sm.png HTTP/1.1" 200 6108 "http://www.thebackcountry.net/" "Mozilla/5.0 (Macintosh; Intel Mac OS X 10_10_5) AppleWebKit/600.8.9 (KHTML, like Gecko) Version/8.0.8 Safari/600.8.9"
46.9.164.175 - - [07/Mar/2016:23:05:27 -0800] "GET /robots.txt HTTP/1.0" 200 338 "-" "Mozilla/5.0 (compatible; MJ12bot/v1.4.5; http://www.majestic12.co.uk/bot.php?+)"
46.9.164.175 - - [07/Mar/2016:23:05:29 -0800] "GET /about HTTP/1.0" 404 495 "-" "Mozilla/5.0 (compatible; MJ12bot/v1.4.5; http://www.majestic12.co.uk/bot.php?+)"
46.9.164.175 - - [07/Mar/2016:23:05:30 -0800] "GET /resorts?resort=alpinemeadows HTTP/1.0" 404 469 "-" "Mozilla/5.0 (compatible; MJ12bot/v1.4.5; http://www.majestic12.co.uk/bot.php?+)"
46.9.164.175 - - [07/Mar/2016:23:05:32 -0800] "GET /resorts?resort=aspenmountain HTTP/1.0" 404 469 "-" "Mozilla/5.0 (compatible; MJ12bot/v1.4.5; http://www.majestic12.co.uk/bot.php?+)"
46.9.164.175 - - [07/Mar/2016:23:05:34 -0800] "GET /resorts?resort=buttermilk HTTP/1.0" 404 469 "-" "Mozilla/5.0 (compatible; MJ12bot/v1.4.5; http://www.majestic12.co.uk/bot.php?+)"
46.9.164.175 - - [07/Mar/2016:23:05:35 -0800] "GET /resorts?resort=grandtarghee HTTP/1.0" 404 469 "-" "Mozilla/5.0 (compatible; MJ12bot/v1.4.5; http://www.majestic12.co.uk/bot.php?+)"
52.33.40.213 - - [07/Mar/2016:23:24:27 -0800] "GET /lib/reccapi.php?resort=winterpark HTTP/1.1" 200 1048 "-" "node-superagent/1.4.0"
52.33.40.213 - - [07/Mar/2016:23:24:27 -0800] "GET /lib/reccapi.php?resort=sugarloaf HTTP/1.1" 200 1027 "-" "node-superagent/1.4.0"
52.33.40.213 - - [07/Mar/2016:23:24:27 -0800] "GET /lib/reccapi.php?resort=sundayriver HTTP/1.1" 200 1043 "-" "node-superagent/1.4.0"
52.33.40.213 - - [07/Mar/2016:23:24:27 -0800] "GET /lib/reccapi.php?resort=madriverglen HTTP/1.1" 200 1085 "-" "node-superagent/1.4.0"
52.33.40.213 - - [07/Mar/2016:23:24:27 -0800] "GET /lib/reccapi.php?resort=cannonmountain HTTP/1.1" 200 1037 "-" "node-superagent/1.4.0"
52.33.40.213 - - [07/Mar/2016:23:24:27 -0800] "GET /lib/reccapi.php?resort=stowe HTTP/1.1" 200 1051 "-" "node-superagent/1.4.0"
52.33.40.213 - - [07/Mar/2016:23:24:27 -0800] "GET /lib/reccapi.php?resort=sugarbush HTTP/1.1" 200 1087 "-" "node-superagent/1.4.0"
52.33.40.213 - - [07/Mar/2016:23:24:27 -0800] "GET /lib/reccapi.php?resort=whistlerblackcomb HTTP/1.1" 200 939 "-" "node-superagent/1.4.0"
180.76.15.148 - - [07/Mar/2016:23:30:55 -0800] "GET / HTTP/1.1" 200 6995 "-" "Mozilla/5.0 (compatible; Baiduspider/2.0; +http://www.baidu.com/search/spider.html)"
180.76.15.137 - - [07/Mar/2016:23:31:49 -0800] "GET / HTTP/1.1" 200 6995 "-" "Mozilla/5.0 (compatible; Baiduspider/2.0; +http://www.baidu.com/search/spider.html)"
66.249.66.184 - - [07/Mar/2016:23:36:22 -0800] "GET /scripts/fa48e319.main.js HTTP/1.1" 304 211 "-" "Mozilla/5.0 (compatible; Googlebot/2.1; +http://www.google.com/bot.html)"
66.249.66.181 - - [07/Mar/2016:23:36:25 -0800] "GET /lib/reccapi.php?resort=belleayre&date=2016-02-12 HTTP/1.1" 200 991 "http://whereshouldiski.com/" "Mozilla/5.0 (compatible; Googlebot/2.1; +http://www.google.com/bot.html)"
66.249.66.181 - - [07/Mar/2016:23:36:26 -0800] "GET /lib/resortDataSearchD3.php?size=7&sortDate=T&resort=belleayre&dateStart=2016-02-10 HTTP/1.1" 200 868 "http://whereshouldiski.com/" "Mozilla/5.0 (compatible; Googlebot/2.1; +http://www.google.com/bot.html)"
66.249.66.178 - - [07/Mar/2016:23:36:27 -0800] "GET /lib/reccapi.php?fields=t&date=2016-02-12&coords=42.1422%2C-74.5108&size=7&sort=distance HTTP/1.1" 200 1343 "http://whereshouldiski.com/" "Mozilla/5.0 (compatible; Googlebot/2.1; +http://www.google.com/bot.html)"
52.33.40.213 - - [07/Mar/2016:23:36:38 -0800] "GET /lib/reccapi.php?resort=hoodoo HTTP/1.1" 200 1046 "-" "node-superagent/1.4.0"
170.75.162.130 - - [07/Mar/2016:23:44:07 -0800] "GET /lib/reccapi.php?resort=redlodge HTTP/1.1" 200 1043 "-" "node-superagent/1.4.0"
170.75.162.130 - - [07/Mar/2016:23:44:07 -0800] "GET /lib/reccapi.php?resort=bigsky HTTP/1.1" 200 1029 "-" "node-superagent/1.4.0"
66.249.66.184 - - [07/Mar/2016:23:47:54 -0800] "GET /lib/reccapi.php?resort=bigsky&date=2016-03-05 HTTP/1.1" 200 1100 "http://whereshouldiski.com/" "Mozilla/5.0 (compatible; Googlebot/2.1; +http://www.google.com/bot.html)"
66.249.66.178 - - [07/Mar/2016:23:47:55 -0800] "GET /lib/resortDataSearchD3.php?size=7&sortDate=T&resort=bigsky&dateStart=2016-03-03 HTTP/1.1" 200 862 "http://whereshouldiski.com/" "Mozilla/5.0 (compatible; Googlebot/2.1; +http://www.google.com/bot.html)"
66.249.66.184 - - [07/Mar/2016:23:47:56 -0800] "GET /lib/reccapi.php?fields=t&date=2016-03-05&coords=45.27%2C-111.43&size=7&sort=distance HTTP/1.1" 200 1341 "http://whereshouldiski.com/" "Mozilla/5.0 (compatible; Googlebot/2.1; +http://www.google.com/bot.html)"
52.33.40.213 - - [07/Mar/2016:23:49:58 -0800] "GET /lib/reccapi.php?resort=49degreesnorth HTTP/1.1" 200 1077 "-" "node-superagent/1.4.0"
52.33.40.213 - - [07/Mar/2016:23:53:38 -0800] "GET /lib/reccapi.php?resort=bigwhite HTTP/1.1" 200 927 "-" "node-superagent/1.4.0"
52.33.40.213 - - [07/Mar/2016:23:54:48 -0800] "GET /lib/reccapi.php?resort=diamondpeak HTTP/1.1" 200 1066 "-" "node-superagent/1.4.0"
52.33.40.213 - - [07/Mar/2016:23:54:48 -0800] "GET /lib/reccapi.php?resort=crestedbutte HTTP/1.1" 200 1052 "-" "node-superagent/1.4.0"
52.33.40.213 - - [07/Mar/2016:23:54:58 -0800] "GET /lib/reccapi.php?resort=devilshead HTTP/1.1" 200 968 "-" "node-superagent/1.4.0"
52.33.40.213 - - [07/Mar/2016:23:56:08 -0800] "GET /lib/reccapi.php?resort=sunpeaksresort HTTP/1.1" 200 922 "-" "node-superagent/1.4.0"
52.33.40.213 - - [07/Mar/2016:23:56:28 -0800] "GET /lib/reccapi.php?resort=redmountain HTTP/1.1" 200 917 "-" "node-superagent/1.4.0"
52.33.40.213 - - [07/Mar/2016:23:56:28 -0800] "GET /lib/reccapi.php?resort=mountainhigh HTTP/1.1" 200 1098 "-" "node-superagent/1.4.0"
52.33.40.213 - - [07/Mar/2016:23:56:28 -0800] "GET /lib/reccapi.php?resort=loveland HTTP/1.1" 200 1047 "-" "node-superagent/1.4.0"
52.33.40.213 - - [07/Mar/2016:23:57:19 -0800] "GET /lib/reccapi.php?resort=wildcatmountain HTTP/1.1" 200 1045 "-" "node-superagent/1.4.0"
52.33.40.213 - - [07/Mar/2016:23:57:19 -0800] "GET /lib/reccapi.php?resort=sierra-at-tahoe HTTP/1.1" 200 1037 "-" "node-superagent/1.4.0"
66.249.66.184 - - [07/Mar/2016:23:57:43 -0800] "GET /lib/reccapi.php?resort=crystalmountain&date=2016-03-02 HTTP/1.1" 200 1120 "http://whereshouldiski.com/" "Mozilla/5.0 (compatible; Googlebot/2.1; +http://www.google.com/bot.html)"
66.249.66.184 - - [07/Mar/2016:23:57:44 -0800] "GET /lib/reccapi.php?fields=t&date=2016-03-02&coords=46.92%2C-121.49&size=7&sort=distance HTTP/1.1" 200 1430 "http://whereshouldiski.com/" "Mozilla/5.0 (compatible; Googlebot/2.1; +http://www.google.com/bot.html)"
66.249.66.178 - - [07/Mar/2016:23:57:44 -0800] "GET /lib/resortDataSearchD3.php?size=7&sortDate=T&resort=crystalmountain&dateStart=2016-02-29 HTTP/1.1" 200 877 "http://whereshouldiski.com/" "Mozilla/5.0 (compatible; Googlebot/2.1; +http://www.google.com/bot.html)"
52.33.40.213 - - [07/Mar/2016:23:57:49 -0800] "GET /lib/reccapi.php?resort=snowbasin HTTP/1.1" 200 957 "-" "node-superagent/1.4.0"
52.33.40.213 - - [07/Mar/2016:23:57:49 -0800] "GET /lib/reccapi.php?resort=silverstarmountain HTTP/1.1" 200 936 "-" "node-superagent/1.4.0"
52.33.40.213 - - [08/Mar/2016:00:15:19 -0800] "GET /lib/reccapi.php?resort=snowmass HTTP/1.1" 200 1018 "-" "node-superagent/1.4.0"
180.76.15.136 - - [08/Mar/2016:00:30:15 -0800] "GET / HTTP/1.1" 200 6995 "-" "Mozilla/5.0 (compatible; Baiduspider/2.0; +http://www.baidu.com/search/spider.html)"
180.76.15.134 - - [08/Mar/2016:00:31:06 -0800] "GET / HTTP/1.1" 200 6995 "-" "Mozilla/5.0 (compatible; Baiduspider/2.0; +http://www.baidu.com/search/spider.html)"
123.125.71.38 - - [08/Mar/2016:00:33:20 -0800] "GET / HTTP/1.1" 200 2578 "-" "Mozilla/5.0 (Windows NT 5.1; rv:6.0.2) Gecko/20100101 Firefox/6.0.2"
123.125.71.53 - - [08/Mar/2016:00:33:21 -0800] "GET / HTTP/1.1" 200 6995 "-" "Mozilla/5.0 (Windows NT 5.1; rv:6.0.2) Gecko/20100101 Firefox/6.0.2"
157.55.39.189 - - [08/Mar/2016:00:49:27 -0800] "GET / HTTP/1.1" 200 2615 "-" "Mozilla/5.0 (compatible; bingbot/2.0; +http://www.bing.com/bingbot.htm)"
66.249.66.178 - - [08/Mar/2016:01:09:19 -0800] "GET /lib/reccapi.php?resort=crystalmountain&date=2016-03-10 HTTP/1.1" 200 1056 "http://whereshouldiski.com/" "Mozilla/5.0 (compatible; Googlebot/2.1; +http://www.google.com/bot.html)"
66.249.66.178 - - [08/Mar/2016:01:09:21 -0800] "GET /lib/reccapi.php?fields=t&date=2016-03-10&coords=46.92%2C-121.49&size=7&sort=distance HTTP/1.1" 200 1416 "http://whereshouldiski.com/" "Mozilla/5.0 (compatible; Googlebot/2.1; +http://www.google.com/bot.html)"
66.249.66.181 - - [08/Mar/2016:01:09:24 -0800] "GET /lib/resortDataSearchD3.php?size=7&sortDate=T&resort=crystalmountain&dateStart=2016-03-08 HTTP/1.1" 200 709 "http://whereshouldiski.com/" "Mozilla/5.0 (compatible; Googlebot/2.1; +http://www.google.com/bot.html)"
66.249.66.178 - - [08/Mar/2016:01:12:49 -0800] "GET /resorts?resort=turnermountain&date=2012-12-18 HTTP/1.1" 404 506 "-" "Mozilla/5.0 (iPhone; CPU iPhone OS 8_3 like Mac OS X) AppleWebKit/600.1.4 (KHTML, like Gecko) Version/8.0 Mobile/12F70 Safari/600.1.4 (compatible; Googlebot/2.1; +http://www.google.com/bot.html)"
170.75.162.130 - - [08/Mar/2016:01:18:10 -0800] "GET /lib/reccapi.php?resort=winterpark HTTP/1.1" 200 1027 "-" "node-superagent/1.4.0"
52.33.40.213 - - [08/Mar/2016:01:20:22 -0800] "GET /lib/reccapi.php?resort=smugglersnotch HTTP/1.1" 200 999 "-" "node-superagent/1.4.0"
66.249.66.93 - - [08/Mar/2016:01:26:02 -0800] "GET /styles/ee08faa9.main.css HTTP/1.1" 200 19447 "http://www.whereshouldiski.com/" "Mozilla/5.0 (compatible; Googlebot/2.1; +http://www.google.com/bot.html)"
66.249.66.184 - - [08/Mar/2016:01:26:05 -0800] "GET /lib/reccapi.php?fields=t HTTP/1.1" 200 1787 "http://www.whereshouldiski.com/" "Mozilla/5.0 (compatible; Googlebot/2.1; +http://www.google.com/bot.html)"
180.76.15.155 - - [08/Mar/2016:01:31:13 -0800] "GET / HTTP/1.1" 200 6995 "-" "Mozilla/5.0 (compatible; Baiduspider/2.0; +http://www.baidu.com/search/spider.html)"
52.33.40.213 - - [08/Mar/2016:01:32:03 -0800] "GET /lib/reccapi.php?resort=buttermilk HTTP/1.1" 200 1035 "-" "node-superagent/1.4.0"
180.76.15.147 - - [08/Mar/2016:01:32:06 -0800] "GET / HTTP/1.1" 200 6995 "-" "Mozilla/5.0 (compatible; Baiduspider/2.0; +http://www.baidu.com/search/spider.html)"
220.181.108.163 - - [08/Mar/2016:01:44:28 -0800] "GET / HTTP/1.1" 200 2578 "-" "Mozilla/5.0 (Windows NT 5.1; rv:6.0.2) Gecko/20100101 Firefox/6.0.2"
220.181.108.93 - - [08/Mar/2016:01:44:42 -0800] "GET / HTTP/1.1" 200 6995 "-" "Mozilla/5.0 (Windows NT 5.1; rv:6.0.2) Gecko/20100101 Firefox/6.0.2"
66.249.66.184 - - [08/Mar/2016:01:47:48 -0800] "GET / HTTP/1.1" 200 2615 "-" "Mozilla/5.0 (compatible; Googlebot/2.1; +http://www.google.com/bot.html)"
170.75.162.130 - - [08/Mar/2016:01:54:35 -0800] "GET /lib/reccapi.php?resort=alpinemeadows HTTP/1.1" 200 1065 "-" "node-superagent/1.4.0"
170.75.162.130 - - [08/Mar/2016:01:54:35 -0800] "GET /lib/reccapi.php?resort=chinapeak HTTP/1.1" 200 1003 "-" "node-superagent/1.4.0"
170.75.162.130 - - [08/Mar/2016:01:54:35 -0800] "GET /lib/reccapi.php?resort=heavenly HTTP/1.1" 200 1006 "-" "node-superagent/1.4.0"
170.75.162.130 - - [08/Mar/2016:01:54:35 -0800] "GET /lib/reccapi.php?resort=homewoodmountain HTTP/1.1" 200 1041 "-" "node-superagent/1.4.0"
170.75.162.130 - - [08/Mar/2016:01:54:35 -0800] "GET /lib/reccapi.php?resort=kirkwood HTTP/1.1" 200 1008 "-" "node-superagent/1.4.0"
170.75.162.130 - - [08/Mar/2016:01:54:36 -0800] "GET /lib/reccapi.php?resort=mammothmountain HTTP/1.1" 200 1014 "-" "node-superagent/1.4.0"
170.75.162.130 - - [08/Mar/2016:01:54:36 -0800] "GET /lib/reccapi.php?resort=squawvalleyusa HTTP/1.1" 200 1042 "-" "node-superagent/1.4.0"
170.75.162.130 - - [08/Mar/2016:01:54:36 -0800] "GET /lib/reccapi.php?resort=sugarbowl HTTP/1.1" 200 998 "-" "node-superagent/1.4.0"
170.75.162.130 - - [08/Mar/2016:02:14:58 -0800] "GET /lib/reccapi.php?resort=redmountain HTTP/1.1" 200 912 "-" "node-superagent/1.4.0"
180.76.15.157 - - [08/Mar/2016:02:29:44 -0800] "GET / HTTP/1.1" 200 6995 "-" "Mozilla/5.0 (compatible; Baiduspider/2.0; +http://www.baidu.com/search/spider.html)"
180.76.15.141 - - [08/Mar/2016:02:30:38 -0800] "GET / HTTP/1.1" 200 6995 "-" "Mozilla/5.0 (compatible; Baiduspider/2.0; +http://www.baidu.com/search/spider.html)"
92.50.213.169 - - [08/Mar/2016:02:30:48 -0800] "GET / HTTP/1.1" 200 2559 "-" "Mozilla/5.0 (Macintosh; Intel Mac OS X 10_6_8) AppleWebKit/535.11 (KHTML, like Gecko) Chrome/17.0.963.66 Safari/535.11"
170.75.162.130 - - [08/Mar/2016:02:31:54 -0800] "GET /lib/reccapi.php?resort=keystone HTTP/1.1" 200 1011 "-" "node-superagent/1.4.0"
170.75.162.130 - - [08/Mar/2016:02:34:54 -0800] "GET /lib/reccapi.php?resort=49degreesnorth HTTP/1.1" 200 1052 "-" "node-superagent/1.4.0"
188.40.95.70 - - [08/Mar/2016:02:35:01 -0800] "GET /robots.txt HTTP/1.0" 200 338 "-" "Mozilla/5.0 (compatible; MJ12bot/v1.4.5; http://www.majestic12.co.uk/bot.php?+)"
188.40.95.70 - - [08/Mar/2016:02:35:03 -0800] "GET /resorts?resort=sundayriver HTTP/1.0" 404 495 "-" "Mozilla/5.0 (compatible; MJ12bot/v1.4.5; http://www.majestic12.co.uk/bot.php?+)"
170.75.162.130 - - [08/Mar/2016:02:43:55 -0800] "GET /lib/reccapi.php?resort=devilshead HTTP/1.1" 200 1100 "-" "node-superagent/1.4.0"
66.249.66.181 - - [08/Mar/2016:02:49:51 -0800] "GET /bower_components/requirejs/require.js HTTP/1.1" 200 6702 "-" "Mozilla/5.0 (compatible; Googlebot/2.1; +http://www.google.com/bot.html)"
66.249.66.181 - - [08/Mar/2016:02:49:52 -0800] "GET /scripts/scripts/vendor/modernizr.js HTTP/1.1" 200 4902 "-" "Mozilla/5.0 (compatible; Googlebot/2.1; +http://www.google.com/bot.html)"
66.249.66.178 - - [08/Mar/2016:02:49:53 -0800] "GET /styles/ee08faa9.main.css HTTP/1.1" 200 19447 "-" "Mozilla/5.0 (compatible; Googlebot/2.1; +http://www.google.com/bot.html)"
66.249.66.184 - - [08/Mar/2016:02:49:54 -0800] "GET /lib/reccapi.php?resort=kickinghorsemountain&date=2016-02-07 HTTP/1.1" 200 976 "http://whereshouldiski.com/" "Mozilla/5.0 (compatible; Googlebot/2.1; +http://www.google.com/bot.html)"
66.249.66.178 - - [08/Mar/2016:02:49:56 -0800] "GET /lib/resortDataSearchD3.php?size=7&sortDate=T&resort=kickinghorsemountain&dateStart=2016-02-05 HTTP/1.1" 200 863 "http://whereshouldiski.com/" "Mozilla/5.0 (compatible; Googlebot/2.1; +http://www.google.com/bot.html)"
66.249.66.181 - - [08/Mar/2016:02:49:56 -0800] "GET /lib/reccapi.php?fields=t&date=2016-02-07&coords=51.2892%2C-117.059&size=7&sort=distance HTTP/1.1" 200 1371 "http://whereshouldiski.com/" "Mozilla/5.0 (compatible; Googlebot/2.1; +http://www.google.com/bot.html)"
179.182.168.53 - - [08/Mar/2016:02:51:31 -0800] "GET /images/wsis-logo-sm.png HTTP/1.1" 200 6108 "http://thebackcountry.net/" "Mozilla/5.0 (Windows NT 6.1; WOW64) AppleWebKit/537.36 (KHTML, like Gecko) Chrome/36.0.1985.143 Safari/537.36"
52.33.40.213 - - [08/Mar/2016:02:58:07 -0800] "GET /lib/reccapi.php?resort=mountbachelor HTTP/1.1" 200 1080 "-" "node-superagent/1.4.0"
52.33.40.213 - - [08/Mar/2016:02:58:07 -0800] "GET /lib/reccapi.php?resort=mountspokane HTTP/1.1" 200 1067 "-" "node-superagent/1.4.0"
52.33.40.213 - - [08/Mar/2016:02:58:57 -0800] "GET /lib/reccapi.php?resort=schweitzer HTTP/1.1" 200 1033 "-" "node-superagent/1.4.0"
52.33.40.213 - - [08/Mar/2016:02:59:07 -0800] "GET /lib/reccapi.php?resort=stevenspass HTTP/1.1" 200 1054 "-" "node-superagent/1.4.0"
170.75.162.130 - - [08/Mar/2016:03:16:30 -0800] "GET /lib/reccapi.php?resort=whitefacemountain HTTP/1.1" 200 1082 "-" "node-superagent/1.4.0"
52.36.199.138 - - [08/Mar/2016:03:16:33 -0800] "GET /robots.txt HTTP/1.1" 200 363 "-" "Mozilla/5.0 (Macintosh; Intel Mac OS X 10.9; rv:26.0) Gecko/20100101 Firefox/26.0"
52.36.199.138 - - [08/Mar/2016:03:16:33 -0800] "GET /robots.txt HTTP/1.1" 200 363 "-" "Mozilla/5.0 (Macintosh; Intel Mac OS X 10.9; rv:26.0) Gecko/20100101 Firefox/26.0"
52.36.199.138 - - [08/Mar/2016:03:16:33 -0800] "GET / HTTP/1.1" 200 2559 "-" "Mozilla/5.0 (Macintosh; Intel Mac OS X 10_9_4) AppleWebKit/537.78.2 (KHTML, like Gecko) Version/7.0.6 Safari/537.78.2"
52.36.199.138 - - [08/Mar/2016:03:16:33 -0800] "GET / HTTP/1.1" 200 2559 "-" "Mozilla/6.0 (iPhone; CPU iPhone OS 8_0 like Mac OS X) AppleWebKit/536.26 (KHTML, like Gecko) Version/8.0 Mobile/10A5376e Safari/8536.25"
62.210.148.247 - - [08/Mar/2016:03:18:05 -0800] "GET /robots.txt HTTP/1.0" 200 338 "-" "Mozilla/5.0 (compatible; MJ12bot/v1.4.5; http://www.majestic12.co.uk/bot.php?+)"
62.210.148.247 - - [08/Mar/2016:03:18:06 -0800] "GET /about HTTP/1.0" 404 495 "-" "Mozilla/5.0 (compatible; MJ12bot/v1.4.5; http://www.majestic12.co.uk/bot.php?+)"
91.196.50.33 - - [08/Mar/2016:03:23:04 -0800] "GET http://testp5.mielno.lubin.pl/testproxy.php HTTP/1.1" 404 452 "-" "Mozilla/5.0 (Windows NT 5.1; rv:32.0) Gecko/20100101 Firefox/31.0"
216.126.45.8 - - [08/Mar/2016:03:32:52 -0800] "GET / HTTP/1.1" 200 2615 "-" "Mozilla/6.0 (iPhone; CPU iPhone OS 8_0 like Mac OS X) AppleWebKit/536.26 (KHTML, like Gecko) Version/8.0 Mobile/10A5376e Safari/8536.25"
216.126.45.8 - - [08/Mar/2016:03:32:52 -0800] "GET /styles/ee08faa9.main.css HTTP/1.1" 200 19446 "http://whereshouldiski.com/" "Mozilla/6.0 (iPhone; CPU iPhone OS 8_0 like Mac OS X) AppleWebKit/536.26 (KHTML, like Gecko) Version/8.0 Mobile/10A5376e Safari/8536.25"
216.126.45.8 - - [08/Mar/2016:03:32:52 -0800] "GET /scripts/scripts/vendor/modernizr.js HTTP/1.1" 200 4903 "http://whereshouldiski.com/" "Mozilla/6.0 (iPhone; CPU iPhone OS 8_0 like Mac OS X) AppleWebKit/536.26 (KHTML, like Gecko) Version/8.0 Mobile/10A5376e Safari/8536.25"
216.126.45.8 - - [08/Mar/2016:03:32:52 -0800] "GET /bower_components/requirejs/require.js HTTP/1.1" 200 6702 "http://whereshouldiski.com/" "Mozilla/6.0 (iPhone; CPU iPhone OS 8_0 like Mac OS X) AppleWebKit/536.26 (KHTML, like Gecko) Version/8.0 Mobile/10A5376e Safari/8536.25"
216.126.45.8 - - [08/Mar/2016:03:32:53 -0800] "GET /images/loading.gif HTTP/1.1" 200 13881 "http://whereshouldiski.com/" "Mozilla/6.0 (iPhone; CPU iPhone OS 8_0 like Mac OS X) AppleWebKit/536.26 (KHTML, like Gecko) Version/8.0 Mobile/10A5376e Safari/8536.25"
216.126.45.8 - - [08/Mar/2016:03:32:53 -0800] "GET /images/logo-square-white-sm.png HTTP/1.1" 200 1683 "http://whereshouldiski.com/" "Mozilla/6.0 (iPhone; CPU iPhone OS 8_0 like Mac OS X) AppleWebKit/536.26 (KHTML, like Gecko) Version/8.0 Mobile/10A5376e Safari/8536.25"
216.126.45.8 - - [08/Mar/2016:03:32:53 -0800] "GET /scripts/fa48e319.main.js HTTP/1.1" 200 123455 "http://whereshouldiski.com/" "Mozilla/6.0 (iPhone; CPU iPhone OS 8_0 like Mac OS X) AppleWebKit/536.26 (KHTML, like Gecko) Version/8.0 Mobile/10A5376e Safari/8536.25"
216.126.45.8 - - [08/Mar/2016:03:32:53 -0800] "GET /images/button.png HTTP/1.1" 200 598 "http://whereshouldiski.com/" "Mozilla/6.0 (iPhone; CPU iPhone OS 8_0 like Mac OS X) AppleWebKit/536.26 (KHTML, like Gecko) Version/8.0 Mobile/10A5376e Safari/8536.25"
216.126.45.8 - - [08/Mar/2016:03:32:53 -0800] "GET /lib/reccapi.php?fields=t HTTP/1.1" 200 1786 "http://whereshouldiski.com/" "Mozilla/6.0 (iPhone; CPU iPhone OS 8_0 like Mac OS X) AppleWebKit/536.26 (KHTML, like Gecko) Version/8.0 Mobile/10A5376e Safari/8536.25"
216.126.45.8 - - [08/Mar/2016:03:32:54 -0800] "GET /images/snowflake5.png HTTP/1.1" 200 2857 "http://whereshouldiski.com/" "Mozilla/6.0 (iPhone; CPU iPhone OS 8_0 like Mac OS X) AppleWebKit/536.26 (KHTML, like Gecko) Version/8.0 Mobile/10A5376e Safari/8536.25"
216.126.45.8 - - [08/Mar/2016:03:32:54 -0800] "GET /images/greyHeader.png HTTP/1.1" 200 508 "http://whereshouldiski.com/" "Mozilla/6.0 (iPhone; CPU iPhone OS 8_0 like Mac OS X) AppleWebKit/536.26 (KHTML, like Gecko) Version/8.0 Mobile/10A5376e Safari/8536.25"
216.126.45.8 - - [08/Mar/2016:03:32:54 -0800] "GET /images/star5.png HTTP/1.1" 200 1783 "http://whereshouldiski.com/" "Mozilla/6.0 (iPhone; CPU iPhone OS 8_0 like Mac OS X) AppleWebKit/536.26 (KHTML, like Gecko) Version/8.0 Mobile/10A5376e Safari/8536.25"
216.126.45.8 - - [08/Mar/2016:03:32:54 -0800] "GET /images/mtns-icon.png HTTP/1.1" 200 1097 "http://whereshouldiski.com/" "Mozilla/6.0 (iPhone; CPU iPhone OS 8_0 like Mac OS X) AppleWebKit/536.26 (KHTML, like Gecko) Version/8.0 Mobile/10A5376e Safari/8536.25"
216.126.45.8 - - [08/Mar/2016:03:32:54 -0800] "GET /images/bluebird5.png HTTP/1.1" 200 2178 "http://whereshouldiski.com/" "Mozilla/6.0 (iPhone; CPU iPhone OS 8_0 like Mac OS X) AppleWebKit/536.26 (KHTML, like Gecko) Version/8.0 Mobile/10A5376e Safari/8536.25"
216.126.45.8 - - [08/Mar/2016:03:32:54 -0800] "GET /images/shading-icon.png HTTP/1.1" 200 537 "http://whereshouldiski.com/" "Mozilla/6.0 (iPhone; CPU iPhone OS 8_0 like Mac OS X) AppleWebKit/536.26 (KHTML, like Gecko) Version/8.0 Mobile/10A5376e Safari/8536.25"
127.0.0.1 - - [08/Mar/2016:03:33:01 -0800] "OPTIONS * HTTP/1.0" 200 126 "-" "Apache/2.2.22 (Ubuntu) (internal dummy connection)"
52.27.212.80 - - [08/Mar/2016:03:33:28 -0800] "GET /administrator/ HTTP/1.1" 404 450 "-" "Mozilla/5.0 (Macintosh; Intel Mac OS X 10.9; rv:26.0) Gecko/20100101 Firefox/26.0"
52.27.212.80 - - [08/Mar/2016:03:33:32 -0800] "GET / HTTP/1.1" 200 2559 "-" "Mozilla/5.0 (Macintosh; Intel Mac OS X 10.9; rv:26.0) Gecko/20100101 Firefox/26.0"
52.27.212.80 - - [08/Mar/2016:03:33:32 -0800] "GET / HTTP/1.1" 200 2559 "-" "Mozilla/5.0 (Macintosh; Intel Mac OS X 10.9; rv:26.0) Gecko/20100101 Firefox/26.0"
216.126.45.4 - - [08/Mar/2016:03:34:06 -0800] "GET / HTTP/1.1" 200 2615 "-" "Mozilla/5.0 (Macintosh; Intel Mac OS X 10_9_4) AppleWebKit/537.78.2 (KHTML, like Gecko) Version/7.0.6 Safari/537.78.2"
216.126.45.4 - - [08/Mar/2016:03:34:06 -0800] "GET /styles/ee08faa9.main.css HTTP/1.1" 200 19446 "http://whereshouldiski.com/" "Mozilla/5.0 (Macintosh; Intel Mac OS X 10_9_4) AppleWebKit/537.78.2 (KHTML, like Gecko) Version/7.0.6 Safari/537.78.2"
216.126.45.4 - - [08/Mar/2016:03:34:07 -0800] "GET /bower_components/requirejs/require.js HTTP/1.1" 200 6702 "http://whereshouldiski.com/" "Mozilla/5.0 (Macintosh; Intel Mac OS X 10_9_4) AppleWebKit/537.78.2 (KHTML, like Gecko) Version/7.0.6 Safari/537.78.2"
216.126.45.4 - - [08/Mar/2016:03:34:07 -0800] "GET /scripts/scripts/vendor/modernizr.js HTTP/1.1" 200 4903 "http://whereshouldiski.com/" "Mozilla/5.0 (Macintosh; Intel Mac OS X 10_9_4) AppleWebKit/537.78.2 (KHTML, like Gecko) Version/7.0.6 Safari/537.78.2"
216.126.45.4 - - [08/Mar/2016:03:34:07 -0800] "GET /images/loading.gif HTTP/1.1" 200 13881 "http://whereshouldiski.com/" "Mozilla/5.0 (Macintosh; Intel Mac OS X 10_9_4) AppleWebKit/537.78.2 (KHTML, like Gecko) Version/7.0.6 Safari/537.78.2"
216.126.45.4 - - [08/Mar/2016:03:34:07 -0800] "GET /images/logo-square-white-sm.png HTTP/1.1" 200 1683 "http://whereshouldiski.com/" "Mozilla/5.0 (Macintosh; Intel Mac OS X 10_9_4) AppleWebKit/537.78.2 (KHTML, like Gecko) Version/7.0.6 Safari/537.78.2"
216.126.45.4 - - [08/Mar/2016:03:34:07 -0800] "GET /scripts/fa48e319.main.js HTTP/1.1" 200 123455 "http://whereshouldiski.com/" "Mozilla/5.0 (Macintosh; Intel Mac OS X 10_9_4) AppleWebKit/537.78.2 (KHTML, like Gecko) Version/7.0.6 Safari/537.78.2"
216.126.45.4 - - [08/Mar/2016:03:34:09 -0800] "GET /images/button.png HTTP/1.1" 200 598 "http://whereshouldiski.com/" "Mozilla/5.0 (Macintosh; Intel Mac OS X 10_9_4) AppleWebKit/537.78.2 (KHTML, like Gecko) Version/7.0.6 Safari/537.78.2"
216.126.45.4 - - [08/Mar/2016:03:34:09 -0800] "GET /images/greyHeader.png HTTP/1.1" 200 508 "http://whereshouldiski.com/" "Mozilla/5.0 (Macintosh; Intel Mac OS X 10_9_4) AppleWebKit/537.78.2 (KHTML, like Gecko) Version/7.0.6 Safari/537.78.2"
216.126.45.4 - - [08/Mar/2016:03:34:09 -0800] "GET /lib/reccapi.php?fields=t HTTP/1.1" 200 1786 "http://whereshouldiski.com/" "Mozilla/5.0 (Macintosh; Intel Mac OS X 10_9_4) AppleWebKit/537.78.2 (KHTML, like Gecko) Version/7.0.6 Safari/537.78.2"
216.126.45.4 - - [08/Mar/2016:03:34:10 -0800] "GET /images/star5.png HTTP/1.1" 200 1783 "http://whereshouldiski.com/" "Mozilla/5.0 (Macintosh; Intel Mac OS X 10_9_4) AppleWebKit/537.78.2 (KHTML, like Gecko) Version/7.0.6 Safari/537.78.2"
216.126.45.4 - - [08/Mar/2016:03:34:10 -0800] "GET /images/snowflake5.png HTTP/1.1" 200 2857 "http://whereshouldiski.com/" "Mozilla/5.0 (Macintosh; Intel Mac OS X 10_9_4) AppleWebKit/537.78.2 (KHTML, like Gecko) Version/7.0.6 Safari/537.78.2"
216.126.45.4 - - [08/Mar/2016:03:34:10 -0800] "GET /images/shading-icon.png HTTP/1.1" 200 536 "http://whereshouldiski.com/" "Mozilla/5.0 (Macintosh; Intel Mac OS X 10_9_4) AppleWebKit/537.78.2 (KHTML, like Gecko) Version/7.0.6 Safari/537.78.2"
216.126.45.4 - - [08/Mar/2016:03:34:10 -0800] "GET /images/bluebird5.png HTTP/1.1" 200 2178 "http://whereshouldiski.com/" "Mozilla/5.0 (Macintosh; Intel Mac OS X 10_9_4) AppleWebKit/537.78.2 (KHTML, like Gecko) Version/7.0.6 Safari/537.78.2"
216.126.45.4 - - [08/Mar/2016:03:34:10 -0800] "GET /images/mtns-icon.png HTTP/1.1" 200 1097 "http://whereshouldiski.com/" "Mozilla/5.0 (Macintosh; Intel Mac OS X 10_9_4) AppleWebKit/537.78.2 (KHTML, like Gecko) Version/7.0.6 Safari/537.78.2"
52.27.212.80 - - [08/Mar/2016:03:34:47 -0800] "GET /administrator/ HTTP/1.1" 404 450 "-" "Mozilla/5.0 (Macintosh; Intel Mac OS X 10.9; rv:26.0) Gecko/20100101 Firefox/26.0"
52.27.212.80 - - [08/Mar/2016:03:34:51 -0800] "GET / HTTP/1.1" 200 2559 "-" "Mozilla/5.0 (Macintosh; Intel Mac OS X 10.9; rv:26.0) Gecko/20100101 Firefox/26.0"
52.27.212.80 - - [08/Mar/2016:03:34:51 -0800] "GET / HTTP/1.1" 200 2559 "-" "Mozilla/5.0 (Macintosh; Intel Mac OS X 10.9; rv:26.0) Gecko/20100101 Firefox/26.0"
180.76.15.158 - - [08/Mar/2016:03:35:24 -0800] "GET / HTTP/1.1" 200 6995 "-" "Mozilla/5.0 (compatible; Baiduspider/2.0; +http://www.baidu.com/search/spider.html)"
180.76.15.8 - - [08/Mar/2016:03:36:30 -0800] "GET / HTTP/1.1" 200 6995 "-" "Mozilla/5.0 (compatible; Baiduspider/2.0; +http://www.baidu.com/search/spider.html)"
52.36.199.138 - - [08/Mar/2016:03:36:56 -0800] "GET /about HTTP/1.1" 404 450 "-" "Mozilla/5.0 (Macintosh; Intel Mac OS X 10_9_4) AppleWebKit/537.78.2 (KHTML, like Gecko) Version/7.0.6 Safari/537.78.2"
52.36.199.138 - - [08/Mar/2016:03:37:50 -0800] "GET /about HTTP/1.1" 404 450 "-" "Mozilla/6.0 (iPhone; CPU iPhone OS 8_0 like Mac OS X) AppleWebKit/536.26 (KHTML, like Gecko) Version/8.0 Mobile/10A5376e Safari/8536.25"
216.126.45.5 - - [08/Mar/2016:03:50:25 -0800] "GET /about HTTP/1.1" 404 506 "-" "Mozilla/6.0 (iPhone; CPU iPhone OS 8_0 like Mac OS X) AppleWebKit/536.26 (KHTML, like Gecko) Version/8.0 Mobile/10A5376e Safari/8536.25"
216.126.45.5 - - [08/Mar/2016:03:53:16 -0800] "GET /about HTTP/1.1" 404 506 "-" "Mozilla/5.0 (Macintosh; Intel Mac OS X 10_9_4) AppleWebKit/537.78.2 (KHTML, like Gecko) Version/7.0.6 Safari/537.78.2"
52.33.40.213 - - [08/Mar/2016:03:55:20 -0800] "GET /lib/reccapi.php?resort=angelfire HTTP/1.1" 200 1045 "-" "node-superagent/1.4.0"
170.75.162.130 - - [08/Mar/2016:03:55:35 -0800] "GET /lib/reccapi.php?resort=alta HTTP/1.1" 200 998 "-" "node-superagent/1.4.0"
170.75.162.130 - - [08/Mar/2016:03:55:35 -0800] "GET /lib/reccapi.php?resort=killington HTTP/1.1" 200 1054 "-" "node-superagent/1.4.0"
170.75.162.130 - - [08/Mar/2016:03:55:35 -0800] "GET /lib/reccapi.php?resort=sugarloaf HTTP/1.1" 200 961 "-" "node-superagent/1.4.0"
52.33.40.213 - - [08/Mar/2016:03:57:00 -0800] "GET /lib/reccapi.php?resort=monarch HTTP/1.1" 200 1029 "-" "node-superagent/1.4.0"
52.33.40.213 - - [08/Mar/2016:03:57:00 -0800] "GET /lib/reccapi.php?resort=crystalmountain HTTP/1.1" 200 1054 "-" "node-superagent/1.4.0"
137.226.113.7 - - [08/Mar/2016:03:57:43 -0800] "GET / HTTP/1.0" 200 6995 "-" "Mozilla/5.0 (Macintosh; Intel Mac OS X 10_11_1) AppleWebKit/537.36 (KHTML, like Gecko) Chrome/46.0.2490.86 Safari/537.36 Scanning for research (researchscan.comsys.rwth-aachen.de)"
180.153.214.176 - - [08/Mar/2016:03:57:58 -0800] "GET / HTTP/1.1" 200 6995 "-" "Mozilla/5.0 (Linux; U; Android 4.4.2; zh-cn; GT-I9500 Build/KOT49H) AppleWebKit/537.36 (KHTML, like Gecko)Version/4.0 MQQBrowser/5.0 QQ-URL-Manager Mobile Safari/537.36"
216.126.45.6 - - [08/Mar/2016:04:00:29 -0800] "GET /about HTTP/1.1" 404 506 "-" "Mozilla/6.0 (iPhone; CPU iPhone OS 8_0 like Mac OS X) AppleWebKit/536.26 (KHTML, like Gecko) Version/8.0 Mobile/10A5376e Safari/8536.25"
52.33.40.213 - - [08/Mar/2016:04:01:30 -0800] "GET /lib/reccapi.php?resort=alyeska HTTP/1.1" 200 1002 "-" "node-superagent/1.4.0"
52.33.40.213 - - [08/Mar/2016:04:03:00 -0800] "GET /lib/reccapi.php?resort=whitefacemountain HTTP/1.1" 200 1082 "-" "node-superagent/1.4.0"
216.126.45.10 - - [08/Mar/2016:04:03:20 -0800] "GET /about HTTP/1.1" 404 506 "-" "Mozilla/5.0 (Macintosh; Intel Mac OS X 10_9_4) AppleWebKit/537.78.2 (KHTML, like Gecko) Version/7.0.6 Safari/537.78.2"
170.75.162.130 - - [08/Mar/2016:04:07:46 -0800] "GET /lib/reccapi.php?resort=smugglersnotch HTTP/1.1" 200 999 "-" "node-superagent/1.4.0"
66.249.66.181 - - [08/Mar/2016:04:23:38 -0800] "GET /scripts/fa48e319.main.js HTTP/1.1" 304 211 "-" "Mozilla/5.0 (compatible; Googlebot/2.1; +http://www.google.com/bot.html)"
66.249.66.181 - - [08/Mar/2016:04:23:44 -0800] "GET /lib/reccapi.php?resort=devilshead&date=2016-03-05 HTTP/1.1" 200 978 "http://whereshouldiski.com/" "Mozilla/5.0 (compatible; Googlebot/2.1; +http://www.google.com/bot.html)"
66.249.66.178 - - [08/Mar/2016:04:23:45 -0800] "GET /lib/resortDataSearchD3.php?size=7&sortDate=T&resort=devilshead&dateStart=2016-03-03 HTTP/1.1" 200 850 "http://whereshouldiski.com/" "Mozilla/5.0 (compatible; Googlebot/2.1; +http://www.google.com/bot.html)"
66.249.66.181 - - [08/Mar/2016:04:23:46 -0800] "GET /lib/reccapi.php?fields=t&date=2016-03-05&coords=43.4216%2C-89.6277&size=7&sort=distance HTTP/1.1" 200 1337 "http://whereshouldiski.com/" "Mozilla/5.0 (compatible; Googlebot/2.1; +http://www.google.com/bot.html)"
180.76.15.30 - - [08/Mar/2016:04:34:54 -0800] "GET / HTTP/1.1" 200 6995 "-" "Mozilla/5.0 (compatible; Baiduspider/2.0; +http://www.baidu.com/search/spider.html)"
180.76.15.161 - - [08/Mar/2016:04:35:57 -0800] "GET / HTTP/1.1" 200 6995 "-" "Mozilla/5.0 (compatible; Baiduspider/2.0; +http://www.baidu.com/search/spider.html)"
