74.91.30.44 - - [01/Oct/2015:18:36:30 -0700] "GET / HTTP/1.1" 200 6095 "-" "Mozilla/4.0 (compatible; MSIE 8.0; Windows NT 6.1; Trident/4.0; SLCC2; .NET CLR 2.0.50727; .NET CLR 3.5.30729; .NET CLR 3.0.30729; Media Center PC 6.0)"
185.53.44.128 - - [01/Oct/2015:18:38:45 -0700] "GET /resorts?resort=sierra-at-tahoe&date=2014-11-24 HTTP/1.1" 404 476 "-" "Mozilla/5.0 (compatible; XoviBot/2.0; +http://www.xovibot.net/)"
185.53.44.159 - - [01/Oct/2015:18:41:22 -0700] "GET /resorts?resort=telluride&date=2014-11-15 HTTP/1.1" 404 476 "-" "Mozilla/5.0 (compatible; XoviBot/2.0; +http://www.xovibot.net/)"
185.53.44.176 - - [01/Oct/2015:18:42:29 -0700] "GET /resorts?resort=canyons HTTP/1.1" 404 476 "-" "Mozilla/5.0 (compatible; XoviBot/2.0; +http://www.xovibot.net/)"
185.53.44.90 - - [01/Oct/2015:18:47:27 -0700] "GET /resorts?resort=mammothmountain HTTP/1.1" 404 476 "-" "Mozilla/5.0 (compatible; XoviBot/2.0; +http://www.xovibot.net/)"
180.76.15.147 - - [01/Oct/2015:18:49:43 -0700] "GET /resorts?resort=sleepinggiant&date=2014-09-30 HTTP/1.1" 404 472 "-" "Mozilla/5.0 (compatible; Baiduspider/2.0; +http://www.baidu.com/search/spider.html)"
180.76.15.26 - - [01/Oct/2015:18:51:40 -0700] "GET / HTTP/1.1" 200 6114 "-" "Mozilla/5.0 (compatible; Baiduspider/2.0; +http://www.baidu.com/search/spider.html)"
180.76.15.140 - - [01/Oct/2015:18:52:53 -0700] "GET / HTTP/1.1" 200 6114 "-" "Mozilla/5.0 (compatible; Baiduspider/2.0; +http://www.baidu.com/search/spider.html)"
185.53.44.45 - - [01/Oct/2015:18:58:00 -0700] "GET /resorts?resort=sierra-at-tahoe&date=2014-11-03 HTTP/1.1" 404 476 "-" "Mozilla/5.0 (compatible; XoviBot/2.0; +http://www.xovibot.net/)"
180.76.15.22 - - [01/Oct/2015:19:04:43 -0700] "GET /resorts?resort=maverickmountain&date=2014-02-10 HTTP/1.1" 404 472 "-" "Mozilla/5.0 (compatible; Baiduspider/2.0; +http://www.baidu.com/search/spider.html)"
170.75.162.130 - - [01/Oct/2015:19:08:19 -0700] "GET /lib/reccapi.php?resort=angelfire HTTP/1.1" 200 972 "-" "node-superagent/0.18.2"
170.75.162.130 - - [01/Oct/2015:19:08:19 -0700] "GET /lib/reccapi.php?resort=taos HTTP/1.1" 200 982 "-" "node-superagent/0.18.2"
185.53.44.128 - - [01/Oct/2015:19:22:24 -0700] "GET /resorts?resort=sierra-at-tahoe&date=2014-11-20 HTTP/1.1" 404 476 "-" "Mozilla/5.0 (compatible; XoviBot/2.0; +http://www.xovibot.net/)"
185.53.44.152 - - [01/Oct/2015:19:23:42 -0700] "GET /resorts?resort=alta HTTP/1.1" 404 476 "-" "Mozilla/5.0 (compatible; XoviBot/2.0; +http://www.xovibot.net/)"
185.53.44.46 - - [01/Oct/2015:19:24:16 -0700] "GET /resorts?resort=parkcity HTTP/1.1" 404 476 "-" "Mozilla/5.0 (compatible; XoviBot/2.0; +http://www.xovibot.net/)"
212.224.119.140 - - [01/Oct/2015:19:25:45 -0700] "GET /resorts?resort=brianhead HTTP/1.1" 404 476 "-" "Mozilla/5.0 (compatible; XoviBot/2.0; +http://www.xovibot.net/)"
46.151.52.67 - - [01/Oct/2015:19:47:30 -0700] "GET / HTTP/1.0" 200 6114 "http://whereshouldiski.com/" "Mozilla/5.0 (Windows NT 6.3; WOW64) AppleWebKit/537.36 (KHTML, like Gecko) Chrome/41.0.2272.101 Safari/537.36"
46.151.52.67 - - [01/Oct/2015:19:47:30 -0700] "GET / HTTP/1.0" 200 6114 "http://whereshouldiski.com/" "Mozilla/5.0 (Windows NT 6.3; WOW64) AppleWebKit/537.36 (KHTML, like Gecko) Chrome/41.0.2272.101 Safari/537.36"
180.76.15.6 - - [01/Oct/2015:19:52:51 -0700] "GET / HTTP/1.1" 200 6114 "-" "Mozilla/5.0 (compatible; Baiduspider/2.0; +http://www.baidu.com/search/spider.html)"
180.76.15.142 - - [01/Oct/2015:19:53:55 -0700] "GET / HTTP/1.1" 200 6114 "-" "Mozilla/5.0 (compatible; Baiduspider/2.0; +http://www.baidu.com/search/spider.html)"
24.32.32.89 - - [01/Oct/2015:20:17:50 -0700] "GET /images/wsis-logo-sm.png HTTP/1.1" 200 6108 "http://www.thebackcountry.net/" "Mozilla/5.0 (Windows NT 10.0; WOW64) AppleWebKit/537.36 (KHTML, like Gecko) Chrome/45.0.2454.99 Safari/537.36"
170.75.162.130 - - [01/Oct/2015:20:30:29 -0700] "GET /lib/reccapi.php?resort=steamboat HTTP/1.1" 200 1007 "-" "node-superagent/0.18.2"
170.75.162.130 - - [01/Oct/2015:20:38:00 -0700] "GET /lib/reccapi.php?resort=snowmass HTTP/1.1" 200 947 "-" "node-superagent/0.18.2"
180.76.15.28 - - [01/Oct/2015:20:42:59 -0700] "GET / HTTP/1.1" 200 6114 "-" "Mozilla/5.0 (compatible; Baiduspider/2.0; +http://www.baidu.com/search/spider.html)"
180.76.15.11 - - [01/Oct/2015:20:43:51 -0700] "GET / HTTP/1.1" 200 6114 "-" "Mozilla/5.0 (compatible; Baiduspider/2.0; +http://www.baidu.com/search/spider.html)"
170.75.162.130 - - [01/Oct/2015:20:47:51 -0700] "GET /lib/reccapi.php?resort=redlodge HTTP/1.1" 200 1036 "-" "node-superagent/0.18.2"
170.75.162.130 - - [01/Oct/2015:21:06:53 -0700] "GET /lib/reccapi.php?resort=sundayriver HTTP/1.1" 200 957 "-" "node-superagent/0.18.2"
170.75.162.130 - - [01/Oct/2015:21:09:44 -0700] "GET /lib/reccapi.php?resort=sugarloaf HTTP/1.1" 200 952 "-" "node-superagent/0.18.2"
170.75.162.130 - - [01/Oct/2015:21:26:36 -0700] "GET /lib/reccapi.php?resort=stevenspass HTTP/1.1" 200 953 "-" "node-superagent/0.18.2"
208.115.113.83 - - [01/Oct/2015:21:33:54 -0700] "GET /robots.txt HTTP/1.1" 200 319 "-" "Mozilla/5.0 (compatible; DotBot/1.1; http://www.opensiteexplorer.org/dotbot, help@moz.com)"
107.216.245.122 - - [01/Oct/2015:21:37:14 -0700] "GET /images/wsis-logo-sm.png HTTP/1.1" 200 6108 "http://thebackcountry.net/" "Mozilla/5.0 (iPhone; CPU iPhone OS 8_4_1 like Mac OS X) AppleWebKit/600.1.4 (KHTML, like Gecko) Version/8.0 Mobile/12H321 Safari/600.1.4"
170.75.162.130 - - [01/Oct/2015:21:42:58 -0700] "GET /lib/reccapi.php?resort=mounthoodmeadows HTTP/1.1" 200 998 "-" "node-superagent/0.18.2"
170.75.162.130 - - [01/Oct/2015:21:45:28 -0700] "GET /lib/reccapi.php?resort=wildcatmountain HTTP/1.1" 200 962 "-" "node-superagent/0.18.2"
180.76.15.161 - - [01/Oct/2015:21:45:35 -0700] "GET / HTTP/1.1" 200 6114 "-" "Mozilla/5.0 (compatible; Baiduspider/2.0; +http://www.baidu.com/search/spider.html)"
180.76.15.15 - - [01/Oct/2015:21:46:31 -0700] "GET / HTTP/1.1" 200 6114 "-" "Mozilla/5.0 (compatible; Baiduspider/2.0; +http://www.baidu.com/search/spider.html)"
5.61.35.21 - - [01/Oct/2015:21:50:13 -0700] "GET / HTTP/1.0" 200 6114 "-" "-"
107.216.245.122 - - [01/Oct/2015:21:50:42 -0700] "GET /images/wsis-logo-sm.png HTTP/1.1" 200 6108 "http://thebackcountry.net/" "Mozilla/5.0 (iPhone; CPU iPhone OS 8_4_1 like Mac OS X) AppleWebKit/600.1.4 (KHTML, like Gecko) Version/8.0 Mobile/12H321 Safari/600.1.4"
170.75.162.130 - - [01/Oct/2015:21:52:59 -0700] "GET /lib/reccapi.php?resort=alpinemeadows HTTP/1.1" 200 1061 "-" "node-superagent/0.18.2"
146.115.133.31 - - [01/Oct/2015:21:54:56 -0700] "GET /images/wsis-logo-sm.png HTTP/1.1" 200 6108 "http://www.thebackcountry.net/" "Mozilla/5.0 (Windows NT 6.3; WOW64) AppleWebKit/537.36 (KHTML, like Gecko) Chrome/45.0.2454.101 Safari/537.36"
71.198.154.254 - - [01/Oct/2015:21:55:43 -0700] "GET /images/wsis-logo-sm.png HTTP/1.1" 200 6108 "http://www.thebackcountry.net/" "Mozilla/5.0 (iPad; CPU OS 9_0 like Mac OS X) AppleWebKit/601.1.46 (KHTML, like Gecko) Version/9.0 Mobile/13A344 Safari/601.1"
170.75.162.130 - - [01/Oct/2015:22:01:50 -0700] "GET /lib/reccapi.php?resort=cannonmountain HTTP/1.1" 200 957 "-" "node-superagent/0.18.2"
170.75.162.130 - - [01/Oct/2015:22:01:51 -0700] "GET /lib/reccapi.php?resort=jaypeak HTTP/1.1" 200 967 "-" "node-superagent/0.18.2"
170.75.162.130 - - [01/Oct/2015:22:01:51 -0700] "GET /lib/reccapi.php?resort=madriverglen HTTP/1.1" 200 962 "-" "node-superagent/0.18.2"
170.75.162.130 - - [01/Oct/2015:22:01:51 -0700] "GET /lib/reccapi.php?resort=smugglersnotch HTTP/1.1" 200 963 "-" "node-superagent/0.18.2"
170.75.162.130 - - [01/Oct/2015:22:01:51 -0700] "GET /lib/reccapi.php?resort=stowe HTTP/1.1" 200 938 "-" "node-superagent/0.18.2"
170.75.162.130 - - [01/Oct/2015:22:01:52 -0700] "GET /lib/reccapi.php?resort=sugarbush HTTP/1.1" 200 963 "-" "node-superagent/0.18.2"
98.238.253.144 - - [01/Oct/2015:22:04:26 -0700] "GET /images/wsis-logo-sm.png HTTP/1.1" 200 6108 "http://www.thebackcountry.net/" "Mozilla/5.0 (Macintosh; Intel Mac OS X 10_10_5) AppleWebKit/600.8.9 (KHTML, like Gecko) Version/8.0.8 Safari/600.8.9"
66.249.79.234 - - [01/Oct/2015:22:14:27 -0700] "GET /robots.txt HTTP/1.1" 200 419 "-" "Mozilla/5.0 (compatible; Googlebot/2.1; +http://www.google.com/bot.html)"
66.249.79.234 - - [01/Oct/2015:22:14:27 -0700] "GET /images/logo-sm.png HTTP/1.1" 304 186 "-" "Googlebot-Image/1.0"
170.75.162.130 - - [01/Oct/2015:22:16:22 -0700] "GET /lib/reccapi.php?resort=telluride HTTP/1.1" 200 956 "-" "node-superagent/0.18.2"
170.75.162.130 - - [01/Oct/2015:22:22:02 -0700] "GET /lib/reccapi.php?resort=sunpeaksresort HTTP/1.1" 200 910 "-" "node-superagent/0.18.2"
216.222.67.66 - - [01/Oct/2015:22:25:17 -0700] "GET /images/wsis-logo-sm.png HTTP/1.1" 200 6108 "http://www.thebackcountry.net/" "Mozilla/5.0 (Windows NT 6.1; WOW64) AppleWebKit/537.36 (KHTML, like Gecko) Chrome/45.0.2454.101 Safari/537.36"
208.115.113.83 - - [01/Oct/2015:22:26:40 -0700] "GET /resorts?resort=homewoodmountain&date=2014-06-20 HTTP/1.1" 404 476 "-" "Mozilla/5.0 (compatible; DotBot/1.1; http://www.opensiteexplorer.org/dotbot, help@moz.com)"
207.183.232.2 - - [01/Oct/2015:22:30:04 -0700] "GET /images/wsis-logo-sm.png HTTP/1.1" 200 6108 "http://www.thebackcountry.net/" "Mozilla/5.0 (Windows NT 6.1; WOW64) AppleWebKit/537.36 (KHTML, like Gecko) Chrome/45.0.2454.101 Safari/537.36"
170.75.162.130 - - [01/Oct/2015:22:34:44 -0700] "GET /lib/reccapi.php?resort=winterpark HTTP/1.1" 200 1010 "-" "node-superagent/0.18.2"
123.125.71.87 - - [01/Oct/2015:22:34:50 -0700] "-" 408 0 "-" "-"
24.182.55.134 - - [01/Oct/2015:22:35:33 -0700] "GET /images/wsis-logo-sm.png HTTP/1.1" 200 6108 "http://www.thebackcountry.net/" "Mozilla/5.0 (Macintosh; Intel Mac OS X 10.6; rv:40.0) Gecko/20100101 Firefox/40.0"
75.111.104.85 - - [01/Oct/2015:22:35:53 -0700] "GET /images/wsis-logo-sm.png HTTP/1.1" 200 6108 "http://www.thebackcountry.net/" "Mozilla/5.0 (Macintosh; Intel Mac OS X 10_10_4) AppleWebKit/600.7.12 (KHTML, like Gecko) Version/8.0.7 Safari/600.7.12"
170.75.162.130 - - [01/Oct/2015:22:47:05 -0700] "GET /lib/reccapi.php?resort=snowbird HTTP/1.1" 200 949 "-" "node-superagent/0.18.2"
68.180.229.34 - - [01/Oct/2015:22:49:27 -0700] "GET /robots.txt HTTP/1.1" 200 319 "-" "Mozilla/5.0 (compatible; Yahoo! Slurp; http://help.yahoo.com/help/us/ysearch/slurp)"
68.180.229.34 - - [01/Oct/2015:22:49:28 -0700] "GET /resorts?resort=snowbird HTTP/1.1" 404 450 "-" "Mozilla/5.0 (compatible; Yahoo! Slurp; http://help.yahoo.com/help/us/ysearch/slurp)"
208.115.113.83 - - [01/Oct/2015:22:50:50 -0700] "GET /resorts?resort=skiapache&date=2014-10-01 HTTP/1.1" 404 476 "-" "Mozilla/5.0 (compatible; DotBot/1.1; http://www.opensiteexplorer.org/dotbot, help@moz.com)"
24.22.162.109 - - [01/Oct/2015:22:57:22 -0700] "GET /resorts HTTP/1.1" 404 506 "-" "Mozilla/5.0 (Macintosh; Intel Mac OS X 10_10_5) AppleWebKit/601.1.56 (KHTML, like Gecko)"
24.22.162.109 - - [01/Oct/2015:22:57:22 -0700] "GET /apple-touch-icon-precomposed.png HTTP/1.1" 404 521 "-" "Safari/10601.1.56.2 CFNetwork/720.5.7 Darwin/14.5.0 (x86_64)"
24.22.162.109 - - [01/Oct/2015:22:57:22 -0700] "GET /favicon.ico HTTP/1.1" 200 1476 "-" "Safari/10601.1.56.2 CFNetwork/720.5.7 Darwin/14.5.0 (x86_64)"
24.22.162.109 - - [01/Oct/2015:22:57:22 -0700] "GET /apple-touch-icon.png HTTP/1.1" 404 512 "-" "Safari/10601.1.56.2 CFNetwork/720.5.7 Darwin/14.5.0 (x86_64)"
24.22.162.109 - - [01/Oct/2015:22:57:22 -0700] "GET /resorts HTTP/1.1" 404 505 "-" "Mozilla/5.0 (iPhone; CPU iPhone OS 8_1 like Mac OS X) AppleWebKit/600.1.4 (KHTML, like Gecko) Version/8.0 Mobile/12B410 Safari/600.1.4"
24.22.162.109 - - [01/Oct/2015:22:57:22 -0700] "GET /apple-touch-icon-precomposed.png HTTP/1.1" 404 520 "-" "Safari/10601.1.56.2 CFNetwork/720.5.7 Darwin/14.5.0 (x86_64)"
24.22.162.109 - - [01/Oct/2015:22:57:22 -0700] "GET /apple-touch-icon.png HTTP/1.1" 404 512 "-" "Safari/10601.1.56.2 CFNetwork/720.5.7 Darwin/14.5.0 (x86_64)"
151.80.31.138 - - [01/Oct/2015:23:17:49 -0700] "GET /about HTTP/1.1" 404 450 "-" "Mozilla/5.0 (compatible; AhrefsBot/5.0; +http://ahrefs.com/robot/)"
170.75.162.130 - - [01/Oct/2015:23:37:51 -0700] "GET /lib/reccapi.php?resort=alyeska HTTP/1.1" 200 950 "-" "node-superagent/0.18.2"
66.249.79.157 - - [01/Oct/2015:23:41:00 -0700] "GET / HTTP/1.1" 200 2376 "-" "Mozilla/5.0 (iPhone; CPU iPhone OS 8_3 like Mac OS X) AppleWebKit/600.1.4 (KHTML, like Gecko) Version/8.0 Mobile/12F70 Safari/600.1.4 (compatible; Googlebot/2.1; +http://www.google.com/bot.html)"
195.191.202.164 - - [01/Oct/2015:23:42:30 -0700] "GET /images/wsis-logo-sm.png HTTP/1.1" 200 6108 "http://www.thebackcountry.net/" "Mozilla/5.0 (Windows NT 10.0; Win64; x64) AppleWebKit/537.36 (KHTML, like Gecko) Chrome/42.0.2311.135 Safari/537.36 Edge/12.10240"
180.76.15.26 - - [01/Oct/2015:23:42:40 -0700] "GET / HTTP/1.1" 200 6114 "-" "Mozilla/5.0 (compatible; Baiduspider/2.0; +http://www.baidu.com/search/spider.html)"
195.191.202.164 - - [01/Oct/2015:23:42:51 -0700] "-" 408 0 "-" "-"
180.76.15.24 - - [01/Oct/2015:23:43:08 -0700] "GET / HTTP/1.1" 200 6114 "-" "Mozilla/5.0 (compatible; Baiduspider/2.0; +http://www.baidu.com/search/spider.html)"
66.249.79.220 - - [01/Oct/2015:23:45:50 -0700] "GET /resorts?resort=whitepine&date=2014-02-10 HTTP/1.1" 404 506 "-" "Mozilla/5.0 (iPhone; CPU iPhone OS 8_3 like Mac OS X) AppleWebKit/600.1.4 (KHTML, like Gecko) Version/8.0 Mobile/12F70 Safari/600.1.4 (compatible; Googlebot/2.1; +http://www.google.com/bot.html)"
170.75.162.130 - - [01/Oct/2015:23:47:12 -0700] "GET /lib/reccapi.php?resort=aspenmountain HTTP/1.1" 200 967 "-" "node-superagent/0.18.2"
170.75.162.130 - - [01/Oct/2015:23:47:12 -0700] "GET /lib/reccapi.php?resort=aspenheights HTTP/1.1" 200 978 "-" "node-superagent/0.18.2"
170.75.162.130 - - [01/Oct/2015:23:47:13 -0700] "GET /lib/reccapi.php?resort=buttermilk HTTP/1.1" 200 952 "-" "node-superagent/0.18.2"
66.249.79.157 - - [01/Oct/2015:23:48:01 -0700] "GET /styles/0fffd548.main.css HTTP/1.1" 200 19317 "-" "Mozilla/5.0 (compatible; Googlebot/2.1; +http://www.google.com/bot.html)"
170.75.162.130 - - [01/Oct/2015:23:55:43 -0700] "GET /lib/reccapi.php?resort=mammothmountain HTTP/1.1" 200 1081 "-" "node-superagent/0.18.2"
170.75.162.130 - - [01/Oct/2015:23:55:43 -0700] "GET /lib/reccapi.php?resort=kirkwood HTTP/1.1" 200 1087 "-" "node-superagent/0.18.2"
170.75.162.130 - - [01/Oct/2015:23:55:43 -0700] "GET /lib/reccapi.php?resort=homewoodmountain HTTP/1.1" 200 1023 "-" "node-superagent/0.18.2"
170.75.162.130 - - [01/Oct/2015:23:55:43 -0700] "GET /lib/reccapi.php?resort=sierra-at-tahoe HTTP/1.1" 200 1046 "-" "node-superagent/0.18.2"
170.75.162.130 - - [01/Oct/2015:23:55:43 -0700] "GET /lib/reccapi.php?resort=sugarbowl HTTP/1.1" 200 989 "-" "node-superagent/0.18.2"
170.75.162.130 - - [01/Oct/2015:23:55:43 -0700] "GET /lib/reccapi.php?resort=northstar-at-tahoe HTTP/1.1" 200 993 "-" "node-superagent/0.18.2"
170.75.162.130 - - [01/Oct/2015:23:55:43 -0700] "GET /lib/reccapi.php?resort=squawvalleyusa HTTP/1.1" 200 1004 "-" "node-superagent/0.18.2"
170.75.162.130 - - [01/Oct/2015:23:59:04 -0700] "GET /lib/reccapi.php?resort=loveland HTTP/1.1" 200 990 "-" "node-superagent/0.18.2"
170.75.162.130 - - [01/Oct/2015:23:59:04 -0700] "GET /lib/reccapi.php?resort=coppermountain HTTP/1.1" 200 994 "-" "node-superagent/0.18.2"
170.75.162.130 - - [01/Oct/2015:23:59:04 -0700] "GET /lib/reccapi.php?resort=arapahoebasin HTTP/1.1" 200 1014 "-" "node-superagent/0.18.2"
170.75.162.130 - - [01/Oct/2015:23:59:04 -0700] "GET /lib/reccapi.php?resort=monarch HTTP/1.1" 200 997 "-" "node-superagent/0.18.2"
68.180.229.34 - - [02/Oct/2015:00:00:51 -0700] "GET / HTTP/1.1" 200 2320 "-" "Mozilla/5.0 (compatible; Yahoo! Slurp; http://help.yahoo.com/help/us/ysearch/slurp)"
68.180.229.34 - - [02/Oct/2015:00:00:52 -0700] "GET /styles/0fffd548.main.css HTTP/1.1" 200 19261 "http://whereshouldiski.com/" "Mozilla/5.0 (compatible; Yahoo! Slurp; http://help.yahoo.com/help/us/ysearch/slurp)"
157.55.39.55 - - [02/Oct/2015:00:01:37 -0700] "GET / HTTP/1.1" 200 2376 "-" "Mozilla/5.0 (compatible; bingbot/2.0; +http://www.bing.com/bingbot.htm)"
170.75.162.130 - - [02/Oct/2015:00:03:54 -0700] "GET /lib/reccapi.php?resort=killington HTTP/1.1" 200 957 "-" "node-superagent/0.18.2"
170.75.162.130 - - [02/Oct/2015:00:05:25 -0700] "GET /lib/reccapi.php?resort=schweitzer HTTP/1.1" 200 963 "-" "node-superagent/0.18.2"
170.75.162.130 - - [02/Oct/2015:00:05:25 -0700] "GET /lib/reccapi.php?resort=sunvalley HTTP/1.1" 200 998 "-" "node-superagent/0.18.2"
151.80.31.138 - - [02/Oct/2015:00:10:36 -0700] "GET / HTTP/1.1" 200 2320 "-" "Mozilla/5.0 (compatible; AhrefsBot/5.0; +http://ahrefs.com/robot/)"
170.75.162.130 - - [02/Oct/2015:00:19:46 -0700] "GET /lib/reccapi.php?resort=bigsky HTTP/1.1" 200 1109 "-" "node-superagent/0.18.2"
170.75.162.130 - - [02/Oct/2015:00:25:07 -0700] "GET /lib/reccapi.php?resort=alta HTTP/1.1" 200 1040 "-" "node-superagent/0.18.2"
66.249.79.220 - - [02/Oct/2015:00:35:13 -0700] "GET /resorts?resort=gore&date=2014-02-22 HTTP/1.1" 404 506 "-" "Mozilla/5.0 (iPhone; CPU iPhone OS 8_3 like Mac OS X) AppleWebKit/600.1.4 (KHTML, like Gecko) Version/8.0 Mobile/12F70 Safari/600.1.4 (compatible; Googlebot/2.1; +http://www.google.com/bot.html)"
170.75.162.130 - - [02/Oct/2015:00:40:59 -0700] "GET /lib/reccapi.php?resort=mountbachelor HTTP/1.1" 200 971 "-" "node-superagent/0.18.2"
180.76.15.17 - - [02/Oct/2015:00:53:49 -0700] "GET /about HTTP/1.1" 404 469 "-" "Mozilla/5.0 (compatible; Baiduspider/2.0; +http://www.baidu.com/search/spider.html)"
170.75.162.130 - - [02/Oct/2015:00:55:30 -0700] "GET /lib/reccapi.php?resort=mtrose HTTP/1.1" 200 953 "-" "node-superagent/0.18.2"
170.75.162.130 - - [02/Oct/2015:00:55:40 -0700] "GET /lib/reccapi.php?resort=canyons HTTP/1.1" 200 1026 "-" "node-superagent/0.18.2"
180.76.15.134 - - [02/Oct/2015:00:58:33 -0700] "GET / HTTP/1.1" 200 6114 "-" "Mozilla/5.0 (compatible; Baiduspider/2.0; +http://www.baidu.com/search/spider.html)"
180.76.15.143 - - [02/Oct/2015:00:59:44 -0700] "GET / HTTP/1.1" 200 6114 "-" "Mozilla/5.0 (compatible; Baiduspider/2.0; +http://www.baidu.com/search/spider.html)"
170.75.162.130 - - [02/Oct/2015:01:02:51 -0700] "GET /lib/reccapi.php?resort=49degreesnorth HTTP/1.1" 200 993 "-" "node-superagent/0.18.2"
170.75.162.130 - - [02/Oct/2015:01:02:51 -0700] "GET /lib/reccapi.php?resort=crystalmountain HTTP/1.1" 200 1003 "-" "node-superagent/0.18.2"
170.75.162.130 - - [02/Oct/2015:01:02:51 -0700] "GET /lib/reccapi.php?resort=mountspokane HTTP/1.1" 200 1002 "-" "node-superagent/0.18.2"
31.163.200.49 - - [02/Oct/2015:01:04:24 -0700] "GET /images/wsis-logo-sm.png HTTP/1.1" 200 6108 "http://www.thebackcountry.net/" "Mozilla/5.0 (Windows NT 6.1; WOW64; rv:40.0) Gecko/20100101 Firefox/40.0"
85.93.89.81 - - [02/Oct/2015:01:09:18 -0700] "GET /robots.txt HTTP/1.0" 200 338 "-" "Mozilla/5.0 (compatible; MJ12bot/v1.4.5; http://www.majestic12.co.uk/bot.php?+)"
85.93.89.81 - - [02/Oct/2015:01:09:20 -0700] "GET /about HTTP/1.0" 404 495 "-" "Mozilla/5.0 (compatible; MJ12bot/v1.4.5; http://www.majestic12.co.uk/bot.php?+)"
85.93.89.81 - - [02/Oct/2015:01:09:21 -0700] "GET /resorts?resort=mountainhigh HTTP/1.0" 404 495 "-" "Mozilla/5.0 (compatible; MJ12bot/v1.4.5; http://www.majestic12.co.uk/bot.php?+)"
85.93.89.81 - - [02/Oct/2015:01:09:23 -0700] "GET /resorts?resort=mountbachelor HTTP/1.0" 404 495 "-" "Mozilla/5.0 (compatible; MJ12bot/v1.4.5; http://www.majestic12.co.uk/bot.php?+)"
85.93.89.81 - - [02/Oct/2015:01:09:25 -0700] "GET /resorts?resort=winterpark HTTP/1.0" 404 495 "-" "Mozilla/5.0 (compatible; MJ12bot/v1.4.5; http://www.majestic12.co.uk/bot.php?+)"
85.93.89.81 - - [02/Oct/2015:01:09:27 -0700] "GET /robots.txt HTTP/1.0" 200 338 "-" "Mozilla/5.0 (compatible; MJ12bot/v1.4.5; http://www.majestic12.co.uk/bot.php?+)"
85.93.89.81 - - [02/Oct/2015:01:09:28 -0700] "GET /about HTTP/1.0" 404 499 "-" "Mozilla/5.0 (compatible; MJ12bot/v1.4.5; http://www.majestic12.co.uk/bot.php?+)"
170.75.162.130 - - [02/Oct/2015:01:11:22 -0700] "GET /lib/reccapi.php?resort=grandtarghee HTTP/1.1" 200 1129 "-" "node-superagent/0.18.2"
220.181.108.111 - - [02/Oct/2015:01:15:05 -0700] "-" 408 0 "-" "-"
66.249.79.227 - - [02/Oct/2015:01:28:11 -0700] "GET /resorts?resort=sundance&date=2012-12-24 HTTP/1.1" 404 506 "-" "Mozilla/5.0 (iPhone; CPU iPhone OS 8_3 like Mac OS X) AppleWebKit/600.1.4 (KHTML, like Gecko) Version/8.0 Mobile/12F70 Safari/600.1.4 (compatible; Googlebot/2.1; +http://www.google.com/bot.html)"
172.56.38.198 - - [02/Oct/2015:01:29:58 -0700] "GET /images/wsis-logo-sm.png HTTP/1.1" 200 6108 "http://www.thebackcountry.net/" "Mozilla/5.0 (Linux; Android 4.4.4; Z970 Build/KTU84P) AppleWebKit/537.36 (KHTML, like Gecko) Version/4.0 Chrome/30.0.0.0 Mobile Safari/537.36"
66.249.79.234 - - [02/Oct/2015:01:34:19 -0700] "GET /resorts?resort=louploupskibowl&date=2013-12-07 HTTP/1.1" 404 506 "-" "Mozilla/5.0 (iPhone; CPU iPhone OS 8_3 like Mac OS X) AppleWebKit/600.1.4 (KHTML, like Gecko) Version/8.0 Mobile/12F70 Safari/600.1.4 (compatible; Googlebot/2.1; +http://www.google.com/bot.html)"
170.75.162.130 - - [02/Oct/2015:01:45:46 -0700] "GET /lib/reccapi.php?resort=bigwhite HTTP/1.1" 200 915 "-" "node-superagent/0.18.2"
207.46.13.173 - - [02/Oct/2015:01:52:02 -0700] "GET /robots.txt HTTP/1.1" 200 375 "-" "Mozilla/5.0 (compatible; bingbot/2.0; +http://www.bing.com/bingbot.htm)"
207.46.13.173 - - [02/Oct/2015:01:52:52 -0700] "GET / HTTP/1.1" 200 2376 "-" "Mozilla/5.0 (compatible; bingbot/2.0; +http://www.bing.com/bingbot.htm)"
170.75.162.130 - - [02/Oct/2015:01:59:38 -0700] "GET /lib/reccapi.php?resort=brianhead HTTP/1.1" 200 1055 "-" "node-superagent/0.18.2"
170.75.162.130 - - [02/Oct/2015:02:02:19 -0700] "GET /lib/reccapi.php?resort=brighton HTTP/1.1" 200 1041 "-" "node-superagent/0.18.2"
170.75.162.130 - - [02/Oct/2015:02:03:09 -0700] "GET /lib/reccapi.php?resort=solitude HTTP/1.1" 200 1010 "-" "node-superagent/0.18.2"
66.249.79.220 - - [02/Oct/2015:02:33:22 -0700] "GET /resorts?resort=bigsky&date=2013-12-15 HTTP/1.1" 404 506 "-" "Mozilla/5.0 (iPhone; CPU iPhone OS 8_3 like Mac OS X) AppleWebKit/600.1.4 (KHTML, like Gecko) Version/8.0 Mobile/12F70 Safari/600.1.4 (compatible; Googlebot/2.1; +http://www.google.com/bot.html)"
170.75.162.130 - - [02/Oct/2015:02:38:53 -0700] "GET /lib/reccapi.php?resort=crestedbutte HTTP/1.1" 200 1057 "-" "node-superagent/0.18.2"
180.76.15.27 - - [02/Oct/2015:02:40:53 -0700] "GET / HTTP/1.1" 200 6114 "-" "Mozilla/5.0 (compatible; Baiduspider/2.0; +http://www.baidu.com/search/spider.html)"
180.76.15.159 - - [02/Oct/2015:02:41:38 -0700] "GET / HTTP/1.1" 200 6114 "-" "Mozilla/5.0 (compatible; Baiduspider/2.0; +http://www.baidu.com/search/spider.html)"
170.75.162.130 - - [02/Oct/2015:02:45:04 -0700] "GET /lib/reccapi.php?resort=deervalley HTTP/1.1" 200 1057 "-" "node-superagent/0.18.2"
170.75.162.130 - - [02/Oct/2015:02:47:34 -0700] "GET /lib/reccapi.php?resort=devilshead HTTP/1.1" 200 944 "-" "node-superagent/0.18.2"
170.75.162.130 - - [02/Oct/2015:02:50:14 -0700] "GET /lib/reccapi.php?resort=diamondpeak HTTP/1.1" 200 931 "-" "node-superagent/0.18.2"
170.75.162.130 - - [02/Oct/2015:03:03:56 -0700] "GET /lib/reccapi.php?resort=redmountain HTTP/1.1" 200 904 "-" "node-superagent/0.18.2"
170.75.162.130 - - [02/Oct/2015:03:03:56 -0700] "GET /lib/reccapi.php?resort=silverstarmountain HTTP/1.1" 200 930 "-" "node-superagent/0.18.2"
170.75.162.130 - - [02/Oct/2015:03:03:56 -0700] "GET /lib/reccapi.php?resort=sunpeaksresort HTTP/1.1" 200 911 "-" "node-superagent/0.18.2"
170.75.162.130 - - [02/Oct/2015:03:03:56 -0700] "GET /lib/reccapi.php?resort=whistlerblackcomb HTTP/1.1" 200 921 "-" "node-superagent/0.18.2"
170.75.162.130 - - [02/Oct/2015:03:12:17 -0700] "GET /lib/reccapi.php?resort=hoodoo HTTP/1.1" 200 965 "-" "node-superagent/0.18.2"
170.75.162.130 - - [02/Oct/2015:03:20:18 -0700] "GET /lib/reccapi.php?resort=jacksonhole HTTP/1.1" 200 1115 "-" "node-superagent/0.18.2"
170.75.162.130 - - [02/Oct/2015:03:25:39 -0700] "GET /lib/reccapi.php?resort=telluride HTTP/1.1" 200 1059 "-" "node-superagent/0.18.2"
170.75.162.130 - - [02/Oct/2015:03:27:09 -0700] "GET /lib/reccapi.php?resort=parkcity HTTP/1.1" 200 1044 "-" "node-superagent/0.18.2"
170.75.162.130 - - [02/Oct/2015:03:27:09 -0700] "GET /lib/reccapi.php?resort=snowbasin HTTP/1.1" 200 1022 "-" "node-superagent/0.18.2"
170.75.162.130 - - [02/Oct/2015:03:27:39 -0700] "GET /lib/reccapi.php?resort=whitefacemountain HTTP/1.1" 200 970 "-" "node-superagent/0.18.2"
66.249.79.234 - - [02/Oct/2015:03:27:39 -0700] "GET /resorts?resort=buttermilk HTTP/1.1" 404 506 "-" "Mozilla/5.0 (compatible; Googlebot/2.1; +http://www.google.com/bot.html)"
170.75.162.130 - - [02/Oct/2015:03:28:19 -0700] "GET /lib/reccapi.php?resort=chinapeak HTTP/1.1" 200 982 "-" "node-superagent/0.18.2"
170.75.162.130 - - [02/Oct/2015:03:28:19 -0700] "GET /lib/reccapi.php?resort=keystone HTTP/1.1" 200 1038 "-" "node-superagent/0.18.2"
170.75.162.130 - - [02/Oct/2015:03:28:19 -0700] "GET /lib/reccapi.php?resort=mountainhigh HTTP/1.1" 200 975 "-" "node-superagent/0.18.2"
66.249.79.227 - - [02/Oct/2015:03:32:49 -0700] "GET /resorts?resort=antelopebutte&date=2013-12-08 HTTP/1.1" 404 506 "-" "Mozilla/5.0 (iPhone; CPU iPhone OS 8_3 like Mac OS X) AppleWebKit/600.1.4 (KHTML, like Gecko) Version/8.0 Mobile/12F70 Safari/600.1.4 (compatible; Googlebot/2.1; +http://www.google.com/bot.html)"
180.76.15.153 - - [02/Oct/2015:03:44:10 -0700] "GET / HTTP/1.1" 200 6114 "-" "Mozilla/5.0 (compatible; Baiduspider/2.0; +http://www.baidu.com/search/spider.html)"
180.76.15.20 - - [02/Oct/2015:03:45:02 -0700] "GET / HTTP/1.1" 200 6114 "-" "Mozilla/5.0 (compatible; Baiduspider/2.0; +http://www.baidu.com/search/spider.html)"
180.76.15.15 - - [02/Oct/2015:04:12:54 -0700] "GET /resorts?resort=brighton HTTP/1.1" 404 469 "-" "Mozilla/5.0 (compatible; Baiduspider/2.0; +http://www.baidu.com/search/spider.html)"
79.169.229.57 - - [02/Oct/2015:04:18:00 -0700] "GET / HTTP/1.1" 200 2376 "http://success-seo.com/try.php?u=http://whereshouldiski.com" "Mozilla/5.0 (Windows NT 6.1; WOW64) AppleWebKit/537.36 (KHTML, like Gecko) Chrome/32.0.1700.107 Safari/537.36"
79.169.229.57 - - [02/Oct/2015:04:18:00 -0700] "GET /styles/0fffd548.main.css HTTP/1.1" 200 19316 "http://whereshouldiski.com/" "Mozilla/5.0 (Windows NT 6.1; WOW64) AppleWebKit/537.36 (KHTML, like Gecko) Chrome/32.0.1700.107 Safari/537.36"
79.169.229.57 - - [02/Oct/2015:04:18:01 -0700] "GET /scripts/scripts/vendor/modernizr.js HTTP/1.1" 200 4903 "http://whereshouldiski.com/" "Mozilla/5.0 (Windows NT 6.1; WOW64) AppleWebKit/537.36 (KHTML, like Gecko) Chrome/32.0.1700.107 Safari/537.36"
79.169.229.57 - - [02/Oct/2015:04:18:01 -0700] "GET /bower_components/requirejs/require.js HTTP/1.1" 200 6702 "http://whereshouldiski.com/" "Mozilla/5.0 (Windows NT 6.1; WOW64) AppleWebKit/537.36 (KHTML, like Gecko) Chrome/32.0.1700.107 Safari/537.36"
79.169.229.57 - - [02/Oct/2015:04:18:01 -0700] "GET /images/loading.gif HTTP/1.1" 200 13881 "http://whereshouldiski.com/" "Mozilla/5.0 (Windows NT 6.1; WOW64) AppleWebKit/537.36 (KHTML, like Gecko) Chrome/32.0.1700.107 Safari/537.36"
79.169.229.57 - - [02/Oct/2015:04:18:01 -0700] "GET /images/logo-sm.png HTTP/1.1" 200 16737 "http://whereshouldiski.com/" "Mozilla/5.0 (Windows NT 6.1; WOW64) AppleWebKit/537.36 (KHTML, like Gecko) Chrome/32.0.1700.107 Safari/537.36"
79.169.229.57 - - [02/Oct/2015:04:18:01 -0700] "GET /scripts/fa48e319.main.js HTTP/1.1" 200 123455 "http://whereshouldiski.com/" "Mozilla/5.0 (Windows NT 6.1; WOW64) AppleWebKit/537.36 (KHTML, like Gecko) Chrome/32.0.1700.107 Safari/537.36"
79.169.229.57 - - [02/Oct/2015:04:18:02 -0700] "GET /images/button.png HTTP/1.1" 200 598 "http://whereshouldiski.com/" "Mozilla/5.0 (Windows NT 6.1; WOW64) AppleWebKit/537.36 (KHTML, like Gecko) Chrome/32.0.1700.107 Safari/537.36"
79.169.229.57 - - [02/Oct/2015:04:18:02 -0700] "GET /lib/reccapi.php?fields=t HTTP/1.1" 200 1630 "http://whereshouldiski.com/" "Mozilla/5.0 (Windows NT 6.1; WOW64) AppleWebKit/537.36 (KHTML, like Gecko) Chrome/32.0.1700.107 Safari/537.36"
79.169.229.57 - - [02/Oct/2015:04:18:02 -0700] "GET /images/greyHeader.png HTTP/1.1" 200 508 "http://whereshouldiski.com/" "Mozilla/5.0 (Windows NT 6.1; WOW64) AppleWebKit/537.36 (KHTML, like Gecko) Chrome/32.0.1700.107 Safari/537.36"
79.169.229.57 - - [02/Oct/2015:04:18:02 -0700] "GET /images/snowflake5.png HTTP/1.1" 200 2857 "http://whereshouldiski.com/" "Mozilla/5.0 (Windows NT 6.1; WOW64) AppleWebKit/537.36 (KHTML, like Gecko) Chrome/32.0.1700.107 Safari/537.36"
79.169.229.57 - - [02/Oct/2015:04:18:02 -0700] "GET /images/star5.png HTTP/1.1" 200 1783 "http://whereshouldiski.com/" "Mozilla/5.0 (Windows NT 6.1; WOW64) AppleWebKit/537.36 (KHTML, like Gecko) Chrome/32.0.1700.107 Safari/537.36"
79.169.229.57 - - [02/Oct/2015:04:18:03 -0700] "GET /images/bluebird5.png HTTP/1.1" 200 2178 "http://whereshouldiski.com/" "Mozilla/5.0 (Windows NT 6.1; WOW64) AppleWebKit/537.36 (KHTML, like Gecko) Chrome/32.0.1700.107 Safari/537.36"
79.169.229.57 - - [02/Oct/2015:04:18:03 -0700] "GET /images/mtns-icon.png HTTP/1.1" 200 1097 "http://whereshouldiski.com/" "Mozilla/5.0 (Windows NT 6.1; WOW64) AppleWebKit/537.36 (KHTML, like Gecko) Chrome/32.0.1700.107 Safari/537.36"
79.169.229.57 - - [02/Oct/2015:04:18:03 -0700] "GET /images/shading-icon.png HTTP/1.1" 200 537 "http://whereshouldiski.com/" "Mozilla/5.0 (Windows NT 6.1; WOW64) AppleWebKit/537.36 (KHTML, like Gecko) Chrome/32.0.1700.107 Safari/537.36"
127.0.0.1 - - [02/Oct/2015:04:18:09 -0700] "OPTIONS * HTTP/1.0" 200 126 "-" "Apache/2.2.22 (Ubuntu) (internal dummy connection)"
170.75.162.130 - - [02/Oct/2015:04:24:50 -0700] "GET /lib/reccapi.php?resort=arapahoebasin HTTP/1.1" 200 1058 "-" "node-superagent/0.18.2"
170.75.162.130 - - [02/Oct/2015:04:24:50 -0700] "GET /lib/reccapi.php?resort=heavenly HTTP/1.1" 200 985 "-" "node-superagent/0.18.2"
170.75.162.130 - - [02/Oct/2015:04:24:50 -0700] "GET /lib/reccapi.php?resort=kirkwood HTTP/1.1" 200 974 "-" "node-superagent/0.18.2"
170.75.162.130 - - [02/Oct/2015:04:24:51 -0700] "GET /lib/reccapi.php?resort=northstar-at-tahoe HTTP/1.1" 200 952 "-" "node-superagent/0.18.2"
24.4.207.68 - - [02/Oct/2015:04:38:33 -0700] "GET /images/wsis-logo-sm.png HTTP/1.1" 200 6108 "http://www.thebackcountry.net/" "Mozilla/5.0 (Windows NT 10.0; WOW64) AppleWebKit/537.36 (KHTML, like Gecko) Chrome/45.0.2454.101 Safari/537.36"
207.46.13.173 - - [02/Oct/2015:04:54:58 -0700] "GET /about HTTP/1.1" 404 506 "-" "Mozilla/5.0 (compatible; bingbot/2.0; +http://www.bing.com/bingbot.htm)"
180.76.15.27 - - [02/Oct/2015:05:02:19 -0700] "GET / HTTP/1.1" 200 6114 "-" "Mozilla/5.0 (compatible; Baiduspider/2.0; +http://www.baidu.com/search/spider.html)"
180.76.15.149 - - [02/Oct/2015:05:03:48 -0700] "GET / HTTP/1.1" 200 6114 "-" "Mozilla/5.0 (compatible; Baiduspider/2.0; +http://www.baidu.com/search/spider.html)"
207.46.13.173 - - [02/Oct/2015:05:19:29 -0700] "GET /robots.txt HTTP/1.1" 200 375 "-" "Mozilla/5.0 (compatible; bingbot/2.0; +http://www.bing.com/bingbot.htm)"
207.46.13.173 - - [02/Oct/2015:05:21:57 -0700] "GET /about HTTP/1.1" 404 509 "-" "Mozilla/5.0 (compatible; bingbot/2.0; +http://www.bing.com/bingbot.htm)"
141.8.143.217 - - [02/Oct/2015:05:22:05 -0700] "GET /robots.txt HTTP/1.1" 200 375 "-" "Mozilla/5.0 (compatible; YandexBot/3.0; +http://yandex.com/bots)"
66.249.79.227 - - [02/Oct/2015:05:31:07 -0700] "GET /resorts?resort=heavenly&date=2014-02-24 HTTP/1.1" 404 506 "-" "Mozilla/5.0 (iPhone; CPU iPhone OS 8_3 like Mac OS X) AppleWebKit/600.1.4 (KHTML, like Gecko) Version/8.0 Mobile/12F70 Safari/600.1.4 (compatible; Googlebot/2.1; +http://www.google.com/bot.html)"
170.75.162.130 - - [02/Oct/2015:05:33:59 -0700] "GET /lib/reccapi.php?resort=wildcatmountain HTTP/1.1" 200 960 "-" "node-superagent/0.18.2"
66.249.79.220 - - [02/Oct/2015:05:35:08 -0700] "GET /resorts?resort=wildcatmountain HTTP/1.1" 404 506 "-" "Mozilla/5.0 (compatible; Googlebot/2.1; +http://www.google.com/bot.html)"
123.125.71.45 - - [02/Oct/2015:05:36:35 -0700] "-" 408 0 "-" "-"
180.76.15.136 - - [02/Oct/2015:05:39:57 -0700] "GET / HTTP/1.1" 200 6114 "-" "Mozilla/5.0 (compatible; Baiduspider/2.0; +http://www.baidu.com/search/spider.html)"
180.76.15.136 - - [02/Oct/2015:05:40:32 -0700] "GET / HTTP/1.1" 200 6114 "-" "Mozilla/5.0 (compatible; Baiduspider/2.0; +http://www.baidu.com/search/spider.html)"
71.83.118.54 - - [02/Oct/2015:05:41:02 -0700] "GET /images/wsis-logo-sm.png HTTP/1.1" 200 6108 "http://www.thebackcountry.net/" "Mozilla/5.0 (Linux; Android 5.0.2; SAMSUNG SM-T800 Build/LRX22G) AppleWebKit/537.36 (KHTML, like Gecko) SamsungBrowser/3.0 Chrome/38.0.2125.102 Safari/537.36"
66.249.79.234 - - [02/Oct/2015:06:07:13 -0700] "GET /blog/10-2012-2013-recap HTTP/1.1" 404 506 "-" "DoCoMo/2.0 N905i(c100;TB;W24H16) (compatible; Googlebot-Mobile/2.1; +http://www.google.com/bot.html)"
201.149.31.220 - - [02/Oct/2015:06:27:55 -0700] "GET / HTTP/1.1" 200 6114 "-" "-"
141.212.122.202 - - [02/Oct/2015:06:29:40 -0700] "GET / HTTP/1.1" 200 6095 "-" "Mozilla/5.0 zgrab/0.x"
66.249.79.234 - - [02/Oct/2015:06:30:08 -0700] "GET /resorts?resort=powderridge&date=2013-12-17 HTTP/1.1" 404 506 "-" "Mozilla/5.0 (iPhone; CPU iPhone OS 8_3 like Mac OS X) AppleWebKit/600.1.4 (KHTML, like Gecko) Version/8.0 Mobile/12F70 Safari/600.1.4 (compatible; Googlebot/2.1; +http://www.google.com/bot.html)"
170.75.162.130 - - [02/Oct/2015:06:47:27 -0700] "GET /lib/reccapi.php?resort=alta HTTP/1.1" 200 1000 "-" "node-superagent/0.18.2"
170.75.162.130 - - [02/Oct/2015:06:47:27 -0700] "GET /lib/reccapi.php?resort=killington HTTP/1.1" 200 955 "-" "node-superagent/0.18.2"
170.75.162.130 - - [02/Oct/2015:06:47:27 -0700] "GET /lib/reccapi.php?resort=sugarloaf HTTP/1.1" 200 946 "-" "node-superagent/0.18.2"
180.76.15.135 - - [02/Oct/2015:06:51:53 -0700] "GET / HTTP/1.1" 200 6114 "-" "Mozilla/5.0 (compatible; Baiduspider/2.0; +http://www.baidu.com/search/spider.html)"
91.200.12.9 - - [02/Oct/2015:06:52:12 -0700] "GET / HTTP/1.1" 200 2376 "-" "Mozilla/5.0 (Windows NT 6.1; Trident/7.0; rv:11.0) like Gecko"
180.76.15.151 - - [02/Oct/2015:06:53:01 -0700] "GET / HTTP/1.1" 200 6114 "-" "Mozilla/5.0 (compatible; Baiduspider/2.0; +http://www.baidu.com/search/spider.html)"
200.175.248.35 - - [02/Oct/2015:06:56:57 -0700] "GET / HTTP/1.1" 200 2376 "http://success-seo.com/try.php?u=http://whereshouldiski.com" "Mozilla/5.0 (Windows NT 6.1; WOW64) AppleWebKit/537.36 (KHTML, like Gecko) Chrome/36.0.1985.143 Safari/537.36"
200.175.248.35 - - [02/Oct/2015:06:56:57 -0700] "GET /styles/0fffd548.main.css HTTP/1.1" 200 19316 "http://whereshouldiski.com/" "Mozilla/5.0 (Windows NT 6.1; WOW64) AppleWebKit/537.36 (KHTML, like Gecko) Chrome/36.0.1985.143 Safari/537.36"
200.175.248.35 - - [02/Oct/2015:06:56:59 -0700] "GET /scripts/scripts/vendor/modernizr.js HTTP/1.1" 200 4903 "http://whereshouldiski.com/" "Mozilla/5.0 (Windows NT 6.1; WOW64) AppleWebKit/537.36 (KHTML, like Gecko) Chrome/36.0.1985.143 Safari/537.36"
200.175.248.35 - - [02/Oct/2015:06:56:59 -0700] "GET /bower_components/requirejs/require.js HTTP/1.1" 200 6702 "http://whereshouldiski.com/" "Mozilla/5.0 (Windows NT 6.1; WOW64) AppleWebKit/537.36 (KHTML, like Gecko) Chrome/36.0.1985.143 Safari/537.36"
200.175.248.35 - - [02/Oct/2015:06:57:00 -0700] "GET /images/logo-sm.png HTTP/1.1" 200 16737 "http://whereshouldiski.com/" "Mozilla/5.0 (Windows NT 6.1; WOW64) AppleWebKit/537.36 (KHTML, like Gecko) Chrome/36.0.1985.143 Safari/537.36"
200.175.248.35 - - [02/Oct/2015:06:57:00 -0700] "GET /images/loading.gif HTTP/1.1" 200 13881 "http://whereshouldiski.com/" "Mozilla/5.0 (Windows NT 6.1; WOW64) AppleWebKit/537.36 (KHTML, like Gecko) Chrome/36.0.1985.143 Safari/537.36"
200.175.248.35 - - [02/Oct/2015:06:57:01 -0700] "GET /scripts/fa48e319.main.js HTTP/1.1" 200 123455 "http://whereshouldiski.com/" "Mozilla/5.0 (Windows NT 6.1; WOW64) AppleWebKit/537.36 (KHTML, like Gecko) Chrome/36.0.1985.143 Safari/537.36"
200.175.248.35 - - [02/Oct/2015:06:57:09 -0700] "GET /lib/reccapi.php?fields=t HTTP/1.1" 200 1767 "http://whereshouldiski.com/" "Mozilla/5.0 (Windows NT 6.1; WOW64) AppleWebKit/537.36 (KHTML, like Gecko) Chrome/36.0.1985.143 Safari/537.36"
200.175.248.35 - - [02/Oct/2015:06:57:09 -0700] "GET /images/button.png HTTP/1.1" 200 599 "http://whereshouldiski.com/" "Mozilla/5.0 (Windows NT 6.1; WOW64) AppleWebKit/537.36 (KHTML, like Gecko) Chrome/36.0.1985.143 Safari/537.36"
200.175.248.35 - - [02/Oct/2015:06:57:10 -0700] "GET /images/greyHeader.png HTTP/1.1" 200 508 "http://whereshouldiski.com/" "Mozilla/5.0 (Windows NT 6.1; WOW64) AppleWebKit/537.36 (KHTML, like Gecko) Chrome/36.0.1985.143 Safari/537.36"
200.175.248.35 - - [02/Oct/2015:06:57:10 -0700] "GET /images/snowflake5.png HTTP/1.1" 200 2857 "http://whereshouldiski.com/" "Mozilla/5.0 (Windows NT 6.1; WOW64) AppleWebKit/537.36 (KHTML, like Gecko) Chrome/36.0.1985.143 Safari/537.36"
200.175.248.35 - - [02/Oct/2015:06:57:10 -0700] "GET /images/star5.png HTTP/1.1" 200 1783 "http://whereshouldiski.com/" "Mozilla/5.0 (Windows NT 6.1; WOW64) AppleWebKit/537.36 (KHTML, like Gecko) Chrome/36.0.1985.143 Safari/537.36"
200.175.248.35 - - [02/Oct/2015:06:57:10 -0700] "GET /images/mtns-icon.png HTTP/1.1" 200 1096 "http://whereshouldiski.com/" "Mozilla/5.0 (Windows NT 6.1; WOW64) AppleWebKit/537.36 (KHTML, like Gecko) Chrome/36.0.1985.143 Safari/537.36"
200.175.248.35 - - [02/Oct/2015:06:57:10 -0700] "GET /images/bluebird5.png HTTP/1.1" 200 2178 "http://whereshouldiski.com/" "Mozilla/5.0 (Windows NT 6.1; WOW64) AppleWebKit/537.36 (KHTML, like Gecko) Chrome/36.0.1985.143 Safari/537.36"
200.175.248.35 - - [02/Oct/2015:06:57:10 -0700] "GET /images/shading-icon.png HTTP/1.1" 200 537 "http://whereshouldiski.com/" "Mozilla/5.0 (Windows NT 6.1; WOW64) AppleWebKit/537.36 (KHTML, like Gecko) Chrome/36.0.1985.143 Safari/537.36"
200.175.248.35 - - [02/Oct/2015:06:57:31 -0700] "-" 408 0 "-" "-"
200.175.248.35 - - [02/Oct/2015:06:57:32 -0700] "-" 408 0 "-" "-"
127.0.0.1 - - [02/Oct/2015:06:57:32 -0700] "OPTIONS * HTTP/1.0" 200 126 "-" "Apache/2.2.22 (Ubuntu) (internal dummy connection)"
180.76.15.154 - - [02/Oct/2015:07:03:51 -0700] "GET /resorts?resort=jaypeak&date=2014-04-21 HTTP/1.1" 404 472 "-" "Mozilla/5.0 (compatible; Baiduspider/2.0; +http://www.baidu.com/search/spider.html)"
170.75.162.130 - - [02/Oct/2015:07:08:20 -0700] "GET /lib/reccapi.php?resort=angelfire HTTP/1.1" 200 1043 "-" "node-superagent/0.18.2"
170.75.162.130 - - [02/Oct/2015:07:08:20 -0700] "GET /lib/reccapi.php?resort=taos HTTP/1.1" 200 1034 "-" "node-superagent/0.18.2"
66.214.212.249 - - [02/Oct/2015:07:12:29 -0700] "GET /images/wsis-logo-sm.png HTTP/1.1" 200 6108 "http://www.thebackcountry.net/" "Mozilla/5.0 (Windows NT 6.1; WOW64; Trident/7.0; rv:11.0) like Gecko"
66.214.212.249 - - [02/Oct/2015:07:12:50 -0700] "-" 408 0 "-" "-"
162.222.183.112 - - [02/Oct/2015:07:29:22 -0700] "GET / HTTP/1.0" 200 6151 "-" "NerdyBot"
66.249.79.140 - - [02/Oct/2015:07:29:45 -0700] "GET /robots.txt HTTP/1.1" 200 419 "-" "Mozilla/5.0 (compatible; Googlebot/2.1; +http://www.google.com/bot.html)"
66.249.79.140 - - [02/Oct/2015:07:29:45 -0700] "GET / HTTP/1.1" 200 2375 "-" "Mozilla/5.0 (iPhone; CPU iPhone OS 8_3 like Mac OS X) AppleWebKit/600.1.4 (KHTML, like Gecko) Version/8.0 Mobile/12F70 Safari/600.1.4 (compatible; Googlebot/2.1; +http://www.google.com/bot.html)"
50.98.211.83 - - [02/Oct/2015:07:29:49 -0700] "GET /images/wsis-logo-sm.png HTTP/1.1" 200 6108 "http://www.thebackcountry.net/" "Mozilla/5.0 (iPad; CPU OS 9_0_1 like Mac OS X) AppleWebKit/600.1.4 (KHTML, like Gecko) CriOS/43.0.2357.56 Mobile/13A404 Safari/600.1.4"
107.72.162.79 - - [02/Oct/2015:07:41:34 -0700] "GET /images/wsis-logo-sm.png HTTP/1.1" 200 6108 "http://www.thebackcountry.net/" "Mozilla/5.0 (Linux; Android 4.4.4; en-us; SAMSUNG-SGH-I337 Build/KTU84P) AppleWebKit/537.36 (KHTML, like Gecko) Version/1.5 Chrome/28.0.1500.94 Mobile Safari/537.36"
180.76.15.145 - - [02/Oct/2015:07:42:53 -0700] "GET / HTTP/1.1" 200 6114 "-" "Mozilla/5.0 (compatible; Baiduspider/2.0; +http://www.baidu.com/search/spider.html)"
180.76.15.15 - - [02/Oct/2015:07:43:44 -0700] "GET / HTTP/1.1" 200 6114 "-" "Mozilla/5.0 (compatible; Baiduspider/2.0; +http://www.baidu.com/search/spider.html)"
201.67.221.22 - - [02/Oct/2015:07:48:31 -0700] "GET / HTTP/1.1" 200 2376 "http://video--production.com" "Mozilla/5.0 (Windows NT 6.1; WOW64) AppleWebKit/537.36 (KHTML, like Gecko) Chrome/36.0.1985.143 Safari/537.36"
201.67.221.22 - - [02/Oct/2015:07:48:31 -0700] "GET /styles/0fffd548.main.css HTTP/1.1" 200 19316 "http://whereshouldiski.com/" "Mozilla/5.0 (Windows NT 6.1; WOW64) AppleWebKit/537.36 (KHTML, like Gecko) Chrome/36.0.1985.143 Safari/537.36"
201.67.221.22 - - [02/Oct/2015:07:48:32 -0700] "GET /bower_components/requirejs/require.js HTTP/1.1" 200 6702 "http://whereshouldiski.com/" "Mozilla/5.0 (Windows NT 6.1; WOW64) AppleWebKit/537.36 (KHTML, like Gecko) Chrome/36.0.1985.143 Safari/537.36"
201.67.221.22 - - [02/Oct/2015:07:48:32 -0700] "GET /scripts/scripts/vendor/modernizr.js HTTP/1.1" 200 4903 "http://whereshouldiski.com/" "Mozilla/5.0 (Windows NT 6.1; WOW64) AppleWebKit/537.36 (KHTML, like Gecko) Chrome/36.0.1985.143 Safari/537.36"
201.67.221.22 - - [02/Oct/2015:07:48:35 -0700] "GET /images/loading.gif HTTP/1.1" 200 13881 "http://whereshouldiski.com/" "Mozilla/5.0 (Windows NT 6.1; WOW64) AppleWebKit/537.36 (KHTML, like Gecko) Chrome/36.0.1985.143 Safari/537.36"
201.67.221.22 - - [02/Oct/2015:07:48:35 -0700] "GET /images/logo-sm.png HTTP/1.1" 200 16737 "http://whereshouldiski.com/" "Mozilla/5.0 (Windows NT 6.1; WOW64) AppleWebKit/537.36 (KHTML, like Gecko) Chrome/36.0.1985.143 Safari/537.36"
201.67.221.22 - - [02/Oct/2015:07:48:35 -0700] "GET /scripts/fa48e319.main.js HTTP/1.1" 200 123455 "http://whereshouldiski.com/" "Mozilla/5.0 (Windows NT 6.1; WOW64) AppleWebKit/537.36 (KHTML, like Gecko) Chrome/36.0.1985.143 Safari/537.36"
201.67.221.22 - - [02/Oct/2015:07:48:43 -0700] "GET /lib/reccapi.php?fields=t HTTP/1.1" 200 1732 "http://whereshouldiski.com/" "Mozilla/5.0 (Windows NT 6.1; WOW64) AppleWebKit/537.36 (KHTML, like Gecko) Chrome/36.0.1985.143 Safari/537.36"
201.67.221.22 - - [02/Oct/2015:07:48:48 -0700] "GET /images/greyHeader.png HTTP/1.1" 200 509 "http://whereshouldiski.com/" "Mozilla/5.0 (Windows NT 6.1; WOW64) AppleWebKit/537.36 (KHTML, like Gecko) Chrome/36.0.1985.143 Safari/537.36"
201.67.221.22 - - [02/Oct/2015:07:48:48 -0700] "GET /images/star5.png HTTP/1.1" 200 1784 "http://whereshouldiski.com/" "Mozilla/5.0 (Windows NT 6.1; WOW64) AppleWebKit/537.36 (KHTML, like Gecko) Chrome/36.0.1985.143 Safari/537.36"
201.67.221.22 - - [02/Oct/2015:07:48:48 -0700] "GET /images/snowflake5.png HTTP/1.1" 200 2858 "http://whereshouldiski.com/" "Mozilla/5.0 (Windows NT 6.1; WOW64) AppleWebKit/537.36 (KHTML, like Gecko) Chrome/36.0.1985.143 Safari/537.36"
201.67.221.22 - - [02/Oct/2015:07:48:48 -0700] "GET /images/bluebird5.png HTTP/1.1" 200 2178 "http://whereshouldiski.com/" "Mozilla/5.0 (Windows NT 6.1; WOW64) AppleWebKit/537.36 (KHTML, like Gecko) Chrome/36.0.1985.143 Safari/537.36"
201.67.221.22 - - [02/Oct/2015:07:48:48 -0700] "GET /images/mtns-icon.png HTTP/1.1" 200 1097 "http://whereshouldiski.com/" "Mozilla/5.0 (Windows NT 6.1; WOW64) AppleWebKit/537.36 (KHTML, like Gecko) Chrome/36.0.1985.143 Safari/537.36"
201.67.221.22 - - [02/Oct/2015:07:48:48 -0700] "GET /images/button.png HTTP/1.1" 200 599 "http://whereshouldiski.com/" "Mozilla/5.0 (Windows NT 6.1; WOW64) AppleWebKit/537.36 (KHTML, like Gecko) Chrome/36.0.1985.143 Safari/537.36"
201.67.221.22 - - [02/Oct/2015:07:48:48 -0700] "GET /images/shading-icon.png HTTP/1.1" 200 536 "http://whereshouldiski.com/" "Mozilla/5.0 (Windows NT 6.1; WOW64) AppleWebKit/537.36 (KHTML, like Gecko) Chrome/36.0.1985.143 Safari/537.36"
104.220.29.3 - - [02/Oct/2015:08:00:26 -0700] "GET /images/wsis-logo-sm.png HTTP/1.1" 200 6108 "http://thebackcountry.net/" "Mozilla/5.0 (Windows NT 6.1; WOW64) AppleWebKit/537.36 (KHTML, like Gecko) Chrome/45.0.2454.101 Safari/537.36"
141.8.143.217 - - [02/Oct/2015:08:02:26 -0700] "GET /robots.txt HTTP/1.1" 200 375 "-" "Mozilla/5.0 (compatible; YandexBot/3.0; +http://yandex.com/bots)"
141.8.143.217 - - [02/Oct/2015:08:04:11 -0700] "GET / HTTP/1.1" 200 2376 "-" "Mozilla/5.0 (compatible; YandexBot/3.0; +http://yandex.com/bots)"
66.249.79.252 - - [02/Oct/2015:08:11:46 -0700] "GET /styles/0fffd548.main.css HTTP/1.1" 200 19317 "-" "Mozilla/5.0 (compatible; Googlebot/2.1; +http://www.google.com/bot.html)"
155.70.39.45 - - [02/Oct/2015:08:11:51 -0700] "GET /images/wsis-logo-sm.png HTTP/1.1" 200 6108 "http://www.thebackcountry.net/" "Mozilla/5.0 (Windows NT 6.1; WOW64; Trident/7.0; rv:11.0) like Gecko"
155.70.39.45 - - [02/Oct/2015:08:12:12 -0700] "-" 408 0 "-" "-"
66.249.79.234 - - [02/Oct/2015:08:28:52 -0700] "GET /resorts?resort=belleayre&date=2014-02-05 HTTP/1.1" 404 506 "-" "Mozilla/5.0 (iPhone; CPU iPhone OS 8_3 like Mac OS X) AppleWebKit/600.1.4 (KHTML, like Gecko) Version/8.0 Mobile/12F70 Safari/600.1.4 (compatible; Googlebot/2.1; +http://www.google.com/bot.html)"
170.75.162.130 - - [02/Oct/2015:08:30:30 -0700] "GET /lib/reccapi.php?resort=steamboat HTTP/1.1" 200 1030 "-" "node-superagent/0.18.2"
170.75.162.130 - - [02/Oct/2015:08:38:01 -0700] "GET /lib/reccapi.php?resort=snowmass HTTP/1.1" 200 1029 "-" "node-superagent/0.18.2"
180.76.15.6 - - [02/Oct/2015:08:44:03 -0700] "GET / HTTP/1.1" 200 6114 "-" "Mozilla/5.0 (compatible; Baiduspider/2.0; +http://www.baidu.com/search/spider.html)"
180.76.15.21 - - [02/Oct/2015:08:44:52 -0700] "GET / HTTP/1.1" 200 6114 "-" "Mozilla/5.0 (compatible; Baiduspider/2.0; +http://www.baidu.com/search/spider.html)"
170.75.162.130 - - [02/Oct/2015:08:47:52 -0700] "GET /lib/reccapi.php?resort=redlodge HTTP/1.1" 200 1039 "-" "node-superagent/0.18.2"
71.140.31.214 - - [02/Oct/2015:08:56:32 -0700] "GET /images/wsis-logo-sm.png HTTP/1.1" 200 6108 "http://thebackcountry.net/" "Mozilla/4.0 (compatible; MSIE 8.0; Windows NT 5.1; Trident/4.0; .NET CLR 2.0.50727; .NET CLR 3.0.4506.2152; .NET CLR 3.5.30729; 786908940603; Build/14.08001)"
70.165.109.23 - - [02/Oct/2015:09:02:01 -0700] "GET /images/wsis-logo-sm.png HTTP/1.1" 200 6108 "http://www.thebackcountry.net/" "Mozilla/5.0 (Macintosh; Intel Mac OS X 10_10_3) AppleWebKit/537.36 (KHTML, like Gecko) Chrome/45.0.2454.85 Safari/537.36"
170.75.162.130 - - [02/Oct/2015:09:06:54 -0700] "GET /lib/reccapi.php?resort=sundayriver HTTP/1.1" 200 954 "-" "node-superagent/0.18.2"
63.87.61.111 - - [02/Oct/2015:09:07:20 -0700] "GET /images/wsis-logo-sm.png HTTP/1.1" 200 6108 "http://www.thebackcountry.net/" "Mozilla/5.0 (Windows NT 6.1; WOW64; rv:40.0) Gecko/20100101 Firefox/40.0"
192.187.126.163 - - [02/Oct/2015:09:09:32 -0700] "GET /edit/default_image.asp HTTP/1.1" 404 489 "-" "compatible;Baiduspider/2.0; +http://www.baidu.com/search/spider.html"
107.206.114.29 - - [02/Oct/2015:09:21:04 -0700] "GET /images/wsis-logo-sm.png HTTP/1.1" 200 6108 "http://www.thebackcountry.net/" "Mozilla/5.0 (iPhone; CPU iPhone OS 9_0_2 like Mac OS X) AppleWebKit/601.1.46 (KHTML, like Gecko) Version/9.0 Mobile/13A452 Safari/601.1"
170.75.162.130 - - [02/Oct/2015:09:25:16 -0700] "GET /lib/reccapi.php?resort=aspenheights HTTP/1.1" 200 1057 "-" "node-superagent/0.18.2"
170.75.162.130 - - [02/Oct/2015:09:25:16 -0700] "GET /lib/reccapi.php?resort=buttermilk HTTP/1.1" 200 1022 "-" "node-superagent/0.18.2"
170.75.162.130 - - [02/Oct/2015:09:25:17 -0700] "GET /lib/reccapi.php?resort=aspenmountain HTTP/1.1" 200 1034 "-" "node-superagent/0.18.2"
170.75.162.130 - - [02/Oct/2015:09:26:37 -0700] "GET /lib/reccapi.php?resort=stevenspass HTTP/1.1" 200 995 "-" "node-superagent/0.18.2"
66.249.79.220 - - [02/Oct/2015:09:28:20 -0700] "GET /resorts?resort=snowbird&date=2014-01-29 HTTP/1.1" 404 506 "-" "Mozilla/5.0 (iPhone; CPU iPhone OS 8_3 like Mac OS X) AppleWebKit/600.1.4 (KHTML, like Gecko) Version/8.0 Mobile/12F70 Safari/600.1.4 (compatible; Googlebot/2.1; +http://www.google.com/bot.html)"
177.103.164.9 - - [02/Oct/2015:09:30:28 -0700] "GET /images/wsis-logo-sm.png HTTP/1.1" 200 6108 "http://thebackcountry.net/" "Mozilla/5.0 (Windows NT 6.1; WOW64) AppleWebKit/537.36 (KHTML, like Gecko) Chrome/36.0.1985.143 Safari/537.36"
68.135.5.60 - - [02/Oct/2015:09:41:28 -0700] "GET /robots.txt HTTP/1.0" 200 375 "-" "Mozilla/5.0 (compatible; MJ12bot/v1.4.5; http://www.majestic12.co.uk/bot.php?+)"
68.135.5.60 - - [02/Oct/2015:09:41:29 -0700] "GET /resorts?resort=wildcatmountain HTTP/1.1" 404 476 "-" "Mozilla/5.0 (compatible; MJ12bot/v1.4.5; http://www.majestic12.co.uk/bot.php?+)"
170.75.162.130 - - [02/Oct/2015:09:42:59 -0700] "GET /lib/reccapi.php?resort=mounthoodmeadows HTTP/1.1" 200 1035 "-" "node-superagent/0.18.2"
180.76.15.138 - - [02/Oct/2015:09:46:27 -0700] "GET / HTTP/1.1" 200 6114 "-" "Mozilla/5.0 (compatible; Baiduspider/2.0; +http://www.baidu.com/search/spider.html)"
180.76.15.26 - - [02/Oct/2015:09:47:27 -0700] "GET / HTTP/1.1" 200 6114 "-" "Mozilla/5.0 (compatible; Baiduspider/2.0; +http://www.baidu.com/search/spider.html)"
67.181.57.184 - - [02/Oct/2015:09:50:31 -0700] "GET /images/wsis-logo-sm.png HTTP/1.1" 200 6108 "http://www.thebackcountry.net/" "Mozilla/5.0 (Macintosh; Intel Mac OS X 10_10_4) AppleWebKit/600.7.12 (KHTML, like Gecko) Version/8.0.7 Safari/600.7.12"
170.75.162.130 - - [02/Oct/2015:09:53:00 -0700] "GET /lib/reccapi.php?resort=alpinemeadows HTTP/1.1" 200 979 "-" "node-superagent/0.18.2"
170.75.162.130 - - [02/Oct/2015:10:02:01 -0700] "GET /lib/reccapi.php?resort=cannonmountain HTTP/1.1" 200 965 "-" "node-superagent/0.18.2"
170.75.162.130 - - [02/Oct/2015:10:02:01 -0700] "GET /lib/reccapi.php?resort=jaypeak HTTP/1.1" 200 976 "-" "node-superagent/0.18.2"
170.75.162.130 - - [02/Oct/2015:10:02:01 -0700] "GET /lib/reccapi.php?resort=smugglersnotch HTTP/1.1" 200 958 "-" "node-superagent/0.18.2"
170.75.162.130 - - [02/Oct/2015:10:02:01 -0700] "GET /lib/reccapi.php?resort=madriverglen HTTP/1.1" 200 963 "-" "node-superagent/0.18.2"
170.75.162.130 - - [02/Oct/2015:10:02:01 -0700] "GET /lib/reccapi.php?resort=stowe HTTP/1.1" 200 946 "-" "node-superagent/0.18.2"
