170.75.162.130 - - [15/Mar/2016:09:15:19 -0700] "GET /lib/reccapi.php?resort=sugarbush HTTP/1.1" 200 1007 "-" "node-superagent/1.4.0"
170.75.162.130 - - [15/Mar/2016:09:15:19 -0700] "GET /lib/reccapi.php?resort=sugarloaf HTTP/1.1" 200 1074 "-" "node-superagent/1.4.0"
170.75.162.130 - - [15/Mar/2016:09:15:19 -0700] "GET /lib/reccapi.php?resort=sundayriver HTTP/1.1" 200 1042 "-" "node-superagent/1.4.0"
170.75.162.130 - - [15/Mar/2016:09:15:19 -0700] "GET /lib/reccapi.php?resort=wildcatmountain HTTP/1.1" 200 1086 "-" "node-superagent/1.4.0"
107.206.192.145 - - [15/Mar/2016:09:19:14 -0700] "GET /images/wsis-logo-sm.png HTTP/1.1" 200 6108 "http://thebackcountry.net/" "Mozilla/5.0 (Macintosh; Intel Mac OS X 10.10; rv:44.0) Gecko/20100101 Firefox/44.0"
70.214.36.226 - - [15/Mar/2016:09:20:25 -0700] "GET /images/wsis-logo-sm.png HTTP/1.1" 200 6108 "http://www.thebackcountry.net/" "Mozilla/5.0 (iPhone; CPU iPhone OS 9_1 like Mac OS X) AppleWebKit/601.1.46 (KHTML, like Gecko) Version/9.0 Mobile/13B143 Safari/601.1"
52.33.40.213 - - [15/Mar/2016:09:20:37 -0700] "GET /lib/reccapi.php?resort=arapahoebasin HTTP/1.1" 200 1093 "-" "node-superagent/1.4.0"
52.33.40.213 - - [15/Mar/2016:09:20:57 -0700] "GET /lib/reccapi.php?resort=coppermountain HTTP/1.1" 200 1076 "-" "node-superagent/1.4.0"
52.33.40.213 - - [15/Mar/2016:09:29:47 -0700] "GET /lib/reccapi.php?resort=aspenmountain HTTP/1.1" 200 1038 "-" "node-superagent/1.4.0"
52.33.40.213 - - [15/Mar/2016:09:31:17 -0700] "GET /lib/reccapi.php?resort=brianhead HTTP/1.1" 200 992 "-" "node-superagent/1.4.0"
72.34.128.250 - - [15/Mar/2016:09:31:30 -0700] "GET /images/wsis-logo-sm.png HTTP/1.1" 200 6108 "http://www.thebackcountry.net/" "Mozilla/5.0 (Macintosh; Intel Mac OS X 10_10_5) AppleWebKit/537.36 (KHTML, like Gecko) Chrome/49.0.2623.87 Safari/537.36"
170.75.162.130 - - [15/Mar/2016:09:31:48 -0700] "GET /lib/reccapi.php?resort=aspenheights HTTP/1.1" 200 1145 "-" "node-superagent/1.4.0"
170.75.162.130 - - [15/Mar/2016:09:31:48 -0700] "GET /lib/reccapi.php?resort=aspenmountain HTTP/1.1" 200 1038 "-" "node-superagent/1.4.0"
170.75.162.130 - - [15/Mar/2016:09:31:48 -0700] "GET /lib/reccapi.php?resort=buttermilk HTTP/1.1" 200 1058 "-" "node-superagent/1.4.0"
170.75.162.130 - - [15/Mar/2016:09:31:48 -0700] "GET /lib/reccapi.php?resort=coppermountain HTTP/1.1" 200 1076 "-" "node-superagent/1.4.0"
170.75.162.130 - - [15/Mar/2016:09:31:48 -0700] "GET /lib/reccapi.php?resort=crestedbutte HTTP/1.1" 200 1138 "-" "node-superagent/1.4.0"
170.75.162.130 - - [15/Mar/2016:09:31:49 -0700] "GET /lib/reccapi.php?resort=keystone HTTP/1.1" 200 1077 "-" "node-superagent/1.4.0"
170.75.162.130 - - [15/Mar/2016:09:31:49 -0700] "GET /lib/reccapi.php?resort=loveland HTTP/1.1" 200 1076 "-" "node-superagent/1.4.0"
170.75.162.130 - - [15/Mar/2016:09:31:49 -0700] "GET /lib/reccapi.php?resort=monarch HTTP/1.1" 200 1054 "-" "node-superagent/1.4.0"
170.75.162.130 - - [15/Mar/2016:09:31:49 -0700] "GET /lib/reccapi.php?resort=arapahoebasin HTTP/1.1" 200 1093 "-" "node-superagent/1.4.0"
170.75.162.130 - - [15/Mar/2016:09:31:49 -0700] "GET /lib/reccapi.php?resort=snowmass HTTP/1.1" 200 1116 "-" "node-superagent/1.4.0"
170.75.162.130 - - [15/Mar/2016:09:31:49 -0700] "GET /lib/reccapi.php?resort=steamboat HTTP/1.1" 200 1112 "-" "node-superagent/1.4.0"
170.75.162.130 - - [15/Mar/2016:09:31:49 -0700] "GET /lib/reccapi.php?resort=telluride HTTP/1.1" 200 1028 "-" "node-superagent/1.4.0"
180.76.15.134 - - [15/Mar/2016:09:33:56 -0700] "GET / HTTP/1.1" 200 6995 "-" "Mozilla/5.0 (compatible; Baiduspider/2.0; +http://www.baidu.com/search/spider.html)"
180.76.15.25 - - [15/Mar/2016:09:34:57 -0700] "GET / HTTP/1.1" 200 6995 "-" "Mozilla/5.0 (compatible; Baiduspider/2.0; +http://www.baidu.com/search/spider.html)"
52.33.40.213 - - [15/Mar/2016:09:38:38 -0700] "GET /lib/reccapi.php?resort=sugarbowl HTTP/1.1" 200 971 "-" "node-superagent/1.4.0"
71.9.226.30 - - [15/Mar/2016:09:38:39 -0700] "GET /images/wsis-logo-sm.png HTTP/1.1" 200 6108 "http://www.thebackcountry.net/" "Mozilla/5.0 (Macintosh; Intel Mac OS X 10_10_5) AppleWebKit/600.8.9 (KHTML, like Gecko) Version/8.0.8 Safari/600.8.9"
123.125.71.90 - - [15/Mar/2016:09:38:42 -0700] "GET / HTTP/1.1" 200 2578 "-" "Mozilla/5.0 (Windows NT 5.1; rv:6.0.2) Gecko/20100101 Firefox/6.0.2"
123.125.71.78 - - [15/Mar/2016:09:38:43 -0700] "GET / HTTP/1.1" 200 6995 "-" "Mozilla/5.0 (Windows NT 5.1; rv:6.0.2) Gecko/20100101 Firefox/6.0.2"
170.75.162.130 - - [15/Mar/2016:09:42:29 -0700] "GET /lib/reccapi.php?resort=snowbird HTTP/1.1" 200 1048 "-" "node-superagent/1.4.0"
104.5.3.1 - - [15/Mar/2016:09:45:07 -0700] "GET /images/wsis-logo-sm.png HTTP/1.1" 200 6108 "http://www.thebackcountry.net/" "Mozilla/5.0 (Windows NT 6.1; WOW64) AppleWebKit/537.36 (KHTML, like Gecko) Chrome/48.0.2564.116 Safari/537.36"
170.75.162.130 - - [15/Mar/2016:09:47:39 -0700] "GET /lib/reccapi.php?resort=northstar-at-tahoe HTTP/1.1" 200 977 "-" "node-superagent/1.4.0"
130.86.239.78 - - [15/Mar/2016:09:59:13 -0700] "GET /images/wsis-logo-sm.png HTTP/1.1" 200 6108 "http://thebackcountry.net/" "Mozilla/5.0 (Windows NT 6.1; WOW64) AppleWebKit/537.36 (KHTML, like Gecko) Chrome/48.0.2564.116 Safari/537.36"
170.75.162.130 - - [15/Mar/2016:10:08:41 -0700] "GET /lib/reccapi.php?resort=taos HTTP/1.1" 200 953 "-" "node-superagent/1.4.0"
52.33.40.213 - - [15/Mar/2016:10:11:59 -0700] "GET /lib/reccapi.php?resort=killington HTTP/1.1" 200 1010 "-" "node-superagent/1.4.0"
66.249.75.8 - - [15/Mar/2016:10:13:48 -0700] "GET /resorts?resort=taos HTTP/1.1" 404 506 "-" "Mozilla/5.0 (compatible; Googlebot/2.1; +http://www.google.com/bot.html)"
52.33.40.213 - - [15/Mar/2016:10:14:49 -0700] "GET /lib/reccapi.php?resort=grandtarghee HTTP/1.1" 200 1104 "-" "node-superagent/1.4.0"
52.33.40.213 - - [15/Mar/2016:10:14:49 -0700] "GET /lib/reccapi.php?resort=taos HTTP/1.1" 200 953 "-" "node-superagent/1.4.0"
52.33.40.213 - - [15/Mar/2016:10:14:49 -0700] "GET /lib/reccapi.php?resort=jacksonhole HTTP/1.1" 200 1081 "-" "node-superagent/1.4.0"
52.33.40.213 - - [15/Mar/2016:10:14:49 -0700] "GET /lib/reccapi.php?resort=sunvalley HTTP/1.1" 200 1069 "-" "node-superagent/1.4.0"
52.33.40.213 - - [15/Mar/2016:10:21:50 -0700] "GET /lib/reccapi.php?resort=keystone HTTP/1.1" 200 1077 "-" "node-superagent/1.4.0"
108.201.217.243 - - [15/Mar/2016:10:22:08 -0700] "GET /images/wsis-logo-sm.png HTTP/1.1" 200 6108 "http://www.thebackcountry.net/" "Mozilla/5.0 (Windows NT 6.1) AppleWebKit/537.36 (KHTML, like Gecko) Chrome/49.0.2623.87 Safari/537.36"
66.249.75.8 - - [15/Mar/2016:10:23:25 -0700] "GET /resorts?resort=heavenly HTTP/1.1" 404 506 "-" "Mozilla/5.0 (compatible; Googlebot/2.1; +http://www.google.com/bot.html)"
185.25.151.159 - - [15/Mar/2016:10:27:19 -0700] "GET http://testp5.mielno.lubin.pl/testproxy.php HTTP/1.1" 404 452 "-" "Mozilla/5.0 (Windows NT 5.1; rv:32.0) Gecko/20100101 Firefox/31.0"
180.76.15.141 - - [15/Mar/2016:10:30:08 -0700] "GET / HTTP/1.1" 200 6995 "-" "Mozilla/5.0 (compatible; Baiduspider/2.0; +http://www.baidu.com/search/spider.html)"
180.76.15.27 - - [15/Mar/2016:10:30:57 -0700] "GET / HTTP/1.1" 200 6995 "-" "Mozilla/5.0 (compatible; Baiduspider/2.0; +http://www.baidu.com/search/spider.html)"
52.33.40.213 - - [15/Mar/2016:10:31:10 -0700] "GET /lib/reccapi.php?resort=sundayriver HTTP/1.1" 200 1042 "-" "node-superagent/1.4.0"
170.75.162.130 - - [15/Mar/2016:10:44:54 -0700] "GET /lib/reccapi.php?resort=alta HTTP/1.1" 200 1089 "-" "node-superagent/1.4.0"
170.75.162.130 - - [15/Mar/2016:10:49:24 -0700] "GET /lib/reccapi.php?resort=alyeska HTTP/1.1" 200 984 "-" "node-superagent/1.4.0"
170.75.162.130 - - [15/Mar/2016:10:49:35 -0700] "GET /lib/reccapi.php?resort=diamondpeak HTTP/1.1" 200 951 "-" "node-superagent/1.4.0"
170.75.162.130 - - [15/Mar/2016:10:49:38 -0700] "GET /lib/reccapi.php?resort=parkcity HTTP/1.1" 200 1060 "-" "node-superagent/1.4.0"
170.75.162.130 - - [15/Mar/2016:10:49:44 -0700] "GET /lib/reccapi.php?resort=hoodoo HTTP/1.1" 200 1034 "-" "node-superagent/1.4.0"
170.75.162.130 - - [15/Mar/2016:10:49:44 -0700] "GET /lib/reccapi.php?resort=mountbachelor HTTP/1.1" 200 1088 "-" "node-superagent/1.4.0"
170.75.162.130 - - [15/Mar/2016:10:49:45 -0700] "GET /lib/reccapi.php?resort=mounthoodmeadows HTTP/1.1" 200 1077 "-" "node-superagent/1.4.0"
47.208.176.144 - - [15/Mar/2016:10:49:56 -0700] "GET /images/wsis-logo-sm.png HTTP/1.1" 304 187 "http://thebackcountry.net/" "Mozilla/5.0 (X11; Linux x86_64) AppleWebKit/537.36 (KHTML, like Gecko) Chrome/49.0.2623.87 Safari/537.36"
47.208.176.144 - - [15/Mar/2016:10:49:56 -0700] "GET /images/wsis-logo-sm.png HTTP/1.1" 200 6108 "http://thebackcountry.net/" "Mozilla/5.0 (X11; Linux x86_64) AppleWebKit/537.36 (KHTML, like Gecko) Chrome/49.0.2623.87 Safari/537.36"
170.75.162.130 - - [15/Mar/2016:10:50:15 -0700] "GET /lib/reccapi.php?resort=redmountain HTTP/1.1" 200 912 "-" "node-superagent/1.4.0"
170.75.162.130 - - [15/Mar/2016:10:50:34 -0700] "GET /lib/reccapi.php?resort=brianhead HTTP/1.1" 200 992 "-" "node-superagent/1.4.0"
170.75.162.130 - - [15/Mar/2016:10:50:35 -0700] "GET /lib/reccapi.php?resort=brighton HTTP/1.1" 200 1089 "-" "node-superagent/1.4.0"
170.75.162.130 - - [15/Mar/2016:10:50:35 -0700] "GET /lib/reccapi.php?resort=deervalley HTTP/1.1" 200 1039 "-" "node-superagent/1.4.0"
170.75.162.130 - - [15/Mar/2016:10:50:36 -0700] "GET /lib/reccapi.php?resort=snowbasin HTTP/1.1" 200 1055 "-" "node-superagent/1.4.0"
170.75.162.130 - - [15/Mar/2016:10:50:36 -0700] "GET /lib/reccapi.php?resort=solitude HTTP/1.1" 200 1069 "-" "node-superagent/1.4.0"
52.33.40.213 - - [15/Mar/2016:10:56:31 -0700] "GET /lib/reccapi.php?resort=kirkwood HTTP/1.1" 200 993 "-" "node-superagent/1.4.0"
52.33.40.213 - - [15/Mar/2016:10:56:31 -0700] "GET /lib/reccapi.php?resort=heavenly HTTP/1.1" 200 1002 "-" "node-superagent/1.4.0"
170.75.162.130 - - [15/Mar/2016:11:19:17 -0700] "GET /lib/reccapi.php?resort=whitefacemountain HTTP/1.1" 200 997 "-" "node-superagent/1.4.0"
52.33.40.213 - - [15/Mar/2016:11:27:53 -0700] "GET /lib/reccapi.php?resort=mammothmountain HTTP/1.1" 200 1014 "-" "node-superagent/1.4.0"
180.76.15.20 - - [15/Mar/2016:11:31:45 -0700] "GET / HTTP/1.1" 200 6995 "-" "Mozilla/5.0 (compatible; Baiduspider/2.0; +http://www.baidu.com/search/spider.html)"
180.76.15.141 - - [15/Mar/2016:11:32:40 -0700] "GET / HTTP/1.1" 200 6995 "-" "Mozilla/5.0 (compatible; Baiduspider/2.0; +http://www.baidu.com/search/spider.html)"
47.208.177.57 - - [15/Mar/2016:11:32:53 -0700] "GET /images/wsis-logo-sm.png HTTP/1.1" 200 6108 "http://www.thebackcountry.net/" "Mozilla/5.0 (Macintosh; Intel Mac OS X 10_9_5) AppleWebKit/601.4.4 (KHTML, like Gecko) Version/9.0.3 Safari/537.86.4"
206.29.176.52 - - [15/Mar/2016:11:38:45 -0700] "GET / HTTP/1.1" 200 2615 "-" "Mozilla/5.0 (Macintosh; Intel Mac OS X 10_10_5) AppleWebKit/537.36 (KHTML, like Gecko) Chrome/48.0.2564.116 Safari/537.36"
206.29.176.52 - - [15/Mar/2016:11:38:46 -0700] "GET /styles/ee08faa9.main.css HTTP/1.1" 200 19446 "http://whereshouldiski.com/" "Mozilla/5.0 (Macintosh; Intel Mac OS X 10_10_5) AppleWebKit/537.36 (KHTML, like Gecko) Chrome/48.0.2564.116 Safari/537.36"
206.29.176.52 - - [15/Mar/2016:11:38:46 -0700] "GET /scripts/scripts/vendor/modernizr.js HTTP/1.1" 200 4903 "http://whereshouldiski.com/" "Mozilla/5.0 (Macintosh; Intel Mac OS X 10_10_5) AppleWebKit/537.36 (KHTML, like Gecko) Chrome/48.0.2564.116 Safari/537.36"
206.29.176.52 - - [15/Mar/2016:11:38:46 -0700] "GET /images/logo-square-white-sm.png HTTP/1.1" 200 1683 "http://whereshouldiski.com/" "Mozilla/5.0 (Macintosh; Intel Mac OS X 10_10_5) AppleWebKit/537.36 (KHTML, like Gecko) Chrome/48.0.2564.116 Safari/537.36"
206.29.176.52 - - [15/Mar/2016:11:38:46 -0700] "GET /bower_components/requirejs/require.js HTTP/1.1" 200 6701 "http://whereshouldiski.com/" "Mozilla/5.0 (Macintosh; Intel Mac OS X 10_10_5) AppleWebKit/537.36 (KHTML, like Gecko) Chrome/48.0.2564.116 Safari/537.36"
206.29.176.52 - - [15/Mar/2016:11:38:46 -0700] "GET /images/loading.gif HTTP/1.1" 200 13881 "http://whereshouldiski.com/" "Mozilla/5.0 (Macintosh; Intel Mac OS X 10_10_5) AppleWebKit/537.36 (KHTML, like Gecko) Chrome/48.0.2564.116 Safari/537.36"
206.29.176.52 - - [15/Mar/2016:11:38:46 -0700] "GET /scripts/fa48e319.main.js HTTP/1.1" 200 123455 "http://whereshouldiski.com/" "Mozilla/5.0 (Macintosh; Intel Mac OS X 10_10_5) AppleWebKit/537.36 (KHTML, like Gecko) Chrome/48.0.2564.116 Safari/537.36"
206.29.176.52 - - [15/Mar/2016:11:38:47 -0700] "GET /lib/reccapi.php?fields=t HTTP/1.1" 200 1881 "http://whereshouldiski.com/" "Mozilla/5.0 (Macintosh; Intel Mac OS X 10_10_5) AppleWebKit/537.36 (KHTML, like Gecko) Chrome/48.0.2564.116 Safari/537.36"
206.29.176.52 - - [15/Mar/2016:11:38:47 -0700] "GET /images/button.png HTTP/1.1" 200 598 "http://whereshouldiski.com/styles/ee08faa9.main.css" "Mozilla/5.0 (Macintosh; Intel Mac OS X 10_10_5) AppleWebKit/537.36 (KHTML, like Gecko) Chrome/48.0.2564.116 Safari/537.36"
206.29.176.52 - - [15/Mar/2016:11:38:47 -0700] "GET /images/greyHeader.png HTTP/1.1" 200 508 "http://whereshouldiski.com/styles/ee08faa9.main.css" "Mozilla/5.0 (Macintosh; Intel Mac OS X 10_10_5) AppleWebKit/537.36 (KHTML, like Gecko) Chrome/48.0.2564.116 Safari/537.36"
206.29.176.52 - - [15/Mar/2016:11:38:47 -0700] "GET /images/snowflake5.png HTTP/1.1" 200 2857 "http://whereshouldiski.com/styles/ee08faa9.main.css" "Mozilla/5.0 (Macintosh; Intel Mac OS X 10_10_5) AppleWebKit/537.36 (KHTML, like Gecko) Chrome/48.0.2564.116 Safari/537.36"
206.29.176.52 - - [15/Mar/2016:11:38:47 -0700] "GET /images/star5.png HTTP/1.1" 200 1783 "http://whereshouldiski.com/styles/ee08faa9.main.css" "Mozilla/5.0 (Macintosh; Intel Mac OS X 10_10_5) AppleWebKit/537.36 (KHTML, like Gecko) Chrome/48.0.2564.116 Safari/537.36"
206.29.176.52 - - [15/Mar/2016:11:38:47 -0700] "GET /images/bluebird5.png HTTP/1.1" 200 2178 "http://whereshouldiski.com/styles/ee08faa9.main.css" "Mozilla/5.0 (Macintosh; Intel Mac OS X 10_10_5) AppleWebKit/537.36 (KHTML, like Gecko) Chrome/48.0.2564.116 Safari/537.36"
206.29.176.52 - - [15/Mar/2016:11:38:47 -0700] "GET /images/mtns-icon.png HTTP/1.1" 200 1096 "http://whereshouldiski.com/styles/ee08faa9.main.css" "Mozilla/5.0 (Macintosh; Intel Mac OS X 10_10_5) AppleWebKit/537.36 (KHTML, like Gecko) Chrome/48.0.2564.116 Safari/537.36"
206.29.176.52 - - [15/Mar/2016:11:38:47 -0700] "GET /images/shading-icon.png HTTP/1.1" 200 536 "http://whereshouldiski.com/styles/ee08faa9.main.css" "Mozilla/5.0 (Macintosh; Intel Mac OS X 10_10_5) AppleWebKit/537.36 (KHTML, like Gecko) Chrome/48.0.2564.116 Safari/537.36"
206.29.176.52 - - [15/Mar/2016:11:38:48 -0700] "GET /styles/ee08faa9.main.css HTTP/1.1" 200 19446 "http://whereshouldiski.com/" "Mozilla/5.0 (Macintosh; Intel Mac OS X 10_10_5) AppleWebKit/537.36 (KHTML, like Gecko) Chrome/48.0.2564.116 Safari/537.36"
206.29.176.52 - - [15/Mar/2016:11:38:50 -0700] "GET /lib/reccapi.php?fields=t&coords=47.7968565,-122.19466009999998 HTTP/1.1" 200 2067 "http://whereshouldiski.com/" "Mozilla/5.0 (Macintosh; Intel Mac OS X 10_10_5) AppleWebKit/537.36 (KHTML, like Gecko) Chrome/48.0.2564.116 Safari/537.36"
66.249.75.8 - - [15/Mar/2016:11:43:20 -0700] "GET /resorts?resort=madriverglen HTTP/1.1" 404 506 "-" "Mozilla/5.0 (compatible; Googlebot/2.1; +http://www.google.com/bot.html)"
52.33.40.213 - - [15/Mar/2016:11:45:24 -0700] "GET /lib/reccapi.php?resort=parkcity HTTP/1.1" 200 1060 "-" "node-superagent/1.4.0"
70.214.41.247 - - [15/Mar/2016:11:48:26 -0700] "GET /images/wsis-logo-sm.png HTTP/1.1" 200 6108 "http://www.thebackcountry.net/" "Mozilla/5.0 (Linux; Android 4.4.4; SM-G360V Build/KTU84P) AppleWebKit/537.36 (KHTML, like Gecko) Chrome/48.0.2564.95 Mobile Safari/537.36"
70.214.41.247 - - [15/Mar/2016:11:48:48 -0700] "-" 408 0 "-" "-"
184.105.193.1 - - [15/Mar/2016:11:50:03 -0700] "GET /images/wsis-logo-sm.png HTTP/1.1" 200 6108 "http://www.thebackcountry.net/" "Mozilla/5.0 (Windows NT 6.3; WOW64) AppleWebKit/537.36 (KHTML, like Gecko) Chrome/49.0.2623.87 Safari/537.36"
69.30.215.122 - - [15/Mar/2016:12:00:57 -0700] "GET /robots.txt HTTP/1.0" 200 338 "-" "Mozilla/5.0 (compatible; MJ12bot/v1.4.5; http://www.majestic12.co.uk/bot.php?+)"
69.30.215.122 - - [15/Mar/2016:12:01:05 -0700] "GET / HTTP/1.0" 200 6995 "-" "Mozilla/5.0 (compatible; MJ12bot/v1.4.5; http://www.majestic12.co.uk/bot.php?+)"
178.137.94.117 - - [15/Mar/2016:12:08:39 -0700] "GET / HTTP/1.1" 200 6995 "http://perm.afora.ru/" "Mozilla/2.0 (compatible; MSIE 3.02; Windows CE; 240x320)"
178.137.94.117 - - [15/Mar/2016:12:08:41 -0700] "GET / HTTP/1.1" 200 6995 "http://perm.afora.ru/" "Mozilla/2.0 (compatible; MSIE 3.02; Windows CE; 240x320)"
99.126.150.59 - - [15/Mar/2016:12:13:51 -0700] "GET /images/wsis-logo-sm.png HTTP/1.1" 200 6108 "http://www.thebackcountry.net/" "Mozilla/5.0 (Macintosh; Intel Mac OS X 10_9_5) AppleWebKit/537.36 (KHTML, like Gecko) Chrome/48.0.2564.109 Safari/537.36"
170.75.162.130 - - [15/Mar/2016:12:15:11 -0700] "GET /lib/reccapi.php?resort=sugarbowl HTTP/1.1" 200 971 "-" "node-superagent/1.4.0"
66.249.75.114 - - [15/Mar/2016:12:15:16 -0700] "GET /resorts?resort=redmountain HTTP/1.1" 404 506 "-" "Mozilla/5.0 (compatible; Googlebot/2.1; +http://www.google.com/bot.html)"
157.55.39.189 - - [15/Mar/2016:12:16:58 -0700] "GET /resorts?resort=coppermountain HTTP/1.1" 404 506 "-" "Mozilla/5.0 (compatible; bingbot/2.0; +http://www.bing.com/bingbot.htm)"
157.55.39.30 - - [15/Mar/2016:12:17:03 -0700] "GET /resorts?resort=whistlerblackcomb HTTP/1.1" 404 506 "-" "Mozilla/5.0 (compatible; bingbot/2.0; +http://www.bing.com/bingbot.htm)"
75.32.230.36 - - [15/Mar/2016:12:17:47 -0700] "GET /images/wsis-logo-sm.png HTTP/1.1" 200 6108 "http://www.thebackcountry.net/" "Mozilla/5.0 (Macintosh; Intel Mac OS X 10_10_5) AppleWebKit/537.36 (KHTML, like Gecko) Chrome/48.0.2564.116 Safari/537.36"
157.55.39.228 - - [15/Mar/2016:12:18:34 -0700] "GET /resorts?resort=diamondpeak HTTP/1.1" 404 506 "-" "Mozilla/5.0 (compatible; bingbot/2.0; +http://www.bing.com/bingbot.htm)"
157.55.39.228 - - [15/Mar/2016:12:18:34 -0700] "GET / HTTP/1.1" 200 2614 "-" "Mozilla/5.0 (compatible; bingbot/2.0; +http://www.bing.com/bingbot.htm)"
52.33.40.213 - - [15/Mar/2016:12:25:16 -0700] "GET /lib/reccapi.php?resort=whistlerblackcomb HTTP/1.1" 200 932 "-" "node-superagent/1.4.0"
52.33.40.213 - - [15/Mar/2016:12:25:16 -0700] "GET /lib/reccapi.php?resort=sugarbush HTTP/1.1" 200 1007 "-" "node-superagent/1.4.0"
52.33.40.213 - - [15/Mar/2016:12:25:16 -0700] "GET /lib/reccapi.php?resort=winterpark HTTP/1.1" 200 1089 "-" "node-superagent/1.4.0"
52.33.40.213 - - [15/Mar/2016:12:25:16 -0700] "GET /lib/reccapi.php?resort=stowe HTTP/1.1" 200 957 "-" "node-superagent/1.4.0"
52.33.40.213 - - [15/Mar/2016:12:25:16 -0700] "GET /lib/reccapi.php?resort=madriverglen HTTP/1.1" 200 972 "-" "node-superagent/1.4.0"
52.33.40.213 - - [15/Mar/2016:12:25:16 -0700] "GET /lib/reccapi.php?resort=sugarloaf HTTP/1.1" 200 1074 "-" "node-superagent/1.4.0"
52.33.40.213 - - [15/Mar/2016:12:25:16 -0700] "GET /lib/reccapi.php?resort=cannonmountain HTTP/1.1" 200 1034 "-" "node-superagent/1.4.0"
180.76.15.140 - - [15/Mar/2016:12:31:56 -0700] "GET / HTTP/1.1" 200 6995 "-" "Mozilla/5.0 (compatible; Baiduspider/2.0; +http://www.baidu.com/search/spider.html)"
50.143.139.173 - - [15/Mar/2016:12:32:04 -0700] "GET /images/wsis-logo-sm.png HTTP/1.1" 200 6108 "http://www.thebackcountry.net/" "Mozilla/5.0 (iPad; CPU OS 8_4 like Mac OS X) AppleWebKit/600.1.4 (KHTML, like Gecko) Version/8.0 Mobile/12H143 Safari/600.1.4"
180.76.15.33 - - [15/Mar/2016:12:32:51 -0700] "GET / HTTP/1.1" 200 6995 "-" "Mozilla/5.0 (compatible; Baiduspider/2.0; +http://www.baidu.com/search/spider.html)"
52.33.40.213 - - [15/Mar/2016:12:37:36 -0700] "GET /lib/reccapi.php?resort=hoodoo HTTP/1.1" 200 1034 "-" "node-superagent/1.4.0"
199.16.156.126 - - [15/Mar/2016:12:38:36 -0700] "GET /robots.txt HTTP/1.1" 200 363 "-" "Twitterbot/1.0"
199.16.156.126 - - [15/Mar/2016:12:38:36 -0700] "GET / HTTP/1.1" 200 2559 "-" "Twitterbot/1.0"
170.75.162.130 - - [15/Mar/2016:12:42:33 -0700] "GET /lib/reccapi.php?resort=homewoodmountain HTTP/1.1" 200 1005 "-" "node-superagent/1.4.0"
66.249.75.121 - - [15/Mar/2016:12:43:11 -0700] "GET /resorts?resort=homewoodmountain HTTP/1.1" 404 506 "-" "Mozilla/5.0 (compatible; Googlebot/2.1; +http://www.google.com/bot.html)"
170.75.162.130 - - [15/Mar/2016:12:45:33 -0700] "GET /lib/reccapi.php?resort=bigwhite HTTP/1.1" 200 925 "-" "node-superagent/1.4.0"
71.92.177.122 - - [15/Mar/2016:12:48:16 -0700] "GET /images/wsis-logo-sm.png HTTP/1.1" 200 6108 "http://www.thebackcountry.net/" "Mozilla/5.0 (Windows NT 6.1; WOW64; Trident/7.0; rv:11.0) like Gecko"
169.199.30.254 - - [15/Mar/2016:12:48:19 -0700] "GET /images/wsis-logo-sm.png HTTP/1.1" 200 6108 "http://www.thebackcountry.net/" "Mozilla/5.0 (Windows NT 6.1; WOW64) AppleWebKit/537.36 (KHTML, like Gecko) Chrome/49.0.2623.87 Safari/537.36"
71.92.177.122 - - [15/Mar/2016:12:48:37 -0700] "-" 408 0 "-" "-"
66.249.75.114 - - [15/Mar/2016:12:48:37 -0700] "GET /resorts?resort=bigwhite HTTP/1.1" 404 506 "-" "Mozilla/5.0 (compatible; Googlebot/2.1; +http://www.google.com/bot.html)"
170.75.162.130 - - [15/Mar/2016:12:48:45 -0700] "GET /lib/reccapi.php?resort=whistlerblackcomb HTTP/1.1" 200 932 "-" "node-superagent/1.4.0"
52.33.40.213 - - [15/Mar/2016:12:50:37 -0700] "GET /lib/reccapi.php?resort=monarch HTTP/1.1" 200 1054 "-" "node-superagent/1.4.0"
52.33.40.213 - - [15/Mar/2016:12:50:57 -0700] "GET /lib/reccapi.php?resort=49degreesnorth HTTP/1.1" 200 1062 "-" "node-superagent/1.4.0"
189.250.91.215 - - [15/Mar/2016:12:51:46 -0700] "GET /images/wsis-logo-sm.png HTTP/1.1" 200 6108 "http://www.thebackcountry.net/" "Mozilla/5.0 (Windows NT 6.2; WOW64) AppleWebKit/537.36 (KHTML, like Gecko) Chrome/48.0.2564.116 Safari/537.36"
52.33.40.213 - - [15/Mar/2016:12:54:37 -0700] "GET /lib/reccapi.php?resort=bigwhite HTTP/1.1" 200 925 "-" "node-superagent/1.4.0"
170.75.162.130 - - [15/Mar/2016:12:54:44 -0700] "GET /lib/reccapi.php?resort=grandtarghee HTTP/1.1" 200 1104 "-" "node-superagent/1.4.0"
170.75.162.130 - - [15/Mar/2016:12:54:44 -0700] "GET /lib/reccapi.php?resort=jacksonhole HTTP/1.1" 200 1081 "-" "node-superagent/1.4.0"
52.33.40.213 - - [15/Mar/2016:12:55:47 -0700] "GET /lib/reccapi.php?resort=diamondpeak HTTP/1.1" 200 951 "-" "node-superagent/1.4.0"
52.33.40.213 - - [15/Mar/2016:12:55:47 -0700] "GET /lib/reccapi.php?resort=crestedbutte HTTP/1.1" 200 1138 "-" "node-superagent/1.4.0"
52.33.40.213 - - [15/Mar/2016:12:55:57 -0700] "GET /lib/reccapi.php?resort=devilshead HTTP/1.1" 200 1036 "-" "node-superagent/1.4.0"
52.33.40.213 - - [15/Mar/2016:12:57:17 -0700] "GET /lib/reccapi.php?resort=sunpeaksresort HTTP/1.1" 200 928 "-" "node-superagent/1.4.0"
52.33.40.213 - - [15/Mar/2016:12:57:27 -0700] "GET /lib/reccapi.php?resort=mountainhigh HTTP/1.1" 200 993 "-" "node-superagent/1.4.0"
52.33.40.213 - - [15/Mar/2016:12:57:27 -0700] "GET /lib/reccapi.php?resort=redmountain HTTP/1.1" 200 912 "-" "node-superagent/1.4.0"
52.33.40.213 - - [15/Mar/2016:12:57:27 -0700] "GET /lib/reccapi.php?resort=loveland HTTP/1.1" 200 1076 "-" "node-superagent/1.4.0"
52.33.40.213 - - [15/Mar/2016:12:58:17 -0700] "GET /lib/reccapi.php?resort=wildcatmountain HTTP/1.1" 200 1086 "-" "node-superagent/1.4.0"
52.33.40.213 - - [15/Mar/2016:12:58:47 -0700] "GET /lib/reccapi.php?resort=snowbasin HTTP/1.1" 200 1055 "-" "node-superagent/1.4.0"
52.33.40.213 - - [15/Mar/2016:12:58:47 -0700] "GET /lib/reccapi.php?resort=silverstarmountain HTTP/1.1" 200 939 "-" "node-superagent/1.4.0"
138.201.46.148 - - [15/Mar/2016:13:02:46 -0700] "GET /index.php?option=com_users&view=login HTTP/1.0" 404 532 "-" "Mozilla/5.0 (Windows NT 6.1) AppleWebKit/537.36 (KHTML, like Gecko) Chrome/41.0.2228.0 Safari/537.36"
138.201.46.148 - - [15/Mar/2016:13:02:46 -0700] "GET /index.php?option=com_users&view=login HTTP/1.0" 404 532 "-" "Mozilla/5.0 (Windows NT 6.1) AppleWebKit/537.36 (KHTML, like Gecko) Chrome/41.0.2228.0 Safari/537.36"
138.201.46.148 - - [15/Mar/2016:13:02:46 -0700] "GET /index.php?option=com_user&view=login HTTP/1.0" 404 532 "-" "Mozilla/5.0 (Windows NT 6.1) AppleWebKit/537.36 (KHTML, like Gecko) Chrome/41.0.2228.0 Safari/537.36"
138.201.46.148 - - [15/Mar/2016:13:02:46 -0700] "GET /index.php?option=com_user&view=login HTTP/1.0" 404 532 "-" "Mozilla/5.0 (Windows NT 6.1) AppleWebKit/537.36 (KHTML, like Gecko) Chrome/41.0.2228.0 Safari/537.36"
157.55.39.228 - - [15/Mar/2016:13:03:26 -0700] "GET / HTTP/1.1" 200 2615 "-" "Mozilla/5.0 (compatible; bingbot/2.0; +http://www.bing.com/bingbot.htm)"
170.75.162.130 - - [15/Mar/2016:13:21:47 -0700] "GET /lib/reccapi.php?resort=killington HTTP/1.1" 200 1010 "-" "node-superagent/1.4.0"
159.203.122.192 - - [15/Mar/2016:13:22:13 -0700] "GET / HTTP/1.0" 200 6995 "-" "Mozilla/5.0 (compatible; NetcraftSurveyAgent/1.0; +info@netcraft.com)"
52.33.40.213 - - [15/Mar/2016:13:26:38 -0700] "GET /lib/reccapi.php?resort=northstar-at-tahoe HTTP/1.1" 200 977 "-" "node-superagent/1.4.0"
180.76.15.30 - - [15/Mar/2016:13:31:49 -0700] "GET / HTTP/1.1" 200 6995 "-" "Mozilla/5.0 (compatible; Baiduspider/2.0; +http://www.baidu.com/search/spider.html)"
180.76.15.142 - - [15/Mar/2016:13:32:45 -0700] "GET / HTTP/1.1" 200 6995 "-" "Mozilla/5.0 (compatible; Baiduspider/2.0; +http://www.baidu.com/search/spider.html)"
64.192.133.129 - - [15/Mar/2016:13:40:01 -0700] "GET /images/wsis-logo-sm.png HTTP/1.1" 200 6108 "http://www.thebackcountry.net/" "Mozilla/5.0 (iPhone; CPU iPhone OS 7_1_1 like Mac OS X) AppleWebKit/537.51.2 (KHTML, like Gecko) Version/7.0 Mobile/11D201 Safari/9537.53"
170.75.162.130 - - [15/Mar/2016:13:42:30 -0700] "GET /lib/reccapi.php?resort=snowbird HTTP/1.1" 200 1048 "-" "node-superagent/1.4.0"
170.75.162.130 - - [15/Mar/2016:13:44:20 -0700] "GET /lib/reccapi.php?resort=alpinemeadows HTTP/1.1" 200 983 "-" "node-superagent/1.4.0"
220.181.108.85 - - [15/Mar/2016:13:48:03 -0700] "GET / HTTP/1.1" 200 2578 "-" "Mozilla/5.0 (Windows NT 5.1; rv:6.0.2) Gecko/20100101 Firefox/6.0.2"
220.181.108.78 - - [15/Mar/2016:13:48:04 -0700] "GET / HTTP/1.1" 200 6995 "-" "Mozilla/5.0 (Windows NT 5.1; rv:6.0.2) Gecko/20100101 Firefox/6.0.2"
170.75.162.130 - - [15/Mar/2016:13:49:51 -0700] "GET /lib/reccapi.php?resort=sugarloaf HTTP/1.1" 200 1074 "-" "node-superagent/1.4.0"
167.154.3.2 - - [15/Mar/2016:13:57:14 -0700] "GET /images/wsis-logo-sm.png HTTP/1.1" 200 6108 "http://www.thebackcountry.net/" "Mozilla/5.0 (Windows NT 6.1; WOW64; Trident/7.0; rv:11.0) like Gecko"
170.75.162.130 - - [15/Mar/2016:14:02:42 -0700] "GET /lib/reccapi.php?resort=smugglersnotch HTTP/1.1" 200 962 "-" "node-superagent/1.4.0"
73.15.30.83 - - [15/Mar/2016:14:04:01 -0700] "GET /images/wsis-logo-sm.png HTTP/1.1" 200 6108 "http://www.thebackcountry.net/" "Mozilla/5.0 (Windows NT 10.0; Win64; x64) AppleWebKit/537.36 (KHTML, like Gecko) Chrome/46.0.2486.0 Safari/537.36 Edge/13.10586"
73.15.30.83 - - [15/Mar/2016:14:04:22 -0700] "-" 408 0 "-" "-"
52.33.40.213 - - [15/Mar/2016:14:05:20 -0700] "GET /lib/reccapi.php?resort=alta HTTP/1.1" 200 1089 "-" "node-superagent/1.4.0"
170.75.162.130 - - [15/Mar/2016:14:08:53 -0700] "GET /lib/reccapi.php?resort=stowe HTTP/1.1" 200 957 "-" "node-superagent/1.4.0"
170.75.162.130 - - [15/Mar/2016:14:13:24 -0700] "GET /lib/reccapi.php?resort=sierra-at-tahoe HTTP/1.1" 200 995 "-" "node-superagent/1.4.0"
107.193.167.143 - - [15/Mar/2016:14:16:10 -0700] "GET /images/wsis-logo-sm.png HTTP/1.1" 200 6108 "http://www.thebackcountry.net/" "Mozilla/5.0 (Windows NT 10.0; WOW64) AppleWebKit/537.36 (KHTML, like Gecko) Chrome/49.0.2623.87 Safari/537.36"
170.75.162.130 - - [15/Mar/2016:14:20:55 -0700] "GET /lib/reccapi.php?resort=heavenly HTTP/1.1" 200 1002 "-" "node-superagent/1.4.0"
170.75.162.130 - - [15/Mar/2016:14:20:55 -0700] "GET /lib/reccapi.php?resort=mtrose HTTP/1.1" 200 969 "-" "node-superagent/1.4.0"
52.33.40.213 - - [15/Mar/2016:14:21:21 -0700] "GET /lib/reccapi.php?resort=smugglersnotch HTTP/1.1" 200 962 "-" "node-superagent/1.4.0"
180.76.15.11 - - [15/Mar/2016:14:31:51 -0700] "GET / HTTP/1.1" 200 6995 "-" "Mozilla/5.0 (compatible; Baiduspider/2.0; +http://www.baidu.com/search/spider.html)"
180.76.15.19 - - [15/Mar/2016:14:32:46 -0700] "GET / HTTP/1.1" 200 6995 "-" "Mozilla/5.0 (compatible; Baiduspider/2.0; +http://www.baidu.com/search/spider.html)"
170.75.162.130 - - [15/Mar/2016:14:35:57 -0700] "GET /lib/reccapi.php?resort=mountspokane HTTP/1.1" 200 1064 "-" "node-superagent/1.4.0"
52.33.40.213 - - [15/Mar/2016:14:39:02 -0700] "GET /lib/reccapi.php?resort=alpinemeadows HTTP/1.1" 200 983 "-" "node-superagent/1.4.0"
52.33.40.213 - - [15/Mar/2016:14:39:02 -0700] "GET /lib/reccapi.php?resort=mounthoodmeadows HTTP/1.1" 200 1077 "-" "node-superagent/1.4.0"
130.154.0.250 - - [15/Mar/2016:14:55:16 -0700] "GET /images/wsis-logo-sm.png HTTP/1.1" 200 6108 "http://www.thebackcountry.net/" "Mozilla/5.0 (Macintosh; Intel Mac OS X 10_8_5) AppleWebKit/537.36 (KHTML, like Gecko) Chrome/48.0.2564.116 Safari/537.36"
149.136.25.253 - - [15/Mar/2016:15:01:31 -0700] "GET /images/wsis-logo-sm.png HTTP/1.1" 200 6052 "http://www.thebackcountry.net/" "Mozilla/5.0 (Windows NT 6.1; WOW64) AppleWebKit/537.36 (KHTML, like Gecko) Chrome/48.0.2564.116 Safari/537.36"
75.151.83.13 - - [15/Mar/2016:15:01:53 -0700] "GET /images/wsis-logo-sm.png HTTP/1.1" 200 6108 "http://www.thebackcountry.net/" "Mozilla/5.0 (Windows NT 6.1; WOW64) AppleWebKit/537.36 (KHTML, like Gecko) Chrome/48.0.2564.116 Safari/537.36"
170.75.162.130 - - [15/Mar/2016:15:04:20 -0700] "GET /lib/reccapi.php?resort=schweitzer HTTP/1.1" 200 1064 "-" "node-superagent/1.4.0"
77.234.43.134 - - [15/Mar/2016:15:06:27 -0700] "GET /images/wsis-logo-sm.png HTTP/1.1" 200 6108 "http://www.thebackcountry.net/" "Mozilla/5.0 (iPad; CPU OS 9_2_1 like Mac OS X) AppleWebKit/601.1.46 (KHTML, like Gecko) Version/9.0 Mobile/13D15 Safari/601.1"
66.249.75.114 - - [15/Mar/2016:15:08:42 -0700] "GET /resorts?resort=schweitzer HTTP/1.1" 404 506 "-" "Mozilla/5.0 (compatible; Googlebot/2.1; +http://www.google.com/bot.html)"
115.127.35.114 - - [15/Mar/2016:15:09:50 -0700] "HEAD http://54.245.232.47:80/1phpmyadmin/ HTTP/1.1" 404 219 "-" "Mozilla/5.0 Jorgee"
115.127.35.114 - - [15/Mar/2016:15:09:50 -0700] "HEAD http://54.245.232.47:80/2phpmyadmin/ HTTP/1.1" 404 218 "-" "Mozilla/5.0 Jorgee"
115.127.35.114 - - [15/Mar/2016:15:09:51 -0700] "HEAD http://54.245.232.47:80/3phpmyadmin/ HTTP/1.1" 404 218 "-" "Mozilla/5.0 Jorgee"
115.127.35.114 - - [15/Mar/2016:15:09:51 -0700] "HEAD http://54.245.232.47:80/4phpmyadmin/ HTTP/1.1" 404 218 "-" "Mozilla/5.0 Jorgee"
115.127.35.114 - - [15/Mar/2016:15:09:51 -0700] "HEAD http://54.245.232.47:80/MyAdmin/ HTTP/1.1" 404 218 "-" "Mozilla/5.0 Jorgee"
115.127.35.114 - - [15/Mar/2016:15:09:52 -0700] "HEAD http://54.245.232.47:80/PMA/ HTTP/1.1" 404 218 "-" "Mozilla/5.0 Jorgee"
115.127.35.114 - - [15/Mar/2016:15:09:52 -0700] "HEAD http://54.245.232.47:80/PMA2011/ HTTP/1.1" 404 218 "-" "Mozilla/5.0 Jorgee"
115.127.35.114 - - [15/Mar/2016:15:09:52 -0700] "HEAD http://54.245.232.47:80/PMA2012/ HTTP/1.1" 404 218 "-" "Mozilla/5.0 Jorgee"
115.127.35.114 - - [15/Mar/2016:15:09:53 -0700] "HEAD http://54.245.232.47:80/PMA2013/ HTTP/1.1" 404 218 "-" "Mozilla/5.0 Jorgee"
115.127.35.114 - - [15/Mar/2016:15:09:53 -0700] "HEAD http://54.245.232.47:80/PMA2014/ HTTP/1.1" 404 218 "-" "Mozilla/5.0 Jorgee"
115.127.35.114 - - [15/Mar/2016:15:09:53 -0700] "HEAD http://54.245.232.47:80/PMA2015/ HTTP/1.1" 404 218 "-" "Mozilla/5.0 Jorgee"
115.127.35.114 - - [15/Mar/2016:15:09:54 -0700] "HEAD http://54.245.232.47:80/admin/ HTTP/1.1" 404 218 "-" "Mozilla/5.0 Jorgee"
115.127.35.114 - - [15/Mar/2016:15:09:54 -0700] "HEAD http://54.245.232.47:80/admin/db/ HTTP/1.1" 404 218 "-" "Mozilla/5.0 Jorgee"
115.127.35.114 - - [15/Mar/2016:15:09:54 -0700] "HEAD http://54.245.232.47:80/admin/pMA/ HTTP/1.1" 404 218 "-" "Mozilla/5.0 Jorgee"
115.127.35.114 - - [15/Mar/2016:15:09:55 -0700] "HEAD http://54.245.232.47:80/admin/phpMyAdmin/ HTTP/1.1" 404 218 "-" "Mozilla/5.0 Jorgee"
115.127.35.114 - - [15/Mar/2016:15:09:55 -0700] "HEAD http://54.245.232.47:80/admin/phpmyadmin/ HTTP/1.1" 404 218 "-" "Mozilla/5.0 Jorgee"
115.127.35.114 - - [15/Mar/2016:15:09:55 -0700] "HEAD http://54.245.232.47:80/admin/sqladmin/ HTTP/1.1" 404 218 "-" "Mozilla/5.0 Jorgee"
115.127.35.114 - - [15/Mar/2016:15:09:56 -0700] "HEAD http://54.245.232.47:80/admin/sysadmin/ HTTP/1.1" 404 218 "-" "Mozilla/5.0 Jorgee"
115.127.35.114 - - [15/Mar/2016:15:09:56 -0700] "HEAD http://54.245.232.47:80/admin/web/ HTTP/1.1" 404 218 "-" "Mozilla/5.0 Jorgee"
115.127.35.114 - - [15/Mar/2016:15:09:56 -0700] "HEAD http://54.245.232.47:80/administrator/PMA/ HTTP/1.1" 404 218 "-" "Mozilla/5.0 Jorgee"
115.127.35.114 - - [15/Mar/2016:15:09:57 -0700] "HEAD http://54.245.232.47:80/administrator/admin/ HTTP/1.1" 404 218 "-" "Mozilla/5.0 Jorgee"
115.127.35.114 - - [15/Mar/2016:15:09:57 -0700] "HEAD http://54.245.232.47:80/administrator/db/ HTTP/1.1" 404 218 "-" "Mozilla/5.0 Jorgee"
115.127.35.114 - - [15/Mar/2016:15:09:57 -0700] "HEAD http://54.245.232.47:80/administrator/phpMyAdmin/ HTTP/1.1" 404 218 "-" "Mozilla/5.0 Jorgee"
115.127.35.114 - - [15/Mar/2016:15:09:58 -0700] "HEAD http://54.245.232.47:80/administrator/phpmyadmin/ HTTP/1.1" 404 218 "-" "Mozilla/5.0 Jorgee"
115.127.35.114 - - [15/Mar/2016:15:09:58 -0700] "HEAD http://54.245.232.47:80/administrator/pma/ HTTP/1.1" 404 218 "-" "Mozilla/5.0 Jorgee"
115.127.35.114 - - [15/Mar/2016:15:09:58 -0700] "HEAD http://54.245.232.47:80/administrator/web/ HTTP/1.1" 404 218 "-" "Mozilla/5.0 Jorgee"
115.127.35.114 - - [15/Mar/2016:15:09:59 -0700] "HEAD http://54.245.232.47:80/database/ HTTP/1.1" 404 218 "-" "Mozilla/5.0 Jorgee"
115.127.35.114 - - [15/Mar/2016:15:09:59 -0700] "HEAD http://54.245.232.47:80/db/ HTTP/1.1" 404 218 "-" "Mozilla/5.0 Jorgee"
115.127.35.114 - - [15/Mar/2016:15:09:59 -0700] "HEAD http://54.245.232.47:80/db/db-admin/ HTTP/1.1" 404 218 "-" "Mozilla/5.0 Jorgee"
115.127.35.114 - - [15/Mar/2016:15:10:00 -0700] "HEAD http://54.245.232.47:80/db/dbadmin/ HTTP/1.1" 404 218 "-" "Mozilla/5.0 Jorgee"
115.127.35.114 - - [15/Mar/2016:15:10:00 -0700] "HEAD http://54.245.232.47:80/db/dbweb/ HTTP/1.1" 404 218 "-" "Mozilla/5.0 Jorgee"
115.127.35.114 - - [15/Mar/2016:15:10:00 -0700] "HEAD http://54.245.232.47:80/db/myadmin/ HTTP/1.1" 404 218 "-" "Mozilla/5.0 Jorgee"
115.127.35.114 - - [15/Mar/2016:15:10:01 -0700] "HEAD http://54.245.232.47:80/db/phpMyAdmin-3/ HTTP/1.1" 404 218 "-" "Mozilla/5.0 Jorgee"
115.127.35.114 - - [15/Mar/2016:15:10:01 -0700] "HEAD http://54.245.232.47:80/db/phpMyAdmin/ HTTP/1.1" 404 218 "-" "Mozilla/5.0 Jorgee"
115.127.35.114 - - [15/Mar/2016:15:10:01 -0700] "HEAD http://54.245.232.47:80/db/phpMyAdmin3/ HTTP/1.1" 404 218 "-" "Mozilla/5.0 Jorgee"
115.127.35.114 - - [15/Mar/2016:15:10:02 -0700] "HEAD http://54.245.232.47:80/db/phpmyadmin/ HTTP/1.1" 404 218 "-" "Mozilla/5.0 Jorgee"
115.127.35.114 - - [15/Mar/2016:15:10:02 -0700] "HEAD http://54.245.232.47:80/db/phpmyadmin3/ HTTP/1.1" 404 218 "-" "Mozilla/5.0 Jorgee"
115.127.35.114 - - [15/Mar/2016:15:10:02 -0700] "HEAD http://54.245.232.47:80/db/webadmin/ HTTP/1.1" 404 218 "-" "Mozilla/5.0 Jorgee"
115.127.35.114 - - [15/Mar/2016:15:10:03 -0700] "HEAD http://54.245.232.47:80/db/webdb/ HTTP/1.1" 404 218 "-" "Mozilla/5.0 Jorgee"
115.127.35.114 - - [15/Mar/2016:15:10:03 -0700] "HEAD http://54.245.232.47:80/db/websql/ HTTP/1.1" 404 218 "-" "Mozilla/5.0 Jorgee"
115.127.35.114 - - [15/Mar/2016:15:10:03 -0700] "HEAD http://54.245.232.47:80/dbadmin/ HTTP/1.1" 404 218 "-" "Mozilla/5.0 Jorgee"
115.127.35.114 - - [15/Mar/2016:15:10:04 -0700] "HEAD http://54.245.232.47:80/myadmin/ HTTP/1.1" 404 218 "-" "Mozilla/5.0 Jorgee"
115.127.35.114 - - [15/Mar/2016:15:10:04 -0700] "HEAD http://54.245.232.47:80/myadminphp/ HTTP/1.1" 404 218 "-" "Mozilla/5.0 Jorgee"
115.127.35.114 - - [15/Mar/2016:15:10:04 -0700] "HEAD http://54.245.232.47:80/mysql-admin/ HTTP/1.1" 404 218 "-" "Mozilla/5.0 Jorgee"
115.127.35.114 - - [15/Mar/2016:15:10:05 -0700] "HEAD http://54.245.232.47:80/mysql/ HTTP/1.1" 404 218 "-" "Mozilla/5.0 Jorgee"
115.127.35.114 - - [15/Mar/2016:15:10:05 -0700] "HEAD http://54.245.232.47:80/mysql/admin/ HTTP/1.1" 404 218 "-" "Mozilla/5.0 Jorgee"
115.127.35.114 - - [15/Mar/2016:15:10:05 -0700] "HEAD http://54.245.232.47:80/mysql/db/ HTTP/1.1" 404 218 "-" "Mozilla/5.0 Jorgee"
115.127.35.114 - - [15/Mar/2016:15:10:05 -0700] "HEAD http://54.245.232.47:80/mysql/dbadmin/ HTTP/1.1" 404 218 "-" "Mozilla/5.0 Jorgee"
115.127.35.114 - - [15/Mar/2016:15:10:06 -0700] "HEAD http://54.245.232.47:80/mysql/mysqlmanager/ HTTP/1.1" 404 218 "-" "Mozilla/5.0 Jorgee"
115.127.35.114 - - [15/Mar/2016:15:10:06 -0700] "HEAD http://54.245.232.47:80/mysql/pMA/ HTTP/1.1" 404 218 "-" "Mozilla/5.0 Jorgee"
115.127.35.114 - - [15/Mar/2016:15:10:06 -0700] "HEAD http://54.245.232.47:80/mysql/pma/ HTTP/1.1" 404 218 "-" "Mozilla/5.0 Jorgee"
115.127.35.114 - - [15/Mar/2016:15:10:07 -0700] "HEAD http://54.245.232.47:80/mysql/sqlmanager/ HTTP/1.1" 404 218 "-" "Mozilla/5.0 Jorgee"
115.127.35.114 - - [15/Mar/2016:15:10:07 -0700] "HEAD http://54.245.232.47:80/mysql/web/ HTTP/1.1" 404 218 "-" "Mozilla/5.0 Jorgee"
115.127.35.114 - - [15/Mar/2016:15:10:07 -0700] "HEAD http://54.245.232.47:80/mysqladmin/ HTTP/1.1" 404 218 "-" "Mozilla/5.0 Jorgee"
115.127.35.114 - - [15/Mar/2016:15:10:08 -0700] "HEAD http://54.245.232.47:80/mysqlmanager/ HTTP/1.1" 404 218 "-" "Mozilla/5.0 Jorgee"
115.127.35.114 - - [15/Mar/2016:15:10:08 -0700] "HEAD http://54.245.232.47:80/php-my-admin/ HTTP/1.1" 404 218 "-" "Mozilla/5.0 Jorgee"
115.127.35.114 - - [15/Mar/2016:15:10:08 -0700] "HEAD http://54.245.232.47:80/php-myadmin/ HTTP/1.1" 404 218 "-" "Mozilla/5.0 Jorgee"
115.127.35.114 - - [15/Mar/2016:15:10:09 -0700] "HEAD http://54.245.232.47:80/phpMyAdmin-2/ HTTP/1.1" 404 218 "-" "Mozilla/5.0 Jorgee"
115.127.35.114 - - [15/Mar/2016:15:10:09 -0700] "HEAD http://54.245.232.47:80/phpMyAdmin-3/ HTTP/1.1" 404 218 "-" "Mozilla/5.0 Jorgee"
115.127.35.114 - - [15/Mar/2016:15:10:09 -0700] "HEAD http://54.245.232.47:80/phpMyAdmin-4/ HTTP/1.1" 404 218 "-" "Mozilla/5.0 Jorgee"
115.127.35.114 - - [15/Mar/2016:15:10:10 -0700] "HEAD http://54.245.232.47:80/phpMyAdmin/ HTTP/1.1" 404 218 "-" "Mozilla/5.0 Jorgee"
115.127.35.114 - - [15/Mar/2016:15:10:10 -0700] "HEAD http://54.245.232.47:80/phpMyAdmin2/ HTTP/1.1" 404 218 "-" "Mozilla/5.0 Jorgee"
115.127.35.114 - - [15/Mar/2016:15:10:10 -0700] "HEAD http://54.245.232.47:80/phpMyAdmin3/ HTTP/1.1" 404 218 "-" "Mozilla/5.0 Jorgee"
115.127.35.114 - - [15/Mar/2016:15:10:11 -0700] "HEAD http://54.245.232.47:80/phpMyAdmin4/ HTTP/1.1" 404 218 "-" "Mozilla/5.0 Jorgee"
115.127.35.114 - - [15/Mar/2016:15:10:11 -0700] "HEAD http://54.245.232.47:80/phpMyadmin/ HTTP/1.1" 404 218 "-" "Mozilla/5.0 Jorgee"
115.127.35.114 - - [15/Mar/2016:15:10:11 -0700] "HEAD http://54.245.232.47:80/phpmanager/ HTTP/1.1" 404 218 "-" "Mozilla/5.0 Jorgee"
115.127.35.114 - - [15/Mar/2016:15:10:12 -0700] "HEAD http://54.245.232.47:80/phpmy-admin/ HTTP/1.1" 404 218 "-" "Mozilla/5.0 Jorgee"
115.127.35.114 - - [15/Mar/2016:15:10:12 -0700] "HEAD http://54.245.232.47:80/phpmy/ HTTP/1.1" 404 218 "-" "Mozilla/5.0 Jorgee"
115.127.35.114 - - [15/Mar/2016:15:10:12 -0700] "HEAD http://54.245.232.47:80/phpmyAdmin/ HTTP/1.1" 404 218 "-" "Mozilla/5.0 Jorgee"
115.127.35.114 - - [15/Mar/2016:15:10:13 -0700] "HEAD http://54.245.232.47:80/phpmyadmin/ HTTP/1.1" 404 218 "-" "Mozilla/5.0 Jorgee"
115.127.35.114 - - [15/Mar/2016:15:10:13 -0700] "HEAD http://54.245.232.47:80/phpmyadmin1/ HTTP/1.1" 404 218 "-" "Mozilla/5.0 Jorgee"
115.127.35.114 - - [15/Mar/2016:15:10:13 -0700] "HEAD http://54.245.232.47:80/phpmyadmin2/ HTTP/1.1" 404 218 "-" "Mozilla/5.0 Jorgee"
115.127.35.114 - - [15/Mar/2016:15:10:14 -0700] "HEAD http://54.245.232.47:80/phpmyadmin3/ HTTP/1.1" 404 218 "-" "Mozilla/5.0 Jorgee"
115.127.35.114 - - [15/Mar/2016:15:10:14 -0700] "HEAD http://54.245.232.47:80/phpmyadmin4/ HTTP/1.1" 404 218 "-" "Mozilla/5.0 Jorgee"
115.127.35.114 - - [15/Mar/2016:15:10:14 -0700] "HEAD http://54.245.232.47:80/phppma/ HTTP/1.1" 404 218 "-" "Mozilla/5.0 Jorgee"
115.127.35.114 - - [15/Mar/2016:15:10:15 -0700] "HEAD http://54.245.232.47:80/pma/ HTTP/1.1" 404 218 "-" "Mozilla/5.0 Jorgee"
115.127.35.114 - - [15/Mar/2016:15:10:15 -0700] "HEAD http://54.245.232.47:80/pma2011/ HTTP/1.1" 404 218 "-" "Mozilla/5.0 Jorgee"
115.127.35.114 - - [15/Mar/2016:15:10:15 -0700] "HEAD http://54.245.232.47:80/pma2012/ HTTP/1.1" 404 218 "-" "Mozilla/5.0 Jorgee"
115.127.35.114 - - [15/Mar/2016:15:10:16 -0700] "HEAD http://54.245.232.47:80/pma2013/ HTTP/1.1" 404 218 "-" "Mozilla/5.0 Jorgee"
115.127.35.114 - - [15/Mar/2016:15:10:16 -0700] "HEAD http://54.245.232.47:80/pma2014/ HTTP/1.1" 404 218 "-" "Mozilla/5.0 Jorgee"
115.127.35.114 - - [15/Mar/2016:15:10:16 -0700] "HEAD http://54.245.232.47:80/pma2015/ HTTP/1.1" 404 218 "-" "Mozilla/5.0 Jorgee"
115.127.35.114 - - [15/Mar/2016:15:10:17 -0700] "HEAD http://54.245.232.47:80/program/ HTTP/1.1" 404 218 "-" "Mozilla/5.0 Jorgee"
115.127.35.114 - - [15/Mar/2016:15:10:17 -0700] "HEAD http://54.245.232.47:80/shopdb/ HTTP/1.1" 404 218 "-" "Mozilla/5.0 Jorgee"
115.127.35.114 - - [15/Mar/2016:15:10:17 -0700] "HEAD http://54.245.232.47:80/sql/myadmin/ HTTP/1.1" 404 218 "-" "Mozilla/5.0 Jorgee"
115.127.35.114 - - [15/Mar/2016:15:10:18 -0700] "HEAD http://54.245.232.47:80/sql/php-myadmin/ HTTP/1.1" 404 218 "-" "Mozilla/5.0 Jorgee"
115.127.35.114 - - [15/Mar/2016:15:10:18 -0700] "HEAD http://54.245.232.47:80/sql/phpMyAdmin/ HTTP/1.1" 404 218 "-" "Mozilla/5.0 Jorgee"
115.127.35.114 - - [15/Mar/2016:15:10:18 -0700] "HEAD http://54.245.232.47:80/sql/phpMyAdmin2/ HTTP/1.1" 404 218 "-" "Mozilla/5.0 Jorgee"
115.127.35.114 - - [15/Mar/2016:15:10:19 -0700] "HEAD http://54.245.232.47:80/sql/phpMyAdmin3/ HTTP/1.1" 404 218 "-" "Mozilla/5.0 Jorgee"
115.127.35.114 - - [15/Mar/2016:15:10:19 -0700] "HEAD http://54.245.232.47:80/sql/phpMyAdmin4/ HTTP/1.1" 404 218 "-" "Mozilla/5.0 Jorgee"
115.127.35.114 - - [15/Mar/2016:15:10:19 -0700] "HEAD http://54.245.232.47:80/sql/phpmanager/ HTTP/1.1" 404 218 "-" "Mozilla/5.0 Jorgee"
115.127.35.114 - - [15/Mar/2016:15:10:19 -0700] "HEAD http://54.245.232.47:80/sql/phpmy-admin/ HTTP/1.1" 404 218 "-" "Mozilla/5.0 Jorgee"
115.127.35.114 - - [15/Mar/2016:15:10:20 -0700] "HEAD http://54.245.232.47:80/sql/phpmyadmin2/ HTTP/1.1" 404 217 "-" "Mozilla/5.0 Jorgee"
115.127.35.114 - - [15/Mar/2016:15:10:20 -0700] "HEAD http://54.245.232.47:80/sql/phpmyadmin3/ HTTP/1.1" 404 217 "-" "Mozilla/5.0 Jorgee"
115.127.35.114 - - [15/Mar/2016:15:10:20 -0700] "HEAD http://54.245.232.47:80/sql/phpmyadmin4/ HTTP/1.1" 404 217 "-" "Mozilla/5.0 Jorgee"
115.127.35.114 - - [15/Mar/2016:15:10:21 -0700] "HEAD http://54.245.232.47:80/sql/sql-admin/ HTTP/1.1" 404 217 "-" "Mozilla/5.0 Jorgee"
115.127.35.114 - - [15/Mar/2016:15:10:21 -0700] "HEAD http://54.245.232.47:80/sql/sql/ HTTP/1.1" 404 217 "-" "Mozilla/5.0 Jorgee"
115.127.35.114 - - [15/Mar/2016:15:10:21 -0700] "HEAD http://54.245.232.47:80/sql/sqladmin/ HTTP/1.1" 404 217 "-" "Mozilla/5.0 Jorgee"
50.37.26.24 - - [15/Mar/2016:15:10:22 -0700] "GET /images/wsis-logo-sm.png HTTP/1.1" 200 6108 "http://www.thebackcountry.net/" "Mozilla/5.0 (Windows NT 10.0; WOW64; Trident/7.0; rv:11.0) like Gecko"
115.127.35.114 - - [15/Mar/2016:15:10:22 -0700] "HEAD http://54.245.232.47:80/sql/sqlweb/ HTTP/1.1" 404 217 "-" "Mozilla/5.0 Jorgee"
115.127.35.114 - - [15/Mar/2016:15:10:22 -0700] "HEAD http://54.245.232.47:80/sql/webadmin/ HTTP/1.1" 404 217 "-" "Mozilla/5.0 Jorgee"
115.127.35.114 - - [15/Mar/2016:15:10:22 -0700] "HEAD http://54.245.232.47:80/sql/webdb/ HTTP/1.1" 404 217 "-" "Mozilla/5.0 Jorgee"
115.127.35.114 - - [15/Mar/2016:15:10:23 -0700] "HEAD http://54.245.232.47:80/sql/websql/ HTTP/1.1" 404 182 "-" "Mozilla/5.0 Jorgee"
50.37.26.24 - - [15/Mar/2016:15:10:44 -0700] "-" 408 0 "-" "-"
170.75.162.130 - - [15/Mar/2016:15:13:42 -0700] "GET /lib/reccapi.php?resort=sugarbush HTTP/1.1" 200 1011 "-" "node-superagent/1.4.0"
170.75.162.130 - - [15/Mar/2016:15:16:42 -0700] "GET /lib/reccapi.php?resort=aspenmountain HTTP/1.1" 200 1032 "-" "node-superagent/1.4.0"
66.249.75.114 - - [15/Mar/2016:15:18:17 -0700] "GET /resorts?resort=aspenmountain HTTP/1.1" 404 506 "-" "Mozilla/5.0 (compatible; Googlebot/2.1; +http://www.google.com/bot.html)"
170.75.162.130 - - [15/Mar/2016:15:19:32 -0700] "GET /lib/reccapi.php?resort=redlodge HTTP/1.1" 200 1084 "-" "node-superagent/1.4.0"
107.199.68.45 - - [15/Mar/2016:15:20:03 -0700] "GET /images/wsis-logo-sm.png HTTP/1.1" 200 6108 "http://www.thebackcountry.net/" "Mozilla/5.0 (X11; CrOS x86_64 7647.73.0) AppleWebKit/537.36 (KHTML, like Gecko) Chrome/48.0.2564.92 Safari/537.36"
50.205.43.210 - - [15/Mar/2016:15:25:32 -0700] "GET /images/wsis-logo-sm.png HTTP/1.1" 200 6108 "http://www.thebackcountry.net/" "Mozilla/5.0 (Macintosh; Intel Mac OS X 10_10_5) AppleWebKit/537.36 (KHTML, like Gecko) Chrome/49.0.2623.87 Safari/537.36"
180.76.15.20 - - [15/Mar/2016:15:31:16 -0700] "GET / HTTP/1.1" 200 6995 "-" "Mozilla/5.0 (compatible; Baiduspider/2.0; +http://www.baidu.com/search/spider.html)"
180.76.15.163 - - [15/Mar/2016:15:32:10 -0700] "GET / HTTP/1.1" 200 6995 "-" "Mozilla/5.0 (compatible; Baiduspider/2.0; +http://www.baidu.com/search/spider.html)"
71.89.237.253 - - [15/Mar/2016:15:33:08 -0700] "GET /images/wsis-logo-sm.png HTTP/1.1" 200 6108 "http://www.thebackcountry.net/" "Mozilla/5.0 (Windows NT 6.3; WOW64) AppleWebKit/537.36 (KHTML, like Gecko) Chrome/48.0.2564.116 Safari/537.36"
75.45.0.159 - - [15/Mar/2016:15:38:54 -0700] "GET /images/wsis-logo-sm.png HTTP/1.1" 200 6108 "http://www.thebackcountry.net/" "Mozilla/5.0 (Macintosh; Intel Mac OS X 10_6_8) AppleWebKit/537.36 (KHTML, like Gecko) Chrome/48.0.2564.116 Safari/537.36"
75.45.0.159 - - [15/Mar/2016:15:39:16 -0700] "-" 408 0 "-" "-"
170.75.162.130 - - [15/Mar/2016:15:41:15 -0700] "GET /lib/reccapi.php?resort=crystalmountain HTTP/1.1" 200 1055 "-" "node-superagent/1.4.0"
216.239.33.195 - - [15/Mar/2016:15:44:01 -0700] "GET /images/wsis-logo-sm.png HTTP/1.1" 200 6108 "http://www.thebackcountry.net/" "Mozilla/5.0 (Macintosh; Intel Mac OS X 10_11_3) AppleWebKit/537.36 (KHTML, like Gecko) Chrome/49.0.2623.87 Safari/537.36"
66.249.75.121 - - [15/Mar/2016:15:44:01 -0700] "GET /resorts?resort=crystalmountain HTTP/1.1" 404 506 "-" "Mozilla/5.0 (compatible; Googlebot/2.1; +http://www.google.com/bot.html)"
170.75.162.130 - - [15/Mar/2016:15:44:05 -0700] "GET /lib/reccapi.php?resort=angelfire HTTP/1.1" 200 994 "-" "node-superagent/1.4.0"
170.75.162.130 - - [15/Mar/2016:15:45:36 -0700] "GET /lib/reccapi.php?resort=devilshead HTTP/1.1" 200 971 "-" "node-superagent/1.4.0"
170.75.162.130 - - [15/Mar/2016:15:47:56 -0700] "GET /lib/reccapi.php?resort=silverstarmountain HTTP/1.1" 200 938 "-" "node-superagent/1.4.0"
170.75.162.130 - - [15/Mar/2016:15:48:36 -0700] "GET /lib/reccapi.php?resort=sunpeaksresort HTTP/1.1" 200 929 "-" "node-superagent/1.4.0"
170.75.162.130 - - [15/Mar/2016:15:57:57 -0700] "GET /lib/reccapi.php?resort=monarch HTTP/1.1" 200 1051 "-" "node-superagent/1.4.0"
170.75.162.130 - - [15/Mar/2016:15:58:17 -0700] "GET /lib/reccapi.php?resort=telluride HTTP/1.1" 200 1026 "-" "node-superagent/1.4.0"
170.75.162.130 - - [15/Mar/2016:15:58:27 -0700] "GET /lib/reccapi.php?resort=wildcatmountain HTTP/1.1" 200 1088 "-" "node-superagent/1.4.0"
170.75.162.130 - - [15/Mar/2016:15:58:28 -0700] "GET /lib/reccapi.php?resort=winterpark HTTP/1.1" 200 930 "-" "node-superagent/1.4.0"
52.33.40.213 - - [15/Mar/2016:15:59:16 -0700] "GET /lib/reccapi.php?resort=mountbachelor HTTP/1.1" 200 1076 "-" "node-superagent/1.4.0"
52.33.40.213 - - [15/Mar/2016:15:59:16 -0700] "GET /lib/reccapi.php?resort=schweitzer HTTP/1.1" 200 1055 "-" "node-superagent/1.4.0"
52.33.40.213 - - [15/Mar/2016:15:59:16 -0700] "GET /lib/reccapi.php?resort=mountspokane HTTP/1.1" 200 1083 "-" "node-superagent/1.4.0"
52.33.40.213 - - [15/Mar/2016:16:00:16 -0700] "GET /lib/reccapi.php?resort=stevenspass HTTP/1.1" 200 1018 "-" "node-superagent/1.4.0"
170.75.162.130 - - [15/Mar/2016:16:02:48 -0700] "GET /lib/reccapi.php?resort=brianhead HTTP/1.1" 200 991 "-" "node-superagent/1.4.0"
75.101.77.2 - - [15/Mar/2016:16:03:27 -0700] "GET /images/wsis-logo-sm.png HTTP/1.1" 200 6108 "http://www.thebackcountry.net/" "Mozilla/5.0 (Windows NT 6.1; WOW64; rv:44.0) Gecko/20100101 Firefox/44.0"
52.33.40.213 - - [15/Mar/2016:16:04:36 -0700] "GET /lib/reccapi.php?resort=snowbird HTTP/1.1" 200 1027 "-" "node-superagent/1.4.0"
170.75.162.130 - - [15/Mar/2016:16:05:48 -0700] "GET /lib/reccapi.php?resort=49degreesnorth HTTP/1.1" 200 1077 "-" "node-superagent/1.4.0"
170.75.162.130 - - [15/Mar/2016:16:05:48 -0700] "GET /lib/reccapi.php?resort=stevenspass HTTP/1.1" 200 1018 "-" "node-superagent/1.4.0"
94.185.83.100 - - [15/Mar/2016:16:07:29 -0700] "GET http://testp4.pospr.waw.pl/testproxy.php HTTP/1.1" 404 448 "-" "Mozilla/5.0 (Windows NT 5.1; rv:32.0) Gecko/20100101 Firefox/31.0"
70.211.72.36 - - [15/Mar/2016:16:11:00 -0700] "GET /images/wsis-logo-sm.png HTTP/1.1" 200 6108 "http://www.thebackcountry.net/" "Mozilla/5.0 (Linux; Android 5.0; SM-G900V Build/LRX21T) AppleWebKit/537.36 (KHTML, like Gecko) Chrome/49.0.2623.91 Mobile Safari/537.36"
70.211.72.36 - - [15/Mar/2016:16:11:21 -0700] "-" 408 0 "-" "-"
174.51.12.146 - - [15/Mar/2016:16:26:41 -0700] "GET /images/wsis-logo-sm.png HTTP/1.1" 200 6108 "http://www.thebackcountry.net/" "Mozilla/5.0 (Macintosh; Intel Mac OS X 10_11_3) AppleWebKit/601.4.4 (KHTML, like Gecko) Version/9.0.3 Safari/601.4.4"
180.76.15.10 - - [15/Mar/2016:16:27:56 -0700] "GET / HTTP/1.1" 200 6995 "-" "Mozilla/5.0 (compatible; Baiduspider/2.0; +http://www.baidu.com/search/spider.html)"
73.71.150.103 - - [15/Mar/2016:16:27:58 -0700] "GET /images/wsis-logo-sm.png HTTP/1.1" 200 6108 "http://www.thebackcountry.net/" "Mozilla/5.0 (Macintosh; Intel Mac OS X 10_11_1) AppleWebKit/537.36 (KHTML, like Gecko) Chrome/48.0.2564.109 Safari/537.36"
180.76.15.5 - - [15/Mar/2016:16:28:41 -0700] "GET / HTTP/1.1" 200 6995 "-" "Mozilla/5.0 (compatible; Baiduspider/2.0; +http://www.baidu.com/search/spider.html)"
