166.170.14.126 - - [23/Feb/2016:20:51:40 -0800] "GET /images/wsis-logo-sm.png HTTP/1.1" 200 6108 "http://www.thebackcountry.net/" "Mozilla/5.0 (iPhone; CPU iPhone OS 7_1_2 like Mac OS X) AppleWebKit/537.51.2 (KHTML, like Gecko) Version/7.0 Mobile/11D257 Safari/9537.53"
134.173.214.106 - - [23/Feb/2016:20:51:42 -0800] "GET /images/wsis-logo-sm.png HTTP/1.1" 200 6108 "http://www.thebackcountry.net/" "Mozilla/5.0 (Windows NT 6.1; WOW64) AppleWebKit/537.36 (KHTML, like Gecko) Chrome/48.0.2564.116 Safari/537.36"
66.249.64.8 - - [23/Feb/2016:20:51:43 -0800] "GET /lib/reccapi.php?resort=alyeska&date=2016-02-09 HTTP/1.1" 200 1028 "http://whereshouldiski.com/" "Mozilla/5.0 (compatible; Googlebot/2.1; +http://www.google.com/bot.html)"
66.249.64.127 - - [23/Feb/2016:20:51:53 -0800] "GET /lib/reccapi.php?fields=t&date=2016-02-09&coords=60.94%2C-148.95&size=7&sort=distance HTTP/1.1" 200 1302 "http://whereshouldiski.com/" "Mozilla/5.0 (compatible; Googlebot/2.1; +http://www.google.com/bot.html)"
66.249.64.127 - - [23/Feb/2016:20:51:53 -0800] "GET /lib/resortDataSearchD3.php?size=7&sortDate=T&resort=alyeska&dateStart=2016-02-07 HTTP/1.1" 200 876 "http://whereshouldiski.com/" "Mozilla/5.0 (compatible; Googlebot/2.1; +http://www.google.com/bot.html)"
170.75.162.130 - - [23/Feb/2016:20:54:29 -0800] "GET /lib/reccapi.php?resort=jacksonhole HTTP/1.1" 200 1000 "-" "node-superagent/1.4.0"
50.1.19.7 - - [23/Feb/2016:20:58:29 -0800] "GET /images/wsis-logo-sm.png HTTP/1.1" 200 6108 "http://www.thebackcountry.net/" "Mozilla/5.0 (Macintosh; Intel Mac OS X 10_7_5) AppleWebKit/537.36 (KHTML, like Gecko) Chrome/48.0.2564.116 Safari/537.36"
170.75.162.130 - - [23/Feb/2016:21:05:00 -0800] "GET /lib/reccapi.php?resort=redlodge HTTP/1.1" 200 1005 "-" "node-superagent/1.4.0"
66.249.64.127 - - [23/Feb/2016:21:08:06 -0800] "GET /resorts?resort=wildcatmountain&date=2014-03-02 HTTP/1.1" 404 506 "-" "Mozilla/5.0 (iPhone; CPU iPhone OS 8_3 like Mac OS X) AppleWebKit/600.1.4 (KHTML, like Gecko) Version/8.0 Mobile/12F70 Safari/600.1.4 (compatible; Googlebot/2.1; +http://www.google.com/bot.html)"
70.211.72.208 - - [23/Feb/2016:21:08:44 -0800] "GET / HTTP/1.1" 200 2615 "http://www.earnyourturns.com/" "Mozilla/5.0 (iPad; CPU OS 9_2_1 like Mac OS X) AppleWebKit/601.1.46 (KHTML, like Gecko) Version/9.0 Mobile/13D15 Safari/601.1"
70.211.72.208 - - [23/Feb/2016:21:08:44 -0800] "GET /styles/ee08faa9.main.css HTTP/1.1" 200 19446 "http://whereshouldiski.com/" "Mozilla/5.0 (iPad; CPU OS 9_2_1 like Mac OS X) AppleWebKit/601.1.46 (KHTML, like Gecko) Version/9.0 Mobile/13D15 Safari/601.1"
70.211.72.208 - - [23/Feb/2016:21:08:44 -0800] "GET /scripts/scripts/vendor/modernizr.js HTTP/1.1" 200 4903 "http://whereshouldiski.com/" "Mozilla/5.0 (iPad; CPU OS 9_2_1 like Mac OS X) AppleWebKit/601.1.46 (KHTML, like Gecko) Version/9.0 Mobile/13D15 Safari/601.1"
70.211.72.208 - - [23/Feb/2016:21:08:44 -0800] "GET /images/logo-square-white-sm.png HTTP/1.1" 200 1684 "http://whereshouldiski.com/" "Mozilla/5.0 (iPad; CPU OS 9_2_1 like Mac OS X) AppleWebKit/601.1.46 (KHTML, like Gecko) Version/9.0 Mobile/13D15 Safari/601.1"
70.211.72.208 - - [23/Feb/2016:21:08:44 -0800] "GET /images/loading.gif HTTP/1.1" 200 13882 "http://whereshouldiski.com/" "Mozilla/5.0 (iPad; CPU OS 9_2_1 like Mac OS X) AppleWebKit/601.1.46 (KHTML, like Gecko) Version/9.0 Mobile/13D15 Safari/601.1"
70.211.72.208 - - [23/Feb/2016:21:08:44 -0800] "GET /bower_components/requirejs/require.js HTTP/1.1" 200 6702 "http://whereshouldiski.com/" "Mozilla/5.0 (iPad; CPU OS 9_2_1 like Mac OS X) AppleWebKit/601.1.46 (KHTML, like Gecko) Version/9.0 Mobile/13D15 Safari/601.1"
66.249.64.2 - - [23/Feb/2016:21:08:44 -0800] "GET /resorts?resort=antelopebutte&date=2014-02-09 HTTP/1.1" 404 506 "-" "Mozilla/5.0 (iPhone; CPU iPhone OS 8_3 like Mac OS X) AppleWebKit/600.1.4 (KHTML, like Gecko) Version/8.0 Mobile/12F70 Safari/600.1.4 (compatible; Googlebot/2.1; +http://www.google.com/bot.html)"
70.211.72.208 - - [23/Feb/2016:21:08:44 -0800] "GET /scripts/fa48e319.main.js HTTP/1.1" 200 123455 "http://whereshouldiski.com/" "Mozilla/5.0 (iPad; CPU OS 9_2_1 like Mac OS X) AppleWebKit/601.1.46 (KHTML, like Gecko) Version/9.0 Mobile/13D15 Safari/601.1"
70.211.72.208 - - [23/Feb/2016:21:08:45 -0800] "GET /images/button.png HTTP/1.1" 200 598 "http://whereshouldiski.com/" "Mozilla/5.0 (iPad; CPU OS 9_2_1 like Mac OS X) AppleWebKit/601.1.46 (KHTML, like Gecko) Version/9.0 Mobile/13D15 Safari/601.1"
70.211.72.208 - - [23/Feb/2016:21:08:45 -0800] "GET /images/greyHeader.png HTTP/1.1" 200 508 "http://whereshouldiski.com/" "Mozilla/5.0 (iPad; CPU OS 9_2_1 like Mac OS X) AppleWebKit/601.1.46 (KHTML, like Gecko) Version/9.0 Mobile/13D15 Safari/601.1"
70.211.72.208 - - [23/Feb/2016:21:08:45 -0800] "GET /lib/reccapi.php?fields=t HTTP/1.1" 200 1828 "http://whereshouldiski.com/" "Mozilla/5.0 (iPad; CPU OS 9_2_1 like Mac OS X) AppleWebKit/601.1.46 (KHTML, like Gecko) Version/9.0 Mobile/13D15 Safari/601.1"
70.211.72.208 - - [23/Feb/2016:21:08:45 -0800] "GET /images/snowflake5.png HTTP/1.1" 200 2857 "http://whereshouldiski.com/" "Mozilla/5.0 (iPad; CPU OS 9_2_1 like Mac OS X) AppleWebKit/601.1.46 (KHTML, like Gecko) Version/9.0 Mobile/13D15 Safari/601.1"
70.211.72.208 - - [23/Feb/2016:21:08:45 -0800] "GET /images/star5.png HTTP/1.1" 200 1783 "http://whereshouldiski.com/" "Mozilla/5.0 (iPad; CPU OS 9_2_1 like Mac OS X) AppleWebKit/601.1.46 (KHTML, like Gecko) Version/9.0 Mobile/13D15 Safari/601.1"
70.211.72.208 - - [23/Feb/2016:21:08:45 -0800] "GET /images/bluebird5.png HTTP/1.1" 200 2177 "http://whereshouldiski.com/" "Mozilla/5.0 (iPad; CPU OS 9_2_1 like Mac OS X) AppleWebKit/601.1.46 (KHTML, like Gecko) Version/9.0 Mobile/13D15 Safari/601.1"
70.211.72.208 - - [23/Feb/2016:21:08:45 -0800] "GET /images/mtns-icon.png HTTP/1.1" 200 1096 "http://whereshouldiski.com/" "Mozilla/5.0 (iPad; CPU OS 9_2_1 like Mac OS X) AppleWebKit/601.1.46 (KHTML, like Gecko) Version/9.0 Mobile/13D15 Safari/601.1"
70.211.72.208 - - [23/Feb/2016:21:08:45 -0800] "GET /images/shading-icon.png HTTP/1.1" 200 536 "http://whereshouldiski.com/" "Mozilla/5.0 (iPad; CPU OS 9_2_1 like Mac OS X) AppleWebKit/601.1.46 (KHTML, like Gecko) Version/9.0 Mobile/13D15 Safari/601.1"
127.0.0.1 - - [23/Feb/2016:21:08:51 -0800] "OPTIONS * HTTP/1.0" 200 126 "-" "Apache/2.2.22 (Ubuntu) (internal dummy connection)"
52.33.40.213 - - [23/Feb/2016:21:09:07 -0800] "GET /lib/reccapi.php?resort=killington HTTP/1.1" 200 958 "-" "node-superagent/1.4.0"
52.33.40.213 - - [23/Feb/2016:21:12:07 -0800] "GET /lib/reccapi.php?resort=grandtarghee HTTP/1.1" 200 1032 "-" "node-superagent/1.4.0"
52.33.40.213 - - [23/Feb/2016:21:12:07 -0800] "GET /lib/reccapi.php?resort=taos HTTP/1.1" 200 1030 "-" "node-superagent/1.4.0"
52.33.40.213 - - [23/Feb/2016:21:12:07 -0800] "GET /lib/reccapi.php?resort=jacksonhole HTTP/1.1" 200 1000 "-" "node-superagent/1.4.0"
52.33.40.213 - - [23/Feb/2016:21:12:07 -0800] "GET /lib/reccapi.php?resort=sunvalley HTTP/1.1" 200 1006 "-" "node-superagent/1.4.0"
52.33.40.213 - - [23/Feb/2016:21:19:07 -0800] "GET /lib/reccapi.php?resort=keystone HTTP/1.1" 200 1071 "-" "node-superagent/1.4.0"
192.252.8.14 - - [23/Feb/2016:21:20:59 -0800] "GET /images/wsis-logo-sm.png HTTP/1.1" 200 6108 "http://www.thebackcountry.net/" "Mozilla/5.0 (Windows NT 6.1; Trident/7.0; rv:11.0) like Gecko"
66.249.64.2 - - [23/Feb/2016:21:26:19 -0800] "GET /lib/reccapi.php?resort=alyeska&date=2016-02-05 HTTP/1.1" 200 1053 "http://whereshouldiski.com/" "Mozilla/5.0 (compatible; Googlebot/2.1; +http://www.google.com/bot.html)"
66.249.64.2 - - [23/Feb/2016:21:26:20 -0800] "GET /lib/reccapi.php?fields=t&date=2016-02-05&coords=60.94%2C-148.95&size=7&sort=distance HTTP/1.1" 200 1352 "http://whereshouldiski.com/" "Mozilla/5.0 (compatible; Googlebot/2.1; +http://www.google.com/bot.html)"
66.249.64.8 - - [23/Feb/2016:21:26:21 -0800] "GET /lib/resortDataSearchD3.php?size=7&sortDate=T&resort=alyeska&dateStart=2016-02-03 HTTP/1.1" 200 875 "http://whereshouldiski.com/" "Mozilla/5.0 (compatible; Googlebot/2.1; +http://www.google.com/bot.html)"
98.210.145.113 - - [23/Feb/2016:21:27:23 -0800] "GET /images/wsis-logo-sm.png HTTP/1.1" 200 6108 "http://www.thebackcountry.net/" "Mozilla/5.0 (Macintosh; Intel Mac OS X 10_11_3) AppleWebKit/537.36 (KHTML, like Gecko) Chrome/48.0.2564.116 Safari/537.36"
66.249.64.2 - - [23/Feb/2016:21:27:34 -0800] "GET /lib/resortDataSearchD3.php?size=7&sortDate=T&resort=alyeska&dateStart=2016-01-27 HTTP/1.1" 200 875 "http://whereshouldiski.com/" "Mozilla/5.0 (compatible; Googlebot/2.1; +http://www.google.com/bot.html)"
98.210.145.113 - - [23/Feb/2016:21:30:00 -0800] "-" 408 0 "-" "-"
98.210.145.113 - - [23/Feb/2016:21:30:00 -0800] "-" 408 0 "-" "-"
180.76.15.146 - - [23/Feb/2016:21:30:54 -0800] "GET / HTTP/1.1" 200 6995 "-" "Mozilla/5.0 (compatible; Baiduspider/2.0; +http://www.baidu.com/search/spider.html)"
180.76.15.15 - - [23/Feb/2016:21:31:42 -0800] "GET / HTTP/1.1" 200 6995 "-" "Mozilla/5.0 (compatible; Baiduspider/2.0; +http://www.baidu.com/search/spider.html)"
170.75.162.130 - - [23/Feb/2016:21:33:14 -0800] "GET /lib/reccapi.php?resort=angelfire HTTP/1.1" 200 1057 "-" "node-superagent/1.4.0"
170.75.162.130 - - [23/Feb/2016:21:36:14 -0800] "GET /lib/reccapi.php?resort=northstar-at-tahoe HTTP/1.1" 200 980 "-" "node-superagent/1.4.0"
67.169.116.220 - - [23/Feb/2016:21:36:24 -0800] "GET /images/wsis-logo-sm.png HTTP/1.1" 200 6108 "http://thebackcountry.net/" "Mozilla/5.0 (iPad; CPU OS 8_4_1 like Mac OS X) AppleWebKit/600.1.4 (KHTML, like Gecko) Version/8.0 Mobile/12H321 Safari/600.1.4"
170.75.162.130 - - [23/Feb/2016:21:48:16 -0800] "GET /lib/reccapi.php?resort=parkcity HTTP/1.1" 200 1007 "-" "node-superagent/1.4.0"
75.141.238.64 - - [23/Feb/2016:21:50:31 -0800] "GET /images/wsis-logo-sm.png HTTP/1.1" 200 6108 "http://www.thebackcountry.net/" "Mozilla/5.0 (iPad; CPU OS 9_2_1 like Mac OS X) AppleWebKit/601.1.46 (KHTML, like Gecko) Version/9.0 Mobile/13D15 Safari/601.1"
24.130.61.198 - - [23/Feb/2016:22:01:21 -0800] "GET /images/wsis-logo-sm.png HTTP/1.1" 200 6108 "http://www.thebackcountry.net/" "Mozilla/5.0 (Macintosh; Intel Mac OS X 10.10; rv:44.0) Gecko/20100101 Firefox/44.0"
170.75.162.130 - - [23/Feb/2016:22:02:17 -0800] "GET /lib/reccapi.php?resort=coppermountain HTTP/1.1" 200 1094 "-" "node-superagent/1.4.0"
104.131.64.198 - - [23/Feb/2016:22:02:24 -0800] "GET / HTTP/1.1" 200 2559 "-" "Mozilla/5.0 (Macintosh; Intel Mac OS X 10_11_4) AppleWebKit/601.5.10 (KHTML, like Gecko) Version/9.1 Safari/601.5.10 (compatible; Twirl SpiderBot/1.2 Instance #9; https://www.twirl.ws/s/?query=%23bot)"
170.75.162.130 - - [23/Feb/2016:22:07:38 -0800] "GET /lib/reccapi.php?resort=homewoodmountain HTTP/1.1" 200 997 "-" "node-superagent/1.4.0"
107.150.40.37 - - [23/Feb/2016:22:11:48 -0800] "GET / HTTP/1.1" 200 6976 "-" "Mozilla/4.0 (compatible; MSIE 8.0; Windows NT 6.1; Trident/4.0; SLCC2; .NET CLR 2.0.50727; .NET CLR 3.5.30729; .NET CLR 3.0.30729; Media Center PC 6.0)"
170.75.162.130 - - [23/Feb/2016:22:14:29 -0800] "GET /lib/reccapi.php?resort=schweitzer HTTP/1.1" 200 943 "-" "node-superagent/1.4.0"
170.75.162.130 - - [23/Feb/2016:22:14:29 -0800] "GET /lib/reccapi.php?resort=snowbird HTTP/1.1" 200 977 "-" "node-superagent/1.4.0"
76.21.24.19 - - [23/Feb/2016:22:20:21 -0800] "GET /images/wsis-logo-sm.png HTTP/1.1" 200 6108 "http://www.thebackcountry.net/" "Mozilla/5.0 (Macintosh; Intel Mac OS X 10_11_1) AppleWebKit/537.36 (KHTML, like Gecko) Chrome/48.0.2564.116 Safari/537.36"
52.33.40.213 - - [23/Feb/2016:22:27:50 -0800] "GET /lib/reccapi.php?resort=heavenly HTTP/1.1" 200 1006 "-" "node-superagent/1.4.0"
52.33.40.213 - - [23/Feb/2016:22:28:00 -0800] "GET /lib/reccapi.php?resort=kirkwood HTTP/1.1" 200 994 "-" "node-superagent/1.4.0"
180.76.15.155 - - [23/Feb/2016:22:32:13 -0800] "GET / HTTP/1.1" 200 6995 "-" "Mozilla/5.0 (compatible; Baiduspider/2.0; +http://www.baidu.com/search/spider.html)"
180.76.15.142 - - [23/Feb/2016:22:33:09 -0800] "GET / HTTP/1.1" 200 6995 "-" "Mozilla/5.0 (compatible; Baiduspider/2.0; +http://www.baidu.com/search/spider.html)"
123.125.71.36 - - [23/Feb/2016:22:37:05 -0800] "GET / HTTP/1.1" 200 2578 "-" "Mozilla/5.0 (Windows NT 5.1; rv:6.0.2) Gecko/20100101 Firefox/6.0.2"
123.125.71.21 - - [23/Feb/2016:22:37:12 -0800] "GET / HTTP/1.1" 200 6995 "-" "Mozilla/5.0 (Windows NT 5.1; rv:6.0.2) Gecko/20100101 Firefox/6.0.2"
142.254.104.90 - - [23/Feb/2016:22:39:48 -0800] "GET /images/wsis-logo-sm.png HTTP/1.1" 200 6108 "http://www.thebackcountry.net/" "Mozilla/5.0 (Macintosh; Intel Mac OS X 10_11_3) AppleWebKit/601.4.4 (KHTML, like Gecko) Version/9.0.3 Safari/601.4.4"
170.75.162.130 - - [23/Feb/2016:22:46:44 -0800] "GET /lib/reccapi.php?resort=hoodoo HTTP/1.1" 200 971 "-" "node-superagent/1.4.0"
170.75.162.130 - - [23/Feb/2016:22:46:44 -0800] "GET /lib/reccapi.php?resort=chinapeak HTTP/1.1" 200 977 "-" "node-superagent/1.4.0"
170.75.162.130 - - [23/Feb/2016:22:46:44 -0800] "GET /lib/reccapi.php?resort=keystone HTTP/1.1" 200 1071 "-" "node-superagent/1.4.0"
170.75.162.130 - - [23/Feb/2016:22:46:44 -0800] "GET /lib/reccapi.php?resort=mountainhigh HTTP/1.1" 200 995 "-" "node-superagent/1.4.0"
170.75.162.130 - - [23/Feb/2016:22:46:44 -0800] "GET /lib/reccapi.php?resort=steamboat HTTP/1.1" 200 1025 "-" "node-superagent/1.4.0"
170.75.162.130 - - [23/Feb/2016:22:48:14 -0800] "GET /lib/reccapi.php?resort=telluride HTTP/1.1" 200 1041 "-" "node-superagent/1.4.0"
66.249.64.127 - - [23/Feb/2016:22:48:42 -0800] "GET /lib/reccapi.php?fields=t HTTP/1.1" 200 1829 "http://whereshouldiski.com/" "Mozilla/5.0 (compatible; Googlebot/2.1; +http://www.google.com/bot.html)"
24.32.28.176 - - [23/Feb/2016:22:49:43 -0800] "GET /images/wsis-logo-sm.png HTTP/1.1" 200 6108 "http://www.thebackcountry.net/" "Mozilla/5.0 (Windows NT 6.3; WOW64) AppleWebKit/537.36 (KHTML, like Gecko) Chrome/48.0.2564.116 Safari/537.36"
66.249.64.127 - - [23/Feb/2016:22:49:53 -0800] "GET /lib/resortDataSearchD3.php?size=7&sortDate=T&resort=alyeska&dateStart=2016-01-26 HTTP/1.1" 200 878 "http://whereshouldiski.com/" "Mozilla/5.0 (compatible; Googlebot/2.1; +http://www.google.com/bot.html)"
157.55.39.162 - - [23/Feb/2016:22:51:30 -0800] "GET / HTTP/1.1" 200 2615 "-" "Mozilla/5.0 (compatible; bingbot/2.0; +http://www.bing.com/bingbot.htm)"
170.75.162.130 - - [23/Feb/2016:22:51:44 -0800] "GET /lib/reccapi.php?resort=diamondpeak HTTP/1.1" 200 940 "-" "node-superagent/1.4.0"
73.162.12.20 - - [23/Feb/2016:22:57:57 -0800] "GET /images/wsis-logo-sm.png HTTP/1.1" 200 6108 "http://www.thebackcountry.net/" "Mozilla/5.0 (Macintosh; Intel Mac OS X 10_11_1) AppleWebKit/601.2.7 (KHTML, like Gecko) Version/9.0.1 Safari/601.2.7"
170.75.162.130 - - [23/Feb/2016:23:00:35 -0800] "GET /lib/reccapi.php?resort=jaypeak HTTP/1.1" 200 994 "-" "node-superagent/1.4.0"
170.75.162.130 - - [23/Feb/2016:23:00:35 -0800] "GET /lib/reccapi.php?resort=killington HTTP/1.1" 200 958 "-" "node-superagent/1.4.0"
170.75.162.130 - - [23/Feb/2016:23:00:36 -0800] "GET /lib/reccapi.php?resort=madriverglen HTTP/1.1" 200 986 "-" "node-superagent/1.4.0"
170.75.162.130 - - [23/Feb/2016:23:00:36 -0800] "GET /lib/reccapi.php?resort=smugglersnotch HTTP/1.1" 200 971 "-" "node-superagent/1.4.0"
170.75.162.130 - - [23/Feb/2016:23:00:36 -0800] "GET /lib/reccapi.php?resort=stowe HTTP/1.1" 200 964 "-" "node-superagent/1.4.0"
170.75.162.130 - - [23/Feb/2016:23:00:36 -0800] "GET /lib/reccapi.php?resort=sugarbush HTTP/1.1" 200 984 "-" "node-superagent/1.4.0"
170.75.162.130 - - [23/Feb/2016:23:05:06 -0800] "GET /lib/reccapi.php?resort=bigsky HTTP/1.1" 200 1006 "-" "node-superagent/1.4.0"
170.75.162.130 - - [23/Feb/2016:23:08:36 -0800] "GET /lib/reccapi.php?resort=sunvalley HTTP/1.1" 200 1006 "-" "node-superagent/1.4.0"
170.75.162.130 - - [23/Feb/2016:23:13:57 -0800] "GET /lib/reccapi.php?resort=alpinemeadows HTTP/1.1" 200 996 "-" "node-superagent/1.4.0"
170.75.162.130 - - [23/Feb/2016:23:22:18 -0800] "GET /lib/reccapi.php?resort=alta HTTP/1.1" 200 956 "-" "node-superagent/1.4.0"
52.33.40.213 - - [23/Feb/2016:23:22:43 -0800] "GET /lib/reccapi.php?resort=whistlerblackcomb HTTP/1.1" 200 937 "-" "node-superagent/1.4.0"
52.33.40.213 - - [23/Feb/2016:23:22:43 -0800] "GET /lib/reccapi.php?resort=sundayriver HTTP/1.1" 200 967 "-" "node-superagent/1.4.0"
52.33.40.213 - - [23/Feb/2016:23:22:43 -0800] "GET /lib/reccapi.php?resort=sugarloaf HTTP/1.1" 200 956 "-" "node-superagent/1.4.0"
52.33.40.213 - - [23/Feb/2016:23:22:43 -0800] "GET /lib/reccapi.php?resort=winterpark HTTP/1.1" 200 1070 "-" "node-superagent/1.4.0"
52.33.40.213 - - [23/Feb/2016:23:22:43 -0800] "GET /lib/reccapi.php?resort=madriverglen HTTP/1.1" 200 986 "-" "node-superagent/1.4.0"
52.33.40.213 - - [23/Feb/2016:23:22:43 -0800] "GET /lib/reccapi.php?resort=cannonmountain HTTP/1.1" 200 963 "-" "node-superagent/1.4.0"
52.33.40.213 - - [23/Feb/2016:23:22:43 -0800] "GET /lib/reccapi.php?resort=sugarbush HTTP/1.1" 200 984 "-" "node-superagent/1.4.0"
52.33.40.213 - - [23/Feb/2016:23:22:43 -0800] "GET /lib/reccapi.php?resort=stowe HTTP/1.1" 200 964 "-" "node-superagent/1.4.0"
170.75.162.130 - - [23/Feb/2016:23:30:29 -0800] "GET /lib/reccapi.php?resort=crystalmountain HTTP/1.1" 200 980 "-" "node-superagent/1.4.0"
180.76.15.146 - - [23/Feb/2016:23:30:42 -0800] "GET / HTTP/1.1" 200 6995 "-" "Mozilla/5.0 (compatible; Baiduspider/2.0; +http://www.baidu.com/search/spider.html)"
180.76.15.149 - - [23/Feb/2016:23:31:34 -0800] "GET / HTTP/1.1" 200 6995 "-" "Mozilla/5.0 (compatible; Baiduspider/2.0; +http://www.baidu.com/search/spider.html)"
52.33.40.213 - - [23/Feb/2016:23:34:33 -0800] "GET /lib/reccapi.php?resort=hoodoo HTTP/1.1" 200 971 "-" "node-superagent/1.4.0"
123.125.71.116 - - [23/Feb/2016:23:36:41 -0800] "GET / HTTP/1.1" 200 2578 "-" "Mozilla/5.0 (Windows NT 5.1; rv:6.0.2) Gecko/20100101 Firefox/6.0.2"
123.125.71.111 - - [23/Feb/2016:23:36:41 -0800] "GET / HTTP/1.1" 200 6995 "-" "Mozilla/5.0 (Windows NT 5.1; rv:6.0.2) Gecko/20100101 Firefox/6.0.2"
93.113.125.11 - - [23/Feb/2016:23:46:57 -0800] "GET / HTTP/1.0" 200 6995 "-" "\"nlpproject.info research\""
52.33.40.213 - - [23/Feb/2016:23:48:14 -0800] "GET /lib/reccapi.php?resort=49degreesnorth HTTP/1.1" 200 997 "-" "node-superagent/1.4.0"
117.78.13.29 - - [23/Feb/2016:23:49:27 -0800] "GET /robots.txt HTTP/1.0" 200 382 "-" "nutch-1.4/Nutch-1.4"
117.78.13.29 - - [23/Feb/2016:23:49:27 -0800] "GET / HTTP/1.0" 200 2578 "-" "nutch-1.4/Nutch-1.4"
52.33.40.213 - - [23/Feb/2016:23:51:54 -0800] "GET /lib/reccapi.php?resort=bigwhite HTTP/1.1" 200 921 "-" "node-superagent/1.4.0"
52.33.40.213 - - [23/Feb/2016:23:53:14 -0800] "GET /lib/reccapi.php?resort=devilshead HTTP/1.1" 200 942 "-" "node-superagent/1.4.0"
52.33.40.213 - - [23/Feb/2016:23:53:14 -0800] "GET /lib/reccapi.php?resort=diamondpeak HTTP/1.1" 200 940 "-" "node-superagent/1.4.0"
52.33.40.213 - - [23/Feb/2016:23:53:14 -0800] "GET /lib/reccapi.php?resort=crestedbutte HTTP/1.1" 200 1074 "-" "node-superagent/1.4.0"
170.75.162.130 - - [23/Feb/2016:23:53:32 -0800] "GET /lib/reccapi.php?resort=sierra-at-tahoe HTTP/1.1" 200 980 "-" "node-superagent/1.4.0"
52.33.40.213 - - [23/Feb/2016:23:53:54 -0800] "GET /lib/reccapi.php?resort=sugarbowl HTTP/1.1" 200 956 "-" "node-superagent/1.4.0"
52.33.40.213 - - [23/Feb/2016:23:54:24 -0800] "GET /lib/reccapi.php?resort=sunpeaksresort HTTP/1.1" 200 926 "-" "node-superagent/1.4.0"
52.33.40.213 - - [23/Feb/2016:23:54:44 -0800] "GET /lib/reccapi.php?resort=redmountain HTTP/1.1" 200 909 "-" "node-superagent/1.4.0"
52.33.40.213 - - [23/Feb/2016:23:54:44 -0800] "GET /lib/reccapi.php?resort=mountainhigh HTTP/1.1" 200 995 "-" "node-superagent/1.4.0"
52.33.40.213 - - [23/Feb/2016:23:54:44 -0800] "GET /lib/reccapi.php?resort=loveland HTTP/1.1" 200 1053 "-" "node-superagent/1.4.0"
52.33.40.213 - - [23/Feb/2016:23:55:24 -0800] "GET /lib/reccapi.php?resort=wildcatmountain HTTP/1.1" 200 974 "-" "node-superagent/1.4.0"
52.33.40.213 - - [23/Feb/2016:23:55:24 -0800] "GET /lib/reccapi.php?resort=sierra-at-tahoe HTTP/1.1" 200 980 "-" "node-superagent/1.4.0"
52.33.40.213 - - [23/Feb/2016:23:55:54 -0800] "GET /lib/reccapi.php?resort=snowbasin HTTP/1.1" 200 950 "-" "node-superagent/1.4.0"
52.33.40.213 - - [23/Feb/2016:23:55:54 -0800] "GET /lib/reccapi.php?resort=silverstarmountain HTTP/1.1" 200 928 "-" "node-superagent/1.4.0"
220.181.108.108 - - [23/Feb/2016:23:58:25 -0800] "GET / HTTP/1.1" 200 2578 "-" "Mozilla/5.0 (compatible; Baiduspider/2.0; +http://www.baidu.com/search/spider.html)"
52.33.40.213 - - [24/Feb/2016:00:14:15 -0800] "GET /lib/reccapi.php?resort=coppermountain HTTP/1.1" 200 1016 "-" "node-superagent/1.4.0"
170.75.162.130 - - [24/Feb/2016:00:16:45 -0800] "GET /lib/reccapi.php?resort=monarch HTTP/1.1" 200 964 "-" "node-superagent/1.4.0"
185.25.151.159 - - [24/Feb/2016:00:23:39 -0800] "GET http://testp4.pospr.waw.pl/testproxy.php HTTP/1.1" 404 448 "-" "Mozilla/5.0 (Windows NT 5.1; rv:32.0) Gecko/20100101 Firefox/31.0"
66.249.64.127 - - [24/Feb/2016:00:26:49 -0800] "GET /lib/reccapi.php?resort=skiapache&date=2016-01-27 HTTP/1.1" 200 1030 "http://whereshouldiski.com/" "Mozilla/5.0 (compatible; Googlebot/2.1; +http://www.google.com/bot.html)"
66.249.64.127 - - [24/Feb/2016:00:26:54 -0800] "GET /lib/reccapi.php?fields=t&date=2016-01-27&coords=33.4%2C-105.78&size=7&sort=distance HTTP/1.1" 200 1292 "http://whereshouldiski.com/" "Mozilla/5.0 (compatible; Googlebot/2.1; +http://www.google.com/bot.html)"
66.249.64.2 - - [24/Feb/2016:00:26:55 -0800] "GET /lib/resortDataSearchD3.php?size=7&sortDate=T&resort=skiapache&dateStart=2016-01-25 HTTP/1.1" 200 854 "http://whereshouldiski.com/" "Mozilla/5.0 (compatible; Googlebot/2.1; +http://www.google.com/bot.html)"
170.75.162.130 - - [24/Feb/2016:00:28:47 -0800] "GET /lib/reccapi.php?resort=mtrose HTTP/1.1" 200 960 "-" "node-superagent/1.4.0"
180.76.15.19 - - [24/Feb/2016:00:29:26 -0800] "GET / HTTP/1.1" 200 6995 "-" "Mozilla/5.0 (compatible; Baiduspider/2.0; +http://www.baidu.com/search/spider.html)"
170.75.162.130 - - [24/Feb/2016:00:29:27 -0800] "GET /lib/reccapi.php?resort=sugarbowl HTTP/1.1" 200 957 "-" "node-superagent/1.4.0"
180.76.15.135 - - [24/Feb/2016:00:30:16 -0800] "GET / HTTP/1.1" 200 6995 "-" "Mozilla/5.0 (compatible; Baiduspider/2.0; +http://www.baidu.com/search/spider.html)"
170.75.162.130 - - [24/Feb/2016:00:30:17 -0800] "GET /lib/reccapi.php?resort=heavenly HTTP/1.1" 200 968 "-" "node-superagent/1.4.0"
170.75.162.130 - - [24/Feb/2016:00:30:47 -0800] "GET /lib/reccapi.php?resort=kirkwood HTTP/1.1" 200 974 "-" "node-superagent/1.4.0"
89.163.251.200 - - [24/Feb/2016:00:30:53 -0800] "GET /phpmoadmin/moadmin.php HTTP/1.0" 404 518 "-" "-"
203.133.170.86 - - [24/Feb/2016:00:31:48 -0800] "GET / HTTP/1.1" 200 2615 "-" "Mozilla/5.0 (compatible; MSIE or Firefox mutant;) Daum 4.1"
170.75.162.130 - - [24/Feb/2016:00:36:08 -0800] "GET /lib/reccapi.php?resort=redmountain HTTP/1.1" 200 906 "-" "node-superagent/1.4.0"
169.229.3.91 - - [24/Feb/2016:00:40:31 -0800] "i'\xc4-\x96\xd8;\xd2N\x88[\xd2" 501 332 "-" "-"
52.33.40.213 - - [24/Feb/2016:00:40:36 -0800] "GET /lib/reccapi.php?resort=mammothmountain HTTP/1.1" 200 973 "-" "node-superagent/1.4.0"
52.33.40.213 - - [24/Feb/2016:00:40:36 -0800] "GET /lib/reccapi.php?resort=aspenmountain HTTP/1.1" 200 995 "-" "node-superagent/1.4.0"
54.183.233.173 - - [24/Feb/2016:01:07:11 -0800] "GET /images/wsis-logo-sm.png HTTP/1.1" 200 6108 "http://www.thebackcountry.net/" "Mozilla/5.0 (X11; Ubuntu; Linux x86_64; rv:36.0) Gecko/20100101 SlimerJS/0.9.5"
170.75.162.130 - - [24/Feb/2016:01:17:34 -0800] "GET /lib/reccapi.php?resort=brighton HTTP/1.1" 200 964 "-" "node-superagent/1.4.0"
170.75.162.130 - - [24/Feb/2016:01:21:24 -0800] "GET /lib/reccapi.php?resort=bigwhite HTTP/1.1" 200 920 "-" "node-superagent/1.4.0"
170.75.162.130 - - [24/Feb/2016:01:21:24 -0800] "GET /lib/reccapi.php?resort=brianhead HTTP/1.1" 200 973 "-" "node-superagent/1.4.0"
170.75.162.130 - - [24/Feb/2016:01:26:35 -0800] "GET /lib/reccapi.php?resort=buttermilk HTTP/1.1" 200 987 "-" "node-superagent/1.4.0"
170.75.162.130 - - [24/Feb/2016:01:26:35 -0800] "GET /lib/reccapi.php?resort=aspenmountain HTTP/1.1" 200 995 "-" "node-superagent/1.4.0"
170.75.162.130 - - [24/Feb/2016:01:26:35 -0800] "GET /lib/reccapi.php?resort=aspenheights HTTP/1.1" 200 1001 "-" "node-superagent/1.4.0"
170.75.162.130 - - [24/Feb/2016:01:31:36 -0800] "GET /lib/reccapi.php?resort=sunpeaksresort HTTP/1.1" 200 923 "-" "node-superagent/1.4.0"
180.76.15.145 - - [24/Feb/2016:01:31:40 -0800] "GET / HTTP/1.1" 200 6995 "-" "Mozilla/5.0 (compatible; Baiduspider/2.0; +http://www.baidu.com/search/spider.html)"
180.76.15.32 - - [24/Feb/2016:01:32:35 -0800] "GET / HTTP/1.1" 200 6995 "-" "Mozilla/5.0 (compatible; Baiduspider/2.0; +http://www.baidu.com/search/spider.html)"
157.55.39.185 - - [24/Feb/2016:01:55:21 -0800] "GET / HTTP/1.1" 200 2615 "-" "Mozilla/5.0 (compatible; bingbot/2.0; +http://www.bing.com/bingbot.htm)"
170.75.162.130 - - [24/Feb/2016:01:59:09 -0800] "GET /lib/reccapi.php?resort=snowbasin HTTP/1.1" 200 957 "-" "node-superagent/1.4.0"
170.75.162.130 - - [24/Feb/2016:01:59:10 -0800] "GET /lib/reccapi.php?resort=whitefacemountain HTTP/1.1" 200 1077 "-" "node-superagent/1.4.0"
170.75.162.130 - - [24/Feb/2016:02:16:02 -0800] "GET /lib/reccapi.php?resort=cannonmountain HTTP/1.1" 200 1081 "-" "node-superagent/1.4.0"
170.75.162.130 - - [24/Feb/2016:02:16:03 -0800] "GET /lib/reccapi.php?resort=sugarloaf HTTP/1.1" 200 1082 "-" "node-superagent/1.4.0"
170.75.162.130 - - [24/Feb/2016:02:16:03 -0800] "GET /lib/reccapi.php?resort=sundayriver HTTP/1.1" 200 1086 "-" "node-superagent/1.4.0"
170.75.162.130 - - [24/Feb/2016:02:16:03 -0800] "GET /lib/reccapi.php?resort=wildcatmountain HTTP/1.1" 200 1072 "-" "node-superagent/1.4.0"
180.76.15.28 - - [24/Feb/2016:02:30:22 -0800] "GET / HTTP/1.1" 200 6995 "-" "Mozilla/5.0 (compatible; Baiduspider/2.0; +http://www.baidu.com/search/spider.html)"
180.76.15.6 - - [24/Feb/2016:02:31:17 -0800] "GET / HTTP/1.1" 200 6995 "-" "Mozilla/5.0 (compatible; Baiduspider/2.0; +http://www.baidu.com/search/spider.html)"
123.125.71.42 - - [24/Feb/2016:02:36:20 -0800] "GET / HTTP/1.1" 200 2578 "-" "Mozilla/5.0 (Windows NT 5.1; rv:6.0.2) Gecko/20100101 Firefox/6.0.2"
123.125.71.39 - - [24/Feb/2016:02:36:21 -0800] "GET / HTTP/1.1" 200 6995 "-" "Mozilla/5.0 (Windows NT 5.1; rv:6.0.2) Gecko/20100101 Firefox/6.0.2"
52.33.40.213 - - [24/Feb/2016:02:56:03 -0800] "GET /lib/reccapi.php?resort=mountbachelor HTTP/1.1" 200 976 "-" "node-superagent/1.4.0"
52.33.40.213 - - [24/Feb/2016:02:56:03 -0800] "GET /lib/reccapi.php?resort=mountspokane HTTP/1.1" 200 981 "-" "node-superagent/1.4.0"
52.33.40.213 - - [24/Feb/2016:02:57:13 -0800] "GET /lib/reccapi.php?resort=schweitzer HTTP/1.1" 200 954 "-" "node-superagent/1.4.0"
52.33.40.213 - - [24/Feb/2016:02:57:23 -0800] "GET /lib/reccapi.php?resort=stevenspass HTTP/1.1" 200 967 "-" "node-superagent/1.4.0"
170.75.162.130 - - [24/Feb/2016:02:57:36 -0800] "GET /lib/reccapi.php?resort=crestedbutte HTTP/1.1" 200 987 "-" "node-superagent/1.4.0"
87.118.119.81 - - [24/Feb/2016:03:13:49 -0800] "HEAD / HTTP/1.0" 200 310 "-" "-"
170.75.162.130 - - [24/Feb/2016:03:17:29 -0800] "GET /lib/reccapi.php?resort=loveland HTTP/1.1" 200 1016 "-" "node-superagent/1.4.0"
52.33.40.213 - - [24/Feb/2016:03:27:25 -0800] "GET /lib/reccapi.php?resort=alta HTTP/1.1" 200 955 "-" "node-superagent/1.4.0"
52.33.40.213 - - [24/Feb/2016:03:27:25 -0800] "GET /lib/reccapi.php?resort=aspenheights HTTP/1.1" 200 1001 "-" "node-superagent/1.4.0"
180.76.15.158 - - [24/Feb/2016:03:34:46 -0800] "GET / HTTP/1.1" 200 6995 "-" "Mozilla/5.0 (compatible; Baiduspider/2.0; +http://www.baidu.com/search/spider.html)"
80.248.225.150 - - [24/Feb/2016:03:34:57 -0800] "GET /sitemap.xml HTTP/1.1" 404 478 "http://domaincrawler.com/whereshouldiski.com" "DomainCrawler/1.0"
80.248.225.150 - - [24/Feb/2016:03:34:57 -0800] "GET / HTTP/1.1" 200 6976 "http://domaincrawler.com/whereshouldiski.com" "DomainCrawler/1.0"
80.248.225.150 - - [24/Feb/2016:03:34:57 -0800] "GET /robots.txt HTTP/1.1" 200 319 "http://domaincrawler.com/whereshouldiski.com" "DomainCrawler/1.0"
80.248.225.150 - - [24/Feb/2016:03:34:57 -0800] "GET /favicon.ico HTTP/1.1" 200 4557 "http://domaincrawler.com/whereshouldiski.com" "DomainCrawler/1.0"
180.76.15.156 - - [24/Feb/2016:03:35:49 -0800] "GET / HTTP/1.1" 200 6995 "-" "Mozilla/5.0 (compatible; Baiduspider/2.0; +http://www.baidu.com/search/spider.html)"
123.125.71.92 - - [24/Feb/2016:03:36:57 -0800] "GET / HTTP/1.1" 200 2578 "-" "Mozilla/5.0 (Windows NT 5.1; rv:6.0.2) Gecko/20100101 Firefox/6.0.2"
123.125.71.77 - - [24/Feb/2016:03:36:57 -0800] "GET / HTTP/1.1" 200 6995 "-" "Mozilla/5.0 (Windows NT 5.1; rv:6.0.2) Gecko/20100101 Firefox/6.0.2"
170.75.162.130 - - [24/Feb/2016:03:43:52 -0800] "GET /lib/reccapi.php?resort=whistlerblackcomb HTTP/1.1" 200 933 "-" "node-superagent/1.4.0"
170.75.162.130 - - [24/Feb/2016:03:49:13 -0800] "GET /lib/reccapi.php?resort=grandtarghee HTTP/1.1" 200 1028 "-" "node-superagent/1.4.0"
52.33.40.213 - - [24/Feb/2016:03:53:06 -0800] "GET /lib/reccapi.php?resort=arapahoebasin HTTP/1.1" 200 1028 "-" "node-superagent/1.4.0"
52.33.40.213 - - [24/Feb/2016:03:53:26 -0800] "GET /lib/reccapi.php?resort=angelfire HTTP/1.1" 200 1003 "-" "node-superagent/1.4.0"
52.33.40.213 - - [24/Feb/2016:03:54:06 -0800] "GET /lib/reccapi.php?resort=crystalmountain HTTP/1.1" 200 971 "-" "node-superagent/1.4.0"
52.33.40.213 - - [24/Feb/2016:03:54:26 -0800] "GET /lib/reccapi.php?resort=monarch HTTP/1.1" 200 964 "-" "node-superagent/1.4.0"
199.16.156.124 - - [24/Feb/2016:03:56:45 -0800] "GET /robots.txt HTTP/1.1" 200 363 "-" "Twitterbot/1.0"
199.16.156.124 - - [24/Feb/2016:03:56:45 -0800] "GET / HTTP/1.1" 200 2559 "-" "Twitterbot/1.0"
52.33.40.213 - - [24/Feb/2016:03:59:26 -0800] "GET /lib/reccapi.php?resort=alyeska HTTP/1.1" 200 1039 "-" "node-superagent/1.4.0"
170.75.162.130 - - [24/Feb/2016:04:12:46 -0800] "GET /lib/reccapi.php?resort=silverstarmountain HTTP/1.1" 200 934 "-" "node-superagent/1.4.0"
170.75.162.130 - - [24/Feb/2016:04:14:56 -0800] "GET /lib/reccapi.php?resort=mammothmountain HTTP/1.1" 200 973 "-" "node-superagent/1.4.0"
194.39.218.10 - - [24/Feb/2016:04:32:04 -0800] "GET /images/wsis-logo-sm.png HTTP/1.1" 200 6108 "http://www.thebackcountry.net/" "Mozilla/5.0 (Windows NT 6.1; WOW64; rv:38.0) Gecko/20100101 Firefox/38.0; Mozilla Firefox 38.6.1 - 11712-10116-82"
180.76.15.137 - - [24/Feb/2016:04:34:47 -0800] "GET / HTTP/1.1" 200 6995 "-" "Mozilla/5.0 (compatible; Baiduspider/2.0; +http://www.baidu.com/search/spider.html)"
180.76.15.6 - - [24/Feb/2016:04:35:51 -0800] "GET / HTTP/1.1" 200 6995 "-" "Mozilla/5.0 (compatible; Baiduspider/2.0; +http://www.baidu.com/search/spider.html)"
180.76.15.134 - - [24/Feb/2016:04:38:12 -0800] "GET /styles/ee08faa9.main.css HTTP/1.1" 200 19410 "-" "Mozilla/5.0 (compatible; Baiduspider/2.0; +http://www.baidu.com/search/spider.html)"
123.125.71.108 - - [24/Feb/2016:04:42:12 -0800] "-" 408 0 "-" "-"
170.75.162.130 - - [24/Feb/2016:04:43:00 -0800] "GET /lib/reccapi.php?resort=killington HTTP/1.1" 200 1077 "-" "node-superagent/1.4.0"
170.75.162.130 - - [24/Feb/2016:04:45:30 -0800] "GET /lib/reccapi.php?resort=keystone HTTP/1.1" 200 1014 "-" "node-superagent/1.4.0"
170.75.162.130 - - [24/Feb/2016:04:46:00 -0800] "GET /lib/reccapi.php?resort=angelfire HTTP/1.1" 200 1003 "-" "node-superagent/1.4.0"
170.75.162.130 - - [24/Feb/2016:04:46:00 -0800] "GET /lib/reccapi.php?resort=taos HTTP/1.1" 200 960 "-" "node-superagent/1.4.0"
156.34.29.125 - - [24/Feb/2016:04:46:01 -0800] "GET /images/wsis-logo-sm.png HTTP/1.1" 200 6108 "http://www.thebackcountry.net/" "Mozilla/5.0 (Macintosh; Intel Mac OS X 10_10_4) AppleWebKit/600.7.12 (KHTML, like Gecko) Version/8.0.7 Safari/600.7.12"
170.75.162.130 - - [24/Feb/2016:04:46:30 -0800] "GET /lib/reccapi.php?resort=coppermountain HTTP/1.1" 200 1016 "-" "node-superagent/1.4.0"
170.75.162.130 - - [24/Feb/2016:04:48:20 -0800] "GET /lib/reccapi.php?resort=arapahoebasin HTTP/1.1" 200 1028 "-" "node-superagent/1.4.0"
170.75.162.130 - - [24/Feb/2016:04:48:20 -0800] "GET /lib/reccapi.php?resort=alpinemeadows HTTP/1.1" 200 962 "-" "node-superagent/1.4.0"
170.75.162.130 - - [24/Feb/2016:04:48:21 -0800] "GET /lib/reccapi.php?resort=heavenly HTTP/1.1" 200 968 "-" "node-superagent/1.4.0"
170.75.162.130 - - [24/Feb/2016:04:48:21 -0800] "GET /lib/reccapi.php?resort=kirkwood HTTP/1.1" 200 974 "-" "node-superagent/1.4.0"
170.75.162.130 - - [24/Feb/2016:04:48:21 -0800] "GET /lib/reccapi.php?resort=northstar-at-tahoe HTTP/1.1" 200 959 "-" "node-superagent/1.4.0"
170.75.162.130 - - [24/Feb/2016:04:48:21 -0800] "GET /lib/reccapi.php?resort=parkcity HTTP/1.1" 200 989 "-" "node-superagent/1.4.0"
52.33.40.213 - - [24/Feb/2016:04:52:59 -0800] "GET /lib/reccapi.php?resort=buttermilk HTTP/1.1" 200 987 "-" "node-superagent/1.4.0"
52.33.40.213 - - [24/Feb/2016:04:53:29 -0800] "GET /lib/reccapi.php?resort=snowmass HTTP/1.1" 200 970 "-" "node-superagent/1.4.0"
170.75.162.130 - - [24/Feb/2016:05:04:53 -0800] "GET /lib/reccapi.php?resort=monarch HTTP/1.1" 200 964 "-" "node-superagent/1.4.0"
170.75.162.130 - - [24/Feb/2016:05:13:04 -0800] "GET /lib/reccapi.php?resort=winterpark HTTP/1.1" 200 997 "-" "node-superagent/1.4.0"
52.33.40.213 - - [24/Feb/2016:05:20:30 -0800] "GET /lib/reccapi.php?resort=chinapeak HTTP/1.1" 200 968 "-" "node-superagent/1.4.0"
52.33.40.213 - - [24/Feb/2016:05:20:50 -0800] "GET /lib/reccapi.php?resort=mtrose HTTP/1.1" 200 955 "-" "node-superagent/1.4.0"
52.33.40.213 - - [24/Feb/2016:05:21:50 -0800] "GET /lib/reccapi.php?resort=homewoodmountain HTTP/1.1" 200 974 "-" "node-superagent/1.4.0"
73.167.48.43 - - [24/Feb/2016:05:24:39 -0800] "GET /images/wsis-logo-sm.png HTTP/1.1" 200 6108 "http://www.thebackcountry.net/" "Mozilla/5.0 (Windows NT 10.0; Win64; x64) AppleWebKit/537.36 (KHTML, like Gecko) Chrome/42.0.2311.135 Safari/537.36 Edge/12.10240"
73.167.48.43 - - [24/Feb/2016:05:25:00 -0800] "-" 408 0 "-" "-"
180.76.15.141 - - [24/Feb/2016:05:28:40 -0800] "GET / HTTP/1.1" 200 6995 "-" "Mozilla/5.0 (compatible; Baiduspider/2.0; +http://www.baidu.com/search/spider.html)"
180.76.15.18 - - [24/Feb/2016:05:29:31 -0800] "GET / HTTP/1.1" 200 6995 "-" "Mozilla/5.0 (compatible; Baiduspider/2.0; +http://www.baidu.com/search/spider.html)"
170.75.162.130 - - [24/Feb/2016:05:39:57 -0800] "GET /lib/reccapi.php?resort=redlodge HTTP/1.1" 200 1004 "-" "node-superagent/1.4.0"
52.33.40.213 - - [24/Feb/2016:05:45:51 -0800] "GET /lib/reccapi.php?resort=redlodge HTTP/1.1" 200 1004 "-" "node-superagent/1.4.0"
170.75.162.130 - - [24/Feb/2016:05:47:18 -0800] "GET /lib/reccapi.php?resort=homewoodmountain HTTP/1.1" 200 974 "-" "node-superagent/1.4.0"
170.75.162.130 - - [24/Feb/2016:06:14:22 -0800] "GET /lib/reccapi.php?resort=stevenspass HTTP/1.1" 200 967 "-" "node-superagent/1.4.0"
52.33.40.213 - - [24/Feb/2016:06:14:43 -0800] "GET /lib/reccapi.php?resort=snowbird HTTP/1.1" 200 954 "-" "node-superagent/1.4.0"
52.33.40.213 - - [24/Feb/2016:06:20:33 -0800] "GET /lib/reccapi.php?resort=bigsky HTTP/1.1" 200 980 "-" "node-superagent/1.4.0"
52.33.40.213 - - [24/Feb/2016:06:20:43 -0800] "GET /lib/reccapi.php?resort=jaypeak HTTP/1.1" 200 1116 "-" "node-superagent/1.4.0"
180.76.15.34 - - [24/Feb/2016:06:21:52 -0800] "GET / HTTP/1.1" 200 2578 "-" "Mozilla/5.0 (compatible; Baiduspider/2.0; +http://www.baidu.com/search/spider.html)"
170.75.162.130 - - [24/Feb/2016:06:27:44 -0800] "GET /lib/reccapi.php?resort=steamboat HTTP/1.1" 200 969 "-" "node-superagent/1.4.0"
180.76.15.22 - - [24/Feb/2016:06:28:55 -0800] "GET / HTTP/1.1" 200 6995 "-" "Mozilla/5.0 (compatible; Baiduspider/2.0; +http://www.baidu.com/search/spider.html)"
180.76.15.15 - - [24/Feb/2016:06:29:46 -0800] "GET / HTTP/1.1" 200 6995 "-" "Mozilla/5.0 (compatible; Baiduspider/2.0; +http://www.baidu.com/search/spider.html)"
170.75.162.130 - - [24/Feb/2016:06:36:25 -0800] "GET /lib/reccapi.php?resort=mountspokane HTTP/1.1" 200 978 "-" "node-superagent/1.4.0"
170.75.162.130 - - [24/Feb/2016:06:36:25 -0800] "GET /lib/reccapi.php?resort=49degreesnorth HTTP/1.1" 200 983 "-" "node-superagent/1.4.0"
52.33.40.213 - - [24/Feb/2016:06:44:04 -0800] "GET /lib/reccapi.php?resort=northstar-at-tahoe HTTP/1.1" 200 954 "-" "node-superagent/1.4.0"
104.255.65.207 - - [24/Feb/2016:06:44:20 -0800] "GET /admin/bootstrap.inc.php?mgp=danc3Uf@t&c=whoami HTTP/1.0" 404 518 "-" "-"
52.33.40.213 - - [24/Feb/2016:06:44:34 -0800] "GET /lib/reccapi.php?resort=telluride HTTP/1.1" 200 983 "-" "node-superagent/1.4.0"
52.33.40.213 - - [24/Feb/2016:06:44:54 -0800] "GET /lib/reccapi.php?resort=solitude HTTP/1.1" 200 949 "-" "node-superagent/1.4.0"
52.33.40.213 - - [24/Feb/2016:06:44:54 -0800] "GET /lib/reccapi.php?resort=deervalley HTTP/1.1" 200 1004 "-" "node-superagent/1.4.0"
52.33.40.213 - - [24/Feb/2016:06:44:54 -0800] "GET /lib/reccapi.php?resort=parkcity HTTP/1.1" 200 1007 "-" "node-superagent/1.4.0"
170.75.162.130 - - [24/Feb/2016:06:44:56 -0800] "GET /lib/reccapi.php?resort=diamondpeak HTTP/1.1" 200 930 "-" "node-superagent/1.4.0"
170.75.162.130 - - [24/Feb/2016:06:44:56 -0800] "GET /lib/reccapi.php?resort=mtrose HTTP/1.1" 200 955 "-" "node-superagent/1.4.0"
170.75.162.130 - - [24/Feb/2016:06:44:56 -0800] "GET /lib/reccapi.php?resort=snowbasin HTTP/1.1" 200 960 "-" "node-superagent/1.4.0"
69.230.97.40 - - [24/Feb/2016:06:47:32 -0800] "GET /images/wsis-logo-sm.png HTTP/1.1" 200 6108 "http://thebackcountry.net/" "Mozilla/5.0 (iPhone; CPU iPhone OS 9_2_1 like Mac OS X) AppleWebKit/601.1.46 (KHTML, like Gecko) Version/9.0 Mobile/13D15 Safari/601.1"
50.147.124.196 - - [24/Feb/2016:06:54:28 -0800] "GET /images/wsis-logo-sm.png HTTP/1.1" 200 6108 "http://www.thebackcountry.net/" "Mozilla/5.0 (Windows NT 10.0; WOW64) AppleWebKit/537.36 (KHTML, like Gecko) Chrome/48.0.2564.116 Safari/537.36"
170.75.162.130 - - [24/Feb/2016:06:57:07 -0800] "GET /lib/reccapi.php?resort=deervalley HTTP/1.1" 200 1004 "-" "node-superagent/1.4.0"
52.33.40.213 - - [24/Feb/2016:06:59:15 -0800] "GET /lib/reccapi.php?resort=brighton HTTP/1.1" 200 960 "-" "node-superagent/1.4.0"
52.33.40.213 - - [24/Feb/2016:07:01:15 -0800] "GET /lib/reccapi.php?resort=steamboat HTTP/1.1" 200 969 "-" "node-superagent/1.4.0"
166.170.5.54 - - [24/Feb/2016:07:03:03 -0800] "GET /images/wsis-logo-sm.png HTTP/1.1" 200 6108 "http://www.thebackcountry.net/" "Mozilla/5.0 (iPhone; CPU iPhone OS 7_1_2 like Mac OS X) AppleWebKit/537.51.2 (KHTML, like Gecko) Version/7.0 Mobile/11D257 Safari/9537.53"
166.170.5.54 - - [24/Feb/2016:07:04:09 -0800] "GET /images/wsis-logo-sm.png HTTP/1.1" 200 6108 "http://www.thebackcountry.net/" "Mozilla/5.0 (iPhone; CPU iPhone OS 7_1_2 like Mac OS X) AppleWebKit/537.51.2 (KHTML, like Gecko) Version/7.0 Mobile/11D257 Safari/9537.53"
70.197.25.193 - - [24/Feb/2016:07:17:51 -0800] "GET /images/wsis-logo-sm.png HTTP/1.1" 200 6108 "http://www.thebackcountry.net/" "Mozilla/5.0 (Android 4.4.2; Mobile; rv:41.0) Gecko/41.0 Firefox/41.0"
52.33.40.213 - - [24/Feb/2016:07:25:36 -0800] "GET /lib/reccapi.php?resort=whitefacemountain HTTP/1.1" 200 1081 "-" "node-superagent/1.4.0"
52.33.40.213 - - [24/Feb/2016:07:28:26 -0800] "GET /lib/reccapi.php?resort=smugglersnotch HTTP/1.1" 200 1094 "-" "node-superagent/1.4.0"
170.75.162.130 - - [24/Feb/2016:07:30:41 -0800] "GET /lib/reccapi.php?resort=alyeska HTTP/1.1" 200 1042 "-" "node-superagent/1.4.0"
180.76.15.163 - - [24/Feb/2016:07:31:42 -0800] "GET / HTTP/1.1" 200 6995 "-" "Mozilla/5.0 (compatible; Baiduspider/2.0; +http://www.baidu.com/search/spider.html)"
180.76.15.138 - - [24/Feb/2016:07:32:37 -0800] "GET / HTTP/1.1" 200 6995 "-" "Mozilla/5.0 (compatible; Baiduspider/2.0; +http://www.baidu.com/search/spider.html)"
170.75.162.130 - - [24/Feb/2016:07:42:02 -0800] "GET /lib/reccapi.php?resort=crystalmountain HTTP/1.1" 200 975 "-" "node-superagent/1.4.0"
75.42.70.254 - - [24/Feb/2016:07:47:13 -0800] "GET /images/wsis-logo-sm.png HTTP/1.1" 200 6108 "http://thebackcountry.net/" "Mozilla/5.0 (Windows NT 10.0; WOW64) AppleWebKit/537.36 (KHTML, like Gecko) Chrome/48.0.2564.109 Safari/537.36"
66.249.64.8 - - [24/Feb/2016:07:49:46 -0800] "GET /robots.txt HTTP/1.1" 200 419 "-" "Mozilla/5.0 (compatible; Googlebot/2.1; +http://www.google.com/bot.html)"
66.249.64.2 - - [24/Feb/2016:07:49:46 -0800] "GET /resorts?resort=jaypeak HTTP/1.1" 404 506 "-" "DoCoMo/2.0 N905i(c100;TB;W24H16) (compatible; Googlebot-Mobile/2.1; +http://www.google.com/bot.html)"
199.116.169.254 - - [24/Feb/2016:07:50:06 -0800] "GET / HTTP/1.1" 200 7032 "-" "Mozilla/5.0 (Windows NT 6.1; WOW64) AppleWebKit/537.36 (KHTML, like Gecko) Chrome/47.0.2526.80 Safari/537.36"
159.189.213.48 - - [24/Feb/2016:07:50:07 -0800] "GET / HTTP/1.1" 200 2615 "-" "Mozilla/5.0 (Windows NT 6.1; WOW64) AppleWebKit/537.36 (KHTML, like Gecko) Chrome/47.0.2526.80 Safari/537.36"
159.189.213.48 - - [24/Feb/2016:07:50:07 -0800] "GET /styles/ee08faa9.main.css HTTP/1.1" 200 19446 "http://whereshouldiski.com/" "Mozilla/5.0 (Windows NT 6.1; WOW64) AppleWebKit/537.36 (KHTML, like Gecko) Chrome/47.0.2526.80 Safari/537.36"
159.189.213.48 - - [24/Feb/2016:07:50:07 -0800] "GET /images/logo-square-white-sm.png HTTP/1.1" 200 1684 "http://whereshouldiski.com/" "Mozilla/5.0 (Windows NT 6.1; WOW64) AppleWebKit/537.36 (KHTML, like Gecko) Chrome/47.0.2526.80 Safari/537.36"
159.189.213.48 - - [24/Feb/2016:07:50:07 -0800] "GET /scripts/scripts/vendor/modernizr.js HTTP/1.1" 200 4903 "http://whereshouldiski.com/" "Mozilla/5.0 (Windows NT 6.1; WOW64) AppleWebKit/537.36 (KHTML, like Gecko) Chrome/47.0.2526.80 Safari/537.36"
159.189.213.48 - - [24/Feb/2016:07:50:07 -0800] "GET /bower_components/requirejs/require.js HTTP/1.1" 200 6702 "http://whereshouldiski.com/" "Mozilla/5.0 (Windows NT 6.1; WOW64) AppleWebKit/537.36 (KHTML, like Gecko) Chrome/47.0.2526.80 Safari/537.36"
159.189.213.48 - - [24/Feb/2016:07:50:08 -0800] "GET /images/loading.gif HTTP/1.1" 200 13881 "http://whereshouldiski.com/" "Mozilla/5.0 (Windows NT 6.1; WOW64) AppleWebKit/537.36 (KHTML, like Gecko) Chrome/47.0.2526.80 Safari/537.36"
159.189.213.48 - - [24/Feb/2016:07:50:09 -0800] "GET /scripts/fa48e319.main.js HTTP/1.1" 200 123455 "http://whereshouldiski.com/" "Mozilla/5.0 (Windows NT 6.1; WOW64) AppleWebKit/537.36 (KHTML, like Gecko) Chrome/47.0.2526.80 Safari/537.36"
159.189.213.48 - - [24/Feb/2016:07:50:13 -0800] "GET /images/button.png HTTP/1.1" 200 598 "http://whereshouldiski.com/styles/ee08faa9.main.css" "Mozilla/5.0 (Windows NT 6.1; WOW64) AppleWebKit/537.36 (KHTML, like Gecko) Chrome/47.0.2526.80 Safari/537.36"
199.116.169.254 - - [24/Feb/2016:07:50:13 -0800] "GET /lib/reccapi.php?fields=t HTTP/1.1" 200 11830 "-" "Mozilla/5.0 (Windows NT 6.1; WOW64) AppleWebKit/537.36 (KHTML, like Gecko) Chrome/47.0.2526.80 Safari/537.36"
159.189.213.48 - - [24/Feb/2016:07:50:13 -0800] "GET /images/greyHeader.png HTTP/1.1" 200 509 "http://whereshouldiski.com/styles/ee08faa9.main.css" "Mozilla/5.0 (Windows NT 6.1; WOW64) AppleWebKit/537.36 (KHTML, like Gecko) Chrome/47.0.2526.80 Safari/537.36"
159.189.213.48 - - [24/Feb/2016:07:50:13 -0800] "GET /lib/reccapi.php?fields=t HTTP/1.1" 200 1894 "http://whereshouldiski.com/" "Mozilla/5.0 (Windows NT 6.1; WOW64) AppleWebKit/537.36 (KHTML, like Gecko) Chrome/47.0.2526.80 Safari/537.36"
159.189.213.48 - - [24/Feb/2016:07:50:13 -0800] "GET /images/star5.png HTTP/1.1" 200 1783 "http://whereshouldiski.com/styles/ee08faa9.main.css" "Mozilla/5.0 (Windows NT 6.1; WOW64) AppleWebKit/537.36 (KHTML, like Gecko) Chrome/47.0.2526.80 Safari/537.36"
159.189.213.48 - - [24/Feb/2016:07:50:13 -0800] "GET /images/bluebird5.png HTTP/1.1" 200 2177 "http://whereshouldiski.com/styles/ee08faa9.main.css" "Mozilla/5.0 (Windows NT 6.1; WOW64) AppleWebKit/537.36 (KHTML, like Gecko) Chrome/47.0.2526.80 Safari/537.36"
159.189.213.48 - - [24/Feb/2016:07:50:13 -0800] "GET /images/snowflake5.png HTTP/1.1" 200 2857 "http://whereshouldiski.com/styles/ee08faa9.main.css" "Mozilla/5.0 (Windows NT 6.1; WOW64) AppleWebKit/537.36 (KHTML, like Gecko) Chrome/47.0.2526.80 Safari/537.36"
159.189.213.48 - - [24/Feb/2016:07:50:14 -0800] "GET /images/mtns-icon.png HTTP/1.1" 200 1097 "http://whereshouldiski.com/styles/ee08faa9.main.css" "Mozilla/5.0 (Windows NT 6.1; WOW64) AppleWebKit/537.36 (KHTML, like Gecko) Chrome/47.0.2526.80 Safari/537.36"
159.189.213.48 - - [24/Feb/2016:07:50:14 -0800] "GET /images/shading-icon.png HTTP/1.1" 200 537 "http://whereshouldiski.com/styles/ee08faa9.main.css" "Mozilla/5.0 (Windows NT 6.1; WOW64) AppleWebKit/537.36 (KHTML, like Gecko) Chrome/47.0.2526.80 Safari/537.36"
67.2.84.179 - - [24/Feb/2016:07:53:05 -0800] "GET /images/wsis-logo-sm.png HTTP/1.1" 200 6108 "http://www.thebackcountry.net/" "Mozilla/5.0 (Macintosh; Intel Mac OS X 10_11_3) AppleWebKit/601.4.4 (KHTML, like Gecko) Version/9.0.3 Safari/601.4.4"
170.75.162.130 - - [24/Feb/2016:07:56:53 -0800] "GET /lib/reccapi.php?resort=devilshead HTTP/1.1" 200 956 "-" "node-superagent/1.4.0"
52.33.40.213 - - [24/Feb/2016:07:58:08 -0800] "GET /lib/reccapi.php?resort=alpinemeadows HTTP/1.1" 200 963 "-" "node-superagent/1.4.0"
170.75.162.130 - - [24/Feb/2016:07:59:33 -0800] "GET /lib/reccapi.php?resort=solitude HTTP/1.1" 200 949 "-" "node-superagent/1.4.0"
52.33.40.213 - - [24/Feb/2016:08:00:08 -0800] "GET /lib/reccapi.php?resort=squawvalleyusa HTTP/1.1" 200 971 "-" "node-superagent/1.4.0"
68.180.229.34 - - [24/Feb/2016:08:03:27 -0800] "GET /robots.txt HTTP/1.1" 200 319 "-" "Mozilla/5.0 (compatible; Yahoo! Slurp; http://help.yahoo.com/help/us/ysearch/slurp)"
68.180.229.34 - - [24/Feb/2016:08:03:27 -0800] "GET /resorts?resort=silverstarmountain HTTP/1.1" 404 450 "-" "Mozilla/5.0 (compatible; Yahoo! Slurp; http://help.yahoo.com/help/us/ysearch/slurp)"
170.75.162.130 - - [24/Feb/2016:08:04:03 -0800] "GET /lib/reccapi.php?resort=mountbachelor HTTP/1.1" 200 971 "-" "node-superagent/1.4.0"
99.2.12.126 - - [24/Feb/2016:08:05:23 -0800] "GET /images/wsis-logo-sm.png HTTP/1.1" 200 6108 "http://www.thebackcountry.net/" "Mozilla/5.0 (Windows NT 6.1; WOW64; Trident/7.0; rv:11.0) like Gecko"
99.2.12.126 - - [24/Feb/2016:08:05:44 -0800] "-" 408 0 "-" "-"
170.75.162.130 - - [24/Feb/2016:08:12:54 -0800] "GET /lib/reccapi.php?resort=snowmass HTTP/1.1" 200 961 "-" "node-superagent/1.4.0"
170.75.162.130 - - [24/Feb/2016:08:18:35 -0800] "GET /lib/reccapi.php?resort=jaypeak HTTP/1.1" 200 1115 "-" "node-superagent/1.4.0"
170.75.162.130 - - [24/Feb/2016:08:18:35 -0800] "GET /lib/reccapi.php?resort=madriverglen HTTP/1.1" 200 1079 "-" "node-superagent/1.4.0"
170.75.162.130 - - [24/Feb/2016:08:18:36 -0800] "GET /lib/reccapi.php?resort=smugglersnotch HTTP/1.1" 200 1094 "-" "node-superagent/1.4.0"
170.75.162.130 - - [24/Feb/2016:08:18:36 -0800] "GET /lib/reccapi.php?resort=stowe HTTP/1.1" 200 1084 "-" "node-superagent/1.4.0"
170.75.162.130 - - [24/Feb/2016:08:18:36 -0800] "GET /lib/reccapi.php?resort=sugarbush HTTP/1.1" 200 1057 "-" "node-superagent/1.4.0"
207.46.13.101 - - [24/Feb/2016:08:21:07 -0800] "GET / HTTP/1.1" 200 2615 "-" "Mozilla/5.0 (compatible; bingbot/2.0; +http://www.bing.com/bingbot.htm)"
70.211.64.68 - - [24/Feb/2016:08:22:32 -0800] "GET /images/wsis-logo-sm.png HTTP/1.1" 200 6108 "http://www.thebackcountry.net/" "Mozilla/5.0 (Linux; Android 5.1.1; SM-N920V Build/LMY47X) AppleWebKit/537.36 (KHTML, like Gecko) Chrome/48.0.2564.95 Mobile Safari/537.36"
47.208.174.88 - - [24/Feb/2016:08:24:39 -0800] "GET /images/wsis-logo-sm.png HTTP/1.1" 200 6108 "http://www.thebackcountry.net/" "Mozilla/5.0 (Macintosh; Intel Mac OS X 10_11_3) AppleWebKit/601.4.4 (KHTML, like Gecko) Version/9.0.3 Safari/601.4.4"
170.75.162.130 - - [24/Feb/2016:08:24:55 -0800] "GET /lib/reccapi.php?resort=mounthoodmeadows HTTP/1.1" 200 993 "-" "node-superagent/1.4.0"
70.211.64.68 - - [24/Feb/2016:08:25:24 -0800] "-" 408 0 "-" "-"
70.211.64.68 - - [24/Feb/2016:08:25:24 -0800] "-" 408 0 "-" "-"
70.211.64.68 - - [24/Feb/2016:08:25:24 -0800] "-" 408 0 "-" "-"
180.76.15.31 - - [24/Feb/2016:08:33:37 -0800] "GET / HTTP/1.1" 200 6995 "-" "Mozilla/5.0 (compatible; Baiduspider/2.0; +http://www.baidu.com/search/spider.html)"
180.76.15.7 - - [24/Feb/2016:08:34:36 -0800] "GET / HTTP/1.1" 200 6995 "-" "Mozilla/5.0 (compatible; Baiduspider/2.0; +http://www.baidu.com/search/spider.html)"
170.75.162.130 - - [24/Feb/2016:08:36:06 -0800] "GET /lib/reccapi.php?resort=squawvalleyusa HTTP/1.1" 200 971 "-" "node-superagent/1.4.0"
170.75.162.130 - - [24/Feb/2016:08:36:57 -0800] "GET /lib/reccapi.php?resort=mammothmountain HTTP/1.1" 200 1021 "-" "node-superagent/1.4.0"
12.146.28.218 - - [24/Feb/2016:08:37:28 -0800] "GET /images/wsis-logo-sm.png HTTP/1.1" 200 6108 "http://www.thebackcountry.net/" "Mozilla/5.0 (Macintosh; Intel Mac OS X 10.10; rv:43.0) Gecko/20100101 Firefox/43.0"
52.33.40.213 - - [24/Feb/2016:08:38:20 -0800] "GET /lib/reccapi.php?resort=mounthoodmeadows HTTP/1.1" 200 993 "-" "node-superagent/1.4.0"
52.33.40.213 - - [24/Feb/2016:08:39:20 -0800] "GET /lib/reccapi.php?resort=brianhead HTTP/1.1" 200 975 "-" "node-superagent/1.4.0"
170.75.162.130 - - [24/Feb/2016:08:46:17 -0800] "GET /lib/reccapi.php?resort=whitefacemountain HTTP/1.1" 200 1081 "-" "node-superagent/1.4.0"
170.75.162.130 - - [24/Feb/2016:08:48:37 -0800] "GET /lib/reccapi.php?resort=kirkwood HTTP/1.1" 200 977 "-" "node-superagent/1.4.0"
170.75.162.130 - - [24/Feb/2016:08:54:37 -0800] "GET /lib/reccapi.php?resort=jacksonhole HTTP/1.1" 200 998 "-" "node-superagent/1.4.0"
170.75.162.130 - - [24/Feb/2016:08:56:07 -0800] "GET /lib/reccapi.php?resort=sunvalley HTTP/1.1" 200 1020 "-" "node-superagent/1.4.0"
170.75.162.130 - - [24/Feb/2016:08:58:18 -0800] "GET /lib/reccapi.php?resort=wildcatmountain HTTP/1.1" 200 1076 "-" "node-superagent/1.4.0"
170.75.162.130 - - [24/Feb/2016:08:58:28 -0800] "GET /lib/reccapi.php?resort=aspenheights HTTP/1.1" 200 992 "-" "node-superagent/1.4.0"
170.75.162.130 - - [24/Feb/2016:08:58:28 -0800] "GET /lib/reccapi.php?resort=aspenmountain HTTP/1.1" 200 1001 "-" "node-superagent/1.4.0"
170.75.162.130 - - [24/Feb/2016:08:58:28 -0800] "GET /lib/reccapi.php?resort=buttermilk HTTP/1.1" 200 962 "-" "node-superagent/1.4.0"
