125.160.102.162 - - [19/Oct/2015:19:40:49 -0700] "GET /scripts/scripts/vendor/modernizr.js HTTP/1.1" 200 11435 "http://whereshouldiski.com/" "Mozilla/5.0 (Windows NT 6.1; WOW64) AppleWebKit/537.36 (KHTML, like Gecko) Chrome/36.0.1985.143 Safari/537.36"
125.160.102.162 - - [19/Oct/2015:19:40:49 -0700] "GET /styles/0fffd548.main.css HTTP/1.1" 200 108878 "http://whereshouldiski.com/" "Mozilla/5.0 (Windows NT 6.1; WOW64) AppleWebKit/537.36 (KHTML, like Gecko) Chrome/36.0.1985.143 Safari/537.36"
125.160.102.162 - - [19/Oct/2015:19:40:50 -0700] "GET /bower_components/requirejs/require.js HTTP/1.1" 200 17184 "http://whereshouldiski.com/" "Mozilla/5.0 (Windows NT 6.1; WOW64) AppleWebKit/537.36 (KHTML, like Gecko) Chrome/36.0.1985.143 Safari/537.36"
180.76.15.159 - - [19/Oct/2015:19:41:25 -0700] "GET /viz/2012-2013-viz.php HTTP/1.1" 404 469 "-" "Mozilla/5.0 (compatible; Baiduspider/2.0; +http://www.baidu.com/search/spider.html)"
170.75.162.130 - - [19/Oct/2015:19:43:15 -0700] "GET /lib/reccapi.php?resort=killington HTTP/1.1" 200 958 "-" "node-superagent/0.18.2"
220.181.108.156 - - [19/Oct/2015:19:46:04 -0700] "-" 408 0 "-" "-"
180.76.15.31 - - [19/Oct/2015:19:49:30 -0700] "GET / HTTP/1.1" 200 6114 "-" "Mozilla/5.0 (compatible; Baiduspider/2.0; +http://www.baidu.com/search/spider.html)"
180.76.15.10 - - [19/Oct/2015:19:50:38 -0700] "GET / HTTP/1.1" 200 6114 "-" "Mozilla/5.0 (compatible; Baiduspider/2.0; +http://www.baidu.com/search/spider.html)"
74.73.58.25 - - [19/Oct/2015:20:23:14 -0700] "GET /images/wsis-logo-sm.png HTTP/1.1" 200 6108 "http://www.thebackcountry.net/" "Mozilla/5.0 (Windows NT 10.0; WOW64) AppleWebKit/537.36 (KHTML, like Gecko) Chrome/46.0.2490.71 Safari/537.36"
170.75.162.130 - - [19/Oct/2015:20:24:00 -0700] "GET /lib/reccapi.php?resort=bigsky HTTP/1.1" 200 1015 "-" "node-superagent/0.18.2"
50.193.36.178 - - [19/Oct/2015:20:35:01 -0700] "GET /images/wsis-logo-sm.png HTTP/1.1" 200 6108 "http://www.thebackcountry.net/" "Mozilla/5.0 (Windows NT 6.1; WOW64) AppleWebKit/537.36 (KHTML, like Gecko) Chrome/46.0.2490.71 Safari/537.36"
123.125.71.82 - - [19/Oct/2015:20:42:05 -0700] "-" 408 0 "-" "-"
180.76.15.149 - - [19/Oct/2015:20:43:05 -0700] "GET / HTTP/1.1" 200 6114 "-" "Mozilla/5.0 (compatible; Baiduspider/2.0; +http://www.baidu.com/search/spider.html)"
180.76.15.25 - - [19/Oct/2015:20:43:56 -0700] "GET / HTTP/1.1" 200 6114 "-" "Mozilla/5.0 (compatible; Baiduspider/2.0; +http://www.baidu.com/search/spider.html)"
220.181.108.141 - - [19/Oct/2015:20:47:41 -0700] "-" 408 0 "-" "-"
170.75.162.130 - - [19/Oct/2015:20:47:44 -0700] "GET /lib/reccapi.php?resort=canyons HTTP/1.1" 200 975 "-" "node-superagent/0.18.2"
170.75.162.130 - - [19/Oct/2015:21:13:17 -0700] "GET /lib/reccapi.php?resort=arapahoebasin HTTP/1.1" 200 1015 "-" "node-superagent/0.18.2"
170.75.162.130 - - [19/Oct/2015:21:13:17 -0700] "GET /lib/reccapi.php?resort=angelfire HTTP/1.1" 200 1019 "-" "node-superagent/0.18.2"
170.75.162.130 - - [19/Oct/2015:21:13:17 -0700] "GET /lib/reccapi.php?resort=aspenmountain HTTP/1.1" 200 1031 "-" "node-superagent/0.18.2"
170.75.162.130 - - [19/Oct/2015:21:13:17 -0700] "GET /lib/reccapi.php?resort=bigwhite HTTP/1.1" 200 911 "-" "node-superagent/0.18.2"
170.75.162.130 - - [19/Oct/2015:21:13:17 -0700] "GET /lib/reccapi.php?resort=alyeska HTTP/1.1" 200 1021 "-" "node-superagent/0.18.2"
170.75.162.130 - - [19/Oct/2015:21:13:17 -0700] "GET /lib/reccapi.php?resort=aspenheights HTTP/1.1" 200 1028 "-" "node-superagent/0.18.2"
170.75.162.130 - - [19/Oct/2015:21:13:17 -0700] "GET /lib/reccapi.php?resort=brianhead HTTP/1.1" 200 1037 "-" "node-superagent/0.18.2"
66.249.79.227 - - [19/Oct/2015:21:18:45 -0700] "GET /images/viz-screenshot.png HTTP/1.1" 404 517 "-" "Googlebot-Image/1.0"
170.75.162.130 - - [19/Oct/2015:21:25:08 -0700] "GET /lib/reccapi.php?resort=northstar-at-tahoe HTTP/1.1" 200 959 "-" "node-superagent/0.18.2"
170.75.162.130 - - [19/Oct/2015:21:25:08 -0700] "GET /lib/reccapi.php?resort=sierra-at-tahoe HTTP/1.1" 200 994 "-" "node-superagent/0.18.2"
170.75.162.130 - - [19/Oct/2015:21:25:08 -0700] "GET /lib/reccapi.php?resort=sugarbowl HTTP/1.1" 200 959 "-" "node-superagent/0.18.2"
170.75.162.130 - - [19/Oct/2015:21:29:39 -0700] "GET /lib/reccapi.php?resort=sunpeaksresort HTTP/1.1" 200 910 "-" "node-superagent/0.18.2"
123.125.71.108 - - [19/Oct/2015:21:40:23 -0700] "-" 408 0 "-" "-"
220.181.108.141 - - [19/Oct/2015:21:46:26 -0700] "-" 408 0 "-" "-"
180.76.15.22 - - [19/Oct/2015:21:50:11 -0700] "GET / HTTP/1.1" 200 6114 "-" "Mozilla/5.0 (compatible; Baiduspider/2.0; +http://www.baidu.com/search/spider.html)"
180.76.15.28 - - [19/Oct/2015:21:50:59 -0700] "GET / HTTP/1.1" 200 6114 "-" "Mozilla/5.0 (compatible; Baiduspider/2.0; +http://www.baidu.com/search/spider.html)"
170.75.162.130 - - [19/Oct/2015:21:59:03 -0700] "GET /lib/reccapi.php?resort=mountainhigh HTTP/1.1" 200 977 "-" "node-superagent/0.18.2"
170.75.162.130 - - [19/Oct/2015:21:59:13 -0700] "GET /lib/reccapi.php?resort=redmountain HTTP/1.1" 200 900 "-" "node-superagent/0.18.2"
170.75.162.130 - - [19/Oct/2015:21:59:33 -0700] "GET /lib/reccapi.php?resort=chinapeak HTTP/1.1" 200 989 "-" "node-superagent/0.18.2"
170.75.162.130 - - [19/Oct/2015:22:01:03 -0700] "GET /lib/reccapi.php?resort=whistlerblackcomb HTTP/1.1" 200 921 "-" "node-superagent/0.18.2"
170.75.162.130 - - [19/Oct/2015:22:02:13 -0700] "GET /lib/reccapi.php?resort=jaypeak HTTP/1.1" 200 985 "-" "node-superagent/0.18.2"
170.75.162.130 - - [19/Oct/2015:22:02:13 -0700] "GET /lib/reccapi.php?resort=sundayriver HTTP/1.1" 200 957 "-" "node-superagent/0.18.2"
170.75.162.130 - - [19/Oct/2015:22:02:13 -0700] "GET /lib/reccapi.php?resort=stowe HTTP/1.1" 200 951 "-" "node-superagent/0.18.2"
170.75.162.130 - - [19/Oct/2015:22:02:13 -0700] "GET /lib/reccapi.php?resort=cannonmountain HTTP/1.1" 200 959 "-" "node-superagent/0.18.2"
59.178.53.126 - - [19/Oct/2015:22:08:37 -0700] "GET /images/wsis-logo-sm.png HTTP/1.1" 200 6108 "http://thebackcountry.net/" "Mozilla/5.0 (Windows NT 6.1; WOW64) AppleWebKit/537.36 (KHTML, like Gecko) Chrome/36.0.1985.143 Safari/537.36"
70.214.42.40 - - [19/Oct/2015:22:17:08 -0700] "GET /images/wsis-logo-sm.png HTTP/1.1" 200 6108 "http://www.thebackcountry.net/" "Mozilla/5.0 (iPhone; CPU iPhone OS 9_0_1 like Mac OS X) AppleWebKit/601.1.46 (KHTML, like Gecko) Version/9.0 Mobile/13A404 Safari/601.1"
123.125.71.115 - - [19/Oct/2015:22:42:25 -0700] "-" 408 0 "-" "-"
220.181.108.155 - - [19/Oct/2015:22:48:26 -0700] "-" 408 0 "-" "-"
170.75.162.130 - - [19/Oct/2015:22:49:29 -0700] "GET /lib/reccapi.php?resort=homewoodmountain HTTP/1.1" 200 973 "-" "node-superagent/0.18.2"
170.75.162.130 - - [19/Oct/2015:23:01:21 -0700] "GET /lib/reccapi.php?resort=deervalley HTTP/1.1" 200 1007 "-" "node-superagent/0.18.2"
180.76.15.14 - - [19/Oct/2015:23:15:38 -0700] "GET /resorts?resort=aspenmountain HTTP/1.1" 404 469 "-" "Mozilla/5.0 (compatible; Baiduspider/2.0; +http://www.baidu.com/search/spider.html)"
170.75.162.130 - - [19/Oct/2015:23:18:43 -0700] "GET /lib/reccapi.php?resort=kirkwood HTTP/1.1" 200 1009 "-" "node-superagent/0.18.2"
24.5.129.83 - - [19/Oct/2015:23:20:08 -0700] "GET /images/wsis-logo-sm.png HTTP/1.1" 200 6108 "http://www.thebackcountry.net/" "Mozilla/5.0 (Macintosh; Intel Mac OS X 10_10_5) AppleWebKit/537.36 (KHTML, like Gecko) Chrome/45.0.2454.101 Safari/537.36"
66.249.79.220 - - [19/Oct/2015:23:39:29 -0700] "GET /robots.txt HTTP/1.1" 200 419 "-" "Mozilla/5.0 (compatible; Googlebot/2.1; +http://www.google.com/bot.html)"
66.249.79.220 - - [19/Oct/2015:23:39:29 -0700] "GET /resorts?resort=chinapeak HTTP/1.1" 404 505 "-" "Mozilla/5.0 (compatible; Googlebot/2.1; +http://www.google.com/bot.html)"
123.125.71.73 - - [19/Oct/2015:23:40:53 -0700] "-" 408 0 "-" "-"
72.46.139.154 - - [19/Oct/2015:23:41:10 -0700] "GET / HTTP/1.1" 200 2320 "-" "Go 1.1 package http"
72.46.139.154 - - [19/Oct/2015:23:41:10 -0700] "GET /components/com_mailto/views/sent/metadata.xml HTTP/1.1" 404 473 "-" "Go 1.1 package http"
72.46.139.154 - - [19/Oct/2015:23:41:10 -0700] "GET /components/com_mailto/views/sent/metadata.xml HTTP/1.1" 404 473 "-" "Go 1.1 package http"
72.46.139.154 - - [19/Oct/2015:23:41:10 -0700] "GET /htaccess.txt HTTP/1.1" 404 451 "-" "Go 1.1 package http"
72.46.139.154 - - [19/Oct/2015:23:41:10 -0700] "GET /libraries/joomla/filesystem/meta/language/en-GB/en-GB.lib_joomla_filesystem_patcher.ini HTTP/1.1" 404 495 "-" "Go 1.1 package http"
72.46.139.154 - - [19/Oct/2015:23:41:10 -0700] "GET /CONTRIBUTING.md HTTP/1.1" 404 455 "-" "Go 1.1 package http"
72.46.139.154 - - [19/Oct/2015:23:41:10 -0700] "GET /phpunit.xml.dist HTTP/1.1" 404 454 "-" "Go 1.1 package http"
72.46.139.154 - - [19/Oct/2015:23:41:10 -0700] "GET /robots.txt HTTP/1.1" 200 363 "-" "Go 1.1 package http"
72.46.139.154 - - [19/Oct/2015:23:41:10 -0700] "GET /joomla.xml HTTP/1.1" 404 451 "-" "Go 1.1 package http"
72.46.139.154 - - [19/Oct/2015:23:41:10 -0700] "GET /README.txt HTTP/1.1" 404 451 "-" "Go 1.1 package http"
72.46.139.154 - - [19/Oct/2015:23:41:10 -0700] "GET /robots.txt.dist HTTP/1.1" 404 453 "-" "Go 1.1 package http"
72.46.139.154 - - [19/Oct/2015:23:41:10 -0700] "GET /web.config.txt HTTP/1.1" 404 453 "-" "Go 1.1 package http"
72.46.139.154 - - [19/Oct/2015:23:41:10 -0700] "GET /installation/CHANGELOG HTTP/1.1" 404 450 "-" "Go 1.1 package http"
72.46.139.154 - - [19/Oct/2015:23:41:10 -0700] "GET /administrator/components/com_login/login.xml HTTP/1.1" 404 471 "-" "Go 1.1 package http"
72.46.139.154 - - [19/Oct/2015:23:41:10 -0700] "GET /components/com_wrapper/wrapper.xml HTTP/1.1" 404 462 "-" "Go 1.1 package http"
72.46.139.154 - - [19/Oct/2015:23:41:10 -0700] "GET /installation/language/en-GB/en-GB.ini HTTP/1.1" 404 467 "-" "Go 1.1 package http"
72.46.139.154 - - [19/Oct/2015:23:41:10 -0700] "GET /installation/language/en-US/en-US.ini HTTP/1.1" 404 466 "-" "Go 1.1 package http"
72.46.139.154 - - [19/Oct/2015:23:41:11 -0700] "GET /installation/language/zh-CN/zh-CN.ini HTTP/1.1" 404 467 "-" "Go 1.1 package http"
72.46.139.154 - - [19/Oct/2015:23:41:11 -0700] "GET /installation/template/js/installation.js HTTP/1.1" 404 464 "-" "Go 1.1 package http"
72.46.139.154 - - [19/Oct/2015:23:41:11 -0700] "GET /language/en-GB/en-GB.com_contact.ini HTTP/1.1" 404 467 "-" "Go 1.1 package http"
72.46.139.154 - - [19/Oct/2015:23:41:11 -0700] "GET /libraries/joomla/html/language/en-GB/en-GB.jhtmldate.ini HTTP/1.1" 404 476 "-" "Go 1.1 package http"
72.46.139.154 - - [19/Oct/2015:23:41:11 -0700] "GET /media/com_finder/js/indexer.js HTTP/1.1" 404 463 "-" "Go 1.1 package http"
72.46.139.154 - - [19/Oct/2015:23:41:11 -0700] "GET /media/com_joomlaupdate/default.js HTTP/1.1" 404 467 "-" "Go 1.1 package http"
72.46.139.154 - - [19/Oct/2015:23:41:11 -0700] "GET /media/editors/tinymce/templates/template_list.js HTTP/1.1" 404 471 "-" "Go 1.1 package http"
72.46.139.154 - - [19/Oct/2015:23:41:11 -0700] "GET /media/jui/css/chosen.css HTTP/1.1" 404 458 "-" "Go 1.1 package http"
72.46.139.154 - - [19/Oct/2015:23:41:11 -0700] "GET /modules/mod_banners/mod_banners.xml HTTP/1.1" 404 460 "-" "Go 1.1 package http"
72.46.139.154 - - [19/Oct/2015:23:41:11 -0700] "GET /plugins/authentication/joomla/joomla.xml HTTP/1.1" 404 468 "-" "Go 1.1 package http"
72.46.139.154 - - [19/Oct/2015:23:41:11 -0700] "GET /wp-login.php HTTP/1.1" 404 450 "-" "Go 1.1 package http"
72.46.139.154 - - [19/Oct/2015:23:41:11 -0700] "GET /license.txt HTTP/1.1" 404 451 "-" "Go 1.1 package http"
72.46.139.154 - - [19/Oct/2015:23:41:11 -0700] "GET /license.txt HTTP/1.1" 404 451 "-" "Go 1.1 package http"
72.46.139.154 - - [19/Oct/2015:23:41:11 -0700] "GET /robots.txt HTTP/1.1" 200 363 "-" "Go 1.1 package http"
72.46.139.154 - - [19/Oct/2015:23:41:11 -0700] "GET /license.txt HTTP/1.1" 404 451 "-" "Go 1.1 package http"
72.46.139.154 - - [19/Oct/2015:23:41:11 -0700] "GET /wp-content/themes/twentyten/images/wordpress.png HTTP/1.1" 404 473 "-" "Go 1.1 package http"
72.46.139.154 - - [19/Oct/2015:23:41:11 -0700] "GET /wp-admin/images/wp-logo-2x.png HTTP/1.1" 404 463 "-" "Go 1.1 package http"
72.46.139.154 - - [19/Oct/2015:23:41:11 -0700] "GET /readme.txt HTTP/1.1" 404 450 "-" "Go 1.1 package http"
72.46.139.154 - - [19/Oct/2015:23:41:11 -0700] "GET /help.txt HTTP/1.1" 404 448 "-" "Go 1.1 package http"
72.46.139.154 - - [19/Oct/2015:23:41:11 -0700] "GET /readme.html HTTP/1.1" 404 450 "-" "Go 1.1 package http"
72.46.139.154 - - [19/Oct/2015:23:41:11 -0700] "GET /readme.htm HTTP/1.1" 404 450 "-" "Go 1.1 package http"
72.46.139.154 - - [19/Oct/2015:23:41:11 -0700] "GET /wp-admin/css/colors-classic.css HTTP/1.1" 404 464 "-" "Go 1.1 package http"
72.46.139.154 - - [19/Oct/2015:23:41:11 -0700] "GET /wp-admin/js/media-upload.dev.js HTTP/1.1" 404 465 "-" "Go 1.1 package http"
72.46.139.154 - - [19/Oct/2015:23:41:11 -0700] "GET /wp-content/plugins/akismet/akismet.js HTTP/1.1" 404 466 "-" "Go 1.1 package http"
72.46.139.154 - - [19/Oct/2015:23:41:11 -0700] "GET /wp-content/themes/classic/rtl.css HTTP/1.1" 404 465 "-" "Go 1.1 package http"
72.46.139.154 - - [19/Oct/2015:23:41:12 -0700] "GET /wp-content/themes/twentyeleven/readme.txt HTTP/1.1" 404 470 "-" "Go 1.1 package http"
72.46.139.154 - - [19/Oct/2015:23:41:12 -0700] "GET /wp-content/themes/twentyten/style.css HTTP/1.1" 404 466 "-" "Go 1.1 package http"
72.46.139.154 - - [19/Oct/2015:23:41:12 -0700] "GET /wp-includes/css/buttons.css HTTP/1.1" 404 461 "-" "Go 1.1 package http"
72.46.139.154 - - [19/Oct/2015:23:41:12 -0700] "GET /wp-includes/js/scriptaculous/wp-scriptaculous.js HTTP/1.1" 404 469 "-" "Go 1.1 package http"
72.46.139.154 - - [19/Oct/2015:23:41:12 -0700] "GET /wp-includes/js/tinymce/langs/wp-langs-en.js HTTP/1.1" 404 470 "-" "Go 1.1 package http"
72.46.139.154 - - [19/Oct/2015:23:41:12 -0700] "GET /wp-includes/js/tinymce/wp-tinymce.js HTTP/1.1" 404 464 "-" "Go 1.1 package http"
180.76.15.163 - - [19/Oct/2015:23:41:45 -0700] "GET / HTTP/1.1" 200 6114 "-" "Mozilla/5.0 (compatible; Baiduspider/2.0; +http://www.baidu.com/search/spider.html)"
180.76.15.154 - - [19/Oct/2015:23:42:17 -0700] "GET / HTTP/1.1" 200 6114 "-" "Mozilla/5.0 (compatible; Baiduspider/2.0; +http://www.baidu.com/search/spider.html)"
170.75.162.130 - - [19/Oct/2015:23:44:46 -0700] "GET /lib/reccapi.php?resort=mounthoodmeadows HTTP/1.1" 200 1028 "-" "node-superagent/0.18.2"
220.181.108.153 - - [19/Oct/2015:23:46:12 -0700] "-" 408 0 "-" "-"
170.75.162.130 - - [19/Oct/2015:23:56:47 -0700] "GET /lib/reccapi.php?resort=heavenly HTTP/1.1" 200 977 "-" "node-superagent/0.18.2"
170.75.162.130 - - [19/Oct/2015:23:56:47 -0700] "GET /lib/reccapi.php?resort=buttermilk HTTP/1.1" 200 1018 "-" "node-superagent/0.18.2"
170.75.162.130 - - [19/Oct/2015:23:56:47 -0700] "GET /lib/reccapi.php?resort=keystone HTTP/1.1" 200 992 "-" "node-superagent/0.18.2"
170.75.162.130 - - [19/Oct/2015:23:56:47 -0700] "GET /lib/reccapi.php?resort=loveland HTTP/1.1" 200 1062 "-" "node-superagent/0.18.2"
170.75.162.130 - - [19/Oct/2015:23:56:48 -0700] "GET /lib/reccapi.php?resort=coppermountain HTTP/1.1" 200 1087 "-" "node-superagent/0.18.2"
170.75.162.130 - - [19/Oct/2015:23:56:48 -0700] "GET /lib/reccapi.php?resort=mammothmountain HTTP/1.1" 200 982 "-" "node-superagent/0.18.2"
170.75.162.130 - - [19/Oct/2015:23:56:48 -0700] "GET /lib/reccapi.php?resort=snowmass HTTP/1.1" 200 996 "-" "node-superagent/0.18.2"
170.75.162.130 - - [19/Oct/2015:23:56:48 -0700] "GET /lib/reccapi.php?resort=monarch HTTP/1.1" 200 1002 "-" "node-superagent/0.18.2"
170.75.162.130 - - [19/Oct/2015:23:56:48 -0700] "GET /lib/reccapi.php?resort=madriverglen HTTP/1.1" 200 966 "-" "node-superagent/0.18.2"
170.75.162.130 - - [19/Oct/2015:23:56:48 -0700] "GET /lib/reccapi.php?resort=smugglersnotch HTTP/1.1" 200 975 "-" "node-superagent/0.18.2"
170.75.162.130 - - [19/Oct/2015:23:57:48 -0700] "GET /lib/reccapi.php?resort=steamboat HTTP/1.1" 200 1015 "-" "node-superagent/0.18.2"
170.75.162.130 - - [19/Oct/2015:23:57:48 -0700] "GET /lib/reccapi.php?resort=telluride HTTP/1.1" 200 1009 "-" "node-superagent/0.18.2"
170.75.162.130 - - [19/Oct/2015:23:57:48 -0700] "GET /lib/reccapi.php?resort=sugarbush HTTP/1.1" 200 966 "-" "node-superagent/0.18.2"
170.75.162.130 - - [19/Oct/2015:23:57:48 -0700] "GET /lib/reccapi.php?resort=winterpark HTTP/1.1" 200 997 "-" "node-superagent/0.18.2"
183.13.67.58 - - [20/Oct/2015:00:04:30 -0700] "HEAD / HTTP/1.1" 200 347 "-" "Mozilla/4.0 (compatible; MSIE 6.0; Windows NT 5.1; SV1)"
183.13.67.58 - - [20/Oct/2015:00:04:30 -0700] "GET / HTTP/1.1" 200 6150 "-" "Mozilla/4.0 (compatible; MSIE 6.0; Windows NT 5.1; SV1)"
183.13.67.58 - - [20/Oct/2015:00:04:31 -0700] "HEAD /about HTTP/1.1" 404 219 "-" "Mozilla/4.0 (compatible; MSIE 6.0; Windows NT 5.1; SV1)"
183.13.67.58 - - [20/Oct/2015:00:04:38 -0700] "HEAD / HTTP/1.1" 200 347 "-" "Mozilla/4.0 (compatible; MSIE 6.0; Windows NT 5.1; SV1)"
183.13.67.58 - - [20/Oct/2015:00:04:38 -0700] "GET / HTTP/1.1" 200 6150 "-" "Mozilla/4.0 (compatible; MSIE 6.0; Windows NT 5.1; SV1)"
183.13.67.58 - - [20/Oct/2015:00:04:39 -0700] "HEAD / HTTP/1.1" 200 347 "-" "Mozilla/4.0 (compatible; MSIE 6.0; Windows NT 5.1; SV1)"
183.13.67.58 - - [20/Oct/2015:00:04:39 -0700] "GET / HTTP/1.1" 200 6150 "-" "Mozilla/4.0 (compatible; MSIE 6.0; Windows NT 5.1; SV1)"
183.13.67.58 - - [20/Oct/2015:00:04:40 -0700] "HEAD / HTTP/1.1" 200 347 "-" "Mozilla/4.0 (compatible; MSIE 6.0; Windows NT 5.1; SV1)"
183.13.67.58 - - [20/Oct/2015:00:04:41 -0700] "GET / HTTP/1.1" 200 6150 "-" "Mozilla/4.0 (compatible; MSIE 6.0; Windows NT 5.1; SV1)"
183.13.67.58 - - [20/Oct/2015:00:04:41 -0700] "HEAD / HTTP/1.1" 200 347 "-" "Mozilla/4.0 (compatible; MSIE 6.0; Windows NT 5.1; SV1)"
183.13.67.58 - - [20/Oct/2015:00:04:42 -0700] "GET / HTTP/1.1" 200 6150 "-" "Mozilla/4.0 (compatible; MSIE 6.0; Windows NT 5.1; SV1)"
183.13.67.58 - - [20/Oct/2015:00:04:43 -0700] "HEAD / HTTP/1.1" 200 347 "-" "Mozilla/4.0 (compatible; MSIE 6.0; Windows NT 5.1; SV1)"
183.13.67.58 - - [20/Oct/2015:00:04:43 -0700] "GET / HTTP/1.1" 200 6150 "-" "Mozilla/4.0 (compatible; MSIE 6.0; Windows NT 5.1; SV1)"
123.125.71.15 - - [20/Oct/2015:00:18:18 -0700] "GET / HTTP/1.1" 200 2339 "-" "Mozilla/5.0 (compatible; Baiduspider/2.0; +http://www.baidu.com/search/spider.html)"
66.249.79.234 - - [20/Oct/2015:00:22:52 -0700] "GET /resorts?resort=diamondpeak&date=2013-12-25 HTTP/1.1" 404 506 "-" "Mozilla/5.0 (iPhone; CPU iPhone OS 8_3 like Mac OS X) AppleWebKit/600.1.4 (KHTML, like Gecko) Version/8.0 Mobile/12F70 Safari/600.1.4 (compatible; Googlebot/2.1; +http://www.google.com/bot.html)"
123.125.71.107 - - [20/Oct/2015:00:41:59 -0700] "-" 408 0 "-" "-"
170.75.162.130 - - [20/Oct/2015:00:44:14 -0700] "GET /lib/reccapi.php?resort=alta HTTP/1.1" 200 1061 "-" "node-superagent/0.18.2"
170.75.162.130 - - [20/Oct/2015:00:44:14 -0700] "GET /lib/reccapi.php?resort=killington HTTP/1.1" 200 1051 "-" "node-superagent/0.18.2"
170.75.162.130 - - [20/Oct/2015:00:44:14 -0700] "GET /lib/reccapi.php?resort=sugarloaf HTTP/1.1" 200 961 "-" "node-superagent/0.18.2"
220.181.108.158 - - [20/Oct/2015:00:47:10 -0700] "-" 408 0 "-" "-"
123.125.71.13 - - [20/Oct/2015:00:51:38 -0700] "GET /images/loading.gif HTTP/1.1" 200 13845 "-" "Baiduspider-image+(+http://www.baidu.com/search/spider.htm)"
123.125.71.84 - - [20/Oct/2015:00:52:41 -0700] "GET /robots.txt HTTP/1.1" 200 382 "-" "Mozilla/5.0 (Windows NT 5.1; rv:6.0.2) Gecko/20100101 Firefox/6.0.2"
180.76.15.7 - - [20/Oct/2015:00:55:31 -0700] "GET / HTTP/1.1" 200 6114 "-" "Mozilla/5.0 (compatible; Baiduspider/2.0; +http://www.baidu.com/search/spider.html)"
180.76.15.15 - - [20/Oct/2015:00:56:46 -0700] "GET / HTTP/1.1" 200 6114 "-" "Mozilla/5.0 (compatible; Baiduspider/2.0; +http://www.baidu.com/search/spider.html)"
170.75.162.130 - - [20/Oct/2015:01:00:16 -0700] "GET /lib/reccapi.php?resort=grandtarghee HTTP/1.1" 200 1061 "-" "node-superagent/0.18.2"
170.75.162.130 - - [20/Oct/2015:01:00:16 -0700] "GET /lib/reccapi.php?resort=jacksonhole HTTP/1.1" 200 1098 "-" "node-superagent/0.18.2"
185.25.151.159 - - [20/Oct/2015:01:07:26 -0700] "GET http://testp1.piwo.pila.pl/testproxy.php HTTP/1.1" 404 448 "-" "Mozilla/5.0 (Windows NT 5.1; rv:32.0) Gecko/20100101 Firefox/31.0"
170.75.162.130 - - [20/Oct/2015:01:16:19 -0700] "GET /lib/reccapi.php?resort=sunvalley HTTP/1.1" 200 1014 "-" "node-superagent/0.18.2"
123.125.71.83 - - [20/Oct/2015:01:24:58 -0700] "GET /images/wsis-logo-sm.png HTTP/1.1" 200 6071 "-" "Baiduspider-image+(+http://www.baidu.com/search/spider.htm)"
123.125.71.71 - - [20/Oct/2015:01:39:35 -0700] "-" 408 0 "-" "-"
220.181.108.154 - - [20/Oct/2015:01:44:10 -0700] "-" 408 0 "-" "-"
180.76.15.162 - - [20/Oct/2015:01:53:31 -0700] "GET / HTTP/1.1" 200 6114 "-" "Mozilla/5.0 (compatible; Baiduspider/2.0; +http://www.baidu.com/search/spider.html)"
180.76.15.14 - - [20/Oct/2015:01:54:42 -0700] "GET / HTTP/1.1" 200 6114 "-" "Mozilla/5.0 (compatible; Baiduspider/2.0; +http://www.baidu.com/search/spider.html)"
180.76.15.143 - - [20/Oct/2015:02:41:30 -0700] "GET / HTTP/1.1" 200 6114 "-" "Mozilla/5.0 (compatible; Baiduspider/2.0; +http://www.baidu.com/search/spider.html)"
123.125.71.72 - - [20/Oct/2015:02:41:33 -0700] "-" 408 0 "-" "-"
180.76.15.136 - - [20/Oct/2015:02:42:16 -0700] "GET / HTTP/1.1" 200 6114 "-" "Mozilla/5.0 (compatible; Baiduspider/2.0; +http://www.baidu.com/search/spider.html)"
220.181.108.180 - - [20/Oct/2015:02:46:52 -0700] "-" 408 0 "-" "-"
187.39.227.126 - - [20/Oct/2015:02:52:03 -0700] "GET / HTTP/1.1" 200 2376 "http://rankings-analytics.com/try.php?u=http://whereshouldiski.com" "Mozilla/5.0 (Windows NT 6.1; WOW64) AppleWebKit/537.36 (KHTML, like Gecko) Chrome/32.0.1700.107 Safari/537.36"
187.39.227.126 - - [20/Oct/2015:02:52:03 -0700] "GET /styles/0fffd548.main.css HTTP/1.1" 200 19316 "http://whereshouldiski.com/" "Mozilla/5.0 (Windows NT 6.1; WOW64) AppleWebKit/537.36 (KHTML, like Gecko) Chrome/32.0.1700.107 Safari/537.36"
187.39.227.126 - - [20/Oct/2015:02:52:03 -0700] "GET /scripts/scripts/vendor/modernizr.js HTTP/1.1" 200 4903 "http://whereshouldiski.com/" "Mozilla/5.0 (Windows NT 6.1; WOW64) AppleWebKit/537.36 (KHTML, like Gecko) Chrome/32.0.1700.107 Safari/537.36"
187.39.227.126 - - [20/Oct/2015:02:52:03 -0700] "GET /bower_components/requirejs/require.js HTTP/1.1" 200 6702 "http://whereshouldiski.com/" "Mozilla/5.0 (Windows NT 6.1; WOW64) AppleWebKit/537.36 (KHTML, like Gecko) Chrome/32.0.1700.107 Safari/537.36"
187.39.227.126 - - [20/Oct/2015:02:52:04 -0700] "GET /images/loading.gif HTTP/1.1" 200 13881 "http://whereshouldiski.com/" "Mozilla/5.0 (Windows NT 6.1; WOW64) AppleWebKit/537.36 (KHTML, like Gecko) Chrome/32.0.1700.107 Safari/537.36"
187.39.227.126 - - [20/Oct/2015:02:52:04 -0700] "GET /images/logo-sm.png HTTP/1.1" 200 16737 "http://whereshouldiski.com/" "Mozilla/5.0 (Windows NT 6.1; WOW64) AppleWebKit/537.36 (KHTML, like Gecko) Chrome/32.0.1700.107 Safari/537.36"
187.39.227.126 - - [20/Oct/2015:02:52:04 -0700] "GET /scripts/fa48e319.main.js HTTP/1.1" 200 123455 "http://whereshouldiski.com/" "Mozilla/5.0 (Windows NT 6.1; WOW64) AppleWebKit/537.36 (KHTML, like Gecko) Chrome/32.0.1700.107 Safari/537.36"
187.39.227.126 - - [20/Oct/2015:02:52:05 -0700] "GET /images/button.png HTTP/1.1" 200 598 "http://whereshouldiski.com/" "Mozilla/5.0 (Windows NT 6.1; WOW64) AppleWebKit/537.36 (KHTML, like Gecko) Chrome/32.0.1700.107 Safari/537.36"
187.39.227.126 - - [20/Oct/2015:02:52:05 -0700] "GET /lib/reccapi.php?fields=t HTTP/1.1" 200 1695 "http://whereshouldiski.com/" "Mozilla/5.0 (Windows NT 6.1; WOW64) AppleWebKit/537.36 (KHTML, like Gecko) Chrome/32.0.1700.107 Safari/537.36"
187.39.227.126 - - [20/Oct/2015:02:52:06 -0700] "GET /images/star5.png HTTP/1.1" 200 1783 "http://whereshouldiski.com/" "Mozilla/5.0 (Windows NT 6.1; WOW64) AppleWebKit/537.36 (KHTML, like Gecko) Chrome/32.0.1700.107 Safari/537.36"
187.39.227.126 - - [20/Oct/2015:02:52:06 -0700] "GET /images/snowflake5.png HTTP/1.1" 200 2857 "http://whereshouldiski.com/" "Mozilla/5.0 (Windows NT 6.1; WOW64) AppleWebKit/537.36 (KHTML, like Gecko) Chrome/32.0.1700.107 Safari/537.36"
187.39.227.126 - - [20/Oct/2015:02:52:06 -0700] "GET /images/greyHeader.png HTTP/1.1" 200 508 "http://whereshouldiski.com/" "Mozilla/5.0 (Windows NT 6.1; WOW64) AppleWebKit/537.36 (KHTML, like Gecko) Chrome/32.0.1700.107 Safari/537.36"
187.39.227.126 - - [20/Oct/2015:02:52:06 -0700] "GET /images/bluebird5.png HTTP/1.1" 200 2177 "http://whereshouldiski.com/" "Mozilla/5.0 (Windows NT 6.1; WOW64) AppleWebKit/537.36 (KHTML, like Gecko) Chrome/32.0.1700.107 Safari/537.36"
187.39.227.126 - - [20/Oct/2015:02:52:06 -0700] "GET /images/shading-icon.png HTTP/1.1" 200 537 "http://whereshouldiski.com/" "Mozilla/5.0 (Windows NT 6.1; WOW64) AppleWebKit/537.36 (KHTML, like Gecko) Chrome/32.0.1700.107 Safari/537.36"
187.39.227.126 - - [20/Oct/2015:02:52:06 -0700] "GET /images/mtns-icon.png HTTP/1.1" 200 1096 "http://whereshouldiski.com/" "Mozilla/5.0 (Windows NT 6.1; WOW64) AppleWebKit/537.36 (KHTML, like Gecko) Chrome/32.0.1700.107 Safari/537.36"
187.39.227.126 - - [20/Oct/2015:02:52:27 -0700] "-" 408 0 "-" "-"
187.39.227.126 - - [20/Oct/2015:02:52:27 -0700] "-" 408 0 "-" "-"
127.0.0.1 - - [20/Oct/2015:02:52:28 -0700] "OPTIONS * HTTP/1.0" 200 126 "-" "Apache/2.2.22 (Ubuntu) (internal dummy connection)"
88.0.85.16 - - [20/Oct/2015:03:00:57 -0700] "GET /images/viz-screenshot.png HTTP/1.1" 404 517 "http://ericfahsl.com/blog/35-creating-an-animated-javascript-heat-map-with-polymap" "Mozilla/5.0 (Macintosh; U; PPC Mac OS X 10_4_11; es) AppleWebKit/533.19.4 (KHTML, like Gecko) Version/4.1.3 Safari/533.19.4"
170.75.162.130 - - [20/Oct/2015:03:05:25 -0700] "GET /lib/reccapi.php?resort=crystalmountain HTTP/1.1" 200 985 "-" "node-superagent/0.18.2"
199.16.140.26 - - [20/Oct/2015:03:16:23 -0700] "GET /images/wsis-logo-sm.png HTTP/1.1" 200 6052 "http://www.thebackcountry.net/" "Mozilla/5.0 (Macintosh; Intel Mac OS X 10_10_5) AppleWebKit/537.36 (KHTML, like Gecko) Chrome/45.0.2454.101 Safari/537.36"
176.97.116.171 - - [20/Oct/2015:03:20:57 -0700] "GET / HTTP/1.1" 200 2376 "-" "Mozilla/4.0 (compatible; MSIE 6.0; Windows NT 5.1; SV1; Mozilla/4.0 (compatible; MSIE 6.0; Windows NT 5.1; SV1) ; .NET CLR 2.0.50727 ; .NET CLR 4.0.30319)"
170.75.162.130 - - [20/Oct/2015:03:26:28 -0700] "GET /lib/reccapi.php?resort=sugarbowl HTTP/1.1" 200 947 "-" "node-superagent/0.18.2"
170.75.162.130 - - [20/Oct/2015:03:27:08 -0700] "GET /lib/reccapi.php?resort=kirkwood HTTP/1.1" 200 1020 "-" "node-superagent/0.18.2"
170.75.162.130 - - [20/Oct/2015:03:27:08 -0700] "GET /lib/reccapi.php?resort=squawvalleyusa HTTP/1.1" 200 965 "-" "node-superagent/0.18.2"
170.75.162.130 - - [20/Oct/2015:03:27:28 -0700] "GET /lib/reccapi.php?resort=sierra-at-tahoe HTTP/1.1" 200 997 "-" "node-superagent/0.18.2"
123.30.175.207 - - [20/Oct/2015:03:30:34 -0700] "GET /robots.txt HTTP/1.1" 200 382 "-" "Mozilla/5.0 (compatible; coccoc/1.0; +http://help.coccoc.com/)"
123.30.175.210 - - [20/Oct/2015:03:30:38 -0700] "GET / HTTP/1.1" 200 2339 "-" "Mozilla/5.0 (compatible; coccoc/1.0; +http://help.coccoc.com/)"
123.30.175.213 - - [20/Oct/2015:03:30:43 -0700] "GET /robots.txt HTTP/1.1" 200 382 "-" "Mozilla/5.0 (compatible; coccoc/1.0; +http://help.coccoc.com/)"
123.30.175.208 - - [20/Oct/2015:03:30:47 -0700] "GET / HTTP/1.1" 200 2339 "-" "Mozilla/5.0 (compatible; coccoc/1.0; +http://help.coccoc.com/)"
170.75.162.130 - - [20/Oct/2015:03:30:50 -0700] "GET /lib/reccapi.php?resort=hoodoo HTTP/1.1" 200 992 "-" "node-superagent/0.18.2"
170.75.162.130 - - [20/Oct/2015:03:30:50 -0700] "GET /lib/reccapi.php?resort=mountbachelor HTTP/1.1" 200 989 "-" "node-superagent/0.18.2"
123.125.71.113 - - [20/Oct/2015:03:41:41 -0700] "-" 408 0 "-" "-"
180.76.15.15 - - [20/Oct/2015:03:42:34 -0700] "GET / HTTP/1.1" 200 6114 "-" "Mozilla/5.0 (compatible; Baiduspider/2.0; +http://www.baidu.com/search/spider.html)"
180.76.15.163 - - [20/Oct/2015:03:43:24 -0700] "GET / HTTP/1.1" 200 6114 "-" "Mozilla/5.0 (compatible; Baiduspider/2.0; +http://www.baidu.com/search/spider.html)"
220.181.108.187 - - [20/Oct/2015:03:47:31 -0700] "-" 408 0 "-" "-"
170.75.162.130 - - [20/Oct/2015:03:49:22 -0700] "GET /lib/reccapi.php?resort=solitude HTTP/1.1" 200 999 "-" "node-superagent/0.18.2"
170.75.162.130 - - [20/Oct/2015:03:56:53 -0700] "GET /lib/reccapi.php?resort=whitefacemountain HTTP/1.1" 200 1059 "-" "node-superagent/0.18.2"
170.75.162.130 - - [20/Oct/2015:03:56:53 -0700] "GET /lib/reccapi.php?resort=taos HTTP/1.1" 200 1010 "-" "node-superagent/0.18.2"
170.75.162.130 - - [20/Oct/2015:04:23:16 -0700] "GET /lib/reccapi.php?resort=alpinemeadows HTTP/1.1" 200 975 "-" "node-superagent/0.18.2"
101.226.66.181 - - [20/Oct/2015:04:32:27 -0700] "GET / HTTP/1.1" 200 6114 "-" "Mozilla/5.0 (Linux; U; Android 4.4.2; zh-cn; GT-I9500 Build/KOT49H) AppleWebKit/537.36 (KHTML, like Gecko)Version/4.0 MQQBrowser/5.0 QQ-Manager Mobile Safari/537.36"
173.252.75.112 - - [20/Oct/2015:04:37:44 -0700] "GET / HTTP/1.1" 200 2376 "-" "-"
173.252.75.113 - - [20/Oct/2015:04:37:46 -0700] "GET / HTTP/1.1" 200 2376 "-" "-"
173.252.75.117 - - [20/Oct/2015:04:37:47 -0700] "GET / HTTP/1.1" 200 2376 "-" "-"
123.125.71.81 - - [20/Oct/2015:04:42:21 -0700] "-" 408 0 "-" "-"
220.181.108.142 - - [20/Oct/2015:04:48:08 -0700] "GET / HTTP/1.1" 200 2339 "-" "Mozilla/5.0 (Windows NT 5.1; rv:6.0.2) Gecko/20100101 Firefox/6.0.2"
220.181.108.184 - - [20/Oct/2015:04:51:02 -0700] "-" 408 0 "-" "-"
170.75.162.130 - - [20/Oct/2015:04:59:21 -0700] "GET /lib/reccapi.php?resort=brighton HTTP/1.1" 200 1059 "-" "node-superagent/0.18.2"
170.75.162.130 - - [20/Oct/2015:05:00:11 -0700] "GET /lib/reccapi.php?resort=schweitzer HTTP/1.1" 200 958 "-" "node-superagent/0.18.2"
170.75.162.130 - - [20/Oct/2015:05:00:11 -0700] "GET /lib/reccapi.php?resort=parkcity HTTP/1.1" 200 1042 "-" "node-superagent/0.18.2"
170.75.162.130 - - [20/Oct/2015:05:00:11 -0700] "GET /lib/reccapi.php?resort=snowbasin HTTP/1.1" 200 1003 "-" "node-superagent/0.18.2"
170.75.162.130 - - [20/Oct/2015:05:00:11 -0700] "GET /lib/reccapi.php?resort=snowbird HTTP/1.1" 200 1062 "-" "node-superagent/0.18.2"
170.75.162.130 - - [20/Oct/2015:05:00:31 -0700] "GET /lib/reccapi.php?resort=stevenspass HTTP/1.1" 200 965 "-" "node-superagent/0.18.2"
180.76.15.10 - - [20/Oct/2015:05:03:11 -0700] "GET / HTTP/1.1" 200 6114 "-" "Mozilla/5.0 (compatible; Baiduspider/2.0; +http://www.baidu.com/search/spider.html)"
180.76.15.20 - - [20/Oct/2015:05:04:46 -0700] "GET / HTTP/1.1" 200 6114 "-" "Mozilla/5.0 (compatible; Baiduspider/2.0; +http://www.baidu.com/search/spider.html)"
66.249.79.220 - - [20/Oct/2015:05:12:17 -0700] "GET /images/logo-sm.png HTTP/1.1" 304 187 "-" "Googlebot-Image/1.0"
170.75.162.130 - - [20/Oct/2015:05:19:23 -0700] "GET /lib/reccapi.php?resort=heavenly HTTP/1.1" 200 988 "-" "node-superagent/0.18.2"
170.75.162.130 - - [20/Oct/2015:05:26:44 -0700] "GET /lib/reccapi.php?resort=redlodge HTTP/1.1" 200 1042 "-" "node-superagent/0.18.2"
180.76.15.31 - - [20/Oct/2015:05:36:46 -0700] "GET / HTTP/1.1" 200 6114 "-" "Mozilla/5.0 (compatible; Baiduspider/2.0; +http://www.baidu.com/search/spider.html)"
180.76.15.29 - - [20/Oct/2015:05:37:22 -0700] "GET / HTTP/1.1" 200 6114 "-" "Mozilla/5.0 (compatible; Baiduspider/2.0; +http://www.baidu.com/search/spider.html)"
123.125.71.80 - - [20/Oct/2015:05:41:52 -0700] "-" 408 0 "-" "-"
220.181.108.160 - - [20/Oct/2015:05:47:43 -0700] "-" 408 0 "-" "-"
170.75.162.130 - - [20/Oct/2015:06:08:19 -0700] "GET /lib/reccapi.php?resort=mountspokane HTTP/1.1" 200 974 "-" "node-superagent/0.18.2"
170.75.162.130 - - [20/Oct/2015:06:08:19 -0700] "GET /lib/reccapi.php?resort=49degreesnorth HTTP/1.1" 200 999 "-" "node-superagent/0.18.2"
180.76.15.136 - - [20/Oct/2015:06:08:37 -0700] "GET / HTTP/1.1" 200 2339 "-" "Mozilla/5.0 (compatible; Baiduspider/2.0; +http://www.baidu.com/search/spider.html)"
66.249.74.12 - - [20/Oct/2015:06:16:23 -0700] "GET /robots.txt HTTP/1.1" 200 419 "-" "Mozilla/5.0 (compatible; Googlebot/2.1; +http://www.google.com/bot.html)"
66.249.74.9 - - [20/Oct/2015:06:16:23 -0700] "GET / HTTP/1.1" 200 2376 "-" "Mozilla/5.0 (iPhone; CPU iPhone OS 8_3 like Mac OS X) AppleWebKit/600.1.4 (KHTML, like Gecko) Version/8.0 Mobile/12F70 Safari/600.1.4 (compatible; Googlebot/2.1; +http://www.google.com/bot.html)"
66.249.79.220 - - [20/Oct/2015:06:29:14 -0700] "GET / HTTP/1.1" 200 2376 "-" "Mozilla/5.0 (compatible; Googlebot/2.1; +http://www.google.com/bot.html)"
123.125.71.69 - - [20/Oct/2015:06:41:39 -0700] "-" 408 0 "-" "-"
128.2.12.6 - - [20/Oct/2015:06:42:00 -0700] "GET /images/wsis-logo-sm.png HTTP/1.1" 200 6052 "http://thebackcountry.net/" "Mozilla/5.0 (X11; Ubuntu; Linux x86_64; rv:30.0) Gecko/20100101 Firefox/30.0"
220.181.108.143 - - [20/Oct/2015:06:47:36 -0700] "-" 408 0 "-" "-"
180.76.15.149 - - [20/Oct/2015:06:51:19 -0700] "GET / HTTP/1.1" 200 6114 "-" "Mozilla/5.0 (compatible; Baiduspider/2.0; +http://www.baidu.com/search/spider.html)"
87.106.136.3 - - [20/Oct/2015:06:51:20 -0700] "GET / HTTP/1.1" 200 6095 "http://whereshouldiski.com" "Mozilla/5.0 (Windows; U; Windows NT 5.1; en-US) AppleWebKit/533.4 (KHTML, like Gecko) Chrome/5.0.375.99 Safari/533.4"
180.76.15.135 - - [20/Oct/2015:06:52:28 -0700] "GET / HTTP/1.1" 200 6114 "-" "Mozilla/5.0 (compatible; Baiduspider/2.0; +http://www.baidu.com/search/spider.html)"
170.75.162.130 - - [20/Oct/2015:06:56:04 -0700] "GET /lib/reccapi.php?resort=devilshead HTTP/1.1" 200 980 "-" "node-superagent/0.18.2"
170.75.162.130 - - [20/Oct/2015:07:00:35 -0700] "GET /lib/reccapi.php?resort=mtrose HTTP/1.1" 200 958 "-" "node-superagent/0.18.2"
46.165.197.142 - - [20/Oct/2015:07:11:52 -0700] "GET /robots.txt HTTP/1.0" 200 338 "-" "Mozilla/5.0 (compatible; MJ12bot/v1.4.5; http://www.majestic12.co.uk/bot.php?+)"
46.165.197.142 - - [20/Oct/2015:07:11:54 -0700] "GET / HTTP/1.0" 200 6114 "-" "Mozilla/5.0 (compatible; MJ12bot/v1.4.5; http://www.majestic12.co.uk/bot.php?+)"
54.242.66.227 - - [20/Oct/2015:07:25:54 -0700] "GET / HTTP/1.1" 200 2376 "-" "Mozilla/5.0 (X11; Linux x86_64) AppleWebKit/534.34 (KHTML, like Gecko) Qt/4.8.2"
54.242.66.227 - - [20/Oct/2015:07:25:54 -0700] "GET /styles/0fffd548.main.css HTTP/1.1" 200 19316 "http://whereshouldiski.com/" "Mozilla/5.0 (X11; Linux x86_64) AppleWebKit/534.34 (KHTML, like Gecko) Qt/4.8.2"
54.242.66.227 - - [20/Oct/2015:07:25:54 -0700] "GET /scripts/scripts/vendor/modernizr.js HTTP/1.1" 200 4903 "http://whereshouldiski.com/" "Mozilla/5.0 (X11; Linux x86_64) AppleWebKit/534.34 (KHTML, like Gecko) Qt/4.8.2"
54.242.66.227 - - [20/Oct/2015:07:25:54 -0700] "GET /bower_components/requirejs/require.js HTTP/1.1" 200 6702 "http://whereshouldiski.com/" "Mozilla/5.0 (X11; Linux x86_64) AppleWebKit/534.34 (KHTML, like Gecko) Qt/4.8.2"
54.242.66.227 - - [20/Oct/2015:07:25:54 -0700] "GET /scripts/fa48e319.main.js HTTP/1.1" 200 123455 "http://whereshouldiski.com/" "Mozilla/5.0 (X11; Linux x86_64) AppleWebKit/534.34 (KHTML, like Gecko) Qt/4.8.2"
54.242.66.227 - - [20/Oct/2015:07:25:55 -0700] "GET /robots.txt HTTP/1.0" 200 338 "-" "Python-urllib/1.17"
54.242.66.227 - - [20/Oct/2015:07:25:55 -0700] "GET /about HTTP/1.1" 404 506 "-" "Mozilla/5.0 (X11; Linux x86_64) AppleWebKit/534.34 (KHTML, like Gecko) Qt/4.8.2"
54.242.66.227 - - [20/Oct/2015:07:25:55 -0700] "GET / HTTP/1.1" 200 2376 "-" "Mozilla/5.0 (X11; Linux x86_64) AppleWebKit/534.34 (KHTML, like Gecko) Qt/4.8.2"
170.75.162.130 - - [20/Oct/2015:07:30:08 -0700] "GET /lib/reccapi.php?resort=crestedbutte HTTP/1.1" 200 1080 "-" "node-superagent/0.18.2"
170.75.162.130 - - [20/Oct/2015:07:30:08 -0700] "GET /lib/reccapi.php?resort=silverstarmountain HTTP/1.1" 200 925 "-" "node-superagent/0.18.2"
170.75.162.130 - - [20/Oct/2015:07:30:08 -0700] "GET /lib/reccapi.php?resort=diamondpeak HTTP/1.1" 200 931 "-" "node-superagent/0.18.2"
170.75.162.130 - - [20/Oct/2015:07:30:18 -0700] "GET /lib/reccapi.php?resort=wildcatmountain HTTP/1.1" 200 973 "-" "node-superagent/0.18.2"
185.53.44.202 - - [20/Oct/2015:07:41:33 -0700] "GET /resorts?resort=sierra-at-tahoe&date=2014-11-25 HTTP/1.1" 404 476 "-" "Mozilla/5.0 (compatible; XoviBot/2.0; +http://www.xovibot.net/)"
123.125.71.73 - - [20/Oct/2015:07:42:02 -0700] "-" 408 0 "-" "-"
220.181.108.149 - - [20/Oct/2015:07:46:46 -0700] "-" 408 0 "-" "-"
180.76.15.145 - - [20/Oct/2015:07:49:20 -0700] "GET / HTTP/1.1" 200 6114 "-" "Mozilla/5.0 (compatible; Baiduspider/2.0; +http://www.baidu.com/search/spider.html)"
71.140.31.214 - - [20/Oct/2015:07:49:21 -0700] "GET /images/wsis-logo-sm.png HTTP/1.1" 200 6108 "http://thebackcountry.net/" "Mozilla/4.0 (compatible; MSIE 8.0; Windows NT 5.1; Trident/4.0; .NET CLR 2.0.50727; .NET CLR 3.0.4506.2152; .NET CLR 3.5.30729; 786908940603; Build/14.08001)"
180.76.15.5 - - [20/Oct/2015:07:50:30 -0700] "GET / HTTP/1.1" 200 6114 "-" "Mozilla/5.0 (compatible; Baiduspider/2.0; +http://www.baidu.com/search/spider.html)"
217.69.133.225 - - [20/Oct/2015:07:56:12 -0700] "GET /robots.txt HTTP/1.0" 200 338 "-" "Mozilla/5.0 (compatible; Linux x86_64; Mail.RU_Bot/2.0; +http://go.mail.ru/help/robots)"
217.69.133.221 - - [20/Oct/2015:07:56:15 -0700] "GET /faq HTTP/1.1" 404 469 "-" "Mozilla/5.0 (compatible; Linux x86_64; Mail.RU_Bot/2.0; +http://go.mail.ru/help/robots)"
222.186.3.74 - - [20/Oct/2015:08:01:45 -0700] "GET /manager/html HTTP/1.1" 404 470 "-" "Mozilla/5.0 (compatible; MSIE 10.0; Windows NT 6.2; WOW64; Trident/6.0)"
162.221.204.237 - - [20/Oct/2015:08:24:03 -0700] "GET http://cachefly.cachefly.net/networkmap/index.html HTTP/1.0" 404 497 "-" "-"
170.75.162.130 - - [20/Oct/2015:08:24:05 -0700] "GET /lib/reccapi.php?resort=bigsky HTTP/1.1" 200 1062 "-" "node-superagent/0.18.2"
12.153.217.4 - - [20/Oct/2015:08:34:27 -0700] "GET /images/wsis-logo-sm.png HTTP/1.1" 200 6108 "http://www.thebackcountry.net/" "Mozilla/5.0 (iPhone; CPU iPhone OS 9_0_2 like Mac OS X) AppleWebKit/601.1.46 (KHTML, like Gecko) Version/9.0 Mobile/13A452 Safari/601.1"
162.221.204.237 - - [20/Oct/2015:08:34:30 -0700] "GET http://cachefly.cachefly.net/networkmap/index.html HTTP/1.0" 404 497 "-" "-"
173.195.190.221 - - [20/Oct/2015:08:40:34 -0700] "GET /images/wsis-logo-sm.png HTTP/1.1" 200 6108 "http://www.thebackcountry.net/" "Mozilla/5.0 (iPad; CPU OS 9_0_1 like Mac OS X) AppleWebKit/601.1.46 (KHTML, like Gecko) Version/9.0 Mobile/13A404 Safari/601.1"
180.76.15.154 - - [20/Oct/2015:08:40:37 -0700] "GET /blog/11-2012-2013-powder-rating-visualization HTTP/1.1" 404 469 "-" "Mozilla/5.0 (compatible; Baiduspider/2.0; +http://www.baidu.com/search/spider.html)"
180.76.15.156 - - [20/Oct/2015:08:42:06 -0700] "GET / HTTP/1.1" 200 6114 "-" "Mozilla/5.0 (compatible; Baiduspider/2.0; +http://www.baidu.com/search/spider.html)"
180.76.15.144 - - [20/Oct/2015:08:43:00 -0700] "GET / HTTP/1.1" 200 6114 "-" "Mozilla/5.0 (compatible; Baiduspider/2.0; +http://www.baidu.com/search/spider.html)"
220.181.108.155 - - [20/Oct/2015:08:46:17 -0700] "-" 408 0 "-" "-"
170.75.162.130 - - [20/Oct/2015:08:47:48 -0700] "GET /lib/reccapi.php?resort=canyons HTTP/1.1" 200 1038 "-" "node-superagent/0.18.2"
71.11.177.106 - - [20/Oct/2015:08:49:42 -0700] "GET /images/wsis-logo-sm.png HTTP/1.1" 200 6108 "http://www.thebackcountry.net/" "Mozilla/5.0 (Macintosh; Intel Mac OS X 10_11) AppleWebKit/601.1.56 (KHTML, like Gecko) Version/9.0 Safari/601.1.56"
170.75.162.130 - - [20/Oct/2015:09:13:21 -0700] "GET /lib/reccapi.php?resort=alyeska HTTP/1.1" 200 951 "-" "node-superagent/0.18.2"
170.75.162.130 - - [20/Oct/2015:09:13:21 -0700] "GET /lib/reccapi.php?resort=aspenheights HTTP/1.1" 200 1086 "-" "node-superagent/0.18.2"
170.75.162.130 - - [20/Oct/2015:09:13:21 -0700] "GET /lib/reccapi.php?resort=arapahoebasin HTTP/1.1" 200 1084 "-" "node-superagent/0.18.2"
170.75.162.130 - - [20/Oct/2015:09:13:21 -0700] "GET /lib/reccapi.php?resort=angelfire HTTP/1.1" 200 1013 "-" "node-superagent/0.18.2"
170.75.162.130 - - [20/Oct/2015:09:13:21 -0700] "GET /lib/reccapi.php?resort=bigwhite HTTP/1.1" 200 910 "-" "node-superagent/0.18.2"
170.75.162.130 - - [20/Oct/2015:09:13:21 -0700] "GET /lib/reccapi.php?resort=brianhead HTTP/1.1" 200 1086 "-" "node-superagent/0.18.2"
170.75.162.130 - - [20/Oct/2015:09:13:21 -0700] "GET /lib/reccapi.php?resort=aspenmountain HTTP/1.1" 200 1073 "-" "node-superagent/0.18.2"
170.75.162.130 - - [20/Oct/2015:09:15:31 -0700] "GET /lib/reccapi.php?resort=alpinemeadows HTTP/1.1" 200 981 "-" "node-superagent/0.18.2"
170.75.162.130 - - [20/Oct/2015:09:15:31 -0700] "GET /lib/reccapi.php?resort=chinapeak HTTP/1.1" 200 975 "-" "node-superagent/0.18.2"
170.75.162.130 - - [20/Oct/2015:09:15:31 -0700] "GET /lib/reccapi.php?resort=homewoodmountain HTTP/1.1" 200 971 "-" "node-superagent/0.18.2"
170.75.162.130 - - [20/Oct/2015:09:15:31 -0700] "GET /lib/reccapi.php?resort=kirkwood HTTP/1.1" 200 990 "-" "node-superagent/0.18.2"
170.75.162.130 - - [20/Oct/2015:09:15:31 -0700] "GET /lib/reccapi.php?resort=mammothmountain HTTP/1.1" 200 1048 "-" "node-superagent/0.18.2"
170.75.162.130 - - [20/Oct/2015:09:15:31 -0700] "GET /lib/reccapi.php?resort=mountainhigh HTTP/1.1" 200 993 "-" "node-superagent/0.18.2"
170.75.162.130 - - [20/Oct/2015:09:15:31 -0700] "GET /lib/reccapi.php?resort=northstar-at-tahoe HTTP/1.1" 200 955 "-" "node-superagent/0.18.2"
170.75.162.130 - - [20/Oct/2015:09:15:31 -0700] "GET /lib/reccapi.php?resort=sierra-at-tahoe HTTP/1.1" 200 972 "-" "node-superagent/0.18.2"
170.75.162.130 - - [20/Oct/2015:09:15:31 -0700] "GET /lib/reccapi.php?resort=squawvalleyusa HTTP/1.1" 200 976 "-" "node-superagent/0.18.2"
170.75.162.130 - - [20/Oct/2015:09:15:32 -0700] "GET /lib/reccapi.php?resort=sugarbowl HTTP/1.1" 200 946 "-" "node-superagent/0.18.2"
198.245.51.90 - - [20/Oct/2015:09:15:56 -0700] "GET /robots.txt HTTP/1.0" 200 338 "-" "Mozilla/5.0 (compatible; MJ12bot/v1.4.5; http://www.majestic12.co.uk/bot.php?+)"
170.75.162.130 - - [20/Oct/2015:09:16:01 -0700] "GET /lib/reccapi.php?resort=buttermilk HTTP/1.1" 200 1062 "-" "node-superagent/0.18.2"
170.75.162.130 - - [20/Oct/2015:09:16:01 -0700] "GET /lib/reccapi.php?resort=coppermountain HTTP/1.1" 200 1031 "-" "node-superagent/0.18.2"
198.245.51.90 - - [20/Oct/2015:09:16:03 -0700] "GET /about HTTP/1.0" 404 495 "-" "Mozilla/5.0 (compatible; MJ12bot/v1.4.5; http://www.majestic12.co.uk/bot.php?+)"
198.245.51.90 - - [20/Oct/2015:09:16:28 -0700] "GET /resorts?resort=mountainhigh HTTP/1.0" 404 469 "-" "Mozilla/5.0 (compatible; MJ12bot/v1.4.5; http://www.majestic12.co.uk/bot.php?+)"
198.245.51.90 - - [20/Oct/2015:09:16:30 -0700] "GET /resorts?resort=mountbachelor HTTP/1.0" 404 469 "-" "Mozilla/5.0 (compatible; MJ12bot/v1.4.5; http://www.majestic12.co.uk/bot.php?+)"
170.75.162.130 - - [20/Oct/2015:09:16:31 -0700] "GET /lib/reccapi.php?resort=keystone HTTP/1.1" 200 1029 "-" "node-superagent/0.18.2"
170.75.162.130 - - [20/Oct/2015:09:16:31 -0700] "GET /lib/reccapi.php?resort=snowmass HTTP/1.1" 200 1052 "-" "node-superagent/0.18.2"
170.75.162.130 - - [20/Oct/2015:09:16:31 -0700] "GET /lib/reccapi.php?resort=loveland HTTP/1.1" 200 1072 "-" "node-superagent/0.18.2"
170.75.162.130 - - [20/Oct/2015:09:16:31 -0700] "GET /lib/reccapi.php?resort=monarch HTTP/1.1" 200 1055 "-" "node-superagent/0.18.2"
170.75.162.130 - - [20/Oct/2015:09:16:31 -0700] "GET /lib/reccapi.php?resort=telluride HTTP/1.1" 200 1035 "-" "node-superagent/0.18.2"
170.75.162.130 - - [20/Oct/2015:09:16:31 -0700] "GET /lib/reccapi.php?resort=steamboat HTTP/1.1" 200 1061 "-" "node-superagent/0.18.2"
170.75.162.130 - - [20/Oct/2015:09:16:31 -0700] "GET /lib/reccapi.php?resort=winterpark HTTP/1.1" 200 1050 "-" "node-superagent/0.18.2"
198.245.51.90 - - [20/Oct/2015:09:16:31 -0700] "GET /resorts?resort=winterpark HTTP/1.0" 404 469 "-" "Mozilla/5.0 (compatible; MJ12bot/v1.4.5; http://www.majestic12.co.uk/bot.php?+)"
70.214.38.242 - - [20/Oct/2015:09:28:19 -0700] "GET /images/wsis-logo-sm.png HTTP/1.1" 200 6108 "http://www.thebackcountry.net/" "Mozilla/5.0 (Windows NT 6.3; WOW64; Trident/7.0; TNJB; rv:11.0) like Gecko"
70.214.38.242 - - [20/Oct/2015:09:28:40 -0700] "-" 408 0 "-" "-"
170.75.162.130 - - [20/Oct/2015:09:29:43 -0700] "GET /lib/reccapi.php?resort=sunpeaksresort HTTP/1.1" 200 909 "-" "node-superagent/0.18.2"
108.80.26.105 - - [20/Oct/2015:09:31:49 -0700] "GET /images/wsis-logo-sm.png HTTP/1.1" 200 6108 "http://www.thebackcountry.net/" "Mozilla/5.0 (Windows NT 6.1; WOW64) AppleWebKit/537.36 (KHTML, like Gecko) Chrome/46.0.2490.71 Safari/537.36"
170.75.162.130 - - [20/Oct/2015:09:32:33 -0700] "GET /lib/reccapi.php?resort=grandtarghee HTTP/1.1" 200 1085 "-" "node-superagent/0.18.2"
170.75.162.130 - - [20/Oct/2015:09:32:33 -0700] "GET /lib/reccapi.php?resort=mounthoodmeadows HTTP/1.1" 200 1007 "-" "node-superagent/0.18.2"
70.214.38.242 - - [20/Oct/2015:09:35:56 -0700] "-" 408 0 "-" "-"
123.125.71.89 - - [20/Oct/2015:09:36:25 -0700] "-" 408 0 "-" "-"
50.197.178.129 - - [20/Oct/2015:09:46:28 -0700] "GET /images/wsis-logo-sm.png HTTP/1.1" 200 6108 "http://www.thebackcountry.net/" "Mozilla/5.0 (Windows NT 10.0; WOW64) AppleWebKit/537.36 (KHTML, like Gecko) Chrome/46.0.2490.71 Safari/537.36"
180.76.15.159 - - [20/Oct/2015:09:46:28 -0700] "GET / HTTP/1.1" 200 6114 "-" "Mozilla/5.0 (compatible; Baiduspider/2.0; +http://www.baidu.com/search/spider.html)"
220.181.108.185 - - [20/Oct/2015:09:46:44 -0700] "-" 408 0 "-" "-"
50.202.53.138 - - [20/Oct/2015:09:47:13 -0700] "GET /images/wsis-logo-sm.png HTTP/1.1" 200 6108 "http://www.thebackcountry.net/" "Mozilla/5.0 (Windows NT 6.1; WOW64) AppleWebKit/537.36 (KHTML, like Gecko) Chrome/46.0.2490.71 Safari/537.36"
180.76.15.5 - - [20/Oct/2015:09:47:26 -0700] "GET / HTTP/1.1" 200 6114 "-" "Mozilla/5.0 (compatible; Baiduspider/2.0; +http://www.baidu.com/search/spider.html)"
75.111.103.173 - - [20/Oct/2015:09:55:15 -0700] "GET /images/wsis-logo-sm.png HTTP/1.1" 200 6108 "http://www.thebackcountry.net/" "Mozilla/5.0 (Macintosh; Intel Mac OS X 10_10_5) AppleWebKit/601.1.56 (KHTML, like Gecko) Version/9.0 Safari/601.1.56"
170.75.162.130 - - [20/Oct/2015:09:59:16 -0700] "GET /lib/reccapi.php?resort=redmountain HTTP/1.1" 200 900 "-" "node-superagent/0.18.2"
170.75.162.130 - - [20/Oct/2015:10:01:07 -0700] "GET /lib/reccapi.php?resort=whistlerblackcomb HTTP/1.1" 200 922 "-" "node-superagent/0.18.2"
185.49.14.190 - - [20/Oct/2015:10:01:41 -0700] "GET http://testp1.piwo.pila.pl/testproxy.php HTTP/1.1" 404 448 "-" "Mozilla/5.0 (Windows NT 5.1; rv:32.0) Gecko/20100101 Firefox/31.0"
170.75.162.130 - - [20/Oct/2015:10:02:17 -0700] "GET /lib/reccapi.php?resort=jaypeak HTTP/1.1" 200 979 "-" "node-superagent/0.18.2"
170.75.162.130 - - [20/Oct/2015:10:02:17 -0700] "GET /lib/reccapi.php?resort=stowe HTTP/1.1" 200 943 "-" "node-superagent/0.18.2"
170.75.162.130 - - [20/Oct/2015:10:02:17 -0700] "GET /lib/reccapi.php?resort=sundayriver HTTP/1.1" 200 958 "-" "node-superagent/0.18.2"
170.75.162.130 - - [20/Oct/2015:10:02:17 -0700] "GET /lib/reccapi.php?resort=cannonmountain HTTP/1.1" 200 979 "-" "node-superagent/0.18.2"
66.249.79.234 - - [20/Oct/2015:10:07:48 -0700] "GET / HTTP/1.1" 200 2376 "-" "Mozilla/5.0 (iPhone; CPU iPhone OS 8_3 like Mac OS X) AppleWebKit/600.1.4 (KHTML, like Gecko) Version/8.0 Mobile/12F70 Safari/600.1.4 (compatible; Googlebot/2.1; +http://www.google.com/bot.html)"
199.30.25.67 - - [20/Oct/2015:10:13:09 -0700] "GET /images/wsis-logo-sm.png HTTP/1.1" 200 6052 "http://www.thebackcountry.net/" "Mozilla/5.0 (iPhone; CPU iPhone OS 7_0 like Mac OS X) AppleWebKit/537.51.1 (KHTML, like Gecko) Version/7.0 Mobile/11A465 Safari/9537.53 BingPreview/1.0b"
157.55.39.119 - - [20/Oct/2015:10:13:13 -0700] "GET /robots.txt HTTP/1.1" 200 375 "-" "Mozilla/5.0 (compatible; bingbot/2.0; +http://www.bing.com/bingbot.htm)"
123.125.71.87 - - [20/Oct/2015:10:43:37 -0700] "-" 408 0 "-" "-"
220.181.108.184 - - [20/Oct/2015:10:48:29 -0700] "-" 408 0 "-" "-"
5.39.85.81 - - [20/Oct/2015:10:50:55 -0700] "GET /robots.txt HTTP/1.0" 200 338 "-" ""
5.39.85.81 - - [20/Oct/2015:10:50:55 -0700] "GET / HTTP/1.1" 206 6142 "-" "Mozilla/5.0 (X11; Linux x86_64) AppleWebKit/534.24 (KHTML, like Gecko) Chrome/11.0.696.3 Safari/534.24"
5.39.85.81 - - [20/Oct/2015:10:50:58 -0700] "GET /about HTTP/1.1" 404 476 "-" "Mozilla/5.0 (X11; Linux x86_64) AppleWebKit/534.24 (KHTML, like Gecko) Chrome/11.0.696.3 Safari/534.24"
189.47.214.233 - - [20/Oct/2015:10:51:36 -0700] "GET / HTTP/1.1" 200 2376 "http://buttons-for-website.com" "Mozilla/5.0 (Windows NT 6.1; WOW64) AppleWebKit/537.36 (KHTML, like Gecko) Chrome/36.0.1985.143 Safari/537.36"
189.47.214.233 - - [20/Oct/2015:10:51:37 -0700] "GET /styles/0fffd548.main.css HTTP/1.1" 200 19316 "http://whereshouldiski.com/" "Mozilla/5.0 (Windows NT 6.1; WOW64) AppleWebKit/537.36 (KHTML, like Gecko) Chrome/36.0.1985.143 Safari/537.36"
189.47.214.233 - - [20/Oct/2015:10:51:37 -0700] "GET /scripts/scripts/vendor/modernizr.js HTTP/1.1" 200 4903 "http://whereshouldiski.com/" "Mozilla/5.0 (Windows NT 6.1; WOW64) AppleWebKit/537.36 (KHTML, like Gecko) Chrome/36.0.1985.143 Safari/537.36"
189.47.214.233 - - [20/Oct/2015:10:51:37 -0700] "GET /bower_components/requirejs/require.js HTTP/1.1" 200 6702 "http://whereshouldiski.com/" "Mozilla/5.0 (Windows NT 6.1; WOW64) AppleWebKit/537.36 (KHTML, like Gecko) Chrome/36.0.1985.143 Safari/537.36"
189.47.214.233 - - [20/Oct/2015:10:51:38 -0700] "GET /images/loading.gif HTTP/1.1" 200 13881 "http://whereshouldiski.com/" "Mozilla/5.0 (Windows NT 6.1; WOW64) AppleWebKit/537.36 (KHTML, like Gecko) Chrome/36.0.1985.143 Safari/537.36"
189.47.214.233 - - [20/Oct/2015:10:51:38 -0700] "GET /images/logo-sm.png HTTP/1.1" 200 16737 "http://whereshouldiski.com/" "Mozilla/5.0 (Windows NT 6.1; WOW64) AppleWebKit/537.36 (KHTML, like Gecko) Chrome/36.0.1985.143 Safari/537.36"
189.47.214.233 - - [20/Oct/2015:10:51:38 -0700] "GET /scripts/fa48e319.main.js HTTP/1.1" 200 123455 "http://whereshouldiski.com/" "Mozilla/5.0 (Windows NT 6.1; WOW64) AppleWebKit/537.36 (KHTML, like Gecko) Chrome/36.0.1985.143 Safari/537.36"
189.47.214.233 - - [20/Oct/2015:10:51:42 -0700] "GET /images/button.png HTTP/1.1" 200 598 "http://whereshouldiski.com/" "Mozilla/5.0 (Windows NT 6.1; WOW64) AppleWebKit/537.36 (KHTML, like Gecko) Chrome/36.0.1985.143 Safari/537.36"
