170.75.162.130 - - [03/Apr/2016:22:38:40 -0700] "GET /lib/reccapi.php?resort=crestedbutte HTTP/1.1" 200 990 "-" "node-superagent/1.4.0"
170.75.162.130 - - [03/Apr/2016:22:38:40 -0700] "GET /lib/reccapi.php?resort=loveland HTTP/1.1" 200 986 "-" "node-superagent/1.4.0"
180.76.15.158 - - [03/Apr/2016:22:45:58 -0700] "GET / HTTP/1.1" 200 2578 "-" "Mozilla/5.0 (compatible; Baiduspider/2.0; +http://www.baidu.com/search/spider.html)"
170.75.162.130 - - [03/Apr/2016:22:48:11 -0700] "GET /lib/reccapi.php?resort=cannonmountain HTTP/1.1" 200 1007 "-" "node-superagent/1.4.0"
66.249.79.234 - - [03/Apr/2016:22:57:09 -0700] "GET /robots.txt HTTP/1.1" 200 419 "-" "Mozilla/5.0 (compatible; Googlebot/2.1; +http://www.google.com/bot.html)"
66.249.79.248 - - [03/Apr/2016:22:57:09 -0700] "GET /resorts?resort=tetonpass&date=2013-12-19 HTTP/1.1" 404 506 "-" "Mozilla/5.0 (iPhone; CPU iPhone OS 8_3 like Mac OS X) AppleWebKit/600.1.4 (KHTML, like Gecko) Version/8.0 Mobile/12F70 Safari/600.1.4 (compatible; Googlebot/2.1; +http://www.google.com/bot.html)"
170.75.162.130 - - [03/Apr/2016:22:57:42 -0700] "GET /lib/reccapi.php?resort=snowmass HTTP/1.1" 200 957 "-" "node-superagent/1.4.0"
170.75.162.130 - - [03/Apr/2016:22:57:42 -0700] "GET /lib/reccapi.php?resort=buttermilk HTTP/1.1" 200 959 "-" "node-superagent/1.4.0"
170.75.162.130 - - [03/Apr/2016:22:57:42 -0700] "GET /lib/reccapi.php?resort=monarch HTTP/1.1" 200 968 "-" "node-superagent/1.4.0"
170.75.162.130 - - [03/Apr/2016:22:57:42 -0700] "GET /lib/reccapi.php?resort=steamboat HTTP/1.1" 200 974 "-" "node-superagent/1.4.0"
170.75.162.130 - - [03/Apr/2016:22:57:42 -0700] "GET /lib/reccapi.php?resort=winterpark HTTP/1.1" 200 989 "-" "node-superagent/1.4.0"
207.46.13.72 - - [03/Apr/2016:22:59:03 -0700] "GET / HTTP/1.1" 200 2615 "-" "Mozilla/5.0 (compatible; bingbot/2.0; +http://www.bing.com/bingbot.htm)"
71.93.79.78 - - [03/Apr/2016:23:06:12 -0700] "GET /images/wsis-logo-sm.png HTTP/1.1" 200 6108 "http://thebackcountry.net/" "Mozilla/5.0 (Macintosh; Intel Mac OS X 10.9; rv:45.0) Gecko/20100101 Firefox/45.0"
24.7.168.120 - - [03/Apr/2016:23:14:01 -0700] "GET /images/wsis-logo-sm.png HTTP/1.1" 200 6108 "http://www.thebackcountry.net/" "Mozilla/5.0 (iPad; CPU OS 9_2_1 like Mac OS X) AppleWebKit/601.1.46 (KHTML, like Gecko) Version/9.0 Mobile/13D15 Safari/601.1"
47.33.6.95 - - [03/Apr/2016:23:15:01 -0700] "GET /images/wsis-logo-sm.png HTTP/1.1" 200 6108 "http://www.thebackcountry.net/" "Mozilla/5.0 (iPad; CPU OS 9_3_1 like Mac OS X) AppleWebKit/600.1.4 (KHTML, like Gecko) GSA/13.1.72140 Mobile/13E238 Safari/600.1.4"
71.198.195.86 - - [03/Apr/2016:23:15:49 -0700] "GET /images/wsis-logo-sm.png HTTP/1.1" 200 6108 "http://www.thebackcountry.net/" "Mozilla/5.0 (Windows NT 10.0; WOW64) AppleWebKit/537.36 (KHTML, like Gecko) Chrome/49.0.2623.110 Safari/537.36"
66.249.79.135 - - [03/Apr/2016:23:25:49 -0700] "GET /lib/reccapi.php?resort=bigwhite&date=2016-01-05 HTTP/1.1" 200 715 "http://whereshouldiski.com/" "Mozilla/5.0 (compatible; Googlebot/2.1; +http://www.google.com/bot.html)"
180.76.15.138 - - [03/Apr/2016:23:33:21 -0700] "GET / HTTP/1.1" 200 6995 "-" "Mozilla/5.0 (compatible; Baiduspider/2.0; +http://www.baidu.com/search/spider.html)"
180.76.15.14 - - [03/Apr/2016:23:34:23 -0700] "GET / HTTP/1.1" 200 6995 "-" "Mozilla/5.0 (compatible; Baiduspider/2.0; +http://www.baidu.com/search/spider.html)"
66.249.79.135 - - [03/Apr/2016:23:54:28 -0700] "GET /lib/reccapi.php?resort=crystalmountain&date=2016-01-23 HTTP/1.1" 200 1073 "http://whereshouldiski.com/" "Mozilla/5.0 (compatible; Googlebot/2.1; +http://www.google.com/bot.html)"
66.249.79.248 - - [03/Apr/2016:23:54:29 -0700] "GET /lib/reccapi.php?fields=t&date=2016-01-23&coords=46.92%2C-121.49&size=7&sort=distance HTTP/1.1" 200 1409 "http://whereshouldiski.com/" "Mozilla/5.0 (compatible; Googlebot/2.1; +http://www.google.com/bot.html)"
66.249.79.234 - - [03/Apr/2016:23:54:30 -0700] "GET /lib/resortDataSearchD3.php?size=7&sortDate=T&resort=crystalmountain&dateStart=2016-01-21 HTTP/1.1" 200 881 "http://whereshouldiski.com/" "Mozilla/5.0 (compatible; Googlebot/2.1; +http://www.google.com/bot.html)"
157.55.39.29 - - [04/Apr/2016:00:00:31 -0700] "GET /robots.txt HTTP/1.1" 200 419 "-" "Mozilla/5.0 (compatible; bingbot/2.0; +http://www.bing.com/bingbot.htm)"
157.55.39.29 - - [04/Apr/2016:00:00:31 -0700] "GET /robots.txt HTTP/1.1" 200 418 "-" "Mozilla/5.0 (compatible; bingbot/2.0; +http://www.bing.com/bingbot.htm)"
157.55.39.29 - - [04/Apr/2016:00:00:32 -0700] "GET /styles/ee08faa9.main.css HTTP/1.1" 200 19447 "-" "Mozilla/5.0 (compatible; bingbot/2.0; +http://www.bing.com/bingbot.htm)"
207.46.13.70 - - [04/Apr/2016:00:00:35 -0700] "GET /scripts/scripts/vendor/modernizr.js HTTP/1.1" 200 4903 "-" "Mozilla/5.0 (compatible; bingbot/2.0; +http://www.bing.com/bingbot.htm)"
207.46.13.72 - - [04/Apr/2016:00:00:40 -0700] "GET /bower_components/requirejs/require.js HTTP/1.1" 200 6702 "-" "Mozilla/5.0 (compatible; bingbot/2.0; +http://www.bing.com/bingbot.htm)"
207.46.13.72 - - [04/Apr/2016:00:06:17 -0700] "GET / HTTP/1.1" 200 2615 "-" "Mozilla/5.0 (compatible; bingbot/2.0; +http://www.bing.com/bingbot.htm)"
170.75.162.130 - - [04/Apr/2016:00:17:01 -0700] "GET /lib/reccapi.php?resort=mountbachelor HTTP/1.1" 200 1055 "-" "node-superagent/1.4.0"
170.75.162.130 - - [04/Apr/2016:00:17:01 -0700] "GET /lib/reccapi.php?resort=hoodoo HTTP/1.1" 200 1054 "-" "node-superagent/1.4.0"
170.75.162.130 - - [04/Apr/2016:00:18:31 -0700] "GET /lib/reccapi.php?resort=crystalmountain HTTP/1.1" 200 1021 "-" "node-superagent/1.4.0"
170.75.162.130 - - [04/Apr/2016:00:18:31 -0700] "GET /lib/reccapi.php?resort=mountspokane HTTP/1.1" 200 1113 "-" "node-superagent/1.4.0"
108.174.2.200 - - [04/Apr/2016:00:26:00 -0700] "GET /images/viz-screenshot.png HTTP/1.1" 404 480 "-" "LinkedInBot/1.0 (compatible; Mozilla/5.0; Jakarta Commons-HttpClient/4.3 +http://www.linkedin.com)"
204.101.161.159 - - [04/Apr/2016:00:26:19 -0700] "GET /images/wsis-logo-sm.png HTTP/1.1" 200 6108 "-" "Mozilla/5.0 (Windows; U; MSIE 6.0; Windows NT 5.1; SV1; .NET CLR 2.0.50727)"
180.76.15.160 - - [04/Apr/2016:00:31:05 -0700] "GET / HTTP/1.1" 200 6995 "-" "Mozilla/5.0 (compatible; Baiduspider/2.0; +http://www.baidu.com/search/spider.html)"
180.76.15.163 - - [04/Apr/2016:00:31:57 -0700] "GET / HTTP/1.1" 200 6995 "-" "Mozilla/5.0 (compatible; Baiduspider/2.0; +http://www.baidu.com/search/spider.html)"
170.75.162.130 - - [04/Apr/2016:00:32:42 -0700] "GET /lib/reccapi.php?resort=sunvalley HTTP/1.1" 200 1063 "-" "node-superagent/1.4.0"
170.75.162.130 - - [04/Apr/2016:00:32:42 -0700] "GET /lib/reccapi.php?resort=schweitzer HTTP/1.1" 200 1097 "-" "node-superagent/1.4.0"
170.75.162.130 - - [04/Apr/2016:00:32:52 -0700] "GET /lib/reccapi.php?resort=redmountain HTTP/1.1" 200 911 "-" "node-superagent/1.4.0"
170.75.162.130 - - [04/Apr/2016:00:32:53 -0700] "GET /lib/reccapi.php?resort=chinapeak HTTP/1.1" 200 1014 "-" "node-superagent/1.4.0"
170.75.162.130 - - [04/Apr/2016:00:37:33 -0700] "GET /lib/reccapi.php?resort=alta HTTP/1.1" 200 1076 "-" "node-superagent/1.4.0"
170.75.162.130 - - [04/Apr/2016:00:37:33 -0700] "GET /lib/reccapi.php?resort=sugarloaf HTTP/1.1" 200 981 "-" "node-superagent/1.4.0"
170.75.162.130 - - [04/Apr/2016:00:45:04 -0700] "GET /lib/reccapi.php?resort=telluride HTTP/1.1" 200 975 "-" "node-superagent/1.4.0"
73.71.153.107 - - [04/Apr/2016:00:50:45 -0700] "GET / HTTP/1.1" 200 2615 "http://www.earnyourturns.com/page/8/" "Mozilla/5.0 (Windows NT 6.1; WOW64) AppleWebKit/537.36 (KHTML, like Gecko) Chrome/49.0.2623.87 Safari/537.36"
73.71.153.107 - - [04/Apr/2016:00:50:45 -0700] "GET /scripts/scripts/vendor/modernizr.js HTTP/1.1" 200 4903 "http://whereshouldiski.com/" "Mozilla/5.0 (Windows NT 6.1; WOW64) AppleWebKit/537.36 (KHTML, like Gecko) Chrome/49.0.2623.87 Safari/537.36"
73.71.153.107 - - [04/Apr/2016:00:50:45 -0700] "GET /styles/ee08faa9.main.css HTTP/1.1" 200 19446 "http://whereshouldiski.com/" "Mozilla/5.0 (Windows NT 6.1; WOW64) AppleWebKit/537.36 (KHTML, like Gecko) Chrome/49.0.2623.87 Safari/537.36"
73.71.153.107 - - [04/Apr/2016:00:50:45 -0700] "GET /bower_components/requirejs/require.js HTTP/1.1" 200 6702 "http://whereshouldiski.com/" "Mozilla/5.0 (Windows NT 6.1; WOW64) AppleWebKit/537.36 (KHTML, like Gecko) Chrome/49.0.2623.87 Safari/537.36"
73.71.153.107 - - [04/Apr/2016:00:50:45 -0700] "GET /images/logo-square-white-sm.png HTTP/1.1" 200 1684 "http://whereshouldiski.com/" "Mozilla/5.0 (Windows NT 6.1; WOW64) AppleWebKit/537.36 (KHTML, like Gecko) Chrome/49.0.2623.87 Safari/537.36"
73.71.153.107 - - [04/Apr/2016:00:50:45 -0700] "GET /images/loading.gif HTTP/1.1" 200 13881 "http://whereshouldiski.com/" "Mozilla/5.0 (Windows NT 6.1; WOW64) AppleWebKit/537.36 (KHTML, like Gecko) Chrome/49.0.2623.87 Safari/537.36"
73.71.153.107 - - [04/Apr/2016:00:50:46 -0700] "GET /scripts/fa48e319.main.js HTTP/1.1" 200 123455 "http://whereshouldiski.com/" "Mozilla/5.0 (Windows NT 6.1; WOW64) AppleWebKit/537.36 (KHTML, like Gecko) Chrome/49.0.2623.87 Safari/537.36"
73.71.153.107 - - [04/Apr/2016:00:50:46 -0700] "GET /images/button.png HTTP/1.1" 200 598 "http://whereshouldiski.com/styles/ee08faa9.main.css" "Mozilla/5.0 (Windows NT 6.1; WOW64) AppleWebKit/537.36 (KHTML, like Gecko) Chrome/49.0.2623.87 Safari/537.36"
73.71.153.107 - - [04/Apr/2016:00:50:46 -0700] "GET /images/greyHeader.png HTTP/1.1" 200 508 "http://whereshouldiski.com/styles/ee08faa9.main.css" "Mozilla/5.0 (Windows NT 6.1; WOW64) AppleWebKit/537.36 (KHTML, like Gecko) Chrome/49.0.2623.87 Safari/537.36"
73.71.153.107 - - [04/Apr/2016:00:50:46 -0700] "GET /favicon.ico HTTP/1.1" 200 4612 "http://whereshouldiski.com/" "Mozilla/5.0 (Windows NT 6.1; WOW64) AppleWebKit/537.36 (KHTML, like Gecko) Chrome/49.0.2623.87 Safari/537.36"
73.71.153.107 - - [04/Apr/2016:00:50:46 -0700] "GET /lib/reccapi.php?fields=t HTTP/1.1" 200 1669 "http://whereshouldiski.com/" "Mozilla/5.0 (Windows NT 6.1; WOW64) AppleWebKit/537.36 (KHTML, like Gecko) Chrome/49.0.2623.87 Safari/537.36"
73.71.153.107 - - [04/Apr/2016:00:50:46 -0700] "GET /images/star5.png HTTP/1.1" 200 1783 "http://whereshouldiski.com/styles/ee08faa9.main.css" "Mozilla/5.0 (Windows NT 6.1; WOW64) AppleWebKit/537.36 (KHTML, like Gecko) Chrome/49.0.2623.87 Safari/537.36"
73.71.153.107 - - [04/Apr/2016:00:50:46 -0700] "GET /images/snowflake5.png HTTP/1.1" 200 2857 "http://whereshouldiski.com/styles/ee08faa9.main.css" "Mozilla/5.0 (Windows NT 6.1; WOW64) AppleWebKit/537.36 (KHTML, like Gecko) Chrome/49.0.2623.87 Safari/537.36"
73.71.153.107 - - [04/Apr/2016:00:50:46 -0700] "GET /images/mtns-icon.png HTTP/1.1" 200 1096 "http://whereshouldiski.com/styles/ee08faa9.main.css" "Mozilla/5.0 (Windows NT 6.1; WOW64) AppleWebKit/537.36 (KHTML, like Gecko) Chrome/49.0.2623.87 Safari/537.36"
73.71.153.107 - - [04/Apr/2016:00:50:46 -0700] "GET /images/bluebird5.png HTTP/1.1" 200 2177 "http://whereshouldiski.com/styles/ee08faa9.main.css" "Mozilla/5.0 (Windows NT 6.1; WOW64) AppleWebKit/537.36 (KHTML, like Gecko) Chrome/49.0.2623.87 Safari/537.36"
73.71.153.107 - - [04/Apr/2016:00:50:46 -0700] "GET /images/shading-icon.png HTTP/1.1" 200 536 "http://whereshouldiski.com/styles/ee08faa9.main.css" "Mozilla/5.0 (Windows NT 6.1; WOW64) AppleWebKit/537.36 (KHTML, like Gecko) Chrome/49.0.2623.87 Safari/537.36"
185.49.14.190 - - [04/Apr/2016:00:51:31 -0700] "GET http://testp4.pospr.waw.pl/testproxy.php HTTP/1.1" 404 448 "-" "Mozilla/5.0 (Windows NT 5.1; rv:32.0) Gecko/20100101 Firefox/31.0"
46.183.222.93 - - [04/Apr/2016:01:07:46 -0700] "GET / HTTP/1.1" 200 6995 "-" "Mozilla/4.0 (compatible; MSIE 5.0; Windows NT; DigExt; DTS Agent"
170.75.162.130 - - [04/Apr/2016:01:13:57 -0700] "GET /lib/reccapi.php?resort=mtrose HTTP/1.1" 200 963 "-" "node-superagent/1.4.0"
157.55.39.60 - - [04/Apr/2016:01:22:34 -0700] "GET /robots.txt HTTP/1.1" 200 375 "-" "Mozilla/5.0 (compatible; bingbot/2.0; +http://www.bing.com/bingbot.htm)"
180.76.15.161 - - [04/Apr/2016:01:29:40 -0700] "GET / HTTP/1.1" 200 6995 "-" "Mozilla/5.0 (compatible; Baiduspider/2.0; +http://www.baidu.com/search/spider.html)"
180.76.15.11 - - [04/Apr/2016:01:30:29 -0700] "GET / HTTP/1.1" 200 6995 "-" "Mozilla/5.0 (compatible; Baiduspider/2.0; +http://www.baidu.com/search/spider.html)"
157.55.39.60 - - [04/Apr/2016:01:46:33 -0700] "GET / HTTP/1.1" 200 2615 "-" "Mozilla/5.0 (compatible; bingbot/2.0; +http://www.bing.com/bingbot.htm)"
170.75.162.130 - - [04/Apr/2016:02:06:03 -0700] "GET /lib/reccapi.php?resort=diamondpeak HTTP/1.1" 200 949 "-" "node-superagent/1.4.0"
170.75.162.130 - - [04/Apr/2016:02:06:03 -0700] "GET /lib/reccapi.php?resort=homewoodmountain HTTP/1.1" 200 991 "-" "node-superagent/1.4.0"
170.75.162.130 - - [04/Apr/2016:02:06:53 -0700] "GET /lib/reccapi.php?resort=wildcatmountain HTTP/1.1" 200 1007 "-" "node-superagent/1.4.0"
170.75.162.130 - - [04/Apr/2016:02:06:53 -0700] "GET /lib/reccapi.php?resort=northstar-at-tahoe HTTP/1.1" 200 962 "-" "node-superagent/1.4.0"
170.75.162.130 - - [04/Apr/2016:02:06:53 -0700] "GET /lib/reccapi.php?resort=stevenspass HTTP/1.1" 200 1023 "-" "node-superagent/1.4.0"
170.75.162.130 - - [04/Apr/2016:02:07:23 -0700] "GET /lib/reccapi.php?resort=jaypeak HTTP/1.1" 200 993 "-" "node-superagent/1.4.0"
66.249.79.21 - - [04/Apr/2016:02:14:18 -0700] "GET /styles/ee08faa9.main.css HTTP/1.1" 200 19447 "-" "Mozilla/5.0 (compatible; Googlebot/2.1; +http://www.google.com/bot.html)"
170.75.162.130 - - [04/Apr/2016:02:17:34 -0700] "GET /lib/reccapi.php?resort=brighton HTTP/1.1" 200 1054 "-" "node-superagent/1.4.0"
170.75.162.130 - - [04/Apr/2016:02:17:34 -0700] "GET /lib/reccapi.php?resort=deervalley HTTP/1.1" 200 1016 "-" "node-superagent/1.4.0"
170.75.162.130 - - [04/Apr/2016:02:17:34 -0700] "GET /lib/reccapi.php?resort=brianhead HTTP/1.1" 200 990 "-" "node-superagent/1.4.0"
170.75.162.130 - - [04/Apr/2016:02:17:34 -0700] "GET /lib/reccapi.php?resort=parkcity HTTP/1.1" 200 1025 "-" "node-superagent/1.4.0"
170.75.162.130 - - [04/Apr/2016:02:17:34 -0700] "GET /lib/reccapi.php?resort=snowbasin HTTP/1.1" 200 1013 "-" "node-superagent/1.4.0"
170.75.162.130 - - [04/Apr/2016:02:17:34 -0700] "GET /lib/reccapi.php?resort=snowbird HTTP/1.1" 200 1055 "-" "node-superagent/1.4.0"
170.75.162.130 - - [04/Apr/2016:02:17:34 -0700] "GET /lib/reccapi.php?resort=solitude HTTP/1.1" 200 1043 "-" "node-superagent/1.4.0"
170.75.162.130 - - [04/Apr/2016:02:19:04 -0700] "GET /lib/reccapi.php?resort=arapahoebasin HTTP/1.1" 200 996 "-" "node-superagent/1.4.0"
170.75.162.130 - - [04/Apr/2016:02:19:05 -0700] "GET /lib/reccapi.php?resort=heavenly HTTP/1.1" 200 981 "-" "node-superagent/1.4.0"
170.75.162.130 - - [04/Apr/2016:02:19:05 -0700] "GET /lib/reccapi.php?resort=kirkwood HTTP/1.1" 200 990 "-" "node-superagent/1.4.0"
170.75.162.130 - - [04/Apr/2016:02:19:05 -0700] "GET /lib/reccapi.php?resort=keystone HTTP/1.1" 200 984 "-" "node-superagent/1.4.0"
110.52.210.4 - - [04/Apr/2016:02:19:13 -0700] "GET / HTTP/1.1" 200 2615 "-" "Mozilla/5.0 (Windows NT 6.2; WOW64)"
110.52.210.4 - - [04/Apr/2016:02:19:13 -0700] "GET /about HTTP/1.1" 404 505 "-" "Mozilla/5.0 (Windows NT 6.2; WOW64)"
92.206.65.91 - - [04/Apr/2016:02:20:50 -0700] "GET /images/wsis-logo-sm.png HTTP/1.1" 200 6108 "http://www.thebackcountry.net/" "Mozilla/5.0 (Macintosh; Intel Mac OS X 10_11_3) AppleWebKit/537.36 (KHTML, like Gecko) Chrome/49.0.2623.110 Safari/537.36"
170.75.162.130 - - [04/Apr/2016:02:20:55 -0700] "GET /lib/reccapi.php?resort=killington HTTP/1.1" 200 1036 "-" "node-superagent/1.4.0"
170.75.162.130 - - [04/Apr/2016:02:20:55 -0700] "GET /lib/reccapi.php?resort=madriverglen HTTP/1.1" 200 1046 "-" "node-superagent/1.4.0"
170.75.162.130 - - [04/Apr/2016:02:20:55 -0700] "GET /lib/reccapi.php?resort=smugglersnotch HTTP/1.1" 200 1013 "-" "node-superagent/1.4.0"
170.75.162.130 - - [04/Apr/2016:02:20:55 -0700] "GET /lib/reccapi.php?resort=stowe HTTP/1.1" 200 991 "-" "node-superagent/1.4.0"
170.75.162.130 - - [04/Apr/2016:02:20:56 -0700] "GET /lib/reccapi.php?resort=sugarbush HTTP/1.1" 200 1062 "-" "node-superagent/1.4.0"
170.75.162.130 - - [04/Apr/2016:02:21:55 -0700] "GET /lib/reccapi.php?resort=49degreesnorth HTTP/1.1" 200 1114 "-" "node-superagent/1.4.0"
66.249.79.248 - - [04/Apr/2016:02:23:03 -0700] "GET /lib/reccapi.php?resort=49degreesnorth&date=2016-04-02 HTTP/1.1" 200 1103 "http://whereshouldiski.com/" "Mozilla/5.0 (compatible; Googlebot/2.1; +http://www.google.com/bot.html)"
66.249.79.234 - - [04/Apr/2016:02:23:04 -0700] "GET /lib/resortDataSearchD3.php?size=7&sortDate=T&resort=49degreesnorth&dateStart=2016-03-31 HTTP/1.1" 200 848 "http://whereshouldiski.com/" "Mozilla/5.0 (compatible; Googlebot/2.1; +http://www.google.com/bot.html)"
66.249.79.248 - - [04/Apr/2016:02:23:05 -0700] "GET /lib/reccapi.php?fields=t&date=2016-04-02&coords=48.28%2C-117.56&size=7&sort=distance HTTP/1.1" 200 1314 "http://whereshouldiski.com/" "Mozilla/5.0 (compatible; Googlebot/2.1; +http://www.google.com/bot.html)"
170.75.162.130 - - [04/Apr/2016:02:29:16 -0700] "GET /lib/reccapi.php?resort=devilshead HTTP/1.1" 200 945 "-" "node-superagent/1.4.0"
180.76.15.10 - - [04/Apr/2016:02:31:46 -0700] "GET / HTTP/1.1" 200 6995 "-" "Mozilla/5.0 (compatible; Baiduspider/2.0; +http://www.baidu.com/search/spider.html)"
170.75.162.130 - - [04/Apr/2016:02:32:36 -0700] "GET /lib/reccapi.php?resort=grandtarghee HTTP/1.1" 200 1103 "-" "node-superagent/1.4.0"
170.75.162.130 - - [04/Apr/2016:02:32:36 -0700] "GET /lib/reccapi.php?resort=jacksonhole HTTP/1.1" 200 1122 "-" "node-superagent/1.4.0"
180.76.15.8 - - [04/Apr/2016:02:32:40 -0700] "GET / HTTP/1.1" 200 6995 "-" "Mozilla/5.0 (compatible; Baiduspider/2.0; +http://www.baidu.com/search/spider.html)"
65.55.218.39 - - [04/Apr/2016:02:34:20 -0700] "-" 408 0 "-" "-"
170.75.162.130 - - [04/Apr/2016:02:42:37 -0700] "GET /lib/reccapi.php?resort=whitefacemountain HTTP/1.1" 200 1071 "-" "node-superagent/1.4.0"
170.75.162.130 - - [04/Apr/2016:02:43:17 -0700] "GET /lib/reccapi.php?resort=alpinemeadows HTTP/1.1" 200 987 "-" "node-superagent/1.4.0"
170.75.162.130 - - [04/Apr/2016:02:50:28 -0700] "GET /lib/reccapi.php?resort=alyeska HTTP/1.1" 200 980 "-" "node-superagent/1.4.0"
170.75.162.130 - - [04/Apr/2016:02:53:48 -0700] "GET /lib/reccapi.php?resort=angelfire HTTP/1.1" 200 995 "-" "node-superagent/1.4.0"
170.75.162.130 - - [04/Apr/2016:02:57:09 -0700] "GET /lib/reccapi.php?resort=aspenheights HTTP/1.1" 200 1056 "-" "node-superagent/1.4.0"
170.75.162.130 - - [04/Apr/2016:03:00:49 -0700] "GET /lib/reccapi.php?resort=aspenmountain HTTP/1.1" 200 1014 "-" "node-superagent/1.4.0"
170.75.162.130 - - [04/Apr/2016:03:11:31 -0700] "GET /lib/reccapi.php?resort=bigsky HTTP/1.1" 200 1143 "-" "node-superagent/1.4.0"
170.75.162.130 - - [04/Apr/2016:03:14:31 -0700] "GET /lib/reccapi.php?resort=bigwhite HTTP/1.1" 200 924 "-" "node-superagent/1.4.0"
170.75.162.130 - - [04/Apr/2016:03:26:53 -0700] "GET /lib/reccapi.php?resort=cannonmountain HTTP/1.1" 200 1010 "-" "node-superagent/1.4.0"
66.249.79.234 - - [04/Apr/2016:03:28:46 -0700] "GET /lib/reccapi.php?resort=mammothmountain&date=2016-03-07 HTTP/1.1" 200 1169 "http://whereshouldiski.com/" "Mozilla/5.0 (compatible; Googlebot/2.1; +http://www.google.com/bot.html)"
66.249.79.234 - - [04/Apr/2016:03:28:48 -0700] "GET /lib/reccapi.php?fields=t&date=2016-03-07&coords=37.63%2C-119.02&size=7&sort=distance HTTP/1.1" 200 1375 "http://whereshouldiski.com/" "Mozilla/5.0 (compatible; Googlebot/2.1; +http://www.google.com/bot.html)"
66.249.79.135 - - [04/Apr/2016:03:28:48 -0700] "GET /lib/resortDataSearchD3.php?size=7&sortDate=T&resort=mammothmountain&dateStart=2016-03-05 HTTP/1.1" 200 876 "http://whereshouldiski.com/" "Mozilla/5.0 (compatible; Googlebot/2.1; +http://www.google.com/bot.html)"
180.76.15.136 - - [04/Apr/2016:03:30:35 -0700] "GET / HTTP/1.1" 200 6995 "-" "Mozilla/5.0 (compatible; Baiduspider/2.0; +http://www.baidu.com/search/spider.html)"
91.196.50.33 - - [04/Apr/2016:03:30:59 -0700] "GET http://testp3.pospr.waw.pl/testproxy.php HTTP/1.1" 404 449 "-" "Mozilla/5.0 (Windows NT 5.1; rv:32.0) Gecko/20100101 Firefox/31.0"
180.76.15.135 - - [04/Apr/2016:03:31:28 -0700] "GET / HTTP/1.1" 200 6995 "-" "Mozilla/5.0 (compatible; Baiduspider/2.0; +http://www.baidu.com/search/spider.html)"
170.75.162.130 - - [04/Apr/2016:03:33:50 -0700] "GET /lib/reccapi.php?resort=redlodge HTTP/1.1" 200 1037 "-" "node-superagent/1.4.0"
170.75.162.130 - - [04/Apr/2016:03:45:12 -0700] "GET /lib/reccapi.php?resort=buttermilk HTTP/1.1" 200 980 "-" "node-superagent/1.4.0"
170.75.162.130 - - [04/Apr/2016:03:48:52 -0700] "GET /lib/reccapi.php?resort=mounthoodmeadows HTTP/1.1" 200 1080 "-" "node-superagent/1.4.0"
170.75.162.130 - - [04/Apr/2016:04:00:54 -0700] "GET /lib/reccapi.php?resort=coppermountain HTTP/1.1" 200 990 "-" "node-superagent/1.4.0"
75.70.234.180 - - [04/Apr/2016:04:08:18 -0700] "GET /images/wsis-logo-sm.png HTTP/1.1" 200 6108 "http://www.thebackcountry.net/" "Mozilla/5.0 (iPad; CPU OS 5_1_1 like Mac OS X) AppleWebKit/534.46 (KHTML, like Gecko) Version/5.1 Mobile/9B206 Safari/7534.48.3"
170.75.162.130 - - [04/Apr/2016:04:12:16 -0700] "GET /lib/reccapi.php?resort=mammothmountain HTTP/1.1" 200 1019 "-" "node-superagent/1.4.0"
170.75.162.130 - - [04/Apr/2016:04:15:16 -0700] "GET /lib/reccapi.php?resort=crestedbutte HTTP/1.1" 200 983 "-" "node-superagent/1.4.0"
144.76.61.21 - - [04/Apr/2016:04:21:36 -0700] "GET /robots.txt HTTP/1.0" 200 338 "-" "Mozilla/5.0 (compatible; MJ12bot/v1.4.5; http://www.majestic12.co.uk/bot.php?+)"
144.76.61.21 - - [04/Apr/2016:04:21:38 -0700] "GET / HTTP/1.0" 200 6995 "-" "Mozilla/5.0 (compatible; MJ12bot/v1.4.5; http://www.majestic12.co.uk/bot.php?+)"
74.91.20.196 - - [04/Apr/2016:04:25:39 -0700] "GET / HTTP/1.1" 200 6976 "-" "Mozilla/4.0 (compatible; MSIE 8.0; Windows NT 6.1; Trident/4.0; SLCC2; .NET CLR 2.0.50727; .NET CLR 3.5.30729; .NET CLR 3.0.30729; Media Center PC 6.0)"
182.64.57.168 - - [04/Apr/2016:04:27:06 -0700] "GET /images/wsis-logo-sm.png HTTP/1.1" 200 6108 "http://www.thebackcountry.net/" "Mozilla/5.0 (Windows NT 6.1) AppleWebKit/537.36 (KHTML, like Gecko) Chrome/49.0.2623.110 Safari/537.36"
180.76.15.32 - - [04/Apr/2016:04:32:14 -0700] "GET / HTTP/1.1" 200 6995 "-" "Mozilla/5.0 (compatible; Baiduspider/2.0; +http://www.baidu.com/search/spider.html)"
180.76.15.25 - - [04/Apr/2016:04:33:10 -0700] "GET / HTTP/1.1" 200 6995 "-" "Mozilla/5.0 (compatible; Baiduspider/2.0; +http://www.baidu.com/search/spider.html)"
180.153.206.38 - - [04/Apr/2016:04:35:12 -0700] "GET / HTTP/1.1" 200 6995 "-" "Mozilla/5.0 (Linux; U; Android 4.4.2; zh-cn; GT-I9500 Build/KOT49H) AppleWebKit/537.36 (KHTML, like Gecko)Version/4.0 MQQBrowser/5.0 QQ-URL-Manager Mobile Safari/537.36"
66.249.79.248 - - [04/Apr/2016:04:48:02 -0700] "GET /lib/reccapi.php?resort=alpenglow&date=2016-02-27 HTTP/1.1" 200 999 "http://whereshouldiski.com/" "Mozilla/5.0 (compatible; Googlebot/2.1; +http://www.google.com/bot.html)"
66.249.79.135 - - [04/Apr/2016:04:48:04 -0700] "GET /lib/resortDataSearchD3.php?size=7&sortDate=T&resort=alpenglow&dateStart=2016-02-25 HTTP/1.1" 200 879 "http://whereshouldiski.com/" "Mozilla/5.0 (compatible; Googlebot/2.1; +http://www.google.com/bot.html)"
66.249.79.248 - - [04/Apr/2016:04:48:04 -0700] "GET /lib/reccapi.php?fields=t&date=2016-02-27&coords=61.24%2C-149.5&size=7&sort=distance HTTP/1.1" 200 1321 "http://whereshouldiski.com/" "Mozilla/5.0 (compatible; Googlebot/2.1; +http://www.google.com/bot.html)"
170.75.162.130 - - [04/Apr/2016:04:49:50 -0700] "GET /lib/reccapi.php?resort=hoodoo HTTP/1.1" 200 1054 "-" "node-superagent/1.4.0"
170.75.162.130 - - [04/Apr/2016:05:17:03 -0700] "GET /lib/reccapi.php?resort=telluride HTTP/1.1" 200 1005 "-" "node-superagent/1.4.0"
180.76.15.32 - - [04/Apr/2016:05:34:29 -0700] "GET / HTTP/1.1" 200 6995 "-" "Mozilla/5.0 (compatible; Baiduspider/2.0; +http://www.baidu.com/search/spider.html)"
180.76.15.10 - - [04/Apr/2016:05:35:31 -0700] "GET / HTTP/1.1" 200 6995 "-" "Mozilla/5.0 (compatible; Baiduspider/2.0; +http://www.baidu.com/search/spider.html)"
170.75.162.130 - - [04/Apr/2016:05:36:35 -0700] "GET /lib/reccapi.php?resort=loveland HTTP/1.1" 200 976 "-" "node-superagent/1.4.0"
170.75.162.130 - - [04/Apr/2016:05:48:27 -0700] "GET /lib/reccapi.php?resort=monarch HTTP/1.1" 200 978 "-" "node-superagent/1.4.0"
170.75.162.130 - - [04/Apr/2016:05:54:27 -0700] "GET /lib/reccapi.php?resort=mtrose HTTP/1.1" 200 959 "-" "node-superagent/1.4.0"
180.76.15.143 - - [04/Apr/2016:05:57:22 -0700] "GET /resorts?resort=mtrose HTTP/1.1" 404 469 "-" "Mozilla/5.0 (compatible; Baiduspider/2.0; +http://www.baidu.com/search/spider.html)"
170.75.162.130 - - [04/Apr/2016:06:00:58 -0700] "GET /lib/reccapi.php?resort=squawvalleyusa HTTP/1.1" 200 989 "-" "node-superagent/1.4.0"
170.75.162.130 - - [04/Apr/2016:06:01:08 -0700] "GET /lib/reccapi.php?resort=sierra-at-tahoe HTTP/1.1" 200 978 "-" "node-superagent/1.4.0"
66.214.220.82 - - [04/Apr/2016:06:01:42 -0700] "GET /images/wsis-logo-sm.png HTTP/1.1" 200 6108 "http://www.thebackcountry.net/" "Mozilla/5.0 (Windows NT 6.1; WOW64) AppleWebKit/537.36 (KHTML, like Gecko) Chrome/49.0.2623.110 Safari/537.36"
170.75.162.130 - - [04/Apr/2016:06:05:49 -0700] "GET /lib/reccapi.php?resort=alta HTTP/1.1" 200 1081 "-" "node-superagent/1.4.0"
170.75.162.130 - - [04/Apr/2016:06:12:29 -0700] "GET /lib/reccapi.php?resort=sugarloaf HTTP/1.1" 200 973 "-" "node-superagent/1.4.0"
170.75.162.130 - - [04/Apr/2016:06:26:31 -0700] "GET /lib/reccapi.php?resort=mountspokane HTTP/1.1" 200 1116 "-" "node-superagent/1.4.0"
107.150.46.34 - - [04/Apr/2016:06:27:08 -0700] "GET / HTTP/1.1" 200 6976 "-" "Mozilla/4.0 (compatible; MSIE 8.0; Windows NT 6.1; Trident/4.0; SLCC2; .NET CLR 2.0.50727; .NET CLR 3.5.30729; .NET CLR 3.0.30729; Media Center PC 6.0)"
170.75.162.130 - - [04/Apr/2016:06:29:11 -0700] "GET /lib/reccapi.php?resort=mountbachelor HTTP/1.1" 200 1076 "-" "node-superagent/1.4.0"
180.76.15.149 - - [04/Apr/2016:06:30:39 -0700] "GET / HTTP/1.1" 200 6995 "-" "Mozilla/5.0 (compatible; Baiduspider/2.0; +http://www.baidu.com/search/spider.html)"
180.76.15.22 - - [04/Apr/2016:06:31:30 -0700] "GET / HTTP/1.1" 200 6995 "-" "Mozilla/5.0 (compatible; Baiduspider/2.0; +http://www.baidu.com/search/spider.html)"
170.75.162.130 - - [04/Apr/2016:06:53:14 -0700] "GET /lib/reccapi.php?resort=schweitzer HTTP/1.1" 200 1081 "-" "node-superagent/1.4.0"
170.75.162.130 - - [04/Apr/2016:06:55:54 -0700] "GET /lib/reccapi.php?resort=sugarbowl HTTP/1.1" 200 957 "-" "node-superagent/1.4.0"
170.75.162.130 - - [04/Apr/2016:06:58:35 -0700] "GET /lib/reccapi.php?resort=snowmass HTTP/1.1" 200 1007 "-" "node-superagent/1.4.0"
170.75.162.130 - - [04/Apr/2016:07:03:05 -0700] "GET /lib/reccapi.php?resort=killington HTTP/1.1" 200 1041 "-" "node-superagent/1.4.0"
50.156.6.46 - - [04/Apr/2016:07:10:00 -0700] "GET /images/wsis-logo-sm.png HTTP/1.1" 200 6108 "http://www.thebackcountry.net/" "Mozilla/5.0 (iPad; CPU OS 8_1_1 like Mac OS X) AppleWebKit/600.1.4 (KHTML, like Gecko) Version/8.0 Mobile/12B435 Safari/600.1.4"
170.75.162.130 - - [04/Apr/2016:07:13:06 -0700] "GET /lib/reccapi.php?resort=whistlerblackcomb HTTP/1.1" 200 932 "-" "node-superagent/1.4.0"
170.75.162.130 - - [04/Apr/2016:07:16:37 -0700] "GET /lib/reccapi.php?resort=steamboat HTTP/1.1" 200 1061 "-" "node-superagent/1.4.0"
170.75.162.130 - - [04/Apr/2016:07:19:07 -0700] "GET /lib/reccapi.php?resort=snowbasin HTTP/1.1" 200 1016 "-" "node-superagent/1.4.0"
170.75.162.130 - - [04/Apr/2016:07:21:47 -0700] "GET /lib/reccapi.php?resort=sundayriver HTTP/1.1" 200 952 "-" "node-superagent/1.4.0"
66.249.79.234 - - [04/Apr/2016:07:28:06 -0700] "GET /lib/reccapi.php?resort=sierra-at-tahoe&date=2016-01-25 HTTP/1.1" 200 1034 "http://whereshouldiski.com/" "Mozilla/5.0 (compatible; Googlebot/2.1; +http://www.google.com/bot.html)"
66.249.79.248 - - [04/Apr/2016:07:28:07 -0700] "GET /lib/reccapi.php?fields=t&date=2016-01-25&coords=38.79%2C-120.07&size=7&sort=distance HTTP/1.1" 200 1359 "http://whereshouldiski.com/" "Mozilla/5.0 (compatible; Googlebot/2.1; +http://www.google.com/bot.html)"
66.249.79.248 - - [04/Apr/2016:07:28:08 -0700] "GET /lib/resortDataSearchD3.php?size=7&sortDate=T&resort=sierra-at-tahoe&dateStart=2016-01-23 HTTP/1.1" 200 870 "http://whereshouldiski.com/" "Mozilla/5.0 (compatible; Googlebot/2.1; +http://www.google.com/bot.html)"
180.76.15.24 - - [04/Apr/2016:07:28:54 -0700] "GET / HTTP/1.1" 200 6995 "-" "Mozilla/5.0 (compatible; Baiduspider/2.0; +http://www.baidu.com/search/spider.html)"
180.76.15.144 - - [04/Apr/2016:07:29:43 -0700] "GET / HTTP/1.1" 200 6995 "-" "Mozilla/5.0 (compatible; Baiduspider/2.0; +http://www.baidu.com/search/spider.html)"
170.75.162.130 - - [04/Apr/2016:07:36:29 -0700] "GET /lib/reccapi.php?resort=stevenspass HTTP/1.1" 200 1022 "-" "node-superagent/1.4.0"
170.75.162.130 - - [04/Apr/2016:07:39:09 -0700] "GET /lib/reccapi.php?resort=redmountain HTTP/1.1" 200 911 "-" "node-superagent/1.4.0"
170.75.162.130 - - [04/Apr/2016:07:41:49 -0700] "GET /lib/reccapi.php?resort=mountainhigh HTTP/1.1" 200 970 "-" "node-superagent/1.4.0"
71.9.103.101 - - [04/Apr/2016:07:45:54 -0700] "GET /images/wsis-logo-sm.png HTTP/1.1" 200 6108 "http://www.thebackcountry.net/" "Mozilla/5.0 (Macintosh; Intel Mac OS X 10_7_5) AppleWebKit/537.78.2 (KHTML, like Gecko) Version/6.1.6 Safari/537.78.2"
170.75.162.130 - - [04/Apr/2016:07:47:50 -0700] "GET /lib/reccapi.php?resort=smugglersnotch HTTP/1.1" 200 983 "-" "node-superagent/1.4.0"
144.76.8.132 - - [04/Apr/2016:07:49:49 -0700] "GET /robots.txt HTTP/1.0" 200 338 "-" "Mozilla/5.0 (compatible; MJ12bot/v1.4.5; http://www.majestic12.co.uk/bot.php?+)"
144.76.8.132 - - [04/Apr/2016:07:49:51 -0700] "GET / HTTP/1.0" 200 6995 "-" "Mozilla/5.0 (compatible; MJ12bot/v1.4.5; http://www.majestic12.co.uk/bot.php?+)"
170.75.162.130 - - [04/Apr/2016:07:50:30 -0700] "GET /lib/reccapi.php?resort=solitude HTTP/1.1" 200 1064 "-" "node-superagent/1.4.0"
220.181.108.84 - - [04/Apr/2016:07:52:16 -0700] "GET / HTTP/1.1" 304 173 "-" "Mozilla/5.0 (compatible; Baiduspider/2.0; +http://www.baidu.com/search/spider.html)"
170.75.162.130 - - [04/Apr/2016:07:53:11 -0700] "GET /lib/reccapi.php?resort=stowe HTTP/1.1" 200 962 "-" "node-superagent/1.4.0"
107.189.60.78 - - [04/Apr/2016:07:53:15 -0700] "GET /images/wsis-logo-sm.png HTTP/1.1" 200 6108 "http://www.thebackcountry.net/" "Mozilla/5.0 (compatible; PrivacyAwareBot/1.1; +http://www.privacyaware.org)"
66.249.79.248 - - [04/Apr/2016:07:54:08 -0700] "GET /lib/reccapi.php?resort=mountwashingtonalpine&date=2015-12-29 HTTP/1.1" 200 720 "http://whereshouldiski.com/" "Mozilla/5.0 (compatible; Googlebot/2.1; +http://www.google.com/bot.html)"
170.75.162.130 - - [04/Apr/2016:07:59:11 -0700] "GET /lib/reccapi.php?resort=wildcatmountain HTTP/1.1" 200 999 "-" "node-superagent/1.4.0"
170.75.162.130 - - [04/Apr/2016:08:01:52 -0700] "GET /lib/reccapi.php?resort=sunvalley HTTP/1.1" 200 1073 "-" "node-superagent/1.4.0"
170.75.162.130 - - [04/Apr/2016:08:07:12 -0700] "GET /lib/reccapi.php?resort=redlodge HTTP/1.1" 200 1039 "-" "node-superagent/1.4.0"
207.46.13.37 - - [04/Apr/2016:08:09:28 -0700] "GET / HTTP/1.1" 200 2615 "-" "Mozilla/5.0 (compatible; bingbot/2.0; +http://www.bing.com/bingbot.htm)"
24.156.42.209 - - [04/Apr/2016:08:10:48 -0700] "GET /images/wsis-logo-sm.png HTTP/1.1" 200 6108 "http://thebackcountry.net/" "Mozilla/5.0 (Windows NT 6.1; WOW64; Trident/7.0; rv:11.0) like Gecko"
24.156.42.209 - - [04/Apr/2016:08:11:09 -0700] "-" 408 0 "-" "-"
12.25.190.226 - - [04/Apr/2016:08:12:22 -0700] "GET /images/wsis-logo-sm.png HTTP/1.1" 200 6108 "http://www.thebackcountry.net/" "Mozilla/5.0 (iPhone; CPU iPhone OS 9_3_1 like Mac OS X) AppleWebKit/601.1.46 (KHTML, like Gecko) Version/9.0 Mobile/13E238 Safari/601.1"
170.75.162.130 - - [04/Apr/2016:08:13:13 -0700] "GET /lib/reccapi.php?resort=whitefacemountain HTTP/1.1" 200 1080 "-" "node-superagent/1.4.0"
170.75.162.130 - - [04/Apr/2016:08:23:54 -0700] "GET /lib/reccapi.php?resort=snowbird HTTP/1.1" 200 1095 "-" "node-superagent/1.4.0"
170.75.162.130 - - [04/Apr/2016:08:27:14 -0700] "GET /lib/reccapi.php?resort=sugarbush HTTP/1.1" 200 1063 "-" "node-superagent/1.4.0"
216.171.208.20 - - [04/Apr/2016:08:27:14 -0700] "GET /images/wsis-logo-sm.png HTTP/1.1" 200 6108 "http://www.thebackcountry.net/" "Mozilla/5.0 (Macintosh; Intel Mac OS X 10_9_5) AppleWebKit/537.36 (KHTML, like Gecko) Chrome/49.0.2623.110 Safari/537.36"
170.75.162.130 - - [04/Apr/2016:08:29:54 -0700] "GET /lib/reccapi.php?resort=alpinemeadows HTTP/1.1" 200 971 "-" "node-superagent/1.4.0"
180.76.15.161 - - [04/Apr/2016:08:34:07 -0700] "GET / HTTP/1.1" 200 6995 "-" "Mozilla/5.0 (compatible; Baiduspider/2.0; +http://www.baidu.com/search/spider.html)"
170.75.162.130 - - [04/Apr/2016:08:35:05 -0700] "GET /lib/reccapi.php?resort=alyeska HTTP/1.1" 200 979 "-" "node-superagent/1.4.0"
180.76.15.142 - - [04/Apr/2016:08:35:08 -0700] "GET / HTTP/1.1" 200 6995 "-" "Mozilla/5.0 (compatible; Baiduspider/2.0; +http://www.baidu.com/search/spider.html)"
216.171.220.240 - - [04/Apr/2016:08:39:47 -0700] "GET /images/wsis-logo-sm.png HTTP/1.1" 200 6108 "http://www.thebackcountry.net/" "Mozilla/5.0 (Macintosh; Intel Mac OS X 10_11_3) AppleWebKit/537.36 (KHTML, like Gecko) Chrome/49.0.2623.110 Safari/537.36"
47.208.177.57 - - [04/Apr/2016:08:42:32 -0700] "GET /images/wsis-logo-sm.png HTTP/1.1" 200 6108 "http://www.thebackcountry.net/" "Mozilla/5.0 (Macintosh; Intel Mac OS X 10_9_5) AppleWebKit/601.5.17 (KHTML, like Gecko) Version/9.1 Safari/537.86.5"
69.30.218.202 - - [04/Apr/2016:08:52:54 -0700] "GET /robots.txt HTTP/1.0" 200 338 "-" "Mozilla/5.0 (compatible; MJ12bot/v1.4.5; http://www.majestic12.co.uk/bot.php?+)"
69.30.218.202 - - [04/Apr/2016:08:52:55 -0700] "GET /robots.txt HTTP/1.0" 200 338 "-" "Mozilla/5.0 (compatible; MJ12bot/v1.4.5; http://www.majestic12.co.uk/bot.php?+)"
69.30.218.202 - - [04/Apr/2016:08:53:06 -0700] "GET /robots.txt HTTP/1.0" 200 338 "-" "Mozilla/5.0 (compatible; MJ12bot/v1.4.5; http://www.majestic12.co.uk/bot.php?+)"
69.30.218.202 - - [04/Apr/2016:08:53:08 -0700] "GET /robots.txt HTTP/1.0" 200 338 "-" "Mozilla/5.0 (compatible; MJ12bot/v1.4.5; http://www.majestic12.co.uk/bot.php?+)"
66.249.79.234 - - [04/Apr/2016:08:54:36 -0700] "GET /lib/reccapi.php?resort=monarch&date=2016-04-02 HTTP/1.1" 200 1029 "http://whereshouldiski.com/" "Mozilla/5.0 (compatible; Googlebot/2.1; +http://www.google.com/bot.html)"
66.249.79.234 - - [04/Apr/2016:08:54:37 -0700] "GET /lib/reccapi.php?fields=t&date=2016-04-02&coords=38.51%2C-106.35&size=7&sort=distance HTTP/1.1" 200 1332 "http://whereshouldiski.com/" "Mozilla/5.0 (compatible; Googlebot/2.1; +http://www.google.com/bot.html)"
66.249.79.234 - - [04/Apr/2016:08:54:38 -0700] "GET /lib/resortDataSearchD3.php?size=7&sortDate=T&resort=monarch&dateStart=2016-03-31 HTTP/1.1" 200 866 "http://whereshouldiski.com/" "Mozilla/5.0 (compatible; Googlebot/2.1; +http://www.google.com/bot.html)"
170.75.162.130 - - [04/Apr/2016:09:10:29 -0700] "GET /lib/reccapi.php?resort=aspenheights HTTP/1.1" 200 1027 "-" "node-superagent/1.4.0"
170.75.162.130 - - [04/Apr/2016:09:10:29 -0700] "GET /lib/reccapi.php?resort=aspenmountain HTTP/1.1" 200 968 "-" "node-superagent/1.4.0"
170.75.162.130 - - [04/Apr/2016:09:10:29 -0700] "GET /lib/reccapi.php?resort=buttermilk HTTP/1.1" 200 954 "-" "node-superagent/1.4.0"
200.100.50.132 - - [04/Apr/2016:09:13:15 -0700] "GET /images/wsis-logo-sm.png HTTP/1.1" 200 6108 "http://www.thebackcountry.net/" "Mozilla/5.0 (Windows NT 6.3; WOW64) AppleWebKit/537.36 (KHTML, like Gecko) Chrome/49.0.2623.110 Safari/537.36"
170.75.162.130 - - [04/Apr/2016:09:15:49 -0700] "GET /lib/reccapi.php?resort=bigwhite HTTP/1.1" 200 922 "-" "node-superagent/1.4.0"
170.75.162.130 - - [04/Apr/2016:09:15:50 -0700] "GET /lib/reccapi.php?resort=silverstarmountain HTTP/1.1" 200 931 "-" "node-superagent/1.4.0"
170.75.162.130 - - [04/Apr/2016:09:15:50 -0700] "GET /lib/reccapi.php?resort=sunpeaksresort HTTP/1.1" 200 916 "-" "node-superagent/1.4.0"
166.216.157.125 - - [04/Apr/2016:09:16:03 -0700] "GET /images/wsis-logo-sm.png HTTP/1.1" 200 6108 "http://www.thebackcountry.net/" "Mozilla/5.0 (iPhone; CPU iPhone OS 9_3 like Mac OS X) AppleWebKit/601.1.46 (KHTML, like Gecko) Version/9.0 Mobile/13E233 Safari/601.1"
170.75.162.130 - - [04/Apr/2016:09:18:30 -0700] "GET /lib/reccapi.php?resort=heavenly HTTP/1.1" 200 987 "-" "node-superagent/1.4.0"
170.75.162.130 - - [04/Apr/2016:09:18:30 -0700] "GET /lib/reccapi.php?resort=chinapeak HTTP/1.1" 200 1019 "-" "node-superagent/1.4.0"
170.75.162.130 - - [04/Apr/2016:09:18:30 -0700] "GET /lib/reccapi.php?resort=kirkwood HTTP/1.1" 200 979 "-" "node-superagent/1.4.0"
170.75.162.130 - - [04/Apr/2016:09:18:30 -0700] "GET /lib/reccapi.php?resort=mammothmountain HTTP/1.1" 200 1054 "-" "node-superagent/1.4.0"
170.75.162.130 - - [04/Apr/2016:09:18:30 -0700] "GET /lib/reccapi.php?resort=homewoodmountain HTTP/1.1" 200 992 "-" "node-superagent/1.4.0"
170.75.162.130 - - [04/Apr/2016:09:18:30 -0700] "GET /lib/reccapi.php?resort=northstar-at-tahoe HTTP/1.1" 200 962 "-" "node-superagent/1.4.0"
170.75.162.130 - - [04/Apr/2016:09:21:10 -0700] "GET /lib/reccapi.php?resort=arapahoebasin HTTP/1.1" 200 995 "-" "node-superagent/1.4.0"
170.75.162.130 - - [04/Apr/2016:09:21:11 -0700] "GET /lib/reccapi.php?resort=coppermountain HTTP/1.1" 200 987 "-" "node-superagent/1.4.0"
170.75.162.130 - - [04/Apr/2016:09:21:11 -0700] "GET /lib/reccapi.php?resort=crestedbutte HTTP/1.1" 200 980 "-" "node-superagent/1.4.0"
170.75.162.130 - - [04/Apr/2016:09:21:11 -0700] "GET /lib/reccapi.php?resort=keystone HTTP/1.1" 200 984 "-" "node-superagent/1.4.0"
170.75.162.130 - - [04/Apr/2016:09:21:11 -0700] "GET /lib/reccapi.php?resort=telluride HTTP/1.1" 200 980 "-" "node-superagent/1.4.0"
170.75.162.130 - - [04/Apr/2016:09:21:12 -0700] "GET /lib/reccapi.php?resort=winterpark HTTP/1.1" 200 973 "-" "node-superagent/1.4.0"
170.75.162.130 - - [04/Apr/2016:09:29:11 -0700] "GET /lib/reccapi.php?resort=diamondpeak HTTP/1.1" 200 947 "-" "node-superagent/1.4.0"
180.76.15.18 - - [04/Apr/2016:09:33:35 -0700] "GET / HTTP/1.1" 200 6995 "-" "Mozilla/5.0 (compatible; Baiduspider/2.0; +http://www.baidu.com/search/spider.html)"
180.76.15.27 - - [04/Apr/2016:09:34:32 -0700] "GET / HTTP/1.1" 200 6995 "-" "Mozilla/5.0 (compatible; Baiduspider/2.0; +http://www.baidu.com/search/spider.html)"
5.9.111.70 - - [04/Apr/2016:09:35:19 -0700] "GET /robots.txt HTTP/1.0" 200 338 "-" "Mozilla/5.0 (compatible; MJ12bot/v1.4.5; http://www.majestic12.co.uk/bot.php?+)"
5.9.111.70 - - [04/Apr/2016:09:35:21 -0700] "GET /about HTTP/1.0" 404 495 "-" "Mozilla/5.0 (compatible; MJ12bot/v1.4.5; http://www.majestic12.co.uk/bot.php?+)"
5.9.111.70 - - [04/Apr/2016:09:35:22 -0700] "GET /resorts?resort=alpinemeadows HTTP/1.0" 404 495 "-" "Mozilla/5.0 (compatible; MJ12bot/v1.4.5; http://www.majestic12.co.uk/bot.php?+)"
5.9.111.70 - - [04/Apr/2016:09:35:24 -0700] "GET /resorts?resort=aspenmountain HTTP/1.0" 404 495 "-" "Mozilla/5.0 (compatible; MJ12bot/v1.4.5; http://www.majestic12.co.uk/bot.php?+)"
5.9.111.70 - - [04/Apr/2016:09:35:26 -0700] "GET /resorts?resort=buttermilk HTTP/1.0" 404 495 "-" "Mozilla/5.0 (compatible; MJ12bot/v1.4.5; http://www.majestic12.co.uk/bot.php?+)"
5.9.111.70 - - [04/Apr/2016:09:35:27 -0700] "GET /resorts?resort=grandtarghee HTTP/1.0" 404 495 "-" "Mozilla/5.0 (compatible; MJ12bot/v1.4.5; http://www.majestic12.co.uk/bot.php?+)"
188.166.13.74 - - [04/Apr/2016:09:36:51 -0700] "GET /robots.txt HTTP/1.0" 200 382 "-" "SafeDNSBot (https://www.safedns.com/searchbot)"
188.166.13.74 - - [04/Apr/2016:09:36:52 -0700] "GET / HTTP/1.0" 200 2578 "-" "SafeDNSBot (https://www.safedns.com/searchbot)"
170.75.162.130 - - [04/Apr/2016:09:40:03 -0700] "GET /lib/reccapi.php?resort=bigsky HTTP/1.1" 200 1133 "-" "node-superagent/1.4.0"
170.75.162.130 - - [04/Apr/2016:09:45:13 -0700] "GET /lib/reccapi.php?resort=cannonmountain HTTP/1.1" 200 1008 "-" "node-superagent/1.4.0"
170.75.162.130 - - [04/Apr/2016:09:45:14 -0700] "GET /lib/reccapi.php?resort=jaypeak HTTP/1.1" 200 970 "-" "node-superagent/1.4.0"
170.75.162.130 - - [04/Apr/2016:09:45:14 -0700] "GET /lib/reccapi.php?resort=madriverglen HTTP/1.1" 200 1046 "-" "node-superagent/1.4.0"
108.194.165.138 - - [04/Apr/2016:09:46:16 -0700] "GET /images/wsis-logo-sm.png HTTP/1.1" 200 6108 "http://www.thebackcountry.net/" "Mozilla/5.0 (Windows NT 10.0; WOW64) AppleWebKit/537.36 (KHTML, like Gecko) Chrome/47.0.2526.80 Safari/537.36"
170.75.162.130 - - [04/Apr/2016:09:50:34 -0700] "GET /lib/reccapi.php?resort=angelfire HTTP/1.1" 200 994 "-" "node-superagent/1.4.0"
170.75.162.130 - - [04/Apr/2016:09:50:34 -0700] "GET /lib/reccapi.php?resort=taos HTTP/1.1" 200 959 "-" "node-superagent/1.4.0"
108.246.17.94 - - [04/Apr/2016:09:57:59 -0700] "GET /images/wsis-logo-sm.png HTTP/1.1" 200 6108 "http://www.thebackcountry.net/" "Mozilla/5.0 (Macintosh; Intel Mac OS X 10_10_5) AppleWebKit/537.36 (KHTML, like Gecko) Chrome/49.0.2623.110 Safari/537.36"
170.75.162.130 - - [04/Apr/2016:09:58:35 -0700] "GET /lib/reccapi.php?resort=hoodoo HTTP/1.1" 200 1026 "-" "node-superagent/1.4.0"
170.75.162.130 - - [04/Apr/2016:09:58:35 -0700] "GET /lib/reccapi.php?resort=mounthoodmeadows HTTP/1.1" 200 1058 "-" "node-superagent/1.4.0"
80.82.65.82 - - [04/Apr/2016:10:00:43 -0700] "GET / HTTP/1.0" 200 6995 "http://whereshouldiski.com" "Mozilla/4.0 (compatible; MSIE 6.0; Windows NT 5.1; SV1; .NET CLR 2.0.50727)"
66.249.79.248 - - [04/Apr/2016:10:01:31 -0700] "GET /lib/reccapi.php?resort=alyeska&date=2016-01-02 HTTP/1.1" 200 691 "http://whereshouldiski.com/" "Mozilla/5.0 (compatible; Googlebot/2.1; +http://www.google.com/bot.html)"
45.79.81.142 - - [04/Apr/2016:10:16:56 -0700] "GET /robots.txt HTTP/1.1" 200 419 "-" "Mozilla/5.0 (compatible; Uptimebot/1.0; +http://www.uptime.com/uptimebot)"
166.137.242.127 - - [04/Apr/2016:10:23:35 -0700] "GET /images/wsis-logo-sm.png HTTP/1.1" 200 6108 "http://www.thebackcountry.net/" "Mozilla/5.0 (iPhone; CPU iPhone OS 9_3 like Mac OS X) AppleWebKit/601.1.46 (KHTML, like Gecko) Version/9.0 Mobile/13E234 Safari/601.1"
66.249.79.248 - - [04/Apr/2016:10:26:07 -0700] "GET /lib/reccapi.php?resort=coppermountain&date=2016-02-03 HTTP/1.1" 200 1170 "http://whereshouldiski.com/" "Mozilla/5.0 (compatible; Googlebot/2.1; +http://www.google.com/bot.html)"
66.249.79.248 - - [04/Apr/2016:10:26:08 -0700] "GET /lib/resortDataSearchD3.php?size=7&sortDate=T&resort=coppermountain&dateStart=2016-02-01 HTTP/1.1" 200 872 "http://whereshouldiski.com/" "Mozilla/5.0 (compatible; Googlebot/2.1; +http://www.google.com/bot.html)"
66.249.79.234 - - [04/Apr/2016:10:26:09 -0700] "GET /lib/reccapi.php?fields=t&date=2016-02-03&coords=39.48%2C-106.17&size=7&sort=distance HTTP/1.1" 200 1368 "http://whereshouldiski.com/" "Mozilla/5.0 (compatible; Googlebot/2.1; +http://www.google.com/bot.html)"
206.29.176.51 - - [04/Apr/2016:10:29:24 -0700] "GET /lib/reccapi.php?fields=t&state=WA&powder=3 HTTP/1.1" 200 471 "http://whereshouldiski.com/" "Mozilla/5.0 (Macintosh; Intel Mac OS X 10_10_5) AppleWebKit/600.8.9 (KHTML, like Gecko) WebClip/10601.5.17 Safari/10601.5.17.4"
180.76.15.137 - - [04/Apr/2016:10:30:11 -0700] "GET / HTTP/1.1" 200 6995 "-" "Mozilla/5.0 (compatible; Baiduspider/2.0; +http://www.baidu.com/search/spider.html)"
180.76.15.146 - - [04/Apr/2016:10:30:58 -0700] "GET / HTTP/1.1" 200 6995 "-" "Mozilla/5.0 (compatible; Baiduspider/2.0; +http://www.baidu.com/search/spider.html)"
166.216.157.15 - - [04/Apr/2016:10:44:53 -0700] "GET /images/wsis-logo-sm.png HTTP/1.1" 200 6108 "http://www.thebackcountry.net/" "Mozilla/5.0 (iPhone; CPU iPhone OS 8_2 like Mac OS X) AppleWebKit/600.1.4 (KHTML, like Gecko) Version/8.0 Mobile/12D508 Safari/600.1.4"
208.180.36.34 - - [04/Apr/2016:10:51:11 -0700] "GET /images/wsis-logo-sm.png HTTP/1.1" 200 6108 "http://www.thebackcountry.net/" "Mozilla/5.0 (Windows NT 6.1; WOW64; Trident/7.0; rv:11.0) like Gecko"
208.180.36.34 - - [04/Apr/2016:10:51:32 -0700] "-" 408 0 "-" "-"
73.162.7.232 - - [04/Apr/2016:11:00:23 -0700] "GET /images/wsis-logo-sm.png HTTP/1.1" 200 6108 "http://www.thebackcountry.net/" "Mozilla/5.0 (iPod touch; CPU iPhone OS 8_4_1 like Mac OS X) AppleWebKit/600.1.4 (KHTML, like Gecko) Version/8.0 Mobile/12H321 Safari/600.1.4"
170.75.162.130 - - [04/Apr/2016:11:05:33 -0700] "GET /lib/reccapi.php?resort=squawvalleyusa HTTP/1.1" 200 990 "-" "node-superagent/1.4.0"
208.72.140.222 - - [04/Apr/2016:11:10:42 -0700] "GET /images/wsis-logo-sm.png HTTP/1.1" 200 6108 "http://www.thebackcountry.net/" "Mozilla/5.0 (Windows NT 6.1; WOW64) AppleWebKit/537.36 (KHTML, like Gecko) Chrome/49.0.2623.110 Safari/537.36"
66.249.79.248 - - [04/Apr/2016:11:12:45 -0700] "GET /lib/reccapi.php?resort=crystalmountain&date=2016-01-13 HTTP/1.1" 200 718 "http://whereshouldiski.com/" "Mozilla/5.0 (compatible; Googlebot/2.1; +http://www.google.com/bot.html)"
134.134.137.75 - - [04/Apr/2016:11:17:38 -0700] "GET /images/wsis-logo-sm.png HTTP/1.1" 200 6108 "http://www.thebackcountry.net/" "Mozilla/5.0 (Windows NT 6.3; WOW64) AppleWebKit/537.36 (KHTML, like Gecko) Chrome/49.0.2623.110 Safari/537.36"
68.109.71.96 - - [04/Apr/2016:11:23:44 -0700] "GET /images/wsis-logo-sm.png HTTP/1.1" 200 6108 "http://www.thebackcountry.net/" "Mozilla/5.0 (iPad; CPU OS 9_3 like Mac OS X) AppleWebKit/601.1.46 (KHTML, like Gecko) Version/9.0 Mobile/13E233 Safari/601.1"
98.26.17.66 - - [04/Apr/2016:11:24:58 -0700] "GET /images/wsis-logo-sm.png HTTP/1.1" 200 6108 "http://www.thebackcountry.net/" "Mozilla/5.0 (Macintosh; Intel Mac OS X 10_11_0) AppleWebKit/537.36 (KHTML, like Gecko) Chrome/49.0.2623.110 Safari/537.36"
98.26.17.66 - - [04/Apr/2016:11:25:20 -0700] "-" 408 0 "-" "-"
180.76.15.25 - - [04/Apr/2016:11:32:16 -0700] "GET / HTTP/1.1" 200 6995 "-" "Mozilla/5.0 (compatible; Baiduspider/2.0; +http://www.baidu.com/search/spider.html)"
180.76.15.23 - - [04/Apr/2016:11:33:15 -0700] "GET / HTTP/1.1" 200 6995 "-" "Mozilla/5.0 (compatible; Baiduspider/2.0; +http://www.baidu.com/search/spider.html)"
170.75.162.130 - - [04/Apr/2016:11:35:36 -0700] "GET /lib/reccapi.php?resort=alta HTTP/1.1" 200 1080 "-" "node-superagent/1.4.0"
170.75.162.130 - - [04/Apr/2016:11:35:36 -0700] "GET /lib/reccapi.php?resort=killington HTTP/1.1" 200 1065 "-" "node-superagent/1.4.0"
170.75.162.130 - - [04/Apr/2016:11:35:36 -0700] "GET /lib/reccapi.php?resort=sugarloaf HTTP/1.1" 200 956 "-" "node-superagent/1.4.0"
137.164.164.33 - - [04/Apr/2016:11:50:23 -0700] "GET /images/wsis-logo-sm.png HTTP/1.1" 200 6108 "http://thebackcountry.net/" "Mozilla/5.0 (Macintosh; Intel Mac OS X 10_8_5) AppleWebKit/537.36 (KHTML, like Gecko) Chrome/48.0.2564.116 Safari/537.36"
137.164.164.33 - - [04/Apr/2016:11:50:44 -0700] "-" 408 0 "-" "-"
72.47.174.120 - - [04/Apr/2016:11:51:59 -0700] "GET /images/wsis-logo-sm.png HTTP/1.1" 200 6108 "http://www.thebackcountry.net/" "Mozilla/5.0 (iPhone; CPU iPhone OS 9_2_1 like Mac OS X) AppleWebKit/601.1.46 (KHTML, like Gecko) Version/9.0 Mobile/13D15 Safari/601.1"
24.6.8.20 - - [04/Apr/2016:11:59:19 -0700] "GET /images/wsis-logo-sm.png HTTP/1.1" 200 6108 "http://www.thebackcountry.net/" "Mozilla/5.0 (Macintosh; Intel Mac OS X 10_6_8) AppleWebKit/534.59.10 (KHTML, like Gecko) Version/5.1.9 Safari/534.59.10"
76.169.53.109 - - [04/Apr/2016:12:00:02 -0700] "GET /images/wsis-logo-sm.png HTTP/1.1" 200 6108 "http://www.thebackcountry.net/" "Mozilla/5.0 (Windows NT 10.0; WOW64) AppleWebKit/537.36 (KHTML, like Gecko) Chrome/49.0.2623.110 Safari/537.36"
96.38.133.99 - - [04/Apr/2016:12:17:14 -0700] "GET /images/wsis-logo-sm.png HTTP/1.1" 200 6108 "http://www.thebackcountry.net/" "Mozilla/5.0 (Macintosh; Intel Mac OS X 10_10_5) AppleWebKit/537.36 (KHTML, like Gecko) Chrome/49.0.2623.87 Safari/537.36"
170.75.162.130 - - [04/Apr/2016:12:18:31 -0700] "GET /lib/reccapi.php?resort=crystalmountain HTTP/1.1" 200 1022 "-" "node-superagent/1.4.0"
104.220.52.52 - - [04/Apr/2016:12:22:00 -0700] "GET /images/wsis-logo-sm.png HTTP/1.1" 200 6108 "http://www.thebackcountry.net/" "Mozilla/5.0 (Macintosh; Intel Mac OS X 10_10_5) AppleWebKit/601.5.17 (KHTML, like Gecko) Version/9.1 Safari/601.5.17"
180.76.15.162 - - [04/Apr/2016:12:32:10 -0700] "GET / HTTP/1.1" 200 6995 "-" "Mozilla/5.0 (compatible; Baiduspider/2.0; +http://www.baidu.com/search/spider.html)"
180.76.15.156 - - [04/Apr/2016:12:33:05 -0700] "GET / HTTP/1.1" 200 6995 "-" "Mozilla/5.0 (compatible; Baiduspider/2.0; +http://www.baidu.com/search/spider.html)"
17.142.156.117 - - [04/Apr/2016:12:50:04 -0700] "GET / HTTP/1.1" 200 2615 "-" "Mozilla/5.0 (Macintosh; Intel Mac OS X 10_10_1) AppleWebKit/600.2.5 (KHTML, like Gecko) Version/8.0.2 Safari/600.2.5 (Applebot/0.1; +http://www.apple.com/go/applebot)"
17.142.156.117 - - [04/Apr/2016:12:50:04 -0700] "GET / HTTP/1.1" 200 2614 "-" "Mozilla/5.0 (Macintosh; Intel Mac OS X 10_10_1) AppleWebKit/600.2.5 (KHTML, like Gecko) Version/8.0.2 Safari/600.2.5 (Applebot/0.1; +http://www.apple.com/go/applebot)"
17.142.156.117 - - [04/Apr/2016:12:50:04 -0700] "GET / HTTP/1.1" 200 2615 "-" "Mozilla/5.0 (iPhone; CPU iPhone OS 8_1 like Mac OS X) AppleWebKit/600.1.4 (KHTML, like Gecko) Version/8.0 Mobile/12B410 Safari/600.1.4 (Applebot/0.1; +http://www.apple.com/go/applebot)"
17.142.156.117 - - [04/Apr/2016:12:50:04 -0700] "GET /favicon.ico HTTP/1.1" 200 4612 "-" "Mozilla/5.0 (Macintosh; Intel Mac OS X 10_10_1) AppleWebKit/600.2.5 (KHTML, like Gecko) Version/8.0.2 Safari/600.2.5 (Applebot/0.1; +http://www.apple.com/go/applebot)"
17.142.156.117 - - [04/Apr/2016:12:50:04 -0700] "GET /apple-touch-icon.png HTTP/1.1" 404 512 "-" "Mozilla/5.0 (Macintosh; Intel Mac OS X 10_10_1) AppleWebKit/600.2.5 (KHTML, like Gecko) Version/8.0.2 Safari/600.2.5 (Applebot/0.1; +http://www.apple.com/go/applebot)"
17.142.156.117 - - [04/Apr/2016:12:50:04 -0700] "GET /apple-touch-icon-precomposed.png HTTP/1.1" 404 521 "-" "Mozilla/5.0 (Macintosh; Intel Mac OS X 10_10_1) AppleWebKit/600.2.5 (KHTML, like Gecko) Version/8.0.2 Safari/600.2.5 (Applebot/0.1; +http://www.apple.com/go/applebot)"
