208.115.113.83 - - [15/Oct/2015:10:41:30 -0700] "GET /resorts?resort=stowe&date=2014-11-21 HTTP/1.1" 404 476 "-" "Mozilla/5.0 (compatible; DotBot/1.1; http://www.opensiteexplorer.org/dotbot, help@moz.com)"
208.115.113.83 - - [15/Oct/2015:10:41:34 -0700] "GET /resorts?resort=cannonmountain&date=2014-09-28 HTTP/1.1" 404 476 "-" "Mozilla/5.0 (compatible; DotBot/1.1; http://www.opensiteexplorer.org/dotbot, help@moz.com)"
208.115.113.83 - - [15/Oct/2015:10:42:25 -0700] "GET /resorts?resort=49degreesnorth&date=2014-06-28 HTTP/1.1" 404 476 "-" "Mozilla/5.0 (compatible; DotBot/1.1; http://www.opensiteexplorer.org/dotbot, help@moz.com)"
208.115.113.83 - - [15/Oct/2015:10:42:29 -0700] "GET /resorts?resort=mountainhigh&date=2014-10-24 HTTP/1.1" 404 476 "-" "Mozilla/5.0 (compatible; DotBot/1.1; http://www.opensiteexplorer.org/dotbot, help@moz.com)"
123.125.71.60 - - [15/Oct/2015:10:42:33 -0700] "-" 408 0 "-" "-"
208.115.113.83 - - [15/Oct/2015:10:42:57 -0700] "GET /resorts?resort=jaypeak&date=2014-10-14 HTTP/1.1" 404 476 "-" "Mozilla/5.0 (compatible; DotBot/1.1; http://www.opensiteexplorer.org/dotbot, help@moz.com)"
208.115.113.83 - - [15/Oct/2015:10:43:14 -0700] "GET /resorts?resort=angelfire&date=2014-11-19 HTTP/1.1" 404 476 "-" "Mozilla/5.0 (compatible; DotBot/1.1; http://www.opensiteexplorer.org/dotbot, help@moz.com)"
66.249.79.234 - - [15/Oct/2015:10:45:23 -0700] "GET /resorts?resort=cannonmountain&date=2014-02-06 HTTP/1.1" 404 506 "-" "Mozilla/5.0 (compatible; Googlebot/2.1; +http://www.google.com/bot.html)"
66.249.79.227 - - [15/Oct/2015:10:48:31 -0700] "GET /resorts?resort=cannonmountain&date=2014-02-17 HTTP/1.1" 404 506 "-" "Mozilla/5.0 (compatible; Googlebot/2.1; +http://www.google.com/bot.html)"
66.249.79.234 - - [15/Oct/2015:10:54:43 -0700] "GET /resorts?resort=cannonmountain&date=2014-02-24 HTTP/1.1" 404 506 "-" "Mozilla/5.0 (compatible; Googlebot/2.1; +http://www.google.com/bot.html)"
66.249.79.227 - - [15/Oct/2015:10:57:42 -0700] "GET /resorts?resort=cannonmountain&date=2014-02-26 HTTP/1.1" 404 506 "-" "Mozilla/5.0 (compatible; Googlebot/2.1; +http://www.google.com/bot.html)"
66.249.79.234 - - [15/Oct/2015:11:00:58 -0700] "GET /resorts?resort=cannonmountain&date=2014-02-28 HTTP/1.1" 404 506 "-" "Mozilla/5.0 (compatible; Googlebot/2.1; +http://www.google.com/bot.html)"
208.87.233.201 - - [15/Oct/2015:11:01:31 -0700] "GET /images/wsis-logo-sm.png HTTP/1.1" 200 6052 "http://www.thebackcountry.net/" "Mozilla/5.0 (Windows NT 6.1; WOW64) AppleWebKit/537.36 (KHTML, like Gecko) Chrome/45.0.2454.101 Safari/537.36"
180.76.15.134 - - [15/Oct/2015:11:05:10 -0700] "GET / HTTP/1.1" 200 6114 "-" "Mozilla/5.0 (compatible; Baiduspider/2.0; +http://www.baidu.com/search/spider.html)"
180.76.15.29 - - [15/Oct/2015:11:06:22 -0700] "GET / HTTP/1.1" 200 6114 "-" "Mozilla/5.0 (compatible; Baiduspider/2.0; +http://www.baidu.com/search/spider.html)"
66.249.79.227 - - [15/Oct/2015:11:19:22 -0700] "GET /resorts?resort=cannonmountain&date=2014-03-01 HTTP/1.1" 404 506 "-" "Mozilla/5.0 (compatible; Googlebot/2.1; +http://www.google.com/bot.html)"
71.140.31.214 - - [15/Oct/2015:11:20:04 -0700] "GET /images/wsis-logo-sm.png HTTP/1.1" 200 6108 "http://thebackcountry.net/" "Mozilla/4.0 (compatible; MSIE 8.0; Windows NT 5.1; Trident/4.0; .NET CLR 2.0.50727; .NET CLR 3.0.4506.2152; .NET CLR 3.5.30729; 786908940603; Build/14.08001)"
208.115.111.66 - - [15/Oct/2015:11:20:36 -0700] "GET /robots.txt HTTP/1.1" 200 319 "-" "Mozilla/5.0 (compatible; DotBot/1.1; http://www.opensiteexplorer.org/dotbot, help@moz.com)"
170.75.162.130 - - [15/Oct/2015:11:23:19 -0700] "GET /lib/reccapi.php?resort=stevenspass HTTP/1.1" 200 962 "-" "node-superagent/0.18.2"
66.249.79.227 - - [15/Oct/2015:11:25:32 -0700] "GET /resorts?resort=cannonmountain&date=2014-03-04 HTTP/1.1" 404 506 "-" "Mozilla/5.0 (compatible; Googlebot/2.1; +http://www.google.com/bot.html)"
98.248.69.139 - - [15/Oct/2015:11:27:23 -0700] "GET /images/wsis-logo-sm.png HTTP/1.1" 200 6108 "http://www.thebackcountry.net/" "Mozilla/5.0 (Macintosh; Intel Mac OS X 10_10_0) AppleWebKit/537.36 (KHTML, like Gecko) Chrome/45.0.2454.101 Safari/537.36"
66.249.79.220 - - [15/Oct/2015:11:28:42 -0700] "GET /resorts?resort=cannonmountain&date=2014-03-15 HTTP/1.1" 404 506 "-" "Mozilla/5.0 (compatible; Googlebot/2.1; +http://www.google.com/bot.html)"
71.9.18.236 - - [15/Oct/2015:11:33:11 -0700] "GET /images/wsis-logo-sm.png HTTP/1.1" 200 6108 "http://www.thebackcountry.net/" "Mozilla/5.0 (Macintosh; Intel Mac OS X 10_9_5) AppleWebKit/601.1.56 (KHTML, like Gecko) Version/9.0 Safari/537.86.1"
66.249.79.234 - - [15/Oct/2015:11:37:52 -0700] "GET /resorts?resort=cannonmountain&date=2014-03-25 HTTP/1.1" 404 506 "-" "Mozilla/5.0 (compatible; Googlebot/2.1; +http://www.google.com/bot.html)"
130.185.139.213 - - [15/Oct/2015:11:39:44 -0700] "GET / HTTP/1.0" 200 2339 "-" "Mozilla/5.0 (Windows NT 6.3; WOW64) AppleWebKit/537.36 (KHTML, like Gecko) Chrome/36.0.1985.143 Safari/537.36"
220.181.108.85 - - [15/Oct/2015:11:39:51 -0700] "-" 408 0 "-" "-"
66.249.79.234 - - [15/Oct/2015:11:41:02 -0700] "GET /resorts?resort=cannonmountain&date=2014-03-31 HTTP/1.1" 404 506 "-" "Mozilla/5.0 (compatible; Googlebot/2.1; +http://www.google.com/bot.html)"
123.125.71.43 - - [15/Oct/2015:11:42:10 -0700] "-" 408 0 "-" "-"
66.249.79.220 - - [15/Oct/2015:11:44:02 -0700] "GET /resorts?resort=cannonmountain&date=2014-04-03 HTTP/1.1" 404 506 "-" "Mozilla/5.0 (compatible; Googlebot/2.1; +http://www.google.com/bot.html)"
66.249.79.234 - - [15/Oct/2015:11:47:02 -0700] "GET /resorts?resort=cannonmountain&date=2014-04-09 HTTP/1.1" 404 506 "-" "Mozilla/5.0 (compatible; Googlebot/2.1; +http://www.google.com/bot.html)"
208.115.111.66 - - [15/Oct/2015:11:49:15 -0700] "GET /resorts?resort=jaypeak&date=2014-06-29 HTTP/1.1" 404 476 "-" "Mozilla/5.0 (compatible; DotBot/1.1; http://www.opensiteexplorer.org/dotbot, help@moz.com)"
208.115.111.66 - - [15/Oct/2015:11:49:18 -0700] "GET /resorts?resort=redmountain&date=2014-09-27 HTTP/1.1" 404 476 "-" "Mozilla/5.0 (compatible; DotBot/1.1; http://www.opensiteexplorer.org/dotbot, help@moz.com)"
208.115.111.66 - - [15/Oct/2015:11:49:23 -0700] "GET /resorts?resort=stowe&date=2014-07-03 HTTP/1.1" 404 476 "-" "Mozilla/5.0 (compatible; DotBot/1.1; http://www.opensiteexplorer.org/dotbot, help@moz.com)"
208.115.111.66 - - [15/Oct/2015:11:49:28 -0700] "GET /resorts?resort=bearvalleymountain&date=2014-06-28 HTTP/1.1" 404 476 "-" "Mozilla/5.0 (compatible; DotBot/1.1; http://www.opensiteexplorer.org/dotbot, help@moz.com)"
208.115.111.66 - - [15/Oct/2015:11:49:31 -0700] "GET /resorts?resort=wildcatmountain&date=2014-06-18 HTTP/1.1" 404 476 "-" "Mozilla/5.0 (compatible; DotBot/1.1; http://www.opensiteexplorer.org/dotbot, help@moz.com)"
208.115.111.66 - - [15/Oct/2015:11:50:20 -0700] "GET /resorts?resort=diamondpeak&date=2014-06-08 HTTP/1.1" 404 476 "-" "Mozilla/5.0 (compatible; DotBot/1.1; http://www.opensiteexplorer.org/dotbot, help@moz.com)"
208.115.111.66 - - [15/Oct/2015:11:50:40 -0700] "GET /resorts?resort=sierra-at-tahoe&date=2014-10-12 HTTP/1.1" 404 476 "-" "Mozilla/5.0 (compatible; DotBot/1.1; http://www.opensiteexplorer.org/dotbot, help@moz.com)"
208.115.111.66 - - [15/Oct/2015:11:50:44 -0700] "GET /resorts?resort=whitefacemountain&date=2014-10-02 HTTP/1.1" 404 476 "-" "Mozilla/5.0 (compatible; DotBot/1.1; http://www.opensiteexplorer.org/dotbot, help@moz.com)"
66.249.79.234 - - [15/Oct/2015:11:53:22 -0700] "GET /resorts?resort=cannonmountain&date=2014-04-10 HTTP/1.1" 404 506 "-" "Mozilla/5.0 (compatible; Googlebot/2.1; +http://www.google.com/bot.html)"
170.75.162.130 - - [15/Oct/2015:12:01:26 -0700] "GET /lib/reccapi.php?resort=mountspokane HTTP/1.1" 200 982 "-" "node-superagent/0.18.2"
66.249.79.220 - - [15/Oct/2015:12:02:32 -0700] "GET /resorts?resort=cannonmountain&date=2014-04-17 HTTP/1.1" 404 506 "-" "Mozilla/5.0 (compatible; Googlebot/2.1; +http://www.google.com/bot.html)"
66.249.79.220 - - [15/Oct/2015:12:05:32 -0700] "GET /resorts?resort=cannonmountain&date=2014-04-26 HTTP/1.1" 404 506 "-" "Mozilla/5.0 (compatible; Googlebot/2.1; +http://www.google.com/bot.html)"
104.59.100.159 - - [15/Oct/2015:12:13:44 -0700] "GET /images/wsis-logo-sm.png HTTP/1.1" 200 6108 "http://www.thebackcountry.net/" "Mozilla/5.0 (Macintosh; Intel Mac OS X 10_10_5) AppleWebKit/537.36 (KHTML, like Gecko) Chrome/45.0.2454.101 Safari/537.36"
61.49.45.41 - - [15/Oct/2015:12:15:10 -0700] "GET / HTTP/1.0" 200 6114 "-" "-"
61.49.45.41 - - [15/Oct/2015:12:15:22 -0700] "GET / HTTP/1.0" 200 6114 "-" "-"
61.49.45.41 - - [15/Oct/2015:12:15:23 -0700] "GET / HTTP/1.1" 200 6114 "-" "Mozilla/5.0 (compatible; Nmap Scripting Engine; http://nmap.org/book/nse.html)"
61.49.45.41 - - [15/Oct/2015:12:15:23 -0700] "GET / HTTP/1.1" 200 6095 "-" "-"
180.76.15.7 - - [15/Oct/2015:12:21:55 -0700] "GET / HTTP/1.1" 200 6114 "-" "Mozilla/5.0 (compatible; Baiduspider/2.0; +http://www.baidu.com/search/spider.html)"
180.76.15.150 - - [15/Oct/2015:12:23:03 -0700] "GET / HTTP/1.1" 200 6114 "-" "Mozilla/5.0 (compatible; Baiduspider/2.0; +http://www.baidu.com/search/spider.html)"
66.249.79.220 - - [15/Oct/2015:12:27:12 -0700] "GET /resorts?resort=cannonmountain&date=2014-05-02 HTTP/1.1" 404 506 "-" "Mozilla/5.0 (compatible; Googlebot/2.1; +http://www.google.com/bot.html)"
170.75.162.130 - - [15/Oct/2015:12:28:40 -0700] "GET /lib/reccapi.php?resort=sugarbush HTTP/1.1" 200 952 "-" "node-superagent/0.18.2"
170.75.162.130 - - [15/Oct/2015:12:31:09 -0700] "GET /lib/reccapi.php?resort=steamboat HTTP/1.1" 200 957 "-" "node-superagent/0.18.2"
66.249.79.227 - - [15/Oct/2015:12:33:32 -0700] "GET /resorts?resort=cannonmountain&date=2014-05-04 HTTP/1.1" 404 506 "-" "Mozilla/5.0 (compatible; Googlebot/2.1; +http://www.google.com/bot.html)"
208.115.113.83 - - [15/Oct/2015:12:36:40 -0700] "GET /robots.txt HTTP/1.1" 200 319 "-" "Mozilla/5.0 (compatible; DotBot/1.1; http://www.opensiteexplorer.org/dotbot, help@moz.com)"
170.75.162.130 - - [15/Oct/2015:12:39:00 -0700] "GET /lib/reccapi.php?resort=diamondpeak HTTP/1.1" 200 992 "-" "node-superagent/0.18.2"
170.75.162.130 - - [15/Oct/2015:12:39:00 -0700] "GET /lib/reccapi.php?resort=heavenly HTTP/1.1" 200 1027 "-" "node-superagent/0.18.2"
170.75.162.130 - - [15/Oct/2015:12:39:00 -0700] "GET /lib/reccapi.php?resort=mtrose HTTP/1.1" 200 1016 "-" "node-superagent/0.18.2"
66.249.65.69 - - [15/Oct/2015:12:39:53 -0700] "GET /resorts?resort=cannonmountain&date=2014-05-18 HTTP/1.1" 404 506 "-" "Mozilla/5.0 (compatible; Googlebot/2.1; +http://www.google.com/bot.html)"
170.75.162.130 - - [15/Oct/2015:12:46:11 -0700] "GET /lib/reccapi.php?resort=redmountain HTTP/1.1" 200 902 "-" "node-superagent/0.18.2"
208.115.111.66 - - [15/Oct/2015:12:47:30 -0700] "GET /robots.txt HTTP/1.1" 200 319 "-" "Mozilla/5.0 (compatible; DotBot/1.1; http://www.opensiteexplorer.org/dotbot, help@moz.com)"
170.75.162.130 - - [15/Oct/2015:12:48:24 -0700] "GET /lib/reccapi.php?resort=crystalmountain HTTP/1.1" 200 965 "-" "node-superagent/0.18.2"
170.75.162.130 - - [15/Oct/2015:12:49:04 -0700] "GET /lib/reccapi.php?resort=alta HTTP/1.1" 200 936 "-" "node-superagent/0.18.2"
170.75.162.130 - - [15/Oct/2015:12:49:04 -0700] "GET /lib/reccapi.php?resort=parkcity HTTP/1.1" 200 993 "-" "node-superagent/0.18.2"
12.183.160.50 - - [15/Oct/2015:12:49:12 -0700] "GET /images/wsis-logo-sm.png HTTP/1.1" 200 6108 "http://www.thebackcountry.net/" "Mozilla/5.0 (compatible; MSIE 10.0; Windows NT 6.1; WOW64; Trident/6.0)"
66.249.79.234 - - [15/Oct/2015:12:55:12 -0700] "GET /resorts?resort=cannonmountain&date=2014-06-17 HTTP/1.1" 404 506 "-" "Mozilla/5.0 (compatible; Googlebot/2.1; +http://www.google.com/bot.html)"
66.249.79.234 - - [15/Oct/2015:13:01:22 -0700] "GET /resorts?resort=cannonmountain&date=2014-07-02 HTTP/1.1" 404 506 "-" "Mozilla/5.0 (compatible; Googlebot/2.1; +http://www.google.com/bot.html)"
170.75.162.130 - - [15/Oct/2015:13:03:56 -0700] "GET /lib/reccapi.php?resort=grandtarghee HTTP/1.1" 200 991 "-" "node-superagent/0.18.2"
180.76.15.155 - - [15/Oct/2015:13:10:21 -0700] "GET / HTTP/1.1" 200 6114 "-" "Mozilla/5.0 (compatible; Baiduspider/2.0; +http://www.baidu.com/search/spider.html)"
107.77.75.115 - - [15/Oct/2015:13:10:46 -0700] "GET /images/wsis-logo-sm.png HTTP/1.1" 200 6108 "http://www.thebackcountry.net/" "Mozilla/5.0 (iPad; CPU OS 8_4_1 like Mac OS X) AppleWebKit/600.1.4 (KHTML, like Gecko) GSA/9.0.60246 Mobile/12H321 Safari/600.1.4"
180.76.15.134 - - [15/Oct/2015:13:11:32 -0700] "GET / HTTP/1.1" 200 6114 "-" "Mozilla/5.0 (compatible; Baiduspider/2.0; +http://www.baidu.com/search/spider.html)"
208.115.113.83 - - [15/Oct/2015:13:17:58 -0700] "GET /resorts?resort=aspenmountain&date=2014-11-04 HTTP/1.1" 404 476 "-" "Mozilla/5.0 (compatible; DotBot/1.1; http://www.opensiteexplorer.org/dotbot, help@moz.com)"
208.115.113.83 - - [15/Oct/2015:13:18:42 -0700] "GET /resorts?resort=madriverglen&date=2014-10-12 HTTP/1.1" 404 476 "-" "Mozilla/5.0 (compatible; DotBot/1.1; http://www.opensiteexplorer.org/dotbot, help@moz.com)"
208.115.113.83 - - [15/Oct/2015:13:19:19 -0700] "GET /resorts?resort=aspenheights&date=2014-06-10 HTTP/1.1" 404 476 "-" "Mozilla/5.0 (compatible; DotBot/1.1; http://www.opensiteexplorer.org/dotbot, help@moz.com)"
208.115.113.83 - - [15/Oct/2015:13:19:32 -0700] "GET /resorts?resort=alta&date=2014-11-02 HTTP/1.1" 404 476 "-" "Mozilla/5.0 (compatible; DotBot/1.1; http://www.opensiteexplorer.org/dotbot, help@moz.com)"
208.115.113.83 - - [15/Oct/2015:13:19:42 -0700] "GET /resorts?resort=loveland&date=2014-07-08 HTTP/1.1" 404 476 "-" "Mozilla/5.0 (compatible; DotBot/1.1; http://www.opensiteexplorer.org/dotbot, help@moz.com)"
198.85.219.16 - - [15/Oct/2015:13:20:00 -0700] "GET / HTTP/1.1" 200 2376 "http://www.earnyourturns.com/" "Mozilla/5.0 (Windows NT 6.3; WOW64; rv:41.0) Gecko/20100101 Firefox/41.0"
198.85.219.16 - - [15/Oct/2015:13:20:00 -0700] "GET /styles/0fffd548.main.css HTTP/1.1" 200 19316 "http://whereshouldiski.com/" "Mozilla/5.0 (Windows NT 6.3; WOW64; rv:41.0) Gecko/20100101 Firefox/41.0"
198.85.219.16 - - [15/Oct/2015:13:20:00 -0700] "GET /bower_components/requirejs/require.js HTTP/1.1" 200 6702 "http://whereshouldiski.com/" "Mozilla/5.0 (Windows NT 6.3; WOW64; rv:41.0) Gecko/20100101 Firefox/41.0"
198.85.219.16 - - [15/Oct/2015:13:20:00 -0700] "GET /scripts/scripts/vendor/modernizr.js HTTP/1.1" 200 4903 "http://whereshouldiski.com/" "Mozilla/5.0 (Windows NT 6.3; WOW64; rv:41.0) Gecko/20100101 Firefox/41.0"
198.85.219.16 - - [15/Oct/2015:13:20:01 -0700] "GET /images/loading.gif HTTP/1.1" 200 13881 "http://whereshouldiski.com/" "Mozilla/5.0 (Windows NT 6.3; WOW64; rv:41.0) Gecko/20100101 Firefox/41.0"
198.85.219.16 - - [15/Oct/2015:13:20:01 -0700] "GET /images/logo-sm.png HTTP/1.1" 200 16737 "http://whereshouldiski.com/" "Mozilla/5.0 (Windows NT 6.3; WOW64; rv:41.0) Gecko/20100101 Firefox/41.0"
198.85.219.16 - - [15/Oct/2015:13:20:01 -0700] "GET /scripts/fa48e319.main.js HTTP/1.1" 200 123455 "http://whereshouldiski.com/" "Mozilla/5.0 (Windows NT 6.3; WOW64; rv:41.0) Gecko/20100101 Firefox/41.0"
198.85.219.16 - - [15/Oct/2015:13:20:02 -0700] "GET /images/greyHeader.png HTTP/1.1" 200 508 "http://whereshouldiski.com/styles/0fffd548.main.css" "Mozilla/5.0 (Windows NT 6.3; WOW64; rv:41.0) Gecko/20100101 Firefox/41.0"
198.85.219.16 - - [15/Oct/2015:13:20:02 -0700] "GET /lib/reccapi.php?fields=t HTTP/1.1" 200 1868 "http://whereshouldiski.com/" "Mozilla/5.0 (Windows NT 6.3; WOW64; rv:41.0) Gecko/20100101 Firefox/41.0"
198.85.219.16 - - [15/Oct/2015:13:20:02 -0700] "GET /favicon.ico HTTP/1.1" 200 1475 "-" "Mozilla/5.0 (Windows NT 6.3; WOW64; rv:41.0) Gecko/20100101 Firefox/41.0"
198.85.219.16 - - [15/Oct/2015:13:20:02 -0700] "GET /images/snowflake5.png HTTP/1.1" 200 2857 "http://whereshouldiski.com/styles/0fffd548.main.css" "Mozilla/5.0 (Windows NT 6.3; WOW64; rv:41.0) Gecko/20100101 Firefox/41.0"
198.85.219.16 - - [15/Oct/2015:13:20:02 -0700] "GET /images/star5.png HTTP/1.1" 200 1783 "http://whereshouldiski.com/styles/0fffd548.main.css" "Mozilla/5.0 (Windows NT 6.3; WOW64; rv:41.0) Gecko/20100101 Firefox/41.0"
198.85.219.16 - - [15/Oct/2015:13:20:02 -0700] "GET /images/bluebird5.png HTTP/1.1" 200 2177 "http://whereshouldiski.com/styles/0fffd548.main.css" "Mozilla/5.0 (Windows NT 6.3; WOW64; rv:41.0) Gecko/20100101 Firefox/41.0"
198.85.219.16 - - [15/Oct/2015:13:20:02 -0700] "GET /images/shading-icon.png HTTP/1.1" 200 537 "http://whereshouldiski.com/styles/0fffd548.main.css" "Mozilla/5.0 (Windows NT 6.3; WOW64; rv:41.0) Gecko/20100101 Firefox/41.0"
198.85.219.16 - - [15/Oct/2015:13:20:02 -0700] "GET /images/mtns-icon.png HTTP/1.1" 200 1097 "http://whereshouldiski.com/styles/0fffd548.main.css" "Mozilla/5.0 (Windows NT 6.3; WOW64; rv:41.0) Gecko/20100101 Firefox/41.0"
198.85.219.16 - - [15/Oct/2015:13:20:05 -0700] "GET /lib/reccapi.php?fields=t&coords=35.7296504,-81.6637657 HTTP/1.1" 200 1925 "http://whereshouldiski.com/" "Mozilla/5.0 (Windows NT 6.3; WOW64; rv:41.0) Gecko/20100101 Firefox/41.0"
208.115.113.83 - - [15/Oct/2015:13:20:55 -0700] "GET /resorts?resort=parkcity&date=2014-10-30 HTTP/1.1" 404 476 "-" "Mozilla/5.0 (compatible; DotBot/1.1; http://www.opensiteexplorer.org/dotbot, help@moz.com)"
208.115.111.66 - - [15/Oct/2015:13:27:16 -0700] "GET /resorts?resort=angelfire&date=2014-11-18 HTTP/1.1" 404 476 "-" "Mozilla/5.0 (compatible; DotBot/1.1; http://www.opensiteexplorer.org/dotbot, help@moz.com)"
66.249.79.220 - - [15/Oct/2015:13:29:37 -0700] "GET /resorts?resort=heavenly&date=2014-02-24 HTTP/1.1" 404 506 "-" "Mozilla/5.0 (iPhone; CPU iPhone OS 8_3 like Mac OS X) AppleWebKit/600.1.4 (KHTML, like Gecko) Version/8.0 Mobile/12F70 Safari/600.1.4 (compatible; Googlebot/2.1; +http://www.google.com/bot.html)"
208.115.111.66 - - [15/Oct/2015:13:29:50 -0700] "GET /resorts?resort=stowe&date=2014-11-20 HTTP/1.1" 404 476 "-" "Mozilla/5.0 (compatible; DotBot/1.1; http://www.opensiteexplorer.org/dotbot, help@moz.com)"
208.115.111.66 - - [15/Oct/2015:13:29:53 -0700] "GET /resorts?resort=redlodge&date=2014-11-12 HTTP/1.1" 404 476 "-" "Mozilla/5.0 (compatible; DotBot/1.1; http://www.opensiteexplorer.org/dotbot, help@moz.com)"
208.115.111.66 - - [15/Oct/2015:13:30:43 -0700] "GET /resorts?resort=aspenmountain&date=2014-07-03 HTTP/1.1" 404 476 "-" "Mozilla/5.0 (compatible; DotBot/1.1; http://www.opensiteexplorer.org/dotbot, help@moz.com)"
208.115.111.66 - - [15/Oct/2015:13:30:47 -0700] "GET /resorts?resort=whitepass&date=2014-06-17 HTTP/1.1" 404 476 "-" "Mozilla/5.0 (compatible; DotBot/1.1; http://www.opensiteexplorer.org/dotbot, help@moz.com)"
208.115.111.66 - - [15/Oct/2015:13:30:59 -0700] "GET /resorts?resort=sundayriver&date=2014-10-30 HTTP/1.1" 404 476 "-" "Mozilla/5.0 (compatible; DotBot/1.1; http://www.opensiteexplorer.org/dotbot, help@moz.com)"
208.115.111.66 - - [15/Oct/2015:13:31:33 -0700] "GET /resorts?resort=buttermilk&date=2014-06-05 HTTP/1.1" 404 476 "-" "Mozilla/5.0 (compatible; DotBot/1.1; http://www.opensiteexplorer.org/dotbot, help@moz.com)"
208.115.111.66 - - [15/Oct/2015:13:31:59 -0700] "GET /resorts?resort=grandtarghee&date=2014-11-16 HTTP/1.1" 404 476 "-" "Mozilla/5.0 (compatible; DotBot/1.1; http://www.opensiteexplorer.org/dotbot, help@moz.com)"
71.80.218.166 - - [15/Oct/2015:13:33:36 -0700] "GET /images/wsis-logo-sm.png HTTP/1.1" 200 6108 "http://www.thebackcountry.net/" "Mozilla/5.0 (Windows NT 10.0; WOW64) AppleWebKit/537.36 (KHTML, like Gecko) Chrome/45.0.2454.101 Safari/537.36"
220.181.108.76 - - [15/Oct/2015:13:40:34 -0700] "-" 408 0 "-" "-"
123.125.71.48 - - [15/Oct/2015:13:41:33 -0700] "-" 408 0 "-" "-"
208.108.81.56 - - [15/Oct/2015:13:43:00 -0700] "GET / HTTP/1.1" 200 2376 "http://www.earnyourturns.com/" "Mozilla/5.0 (Macintosh; Intel Mac OS X 10_10_3) AppleWebKit/537.36 (KHTML, like Gecko) Chrome/45.0.2454.101 Safari/537.36"
208.108.81.56 - - [15/Oct/2015:13:43:00 -0700] "GET /styles/0fffd548.main.css HTTP/1.1" 200 19316 "http://whereshouldiski.com/" "Mozilla/5.0 (Macintosh; Intel Mac OS X 10_10_3) AppleWebKit/537.36 (KHTML, like Gecko) Chrome/45.0.2454.101 Safari/537.36"
208.108.81.56 - - [15/Oct/2015:13:43:00 -0700] "GET /scripts/scripts/vendor/modernizr.js HTTP/1.1" 200 4903 "http://whereshouldiski.com/" "Mozilla/5.0 (Macintosh; Intel Mac OS X 10_10_3) AppleWebKit/537.36 (KHTML, like Gecko) Chrome/45.0.2454.101 Safari/537.36"
208.108.81.56 - - [15/Oct/2015:13:43:00 -0700] "GET /bower_components/requirejs/require.js HTTP/1.1" 200 6702 "http://whereshouldiski.com/" "Mozilla/5.0 (Macintosh; Intel Mac OS X 10_10_3) AppleWebKit/537.36 (KHTML, like Gecko) Chrome/45.0.2454.101 Safari/537.36"
208.108.81.56 - - [15/Oct/2015:13:43:00 -0700] "GET /images/logo-sm.png HTTP/1.1" 200 16738 "http://whereshouldiski.com/" "Mozilla/5.0 (Macintosh; Intel Mac OS X 10_10_3) AppleWebKit/537.36 (KHTML, like Gecko) Chrome/45.0.2454.101 Safari/537.36"
208.108.81.56 - - [15/Oct/2015:13:43:00 -0700] "GET /images/loading.gif HTTP/1.1" 200 13881 "http://whereshouldiski.com/" "Mozilla/5.0 (Macintosh; Intel Mac OS X 10_10_3) AppleWebKit/537.36 (KHTML, like Gecko) Chrome/45.0.2454.101 Safari/537.36"
208.108.81.56 - - [15/Oct/2015:13:43:00 -0700] "GET /scripts/fa48e319.main.js HTTP/1.1" 200 123455 "http://whereshouldiski.com/" "Mozilla/5.0 (Macintosh; Intel Mac OS X 10_10_3) AppleWebKit/537.36 (KHTML, like Gecko) Chrome/45.0.2454.101 Safari/537.36"
208.108.81.56 - - [15/Oct/2015:13:43:01 -0700] "GET /images/greyHeader.png HTTP/1.1" 200 508 "http://whereshouldiski.com/styles/0fffd548.main.css" "Mozilla/5.0 (Macintosh; Intel Mac OS X 10_10_3) AppleWebKit/537.36 (KHTML, like Gecko) Chrome/45.0.2454.101 Safari/537.36"
208.108.81.56 - - [15/Oct/2015:13:43:01 -0700] "GET /favicon.ico HTTP/1.1" 200 1475 "http://whereshouldiski.com/" "Mozilla/5.0 (Macintosh; Intel Mac OS X 10_10_3) AppleWebKit/537.36 (KHTML, like Gecko) Chrome/45.0.2454.101 Safari/537.36"
208.108.81.56 - - [15/Oct/2015:13:43:01 -0700] "GET /images/button.png HTTP/1.1" 200 598 "http://whereshouldiski.com/styles/0fffd548.main.css" "Mozilla/5.0 (Macintosh; Intel Mac OS X 10_10_3) AppleWebKit/537.36 (KHTML, like Gecko) Chrome/45.0.2454.101 Safari/537.36"
208.108.81.56 - - [15/Oct/2015:13:43:01 -0700] "GET /lib/reccapi.php?fields=t HTTP/1.1" 200 1868 "http://whereshouldiski.com/" "Mozilla/5.0 (Macintosh; Intel Mac OS X 10_10_3) AppleWebKit/537.36 (KHTML, like Gecko) Chrome/45.0.2454.101 Safari/537.36"
208.108.81.56 - - [15/Oct/2015:13:43:01 -0700] "GET /images/mtns-icon.png HTTP/1.1" 200 1096 "http://whereshouldiski.com/styles/0fffd548.main.css" "Mozilla/5.0 (Macintosh; Intel Mac OS X 10_10_3) AppleWebKit/537.36 (KHTML, like Gecko) Chrome/45.0.2454.101 Safari/537.36"
208.108.81.56 - - [15/Oct/2015:13:43:01 -0700] "GET /images/snowflake5.png HTTP/1.1" 200 2857 "http://whereshouldiski.com/styles/0fffd548.main.css" "Mozilla/5.0 (Macintosh; Intel Mac OS X 10_10_3) AppleWebKit/537.36 (KHTML, like Gecko) Chrome/45.0.2454.101 Safari/537.36"
208.108.81.56 - - [15/Oct/2015:13:43:01 -0700] "GET /images/star5.png HTTP/1.1" 200 1783 "http://whereshouldiski.com/styles/0fffd548.main.css" "Mozilla/5.0 (Macintosh; Intel Mac OS X 10_10_3) AppleWebKit/537.36 (KHTML, like Gecko) Chrome/45.0.2454.101 Safari/537.36"
208.108.81.56 - - [15/Oct/2015:13:43:01 -0700] "GET /images/bluebird5.png HTTP/1.1" 200 2177 "http://whereshouldiski.com/styles/0fffd548.main.css" "Mozilla/5.0 (Macintosh; Intel Mac OS X 10_10_3) AppleWebKit/537.36 (KHTML, like Gecko) Chrome/45.0.2454.101 Safari/537.36"
208.108.81.56 - - [15/Oct/2015:13:43:01 -0700] "GET /images/shading-icon.png HTTP/1.1" 200 537 "http://whereshouldiski.com/styles/0fffd548.main.css" "Mozilla/5.0 (Macintosh; Intel Mac OS X 10_10_3) AppleWebKit/537.36 (KHTML, like Gecko) Chrome/45.0.2454.101 Safari/537.36"
170.75.162.130 - - [15/Oct/2015:13:49:01 -0700] "GET /lib/reccapi.php?resort=sugarloaf HTTP/1.1" 200 955 "-" "node-superagent/0.18.2"
180.76.15.30 - - [15/Oct/2015:13:58:38 -0700] "GET / HTTP/1.1" 200 6114 "-" "Mozilla/5.0 (compatible; Baiduspider/2.0; +http://www.baidu.com/search/spider.html)"
180.76.15.149 - - [15/Oct/2015:13:59:51 -0700] "GET / HTTP/1.1" 200 6114 "-" "Mozilla/5.0 (compatible; Baiduspider/2.0; +http://www.baidu.com/search/spider.html)"
208.115.113.83 - - [15/Oct/2015:14:06:45 -0700] "GET /robots.txt HTTP/1.1" 200 319 "-" "Mozilla/5.0 (compatible; DotBot/1.1; http://www.opensiteexplorer.org/dotbot, help@moz.com)"
220.181.108.122 - - [15/Oct/2015:14:10:02 -0700] "GET / HTTP/1.1" 200 2339 "-" "Mozilla/5.0 (compatible; Baiduspider/2.0; +http://www.baidu.com/search/spider.html)"
170.75.162.130 - - [15/Oct/2015:14:19:45 -0700] "GET /lib/reccapi.php?resort=canyons HTTP/1.1" 200 968 "-" "node-superagent/0.18.2"
24.32.26.49 - - [15/Oct/2015:14:33:00 -0700] "GET /images/wsis-logo-sm.png HTTP/1.1" 200 6108 "http://www.thebackcountry.net/" "Mozilla/5.0 (iPad; CPU OS 8_4 like Mac OS X) AppleWebKit/600.1.4 (KHTML, like Gecko) Version/8.0 Mobile/12H143 Safari/600.1.4"
170.75.162.130 - - [15/Oct/2015:14:40:07 -0700] "GET /lib/reccapi.php?resort=49degreesnorth HTTP/1.1" 200 965 "-" "node-superagent/0.18.2"
170.75.162.130 - - [15/Oct/2015:14:40:07 -0700] "GET /lib/reccapi.php?resort=brighton HTTP/1.1" 200 943 "-" "node-superagent/0.18.2"
170.75.162.130 - - [15/Oct/2015:14:40:07 -0700] "GET /lib/reccapi.php?resort=brianhead HTTP/1.1" 200 986 "-" "node-superagent/0.18.2"
170.75.162.130 - - [15/Oct/2015:14:40:07 -0700] "GET /lib/reccapi.php?resort=loveland HTTP/1.1" 200 995 "-" "node-superagent/0.18.2"
170.75.162.130 - - [15/Oct/2015:14:40:07 -0700] "GET /lib/reccapi.php?resort=deervalley HTTP/1.1" 200 998 "-" "node-superagent/0.18.2"
170.75.162.130 - - [15/Oct/2015:14:40:07 -0700] "GET /lib/reccapi.php?resort=snowbasin HTTP/1.1" 200 963 "-" "node-superagent/0.18.2"
170.75.162.130 - - [15/Oct/2015:14:40:07 -0700] "GET /lib/reccapi.php?resort=schweitzer HTTP/1.1" 200 954 "-" "node-superagent/0.18.2"
170.75.162.130 - - [15/Oct/2015:14:40:07 -0700] "GET /lib/reccapi.php?resort=snowbird HTTP/1.1" 200 961 "-" "node-superagent/0.18.2"
170.75.162.130 - - [15/Oct/2015:14:40:07 -0700] "GET /lib/reccapi.php?resort=solitude HTTP/1.1" 200 938 "-" "node-superagent/0.18.2"
208.115.113.83 - - [15/Oct/2015:14:43:34 -0700] "GET /resorts?resort=maverickmountain&date=2014-06-05 HTTP/1.1" 404 476 "-" "Mozilla/5.0 (compatible; DotBot/1.1; http://www.opensiteexplorer.org/dotbot, help@moz.com)"
123.125.71.51 - - [15/Oct/2015:14:43:45 -0700] "-" 408 0 "-" "-"
180.76.15.154 - - [15/Oct/2015:14:44:28 -0700] "GET / HTTP/1.1" 200 6114 "-" "Mozilla/5.0 (compatible; Baiduspider/2.0; +http://www.baidu.com/search/spider.html)"
180.76.15.150 - - [15/Oct/2015:14:45:11 -0700] "GET / HTTP/1.1" 200 6114 "-" "Mozilla/5.0 (compatible; Baiduspider/2.0; +http://www.baidu.com/search/spider.html)"
208.115.113.83 - - [15/Oct/2015:14:46:30 -0700] "GET /resorts?resort=monarch&date=2014-11-11 HTTP/1.1" 404 476 "-" "Mozilla/5.0 (compatible; DotBot/1.1; http://www.opensiteexplorer.org/dotbot, help@moz.com)"
208.115.113.83 - - [15/Oct/2015:14:46:46 -0700] "GET /resorts?resort=killington&date=2014-10-25 HTTP/1.1" 404 476 "-" "Mozilla/5.0 (compatible; DotBot/1.1; http://www.opensiteexplorer.org/dotbot, help@moz.com)"
208.115.113.83 - - [15/Oct/2015:14:47:39 -0700] "GET /resorts?resort=grandtarghee&date=2014-11-11 HTTP/1.1" 404 476 "-" "Mozilla/5.0 (compatible; DotBot/1.1; http://www.opensiteexplorer.org/dotbot, help@moz.com)"
208.115.111.66 - - [15/Oct/2015:14:49:13 -0700] "GET /robots.txt HTTP/1.1" 200 319 "-" "Mozilla/5.0 (compatible; DotBot/1.1; http://www.opensiteexplorer.org/dotbot, help@moz.com)"
208.115.111.66 - - [15/Oct/2015:15:26:12 -0700] "GET /resorts?resort=squawvalleyusa&date=2014-11-02 HTTP/1.1" 404 476 "-" "Mozilla/5.0 (compatible; DotBot/1.1; http://www.opensiteexplorer.org/dotbot, help@moz.com)"
208.115.111.66 - - [15/Oct/2015:15:26:40 -0700] "GET /resorts?resort=wildcatmountain&date=2014-06-14 HTTP/1.1" 404 476 "-" "Mozilla/5.0 (compatible; DotBot/1.1; http://www.opensiteexplorer.org/dotbot, help@moz.com)"
208.115.111.66 - - [15/Oct/2015:15:27:54 -0700] "GET /resorts?resort=mounthoodmeadows&date=2014-10-17 HTTP/1.1" 404 476 "-" "Mozilla/5.0 (compatible; DotBot/1.1; http://www.opensiteexplorer.org/dotbot, help@moz.com)"
69.36.228.98 - - [15/Oct/2015:15:33:44 -0700] "GET /images/wsis-logo-sm.png HTTP/1.1" 200 6108 "http://www.thebackcountry.net/" "Mozilla/5.0 (Windows NT 6.1; WOW64) AppleWebKit/537.36 (KHTML, like Gecko) Chrome/45.0.2454.101 Safari/537.36"
207.192.249.234 - - [15/Oct/2015:15:38:35 -0700] "GET /images/wsis-logo-sm.png HTTP/1.1" 200 6108 "http://www.thebackcountry.net/" "Mozilla/5.0 (Windows NT 6.1; WOW64; Trident/7.0; rv:11.0) like Gecko"
207.192.249.234 - - [15/Oct/2015:15:38:56 -0700] "-" 408 0 "-" "-"
123.125.71.72 - - [15/Oct/2015:15:40:57 -0700] "-" 408 0 "-" "-"
180.76.15.153 - - [15/Oct/2015:15:44:35 -0700] "GET / HTTP/1.1" 200 6114 "-" "Mozilla/5.0 (compatible; Baiduspider/2.0; +http://www.baidu.com/search/spider.html)"
180.76.15.137 - - [15/Oct/2015:15:45:27 -0700] "GET / HTTP/1.1" 200 6114 "-" "Mozilla/5.0 (compatible; Baiduspider/2.0; +http://www.baidu.com/search/spider.html)"
170.75.162.130 - - [15/Oct/2015:15:46:55 -0700] "GET /lib/reccapi.php?resort=devilshead HTTP/1.1" 200 989 "-" "node-superagent/0.18.2"
170.75.162.130 - - [15/Oct/2015:15:53:15 -0700] "GET /lib/reccapi.php?resort=jacksonhole HTTP/1.1" 200 951 "-" "node-superagent/0.18.2"
71.9.103.151 - - [15/Oct/2015:15:54:15 -0700] "GET /images/wsis-logo-sm.png HTTP/1.1" 200 6108 "http://www.thebackcountry.net/" "Mozilla/5.0 (Macintosh; Intel Mac OS X 10_7_5) AppleWebKit/537.78.2 (KHTML, like Gecko) Version/6.1.6 Safari/537.78.2"
222.186.56.107 - - [15/Oct/2015:15:56:58 -0700] "GET https://m.baidu.com/ HTTP/1.1" 200 6095 "-" "HttpClient"
208.115.113.83 - - [15/Oct/2015:15:58:45 -0700] "GET /robots.txt HTTP/1.1" 200 319 "-" "Mozilla/5.0 (compatible; DotBot/1.1; http://www.opensiteexplorer.org/dotbot, help@moz.com)"
170.75.162.130 - - [15/Oct/2015:16:02:27 -0700] "GET /lib/reccapi.php?resort=taos HTTP/1.1" 200 950 "-" "node-superagent/0.18.2"
69.36.228.98 - - [15/Oct/2015:16:03:58 -0700] "GET / HTTP/1.1" 200 2376 "http://www.thebackcountry.net/" "Mozilla/5.0 (Windows NT 6.1; WOW64) AppleWebKit/537.36 (KHTML, like Gecko) Chrome/45.0.2454.101 Safari/537.36"
69.36.228.98 - - [15/Oct/2015:16:03:58 -0700] "GET /styles/0fffd548.main.css HTTP/1.1" 200 19316 "http://whereshouldiski.com/" "Mozilla/5.0 (Windows NT 6.1; WOW64) AppleWebKit/537.36 (KHTML, like Gecko) Chrome/45.0.2454.101 Safari/537.36"
69.36.228.98 - - [15/Oct/2015:16:03:58 -0700] "GET /scripts/scripts/vendor/modernizr.js HTTP/1.1" 200 4903 "http://whereshouldiski.com/" "Mozilla/5.0 (Windows NT 6.1; WOW64) AppleWebKit/537.36 (KHTML, like Gecko) Chrome/45.0.2454.101 Safari/537.36"
69.36.228.98 - - [15/Oct/2015:16:03:58 -0700] "GET /images/logo-sm.png HTTP/1.1" 200 16738 "http://whereshouldiski.com/" "Mozilla/5.0 (Windows NT 6.1; WOW64) AppleWebKit/537.36 (KHTML, like Gecko) Chrome/45.0.2454.101 Safari/537.36"
69.36.228.98 - - [15/Oct/2015:16:03:58 -0700] "GET /bower_components/requirejs/require.js HTTP/1.1" 200 6702 "http://whereshouldiski.com/" "Mozilla/5.0 (Windows NT 6.1; WOW64) AppleWebKit/537.36 (KHTML, like Gecko) Chrome/45.0.2454.101 Safari/537.36"
69.36.228.98 - - [15/Oct/2015:16:03:59 -0700] "GET /images/loading.gif HTTP/1.1" 200 13881 "http://whereshouldiski.com/" "Mozilla/5.0 (Windows NT 6.1; WOW64) AppleWebKit/537.36 (KHTML, like Gecko) Chrome/45.0.2454.101 Safari/537.36"
69.36.228.98 - - [15/Oct/2015:16:03:59 -0700] "GET /scripts/fa48e319.main.js HTTP/1.1" 200 123455 "http://whereshouldiski.com/" "Mozilla/5.0 (Windows NT 6.1; WOW64) AppleWebKit/537.36 (KHTML, like Gecko) Chrome/45.0.2454.101 Safari/537.36"
69.36.228.98 - - [15/Oct/2015:16:03:59 -0700] "GET /images/button.png HTTP/1.1" 200 598 "http://whereshouldiski.com/styles/0fffd548.main.css" "Mozilla/5.0 (Windows NT 6.1; WOW64) AppleWebKit/537.36 (KHTML, like Gecko) Chrome/45.0.2454.101 Safari/537.36"
69.36.228.98 - - [15/Oct/2015:16:03:59 -0700] "GET /images/greyHeader.png HTTP/1.1" 200 508 "http://whereshouldiski.com/styles/0fffd548.main.css" "Mozilla/5.0 (Windows NT 6.1; WOW64) AppleWebKit/537.36 (KHTML, like Gecko) Chrome/45.0.2454.101 Safari/537.36"
69.36.228.98 - - [15/Oct/2015:16:03:59 -0700] "GET /lib/reccapi.php?fields=t HTTP/1.1" 200 1883 "http://whereshouldiski.com/" "Mozilla/5.0 (Windows NT 6.1; WOW64) AppleWebKit/537.36 (KHTML, like Gecko) Chrome/45.0.2454.101 Safari/537.36"
69.36.228.98 - - [15/Oct/2015:16:03:59 -0700] "GET /images/bluebird5.png HTTP/1.1" 200 2177 "http://whereshouldiski.com/styles/0fffd548.main.css" "Mozilla/5.0 (Windows NT 6.1; WOW64) AppleWebKit/537.36 (KHTML, like Gecko) Chrome/45.0.2454.101 Safari/537.36"
69.36.228.98 - - [15/Oct/2015:16:03:59 -0700] "GET /images/mtns-icon.png HTTP/1.1" 200 1096 "http://whereshouldiski.com/styles/0fffd548.main.css" "Mozilla/5.0 (Windows NT 6.1; WOW64) AppleWebKit/537.36 (KHTML, like Gecko) Chrome/45.0.2454.101 Safari/537.36"
69.36.228.98 - - [15/Oct/2015:16:03:59 -0700] "GET /images/snowflake5.png HTTP/1.1" 200 2857 "http://whereshouldiski.com/styles/0fffd548.main.css" "Mozilla/5.0 (Windows NT 6.1; WOW64) AppleWebKit/537.36 (KHTML, like Gecko) Chrome/45.0.2454.101 Safari/537.36"
69.36.228.98 - - [15/Oct/2015:16:03:59 -0700] "GET /images/star5.png HTTP/1.1" 200 1783 "http://whereshouldiski.com/styles/0fffd548.main.css" "Mozilla/5.0 (Windows NT 6.1; WOW64) AppleWebKit/537.36 (KHTML, like Gecko) Chrome/45.0.2454.101 Safari/537.36"
69.36.228.98 - - [15/Oct/2015:16:03:59 -0700] "GET /images/shading-icon.png HTTP/1.1" 200 536 "http://whereshouldiski.com/styles/0fffd548.main.css" "Mozilla/5.0 (Windows NT 6.1; WOW64) AppleWebKit/537.36 (KHTML, like Gecko) Chrome/45.0.2454.101 Safari/537.36"
69.36.228.98 - - [15/Oct/2015:16:03:59 -0700] "GET /favicon.ico HTTP/1.1" 200 1475 "http://whereshouldiski.com/" "Mozilla/5.0 (Windows NT 6.1; WOW64) AppleWebKit/537.36 (KHTML, like Gecko) Chrome/45.0.2454.101 Safari/537.36"
207.46.13.102 - - [15/Oct/2015:16:05:39 -0700] "GET /robots.txt HTTP/1.1" 200 375 "-" "Mozilla/5.0 (compatible; bingbot/2.0; +http://www.bing.com/bingbot.htm)"
66.249.79.220 - - [15/Oct/2015:16:11:05 -0700] "GET /robots.txt HTTP/1.1" 200 419 "-" "Mozilla/5.0 (compatible; Googlebot/2.1; +http://www.google.com/bot.html)"
66.249.79.220 - - [15/Oct/2015:16:11:05 -0700] "GET / HTTP/1.1" 200 2375 "-" "SAMSUNG-SGH-E250/1.0 Profile/MIDP-2.0 Configuration/CLDC-1.1 UP.Browser/6.2.3.3.c.1.101 (GUI) MMP/2.0 (compatible; Googlebot-Mobile/2.1; +http://www.google.com/bot.html)"
66.249.79.227 - - [15/Oct/2015:16:14:11 -0700] "GET / HTTP/1.1" 200 2376 "-" "DoCoMo/2.0 N905i(c100;TB;W24H16) (compatible; Googlebot-Mobile/2.1; +http://www.google.com/bot.html)"
211.89.227.40 - - [15/Oct/2015:16:23:32 -0700] "GET / HTTP/1.0" 200 6114 "-" "Mozilla/5.0 (compatible; heritrix/3.1.1 +http://www.baidu.com)"
176.97.116.171 - - [15/Oct/2015:16:26:35 -0700] "GET / HTTP/1.1" 200 2376 "-" "Mozilla/4.0 (compatible; MSIE 6.0; Windows NT 5.1)"
66.249.74.9 - - [15/Oct/2015:16:28:00 -0700] "GET /robots.txt HTTP/1.1" 200 419 "-" "Mozilla/5.0 (compatible; Googlebot/2.1; +http://www.google.com/bot.html)"
66.249.74.9 - - [15/Oct/2015:16:28:00 -0700] "GET / HTTP/1.1" 200 2375 "-" "Mozilla/5.0 (iPhone; CPU iPhone OS 8_3 like Mac OS X) AppleWebKit/600.1.4 (KHTML, like Gecko) Version/8.0 Mobile/12F70 Safari/600.1.4 (compatible; Googlebot/2.1; +http://www.google.com/bot.html)"
208.115.113.83 - - [15/Oct/2015:16:34:59 -0700] "GET /resorts?resort=solitude&date=2014-06-25 HTTP/1.1" 404 476 "-" "Mozilla/5.0 (compatible; DotBot/1.1; http://www.opensiteexplorer.org/dotbot, help@moz.com)"
208.115.113.83 - - [15/Oct/2015:16:36:10 -0700] "GET /resorts?resort=chinapeak&date=2014-11-01 HTTP/1.1" 404 476 "-" "Mozilla/5.0 (compatible; DotBot/1.1; http://www.opensiteexplorer.org/dotbot, help@moz.com)"
208.115.113.83 - - [15/Oct/2015:16:39:24 -0700] "GET /resorts?resort=northstar-at-tahoe&date=2014-06-28 HTTP/1.1" 404 476 "-" "Mozilla/5.0 (compatible; DotBot/1.1; http://www.opensiteexplorer.org/dotbot, help@moz.com)"
208.115.113.83 - - [15/Oct/2015:16:39:27 -0700] "GET /resorts?resort=redmountain&date=2014-10-26 HTTP/1.1" 404 476 "-" "Mozilla/5.0 (compatible; DotBot/1.1; http://www.opensiteexplorer.org/dotbot, help@moz.com)"
208.115.113.83 - - [15/Oct/2015:16:39:59 -0700] "GET /resorts?resort=monarch&date=2014-10-10 HTTP/1.1" 404 476 "-" "Mozilla/5.0 (compatible; DotBot/1.1; http://www.opensiteexplorer.org/dotbot, help@moz.com)"
208.115.113.83 - - [15/Oct/2015:16:40:04 -0700] "GET /resorts?resort=bearmountain&date=2014-06-18 HTTP/1.1" 404 476 "-" "Mozilla/5.0 (compatible; DotBot/1.1; http://www.opensiteexplorer.org/dotbot, help@moz.com)"
208.115.113.83 - - [15/Oct/2015:16:40:19 -0700] "GET /resorts?resort=whitefacemountain&date=2014-10-29 HTTP/1.1" 404 476 "-" "Mozilla/5.0 (compatible; DotBot/1.1; http://www.opensiteexplorer.org/dotbot, help@moz.com)"
208.115.113.83 - - [15/Oct/2015:16:40:22 -0700] "GET /resorts?resort=alyeska&date=2014-11-09 HTTP/1.1" 404 476 "-" "Mozilla/5.0 (compatible; DotBot/1.1; http://www.opensiteexplorer.org/dotbot, help@moz.com)"
208.115.113.83 - - [15/Oct/2015:16:40:25 -0700] "GET /resorts?resort=powderhorn&date=2014-06-20 HTTP/1.1" 404 476 "-" "Mozilla/5.0 (compatible; DotBot/1.1; http://www.opensiteexplorer.org/dotbot, help@moz.com)"
220.181.108.182 - - [15/Oct/2015:16:40:55 -0700] "GET / HTTP/1.1" 200 2339 "-" "Mozilla/5.0 (Windows NT 5.1; rv:6.0.2) Gecko/20100101 Firefox/6.0.2"
220.181.108.152 - - [15/Oct/2015:16:40:55 -0700] "GET / HTTP/1.1" 200 6114 "-" "Mozilla/5.0 (Windows NT 5.1; rv:6.0.2) Gecko/20100101 Firefox/6.0.2"
170.75.162.130 - - [15/Oct/2015:16:50:02 -0700] "GET /lib/reccapi.php?resort=homewoodmountain HTTP/1.1" 200 1022 "-" "node-superagent/0.18.2"
122.3.127.22 - - [15/Oct/2015:16:53:58 -0700] "GET /images/wsis-logo-sm.png HTTP/1.1" 200 6108 "http://thebackcountry.net/" "Mozilla/5.0 (Windows NT 6.1; WOW64) AppleWebKit/537.36 (KHTML, like Gecko) Chrome/36.0.1985.143 Safari/537.36"
208.115.111.66 - - [15/Oct/2015:16:54:52 -0700] "GET /robots.txt HTTP/1.1" 200 319 "-" "Mozilla/5.0 (compatible; DotBot/1.1; http://www.opensiteexplorer.org/dotbot, help@moz.com)"
180.76.15.7 - - [15/Oct/2015:17:01:08 -0700] "GET / HTTP/1.1" 200 6114 "-" "Mozilla/5.0 (compatible; Baiduspider/2.0; +http://www.baidu.com/search/spider.html)"
180.76.15.145 - - [15/Oct/2015:17:02:33 -0700] "GET / HTTP/1.1" 200 6114 "-" "Mozilla/5.0 (compatible; Baiduspider/2.0; +http://www.baidu.com/search/spider.html)"
66.249.79.220 - - [15/Oct/2015:17:13:34 -0700] "GET /resorts?resort=cannonmountain&date=2014-03-28 HTTP/1.1" 404 506 "-" "Mozilla/5.0 (compatible; Googlebot/2.1; +http://www.google.com/bot.html)"
170.75.162.130 - - [15/Oct/2015:17:18:06 -0700] "GET /lib/reccapi.php?resort=bigsky HTTP/1.1" 200 957 "-" "node-superagent/0.18.2"
170.75.162.130 - - [15/Oct/2015:17:20:16 -0700] "GET /lib/reccapi.php?resort=hoodoo HTTP/1.1" 200 962 "-" "node-superagent/0.18.2"
208.115.111.66 - - [15/Oct/2015:17:23:44 -0700] "GET /resorts?resort=sunpeaksresort HTTP/1.1" 404 476 "-" "Mozilla/5.0 (compatible; DotBot/1.1; http://www.opensiteexplorer.org/dotbot, help@moz.com)"
208.115.111.66 - - [15/Oct/2015:17:25:31 -0700] "GET /resorts?resort=homewoodmountain&date=2014-11-07 HTTP/1.1" 404 476 "-" "Mozilla/5.0 (compatible; DotBot/1.1; http://www.opensiteexplorer.org/dotbot, help@moz.com)"
170.75.162.130 - - [15/Oct/2015:17:26:37 -0700] "GET /lib/reccapi.php?resort=arapahoebasin HTTP/1.1" 200 1018 "-" "node-superagent/0.18.2"
170.75.162.130 - - [15/Oct/2015:17:26:37 -0700] "GET /lib/reccapi.php?resort=aspenmountain HTTP/1.1" 200 964 "-" "node-superagent/0.18.2"
170.75.162.130 - - [15/Oct/2015:17:26:37 -0700] "GET /lib/reccapi.php?resort=aspenheights HTTP/1.1" 200 996 "-" "node-superagent/0.18.2"
170.75.162.130 - - [15/Oct/2015:17:26:37 -0700] "GET /lib/reccapi.php?resort=buttermilk HTTP/1.1" 200 972 "-" "node-superagent/0.18.2"
170.75.162.130 - - [15/Oct/2015:17:26:37 -0700] "GET /lib/reccapi.php?resort=coppermountain HTTP/1.1" 200 972 "-" "node-superagent/0.18.2"
170.75.162.130 - - [15/Oct/2015:17:26:37 -0700] "GET /lib/reccapi.php?resort=crestedbutte HTTP/1.1" 200 972 "-" "node-superagent/0.18.2"
170.75.162.130 - - [15/Oct/2015:17:26:37 -0700] "GET /lib/reccapi.php?resort=keystone HTTP/1.1" 200 976 "-" "node-superagent/0.18.2"
170.75.162.130 - - [15/Oct/2015:17:26:37 -0700] "GET /lib/reccapi.php?resort=monarch HTTP/1.1" 200 947 "-" "node-superagent/0.18.2"
170.75.162.130 - - [15/Oct/2015:17:26:37 -0700] "GET /lib/reccapi.php?resort=snowmass HTTP/1.1" 200 958 "-" "node-superagent/0.18.2"
170.75.162.130 - - [15/Oct/2015:17:26:37 -0700] "GET /lib/reccapi.php?resort=steamboat HTTP/1.1" 200 960 "-" "node-superagent/0.18.2"
170.75.162.130 - - [15/Oct/2015:17:26:37 -0700] "GET /lib/reccapi.php?resort=telluride HTTP/1.1" 200 973 "-" "node-superagent/0.18.2"
170.75.162.130 - - [15/Oct/2015:17:26:37 -0700] "GET /lib/reccapi.php?resort=winterpark HTTP/1.1" 200 1004 "-" "node-superagent/0.18.2"
208.115.111.66 - - [15/Oct/2015:17:27:54 -0700] "GET /resorts?resort=grandtarghee&date=2014-11-12 HTTP/1.1" 404 476 "-" "Mozilla/5.0 (compatible; DotBot/1.1; http://www.opensiteexplorer.org/dotbot, help@moz.com)"
208.115.111.66 - - [15/Oct/2015:17:27:57 -0700] "GET /resorts?resort=snowbasin&date=2014-10-24 HTTP/1.1" 404 476 "-" "Mozilla/5.0 (compatible; DotBot/1.1; http://www.opensiteexplorer.org/dotbot, help@moz.com)"
36.82.41.243 - - [15/Oct/2015:17:34:58 -0700] "GET / HTTP/1.1" 200 2376 "http://rankings-analytics.com/try.php?u=http://whereshouldiski.com" "Mozilla/5.0 (Windows NT 6.1; WOW64) AppleWebKit/537.36 (KHTML, like Gecko) Chrome/36.0.1985.143 Safari/537.36"
36.82.41.243 - - [15/Oct/2015:17:35:00 -0700] "GET /styles/0fffd548.main.css HTTP/1.1" 200 19316 "http://whereshouldiski.com/" "Mozilla/5.0 (Windows NT 6.1; WOW64) AppleWebKit/537.36 (KHTML, like Gecko) Chrome/36.0.1985.143 Safari/537.36"
36.82.41.243 - - [15/Oct/2015:17:35:01 -0700] "GET /scripts/scripts/vendor/modernizr.js HTTP/1.1" 200 4903 "http://whereshouldiski.com/" "Mozilla/5.0 (Windows NT 6.1; WOW64) AppleWebKit/537.36 (KHTML, like Gecko) Chrome/36.0.1985.143 Safari/537.36"
36.82.41.243 - - [15/Oct/2015:17:35:01 -0700] "GET /bower_components/requirejs/require.js HTTP/1.1" 200 6702 "http://whereshouldiski.com/" "Mozilla/5.0 (Windows NT 6.1; WOW64) AppleWebKit/537.36 (KHTML, like Gecko) Chrome/36.0.1985.143 Safari/537.36"
185.25.151.159 - - [15/Oct/2015:17:37:31 -0700] "GET http://testp4.pospr.waw.pl/testproxy.php HTTP/1.1" 404 448 "-" "Mozilla/5.0 (Windows NT 5.1; rv:32.0) Gecko/20100101 Firefox/31.0"
170.75.162.130 - - [15/Oct/2015:17:37:48 -0700] "GET /lib/reccapi.php?resort=sugarbowl HTTP/1.1" 200 1005 "-" "node-superagent/0.18.2"
180.76.15.8 - - [15/Oct/2015:17:40:01 -0700] "GET / HTTP/1.1" 200 6114 "-" "Mozilla/5.0 (compatible; Baiduspider/2.0; +http://www.baidu.com/search/spider.html)"
180.76.15.29 - - [15/Oct/2015:17:40:29 -0700] "GET / HTTP/1.1" 200 6114 "-" "Mozilla/5.0 (compatible; Baiduspider/2.0; +http://www.baidu.com/search/spider.html)"
220.181.108.153 - - [15/Oct/2015:17:42:42 -0700] "GET / HTTP/1.1" 200 2339 "-" "Mozilla/5.0 (Windows NT 5.1; rv:6.0.2) Gecko/20100101 Firefox/6.0.2"
123.125.71.80 - - [15/Oct/2015:17:43:39 -0700] "-" 408 0 "-" "-"
70.197.2.221 - - [15/Oct/2015:17:54:09 -0700] "GET /images/wsis-logo-sm.png HTTP/1.1" 200 6108 "http://www.thebackcountry.net/" "Mozilla/5.0 (Windows NT 6.3; WOW64) AppleWebKit/537.36 (KHTML, like Gecko) Chrome/46.0.2490.71 Safari/537.36"
170.75.162.130 - - [15/Oct/2015:18:05:41 -0700] "GET /lib/reccapi.php?resort=sunvalley HTTP/1.1" 200 975 "-" "node-superagent/0.18.2"
69.197.169.202 - - [15/Oct/2015:18:05:44 -0700] "GET /wp-login.php HTTP/1.1" 404 536 "-" "Mozilla/5.0 (compatible; MSIE 9.0; Windows NT 6.1; Trident/5.0)"
208.115.113.83 - - [15/Oct/2015:18:12:08 -0700] "GET /robots.txt HTTP/1.1" 200 319 "-" "Mozilla/5.0 (compatible; DotBot/1.1; http://www.opensiteexplorer.org/dotbot, help@moz.com)"
66.249.79.220 - - [15/Oct/2015:18:14:55 -0700] "GET /resorts?resort=cannonmountain&date=2014-01-07 HTTP/1.1" 404 506 "-" "Mozilla/5.0 (compatible; Googlebot/2.1; +http://www.google.com/bot.html)"
170.75.162.130 - - [15/Oct/2015:18:15:52 -0700] "GET /lib/reccapi.php?resort=redmountain HTTP/1.1" 200 899 "-" "node-superagent/0.18.2"
170.75.162.130 - - [15/Oct/2015:18:19:43 -0700] "GET /lib/reccapi.php?resort=killington HTTP/1.1" 200 953 "-" "node-superagent/0.18.2"
170.75.162.130 - - [15/Oct/2015:18:19:53 -0700] "GET /lib/reccapi.php?resort=cannonmountain HTTP/1.1" 200 957 "-" "node-superagent/0.18.2"
220.181.108.78 - - [15/Oct/2015:18:43:55 -0700] "GET / HTTP/1.1" 200 2339 "-" "Mozilla/5.0 (Windows NT 5.1; rv:6.0.2) Gecko/20100101 Firefox/6.0.2"
220.181.108.90 - - [15/Oct/2015:18:43:55 -0700] "GET / HTTP/1.1" 200 6114 "-" "Mozilla/5.0 (Windows NT 5.1; rv:6.0.2) Gecko/20100101 Firefox/6.0.2"
208.115.111.66 - - [15/Oct/2015:18:47:54 -0700] "GET /robots.txt HTTP/1.1" 200 319 "-" "Mozilla/5.0 (compatible; DotBot/1.1; http://www.opensiteexplorer.org/dotbot, help@moz.com)"
208.115.113.83 - - [15/Oct/2015:18:48:03 -0700] "GET /resorts?resort=diamondpeak&date=2014-10-08 HTTP/1.1" 404 476 "-" "Mozilla/5.0 (compatible; DotBot/1.1; http://www.opensiteexplorer.org/dotbot, help@moz.com)"
208.115.113.83 - - [15/Oct/2015:18:48:48 -0700] "GET /resorts?resort=homewoodmountain&date=2014-11-02 HTTP/1.1" 404 476 "-" "Mozilla/5.0 (compatible; DotBot/1.1; http://www.opensiteexplorer.org/dotbot, help@moz.com)"
208.115.113.83 - - [15/Oct/2015:18:49:11 -0700] "GET /resorts?resort=sierra-at-tahoe&date=2014-07-08 HTTP/1.1" 404 476 "-" "Mozilla/5.0 (compatible; DotBot/1.1; http://www.opensiteexplorer.org/dotbot, help@moz.com)"
208.115.113.83 - - [15/Oct/2015:18:50:51 -0700] "GET /resorts?resort=loveland&date=2014-06-22 HTTP/1.1" 404 476 "-" "Mozilla/5.0 (compatible; DotBot/1.1; http://www.opensiteexplorer.org/dotbot, help@moz.com)"
208.115.113.83 - - [15/Oct/2015:18:51:30 -0700] "GET /resorts?resort=brianhead&date=2014-11-05 HTTP/1.1" 404 476 "-" "Mozilla/5.0 (compatible; DotBot/1.1; http://www.opensiteexplorer.org/dotbot, help@moz.com)"
180.76.15.147 - - [15/Oct/2015:18:51:49 -0700] "GET / HTTP/1.1" 200 6114 "-" "Mozilla/5.0 (compatible; Baiduspider/2.0; +http://www.baidu.com/search/spider.html)"
180.76.15.21 - - [15/Oct/2015:18:53:03 -0700] "GET / HTTP/1.1" 200 6114 "-" "Mozilla/5.0 (compatible; Baiduspider/2.0; +http://www.baidu.com/search/spider.html)"
216.205.235.226 - - [15/Oct/2015:18:55:54 -0700] "GET /images/wsis-logo-sm.png HTTP/1.1" 200 6108 "http://www.thebackcountry.net/" "Mozilla/5.0 (Macintosh; Intel Mac OS X 10_11) AppleWebKit/601.1.56 (KHTML, like Gecko) Version/9.0 Safari/601.1.56"
76.246.41.66 - - [15/Oct/2015:19:07:03 -0700] "GET /images/wsis-logo-sm.png HTTP/1.1" 200 6108 "http://www.thebackcountry.net/" "Mozilla/5.0 (Windows NT 6.1; WOW64; Trident/7.0; rv:11.0) like Gecko"
76.246.41.66 - - [15/Oct/2015:19:07:25 -0700] "-" 408 0 "-" "-"
170.75.162.130 - - [15/Oct/2015:19:14:09 -0700] "GET /lib/reccapi.php?resort=angelfire HTTP/1.1" 200 991 "-" "node-superagent/0.18.2"
208.115.111.66 - - [15/Oct/2015:19:23:37 -0700] "GET /resorts?resort=devilshead HTTP/1.1" 404 476 "-" "Mozilla/5.0 (compatible; DotBot/1.1; http://www.opensiteexplorer.org/dotbot, help@moz.com)"
208.115.111.66 - - [15/Oct/2015:19:24:30 -0700] "GET /resorts?resort=mammothmountain&date=2014-06-11 HTTP/1.1" 404 476 "-" "Mozilla/5.0 (compatible; DotBot/1.1; http://www.opensiteexplorer.org/dotbot, help@moz.com)"
170.75.162.130 - - [15/Oct/2015:19:24:30 -0700] "GET /lib/reccapi.php?resort=loveland HTTP/1.1" 200 999 "-" "node-superagent/0.18.2"
170.75.162.130 - - [15/Oct/2015:19:25:50 -0700] "GET /lib/reccapi.php?resort=grandtarghee HTTP/1.1" 200 968 "-" "node-superagent/0.18.2"
208.115.111.66 - - [15/Oct/2015:19:26:56 -0700] "GET /resorts?resort=mountbachelor&date=2014-10-24 HTTP/1.1" 404 476 "-" "Mozilla/5.0 (compatible; DotBot/1.1; http://www.opensiteexplorer.org/dotbot, help@moz.com)"
208.115.111.66 - - [15/Oct/2015:19:27:20 -0700] "GET /resorts?resort=angelfire&date=2014-07-01 HTTP/1.1" 404 476 "-" "Mozilla/5.0 (compatible; DotBot/1.1; http://www.opensiteexplorer.org/dotbot, help@moz.com)"
208.115.111.66 - - [15/Oct/2015:19:27:41 -0700] "GET /resorts?resort=jacksonhole&date=2014-06-29 HTTP/1.1" 404 476 "-" "Mozilla/5.0 (compatible; DotBot/1.1; http://www.opensiteexplorer.org/dotbot, help@moz.com)"
208.115.111.66 - - [15/Oct/2015:19:28:08 -0700] "GET /resorts?resort=cannonmountain&date=2014-06-06 HTTP/1.1" 404 476 "-" "Mozilla/5.0 (compatible; DotBot/1.1; http://www.opensiteexplorer.org/dotbot, help@moz.com)"
66.249.79.234 - - [15/Oct/2015:19:31:40 -0700] "GET / HTTP/1.1" 200 2376 "-" "Mozilla/5.0 (iPhone; CPU iPhone OS 8_3 like Mac OS X) AppleWebKit/600.1.4 (KHTML, like Gecko) Version/8.0 Mobile/12F70 Safari/600.1.4 (compatible; Googlebot/2.1; +http://www.google.com/bot.html)"
66.249.79.220 - - [15/Oct/2015:19:40:48 -0700] "GET /lib/reccapi.php?fields=t HTTP/1.1" 200 1879 "http://whereshouldiski.com/" "Mozilla/5.0 (compatible; Googlebot/2.1; +http://www.google.com/bot.html)"
123.125.71.89 - - [15/Oct/2015:19:42:02 -0700] "-" 408 0 "-" "-"
220.181.108.153 - - [15/Oct/2015:19:43:09 -0700] "GET / HTTP/1.1" 200 2339 "-" "Mozilla/5.0 (Windows NT 5.1; rv:6.0.2) Gecko/20100101 Firefox/6.0.2"
220.181.108.148 - - [15/Oct/2015:19:43:10 -0700] "GET / HTTP/1.1" 200 6114 "-" "Mozilla/5.0 (Windows NT 5.1; rv:6.0.2) Gecko/20100101 Firefox/6.0.2"
180.76.15.12 - - [15/Oct/2015:19:47:40 -0700] "GET / HTTP/1.1" 200 6114 "-" "Mozilla/5.0 (compatible; Baiduspider/2.0; +http://www.baidu.com/search/spider.html)"
180.76.15.137 - - [15/Oct/2015:19:48:44 -0700] "GET / HTTP/1.1" 200 6114 "-" "Mozilla/5.0 (compatible; Baiduspider/2.0; +http://www.baidu.com/search/spider.html)"
170.75.162.130 - - [15/Oct/2015:20:04:15 -0700] "GET /lib/reccapi.php?resort=alyeska HTTP/1.1" 200 971 "-" "node-superagent/0.18.2"
170.75.162.130 - - [15/Oct/2015:20:22:48 -0700] "GET /lib/reccapi.php?resort=devilshead HTTP/1.1" 200 989 "-" "node-superagent/0.18.2"
