170.75.162.130 - - [30/Mar/2016:04:40:01 -0700] "GET /lib/reccapi.php?resort=snowbird HTTP/1.1" 200 1057 "-" "node-superagent/1.4.0"
170.75.162.130 - - [30/Mar/2016:04:40:01 -0700] "GET /lib/reccapi.php?resort=brianhead HTTP/1.1" 200 1103 "-" "node-superagent/1.4.0"
170.75.162.130 - - [30/Mar/2016:04:40:01 -0700] "GET /lib/reccapi.php?resort=hoodoo HTTP/1.1" 200 954 "-" "node-superagent/1.4.0"
170.75.162.130 - - [30/Mar/2016:04:40:01 -0700] "GET /lib/reccapi.php?resort=winterpark HTTP/1.1" 200 1047 "-" "node-superagent/1.4.0"
170.75.162.130 - - [30/Mar/2016:04:40:06 -0700] "GET /lib/reccapi.php?resort=devilshead HTTP/1.1" 200 1081 "-" "node-superagent/1.4.0"
170.75.162.130 - - [30/Mar/2016:04:40:11 -0700] "GET /lib/reccapi.php?resort=jaypeak HTTP/1.1" 200 987 "-" "node-superagent/1.4.0"
170.75.162.130 - - [30/Mar/2016:04:40:16 -0700] "GET /lib/reccapi.php?resort=steamboat HTTP/1.1" 200 1040 "-" "node-superagent/1.4.0"
170.75.162.130 - - [30/Mar/2016:04:40:21 -0700] "GET /lib/reccapi.php?resort=sundayriver HTTP/1.1" 200 981 "-" "node-superagent/1.4.0"
170.75.162.130 - - [30/Mar/2016:04:40:26 -0700] "GET /lib/reccapi.php?resort=killington HTTP/1.1" 200 959 "-" "node-superagent/1.4.0"
170.75.162.130 - - [30/Mar/2016:04:40:31 -0700] "GET /lib/reccapi.php?resort=madriverglen HTTP/1.1" 200 1000 "-" "node-superagent/1.4.0"
170.75.162.130 - - [30/Mar/2016:04:40:36 -0700] "GET /lib/reccapi.php?resort=mountspokane HTTP/1.1" 200 977 "-" "node-superagent/1.4.0"
170.75.162.130 - - [30/Mar/2016:04:40:41 -0700] "GET /lib/reccapi.php?resort=kirkwood HTTP/1.1" 200 1006 "-" "node-superagent/1.4.0"
170.75.162.130 - - [30/Mar/2016:04:40:46 -0700] "GET /lib/reccapi.php?resort=smugglersnotch HTTP/1.1" 200 995 "-" "node-superagent/1.4.0"
170.75.162.130 - - [30/Mar/2016:04:40:51 -0700] "GET /lib/reccapi.php?resort=stevenspass HTTP/1.1" 200 988 "-" "node-superagent/1.4.0"
170.75.162.130 - - [30/Mar/2016:04:40:56 -0700] "GET /lib/reccapi.php?resort=brighton HTTP/1.1" 200 1047 "-" "node-superagent/1.4.0"
170.75.162.130 - - [30/Mar/2016:04:41:01 -0700] "GET /lib/reccapi.php?resort=grandtarghee HTTP/1.1" 200 1074 "-" "node-superagent/1.4.0"
170.75.162.130 - - [30/Mar/2016:04:41:06 -0700] "GET /lib/reccapi.php?resort=loveland HTTP/1.1" 200 1081 "-" "node-superagent/1.4.0"
170.75.162.130 - - [30/Mar/2016:04:41:11 -0700] "GET /lib/reccapi.php?resort=monarch HTTP/1.1" 200 1046 "-" "node-superagent/1.4.0"
170.75.162.130 - - [30/Mar/2016:04:41:16 -0700] "GET /lib/reccapi.php?resort=telluride HTTP/1.1" 200 1028 "-" "node-superagent/1.4.0"
74.91.23.109 - - [30/Mar/2016:05:07:03 -0700] "GET / HTTP/1.1" 200 6976 "-" "Mozilla/4.0 (compatible; MSIE 8.0; Windows NT 6.1; Trident/4.0; SLCC2; .NET CLR 2.0.50727; .NET CLR 3.5.30729; .NET CLR 3.0.30729; Media Center PC 6.0)"
66.249.79.234 - - [30/Mar/2016:05:25:37 -0700] "GET /lib/reccapi.php?resort=mammothmountain&date=2016-01-07 HTTP/1.1" 200 725 "http://whereshouldiski.com/" "Mozilla/5.0 (compatible; Googlebot/2.1; +http://www.google.com/bot.html)"
157.55.39.198 - - [30/Mar/2016:05:35:30 -0700] "GET /robots.txt HTTP/1.1" 200 375 "-" "Mozilla/5.0 (compatible; bingbot/2.0; +http://www.bing.com/bingbot.htm)"
157.55.39.198 - - [30/Mar/2016:05:35:36 -0700] "GET / HTTP/1.1" 200 2615 "-" "Mozilla/5.0 (compatible; bingbot/2.0; +http://www.bing.com/bingbot.htm)"
180.76.15.158 - - [30/Mar/2016:05:35:47 -0700] "GET / HTTP/1.1" 200 6995 "-" "Mozilla/5.0 (compatible; Baiduspider/2.0; +http://www.baidu.com/search/spider.html)"
180.76.15.151 - - [30/Mar/2016:05:36:50 -0700] "GET / HTTP/1.1" 200 6995 "-" "Mozilla/5.0 (compatible; Baiduspider/2.0; +http://www.baidu.com/search/spider.html)"
66.249.64.127 - - [30/Mar/2016:05:43:26 -0700] "GET /images/wsis-logo-sm.png HTTP/1.1" 304 187 "-" "Googlebot-Image/1.0"
61.135.190.104 - - [30/Mar/2016:06:01:18 -0700] "GET / HTTP/1.1" 200 2615 "http://m.baidu.com/s?wd=WhereShouldISki-WeatherData-DrivenRecommendationsforSkiing" "Mozilla/5.0 (iPhone; CPU iPhone OS 5_0 like Mac OS X) AppleWebKit/534.46 (KHTML, like Gecko) Version/5.1 Mobile/9A334 Safari/7534.48.3"
61.135.190.220 - - [30/Mar/2016:06:01:19 -0700] "GET /scripts/scripts/vendor/modernizr.js HTTP/1.1" 200 4903 "http://whereshouldiski.com/" "Mozilla/5.0 (iPhone; CPU iPhone OS 5_0 like Mac OS X) AppleWebKit/534.46 (KHTML, like Gecko) Version/5.1 Mobile/9A334 Safari/7534.48.3"
61.135.190.104 - - [30/Mar/2016:06:01:19 -0700] "GET /bower_components/requirejs/require.js HTTP/1.1" 200 6701 "http://whereshouldiski.com/" "Mozilla/5.0 (iPhone; CPU iPhone OS 5_0 like Mac OS X) AppleWebKit/534.46 (KHTML, like Gecko) Version/5.1 Mobile/9A334 Safari/7534.48.3"
61.135.190.104 - - [30/Mar/2016:06:01:20 -0700] "GET /scripts/fa48e319.main.js HTTP/1.1" 200 123455 "http://whereshouldiski.com/" "Mozilla/5.0 (iPhone; CPU iPhone OS 5_0 like Mac OS X) AppleWebKit/534.46 (KHTML, like Gecko) Version/5.1 Mobile/9A334 Safari/7534.48.3"
61.135.190.104 - - [30/Mar/2016:06:01:23 -0700] "GET /lib/reccapi.php?fields=t HTTP/1.1" 200 1926 "http://whereshouldiski.com/" "Mozilla/5.0 (iPhone; CPU iPhone OS 5_0 like Mac OS X) AppleWebKit/534.46 (KHTML, like Gecko) Version/5.1 Mobile/9A334 Safari/7534.48.3"
61.135.190.220 - - [30/Mar/2016:06:09:38 -0700] "GET / HTTP/1.1" 200 2615 "http://www.baidu.com/s?wd=WhereShouldISki-WeatherData-DrivenRecommendationsforSkiing" "Mozilla/5.0 (Windows NT 6.1; WOW64) AppleWebKit/537.36 (KHTML, like Gecko) Chrome/36.0.1985.143 Safari/537.36"
61.135.190.220 - - [30/Mar/2016:06:09:39 -0700] "GET /scripts/scripts/vendor/modernizr.js HTTP/1.1" 200 4903 "http://whereshouldiski.com/" "Mozilla/5.0 (Windows NT 6.1; WOW64) AppleWebKit/537.36 (KHTML, like Gecko) Chrome/36.0.1985.143 Safari/537.36"
61.135.190.220 - - [30/Mar/2016:06:09:39 -0700] "GET /bower_components/requirejs/require.js HTTP/1.1" 200 6701 "http://whereshouldiski.com/" "Mozilla/5.0 (Windows NT 6.1; WOW64) AppleWebKit/537.36 (KHTML, like Gecko) Chrome/36.0.1985.143 Safari/537.36"
61.135.190.220 - - [30/Mar/2016:06:09:40 -0700] "GET /scripts/fa48e319.main.js HTTP/1.1" 200 123455 "http://whereshouldiski.com/" "Mozilla/5.0 (Windows NT 6.1; WOW64) AppleWebKit/537.36 (KHTML, like Gecko) Chrome/36.0.1985.143 Safari/537.36"
61.135.190.220 - - [30/Mar/2016:06:09:42 -0700] "GET /lib/reccapi.php?fields=t HTTP/1.1" 200 1926 "http://whereshouldiski.com/" "Mozilla/5.0 (Windows NT 6.1; WOW64) AppleWebKit/537.36 (KHTML, like Gecko) Chrome/36.0.1985.143 Safari/537.36"
69.132.12.123 - - [30/Mar/2016:06:14:07 -0700] "GET /images/wsis-logo-sm.png HTTP/1.1" 200 6108 "http://www.thebackcountry.net/" "Mozilla/5.0 (Windows NT 6.1; WOW64) AppleWebKit/537.36 (KHTML, like Gecko) Chrome/49.0.2623.87 Safari/537.36"
180.76.15.161 - - [30/Mar/2016:06:29:42 -0700] "GET / HTTP/1.1" 200 6995 "-" "Mozilla/5.0 (compatible; Baiduspider/2.0; +http://www.baidu.com/search/spider.html)"
180.76.15.135 - - [30/Mar/2016:06:30:31 -0700] "GET / HTTP/1.1" 200 6995 "-" "Mozilla/5.0 (compatible; Baiduspider/2.0; +http://www.baidu.com/search/spider.html)"
54.147.211.138 - - [30/Mar/2016:06:38:51 -0700] "GET /robots.txt HTTP/1.1" 200 363 "-" "Googlebot (gocrawl v0.4)"
54.147.211.138 - - [30/Mar/2016:06:39:02 -0700] "GET / HTTP/1.1" 200 2559 "-" "Mozilla/5.0 (Windows NT 6.1; rv:15.0) Gecko/20120716 Firefox/15.0a2"
170.75.162.130 - - [30/Mar/2016:06:49:32 -0700] "GET /lib/reccapi.php?resort=bigwhite HTTP/1.1" 200 920 "-" "node-superagent/1.4.0"
67.182.146.154 - - [30/Mar/2016:07:18:04 -0700] "GET /images/wsis-logo-sm.png HTTP/1.1" 200 6108 "http://www.thebackcountry.net/" "Mozilla/5.0 (Windows NT 10.0; Win64; x64) AppleWebKit/537.36 (KHTML, like Gecko) Chrome/46.0.2486.0 Safari/537.36 Edge/13.10586"
180.76.15.22 - - [30/Mar/2016:07:29:35 -0700] "GET / HTTP/1.1" 200 6995 "-" "Mozilla/5.0 (compatible; Baiduspider/2.0; +http://www.baidu.com/search/spider.html)"
180.76.15.163 - - [30/Mar/2016:07:30:28 -0700] "GET / HTTP/1.1" 200 6995 "-" "Mozilla/5.0 (compatible; Baiduspider/2.0; +http://www.baidu.com/search/spider.html)"
66.249.64.127 - - [30/Mar/2016:07:50:38 -0700] "GET /sitemap.xml HTTP/1.1" 404 507 "-" "Mozilla/5.0 (compatible; Googlebot/2.1; +http://www.google.com/bot.html)"
180.76.15.19 - - [30/Mar/2016:07:51:20 -0700] "GET /resorts?resort=parkcity&date=2014-11-14 HTTP/1.1" 404 469 "-" "Mozilla/5.0 (compatible; Baiduspider/2.0; +http://www.baidu.com/search/spider.html)"
170.75.162.130 - - [30/Mar/2016:08:00:57 -0700] "GET /lib/reccapi.php?resort=mammothmountain HTTP/1.1" 200 1079 "-" "node-superagent/1.4.0"
206.158.6.176 - - [30/Mar/2016:08:09:27 -0700] "GET /images/wsis-logo-sm.png HTTP/1.1" 200 6108 "http://thebackcountry.net/" "Mozilla/5.0 (iPhone; CPU iPhone OS 9_3 like Mac OS X) AppleWebKit/601.1.46 (KHTML, like Gecko) Version/9.0 Mobile/13E233 Safari/601.1"
75.111.101.112 - - [30/Mar/2016:08:13:26 -0700] "GET /images/wsis-logo-sm.png HTTP/1.1" 200 6108 "http://www.thebackcountry.net/" "Mozilla/5.0 (Windows NT 6.1; WOW64) AppleWebKit/537.36 (KHTML, like Gecko) Chrome/49.0.2623.110 Safari/537.36"
199.30.228.145 - - [30/Mar/2016:08:19:30 -0700] "GET / HTTP/1.1" 200 2615 "-" "Mozilla/5.0 (X11; Linux i686) AppleWebKit/534.34 (KHTML, like Gecko) Qt/4.8.4 Safari/534.34"
199.30.228.145 - - [30/Mar/2016:08:19:30 -0700] "GET /styles/ee08faa9.main.css HTTP/1.1" 200 19446 "http://whereshouldiski.com/" "Mozilla/5.0 (X11; Linux i686) AppleWebKit/534.34 (KHTML, like Gecko) Qt/4.8.4 Safari/534.34"
199.30.228.145 - - [30/Mar/2016:08:19:30 -0700] "GET /scripts/scripts/vendor/modernizr.js HTTP/1.1" 200 4903 "http://whereshouldiski.com/" "Mozilla/5.0 (X11; Linux i686) AppleWebKit/534.34 (KHTML, like Gecko) Qt/4.8.4 Safari/534.34"
199.30.228.145 - - [30/Mar/2016:08:19:30 -0700] "GET /bower_components/requirejs/require.js HTTP/1.1" 200 6702 "http://whereshouldiski.com/" "Mozilla/5.0 (X11; Linux i686) AppleWebKit/534.34 (KHTML, like Gecko) Qt/4.8.4 Safari/534.34"
199.30.228.145 - - [30/Mar/2016:08:19:33 -0700] "GET /images/logo-square-white-sm.png HTTP/1.1" 200 1683 "http://whereshouldiski.com/" "Mozilla/5.0 (X11; Linux i686) AppleWebKit/534.34 (KHTML, like Gecko) Qt/4.8.4 Safari/534.34"
199.30.228.145 - - [30/Mar/2016:08:19:33 -0700] "GET /images/loading.gif HTTP/1.1" 200 13881 "http://whereshouldiski.com/" "Mozilla/5.0 (X11; Linux i686) AppleWebKit/534.34 (KHTML, like Gecko) Qt/4.8.4 Safari/534.34"
199.30.228.145 - - [30/Mar/2016:08:19:33 -0700] "GET /scripts/fa48e319.main.js HTTP/1.1" 200 123455 "http://whereshouldiski.com/" "Mozilla/5.0 (X11; Linux i686) AppleWebKit/534.34 (KHTML, like Gecko) Qt/4.8.4 Safari/534.34"
199.30.228.145 - - [30/Mar/2016:08:19:33 -0700] "GET /images/button.png HTTP/1.1" 200 598 "http://whereshouldiski.com/" "Mozilla/5.0 (X11; Linux i686) AppleWebKit/534.34 (KHTML, like Gecko) Qt/4.8.4 Safari/534.34"
199.30.228.145 - - [30/Mar/2016:08:19:33 -0700] "GET /images/greyHeader.png HTTP/1.1" 200 508 "http://whereshouldiski.com/" "Mozilla/5.0 (X11; Linux i686) AppleWebKit/534.34 (KHTML, like Gecko) Qt/4.8.4 Safari/534.34"
199.30.228.145 - - [30/Mar/2016:08:19:33 -0700] "GET /lib/reccapi.php?fields=t HTTP/1.1" 200 1890 "http://whereshouldiski.com/" "Mozilla/5.0 (X11; Linux i686) AppleWebKit/534.34 (KHTML, like Gecko) Qt/4.8.4 Safari/534.34"
199.30.228.145 - - [30/Mar/2016:08:19:33 -0700] "GET /images/snowflake5.png HTTP/1.1" 200 2857 "http://whereshouldiski.com/" "Mozilla/5.0 (X11; Linux i686) AppleWebKit/534.34 (KHTML, like Gecko) Qt/4.8.4 Safari/534.34"
199.30.228.145 - - [30/Mar/2016:08:19:33 -0700] "GET /images/star5.png HTTP/1.1" 200 1783 "http://whereshouldiski.com/" "Mozilla/5.0 (X11; Linux i686) AppleWebKit/534.34 (KHTML, like Gecko) Qt/4.8.4 Safari/534.34"
199.30.228.145 - - [30/Mar/2016:08:19:33 -0700] "GET /images/bluebird5.png HTTP/1.1" 200 2177 "http://whereshouldiski.com/" "Mozilla/5.0 (X11; Linux i686) AppleWebKit/534.34 (KHTML, like Gecko) Qt/4.8.4 Safari/534.34"
199.30.228.145 - - [30/Mar/2016:08:19:33 -0700] "GET /images/mtns-icon.png HTTP/1.1" 200 1096 "http://whereshouldiski.com/" "Mozilla/5.0 (X11; Linux i686) AppleWebKit/534.34 (KHTML, like Gecko) Qt/4.8.4 Safari/534.34"
199.30.228.145 - - [30/Mar/2016:08:19:33 -0700] "GET /images/shading-icon.png HTTP/1.1" 200 536 "http://whereshouldiski.com/" "Mozilla/5.0 (X11; Linux i686) AppleWebKit/534.34 (KHTML, like Gecko) Qt/4.8.4 Safari/534.34"
75.111.98.59 - - [30/Mar/2016:08:19:40 -0700] "GET /images/wsis-logo-sm.png HTTP/1.1" 200 6108 "http://www.thebackcountry.net/" "Mozilla/5.0 (Macintosh; Intel Mac OS X 10_6_8) AppleWebKit/534.59.10 (KHTML, like Gecko) Version/5.1.9 Safari/534.59.10"
181.39.29.78 - - [30/Mar/2016:08:23:53 -0700] "GET /images/wsis-logo-sm.png HTTP/1.1" 200 6108 "http://www.thebackcountry.net/" "Mozilla/5.0 (Windows NT 6.3; WOW64) AppleWebKit/537.36 (KHTML, like Gecko) Chrome/49.0.2623.87 Safari/537.36"
180.76.15.140 - - [30/Mar/2016:08:32:48 -0700] "GET / HTTP/1.1" 200 6995 "-" "Mozilla/5.0 (compatible; Baiduspider/2.0; +http://www.baidu.com/search/spider.html)"
180.76.15.150 - - [30/Mar/2016:08:33:47 -0700] "GET / HTTP/1.1" 200 6995 "-" "Mozilla/5.0 (compatible; Baiduspider/2.0; +http://www.baidu.com/search/spider.html)"
216.55.31.46 - - [30/Mar/2016:08:39:15 -0700] "GET /images/wsis-logo-sm.png HTTP/1.1" 200 6108 "http://www.thebackcountry.net/" "Mozilla/5.0 (Windows NT 6.1; WOW64) AppleWebKit/537.36 (KHTML, like Gecko) Chrome/49.0.2623.110 Safari/537.36"
170.75.162.130 - - [30/Mar/2016:08:40:51 -0700] "GET /lib/reccapi.php?resort=49degreesnorth HTTP/1.1" 200 968 "-" "node-superagent/1.4.0"
170.75.162.130 - - [30/Mar/2016:08:45:21 -0700] "GET /lib/reccapi.php?resort=killington HTTP/1.1" 200 958 "-" "node-superagent/1.4.0"
170.75.162.130 - - [30/Mar/2016:08:45:21 -0700] "GET /lib/reccapi.php?resort=alta HTTP/1.1" 200 1068 "-" "node-superagent/1.4.0"
170.75.162.130 - - [30/Mar/2016:08:45:21 -0700] "GET /lib/reccapi.php?resort=sugarloaf HTTP/1.1" 200 960 "-" "node-superagent/1.4.0"
170.75.162.130 - - [30/Mar/2016:08:55:52 -0700] "GET /lib/reccapi.php?resort=cannonmountain HTTP/1.1" 200 970 "-" "node-superagent/1.4.0"
170.75.162.130 - - [30/Mar/2016:08:55:53 -0700] "GET /lib/reccapi.php?resort=wildcatmountain HTTP/1.1" 200 969 "-" "node-superagent/1.4.0"
180.76.15.21 - - [30/Mar/2016:09:06:15 -0700] "GET /resorts?resort=parkcity&date=2014-11-02 HTTP/1.1" 404 469 "-" "Mozilla/5.0 (compatible; Baiduspider/2.0; +http://www.baidu.com/search/spider.html)"
172.3.76.193 - - [30/Mar/2016:09:06:43 -0700] "GET /images/wsis-logo-sm.png HTTP/1.1" 200 6108 "http://www.thebackcountry.net/" "Mozilla/5.0 (Windows NT 6.1; WOW64) AppleWebKit/537.36 (KHTML, like Gecko) Chrome/49.0.2623.87 Safari/537.36"
75.111.101.141 - - [30/Mar/2016:09:08:24 -0700] "GET /images/wsis-logo-sm.png HTTP/1.1" 200 6108 "http://www.thebackcountry.net/" "Mozilla/5.0 (Linux; Android 5.0; SM-G900V Build/LRX21T) AppleWebKit/537.36 (KHTML, like Gecko) Chrome/49.0.2623.105 Mobile Safari/537.36"
170.75.162.130 - - [30/Mar/2016:09:10:53 -0700] "GET /lib/reccapi.php?resort=madriverglen HTTP/1.1" 200 980 "-" "node-superagent/1.4.0"
107.77.109.115 - - [30/Mar/2016:09:13:39 -0700] "GET /images/wsis-logo-sm.png HTTP/1.1" 200 6108 "http://www.thebackcountry.net/" "Mozilla/5.0 (iPhone; CPU iPhone OS 9_3 like Mac OS X) AppleWebKit/601.1.46 (KHTML, like Gecko) Version/9.0 Mobile/13E234 Safari/601.1"
66.249.64.127 - - [30/Mar/2016:09:20:35 -0700] "GET /lib/reccapi.php?resort=bigsky&date=2016-03-29 HTTP/1.1" 200 1082 "http://whereshouldiski.com/" "Mozilla/5.0 (compatible; Googlebot/2.1; +http://www.google.com/bot.html)"
66.249.64.127 - - [30/Mar/2016:09:20:36 -0700] "GET /lib/resortDataSearchD3.php?size=7&sortDate=T&resort=bigsky&dateStart=2016-03-27 HTTP/1.1" 200 884 "http://whereshouldiski.com/" "Mozilla/5.0 (compatible; Googlebot/2.1; +http://www.google.com/bot.html)"
66.249.64.2 - - [30/Mar/2016:09:20:37 -0700] "GET /lib/reccapi.php?fields=t&date=2016-03-29&coords=45.27%2C-111.43&size=7&sort=distance HTTP/1.1" 200 1367 "http://whereshouldiski.com/" "Mozilla/5.0 (compatible; Googlebot/2.1; +http://www.google.com/bot.html)"
104.5.2.134 - - [30/Mar/2016:09:23:02 -0700] "GET /images/wsis-logo-sm.png HTTP/1.1" 200 6108 "http://www.thebackcountry.net/" "Mozilla/5.0 (Windows NT 10.0; WOW64) AppleWebKit/537.36 (KHTML, like Gecko) Chrome/49.0.2623.110 Safari/537.36"
170.75.162.130 - - [30/Mar/2016:09:29:24 -0700] "GET /lib/reccapi.php?resort=alpinemeadows HTTP/1.1" 200 983 "-" "node-superagent/1.4.0"
170.75.162.130 - - [30/Mar/2016:09:29:24 -0700] "GET /lib/reccapi.php?resort=chinapeak HTTP/1.1" 200 1027 "-" "node-superagent/1.4.0"
170.75.162.130 - - [30/Mar/2016:09:29:24 -0700] "GET /lib/reccapi.php?resort=heavenly HTTP/1.1" 200 992 "-" "node-superagent/1.4.0"
170.75.162.130 - - [30/Mar/2016:09:29:25 -0700] "GET /lib/reccapi.php?resort=homewoodmountain HTTP/1.1" 200 1002 "-" "node-superagent/1.4.0"
170.75.162.130 - - [30/Mar/2016:09:29:25 -0700] "GET /lib/reccapi.php?resort=kirkwood HTTP/1.1" 200 1002 "-" "node-superagent/1.4.0"
170.75.162.130 - - [30/Mar/2016:09:29:25 -0700] "GET /lib/reccapi.php?resort=mountainhigh HTTP/1.1" 200 1115 "-" "node-superagent/1.4.0"
170.75.162.130 - - [30/Mar/2016:09:29:25 -0700] "GET /lib/reccapi.php?resort=northstar-at-tahoe HTTP/1.1" 200 972 "-" "node-superagent/1.4.0"
170.75.162.130 - - [30/Mar/2016:09:29:25 -0700] "GET /lib/reccapi.php?resort=sierra-at-tahoe HTTP/1.1" 200 989 "-" "node-superagent/1.4.0"
170.75.162.130 - - [30/Mar/2016:09:29:25 -0700] "GET /lib/reccapi.php?resort=squawvalleyusa HTTP/1.1" 200 1002 "-" "node-superagent/1.4.0"
170.75.162.130 - - [30/Mar/2016:09:29:25 -0700] "GET /lib/reccapi.php?resort=sugarbowl HTTP/1.1" 200 964 "-" "node-superagent/1.4.0"
180.76.15.16 - - [30/Mar/2016:09:34:24 -0700] "GET / HTTP/1.1" 200 6995 "-" "Mozilla/5.0 (compatible; Baiduspider/2.0; +http://www.baidu.com/search/spider.html)"
63.85.168.52 - - [30/Mar/2016:09:35:15 -0700] "GET / HTTP/1.0" 200 6995 "-" "-"
63.85.168.52 - - [30/Mar/2016:09:35:24 -0700] "GET / HTTP/1.1" 200 2578 "-" "Mozilla/5.0 (Macintosh; Intel Mac OS X 10_11_3) AppleWebKit/601.4.4 (KHTML, like Gecko) Version/9.0.3 Safari/601.4.4"
180.76.15.14 - - [30/Mar/2016:09:35:24 -0700] "GET / HTTP/1.1" 200 6995 "-" "Mozilla/5.0 (compatible; Baiduspider/2.0; +http://www.baidu.com/search/spider.html)"
63.85.168.52 - - [30/Mar/2016:09:35:32 -0700] "GET /CHANGELOG.txt HTTP/1.1" 404 470 "-" "Mozilla/5.0 (Macintosh; Intel Mac OS X 10_11_3) AppleWebKit/601.4.4 (KHTML, like Gecko) Version/9.0.3 Safari/601.4.4"
63.85.168.52 - - [30/Mar/2016:09:35:41 -0700] "GET /joomla.xml HTTP/1.1" 404 468 "-" "Mozilla/5.0 (Windows NT 10.0; WOW64) AppleWebKit/537.36 (KHTML, like Gecko) Chrome/48.0.2564.109 Safari/537.36"
63.85.168.52 - - [30/Mar/2016:09:35:49 -0700] "GET /administrator/manifests/libraries/joomla.xml HTTP/1.1" 404 489 "-" "Mozilla/5.0 (Windows NT 10.0; WOW64) AppleWebKit/537.36 (KHTML, like Gecko) Chrome/48.0.2564.109 Safari/537.36"
63.85.168.52 - - [30/Mar/2016:09:35:58 -0700] "GET / HTTP/1.1" 200 2578 "-" "Mozilla/5.0 (Windows NT 6.1) AppleWebKit/537.36 (KHTML, like Gecko) Chrome/47.0.2526.111 Safari/537.36"
98.210.109.23 - - [30/Mar/2016:09:41:05 -0700] "GET /images/wsis-logo-sm.png HTTP/1.1" 200 6108 "http://www.thebackcountry.net/" "Mozilla/5.0 (Windows NT 10.0; WOW64) AppleWebKit/537.36 (KHTML, like Gecko) Chrome/49.0.2623.87 Safari/537.36"
170.75.162.130 - - [30/Mar/2016:09:47:06 -0700] "GET /lib/reccapi.php?resort=arapahoebasin HTTP/1.1" 200 1079 "-" "node-superagent/1.4.0"
170.75.162.130 - - [30/Mar/2016:09:47:06 -0700] "GET /lib/reccapi.php?resort=keystone HTTP/1.1" 200 1041 "-" "node-superagent/1.4.0"
170.75.162.130 - - [30/Mar/2016:09:47:06 -0700] "GET /lib/reccapi.php?resort=parkcity HTTP/1.1" 200 1110 "-" "node-superagent/1.4.0"
170.75.162.130 - - [30/Mar/2016:09:47:46 -0700] "GET /lib/reccapi.php?resort=jaypeak HTTP/1.1" 200 983 "-" "node-superagent/1.4.0"
170.75.162.130 - - [30/Mar/2016:09:47:47 -0700] "GET /lib/reccapi.php?resort=stowe HTTP/1.1" 200 947 "-" "node-superagent/1.4.0"
170.75.162.130 - - [30/Mar/2016:09:47:48 -0700] "GET /lib/reccapi.php?resort=smugglersnotch HTTP/1.1" 200 974 "-" "node-superagent/1.4.0"
170.75.162.130 - - [30/Mar/2016:09:47:48 -0700] "GET /lib/reccapi.php?resort=sugarbush HTTP/1.1" 200 986 "-" "node-superagent/1.4.0"
170.75.162.130 - - [30/Mar/2016:09:47:48 -0700] "GET /lib/reccapi.php?resort=sundayriver HTTP/1.1" 200 971 "-" "node-superagent/1.4.0"
66.249.64.8 - - [30/Mar/2016:09:50:20 -0700] "GET /resorts?resort=sugarloaf HTTP/1.1" 404 506 "-" "Mozilla/5.0 (compatible; Googlebot/2.1; +http://www.google.com/bot.html)"
97.89.148.219 - - [30/Mar/2016:09:52:19 -0700] "GET /images/wsis-logo-sm.png HTTP/1.1" 200 6108 "http://www.thebackcountry.net/" "Mozilla/5.0 (Windows NT 6.1; WOW64) AppleWebKit/537.36 (KHTML, like Gecko) Chrome/49.0.2623.87 Safari/537.36"
104.36.16.202 - - [30/Mar/2016:09:54:01 -0700] "GET /CFIDE/administrator/ HTTP/1.1" 404 526 "-" "-"
52.35.220.124 - - [30/Mar/2016:09:56:42 -0700] "GET /about HTTP/1.1" 404 506 "-" "Mozilla/5.0 (Macintosh; Intel Mac OS X 10_11_3) AppleWebKit/601.4.4 (KHTML, like Gecko) Version/9.0.3 Safari/601.4.4"
94.185.83.100 - - [30/Mar/2016:09:58:10 -0700] "GET http://testp5.mielno.lubin.pl/testproxy.php HTTP/1.1" 404 452 "-" "Mozilla/5.0 (Windows NT 5.1; rv:32.0) Gecko/20100101 Firefox/31.0"
24.156.10.21 - - [30/Mar/2016:10:06:19 -0700] "GET /images/wsis-logo-sm.png HTTP/1.1" 200 6108 "http://www.thebackcountry.net/" "Mozilla/5.0 (Windows NT 10.0; WOW64) AppleWebKit/537.36 (KHTML, like Gecko) Chrome/49.0.2623.87 Safari/537.36"
171.65.32.66 - - [30/Mar/2016:10:07:37 -0700] "GET /images/wsis-logo-sm.png HTTP/1.1" 200 6108 "http://thebackcountry.net/" "Mozilla/5.0 (Macintosh; Intel Mac OS X 10_11_4) AppleWebKit/537.36 (KHTML, like Gecko) Chrome/49.0.2623.87 Safari/537.36"
170.75.162.130 - - [30/Mar/2016:10:15:18 -0700] "GET /lib/reccapi.php?resort=silverstarmountain HTTP/1.1" 200 930 "-" "node-superagent/1.4.0"
66.249.64.127 - - [30/Mar/2016:10:15:30 -0700] "GET /lib/reccapi.php?resort=bearvalleymountain&date=2016-01-11 HTTP/1.1" 200 722 "http://whereshouldiski.com/" "Mozilla/5.0 (compatible; Googlebot/2.1; +http://www.google.com/bot.html)"
72.165.28.17 - - [30/Mar/2016:10:17:05 -0700] "GET /images/wsis-logo-sm.png HTTP/1.1" 200 6108 "http://www.thebackcountry.net/" "Mozilla/5.0 (Macintosh; Intel Mac OS X 10_8_5) AppleWebKit/600.8.9 (KHTML, like Gecko) Version/6.2.8 Safari/537.85.17"
180.76.15.144 - - [30/Mar/2016:10:30:18 -0700] "GET / HTTP/1.1" 200 6995 "-" "Mozilla/5.0 (compatible; Baiduspider/2.0; +http://www.baidu.com/search/spider.html)"
180.76.15.151 - - [30/Mar/2016:10:31:08 -0700] "GET / HTTP/1.1" 200 6995 "-" "Mozilla/5.0 (compatible; Baiduspider/2.0; +http://www.baidu.com/search/spider.html)"
170.75.162.130 - - [30/Mar/2016:10:37:30 -0700] "GET /lib/reccapi.php?resort=grandtarghee HTTP/1.1" 200 1093 "-" "node-superagent/1.4.0"
170.75.162.130 - - [30/Mar/2016:10:37:30 -0700] "GET /lib/reccapi.php?resort=jacksonhole HTTP/1.1" 200 1048 "-" "node-superagent/1.4.0"
170.75.162.130 - - [30/Mar/2016:10:39:00 -0700] "GET /lib/reccapi.php?resort=devilshead HTTP/1.1" 200 1042 "-" "node-superagent/1.4.0"
216.171.221.70 - - [30/Mar/2016:10:40:50 -0700] "GET /images/wsis-logo-sm.png HTTP/1.1" 200 6108 "http://www.thebackcountry.net/" "Mozilla/5.0 (Windows NT 10.0; WOW64) AppleWebKit/537.36 (KHTML, like Gecko) Chrome/49.0.2623.87 Safari/537.36"
66.249.64.48 - - [30/Mar/2016:10:46:17 -0700] "GET / HTTP/1.1" 200 2615 "-" "Mozilla/5.0 (compatible; Googlebot/2.1; +http://www.google.com/bot.html)"
70.197.2.113 - - [30/Mar/2016:10:55:43 -0700] "-" 408 0 "-" "-"
70.197.2.113 - - [30/Mar/2016:10:55:43 -0700] "-" 408 0 "-" "-"
70.197.2.113 - - [30/Mar/2016:10:55:43 -0700] "-" 408 0 "-" "-"
66.129.239.15 - - [30/Mar/2016:10:56:34 -0700] "GET /images/wsis-logo-sm.png HTTP/1.1" 200 6108 "http://www.thebackcountry.net/" "Mozilla/5.0 (Windows NT 6.1; WOW64) AppleWebKit/537.36 (KHTML, like Gecko) Chrome/49.0.2623.87 Safari/537.36"
66.249.75.121 - - [30/Mar/2016:10:56:41 -0700] "GET /lib/reccapi.php?resort=bearvalleymountain&date=2016-01-16 HTTP/1.1" 200 722 "http://whereshouldiski.com/" "Mozilla/5.0 (compatible; Googlebot/2.1; +http://www.google.com/bot.html)"
66.249.64.8 - - [30/Mar/2016:10:58:51 -0700] "GET /lib/reccapi.php?resort=mountbaker&date=2016-03-11 HTTP/1.1" 200 1113 "http://whereshouldiski.com/" "Mozilla/5.0 (compatible; Googlebot/2.1; +http://www.google.com/bot.html)"
66.249.64.8 - - [30/Mar/2016:10:58:52 -0700] "GET /lib/resortDataSearchD3.php?size=7&sortDate=T&resort=mountbaker&dateStart=2016-03-09 HTTP/1.1" 200 877 "http://whereshouldiski.com/" "Mozilla/5.0 (compatible; Googlebot/2.1; +http://www.google.com/bot.html)"
66.249.64.2 - - [30/Mar/2016:10:58:52 -0700] "GET /lib/reccapi.php?fields=t&date=2016-03-11&coords=48.86%2C-121.68&size=7&sort=distance HTTP/1.1" 200 1436 "http://whereshouldiski.com/" "Mozilla/5.0 (compatible; Googlebot/2.1; +http://www.google.com/bot.html)"
66.249.64.48 - - [30/Mar/2016:11:01:40 -0700] "GET /about HTTP/1.1" 404 509 "-" "Mozilla/5.0 (compatible; Googlebot/2.1; +http://www.google.com/bot.html)"
66.249.64.127 - - [30/Mar/2016:11:05:07 -0700] "GET /lib/reccapi.php?resort=antelopebutte&date=2016-03-31 HTTP/1.1" 200 1124 "http://whereshouldiski.com/" "Mozilla/5.0 (compatible; Googlebot/2.1; +http://www.google.com/bot.html)"
66.249.64.127 - - [30/Mar/2016:11:05:08 -0700] "GET /lib/reccapi.php?fields=t&date=2016-03-31&coords=44.62%2C-107.51&size=7&sort=distance HTTP/1.1" 200 1381 "http://whereshouldiski.com/" "Mozilla/5.0 (compatible; Googlebot/2.1; +http://www.google.com/bot.html)"
66.249.64.8 - - [30/Mar/2016:11:05:08 -0700] "GET /lib/resortDataSearchD3.php?size=7&sortDate=T&resort=antelopebutte&dateStart=2016-03-29 HTTP/1.1" 200 881 "http://whereshouldiski.com/" "Mozilla/5.0 (compatible; Googlebot/2.1; +http://www.google.com/bot.html)"
66.249.64.8 - - [30/Mar/2016:11:09:11 -0700] "GET /lib/reccapi.php?resort=bigsky&date=2016-03-30 HTTP/1.1" 200 1060 "http://whereshouldiski.com/" "Mozilla/5.0 (compatible; Googlebot/2.1; +http://www.google.com/bot.html)"
66.249.64.127 - - [30/Mar/2016:11:09:12 -0700] "GET /lib/resortDataSearchD3.php?size=7&sortDate=T&resort=bigsky&dateStart=2016-03-28 HTTP/1.1" 200 885 "http://whereshouldiski.com/" "Mozilla/5.0 (compatible; Googlebot/2.1; +http://www.google.com/bot.html)"
66.249.64.8 - - [30/Mar/2016:11:09:12 -0700] "GET /lib/reccapi.php?fields=t&date=2016-03-30&coords=45.27%2C-111.43&size=7&sort=distance HTTP/1.1" 200 1401 "http://whereshouldiski.com/" "Mozilla/5.0 (compatible; Googlebot/2.1; +http://www.google.com/bot.html)"
157.55.39.198 - - [30/Mar/2016:11:11:13 -0700] "GET / HTTP/1.1" 200 2615 "-" "Mozilla/5.0 (compatible; bingbot/2.0; +http://www.bing.com/bingbot.htm)"
170.75.162.130 - - [30/Mar/2016:11:15:04 -0700] "GET /lib/reccapi.php?resort=redmountain HTTP/1.1" 200 909 "-" "node-superagent/1.4.0"
170.75.162.130 - - [30/Mar/2016:11:16:04 -0700] "GET /lib/reccapi.php?resort=whistlerblackcomb HTTP/1.1" 200 930 "-" "node-superagent/1.4.0"
71.9.225.170 - - [30/Mar/2016:11:17:43 -0700] "GET /images/wsis-logo-sm.png HTTP/1.1" 200 6108 "http://www.thebackcountry.net/" "Mozilla/5.0 (iPhone; CPU iPhone OS 8_0 like Mac OS X) AppleWebKit/600.1.4 (KHTML, like Gecko) Version/8.0 Mobile/12A365 Safari/600.1.4"
66.249.64.2 - - [30/Mar/2016:11:21:10 -0700] "GET /lib/reccapi.php?resort=mountbaker&date=2016-03-09 HTTP/1.1" 200 1093 "http://whereshouldiski.com/" "Mozilla/5.0 (compatible; Googlebot/2.1; +http://www.google.com/bot.html)"
66.249.64.2 - - [30/Mar/2016:11:21:11 -0700] "GET /lib/resortDataSearchD3.php?size=7&sortDate=T&resort=mountbaker&dateStart=2016-03-07 HTTP/1.1" 200 881 "http://whereshouldiski.com/" "Mozilla/5.0 (compatible; Googlebot/2.1; +http://www.google.com/bot.html)"
66.249.64.127 - - [30/Mar/2016:11:21:12 -0700] "GET /lib/reccapi.php?fields=t&date=2016-03-09&coords=48.86%2C-121.68&size=7&sort=distance HTTP/1.1" 200 1420 "http://whereshouldiski.com/" "Mozilla/5.0 (compatible; Googlebot/2.1; +http://www.google.com/bot.html)"
71.83.117.41 - - [30/Mar/2016:11:26:42 -0700] "GET /images/wsis-logo-sm.png HTTP/1.1" 200 6108 "http://www.thebackcountry.net/" "Mozilla/5.0 (Macintosh; Intel Mac OS X 10_11_4) AppleWebKit/537.36 (KHTML, like Gecko) Chrome/49.0.2623.87 Safari/537.36"
92.243.227.30 - - [30/Mar/2016:11:27:39 -0700] "GET /images/wsis-logo-sm.png HTTP/1.1" 200 6108 "http://www.thebackcountry.net/" "Mozilla/5.0 (Macintosh; Intel Mac OS X 10.10; rv:45.0) Gecko/20100101 Firefox/45.0"
180.76.15.31 - - [30/Mar/2016:11:33:05 -0700] "GET / HTTP/1.1" 200 6995 "-" "Mozilla/5.0 (compatible; Baiduspider/2.0; +http://www.baidu.com/search/spider.html)"
180.76.15.7 - - [30/Mar/2016:11:34:02 -0700] "GET / HTTP/1.1" 200 6995 "-" "Mozilla/5.0 (compatible; Baiduspider/2.0; +http://www.baidu.com/search/spider.html)"
207.46.13.36 - - [30/Mar/2016:11:35:26 -0700] "GET /robots.txt HTTP/1.1" 200 375 "-" "Mozilla/5.0 (compatible; bingbot/2.0; +http://www.bing.com/bingbot.htm)"
207.46.13.36 - - [30/Mar/2016:11:35:33 -0700] "GET /robots.txt HTTP/1.1" 200 419 "-" "Mozilla/5.0 (compatible; bingbot/2.0; +http://www.bing.com/bingbot.htm)"
66.249.64.12 - - [30/Mar/2016:11:56:46 -0700] "GET / HTTP/1.1" 200 2615 "-" "Mozilla/5.0 (compatible; Googlebot/2.1; +http://www.google.com/bot.html)"
66.249.64.6 - - [30/Mar/2016:11:58:36 -0700] "GET /about HTTP/1.1" 404 509 "-" "Mozilla/5.0 (compatible; Googlebot/2.1; +http://www.google.com/bot.html)"
107.77.109.110 - - [30/Mar/2016:12:05:15 -0700] "GET /images/wsis-logo-sm.png HTTP/1.1" 200 6108 "http://www.thebackcountry.net/" "Mozilla/5.0 (iPhone; CPU iPhone OS 9_3 like Mac OS X) AppleWebKit/601.1.46 (KHTML, like Gecko) Version/9.0 Mobile/13E233 Safari/601.1"
169.198.202.26 - - [30/Mar/2016:12:07:05 -0700] "GET /images/wsis-logo-sm.png HTTP/1.1" 200 6108 "http://www.thebackcountry.net/" "Mozilla/5.0 (Windows NT 6.1; WOW64; Trident/7.0; rv:11.0) like Gecko"
66.249.64.127 - - [30/Mar/2016:12:09:14 -0700] "GET /lib/reccapi.php?resort=jacksonhole&date=2016-01-26 HTTP/1.1" 200 1020 "http://whereshouldiski.com/" "Mozilla/5.0 (compatible; Googlebot/2.1; +http://www.google.com/bot.html)"
66.249.64.127 - - [30/Mar/2016:12:09:15 -0700] "GET /lib/reccapi.php?fields=t&date=2016-01-26&coords=43.61%2C-110.86&size=7&sort=distance HTTP/1.1" 200 1379 "http://whereshouldiski.com/" "Mozilla/5.0 (compatible; Googlebot/2.1; +http://www.google.com/bot.html)"
66.249.64.127 - - [30/Mar/2016:12:09:16 -0700] "GET /lib/resortDataSearchD3.php?size=7&sortDate=T&resort=jacksonhole&dateStart=2016-01-24 HTTP/1.1" 200 872 "http://whereshouldiski.com/" "Mozilla/5.0 (compatible; Googlebot/2.1; +http://www.google.com/bot.html)"
66.249.64.43 - - [30/Mar/2016:12:11:02 -0700] "GET / HTTP/1.1" 200 2615 "-" "Mozilla/5.0 (iPhone; CPU iPhone OS 8_3 like Mac OS X) AppleWebKit/600.1.4 (KHTML, like Gecko) Version/8.0 Mobile/12F70 Safari/600.1.4 (compatible; Googlebot/2.1; +http://www.google.com/bot.html)"
75.111.105.230 - - [30/Mar/2016:12:15:59 -0700] "GET /images/wsis-logo-sm.png HTTP/1.1" 200 6108 "http://www.thebackcountry.net/" "Mozilla/5.0 (Macintosh; Intel Mac OS X 10_11_3) AppleWebKit/537.36 (KHTML, like Gecko) Chrome/48.0.2564.116 Safari/537.36"
66.249.64.6 - - [30/Mar/2016:12:23:33 -0700] "GET / HTTP/1.1" 200 2615 "-" "Mozilla/5.0 (iPhone; CPU iPhone OS 8_3 like Mac OS X) AppleWebKit/600.1.4 (KHTML, like Gecko) Version/8.0 Mobile/12F70 Safari/600.1.4 (compatible; Googlebot/2.1; +http://www.google.com/bot.html)"
180.76.15.10 - - [30/Mar/2016:12:31:02 -0700] "GET / HTTP/1.1" 200 6995 "-" "Mozilla/5.0 (compatible; Baiduspider/2.0; +http://www.baidu.com/search/spider.html)"
180.76.15.140 - - [30/Mar/2016:12:31:53 -0700] "GET / HTTP/1.1" 200 6995 "-" "Mozilla/5.0 (compatible; Baiduspider/2.0; +http://www.baidu.com/search/spider.html)"
66.249.64.2 - - [30/Mar/2016:12:32:31 -0700] "GET /lib/reccapi.php?resort=bigsky&date=2016-03-26 HTTP/1.1" 200 1038 "http://whereshouldiski.com/" "Mozilla/5.0 (compatible; Googlebot/2.1; +http://www.google.com/bot.html)"
66.249.64.8 - - [30/Mar/2016:12:32:32 -0700] "GET /lib/reccapi.php?fields=t&date=2016-03-26&coords=45.27%2C-111.43&size=7&sort=distance HTTP/1.1" 200 1392 "http://whereshouldiski.com/" "Mozilla/5.0 (compatible; Googlebot/2.1; +http://www.google.com/bot.html)"
66.249.64.8 - - [30/Mar/2016:12:32:32 -0700] "GET /lib/resortDataSearchD3.php?size=7&sortDate=T&resort=bigsky&dateStart=2016-03-24 HTTP/1.1" 200 884 "http://whereshouldiski.com/" "Mozilla/5.0 (compatible; Googlebot/2.1; +http://www.google.com/bot.html)"
170.75.162.130 - - [30/Mar/2016:12:36:34 -0700] "GET /lib/reccapi.php?resort=whitefacemountain HTTP/1.1" 200 978 "-" "node-superagent/1.4.0"
170.75.162.130 - - [30/Mar/2016:12:43:25 -0700] "GET /lib/reccapi.php?resort=mounthoodmeadows HTTP/1.1" 200 994 "-" "node-superagent/1.4.0"
170.75.162.130 - - [30/Mar/2016:12:43:25 -0700] "GET /lib/reccapi.php?resort=mountbachelor HTTP/1.1" 200 973 "-" "node-superagent/1.4.0"
66.249.64.2 - - [30/Mar/2016:12:43:50 -0700] "GET /lib/reccapi.php?fields=t HTTP/1.1" 200 1891 "http://whereshouldiski.com/" "Mozilla/5.0 (compatible; Googlebot/2.1; +http://www.google.com/bot.html)"
170.75.162.130 - - [30/Mar/2016:12:47:56 -0700] "GET /lib/reccapi.php?resort=49degreesnorth HTTP/1.1" 200 969 "-" "node-superagent/1.4.0"
170.75.162.130 - - [30/Mar/2016:12:47:56 -0700] "GET /lib/reccapi.php?resort=alta HTTP/1.1" 200 1067 "-" "node-superagent/1.4.0"
170.75.162.130 - - [30/Mar/2016:12:47:56 -0700] "GET /lib/reccapi.php?resort=alyeska HTTP/1.1" 200 961 "-" "node-superagent/1.4.0"
170.75.162.130 - - [30/Mar/2016:12:48:06 -0700] "GET /lib/reccapi.php?resort=angelfire HTTP/1.1" 200 1059 "-" "node-superagent/1.4.0"
170.75.162.130 - - [30/Mar/2016:12:48:06 -0700] "GET /lib/reccapi.php?resort=bigsky HTTP/1.1" 200 1023 "-" "node-superagent/1.4.0"
170.75.162.130 - - [30/Mar/2016:12:48:16 -0700] "GET /lib/reccapi.php?resort=brianhead HTTP/1.1" 200 1122 "-" "node-superagent/1.4.0"
170.75.162.130 - - [30/Mar/2016:12:48:16 -0700] "GET /lib/reccapi.php?resort=brighton HTTP/1.1" 200 1078 "-" "node-superagent/1.4.0"
170.75.162.130 - - [30/Mar/2016:12:48:26 -0700] "GET /lib/reccapi.php?resort=coppermountain HTTP/1.1" 200 1065 "-" "node-superagent/1.4.0"
170.75.162.130 - - [30/Mar/2016:12:48:26 -0700] "GET /lib/reccapi.php?resort=crestedbutte HTTP/1.1" 200 1075 "-" "node-superagent/1.4.0"
170.75.162.130 - - [30/Mar/2016:12:48:26 -0700] "GET /lib/reccapi.php?resort=crystalmountain HTTP/1.1" 200 966 "-" "node-superagent/1.4.0"
170.75.162.130 - - [30/Mar/2016:12:48:36 -0700] "GET /lib/reccapi.php?resort=deervalley HTTP/1.1" 200 1100 "-" "node-superagent/1.4.0"
170.75.162.130 - - [30/Mar/2016:12:48:36 -0700] "GET /lib/reccapi.php?resort=diamondpeak HTTP/1.1" 200 951 "-" "node-superagent/1.4.0"
170.75.162.130 - - [30/Mar/2016:12:48:56 -0700] "GET /lib/reccapi.php?resort=hoodoo HTTP/1.1" 200 959 "-" "node-superagent/1.4.0"
170.75.162.130 - - [30/Mar/2016:12:48:56 -0700] "GET /lib/reccapi.php?resort=loveland HTTP/1.1" 200 1060 "-" "node-superagent/1.4.0"
58.243.226.140 - - [30/Mar/2016:12:53:30 -0700] "GET / HTTP/1.0" 200 6995 "-" "-"
116.113.49.146 - - [30/Mar/2016:12:53:31 -0700] "GET / HTTP/1.0" 200 6995 "-" "-"
218.10.51.42 - - [30/Mar/2016:12:53:31 -0700] "GET / HTTP/1.1" 200 7032 "-" "Mozilla/5.0 (Windows NT 6.1; WOW64) AppleWebKit/537.36 (KHTML, like Gecko) Chrome/42.0.2311.152 Safari/537.36"
175.17.204.229 - - [30/Mar/2016:12:53:31 -0700] "GET /PSBlock HTTP/1.1" 404 526 "-" "Mozilla/5.0 (Windows NT 6.1; WOW64) AppleWebKit/537.36 (KHTML, like Gecko) Chrome/42.0.2311.152 Safari/537.36"
183.128.219.220 - - [30/Mar/2016:12:53:31 -0700] "GET /status HTTP/1.1" 404 526 "-" "Mozilla/5.0 (Windows NT 6.1; WOW64) AppleWebKit/537.36 (KHTML, like Gecko) Chrome/42.0.2311.152 Safari/537.36"
222.244.109.101 - - [30/Mar/2016:12:53:32 -0700] "GET /stauts HTTP/1.1" 404 526 "-" "Mozilla/5.0 (Windows NT 6.1; WOW64) AppleWebKit/537.36 (KHTML, like Gecko) Chrome/42.0.2311.152 Safari/537.36"
175.17.204.229 - - [30/Mar/2016:12:53:34 -0700] "\x81!\x01\x03\x03\x01\b" 501 327 "-" "-"
218.10.51.238 - - [30/Mar/2016:12:53:34 -0700] "\x16\x03\x01\x02" 501 324 "-" "-"
218.10.51.238 - - [30/Mar/2016:12:53:41 -0700] "\x81!\x01\x03\x03\x01\b" 501 327 "-" "-"
222.75.34.181 - - [30/Mar/2016:12:53:42 -0700] "\x16\x03\x01\x02" 501 324 "-" "-"
208.101.230.153 - - [30/Mar/2016:12:54:59 -0700] "GET /images/wsis-logo-sm.png HTTP/1.1" 200 6108 "http://www.thebackcountry.net/" "Mozilla/5.0 (iPhone; CPU iPhone OS 9_3 like Mac OS X) AppleWebKit/601.1.46 (KHTML, like Gecko) Version/9.0 Mobile/13E233 Safari/601.1"
66.214.215.194 - - [30/Mar/2016:13:07:35 -0700] "GET /images/wsis-logo-sm.png HTTP/1.1" 200 6108 "http://www.thebackcountry.net/" "Mozilla/5.0 (Windows NT 10.0; WOW64) AppleWebKit/537.36 (KHTML, like Gecko) Chrome/49.0.2623.87 Safari/537.36"
170.75.162.130 - - [30/Mar/2016:13:11:09 -0700] "GET /lib/reccapi.php?resort=sunpeaksresort HTTP/1.1" 200 922 "-" "node-superagent/1.4.0"
38.104.134.62 - - [30/Mar/2016:13:13:56 -0700] "GET /images/wsis-logo-sm.png HTTP/1.1" 200 6108 "http://www.thebackcountry.net/" "Mozilla/5.0 (Windows NT 6.1; Win64; x64) AppleWebKit/537.36 (KHTML, like Gecko) Chrome/49.0.2623.87 Safari/537.36"
180.76.15.29 - - [30/Mar/2016:13:32:24 -0700] "GET / HTTP/1.1" 200 6995 "-" "Mozilla/5.0 (compatible; Baiduspider/2.0; +http://www.baidu.com/search/spider.html)"
180.76.15.24 - - [30/Mar/2016:13:33:21 -0700] "GET / HTTP/1.1" 200 6995 "-" "Mozilla/5.0 (compatible; Baiduspider/2.0; +http://www.baidu.com/search/spider.html)"
66.249.64.8 - - [30/Mar/2016:13:33:50 -0700] "GET /images/wsis-logo-sm.png HTTP/1.1" 304 187 "-" "Googlebot-Image/1.0"
180.76.15.33 - - [30/Mar/2016:13:34:20 -0700] "GET /blog/11-2012-2013-powder-rating-visualization HTTP/1.1" 404 469 "-" "Mozilla/5.0 (compatible; Baiduspider/2.0; +http://www.baidu.com/search/spider.html)"
68.180.230.94 - - [30/Mar/2016:14:01:31 -0700] "GET /robots.txt HTTP/1.1" 200 319 "-" "Mozilla/5.0 (compatible; Yahoo! Slurp; http://help.yahoo.com/help/us/ysearch/slurp)"
68.180.230.94 - - [30/Mar/2016:14:01:31 -0700] "GET /resorts?resort=mammothmountain HTTP/1.1" 404 450 "-" "Mozilla/5.0 (compatible; Yahoo! Slurp; http://help.yahoo.com/help/us/ysearch/slurp)"
208.180.213.138 - - [30/Mar/2016:14:07:42 -0700] "GET /images/wsis-logo-sm.png HTTP/1.1" 200 6108 "http://www.thebackcountry.net/" "Mozilla/5.0 (Windows NT 6.1; WOW64) AppleWebKit/537.36 (KHTML, like Gecko) Chrome/49.0.2623.87 Safari/537.36"
62.210.148.247 - - [30/Mar/2016:14:10:31 -0700] "GET /robots.txt HTTP/1.0" 200 338 "-" "Mozilla/5.0 (compatible; MJ12bot/v1.4.5; http://www.majestic12.co.uk/bot.php?+)"
62.210.148.247 - - [30/Mar/2016:14:10:33 -0700] "GET /about HTTP/1.0" 404 495 "-" "Mozilla/5.0 (compatible; MJ12bot/v1.4.5; http://www.majestic12.co.uk/bot.php?+)"
5.206.225.84 - - [30/Mar/2016:14:21:11 -0700] "POST /xmlrpc.php HTTP/1.0" 404 480 "-" "Mozilla/5.0 (Windows NT x.y; Win64; x64; rv:10.0) Gecko/20100101 Firefox/10.0"
66.249.64.8 - - [30/Mar/2016:14:21:56 -0700] "GET / HTTP/1.1" 200 2615 "-" "Mozilla/5.0 (compatible; Googlebot/2.1; +http://www.google.com/bot.html)"
170.75.162.130 - - [30/Mar/2016:14:26:29 -0700] "GET /lib/reccapi.php?resort=schweitzer HTTP/1.1" 200 973 "-" "node-superagent/1.4.0"
180.76.15.162 - - [30/Mar/2016:14:32:11 -0700] "GET / HTTP/1.1" 200 6995 "-" "Mozilla/5.0 (compatible; Baiduspider/2.0; +http://www.baidu.com/search/spider.html)"
180.76.15.8 - - [30/Mar/2016:14:33:07 -0700] "GET / HTTP/1.1" 200 6995 "-" "Mozilla/5.0 (compatible; Baiduspider/2.0; +http://www.baidu.com/search/spider.html)"
170.75.162.130 - - [30/Mar/2016:14:36:40 -0700] "GET /lib/reccapi.php?resort=redlodge HTTP/1.1" 200 1075 "-" "node-superagent/1.4.0"
170.75.162.130 - - [30/Mar/2016:14:40:50 -0700] "GET /lib/reccapi.php?resort=bigwhite HTTP/1.1" 200 922 "-" "node-superagent/1.4.0"
170.75.162.130 - - [30/Mar/2016:14:40:51 -0700] "GET /lib/reccapi.php?resort=silverstarmountain HTTP/1.1" 200 930 "-" "node-superagent/1.4.0"
170.75.162.130 - - [30/Mar/2016:14:41:00 -0700] "GET /lib/reccapi.php?resort=arapahoebasin HTTP/1.1" 200 1079 "-" "node-superagent/1.4.0"
170.75.162.130 - - [30/Mar/2016:14:41:00 -0700] "GET /lib/reccapi.php?resort=alpinemeadows HTTP/1.1" 200 983 "-" "node-superagent/1.4.0"
170.75.162.130 - - [30/Mar/2016:14:41:00 -0700] "GET /lib/reccapi.php?resort=aspenmountain HTTP/1.1" 200 1072 "-" "node-superagent/1.4.0"
170.75.162.130 - - [30/Mar/2016:14:41:00 -0700] "GET /lib/reccapi.php?resort=aspenheights HTTP/1.1" 200 1080 "-" "node-superagent/1.4.0"
170.75.162.130 - - [30/Mar/2016:14:41:01 -0700] "GET /lib/reccapi.php?resort=buttermilk HTTP/1.1" 200 1061 "-" "node-superagent/1.4.0"
170.75.162.130 - - [30/Mar/2016:14:41:01 -0700] "GET /lib/reccapi.php?resort=chinapeak HTTP/1.1" 200 1027 "-" "node-superagent/1.4.0"
170.75.162.130 - - [30/Mar/2016:14:41:01 -0700] "GET /lib/reccapi.php?resort=heavenly HTTP/1.1" 200 992 "-" "node-superagent/1.4.0"
170.75.162.130 - - [30/Mar/2016:14:41:01 -0700] "GET /lib/reccapi.php?resort=homewoodmountain HTTP/1.1" 200 1002 "-" "node-superagent/1.4.0"
170.75.162.130 - - [30/Mar/2016:14:41:01 -0700] "GET /lib/reccapi.php?resort=keystone HTTP/1.1" 200 1041 "-" "node-superagent/1.4.0"
170.75.162.130 - - [30/Mar/2016:14:41:01 -0700] "GET /lib/reccapi.php?resort=kirkwood HTTP/1.1" 200 1002 "-" "node-superagent/1.4.0"
170.75.162.130 - - [30/Mar/2016:14:41:50 -0700] "GET /lib/reccapi.php?resort=mountainhigh HTTP/1.1" 200 1115 "-" "node-superagent/1.4.0"
170.75.162.130 - - [30/Mar/2016:14:41:50 -0700] "GET /lib/reccapi.php?resort=mammothmountain HTTP/1.1" 200 1078 "-" "node-superagent/1.4.0"
170.75.162.130 - - [30/Mar/2016:14:41:50 -0700] "GET /lib/reccapi.php?resort=sierra-at-tahoe HTTP/1.1" 200 989 "-" "node-superagent/1.4.0"
170.75.162.130 - - [30/Mar/2016:14:41:50 -0700] "GET /lib/reccapi.php?resort=monarch HTTP/1.1" 200 1045 "-" "node-superagent/1.4.0"
170.75.162.130 - - [30/Mar/2016:14:41:50 -0700] "GET /lib/reccapi.php?resort=snowmass HTTP/1.1" 200 1027 "-" "node-superagent/1.4.0"
170.75.162.130 - - [30/Mar/2016:14:41:50 -0700] "GET /lib/reccapi.php?resort=sunvalley HTTP/1.1" 200 1018 "-" "node-superagent/1.4.0"
170.75.162.130 - - [30/Mar/2016:14:41:50 -0700] "GET /lib/reccapi.php?resort=sundayriver HTTP/1.1" 200 971 "-" "node-superagent/1.4.0"
170.75.162.130 - - [30/Mar/2016:14:41:50 -0700] "GET /lib/reccapi.php?resort=telluride HTTP/1.1" 200 1038 "-" "node-superagent/1.4.0"
170.75.162.130 - - [30/Mar/2016:14:41:50 -0700] "GET /lib/reccapi.php?resort=solitude HTTP/1.1" 200 1063 "-" "node-superagent/1.4.0"
170.75.162.130 - - [30/Mar/2016:14:41:50 -0700] "GET /lib/reccapi.php?resort=squawvalleyusa HTTP/1.1" 200 1002 "-" "node-superagent/1.4.0"
170.75.162.130 - - [30/Mar/2016:14:41:50 -0700] "GET /lib/reccapi.php?resort=sugarbowl HTTP/1.1" 200 964 "-" "node-superagent/1.4.0"
170.75.162.130 - - [30/Mar/2016:14:41:51 -0700] "GET /lib/reccapi.php?resort=jacksonhole HTTP/1.1" 200 1048 "-" "node-superagent/1.4.0"
170.75.162.130 - - [30/Mar/2016:14:41:55 -0700] "GET /lib/reccapi.php?resort=snowbird HTTP/1.1" 200 1064 "-" "node-superagent/1.4.0"
170.75.162.130 - - [30/Mar/2016:14:42:00 -0700] "GET /lib/reccapi.php?resort=jaypeak HTTP/1.1" 200 983 "-" "node-superagent/1.4.0"
170.75.162.130 - - [30/Mar/2016:14:42:05 -0700] "GET /lib/reccapi.php?resort=madriverglen HTTP/1.1" 200 980 "-" "node-superagent/1.4.0"
170.75.162.130 - - [30/Mar/2016:14:42:10 -0700] "GET /lib/reccapi.php?resort=winterpark HTTP/1.1" 200 1065 "-" "node-superagent/1.4.0"
170.75.162.130 - - [30/Mar/2016:14:42:15 -0700] "GET /lib/reccapi.php?resort=snowbasin HTTP/1.1" 200 1070 "-" "node-superagent/1.4.0"
170.75.162.130 - - [30/Mar/2016:14:42:20 -0700] "GET /lib/reccapi.php?resort=wildcatmountain HTTP/1.1" 200 982 "-" "node-superagent/1.4.0"
170.75.162.130 - - [30/Mar/2016:14:42:25 -0700] "GET /lib/reccapi.php?resort=grandtarghee HTTP/1.1" 200 1093 "-" "node-superagent/1.4.0"
170.75.162.130 - - [30/Mar/2016:14:42:30 -0700] "GET /lib/reccapi.php?resort=killington HTTP/1.1" 200 975 "-" "node-superagent/1.4.0"
170.75.162.130 - - [30/Mar/2016:14:42:35 -0700] "GET /lib/reccapi.php?resort=stowe HTTP/1.1" 200 947 "-" "node-superagent/1.4.0"
170.75.162.130 - - [30/Mar/2016:14:42:40 -0700] "GET /lib/reccapi.php?resort=devilshead HTTP/1.1" 200 1042 "-" "node-superagent/1.4.0"
170.75.162.130 - - [30/Mar/2016:14:42:45 -0700] "GET /lib/reccapi.php?resort=smugglersnotch HTTP/1.1" 200 974 "-" "node-superagent/1.4.0"
170.75.162.130 - - [30/Mar/2016:14:42:50 -0700] "GET /lib/reccapi.php?resort=stevenspass HTTP/1.1" 200 959 "-" "node-superagent/1.4.0"
170.75.162.130 - - [30/Mar/2016:14:42:55 -0700] "GET /lib/reccapi.php?resort=sugarbush HTTP/1.1" 200 986 "-" "node-superagent/1.4.0"
170.75.162.130 - - [30/Mar/2016:14:43:00 -0700] "GET /lib/reccapi.php?resort=mtrose HTTP/1.1" 200 973 "-" "node-superagent/1.4.0"
170.75.162.130 - - [30/Mar/2016:14:43:05 -0700] "GET /lib/reccapi.php?resort=northstar-at-tahoe HTTP/1.1" 200 972 "-" "node-superagent/1.4.0"
170.75.162.130 - - [30/Mar/2016:14:43:10 -0700] "GET /lib/reccapi.php?resort=steamboat HTTP/1.1" 200 1058 "-" "node-superagent/1.4.0"
170.75.162.130 - - [30/Mar/2016:14:43:15 -0700] "GET /lib/reccapi.php?resort=mountspokane HTTP/1.1" 200 975 "-" "node-superagent/1.4.0"
170.75.162.130 - - [30/Mar/2016:14:43:20 -0700] "GET /lib/reccapi.php?resort=parkcity HTTP/1.1" 200 1110 "-" "node-superagent/1.4.0"
170.75.162.130 - - [30/Mar/2016:14:43:25 -0700] "GET /lib/reccapi.php?resort=sugarloaf HTTP/1.1" 200 976 "-" "node-superagent/1.4.0"
70.213.6.151 - - [30/Mar/2016:14:51:12 -0700] "GET /images/wsis-logo-sm.png HTTP/1.1" 200 6108 "http://www.thebackcountry.net/" "Mozilla/5.0 (iPhone; CPU iPhone OS 9_2_1 like Mac OS X) AppleWebKit/601.1.46 (KHTML, like Gecko) Version/9.0 Mobile/13D15 Safari/601.1"
23.114.255.69 - - [30/Mar/2016:14:55:07 -0700] "GET /images/wsis-logo-sm.png HTTP/1.1" 200 6108 "http://www.thebackcountry.net/index.html" "Mozilla/5.0 (Windows NT 10.0; WOW64; Trident/7.0; Touch; rv:11.0) like Gecko"
23.114.255.69 - - [30/Mar/2016:14:55:29 -0700] "-" 408 0 "-" "-"
12.183.160.50 - - [30/Mar/2016:14:56:52 -0700] "GET /images/wsis-logo-sm.png HTTP/1.1" 200 6108 "http://www.thebackcountry.net/" "Mozilla/5.0 (Windows NT 6.1; WOW64) AppleWebKit/537.36 (KHTML, like Gecko) Chrome/49.0.2623.87 Safari/537.36"
159.203.76.169 - - [30/Mar/2016:15:08:44 -0700] "GET /muieblackcat HTTP/1.1" 404 466 "-" "-"
159.203.76.169 - - [30/Mar/2016:15:08:44 -0700] "GET //phpMyAdmin/scripts/setup.php HTTP/1.1" 404 466 "-" "-"
159.203.76.169 - - [30/Mar/2016:15:08:45 -0700] "GET //phpmyadmin/scripts/setup.php HTTP/1.1" 404 466 "-" "-"
159.203.76.169 - - [30/Mar/2016:15:08:45 -0700] "GET //pma/scripts/setup.php HTTP/1.1" 404 466 "-" "-"
159.203.76.169 - - [30/Mar/2016:15:08:45 -0700] "GET //myadmin/scripts/setup.php HTTP/1.1" 404 466 "-" "-"
159.203.76.169 - - [30/Mar/2016:15:08:45 -0700] "GET //MyAdmin/scripts/setup.php HTTP/1.1" 404 466 "-" "-"
69.162.16.17 - - [30/Mar/2016:15:17:55 -0700] "GET /images/wsis-logo-sm.png HTTP/1.1" 200 6108 "http://thebackcountry.net/" "Mozilla/5.0 (Windows NT 6.3; WOW64) AppleWebKit/537.36 (KHTML, like Gecko) Chrome/49.0.2623.87 Safari/537.36"
66.249.64.2 - - [30/Mar/2016:15:30:01 -0700] "GET /lib/reccapi.php?resort=49degreesnorth&date=2016-03-29 HTTP/1.1" 200 1032 "http://whereshouldiski.com/" "Mozilla/5.0 (compatible; Googlebot/2.1; +http://www.google.com/bot.html)"
66.249.64.8 - - [30/Mar/2016:15:30:02 -0700] "GET /lib/reccapi.php?fields=t&date=2016-03-29&coords=48.28%2C-117.56&size=7&sort=distance HTTP/1.1" 200 1396 "http://whereshouldiski.com/" "Mozilla/5.0 (compatible; Googlebot/2.1; +http://www.google.com/bot.html)"
66.249.64.8 - - [30/Mar/2016:15:30:02 -0700] "GET /lib/resortDataSearchD3.php?size=7&sortDate=T&resort=49degreesnorth&dateStart=2016-03-27 HTTP/1.1" 200 864 "http://whereshouldiski.com/" "Mozilla/5.0 (compatible; Googlebot/2.1; +http://www.google.com/bot.html)"
180.76.15.13 - - [30/Mar/2016:15:32:16 -0700] "GET / HTTP/1.1" 200 6995 "-" "Mozilla/5.0 (compatible; Baiduspider/2.0; +http://www.baidu.com/search/spider.html)"
180.76.15.151 - - [30/Mar/2016:15:33:10 -0700] "GET / HTTP/1.1" 200 6995 "-" "Mozilla/5.0 (compatible; Baiduspider/2.0; +http://www.baidu.com/search/spider.html)"
50.162.187.13 - - [30/Mar/2016:15:39:14 -0700] "GET /images/wsis-logo-sm.png HTTP/1.1" 200 6108 "http://thebackcountry.net/" "Mozilla/5.0 (Macintosh; Intel Mac OS X 10.10; rv:45.0) Gecko/20100101 Firefox/45.0"
170.75.162.130 - - [30/Mar/2016:15:48:19 -0700] "GET /lib/reccapi.php?resort=taos HTTP/1.1" 200 1034 "-" "node-superagent/1.4.0"
66.249.64.8 - - [30/Mar/2016:15:51:08 -0700] "GET /lib/resortDataSearchD3.php?size=7&sortDate=T&resort=alpinemeadows&dateStart=2016-03-06 HTTP/1.1" 200 876 "http://whereshouldiski.com/" "Mozilla/5.0 (compatible; Googlebot/2.1; +http://www.google.com/bot.html)"
47.208.176.144 - - [30/Mar/2016:15:53:59 -0700] "GET /images/wsis-logo-sm.png HTTP/1.1" 200 6108 "http://thebackcountry.net/" "Mozilla/5.0 (X11; Linux x86_64) AppleWebKit/537.36 (KHTML, like Gecko) Chrome/49.0.2623.110 Safari/537.36"
185.49.14.190 - - [30/Mar/2016:15:58:57 -0700] "GET http://testp5.mielno.lubin.pl/testproxy.php HTTP/1.1" 404 452 "-" "Mozilla/5.0 (Windows NT 5.1; rv:32.0) Gecko/20100101 Firefox/31.0"
66.249.64.127 - - [30/Mar/2016:16:04:37 -0700] "GET /lib/resortDataSearchD3.php?size=7&sortDate=T&resort=alyeska&dateStart=2016-01-27 HTTP/1.1" 200 875 "http://whereshouldiski.com/" "Mozilla/5.0 (compatible; Googlebot/2.1; +http://www.google.com/bot.html)"
209.99.208.146 - - [30/Mar/2016:16:15:12 -0700] "-" 408 0 "-" "-"
209.99.208.146 - - [30/Mar/2016:16:15:12 -0700] "-" 408 0 "-" "-"
180.76.15.27 - - [30/Mar/2016:16:29:33 -0700] "GET / HTTP/1.1" 200 6995 "-" "Mozilla/5.0 (compatible; Baiduspider/2.0; +http://www.baidu.com/search/spider.html)"
180.76.15.31 - - [30/Mar/2016:16:30:23 -0700] "GET / HTTP/1.1" 200 6995 "-" "Mozilla/5.0 (compatible; Baiduspider/2.0; +http://www.baidu.com/search/spider.html)"
