134.197.0.18 - - [12/Nov/2015:18:13:57 -0800] "GET /images/wsis-logo-sm.png HTTP/1.1" 200 6108 "http://www.thebackcountry.net/" "Mozilla/5.0 (Macintosh; Intel Mac OS X 10_11_1) AppleWebKit/601.2.7 (KHTML, like Gecko) Version/9.0.1 Safari/601.2.7"
170.75.162.130 - - [12/Nov/2015:18:14:34 -0800] "GET /lib/reccapi.php?resort=coppermountain HTTP/1.1" 200 990 "-" "node-superagent/0.18.2"
24.32.30.86 - - [12/Nov/2015:18:15:22 -0800] "GET /images/wsis-logo-sm.png HTTP/1.1" 200 6108 "http://www.thebackcountry.net/" "Mozilla/5.0 (X11; CrOS armv7l 7390.68.0) AppleWebKit/537.36 (KHTML, like Gecko) Chrome/46.0.2490.82 Safari/537.36"
170.75.162.130 - - [12/Nov/2015:18:15:34 -0800] "GET /lib/reccapi.php?resort=snowbasin HTTP/1.1" 200 1003 "-" "node-superagent/0.18.2"
24.32.30.86 - - [12/Nov/2015:18:15:44 -0800] "-" 408 0 "-" "-"
170.75.162.130 - - [12/Nov/2015:18:15:44 -0800] "GET /lib/reccapi.php?resort=winterpark HTTP/1.1" 200 990 "-" "node-superagent/0.18.2"
24.32.30.86 - - [12/Nov/2015:18:16:39 -0800] "-" 408 0 "-" "-"
24.32.30.86 - - [12/Nov/2015:18:16:39 -0800] "-" 408 0 "-" "-"
24.32.30.86 - - [12/Nov/2015:18:16:39 -0800] "-" 408 0 "-" "-"
75.42.71.181 - - [12/Nov/2015:18:21:17 -0800] "GET /images/wsis-logo-sm.png HTTP/1.1" 200 6108 "http://www.thebackcountry.net/" "Mozilla/5.0 (Linux; Android 5.1; XT1254 Build/SU4TL-44) AppleWebKit/537.36 (KHTML, like Gecko) Chrome/46.0.2490.76 Mobile Safari/537.36"
185.49.14.190 - - [12/Nov/2015:18:22:48 -0800] "GET http://testp5.mielno.lubin.pl/testproxy.php HTTP/1.1" 404 452 "-" "Mozilla/5.0 (Windows NT 5.1; rv:32.0) Gecko/20100101 Firefox/31.0"
207.46.13.10 - - [12/Nov/2015:18:29:22 -0800] "GET /robots.txt HTTP/1.1" 200 375 "-" "Mozilla/5.0 (compatible; bingbot/2.0; +http://www.bing.com/bingbot.htm)"
24.32.30.86 - - [12/Nov/2015:18:29:42 -0800] "-" 408 0 "-" "-"
24.32.30.86 - - [12/Nov/2015:18:29:42 -0800] "-" 408 0 "-" "-"
24.32.30.86 - - [12/Nov/2015:18:34:42 -0800] "-" 408 0 "-" "-"
123.125.71.76 - - [12/Nov/2015:18:42:20 -0800] "-" 408 0 "-" "-"
180.76.15.140 - - [12/Nov/2015:18:44:30 -0800] "GET / HTTP/1.1" 200 6114 "-" "Mozilla/5.0 (compatible; Baiduspider/2.0; +http://www.baidu.com/search/spider.html)"
180.76.15.142 - - [12/Nov/2015:18:45:22 -0800] "GET / HTTP/1.1" 200 6114 "-" "Mozilla/5.0 (compatible; Baiduspider/2.0; +http://www.baidu.com/search/spider.html)"
220.181.108.176 - - [12/Nov/2015:18:48:50 -0800] "-" 408 0 "-" "-"
170.75.162.130 - - [12/Nov/2015:18:49:28 -0800] "GET /lib/reccapi.php?resort=sugarloaf HTTP/1.1" 200 1020 "-" "node-superagent/0.18.2"
170.75.162.130 - - [12/Nov/2015:18:49:28 -0800] "GET /lib/reccapi.php?resort=killington HTTP/1.1" 200 1027 "-" "node-superagent/0.18.2"
73.187.249.72 - - [12/Nov/2015:18:50:20 -0800] "GET /images/wsis-logo-sm.png HTTP/1.1" 200 6108 "http://www.thebackcountry.net/" "Mozilla/5.0 (Windows NT 6.3; WOW64) AppleWebKit/537.36 (KHTML, like Gecko) Chrome/46.0.2490.86 Safari/537.36"
170.75.162.130 - - [12/Nov/2015:19:06:20 -0800] "GET /lib/reccapi.php?resort=cannonmountain HTTP/1.1" 200 1042 "-" "node-superagent/0.18.2"
170.75.162.130 - - [12/Nov/2015:19:06:20 -0800] "GET /lib/reccapi.php?resort=wildcatmountain HTTP/1.1" 200 1021 "-" "node-superagent/0.18.2"
66.249.69.103 - - [12/Nov/2015:19:12:27 -0800] "GET /robots.txt HTTP/1.1" 200 419 "-" "Mozilla/5.0 (compatible; Googlebot/2.1; +http://www.google.com/bot.html)"
66.249.69.111 - - [12/Nov/2015:19:12:27 -0800] "GET / HTTP/1.1" 200 2376 "-" "Mozilla/5.0 (iPhone; CPU iPhone OS 8_3 like Mac OS X) AppleWebKit/600.1.4 (KHTML, like Gecko) Version/8.0 Mobile/12F70 Safari/600.1.4 (compatible; Googlebot/2.1; +http://www.google.com/bot.html)"
170.75.162.130 - - [12/Nov/2015:19:13:41 -0800] "GET /lib/reccapi.php?resort=silverstarmountain HTTP/1.1" 200 934 "-" "node-superagent/0.18.2"
157.55.39.248 - - [12/Nov/2015:19:16:04 -0800] "GET /robots.txt HTTP/1.1" 200 375 "-" "Mozilla/5.0 (compatible; bingbot/2.0; +http://www.bing.com/bingbot.htm)"
170.75.162.130 - - [12/Nov/2015:19:17:21 -0800] "GET /lib/reccapi.php?resort=bigsky HTTP/1.1" 200 1003 "-" "node-superagent/0.18.2"
170.75.162.130 - - [12/Nov/2015:19:26:02 -0800] "GET /lib/reccapi.php?resort=alyeska HTTP/1.1" 200 953 "-" "node-superagent/0.18.2"
170.75.162.130 - - [12/Nov/2015:19:26:02 -0800] "GET /lib/reccapi.php?resort=telluride HTTP/1.1" 200 993 "-" "node-superagent/0.18.2"
180.76.15.31 - - [12/Nov/2015:19:33:27 -0800] "GET /robots.txt HTTP/1.1" 200 382 "-" "Mozilla/5.0 (Windows NT 5.1; rv:6.0.2) Gecko/20100101 Firefox/6.0.2"
123.125.71.117 - - [12/Nov/2015:19:41:21 -0800] "-" 408 0 "-" "-"
220.181.108.97 - - [12/Nov/2015:19:44:48 -0800] "GET / HTTP/1.1" 200 2339 "-" "Mozilla/5.0 (Windows NT 5.1; rv:6.0.2) Gecko/20100101 Firefox/6.0.2"
220.181.108.85 - - [12/Nov/2015:19:44:49 -0800] "GET / HTTP/1.1" 200 6114 "-" "Mozilla/5.0 (Windows NT 5.1; rv:6.0.2) Gecko/20100101 Firefox/6.0.2"
76.126.128.48 - - [12/Nov/2015:19:45:31 -0800] "GET /images/wsis-logo-sm.png HTTP/1.1" 200 6108 "http://www.thebackcountry.net/" "Mozilla/5.0 (iPad; CPU OS 9_1 like Mac OS X) AppleWebKit/601.1.46 (KHTML, like Gecko) Version/9.0 Mobile/13B143 Safari/601.1"
180.76.15.26 - - [12/Nov/2015:19:45:40 -0800] "GET / HTTP/1.1" 200 6114 "-" "Mozilla/5.0 (compatible; Baiduspider/2.0; +http://www.baidu.com/search/spider.html)"
180.76.15.158 - - [12/Nov/2015:19:46:31 -0800] "GET / HTTP/1.1" 200 6114 "-" "Mozilla/5.0 (compatible; Baiduspider/2.0; +http://www.baidu.com/search/spider.html)"
216.239.45.69 - - [12/Nov/2015:19:51:43 -0800] "GET /images/wsis-logo-sm.png HTTP/1.1" 200 6108 "http://thebackcountry.net/" "Mozilla/5.0 (X11; Linux x86_64) AppleWebKit/537.36 (KHTML, like Gecko) Chrome/46.0.2490.80 Safari/537.36"
24.205.197.128 - - [12/Nov/2015:19:52:23 -0800] "GET /images/wsis-logo-sm.png HTTP/1.1" 200 6108 "http://www.thebackcountry.net/" "Mozilla/5.0 (Macintosh; Intel Mac OS X 10_10_0) AppleWebKit/537.36 (KHTML, like Gecko) Chrome/46.0.2490.86 Safari/537.36"
170.75.162.130 - - [12/Nov/2015:19:53:55 -0800] "GET /lib/reccapi.php?resort=diamondpeak HTTP/1.1" 200 934 "-" "node-superagent/0.18.2"
73.241.76.208 - - [12/Nov/2015:20:03:14 -0800] "GET /images/wsis-logo-sm.png HTTP/1.1" 200 6108 "http://www.thebackcountry.net/" "Mozilla/5.0 (Windows NT 6.1; WOW64) AppleWebKit/537.36 (KHTML, like Gecko) Chrome/46.0.2490.80 Safari/537.36"
170.75.162.130 - - [12/Nov/2015:20:07:47 -0800] "GET /lib/reccapi.php?resort=jaypeak HTTP/1.1" 200 1057 "-" "node-superagent/0.18.2"
170.75.162.130 - - [12/Nov/2015:20:11:28 -0800] "GET /lib/reccapi.php?resort=aspenheights HTTP/1.1" 200 994 "-" "node-superagent/0.18.2"
170.75.162.130 - - [12/Nov/2015:20:12:07 -0800] "GET /lib/reccapi.php?resort=grandtarghee HTTP/1.1" 200 1050 "-" "node-superagent/0.18.2"
170.75.162.130 - - [12/Nov/2015:20:15:58 -0800] "GET /lib/reccapi.php?resort=crestedbutte HTTP/1.1" 200 990 "-" "node-superagent/0.18.2"
170.75.162.130 - - [12/Nov/2015:20:16:28 -0800] "GET /lib/reccapi.php?resort=deervalley HTTP/1.1" 200 999 "-" "node-superagent/0.18.2"
24.17.248.157 - - [12/Nov/2015:20:21:19 -0800] "GET / HTTP/1.1" 200 2376 "http://www.earnyourturns.com/category/gear/skis/mid-fat/" "Mozilla/5.0 (iPad; CPU OS 8_2 like Mac OS X) AppleWebKit/600.1.4 (KHTML, like Gecko) Version/8.0 Mobile/12D508 Safari/600.1.4"
24.17.248.157 - - [12/Nov/2015:20:21:19 -0800] "GET /styles/0fffd548.main.css HTTP/1.1" 200 19316 "http://whereshouldiski.com/" "Mozilla/5.0 (iPad; CPU OS 8_2 like Mac OS X) AppleWebKit/600.1.4 (KHTML, like Gecko) Version/8.0 Mobile/12D508 Safari/600.1.4"
24.17.248.157 - - [12/Nov/2015:20:21:19 -0800] "GET /images/logo-sm.png HTTP/1.1" 200 16738 "http://whereshouldiski.com/" "Mozilla/5.0 (iPad; CPU OS 8_2 like Mac OS X) AppleWebKit/600.1.4 (KHTML, like Gecko) Version/8.0 Mobile/12D508 Safari/600.1.4"
24.17.248.157 - - [12/Nov/2015:20:21:19 -0800] "GET /scripts/scripts/vendor/modernizr.js HTTP/1.1" 200 4903 "http://whereshouldiski.com/" "Mozilla/5.0 (iPad; CPU OS 8_2 like Mac OS X) AppleWebKit/600.1.4 (KHTML, like Gecko) Version/8.0 Mobile/12D508 Safari/600.1.4"
24.17.248.157 - - [12/Nov/2015:20:21:19 -0800] "GET /bower_components/requirejs/require.js HTTP/1.1" 200 6702 "http://whereshouldiski.com/" "Mozilla/5.0 (iPad; CPU OS 8_2 like Mac OS X) AppleWebKit/600.1.4 (KHTML, like Gecko) Version/8.0 Mobile/12D508 Safari/600.1.4"
24.17.248.157 - - [12/Nov/2015:20:21:19 -0800] "GET /images/loading.gif HTTP/1.1" 200 13882 "http://whereshouldiski.com/" "Mozilla/5.0 (iPad; CPU OS 8_2 like Mac OS X) AppleWebKit/600.1.4 (KHTML, like Gecko) Version/8.0 Mobile/12D508 Safari/600.1.4"
24.17.248.157 - - [12/Nov/2015:20:21:20 -0800] "GET /scripts/fa48e319.main.js HTTP/1.1" 200 123455 "http://whereshouldiski.com/" "Mozilla/5.0 (iPad; CPU OS 8_2 like Mac OS X) AppleWebKit/600.1.4 (KHTML, like Gecko) Version/8.0 Mobile/12D508 Safari/600.1.4"
180.76.15.148 - - [12/Nov/2015:20:21:21 -0800] "GET / HTTP/1.1" 200 2339 "-" "Mozilla/5.0 (compatible; Baiduspider/2.0; +http://www.baidu.com/search/spider.html)"
24.17.248.157 - - [12/Nov/2015:20:21:21 -0800] "GET /lib/reccapi.php?fields=t HTTP/1.1" 200 1906 "http://whereshouldiski.com/" "Mozilla/5.0 (iPad; CPU OS 8_2 like Mac OS X) AppleWebKit/600.1.4 (KHTML, like Gecko) Version/8.0 Mobile/12D508 Safari/600.1.4"
24.17.248.157 - - [12/Nov/2015:20:21:21 -0800] "GET /images/button.png HTTP/1.1" 200 598 "http://whereshouldiski.com/" "Mozilla/5.0 (iPad; CPU OS 8_2 like Mac OS X) AppleWebKit/600.1.4 (KHTML, like Gecko) Version/8.0 Mobile/12D508 Safari/600.1.4"
24.17.248.157 - - [12/Nov/2015:20:21:21 -0800] "GET /images/greyHeader.png HTTP/1.1" 200 508 "http://whereshouldiski.com/" "Mozilla/5.0 (iPad; CPU OS 8_2 like Mac OS X) AppleWebKit/600.1.4 (KHTML, like Gecko) Version/8.0 Mobile/12D508 Safari/600.1.4"
24.17.248.157 - - [12/Nov/2015:20:21:22 -0800] "GET /images/star5.png HTTP/1.1" 200 1783 "http://whereshouldiski.com/" "Mozilla/5.0 (iPad; CPU OS 8_2 like Mac OS X) AppleWebKit/600.1.4 (KHTML, like Gecko) Version/8.0 Mobile/12D508 Safari/600.1.4"
24.17.248.157 - - [12/Nov/2015:20:21:22 -0800] "GET /images/snowflake5.png HTTP/1.1" 200 2857 "http://whereshouldiski.com/" "Mozilla/5.0 (iPad; CPU OS 8_2 like Mac OS X) AppleWebKit/600.1.4 (KHTML, like Gecko) Version/8.0 Mobile/12D508 Safari/600.1.4"
24.17.248.157 - - [12/Nov/2015:20:21:22 -0800] "GET /images/shading-icon.png HTTP/1.1" 200 536 "http://whereshouldiski.com/" "Mozilla/5.0 (iPad; CPU OS 8_2 like Mac OS X) AppleWebKit/600.1.4 (KHTML, like Gecko) Version/8.0 Mobile/12D508 Safari/600.1.4"
24.17.248.157 - - [12/Nov/2015:20:21:22 -0800] "GET /images/mtns-icon.png HTTP/1.1" 200 1096 "http://whereshouldiski.com/" "Mozilla/5.0 (iPad; CPU OS 8_2 like Mac OS X) AppleWebKit/600.1.4 (KHTML, like Gecko) Version/8.0 Mobile/12D508 Safari/600.1.4"
24.17.248.157 - - [12/Nov/2015:20:21:22 -0800] "GET /images/bluebird5.png HTTP/1.1" 200 2177 "http://whereshouldiski.com/" "Mozilla/5.0 (iPad; CPU OS 8_2 like Mac OS X) AppleWebKit/600.1.4 (KHTML, like Gecko) Version/8.0 Mobile/12D508 Safari/600.1.4"
24.17.248.157 - - [12/Nov/2015:20:21:24 -0800] "GET /lib/reccapi.php?fields=t&coords=47.08195279211373,-122.59987582937676 HTTP/1.1" 200 2097 "http://whereshouldiski.com/" "Mozilla/5.0 (iPad; CPU OS 8_2 like Mac OS X) AppleWebKit/600.1.4 (KHTML, like Gecko) Version/8.0 Mobile/12D508 Safari/600.1.4"
24.17.248.157 - - [12/Nov/2015:20:21:53 -0800] "GET /lib/reccapi.php?fields=t&coords=47.08195279211373,-122.59987582937676&region=PacificNW HTTP/1.1" 200 1797 "http://whereshouldiski.com/" "Mozilla/5.0 (iPad; CPU OS 8_2 like Mac OS X) AppleWebKit/600.1.4 (KHTML, like Gecko) Version/8.0 Mobile/12D508 Safari/600.1.4"
24.17.248.157 - - [12/Nov/2015:20:21:53 -0800] "GET /images/greenHeader.png HTTP/1.1" 200 508 "http://whereshouldiski.com/" "Mozilla/5.0 (iPad; CPU OS 8_2 like Mac OS X) AppleWebKit/600.1.4 (KHTML, like Gecko) Version/8.0 Mobile/12D508 Safari/600.1.4"
24.17.248.157 - - [12/Nov/2015:20:23:29 -0800] "GET /about HTTP/1.1" 404 506 "http://whereshouldiski.com/" "Mozilla/5.0 (iPad; CPU OS 8_2 like Mac OS X) AppleWebKit/600.1.4 (KHTML, like Gecko) Version/8.0 Mobile/12D508 Safari/600.1.4"
24.17.248.157 - - [12/Nov/2015:20:23:34 -0800] "GET /scripts/templates/about.html HTTP/1.1" 200 1968 "http://whereshouldiski.com/" "Mozilla/5.0 (iPad; CPU OS 8_2 like Mac OS X) AppleWebKit/600.1.4 (KHTML, like Gecko) Version/8.0 Mobile/12D508 Safari/600.1.4"
24.17.248.157 - - [12/Nov/2015:20:23:34 -0800] "GET /images/profile-med.jpg HTTP/1.1" 200 24003 "http://whereshouldiski.com/" "Mozilla/5.0 (iPad; CPU OS 8_2 like Mac OS X) AppleWebKit/600.1.4 (KHTML, like Gecko) Version/8.0 Mobile/12D508 Safari/600.1.4"
24.17.248.157 - - [12/Nov/2015:20:24:44 -0800] "GET /scripts/server/resorts.json HTTP/1.1" 200 8662 "http://whereshouldiski.com/" "Mozilla/5.0 (iPad; CPU OS 8_2 like Mac OS X) AppleWebKit/600.1.4 (KHTML, like Gecko) Version/8.0 Mobile/12D508 Safari/600.1.4"
170.75.162.130 - - [12/Nov/2015:20:24:49 -0800] "GET /lib/reccapi.php?resort=redlodge HTTP/1.1" 200 1001 "-" "node-superagent/0.18.2"
24.17.248.157 - - [12/Nov/2015:20:25:18 -0800] "GET /lib/reccapi.php?resort=catamount&date=2015-11-12 HTTP/1.1" 200 1020 "http://whereshouldiski.com/" "Mozilla/5.0 (iPad; CPU OS 8_2 like Mac OS X) AppleWebKit/600.1.4 (KHTML, like Gecko) Version/8.0 Mobile/12D508 Safari/600.1.4"
24.17.248.157 - - [12/Nov/2015:20:25:19 -0800] "GET /images/snowforecast-logo.jpg HTTP/1.1" 200 22988 "http://whereshouldiski.com/" "Mozilla/5.0 (iPad; CPU OS 8_2 like Mac OS X) AppleWebKit/600.1.4 (KHTML, like Gecko) Version/8.0 Mobile/12D508 Safari/600.1.4"
24.17.248.157 - - [12/Nov/2015:20:25:19 -0800] "GET /images/opensnow_logo.png HTTP/1.1" 200 11777 "http://whereshouldiski.com/" "Mozilla/5.0 (iPad; CPU OS 8_2 like Mac OS X) AppleWebKit/600.1.4 (KHTML, like Gecko) Version/8.0 Mobile/12D508 Safari/600.1.4"
24.17.248.157 - - [12/Nov/2015:20:25:19 -0800] "GET /images/mtns-30px.png HTTP/1.1" 200 1201 "http://whereshouldiski.com/" "Mozilla/5.0 (iPad; CPU OS 8_2 like Mac OS X) AppleWebKit/600.1.4 (KHTML, like Gecko) Version/8.0 Mobile/12D508 Safari/600.1.4"
24.17.248.157 - - [12/Nov/2015:20:25:19 -0800] "GET /images/shading-53px.png HTTP/1.1" 200 547 "http://whereshouldiski.com/" "Mozilla/5.0 (iPad; CPU OS 8_2 like Mac OS X) AppleWebKit/600.1.4 (KHTML, like Gecko) Version/8.0 Mobile/12D508 Safari/600.1.4"
24.17.248.157 - - [12/Nov/2015:20:25:19 -0800] "GET /images/stars-med-5.png HTTP/1.1" 200 4124 "http://whereshouldiski.com/" "Mozilla/5.0 (iPad; CPU OS 8_2 like Mac OS X) AppleWebKit/600.1.4 (KHTML, like Gecko) Version/8.0 Mobile/12D508 Safari/600.1.4"
24.17.248.157 - - [12/Nov/2015:20:25:19 -0800] "GET /images/sun-med-5.png HTTP/1.1" 200 7627 "http://whereshouldiski.com/" "Mozilla/5.0 (iPad; CPU OS 8_2 like Mac OS X) AppleWebKit/600.1.4 (KHTML, like Gecko) Version/8.0 Mobile/12D508 Safari/600.1.4"
24.17.248.157 - - [12/Nov/2015:20:25:19 -0800] "GET /images/snowflake-med-5.png HTTP/1.1" 200 6157 "http://whereshouldiski.com/" "Mozilla/5.0 (iPad; CPU OS 8_2 like Mac OS X) AppleWebKit/600.1.4 (KHTML, like Gecko) Version/8.0 Mobile/12D508 Safari/600.1.4"
24.17.248.157 - - [12/Nov/2015:20:25:19 -0800] "GET /lib/reccapi.php?fields=t&date=2015-11-12&coords=42.1715%2C-73.4778&size=7&sort=distance HTTP/1.1" 200 1279 "http://whereshouldiski.com/" "Mozilla/5.0 (iPad; CPU OS 8_2 like Mac OS X) AppleWebKit/600.1.4 (KHTML, like Gecko) Version/8.0 Mobile/12D508 Safari/600.1.4"
24.17.248.157 - - [12/Nov/2015:20:25:19 -0800] "GET /lib/resortDataSearchD3.php?size=7&sortDate=T&resort=catamount&dateStart=2015-11-10 HTTP/1.1" 200 861 "http://whereshouldiski.com/" "Mozilla/5.0 (iPad; CPU OS 8_2 like Mac OS X) AppleWebKit/600.1.4 (KHTML, like Gecko) Version/8.0 Mobile/12D508 Safari/600.1.4"
127.0.0.1 - - [12/Nov/2015:20:25:24 -0800] "OPTIONS * HTTP/1.0" 200 126 "-" "Apache/2.2.22 (Ubuntu) (internal dummy connection)"
24.17.248.157 - - [12/Nov/2015:20:26:43 -0800] "GET /lib/reccapi.php?resort=cascademountain&date=2015-11-12 HTTP/1.1" 200 993 "http://whereshouldiski.com/" "Mozilla/5.0 (iPad; CPU OS 8_2 like Mac OS X) AppleWebKit/600.1.4 (KHTML, like Gecko) Version/8.0 Mobile/12D508 Safari/600.1.4"
24.17.248.157 - - [12/Nov/2015:20:26:43 -0800] "GET /lib/reccapi.php?fields=t&coords=47.08195279211373,-122.59987582937676&date=2015-11-12&coords=43.5039%2C-89.518&size=7&sort=distance HTTP/1.1" 200 1280 "http://whereshouldiski.com/" "Mozilla/5.0 (iPad; CPU OS 8_2 like Mac OS X) AppleWebKit/600.1.4 (KHTML, like Gecko) Version/8.0 Mobile/12D508 Safari/600.1.4"
24.17.248.157 - - [12/Nov/2015:20:26:43 -0800] "GET /lib/resortDataSearchD3.php?size=7&sortDate=T&resort=cascademountain&dateStart=2015-11-10 HTTP/1.1" 200 846 "http://whereshouldiski.com/" "Mozilla/5.0 (iPad; CPU OS 8_2 like Mac OS X) AppleWebKit/600.1.4 (KHTML, like Gecko) Version/8.0 Mobile/12D508 Safari/600.1.4"
170.75.162.130 - - [12/Nov/2015:20:27:10 -0800] "GET /lib/reccapi.php?resort=snowmass HTTP/1.1" 200 965 "-" "node-superagent/0.18.2"
170.75.162.130 - - [12/Nov/2015:20:29:10 -0800] "GET /lib/reccapi.php?resort=sunpeaksresort HTTP/1.1" 200 918 "-" "node-superagent/0.18.2"
24.17.248.157 - - [12/Nov/2015:20:29:56 -0800] "GET /lib/reccapi.php?resort=mountbaker&date=2015-11-12 HTTP/1.1" 200 1085 "http://whereshouldiski.com/" "Mozilla/5.0 (iPad; CPU OS 8_2 like Mac OS X) AppleWebKit/600.1.4 (KHTML, like Gecko) Version/8.0 Mobile/12D508 Safari/600.1.4"
24.17.248.157 - - [12/Nov/2015:20:29:56 -0800] "GET /lib/reccapi.php?fields=t&coords=47.08195279211373,-122.59987582937676&date=2015-11-12&coords=48.86%2C-121.68&size=7&sort=distance HTTP/1.1" 200 1416 "http://whereshouldiski.com/" "Mozilla/5.0 (iPad; CPU OS 8_2 like Mac OS X) AppleWebKit/600.1.4 (KHTML, like Gecko) Version/8.0 Mobile/12D508 Safari/600.1.4"
24.17.248.157 - - [12/Nov/2015:20:29:56 -0800] "GET /lib/resortDataSearchD3.php?size=7&sortDate=T&resort=mountbaker&dateStart=2015-11-10 HTTP/1.1" 200 884 "http://whereshouldiski.com/" "Mozilla/5.0 (iPad; CPU OS 8_2 like Mac OS X) AppleWebKit/600.1.4 (KHTML, like Gecko) Version/8.0 Mobile/12D508 Safari/600.1.4"
24.17.248.157 - - [12/Nov/2015:20:30:50 -0800] "GET /lib/reccapi.php?resort=mountbaker&date=2015-11-15 HTTP/1.1" 200 1061 "http://whereshouldiski.com/" "Mozilla/5.0 (iPad; CPU OS 8_2 like Mac OS X) AppleWebKit/600.1.4 (KHTML, like Gecko) Version/8.0 Mobile/12D508 Safari/600.1.4"
24.17.248.157 - - [12/Nov/2015:20:30:51 -0800] "GET /lib/reccapi.php?fields=t&coords=47.08195279211373,-122.59987582937676&date=2015-11-15&coords=48.86%2C-121.68&size=7&sort=distance HTTP/1.1" 200 1417 "http://whereshouldiski.com/" "Mozilla/5.0 (iPad; CPU OS 8_2 like Mac OS X) AppleWebKit/600.1.4 (KHTML, like Gecko) Version/8.0 Mobile/12D508 Safari/600.1.4"
24.17.248.157 - - [12/Nov/2015:20:30:51 -0800] "GET /lib/resortDataSearchD3.php?size=7&sortDate=T&resort=mountbaker&dateStart=2015-11-13 HTTP/1.1" 200 706 "http://whereshouldiski.com/" "Mozilla/5.0 (iPad; CPU OS 8_2 like Mac OS X) AppleWebKit/600.1.4 (KHTML, like Gecko) Version/8.0 Mobile/12D508 Safari/600.1.4"
170.75.162.130 - - [12/Nov/2015:20:31:10 -0800] "GET /lib/reccapi.php?resort=mountspokane HTTP/1.1" 200 1055 "-" "node-superagent/0.18.2"
24.17.248.157 - - [12/Nov/2015:20:31:23 -0800] "GET /lib/reccapi.php?resort=mountbaker&date=2015-11-12 HTTP/1.1" 200 1085 "http://whereshouldiski.com/" "Mozilla/5.0 (iPad; CPU OS 8_2 like Mac OS X) AppleWebKit/600.1.4 (KHTML, like Gecko) Version/8.0 Mobile/12D508 Safari/600.1.4"
24.17.248.157 - - [12/Nov/2015:20:31:23 -0800] "GET /lib/reccapi.php?fields=t&coords=47.08195279211373,-122.59987582937676&date=2015-11-12&coords=48.86%2C-121.68&size=7&sort=distance HTTP/1.1" 200 1416 "http://whereshouldiski.com/" "Mozilla/5.0 (iPad; CPU OS 8_2 like Mac OS X) AppleWebKit/600.1.4 (KHTML, like Gecko) Version/8.0 Mobile/12D508 Safari/600.1.4"
24.17.248.157 - - [12/Nov/2015:20:31:23 -0800] "GET /lib/resortDataSearchD3.php?size=7&sortDate=T&resort=mountbaker&dateStart=2015-11-10 HTTP/1.1" 200 884 "http://whereshouldiski.com/" "Mozilla/5.0 (iPad; CPU OS 8_2 like Mac OS X) AppleWebKit/600.1.4 (KHTML, like Gecko) Version/8.0 Mobile/12D508 Safari/600.1.4"
123.125.71.14 - - [12/Nov/2015:20:34:45 -0800] "GET / HTTP/1.1" 200 2339 "-" "Mozilla/5.0 (Windows NT 5.1; rv:6.0.2) Gecko/20100101 Firefox/6.0.2"
123.125.71.14 - - [12/Nov/2015:20:34:47 -0800] "GET / HTTP/1.1" 200 6114 "-" "Mozilla/5.0 (Windows NT 5.1; rv:6.0.2) Gecko/20100101 Firefox/6.0.2"
71.9.240.189 - - [12/Nov/2015:20:35:44 -0800] "GET /images/wsis-logo-sm.png HTTP/1.1" 200 6108 "http://www.thebackcountry.net/" "Mozilla/5.0 (Macintosh; Intel Mac OS X 10_6_8) AppleWebKit/534.59.10 (KHTML, like Gecko) Version/5.1.9 Safari/534.59.10"
64.233.172.225 - - [12/Nov/2015:20:37:54 -0800] "GET /images/wsis-logo-sm.png HTTP/1.1" 200 6108 "http://thebackcountry.net/" "Mozilla/5.0 (Windows NT 6.1; WOW64; Trident/7.0; rv:11.0) like Gecko"
170.75.162.130 - - [12/Nov/2015:20:40:31 -0800] "GET /lib/reccapi.php?resort=crystalmountain HTTP/1.1" 200 1046 "-" "node-superagent/0.18.2"
170.75.162.130 - - [12/Nov/2015:20:41:41 -0800] "GET /lib/reccapi.php?resort=stevenspass HTTP/1.1" 200 1029 "-" "node-superagent/0.18.2"
72.35.130.202 - - [12/Nov/2015:20:42:21 -0800] "GET /images/wsis-logo-sm.png HTTP/1.1" 200 6108 "http://www.thebackcountry.net/" "Mozilla/5.0 (Macintosh; Intel Mac OS X 10.9; rv:42.0) Gecko/20100101 Firefox/42.0"
170.75.162.130 - - [12/Nov/2015:20:43:01 -0800] "GET /lib/reccapi.php?resort=madriverglen HTTP/1.1" 200 1047 "-" "node-superagent/0.18.2"
170.75.162.130 - - [12/Nov/2015:20:43:02 -0800] "GET /lib/reccapi.php?resort=smugglersnotch HTTP/1.1" 200 1066 "-" "node-superagent/0.18.2"
170.75.162.130 - - [12/Nov/2015:20:43:02 -0800] "GET /lib/reccapi.php?resort=stowe HTTP/1.1" 200 1027 "-" "node-superagent/0.18.2"
180.76.15.29 - - [12/Nov/2015:20:45:49 -0800] "GET / HTTP/1.1" 200 6114 "-" "Mozilla/5.0 (compatible; Baiduspider/2.0; +http://www.baidu.com/search/spider.html)"
180.76.15.18 - - [12/Nov/2015:20:46:43 -0800] "GET / HTTP/1.1" 200 6114 "-" "Mozilla/5.0 (compatible; Baiduspider/2.0; +http://www.baidu.com/search/spider.html)"
170.75.162.130 - - [12/Nov/2015:20:48:52 -0800] "GET /lib/reccapi.php?resort=arapahoebasin HTTP/1.1" 200 999 "-" "node-superagent/0.18.2"
122.56.199.165 - - [12/Nov/2015:20:49:08 -0800] "GET /images/wsis-logo-sm.png HTTP/1.1" 200 6108 "http://www.thebackcountry.net/" "Mozilla/5.0 (X11; CrOS armv7l 7390.68.0) AppleWebKit/537.36 (KHTML, like Gecko) Chrome/46.0.2490.82 Safari/537.36"
66.249.69.112 - - [12/Nov/2015:20:49:16 -0800] "GET /resorts?resort=arapahoebasin HTTP/1.1" 404 506 "-" "Mozilla/5.0 (compatible; Googlebot/2.1; +http://www.google.com/bot.html)"
122.56.199.165 - - [12/Nov/2015:20:49:29 -0800] "-" 408 0 "-" "-"
50.143.227.8 - - [12/Nov/2015:20:53:44 -0800] "GET /images/wsis-logo-sm.png HTTP/1.1" 200 6108 "http://www.thebackcountry.net/" "Mozilla/5.0 (Macintosh; Intel Mac OS X 10_7_5) AppleWebKit/537.78.2 (KHTML, like Gecko) Version/6.1.6 Safari/537.78.2"
98.244.12.161 - - [12/Nov/2015:20:56:31 -0800] "GET /images/wsis-logo-sm.png HTTP/1.1" 200 6108 "http://www.thebackcountry.net/" "Mozilla/5.0 (iPhone; CPU iPhone OS 7_1_2 like Mac OS X) AppleWebKit/537.51.2 (KHTML, like Gecko) Version/7.0 Mobile/11D257 Safari/9537.53"
170.75.162.130 - - [12/Nov/2015:20:57:23 -0800] "GET /lib/reccapi.php?resort=sierra-at-tahoe HTTP/1.1" 200 982 "-" "node-superagent/0.18.2"
24.23.147.97 - - [12/Nov/2015:21:14:53 -0800] "GET /images/wsis-logo-sm.png HTTP/1.1" 200 6108 "http://www.thebackcountry.net/" "Mozilla/5.0 (compatible; MSIE 10.0; Windows NT 6.1; WOW64; Trident/6.0)"
170.75.162.130 - - [12/Nov/2015:21:30:27 -0800] "GET /lib/reccapi.php?resort=angelfire HTTP/1.1" 200 993 "-" "node-superagent/0.18.2"
170.75.162.130 - - [12/Nov/2015:21:30:27 -0800] "GET /lib/reccapi.php?resort=taos HTTP/1.1" 200 936 "-" "node-superagent/0.18.2"
73.202.154.208 - - [12/Nov/2015:21:41:44 -0800] "GET /images/wsis-logo-sm.png HTTP/1.1" 200 6108 "http://www.thebackcountry.net/" "Mozilla/5.0 (Windows NT 10.0; WOW64) AppleWebKit/537.36 (KHTML, like Gecko) Chrome/46.0.2490.86 Safari/537.36"
123.125.71.18 - - [12/Nov/2015:21:42:22 -0800] "GET / HTTP/1.1" 200 2339 "-" "Mozilla/5.0 (Windows NT 5.1; rv:6.0.2) Gecko/20100101 Firefox/6.0.2"
123.125.71.53 - - [12/Nov/2015:21:42:23 -0800] "GET / HTTP/1.1" 200 6114 "-" "Mozilla/5.0 (Windows NT 5.1; rv:6.0.2) Gecko/20100101 Firefox/6.0.2"
170.75.162.130 - - [12/Nov/2015:21:46:39 -0800] "GET /lib/reccapi.php?resort=alta HTTP/1.1" 200 972 "-" "node-superagent/0.18.2"
220.181.108.113 - - [12/Nov/2015:21:49:38 -0800] "GET / HTTP/1.1" 200 2339 "-" "Mozilla/5.0 (Windows NT 5.1; rv:6.0.2) Gecko/20100101 Firefox/6.0.2"
220.181.108.108 - - [12/Nov/2015:21:49:39 -0800] "GET / HTTP/1.1" 200 6114 "-" "Mozilla/5.0 (Windows NT 5.1; rv:6.0.2) Gecko/20100101 Firefox/6.0.2"
170.75.162.130 - - [12/Nov/2015:22:12:02 -0800] "GET /lib/reccapi.php?resort=solitude HTTP/1.1" 200 995 "-" "node-superagent/0.18.2"
170.75.162.130 - - [12/Nov/2015:22:14:43 -0800] "GET /lib/reccapi.php?resort=sundayriver HTTP/1.1" 200 1024 "-" "node-superagent/0.18.2"
213.225.85.162 - - [12/Nov/2015:22:19:41 -0800] "GET /images/wsis-logo-sm.png HTTP/1.1" 200 6108 "http://www.thebackcountry.net/" "Mozilla/5.0 (Windows NT 6.1; WOW64; Trident/7.0; rv:11.0) like Gecko"
71.11.184.44 - - [12/Nov/2015:22:20:24 -0800] "GET /images/wsis-logo-sm.png HTTP/1.1" 200 6108 "http://www.thebackcountry.net/" "Mozilla/5.0 (Macintosh; Intel Mac OS X 10_11_1) AppleWebKit/601.2.7 (KHTML, like Gecko) Version/9.0.1 Safari/601.2.7"
24.176.181.15 - - [12/Nov/2015:22:26:19 -0800] "GET /images/wsis-logo-sm.png HTTP/1.1" 200 6108 "http://thebackcountry.net/" "Mozilla/5.0 (Macintosh; Intel Mac OS X 10_11_1) AppleWebKit/601.2.7 (KHTML, like Gecko) Version/9.0.1 Safari/601.2.7"
66.249.75.192 - - [12/Nov/2015:22:31:11 -0800] "GET /robots.txt HTTP/1.1" 200 419 "-" "Mozilla/5.0 (compatible; Googlebot/2.1; +http://www.google.com/bot.html)"
66.249.75.192 - - [12/Nov/2015:22:31:11 -0800] "GET / HTTP/1.1" 200 2375 "-" "Mozilla/5.0 (iPhone; CPU iPhone OS 8_3 like Mac OS X) AppleWebKit/600.1.4 (KHTML, like Gecko) Version/8.0 Mobile/12F70 Safari/600.1.4 (compatible; Googlebot/2.1; +http://www.google.com/bot.html)"
170.75.162.130 - - [12/Nov/2015:22:34:15 -0800] "GET /lib/reccapi.php?resort=keystone HTTP/1.1" 200 985 "-" "node-superagent/0.18.2"
123.125.71.38 - - [12/Nov/2015:22:35:23 -0800] "GET / HTTP/1.1" 200 2339 "-" "Mozilla/5.0 (Windows NT 5.1; rv:6.0.2) Gecko/20100101 Firefox/6.0.2"
123.125.71.17 - - [12/Nov/2015:22:35:23 -0800] "GET / HTTP/1.1" 200 6114 "-" "Mozilla/5.0 (Windows NT 5.1; rv:6.0.2) Gecko/20100101 Firefox/6.0.2"
66.249.69.104 - - [12/Nov/2015:22:39:42 -0800] "GET /resorts?resort=keystone HTTP/1.1" 404 506 "-" "Mozilla/5.0 (compatible; Googlebot/2.1; +http://www.google.com/bot.html)"
170.75.162.130 - - [12/Nov/2015:22:42:46 -0800] "GET /lib/reccapi.php?resort=mammothmountain HTTP/1.1" 200 982 "-" "node-superagent/0.18.2"
220.181.108.108 - - [12/Nov/2015:22:43:59 -0800] "GET / HTTP/1.1" 200 2339 "-" "Mozilla/5.0 (Windows NT 5.1; rv:6.0.2) Gecko/20100101 Firefox/6.0.2"
220.181.108.110 - - [12/Nov/2015:22:44:01 -0800] "GET / HTTP/1.1" 200 6114 "-" "Mozilla/5.0 (Windows NT 5.1; rv:6.0.2) Gecko/20100101 Firefox/6.0.2"
170.75.162.130 - - [12/Nov/2015:22:44:06 -0800] "GET /lib/reccapi.php?resort=parkcity HTTP/1.1" 200 1018 "-" "node-superagent/0.18.2"
180.76.15.32 - - [12/Nov/2015:22:46:13 -0800] "GET / HTTP/1.1" 200 6114 "-" "Mozilla/5.0 (compatible; Baiduspider/2.0; +http://www.baidu.com/search/spider.html)"
180.76.15.5 - - [12/Nov/2015:22:46:44 -0800] "GET / HTTP/1.1" 200 6114 "-" "Mozilla/5.0 (compatible; Baiduspider/2.0; +http://www.baidu.com/search/spider.html)"
174.24.234.242 - - [12/Nov/2015:22:52:18 -0800] "GET /images/wsis-logo-sm.png HTTP/1.1" 200 6108 "http://thebackcountry.net/" "Mozilla/5.0 (Windows NT 6.1; WOW64) AppleWebKit/537.36 (KHTML, like Gecko) Chrome/46.0.2490.86 Safari/537.36"
157.55.39.248 - - [12/Nov/2015:22:55:15 -0800] "GET /robots.txt HTTP/1.1" 200 375 "-" "Mozilla/5.0 (compatible; bingbot/2.0; +http://www.bing.com/bingbot.htm)"
157.55.39.248 - - [12/Nov/2015:22:55:22 -0800] "GET / HTTP/1.1" 200 2376 "-" "Mozilla/5.0 (compatible; bingbot/2.0; +http://www.bing.com/bingbot.htm)"
170.75.162.130 - - [12/Nov/2015:23:08:19 -0800] "GET /lib/reccapi.php?resort=49degreesnorth HTTP/1.1" 200 1064 "-" "node-superagent/0.18.2"
170.75.162.130 - - [12/Nov/2015:23:08:19 -0800] "GET /lib/reccapi.php?resort=aspenmountain HTTP/1.1" 200 986 "-" "node-superagent/0.18.2"
170.75.162.130 - - [12/Nov/2015:23:08:19 -0800] "GET /lib/reccapi.php?resort=bigwhite HTTP/1.1" 200 922 "-" "node-superagent/0.18.2"
170.75.162.130 - - [12/Nov/2015:23:08:19 -0800] "GET /lib/reccapi.php?resort=brianhead HTTP/1.1" 200 997 "-" "node-superagent/0.18.2"
66.249.69.96 - - [12/Nov/2015:23:09:29 -0800] "GET /resorts?resort=bigwhite HTTP/1.1" 404 506 "-" "Mozilla/5.0 (compatible; Googlebot/2.1; +http://www.google.com/bot.html)"
170.75.162.130 - - [12/Nov/2015:23:19:31 -0800] "GET /lib/reccapi.php?resort=schweitzer HTTP/1.1" 200 1032 "-" "node-superagent/0.18.2"
170.75.162.130 - - [12/Nov/2015:23:30:22 -0800] "GET /lib/reccapi.php?resort=buttermilk HTTP/1.1" 200 971 "-" "node-superagent/0.18.2"
123.125.71.34 - - [12/Nov/2015:23:35:37 -0800] "GET / HTTP/1.1" 200 2339 "-" "Mozilla/5.0 (Windows NT 5.1; rv:6.0.2) Gecko/20100101 Firefox/6.0.2"
123.125.71.39 - - [12/Nov/2015:23:35:38 -0800] "GET / HTTP/1.1" 200 6114 "-" "Mozilla/5.0 (Windows NT 5.1; rv:6.0.2) Gecko/20100101 Firefox/6.0.2"
207.46.13.10 - - [12/Nov/2015:23:35:50 -0800] "GET /robots.txt HTTP/1.1" 200 375 "-" "Mozilla/5.0 (compatible; bingbot/2.0; +http://www.bing.com/bingbot.htm)"
207.46.13.10 - - [12/Nov/2015:23:36:49 -0800] "GET /resorts?resort=portillo&date=2014-08-19 HTTP/1.1" 404 509 "-" "Mozilla/5.0 (compatible; bingbot/2.0; +http://www.bing.com/bingbot.htm)"
220.181.108.114 - - [12/Nov/2015:23:44:13 -0800] "GET / HTTP/1.1" 200 2339 "-" "Mozilla/5.0 (Windows NT 5.1; rv:6.0.2) Gecko/20100101 Firefox/6.0.2"
220.181.108.85 - - [12/Nov/2015:23:44:14 -0800] "GET / HTTP/1.1" 200 6114 "-" "Mozilla/5.0 (Windows NT 5.1; rv:6.0.2) Gecko/20100101 Firefox/6.0.2"
180.76.15.137 - - [12/Nov/2015:23:54:52 -0800] "GET / HTTP/1.1" 200 6114 "-" "Mozilla/5.0 (compatible; Baiduspider/2.0; +http://www.baidu.com/search/spider.html)"
170.75.162.130 - - [12/Nov/2015:23:55:05 -0800] "GET /lib/reccapi.php?resort=bigsky HTTP/1.1" 200 1003 "-" "node-superagent/0.18.2"
170.75.162.130 - - [12/Nov/2015:23:55:25 -0800] "GET /lib/reccapi.php?resort=jacksonhole HTTP/1.1" 200 1034 "-" "node-superagent/0.18.2"
180.76.15.6 - - [12/Nov/2015:23:56:02 -0800] "GET / HTTP/1.1" 200 6114 "-" "Mozilla/5.0 (compatible; Baiduspider/2.0; +http://www.baidu.com/search/spider.html)"
75.5.250.236 - - [12/Nov/2015:23:56:08 -0800] "-" 408 0 "-" "-"
75.5.250.236 - - [12/Nov/2015:23:56:08 -0800] "-" 408 0 "-" "-"
75.5.250.236 - - [13/Nov/2015:00:08:57 -0800] "-" 408 0 "-" "-"
75.5.250.236 - - [13/Nov/2015:00:08:57 -0800] "-" 408 0 "-" "-"
213.225.85.162 - - [13/Nov/2015:00:09:04 -0800] "GET /images/wsis-logo-sm.png HTTP/1.1" 200 6108 "http://www.thebackcountry.net/" "Mozilla/5.0 (Windows NT 6.1; WOW64; Trident/7.0; rv:11.0) like Gecko"
66.249.69.96 - - [13/Nov/2015:00:24:15 -0800] "GET /resorts?resort=stevenspass HTTP/1.1" 404 506 "-" "Mozilla/5.0 (compatible; Googlebot/2.1; +http://www.google.com/bot.html)"
170.75.162.130 - - [13/Nov/2015:00:25:49 -0800] "GET /lib/reccapi.php?resort=silverstarmountain HTTP/1.1" 200 935 "-" "node-superagent/0.18.2"
170.75.162.130 - - [13/Nov/2015:00:31:30 -0800] "GET /lib/reccapi.php?resort=redlodge HTTP/1.1" 200 1011 "-" "node-superagent/0.18.2"
66.249.69.112 - - [13/Nov/2015:00:31:36 -0800] "GET /resorts?resort=brianhead HTTP/1.1" 404 506 "-" "Mozilla/5.0 (compatible; Googlebot/2.1; +http://www.google.com/bot.html)"
170.75.162.130 - - [13/Nov/2015:00:32:40 -0800] "GET /lib/reccapi.php?resort=grandtarghee HTTP/1.1" 200 1014 "-" "node-superagent/0.18.2"
123.125.71.109 - - [13/Nov/2015:00:34:51 -0800] "GET / HTTP/1.1" 200 2339 "-" "Mozilla/5.0 (Windows NT 5.1; rv:6.0.2) Gecko/20100101 Firefox/6.0.2"
123.125.71.84 - - [13/Nov/2015:00:34:51 -0800] "GET / HTTP/1.1" 200 6114 "-" "Mozilla/5.0 (Windows NT 5.1; rv:6.0.2) Gecko/20100101 Firefox/6.0.2"
170.75.162.130 - - [13/Nov/2015:00:35:30 -0800] "GET /lib/reccapi.php?resort=aspenheights HTTP/1.1" 200 986 "-" "node-superagent/0.18.2"
170.75.162.130 - - [13/Nov/2015:00:35:30 -0800] "GET /lib/reccapi.php?resort=coppermountain HTTP/1.1" 200 986 "-" "node-superagent/0.18.2"
170.75.162.130 - - [13/Nov/2015:00:35:30 -0800] "GET /lib/reccapi.php?resort=crestedbutte HTTP/1.1" 200 989 "-" "node-superagent/0.18.2"
170.75.162.130 - - [13/Nov/2015:00:35:31 -0800] "GET /lib/reccapi.php?resort=monarch HTTP/1.1" 200 950 "-" "node-superagent/0.18.2"
170.75.162.130 - - [13/Nov/2015:00:35:31 -0800] "GET /lib/reccapi.php?resort=loveland HTTP/1.1" 200 992 "-" "node-superagent/0.18.2"
170.75.162.130 - - [13/Nov/2015:00:35:31 -0800] "GET /lib/reccapi.php?resort=snowmass HTTP/1.1" 200 968 "-" "node-superagent/0.18.2"
170.75.162.130 - - [13/Nov/2015:00:35:31 -0800] "GET /lib/reccapi.php?resort=steamboat HTTP/1.1" 200 973 "-" "node-superagent/0.18.2"
170.75.162.130 - - [13/Nov/2015:00:35:31 -0800] "GET /lib/reccapi.php?resort=telluride HTTP/1.1" 200 976 "-" "node-superagent/0.18.2"
170.75.162.130 - - [13/Nov/2015:00:35:31 -0800] "GET /lib/reccapi.php?resort=winterpark HTTP/1.1" 200 991 "-" "node-superagent/0.18.2"
170.75.162.130 - - [13/Nov/2015:00:38:51 -0800] "GET /lib/reccapi.php?resort=whitefacemountain HTTP/1.1" 200 1065 "-" "node-superagent/0.18.2"
170.75.162.130 - - [13/Nov/2015:00:41:51 -0800] "GET /lib/reccapi.php?resort=mtrose HTTP/1.1" 200 957 "-" "node-superagent/0.18.2"
220.181.108.97 - - [13/Nov/2015:00:43:45 -0800] "GET / HTTP/1.1" 200 2339 "-" "Mozilla/5.0 (Windows NT 5.1; rv:6.0.2) Gecko/20100101 Firefox/6.0.2"
220.181.108.76 - - [13/Nov/2015:00:43:46 -0800] "GET / HTTP/1.1" 200 6114 "-" "Mozilla/5.0 (Windows NT 5.1; rv:6.0.2) Gecko/20100101 Firefox/6.0.2"
180.76.15.14 - - [13/Nov/2015:00:44:32 -0800] "GET / HTTP/1.1" 200 6114 "-" "Mozilla/5.0 (compatible; Baiduspider/2.0; +http://www.baidu.com/search/spider.html)"
180.76.15.153 - - [13/Nov/2015:00:45:17 -0800] "GET / HTTP/1.1" 200 6114 "-" "Mozilla/5.0 (compatible; Baiduspider/2.0; +http://www.baidu.com/search/spider.html)"
66.249.69.112 - - [13/Nov/2015:00:49:52 -0800] "GET /resorts?resort=telluride HTTP/1.1" 404 506 "-" "Mozilla/5.0 (compatible; Googlebot/2.1; +http://www.google.com/bot.html)"
170.75.162.130 - - [13/Nov/2015:00:50:42 -0800] "GET /lib/reccapi.php?resort=homewoodmountain HTTP/1.1" 200 994 "-" "node-superagent/0.18.2"
66.249.69.96 - - [13/Nov/2015:00:54:21 -0800] "GET /resorts?resort=homewoodmountain HTTP/1.1" 404 506 "-" "Mozilla/5.0 (compatible; Googlebot/2.1; +http://www.google.com/bot.html)"
170.75.162.130 - - [13/Nov/2015:00:59:23 -0800] "GET /lib/reccapi.php?resort=mounthoodmeadows HTTP/1.1" 200 1123 "-" "node-superagent/0.18.2"
170.75.162.130 - - [13/Nov/2015:01:00:13 -0800] "GET /lib/reccapi.php?resort=sunvalley HTTP/1.1" 200 999 "-" "node-superagent/0.18.2"
170.75.162.130 - - [13/Nov/2015:01:00:13 -0800] "GET /lib/reccapi.php?resort=devilshead HTTP/1.1" 200 1014 "-" "node-superagent/0.18.2"
170.75.162.130 - - [13/Nov/2015:01:01:53 -0800] "GET /lib/reccapi.php?resort=cannonmountain HTTP/1.1" 200 1050 "-" "node-superagent/0.18.2"
170.75.162.130 - - [13/Nov/2015:01:01:54 -0800] "GET /lib/reccapi.php?resort=wildcatmountain HTTP/1.1" 200 1053 "-" "node-superagent/0.18.2"
170.75.162.130 - - [13/Nov/2015:01:02:13 -0800] "GET /lib/reccapi.php?resort=northstar-at-tahoe HTTP/1.1" 200 973 "-" "node-superagent/0.18.2"
170.75.162.130 - - [13/Nov/2015:01:03:14 -0800] "GET /lib/reccapi.php?resort=crystalmountain HTTP/1.1" 200 1032 "-" "node-superagent/0.18.2"
66.249.69.104 - - [13/Nov/2015:01:04:23 -0800] "GET /resorts?resort=crystalmountain HTTP/1.1" 404 506 "-" "Mozilla/5.0 (compatible; Googlebot/2.1; +http://www.google.com/bot.html)"
162.210.196.130 - - [13/Nov/2015:01:08:44 -0800] "GET /robots.txt HTTP/1.0" 200 338 "-" "Mozilla/5.0 (compatible; MJ12bot/v1.4.5; http://www.majestic12.co.uk/bot.php?+)"
162.210.196.130 - - [13/Nov/2015:01:08:45 -0800] "GET / HTTP/1.0" 200 6114 "-" "Mozilla/5.0 (compatible; MJ12bot/v1.4.5; http://www.majestic12.co.uk/bot.php?+)"
170.75.162.130 - - [13/Nov/2015:01:09:25 -0800] "GET /lib/reccapi.php?resort=alyeska HTTP/1.1" 200 945 "-" "node-superagent/0.18.2"
170.75.162.130 - - [13/Nov/2015:01:12:05 -0800] "GET /lib/reccapi.php?resort=canyons HTTP/1.1" 200 964 "-" "node-superagent/0.18.2"
94.22.123.234 - - [13/Nov/2015:01:13:12 -0800] "GET /robots.txt HTTP/1.0" 200 338 "-" "Mozilla/5.0 (compatible; MJ12bot/v1.4.5; http://www.majestic12.co.uk/bot.php?+)"
94.22.123.234 - - [13/Nov/2015:01:13:13 -0800] "GET /about HTTP/1.0" 404 495 "-" "Mozilla/5.0 (compatible; MJ12bot/v1.4.5; http://www.majestic12.co.uk/bot.php?+)"
94.22.123.234 - - [13/Nov/2015:01:13:15 -0800] "GET /resorts?resort=mountainhigh HTTP/1.0" 404 469 "-" "Mozilla/5.0 (compatible; MJ12bot/v1.4.5; http://www.majestic12.co.uk/bot.php?+)"
94.22.123.234 - - [13/Nov/2015:01:13:17 -0800] "GET /resorts?resort=mountbachelor HTTP/1.0" 404 469 "-" "Mozilla/5.0 (compatible; MJ12bot/v1.4.5; http://www.majestic12.co.uk/bot.php?+)"
94.22.123.234 - - [13/Nov/2015:01:13:19 -0800] "GET /resorts?resort=winterpark HTTP/1.0" 404 469 "-" "Mozilla/5.0 (compatible; MJ12bot/v1.4.5; http://www.majestic12.co.uk/bot.php?+)"
94.22.123.234 - - [13/Nov/2015:01:13:20 -0800] "GET /robots.txt HTTP/1.0" 200 338 "-" "Mozilla/5.0 (compatible; MJ12bot/v1.4.5; http://www.majestic12.co.uk/bot.php?+)"
94.22.123.234 - - [13/Nov/2015:01:13:21 -0800] "GET /about HTTP/1.0" 404 499 "-" "Mozilla/5.0 (compatible; MJ12bot/v1.4.5; http://www.majestic12.co.uk/bot.php?+)"
195.154.187.85 - - [13/Nov/2015:01:23:10 -0800] "GET /wp-login.php HTTP/1.1" 404 532 "-" "Mozilla/5.0 (compatible; MSIE 9.0; Windows NT 6.1; Trident/5.0)"
66.249.69.112 - - [13/Nov/2015:01:29:30 -0800] "GET /resorts?resort=angelfire HTTP/1.1" 404 506 "-" "Mozilla/5.0 (compatible; Googlebot/2.1; +http://www.google.com/bot.html)"
123.125.71.39 - - [13/Nov/2015:01:35:32 -0800] "GET / HTTP/1.1" 200 2339 "-" "Mozilla/5.0 (Windows NT 5.1; rv:6.0.2) Gecko/20100101 Firefox/6.0.2"
123.125.71.55 - - [13/Nov/2015:01:35:33 -0800] "GET / HTTP/1.1" 200 6114 "-" "Mozilla/5.0 (Windows NT 5.1; rv:6.0.2) Gecko/20100101 Firefox/6.0.2"
213.225.85.162 - - [13/Nov/2015:01:41:03 -0800] "-" 408 0 "-" "-"
213.225.85.162 - - [13/Nov/2015:01:41:22 -0800] "GET /images/wsis-logo-sm.png HTTP/1.1" 200 6108 "http://www.thebackcountry.net/" "Mozilla/5.0 (Windows NT 6.1; WOW64; Trident/7.0; rv:11.0) like Gecko"
180.76.15.9 - - [13/Nov/2015:01:42:04 -0800] "GET / HTTP/1.1" 200 6114 "-" "Mozilla/5.0 (compatible; Baiduspider/2.0; +http://www.baidu.com/search/spider.html)"
180.76.15.13 - - [13/Nov/2015:01:42:47 -0800] "GET / HTTP/1.1" 200 6114 "-" "Mozilla/5.0 (compatible; Baiduspider/2.0; +http://www.baidu.com/search/spider.html)"
220.181.108.106 - - [13/Nov/2015:01:43:15 -0800] "GET / HTTP/1.1" 200 2339 "-" "Mozilla/5.0 (Windows NT 5.1; rv:6.0.2) Gecko/20100101 Firefox/6.0.2"
220.181.108.75 - - [13/Nov/2015:01:43:17 -0800] "GET / HTTP/1.1" 200 6114 "-" "Mozilla/5.0 (Windows NT 5.1; rv:6.0.2) Gecko/20100101 Firefox/6.0.2"
222.186.21.90 - - [13/Nov/2015:01:45:34 -0800] "GET /manager/html HTTP/1.1" 404 464 "-" "Mozilla/4.0 (compatible; MSIE 8.0; Windows NT 5.1; Trident/4.0; .NET CLR 1.1.4322; .NET CLR 2.0.50727; .NET4.0C; .NET4.0E; .NET CLR 3.0.4506.2152; .NET CLR 3.5.30729)"
222.186.21.90 - - [13/Nov/2015:01:45:40 -0800] "GET /manager/html HTTP/1.1" 404 464 "-" "Mozilla/4.0 (compatible; MSIE 8.0; Windows NT 5.1; Trident/4.0; .NET CLR 1.1.4322; .NET CLR 2.0.50727; .NET4.0C; .NET4.0E; .NET CLR 3.0.4506.2152; .NET CLR 3.5.30729)"
222.186.21.90 - - [13/Nov/2015:01:45:45 -0800] "GET /manager/html HTTP/1.1" 404 464 "-" "Mozilla/4.0 (compatible; MSIE 8.0; Windows NT 5.1; Trident/4.0; .NET CLR 1.1.4322; .NET CLR 2.0.50727; .NET4.0C; .NET4.0E; .NET CLR 3.0.4506.2152; .NET CLR 3.5.30729)"
222.186.21.90 - - [13/Nov/2015:01:45:51 -0800] "GET /manager/html HTTP/1.1" 404 464 "-" "Mozilla/4.0 (compatible; MSIE 8.0; Windows NT 5.1; Trident/4.0; .NET CLR 1.1.4322; .NET CLR 2.0.50727; .NET4.0C; .NET4.0E; .NET CLR 3.0.4506.2152; .NET CLR 3.5.30729)"
222.186.21.90 - - [13/Nov/2015:01:45:59 -0800] "GET /manager/html HTTP/1.1" 404 464 "-" "Mozilla/4.0 (compatible; MSIE 8.0; Windows NT 5.1; Trident/4.0; .NET CLR 1.1.4322; .NET CLR 2.0.50727; .NET4.0C; .NET4.0E; .NET CLR 3.0.4506.2152; .NET CLR 3.5.30729)"
222.186.21.90 - - [13/Nov/2015:01:46:04 -0800] "GET /manager/html HTTP/1.1" 404 464 "-" "Mozilla/4.0 (compatible; MSIE 8.0; Windows NT 5.1; Trident/4.0; .NET CLR 1.1.4322; .NET CLR 2.0.50727; .NET4.0C; .NET4.0E; .NET CLR 3.0.4506.2152; .NET CLR 3.5.30729)"
222.186.21.90 - - [13/Nov/2015:01:46:10 -0800] "GET /manager/html HTTP/1.1" 404 464 "-" "Mozilla/4.0 (compatible; MSIE 8.0; Windows NT 5.1; Trident/4.0; .NET CLR 1.1.4322; .NET CLR 2.0.50727; .NET4.0C; .NET4.0E; .NET CLR 3.0.4506.2152; .NET CLR 3.5.30729)"
222.186.21.90 - - [13/Nov/2015:01:46:19 -0800] "GET /manager/html HTTP/1.1" 404 464 "-" "Mozilla/4.0 (compatible; MSIE 8.0; Windows NT 5.1; Trident/4.0; .NET CLR 1.1.4322; .NET CLR 2.0.50727; .NET4.0C; .NET4.0E; .NET CLR 3.0.4506.2152; .NET CLR 3.5.30729)"
222.186.21.90 - - [13/Nov/2015:01:46:25 -0800] "GET /manager/html HTTP/1.1" 404 464 "-" "Mozilla/4.0 (compatible; MSIE 8.0; Windows NT 5.1; Trident/4.0; .NET CLR 1.1.4322; .NET CLR 2.0.50727; .NET4.0C; .NET4.0E; .NET CLR 3.0.4506.2152; .NET CLR 3.5.30729)"
222.186.21.90 - - [13/Nov/2015:01:46:30 -0800] "GET /manager/html HTTP/1.1" 404 464 "-" "Mozilla/4.0 (compatible; MSIE 8.0; Windows NT 5.1; Trident/4.0; .NET CLR 1.1.4322; .NET CLR 2.0.50727; .NET4.0C; .NET4.0E; .NET CLR 3.0.4506.2152; .NET CLR 3.5.30729)"
222.186.21.90 - - [13/Nov/2015:01:46:36 -0800] "GET /manager/html HTTP/1.1" 404 464 "-" "Mozilla/4.0 (compatible; MSIE 8.0; Windows NT 5.1; Trident/4.0; .NET CLR 1.1.4322; .NET CLR 2.0.50727; .NET4.0C; .NET4.0E; .NET CLR 3.0.4506.2152; .NET CLR 3.5.30729)"
222.186.21.90 - - [13/Nov/2015:01:46:42 -0800] "GET /manager/html HTTP/1.1" 404 464 "-" "Mozilla/4.0 (compatible; MSIE 8.0; Windows NT 5.1; Trident/4.0; .NET CLR 1.1.4322; .NET CLR 2.0.50727; .NET4.0C; .NET4.0E; .NET CLR 3.0.4506.2152; .NET CLR 3.5.30729)"
222.186.21.90 - - [13/Nov/2015:01:46:48 -0800] "GET /manager/html HTTP/1.1" 404 464 "-" "Mozilla/4.0 (compatible; MSIE 8.0; Windows NT 5.1; Trident/4.0; .NET CLR 1.1.4322; .NET CLR 2.0.50727; .NET4.0C; .NET4.0E; .NET CLR 3.0.4506.2152; .NET CLR 3.5.30729)"
222.186.21.90 - - [13/Nov/2015:01:46:54 -0800] "GET /manager/html HTTP/1.1" 404 464 "-" "Mozilla/4.0 (compatible; MSIE 8.0; Windows NT 5.1; Trident/4.0; .NET CLR 1.1.4322; .NET CLR 2.0.50727; .NET4.0C; .NET4.0E; .NET CLR 3.0.4506.2152; .NET CLR 3.5.30729)"
222.186.21.90 - - [13/Nov/2015:01:46:59 -0800] "GET /manager/html HTTP/1.1" 404 464 "-" "Mozilla/4.0 (compatible; MSIE 8.0; Windows NT 5.1; Trident/4.0; .NET CLR 1.1.4322; .NET CLR 2.0.50727; .NET4.0C; .NET4.0E; .NET CLR 3.0.4506.2152; .NET CLR 3.5.30729)"
222.186.21.90 - - [13/Nov/2015:01:47:05 -0800] "GET /manager/html HTTP/1.1" 404 464 "-" "Mozilla/4.0 (compatible; MSIE 8.0; Windows NT 5.1; Trident/4.0; .NET CLR 1.1.4322; .NET CLR 2.0.50727; .NET4.0C; .NET4.0E; .NET CLR 3.0.4506.2152; .NET CLR 3.5.30729)"
222.186.21.90 - - [13/Nov/2015:01:47:11 -0800] "GET /manager/html HTTP/1.1" 404 464 "-" "Mozilla/4.0 (compatible; MSIE 8.0; Windows NT 5.1; Trident/4.0; .NET CLR 1.1.4322; .NET CLR 2.0.50727; .NET4.0C; .NET4.0E; .NET CLR 3.0.4506.2152; .NET CLR 3.5.30729)"
222.186.21.90 - - [13/Nov/2015:01:47:17 -0800] "GET /manager/html HTTP/1.1" 404 464 "-" "Mozilla/4.0 (compatible; MSIE 8.0; Windows NT 5.1; Trident/4.0; .NET CLR 1.1.4322; .NET CLR 2.0.50727; .NET4.0C; .NET4.0E; .NET CLR 3.0.4506.2152; .NET CLR 3.5.30729)"
222.186.21.90 - - [13/Nov/2015:01:47:23 -0800] "GET /manager/html HTTP/1.1" 404 464 "-" "Mozilla/4.0 (compatible; MSIE 8.0; Windows NT 5.1; Trident/4.0; .NET CLR 1.1.4322; .NET CLR 2.0.50727; .NET4.0C; .NET4.0E; .NET CLR 3.0.4506.2152; .NET CLR 3.5.30729)"
222.186.21.90 - - [13/Nov/2015:01:47:30 -0800] "GET /manager/html HTTP/1.1" 404 464 "-" "Mozilla/4.0 (compatible; MSIE 8.0; Windows NT 5.1; Trident/4.0; .NET CLR 1.1.4322; .NET CLR 2.0.50727; .NET4.0C; .NET4.0E; .NET CLR 3.0.4506.2152; .NET CLR 3.5.30729)"
222.186.21.90 - - [13/Nov/2015:01:47:36 -0800] "GET /manager/html HTTP/1.1" 404 464 "-" "Mozilla/4.0 (compatible; MSIE 8.0; Windows NT 5.1; Trident/4.0; .NET CLR 1.1.4322; .NET CLR 2.0.50727; .NET4.0C; .NET4.0E; .NET CLR 3.0.4506.2152; .NET CLR 3.5.30729)"
222.186.21.90 - - [13/Nov/2015:01:47:42 -0800] "GET /manager/html HTTP/1.1" 404 464 "-" "Mozilla/4.0 (compatible; MSIE 8.0; Windows NT 5.1; Trident/4.0; .NET CLR 1.1.4322; .NET CLR 2.0.50727; .NET4.0C; .NET4.0E; .NET CLR 3.0.4506.2152; .NET CLR 3.5.30729)"
222.186.21.90 - - [13/Nov/2015:01:47:48 -0800] "GET /manager/html HTTP/1.1" 404 464 "-" "Mozilla/4.0 (compatible; MSIE 8.0; Windows NT 5.1; Trident/4.0; .NET CLR 1.1.4322; .NET CLR 2.0.50727; .NET4.0C; .NET4.0E; .NET CLR 3.0.4506.2152; .NET CLR 3.5.30729)"
222.186.21.90 - - [13/Nov/2015:01:47:54 -0800] "GET /manager/html HTTP/1.1" 404 464 "-" "Mozilla/4.0 (compatible; MSIE 8.0; Windows NT 5.1; Trident/4.0; .NET CLR 1.1.4322; .NET CLR 2.0.50727; .NET4.0C; .NET4.0E; .NET CLR 3.0.4506.2152; .NET CLR 3.5.30729)"
61.240.144.64 - - [13/Nov/2015:01:50:34 -0800] "GET / HTTP/1.0" 200 3300 "-" "masscan/1.0 (https://github.com/robertdavidgraham/masscan)"
66.249.69.112 - - [13/Nov/2015:02:15:49 -0800] "GET / HTTP/1.1" 200 2376 "-" "Mozilla/5.0 (iPhone; CPU iPhone OS 8_3 like Mac OS X) AppleWebKit/600.1.4 (KHTML, like Gecko) Version/8.0 Mobile/12F70 Safari/600.1.4 (compatible; Googlebot/2.1; +http://www.google.com/bot.html)"
66.249.69.96 - - [13/Nov/2015:02:22:05 -0800] "GET /lib/reccapi.php?fields=t HTTP/1.1" 200 1749 "http://whereshouldiski.com/" "Mozilla/5.0 (compatible; Googlebot/2.1; +http://www.google.com/bot.html)"
170.75.162.130 - - [13/Nov/2015:02:30:16 -0800] "GET /lib/reccapi.php?resort=squawvalleyusa HTTP/1.1" 200 990 "-" "node-superagent/0.18.2"
170.75.162.130 - - [13/Nov/2015:02:30:16 -0800] "GET /lib/reccapi.php?resort=chinapeak HTTP/1.1" 200 990 "-" "node-superagent/0.18.2"
170.75.162.130 - - [13/Nov/2015:02:30:16 -0800] "GET /lib/reccapi.php?resort=alpinemeadows HTTP/1.1" 200 951 "-" "node-superagent/0.18.2"
170.75.162.130 - - [13/Nov/2015:02:30:16 -0800] "GET /lib/reccapi.php?resort=sugarbowl HTTP/1.1" 200 967 "-" "node-superagent/0.18.2"
170.75.162.130 - - [13/Nov/2015:02:30:16 -0800] "GET /lib/reccapi.php?resort=mountainhigh HTTP/1.1" 200 984 "-" "node-superagent/0.18.2"
180.76.15.22 - - [13/Nov/2015:02:45:37 -0800] "GET / HTTP/1.1" 200 6114 "-" "Mozilla/5.0 (compatible; Baiduspider/2.0; +http://www.baidu.com/search/spider.html)"
180.76.15.17 - - [13/Nov/2015:02:46:29 -0800] "GET / HTTP/1.1" 200 6114 "-" "Mozilla/5.0 (compatible; Baiduspider/2.0; +http://www.baidu.com/search/spider.html)"
123.125.71.80 - - [13/Nov/2015:02:50:45 -0800] "-" 408 0 "-" "-"
220.181.108.176 - - [13/Nov/2015:02:54:11 -0800] "GET / HTTP/1.1" 200 2339 "-" "Mozilla/5.0 (Windows NT 5.1; rv:6.0.2) Gecko/20100101 Firefox/6.0.2"
220.181.108.160 - - [13/Nov/2015:02:54:11 -0800] "GET / HTTP/1.1" 200 6114 "-" "Mozilla/5.0 (Windows NT 5.1; rv:6.0.2) Gecko/20100101 Firefox/6.0.2"
170.75.162.130 - - [13/Nov/2015:03:11:51 -0800] "GET /lib/reccapi.php?resort=angelfire HTTP/1.1" 200 1019 "-" "node-superagent/0.18.2"
170.75.162.130 - - [13/Nov/2015:03:11:51 -0800] "GET /lib/reccapi.php?resort=taos HTTP/1.1" 200 964 "-" "node-superagent/0.18.2"
180.153.206.35 - - [13/Nov/2015:03:29:58 -0800] "GET / HTTP/1.1" 200 6114 "-" "Mozilla/5.0 (Linux; U; Android 4.4.2; zh-cn; GT-I9500 Build/KOT49H) AppleWebKit/537.36 (KHTML, like Gecko)Version/4.0 MQQBrowser/5.0 QQ-Manager Mobile Safari/537.36"
170.75.162.130 - - [13/Nov/2015:03:37:14 -0800] "GET /lib/reccapi.php?resort=kirkwood HTTP/1.1" 200 965 "-" "node-superagent/0.18.2"
170.75.162.130 - - [13/Nov/2015:03:37:14 -0800] "GET /lib/reccapi.php?resort=heavenly HTTP/1.1" 200 985 "-" "node-superagent/0.18.2"
123.125.71.87 - - [13/Nov/2015:03:49:29 -0800] "-" 408 0 "-" "-"
71.235.20.81 - - [13/Nov/2015:03:50:38 -0800] "GET /images/wsis-logo-sm.png HTTP/1.1" 200 6108 "http://www.thebackcountry.net/" "Mozilla/5.0 (Windows NT 6.1; WOW64) AppleWebKit/537.36 (KHTML, like Gecko) Chrome/46.0.2490.86 Safari/537.36"
40.77.167.83 - - [13/Nov/2015:03:52:33 -0800] "GET /robots.txt HTTP/1.1" 200 375 "-" "Mozilla/5.0 (compatible; bingbot/2.0; +http://www.bing.com/bingbot.htm)"
40.77.167.83 - - [13/Nov/2015:03:52:38 -0800] "GET /about HTTP/1.1" 404 509 "-" "Mozilla/5.0 (compatible; bingbot/2.0; +http://www.bing.com/bingbot.htm)"
220.181.108.146 - - [13/Nov/2015:03:55:05 -0800] "GET / HTTP/1.1" 200 2339 "-" "Mozilla/5.0 (Windows NT 5.1; rv:6.0.2) Gecko/20100101 Firefox/6.0.2"
220.181.108.156 - - [13/Nov/2015:03:55:09 -0800] "GET / HTTP/1.1" 200 6114 "-" "Mozilla/5.0 (Windows NT 5.1; rv:6.0.2) Gecko/20100101 Firefox/6.0.2"
170.75.162.130 - - [13/Nov/2015:04:01:07 -0800] "GET /lib/reccapi.php?resort=bigwhite HTTP/1.1" 200 922 "-" "node-superagent/0.18.2"
170.75.162.130 - - [13/Nov/2015:04:01:07 -0800] "GET /lib/reccapi.php?resort=redmountain HTTP/1.1" 200 916 "-" "node-superagent/0.18.2"
170.75.162.130 - - [13/Nov/2015:04:01:07 -0800] "GET /lib/reccapi.php?resort=whistlerblackcomb HTTP/1.1" 200 941 "-" "node-superagent/0.18.2"
170.75.162.130 - - [13/Nov/2015:04:01:07 -0800] "GET /lib/reccapi.php?resort=sunpeaksresort HTTP/1.1" 200 921 "-" "node-superagent/0.18.2"
180.76.15.22 - - [13/Nov/2015:04:02:26 -0800] "GET / HTTP/1.1" 200 6114 "-" "Mozilla/5.0 (compatible; Baiduspider/2.0; +http://www.baidu.com/search/spider.html)"
180.76.15.151 - - [13/Nov/2015:04:04:03 -0800] "GET / HTTP/1.1" 200 6114 "-" "Mozilla/5.0 (compatible; Baiduspider/2.0; +http://www.baidu.com/search/spider.html)"
