66.249.79.234 - - [15/Feb/2016:07:57:29 -0800] "GET /lib/reccapi.php?fields=t&date=2016-02-13&coords=46.8183%2C-89.6504&size=7&sort=distance HTTP/1.1" 200 1360 "http://whereshouldiski.com/" "Mozilla/5.0 (compatible; Googlebot/2.1; +http://www.google.com/bot.html)"
51.255.51.26 - - [15/Feb/2016:07:57:53 -0800] "GET /robots.txt HTTP/1.0" 200 338 "-" "Mozilla/5.0 (compatible; MJ12bot/v1.4.5; http://www.majestic12.co.uk/bot.php?+)"
51.255.51.26 - - [15/Feb/2016:07:57:56 -0800] "GET /robots.txt HTTP/1.0" 200 338 "-" "Mozilla/5.0 (compatible; MJ12bot/v1.4.5; http://www.majestic12.co.uk/bot.php?+)"
51.255.51.26 - - [15/Feb/2016:07:57:58 -0800] "GET /robots.txt HTTP/1.0" 200 338 "-" "Mozilla/5.0 (compatible; MJ12bot/v1.4.5; http://www.majestic12.co.uk/bot.php?+)"
51.255.51.26 - - [15/Feb/2016:07:58:00 -0800] "GET /robots.txt HTTP/1.0" 200 338 "-" "Mozilla/5.0 (compatible; MJ12bot/v1.4.5; http://www.majestic12.co.uk/bot.php?+)"
52.33.40.213 - - [15/Feb/2016:07:59:15 -0800] "GET /lib/reccapi.php?resort=squawvalleyusa HTTP/1.1" 200 968 "-" "node-superagent/1.4.0"
71.92.91.137 - - [15/Feb/2016:08:02:10 -0800] "GET /images/wsis-logo-sm.png HTTP/1.1" 200 6108 "http://www.thebackcountry.net/" "Mozilla/5.0 (Macintosh; Intel Mac OS X 10_10_5) AppleWebKit/537.36 (KHTML, like Gecko) Chrome/48.0.2564.109 Safari/537.36"
170.75.162.130 - - [15/Feb/2016:08:02:11 -0800] "GET /lib/reccapi.php?resort=wildcatmountain HTTP/1.1" 200 1020 "-" "node-superagent/1.4.0"
170.75.162.130 - - [15/Feb/2016:08:02:31 -0800] "GET /lib/reccapi.php?resort=49degreesnorth HTTP/1.1" 200 1063 "-" "node-superagent/1.4.0"
170.75.162.130 - - [15/Feb/2016:08:02:31 -0800] "GET /lib/reccapi.php?resort=crystalmountain HTTP/1.1" 200 1058 "-" "node-superagent/1.4.0"
170.75.162.130 - - [15/Feb/2016:08:02:31 -0800] "GET /lib/reccapi.php?resort=mountspokane HTTP/1.1" 200 1070 "-" "node-superagent/1.4.0"
170.75.162.130 - - [15/Feb/2016:08:02:41 -0800] "GET /lib/reccapi.php?resort=alpinemeadows HTTP/1.1" 200 980 "-" "node-superagent/1.4.0"
170.75.162.130 - - [15/Feb/2016:08:03:11 -0800] "GET /lib/reccapi.php?resort=killington HTTP/1.1" 200 1071 "-" "node-superagent/1.4.0"
42.60.150.143 - - [15/Feb/2016:08:06:53 -0800] "GET /images/wsis-logo-sm.png HTTP/1.1" 200 6108 "http://www.thebackcountry.net/" "Mozilla/5.0 (iPhone; CPU iPhone OS 9_2_1 like Mac OS X) AppleWebKit/601.1.46 (KHTML, like Gecko) Version/9.0 Mobile/13D15 Safari/601.1"
71.83.119.95 - - [15/Feb/2016:08:14:20 -0800] "GET /images/wsis-logo-sm.png HTTP/1.1" 200 6108 "http://www.thebackcountry.net/" "Mozilla/5.0 (Macintosh; Intel Mac OS X 10_6_8) AppleWebKit/537.36 (KHTML, like Gecko) Chrome/48.0.2564.109 Safari/537.36"
170.75.162.130 - - [15/Feb/2016:08:28:23 -0800] "GET /lib/reccapi.php?resort=heavenly HTTP/1.1" 200 977 "-" "node-superagent/1.4.0"
180.76.15.150 - - [15/Feb/2016:08:35:30 -0800] "GET / HTTP/1.1" 200 6995 "-" "Mozilla/5.0 (compatible; Baiduspider/2.0; +http://www.baidu.com/search/spider.html)"
180.76.15.149 - - [15/Feb/2016:08:36:27 -0800] "GET / HTTP/1.1" 200 6995 "-" "Mozilla/5.0 (compatible; Baiduspider/2.0; +http://www.baidu.com/search/spider.html)"
47.208.180.155 - - [15/Feb/2016:08:41:56 -0800] "GET /images/wsis-logo-sm.png HTTP/1.1" 200 6108 "http://www.thebackcountry.net/" "Mozilla/5.0 (Macintosh; Intel Mac OS X 10.9; rv:44.0) Gecko/20100101 Firefox/44.0"
71.140.31.214 - - [15/Feb/2016:08:43:39 -0800] "GET /images/wsis-logo-sm.png HTTP/1.1" 200 6108 "http://thebackcountry.net/" "Mozilla/4.0 (compatible; MSIE 8.0; Windows NT 5.1; Trident/4.0; .NET CLR 2.0.50727; .NET CLR 3.0.4506.2152; .NET CLR 3.5.30729; 786908940603; Build/14.08001)"
50.4.100.79 - - [15/Feb/2016:08:43:50 -0800] "GET /images/wsis-logo-sm.png HTTP/1.1" 200 6108 "http://www.thebackcountry.net/" "Mozilla/5.0 (Windows NT 6.1; WOW64) AppleWebKit/537.36 (KHTML, like Gecko) Chrome/47.0.2526.106 Safari/537.36"
216.139.61.34 - - [15/Feb/2016:08:48:56 -0800] "GET /images/wsis-logo-sm.png HTTP/1.1" 200 6108 "http://www.thebackcountry.net/" "Mozilla/5.0 (Windows NT 6.3; WOW64) AppleWebKit/537.36 (KHTML, like Gecko) Chrome/48.0.2564.109 Safari/537.36"
71.237.216.235 - - [15/Feb/2016:08:55:51 -0800] "GET /images/wsis-logo-sm.png HTTP/1.1" 200 6108 "http://www.thebackcountry.net/" "Mozilla/5.0 (Macintosh; Intel Mac OS X 10_10_5) AppleWebKit/537.36 (KHTML, like Gecko) Chrome/45.0.2454.101 Safari/537.36"
170.75.162.130 - - [15/Feb/2016:08:57:15 -0800] "GET /lib/reccapi.php?resort=angelfire HTTP/1.1" 200 975 "-" "node-superagent/1.4.0"
170.75.162.130 - - [15/Feb/2016:08:57:36 -0800] "GET /lib/reccapi.php?resort=bigsky HTTP/1.1" 200 1048 "-" "node-superagent/1.4.0"
170.75.162.130 - - [15/Feb/2016:08:58:16 -0800] "GET /lib/reccapi.php?resort=sugarbush HTTP/1.1" 200 1072 "-" "node-superagent/1.4.0"
170.75.162.130 - - [15/Feb/2016:08:58:16 -0800] "GET /lib/reccapi.php?resort=chinapeak HTTP/1.1" 200 978 "-" "node-superagent/1.4.0"
170.75.162.130 - - [15/Feb/2016:08:58:16 -0800] "GET /lib/reccapi.php?resort=smugglersnotch HTTP/1.1" 200 993 "-" "node-superagent/1.4.0"
170.75.162.130 - - [15/Feb/2016:08:58:36 -0800] "GET /lib/reccapi.php?resort=crestedbutte HTTP/1.1" 200 1004 "-" "node-superagent/1.4.0"
170.75.162.130 - - [15/Feb/2016:08:58:36 -0800] "GET /lib/reccapi.php?resort=mountainhigh HTTP/1.1" 200 1027 "-" "node-superagent/1.4.0"
170.75.162.130 - - [15/Feb/2016:08:58:46 -0800] "GET /lib/reccapi.php?resort=sundayriver HTTP/1.1" 200 984 "-" "node-superagent/1.4.0"
170.75.162.130 - - [15/Feb/2016:08:59:26 -0800] "GET /lib/reccapi.php?resort=sugarloaf HTTP/1.1" 200 984 "-" "node-superagent/1.4.0"
170.75.162.130 - - [15/Feb/2016:08:59:36 -0800] "GET /lib/reccapi.php?resort=taos HTTP/1.1" 200 935 "-" "node-superagent/1.4.0"
170.75.162.130 - - [15/Feb/2016:08:59:36 -0800] "GET /lib/reccapi.php?resort=madriverglen HTTP/1.1" 200 1062 "-" "node-superagent/1.4.0"
170.75.162.130 - - [15/Feb/2016:09:05:16 -0800] "GET /lib/reccapi.php?resort=parkcity HTTP/1.1" 200 1081 "-" "node-superagent/1.4.0"
66.249.79.234 - - [15/Feb/2016:09:08:18 -0800] "GET /resorts?resort=turnermountain HTTP/1.1" 404 506 "-" "DoCoMo/2.0 N905i(c100;TB;W24H16) (compatible; Googlebot-Mobile/2.1; +http://www.google.com/bot.html)"
52.33.40.213 - - [15/Feb/2016:09:09:59 -0800] "GET /lib/reccapi.php?resort=madriverglen HTTP/1.1" 200 1062 "-" "node-superagent/1.4.0"
52.33.40.213 - - [15/Feb/2016:09:10:59 -0800] "GET /lib/reccapi.php?resort=sunvalley HTTP/1.1" 200 1096 "-" "node-superagent/1.4.0"
52.33.40.213 - - [15/Feb/2016:09:10:59 -0800] "GET /lib/reccapi.php?resort=grandtarghee HTTP/1.1" 200 1064 "-" "node-superagent/1.4.0"
52.33.40.213 - - [15/Feb/2016:09:10:59 -0800] "GET /lib/reccapi.php?resort=snowbird HTTP/1.1" 200 1047 "-" "node-superagent/1.4.0"
52.33.40.213 - - [15/Feb/2016:09:10:59 -0800] "GET /lib/reccapi.php?resort=taos HTTP/1.1" 200 935 "-" "node-superagent/1.4.0"
52.33.40.213 - - [15/Feb/2016:09:10:59 -0800] "GET /lib/reccapi.php?resort=killington HTTP/1.1" 200 1071 "-" "node-superagent/1.4.0"
52.33.40.213 - - [15/Feb/2016:09:10:59 -0800] "GET /lib/reccapi.php?resort=jacksonhole HTTP/1.1" 200 1050 "-" "node-superagent/1.4.0"
52.33.40.213 - - [15/Feb/2016:09:10:59 -0800] "GET /lib/reccapi.php?resort=stowe HTTP/1.1" 200 983 "-" "node-superagent/1.4.0"
170.75.162.130 - - [15/Feb/2016:09:17:17 -0800] "GET /lib/reccapi.php?resort=mammothmountain HTTP/1.1" 200 1025 "-" "node-superagent/1.4.0"
52.33.40.213 - - [15/Feb/2016:09:18:09 -0800] "GET /lib/reccapi.php?resort=keystone HTTP/1.1" 200 1123 "-" "node-superagent/1.4.0"
180.76.15.149 - - [15/Feb/2016:09:32:09 -0800] "GET / HTTP/1.1" 200 6995 "-" "Mozilla/5.0 (compatible; Baiduspider/2.0; +http://www.baidu.com/search/spider.html)"
180.76.15.5 - - [15/Feb/2016:09:33:01 -0800] "GET / HTTP/1.1" 200 6995 "-" "Mozilla/5.0 (compatible; Baiduspider/2.0; +http://www.baidu.com/search/spider.html)"
66.249.79.220 - - [15/Feb/2016:09:42:37 -0800] "GET /favicon.ico HTTP/1.1" 200 4613 "-" "Googlebot-Image/1.0"
69.46.227.226 - - [15/Feb/2016:09:50:55 -0800] "GET / HTTP/1.1" 200 2615 "https://www.google.com/" "Mozilla/5.0 (Windows NT 6.1; WOW64) AppleWebKit/537.36 (KHTML, like Gecko) Chrome/48.0.2564.103 Safari/537.36"
69.46.227.226 - - [15/Feb/2016:09:50:56 -0800] "GET /styles/ee08faa9.main.css HTTP/1.1" 200 19447 "http://whereshouldiski.com/" "Mozilla/5.0 (Windows NT 6.1; WOW64) AppleWebKit/537.36 (KHTML, like Gecko) Chrome/48.0.2564.103 Safari/537.36"
69.46.227.226 - - [15/Feb/2016:09:50:56 -0800] "GET /scripts/scripts/vendor/modernizr.js HTTP/1.1" 200 4903 "http://whereshouldiski.com/" "Mozilla/5.0 (Windows NT 6.1; WOW64) AppleWebKit/537.36 (KHTML, like Gecko) Chrome/48.0.2564.103 Safari/537.36"
69.46.227.226 - - [15/Feb/2016:09:50:56 -0800] "GET /images/logo-square-white-sm.png HTTP/1.1" 200 1683 "http://whereshouldiski.com/" "Mozilla/5.0 (Windows NT 6.1; WOW64) AppleWebKit/537.36 (KHTML, like Gecko) Chrome/48.0.2564.103 Safari/537.36"
69.46.227.226 - - [15/Feb/2016:09:50:56 -0800] "GET /images/loading.gif HTTP/1.1" 200 13881 "http://whereshouldiski.com/" "Mozilla/5.0 (Windows NT 6.1; WOW64) AppleWebKit/537.36 (KHTML, like Gecko) Chrome/48.0.2564.103 Safari/537.36"
69.46.227.226 - - [15/Feb/2016:09:50:56 -0800] "GET /bower_components/requirejs/require.js HTTP/1.1" 200 6701 "http://whereshouldiski.com/" "Mozilla/5.0 (Windows NT 6.1; WOW64) AppleWebKit/537.36 (KHTML, like Gecko) Chrome/48.0.2564.103 Safari/537.36"
69.46.227.226 - - [15/Feb/2016:09:50:57 -0800] "GET /scripts/fa48e319.main.js HTTP/1.1" 200 123455 "http://whereshouldiski.com/" "Mozilla/5.0 (Windows NT 6.1; WOW64) AppleWebKit/537.36 (KHTML, like Gecko) Chrome/48.0.2564.103 Safari/537.36"
69.46.227.226 - - [15/Feb/2016:09:50:58 -0800] "GET /images/button.png HTTP/1.1" 200 598 "http://whereshouldiski.com/styles/ee08faa9.main.css" "Mozilla/5.0 (Windows NT 6.1; WOW64) AppleWebKit/537.36 (KHTML, like Gecko) Chrome/48.0.2564.103 Safari/537.36"
69.46.227.226 - - [15/Feb/2016:09:50:58 -0800] "GET /images/greyHeader.png HTTP/1.1" 200 508 "http://whereshouldiski.com/styles/ee08faa9.main.css" "Mozilla/5.0 (Windows NT 6.1; WOW64) AppleWebKit/537.36 (KHTML, like Gecko) Chrome/48.0.2564.103 Safari/537.36"
69.46.227.226 - - [15/Feb/2016:09:50:58 -0800] "GET /favicon.ico HTTP/1.1" 200 4613 "http://whereshouldiski.com/" "Mozilla/5.0 (Windows NT 6.1; WOW64) AppleWebKit/537.36 (KHTML, like Gecko) Chrome/48.0.2564.103 Safari/537.36"
69.46.227.226 - - [15/Feb/2016:09:50:58 -0800] "GET /lib/reccapi.php?fields=t HTTP/1.1" 200 1946 "http://whereshouldiski.com/" "Mozilla/5.0 (Windows NT 6.1; WOW64) AppleWebKit/537.36 (KHTML, like Gecko) Chrome/48.0.2564.103 Safari/537.36"
69.46.227.226 - - [15/Feb/2016:09:50:58 -0800] "GET /images/mtns-icon.png HTTP/1.1" 200 1096 "http://whereshouldiski.com/styles/ee08faa9.main.css" "Mozilla/5.0 (Windows NT 6.1; WOW64) AppleWebKit/537.36 (KHTML, like Gecko) Chrome/48.0.2564.103 Safari/537.36"
69.46.227.226 - - [15/Feb/2016:09:50:58 -0800] "GET /images/star5.png HTTP/1.1" 200 1783 "http://whereshouldiski.com/styles/ee08faa9.main.css" "Mozilla/5.0 (Windows NT 6.1; WOW64) AppleWebKit/537.36 (KHTML, like Gecko) Chrome/48.0.2564.103 Safari/537.36"
69.46.227.226 - - [15/Feb/2016:09:50:58 -0800] "GET /images/bluebird5.png HTTP/1.1" 200 2177 "http://whereshouldiski.com/styles/ee08faa9.main.css" "Mozilla/5.0 (Windows NT 6.1; WOW64) AppleWebKit/537.36 (KHTML, like Gecko) Chrome/48.0.2564.103 Safari/537.36"
69.46.227.226 - - [15/Feb/2016:09:50:58 -0800] "GET /images/snowflake5.png HTTP/1.1" 200 2857 "http://whereshouldiski.com/styles/ee08faa9.main.css" "Mozilla/5.0 (Windows NT 6.1; WOW64) AppleWebKit/537.36 (KHTML, like Gecko) Chrome/48.0.2564.103 Safari/537.36"
69.46.227.226 - - [15/Feb/2016:09:50:58 -0800] "GET /images/shading-icon.png HTTP/1.1" 200 537 "http://whereshouldiski.com/styles/ee08faa9.main.css" "Mozilla/5.0 (Windows NT 6.1; WOW64) AppleWebKit/537.36 (KHTML, like Gecko) Chrome/48.0.2564.103 Safari/537.36"
69.46.227.226 - - [15/Feb/2016:09:51:14 -0800] "GET /lib/reccapi.php?fields=t&region=East HTTP/1.1" 200 1546 "http://whereshouldiski.com/" "Mozilla/5.0 (Windows NT 6.1; WOW64) AppleWebKit/537.36 (KHTML, like Gecko) Chrome/48.0.2564.103 Safari/537.36"
69.46.227.226 - - [15/Feb/2016:09:51:14 -0800] "GET /images/greenHeader.png HTTP/1.1" 200 508 "http://whereshouldiski.com/styles/ee08faa9.main.css" "Mozilla/5.0 (Windows NT 6.1; WOW64) AppleWebKit/537.36 (KHTML, like Gecko) Chrome/48.0.2564.103 Safari/537.36"
69.46.227.226 - - [15/Feb/2016:09:51:17 -0800] "GET /lib/reccapi.php?fields=t&region=East&state=VT HTTP/1.1" 200 1205 "http://whereshouldiski.com/" "Mozilla/5.0 (Windows NT 6.1; WOW64) AppleWebKit/537.36 (KHTML, like Gecko) Chrome/48.0.2564.103 Safari/537.36"
69.46.227.226 - - [15/Feb/2016:09:51:33 -0800] "GET /lib/reccapi.php?fields=t&region=East&state=VT&date=2016-02-20 HTTP/1.1" 200 804 "http://whereshouldiski.com/" "Mozilla/5.0 (Windows NT 6.1; WOW64) AppleWebKit/537.36 (KHTML, like Gecko) Chrome/48.0.2564.103 Safari/537.36"
170.75.162.130 - - [15/Feb/2016:09:52:20 -0800] "GET /lib/reccapi.php?resort=winterpark HTTP/1.1" 200 1075 "-" "node-superagent/1.4.0"
76.246.37.48 - - [15/Feb/2016:09:55:54 -0800] "GET /images/wsis-logo-sm.png HTTP/1.1" 200 6108 "http://www.thebackcountry.net/" "Mozilla/5.0 (iPhone; CPU iPhone OS 9_2_1 like Mac OS X) AppleWebKit/601.1.46 (KHTML, like Gecko) Version/9.0 Mobile/13D15 Safari/601.1"
180.76.15.19 - - [15/Feb/2016:09:57:33 -0800] "GET /about HTTP/1.1" 404 472 "-" "Mozilla/5.0 (compatible; Baiduspider/2.0; +http://www.baidu.com/search/spider.html)"
54.205.216.249 - - [15/Feb/2016:10:06:51 -0800] "GET /robots.txt HTTP/1.1" 200 419 "-" "Mozilla/5.0 (Windows NT 6.3; WOW64; rv:36.0) Gecko/20100101 Firefox/36.0 (NetShelter ContentScan, contact abuse@inpwrd.com for information)"
54.205.216.249 - - [15/Feb/2016:10:06:51 -0800] "GET / HTTP/1.1" 200 2615 "-" "Mozilla/5.0 (Windows NT 6.3; WOW64; rv:36.0) Gecko/20100101 Firefox/36.0 (NetShelter ContentScan, contact abuse@inpwrd.com for information)"
54.205.216.249 - - [15/Feb/2016:10:06:51 -0800] "GET / HTTP/1.1" 200 2615 "-" "Mozilla/5.0 (Windows NT 6.3; WOW64; rv:36.0) Gecko/20100101 Firefox/36.0 (NetShelter ContentScan, contact abuse@inpwrd.com for information)"
54.205.216.249 - - [15/Feb/2016:10:06:51 -0800] "GET /index.xml HTTP/1.1" 404 506 "-" "Mozilla/5.0 (Windows NT 6.3; WOW64) AppleWebKit/537.36 (KHTML, like Gecko) Chrome/40.0.2214.115 Safari/537.36"
54.205.216.249 - - [15/Feb/2016:10:06:51 -0800] "GET /index.rdf HTTP/1.1" 404 506 "-" "Mozilla/5.0 (Windows NT 6.3; WOW64) AppleWebKit/537.36 (KHTML, like Gecko) Chrome/40.0.2214.115 Safari/537.36"
54.205.216.249 - - [15/Feb/2016:10:06:52 -0800] "GET /atom.xml HTTP/1.1" 404 505 "-" "Mozilla/5.0 (Windows NT 6.3; WOW64) AppleWebKit/537.36 (KHTML, like Gecko) Chrome/40.0.2214.115 Safari/537.36"
54.205.216.249 - - [15/Feb/2016:10:06:52 -0800] "GET /feed HTTP/1.1" 404 506 "-" "Mozilla/5.0 (Windows NT 6.3; WOW64) AppleWebKit/537.36 (KHTML, like Gecko) Chrome/40.0.2214.115 Safari/537.36"
54.205.216.249 - - [15/Feb/2016:10:06:52 -0800] "GET /blog/feed HTTP/1.1" 404 506 "-" "Mozilla/5.0 (Windows NT 6.3; WOW64) AppleWebKit/537.36 (KHTML, like Gecko) Chrome/40.0.2214.115 Safari/537.36"
54.205.216.249 - - [15/Feb/2016:10:06:52 -0800] "GET /feeds/posts/default HTTP/1.1" 404 506 "-" "Mozilla/5.0 (Windows NT 6.3; WOW64) AppleWebKit/537.36 (KHTML, like Gecko) Chrome/40.0.2214.115 Safari/537.36"
54.205.216.249 - - [15/Feb/2016:10:06:52 -0800] "GET /?feed=rss2 HTTP/1.1" 200 2615 "-" "Mozilla/5.0 (Windows NT 6.3; WOW64) AppleWebKit/537.36 (KHTML, like Gecko) Chrome/40.0.2214.115 Safari/537.36"
54.205.216.249 - - [15/Feb/2016:10:06:52 -0800] "GET /rss?format=feed HTTP/1.1" 404 506 "-" "Mozilla/5.0 (Windows NT 6.3; WOW64) AppleWebKit/537.36 (KHTML, like Gecko) Chrome/40.0.2214.115 Safari/537.36"
54.205.216.249 - - [15/Feb/2016:10:06:53 -0800] "GET /index.php?format=feed&type=rss HTTP/1.1" 404 506 "-" "Mozilla/5.0 (Windows NT 6.3; WOW64) AppleWebKit/537.36 (KHTML, like Gecko) Chrome/40.0.2214.115 Safari/537.36"
54.205.216.249 - - [15/Feb/2016:10:06:53 -0800] "GET /rss HTTP/1.1" 404 506 "-" "Mozilla/5.0 (Windows NT 6.3; WOW64) AppleWebKit/537.36 (KHTML, like Gecko) Chrome/40.0.2214.115 Safari/537.36"
54.205.216.249 - - [15/Feb/2016:10:06:53 -0800] "GET /rss.xml HTTP/1.1" 404 505 "-" "Mozilla/5.0 (Windows NT 6.3; WOW64) AppleWebKit/537.36 (KHTML, like Gecko) Chrome/40.0.2214.115 Safari/537.36"
54.205.216.249 - - [15/Feb/2016:10:06:53 -0800] "GET /data/rss HTTP/1.1" 404 506 "-" "Mozilla/5.0 (Windows NT 6.3; WOW64) AppleWebKit/537.36 (KHTML, like Gecko) Chrome/40.0.2214.115 Safari/537.36"
54.205.216.249 - - [15/Feb/2016:10:06:53 -0800] "GET /data/atom HTTP/1.1" 404 506 "-" "Mozilla/5.0 (Windows NT 6.3; WOW64) AppleWebKit/537.36 (KHTML, like Gecko) Chrome/40.0.2214.115 Safari/537.36"
54.205.216.249 - - [15/Feb/2016:10:06:54 -0800] "GET /index.php/feed/ HTTP/1.1" 404 510 "-" "Mozilla/5.0 (Windows NT 6.3; WOW64) AppleWebKit/537.36 (KHTML, like Gecko) Chrome/40.0.2214.115 Safari/537.36"
54.205.216.249 - - [15/Feb/2016:10:06:54 -0800] "GET / HTTP/1.1" 200 2615 "-" "Mozilla/5.0 (Windows NT 6.3; WOW64) AppleWebKit/537.36 (KHTML, like Gecko) Chrome/40.0.2214.115 Safari/537.36"
54.205.216.249 - - [15/Feb/2016:10:06:54 -0800] "GET / HTTP/1.1" 200 2615 "-" "Mozilla/5.0 (Windows NT 6.3; WOW64) AppleWebKit/537.36 (KHTML, like Gecko) Chrome/40.0.2214.115 Safari/537.36"
54.205.216.249 - - [15/Feb/2016:10:06:54 -0800] "GET / HTTP/1.1" 200 2615 "-" "Mozilla/5.0 (Windows NT 6.3; WOW64) AppleWebKit/537.36 (KHTML, like Gecko) Chrome/40.0.2214.115 Safari/537.36"
54.205.216.249 - - [15/Feb/2016:10:06:54 -0800] "GET / HTTP/1.1" 200 2615 "-" "Mozilla/5.0 (Windows NT 6.3; WOW64) AppleWebKit/537.36 (KHTML, like Gecko) Chrome/40.0.2214.115 Safari/537.36"
24.205.213.4 - - [15/Feb/2016:10:11:58 -0800] "GET /images/wsis-logo-sm.png HTTP/1.1" 200 6108 "http://www.thebackcountry.net/" "Mozilla/5.0 (iPhone; CPU iPhone OS 9_2_1 like Mac OS X) AppleWebKit/601.1.46 (KHTML, like Gecko) Version/9.0 Mobile/13D15 Safari/601.1"
170.75.162.130 - - [15/Feb/2016:10:14:52 -0800] "GET /lib/reccapi.php?resort=sunvalley HTTP/1.1" 200 1096 "-" "node-superagent/1.4.0"
107.77.75.63 - - [15/Feb/2016:10:24:35 -0800] "GET /images/wsis-logo-sm.png HTTP/1.1" 200 6108 "http://www.thebackcountry.net/" "Mozilla/5.0 (iPhone; CPU iPhone OS 9_2_1 like Mac OS X) AppleWebKit/601.1.46 (KHTML, like Gecko) Version/9.0 Mobile/13D15 Safari/601.1"
107.77.109.22 - - [15/Feb/2016:10:29:15 -0800] "GET /images/wsis-logo-sm.png HTTP/1.1" 200 6108 "http://www.thebackcountry.net/" "Mozilla/5.0 (iPhone; CPU iPhone OS 9_2 like Mac OS X) AppleWebKit/601.1.46 (KHTML, like Gecko) Mobile/13C75"
180.76.15.160 - - [15/Feb/2016:10:32:38 -0800] "GET / HTTP/1.1" 200 6995 "-" "Mozilla/5.0 (compatible; Baiduspider/2.0; +http://www.baidu.com/search/spider.html)"
180.76.15.12 - - [15/Feb/2016:10:33:31 -0800] "GET / HTTP/1.1" 200 6995 "-" "Mozilla/5.0 (compatible; Baiduspider/2.0; +http://www.baidu.com/search/spider.html)"
62.8.73.170 - - [15/Feb/2016:10:46:53 -0800] "GET /images/wsis-logo-sm.png HTTP/1.1" 200 6108 "http://thebackcountry.net/" "Mozilla/5.0 (iPhone; CPU iPhone OS 9_2_1 like Mac OS X) AppleWebKit/601.1.46 (KHTML, like Gecko) Version/9.0 Mobile/13D15 Safari/601.1"
170.75.162.130 - - [15/Feb/2016:10:47:45 -0800] "GET /lib/reccapi.php?resort=mtrose HTTP/1.1" 200 952 "-" "node-superagent/1.4.0"
170.75.162.130 - - [15/Feb/2016:10:47:45 -0800] "GET /lib/reccapi.php?resort=diamondpeak HTTP/1.1" 200 953 "-" "node-superagent/1.4.0"
170.75.162.130 - - [15/Feb/2016:10:49:45 -0800] "GET /lib/reccapi.php?resort=whistlerblackcomb HTTP/1.1" 200 935 "-" "node-superagent/1.4.0"
170.75.162.130 - - [15/Feb/2016:10:49:45 -0800] "GET /lib/reccapi.php?resort=stevenspass HTTP/1.1" 200 1046 "-" "node-superagent/1.4.0"
66.249.79.220 - - [15/Feb/2016:10:51:32 -0800] "GET /lib/reccapi.php?resort=porcupine&date=2016-02-12 HTTP/1.1" 200 1113 "http://whereshouldiski.com/" "Mozilla/5.0 (compatible; Googlebot/2.1; +http://www.google.com/bot.html)"
66.249.79.227 - - [15/Feb/2016:10:51:33 -0800] "GET /lib/resortDataSearchD3.php?size=7&sortDate=T&resort=porcupine&dateStart=2016-02-10 HTTP/1.1" 200 881 "http://whereshouldiski.com/" "Mozilla/5.0 (compatible; Googlebot/2.1; +http://www.google.com/bot.html)"
66.249.79.227 - - [15/Feb/2016:10:51:34 -0800] "GET /lib/reccapi.php?fields=t&date=2016-02-12&coords=46.8183%2C-89.6504&size=7&sort=distance HTTP/1.1" 200 1355 "http://whereshouldiski.com/" "Mozilla/5.0 (compatible; Googlebot/2.1; +http://www.google.com/bot.html)"
75.111.106.213 - - [15/Feb/2016:10:51:45 -0800] "GET /images/wsis-logo-sm.png HTTP/1.1" 200 6108 "http://www.thebackcountry.net/" "Mozilla/5.0 (Macintosh; Intel Mac OS X 10_6_8) AppleWebKit/537.36 (KHTML, like Gecko) Chrome/47.0.2526.111 Safari/537.36"
52.33.40.213 - - [15/Feb/2016:10:58:14 -0800] "GET /lib/reccapi.php?resort=winterpark HTTP/1.1" 200 1075 "-" "node-superagent/1.4.0"
73.189.57.140 - - [15/Feb/2016:11:03:26 -0800] "GET /images/wsis-logo-sm.png HTTP/1.1" 200 6108 "http://www.thebackcountry.net/" "Mozilla/5.0 (Windows NT 10.0; WOW64) AppleWebKit/537.36 (KHTML, like Gecko) Chrome/48.0.2564.109 Safari/537.36"
170.75.162.130 - - [15/Feb/2016:11:07:26 -0800] "GET /lib/reccapi.php?resort=arapahoebasin HTTP/1.1" 200 1111 "-" "node-superagent/1.4.0"
170.75.162.130 - - [15/Feb/2016:11:07:26 -0800] "GET /lib/reccapi.php?resort=northstar-at-tahoe HTTP/1.1" 200 951 "-" "node-superagent/1.4.0"
170.75.162.130 - - [15/Feb/2016:11:07:36 -0800] "GET /lib/reccapi.php?resort=keystone HTTP/1.1" 200 1123 "-" "node-superagent/1.4.0"
66.249.79.15 - - [15/Feb/2016:11:08:12 -0800] "GET /lib/resortDataSearch.php?resort=sunvalley&dateStart=2013-01-13&dateMax=2013-01-27&size=30 HTTP/1.1" 200 331 "-" "Mozilla/5.0 (compatible; Googlebot/2.1; +http://www.google.com/bot.html)"
69.30.205.218 - - [15/Feb/2016:11:13:33 -0800] "GET /robots.txt HTTP/1.0" 200 338 "-" "Mozilla/5.0 (compatible; MJ12bot/v1.4.5; http://www.majestic12.co.uk/bot.php?+)"
69.30.205.218 - - [15/Feb/2016:11:13:34 -0800] "GET /about HTTP/1.0" 404 495 "-" "Mozilla/5.0 (compatible; MJ12bot/v1.4.5; http://www.majestic12.co.uk/bot.php?+)"
24.143.115.216 - - [15/Feb/2016:11:14:02 -0800] "GET /styles/ee08faa9.main.css HTTP/1.1" 200 19447 "http://whereshouldiski.com/" "Mozilla/5.0 (Macintosh; Intel Mac OS X 10_10_5) AppleWebKit/537.36 (KHTML, like Gecko) Chrome/48.0.2564.109 Safari/537.36"
24.143.115.216 - - [15/Feb/2016:11:14:03 -0800] "GET /styles/ee08faa9.main.css HTTP/1.1" 200 19446 "http://whereshouldiski.com/" "Mozilla/5.0 (Macintosh; Intel Mac OS X 10_10_5) AppleWebKit/537.36 (KHTML, like Gecko) Chrome/48.0.2564.109 Safari/537.36"
24.143.115.216 - - [15/Feb/2016:11:14:03 -0800] "GET /scripts/fa48e319.main.js HTTP/1.1" 200 123455 "http://whereshouldiski.com/" "Mozilla/5.0 (Macintosh; Intel Mac OS X 10_10_5) AppleWebKit/537.36 (KHTML, like Gecko) Chrome/48.0.2564.109 Safari/537.36"
24.143.115.216 - - [15/Feb/2016:11:14:04 -0800] "GET /scripts/fa48e319.main.js HTTP/1.1" 200 123455 "http://whereshouldiski.com/" "Mozilla/5.0 (Macintosh; Intel Mac OS X 10_10_5) AppleWebKit/537.36 (KHTML, like Gecko) Chrome/48.0.2564.109 Safari/537.36"
24.143.115.216 - - [15/Feb/2016:11:14:05 -0800] "GET /lib/reccapi.php?fields=t&coords=47.5928244,-122.3056124&distance=100 HTTP/1.1" 200 1624 "http://whereshouldiski.com/" "Mozilla/5.0 (Macintosh; Intel Mac OS X 10_10_5) AppleWebKit/537.36 (KHTML, like Gecko) Chrome/48.0.2564.109 Safari/537.36"
24.143.115.216 - - [15/Feb/2016:11:14:05 -0800] "GET /lib/reccapi.php?fields=t&coords=47.5928244,-122.3056124 HTTP/1.1" 200 2137 "http://whereshouldiski.com/" "Mozilla/5.0 (Macintosh; Intel Mac OS X 10_10_5) AppleWebKit/537.36 (KHTML, like Gecko) Chrome/48.0.2564.109 Safari/537.36"
24.143.115.216 - - [15/Feb/2016:11:14:22 -0800] "-" 408 0 "-" "-"
24.143.115.216 - - [15/Feb/2016:11:14:22 -0800] "-" 408 0 "-" "-"
24.143.115.216 - - [15/Feb/2016:11:14:23 -0800] "-" 408 0 "-" "-"
24.143.115.216 - - [15/Feb/2016:11:14:23 -0800] "-" 408 0 "-" "-"
127.0.0.1 - - [15/Feb/2016:11:14:25 -0800] "OPTIONS * HTTP/1.0" 200 126 "-" "Apache/2.2.22 (Ubuntu) (internal dummy connection)"
68.225.29.89 - - [15/Feb/2016:11:23:03 -0800] "GET /images/wsis-logo-sm.png HTTP/1.1" 200 6108 "http://www.thebackcountry.net/" "Mozilla/5.0 (Macintosh; Intel Mac OS X 10_11_3) AppleWebKit/601.4.4 (KHTML, like Gecko) Version/9.0.3 Safari/601.4.4"
170.75.162.130 - - [15/Feb/2016:11:24:28 -0800] "GET /lib/reccapi.php?resort=squawvalleyusa HTTP/1.1" 200 967 "-" "node-superagent/1.4.0"
170.75.162.130 - - [15/Feb/2016:11:27:18 -0800] "GET /lib/reccapi.php?resort=whitefacemountain HTTP/1.1" 200 1035 "-" "node-superagent/1.4.0"
71.83.113.124 - - [15/Feb/2016:11:28:21 -0800] "GET /images/wsis-logo-sm.png HTTP/1.1" 200 6108 "http://www.thebackcountry.net/" "Mozilla/5.0 (iPhone; CPU iPhone OS 9_2_1 like Mac OS X) AppleWebKit/600.1.4 (KHTML, like Gecko) GSA/12.0.68608 Mobile/13D15 Safari/600.1.4"
52.33.40.213 - - [15/Feb/2016:11:32:36 -0800] "GET /lib/reccapi.php?resort=sugarbush HTTP/1.1" 200 1069 "-" "node-superagent/1.4.0"
170.75.162.130 - - [15/Feb/2016:11:32:49 -0800] "GET /lib/reccapi.php?resort=sugarbowl HTTP/1.1" 200 947 "-" "node-superagent/1.4.0"
52.33.40.213 - - [15/Feb/2016:11:33:26 -0800] "GET /lib/reccapi.php?resort=hoodoo HTTP/1.1" 200 991 "-" "node-superagent/1.4.0"
170.75.162.130 - - [15/Feb/2016:11:34:19 -0800] "GET /lib/reccapi.php?resort=sunpeaksresort HTTP/1.1" 200 922 "-" "node-superagent/1.4.0"
180.76.15.23 - - [15/Feb/2016:11:34:35 -0800] "GET / HTTP/1.1" 200 6995 "-" "Mozilla/5.0 (compatible; Baiduspider/2.0; +http://www.baidu.com/search/spider.html)"
180.76.15.145 - - [15/Feb/2016:11:35:29 -0800] "GET / HTTP/1.1" 200 6995 "-" "Mozilla/5.0 (compatible; Baiduspider/2.0; +http://www.baidu.com/search/spider.html)"
75.111.111.90 - - [15/Feb/2016:11:42:10 -0800] "GET /images/wsis-logo-sm.png HTTP/1.1" 200 6108 "http://www.thebackcountry.net/" "Mozilla/5.0 (Macintosh; Intel Mac OS X 10_10_2) AppleWebKit/600.4.10 (KHTML, like Gecko) Version/8.0.4 Safari/600.4.10"
170.75.162.130 - - [15/Feb/2016:11:44:00 -0800] "GET /lib/reccapi.php?resort=aspenheights HTTP/1.1" 200 1089 "-" "node-superagent/1.4.0"
170.75.162.130 - - [15/Feb/2016:11:44:00 -0800] "GET /lib/reccapi.php?resort=aspenmountain HTTP/1.1" 200 1044 "-" "node-superagent/1.4.0"
170.75.162.130 - - [15/Feb/2016:11:44:00 -0800] "GET /lib/reccapi.php?resort=buttermilk HTTP/1.1" 200 1005 "-" "node-superagent/1.4.0"
170.75.162.130 - - [15/Feb/2016:11:44:00 -0800] "GET /lib/reccapi.php?resort=snowmass HTTP/1.1" 200 1043 "-" "node-superagent/1.4.0"
52.33.40.213 - - [15/Feb/2016:11:46:57 -0800] "GET /lib/reccapi.php?resort=49degreesnorth HTTP/1.1" 200 1078 "-" "node-superagent/1.4.0"
208.87.233.201 - - [15/Feb/2016:11:48:35 -0800] "GET / HTTP/1.1" 200 2559 "-" "Mozilla/5.0 (Windows NT 6.1; Win64; x64) AppleWebKit/537.36 (KHTML, like Gecko) Chrome/49.0.2623.47 Safari/537.36"
208.87.233.201 - - [15/Feb/2016:11:48:35 -0800] "GET /styles/ee08faa9.main.css HTTP/1.1" 200 19391 "http://whereshouldiski.com/" "Mozilla/5.0 (Windows NT 6.1; Win64; x64) AppleWebKit/537.36 (KHTML, like Gecko) Chrome/49.0.2623.47 Safari/537.36"
208.87.233.201 - - [15/Feb/2016:11:48:36 -0800] "GET /bower_components/requirejs/require.js HTTP/1.1" 200 6646 "http://whereshouldiski.com/" "Mozilla/5.0 (Windows NT 6.1; Win64; x64) AppleWebKit/537.36 (KHTML, like Gecko) Chrome/49.0.2623.47 Safari/537.36"
208.87.233.201 - - [15/Feb/2016:11:48:36 -0800] "GET /images/logo-square-white-sm.png HTTP/1.1" 200 1628 "http://whereshouldiski.com/" "Mozilla/5.0 (Windows NT 6.1; Win64; x64) AppleWebKit/537.36 (KHTML, like Gecko) Chrome/49.0.2623.47 Safari/537.36"
208.87.233.201 - - [15/Feb/2016:11:48:36 -0800] "GET /scripts/scripts/vendor/modernizr.js HTTP/1.1" 200 4847 "http://whereshouldiski.com/" "Mozilla/5.0 (Windows NT 6.1; Win64; x64) AppleWebKit/537.36 (KHTML, like Gecko) Chrome/49.0.2623.47 Safari/537.36"
208.87.233.201 - - [15/Feb/2016:11:48:36 -0800] "GET /images/loading.gif HTTP/1.1" 200 13826 "http://whereshouldiski.com/" "Mozilla/5.0 (Windows NT 6.1; Win64; x64) AppleWebKit/537.36 (KHTML, like Gecko) Chrome/49.0.2623.47 Safari/537.36"
208.87.233.201 - - [15/Feb/2016:11:48:36 -0800] "GET /scripts/fa48e319.main.js HTTP/1.1" 200 123400 "http://whereshouldiski.com/" "Mozilla/5.0 (Windows NT 6.1; Win64; x64) AppleWebKit/537.36 (KHTML, like Gecko) Chrome/49.0.2623.47 Safari/537.36"
208.87.233.201 - - [15/Feb/2016:11:48:38 -0800] "GET /images/greyHeader.png HTTP/1.1" 200 453 "http://whereshouldiski.com/styles/ee08faa9.main.css" "Mozilla/5.0 (Windows NT 6.1; Win64; x64) AppleWebKit/537.36 (KHTML, like Gecko) Chrome/49.0.2623.47 Safari/537.36"
208.87.233.201 - - [15/Feb/2016:11:48:38 -0800] "GET /images/button.png HTTP/1.1" 200 543 "http://whereshouldiski.com/styles/ee08faa9.main.css" "Mozilla/5.0 (Windows NT 6.1; Win64; x64) AppleWebKit/537.36 (KHTML, like Gecko) Chrome/49.0.2623.47 Safari/537.36"
208.87.233.201 - - [15/Feb/2016:11:48:38 -0800] "GET /lib/reccapi.php?fields=t HTTP/1.1" 200 1891 "http://whereshouldiski.com/" "Mozilla/5.0 (Windows NT 6.1; Win64; x64) AppleWebKit/537.36 (KHTML, like Gecko) Chrome/49.0.2623.47 Safari/537.36"
208.87.233.201 - - [15/Feb/2016:11:48:38 -0800] "GET /images/snowflake5.png HTTP/1.1" 200 2802 "http://whereshouldiski.com/styles/ee08faa9.main.css" "Mozilla/5.0 (Windows NT 6.1; Win64; x64) AppleWebKit/537.36 (KHTML, like Gecko) Chrome/49.0.2623.47 Safari/537.36"
208.87.233.201 - - [15/Feb/2016:11:48:38 -0800] "GET /images/star5.png HTTP/1.1" 200 1728 "http://whereshouldiski.com/styles/ee08faa9.main.css" "Mozilla/5.0 (Windows NT 6.1; Win64; x64) AppleWebKit/537.36 (KHTML, like Gecko) Chrome/49.0.2623.47 Safari/537.36"
208.87.233.201 - - [15/Feb/2016:11:48:38 -0800] "GET /images/bluebird5.png HTTP/1.1" 200 2122 "http://whereshouldiski.com/styles/ee08faa9.main.css" "Mozilla/5.0 (Windows NT 6.1; Win64; x64) AppleWebKit/537.36 (KHTML, like Gecko) Chrome/49.0.2623.47 Safari/537.36"
208.87.233.201 - - [15/Feb/2016:11:48:38 -0800] "GET /images/mtns-icon.png HTTP/1.1" 200 1041 "http://whereshouldiski.com/styles/ee08faa9.main.css" "Mozilla/5.0 (Windows NT 6.1; Win64; x64) AppleWebKit/537.36 (KHTML, like Gecko) Chrome/49.0.2623.47 Safari/537.36"
208.87.233.201 - - [15/Feb/2016:11:48:38 -0800] "GET /images/shading-icon.png HTTP/1.1" 200 481 "http://whereshouldiski.com/styles/ee08faa9.main.css" "Mozilla/5.0 (Windows NT 6.1; Win64; x64) AppleWebKit/537.36 (KHTML, like Gecko) Chrome/49.0.2623.47 Safari/537.36"
208.87.233.201 - - [15/Feb/2016:11:48:38 -0800] "GET /lib/reccapi.php?fields=t&coords=47.578133300000005,-122.16521739999999 HTTP/1.1" 200 2083 "http://whereshouldiski.com/" "Mozilla/5.0 (Windows NT 6.1; Win64; x64) AppleWebKit/537.36 (KHTML, like Gecko) Chrome/49.0.2623.47 Safari/537.36"
208.87.233.201 - - [15/Feb/2016:11:48:39 -0800] "GET /favicon.ico HTTP/1.1" 200 4557 "http://whereshouldiski.com/" "Mozilla/5.0 (Windows NT 6.1; Win64; x64) AppleWebKit/537.36 (KHTML, like Gecko) Chrome/49.0.2623.47 Safari/537.36"
127.0.0.1 - - [15/Feb/2016:11:48:44 -0800] "OPTIONS * HTTP/1.0" 200 126 "-" "Apache/2.2.22 (Ubuntu) (internal dummy connection)"
208.87.233.201 - - [15/Feb/2016:11:48:50 -0800] "GET /lib/reccapi.php?fields=t&coords=47.578133300000005,-122.16521739999999&state=CO HTTP/1.1" 200 1400 "http://whereshouldiski.com/" "Mozilla/5.0 (Windows NT 6.1; Win64; x64) AppleWebKit/537.36 (KHTML, like Gecko) Chrome/49.0.2623.47 Safari/537.36"
208.87.233.201 - - [15/Feb/2016:11:48:50 -0800] "GET /images/greenHeader.png HTTP/1.1" 200 453 "http://whereshouldiski.com/styles/ee08faa9.main.css" "Mozilla/5.0 (Windows NT 6.1; Win64; x64) AppleWebKit/537.36 (KHTML, like Gecko) Chrome/49.0.2623.47 Safari/537.36"
52.33.40.213 - - [15/Feb/2016:11:50:37 -0800] "GET /lib/reccapi.php?resort=bigwhite HTTP/1.1" 200 926 "-" "node-superagent/1.4.0"
52.33.40.213 - - [15/Feb/2016:11:51:57 -0800] "GET /lib/reccapi.php?resort=jaypeak HTTP/1.1" 200 994 "-" "node-superagent/1.4.0"
52.33.40.213 - - [15/Feb/2016:11:51:57 -0800] "GET /lib/reccapi.php?resort=diamondpeak HTTP/1.1" 200 953 "-" "node-superagent/1.4.0"
52.33.40.213 - - [15/Feb/2016:11:51:57 -0800] "GET /lib/reccapi.php?resort=crestedbutte HTTP/1.1" 200 1003 "-" "node-superagent/1.4.0"
52.33.40.213 - - [15/Feb/2016:11:51:57 -0800] "GET /lib/reccapi.php?resort=devilshead HTTP/1.1" 200 942 "-" "node-superagent/1.4.0"
52.33.40.213 - - [15/Feb/2016:11:52:27 -0800] "GET /lib/reccapi.php?resort=sugarbowl HTTP/1.1" 200 947 "-" "node-superagent/1.4.0"
52.33.40.213 - - [15/Feb/2016:11:53:07 -0800] "GET /lib/reccapi.php?resort=sunpeaksresort HTTP/1.1" 200 922 "-" "node-superagent/1.4.0"
52.33.40.213 - - [15/Feb/2016:11:53:07 -0800] "GET /lib/reccapi.php?resort=sundayriver HTTP/1.1" 200 983 "-" "node-superagent/1.4.0"
52.33.40.213 - - [15/Feb/2016:11:53:27 -0800] "GET /lib/reccapi.php?resort=mountainhigh HTTP/1.1" 200 1024 "-" "node-superagent/1.4.0"
52.33.40.213 - - [15/Feb/2016:11:53:27 -0800] "GET /lib/reccapi.php?resort=redmountain HTTP/1.1" 200 917 "-" "node-superagent/1.4.0"
52.33.40.213 - - [15/Feb/2016:11:53:27 -0800] "GET /lib/reccapi.php?resort=loveland HTTP/1.1" 200 1067 "-" "node-superagent/1.4.0"
52.33.40.213 - - [15/Feb/2016:11:53:37 -0800] "GET /lib/reccapi.php?resort=whitefacemountain HTTP/1.1" 200 1035 "-" "node-superagent/1.4.0"
52.33.40.213 - - [15/Feb/2016:11:54:07 -0800] "GET /lib/reccapi.php?resort=sierra-at-tahoe HTTP/1.1" 200 986 "-" "node-superagent/1.4.0"
52.33.40.213 - - [15/Feb/2016:11:54:07 -0800] "GET /lib/reccapi.php?resort=wildcatmountain HTTP/1.1" 200 1018 "-" "node-superagent/1.4.0"
52.33.40.213 - - [15/Feb/2016:11:54:37 -0800] "GET /lib/reccapi.php?resort=snowbasin HTTP/1.1" 200 1046 "-" "node-superagent/1.4.0"
52.33.40.213 - - [15/Feb/2016:11:54:37 -0800] "GET /lib/reccapi.php?resort=silverstarmountain HTTP/1.1" 200 939 "-" "node-superagent/1.4.0"
52.33.40.213 - - [15/Feb/2016:11:55:47 -0800] "GET /lib/reccapi.php?resort=bigsky HTTP/1.1" 200 1049 "-" "node-superagent/1.4.0"
170.75.162.130 - - [15/Feb/2016:11:58:51 -0800] "GET /lib/reccapi.php?resort=coppermountain HTTP/1.1" 200 1087 "-" "node-superagent/1.4.0"
217.250.128.216 - - [15/Feb/2016:12:05:07 -0800] "GET / HTTP/1.1" 200 2615 "http://www.earnyourturns.com/7560/preview-garmonts-power-lite-at-boot-series/" "Mozilla/5.0 (iPhone; CPU iPhone OS 7_1_2 like Mac OS X) AppleWebKit/537.51.2 (KHTML, like Gecko) GSA/9.0.60246 Mobile/11D257 Safari/9537.53"
107.77.109.94 - - [15/Feb/2016:12:06:12 -0800] "GET /images/wsis-logo-sm.png HTTP/1.1" 200 6108 "http://www.thebackcountry.net/" "Mozilla/5.0 (iPhone; CPU iPhone OS 9_2_1 like Mac OS X) AppleWebKit/601.1.46 (KHTML, like Gecko) Version/9.0 Mobile/13D15 Safari/601.1"
66.249.75.59 - - [15/Feb/2016:12:12:20 -0800] "GET /lib/reccapi.php?fields=t&date=2016-01-30 HTTP/1.1" 200 1860 "http://whereshouldiski.com/" "Mozilla/5.0 (compatible; Googlebot/2.1; +http://www.google.com/bot.html)"
170.75.162.130 - - [15/Feb/2016:12:12:22 -0800] "GET /lib/reccapi.php?resort=redmountain HTTP/1.1" 200 917 "-" "node-superagent/1.4.0"
170.75.162.130 - - [15/Feb/2016:12:12:32 -0800] "GET /lib/reccapi.php?resort=mounthoodmeadows HTTP/1.1" 200 1040 "-" "node-superagent/1.4.0"
52.33.40.213 - - [15/Feb/2016:12:12:58 -0800] "GET /lib/reccapi.php?resort=coppermountain HTTP/1.1" 200 1087 "-" "node-superagent/1.4.0"
52.33.40.213 - - [15/Feb/2016:12:13:28 -0800] "GET /lib/reccapi.php?resort=deervalley HTTP/1.1" 200 1006 "-" "node-superagent/1.4.0"
113.162.80.164 - - [15/Feb/2016:12:18:42 -0800] "GET /phpMoAdmin/moadmin.php HTTP/1.1" 404 536 "http://www.whereshouldiski.com/phpMoAdmin/moadmin.php" "Mozilla/4.0 (compatible; MSIE 6.0; Windows 98; Win 9x 4.90; H010818; AT&T CSM6.0)"
113.162.80.164 - - [15/Feb/2016:12:18:48 -0800] "GET /moadmin.php HTTP/1.1" 404 536 "http://www.whereshouldiski.com/moadmin.php" "Mozilla/4.0 (compatible; MSIE 6.0; Windows 98; Win 9x 4.90; H010818; AT&T CSM6.0)"
113.162.80.164 - - [15/Feb/2016:12:18:54 -0800] "GET /moadmin/moadmin.php HTTP/1.1" 404 536 "http://www.whereshouldiski.com/moadmin/moadmin.php" "Mozilla/4.0 (compatible; MSIE 6.0; Windows 98; Win 9x 4.90; H010818; AT&T CSM6.0)"
113.162.80.164 - - [15/Feb/2016:12:19:01 -0800] "GET /phpMoAdmin-MongoDB-Admin-Tool-for-PHP/moadmin.php HTTP/1.1" 404 536 "http://www.whereshouldiski.com/phpMoAdmin-MongoDB-Admin-Tool-for-PHP/moadmin.php" "Mozilla/4.0 (compatible; MSIE 6.0; Windows 98; Win 9x 4.90; H010818; AT&T CSM6.0)"
113.162.80.164 - - [15/Feb/2016:12:19:07 -0800] "GET /admin/moadmin.php HTTP/1.1" 404 536 "http://www.whereshouldiski.com/admin/moadmin.php" "Mozilla/4.0 (compatible; MSIE 6.0; Windows 98; Win 9x 4.90; H010818; AT&T CSM6.0)"
113.162.80.164 - - [15/Feb/2016:12:19:14 -0800] "GET /tools/moadmin.php HTTP/1.1" 404 536 "http://www.whereshouldiski.com/tools/moadmin.php" "Mozilla/4.0 (compatible; MSIE 6.0; Windows 98; Win 9x 4.90; H010818; AT&T CSM6.0)"
113.162.80.164 - - [15/Feb/2016:12:19:20 -0800] "GET /scripts/moadmin.php HTTP/1.1" 404 536 "http://www.whereshouldiski.com/scripts/moadmin.php" "Mozilla/4.0 (compatible; MSIE 6.0; Windows 98; Win 9x 4.90; H010818; AT&T CSM6.0)"
52.33.40.213 - - [15/Feb/2016:12:24:09 -0800] "GET /lib/reccapi.php?resort=sugarloaf HTTP/1.1" 200 983 "-" "node-superagent/1.4.0"
52.33.40.213 - - [15/Feb/2016:12:24:09 -0800] "GET /lib/reccapi.php?resort=smugglersnotch HTTP/1.1" 200 995 "-" "node-superagent/1.4.0"
166.170.5.117 - - [15/Feb/2016:12:26:09 -0800] "GET /images/wsis-logo-sm.png HTTP/1.1" 200 6108 "http://www.thebackcountry.net/" "Mozilla/5.0 (Macintosh; Intel Mac OS X 10_11_3) AppleWebKit/601.4.4 (KHTML, like Gecko) Version/9.0.3 Safari/601.4.4"
66.249.75.59 - - [15/Feb/2016:12:29:51 -0800] "GET /lib/reccapi.php?resort=aspenmountain&date=2016-02-14 HTTP/1.1" 200 1088 "http://whereshouldiski.com/" "Mozilla/5.0 (compatible; Googlebot/2.1; +http://www.google.com/bot.html)"
66.249.75.50 - - [15/Feb/2016:12:29:52 -0800] "GET /lib/reccapi.php?fields=t&date=2016-02-14&coords=39.17%2C-106.8&size=7&sort=distance HTTP/1.1" 200 1319 "http://whereshouldiski.com/" "Mozilla/5.0 (compatible; Googlebot/2.1; +http://www.google.com/bot.html)"
66.249.75.59 - - [15/Feb/2016:12:29:53 -0800] "GET /lib/resortDataSearchD3.php?size=7&sortDate=T&resort=aspenmountain&dateStart=2016-02-12 HTTP/1.1" 200 860 "http://whereshouldiski.com/" "Mozilla/5.0 (compatible; Googlebot/2.1; +http://www.google.com/bot.html)"
180.76.15.20 - - [15/Feb/2016:12:33:16 -0800] "GET / HTTP/1.1" 200 6995 "-" "Mozilla/5.0 (compatible; Baiduspider/2.0; +http://www.baidu.com/search/spider.html)"
180.76.15.154 - - [15/Feb/2016:12:34:10 -0800] "GET / HTTP/1.1" 200 6995 "-" "Mozilla/5.0 (compatible; Baiduspider/2.0; +http://www.baidu.com/search/spider.html)"
66.249.75.41 - - [15/Feb/2016:12:35:22 -0800] "GET /lib/reccapi.php?resort=grandtarghee&date=2016-01-21 HTTP/1.1" 200 1021 "http://whereshouldiski.com/" "Mozilla/5.0 (compatible; Googlebot/2.1; +http://www.google.com/bot.html)"
66.249.75.50 - - [15/Feb/2016:12:35:24 -0800] "GET /lib/resortDataSearchD3.php?size=7&sortDate=T&resort=grandtarghee&dateStart=2016-01-19 HTTP/1.1" 200 883 "http://whereshouldiski.com/" "Mozilla/5.0 (compatible; Googlebot/2.1; +http://www.google.com/bot.html)"
66.249.75.50 - - [15/Feb/2016:12:35:24 -0800] "GET /lib/reccapi.php?fields=t&date=2016-01-21&coords=43.79%2C-110.95&size=7&sort=distance HTTP/1.1" 200 1384 "http://whereshouldiski.com/" "Mozilla/5.0 (compatible; Googlebot/2.1; +http://www.google.com/bot.html)"
66.249.84.247 - - [15/Feb/2016:12:37:56 -0800] "GET /images/wsis-logo-sm.png HTTP/1.1" 200 6108 "http://www.thebackcountry.net/" "Mozilla/5.0 (Linux; Android 6.0.1; Nexus 6 Build/MMB29Q) AppleWebKit/537.36 (KHTML, like Gecko) Chrome/48.0.2564.95 Mobile Safari/537.36"
52.33.40.213 - - [15/Feb/2016:12:38:49 -0800] "GET /lib/reccapi.php?resort=alta HTTP/1.1" 200 1097 "-" "node-superagent/1.4.0"
52.33.40.213 - - [15/Feb/2016:12:38:49 -0800] "GET /lib/reccapi.php?resort=mammothmountain HTTP/1.1" 200 1025 "-" "node-superagent/1.4.0"
52.33.40.213 - - [15/Feb/2016:12:38:49 -0800] "GET /lib/reccapi.php?resort=aspenmountain HTTP/1.1" 200 1044 "-" "node-superagent/1.4.0"
66.87.134.42 - - [15/Feb/2016:12:45:12 -0800] "GET /images/wsis-logo-sm.png HTTP/1.1" 200 6108 "http://www.thebackcountry.net/" "Mozilla/5.0 (iPhone; CPU iPhone OS 9_2_1 like Mac OS X) AppleWebKit/601.1.46 (KHTML, like Gecko) Version/9.0 Mobile/13D15 Safari/601.1"
170.75.162.130 - - [15/Feb/2016:12:46:46 -0800] "GET /lib/reccapi.php?resort=brianhead HTTP/1.1" 200 1021 "-" "node-superagent/1.4.0"
73.162.110.38 - - [15/Feb/2016:12:51:35 -0800] "GET /images/wsis-logo-sm.png HTTP/1.1" 200 6108 "http://www.thebackcountry.net/" "Mozilla/5.0 (Macintosh; Intel Mac OS X 10_9_5) AppleWebKit/601.2.7 (KHTML, like Gecko) Version/9.0.1 Safari/537.86.2"
24.143.115.216 - - [15/Feb/2016:12:51:57 -0800] "GET /lib/reccapi.php?fields=t&coords=47.5928244,-122.3056124 HTTP/1.1" 200 2138 "http://whereshouldiski.com/" "Mozilla/5.0 (Macintosh; Intel Mac OS X 10_10_5) AppleWebKit/537.36 (KHTML, like Gecko) Chrome/48.0.2564.109 Safari/537.36"
70.213.8.175 - - [15/Feb/2016:12:53:11 -0800] "GET /images/wsis-logo-sm.png HTTP/1.1" 200 6108 "http://www.thebackcountry.net/" "Mozilla/5.0 (Linux; Android 5.1.1; VS985 4G Build/LMY47V) AppleWebKit/537.36 (KHTML, like Gecko) Chrome/48.0.2564.95 Mobile Safari/537.36"
220.181.108.180 - - [15/Feb/2016:13:03:07 -0800] "GET / HTTP/1.1" 200 2578 "-" "Mozilla/5.0 (compatible; Baiduspider/2.0; +http://www.baidu.com/search/spider.html)"
123.125.71.26 - - [15/Feb/2016:13:04:54 -0800] "GET / HTTP/1.1" 200 2578 "-" "Mozilla/5.0 (compatible; Baiduspider/2.0; +http://www.baidu.com/search/spider.html)"
170.75.162.130 - - [15/Feb/2016:13:09:19 -0800] "GET /lib/reccapi.php?resort=snowbird HTTP/1.1" 200 1047 "-" "node-superagent/1.4.0"
66.249.75.50 - - [15/Feb/2016:13:11:39 -0800] "GET /lib/reccapi.php?resort=grandtarghee&date=2016-01-26 HTTP/1.1" 200 1030 "http://whereshouldiski.com/" "Mozilla/5.0 (compatible; Googlebot/2.1; +http://www.google.com/bot.html)"
66.249.75.50 - - [15/Feb/2016:13:11:40 -0800] "GET /lib/reccapi.php?fields=t&date=2016-01-26&coords=43.79%2C-110.95&size=7&sort=distance HTTP/1.1" 200 1376 "http://whereshouldiski.com/" "Mozilla/5.0 (compatible; Googlebot/2.1; +http://www.google.com/bot.html)"
66.249.75.41 - - [15/Feb/2016:13:11:43 -0800] "GET /lib/resortDataSearchD3.php?size=7&sortDate=T&resort=grandtarghee&dateStart=2016-01-24 HTTP/1.1" 200 870 "http://whereshouldiski.com/" "Mozilla/5.0 (compatible; Googlebot/2.1; +http://www.google.com/bot.html)"
170.75.162.130 - - [15/Feb/2016:13:16:20 -0800] "GET /lib/reccapi.php?resort=mountbachelor HTTP/1.1" 200 985 "-" "node-superagent/1.4.0"
170.75.162.130 - - [15/Feb/2016:13:16:20 -0800] "GET /lib/reccapi.php?resort=hoodoo HTTP/1.1" 200 991 "-" "node-superagent/1.4.0"
180.76.15.135 - - [15/Feb/2016:13:16:51 -0800] "GET /resorts?resort=bigsky HTTP/1.1" 404 469 "-" "Mozilla/5.0 (compatible; Baiduspider/2.0; +http://www.baidu.com/search/spider.html)"
24.32.35.132 - - [15/Feb/2016:13:28:47 -0800] "GET /images/wsis-logo-sm.png HTTP/1.1" 200 6108 "http://www.thebackcountry.net/" "Mozilla/5.0 (iPhone; CPU iPhone OS 9_2_1 like Mac OS X) AppleWebKit/601.1.46 (KHTML, like Gecko) Version/9.0 Mobile/13D15 Safari/601.1"
52.33.40.213 - - [15/Feb/2016:13:29:22 -0800] "GET /lib/reccapi.php?resort=solitude HTTP/1.1" 200 1055 "-" "node-superagent/1.4.0"
66.249.75.41 - - [15/Feb/2016:13:33:15 -0800] "GET /lib/reccapi.php?resort=alyeska&date=2016-01-29 HTTP/1.1" 200 1041 "http://whereshouldiski.com/" "Mozilla/5.0 (compatible; Googlebot/2.1; +http://www.google.com/bot.html)"
66.249.75.50 - - [15/Feb/2016:13:33:17 -0800] "GET /lib/resortDataSearchD3.php?size=7&sortDate=T&resort=alyeska&dateStart=2016-01-27 HTTP/1.1" 200 875 "http://whereshouldiski.com/" "Mozilla/5.0 (compatible; Googlebot/2.1; +http://www.google.com/bot.html)"
66.249.75.41 - - [15/Feb/2016:13:33:17 -0800] "GET /lib/reccapi.php?fields=t&date=2016-01-29&coords=60.94%2C-148.95&size=7&sort=distance HTTP/1.1" 200 1342 "http://whereshouldiski.com/" "Mozilla/5.0 (compatible; Googlebot/2.1; +http://www.google.com/bot.html)"
180.76.15.25 - - [15/Feb/2016:13:34:54 -0800] "GET / HTTP/1.1" 200 6995 "-" "Mozilla/5.0 (compatible; Baiduspider/2.0; +http://www.baidu.com/search/spider.html)"
107.77.75.111 - - [15/Feb/2016:13:35:34 -0800] "GET /images/wsis-logo-sm.png HTTP/1.1" 200 6108 "http://www.thebackcountry.net/" "Mozilla/5.0 (iPhone; CPU iPhone OS 9_2_1 like Mac OS X) AppleWebKit/601.1 (KHTML, like Gecko) CriOS/48.0.2564.104 Mobile/13D15 Safari/601.1.46"
180.76.15.14 - - [15/Feb/2016:13:35:52 -0800] "GET / HTTP/1.1" 200 6995 "-" "Mozilla/5.0 (compatible; Baiduspider/2.0; +http://www.baidu.com/search/spider.html)"
180.76.15.151 - - [15/Feb/2016:13:37:06 -0800] "GET /robots.txt HTTP/1.1" 200 382 "-" "Mozilla/5.0 (Windows NT 5.1; rv:6.0.2) Gecko/20100101 Firefox/6.0.2"
180.76.15.7 - - [15/Feb/2016:13:45:52 -0800] "GET /robots.txt HTTP/1.1" 200 382 "-" "Mozilla/5.0 (Windows NT 5.1; rv:6.0.2) Gecko/20100101 Firefox/6.0.2"
45.26.47.143 - - [15/Feb/2016:13:52:05 -0800] "GET /images/wsis-logo-sm.png HTTP/1.1" 200 6108 "http://thebackcountry.net/" "Mozilla/5.0 (iPad; CPU OS 9_2_1 like Mac OS X) AppleWebKit/601.1.46 (KHTML, like Gecko) Version/9.0 Mobile/13D15 Safari/601.1"
173.219.119.18 - - [15/Feb/2016:13:56:42 -0800] "GET /images/wsis-logo-sm.png HTTP/1.1" 200 6108 "http://www.thebackcountry.net/" "Mozilla/5.0 (Windows NT 6.1; WOW64) AppleWebKit/537.36 (KHTML, like Gecko) Chrome/48.0.2564.109 Safari/537.36"
173.219.119.18 - - [15/Feb/2016:14:03:43 -0800] "GET /images/wsis-logo-sm.png HTTP/1.1" 200 6108 "http://www.thebackcountry.net/" "Mozilla/5.0 (Windows NT 6.1; WOW64) AppleWebKit/537.36 (KHTML, like Gecko) Chrome/48.0.2564.109 Safari/537.36"
170.75.162.130 - - [15/Feb/2016:14:05:47 -0800] "GET /lib/reccapi.php?resort=alpinemeadows HTTP/1.1" 200 982 "-" "node-superagent/1.4.0"
66.87.133.244 - - [15/Feb/2016:14:07:51 -0800] "GET /images/wsis-logo-sm.png HTTP/1.1" 200 6108 "http://www.thebackcountry.net/" "Mozilla/5.0 (iPhone; CPU iPhone OS 9_2_1 like Mac OS X) AppleWebKit/601.1.46 (KHTML, like Gecko) Version/9.0 Mobile/13D15 Safari/601.1"
66.249.75.41 - - [15/Feb/2016:14:08:06 -0800] "GET /lib/reccapi.php?resort=alpenglow&date=2016-01-28 HTTP/1.1" 200 1002 "http://whereshouldiski.com/" "Mozilla/5.0 (compatible; Googlebot/2.1; +http://www.google.com/bot.html)"
66.249.75.41 - - [15/Feb/2016:14:08:07 -0800] "GET /lib/resortDataSearchD3.php?size=7&sortDate=T&resort=alpenglow&dateStart=2016-01-26 HTTP/1.1" 200 880 "http://whereshouldiski.com/" "Mozilla/5.0 (compatible; Googlebot/2.1; +http://www.google.com/bot.html)"
66.249.75.59 - - [15/Feb/2016:14:08:08 -0800] "GET /lib/reccapi.php?fields=t&date=2016-01-28&coords=61.24%2C-149.5&size=7&sort=distance HTTP/1.1" 200 1358 "http://whereshouldiski.com/" "Mozilla/5.0 (compatible; Googlebot/2.1; +http://www.google.com/bot.html)"
173.219.119.18 - - [15/Feb/2016:14:12:11 -0800] "GET /images/wsis-logo-sm.png HTTP/1.1" 200 6108 "http://www.thebackcountry.net/" "Mozilla/5.0 (Windows NT 6.1; WOW64) AppleWebKit/537.36 (KHTML, like Gecko) Chrome/48.0.2564.109 Safari/537.36"
170.75.162.130 - - [15/Feb/2016:14:16:28 -0800] "GET /lib/reccapi.php?resort=alta HTTP/1.1" 200 1097 "-" "node-superagent/1.4.0"
170.75.162.130 - - [15/Feb/2016:14:16:29 -0800] "GET /lib/reccapi.php?resort=alyeska HTTP/1.1" 200 1035 "-" "node-superagent/1.4.0"
170.75.162.130 - - [15/Feb/2016:14:16:29 -0800] "GET /lib/reccapi.php?resort=brighton HTTP/1.1" 200 1048 "-" "node-superagent/1.4.0"
170.75.162.130 - - [15/Feb/2016:14:16:29 -0800] "GET /lib/reccapi.php?resort=cannonmountain HTTP/1.1" 200 1037 "-" "node-superagent/1.4.0"
170.75.162.130 - - [15/Feb/2016:14:16:29 -0800] "GET /lib/reccapi.php?resort=deervalley HTTP/1.1" 200 1006 "-" "node-superagent/1.4.0"
170.75.162.130 - - [15/Feb/2016:14:16:29 -0800] "GET /lib/reccapi.php?resort=grandtarghee HTTP/1.1" 200 1085 "-" "node-superagent/1.4.0"
170.75.162.130 - - [15/Feb/2016:14:16:29 -0800] "GET /lib/reccapi.php?resort=jacksonhole HTTP/1.1" 200 1065 "-" "node-superagent/1.4.0"
170.75.162.130 - - [15/Feb/2016:14:17:29 -0800] "GET /lib/reccapi.php?resort=jaypeak HTTP/1.1" 200 994 "-" "node-superagent/1.4.0"
170.75.162.130 - - [15/Feb/2016:14:17:29 -0800] "GET /lib/reccapi.php?resort=monarch HTTP/1.1" 200 991 "-" "node-superagent/1.4.0"
170.75.162.130 - - [15/Feb/2016:14:17:29 -0800] "GET /lib/reccapi.php?resort=loveland HTTP/1.1" 200 1067 "-" "node-superagent/1.4.0"
170.75.162.130 - - [15/Feb/2016:14:17:29 -0800] "GET /lib/reccapi.php?resort=schweitzer HTTP/1.1" 200 1049 "-" "node-superagent/1.4.0"
170.75.162.130 - - [15/Feb/2016:14:17:29 -0800] "GET /lib/reccapi.php?resort=solitude HTTP/1.1" 200 1055 "-" "node-superagent/1.4.0"
170.75.162.130 - - [15/Feb/2016:14:17:29 -0800] "GET /lib/reccapi.php?resort=stowe HTTP/1.1" 200 983 "-" "node-superagent/1.4.0"
170.75.162.130 - - [15/Feb/2016:14:17:29 -0800] "GET /lib/reccapi.php?resort=steamboat HTTP/1.1" 200 1069 "-" "node-superagent/1.4.0"
170.75.162.130 - - [15/Feb/2016:14:17:29 -0800] "GET /lib/reccapi.php?resort=snowbasin HTTP/1.1" 200 1046 "-" "node-superagent/1.4.0"
170.75.162.130 - - [15/Feb/2016:14:17:49 -0800] "GET /lib/reccapi.php?resort=telluride HTTP/1.1" 200 983 "-" "node-superagent/1.4.0"
170.75.162.130 - - [15/Feb/2016:14:29:51 -0800] "GET /lib/reccapi.php?resort=sunvalley HTTP/1.1" 200 1096 "-" "node-superagent/1.4.0"
170.75.162.130 - - [15/Feb/2016:14:30:41 -0800] "GET /lib/reccapi.php?resort=bigsky HTTP/1.1" 200 1049 "-" "node-superagent/1.4.0"
170.75.162.130 - - [15/Feb/2016:14:30:51 -0800] "GET /lib/reccapi.php?resort=crystalmountain HTTP/1.1" 200 1044 "-" "node-superagent/1.4.0"
180.76.15.134 - - [15/Feb/2016:14:33:33 -0800] "GET / HTTP/1.1" 200 6995 "-" "Mozilla/5.0 (compatible; Baiduspider/2.0; +http://www.baidu.com/search/spider.html)"
180.76.15.8 - - [15/Feb/2016:14:34:28 -0800] "GET / HTTP/1.1" 200 6995 "-" "Mozilla/5.0 (compatible; Baiduspider/2.0; +http://www.baidu.com/search/spider.html)"
