127.0.0.1 - - [27/Sep/2015:06:50:49 -0700] "OPTIONS * HTTP/1.0" 200 126 "-" "Apache/2.2.22 (Ubuntu) (internal dummy connection)"
127.0.0.1 - - [27/Sep/2015:06:50:49 -0700] "OPTIONS * HTTP/1.0" 200 126 "-" "Apache/2.2.22 (Ubuntu) (internal dummy connection)"
127.0.0.1 - - [27/Sep/2015:06:50:49 -0700] "OPTIONS * HTTP/1.0" 200 126 "-" "Apache/2.2.22 (Ubuntu) (internal dummy connection)"
180.76.15.10 - - [27/Sep/2015:06:50:57 -0700] "GET / HTTP/1.1" 200 6114 "-" "Mozilla/5.0 (compatible; Baiduspider/2.0; +http://www.baidu.com/search/spider.html)"
180.76.15.9 - - [27/Sep/2015:06:52:05 -0700] "GET / HTTP/1.1" 200 6114 "-" "Mozilla/5.0 (compatible; Baiduspider/2.0; +http://www.baidu.com/search/spider.html)"
170.75.162.130 - - [27/Sep/2015:06:53:03 -0700] "GET /lib/reccapi.php?resort=chinapeak HTTP/1.1" 200 982 "-" "node-superagent/0.18.2"
170.75.162.130 - - [27/Sep/2015:06:54:23 -0700] "GET /lib/reccapi.php?resort=monarch HTTP/1.1" 200 978 "-" "node-superagent/0.18.2"
73.223.78.8 - - [27/Sep/2015:06:56:36 -0700] "GET /images/wsis-logo-sm.png HTTP/1.1" 200 6108 "http://www.thebackcountry.net/" "Mozilla/5.0 (Windows NT 6.3; WOW64; Trident/7.0; rv:11.0) like Gecko"
73.223.78.8 - - [27/Sep/2015:06:56:57 -0700] "-" 408 0 "-" "-"
46.229.164.101 - - [27/Sep/2015:07:03:10 -0700] "GET /resorts?resort=hoodoo HTTP/1.1" 404 469 "-" "Mozilla/5.0 (compatible; SemrushBot/0.99~bl; +http://www.semrush.com/bot.html)"
170.75.162.130 - - [27/Sep/2015:07:04:04 -0700] "GET /lib/reccapi.php?resort=stevenspass HTTP/1.1" 200 969 "-" "node-superagent/0.18.2"
46.229.164.101 - - [27/Sep/2015:07:17:34 -0700] "GET /resorts?resort=pajaritomountain HTTP/1.1" 404 469 "-" "Mozilla/5.0 (compatible; SemrushBot/0.99~bl; +http://www.semrush.com/bot.html)"
216.52.242.14 - - [27/Sep/2015:07:19:14 -0700] "GET /images/viz-screenshot.png HTTP/1.1" 404 480 "-" "LinkedInBot/1.0 (compatible; Mozilla/5.0; Jakarta Commons-HttpClient/4.3 +http://www.linkedin.com)"
170.75.162.130 - - [27/Sep/2015:07:20:15 -0700] "GET /lib/reccapi.php?resort=deervalley HTTP/1.1" 200 997 "-" "node-superagent/0.18.2"
208.115.111.66 - - [27/Sep/2015:07:23:11 -0700] "GET /resorts?resort=alta&date=2014-06-25 HTTP/1.1" 404 476 "-" "Mozilla/5.0 (compatible; DotBot/1.1; http://www.opensiteexplorer.org/dotbot, help@moz.com)"
104.197.113.2 - - [27/Sep/2015:07:29:20 -0700] "GET / HTTP/1.0" 200 6151 "-" "NerdyBot"
170.75.162.130 - - [27/Sep/2015:07:31:26 -0700] "GET /lib/reccapi.php?resort=telluride HTTP/1.1" 200 987 "-" "node-superagent/0.18.2"
46.229.164.101 - - [27/Sep/2015:07:32:02 -0700] "GET /resorts?resort=bigsky HTTP/1.1" 404 469 "-" "Mozilla/5.0 (compatible; SemrushBot/0.99~bl; +http://www.semrush.com/bot.html)"
170.75.162.130 - - [27/Sep/2015:07:33:06 -0700] "GET /lib/reccapi.php?resort=diamondpeak HTTP/1.1" 200 950 "-" "node-superagent/0.18.2"
209.33.99.10 - - [27/Sep/2015:07:38:33 -0700] "GET /images/wsis-logo-sm.png HTTP/1.1" 200 6108 "http://www.thebackcountry.net/" "Mozilla/5.0 (Macintosh; Intel Mac OS X 10_9_5) AppleWebKit/537.36 (KHTML, like Gecko) Chrome/43.0.2357.124 Safari/537.36"
174.50.174.54 - - [27/Sep/2015:07:44:46 -0700] "GET /images/wsis-logo-sm.png HTTP/1.1" 200 6108 "http://www.thebackcountry.net/" "Mozilla/5.0 (iPhone; CPU iPhone OS 8_1_2 like Mac OS X) AppleWebKit/600.1.4 (KHTML, like Gecko) Version/8.0 Mobile/12B440 Safari/600.1.4"
73.223.78.8 - - [27/Sep/2015:07:46:52 -0700] "GET /images/wsis-logo-sm.png HTTP/1.1" 200 6108 "http://www.thebackcountry.net/" "Mozilla/5.0 (Windows NT 6.3; WOW64; Trident/7.0; rv:11.0) like Gecko"
180.76.15.34 - - [27/Sep/2015:07:49:28 -0700] "GET / HTTP/1.1" 200 6114 "-" "Mozilla/5.0 (compatible; Baiduspider/2.0; +http://www.baidu.com/search/spider.html)"
180.76.15.139 - - [27/Sep/2015:07:50:29 -0700] "GET / HTTP/1.1" 200 6114 "-" "Mozilla/5.0 (compatible; Baiduspider/2.0; +http://www.baidu.com/search/spider.html)"
173.72.157.72 - - [27/Sep/2015:07:55:44 -0700] "GET /images/wsis-logo-sm.png HTTP/1.1" 200 6108 "http://www.thebackcountry.net/" "Mozilla/5.0 (Macintosh; Intel Mac OS X 10_10_5) AppleWebKit/537.36 (KHTML, like Gecko) Chrome/45.0.2454.85 Safari/537.36"
70.211.64.250 - - [27/Sep/2015:08:15:29 -0700] "GET /images/wsis-logo-sm.png HTTP/1.1" 200 6108 "http://www.thebackcountry.net/" "Mozilla/5.0 (iPhone; CPU iPhone OS 9_0 like Mac OS X) AppleWebKit/601.1.46 (KHTML, like Gecko) Version/9.0 Mobile/13A344 Safari/601.1"
107.198.148.16 - - [27/Sep/2015:08:15:37 -0700] "GET /images/wsis-logo-sm.png HTTP/1.1" 200 6108 "http://www.thebackcountry.net/" "Mozilla/5.0 (compatible; MSIE 10.0; Windows NT 6.1; WOW64; Trident/6.0)"
46.229.164.99 - - [27/Sep/2015:08:18:04 -0700] "GET /resorts?resort=devilshead HTTP/1.1" 404 469 "-" "Mozilla/5.0 (compatible; SemrushBot/0.99~bl; +http://www.semrush.com/bot.html)"
113.132.2.201 - - [27/Sep/2015:08:25:31 -0700] "GET / HTTP/1.0" 200 6114 "-" "-"
117.22.136.226 - - [27/Sep/2015:08:25:32 -0700] "GET / HTTP/1.0" 200 6114 "-" "-"
117.32.234.193 - - [27/Sep/2015:08:25:33 -0700] "GET / HTTP/1.1" 200 6095 "-" "-"
117.32.234.193 - - [27/Sep/2015:08:25:34 -0700] "GET / HTTP/1.1" 200 6114 "-" "Mozilla/5.0 (compatible; Nmap Scripting Engine; http://nmap.org/book/nse.html)"
65.78.129.249 - - [27/Sep/2015:08:28:08 -0700] "GET /images/wsis-logo-sm.png HTTP/1.1" 200 6108 "http://www.thebackcountry.net/" "Mozilla/5.0 (Macintosh; Intel Mac OS X 10_5_8) AppleWebKit/534.50.2 (KHTML, like Gecko) Version/5.0.6 Safari/533.22.3"
191.36.165.150 - - [27/Sep/2015:08:31:59 -0700] "GET /images/wsis-logo-sm.png HTTP/1.1" 200 6108 "http://thebackcountry.net/" "Mozilla/5.0 (Windows NT 6.1; WOW64) AppleWebKit/537.36 (KHTML, like Gecko) Chrome/36.0.1985.143 Safari/537.36"
46.229.164.99 - - [27/Sep/2015:08:34:16 -0700] "GET /resorts?resort=crestedbutte HTTP/1.1" 404 469 "-" "Mozilla/5.0 (compatible; SemrushBot/0.99~bl; +http://www.semrush.com/bot.html)"
123.125.71.114 - - [27/Sep/2015:08:34:18 -0700] "-" 408 0 "-" "-"
207.46.13.173 - - [27/Sep/2015:08:34:22 -0700] "GET /about HTTP/1.1" 404 506 "-" "Mozilla/5.0 (compatible; bingbot/2.0; +http://www.bing.com/bingbot.htm)"
170.75.162.130 - - [27/Sep/2015:08:36:07 -0700] "GET /lib/reccapi.php?resort=grandtarghee HTTP/1.1" 200 1068 "-" "node-superagent/0.18.2"
170.75.162.130 - - [27/Sep/2015:08:36:07 -0700] "GET /lib/reccapi.php?resort=jacksonhole HTTP/1.1" 200 1050 "-" "node-superagent/0.18.2"
180.76.15.11 - - [27/Sep/2015:08:42:16 -0700] "GET / HTTP/1.1" 200 6114 "-" "Mozilla/5.0 (compatible; Baiduspider/2.0; +http://www.baidu.com/search/spider.html)"
180.76.15.147 - - [27/Sep/2015:08:43:06 -0700] "GET / HTTP/1.1" 200 6114 "-" "Mozilla/5.0 (compatible; Baiduspider/2.0; +http://www.baidu.com/search/spider.html)"
170.75.162.130 - - [27/Sep/2015:08:47:08 -0700] "GET /lib/reccapi.php?resort=schweitzer HTTP/1.1" 200 957 "-" "node-superagent/0.18.2"
170.75.162.130 - - [27/Sep/2015:08:47:08 -0700] "GET /lib/reccapi.php?resort=sunvalley HTTP/1.1" 200 1051 "-" "node-superagent/0.18.2"
170.75.162.130 - - [27/Sep/2015:08:55:29 -0700] "GET /lib/reccapi.php?resort=alpinemeadows HTTP/1.1" 200 1007 "-" "node-superagent/0.18.2"
170.75.162.130 - - [27/Sep/2015:08:55:29 -0700] "GET /lib/reccapi.php?resort=bigwhite HTTP/1.1" 200 911 "-" "node-superagent/0.18.2"
170.75.162.130 - - [27/Sep/2015:08:55:30 -0700] "GET /lib/reccapi.php?resort=heavenly HTTP/1.1" 200 990 "-" "node-superagent/0.18.2"
170.75.162.130 - - [27/Sep/2015:08:55:30 -0700] "GET /lib/reccapi.php?resort=homewoodmountain HTTP/1.1" 200 996 "-" "node-superagent/0.18.2"
170.75.162.130 - - [27/Sep/2015:08:55:30 -0700] "GET /lib/reccapi.php?resort=kirkwood HTTP/1.1" 200 1000 "-" "node-superagent/0.18.2"
170.75.162.130 - - [27/Sep/2015:08:55:30 -0700] "GET /lib/reccapi.php?resort=mammothmountain HTTP/1.1" 200 998 "-" "node-superagent/0.18.2"
170.75.162.130 - - [27/Sep/2015:08:55:30 -0700] "GET /lib/reccapi.php?resort=mountainhigh HTTP/1.1" 200 989 "-" "node-superagent/0.18.2"
170.75.162.130 - - [27/Sep/2015:08:55:30 -0700] "GET /lib/reccapi.php?resort=northstar-at-tahoe HTTP/1.1" 200 973 "-" "node-superagent/0.18.2"
170.75.162.130 - - [27/Sep/2015:08:55:30 -0700] "GET /lib/reccapi.php?resort=sierra-at-tahoe HTTP/1.1" 200 985 "-" "node-superagent/0.18.2"
170.75.162.130 - - [27/Sep/2015:08:55:30 -0700] "GET /lib/reccapi.php?resort=squawvalleyusa HTTP/1.1" 200 994 "-" "node-superagent/0.18.2"
170.75.162.130 - - [27/Sep/2015:08:55:30 -0700] "GET /lib/reccapi.php?resort=sugarbowl HTTP/1.1" 200 968 "-" "node-superagent/0.18.2"
170.75.162.130 - - [27/Sep/2015:08:55:30 -0700] "GET /lib/reccapi.php?resort=whistlerblackcomb HTTP/1.1" 200 922 "-" "node-superagent/0.18.2"
170.75.162.130 - - [27/Sep/2015:08:56:29 -0700] "GET /lib/reccapi.php?resort=jaypeak HTTP/1.1" 200 963 "-" "node-superagent/0.18.2"
170.75.162.130 - - [27/Sep/2015:08:56:29 -0700] "GET /lib/reccapi.php?resort=killington HTTP/1.1" 200 949 "-" "node-superagent/0.18.2"
170.75.162.130 - - [27/Sep/2015:08:56:29 -0700] "GET /lib/reccapi.php?resort=madriverglen HTTP/1.1" 200 953 "-" "node-superagent/0.18.2"
170.75.162.130 - - [27/Sep/2015:08:56:29 -0700] "GET /lib/reccapi.php?resort=devilshead HTTP/1.1" 200 968 "-" "node-superagent/0.18.2"
170.75.162.130 - - [27/Sep/2015:08:56:29 -0700] "GET /lib/reccapi.php?resort=stowe HTTP/1.1" 200 929 "-" "node-superagent/0.18.2"
170.75.162.130 - - [27/Sep/2015:08:56:29 -0700] "GET /lib/reccapi.php?resort=sugarbush HTTP/1.1" 200 952 "-" "node-superagent/0.18.2"
170.75.162.130 - - [27/Sep/2015:08:56:29 -0700] "GET /lib/reccapi.php?resort=smugglersnotch HTTP/1.1" 200 975 "-" "node-superagent/0.18.2"
170.75.162.130 - - [27/Sep/2015:08:59:30 -0700] "GET /lib/reccapi.php?resort=snowbasin HTTP/1.1" 200 955 "-" "node-superagent/0.18.2"
46.229.164.99 - - [27/Sep/2015:09:00:02 -0700] "GET /resorts?resort=montanasnowbowl HTTP/1.1" 404 469 "-" "Mozilla/5.0 (compatible; SemrushBot/0.99~bl; +http://www.semrush.com/bot.html)"
50.161.21.48 - - [27/Sep/2015:09:01:40 -0700] "GET /images/wsis-logo-sm.png HTTP/1.1" 200 6108 "http://www.thebackcountry.net/" "Mozilla/5.0 (X11; CrOS x86_64 7262.52.0) AppleWebKit/537.36 (KHTML, like Gecko) Chrome/45.0.2454.86 Safari/537.36"
170.75.162.130 - - [27/Sep/2015:09:03:51 -0700] "GET /lib/reccapi.php?resort=aspenmountain HTTP/1.1" 200 997 "-" "node-superagent/0.18.2"
170.75.162.130 - - [27/Sep/2015:09:15:32 -0700] "GET /lib/reccapi.php?resort=parkcity HTTP/1.1" 200 1002 "-" "node-superagent/0.18.2"
170.75.162.130 - - [27/Sep/2015:09:26:04 -0700] "GET /lib/reccapi.php?resort=mountbachelor HTTP/1.1" 200 963 "-" "node-superagent/0.18.2"
46.229.164.99 - - [27/Sep/2015:09:28:37 -0700] "GET /resorts?resort=purgatory HTTP/1.1" 404 469 "-" "Mozilla/5.0 (compatible; SemrushBot/0.99~bl; +http://www.semrush.com/bot.html)"
123.125.71.92 - - [27/Sep/2015:09:28:53 -0700] "-" 408 0 "-" "-"
220.181.108.112 - - [27/Sep/2015:09:38:57 -0700] "-" 408 0 "-" "-"
170.75.162.130 - - [27/Sep/2015:09:42:05 -0700] "GET /lib/reccapi.php?resort=alta HTTP/1.1" 200 952 "-" "node-superagent/0.18.2"
170.75.162.130 - - [27/Sep/2015:09:42:05 -0700] "GET /lib/reccapi.php?resort=sugarloaf HTTP/1.1" 200 947 "-" "node-superagent/0.18.2"
180.76.15.151 - - [27/Sep/2015:09:46:51 -0700] "GET / HTTP/1.1" 200 6114 "-" "Mozilla/5.0 (compatible; Baiduspider/2.0; +http://www.baidu.com/search/spider.html)"
180.76.15.154 - - [27/Sep/2015:09:47:46 -0700] "GET / HTTP/1.1" 200 6114 "-" "Mozilla/5.0 (compatible; Baiduspider/2.0; +http://www.baidu.com/search/spider.html)"
50.137.117.7 - - [27/Sep/2015:09:48:49 -0700] "GET /images/wsis-logo-sm.png HTTP/1.1" 200 6108 "http://www.thebackcountry.net/" "Mozilla/5.0 (Windows NT 6.1; WOW64) AppleWebKit/537.36 (KHTML, like Gecko) Chrome/45.0.2454.99 Safari/537.36"
207.46.13.173 - - [27/Sep/2015:09:56:49 -0700] "GET /about HTTP/1.1" 404 506 "-" "Mozilla/5.0 (compatible; bingbot/2.0; +http://www.bing.com/bingbot.htm)"
69.63.94.58 - - [27/Sep/2015:09:58:34 -0700] "GET /images/wsis-logo-sm.png HTTP/1.1" 200 6108 "http://www.thebackcountry.net/" "Mozilla/5.0 (Linux; Android 5.1; XT1254 Build/SU3TL-39) AppleWebKit/537.36 (KHTML, like Gecko) Chrome/45.0.2454.94 Mobile Safari/537.36"
37.220.17.227 - - [27/Sep/2015:10:03:15 -0700] "GET / HTTP/1.1" 200 6151 "-" "Java/1.6.0_04"
37.220.17.227 - - [27/Sep/2015:10:03:15 -0700] "GET /about HTTP/1.1" 404 531 "-" "Java/1.6.0_04"
37.220.17.227 - - [27/Sep/2015:10:03:16 -0700] "GET /images/logo-sm.png HTTP/1.1" 200 16738 "-" "Java/1.6.0_04"
37.220.17.227 - - [27/Sep/2015:10:03:16 -0700] "GET //platform.twitter.com/widgets.js HTTP/1.1" 404 553 "-" "Java/1.6.0_04"
37.220.17.227 - - [27/Sep/2015:10:03:17 -0700] "GET /bower_components/requirejs/require.js HTTP/1.1" 200 17183 "-" "Java/1.6.0_04"
151.80.31.138 - - [27/Sep/2015:10:07:04 -0700] "GET /viz/2012-2013-viz.php HTTP/1.1" 404 450 "-" "Mozilla/5.0 (compatible; AhrefsBot/5.0; +http://ahrefs.com/robot/)"
170.75.162.130 - - [27/Sep/2015:10:11:19 -0700] "GET /lib/reccapi.php?resort=49degreesnorth HTTP/1.1" 200 969 "-" "node-superagent/0.18.2"
170.75.162.130 - - [27/Sep/2015:10:11:19 -0700] "GET /lib/reccapi.php?resort=alyeska HTTP/1.1" 200 1001 "-" "node-superagent/0.18.2"
170.75.162.130 - - [27/Sep/2015:10:11:19 -0700] "GET /lib/reccapi.php?resort=aspenheights HTTP/1.1" 200 1001 "-" "node-superagent/0.18.2"
170.75.162.130 - - [27/Sep/2015:10:11:20 -0700] "GET /lib/reccapi.php?resort=brianhead HTTP/1.1" 200 965 "-" "node-superagent/0.18.2"
170.75.162.130 - - [27/Sep/2015:10:11:20 -0700] "GET /lib/reccapi.php?resort=brighton HTTP/1.1" 200 959 "-" "node-superagent/0.18.2"
170.75.162.130 - - [27/Sep/2015:10:11:20 -0700] "GET /lib/reccapi.php?resort=buttermilk HTTP/1.1" 200 979 "-" "node-superagent/0.18.2"
170.75.162.130 - - [27/Sep/2015:10:11:20 -0700] "GET /lib/reccapi.php?resort=cannonmountain HTTP/1.1" 200 953 "-" "node-superagent/0.18.2"
170.75.162.130 - - [27/Sep/2015:10:11:20 -0700] "GET /lib/reccapi.php?resort=canyons HTTP/1.1" 200 965 "-" "node-superagent/0.18.2"
170.75.162.130 - - [27/Sep/2015:10:11:20 -0700] "GET /lib/reccapi.php?resort=coppermountain HTTP/1.1" 200 987 "-" "node-superagent/0.18.2"
170.75.162.130 - - [27/Sep/2015:10:11:20 -0700] "GET /lib/reccapi.php?resort=crestedbutte HTTP/1.1" 200 970 "-" "node-superagent/0.18.2"
170.75.162.130 - - [27/Sep/2015:10:11:20 -0700] "GET /lib/reccapi.php?resort=keystone HTTP/1.1" 200 991 "-" "node-superagent/0.18.2"
170.75.162.130 - - [27/Sep/2015:10:11:20 -0700] "GET /lib/reccapi.php?resort=loveland HTTP/1.1" 200 1012 "-" "node-superagent/0.18.2"
170.75.162.130 - - [27/Sep/2015:10:12:19 -0700] "GET /lib/reccapi.php?resort=wildcatmountain HTTP/1.1" 200 955 "-" "node-superagent/0.18.2"
170.75.162.130 - - [27/Sep/2015:10:12:19 -0700] "GET /lib/reccapi.php?resort=snowbird HTTP/1.1" 200 958 "-" "node-superagent/0.18.2"
170.75.162.130 - - [27/Sep/2015:10:12:19 -0700] "GET /lib/reccapi.php?resort=mtrose HTTP/1.1" 200 960 "-" "node-superagent/0.18.2"
170.75.162.130 - - [27/Sep/2015:10:12:19 -0700] "GET /lib/reccapi.php?resort=steamboat HTTP/1.1" 200 965 "-" "node-superagent/0.18.2"
170.75.162.130 - - [27/Sep/2015:10:12:19 -0700] "GET /lib/reccapi.php?resort=solitude HTTP/1.1" 200 974 "-" "node-superagent/0.18.2"
173.252.73.108 - - [27/Sep/2015:10:17:22 -0700] "GET /images/prop3.png HTTP/1.1" 200 95754 "-" "facebookexternalhit/1.1 (+http://www.facebook.com/externalhit_uatext.php)"
170.75.162.130 - - [27/Sep/2015:10:18:30 -0700] "GET /lib/reccapi.php?resort=taos HTTP/1.1" 200 976 "-" "node-superagent/0.18.2"
71.75.200.85 - - [27/Sep/2015:10:20:27 -0700] "GET / HTTP/1.1" 200 2376 "http://www.earnyourturns.com/22733/first-look-ion-g3s-take-2-on-tech/" "Mozilla/5.0 (Macintosh; Intel Mac OS X 10_10_2) AppleWebKit/600.3.18 (KHTML, like Gecko) Version/8.0.3 Safari/600.3.18"
71.75.200.85 - - [27/Sep/2015:10:20:27 -0700] "GET /styles/0fffd548.main.css HTTP/1.1" 200 19316 "http://whereshouldiski.com/" "Mozilla/5.0 (Macintosh; Intel Mac OS X 10_10_2) AppleWebKit/600.3.18 (KHTML, like Gecko) Version/8.0.3 Safari/600.3.18"
71.75.200.85 - - [27/Sep/2015:10:20:27 -0700] "GET /scripts/scripts/vendor/modernizr.js HTTP/1.1" 200 4903 "http://whereshouldiski.com/" "Mozilla/5.0 (Macintosh; Intel Mac OS X 10_10_2) AppleWebKit/600.3.18 (KHTML, like Gecko) Version/8.0.3 Safari/600.3.18"
71.75.200.85 - - [27/Sep/2015:10:20:27 -0700] "GET /bower_components/requirejs/require.js HTTP/1.1" 200 6702 "http://whereshouldiski.com/" "Mozilla/5.0 (Macintosh; Intel Mac OS X 10_10_2) AppleWebKit/600.3.18 (KHTML, like Gecko) Version/8.0.3 Safari/600.3.18"
71.75.200.85 - - [27/Sep/2015:10:20:27 -0700] "GET /images/loading.gif HTTP/1.1" 200 13881 "http://whereshouldiski.com/" "Mozilla/5.0 (Macintosh; Intel Mac OS X 10_10_2) AppleWebKit/600.3.18 (KHTML, like Gecko) Version/8.0.3 Safari/600.3.18"
71.75.200.85 - - [27/Sep/2015:10:20:27 -0700] "GET /images/logo-sm.png HTTP/1.1" 200 16737 "http://whereshouldiski.com/" "Mozilla/5.0 (Macintosh; Intel Mac OS X 10_10_2) AppleWebKit/600.3.18 (KHTML, like Gecko) Version/8.0.3 Safari/600.3.18"
71.75.200.85 - - [27/Sep/2015:10:20:28 -0700] "GET /scripts/fa48e319.main.js HTTP/1.1" 200 123455 "http://whereshouldiski.com/" "Mozilla/5.0 (Macintosh; Intel Mac OS X 10_10_2) AppleWebKit/600.3.18 (KHTML, like Gecko) Version/8.0.3 Safari/600.3.18"
71.75.200.85 - - [27/Sep/2015:10:20:29 -0700] "GET /favicon.ico HTTP/1.1" 200 1476 "http://whereshouldiski.com/" "Mozilla/5.0 (Macintosh; Intel Mac OS X 10_10_2) AppleWebKit/600.3.18 (KHTML, like Gecko) Version/8.0.3 Safari/600.3.18"
71.75.200.85 - - [27/Sep/2015:10:20:29 -0700] "GET /images/greyHeader.png HTTP/1.1" 200 508 "http://whereshouldiski.com/" "Mozilla/5.0 (Macintosh; Intel Mac OS X 10_10_2) AppleWebKit/600.3.18 (KHTML, like Gecko) Version/8.0.3 Safari/600.3.18"
71.75.200.85 - - [27/Sep/2015:10:20:29 -0700] "GET /images/button.png HTTP/1.1" 200 598 "http://whereshouldiski.com/" "Mozilla/5.0 (Macintosh; Intel Mac OS X 10_10_2) AppleWebKit/600.3.18 (KHTML, like Gecko) Version/8.0.3 Safari/600.3.18"
71.75.200.85 - - [27/Sep/2015:10:20:29 -0700] "GET /lib/reccapi.php?fields=t HTTP/1.1" 200 1771 "http://whereshouldiski.com/" "Mozilla/5.0 (Macintosh; Intel Mac OS X 10_10_2) AppleWebKit/600.3.18 (KHTML, like Gecko) Version/8.0.3 Safari/600.3.18"
71.75.200.85 - - [27/Sep/2015:10:20:29 -0700] "GET /images/star5.png HTTP/1.1" 200 1783 "http://whereshouldiski.com/" "Mozilla/5.0 (Macintosh; Intel Mac OS X 10_10_2) AppleWebKit/600.3.18 (KHTML, like Gecko) Version/8.0.3 Safari/600.3.18"
71.75.200.85 - - [27/Sep/2015:10:20:29 -0700] "GET /images/bluebird5.png HTTP/1.1" 200 2177 "http://whereshouldiski.com/" "Mozilla/5.0 (Macintosh; Intel Mac OS X 10_10_2) AppleWebKit/600.3.18 (KHTML, like Gecko) Version/8.0.3 Safari/600.3.18"
71.75.200.85 - - [27/Sep/2015:10:20:29 -0700] "GET /images/snowflake5.png HTTP/1.1" 200 2857 "http://whereshouldiski.com/" "Mozilla/5.0 (Macintosh; Intel Mac OS X 10_10_2) AppleWebKit/600.3.18 (KHTML, like Gecko) Version/8.0.3 Safari/600.3.18"
71.75.200.85 - - [27/Sep/2015:10:20:29 -0700] "GET /images/shading-icon.png HTTP/1.1" 200 537 "http://whereshouldiski.com/" "Mozilla/5.0 (Macintosh; Intel Mac OS X 10_10_2) AppleWebKit/600.3.18 (KHTML, like Gecko) Version/8.0.3 Safari/600.3.18"
71.75.200.85 - - [27/Sep/2015:10:20:29 -0700] "GET /images/mtns-icon.png HTTP/1.1" 200 1097 "http://whereshouldiski.com/" "Mozilla/5.0 (Macintosh; Intel Mac OS X 10_10_2) AppleWebKit/600.3.18 (KHTML, like Gecko) Version/8.0.3 Safari/600.3.18"
127.0.0.1 - - [27/Sep/2015:10:20:36 -0700] "OPTIONS * HTTP/1.0" 200 126 "-" "Apache/2.2.22 (Ubuntu) (internal dummy connection)"
71.75.200.85 - - [27/Sep/2015:10:21:10 -0700] "GET /lib/reccapi.php?fields=t&state=NM HTTP/1.1" 200 1120 "http://whereshouldiski.com/" "Mozilla/5.0 (Macintosh; Intel Mac OS X 10_10_2) AppleWebKit/600.3.18 (KHTML, like Gecko) Version/8.0.3 Safari/600.3.18"
71.75.200.85 - - [27/Sep/2015:10:21:10 -0700] "GET /images/greenHeader.png HTTP/1.1" 200 508 "http://whereshouldiski.com/" "Mozilla/5.0 (Macintosh; Intel Mac OS X 10_10_2) AppleWebKit/600.3.18 (KHTML, like Gecko) Version/8.0.3 Safari/600.3.18"
71.75.200.85 - - [27/Sep/2015:10:21:26 -0700] "GET /lib/reccapi.php?resort=angelfire&date=2015-09-30 HTTP/1.1" 200 983 "http://whereshouldiski.com/" "Mozilla/5.0 (Macintosh; Intel Mac OS X 10_10_2) AppleWebKit/600.3.18 (KHTML, like Gecko) Version/8.0.3 Safari/600.3.18"
71.75.200.85 - - [27/Sep/2015:10:21:26 -0700] "GET /images/snowforecast-logo.jpg HTTP/1.1" 200 22988 "http://whereshouldiski.com/" "Mozilla/5.0 (Macintosh; Intel Mac OS X 10_10_2) AppleWebKit/600.3.18 (KHTML, like Gecko) Version/8.0.3 Safari/600.3.18"
71.75.200.85 - - [27/Sep/2015:10:21:26 -0700] "GET /images/shading-53px.png HTTP/1.1" 200 548 "http://whereshouldiski.com/" "Mozilla/5.0 (Macintosh; Intel Mac OS X 10_10_2) AppleWebKit/600.3.18 (KHTML, like Gecko) Version/8.0.3 Safari/600.3.18"
71.75.200.85 - - [27/Sep/2015:10:21:26 -0700] "GET /images/stars-med-5.png HTTP/1.1" 200 4124 "http://whereshouldiski.com/" "Mozilla/5.0 (Macintosh; Intel Mac OS X 10_10_2) AppleWebKit/600.3.18 (KHTML, like Gecko) Version/8.0.3 Safari/600.3.18"
71.75.200.85 - - [27/Sep/2015:10:21:26 -0700] "GET /images/sun-med-5.png HTTP/1.1" 200 7627 "http://whereshouldiski.com/" "Mozilla/5.0 (Macintosh; Intel Mac OS X 10_10_2) AppleWebKit/600.3.18 (KHTML, like Gecko) Version/8.0.3 Safari/600.3.18"
71.75.200.85 - - [27/Sep/2015:10:21:26 -0700] "GET /images/opensnow_logo.png HTTP/1.1" 200 11777 "http://whereshouldiski.com/" "Mozilla/5.0 (Macintosh; Intel Mac OS X 10_10_2) AppleWebKit/600.3.18 (KHTML, like Gecko) Version/8.0.3 Safari/600.3.18"
71.75.200.85 - - [27/Sep/2015:10:21:26 -0700] "GET /lib/reccapi.php?fields=t&date=2015-09-30&coords=36.39%2C-105.27&size=7&sort=distance HTTP/1.1" 200 1275 "http://whereshouldiski.com/" "Mozilla/5.0 (Macintosh; Intel Mac OS X 10_10_2) AppleWebKit/600.3.18 (KHTML, like Gecko) Version/8.0.3 Safari/600.3.18"
71.75.200.85 - - [27/Sep/2015:10:21:26 -0700] "GET /lib/resortDataSearchD3.php?size=7&sortDate=T&resort=angelfire&dateStart=2015-09-28 HTTP/1.1" 200 674 "http://whereshouldiski.com/" "Mozilla/5.0 (Macintosh; Intel Mac OS X 10_10_2) AppleWebKit/600.3.18 (KHTML, like Gecko) Version/8.0.3 Safari/600.3.18"
71.75.200.85 - - [27/Sep/2015:10:21:26 -0700] "GET /images/snowflake-med-5.png HTTP/1.1" 200 6156 "http://whereshouldiski.com/" "Mozilla/5.0 (Macintosh; Intel Mac OS X 10_10_2) AppleWebKit/600.3.18 (KHTML, like Gecko) Version/8.0.3 Safari/600.3.18"
71.75.200.85 - - [27/Sep/2015:10:21:26 -0700] "GET /images/mtns-30px.png HTTP/1.1" 200 1201 "http://whereshouldiski.com/" "Mozilla/5.0 (Macintosh; Intel Mac OS X 10_10_2) AppleWebKit/600.3.18 (KHTML, like Gecko) Version/8.0.3 Safari/600.3.18"
127.0.0.1 - - [27/Sep/2015:10:21:33 -0700] "OPTIONS * HTTP/1.0" 200 126 "-" "Apache/2.2.22 (Ubuntu) (internal dummy connection)"
71.75.200.85 - - [27/Sep/2015:10:21:58 -0700] "GET /lib/reccapi.php?fields=t&state=NM HTTP/1.1" 200 1120 "http://whereshouldiski.com/" "Mozilla/5.0 (Macintosh; Intel Mac OS X 10_10_2) AppleWebKit/600.3.18 (KHTML, like Gecko) Version/8.0.3 Safari/600.3.18"
71.75.200.85 - - [27/Sep/2015:10:22:16 -0700] "GET /lib/reccapi.php?resort=skisantafe&date=2015-09-29 HTTP/1.1" 200 1029 "http://whereshouldiski.com/" "Mozilla/5.0 (Macintosh; Intel Mac OS X 10_10_2) AppleWebKit/600.3.18 (KHTML, like Gecko) Version/8.0.3 Safari/600.3.18"
71.75.200.85 - - [27/Sep/2015:10:22:16 -0700] "GET /lib/reccapi.php?fields=t&date=2015-09-29&coords=35.8%2C-105.79&size=7&sort=distance HTTP/1.1" 200 1264 "http://whereshouldiski.com/" "Mozilla/5.0 (Macintosh; Intel Mac OS X 10_10_2) AppleWebKit/600.3.18 (KHTML, like Gecko) Version/8.0.3 Safari/600.3.18"
71.75.200.85 - - [27/Sep/2015:10:22:17 -0700] "GET /lib/resortDataSearchD3.php?size=7&sortDate=T&resort=skisantafe&dateStart=2015-09-27 HTTP/1.1" 200 759 "http://whereshouldiski.com/" "Mozilla/5.0 (Macintosh; Intel Mac OS X 10_10_2) AppleWebKit/600.3.18 (KHTML, like Gecko) Version/8.0.3 Safari/600.3.18"
71.75.200.85 - - [27/Sep/2015:10:22:45 -0700] "GET /lib/reccapi.php?resort=taos&date=2015-09-29 HTTP/1.1" 200 1035 "http://whereshouldiski.com/" "Mozilla/5.0 (Macintosh; Intel Mac OS X 10_10_2) AppleWebKit/600.3.18 (KHTML, like Gecko) Version/8.0.3 Safari/600.3.18"
71.75.200.85 - - [27/Sep/2015:10:22:45 -0700] "GET /lib/reccapi.php?fields=t&date=2015-09-29&coords=36.58%2C-105.48&size=7&sort=distance HTTP/1.1" 200 1268 "http://whereshouldiski.com/" "Mozilla/5.0 (Macintosh; Intel Mac OS X 10_10_2) AppleWebKit/600.3.18 (KHTML, like Gecko) Version/8.0.3 Safari/600.3.18"
71.75.200.85 - - [27/Sep/2015:10:22:45 -0700] "GET /lib/resortDataSearchD3.php?size=7&sortDate=T&resort=taos&dateStart=2015-09-27 HTTP/1.1" 200 757 "http://whereshouldiski.com/" "Mozilla/5.0 (Macintosh; Intel Mac OS X 10_10_2) AppleWebKit/600.3.18 (KHTML, like Gecko) Version/8.0.3 Safari/600.3.18"
71.75.200.85 - - [27/Sep/2015:10:23:21 -0700] "GET /lib/reccapi.php?fields=t HTTP/1.1" 200 1772 "http://whereshouldiski.com/" "Mozilla/5.0 (Macintosh; Intel Mac OS X 10_10_2) AppleWebKit/600.3.18 (KHTML, like Gecko) Version/8.0.3 Safari/600.3.18"
71.75.200.85 - - [27/Sep/2015:10:23:31 -0700] "GET /lib/reccapi.php?fields=t&state=NH HTTP/1.1" 200 885 "http://whereshouldiski.com/" "Mozilla/5.0 (Macintosh; Intel Mac OS X 10_10_2) AppleWebKit/600.3.18 (KHTML, like Gecko) Version/8.0.3 Safari/600.3.18"
71.75.200.85 - - [27/Sep/2015:10:23:41 -0700] "GET /lib/reccapi.php?resort=wildcatmountain&date=2015-09-30 HTTP/1.1" 200 999 "http://whereshouldiski.com/" "Mozilla/5.0 (Macintosh; Intel Mac OS X 10_10_2) AppleWebKit/600.3.18 (KHTML, like Gecko) Version/8.0.3 Safari/600.3.18"
71.75.200.85 - - [27/Sep/2015:10:23:41 -0700] "GET /lib/reccapi.php?fields=t&date=2015-09-30&coords=44.2604%2C-71.2034&size=7&sort=distance HTTP/1.1" 200 1279 "http://whereshouldiski.com/" "Mozilla/5.0 (Macintosh; Intel Mac OS X 10_10_2) AppleWebKit/600.3.18 (KHTML, like Gecko) Version/8.0.3 Safari/600.3.18"
71.75.200.85 - - [27/Sep/2015:10:23:41 -0700] "GET /lib/resortDataSearchD3.php?size=7&sortDate=T&resort=wildcatmountain&dateStart=2015-09-28 HTTP/1.1" 200 686 "http://whereshouldiski.com/" "Mozilla/5.0 (Macintosh; Intel Mac OS X 10_10_2) AppleWebKit/600.3.18 (KHTML, like Gecko) Version/8.0.3 Safari/600.3.18"
71.75.200.85 - - [27/Sep/2015:10:23:53 -0700] "GET /lib/reccapi.php?fields=t&state=NH HTTP/1.1" 200 885 "http://whereshouldiski.com/" "Mozilla/5.0 (Macintosh; Intel Mac OS X 10_10_2) AppleWebKit/600.3.18 (KHTML, like Gecko) Version/8.0.3 Safari/600.3.18"
71.75.200.85 - - [27/Sep/2015:10:23:55 -0700] "GET /lib/reccapi.php?fields=t HTTP/1.1" 200 1771 "http://whereshouldiski.com/" "Mozilla/5.0 (Macintosh; Intel Mac OS X 10_10_2) AppleWebKit/600.3.18 (KHTML, like Gecko) Version/8.0.3 Safari/600.3.18"
71.75.200.85 - - [27/Sep/2015:10:24:19 -0700] "GET /lib/reccapi.php?fields=t&state=CO HTTP/1.1" 200 1184 "http://whereshouldiski.com/" "Mozilla/5.0 (Macintosh; Intel Mac OS X 10_10_2) AppleWebKit/600.3.18 (KHTML, like Gecko) Version/8.0.3 Safari/600.3.18"
71.75.200.85 - - [27/Sep/2015:10:24:32 -0700] "GET /lib/reccapi.php?resort=crestedbutte&date=2015-09-28 HTTP/1.1" 200 1055 "http://whereshouldiski.com/" "Mozilla/5.0 (Macintosh; Intel Mac OS X 10_10_2) AppleWebKit/600.3.18 (KHTML, like Gecko) Version/8.0.3 Safari/600.3.18"
71.75.200.85 - - [27/Sep/2015:10:24:32 -0700] "GET /lib/reccapi.php?fields=t&date=2015-09-28&coords=38.9%2C-106.94&size=7&sort=distance HTTP/1.1" 200 1259 "http://whereshouldiski.com/" "Mozilla/5.0 (Macintosh; Intel Mac OS X 10_10_2) AppleWebKit/600.3.18 (KHTML, like Gecko) Version/8.0.3 Safari/600.3.18"
71.75.200.85 - - [27/Sep/2015:10:24:32 -0700] "GET /lib/resortDataSearchD3.php?size=7&sortDate=T&resort=crestedbutte&dateStart=2015-09-26 HTTP/1.1" 200 851 "http://whereshouldiski.com/" "Mozilla/5.0 (Macintosh; Intel Mac OS X 10_10_2) AppleWebKit/600.3.18 (KHTML, like Gecko) Version/8.0.3 Safari/600.3.18"
198.204.252.252 - - [27/Sep/2015:10:37:47 -0700] "GET /xmprpc.php HTTP/1.0" 404 518 "-" "-"
66.249.79.234 - - [27/Sep/2015:10:43:59 -0700] "GET /blog HTTP/1.1" 404 506 "-" "Mozilla/5.0 (compatible; Googlebot/2.1; +http://www.google.com/bot.html)"
46.229.164.100 - - [27/Sep/2015:10:49:24 -0700] "GET /resorts?resort=chinapeak HTTP/1.1" 404 469 "-" "Mozilla/5.0 (compatible; SemrushBot/0.99~bl; +http://www.semrush.com/bot.html)"
212.83.182.10 - - [27/Sep/2015:10:51:19 -0700] "GET /cgi-bin/php HTTP/1.1" 404 472 "-" "-"
212.83.182.10 - - [27/Sep/2015:10:51:19 -0700] "GET /cgi-bin/php5 HTTP/1.1" 404 473 "-" "-"
212.83.182.10 - - [27/Sep/2015:10:51:19 -0700] "GET /cgi-bin/php-cgi HTTP/1.1" 404 476 "-" "-"
212.83.182.10 - - [27/Sep/2015:10:51:19 -0700] "GET /cgi-bin/php.cgi HTTP/1.1" 404 476 "-" "-"
212.83.182.10 - - [27/Sep/2015:10:51:20 -0700] "GET /cgi-bin/php4 HTTP/1.1" 404 473 "-" "-"
46.229.164.100 - - [27/Sep/2015:11:09:31 -0700] "GET /resorts?resort=magicmountain HTTP/1.1" 404 469 "-" "Mozilla/5.0 (compatible; SemrushBot/0.99~bl; +http://www.semrush.com/bot.html)"
170.75.162.130 - - [27/Sep/2015:11:10:57 -0700] "GET /lib/reccapi.php?resort=arapahoebasin HTTP/1.1" 200 986 "-" "node-superagent/0.18.2"
170.75.162.130 - - [27/Sep/2015:11:10:57 -0700] "GET /lib/reccapi.php?resort=snowmass HTTP/1.1" 200 973 "-" "node-superagent/0.18.2"
170.75.162.130 - - [27/Sep/2015:11:10:57 -0700] "GET /lib/reccapi.php?resort=monarch HTTP/1.1" 200 950 "-" "node-superagent/0.18.2"
170.75.162.130 - - [27/Sep/2015:11:10:57 -0700] "GET /lib/reccapi.php?resort=winterpark HTTP/1.1" 200 971 "-" "node-superagent/0.18.2"
185.53.44.24 - - [27/Sep/2015:11:19:55 -0700] "GET /robots.txt HTTP/1.1" 200 375 "-" "Mozilla/5.0 (compatible; XoviBot/2.0; +http://www.xovibot.net/)"
46.229.164.100 - - [27/Sep/2015:11:26:03 -0700] "GET /resorts?resort=mountbaker HTTP/1.1" 404 469 "-" "Mozilla/5.0 (compatible; SemrushBot/0.99~bl; +http://www.semrush.com/bot.html)"
170.75.162.130 - - [27/Sep/2015:11:27:09 -0700] "GET /lib/reccapi.php?resort=deervalley HTTP/1.1" 200 997 "-" "node-superagent/0.18.2"
178.255.215.81 - - [27/Sep/2015:11:32:37 -0700] "GET /robots.txt HTTP/1.1" 200 382 "-" "Mozilla/5.0 (compatible; Exabot/3.0; +http://www.exabot.com/go/robot)"
178.255.215.81 - - [27/Sep/2015:11:32:38 -0700] "GET / HTTP/1.1" 200 2339 "-" "Mozilla/5.0 (compatible; Exabot/3.0; +http://www.exabot.com/go/robot)"
180.76.15.33 - - [27/Sep/2015:11:35:54 -0700] "GET / HTTP/1.1" 200 6114 "-" "Mozilla/5.0 (compatible; Baiduspider/2.0; +http://www.baidu.com/search/spider.html)"
180.76.15.11 - - [27/Sep/2015:11:36:19 -0700] "GET / HTTP/1.1" 200 6114 "-" "Mozilla/5.0 (compatible; Baiduspider/2.0; +http://www.baidu.com/search/spider.html)"
170.75.162.130 - - [27/Sep/2015:11:37:30 -0700] "GET /lib/reccapi.php?resort=mountspokane HTTP/1.1" 200 984 "-" "node-superagent/0.18.2"
185.45.248.17 - - [27/Sep/2015:11:40:17 -0700] "GET /robots.txt HTTP/1.0" 200 338 "-" "Mozilla/5.0 (compatible; MJ12bot/v1.4.5; http://www.majestic12.co.uk/bot.php?+)"
185.45.248.17 - - [27/Sep/2015:11:40:19 -0700] "GET /resorts?resort=smugglersnotch HTTP/1.0" 404 495 "-" "Mozilla/5.0 (compatible; MJ12bot/v1.4.5; http://www.majestic12.co.uk/bot.php?+)"
46.229.164.100 - - [27/Sep/2015:11:40:45 -0700] "GET /resorts?resort=cascademountain HTTP/1.1" 404 469 "-" "Mozilla/5.0 (compatible; SemrushBot/0.99~bl; +http://www.semrush.com/bot.html)"
46.229.164.100 - - [27/Sep/2015:11:54:34 -0700] "GET /resorts?resort=silvermountain HTTP/1.1" 404 469 "-" "Mozilla/5.0 (compatible; SemrushBot/0.99~bl; +http://www.semrush.com/bot.html)"
166.137.10.49 - - [27/Sep/2015:11:58:35 -0700] "GET /images/wsis-logo-sm.png HTTP/1.1" 200 6108 "http://www.thebackcountry.net/" "Mozilla/5.0 (iPhone; CPU iPhone OS 8_4_1 like Mac OS X) AppleWebKit/600.1.4 (KHTML, like Gecko) Version/8.0 Mobile/12H321 Safari/600.1.4"
46.229.164.100 - - [27/Sep/2015:12:08:22 -0700] "GET /resorts?resort=peaknpeak HTTP/1.1" 404 469 "-" "Mozilla/5.0 (compatible; SemrushBot/0.99~bl; +http://www.semrush.com/bot.html)"
170.75.162.130 - - [27/Sep/2015:12:09:34 -0700] "GET /lib/reccapi.php?resort=redmountain HTTP/1.1" 200 899 "-" "node-superagent/0.18.2"
162.227.143.112 - - [27/Sep/2015:12:19:12 -0700] "GET /images/wsis-logo-sm.png HTTP/1.1" 200 6108 "http://www.thebackcountry.net/" "Mozilla/5.0 (iPad; CPU OS 8_4_1 like Mac OS X) AppleWebKit/600.1.4 (KHTML, like Gecko) Version/8.0 Mobile/12H321 Safari/600.1.4"
170.75.162.130 - - [27/Sep/2015:12:32:36 -0700] "GET /lib/reccapi.php?resort=diamondpeak HTTP/1.1" 200 952 "-" "node-superagent/0.18.2"
46.229.164.98 - - [27/Sep/2015:12:43:25 -0700] "GET /resorts HTTP/1.1" 404 469 "-" "Mozilla/5.0 (compatible; SemrushBot/0.99~bl; +http://www.semrush.com/bot.html)"
66.220.146.29 - - [27/Sep/2015:12:44:42 -0700] "GET /images/prop2.png HTTP/1.1" 200 95891 "-" "facebookexternalhit/1.1 (+http://www.facebook.com/externalhit_uatext.php)"
46.229.164.98 - - [27/Sep/2015:13:01:59 -0700] "GET /resorts?resort=maverickmountain HTTP/1.1" 404 469 "-" "Mozilla/5.0 (compatible; SemrushBot/0.99~bl; +http://www.semrush.com/bot.html)"
170.75.162.130 - - [27/Sep/2015:13:03:30 -0700] "GET /lib/reccapi.php?resort=devilshead HTTP/1.1" 200 946 "-" "node-superagent/0.18.2"
73.41.143.134 - - [27/Sep/2015:13:15:04 -0700] "GET /images/wsis-logo-sm.png HTTP/1.1" 200 6108 "http://www.thebackcountry.net/" "Mozilla/5.0 (Windows NT 6.1; WOW64) AppleWebKit/537.36 (KHTML, like Gecko) Chrome/45.0.2454.101 Safari/537.36"
46.229.164.98 - - [27/Sep/2015:13:18:28 -0700] "GET /resorts?resort=sunpeaksresort HTTP/1.1" 404 469 "-" "Mozilla/5.0 (compatible; SemrushBot/0.99~bl; +http://www.semrush.com/bot.html)"
180.76.15.135 - - [27/Sep/2015:13:20:33 -0700] "GET / HTTP/1.1" 200 6114 "-" "Mozilla/5.0 (compatible; Baiduspider/2.0; +http://www.baidu.com/search/spider.html)"
180.76.15.139 - - [27/Sep/2015:13:21:33 -0700] "GET / HTTP/1.1" 200 6114 "-" "Mozilla/5.0 (compatible; Baiduspider/2.0; +http://www.baidu.com/search/spider.html)"
180.76.15.151 - - [27/Sep/2015:13:25:44 -0700] "GET /resorts?resort=arapahoebasin HTTP/1.1" 404 469 "-" "Mozilla/5.0 (compatible; Baiduspider/2.0; +http://www.baidu.com/search/spider.html)"
201.3.98.44 - - [27/Sep/2015:13:32:51 -0700] "GET /images/wsis-logo-sm.png HTTP/1.1" 200 6108 "http://thebackcountry.net/" "Mozilla/5.0 (Windows NT 6.1; WOW64) AppleWebKit/537.36 (KHTML, like Gecko) Chrome/36.0.1985.143 Safari/537.36"
46.229.164.98 - - [27/Sep/2015:13:36:23 -0700] "GET /resorts?resort=marquette HTTP/1.1" 404 469 "-" "Mozilla/5.0 (compatible; SemrushBot/0.99~bl; +http://www.semrush.com/bot.html)"
46.229.164.98 - - [27/Sep/2015:13:49:52 -0700] "GET /resorts?resort=remarkables HTTP/1.1" 404 469 "-" "Mozilla/5.0 (compatible; SemrushBot/0.99~bl; +http://www.semrush.com/bot.html)"
170.75.162.130 - - [27/Sep/2015:13:51:16 -0700] "GET /lib/reccapi.php?resort=sugarbowl HTTP/1.1" 200 969 "-" "node-superagent/0.18.2"
46.229.164.101 - - [27/Sep/2015:14:05:26 -0700] "GET /resorts?resort=skiapache HTTP/1.1" 404 469 "-" "Mozilla/5.0 (compatible; SemrushBot/0.99~bl; +http://www.semrush.com/bot.html)"
170.75.162.130 - - [27/Sep/2015:14:06:27 -0700] "GET /lib/reccapi.php?resort=grandtarghee HTTP/1.1" 200 1070 "-" "node-superagent/0.18.2"
185.3.135.34 - - [27/Sep/2015:14:09:36 -0700] "GET /images/wsis-logo-sm.png HTTP/1.1" 200 6108 "http://www.thebackcountry.net/" "Mozilla/5.0 (Windows NT 6.1; WOW64; rv:41.0) Gecko/20100101 Firefox/41.0"
46.229.164.101 - - [27/Sep/2015:14:13:59 -0700] "GET /resorts?resort=whitewater HTTP/1.1" 404 469 "-" "Mozilla/5.0 (compatible; SemrushBot/0.99~bl; +http://www.semrush.com/bot.html)"
180.76.15.158 - - [27/Sep/2015:14:14:11 -0700] "GET / HTTP/1.1" 200 6114 "-" "Mozilla/5.0 (compatible; Baiduspider/2.0; +http://www.baidu.com/search/spider.html)"
207.46.13.173 - - [27/Sep/2015:14:14:45 -0700] "GET / HTTP/1.1" 200 2376 "-" "Mozilla/5.0 (compatible; bingbot/2.0; +http://www.bing.com/bingbot.htm)"
180.76.15.19 - - [27/Sep/2015:14:15:24 -0700] "GET / HTTP/1.1" 200 6114 "-" "Mozilla/5.0 (compatible; Baiduspider/2.0; +http://www.baidu.com/search/spider.html)"
75.111.102.16 - - [27/Sep/2015:14:19:21 -0700] "GET /images/wsis-logo-sm.png HTTP/1.1" 200 6108 "http://www.thebackcountry.net/" "Mozilla/5.0 (iPhone; CPU iPhone OS 8_3 like Mac OS X) AppleWebKit/600.1.4 (KHTML, like Gecko) GSA/8.0.57838 Mobile/12F70 Safari/600.1.4"
46.229.164.101 - - [27/Sep/2015:14:20:31 -0700] "GET /resorts?resort=squawvalleyusa HTTP/1.1" 404 469 "-" "Mozilla/5.0 (compatible; SemrushBot/0.99~bl; +http://www.semrush.com/bot.html)"
92.124.25.91 - - [27/Sep/2015:14:25:47 -0700] "GET / HTTP/1.1" 200 2320 "-" "Mozilla/5.0 (Windows NT 5.2) AppleWebKit/535.1 (KHTML, like Gecko) Chrome/14.0.792.0 Safari/535.1"
46.229.164.99 - - [27/Sep/2015:14:28:51 -0700] "GET /resorts?resort=aspenheights HTTP/1.1" 404 469 "-" "Mozilla/5.0 (compatible; SemrushBot/0.99~bl; +http://www.semrush.com/bot.html)"
170.75.162.130 - - [27/Sep/2015:14:29:10 -0700] "GET /lib/reccapi.php?resort=aspenmountain HTTP/1.1" 200 971 "-" "node-superagent/0.18.2"
170.75.162.130 - - [27/Sep/2015:14:29:10 -0700] "GET /lib/reccapi.php?resort=buttermilk HTTP/1.1" 200 979 "-" "node-superagent/0.18.2"
170.75.162.130 - - [27/Sep/2015:14:29:10 -0700] "GET /lib/reccapi.php?resort=aspenheights HTTP/1.1" 200 1001 "-" "node-superagent/0.18.2"
123.125.71.91 - - [27/Sep/2015:14:34:19 -0700] "-" 408 0 "-" "-"
185.53.44.184 - - [27/Sep/2015:14:36:18 -0700] "GET /resorts?resort=sierra-at-tahoe&date=2014-11-25 HTTP/1.1" 404 476 "-" "Mozilla/5.0 (compatible; XoviBot/2.0; +http://www.xovibot.net/)"
46.229.164.101 - - [27/Sep/2015:14:36:49 -0700] "GET /resorts?resort=taos HTTP/1.1" 404 469 "-" "Mozilla/5.0 (compatible; SemrushBot/0.99~bl; +http://www.semrush.com/bot.html)"
170.75.162.130 - - [27/Sep/2015:14:37:41 -0700] "GET /lib/reccapi.php?resort=sunpeaksresort HTTP/1.1" 200 910 "-" "node-superagent/0.18.2"
24.182.22.62 - - [27/Sep/2015:14:39:16 -0700] "GET /images/wsis-logo-sm.png HTTP/1.1" 200 6108 "http://www.thebackcountry.net/" "Mozilla/5.0 (Macintosh; Intel Mac OS X 10_10_1) AppleWebKit/600.1.25 (KHTML, like Gecko) Version/8.0 Safari/600.1.25"
180.76.15.161 - - [27/Sep/2015:14:40:56 -0700] "GET / HTTP/1.1" 200 6114 "-" "Mozilla/5.0 (compatible; Baiduspider/2.0; +http://www.baidu.com/search/spider.html)"
71.9.105.101 - - [27/Sep/2015:14:41:08 -0700] "GET /images/wsis-logo-sm.png HTTP/1.1" 200 6108 "http://www.thebackcountry.net/" "Mozilla/5.0 (Windows NT 6.1; rv:41.0) Gecko/20100101 Firefox/41.0"
180.76.15.31 - - [27/Sep/2015:14:41:40 -0700] "GET / HTTP/1.1" 200 6114 "-" "Mozilla/5.0 (compatible; Baiduspider/2.0; +http://www.baidu.com/search/spider.html)"
170.75.162.130 - - [27/Sep/2015:14:45:02 -0700] "GET /lib/reccapi.php?resort=whitefacemountain HTTP/1.1" 200 957 "-" "node-superagent/0.18.2"
46.229.164.101 - - [27/Sep/2015:14:45:19 -0700] "GET /resorts?resort=winterpark HTTP/1.1" 404 469 "-" "Mozilla/5.0 (compatible; SemrushBot/0.99~bl; +http://www.semrush.com/bot.html)"
185.53.44.158 - - [27/Sep/2015:14:48:14 -0700] "GET /resorts?resort=sierra-at-tahoe&date=2014-11-21 HTTP/1.1" 404 476 "-" "Mozilla/5.0 (compatible; XoviBot/2.0; +http://www.xovibot.net/)"
220.181.108.184 - - [27/Sep/2015:14:48:58 -0700] "-" 408 0 "-" "-"
166.137.252.62 - - [27/Sep/2015:14:50:22 -0700] "GET /images/wsis-logo-sm.png HTTP/1.1" 200 6108 "http://www.thebackcountry.net/" "Mozilla/5.0 (iPhone; CPU iPhone OS 8_1 like Mac OS X) AppleWebKit/600.1.4 (KHTML, like Gecko) Version/8.0 Mobile/12B411 Safari/600.1.4"
46.229.164.101 - - [27/Sep/2015:14:53:56 -0700] "GET /resorts?resort=kellycanyon HTTP/1.1" 404 469 "-" "Mozilla/5.0 (compatible; SemrushBot/0.99~bl; +http://www.semrush.com/bot.html)"
170.75.162.130 - - [27/Sep/2015:14:54:43 -0700] "GET /lib/reccapi.php?resort=wildcatmountain HTTP/1.1" 200 955 "-" "node-superagent/0.18.2"
68.8.190.251 - - [27/Sep/2015:14:54:59 -0700] "GET /images/wsis-logo-sm.png HTTP/1.1" 200 6108 "http://www.thebackcountry.net/" "Mozilla/5.0 (Windows NT 6.3; WOW64; rv:40.0) Gecko/20100101 Firefox/40.0"
46.229.164.101 - - [27/Sep/2015:15:02:40 -0700] "GET /resorts?resort=snoqualmie-alpental HTTP/1.1" 404 469 "-" "Mozilla/5.0 (compatible; SemrushBot/0.99~bl; +http://www.semrush.com/bot.html)"
98.238.138.74 - - [27/Sep/2015:15:03:32 -0700] "GET /images/wsis-logo-sm.png HTTP/1.1" 200 6108 "http://www.thebackcountry.net/" "Mozilla/5.0 (Windows NT 6.1; WOW64; rv:40.0) Gecko/20100101 Firefox/40.0"
185.53.44.90 - - [27/Sep/2015:15:09:09 -0700] "GET /resorts?resort=winterpark HTTP/1.1" 404 476 "-" "Mozilla/5.0 (compatible; XoviBot/2.0; +http://www.xovibot.net/)"
46.229.164.101 - - [27/Sep/2015:15:11:23 -0700] "GET /resorts?resort=wolfcreek HTTP/1.1" 404 469 "-" "Mozilla/5.0 (compatible; SemrushBot/0.99~bl; +http://www.semrush.com/bot.html)"
46.229.164.99 - - [27/Sep/2015:15:20:33 -0700] "GET /resorts?resort=greekpeak HTTP/1.1" 404 469 "-" "Mozilla/5.0 (compatible; SemrushBot/0.99~bl; +http://www.semrush.com/bot.html)"
170.75.162.130 - - [27/Sep/2015:15:20:46 -0700] "GET /lib/reccapi.php?resort=arapahoebasin HTTP/1.1" 200 986 "-" "node-superagent/0.18.2"
170.75.162.130 - - [27/Sep/2015:15:20:46 -0700] "GET /lib/reccapi.php?resort=canyons HTTP/1.1" 200 965 "-" "node-superagent/0.18.2"
170.75.162.130 - - [27/Sep/2015:15:20:46 -0700] "GET /lib/reccapi.php?resort=heavenly HTTP/1.1" 200 991 "-" "node-superagent/0.18.2"
170.75.162.130 - - [27/Sep/2015:15:20:46 -0700] "GET /lib/reccapi.php?resort=keystone HTTP/1.1" 200 989 "-" "node-superagent/0.18.2"
170.75.162.130 - - [27/Sep/2015:15:20:46 -0700] "GET /lib/reccapi.php?resort=kirkwood HTTP/1.1" 200 1001 "-" "node-superagent/0.18.2"
170.75.162.130 - - [27/Sep/2015:15:20:47 -0700] "GET /lib/reccapi.php?resort=northstar-at-tahoe HTTP/1.1" 200 972 "-" "node-superagent/0.18.2"
170.75.162.130 - - [27/Sep/2015:15:25:07 -0700] "GET /lib/reccapi.php?resort=bigsky HTTP/1.1" 200 1000 "-" "node-superagent/0.18.2"
46.229.164.101 - - [27/Sep/2015:15:29:22 -0700] "GET /resorts?resort=silverstarmountain HTTP/1.1" 404 469 "-" "Mozilla/5.0 (compatible; SemrushBot/0.99~bl; +http://www.semrush.com/bot.html)"
185.53.44.90 - - [27/Sep/2015:15:29:37 -0700] "GET /resorts?resort=sierra-at-tahoe&date=2014-11-01 HTTP/1.1" 404 476 "-" "Mozilla/5.0 (compatible; XoviBot/2.0; +http://www.xovibot.net/)"
170.75.162.130 - - [27/Sep/2015:15:30:28 -0700] "GET /lib/reccapi.php?resort=angelfire HTTP/1.1" 200 996 "-" "node-superagent/0.18.2"
170.75.162.130 - - [27/Sep/2015:15:30:28 -0700] "GET /lib/reccapi.php?resort=taos HTTP/1.1" 200 966 "-" "node-superagent/0.18.2"
185.53.44.90 - - [27/Sep/2015:15:30:28 -0700] "GET /resorts?resort=sierra-at-tahoe&date=2014-11-23 HTTP/1.1" 404 476 "-" "Mozilla/5.0 (compatible; XoviBot/2.0; +http://www.xovibot.net/)"
185.53.44.181 - - [27/Sep/2015:15:39:41 -0700] "GET /resorts?resort=telluride&date=2014-10-02 HTTP/1.1" 404 476 "-" "Mozilla/5.0 (compatible; XoviBot/2.0; +http://www.xovibot.net/)"
185.53.44.181 - - [27/Sep/2015:15:39:43 -0700] "GET /resorts?resort=telluride&date=2014-11-03 HTTP/1.1" 404 476 "-" "Mozilla/5.0 (compatible; XoviBot/2.0; +http://www.xovibot.net/)"
185.53.44.181 - - [27/Sep/2015:15:39:45 -0700] "GET /resorts?resort=telluride&date=2014-10-13 HTTP/1.1" 404 476 "-" "Mozilla/5.0 (compatible; XoviBot/2.0; +http://www.xovibot.net/)"
185.53.44.181 - - [27/Sep/2015:15:40:27 -0700] "GET /resorts?resort=telluride&date=2014-11-14 HTTP/1.1" 404 476 "-" "Mozilla/5.0 (compatible; XoviBot/2.0; +http://www.xovibot.net/)"
185.53.44.115 - - [27/Sep/2015:15:41:42 -0700] "GET /resorts?resort=bigsky HTTP/1.1" 404 476 "-" "Mozilla/5.0 (compatible; XoviBot/2.0; +http://www.xovibot.net/)"
180.76.15.161 - - [27/Sep/2015:15:43:52 -0700] "GET / HTTP/1.1" 200 6114 "-" "Mozilla/5.0 (compatible; Baiduspider/2.0; +http://www.baidu.com/search/spider.html)"
180.76.15.150 - - [27/Sep/2015:15:44:37 -0700] "GET / HTTP/1.1" 200 6114 "-" "Mozilla/5.0 (compatible; Baiduspider/2.0; +http://www.baidu.com/search/spider.html)"
170.75.162.130 - - [27/Sep/2015:15:45:29 -0700] "GET /lib/reccapi.php?resort=redlodge HTTP/1.1" 200 1034 "-" "node-superagent/0.18.2"
185.53.44.67 - - [27/Sep/2015:15:48:15 -0700] "GET /resorts?resort=telluride&date=2014-11-05 HTTP/1.1" 404 476 "-" "Mozilla/5.0 (compatible; XoviBot/2.0; +http://www.xovibot.net/)"
185.53.44.90 - - [27/Sep/2015:15:57:29 -0700] "GET /resorts?resort=sierra-at-tahoe&date=2014-10-06 HTTP/1.1" 404 476 "-" "Mozilla/5.0 (compatible; XoviBot/2.0; +http://www.xovibot.net/)"
108.20.9.76 - - [27/Sep/2015:15:59:48 -0700] "GET /images/wsis-logo-sm.png HTTP/1.1" 200 6108 "http://www.thebackcountry.net/" "Mozilla/5.0 (Windows NT 6.1; WOW64; rv:40.0) Gecko/20100101 Firefox/40.0"
151.80.44.115 - - [27/Sep/2015:16:04:20 -0700] "GET /robots.txt HTTP/1.0" 200 338 "-" "Mozilla/5.0 (compatible; MJ12bot/v1.4.5; http://www.majestic12.co.uk/bot.php?+)"
151.80.44.115 - - [27/Sep/2015:16:04:21 -0700] "GET /resorts?resort=cannonmountain HTTP/1.0" 404 495 "-" "Mozilla/5.0 (compatible; MJ12bot/v1.4.5; http://www.majestic12.co.uk/bot.php?+)"
204.12.241.170 - - [27/Sep/2015:16:11:11 -0700] "GET /robots.txt HTTP/1.0" 200 338 "-" "Mozilla/5.0 (compatible; MJ12bot/v1.4.5; http://www.majestic12.co.uk/bot.php?+)"
204.12.241.170 - - [27/Sep/2015:16:11:13 -0700] "GET /resorts?resort=whistlerblackcomb HTTP/1.0" 404 495 "-" "Mozilla/5.0 (compatible; MJ12bot/v1.4.5; http://www.majestic12.co.uk/bot.php?+)"
204.12.241.170 - - [27/Sep/2015:16:11:15 -0700] "GET /resorts?resort=winterpark HTTP/1.0" 404 469 "-" "Mozilla/5.0 (compatible; MJ12bot/v1.4.5; http://www.majestic12.co.uk/bot.php?+)"
69.62.179.161 - - [27/Sep/2015:16:12:39 -0700] "GET /images/wsis-logo-sm.png HTTP/1.1" 200 6108 "http://www.thebackcountry.net/" "Mozilla/5.0 (Windows NT 6.1; WOW64; Trident/7.0; rv:11.0) like Gecko"
69.62.179.161 - - [27/Sep/2015:16:13:00 -0700] "-" 408 0 "-" "-"
107.77.92.107 - - [27/Sep/2015:16:18:16 -0700] "GET /images/wsis-logo-sm.png HTTP/1.1" 200 6108 "http://www.thebackcountry.net/" "Mozilla/5.0 (iPhone; CPU iPhone OS 9_0_1 like Mac OS X) AppleWebKit/601.1.46 (KHTML, like Gecko) Version/9.0 Mobile/13A405 Safari/601.1"
185.49.14.190 - - [27/Sep/2015:16:21:08 -0700] "GET http://testp1.piwo.pila.pl/testproxy.php HTTP/1.1" 404 448 "-" "Mozilla/5.0 (Windows NT 5.1; rv:32.0) Gecko/20100101 Firefox/31.0"
123.125.71.74 - - [27/Sep/2015:16:22:14 -0700] "-" 408 0 "-" "-"
170.75.162.130 - - [27/Sep/2015:16:26:34 -0700] "GET /lib/reccapi.php?resort=sundayriver HTTP/1.1" 200 968 "-" "node-superagent/0.18.2"
220.181.108.157 - - [27/Sep/2015:16:29:37 -0700] "-" 408 0 "-" "-"
170.75.162.130 - - [27/Sep/2015:16:32:35 -0700] "GET /lib/reccapi.php?resort=alta HTTP/1.1" 200 950 "-" "node-superagent/0.18.2"
71.80.214.209 - - [27/Sep/2015:16:33:10 -0700] "GET /images/wsis-logo-sm.png HTTP/1.1" 200 6108 "http://www.thebackcountry.net/" "Mozilla/5.0 (iPad; CPU OS 8_1_2 like Mac OS X) AppleWebKit/600.1.4 (KHTML, like Gecko) Version/8.0 Mobile/12B440 Safari/600.1.4"
151.80.31.138 - - [27/Sep/2015:16:35:28 -0700] "GET /faq HTTP/1.1" 404 450 "-" "Mozilla/5.0 (compatible; AhrefsBot/5.0; +http://ahrefs.com/robot/)"
180.76.15.136 - - [27/Sep/2015:16:45:38 -0700] "GET /resorts?resort=loveland HTTP/1.1" 404 469 "-" "Mozilla/5.0 (compatible; Baiduspider/2.0; +http://www.baidu.com/search/spider.html)"
170.75.162.130 - - [27/Sep/2015:16:51:57 -0700] "GET /lib/reccapi.php?resort=alpinemeadows HTTP/1.1" 200 1005 "-" "node-superagent/0.18.2"
180.76.15.16 - - [27/Sep/2015:16:58:35 -0700] "GET / HTTP/1.1" 200 6114 "-" "Mozilla/5.0 (compatible; Baiduspider/2.0; +http://www.baidu.com/search/spider.html)"
180.76.15.17 - - [27/Sep/2015:16:59:57 -0700] "GET / HTTP/1.1" 200 6114 "-" "Mozilla/5.0 (compatible; Baiduspider/2.0; +http://www.baidu.com/search/spider.html)"
170.75.162.130 - - [27/Sep/2015:17:24:02 -0700] "GET /lib/reccapi.php?resort=mounthoodmeadows HTTP/1.1" 200 993 "-" "node-superagent/0.18.2"
170.75.162.130 - - [27/Sep/2015:17:24:02 -0700] "GET /lib/reccapi.php?resort=hoodoo HTTP/1.1" 200 960 "-" "node-superagent/0.18.2"
123.125.71.47 - - [27/Sep/2015:17:34:32 -0700] "-" 408 0 "-" "-"
180.76.15.155 - - [27/Sep/2015:17:35:15 -0700] "GET / HTTP/1.1" 200 6114 "-" "Mozilla/5.0 (compatible; Baiduspider/2.0; +http://www.baidu.com/search/spider.html)"
85.25.185.157 - - [27/Sep/2015:17:35:41 -0700] "GET /robots.txt HTTP/1.0" 200 338 "-" "Mozilla/5.0 (compatible; MJ12bot/v1.4.5; http://www.majestic12.co.uk/bot.php?+)"
85.25.185.157 - - [27/Sep/2015:17:35:43 -0700] "GET /about HTTP/1.0" 404 495 "-" "Mozilla/5.0 (compatible; MJ12bot/v1.4.5; http://www.majestic12.co.uk/bot.php?+)"
180.76.15.8 - - [27/Sep/2015:17:35:44 -0700] "GET / HTTP/1.1" 200 6114 "-" "Mozilla/5.0 (compatible; Baiduspider/2.0; +http://www.baidu.com/search/spider.html)"
85.25.185.157 - - [27/Sep/2015:17:35:44 -0700] "GET /resorts?resort=mountainhigh HTTP/1.0" 404 495 "-" "Mozilla/5.0 (compatible; MJ12bot/v1.4.5; http://www.majestic12.co.uk/bot.php?+)"
85.25.185.157 - - [27/Sep/2015:17:35:46 -0700] "GET /resorts?resort=mountbachelor HTTP/1.0" 404 495 "-" "Mozilla/5.0 (compatible; MJ12bot/v1.4.5; http://www.majestic12.co.uk/bot.php?+)"
85.25.185.157 - - [27/Sep/2015:17:35:48 -0700] "GET /resorts?resort=winterpark HTTP/1.0" 404 495 "-" "Mozilla/5.0 (compatible; MJ12bot/v1.4.5; http://www.majestic12.co.uk/bot.php?+)"
85.25.185.157 - - [27/Sep/2015:17:35:49 -0700] "GET /robots.txt HTTP/1.0" 200 338 "-" "Mozilla/5.0 (compatible; MJ12bot/v1.4.5; http://www.majestic12.co.uk/bot.php?+)"
85.25.185.157 - - [27/Sep/2015:17:35:51 -0700] "GET /about HTTP/1.0" 404 499 "-" "Mozilla/5.0 (compatible; MJ12bot/v1.4.5; http://www.majestic12.co.uk/bot.php?+)"
220.181.108.111 - - [27/Sep/2015:17:45:49 -0700] "-" 408 0 "-" "-"
172.3.76.23 - - [27/Sep/2015:17:51:48 -0700] "GET /images/wsis-logo-sm.png HTTP/1.1" 200 6108 "http://www.thebackcountry.net/" "Mozilla/5.0 (Windows NT 6.1; WOW64; Trident/7.0; MDDCJS; rv:11.0) like Gecko"
172.3.76.23 - - [27/Sep/2015:17:52:10 -0700] "-" 408 0 "-" "-"
162.231.235.81 - - [27/Sep/2015:18:04:44 -0700] "GET /images/wsis-logo-sm.png HTTP/1.1" 200 6108 "http://thebackcountry.net/" "Mozilla/5.0 (Macintosh; Intel Mac OS X 10_10_5) AppleWebKit/537.36 (KHTML, like Gecko) Chrome/45.0.2454.99 Safari/537.36"
