170.75.162.130 - - [19/May/2015:03:57:39 -0700] "GET /lib/reccapi.php?resort=keystone HTTP/1.1" 200 1101 "-" "node-superagent/0.18.2"
170.75.162.130 - - [19/May/2015:03:57:39 -0700] "GET /lib/reccapi.php?resort=loveland HTTP/1.1" 200 1110 "-" "node-superagent/0.18.2"
170.75.162.130 - - [19/May/2015:03:57:39 -0700] "GET /lib/reccapi.php?resort=monarch HTTP/1.1" 200 1058 "-" "node-superagent/0.18.2"
170.75.162.130 - - [19/May/2015:03:58:38 -0700] "GET /lib/reccapi.php?resort=snowmass HTTP/1.1" 200 1065 "-" "node-superagent/0.18.2"
170.75.162.130 - - [19/May/2015:03:58:38 -0700] "GET /lib/reccapi.php?resort=steamboat HTTP/1.1" 200 1052 "-" "node-superagent/0.18.2"
170.75.162.130 - - [19/May/2015:03:58:38 -0700] "GET /lib/reccapi.php?resort=snowbasin HTTP/1.1" 200 1070 "-" "node-superagent/0.18.2"
170.75.162.130 - - [19/May/2015:03:58:38 -0700] "GET /lib/reccapi.php?resort=mountspokane HTTP/1.1" 200 993 "-" "node-superagent/0.18.2"
170.75.162.130 - - [19/May/2015:03:58:38 -0700] "GET /lib/reccapi.php?resort=northstar-at-tahoe HTTP/1.1" 200 1023 "-" "node-superagent/0.18.2"
170.75.162.130 - - [19/May/2015:03:58:38 -0700] "GET /lib/reccapi.php?resort=redlodge HTTP/1.1" 200 1068 "-" "node-superagent/0.18.2"
170.75.162.130 - - [19/May/2015:03:58:38 -0700] "GET /lib/reccapi.php?resort=devilshead HTTP/1.1" 200 965 "-" "node-superagent/0.18.2"
170.75.162.130 - - [19/May/2015:03:58:38 -0700] "GET /lib/reccapi.php?resort=brighton HTTP/1.1" 200 1065 "-" "node-superagent/0.18.2"
170.75.162.130 - - [19/May/2015:03:58:38 -0700] "GET /lib/reccapi.php?resort=winterpark HTTP/1.1" 200 1110 "-" "node-superagent/0.18.2"
170.75.162.130 - - [19/May/2015:03:58:38 -0700] "GET /lib/reccapi.php?resort=heavenly HTTP/1.1" 200 1077 "-" "node-superagent/0.18.2"
170.75.162.130 - - [19/May/2015:03:58:38 -0700] "GET /lib/reccapi.php?resort=kirkwood HTTP/1.1" 200 1119 "-" "node-superagent/0.18.2"
170.75.162.130 - - [19/May/2015:03:58:38 -0700] "GET /lib/reccapi.php?resort=jaypeak HTTP/1.1" 200 1099 "-" "node-superagent/0.18.2"
170.75.162.130 - - [19/May/2015:03:58:43 -0700] "GET /lib/reccapi.php?resort=mammothmountain HTTP/1.1" 200 1091 "-" "node-superagent/0.18.2"
170.75.162.130 - - [19/May/2015:03:58:48 -0700] "GET /lib/reccapi.php?resort=sundayriver HTTP/1.1" 200 1079 "-" "node-superagent/0.18.2"
170.75.162.130 - - [19/May/2015:03:58:53 -0700] "GET /lib/reccapi.php?resort=telluride HTTP/1.1" 200 1051 "-" "node-superagent/0.18.2"
170.75.162.130 - - [19/May/2015:03:58:58 -0700] "GET /lib/reccapi.php?resort=crystalmountain HTTP/1.1" 200 1031 "-" "node-superagent/0.18.2"
170.75.162.130 - - [19/May/2015:03:59:03 -0700] "GET /lib/reccapi.php?resort=mountainhigh HTTP/1.1" 200 978 "-" "node-superagent/0.18.2"
170.75.162.130 - - [19/May/2015:03:59:08 -0700] "GET /lib/reccapi.php?resort=grandtarghee HTTP/1.1" 200 1066 "-" "node-superagent/0.18.2"
170.75.162.130 - - [19/May/2015:03:59:13 -0700] "GET /lib/reccapi.php?resort=snowbird HTTP/1.1" 200 1063 "-" "node-superagent/0.18.2"
180.76.5.144 - - [19/May/2015:04:11:01 -0700] "GET /resorts?resort=loveland HTTP/1.1" 404 469 "-" "Mozilla/5.0 (compatible; Baiduspider/2.0; +http://www.baidu.com/search/spider.html)"
208.115.111.66 - - [19/May/2015:04:11:49 -0700] "GET /robots.txt HTTP/1.1" 200 319 "-" "Mozilla/5.0 (compatible; DotBot/1.1; http://www.opensiteexplorer.org/dotbot, help@moz.com)"
180.76.4.241 - - [19/May/2015:04:17:25 -0700] "GET / HTTP/1.1" 200 6114 "-" "Mozilla/4.0 (compatible; MSIE 7.0; Windows NT 6.0)"
170.75.162.130 - - [19/May/2015:04:20:30 -0700] "GET /lib/reccapi.php?resort=taos HTTP/1.1" 200 1041 "-" "node-superagent/0.18.2"
123.125.71.102 - - [19/May/2015:04:54:46 -0700] "-" 408 0 "-" "-"
220.181.108.110 - - [19/May/2015:04:58:24 -0700] "-" 408 0 "-" "-"
209.33.83.113 - - [19/May/2015:05:17:48 -0700] "GET /images/wsis-logo-sm.png HTTP/1.1" 200 6108 "http://www.thebackcountry.net/" "Mozilla/5.0 (X11; Linux x86_64) AppleWebKit/534.24 (KHTML, like Gecko) Chrome/11.0.696.34 Safari/534.24"
208.115.111.66 - - [19/May/2015:05:23:40 -0700] "GET /resorts?resort=squawvalleyusa&date=2014-11-02 HTTP/1.1" 404 476 "-" "Mozilla/5.0 (compatible; DotBot/1.1; http://www.opensiteexplorer.org/dotbot, help@moz.com)"
208.115.111.66 - - [19/May/2015:05:23:45 -0700] "GET /resorts?resort=wildcatmountain&date=2014-06-14 HTTP/1.1" 404 476 "-" "Mozilla/5.0 (compatible; DotBot/1.1; http://www.opensiteexplorer.org/dotbot, help@moz.com)"
208.115.111.66 - - [19/May/2015:05:23:48 -0700] "GET /resorts?resort=mounthoodmeadows&date=2014-10-17 HTTP/1.1" 404 476 "-" "Mozilla/5.0 (compatible; DotBot/1.1; http://www.opensiteexplorer.org/dotbot, help@moz.com)"
208.115.111.66 - - [19/May/2015:05:23:53 -0700] "GET /resorts?resort=coppermountain&date=2014-10-11 HTTP/1.1" 404 476 "-" "Mozilla/5.0 (compatible; DotBot/1.1; http://www.opensiteexplorer.org/dotbot, help@moz.com)"
66.249.64.143 - - [19/May/2015:05:26:09 -0700] "GET /resorts?resort=killington&date=2013-11-29 HTTP/1.1" 404 509 "-" "Mozilla/5.0 (compatible; Googlebot/2.1; +http://www.google.com/bot.html)"
180.76.15.153 - - [19/May/2015:05:33:43 -0700] "GET /robots.txt HTTP/1.1" 200 382 "-" "Mozilla/5.0 (Windows NT 5.1; rv:6.0.2) Gecko/20100101 Firefox/6.0.2"
180.76.15.147 - - [19/May/2015:05:36:34 -0700] "GET /resorts?resort=skicooper&date=2014-04-18 HTTP/1.1" 404 469 "-" "Mozilla/5.0 (compatible; Baiduspider/2.0; +http://www.baidu.com/search/spider.html)"
31.3.255.130 - - [19/May/2015:05:39:11 -0700] "GET / HTTP/1.0" 200 6114 "-" "-"
31.3.255.130 - - [19/May/2015:05:39:12 -0700] "GET /about HTTP/1.0" 404 495 "-" "-"
31.3.255.130 - - [19/May/2015:05:39:13 -0700] "GET /wp-login.php HTTP/1.0" 404 495 "-" "-"
31.3.255.130 - - [19/May/2015:05:39:13 -0700] "GET /administrator/index.php HTTP/1.0" 404 495 "-" "-"
180.76.4.36 - - [19/May/2015:05:53:53 -0700] "GET / HTTP/1.1" 200 6114 "-" "Mozilla/4.0 (compatible; MSIE 7.0; Windows NT 6.0)"
188.165.233.34 - - [19/May/2015:05:58:01 -0700] "GET /robots.txt HTTP/1.0" 200 338 "-" ""
188.165.233.34 - - [19/May/2015:05:58:01 -0700] "GET / HTTP/1.1" 206 6142 "-" "Mozilla/5.0 (X11; Ubuntu; Linux x86_64; rv:21.0) Gecko/20130331 Firefox/21.0"
188.165.233.34 - - [19/May/2015:05:58:03 -0700] "GET /about HTTP/1.1" 404 476 "-" "Mozilla/5.0 (X11; Ubuntu; Linux x86_64; rv:21.0) Gecko/20130331 Firefox/21.0"
123.125.71.99 - - [19/May/2015:05:59:08 -0700] "-" 408 0 "-" "-"
220.181.108.167 - - [19/May/2015:06:03:52 -0700] "-" 408 0 "-" "-"
208.115.111.66 - - [19/May/2015:06:05:06 -0700] "GET /resorts?resort=windham&date=2014-10-09 HTTP/1.1" 404 476 "-" "Mozilla/5.0 (compatible; DotBot/1.1; http://www.opensiteexplorer.org/dotbot, help@moz.com)"
208.115.111.66 - - [19/May/2015:06:05:10 -0700] "GET /resorts?resort=willamettepass&date=2014-10-06 HTTP/1.1" 404 476 "-" "Mozilla/5.0 (compatible; DotBot/1.1; http://www.opensiteexplorer.org/dotbot, help@moz.com)"
208.115.111.66 - - [19/May/2015:06:05:10 -0700] "GET /resorts?resort=willamettepass&date=2014-06-19 HTTP/1.1" 404 476 "-" "Mozilla/5.0 (compatible; DotBot/1.1; http://www.opensiteexplorer.org/dotbot, help@moz.com)"
208.115.111.66 - - [19/May/2015:06:05:11 -0700] "GET /resorts?resort=sunpeaksresort&date=2014-09-27 HTTP/1.1" 404 476 "-" "Mozilla/5.0 (compatible; DotBot/1.1; http://www.opensiteexplorer.org/dotbot, help@moz.com)"
208.115.111.66 - - [19/May/2015:06:05:12 -0700] "GET /resorts?resort=sunlight&date=2014-10-20 HTTP/1.1" 404 476 "-" "Mozilla/5.0 (compatible; DotBot/1.1; http://www.opensiteexplorer.org/dotbot, help@moz.com)"
208.115.111.66 - - [19/May/2015:06:05:12 -0700] "GET /resorts?resort=sundance&date=2014-10-11 HTTP/1.1" 404 476 "-" "Mozilla/5.0 (compatible; DotBot/1.1; http://www.opensiteexplorer.org/dotbot, help@moz.com)"
208.115.111.66 - - [19/May/2015:06:05:13 -0700] "GET /resorts?resort=sleepinggiant&date=2014-10-02 HTTP/1.1" 404 476 "-" "Mozilla/5.0 (compatible; DotBot/1.1; http://www.opensiteexplorer.org/dotbot, help@moz.com)"
208.115.111.66 - - [19/May/2015:06:05:14 -0700] "GET /resorts?resort=skibluewood&date=2014-10-07 HTTP/1.1" 404 476 "-" "Mozilla/5.0 (compatible; DotBot/1.1; http://www.opensiteexplorer.org/dotbot, help@moz.com)"
208.115.111.66 - - [19/May/2015:06:05:15 -0700] "GET /resorts?resort=skiapache&date=2014-10-24 HTTP/1.1" 404 476 "-" "Mozilla/5.0 (compatible; DotBot/1.1; http://www.opensiteexplorer.org/dotbot, help@moz.com)"
208.115.111.66 - - [19/May/2015:06:05:15 -0700] "GET /resorts?resort=powdermountain&date=2014-06-17 HTTP/1.1" 404 476 "-" "Mozilla/5.0 (compatible; DotBot/1.1; http://www.opensiteexplorer.org/dotbot, help@moz.com)"
208.115.111.66 - - [19/May/2015:06:05:16 -0700] "GET /resorts?resort=mounthoodskibowl&date=2014-10-16 HTTP/1.1" 404 476 "-" "Mozilla/5.0 (compatible; DotBot/1.1; http://www.opensiteexplorer.org/dotbot, help@moz.com)"
208.115.111.66 - - [19/May/2015:06:05:17 -0700] "GET /resorts?resort=mounthoodmeadows&date=2014-06-18 HTTP/1.1" 404 476 "-" "Mozilla/5.0 (compatible; DotBot/1.1; http://www.opensiteexplorer.org/dotbot, help@moz.com)"
208.115.111.66 - - [19/May/2015:06:05:17 -0700] "GET /resorts?resort=mountashland&date=2014-10-11 HTTP/1.1" 404 476 "-" "Mozilla/5.0 (compatible; DotBot/1.1; http://www.opensiteexplorer.org/dotbot, help@moz.com)"
208.115.111.66 - - [19/May/2015:06:05:18 -0700] "GET /resorts?resort=lutsen&date=2014-09-27 HTTP/1.1" 404 476 "-" "Mozilla/5.0 (compatible; DotBot/1.1; http://www.opensiteexplorer.org/dotbot, help@moz.com)"
208.115.111.66 - - [19/May/2015:06:05:19 -0700] "GET /resorts?resort=louploupskibowl&date=2014-10-05 HTTP/1.1" 404 476 "-" "Mozilla/5.0 (compatible; DotBot/1.1; http://www.opensiteexplorer.org/dotbot, help@moz.com)"
208.115.111.66 - - [19/May/2015:06:05:19 -0700] "GET /resorts?resort=kirkwood&date=2014-10-19 HTTP/1.1" 404 476 "-" "Mozilla/5.0 (compatible; DotBot/1.1; http://www.opensiteexplorer.org/dotbot, help@moz.com)"
208.115.111.66 - - [19/May/2015:06:05:20 -0700] "GET /resorts?resort=greatdivide&date=2014-07-02 HTTP/1.1" 404 476 "-" "Mozilla/5.0 (compatible; DotBot/1.1; http://www.opensiteexplorer.org/dotbot, help@moz.com)"
208.115.111.66 - - [19/May/2015:06:05:21 -0700] "GET /resorts?resort=granitepeak&date=2014-10-30 HTTP/1.1" 404 476 "-" "Mozilla/5.0 (compatible; DotBot/1.1; http://www.opensiteexplorer.org/dotbot, help@moz.com)"
208.115.111.66 - - [19/May/2015:06:05:21 -0700] "GET /resorts?resort=granitepeak&date=2014-09-27 HTTP/1.1" 404 476 "-" "Mozilla/5.0 (compatible; DotBot/1.1; http://www.opensiteexplorer.org/dotbot, help@moz.com)"
208.115.111.66 - - [19/May/2015:06:05:22 -0700] "GET /resorts?resort=discoverybasin&date=2014-10-05 HTTP/1.1" 404 476 "-" "Mozilla/5.0 (compatible; DotBot/1.1; http://www.opensiteexplorer.org/dotbot, help@moz.com)"
208.115.111.66 - - [19/May/2015:06:05:23 -0700] "GET /resorts?resort=devilshead&date=2014-10-21 HTTP/1.1" 404 476 "-" "Mozilla/5.0 (compatible; DotBot/1.1; http://www.opensiteexplorer.org/dotbot, help@moz.com)"
208.115.111.66 - - [19/May/2015:06:05:24 -0700] "GET /resorts?resort=brundage&date=2014-10-07 HTTP/1.1" 404 476 "-" "Mozilla/5.0 (compatible; DotBot/1.1; http://www.opensiteexplorer.org/dotbot, help@moz.com)"
208.115.111.66 - - [19/May/2015:06:05:24 -0700] "GET /resorts?resort=belleayre&date=2014-10-08 HTTP/1.1" 404 476 "-" "Mozilla/5.0 (compatible; DotBot/1.1; http://www.opensiteexplorer.org/dotbot, help@moz.com)"
208.115.111.66 - - [19/May/2015:06:05:25 -0700] "GET /resorts?resort=aspenheights&date=2014-10-21 HTTP/1.1" 404 476 "-" "Mozilla/5.0 (compatible; DotBot/1.1; http://www.opensiteexplorer.org/dotbot, help@moz.com)"
208.115.111.66 - - [19/May/2015:06:05:25 -0700] "GET /resorts?resort=arapahoebasin&date=2014-09-29 HTTP/1.1" 404 476 "-" "Mozilla/5.0 (compatible; DotBot/1.1; http://www.opensiteexplorer.org/dotbot, help@moz.com)"
208.115.111.66 - - [19/May/2015:06:05:26 -0700] "GET /resorts?resort=antelopebutte&date=2014-09-28 HTTP/1.1" 404 476 "-" "Mozilla/5.0 (compatible; DotBot/1.1; http://www.opensiteexplorer.org/dotbot, help@moz.com)"
208.115.111.66 - - [19/May/2015:06:05:27 -0700] "GET /resorts?resort=antelopebutte HTTP/1.1" 404 476 "-" "Mozilla/5.0 (compatible; DotBot/1.1; http://www.opensiteexplorer.org/dotbot, help@moz.com)"
123.125.71.82 - - [19/May/2015:06:16:29 -0700] "GET / HTTP/1.1" 200 2339 "-" "Mozilla/5.0 (compatible; Baiduspider/2.0; +http://www.baidu.com/search/spider.html)"
24.176.181.182 - - [19/May/2015:06:29:44 -0700] "GET /images/wsis-logo-sm.png HTTP/1.1" 200 6108 "http://www.thebackcountry.net/" "Mozilla/5.0 (Windows NT 6.1; WOW64) AppleWebKit/537.36 (KHTML, like Gecko) Chrome/42.0.2311.152 Safari/537.36"
157.55.39.137 - - [19/May/2015:06:50:17 -0700] "GET / HTTP/1.1" 200 2376 "-" "Mozilla/5.0 (compatible; bingbot/2.0; +http://www.bing.com/bingbot.htm)"
123.125.71.75 - - [19/May/2015:06:50:36 -0700] "GET / HTTP/1.1" 200 2339 "-" "Mozilla/5.0 (Windows NT 5.1; rv:6.0.2) Gecko/20100101 Firefox/6.0.2"
123.125.71.83 - - [19/May/2015:06:51:31 -0700] "GET / HTTP/1.1" 200 6114 "-" "Mozilla/5.0 (Windows NT 5.1; rv:6.0.2) Gecko/20100101 Firefox/6.0.2"
220.181.108.158 - - [19/May/2015:06:53:47 -0700] "-" 408 0 "-" "-"
170.75.162.130 - - [19/May/2015:06:59:44 -0700] "GET /lib/reccapi.php?resort=killington HTTP/1.1" 200 1125 "-" "node-superagent/0.18.2"
170.75.162.130 - - [19/May/2015:06:59:53 -0700] "GET /lib/reccapi.php?resort=alpinemeadows HTTP/1.1" 200 1106 "-" "node-superagent/0.18.2"
170.75.162.130 - - [19/May/2015:06:59:54 -0700] "GET /lib/reccapi.php?resort=cannonmountain HTTP/1.1" 200 1118 "-" "node-superagent/0.18.2"
170.75.162.130 - - [19/May/2015:06:59:54 -0700] "GET /lib/reccapi.php?resort=canyons HTTP/1.1" 200 1096 "-" "node-superagent/0.18.2"
170.75.162.130 - - [19/May/2015:06:59:54 -0700] "GET /lib/reccapi.php?resort=angelfire HTTP/1.1" 200 1038 "-" "node-superagent/0.18.2"
170.75.162.130 - - [19/May/2015:06:59:54 -0700] "GET /lib/reccapi.php?resort=mounthoodmeadows HTTP/1.1" 200 1101 "-" "node-superagent/0.18.2"
170.75.162.130 - - [19/May/2015:06:59:54 -0700] "GET /lib/reccapi.php?resort=parkcity HTTP/1.1" 200 1069 "-" "node-superagent/0.18.2"
170.75.162.130 - - [19/May/2015:06:59:54 -0700] "GET /lib/reccapi.php?resort=wildcatmountain HTTP/1.1" 200 1126 "-" "node-superagent/0.18.2"
170.75.162.130 - - [19/May/2015:06:59:54 -0700] "GET /lib/reccapi.php?resort=whistlerblackcomb HTTP/1.1" 200 922 "-" "node-superagent/0.18.2"
170.75.162.130 - - [19/May/2015:07:00:04 -0700] "GET /lib/reccapi.php?resort=49degreesnorth HTTP/1.1" 200 989 "-" "node-superagent/0.18.2"
170.75.162.130 - - [19/May/2015:07:00:04 -0700] "GET /lib/reccapi.php?resort=squawvalleyusa HTTP/1.1" 200 1087 "-" "node-superagent/0.18.2"
201.41.11.75 - - [19/May/2015:07:02:54 -0700] "GET / HTTP/1.1" 200 2376 "http://buttons-for-your-website.com" "Mozilla/5.0 (Windows NT 6.1; WOW64) AppleWebKit/537.36 (KHTML, like Gecko) Chrome/36.0.1985.143 Safari/537.36"
201.41.11.75 - - [19/May/2015:07:02:55 -0700] "GET /styles/0fffd548.main.css HTTP/1.1" 200 19316 "http://whereshouldiski.com/" "Mozilla/5.0 (Windows NT 6.1; WOW64) AppleWebKit/537.36 (KHTML, like Gecko) Chrome/36.0.1985.143 Safari/537.36"
201.41.11.75 - - [19/May/2015:07:02:56 -0700] "GET /scripts/scripts/vendor/modernizr.js HTTP/1.1" 200 4903 "http://whereshouldiski.com/" "Mozilla/5.0 (Windows NT 6.1; WOW64) AppleWebKit/537.36 (KHTML, like Gecko) Chrome/36.0.1985.143 Safari/537.36"
201.41.11.75 - - [19/May/2015:07:02:56 -0700] "GET /bower_components/requirejs/require.js HTTP/1.1" 200 6702 "http://whereshouldiski.com/" "Mozilla/5.0 (Windows NT 6.1; WOW64) AppleWebKit/537.36 (KHTML, like Gecko) Chrome/36.0.1985.143 Safari/537.36"
201.41.11.75 - - [19/May/2015:07:02:57 -0700] "GET /images/logo-sm.png HTTP/1.1" 200 16737 "http://whereshouldiski.com/" "Mozilla/5.0 (Windows NT 6.1; WOW64) AppleWebKit/537.36 (KHTML, like Gecko) Chrome/36.0.1985.143 Safari/537.36"
201.41.11.75 - - [19/May/2015:07:02:57 -0700] "GET /images/loading.gif HTTP/1.1" 200 13881 "http://whereshouldiski.com/" "Mozilla/5.0 (Windows NT 6.1; WOW64) AppleWebKit/537.36 (KHTML, like Gecko) Chrome/36.0.1985.143 Safari/537.36"
201.41.11.75 - - [19/May/2015:07:02:57 -0700] "GET /scripts/fa48e319.main.js HTTP/1.1" 200 123455 "http://whereshouldiski.com/" "Mozilla/5.0 (Windows NT 6.1; WOW64) AppleWebKit/537.36 (KHTML, like Gecko) Chrome/36.0.1985.143 Safari/537.36"
201.41.11.75 - - [19/May/2015:07:03:00 -0700] "GET /images/button.png HTTP/1.1" 200 598 "http://whereshouldiski.com/" "Mozilla/5.0 (Windows NT 6.1; WOW64) AppleWebKit/537.36 (KHTML, like Gecko) Chrome/36.0.1985.143 Safari/537.36"
201.41.11.75 - - [19/May/2015:07:03:00 -0700] "GET /lib/reccapi.php?fields=t HTTP/1.1" 200 1741 "http://whereshouldiski.com/" "Mozilla/5.0 (Windows NT 6.1; WOW64) AppleWebKit/537.36 (KHTML, like Gecko) Chrome/36.0.1985.143 Safari/537.36"
201.41.11.75 - - [19/May/2015:07:03:00 -0700] "GET /images/greyHeader.png HTTP/1.1" 200 508 "http://whereshouldiski.com/" "Mozilla/5.0 (Windows NT 6.1; WOW64) AppleWebKit/537.36 (KHTML, like Gecko) Chrome/36.0.1985.143 Safari/537.36"
201.41.11.75 - - [19/May/2015:07:03:00 -0700] "GET /images/snowflake5.png HTTP/1.1" 200 2857 "http://whereshouldiski.com/" "Mozilla/5.0 (Windows NT 6.1; WOW64) AppleWebKit/537.36 (KHTML, like Gecko) Chrome/36.0.1985.143 Safari/537.36"
201.41.11.75 - - [19/May/2015:07:03:00 -0700] "GET /images/star5.png HTTP/1.1" 200 1783 "http://whereshouldiski.com/" "Mozilla/5.0 (Windows NT 6.1; WOW64) AppleWebKit/537.36 (KHTML, like Gecko) Chrome/36.0.1985.143 Safari/537.36"
201.41.11.75 - - [19/May/2015:07:03:00 -0700] "GET /images/bluebird5.png HTTP/1.1" 200 2178 "http://whereshouldiski.com/" "Mozilla/5.0 (Windows NT 6.1; WOW64) AppleWebKit/537.36 (KHTML, like Gecko) Chrome/36.0.1985.143 Safari/537.36"
201.41.11.75 - - [19/May/2015:07:03:00 -0700] "GET /images/mtns-icon.png HTTP/1.1" 200 1097 "http://whereshouldiski.com/" "Mozilla/5.0 (Windows NT 6.1; WOW64) AppleWebKit/537.36 (KHTML, like Gecko) Chrome/36.0.1985.143 Safari/537.36"
201.41.11.75 - - [19/May/2015:07:03:00 -0700] "GET /images/shading-icon.png HTTP/1.1" 200 537 "http://whereshouldiski.com/" "Mozilla/5.0 (Windows NT 6.1; WOW64) AppleWebKit/537.36 (KHTML, like Gecko) Chrome/36.0.1985.143 Safari/537.36"
127.0.0.1 - - [19/May/2015:07:03:07 -0700] "OPTIONS * HTTP/1.0" 200 126 "-" "Apache/2.2.22 (Ubuntu) (internal dummy connection)"
162.211.122.43 - - [19/May/2015:07:28:11 -0700] "GET / HTTP/1.1" 200 2339 "http://www.whereshouldiski.com" "Mozilla/5.0 (Windows NT 6.1; WOW64; rv:34.0) Gecko/20100101 Firefox/34.0"
162.211.122.43 - - [19/May/2015:07:28:11 -0700] "GET / HTTP/1.1" 200 2339 "http://www.whereshouldiski.com" "Mozilla/5.0 (Windows NT 6.1; WOW64; rv:34.0) Gecko/20100101 Firefox/34.0"
200.171.255.245 - - [19/May/2015:07:32:40 -0700] "GET / HTTP/1.1" 200 2376 "http://best-seo-offer.com/try.php?u=http://whereshouldiski.com" "Mozilla/5.0 (Windows NT 6.1; WOW64) AppleWebKit/537.36 (KHTML, like Gecko) Chrome/36.0.1985.143 Safari/537.36"
200.171.255.245 - - [19/May/2015:07:32:41 -0700] "GET /styles/0fffd548.main.css HTTP/1.1" 200 19316 "http://whereshouldiski.com/" "Mozilla/5.0 (Windows NT 6.1; WOW64) AppleWebKit/537.36 (KHTML, like Gecko) Chrome/36.0.1985.143 Safari/537.36"
200.171.255.245 - - [19/May/2015:07:32:42 -0700] "GET /scripts/scripts/vendor/modernizr.js HTTP/1.1" 200 4903 "http://whereshouldiski.com/" "Mozilla/5.0 (Windows NT 6.1; WOW64) AppleWebKit/537.36 (KHTML, like Gecko) Chrome/36.0.1985.143 Safari/537.36"
200.171.255.245 - - [19/May/2015:07:32:43 -0700] "GET /images/logo-sm.png HTTP/1.1" 200 16737 "http://whereshouldiski.com/" "Mozilla/5.0 (Windows NT 6.1; WOW64) AppleWebKit/537.36 (KHTML, like Gecko) Chrome/36.0.1985.143 Safari/537.36"
200.171.255.245 - - [19/May/2015:07:32:43 -0700] "GET /images/loading.gif HTTP/1.1" 200 13881 "http://whereshouldiski.com/" "Mozilla/5.0 (Windows NT 6.1; WOW64) AppleWebKit/537.36 (KHTML, like Gecko) Chrome/36.0.1985.143 Safari/537.36"
200.171.255.245 - - [19/May/2015:07:32:46 -0700] "GET /bower_components/requirejs/require.js HTTP/1.1" 200 6701 "http://whereshouldiski.com/" "Mozilla/5.0 (Windows NT 6.1; WOW64) AppleWebKit/537.36 (KHTML, like Gecko) Chrome/36.0.1985.143 Safari/537.36"
200.171.255.245 - - [19/May/2015:07:32:46 -0700] "GET /scripts/fa48e319.main.js HTTP/1.1" 200 123455 "http://whereshouldiski.com/" "Mozilla/5.0 (Windows NT 6.1; WOW64) AppleWebKit/537.36 (KHTML, like Gecko) Chrome/36.0.1985.143 Safari/537.36"
200.171.255.245 - - [19/May/2015:07:32:49 -0700] "GET /images/button.png HTTP/1.1" 200 599 "http://whereshouldiski.com/" "Mozilla/5.0 (Windows NT 6.1; WOW64) AppleWebKit/537.36 (KHTML, like Gecko) Chrome/36.0.1985.143 Safari/537.36"
200.171.255.245 - - [19/May/2015:07:32:49 -0700] "GET /lib/reccapi.php?fields=t HTTP/1.1" 200 1778 "http://whereshouldiski.com/" "Mozilla/5.0 (Windows NT 6.1; WOW64) AppleWebKit/537.36 (KHTML, like Gecko) Chrome/36.0.1985.143 Safari/537.36"
89.34.64.217 - - [19/May/2015:07:45:24 -0700] "GET /images/wsis-logo-sm.png HTTP/1.1" 200 6108 "http://thebackcountry.net/" "Mozilla/5.0 (Windows NT 6.1; WOW64) AppleWebKit/537.36 (KHTML, like Gecko) Chrome/32.0.1700.107 Safari/537.36"
23.236.48.119 - - [19/May/2015:07:49:26 -0700] "GET / HTTP/1.0" 200 6151 "-" "NerdyBot"
123.125.71.49 - - [19/May/2015:07:50:50 -0700] "-" 408 0 "-" "-"
220.181.108.166 - - [19/May/2015:07:55:17 -0700] "-" 408 0 "-" "-"
170.75.162.130 - - [19/May/2015:07:59:29 -0700] "GET /lib/reccapi.php?resort=aspenheights HTTP/1.1" 200 1093 "-" "node-superagent/0.18.2"
208.115.111.66 - - [19/May/2015:08:11:17 -0700] "GET /robots.txt HTTP/1.1" 200 319 "-" "Mozilla/5.0 (compatible; DotBot/1.1; http://www.opensiteexplorer.org/dotbot, help@moz.com)"
210.195.252.30 - - [19/May/2015:08:11:59 -0700] "GET /images/wsis-logo-sm.png HTTP/1.1" 200 6108 "http://thebackcountry.net/" "Mozilla/5.0 (Windows NT 6.1; WOW64) AppleWebKit/537.36 (KHTML, like Gecko) Chrome/36.0.1985.143 Safari/537.36"
68.72.70.2 - - [19/May/2015:08:12:51 -0700] "GET /images/wsis-logo-sm.png HTTP/1.0" 200 6108 "http://www.thebackcountry.net/" "Mozilla/5.0 (Windows NT 6.1; WOW64) AppleWebKit/537.36 (KHTML, like Gecko) Chrome/42.0.2311.152 Safari/537.36"
170.75.162.130 - - [19/May/2015:08:17:30 -0700] "GET /lib/reccapi.php?resort=heavenly HTTP/1.1" 200 1102 "-" "node-superagent/0.18.2"
170.75.162.130 - - [19/May/2015:08:17:30 -0700] "GET /lib/reccapi.php?resort=mtrose HTTP/1.1" 200 1045 "-" "node-superagent/0.18.2"
170.75.162.130 - - [19/May/2015:08:17:30 -0700] "GET /lib/reccapi.php?resort=diamondpeak HTTP/1.1" 200 999 "-" "node-superagent/0.18.2"
50.174.162.254 - - [19/May/2015:08:27:23 -0700] "GET /images/wsis-logo-sm.png HTTP/1.1" 200 6108 "http://www.thebackcountry.net/" "Mozilla/5.0 (Macintosh; Intel Mac OS X 10.10; rv:37.0) Gecko/20100101 Firefox/37.0"
72.34.128.250 - - [19/May/2015:08:29:07 -0700] "GET /images/wsis-logo-sm.png HTTP/1.1" 200 6108 "http://www.thebackcountry.net/" "Mozilla/5.0 (Macintosh; Intel Mac OS X 10_9_5) AppleWebKit/537.36 (KHTML, like Gecko) Chrome/42.0.2311.152 Safari/537.36"
162.231.193.172 - - [19/May/2015:08:39:22 -0700] "GET /images/wsis-logo-sm.png HTTP/1.1" 200 6108 "http://thebackcountry.net/" "Mozilla/5.0 (Macintosh; Intel Mac OS X 10_10_3) AppleWebKit/537.36 (KHTML, like Gecko) Chrome/42.0.2311.152 Safari/537.36"
123.125.71.106 - - [19/May/2015:08:54:47 -0700] "-" 408 0 "-" "-"
220.181.108.184 - - [19/May/2015:08:57:03 -0700] "-" 408 0 "-" "-"
24.180.42.102 - - [19/May/2015:09:05:29 -0700] "GET /images/wsis-logo-sm.png HTTP/1.1" 200 6108 "http://www.thebackcountry.net/" "Mozilla/5.0 (Windows NT 6.3; WOW64; Trident/7.0; rv:11.0) like Gecko"
24.180.42.102 - - [19/May/2015:09:05:50 -0700] "-" 408 0 "-" "-"
217.79.184.51 - - [19/May/2015:09:07:40 -0700] "GET /robots.txt HTTP/1.0" 200 338 "-" "Mozilla/5.0 (compatible; MJ12bot/v1.4.5; http://www.majestic12.co.uk/bot.php?+)"
217.79.184.51 - - [19/May/2015:09:08:12 -0700] "GET /resorts?resort=mountainhigh HTTP/1.0" 404 495 "-" "Mozilla/5.0 (compatible; MJ12bot/v1.4.5; http://www.majestic12.co.uk/bot.php?+)"
217.79.184.51 - - [19/May/2015:09:08:19 -0700] "GET /resorts?resort=mountbachelor HTTP/1.0" 404 469 "-" "Mozilla/5.0 (compatible; MJ12bot/v1.4.5; http://www.majestic12.co.uk/bot.php?+)"
217.79.184.51 - - [19/May/2015:09:08:46 -0700] "GET /resorts?resort=mounthoodmeadows HTTP/1.0" 404 469 "-" "Mozilla/5.0 (compatible; MJ12bot/v1.4.5; http://www.majestic12.co.uk/bot.php?+)"
217.79.184.51 - - [19/May/2015:09:08:49 -0700] "GET /resorts?resort=mountspokane HTTP/1.0" 404 469 "-" "Mozilla/5.0 (compatible; MJ12bot/v1.4.5; http://www.majestic12.co.uk/bot.php?+)"
24.180.42.102 - - [19/May/2015:09:08:59 -0700] "GET /images/wsis-logo-sm.png HTTP/1.1" 200 6108 "http://www.thebackcountry.net/" "Mozilla/5.0 (Windows NT 6.3; WOW64; Trident/7.0; rv:11.0) like Gecko"
217.79.184.51 - - [19/May/2015:09:08:59 -0700] "GET /resorts?resort=parkcity HTTP/1.0" 404 469 "-" "Mozilla/5.0 (compatible; MJ12bot/v1.4.5; http://www.majestic12.co.uk/bot.php?+)"
24.180.42.102 - - [19/May/2015:09:09:20 -0700] "-" 408 0 "-" "-"
24.180.42.102 - - [19/May/2015:09:20:03 -0700] "GET /images/wsis-logo-sm.png HTTP/1.1" 200 6108 "http://www.thebackcountry.net/" "Mozilla/5.0 (Windows NT 6.3; WOW64; Trident/7.0; rv:11.0) like Gecko"
24.180.42.102 - - [19/May/2015:09:20:25 -0700] "-" 408 0 "-" "-"
208.115.111.66 - - [19/May/2015:09:23:23 -0700] "GET /resorts?resort=sundance&date=2014-09-27 HTTP/1.1" 404 476 "-" "Mozilla/5.0 (compatible; DotBot/1.1; http://www.opensiteexplorer.org/dotbot, help@moz.com)"
208.115.111.66 - - [19/May/2015:09:23:30 -0700] "GET /resorts?resort=brighton&date=2014-06-25 HTTP/1.1" 404 476 "-" "Mozilla/5.0 (compatible; DotBot/1.1; http://www.opensiteexplorer.org/dotbot, help@moz.com)"
208.115.111.66 - - [19/May/2015:09:23:36 -0700] "GET /resorts?resort=sugarbush&date=2014-10-03 HTTP/1.1" 404 476 "-" "Mozilla/5.0 (compatible; DotBot/1.1; http://www.opensiteexplorer.org/dotbot, help@moz.com)"
208.115.111.66 - - [19/May/2015:09:23:37 -0700] "GET /resorts?resort=sugarbowl&date=2014-06-27 HTTP/1.1" 404 476 "-" "Mozilla/5.0 (compatible; DotBot/1.1; http://www.opensiteexplorer.org/dotbot, help@moz.com)"
208.115.111.66 - - [19/May/2015:09:23:39 -0700] "GET /resorts?resort=redmountain&date=2014-10-07 HTTP/1.1" 404 476 "-" "Mozilla/5.0 (compatible; DotBot/1.1; http://www.opensiteexplorer.org/dotbot, help@moz.com)"
208.115.111.66 - - [19/May/2015:09:23:40 -0700] "GET /resorts?resort=monarch&date=2014-11-03 HTTP/1.1" 404 476 "-" "Mozilla/5.0 (compatible; DotBot/1.1; http://www.opensiteexplorer.org/dotbot, help@moz.com)"
208.115.111.66 - - [19/May/2015:09:23:41 -0700] "GET /resorts?resort=winterpark&date=2014-10-03 HTTP/1.1" 404 476 "-" "Mozilla/5.0 (compatible; DotBot/1.1; http://www.opensiteexplorer.org/dotbot, help@moz.com)"
208.115.111.66 - - [19/May/2015:09:23:42 -0700] "GET /resorts?resort=keystone&date=2014-06-11 HTTP/1.1" 404 476 "-" "Mozilla/5.0 (compatible; DotBot/1.1; http://www.opensiteexplorer.org/dotbot, help@moz.com)"
208.115.111.66 - - [19/May/2015:09:23:44 -0700] "GET /resorts?resort=snowbasin&date=2014-11-09 HTTP/1.1" 404 476 "-" "Mozilla/5.0 (compatible; DotBot/1.1; http://www.opensiteexplorer.org/dotbot, help@moz.com)"
24.180.42.102 - - [19/May/2015:09:23:44 -0700] "-" 408 0 "-" "-"
208.115.111.66 - - [19/May/2015:09:23:45 -0700] "GET /resorts?resort=sundance&date=2014-06-07 HTTP/1.1" 404 476 "-" "Mozilla/5.0 (compatible; DotBot/1.1; http://www.opensiteexplorer.org/dotbot, help@moz.com)"
71.140.31.214 - - [19/May/2015:09:34:58 -0700] "GET /images/wsis-logo-sm.png HTTP/1.1" 200 6108 "http://thebackcountry.net/" "Mozilla/4.0 (compatible; MSIE 8.0; Windows NT 5.1; Trident/4.0; .NET CLR 2.0.50727; .NET CLR 3.0.4506.2152; .NET CLR 3.5.30729; 786908940603; Build/14.08001)"
66.249.79.40 - - [19/May/2015:09:40:14 -0700] "GET /robots.txt HTTP/1.1" 200 419 "-" "Mozilla/5.0 (compatible; Googlebot/2.1; +http://www.google.com/bot.html)"
66.249.79.66 - - [19/May/2015:09:40:14 -0700] "GET / HTTP/1.1" 200 2376 "-" "Mozilla/5.0 (iPhone; CPU iPhone OS 6_0 like Mac OS X) AppleWebKit/536.26 (KHTML, like Gecko) Version/6.0 Mobile/10A5376e Safari/8536.25 (compatible; Googlebot/2.1; +http://www.google.com/bot.html)"
157.55.39.52 - - [19/May/2015:09:40:54 -0700] "GET /about HTTP/1.1" 404 506 "-" "Mozilla/5.0 (compatible; bingbot/2.0; +http://www.bing.com/bingbot.htm)"
178.162.195.19 - - [19/May/2015:09:46:49 -0700] "GET /robots.txt HTTP/1.1" 200 375 "-" "Java/1.7.0_65"
123.125.71.71 - - [19/May/2015:09:50:26 -0700] "-" 408 0 "-" "-"
66.249.79.40 - - [19/May/2015:09:50:40 -0700] "GET /styles/0fffd548.main.css HTTP/1.1" 200 19317 "-" "Mozilla/5.0 (compatible; Googlebot/2.1; +http://www.google.com/bot.html)"
66.249.79.250 - - [19/May/2015:09:50:43 -0700] "GET /robots.txt HTTP/1.1" 200 419 "-" "Mozilla/5.0 (compatible; Googlebot/2.1; +http://www.google.com/bot.html)"
66.249.79.14 - - [19/May/2015:09:50:43 -0700] "GET /lib/reccapi.php?fields=t HTTP/1.1" 200 1786 "http://www.whereshouldiski.com/" "Mozilla/5.0 (compatible; Googlebot/2.1; +http://www.google.com/bot.html)"
220.181.108.97 - - [19/May/2015:09:51:44 -0700] "-" 408 0 "-" "-"
208.115.111.66 - - [19/May/2015:09:54:19 -0700] "GET /resorts?resort=whistlerblackcomb&date=2014-06-05 HTTP/1.1" 404 476 "-" "Mozilla/5.0 (compatible; DotBot/1.1; http://www.opensiteexplorer.org/dotbot, help@moz.com)"
208.115.111.66 - - [19/May/2015:09:54:20 -0700] "GET /resorts?resort=elkridge&date=2014-06-30 HTTP/1.1" 404 476 "-" "Mozilla/5.0 (compatible; DotBot/1.1; http://www.opensiteexplorer.org/dotbot, help@moz.com)"
208.115.111.66 - - [19/May/2015:09:54:20 -0700] "GET /resorts?resort=deervalley&date=2014-10-22 HTTP/1.1" 404 476 "-" "Mozilla/5.0 (compatible; DotBot/1.1; http://www.opensiteexplorer.org/dotbot, help@moz.com)"
208.115.111.66 - - [19/May/2015:09:54:21 -0700] "GET /resorts?resort=cascademountain&date=2014-06-28 HTTP/1.1" 404 476 "-" "Mozilla/5.0 (compatible; DotBot/1.1; http://www.opensiteexplorer.org/dotbot, help@moz.com)"
208.115.111.66 - - [19/May/2015:09:54:22 -0700] "GET /resorts?resort=blacktailmountain&date=2014-06-18 HTTP/1.1" 404 476 "-" "Mozilla/5.0 (compatible; DotBot/1.1; http://www.opensiteexplorer.org/dotbot, help@moz.com)"
208.115.111.66 - - [19/May/2015:09:54:22 -0700] "GET /resorts?resort=anthonylakes&date=2014-11-05 HTTP/1.1" 404 476 "-" "Mozilla/5.0 (compatible; DotBot/1.1; http://www.opensiteexplorer.org/dotbot, help@moz.com)"
208.115.111.66 - - [19/May/2015:09:54:23 -0700] "GET /resorts?resort=alpinevalley&date=2014-06-28 HTTP/1.1" 404 476 "-" "Mozilla/5.0 (compatible; DotBot/1.1; http://www.opensiteexplorer.org/dotbot, help@moz.com)"
208.115.111.66 - - [19/May/2015:09:54:24 -0700] "GET /resorts?resort=49degreesnorth&date=2014-10-05 HTTP/1.1" 404 476 "-" "Mozilla/5.0 (compatible; DotBot/1.1; http://www.opensiteexplorer.org/dotbot, help@moz.com)"
208.115.111.66 - - [19/May/2015:09:54:24 -0700] "GET /resorts?resort=snowbird&date=2014-10-06 HTTP/1.1" 404 476 "-" "Mozilla/5.0 (compatible; DotBot/1.1; http://www.opensiteexplorer.org/dotbot, help@moz.com)"
208.115.111.66 - - [19/May/2015:09:54:25 -0700] "GET /resorts?resort=sipapu&date=2014-06-09 HTTP/1.1" 404 476 "-" "Mozilla/5.0 (compatible; DotBot/1.1; http://www.opensiteexplorer.org/dotbot, help@moz.com)"
208.115.111.66 - - [19/May/2015:09:54:26 -0700] "GET /resorts?resort=silvermountain&date=2014-10-21 HTTP/1.1" 404 476 "-" "Mozilla/5.0 (compatible; DotBot/1.1; http://www.opensiteexplorer.org/dotbot, help@moz.com)"
208.115.111.66 - - [19/May/2015:09:54:26 -0700] "GET /resorts?resort=silvermountain&date=2014-06-11 HTTP/1.1" 404 476 "-" "Mozilla/5.0 (compatible; DotBot/1.1; http://www.opensiteexplorer.org/dotbot, help@moz.com)"
208.115.111.66 - - [19/May/2015:09:54:27 -0700] "GET /resorts?resort=mtlemmonskivalley&date=2014-10-23 HTTP/1.1" 404 476 "-" "Mozilla/5.0 (compatible; DotBot/1.1; http://www.opensiteexplorer.org/dotbot, help@moz.com)"
208.115.111.66 - - [19/May/2015:09:54:28 -0700] "GET /resorts?resort=mt.baldy&date=2014-10-14 HTTP/1.1" 404 476 "-" "Mozilla/5.0 (compatible; DotBot/1.1; http://www.opensiteexplorer.org/dotbot, help@moz.com)"
208.115.111.66 - - [19/May/2015:09:54:28 -0700] "GET /resorts?resort=mountwashingtonalpine&date=2014-10-07 HTTP/1.1" 404 476 "-" "Mozilla/5.0 (compatible; DotBot/1.1; http://www.opensiteexplorer.org/dotbot, help@moz.com)"
208.115.111.66 - - [19/May/2015:09:54:29 -0700] "GET /resorts?resort=mountbaker&date=2014-10-18 HTTP/1.1" 404 476 "-" "Mozilla/5.0 (compatible; DotBot/1.1; http://www.opensiteexplorer.org/dotbot, help@moz.com)"
208.115.111.66 - - [19/May/2015:09:54:30 -0700] "GET /resorts?resort=lookoutpass&date=2014-06-06 HTTP/1.1" 404 476 "-" "Mozilla/5.0 (compatible; DotBot/1.1; http://www.opensiteexplorer.org/dotbot, help@moz.com)"
208.115.111.66 - - [19/May/2015:09:54:30 -0700] "GET /resorts?resort=kellycanyon&date=2014-10-19 HTTP/1.1" 404 476 "-" "Mozilla/5.0 (compatible; DotBot/1.1; http://www.opensiteexplorer.org/dotbot, help@moz.com)"
208.115.111.66 - - [19/May/2015:09:54:31 -0700] "GET /resorts?resort=gore&date=2014-10-17 HTTP/1.1" 404 476 "-" "Mozilla/5.0 (compatible; DotBot/1.1; http://www.opensiteexplorer.org/dotbot, help@moz.com)"
71.140.31.214 - - [19/May/2015:09:55:20 -0700] "GET /images/wsis-logo-sm.png HTTP/1.1" 304 187 "http://thebackcountry.net/" "Mozilla/4.0 (compatible; MSIE 8.0; Windows NT 5.1; Trident/4.0; .NET CLR 2.0.50727; .NET CLR 3.0.4506.2152; .NET CLR 3.5.30729; 786908940603; Build/14.08001)"
169.230.243.88 - - [19/May/2015:10:03:08 -0700] "GET /images/wsis-logo-sm.png HTTP/1.1" 200 6108 "http://www.thebackcountry.net/" "Mozilla/5.0 (Windows NT 6.1; WOW64) AppleWebKit/537.36 (KHTML, like Gecko) Chrome/42.0.2311.152 Safari/537.36"
66.249.79.250 - - [19/May/2015:10:08:00 -0700] "GET / HTTP/1.1" 200 2376 "-" "DoCoMo/2.0 N905i(c100;TB;W24H16) (compatible; Googlebot-Mobile/2.1; +http://www.google.com/bot.html)"
69.199.49.146 - - [19/May/2015:10:09:55 -0700] "GET /images/wsis-logo-sm.png HTTP/1.1" 200 6108 "http://www.thebackcountry.net/" "Mozilla/5.0 (iPad; CPU OS 8_3 like Mac OS X) AppleWebKit/600.1.4 (KHTML, like Gecko) Version/8.0 Mobile/12F69 Safari/600.1.4"
71.140.31.214 - - [19/May/2015:10:19:59 -0700] "GET /images/wsis-logo-sm.png HTTP/1.1" 200 6108 "http://thebackcountry.net/" "Mozilla/4.0 (compatible; MSIE 8.0; Windows NT 5.1; Trident/4.0; .NET CLR 2.0.50727; .NET CLR 3.0.4506.2152; .NET CLR 3.5.30729; 786908940603; Build/14.08001)"
66.249.79.14 - - [19/May/2015:10:24:54 -0700] "GET /resorts?resort=beavermountain&date=2012-12-04 HTTP/1.1" 404 506 "-" "Mozilla/5.0 (iPhone; CPU iPhone OS 6_0 like Mac OS X) AppleWebKit/536.26 (KHTML, like Gecko) Version/6.0 Mobile/10A5376e Safari/8536.25 (compatible; Googlebot/2.1; +http://www.google.com/bot.html)"
180.76.15.144 - - [19/May/2015:10:27:34 -0700] "GET /resorts?resort=arizonasnowbowl&date=2014-04-12 HTTP/1.1" 404 472 "-" "Mozilla/5.0 (compatible; Baiduspider/2.0; +http://www.baidu.com/search/spider.html)"
170.75.162.130 - - [19/May/2015:10:37:22 -0700] "GET /lib/reccapi.php?resort=whitefacemountain HTTP/1.1" 200 1112 "-" "node-superagent/0.18.2"
200.27.214.194 - - [19/May/2015:10:38:45 -0700] "GET /images/wsis-logo-sm.png HTTP/1.1" 200 6108 "http://www.thebackcountry.net/" "Mozilla/5.0 (Windows NT 5.1) AppleWebKit/537.36 (KHTML, like Gecko) Chrome/42.0.2311.152 Safari/537.36"
67.229.128.103 - - [19/May/2015:10:42:29 -0700] "GET / HTTP/1.1" 200 6114 "-" "Python-urllib/2.7"
180.76.15.160 - - [19/May/2015:10:45:27 -0700] "GET / HTTP/1.1" 200 2339 "-" "Mozilla/5.0 (compatible; Baiduspider/2.0; +http://www.baidu.com/search/spider.html)"
66.249.79.250 - - [19/May/2015:11:07:33 -0700] "GET /images/logo-sm.png HTTP/1.1" 304 187 "-" "Googlebot-Image/1.0"
123.125.71.73 - - [19/May/2015:11:08:12 -0700] "-" 408 0 "-" "-"
216.24.133.55 - - [19/May/2015:11:10:41 -0700] "GET /images/wsis-logo-sm.png HTTP/1.1" 200 6052 "http://www.thebackcountry.net/" "Mozilla/5.0 (Windows NT 6.1) AppleWebKit/537.36 (KHTML, like Gecko) Chrome/42.0.2311.152 Safari/537.36"
220.181.108.140 - - [19/May/2015:11:10:50 -0700] "GET / HTTP/1.1" 200 2339 "-" "Mozilla/5.0 (Windows NT 5.1; rv:6.0.2) Gecko/20100101 Firefox/6.0.2"
220.181.108.143 - - [19/May/2015:11:11:46 -0700] "-" 408 0 "-" "-"
66.249.79.14 - - [19/May/2015:11:15:23 -0700] "GET /resorts?resort=mt.baldy&date=2014-05-14 HTTP/1.1" 404 506 "-" "Mozilla/5.0 (iPhone; CPU iPhone OS 6_0 like Mac OS X) AppleWebKit/536.26 (KHTML, like Gecko) Version/6.0 Mobile/10A5376e Safari/8536.25 (compatible; Googlebot/2.1; +http://www.google.com/bot.html)"
71.94.31.160 - - [19/May/2015:11:30:11 -0700] "GET /images/wsis-logo-sm.png HTTP/1.1" 200 6108 "http://www.thebackcountry.net/" "Mozilla/5.0 (Android; Mobile; rv:36.0) Gecko/36.0 Firefox/36.0"
54.84.174.191 - - [19/May/2015:11:41:37 -0700] "GET /about HTTP/1.1" 404 532 "-" "Mozilla/5.0 (X11; Linux x86_64) AppleWebKit/537.36 (KHTML, like Gecko) Chrome/29.0.1547.57 Safari/537.36"
207.46.13.112 - - [19/May/2015:11:42:22 -0700] "GET /resorts?resort=portillo&date=2014-08-19 HTTP/1.1" 404 509 "-" "Mozilla/5.0 (compatible; bingbot/2.0; +http://www.bing.com/bingbot.htm)"
213.133.97.216 - - [19/May/2015:11:46:17 -0700] "HEAD / HTTP/1.1" 200 310 "-" "Mozilla/5.0 (Windows NT 6.1; rv:36.0) Gecko/20100101 Firefox/36.0"
123.125.71.34 - - [19/May/2015:11:53:42 -0700] "-" 408 0 "-" "-"
220.181.108.181 - - [19/May/2015:11:54:06 -0700] "-" 408 0 "-" "-"
50.125.115.14 - - [19/May/2015:11:56:20 -0700] "GET /im/api.php?bib=2640&r=0.7671533797401935&raceId=2147483675&raceName=texas&startTime=07:00:00 HTTP/1.1" 200 1627 "http://ericfahsl.com/im/" "Mozilla/5.0 (Linux; Android 5.1; Nexus 5 Build/LMY47D) AppleWebKit/537.36 (KHTML, like Gecko) Chrome/42.0.2311.111 Mobile Safari/537.36"
50.35.3.118 - - [19/May/2015:11:56:20 -0700] "GET /im/api.php?bib=2686&r=0.7740060794167221&raceId=2147483675&raceName=texas&startTime=07:00:00 HTTP/1.1" 200 1636 "http://ericfahsl.com/im/" "Mozilla/5.0 (Linux; Android 5.1; Nexus 5 Build/LMY47D) AppleWebKit/537.36 (KHTML, like Gecko) Chrome/42.0.2311.111 Mobile Safari/537.36"
50.35.3.118 - - [19/May/2015:11:56:20 -0700] "GET /im/api.php?bib=885&r=0.15872844215482473&raceId=2147483675&raceName=texas&startTime=07:00:00 HTTP/1.1" 200 1618 "http://ericfahsl.com/im/" "Mozilla/5.0 (Linux; Android 5.1; Nexus 5 Build/LMY47D) AppleWebKit/537.36 (KHTML, like Gecko) Chrome/42.0.2311.111 Mobile Safari/537.36"
50.125.115.14 - - [19/May/2015:11:56:20 -0700] "GET /im/api.php?bib=1922&r=0.4684680423233658&raceId=2147483675&raceName=texas&startTime=07:00:00 HTTP/1.1" 200 1647 "http://ericfahsl.com/im/" "Mozilla/5.0 (Linux; Android 5.1; Nexus 5 Build/LMY47D) AppleWebKit/537.36 (KHTML, like Gecko) Chrome/42.0.2311.111 Mobile Safari/537.36"
50.35.3.118 - - [19/May/2015:11:56:20 -0700] "GET /im/api.php?bib=457&r=0.5482479981146753&raceId=2147483675&raceName=texas&startTime=07:00:00 HTTP/1.1" 200 1604 "http://ericfahsl.com/im/" "Mozilla/5.0 (Linux; Android 5.1; Nexus 5 Build/LMY47D) AppleWebKit/537.36 (KHTML, like Gecko) Chrome/42.0.2311.111 Mobile Safari/537.36"
50.35.3.118 - - [19/May/2015:11:56:28 -0700] "GET /im/api.php?bib=885&r=0.29617338185198605&raceId=2147483675&raceName=texas&startTime=07:00:00 HTTP/1.1" 200 1619 "http://ericfahsl.com/im/" "Mozilla/5.0 (Linux; Android 5.1; Nexus 5 Build/LMY47D) AppleWebKit/537.36 (KHTML, like Gecko) Chrome/42.0.2311.111 Mobile Safari/537.36"
50.35.3.118 - - [19/May/2015:11:56:28 -0700] "GET /im/api.php?bib=2640&r=0.14591463352553546&raceId=2147483675&raceName=texas&startTime=07:00:00 HTTP/1.1" 200 1628 "http://ericfahsl.com/im/" "Mozilla/5.0 (Linux; Android 5.1; Nexus 5 Build/LMY47D) AppleWebKit/537.36 (KHTML, like Gecko) Chrome/42.0.2311.111 Mobile Safari/537.36"
50.35.3.118 - - [19/May/2015:11:56:28 -0700] "GET /im/api.php?bib=1922&r=0.6668526688590646&raceId=2147483675&raceName=texas&startTime=07:00:00 HTTP/1.1" 200 1646 "http://ericfahsl.com/im/" "Mozilla/5.0 (Linux; Android 5.1; Nexus 5 Build/LMY47D) AppleWebKit/537.36 (KHTML, like Gecko) Chrome/42.0.2311.111 Mobile Safari/537.36"
50.35.3.118 - - [19/May/2015:11:56:28 -0700] "GET /im/api.php?bib=457&r=0.321659337496385&raceId=2147483675&raceName=texas&startTime=07:00:00 HTTP/1.1" 200 1604 "http://ericfahsl.com/im/" "Mozilla/5.0 (Linux; Android 5.1; Nexus 5 Build/LMY47D) AppleWebKit/537.36 (KHTML, like Gecko) Chrome/42.0.2311.111 Mobile Safari/537.36"
50.35.3.118 - - [19/May/2015:11:56:28 -0700] "GET /im/api.php?bib=2686&r=0.7403586953878403&raceId=2147483675&raceName=texas&startTime=07:00:00 HTTP/1.1" 200 1636 "http://ericfahsl.com/im/" "Mozilla/5.0 (Linux; Android 5.1; Nexus 5 Build/LMY47D) AppleWebKit/537.36 (KHTML, like Gecko) Chrome/42.0.2311.111 Mobile Safari/537.36"
94.102.53.186 - - [19/May/2015:11:58:53 -0700] "GET // HTTP/1.1" 200 2339 "-" "Mozilla/4.0 (compatible; MSIE 6.0; Windows 98)"
94.102.53.186 - - [19/May/2015:11:58:53 -0700] "GET //install/ HTTP/1.1" 404 466 "-" "Mozilla/4.0 (compatible; MSIE 6.0; Windows 98)"
94.102.53.186 - - [19/May/2015:11:58:54 -0700] "GET //webcalendar/install/ HTTP/1.1" 404 466 "-" "Mozilla/4.0 (compatible; MSIE 6.0; Windows 98)"
94.102.53.186 - - [19/May/2015:11:58:54 -0700] "GET //calendar/install/ HTTP/1.1" 404 466 "-" "Mozilla/4.0 (compatible; MSIE 6.0; Windows 98)"
94.102.53.186 - - [19/May/2015:11:58:54 -0700] "GET //WebCalendar/install/ HTTP/1.1" 404 466 "-" "Mozilla/4.0 (compatible; MSIE 6.0; Windows 98)"
94.102.53.186 - - [19/May/2015:11:58:55 -0700] "GET //Calendar/install/ HTTP/1.1" 404 466 "-" "Mozilla/4.0 (compatible; MSIE 6.0; Windows 98)"
94.102.53.186 - - [19/May/2015:11:58:55 -0700] "GET //web/install/ HTTP/1.1" 404 466 "-" "Mozilla/4.0 (compatible; MSIE 6.0; Windows 98)"
94.102.53.186 - - [19/May/2015:11:58:55 -0700] "GET //wc/install/ HTTP/1.1" 404 466 "-" "Mozilla/4.0 (compatible; MSIE 6.0; Windows 98)"
94.102.53.186 - - [19/May/2015:11:58:56 -0700] "GET //w6/install/ HTTP/1.1" 404 466 "-" "Mozilla/4.0 (compatible; MSIE 6.0; Windows 98)"
94.102.53.186 - - [19/May/2015:11:58:56 -0700] "GET //webc/install/ HTTP/1.1" 404 466 "-" "Mozilla/4.0 (compatible; MSIE 6.0; Windows 98)"
94.102.53.186 - - [19/May/2015:11:58:56 -0700] "GET //wcalendar/install/ HTTP/1.1" 404 466 "-" "Mozilla/4.0 (compatible; MSIE 6.0; Windows 98)"
94.102.53.186 - - [19/May/2015:11:58:56 -0700] "GET / HTTP/1.1" 200 2339 "-" "Mozilla/4.0 (compatible; MSIE 6.0; Windows 98)"
127.0.0.1 - - [19/May/2015:11:58:57 -0700] "OPTIONS * HTTP/1.0" 200 126 "-" "Apache/2.2.22 (Ubuntu) (internal dummy connection)"
66.249.79.250 - - [19/May/2015:12:06:11 -0700] "GET /resorts?resort=remarkables&date=2014-08-29 HTTP/1.1" 404 506 "-" "Mozilla/5.0 (iPhone; CPU iPhone OS 6_0 like Mac OS X) AppleWebKit/536.26 (KHTML, like Gecko) Version/6.0 Mobile/10A5376e Safari/8536.25 (compatible; Googlebot/2.1; +http://www.google.com/bot.html)"
208.115.111.66 - - [19/May/2015:12:11:09 -0700] "GET /robots.txt HTTP/1.1" 200 319 "-" "Mozilla/5.0 (compatible; DotBot/1.1; http://www.opensiteexplorer.org/dotbot, help@moz.com)"
170.75.162.130 - - [19/May/2015:12:17:21 -0700] "GET /lib/reccapi.php?resort=redmountain HTTP/1.1" 200 900 "-" "node-superagent/0.18.2"
170.75.162.130 - - [19/May/2015:12:17:21 -0700] "GET /lib/reccapi.php?resort=homewoodmountain HTTP/1.1" 200 1082 "-" "node-superagent/0.18.2"
170.75.162.130 - - [19/May/2015:12:17:21 -0700] "GET /lib/reccapi.php?resort=madriverglen HTTP/1.1" 200 1105 "-" "node-superagent/0.18.2"
170.75.162.130 - - [19/May/2015:12:17:21 -0700] "GET /lib/reccapi.php?resort=bigwhite HTTP/1.1" 200 912 "-" "node-superagent/0.18.2"
170.75.162.130 - - [19/May/2015:12:18:21 -0700] "GET /lib/reccapi.php?resort=stevenspass HTTP/1.1" 200 1026 "-" "node-superagent/0.18.2"
170.75.162.130 - - [19/May/2015:12:18:21 -0700] "GET /lib/reccapi.php?resort=sugarbowl HTTP/1.1" 200 1043 "-" "node-superagent/0.18.2"
170.75.162.130 - - [19/May/2015:12:18:21 -0700] "GET /lib/reccapi.php?resort=silverstarmountain HTTP/1.1" 200 926 "-" "node-superagent/0.18.2"
170.75.162.130 - - [19/May/2015:12:18:21 -0700] "GET /lib/reccapi.php?resort=smugglersnotch HTTP/1.1" 200 1127 "-" "node-superagent/0.18.2"
170.75.162.130 - - [19/May/2015:12:18:21 -0700] "GET /lib/reccapi.php?resort=sugarbush HTTP/1.1" 200 1105 "-" "node-superagent/0.18.2"
170.75.162.130 - - [19/May/2015:12:18:21 -0700] "GET /lib/reccapi.php?resort=stowe HTTP/1.1" 200 1116 "-" "node-superagent/0.18.2"
170.75.162.130 - - [19/May/2015:12:18:21 -0700] "GET /lib/reccapi.php?resort=sunpeaksresort HTTP/1.1" 200 911 "-" "node-superagent/0.18.2"
67.180.158.42 - - [19/May/2015:12:22:06 -0700] "GET /images/wsis-logo-sm.png HTTP/1.1" 200 6108 "http://www.thebackcountry.net/" "Mozilla/5.0 (Windows NT 6.1; WOW64) AppleWebKit/537.36 (KHTML, like Gecko) Chrome/42.0.2311.152 Safari/537.36"
70.214.34.222 - - [19/May/2015:12:35:48 -0700] "GET /images/wsis-logo-sm.png HTTP/1.1" 200 6108 "http://www.thebackcountry.net/" "Mozilla/5.0 (iPhone; CPU iPhone OS 8_1_2 like Mac OS X) AppleWebKit/600.1.4 (KHTML, like Gecko) Version/8.0 Mobile/12B440 Safari/600.1.4"
66.249.79.1 - - [19/May/2015:12:57:00 -0700] "GET /resorts?resort=grandtarghee HTTP/1.1" 404 506 "-" "Mozilla/5.0 (iPhone; CPU iPhone OS 6_0 like Mac OS X) AppleWebKit/536.26 (KHTML, like Gecko) Version/6.0 Mobile/10A5376e Safari/8536.25 (compatible; Googlebot/2.1; +http://www.google.com/bot.html)"
123.125.71.13 - - [19/May/2015:12:58:03 -0700] "-" 408 0 "-" "-"
220.181.108.85 - - [19/May/2015:12:58:08 -0700] "-" 408 0 "-" "-"
170.75.162.130 - - [19/May/2015:13:13:46 -0700] "GET /lib/reccapi.php?resort=diamondpeak HTTP/1.1" 200 1000 "-" "node-superagent/0.18.2"
180.76.15.12 - - [19/May/2015:13:15:48 -0700] "GET /resorts?resort=mounthutt&date=2014-08-23 HTTP/1.1" 404 472 "-" "Mozilla/5.0 (compatible; Baiduspider/2.0; +http://www.baidu.com/search/spider.html)"
170.75.162.130 - - [19/May/2015:13:21:06 -0700] "GET /lib/reccapi.php?resort=hoodoo HTTP/1.1" 200 1105 "-" "node-superagent/0.18.2"
208.115.111.66 - - [19/May/2015:13:23:37 -0700] "GET /resorts?resort=squawvalleyusa&date=2014-11-04 HTTP/1.1" 404 476 "-" "Mozilla/5.0 (compatible; DotBot/1.1; http://www.opensiteexplorer.org/dotbot, help@moz.com)"
208.115.111.66 - - [19/May/2015:13:23:43 -0700] "GET /resorts?resort=kirkwood&date=2014-09-28 HTTP/1.1" 404 476 "-" "Mozilla/5.0 (compatible; DotBot/1.1; http://www.opensiteexplorer.org/dotbot, help@moz.com)"
77.66.121.244 - - [19/May/2015:13:31:45 -0700] "GET /robots.txt HTTP/1.0" 200 382 "-" "Mozilla/5.0 (compatible; Findxbot/1.0; +http://www.findxbot.com)"
77.66.121.244 - - [19/May/2015:13:31:45 -0700] "GET /resorts?resort=homewoodmountain HTTP/1.0" 404 469 "-" "Mozilla/5.0 (compatible; Findxbot/1.0; +http://www.findxbot.com)"
220.181.108.154 - - [19/May/2015:13:42:42 -0700] "GET /scripts/scripts/vendor/modernizr.js HTTP/1.1" 200 4866 "-" "Mozilla/5.0 (compatible; Baiduspider/2.0; +http://www.baidu.com/search/spider.html)"
77.66.121.244 - - [19/May/2015:13:47:02 -0700] "GET / HTTP/1.0" 200 2339 "-" "Mozilla/5.0 (compatible; Findxbot/1.0; +http://www.findxbot.com)"
66.249.79.250 - - [19/May/2015:13:47:49 -0700] "GET /resorts?resort=aspenmountain&date=2014-01-29 HTTP/1.1" 404 506 "-" "Mozilla/5.0 (iPhone; CPU iPhone OS 6_0 like Mac OS X) AppleWebKit/536.26 (KHTML, like Gecko) Version/6.0 Mobile/10A5376e Safari/8536.25 (compatible; Googlebot/2.1; +http://www.google.com/bot.html)"
107.1.76.198 - - [19/May/2015:13:48:12 -0700] "GET /images/wsis-logo-sm.png HTTP/1.1" 200 6108 "http://www.thebackcountry.net/" "Mozilla/5.0 (Windows NT 6.1; WOW64; Trident/7.0; rv:11.0) like Gecko"
107.1.76.198 - - [19/May/2015:13:48:33 -0700] "-" 408 0 "-" "-"
71.140.31.214 - - [19/May/2015:13:49:06 -0700] "GET /images/wsis-logo-sm.png HTTP/1.1" 200 6108 "http://thebackcountry.net/" "Mozilla/4.0 (compatible; MSIE 8.0; Windows NT 5.1; Trident/4.0; .NET CLR 2.0.50727; .NET CLR 3.0.4506.2152; .NET CLR 3.5.30729; 786908940603; Build/14.08001)"
123.125.71.54 - - [19/May/2015:14:01:07 -0700] "-" 408 0 "-" "-"
220.181.108.110 - - [19/May/2015:14:01:14 -0700] "-" 408 0 "-" "-"
170.75.162.130 - - [19/May/2015:14:01:50 -0700] "GET /lib/reccapi.php?resort=sunvalley HTTP/1.1" 200 1001 "-" "node-superagent/0.18.2"
170.75.162.130 - - [19/May/2015:14:01:50 -0700] "GET /lib/reccapi.php?resort=schweitzer HTTP/1.1" 200 955 "-" "node-superagent/0.18.2"
208.115.111.66 - - [19/May/2015:14:04:38 -0700] "GET /resorts?resort=gore&date=2014-10-13 HTTP/1.1" 404 476 "-" "Mozilla/5.0 (compatible; DotBot/1.1; http://www.opensiteexplorer.org/dotbot, help@moz.com)"
208.115.111.66 - - [19/May/2015:14:04:39 -0700] "GET /resorts?resort=catamount&date=2014-10-16 HTTP/1.1" 404 476 "-" "Mozilla/5.0 (compatible; DotBot/1.1; http://www.opensiteexplorer.org/dotbot, help@moz.com)"
208.115.111.66 - - [19/May/2015:14:04:40 -0700] "GET /resorts?resort=brundage&date=2014-10-09 HTTP/1.1" 404 476 "-" "Mozilla/5.0 (compatible; DotBot/1.1; http://www.opensiteexplorer.org/dotbot, help@moz.com)"
208.115.111.66 - - [19/May/2015:14:04:41 -0700] "GET /resorts?resort=windham&date=2014-10-03 HTTP/1.1" 404 476 "-" "Mozilla/5.0 (compatible; DotBot/1.1; http://www.opensiteexplorer.org/dotbot, help@moz.com)"
208.115.111.66 - - [19/May/2015:14:04:42 -0700] "GET /resorts?resort=sleepinggiant&date=2014-10-08 HTTP/1.1" 404 476 "-" "Mozilla/5.0 (compatible; DotBot/1.1; http://www.opensiteexplorer.org/dotbot, help@moz.com)"
208.115.111.66 - - [19/May/2015:14:04:43 -0700] "GET /resorts?resort=skibluewood&date=2014-10-09 HTTP/1.1" 404 476 "-" "Mozilla/5.0 (compatible; DotBot/1.1; http://www.opensiteexplorer.org/dotbot, help@moz.com)"
208.115.111.66 - - [19/May/2015:14:04:44 -0700] "GET /resorts?resort=sierra-at-tahoe&date=2014-10-10 HTTP/1.1" 404 476 "-" "Mozilla/5.0 (compatible; DotBot/1.1; http://www.opensiteexplorer.org/dotbot, help@moz.com)"
208.115.111.66 - - [19/May/2015:14:04:45 -0700] "GET /resorts?resort=mt.baldy&date=2014-10-10 HTTP/1.1" 404 476 "-" "Mozilla/5.0 (compatible; DotBot/1.1; http://www.opensiteexplorer.org/dotbot, help@moz.com)"
