52.33.40.213 - - [12/Jan/2016:14:49:26 -0800] "GET /lib/reccapi.php?resort=diamondpeak HTTP/1.1" 200 947 "-" "node-superagent/1.4.0"
52.33.40.213 - - [12/Jan/2016:14:50:27 -0800] "GET /lib/reccapi.php?resort=mountbachelor HTTP/1.1" 200 1058 "-" "node-superagent/1.4.0"
52.33.40.213 - - [12/Jan/2016:14:50:26 -0800] "GET /lib/reccapi.php?resort=monarch HTTP/1.1" 200 949 "-" "node-superagent/1.4.0"
52.33.40.213 - - [12/Jan/2016:14:50:27 -0800] "GET /lib/reccapi.php?resort=mountainhigh HTTP/1.1" 200 992 "-" "node-superagent/1.4.0"
52.33.40.213 - - [12/Jan/2016:14:50:26 -0800] "GET /lib/reccapi.php?resort=keystone HTTP/1.1" 200 980 "-" "node-superagent/1.4.0"
52.33.40.213 - - [12/Jan/2016:14:50:26 -0800] "GET /lib/reccapi.php?resort=madriverglen HTTP/1.1" 200 1067 "-" "node-superagent/1.4.0"
52.33.40.213 - - [12/Jan/2016:14:50:26 -0800] "GET /lib/reccapi.php?resort=jaypeak HTTP/1.1" 200 1066 "-" "node-superagent/1.4.0"
52.33.40.213 - - [12/Jan/2016:14:50:27 -0800] "GET /lib/reccapi.php?resort=mounthoodmeadows HTTP/1.1" 200 1071 "-" "node-superagent/1.4.0"
52.33.40.213 - - [12/Jan/2016:14:50:27 -0800] "GET /lib/reccapi.php?resort=mountspokane HTTP/1.1" 200 1040 "-" "node-superagent/1.4.0"
50.108.200.246 - - [12/Jan/2016:14:50:27 -0800] "GET /images/wsis-logo-sm.png HTTP/1.1" 200 6108 "http://www.thebackcountry.net/" "Mozilla/5.0 (Windows NT 6.1; WOW64; rv:43.0) Gecko/20100101 Firefox/43.0"
52.33.40.213 - - [12/Jan/2016:14:50:36 -0800] "GET /lib/reccapi.php?resort=northstar-at-tahoe HTTP/1.1" 200 963 "-" "node-superagent/1.4.0"
52.33.40.213 - - [12/Jan/2016:14:50:36 -0800] "GET /lib/reccapi.php?resort=mtrose HTTP/1.1" 200 968 "-" "node-superagent/1.4.0"
52.33.40.213 - - [12/Jan/2016:14:50:46 -0800] "GET /lib/reccapi.php?resort=parkcity HTTP/1.1" 200 1002 "-" "node-superagent/1.4.0"
52.33.40.213 - - [12/Jan/2016:14:51:27 -0800] "GET /lib/reccapi.php?resort=smugglersnotch HTTP/1.1" 200 1047 "-" "node-superagent/1.4.0"
52.33.40.213 - - [12/Jan/2016:14:51:27 -0800] "GET /lib/reccapi.php?resort=schweitzer HTTP/1.1" 200 1019 "-" "node-superagent/1.4.0"
52.33.40.213 - - [12/Jan/2016:14:51:27 -0800] "GET /lib/reccapi.php?resort=silverstarmountain HTTP/1.1" 200 929 "-" "node-superagent/1.4.0"
52.33.40.213 - - [12/Jan/2016:14:51:27 -0800] "GET /lib/reccapi.php?resort=sierra-at-tahoe HTTP/1.1" 200 965 "-" "node-superagent/1.4.0"
52.33.40.213 - - [12/Jan/2016:14:51:27 -0800] "GET /lib/reccapi.php?resort=snowbasin HTTP/1.1" 200 975 "-" "node-superagent/1.4.0"
52.33.40.213 - - [12/Jan/2016:14:51:37 -0800] "GET /lib/reccapi.php?resort=stowe HTTP/1.1" 200 1053 "-" "node-superagent/1.4.0"
52.33.40.213 - - [12/Jan/2016:14:51:37 -0800] "GET /lib/reccapi.php?resort=stevenspass HTTP/1.1" 200 1015 "-" "node-superagent/1.4.0"
52.33.40.213 - - [12/Jan/2016:14:51:47 -0800] "GET /lib/reccapi.php?resort=sugarbush HTTP/1.1" 200 1070 "-" "node-superagent/1.4.0"
52.33.40.213 - - [12/Jan/2016:14:52:07 -0800] "GET /lib/reccapi.php?resort=wildcatmountain HTTP/1.1" 200 1084 "-" "node-superagent/1.4.0"
52.33.40.213 - - [12/Jan/2016:14:52:07 -0800] "GET /lib/reccapi.php?resort=whitefacemountain HTTP/1.1" 200 1052 "-" "node-superagent/1.4.0"
52.33.40.213 - - [12/Jan/2016:14:52:37 -0800] "GET /lib/reccapi.php?resort=sundayriver HTTP/1.1" 200 1045 "-" "node-superagent/1.4.0"
52.33.40.213 - - [12/Jan/2016:14:52:37 -0800] "GET /lib/reccapi.php?resort=sunpeaksresort HTTP/1.1" 200 916 "-" "node-superagent/1.4.0"
52.33.40.213 - - [12/Jan/2016:14:52:47 -0800] "GET /lib/reccapi.php?resort=sunvalley HTTP/1.1" 200 1000 "-" "node-superagent/1.4.0"
52.33.40.213 - - [12/Jan/2016:14:52:47 -0800] "GET /lib/reccapi.php?resort=taos HTTP/1.1" 200 952 "-" "node-superagent/1.4.0"
73.41.140.88 - - [12/Jan/2016:14:56:36 -0800] "GET /images/wsis-logo-sm.png HTTP/1.1" 200 6108 "http://www.thebackcountry.net/" "Mozilla/5.0 (Windows NT 6.3; WOW64; Trident/7.0; Touch; rv:11.0) like Gecko"
73.41.140.88 - - [12/Jan/2016:14:56:57 -0800] "-" 408 0 "-" "-"
76.14.68.35 - - [12/Jan/2016:14:58:01 -0800] "GET /images/wsis-logo-sm.png HTTP/1.1" 200 6108 "http://www.thebackcountry.net/" "Mozilla/5.0 (X11; CrOS x86_64 7520.67.0) AppleWebKit/537.36 (KHTML, like Gecko) Chrome/47.0.2526.110 Safari/537.36"
170.75.162.130 - - [12/Jan/2016:15:00:14 -0800] "GET /lib/reccapi.php?resort=kirkwood HTTP/1.1" 200 1005 "-" "node-superagent/1.4.0"
52.33.40.213 - - [12/Jan/2016:15:02:37 -0800] "GET /lib/reccapi.php?resort=arapahoebasin HTTP/1.1" 200 1016 "-" "node-superagent/1.4.0"
73.202.210.143 - - [12/Jan/2016:15:07:01 -0800] "GET /images/wsis-logo-sm.png HTTP/1.1" 200 6108 "http://www.thebackcountry.net/" "Mozilla/5.0 (Macintosh; Intel Mac OS X 10_10_5) AppleWebKit/537.36 (KHTML, like Gecko) Chrome/47.0.2526.106 Safari/537.36"
66.249.79.227 - - [12/Jan/2016:15:10:31 -0800] "GET /lib/reccapi.php?resort=boyne&date=2016-01-12 HTTP/1.1" 200 1057 "http://whereshouldiski.com/" "Mozilla/5.0 (compatible; Googlebot/2.1; +http://www.google.com/bot.html)"
66.249.79.220 - - [12/Jan/2016:15:10:32 -0800] "GET /lib/reccapi.php?fields=t&date=2016-01-12&coords=45.1668%2C-84.9244&size=7&sort=distance HTTP/1.1" 200 1307 "http://whereshouldiski.com/" "Mozilla/5.0 (compatible; Googlebot/2.1; +http://www.google.com/bot.html)"
66.249.79.220 - - [12/Jan/2016:15:10:33 -0800] "GET /lib/resortDataSearchD3.php?size=7&sortDate=T&resort=boyne&dateStart=2016-01-10 HTTP/1.1" 200 880 "http://whereshouldiski.com/" "Mozilla/5.0 (compatible; Googlebot/2.1; +http://www.google.com/bot.html)"
166.137.242.111 - - [12/Jan/2016:15:10:42 -0800] "GET /images/wsis-logo-sm.png HTTP/1.1" 200 6108 "http://www.google.com/" "Mozilla/5.0 (Linux; Android 4.4.2; SAMSUNG-SGH-I257 Build/KOT49H) AppleWebKit/537.36 (KHTML, like Gecko) Chrome/36.0.1985.135 Mobile Safari/537.36"
166.5.81.201 - - [12/Jan/2016:15:11:04 -0800] "GET /images/wsis-logo-sm.png HTTP/1.1" 200 6108 "http://www.thebackcountry.net/" "Mozilla/5.0 (Windows NT 6.1; WOW64) AppleWebKit/537.36 (KHTML, like Gecko) Chrome/47.0.2526.106 Safari/537.36"
52.33.40.213 - - [12/Jan/2016:15:14:48 -0800] "GET /lib/reccapi.php?resort=alta HTTP/1.1" 200 945 "-" "node-superagent/1.4.0"
66.249.79.227 - - [12/Jan/2016:15:18:17 -0800] "GET /lib/reccapi.php?resort=sunvalley&date=2016-01-11 HTTP/1.1" 200 1034 "http://whereshouldiski.com/" "Mozilla/5.0 (compatible; Googlebot/2.1; +http://www.google.com/bot.html)"
66.249.79.220 - - [12/Jan/2016:15:18:19 -0800] "GET /lib/resortDataSearchD3.php?size=7&sortDate=T&resort=sunvalley&dateStart=2016-01-09 HTTP/1.1" 200 858 "http://whereshouldiski.com/" "Mozilla/5.0 (compatible; Googlebot/2.1; +http://www.google.com/bot.html)"
66.249.79.220 - - [12/Jan/2016:15:18:19 -0800] "GET /lib/reccapi.php?fields=t&date=2016-01-11&coords=43.67%2C-114.39&size=7&sort=distance HTTP/1.1" 200 1285 "http://whereshouldiski.com/" "Mozilla/5.0 (compatible; Googlebot/2.1; +http://www.google.com/bot.html)"
91.196.50.33 - - [12/Jan/2016:15:20:23 -0800] "GET http://testp5.mielno.lubin.pl/testproxy.php HTTP/1.1" 404 452 "-" "Mozilla/5.0 (Windows NT 5.1; rv:32.0) Gecko/20100101 Firefox/31.0"
24.32.26.8 - - [12/Jan/2016:15:24:14 -0800] "GET /images/wsis-logo-sm.png HTTP/1.1" 200 6108 "http://www.thebackcountry.net/" "Mozilla/5.0 (Macintosh; Intel Mac OS X 10_9_5) AppleWebKit/601.2.7 (KHTML, like Gecko) Version/9.0.1 Safari/537.86.2"
216.10.144.10 - - [12/Jan/2016:15:24:33 -0800] "GET /images/wsis-logo-sm.png HTTP/1.1" 200 6108 "http://www.thebackcountry.net/" "Mozilla/5.0 (Windows NT 6.1; WOW64) AppleWebKit/537.36 (KHTML, like Gecko) Chrome/47.0.2526.106 Safari/537.36"
66.249.79.234 - - [12/Jan/2016:15:27:49 -0800] "GET /lib/reccapi.php?resort=boyne&date=2016-01-13 HTTP/1.1" 200 1040 "http://whereshouldiski.com/" "Mozilla/5.0 (compatible; Googlebot/2.1; +http://www.google.com/bot.html)"
66.249.79.220 - - [12/Jan/2016:15:27:51 -0800] "GET /lib/resortDataSearchD3.php?size=7&sortDate=T&resort=boyne&dateStart=2016-01-11 HTTP/1.1" 200 880 "http://whereshouldiski.com/" "Mozilla/5.0 (compatible; Googlebot/2.1; +http://www.google.com/bot.html)"
66.249.79.220 - - [12/Jan/2016:15:27:51 -0800] "GET /lib/reccapi.php?fields=t&date=2016-01-13&coords=45.1668%2C-84.9244&size=7&sort=distance HTTP/1.1" 200 1316 "http://whereshouldiski.com/" "Mozilla/5.0 (compatible; Googlebot/2.1; +http://www.google.com/bot.html)"
66.249.79.220 - - [12/Jan/2016:15:28:31 -0800] "GET /lib/reccapi.php?resort=dodgeridge&date=2015-12-27 HTTP/1.1" 200 1066 "http://whereshouldiski.com/" "Mozilla/5.0 (compatible; Googlebot/2.1; +http://www.google.com/bot.html)"
66.249.79.220 - - [12/Jan/2016:15:28:32 -0800] "GET /lib/reccapi.php?fields=t&date=2015-12-27&coords=38.18%2C-119.92&size=7&sort=distance HTTP/1.1" 200 1345 "http://whereshouldiski.com/" "Mozilla/5.0 (compatible; Googlebot/2.1; +http://www.google.com/bot.html)"
66.249.79.220 - - [12/Jan/2016:15:28:33 -0800] "GET /lib/resortDataSearchD3.php?size=7&sortDate=T&resort=dodgeridge&dateStart=2015-12-25 HTTP/1.1" 200 878 "http://whereshouldiski.com/" "Mozilla/5.0 (compatible; Googlebot/2.1; +http://www.google.com/bot.html)"
170.75.162.130 - - [12/Jan/2016:15:28:57 -0800] "GET /lib/reccapi.php?resort=angelfire HTTP/1.1" 200 1015 "-" "node-superagent/1.4.0"
170.75.162.130 - - [12/Jan/2016:15:29:07 -0800] "GET /lib/reccapi.php?resort=stevenspass HTTP/1.1" 200 1015 "-" "node-superagent/1.4.0"
173.247.193.18 - - [12/Jan/2016:15:29:31 -0800] "GET /images/wsis-logo-sm.png HTTP/1.1" 200 6108 "http://www.thebackcountry.net/" "Mozilla/5.0 (Macintosh; Intel Mac OS X 10_10_5) AppleWebKit/601.3.9 (KHTML, like Gecko) Version/9.0.2 Safari/601.3.9"
170.75.162.130 - - [12/Jan/2016:15:29:37 -0800] "GET /lib/reccapi.php?resort=crystalmountain HTTP/1.1" 200 1024 "-" "node-superagent/1.4.0"
180.76.15.134 - - [12/Jan/2016:15:30:14 -0800] "GET / HTTP/1.1" 200 6995 "-" "Mozilla/5.0 (compatible; Baiduspider/2.0; +http://www.baidu.com/search/spider.html)"
180.76.15.159 - - [12/Jan/2016:15:31:05 -0800] "GET / HTTP/1.1" 200 6995 "-" "Mozilla/5.0 (compatible; Baiduspider/2.0; +http://www.baidu.com/search/spider.html)"
52.33.40.213 - - [12/Jan/2016:15:33:19 -0800] "GET /lib/reccapi.php?resort=49degreesnorth HTTP/1.1" 200 1054 "-" "node-superagent/1.4.0"
124.150.40.79 - - [12/Jan/2016:15:33:33 -0800] "GET / HTTP/1.1" 200 2615 "-" "Mozilla/5.0 (iPhone; CPU iPhone OS 9_2 like Mac OS X) AppleWebKit/601.1.46 (KHTML, like Gecko) Version/9.0 Mobile/13C75 Safari/601.1"
124.150.40.79 - - [12/Jan/2016:15:33:33 -0800] "GET /styles/ee08faa9.main.css HTTP/1.1" 200 19446 "http://whereshouldiski.com/" "Mozilla/5.0 (iPhone; CPU iPhone OS 9_2 like Mac OS X) AppleWebKit/601.1.46 (KHTML, like Gecko) Version/9.0 Mobile/13C75 Safari/601.1"
173.247.193.18 - - [12/Jan/2016:15:37:37 -0800] "GET /images/wsis-logo-sm.png HTTP/1.1" 200 6108 "http://www.thebackcountry.net/" "Mozilla/5.0 (Macintosh; Intel Mac OS X 10_11_2) AppleWebKit/537.36 (KHTML, like Gecko) Chrome/47.0.2526.106 Safari/537.36"
52.33.40.213 - - [12/Jan/2016:15:38:49 -0800] "GET /lib/reccapi.php?resort=alpinemeadows HTTP/1.1" 200 973 "-" "node-superagent/1.4.0"
52.33.40.213 - - [12/Jan/2016:15:38:59 -0800] "GET /lib/reccapi.php?resort=angelfire HTTP/1.1" 200 1015 "-" "node-superagent/1.4.0"
149.39.250.11 - - [12/Jan/2016:15:40:25 -0800] "GET / HTTP/1.1" 200 2615 "http://www.google.com/url?sa=t&rct=j&q=&esrc=s&frm=1&source=web&cd=1&ved=0ahUKEwix7ZCEuqXKAhWCLhoKHeAPBIYQFggdMAA&url=http%3A%2F%2Fwhereshouldiski.com%2F&usg=AFQjCNF9Y_iY3YsCbRx2olN6GaOlshME8g&sig2=4XMp6VDhYH416BbFFma8jg" "Mozilla/5.0 (compatible; MSIE 10.0; Windows NT 6.1; Trident/6.0)"
149.39.250.11 - - [12/Jan/2016:15:40:25 -0800] "GET /scripts/scripts/vendor/modernizr.js HTTP/1.1" 200 4903 "http://whereshouldiski.com/" "Mozilla/5.0 (compatible; MSIE 10.0; Windows NT 6.1; Trident/6.0)"
149.39.250.11 - - [12/Jan/2016:15:40:25 -0800] "GET /styles/ee08faa9.main.css HTTP/1.1" 200 19446 "http://whereshouldiski.com/" "Mozilla/5.0 (compatible; MSIE 10.0; Windows NT 6.1; Trident/6.0)"
149.39.250.11 - - [12/Jan/2016:15:40:25 -0800] "GET /images/logo-square-white-sm.png HTTP/1.1" 200 1684 "http://whereshouldiski.com/" "Mozilla/5.0 (compatible; MSIE 10.0; Windows NT 6.1; Trident/6.0)"
149.39.250.11 - - [12/Jan/2016:15:40:25 -0800] "GET /images/loading.gif HTTP/1.1" 200 13882 "http://whereshouldiski.com/" "Mozilla/5.0 (compatible; MSIE 10.0; Windows NT 6.1; Trident/6.0)"
149.39.250.11 - - [12/Jan/2016:15:40:25 -0800] "GET /bower_components/requirejs/require.js HTTP/1.1" 200 6702 "http://whereshouldiski.com/" "Mozilla/5.0 (compatible; MSIE 10.0; Windows NT 6.1; Trident/6.0)"
149.39.250.11 - - [12/Jan/2016:15:40:25 -0800] "GET /images/button.png HTTP/1.1" 200 598 "http://whereshouldiski.com/" "Mozilla/5.0 (compatible; MSIE 10.0; Windows NT 6.1; Trident/6.0)"
149.39.250.11 - - [12/Jan/2016:15:40:25 -0800] "GET /scripts/fa48e319.main.js HTTP/1.1" 200 123455 "http://whereshouldiski.com/" "Mozilla/5.0 (compatible; MSIE 10.0; Windows NT 6.1; Trident/6.0)"
149.39.250.11 - - [12/Jan/2016:15:40:25 -0800] "GET /images/greyHeader.png HTTP/1.1" 200 508 "http://whereshouldiski.com/" "Mozilla/5.0 (compatible; MSIE 10.0; Windows NT 6.1; Trident/6.0)"
149.39.250.11 - - [12/Jan/2016:15:40:25 -0800] "GET /lib/reccapi.php?fields=t HTTP/1.1" 200 1855 "http://whereshouldiski.com/" "Mozilla/5.0 (compatible; MSIE 10.0; Windows NT 6.1; Trident/6.0)"
149.39.250.11 - - [12/Jan/2016:15:40:26 -0800] "GET /favicon.ico HTTP/1.1" 200 4613 "-" "Mozilla/5.0 (compatible; MSIE 10.0; Windows NT 6.1; Trident/6.0)"
149.39.250.11 - - [12/Jan/2016:15:40:26 -0800] "GET /images/snowflake5.png HTTP/1.1" 200 2857 "http://whereshouldiski.com/" "Mozilla/5.0 (compatible; MSIE 10.0; Windows NT 6.1; Trident/6.0)"
149.39.250.11 - - [12/Jan/2016:15:40:26 -0800] "GET /images/bluebird5.png HTTP/1.1" 200 2177 "http://whereshouldiski.com/" "Mozilla/5.0 (compatible; MSIE 10.0; Windows NT 6.1; Trident/6.0)"
149.39.250.11 - - [12/Jan/2016:15:40:26 -0800] "GET /images/shading-icon.png HTTP/1.1" 200 536 "http://whereshouldiski.com/" "Mozilla/5.0 (compatible; MSIE 10.0; Windows NT 6.1; Trident/6.0)"
149.39.250.11 - - [12/Jan/2016:15:40:26 -0800] "GET /images/star5.png HTTP/1.1" 200 1783 "http://whereshouldiski.com/" "Mozilla/5.0 (compatible; MSIE 10.0; Windows NT 6.1; Trident/6.0)"
149.39.250.11 - - [12/Jan/2016:15:40:26 -0800] "GET /images/mtns-icon.png HTTP/1.1" 200 1096 "http://whereshouldiski.com/" "Mozilla/5.0 (compatible; MSIE 10.0; Windows NT 6.1; Trident/6.0)"
127.0.0.1 - - [12/Jan/2016:15:40:31 -0800] "OPTIONS * HTTP/1.0" 200 126 "-" "Apache/2.2.22 (Ubuntu) (internal dummy connection)"
127.0.0.1 - - [12/Jan/2016:15:40:32 -0800] "OPTIONS * HTTP/1.0" 200 126 "-" "Apache/2.2.22 (Ubuntu) (internal dummy connection)"
149.39.250.11 - - [12/Jan/2016:15:40:47 -0800] "-" 408 0 "-" "-"
127.0.0.1 - - [12/Jan/2016:15:40:47 -0800] "OPTIONS * HTTP/1.0" 200 126 "-" "Apache/2.2.22 (Ubuntu) (internal dummy connection)"
149.39.250.11 - - [12/Jan/2016:15:40:49 -0800] "GET /lib/reccapi.php?fields=t&powder=4 HTTP/1.1" 200 743 "http://whereshouldiski.com/#search/powder=4" "Mozilla/5.0 (compatible; MSIE 10.0; Windows NT 6.1; Trident/6.0)"
149.39.250.11 - - [12/Jan/2016:15:40:49 -0800] "GET /images/greenHeader.png HTTP/1.1" 200 508 "http://whereshouldiski.com/" "Mozilla/5.0 (compatible; MSIE 10.0; Windows NT 6.1; Trident/6.0)"
149.39.250.11 - - [12/Jan/2016:15:40:58 -0800] "GET /lib/reccapi.php?fields=t&powder=4&date=2016-01-13 HTTP/1.1" 200 691 "http://whereshouldiski.com/#search/powder=4&date=2016-01-13" "Mozilla/5.0 (compatible; MSIE 10.0; Windows NT 6.1; Trident/6.0)"
149.39.250.11 - - [12/Jan/2016:15:41:09 -0800] "GET /lib/reccapi.php?fields=t&region=Rockies HTTP/1.1" 200 1533 "http://whereshouldiski.com/#search/region=Rockies" "Mozilla/5.0 (compatible; MSIE 10.0; Windows NT 6.1; Trident/6.0)"
149.39.250.11 - - [12/Jan/2016:15:41:30 -0800] "-" 408 0 "-" "-"
149.39.250.11 - - [12/Jan/2016:15:41:56 -0800] "GET /lib/reccapi.php?fields=t&region=Rockies&state=CO HTTP/1.1" 200 1360 "http://whereshouldiski.com/#search/region=Rockies&state=CO" "Mozilla/5.0 (compatible; MSIE 10.0; Windows NT 6.1; Trident/6.0)"
149.39.250.11 - - [12/Jan/2016:15:42:17 -0800] "-" 408 0 "-" "-"
220.181.108.158 - - [12/Jan/2016:15:47:48 -0800] "GET / HTTP/1.1" 200 2578 "-" "Mozilla/5.0 (Windows NT 5.1; rv:6.0.2) Gecko/20100101 Firefox/6.0.2"
220.181.108.145 - - [12/Jan/2016:15:47:58 -0800] "GET / HTTP/1.1" 200 6995 "-" "Mozilla/5.0 (Windows NT 5.1; rv:6.0.2) Gecko/20100101 Firefox/6.0.2"
108.213.228.89 - - [12/Jan/2016:15:49:13 -0800] "GET /images/wsis-logo-sm.png HTTP/1.1" 200 6108 "http://www.thebackcountry.net/" "Mozilla/5.0 (Windows NT 6.1; WOW64) AppleWebKit/537.36 (KHTML, like Gecko) Chrome/47.0.2526.106 Safari/537.36"
52.33.40.213 - - [12/Jan/2016:15:52:59 -0800] "GET /lib/reccapi.php?resort=aspenheights HTTP/1.1" 200 992 "-" "node-superagent/1.4.0"
52.33.40.213 - - [12/Jan/2016:15:53:09 -0800] "GET /lib/reccapi.php?resort=aspenmountain HTTP/1.1" 200 973 "-" "node-superagent/1.4.0"
170.75.162.130 - - [12/Jan/2016:15:54:31 -0800] "GET /lib/reccapi.php?resort=redmountain HTTP/1.1" 200 902 "-" "node-superagent/1.4.0"
170.75.162.130 - - [12/Jan/2016:15:54:51 -0800] "GET /lib/reccapi.php?resort=silverstarmountain HTTP/1.1" 200 929 "-" "node-superagent/1.4.0"
170.75.162.130 - - [12/Jan/2016:15:59:51 -0800] "GET /lib/reccapi.php?resort=sugarbowl HTTP/1.1" 200 959 "-" "node-superagent/1.4.0"
157.55.39.94 - - [12/Jan/2016:15:59:55 -0800] "GET / HTTP/1.1" 200 2615 "-" "Mozilla/5.0 (compatible; bingbot/2.0; +http://www.bing.com/bingbot.htm)"
24.4.222.146 - - [12/Jan/2016:16:03:34 -0800] "GET /images/wsis-logo-sm.png HTTP/1.1" 200 6108 "http://www.thebackcountry.net/" "Mozilla/5.0 (Windows NT 6.1; WOW64) AppleWebKit/537.36 (KHTML, like Gecko) Chrome/47.0.2526.106 Safari/537.36"
52.33.40.213 - - [12/Jan/2016:16:07:20 -0800] "GET /lib/reccapi.php?resort=alyeska HTTP/1.1" 200 1022 "-" "node-superagent/1.4.0"
66.249.79.220 - - [12/Jan/2016:16:10:09 -0800] "GET /lib/reccapi.php?resort=tamarack&date=2015-12-19 HTTP/1.1" 200 1064 "http://whereshouldiski.com/" "Mozilla/5.0 (compatible; Googlebot/2.1; +http://www.google.com/bot.html)"
66.249.79.220 - - [12/Jan/2016:16:10:10 -0800] "GET /lib/reccapi.php?fields=t&date=2015-12-19&coords=44.69%2C-116.15&size=7&sort=distance HTTP/1.1" 200 1410 "http://whereshouldiski.com/" "Mozilla/5.0 (compatible; Googlebot/2.1; +http://www.google.com/bot.html)"
66.249.79.220 - - [12/Jan/2016:16:10:11 -0800] "GET /lib/resortDataSearchD3.php?size=7&sortDate=T&resort=tamarack&dateStart=2015-12-17 HTTP/1.1" 200 868 "http://whereshouldiski.com/" "Mozilla/5.0 (compatible; Googlebot/2.1; +http://www.google.com/bot.html)"
67.161.77.33 - - [12/Jan/2016:16:13:03 -0800] "GET /images/wsis-logo-sm.png HTTP/1.1" 200 6108 "http://www.thebackcountry.net/" "Mozilla/5.0 (Macintosh; Intel Mac OS X 10_10_5) AppleWebKit/537.36 (KHTML, like Gecko) Chrome/47.0.2526.106 Safari/537.36"
66.249.79.227 - - [12/Jan/2016:16:13:05 -0800] "GET /lib/reccapi.php?resort=sandiapeak&date=2015-12-28 HTTP/1.1" 200 1039 "http://whereshouldiski.com/" "Mozilla/5.0 (compatible; Googlebot/2.1; +http://www.google.com/bot.html)"
170.75.162.130 - - [12/Jan/2016:16:13:13 -0800] "GET /lib/reccapi.php?resort=bigwhite HTTP/1.1" 200 920 "-" "node-superagent/1.4.0"
67.142.170.27 - - [12/Jan/2016:16:17:33 -0800] "GET /images/wsis-logo-sm.png HTTP/1.1" 200 6108 "http://www.thebackcountry.net/" "Mozilla/5.0 (Macintosh; Intel Mac OS X 10_11_2) AppleWebKit/601.3.9 (KHTML, like Gecko) Version/9.0.2 Safari/601.3.9"
67.142.170.27 - - [12/Jan/2016:16:17:36 -0800] "GET /images/wsis-logo-sm.png HTTP/1.1" 200 6071 "http://www.thebackcountry.net/" "Mozilla/5.0 (Macintosh; Intel Mac OS X 10_11_2) AppleWebKit/601.3.9 (KHTML, like Gecko) Version/9.0.2 Safari/601.3.9"
195.154.146.225 - - [12/Jan/2016:16:19:33 -0800] "HEAD /wp-trackback.php HTTP/" 404 182 "-" "Mozilla/4.0 (compatible; MSIE 6.0; Windows NT 5.1; SV1; .NET CLR 2.0.50727)"
170.75.162.130 - - [12/Jan/2016:16:19:54 -0800] "GET /lib/reccapi.php?resort=jacksonhole HTTP/1.1" 200 1058 "-" "node-superagent/1.4.0"
63.241.40.131 - - [12/Jan/2016:16:21:19 -0800] "GET /images/wsis-logo-sm.png HTTP/1.1" 200 6108 "http://www.thebackcountry.net/" "Mozilla/5.0 (compatible; MSIE 10.0; Windows NT 6.1; WOW64; Trident/6.0)"
170.75.162.130 - - [12/Jan/2016:16:21:44 -0800] "GET /lib/reccapi.php?resort=sunvalley HTTP/1.1" 200 1000 "-" "node-superagent/1.4.0"
73.44.208.36 - - [12/Jan/2016:16:23:02 -0800] "GET /images/wsis-logo-sm.png HTTP/1.1" 200 6108 "http://thebackcountry.net/" "Mozilla/5.0 (Linux; Android 5.1.1; SM-N920T Build/LMY47X) AppleWebKit/537.36 (KHTML, like Gecko) Chrome/47.0.2526.83 Mobile Safari/537.36"
63.241.40.131 - - [12/Jan/2016:16:23:34 -0800] "-" 408 0 "-" "-"
66.249.79.234 - - [12/Jan/2016:16:31:19 -0800] "GET /lib/reccapi.php?resort=sunpeaksresort&date=2016-01-11 HTTP/1.1" 200 950 "http://whereshouldiski.com/" "Mozilla/5.0 (compatible; Googlebot/2.1; +http://www.google.com/bot.html)"
52.33.40.213 - - [12/Jan/2016:16:32:11 -0800] "GET /lib/reccapi.php?resort=squawvalleyusa HTTP/1.1" 200 992 "-" "node-superagent/1.4.0"
104.220.4.63 - - [12/Jan/2016:16:33:50 -0800] "GET /images/wsis-logo-sm.png HTTP/1.1" 200 6108 "http://www.thebackcountry.net/" "Mozilla/5.0 (Macintosh; Intel Mac OS X 10_10_5) AppleWebKit/601.3.9 (KHTML, like Gecko) Version/9.0.2 Safari/601.3.9"
180.76.15.146 - - [12/Jan/2016:16:34:50 -0800] "GET / HTTP/1.1" 200 6995 "-" "Mozilla/5.0 (compatible; Baiduspider/2.0; +http://www.baidu.com/search/spider.html)"
180.76.15.12 - - [12/Jan/2016:16:35:49 -0800] "GET / HTTP/1.1" 200 6995 "-" "Mozilla/5.0 (compatible; Baiduspider/2.0; +http://www.baidu.com/search/spider.html)"
66.249.79.234 - - [12/Jan/2016:16:36:46 -0800] "GET /lib/reccapi.php?resort=cannonmountain&date=2016-01-01 HTTP/1.1" 200 1063 "http://whereshouldiski.com/" "Mozilla/5.0 (compatible; Googlebot/2.1; +http://www.google.com/bot.html)"
66.249.79.220 - - [12/Jan/2016:16:36:47 -0800] "GET /lib/resortDataSearchD3.php?size=7&sortDate=T&resort=cannonmountain&dateStart=2015-12-30 HTTP/1.1" 200 874 "http://whereshouldiski.com/" "Mozilla/5.0 (compatible; Googlebot/2.1; +http://www.google.com/bot.html)"
66.249.79.220 - - [12/Jan/2016:16:36:47 -0800] "GET /lib/reccapi.php?fields=t&date=2016-01-01&coords=44.163%2C-71.698&size=7&sort=distance HTTP/1.1" 200 1355 "http://whereshouldiski.com/" "Mozilla/5.0 (compatible; Googlebot/2.1; +http://www.google.com/bot.html)"
66.215.129.93 - - [12/Jan/2016:16:40:07 -0800] "GET /images/wsis-logo-sm.png HTTP/1.1" 200 6108 "http://www.thebackcountry.net/" "Mozilla/5.0 (Windows NT 5.1) AppleWebKit/537.36 (KHTML, like Gecko) Chrome/47.0.2526.106 Safari/537.36"
66.249.79.234 - - [12/Jan/2016:16:41:04 -0800] "GET /lib/reccapi.php?fields=t&date=2015-12-15&coords=48.86%2C-121.68&size=7&sort=distance HTTP/1.1" 200 1418 "http://whereshouldiski.com/" "Mozilla/5.0 (compatible; Googlebot/2.1; +http://www.google.com/bot.html)"
71.140.31.214 - - [12/Jan/2016:16:41:13 -0800] "GET /images/wsis-logo-sm.png HTTP/1.1" 200 6108 "http://thebackcountry.net/" "Mozilla/5.0 (Windows NT 6.1; WOW64; rv:43.0) Gecko/20100101 Firefox/43.0"
66.249.79.234 - - [12/Jan/2016:16:41:39 -0800] "GET /lib/reccapi.php?resort=alpinemeadows&date=2016-01-11 HTTP/1.1" 200 1013 "http://whereshouldiski.com/" "Mozilla/5.0 (compatible; Googlebot/2.1; +http://www.google.com/bot.html)"
66.249.79.220 - - [12/Jan/2016:16:41:40 -0800] "GET /lib/resortDataSearchD3.php?size=7&sortDate=T&resort=alpinemeadows&dateStart=2016-01-09 HTTP/1.1" 200 873 "http://whereshouldiski.com/" "Mozilla/5.0 (compatible; Googlebot/2.1; +http://www.google.com/bot.html)"
66.249.79.220 - - [12/Jan/2016:16:41:41 -0800] "GET /lib/reccapi.php?fields=t&date=2016-01-11&coords=39.17%2C-120.25&size=7&sort=distance HTTP/1.1" 200 1344 "http://whereshouldiski.com/" "Mozilla/5.0 (compatible; Googlebot/2.1; +http://www.google.com/bot.html)"
172.91.43.29 - - [12/Jan/2016:16:56:22 -0800] "GET /images/wsis-logo-sm.png HTTP/1.1" 200 6108 "http://www.thebackcountry.net/" "Mozilla/5.0 (iPad; CPU OS 9_2 like Mac OS X) AppleWebKit/601.1.46 (KHTML, like Gecko) Version/9.0 Mobile/13C75 Safari/601.1"
128.120.157.200 - - [12/Jan/2016:16:58:40 -0800] "GET /images/wsis-logo-sm.png HTTP/1.1" 200 6108 "http://www.thebackcountry.net/" "Mozilla/5.0 (Windows NT 6.1; WOW64; Trident/7.0; rv:11.0) like Gecko"
128.120.157.200 - - [12/Jan/2016:16:59:01 -0800] "-" 408 0 "-" "-"
170.75.162.130 - - [12/Jan/2016:17:05:40 -0800] "GET /lib/reccapi.php?resort=49degreesnorth HTTP/1.1" 200 1054 "-" "node-superagent/1.4.0"
76.127.119.47 - - [12/Jan/2016:17:05:41 -0800] "GET /images/wsis-logo-sm.png HTTP/1.1" 200 6108 "http://www.thebackcountry.net/" "Mozilla/5.0 (Macintosh; Intel Mac OS X 10_7_5) AppleWebKit/537.78.2 (KHTML, like Gecko) Version/6.1.6 Safari/537.78.2"
170.75.162.130 - - [12/Jan/2016:17:07:20 -0800] "GET /lib/reccapi.php?resort=winterpark HTTP/1.1" 200 980 "-" "node-superagent/1.4.0"
170.75.162.130 - - [12/Jan/2016:17:08:11 -0800] "GET /lib/reccapi.php?resort=diamondpeak HTTP/1.1" 200 947 "-" "node-superagent/1.4.0"
66.249.79.234 - - [12/Jan/2016:17:08:19 -0800] "GET /lib/reccapi.php?resort=parkcity&date=2016-01-11 HTTP/1.1" 200 1041 "http://whereshouldiski.com/" "Mozilla/5.0 (compatible; Googlebot/2.1; +http://www.google.com/bot.html)"
66.249.79.220 - - [12/Jan/2016:17:08:20 -0800] "GET /lib/reccapi.php?fields=t&date=2016-01-11&coords=40.63%2C-111.5&size=7&sort=distance HTTP/1.1" 200 1273 "http://whereshouldiski.com/" "Mozilla/5.0 (compatible; Googlebot/2.1; +http://www.google.com/bot.html)"
66.249.79.220 - - [12/Jan/2016:17:08:20 -0800] "GET /lib/resortDataSearchD3.php?size=7&sortDate=T&resort=parkcity&dateStart=2016-01-09 HTTP/1.1" 200 874 "http://whereshouldiski.com/" "Mozilla/5.0 (compatible; Googlebot/2.1; +http://www.google.com/bot.html)"
66.249.79.227 - - [12/Jan/2016:17:15:01 -0800] "GET /lib/reccapi.php?resort=aspenmountain&date=2016-01-11 HTTP/1.1" 200 1000 "http://whereshouldiski.com/" "Mozilla/5.0 (compatible; Googlebot/2.1; +http://www.google.com/bot.html)"
66.249.79.220 - - [12/Jan/2016:17:15:03 -0800] "GET /lib/reccapi.php?fields=t&date=2016-01-11&coords=39.17%2C-106.8&size=7&sort=distance HTTP/1.1" 200 1295 "http://whereshouldiski.com/" "Mozilla/5.0 (compatible; Googlebot/2.1; +http://www.google.com/bot.html)"
66.249.79.220 - - [12/Jan/2016:17:15:03 -0800] "GET /lib/resortDataSearchD3.php?size=7&sortDate=T&resort=aspenmountain&dateStart=2016-01-09 HTTP/1.1" 200 859 "http://whereshouldiski.com/" "Mozilla/5.0 (compatible; Googlebot/2.1; +http://www.google.com/bot.html)"
66.249.79.220 - - [12/Jan/2016:17:15:18 -0800] "GET /lib/reccapi.php?resort=sierra-at-tahoe&date=2016-01-11 HTTP/1.1" 200 1013 "http://whereshouldiski.com/" "Mozilla/5.0 (compatible; Googlebot/2.1; +http://www.google.com/bot.html)"
66.249.79.220 - - [12/Jan/2016:17:15:20 -0800] "GET /lib/reccapi.php?fields=t&date=2016-01-11&coords=38.79%2C-120.07&size=7&sort=distance HTTP/1.1" 200 1297 "http://whereshouldiski.com/" "Mozilla/5.0 (compatible; Googlebot/2.1; +http://www.google.com/bot.html)"
66.249.79.220 - - [12/Jan/2016:17:15:20 -0800] "GET /lib/resortDataSearchD3.php?size=7&sortDate=T&resort=sierra-at-tahoe&dateStart=2016-01-09 HTTP/1.1" 200 868 "http://whereshouldiski.com/" "Mozilla/5.0 (compatible; Googlebot/2.1; +http://www.google.com/bot.html)"
50.202.74.51 - - [12/Jan/2016:17:17:13 -0800] "GET /images/wsis-logo-sm.png HTTP/1.1" 200 6108 "http://thebackcountry.net/" "Mozilla/5.0 (iPhone; CPU iPhone OS 9_2 like Mac OS X) AppleWebKit/601.1.46 (KHTML, like Gecko) Version/9.0 Mobile/13C75 Safari/601.1"
72.205.27.147 - - [12/Jan/2016:17:18:00 -0800] "GET /images/wsis-logo-sm.png HTTP/1.1" 200 6108 "http://www.thebackcountry.net/" "Mozilla/5.0 (iPad; CPU OS 9_2 like Mac OS X) AppleWebKit/601.1.46 (KHTML, like Gecko) Version/9.0 Mobile/13C75 Safari/601.1"
66.249.79.220 - - [12/Jan/2016:17:20:12 -0800] "GET /lib/reccapi.php?resort=redriver&date=2015-12-27 HTTP/1.1" 200 1085 "http://whereshouldiski.com/" "Mozilla/5.0 (compatible; Googlebot/2.1; +http://www.google.com/bot.html)"
66.249.79.220 - - [12/Jan/2016:17:20:18 -0800] "GET /lib/reccapi.php?fields=t&date=2015-12-27&coords=36.7%2C-105.41&size=7&sort=distance HTTP/1.1" 200 1388 "http://whereshouldiski.com/" "Mozilla/5.0 (compatible; Googlebot/2.1; +http://www.google.com/bot.html)"
66.249.79.220 - - [12/Jan/2016:17:20:18 -0800] "GET /lib/resortDataSearchD3.php?size=7&sortDate=T&resort=redriver&dateStart=2015-12-25 HTTP/1.1" 200 880 "http://whereshouldiski.com/" "Mozilla/5.0 (compatible; Googlebot/2.1; +http://www.google.com/bot.html)"
50.202.74.51 - - [12/Jan/2016:17:22:18 -0800] "GET /images/wsis-logo-sm.png HTTP/1.1" 200 6108 "http://www.thebackcountry.net/" "Mozilla/5.0 (Macintosh; Intel Mac OS X 10_11_2) AppleWebKit/601.3.9 (KHTML, like Gecko) Version/9.0.2 Safari/601.3.9"
131.191.70.207 - - [12/Jan/2016:17:23:21 -0800] "GET /images/wsis-logo-sm.png HTTP/1.1" 200 6108 "http://www.thebackcountry.net/" "Mozilla/5.0 (Macintosh; Intel Mac OS X 10_11_2) AppleWebKit/601.3.9 (KHTML, like Gecko) Version/9.0.2 Safari/601.3.9"
170.75.162.130 - - [12/Jan/2016:17:23:43 -0800] "GET /lib/reccapi.php?resort=mtrose HTTP/1.1" 200 968 "-" "node-superagent/1.4.0"
180.76.15.145 - - [12/Jan/2016:17:31:37 -0800] "GET / HTTP/1.1" 200 6995 "-" "Mozilla/5.0 (compatible; Baiduspider/2.0; +http://www.baidu.com/search/spider.html)"
180.76.15.14 - - [12/Jan/2016:17:32:27 -0800] "GET / HTTP/1.1" 200 6995 "-" "Mozilla/5.0 (compatible; Baiduspider/2.0; +http://www.baidu.com/search/spider.html)"
69.30.198.178 - - [12/Jan/2016:17:33:05 -0800] "GET /robots.txt HTTP/1.0" 200 338 "-" "Mozilla/5.0 (compatible; MJ12bot/v1.4.5; http://www.majestic12.co.uk/bot.php?+)"
69.30.198.178 - - [12/Jan/2016:17:33:06 -0800] "GET /robots.txt HTTP/1.0" 200 338 "-" "Mozilla/5.0 (compatible; MJ12bot/v1.4.5; http://www.majestic12.co.uk/bot.php?+)"
172.56.29.91 - - [12/Jan/2016:17:42:50 -0800] "GET /images/wsis-logo-sm.png HTTP/1.1" 200 6108 "http://www.thebackcountry.net/" "Mozilla/5.0 (iPhone; CPU iPhone OS 9_2 like Mac OS X) AppleWebKit/601.1.46 (KHTML, like Gecko) Mobile/13C75"
220.181.108.150 - - [12/Jan/2016:17:50:12 -0800] "GET / HTTP/1.1" 200 2578 "-" "Mozilla/5.0 (Windows NT 5.1; rv:6.0.2) Gecko/20100101 Firefox/6.0.2"
220.181.108.187 - - [12/Jan/2016:17:50:13 -0800] "GET / HTTP/1.1" 200 6995 "-" "Mozilla/5.0 (Windows NT 5.1; rv:6.0.2) Gecko/20100101 Firefox/6.0.2"
71.83.99.94 - - [12/Jan/2016:17:56:42 -0800] "GET /images/wsis-logo-sm.png HTTP/1.1" 200 6108 "http://www.thebackcountry.net/" "Mozilla/5.0 (Windows NT 10.0; WOW64) AppleWebKit/537.36 (KHTML, like Gecko) Chrome/47.0.2526.106 Safari/537.36"
170.75.162.130 - - [12/Jan/2016:17:57:48 -0800] "GET /lib/reccapi.php?resort=steamboat HTTP/1.1" 200 971 "-" "node-superagent/1.4.0"
180.76.15.24 - - [12/Jan/2016:18:00:43 -0800] "GET / HTTP/1.1" 304 173 "-" "Mozilla/5.0 (compatible; Baiduspider/2.0; +http://www.baidu.com/search/spider.html)"
76.14.126.194 - - [12/Jan/2016:18:02:18 -0800] "GET /images/wsis-logo-sm.png HTTP/1.1" 200 6108 "http://www.thebackcountry.net/" "Mozilla/5.0 (Macintosh; Intel Mac OS X 10_10_3) AppleWebKit/537.36 (KHTML, like Gecko) Chrome/39.0.2171.71 Safari/537.36"
170.75.162.130 - - [12/Jan/2016:18:02:49 -0800] "GET /lib/reccapi.php?resort=sierra-at-tahoe HTTP/1.1" 200 965 "-" "node-superagent/1.4.0"
38.80.254.203 - - [12/Jan/2016:18:05:48 -0800] "GET /images/wsis-logo-sm.png HTTP/1.1" 200 6108 "http://www.thebackcountry.net/" "Mozilla/5.0 (iPad; CPU OS 9_0_2 like Mac OS X) AppleWebKit/601.1.46 (KHTML, like Gecko) Version/9.0 Mobile/13A452 Safari/601.1"
157.55.39.95 - - [12/Jan/2016:18:09:11 -0800] "GET / HTTP/1.1" 200 2615 "-" "Mozilla/5.0 (compatible; bingbot/2.0; +http://www.bing.com/bingbot.htm)"
157.55.39.95 - - [12/Jan/2016:18:09:11 -0800] "GET /resorts?resort=stowe HTTP/1.1" 404 505 "-" "Mozilla/5.0 (compatible; bingbot/2.0; +http://www.bing.com/bingbot.htm)"
157.55.39.95 - - [12/Jan/2016:18:09:11 -0800] "GET /resorts?resort=steamboat HTTP/1.1" 404 505 "-" "Mozilla/5.0 (compatible; bingbot/2.0; +http://www.bing.com/bingbot.htm)"
207.46.13.143 - - [12/Jan/2016:18:11:56 -0800] "GET /resorts?resort=chinapeak HTTP/1.1" 404 506 "-" "Mozilla/5.0 (compatible; bingbot/2.0; +http://www.bing.com/bingbot.htm)"
172.6.65.123 - - [12/Jan/2016:18:22:23 -0800] "GET /images/wsis-logo-sm.png HTTP/1.1" 304 187 "http://www.thebackcountry.net/" "Mozilla/5.0 (Macintosh; Intel Mac OS X 10_10_0) AppleWebKit/537.36 (KHTML, like Gecko) Chrome/47.0.2526.106 Safari/537.36"
66.249.83.212 - - [12/Jan/2016:18:23:46 -0800] "GET /images/wsis-logo-sm.png HTTP/1.1" 200 6108 "-" "Mozilla/5.0 (Windows NT 5.1; rv:11.0) Gecko Firefox/11.0 (via ggpht.com GoogleImageProxy)"
172.6.65.123 - - [12/Jan/2016:18:24:42 -0800] "-" 408 0 "-" "-"
172.6.65.123 - - [12/Jan/2016:18:24:42 -0800] "-" 408 0 "-" "-"
172.6.65.123 - - [12/Jan/2016:18:24:42 -0800] "-" 408 0 "-" "-"
73.162.172.248 - - [12/Jan/2016:18:28:06 -0800] "GET /images/wsis-logo-sm.png HTTP/1.1" 200 6108 "http://www.thebackcountry.net/" "Mozilla/5.0 (iPhone; CPU iPhone OS 9_2 like Mac OS X) AppleWebKit/601.1.46 (KHTML, like Gecko) Version/9.0 Mobile/13C75 Safari/601.1"
66.237.49.197 - - [12/Jan/2016:18:28:11 -0800] "GET /images/wsis-logo-sm.png HTTP/1.1" 200 6108 "http://www.thebackcountry.net/" "Mozilla/5.0 (Windows NT 10.0; WOW64; Trident/7.0; rv:11.0) like Gecko"
66.237.49.197 - - [12/Jan/2016:18:28:32 -0800] "-" 408 0 "-" "-"
170.75.162.130 - - [12/Jan/2016:18:31:12 -0800] "GET /lib/reccapi.php?resort=alpinemeadows HTTP/1.1" 200 973 "-" "node-superagent/1.4.0"
180.76.15.157 - - [12/Jan/2016:18:31:19 -0800] "GET / HTTP/1.1" 200 6995 "-" "Mozilla/5.0 (compatible; Baiduspider/2.0; +http://www.baidu.com/search/spider.html)"
180.76.15.17 - - [12/Jan/2016:18:32:09 -0800] "GET / HTTP/1.1" 200 6995 "-" "Mozilla/5.0 (compatible; Baiduspider/2.0; +http://www.baidu.com/search/spider.html)"
71.146.67.200 - - [12/Jan/2016:18:34:37 -0800] "GET /images/wsis-logo-sm.png HTTP/1.1" 200 6108 "http://www.thebackcountry.net/" "Mozilla/5.0 (Macintosh; Intel Mac OS X 10_6_8) AppleWebKit/537.36 (KHTML, like Gecko) Chrome/47.0.2526.106 Safari/537.36"
144.76.8.132 - - [12/Jan/2016:18:35:23 -0800] "GET /robots.txt HTTP/1.0" 200 338 "-" "Mozilla/5.0 (compatible; MJ12bot/v1.4.5; http://www.majestic12.co.uk/bot.php?+)"
144.76.8.132 - - [12/Jan/2016:18:35:25 -0800] "GET /resorts?resort=redmountain HTTP/1.0" 404 495 "-" "Mozilla/5.0 (compatible; MJ12bot/v1.4.5; http://www.majestic12.co.uk/bot.php?+)"
144.76.8.132 - - [12/Jan/2016:18:35:26 -0800] "GET /resorts?resort=sunpeaksresort HTTP/1.0" 404 495 "-" "Mozilla/5.0 (compatible; MJ12bot/v1.4.5; http://www.majestic12.co.uk/bot.php?+)"
108.66.134.18 - - [12/Jan/2016:18:36:17 -0800] "GET /images/wsis-logo-sm.png HTTP/1.1" 200 6108 "http://www.thebackcountry.net/" "Mozilla/5.0 (Macintosh; Intel Mac OS X 10_9_5) AppleWebKit/601.3.9 (KHTML, like Gecko) Version/9.0.2 Safari/537.86.3"
170.75.162.130 - - [12/Jan/2016:18:41:54 -0800] "GET /lib/reccapi.php?resort=heavenly HTTP/1.1" 200 995 "-" "node-superagent/1.4.0"
73.223.161.223 - - [12/Jan/2016:18:55:00 -0800] "GET /images/wsis-logo-sm.png HTTP/1.1" 200 6108 "http://www.thebackcountry.net/" "Mozilla/5.0 (Windows NT 6.1; WOW64) AppleWebKit/537.36 (KHTML, like Gecko) Chrome/47.0.2526.106 Safari/537.36"
67.188.33.14 - - [12/Jan/2016:18:55:21 -0800] "GET /images/wsis-logo-sm.png HTTP/1.1" 200 6108 "http://www.thebackcountry.net/" "Mozilla/5.0 (Windows NT 6.1; WOW64) AppleWebKit/537.36 (KHTML, like Gecko) Chrome/47.0.2526.106 Safari/537.36"
73.223.161.223 - - [12/Jan/2016:18:55:45 -0800] "-" 408 0 "-" "-"
73.223.161.223 - - [12/Jan/2016:18:55:45 -0800] "-" 408 0 "-" "-"
73.223.161.223 - - [12/Jan/2016:18:55:45 -0800] "-" 408 0 "-" "-"
172.90.194.254 - - [12/Jan/2016:18:56:12 -0800] "GET /images/wsis-logo-sm.png HTTP/1.1" 200 6108 "http://www.thebackcountry.net/index.html" "Mozilla/5.0 (iPad; CPU OS 9_2 like Mac OS X) AppleWebKit/601.1.46 (KHTML, like Gecko) Version/9.0 Mobile/13C75 Safari/601.1"
220.181.108.155 - - [12/Jan/2016:18:56:14 -0800] "-" 408 0 "-" "-"
50.132.234.77 - - [12/Jan/2016:18:57:39 -0800] "GET /images/wsis-logo-sm.png HTTP/1.1" 200 6108 "http://www.thebackcountry.net/" "Mozilla/5.0 (Macintosh; Intel Mac OS X 10_9_5) AppleWebKit/537.36 (KHTML, like Gecko) Chrome/47.0.2526.106 Safari/537.36"
52.33.40.213 - - [12/Jan/2016:19:04:10 -0800] "GET /lib/reccapi.php?resort=arapahoebasin HTTP/1.1" 200 1015 "-" "node-superagent/1.4.0"
52.33.40.213 - - [12/Jan/2016:19:06:20 -0800] "GET /lib/reccapi.php?resort=bigwhite HTTP/1.1" 200 918 "-" "node-superagent/1.4.0"
170.75.162.130 - - [12/Jan/2016:19:13:18 -0800] "GET /lib/reccapi.php?resort=alta HTTP/1.1" 200 946 "-" "node-superagent/1.4.0"
170.75.162.130 - - [12/Jan/2016:19:13:18 -0800] "GET /lib/reccapi.php?resort=grandtarghee HTTP/1.1" 200 1068 "-" "node-superagent/1.4.0"
170.75.162.130 - - [12/Jan/2016:19:13:18 -0800] "GET /lib/reccapi.php?resort=mammothmountain HTTP/1.1" 200 1006 "-" "node-superagent/1.4.0"
170.75.162.130 - - [12/Jan/2016:19:13:18 -0800] "GET /lib/reccapi.php?resort=alyeska HTTP/1.1" 200 1004 "-" "node-superagent/1.4.0"
170.75.162.130 - - [12/Jan/2016:19:13:18 -0800] "GET /lib/reccapi.php?resort=snowbird HTTP/1.1" 200 951 "-" "node-superagent/1.4.0"
170.75.162.130 - - [12/Jan/2016:19:13:18 -0800] "GET /lib/reccapi.php?resort=solitude HTTP/1.1" 200 965 "-" "node-superagent/1.4.0"
170.75.162.130 - - [12/Jan/2016:19:13:18 -0800] "GET /lib/reccapi.php?resort=squawvalleyusa HTTP/1.1" 200 990 "-" "node-superagent/1.4.0"
170.75.162.130 - - [12/Jan/2016:19:13:19 -0800] "GET /lib/reccapi.php?resort=telluride HTTP/1.1" 200 936 "-" "node-superagent/1.4.0"
73.170.73.52 - - [12/Jan/2016:19:15:02 -0800] "GET /images/wsis-logo-sm.png HTTP/1.1" 200 6108 "-" "Mozilla/5.0 (Macintosh; Intel Mac OS X 10_10_5) AppleWebKit/600.8.9 (KHTML, like Gecko)"
73.170.73.52 - - [12/Jan/2016:19:15:02 -0800] "GET /images/wsis-logo-sm.png HTTP/1.1" 200 6108 "-" "Mozilla/5.0 (Macintosh; Intel Mac OS X 10_10_5) AppleWebKit/600.8.9 (KHTML, like Gecko)"
66.249.79.234 - - [12/Jan/2016:19:15:42 -0800] "GET /lib/reccapi.php?resort=tamarack&date=2015-12-20 HTTP/1.1" 200 1069 "http://whereshouldiski.com/" "Mozilla/5.0 (compatible; Googlebot/2.1; +http://www.google.com/bot.html)"
66.249.79.220 - - [12/Jan/2016:19:15:43 -0800] "GET /lib/reccapi.php?fields=t&date=2015-12-20&coords=44.69%2C-116.15&size=7&sort=distance HTTP/1.1" 200 1386 "http://whereshouldiski.com/" "Mozilla/5.0 (compatible; Googlebot/2.1; +http://www.google.com/bot.html)"
66.249.79.220 - - [12/Jan/2016:19:15:44 -0800] "GET /lib/resortDataSearchD3.php?size=7&sortDate=T&resort=tamarack&dateStart=2015-12-18 HTTP/1.1" 200 869 "http://whereshouldiski.com/" "Mozilla/5.0 (compatible; Googlebot/2.1; +http://www.google.com/bot.html)"
108.77.137.189 - - [12/Jan/2016:19:18:59 -0800] "GET /images/wsis-logo-sm.png HTTP/1.1" 200 6108 "http://www.thebackcountry.net/" "Mozilla/5.0 (Macintosh; Intel Mac OS X 10_8_5) AppleWebKit/537.36 (KHTML, like Gecko) Chrome/47.0.2526.106 Safari/537.36"
166.170.5.125 - - [12/Jan/2016:19:20:56 -0800] "GET / HTTP/1.1" 200 2615 "-" "Mozilla/5.0 (iPhone; CPU iPhone OS 9_2 like Mac OS X) AppleWebKit/601.1.46 (KHTML, like Gecko) Version/9.0 Mobile/13C75 Safari/601.1"
166.170.5.125 - - [12/Jan/2016:19:20:56 -0800] "GET /scripts/scripts/vendor/modernizr.js HTTP/1.1" 304 209 "http://whereshouldiski.com/" "Mozilla/5.0 (iPhone; CPU iPhone OS 9_2 like Mac OS X) AppleWebKit/601.1.46 (KHTML, like Gecko) Version/9.0 Mobile/13C75 Safari/601.1"
166.170.5.125 - - [12/Jan/2016:19:20:56 -0800] "GET /styles/ee08faa9.main.css HTTP/1.1" 304 211 "http://whereshouldiski.com/" "Mozilla/5.0 (iPhone; CPU iPhone OS 9_2 like Mac OS X) AppleWebKit/601.1.46 (KHTML, like Gecko) Version/9.0 Mobile/13C75 Safari/601.1"
166.170.5.125 - - [12/Jan/2016:19:20:56 -0800] "GET /images/logo-square-white-sm.png HTTP/1.1" 304 186 "http://whereshouldiski.com/" "Mozilla/5.0 (iPhone; CPU iPhone OS 9_2 like Mac OS X) AppleWebKit/601.1.46 (KHTML, like Gecko) Version/9.0 Mobile/13C75 Safari/601.1"
166.170.5.125 - - [12/Jan/2016:19:20:56 -0800] "GET /bower_components/requirejs/require.js HTTP/1.1" 304 210 "http://whereshouldiski.com/" "Mozilla/5.0 (iPhone; CPU iPhone OS 9_2 like Mac OS X) AppleWebKit/601.1.46 (KHTML, like Gecko) Version/9.0 Mobile/13C75 Safari/601.1"
166.170.5.125 - - [12/Jan/2016:19:20:56 -0800] "GET /images/loading.gif HTTP/1.1" 304 187 "http://whereshouldiski.com/" "Mozilla/5.0 (iPhone; CPU iPhone OS 9_2 like Mac OS X) AppleWebKit/601.1.46 (KHTML, like Gecko) Version/9.0 Mobile/13C75 Safari/601.1"
166.170.5.125 - - [12/Jan/2016:19:20:58 -0800] "GET /scripts/fa48e319.main.js HTTP/1.1" 304 210 "http://whereshouldiski.com/" "Mozilla/5.0 (iPhone; CPU iPhone OS 9_2 like Mac OS X) AppleWebKit/601.1.46 (KHTML, like Gecko) Version/9.0 Mobile/13C75 Safari/601.1"
166.170.5.125 - - [12/Jan/2016:19:20:59 -0800] "GET /lib/reccapi.php?fields=t HTTP/1.1" 200 1890 "http://whereshouldiski.com/" "Mozilla/5.0 (iPhone; CPU iPhone OS 9_2 like Mac OS X) AppleWebKit/601.1.46 (KHTML, like Gecko) Version/9.0 Mobile/13C75 Safari/601.1"
166.170.5.125 - - [12/Jan/2016:19:20:59 -0800] "GET /images/button.png HTTP/1.1" 200 599 "http://whereshouldiski.com/" "Mozilla/5.0 (iPhone; CPU iPhone OS 9_2 like Mac OS X) AppleWebKit/601.1.46 (KHTML, like Gecko) Version/9.0 Mobile/13C75 Safari/601.1"
166.170.5.125 - - [12/Jan/2016:19:20:59 -0800] "GET /images/greyHeader.png HTTP/1.1" 200 508 "http://whereshouldiski.com/" "Mozilla/5.0 (iPhone; CPU iPhone OS 9_2 like Mac OS X) AppleWebKit/601.1.46 (KHTML, like Gecko) Version/9.0 Mobile/13C75 Safari/601.1"
166.170.5.125 - - [12/Jan/2016:19:20:59 -0800] "GET /images/snowflake5.png HTTP/1.1" 200 2857 "http://whereshouldiski.com/" "Mozilla/5.0 (iPhone; CPU iPhone OS 9_2 like Mac OS X) AppleWebKit/601.1.46 (KHTML, like Gecko) Version/9.0 Mobile/13C75 Safari/601.1"
166.170.5.125 - - [12/Jan/2016:19:20:59 -0800] "GET /images/bluebird5.png HTTP/1.1" 304 186 "http://whereshouldiski.com/" "Mozilla/5.0 (iPhone; CPU iPhone OS 9_2 like Mac OS X) AppleWebKit/601.1.46 (KHTML, like Gecko) Version/9.0 Mobile/13C75 Safari/601.1"
166.170.5.125 - - [12/Jan/2016:19:20:59 -0800] "GET /images/mtns-icon.png HTTP/1.1" 200 1097 "http://whereshouldiski.com/" "Mozilla/5.0 (iPhone; CPU iPhone OS 9_2 like Mac OS X) AppleWebKit/601.1.46 (KHTML, like Gecko) Version/9.0 Mobile/13C75 Safari/601.1"
166.170.5.125 - - [12/Jan/2016:19:20:59 -0800] "GET /images/shading-icon.png HTTP/1.1" 304 185 "http://whereshouldiski.com/" "Mozilla/5.0 (iPhone; CPU iPhone OS 9_2 like Mac OS X) AppleWebKit/601.1.46 (KHTML, like Gecko) Version/9.0 Mobile/13C75 Safari/601.1"
166.170.5.125 - - [12/Jan/2016:19:20:59 -0800] "GET /images/star5.png HTTP/1.1" 304 186 "http://whereshouldiski.com/" "Mozilla/5.0 (iPhone; CPU iPhone OS 9_2 like Mac OS X) AppleWebKit/601.1.46 (KHTML, like Gecko) Version/9.0 Mobile/13C75 Safari/601.1"
127.0.0.1 - - [12/Jan/2016:19:21:01 -0800] "OPTIONS * HTTP/1.0" 200 126 "-" "Apache/2.2.22 (Ubuntu) (internal dummy connection)"
71.94.77.109 - - [12/Jan/2016:19:26:40 -0800] "GET /images/wsis-logo-sm.png HTTP/1.1" 200 6108 "http://www.thebackcountry.net/" "Mozilla/5.0 (Macintosh; Intel Mac OS X 10_9_5) AppleWebKit/601.3.9 (KHTML, like Gecko) Version/9.0.2 Safari/537.86.3"
69.27.181.82 - - [12/Jan/2016:19:26:56 -0800] "GET /images/wsis-logo-sm.png HTTP/1.1" 200 6108 "http://www.thebackcountry.net/" "Mozilla/5.0 (Macintosh; Intel Mac OS X 10_10_5) AppleWebKit/537.36 (KHTML, like Gecko) Chrome/47.0.2526.106 Safari/537.36"
66.249.79.227 - - [12/Jan/2016:19:29:45 -0800] "GET /lib/reccapi.php?resort=eaglecrestskiarea&date=2015-12-28 HTTP/1.1" 200 1035 "http://whereshouldiski.com/" "Mozilla/5.0 (compatible; Googlebot/2.1; +http://www.google.com/bot.html)"
66.249.79.220 - - [12/Jan/2016:19:29:47 -0800] "GET /lib/resortDataSearchD3.php?size=7&sortDate=T&resort=eaglecrestskiarea&dateStart=2015-12-26 HTTP/1.1" 200 875 "http://whereshouldiski.com/" "Mozilla/5.0 (compatible; Googlebot/2.1; +http://www.google.com/bot.html)"
66.249.79.220 - - [12/Jan/2016:19:29:47 -0800] "GET /lib/reccapi.php?fields=t&date=2015-12-28&coords=58.27%2C-134.52&size=7&sort=distance HTTP/1.1" 200 1328 "http://whereshouldiski.com/" "Mozilla/5.0 (compatible; Googlebot/2.1; +http://www.google.com/bot.html)"
52.33.40.213 - - [12/Jan/2016:19:30:15 -0800] "GET /lib/reccapi.php?resort=alta HTTP/1.1" 200 946 "-" "node-superagent/1.4.0"
75.111.102.121 - - [12/Jan/2016:19:33:20 -0800] "GET /images/wsis-logo-sm.png HTTP/1.1" 200 6108 "http://www.thebackcountry.net/" "Mozilla/5.0 (Macintosh; Intel Mac OS X 10_11_2) AppleWebKit/601.3.9 (KHTML, like Gecko) Version/9.0.2 Safari/601.3.9"
52.33.40.213 - - [12/Jan/2016:19:34:25 -0800] "GET /lib/reccapi.php?resort=49degreesnorth HTTP/1.1" 200 994 "-" "node-superagent/1.4.0"
180.76.15.22 - - [12/Jan/2016:19:35:41 -0800] "GET / HTTP/1.1" 200 6995 "-" "Mozilla/5.0 (compatible; Baiduspider/2.0; +http://www.baidu.com/search/spider.html)"
71.94.77.109 - - [12/Jan/2016:19:36:24 -0800] "GET /images/wsis-logo-sm.png HTTP/1.1" 200 6108 "http://www.thebackcountry.net/" "Mozilla/5.0 (Macintosh; Intel Mac OS X 10_9_5) AppleWebKit/601.3.9 (KHTML, like Gecko) Version/9.0.2 Safari/537.86.3"
180.76.15.31 - - [12/Jan/2016:19:36:42 -0800] "GET / HTTP/1.1" 200 6995 "-" "Mozilla/5.0 (compatible; Baiduspider/2.0; +http://www.baidu.com/search/spider.html)"
52.33.40.213 - - [12/Jan/2016:19:40:15 -0800] "GET /lib/reccapi.php?resort=angelfire HTTP/1.1" 200 1015 "-" "node-superagent/1.4.0"
52.33.40.213 - - [12/Jan/2016:19:40:15 -0800] "GET /lib/reccapi.php?resort=alpinemeadows HTTP/1.1" 200 973 "-" "node-superagent/1.4.0"
72.52.238.145 - - [12/Jan/2016:19:43:20 -0800] "GET /images/wsis-logo-sm.png HTTP/1.1" 200 6108 "http://www.thebackcountry.net/" "Mozilla/5.0 (Macintosh; Intel Mac OS X 10_10_5) AppleWebKit/537.36 (KHTML, like Gecko) Chrome/47.0.2526.106 Safari/537.36"
170.75.162.130 - - [12/Jan/2016:19:44:23 -0800] "GET /lib/reccapi.php?resort=aspenheights HTTP/1.1" 200 991 "-" "node-superagent/1.4.0"
170.75.162.130 - - [12/Jan/2016:19:44:23 -0800] "GET /lib/reccapi.php?resort=aspenmountain HTTP/1.1" 200 973 "-" "node-superagent/1.4.0"
170.75.162.130 - - [12/Jan/2016:19:44:23 -0800] "GET /lib/reccapi.php?resort=buttermilk HTTP/1.1" 200 969 "-" "node-superagent/1.4.0"
170.75.162.130 - - [12/Jan/2016:19:44:23 -0800] "GET /lib/reccapi.php?resort=snowmass HTTP/1.1" 200 961 "-" "node-superagent/1.4.0"
98.207.97.84 - - [12/Jan/2016:19:50:09 -0800] "GET /images/wsis-logo-sm.png HTTP/1.1" 200 6108 "http://www.thebackcountry.net/" "Mozilla/5.0 (iPad; CPU OS 9_2 like Mac OS X) AppleWebKit/600.1.4 (KHTML, like Gecko) GSA/11.1.66360 Mobile/13C75 Safari/600.1.4"
70.199.143.235 - - [12/Jan/2016:19:51:27 -0800] "GET / HTTP/1.1" 200 2615 "http://r.search.yahoo.com/RV=1/RE=1452686088/RB=/RO=8/RU=http%3a%2f%2fwww.whereshouldiski.com%2f/RS=^ADAIbsxUj3jMRWh13uFYPHc0VN1vd4-" "Mozilla/5.0 (iPhone; CPU iPhone OS 9_1 like Mac OS X) AppleWebKit/601.1.46 (KHTML, like Gecko) Version/9.0 Mobile/13B143 Safari/601.1"
70.199.143.235 - - [12/Jan/2016:19:51:27 -0800] "GET /styles/ee08faa9.main.css HTTP/1.1" 200 19446 "http://www.whereshouldiski.com/" "Mozilla/5.0 (iPhone; CPU iPhone OS 9_1 like Mac OS X) AppleWebKit/601.1.46 (KHTML, like Gecko) Version/9.0 Mobile/13B143 Safari/601.1"
70.199.143.235 - - [12/Jan/2016:19:51:27 -0800] "GET /scripts/scripts/vendor/modernizr.js HTTP/1.1" 200 4903 "http://www.whereshouldiski.com/" "Mozilla/5.0 (iPhone; CPU iPhone OS 9_1 like Mac OS X) AppleWebKit/601.1.46 (KHTML, like Gecko) Version/9.0 Mobile/13B143 Safari/601.1"
70.199.143.235 - - [12/Jan/2016:19:51:27 -0800] "GET /images/logo-square-white-sm.png HTTP/1.1" 200 1684 "http://www.whereshouldiski.com/" "Mozilla/5.0 (iPhone; CPU iPhone OS 9_1 like Mac OS X) AppleWebKit/601.1.46 (KHTML, like Gecko) Version/9.0 Mobile/13B143 Safari/601.1"
70.199.143.235 - - [12/Jan/2016:19:51:27 -0800] "GET /bower_components/requirejs/require.js HTTP/1.1" 200 6702 "http://www.whereshouldiski.com/" "Mozilla/5.0 (iPhone; CPU iPhone OS 9_1 like Mac OS X) AppleWebKit/601.1.46 (KHTML, like Gecko) Version/9.0 Mobile/13B143 Safari/601.1"
70.199.143.235 - - [12/Jan/2016:19:51:27 -0800] "GET /images/loading.gif HTTP/1.1" 200 13882 "http://www.whereshouldiski.com/" "Mozilla/5.0 (iPhone; CPU iPhone OS 9_1 like Mac OS X) AppleWebKit/601.1.46 (KHTML, like Gecko) Version/9.0 Mobile/13B143 Safari/601.1"
70.199.143.235 - - [12/Jan/2016:19:51:27 -0800] "GET /scripts/fa48e319.main.js HTTP/1.1" 200 123455 "http://www.whereshouldiski.com/" "Mozilla/5.0 (iPhone; CPU iPhone OS 9_1 like Mac OS X) AppleWebKit/601.1.46 (KHTML, like Gecko) Version/9.0 Mobile/13B143 Safari/601.1"
70.199.143.235 - - [12/Jan/2016:19:51:28 -0800] "GET /images/button.png HTTP/1.1" 200 598 "http://www.whereshouldiski.com/" "Mozilla/5.0 (iPhone; CPU iPhone OS 9_1 like Mac OS X) AppleWebKit/601.1.46 (KHTML, like Gecko) Version/9.0 Mobile/13B143 Safari/601.1"
70.199.143.235 - - [12/Jan/2016:19:51:28 -0800] "GET /lib/reccapi.php?fields=t HTTP/1.1" 200 1891 "http://www.whereshouldiski.com/" "Mozilla/5.0 (iPhone; CPU iPhone OS 9_1 like Mac OS X) AppleWebKit/601.1.46 (KHTML, like Gecko) Version/9.0 Mobile/13B143 Safari/601.1"
70.199.143.235 - - [12/Jan/2016:19:51:28 -0800] "GET /images/greyHeader.png HTTP/1.1" 200 508 "http://www.whereshouldiski.com/" "Mozilla/5.0 (iPhone; CPU iPhone OS 9_1 like Mac OS X) AppleWebKit/601.1.46 (KHTML, like Gecko) Version/9.0 Mobile/13B143 Safari/601.1"
70.199.143.235 - - [12/Jan/2016:19:51:28 -0800] "GET /images/snowflake5.png HTTP/1.1" 200 2857 "http://www.whereshouldiski.com/" "Mozilla/5.0 (iPhone; CPU iPhone OS 9_1 like Mac OS X) AppleWebKit/601.1.46 (KHTML, like Gecko) Version/9.0 Mobile/13B143 Safari/601.1"
70.199.143.235 - - [12/Jan/2016:19:51:28 -0800] "GET /images/star5.png HTTP/1.1" 200 1783 "http://www.whereshouldiski.com/" "Mozilla/5.0 (iPhone; CPU iPhone OS 9_1 like Mac OS X) AppleWebKit/601.1.46 (KHTML, like Gecko) Version/9.0 Mobile/13B143 Safari/601.1"
