71.83.118.236 - - [29/Dec/2015:02:37:19 -0800] "GET /images/wsis-logo-sm.png HTTP/1.1" 200 6108 "http://www.thebackcountry.net/" "Mozilla/5.0 (iPhone; CPU iPhone OS 9_2 like Mac OS X) AppleWebKit/601.1.46 (KHTML, like Gecko) Version/9.0 Mobile/13C75 Safari/601.1"
70.214.38.47 - - [29/Dec/2015:02:40:50 -0800] "GET /images/wsis-logo-sm.png HTTP/1.1" 200 6108 "http://www.thebackcountry.net/" "Mozilla/5.0 (iPad; CPU OS 9_0_2 like Mac OS X) AppleWebKit/601.1.46 (KHTML, like Gecko) Version/9.0 Mobile/13A452 Safari/601.1"
170.75.162.130 - - [29/Dec/2015:02:42:03 -0800] "GET /lib/reccapi.php?resort=sunpeaksresort HTTP/1.1" 200 920 "-" "node-superagent/1.4.0"
66.249.66.151 - - [29/Dec/2015:02:50:30 -0800] "GET /lib/reccapi.php?fields=t&date=2015-12-17&coords=39.32%2C-111.09&size=7&sort=distance HTTP/1.1" 200 1314 "http://whereshouldiski.com/" "Mozilla/5.0 (compatible; Googlebot/2.1; +http://www.google.com/bot.html)"
40.77.167.31 - - [29/Dec/2015:03:10:07 -0800] "GET /robots.txt HTTP/1.1" 200 375 "-" "Mozilla/5.0 (compatible; bingbot/2.0; +http://www.bing.com/bingbot.htm)"
40.77.167.31 - - [29/Dec/2015:03:10:12 -0800] "GET / HTTP/1.1" 200 2615 "-" "Mozilla/5.0 (compatible; bingbot/2.0; +http://www.bing.com/bingbot.htm)"
180.76.15.12 - - [29/Dec/2015:03:33:56 -0800] "GET / HTTP/1.1" 200 6995 "-" "Mozilla/5.0 (compatible; Baiduspider/2.0; +http://www.baidu.com/search/spider.html)"
180.76.15.31 - - [29/Dec/2015:03:34:26 -0800] "GET /robots.txt HTTP/1.1" 200 382 "-" "Mozilla/5.0 (Windows NT 5.1; rv:6.0.2) Gecko/20100101 Firefox/6.0.2"
180.76.15.135 - - [29/Dec/2015:03:34:51 -0800] "GET / HTTP/1.1" 200 6995 "-" "Mozilla/5.0 (compatible; Baiduspider/2.0; +http://www.baidu.com/search/spider.html)"
180.76.15.134 - - [29/Dec/2015:03:35:25 -0800] "GET / HTTP/1.1" 304 173 "-" "Mozilla/5.0 (compatible; Baiduspider/2.0; +http://www.baidu.com/search/spider.html)"
180.153.212.13 - - [29/Dec/2015:03:36:15 -0800] "GET / HTTP/1.1" 200 6995 "-" "Mozilla/5.0 (Linux; U; Android 4.4.2; zh-cn; GT-I9500 Build/KOT49H) AppleWebKit/537.36 (KHTML, like Gecko)Version/4.0 MQQBrowser/5.0 QQ-URL-Manager Mobile Safari/537.36"
61.216.2.14 - - [29/Dec/2015:03:37:58 -0800] "POST /404 HTTP/1.1" 200 4800 "-" "apache"
151.138.28.21 - - [29/Dec/2015:03:44:13 -0800] "GET /images/wsis-logo-sm.png HTTP/1.1" 200 6108 "http://www.thebackcountry.net/" "Mozilla/5.0 (Windows NT 6.1; Win64; x64) AppleWebKit/534.34 (KHTML, like Gecko) wkhtmltoimage Safari/534.34"
207.192.248.6 - - [29/Dec/2015:03:55:03 -0800] "GET /images/wsis-logo-sm.png HTTP/1.1" 200 6108 "http://www.thebackcountry.net/" "Mozilla/5.0 (Macintosh; Intel Mac OS X 10_6_8) AppleWebKit/537.36 (KHTML, like Gecko) Chrome/47.0.2526.106 Safari/537.36"
170.75.162.130 - - [29/Dec/2015:03:55:23 -0800] "GET /lib/reccapi.php?resort=crestedbutte HTTP/1.1" 200 1032 "-" "node-superagent/1.4.0"
170.75.162.130 - - [29/Dec/2015:03:55:23 -0800] "GET /lib/reccapi.php?resort=jaypeak HTTP/1.1" 200 1163 "-" "node-superagent/1.4.0"
170.75.162.130 - - [29/Dec/2015:03:55:23 -0800] "GET /lib/reccapi.php?resort=keystone HTTP/1.1" 200 1017 "-" "node-superagent/1.4.0"
170.75.162.130 - - [29/Dec/2015:03:55:23 -0800] "GET /lib/reccapi.php?resort=killington HTTP/1.1" 200 1152 "-" "node-superagent/1.4.0"
170.75.162.130 - - [29/Dec/2015:03:55:23 -0800] "GET /lib/reccapi.php?resort=madriverglen HTTP/1.1" 200 1158 "-" "node-superagent/1.4.0"
170.75.162.130 - - [29/Dec/2015:03:55:23 -0800] "GET /lib/reccapi.php?resort=monarch HTTP/1.1" 200 1006 "-" "node-superagent/1.4.0"
170.75.162.130 - - [29/Dec/2015:03:55:23 -0800] "GET /lib/reccapi.php?resort=smugglersnotch HTTP/1.1" 200 1131 "-" "node-superagent/1.4.0"
170.75.162.130 - - [29/Dec/2015:03:55:24 -0800] "GET /lib/reccapi.php?resort=stowe HTTP/1.1" 200 1137 "-" "node-superagent/1.4.0"
170.75.162.130 - - [29/Dec/2015:03:55:24 -0800] "GET /lib/reccapi.php?resort=sugarbush HTTP/1.1" 200 1158 "-" "node-superagent/1.4.0"
170.75.162.130 - - [29/Dec/2015:03:55:24 -0800] "GET /lib/reccapi.php?resort=telluride HTTP/1.1" 200 1022 "-" "node-superagent/1.4.0"
207.192.248.6 - - [29/Dec/2015:03:55:25 -0800] "-" 408 0 "-" "-"
170.75.162.130 - - [29/Dec/2015:04:03:33 -0800] "GET /lib/reccapi.php?resort=cannonmountain HTTP/1.1" 200 1130 "-" "node-superagent/1.4.0"
170.75.162.130 - - [29/Dec/2015:04:03:34 -0800] "GET /lib/reccapi.php?resort=sugarloaf HTTP/1.1" 200 1046 "-" "node-superagent/1.4.0"
170.75.162.130 - - [29/Dec/2015:04:03:34 -0800] "GET /lib/reccapi.php?resort=sundayriver HTTP/1.1" 200 1050 "-" "node-superagent/1.4.0"
170.75.162.130 - - [29/Dec/2015:04:03:34 -0800] "GET /lib/reccapi.php?resort=wildcatmountain HTTP/1.1" 200 1070 "-" "node-superagent/1.4.0"
92.249.104.63 - - [29/Dec/2015:04:18:27 -0800] "GET / HTTP/1.1" 200 2578 "http://whereshouldiski.com/" "Mozilla/4.0 (compatible; MSIE 6.0; Windows NT 5.1; SV1)"
180.76.15.20 - - [29/Dec/2015:04:37:04 -0800] "GET / HTTP/1.1" 200 6995 "-" "Mozilla/5.0 (compatible; Baiduspider/2.0; +http://www.baidu.com/search/spider.html)"
180.76.15.146 - - [29/Dec/2015:04:38:08 -0800] "GET / HTTP/1.1" 200 6995 "-" "Mozilla/5.0 (compatible; Baiduspider/2.0; +http://www.baidu.com/search/spider.html)"
66.249.66.155 - - [29/Dec/2015:04:38:27 -0800] "GET /resorts?resort=whitefishmountain&date=2013-12-29 HTTP/1.1" 404 506 "-" "Mozilla/5.0 (iPhone; CPU iPhone OS 8_3 like Mac OS X) AppleWebKit/600.1.4 (KHTML, like Gecko) Version/8.0 Mobile/12F70 Safari/600.1.4 (compatible; Googlebot/2.1; +http://www.google.com/bot.html)"
123.125.71.48 - - [29/Dec/2015:04:40:57 -0800] "GET / HTTP/1.1" 200 2578 "-" "Mozilla/5.0 (Windows NT 5.1; rv:6.0.2) Gecko/20100101 Firefox/6.0.2"
123.125.71.32 - - [29/Dec/2015:04:41:07 -0800] "GET / HTTP/1.1" 200 6995 "-" "Mozilla/5.0 (Windows NT 5.1; rv:6.0.2) Gecko/20100101 Firefox/6.0.2"
170.75.162.130 - - [29/Dec/2015:04:42:59 -0800] "GET /lib/reccapi.php?resort=49degreesnorth HTTP/1.1" 200 996 "-" "node-superagent/1.4.0"
170.75.162.130 - - [29/Dec/2015:05:14:42 -0800] "GET /lib/reccapi.php?resort=deervalley HTTP/1.1" 200 1008 "-" "node-superagent/1.4.0"
170.75.162.130 - - [29/Dec/2015:05:15:52 -0800] "GET /lib/reccapi.php?resort=brianhead HTTP/1.1" 200 1017 "-" "node-superagent/1.4.0"
50.16.101.238 - - [29/Dec/2015:05:25:56 -0800] "GET /robots.txt HTTP/1.1" 200 363 "-" "Googlebot (gocrawl v0.4)"
50.16.101.238 - - [29/Dec/2015:05:26:07 -0800] "GET / HTTP/1.1" 200 2559 "-" "Mozilla/5.0 (Windows NT 6.1; rv:15.0) Gecko/20120716 Firefox/15.0a2"
180.76.15.18 - - [29/Dec/2015:05:30:45 -0800] "GET / HTTP/1.1" 200 6995 "-" "Mozilla/5.0 (compatible; Baiduspider/2.0; +http://www.baidu.com/search/spider.html)"
180.76.15.21 - - [29/Dec/2015:05:31:33 -0800] "GET / HTTP/1.1" 200 6995 "-" "Mozilla/5.0 (compatible; Baiduspider/2.0; +http://www.baidu.com/search/spider.html)"
54.145.238.247 - - [29/Dec/2015:05:33:25 -0800] "GET /robots.txt HTTP/1.1" 200 363 "-" "Googlebot (gocrawl v0.4)"
54.145.238.247 - - [29/Dec/2015:05:33:37 -0800] "GET / HTTP/1.1" 200 2559 "-" "Mozilla/5.0 (Windows NT 6.1; rv:15.0) Gecko/20120716 Firefox/15.0a2"
66.249.66.159 - - [29/Dec/2015:05:34:07 -0800] "GET /lib/reccapi.php?resort=alyeska&date=2015-12-31 HTTP/1.1" 200 1014 "http://whereshouldiski.com/" "Mozilla/5.0 (compatible; Googlebot/2.1; +http://www.google.com/bot.html)"
66.249.66.151 - - [29/Dec/2015:05:34:08 -0800] "GET /lib/resortDataSearchD3.php?size=7&sortDate=T&resort=alyeska&dateStart=2015-12-29 HTTP/1.1" 200 792 "http://whereshouldiski.com/" "Mozilla/5.0 (compatible; Googlebot/2.1; +http://www.google.com/bot.html)"
66.249.66.151 - - [29/Dec/2015:05:34:08 -0800] "GET /lib/reccapi.php?fields=t&date=2015-12-31&coords=60.94%2C-148.95&size=7&sort=distance HTTP/1.1" 200 1321 "http://whereshouldiski.com/" "Mozilla/5.0 (compatible; Googlebot/2.1; +http://www.google.com/bot.html)"
170.75.162.130 - - [29/Dec/2015:05:39:45 -0800] "GET /lib/reccapi.php?resort=jacksonhole HTTP/1.1" 200 1094 "-" "node-superagent/1.4.0"
170.75.162.130 - - [29/Dec/2015:05:44:16 -0800] "GET /lib/reccapi.php?resort=snowbird HTTP/1.1" 200 1059 "-" "node-superagent/1.4.0"
170.75.162.130 - - [29/Dec/2015:05:46:26 -0800] "GET /lib/reccapi.php?resort=crystalmountain HTTP/1.1" 200 981 "-" "node-superagent/1.4.0"
170.75.162.130 - - [29/Dec/2015:05:46:26 -0800] "GET /lib/reccapi.php?resort=mountspokane HTTP/1.1" 200 1052 "-" "node-superagent/1.4.0"
170.75.162.130 - - [29/Dec/2015:05:46:26 -0800] "GET /lib/reccapi.php?resort=stevenspass HTTP/1.1" 200 1008 "-" "node-superagent/1.4.0"
192.0.112.242 - - [29/Dec/2015:05:46:30 -0800] "GET /images/wsis-logo-sm.png HTTP/1.1" 200 6108 "http://www.thebackcountry.net/" "Mozilla/5.0 (X11; Linux x86_64; rv:10.0.12) Gecko/20100101 Firefox/21.0 WordPress.com mShots"
107.1.54.135 - - [29/Dec/2015:05:54:03 -0800] "GET /images/wsis-logo-sm.png HTTP/1.1" 200 6108 "http://www.thebackcountry.net/" "Mozilla/5.0 (Windows NT 6.1; WOW64; rv:43.0) Gecko/20100101 Firefox/43.0"
66.249.66.159 - - [29/Dec/2015:05:54:23 -0800] "GET /lib/reccapi.php?resort=aspenmountain&date=2015-12-27 HTTP/1.1" 200 1062 "http://whereshouldiski.com/" "Mozilla/5.0 (compatible; Googlebot/2.1; +http://www.google.com/bot.html)"
66.249.66.151 - - [29/Dec/2015:05:54:24 -0800] "GET /lib/resortDataSearchD3.php?size=7&sortDate=T&resort=aspenmountain&dateStart=2015-12-25 HTTP/1.1" 200 880 "http://whereshouldiski.com/" "Mozilla/5.0 (compatible; Googlebot/2.1; +http://www.google.com/bot.html)"
66.249.66.151 - - [29/Dec/2015:05:54:25 -0800] "GET /lib/reccapi.php?fields=t&date=2015-12-27&coords=39.17%2C-106.8&size=7&sort=distance HTTP/1.1" 200 1347 "http://whereshouldiski.com/" "Mozilla/5.0 (compatible; Googlebot/2.1; +http://www.google.com/bot.html)"
66.249.66.151 - - [29/Dec/2015:05:58:23 -0800] "GET /images/wsis-logo-sm.png HTTP/1.1" 200 6108 "http://www.thebackcountry.net/" "Mozilla/5.0 (compatible; Googlebot/2.1; +http://www.google.com/bot.html)"
40.77.167.31 - - [29/Dec/2015:06:11:26 -0800] "GET /robots.txt HTTP/1.1" 200 375 "-" "Mozilla/5.0 (compatible; bingbot/2.0; +http://www.bing.com/bingbot.htm)"
40.77.167.31 - - [29/Dec/2015:06:12:47 -0800] "GET / HTTP/1.1" 200 2615 "-" "Mozilla/5.0 (compatible; bingbot/2.0; +http://www.bing.com/bingbot.htm)"
70.208.6.169 - - [29/Dec/2015:06:12:59 -0800] "GET / HTTP/1.1" 200 2615 "-" "Mozilla/5.0 (iPhone; CPU iPhone OS 9_2 like Mac OS X) AppleWebKit/601.1.46 (KHTML, like Gecko) Version/9.0 Mobile/13C75 Safari/601.1"
70.208.6.169 - - [29/Dec/2015:06:12:59 -0800] "GET /styles/ee08faa9.main.css HTTP/1.1" 200 19446 "http://whereshouldiski.com/" "Mozilla/5.0 (iPhone; CPU iPhone OS 9_2 like Mac OS X) AppleWebKit/601.1.46 (KHTML, like Gecko) Version/9.0 Mobile/13C75 Safari/601.1"
70.208.6.169 - - [29/Dec/2015:06:12:59 -0800] "GET /scripts/scripts/vendor/modernizr.js HTTP/1.1" 200 4903 "http://whereshouldiski.com/" "Mozilla/5.0 (iPhone; CPU iPhone OS 9_2 like Mac OS X) AppleWebKit/601.1.46 (KHTML, like Gecko) Version/9.0 Mobile/13C75 Safari/601.1"
70.208.6.169 - - [29/Dec/2015:06:12:59 -0800] "GET /images/logo-square-white-sm.png HTTP/1.1" 200 1684 "http://whereshouldiski.com/" "Mozilla/5.0 (iPhone; CPU iPhone OS 9_2 like Mac OS X) AppleWebKit/601.1.46 (KHTML, like Gecko) Version/9.0 Mobile/13C75 Safari/601.1"
70.208.6.169 - - [29/Dec/2015:06:12:59 -0800] "GET /images/loading.gif HTTP/1.1" 200 13882 "http://whereshouldiski.com/" "Mozilla/5.0 (iPhone; CPU iPhone OS 9_2 like Mac OS X) AppleWebKit/601.1.46 (KHTML, like Gecko) Version/9.0 Mobile/13C75 Safari/601.1"
70.208.6.169 - - [29/Dec/2015:06:12:59 -0800] "GET /bower_components/requirejs/require.js HTTP/1.1" 200 6702 "http://whereshouldiski.com/" "Mozilla/5.0 (iPhone; CPU iPhone OS 9_2 like Mac OS X) AppleWebKit/601.1.46 (KHTML, like Gecko) Version/9.0 Mobile/13C75 Safari/601.1"
70.208.6.169 - - [29/Dec/2015:06:12:59 -0800] "GET /scripts/fa48e319.main.js HTTP/1.1" 200 123455 "http://whereshouldiski.com/" "Mozilla/5.0 (iPhone; CPU iPhone OS 9_2 like Mac OS X) AppleWebKit/601.1.46 (KHTML, like Gecko) Version/9.0 Mobile/13C75 Safari/601.1"
70.208.6.169 - - [29/Dec/2015:06:13:00 -0800] "GET /images/button.png HTTP/1.1" 200 598 "http://whereshouldiski.com/" "Mozilla/5.0 (iPhone; CPU iPhone OS 9_2 like Mac OS X) AppleWebKit/601.1.46 (KHTML, like Gecko) Version/9.0 Mobile/13C75 Safari/601.1"
70.208.6.169 - - [29/Dec/2015:06:13:00 -0800] "GET /lib/reccapi.php?fields=t HTTP/1.1" 200 1952 "http://whereshouldiski.com/" "Mozilla/5.0 (iPhone; CPU iPhone OS 9_2 like Mac OS X) AppleWebKit/601.1.46 (KHTML, like Gecko) Version/9.0 Mobile/13C75 Safari/601.1"
70.208.6.169 - - [29/Dec/2015:06:13:00 -0800] "GET /images/greyHeader.png HTTP/1.1" 200 508 "http://whereshouldiski.com/" "Mozilla/5.0 (iPhone; CPU iPhone OS 9_2 like Mac OS X) AppleWebKit/601.1.46 (KHTML, like Gecko) Version/9.0 Mobile/13C75 Safari/601.1"
70.208.6.169 - - [29/Dec/2015:06:13:01 -0800] "GET /images/snowflake5.png HTTP/1.1" 200 2857 "http://whereshouldiski.com/" "Mozilla/5.0 (iPhone; CPU iPhone OS 9_2 like Mac OS X) AppleWebKit/601.1.46 (KHTML, like Gecko) Version/9.0 Mobile/13C75 Safari/601.1"
70.208.6.169 - - [29/Dec/2015:06:13:01 -0800] "GET /images/bluebird5.png HTTP/1.1" 200 2178 "http://whereshouldiski.com/" "Mozilla/5.0 (iPhone; CPU iPhone OS 9_2 like Mac OS X) AppleWebKit/601.1.46 (KHTML, like Gecko) Version/9.0 Mobile/13C75 Safari/601.1"
70.208.6.169 - - [29/Dec/2015:06:13:01 -0800] "GET /images/shading-icon.png HTTP/1.1" 200 537 "http://whereshouldiski.com/" "Mozilla/5.0 (iPhone; CPU iPhone OS 9_2 like Mac OS X) AppleWebKit/601.1.46 (KHTML, like Gecko) Version/9.0 Mobile/13C75 Safari/601.1"
70.208.6.169 - - [29/Dec/2015:06:13:01 -0800] "GET /images/star5.png HTTP/1.1" 200 1784 "http://whereshouldiski.com/" "Mozilla/5.0 (iPhone; CPU iPhone OS 9_2 like Mac OS X) AppleWebKit/601.1.46 (KHTML, like Gecko) Version/9.0 Mobile/13C75 Safari/601.1"
70.208.6.169 - - [29/Dec/2015:06:13:01 -0800] "GET /images/mtns-icon.png HTTP/1.1" 200 1097 "http://whereshouldiski.com/" "Mozilla/5.0 (iPhone; CPU iPhone OS 9_2 like Mac OS X) AppleWebKit/601.1.46 (KHTML, like Gecko) Version/9.0 Mobile/13C75 Safari/601.1"
70.208.6.169 - - [29/Dec/2015:06:13:02 -0800] "GET /lib/reccapi.php?fields=t&coords=39.46214903615365,-104.88490778031282 HTTP/1.1" 200 2146 "http://whereshouldiski.com/" "Mozilla/5.0 (iPhone; CPU iPhone OS 9_2 like Mac OS X) AppleWebKit/601.1.46 (KHTML, like Gecko) Version/9.0 Mobile/13C75 Safari/601.1"
127.0.0.1 - - [29/Dec/2015:06:13:04 -0800] "OPTIONS * HTTP/1.0" 200 126 "-" "Apache/2.2.22 (Ubuntu) (internal dummy connection)"
70.208.6.169 - - [29/Dec/2015:06:13:29 -0800] "GET /lib/reccapi.php?fields=t&coords=39.46214903615365,-104.88490778031282&distance=100 HTTP/1.1" 200 1297 "http://whereshouldiski.com/" "Mozilla/5.0 (iPhone; CPU iPhone OS 9_2 like Mac OS X) AppleWebKit/601.1.46 (KHTML, like Gecko) Version/9.0 Mobile/13C75 Safari/601.1"
70.208.6.169 - - [29/Dec/2015:06:13:30 -0800] "GET /images/greenHeader.png HTTP/1.1" 200 508 "http://whereshouldiski.com/" "Mozilla/5.0 (iPhone; CPU iPhone OS 9_2 like Mac OS X) AppleWebKit/601.1.46 (KHTML, like Gecko) Version/9.0 Mobile/13C75 Safari/601.1"
70.208.6.169 - - [29/Dec/2015:06:14:13 -0800] "GET /lib/reccapi.php?fields=t&coords=39.46214903615365,-104.88490778031282 HTTP/1.1" 200 2147 "http://whereshouldiski.com/" "Mozilla/5.0 (iPhone; CPU iPhone OS 9_2 like Mac OS X) AppleWebKit/601.1.46 (KHTML, like Gecko) Version/9.0 Mobile/13C75 Safari/601.1"
70.208.6.169 - - [29/Dec/2015:06:14:16 -0800] "GET /lib/reccapi.php?fields=t&coords=39.46214903615365,-104.88490778031282&distance=100 HTTP/1.1" 200 1297 "http://whereshouldiski.com/" "Mozilla/5.0 (iPhone; CPU iPhone OS 9_2 like Mac OS X) AppleWebKit/601.1.46 (KHTML, like Gecko) Version/9.0 Mobile/13C75 Safari/601.1"
70.208.6.169 - - [29/Dec/2015:06:14:18 -0800] "GET /lib/reccapi.php?fields=t&coords=39.46214903615365,-104.88490778031282 HTTP/1.1" 200 2146 "http://whereshouldiski.com/" "Mozilla/5.0 (iPhone; CPU iPhone OS 9_2 like Mac OS X) AppleWebKit/601.1.46 (KHTML, like Gecko) Version/9.0 Mobile/13C75 Safari/601.1"
70.208.6.169 - - [29/Dec/2015:06:14:28 -0800] "GET /lib/reccapi.php?fields=t&coords=39.46214903615365,-104.88490778031282&distance=200 HTTP/1.1" 200 1511 "http://whereshouldiski.com/" "Mozilla/5.0 (iPhone; CPU iPhone OS 9_2 like Mac OS X) AppleWebKit/601.1.46 (KHTML, like Gecko) Version/9.0 Mobile/13C75 Safari/601.1"
70.208.6.169 - - [29/Dec/2015:06:15:55 -0800] "GET /lib/reccapi.php?fields=t&coords=39.46214903615365,-104.88490778031282 HTTP/1.1" 200 2147 "http://whereshouldiski.com/" "Mozilla/5.0 (iPhone; CPU iPhone OS 9_2 like Mac OS X) AppleWebKit/601.1.46 (KHTML, like Gecko) Version/9.0 Mobile/13C75 Safari/601.1"
70.208.6.169 - - [29/Dec/2015:06:16:00 -0800] "GET /lib/reccapi.php?fields=t&coords=39.46214903615365,-104.88490778031282 HTTP/1.1" 200 2147 "http://whereshouldiski.com/" "Mozilla/5.0 (iPhone; CPU iPhone OS 9_2 like Mac OS X) AppleWebKit/601.1.46 (KHTML, like Gecko) Version/9.0 Mobile/13C75 Safari/601.1"
70.208.6.169 - - [29/Dec/2015:06:16:14 -0800] "GET /lib/reccapi.php?resort=pajaritomountain&date=2015-12-28 HTTP/1.1" 200 1047 "http://whereshouldiski.com/" "Mozilla/5.0 (iPhone; CPU iPhone OS 9_2 like Mac OS X) AppleWebKit/601.1.46 (KHTML, like Gecko) Version/9.0 Mobile/13C75 Safari/601.1"
70.208.6.169 - - [29/Dec/2015:06:16:14 -0800] "GET /images/snowforecast-logo.jpg HTTP/1.1" 200 22988 "http://whereshouldiski.com/" "Mozilla/5.0 (iPhone; CPU iPhone OS 9_2 like Mac OS X) AppleWebKit/601.1.46 (KHTML, like Gecko) Version/9.0 Mobile/13C75 Safari/601.1"
70.208.6.169 - - [29/Dec/2015:06:16:14 -0800] "GET /images/sun-med-5.png HTTP/1.1" 200 7627 "http://whereshouldiski.com/" "Mozilla/5.0 (iPhone; CPU iPhone OS 9_2 like Mac OS X) AppleWebKit/601.1.46 (KHTML, like Gecko) Version/9.0 Mobile/13C75 Safari/601.1"
70.208.6.169 - - [29/Dec/2015:06:16:14 -0800] "GET /images/snowflake-med-5.png HTTP/1.1" 200 6157 "http://whereshouldiski.com/" "Mozilla/5.0 (iPhone; CPU iPhone OS 9_2 like Mac OS X) AppleWebKit/601.1.46 (KHTML, like Gecko) Version/9.0 Mobile/13C75 Safari/601.1"
70.208.6.169 - - [29/Dec/2015:06:16:14 -0800] "GET /images/opensnow_logo.png HTTP/1.1" 200 11777 "http://whereshouldiski.com/" "Mozilla/5.0 (iPhone; CPU iPhone OS 9_2 like Mac OS X) AppleWebKit/601.1.46 (KHTML, like Gecko) Version/9.0 Mobile/13C75 Safari/601.1"
70.208.6.169 - - [29/Dec/2015:06:16:14 -0800] "GET /images/stars-med-5.png HTTP/1.1" 200 4124 "http://whereshouldiski.com/" "Mozilla/5.0 (iPhone; CPU iPhone OS 9_2 like Mac OS X) AppleWebKit/601.1.46 (KHTML, like Gecko) Version/9.0 Mobile/13C75 Safari/601.1"
70.208.6.169 - - [29/Dec/2015:06:16:14 -0800] "GET /lib/reccapi.php?fields=t&coords=39.46214903615365,-104.88490778031282&date=2015-12-28&coords=35.89%2C-106.41&size=7&sort=distance HTTP/1.1" 200 1395 "http://whereshouldiski.com/" "Mozilla/5.0 (iPhone; CPU iPhone OS 9_2 like Mac OS X) AppleWebKit/601.1.46 (KHTML, like Gecko) Version/9.0 Mobile/13C75 Safari/601.1"
70.208.6.169 - - [29/Dec/2015:06:16:14 -0800] "GET /lib/resortDataSearchD3.php?size=7&sortDate=T&resort=pajaritomountain&dateStart=2015-12-26 HTTP/1.1" 200 882 "http://whereshouldiski.com/" "Mozilla/5.0 (iPhone; CPU iPhone OS 9_2 like Mac OS X) AppleWebKit/601.1.46 (KHTML, like Gecko) Version/9.0 Mobile/13C75 Safari/601.1"
70.208.6.169 - - [29/Dec/2015:06:16:14 -0800] "GET /images/mtns-30px.png HTTP/1.1" 200 1201 "http://whereshouldiski.com/" "Mozilla/5.0 (iPhone; CPU iPhone OS 9_2 like Mac OS X) AppleWebKit/601.1.46 (KHTML, like Gecko) Version/9.0 Mobile/13C75 Safari/601.1"
70.208.6.169 - - [29/Dec/2015:06:16:14 -0800] "GET /images/shading-53px.png HTTP/1.1" 200 547 "http://whereshouldiski.com/" "Mozilla/5.0 (iPhone; CPU iPhone OS 9_2 like Mac OS X) AppleWebKit/601.1.46 (KHTML, like Gecko) Version/9.0 Mobile/13C75 Safari/601.1"
127.0.0.1 - - [29/Dec/2015:06:16:16 -0800] "OPTIONS * HTTP/1.0" 200 126 "-" "Apache/2.2.22 (Ubuntu) (internal dummy connection)"
170.75.162.130 - - [29/Dec/2015:06:26:01 -0800] "GET /lib/reccapi.php?resort=homewoodmountain HTTP/1.1" 200 1030 "-" "node-superagent/1.4.0"
170.75.162.130 - - [29/Dec/2015:06:27:41 -0800] "GET /lib/reccapi.php?resort=redmountain HTTP/1.1" 200 911 "-" "node-superagent/1.4.0"
170.75.162.130 - - [29/Dec/2015:06:27:41 -0800] "GET /lib/reccapi.php?resort=whistlerblackcomb HTTP/1.1" 200 932 "-" "node-superagent/1.4.0"
170.75.162.130 - - [29/Dec/2015:06:27:41 -0800] "GET /lib/reccapi.php?resort=silverstarmountain HTTP/1.1" 200 928 "-" "node-superagent/1.4.0"
170.75.162.130 - - [29/Dec/2015:06:30:01 -0800] "GET /lib/reccapi.php?resort=kirkwood HTTP/1.1" 200 1011 "-" "node-superagent/1.4.0"
66.249.66.159 - - [29/Dec/2015:06:30:54 -0800] "GET /resorts?resort=homewoodmountain HTTP/1.1" 404 506 "-" "Mozilla/5.0 (compatible; Googlebot/2.1; +http://www.google.com/bot.html)"
170.75.162.130 - - [29/Dec/2015:06:37:12 -0800] "GET /lib/reccapi.php?resort=mtrose HTTP/1.1" 200 992 "-" "node-superagent/1.4.0"
170.75.162.130 - - [29/Dec/2015:06:37:42 -0800] "GET /lib/reccapi.php?resort=northstar-at-tahoe HTTP/1.1" 200 994 "-" "node-superagent/1.4.0"
107.21.1.8 - - [29/Dec/2015:06:41:08 -0800] "GET / HTTP/1.1" 200 2615 "http://www.whereshouldiski.com/" "Mozilla/5.0 (compatible; DuckDuckGo-Favicons-Bot/1.0; +http://duckduckgo.com)"
107.21.1.8 - - [29/Dec/2015:06:41:09 -0800] "GET /favicon.ico HTTP/1.1" 200 4612 "http://www.whereshouldiski.com/favicon.ico" "Mozilla/5.0 (compatible; DuckDuckGo-Favicons-Bot/1.0; +http://duckduckgo.com)"
170.75.162.130 - - [29/Dec/2015:06:41:43 -0800] "GET /lib/reccapi.php?resort=mammothmountain HTTP/1.1" 200 997 "-" "node-superagent/1.4.0"
170.75.162.130 - - [29/Dec/2015:06:41:43 -0800] "GET /lib/reccapi.php?resort=chinapeak HTTP/1.1" 200 1001 "-" "node-superagent/1.4.0"
170.75.162.130 - - [29/Dec/2015:06:41:43 -0800] "GET /lib/reccapi.php?resort=mountainhigh HTTP/1.1" 200 1004 "-" "node-superagent/1.4.0"
170.75.162.130 - - [29/Dec/2015:06:44:03 -0800] "GET /lib/reccapi.php?resort=hoodoo HTTP/1.1" 200 1043 "-" "node-superagent/1.4.0"
73.182.236.39 - - [29/Dec/2015:06:45:36 -0800] "GET /images/wsis-logo-sm.png HTTP/1.1" 200 6108 "http://www.thebackcountry.net/" "Mozilla/5.0 (Windows NT 6.1) AppleWebKit/537.36 (KHTML, like Gecko) Chrome/47.0.2526.106 Safari/537.36"
66.249.66.151 - - [29/Dec/2015:06:48:59 -0800] "GET /lib/reccapi.php?resort=diamondpeak&date=2015-12-27 HTTP/1.1" 200 988 "http://whereshouldiski.com/" "Mozilla/5.0 (compatible; Googlebot/2.1; +http://www.google.com/bot.html)"
66.249.66.151 - - [29/Dec/2015:06:49:00 -0800] "GET /lib/resortDataSearchD3.php?size=7&sortDate=T&resort=diamondpeak&dateStart=2015-12-25 HTTP/1.1" 200 879 "http://whereshouldiski.com/" "Mozilla/5.0 (compatible; Googlebot/2.1; +http://www.google.com/bot.html)"
66.249.66.151 - - [29/Dec/2015:06:49:01 -0800] "GET /lib/reccapi.php?fields=t&date=2015-12-27&coords=39.254%2C-119.924&size=7&sort=distance HTTP/1.1" 200 1395 "http://whereshouldiski.com/" "Mozilla/5.0 (compatible; Googlebot/2.1; +http://www.google.com/bot.html)"
96.38.182.42 - - [29/Dec/2015:06:49:20 -0800] "GET /images/wsis-logo-sm.png HTTP/1.1" 200 6108 "http://www.thebackcountry.net/" "Mozilla/5.0 (Macintosh; Intel Mac OS X 10.9; rv:43.0) Gecko/20100101 Firefox/43.0"
166.137.242.54 - - [29/Dec/2015:06:56:05 -0800] "GET /images/wsis-logo-sm.png HTTP/1.1" 200 6108 "http://thebackcountry.net/" "Mozilla/5.0 (iPhone; CPU iPhone OS 9_2 like Mac OS X) AppleWebKit/600.1.4 (KHTML, like Gecko) CriOS/45.0.2454.89 Mobile/13C75 Safari/600.1.4"
166.170.14.115 - - [29/Dec/2015:07:01:31 -0800] "GET /images/wsis-logo-sm.png HTTP/1.1" 200 6108 "http://www.thebackcountry.net/" "Mozilla/5.0 (iPhone; CPU iPhone OS 8_4_1 like Mac OS X) AppleWebKit/600.1.4 (KHTML, like Gecko) Version/8.0 Mobile/12H321 Safari/600.1.4"
152.79.255.150 - - [29/Dec/2015:07:04:22 -0800] "GET /images/wsis-logo-sm.png HTTP/1.1" 200 6108 "http://www.thebackcountry.net/" "Mozilla/5.0 (Macintosh; Intel Mac OS X 10_7_5) AppleWebKit/537.78.2 (KHTML, like Gecko) Version/6.1.6 Safari/537.78.2"
170.75.162.130 - - [29/Dec/2015:07:30:59 -0800] "GET /lib/reccapi.php?resort=sierra-at-tahoe HTTP/1.1" 200 995 "-" "node-superagent/1.4.0"
170.75.162.130 - - [29/Dec/2015:07:30:59 -0800] "GET /lib/reccapi.php?resort=diamondpeak HTTP/1.1" 200 953 "-" "node-superagent/1.4.0"
24.180.46.115 - - [29/Dec/2015:07:31:38 -0800] "GET /images/wsis-logo-sm.png HTTP/1.1" 200 6108 "http://www.thebackcountry.net/" "Mozilla/5.0 (Macintosh; Intel Mac OS X 10_10_4) AppleWebKit/600.7.12 (KHTML, like Gecko) Version/8.0.7 Safari/600.7.12"
170.75.162.130 - - [29/Dec/2015:07:31:39 -0800] "GET /lib/reccapi.php?resort=redlodge HTTP/1.1" 200 1079 "-" "node-superagent/1.4.0"
170.75.162.130 - - [29/Dec/2015:07:31:49 -0800] "GET /lib/reccapi.php?resort=mounthoodmeadows HTTP/1.1" 200 1088 "-" "node-superagent/1.4.0"
170.75.162.130 - - [29/Dec/2015:07:31:49 -0800] "GET /lib/reccapi.php?resort=mountbachelor HTTP/1.1" 200 1030 "-" "node-superagent/1.4.0"
24.180.46.115 - - [29/Dec/2015:07:32:07 -0800] "GET / HTTP/1.1" 200 2615 "http://www.thebackcountry.net/" "Mozilla/5.0 (Macintosh; Intel Mac OS X 10_10_4) AppleWebKit/600.7.12 (KHTML, like Gecko) Version/8.0.7 Safari/600.7.12"
24.180.46.115 - - [29/Dec/2015:07:32:07 -0800] "GET /styles/ee08faa9.main.css HTTP/1.1" 200 19446 "http://whereshouldiski.com/" "Mozilla/5.0 (Macintosh; Intel Mac OS X 10_10_4) AppleWebKit/600.7.12 (KHTML, like Gecko) Version/8.0.7 Safari/600.7.12"
24.180.46.115 - - [29/Dec/2015:07:32:07 -0800] "GET /bower_components/requirejs/require.js HTTP/1.1" 200 6702 "http://whereshouldiski.com/" "Mozilla/5.0 (Macintosh; Intel Mac OS X 10_10_4) AppleWebKit/600.7.12 (KHTML, like Gecko) Version/8.0.7 Safari/600.7.12"
24.180.46.115 - - [29/Dec/2015:07:32:07 -0800] "GET /scripts/scripts/vendor/modernizr.js HTTP/1.1" 200 4903 "http://whereshouldiski.com/" "Mozilla/5.0 (Macintosh; Intel Mac OS X 10_10_4) AppleWebKit/600.7.12 (KHTML, like Gecko) Version/8.0.7 Safari/600.7.12"
24.180.46.115 - - [29/Dec/2015:07:32:08 -0800] "GET /images/loading.gif HTTP/1.1" 200 13881 "http://whereshouldiski.com/" "Mozilla/5.0 (Macintosh; Intel Mac OS X 10_10_4) AppleWebKit/600.7.12 (KHTML, like Gecko) Version/8.0.7 Safari/600.7.12"
24.180.46.115 - - [29/Dec/2015:07:32:08 -0800] "GET /images/logo-square-white-sm.png HTTP/1.1" 200 1683 "http://whereshouldiski.com/" "Mozilla/5.0 (Macintosh; Intel Mac OS X 10_10_4) AppleWebKit/600.7.12 (KHTML, like Gecko) Version/8.0.7 Safari/600.7.12"
24.180.46.115 - - [29/Dec/2015:07:32:08 -0800] "GET /scripts/fa48e319.main.js HTTP/1.1" 200 123455 "http://whereshouldiski.com/" "Mozilla/5.0 (Macintosh; Intel Mac OS X 10_10_4) AppleWebKit/600.7.12 (KHTML, like Gecko) Version/8.0.7 Safari/600.7.12"
24.180.46.115 - - [29/Dec/2015:07:32:08 -0800] "GET /images/button.png HTTP/1.1" 200 598 "http://whereshouldiski.com/" "Mozilla/5.0 (Macintosh; Intel Mac OS X 10_10_4) AppleWebKit/600.7.12 (KHTML, like Gecko) Version/8.0.7 Safari/600.7.12"
24.180.46.115 - - [29/Dec/2015:07:32:08 -0800] "GET /images/greyHeader.png HTTP/1.1" 200 508 "http://whereshouldiski.com/" "Mozilla/5.0 (Macintosh; Intel Mac OS X 10_10_4) AppleWebKit/600.7.12 (KHTML, like Gecko) Version/8.0.7 Safari/600.7.12"
24.180.46.115 - - [29/Dec/2015:07:32:08 -0800] "GET /lib/reccapi.php?fields=t HTTP/1.1" 200 1952 "http://whereshouldiski.com/" "Mozilla/5.0 (Macintosh; Intel Mac OS X 10_10_4) AppleWebKit/600.7.12 (KHTML, like Gecko) Version/8.0.7 Safari/600.7.12"
24.180.46.115 - - [29/Dec/2015:07:32:08 -0800] "GET /images/bluebird5.png HTTP/1.1" 200 2177 "http://whereshouldiski.com/" "Mozilla/5.0 (Macintosh; Intel Mac OS X 10_10_4) AppleWebKit/600.7.12 (KHTML, like Gecko) Version/8.0.7 Safari/600.7.12"
24.180.46.115 - - [29/Dec/2015:07:32:08 -0800] "GET /images/shading-icon.png HTTP/1.1" 200 536 "http://whereshouldiski.com/" "Mozilla/5.0 (Macintosh; Intel Mac OS X 10_10_4) AppleWebKit/600.7.12 (KHTML, like Gecko) Version/8.0.7 Safari/600.7.12"
24.180.46.115 - - [29/Dec/2015:07:32:08 -0800] "GET /images/star5.png HTTP/1.1" 200 1783 "http://whereshouldiski.com/" "Mozilla/5.0 (Macintosh; Intel Mac OS X 10_10_4) AppleWebKit/600.7.12 (KHTML, like Gecko) Version/8.0.7 Safari/600.7.12"
24.180.46.115 - - [29/Dec/2015:07:32:08 -0800] "GET /favicon.ico HTTP/1.1" 200 4613 "http://whereshouldiski.com/" "Mozilla/5.0 (Macintosh; Intel Mac OS X 10_10_4) AppleWebKit/600.7.12 (KHTML, like Gecko) Version/8.0.7 Safari/600.7.12"
24.180.46.115 - - [29/Dec/2015:07:32:08 -0800] "GET /images/mtns-icon.png HTTP/1.1" 200 1097 "http://whereshouldiski.com/" "Mozilla/5.0 (Macintosh; Intel Mac OS X 10_10_4) AppleWebKit/600.7.12 (KHTML, like Gecko) Version/8.0.7 Safari/600.7.12"
24.180.46.115 - - [29/Dec/2015:07:32:08 -0800] "GET /images/snowflake5.png HTTP/1.1" 200 2858 "http://whereshouldiski.com/" "Mozilla/5.0 (Macintosh; Intel Mac OS X 10_10_4) AppleWebKit/600.7.12 (KHTML, like Gecko) Version/8.0.7 Safari/600.7.12"
24.180.46.115 - - [29/Dec/2015:07:32:15 -0800] "GET /lib/reccapi.php?fields=t&coords=38.8637774742146,-120.01777335210826 HTTP/1.1" 200 2139 "http://whereshouldiski.com/" "Mozilla/5.0 (Macintosh; Intel Mac OS X 10_10_4) AppleWebKit/600.7.12 (KHTML, like Gecko) Version/8.0.7 Safari/600.7.12"
127.0.0.1 - - [29/Dec/2015:07:32:23 -0800] "OPTIONS * HTTP/1.0" 200 126 "-" "Apache/2.2.22 (Ubuntu) (internal dummy connection)"
180.76.15.9 - - [29/Dec/2015:07:32:39 -0800] "GET / HTTP/1.1" 200 6995 "-" "Mozilla/5.0 (compatible; Baiduspider/2.0; +http://www.baidu.com/search/spider.html)"
180.76.15.157 - - [29/Dec/2015:07:33:34 -0800] "GET / HTTP/1.1" 200 6995 "-" "Mozilla/5.0 (compatible; Baiduspider/2.0; +http://www.baidu.com/search/spider.html)"
170.75.162.130 - - [29/Dec/2015:07:34:29 -0800] "GET /lib/reccapi.php?resort=whitefacemountain HTTP/1.1" 200 1044 "-" "node-superagent/1.4.0"
66.249.75.59 - - [29/Dec/2015:07:35:27 -0800] "GET / HTTP/1.1" 200 2615 "-" "Mozilla/5.0 (iPhone; CPU iPhone OS 8_3 like Mac OS X) AppleWebKit/600.1.4 (KHTML, like Gecko) Version/8.0 Mobile/12F70 Safari/600.1.4 (compatible; Googlebot/2.1; +http://www.google.com/bot.html)"
123.125.71.113 - - [29/Dec/2015:07:42:54 -0800] "-" 408 0 "-" "-"
216.52.242.14 - - [29/Dec/2015:07:47:04 -0800] "GET /images/viz-screenshot.png HTTP/1.1" 404 480 "-" "LinkedInBot/1.0 (compatible; Mozilla/5.0; Jakarta Commons-HttpClient/4.3 +http://www.linkedin.com)"
204.115.218.137 - - [29/Dec/2015:07:47:58 -0800] "GET /images/wsis-logo-sm.png HTTP/1.1" 200 6052 "http://www.thebackcountry.net/" "Mozilla/5.0 (Windows NT 6.1; WOW64) AppleWebKit/537.36 (KHTML, like Gecko) Chrome/46.0.2490.86 Safari/537.36"
71.92.169.86 - - [29/Dec/2015:07:53:08 -0800] "GET /images/wsis-logo-sm.png HTTP/1.0" 200 6108 "http://www.thebackcountry.net/" "Mozilla/5.0 (Windows NT 6.1; rv:43.0) Gecko/20100101 Firefox/43.0"
75.111.96.90 - - [29/Dec/2015:07:54:32 -0800] "GET /images/wsis-logo-sm.png HTTP/1.1" 200 6108 "http://www.thebackcountry.net/" "Mozilla/5.0 (Windows NT 6.1; WOW64; rv:43.0) Gecko/20100101 Firefox/43.0"
199.116.169.254 - - [29/Dec/2015:07:57:51 -0800] "GET / HTTP/1.1" 200 7032 "-" "Mozilla/5.0 (Windows NT 6.1; WOW64) AppleWebKit/537.36 (KHTML, like Gecko) Chrome/47.0.2526.80 Safari/537.36"
159.189.213.48 - - [29/Dec/2015:07:57:52 -0800] "GET / HTTP/1.1" 200 2615 "-" "Mozilla/5.0 (Windows NT 6.1; WOW64) AppleWebKit/537.36 (KHTML, like Gecko) Chrome/47.0.2526.80 Safari/537.36"
159.189.213.48 - - [29/Dec/2015:07:57:52 -0800] "GET / HTTP/1.1" 200 2615 "-" "Mozilla/5.0 (Windows NT 6.1; WOW64) AppleWebKit/537.36 (KHTML, like Gecko) Chrome/47.0.2526.80 Safari/537.36"
159.189.213.48 - - [29/Dec/2015:07:57:52 -0800] "GET /styles/ee08faa9.main.css HTTP/1.1" 200 19446 "http://whereshouldiski.com/" "Mozilla/5.0 (Windows NT 6.1; WOW64) AppleWebKit/537.36 (KHTML, like Gecko) Chrome/47.0.2526.80 Safari/537.36"
159.189.213.48 - - [29/Dec/2015:07:57:52 -0800] "GET /images/logo-square-white-sm.png HTTP/1.1" 200 1684 "http://whereshouldiski.com/" "Mozilla/5.0 (Windows NT 6.1; WOW64) AppleWebKit/537.36 (KHTML, like Gecko) Chrome/47.0.2526.80 Safari/537.36"
159.189.213.48 - - [29/Dec/2015:07:57:52 -0800] "GET /images/loading.gif HTTP/1.1" 200 13881 "http://whereshouldiski.com/" "Mozilla/5.0 (Windows NT 6.1; WOW64) AppleWebKit/537.36 (KHTML, like Gecko) Chrome/47.0.2526.80 Safari/537.36"
199.116.169.254 - - [29/Dec/2015:07:57:52 -0800] "GET /lib/reccapi.php?fields=t HTTP/1.1" 200 11932 "-" "Mozilla/5.0 (Windows NT 6.1; WOW64) AppleWebKit/537.36 (KHTML, like Gecko) Chrome/47.0.2526.80 Safari/537.36"
159.189.213.48 - - [29/Dec/2015:07:57:52 -0800] "GET /images/button.png HTTP/1.1" 200 599 "http://whereshouldiski.com/styles/ee08faa9.main.css" "Mozilla/5.0 (Windows NT 6.1; WOW64) AppleWebKit/537.36 (KHTML, like Gecko) Chrome/47.0.2526.80 Safari/537.36"
159.189.213.48 - - [29/Dec/2015:07:57:52 -0800] "GET /lib/reccapi.php?fields=t HTTP/1.1" 200 1952 "http://whereshouldiski.com/" "Mozilla/5.0 (Windows NT 6.1; WOW64) AppleWebKit/537.36 (KHTML, like Gecko) Chrome/47.0.2526.80 Safari/537.36"
159.189.213.48 - - [29/Dec/2015:07:57:53 -0800] "GET /images/greyHeader.png HTTP/1.1" 200 509 "http://whereshouldiski.com/styles/ee08faa9.main.css" "Mozilla/5.0 (Windows NT 6.1; WOW64) AppleWebKit/537.36 (KHTML, like Gecko) Chrome/47.0.2526.80 Safari/537.36"
159.189.213.48 - - [29/Dec/2015:07:57:53 -0800] "GET /images/snowflake5.png HTTP/1.1" 200 2857 "http://whereshouldiski.com/styles/ee08faa9.main.css" "Mozilla/5.0 (Windows NT 6.1; WOW64) AppleWebKit/537.36 (KHTML, like Gecko) Chrome/47.0.2526.80 Safari/537.36"
159.189.213.48 - - [29/Dec/2015:07:57:53 -0800] "GET /images/star5.png HTTP/1.1" 200 1783 "http://whereshouldiski.com/styles/ee08faa9.main.css" "Mozilla/5.0 (Windows NT 6.1; WOW64) AppleWebKit/537.36 (KHTML, like Gecko) Chrome/47.0.2526.80 Safari/537.36"
159.189.213.48 - - [29/Dec/2015:07:57:53 -0800] "GET /images/bluebird5.png HTTP/1.1" 200 2177 "http://whereshouldiski.com/styles/ee08faa9.main.css" "Mozilla/5.0 (Windows NT 6.1; WOW64) AppleWebKit/537.36 (KHTML, like Gecko) Chrome/47.0.2526.80 Safari/537.36"
159.189.213.48 - - [29/Dec/2015:07:57:53 -0800] "GET /images/mtns-icon.png HTTP/1.1" 200 1096 "http://whereshouldiski.com/styles/ee08faa9.main.css" "Mozilla/5.0 (Windows NT 6.1; WOW64) AppleWebKit/537.36 (KHTML, like Gecko) Chrome/47.0.2526.80 Safari/537.36"
159.189.213.48 - - [29/Dec/2015:07:57:53 -0800] "GET /images/shading-icon.png HTTP/1.1" 200 537 "http://whereshouldiski.com/styles/ee08faa9.main.css" "Mozilla/5.0 (Windows NT 6.1; WOW64) AppleWebKit/537.36 (KHTML, like Gecko) Chrome/47.0.2526.80 Safari/537.36"
159.189.213.48 - - [29/Dec/2015:07:57:53 -0800] "GET /favicon.ico HTTP/1.1" 200 4612 "http://whereshouldiski.com/" "Mozilla/5.0 (Windows NT 6.1; WOW64) AppleWebKit/537.36 (KHTML, like Gecko) Chrome/47.0.2526.80 Safari/537.36"
159.189.213.48 - - [29/Dec/2015:07:58:06 -0800] "GET /lib/reccapi.php?fields=t&coords=45.7053966,-121.5214623 HTTP/1.1" 200 2146 "http://whereshouldiski.com/" "Mozilla/5.0 (Windows NT 6.1; WOW64) AppleWebKit/537.36 (KHTML, like Gecko) Chrome/47.0.2526.80 Safari/537.36"
159.189.213.48 - - [29/Dec/2015:07:58:08 -0800] "GET /lib/reccapi.php?fields=t&coords=45.7053966,-121.5214623&region=PacificNW HTTP/1.1" 200 1615 "http://whereshouldiski.com/" "Mozilla/5.0 (Windows NT 6.1; WOW64) AppleWebKit/537.36 (KHTML, like Gecko) Chrome/47.0.2526.80 Safari/537.36"
159.189.213.48 - - [29/Dec/2015:07:58:08 -0800] "GET /images/greenHeader.png HTTP/1.1" 200 508 "http://whereshouldiski.com/styles/ee08faa9.main.css" "Mozilla/5.0 (Windows NT 6.1; WOW64) AppleWebKit/537.36 (KHTML, like Gecko) Chrome/47.0.2526.80 Safari/537.36"
207.192.251.173 - - [29/Dec/2015:08:00:09 -0800] "GET /images/wsis-logo-sm.png HTTP/1.1" 200 6108 "http://www.thebackcountry.net/" "Mozilla/5.0 (iPad; CPU OS 7_1_1 like Mac OS X) AppleWebKit/537.51.2 (KHTML, like Gecko) Version/7.0 Mobile/11D201 Safari/9537.53"
66.249.75.41 - - [29/Dec/2015:08:06:10 -0800] "GET /lib/reccapi.php?resort=canyons&date=2015-12-17 HTTP/1.1" 200 1040 "http://whereshouldiski.com/" "Mozilla/5.0 (compatible; Googlebot/2.1; +http://www.google.com/bot.html)"
66.249.75.41 - - [29/Dec/2015:08:06:11 -0800] "GET /lib/resortDataSearchD3.php?size=7&sortDate=T&resort=canyons&dateStart=2015-12-15 HTTP/1.1" 200 886 "http://whereshouldiski.com/" "Mozilla/5.0 (compatible; Googlebot/2.1; +http://www.google.com/bot.html)"
63.239.65.11 - - [29/Dec/2015:08:06:51 -0800] "GET / HTTP/1.1" 200 2615 "https://www.google.com" "Mozilla/5.0 (Windows NT 6.1; WOW64; rv:38.0) Gecko/20100101 Firefox/38.0"
63.239.65.11 - - [29/Dec/2015:08:06:51 -0800] "GET /styles/ee08faa9.main.css HTTP/1.1" 200 19446 "http://whereshouldiski.com/" "Mozilla/5.0 (Windows NT 6.1; WOW64; rv:38.0) Gecko/20100101 Firefox/38.0"
63.239.65.11 - - [29/Dec/2015:08:06:51 -0800] "GET /scripts/scripts/vendor/modernizr.js HTTP/1.1" 200 4903 "http://whereshouldiski.com/" "Mozilla/5.0 (Windows NT 6.1; WOW64; rv:38.0) Gecko/20100101 Firefox/38.0"
63.239.65.11 - - [29/Dec/2015:08:06:51 -0800] "GET /bower_components/requirejs/require.js HTTP/1.1" 200 6702 "http://whereshouldiski.com/" "Mozilla/5.0 (Windows NT 6.1; WOW64; rv:38.0) Gecko/20100101 Firefox/38.0"
63.239.65.11 - - [29/Dec/2015:08:06:52 -0800] "GET /images/loading.gif HTTP/1.1" 200 13881 "http://whereshouldiski.com/" "Mozilla/5.0 (Windows NT 6.1; WOW64; rv:38.0) Gecko/20100101 Firefox/38.0"
63.239.65.11 - - [29/Dec/2015:08:06:52 -0800] "GET /images/logo-square-white-sm.png HTTP/1.1" 200 1683 "http://whereshouldiski.com/" "Mozilla/5.0 (Windows NT 6.1; WOW64; rv:38.0) Gecko/20100101 Firefox/38.0"
63.239.65.11 - - [29/Dec/2015:08:06:52 -0800] "GET /scripts/fa48e319.main.js HTTP/1.1" 200 123455 "http://whereshouldiski.com/" "Mozilla/5.0 (Windows NT 6.1; WOW64; rv:38.0) Gecko/20100101 Firefox/38.0"
63.239.65.11 - - [29/Dec/2015:08:06:53 -0800] "GET /favicon.ico HTTP/1.1" 200 4612 "-" "Mozilla/5.0 (Windows NT 6.1; WOW64; rv:38.0) Gecko/20100101 Firefox/38.0"
63.239.65.11 - - [29/Dec/2015:08:06:53 -0800] "GET /images/greyHeader.png HTTP/1.1" 200 508 "http://whereshouldiski.com/styles/ee08faa9.main.css" "Mozilla/5.0 (Windows NT 6.1; WOW64; rv:38.0) Gecko/20100101 Firefox/38.0"
63.239.65.11 - - [29/Dec/2015:08:06:53 -0800] "GET /lib/reccapi.php?fields=t HTTP/1.1" 200 1952 "http://whereshouldiski.com/" "Mozilla/5.0 (Windows NT 6.1; WOW64; rv:38.0) Gecko/20100101 Firefox/38.0"
63.239.65.11 - - [29/Dec/2015:08:06:53 -0800] "GET /images/bluebird5.png HTTP/1.1" 200 2177 "http://whereshouldiski.com/styles/ee08faa9.main.css" "Mozilla/5.0 (Windows NT 6.1; WOW64; rv:38.0) Gecko/20100101 Firefox/38.0"
63.239.65.11 - - [29/Dec/2015:08:06:53 -0800] "GET /images/mtns-icon.png HTTP/1.1" 200 1096 "http://whereshouldiski.com/styles/ee08faa9.main.css" "Mozilla/5.0 (Windows NT 6.1; WOW64; rv:38.0) Gecko/20100101 Firefox/38.0"
63.239.65.11 - - [29/Dec/2015:08:06:53 -0800] "GET /images/star5.png HTTP/1.1" 200 1783 "http://whereshouldiski.com/styles/ee08faa9.main.css" "Mozilla/5.0 (Windows NT 6.1; WOW64; rv:38.0) Gecko/20100101 Firefox/38.0"
63.239.65.11 - - [29/Dec/2015:08:06:53 -0800] "GET /images/snowflake5.png HTTP/1.1" 200 2858 "http://whereshouldiski.com/styles/ee08faa9.main.css" "Mozilla/5.0 (Windows NT 6.1; WOW64; rv:38.0) Gecko/20100101 Firefox/38.0"
63.239.65.11 - - [29/Dec/2015:08:06:53 -0800] "GET /images/shading-icon.png HTTP/1.1" 200 537 "http://whereshouldiski.com/styles/ee08faa9.main.css" "Mozilla/5.0 (Windows NT 6.1; WOW64; rv:38.0) Gecko/20100101 Firefox/38.0"
63.239.65.11 - - [29/Dec/2015:08:06:59 -0800] "GET /lib/reccapi.php?fields=t&coords=39.1137602,-76.7267773 HTTP/1.1" 200 2016 "http://whereshouldiski.com/" "Mozilla/5.0 (Windows NT 6.1; WOW64; rv:38.0) Gecko/20100101 Firefox/38.0"
63.239.65.11 - - [29/Dec/2015:08:07:07 -0800] "GET /lib/reccapi.php?fields=t&coords=39.1137602,-76.7267773&date=2016-01-03 HTTP/1.1" 200 1859 "http://whereshouldiski.com/" "Mozilla/5.0 (Windows NT 6.1; WOW64; rv:38.0) Gecko/20100101 Firefox/38.0"
63.239.65.11 - - [29/Dec/2015:08:07:08 -0800] "GET /images/greenHeader.png HTTP/1.1" 200 508 "http://whereshouldiski.com/styles/ee08faa9.main.css" "Mozilla/5.0 (Windows NT 6.1; WOW64; rv:38.0) Gecko/20100101 Firefox/38.0"
63.239.65.11 - - [29/Dec/2015:08:07:13 -0800] "GET /lib/reccapi.php?fields=t&coords=39.1137602,-76.7267773&date=2016-01-03&distance=400 HTTP/1.1" 200 1027 "http://whereshouldiski.com/" "Mozilla/5.0 (Windows NT 6.1; WOW64; rv:38.0) Gecko/20100101 Firefox/38.0"
216.52.242.14 - - [29/Dec/2015:08:10:22 -0800] "GET /images/snowflake-hi.png HTTP/1.1" 200 10845 "-" "LinkedInBot/1.0 (compatible; Mozilla/5.0; Jakarta Commons-HttpClient/4.3 +http://www.linkedin.com)"
108.201.222.34 - - [29/Dec/2015:08:12:18 -0800] "GET /images/wsis-logo-sm.png HTTP/1.1" 200 6108 "http://www.thebackcountry.net/" "Mozilla/5.0 (iPad; CPU OS 7_1_2 like Mac OS X) AppleWebKit/537.51.2 (KHTML, like Gecko) Version/7.0 Mobile/11D257 Safari/9537.53"
75.142.252.132 - - [29/Dec/2015:08:12:58 -0800] "GET /images/wsis-logo-sm.png HTTP/1.1" 200 6108 "http://www.thebackcountry.net/" "Mozilla/5.0 (Windows NT 6.1; WOW64; Trident/7.0; rv:11.0) like Gecko"
75.142.252.132 - - [29/Dec/2015:08:13:19 -0800] "-" 408 0 "-" "-"
72.47.149.115 - - [29/Dec/2015:08:18:39 -0800] "GET /images/wsis-logo-sm.png HTTP/1.1" 200 6108 "http://www.thebackcountry.net/" "Mozilla/5.0 (iPhone; CPU iPhone OS 9_2 like Mac OS X) AppleWebKit/601.1.46 (KHTML, like Gecko) Version/9.0 Mobile/13C75 Safari/601.1"
72.47.22.99 - - [29/Dec/2015:08:21:54 -0800] "GET /images/wsis-logo-sm.png HTTP/1.1" 200 6108 "http://www.thebackcountry.net/" "Mozilla/5.0 (iPad; CPU OS 9_1 like Mac OS X) AppleWebKit/601.1.46 (KHTML, like Gecko) Version/9.0 Mobile/13B143 Safari/601.1"
170.75.162.130 - - [29/Dec/2015:08:30:06 -0800] "GET /lib/reccapi.php?resort=squawvalleyusa HTTP/1.1" 200 1005 "-" "node-superagent/1.4.0"
180.76.15.139 - - [29/Dec/2015:08:35:58 -0800] "GET / HTTP/1.1" 200 6995 "-" "Mozilla/5.0 (compatible; Baiduspider/2.0; +http://www.baidu.com/search/spider.html)"
180.76.15.29 - - [29/Dec/2015:08:36:59 -0800] "GET / HTTP/1.1" 200 6995 "-" "Mozilla/5.0 (compatible; Baiduspider/2.0; +http://www.baidu.com/search/spider.html)"
167.154.170.167 - - [29/Dec/2015:08:39:21 -0800] "GET /images/wsis-logo-sm.png HTTP/1.1" 200 6108 "http://www.thebackcountry.net/" "Mozilla/5.0 (Windows NT 6.3; Win64; x64) AppleWebKit/537.36 (KHTML, like Gecko) Chrome/47.0.2526.106 Safari/537.36"
170.75.162.130 - - [29/Dec/2015:08:46:38 -0800] "GET /lib/reccapi.php?resort=solitude HTTP/1.1" 200 1057 "-" "node-superagent/1.4.0"
157.55.39.66 - - [29/Dec/2015:08:53:14 -0800] "GET /robots.txt HTTP/1.1" 200 375 "-" "Mozilla/5.0 (compatible; bingbot/2.0; +http://www.bing.com/bingbot.htm)"
157.55.39.66 - - [29/Dec/2015:08:53:26 -0800] "GET /about HTTP/1.1" 404 506 "-" "Mozilla/5.0 (compatible; bingbot/2.0; +http://www.bing.com/bingbot.htm)"
180.76.15.20 - - [29/Dec/2015:09:02:58 -0800] "GET / HTTP/1.1" 304 173 "-" "Mozilla/5.0 (compatible; Baiduspider/2.0; +http://www.baidu.com/search/spider.html)"
173.69.136.213 - - [29/Dec/2015:09:03:44 -0800] "GET /images/wsis-logo-sm.png HTTP/1.1" 200 6108 "http://www.thebackcountry.net/" "Mozilla/5.0 (Macintosh; Intel Mac OS X 10_11_1) AppleWebKit/537.36 (KHTML, like Gecko) Chrome/47.0.2526.106 Safari/537.36"
75.111.97.187 - - [29/Dec/2015:09:08:19 -0800] "GET /images/wsis-logo-sm.png HTTP/1.1" 200 6108 "http://www.thebackcountry.net/" "Mozilla/5.0 (iPhone; CPU iPhone OS 9_1 like Mac OS X) AppleWebKit/601.1.46 (KHTML, like Gecko) Version/9.0 Mobile/13B143 Safari/601.1"
170.75.162.130 - - [29/Dec/2015:09:17:21 -0800] "GET /lib/reccapi.php?resort=sunpeaksresort HTTP/1.1" 200 919 "-" "node-superagent/1.4.0"
50.173.95.178 - - [29/Dec/2015:09:19:10 -0800] "GET /images/wsis-logo-sm.png HTTP/1.1" 304 187 "http://www.thebackcountry.net/" "Mozilla/5.0 (Macintosh; Intel Mac OS X 10_11_2) AppleWebKit/601.3.9 (KHTML, like Gecko) Version/9.0.2 Safari/601.3.9"
170.75.162.130 - - [29/Dec/2015:09:25:42 -0800] "GET /lib/reccapi.php?resort=brighton HTTP/1.1" 200 1042 "-" "node-superagent/1.4.0"
5.39.222.144 - - [29/Dec/2015:09:25:43 -0800] "GET / HTTP/1.1" 200 6976 "-" "Mozilla/5.0 (Windows NT 6.2; WOW64) AppleWebKit/537.36 (KHTML like Gecko) Chrome/28.0.1469.0 Safari/537.36"
170.75.162.130 - - [29/Dec/2015:09:28:13 -0800] "GET /lib/reccapi.php?resort=grandtarghee HTTP/1.1" 200 1074 "-" "node-superagent/1.4.0"
170.75.162.130 - - [29/Dec/2015:09:29:03 -0800] "GET /lib/reccapi.php?resort=killington HTTP/1.1" 200 1113 "-" "node-superagent/1.4.0"
180.76.15.157 - - [29/Dec/2015:09:31:49 -0800] "GET / HTTP/1.1" 200 6995 "-" "Mozilla/5.0 (compatible; Baiduspider/2.0; +http://www.baidu.com/search/spider.html)"
45.32.130.87 - - [29/Dec/2015:09:32:07 -0800] "GET / HTTP/1.1" 200 6976 "-" "Mozilla/5.0 (Windows NT 6.1; WOW64) AppleWebKit/537.36 (KHTML, like Gecko) Chrome/40.0.2214.115 Safari/537.36"
180.76.15.28 - - [29/Dec/2015:09:32:39 -0800] "GET / HTTP/1.1" 200 6995 "-" "Mozilla/5.0 (compatible; Baiduspider/2.0; +http://www.baidu.com/search/spider.html)"
109.179.199.66 - - [29/Dec/2015:09:37:21 -0800] "GET / HTTP/1.1" 200 2615 "http://www.earnyourturns.com/" "Mozilla/5.0 (Linux; Android 6.0.1; Nexus 6 Build/MMB29K) AppleWebKit/537.36 (KHTML, like Gecko) Chrome/47.0.2526.83 Mobile Safari/537.36"
109.179.199.66 - - [29/Dec/2015:09:37:21 -0800] "GET /styles/ee08faa9.main.css HTTP/1.1" 200 19446 "http://whereshouldiski.com/" "Mozilla/5.0 (Linux; Android 6.0.1; Nexus 6 Build/MMB29K) AppleWebKit/537.36 (KHTML, like Gecko) Chrome/47.0.2526.83 Mobile Safari/537.36"
109.179.199.66 - - [29/Dec/2015:09:37:21 -0800] "GET /scripts/scripts/vendor/modernizr.js HTTP/1.1" 200 4903 "http://whereshouldiski.com/" "Mozilla/5.0 (Linux; Android 6.0.1; Nexus 6 Build/MMB29K) AppleWebKit/537.36 (KHTML, like Gecko) Chrome/47.0.2526.83 Mobile Safari/537.36"
109.179.199.66 - - [29/Dec/2015:09:37:22 -0800] "GET /bower_components/requirejs/require.js HTTP/1.1" 200 6701 "http://whereshouldiski.com/" "Mozilla/5.0 (Linux; Android 6.0.1; Nexus 6 Build/MMB29K) AppleWebKit/537.36 (KHTML, like Gecko) Chrome/47.0.2526.83 Mobile Safari/537.36"
109.179.199.66 - - [29/Dec/2015:09:37:22 -0800] "GET /images/logo-square-white-sm.png HTTP/1.1" 200 1684 "http://whereshouldiski.com/" "Mozilla/5.0 (Linux; Android 6.0.1; Nexus 6 Build/MMB29K) AppleWebKit/537.36 (KHTML, like Gecko) Chrome/47.0.2526.83 Mobile Safari/537.36"
109.179.199.66 - - [29/Dec/2015:09:37:22 -0800] "GET /images/loading.gif HTTP/1.1" 200 13881 "http://whereshouldiski.com/" "Mozilla/5.0 (Linux; Android 6.0.1; Nexus 6 Build/MMB29K) AppleWebKit/537.36 (KHTML, like Gecko) Chrome/47.0.2526.83 Mobile Safari/537.36"
109.179.199.66 - - [29/Dec/2015:09:37:23 -0800] "GET /scripts/fa48e319.main.js HTTP/1.1" 200 123455 "http://whereshouldiski.com/" "Mozilla/5.0 (Linux; Android 6.0.1; Nexus 6 Build/MMB29K) AppleWebKit/537.36 (KHTML, like Gecko) Chrome/47.0.2526.83 Mobile Safari/537.36"
109.179.199.66 - - [29/Dec/2015:09:37:25 -0800] "GET /images/button.png HTTP/1.1" 200 598 "http://whereshouldiski.com/styles/ee08faa9.main.css" "Mozilla/5.0 (Linux; Android 6.0.1; Nexus 6 Build/MMB29K) AppleWebKit/537.36 (KHTML, like Gecko) Chrome/47.0.2526.83 Mobile Safari/537.36"
109.179.199.66 - - [29/Dec/2015:09:37:26 -0800] "GET /favicon.ico HTTP/1.1" 200 4612 "http://whereshouldiski.com/" "Mozilla/5.0 (Linux; Android 6.0.1; Nexus 6 Build/MMB29K) AppleWebKit/537.36 (KHTML, like Gecko) Chrome/47.0.2526.83 Mobile Safari/537.36"
109.179.199.66 - - [29/Dec/2015:09:37:25 -0800] "GET /lib/reccapi.php?fields=t HTTP/1.1" 200 1959 "http://whereshouldiski.com/" "Mozilla/5.0 (Linux; Android 6.0.1; Nexus 6 Build/MMB29K) AppleWebKit/537.36 (KHTML, like Gecko) Chrome/47.0.2526.83 Mobile Safari/537.36"
109.179.199.66 - - [29/Dec/2015:09:37:26 -0800] "GET /images/greyHeader.png HTTP/1.1" 200 508 "http://whereshouldiski.com/styles/ee08faa9.main.css" "Mozilla/5.0 (Linux; Android 6.0.1; Nexus 6 Build/MMB29K) AppleWebKit/537.36 (KHTML, like Gecko) Chrome/47.0.2526.83 Mobile Safari/537.36"
109.179.199.66 - - [29/Dec/2015:09:37:26 -0800] "GET /images/snowflake5.png HTTP/1.1" 200 2857 "http://whereshouldiski.com/styles/ee08faa9.main.css" "Mozilla/5.0 (Linux; Android 6.0.1; Nexus 6 Build/MMB29K) AppleWebKit/537.36 (KHTML, like Gecko) Chrome/47.0.2526.83 Mobile Safari/537.36"
109.179.199.66 - - [29/Dec/2015:09:37:26 -0800] "GET /images/star5.png HTTP/1.1" 200 1783 "http://whereshouldiski.com/styles/ee08faa9.main.css" "Mozilla/5.0 (Linux; Android 6.0.1; Nexus 6 Build/MMB29K) AppleWebKit/537.36 (KHTML, like Gecko) Chrome/47.0.2526.83 Mobile Safari/537.36"
109.179.199.66 - - [29/Dec/2015:09:37:26 -0800] "GET /images/bluebird5.png HTTP/1.1" 200 2178 "http://whereshouldiski.com/styles/ee08faa9.main.css" "Mozilla/5.0 (Linux; Android 6.0.1; Nexus 6 Build/MMB29K) AppleWebKit/537.36 (KHTML, like Gecko) Chrome/47.0.2526.83 Mobile Safari/537.36"
109.179.199.66 - - [29/Dec/2015:09:37:26 -0800] "GET /images/mtns-icon.png HTTP/1.1" 200 1096 "http://whereshouldiski.com/styles/ee08faa9.main.css" "Mozilla/5.0 (Linux; Android 6.0.1; Nexus 6 Build/MMB29K) AppleWebKit/537.36 (KHTML, like Gecko) Chrome/47.0.2526.83 Mobile Safari/537.36"
109.179.199.66 - - [29/Dec/2015:09:37:26 -0800] "GET /images/shading-icon.png HTTP/1.1" 200 537 "http://whereshouldiski.com/styles/ee08faa9.main.css" "Mozilla/5.0 (Linux; Android 6.0.1; Nexus 6 Build/MMB29K) AppleWebKit/537.36 (KHTML, like Gecko) Chrome/47.0.2526.83 Mobile Safari/537.36"
109.179.199.66 - - [29/Dec/2015:09:37:48 -0800] "-" 408 0 "-" "-"
127.0.0.1 - - [29/Dec/2015:09:37:50 -0800] "OPTIONS * HTTP/1.0" 200 126 "-" "Apache/2.2.22 (Ubuntu) (internal dummy connection)"
123.125.71.51 - - [29/Dec/2015:09:40:55 -0800] "GET / HTTP/1.1" 200 2578 "-" "Mozilla/5.0 (Windows NT 5.1; rv:6.0.2) Gecko/20100101 Firefox/6.0.2"
123.125.71.23 - - [29/Dec/2015:09:40:56 -0800] "GET / HTTP/1.1" 200 6995 "-" "Mozilla/5.0 (Windows NT 5.1; rv:6.0.2) Gecko/20100101 Firefox/6.0.2"
107.193.165.82 - - [29/Dec/2015:09:41:14 -0800] "GET /images/wsis-logo-sm.png HTTP/1.1" 304 187 "http://www.thebackcountry.net/" "Mozilla/5.0 (iPad; CPU OS 9_2 like Mac OS X) AppleWebKit/601.1.46 (KHTML, like Gecko) Version/9.0 Mobile/13C75 Safari/601.1"
