107.77.75.26 - - [28/Jun/2015:11:16:05 -0700] "GET /im/api.php?bib=1856&r=0.06824200903065503&raceId=2147483658&raceName=stgeorge70.3&startTime=07:42:00 HTTP/1.1" 200 1301 "http://ericfahsl.com/im/" "Mozilla/5.0 (iPhone; CPU iPhone OS 8_1_3 like Mac OS X) AppleWebKit/600.1.4 (KHTML, like Gecko) Mobile/12B466 [FBAN/FBIOS;FBAV/31.0.0.44.261;FBBV/10598108;FBDV/iPhone7,2;FBMD/iPhone;FBSN/iPhone OS;FBSV/8.1.3;FBSS/2; FBCR/AT&T;FBID/phone;FBLC/en_US;FBOP/5]"
72.47.22.100 - - [28/Jun/2015:11:16:16 -0700] "GET /images/wsis-logo-sm.png HTTP/1.1" 200 6108 "http://www.thebackcountry.net/" "Mozilla/5.0 (Macintosh; Intel Mac OS X 10_10_1) AppleWebKit/600.2.5 (KHTML, like Gecko) Version/8.0.2 Safari/600.2.5"
50.37.5.66 - - [28/Jun/2015:11:16:54 -0700] "GET /images/wsis-logo-sm.png HTTP/1.1" 200 6108 "http://www.thebackcountry.net/" "Mozilla/5.0 (Linux; Android 4.4.2; en-us; SAMSUNG-SM-G900A Build/KOT49H) AppleWebKit/537.36 (KHTML, like Gecko) Version/1.6 Chrome/28.0.1500.94 Mobile Safari/537.36"
97.93.14.252 - - [28/Jun/2015:11:18:23 -0700] "GET /images/wsis-logo-sm.png HTTP/1.1" 200 6108 "http://www.thebackcountry.net/" "Mozilla/5.0 (Windows NT 6.3; WOW64; Trident/7.0; Touch; rv:11.0) like Gecko"
97.93.14.252 - - [28/Jun/2015:11:18:44 -0700] "-" 408 0 "-" "-"
66.235.17.194 - - [28/Jun/2015:11:20:39 -0700] "GET /im/api.php?bib=1358&r=0.4524497708771378&raceId=2147483690&raceName=cda&startTime=05:45:00 HTTP/1.1" 200 1262 "http://ericfahsl.com/im/" "Mozilla/5.0 (Windows NT 6.1; WOW64) AppleWebKit/537.36 (KHTML, like Gecko) Chrome/43.0.2357.130 Safari/537.36"
66.235.17.194 - - [28/Jun/2015:11:20:39 -0700] "GET /im/api.php?bib=773&r=0.15584247861988842&raceId=2147483690&raceName=cda&startTime=05:45:00 HTTP/1.1" 200 1212 "http://ericfahsl.com/im/" "Mozilla/5.0 (Windows NT 6.1; WOW64) AppleWebKit/537.36 (KHTML, like Gecko) Chrome/43.0.2357.130 Safari/537.36"
66.235.17.194 - - [28/Jun/2015:11:20:39 -0700] "GET /im/api.php?bib=1780&r=0.03289129864424467&raceId=2147483690&raceName=cda&startTime=05:45:00 HTTP/1.1" 200 1253 "http://ericfahsl.com/im/" "Mozilla/5.0 (Windows NT 6.1; WOW64) AppleWebKit/537.36 (KHTML, like Gecko) Chrome/43.0.2357.130 Safari/537.36"
66.235.17.194 - - [28/Jun/2015:11:20:39 -0700] "GET /im/api.php?bib=2012&r=0.6842061597853899&raceId=2147483690&raceName=cda&startTime=05:45:00 HTTP/1.1" 200 1266 "http://ericfahsl.com/im/" "Mozilla/5.0 (Windows NT 6.1; WOW64) AppleWebKit/537.36 (KHTML, like Gecko) Chrome/43.0.2357.130 Safari/537.36"
66.235.17.194 - - [28/Jun/2015:11:20:39 -0700] "GET /im/api.php?bib=1786&r=0.9177879430353642&raceId=2147483690&raceName=cda&startTime=05:45:00 HTTP/1.1" 200 1262 "http://ericfahsl.com/im/" "Mozilla/5.0 (Windows NT 6.1; WOW64) AppleWebKit/537.36 (KHTML, like Gecko) Chrome/43.0.2357.130 Safari/537.36"
66.235.17.194 - - [28/Jun/2015:11:20:39 -0700] "GET /im/api.php?bib=1690&r=0.9941852183546871&raceId=2147483690&raceName=cda&startTime=05:45:00 HTTP/1.1" 200 1203 "http://ericfahsl.com/im/" "Mozilla/5.0 (Windows NT 6.1; WOW64) AppleWebKit/537.36 (KHTML, like Gecko) Chrome/43.0.2357.130 Safari/537.36"
66.235.17.194 - - [28/Jun/2015:11:20:40 -0700] "GET /im/api.php?bib=1995&r=0.6517745654564351&raceId=2147483690&raceName=cda&startTime=05:45:00 HTTP/1.1" 200 1254 "http://ericfahsl.com/im/" "Mozilla/5.0 (Windows NT 6.1; WOW64) AppleWebKit/537.36 (KHTML, like Gecko) Chrome/43.0.2357.130 Safari/537.36"
66.235.17.194 - - [28/Jun/2015:11:20:40 -0700] "GET /im/api.php?bib=2021&r=0.4278853046707809&raceId=2147483690&raceName=cda&startTime=05:45:00 HTTP/1.1" 200 1228 "http://ericfahsl.com/im/" "Mozilla/5.0 (Windows NT 6.1; WOW64) AppleWebKit/537.36 (KHTML, like Gecko) Chrome/43.0.2357.130 Safari/537.36"
127.0.0.1 - - [28/Jun/2015:11:20:48 -0700] "OPTIONS * HTTP/1.0" 200 126 "-" "Apache/2.2.22 (Ubuntu) (internal dummy connection)"
180.76.15.140 - - [28/Jun/2015:11:22:32 -0700] "GET /resorts?resort=pomerelle&date=2014-09-30 HTTP/1.1" 404 469 "-" "Mozilla/5.0 (compatible; Baiduspider/2.0; +http://www.baidu.com/search/spider.html)"
172.56.33.82 - - [28/Jun/2015:11:23:01 -0700] "GET /im/api.php?bib=773&r=0.07204858888871968&raceId=2147483690&raceName=cda&startTime=05:45:00 HTTP/1.1" 200 1212 "http://ericfahsl.com/im/" "Mozilla/5.0 (Linux; U; Android 4.3; en-us; SGH-T999 Build/JSS15J) AppleWebKit/534.30 (KHTML, like Gecko) Version/4.0 Mobile Safari/534.30"
172.56.33.82 - - [28/Jun/2015:11:23:01 -0700] "GET /im/api.php?bib=773&r=0.24412944493815303&raceId=2147483690&raceName=cda&startTime=05:45:00 HTTP/1.1" 200 1212 "http://ericfahsl.com/im/" "Mozilla/5.0 (Linux; U; Android 4.3; en-us; SGH-T999 Build/JSS15J) AppleWebKit/534.30 (KHTML, like Gecko) Version/4.0 Mobile Safari/534.30"
162.211.122.43 - - [28/Jun/2015:11:23:32 -0700] "GET / HTTP/1.1" 200 2339 "http://www.whereshouldiski.com" "Mozilla/5.0 (Windows NT 6.1; WOW64; rv:34.0) Gecko/20100101 Firefox/34.0"
166.216.157.51 - - [28/Jun/2015:11:24:01 -0700] "GET /im/api.php?bib=773&r=0.3209176028613001&raceId=2147483690&raceName=cda&startTime=05:45:00 HTTP/1.1" 200 1211 "http://ericfahsl.com/im/" "Mozilla/5.0 (iPhone; CPU iPhone OS 8_3 like Mac OS X) AppleWebKit/600.1.4 (KHTML, like Gecko) Version/8.0 Mobile/12F70 Safari/600.1.4"
166.216.157.51 - - [28/Jun/2015:11:24:01 -0700] "GET /im/api.php?bib=1780&r=0.9711078621912748&raceId=2147483690&raceName=cda&startTime=05:45:00 HTTP/1.1" 200 1253 "http://ericfahsl.com/im/" "Mozilla/5.0 (iPhone; CPU iPhone OS 8_3 like Mac OS X) AppleWebKit/600.1.4 (KHTML, like Gecko) Version/8.0 Mobile/12F70 Safari/600.1.4"
166.216.157.51 - - [28/Jun/2015:11:24:01 -0700] "GET /im/api.php?bib=1358&r=0.13419289607554674&raceId=2147483690&raceName=cda&startTime=05:45:00 HTTP/1.1" 200 1262 "http://ericfahsl.com/im/" "Mozilla/5.0 (iPhone; CPU iPhone OS 8_3 like Mac OS X) AppleWebKit/600.1.4 (KHTML, like Gecko) Version/8.0 Mobile/12F70 Safari/600.1.4"
166.216.157.51 - - [28/Jun/2015:11:24:01 -0700] "GET /im/api.php?bib=2012&r=0.7971685754600912&raceId=2147483690&raceName=cda&startTime=05:45:00 HTTP/1.1" 200 1265 "http://ericfahsl.com/im/" "Mozilla/5.0 (iPhone; CPU iPhone OS 8_3 like Mac OS X) AppleWebKit/600.1.4 (KHTML, like Gecko) Version/8.0 Mobile/12F70 Safari/600.1.4"
166.216.157.51 - - [28/Jun/2015:11:24:01 -0700] "GET /im/api.php?bib=1786&r=0.8110610947478563&raceId=2147483690&raceName=cda&startTime=05:45:00 HTTP/1.1" 200 1263 "http://ericfahsl.com/im/" "Mozilla/5.0 (iPhone; CPU iPhone OS 8_3 like Mac OS X) AppleWebKit/600.1.4 (KHTML, like Gecko) Version/8.0 Mobile/12F70 Safari/600.1.4"
166.216.157.51 - - [28/Jun/2015:11:24:01 -0700] "GET /im/api.php?bib=1690&r=0.1080982475541532&raceId=2147483690&raceName=cda&startTime=05:45:00 HTTP/1.1" 200 1203 "http://ericfahsl.com/im/" "Mozilla/5.0 (iPhone; CPU iPhone OS 8_3 like Mac OS X) AppleWebKit/600.1.4 (KHTML, like Gecko) Version/8.0 Mobile/12F70 Safari/600.1.4"
166.216.157.51 - - [28/Jun/2015:11:24:02 -0700] "GET /im/api.php?bib=1995&r=0.49425153038464487&raceId=2147483690&raceName=cda&startTime=05:45:00 HTTP/1.1" 200 1254 "http://ericfahsl.com/im/" "Mozilla/5.0 (iPhone; CPU iPhone OS 8_3 like Mac OS X) AppleWebKit/600.1.4 (KHTML, like Gecko) Version/8.0 Mobile/12F70 Safari/600.1.4"
166.216.157.51 - - [28/Jun/2015:11:24:03 -0700] "GET /im/api.php?bib=2021&r=0.7911666359286755&raceId=2147483690&raceName=cda&startTime=05:45:00 HTTP/1.1" 200 1228 "http://ericfahsl.com/im/" "Mozilla/5.0 (iPhone; CPU iPhone OS 8_3 like Mac OS X) AppleWebKit/600.1.4 (KHTML, like Gecko) Version/8.0 Mobile/12F70 Safari/600.1.4"
127.0.0.1 - - [28/Jun/2015:11:24:05 -0700] "OPTIONS * HTTP/1.0" 200 126 "-" "Apache/2.2.22 (Ubuntu) (internal dummy connection)"
180.76.15.28 - - [28/Jun/2015:11:25:12 -0700] "GET / HTTP/1.1" 200 6114 "-" "Mozilla/5.0 (compatible; Baiduspider/2.0; +http://www.baidu.com/search/spider.html)"
180.76.15.7 - - [28/Jun/2015:11:25:34 -0700] "GET / HTTP/1.1" 200 6114 "-" "Mozilla/5.0 (compatible; Baiduspider/2.0; +http://www.baidu.com/search/spider.html)"
170.75.162.130 - - [28/Jun/2015:11:26:35 -0700] "GET /lib/reccapi.php?resort=crystalmountain HTTP/1.1" 200 1028 "-" "node-superagent/0.18.2"
71.23.25.121 - - [28/Jun/2015:11:27:12 -0700] "GET /im/api.php?bib=1690&r=0.7545993821695447&raceId=2147483690&raceName=cda&startTime=05:45:00 HTTP/1.1" 200 1218 "http://ericfahsl.com/im/" "Mozilla/5.0 (Windows NT 6.1; WOW64) AppleWebKit/537.36 (KHTML, like Gecko) Chrome/43.0.2357.130 Safari/537.36"
71.23.25.121 - - [28/Jun/2015:11:27:12 -0700] "GET /im/api.php?bib=773&r=0.45678630215115845&raceId=2147483690&raceName=cda&startTime=05:45:00 HTTP/1.1" 200 1212 "http://ericfahsl.com/im/" "Mozilla/5.0 (Windows NT 6.1; WOW64) AppleWebKit/537.36 (KHTML, like Gecko) Chrome/43.0.2357.130 Safari/537.36"
71.23.25.121 - - [28/Jun/2015:11:27:12 -0700] "GET /im/api.php?bib=1780&r=0.8040694817900658&raceId=2147483690&raceName=cda&startTime=05:45:00 HTTP/1.1" 200 1253 "http://ericfahsl.com/im/" "Mozilla/5.0 (Windows NT 6.1; WOW64) AppleWebKit/537.36 (KHTML, like Gecko) Chrome/43.0.2357.130 Safari/537.36"
71.23.25.121 - - [28/Jun/2015:11:27:12 -0700] "GET /im/api.php?bib=2012&r=0.5438197867479175&raceId=2147483690&raceName=cda&startTime=05:45:00 HTTP/1.1" 200 1265 "http://ericfahsl.com/im/" "Mozilla/5.0 (Windows NT 6.1; WOW64) AppleWebKit/537.36 (KHTML, like Gecko) Chrome/43.0.2357.130 Safari/537.36"
71.23.25.121 - - [28/Jun/2015:11:27:12 -0700] "GET /im/api.php?bib=1786&r=0.3615383591968566&raceId=2147483690&raceName=cda&startTime=05:45:00 HTTP/1.1" 200 1262 "http://ericfahsl.com/im/" "Mozilla/5.0 (Windows NT 6.1; WOW64) AppleWebKit/537.36 (KHTML, like Gecko) Chrome/43.0.2357.130 Safari/537.36"
71.23.25.121 - - [28/Jun/2015:11:27:12 -0700] "GET /im/api.php?bib=1358&r=0.9574065927881747&raceId=2147483690&raceName=cda&startTime=05:45:00 HTTP/1.1" 200 1262 "http://ericfahsl.com/im/" "Mozilla/5.0 (Windows NT 6.1; WOW64) AppleWebKit/537.36 (KHTML, like Gecko) Chrome/43.0.2357.130 Safari/537.36"
71.23.25.121 - - [28/Jun/2015:11:27:12 -0700] "GET /im/api.php?bib=1995&r=0.025819208938628435&raceId=2147483690&raceName=cda&startTime=05:45:00 HTTP/1.1" 200 1254 "http://ericfahsl.com/im/" "Mozilla/5.0 (Windows NT 6.1; WOW64) AppleWebKit/537.36 (KHTML, like Gecko) Chrome/43.0.2357.130 Safari/537.36"
71.23.25.121 - - [28/Jun/2015:11:27:13 -0700] "GET /im/api.php?bib=2021&r=0.7596232404466718&raceId=2147483690&raceName=cda&startTime=05:45:00 HTTP/1.1" 200 1227 "http://ericfahsl.com/im/" "Mozilla/5.0 (Windows NT 6.1; WOW64) AppleWebKit/537.36 (KHTML, like Gecko) Chrome/43.0.2357.130 Safari/537.36"
127.0.0.1 - - [28/Jun/2015:11:27:19 -0700] "OPTIONS * HTTP/1.0" 200 126 "-" "Apache/2.2.22 (Ubuntu) (internal dummy connection)"
127.0.0.1 - - [28/Jun/2015:11:27:20 -0700] "OPTIONS * HTTP/1.0" 200 126 "-" "Apache/2.2.22 (Ubuntu) (internal dummy connection)"
127.0.0.1 - - [28/Jun/2015:11:27:29 -0700] "OPTIONS * HTTP/1.0" 200 126 "-" "Apache/2.2.22 (Ubuntu) (internal dummy connection)"
127.0.0.1 - - [28/Jun/2015:11:27:30 -0700] "OPTIONS * HTTP/1.0" 200 126 "-" "Apache/2.2.22 (Ubuntu) (internal dummy connection)"
127.0.0.1 - - [28/Jun/2015:11:27:31 -0700] "OPTIONS * HTTP/1.0" 200 126 "-" "Apache/2.2.22 (Ubuntu) (internal dummy connection)"
127.0.0.1 - - [28/Jun/2015:11:27:32 -0700] "OPTIONS * HTTP/1.0" 200 126 "-" "Apache/2.2.22 (Ubuntu) (internal dummy connection)"
127.0.0.1 - - [28/Jun/2015:11:27:33 -0700] "OPTIONS * HTTP/1.0" 200 126 "-" "Apache/2.2.22 (Ubuntu) (internal dummy connection)"
170.75.162.130 - - [28/Jun/2015:11:27:56 -0700] "GET /lib/reccapi.php?resort=devilshead HTTP/1.1" 200 1056 "-" "node-superagent/0.18.2"
170.75.162.130 - - [28/Jun/2015:11:28:05 -0700] "GET /lib/reccapi.php?resort=alta HTTP/1.1" 200 973 "-" "node-superagent/0.18.2"
170.75.162.130 - - [28/Jun/2015:11:28:06 -0700] "GET /lib/reccapi.php?resort=killington HTTP/1.1" 200 1056 "-" "node-superagent/0.18.2"
71.23.25.121 - - [28/Jun/2015:11:29:13 -0700] "GET /im/api.php?bib=1690&r=0.5765753968153149&raceId=2147483690&raceName=cda&startTime=05:45:00 HTTP/1.1" 200 1216 "http://ericfahsl.com/im/" "Mozilla/5.0 (Windows NT 6.1; WOW64) AppleWebKit/537.36 (KHTML, like Gecko) Chrome/43.0.2357.130 Safari/537.36"
71.23.25.121 - - [28/Jun/2015:11:29:13 -0700] "GET /im/api.php?bib=1786&r=0.05330893839709461&raceId=2147483690&raceName=cda&startTime=05:45:00 HTTP/1.1" 200 1262 "http://ericfahsl.com/im/" "Mozilla/5.0 (Windows NT 6.1; WOW64) AppleWebKit/537.36 (KHTML, like Gecko) Chrome/43.0.2357.130 Safari/537.36"
71.23.25.121 - - [28/Jun/2015:11:29:13 -0700] "GET /im/api.php?bib=1780&r=0.11885104444809258&raceId=2147483690&raceName=cda&startTime=05:45:00 HTTP/1.1" 200 1253 "http://ericfahsl.com/im/" "Mozilla/5.0 (Windows NT 6.1; WOW64) AppleWebKit/537.36 (KHTML, like Gecko) Chrome/43.0.2357.130 Safari/537.36"
71.23.25.121 - - [28/Jun/2015:11:29:13 -0700] "GET /im/api.php?bib=773&r=0.6362294636201113&raceId=2147483690&raceName=cda&startTime=05:45:00 HTTP/1.1" 200 1212 "http://ericfahsl.com/im/" "Mozilla/5.0 (Windows NT 6.1; WOW64) AppleWebKit/537.36 (KHTML, like Gecko) Chrome/43.0.2357.130 Safari/537.36"
71.23.25.121 - - [28/Jun/2015:11:29:13 -0700] "GET /im/api.php?bib=1358&r=0.2867325881961733&raceId=2147483690&raceName=cda&startTime=05:45:00 HTTP/1.1" 200 1263 "http://ericfahsl.com/im/" "Mozilla/5.0 (Windows NT 6.1; WOW64) AppleWebKit/537.36 (KHTML, like Gecko) Chrome/43.0.2357.130 Safari/537.36"
71.23.25.121 - - [28/Jun/2015:11:29:14 -0700] "GET /im/api.php?bib=1995&r=0.7076420660596341&raceId=2147483690&raceName=cda&startTime=05:45:00 HTTP/1.1" 200 1253 "http://ericfahsl.com/im/" "Mozilla/5.0 (Windows NT 6.1; WOW64) AppleWebKit/537.36 (KHTML, like Gecko) Chrome/43.0.2357.130 Safari/537.36"
71.23.25.121 - - [28/Jun/2015:11:29:14 -0700] "GET /im/api.php?bib=2021&r=0.8569573510903865&raceId=2147483690&raceName=cda&startTime=05:45:00 HTTP/1.1" 200 1228 "http://ericfahsl.com/im/" "Mozilla/5.0 (Windows NT 6.1; WOW64) AppleWebKit/537.36 (KHTML, like Gecko) Chrome/43.0.2357.130 Safari/537.36"
71.23.25.121 - - [28/Jun/2015:11:29:14 -0700] "GET /im/api.php?bib=2012&r=0.012778191361576319&raceId=2147483690&raceName=cda&startTime=05:45:00 HTTP/1.1" 200 1265 "http://ericfahsl.com/im/" "Mozilla/5.0 (Windows NT 6.1; WOW64) AppleWebKit/537.36 (KHTML, like Gecko) Chrome/43.0.2357.130 Safari/537.36"
127.0.0.1 - - [28/Jun/2015:11:29:22 -0700] "OPTIONS * HTTP/1.0" 200 126 "-" "Apache/2.2.22 (Ubuntu) (internal dummy connection)"
127.0.0.1 - - [28/Jun/2015:11:29:30 -0700] "OPTIONS * HTTP/1.0" 200 126 "-" "Apache/2.2.22 (Ubuntu) (internal dummy connection)"
127.0.0.1 - - [28/Jun/2015:11:29:31 -0700] "OPTIONS * HTTP/1.0" 200 126 "-" "Apache/2.2.22 (Ubuntu) (internal dummy connection)"
127.0.0.1 - - [28/Jun/2015:11:29:32 -0700] "OPTIONS * HTTP/1.0" 200 126 "-" "Apache/2.2.22 (Ubuntu) (internal dummy connection)"
127.0.0.1 - - [28/Jun/2015:11:29:33 -0700] "OPTIONS * HTTP/1.0" 200 126 "-" "Apache/2.2.22 (Ubuntu) (internal dummy connection)"
127.0.0.1 - - [28/Jun/2015:11:29:34 -0700] "OPTIONS * HTTP/1.0" 200 126 "-" "Apache/2.2.22 (Ubuntu) (internal dummy connection)"
127.0.0.1 - - [28/Jun/2015:11:29:35 -0700] "OPTIONS * HTTP/1.0" 200 126 "-" "Apache/2.2.22 (Ubuntu) (internal dummy connection)"
166.216.157.51 - - [28/Jun/2015:11:31:45 -0700] "GET /im/api.php?bib=773&r=0.06755908322520554&raceId=2147483690&raceName=cda&startTime=05:45:00 HTTP/1.1" 200 1212 "http://ericfahsl.com/im/" "Mozilla/5.0 (iPhone; CPU iPhone OS 8_3 like Mac OS X) AppleWebKit/600.1.4 (KHTML, like Gecko) Version/8.0 Mobile/12F70 Safari/600.1.4"
166.216.157.51 - - [28/Jun/2015:11:31:45 -0700] "GET /im/api.php?bib=1780&r=0.9986265082843602&raceId=2147483690&raceName=cda&startTime=05:45:00 HTTP/1.1" 200 1253 "http://ericfahsl.com/im/" "Mozilla/5.0 (iPhone; CPU iPhone OS 8_3 like Mac OS X) AppleWebKit/600.1.4 (KHTML, like Gecko) Version/8.0 Mobile/12F70 Safari/600.1.4"
166.216.157.51 - - [28/Jun/2015:11:31:45 -0700] "GET /im/api.php?bib=1690&r=0.18487073620781302&raceId=2147483690&raceName=cda&startTime=05:45:00 HTTP/1.1" 200 1217 "http://ericfahsl.com/im/" "Mozilla/5.0 (iPhone; CPU iPhone OS 8_3 like Mac OS X) AppleWebKit/600.1.4 (KHTML, like Gecko) Version/8.0 Mobile/12F70 Safari/600.1.4"
166.216.157.51 - - [28/Jun/2015:11:31:45 -0700] "GET /im/api.php?bib=1358&r=0.9021123624406755&raceId=2147483690&raceName=cda&startTime=05:45:00 HTTP/1.1" 200 1262 "http://ericfahsl.com/im/" "Mozilla/5.0 (iPhone; CPU iPhone OS 8_3 like Mac OS X) AppleWebKit/600.1.4 (KHTML, like Gecko) Version/8.0 Mobile/12F70 Safari/600.1.4"
166.216.157.51 - - [28/Jun/2015:11:31:45 -0700] "GET /im/api.php?bib=2012&r=0.7819708697497845&raceId=2147483690&raceName=cda&startTime=05:45:00 HTTP/1.1" 200 1264 "http://ericfahsl.com/im/" "Mozilla/5.0 (iPhone; CPU iPhone OS 8_3 like Mac OS X) AppleWebKit/600.1.4 (KHTML, like Gecko) Version/8.0 Mobile/12F70 Safari/600.1.4"
166.216.157.51 - - [28/Jun/2015:11:31:45 -0700] "GET /im/api.php?bib=1786&r=0.4320359001867473&raceId=2147483690&raceName=cda&startTime=05:45:00 HTTP/1.1" 200 1262 "http://ericfahsl.com/im/" "Mozilla/5.0 (iPhone; CPU iPhone OS 8_3 like Mac OS X) AppleWebKit/600.1.4 (KHTML, like Gecko) Version/8.0 Mobile/12F70 Safari/600.1.4"
166.216.157.51 - - [28/Jun/2015:11:31:46 -0700] "GET /im/api.php?bib=1995&r=0.3970915481913835&raceId=2147483690&raceName=cda&startTime=05:45:00 HTTP/1.1" 200 1254 "http://ericfahsl.com/im/" "Mozilla/5.0 (iPhone; CPU iPhone OS 8_3 like Mac OS X) AppleWebKit/600.1.4 (KHTML, like Gecko) Version/8.0 Mobile/12F70 Safari/600.1.4"
166.216.157.51 - - [28/Jun/2015:11:31:47 -0700] "GET /im/api.php?bib=2021&r=0.7500927487853914&raceId=2147483690&raceName=cda&startTime=05:45:00 HTTP/1.1" 200 1228 "http://ericfahsl.com/im/" "Mozilla/5.0 (iPhone; CPU iPhone OS 8_3 like Mac OS X) AppleWebKit/600.1.4 (KHTML, like Gecko) Version/8.0 Mobile/12F70 Safari/600.1.4"
127.0.0.1 - - [28/Jun/2015:11:31:50 -0700] "OPTIONS * HTTP/1.0" 200 126 "-" "Apache/2.2.22 (Ubuntu) (internal dummy connection)"
181.74.146.68 - - [28/Jun/2015:11:32:55 -0700] "GET /images/wsis-logo-sm.png HTTP/1.1" 200 6108 "http://thebackcountry.net/" "Mozilla/5.0 (Windows NT 6.1; WOW64) AppleWebKit/537.36 (KHTML, like Gecko) Chrome/36.0.1985.143 Safari/537.36"
71.14.161.50 - - [28/Jun/2015:11:33:13 -0700] "GET /im/api.php?bib=1995&r=0.7146347211673856&raceId=2147483690&raceName=cda&startTime=05:45:00 HTTP/1.1" 200 1255 "http://ericfahsl.com/im/" "Mozilla/5.0 (Macintosh; Intel Mac OS X 10_6_8) AppleWebKit/537.36 (KHTML, like Gecko) Chrome/43.0.2357.124 Safari/537.36"
172.56.33.82 - - [28/Jun/2015:11:34:14 -0700] "GET /im/api.php?bib=1690&r=0.5309059314895421&raceId=2147483690&raceName=cda&startTime=05:45:00 HTTP/1.1" 200 1216 "http://ericfahsl.com/im/" "Mozilla/5.0 (Linux; U; Android 4.3; en-us; SGH-T999 Build/JSS15J) AppleWebKit/534.30 (KHTML, like Gecko) Version/4.0 Mobile Safari/534.30"
172.56.33.82 - - [28/Jun/2015:11:34:14 -0700] "GET /im/api.php?bib=1995&r=0.857444433728233&raceId=2147483690&raceName=cda&startTime=05:45:00 HTTP/1.1" 200 1255 "http://ericfahsl.com/im/" "Mozilla/5.0 (Linux; U; Android 4.3; en-us; SGH-T999 Build/JSS15J) AppleWebKit/534.30 (KHTML, like Gecko) Version/4.0 Mobile Safari/534.30"
172.56.33.82 - - [28/Jun/2015:11:34:14 -0700] "GET /im/api.php?bib=2012&r=0.05551304016262293&raceId=2147483690&raceName=cda&startTime=05:45:00 HTTP/1.1" 200 1265 "http://ericfahsl.com/im/" "Mozilla/5.0 (Linux; U; Android 4.3; en-us; SGH-T999 Build/JSS15J) AppleWebKit/534.30 (KHTML, like Gecko) Version/4.0 Mobile Safari/534.30"
172.56.33.82 - - [28/Jun/2015:11:34:14 -0700] "GET /im/api.php?bib=1786&r=0.48497892124578357&raceId=2147483690&raceName=cda&startTime=05:45:00 HTTP/1.1" 200 1263 "http://ericfahsl.com/im/" "Mozilla/5.0 (Linux; U; Android 4.3; en-us; SGH-T999 Build/JSS15J) AppleWebKit/534.30 (KHTML, like Gecko) Version/4.0 Mobile Safari/534.30"
172.56.33.82 - - [28/Jun/2015:11:34:14 -0700] "GET /im/api.php?bib=1358&r=0.9387412930373102&raceId=2147483690&raceName=cda&startTime=05:45:00 HTTP/1.1" 200 1262 "http://ericfahsl.com/im/" "Mozilla/5.0 (Linux; U; Android 4.3; en-us; SGH-T999 Build/JSS15J) AppleWebKit/534.30 (KHTML, like Gecko) Version/4.0 Mobile Safari/534.30"
172.56.33.82 - - [28/Jun/2015:11:34:14 -0700] "GET /im/api.php?bib=2021&r=0.6937576520722359&raceId=2147483690&raceName=cda&startTime=05:45:00 HTTP/1.1" 200 1243 "http://ericfahsl.com/im/" "Mozilla/5.0 (Linux; U; Android 4.3; en-us; SGH-T999 Build/JSS15J) AppleWebKit/534.30 (KHTML, like Gecko) Version/4.0 Mobile Safari/534.30"
172.56.33.82 - - [28/Jun/2015:11:34:14 -0700] "GET /im/api.php?bib=773&r=0.6968921080697328&raceId=2147483690&raceName=cda&startTime=05:45:00 HTTP/1.1" 200 1212 "http://ericfahsl.com/im/" "Mozilla/5.0 (Linux; U; Android 4.3; en-us; SGH-T999 Build/JSS15J) AppleWebKit/534.30 (KHTML, like Gecko) Version/4.0 Mobile Safari/534.30"
172.56.33.82 - - [28/Jun/2015:11:34:14 -0700] "GET /im/api.php?bib=1780&r=0.7666420191526413&raceId=2147483690&raceName=cda&startTime=05:45:00 HTTP/1.1" 200 1253 "http://ericfahsl.com/im/" "Mozilla/5.0 (Linux; U; Android 4.3; en-us; SGH-T999 Build/JSS15J) AppleWebKit/534.30 (KHTML, like Gecko) Version/4.0 Mobile Safari/534.30"
127.0.0.1 - - [28/Jun/2015:11:34:19 -0700] "OPTIONS * HTTP/1.0" 200 126 "-" "Apache/2.2.22 (Ubuntu) (internal dummy connection)"
127.0.0.1 - - [28/Jun/2015:11:34:20 -0700] "OPTIONS * HTTP/1.0" 200 126 "-" "Apache/2.2.22 (Ubuntu) (internal dummy connection)"
127.0.0.1 - - [28/Jun/2015:11:34:21 -0700] "OPTIONS * HTTP/1.0" 200 126 "-" "Apache/2.2.22 (Ubuntu) (internal dummy connection)"
70.199.166.15 - - [28/Jun/2015:11:35:11 -0700] "GET /im/api.php?bib=1690&r=0.6674770819954574&raceId=2147483690&raceName=cda&startTime=05:45:00 HTTP/1.1" 200 1217 "http://ericfahsl.com/im/" "Mozilla/5.0 (iPhone; CPU iPhone OS 8_3 like Mac OS X) AppleWebKit/600.1.4 (KHTML, like Gecko) Version/8.0 Mobile/12F70 Safari/600.1.4"
70.199.166.15 - - [28/Jun/2015:11:35:11 -0700] "GET /im/api.php?bib=1786&r=0.14852124406024814&raceId=2147483690&raceName=cda&startTime=05:45:00 HTTP/1.1" 200 1262 "http://ericfahsl.com/im/" "Mozilla/5.0 (iPhone; CPU iPhone OS 8_3 like Mac OS X) AppleWebKit/600.1.4 (KHTML, like Gecko) Version/8.0 Mobile/12F70 Safari/600.1.4"
70.199.166.15 - - [28/Jun/2015:11:35:11 -0700] "GET /im/api.php?bib=773&r=0.8160466097760946&raceId=2147483690&raceName=cda&startTime=05:45:00 HTTP/1.1" 200 1237 "http://ericfahsl.com/im/" "Mozilla/5.0 (iPhone; CPU iPhone OS 8_3 like Mac OS X) AppleWebKit/600.1.4 (KHTML, like Gecko) Version/8.0 Mobile/12F70 Safari/600.1.4"
70.199.166.15 - - [28/Jun/2015:11:35:11 -0700] "GET /im/api.php?bib=1358&r=0.9030656074173748&raceId=2147483690&raceName=cda&startTime=05:45:00 HTTP/1.1" 200 1261 "http://ericfahsl.com/im/" "Mozilla/5.0 (iPhone; CPU iPhone OS 8_3 like Mac OS X) AppleWebKit/600.1.4 (KHTML, like Gecko) Version/8.0 Mobile/12F70 Safari/600.1.4"
70.199.166.15 - - [28/Jun/2015:11:35:11 -0700] "GET /im/api.php?bib=1780&r=0.28466811846010387&raceId=2147483690&raceName=cda&startTime=05:45:00 HTTP/1.1" 200 1253 "http://ericfahsl.com/im/" "Mozilla/5.0 (iPhone; CPU iPhone OS 8_3 like Mac OS X) AppleWebKit/600.1.4 (KHTML, like Gecko) Version/8.0 Mobile/12F70 Safari/600.1.4"
70.199.166.15 - - [28/Jun/2015:11:35:11 -0700] "GET /im/api.php?bib=2012&r=0.7754797416273504&raceId=2147483690&raceName=cda&startTime=05:45:00 HTTP/1.1" 200 1265 "http://ericfahsl.com/im/" "Mozilla/5.0 (iPhone; CPU iPhone OS 8_3 like Mac OS X) AppleWebKit/600.1.4 (KHTML, like Gecko) Version/8.0 Mobile/12F70 Safari/600.1.4"
70.199.166.15 - - [28/Jun/2015:11:35:12 -0700] "GET /im/api.php?bib=1995&r=0.27343357680365443&raceId=2147483690&raceName=cda&startTime=05:45:00 HTTP/1.1" 200 1254 "http://ericfahsl.com/im/" "Mozilla/5.0 (iPhone; CPU iPhone OS 8_3 like Mac OS X) AppleWebKit/600.1.4 (KHTML, like Gecko) Version/8.0 Mobile/12F70 Safari/600.1.4"
70.199.166.15 - - [28/Jun/2015:11:35:13 -0700] "GET /im/api.php?bib=2021&r=0.9820992453023791&raceId=2147483690&raceName=cda&startTime=05:45:00 HTTP/1.1" 200 1242 "http://ericfahsl.com/im/" "Mozilla/5.0 (iPhone; CPU iPhone OS 8_3 like Mac OS X) AppleWebKit/600.1.4 (KHTML, like Gecko) Version/8.0 Mobile/12F70 Safari/600.1.4"
127.0.0.1 - - [28/Jun/2015:11:35:16 -0700] "OPTIONS * HTTP/1.0" 200 126 "-" "Apache/2.2.22 (Ubuntu) (internal dummy connection)"
166.216.157.51 - - [28/Jun/2015:11:35:16 -0700] "GET /im/api.php?bib=1690&r=0.3217814762610942&raceId=2147483690&raceName=cda&startTime=05:45:00 HTTP/1.1" 200 1217 "http://ericfahsl.com/im/" "Mozilla/5.0 (iPhone; CPU iPhone OS 8_3 like Mac OS X) AppleWebKit/600.1.4 (KHTML, like Gecko) Version/8.0 Mobile/12F70 Safari/600.1.4"
166.216.157.51 - - [28/Jun/2015:11:35:16 -0700] "GET /im/api.php?bib=1786&r=0.1280132196843624&raceId=2147483690&raceName=cda&startTime=05:45:00 HTTP/1.1" 200 1262 "http://ericfahsl.com/im/" "Mozilla/5.0 (iPhone; CPU iPhone OS 8_3 like Mac OS X) AppleWebKit/600.1.4 (KHTML, like Gecko) Version/8.0 Mobile/12F70 Safari/600.1.4"
166.216.157.51 - - [28/Jun/2015:11:35:16 -0700] "GET /im/api.php?bib=2012&r=0.006553659215569496&raceId=2147483690&raceName=cda&startTime=05:45:00 HTTP/1.1" 200 1265 "http://ericfahsl.com/im/" "Mozilla/5.0 (iPhone; CPU iPhone OS 8_3 like Mac OS X) AppleWebKit/600.1.4 (KHTML, like Gecko) Version/8.0 Mobile/12F70 Safari/600.1.4"
166.216.157.51 - - [28/Jun/2015:11:35:16 -0700] "GET /im/api.php?bib=1358&r=0.03935058228671551&raceId=2147483690&raceName=cda&startTime=05:45:00 HTTP/1.1" 200 1261 "http://ericfahsl.com/im/" "Mozilla/5.0 (iPhone; CPU iPhone OS 8_3 like Mac OS X) AppleWebKit/600.1.4 (KHTML, like Gecko) Version/8.0 Mobile/12F70 Safari/600.1.4"
166.216.157.51 - - [28/Jun/2015:11:35:16 -0700] "GET /im/api.php?bib=773&r=0.5494346327614039&raceId=2147483690&raceName=cda&startTime=05:45:00 HTTP/1.1" 200 1238 "http://ericfahsl.com/im/" "Mozilla/5.0 (iPhone; CPU iPhone OS 8_3 like Mac OS X) AppleWebKit/600.1.4 (KHTML, like Gecko) Version/8.0 Mobile/12F70 Safari/600.1.4"
166.216.157.51 - - [28/Jun/2015:11:35:16 -0700] "GET /im/api.php?bib=1780&r=0.5761371434200555&raceId=2147483690&raceName=cda&startTime=05:45:00 HTTP/1.1" 200 1254 "http://ericfahsl.com/im/" "Mozilla/5.0 (iPhone; CPU iPhone OS 8_3 like Mac OS X) AppleWebKit/600.1.4 (KHTML, like Gecko) Version/8.0 Mobile/12F70 Safari/600.1.4"
166.216.157.51 - - [28/Jun/2015:11:35:17 -0700] "GET /im/api.php?bib=1995&r=0.4578520555514842&raceId=2147483690&raceName=cda&startTime=05:45:00 HTTP/1.1" 200 1254 "http://ericfahsl.com/im/" "Mozilla/5.0 (iPhone; CPU iPhone OS 8_3 like Mac OS X) AppleWebKit/600.1.4 (KHTML, like Gecko) Version/8.0 Mobile/12F70 Safari/600.1.4"
166.216.157.51 - - [28/Jun/2015:11:35:18 -0700] "GET /im/api.php?bib=2021&r=0.8282623768318444&raceId=2147483690&raceName=cda&startTime=05:45:00 HTTP/1.1" 200 1242 "http://ericfahsl.com/im/" "Mozilla/5.0 (iPhone; CPU iPhone OS 8_3 like Mac OS X) AppleWebKit/600.1.4 (KHTML, like Gecko) Version/8.0 Mobile/12F70 Safari/600.1.4"
127.0.0.1 - - [28/Jun/2015:11:35:21 -0700] "OPTIONS * HTTP/1.0" 200 126 "-" "Apache/2.2.22 (Ubuntu) (internal dummy connection)"
172.56.33.82 - - [28/Jun/2015:11:35:37 -0700] "GET /im/api.php?bib=773&r=0.06655753497034311&raceId=2147483690&raceName=cda&startTime=05:45:00 HTTP/1.1" 200 1238 "http://ericfahsl.com/im/" "Mozilla/5.0 (Linux; U; Android 4.3; en-us; SGH-T999 Build/JSS15J) AppleWebKit/534.30 (KHTML, like Gecko) Version/4.0 Mobile Safari/534.30"
174.62.123.44 - - [28/Jun/2015:11:36:29 -0700] "GET /images/wsis-logo-sm.png HTTP/1.1" 200 6108 "http://www.thebackcountry.net/" "Mozilla/5.0 (iPad; CPU OS 8_3 like Mac OS X) AppleWebKit/600.1.4 (KHTML, like Gecko) Version/8.0 Mobile/12F69 Safari/600.1.4"
166.216.157.51 - - [28/Jun/2015:11:44:04 -0700] "GET /im/api.php?bib=1690&r=0.28798803873360157&raceId=2147483690&raceName=cda&startTime=05:45:00 HTTP/1.1" 200 1216 "http://ericfahsl.com/im/" "Mozilla/5.0 (iPhone; CPU iPhone OS 8_3 like Mac OS X) AppleWebKit/600.1.4 (KHTML, like Gecko) Version/8.0 Mobile/12F70 Safari/600.1.4"
166.216.157.51 - - [28/Jun/2015:11:44:05 -0700] "GET /im/api.php?bib=1786&r=0.7148930982220918&raceId=2147483690&raceName=cda&startTime=05:45:00 HTTP/1.1" 200 1262 "http://ericfahsl.com/im/" "Mozilla/5.0 (iPhone; CPU iPhone OS 8_3 like Mac OS X) AppleWebKit/600.1.4 (KHTML, like Gecko) Version/8.0 Mobile/12F70 Safari/600.1.4"
166.216.157.51 - - [28/Jun/2015:11:44:05 -0700] "GET /im/api.php?bib=773&r=0.7920593810267746&raceId=2147483690&raceName=cda&startTime=05:45:00 HTTP/1.1" 200 1238 "http://ericfahsl.com/im/" "Mozilla/5.0 (iPhone; CPU iPhone OS 8_3 like Mac OS X) AppleWebKit/600.1.4 (KHTML, like Gecko) Version/8.0 Mobile/12F70 Safari/600.1.4"
166.216.157.51 - - [28/Jun/2015:11:44:05 -0700] "GET /im/api.php?bib=1780&r=0.4036149790044874&raceId=2147483690&raceName=cda&startTime=05:45:00 HTTP/1.1" 200 1253 "http://ericfahsl.com/im/" "Mozilla/5.0 (iPhone; CPU iPhone OS 8_3 like Mac OS X) AppleWebKit/600.1.4 (KHTML, like Gecko) Version/8.0 Mobile/12F70 Safari/600.1.4"
166.216.157.51 - - [28/Jun/2015:11:44:05 -0700] "GET /im/api.php?bib=2012&r=0.3526119911111891&raceId=2147483690&raceName=cda&startTime=05:45:00 HTTP/1.1" 200 1265 "http://ericfahsl.com/im/" "Mozilla/5.0 (iPhone; CPU iPhone OS 8_3 like Mac OS X) AppleWebKit/600.1.4 (KHTML, like Gecko) Version/8.0 Mobile/12F70 Safari/600.1.4"
166.216.157.51 - - [28/Jun/2015:11:44:05 -0700] "GET /im/api.php?bib=1358&r=0.2505828340072185&raceId=2147483690&raceName=cda&startTime=05:45:00 HTTP/1.1" 200 1261 "http://ericfahsl.com/im/" "Mozilla/5.0 (iPhone; CPU iPhone OS 8_3 like Mac OS X) AppleWebKit/600.1.4 (KHTML, like Gecko) Version/8.0 Mobile/12F70 Safari/600.1.4"
166.216.157.51 - - [28/Jun/2015:11:44:05 -0700] "GET /im/api.php?bib=1995&r=0.918324145488441&raceId=2147483690&raceName=cda&startTime=05:45:00 HTTP/1.1" 200 1254 "http://ericfahsl.com/im/" "Mozilla/5.0 (iPhone; CPU iPhone OS 8_3 like Mac OS X) AppleWebKit/600.1.4 (KHTML, like Gecko) Version/8.0 Mobile/12F70 Safari/600.1.4"
166.216.157.51 - - [28/Jun/2015:11:44:06 -0700] "GET /im/api.php?bib=2021&r=0.9312477132771164&raceId=2147483690&raceName=cda&startTime=05:45:00 HTTP/1.1" 200 1242 "http://ericfahsl.com/im/" "Mozilla/5.0 (iPhone; CPU iPhone OS 8_3 like Mac OS X) AppleWebKit/600.1.4 (KHTML, like Gecko) Version/8.0 Mobile/12F70 Safari/600.1.4"
127.0.0.1 - - [28/Jun/2015:11:44:09 -0700] "OPTIONS * HTTP/1.0" 200 126 "-" "Apache/2.2.22 (Ubuntu) (internal dummy connection)"
12.183.161.50 - - [28/Jun/2015:11:46:43 -0700] "GET /images/wsis-logo-sm.png HTTP/1.1" 200 6108 "http://thebackcountry.net/" "Mozilla/5.0 (Windows NT 6.1; WOW64) AppleWebKit/537.36 (KHTML, like Gecko) Chrome/43.0.2357.130 Safari/537.36"
70.199.166.15 - - [28/Jun/2015:11:50:23 -0700] "GET /im/api.php?bib=1786&r=0.49098616861738265&raceId=2147483690&raceName=cda&startTime=05:45:00 HTTP/1.1" 200 1263 "http://ericfahsl.com/im/" "Mozilla/5.0 (iPhone; CPU iPhone OS 8_3 like Mac OS X) AppleWebKit/600.1.4 (KHTML, like Gecko) Version/8.0 Mobile/12F70 Safari/600.1.4"
70.199.166.15 - - [28/Jun/2015:11:50:23 -0700] "GET /im/api.php?bib=2012&r=0.7347576040774584&raceId=2147483690&raceName=cda&startTime=05:45:00 HTTP/1.1" 200 1265 "http://ericfahsl.com/im/" "Mozilla/5.0 (iPhone; CPU iPhone OS 8_3 like Mac OS X) AppleWebKit/600.1.4 (KHTML, like Gecko) Version/8.0 Mobile/12F70 Safari/600.1.4"
70.199.166.15 - - [28/Jun/2015:11:50:23 -0700] "GET /im/api.php?bib=1358&r=0.2743132393807173&raceId=2147483690&raceName=cda&startTime=05:45:00 HTTP/1.1" 200 1262 "http://ericfahsl.com/im/" "Mozilla/5.0 (iPhone; CPU iPhone OS 8_3 like Mac OS X) AppleWebKit/600.1.4 (KHTML, like Gecko) Version/8.0 Mobile/12F70 Safari/600.1.4"
70.199.166.15 - - [28/Jun/2015:11:50:23 -0700] "GET /im/api.php?bib=1690&r=0.07746003638021648&raceId=2147483690&raceName=cda&startTime=05:45:00 HTTP/1.1" 200 1217 "http://ericfahsl.com/im/" "Mozilla/5.0 (iPhone; CPU iPhone OS 8_3 like Mac OS X) AppleWebKit/600.1.4 (KHTML, like Gecko) Version/8.0 Mobile/12F70 Safari/600.1.4"
70.199.166.15 - - [28/Jun/2015:11:50:23 -0700] "GET /im/api.php?bib=773&r=0.7197103463113308&raceId=2147483690&raceName=cda&startTime=05:45:00 HTTP/1.1" 200 1238 "http://ericfahsl.com/im/" "Mozilla/5.0 (iPhone; CPU iPhone OS 8_3 like Mac OS X) AppleWebKit/600.1.4 (KHTML, like Gecko) Version/8.0 Mobile/12F70 Safari/600.1.4"
70.199.166.15 - - [28/Jun/2015:11:50:23 -0700] "GET /im/api.php?bib=1780&r=0.9557421379722655&raceId=2147483690&raceName=cda&startTime=05:45:00 HTTP/1.1" 200 1253 "http://ericfahsl.com/im/" "Mozilla/5.0 (iPhone; CPU iPhone OS 8_3 like Mac OS X) AppleWebKit/600.1.4 (KHTML, like Gecko) Version/8.0 Mobile/12F70 Safari/600.1.4"
70.199.166.15 - - [28/Jun/2015:11:50:24 -0700] "GET /im/api.php?bib=1995&r=0.8667346872389317&raceId=2147483690&raceName=cda&startTime=05:45:00 HTTP/1.1" 200 1279 "http://ericfahsl.com/im/" "Mozilla/5.0 (iPhone; CPU iPhone OS 8_3 like Mac OS X) AppleWebKit/600.1.4 (KHTML, like Gecko) Version/8.0 Mobile/12F70 Safari/600.1.4"
70.199.166.15 - - [28/Jun/2015:11:50:24 -0700] "GET /im/api.php?bib=2021&r=0.6654852500651032&raceId=2147483690&raceName=cda&startTime=05:45:00 HTTP/1.1" 200 1244 "http://ericfahsl.com/im/" "Mozilla/5.0 (iPhone; CPU iPhone OS 8_3 like Mac OS X) AppleWebKit/600.1.4 (KHTML, like Gecko) Version/8.0 Mobile/12F70 Safari/600.1.4"
127.0.0.1 - - [28/Jun/2015:11:50:27 -0700] "OPTIONS * HTTP/1.0" 200 126 "-" "Apache/2.2.22 (Ubuntu) (internal dummy connection)"
170.75.162.130 - - [28/Jun/2015:11:51:48 -0700] "GET /lib/reccapi.php?resort=grandtarghee HTTP/1.1" 200 992 "-" "node-superagent/0.18.2"
166.216.157.51 - - [28/Jun/2015:11:52:48 -0700] "GET /im/api.php?bib=773&r=0.6452395850792527&raceId=2147483690&raceName=cda&startTime=05:45:00 HTTP/1.1" 200 1237 "http://ericfahsl.com/im/" "Mozilla/5.0 (iPhone; CPU iPhone OS 8_3 like Mac OS X) AppleWebKit/600.1.4 (KHTML, like Gecko) Version/8.0 Mobile/12F70 Safari/600.1.4"
166.216.157.51 - - [28/Jun/2015:11:52:48 -0700] "GET /im/api.php?bib=1690&r=0.16447416902519763&raceId=2147483690&raceName=cda&startTime=05:45:00 HTTP/1.1" 200 1217 "http://ericfahsl.com/im/" "Mozilla/5.0 (iPhone; CPU iPhone OS 8_3 like Mac OS X) AppleWebKit/600.1.4 (KHTML, like Gecko) Version/8.0 Mobile/12F70 Safari/600.1.4"
166.216.157.51 - - [28/Jun/2015:11:52:48 -0700] "GET /im/api.php?bib=1780&r=0.7327930247411132&raceId=2147483690&raceName=cda&startTime=05:45:00 HTTP/1.1" 200 1253 "http://ericfahsl.com/im/" "Mozilla/5.0 (iPhone; CPU iPhone OS 8_3 like Mac OS X) AppleWebKit/600.1.4 (KHTML, like Gecko) Version/8.0 Mobile/12F70 Safari/600.1.4"
166.216.157.51 - - [28/Jun/2015:11:52:48 -0700] "GET /im/api.php?bib=1358&r=0.6635740452911705&raceId=2147483690&raceName=cda&startTime=05:45:00 HTTP/1.1" 200 1262 "http://ericfahsl.com/im/" "Mozilla/5.0 (iPhone; CPU iPhone OS 8_3 like Mac OS X) AppleWebKit/600.1.4 (KHTML, like Gecko) Version/8.0 Mobile/12F70 Safari/600.1.4"
166.216.157.51 - - [28/Jun/2015:11:52:48 -0700] "GET /im/api.php?bib=1995&r=0.21099081402644515&raceId=2147483690&raceName=cda&startTime=05:45:00 HTTP/1.1" 200 1280 "http://ericfahsl.com/im/" "Mozilla/5.0 (iPhone; CPU iPhone OS 8_3 like Mac OS X) AppleWebKit/600.1.4 (KHTML, like Gecko) Version/8.0 Mobile/12F70 Safari/600.1.4"
166.216.157.51 - - [28/Jun/2015:11:52:48 -0700] "GET /im/api.php?bib=1786&r=0.36780906515195966&raceId=2147483690&raceName=cda&startTime=05:45:00 HTTP/1.1" 200 1262 "http://ericfahsl.com/im/" "Mozilla/5.0 (iPhone; CPU iPhone OS 8_3 like Mac OS X) AppleWebKit/600.1.4 (KHTML, like Gecko) Version/8.0 Mobile/12F70 Safari/600.1.4"
166.216.157.51 - - [28/Jun/2015:11:52:49 -0700] "GET /im/api.php?bib=2021&r=0.927330557256937&raceId=2147483690&raceName=cda&startTime=05:45:00 HTTP/1.1" 200 1242 "http://ericfahsl.com/im/" "Mozilla/5.0 (iPhone; CPU iPhone OS 8_3 like Mac OS X) AppleWebKit/600.1.4 (KHTML, like Gecko) Version/8.0 Mobile/12F70 Safari/600.1.4"
166.216.157.51 - - [28/Jun/2015:11:52:50 -0700] "GET /im/api.php?bib=2012&r=0.14683692622929811&raceId=2147483690&raceName=cda&startTime=05:45:00 HTTP/1.1" 200 1264 "http://ericfahsl.com/im/" "Mozilla/5.0 (iPhone; CPU iPhone OS 8_3 like Mac OS X) AppleWebKit/600.1.4 (KHTML, like Gecko) Version/8.0 Mobile/12F70 Safari/600.1.4"
127.0.0.1 - - [28/Jun/2015:11:52:52 -0700] "OPTIONS * HTTP/1.0" 200 126 "-" "Apache/2.2.22 (Ubuntu) (internal dummy connection)"
70.199.166.15 - - [28/Jun/2015:11:53:28 -0700] "GET /im/api.php?bib=2012&r=0.5861889917869121&raceId=2147483690&raceName=cda&startTime=05:45:00 HTTP/1.1" 200 1265 "http://ericfahsl.com/im/" "Mozilla/5.0 (iPhone; CPU iPhone OS 8_3 like Mac OS X) AppleWebKit/600.1.4 (KHTML, like Gecko) Version/8.0 Mobile/12F70 Safari/600.1.4"
70.199.166.15 - - [28/Jun/2015:11:53:28 -0700] "GET /im/api.php?bib=1690&r=0.2478528053034097&raceId=2147483690&raceName=cda&startTime=05:45:00 HTTP/1.1" 200 1217 "http://ericfahsl.com/im/" "Mozilla/5.0 (iPhone; CPU iPhone OS 8_3 like Mac OS X) AppleWebKit/600.1.4 (KHTML, like Gecko) Version/8.0 Mobile/12F70 Safari/600.1.4"
70.199.166.15 - - [28/Jun/2015:11:53:28 -0700] "GET /im/api.php?bib=1786&r=0.3040551233571023&raceId=2147483690&raceName=cda&startTime=05:45:00 HTTP/1.1" 200 1263 "http://ericfahsl.com/im/" "Mozilla/5.0 (iPhone; CPU iPhone OS 8_3 like Mac OS X) AppleWebKit/600.1.4 (KHTML, like Gecko) Version/8.0 Mobile/12F70 Safari/600.1.4"
70.199.166.15 - - [28/Jun/2015:11:53:28 -0700] "GET /im/api.php?bib=1780&r=0.9354183727409691&raceId=2147483690&raceName=cda&startTime=05:45:00 HTTP/1.1" 200 1253 "http://ericfahsl.com/im/" "Mozilla/5.0 (iPhone; CPU iPhone OS 8_3 like Mac OS X) AppleWebKit/600.1.4 (KHTML, like Gecko) Version/8.0 Mobile/12F70 Safari/600.1.4"
70.199.166.15 - - [28/Jun/2015:11:53:28 -0700] "GET /im/api.php?bib=773&r=0.5357993356883526&raceId=2147483690&raceName=cda&startTime=05:45:00 HTTP/1.1" 200 1238 "http://ericfahsl.com/im/" "Mozilla/5.0 (iPhone; CPU iPhone OS 8_3 like Mac OS X) AppleWebKit/600.1.4 (KHTML, like Gecko) Version/8.0 Mobile/12F70 Safari/600.1.4"
70.199.166.15 - - [28/Jun/2015:11:53:28 -0700] "GET /im/api.php?bib=1358&r=0.09758370462805033&raceId=2147483690&raceName=cda&startTime=05:45:00 HTTP/1.1" 200 1262 "http://ericfahsl.com/im/" "Mozilla/5.0 (iPhone; CPU iPhone OS 8_3 like Mac OS X) AppleWebKit/600.1.4 (KHTML, like Gecko) Version/8.0 Mobile/12F70 Safari/600.1.4"
70.199.166.15 - - [28/Jun/2015:11:53:29 -0700] "GET /im/api.php?bib=1995&r=0.9590607106219977&raceId=2147483690&raceName=cda&startTime=05:45:00 HTTP/1.1" 200 1279 "http://ericfahsl.com/im/" "Mozilla/5.0 (iPhone; CPU iPhone OS 8_3 like Mac OS X) AppleWebKit/600.1.4 (KHTML, like Gecko) Version/8.0 Mobile/12F70 Safari/600.1.4"
70.199.166.15 - - [28/Jun/2015:11:53:30 -0700] "GET /im/api.php?bib=2021&r=0.6751993857324123&raceId=2147483690&raceName=cda&startTime=05:45:00 HTTP/1.1" 200 1242 "http://ericfahsl.com/im/" "Mozilla/5.0 (iPhone; CPU iPhone OS 8_3 like Mac OS X) AppleWebKit/600.1.4 (KHTML, like Gecko) Version/8.0 Mobile/12F70 Safari/600.1.4"
70.199.166.15 - - [28/Jun/2015:11:53:30 -0700] "GET /im/api.php?bib=1690&r=0.21460647601634264&raceId=2147483690&raceName=cda&startTime=05:45:00 HTTP/1.1" 200 1216 "http://ericfahsl.com/im/" "Mozilla/5.0 (iPhone; CPU iPhone OS 8_3 like Mac OS X) AppleWebKit/600.1.4 (KHTML, like Gecko) Version/8.0 Mobile/12F70 Safari/600.1.4"
70.199.166.15 - - [28/Jun/2015:11:53:30 -0700] "GET /im/api.php?bib=773&r=0.012274771695956588&raceId=2147483690&raceName=cda&startTime=05:45:00 HTTP/1.1" 200 1237 "http://ericfahsl.com/im/" "Mozilla/5.0 (iPhone; CPU iPhone OS 8_3 like Mac OS X) AppleWebKit/600.1.4 (KHTML, like Gecko) Version/8.0 Mobile/12F70 Safari/600.1.4"
70.199.166.15 - - [28/Jun/2015:11:53:30 -0700] "GET /im/api.php?bib=1780&r=0.013972115237265825&raceId=2147483690&raceName=cda&startTime=05:45:00 HTTP/1.1" 200 1252 "http://ericfahsl.com/im/" "Mozilla/5.0 (iPhone; CPU iPhone OS 8_3 like Mac OS X) AppleWebKit/600.1.4 (KHTML, like Gecko) Version/8.0 Mobile/12F70 Safari/600.1.4"
70.199.166.15 - - [28/Jun/2015:11:53:30 -0700] "GET /im/api.php?bib=1786&r=0.2650505795609206&raceId=2147483690&raceName=cda&startTime=05:45:00 HTTP/1.1" 200 1261 "http://ericfahsl.com/im/" "Mozilla/5.0 (iPhone; CPU iPhone OS 8_3 like Mac OS X) AppleWebKit/600.1.4 (KHTML, like Gecko) Version/8.0 Mobile/12F70 Safari/600.1.4"
70.199.166.15 - - [28/Jun/2015:11:53:30 -0700] "GET /im/api.php?bib=2012&r=0.20834290538914502&raceId=2147483690&raceName=cda&startTime=05:45:00 HTTP/1.1" 200 1265 "http://ericfahsl.com/im/" "Mozilla/5.0 (iPhone; CPU iPhone OS 8_3 like Mac OS X) AppleWebKit/600.1.4 (KHTML, like Gecko) Version/8.0 Mobile/12F70 Safari/600.1.4"
70.199.166.15 - - [28/Jun/2015:11:53:30 -0700] "GET /im/api.php?bib=1995&r=0.949028676841408&raceId=2147483690&raceName=cda&startTime=05:45:00 HTTP/1.1" 200 1278 "http://ericfahsl.com/im/" "Mozilla/5.0 (iPhone; CPU iPhone OS 8_3 like Mac OS X) AppleWebKit/600.1.4 (KHTML, like Gecko) Version/8.0 Mobile/12F70 Safari/600.1.4"
70.199.166.15 - - [28/Jun/2015:11:53:31 -0700] "GET /im/api.php?bib=2021&r=0.5768587221391499&raceId=2147483690&raceName=cda&startTime=05:45:00 HTTP/1.1" 200 1243 "http://ericfahsl.com/im/" "Mozilla/5.0 (iPhone; CPU iPhone OS 8_3 like Mac OS X) AppleWebKit/600.1.4 (KHTML, like Gecko) Version/8.0 Mobile/12F70 Safari/600.1.4"
70.199.166.15 - - [28/Jun/2015:11:53:31 -0700] "GET /im/api.php?bib=1358&r=0.022550423862412572&raceId=2147483690&raceName=cda&startTime=05:45:00 HTTP/1.1" 200 1261 "http://ericfahsl.com/im/" "Mozilla/5.0 (iPhone; CPU iPhone OS 8_3 like Mac OS X) AppleWebKit/600.1.4 (KHTML, like Gecko) Version/8.0 Mobile/12F70 Safari/600.1.4"
127.0.0.1 - - [28/Jun/2015:11:53:34 -0700] "OPTIONS * HTTP/1.0" 200 126 "-" "Apache/2.2.22 (Ubuntu) (internal dummy connection)"
67.170.52.207 - - [28/Jun/2015:11:56:01 -0700] "GET /im/api.php?bib=773&r=0.7035468788817525&raceId=2147483690&raceName=cda&startTime=05:45:00 HTTP/1.1" 200 1238 "http://ericfahsl.com/im/" "Mozilla/5.0 (Macintosh; Intel Mac OS X 10_10_3) AppleWebKit/537.36 (KHTML, like Gecko) Chrome/43.0.2357.130 Safari/537.36"
67.170.52.207 - - [28/Jun/2015:11:56:01 -0700] "GET /im/api.php?bib=1786&r=0.8907711338251829&raceId=2147483690&raceName=cda&startTime=05:45:00 HTTP/1.1" 200 1262 "http://ericfahsl.com/im/" "Mozilla/5.0 (Macintosh; Intel Mac OS X 10_10_3) AppleWebKit/537.36 (KHTML, like Gecko) Chrome/43.0.2357.130 Safari/537.36"
67.170.52.207 - - [28/Jun/2015:11:56:01 -0700] "GET /im/api.php?bib=1690&r=0.9952664363663644&raceId=2147483690&raceName=cda&startTime=05:45:00 HTTP/1.1" 200 1217 "http://ericfahsl.com/im/" "Mozilla/5.0 (Macintosh; Intel Mac OS X 10_10_3) AppleWebKit/537.36 (KHTML, like Gecko) Chrome/43.0.2357.130 Safari/537.36"
67.170.52.207 - - [28/Jun/2015:11:56:01 -0700] "GET /im/api.php?bib=2012&r=0.45735954283736646&raceId=2147483690&raceName=cda&startTime=05:45:00 HTTP/1.1" 200 1265 "http://ericfahsl.com/im/" "Mozilla/5.0 (Macintosh; Intel Mac OS X 10_10_3) AppleWebKit/537.36 (KHTML, like Gecko) Chrome/43.0.2357.130 Safari/537.36"
67.170.52.207 - - [28/Jun/2015:11:56:01 -0700] "GET /im/api.php?bib=1780&r=0.04569637100212276&raceId=2147483690&raceName=cda&startTime=05:45:00 HTTP/1.1" 200 1252 "http://ericfahsl.com/im/" "Mozilla/5.0 (Macintosh; Intel Mac OS X 10_10_3) AppleWebKit/537.36 (KHTML, like Gecko) Chrome/43.0.2357.130 Safari/537.36"
67.170.52.207 - - [28/Jun/2015:11:56:01 -0700] "GET /im/api.php?bib=1358&r=0.29593411157839&raceId=2147483690&raceName=cda&startTime=05:45:00 HTTP/1.1" 200 1262 "http://ericfahsl.com/im/" "Mozilla/5.0 (Macintosh; Intel Mac OS X 10_10_3) AppleWebKit/537.36 (KHTML, like Gecko) Chrome/43.0.2357.130 Safari/537.36"
67.170.52.207 - - [28/Jun/2015:11:56:02 -0700] "GET /im/api.php?bib=1995&r=0.7248910726048052&raceId=2147483690&raceName=cda&startTime=05:45:00 HTTP/1.1" 200 1279 "http://ericfahsl.com/im/" "Mozilla/5.0 (Macintosh; Intel Mac OS X 10_10_3) AppleWebKit/537.36 (KHTML, like Gecko) Chrome/43.0.2357.130 Safari/537.36"
67.170.52.207 - - [28/Jun/2015:11:56:02 -0700] "GET /im/api.php?bib=2021&r=0.7405281940009445&raceId=2147483690&raceName=cda&startTime=05:45:00 HTTP/1.1" 200 1242 "http://ericfahsl.com/im/" "Mozilla/5.0 (Macintosh; Intel Mac OS X 10_10_3) AppleWebKit/537.36 (KHTML, like Gecko) Chrome/43.0.2357.130 Safari/537.36"
127.0.0.1 - - [28/Jun/2015:11:56:10 -0700] "OPTIONS * HTTP/1.0" 200 126 "-" "Apache/2.2.22 (Ubuntu) (internal dummy connection)"
127.0.0.1 - - [28/Jun/2015:11:56:14 -0700] "OPTIONS * HTTP/1.0" 200 126 "-" "Apache/2.2.22 (Ubuntu) (internal dummy connection)"
127.0.0.1 - - [28/Jun/2015:11:56:15 -0700] "OPTIONS * HTTP/1.0" 200 126 "-" "Apache/2.2.22 (Ubuntu) (internal dummy connection)"
127.0.0.1 - - [28/Jun/2015:11:56:16 -0700] "OPTIONS * HTTP/1.0" 200 126 "-" "Apache/2.2.22 (Ubuntu) (internal dummy connection)"
127.0.0.1 - - [28/Jun/2015:11:56:17 -0700] "OPTIONS * HTTP/1.0" 200 126 "-" "Apache/2.2.22 (Ubuntu) (internal dummy connection)"
127.0.0.1 - - [28/Jun/2015:11:56:18 -0700] "OPTIONS * HTTP/1.0" 200 126 "-" "Apache/2.2.22 (Ubuntu) (internal dummy connection)"
127.0.0.1 - - [28/Jun/2015:11:56:19 -0700] "OPTIONS * HTTP/1.0" 200 126 "-" "Apache/2.2.22 (Ubuntu) (internal dummy connection)"
123.125.71.114 - - [28/Jun/2015:11:57:29 -0700] "-" 408 0 "-" "-"
157.55.39.166 - - [28/Jun/2015:11:58:36 -0700] "GET /images/viz-screenshot.png HTTP/1.1" 404 517 "-" "Mozilla/5.0 (compatible; bingbot/2.0; +http://www.bing.com/bingbot.htm)"
166.216.157.51 - - [28/Jun/2015:12:01:29 -0700] "GET /im/api.php?bib=1690&r=0.04187958687543869&raceId=2147483690&raceName=cda&startTime=05:45:00 HTTP/1.1" 200 1247 "http://ericfahsl.com/im/" "Mozilla/5.0 (iPhone; CPU iPhone OS 8_3 like Mac OS X) AppleWebKit/600.1.4 (KHTML, like Gecko) Version/8.0 Mobile/12F70 Safari/600.1.4"
166.216.157.51 - - [28/Jun/2015:12:01:29 -0700] "GET /im/api.php?bib=773&r=0.6828069200273603&raceId=2147483690&raceName=cda&startTime=05:45:00 HTTP/1.1" 200 1237 "http://ericfahsl.com/im/" "Mozilla/5.0 (iPhone; CPU iPhone OS 8_3 like Mac OS X) AppleWebKit/600.1.4 (KHTML, like Gecko) Version/8.0 Mobile/12F70 Safari/600.1.4"
166.216.157.51 - - [28/Jun/2015:12:01:29 -0700] "GET /im/api.php?bib=1358&r=0.5179139953106642&raceId=2147483690&raceName=cda&startTime=05:45:00 HTTP/1.1" 200 1262 "http://ericfahsl.com/im/" "Mozilla/5.0 (iPhone; CPU iPhone OS 8_3 like Mac OS X) AppleWebKit/600.1.4 (KHTML, like Gecko) Version/8.0 Mobile/12F70 Safari/600.1.4"
166.216.157.51 - - [28/Jun/2015:12:01:29 -0700] "GET /im/api.php?bib=1786&r=0.43389153480529785&raceId=2147483690&raceName=cda&startTime=05:45:00 HTTP/1.1" 200 1263 "http://ericfahsl.com/im/" "Mozilla/5.0 (iPhone; CPU iPhone OS 8_3 like Mac OS X) AppleWebKit/600.1.4 (KHTML, like Gecko) Version/8.0 Mobile/12F70 Safari/600.1.4"
166.216.157.51 - - [28/Jun/2015:12:01:29 -0700] "GET /im/api.php?bib=2012&r=0.8738599519710988&raceId=2147483690&raceName=cda&startTime=05:45:00 HTTP/1.1" 200 1265 "http://ericfahsl.com/im/" "Mozilla/5.0 (iPhone; CPU iPhone OS 8_3 like Mac OS X) AppleWebKit/600.1.4 (KHTML, like Gecko) Version/8.0 Mobile/12F70 Safari/600.1.4"
166.216.157.51 - - [28/Jun/2015:12:01:29 -0700] "GET /im/api.php?bib=1780&r=0.17932906420901418&raceId=2147483690&raceName=cda&startTime=05:45:00 HTTP/1.1" 200 1253 "http://ericfahsl.com/im/" "Mozilla/5.0 (iPhone; CPU iPhone OS 8_3 like Mac OS X) AppleWebKit/600.1.4 (KHTML, like Gecko) Version/8.0 Mobile/12F70 Safari/600.1.4"
166.216.157.51 - - [28/Jun/2015:12:01:30 -0700] "GET /im/api.php?bib=1995&r=0.7616068611387163&raceId=2147483690&raceName=cda&startTime=05:45:00 HTTP/1.1" 200 1279 "http://ericfahsl.com/im/" "Mozilla/5.0 (iPhone; CPU iPhone OS 8_3 like Mac OS X) AppleWebKit/600.1.4 (KHTML, like Gecko) Version/8.0 Mobile/12F70 Safari/600.1.4"
166.216.157.51 - - [28/Jun/2015:12:01:31 -0700] "GET /im/api.php?bib=2021&r=0.17887234780937433&raceId=2147483690&raceName=cda&startTime=05:45:00 HTTP/1.1" 200 1243 "http://ericfahsl.com/im/" "Mozilla/5.0 (iPhone; CPU iPhone OS 8_3 like Mac OS X) AppleWebKit/600.1.4 (KHTML, like Gecko) Version/8.0 Mobile/12F70 Safari/600.1.4"
127.0.0.1 - - [28/Jun/2015:12:01:34 -0700] "OPTIONS * HTTP/1.0" 200 126 "-" "Apache/2.2.22 (Ubuntu) (internal dummy connection)"
223.255.225.68 - - [28/Jun/2015:12:01:48 -0700] "GET /images/wsis-logo-sm.png HTTP/1.1" 200 6108 "http://www.thebackcountry.net/" "Mozilla/5.0 (Windows NT 6.1; WOW64; rv:38.0) Gecko/20100101 Firefox/38.0"
220.181.108.106 - - [28/Jun/2015:12:04:04 -0700] "-" 408 0 "-" "-"
157.55.39.105 - - [28/Jun/2015:12:07:14 -0700] "GET / HTTP/1.1" 200 2376 "-" "Mozilla/5.0 (compatible; bingbot/2.0; +http://www.bing.com/bingbot.htm)"
166.216.157.51 - - [28/Jun/2015:12:08:02 -0700] "GET /im/api.php?bib=1780&r=0.9783602710813284&raceId=2147483690&raceName=cda&startTime=05:45:00 HTTP/1.1" 200 1252 "http://ericfahsl.com/im/" "Mozilla/5.0 (iPhone; CPU iPhone OS 8_3 like Mac OS X) AppleWebKit/600.1.4 (KHTML, like Gecko) Version/8.0 Mobile/12F70 Safari/600.1.4"
166.216.157.51 - - [28/Jun/2015:12:08:02 -0700] "GET /im/api.php?bib=1786&r=0.952767800539732&raceId=2147483690&raceName=cda&startTime=05:45:00 HTTP/1.1" 200 1263 "http://ericfahsl.com/im/" "Mozilla/5.0 (iPhone; CPU iPhone OS 8_3 like Mac OS X) AppleWebKit/600.1.4 (KHTML, like Gecko) Version/8.0 Mobile/12F70 Safari/600.1.4"
166.216.157.51 - - [28/Jun/2015:12:08:02 -0700] "GET /im/api.php?bib=2012&r=0.6773857965599746&raceId=2147483690&raceName=cda&startTime=05:45:00 HTTP/1.1" 200 1264 "http://ericfahsl.com/im/" "Mozilla/5.0 (iPhone; CPU iPhone OS 8_3 like Mac OS X) AppleWebKit/600.1.4 (KHTML, like Gecko) Version/8.0 Mobile/12F70 Safari/600.1.4"
166.216.157.51 - - [28/Jun/2015:12:08:02 -0700] "GET /im/api.php?bib=773&r=0.025235331617295742&raceId=2147483690&raceName=cda&startTime=05:45:00 HTTP/1.1" 200 1254 "http://ericfahsl.com/im/" "Mozilla/5.0 (iPhone; CPU iPhone OS 8_3 like Mac OS X) AppleWebKit/600.1.4 (KHTML, like Gecko) Version/8.0 Mobile/12F70 Safari/600.1.4"
166.216.157.51 - - [28/Jun/2015:12:08:02 -0700] "GET /im/api.php?bib=1358&r=0.9197545738425106&raceId=2147483690&raceName=cda&startTime=05:45:00 HTTP/1.1" 200 1262 "http://ericfahsl.com/im/" "Mozilla/5.0 (iPhone; CPU iPhone OS 8_3 like Mac OS X) AppleWebKit/600.1.4 (KHTML, like Gecko) Version/8.0 Mobile/12F70 Safari/600.1.4"
