127.0.0.1 - - [03/Jan/2016:06:42:07 -0800] "OPTIONS * HTTP/1.0" 200 126 "-" "Apache/2.2.22 (Ubuntu) (internal dummy connection)"
127.0.0.1 - - [03/Jan/2016:06:42:07 -0800] "OPTIONS * HTTP/1.0" 200 126 "-" "Apache/2.2.22 (Ubuntu) (internal dummy connection)"
127.0.0.1 - - [03/Jan/2016:06:42:07 -0800] "OPTIONS * HTTP/1.0" 200 126 "-" "Apache/2.2.22 (Ubuntu) (internal dummy connection)"
170.75.162.130 - - [03/Jan/2016:06:48:31 -0800] "GET /lib/reccapi.php?resort=crystalmountain HTTP/1.1" 200 1057 "-" "node-superagent/1.4.0"
170.75.162.130 - - [03/Jan/2016:06:48:31 -0800] "GET /lib/reccapi.php?resort=mountspokane HTTP/1.1" 200 1043 "-" "node-superagent/1.4.0"
188.68.224.62 - - [03/Jan/2016:06:49:14 -0800] "GET http://dhg.pisz.pl/httptest.php HTTP/1.1" 404 444 "-" "-"
64.55.107.3 - - [03/Jan/2016:06:53:57 -0800] "GET /images/wsis-logo-sm.png HTTP/1.1" 200 6108 "http://www.thebackcountry.net/" "Mozilla/5.0 (iPhone; CPU iPhone OS 9_2 like Mac OS X) AppleWebKit/601.1.46 (KHTML, like Gecko) Version/9.0 Mobile/13C75 Safari/601.1"
67.108.233.166 - - [03/Jan/2016:06:55:00 -0800] "GET /images/wsis-logo-sm.png HTTP/1.1" 200 6108 "http://thebackcountry.net/" "Mozilla/5.0 (Linux; Android 5.0.1; HTC6525LVW Build/LRX22C) AppleWebKit/537.36 (KHTML, like Gecko) Chrome/47.0.2526.83 Mobile Safari/537.36"
67.108.233.166 - - [03/Jan/2016:06:56:09 -0800] "GET /images/wsis-logo-sm.png HTTP/1.1" 304 187 "http://thebackcountry.net/" "Mozilla/5.0 (Linux; Android 5.0.1; HTC6525LVW Build/LRX22C) AppleWebKit/537.36 (KHTML, like Gecko) Chrome/47.0.2526.83 Mobile Safari/537.36"
170.75.162.130 - - [03/Jan/2016:07:09:44 -0800] "GET /lib/reccapi.php?resort=diamondpeak HTTP/1.1" 200 945 "-" "node-superagent/1.4.0"
170.75.162.130 - - [03/Jan/2016:07:11:24 -0800] "GET /lib/reccapi.php?resort=sugarbowl HTTP/1.1" 200 994 "-" "node-superagent/1.4.0"
66.249.79.220 - - [03/Jan/2016:07:23:30 -0800] "GET /lib/reccapi.php?resort=wildcatmountain&date=2016-01-02 HTTP/1.1" 200 1058 "http://whereshouldiski.com/" "Mozilla/5.0 (compatible; Googlebot/2.1; +http://www.google.com/bot.html)"
66.249.79.220 - - [03/Jan/2016:07:23:31 -0800] "GET /lib/reccapi.php?fields=t&date=2016-01-02&coords=44.2604%2C-71.2034&size=7&sort=distance HTTP/1.1" 200 1346 "http://whereshouldiski.com/" "Mozilla/5.0 (compatible; Googlebot/2.1; +http://www.google.com/bot.html)"
66.249.79.220 - - [03/Jan/2016:07:23:32 -0800] "GET /lib/resortDataSearchD3.php?size=7&sortDate=T&resort=wildcatmountain&dateStart=2015-12-31 HTTP/1.1" 200 867 "http://whereshouldiski.com/" "Mozilla/5.0 (compatible; Googlebot/2.1; +http://www.google.com/bot.html)"
66.30.27.72 - - [03/Jan/2016:07:31:49 -0800] "GET /images/wsis-logo-sm.png HTTP/1.1" 200 6108 "http://www.thebackcountry.net/" "Mozilla/5.0 (Windows NT 10.0; Win64; x64) AppleWebKit/537.36 (KHTML, like Gecko) Chrome/46.0.2486.0 Safari/537.36 Edge/13.10586"
61.7.2.221 - - [03/Jan/2016:07:32:03 -0800] "GET /images/wsis-logo-sm.png HTTP/1.1" 200 6108 "http://www.thebackcountry.net/" "Mozilla/5.0 (Windows NT 6.1; WOW64; rv:43.0) Gecko/20100101 Firefox/43.0"
66.30.27.72 - - [03/Jan/2016:07:32:11 -0800] "-" 408 0 "-" "-"
180.76.15.162 - - [03/Jan/2016:07:33:56 -0800] "GET / HTTP/1.1" 200 6995 "-" "Mozilla/5.0 (compatible; Baiduspider/2.0; +http://www.baidu.com/search/spider.html)"
180.76.15.153 - - [03/Jan/2016:07:34:54 -0800] "GET / HTTP/1.1" 200 6995 "-" "Mozilla/5.0 (compatible; Baiduspider/2.0; +http://www.baidu.com/search/spider.html)"
170.75.162.130 - - [03/Jan/2016:07:38:47 -0800] "GET /lib/reccapi.php?resort=sundayriver HTTP/1.1" 200 995 "-" "node-superagent/1.4.0"
75.141.214.243 - - [03/Jan/2016:07:44:05 -0800] "GET /images/wsis-logo-sm.png HTTP/1.1" 200 6108 "http://www.thebackcountry.net/" "Mozilla/5.0 (Macintosh; Intel Mac OS X 10_11_2) AppleWebKit/537.36 (KHTML, like Gecko) Chrome/47.0.2526.106 Safari/537.36"
185.130.5.224 - - [03/Jan/2016:07:46:52 -0800] "GET /server-status?HTTP_POST=%\"%6346#%#/&#736%\"#423|;&HTTP_CGI_GET=GRESYYK\"K&J\"#L523D2G23H23 HTTP/1.0" 403 526 "-" "apache 0day by @hxmonsegur"
24.32.29.2 - - [03/Jan/2016:07:47:42 -0800] "GET /images/wsis-logo-sm.png HTTP/1.1" 200 6108 "http://www.thebackcountry.net/" "Mozilla/5.0 (iPad; CPU OS 9_1 like Mac OS X) AppleWebKit/600.1.4 (KHTML, like Gecko) GSA/9.0.60246 Mobile/13B143 Safari/600.1.4"
75.101.50.153 - - [03/Jan/2016:07:52:45 -0800] "GET /images/wsis-logo-sm.png HTTP/1.1" 304 187 "http://www.thebackcountry.net/" "Mozilla/5.0 (iPhone; CPU iPhone OS 9_2 like Mac OS X) AppleWebKit/601.1.46 (KHTML, like Gecko) Version/9.0 Mobile/13C75 Safari/601.1"
66.249.79.234 - - [03/Jan/2016:07:54:14 -0800] "GET /lib/reccapi.php?fields=t&date=2015-12-22 HTTP/1.1" 200 1940 "http://whereshouldiski.com/" "Mozilla/5.0 (compatible; Googlebot/2.1; +http://www.google.com/bot.html)"
68.67.80.199 - - [03/Jan/2016:07:59:47 -0800] "GET /images/wsis-logo-sm.png HTTP/1.1" 200 6108 "http://www.thebackcountry.net/" "Mozilla/5.0 (Macintosh; Intel Mac OS X 10_10_5) AppleWebKit/601.3.9 (KHTML, like Gecko) Version/9.0.2 Safari/601.3.9"
180.76.15.27 - - [03/Jan/2016:08:02:53 -0800] "GET /resorts?resort=portillo&date=2014-08-22 HTTP/1.1" 404 472 "-" "Mozilla/5.0 (compatible; Baiduspider/2.0; +http://www.baidu.com/search/spider.html)"
198.168.34.188 - - [03/Jan/2016:08:04:31 -0800] "GET /images/wsis-logo-sm.png HTTP/1.1" 200 6108 "http://www.thebackcountry.net/" "Mozilla/5.0 (Macintosh; Intel Mac OS X 10_11_1) AppleWebKit/601.2.7 (KHTML, like Gecko) Version/9.0.1 Safari/601.2.7"
66.249.79.220 - - [03/Jan/2016:08:06:03 -0800] "GET /lib/reccapi.php?resort=kirkwood&date=2016-01-05 HTTP/1.1" 200 1074 "http://whereshouldiski.com/" "Mozilla/5.0 (compatible; Googlebot/2.1; +http://www.google.com/bot.html)"
66.249.79.220 - - [03/Jan/2016:08:06:04 -0800] "GET /lib/reccapi.php?fields=t&date=2016-01-05&coords=38.68%2C-120&size=7&sort=distance HTTP/1.1" 200 1339 "http://whereshouldiski.com/" "Mozilla/5.0 (compatible; Googlebot/2.1; +http://www.google.com/bot.html)"
66.249.79.220 - - [03/Jan/2016:08:06:05 -0800] "GET /lib/resortDataSearchD3.php?size=7&sortDate=T&resort=kirkwood&dateStart=2016-01-03 HTTP/1.1" 200 788 "http://whereshouldiski.com/" "Mozilla/5.0 (compatible; Googlebot/2.1; +http://www.google.com/bot.html)"
66.249.79.21 - - [03/Jan/2016:08:10:52 -0800] "GET /robots.txt HTTP/1.1" 200 419 "-" "Mozilla/5.0 (compatible; Googlebot/2.1; +http://www.google.com/bot.html)"
66.249.79.15 - - [03/Jan/2016:08:10:52 -0800] "GET / HTTP/1.1" 200 2615 "-" "Mozilla/5.0 (iPhone; CPU iPhone OS 8_3 like Mac OS X) AppleWebKit/600.1.4 (KHTML, like Gecko) Version/8.0 Mobile/12F70 Safari/600.1.4 (compatible; Googlebot/2.1; +http://www.google.com/bot.html)"
73.231.238.228 - - [03/Jan/2016:08:12:46 -0800] "GET /images/wsis-logo-sm.png HTTP/1.1" 200 6108 "http://www.thebackcountry.net/" "Mozilla/5.0 (Macintosh; Intel Mac OS X 10_10_5) AppleWebKit/537.36 (KHTML, like Gecko) Chrome/48.0.2564.48 Safari/537.36"
73.231.238.228 - - [03/Jan/2016:08:14:12 -0800] "-" 408 0 "-" "-"
73.231.238.228 - - [03/Jan/2016:08:14:13 -0800] "-" 408 0 "-" "-"
66.249.79.227 - - [03/Jan/2016:08:19:40 -0800] "GET /lib/reccapi.php?resort=kirkwood&date=2016-01-02 HTTP/1.1" 200 1034 "http://whereshouldiski.com/" "Mozilla/5.0 (compatible; Googlebot/2.1; +http://www.google.com/bot.html)"
66.249.79.220 - - [03/Jan/2016:08:19:42 -0800] "GET /lib/resortDataSearchD3.php?size=7&sortDate=T&resort=kirkwood&dateStart=2015-12-31 HTTP/1.1" 200 865 "http://whereshouldiski.com/" "Mozilla/5.0 (compatible; Googlebot/2.1; +http://www.google.com/bot.html)"
66.249.79.220 - - [03/Jan/2016:08:19:42 -0800] "GET /lib/reccapi.php?fields=t&date=2016-01-02&coords=38.68%2C-120&size=7&sort=distance HTTP/1.1" 200 1311 "http://whereshouldiski.com/" "Mozilla/5.0 (compatible; Googlebot/2.1; +http://www.google.com/bot.html)"
188.68.224.62 - - [03/Jan/2016:08:20:55 -0800] "GET http://dhg.pisz.pl/httptest.php HTTP/1.1" 404 444 "-" "-"
170.75.162.130 - - [03/Jan/2016:08:22:52 -0800] "GET /lib/reccapi.php?resort=squawvalleyusa HTTP/1.1" 200 1000 "-" "node-superagent/1.4.0"
180.76.15.17 - - [03/Jan/2016:08:31:32 -0800] "GET / HTTP/1.1" 200 6995 "-" "Mozilla/5.0 (compatible; Baiduspider/2.0; +http://www.baidu.com/search/spider.html)"
180.76.15.152 - - [03/Jan/2016:08:32:23 -0800] "GET / HTTP/1.1" 200 6995 "-" "Mozilla/5.0 (compatible; Baiduspider/2.0; +http://www.baidu.com/search/spider.html)"
50.37.22.95 - - [03/Jan/2016:08:38:19 -0800] "GET /images/wsis-logo-sm.png HTTP/1.1" 200 6108 "http://www.thebackcountry.net/" "Mozilla/5.0 (Windows NT 10.0; WOW64) AppleWebKit/537.36 (KHTML, like Gecko) Chrome/47.0.2526.106 Safari/537.36"
107.182.42.228 - - [03/Jan/2016:08:40:32 -0800] "GET /images/wsis-logo-sm.png HTTP/1.1" 200 6108 "http://www.thebackcountry.net/" "Mozilla/5.0 (Macintosh; Intel Mac OS X 10_11_2) AppleWebKit/601.3.9 (KHTML, like Gecko) Version/9.0.2 Safari/601.3.9"
107.182.42.228 - - [03/Jan/2016:08:41:14 -0800] "GET / HTTP/1.1" 200 2615 "http://www.thebackcountry.net/" "Mozilla/5.0 (Macintosh; Intel Mac OS X 10_11_2) AppleWebKit/601.3.9 (KHTML, like Gecko) Version/9.0.2 Safari/601.3.9"
107.182.42.228 - - [03/Jan/2016:08:41:14 -0800] "GET /styles/ee08faa9.main.css HTTP/1.1" 200 19446 "http://whereshouldiski.com/" "Mozilla/5.0 (Macintosh; Intel Mac OS X 10_11_2) AppleWebKit/601.3.9 (KHTML, like Gecko) Version/9.0.2 Safari/601.3.9"
107.182.42.228 - - [03/Jan/2016:08:41:15 -0800] "GET /scripts/scripts/vendor/modernizr.js HTTP/1.1" 200 4903 "http://whereshouldiski.com/" "Mozilla/5.0 (Macintosh; Intel Mac OS X 10_11_2) AppleWebKit/601.3.9 (KHTML, like Gecko) Version/9.0.2 Safari/601.3.9"
107.182.42.228 - - [03/Jan/2016:08:41:15 -0800] "GET /bower_components/requirejs/require.js HTTP/1.1" 200 6702 "http://whereshouldiski.com/" "Mozilla/5.0 (Macintosh; Intel Mac OS X 10_11_2) AppleWebKit/601.3.9 (KHTML, like Gecko) Version/9.0.2 Safari/601.3.9"
107.182.42.228 - - [03/Jan/2016:08:41:15 -0800] "GET /images/logo-square-white-sm.png HTTP/1.1" 200 1683 "http://whereshouldiski.com/" "Mozilla/5.0 (Macintosh; Intel Mac OS X 10_11_2) AppleWebKit/601.3.9 (KHTML, like Gecko) Version/9.0.2 Safari/601.3.9"
107.182.42.228 - - [03/Jan/2016:08:41:15 -0800] "GET /images/loading.gif HTTP/1.1" 200 13881 "http://whereshouldiski.com/" "Mozilla/5.0 (Macintosh; Intel Mac OS X 10_11_2) AppleWebKit/601.3.9 (KHTML, like Gecko) Version/9.0.2 Safari/601.3.9"
107.182.42.228 - - [03/Jan/2016:08:41:15 -0800] "GET /scripts/fa48e319.main.js HTTP/1.1" 200 123455 "http://whereshouldiski.com/" "Mozilla/5.0 (Macintosh; Intel Mac OS X 10_11_2) AppleWebKit/601.3.9 (KHTML, like Gecko) Version/9.0.2 Safari/601.3.9"
107.182.42.228 - - [03/Jan/2016:08:41:15 -0800] "GET /images/button.png HTTP/1.1" 200 598 "http://whereshouldiski.com/" "Mozilla/5.0 (Macintosh; Intel Mac OS X 10_11_2) AppleWebKit/601.3.9 (KHTML, like Gecko) Version/9.0.2 Safari/601.3.9"
107.182.42.228 - - [03/Jan/2016:08:41:15 -0800] "GET /images/greyHeader.png HTTP/1.1" 200 508 "http://whereshouldiski.com/" "Mozilla/5.0 (Macintosh; Intel Mac OS X 10_11_2) AppleWebKit/601.3.9 (KHTML, like Gecko) Version/9.0.2 Safari/601.3.9"
107.182.42.228 - - [03/Jan/2016:08:41:15 -0800] "GET /lib/reccapi.php?fields=t HTTP/1.1" 200 1986 "http://whereshouldiski.com/" "Mozilla/5.0 (Macintosh; Intel Mac OS X 10_11_2) AppleWebKit/601.3.9 (KHTML, like Gecko) Version/9.0.2 Safari/601.3.9"
107.182.42.228 - - [03/Jan/2016:08:41:16 -0800] "GET /favicon.ico HTTP/1.1" 200 4613 "http://whereshouldiski.com/" "Mozilla/5.0 (Macintosh; Intel Mac OS X 10_11_2) AppleWebKit/601.3.9 (KHTML, like Gecko) Version/9.0.2 Safari/601.3.9"
107.182.42.228 - - [03/Jan/2016:08:41:16 -0800] "GET /images/snowflake5.png HTTP/1.1" 200 2857 "http://whereshouldiski.com/" "Mozilla/5.0 (Macintosh; Intel Mac OS X 10_11_2) AppleWebKit/601.3.9 (KHTML, like Gecko) Version/9.0.2 Safari/601.3.9"
107.182.42.228 - - [03/Jan/2016:08:41:16 -0800] "GET /images/bluebird5.png HTTP/1.1" 200 2177 "http://whereshouldiski.com/" "Mozilla/5.0 (Macintosh; Intel Mac OS X 10_11_2) AppleWebKit/601.3.9 (KHTML, like Gecko) Version/9.0.2 Safari/601.3.9"
107.182.42.228 - - [03/Jan/2016:08:41:16 -0800] "GET /images/star5.png HTTP/1.1" 200 1783 "http://whereshouldiski.com/" "Mozilla/5.0 (Macintosh; Intel Mac OS X 10_11_2) AppleWebKit/601.3.9 (KHTML, like Gecko) Version/9.0.2 Safari/601.3.9"
107.182.42.228 - - [03/Jan/2016:08:41:16 -0800] "GET /images/shading-icon.png HTTP/1.1" 200 537 "http://whereshouldiski.com/" "Mozilla/5.0 (Macintosh; Intel Mac OS X 10_11_2) AppleWebKit/601.3.9 (KHTML, like Gecko) Version/9.0.2 Safari/601.3.9"
107.182.42.228 - - [03/Jan/2016:08:41:16 -0800] "GET /images/mtns-icon.png HTTP/1.1" 200 1097 "http://whereshouldiski.com/" "Mozilla/5.0 (Macintosh; Intel Mac OS X 10_11_2) AppleWebKit/601.3.9 (KHTML, like Gecko) Version/9.0.2 Safari/601.3.9"
127.0.0.1 - - [03/Jan/2016:08:41:23 -0800] "OPTIONS * HTTP/1.0" 200 126 "-" "Apache/2.2.22 (Ubuntu) (internal dummy connection)"
76.254.5.51 - - [03/Jan/2016:08:48:14 -0800] "GET /images/wsis-logo-sm.png HTTP/1.1" 200 6052 "http://www.thebackcountry.net/" "Mozilla/5.0 (Windows NT 6.1; WOW64) AppleWebKit/537.36 (KHTML, like Gecko) Chrome/41.0.2272.104 AOL/9.8 AOLBuild/4346.1014.US Safari/537.36"
170.75.162.130 - - [03/Jan/2016:08:57:06 -0800] "GET /lib/reccapi.php?resort=arapahoebasin HTTP/1.1" 200 1001 "-" "node-superagent/1.4.0"
170.75.162.130 - - [03/Jan/2016:08:57:16 -0800] "GET /lib/reccapi.php?resort=alta HTTP/1.1" 200 949 "-" "node-superagent/1.4.0"
170.75.162.130 - - [03/Jan/2016:08:57:16 -0800] "GET /lib/reccapi.php?resort=alyeska HTTP/1.1" 200 1049 "-" "node-superagent/1.4.0"
170.75.162.130 - - [03/Jan/2016:08:57:16 -0800] "GET /lib/reccapi.php?resort=angelfire HTTP/1.1" 200 1007 "-" "node-superagent/1.4.0"
170.75.162.130 - - [03/Jan/2016:08:57:26 -0800] "GET /lib/reccapi.php?resort=49degreesnorth HTTP/1.1" 200 1068 "-" "node-superagent/1.4.0"
170.75.162.130 - - [03/Jan/2016:08:57:26 -0800] "GET /lib/reccapi.php?resort=bigsky HTTP/1.1" 200 995 "-" "node-superagent/1.4.0"
170.75.162.130 - - [03/Jan/2016:08:57:26 -0800] "GET /lib/reccapi.php?resort=bigwhite HTTP/1.1" 200 915 "-" "node-superagent/1.4.0"
170.75.162.130 - - [03/Jan/2016:08:57:46 -0800] "GET /lib/reccapi.php?resort=brianhead HTTP/1.1" 200 975 "-" "node-superagent/1.4.0"
170.75.162.130 - - [03/Jan/2016:08:57:46 -0800] "GET /lib/reccapi.php?resort=aspenmountain HTTP/1.1" 200 964 "-" "node-superagent/1.4.0"
170.75.162.130 - - [03/Jan/2016:08:57:46 -0800] "GET /lib/reccapi.php?resort=brighton HTTP/1.1" 200 950 "-" "node-superagent/1.4.0"
170.75.162.130 - - [03/Jan/2016:08:57:46 -0800] "GET /lib/reccapi.php?resort=aspenheights HTTP/1.1" 200 991 "-" "node-superagent/1.4.0"
170.75.162.130 - - [03/Jan/2016:08:57:47 -0800] "GET /lib/reccapi.php?resort=buttermilk HTTP/1.1" 200 948 "-" "node-superagent/1.4.0"
170.75.162.130 - - [03/Jan/2016:08:58:06 -0800] "GET /lib/reccapi.php?resort=deervalley HTTP/1.1" 200 985 "-" "node-superagent/1.4.0"
170.75.162.130 - - [03/Jan/2016:08:58:06 -0800] "GET /lib/reccapi.php?resort=grandtarghee HTTP/1.1" 200 995 "-" "node-superagent/1.4.0"
170.75.162.130 - - [03/Jan/2016:08:58:06 -0800] "GET /lib/reccapi.php?resort=crestedbutte HTTP/1.1" 200 980 "-" "node-superagent/1.4.0"
170.75.162.130 - - [03/Jan/2016:08:58:06 -0800] "GET /lib/reccapi.php?resort=coppermountain HTTP/1.1" 200 969 "-" "node-superagent/1.4.0"
170.75.162.130 - - [03/Jan/2016:08:58:06 -0800] "GET /lib/reccapi.php?resort=jaypeak HTTP/1.1" 200 1049 "-" "node-superagent/1.4.0"
170.75.162.130 - - [03/Jan/2016:08:58:06 -0800] "GET /lib/reccapi.php?resort=jacksonhole HTTP/1.1" 200 1032 "-" "node-superagent/1.4.0"
170.75.162.130 - - [03/Jan/2016:08:58:06 -0800] "GET /lib/reccapi.php?resort=killington HTTP/1.1" 200 1050 "-" "node-superagent/1.4.0"
170.75.162.130 - - [03/Jan/2016:08:58:06 -0800] "GET /lib/reccapi.php?resort=keystone HTTP/1.1" 200 980 "-" "node-superagent/1.4.0"
170.75.162.130 - - [03/Jan/2016:08:58:06 -0800] "GET /lib/reccapi.php?resort=kirkwood HTTP/1.1" 200 977 "-" "node-superagent/1.4.0"
170.75.162.130 - - [03/Jan/2016:08:58:06 -0800] "GET /lib/reccapi.php?resort=loveland HTTP/1.1" 200 982 "-" "node-superagent/1.4.0"
170.75.162.130 - - [03/Jan/2016:08:58:06 -0800] "GET /lib/reccapi.php?resort=mammothmountain HTTP/1.1" 200 1005 "-" "node-superagent/1.4.0"
170.75.162.130 - - [03/Jan/2016:08:58:11 -0800] "GET /lib/reccapi.php?resort=mountbachelor HTTP/1.1" 200 1049 "-" "node-superagent/1.4.0"
170.75.162.130 - - [03/Jan/2016:08:58:16 -0800] "GET /lib/reccapi.php?resort=mountainhigh HTTP/1.1" 200 998 "-" "node-superagent/1.4.0"
170.75.162.130 - - [03/Jan/2016:08:58:21 -0800] "GET /lib/reccapi.php?resort=sunpeaksresort HTTP/1.1" 200 909 "-" "node-superagent/1.4.0"
170.75.162.130 - - [03/Jan/2016:08:58:26 -0800] "GET /lib/reccapi.php?resort=sunvalley HTTP/1.1" 200 1016 "-" "node-superagent/1.4.0"
170.75.162.130 - - [03/Jan/2016:08:58:31 -0800] "GET /lib/reccapi.php?resort=taos HTTP/1.1" 200 966 "-" "node-superagent/1.4.0"
170.75.162.130 - - [03/Jan/2016:08:58:36 -0800] "GET /lib/reccapi.php?resort=parkcity HTTP/1.1" 200 988 "-" "node-superagent/1.4.0"
170.75.162.130 - - [03/Jan/2016:08:58:41 -0800] "GET /lib/reccapi.php?resort=sierra-at-tahoe HTTP/1.1" 200 972 "-" "node-superagent/1.4.0"
170.75.162.130 - - [03/Jan/2016:08:58:46 -0800] "GET /lib/reccapi.php?resort=sugarbush HTTP/1.1" 200 1054 "-" "node-superagent/1.4.0"
170.75.162.130 - - [03/Jan/2016:08:58:51 -0800] "GET /lib/reccapi.php?resort=telluride HTTP/1.1" 200 957 "-" "node-superagent/1.4.0"
170.75.162.130 - - [03/Jan/2016:08:58:56 -0800] "GET /lib/reccapi.php?resort=schweitzer HTTP/1.1" 200 981 "-" "node-superagent/1.4.0"
170.75.162.130 - - [03/Jan/2016:08:59:01 -0800] "GET /lib/reccapi.php?resort=silverstarmountain HTTP/1.1" 200 925 "-" "node-superagent/1.4.0"
170.75.162.130 - - [03/Jan/2016:08:59:06 -0800] "GET /lib/reccapi.php?resort=smugglersnotch HTTP/1.1" 200 1036 "-" "node-superagent/1.4.0"
170.75.162.130 - - [03/Jan/2016:08:59:11 -0800] "GET /lib/reccapi.php?resort=snowbasin HTTP/1.1" 200 951 "-" "node-superagent/1.4.0"
170.75.162.130 - - [03/Jan/2016:08:59:16 -0800] "GET /lib/reccapi.php?resort=snowbird HTTP/1.1" 200 955 "-" "node-superagent/1.4.0"
170.75.162.130 - - [03/Jan/2016:08:59:21 -0800] "GET /lib/reccapi.php?resort=snowmass HTTP/1.1" 200 958 "-" "node-superagent/1.4.0"
157.55.39.86 - - [03/Jan/2016:08:59:22 -0800] "GET /robots.txt HTTP/1.1" 200 375 "-" "Mozilla/5.0 (compatible; bingbot/2.0; +http://www.bing.com/bingbot.htm)"
170.75.162.130 - - [03/Jan/2016:08:59:26 -0800] "GET /lib/reccapi.php?resort=solitude HTTP/1.1" 200 949 "-" "node-superagent/1.4.0"
170.75.162.130 - - [03/Jan/2016:08:59:31 -0800] "GET /lib/reccapi.php?resort=steamboat HTTP/1.1" 200 960 "-" "node-superagent/1.4.0"
170.75.162.130 - - [03/Jan/2016:08:59:36 -0800] "GET /lib/reccapi.php?resort=cannonmountain HTTP/1.1" 200 1086 "-" "node-superagent/1.4.0"
170.75.162.130 - - [03/Jan/2016:08:59:41 -0800] "GET /lib/reccapi.php?resort=chinapeak HTTP/1.1" 200 985 "-" "node-superagent/1.4.0"
170.75.162.130 - - [03/Jan/2016:08:59:46 -0800] "GET /lib/reccapi.php?resort=heavenly HTTP/1.1" 200 994 "-" "node-superagent/1.4.0"
170.75.162.130 - - [03/Jan/2016:08:59:51 -0800] "GET /lib/reccapi.php?resort=monarch HTTP/1.1" 200 971 "-" "node-superagent/1.4.0"
170.75.162.130 - - [03/Jan/2016:08:59:56 -0800] "GET /lib/reccapi.php?resort=mtrose HTTP/1.1" 200 959 "-" "node-superagent/1.4.0"
170.75.162.130 - - [03/Jan/2016:09:00:01 -0800] "GET /lib/reccapi.php?resort=northstar-at-tahoe HTTP/1.1" 200 967 "-" "node-superagent/1.4.0"
170.75.162.130 - - [03/Jan/2016:09:00:06 -0800] "GET /lib/reccapi.php?resort=redmountain HTTP/1.1" 200 902 "-" "node-superagent/1.4.0"
170.75.162.130 - - [03/Jan/2016:09:00:11 -0800] "GET /lib/reccapi.php?resort=stevenspass HTTP/1.1" 200 1030 "-" "node-superagent/1.4.0"
170.75.162.130 - - [03/Jan/2016:09:00:16 -0800] "GET /lib/reccapi.php?resort=stowe HTTP/1.1" 200 1021 "-" "node-superagent/1.4.0"
170.75.162.130 - - [03/Jan/2016:09:00:21 -0800] "GET /lib/reccapi.php?resort=sugarloaf HTTP/1.1" 200 976 "-" "node-superagent/1.4.0"
170.75.162.130 - - [03/Jan/2016:09:00:26 -0800] "GET /lib/reccapi.php?resort=whistlerblackcomb HTTP/1.1" 200 924 "-" "node-superagent/1.4.0"
170.75.162.130 - - [03/Jan/2016:09:00:31 -0800] "GET /lib/reccapi.php?resort=wildcatmountain HTTP/1.1" 200 1001 "-" "node-superagent/1.4.0"
170.75.162.130 - - [03/Jan/2016:09:00:36 -0800] "GET /lib/reccapi.php?resort=winterpark HTTP/1.1" 200 983 "-" "node-superagent/1.4.0"
170.75.162.130 - - [03/Jan/2016:09:00:41 -0800] "GET /lib/reccapi.php?resort=redlodge HTTP/1.1" 200 1008 "-" "node-superagent/1.4.0"
170.75.162.130 - - [03/Jan/2016:09:00:46 -0800] "GET /lib/reccapi.php?resort=madriverglen HTTP/1.1" 200 1068 "-" "node-superagent/1.4.0"
66.249.79.227 - - [03/Jan/2016:09:09:20 -0800] "GET /lib/reccapi.php?fields=t&date=2015-12-23 HTTP/1.1" 200 1850 "http://whereshouldiski.com/" "Mozilla/5.0 (compatible; Googlebot/2.1; +http://www.google.com/bot.html)"
70.197.2.34 - - [03/Jan/2016:09:18:53 -0800] "GET /images/wsis-logo-sm.png HTTP/1.1" 200 6108 "http://www.thebackcountry.net/" "Mozilla/5.0 (iPhone; CPU iPhone OS 9_2 like Mac OS X) AppleWebKit/601.1.46 (KHTML, like Gecko) Version/9.0 Mobile/13C75 Safari/601.1"
66.249.79.227 - - [03/Jan/2016:09:19:43 -0800] "GET /lib/reccapi.php?fields=t&date=2015-12-24 HTTP/1.1" 200 1870 "http://whereshouldiski.com/" "Mozilla/5.0 (compatible; Googlebot/2.1; +http://www.google.com/bot.html)"
66.249.79.220 - - [03/Jan/2016:09:20:05 -0800] "GET /lib/reccapi.php?fields=t&date=2015-12-25 HTTP/1.1" 200 1869 "http://whereshouldiski.com/" "Mozilla/5.0 (compatible; Googlebot/2.1; +http://www.google.com/bot.html)"
61.135.169.22 - - [03/Jan/2016:09:21:13 -0800] "GET /images/wsis-logo-sm.png HTTP/1.1" 200 6108 "http://www.thebackcountry.net/" "Mozilla/5.0 (Windows NT 5.1; rv:8.0.1) Gecko/20100101 Firefox/8.0.1"
97.33.130.63 - - [03/Jan/2016:09:21:58 -0800] "GET /images/wsis-logo-sm.png HTTP/1.1" 304 187 "http://www.thebackcountry.net/" "Mozilla/5.0 (iPhone; CPU iPhone OS 6_1_3 like Mac OS X) AppleWebKit/536.26 (KHTML, like Gecko) Version/6.0 Mobile/10B329 Safari/8536.25"
64.188.239.183 - - [03/Jan/2016:09:22:10 -0800] "GET /images/wsis-logo-sm.png HTTP/1.1" 200 6108 "http://www.thebackcountry.net/" "Mozilla/5.0 (Windows NT 6.1; WOW64) AppleWebKit/537.36 (KHTML, like Gecko) Chrome/47.0.2526.106 Safari/537.36"
123.125.71.27 - - [03/Jan/2016:09:23:13 -0800] "GET /robots.txt HTTP/1.1" 200 382 "-" "Mozilla/5.0 (Windows NT 5.1; rv:6.0.2) Gecko/20100101 Firefox/6.0.2"
66.249.74.58 - - [03/Jan/2016:09:29:07 -0800] "GET / HTTP/1.1" 200 2615 "-" "Mozilla/5.0 (iPhone; CPU iPhone OS 8_3 like Mac OS X) AppleWebKit/600.1.4 (KHTML, like Gecko) Version/8.0 Mobile/12F70 Safari/600.1.4 (compatible; Googlebot/2.1; +http://www.google.com/bot.html)"
180.76.15.148 - - [03/Jan/2016:09:31:25 -0800] "GET / HTTP/1.1" 200 6995 "-" "Mozilla/5.0 (compatible; Baiduspider/2.0; +http://www.baidu.com/search/spider.html)"
180.76.15.14 - - [03/Jan/2016:09:32:14 -0800] "GET / HTTP/1.1" 200 6995 "-" "Mozilla/5.0 (compatible; Baiduspider/2.0; +http://www.baidu.com/search/spider.html)"
75.111.99.197 - - [03/Jan/2016:09:40:52 -0800] "GET /images/wsis-logo-sm.png HTTP/1.1" 200 6108 "http://www.thebackcountry.net/" "Mozilla/5.0 (iPhone; CPU iPhone OS 8_1 like Mac OS X) AppleWebKit/600.1.4 (KHTML, like Gecko) Version/8.0 Mobile/12B411 Safari/600.1.4"
185.130.5.224 - - [03/Jan/2016:09:45:55 -0800] "GET /server-status?HTTP_POST=%\"%6346#%#/&#736%\"#423|;&HTTP_CGI_GET=GRESYYK\"K&J\"#L523D2G23H23 HTTP/1.0" 403 526 "-" "apache 0day by @hxmonsegur"
170.75.162.130 - - [03/Jan/2016:09:52:03 -0800] "GET /lib/reccapi.php?resort=alpinemeadows HTTP/1.1" 200 980 "-" "node-superagent/1.4.0"
185.106.92.44 - - [03/Jan/2016:10:07:27 -0800] "HEAD / HTTP/1.1" 200 291 "-" "curl/7.38.0"
72.47.22.76 - - [03/Jan/2016:10:10:40 -0800] "GET /images/wsis-logo-sm.png HTTP/1.1" 200 6108 "http://thebackcountry.net/" "Mozilla/5.0 (iPad; CPU OS 9_2 like Mac OS X) AppleWebKit/601.1 (KHTML, like Gecko) CriOS/47.0.2526.107 Mobile/13C75 Safari/601.1.46"
188.68.224.62 - - [03/Jan/2016:10:17:30 -0800] "GET http://dhg.pisz.pl/httptest.php HTTP/1.1" 404 444 "-" "-"
188.68.224.62 - - [03/Jan/2016:10:22:30 -0800] "GET http://dhg.pisz.pl/httptest.php HTTP/1.1" 404 444 "-" "-"
24.7.138.106 - - [03/Jan/2016:10:22:31 -0800] "GET /images/wsis-logo-sm.png HTTP/1.1" 200 6108 "http://www.thebackcountry.net/" "Mozilla/5.0 (Linux; Android 5.1.1; SAMSUNG-SM-N920A Build/LMY47X) AppleWebKit/537.36 (KHTML, like Gecko) Chrome/47.0.2526.83 Mobile Safari/537.36"
209.33.99.65 - - [03/Jan/2016:10:28:40 -0800] "GET /images/wsis-logo-sm.png HTTP/1.1" 200 6108 "http://www.thebackcountry.net/" "Mozilla/5.0 (Windows NT 6.1; WOW64) AppleWebKit/537.36 (KHTML, like Gecko) Chrome/47.0.2526.106 Safari/537.36"
180.76.15.142 - - [03/Jan/2016:10:33:38 -0800] "GET / HTTP/1.1" 200 6995 "-" "Mozilla/5.0 (compatible; Baiduspider/2.0; +http://www.baidu.com/search/spider.html)"
180.76.15.161 - - [03/Jan/2016:10:34:33 -0800] "GET / HTTP/1.1" 200 6995 "-" "Mozilla/5.0 (compatible; Baiduspider/2.0; +http://www.baidu.com/search/spider.html)"
71.83.117.41 - - [03/Jan/2016:10:47:16 -0800] "GET /images/wsis-logo-sm.png HTTP/1.1" 200 6108 "http://www.thebackcountry.net/" "Mozilla/5.0 (Macintosh; Intel Mac OS X 10_7_5) AppleWebKit/537.36 (KHTML, like Gecko) Chrome/47.0.2526.106 Safari/537.36"
73.222.7.55 - - [03/Jan/2016:10:54:45 -0800] "GET /images/wsis-logo-sm.png HTTP/1.1" 200 6108 "http://www.thebackcountry.net/" "Mozilla/5.0 (Macintosh; Intel Mac OS X 10_10_1) AppleWebKit/537.36 (KHTML, like Gecko) Chrome/47.0.2526.73 Safari/537.36"
185.25.148.240 - - [03/Jan/2016:10:57:34 -0800] "GET http://testp4.pospr.waw.pl/testproxy.php HTTP/1.1" 404 448 "-" "Mozilla/5.0 (Windows NT 5.1; rv:32.0) Gecko/20100101 Firefox/31.0"
71.142.213.94 - - [03/Jan/2016:11:00:17 -0800] "GET /images/wsis-logo-sm.png HTTP/1.1" 200 6108 "http://thebackcountry.net/" "Mozilla/5.0 (iPhone; CPU iPhone OS 9_2 like Mac OS X) AppleWebKit/601.1.46 (KHTML, like Gecko) Version/9.0 Mobile/13C75 Safari/601.1"
66.249.79.227 - - [03/Jan/2016:11:03:52 -0800] "GET /lib/reccapi.php?fields=t&date=2015-12-26 HTTP/1.1" 200 1887 "http://whereshouldiski.com/" "Mozilla/5.0 (compatible; Googlebot/2.1; +http://www.google.com/bot.html)"
108.249.134.199 - - [03/Jan/2016:11:07:12 -0800] "GET /images/wsis-logo-sm.png HTTP/1.1" 200 6108 "http://www.thebackcountry.net/" "Mozilla/5.0 (Windows NT 6.1; WOW64; Trident/7.0; rv:11.0) like Gecko"
108.249.134.199 - - [03/Jan/2016:11:07:34 -0800] "-" 408 0 "-" "-"
108.249.134.199 - - [03/Jan/2016:11:07:59 -0800] "GET / HTTP/1.1" 200 2615 "http://www.thebackcountry.net/" "Mozilla/5.0 (Windows NT 6.1; WOW64; Trident/7.0; rv:11.0) like Gecko"
108.249.134.199 - - [03/Jan/2016:11:07:59 -0800] "GET /scripts/scripts/vendor/modernizr.js HTTP/1.1" 200 4903 "http://whereshouldiski.com/" "Mozilla/5.0 (Windows NT 6.1; WOW64; Trident/7.0; rv:11.0) like Gecko"
108.249.134.199 - - [03/Jan/2016:11:07:59 -0800] "GET /styles/ee08faa9.main.css HTTP/1.1" 200 19446 "http://whereshouldiski.com/" "Mozilla/5.0 (Windows NT 6.1; WOW64; Trident/7.0; rv:11.0) like Gecko"
108.249.134.199 - - [03/Jan/2016:11:07:59 -0800] "GET /images/logo-square-white-sm.png HTTP/1.1" 200 1684 "http://whereshouldiski.com/" "Mozilla/5.0 (Windows NT 6.1; WOW64; Trident/7.0; rv:11.0) like Gecko"
108.249.134.199 - - [03/Jan/2016:11:07:59 -0800] "GET /images/loading.gif HTTP/1.1" 200 13882 "http://whereshouldiski.com/" "Mozilla/5.0 (Windows NT 6.1; WOW64; Trident/7.0; rv:11.0) like Gecko"
108.249.134.199 - - [03/Jan/2016:11:07:59 -0800] "GET /bower_components/requirejs/require.js HTTP/1.1" 200 6702 "http://whereshouldiski.com/" "Mozilla/5.0 (Windows NT 6.1; WOW64; Trident/7.0; rv:11.0) like Gecko"
108.249.134.199 - - [03/Jan/2016:11:08:01 -0800] "GET /images/button.png HTTP/1.1" 200 598 "http://whereshouldiski.com/" "Mozilla/5.0 (Windows NT 6.1; WOW64; Trident/7.0; rv:11.0) like Gecko"
108.249.134.199 - - [03/Jan/2016:11:08:01 -0800] "GET /scripts/fa48e319.main.js HTTP/1.1" 200 123455 "http://whereshouldiski.com/" "Mozilla/5.0 (Windows NT 6.1; WOW64; Trident/7.0; rv:11.0) like Gecko"
108.249.134.199 - - [03/Jan/2016:11:08:01 -0800] "GET /lib/reccapi.php?fields=t HTTP/1.1" 200 1986 "http://whereshouldiski.com/" "Mozilla/5.0 (Windows NT 6.1; WOW64; Trident/7.0; rv:11.0) like Gecko"
108.249.134.199 - - [03/Jan/2016:11:08:01 -0800] "GET /images/greyHeader.png HTTP/1.1" 200 508 "http://whereshouldiski.com/" "Mozilla/5.0 (Windows NT 6.1; WOW64; Trident/7.0; rv:11.0) like Gecko"
108.249.134.199 - - [03/Jan/2016:11:08:02 -0800] "GET /images/snowflake5.png HTTP/1.1" 200 2857 "http://whereshouldiski.com/" "Mozilla/5.0 (Windows NT 6.1; WOW64; Trident/7.0; rv:11.0) like Gecko"
108.249.134.199 - - [03/Jan/2016:11:08:02 -0800] "GET /images/star5.png HTTP/1.1" 200 1783 "http://whereshouldiski.com/" "Mozilla/5.0 (Windows NT 6.1; WOW64; Trident/7.0; rv:11.0) like Gecko"
108.249.134.199 - - [03/Jan/2016:11:08:02 -0800] "GET /images/bluebird5.png HTTP/1.1" 200 2177 "http://whereshouldiski.com/" "Mozilla/5.0 (Windows NT 6.1; WOW64; Trident/7.0; rv:11.0) like Gecko"
108.249.134.199 - - [03/Jan/2016:11:08:02 -0800] "GET /images/mtns-icon.png HTTP/1.1" 200 1096 "http://whereshouldiski.com/" "Mozilla/5.0 (Windows NT 6.1; WOW64; Trident/7.0; rv:11.0) like Gecko"
108.249.134.199 - - [03/Jan/2016:11:08:02 -0800] "GET /images/shading-icon.png HTTP/1.1" 200 536 "http://whereshouldiski.com/" "Mozilla/5.0 (Windows NT 6.1; WOW64; Trident/7.0; rv:11.0) like Gecko"
108.249.134.199 - - [03/Jan/2016:11:08:03 -0800] "GET /favicon.ico HTTP/1.1" 200 4613 "-" "Mozilla/5.0 (Windows NT 6.1; Win64; x64; Trident/7.0; rv:11.0) like Gecko"
127.0.0.1 - - [03/Jan/2016:11:08:09 -0800] "OPTIONS * HTTP/1.0" 200 126 "-" "Apache/2.2.22 (Ubuntu) (internal dummy connection)"
108.249.134.199 - - [03/Jan/2016:11:08:24 -0800] "-" 408 0 "-" "-"
127.0.0.1 - - [03/Jan/2016:11:08:25 -0800] "OPTIONS * HTTP/1.0" 200 126 "-" "Apache/2.2.22 (Ubuntu) (internal dummy connection)"
66.249.79.227 - - [03/Jan/2016:11:12:45 -0800] "GET /lib/reccapi.php?fields=t&date=2015-12-27 HTTP/1.1" 200 1947 "http://whereshouldiski.com/" "Mozilla/5.0 (compatible; Googlebot/2.1; +http://www.google.com/bot.html)"
66.237.95.154 - - [03/Jan/2016:11:17:55 -0800] "GET /images/wsis-logo-sm.png HTTP/1.1" 200 6108 "http://thebackcountry.net/" "Mozilla/5.0 (iPhone; CPU iPhone OS 9_2 like Mac OS X) AppleWebKit/601.1.46 (KHTML, like Gecko) Version/9.0 Mobile/13C75 Safari/601.1"
188.68.224.62 - - [03/Jan/2016:11:26:43 -0800] "GET http://dhg.pisz.pl/httptest.php HTTP/1.1" 404 444 "-" "-"
66.249.84.247 - - [03/Jan/2016:11:28:47 -0800] "GET / HTTP/1.1" 200 2615 "-" "Mozilla/5.0 (Windows NT 6.1; rv:6.0) Gecko/20110814 Firefox/6.0 Google Favicon"
66.249.84.241 - - [03/Jan/2016:11:28:47 -0800] "GET /favicon.ico HTTP/1.1" 200 4613 "-" "Mozilla/5.0 (Windows NT 6.1; rv:6.0) Gecko/20110814 Firefox/6.0 Google Favicon"
170.75.162.130 - - [03/Jan/2016:11:30:46 -0800] "GET /lib/reccapi.php?resort=diamondpeak HTTP/1.1" 200 944 "-" "node-superagent/1.4.0"
180.76.15.7 - - [03/Jan/2016:11:34:45 -0800] "GET / HTTP/1.1" 200 6995 "-" "Mozilla/5.0 (compatible; Baiduspider/2.0; +http://www.baidu.com/search/spider.html)"
180.76.15.14 - - [03/Jan/2016:11:35:42 -0800] "GET / HTTP/1.1" 200 6995 "-" "Mozilla/5.0 (compatible; Baiduspider/2.0; +http://www.baidu.com/search/spider.html)"
24.32.31.119 - - [03/Jan/2016:11:36:02 -0800] "GET /images/wsis-logo-sm.png HTTP/1.1" 200 6108 "http://www.thebackcountry.net/" "Mozilla/5.0 (iPhone; CPU iPhone OS 7_0 like Mac OS X) AppleWebKit/537.51.1 (KHTML, like Gecko) Version/7.0 Mobile/11A465 Safari/9537.53"
96.41.194.79 - - [03/Jan/2016:11:52:08 -0800] "GET / HTTP/1.1" 200 2615 "-" "Mozilla/5.0 (Macintosh; Intel Mac OS X 10_10_5) AppleWebKit/537.36 (KHTML, like Gecko) Chrome/47.0.2526.106 Safari/537.36"
96.41.194.79 - - [03/Jan/2016:11:52:09 -0800] "GET /styles/ee08faa9.main.css HTTP/1.1" 200 19446 "http://whereshouldiski.com/" "Mozilla/5.0 (Macintosh; Intel Mac OS X 10_10_5) AppleWebKit/537.36 (KHTML, like Gecko) Chrome/47.0.2526.106 Safari/537.36"
96.41.194.79 - - [03/Jan/2016:11:52:09 -0800] "GET /scripts/scripts/vendor/modernizr.js HTTP/1.1" 200 4903 "http://whereshouldiski.com/" "Mozilla/5.0 (Macintosh; Intel Mac OS X 10_10_5) AppleWebKit/537.36 (KHTML, like Gecko) Chrome/47.0.2526.106 Safari/537.36"
96.41.194.79 - - [03/Jan/2016:11:52:09 -0800] "GET /images/logo-square-white-sm.png HTTP/1.1" 200 1683 "http://whereshouldiski.com/" "Mozilla/5.0 (Macintosh; Intel Mac OS X 10_10_5) AppleWebKit/537.36 (KHTML, like Gecko) Chrome/47.0.2526.106 Safari/537.36"
96.41.194.79 - - [03/Jan/2016:11:52:09 -0800] "GET /images/loading.gif HTTP/1.1" 200 13882 "http://whereshouldiski.com/" "Mozilla/5.0 (Macintosh; Intel Mac OS X 10_10_5) AppleWebKit/537.36 (KHTML, like Gecko) Chrome/47.0.2526.106 Safari/537.36"
96.41.194.79 - - [03/Jan/2016:11:52:09 -0800] "GET /bower_components/requirejs/require.js HTTP/1.1" 200 6702 "http://whereshouldiski.com/" "Mozilla/5.0 (Macintosh; Intel Mac OS X 10_10_5) AppleWebKit/537.36 (KHTML, like Gecko) Chrome/47.0.2526.106 Safari/537.36"
96.41.194.79 - - [03/Jan/2016:11:52:09 -0800] "GET /scripts/fa48e319.main.js HTTP/1.1" 200 123455 "http://whereshouldiski.com/" "Mozilla/5.0 (Macintosh; Intel Mac OS X 10_10_5) AppleWebKit/537.36 (KHTML, like Gecko) Chrome/47.0.2526.106 Safari/537.36"
96.41.194.79 - - [03/Jan/2016:11:52:10 -0800] "GET /images/button.png HTTP/1.1" 200 598 "http://whereshouldiski.com/styles/ee08faa9.main.css" "Mozilla/5.0 (Macintosh; Intel Mac OS X 10_10_5) AppleWebKit/537.36 (KHTML, like Gecko) Chrome/47.0.2526.106 Safari/537.36"
96.41.194.79 - - [03/Jan/2016:11:52:10 -0800] "GET /images/greyHeader.png HTTP/1.1" 200 508 "http://whereshouldiski.com/styles/ee08faa9.main.css" "Mozilla/5.0 (Macintosh; Intel Mac OS X 10_10_5) AppleWebKit/537.36 (KHTML, like Gecko) Chrome/47.0.2526.106 Safari/537.36"
96.41.194.79 - - [03/Jan/2016:11:52:10 -0800] "GET /lib/reccapi.php?fields=t HTTP/1.1" 200 1986 "http://whereshouldiski.com/" "Mozilla/5.0 (Macintosh; Intel Mac OS X 10_10_5) AppleWebKit/537.36 (KHTML, like Gecko) Chrome/47.0.2526.106 Safari/537.36"
96.41.194.79 - - [03/Jan/2016:11:52:10 -0800] "GET /images/snowflake5.png HTTP/1.1" 200 2857 "http://whereshouldiski.com/styles/ee08faa9.main.css" "Mozilla/5.0 (Macintosh; Intel Mac OS X 10_10_5) AppleWebKit/537.36 (KHTML, like Gecko) Chrome/47.0.2526.106 Safari/537.36"
96.41.194.79 - - [03/Jan/2016:11:52:10 -0800] "GET /images/star5.png HTTP/1.1" 200 1783 "http://whereshouldiski.com/styles/ee08faa9.main.css" "Mozilla/5.0 (Macintosh; Intel Mac OS X 10_10_5) AppleWebKit/537.36 (KHTML, like Gecko) Chrome/47.0.2526.106 Safari/537.36"
96.41.194.79 - - [03/Jan/2016:11:52:10 -0800] "GET /images/bluebird5.png HTTP/1.1" 200 2177 "http://whereshouldiski.com/styles/ee08faa9.main.css" "Mozilla/5.0 (Macintosh; Intel Mac OS X 10_10_5) AppleWebKit/537.36 (KHTML, like Gecko) Chrome/47.0.2526.106 Safari/537.36"
96.41.194.79 - - [03/Jan/2016:11:52:10 -0800] "GET /images/mtns-icon.png HTTP/1.1" 200 1096 "http://whereshouldiski.com/styles/ee08faa9.main.css" "Mozilla/5.0 (Macintosh; Intel Mac OS X 10_10_5) AppleWebKit/537.36 (KHTML, like Gecko) Chrome/47.0.2526.106 Safari/537.36"
96.41.194.79 - - [03/Jan/2016:11:52:10 -0800] "GET /images/shading-icon.png HTTP/1.1" 200 537 "http://whereshouldiski.com/styles/ee08faa9.main.css" "Mozilla/5.0 (Macintosh; Intel Mac OS X 10_10_5) AppleWebKit/537.36 (KHTML, like Gecko) Chrome/47.0.2526.106 Safari/537.36"
96.41.194.79 - - [03/Jan/2016:11:52:13 -0800] "GET /lib/reccapi.php?fields=t&coords=46.2531635,-119.2219425 HTTP/1.1" 200 2182 "http://whereshouldiski.com/" "Mozilla/5.0 (Macintosh; Intel Mac OS X 10_10_5) AppleWebKit/537.36 (KHTML, like Gecko) Chrome/47.0.2526.106 Safari/537.36"
185.130.5.224 - - [03/Jan/2016:11:56:38 -0800] "GET /server-status?HTTP_POST=%\"%6346#%#/&#736%\"#423|;&HTTP_CGI_GET=GRESYYK\"K&J\"#L523D2G23H23 HTTP/1.0" 403 526 "-" "apache 0day by @hxmonsegur"
83.41.33.8 - - [03/Jan/2016:11:59:15 -0800] "GET /images/wsis-logo-sm.png HTTP/1.1" 200 6108 "http://www.thebackcountry.net/" "Mozilla/5.0 (Linux; U; Android 4.2.2; es-es; SM-T110 Build/JDQ39) AppleWebKit/534.30 (KHTML, like Gecko) Version/4.0 Safari/534.30"
71.142.213.94 - - [03/Jan/2016:12:03:36 -0800] "GET /images/wsis-logo-sm.png HTTP/1.1" 200 6108 "http://thebackcountry.net/" "Mozilla/5.0 (Windows NT 6.1; Trident/7.0; rv:11.0) like Gecko"
170.75.162.130 - - [03/Jan/2016:12:24:02 -0800] "GET /lib/reccapi.php?resort=sundayriver HTTP/1.1" 200 996 "-" "node-superagent/1.4.0"
170.75.162.130 - - [03/Jan/2016:12:29:33 -0800] "GET /lib/reccapi.php?resort=devilshead HTTP/1.1" 200 940 "-" "node-superagent/1.4.0"
66.249.79.234 - - [03/Jan/2016:12:32:47 -0800] "GET /lib/reccapi.php?fields=t&date=2015-12-28 HTTP/1.1" 200 1884 "http://whereshouldiski.com/" "Mozilla/5.0 (compatible; Googlebot/2.1; +http://www.google.com/bot.html)"
180.76.15.162 - - [03/Jan/2016:12:33:10 -0800] "GET / HTTP/1.1" 200 6995 "-" "Mozilla/5.0 (compatible; Baiduspider/2.0; +http://www.baidu.com/search/spider.html)"
180.76.15.148 - - [03/Jan/2016:12:34:06 -0800] "GET / HTTP/1.1" 200 6995 "-" "Mozilla/5.0 (compatible; Baiduspider/2.0; +http://www.baidu.com/search/spider.html)"
170.75.162.130 - - [03/Jan/2016:12:34:24 -0800] "GET /lib/reccapi.php?resort=squawvalleyusa HTTP/1.1" 200 1000 "-" "node-superagent/1.4.0"
24.205.107.95 - - [03/Jan/2016:12:35:52 -0800] "GET /images/wsis-logo-sm.png HTTP/1.1" 200 6108 "http://www.thebackcountry.net/" "Mozilla/5.0 (iPad; CPU OS 9_1 like Mac OS X) AppleWebKit/601.1.46 (KHTML, like Gecko) Version/9.0 Mobile/13B143 Safari/601.1"
149.202.188.134 - - [03/Jan/2016:12:38:00 -0800] "GET /CFIDE/administrator/ HTTP/1.1" 404 526 "-" "-"
170.75.162.130 - - [03/Jan/2016:12:39:54 -0800] "GET /lib/reccapi.php?resort=homewoodmountain HTTP/1.1" 200 1003 "-" "node-superagent/1.4.0"
70.213.4.232 - - [03/Jan/2016:12:42:08 -0800] "GET /images/wsis-logo-sm.png HTTP/1.1" 200 6108 "http://thebackcountry.net/" "Mozilla/5.0 (iPhone; CPU iPhone OS 9_2 like Mac OS X) AppleWebKit/601.1.46 (KHTML, like Gecko) Version/9.0 Mobile/13C75 Safari/601.1"
73.2.122.85 - - [03/Jan/2016:12:45:26 -0800] "GET /images/wsis-logo-sm.png HTTP/1.1" 200 6108 "http://www.thebackcountry.net/" "Mozilla/5.0 (Macintosh; Intel Mac OS X 10_6_8) AppleWebKit/534.59.10 (KHTML, like Gecko) Version/5.1.9 Safari/534.59.10"
180.76.15.146 - - [03/Jan/2016:12:53:28 -0800] "GET /resorts?resort=mounthoodmeadows HTTP/1.1" 404 469 "-" "Mozilla/5.0 (compatible; Baiduspider/2.0; +http://www.baidu.com/search/spider.html)"
170.75.162.130 - - [03/Jan/2016:12:57:57 -0800] "GET /lib/reccapi.php?resort=alta HTTP/1.1" 200 947 "-" "node-superagent/1.4.0"
170.75.162.130 - - [03/Jan/2016:12:58:47 -0800] "GET /lib/reccapi.php?resort=killington HTTP/1.1" 200 1050 "-" "node-superagent/1.4.0"
170.75.162.130 - - [03/Jan/2016:13:01:27 -0800] "GET /lib/reccapi.php?resort=sugarloaf HTTP/1.1" 200 975 "-" "node-superagent/1.4.0"
170.75.162.130 - - [03/Jan/2016:13:07:38 -0800] "GET /lib/reccapi.php?resort=heavenly HTTP/1.1" 200 993 "-" "node-superagent/1.4.0"
170.75.162.130 - - [03/Jan/2016:13:07:38 -0800] "GET /lib/reccapi.php?resort=kirkwood HTTP/1.1" 200 978 "-" "node-superagent/1.4.0"
170.75.162.130 - - [03/Jan/2016:13:07:38 -0800] "GET /lib/reccapi.php?resort=mtrose HTTP/1.1" 200 959 "-" "node-superagent/1.4.0"
170.75.162.130 - - [03/Jan/2016:13:07:38 -0800] "GET /lib/reccapi.php?resort=northstar-at-tahoe HTTP/1.1" 200 966 "-" "node-superagent/1.4.0"
170.75.162.130 - - [03/Jan/2016:13:07:38 -0800] "GET /lib/reccapi.php?resort=sugarbowl HTTP/1.1" 200 993 "-" "node-superagent/1.4.0"
170.75.162.130 - - [03/Jan/2016:13:07:38 -0800] "GET /lib/reccapi.php?resort=sierra-at-tahoe HTTP/1.1" 200 970 "-" "node-superagent/1.4.0"
185.130.5.224 - - [03/Jan/2016:13:08:14 -0800] "GET /server-status?HTTP_POST=%\"%6346#%#/&#736%\"#423|;&HTTP_CGI_GET=GRESYYK\"K&J\"#L523D2G23H23 HTTP/1.0" 403 526 "-" "apache 0day by @hxmonsegur"
128.218.43.239 - - [03/Jan/2016:13:09:38 -0800] "GET /images/wsis-logo-sm.png HTTP/1.1" 200 6108 "http://www.thebackcountry.net/" "Mozilla/5.0 (Macintosh; Intel Mac OS X 10_10_5) AppleWebKit/601.3.9 (KHTML, like Gecko) Version/9.0.2 Safari/601.3.9"
107.77.109.91 - - [03/Jan/2016:13:11:15 -0800] "GET /images/wsis-logo-sm.png HTTP/1.1" 200 6108 "http://www.thebackcountry.net/" "Mozilla/5.0 (iPhone; CPU iPhone OS 8_4 like Mac OS X) AppleWebKit/600.1.4 (KHTML, like Gecko) Version/8.0 Mobile/12H143 Safari/600.1.4"
170.75.162.130 - - [03/Jan/2016:13:33:31 -0800] "GET /lib/reccapi.php?resort=bigwhite HTTP/1.1" 200 915 "-" "node-superagent/1.4.0"
180.76.15.154 - - [03/Jan/2016:13:34:19 -0800] "GET / HTTP/1.1" 200 6995 "-" "Mozilla/5.0 (compatible; Baiduspider/2.0; +http://www.baidu.com/search/spider.html)"
180.76.15.135 - - [03/Jan/2016:13:35:14 -0800] "GET / HTTP/1.1" 200 6995 "-" "Mozilla/5.0 (compatible; Baiduspider/2.0; +http://www.baidu.com/search/spider.html)"
66.249.79.234 - - [03/Jan/2016:13:37:04 -0800] "GET /lib/reccapi.php?resort=aspenmountain&date=2016-01-02 HTTP/1.1" 200 1016 "http://whereshouldiski.com/" "Mozilla/5.0 (compatible; Googlebot/2.1; +http://www.google.com/bot.html)"
66.249.79.220 - - [03/Jan/2016:13:37:05 -0800] "GET /lib/reccapi.php?fields=t&date=2016-01-02&coords=39.17%2C-106.8&size=7&sort=distance HTTP/1.1" 200 1309 "http://whereshouldiski.com/" "Mozilla/5.0 (compatible; Googlebot/2.1; +http://www.google.com/bot.html)"
66.249.79.220 - - [03/Jan/2016:13:37:05 -0800] "GET /lib/resortDataSearchD3.php?size=7&sortDate=T&resort=aspenmountain&dateStart=2015-12-31 HTTP/1.1" 200 851 "http://whereshouldiski.com/" "Mozilla/5.0 (compatible; Googlebot/2.1; +http://www.google.com/bot.html)"
170.75.162.130 - - [03/Jan/2016:13:41:33 -0800] "GET /lib/reccapi.php?resort=alyeska HTTP/1.1" 200 1048 "-" "node-superagent/1.4.0"
170.75.162.130 - - [03/Jan/2016:13:41:33 -0800] "GET /lib/reccapi.php?resort=jacksonhole HTTP/1.1" 200 982 "-" "node-superagent/1.4.0"
170.75.162.130 - - [03/Jan/2016:13:41:33 -0800] "GET /lib/reccapi.php?resort=mammothmountain HTTP/1.1" 200 1006 "-" "node-superagent/1.4.0"
170.75.162.130 - - [03/Jan/2016:13:41:33 -0800] "GET /lib/reccapi.php?resort=snowbird HTTP/1.1" 200 954 "-" "node-superagent/1.4.0"
170.75.162.130 - - [03/Jan/2016:13:41:33 -0800] "GET /lib/reccapi.php?resort=solitude HTTP/1.1" 200 948 "-" "node-superagent/1.4.0"
170.75.162.130 - - [03/Jan/2016:13:41:33 -0800] "GET /lib/reccapi.php?resort=grandtarghee HTTP/1.1" 200 991 "-" "node-superagent/1.4.0"
170.75.162.130 - - [03/Jan/2016:13:41:33 -0800] "GET /lib/reccapi.php?resort=telluride HTTP/1.1" 200 960 "-" "node-superagent/1.4.0"
71.11.182.175 - - [03/Jan/2016:13:46:17 -0800] "GET /images/wsis-logo-sm.png HTTP/1.1" 200 6108 "http://www.thebackcountry.net/" "Mozilla/5.0 (Windows NT 6.1; WOW64; Trident/7.0; rv:11.0) like Gecko"
71.11.182.175 - - [03/Jan/2016:13:46:38 -0800] "-" 408 0 "-" "-"
96.38.183.229 - - [03/Jan/2016:13:46:45 -0800] "GET /images/wsis-logo-sm.png HTTP/1.1" 200 6108 "http://www.thebackcountry.net/" "Mozilla/5.0 (Macintosh; Intel Mac OS X 10.9; rv:43.0) Gecko/20100101 Firefox/43.0"
107.138.90.136 - - [03/Jan/2016:14:09:56 -0800] "GET /images/wsis-logo-sm.png HTTP/1.1" 200 6108 "http://www.thebackcountry.net/" "Mozilla/5.0 (Macintosh; Intel Mac OS X 10_10_5) AppleWebKit/601.3.9 (KHTML, like Gecko) Version/9.0.2 Safari/601.3.9"
98.248.202.223 - - [03/Jan/2016:14:13:20 -0800] "GET /images/wsis-logo-sm.png HTTP/1.1" 200 6108 "http://thebackcountry.net/" "Mozilla/5.0 (Linux; Android 5.1.1; VS990 Build/LMY47V) AppleWebKit/537.36 (KHTML, like Gecko) Chrome/47.0.2526.83 Mobile Safari/537.36"
188.68.224.62 - - [03/Jan/2016:14:13:30 -0800] "GET http://dhg.pisz.pl/httptest.php HTTP/1.1" 404 444 "-" "-"
98.248.202.223 - - [03/Jan/2016:14:14:06 -0800] "GET /images/wsis-logo-sm.png HTTP/1.1" 304 187 "http://thebackcountry.net/" "Mozilla/5.0 (Linux; Android 5.1.1; VS990 Build/LMY47V) AppleWebKit/537.36 (KHTML, like Gecko) Chrome/47.0.2526.83 Mobile Safari/537.36"
42.156.139.46 - - [03/Jan/2016:14:21:36 -0800] "GET /styles/ee08faa9.main.css HTTP/1.1" 200 19447 "http://whereshouldiski.com/" "YisouSpider"
24.32.24.76 - - [03/Jan/2016:14:21:42 -0800] "GET /images/wsis-logo-sm.png HTTP/1.1" 200 6108 "http://www.thebackcountry.net/" "Mozilla/5.0 (Windows NT 6.1; WOW64) AppleWebKit/537.36 (KHTML, like Gecko) Chrome/47.0.2526.106 Safari/537.36"
166.137.242.112 - - [03/Jan/2016:14:29:42 -0800] "GET /images/wsis-logo-sm.png HTTP/1.1" 200 6108 "http://www.thebackcountry.net/" "Mozilla/5.0 (iPhone; CPU iPhone OS 7_1 like Mac OS X) AppleWebKit/537.51.2 (KHTML, like Gecko) Version/7.0 Mobile/11D167 Safari/9537.53"
180.76.15.33 - - [03/Jan/2016:14:33:27 -0800] "GET / HTTP/1.1" 200 6995 "-" "Mozilla/5.0 (compatible; Baiduspider/2.0; +http://www.baidu.com/search/spider.html)"
180.76.15.10 - - [03/Jan/2016:14:34:25 -0800] "GET / HTTP/1.1" 200 6995 "-" "Mozilla/5.0 (compatible; Baiduspider/2.0; +http://www.baidu.com/search/spider.html)"
69.227.209.216 - - [03/Jan/2016:14:35:44 -0800] "GET /images/wsis-logo-sm.png HTTP/1.1" 200 6108 "http://www.thebackcountry.net/" "Mozilla/5.0 (Linux; Android 5.1.1; SM-G920V Build/LMY47X) AppleWebKit/537.36 (KHTML, like Gecko) Chrome/47.0.2526.83 Mobile Safari/537.36"
70.214.41.231 - - [03/Jan/2016:14:37:01 -0800] "GET /images/wsis-logo-sm.png HTTP/1.1" 200 6108 "http://www.thebackcountry.net/" "Mozilla/5.0 (iPhone; CPU iPhone OS 9_2 like Mac OS X) AppleWebKit/601.1.46 (KHTML, like Gecko) Version/9.0 Mobile/13C75 Safari/601.1"
98.208.53.130 - - [03/Jan/2016:14:39:13 -0800] "GET /images/wsis-logo-sm.png HTTP/1.1" 200 6108 "http://thebackcountry.net/" "Mozilla/5.0 (Linux; Android 5.0; SM-G900V Build/LRX21T) AppleWebKit/537.36 (KHTML, like Gecko) Chrome/47.0.2526.83 Mobile Safari/537.36"
24.130.2.22 - - [03/Jan/2016:14:39:52 -0800] "GET /images/wsis-logo-sm.png HTTP/1.1" 200 6108 "http://www.thebackcountry.net/" "Mozilla/5.0 (Windows NT 10.0; WOW64) AppleWebKit/537.36 (KHTML, like Gecko) Chrome/47.0.2526.106 Safari/537.36"
157.55.39.86 - - [03/Jan/2016:14:47:45 -0800] "GET /robots.txt HTTP/1.1" 200 375 "-" "Mozilla/5.0 (compatible; bingbot/2.0; +http://www.bing.com/bingbot.htm)"
157.55.39.86 - - [03/Jan/2016:14:47:57 -0800] "GET / HTTP/1.1" 200 2615 "-" "Mozilla/5.0 (compatible; bingbot/2.0; +http://www.bing.com/bingbot.htm)"
66.189.168.243 - - [03/Jan/2016:14:49:47 -0800] "GET /images/wsis-logo-sm.png HTTP/1.1" 200 6108 "http://www.thebackcountry.net/" "Mozilla/5.0 (iPhone; CPU iPhone OS 9_1 like Mac OS X) AppleWebKit/601.1.46 (KHTML, like Gecko) Mobile/13B143"
185.130.5.224 - - [03/Jan/2016:14:51:23 -0800] "GET /server-status?HTTP_POST=%\"%6346#%#/&#736%\"#423|;&HTTP_CGI_GET=GRESYYK\"K&J\"#L523D2G23H23 HTTP/1.0" 403 526 "-" "apache 0day by @hxmonsegur"
66.249.79.220 - - [03/Jan/2016:14:53:55 -0800] "GET /lib/reccapi.php?fields=t&date=2015-12-29 HTTP/1.1" 200 1896 "http://whereshouldiski.com/" "Mozilla/5.0 (compatible; Googlebot/2.1; +http://www.google.com/bot.html)"
24.23.137.169 - - [03/Jan/2016:14:54:00 -0800] "GET /images/wsis-logo-sm.png HTTP/1.1" 304 187 "http://www.thebackcountry.net/" "Mozilla/5.0 (Windows NT 6.1; WOW64) AppleWebKit/537.36 (KHTML, like Gecko) Chrome/47.0.2526.106 Safari/537.36"
118.98.104.21 - - [03/Jan/2016:14:55:31 -0800] "GET /user/soapCaller.bs HTTP/1.1" 404 470 "-" "Morfeus Fucking Scanner"
107.77.109.66 - - [03/Jan/2016:14:56:01 -0800] "GET /images/wsis-logo-sm.png HTTP/1.1" 200 6108 "http://www.thebackcountry.net/" "Mozilla/5.0 (iPhone; CPU iPhone OS 9_2 like Mac OS X) AppleWebKit/601.1.46 (KHTML, like Gecko) Mobile/13C75"
50.0.128.181 - - [03/Jan/2016:15:00:46 -0800] "GET /images/wsis-logo-sm.png HTTP/1.1" 200 6108 "http://www.thebackcountry.net/" "Mozilla/5.0 (Windows NT 10.0; WOW64) AppleWebKit/537.36 (KHTML, like Gecko) Chrome/47.0.2526.106 Safari/537.36"
157.55.39.86 - - [03/Jan/2016:15:07:19 -0800] "GET /robots.txt HTTP/1.1" 200 375 "-" "Mozilla/5.0 (compatible; bingbot/2.0; +http://www.bing.com/bingbot.htm)"
157.55.39.86 - - [03/Jan/2016:15:07:31 -0800] "GET / HTTP/1.1" 200 2615 "-" "Mozilla/5.0 (compatible; bingbot/2.0; +http://www.bing.com/bingbot.htm)"
170.75.162.130 - - [03/Jan/2016:15:14:55 -0800] "GET /lib/reccapi.php?resort=wildcatmountain HTTP/1.1" 200 991 "-" "node-superagent/1.4.0"
75.25.175.4 - - [03/Jan/2016:15:24:34 -0800] "GET / HTTP/1.1" 200 2615 "-" "Mozilla/5.0 (Macintosh; Intel Mac OS X 10_11) AppleWebKit/601.1.56 (KHTML, like Gecko) Version/9.0 Safari/601.1.56"
75.25.175.4 - - [03/Jan/2016:15:24:34 -0800] "GET /styles/ee08faa9.main.css HTTP/1.1" 200 19446 "http://whereshouldiski.com/" "Mozilla/5.0 (Macintosh; Intel Mac OS X 10_11) AppleWebKit/601.1.56 (KHTML, like Gecko) Version/9.0 Safari/601.1.56"
75.25.175.4 - - [03/Jan/2016:15:24:34 -0800] "GET /bower_components/requirejs/require.js HTTP/1.1" 200 6702 "http://whereshouldiski.com/" "Mozilla/5.0 (Macintosh; Intel Mac OS X 10_11) AppleWebKit/601.1.56 (KHTML, like Gecko) Version/9.0 Safari/601.1.56"
75.25.175.4 - - [03/Jan/2016:15:24:34 -0800] "GET /scripts/scripts/vendor/modernizr.js HTTP/1.1" 200 4903 "http://whereshouldiski.com/" "Mozilla/5.0 (Macintosh; Intel Mac OS X 10_11) AppleWebKit/601.1.56 (KHTML, like Gecko) Version/9.0 Safari/601.1.56"
75.25.175.4 - - [03/Jan/2016:15:24:35 -0800] "GET /images/logo-square-white-sm.png HTTP/1.1" 200 1683 "http://whereshouldiski.com/" "Mozilla/5.0 (Macintosh; Intel Mac OS X 10_11) AppleWebKit/601.1.56 (KHTML, like Gecko) Version/9.0 Safari/601.1.56"
75.25.175.4 - - [03/Jan/2016:15:24:35 -0800] "GET /images/loading.gif HTTP/1.1" 200 13881 "http://whereshouldiski.com/" "Mozilla/5.0 (Macintosh; Intel Mac OS X 10_11) AppleWebKit/601.1.56 (KHTML, like Gecko) Version/9.0 Safari/601.1.56"
75.25.175.4 - - [03/Jan/2016:15:24:35 -0800] "GET /images/button.png HTTP/1.1" 200 599 "http://whereshouldiski.com/" "Mozilla/5.0 (Macintosh; Intel Mac OS X 10_11) AppleWebKit/601.1.56 (KHTML, like Gecko) Version/9.0 Safari/601.1.56"
