24.180.42.102 - - [17/Apr/2015:08:39:21 -0700] "GET /images/wsis-logo-sm.png HTTP/1.1" 200 6108 "http://www.thebackcountry.net/" "Mozilla/5.0 (Windows NT 6.3; WOW64; Trident/7.0; rv:11.0) like Gecko"
24.180.42.102 - - [17/Apr/2015:08:39:43 -0700] "-" 408 0 "-" "-"
89.184.78.223 - - [17/Apr/2015:08:44:52 -0700] "GET / HTTP/1.1" 200 6095 "http://WHERESHOULDISKI.com" "Mozilla/5.0 (Windows; U; Windows NT 5.1; en-US) AppleWebKit/533.4 (KHTML, like Gecko) Chrome/5.0.375.99 Safari/533.4"
123.125.71.74 - - [17/Apr/2015:08:48:40 -0700] "-" 408 0 "-" "-"
220.181.108.147 - - [17/Apr/2015:08:51:35 -0700] "-" 408 0 "-" "-"
208.106.6.205 - - [17/Apr/2015:08:55:35 -0700] "GET /images/wsis-logo-sm.png HTTP/1.1" 200 6108 "http://www.thebackcountry.net/" "Mozilla/5.0 (Macintosh; Intel Mac OS X 10.6; rv:36.0) Gecko/20100101 Firefox/36.0"
107.77.75.117 - - [17/Apr/2015:09:04:07 -0700] "GET /images/wsis-logo-sm.png HTTP/1.1" 200 6108 "http://www.thebackcountry.net/" "Mozilla/5.0 (iPhone; CPU iPhone OS 7_0_4 like Mac OS X) AppleWebKit/537.51.1 (KHTML, like Gecko) Version/7.0 Mobile/11B554a Safari/9537.53"
170.75.162.130 - - [17/Apr/2015:09:04:14 -0700] "GET /lib/reccapi.php?resort=bigsky HTTP/1.1" 200 966 "-" "node-superagent/0.18.2"
170.75.162.130 - - [17/Apr/2015:09:04:14 -0700] "GET /lib/reccapi.php?resort=redlodge HTTP/1.1" 200 1028 "-" "node-superagent/0.18.2"
208.115.111.66 - - [17/Apr/2015:09:22:56 -0700] "GET /resorts?resort=kirkwood HTTP/1.1" 404 476 "-" "Mozilla/5.0 (compatible; DotBot/1.1; http://www.opensiteexplorer.org/dotbot, help@moz.com)"
208.115.111.66 - - [17/Apr/2015:09:23:02 -0700] "GET /resorts?resort=loveland HTTP/1.1" 404 476 "-" "Mozilla/5.0 (compatible; DotBot/1.1; http://www.opensiteexplorer.org/dotbot, help@moz.com)"
71.146.133.159 - - [17/Apr/2015:09:32:42 -0700] "GET /images/wsis-logo-sm.png HTTP/1.1" 200 6108 "http://www.thebackcountry.net/" "Mozilla/5.0 (iPhone; CPU iPhone OS 8_3 like Mac OS X) AppleWebKit/600.1.4 (KHTML, like Gecko) Version/8.0 Mobile/12F70 Safari/600.1.4"
75.111.104.29 - - [17/Apr/2015:09:36:40 -0700] "GET /images/wsis-logo-sm.png HTTP/1.1" 200 6108 "http://www.thebackcountry.net/" "Mozilla/5.0 (Macintosh; Intel Mac OS X 10_10_2) AppleWebKit/600.3.18 (KHTML, like Gecko) Version/8.0.3 Safari/600.3.18"
208.115.111.66 - - [17/Apr/2015:09:50:29 -0700] "GET /resorts?resort=stevenspass&date=2014-06-15 HTTP/1.1" 404 476 "-" "Mozilla/5.0 (compatible; DotBot/1.1; http://www.opensiteexplorer.org/dotbot, help@moz.com)"
70.196.210.50 - - [17/Apr/2015:09:52:54 -0700] "GET /images/wsis-logo-sm.png HTTP/1.1" 304 187 "http://www.thebackcountry.net/" "Mozilla/5.0 (iPhone; CPU iPhone OS 8_0_2 like Mac OS X) AppleWebKit/600.1.4 (KHTML, like Gecko) Version/8.0 Mobile/12A405 Safari/600.1.4"
123.125.71.88 - - [17/Apr/2015:09:57:41 -0700] "-" 408 0 "-" "-"
220.181.108.161 - - [17/Apr/2015:09:59:09 -0700] "-" 408 0 "-" "-"
70.211.76.121 - - [17/Apr/2015:10:03:07 -0700] "GET /images/wsis-logo-sm.png HTTP/1.1" 200 6108 "http://www.thebackcountry.net/" "Mozilla/5.0 (iPhone; CPU iPhone OS 8_2 like Mac OS X) AppleWebKit/600.1.4 (KHTML, like Gecko) Version/8.0 Mobile/12D508 Safari/600.1.4"
180.76.4.225 - - [17/Apr/2015:10:03:35 -0700] "GET / HTTP/1.1" 200 6114 "-" "Mozilla/4.0 (compatible; MSIE 7.0; Windows NT 6.0)"
68.180.228.182 - - [17/Apr/2015:10:11:12 -0700] "GET /resorts?resort=alyeska&date=2014-10-23 HTTP/1.1" 404 450 "-" "Mozilla/5.0 (compatible; Yahoo! Slurp; http://help.yahoo.com/help/us/ysearch/slurp)"
79.161.215.185 - - [17/Apr/2015:10:18:42 -0700] "GET /images/wsis-logo-sm.png HTTP/1.1" 200 6108 "http://www.thebackcountry.net/" "Mozilla/5.0 (iPhone; CPU iPhone OS 7_1_1 like Mac OS X) AppleWebKit/537.51.2 (KHTML, like Gecko) Version/7.0 Mobile/11D201 Safari/9537.53"
66.241.81.85 - - [17/Apr/2015:10:30:57 -0700] "GET /images/wsis-logo-sm.png HTTP/1.1" 200 6108 "http://www.thebackcountry.net/" "Mozilla/5.0 (Windows NT 6.1; WOW64) AppleWebKit/537.36 (KHTML, like Gecko) Chrome/42.0.2311.90 Safari/537.36"
216.52.242.14 - - [17/Apr/2015:10:33:58 -0700] "GET /images/viz-screenshot.png HTTP/1.1" 404 480 "-" "LinkedInBot/1.0 (compatible; Mozilla/5.0; Jakarta Commons-HttpClient/4.3 +http://www.linkedin.com)"
73.15.2.48 - - [17/Apr/2015:10:39:06 -0700] "GET / HTTP/1.1" 200 2376 "-" "Mozilla/5.0 (Windows NT 6.1; WOW64) AppleWebKit/537.36 (KHTML, like Gecko) Chrome/41.0.2272.118 Safari/537.36"
73.15.2.48 - - [17/Apr/2015:10:39:06 -0700] "GET /scripts/scripts/vendor/modernizr.js HTTP/1.1" 200 4903 "http://whereshouldiski.com/" "Mozilla/5.0 (Windows NT 6.1; WOW64) AppleWebKit/537.36 (KHTML, like Gecko) Chrome/41.0.2272.118 Safari/537.36"
73.15.2.48 - - [17/Apr/2015:10:39:06 -0700] "GET /styles/0fffd548.main.css HTTP/1.1" 200 19316 "http://whereshouldiski.com/" "Mozilla/5.0 (Windows NT 6.1; WOW64) AppleWebKit/537.36 (KHTML, like Gecko) Chrome/41.0.2272.118 Safari/537.36"
73.15.2.48 - - [17/Apr/2015:10:39:06 -0700] "GET /bower_components/requirejs/require.js HTTP/1.1" 200 6701 "http://whereshouldiski.com/" "Mozilla/5.0 (Windows NT 6.1; WOW64) AppleWebKit/537.36 (KHTML, like Gecko) Chrome/41.0.2272.118 Safari/537.36"
73.15.2.48 - - [17/Apr/2015:10:39:06 -0700] "GET /images/logo-sm.png HTTP/1.1" 200 16738 "http://whereshouldiski.com/" "Mozilla/5.0 (Windows NT 6.1; WOW64) AppleWebKit/537.36 (KHTML, like Gecko) Chrome/41.0.2272.118 Safari/537.36"
73.15.2.48 - - [17/Apr/2015:10:39:06 -0700] "GET /images/loading.gif HTTP/1.1" 200 13881 "http://whereshouldiski.com/" "Mozilla/5.0 (Windows NT 6.1; WOW64) AppleWebKit/537.36 (KHTML, like Gecko) Chrome/41.0.2272.118 Safari/537.36"
73.15.2.48 - - [17/Apr/2015:10:39:06 -0700] "GET /scripts/fa48e319.main.js HTTP/1.1" 200 123455 "http://whereshouldiski.com/" "Mozilla/5.0 (Windows NT 6.1; WOW64) AppleWebKit/537.36 (KHTML, like Gecko) Chrome/41.0.2272.118 Safari/537.36"
73.15.2.48 - - [17/Apr/2015:10:39:06 -0700] "GET /images/button.png HTTP/1.1" 200 598 "http://whereshouldiski.com/styles/0fffd548.main.css" "Mozilla/5.0 (Windows NT 6.1; WOW64) AppleWebKit/537.36 (KHTML, like Gecko) Chrome/41.0.2272.118 Safari/537.36"
73.15.2.48 - - [17/Apr/2015:10:39:06 -0700] "GET /images/greyHeader.png HTTP/1.1" 200 508 "http://whereshouldiski.com/styles/0fffd548.main.css" "Mozilla/5.0 (Windows NT 6.1; WOW64) AppleWebKit/537.36 (KHTML, like Gecko) Chrome/41.0.2272.118 Safari/537.36"
73.15.2.48 - - [17/Apr/2015:10:39:06 -0700] "GET /lib/reccapi.php?fields=t HTTP/1.1" 200 1801 "http://whereshouldiski.com/" "Mozilla/5.0 (Windows NT 6.1; WOW64) AppleWebKit/537.36 (KHTML, like Gecko) Chrome/41.0.2272.118 Safari/537.36"
73.15.2.48 - - [17/Apr/2015:10:39:06 -0700] "GET /images/snowflake5.png HTTP/1.1" 200 2857 "http://whereshouldiski.com/styles/0fffd548.main.css" "Mozilla/5.0 (Windows NT 6.1; WOW64) AppleWebKit/537.36 (KHTML, like Gecko) Chrome/41.0.2272.118 Safari/537.36"
73.15.2.48 - - [17/Apr/2015:10:39:06 -0700] "GET /images/mtns-icon.png HTTP/1.1" 200 1097 "http://whereshouldiski.com/styles/0fffd548.main.css" "Mozilla/5.0 (Windows NT 6.1; WOW64) AppleWebKit/537.36 (KHTML, like Gecko) Chrome/41.0.2272.118 Safari/537.36"
73.15.2.48 - - [17/Apr/2015:10:39:06 -0700] "GET /images/bluebird5.png HTTP/1.1" 200 2177 "http://whereshouldiski.com/styles/0fffd548.main.css" "Mozilla/5.0 (Windows NT 6.1; WOW64) AppleWebKit/537.36 (KHTML, like Gecko) Chrome/41.0.2272.118 Safari/537.36"
73.15.2.48 - - [17/Apr/2015:10:39:06 -0700] "GET /images/star5.png HTTP/1.1" 200 1783 "http://whereshouldiski.com/styles/0fffd548.main.css" "Mozilla/5.0 (Windows NT 6.1; WOW64) AppleWebKit/537.36 (KHTML, like Gecko) Chrome/41.0.2272.118 Safari/537.36"
73.15.2.48 - - [17/Apr/2015:10:39:06 -0700] "GET /images/shading-icon.png HTTP/1.1" 200 536 "http://whereshouldiski.com/styles/0fffd548.main.css" "Mozilla/5.0 (Windows NT 6.1; WOW64) AppleWebKit/537.36 (KHTML, like Gecko) Chrome/41.0.2272.118 Safari/537.36"
73.15.2.48 - - [17/Apr/2015:10:39:06 -0700] "GET /favicon.ico HTTP/1.1" 200 1475 "-" "Mozilla/5.0 (Windows NT 6.1; WOW64) AppleWebKit/537.36 (KHTML, like Gecko) Chrome/41.0.2272.118 Safari/537.36"
73.15.2.48 - - [17/Apr/2015:10:39:43 -0700] "GET /scripts/server/resorts.json HTTP/1.1" 200 8662 "http://whereshouldiski.com/" "Mozilla/5.0 (Windows NT 6.1; WOW64) AppleWebKit/537.36 (KHTML, like Gecko) Chrome/41.0.2272.118 Safari/537.36"
73.15.2.48 - - [17/Apr/2015:10:39:49 -0700] "GET /scripts/templates/feedback.html HTTP/1.1" 200 662 "http://whereshouldiski.com/" "Mozilla/5.0 (Windows NT 6.1; WOW64) AppleWebKit/537.36 (KHTML, like Gecko) Chrome/41.0.2272.118 Safari/537.36"
68.180.228.182 - - [17/Apr/2015:10:47:08 -0700] "GET /resorts?resort=sandiapeak&date=2014-10-04 HTTP/1.1" 404 450 "-" "Mozilla/5.0 (compatible; Yahoo! Slurp; http://help.yahoo.com/help/us/ysearch/slurp)"
170.75.162.130 - - [17/Apr/2015:10:53:03 -0700] "GET /lib/reccapi.php?resort=diamondpeak HTTP/1.1" 200 940 "-" "node-superagent/0.18.2"
170.75.162.130 - - [17/Apr/2015:10:53:03 -0700] "GET /lib/reccapi.php?resort=heavenly HTTP/1.1" 200 963 "-" "node-superagent/0.18.2"
170.75.162.130 - - [17/Apr/2015:10:53:03 -0700] "GET /lib/reccapi.php?resort=homewoodmountain HTTP/1.1" 200 972 "-" "node-superagent/0.18.2"
170.75.162.130 - - [17/Apr/2015:10:53:03 -0700] "GET /lib/reccapi.php?resort=kirkwood HTTP/1.1" 200 969 "-" "node-superagent/0.18.2"
170.75.162.130 - - [17/Apr/2015:10:53:03 -0700] "GET /lib/reccapi.php?resort=alpinemeadows HTTP/1.1" 200 962 "-" "node-superagent/0.18.2"
170.75.162.130 - - [17/Apr/2015:10:53:03 -0700] "GET /lib/reccapi.php?resort=northstar-at-tahoe HTTP/1.1" 200 975 "-" "node-superagent/0.18.2"
170.75.162.130 - - [17/Apr/2015:10:53:03 -0700] "GET /lib/reccapi.php?resort=mtrose HTTP/1.1" 200 947 "-" "node-superagent/0.18.2"
170.75.162.130 - - [17/Apr/2015:10:53:03 -0700] "GET /lib/reccapi.php?resort=sierra-at-tahoe HTTP/1.1" 200 953 "-" "node-superagent/0.18.2"
170.75.162.130 - - [17/Apr/2015:10:53:03 -0700] "GET /lib/reccapi.php?resort=squawvalleyusa HTTP/1.1" 200 986 "-" "node-superagent/0.18.2"
170.75.162.130 - - [17/Apr/2015:10:53:03 -0700] "GET /lib/reccapi.php?resort=sugarbowl HTTP/1.1" 200 967 "-" "node-superagent/0.18.2"
66.249.79.47 - - [17/Apr/2015:10:58:44 -0700] "GET / HTTP/1.1" 200 2376 "-" "Mozilla/5.0 (iPhone; CPU iPhone OS 6_0 like Mac OS X) AppleWebKit/536.26 (KHTML, like Gecko) Version/6.0 Mobile/10A5376e Safari/8536.25 (compatible; Googlebot/2.1; +http://www.google.com/bot.html)"
173.198.5.238 - - [17/Apr/2015:10:59:20 -0700] "GET /images/wsis-logo-sm.png HTTP/1.1" 200 6108 "http://www.thebackcountry.net/" "Mozilla/5.0 (Windows NT 6.1; WOW64; Trident/7.0; rv:11.0) like Gecko"
173.198.5.238 - - [17/Apr/2015:10:59:41 -0700] "-" 408 0 "-" "-"
123.125.71.88 - - [17/Apr/2015:11:08:57 -0700] "-" 408 0 "-" "-"
66.249.79.31 - - [17/Apr/2015:11:09:09 -0700] "GET /styles/0fffd548.main.css HTTP/1.1" 200 19317 "-" "Mozilla/5.0 (compatible; Googlebot/2.1; +http://www.google.com/bot.html)"
66.249.79.16 - - [17/Apr/2015:11:09:12 -0700] "GET /lib/reccapi.php?fields=t HTTP/1.1" 200 1802 "http://www.whereshouldiski.com/" "Mozilla/5.0 (compatible; Googlebot/2.1; +http://www.google.com/bot.html)"
220.181.108.154 - - [17/Apr/2015:11:10:53 -0700] "GET / HTTP/1.1" 200 2339 "-" "Mozilla/5.0 (Windows NT 5.1; rv:6.0.2) Gecko/20100101 Firefox/6.0.2"
220.181.108.186 - - [17/Apr/2015:11:11:26 -0700] "GET / HTTP/1.1" 200 6114 "-" "Mozilla/5.0 (Windows NT 5.1; rv:6.0.2) Gecko/20100101 Firefox/6.0.2"
170.75.162.130 - - [17/Apr/2015:11:12:25 -0700] "GET /lib/reccapi.php?resort=aspenheights HTTP/1.1" 200 1073 "-" "node-superagent/0.18.2"
170.75.162.130 - - [17/Apr/2015:11:12:25 -0700] "GET /lib/reccapi.php?resort=aspenmountain HTTP/1.1" 200 1071 "-" "node-superagent/0.18.2"
170.75.162.130 - - [17/Apr/2015:11:12:25 -0700] "GET /lib/reccapi.php?resort=arapahoebasin HTTP/1.1" 200 1099 "-" "node-superagent/0.18.2"
170.75.162.130 - - [17/Apr/2015:11:12:25 -0700] "GET /lib/reccapi.php?resort=coppermountain HTTP/1.1" 200 1080 "-" "node-superagent/0.18.2"
170.75.162.130 - - [17/Apr/2015:11:12:25 -0700] "GET /lib/reccapi.php?resort=crestedbutte HTTP/1.1" 200 1077 "-" "node-superagent/0.18.2"
170.75.162.130 - - [17/Apr/2015:11:12:25 -0700] "GET /lib/reccapi.php?resort=keystone HTTP/1.1" 200 1081 "-" "node-superagent/0.18.2"
170.75.162.130 - - [17/Apr/2015:11:12:25 -0700] "GET /lib/reccapi.php?resort=buttermilk HTTP/1.1" 200 1074 "-" "node-superagent/0.18.2"
170.75.162.130 - - [17/Apr/2015:11:12:25 -0700] "GET /lib/reccapi.php?resort=loveland HTTP/1.1" 200 1080 "-" "node-superagent/0.18.2"
170.75.162.130 - - [17/Apr/2015:11:12:25 -0700] "GET /lib/reccapi.php?resort=monarch HTTP/1.1" 200 1053 "-" "node-superagent/0.18.2"
170.75.162.130 - - [17/Apr/2015:11:12:25 -0700] "GET /lib/reccapi.php?resort=snowmass HTTP/1.1" 200 1050 "-" "node-superagent/0.18.2"
170.75.162.130 - - [17/Apr/2015:11:12:25 -0700] "GET /lib/reccapi.php?resort=steamboat HTTP/1.1" 200 1075 "-" "node-superagent/0.18.2"
170.75.162.130 - - [17/Apr/2015:11:12:25 -0700] "GET /lib/reccapi.php?resort=telluride HTTP/1.1" 200 1036 "-" "node-superagent/0.18.2"
170.75.162.130 - - [17/Apr/2015:11:13:25 -0700] "GET /lib/reccapi.php?resort=winterpark HTTP/1.1" 200 1054 "-" "node-superagent/0.18.2"
220.181.108.102 - - [17/Apr/2015:11:14:06 -0700] "GET /images/logo-sm.png HTTP/1.1" 200 16701 "-" "Baiduspider-image+(+http://www.baidu.com/search/spider.htm)"
162.15.1.100 - - [17/Apr/2015:11:20:15 -0700] "GET /images/wsis-logo-sm.png HTTP/1.1" 200 6108 "http://www.thebackcountry.net/" "Mozilla/5.0 (compatible; MSIE 9.0; Windows NT 6.1; Trident/5.0)"
70.211.65.185 - - [17/Apr/2015:11:20:15 -0700] "GET /images/wsis-logo-sm.png HTTP/1.1" 200 6108 "http://www.thebackcountry.net/" "Mozilla/5.0 (iPhone; CPU iPhone OS 8_1_2 like Mac OS X) AppleWebKit/600.1.4 (KHTML, like Gecko) Version/8.0 Mobile/12B440 Safari/600.1.4"
192.0.99.66 - - [17/Apr/2015:11:21:00 -0700] "GET /images/wsis-logo-sm.png HTTP/1.1" 200 6108 "http://www.thebackcountry.net/" "Mozilla/5.0 (X11; Linux x86_64; rv:10.0.12) Gecko/20100101 Firefox/21.0 WordPress.com mShots"
182.52.138.100 - - [17/Apr/2015:11:21:33 -0700] "GET / HTTP/1.1" 200 2376 "http://best-seo-offer.com/try.php?u=http://whereshouldiski.com" "Mozilla/5.0 (Windows NT 6.1; WOW64) AppleWebKit/537.36 (KHTML, like Gecko) Chrome/36.0.1985.143 Safari/537.36"
182.52.138.100 - - [17/Apr/2015:11:21:33 -0700] "GET /styles/0fffd548.main.css HTTP/1.1" 200 19316 "http://whereshouldiski.com/" "Mozilla/5.0 (Windows NT 6.1; WOW64) AppleWebKit/537.36 (KHTML, like Gecko) Chrome/36.0.1985.143 Safari/537.36"
182.52.138.100 - - [17/Apr/2015:11:21:33 -0700] "GET /bower_components/requirejs/require.js HTTP/1.1" 200 6702 "http://whereshouldiski.com/" "Mozilla/5.0 (Windows NT 6.1; WOW64) AppleWebKit/537.36 (KHTML, like Gecko) Chrome/36.0.1985.143 Safari/537.36"
182.52.138.100 - - [17/Apr/2015:11:21:33 -0700] "GET /scripts/scripts/vendor/modernizr.js HTTP/1.1" 200 4903 "http://whereshouldiski.com/" "Mozilla/5.0 (Windows NT 6.1; WOW64) AppleWebKit/537.36 (KHTML, like Gecko) Chrome/36.0.1985.143 Safari/537.36"
182.52.138.100 - - [17/Apr/2015:11:21:33 -0700] "GET /images/logo-sm.png HTTP/1.1" 200 16737 "http://whereshouldiski.com/" "Mozilla/5.0 (Windows NT 6.1; WOW64) AppleWebKit/537.36 (KHTML, like Gecko) Chrome/36.0.1985.143 Safari/537.36"
182.52.138.100 - - [17/Apr/2015:11:21:33 -0700] "GET /images/loading.gif HTTP/1.1" 200 13881 "http://whereshouldiski.com/" "Mozilla/5.0 (Windows NT 6.1; WOW64) AppleWebKit/537.36 (KHTML, like Gecko) Chrome/36.0.1985.143 Safari/537.36"
182.52.138.100 - - [17/Apr/2015:11:21:33 -0700] "GET /scripts/fa48e319.main.js HTTP/1.1" 200 123455 "http://whereshouldiski.com/" "Mozilla/5.0 (Windows NT 6.1; WOW64) AppleWebKit/537.36 (KHTML, like Gecko) Chrome/36.0.1985.143 Safari/537.36"
182.52.138.100 - - [17/Apr/2015:11:21:35 -0700] "GET /images/button.png HTTP/1.1" 200 598 "http://whereshouldiski.com/" "Mozilla/5.0 (Windows NT 6.1; WOW64) AppleWebKit/537.36 (KHTML, like Gecko) Chrome/36.0.1985.143 Safari/537.36"
182.52.138.100 - - [17/Apr/2015:11:21:35 -0700] "GET /lib/reccapi.php?fields=t HTTP/1.1" 200 1801 "http://whereshouldiski.com/" "Mozilla/5.0 (Windows NT 6.1; WOW64) AppleWebKit/537.36 (KHTML, like Gecko) Chrome/36.0.1985.143 Safari/537.36"
182.52.138.100 - - [17/Apr/2015:11:21:35 -0700] "GET /images/greyHeader.png HTTP/1.1" 200 508 "http://whereshouldiski.com/" "Mozilla/5.0 (Windows NT 6.1; WOW64) AppleWebKit/537.36 (KHTML, like Gecko) Chrome/36.0.1985.143 Safari/537.36"
182.52.138.100 - - [17/Apr/2015:11:21:35 -0700] "GET /images/snowflake5.png HTTP/1.1" 200 2857 "http://whereshouldiski.com/" "Mozilla/5.0 (Windows NT 6.1; WOW64) AppleWebKit/537.36 (KHTML, like Gecko) Chrome/36.0.1985.143 Safari/537.36"
182.52.138.100 - - [17/Apr/2015:11:21:35 -0700] "GET /images/star5.png HTTP/1.1" 200 1783 "http://whereshouldiski.com/" "Mozilla/5.0 (Windows NT 6.1; WOW64) AppleWebKit/537.36 (KHTML, like Gecko) Chrome/36.0.1985.143 Safari/537.36"
182.52.138.100 - - [17/Apr/2015:11:21:35 -0700] "GET /images/bluebird5.png HTTP/1.1" 200 2177 "http://whereshouldiski.com/" "Mozilla/5.0 (Windows NT 6.1; WOW64) AppleWebKit/537.36 (KHTML, like Gecko) Chrome/36.0.1985.143 Safari/537.36"
182.52.138.100 - - [17/Apr/2015:11:21:35 -0700] "GET /images/mtns-icon.png HTTP/1.1" 200 1097 "http://whereshouldiski.com/" "Mozilla/5.0 (Windows NT 6.1; WOW64) AppleWebKit/537.36 (KHTML, like Gecko) Chrome/36.0.1985.143 Safari/537.36"
182.52.138.100 - - [17/Apr/2015:11:21:35 -0700] "GET /images/shading-icon.png HTTP/1.1" 200 537 "http://whereshouldiski.com/" "Mozilla/5.0 (Windows NT 6.1; WOW64) AppleWebKit/537.36 (KHTML, like Gecko) Chrome/36.0.1985.143 Safari/537.36"
182.52.138.100 - - [17/Apr/2015:11:21:57 -0700] "-" 408 0 "-" "-"
127.0.0.1 - - [17/Apr/2015:11:21:58 -0700] "OPTIONS * HTTP/1.0" 200 126 "-" "Apache/2.2.22 (Ubuntu) (internal dummy connection)"
68.180.228.182 - - [17/Apr/2015:11:27:41 -0700] "GET /resorts?resort=mountwashingtonalpine HTTP/1.1" 404 450 "-" "Mozilla/5.0 (compatible; Yahoo! Slurp; http://help.yahoo.com/help/us/ysearch/slurp)"
71.140.31.214 - - [17/Apr/2015:11:32:57 -0700] "GET /images/wsis-logo-sm.png HTTP/1.1" 200 6108 "http://thebackcountry.net/" "Mozilla/4.0 (compatible; MSIE 8.0; Windows NT 5.1; Trident/4.0; .NET CLR 2.0.50727; .NET CLR 3.0.4506.2152; .NET CLR 3.5.30729; 786908940603; Build/14.08001)"
170.75.162.130 - - [17/Apr/2015:11:33:36 -0700] "GET /lib/reccapi.php?resort=jaypeak HTTP/1.1" 200 969 "-" "node-superagent/0.18.2"
170.75.162.130 - - [17/Apr/2015:11:50:58 -0700] "GET /lib/reccapi.php?resort=sunpeaksresort HTTP/1.1" 200 911 "-" "node-superagent/0.18.2"
180.76.4.67 - - [17/Apr/2015:11:52:45 -0700] "GET / HTTP/1.1" 200 6114 "-" "Mozilla/4.0 (compatible; MSIE 7.0; Windows NT 6.0)"
170.75.162.130 - - [17/Apr/2015:11:53:18 -0700] "GET /lib/reccapi.php?resort=angelfire HTTP/1.1" 200 1071 "-" "node-superagent/0.18.2"
24.4.140.148 - - [17/Apr/2015:11:59:46 -0700] "GET /images/wsis-logo-sm.png HTTP/1.1" 200 6108 "http://www.thebackcountry.net/" "Mozilla/5.0 (Macintosh; Intel Mac OS X 10.10; rv:37.0) Gecko/20100101 Firefox/37.0"
170.75.162.130 - - [17/Apr/2015:12:01:09 -0700] "GET /lib/reccapi.php?resort=crystalmountain HTTP/1.1" 200 1007 "-" "node-superagent/0.18.2"
123.125.71.45 - - [17/Apr/2015:12:03:42 -0700] "GET / HTTP/1.1" 200 2339 "-" "Mozilla/5.0 (Windows NT 5.1; rv:6.0.2) Gecko/20100101 Firefox/6.0.2"
123.125.71.43 - - [17/Apr/2015:12:03:42 -0700] "GET / HTTP/1.1" 200 6114 "-" "Mozilla/5.0 (Windows NT 5.1; rv:6.0.2) Gecko/20100101 Firefox/6.0.2"
220.181.108.165 - - [17/Apr/2015:12:06:45 -0700] "GET / HTTP/1.1" 200 2339 "-" "Mozilla/5.0 (Windows NT 5.1; rv:6.0.2) Gecko/20100101 Firefox/6.0.2"
220.181.108.141 - - [17/Apr/2015:12:06:46 -0700] "GET / HTTP/1.1" 200 6114 "-" "Mozilla/5.0 (Windows NT 5.1; rv:6.0.2) Gecko/20100101 Firefox/6.0.2"
170.75.162.130 - - [17/Apr/2015:12:06:49 -0700] "GET /lib/reccapi.php?resort=hoodoo HTTP/1.1" 200 984 "-" "node-superagent/0.18.2"
192.99.40.137 - - [17/Apr/2015:12:15:28 -0700] "HEAD / HTTP/1.1" 200 371 "http://domainsigma.com/whois/whereshouldiski.com" "Mozilla/5.0 (compatible; DomainSigmaCrawler/0.1; +http://domainsigma.com/robot)"
170.75.162.130 - - [17/Apr/2015:12:22:40 -0700] "GET /lib/reccapi.php?resort=silverstarmountain HTTP/1.1" 200 930 "-" "node-superagent/0.18.2"
170.75.162.130 - - [17/Apr/2015:12:24:51 -0700] "GET /lib/reccapi.php?resort=sunvalley HTTP/1.1" 200 982 "-" "node-superagent/0.18.2"
12.25.190.226 - - [17/Apr/2015:12:27:39 -0700] "GET /images/wsis-logo-sm.png HTTP/1.1" 200 6108 "http://www.thebackcountry.net/" "Mozilla/5.0 (compatible; MSIE 9.0; Windows NT 6.0; Trident/5.0)"
12.25.190.226 - - [17/Apr/2015:12:28:00 -0700] "-" 408 0 "-" "-"
68.180.228.182 - - [17/Apr/2015:12:29:15 -0700] "GET /resorts?resort=maverickmountain&date=2014-10-09 HTTP/1.1" 404 450 "-" "Mozilla/5.0 (compatible; Yahoo! Slurp; http://help.yahoo.com/help/us/ysearch/slurp)"
170.75.162.130 - - [17/Apr/2015:12:38:32 -0700] "GET /lib/reccapi.php?resort=brianhead HTTP/1.1" 200 1081 "-" "node-superagent/0.18.2"
170.75.162.130 - - [17/Apr/2015:12:38:32 -0700] "GET /lib/reccapi.php?resort=deervalley HTTP/1.1" 200 1087 "-" "node-superagent/0.18.2"
170.75.162.130 - - [17/Apr/2015:12:38:32 -0700] "GET /lib/reccapi.php?resort=parkcity HTTP/1.1" 200 1056 "-" "node-superagent/0.18.2"
170.75.162.130 - - [17/Apr/2015:12:38:32 -0700] "GET /lib/reccapi.php?resort=snowbasin HTTP/1.1" 200 987 "-" "node-superagent/0.18.2"
170.75.162.130 - - [17/Apr/2015:12:38:32 -0700] "GET /lib/reccapi.php?resort=brighton HTTP/1.1" 200 996 "-" "node-superagent/0.18.2"
170.75.162.130 - - [17/Apr/2015:12:39:52 -0700] "GET /lib/reccapi.php?resort=bigwhite HTTP/1.1" 200 919 "-" "node-superagent/0.18.2"
170.75.162.130 - - [17/Apr/2015:12:46:03 -0700] "GET /lib/reccapi.php?resort=canyons HTTP/1.1" 200 1058 "-" "node-superagent/0.18.2"
75.169.33.102 - - [17/Apr/2015:12:49:13 -0700] "GET /images/wsis-logo-sm.png HTTP/1.1" 200 6108 "http://www.thebackcountry.net/" "Mozilla/5.0 (Windows NT 6.1; WOW64) AppleWebKit/537.36 (KHTML, like Gecko) Chrome/41.0.2272.118 Safari/537.36"
70.211.90.177 - - [17/Apr/2015:12:51:34 -0700] "GET /images/wsis-logo-sm.png HTTP/1.1" 200 6108 "http://www.thebackcountry.net/" "Mozilla/5.0 (Linux; Android 4.4.4; XT1254 Build/SU2-12) AppleWebKit/537.36 (KHTML, like Gecko) Chrome/41.0.2272.96 Mobile Safari/537.36"
70.211.90.177 - - [17/Apr/2015:12:51:54 -0700] "-" 408 0 "-" "-"
108.249.94.238 - - [17/Apr/2015:12:52:39 -0700] "GET /images/wsis-logo-sm.png HTTP/1.1" 200 6108 "http://www.thebackcountry.net/" "Mozilla/5.0 (Macintosh; Intel Mac OS X 10_8_5) AppleWebKit/600.4.10 (KHTML, like Gecko) Version/6.2.4 Safari/537.85.13"
109.58.144.109 - - [17/Apr/2015:12:53:10 -0700] "GET /images/wsis-logo-sm.png HTTP/1.1" 200 6108 "http://www.thebackcountry.net/" "Mozilla/5.0 (iPhone; CPU iPhone OS 8_3 like Mac OS X) AppleWebKit/600.1.4 (KHTML, like Gecko) Version/8.0 Mobile/12F70 Safari/600.1.4"
73.19.78.187 - - [17/Apr/2015:12:54:40 -0700] "GET /images/wsis-logo-sm.png HTTP/1.1" 200 6108 "http://www.thebackcountry.net/" "Mozilla/5.0 (Windows NT 6.1; WOW64) AppleWebKit/537.36 (KHTML, like Gecko) Chrome/42.0.2311.90 Safari/537.36"
170.75.162.130 - - [17/Apr/2015:13:00:04 -0700] "GET /lib/reccapi.php?resort=alta HTTP/1.1" 200 994 "-" "node-superagent/0.18.2"
166.137.242.86 - - [17/Apr/2015:13:02:18 -0700] "GET /images/wsis-logo-sm.png HTTP/1.1" 200 6108 "http://www.thebackcountry.net/" "Mozilla/5.0 (iPhone; CPU iPhone OS 8_2 like Mac OS X) AppleWebKit/600.1.4 (KHTML, like Gecko) Version/8.0 Mobile/12D508 Safari/600.1.4"
180.76.5.23 - - [17/Apr/2015:13:06:50 -0700] "GET /resorts?resort=mounthoodmeadows&date=2014-01-08 HTTP/1.1" 404 469 "-" "Mozilla/5.0 (compatible; Baiduspider/2.0; +http://www.baidu.com/search/spider.html)"
66.249.79.160 - - [17/Apr/2015:13:10:17 -0700] "GET /resorts?resort=arapahoebasin HTTP/1.1" 404 506 "-" "Mozilla/5.0 (compatible; Googlebot/2.1; +http://www.google.com/bot.html)"
123.125.71.54 - - [17/Apr/2015:13:19:06 -0700] "-" 408 0 "-" "-"
220.181.108.104 - - [17/Apr/2015:13:20:09 -0700] "-" 408 0 "-" "-"
180.76.5.17 - - [17/Apr/2015:13:21:50 -0700] "GET /resorts?resort=snowbird&date=2014-01-12 HTTP/1.1" 404 469 "-" "Mozilla/5.0 (compatible; Baiduspider/2.0; +http://www.baidu.com/search/spider.html)"
170.75.162.130 - - [17/Apr/2015:13:24:06 -0700] "GET /lib/reccapi.php?resort=killington HTTP/1.1" 200 957 "-" "node-superagent/0.18.2"
170.75.162.130 - - [17/Apr/2015:13:24:06 -0700] "GET /lib/reccapi.php?resort=sugarloaf HTTP/1.1" 200 1029 "-" "node-superagent/0.18.2"
83.250.16.142 - - [17/Apr/2015:13:24:24 -0700] "GET /images/wsis-logo-sm.png HTTP/1.1" 200 6108 "http://thebackcountry.net/" "Mozilla/5.0 (iPad; CPU OS 6_1_3 like Mac OS X) AppleWebKit/536.26 (KHTML, like Gecko) Version/6.0 Mobile/10B329 Safari/8536.25"
69.232.71.223 - - [17/Apr/2015:13:42:33 -0700] "GET /images/wsis-logo-sm.png HTTP/1.1" 200 6108 "http://www.thebackcountry.net/" "Mozilla/5.0 (Windows NT 6.3; WOW64) AppleWebKit/537.36 (KHTML, like Gecko) Chrome/41.0.2272.118 Safari/537.36"
207.46.13.131 - - [17/Apr/2015:13:44:02 -0700] "GET / HTTP/1.1" 200 2376 "-" "Mozilla/5.0 (compatible; bingbot/2.0; +http://www.bing.com/bingbot.htm)"
185.53.44.29 - - [17/Apr/2015:13:48:21 -0700] "GET /robots.txt HTTP/1.1" 200 375 "-" "Mozilla/5.0 (compatible; XoviBot/2.0; +http://www.xovibot.net/)"
192.252.8.14 - - [17/Apr/2015:13:58:27 -0700] "GET /images/wsis-logo-sm.png HTTP/1.1" 200 6108 "http://www.thebackcountry.net/" "Mozilla/4.0 (compatible; MSIE 8.0; Windows NT 6.1; Trident/4.0; SLCC2; .NET CLR 2.0.50727; .NET CLR 3.5.30729; .NET CLR 3.0.30729; Media Center PC 6.0; .NET4.0C; .NET4.0E)"
192.252.8.14 - - [17/Apr/2015:13:59:25 -0700] "GET / HTTP/1.1" 200 2376 "http://www.thebackcountry.net/" "Mozilla/4.0 (compatible; MSIE 8.0; Windows NT 6.1; Trident/4.0; SLCC2; .NET CLR 2.0.50727; .NET CLR 3.5.30729; .NET CLR 3.0.30729; Media Center PC 6.0; .NET4.0C; .NET4.0E)"
192.252.8.14 - - [17/Apr/2015:13:59:25 -0700] "GET /styles/0fffd548.main.css HTTP/1.1" 200 19316 "http://whereshouldiski.com/" "Mozilla/4.0 (compatible; MSIE 8.0; Windows NT 6.1; Trident/4.0; SLCC2; .NET CLR 2.0.50727; .NET CLR 3.5.30729; .NET CLR 3.0.30729; Media Center PC 6.0; .NET4.0C; .NET4.0E)"
192.252.8.14 - - [17/Apr/2015:13:59:25 -0700] "GET /scripts/scripts/vendor/modernizr.js HTTP/1.1" 200 4903 "http://whereshouldiski.com/" "Mozilla/4.0 (compatible; MSIE 8.0; Windows NT 6.1; Trident/4.0; SLCC2; .NET CLR 2.0.50727; .NET CLR 3.5.30729; .NET CLR 3.0.30729; Media Center PC 6.0; .NET4.0C; .NET4.0E)"
192.252.8.14 - - [17/Apr/2015:13:59:26 -0700] "GET /bower_components/sass-bootstrap/fonts/glyphicons-halflings-regular.eot? HTTP/1.1" 404 546 "http://whereshouldiski.com/" "Mozilla/4.0 (compatible; MSIE 8.0; Windows NT 6.1; Trident/4.0; SLCC2; .NET CLR 2.0.50727; .NET CLR 3.5.30729; .NET CLR 3.0.30729; Media Center PC 6.0; .NET4.0C; .NET4.0E)"
192.252.8.14 - - [17/Apr/2015:13:59:26 -0700] "GET /images/logo-sm.png HTTP/1.1" 200 16737 "http://whereshouldiski.com/" "Mozilla/4.0 (compatible; MSIE 8.0; Windows NT 6.1; Trident/4.0; SLCC2; .NET CLR 2.0.50727; .NET CLR 3.5.30729; .NET CLR 3.0.30729; Media Center PC 6.0; .NET4.0C; .NET4.0E)"
192.252.8.14 - - [17/Apr/2015:13:59:26 -0700] "GET /images/button.png HTTP/1.1" 200 598 "http://whereshouldiski.com/" "Mozilla/4.0 (compatible; MSIE 8.0; Windows NT 6.1; Trident/4.0; SLCC2; .NET CLR 2.0.50727; .NET CLR 3.5.30729; .NET CLR 3.0.30729; Media Center PC 6.0; .NET4.0C; .NET4.0E)"
192.252.8.14 - - [17/Apr/2015:13:59:26 -0700] "GET /images/loading.gif HTTP/1.1" 200 13882 "http://whereshouldiski.com/" "Mozilla/4.0 (compatible; MSIE 8.0; Windows NT 6.1; Trident/4.0; SLCC2; .NET CLR 2.0.50727; .NET CLR 3.5.30729; .NET CLR 3.0.30729; Media Center PC 6.0; .NET4.0C; .NET4.0E)"
192.252.8.14 - - [17/Apr/2015:13:59:26 -0700] "GET /images/greyHeader.png HTTP/1.1" 200 509 "http://whereshouldiski.com/" "Mozilla/4.0 (compatible; MSIE 8.0; Windows NT 6.1; Trident/4.0; SLCC2; .NET CLR 2.0.50727; .NET CLR 3.5.30729; .NET CLR 3.0.30729; Media Center PC 6.0; .NET4.0C; .NET4.0E)"
192.252.8.14 - - [17/Apr/2015:13:59:26 -0700] "GET /bower_components/requirejs/require.js HTTP/1.1" 200 6701 "http://whereshouldiski.com/" "Mozilla/4.0 (compatible; MSIE 8.0; Windows NT 6.1; Trident/4.0; SLCC2; .NET CLR 2.0.50727; .NET CLR 3.5.30729; .NET CLR 3.0.30729; Media Center PC 6.0; .NET4.0C; .NET4.0E)"
192.252.8.14 - - [17/Apr/2015:13:59:26 -0700] "GET /scripts/fa48e319.main.js HTTP/1.1" 200 123455 "http://whereshouldiski.com/" "Mozilla/4.0 (compatible; MSIE 8.0; Windows NT 6.1; Trident/4.0; SLCC2; .NET CLR 2.0.50727; .NET CLR 3.5.30729; .NET CLR 3.0.30729; Media Center PC 6.0; .NET4.0C; .NET4.0E)"
192.252.8.14 - - [17/Apr/2015:13:59:26 -0700] "GET /favicon.ico HTTP/1.1" 200 1475 "-" "Mozilla/4.0 (compatible; MSIE 8.0; Windows NT 6.1; Trident/4.0; SLCC2; .NET CLR 2.0.50727; .NET CLR 3.5.30729; .NET CLR 3.0.30729; Media Center PC 6.0; .NET4.0C; .NET4.0E)"
24.205.213.124 - - [17/Apr/2015:14:06:34 -0700] "GET /images/wsis-logo-sm.png HTTP/1.1" 200 6108 "http://www.thebackcountry.net/" "Mozilla/5.0 (Macintosh; Intel Mac OS X 10_7_5) AppleWebKit/537.36 (KHTML, like Gecko) Chrome/41.0.2272.118 Safari/537.36"
208.115.113.83 - - [17/Apr/2015:14:08:29 -0700] "GET /robots.txt HTTP/1.1" 200 319 "-" "Mozilla/5.0 (compatible; DotBot/1.1; http://www.opensiteexplorer.org/dotbot, help@moz.com)"
180.76.4.48 - - [17/Apr/2015:14:09:51 -0700] "GET / HTTP/1.1" 200 6114 "-" "Mozilla/4.0 (compatible; MSIE 7.0; Windows NT 6.0)"
50.93.249.212 - - [17/Apr/2015:14:13:09 -0700] "GET /robots.txt HTTP/1.1" 200 375 "-" "Mozilla/5.0 (Windows NT 6.3; rv:36.0) Gecko/20100101 Firefox/36.0"
50.93.249.212 - - [17/Apr/2015:14:13:09 -0700] "GET /favicon.ico HTTP/1.1" 200 1476 "-" "Mozilla/5.0 (Windows NT 6.3; rv:36.0) Gecko/20100101 Firefox/36.0"
50.93.249.212 - - [17/Apr/2015:14:13:09 -0700] "GET / HTTP/1.1" 200 6151 "-" "Wget/1.13.4 (linux-gnu)"
50.93.249.212 - - [17/Apr/2015:14:13:10 -0700] "GET / HTTP/1.1" 200 6095 "-" "Mozilla/5.0 (Windows NT 6.3; rv:36.0) Gecko/20100101 Firefox/36.0"
50.93.249.212 - - [17/Apr/2015:14:13:10 -0700] "GET / HTTP/1.1" 200 2376 "-" "Mozilla/5.0 (X11; Linux x86_64) AppleWebKit/534.34 (KHTML, like Gecko) Qt/4.8.2 Safari/534.34"
50.93.249.212 - - [17/Apr/2015:14:13:10 -0700] "GET /styles/0fffd548.main.css HTTP/1.1" 200 19316 "http://www.whereshouldiski.com/" "Mozilla/5.0 (X11; Linux x86_64) AppleWebKit/534.34 (KHTML, like Gecko) Qt/4.8.2 Safari/534.34"
50.93.249.212 - - [17/Apr/2015:14:13:10 -0700] "GET /scripts/scripts/vendor/modernizr.js HTTP/1.1" 200 4903 "http://www.whereshouldiski.com/" "Mozilla/5.0 (X11; Linux x86_64) AppleWebKit/534.34 (KHTML, like Gecko) Qt/4.8.2 Safari/534.34"
50.93.249.212 - - [17/Apr/2015:14:13:10 -0700] "GET /bower_components/requirejs/require.js HTTP/1.1" 200 6702 "http://www.whereshouldiski.com/" "Mozilla/5.0 (X11; Linux x86_64) AppleWebKit/534.34 (KHTML, like Gecko) Qt/4.8.2 Safari/534.34"
50.93.249.212 - - [17/Apr/2015:14:13:10 -0700] "GET /images/logo-sm.png HTTP/1.1" 200 16737 "http://www.whereshouldiski.com/" "Mozilla/5.0 (X11; Linux x86_64) AppleWebKit/534.34 (KHTML, like Gecko) Qt/4.8.2 Safari/534.34"
50.93.249.212 - - [17/Apr/2015:14:13:10 -0700] "GET /images/loading.gif HTTP/1.1" 200 13881 "http://www.whereshouldiski.com/" "Mozilla/5.0 (X11; Linux x86_64) AppleWebKit/534.34 (KHTML, like Gecko) Qt/4.8.2 Safari/534.34"
50.93.249.212 - - [17/Apr/2015:14:13:10 -0700] "GET /scripts/fa48e319.main.js HTTP/1.1" 200 123455 "http://www.whereshouldiski.com/" "Mozilla/5.0 (X11; Linux x86_64) AppleWebKit/534.34 (KHTML, like Gecko) Qt/4.8.2 Safari/534.34"
50.93.249.212 - - [17/Apr/2015:14:13:11 -0700] "GET /images/button.png HTTP/1.1" 200 598 "http://www.whereshouldiski.com/" "Mozilla/5.0 (X11; Linux x86_64) AppleWebKit/534.34 (KHTML, like Gecko) Qt/4.8.2 Safari/534.34"
50.93.249.212 - - [17/Apr/2015:14:13:11 -0700] "GET /images/greyHeader.png HTTP/1.1" 200 508 "http://www.whereshouldiski.com/" "Mozilla/5.0 (X11; Linux x86_64) AppleWebKit/534.34 (KHTML, like Gecko) Qt/4.8.2 Safari/534.34"
50.93.249.212 - - [17/Apr/2015:14:13:11 -0700] "GET /lib/reccapi.php?fields=t HTTP/1.1" 200 1802 "http://www.whereshouldiski.com/" "Mozilla/5.0 (X11; Linux x86_64) AppleWebKit/534.34 (KHTML, like Gecko) Qt/4.8.2 Safari/534.34"
50.93.249.212 - - [17/Apr/2015:14:13:11 -0700] "GET /images/snowflake5.png HTTP/1.1" 200 2857 "http://www.whereshouldiski.com/" "Mozilla/5.0 (X11; Linux x86_64) AppleWebKit/534.34 (KHTML, like Gecko) Qt/4.8.2 Safari/534.34"
50.93.249.212 - - [17/Apr/2015:14:13:11 -0700] "GET /images/star5.png HTTP/1.1" 200 1783 "http://www.whereshouldiski.com/" "Mozilla/5.0 (X11; Linux x86_64) AppleWebKit/534.34 (KHTML, like Gecko) Qt/4.8.2 Safari/534.34"
50.93.249.212 - - [17/Apr/2015:14:13:11 -0700] "GET /images/bluebird5.png HTTP/1.1" 200 2177 "http://www.whereshouldiski.com/" "Mozilla/5.0 (X11; Linux x86_64) AppleWebKit/534.34 (KHTML, like Gecko) Qt/4.8.2 Safari/534.34"
50.93.249.212 - - [17/Apr/2015:14:13:11 -0700] "GET /images/mtns-icon.png HTTP/1.1" 200 1096 "http://www.whereshouldiski.com/" "Mozilla/5.0 (X11; Linux x86_64) AppleWebKit/534.34 (KHTML, like Gecko) Qt/4.8.2 Safari/534.34"
50.93.249.212 - - [17/Apr/2015:14:13:11 -0700] "GET /images/shading-icon.png HTTP/1.1" 200 537 "http://www.whereshouldiski.com/" "Mozilla/5.0 (X11; Linux x86_64) AppleWebKit/534.34 (KHTML, like Gecko) Qt/4.8.2 Safari/534.34"
127.0.0.1 - - [17/Apr/2015:14:13:17 -0700] "OPTIONS * HTTP/1.0" 200 126 "-" "Apache/2.2.22 (Ubuntu) (internal dummy connection)"
68.180.228.182 - - [17/Apr/2015:14:16:15 -0700] "GET /resorts?resort=silverstarmountain&date=2014-11-18 HTTP/1.1" 404 450 "-" "Mozilla/5.0 (compatible; Yahoo! Slurp; http://help.yahoo.com/help/us/ysearch/slurp)"
123.125.71.17 - - [17/Apr/2015:14:18:27 -0700] "-" 408 0 "-" "-"
220.181.108.157 - - [17/Apr/2015:14:19:44 -0700] "-" 408 0 "-" "-"
157.55.39.148 - - [17/Apr/2015:14:23:22 -0700] "GET /resorts?resort=portillo&date=2014-08-19 HTTP/1.1" 404 509 "-" "Mozilla/5.0 (compatible; bingbot/2.0; +http://www.bing.com/bingbot.htm)"
98.189.88.130 - - [17/Apr/2015:14:24:06 -0700] "GET /images/wsis-logo-sm.png HTTP/1.1" 200 6108 "http://thebackcountry.net/" "Mozilla/5.0 (Macintosh; Intel Mac OS X 10.8; rv:37.0) Gecko/20100101 Firefox/37.0"
24.180.42.102 - - [17/Apr/2015:14:30:23 -0700] "GET /images/wsis-logo-sm.png HTTP/1.1" 200 6108 "http://www.thebackcountry.net/" "Mozilla/5.0 (Windows NT 6.3; WOW64; Trident/7.0; rv:11.0) like Gecko"
24.180.42.102 - - [17/Apr/2015:14:30:44 -0700] "-" 408 0 "-" "-"
24.205.197.102 - - [17/Apr/2015:14:30:47 -0700] "GET /images/wsis-logo-sm.png HTTP/1.1" 200 6108 "http://www.thebackcountry.net/" "Mozilla/5.0 (Macintosh; Intel Mac OS X 10_6_8) AppleWebKit/537.36 (KHTML, like Gecko) Chrome/42.0.2311.90 Safari/537.36"
188.154.230.29 - - [17/Apr/2015:14:32:27 -0700] "GET /images/wsis-logo-sm.png HTTP/1.1" 200 6108 "http://www.thebackcountry.net/" "Mozilla/5.0 (iPad; CPU OS 8_3 like Mac OS X) AppleWebKit/600.1.4 (KHTML, like Gecko) Version/8.0 Mobile/12F69 Safari/600.1.4"
24.180.42.102 - - [17/Apr/2015:14:33:05 -0700] "-" 408 0 "-" "-"
66.249.79.8 - - [17/Apr/2015:14:39:33 -0700] "GET / HTTP/1.1" 200 2376 "-" "SAMSUNG-SGH-E250/1.0 Profile/MIDP-2.0 Configuration/CLDC-1.1 UP.Browser/6.2.3.3.c.1.101 (GUI) MMP/2.0 (compatible; Googlebot-Mobile/2.1; +http://www.google.com/bot.html)"
83.250.16.142 - - [17/Apr/2015:14:40:16 -0700] "GET /images/wsis-logo-sm.png HTTP/1.1" 200 6108 "http://thebackcountry.net/" "Mozilla/5.0 (iPad; CPU OS 6_1_3 like Mac OS X) AppleWebKit/536.26 (KHTML, like Gecko) Version/6.0 Mobile/10B329 Safari/8536.25"
75.5.240.202 - - [17/Apr/2015:14:41:20 -0700] "GET /images/wsis-logo-sm.png HTTP/1.1" 200 6108 "http://thebackcountry.net/" "Mozilla/5.0 (Windows NT 6.3; WOW64) AppleWebKit/537.36 (KHTML, like Gecko) Chrome/41.0.2272.118 Safari/537.36"
66.249.79.16 - - [17/Apr/2015:14:42:20 -0700] "GET / HTTP/1.1" 200 2376 "-" "DoCoMo/2.0 N905i(c100;TB;W24H16) (compatible; Googlebot-Mobile/2.1; +http://www.google.com/bot.html)"
222.186.31.160 - - [17/Apr/2015:14:45:50 -0700] "POST / HTTP/1.1" 200 6176 "-" "Mozilla/5.0"
66.249.79.8 - - [17/Apr/2015:14:48:46 -0700] "GET /lib/resortDataSearch.php?resort=snoqualmie-alpental&dateStart=2013-10-26&dateMax=2013-11-09&size=30 HTTP/1.1" 200 331 "-" "Mozilla/5.0 (iPhone; CPU iPhone OS 6_0 like Mac OS X) AppleWebKit/536.26 (KHTML, like Gecko) Version/6.0 Mobile/10A5376e Safari/8536.25 (compatible; Googlebot/2.1; +http://www.google.com/bot.html)"
70.211.78.232 - - [17/Apr/2015:14:49:29 -0700] "GET /images/wsis-logo-sm.png HTTP/1.1" 200 6108 "http://www.thebackcountry.net/" "Mozilla/5.0 (Linux; Android 5.0.1; HTC6525LVW Build/LRX22C) AppleWebKit/537.36 (KHTML, like Gecko) Chrome/40.0.2214.109 Mobile Safari/537.36"
24.32.27.227 - - [17/Apr/2015:14:57:02 -0700] "GET /images/wsis-logo-sm.png HTTP/1.1" 200 6108 "http://www.thebackcountry.net/" "Mozilla/5.0 (Windows NT 6.1; WOW64; rv:37.0) Gecko/20100101 Firefox/37.0"
170.75.162.130 - - [17/Apr/2015:15:01:24 -0700] "GET /lib/reccapi.php?resort=jacksonhole HTTP/1.1" 200 985 "-" "node-superagent/0.18.2"
170.75.162.130 - - [17/Apr/2015:15:07:45 -0700] "GET /lib/reccapi.php?resort=northstar-at-tahoe HTTP/1.1" 200 942 "-" "node-superagent/0.18.2"
68.180.228.182 - - [17/Apr/2015:15:08:16 -0700] "GET /resorts?resort=bogusbasin&date=2014-11-16 HTTP/1.1" 404 450 "-" "Mozilla/5.0 (compatible; Yahoo! Slurp; http://help.yahoo.com/help/us/ysearch/slurp)"
75.109.247.38 - - [17/Apr/2015:15:09:13 -0700] "GET /images/wsis-logo-sm.png HTTP/1.1" 200 6108 "http://www.thebackcountry.net/" "Mozilla/5.0 (iPhone; CPU iPhone OS 6_1_3 like Mac OS X) AppleWebKit/536.26 (KHTML, like Gecko) Version/6.0 Mobile/10B329 Safari/8536.25"
123.125.71.89 - - [17/Apr/2015:15:09:14 -0700] "-" 408 0 "-" "-"
66.249.79.160 - - [17/Apr/2015:15:09:57 -0700] "GET /resorts?resort=northstar-at-tahoe HTTP/1.1" 404 506 "-" "Mozilla/5.0 (compatible; Googlebot/2.1; +http://www.google.com/bot.html)"
220.181.108.171 - - [17/Apr/2015:15:13:53 -0700] "-" 408 0 "-" "-"
170.75.162.130 - - [17/Apr/2015:15:17:36 -0700] "GET /lib/reccapi.php?resort=stevenspass HTTP/1.1" 200 998 "-" "node-superagent/0.18.2"
208.115.113.83 - - [17/Apr/2015:15:22:51 -0700] "GET /resorts?resort=taos HTTP/1.1" 404 476 "-" "Mozilla/5.0 (compatible; DotBot/1.1; http://www.opensiteexplorer.org/dotbot, help@moz.com)"
70.197.11.101 - - [17/Apr/2015:15:23:44 -0700] "GET /images/wsis-logo-sm.png HTTP/1.1" 200 6108 "http://www.thebackcountry.net/" "Mozilla/5.0 (Linux; Android 5.0; SM-G900V Build/LRX21T) AppleWebKit/537.36 (KHTML, like Gecko) Chrome/42.0.2311.108 Mobile Safari/537.36"
50.141.83.17 - - [17/Apr/2015:15:25:09 -0700] "GET /images/wsis-logo-sm.png HTTP/1.1" 200 6108 "http://www.thebackcountry.net/" "Mozilla/5.0 (iPad; CPU OS 8_1_3 like Mac OS X) AppleWebKit/600.1.4 (KHTML, like Gecko) Version/8.0 Mobile/12B466 Safari/600.1.4"
170.75.162.130 - - [17/Apr/2015:15:26:46 -0700] "GET /lib/reccapi.php?resort=49degreesnorth HTTP/1.1" 200 1009 "-" "node-superagent/0.18.2"
170.75.162.130 - - [17/Apr/2015:15:26:46 -0700] "GET /lib/reccapi.php?resort=cannonmountain HTTP/1.1" 200 976 "-" "node-superagent/0.18.2"
170.75.162.130 - - [17/Apr/2015:15:26:46 -0700] "GET /lib/reccapi.php?resort=solitude HTTP/1.1" 200 1000 "-" "node-superagent/0.18.2"
170.75.162.130 - - [17/Apr/2015:15:26:46 -0700] "GET /lib/reccapi.php?resort=snowbird HTTP/1.1" 200 1002 "-" "node-superagent/0.18.2"
170.75.162.130 - - [17/Apr/2015:15:26:47 -0700] "GET /lib/reccapi.php?resort=wildcatmountain HTTP/1.1" 200 976 "-" "node-superagent/0.18.2"
200.151.207.82 - - [17/Apr/2015:15:30:52 -0700] "GET / HTTP/1.1" 200 2320 "http://buttons-for-your-website.com" "Mozilla/5.0 (Windows NT 6.1; WOW64) AppleWebKit/537.36 (KHTML, like Gecko) Chrome/36.0.1985.143 Safari/537.36"
200.151.207.82 - - [17/Apr/2015:15:30:53 -0700] "GET /bower_components/requirejs/require.js HTTP/1.1" 200 6646 "http://whereshouldiski.com/" "Mozilla/5.0 (Windows NT 6.1; WOW64) AppleWebKit/537.36 (KHTML, like Gecko) Chrome/36.0.1985.143 Safari/537.36"
200.151.207.82 - - [17/Apr/2015:15:30:53 -0700] "GET /styles/0fffd548.main.css HTTP/1.1" 200 19261 "http://whereshouldiski.com/" "Mozilla/5.0 (Windows NT 6.1; WOW64) AppleWebKit/537.36 (KHTML, like Gecko) Chrome/36.0.1985.143 Safari/537.36"
200.151.207.82 - - [17/Apr/2015:15:30:53 -0700] "GET /scripts/scripts/vendor/modernizr.js HTTP/1.1" 200 4847 "http://whereshouldiski.com/" "Mozilla/5.0 (Windows NT 6.1; WOW64) AppleWebKit/537.36 (KHTML, like Gecko) Chrome/36.0.1985.143 Safari/537.36"
200.151.207.82 - - [17/Apr/2015:15:30:55 -0700] "GET /images/loading.gif HTTP/1.1" 200 13826 "http://whereshouldiski.com/" "Mozilla/5.0 (Windows NT 6.1; WOW64) AppleWebKit/537.36 (KHTML, like Gecko) Chrome/36.0.1985.143 Safari/537.36"
200.151.207.82 - - [17/Apr/2015:15:30:56 -0700] "GET /images/logo-sm.png HTTP/1.1" 200 16682 "http://whereshouldiski.com/" "Mozilla/5.0 (Windows NT 6.1; WOW64) AppleWebKit/537.36 (KHTML, like Gecko) Chrome/36.0.1985.143 Safari/537.36"
200.151.207.82 - - [17/Apr/2015:15:30:56 -0700] "GET /scripts/fa48e319.main.js HTTP/1.1" 200 114153 "http://whereshouldiski.com/" "Mozilla/5.0 (Windows NT 6.1; WOW64) AppleWebKit/537.36 (KHTML, like Gecko) Chrome/36.0.1985.143 Safari/537.36"
52.5.33.236 - - [17/Apr/2015:15:46:14 -0700] "GET / HTTP/1.1" 200 6151 "-" "Mozilla/5.0 (X11; Linux x86_64) AppleWebKit/537.36 (KHTML, like Gecko) Chrome/29.0.1547.57 Safari/537.36"
71.140.31.214 - - [17/Apr/2015:15:55:58 -0700] "GET /images/wsis-logo-sm.png HTTP/1.1" 200 6108 "http://thebackcountry.net/" "Mozilla/4.0 (compatible; MSIE 8.0; Windows NT 5.1; Trident/4.0; .NET CLR 2.0.50727; .NET CLR 3.0.4506.2152; .NET CLR 3.5.30729; 786908940603; Build/14.08001)"
170.75.162.130 - - [17/Apr/2015:15:56:39 -0700] "GET /lib/reccapi.php?resort=schweitzer HTTP/1.1" 200 973 "-" "node-superagent/0.18.2"
170.75.162.130 - - [17/Apr/2015:15:57:19 -0700] "GET /lib/reccapi.php?resort=alpinemeadows HTTP/1.1" 200 963 "-" "node-superagent/0.18.2"
170.75.162.130 - - [17/Apr/2015:15:57:19 -0700] "GET /lib/reccapi.php?resort=chinapeak HTTP/1.1" 200 978 "-" "node-superagent/0.18.2"
170.75.162.130 - - [17/Apr/2015:15:57:19 -0700] "GET /lib/reccapi.php?resort=homewoodmountain HTTP/1.1" 200 971 "-" "node-superagent/0.18.2"
170.75.162.130 - - [17/Apr/2015:15:57:20 -0700] "GET /lib/reccapi.php?resort=heavenly HTTP/1.1" 200 963 "-" "node-superagent/0.18.2"
170.75.162.130 - - [17/Apr/2015:15:57:20 -0700] "GET /lib/reccapi.php?resort=jaypeak HTTP/1.1" 200 970 "-" "node-superagent/0.18.2"
170.75.162.130 - - [17/Apr/2015:15:57:20 -0700] "GET /lib/reccapi.php?resort=kirkwood HTTP/1.1" 200 970 "-" "node-superagent/0.18.2"
170.75.162.130 - - [17/Apr/2015:15:57:20 -0700] "GET /lib/reccapi.php?resort=madriverglen HTTP/1.1" 200 959 "-" "node-superagent/0.18.2"
170.75.162.130 - - [17/Apr/2015:15:57:20 -0700] "GET /lib/reccapi.php?resort=mammothmountain HTTP/1.1" 200 972 "-" "node-superagent/0.18.2"
170.75.162.130 - - [17/Apr/2015:15:57:20 -0700] "GET /lib/reccapi.php?resort=mountainhigh HTTP/1.1" 200 989 "-" "node-superagent/0.18.2"
170.75.162.130 - - [17/Apr/2015:15:57:20 -0700] "GET /lib/reccapi.php?resort=sierra-at-tahoe HTTP/1.1" 200 952 "-" "node-superagent/0.18.2"
170.75.162.130 - - [17/Apr/2015:15:57:20 -0700] "GET /lib/reccapi.php?resort=smugglersnotch HTTP/1.1" 200 964 "-" "node-superagent/0.18.2"
75.86.139.77 - - [17/Apr/2015:15:57:22 -0700] "GET /images/wsis-logo-sm.png HTTP/1.1" 200 6108 "http://www.thebackcountry.net/" "Mozilla/5.0 (Linux; U; Android 4.0.3; en-us; KFTT Build/IML74K) AppleWebKit/537.36 (KHTML, like Gecko) Silk/3.48 like Chrome/39.0.2171.93 Safari/537.36"
170.75.162.130 - - [17/Apr/2015:15:57:39 -0700] "GET /lib/reccapi.php?resort=stowe HTTP/1.1" 200 940 "-" "node-superagent/0.18.2"
170.75.162.130 - - [17/Apr/2015:15:57:39 -0700] "GET /lib/reccapi.php?resort=squawvalleyusa HTTP/1.1" 200 956 "-" "node-superagent/0.18.2"
170.75.162.130 - - [17/Apr/2015:15:57:39 -0700] "GET /lib/reccapi.php?resort=mtrose HTTP/1.1" 200 934 "-" "node-superagent/0.18.2"
170.75.162.130 - - [17/Apr/2015:15:57:39 -0700] "GET /lib/reccapi.php?resort=sugarbush HTTP/1.1" 200 962 "-" "node-superagent/0.18.2"
170.75.162.130 - - [17/Apr/2015:15:57:39 -0700] "GET /lib/reccapi.php?resort=sugarbowl HTTP/1.1" 200 936 "-" "node-superagent/0.18.2"
75.86.139.77 - - [17/Apr/2015:15:57:43 -0700] "-" 408 0 "-" "-"
170.75.162.130 - - [17/Apr/2015:15:57:44 -0700] "GET /lib/reccapi.php?resort=sundayriver HTTP/1.1" 200 956 "-" "node-superagent/0.18.2"
170.75.162.130 - - [17/Apr/2015:15:57:49 -0700] "GET /lib/reccapi.php?resort=diamondpeak HTTP/1.1" 200 932 "-" "node-superagent/0.18.2"
180.76.4.26 - - [17/Apr/2015:15:59:35 -0700] "GET / HTTP/1.1" 200 6114 "-" "Mozilla/4.0 (compatible; MSIE 7.0; Windows NT 6.0)"
107.77.75.117 - - [17/Apr/2015:16:04:13 -0700] "GET /images/wsis-logo-sm.png HTTP/1.1" 200 6108 "http://www.thebackcountry.net/" "Mozilla/5.0 (Linux; Android 5.0; XT1095 Build/LXE22.46-11) AppleWebKit/537.36 (KHTML, like Gecko) Chrome/41.0.2272.96 Mobile Safari/537.36"
78.10.84.179 - - [17/Apr/2015:16:08:19 -0700] "GET /images/wsis-logo-sm.png HTTP/1.1" 200 6108 "http://www.thebackcountry.net/" "Mozilla/5.0 (Windows NT 6.3; WOW64; rv:37.0) Gecko/20100101 Firefox/37.0"
66.249.79.8 - - [17/Apr/2015:16:10:52 -0700] "GET /images/wsis-logo-sm.png HTTP/1.1" 304 187 "-" "Googlebot-Image/1.0"
208.87.233.180 - - [17/Apr/2015:16:18:16 -0700] "GET /images/wsis-logo-sm.png HTTP/1.1" 200 6052 "http://www.thebackcountry.net/" "Mozilla/5.0 (Windows NT 6.1) AppleWebKit/537.36 (KHTML, like Gecko) Chrome/42.0.2311.90 Safari/537.36"
170.75.162.130 - - [17/Apr/2015:16:18:51 -0700] "GET /lib/reccapi.php?resort=mountspokane HTTP/1.1" 200 993 "-" "node-superagent/0.18.2"
177.82.142.127 - - [17/Apr/2015:16:22:41 -0700] "GET / HTTP/1.1" 200 2376 "http://buttons-for-your-website.com" "Mozilla/5.0 (Windows NT 6.1; WOW64) AppleWebKit/537.36 (KHTML, like Gecko) Chrome/36.0.1985.143 Safari/537.36"
177.82.142.127 - - [17/Apr/2015:16:22:42 -0700] "GET /styles/0fffd548.main.css HTTP/1.1" 200 19316 "http://whereshouldiski.com/" "Mozilla/5.0 (Windows NT 6.1; WOW64) AppleWebKit/537.36 (KHTML, like Gecko) Chrome/36.0.1985.143 Safari/537.36"
177.82.142.127 - - [17/Apr/2015:16:22:42 -0700] "GET /scripts/scripts/vendor/modernizr.js HTTP/1.1" 200 4903 "http://whereshouldiski.com/" "Mozilla/5.0 (Windows NT 6.1; WOW64) AppleWebKit/537.36 (KHTML, like Gecko) Chrome/36.0.1985.143 Safari/537.36"
177.82.142.127 - - [17/Apr/2015:16:22:42 -0700] "GET /bower_components/requirejs/require.js HTTP/1.1" 200 6702 "http://whereshouldiski.com/" "Mozilla/5.0 (Windows NT 6.1; WOW64) AppleWebKit/537.36 (KHTML, like Gecko) Chrome/36.0.1985.143 Safari/537.36"
177.82.142.127 - - [17/Apr/2015:16:22:42 -0700] "GET /images/logo-sm.png HTTP/1.1" 200 16737 "http://whereshouldiski.com/" "Mozilla/5.0 (Windows NT 6.1; WOW64) AppleWebKit/537.36 (KHTML, like Gecko) Chrome/36.0.1985.143 Safari/537.36"
177.82.142.127 - - [17/Apr/2015:16:22:42 -0700] "GET /images/loading.gif HTTP/1.1" 200 13881 "http://whereshouldiski.com/" "Mozilla/5.0 (Windows NT 6.1; WOW64) AppleWebKit/537.36 (KHTML, like Gecko) Chrome/36.0.1985.143 Safari/537.36"
177.82.142.127 - - [17/Apr/2015:16:22:42 -0700] "GET /scripts/fa48e319.main.js HTTP/1.1" 200 123455 "http://whereshouldiski.com/" "Mozilla/5.0 (Windows NT 6.1; WOW64) AppleWebKit/537.36 (KHTML, like Gecko) Chrome/36.0.1985.143 Safari/537.36"
177.82.142.127 - - [17/Apr/2015:16:22:44 -0700] "GET /images/button.png HTTP/1.1" 200 598 "http://whereshouldiski.com/" "Mozilla/5.0 (Windows NT 6.1; WOW64) AppleWebKit/537.36 (KHTML, like Gecko) Chrome/36.0.1985.143 Safari/537.36"
177.82.142.127 - - [17/Apr/2015:16:22:44 -0700] "GET /lib/reccapi.php?fields=t HTTP/1.1" 200 1820 "http://whereshouldiski.com/" "Mozilla/5.0 (Windows NT 6.1; WOW64) AppleWebKit/537.36 (KHTML, like Gecko) Chrome/36.0.1985.143 Safari/537.36"
177.82.142.127 - - [17/Apr/2015:16:22:44 -0700] "GET /images/greyHeader.png HTTP/1.1" 200 508 "http://whereshouldiski.com/" "Mozilla/5.0 (Windows NT 6.1; WOW64) AppleWebKit/537.36 (KHTML, like Gecko) Chrome/36.0.1985.143 Safari/537.36"
177.82.142.127 - - [17/Apr/2015:16:22:44 -0700] "GET /images/snowflake5.png HTTP/1.1" 200 2857 "http://whereshouldiski.com/" "Mozilla/5.0 (Windows NT 6.1; WOW64) AppleWebKit/537.36 (KHTML, like Gecko) Chrome/36.0.1985.143 Safari/537.36"
177.82.142.127 - - [17/Apr/2015:16:22:44 -0700] "GET /images/star5.png HTTP/1.1" 200 1783 "http://whereshouldiski.com/" "Mozilla/5.0 (Windows NT 6.1; WOW64) AppleWebKit/537.36 (KHTML, like Gecko) Chrome/36.0.1985.143 Safari/537.36"
177.82.142.127 - - [17/Apr/2015:16:22:44 -0700] "GET /images/bluebird5.png HTTP/1.1" 200 2177 "http://whereshouldiski.com/" "Mozilla/5.0 (Windows NT 6.1; WOW64) AppleWebKit/537.36 (KHTML, like Gecko) Chrome/36.0.1985.143 Safari/537.36"
177.82.142.127 - - [17/Apr/2015:16:22:44 -0700] "GET /images/shading-icon.png HTTP/1.1" 200 536 "http://whereshouldiski.com/" "Mozilla/5.0 (Windows NT 6.1; WOW64) AppleWebKit/537.36 (KHTML, like Gecko) Chrome/36.0.1985.143 Safari/537.36"
177.82.142.127 - - [17/Apr/2015:16:22:44 -0700] "GET /images/mtns-icon.png HTTP/1.1" 200 1096 "http://whereshouldiski.com/" "Mozilla/5.0 (Windows NT 6.1; WOW64) AppleWebKit/537.36 (KHTML, like Gecko) Chrome/36.0.1985.143 Safari/537.36"
177.82.142.127 - - [17/Apr/2015:16:23:05 -0700] "-" 408 0 "-" "-"
177.82.142.127 - - [17/Apr/2015:16:23:05 -0700] "-" 408 0 "-" "-"
177.82.142.127 - - [17/Apr/2015:16:23:06 -0700] "-" 408 0 "-" "-"
127.0.0.1 - - [17/Apr/2015:16:23:06 -0700] "OPTIONS * HTTP/1.0" 200 126 "-" "Apache/2.2.22 (Ubuntu) (internal dummy connection)"
66.75.241.189 - - [17/Apr/2015:16:27:57 -0700] "GET /images/wsis-logo-sm.png HTTP/1.1" 200 6108 "http://www.thebackcountry.net/" "Mozilla/5.0 (Windows NT 6.1; WOW64; Trident/7.0; rv:11.0) like Gecko"
198.244.110.13 - - [17/Apr/2015:16:37:02 -0700] "GET /images/wsis-logo-sm.png HTTP/1.1" 200 6108 "http://www.thebackcountry.net/" "Mozilla/5.0 (Macintosh; Intel Mac OS X 10_10_3) AppleWebKit/600.5.17 (KHTML, like Gecko) Version/8.0.5 Safari/600.5.17"
