170.75.162.130 - - [31/Aug/2015:00:00:31 -0700] "GET /lib/reccapi.php?resort=loveland HTTP/1.1" 200 669 "-" "node-superagent/0.18.2"
170.75.162.130 - - [31/Aug/2015:00:00:36 -0700] "GET /lib/reccapi.php?resort=wildcatmountain HTTP/1.1" 200 670 "-" "node-superagent/0.18.2"
170.75.162.130 - - [31/Aug/2015:00:00:41 -0700] "GET /lib/reccapi.php?resort=mammothmountain HTTP/1.1" 200 690 "-" "node-superagent/0.18.2"
170.75.162.130 - - [31/Aug/2015:00:00:46 -0700] "GET /lib/reccapi.php?resort=mountspokane HTTP/1.1" 200 691 "-" "node-superagent/0.18.2"
170.75.162.130 - - [31/Aug/2015:00:00:51 -0700] "GET /lib/reccapi.php?resort=mountbachelor HTTP/1.1" 200 689 "-" "node-superagent/0.18.2"
170.75.162.130 - - [31/Aug/2015:00:00:56 -0700] "GET /lib/reccapi.php?resort=mountainhigh HTTP/1.1" 200 692 "-" "node-superagent/0.18.2"
170.75.162.130 - - [31/Aug/2015:00:01:01 -0700] "GET /lib/reccapi.php?resort=mounthoodmeadows HTTP/1.1" 200 691 "-" "node-superagent/0.18.2"
170.75.162.130 - - [31/Aug/2015:00:01:06 -0700] "GET /lib/reccapi.php?resort=northstar-at-tahoe HTTP/1.1" 200 670 "-" "node-superagent/0.18.2"
170.75.162.130 - - [31/Aug/2015:00:01:11 -0700] "GET /lib/reccapi.php?resort=redlodge HTTP/1.1" 200 709 "-" "node-superagent/0.18.2"
170.75.162.130 - - [31/Aug/2015:00:01:16 -0700] "GET /lib/reccapi.php?resort=snowbasin HTTP/1.1" 200 662 "-" "node-superagent/0.18.2"
170.75.162.130 - - [31/Aug/2015:00:01:21 -0700] "GET /lib/reccapi.php?resort=snowbird HTTP/1.1" 200 662 "-" "node-superagent/0.18.2"
170.75.162.130 - - [31/Aug/2015:00:01:26 -0700] "GET /lib/reccapi.php?resort=snowmass HTTP/1.1" 200 656 "-" "node-superagent/0.18.2"
170.75.162.130 - - [31/Aug/2015:00:01:31 -0700] "GET /lib/reccapi.php?resort=madriverglen HTTP/1.1" 200 669 "-" "node-superagent/0.18.2"
170.75.162.130 - - [31/Aug/2015:00:01:36 -0700] "GET /lib/reccapi.php?resort=monarch HTTP/1.1" 200 661 "-" "node-superagent/0.18.2"
170.75.162.130 - - [31/Aug/2015:00:01:41 -0700] "GET /lib/reccapi.php?resort=mtrose HTTP/1.1" 200 652 "-" "node-superagent/0.18.2"
170.75.162.130 - - [31/Aug/2015:00:01:46 -0700] "GET /lib/reccapi.php?resort=parkcity HTTP/1.1" 200 685 "-" "node-superagent/0.18.2"
170.75.162.130 - - [31/Aug/2015:00:01:51 -0700] "GET /lib/reccapi.php?resort=silverstarmountain HTTP/1.1" 200 689 "-" "node-superagent/0.18.2"
170.75.162.130 - - [31/Aug/2015:00:01:56 -0700] "GET /lib/reccapi.php?resort=solitude HTTP/1.1" 200 653 "-" "node-superagent/0.18.2"
170.75.162.130 - - [31/Aug/2015:00:02:01 -0700] "GET /lib/reccapi.php?resort=stowe HTTP/1.1" 200 652 "-" "node-superagent/0.18.2"
170.75.162.130 - - [31/Aug/2015:00:02:06 -0700] "GET /lib/reccapi.php?resort=whitefacemountain HTTP/1.1" 200 670 "-" "node-superagent/0.18.2"
170.75.162.130 - - [31/Aug/2015:00:02:11 -0700] "GET /lib/reccapi.php?resort=winterpark HTTP/1.1" 200 682 "-" "node-superagent/0.18.2"
170.75.162.130 - - [31/Aug/2015:00:02:16 -0700] "GET /lib/reccapi.php?resort=whistlerblackcomb HTTP/1.1" 200 687 "-" "node-superagent/0.18.2"
170.75.162.130 - - [31/Aug/2015:00:02:21 -0700] "GET /lib/reccapi.php?resort=squawvalleyusa HTTP/1.1" 200 685 "-" "node-superagent/0.18.2"
170.75.162.130 - - [31/Aug/2015:00:02:26 -0700] "GET /lib/reccapi.php?resort=steamboat HTTP/1.1" 200 671 "-" "node-superagent/0.18.2"
170.75.162.130 - - [31/Aug/2015:00:02:31 -0700] "GET /lib/reccapi.php?resort=stevenspass HTTP/1.1" 200 673 "-" "node-superagent/0.18.2"
170.75.162.130 - - [31/Aug/2015:00:02:36 -0700] "GET /lib/reccapi.php?resort=sundayriver HTTP/1.1" 200 674 "-" "node-superagent/0.18.2"
170.75.162.130 - - [31/Aug/2015:00:02:41 -0700] "GET /lib/reccapi.php?resort=sunvalley HTTP/1.1" 200 677 "-" "node-superagent/0.18.2"
170.75.162.130 - - [31/Aug/2015:00:02:46 -0700] "GET /lib/reccapi.php?resort=taos HTTP/1.1" 200 646 "-" "node-superagent/0.18.2"
170.75.162.130 - - [31/Aug/2015:00:02:51 -0700] "GET /lib/reccapi.php?resort=telluride HTTP/1.1" 200 663 "-" "node-superagent/0.18.2"
170.75.162.130 - - [31/Aug/2015:00:02:56 -0700] "GET /lib/reccapi.php?resort=buttermilk HTTP/1.1" 200 662 "-" "node-superagent/0.18.2"
170.75.162.130 - - [31/Aug/2015:00:03:01 -0700] "GET /lib/reccapi.php?resort=cannonmountain HTTP/1.1" 200 673 "-" "node-superagent/0.18.2"
170.75.162.130 - - [31/Aug/2015:00:03:06 -0700] "GET /lib/reccapi.php?resort=keystone HTTP/1.1" 200 673 "-" "node-superagent/0.18.2"
170.75.162.130 - - [31/Aug/2015:00:03:11 -0700] "GET /lib/reccapi.php?resort=redmountain HTTP/1.1" 200 666 "-" "node-superagent/0.18.2"
170.75.162.130 - - [31/Aug/2015:00:03:16 -0700] "GET /lib/reccapi.php?resort=schweitzer HTTP/1.1" 200 660 "-" "node-superagent/0.18.2"
170.75.162.130 - - [31/Aug/2015:00:03:21 -0700] "GET /lib/reccapi.php?resort=sierra-at-tahoe HTTP/1.1" 200 671 "-" "node-superagent/0.18.2"
170.75.162.130 - - [31/Aug/2015:00:03:26 -0700] "GET /lib/reccapi.php?resort=smugglersnotch HTTP/1.1" 200 674 "-" "node-superagent/0.18.2"
170.75.162.130 - - [31/Aug/2015:00:03:31 -0700] "GET /lib/reccapi.php?resort=sugarbowl HTTP/1.1" 200 666 "-" "node-superagent/0.18.2"
170.75.162.130 - - [31/Aug/2015:00:03:36 -0700] "GET /lib/reccapi.php?resort=sugarbush HTTP/1.1" 200 672 "-" "node-superagent/0.18.2"
170.75.162.130 - - [31/Aug/2015:00:03:41 -0700] "GET /lib/reccapi.php?resort=sugarloaf HTTP/1.1" 200 664 "-" "node-superagent/0.18.2"
170.75.162.130 - - [31/Aug/2015:00:03:46 -0700] "GET /lib/reccapi.php?resort=sunpeaksresort HTTP/1.1" 200 675 "-" "node-superagent/0.18.2"
170.75.162.130 - - [31/Aug/2015:00:03:51 -0700] "GET /lib/reccapi.php?resort=diamondpeak HTTP/1.1" 200 650 "-" "node-superagent/0.18.2"
170.75.162.130 - - [31/Aug/2015:00:03:56 -0700] "GET /lib/reccapi.php?resort=heavenly HTTP/1.1" 200 679 "-" "node-superagent/0.18.2"
71.11.188.120 - - [31/Aug/2015:00:30:29 -0700] "GET /images/wsis-logo-sm.png HTTP/1.1" 200 6108 "http://www.thebackcountry.net/" "Mozilla/5.0 (Windows NT 10.0; Win64; x64) AppleWebKit/537.36 (KHTML, like Gecko) Chrome/42.0.2311.135 Safari/537.36 Edge/12.10240"
71.11.188.120 - - [31/Aug/2015:00:30:50 -0700] "-" 408 0 "-" "-"
71.11.188.120 - - [31/Aug/2015:00:31:51 -0700] "-" 408 0 "-" "-"
66.249.79.227 - - [31/Aug/2015:00:37:33 -0700] "GET /resorts?resort=bearmountain&date=2013-05-04 HTTP/1.1" 404 506 "-" "Mozilla/5.0 (iPhone; CPU iPhone OS 8_3 like Mac OS X) AppleWebKit/600.1.4 (KHTML, like Gecko) Version/8.0 Mobile/12F70 Safari/600.1.4 (compatible; Googlebot/2.1; +http://www.google.com/bot.html)"
75.80.239.44 - - [31/Aug/2015:00:40:26 -0700] "GET /images/wsis-logo-sm.png HTTP/1.1" 200 6108 "http://www.thebackcountry.net/" "Mozilla/5.0 (iPhone; CPU iPhone OS 8_4 like Mac OS X) AppleWebKit/600.1.4 (KHTML, like Gecko) Version/8.0 Mobile/12H143 Safari/600.1.4"
71.89.249.44 - - [31/Aug/2015:00:45:52 -0700] "GET /images/wsis-logo-sm.png HTTP/1.1" 200 6108 "http://www.thebackcountry.net/" "Mozilla/5.0 (iPad; CPU OS 8_3 like Mac OS X) AppleWebKit/600.1.4 (KHTML, like Gecko) Version/8.0 Mobile/12F69 Safari/600.1.4"
77.75.77.123 - - [31/Aug/2015:00:54:33 -0700] "GET /images/wsis-logo-sm.png HTTP/1.1" 200 6052 "http://www.thebackcountry.net/" "Mozilla/5.0 PhantomJS (compatible; Seznam screenshot-generator 2.1; +http://fulltext.sblog.cz/screenshot/)"
180.76.15.32 - - [31/Aug/2015:00:55:02 -0700] "GET / HTTP/1.1" 200 6114 "-" "Mozilla/5.0 (compatible; Baiduspider/2.0; +http://www.baidu.com/search/spider.html)"
180.76.15.10 - - [31/Aug/2015:00:56:06 -0700] "GET / HTTP/1.1" 200 6114 "-" "Mozilla/5.0 (compatible; Baiduspider/2.0; +http://www.baidu.com/search/spider.html)"
123.125.71.81 - - [31/Aug/2015:01:19:14 -0700] "-" 408 0 "-" "-"
66.249.79.234 - - [31/Aug/2015:01:21:43 -0700] "GET /resorts?resort=whitewater&date=2013-12-07 HTTP/1.1" 404 506 "-" "Mozilla/5.0 (iPhone; CPU iPhone OS 8_3 like Mac OS X) AppleWebKit/600.1.4 (KHTML, like Gecko) Version/8.0 Mobile/12F70 Safari/600.1.4 (compatible; Googlebot/2.1; +http://www.google.com/bot.html)"
220.181.108.144 - - [31/Aug/2015:01:25:37 -0700] "-" 408 0 "-" "-"
66.249.79.227 - - [31/Aug/2015:02:05:54 -0700] "GET /resorts?resort=brundage&date=2013-12-13 HTTP/1.1" 404 506 "-" "Mozilla/5.0 (iPhone; CPU iPhone OS 8_3 like Mac OS X) AppleWebKit/600.1.4 (KHTML, like Gecko) Version/8.0 Mobile/12F70 Safari/600.1.4 (compatible; Googlebot/2.1; +http://www.google.com/bot.html)"
123.125.71.50 - - [31/Aug/2015:02:17:33 -0700] "-" 408 0 "-" "-"
220.181.108.155 - - [31/Aug/2015:02:23:20 -0700] "-" 408 0 "-" "-"
80.82.65.82 - - [31/Aug/2015:02:43:08 -0700] "GET / HTTP/1.0" 200 6114 "http://whereshouldiski.com" "Mozilla/4.0 (compatible; MSIE 6.0; Windows NT 5.1; SV1; .NET CLR 2.0.50727)"
180.76.15.148 - - [31/Aug/2015:02:44:08 -0700] "GET / HTTP/1.1" 200 6114 "-" "Mozilla/5.0 (compatible; Baiduspider/2.0; +http://www.baidu.com/search/spider.html)"
180.76.15.160 - - [31/Aug/2015:02:44:44 -0700] "GET / HTTP/1.1" 200 6114 "-" "Mozilla/5.0 (compatible; Baiduspider/2.0; +http://www.baidu.com/search/spider.html)"
66.249.79.227 - - [31/Aug/2015:02:50:05 -0700] "GET /resorts?resort=whitefishmountain&date=2013-12-29 HTTP/1.1" 404 506 "-" "Mozilla/5.0 (iPhone; CPU iPhone OS 8_3 like Mac OS X) AppleWebKit/600.1.4 (KHTML, like Gecko) Version/8.0 Mobile/12F70 Safari/600.1.4 (compatible; Googlebot/2.1; +http://www.google.com/bot.html)"
123.125.71.23 - - [31/Aug/2015:03:10:19 -0700] "-" 408 0 "-" "-"
220.181.108.146 - - [31/Aug/2015:03:15:56 -0700] "-" 408 0 "-" "-"
170.75.162.130 - - [31/Aug/2015:03:30:37 -0700] "GET /lib/reccapi.php?resort=alpinemeadows HTTP/1.1" 200 679 "-" "node-superagent/0.18.2"
170.75.162.130 - - [31/Aug/2015:03:30:37 -0700] "GET /lib/reccapi.php?resort=arapahoebasin HTTP/1.1" 200 688 "-" "node-superagent/0.18.2"
170.75.162.130 - - [31/Aug/2015:03:30:37 -0700] "GET /lib/reccapi.php?resort=alta HTTP/1.1" 200 655 "-" "node-superagent/0.18.2"
170.75.162.130 - - [31/Aug/2015:03:30:37 -0700] "GET /lib/reccapi.php?resort=alyeska HTTP/1.1" 200 655 "-" "node-superagent/0.18.2"
170.75.162.130 - - [31/Aug/2015:03:30:37 -0700] "GET /lib/reccapi.php?resort=49degreesnorth HTTP/1.1" 200 1083 "-" "node-superagent/0.18.2"
170.75.162.130 - - [31/Aug/2015:03:30:37 -0700] "GET /lib/reccapi.php?resort=angelfire HTTP/1.1" 200 685 "-" "node-superagent/0.18.2"
170.75.162.130 - - [31/Aug/2015:03:30:37 -0700] "GET /lib/reccapi.php?resort=aspenheights HTTP/1.1" 200 685 "-" "node-superagent/0.18.2"
170.75.162.130 - - [31/Aug/2015:03:30:37 -0700] "GET /lib/reccapi.php?resort=aspenmountain HTTP/1.1" 200 674 "-" "node-superagent/0.18.2"
170.75.162.130 - - [31/Aug/2015:03:30:37 -0700] "GET /lib/reccapi.php?resort=bigsky HTTP/1.1" 200 670 "-" "node-superagent/0.18.2"
170.75.162.130 - - [31/Aug/2015:03:30:37 -0700] "GET /lib/reccapi.php?resort=bigwhite HTTP/1.1" 200 678 "-" "node-superagent/0.18.2"
170.75.162.130 - - [31/Aug/2015:03:30:37 -0700] "GET /lib/reccapi.php?resort=brianhead HTTP/1.1" 200 679 "-" "node-superagent/0.18.2"
170.75.162.130 - - [31/Aug/2015:03:30:37 -0700] "GET /lib/reccapi.php?resort=brighton HTTP/1.1" 200 659 "-" "node-superagent/0.18.2"
170.75.162.130 - - [31/Aug/2015:03:31:35 -0700] "GET /lib/reccapi.php?resort=canyons HTTP/1.1" 200 653 "-" "node-superagent/0.18.2"
170.75.162.130 - - [31/Aug/2015:03:31:35 -0700] "GET /lib/reccapi.php?resort=chinapeak HTTP/1.1" 200 680 "-" "node-superagent/0.18.2"
170.75.162.130 - - [31/Aug/2015:03:31:35 -0700] "GET /lib/reccapi.php?resort=coppermountain HTTP/1.1" 200 678 "-" "node-superagent/0.18.2"
170.75.162.130 - - [31/Aug/2015:03:31:35 -0700] "GET /lib/reccapi.php?resort=crestedbutte HTTP/1.1" 200 687 "-" "node-superagent/0.18.2"
170.75.162.130 - - [31/Aug/2015:03:31:35 -0700] "GET /lib/reccapi.php?resort=crystalmountain HTTP/1.1" 200 678 "-" "node-superagent/0.18.2"
170.75.162.130 - - [31/Aug/2015:03:31:35 -0700] "GET /lib/reccapi.php?resort=deervalley HTTP/1.1" 200 690 "-" "node-superagent/0.18.2"
170.75.162.130 - - [31/Aug/2015:03:31:35 -0700] "GET /lib/reccapi.php?resort=devilshead HTTP/1.1" 200 654 "-" "node-superagent/0.18.2"
170.75.162.130 - - [31/Aug/2015:03:31:35 -0700] "GET /lib/reccapi.php?resort=diamondpeak HTTP/1.1" 200 650 "-" "node-superagent/0.18.2"
170.75.162.130 - - [31/Aug/2015:03:31:35 -0700] "GET /lib/reccapi.php?resort=heavenly HTTP/1.1" 200 679 "-" "node-superagent/0.18.2"
170.75.162.130 - - [31/Aug/2015:03:31:35 -0700] "GET /lib/reccapi.php?resort=homewoodmountain HTTP/1.1" 200 684 "-" "node-superagent/0.18.2"
170.75.162.130 - - [31/Aug/2015:03:31:35 -0700] "GET /lib/reccapi.php?resort=buttermilk HTTP/1.1" 200 662 "-" "node-superagent/0.18.2"
127.0.0.1 - - [31/Aug/2015:03:31:36 -0700] "OPTIONS * HTTP/1.0" 200 126 "-" "Apache/2.2.22 (Ubuntu) (internal dummy connection)"
170.75.162.130 - - [31/Aug/2015:03:31:37 -0700] "GET /lib/reccapi.php?resort=hoodoo HTTP/1.1" 200 665 "-" "node-superagent/0.18.2"
170.75.162.130 - - [31/Aug/2015:03:31:42 -0700] "GET /lib/reccapi.php?resort=jacksonhole HTTP/1.1" 200 670 "-" "node-superagent/0.18.2"
170.75.162.130 - - [31/Aug/2015:03:31:47 -0700] "GET /lib/reccapi.php?resort=keystone HTTP/1.1" 200 673 "-" "node-superagent/0.18.2"
170.75.162.130 - - [31/Aug/2015:03:31:52 -0700] "GET /lib/reccapi.php?resort=killington HTTP/1.1" 200 666 "-" "node-superagent/0.18.2"
170.75.162.130 - - [31/Aug/2015:03:31:57 -0700] "GET /lib/reccapi.php?resort=kirkwood HTTP/1.1" 200 686 "-" "node-superagent/0.18.2"
170.75.162.130 - - [31/Aug/2015:03:32:02 -0700] "GET /lib/reccapi.php?resort=madriverglen HTTP/1.1" 200 669 "-" "node-superagent/0.18.2"
170.75.162.130 - - [31/Aug/2015:03:32:07 -0700] "GET /lib/reccapi.php?resort=mammothmountain HTTP/1.1" 200 690 "-" "node-superagent/0.18.2"
170.75.162.130 - - [31/Aug/2015:03:32:12 -0700] "GET /lib/reccapi.php?resort=sugarbush HTTP/1.1" 200 672 "-" "node-superagent/0.18.2"
170.75.162.130 - - [31/Aug/2015:03:32:17 -0700] "GET /lib/reccapi.php?resort=mtrose HTTP/1.1" 200 652 "-" "node-superagent/0.18.2"
170.75.162.130 - - [31/Aug/2015:03:32:22 -0700] "GET /lib/reccapi.php?resort=schweitzer HTTP/1.1" 200 660 "-" "node-superagent/0.18.2"
170.75.162.130 - - [31/Aug/2015:03:32:27 -0700] "GET /lib/reccapi.php?resort=northstar-at-tahoe HTTP/1.1" 200 670 "-" "node-superagent/0.18.2"
170.75.162.130 - - [31/Aug/2015:03:32:32 -0700] "GET /lib/reccapi.php?resort=sierra-at-tahoe HTTP/1.1" 200 671 "-" "node-superagent/0.18.2"
170.75.162.130 - - [31/Aug/2015:03:32:37 -0700] "GET /lib/reccapi.php?resort=silverstarmountain HTTP/1.1" 200 689 "-" "node-superagent/0.18.2"
170.75.162.130 - - [31/Aug/2015:03:32:42 -0700] "GET /lib/reccapi.php?resort=telluride HTTP/1.1" 200 663 "-" "node-superagent/0.18.2"
170.75.162.130 - - [31/Aug/2015:03:32:47 -0700] "GET /lib/reccapi.php?resort=whitefacemountain HTTP/1.1" 200 670 "-" "node-superagent/0.18.2"
170.75.162.130 - - [31/Aug/2015:03:32:52 -0700] "GET /lib/reccapi.php?resort=wildcatmountain HTTP/1.1" 200 670 "-" "node-superagent/0.18.2"
170.75.162.130 - - [31/Aug/2015:03:32:57 -0700] "GET /lib/reccapi.php?resort=winterpark HTTP/1.1" 200 682 "-" "node-superagent/0.18.2"
170.75.162.130 - - [31/Aug/2015:03:33:02 -0700] "GET /lib/reccapi.php?resort=loveland HTTP/1.1" 200 669 "-" "node-superagent/0.18.2"
170.75.162.130 - - [31/Aug/2015:03:33:07 -0700] "GET /lib/reccapi.php?resort=monarch HTTP/1.1" 200 661 "-" "node-superagent/0.18.2"
170.75.162.130 - - [31/Aug/2015:03:33:12 -0700] "GET /lib/reccapi.php?resort=whistlerblackcomb HTTP/1.1" 200 687 "-" "node-superagent/0.18.2"
170.75.162.130 - - [31/Aug/2015:03:33:17 -0700] "GET /lib/reccapi.php?resort=mountbachelor HTTP/1.1" 200 689 "-" "node-superagent/0.18.2"
170.75.162.130 - - [31/Aug/2015:03:33:22 -0700] "GET /lib/reccapi.php?resort=stevenspass HTTP/1.1" 200 673 "-" "node-superagent/0.18.2"
170.75.162.130 - - [31/Aug/2015:03:33:27 -0700] "GET /lib/reccapi.php?resort=stowe HTTP/1.1" 200 652 "-" "node-superagent/0.18.2"
170.75.162.130 - - [31/Aug/2015:03:33:32 -0700] "GET /lib/reccapi.php?resort=sugarbowl HTTP/1.1" 200 666 "-" "node-superagent/0.18.2"
170.75.162.130 - - [31/Aug/2015:03:33:37 -0700] "GET /lib/reccapi.php?resort=mountspokane HTTP/1.1" 200 691 "-" "node-superagent/0.18.2"
170.75.162.130 - - [31/Aug/2015:03:33:42 -0700] "GET /lib/reccapi.php?resort=redlodge HTTP/1.1" 200 709 "-" "node-superagent/0.18.2"
170.75.162.130 - - [31/Aug/2015:03:33:47 -0700] "GET /lib/reccapi.php?resort=mountainhigh HTTP/1.1" 200 692 "-" "node-superagent/0.18.2"
170.75.162.130 - - [31/Aug/2015:03:33:52 -0700] "GET /lib/reccapi.php?resort=parkcity HTTP/1.1" 200 685 "-" "node-superagent/0.18.2"
170.75.162.130 - - [31/Aug/2015:03:33:57 -0700] "GET /lib/reccapi.php?resort=smugglersnotch HTTP/1.1" 200 674 "-" "node-superagent/0.18.2"
170.75.162.130 - - [31/Aug/2015:03:34:02 -0700] "GET /lib/reccapi.php?resort=snowbird HTTP/1.1" 200 662 "-" "node-superagent/0.18.2"
170.75.162.130 - - [31/Aug/2015:03:34:07 -0700] "GET /lib/reccapi.php?resort=snowmass HTTP/1.1" 200 656 "-" "node-superagent/0.18.2"
170.75.162.130 - - [31/Aug/2015:03:34:12 -0700] "GET /lib/reccapi.php?resort=solitude HTTP/1.1" 200 653 "-" "node-superagent/0.18.2"
66.249.79.234 - - [31/Aug/2015:03:34:15 -0700] "GET /resorts?resort=cascademountain&date=2014-02-05 HTTP/1.1" 404 506 "-" "Mozilla/5.0 (iPhone; CPU iPhone OS 8_3 like Mac OS X) AppleWebKit/600.1.4 (KHTML, like Gecko) Version/8.0 Mobile/12F70 Safari/600.1.4 (compatible; Googlebot/2.1; +http://www.google.com/bot.html)"
170.75.162.130 - - [31/Aug/2015:03:34:17 -0700] "GET /lib/reccapi.php?resort=squawvalleyusa HTTP/1.1" 200 685 "-" "node-superagent/0.18.2"
170.75.162.130 - - [31/Aug/2015:03:34:22 -0700] "GET /lib/reccapi.php?resort=steamboat HTTP/1.1" 200 671 "-" "node-superagent/0.18.2"
170.75.162.130 - - [31/Aug/2015:03:34:27 -0700] "GET /lib/reccapi.php?resort=cannonmountain HTTP/1.1" 200 673 "-" "node-superagent/0.18.2"
170.75.162.130 - - [31/Aug/2015:03:34:32 -0700] "GET /lib/reccapi.php?resort=jaypeak HTTP/1.1" 200 684 "-" "node-superagent/0.18.2"
170.75.162.130 - - [31/Aug/2015:03:34:37 -0700] "GET /lib/reccapi.php?resort=sugarloaf HTTP/1.1" 200 664 "-" "node-superagent/0.18.2"
170.75.162.130 - - [31/Aug/2015:03:34:42 -0700] "GET /lib/reccapi.php?resort=sunpeaksresort HTTP/1.1" 200 675 "-" "node-superagent/0.18.2"
170.75.162.130 - - [31/Aug/2015:03:34:47 -0700] "GET /lib/reccapi.php?resort=sunvalley HTTP/1.1" 200 677 "-" "node-superagent/0.18.2"
170.75.162.130 - - [31/Aug/2015:03:34:52 -0700] "GET /lib/reccapi.php?resort=taos HTTP/1.1" 200 646 "-" "node-superagent/0.18.2"
170.75.162.130 - - [31/Aug/2015:03:34:57 -0700] "GET /lib/reccapi.php?resort=grandtarghee HTTP/1.1" 200 680 "-" "node-superagent/0.18.2"
170.75.162.130 - - [31/Aug/2015:03:35:02 -0700] "GET /lib/reccapi.php?resort=mounthoodmeadows HTTP/1.1" 200 691 "-" "node-superagent/0.18.2"
170.75.162.130 - - [31/Aug/2015:03:35:07 -0700] "GET /lib/reccapi.php?resort=snowbasin HTTP/1.1" 200 662 "-" "node-superagent/0.18.2"
170.75.162.130 - - [31/Aug/2015:03:35:12 -0700] "GET /lib/reccapi.php?resort=redmountain HTTP/1.1" 200 666 "-" "node-superagent/0.18.2"
170.75.162.130 - - [31/Aug/2015:03:35:17 -0700] "GET /lib/reccapi.php?resort=sundayriver HTTP/1.1" 200 674 "-" "node-superagent/0.18.2"
180.76.15.149 - - [31/Aug/2015:03:46:18 -0700] "GET / HTTP/1.1" 200 6114 "-" "Mozilla/5.0 (compatible; Baiduspider/2.0; +http://www.baidu.com/search/spider.html)"
180.76.15.145 - - [31/Aug/2015:03:46:53 -0700] "GET / HTTP/1.1" 200 6114 "-" "Mozilla/5.0 (compatible; Baiduspider/2.0; +http://www.baidu.com/search/spider.html)"
123.125.71.71 - - [31/Aug/2015:04:12:37 -0700] "-" 408 0 "-" "-"
66.249.79.227 - - [31/Aug/2015:04:18:24 -0700] "GET /resorts?resort=northstar-at-tahoe&date=2012-12-29 HTTP/1.1" 404 506 "-" "Mozilla/5.0 (iPhone; CPU iPhone OS 8_3 like Mac OS X) AppleWebKit/600.1.4 (KHTML, like Gecko) Version/8.0 Mobile/12F70 Safari/600.1.4 (compatible; Googlebot/2.1; +http://www.google.com/bot.html)"
220.181.108.161 - - [31/Aug/2015:04:19:41 -0700] "-" 408 0 "-" "-"
66.249.79.227 - - [31/Aug/2015:05:02:32 -0700] "GET /resorts?resort=sleepinggiant&date=2014-01-09 HTTP/1.1" 404 506 "-" "Mozilla/5.0 (iPhone; CPU iPhone OS 8_3 like Mac OS X) AppleWebKit/600.1.4 (KHTML, like Gecko) Version/8.0 Mobile/12F70 Safari/600.1.4 (compatible; Googlebot/2.1; +http://www.google.com/bot.html)"
180.76.15.32 - - [31/Aug/2015:05:05:47 -0700] "GET / HTTP/1.1" 200 6114 "-" "Mozilla/5.0 (compatible; Baiduspider/2.0; +http://www.baidu.com/search/spider.html)"
180.76.15.31 - - [31/Aug/2015:05:07:17 -0700] "GET / HTTP/1.1" 200 6114 "-" "Mozilla/5.0 (compatible; Baiduspider/2.0; +http://www.baidu.com/search/spider.html)"
123.125.71.81 - - [31/Aug/2015:05:14:01 -0700] "-" 408 0 "-" "-"
220.181.108.186 - - [31/Aug/2015:05:20:17 -0700] "-" 408 0 "-" "-"
99.89.117.67 - - [31/Aug/2015:05:27:44 -0700] "GET /images/wsis-logo-sm.png HTTP/1.1" 200 6108 "http://www.thebackcountry.net/" "Mozilla/5.0 (iPad; CPU OS 8_4_1 like Mac OS X) AppleWebKit/600.1.4 (KHTML, like Gecko) CriOS/44.0.2403.67 Mobile/12H321 Safari/600.1.4"
66.249.79.234 - - [31/Aug/2015:05:47:33 -0700] "GET /resorts?resort=devilshead&date=2014-02-05 HTTP/1.1" 404 506 "-" "Mozilla/5.0 (iPhone; CPU iPhone OS 8_3 like Mac OS X) AppleWebKit/600.1.4 (KHTML, like Gecko) Version/8.0 Mobile/12F70 Safari/600.1.4 (compatible; Googlebot/2.1; +http://www.google.com/bot.html)"
151.16.208.232 - - [31/Aug/2015:05:52:45 -0700] "GET /images/wsis-logo-sm.png HTTP/1.1" 200 6108 "http://thebackcountry.net/" "Mozilla/5.0 (Windows NT 6.1; WOW64) AppleWebKit/537.36 (KHTML, like Gecko) Chrome/36.0.1985.143 Safari/537.36"
180.76.15.135 - - [31/Aug/2015:06:06:27 -0700] "GET / HTTP/1.1" 200 6114 "-" "Mozilla/5.0 (compatible; Baiduspider/2.0; +http://www.baidu.com/search/spider.html)"
180.76.15.137 - - [31/Aug/2015:06:07:54 -0700] "GET / HTTP/1.1" 200 6114 "-" "Mozilla/5.0 (compatible; Baiduspider/2.0; +http://www.baidu.com/search/spider.html)"
46.151.52.68 - - [31/Aug/2015:06:10:57 -0700] "GET / HTTP/1.0" 200 6114 "http://whereshouldiski.com/" "Mozilla/5.0 (Windows NT 6.1; rv:37.0) Gecko/20100101 Firefox/37.0"
46.151.52.68 - - [31/Aug/2015:06:10:58 -0700] "GET / HTTP/1.0" 200 6114 "http://whereshouldiski.com/" "Mozilla/5.0 (Windows NT 6.1; rv:37.0) Gecko/20100101 Firefox/37.0"
123.125.71.86 - - [31/Aug/2015:06:16:59 -0700] "-" 408 0 "-" "-"
220.181.108.178 - - [31/Aug/2015:06:23:01 -0700] "-" 408 0 "-" "-"
121.167.49.205 - - [31/Aug/2015:06:27:33 -0700] "GET /images/wsis-logo-sm.png HTTP/1.1" 200 6108 "http://www.thebackcountry.net/" "Mozilla/5.0 (Windows NT 10.0; WOW64; Trident/7.0; Touch; MASMJS; rv:11.0) like Gecko"
121.167.49.205 - - [31/Aug/2015:06:27:54 -0700] "-" 408 0 "-" "-"
200.165.241.86 - - [31/Aug/2015:06:28:27 -0700] "GET / HTTP/1.1" 200 2376 "http://success-seo.com/try.php?u=http://whereshouldiski.com" "Mozilla/5.0 (Windows NT 6.1; WOW64) AppleWebKit/537.36 (KHTML, like Gecko) Chrome/36.0.1985.143 Safari/537.36"
200.165.241.86 - - [31/Aug/2015:06:28:29 -0700] "GET /styles/0fffd548.main.css HTTP/1.1" 200 19316 "http://whereshouldiski.com/" "Mozilla/5.0 (Windows NT 6.1; WOW64) AppleWebKit/537.36 (KHTML, like Gecko) Chrome/36.0.1985.143 Safari/537.36"
200.165.241.86 - - [31/Aug/2015:06:28:29 -0700] "GET /scripts/scripts/vendor/modernizr.js HTTP/1.1" 200 4903 "http://whereshouldiski.com/" "Mozilla/5.0 (Windows NT 6.1; WOW64) AppleWebKit/537.36 (KHTML, like Gecko) Chrome/36.0.1985.143 Safari/537.36"
200.165.241.86 - - [31/Aug/2015:06:28:29 -0700] "GET /bower_components/requirejs/require.js HTTP/1.1" 200 6702 "http://whereshouldiski.com/" "Mozilla/5.0 (Windows NT 6.1; WOW64) AppleWebKit/537.36 (KHTML, like Gecko) Chrome/36.0.1985.143 Safari/537.36"
200.165.241.86 - - [31/Aug/2015:06:28:31 -0700] "GET /images/logo-sm.png HTTP/1.1" 200 16737 "http://whereshouldiski.com/" "Mozilla/5.0 (Windows NT 6.1; WOW64) AppleWebKit/537.36 (KHTML, like Gecko) Chrome/36.0.1985.143 Safari/537.36"
200.165.241.86 - - [31/Aug/2015:06:28:31 -0700] "GET /images/loading.gif HTTP/1.1" 200 13881 "http://whereshouldiski.com/" "Mozilla/5.0 (Windows NT 6.1; WOW64) AppleWebKit/537.36 (KHTML, like Gecko) Chrome/36.0.1985.143 Safari/537.36"
200.165.241.86 - - [31/Aug/2015:06:28:31 -0700] "GET /scripts/fa48e319.main.js HTTP/1.1" 200 36300 "http://whereshouldiski.com/" "Mozilla/5.0 (Windows NT 6.1; WOW64) AppleWebKit/537.36 (KHTML, like Gecko) Chrome/36.0.1985.143 Safari/537.36"
178.188.109.18 - - [31/Aug/2015:06:30:07 -0700] "GET /images/wsis-logo-sm.png HTTP/1.1" 200 6108 "http://www.thebackcountry.net/" "Mozilla/5.0 (Windows NT 6.3; WOW64; rv:40.0) Gecko/20100101 Firefox/40.0"
66.249.79.227 - - [31/Aug/2015:06:32:06 -0700] "GET / HTTP/1.1" 200 2376 "-" "Mozilla/5.0 (iPhone; CPU iPhone OS 8_3 like Mac OS X) AppleWebKit/600.1.4 (KHTML, like Gecko) Version/8.0 Mobile/12F70 Safari/600.1.4 (compatible; Googlebot/2.1; +http://www.google.com/bot.html)"
81.35.32.226 - - [31/Aug/2015:06:45:56 -0700] "GET /images/wsis-logo-sm.png HTTP/1.1" 200 6108 "http://thebackcountry.net/" "Mozilla/5.0 (Windows NT 6.1; WOW64) AppleWebKit/537.36 (KHTML, like Gecko) Chrome/36.0.1985.143 Safari/537.36"
180.76.15.16 - - [31/Aug/2015:06:56:58 -0700] "GET /resorts?resort=silvermountain&date=2014-04-24 HTTP/1.1" 404 472 "-" "Mozilla/5.0 (compatible; Baiduspider/2.0; +http://www.baidu.com/search/spider.html)"
123.125.71.110 - - [31/Aug/2015:07:03:06 -0700] "-" 408 0 "-" "-"
180.76.15.18 - - [31/Aug/2015:07:06:25 -0700] "GET / HTTP/1.1" 200 6114 "-" "Mozilla/5.0 (compatible; Baiduspider/2.0; +http://www.baidu.com/search/spider.html)"
180.76.15.27 - - [31/Aug/2015:07:07:52 -0700] "GET / HTTP/1.1" 200 6114 "-" "Mozilla/5.0 (compatible; Baiduspider/2.0; +http://www.baidu.com/search/spider.html)"
37.113.44.173 - - [31/Aug/2015:07:08:38 -0700] "GET /wp-login.php HTTP/1.1" 404 506 "-" "Mozilla/5.0 (Windows NT 6.1) AppleWebKit/537.1 (KHTML, like Gecko) Chrome/23.0.1271.17 Safari/537.11"
37.113.44.173 - - [31/Aug/2015:07:08:38 -0700] "GET /administrator/ HTTP/1.1" 404 505 "-" "Mozilla/5.0 (Windows NT 6.1) AppleWebKit/537.1 (KHTML, like Gecko) Chrome/23.0.1271.17 Safari/537.11"
37.113.44.173 - - [31/Aug/2015:07:08:38 -0700] "GET /admin.php HTTP/1.1" 404 505 "-" "Mozilla/5.0 (Windows NT 6.1) AppleWebKit/537.1 (KHTML, like Gecko) Chrome/23.0.1271.17 Safari/537.11"
220.181.108.114 - - [31/Aug/2015:07:08:55 -0700] "-" 408 0 "-" "-"
66.249.79.150 - - [31/Aug/2015:07:16:28 -0700] "GET / HTTP/1.1" 200 2376 "-" "Mozilla/5.0 (iPhone; CPU iPhone OS 8_3 like Mac OS X) AppleWebKit/600.1.4 (KHTML, like Gecko) Version/8.0 Mobile/12F70 Safari/600.1.4 (compatible; Googlebot/2.1; +http://www.google.com/bot.html)"
108.161.136.173 - - [31/Aug/2015:07:23:36 -0700] "HEAD / HTTP/1.1" 200 371 "-" "Arachnida"
146.148.73.244 - - [31/Aug/2015:07:25:49 -0700] "GET / HTTP/1.0" 200 6151 "-" "NerdyBot"
66.249.79.227 - - [31/Aug/2015:08:01:28 -0700] "GET /resorts?resort=bigsky&date=2013-12-15 HTTP/1.1" 404 506 "-" "Mozilla/5.0 (iPhone; CPU iPhone OS 8_3 like Mac OS X) AppleWebKit/600.1.4 (KHTML, like Gecko) Version/8.0 Mobile/12F70 Safari/600.1.4 (compatible; Googlebot/2.1; +http://www.google.com/bot.html)"
71.140.31.214 - - [31/Aug/2015:08:02:18 -0700] "GET /images/wsis-logo-sm.png HTTP/1.1" 200 6108 "http://thebackcountry.net/" "Mozilla/4.0 (compatible; MSIE 8.0; Windows NT 5.1; Trident/4.0; .NET CLR 2.0.50727; .NET CLR 3.0.4506.2152; .NET CLR 3.5.30729; 786908940603; Build/14.08001)"
180.76.15.21 - - [31/Aug/2015:08:06:35 -0700] "GET / HTTP/1.1" 200 6114 "-" "Mozilla/5.0 (compatible; Baiduspider/2.0; +http://www.baidu.com/search/spider.html)"
180.76.15.30 - - [31/Aug/2015:08:08:04 -0700] "GET / HTTP/1.1" 200 6114 "-" "Mozilla/5.0 (compatible; Baiduspider/2.0; +http://www.baidu.com/search/spider.html)"
123.125.71.82 - - [31/Aug/2015:08:15:53 -0700] "-" 408 0 "-" "-"
88.151.19.66 - - [31/Aug/2015:08:22:40 -0700] "GET /images/wsis-logo-sm.png HTTP/1.1" 200 6108 "http://www.thebackcountry.net/" "Mozilla/5.0 (Windows NT 5.1) AppleWebKit/537.36 (KHTML, like Gecko) Chrome/44.0.2403.157 Safari/537.36"
220.181.108.145 - - [31/Aug/2015:08:23:01 -0700] "-" 408 0 "-" "-"
94.132.233.93 - - [31/Aug/2015:08:27:03 -0700] "GET / HTTP/1.1" 200 2376 "http://success-seo.com/try.php?u=http://whereshouldiski.com" "Mozilla/5.0 (Windows NT 6.1; WOW64) AppleWebKit/537.36 (KHTML, like Gecko) Chrome/36.0.1985.143 Safari/537.36"
94.132.233.93 - - [31/Aug/2015:08:27:08 -0700] "GET /scripts/scripts/vendor/modernizr.js HTTP/1.1" 200 4903 "http://whereshouldiski.com/" "Mozilla/5.0 (Windows NT 6.1; WOW64) AppleWebKit/537.36 (KHTML, like Gecko) Chrome/36.0.1985.143 Safari/537.36"
94.132.233.93 - - [31/Aug/2015:08:27:08 -0700] "GET /bower_components/requirejs/require.js HTTP/1.1" 200 6702 "http://whereshouldiski.com/" "Mozilla/5.0 (Windows NT 6.1; WOW64) AppleWebKit/537.36 (KHTML, like Gecko) Chrome/36.0.1985.143 Safari/537.36"
94.132.233.93 - - [31/Aug/2015:08:27:08 -0700] "GET /styles/0fffd548.main.css HTTP/1.1" 200 19317 "http://whereshouldiski.com/" "Mozilla/5.0 (Windows NT 6.1; WOW64) AppleWebKit/537.36 (KHTML, like Gecko) Chrome/36.0.1985.143 Safari/537.36"
94.132.233.93 - - [31/Aug/2015:08:27:12 -0700] "GET /images/loading.gif HTTP/1.1" 200 13881 "http://whereshouldiski.com/" "Mozilla/5.0 (Windows NT 6.1; WOW64) AppleWebKit/537.36 (KHTML, like Gecko) Chrome/36.0.1985.143 Safari/537.36"
94.132.233.93 - - [31/Aug/2015:08:27:12 -0700] "GET /images/logo-sm.png HTTP/1.1" 200 16737 "http://whereshouldiski.com/" "Mozilla/5.0 (Windows NT 6.1; WOW64) AppleWebKit/537.36 (KHTML, like Gecko) Chrome/36.0.1985.143 Safari/537.36"
75.140.56.178 - - [31/Aug/2015:08:30:42 -0700] "GET /images/wsis-logo-sm.png HTTP/1.1" 200 6108 "http://www.thebackcountry.net/" "Mozilla/5.0 (Windows NT 6.3; WOW64) AppleWebKit/537.36 (KHTML, like Gecko) Chrome/44.0.2403.157 Safari/537.36"
71.140.31.214 - - [31/Aug/2015:08:31:34 -0700] "GET /images/wsis-logo-sm.png HTTP/1.1" 200 6108 "http://thebackcountry.net/" "Mozilla/4.0 (compatible; MSIE 8.0; Windows NT 5.1; Trident/4.0; .NET CLR 2.0.50727; .NET CLR 3.0.4506.2152; .NET CLR 3.5.30729; 786908940603; Build/14.08001)"
71.140.31.214 - - [31/Aug/2015:08:37:49 -0700] "GET /images/wsis-logo-sm.png HTTP/1.1" 200 6108 "http://thebackcountry.net/" "Mozilla/4.0 (compatible; MSIE 8.0; Windows NT 5.1; Trident/4.0; .NET CLR 2.0.50727; .NET CLR 3.0.4506.2152; .NET CLR 3.5.30729; 786908940603; Build/14.08001)"
180.76.15.17 - - [31/Aug/2015:08:50:16 -0700] "GET / HTTP/1.1" 200 6114 "-" "Mozilla/5.0 (compatible; Baiduspider/2.0; +http://www.baidu.com/search/spider.html)"
180.76.15.15 - - [31/Aug/2015:08:51:05 -0700] "GET / HTTP/1.1" 200 6114 "-" "Mozilla/5.0 (compatible; Baiduspider/2.0; +http://www.baidu.com/search/spider.html)"
66.249.73.167 - - [31/Aug/2015:08:53:25 -0700] "GET /robots.txt HTTP/1.1" 200 419 "-" "Mozilla/5.0 (compatible; Googlebot/2.1; +http://www.google.com/bot.html)"
66.249.73.183 - - [31/Aug/2015:08:53:25 -0700] "GET /resorts?resort=bigsky&date=2014-01-02 HTTP/1.1" 404 506 "-" "Mozilla/5.0 (iPhone; CPU iPhone OS 8_3 like Mac OS X) AppleWebKit/600.1.4 (KHTML, like Gecko) Version/8.0 Mobile/12F70 Safari/600.1.4 (compatible; Googlebot/2.1; +http://www.google.com/bot.html)"
170.75.162.130 - - [31/Aug/2015:08:53:39 -0700] "GET /lib/reccapi.php?resort=silverstarmountain HTTP/1.1" 200 689 "-" "node-superagent/0.18.2"
166.113.128.70 - - [31/Aug/2015:08:58:20 -0700] "GET / HTTP/1.1" 200 2376 "https://www.google.com/" "Mozilla/5.0 (X11; CrOS armv7l 6812.88.0) AppleWebKit/537.36 (KHTML, like Gecko) Chrome/42.0.2311.153 Safari/537.36"
166.113.128.70 - - [31/Aug/2015:08:58:20 -0700] "GET /styles/0fffd548.main.css HTTP/1.1" 200 19317 "http://whereshouldiski.com/" "Mozilla/5.0 (X11; CrOS armv7l 6812.88.0) AppleWebKit/537.36 (KHTML, like Gecko) Chrome/42.0.2311.153 Safari/537.36"
166.113.128.70 - - [31/Aug/2015:08:58:20 -0700] "GET /scripts/scripts/vendor/modernizr.js HTTP/1.1" 200 4902 "http://whereshouldiski.com/" "Mozilla/5.0 (X11; CrOS armv7l 6812.88.0) AppleWebKit/537.36 (KHTML, like Gecko) Chrome/42.0.2311.153 Safari/537.36"
166.113.128.70 - - [31/Aug/2015:08:58:20 -0700] "GET /images/logo-sm.png HTTP/1.1" 200 16738 "http://whereshouldiski.com/" "Mozilla/5.0 (X11; CrOS armv7l 6812.88.0) AppleWebKit/537.36 (KHTML, like Gecko) Chrome/42.0.2311.153 Safari/537.36"
166.113.128.70 - - [31/Aug/2015:08:58:20 -0700] "GET /bower_components/requirejs/require.js HTTP/1.1" 200 6702 "http://whereshouldiski.com/" "Mozilla/5.0 (X11; CrOS armv7l 6812.88.0) AppleWebKit/537.36 (KHTML, like Gecko) Chrome/42.0.2311.153 Safari/537.36"
166.113.128.70 - - [31/Aug/2015:08:58:20 -0700] "GET /images/loading.gif HTTP/1.1" 200 13882 "http://whereshouldiski.com/" "Mozilla/5.0 (X11; CrOS armv7l 6812.88.0) AppleWebKit/537.36 (KHTML, like Gecko) Chrome/42.0.2311.153 Safari/537.36"
166.113.128.70 - - [31/Aug/2015:08:58:23 -0700] "GET /favicon.ico HTTP/1.1" 200 1475 "http://whereshouldiski.com/" "Mozilla/5.0 (X11; CrOS armv7l 6812.88.0) AppleWebKit/537.36 (KHTML, like Gecko) Chrome/42.0.2311.153 Safari/537.36"
166.113.128.70 - - [31/Aug/2015:08:58:23 -0700] "GET /scripts/fa48e319.main.js HTTP/1.1" 200 123455 "http://whereshouldiski.com/" "Mozilla/5.0 (X11; CrOS armv7l 6812.88.0) AppleWebKit/537.36 (KHTML, like Gecko) Chrome/42.0.2311.153 Safari/537.36"
166.113.128.70 - - [31/Aug/2015:08:58:25 -0700] "GET /lib/reccapi.php?fields=t HTTP/1.1" 200 1057 "http://whereshouldiski.com/" "Mozilla/5.0 (X11; CrOS armv7l 6812.88.0) AppleWebKit/537.36 (KHTML, like Gecko) Chrome/42.0.2311.153 Safari/537.36"
166.113.128.70 - - [31/Aug/2015:08:58:26 -0700] "GET /images/button.png HTTP/1.1" 200 598 "http://whereshouldiski.com/styles/0fffd548.main.css" "Mozilla/5.0 (X11; CrOS armv7l 6812.88.0) AppleWebKit/537.36 (KHTML, like Gecko) Chrome/42.0.2311.153 Safari/537.36"
166.113.128.70 - - [31/Aug/2015:08:58:26 -0700] "GET /images/greyHeader.png HTTP/1.1" 200 508 "http://whereshouldiski.com/styles/0fffd548.main.css" "Mozilla/5.0 (X11; CrOS armv7l 6812.88.0) AppleWebKit/537.36 (KHTML, like Gecko) Chrome/42.0.2311.153 Safari/537.36"
127.0.0.1 - - [31/Aug/2015:08:58:40 -0700] "OPTIONS * HTTP/1.0" 200 126 "-" "Apache/2.2.22 (Ubuntu) (internal dummy connection)"
123.125.71.21 - - [31/Aug/2015:09:06:19 -0700] "-" 408 0 "-" "-"
220.181.108.142 - - [31/Aug/2015:09:13:00 -0700] "-" 408 0 "-" "-"
54.153.104.88 - - [31/Aug/2015:09:25:23 -0700] "GET / HTTP/1.1" 200 6114 "-" "Python-urllib/3.4"
204.94.103.187 - - [31/Aug/2015:09:26:58 -0700] "GET /images/wsis-logo-sm.png HTTP/1.1" 200 6108 "http://www.thebackcountry.net/" "Mozilla/5.0 (compatible; MSIE 10.0; Windows NT 6.1; WOW64; Trident/6.0)"
204.94.103.187 - - [31/Aug/2015:09:29:29 -0700] "-" 408 0 "-" "-"
96.38.166.178 - - [31/Aug/2015:09:48:00 -0700] "GET /images/wsis-logo-sm.png HTTP/1.1" 200 6108 "http://www.thebackcountry.net/" "Mozilla/5.0 (Windows NT 6.1; WOW64) AppleWebKit/537.36 (KHTML, like Gecko) Chrome/44.0.2403.157 Safari/537.36"
108.201.223.47 - - [31/Aug/2015:09:51:19 -0700] "GET /images/wsis-logo-sm.png HTTP/1.1" 200 6108 "http://www.thebackcountry.net/" "Mozilla/5.0 (Macintosh; Intel Mac OS X 10_10_5) AppleWebKit/600.8.9 (KHTML, like Gecko) Version/8.0.8 Safari/600.8.9"
108.201.223.47 - - [31/Aug/2015:09:52:54 -0700] "GET /images/wsis-logo-sm.png HTTP/1.1" 304 187 "http://www.thebackcountry.net/" "Mozilla/5.0 (Macintosh; Intel Mac OS X 10_10_5) AppleWebKit/600.8.9 (KHTML, like Gecko) Version/8.0.8 Safari/600.8.9"
180.76.15.24 - - [31/Aug/2015:09:53:09 -0700] "GET / HTTP/1.1" 200 6114 "-" "Mozilla/5.0 (compatible; Baiduspider/2.0; +http://www.baidu.com/search/spider.html)"
180.76.15.14 - - [31/Aug/2015:09:53:55 -0700] "GET / HTTP/1.1" 200 6114 "-" "Mozilla/5.0 (compatible; Baiduspider/2.0; +http://www.baidu.com/search/spider.html)"
170.75.162.130 - - [31/Aug/2015:09:57:44 -0700] "GET /lib/reccapi.php?resort=mtrose HTTP/1.1" 200 652 "-" "node-superagent/0.18.2"
66.249.73.175 - - [31/Aug/2015:09:59:31 -0700] "GET /resorts?resort=silvermountain&date=2014-01-04 HTTP/1.1" 404 506 "-" "Mozilla/5.0 (iPhone; CPU iPhone OS 8_3 like Mac OS X) AppleWebKit/600.1.4 (KHTML, like Gecko) Version/8.0 Mobile/12F70 Safari/600.1.4 (compatible; Googlebot/2.1; +http://www.google.com/bot.html)"
123.125.71.17 - - [31/Aug/2015:10:00:51 -0700] "-" 408 0 "-" "-"
220.181.108.176 - - [31/Aug/2015:10:07:21 -0700] "-" 408 0 "-" "-"
170.75.162.130 - - [31/Aug/2015:10:07:35 -0700] "GET /lib/reccapi.php?resort=northstar-at-tahoe HTTP/1.1" 200 670 "-" "node-superagent/0.18.2"
71.140.31.214 - - [31/Aug/2015:10:16:48 -0700] "GET /images/wsis-logo-sm.png HTTP/1.1" 200 6108 "http://thebackcountry.net/" "Mozilla/4.0 (compatible; MSIE 8.0; Windows NT 5.1; Trident/4.0; .NET CLR 2.0.50727; .NET CLR 3.0.4506.2152; .NET CLR 3.5.30729; 786908940603; Build/14.08001)"
107.219.148.163 - - [31/Aug/2015:10:16:55 -0700] "GET /images/wsis-logo-sm.png HTTP/1.1" 200 6108 "http://www.thebackcountry.net/" "Mozilla/5.0 (Windows NT 6.3; WOW64) AppleWebKit/537.36 (KHTML, like Gecko) Chrome/44.0.2403.157 Safari/537.36"
132.3.65.82 - - [31/Aug/2015:10:19:11 -0700] "GET /images/wsis-logo-sm.png HTTP/1.1" 200 6108 "http://www.thebackcountry.net/" "Mozilla/5.0 (Windows NT 6.1; Trident/7.0; rv:11.0) like Gecko"
98.207.152.32 - - [31/Aug/2015:10:24:11 -0700] "GET /images/wsis-logo-sm.png HTTP/1.1" 200 6108 "http://www.thebackcountry.net/" "Mozilla/5.0 (Windows NT 6.3; WOW64; rv:40.0) Gecko/20100101 Firefox/40.0"
170.75.162.130 - - [31/Aug/2015:10:30:46 -0700] "GET /lib/reccapi.php?resort=whitefacemountain HTTP/1.1" 200 670 "-" "node-superagent/0.18.2"
170.75.162.130 - - [31/Aug/2015:10:38:37 -0700] "GET /lib/reccapi.php?resort=monarch HTTP/1.1" 200 661 "-" "node-superagent/0.18.2"
170.75.162.130 - - [31/Aug/2015:10:42:17 -0700] "GET /lib/reccapi.php?resort=alpinemeadows HTTP/1.1" 200 679 "-" "node-superagent/0.18.2"
170.75.162.130 - - [31/Aug/2015:10:42:27 -0700] "GET /lib/reccapi.php?resort=49degreesnorth HTTP/1.1" 200 1083 "-" "node-superagent/0.18.2"
170.75.162.130 - - [31/Aug/2015:10:42:27 -0700] "GET /lib/reccapi.php?resort=crystalmountain HTTP/1.1" 200 678 "-" "node-superagent/0.18.2"
170.75.162.130 - - [31/Aug/2015:10:42:27 -0700] "GET /lib/reccapi.php?resort=mountspokane HTTP/1.1" 200 691 "-" "node-superagent/0.18.2"
170.75.162.130 - - [31/Aug/2015:10:42:27 -0700] "GET /lib/reccapi.php?resort=stevenspass HTTP/1.1" 200 673 "-" "node-superagent/0.18.2"
170.75.162.130 - - [31/Aug/2015:10:42:47 -0700] "GET /lib/reccapi.php?resort=squawvalleyusa HTTP/1.1" 200 685 "-" "node-superagent/0.18.2"
170.75.162.130 - - [31/Aug/2015:10:43:07 -0700] "GET /lib/reccapi.php?resort=arapahoebasin HTTP/1.1" 200 688 "-" "node-superagent/0.18.2"
170.75.162.130 - - [31/Aug/2015:10:43:07 -0700] "GET /lib/reccapi.php?resort=canyons HTTP/1.1" 200 653 "-" "node-superagent/0.18.2"
170.75.162.130 - - [31/Aug/2015:10:43:08 -0700] "GET /lib/reccapi.php?resort=heavenly HTTP/1.1" 200 679 "-" "node-superagent/0.18.2"
170.75.162.130 - - [31/Aug/2015:10:43:08 -0700] "GET /lib/reccapi.php?resort=keystone HTTP/1.1" 200 673 "-" "node-superagent/0.18.2"
170.75.162.130 - - [31/Aug/2015:10:43:08 -0700] "GET /lib/reccapi.php?resort=kirkwood HTTP/1.1" 200 686 "-" "node-superagent/0.18.2"
170.75.162.130 - - [31/Aug/2015:10:44:17 -0700] "GET /lib/reccapi.php?resort=devilshead HTTP/1.1" 200 654 "-" "node-superagent/0.18.2"
170.75.162.130 - - [31/Aug/2015:10:44:37 -0700] "GET /lib/reccapi.php?resort=schweitzer HTTP/1.1" 200 660 "-" "node-superagent/0.18.2"
170.75.162.130 - - [31/Aug/2015:10:44:37 -0700] "GET /lib/reccapi.php?resort=sunvalley HTTP/1.1" 200 677 "-" "node-superagent/0.18.2"
71.140.31.214 - - [31/Aug/2015:10:44:43 -0700] "GET /images/wsis-logo-sm.png HTTP/1.1" 200 6108 "http://thebackcountry.net/" "Mozilla/4.0 (compatible; MSIE 8.0; Windows NT 5.1; Trident/4.0; .NET CLR 2.0.50727; .NET CLR 3.0.4506.2152; .NET CLR 3.5.30729; 786908940603; Build/14.08001)"
170.75.162.130 - - [31/Aug/2015:10:44:47 -0700] "GET /lib/reccapi.php?resort=angelfire HTTP/1.1" 200 685 "-" "node-superagent/0.18.2"
170.75.162.130 - - [31/Aug/2015:10:44:47 -0700] "GET /lib/reccapi.php?resort=taos HTTP/1.1" 200 646 "-" "node-superagent/0.18.2"
166.216.157.48 - - [31/Aug/2015:10:44:48 -0700] "GET /images/wsis-logo-sm.png HTTP/1.1" 200 6108 "http://www.thebackcountry.net/" "Mozilla/5.0 (iPhone; CPU iPhone OS 9_0 like Mac OS X) AppleWebKit/601.1.46 (KHTML, like Gecko) Version/9.0 Mobile/13A4325c Safari/601.1"
170.75.162.130 - - [31/Aug/2015:10:44:57 -0700] "GET /lib/reccapi.php?resort=diamondpeak HTTP/1.1" 200 650 "-" "node-superagent/0.18.2"
170.75.162.130 - - [31/Aug/2015:10:45:07 -0700] "GET /lib/reccapi.php?resort=alta HTTP/1.1" 200 655 "-" "node-superagent/0.18.2"
170.75.162.130 - - [31/Aug/2015:10:45:27 -0700] "GET /lib/reccapi.php?resort=bigsky HTTP/1.1" 200 670 "-" "node-superagent/0.18.2"
170.75.162.130 - - [31/Aug/2015:10:46:07 -0700] "GET /lib/reccapi.php?resort=wildcatmountain HTTP/1.1" 200 670 "-" "node-superagent/0.18.2"
170.75.162.130 - - [31/Aug/2015:10:46:27 -0700] "GET /lib/reccapi.php?resort=alyeska HTTP/1.1" 200 655 "-" "node-superagent/0.18.2"
170.75.162.130 - - [31/Aug/2015:10:48:48 -0700] "GET /lib/reccapi.php?resort=sugarloaf HTTP/1.1" 200 664 "-" "node-superagent/0.18.2"
170.75.162.130 - - [31/Aug/2015:10:48:48 -0700] "GET /lib/reccapi.php?resort=sundayriver HTTP/1.1" 200 674 "-" "node-superagent/0.18.2"
170.75.162.130 - - [31/Aug/2015:10:50:17 -0700] "GET /lib/reccapi.php?resort=hoodoo HTTP/1.1" 200 665 "-" "node-superagent/0.18.2"
170.75.162.130 - - [31/Aug/2015:10:50:17 -0700] "GET /lib/reccapi.php?resort=mountbachelor HTTP/1.1" 200 689 "-" "node-superagent/0.18.2"
170.75.162.130 - - [31/Aug/2015:10:50:18 -0700] "GET /lib/reccapi.php?resort=mounthoodmeadows HTTP/1.1" 200 691 "-" "node-superagent/0.18.2"
180.76.15.142 - - [31/Aug/2015:10:50:34 -0700] "GET /resorts?resort=madriverglen&date=2014-05-10 HTTP/1.1" 404 472 "-" "Mozilla/5.0 (compatible; Baiduspider/2.0; +http://www.baidu.com/search/spider.html)"
170.75.162.130 - - [31/Aug/2015:10:51:17 -0700] "GET /lib/reccapi.php?resort=aspenmountain HTTP/1.1" 200 674 "-" "node-superagent/0.18.2"
192.187.110.98 - - [31/Aug/2015:10:51:44 -0700] "GET http://testp1.piwo.pila.pl/testproxy.php HTTP/1.1" 404 448 "-" "Mozilla/5.0 (Windows NT 5.1; rv:32.0) Gecko/20100101 Firefox/31.0"
170.75.162.130 - - [31/Aug/2015:10:52:17 -0700] "GET /lib/reccapi.php?resort=aspenheights HTTP/1.1" 200 685 "-" "node-superagent/0.18.2"
170.75.162.130 - - [31/Aug/2015:10:52:18 -0700] "GET /lib/reccapi.php?resort=buttermilk HTTP/1.1" 200 662 "-" "node-superagent/0.18.2"
170.75.162.130 - - [31/Aug/2015:10:52:18 -0700] "GET /lib/reccapi.php?resort=snowmass HTTP/1.1" 200 656 "-" "node-superagent/0.18.2"
170.75.162.130 - - [31/Aug/2015:10:53:08 -0700] "GET /lib/reccapi.php?resort=homewoodmountain HTTP/1.1" 200 684 "-" "node-superagent/0.18.2"
170.75.162.130 - - [31/Aug/2015:10:53:08 -0700] "GET /lib/reccapi.php?resort=sierra-at-tahoe HTTP/1.1" 200 671 "-" "node-superagent/0.18.2"
170.75.162.130 - - [31/Aug/2015:10:53:08 -0700] "GET /lib/reccapi.php?resort=sugarbowl HTTP/1.1" 200 666 "-" "node-superagent/0.18.2"
170.75.162.130 - - [31/Aug/2015:10:53:28 -0700] "GET /lib/reccapi.php?resort=jaypeak HTTP/1.1" 200 684 "-" "node-superagent/0.18.2"
170.75.162.130 - - [31/Aug/2015:10:53:28 -0700] "GET /lib/reccapi.php?resort=killington HTTP/1.1" 200 666 "-" "node-superagent/0.18.2"
170.75.162.130 - - [31/Aug/2015:10:53:28 -0700] "GET /lib/reccapi.php?resort=cannonmountain HTTP/1.1" 200 673 "-" "node-superagent/0.18.2"
170.75.162.130 - - [31/Aug/2015:10:53:29 -0700] "GET /lib/reccapi.php?resort=madriverglen HTTP/1.1" 200 669 "-" "node-superagent/0.18.2"
170.75.162.130 - - [31/Aug/2015:10:53:29 -0700] "GET /lib/reccapi.php?resort=smugglersnotch HTTP/1.1" 200 674 "-" "node-superagent/0.18.2"
170.75.162.130 - - [31/Aug/2015:10:53:29 -0700] "GET /lib/reccapi.php?resort=stowe HTTP/1.1" 200 652 "-" "node-superagent/0.18.2"
170.75.162.130 - - [31/Aug/2015:10:53:29 -0700] "GET /lib/reccapi.php?resort=sugarbush HTTP/1.1" 200 672 "-" "node-superagent/0.18.2"
170.75.162.130 - - [31/Aug/2015:10:55:28 -0700] "GET /lib/reccapi.php?resort=redlodge HTTP/1.1" 200 709 "-" "node-superagent/0.18.2"
170.75.162.130 - - [31/Aug/2015:10:55:48 -0700] "GET /lib/reccapi.php?resort=chinapeak HTTP/1.1" 200 680 "-" "node-superagent/0.18.2"
170.75.162.130 - - [31/Aug/2015:10:55:48 -0700] "GET /lib/reccapi.php?resort=mammothmountain HTTP/1.1" 200 690 "-" "node-superagent/0.18.2"
170.75.162.130 - - [31/Aug/2015:10:55:48 -0700] "GET /lib/reccapi.php?resort=mountainhigh HTTP/1.1" 200 692 "-" "node-superagent/0.18.2"
170.75.162.130 - - [31/Aug/2015:10:56:48 -0700] "GET /lib/reccapi.php?resort=bigwhite HTTP/1.1" 200 678 "-" "node-superagent/0.18.2"
170.75.162.130 - - [31/Aug/2015:10:56:48 -0700] "GET /lib/reccapi.php?resort=redmountain HTTP/1.1" 200 666 "-" "node-superagent/0.18.2"
170.75.162.130 - - [31/Aug/2015:10:56:48 -0700] "GET /lib/reccapi.php?resort=sunpeaksresort HTTP/1.1" 200 675 "-" "node-superagent/0.18.2"
170.75.162.130 - - [31/Aug/2015:10:56:48 -0700] "GET /lib/reccapi.php?resort=whistlerblackcomb HTTP/1.1" 200 687 "-" "node-superagent/0.18.2"
71.140.31.214 - - [31/Aug/2015:10:57:32 -0700] "GET /images/wsis-logo-sm.png HTTP/1.1" 200 6108 "http://thebackcountry.net/" "Mozilla/4.0 (compatible; MSIE 8.0; Windows NT 5.1; Trident/4.0; .NET CLR 2.0.50727; .NET CLR 3.0.4506.2152; .NET CLR 3.5.30729; 786908940603; Build/14.08001)"
180.76.15.160 - - [31/Aug/2015:11:04:34 -0700] "GET /resorts?resort=alyeska&date=2014-01-09 HTTP/1.1" 404 472 "-" "Mozilla/5.0 (compatible; Baiduspider/2.0; +http://www.baidu.com/search/spider.html)"
206.201.190.68 - - [31/Aug/2015:11:08:02 -0700] "GET /images/wsis-logo-sm.png HTTP/1.1" 200 6108 "http://www.thebackcountry.net/" "Mozilla/5.0 (compatible; MSIE 10.0; Windows NT 6.1; WOW64; Trident/6.0)"
170.75.162.130 - - [31/Aug/2015:11:08:49 -0700] "GET /lib/reccapi.php?resort=coppermountain HTTP/1.1" 200 678 "-" "node-superagent/0.18.2"
170.75.162.130 - - [31/Aug/2015:11:08:49 -0700] "GET /lib/reccapi.php?resort=crestedbutte HTTP/1.1" 200 687 "-" "node-superagent/0.18.2"
170.75.162.130 - - [31/Aug/2015:11:08:49 -0700] "GET /lib/reccapi.php?resort=loveland HTTP/1.1" 200 669 "-" "node-superagent/0.18.2"
170.75.162.130 - - [31/Aug/2015:11:08:49 -0700] "GET /lib/reccapi.php?resort=steamboat HTTP/1.1" 200 671 "-" "node-superagent/0.18.2"
170.75.162.130 - - [31/Aug/2015:11:08:49 -0700] "GET /lib/reccapi.php?resort=telluride HTTP/1.1" 200 663 "-" "node-superagent/0.18.2"
170.75.162.130 - - [31/Aug/2015:11:08:49 -0700] "GET /lib/reccapi.php?resort=winterpark HTTP/1.1" 200 682 "-" "node-superagent/0.18.2"
66.249.73.175 - - [31/Aug/2015:11:10:16 -0700] "GET /resorts?resort=schweitzer&date=2014-01-03 HTTP/1.1" 404 506 "-" "Mozilla/5.0 (iPhone; CPU iPhone OS 8_3 like Mac OS X) AppleWebKit/600.1.4 (KHTML, like Gecko) Version/8.0 Mobile/12F70 Safari/600.1.4 (compatible; Googlebot/2.1; +http://www.google.com/bot.html)"
170.75.162.130 - - [31/Aug/2015:11:10:59 -0700] "GET /lib/reccapi.php?resort=brianhead HTTP/1.1" 200 679 "-" "node-superagent/0.18.2"
170.75.162.130 - - [31/Aug/2015:11:10:59 -0700] "GET /lib/reccapi.php?resort=brighton HTTP/1.1" 200 659 "-" "node-superagent/0.18.2"
170.75.162.130 - - [31/Aug/2015:11:10:59 -0700] "GET /lib/reccapi.php?resort=deervalley HTTP/1.1" 200 690 "-" "node-superagent/0.18.2"
170.75.162.130 - - [31/Aug/2015:11:10:59 -0700] "GET /lib/reccapi.php?resort=parkcity HTTP/1.1" 200 685 "-" "node-superagent/0.18.2"
170.75.162.130 - - [31/Aug/2015:11:10:59 -0700] "GET /lib/reccapi.php?resort=snowbasin HTTP/1.1" 200 662 "-" "node-superagent/0.18.2"
170.75.162.130 - - [31/Aug/2015:11:11:00 -0700] "GET /lib/reccapi.php?resort=snowbird HTTP/1.1" 200 662 "-" "node-superagent/0.18.2"
170.75.162.130 - - [31/Aug/2015:11:11:00 -0700] "GET /lib/reccapi.php?resort=solitude HTTP/1.1" 200 653 "-" "node-superagent/0.18.2"
123.125.71.34 - - [31/Aug/2015:11:12:20 -0700] "-" 408 0 "-" "-"
170.75.162.130 - - [31/Aug/2015:11:18:59 -0700] "GET /lib/reccapi.php?resort=grandtarghee HTTP/1.1" 200 680 "-" "node-superagent/0.18.2"
170.75.162.130 - - [31/Aug/2015:11:19:00 -0700] "GET /lib/reccapi.php?resort=jacksonhole HTTP/1.1" 200 670 "-" "node-superagent/0.18.2"
220.181.108.88 - - [31/Aug/2015:11:19:14 -0700] "-" 408 0 "-" "-"
198.108.140.10 - - [31/Aug/2015:11:26:52 -0700] "GET /images/wsis-logo-sm.png HTTP/1.1" 200 6108 "http://www.thebackcountry.net/" "Mozilla/5.0 (Windows NT 6.1) AppleWebKit/537.36 (KHTML, like Gecko) Chrome/44.0.2403.157 Safari/537.36"
173.36.240.169 - - [31/Aug/2015:11:32:49 -0700] "GET /images/wsis-logo-sm.png HTTP/1.1" 200 6108 "http://thebackcountry.net/" "Mozilla/5.0 (Macintosh; Intel Mac OS X 10_9_5) AppleWebKit/600.7.12 (KHTML, like Gecko) Version/7.1.7 Safari/537.85.16"
85.87.202.102 - - [31/Aug/2015:11:41:04 -0700] "GET /images/wsis-logo-sm.png HTTP/1.1" 200 6108 "http://www.thebackcountry.net/" "Mozilla/5.0 (Linux; U; Android 4.1.1; es-es; miTab GENIUS Build/JRO03C) AppleWebKit/534.30 (KHTML, like Gecko) Version/4.0 Safari/534.30"
24.182.24.233 - - [31/Aug/2015:11:48:25 -0700] "GET /images/wsis-logo-sm.png HTTP/1.1" 200 6108 "http://www.thebackcountry.net/" "Mozilla/5.0 (Windows NT 10.0; WOW64) AppleWebKit/537.36 (KHTML, like Gecko) Chrome/44.0.2403.157 Safari/537.36"
24.205.201.166 - - [31/Aug/2015:11:50:34 -0700] "GET /images/wsis-logo-sm.png HTTP/1.1" 200 6108 "http://www.thebackcountry.net/" "Mozilla/5.0 (Windows NT 6.3; WOW64) AppleWebKit/537.36 (KHTML, like Gecko) Chrome/44.0.2403.157 Safari/537.36"
207.183.183.2 - - [31/Aug/2015:11:50:58 -0700] "GET /images/wsis-logo-sm.png HTTP/1.1" 200 6108 "http://www.thebackcountry.net/" "Mozilla/5.0 (iPad; CPU OS 7_0_4 like Mac OS X) AppleWebKit/537.51.1 (KHTML, like Gecko) Version/7.0 Mobile/11B554a Safari/9537.53"
180.76.15.16 - - [31/Aug/2015:12:06:08 -0700] "GET / HTTP/1.1" 200 2339 "-" "Mozilla/5.0 (compatible; Baiduspider/2.0; +http://www.baidu.com/search/spider.html)"
123.125.71.30 - - [31/Aug/2015:12:07:25 -0700] "-" 408 0 "-" "-"
71.140.31.214 - - [31/Aug/2015:12:12:55 -0700] "GET /images/wsis-logo-sm.png HTTP/1.1" 200 6108 "http://thebackcountry.net/" "Mozilla/4.0 (compatible; MSIE 8.0; Windows NT 5.1; Trident/4.0; .NET CLR 2.0.50727; .NET CLR 3.0.4506.2152; .NET CLR 3.5.30729; 786908940603; Build/14.08001)"
