24.4.232.104 - - [11/Jan/2016:08:10:47 -0800] "GET /scripts/fa48e319.main.js HTTP/1.1" 200 123455 "http://whereshouldiski.com/" "Mozilla/5.0 (Macintosh; Intel Mac OS X 10_11_2) AppleWebKit/537.36 (KHTML, like Gecko) Chrome/47.0.2526.106 Safari/537.36"
24.4.232.104 - - [11/Jan/2016:08:10:48 -0800] "GET /images/button.png HTTP/1.1" 200 598 "http://whereshouldiski.com/styles/ee08faa9.main.css" "Mozilla/5.0 (Macintosh; Intel Mac OS X 10_11_2) AppleWebKit/537.36 (KHTML, like Gecko) Chrome/47.0.2526.106 Safari/537.36"
24.4.232.104 - - [11/Jan/2016:08:10:48 -0800] "GET /images/greyHeader.png HTTP/1.1" 200 508 "http://whereshouldiski.com/styles/ee08faa9.main.css" "Mozilla/5.0 (Macintosh; Intel Mac OS X 10_11_2) AppleWebKit/537.36 (KHTML, like Gecko) Chrome/47.0.2526.106 Safari/537.36"
24.4.232.104 - - [11/Jan/2016:08:10:48 -0800] "GET /lib/reccapi.php?fields=t HTTP/1.1" 200 1873 "http://whereshouldiski.com/" "Mozilla/5.0 (Macintosh; Intel Mac OS X 10_11_2) AppleWebKit/537.36 (KHTML, like Gecko) Chrome/47.0.2526.106 Safari/537.36"
24.4.232.104 - - [11/Jan/2016:08:10:49 -0800] "GET /images/snowflake5.png HTTP/1.1" 200 2857 "http://whereshouldiski.com/styles/ee08faa9.main.css" "Mozilla/5.0 (Macintosh; Intel Mac OS X 10_11_2) AppleWebKit/537.36 (KHTML, like Gecko) Chrome/47.0.2526.106 Safari/537.36"
24.4.232.104 - - [11/Jan/2016:08:10:49 -0800] "GET /images/mtns-icon.png HTTP/1.1" 200 1096 "http://whereshouldiski.com/styles/ee08faa9.main.css" "Mozilla/5.0 (Macintosh; Intel Mac OS X 10_11_2) AppleWebKit/537.36 (KHTML, like Gecko) Chrome/47.0.2526.106 Safari/537.36"
24.4.232.104 - - [11/Jan/2016:08:10:49 -0800] "GET /images/star5.png HTTP/1.1" 200 1783 "http://whereshouldiski.com/styles/ee08faa9.main.css" "Mozilla/5.0 (Macintosh; Intel Mac OS X 10_11_2) AppleWebKit/537.36 (KHTML, like Gecko) Chrome/47.0.2526.106 Safari/537.36"
24.4.232.104 - - [11/Jan/2016:08:10:49 -0800] "GET /images/bluebird5.png HTTP/1.1" 200 2177 "http://whereshouldiski.com/styles/ee08faa9.main.css" "Mozilla/5.0 (Macintosh; Intel Mac OS X 10_11_2) AppleWebKit/537.36 (KHTML, like Gecko) Chrome/47.0.2526.106 Safari/537.36"
24.4.232.104 - - [11/Jan/2016:08:10:49 -0800] "GET /images/shading-icon.png HTTP/1.1" 200 536 "http://whereshouldiski.com/styles/ee08faa9.main.css" "Mozilla/5.0 (Macintosh; Intel Mac OS X 10_11_2) AppleWebKit/537.36 (KHTML, like Gecko) Chrome/47.0.2526.106 Safari/537.36"
24.4.232.104 - - [11/Jan/2016:08:10:49 -0800] "GET /favicon.ico HTTP/1.1" 200 4612 "http://whereshouldiski.com/" "Mozilla/5.0 (Macintosh; Intel Mac OS X 10_11_2) AppleWebKit/537.36 (KHTML, like Gecko) Chrome/47.0.2526.106 Safari/537.36"
24.4.232.104 - - [11/Jan/2016:08:10:55 -0800] "GET /lib/reccapi.php?fields=t&coords=37.7376864,-122.3911083 HTTP/1.1" 200 2028 "http://whereshouldiski.com/" "Mozilla/5.0 (Macintosh; Intel Mac OS X 10_11_2) AppleWebKit/537.36 (KHTML, like Gecko) Chrome/47.0.2526.106 Safari/537.36"
24.4.232.104 - - [11/Jan/2016:08:11:00 -0800] "GET /lib/reccapi.php?fields=t&coords=37.7376864,-122.3911083&state=CA HTTP/1.1" 200 1601 "http://whereshouldiski.com/" "Mozilla/5.0 (Macintosh; Intel Mac OS X 10_11_2) AppleWebKit/537.36 (KHTML, like Gecko) Chrome/47.0.2526.106 Safari/537.36"
24.4.232.104 - - [11/Jan/2016:08:11:00 -0800] "GET /images/greenHeader.png HTTP/1.1" 200 508 "http://whereshouldiski.com/styles/ee08faa9.main.css" "Mozilla/5.0 (Macintosh; Intel Mac OS X 10_11_2) AppleWebKit/537.36 (KHTML, like Gecko) Chrome/47.0.2526.106 Safari/537.36"
188.68.224.62 - - [11/Jan/2016:08:18:59 -0800] "GET http://dhg.pisz.pl/httptest.php HTTP/1.1" 404 444 "-" "-"
208.54.38.167 - - [11/Jan/2016:08:23:18 -0800] "GET /images/wsis-logo-sm.png HTTP/1.1" 200 6108 "http://thebackcountry.net/" "Mozilla/5.0 (iPhone; CPU iPhone OS 9_2 like Mac OS X) AppleWebKit/601.1.46 (KHTML, like Gecko) Version/9.0 Mobile/13C75 Safari/601.1"
170.75.162.130 - - [11/Jan/2016:08:28:29 -0800] "GET /lib/reccapi.php?resort=heavenly HTTP/1.1" 200 975 "-" "node-superagent/1.4.0"
66.249.69.96 - - [11/Jan/2016:08:29:52 -0800] "GET /lib/reccapi.php?resort=sugarbush&date=2015-12-30 HTTP/1.1" 200 1079 "http://whereshouldiski.com/" "Mozilla/5.0 (compatible; Googlebot/2.1; +http://www.google.com/bot.html)"
66.249.69.96 - - [11/Jan/2016:08:29:54 -0800] "GET /lib/reccapi.php?fields=t&date=2015-12-30&coords=44.1372%2C-72.9067&size=7&sort=distance HTTP/1.1" 200 1378 "http://whereshouldiski.com/" "Mozilla/5.0 (compatible; Googlebot/2.1; +http://www.google.com/bot.html)"
66.249.69.96 - - [11/Jan/2016:08:29:55 -0800] "GET /lib/resortDataSearchD3.php?size=7&sortDate=T&resort=sugarbush&dateStart=2015-12-28 HTTP/1.1" 200 879 "http://whereshouldiski.com/" "Mozilla/5.0 (compatible; Googlebot/2.1; +http://www.google.com/bot.html)"
170.75.162.130 - - [11/Jan/2016:08:30:10 -0800] "GET /lib/reccapi.php?resort=sugarbush HTTP/1.1" 200 1080 "-" "node-superagent/1.4.0"
73.151.33.206 - - [11/Jan/2016:08:33:45 -0800] "GET /images/wsis-logo-sm.png HTTP/1.1" 200 6108 "http://www.thebackcountry.net/" "Mozilla/5.0 (Windows NT 10.0; WOW64; rv:43.0) Gecko/20100101 Firefox/43.0"
107.77.109.124 - - [11/Jan/2016:08:34:08 -0800] "GET /images/wsis-logo-sm.png HTTP/1.1" 200 6108 "http://www.thebackcountry.net/" "Mozilla/5.0 (iPhone; CPU iPhone OS 9_1 like Mac OS X) AppleWebKit/601.1.46 (KHTML, like Gecko) Version/9.0 Mobile/13B143 Safari/601.1"
180.76.15.138 - - [11/Jan/2016:08:36:35 -0800] "GET / HTTP/1.1" 200 6995 "-" "Mozilla/5.0 (compatible; Baiduspider/2.0; +http://www.baidu.com/search/spider.html)"
180.76.15.10 - - [11/Jan/2016:08:37:37 -0800] "GET / HTTP/1.1" 200 6995 "-" "Mozilla/5.0 (compatible; Baiduspider/2.0; +http://www.baidu.com/search/spider.html)"
170.75.162.130 - - [11/Jan/2016:08:38:21 -0800] "GET /lib/reccapi.php?resort=cannonmountain HTTP/1.1" 200 1035 "-" "node-superagent/1.4.0"
95.87.254.90 - - [11/Jan/2016:08:40:12 -0800] "GET /images/wsis-logo-sm.png HTTP/1.1" 200 6108 "http://www.thebackcountry.net/" "Mozilla/5.0 (Windows NT 5.1; rv:43.0) Gecko/20100101 Firefox/43.0"
23.31.84.118 - - [11/Jan/2016:08:40:24 -0800] "GET /images/wsis-logo-sm.png HTTP/1.1" 200 6108 "http://www.thebackcountry.net/" "Mozilla/5.0 (Windows NT 6.1; rv:43.0) Gecko/20100101 Firefox/43.0"
170.75.162.130 - - [11/Jan/2016:08:40:41 -0800] "GET /lib/reccapi.php?resort=devilshead HTTP/1.1" 200 1015 "-" "node-superagent/1.4.0"
170.75.162.130 - - [11/Jan/2016:08:41:41 -0800] "GET /lib/reccapi.php?resort=alta HTTP/1.1" 200 972 "-" "node-superagent/1.4.0"
170.75.162.130 - - [11/Jan/2016:08:42:51 -0800] "GET /lib/reccapi.php?resort=jaypeak HTTP/1.1" 200 1103 "-" "node-superagent/1.4.0"
170.75.162.130 - - [11/Jan/2016:08:44:01 -0800] "GET /lib/reccapi.php?resort=mountspokane HTTP/1.1" 200 972 "-" "node-superagent/1.4.0"
216.126.45.4 - - [11/Jan/2016:08:48:49 -0800] "GET /images/wsis-logo-sm.png HTTP/1.1" 200 6108 "http://thebackcountry.net/" "Mozilla/5.0 (Macintosh; Intel Mac OS X 10_9_4) AppleWebKit/537.78.2 (KHTML, like Gecko) Version/7.0.6 Safari/537.78.2"
216.126.45.4 - - [11/Jan/2016:08:48:58 -0800] "GET /images/wsis-logo-sm.png HTTP/1.1" 200 6108 "http://thebackcountry.net/" "Mozilla/5.0 (Macintosh; Intel Mac OS X 10_9_4) AppleWebKit/537.78.2 (KHTML, like Gecko) Version/7.0.6 Safari/537.78.2"
170.75.162.130 - - [11/Jan/2016:08:49:12 -0800] "GET /lib/reccapi.php?resort=steamboat HTTP/1.1" 200 975 "-" "node-superagent/1.4.0"
157.55.39.97 - - [11/Jan/2016:08:56:19 -0800] "GET /robots.txt HTTP/1.1" 200 375 "-" "Mozilla/5.0 (compatible; bingbot/2.0; +http://www.bing.com/bingbot.htm)"
170.75.162.130 - - [11/Jan/2016:08:57:13 -0800] "GET /lib/reccapi.php?resort=arapahoebasin HTTP/1.1" 200 1024 "-" "node-superagent/1.4.0"
170.75.162.130 - - [11/Jan/2016:08:57:33 -0800] "GET /lib/reccapi.php?resort=angelfire HTTP/1.1" 200 1024 "-" "node-superagent/1.4.0"
170.75.162.130 - - [11/Jan/2016:08:57:43 -0800] "GET /lib/reccapi.php?resort=49degreesnorth HTTP/1.1" 200 1003 "-" "node-superagent/1.4.0"
170.75.162.130 - - [11/Jan/2016:08:57:53 -0800] "GET /lib/reccapi.php?resort=bigwhite HTTP/1.1" 200 915 "-" "node-superagent/1.4.0"
170.75.162.130 - - [11/Jan/2016:09:02:24 -0800] "GET /lib/reccapi.php?resort=mtrose HTTP/1.1" 200 942 "-" "node-superagent/1.4.0"
166.137.242.29 - - [11/Jan/2016:09:04:18 -0800] "GET /images/wsis-logo-sm.png HTTP/1.1" 200 6108 "http://thebackcountry.net/" "Mozilla/5.0 (iPhone; CPU iPhone OS 9_2 like Mac OS X) AppleWebKit/601.1.46 (KHTML, like Gecko) Version/9.0 Mobile/13C75 Safari/601.1"
73.220.199.183 - - [11/Jan/2016:09:11:20 -0800] "GET /images/wsis-logo-sm.png HTTP/1.1" 200 6108 "http://thebackcountry.net/" "Mozilla/5.0 (Windows NT 6.1; WOW64) AppleWebKit/537.36 (KHTML, like Gecko) Chrome/47.0.2526.106 Safari/537.36"
123.125.71.111 - - [11/Jan/2016:09:14:28 -0800] "GET /robots.txt HTTP/1.1" 200 382 "-" "Mozilla/5.0 (Windows NT 5.1; rv:6.0.2) Gecko/20100101 Firefox/6.0.2"
170.75.162.130 - - [11/Jan/2016:09:14:35 -0800] "GET /lib/reccapi.php?resort=mounthoodmeadows HTTP/1.1" 200 1086 "-" "node-superagent/1.4.0"
73.222.42.124 - - [11/Jan/2016:09:14:54 -0800] "GET /images/wsis-logo-sm.png HTTP/1.1" 304 187 "http://www.thebackcountry.net/" "Mozilla/5.0 (iPhone; CPU iPhone OS 9_1 like Mac OS X) AppleWebKit/601.1 (KHTML, like Gecko) CriOS/47.0.2526.107 Mobile/13B143 Safari/601.1.46"
208.66.31.42 - - [11/Jan/2016:09:16:52 -0800] "GET /images/wsis-logo-sm.png HTTP/1.1" 200 6108 "http://www.thebackcountry.net/" "Mozilla/5.0 (Windows NT 6.1; WOW64) AppleWebKit/537.36 (KHTML, like Gecko) Chrome/47.0.2526.106 Safari/537.36"
170.75.162.130 - - [11/Jan/2016:09:17:16 -0800] "GET /lib/reccapi.php?resort=alyeska HTTP/1.1" 200 1012 "-" "node-superagent/1.4.0"
1.192.128.23 - - [11/Jan/2016:09:21:58 -0800] "GET /manager/html HTTP/1.1" 404 503 "-" "Mozilla/5.0 (Windows NT 5.1; rv:5.0) Gecko/20100101 Firefox/5.0"
52.33.40.213 - - [11/Jan/2016:09:25:34 -0800] "GET /lib/reccapi.php?resort=squawvalleyusa HTTP/1.1" 200 987 "-" "node-superagent/1.4.0"
52.33.40.213 - - [11/Jan/2016:09:26:34 -0800] "GET /lib/reccapi.php?resort=snowmass HTTP/1.1" 200 965 "-" "node-superagent/1.4.0"
50.205.243.54 - - [11/Jan/2016:09:29:01 -0800] "GET /images/wsis-logo-sm.png HTTP/1.1" 200 6108 "http://www.thebackcountry.net/" "Mozilla/5.0 (Macintosh; Intel Mac OS X 10_10_5) AppleWebKit/537.36 (KHTML, like Gecko) Chrome/47.0.2526.106 Safari/537.36"
180.76.15.136 - - [11/Jan/2016:09:32:36 -0800] "GET / HTTP/1.1" 200 6995 "-" "Mozilla/5.0 (compatible; Baiduspider/2.0; +http://www.baidu.com/search/spider.html)"
180.76.15.25 - - [11/Jan/2016:09:33:25 -0800] "GET / HTTP/1.1" 200 6995 "-" "Mozilla/5.0 (compatible; Baiduspider/2.0; +http://www.baidu.com/search/spider.html)"
170.75.162.130 - - [11/Jan/2016:09:36:08 -0800] "GET /lib/reccapi.php?resort=jacksonhole HTTP/1.1" 200 1061 "-" "node-superagent/1.4.0"
192.92.0.59 - - [11/Jan/2016:09:37:20 -0800] "GET /images/wsis-logo-sm.png HTTP/1.1" 200 6108 "http://www.thebackcountry.net/" "Mozilla/5.0 (iPad; CPU OS 9_2 like Mac OS X) AppleWebKit/601.1.46 (KHTML, like Gecko) Version/9.0 Mobile/13C75 Safari/601.1"
50.207.222.110 - - [11/Jan/2016:09:42:54 -0800] "GET /images/wsis-logo-sm.png HTTP/1.1" 200 6108 "http://www.thebackcountry.net/" "Mozilla/5.0 (Macintosh; Intel Mac OS X 10_10_5) AppleWebKit/537.36 (KHTML, like Gecko) Chrome/47.0.2526.106 Safari/537.36"
50.207.222.110 - - [11/Jan/2016:09:43:34 -0800] "GET /images/wsis-logo-sm.png HTTP/1.1" 200 6108 "http://www.thebackcountry.net/" "Mozilla/5.0 (Macintosh; Intel Mac OS X 10_10_5) AppleWebKit/537.36 (KHTML, like Gecko) Chrome/47.0.2526.106 Safari/537.36"
188.68.224.62 - - [11/Jan/2016:09:45:32 -0800] "GET http://dhg.pisz.pl/httptest.php HTTP/1.1" 404 444 "-" "-"
52.33.40.213 - - [11/Jan/2016:09:45:35 -0800] "GET /lib/reccapi.php?resort=49degreesnorth HTTP/1.1" 200 1003 "-" "node-superagent/1.4.0"
52.33.40.213 - - [11/Jan/2016:09:45:35 -0800] "GET /lib/reccapi.php?resort=aspenmountain HTTP/1.1" 200 963 "-" "node-superagent/1.4.0"
52.33.40.213 - - [11/Jan/2016:09:45:45 -0800] "GET /lib/reccapi.php?resort=bigsky HTTP/1.1" 200 995 "-" "node-superagent/1.4.0"
52.33.40.213 - - [11/Jan/2016:09:45:55 -0800] "GET /lib/reccapi.php?resort=loveland HTTP/1.1" 200 1011 "-" "node-superagent/1.4.0"
52.33.40.213 - - [11/Jan/2016:09:46:05 -0800] "GET /lib/reccapi.php?resort=mammothmountain HTTP/1.1" 200 984 "-" "node-superagent/1.4.0"
52.33.40.213 - - [11/Jan/2016:09:46:35 -0800] "GET /lib/reccapi.php?resort=arapahoebasin HTTP/1.1" 200 1024 "-" "node-superagent/1.4.0"
209.129.128.252 - - [11/Jan/2016:09:49:19 -0800] "GET /images/wsis-logo-sm.png HTTP/1.1" 200 6108 "http://www.thebackcountry.net/" "Mozilla/5.0 (Windows NT 6.1; WOW64) AppleWebKit/537.36 (KHTML, like Gecko) Chrome/47.0.2526.106 Safari/537.36"
52.33.40.213 - - [11/Jan/2016:09:49:35 -0800] "GET /lib/reccapi.php?resort=alpinemeadows HTTP/1.1" 200 979 "-" "node-superagent/1.4.0"
52.33.40.213 - - [11/Jan/2016:09:50:05 -0800] "GET /lib/reccapi.php?resort=alta HTTP/1.1" 200 972 "-" "node-superagent/1.4.0"
159.203.107.213 - - [11/Jan/2016:09:53:27 -0800] "GET / HTTP/1.0" 200 6995 "-" "Mozilla/5.0 (compatible; NetcraftSurveyAgent/1.0; +info@netcraft.com)"
173.164.228.245 - - [11/Jan/2016:09:56:49 -0800] "GET /images/wsis-logo-sm.png HTTP/1.1" 200 6108 "http://www.thebackcountry.net/" "Mozilla/5.0 (Windows NT 6.1; WOW64; Trident/7.0; rv:11.0) like Gecko"
173.164.228.245 - - [11/Jan/2016:09:57:10 -0800] "-" 408 0 "-" "-"
52.33.40.213 - - [11/Jan/2016:10:01:36 -0800] "GET /lib/reccapi.php?resort=alyeska HTTP/1.1" 200 1012 "-" "node-superagent/1.4.0"
52.33.40.213 - - [11/Jan/2016:10:02:36 -0800] "GET /lib/reccapi.php?resort=aspenheights HTTP/1.1" 200 1002 "-" "node-superagent/1.4.0"
66.249.66.93 - - [11/Jan/2016:10:02:37 -0800] "GET / HTTP/1.1" 200 2615 "-" "Mozilla/5.0 (iPhone; CPU iPhone OS 8_3 like Mac OS X) AppleWebKit/600.1.4 (KHTML, like Gecko) Version/8.0 Mobile/12F70 Safari/600.1.4 (compatible; Googlebot/2.1; +http://www.google.com/bot.html)"
52.33.40.213 - - [11/Jan/2016:10:02:46 -0800] "GET /lib/reccapi.php?resort=brianhead HTTP/1.1" 200 1009 "-" "node-superagent/1.4.0"
70.103.117.228 - - [11/Jan/2016:10:02:52 -0800] "GET /images/wsis-logo-sm.png HTTP/1.1" 200 6108 "http://www.thebackcountry.net/" "Mozilla/5.0 (Windows NT 6.1; WOW64) AppleWebKit/537.36 (KHTML, like Gecko) Chrome/47.0.2526.106 Safari/537.36"
52.33.40.213 - - [11/Jan/2016:10:03:06 -0800] "GET /lib/reccapi.php?resort=jacksonhole HTTP/1.1" 200 1061 "-" "node-superagent/1.4.0"
170.75.162.130 - - [11/Jan/2016:10:06:22 -0800] "GET /lib/reccapi.php?resort=deervalley HTTP/1.1" 200 1012 "-" "node-superagent/1.4.0"
88.198.94.196 - - [11/Jan/2016:10:08:19 -0800] "GET /robots.txt HTTP/1.1" 200 419 "-" "Mozilla/5.0 (compatible; BLEXBot/1.0; +http://webmeup-crawler.com/)"
88.198.94.196 - - [11/Jan/2016:10:08:19 -0800] "GET /robots.txt HTTP/1.1" 200 419 "-" "Mozilla/5.0 (compatible; BLEXBot/1.0; +http://webmeup-crawler.com/)"
88.198.94.196 - - [11/Jan/2016:10:08:20 -0800] "GET / HTTP/1.1" 200 2615 "-" "Mozilla/5.0 (compatible; BLEXBot/1.0; +http://webmeup-crawler.com/)"
88.198.94.196 - - [11/Jan/2016:10:08:40 -0800] "GET /blog/11-2012-2013-powder-rating-visualization HTTP/1.1" 404 506 "-" "Mozilla/5.0 (compatible; BLEXBot/1.0; +http://webmeup-crawler.com/)"
88.198.94.196 - - [11/Jan/2016:10:08:57 -0800] "GET /viz/2012-2013-viz.php HTTP/1.1" 404 506 "-" "Mozilla/5.0 (compatible; BLEXBot/1.0; +http://webmeup-crawler.com/)"
88.198.94.196 - - [11/Jan/2016:10:09:10 -0800] "GET /resorts?resort=snowmass HTTP/1.1" 404 506 "-" "Mozilla/5.0 (compatible; BLEXBot/1.0; +http://webmeup-crawler.com/)"
88.198.94.196 - - [11/Jan/2016:10:09:16 -0800] "GET /resorts?resort=steamboat HTTP/1.1" 404 506 "-" "Mozilla/5.0 (compatible; BLEXBot/1.0; +http://webmeup-crawler.com/)"
88.198.94.196 - - [11/Jan/2016:10:09:22 -0800] "GET /resorts?resort=telluride HTTP/1.1" 404 506 "-" "Mozilla/5.0 (compatible; BLEXBot/1.0; +http://webmeup-crawler.com/)"
88.198.94.196 - - [11/Jan/2016:10:09:27 -0800] "GET /resorts?resort=winterpark HTTP/1.1" 404 506 "-" "Mozilla/5.0 (compatible; BLEXBot/1.0; +http://webmeup-crawler.com/)"
88.198.94.196 - - [11/Jan/2016:10:09:32 -0800] "GET /resorts?resort=mountainhigh HTTP/1.1" 404 506 "-" "Mozilla/5.0 (compatible; BLEXBot/1.0; +http://webmeup-crawler.com/)"
88.198.94.196 - - [11/Jan/2016:10:09:37 -0800] "GET /resorts?resort=mounthoodmeadows HTTP/1.1" 404 506 "-" "Mozilla/5.0 (compatible; BLEXBot/1.0; +http://webmeup-crawler.com/)"
88.198.94.196 - - [11/Jan/2016:10:09:42 -0800] "GET /resorts?resort=mountspokane HTTP/1.1" 404 506 "-" "Mozilla/5.0 (compatible; BLEXBot/1.0; +http://webmeup-crawler.com/)"
88.198.94.196 - - [11/Jan/2016:10:09:47 -0800] "GET /resorts?resort=mtrose HTTP/1.1" 404 506 "-" "Mozilla/5.0 (compatible; BLEXBot/1.0; +http://webmeup-crawler.com/)"
88.198.94.196 - - [11/Jan/2016:10:09:52 -0800] "GET /resorts?resort=northstar-at-tahoe HTTP/1.1" 404 506 "-" "Mozilla/5.0 (compatible; BLEXBot/1.0; +http://webmeup-crawler.com/)"
88.198.94.196 - - [11/Jan/2016:10:09:58 -0800] "GET /resorts?resort=parkcity HTTP/1.1" 404 506 "-" "Mozilla/5.0 (compatible; BLEXBot/1.0; +http://webmeup-crawler.com/)"
88.198.94.196 - - [11/Jan/2016:10:10:03 -0800] "GET /resorts?resort=redlodge HTTP/1.1" 404 506 "-" "Mozilla/5.0 (compatible; BLEXBot/1.0; +http://webmeup-crawler.com/)"
88.198.94.196 - - [11/Jan/2016:10:10:08 -0800] "GET /resorts?resort=redmountain HTTP/1.1" 404 506 "-" "Mozilla/5.0 (compatible; BLEXBot/1.0; +http://webmeup-crawler.com/)"
88.198.94.196 - - [11/Jan/2016:10:10:12 -0800] "GET /resorts?resort=schweitzer HTTP/1.1" 404 506 "-" "Mozilla/5.0 (compatible; BLEXBot/1.0; +http://webmeup-crawler.com/)"
88.198.94.196 - - [11/Jan/2016:10:10:17 -0800] "GET /resorts?resort=sierra-at-tahoe HTTP/1.1" 404 506 "-" "Mozilla/5.0 (compatible; BLEXBot/1.0; +http://webmeup-crawler.com/)"
88.198.94.196 - - [11/Jan/2016:10:10:23 -0800] "GET /resorts?resort=silverstarmountain HTTP/1.1" 404 506 "-" "Mozilla/5.0 (compatible; BLEXBot/1.0; +http://webmeup-crawler.com/)"
88.198.94.196 - - [11/Jan/2016:10:10:28 -0800] "GET /resorts?resort=smugglersnotch HTTP/1.1" 404 506 "-" "Mozilla/5.0 (compatible; BLEXBot/1.0; +http://webmeup-crawler.com/)"
88.198.94.196 - - [11/Jan/2016:10:10:32 -0800] "GET /resorts?resort=snowbasin HTTP/1.1" 404 506 "-" "Mozilla/5.0 (compatible; BLEXBot/1.0; +http://webmeup-crawler.com/)"
88.198.94.196 - - [11/Jan/2016:10:10:37 -0800] "GET /resorts?resort=snowbird HTTP/1.1" 404 506 "-" "Mozilla/5.0 (compatible; BLEXBot/1.0; +http://webmeup-crawler.com/)"
88.198.94.196 - - [11/Jan/2016:10:10:42 -0800] "GET /resorts?resort=solitude HTTP/1.1" 404 506 "-" "Mozilla/5.0 (compatible; BLEXBot/1.0; +http://webmeup-crawler.com/)"
88.198.94.196 - - [11/Jan/2016:10:10:47 -0800] "GET /resorts?resort=squawvalleyusa HTTP/1.1" 404 506 "-" "Mozilla/5.0 (compatible; BLEXBot/1.0; +http://webmeup-crawler.com/)"
88.198.94.196 - - [11/Jan/2016:10:10:53 -0800] "GET /resorts?resort=stevenspass HTTP/1.1" 404 506 "-" "Mozilla/5.0 (compatible; BLEXBot/1.0; +http://webmeup-crawler.com/)"
88.198.94.196 - - [11/Jan/2016:10:10:59 -0800] "GET /resorts?resort=stowe HTTP/1.1" 404 506 "-" "Mozilla/5.0 (compatible; BLEXBot/1.0; +http://webmeup-crawler.com/)"
88.198.94.196 - - [11/Jan/2016:10:11:05 -0800] "GET /resorts?resort=sugarbowl HTTP/1.1" 404 506 "-" "Mozilla/5.0 (compatible; BLEXBot/1.0; +http://webmeup-crawler.com/)"
88.198.94.196 - - [11/Jan/2016:10:11:13 -0800] "GET /resorts?resort=sugarbush HTTP/1.1" 404 506 "-" "Mozilla/5.0 (compatible; BLEXBot/1.0; +http://webmeup-crawler.com/)"
88.198.94.196 - - [11/Jan/2016:10:11:20 -0800] "GET /resorts?resort=sugarloaf HTTP/1.1" 404 506 "-" "Mozilla/5.0 (compatible; BLEXBot/1.0; +http://webmeup-crawler.com/)"
88.198.94.196 - - [11/Jan/2016:10:11:27 -0800] "GET /resorts?resort=sundayriver HTTP/1.1" 404 506 "-" "Mozilla/5.0 (compatible; BLEXBot/1.0; +http://webmeup-crawler.com/)"
88.198.94.196 - - [11/Jan/2016:10:11:33 -0800] "GET /resorts?resort=sunpeaksresort HTTP/1.1" 404 506 "-" "Mozilla/5.0 (compatible; BLEXBot/1.0; +http://webmeup-crawler.com/)"
88.198.94.196 - - [11/Jan/2016:10:11:41 -0800] "GET /resorts?resort=sunvalley HTTP/1.1" 404 506 "-" "Mozilla/5.0 (compatible; BLEXBot/1.0; +http://webmeup-crawler.com/)"
88.198.94.196 - - [11/Jan/2016:10:11:48 -0800] "GET /resorts?resort=taos HTTP/1.1" 404 506 "-" "Mozilla/5.0 (compatible; BLEXBot/1.0; +http://webmeup-crawler.com/)"
88.198.94.196 - - [11/Jan/2016:10:11:54 -0800] "GET /resorts?resort=whistlerblackcomb HTTP/1.1" 404 506 "-" "Mozilla/5.0 (compatible; BLEXBot/1.0; +http://webmeup-crawler.com/)"
88.198.94.196 - - [11/Jan/2016:10:12:06 -0800] "GET /resorts?resort=whitefacemountain HTTP/1.1" 404 506 "-" "Mozilla/5.0 (compatible; BLEXBot/1.0; +http://webmeup-crawler.com/)"
88.198.94.196 - - [11/Jan/2016:10:12:12 -0800] "GET /resorts?resort=wildcatmountain HTTP/1.1" 404 506 "-" "Mozilla/5.0 (compatible; BLEXBot/1.0; +http://webmeup-crawler.com/)"
206.29.176.51 - - [11/Jan/2016:10:16:07 -0800] "GET / HTTP/1.1" 200 2615 "-" "Mozilla/5.0 (Macintosh; Intel Mac OS X 10_10_5) AppleWebKit/537.36 (KHTML, like Gecko) Chrome/47.0.2526.106 Safari/537.36"
206.29.176.51 - - [11/Jan/2016:10:16:07 -0800] "GET /styles/ee08faa9.main.css HTTP/1.1" 200 19446 "http://whereshouldiski.com/" "Mozilla/5.0 (Macintosh; Intel Mac OS X 10_10_5) AppleWebKit/537.36 (KHTML, like Gecko) Chrome/47.0.2526.106 Safari/537.36"
206.29.176.51 - - [11/Jan/2016:10:16:07 -0800] "GET /scripts/scripts/vendor/modernizr.js HTTP/1.1" 200 4903 "http://whereshouldiski.com/" "Mozilla/5.0 (Macintosh; Intel Mac OS X 10_10_5) AppleWebKit/537.36 (KHTML, like Gecko) Chrome/47.0.2526.106 Safari/537.36"
206.29.176.51 - - [11/Jan/2016:10:16:07 -0800] "GET /images/logo-square-white-sm.png HTTP/1.1" 200 1684 "http://whereshouldiski.com/" "Mozilla/5.0 (Macintosh; Intel Mac OS X 10_10_5) AppleWebKit/537.36 (KHTML, like Gecko) Chrome/47.0.2526.106 Safari/537.36"
206.29.176.51 - - [11/Jan/2016:10:16:07 -0800] "GET /bower_components/requirejs/require.js HTTP/1.1" 200 6702 "http://whereshouldiski.com/" "Mozilla/5.0 (Macintosh; Intel Mac OS X 10_10_5) AppleWebKit/537.36 (KHTML, like Gecko) Chrome/47.0.2526.106 Safari/537.36"
206.29.176.51 - - [11/Jan/2016:10:16:07 -0800] "GET /images/loading.gif HTTP/1.1" 200 13881 "http://whereshouldiski.com/" "Mozilla/5.0 (Macintosh; Intel Mac OS X 10_10_5) AppleWebKit/537.36 (KHTML, like Gecko) Chrome/47.0.2526.106 Safari/537.36"
206.29.176.51 - - [11/Jan/2016:10:16:07 -0800] "GET /scripts/fa48e319.main.js HTTP/1.1" 200 123455 "http://whereshouldiski.com/" "Mozilla/5.0 (Macintosh; Intel Mac OS X 10_10_5) AppleWebKit/537.36 (KHTML, like Gecko) Chrome/47.0.2526.106 Safari/537.36"
206.29.176.51 - - [11/Jan/2016:10:16:08 -0800] "GET /lib/reccapi.php?fields=t HTTP/1.1" 200 1873 "http://whereshouldiski.com/" "Mozilla/5.0 (Macintosh; Intel Mac OS X 10_10_5) AppleWebKit/537.36 (KHTML, like Gecko) Chrome/47.0.2526.106 Safari/537.36"
206.29.176.51 - - [11/Jan/2016:10:16:08 -0800] "GET /images/button.png HTTP/1.1" 200 598 "http://whereshouldiski.com/styles/ee08faa9.main.css" "Mozilla/5.0 (Macintosh; Intel Mac OS X 10_10_5) AppleWebKit/537.36 (KHTML, like Gecko) Chrome/47.0.2526.106 Safari/537.36"
206.29.176.51 - - [11/Jan/2016:10:16:08 -0800] "GET /images/greyHeader.png HTTP/1.1" 200 508 "http://whereshouldiski.com/styles/ee08faa9.main.css" "Mozilla/5.0 (Macintosh; Intel Mac OS X 10_10_5) AppleWebKit/537.36 (KHTML, like Gecko) Chrome/47.0.2526.106 Safari/537.36"
206.29.176.51 - - [11/Jan/2016:10:16:08 -0800] "GET /images/snowflake5.png HTTP/1.1" 200 2857 "http://whereshouldiski.com/styles/ee08faa9.main.css" "Mozilla/5.0 (Macintosh; Intel Mac OS X 10_10_5) AppleWebKit/537.36 (KHTML, like Gecko) Chrome/47.0.2526.106 Safari/537.36"
206.29.176.51 - - [11/Jan/2016:10:16:08 -0800] "GET /images/star5.png HTTP/1.1" 200 1783 "http://whereshouldiski.com/styles/ee08faa9.main.css" "Mozilla/5.0 (Macintosh; Intel Mac OS X 10_10_5) AppleWebKit/537.36 (KHTML, like Gecko) Chrome/47.0.2526.106 Safari/537.36"
206.29.176.51 - - [11/Jan/2016:10:16:08 -0800] "GET /images/bluebird5.png HTTP/1.1" 200 2177 "http://whereshouldiski.com/styles/ee08faa9.main.css" "Mozilla/5.0 (Macintosh; Intel Mac OS X 10_10_5) AppleWebKit/537.36 (KHTML, like Gecko) Chrome/47.0.2526.106 Safari/537.36"
206.29.176.51 - - [11/Jan/2016:10:16:08 -0800] "GET /images/mtns-icon.png HTTP/1.1" 200 1096 "http://whereshouldiski.com/styles/ee08faa9.main.css" "Mozilla/5.0 (Macintosh; Intel Mac OS X 10_10_5) AppleWebKit/537.36 (KHTML, like Gecko) Chrome/47.0.2526.106 Safari/537.36"
206.29.176.51 - - [11/Jan/2016:10:16:08 -0800] "GET /images/shading-icon.png HTTP/1.1" 200 537 "http://whereshouldiski.com/styles/ee08faa9.main.css" "Mozilla/5.0 (Macintosh; Intel Mac OS X 10_10_5) AppleWebKit/537.36 (KHTML, like Gecko) Chrome/47.0.2526.106 Safari/537.36"
206.29.176.51 - - [11/Jan/2016:10:16:09 -0800] "GET /favicon.ico HTTP/1.1" 200 4612 "http://whereshouldiski.com/" "Mozilla/5.0 (Macintosh; Intel Mac OS X 10_10_5) AppleWebKit/537.36 (KHTML, like Gecko) Chrome/47.0.2526.106 Safari/537.36"
206.29.176.51 - - [11/Jan/2016:10:16:11 -0800] "GET /lib/reccapi.php?fields=t&coords=47.5783056,-122.1652244 HTTP/1.1" 200 2061 "http://whereshouldiski.com/" "Mozilla/5.0 (Macintosh; Intel Mac OS X 10_10_5) AppleWebKit/537.36 (KHTML, like Gecko) Chrome/47.0.2526.106 Safari/537.36"
206.29.176.51 - - [11/Jan/2016:10:16:13 -0800] "GET /lib/reccapi.php?fields=t&coords=47.5783056,-122.1652244&distance=100 HTTP/1.1" 200 1602 "http://whereshouldiski.com/" "Mozilla/5.0 (Macintosh; Intel Mac OS X 10_10_5) AppleWebKit/537.36 (KHTML, like Gecko) Chrome/47.0.2526.106 Safari/537.36"
206.29.176.51 - - [11/Jan/2016:10:16:13 -0800] "GET /images/greenHeader.png HTTP/1.1" 200 508 "http://whereshouldiski.com/styles/ee08faa9.main.css" "Mozilla/5.0 (Macintosh; Intel Mac OS X 10_10_5) AppleWebKit/537.36 (KHTML, like Gecko) Chrome/47.0.2526.106 Safari/537.36"
206.29.176.51 - - [11/Jan/2016:10:16:27 -0800] "-" 408 0 "-" "-"
127.0.0.1 - - [11/Jan/2016:10:16:29 -0800] "OPTIONS * HTTP/1.0" 200 126 "-" "Apache/2.2.22 (Ubuntu) (internal dummy connection)"
206.29.176.51 - - [11/Jan/2016:10:17:33 -0800] "GET /lib/reccapi.php?fields=t&coords=47.5783056,-122.1652244&distance=100&sort=quality HTTP/1.1" 200 1619 "http://whereshouldiski.com/" "Mozilla/5.0 (Macintosh; Intel Mac OS X 10_10_5) AppleWebKit/537.36 (KHTML, like Gecko) Chrome/47.0.2526.106 Safari/537.36"
206.29.176.51 - - [11/Jan/2016:10:18:10 -0800] "GET /lib/reccapi.php?resort=snoqualmie-alpental&date=2016-01-16 HTTP/1.1" 200 1008 "http://whereshouldiski.com/" "Mozilla/5.0 (Macintosh; Intel Mac OS X 10_10_5) AppleWebKit/537.36 (KHTML, like Gecko) Chrome/47.0.2526.106 Safari/537.36"
206.29.176.51 - - [11/Jan/2016:10:18:10 -0800] "GET /lib/reccapi.php?fields=t&date=2016-01-16&coords=47.44%2C-121.45&size=7&sort=distance HTTP/1.1" 200 1404 "http://whereshouldiski.com/" "Mozilla/5.0 (Macintosh; Intel Mac OS X 10_10_5) AppleWebKit/537.36 (KHTML, like Gecko) Chrome/47.0.2526.106 Safari/537.36"
206.29.176.51 - - [11/Jan/2016:10:18:10 -0800] "GET /images/stars-med-5.png HTTP/1.1" 200 4124 "http://whereshouldiski.com/styles/ee08faa9.main.css" "Mozilla/5.0 (Macintosh; Intel Mac OS X 10_10_5) AppleWebKit/537.36 (KHTML, like Gecko) Chrome/47.0.2526.106 Safari/537.36"
206.29.176.51 - - [11/Jan/2016:10:18:10 -0800] "GET /images/snowflake-med-5.png HTTP/1.1" 200 6156 "http://whereshouldiski.com/styles/ee08faa9.main.css" "Mozilla/5.0 (Macintosh; Intel Mac OS X 10_10_5) AppleWebKit/537.36 (KHTML, like Gecko) Chrome/47.0.2526.106 Safari/537.36"
206.29.176.51 - - [11/Jan/2016:10:18:10 -0800] "GET /images/sun-med-5.png HTTP/1.1" 200 7627 "http://whereshouldiski.com/styles/ee08faa9.main.css" "Mozilla/5.0 (Macintosh; Intel Mac OS X 10_10_5) AppleWebKit/537.36 (KHTML, like Gecko) Chrome/47.0.2526.106 Safari/537.36"
206.29.176.51 - - [11/Jan/2016:10:18:10 -0800] "GET /lib/resortDataSearchD3.php?size=7&sortDate=T&resort=snoqualmie-alpental&dateStart=2016-01-14 HTTP/1.1" 200 539 "http://whereshouldiski.com/" "Mozilla/5.0 (Macintosh; Intel Mac OS X 10_10_5) AppleWebKit/537.36 (KHTML, like Gecko) Chrome/47.0.2526.106 Safari/537.36"
206.29.176.51 - - [11/Jan/2016:10:18:10 -0800] "GET /images/mtns-30px.png HTTP/1.1" 200 1202 "http://whereshouldiski.com/styles/ee08faa9.main.css" "Mozilla/5.0 (Macintosh; Intel Mac OS X 10_10_5) AppleWebKit/537.36 (KHTML, like Gecko) Chrome/47.0.2526.106 Safari/537.36"
206.29.176.51 - - [11/Jan/2016:10:18:10 -0800] "GET /images/shading-53px.png HTTP/1.1" 200 548 "http://whereshouldiski.com/styles/ee08faa9.main.css" "Mozilla/5.0 (Macintosh; Intel Mac OS X 10_10_5) AppleWebKit/537.36 (KHTML, like Gecko) Chrome/47.0.2526.106 Safari/537.36"
206.29.176.51 - - [11/Jan/2016:10:18:10 -0800] "GET /images/snowforecast-logo.jpg HTTP/1.1" 200 22988 "http://whereshouldiski.com/" "Mozilla/5.0 (Macintosh; Intel Mac OS X 10_10_5) AppleWebKit/537.36 (KHTML, like Gecko) Chrome/47.0.2526.106 Safari/537.36"
206.29.176.51 - - [11/Jan/2016:10:18:10 -0800] "GET /images/opensnow_logo.png HTTP/1.1" 200 11776 "http://whereshouldiski.com/" "Mozilla/5.0 (Macintosh; Intel Mac OS X 10_10_5) AppleWebKit/537.36 (KHTML, like Gecko) Chrome/47.0.2526.106 Safari/537.36"
127.0.0.1 - - [11/Jan/2016:10:18:18 -0800] "OPTIONS * HTTP/1.0" 200 126 "-" "Apache/2.2.22 (Ubuntu) (internal dummy connection)"
206.29.176.51 - - [11/Jan/2016:10:18:23 -0800] "GET /lib/reccapi.php?fields=t&coords=47.5783056,-122.1652244&distance=100&sort=quality HTTP/1.1" 200 1619 "http://whereshouldiski.com/" "Mozilla/5.0 (Macintosh; Intel Mac OS X 10_10_5) AppleWebKit/537.36 (KHTML, like Gecko) Chrome/47.0.2526.106 Safari/537.36"
206.29.176.51 - - [11/Jan/2016:10:18:31 -0800] "GET /lib/reccapi.php?fields=t&coords=47.5783056,-122.1652244&distance=100&sort=quality&date=2016-01-14 HTTP/1.1" 200 1068 "http://whereshouldiski.com/" "Mozilla/5.0 (Macintosh; Intel Mac OS X 10_10_5) AppleWebKit/537.36 (KHTML, like Gecko) Chrome/47.0.2526.106 Safari/537.36"
206.29.176.51 - - [11/Jan/2016:10:18:34 -0800] "GET /lib/reccapi.php?resort=crystalmountain&date=2016-01-14 HTTP/1.1" 200 1047 "http://whereshouldiski.com/" "Mozilla/5.0 (Macintosh; Intel Mac OS X 10_10_5) AppleWebKit/537.36 (KHTML, like Gecko) Chrome/47.0.2526.106 Safari/537.36"
206.29.176.51 - - [11/Jan/2016:10:18:34 -0800] "GET /lib/reccapi.php?fields=t&coords=47.5783056,-122.1652244&date=2016-01-14&coords=46.92%2C-121.49&size=7&sort=distance HTTP/1.1" 200 1394 "http://whereshouldiski.com/" "Mozilla/5.0 (Macintosh; Intel Mac OS X 10_10_5) AppleWebKit/537.36 (KHTML, like Gecko) Chrome/47.0.2526.106 Safari/537.36"
206.29.176.51 - - [11/Jan/2016:10:18:34 -0800] "GET /lib/resortDataSearchD3.php?size=7&sortDate=T&resort=crystalmountain&dateStart=2016-01-12 HTTP/1.1" 200 708 "http://whereshouldiski.com/" "Mozilla/5.0 (Macintosh; Intel Mac OS X 10_10_5) AppleWebKit/537.36 (KHTML, like Gecko) Chrome/47.0.2526.106 Safari/537.36"
206.29.176.51 - - [11/Jan/2016:10:18:53 -0800] "GET /lib/reccapi.php?fields=t&coords=47.5783056,-122.1652244&distance=100&sort=quality&date=2016-01-14 HTTP/1.1" 200 1068 "http://whereshouldiski.com/" "Mozilla/5.0 (Macintosh; Intel Mac OS X 10_10_5) AppleWebKit/537.36 (KHTML, like Gecko) Chrome/47.0.2526.106 Safari/537.36"
206.29.176.51 - - [11/Jan/2016:10:18:56 -0800] "GET /lib/reccapi.php?fields=t&coords=47.5783056,-122.1652244&distance=100&sort=quality&date=2016-01-14&state=WA HTTP/1.1" 200 1067 "http://whereshouldiski.com/" "Mozilla/5.0 (Macintosh; Intel Mac OS X 10_10_5) AppleWebKit/537.36 (KHTML, like Gecko) Chrome/47.0.2526.106 Safari/537.36"
206.29.176.51 - - [11/Jan/2016:10:18:57 -0800] "GET /lib/reccapi.php?fields=t&coords=47.5783056,-122.1652244&sort=quality&date=2016-01-14&state=WA HTTP/1.1" 200 1272 "http://whereshouldiski.com/" "Mozilla/5.0 (Macintosh; Intel Mac OS X 10_10_5) AppleWebKit/537.36 (KHTML, like Gecko) Chrome/47.0.2526.106 Safari/537.36"
206.29.176.51 - - [11/Jan/2016:10:19:04 -0800] "GET /lib/reccapi.php?fields=t&coords=47.5783056,-122.1652244&sort=quality&state=WA HTTP/1.1" 200 1745 "http://whereshouldiski.com/" "Mozilla/5.0 (Macintosh; Intel Mac OS X 10_10_5) AppleWebKit/537.36 (KHTML, like Gecko) Chrome/47.0.2526.106 Safari/537.36"
206.29.176.51 - - [11/Jan/2016:10:19:09 -0800] "GET /lib/reccapi.php?fields=t&coords=47.5783056,-122.1652244&sort=quality&state=WA&date=2016-01-14 HTTP/1.1" 200 1272 "http://whereshouldiski.com/" "Mozilla/5.0 (Macintosh; Intel Mac OS X 10_10_5) AppleWebKit/537.36 (KHTML, like Gecko) Chrome/47.0.2526.106 Safari/537.36"
127.0.0.1 - - [11/Jan/2016:10:19:16 -0800] "OPTIONS * HTTP/1.0" 200 126 "-" "Apache/2.2.22 (Ubuntu) (internal dummy connection)"
170.75.162.130 - - [11/Jan/2016:10:20:44 -0800] "GET /lib/reccapi.php?resort=diamondpeak HTTP/1.1" 200 949 "-" "node-superagent/1.4.0"
75.142.253.100 - - [11/Jan/2016:10:23:08 -0800] "GET /images/wsis-logo-sm.png HTTP/1.1" 200 6108 "http://www.thebackcountry.net/" "Mozilla/5.0 (iPhone; CPU iPhone OS 9_2 like Mac OS X) AppleWebKit/601.1.46 (KHTML, like Gecko) Version/9.0 Mobile/13C75 Safari/601.1"
170.75.162.130 - - [11/Jan/2016:10:24:34 -0800] "GET /lib/reccapi.php?resort=snowmass HTTP/1.1" 200 965 "-" "node-superagent/1.4.0"
188.68.224.62 - - [11/Jan/2016:10:35:32 -0800] "GET http://dhg.pisz.pl/httptest.php HTTP/1.1" 404 444 "-" "-"
173.226.103.147 - - [11/Jan/2016:10:38:27 -0800] "GET /images/wsis-logo-sm.png HTTP/1.1" 200 6108 "http://thebackcountry.net/" "Mozilla/5.0 (Windows NT 6.1; WOW64) AppleWebKit/537.36 (KHTML, like Gecko) Chrome/47.0.2526.106 Safari/537.36"
66.249.66.159 - - [11/Jan/2016:10:39:02 -0800] "GET /lib/reccapi.php?resort=wildcatmountain&date=2015-12-30 HTTP/1.1" 200 1039 "http://whereshouldiski.com/" "Mozilla/5.0 (compatible; Googlebot/2.1; +http://www.google.com/bot.html)"
66.249.66.151 - - [11/Jan/2016:10:39:04 -0800] "GET /lib/reccapi.php?fields=t&date=2015-12-30&coords=44.2604%2C-71.2034&size=7&sort=distance HTTP/1.1" 200 1393 "http://whereshouldiski.com/" "Mozilla/5.0 (compatible; Googlebot/2.1; +http://www.google.com/bot.html)"
66.249.66.151 - - [11/Jan/2016:10:39:04 -0800] "GET /lib/resortDataSearchD3.php?size=7&sortDate=T&resort=wildcatmountain&dateStart=2015-12-28 HTTP/1.1" 200 877 "http://whereshouldiski.com/" "Mozilla/5.0 (compatible; Googlebot/2.1; +http://www.google.com/bot.html)"
167.191.240.1 - - [11/Jan/2016:10:40:02 -0800] "GET /images/wsis-logo-sm.png HTTP/1.1" 200 6108 "http://www.thebackcountry.net/" "Mozilla/5.0 (Windows NT 6.1; WOW64; Trident/7.0; rv:11.0) like Gecko"
167.191.240.1 - - [11/Jan/2016:10:40:24 -0800] "-" 408 0 "-" "-"
52.33.40.213 - - [11/Jan/2016:10:40:37 -0800] "GET /lib/reccapi.php?resort=angelfire HTTP/1.1" 200 1024 "-" "node-superagent/1.4.0"
134.186.116.118 - - [11/Jan/2016:10:43:02 -0800] "GET /images/wsis-logo-sm.png HTTP/1.1" 200 6108 "http://www.thebackcountry.net/" "Mozilla/5.0 (Windows NT 6.1) AppleWebKit/537.36 (KHTML, like Gecko) Chrome/47.0.2526.106 Safari/537.36"
170.75.162.130 - - [11/Jan/2016:10:43:37 -0800] "GET /lib/reccapi.php?resort=smugglersnotch HTTP/1.1" 200 1086 "-" "node-superagent/1.4.0"
107.77.97.18 - - [11/Jan/2016:10:46:05 -0800] "GET / HTTP/1.1" 200 2615 "-" "Mozilla/5.0 (iPhone; CPU iPhone OS 9_2 like Mac OS X) AppleWebKit/601.1.46 (KHTML, like Gecko) Version/9.0 Mobile/13C75 Safari/601.1"
107.77.97.18 - - [11/Jan/2016:10:46:06 -0800] "GET /styles/ee08faa9.main.css HTTP/1.1" 200 19446 "http://whereshouldiski.com/" "Mozilla/5.0 (iPhone; CPU iPhone OS 9_2 like Mac OS X) AppleWebKit/601.1.46 (KHTML, like Gecko) Version/9.0 Mobile/13C75 Safari/601.1"
107.77.97.18 - - [11/Jan/2016:10:46:06 -0800] "GET /images/loading.gif HTTP/1.1" 200 13882 "http://whereshouldiski.com/" "Mozilla/5.0 (iPhone; CPU iPhone OS 9_2 like Mac OS X) AppleWebKit/601.1.46 (KHTML, like Gecko) Version/9.0 Mobile/13C75 Safari/601.1"
107.77.97.18 - - [11/Jan/2016:10:46:06 -0800] "GET /images/logo-square-white-sm.png HTTP/1.1" 200 1684 "http://whereshouldiski.com/" "Mozilla/5.0 (iPhone; CPU iPhone OS 9_2 like Mac OS X) AppleWebKit/601.1.46 (KHTML, like Gecko) Version/9.0 Mobile/13C75 Safari/601.1"
107.77.97.18 - - [11/Jan/2016:10:46:06 -0800] "GET /bower_components/requirejs/require.js HTTP/1.1" 200 6702 "http://whereshouldiski.com/" "Mozilla/5.0 (iPhone; CPU iPhone OS 9_2 like Mac OS X) AppleWebKit/601.1.46 (KHTML, like Gecko) Version/9.0 Mobile/13C75 Safari/601.1"
107.77.97.18 - - [11/Jan/2016:10:46:06 -0800] "GET /scripts/scripts/vendor/modernizr.js HTTP/1.1" 200 4903 "http://whereshouldiski.com/" "Mozilla/5.0 (iPhone; CPU iPhone OS 9_2 like Mac OS X) AppleWebKit/601.1.46 (KHTML, like Gecko) Version/9.0 Mobile/13C75 Safari/601.1"
107.77.97.18 - - [11/Jan/2016:10:46:06 -0800] "GET /scripts/fa48e319.main.js HTTP/1.1" 200 123455 "http://whereshouldiski.com/" "Mozilla/5.0 (iPhone; CPU iPhone OS 9_2 like Mac OS X) AppleWebKit/601.1.46 (KHTML, like Gecko) Version/9.0 Mobile/13C75 Safari/601.1"
107.77.97.18 - - [11/Jan/2016:10:46:07 -0800] "GET /images/button.png HTTP/1.1" 200 598 "http://whereshouldiski.com/" "Mozilla/5.0 (iPhone; CPU iPhone OS 9_2 like Mac OS X) AppleWebKit/601.1.46 (KHTML, like Gecko) Version/9.0 Mobile/13C75 Safari/601.1"
107.77.97.18 - - [11/Jan/2016:10:46:07 -0800] "GET /lib/reccapi.php?fields=t&sort=quality&state=WA&date=2016-01-14 HTTP/1.1" 200 1108 "http://whereshouldiski.com/" "Mozilla/5.0 (iPhone; CPU iPhone OS 9_2 like Mac OS X) AppleWebKit/601.1.46 (KHTML, like Gecko) Version/9.0 Mobile/13C75 Safari/601.1"
107.77.97.18 - - [11/Jan/2016:10:46:08 -0800] "GET /images/greyHeader.png HTTP/1.1" 200 508 "http://whereshouldiski.com/" "Mozilla/5.0 (iPhone; CPU iPhone OS 9_2 like Mac OS X) AppleWebKit/601.1.46 (KHTML, like Gecko) Version/9.0 Mobile/13C75 Safari/601.1"
107.77.97.18 - - [11/Jan/2016:10:46:08 -0800] "GET /images/snowflake5.png HTTP/1.1" 200 2857 "http://whereshouldiski.com/" "Mozilla/5.0 (iPhone; CPU iPhone OS 9_2 like Mac OS X) AppleWebKit/601.1.46 (KHTML, like Gecko) Version/9.0 Mobile/13C75 Safari/601.1"
107.77.97.18 - - [11/Jan/2016:10:46:08 -0800] "GET /images/greenHeader.png HTTP/1.1" 200 508 "http://whereshouldiski.com/" "Mozilla/5.0 (iPhone; CPU iPhone OS 9_2 like Mac OS X) AppleWebKit/601.1.46 (KHTML, like Gecko) Version/9.0 Mobile/13C75 Safari/601.1"
107.77.97.18 - - [11/Jan/2016:10:46:08 -0800] "GET /images/bluebird5.png HTTP/1.1" 200 2178 "http://whereshouldiski.com/" "Mozilla/5.0 (iPhone; CPU iPhone OS 9_2 like Mac OS X) AppleWebKit/601.1.46 (KHTML, like Gecko) Version/9.0 Mobile/13C75 Safari/601.1"
107.77.97.18 - - [11/Jan/2016:10:46:08 -0800] "GET /images/star5.png HTTP/1.1" 200 1784 "http://whereshouldiski.com/" "Mozilla/5.0 (iPhone; CPU iPhone OS 9_2 like Mac OS X) AppleWebKit/601.1.46 (KHTML, like Gecko) Version/9.0 Mobile/13C75 Safari/601.1"
107.77.97.18 - - [11/Jan/2016:10:46:08 -0800] "GET /images/mtns-icon.png HTTP/1.1" 200 1097 "http://whereshouldiski.com/" "Mozilla/5.0 (iPhone; CPU iPhone OS 9_2 like Mac OS X) AppleWebKit/601.1.46 (KHTML, like Gecko) Version/9.0 Mobile/13C75 Safari/601.1"
107.77.97.18 - - [11/Jan/2016:10:46:08 -0800] "GET /images/shading-icon.png HTTP/1.1" 200 537 "http://whereshouldiski.com/" "Mozilla/5.0 (iPhone; CPU iPhone OS 9_2 like Mac OS X) AppleWebKit/601.1.46 (KHTML, like Gecko) Version/9.0 Mobile/13C75 Safari/601.1"
107.77.97.18 - - [11/Jan/2016:10:46:09 -0800] "GET /lib/reccapi.php?fields=t&coords=47.618752641325784,-122.29362676538126&sort=quality&state=WA&date=2016-01-14 HTTP/1.1" 200 1267 "http://whereshouldiski.com/" "Mozilla/5.0 (iPhone; CPU iPhone OS 9_2 like Mac OS X) AppleWebKit/601.1.46 (KHTML, like Gecko) Version/9.0 Mobile/13C75 Safari/601.1"
127.0.0.1 - - [11/Jan/2016:10:46:11 -0800] "OPTIONS * HTTP/1.0" 200 126 "-" "Apache/2.2.22 (Ubuntu) (internal dummy connection)"
75.140.35.202 - - [11/Jan/2016:10:57:03 -0800] "GET /images/wsis-logo-sm.png HTTP/1.1" 200 6108 "http://www.thebackcountry.net/" "Mozilla/4.0 (compatible; MSIE 8.0; Windows NT 5.1; Trident/4.0; GTB7.5; .NET CLR 1.1.4322; .NET CLR 2.0.50727; .NET CLR 3.0.04506.30; MDDR; .NET CLR 3.0.4506.2152; .NET CLR 3.5.30729; BRI/2)"
162.119.128.140 - - [11/Jan/2016:10:59:22 -0800] "GET /images/wsis-logo-sm.png HTTP/1.1" 200 6108 "http://www.thebackcountry.net/" "Mozilla/5.0 (Windows NT 6.1; WOW64; rv:43.0) Gecko/20100101 Firefox/43.0"
208.100.26.230 - - [11/Jan/2016:11:02:25 -0800] "GET / HTTP/1.0" 200 6995 "-" "-"
208.100.26.230 - - [11/Jan/2016:11:04:33 -0800] "HEAD / HTTP/1.1" 200 310 "-" "Mozilla/5.0 (compatible; Nmap Scripting Engine; http://nmap.org/book/nse.html)"
66.249.66.155 - - [11/Jan/2016:11:05:22 -0800] "GET /lib/reccapi.php?resort=wildcatmountain&date=2015-12-31 HTTP/1.1" 200 1014 "http://whereshouldiski.com/" "Mozilla/5.0 (compatible; Googlebot/2.1; +http://www.google.com/bot.html)"
66.249.66.151 - - [11/Jan/2016:11:05:23 -0800] "GET /lib/resortDataSearchD3.php?size=7&sortDate=T&resort=wildcatmountain&dateStart=2015-12-29 HTTP/1.1" 200 877 "http://whereshouldiski.com/" "Mozilla/5.0 (compatible; Googlebot/2.1; +http://www.google.com/bot.html)"
66.249.66.151 - - [11/Jan/2016:11:05:23 -0800] "GET /lib/reccapi.php?fields=t&date=2015-12-31&coords=44.2604%2C-71.2034&size=7&sort=distance HTTP/1.1" 200 1358 "http://whereshouldiski.com/" "Mozilla/5.0 (compatible; Googlebot/2.1; +http://www.google.com/bot.html)"
52.33.40.213 - - [11/Jan/2016:11:06:59 -0800] "GET /lib/reccapi.php?resort=brighton HTTP/1.1" 200 977 "-" "node-superagent/1.4.0"
170.75.162.130 - - [11/Jan/2016:11:11:10 -0800] "GET /lib/reccapi.php?resort=alpinemeadows HTTP/1.1" 200 979 "-" "node-superagent/1.4.0"
52.33.40.213 - - [11/Jan/2016:11:11:49 -0800] "GET /lib/reccapi.php?resort=crystalmountain HTTP/1.1" 200 1063 "-" "node-superagent/1.4.0"
52.33.40.213 - - [11/Jan/2016:11:11:59 -0800] "GET /lib/reccapi.php?resort=redlodge HTTP/1.1" 200 1028 "-" "node-superagent/1.4.0"
98.248.77.245 - - [11/Jan/2016:11:12:03 -0800] "GET /images/wsis-logo-sm.png HTTP/1.1" 200 6108 "http://www.thebackcountry.net/" "Mozilla/5.0 (iPhone; CPU iPhone OS 9_2 like Mac OS X) AppleWebKit/601.1.46 (KHTML, like Gecko) Version/9.0 Mobile/13C75 Safari/601.1"
52.33.40.213 - - [11/Jan/2016:11:12:19 -0800] "GET /lib/reccapi.php?resort=snowbird HTTP/1.1" 200 974 "-" "node-superagent/1.4.0"
52.33.40.213 - - [11/Jan/2016:11:14:19 -0800] "GET /lib/reccapi.php?resort=cannonmountain HTTP/1.1" 200 1035 "-" "node-superagent/1.4.0"
52.33.40.213 - - [11/Jan/2016:11:14:29 -0800] "GET /lib/reccapi.php?resort=homewoodmountain HTTP/1.1" 200 981 "-" "node-superagent/1.4.0"
170.75.162.130 - - [11/Jan/2016:11:14:31 -0800] "GET /lib/reccapi.php?resort=mountainhigh HTTP/1.1" 200 994 "-" "node-superagent/1.4.0"
50.193.204.110 - - [11/Jan/2016:11:15:32 -0800] "GET /images/wsis-logo-sm.png HTTP/1.1" 200 6108 "http://www.thebackcountry.net/" "Mozilla/5.0 (Macintosh; Intel Mac OS X 10_6_8) AppleWebKit/537.36 (KHTML, like Gecko) Chrome/47.0.2526.106 Safari/537.36"
170.75.162.130 - - [11/Jan/2016:11:15:41 -0800] "GET /lib/reccapi.php?resort=taos HTTP/1.1" 200 967 "-" "node-superagent/1.4.0"
52.33.40.213 - - [11/Jan/2016:11:15:49 -0800] "GET /lib/reccapi.php?resort=killington HTTP/1.1" 200 1065 "-" "node-superagent/1.4.0"
52.33.40.213 - - [11/Jan/2016:11:15:49 -0800] "GET /lib/reccapi.php?resort=redmountain HTTP/1.1" 200 902 "-" "node-superagent/1.4.0"
173.247.201.130 - - [11/Jan/2016:11:15:53 -0800] "GET /images/wsis-logo-sm.png HTTP/1.1" 200 6052 "http://www.thebackcountry.net/" "Mozilla/5.0 (Macintosh; Intel Mac OS X 10_10_5) AppleWebKit/537.36 (KHTML, like Gecko) Chrome/47.0.2526.106 Safari/537.36"
52.33.40.213 - - [11/Jan/2016:11:15:59 -0800] "GET /lib/reccapi.php?resort=solitude HTTP/1.1" 200 987 "-" "node-superagent/1.4.0"
52.33.40.213 - - [11/Jan/2016:11:15:59 -0800] "GET /lib/reccapi.php?resort=steamboat HTTP/1.1" 200 975 "-" "node-superagent/1.4.0"
52.33.40.213 - - [11/Jan/2016:11:16:09 -0800] "GET /lib/reccapi.php?resort=telluride HTTP/1.1" 200 966 "-" "node-superagent/1.4.0"
170.75.162.130 - - [11/Jan/2016:11:16:51 -0800] "GET /lib/reccapi.php?resort=telluride HTTP/1.1" 200 966 "-" "node-superagent/1.4.0"
52.33.40.213 - - [11/Jan/2016:11:17:39 -0800] "GET /lib/reccapi.php?resort=grandtarghee HTTP/1.1" 200 1008 "-" "node-superagent/1.4.0"
52.33.40.213 - - [11/Jan/2016:11:17:59 -0800] "GET /lib/reccapi.php?resort=sugarloaf HTTP/1.1" 200 1035 "-" "node-superagent/1.4.0"
52.33.40.213 - - [11/Jan/2016:11:18:09 -0800] "GET /lib/reccapi.php?resort=whistlerblackcomb HTTP/1.1" 200 930 "-" "node-superagent/1.4.0"
166.77.6.8 - - [11/Jan/2016:11:22:05 -0800] "GET /images/wsis-logo-sm.png HTTP/1.1" 200 6052 "http://www.thebackcountry.net/" "Mozilla/5.0 (Macintosh; Intel Mac OS X 10_11_1) AppleWebKit/537.36 (KHTML, like Gecko) Chrome/47.0.2526.106 Safari/537.36"
199.116.74.208 - - [11/Jan/2016:11:24:58 -0800] "GET /images/wsis-logo-sm.png HTTP/1.1" 200 6108 "http://www.thebackcountry.net/" "Mozilla/5.0 (Windows NT 6.1; WOW64) AppleWebKit/537.36 (KHTML, like Gecko) Chrome/47.0.2526.106 Safari/537.36"
123.125.71.111 - - [11/Jan/2016:11:27:28 -0800] "GET / HTTP/1.1" 200 2578 "-" "Mozilla/5.0 (Windows NT 5.1; rv:6.0.2) Gecko/20100101 Firefox/6.0.2"
123.125.71.77 - - [11/Jan/2016:11:27:29 -0800] "GET / HTTP/1.1" 200 6995 "-" "Mozilla/5.0 (Windows NT 5.1; rv:6.0.2) Gecko/20100101 Firefox/6.0.2"
52.33.40.213 - - [11/Jan/2016:11:28:19 -0800] "GET /lib/reccapi.php?resort=winterpark HTTP/1.1" 200 1006 "-" "node-superagent/1.4.0"
52.33.40.213 - - [11/Jan/2016:11:28:19 -0800] "GET /lib/reccapi.php?resort=sugarbowl HTTP/1.1" 200 969 "-" "node-superagent/1.4.0"
52.33.40.213 - - [11/Jan/2016:11:28:29 -0800] "GET /lib/reccapi.php?resort=hoodoo HTTP/1.1" 200 1056 "-" "node-superagent/1.4.0"
52.33.40.213 - - [11/Jan/2016:11:28:29 -0800] "GET /lib/reccapi.php?resort=chinapeak HTTP/1.1" 200 1000 "-" "node-superagent/1.4.0"
180.76.15.162 - - [11/Jan/2016:11:32:43 -0800] "GET / HTTP/1.1" 200 6995 "-" "Mozilla/5.0 (compatible; Baiduspider/2.0; +http://www.baidu.com/search/spider.html)"
180.76.15.139 - - [11/Jan/2016:11:33:39 -0800] "GET / HTTP/1.1" 200 6995 "-" "Mozilla/5.0 (compatible; Baiduspider/2.0; +http://www.baidu.com/search/spider.html)"
52.33.40.213 - - [11/Jan/2016:11:36:00 -0800] "GET /lib/reccapi.php?resort=bigwhite HTTP/1.1" 200 915 "-" "node-superagent/1.4.0"
180.76.15.33 - - [11/Jan/2016:11:39:07 -0800] "GET /resorts?resort=jacksonhole HTTP/1.1" 404 469 "-" "Mozilla/5.0 (compatible; Baiduspider/2.0; +http://www.baidu.com/search/spider.html)"
85.25.218.25 - - [11/Jan/2016:11:39:11 -0800] "GET / HTTP/1.1" 200 6995 "-" "Mozilla/5.0 (Macintosh; Intel Mac OS X 10.10; rv:39.0) Gecko/20100101 Firefox/39.0"
66.249.66.159 - - [11/Jan/2016:11:40:20 -0800] "GET /lib/reccapi.php?resort=wildcatmountain&date=2016-01-01 HTTP/1.1" 200 1051 "http://whereshouldiski.com/" "Mozilla/5.0 (compatible; Googlebot/2.1; +http://www.google.com/bot.html)"
66.249.66.151 - - [11/Jan/2016:11:40:21 -0800] "GET /lib/resortDataSearchD3.php?size=7&sortDate=T&resort=wildcatmountain&dateStart=2015-12-30 HTTP/1.1" 200 874 "http://whereshouldiski.com/" "Mozilla/5.0 (compatible; Googlebot/2.1; +http://www.google.com/bot.html)"
66.249.66.151 - - [11/Jan/2016:11:40:22 -0800] "GET /lib/reccapi.php?fields=t&date=2016-01-01&coords=44.2604%2C-71.2034&size=7&sort=distance HTTP/1.1" 200 1354 "http://whereshouldiski.com/" "Mozilla/5.0 (compatible; Googlebot/2.1; +http://www.google.com/bot.html)"
174.30.43.202 - - [11/Jan/2016:11:44:08 -0800] "GET /images/wsis-logo-sm.png HTTP/1.1" 200 6108 "http://www.thebackcountry.net/" "Mozilla/5.0 (Windows NT 6.1; WOW64) AppleWebKit/537.36 (KHTML, like Gecko) Chrome/47.0.2526.106 Safari/537.36"
206.29.176.51 - - [11/Jan/2016:11:50:58 -0800] "GET /styles/ee08faa9.main.css HTTP/1.1" 200 19447 "http://whereshouldiski.com/" "Mozilla/5.0 (Macintosh; Intel Mac OS X 10_10_5) AppleWebKit/537.36 (KHTML, like Gecko) Chrome/47.0.2526.106 Safari/537.36"
206.29.176.51 - - [11/Jan/2016:11:50:58 -0800] "GET /scripts/fa48e319.main.js HTTP/1.1" 200 123455 "http://whereshouldiski.com/" "Mozilla/5.0 (Macintosh; Intel Mac OS X 10_10_5) AppleWebKit/537.36 (KHTML, like Gecko) Chrome/47.0.2526.106 Safari/537.36"
206.29.176.51 - - [11/Jan/2016:11:50:59 -0800] "GET /lib/reccapi.php?fields=t&coords=47.5783056,-122.1652244&sort=quality&state=WA&date=2016-01-14 HTTP/1.1" 200 1272 "http://whereshouldiski.com/" "Mozilla/5.0 (Macintosh; Intel Mac OS X 10_10_5) AppleWebKit/537.36 (KHTML, like Gecko) Chrome/47.0.2526.106 Safari/537.36"
206.29.176.51 - - [11/Jan/2016:11:51:01 -0800] "GET /lib/reccapi.php?fields=t&coords=47.5783056,-122.1652244&sort=quality&state=WA HTTP/1.1" 200 1744 "http://whereshouldiski.com/" "Mozilla/5.0 (Macintosh; Intel Mac OS X 10_10_5) AppleWebKit/537.36 (KHTML, like Gecko) Chrome/47.0.2526.106 Safari/537.36"
206.29.176.51 - - [11/Jan/2016:11:51:11 -0800] "GET /lib/reccapi.php?fields=t&coords=47.5783056,-122.1652244&sort=quality&state=WA&date=2016-01-15 HTTP/1.1" 200 1257 "http://whereshouldiski.com/" "Mozilla/5.0 (Macintosh; Intel Mac OS X 10_10_5) AppleWebKit/537.36 (KHTML, like Gecko) Chrome/47.0.2526.106 Safari/537.36"
166.137.242.18 - - [11/Jan/2016:11:52:27 -0800] "GET /images/wsis-logo-sm.png HTTP/1.1" 200 6108 "http://www.thebackcountry.net/" "Mozilla/5.0 (iPhone; CPU iPhone OS 9_1 like Mac OS X) AppleWebKit/601.1.46 (KHTML, like Gecko) Version/9.0 Mobile/13B143 Safari/601.1"
99.162.150.18 - - [11/Jan/2016:11:59:33 -0800] "GET /images/wsis-logo-sm.png HTTP/1.1" 200 6108 "http://www.thebackcountry.net/" "Mozilla/5.0 (Windows NT 10.0; WOW64) AppleWebKit/537.36 (KHTML, like Gecko) Chrome/47.0.2526.106 Safari/537.36"
208.90.213.86 - - [11/Jan/2016:12:00:07 -0800] "GET /images/wsis-logo-sm.png HTTP/1.1" 200 6108 "http://www.thebackcountry.net/" "Mozilla/5.0 (Macintosh; Intel Mac OS X 10_11_2) AppleWebKit/601.3.9 (KHTML, like Gecko) Version/9.0.2 Safari/601.3.9"
52.33.40.213 - - [11/Jan/2016:12:08:11 -0800] "GET /lib/reccapi.php?resort=coppermountain HTTP/1.1" 200 1014 "-" "node-superagent/1.4.0"
52.33.40.213 - - [11/Jan/2016:12:08:21 -0800] "GET /lib/reccapi.php?resort=deervalley HTTP/1.1" 200 1012 "-" "node-superagent/1.4.0"
