180.76.15.138 - - [08/Feb/2016:01:32:53 -0800] "GET / HTTP/1.1" 200 6995 "-" "Mozilla/5.0 (compatible; Baiduspider/2.0; +http://www.baidu.com/search/spider.html)"
207.46.13.86 - - [08/Feb/2016:01:33:12 -0800] "GET /robots.txt HTTP/1.1" 200 375 "-" "Mozilla/5.0 (compatible; bingbot/2.0; +http://www.bing.com/bingbot.htm)"
170.75.162.130 - - [08/Feb/2016:01:33:40 -0800] "GET /lib/reccapi.php?resort=redlodge HTTP/1.1" 200 1020 "-" "node-superagent/1.4.0"
180.76.15.162 - - [08/Feb/2016:01:33:46 -0800] "GET / HTTP/1.1" 200 6995 "-" "Mozilla/5.0 (compatible; Baiduspider/2.0; +http://www.baidu.com/search/spider.html)"
170.75.162.130 - - [08/Feb/2016:01:36:00 -0800] "GET /lib/reccapi.php?resort=mounthoodmeadows HTTP/1.1" 200 983 "-" "node-superagent/1.4.0"
170.75.162.130 - - [08/Feb/2016:01:36:20 -0800] "GET /lib/reccapi.php?resort=solitude HTTP/1.1" 200 983 "-" "node-superagent/1.4.0"
170.75.162.130 - - [08/Feb/2016:01:38:41 -0800] "GET /lib/reccapi.php?resort=mountspokane HTTP/1.1" 200 998 "-" "node-superagent/1.4.0"
66.249.79.234 - - [08/Feb/2016:01:42:29 -0800] "GET /resorts?resort=northstar-at-tahoe HTTP/1.1" 404 506 "-" "DoCoMo/2.0 N905i(c100;TB;W24H16) (compatible; Googlebot-Mobile/2.1; +http://www.google.com/bot.html)"
170.75.162.130 - - [08/Feb/2016:01:43:43 -0800] "GET /lib/reccapi.php?resort=alpinemeadows HTTP/1.1" 200 976 "-" "node-superagent/1.4.0"
170.75.162.130 - - [08/Feb/2016:01:43:43 -0800] "GET /lib/reccapi.php?resort=kirkwood HTTP/1.1" 200 984 "-" "node-superagent/1.4.0"
170.75.162.130 - - [08/Feb/2016:01:43:43 -0800] "GET /lib/reccapi.php?resort=sierra-at-tahoe HTTP/1.1" 200 972 "-" "node-superagent/1.4.0"
180.76.15.16 - - [08/Feb/2016:01:48:13 -0800] "GET /robots.txt HTTP/1.1" 200 382 "-" "Mozilla/5.0 (Windows NT 5.1; rv:6.0.2) Gecko/20100101 Firefox/6.0.2"
180.76.15.154 - - [08/Feb/2016:01:50:59 -0800] "GET /#feedback HTTP/1.1" 200 2578 "-" "Mozilla/5.0 (compatible; Baiduspider/2.0; +http://www.baidu.com/search/spider.html)"
170.75.162.130 - - [08/Feb/2016:01:56:35 -0800] "GET /lib/reccapi.php?resort=chinapeak HTTP/1.1" 200 957 "-" "node-superagent/1.4.0"
170.75.162.130 - - [08/Feb/2016:02:07:07 -0800] "GET /lib/reccapi.php?resort=parkcity HTTP/1.1" 200 995 "-" "node-superagent/1.4.0"
52.33.40.213 - - [08/Feb/2016:02:15:00 -0800] "GET /lib/reccapi.php?resort=snowbird HTTP/1.1" 200 952 "-" "node-superagent/1.4.0"
109.111.30.144 - - [08/Feb/2016:02:28:57 -0800] "GET /phpmyadmin/index.php HTTP/1.1" 404 532 "-" "Mozilla/5.0 (Windows NT 5.1; rv:22.0) Gecko/20100101 Firefox/22.0 Paros/3.2.13"
180.76.15.10 - - [08/Feb/2016:02:32:13 -0800] "GET / HTTP/1.1" 200 6995 "-" "Mozilla/5.0 (compatible; Baiduspider/2.0; +http://www.baidu.com/search/spider.html)"
180.76.15.21 - - [08/Feb/2016:02:33:04 -0800] "GET / HTTP/1.1" 200 6995 "-" "Mozilla/5.0 (compatible; Baiduspider/2.0; +http://www.baidu.com/search/spider.html)"
52.33.40.213 - - [08/Feb/2016:02:38:01 -0800] "GET /lib/reccapi.php?resort=parkcity HTTP/1.1" 200 995 "-" "node-superagent/1.4.0"
220.181.108.120 - - [08/Feb/2016:02:53:05 -0800] "-" 408 0 "-" "-"
52.33.40.213 - - [08/Feb/2016:02:53:42 -0800] "GET /lib/reccapi.php?resort=mountbachelor HTTP/1.1" 200 965 "-" "node-superagent/1.4.0"
52.33.40.213 - - [08/Feb/2016:02:53:42 -0800] "GET /lib/reccapi.php?resort=mountspokane HTTP/1.1" 200 998 "-" "node-superagent/1.4.0"
52.33.40.213 - - [08/Feb/2016:02:54:42 -0800] "GET /lib/reccapi.php?resort=schweitzer HTTP/1.1" 200 949 "-" "node-superagent/1.4.0"
52.33.40.213 - - [08/Feb/2016:02:54:52 -0800] "GET /lib/reccapi.php?resort=stevenspass HTTP/1.1" 200 975 "-" "node-superagent/1.4.0"
52.33.40.213 - - [08/Feb/2016:02:56:02 -0800] "GET /lib/reccapi.php?resort=sunvalley HTTP/1.1" 200 979 "-" "node-superagent/1.4.0"
66.249.79.234 - - [08/Feb/2016:02:56:03 -0800] "GET /resorts?resort=sundance HTTP/1.1" 404 506 "-" "SAMSUNG-SGH-E250/1.0 Profile/MIDP-2.0 Configuration/CLDC-1.1 UP.Browser/6.2.3.3.c.1.101 (GUI) MMP/2.0 (compatible; Googlebot-Mobile/2.1; +http://www.google.com/bot.html)"
42.156.138.55 - - [08/Feb/2016:03:01:14 -0800] "GET / HTTP/1.1" 200 2615 "-" "YisouSpider"
170.75.162.130 - - [08/Feb/2016:03:08:21 -0800] "GET /lib/reccapi.php?resort=arapahoebasin HTTP/1.1" 200 1022 "-" "node-superagent/1.4.0"
170.75.162.130 - - [08/Feb/2016:03:08:21 -0800] "GET /lib/reccapi.php?resort=keystone HTTP/1.1" 200 1006 "-" "node-superagent/1.4.0"
170.75.162.130 - - [08/Feb/2016:03:15:52 -0800] "GET /lib/reccapi.php?resort=jaypeak HTTP/1.1" 200 1051 "-" "node-superagent/1.4.0"
170.75.162.130 - - [08/Feb/2016:03:15:52 -0800] "GET /lib/reccapi.php?resort=madriverglen HTTP/1.1" 200 1045 "-" "node-superagent/1.4.0"
170.75.162.130 - - [08/Feb/2016:03:15:52 -0800] "GET /lib/reccapi.php?resort=killington HTTP/1.1" 200 1084 "-" "node-superagent/1.4.0"
170.75.162.130 - - [08/Feb/2016:03:15:52 -0800] "GET /lib/reccapi.php?resort=smugglersnotch HTTP/1.1" 200 1032 "-" "node-superagent/1.4.0"
170.75.162.130 - - [08/Feb/2016:03:15:53 -0800] "GET /lib/reccapi.php?resort=stowe HTTP/1.1" 200 1062 "-" "node-superagent/1.4.0"
170.75.162.130 - - [08/Feb/2016:03:15:53 -0800] "GET /lib/reccapi.php?resort=sugarbush HTTP/1.1" 200 1040 "-" "node-superagent/1.4.0"
185.25.151.159 - - [08/Feb/2016:03:16:50 -0800] "GET http://testp3.pospr.waw.pl/testproxy.php HTTP/1.1" 404 449 "-" "Mozilla/5.0 (Windows NT 5.1; rv:32.0) Gecko/20100101 Firefox/31.0"
170.75.162.130 - - [08/Feb/2016:03:19:23 -0800] "GET /lib/reccapi.php?resort=jacksonhole HTTP/1.1" 200 1032 "-" "node-superagent/1.4.0"
180.76.15.139 - - [08/Feb/2016:03:34:19 -0800] "GET / HTTP/1.1" 200 6995 "-" "Mozilla/5.0 (compatible; Baiduspider/2.0; +http://www.baidu.com/search/spider.html)"
180.76.15.154 - - [08/Feb/2016:03:35:15 -0800] "GET / HTTP/1.1" 200 6995 "-" "Mozilla/5.0 (compatible; Baiduspider/2.0; +http://www.baidu.com/search/spider.html)"
123.125.71.111 - - [08/Feb/2016:03:39:08 -0800] "GET / HTTP/1.1" 200 2578 "-" "Mozilla/5.0 (Windows NT 5.1; rv:6.0.2) Gecko/20100101 Firefox/6.0.2"
123.125.71.73 - - [08/Feb/2016:03:39:09 -0800] "GET / HTTP/1.1" 200 6995 "-" "Mozilla/5.0 (Windows NT 5.1; rv:6.0.2) Gecko/20100101 Firefox/6.0.2"
144.76.12.75 - - [08/Feb/2016:03:39:45 -0800] "GET /robots.txt HTTP/1.0" 200 338 "-" "Mozilla/5.0 (compatible; MJ12bot/v1.4.5; http://www.majestic12.co.uk/bot.php?+)"
144.76.12.75 - - [08/Feb/2016:03:39:47 -0800] "GET /resorts?resort=grandtarghee HTTP/1.0" 404 495 "-" "Mozilla/5.0 (compatible; MJ12bot/v1.4.5; http://www.majestic12.co.uk/bot.php?+)"
207.46.13.86 - - [08/Feb/2016:03:43:24 -0800] "GET /resorts?resort=taos HTTP/1.1" 404 506 "-" "Mozilla/5.0 (compatible; bingbot/2.0; +http://www.bing.com/bingbot.htm)"
52.33.40.213 - - [08/Feb/2016:03:51:04 -0800] "GET /lib/reccapi.php?resort=brianhead HTTP/1.1" 200 969 "-" "node-superagent/1.4.0"
52.33.40.213 - - [08/Feb/2016:03:51:14 -0800] "GET /lib/reccapi.php?resort=angelfire HTTP/1.1" 200 992 "-" "node-superagent/1.4.0"
52.33.40.213 - - [08/Feb/2016:03:51:54 -0800] "GET /lib/reccapi.php?resort=crystalmountain HTTP/1.1" 200 971 "-" "node-superagent/1.4.0"
52.33.40.213 - - [08/Feb/2016:03:52:04 -0800] "GET /lib/reccapi.php?resort=mounthoodmeadows HTTP/1.1" 200 983 "-" "node-superagent/1.4.0"
66.249.79.227 - - [08/Feb/2016:03:52:13 -0800] "GET / HTTP/1.1" 200 2615 "-" "Mozilla/5.0 (compatible; Googlebot/2.1; +http://www.google.com/bot.html)"
52.33.40.213 - - [08/Feb/2016:03:52:14 -0800] "GET /lib/reccapi.php?resort=monarch HTTP/1.1" 200 995 "-" "node-superagent/1.4.0"
52.33.40.213 - - [08/Feb/2016:03:57:14 -0800] "GET /lib/reccapi.php?resort=alyeska HTTP/1.1" 200 1023 "-" "node-superagent/1.4.0"
66.249.79.220 - - [08/Feb/2016:03:57:39 -0800] "GET /lib/reccapi.php?resort=alpenglow&date=2016-01-28 HTTP/1.1" 200 1002 "http://whereshouldiski.com/" "Mozilla/5.0 (compatible; Googlebot/2.1; +http://www.google.com/bot.html)"
66.249.79.227 - - [08/Feb/2016:03:57:40 -0800] "GET /lib/resortDataSearchD3.php?size=7&sortDate=T&resort=alpenglow&dateStart=2016-01-26 HTTP/1.1" 200 881 "http://whereshouldiski.com/" "Mozilla/5.0 (compatible; Googlebot/2.1; +http://www.google.com/bot.html)"
66.249.79.220 - - [08/Feb/2016:03:57:41 -0800] "GET /lib/reccapi.php?fields=t&date=2016-01-28&coords=61.24%2C-149.5&size=7&sort=distance HTTP/1.1" 200 1357 "http://whereshouldiski.com/" "Mozilla/5.0 (compatible; Googlebot/2.1; +http://www.google.com/bot.html)"
170.75.162.130 - - [08/Feb/2016:04:01:38 -0800] "GET /lib/reccapi.php?resort=mountainhigh HTTP/1.1" 200 995 "-" "node-superagent/1.4.0"
170.75.162.130 - - [08/Feb/2016:04:05:39 -0800] "GET /lib/reccapi.php?resort=silverstarmountain HTTP/1.1" 200 932 "-" "node-superagent/1.4.0"
52.33.40.213 - - [08/Feb/2016:04:09:15 -0800] "GET /lib/reccapi.php?resort=49degreesnorth HTTP/1.1" 200 1002 "-" "node-superagent/1.4.0"
170.75.162.130 - - [08/Feb/2016:04:12:30 -0800] "GET /lib/reccapi.php?resort=devilshead HTTP/1.1" 200 1013 "-" "node-superagent/1.4.0"
52.33.40.213 - - [08/Feb/2016:04:28:36 -0800] "GET /lib/reccapi.php?resort=bigsky HTTP/1.1" 200 967 "-" "node-superagent/1.4.0"
52.33.40.213 - - [08/Feb/2016:04:28:46 -0800] "GET /lib/reccapi.php?resort=keystone HTTP/1.1" 200 1006 "-" "node-superagent/1.4.0"
66.249.79.220 - - [08/Feb/2016:04:31:35 -0800] "GET /resorts?resort=alpinemeadows&date=2013-05-06 HTTP/1.1" 404 506 "-" "SAMSUNG-SGH-E250/1.0 Profile/MIDP-2.0 Configuration/CLDC-1.1 UP.Browser/6.2.3.3.c.1.101 (GUI) MMP/2.0 (compatible; Googlebot-Mobile/2.1; +http://www.google.com/bot.html)"
170.75.162.130 - - [08/Feb/2016:04:32:12 -0800] "GET /lib/reccapi.php?resort=crestedbutte HTTP/1.1" 200 993 "-" "node-superagent/1.4.0"
52.33.40.213 - - [08/Feb/2016:04:32:36 -0800] "GET /lib/reccapi.php?resort=arapahoebasin HTTP/1.1" 200 1022 "-" "node-superagent/1.4.0"
180.76.15.22 - - [08/Feb/2016:04:36:40 -0800] "GET / HTTP/1.1" 200 6995 "-" "Mozilla/5.0 (compatible; Baiduspider/2.0; +http://www.baidu.com/search/spider.html)"
180.76.15.154 - - [08/Feb/2016:04:37:43 -0800] "GET / HTTP/1.1" 200 6995 "-" "Mozilla/5.0 (compatible; Baiduspider/2.0; +http://www.baidu.com/search/spider.html)"
52.33.40.213 - - [08/Feb/2016:04:40:16 -0800] "GET /lib/reccapi.php?resort=taos HTTP/1.1" 200 929 "-" "node-superagent/1.4.0"
170.75.162.130 - - [08/Feb/2016:04:43:24 -0800] "GET /lib/reccapi.php?resort=cannonmountain HTTP/1.1" 200 1021 "-" "node-superagent/1.4.0"
170.75.162.130 - - [08/Feb/2016:04:43:24 -0800] "GET /lib/reccapi.php?resort=wildcatmountain HTTP/1.1" 200 1065 "-" "node-superagent/1.4.0"
52.33.40.213 - - [08/Feb/2016:04:44:36 -0800] "GET /lib/reccapi.php?resort=whistlerblackcomb HTTP/1.1" 200 939 "-" "node-superagent/1.4.0"
52.33.40.213 - - [08/Feb/2016:04:46:26 -0800] "GET /lib/reccapi.php?resort=jacksonhole HTTP/1.1" 200 1032 "-" "node-superagent/1.4.0"
52.33.40.213 - - [08/Feb/2016:04:50:57 -0800] "GET /lib/reccapi.php?resort=buttermilk HTTP/1.1" 200 982 "-" "node-superagent/1.4.0"
52.33.40.213 - - [08/Feb/2016:04:51:27 -0800] "GET /lib/reccapi.php?resort=snowmass HTTP/1.1" 200 951 "-" "node-superagent/1.4.0"
66.249.79.220 - - [08/Feb/2016:04:52:23 -0800] "GET /lib/reccapi.php?resort=alyeska&date=2015-12-31 HTTP/1.1" 200 692 "http://whereshouldiski.com/" "Mozilla/5.0 (compatible; Googlebot/2.1; +http://www.google.com/bot.html)"
52.33.40.213 - - [08/Feb/2016:04:59:47 -0800] "GET /lib/reccapi.php?resort=grandtarghee HTTP/1.1" 200 1064 "-" "node-superagent/1.4.0"
170.75.162.130 - - [08/Feb/2016:04:59:56 -0800] "GET /lib/reccapi.php?resort=taos HTTP/1.1" 200 929 "-" "node-superagent/1.4.0"
52.33.40.213 - - [08/Feb/2016:05:00:17 -0800] "GET /lib/reccapi.php?resort=killington HTTP/1.1" 200 1084 "-" "node-superagent/1.4.0"
52.33.40.213 - - [08/Feb/2016:05:01:07 -0800] "GET /lib/reccapi.php?resort=stowe HTTP/1.1" 200 1062 "-" "node-superagent/1.4.0"
66.249.79.234 - - [08/Feb/2016:05:06:10 -0800] "GET /resorts?resort=alpenglow HTTP/1.1" 404 506 "-" "DoCoMo/2.0 N905i(c100;TB;W24H16) (compatible; Googlebot-Mobile/2.1; +http://www.google.com/bot.html)"
220.181.108.88 - - [08/Feb/2016:05:07:51 -0800] "GET / HTTP/1.1" 200 2578 "-" "Mozilla/5.0 (compatible; Baiduspider/2.0; +http://www.baidu.com/search/spider.html)"
75.141.248.177 - - [08/Feb/2016:05:14:56 -0800] "GET /images/wsis-logo-sm.png HTTP/1.1" 200 6108 "http://www.thebackcountry.net/" "Mozilla/5.0 (iPhone; CPU iPhone OS 9_2_1 like Mac OS X) AppleWebKit/601.1.46 (KHTML, like Gecko) Version/9.0 Mobile/13D15 Safari/601.1"
104.131.187.65 - - [08/Feb/2016:05:17:28 -0800] "HEAD /icons/apache_pb.gif HTTP/1.0" 200 255 "-" "Mozilla/5.0 (compatible; NetcraftSurveyAgent/1.0; +info@netcraft.com)"
52.33.40.213 - - [08/Feb/2016:05:18:08 -0800] "GET /lib/reccapi.php?resort=chinapeak HTTP/1.1" 200 1006 "-" "node-superagent/1.4.0"
52.33.40.213 - - [08/Feb/2016:05:18:28 -0800] "GET /lib/reccapi.php?resort=mtrose HTTP/1.1" 200 979 "-" "node-superagent/1.4.0"
52.33.40.213 - - [08/Feb/2016:05:19:28 -0800] "GET /lib/reccapi.php?resort=homewoodmountain HTTP/1.1" 200 987 "-" "node-superagent/1.4.0"
52.33.40.213 - - [08/Feb/2016:05:23:28 -0800] "GET /lib/reccapi.php?resort=cannonmountain HTTP/1.1" 200 1011 "-" "node-superagent/1.4.0"
170.75.162.130 - - [08/Feb/2016:05:23:39 -0800] "GET /lib/reccapi.php?resort=aspenmountain HTTP/1.1" 200 1002 "-" "node-superagent/1.4.0"
170.75.162.130 - - [08/Feb/2016:05:23:39 -0800] "GET /lib/reccapi.php?resort=aspenheights HTTP/1.1" 200 1004 "-" "node-superagent/1.4.0"
170.75.162.130 - - [08/Feb/2016:05:23:39 -0800] "GET /lib/reccapi.php?resort=monarch HTTP/1.1" 200 981 "-" "node-superagent/1.4.0"
170.75.162.130 - - [08/Feb/2016:05:23:39 -0800] "GET /lib/reccapi.php?resort=buttermilk HTTP/1.1" 200 986 "-" "node-superagent/1.4.0"
170.75.162.130 - - [08/Feb/2016:05:23:39 -0800] "GET /lib/reccapi.php?resort=loveland HTTP/1.1" 200 1011 "-" "node-superagent/1.4.0"
170.75.162.130 - - [08/Feb/2016:05:23:39 -0800] "GET /lib/reccapi.php?resort=snowmass HTTP/1.1" 200 949 "-" "node-superagent/1.4.0"
170.75.162.130 - - [08/Feb/2016:05:23:39 -0800] "GET /lib/reccapi.php?resort=winterpark HTTP/1.1" 200 1005 "-" "node-superagent/1.4.0"
170.75.162.130 - - [08/Feb/2016:05:23:39 -0800] "GET /lib/reccapi.php?resort=steamboat HTTP/1.1" 200 972 "-" "node-superagent/1.4.0"
170.75.162.130 - - [08/Feb/2016:05:24:19 -0800] "GET /lib/reccapi.php?resort=heavenly HTTP/1.1" 200 970 "-" "node-superagent/1.4.0"
170.75.162.130 - - [08/Feb/2016:05:24:19 -0800] "GET /lib/reccapi.php?resort=homewoodmountain HTTP/1.1" 200 987 "-" "node-superagent/1.4.0"
170.75.162.130 - - [08/Feb/2016:05:24:19 -0800] "GET /lib/reccapi.php?resort=mtrose HTTP/1.1" 200 979 "-" "node-superagent/1.4.0"
170.75.162.130 - - [08/Feb/2016:05:24:19 -0800] "GET /lib/reccapi.php?resort=northstar-at-tahoe HTTP/1.1" 200 954 "-" "node-superagent/1.4.0"
170.75.162.130 - - [08/Feb/2016:05:24:39 -0800] "GET /lib/reccapi.php?resort=sugarbowl HTTP/1.1" 200 945 "-" "node-superagent/1.4.0"
170.75.162.130 - - [08/Feb/2016:05:24:39 -0800] "GET /lib/reccapi.php?resort=squawvalleyusa HTTP/1.1" 200 972 "-" "node-superagent/1.4.0"
180.76.15.28 - - [08/Feb/2016:05:31:54 -0800] "GET / HTTP/1.1" 200 6995 "-" "Mozilla/5.0 (compatible; Baiduspider/2.0; +http://www.baidu.com/search/spider.html)"
180.76.15.156 - - [08/Feb/2016:05:32:45 -0800] "GET / HTTP/1.1" 200 6995 "-" "Mozilla/5.0 (compatible; Baiduspider/2.0; +http://www.baidu.com/search/spider.html)"
69.64.218.4 - - [08/Feb/2016:05:38:24 -0800] "GET /images/wsis-logo-sm.png HTTP/1.1" 200 6108 "http://www.thebackcountry.net/" "Mozilla/5.0 (Windows NT 6.1) AppleWebKit/537.36 (KHTML, like Gecko) Chrome/48.0.2564.103 Safari/537.36"
75.111.104.162 - - [08/Feb/2016:05:57:55 -0800] "GET /images/wsis-logo-sm.png HTTP/1.1" 200 6108 "http://www.thebackcountry.net/" "Mozilla/5.0 (iPhone; CPU iPhone OS 9_2_1 like Mac OS X) AppleWebKit/601.1.46 (KHTML, like Gecko) Version/9.0 Mobile/13D15 Safari/601.1"
52.33.40.213 - - [08/Feb/2016:06:03:40 -0800] "GET /lib/reccapi.php?resort=kirkwood HTTP/1.1" 200 982 "-" "node-superagent/1.4.0"
52.33.40.213 - - [08/Feb/2016:06:03:40 -0800] "GET /lib/reccapi.php?resort=heavenly HTTP/1.1" 200 970 "-" "node-superagent/1.4.0"
170.75.162.130 - - [08/Feb/2016:06:04:33 -0800] "GET /lib/reccapi.php?resort=mountbachelor HTTP/1.1" 200 969 "-" "node-superagent/1.4.0"
170.75.162.130 - - [08/Feb/2016:06:04:33 -0800] "GET /lib/reccapi.php?resort=hoodoo HTTP/1.1" 200 964 "-" "node-superagent/1.4.0"
66.249.79.220 - - [08/Feb/2016:06:07:30 -0800] "GET /resorts?resort=sugarbush&date=2014-02-14 HTTP/1.1" 404 506 "-" "SAMSUNG-SGH-E250/1.0 Profile/MIDP-2.0 Configuration/CLDC-1.1 UP.Browser/6.2.3.3.c.1.101 (GUI) MMP/2.0 (compatible; Googlebot-Mobile/2.1; +http://www.google.com/bot.html)"
170.75.162.130 - - [08/Feb/2016:06:26:15 -0800] "GET /lib/reccapi.php?resort=diamondpeak HTTP/1.1" 200 929 "-" "node-superagent/1.4.0"
180.76.15.13 - - [08/Feb/2016:06:30:57 -0800] "GET / HTTP/1.1" 200 6995 "-" "Mozilla/5.0 (compatible; Baiduspider/2.0; +http://www.baidu.com/search/spider.html)"
180.76.15.151 - - [08/Feb/2016:06:31:47 -0800] "GET / HTTP/1.1" 200 6995 "-" "Mozilla/5.0 (compatible; Baiduspider/2.0; +http://www.baidu.com/search/spider.html)"
170.75.162.130 - - [08/Feb/2016:06:32:46 -0800] "GET /lib/reccapi.php?resort=crystalmountain HTTP/1.1" 200 974 "-" "node-superagent/1.4.0"
52.33.40.213 - - [08/Feb/2016:06:41:51 -0800] "GET /lib/reccapi.php?resort=northstar-at-tahoe HTTP/1.1" 200 954 "-" "node-superagent/1.4.0"
52.33.40.213 - - [08/Feb/2016:06:42:21 -0800] "GET /lib/reccapi.php?resort=telluride HTTP/1.1" 200 993 "-" "node-superagent/1.4.0"
104.131.64.198 - - [08/Feb/2016:06:47:05 -0800] "GET / HTTP/1.1" 200 2559 "-" "Mozilla/5.0 (Macintosh; Intel Mac OS X 10_11_4) AppleWebKit/601.5.10 (KHTML, like Gecko) Version/9.1 Safari/601.5.10 (compatible; Twirl SpiderBot/1.2 Instance #1;)"
216.171.220.167 - - [08/Feb/2016:06:54:27 -0800] "GET /images/wsis-logo-sm.png HTTP/1.1" 200 6108 "http://www.thebackcountry.net/" "Mozilla/5.0 (Macintosh; Intel Mac OS X 10_10_5) AppleWebKit/601.4.4 (KHTML, like Gecko) Version/9.0.3 Safari/601.4.4"
52.33.40.213 - - [08/Feb/2016:06:57:02 -0800] "GET /lib/reccapi.php?resort=brighton HTTP/1.1" 200 946 "-" "node-superagent/1.4.0"
52.33.40.213 - - [08/Feb/2016:06:59:02 -0800] "GET /lib/reccapi.php?resort=steamboat HTTP/1.1" 200 972 "-" "node-superagent/1.4.0"
170.75.162.130 - - [08/Feb/2016:07:14:29 -0800] "GET /lib/reccapi.php?resort=sugarloaf HTTP/1.1" 200 1016 "-" "node-superagent/1.4.0"
170.75.162.130 - - [08/Feb/2016:07:14:59 -0800] "GET /lib/reccapi.php?resort=alpinemeadows HTTP/1.1" 200 975 "-" "node-superagent/1.4.0"
180.76.15.14 - - [08/Feb/2016:07:33:39 -0800] "GET / HTTP/1.1" 200 6995 "-" "Mozilla/5.0 (compatible; Baiduspider/2.0; +http://www.baidu.com/search/spider.html)"
180.76.15.27 - - [08/Feb/2016:07:34:36 -0800] "GET / HTTP/1.1" 200 6995 "-" "Mozilla/5.0 (compatible; Baiduspider/2.0; +http://www.baidu.com/search/spider.html)"
67.188.36.183 - - [08/Feb/2016:07:37:04 -0800] "GET /images/wsis-logo-sm.png HTTP/1.1" 200 6108 "http://www.thebackcountry.net/" "Mozilla/5.0 (iPhone; CPU iPhone OS 9_2_1 like Mac OS X) AppleWebKit/601.1.46 (KHTML, like Gecko) Mobile/13D15"
170.75.162.130 - - [08/Feb/2016:07:37:50 -0800] "GET /lib/reccapi.php?resort=keystone HTTP/1.1" 200 1009 "-" "node-superagent/1.4.0"
24.143.115.216 - - [08/Feb/2016:07:40:44 -0800] "GET /lib/reccapi.php?fields=t&coords=47.592779199999995,-122.30563529999999 HTTP/1.1" 200 2043 "http://whereshouldiski.com/" "Mozilla/5.0 (Macintosh; Intel Mac OS X 10_10_5) AppleWebKit/537.36 (KHTML, like Gecko) Chrome/48.0.2564.103 Safari/537.36"
24.143.115.216 - - [08/Feb/2016:07:40:45 -0800] "GET /lib/reccapi.php?fields=t&coords=47.592779199999995,-122.30563529999999&distance=100 HTTP/1.1" 200 1388 "http://whereshouldiski.com/" "Mozilla/5.0 (Macintosh; Intel Mac OS X 10_10_5) AppleWebKit/537.36 (KHTML, like Gecko) Chrome/48.0.2564.103 Safari/537.36"
24.143.115.216 - - [08/Feb/2016:07:41:03 -0800] "-" 408 0 "-" "-"
24.143.115.216 - - [08/Feb/2016:07:41:03 -0800] "-" 408 0 "-" "-"
24.143.115.216 - - [08/Feb/2016:07:41:03 -0800] "-" 408 0 "-" "-"
24.143.115.216 - - [08/Feb/2016:07:41:03 -0800] "-" 408 0 "-" "-"
24.143.115.216 - - [08/Feb/2016:07:41:03 -0800] "-" 408 0 "-" "-"
127.0.0.1 - - [08/Feb/2016:07:41:06 -0800] "OPTIONS * HTTP/1.0" 200 126 "-" "Apache/2.2.22 (Ubuntu) (internal dummy connection)"
24.143.115.216 - - [08/Feb/2016:07:41:31 -0800] "GET /lib/reccapi.php?resort=snoqualmie-alpental&date=2016-02-13 HTTP/1.1" 200 1004 "http://whereshouldiski.com/" "Mozilla/5.0 (Macintosh; Intel Mac OS X 10_10_5) AppleWebKit/537.36 (KHTML, like Gecko) Chrome/48.0.2564.103 Safari/537.36"
24.143.115.216 - - [08/Feb/2016:07:41:31 -0800] "GET /lib/reccapi.php?fields=t&coords=47.592779199999995,-122.30563529999999&date=2016-02-13&coords=47.44%2C-121.45&size=7&sort=distance HTTP/1.1" 200 1343 "http://whereshouldiski.com/" "Mozilla/5.0 (Macintosh; Intel Mac OS X 10_10_5) AppleWebKit/537.36 (KHTML, like Gecko) Chrome/48.0.2564.103 Safari/537.36"
24.143.115.216 - - [08/Feb/2016:07:41:31 -0800] "GET /lib/resortDataSearchD3.php?size=7&sortDate=T&resort=snoqualmie-alpental&dateStart=2016-02-11 HTTP/1.1" 200 519 "http://whereshouldiski.com/" "Mozilla/5.0 (Macintosh; Intel Mac OS X 10_10_5) AppleWebKit/537.36 (KHTML, like Gecko) Chrome/48.0.2564.103 Safari/537.36"
24.143.115.216 - - [08/Feb/2016:07:41:52 -0800] "-" 408 0 "-" "-"
66.249.79.220 - - [08/Feb/2016:07:42:41 -0800] "GET /resorts?resort=grandtarghee&date=2014-01-18 HTTP/1.1" 404 506 "-" "SAMSUNG-SGH-E250/1.0 Profile/MIDP-2.0 Configuration/CLDC-1.1 UP.Browser/6.2.3.3.c.1.101 (GUI) MMP/2.0 (compatible; Googlebot-Mobile/2.1; +http://www.google.com/bot.html)"
66.249.79.15 - - [08/Feb/2016:07:42:50 -0800] "GET /robots.txt HTTP/1.1" 200 419 "-" "Mozilla/5.0 (compatible; Googlebot/2.1; +http://www.google.com/bot.html)"
66.249.79.21 - - [08/Feb/2016:07:42:50 -0800] "GET / HTTP/1.1" 200 2615 "-" "Mozilla/5.0 (iPhone; CPU iPhone OS 8_3 like Mac OS X) AppleWebKit/600.1.4 (KHTML, like Gecko) Version/8.0 Mobile/12F70 Safari/600.1.4 (compatible; Googlebot/2.1; +http://www.google.com/bot.html)"
52.33.40.213 - - [08/Feb/2016:07:56:04 -0800] "GET /lib/reccapi.php?resort=alpinemeadows HTTP/1.1" 200 975 "-" "node-superagent/1.4.0"
170.75.162.130 - - [08/Feb/2016:07:57:42 -0800] "GET /lib/reccapi.php?resort=alta HTTP/1.1" 200 942 "-" "node-superagent/1.4.0"
170.75.162.130 - - [08/Feb/2016:07:57:42 -0800] "GET /lib/reccapi.php?resort=brianhead HTTP/1.1" 200 965 "-" "node-superagent/1.4.0"
170.75.162.130 - - [08/Feb/2016:07:57:42 -0800] "GET /lib/reccapi.php?resort=brighton HTTP/1.1" 200 948 "-" "node-superagent/1.4.0"
170.75.162.130 - - [08/Feb/2016:07:57:42 -0800] "GET /lib/reccapi.php?resort=deervalley HTTP/1.1" 200 971 "-" "node-superagent/1.4.0"
170.75.162.130 - - [08/Feb/2016:07:57:42 -0800] "GET /lib/reccapi.php?resort=parkcity HTTP/1.1" 200 995 "-" "node-superagent/1.4.0"
170.75.162.130 - - [08/Feb/2016:07:57:42 -0800] "GET /lib/reccapi.php?resort=snowbasin HTTP/1.1" 200 973 "-" "node-superagent/1.4.0"
170.75.162.130 - - [08/Feb/2016:07:57:42 -0800] "GET /lib/reccapi.php?resort=snowbird HTTP/1.1" 200 966 "-" "node-superagent/1.4.0"
170.75.162.130 - - [08/Feb/2016:07:57:42 -0800] "GET /lib/reccapi.php?resort=solitude HTTP/1.1" 200 994 "-" "node-superagent/1.4.0"
52.33.40.213 - - [08/Feb/2016:07:58:04 -0800] "GET /lib/reccapi.php?resort=squawvalleyusa HTTP/1.1" 200 973 "-" "node-superagent/1.4.0"
66.249.79.227 - - [08/Feb/2016:08:07:36 -0800] "GET /images/viz-screenshot.png HTTP/1.1" 404 517 "-" "Googlebot-Image/1.0"
66.249.79.234 - - [08/Feb/2016:08:08:15 -0800] "GET /images/logo-square-white-sm.png HTTP/1.1" 304 186 "-" "Googlebot-Image/1.0"
66.249.79.220 - - [08/Feb/2016:08:08:28 -0800] "GET /images/wsis-logo-sm.png HTTP/1.1" 304 187 "-" "Googlebot-Image/1.0"
66.249.79.220 - - [08/Feb/2016:08:10:55 -0800] "GET /favicon.ico HTTP/1.1" 304 187 "-" "Googlebot-Image/1.0"
143.104.248.215 - - [08/Feb/2016:08:26:00 -0800] "GET /images/wsis-logo-sm.png HTTP/1.1" 200 6108 "http://thebackcountry.net/" "Mozilla/5.0 (iPhone; CPU iPhone OS 9_2_1 like Mac OS X) AppleWebKit/601.1.46 (KHTML, like Gecko) Version/9.0 Mobile/13D15 Safari/601.1"
180.76.15.26 - - [08/Feb/2016:08:35:17 -0800] "GET / HTTP/1.1" 200 6995 "-" "Mozilla/5.0 (compatible; Baiduspider/2.0; +http://www.baidu.com/search/spider.html)"
180.76.15.140 - - [08/Feb/2016:08:36:17 -0800] "GET / HTTP/1.1" 200 6995 "-" "Mozilla/5.0 (compatible; Baiduspider/2.0; +http://www.baidu.com/search/spider.html)"
170.75.162.130 - - [08/Feb/2016:08:40:35 -0800] "GET /lib/reccapi.php?resort=kirkwood HTTP/1.1" 200 983 "-" "node-superagent/1.4.0"
170.75.162.130 - - [08/Feb/2016:08:40:36 -0800] "GET /lib/reccapi.php?resort=sierra-at-tahoe HTTP/1.1" 200 965 "-" "node-superagent/1.4.0"
75.61.69.51 - - [08/Feb/2016:08:49:35 -0800] "GET / HTTP/1.1" 200 2615 "http://www.earnyourturns.com/category/tr/n-a-tr/usa-tr/calif-tr/" "Mozilla/5.0 (Windows NT 6.1; WOW64; rv:44.0) Gecko/20100101 Firefox/44.0"
75.61.69.51 - - [08/Feb/2016:08:49:36 -0800] "GET /styles/ee08faa9.main.css HTTP/1.1" 200 19446 "http://whereshouldiski.com/" "Mozilla/5.0 (Windows NT 6.1; WOW64; rv:44.0) Gecko/20100101 Firefox/44.0"
75.61.69.51 - - [08/Feb/2016:08:49:36 -0800] "GET /scripts/scripts/vendor/modernizr.js HTTP/1.1" 200 4903 "http://whereshouldiski.com/" "Mozilla/5.0 (Windows NT 6.1; WOW64; rv:44.0) Gecko/20100101 Firefox/44.0"
75.61.69.51 - - [08/Feb/2016:08:49:36 -0800] "GET /bower_components/requirejs/require.js HTTP/1.1" 200 6702 "http://whereshouldiski.com/" "Mozilla/5.0 (Windows NT 6.1; WOW64; rv:44.0) Gecko/20100101 Firefox/44.0"
75.61.69.51 - - [08/Feb/2016:08:49:36 -0800] "GET /images/logo-square-white-sm.png HTTP/1.1" 200 1683 "http://whereshouldiski.com/" "Mozilla/5.0 (Windows NT 6.1; WOW64; rv:44.0) Gecko/20100101 Firefox/44.0"
75.61.69.51 - - [08/Feb/2016:08:49:36 -0800] "GET /images/loading.gif HTTP/1.1" 200 13881 "http://whereshouldiski.com/" "Mozilla/5.0 (Windows NT 6.1; WOW64; rv:44.0) Gecko/20100101 Firefox/44.0"
75.61.69.51 - - [08/Feb/2016:08:49:36 -0800] "GET /scripts/fa48e319.main.js HTTP/1.1" 200 123455 "http://whereshouldiski.com/" "Mozilla/5.0 (Windows NT 6.1; WOW64; rv:44.0) Gecko/20100101 Firefox/44.0"
75.61.69.51 - - [08/Feb/2016:08:49:37 -0800] "GET /images/greyHeader.png HTTP/1.1" 200 508 "http://whereshouldiski.com/styles/ee08faa9.main.css" "Mozilla/5.0 (Windows NT 6.1; WOW64; rv:44.0) Gecko/20100101 Firefox/44.0"
75.61.69.51 - - [08/Feb/2016:08:49:37 -0800] "GET /lib/reccapi.php?fields=t HTTP/1.1" 200 1844 "http://whereshouldiski.com/" "Mozilla/5.0 (Windows NT 6.1; WOW64; rv:44.0) Gecko/20100101 Firefox/44.0"
75.61.69.51 - - [08/Feb/2016:08:49:37 -0800] "GET /favicon.ico HTTP/1.1" 200 4612 "-" "Mozilla/5.0 (Windows NT 6.1; WOW64; rv:44.0) Gecko/20100101 Firefox/44.0"
75.61.69.51 - - [08/Feb/2016:08:49:37 -0800] "GET /images/snowflake5.png HTTP/1.1" 200 2857 "http://whereshouldiski.com/styles/ee08faa9.main.css" "Mozilla/5.0 (Windows NT 6.1; WOW64; rv:44.0) Gecko/20100101 Firefox/44.0"
75.61.69.51 - - [08/Feb/2016:08:49:37 -0800] "GET /images/star5.png HTTP/1.1" 200 1783 "http://whereshouldiski.com/styles/ee08faa9.main.css" "Mozilla/5.0 (Windows NT 6.1; WOW64; rv:44.0) Gecko/20100101 Firefox/44.0"
75.61.69.51 - - [08/Feb/2016:08:49:37 -0800] "GET /images/bluebird5.png HTTP/1.1" 200 2177 "http://whereshouldiski.com/styles/ee08faa9.main.css" "Mozilla/5.0 (Windows NT 6.1; WOW64; rv:44.0) Gecko/20100101 Firefox/44.0"
75.61.69.51 - - [08/Feb/2016:08:49:37 -0800] "GET /images/mtns-icon.png HTTP/1.1" 200 1097 "http://whereshouldiski.com/styles/ee08faa9.main.css" "Mozilla/5.0 (Windows NT 6.1; WOW64; rv:44.0) Gecko/20100101 Firefox/44.0"
75.61.69.51 - - [08/Feb/2016:08:49:37 -0800] "GET /images/shading-icon.png HTTP/1.1" 200 537 "http://whereshouldiski.com/styles/ee08faa9.main.css" "Mozilla/5.0 (Windows NT 6.1; WOW64; rv:44.0) Gecko/20100101 Firefox/44.0"
75.61.69.51 - - [08/Feb/2016:08:49:52 -0800] "GET /lib/reccapi.php?fields=t&state=CA HTTP/1.1" 200 1202 "http://whereshouldiski.com/" "Mozilla/5.0 (Windows NT 6.1; WOW64; rv:44.0) Gecko/20100101 Firefox/44.0"
75.61.69.51 - - [08/Feb/2016:08:49:52 -0800] "GET /images/greenHeader.png HTTP/1.1" 200 508 "http://whereshouldiski.com/styles/ee08faa9.main.css" "Mozilla/5.0 (Windows NT 6.1; WOW64; rv:44.0) Gecko/20100101 Firefox/44.0"
107.21.1.8 - - [08/Feb/2016:08:51:40 -0800] "GET / HTTP/1.1" 200 2615 "http://www.whereshouldiski.com/" "Mozilla/5.0 (compatible; DuckDuckGo-Favicons-Bot/1.0; +http://duckduckgo.com)"
107.21.1.8 - - [08/Feb/2016:08:51:40 -0800] "GET /favicon.ico HTTP/1.1" 200 4612 "http://www.whereshouldiski.com/favicon.ico" "Mozilla/5.0 (compatible; DuckDuckGo-Favicons-Bot/1.0; +http://duckduckgo.com)"
77.66.60.75 - - [08/Feb/2016:08:52:14 -0800] "GET /robots.txt HTTP/1.0" 200 382 "-" "Mozilla/5.0 (compatible; Findxbot/1.0; +http://www.findxbot.com)"
77.66.60.75 - - [08/Feb/2016:08:52:14 -0800] "GET /about HTTP/1.0" 404 469 "-" "Mozilla/5.0 (compatible; Findxbot/1.0; +http://www.findxbot.com)"
170.75.162.130 - - [08/Feb/2016:08:57:16 -0800] "GET /lib/reccapi.php?resort=alyeska HTTP/1.1" 200 1034 "-" "node-superagent/1.4.0"
170.75.162.130 - - [08/Feb/2016:08:57:36 -0800] "GET /lib/reccapi.php?resort=49degreesnorth HTTP/1.1" 200 983 "-" "node-superagent/1.4.0"
170.75.162.130 - - [08/Feb/2016:08:57:46 -0800] "GET /lib/reccapi.php?resort=bigsky HTTP/1.1" 200 973 "-" "node-superagent/1.4.0"
170.75.162.130 - - [08/Feb/2016:08:57:47 -0800] "GET /lib/reccapi.php?resort=bigwhite HTTP/1.1" 200 923 "-" "node-superagent/1.4.0"
170.75.162.130 - - [08/Feb/2016:08:58:17 -0800] "GET /lib/reccapi.php?resort=redmountain HTTP/1.1" 200 909 "-" "node-superagent/1.4.0"
170.75.162.130 - - [08/Feb/2016:08:58:17 -0800] "GET /lib/reccapi.php?resort=schweitzer HTTP/1.1" 200 958 "-" "node-superagent/1.4.0"
170.75.162.130 - - [08/Feb/2016:08:58:17 -0800] "GET /lib/reccapi.php?resort=whistlerblackcomb HTTP/1.1" 200 938 "-" "node-superagent/1.4.0"
170.75.162.130 - - [08/Feb/2016:08:58:47 -0800] "GET /lib/reccapi.php?resort=sundayriver HTTP/1.1" 200 1072 "-" "node-superagent/1.4.0"
170.75.162.130 - - [08/Feb/2016:08:59:07 -0800] "GET /lib/reccapi.php?resort=sunvalley HTTP/1.1" 200 962 "-" "node-superagent/1.4.0"
170.75.162.130 - - [08/Feb/2016:09:00:07 -0800] "GET /lib/reccapi.php?resort=sunpeaksresort HTTP/1.1" 200 924 "-" "node-superagent/1.4.0"
206.29.176.52 - - [08/Feb/2016:09:00:49 -0800] "GET / HTTP/1.1" 304 210 "-" "Mozilla/5.0 (Macintosh; Intel Mac OS X 10_10_5) AppleWebKit/600.8.9 (KHTML, like Gecko) WebClip/10601.4.2 Safari/10601.4.4"
206.29.176.52 - - [08/Feb/2016:09:00:49 -0800] "GET /styles/ee08faa9.main.css HTTP/1.1" 304 210 "http://whereshouldiski.com/" "Mozilla/5.0 (Macintosh; Intel Mac OS X 10_10_5) AppleWebKit/600.8.9 (KHTML, like Gecko) WebClip/10601.4.2 Safari/10601.4.4"
206.29.176.52 - - [08/Feb/2016:09:00:49 -0800] "GET /bower_components/requirejs/require.js HTTP/1.1" 304 210 "http://whereshouldiski.com/" "Mozilla/5.0 (Macintosh; Intel Mac OS X 10_10_5) AppleWebKit/600.8.9 (KHTML, like Gecko) WebClip/10601.4.2 Safari/10601.4.4"
206.29.176.52 - - [08/Feb/2016:09:00:49 -0800] "GET /scripts/scripts/vendor/modernizr.js HTTP/1.1" 304 210 "http://whereshouldiski.com/" "Mozilla/5.0 (Macintosh; Intel Mac OS X 10_10_5) AppleWebKit/600.8.9 (KHTML, like Gecko) WebClip/10601.4.2 Safari/10601.4.4"
206.29.176.52 - - [08/Feb/2016:09:00:49 -0800] "GET /images/loading.gif HTTP/1.1" 304 186 "http://whereshouldiski.com/" "Mozilla/5.0 (Macintosh; Intel Mac OS X 10_10_5) AppleWebKit/600.8.9 (KHTML, like Gecko) WebClip/10601.4.2 Safari/10601.4.4"
206.29.176.52 - - [08/Feb/2016:09:00:49 -0800] "GET /images/logo-square-white-sm.png HTTP/1.1" 304 185 "http://whereshouldiski.com/" "Mozilla/5.0 (Macintosh; Intel Mac OS X 10_10_5) AppleWebKit/600.8.9 (KHTML, like Gecko) WebClip/10601.4.2 Safari/10601.4.4"
206.29.176.52 - - [08/Feb/2016:09:00:50 -0800] "GET /scripts/fa48e319.main.js HTTP/1.1" 304 210 "http://whereshouldiski.com/" "Mozilla/5.0 (Macintosh; Intel Mac OS X 10_10_5) AppleWebKit/600.8.9 (KHTML, like Gecko) WebClip/10601.4.2 Safari/10601.4.4"
206.29.176.52 - - [08/Feb/2016:09:00:50 -0800] "GET /lib/reccapi.php?fields=t&powder=3&distance=100 HTTP/1.1" 200 349 "http://whereshouldiski.com/" "Mozilla/5.0 (Macintosh; Intel Mac OS X 10_10_5) AppleWebKit/600.8.9 (KHTML, like Gecko) WebClip/10601.4.2 Safari/10601.4.4"
66.249.84.241 - - [08/Feb/2016:09:01:01 -0800] "GET / HTTP/1.1" 200 2615 "-" "Mozilla/5.0 (Linux; Android 5.1.1; SM-G900W8 Build/LMY48Y) AppleWebKit/537.36 (KHTML, like Gecko) Chrome/47.0.2526.83 Mobile Safari/537.36"
66.249.84.244 - - [08/Feb/2016:09:01:01 -0800] "GET /styles/ee08faa9.main.css HTTP/1.1" 200 19447 "http://whereshouldiski.com/" "Mozilla/5.0 (Linux; Android 5.1.1; SM-G900W8 Build/LMY48Y) AppleWebKit/537.36 (KHTML, like Gecko) Chrome/47.0.2526.83 Mobile Safari/537.36"
66.249.84.241 - - [08/Feb/2016:09:01:01 -0800] "GET /bower_components/requirejs/require.js HTTP/1.1" 200 6701 "http://whereshouldiski.com/" "Mozilla/5.0 (Linux; Android 5.1.1; SM-G900W8 Build/LMY48Y) AppleWebKit/537.36 (KHTML, like Gecko) Chrome/47.0.2526.83 Mobile Safari/537.36"
66.249.84.247 - - [08/Feb/2016:09:01:02 -0800] "GET /images/logo-square-white-sm.png HTTP/1.1" 200 1684 "http://whereshouldiski.com/" "Mozilla/5.0 (Linux; Android 5.1.1; SM-G900W8 Build/LMY48Y) AppleWebKit/537.36 (KHTML, like Gecko) Chrome/47.0.2526.83 Mobile Safari/537.36"
66.249.84.241 - - [08/Feb/2016:09:01:02 -0800] "GET /scripts/scripts/vendor/modernizr.js HTTP/1.1" 200 4902 "http://whereshouldiski.com/" "Mozilla/5.0 (Linux; Android 5.1.1; SM-G900W8 Build/LMY48Y) AppleWebKit/537.36 (KHTML, like Gecko) Chrome/47.0.2526.83 Mobile Safari/537.36"
66.249.84.247 - - [08/Feb/2016:09:01:02 -0800] "GET /images/loading.gif HTTP/1.1" 200 13881 "http://whereshouldiski.com/" "Mozilla/5.0 (Linux; Android 5.1.1; SM-G900W8 Build/LMY48Y) AppleWebKit/537.36 (KHTML, like Gecko) Chrome/47.0.2526.83 Mobile Safari/537.36"
66.249.84.247 - - [08/Feb/2016:09:01:02 -0800] "GET /scripts/fa48e319.main.js HTTP/1.1" 200 123455 "http://whereshouldiski.com/" "Mozilla/5.0 (Linux; Android 5.1.1; SM-G900W8 Build/LMY48Y) AppleWebKit/537.36 (KHTML, like Gecko) Chrome/47.0.2526.83 Mobile Safari/537.36"
66.249.84.247 - - [08/Feb/2016:09:01:05 -0800] "GET /lib/reccapi.php?fields=t HTTP/1.1" 200 1844 "http://whereshouldiski.com/" "Mozilla/5.0 (Linux; Android 5.1.1; SM-G900W8 Build/LMY48Y) AppleWebKit/537.36 (KHTML, like Gecko) Chrome/47.0.2526.83 Mobile Safari/537.36"
66.249.84.244 - - [08/Feb/2016:09:01:05 -0800] "GET /images/button.png HTTP/1.1" 200 598 "http://whereshouldiski.com/styles/ee08faa9.main.css" "Mozilla/5.0 (Linux; Android 5.1.1; SM-G900W8 Build/LMY48Y) AppleWebKit/537.36 (KHTML, like Gecko) Chrome/47.0.2526.83 Mobile Safari/537.36"
66.249.84.244 - - [08/Feb/2016:09:01:05 -0800] "GET /images/greyHeader.png HTTP/1.1" 200 508 "http://whereshouldiski.com/styles/ee08faa9.main.css" "Mozilla/5.0 (Linux; Android 5.1.1; SM-G900W8 Build/LMY48Y) AppleWebKit/537.36 (KHTML, like Gecko) Chrome/47.0.2526.83 Mobile Safari/537.36"
66.249.84.241 - - [08/Feb/2016:09:01:06 -0800] "GET /images/star5.png HTTP/1.1" 200 1783 "http://whereshouldiski.com/styles/ee08faa9.main.css" "Mozilla/5.0 (Linux; Android 5.1.1; SM-G900W8 Build/LMY48Y) AppleWebKit/537.36 (KHTML, like Gecko) Chrome/47.0.2526.83 Mobile Safari/537.36"
66.249.84.244 - - [08/Feb/2016:09:01:06 -0800] "GET /images/mtns-icon.png HTTP/1.1" 200 1096 "http://whereshouldiski.com/styles/ee08faa9.main.css" "Mozilla/5.0 (Linux; Android 5.1.1; SM-G900W8 Build/LMY48Y) AppleWebKit/537.36 (KHTML, like Gecko) Chrome/47.0.2526.83 Mobile Safari/537.36"
66.249.84.247 - - [08/Feb/2016:09:01:06 -0800] "GET /images/bluebird5.png HTTP/1.1" 200 2177 "http://whereshouldiski.com/styles/ee08faa9.main.css" "Mozilla/5.0 (Linux; Android 5.1.1; SM-G900W8 Build/LMY48Y) AppleWebKit/537.36 (KHTML, like Gecko) Chrome/47.0.2526.83 Mobile Safari/537.36"
66.249.84.241 - - [08/Feb/2016:09:01:06 -0800] "GET /images/shading-icon.png HTTP/1.1" 200 537 "http://whereshouldiski.com/styles/ee08faa9.main.css" "Mozilla/5.0 (Linux; Android 5.1.1; SM-G900W8 Build/LMY48Y) AppleWebKit/537.36 (KHTML, like Gecko) Chrome/47.0.2526.83 Mobile Safari/537.36"
66.249.84.244 - - [08/Feb/2016:09:01:06 -0800] "GET /images/snowflake5.png HTTP/1.1" 200 2857 "http://whereshouldiski.com/styles/ee08faa9.main.css" "Mozilla/5.0 (Linux; Android 5.1.1; SM-G900W8 Build/LMY48Y) AppleWebKit/537.36 (KHTML, like Gecko) Chrome/47.0.2526.83 Mobile Safari/537.36"
66.249.84.241 - - [08/Feb/2016:09:01:09 -0800] "GET /favicon.ico HTTP/1.1" 200 4612 "http://whereshouldiski.com/" "Mozilla/5.0 (Linux; Android 5.1.1; SM-G900W8 Build/LMY48Y) AppleWebKit/537.36 (KHTML, like Gecko) Chrome/47.0.2526.83 Mobile Safari/537.36"
66.249.84.247 - - [08/Feb/2016:09:01:29 -0800] "GET /lib/reccapi.php?fields=t HTTP/1.1" 200 1845 "http://whereshouldiski.com/" "Mozilla/5.0 (Linux; Android 5.1.1; SM-G900W8 Build/LMY48Y) AppleWebKit/537.36 (KHTML, like Gecko) Chrome/47.0.2526.83 Mobile Safari/537.36"
97.123.111.130 - - [08/Feb/2016:09:02:12 -0800] "GET /images/wsis-logo-sm.png HTTP/1.1" 200 6108 "http://www.thebackcountry.net/" "Mozilla/5.0 (Windows NT 10.0; WOW64; rv:43.0) Gecko/20100101 Firefox/43.0"
52.33.40.213 - - [08/Feb/2016:09:08:57 -0800] "GET /lib/reccapi.php?resort=madriverglen HTTP/1.1" 200 1036 "-" "node-superagent/1.4.0"
52.33.40.213 - - [08/Feb/2016:09:09:57 -0800] "GET /lib/reccapi.php?resort=grandtarghee HTTP/1.1" 200 1000 "-" "node-superagent/1.4.0"
52.33.40.213 - - [08/Feb/2016:09:09:57 -0800] "GET /lib/reccapi.php?resort=alta HTTP/1.1" 200 943 "-" "node-superagent/1.4.0"
52.33.40.213 - - [08/Feb/2016:09:09:57 -0800] "GET /lib/reccapi.php?resort=jacksonhole HTTP/1.1" 200 992 "-" "node-superagent/1.4.0"
52.33.40.213 - - [08/Feb/2016:09:09:57 -0800] "GET /lib/reccapi.php?resort=killington HTTP/1.1" 200 1044 "-" "node-superagent/1.4.0"
52.33.40.213 - - [08/Feb/2016:09:09:57 -0800] "GET /lib/reccapi.php?resort=snowbird HTTP/1.1" 200 947 "-" "node-superagent/1.4.0"
52.33.40.213 - - [08/Feb/2016:09:09:57 -0800] "GET /lib/reccapi.php?resort=stowe HTTP/1.1" 200 1010 "-" "node-superagent/1.4.0"
52.33.40.213 - - [08/Feb/2016:09:09:57 -0800] "GET /lib/reccapi.php?resort=sunvalley HTTP/1.1" 200 963 "-" "node-superagent/1.4.0"
52.33.40.213 - - [08/Feb/2016:09:09:57 -0800] "GET /lib/reccapi.php?resort=taos HTTP/1.1" 200 930 "-" "node-superagent/1.4.0"
52.33.40.213 - - [08/Feb/2016:09:09:57 -0800] "GET /lib/reccapi.php?resort=whistlerblackcomb HTTP/1.1" 200 938 "-" "node-superagent/1.4.0"
77.66.60.75 - - [08/Feb/2016:09:13:47 -0800] "GET / HTTP/1.0" 200 2578 "-" "Mozilla/5.0 (compatible; Findxbot/1.0; +http://www.findxbot.com)"
77.66.60.75 - - [08/Feb/2016:09:13:47 -0800] "GET /resorts?resort=homewoodmountain HTTP/1.0" 404 469 "-" "Mozilla/5.0 (compatible; Findxbot/1.0; +http://www.findxbot.com)"
77.66.60.75 - - [08/Feb/2016:09:15:24 -0800] "GET /resorts?resort=snowbird HTTP/1.0" 404 469 "-" "Mozilla/5.0 (compatible; Findxbot/1.0; +http://www.findxbot.com)"
66.249.66.151 - - [08/Feb/2016:09:18:19 -0800] "GET /resorts?resort=bigwhite&date=2014-01-14 HTTP/1.1" 404 506 "-" "SAMSUNG-SGH-E250/1.0 Profile/MIDP-2.0 Configuration/CLDC-1.1 UP.Browser/6.2.3.3.c.1.101 (GUI) MMP/2.0 (compatible; Googlebot-Mobile/2.1; +http://www.google.com/bot.html)"
24.176.244.87 - - [08/Feb/2016:09:18:35 -0800] "GET /images/wsis-logo-sm.png HTTP/1.1" 200 6108 "http://www.thebackcountry.net/" "Mozilla/5.0 (Windows NT 10.0; WOW64) AppleWebKit/537.36 (KHTML, like Gecko) Chrome/48.0.2564.103 Safari/537.36"
66.249.66.155 - - [08/Feb/2016:09:22:27 -0800] "GET /lib/reccapi.php?resort=chinapeak&date=2016-02-06 HTTP/1.1" 200 1014 "http://whereshouldiski.com/" "Mozilla/5.0 (compatible; Googlebot/2.1; +http://www.google.com/bot.html)"
66.249.66.159 - - [08/Feb/2016:09:22:28 -0800] "GET /lib/resortDataSearchD3.php?size=7&sortDate=T&resort=chinapeak&dateStart=2016-02-04 HTTP/1.1" 200 842 "http://whereshouldiski.com/" "Mozilla/5.0 (compatible; Googlebot/2.1; +http://www.google.com/bot.html)"
66.249.66.155 - - [08/Feb/2016:09:22:29 -0800] "GET /lib/reccapi.php?fields=t&date=2016-02-06&coords=37.22%2C-119.19&size=7&sort=distance HTTP/1.1" 200 1330 "http://whereshouldiski.com/" "Mozilla/5.0 (compatible; Googlebot/2.1; +http://www.google.com/bot.html)"
170.75.162.130 - - [08/Feb/2016:09:25:19 -0800] "GET /lib/reccapi.php?resort=northstar-at-tahoe HTTP/1.1" 200 951 "-" "node-superagent/1.4.0"
209.33.83.88 - - [08/Feb/2016:09:29:28 -0800] "GET /images/wsis-logo-sm.png HTTP/1.1" 200 6108 "http://www.thebackcountry.net/" "Mozilla/5.0 (Windows NT 6.1; WOW64) AppleWebKit/537.36 (KHTML, like Gecko) Chrome/48.0.2564.103 Safari/537.36"
180.76.15.148 - - [08/Feb/2016:09:32:41 -0800] "GET / HTTP/1.1" 200 6995 "-" "Mozilla/5.0 (compatible; Baiduspider/2.0; +http://www.baidu.com/search/spider.html)"
180.76.15.154 - - [08/Feb/2016:09:33:32 -0800] "GET / HTTP/1.1" 200 6995 "-" "Mozilla/5.0 (compatible; Baiduspider/2.0; +http://www.baidu.com/search/spider.html)"
52.33.40.213 - - [08/Feb/2016:09:36:08 -0800] "GET /lib/reccapi.php?resort=aspenmountain HTTP/1.1" 200 974 "-" "node-superagent/1.4.0"
52.33.40.213 - - [08/Feb/2016:09:36:08 -0800] "GET /lib/reccapi.php?resort=aspenheights HTTP/1.1" 200 1006 "-" "node-superagent/1.4.0"
52.33.40.213 - - [08/Feb/2016:09:36:08 -0800] "GET /lib/reccapi.php?resort=mammothmountain HTTP/1.1" 200 986 "-" "node-superagent/1.4.0"
128.119.202.184 - - [08/Feb/2016:09:40:40 -0800] "GET /images/wsis-logo-sm.png HTTP/1.1" 200 6108 "http://www.thebackcountry.net/" "Mozilla/5.0 (Macintosh; Intel Mac OS X 10_10_5) AppleWebKit/537.36 (KHTML, like Gecko) Chrome/48.0.2564.97 Safari/537.36"
24.240.175.30 - - [08/Feb/2016:09:43:10 -0800] "GET /images/wsis-logo-sm.png HTTP/1.1" 200 6108 "http://www.thebackcountry.net/" "Mozilla/5.0 (Windows NT 6.3; WOW64) AppleWebKit/537.36 (KHTML, like Gecko) Chrome/48.0.2564.97 Safari/537.36"
64.233.172.225 - - [08/Feb/2016:09:46:12 -0800] "GET /images/wsis-logo-sm.png HTTP/1.1" 200 6108 "http://thebackcountry.net/" "Mozilla/5.0 (X11; Linux x86_64) AppleWebKit/537.36 (KHTML, like Gecko; Google Web Preview) Chrome/27.0.1453 Safari/537.36"
24.182.57.140 - - [08/Feb/2016:09:48:15 -0800] "GET /images/wsis-logo-sm.png HTTP/1.1" 200 6108 "http://www.thebackcountry.net/" "Mozilla/5.0 (Windows NT 6.1; WOW64; rv:44.0) Gecko/20100101 Firefox/44.0"
66.249.84.247 - - [08/Feb/2016:09:50:26 -0800] "GET / HTTP/1.1" 200 2615 "-" "Mozilla/5.0 (Windows NT 6.1; rv:6.0) Gecko/20110814 Firefox/6.0 Google Favicon"
64.233.172.225 - - [08/Feb/2016:09:50:26 -0800] "GET / HTTP/1.1" 200 2615 "http://www.google.com/search" "Mozilla/5.0 (X11; Linux x86_64) AppleWebKit/537.36 (KHTML, like Gecko; Google Web Preview) Chrome/27.0.1453 Safari/537.36"
66.249.84.244 - - [08/Feb/2016:09:50:26 -0800] "GET /favicon.ico HTTP/1.1" 200 4613 "-" "Mozilla/5.0 (Windows NT 6.1; rv:6.0) Gecko/20110814 Firefox/6.0 Google Favicon"
64.233.172.225 - - [08/Feb/2016:09:50:26 -0800] "GET /bower_components/requirejs/require.js HTTP/1.1" 200 6701 "http://whereshouldiski.com/" "Mozilla/5.0 (X11; Linux x86_64) AppleWebKit/537.36 (KHTML, like Gecko; Google Web Preview) Chrome/27.0.1453 Safari/537.36"
64.233.172.217 - - [08/Feb/2016:09:50:27 -0800] "GET /scripts/scripts/vendor/modernizr.js HTTP/1.1" 200 4903 "http://whereshouldiski.com/" "Mozilla/5.0 (X11; Linux x86_64) AppleWebKit/537.36 (KHTML, like Gecko; Google Web Preview) Chrome/27.0.1453 Safari/537.36"
64.233.172.217 - - [08/Feb/2016:09:50:27 -0800] "GET /styles/ee08faa9.main.css HTTP/1.1" 200 19447 "http://whereshouldiski.com/" "Mozilla/5.0 (X11; Linux x86_64) AppleWebKit/537.36 (KHTML, like Gecko; Google Web Preview) Chrome/27.0.1453 Safari/537.36"
64.233.172.217 - - [08/Feb/2016:09:50:27 -0800] "GET /images/loading.gif HTTP/1.1" 200 13881 "http://whereshouldiski.com/" "Mozilla/5.0 (X11; Linux x86_64) AppleWebKit/537.36 (KHTML, like Gecko; Google Web Preview) Chrome/27.0.1453 Safari/537.36"
64.233.172.225 - - [08/Feb/2016:09:50:27 -0800] "GET /scripts/fa48e319.main.js HTTP/1.1" 200 123455 "http://whereshouldiski.com/" "Mozilla/5.0 (X11; Linux x86_64) AppleWebKit/537.36 (KHTML, like Gecko; Google Web Preview) Chrome/27.0.1453 Safari/537.36"
64.233.172.225 - - [08/Feb/2016:09:50:27 -0800] "GET /images/logo-square-white-sm.png HTTP/1.1" 200 1684 "http://whereshouldiski.com/" "Mozilla/5.0 (X11; Linux x86_64) AppleWebKit/537.36 (KHTML, like Gecko; Google Web Preview) Chrome/27.0.1453 Safari/537.36"
64.233.172.217 - - [08/Feb/2016:09:50:27 -0800] "GET /images/button.png HTTP/1.1" 200 598 "http://whereshouldiski.com/" "Mozilla/5.0 (X11; Linux x86_64) AppleWebKit/537.36 (KHTML, like Gecko; Google Web Preview) Chrome/27.0.1453 Safari/537.36"
64.233.172.217 - - [08/Feb/2016:09:50:27 -0800] "GET /lib/reccapi.php?fields=t HTTP/1.1" 200 1844 "http://whereshouldiski.com/" "Mozilla/5.0 (X11; Linux x86_64) AppleWebKit/537.36 (KHTML, like Gecko; Google Web Preview) Chrome/27.0.1453 Safari/537.36"
64.233.172.217 - - [08/Feb/2016:09:50:27 -0800] "GET /images/greyHeader.png HTTP/1.1" 200 509 "http://whereshouldiski.com/" "Mozilla/5.0 (X11; Linux x86_64) AppleWebKit/537.36 (KHTML, like Gecko; Google Web Preview) Chrome/27.0.1453 Safari/537.36"
64.233.172.217 - - [08/Feb/2016:09:50:27 -0800] "GET /images/snowflake5.png HTTP/1.1" 200 2857 "http://whereshouldiski.com/" "Mozilla/5.0 (X11; Linux x86_64) AppleWebKit/537.36 (KHTML, like Gecko; Google Web Preview) Chrome/27.0.1453 Safari/537.36"
64.233.172.225 - - [08/Feb/2016:09:50:27 -0800] "GET /images/bluebird5.png HTTP/1.1" 200 2177 "http://whereshouldiski.com/" "Mozilla/5.0 (X11; Linux x86_64) AppleWebKit/537.36 (KHTML, like Gecko; Google Web Preview) Chrome/27.0.1453 Safari/537.36"
64.233.172.217 - - [08/Feb/2016:09:50:27 -0800] "GET /images/star5.png HTTP/1.1" 200 1783 "http://whereshouldiski.com/" "Mozilla/5.0 (X11; Linux x86_64) AppleWebKit/537.36 (KHTML, like Gecko; Google Web Preview) Chrome/27.0.1453 Safari/537.36"
64.233.172.225 - - [08/Feb/2016:09:50:27 -0800] "GET /images/mtns-icon.png HTTP/1.1" 200 1096 "http://whereshouldiski.com/" "Mozilla/5.0 (X11; Linux x86_64) AppleWebKit/537.36 (KHTML, like Gecko; Google Web Preview) Chrome/27.0.1453 Safari/537.36"
64.233.172.225 - - [08/Feb/2016:09:50:27 -0800] "GET /images/shading-icon.png HTTP/1.1" 200 537 "http://whereshouldiski.com/" "Mozilla/5.0 (X11; Linux x86_64) AppleWebKit/537.36 (KHTML, like Gecko; Google Web Preview) Chrome/27.0.1453 Safari/537.36"
127.0.0.1 - - [08/Feb/2016:09:50:32 -0800] "OPTIONS * HTTP/1.0" 200 126 "-" "Apache/2.2.22 (Ubuntu) (internal dummy connection)"
127.0.0.1 - - [08/Feb/2016:09:50:33 -0800] "OPTIONS * HTTP/1.0" 200 126 "-" "Apache/2.2.22 (Ubuntu) (internal dummy connection)"
127.0.0.1 - - [08/Feb/2016:09:50:34 -0800] "OPTIONS * HTTP/1.0" 200 126 "-" "Apache/2.2.22 (Ubuntu) (internal dummy connection)"
127.0.0.1 - - [08/Feb/2016:09:50:35 -0800] "OPTIONS * HTTP/1.0" 200 126 "-" "Apache/2.2.22 (Ubuntu) (internal dummy connection)"
134.197.0.21 - - [08/Feb/2016:10:13:38 -0800] "GET /images/wsis-logo-sm.png HTTP/1.1" 200 6108 "http://www.thebackcountry.net/" "Mozilla/5.0 (Macintosh; Intel Mac OS X 10_9_5) AppleWebKit/601.3.9 (KHTML, like Gecko) Version/9.0.2 Safari/537.86.3"
180.76.15.153 - - [08/Feb/2016:10:32:13 -0800] "GET / HTTP/1.1" 304 173 "-" "Mozilla/5.0 (compatible; Baiduspider/2.0; +http://www.baidu.com/search/spider.html)"
180.76.15.138 - - [08/Feb/2016:10:33:37 -0800] "GET / HTTP/1.1" 200 6995 "-" "Mozilla/5.0 (compatible; Baiduspider/2.0; +http://www.baidu.com/search/spider.html)"
180.76.15.13 - - [08/Feb/2016:10:34:32 -0800] "GET / HTTP/1.1" 200 6995 "-" "Mozilla/5.0 (compatible; Baiduspider/2.0; +http://www.baidu.com/search/spider.html)"
64.201.246.198 - - [08/Feb/2016:10:45:50 -0800] "GET /images/wsis-logo-sm.png HTTP/1.1" 200 6108 "http://www.thebackcountry.net/" "Mozilla/5.0 (Windows NT 6.1; WOW64; rv:38.0) Gecko/20100101 Firefox/38.0"
75.111.103.100 - - [08/Feb/2016:10:51:50 -0800] "GET /images/wsis-logo-sm.png HTTP/1.1" 200 6108 "http://www.thebackcountry.net/" "Mozilla/5.0 (Windows NT 6.1; Trident/7.0; rv:11.0) like Gecko"
75.111.103.100 - - [08/Feb/2016:10:52:11 -0800] "-" 408 0 "-" "-"
66.249.66.151 - - [08/Feb/2016:10:53:53 -0800] "GET /resorts?resort=whitewater HTTP/1.1" 404 506 "-" "SAMSUNG-SGH-E250/1.0 Profile/MIDP-2.0 Configuration/CLDC-1.1 UP.Browser/6.2.3.3.c.1.101 (GUI) MMP/2.0 (compatible; Googlebot-Mobile/2.1; +http://www.google.com/bot.html)"
96.30.6.132 - - [08/Feb/2016:10:54:26 -0800] "GET / HTTP/1.1" 200 6995 "-" "Mozilla/5.0 (X11; Linux x86_64) AppleWebKit/537.36 (KHTML, like Gecko) Ubuntu Chromium/43.0.2357.81 Chrome/43.0.2357.81 Safari/537.36"
52.33.40.213 - - [08/Feb/2016:10:57:02 -0800] "GET /lib/reccapi.php?resort=winterpark HTTP/1.1" 200 1007 "-" "node-superagent/1.4.0"
23.20.205.190 - - [08/Feb/2016:10:58:34 -0800] "HEAD / HTTP/1.1" 200 291 "-" "Cloud mapping experiment. Contact research@pdrlabs.net"
170.75.162.130 - - [08/Feb/2016:11:01:06 -0800] "GET /lib/reccapi.php?resort=angelfire HTTP/1.1" 200 969 "-" "node-superagent/1.4.0"
170.75.162.130 - - [08/Feb/2016:11:01:06 -0800] "GET /lib/reccapi.php?resort=stevenspass HTTP/1.1" 200 963 "-" "node-superagent/1.4.0"
170.75.162.130 - - [08/Feb/2016:11:01:07 -0800] "GET /lib/reccapi.php?resort=grandtarghee HTTP/1.1" 200 1000 "-" "node-superagent/1.4.0"
170.75.162.130 - - [08/Feb/2016:11:07:37 -0800] "GET /lib/reccapi.php?resort=whitefacemountain HTTP/1.1" 200 1032 "-" "node-superagent/1.4.0"
170.75.162.130 - - [08/Feb/2016:11:08:27 -0800] "GET /lib/reccapi.php?resort=killington HTTP/1.1" 200 1044 "-" "node-superagent/1.4.0"
66.249.66.155 - - [08/Feb/2016:11:15:45 -0800] "GET /lib/reccapi.php?fields=t HTTP/1.1" 200 1845 "http://whereshouldiski.com/" "Mozilla/5.0 (compatible; Googlebot/2.1; +http://www.google.com/bot.html)"
189.219.76.30 - - [08/Feb/2016:11:19:33 -0800] "GET / HTTP/1.0" 200 6995 "-" "Tcl http client package 1.0"
170.75.162.130 - - [08/Feb/2016:11:23:08 -0800] "GET /lib/reccapi.php?resort=diamondpeak HTTP/1.1" 200 930 "-" "node-superagent/1.4.0"
