66.249.79.14 - - [13/Jul/2015:02:55:18 -0700] "GET /lib/resortDataSearch.php?resort=monarch&dateStart=2014-02-02&dateMax=2014-02-12&size=30 HTTP/1.1" 200 331 "-" "Mozilla/5.0 (compatible; Googlebot/2.1; +http://www.google.com/bot.html)"
157.55.39.214 - - [13/Jul/2015:02:55:50 -0700] "GET / HTTP/1.1" 200 2376 "-" "Mozilla/5.0 (compatible; bingbot/2.0; +http://www.bing.com/bingbot.htm)"
66.249.79.1 - - [13/Jul/2015:02:56:17 -0700] "GET /lib/resortDataSearch.php?resort=buttermilk&dateStart=2014-02-06&dateMax=2014-02-16&size=30 HTTP/1.1" 200 331 "-" "Mozilla/5.0 (compatible; Googlebot/2.1; +http://www.google.com/bot.html)"
66.249.79.14 - - [13/Jul/2015:02:58:15 -0700] "GET /lib/resortDataSearch.php?resort=hyland&dateStart=2013-10-16&dateMax=2013-10-26&size=30 HTTP/1.1" 200 331 "-" "Mozilla/5.0 (compatible; Googlebot/2.1; +http://www.google.com/bot.html)"
66.249.79.53 - - [13/Jul/2015:02:59:14 -0700] "GET /lib/resortDataSearch.php?resort=homewoodmountain&dateStart=2013-05-28&dateMax=2013-06-07&size=30 HTTP/1.1" 200 331 "-" "Mozilla/5.0 (compatible; Googlebot/2.1; +http://www.google.com/bot.html)"
66.249.79.14 - - [13/Jul/2015:03:00:12 -0700] "GET /lib/resortDataSearch.php?resort=moonlightbasin&dateStart=2013-02-09&dateMax=2013-02-19&size=30 HTTP/1.1" 200 331 "-" "Mozilla/5.0 (compatible; Googlebot/2.1; +http://www.google.com/bot.html)"
66.249.79.250 - - [13/Jul/2015:03:01:11 -0700] "GET /lib/resortDataSearch.php?resort=jaypeak&dateStart=2014-02-13&dateMax=2014-02-23&size=30 HTTP/1.1" 200 331 "-" "Mozilla/5.0 (compatible; Googlebot/2.1; +http://www.google.com/bot.html)"
66.249.79.1 - - [13/Jul/2015:03:02:10 -0700] "GET /lib/resortDataSearch.php?resort=mt.baldy&dateStart=2013-01-29&dateMax=2013-02-08&size=30 HTTP/1.1" 200 331 "-" "Mozilla/5.0 (compatible; Googlebot/2.1; +http://www.google.com/bot.html)"
66.249.79.14 - - [13/Jul/2015:03:05:10 -0700] "GET /lib/resortDataSearch.php?resort=aftonalps&dateStart=2013-10-21&dateMax=2013-11-04&size=30 HTTP/1.1" 200 331 "-" "Mozilla/5.0 (compatible; Googlebot/2.1; +http://www.google.com/bot.html)"
123.125.71.56 - - [13/Jul/2015:03:06:01 -0700] "-" 408 0 "-" "-"
66.249.79.250 - - [13/Jul/2015:03:06:05 -0700] "GET /lib/resortDataSearch.php?resort=antelopebutte&dateStart=2014-03-29&dateMax=2014-04-08&size=30 HTTP/1.1" 200 331 "-" "Mozilla/5.0 (compatible; Googlebot/2.1; +http://www.google.com/bot.html)"
66.249.79.66 - - [13/Jul/2015:03:07:04 -0700] "GET /lib/resortDataSearch.php?resort=homewoodmountain&dateStart=2013-10-28&dateMax=2013-11-11&size=30 HTTP/1.1" 200 331 "-" "Mozilla/5.0 (compatible; Googlebot/2.1; +http://www.google.com/bot.html)"
66.249.79.14 - - [13/Jul/2015:03:08:03 -0700] "GET /lib/resortDataSearch.php?resort=squawvalleyusa&dateStart=2014-02-08&dateMax=2014-02-18&size=30 HTTP/1.1" 200 331 "-" "Mozilla/5.0 (compatible; Googlebot/2.1; +http://www.google.com/bot.html)"
66.249.79.1 - - [13/Jul/2015:03:09:02 -0700] "GET /lib/resortDataSearch.php?resort=willamettepass&dateStart=2013-01-27&dateMax=2013-02-10&size=30 HTTP/1.1" 200 331 "-" "Mozilla/5.0 (compatible; Googlebot/2.1; +http://www.google.com/bot.html)"
66.249.79.53 - - [13/Jul/2015:03:10:01 -0700] "GET /lib/resortDataSearch.php?resort=whitefishmountain&dateStart=2013-06-11&dateMax=2013-06-21&size=30 HTTP/1.1" 200 331 "-" "Mozilla/5.0 (compatible; Googlebot/2.1; +http://www.google.com/bot.html)"
66.249.79.40 - - [13/Jul/2015:03:10:59 -0700] "GET /lib/resortDataSearch.php?resort=hyland&dateStart=2013-10-28&dateMax=2013-11-11&size=30 HTTP/1.1" 200 331 "-" "Mozilla/5.0 (compatible; Googlebot/2.1; +http://www.google.com/bot.html)"
66.249.79.1 - - [13/Jul/2015:03:11:58 -0700] "GET /lib/resortDataSearch.php?resort=mountspokane&dateStart=2012-11-28&dateMax=2012-12-08&size=30 HTTP/1.1" 200 331 "-" "Mozilla/5.0 (compatible; Googlebot/2.1; +http://www.google.com/bot.html)"
66.249.79.1 - - [13/Jul/2015:03:12:57 -0700] "GET /lib/resortDataSearch.php?resort=louploupskibowl&dateStart=2013-02-27&dateMax=2013-03-09&size=30 HTTP/1.1" 200 331 "-" "Mozilla/5.0 (compatible; Googlebot/2.1; +http://www.google.com/bot.html)"
220.181.108.177 - - [13/Jul/2015:03:13:37 -0700] "-" 408 0 "-" "-"
66.249.79.250 - - [13/Jul/2015:03:13:56 -0700] "GET /lib/resortDataSearch.php?resort=bigwhite&dateStart=2013-12-07&dateMax=2013-12-17&size=30 HTTP/1.1" 200 331 "-" "Mozilla/5.0 (compatible; Googlebot/2.1; +http://www.google.com/bot.html)"
66.249.79.1 - - [13/Jul/2015:03:14:55 -0700] "GET /lib/resortDataSearch.php?resort=silvermountain&dateStart=2014-02-18&dateMax=2014-02-28&size=30 HTTP/1.1" 200 331 "-" "Mozilla/5.0 (compatible; Googlebot/2.1; +http://www.google.com/bot.html)"
66.249.79.14 - - [13/Jul/2015:03:15:54 -0700] "GET /lib/resortDataSearch.php?resort=mountspokane&dateStart=2014-02-11&dateMax=2014-02-21&size=30 HTTP/1.1" 200 331 "-" "Mozilla/5.0 (compatible; Googlebot/2.1; +http://www.google.com/bot.html)"
66.249.79.1 - - [13/Jul/2015:03:16:53 -0700] "GET /lib/resortDataSearch.php?resort=buttermilk&dateStart=2012-11-27&dateMax=2012-12-11&size=30 HTTP/1.1" 200 331 "-" "Mozilla/5.0 (compatible; Googlebot/2.1; +http://www.google.com/bot.html)"
66.249.79.14 - - [13/Jul/2015:03:20:27 -0700] "GET /lib/resortDataSearch.php?resort=chinapeak&dateStart=2013-02-12&dateMax=2013-02-22&size=30 HTTP/1.1" 200 331 "-" "Mozilla/5.0 (compatible; Googlebot/2.1; +http://www.google.com/bot.html)"
66.249.79.250 - - [13/Jul/2015:03:25:27 -0700] "GET /lib/resortDataSearch.php?resort=crystalmountain&dateStart=2014-02-04&dateMax=2014-02-14&size=30 HTTP/1.1" 200 331 "-" "Mozilla/5.0 (compatible; Googlebot/2.1; +http://www.google.com/bot.html)"
66.249.79.1 - - [13/Jul/2015:03:25:28 -0700] "GET /lib/resortDataSearch.php?resort=sandiapeak&dateStart=2012-12-28&dateMax=2013-01-07&size=30 HTTP/1.1" 200 331 "-" "Mozilla/5.0 (compatible; Googlebot/2.1; +http://www.google.com/bot.html)"
66.249.79.14 - - [13/Jul/2015:03:30:22 -0700] "GET /lib/resortDataSearch.php?resort=aspenmountain&dateStart=2013-10-01&dateMax=2013-10-11&size=30 HTTP/1.1" 200 331 "-" "Mozilla/5.0 (compatible; Googlebot/2.1; +http://www.google.com/bot.html)"
66.249.79.53 - - [13/Jul/2015:03:30:23 -0700] "GET /lib/resortDataSearch.php?resort=49degreesnorth&dateStart=2013-11-02&dateMax=2013-11-12&size=30 HTTP/1.1" 200 331 "-" "Mozilla/5.0 (compatible; Googlebot/2.1; +http://www.google.com/bot.html)"
170.75.162.130 - - [13/Jul/2015:03:31:04 -0700] "GET /lib/reccapi.php?resort=alta HTTP/1.1" 200 655 "-" "node-superagent/0.18.2"
170.75.162.130 - - [13/Jul/2015:03:31:04 -0700] "GET /lib/reccapi.php?resort=49degreesnorth HTTP/1.1" 200 689 "-" "node-superagent/0.18.2"
170.75.162.130 - - [13/Jul/2015:03:31:04 -0700] "GET /lib/reccapi.php?resort=alpinemeadows HTTP/1.1" 200 678 "-" "node-superagent/0.18.2"
170.75.162.130 - - [13/Jul/2015:03:31:04 -0700] "GET /lib/reccapi.php?resort=alyeska HTTP/1.1" 20066.249.79.1 - - [14/Jul/2015:06:53:42 -0700] "GET /lib/resortDataSearch.php?resort=monarch&dateStart=2013-03-11&dateMax=2013-03-21&size=30 HTTP/1.1" 200 331 "-" "Mozilla/5.0 (compatible; Googlebot/2.1; +http://www.google.com/bot.html)"
200.1.117.20 - - [14/Jul/2015:06:54:31 -0700] "GET /images/wsis-logo-sm.png HTTP/1.1" 200 6108 "http://www.thebackcountry.net/" "Mozilla/5.0 (Windows NT 6.1) AppleWebKit/537.36 (KHTML, like Gecko) Chrome/43.0.2357.132 Safari/537.36"
66.249.79.14 - - [14/Jul/2015:06:55:33 -0700] "GET /lib/resortDataSearch.php?resort=alpenglow&dateStart=2013-05-25&dateMax=2013-06-04&size=30 HTTP/1.1" 200 331 "-" "Mozilla/5.0 (compatible; Googlebot/2.1; +http://www.google.com/bot.html)"
66.249.79.250 - - [14/Jul/2015:06:57:24 -0700] "GET /lib/resortDataSearch.php?resort=soldiermountain&dateStart=2014-01-30&dateMax=2014-02-09&size=30 HTTP/1.1" 200 331 "-" "Mozilla/5.0 (compatible; Googlebot/2.1; +http://www.google.com/bot.html)"
66.249.79.14 - - [14/Jul/2015:06:59:14 -0700] "GET /lib/resortDataSearch.php?resort=hoodoo&dateStart=2012-12-27&dateMax=2013-01-06&size=30 HTTP/1.1" 200 331 "-" "Mozilla/5.0 (compatible; Googlebot/2.1; +http://www.google.com/bot.html)"
66.249.79.250 - - [14/Jul/2015:07:01:05 -0700] "GET /lib/resortDataSearch.php?resort=sunrisepark&dateStart=2014-01-18&dateMax=2014-01-28&size=30 HTTP/1.1" 200 331 "-" "Mozilla/5.0 (compatible; Googlebot/2.1; +http://www.google.com/bot.html)"
66.249.79.1 - - [14/Jul/2015:07:02:56 -0700] "GET /lib/resortDataSearch.php?resort=taos&dateStart=2014-06-04&dateMax=2014-06-14&size=30 HTTP/1.1" 200 331 "-" "Mozilla/5.0 (compatible; Googlebot/2.1; +http://www.google.com/bot.html)"
123.125.71.91 - - [14/Jul/2015:07:03:20 -0700] "-" 408 0 "-" "-"
66.249.79.14 - - [14/Jul/2015:07:04:47 -0700] "GET /lib/resortDataSearch.php?resort=mounthoodmeadows&dateStart=2014-05-09&dateMax=2014-05-19&size=30 HTTP/1.1" 200 331 "-" "Mozilla/5.0 (compatible; Googlebot/2.1; +http://www.google.com/bot.html)"
99.102.142.175 - - [14/Jul/2015:07:05:14 -0700] "GET /images/wsis-logo-sm.png HTTP/1.1" 200 6108 "http://www.thebackcountry.net/" "Mozilla/5.0 (Windows NT 6.3; WOW64) AppleWebKit/537.36 (KHTML, like Gecko) Chrome/43.0.2357.124 Safari/537.36"
66.249.79.14 - - [14/Jul/2015:07:06:38 -0700] "GET /lib/resortDataSearch.php?resort=whitewater&dateStart=2013-09-22&dateMax=2013-10-02&size=30 HTTP/1.1" 200 331 "-" "Mozilla/5.0 (compatible; Googlebot/2.1; +http://www.google.com/bot.html)"
66.249.79.250 - - [14/Jul/2015:07:08:28 -0700] "GET /lib/resortDataSearch.php?resort=pebblecreek&dateStart=2013-04-26&dateMax=2013-05-06&size=30 HTTP/1.1" 200 331 "-" "Mozilla/5.0 (compatible; Googlebot/2.1; +http://www.google.com/bot.html)"
195.154.181.168 - - [14/Jul/2015:07:09:46 -0700] "GET /wp-login.php HTTP/1.0" 404 532 "-" "Mozilla/4.0 (compatible; Synapse)"
195.154.181.168 - - [14/Jul/2015:07:09:47 -0700] "GET /administrator/index.php HTTP/1.0" 404 532 "-" "Mozilla/4.0 (compatible; Synapse)"
195.154.181.168 - - [14/Jul/2015:07:09:47 -0700] "GET / HTTP/1.0" 200 6151 "-" "Mozilla/4.0 (compatible; Synapse)"
66.249.79.14 - - [14/Jul/2015:07:10:19 -0700] "GET /lib/resortDataSearch.php?resort=marquette&dateStart=2014-05-08&dateMax=2014-05-18&size=30 HTTP/1.1" 200 331 "-" "Mozilla/5.0 (compatible; Googlebot/2.1; +http://www.google.com/bot.html)"
66.249.79.40 - - [14/Jul/2015:07:12:10 -0700] "GET /lib/resortDataSearch.php?resort=taos&dateStart=2013-12-22&dateMax=2014-01-01&size=30 HTTP/1.1" 200 331 "-" "Mozilla/5.0 (compatible; Googlebot/2.1; +http://www.google.com/bot.html)"
66.249.79.250 - - [14/Jul/2015:07:14:01 -0700] "GET /lib/resortDataSearch.php?resort=chinapeak&dateStart=2013-03-04&dateMax=2013-03-14&size=30 HTTP/1.1" 200 331 "-" "Mozilla/5.0 (compatible; Googlebot/2.1; +http://www.google.com/bot.html)"
66.249.79.1 - - [14/Jul/2015:07:15:51 -0700] "GET /lib/resortDataSearch.php?resort=eaglecrestskiarea&dateStart=2013-10-15&dateMax=2013-10-25&size=30 HTTP/1.1" 200 331 "-" "Mozilla/5.0 (compatible; Googlebot/2.1; +http://www.google.com/bot.html)"
66.249.79.40 - - [14/Jul/2015:07:17:42 -0700] "GET /lib/res170.75.162.130 - - [19/Jul/2015:06:41:04 -0700] "GET /lib/reccapi.php?resort=sunpeaksresort HTTP/1.1" 200 675 "-" "node-superagent/0.18.2"
170.75.162.130 - - [19/Jul/2015:06:41:09 -0700] "GET /lib/reccapi.php?resort=mtrose HTTP/1.1" 200 653 "-" "node-superagent/0.18.2"
170.75.162.130 - - [19/Jul/2015:06:41:14 -0700] "GET /lib/reccapi.php?resort=northstar-at-tahoe HTTP/1.1" 200 670 "-" "node-superagent/0.18.2"
170.75.162.130 - - [19/Jul/2015:06:41:19 -0700] "GET /lib/reccapi.php?resort=taos HTTP/1.1" 200 646 "-" "node-superagent/0.18.2"
127.0.0.1 - - [19/Jul/2015:06:41:23 -0700] "OPTIONS * HTTP/1.0" 200 126 "-" "Apache/2.2.22 (Ubuntu) (internal dummy connection)"
127.0.0.1 - - [19/Jul/2015:06:41:23 -0700] "OPTIONS * HTTP/1.0" 200 126 "-" "Apache/2.2.22 (Ubuntu) (internal dummy connection)"
127.0.0.1 - - [19/Jul/2015:06:41:23 -0700] "OPTIONS * HTTP/1.0" 200 126 "-" "Apache/2.2.22 (Ubuntu) (internal dummy connection)"
127.0.0.1 - - [19/Jul/2015:06:41:23 -0700] "OPTIONS * HTTP/1.0" 200 126 "-" "Apache/2.2.22 (Ubuntu) (internal dummy connection)"
127.0.0.1 - - [19/Jul/2015:06:41:23 -0700] "OPTIONS * HTTP/1.0" 200 126 "-" "Apache/2.2.22 (Ubuntu) (internal dummy connection)"
127.0.0.1 - - [19/Jul/2015:06:41:23 -0700] "OPTIONS * HTTP/1.0" 200 126 "-" "Apache/2.2.22 (Ubuntu) (internal dummy connection)"
127.0.0.1 - - [19/Jul/2015:06:41:23 -0700] "OPTIONS * HTTP/1.0" 200 126 "-" "Apache/2.2.22 (Ubuntu) (internal dummy connection)"
127.0.0.1 - - [19/Jul/2015:06:41:23 -0700] "OPTIONS * HTTP/1.0" 200 126 "-" "Apache/2.2.22 (Ubuntu) (internal dummy connection)"
127.0.0.1 - - [19/Jul/2015:06:41:23 -0700] "OPTIONS * HTTP/1.0" 200 126 "-" "Apache/2.2.22 (Ubuntu) (internal dummy connection)"
127.0.0.1 - - [19/Jul/2015:06:41:23 -0700] "OPTIONS * HTTP/1.0" 200 126 "-" "Apache/2.2.22 (Ubuntu) (internal dummy connection)"
