66.249.79.1 - - [16/Aug/2015:13:17:51 -0700] "GET /lib/resortDataSearch.php?resort=sandiapeak&dateStart=2014-01-30&dateMax=2014-02-09&size=30 HTTP/1.1" 200 331 "-" "Mozilla/5.0 (compatible; Googlebot/2.1; +http://www.google.com/bot.html)"
66.249.79.1 - - [16/Aug/2015:13:18:06 -0700] "GET /lib/resortDataSearch.php?resort=cascademountain&dateStart=2014-01-31&dateMax=2014-02-10&size=30 HTTP/1.1" 200 331 "-" "Mozilla/5.0 (compatible; Googlebot/2.1; +http://www.google.com/bot.html)"
66.249.79.14 - - [16/Aug/2015:13:18:21 -0700] "GET /lib/resortDataSearch.php?resort=mounthoodmeadows&dateStart=2014-06-02&dateMax=2014-06-12&size=30 HTTP/1.1" 200 331 "-" "Mozilla/5.0 (compatible; Googlebot/2.1; +http://www.google.com/bot.html)"
66.249.79.14 - - [16/Aug/2015:13:18:35 -0700] "GET /lib/resortDataSearch.php?resort=whitepine&dateStart=2013-04-23&dateMax=2013-05-03&size=30 HTTP/1.1" 200 331 "-" "Mozilla/5.0 (compatible; Googlebot/2.1; +http://www.google.com/bot.html)"
66.249.79.14 - - [16/Aug/2015:13:18:49 -0700] "GET /lib/resortDataSearch.php?resort=elkridge&dateStart=2014-06-05&dateMax=2014-06-15&size=30 HTTP/1.1" 200 331 "-" "Mozilla/5.0 (compatible; Googlebot/2.1; +http://www.google.com/bot.html)"
66.249.79.250 - - [16/Aug/2015:13:20:06 -0700] "GET /lib/resortDataSearch.php?resort=timberline&dateStart=2013-02-24&dateMax=2013-03-06&size=30 HTTP/1.1" 200 331 "-" "Mozilla/5.0 (compatible; Googlebot/2.1; +http://www.google.com/bot.html)"
66.249.79.14 - - [16/Aug/2015:13:20:07 -0700] "GET /lib/resortDataSearch.php?resort=sugarbush&dateStart=2012-12-12&dateMax=2012-12-22&size=30 HTTP/1.1" 200 331 "-" "Mozilla/5.0 (compatible; Googlebot/2.1; +http://www.google.com/bot.html)"
66.249.79.14 - - [16/Aug/2015:13:20:20 -0700] "GET /lib/resortDataSearch.php?resort=devilshead&dateStart=2014-02-01&dateMax=2014-02-11&size=30 HTTP/1.1" 200 331 "-" "Mozilla/5.0 (compatible; Googlebot/2.1; +http://www.google.com/bot.html)"
66.249.79.250 - - [16/Aug/2015:13:20:34 -0700] "GET /lib/resortDataSearch.php?resort=alpinemeadows&dateStart=2014-04-30&dateMax=2014-05-10&size=30 HTTP/1.1" 200 331 "-" "Mozilla/5.0 (compatible; Googlebot/2.1; +http://www.google.com/bot.html)"
66.249.79.1 - - [16/Aug/2015:13:20:47 -0700] "GET /lib/resortDataSearch.php?resort=sandiapeak&dateStart=2014-04-02&dateMax=2014-04-12&size=30 HTTP/1.1" 200 331 "-" "Mozilla/5.0 (compatible; Googlebot/2.1; +http://www.google.com/bot.html)"
66.249.79.14 - - [16/Aug/2015:13:21:01 -0700] "GET /lib/resortDataSearch.php?resort=jacksonhole&dateStart=2014-06-09&dateMax=2014-06-19&size=30 HTTP/1.1" 200 331 "-" "Mozilla/5.0 (compatible; Googlebot/2.1; +http://www.google.com/bot.html)"
66.249.79.1 - - [16/Aug/2015:13:21:14 -0700] "GET /lib/resortDataSearch.php?resort=mountashland&dateStart=2013-05-08&dateMax=2013-05-18&size=30 HTTP/1.1" 200 331 "-" "Mozilla/5.0 (compatible; Googlebot/2.1; +http://www.google.com/bot.html)"
66.249.79.250 - - [16/Aug/2015:13:21:28 -0700] "GET /lib/resortDataSearch.php?resort=lutsen&dateStart=2013-09-30&dateMax=2013-10-10&size=30 HTTP/1.1" 200 331 "-" "Mozilla/5.0 (compatible; Googlebot/2.1; +http://www.google.com/bot.html)"
66.249.79.14 - - [16/Aug/2015:13:21:41 -0700] "GET /lib/resortDataSearch.php?resort=huntermountain&dateStart=2014-03-02&dateMax=2014-03-12&size=30 HTTP/1.1" 200 331 "-" "Mozilla/5.0 (compatible; Googlebot/2.1; +http://www.google.com/bot.html)"
66.249.79.14 - - [16/Aug/2015:13:21:54 -0700] "GET /lib/resortDataSearch.php?resort=buttermilk&dateStart=2013-03-05&dateMax=2013-03-15&size=30 HTTP/1.1" 200 331 "-" "Mozilla/5.0 (compatible; Googlebot/2.1; +http://www.google.com/bot.html)"
66.249.79.14 - - [16/Aug/2015:13:23:07 -0700] "GET /lib/resortDataSearch.php?resort=mountspokane&dateStart=2014-04-04&dateMax=2014-04-14&size=30 HTTP/1.1" 200 331 "-" "Mozilla/5.0 (compatible; Googlebot/2.1; +http://www.google.com/bot.html)"
66.249.79.250 - - [16/Aug/2015:13:23:08 -0700] "GET /lib/resortDataSearch.php?resort=belleayre&dateStart=2014-04-27&dateMax=2014-05-07&size=30 HTTP/1.1" 200 331 "-" "Mozilla/5.0 (compatible; Googlebot/2.1; +http://www.google.com/bot.html)"
66.249.79.250 - - [16/Aug/2015:13:23:19 -0700] "GET /lib/resortDataSearch.php?resort=grandtarghee&dateStart=2013-04-17&dateMax=2013-04-27&size=30 HTTP/1.1" 200 331 "-" "Mozilla/5.0 (compatible; Googlebot/2.1; +http://www.google.com/bot.html)"
66.249.79.14 - - [16/Aug/2015:13:23:32 -0700] "GET /lib/resortDataSearch.php?resort=magicmountain&dateStart=2013-07-01&dateMax=2013-07-11&size=30 HTTP/1.1" 200 331 "-" "Mozilla/5.0 (compatible; Googlebot/2.1; +http://www.google.com/bot.html)"
66.249.79.250 - - [16/Aug/2015:13:23:44 -0700] "GET /lib/resortDataSearch.php?resort=jaypeak&dateStart=2014-05-20&dateMax=2014-05-30&size=30 HTTP/1.1" 200 331 "-" "Mozilla/5.0 (compatible; Googlebot/2.1; +http://www.google.com/bot.html)"
66.249.79.250 - - [16/Aug/2015:13:23:57 -0700] "GET /lib/resortDataSearch.php?resort=sugarbush&dateStart=2014-01-28&dateMax=2014-02-07&size=30 HTTP/1.1" 200 331 "-" "Mozilla/5.0 (compatible; Googlebot/2.1; +http://www.google.com/bot.html)"
66.249.79.1 - - [16/Aug/2015:13:24:08 -0700] "GET /lib/resortDataSearch.php?resort=kirkwood&dateStart=2014-05-30&dateMax=2014-06-09&size=30 HTTP/1.1" 200 331 "-" "Mozilla/5.0 (compatible; Googlebot/2.1; +http://www.google.com/bot.html)"
66.249.79.250 - - [16/Aug/2015:13:24:22 -0700] "GET /lib/resortDataSearch.php?resort=powderhorn&dateStart=2014-01-30&dateMax=2014-02-09&size=30 HTTP/1.1" 200 331 "-" "Mozilla/5.0 (compatible; Googlebot/2.1; +http://www.google.com/bot.html)"
66.249.79.250 - - [16/Aug/2015:13:24:34 -0700] "GET /lib/resortDataSearch.php?resort=powderridge&dateStart=2014-04-03&dateMax=2014-04-13&size=30 HTTP/1.1" 200 331 "-" "Mozilla/5.0 (compatible; Googlebot/2.1; +http://www.google.com/bot.html)"
66.249.79.250 - - [16/Aug/2015:13:24:46 -0700] "GET /lib/resortDataSearch.php?resort=sunpeaksresort&dateStart=2014-05-14&dateMax=2014-05-24&size=30 HTTP/1.1" 200 331 "-" "Mozilla/5.0 (compatible; Googlebot/2.1; +http://www.google.com/bot.html)"
66.249.79.14 - - [16/Aug/2015:13:26:16 -0700] "GET /lib/resortDataSearch.php?resort=solitude&dateStart=2013-11-24&dateMax=2013-12-04&size=30 HTTP/1.1" 200 331 "-" "Mozilla/5.0 (compatible; Googlebot/2.1; +http://www.google.com/bot.html)"
66.249.79.14 - - [16/Aug/2015:13:26:17 -0700] "GET /lib/resortDataSearch.php?resort=brighton&dateStart=2014-04-03&dateMax=2014-04-13&size=30 HTTP/1.1" 200 330 "-" "Mozilla/5.0 (compatible; Googlebot/2.1; +http://www.google.com/bot.html)"
66.249.79.14 - - [16/Aug/2015:13:26:31 -0700] "GET /lib/resortDataSearch.php?resort=sundance&dateStart=2013-03-09&dateMax=2013-03-19&size=30 HTTP/1.1" 200 331 "-" "Mozilla/5.0 (compatible; Googlebot/2.1; +http://www.google.com/bot.html)"
66.249.79.14 - - [16/Aug/2015:13:26:46 -0700] "GET /lib/resortDataSearch.php?resort=cannonmountain&dateStart=2014-03-30&dateMax=2014-04-09&size=30 HTTP/1.1" 200 331 "-" "Mozilla/5.0 (compatible; Googlebot/2.1; +http://www.google.com/bot.html)"
66.249.79.14 - - [16/Aug/2015:13:27:01 -0700] "GET /lib/resortDataSearch.php?resort=snowbasin&dateStart=2014-05-05&dateMax=2014-05-15&size=30 HTTP/1.1" 200 331 "-" "Mozilla/5.0 (compatible; Googlebot/2.1; +http://www.google.com/bot.html)"
66.249.79.250 - - [16/Aug/2015:13:27:16 -0700] "GET /lib/resortDataSearch.php?resort=alyeska&dateStart=2013-10-19&dateMax=2013-10-29&size=30 HTTP/1.1" 200 331 "-" "Mozilla/5.0 (compatible; Googlebot/2.1; +http://www.google.com/bot.html)"
66.249.79.14 - - [16/Aug/2015:13:27:30 -0700] "GET /lib/resortDataSearch.php?resort=losttrailpowdermountain&dateStart=2013-02-23&dateMax=2013-03-05&size=30 HTTP/1.1" 200 331 "-" "Mozilla/5.0 (compatible; Googlebot/2.1; +http://www.google.com/bot.html)"
66.249.79.250 - - [16/Aug/2015:13:27:45 -0700] "GET /lib/resortDataSearch.php?resort=sunvalley&dateStart=2013-11-09&dateMax=2013-11-19&size=30 HTTP/1.1" 200 331 "-" "Mozilla/5.0 (compatible; Googlebot/2.1; +http://www.google.com/bot.html)"
66.249.79.250 - - [16/Aug/2015:13:27:59 -0700] "GET /lib/resortDataSearch.php?resort=mt.baldy&dateStart=2013-11-18&dateMax=2013-11-28&size=30 HTTP/1.1" 200 331 "-" "Mozilla/5.0 (compatible; Googlebot/2.1; +http://www.google.com/bot.html)"
66.249.79.14 - - [16/Aug/2015:13:28:14 -0700] "GET /lib/resortDataSearch.php?resort=peaknpeak&dateStart=2014-01-30&dateMax=2014-02-09&size=30 HTTP/1.1" 200 331 "-" "Mozilla/5.0 (compatible; Googlebot/2.1; +http://www.google.com/bot.html)"
184.100.230.113 - - [16/Aug/2015:13:29:10 -0700] "GET / HTTP/1.1" 200 2376 "-" "Mozilla/5.0 (Macintosh; Intel Mac OS X 10_9_5) AppleWebKit/600.7.12 (KHTML, like Gecko) Version/7.1.7 Safari/537.85.16"
184.100.230.113 - - [16/Aug/2015:13:29:10 -0700] "GET /styles/0fffd548.main.css HTTP/1.1" 200 19316 "http://whereshouldiski.com/" "Mozilla/5.0 (Macintosh; Intel Mac OS X 10_9_5) AppleWebKit/600.7.12 (KHTML, like Gecko) Version/7.1.7 Safari/537.85.16"
184.100.230.113 - - [16/Aug/2015:13:29:10 -0700] "GET /bower_components/requirejs/require.js HTTP/1.1" 200 6702 "http://whereshouldiski.com/" "Mozilla/5.0 (Macintosh; Intel Mac OS X 10_9_5) AppleWebKit/600.7.12 (KHTML, like Gecko) Version/7.1.7 Safari/537.85.16"
184.100.230.113 - - [16/Aug/2015:13:29:10 -0700] "GET /scripts/scripts/vendor/modernizr.js HTTP/1.1" 200 4903 "http://whereshouldiski.com/" "Mozilla/5.0 (Macintosh; Intel Mac OS X 10_9_5) AppleWebKit/600.7.12 (KHTML, like Gecko) Version/7.1.7 Safari/537.85.16"
184.100.230.113 - - [16/Aug/2015:13:29:11 -0700] "GET /images/logo-sm.png HTTP/1.1" 200 16737 "http://whereshouldiski.com/" "Mozilla/5.0 (Macintosh; Intel Mac OS X 10_9_5) AppleWebKit/600.7.12 (KHTML, like Gecko) Version/7.1.7 Safari/537.85.16"
184.100.230.113 - - [16/Aug/2015:13:29:11 -0700] "GET /images/loading.gif HTTP/1.1" 200 13881 "http://whereshouldiski.com/" "Mozilla/5.0 (Macintosh; Intel Mac OS X 10_9_5) AppleWebKit/600.7.12 (KHTML, like Gecko) Version/7.1.7 Safari/537.85.16"
98.238.149.49 - - [16/Aug/2015:13:29:11 -0700] "GET /images/wsis-logo-sm.png HTTP/1.1" 200 6108 "http://www.thebackcountry.net/" "Mozilla/5.0 (iPhone; CPU iPhone OS 8_1_1 like Mac OS X) AppleWebKit/600.1.4 (KHTML, like Gecko) Version/8.0 Mobile/12B436 Safari/600.1.4"
184.100.230.113 - - [16/Aug/2015:13:29:11 -0700] "GET /scripts/fa48e319.main.js HTTP/1.1" 200 123455 "http://whereshouldiski.com/" "Mozilla/5.0 (Macintosh; Intel Mac OS X 10_9_5) AppleWebKit/600.7.12 (KHTML, like Gecko) Version/7.1.7 Safari/537.85.16"
184.100.230.113 - - [16/Aug/2015:13:29:11 -0700] "GET /favicon.ico HTTP/1.1" 200 1475 "http://whereshouldiski.com/" "Mozilla/5.0 (Macintosh; Intel Mac OS X 10_9_5) AppleWebKit/600.7.12 (KHTML, like Gecko) Version/7.1.7 Safari/537.85.16"
184.100.230.113 - - [16/Aug/2015:13:29:12 -0700] "GET /images/button.png HTTP/1.1" 200 598 "http://whereshouldiski.com/" "Mozilla/5.0 (Macintosh; Intel Mac OS X 10_9_5) AppleWebKit/600.7.12 (KHTML, like Gecko) Version/7.1.7 Safari/537.85.16"
184.100.230.113 - - [16/Aug/2015:13:29:12 -0700] "GET /images/greyHeader.png HTTP/1.1" 200 508 "http://whereshouldiski.com/" "Mozilla/5.0 (Macintosh; Intel Mac OS X 10_9_5) AppleWebKit/600.7.12 (KHTML, like Gecko) Version/7.1.7 Safari/537.85.16"
184.100.230.113 - - [16/Aug/2015:13:29:12 -0700] "GET /lib/reccapi.php?fields=t HTTP/1.1" 200 1167 "http://whereshouldiski.com/" "Mozilla/5.0 (Macintosh; Intel Mac OS X 10_9_5) AppleWebKit/600.7.12 (KHTML, like Gecko) Version/7.1.7 Safari/537.85.16"
184.100.230.113 - - [16/Aug/2015:13:29:12 -0700] "GET /images/snowflake5.png HTTP/1.1" 200 2857 "http://whereshouldiski.com/" "Mozilla/5.0 (Macintosh; Intel Mac OS X 10_9_5) AppleWebKit/600.7.12 (KHTML, like Gecko) Version/7.1.7 Safari/537.85.16"
184.100.230.113 - - [16/Aug/2015:13:29:12 -0700] "GET /images/mtns-icon.png HTTP/1.1" 200 1096 "http://whereshouldiski.com/" "Mozilla/5.0 (Macintosh; Intel Mac OS X 10_9_5) AppleWebKit/600.7.12 (KHTML, like Gecko) Version/7.1.7 Safari/537.85.16"
184.100.230.113 - - [16/Aug/2015:13:29:12 -0700] "GET /images/star5.png HTTP/1.1" 200 1783 "http://whereshouldiski.com/" "Mozilla/5.0 (Macintosh; Intel Mac OS X 10_9_5) AppleWebKit/600.7.12 (KHTML, like Gecko) Version/7.1.7 Safari/537.85.16"
184.100.230.113 - - [16/Aug/2015:13:29:12 -0700] "GET /images/shading-icon.png HTTP/1.1" 200 537 "http://whereshouldiski.com/" "Mozilla/5.0 (Macintosh; Intel Mac OS X 10_9_5) AppleWebKit/600.7.12 (KHTML, like Gecko) Version/7.1.7 Safari/537.85.16"
184.100.230.113 - - [16/Aug/2015:13:29:12 -0700] "GET /images/bluebird5.png HTTP/1.1" 200 2178 "http://whereshouldiski.com/" "Mozilla/5.0 (Macintosh; Intel Mac OS X 10_9_5) AppleWebKit/600.7.12 (KHTML, like Gecko) Version/7.1.7 Safari/537.85.16"
127.0.0.1 - - [16/Aug/2015:13:29:20 -0700] "OPTIONS * HTTP/1.0" 200 126 "-" "Apache/2.2.22 (Ubuntu) (internal dummy connection)"
66.249.79.66 - - [16/Aug/2015:13:29:27 -0700] "GET /lib/resortDataSearch.php?resort=showdown&dateStart=2013-10-25&dateMax=2013-11-08&size=30 HTTP/1.1" 200 331 "-" "Mozilla/5.0 (compatible; Googlebot/2.1; +http://www.google.com/bot.html)"
66.249.79.250 - - [16/Aug/2015:13:29:27 -0700] "GET /lib/resortDataSearch.php?resort=dodgeridge&dateStart=2013-01-02&dateMax=2013-01-12&size=30 HTTP/1.1" 200 331 "-" "Mozilla/5.0 (compatible; Googlebot/2.1; +http://www.google.com/bot.html)"
66.249.79.1 - - [16/Aug/2015:13:29:32 -0700] "GET /lib/resortDataSearch.php?resort=mountbaker&dateStart=2013-05-20&dateMax=2013-05-30&size=30 HTTP/1.1" 200 331 "-" "Mozilla/5.0 (compatible; Googlebot/2.1; +http://www.google.com/bot.html)"
66.249.79.14 - - [16/Aug/2015:13:29:45 -0700] "GET /lib/resortDataSearch.php?resort=mountwashingtonalpine&dateStart=2014-04-24&dateMax=2014-05-04&size=30 HTTP/1.1" 200 331 "-" "Mozilla/5.0 (compatible; Googlebot/2.1; +http://www.google.com/bot.html)"
66.249.79.1 - - [16/Aug/2015:13:29:58 -0700] "GET /lib/resortDataSearch.php?resort=hyland&dateStart=2014-01-01&dateMax=2014-01-11&size=30 HTTP/1.1" 200 331 "-" "Mozilla/5.0 (compatible; Googlebot/2.1; +http://www.google.com/bot.html)"
66.249.79.250 - - [16/Aug/2015:13:30:10 -0700] "GET /lib/resortDataSearch.php?resort=missionridge&dateStart=2013-11-20&dateMax=2013-11-30&size=30 HTTP/1.1" 200 331 "-" "Mozilla/5.0 (compatible; Googlebot/2.1; +http://www.google.com/bot.html)"
66.249.79.250 - - [16/Aug/2015:13:30:22 -0700] "GET /lib/resortDataSearch.php?resort=mt.shasta&dateStart=2014-01-19&dateMax=2014-01-29&size=30 HTTP/1.1" 200 331 "-" "Mozilla/5.0 (compatible; Googlebot/2.1; +http://www.google.com/bot.html)"
66.249.79.250 - - [16/Aug/2015:13:30:35 -0700] "GET /lib/resortDataSearch.php?resort=madriverglen&dateStart=2014-05-03&dateMax=2014-05-13&size=30 HTTP/1.1" 200 331 "-" "Mozilla/5.0 (compatible; Googlebot/2.1; +http://www.google.com/bot.html)"
66.249.79.14 - - [16/Aug/2015:13:30:47 -0700] "GET /lib/resortDataSearch.php?resort=marquette&dateStart=2013-03-04&dateMax=2013-03-14&size=30 HTTP/1.1" 200 331 "-" "Mozilla/5.0 (compatible; Googlebot/2.1; +http://www.google.com/bot.html)"
66.249.79.14 - - [16/Aug/2015:13:31:00 -0700] "GET /lib/resortDataSearch.php?resort=purgatory&dateStart=2014-01-26&dateMax=2014-02-05&size=30 HTTP/1.1" 200 331 "-" "Mozilla/5.0 (compatible; Googlebot/2.1; +http://www.google.com/bot.html)"
66.249.79.40 - - [16/Aug/2015:13:31:12 -0700] "GET /lib/resortDataSearch.php?resort=tamarack&dateStart=2013-01-08&dateMax=2013-01-18&size=30 HTTP/1.1" 200 331 "-" "Mozilla/5.0 (compatible; Googlebot/2.1; +http://www.google.com/bot.html)"
66.249.79.1 - - [16/Aug/2015:13:31:25 -0700] "GET /lib/resortDataSearch.php?resort=grandtarghee&dateStart=2014-04-23&dateMax=2014-05-03&size=30 HTTP/1.1" 200 331 "-" "Mozilla/5.0 (compatible; Googlebot/2.1; +http://www.google.com/bot.html)"
93.203.95.219 - - [16/Aug/2015:13:32:32 -0700] "GET /robots.txt HTTP/1.0" 200 375 "-" "Mozilla/5.0 (compatible; MJ12bot/v1.4.5; http://www.majestic12.co.uk/bot.php?+)"
93.203.95.219 - - [16/Aug/2015:13:32:33 -0700] "GET / HTTP/1.1" 200 6095 "-" "Mozilla/5.0 (compatible; MJ12bot/v1.4.5; http://www.majestic12.co.uk/bot.php?+)"
66.249.79.14 - - [16/Aug/2015:13:32:37 -0700] "GET /lib/resortDataSearch.php?resort=peaknpeak&dateStart=2014-03-23&dateMax=2014-04-02&size=30 HTTP/1.1" 200 331 "-" "Mozilla/5.0 (compatible; Googlebot/2.1; +http://www.google.com/bot.html)"
66.249.79.14 - - [16/Aug/2015:13:32:37 -0700] "GET /lib/resortDataSearch.php?resort=greatdivide&dateStart=2013-10-10&dateMax=2013-10-20&size=30 HTTP/1.1" 200 330 "-" "Mozilla/5.0 (compatible; Googlebot/2.1; +http://www.google.com/bot.html)"
66.249.79.1 - - [16/Aug/2015:13:32:53 -0700] "GET /lib/resortDataSearch.php?resort=monarch&dateStart=2014-04-20&dateMax=2014-04-30&size=30 HTTP/1.1" 200 331 "-" "Mozilla/5.0 (compatible; Googlebot/2.1; +http://www.google.com/bot.html)"
66.249.79.250 - - [16/Aug/2015:13:33:09 -0700] "GET /lib/resortDataSearch.php?resort=blacktailmountain&dateStart=2014-04-11&dateMax=2014-04-21&size=30 HTTP/1.1" 200 331 "-" "Mozilla/5.0 (compatible; Googlebot/2.1; +http://www.google.com/bot.html)"
66.249.79.250 - - [16/Aug/2015:13:33:26 -0700] "GET /lib/resortDataSearch.php?resort=bigsky&dateStart=2014-01-24&dateMax=2014-02-03&size=30 HTTP/1.1" 200 331 "-" "Mozilla/5.0 (compatible; Googlebot/2.1; +http://www.google.com/bot.html)"
66.249.79.250 - - [16/Aug/2015:13:33:41 -0700] "GET /lib/resortDataSearch.php?resort=windham&dateStart=2014-05-08&dateMax=2014-05-18&size=30 HTTP/1.1" 200 331 "-" "Mozilla/5.0 (compatible; Googlebot/2.1; +http://www.google.com/bot.html)"
66.249.79.1 - - [16/Aug/2015:13:33:58 -0700] "GET /lib/resortDataSearch.php?resort=purgatory&dateStart=2013-04-06&dateMax=2013-04-16&size=30 HTTP/1.1" 200 331 "-" "Mozilla/5.0 (compatible; Googlebot/2.1; +http://www.google.com/bot.html)"
66.249.79.1 - - [16/Aug/2015:13:34:14 -0700] "GET /lib/resortDataSearch.php?resort=parkcity&dateStart=2013-03-16&dateMax=2013-03-26&size=30 HTTP/1.1" 200 331 "-" "Mozilla/5.0 (compatible; Googlebot/2.1; +http://www.google.com/bot.html)"
66.249.79.250 - - [16/Aug/2015:13:35:47 -0700] "GET /lib/resortDataSearch.php?resort=chinapeak&dateStart=2012-12-20&dateMax=2012-12-30&size=30 HTTP/1.1" 200 331 "-" "Mozilla/5.0 (compatible; Googlebot/2.1; +http://www.google.com/bot.html)"
66.249.79.14 - - [16/Aug/2015:13:35:52 -0700] "GET /lib/resortDataSearch.php?resort=bigsky&dateStart=2014-03-11&dateMax=2014-03-21&size=30 HTTP/1.1" 200 331 "-" "Mozilla/5.0 (compatible; Googlebot/2.1; +http://www.google.com/bot.html)"
66.249.79.1 - - [16/Aug/2015:13:36:14 -0700] "GET /lib/resortDataSearch.php?resort=alta&dateStart=2013-11-25&dateMax=2013-12-05&size=30 HTTP/1.1" 200 331 "-" "Mozilla/5.0 (compatible; Googlebot/2.1; +http://www.google.com/bot.html)"
66.249.79.250 - - [16/Aug/2015:13:36:41 -0700] "GET /lib/resortDataSearch.php?resort=whitepine&dateStart=2013-11-06&dateMax=2013-11-16&size=30 HTTP/1.1" 200 331 "-" "Mozilla/5.0 (compatible; Googlebot/2.1; +http://www.google.com/bot.html)"
66.249.79.14 - - [16/Aug/2015:13:37:08 -0700] "GET /lib/resortDataSearch.php?resort=coppermountain&dateStart=2014-01-28&dateMax=2014-02-07&size=30 HTTP/1.1" 200 331 "-" "Mozilla/5.0 (compatible; Googlebot/2.1; +http://www.google.com/bot.html)"
66.249.79.250 - - [16/Aug/2015:13:38:46 -0700] "GET /lib/resortDataSearch.php?resort=wildcatmountain&dateStart=2013-12-04&dateMax=2013-12-14&size=30 HTTP/1.1" 200 331 "-" "Mozilla/5.0 (compatible; Googlebot/2.1; +http://www.google.com/bot.html)"
66.249.79.250 - - [16/Aug/2015:13:41:57 -0700] "GET /lib/resortDataSearch.php?resort=dodgeridge&dateStart=2013-02-02&dateMax=2013-02-12&size=30 HTTP/1.1" 200 331 "-" "Mozilla/5.0 (compatible; Googlebot/2.1; +http://www.google.com/bot.html)"
66.249.79.14 - - [16/Aug/2015:13:42:01 -0700] "GET /lib/resortDataSearch.php?resort=sunpeaksresort&dateStart=2013-09-28&dateMax=2013-10-08&size=30 HTTP/1.1" 200 331 "-" "Mozilla/5.0 (compatible; Googlebot/2.1; +http://www.google.com/bot.html)"
66.249.79.1 - - [16/Aug/2015:13:42:08 -0700] "GET /lib/resortDataSearch.php?resort=silverstarmountain&dateStart=2014-03-08&dateMax=2014-03-18&size=30 HTTP/1.1" 200 331 "-" "Mozilla/5.0 (compatible; Googlebot/2.1; +http://www.google.com/bot.html)"
66.249.79.250 - - [16/Aug/2015:13:42:20 -0700] "GET /lib/resortDataSearch.php?resort=deervalley&dateStart=2014-05-03&dateMax=2014-05-13&size=30 HTTP/1.1" 200 331 "-" "Mozilla/5.0 (compatible; Googlebot/2.1; +http://www.google.com/bot.html)"
66.249.79.14 - - [16/Aug/2015:13:42:31 -0700] "GET /lib/resortDataSearch.php?resort=thesummitatsnoqualmie-alpental&dateStart=2012-11-20&dateMax=2012-11-30&size=30 HTTP/1.1" 200 331 "-" "Mozilla/5.0 (compatible; Googlebot/2.1; +http://www.google.com/bot.html)"
66.249.79.1 - - [16/Aug/2015:13:42:43 -0700] "GET /lib/resortDataSearch.php?resort=greatdivide&dateStart=2013-03-10&dateMax=2013-03-20&size=30 HTTP/1.1" 200 331 "-" "Mozilla/5.0 (compatible; Googlebot/2.1; +http://www.google.com/bot.html)"
66.249.79.14 - - [16/Aug/2015:13:42:55 -0700] "GET /lib/resortDataSearch.php?resort=redmountain&dateStart=2013-04-18&dateMax=2013-04-28&size=30 HTTP/1.1" 200 331 "-" "Mozilla/5.0 (compatible; Googlebot/2.1; +http://www.google.com/bot.html)"
66.249.79.250 - - [16/Aug/2015:13:43:06 -0700] "GET /lib/resortDataSearch.php?resort=sunvalley&dateStart=2014-04-12&dateMax=2014-04-22&size=30 HTTP/1.1" 200 331 "-" "Mozilla/5.0 (compatible; Googlebot/2.1; +http://www.google.com/bot.html)"
66.249.79.250 - - [16/Aug/2015:13:43:17 -0700] "GET /lib/resortDataSearch.php?resort=hurricaneridge&dateStart=2013-04-14&dateMax=2013-04-24&size=30 HTTP/1.1" 200 331 "-" "Mozilla/5.0 (compatible; Googlebot/2.1; +http://www.google.com/bot.html)"
66.249.79.250 - - [16/Aug/2015:13:43:29 -0700] "GET /lib/resortDataSearch.php?resort=bridgerbowl&dateStart=2013-05-16&dateMax=2013-05-26&size=30 HTTP/1.1" 200 331 "-" "Mozilla/5.0 (compatible; Googlebot/2.1; +http://www.google.com/bot.html)"
66.249.79.250 - - [16/Aug/2015:13:43:41 -0700] "GET /lib/resortDataSearch.php?resort=beavermountain&dateStart=2013-10-11&dateMax=2013-10-21&size=30 HTTP/1.1" 200 331 "-" "Mozilla/5.0 (compatible; Googlebot/2.1; +http://www.google.com/bot.html)"
66.249.79.14 - - [16/Aug/2015:13:43:54 -0700] "GET /lib/resortDataSearch.php?resort=showdown&dateStart=2014-05-10&dateMax=2014-05-20&size=30 HTTP/1.1" 200 331 "-" "Mozilla/5.0 (compatible; Googlebot/2.1; +http://www.google.com/bot.html)"
66.249.79.1 - - [16/Aug/2015:13:45:07 -0700] "GET /lib/resortDataSearch.php?resort=parkcity&dateStart=2014-06-06&dateMax=2014-06-16&size=30 HTTP/1.1" 200 331 "-" "Mozilla/5.0 (compatible; Googlebot/2.1; +http://www.google.com/bot.html)"
66.249.79.250 - - [16/Aug/2015:13:45:07 -0700] "GET /lib/resortDataSearch.php?resort=jaypeak&dateStart=2014-02-04&dateMax=2014-02-14&size=30 HTTP/1.1" 200 331 "-" "Mozilla/5.0 (compatible; Googlebot/2.1; +http://www.google.com/bot.html)"
66.249.79.250 - - [16/Aug/2015:13:45:19 -0700] "GET /lib/resortDataSearch.php?resort=snowbasin&dateStart=2013-04-25&dateMax=2013-05-05&size=30 HTTP/1.1" 200 331 "-" "Mozilla/5.0 (compatible; Googlebot/2.1; +http://www.google.com/bot.html)"
66.249.79.1 - - [16/Aug/2015:13:45:31 -0700] "GET /lib/resortDataSearch.php?resort=lookoutpass&dateStart=2014-06-28&dateMax=2014-07-08&size=30 HTTP/1.1" 200 331 "-" "Mozilla/5.0 (compatible; Googlebot/2.1; +http://www.google.com/bot.html)"
66.249.79.250 - - [16/Aug/2015:13:45:44 -0700] "GET /lib/resortDataSearch.php?resort=snowmass&dateStart=2014-02-05&dateMax=2014-02-15&size=30 HTTP/1.1" 200 331 "-" "Mozilla/5.0 (compatible; Googlebot/2.1; +http://www.google.com/bot.html)"
66.249.79.250 - - [16/Aug/2015:13:45:57 -0700] "GET /lib/resortDataSearch.php?resort=lutsen&dateStart=2013-10-09&dateMax=2013-10-19&size=30 HTTP/1.1" 200 331 "-" "Mozilla/5.0 (compatible; Googlebot/2.1; +http://www.google.com/bot.html)"
66.249.79.1 - - [16/Aug/2015:13:46:09 -0700] "GET /lib/resortDataSearch.php?resort=whitepass&dateStart=2013-04-09&dateMax=2013-04-19&size=30 HTTP/1.1" 200 331 "-" "Mozilla/5.0 (compatible; Googlebot/2.1; +http://www.google.com/bot.html)"
66.249.79.1 - - [16/Aug/2015:13:46:22 -0700] "GET /lib/resortDataSearch.php?resort=bogusbasin&dateStart=2012-12-10&dateMax=2012-12-20&size=30 HTTP/1.1" 200 331 "-" "Mozilla/5.0 (compatible; Googlebot/2.1; +http://www.google.com/bot.html)"
66.249.79.250 - - [16/Aug/2015:13:46:34 -0700] "GET /lib/resortDataSearch.php?resort=squawvalleyusa&dateStart=2013-03-21&dateMax=2013-03-31&size=30 HTTP/1.1" 200 331 "-" "Mozilla/5.0 (compatible; Googlebot/2.1; +http://www.google.com/bot.html)"
66.249.79.1 - - [16/Aug/2015:13:46:47 -0700] "GET /lib/resortDataSearch.php?resort=showdown&dateStart=2014-04-25&dateMax=2014-05-05&size=30 HTTP/1.1" 200 331 "-" "Mozilla/5.0 (compatible; Googlebot/2.1; +http://www.google.com/bot.html)"
66.249.79.14 - - [16/Aug/2015:13:46:59 -0700] "GET /lib/resortDataSearch.php?resort=anthonylakes&dateStart=2013-03-14&dateMax=2013-03-24&size=30 HTTP/1.1" 200 331 "-" "Mozilla/5.0 (compatible; Googlebot/2.1; +http://www.google.com/bot.html)"
66.249.79.14 - - [16/Aug/2015:13:48:16 -0700] "GET /lib/resortDataSearch.php?resort=whitefacemountain&dateStart=2014-04-14&dateMax=2014-04-24&size=30 HTTP/1.1" 200 331 "-" "Mozilla/5.0 (compatible; Googlebot/2.1; +http://www.google.com/bot.html)"
66.249.79.1 - - [16/Aug/2015:13:48:17 -0700] "GET /lib/resortDataSearch.php?resort=mountashland&dateStart=2013-09-22&dateMax=2013-10-02&size=30 HTTP/1.1" 200 331 "-" "Mozilla/5.0 (compatible; Googlebot/2.1; +http://www.google.com/bot.html)"
66.249.79.1 - - [16/Aug/2015:13:48:29 -0700] "GET /lib/resortDataSearch.php?resort=holidayvalley&dateStart=2014-03-27&dateMax=2014-04-06&size=30 HTTP/1.1" 200 331 "-" "Mozilla/5.0 (compatible; Googlebot/2.1; +http://www.google.com/bot.html)"
66.249.79.1 - - [16/Aug/2015:13:48:42 -0700] "GET /lib/resortDataSearch.php?resort=maverickmountain&dateStart=2014-01-06&dateMax=2014-01-16&size=30 HTTP/1.1" 200 331 "-" "Mozilla/5.0 (compatible; Googlebot/2.1; +http://www.google.com/bot.html)"
66.249.79.40 - - [16/Aug/2015:13:48:54 -0700] "GET /lib/resortDataSearch.php?resort=sunlight&dateStart=2013-12-24&dateMax=2014-01-03&size=30 HTTP/1.1" 200 331 "-" "Mozilla/5.0 (compatible; Googlebot/2.1; +http://www.google.com/bot.html)"
66.249.79.250 - - [16/Aug/2015:13:49:06 -0700] "GET /lib/resortDataSearch.php?resort=pomerelle&dateStart=2013-03-15&dateMax=2013-03-25&size=30 HTTP/1.1" 200 331 "-" "Mozilla/5.0 (compatible; Googlebot/2.1; +http://www.google.com/bot.html)"
66.249.79.250 - - [16/Aug/2015:13:49:19 -0700] "GET /lib/resortDataSearch.php?resort=cannonmountain&dateStart=2012-12-26&dateMax=2013-01-05&size=30 HTTP/1.1" 200 331 "-" "Mozilla/5.0 (compatible; Googlebot/2.1; +http://www.google.com/bot.html)"
66.249.79.14 - - [16/Aug/2015:13:49:31 -0700] "GET /lib/resortDataSearch.php?resort=mt.shasta&dateStart=2013-10-11&dateMax=2013-10-21&size=30 HTTP/1.1" 200 331 "-" "Mozilla/5.0 (compatible; Googlebot/2.1; +http://www.google.com/bot.html)"
66.249.79.250 - - [16/Aug/2015:13:49:44 -0700] "GET /lib/resortDataSearch.php?resort=cascademountain&dateStart=2014-03-29&dateMax=2014-04-08&size=30 HTTP/1.1" 200 331 "-" "Mozilla/5.0 (compatible; Googlebot/2.1; +http://www.google.com/bot.html)"
66.249.79.1 - - [16/Aug/2015:13:49:56 -0700] "GET /lib/resortDataSearch.php?resort=hyland&dateStart=2013-01-25&dateMax=2013-02-04&size=30 HTTP/1.1" 200 331 "-" "Mozilla/5.0 (compatible; Googlebot/2.1; +http://www.google.com/bot.html)"
66.249.79.1 - - [16/Aug/2015:13:50:09 -0700] "GET /lib/resortDataSearch.php?resort=smugglersnotch&dateStart=2014-06-30&dateMax=2014-07-10&size=30 HTTP/1.1" 200 331 "-" "Mozilla/5.0 (compatible; Googlebot/2.1; +http://www.google.com/bot.html)"
66.249.79.14 - - [16/Aug/2015:13:51:27 -0700] "GET /lib/resortDataSearch.php?resort=schweitzer&dateStart=2013-01-27&dateMax=2013-02-06&size=30 HTTP/1.1" 200 331 "-" "Mozilla/5.0 (compatible; Googlebot/2.1; +http://www.google.com/bot.html)"
66.249.79.1 - - [16/Aug/2015:13:51:28 -0700] "GET /lib/resortDataSearch.php?resort=sipapu&dateStart=2013-04-10&dateMax=2013-04-20&size=30 HTTP/1.1" 200 331 "-" "Mozilla/5.0 (compatible; Googlebot/2.1; +http://www.google.com/bot.html)"
66.249.79.250 - - [16/Aug/2015:13:51:50 -0700] "GET /lib/resortDataSearch.php?resort=heavenly&dateStart=2013-05-16&dateMax=2013-05-26&size=30 HTTP/1.1" 200 331 "-" "Mozilla/5.0 (compatible; Googlebot/2.1; +http://www.google.com/bot.html)"
66.249.79.14 - - [16/Aug/2015:13:52:13 -0700] "GET /lib/resortDataSearch.php?resort=snowbasin&dateStart=2013-03-10&dateMax=2013-03-20&size=30 HTTP/1.1" 200 331 "-" "Mozilla/5.0 (compatible; Googlebot/2.1; +http://www.google.com/bot.html)"
180.76.15.7 - - [16/Aug/2015:13:53:31 -0700] "GET / HTTP/1.1" 200 6114 "-" "Mozilla/5.0 (compatible; Baiduspider/2.0; +http://www.baidu.com/search/spider.html)"
66.249.79.1 - - [16/Aug/2015:13:54:27 -0700] "GET /lib/resortDataSearch.php?resort=mounthoodmeadows&dateStart=2013-11-28&dateMax=2013-12-08&size=30 HTTP/1.1" 200 331 "-" "Mozilla/5.0 (compatible; Googlebot/2.1; +http://www.google.com/bot.html)"
75.111.97.18 - - [16/Aug/2015:13:54:27 -0700] "GET /images/wsis-logo-sm.png HTTP/1.1" 200 6108 "http://www.thebackcountry.net/" "Mozilla/5.0 (iPhone; CPU iPhone OS 8_3 like Mac OS X) AppleWebKit/600.1.4 (KHTML, like Gecko) Version/8.0 Mobile/12F70 Safari/600.1.4"
66.249.79.14 - - [16/Aug/2015:13:54:28 -0700] "GET /lib/resortDataSearch.php?resort=mounthoodskibowl&dateStart=2013-11-18&dateMax=2013-11-28&size=30 HTTP/1.1" 200 331 "-" "Mozilla/5.0 (compatible; Googlebot/2.1; +http://www.google.com/bot.html)"
180.76.15.30 - - [16/Aug/2015:13:54:44 -0700] "GET / HTTP/1.1" 200 6114 "-" "Mozilla/5.0 (compatible; Baiduspider/2.0; +http://www.baidu.com/search/spider.html)"
66.249.79.250 - - [16/Aug/2015:13:54:54 -0700] "GET /lib/resortDataSearch.php?resort=skisantafe&dateStart=2014-04-14&dateMax=2014-04-24&size=30 HTTP/1.1" 200 331 "-" "Mozilla/5.0 (compatible; Googlebot/2.1; +http://www.google.com/bot.html)"
123.125.71.77 - - [16/Aug/2015:13:55:52 -0700] "-" 408 0 "-" "-"
66.249.79.250 - - [16/Aug/2015:13:57:36 -0700] "GET /lib/resortDataSearch.php?resort=moonlightbasin&dateStart=2013-10-13&dateMax=2013-10-23&size=30 HTTP/1.1" 200 331 "-" "Mozilla/5.0 (compatible; Googlebot/2.1; +http://www.google.com/bot.html)"
66.249.79.1 - - [16/Aug/2015:13:57:37 -0700] "GET /lib/resortDataSearch.php?resort=snowmass&dateStart=2013-03-25&dateMax=2013-04-04&size=30 HTTP/1.1" 200 331 "-" "Mozilla/5.0 (compatible; Googlebot/2.1; +http://www.google.com/bot.html)"
66.249.79.14 - - [16/Aug/2015:13:57:50 -0700] "GET /lib/resortDataSearch.php?resort=mtrose&dateStart=2014-04-24&dateMax=2014-05-04&size=30 HTTP/1.1" 200 331 "-" "Mozilla/5.0 (compatible; Googlebot/2.1; +http://www.google.com/bot.html)"
66.249.79.1 - - [16/Aug/2015:13:58:04 -0700] "GET /lib/resortDataSearch.php?resort=brighton&dateStart=2013-03-30&dateMax=2013-04-09&size=30 HTTP/1.1" 200 331 "-" "Mozilla/5.0 (compatible; Googlebot/2.1; +http://www.google.com/bot.html)"
66.249.79.1 - - [16/Aug/2015:13:58:18 -0700] "GET /lib/resortDataSearch.php?resort=heavenly&dateStart=2013-02-10&dateMax=2013-02-20&size=30 HTTP/1.1" 200 331 "-" "Mozilla/5.0 (compatible; Googlebot/2.1; +http://www.google.com/bot.html)"
66.249.79.1 - - [16/Aug/2015:13:58:31 -0700] "GET /lib/resortDataSearch.php?resort=bogusbasin&dateStart=2013-11-28&dateMax=2013-12-08&size=30 HTTP/1.1" 200 331 "-" "Mozilla/5.0 (compatible; Googlebot/2.1; +http://www.google.com/bot.html)"
66.249.79.1 - - [16/Aug/2015:13:58:45 -0700] "GET /lib/resortDataSearch.php?resort=redriver&dateStart=2014-04-19&dateMax=2014-04-29&size=30 HTTP/1.1" 200 331 "-" "Mozilla/5.0 (compatible; Googlebot/2.1; +http://www.google.com/bot.html)"
66.249.79.14 - - [16/Aug/2015:13:58:58 -0700] "GET /lib/resortDataSearch.php?resort=alpenglow&dateStart=2014-04-08&dateMax=2014-04-18&size=30 HTTP/1.1" 200 331 "-" "Mozilla/5.0 (compatible; Googlebot/2.1; +http://www.google.com/bot.html)"
66.249.79.1 - - [16/Aug/2015:13:59:11 -0700] "GET /lib/resortDataSearch.php?resort=brighton&dateStart=2013-05-13&dateMax=2013-05-23&size=30 HTTP/1.1" 200 331 "-" "Mozilla/5.0 (compatible; Googlebot/2.1; +http://www.google.com/bot.html)"
66.249.79.250 - - [16/Aug/2015:13:59:25 -0700] "GET /lib/resortDataSearch.php?resort=squawvalleyusa&dateStart=2014-05-22&dateMax=2014-06-01&size=30 HTTP/1.1" 200 331 "-" "Mozilla/5.0 (compatible; Googlebot/2.1; +http://www.google.com/bot.html)"
66.249.79.250 - - [16/Aug/2015:13:59:38 -0700] "GET /lib/resortDataSearch.php?resort=schweitzer&dateStart=2013-06-15&dateMax=2013-06-25&size=30 HTTP/1.1" 200 331 "-" "Mozilla/5.0 (compatible; Googlebot/2.1; +http://www.google.com/bot.html)"
107.216.182.136 - - [16/Aug/2015:13:59:48 -0700] "GET /images/wsis-logo-sm.png HTTP/1.1" 200 6108 "http://www.thebackcountry.net/" "Mozilla/5.0 (Windows NT 6.3; WOW64; Trident/7.0; TNJB; rv:11.0) like Gecko"
107.216.182.136 - - [16/Aug/2015:14:00:10 -0700] "-" 408 0 "-" "-"
66.249.79.14 - - [16/Aug/2015:14:00:46 -0700] "GET /lib/resortDataSearch.php?resort=eldora&dateStart=2013-05-18&dateMax=2013-05-28&size=30 HTTP/1.1" 200 331 "-" "Mozilla/5.0 (compatible; Googlebot/2.1; +http://www.google.com/bot.html)"
66.249.79.250 - - [16/Aug/2015:14:00:47 -0700] "GET /lib/resortDataSearch.php?resort=panoramamountain&dateStart=2014-04-23&dateMax=2014-05-03&size=30 HTTP/1.1" 200 331 "-" "Mozilla/5.0 (compatible; Googlebot/2.1; +http://www.google.com/bot.html)"
66.249.79.1 - - [16/Aug/2015:14:00:59 -0700] "GET /lib/resortDataSearch.php?resort=whitepass&dateStart=2013-04-24&dateMax=2013-05-04&size=30 HTTP/1.1" 200 331 "-" "Mozilla/5.0 (compatible; Googlebot/2.1; +http://www.google.com/bot.html)"
66.249.79.14 - - [16/Aug/2015:14:01:11 -0700] "GET /lib/resortDataSearch.php?resort=wolfcreek&dateStart=2013-05-10&dateMax=2013-05-20&size=30 HTTP/1.1" 200 331 "-" "Mozilla/5.0 (compatible; Googlebot/2.1; +http://www.google.com/bot.html)"
66.249.79.250 - - [16/Aug/2015:14:01:24 -0700] "GET /lib/resortDataSearch.php?resort=portillo&dateStart=2014-07-17&dateMax=2014-07-27&size=30 HTTP/1.1" 200 331 "-" "Mozilla/5.0 (compatible; Googlebot/2.1; +http://www.google.com/bot.html)"
66.249.79.250 - - [16/Aug/2015:14:01:36 -0700] "GET /lib/resortDataSearch.php?resort=snoqualmie-alpental&dateStart=2014-05-28&dateMax=2014-06-07&size=30 HTTP/1.1" 200 331 "-" "Mozilla/5.0 (compatible; Googlebot/2.1; +http://www.google.com/bot.html)"
220.181.108.155 - - [16/Aug/2015:14:01:43 -0700] "-" 408 0 "-" "-"
66.249.79.1 - - [16/Aug/2015:14:01:49 -0700] "GET /lib/resortDataSearch.php?resort=arizonasnowbowl&dateStart=2013-10-09&dateMax=2013-10-19&size=30 HTTP/1.1" 200 331 "-" "Mozilla/5.0 (compatible; Googlebot/2.1; +http://www.google.com/bot.html)"
66.249.79.250 - - [16/Aug/2015:14:02:02 -0700] "GET /lib/resortDataSearch.php?resort=snoqualmie-alpental&dateStart=2014-04-28&dateMax=2014-05-08&size=30 HTTP/1.1" 200 331 "-" "Mozilla/5.0 (compatible; Googlebot/2.1; +http://www.google.com/bot.html)"
66.249.79.250 - - [16/Aug/2015:14:02:14 -0700] "GET /lib/resortDataSearch.php?resort=snowbasin&dateStart=2014-05-20&dateMax=2014-05-30&size=30 HTTP/1.1" 200 331 "-" "Mozilla/5.0 (compatible; Googlebot/2.1; +http://www.google.com/bot.html)"
66.249.79.1 - - [16/Aug/2015:14:02:26 -0700] "GET /lib/resortDataSearch.php?resort=sugarloaf&dateStart=2013-11-09&dateMax=2013-11-19&size=30 HTTP/1.1" 200 331 "-" "Mozilla/5.0 (compatible; Googlebot/2.1; +http://www.google.com/bot.html)"
66.249.79.14 - - [16/Aug/2015:14:02:39 -0700] "GET /lib/resortDataSearch.php?resort=mountspokane&dateStart=2012-12-29&dateMax=2013-01-08&size=30 HTTP/1.1" 200 331 "-" "Mozilla/5.0 (compatible; Googlebot/2.1; +http://www.google.com/bot.html)"
66.249.79.250 - - [16/Aug/2015:14:03:57 -0700] "GET /lib/resortDataSearch.php?resort=sunlight&dateStart=2013-04-17&dateMax=2013-04-27&size=30 HTTP/1.1" 200 331 "-" "Mozilla/5.0 (compatible; Googlebot/2.1; +http://www.google.com/bot.html)"
66.249.79.1 - - [16/Aug/2015:14:03:57 -0700] "GET /lib/resortDataSearch.php?resort=lasvegasskiandsnowboard&dateStart=2013-05-09&dateMax=2013-05-19&size=30 HTTP/1.1" 200 331 "-" "Mozilla/5.0 (compatible; Googlebot/2.1; +http://www.google.com/bot.html)"
50.168.50.75 - - [16/Aug/2015:14:04:08 -0700] "GET /images/wsis-logo-sm.png HTTP/1.1" 200 6108 "http://www.thebackcountry.net/" "Mozilla/5.0 (iPhone; CPU iPhone OS 8_3 like Mac OS X) AppleWebKit/600.1.4 (KHTML, like Gecko) Version/8.0 Mobile/12F70 Safari/600.1.4"
66.249.79.250 - - [16/Aug/2015:14:04:08 -0700] "GET /lib/resortDataSearch.php?resort=showdown&dateStart=2013-05-11&dateMax=2013-05-21&size=30 HTTP/1.1" 200 331 "-" "Mozilla/5.0 (compatible; Googlebot/2.1; +http://www.google.com/bot.html)"
66.249.79.14 - - [16/Aug/2015:14:04:19 -0700] "GET /lib/resortDataSearch.php?resort=gore&dateStart=2014-05-20&dateMax=2014-05-30&size=30 HTTP/1.1" 200 331 "-" "Mozilla/5.0 (compatible; Googlebot/2.1; +http://www.google.com/bot.html)"
66.249.79.1 - - [16/Aug/2015:14:04:32 -0700] "GET /lib/resortDataSearch.php?resort=snowbasin&dateStart=2013-04-28&dateMax=2013-05-08&size=30 HTTP/1.1" 200 331 "-" "Mozilla/5.0 (compatible; Googlebot/2.1; +http://www.google.com/bot.html)"
66.249.79.250 - - [16/Aug/2015:14:04:43 -0700] "GET /lib/resortDataSearch.php?resort=bridgerbowl&dateStart=2014-05-03&dateMax=2014-05-13&size=30 HTTP/1.1" 200 331 "-" "Mozilla/5.0 (compatible; Googlebot/2.1; +http://www.google.com/bot.html)"
66.249.79.250 - - [16/Aug/2015:14:04:55 -0700] "GET /lib/resortDataSearch.php?resort=mountbachelor&dateStart=2013-04-06&dateMax=2013-04-16&size=30 HTTP/1.1" 200 331 "-" "Mozilla/5.0 (compatible; Googlebot/2.1; +http://www.google.com/bot.html)"
66.249.79.1 - - [16/Aug/2015:14:05:06 -0700] "GET /lib/resortDataSearch.php?resort=jacksonhole&dateStart=2014-05-13&dateMax=2014-05-23&size=30 HTTP/1.1" 200 331 "-" "Mozilla/5.0 (compatible; Googlebot/2.1; +http://www.google.com/bot.html)"
66.249.79.14 - - [16/Aug/2015:14:05:18 -0700] "GET /lib/resortDataSearch.php?resort=silverton&dateStart=2013-04-04&dateMax=2013-04-14&size=30 HTTP/1.1" 200 331 "-" "Mozilla/5.0 (compatible; Googlebot/2.1; +http://www.google.com/bot.html)"
66.249.79.250 - - [16/Aug/2015:14:05:29 -0700] "GET /lib/resortDataSearch.php?resort=lookoutpass&dateStart=2013-01-22&dateMax=2013-02-01&size=30 HTTP/1.1" 200 331 "-" "Mozilla/5.0 (compatible; Googlebot/2.1; +http://www.google.com/bot.html)"
66.249.79.250 - - [16/Aug/2015:14:05:41 -0700] "GET /lib/resortDataSearch.php?resort=hyland&dateStart=2013-11-14&dateMax=2013-11-24&size=30 HTTP/1.1" 200 331 "-" "Mozilla/5.0 (compatible; Googlebot/2.1; +http://www.google.com/bot.html)"
66.249.79.250 - - [16/Aug/2015:14:05:53 -0700] "GET /lib/resortDataSearch.php?resort=buttermilk&dateStart=2013-10-20&dateMax=2013-10-30&size=30 HTTP/1.1" 200 331 "-" "Mozilla/5.0 (compatible; Googlebot/2.1; +http://www.google.com/bot.html)"
66.249.79.250 - - [16/Aug/2015:14:07:06 -0700] "GET /lib/resortDataSearch.php?resort=porcupine&dateStart=2013-11-28&dateMax=2013-12-08&size=30 HTTP/1.1" 200 331 "-" "Mozilla/5.0 (compatible; Googlebot/2.1; +http://www.google.com/bot.html)"
66.249.79.1 - - [16/Aug/2015:14:07:07 -0700] "GET /lib/resortDataSearch.php?resort=antelopebutte&dateStart=2013-04-19&dateMax=2013-04-29&size=30 HTTP/1.1" 200 331 "-" "Mozilla/5.0 (compatible; Googlebot/2.1; +http://www.google.com/bot.html)"
66.249.79.14 - - [16/Aug/2015:14:07:19 -0700] "GET /lib/resortDataSearch.php?resort=stowe&dateStart=2014-05-15&dateMax=2014-05-25&size=30 HTTP/1.1" 200 331 "-" "Mozilla/5.0 (compatible; Googlebot/2.1; +http://www.google.com/bot.html)"
66.249.79.1 - - [16/Aug/2015:14:07:30 -0700] "GET /lib/resortDataSearch.php?resort=coppermountain&dateStart=2014-04-28&dateMax=2014-05-08&size=30 HTTP/1.1" 200 331 "-" "Mozilla/5.0 (compatible; Googlebot/2.1; +http://www.google.com/bot.html)"
66.249.79.1 - - [16/Aug/2015:14:07:41 -0700] "GET /lib/resortDataSearch.php?resort=bogusbasin&dateStart=2014-06-03&dateMax=2014-06-13&size=30 HTTP/1.1" 200 331 "-" "Mozilla/5.0 (compatible; Googlebot/2.1; +http://www.google.com/bot.html)"
66.249.79.14 - - [16/Aug/2015:14:07:52 -0700] "GET /lib/resortDataSearch.php?resort=eldora&dateStart=2013-11-14&dateMax=2013-11-24&size=30 HTTP/1.1" 200 331 "-" "Mozilla/5.0 (compatible; Googlebot/2.1; +http://www.google.com/bot.html)"
66.249.79.1 - - [16/Aug/2015:14:08:04 -0700] "GET /lib/resortDataSearch.php?resort=granitepeak&dateStart=2014-02-28&dateMax=2014-03-10&size=30 HTTP/1.1" 200 331 "-" "Mozilla/5.0 (compatible; Googlebot/2.1; +http://www.google.com/bot.html)"
66.249.79.14 - - [16/Aug/2015:14:08:17 -0700] "GET /lib/resortDataSearch.php?resort=sundance&dateStart=2014-05-05&dateMax=2014-05-15&size=30 HTTP/1.1" 200 331 "-" "Mozilla/5.0 (compatible; Googlebot/2.1; +http://www.google.com/bot.html)"
66.249.79.250 - - [16/Aug/2015:14:08:28 -0700] "GET /lib/resortDataSearch.php?resort=mt.shasta&dateStart=2014-06-07&dateMax=2014-06-17&size=30 HTTP/1.1" 200 331 "-" "Mozilla/5.0 (compatible; Googlebot/2.1; +http://www.google.com/bot.html)"
66.249.79.14 - - [16/Aug/2015:14:08:39 -0700] "GET /lib/resortDataSearch.php?resort=redriver&dateStart=2013-09-28&dateMax=2013-10-08&size=30 HTTP/1.1" 200 331 "-" "Mozilla/5.0 (compatible; Googlebot/2.1; +http://www.google.com/bot.html)"
66.249.79.14 - - [16/Aug/2015:14:08:50 -0700] "GET /lib/resortDataSearch.php?resort=alta&dateStart=2014-06-26&dateMax=2014-07-06&size=30 HTTP/1.1" 200 331 "-" "Mozilla/5.0 (compatible; Googlebot/2.1; +http://www.google.com/bot.html)"
66.249.79.14 - - [16/Aug/2015:14:09:02 -0700] "GET /lib/resortDataSearch.php?resort=tetonpass&dateStart=2012-12-17&dateMax=2012-12-31&size=30 HTTP/1.1" 200 331 "-" "Mozilla/5.0 (compatible; Googlebot/2.1; +http://www.google.com/bot.html)"
66.249.79.1 - - [16/Aug/2015:14:10:16 -0700] "GET /lib/resortDataSearch.php?resort=kimberleyalpine&dateStart=2014-04-17&dateMax=2014-04-27&size=30 HTTP/1.1" 200 331 "-" "Mozilla/5.0 (compatible; Googlebot/2.1; +http://www.google.com/bot.html)"
66.249.79.14 - - [16/Aug/2015:14:10:20 -0700] "GET /lib/resortDataSearch.php?resort=antelopebutte&dateStart=2014-05-28&dateMax=2014-06-07&size=30 HTTP/1.1" 200 331 "-" "Mozilla/5.0 (compatible; Googlebot/2.1; +http://www.google.com/bot.html)"
66.249.79.14 - - [16/Aug/2015:14:10:26 -0700] "GET /lib/resortDataSearch.php?resort=whitepine&dateStart=2013-02-23&dateMax=2013-03-05&size=30 HTTP/1.1" 200 331 "-" "Mozilla/5.0 (compatible; Googlebot/2.1; +http://www.google.com/bot.html)"
66.249.79.14 - - [16/Aug/2015:14:10:35 -0700] "GET /lib/resortDataSearch.php?resort=timberline&dateStart=2014-05-15&dateMax=2014-05-25&size=30 HTTP/1.1" 200 331 "-" "Mozilla/5.0 (compatible; Googlebot/2.1; +http://www.google.com/bot.html)"
66.249.79.250 - - [16/Aug/2015:14:10:44 -0700] "GET /lib/resortDataSearch.php?resort=mountbaker&dateStart=2013-03-08&dateMax=2013-03-18&size=30 HTTP/1.1" 200 331 "-" "Mozilla/5.0 (compatible; Googlebot/2.1; +http://www.google.com/bot.html)"
66.249.79.14 - - [16/Aug/2015:14:10:53 -0700] "GET /lib/resortDataSearch.php?resort=winterpark&dateStart=2014-02-03&dateMax=2014-02-13&size=30 HTTP/1.1" 200 331 "-" "Mozilla/5.0 (compatible; Googlebot/2.1; +http://www.google.com/bot.html)"
66.249.79.14 - - [16/Aug/2015:14:11:02 -0700] "GET /lib/resortDataSearch.php?resort=crystalmountain&dateStart=2014-05-19&dateMax=2014-05-29&size=30 HTTP/1.1" 200 331 "-" "Mozilla/5.0 (compatible; Googlebot/2.1; +http://www.google.com/bot.html)"
66.249.79.14 - - [16/Aug/2015:14:11:10 -0700] "GET /lib/resortDataSearch.php?resort=canyons&dateStart=2013-05-19&dateMax=2013-05-29&size=30 HTTP/1.1" 200 331 "-" "Mozilla/5.0 (compatible; Googlebot/2.1; +http://www.google.com/bot.html)"
66.249.79.250 - - [16/Aug/2015:14:11:20 -0700] "GET /lib/resortDataSearch.php?resort=brundage&dateStart=2014-05-05&dateMax=2014-05-15&size=30 HTTP/1.1" 200 331 "-" "Mozilla/5.0 (compatible; Googlebot/2.1; +http://www.google.com/bot.html)"
66.249.79.14 - - [16/Aug/2015:14:11:28 -0700] "GET /lib/resortDataSearch.php?resort=brianhead&dateStart=2014-06-11&dateMax=2014-06-21&size=30 HTTP/1.1" 200 331 "-" "Mozilla/5.0 (compatible; Googlebot/2.1; +http://www.google.com/bot.html)"
66.249.79.250 - - [16/Aug/2015:14:11:38 -0700] "GET /lib/resortDataSearch.php?resort=eaglecrestskiarea&dateStart=2013-05-09&dateMax=2013-05-19&size=30 HTTP/1.1" 200 331 "-" "Mozilla/5.0 (compatible; Googlebot/2.1; +http://www.google.com/bot.html)"
66.249.79.250 - - [16/Aug/2015:14:11:46 -0700] "GET /lib/resortDataSearch.php?resort=sundayriver&dateStart=2013-01-31&dateMax=2013-02-10&size=30 HTTP/1.1" 200 331 "-" "Mozilla/5.0 (compatible; Googlebot/2.1; +http://www.google.com/bot.html)"
66.249.79.14 - - [16/Aug/2015:14:11:56 -0700] "GET /lib/resortDataSearch.php?resort=snowmass&dateStart=2013-11-07&dateMax=2013-11-17&size=30 HTTP/1.1" 200 331 "-" "Mozilla/5.0 (compatible; Googlebot/2.1; +http://www.google.com/bot.html)"
66.249.79.1 - - [16/Aug/2015:14:12:04 -0700] "GET /lib/resortDataSearch.php?resort=aspenheights&dateStart=2013-04-14&dateMax=2013-04-24&size=30 HTTP/1.1" 200 331 "-" "Mozilla/5.0 (compatible; Googlebot/2.1; +http://www.google.com/bot.html)"
66.249.79.14 - - [16/Aug/2015:14:12:14 -0700] "GET /lib/resortDataSearch.php?resort=sandiapeak&dateStart=2013-01-30&dateMax=2013-02-09&size=30 HTTP/1.1" 200 331 "-" "Mozilla/5.0 (compatible; Googlebot/2.1; +http://www.google.com/bot.html)"
66.249.79.14 - - [16/Aug/2015:14:13:17 -0700] "GET /lib/resortDataSearch.php?resort=boyne&dateStart=2014-01-20&dateMax=2014-01-30&size=30 HTTP/1.1" 200 331 "-" "Mozilla/5.0 (compatible; Googlebot/2.1; +http://www.google.com/bot.html)"
66.249.79.14 - - [16/Aug/2015:14:13:21 -0700] "GET /lib/resortDataSearch.php?resort=crystalmountain&dateStart=2014-01-13&dateMax=2014-01-23&size=30 HTTP/1.1" 200 330 "-" "Mozilla/5.0 (compatible; Googlebot/2.1; +http://www.google.com/bot.html)"
66.249.79.250 - - [16/Aug/2015:14:13:25 -0700] "GET /lib/resortDataSearch.php?resort=magicmountain&dateStart=2014-02-01&dateMax=2014-02-11&size=30 HTTP/1.1" 200 331 "-" "Mozilla/5.0 (compatible; Googlebot/2.1; +http://www.google.com/bot.html)"
66.249.79.66 - - [16/Aug/2015:14:13:33 -0700] "GET /lib/resortDataSearch.php?resort=magicmountain&dateStart=2013-06-09&dateMax=2013-06-19&size=30 HTTP/1.1" 200 331 "-" "Mozilla/5.0 (compatible; Googlebot/2.1; +http://www.google.com/bot.html)"
66.249.79.14 - - [16/Aug/2015:14:13:41 -0700] "GET /lib/resortDataSearch.php?resort=angelfire&dateStart=2013-01-31&dateMax=2013-02-10&size=30 HTTP/1.1" 200 331 "-" "Mozilla/5.0 (compatible; Googlebot/2.1; +http://www.google.com/bot.html)"
66.249.79.1 - - [16/Aug/2015:14:13:49 -0700] "GET /lib/resortDataSearch.php?resort=parkcity&dateStart=2012-12-14&dateMax=2012-12-24&size=30 HTTP/1.1" 200 331 "-" "Mozilla/5.0 (compatible; Googlebot/2.1; +http://www.google.com/bot.html)"
66.249.79.3 - - [16/Aug/2015:14:13:57 -0700] "GET / HTTP/1.1" 200 2376 "-" "Mozilla/5.0 (compatible; Googlebot/2.1; +http://www.google.com/bot.html)"
66.249.79.14 - - [16/Aug/2015:14:14:07 -0700] "GET /lib/resortDataSearch.php?resort=arapahoebasin&dateStart=2013-05-05&dateMax=2013-05-15&size=30 HTTP/1.1" 200 331 "-" "Mozilla/5.0 (compatible; Googlebot/2.1; +http://www.google.com/bot.html)"
66.249.79.1 - - [16/Aug/2015:14:16:26 -0700] "GET /lib/resortDataSearch.php?resort=pebblecreek&dateStart=2013-02-15&dateMax=2013-02-25&size=30 HTTP/1.1" 200 331 "-" "Mozilla/5.0 (compatible; Googlebot/2.1; +http://www.google.com/bot.html)"
173.74.27.70 - - [16/Aug/2015:14:19:14 -0700] "GET /images/wsis-logo-sm.png HTTP/1.1" 200 6108 "http://www.thebackcountry.net/" "Mozilla/5.0 (Macintosh; Intel Mac OS X 10_9_5) AppleWebKit/537.36 (KHTML, like Gecko) Chrome/44.0.2403.155 Safari/537.36"
170.75.162.130 - - [16/Aug/2015:14:19:33 -0700] "GET /lib/reccapi.php?resort=sugarloaf HTTP/1.1" 200 665 "-" "node-superagent/0.18.2"
66.249.79.14 - - [16/Aug/2015:14:19:37 -0700] "GET /lib/resortDataSearch.php?resort=mammothmountain&dateStart=2013-05-07&dateMax=2013-05-17&size=30 HTTP/1.1" 200 331 "-" "Mozilla/5.0 (compatible; Googlebot/2.1; +http://www.google.com/bot.html)"
180.76.15.30 - - [16/Aug/2015:14:23:54 -0700] "GET / HTTP/1.1" 200 2339 "-" "Mozilla/5.0 (compatible; Baiduspider/2.0; +http://www.baidu.com/search/spider.html)"
170.75.162.130 - - [16/Aug/2015:14:24:03 -0700] "GET /lib/reccapi.php?resort=aspenheights HTTP/1.1" 200 685 "-" "node-superagent/0.18.2"
66.249.79.250 - - [16/Aug/2015:14:28:46 -0700] "GET /lib/resortDataSearch.php?resort=snowyrange&dateStart=2013-10-08&dateMax=2013-10-18&size=30 HTTP/1.1" 200 331 "-" "Mozilla/5.0 (compatible; Googlebot/2.1; +http://www.google.com/bot.html)"
66.249.79.14 - - [16/Aug/2015:14:28:50 -0700] "GET /lib/resortDataSearch.php?resort=whitewater&dateStart=2013-10-02&dateMax=2013-10-16&size=30 HTTP/1.1" 200 331 "-" "Mozilla/5.0 (compatible; Googlebot/2.1; +http://www.google.com/bot.html)"
66.249.79.14 - - [16/Aug/2015:14:31:47 -0700] "GET /lib/resortDataSearch.php?resort=mountbaker&dateStart=2013-05-08&dateMax=2013-05-18&size=30 HTTP/1.1" 200 331 "-" "Mozilla/5.0 (compatible; Googlebot/2.1; +http://www.google.com/bot.html)"
70.197.26.67 - - [16/Aug/2015:14:33:00 -0700] "GET /images/wsis-logo-sm.png HTTP/1.1" 200 6108 "http://www.thebackcountry.net/" "Mozilla/5.0 (iPhone; CPU iPhone OS 7_1_2 like Mac OS X) AppleWebKit/537.51.2 (KHTML, like Gecko) Version/7.0 Mobile/11D257 Safari/9537.53"
66.249.79.1 - - [16/Aug/2015:14:34:57 -0700] "GET /lib/resortDataSearch.php?resort=skibluewood&dateStart=2013-01-27&dateMax=2013-02-10&size=30 HTTP/1.1" 200 331 "-" "Mozilla/5.0 (compatible; Googlebot/2.1; +http://www.google.com/bot.html)"
66.126.158.95 - - [16/Aug/2015:14:39:15 -0700] "GET /images/wsis-logo-sm.png HTTP/1.1" 200 6108 "http://www.thebackcountry.net/" "Mozilla/5.0 (Windows NT 10.0; Win64; x64) AppleWebKit/537.36 (KHTML, like Gecko) Chrome/42.0.2311.135 Safari/537.36 Edge/12.10240"
66.126.158.95 - - [16/Aug/2015:14:39:36 -0700] "-" 408 0 "-" "-"
24.205.214.223 - - [16/Aug/2015:14:40:46 -0700] "GET /images/wsis-logo-sm.png HTTP/1.1" 200 6108 "http://www.thebackcountry.net/" "Mozilla/5.0 (iPhone; CPU iPhone OS 6_1_6 like Mac OS X) AppleWebKit/536.26 (KHTML, like Gecko) Version/6.0 Mobile/10B500 Safari/8536.25"
