98.215.244.124 - - [23/Dec/2015:15:23:32 -0800] "GET /scripts/fa48e319.main.js HTTP/1.1" 200 123455 "http://whereshouldiski.com/" "Mozilla/5.0 (Macintosh; Intel Mac OS X 10_10_5) AppleWebKit/537.36 (KHTML, like Gecko) Chrome/47.0.2526.106 Safari/537.36"
98.215.244.124 - - [23/Dec/2015:15:23:33 -0800] "GET /lib/reccapi.php?resort=alta&date=2015-12-23 HTTP/1.1" 200 1139 "http://whereshouldiski.com/" "Mozilla/5.0 (Macintosh; Intel Mac OS X 10_10_5) AppleWebKit/537.36 (KHTML, like Gecko) Chrome/47.0.2526.106 Safari/537.36"
98.215.244.124 - - [23/Dec/2015:15:23:33 -0800] "GET /lib/reccapi.php?fields=t&date=2015-12-23&coords=40.58%2C-111.61&size=7&sort=distance HTTP/1.1" 200 1335 "http://whereshouldiski.com/" "Mozilla/5.0 (Macintosh; Intel Mac OS X 10_10_5) AppleWebKit/537.36 (KHTML, like Gecko) Chrome/47.0.2526.106 Safari/537.36"
98.215.244.124 - - [23/Dec/2015:15:23:33 -0800] "GET /images/snowflake-med-5.png HTTP/1.1" 200 6156 "http://whereshouldiski.com/styles/0fffd548.main.css" "Mozilla/5.0 (Macintosh; Intel Mac OS X 10_10_5) AppleWebKit/537.36 (KHTML, like Gecko) Chrome/47.0.2526.106 Safari/537.36"
98.215.244.124 - - [23/Dec/2015:15:23:33 -0800] "GET /images/stars-med-5.png HTTP/1.1" 200 4123 "http://whereshouldiski.com/styles/0fffd548.main.css" "Mozilla/5.0 (Macintosh; Intel Mac OS X 10_10_5) AppleWebKit/537.36 (KHTML, like Gecko) Chrome/47.0.2526.106 Safari/537.36"
98.215.244.124 - - [23/Dec/2015:15:23:33 -0800] "GET /lib/resortDataSearchD3.php?size=7&sortDate=T&resort=alta&dateStart=2015-12-21 HTTP/1.1" 200 873 "http://whereshouldiski.com/" "Mozilla/5.0 (Macintosh; Intel Mac OS X 10_10_5) AppleWebKit/537.36 (KHTML, like Gecko) Chrome/47.0.2526.106 Safari/537.36"
98.215.244.124 - - [23/Dec/2015:15:23:33 -0800] "GET /images/mtns-30px.png HTTP/1.1" 200 1202 "http://whereshouldiski.com/styles/0fffd548.main.css" "Mozilla/5.0 (Macintosh; Intel Mac OS X 10_10_5) AppleWebKit/537.36 (KHTML, like Gecko) Chrome/47.0.2526.106 Safari/537.36"
98.215.244.124 - - [23/Dec/2015:15:23:33 -0800] "GET /images/sun-med-5.png HTTP/1.1" 200 7627 "http://whereshouldiski.com/styles/0fffd548.main.css" "Mozilla/5.0 (Macintosh; Intel Mac OS X 10_10_5) AppleWebKit/537.36 (KHTML, like Gecko) Chrome/47.0.2526.106 Safari/537.36"
98.215.244.124 - - [23/Dec/2015:15:23:33 -0800] "GET /images/shading-53px.png HTTP/1.1" 200 548 "http://whereshouldiski.com/styles/0fffd548.main.css" "Mozilla/5.0 (Macintosh; Intel Mac OS X 10_10_5) AppleWebKit/537.36 (KHTML, like Gecko) Chrome/47.0.2526.106 Safari/537.36"
98.215.244.124 - - [23/Dec/2015:15:23:33 -0800] "GET /images/snowforecast-logo.jpg HTTP/1.1" 200 22988 "http://whereshouldiski.com/" "Mozilla/5.0 (Macintosh; Intel Mac OS X 10_10_5) AppleWebKit/537.36 (KHTML, like Gecko) Chrome/47.0.2526.106 Safari/537.36"
98.215.244.124 - - [23/Dec/2015:15:23:33 -0800] "GET /images/opensnow_logo.png HTTP/1.1" 200 11777 "http://whereshouldiski.com/" "Mozilla/5.0 (Macintosh; Intel Mac OS X 10_10_5) AppleWebKit/537.36 (KHTML, like Gecko) Chrome/47.0.2526.106 Safari/537.36"
98.215.244.124 - - [23/Dec/2015:15:23:39 -0800] "GET /lib/reccapi.php?fields=t HTTP/1.1" 200 1890 "http://whereshouldiski.com/" "Mozilla/5.0 (Macintosh; Intel Mac OS X 10_10_5) AppleWebKit/537.36 (KHTML, like Gecko) Chrome/47.0.2526.106 Safari/537.36"
127.0.0.1 - - [23/Dec/2015:15:23:47 -0800] "OPTIONS * HTTP/1.0" 200 126 "-" "Apache/2.2.22 (Ubuntu) (internal dummy connection)"
170.75.162.130 - - [23/Dec/2015:15:24:07 -0800] "GET /lib/reccapi.php?resort=northstar-at-tahoe HTTP/1.1" 200 1033 "-" "node-superagent/1.4.0"
98.215.244.124 - - [23/Dec/2015:15:25:49 -0800] "GET /lib/reccapi.php?fields=t&coords=39.7100363,-89.62031859999999 HTTP/1.1" 200 1998 "http://localhost:9000/" "Mozilla/5.0 (Macintosh; Intel Mac OS X 10_10_5) AppleWebKit/537.36 (KHTML, like Gecko) Chrome/47.0.2526.106 Safari/537.36"
98.215.244.124 - - [23/Dec/2015:15:26:08 -0800] "-" 408 0 "-" "-"
98.215.244.124 - - [23/Dec/2015:15:26:08 -0800] "-" 408 0 "-" "-"
98.215.244.124 - - [23/Dec/2015:15:26:08 -0800] "-" 408 0 "-" "-"
98.215.244.124 - - [23/Dec/2015:15:27:29 -0800] "GET /images/logo-sm.png HTTP/1.1" 200 16738 "http://whereshouldiski.com/" "Mozilla/5.0 (Macintosh; Intel Mac OS X 10_10_5) AppleWebKit/537.36 (KHTML, like Gecko) Chrome/47.0.2526.106 Safari/537.36"
98.215.244.124 - - [23/Dec/2015:15:27:29 -0800] "GET /styles/0fffd548.main.css HTTP/1.1" 200 19317 "http://whereshouldiski.com/" "Mozilla/5.0 (Macintosh; Intel Mac OS X 10_10_5) AppleWebKit/537.36 (KHTML, like Gecko) Chrome/47.0.2526.106 Safari/537.36"
98.215.244.124 - - [23/Dec/2015:15:27:29 -0800] "GET /scripts/fa48e319.main.js HTTP/1.1" 200 123455 "http://whereshouldiski.com/" "Mozilla/5.0 (Macintosh; Intel Mac OS X 10_10_5) AppleWebKit/537.36 (KHTML, like Gecko) Chrome/47.0.2526.106 Safari/537.36"
98.215.244.124 - - [23/Dec/2015:15:27:31 -0800] "GET /lib/reccapi.php?fields=t HTTP/1.1" 200 1889 "http://whereshouldiski.com/" "Mozilla/5.0 (Macintosh; Intel Mac OS X 10_10_5) AppleWebKit/537.36 (KHTML, like Gecko) Chrome/47.0.2526.106 Safari/537.36"
127.0.0.1 - - [23/Dec/2015:15:27:46 -0800] "OPTIONS * HTTP/1.0" 200 126 "-" "Apache/2.2.22 (Ubuntu) (internal dummy connection)"
170.75.162.130 - - [23/Dec/2015:15:29:48 -0800] "GET /lib/reccapi.php?resort=cannonmountain HTTP/1.1" 200 991 "-" "node-superagent/1.4.0"
170.75.162.130 - - [23/Dec/2015:15:29:48 -0800] "GET /lib/reccapi.php?resort=killington HTTP/1.1" 200 1082 "-" "node-superagent/1.4.0"
170.75.162.130 - - [23/Dec/2015:15:29:48 -0800] "GET /lib/reccapi.php?resort=madriverglen HTTP/1.1" 200 1065 "-" "node-superagent/1.4.0"
170.75.162.130 - - [23/Dec/2015:15:29:48 -0800] "GET /lib/reccapi.php?resort=smugglersnotch HTTP/1.1" 200 1009 "-" "node-superagent/1.4.0"
170.75.162.130 - - [23/Dec/2015:15:29:48 -0800] "GET /lib/reccapi.php?resort=stowe HTTP/1.1" 200 1017 "-" "node-superagent/1.4.0"
170.75.162.130 - - [23/Dec/2015:15:29:49 -0800] "GET /lib/reccapi.php?resort=sugarbush HTTP/1.1" 200 1081 "-" "node-superagent/1.4.0"
170.75.162.130 - - [23/Dec/2015:15:29:49 -0800] "GET /lib/reccapi.php?resort=sugarloaf HTTP/1.1" 200 1008 "-" "node-superagent/1.4.0"
170.75.162.130 - - [23/Dec/2015:15:29:49 -0800] "GET /lib/reccapi.php?resort=sundayriver HTTP/1.1" 200 1012 "-" "node-superagent/1.4.0"
170.75.162.130 - - [23/Dec/2015:15:29:49 -0800] "GET /lib/reccapi.php?resort=wildcatmountain HTTP/1.1" 200 1013 "-" "node-superagent/1.4.0"
98.215.244.124 - - [23/Dec/2015:15:30:06 -0800] "GET /lib/reccapi.php?fields=t&coords=39.7100363,-89.62031859999999 HTTP/1.1" 200 1998 "http://localhost:9000/" "Mozilla/5.0 (Macintosh; Intel Mac OS X 10_10_5) AppleWebKit/537.36 (KHTML, like Gecko) Chrome/47.0.2526.106 Safari/537.36"
98.215.244.124 - - [23/Dec/2015:15:30:11 -0800] "GET /lib/reccapi.php?resort=crystalmountain&date=2015-12-23 HTTP/1.1" 200 1065 "http://localhost:9000/" "Mozilla/5.0 (Macintosh; Intel Mac OS X 10_10_5) AppleWebKit/537.36 (KHTML, like Gecko) Chrome/47.0.2526.106 Safari/537.36"
98.215.244.124 - - [23/Dec/2015:15:30:11 -0800] "GET /lib/reccapi.php?fields=t&coords=39.7100363,-89.62031859999999&date=2015-12-23&coords=46.92%2C-121.49&size=7&sort=distance HTTP/1.1" 200 1403 "http://localhost:9000/" "Mozilla/5.0 (Macintosh; Intel Mac OS X 10_10_5) AppleWebKit/537.36 (KHTML, like Gecko) Chrome/47.0.2526.106 Safari/537.36"
98.215.244.124 - - [23/Dec/2015:15:30:11 -0800] "GET /lib/resortDataSearchD3.php?size=7&sortDate=T&resort=crystalmountain&dateStart=2015-12-21 HTTP/1.1" 200 873 "http://localhost:9000/" "Mozilla/5.0 (Macintosh; Intel Mac OS X 10_10_5) AppleWebKit/537.36 (KHTML, like Gecko) Chrome/47.0.2526.106 Safari/537.36"
98.215.244.124 - - [23/Dec/2015:15:30:21 -0800] "GET /lib/reccapi.php?fields=t&coords=39.7100363,-89.62031859999999 HTTP/1.1" 200 1998 "http://localhost:9000/" "Mozilla/5.0 (Macintosh; Intel Mac OS X 10_10_5) AppleWebKit/537.36 (KHTML, like Gecko) Chrome/47.0.2526.106 Safari/537.36"
98.215.244.124 - - [23/Dec/2015:15:30:30 -0800] "GET /lib/reccapi.php?fields=t&coords=39.7100363,-89.62031859999999&state=WA HTTP/1.1" 200 1633 "http://localhost:9000/" "Mozilla/5.0 (Macintosh; Intel Mac OS X 10_10_5) AppleWebKit/537.36 (KHTML, like Gecko) Chrome/47.0.2526.106 Safari/537.36"
98.215.244.124 - - [23/Dec/2015:15:30:42 -0800] "-" 408 0 "-" "-"
98.215.244.124 - - [23/Dec/2015:15:30:42 -0800] "-" 408 0 "-" "-"
98.215.244.124 - - [23/Dec/2015:15:30:42 -0800] "-" 408 0 "-" "-"
98.215.244.124 - - [23/Dec/2015:15:30:43 -0800] "-" 408 0 "-" "-"
98.215.244.124 - - [23/Dec/2015:15:32:49 -0800] "GET /styles/0fffd548.main.css HTTP/1.1" 200 19317 "http://whereshouldiski.com/" "Mozilla/5.0 (Macintosh; Intel Mac OS X 10_10_5) AppleWebKit/537.36 (KHTML, like Gecko) Chrome/47.0.2526.106 Safari/537.36"
98.215.244.124 - - [23/Dec/2015:15:32:49 -0800] "GET /images/logo-sm.png HTTP/1.1" 200 16738 "http://whereshouldiski.com/" "Mozilla/5.0 (Macintosh; Intel Mac OS X 10_10_5) AppleWebKit/537.36 (KHTML, like Gecko) Chrome/47.0.2526.106 Safari/537.36"
98.215.244.124 - - [23/Dec/2015:15:32:50 -0800] "GET /images/logo-sm.png HTTP/1.1" 200 16737 "http://whereshouldiski.com/" "Mozilla/5.0 (Macintosh; Intel Mac OS X 10_10_5) AppleWebKit/537.36 (KHTML, like Gecko) Chrome/47.0.2526.106 Safari/537.36"
98.215.244.124 - - [23/Dec/2015:15:32:50 -0800] "GET /styles/0fffd548.main.css HTTP/1.1" 200 19316 "http://whereshouldiski.com/" "Mozilla/5.0 (Macintosh; Intel Mac OS X 10_10_5) AppleWebKit/537.36 (KHTML, like Gecko) Chrome/47.0.2526.106 Safari/537.36"
98.215.244.124 - - [23/Dec/2015:15:32:50 -0800] "GET /scripts/fa48e319.main.js HTTP/1.1" 200 123455 "http://whereshouldiski.com/" "Mozilla/5.0 (Macintosh; Intel Mac OS X 10_10_5) AppleWebKit/537.36 (KHTML, like Gecko) Chrome/47.0.2526.106 Safari/537.36"
98.215.244.124 - - [23/Dec/2015:15:32:51 -0800] "GET /lib/reccapi.php?fields=t HTTP/1.1" 200 1889 "http://whereshouldiski.com/" "Mozilla/5.0 (Macintosh; Intel Mac OS X 10_10_5) AppleWebKit/537.36 (KHTML, like Gecko) Chrome/47.0.2526.106 Safari/537.36"
98.215.244.124 - - [23/Dec/2015:15:32:52 -0800] "GET / HTTP/1.1" 200 2614 "-" "Mozilla/5.0 (Macintosh; Intel Mac OS X 10_10_5) AppleWebKit/537.36 (KHTML, like Gecko) Chrome/47.0.2526.106 Safari/537.36"
98.215.244.124 - - [23/Dec/2015:15:32:52 -0800] "GET /scripts/scripts/vendor/modernizr.js HTTP/1.1" 200 4902 "http://whereshouldiski.com/" "Mozilla/5.0 (Macintosh; Intel Mac OS X 10_10_5) AppleWebKit/537.36 (KHTML, like Gecko) Chrome/47.0.2526.106 Safari/537.36"
98.215.244.124 - - [23/Dec/2015:15:32:52 -0800] "GET /images/logo-square-white-sm.png HTTP/1.1" 200 1684 "http://whereshouldiski.com/" "Mozilla/5.0 (Macintosh; Intel Mac OS X 10_10_5) AppleWebKit/537.36 (KHTML, like Gecko) Chrome/47.0.2526.106 Safari/537.36"
98.215.244.124 - - [23/Dec/2015:15:32:52 -0800] "GET /bower_components/requirejs/require.js HTTP/1.1" 200 6702 "http://whereshouldiski.com/" "Mozilla/5.0 (Macintosh; Intel Mac OS X 10_10_5) AppleWebKit/537.36 (KHTML, like Gecko) Chrome/47.0.2526.106 Safari/537.36"
98.215.244.124 - - [23/Dec/2015:15:32:52 -0800] "GET /styles/ee08faa9.main.css HTTP/1.1" 200 19446 "http://whereshouldiski.com/" "Mozilla/5.0 (Macintosh; Intel Mac OS X 10_10_5) AppleWebKit/537.36 (KHTML, like Gecko) Chrome/47.0.2526.106 Safari/537.36"
98.215.244.124 - - [23/Dec/2015:15:32:52 -0800] "GET /images/loading.gif HTTP/1.1" 200 13881 "http://whereshouldiski.com/" "Mozilla/5.0 (Macintosh; Intel Mac OS X 10_10_5) AppleWebKit/537.36 (KHTML, like Gecko) Chrome/47.0.2526.106 Safari/537.36"
98.215.244.124 - - [23/Dec/2015:15:32:53 -0800] "GET /scripts/fa48e319.main.js HTTP/1.1" 200 123455 "http://whereshouldiski.com/" "Mozilla/5.0 (Macintosh; Intel Mac OS X 10_10_5) AppleWebKit/537.36 (KHTML, like Gecko) Chrome/47.0.2526.106 Safari/537.36"
98.215.244.124 - - [23/Dec/2015:15:32:53 -0800] "GET /images/button.png HTTP/1.1" 200 598 "http://whereshouldiski.com/" "Mozilla/5.0 (Macintosh; Intel Mac OS X 10_10_5) AppleWebKit/537.36 (KHTML, like Gecko) Chrome/47.0.2526.106 Safari/537.36"
98.215.244.124 - - [23/Dec/2015:15:32:53 -0800] "GET /images/greyHeader.png HTTP/1.1" 200 508 "http://whereshouldiski.com/" "Mozilla/5.0 (Macintosh; Intel Mac OS X 10_10_5) AppleWebKit/537.36 (KHTML, like Gecko) Chrome/47.0.2526.106 Safari/537.36"
98.215.244.124 - - [23/Dec/2015:15:32:53 -0800] "GET /lib/reccapi.php?fields=t HTTP/1.1" 200 1889 "http://whereshouldiski.com/" "Mozilla/5.0 (Macintosh; Intel Mac OS X 10_10_5) AppleWebKit/537.36 (KHTML, like Gecko) Chrome/47.0.2526.106 Safari/537.36"
98.215.244.124 - - [23/Dec/2015:15:32:54 -0800] "GET /favicon.ico HTTP/1.1" 200 4612 "http://whereshouldiski.com/" "Mozilla/5.0 (Macintosh; Intel Mac OS X 10_10_5) AppleWebKit/537.36 (KHTML, like Gecko) Chrome/47.0.2526.106 Safari/537.36"
98.215.244.124 - - [23/Dec/2015:15:32:54 -0800] "GET /favicon.ico HTTP/1.1" 304 186 "http://whereshouldiski.com/" "Mozilla/5.0 (Macintosh; Intel Mac OS X 10_10_5) AppleWebKit/537.36 (KHTML, like Gecko) Chrome/47.0.2526.106 Safari/537.36"
98.215.244.124 - - [23/Dec/2015:15:32:55 -0800] "GET /lib/reccapi.php?fields=t&coords=39.7101943,-89.62031909999999 HTTP/1.1" 200 1998 "http://whereshouldiski.com/" "Mozilla/5.0 (Macintosh; Intel Mac OS X 10_10_5) AppleWebKit/537.36 (KHTML, like Gecko) Chrome/47.0.2526.106 Safari/537.36"
98.215.244.124 - - [23/Dec/2015:15:33:02 -0800] "GET /scripts/server/resorts.json HTTP/1.1" 200 8662 "http://whereshouldiski.com/" "Mozilla/5.0 (Macintosh; Intel Mac OS X 10_10_5) AppleWebKit/537.36 (KHTML, like Gecko) Chrome/47.0.2526.106 Safari/537.36"
98.215.244.124 - - [23/Dec/2015:15:33:08 -0800] "GET /lib/reccapi.php?resort=ferniealpine&date=2015-12-23 HTTP/1.1" 200 949 "http://whereshouldiski.com/" "Mozilla/5.0 (Macintosh; Intel Mac OS X 10_10_5) AppleWebKit/537.36 (KHTML, like Gecko) Chrome/47.0.2526.106 Safari/537.36"
98.215.244.124 - - [23/Dec/2015:15:33:09 -0800] "GET /lib/reccapi.php?fields=t&date=2015-12-23&coords=49.4625%2C-115.087&size=7&sort=distance HTTP/1.1" 200 1384 "http://whereshouldiski.com/" "Mozilla/5.0 (Macintosh; Intel Mac OS X 10_10_5) AppleWebKit/537.36 (KHTML, like Gecko) Chrome/47.0.2526.106 Safari/537.36"
98.215.244.124 - - [23/Dec/2015:15:33:09 -0800] "GET /lib/resortDataSearchD3.php?size=7&sortDate=T&resort=ferniealpine&dateStart=2015-12-21 HTTP/1.1" 200 862 "http://whereshouldiski.com/" "Mozilla/5.0 (Macintosh; Intel Mac OS X 10_10_5) AppleWebKit/537.36 (KHTML, like Gecko) Chrome/47.0.2526.106 Safari/537.36"
98.215.244.124 - - [23/Dec/2015:15:33:09 -0800] "GET /images/snowforecast-logo.jpg HTTP/1.1" 200 22989 "http://whereshouldiski.com/" "Mozilla/5.0 (Macintosh; Intel Mac OS X 10_10_5) AppleWebKit/537.36 (KHTML, like Gecko) Chrome/47.0.2526.106 Safari/537.36"
98.215.244.124 - - [23/Dec/2015:15:33:15 -0800] "GET /lib/reccapi.php?fields=t&coords=39.7101943,-89.62031909999999 HTTP/1.1" 200 1999 "http://whereshouldiski.com/" "Mozilla/5.0 (Macintosh; Intel Mac OS X 10_10_5) AppleWebKit/537.36 (KHTML, like Gecko) Chrome/47.0.2526.106 Safari/537.36"
98.215.244.124 - - [23/Dec/2015:15:33:19 -0800] "GET /lib/reccapi.php?fields=t&coords=39.7101943,-89.62031909999999&distance=400 HTTP/1.1" 200 1346 "http://whereshouldiski.com/" "Mozilla/5.0 (Macintosh; Intel Mac OS X 10_10_5) AppleWebKit/537.36 (KHTML, like Gecko) Chrome/47.0.2526.106 Safari/537.36"
98.215.244.124 - - [23/Dec/2015:15:33:19 -0800] "GET /images/greenHeader.png HTTP/1.1" 200 508 "http://whereshouldiski.com/styles/ee08faa9.main.css" "Mozilla/5.0 (Macintosh; Intel Mac OS X 10_10_5) AppleWebKit/537.36 (KHTML, like Gecko) Chrome/47.0.2526.106 Safari/537.36"
98.215.244.124 - - [23/Dec/2015:15:33:22 -0800] "GET /lib/reccapi.php?fields=t&coords=39.7101943,-89.62031909999999 HTTP/1.1" 200 1998 "http://whereshouldiski.com/" "Mozilla/5.0 (Macintosh; Intel Mac OS X 10_10_5) AppleWebKit/537.36 (KHTML, like Gecko) Chrome/47.0.2526.106 Safari/537.36"
98.215.244.124 - - [23/Dec/2015:15:33:25 -0800] "GET /lib/reccapi.php?fields=t&coords=39.7101943,-89.62031909999999&date=2015-12-25 HTTP/1.1" 200 1996 "http://whereshouldiski.com/" "Mozilla/5.0 (Macintosh; Intel Mac OS X 10_10_5) AppleWebKit/537.36 (KHTML, like Gecko) Chrome/47.0.2526.106 Safari/537.36"
98.215.244.124 - - [23/Dec/2015:15:33:31 -0800] "GET /lib/reccapi.php?fields=t&coords=39.7101943,-89.62031909999999 HTTP/1.1" 200 1999 "http://whereshouldiski.com/" "Mozilla/5.0 (Macintosh; Intel Mac OS X 10_10_5) AppleWebKit/537.36 (KHTML, like Gecko) Chrome/47.0.2526.106 Safari/537.36"
127.0.0.1 - - [23/Dec/2015:15:33:39 -0800] "OPTIONS * HTTP/1.0" 200 126 "-" "Apache/2.2.22 (Ubuntu) (internal dummy connection)"
98.215.244.124 - - [23/Dec/2015:15:34:25 -0800] "GET / HTTP/1.1" 200 2615 "-" "Mozilla/5.0 (iPhone; CPU iPhone OS 9_2 like Mac OS X) AppleWebKit/601.1.46 (KHTML, like Gecko) Version/9.0 Mobile/13C75 Safari/601.1"
98.215.244.124 - - [23/Dec/2015:15:34:25 -0800] "GET /styles/ee08faa9.main.css HTTP/1.1" 200 19446 "http://whereshouldiski.com/" "Mozilla/5.0 (iPhone; CPU iPhone OS 9_2 like Mac OS X) AppleWebKit/601.1.46 (KHTML, like Gecko) Version/9.0 Mobile/13C75 Safari/601.1"
98.215.244.124 - - [23/Dec/2015:15:34:26 -0800] "GET /images/logo-square-white-sm.png HTTP/1.1" 200 1684 "http://whereshouldiski.com/" "Mozilla/5.0 (iPhone; CPU iPhone OS 9_2 like Mac OS X) AppleWebKit/601.1.46 (KHTML, like Gecko) Version/9.0 Mobile/13C75 Safari/601.1"
98.215.244.124 - - [23/Dec/2015:15:34:27 -0800] "GET /lib/reccapi.php?fields=t HTTP/1.1" 200 1889 "http://whereshouldiski.com/" "Mozilla/5.0 (iPhone; CPU iPhone OS 9_2 like Mac OS X) AppleWebKit/601.1.46 (KHTML, like Gecko) Version/9.0 Mobile/13C75 Safari/601.1"
98.215.244.124 - - [23/Dec/2015:15:34:28 -0800] "GET /lib/reccapi.php?fields=t&coords=39.71019033477059,-89.6202784500259 HTTP/1.1" 200 1999 "http://whereshouldiski.com/" "Mozilla/5.0 (iPhone; CPU iPhone OS 9_2 like Mac OS X) AppleWebKit/601.1.46 (KHTML, like Gecko) Version/9.0 Mobile/13C75 Safari/601.1"
98.215.244.124 - - [23/Dec/2015:15:34:32 -0800] "GET /lib/reccapi.php?resort=mountwashingtonalpine&date=2015-12-24 HTTP/1.1" 200 970 "http://whereshouldiski.com/" "Mozilla/5.0 (iPhone; CPU iPhone OS 9_2 like Mac OS X) AppleWebKit/601.1.46 (KHTML, like Gecko) Version/9.0 Mobile/13C75 Safari/601.1"
98.215.244.124 - - [23/Dec/2015:15:34:33 -0800] "GET /lib/reccapi.php?fields=t&date=2015-12-24&coords=49.7383%2C-125.299&size=7&sort=distance HTTP/1.1" 200 1395 "http://whereshouldiski.com/" "Mozilla/5.0 (iPhone; CPU iPhone OS 9_2 like Mac OS X) AppleWebKit/601.1.46 (KHTML, like Gecko) Version/9.0 Mobile/13C75 Safari/601.1"
98.215.244.124 - - [23/Dec/2015:15:34:33 -0800] "GET /lib/resortDataSearchD3.php?size=7&sortDate=T&resort=mountwashingtonalpine&dateStart=2015-12-22 HTTP/1.1" 200 871 "http://whereshouldiski.com/" "Mozilla/5.0 (iPhone; CPU iPhone OS 9_2 like Mac OS X) AppleWebKit/601.1.46 (KHTML, like Gecko) Version/9.0 Mobile/13C75 Safari/601.1"
98.215.244.124 - - [23/Dec/2015:15:34:39 -0800] "GET /lib/reccapi.php?fields=t&coords=39.71019033477059,-89.6202784500259 HTTP/1.1" 200 2000 "http://whereshouldiski.com/" "Mozilla/5.0 (iPhone; CPU iPhone OS 9_2 like Mac OS X) AppleWebKit/601.1.46 (KHTML, like Gecko) Version/9.0 Mobile/13C75 Safari/601.1"
98.215.244.124 - - [23/Dec/2015:15:34:53 -0800] "GET /lib/reccapi.php?fields=t&coords=39.71019033477059,-89.6202784500259&date=2015-12-28 HTTP/1.1" 200 1865 "http://whereshouldiski.com/" "Mozilla/5.0 (iPhone; CPU iPhone OS 9_2 like Mac OS X) AppleWebKit/601.1.46 (KHTML, like Gecko) Version/9.0 Mobile/13C75 Safari/601.1"
98.215.244.124 - - [23/Dec/2015:15:34:56 -0800] "GET /lib/reccapi.php?resort=alyeska&date=2015-12-28 HTTP/1.1" 200 981 "http://whereshouldiski.com/" "Mozilla/5.0 (iPhone; CPU iPhone OS 9_2 like Mac OS X) AppleWebKit/601.1.46 (KHTML, like Gecko) Version/9.0 Mobile/13C75 Safari/601.1"
98.215.244.124 - - [23/Dec/2015:15:34:56 -0800] "GET /lib/reccapi.php?fields=t&coords=39.71019033477059,-89.6202784500259&date=2015-12-28&coords=60.94%2C-148.95&size=7&sort=distance HTTP/1.1" 200 1309 "http://whereshouldiski.com/" "Mozilla/5.0 (iPhone; CPU iPhone OS 9_2 like Mac OS X) AppleWebKit/601.1.46 (KHTML, like Gecko) Version/9.0 Mobile/13C75 Safari/601.1"
98.215.244.124 - - [23/Dec/2015:15:34:56 -0800] "GET /lib/resortDataSearchD3.php?size=7&sortDate=T&resort=alyeska&dateStart=2015-12-26 HTTP/1.1" 200 529 "http://whereshouldiski.com/" "Mozilla/5.0 (iPhone; CPU iPhone OS 9_2 like Mac OS X) AppleWebKit/601.1.46 (KHTML, like Gecko) Version/9.0 Mobile/13C75 Safari/601.1"
98.215.244.124 - - [23/Dec/2015:15:35:00 -0800] "GET /lib/reccapi.php?fields=t&coords=39.71019033477059,-89.6202784500259&date=2015-12-28 HTTP/1.1" 200 1864 "http://whereshouldiski.com/" "Mozilla/5.0 (iPhone; CPU iPhone OS 9_2 like Mac OS X) AppleWebKit/601.1.46 (KHTML, like Gecko) Version/9.0 Mobile/13C75 Safari/601.1"
98.215.244.124 - - [23/Dec/2015:15:35:02 -0800] "GET /lib/reccapi.php?resort=pajaritomountain&date=2015-12-28 HTTP/1.1" 200 1021 "http://whereshouldiski.com/" "Mozilla/5.0 (iPhone; CPU iPhone OS 9_2 like Mac OS X) AppleWebKit/601.1.46 (KHTML, like Gecko) Version/9.0 Mobile/13C75 Safari/601.1"
98.215.244.124 - - [23/Dec/2015:15:35:02 -0800] "GET /lib/reccapi.php?fields=t&coords=39.71019033477059,-89.6202784500259&date=2015-12-28&coords=35.89%2C-106.41&size=7&sort=distance HTTP/1.1" 200 1363 "http://whereshouldiski.com/" "Mozilla/5.0 (iPhone; CPU iPhone OS 9_2 like Mac OS X) AppleWebKit/601.1.46 (KHTML, like Gecko) Version/9.0 Mobile/13C75 Safari/601.1"
98.215.244.124 - - [23/Dec/2015:15:35:02 -0800] "GET /lib/resortDataSearchD3.php?size=7&sortDate=T&resort=pajaritomountain&dateStart=2015-12-26 HTTP/1.1" 200 533 "http://whereshouldiski.com/" "Mozilla/5.0 (iPhone; CPU iPhone OS 9_2 like Mac OS X) AppleWebKit/601.1.46 (KHTML, like Gecko) Version/9.0 Mobile/13C75 Safari/601.1"
98.215.244.124 - - [23/Dec/2015:15:35:07 -0800] "GET /lib/reccapi.php?fields=t&coords=39.71019033477059,-89.6202784500259&date=2015-12-28 HTTP/1.1" 200 1865 "http://whereshouldiski.com/" "Mozilla/5.0 (iPhone; CPU iPhone OS 9_2 like Mac OS X) AppleWebKit/601.1.46 (KHTML, like Gecko) Version/9.0 Mobile/13C75 Safari/601.1"
140.142.102.128 - - [23/Dec/2015:15:46:17 -0800] "GET /recommendations HTTP/1.1" 404 506 "-" "Mozilla/5.0 (Macintosh; Intel Mac OS X 10_10_5) AppleWebKit/537.36 (KHTML, like Gecko) Chrome/46.0.2490.80 Safari/537.36"
140.142.102.128 - - [23/Dec/2015:15:46:18 -0800] "GET /favicon.ico HTTP/1.1" 200 4612 "http://whereshouldiski.com/recommendations" "Mozilla/5.0 (Macintosh; Intel Mac OS X 10_10_5) AppleWebKit/537.36 (KHTML, like Gecko) Chrome/46.0.2490.80 Safari/537.36"
170.75.162.130 - - [23/Dec/2015:15:50:00 -0800] "GET /lib/reccapi.php?resort=schweitzer HTTP/1.1" 200 1027 "-" "node-superagent/1.4.0"
170.75.162.130 - - [23/Dec/2015:15:53:41 -0800] "GET /lib/reccapi.php?resort=squawvalleyusa HTTP/1.1" 200 1070 "-" "node-superagent/1.4.0"
170.75.162.130 - - [23/Dec/2015:15:56:31 -0800] "GET /lib/reccapi.php?resort=silverstarmountain HTTP/1.1" 200 933 "-" "node-superagent/1.4.0"
170.75.162.130 - - [23/Dec/2015:16:08:43 -0800] "GET /lib/reccapi.php?resort=taos HTTP/1.1" 200 1055 "-" "node-superagent/1.4.0"
170.75.162.130 - - [23/Dec/2015:16:13:44 -0800] "GET /lib/reccapi.php?resort=alta HTTP/1.1" 200 1103 "-" "node-superagent/1.4.0"
170.75.162.130 - - [23/Dec/2015:16:15:24 -0800] "GET /lib/reccapi.php?resort=angelfire HTTP/1.1" 200 1056 "-" "node-superagent/1.4.0"
170.75.162.130 - - [23/Dec/2015:16:15:24 -0800] "GET /lib/reccapi.php?resort=stevenspass HTTP/1.1" 200 1030 "-" "node-superagent/1.4.0"
170.75.162.130 - - [23/Dec/2015:16:15:44 -0800] "GET /lib/reccapi.php?resort=jaypeak HTTP/1.1" 200 1026 "-" "node-superagent/1.4.0"
170.75.162.130 - - [23/Dec/2015:16:23:16 -0800] "GET /lib/reccapi.php?resort=mountainhigh HTTP/1.1" 200 1029 "-" "node-superagent/1.4.0"
170.75.162.130 - - [23/Dec/2015:16:23:26 -0800] "GET /lib/reccapi.php?resort=redmountain HTTP/1.1" 200 913 "-" "node-superagent/1.4.0"
170.75.162.130 - - [23/Dec/2015:16:24:46 -0800] "GET /lib/reccapi.php?resort=whistlerblackcomb HTTP/1.1" 200 938 "-" "node-superagent/1.4.0"
222.186.56.107 - - [23/Dec/2015:16:32:14 -0800] "GET https://m.baidu.com/ HTTP/1.1" 200 6976 "-" "HttpClient"
170.75.162.130 - - [23/Dec/2015:16:32:37 -0800] "GET /lib/reccapi.php?resort=snowbird HTTP/1.1" 200 1103 "-" "node-superagent/1.4.0"
108.70.209.47 - - [23/Dec/2015:16:38:06 -0800] "GET / HTTP/1.1" 200 2615 "-" "Mozilla/5.0 (Macintosh; Intel Mac OS X 10_10_5) AppleWebKit/601.3.9 (KHTML, like Gecko)"
108.70.209.47 - - [23/Dec/2015:16:38:06 -0800] "GET /apple-touch-icon-precomposed.png HTTP/1.1" 404 521 "-" "Safari/10601.3.9 CFNetwork/720.5.7 Darwin/14.5.0 (x86_64)"
108.70.209.47 - - [23/Dec/2015:16:38:06 -0800] "GET /favicon.ico HTTP/1.1" 200 4613 "-" "Safari/10601.3.9 CFNetwork/720.5.7 Darwin/14.5.0 (x86_64)"
108.70.209.47 - - [23/Dec/2015:16:38:06 -0800] "GET /apple-touch-icon.png HTTP/1.1" 404 512 "-" "Safari/10601.3.9 CFNetwork/720.5.7 Darwin/14.5.0 (x86_64)"
108.70.209.47 - - [23/Dec/2015:16:38:07 -0800] "GET /apple-touch-icon-precomposed.png HTTP/1.1" 404 520 "-" "Safari/10601.3.9 CFNetwork/720.5.7 Darwin/14.5.0 (x86_64)"
108.70.209.47 - - [23/Dec/2015:16:38:07 -0800] "GET /apple-touch-icon.png HTTP/1.1" 404 512 "-" "Safari/10601.3.9 CFNetwork/720.5.7 Darwin/14.5.0 (x86_64)"
185.25.151.159 - - [23/Dec/2015:16:49:54 -0800] "GET http://testp4.pospr.waw.pl/testproxy.php HTTP/1.1" 404 448 "-" "Mozilla/5.0 (Windows NT 5.1; rv:32.0) Gecko/20100101 Firefox/31.0"
123.125.71.60 - - [23/Dec/2015:16:52:03 -0800] "GET / HTTP/1.1" 200 2578 "-" "Mozilla/5.0 (compatible; Baiduspider/2.0; +http://www.baidu.com/search/spider.html)"
123.125.71.115 - - [23/Dec/2015:16:53:29 -0800] "GET /robots.txt HTTP/1.1" 200 382 "-" "Mozilla/5.0 (Windows NT 5.1; rv:6.0.2) Gecko/20100101 Firefox/6.0.2"
170.75.162.130 - - [23/Dec/2015:16:59:01 -0800] "GET /lib/reccapi.php?resort=deervalley HTTP/1.1" 200 1165 "-" "node-superagent/1.4.0"
170.75.162.130 - - [23/Dec/2015:17:02:51 -0800] "GET /lib/reccapi.php?resort=arapahoebasin HTTP/1.1" 200 1123 "-" "node-superagent/1.4.0"
170.75.162.130 - - [23/Dec/2015:17:02:51 -0800] "GET /lib/reccapi.php?resort=keystone HTTP/1.1" 200 1107 "-" "node-superagent/1.4.0"
66.249.79.234 - - [23/Dec/2015:17:03:38 -0800] "GET /resorts?resort=grandtarghee HTTP/1.1" 404 506 "-" "SAMSUNG-SGH-E250/1.0 Profile/MIDP-2.0 Configuration/CLDC-1.1 UP.Browser/6.2.3.3.c.1.101 (GUI) MMP/2.0 (compatible; Googlebot-Mobile/2.1; +http://www.google.com/bot.html)"
170.75.162.130 - - [23/Dec/2015:17:04:01 -0800] "GET /lib/reccapi.php?resort=mountspokane HTTP/1.1" 200 1037 "-" "node-superagent/1.4.0"
172.245.224.226 - - [23/Dec/2015:17:14:19 -0800] "GET /robots.txt HTTP/1.0" 200 338 "-" "Mozilla/5.0 (compatible; MJ12bot/v1.4.5; http://www.majestic12.co.uk/bot.php?+)"
172.245.224.226 - - [23/Dec/2015:17:14:21 -0800] "GET /robots.txt HTTP/1.0" 200 338 "-" "Mozilla/5.0 (compatible; MJ12bot/v1.4.5; http://www.majestic12.co.uk/bot.php?+)"
170.75.162.130 - - [23/Dec/2015:17:19:23 -0800] "GET /lib/reccapi.php?resort=chinapeak HTTP/1.1" 200 988 "-" "node-superagent/1.4.0"
66.249.79.220 - - [23/Dec/2015:17:19:53 -0800] "GET / HTTP/1.1" 200 2615 "-" "Mozilla/5.0 (compatible; Googlebot/2.1; +http://www.google.com/bot.html)"
66.249.79.234 - - [23/Dec/2015:17:20:12 -0800] "GET /styles/ee08faa9.main.css HTTP/1.1" 200 19447 "http://whereshouldiski.com/" "Mozilla/5.0 (compatible; Googlebot/2.1; +http://www.google.com/bot.html)"
66.249.79.220 - - [23/Dec/2015:17:20:13 -0800] "GET /lib/reccapi.php?fields=t HTTP/1.1" 200 1890 "http://whereshouldiski.com/" "Mozilla/5.0 (compatible; Googlebot/2.1; +http://www.google.com/bot.html)"
170.75.162.130 - - [23/Dec/2015:17:21:24 -0800] "GET /lib/reccapi.php?resort=sunvalley HTTP/1.1" 200 1116 "-" "node-superagent/1.4.0"
170.75.162.130 - - [23/Dec/2015:17:22:44 -0800] "GET /lib/reccapi.php?resort=aspenheights HTTP/1.1" 200 1056 "-" "node-superagent/1.4.0"
220.181.108.178 - - [23/Dec/2015:17:49:38 -0800] "-" 408 0 "-" "-"
70.195.194.67 - - [23/Dec/2015:17:51:06 -0800] "GET / HTTP/1.1" 200 2615 "-" "Mozilla/5.0 (Linux; Android 5.0; SM-G900V Build/LRX21T) AppleWebKit/537.36 (KHTML, like Gecko) Chrome/47.0.2526.83 Mobile Safari/537.36"
70.195.194.67 - - [23/Dec/2015:17:51:06 -0800] "GET /styles/ee08faa9.main.css HTTP/1.1" 200 19446 "http://whereshouldiski.com/" "Mozilla/5.0 (Linux; Android 5.0; SM-G900V Build/LRX21T) AppleWebKit/537.36 (KHTML, like Gecko) Chrome/47.0.2526.83 Mobile Safari/537.36"
70.195.194.67 - - [23/Dec/2015:17:51:07 -0800] "GET /images/logo-square-white-sm.png HTTP/1.1" 200 1684 "http://whereshouldiski.com/" "Mozilla/5.0 (Linux; Android 5.0; SM-G900V Build/LRX21T) AppleWebKit/537.36 (KHTML, like Gecko) Chrome/47.0.2526.83 Mobile Safari/537.36"
70.195.194.67 - - [23/Dec/2015:17:51:08 -0800] "GET /lib/reccapi.php?fields=t HTTP/1.1" 200 1889 "http://whereshouldiski.com/" "Mozilla/5.0 (Linux; Android 5.0; SM-G900V Build/LRX21T) AppleWebKit/537.36 (KHTML, like Gecko) Chrome/47.0.2526.83 Mobile Safari/537.36"
70.195.194.67 - - [23/Dec/2015:17:51:08 -0800] "GET /lib/reccapi.php?fields=t&coords=32.4322236,-99.7862497 HTTP/1.1" 200 1980 "http://whereshouldiski.com/" "Mozilla/5.0 (Linux; Android 5.0; SM-G900V Build/LRX21T) AppleWebKit/537.36 (KHTML, like Gecko) Chrome/47.0.2526.83 Mobile Safari/537.36"
70.195.194.67 - - [23/Dec/2015:17:51:35 -0800] "GET /lib/reccapi.php?fields=t&coords=32.4322236,-99.7862497&region=Southwest HTTP/1.1" 200 1426 "http://whereshouldiski.com/" "Mozilla/5.0 (Linux; Android 5.0; SM-G900V Build/LRX21T) AppleWebKit/537.36 (KHTML, like Gecko) Chrome/47.0.2526.83 Mobile Safari/537.36"
70.195.194.67 - - [23/Dec/2015:17:51:55 -0800] "GET /lib/reccapi.php?fields=t&coords=32.4322236,-99.7862497 HTTP/1.1" 200 1981 "http://whereshouldiski.com/" "Mozilla/5.0 (Linux; Android 5.0; SM-G900V Build/LRX21T) AppleWebKit/537.36 (KHTML, like Gecko) Chrome/47.0.2526.83 Mobile Safari/537.36"
70.195.194.67 - - [23/Dec/2015:17:52:17 -0800] "-" 408 0 "-" "-"
70.195.194.67 - - [23/Dec/2015:17:52:17 -0800] "-" 408 0 "-" "-"
70.195.194.67 - - [23/Dec/2015:17:52:17 -0800] "-" 408 0 "-" "-"
70.195.194.67 - - [23/Dec/2015:17:52:17 -0800] "-" 408 0 "-" "-"
70.195.194.67 - - [23/Dec/2015:17:52:17 -0800] "-" 408 0 "-" "-"
127.0.0.1 - - [23/Dec/2015:17:52:19 -0800] "OPTIONS * HTTP/1.0" 200 126 "-" "Apache/2.2.22 (Ubuntu) (internal dummy connection)"
170.75.162.130 - - [23/Dec/2015:18:06:40 -0800] "GET /lib/reccapi.php?resort=buttermilk HTTP/1.1" 200 1022 "-" "node-superagent/1.4.0"
170.75.162.130 - - [23/Dec/2015:18:06:40 -0800] "GET /lib/reccapi.php?resort=snowmass HTTP/1.1" 200 1024 "-" "node-superagent/1.4.0"
66.249.79.220 - - [23/Dec/2015:18:12:27 -0800] "GET /resorts?resort=whitewater&date=2013-12-07 HTTP/1.1" 404 506 "-" "Mozilla/5.0 (iPhone; CPU iPhone OS 8_3 like Mac OS X) AppleWebKit/600.1.4 (KHTML, like Gecko) Version/8.0 Mobile/12F70 Safari/600.1.4 (compatible; Googlebot/2.1; +http://www.google.com/bot.html)"
68.180.229.34 - - [23/Dec/2015:18:16:01 -0800] "GET /robots.txt HTTP/1.1" 200 319 "-" "Mozilla/5.0 (compatible; Yahoo! Slurp; http://help.yahoo.com/help/us/ysearch/slurp)"
68.180.229.34 - - [23/Dec/2015:18:16:02 -0800] "GET /resorts?resort=grandtarghee HTTP/1.1" 404 450 "-" "Mozilla/5.0 (compatible; Yahoo! Slurp; http://help.yahoo.com/help/us/ysearch/slurp)"
170.75.162.130 - - [23/Dec/2015:18:35:04 -0800] "GET /lib/reccapi.php?resort=diamondpeak HTTP/1.1" 200 955 "-" "node-superagent/1.4.0"
170.75.162.130 - - [23/Dec/2015:18:35:04 -0800] "GET /lib/reccapi.php?resort=heavenly HTTP/1.1" 200 1023 "-" "node-superagent/1.4.0"
170.75.162.130 - - [23/Dec/2015:18:35:04 -0800] "GET /lib/reccapi.php?resort=mtrose HTTP/1.1" 200 963 "-" "node-superagent/1.4.0"
123.125.71.81 - - [23/Dec/2015:18:37:15 -0800] "GET / HTTP/1.1" 200 2578 "-" "Mozilla/5.0 (Windows NT 5.1; rv:6.0.2) Gecko/20100101 Firefox/6.0.2"
123.125.71.87 - - [23/Dec/2015:18:37:16 -0800] "GET / HTTP/1.1" 200 6995 "-" "Mozilla/5.0 (Windows NT 5.1; rv:6.0.2) Gecko/20100101 Firefox/6.0.2"
170.75.162.130 - - [23/Dec/2015:18:42:25 -0800] "GET /lib/reccapi.php?resort=crystalmountain HTTP/1.1" 200 1033 "-" "node-superagent/1.4.0"
170.75.162.130 - - [23/Dec/2015:18:58:17 -0800] "GET /lib/reccapi.php?resort=mammothmountain HTTP/1.1" 200 1013 "-" "node-superagent/1.4.0"
66.249.79.234 - - [23/Dec/2015:18:58:25 -0800] "GET /lib/reccapi.php?resort=mountbaker&date=2015-12-20 HTTP/1.1" 200 1065 "http://whereshouldiski.com/" "Mozilla/5.0 (compatible; Googlebot/2.1; +http://www.google.com/bot.html)"
66.249.79.220 - - [23/Dec/2015:18:58:26 -0800] "GET /lib/reccapi.php?fields=t&date=2015-12-20&coords=48.86%2C-121.68&size=7&sort=distance HTTP/1.1" 200 1424 "http://whereshouldiski.com/" "Mozilla/5.0 (compatible; Googlebot/2.1; +http://www.google.com/bot.html)"
66.249.79.220 - - [23/Dec/2015:18:58:27 -0800] "GET /lib/resortDataSearchD3.php?size=7&sortDate=T&resort=mountbaker&dateStart=2015-12-18 HTTP/1.1" 200 877 "http://whereshouldiski.com/" "Mozilla/5.0 (compatible; Googlebot/2.1; +http://www.google.com/bot.html)"
66.249.79.227 - - [23/Dec/2015:19:04:33 -0800] "GET /lib/reccapi.php?resort=mountbaker&date=2015-12-21 HTTP/1.1" 200 1064 "http://whereshouldiski.com/" "Mozilla/5.0 (compatible; Googlebot/2.1; +http://www.google.com/bot.html)"
66.249.79.220 - - [23/Dec/2015:19:04:34 -0800] "GET /lib/reccapi.php?fields=t&date=2015-12-21&coords=48.86%2C-121.68&size=7&sort=distance HTTP/1.1" 200 1423 "http://whereshouldiski.com/" "Mozilla/5.0 (compatible; Googlebot/2.1; +http://www.google.com/bot.html)"
66.249.79.220 - - [23/Dec/2015:19:04:35 -0800] "GET /lib/resortDataSearchD3.php?size=7&sortDate=T&resort=mountbaker&dateStart=2015-12-19 HTTP/1.1" 200 874 "http://whereshouldiski.com/" "Mozilla/5.0 (compatible; Googlebot/2.1; +http://www.google.com/bot.html)"
188.68.224.62 - - [23/Dec/2015:19:14:27 -0800] "GET http://51.254.206.142/httptest.php HTTP/1.1" 404 448 "-" "-"
188.68.224.62 - - [23/Dec/2015:19:29:53 -0800] "GET http://51.254.206.142/httptest.php HTTP/1.1" 404 448 "-" "-"
170.75.162.130 - - [23/Dec/2015:19:33:52 -0800] "GET /lib/reccapi.php?resort=snowbasin HTTP/1.1" 200 1067 "-" "node-superagent/1.4.0"
170.75.162.130 - - [23/Dec/2015:19:36:32 -0800] "GET /lib/reccapi.php?resort=49degreesnorth HTTP/1.1" 200 1061 "-" "node-superagent/1.4.0"
170.75.162.130 - - [23/Dec/2015:19:36:32 -0800] "GET /lib/reccapi.php?resort=alpinemeadows HTTP/1.1" 200 1039 "-" "node-superagent/1.4.0"
170.75.162.130 - - [23/Dec/2015:19:36:32 -0800] "GET /lib/reccapi.php?resort=alyeska HTTP/1.1" 200 946 "-" "node-superagent/1.4.0"
170.75.162.130 - - [23/Dec/2015:19:36:32 -0800] "GET /lib/reccapi.php?resort=aspenmountain HTTP/1.1" 200 1058 "-" "node-superagent/1.4.0"
170.75.162.130 - - [23/Dec/2015:19:36:32 -0800] "GET /lib/reccapi.php?resort=bigsky HTTP/1.1" 200 1056 "-" "node-superagent/1.4.0"
170.75.162.130 - - [23/Dec/2015:19:36:32 -0800] "GET /lib/reccapi.php?resort=bigwhite HTTP/1.1" 200 924 "-" "node-superagent/1.4.0"
170.75.162.130 - - [23/Dec/2015:19:36:33 -0800] "GET /lib/reccapi.php?resort=brianhead HTTP/1.1" 200 1093 "-" "node-superagent/1.4.0"
170.75.162.130 - - [23/Dec/2015:19:36:33 -0800] "GET /lib/reccapi.php?resort=brighton HTTP/1.1" 200 1098 "-" "node-superagent/1.4.0"
170.75.162.130 - - [23/Dec/2015:19:36:33 -0800] "GET /lib/reccapi.php?resort=cannonmountain HTTP/1.1" 200 992 "-" "node-superagent/1.4.0"
170.75.162.130 - - [23/Dec/2015:19:36:33 -0800] "GET /lib/reccapi.php?resort=coppermountain HTTP/1.1" 200 1090 "-" "node-superagent/1.4.0"
170.75.162.130 - - [23/Dec/2015:19:36:33 -0800] "GET /lib/reccapi.php?resort=crestedbutte HTTP/1.1" 200 1068 "-" "node-superagent/1.4.0"
170.75.162.130 - - [23/Dec/2015:19:36:33 -0800] "GET /lib/reccapi.php?resort=devilshead HTTP/1.1" 200 1053 "-" "node-superagent/1.4.0"
170.75.162.130 - - [23/Dec/2015:19:37:32 -0800] "GET /lib/reccapi.php?resort=jacksonhole HTTP/1.1" 200 1088 "-" "node-superagent/1.4.0"
170.75.162.130 - - [23/Dec/2015:19:37:32 -0800] "GET /lib/reccapi.php?resort=homewoodmountain HTTP/1.1" 200 1071 "-" "node-superagent/1.4.0"
170.75.162.130 - - [23/Dec/2015:19:37:32 -0800] "GET /lib/reccapi.php?resort=grandtarghee HTTP/1.1" 200 1087 "-" "node-superagent/1.4.0"
170.75.162.130 - - [23/Dec/2015:19:37:32 -0800] "GET /lib/reccapi.php?resort=hoodoo HTTP/1.1" 200 1044 "-" "node-superagent/1.4.0"
170.75.162.130 - - [23/Dec/2015:19:37:32 -0800] "GET /lib/reccapi.php?resort=killington HTTP/1.1" 200 1082 "-" "node-superagent/1.4.0"
170.75.162.130 - - [23/Dec/2015:19:37:32 -0800] "GET /lib/reccapi.php?resort=kirkwood HTTP/1.1" 200 1093 "-" "node-superagent/1.4.0"
170.75.162.130 - - [23/Dec/2015:19:37:32 -0800] "GET /lib/reccapi.php?resort=loveland HTTP/1.1" 200 1083 "-" "node-superagent/1.4.0"
170.75.162.130 - - [23/Dec/2015:19:37:32 -0800] "GET /lib/reccapi.php?resort=monarch HTTP/1.1" 200 1062 "-" "node-superagent/1.4.0"
170.75.162.130 - - [23/Dec/2015:19:37:32 -0800] "GET /lib/reccapi.php?resort=mountbachelor HTTP/1.1" 200 1062 "-" "node-superagent/1.4.0"
170.75.162.130 - - [23/Dec/2015:19:37:32 -0800] "GET /lib/reccapi.php?resort=madriverglen HTTP/1.1" 200 1066 "-" "node-superagent/1.4.0"
170.75.162.130 - - [23/Dec/2015:19:37:32 -0800] "GET /lib/reccapi.php?resort=mounthoodmeadows HTTP/1.1" 200 1075 "-" "node-superagent/1.4.0"
170.75.162.130 - - [23/Dec/2015:19:37:32 -0800] "GET /lib/reccapi.php?resort=sierra-at-tahoe HTTP/1.1" 200 1037 "-" "node-superagent/1.4.0"
170.75.162.130 - - [23/Dec/2015:19:37:37 -0800] "GET /lib/reccapi.php?resort=smugglersnotch HTTP/1.1" 200 1012 "-" "node-superagent/1.4.0"
170.75.162.130 - - [23/Dec/2015:19:37:42 -0800] "GET /lib/reccapi.php?resort=stowe HTTP/1.1" 200 1015 "-" "node-superagent/1.4.0"
170.75.162.130 - - [23/Dec/2015:19:37:47 -0800] "GET /lib/reccapi.php?resort=steamboat HTTP/1.1" 200 1045 "-" "node-superagent/1.4.0"
170.75.162.130 - - [23/Dec/2015:19:37:52 -0800] "GET /lib/reccapi.php?resort=sugarbowl HTTP/1.1" 200 1053 "-" "node-superagent/1.4.0"
170.75.162.130 - - [23/Dec/2015:19:37:57 -0800] "GET /lib/reccapi.php?resort=sugarbush HTTP/1.1" 200 1080 "-" "node-superagent/1.4.0"
170.75.162.130 - - [23/Dec/2015:19:38:02 -0800] "GET /lib/reccapi.php?resort=sundayriver HTTP/1.1" 200 1015 "-" "node-superagent/1.4.0"
170.75.162.130 - - [23/Dec/2015:19:38:07 -0800] "GET /lib/reccapi.php?resort=sugarloaf HTTP/1.1" 200 1009 "-" "node-superagent/1.4.0"
170.75.162.130 - - [23/Dec/2015:19:38:12 -0800] "GET /lib/reccapi.php?resort=telluride HTTP/1.1" 200 1029 "-" "node-superagent/1.4.0"
170.75.162.130 - - [23/Dec/2015:19:38:17 -0800] "GET /lib/reccapi.php?resort=wildcatmountain HTTP/1.1" 200 1014 "-" "node-superagent/1.4.0"
170.75.162.130 - - [23/Dec/2015:19:38:22 -0800] "GET /lib/reccapi.php?resort=northstar-at-tahoe HTTP/1.1" 200 1034 "-" "node-superagent/1.4.0"
170.75.162.130 - - [23/Dec/2015:19:38:27 -0800] "GET /lib/reccapi.php?resort=parkcity HTTP/1.1" 200 1103 "-" "node-superagent/1.4.0"
170.75.162.130 - - [23/Dec/2015:19:38:32 -0800] "GET /lib/reccapi.php?resort=redlodge HTTP/1.1" 200 1113 "-" "node-superagent/1.4.0"
170.75.162.130 - - [23/Dec/2015:19:38:37 -0800] "GET /lib/reccapi.php?resort=solitude HTTP/1.1" 200 1095 "-" "node-superagent/1.4.0"
170.75.162.130 - - [23/Dec/2015:19:38:42 -0800] "GET /lib/reccapi.php?resort=sunpeaksresort HTTP/1.1" 200 917 "-" "node-superagent/1.4.0"
170.75.162.130 - - [23/Dec/2015:19:38:47 -0800] "GET /lib/reccapi.php?resort=winterpark HTTP/1.1" 200 1093 "-" "node-superagent/1.4.0"
157.55.39.8 - - [23/Dec/2015:20:10:19 -0800] "GET /robots.txt HTTP/1.1" 200 375 "-" "Mozilla/5.0 (compatible; bingbot/2.0; +http://www.bing.com/bingbot.htm)"
157.55.39.8 - - [23/Dec/2015:20:10:33 -0800] "GET /resorts?resort=alta HTTP/1.1" 404 509 "-" "Mozilla/5.0 (compatible; bingbot/2.0; +http://www.bing.com/bingbot.htm)"
157.55.39.8 - - [23/Dec/2015:20:10:33 -0800] "GET /resorts?resort=greekpeak HTTP/1.1" 404 508 "-" "Mozilla/5.0 (compatible; bingbot/2.0; +http://www.bing.com/bingbot.htm)"
69.117.145.7 - - [23/Dec/2015:20:19:25 -0800] "GET / HTTP/1.1" 200 2615 "https://www.google.com/" "Mozilla/5.0 (Macintosh; Intel Mac OS X 10_11_1) AppleWebKit/537.36 (KHTML, like Gecko) Chrome/46.0.2490.86 Safari/537.36"
69.117.145.7 - - [23/Dec/2015:20:19:25 -0800] "GET /styles/ee08faa9.main.css HTTP/1.1" 200 19446 "http://whereshouldiski.com/" "Mozilla/5.0 (Macintosh; Intel Mac OS X 10_11_1) AppleWebKit/537.36 (KHTML, like Gecko) Chrome/46.0.2490.86 Safari/537.36"
69.117.145.7 - - [23/Dec/2015:20:19:25 -0800] "GET /scripts/scripts/vendor/modernizr.js HTTP/1.1" 200 4903 "http://whereshouldiski.com/" "Mozilla/5.0 (Macintosh; Intel Mac OS X 10_11_1) AppleWebKit/537.36 (KHTML, like Gecko) Chrome/46.0.2490.86 Safari/537.36"
69.117.145.7 - - [23/Dec/2015:20:19:25 -0800] "GET /images/logo-square-white-sm.png HTTP/1.1" 200 1683 "http://whereshouldiski.com/" "Mozilla/5.0 (Macintosh; Intel Mac OS X 10_11_1) AppleWebKit/537.36 (KHTML, like Gecko) Chrome/46.0.2490.86 Safari/537.36"
69.117.145.7 - - [23/Dec/2015:20:19:25 -0800] "GET /images/loading.gif HTTP/1.1" 200 13882 "http://whereshouldiski.com/" "Mozilla/5.0 (Macintosh; Intel Mac OS X 10_11_1) AppleWebKit/537.36 (KHTML, like Gecko) Chrome/46.0.2490.86 Safari/537.36"
69.117.145.7 - - [23/Dec/2015:20:19:25 -0800] "GET /bower_components/requirejs/require.js HTTP/1.1" 200 6702 "http://whereshouldiski.com/" "Mozilla/5.0 (Macintosh; Intel Mac OS X 10_11_1) AppleWebKit/537.36 (KHTML, like Gecko) Chrome/46.0.2490.86 Safari/537.36"
69.117.145.7 - - [23/Dec/2015:20:19:26 -0800] "GET /favicon.ico HTTP/1.1" 200 4612 "http://whereshouldiski.com/" "Mozilla/5.0 (Macintosh; Intel Mac OS X 10_11_1) AppleWebKit/537.36 (KHTML, like Gecko) Chrome/46.0.2490.86 Safari/537.36"
69.117.145.7 - - [23/Dec/2015:20:19:27 -0800] "GET /scripts/fa48e319.main.js HTTP/1.1" 200 123455 "http://whereshouldiski.com/" "Mozilla/5.0 (Macintosh; Intel Mac OS X 10_11_1) AppleWebKit/537.36 (KHTML, like Gecko) Chrome/46.0.2490.86 Safari/537.36"
69.117.145.7 - - [23/Dec/2015:20:19:27 -0800] "GET /lib/reccapi.php?fields=t HTTP/1.1" 200 1893 "http://whereshouldiski.com/" "Mozilla/5.0 (Macintosh; Intel Mac OS X 10_11_1) AppleWebKit/537.36 (KHTML, like Gecko) Chrome/46.0.2490.86 Safari/537.36"
69.117.145.7 - - [23/Dec/2015:20:19:28 -0800] "GET /images/greyHeader.png HTTP/1.1" 200 508 "http://whereshouldiski.com/styles/ee08faa9.main.css" "Mozilla/5.0 (Macintosh; Intel Mac OS X 10_11_1) AppleWebKit/537.36 (KHTML, like Gecko) Chrome/46.0.2490.86 Safari/537.36"
69.117.145.7 - - [23/Dec/2015:20:19:28 -0800] "GET /images/button.png HTTP/1.1" 200 598 "http://whereshouldiski.com/styles/ee08faa9.main.css" "Mozilla/5.0 (Macintosh; Intel Mac OS X 10_11_1) AppleWebKit/537.36 (KHTML, like Gecko) Chrome/46.0.2490.86 Safari/537.36"
69.117.145.7 - - [23/Dec/2015:20:19:28 -0800] "GET /images/mtns-icon.png HTTP/1.1" 200 1096 "http://whereshouldiski.com/styles/ee08faa9.main.css" "Mozilla/5.0 (Macintosh; Intel Mac OS X 10_11_1) AppleWebKit/537.36 (KHTML, like Gecko) Chrome/46.0.2490.86 Safari/537.36"
69.117.145.7 - - [23/Dec/2015:20:19:28 -0800] "GET /images/star5.png HTTP/1.1" 200 1783 "http://whereshouldiski.com/styles/ee08faa9.main.css" "Mozilla/5.0 (Macintosh; Intel Mac OS X 10_11_1) AppleWebKit/537.36 (KHTML, like Gecko) Chrome/46.0.2490.86 Safari/537.36"
69.117.145.7 - - [23/Dec/2015:20:19:28 -0800] "GET /images/snowflake5.png HTTP/1.1" 200 2857 "http://whereshouldiski.com/styles/ee08faa9.main.css" "Mozilla/5.0 (Macintosh; Intel Mac OS X 10_11_1) AppleWebKit/537.36 (KHTML, like Gecko) Chrome/46.0.2490.86 Safari/537.36"
69.117.145.7 - - [23/Dec/2015:20:19:28 -0800] "GET /images/bluebird5.png HTTP/1.1" 200 2177 "http://whereshouldiski.com/styles/ee08faa9.main.css" "Mozilla/5.0 (Macintosh; Intel Mac OS X 10_11_1) AppleWebKit/537.36 (KHTML, like Gecko) Chrome/46.0.2490.86 Safari/537.36"
69.117.145.7 - - [23/Dec/2015:20:19:28 -0800] "GET /images/shading-icon.png HTTP/1.1" 200 537 "http://whereshouldiski.com/styles/ee08faa9.main.css" "Mozilla/5.0 (Macintosh; Intel Mac OS X 10_11_1) AppleWebKit/537.36 (KHTML, like Gecko) Chrome/46.0.2490.86 Safari/537.36"
69.117.145.7 - - [23/Dec/2015:20:19:38 -0800] "GET /lib/reccapi.php?fields=t&coords=41.0759031,-73.4454238 HTTP/1.1" 200 2077 "http://whereshouldiski.com/" "Mozilla/5.0 (Macintosh; Intel Mac OS X 10_11_1) AppleWebKit/537.36 (KHTML, like Gecko) Chrome/46.0.2490.86 Safari/537.36"
69.117.145.7 - - [23/Dec/2015:20:19:50 -0800] "GET /lib/reccapi.php?fields=t&coords=41.0759031,-73.4454238&sort=quality HTTP/1.1" 200 2084 "http://whereshouldiski.com/" "Mozilla/5.0 (Macintosh; Intel Mac OS X 10_11_1) AppleWebKit/537.36 (KHTML, like Gecko) Chrome/46.0.2490.86 Safari/537.36"
69.117.145.7 - - [23/Dec/2015:20:20:41 -0800] "GET /lib/reccapi.php?fields=t&coords=41.0759031,-73.4454238&sort=powder HTTP/1.1" 200 2077 "http://whereshouldiski.com/" "Mozilla/5.0 (Macintosh; Intel Mac OS X 10_11_1) AppleWebKit/537.36 (KHTML, like Gecko) Chrome/46.0.2490.86 Safari/537.36"
170.75.162.130 - - [23/Dec/2015:20:26:19 -0800] "GET /lib/reccapi.php?resort=squawvalleyusa HTTP/1.1" 200 1078 "-" "node-superagent/1.4.0"
69.117.145.7 - - [23/Dec/2015:20:26:52 -0800] "GET /lib/reccapi.php?fields=t&coords=41.0759031,-73.4454238&sort=powder&state=CA HTTP/1.1" 200 1585 "http://whereshouldiski.com/" "Mozilla/5.0 (Macintosh; Intel Mac OS X 10_11_1) AppleWebKit/537.36 (KHTML, like Gecko) Chrome/46.0.2490.86 Safari/537.36"
69.117.145.7 - - [23/Dec/2015:20:26:53 -0800] "GET /images/greenHeader.png HTTP/1.1" 200 508 "http://whereshouldiski.com/styles/ee08faa9.main.css" "Mozilla/5.0 (Macintosh; Intel Mac OS X 10_11_1) AppleWebKit/537.36 (KHTML, like Gecko) Chrome/46.0.2490.86 Safari/537.36"
188.68.224.62 - - [23/Dec/2015:20:34:04 -0800] "GET http://51.254.206.142/httptest.php HTTP/1.1" 404 448 "-" "-"
188.68.224.62 - - [23/Dec/2015:20:38:05 -0800] "GET http://51.254.206.142/httptest.php HTTP/1.1" 404 448 "-" "-"
66.249.79.234 - - [23/Dec/2015:20:43:54 -0800] "GET /resorts?resort=hoodoo HTTP/1.1" 404 506 "-" "Mozilla/5.0 (compatible; Googlebot/2.1; +http://www.google.com/bot.html)"
170.75.162.130 - - [23/Dec/2015:21:02:33 -0800] "GET /lib/reccapi.php?resort=jaypeak HTTP/1.1" 200 1024 "-" "node-superagent/1.4.0"
66.249.79.227 - - [23/Dec/2015:21:06:59 -0800] "GET /lib/reccapi.php?resort=mountbaker&date=2015-12-19 HTTP/1.1" 200 1114 "http://whereshouldiski.com/" "Mozilla/5.0 (compatible; Googlebot/2.1; +http://www.google.com/bot.html)"
66.249.79.220 - - [23/Dec/2015:21:07:03 -0800] "GET /lib/resortDataSearchD3.php?size=7&sortDate=T&resort=mountbaker&dateStart=2015-12-17 HTTP/1.1" 200 876 "http://whereshouldiski.com/" "Mozilla/5.0 (compatible; Googlebot/2.1; +http://www.google.com/bot.html)"
66.249.79.220 - - [23/Dec/2015:21:07:04 -0800] "GET /lib/reccapi.php?fields=t&date=2015-12-19&coords=48.86%2C-121.68&size=7&sort=distance HTTP/1.1" 200 1438 "http://whereshouldiski.com/" "Mozilla/5.0 (compatible; Googlebot/2.1; +http://www.google.com/bot.html)"
188.68.224.62 - - [23/Dec/2015:21:07:57 -0800] "GET http://51.254.206.142/httptest.php HTTP/1.1" 404 448 "-" "-"
188.68.224.62 - - [23/Dec/2015:21:08:17 -0800] "GET http://51.254.206.142/httptest.php HTTP/1.1" 404 448 "-" "-"
180.76.15.8 - - [23/Dec/2015:21:08:31 -0800] "GET /resorts?resort=silvermountain HTTP/1.1" 404 469 "-" "Mozilla/5.0 (compatible; Baiduspider/2.0; +http://www.baidu.com/search/spider.html)"
66.249.79.15 - - [23/Dec/2015:21:10:54 -0800] "GET / HTTP/1.1" 200 2615 "-" "Mozilla/5.0 (iPhone; CPU iPhone OS 8_3 like Mac OS X) AppleWebKit/600.1.4 (KHTML, like Gecko) Version/8.0 Mobile/12F70 Safari/600.1.4 (compatible; Googlebot/2.1; +http://www.google.com/bot.html)"
66.249.79.18 - - [23/Dec/2015:21:26:51 -0800] "GET /styles/ee08faa9.main.css HTTP/1.1" 200 19447 "http://beta.whereshouldiski.com/" "Mozilla/5.0 (compatible; Googlebot/2.1; +http://www.google.com/bot.html)"
24.5.30.250 - - [23/Dec/2015:21:49:10 -0800] "GET /images/wsis-logo-sm.png HTTP/1.1" 200 6108 "http://www.thebackcountry.net/" "Mozilla/5.0 (Macintosh; Intel Mac OS X 10_11_2) AppleWebKit/601.3.9 (KHTML, like Gecko) Version/9.0.2 Safari/601.3.9"
66.249.74.54 - - [23/Dec/2015:21:55:25 -0800] "GET / HTTP/1.1" 200 2615 "-" "Mozilla/5.0 (compatible; Googlebot/2.1; +http://www.google.com/bot.html)"
66.249.74.56 - - [23/Dec/2015:21:55:44 -0800] "GET /styles/ee08faa9.main.css HTTP/1.1" 200 19447 "http://www.whereshouldiski.com/" "Mozilla/5.0 (compatible; Googlebot/2.1; +http://www.google.com/bot.html)"
50.0.12.207 - - [23/Dec/2015:22:02:59 -0800] "GET /images/wsis-logo-sm.png HTTP/1.1" 200 6108 "http://www.thebackcountry.net/" "Mozilla/5.0 (iPhone; CPU iPhone OS 9_2 like Mac OS X) AppleWebKit/601.1.46 (KHTML, like Gecko) Mobile/13C75"
170.75.162.130 - - [23/Dec/2015:22:17:46 -0800] "GET /lib/reccapi.php?resort=alta HTTP/1.1" 200 1091 "-" "node-superagent/1.4.0"
66.87.112.86 - - [23/Dec/2015:22:25:04 -0800] "GET / HTTP/1.1" 200 2615 "-" "Mozilla/5.0 (iPhone; CPU iPhone OS 9_2 like Mac OS X) AppleWebKit/601.1.46 (KHTML, like Gecko) Version/9.0 Mobile/13C75 Safari/601.1"
66.87.112.86 - - [23/Dec/2015:22:25:04 -0800] "GET /bower_components/requirejs/require.js HTTP/1.1" 200 6702 "-" "Mozilla/5.0 (iPhone; CPU iPhone OS 9_2 like Mac OS X) AppleWebKit/601.1.46 (KHTML, like Gecko) Version/9.0 Mobile/13C75 Safari/601.1"
66.87.112.86 - - [23/Dec/2015:22:25:04 -0800] "GET /scripts/scripts/vendor/modernizr.js HTTP/1.1" 200 4903 "-" "Mozilla/5.0 (iPhone; CPU iPhone OS 9_2 like Mac OS X) AppleWebKit/601.1.46 (KHTML, like Gecko) Version/9.0 Mobile/13C75 Safari/601.1"
66.87.112.86 - - [23/Dec/2015:22:25:04 -0800] "GET /styles/ee08faa9.main.css HTTP/1.1" 200 19447 "-" "Mozilla/5.0 (iPhone; CPU iPhone OS 9_2 like Mac OS X) AppleWebKit/601.1.46 (KHTML, like Gecko) Version/9.0 Mobile/13C75 Safari/601.1"
66.87.112.86 - - [23/Dec/2015:22:25:04 -0800] "GET /images/logo-square-white-sm.png HTTP/1.1" 200 1683 "http://whereshouldiski.com/" "Mozilla/5.0 (iPhone; CPU iPhone OS 9_2 like Mac OS X) AppleWebKit/601.1.46 (KHTML, like Gecko) Version/9.0 Mobile/13C75 Safari/601.1"
