66.249.79.16 - - [22/Apr/2015:10:36:11 -0700] "GET /resorts?resort=49degreesnorth&date=2014-01-08 HTTP/1.1" 404 506 "-" "Mozilla/5.0 (iPhone; CPU iPhone OS 6_0 like Mac OS X) AppleWebKit/536.26 (KHTML, like Gecko) Version/6.0 Mobile/10A5376e Safari/8536.25 (compatible; Googlebot/2.1; +http://www.google.com/bot.html)"
91.217.90.49 - - [22/Apr/2015:10:41:04 -0700] "GET /rom-0 HTTP/1.1" 404 489 "-" "Mozilla/5.0 (compatible; Googlebot/2.1; +http://www.google.com/bot.html)"
170.75.162.130 - - [22/Apr/2015:10:52:25 -0700] "GET /lib/reccapi.php?resort=cannonmountain HTTP/1.1" 200 1052 "-" "node-superagent/0.18.2"
75.111.111.45 - - [22/Apr/2015:10:57:40 -0700] "GET /images/wsis-logo-sm.png HTTP/1.1" 200 6108 "http://www.thebackcountry.net/" "Mozilla/5.0 (Macintosh; Intel Mac OS X 10_10_1) AppleWebKit/537.36 (KHTML, like Gecko) Chrome/41.0.2272.118 Safari/537.36"
66.249.79.160 - - [22/Apr/2015:10:58:35 -0700] "GET /resorts?resort=sleepinggiant&date=2014-01-09 HTTP/1.1" 404 506 "-" "Mozilla/5.0 (iPhone; CPU iPhone OS 6_0 like Mac OS X) AppleWebKit/536.26 (KHTML, like Gecko) Version/6.0 Mobile/10A5376e Safari/8536.25 (compatible; Googlebot/2.1; +http://www.google.com/bot.html)"
123.125.71.112 - - [22/Apr/2015:11:01:55 -0700] "-" 408 0 "-" "-"
220.181.108.185 - - [22/Apr/2015:11:05:51 -0700] "GET / HTTP/1.1" 200 2339 "-" "Mozilla/5.0 (Windows NT 5.1; rv:6.0.2) Gecko/20100101 Firefox/6.0.2"
220.181.108.184 - - [22/Apr/2015:11:06:50 -0700] "GET / HTTP/1.1" 200 6114 "-" "Mozilla/5.0 (Windows NT 5.1; rv:6.0.2) Gecko/20100101 Firefox/6.0.2"
206.29.176.51 - - [22/Apr/2015:11:11:28 -0700] "GET /im/api.php?bib=1&r=0.6429202989675105&raceId=2278373444&raceName=taiwan HTTP/1.1" 200 1080 "http://localhost:9000/" "Mozilla/5.0 (Macintosh; Intel Mac OS X 10_10_3) AppleWebKit/537.36 (KHTML, like Gecko) Chrome/42.0.2311.90 Safari/537.36"
206.29.176.51 - - [22/Apr/2015:11:11:28 -0700] "GET /im/api.php?bib=443&r=0.8551710639148951&raceId=2278373444&raceName=taiwan HTTP/1.1" 200 1109 "http://localhost:9000/" "Mozilla/5.0 (Macintosh; Intel Mac OS X 10_10_3) AppleWebKit/537.36 (KHTML, like Gecko) Chrome/42.0.2311.90 Safari/537.36"
206.29.176.51 - - [22/Apr/2015:11:11:58 -0700] "GET /im/api.php?bib=1&r=0.6355077303014696&raceId=2278373444&raceName=taiwan HTTP/1.1" 200 1080 "http://localhost:9000/" "Mozilla/5.0 (Macintosh; Intel Mac OS X 10_10_3) AppleWebKit/537.36 (KHTML, like Gecko) Chrome/42.0.2311.90 Safari/537.36"
206.29.176.51 - - [22/Apr/2015:11:11:58 -0700] "GET /im/api.php?bib=443&r=0.06766100553795695&raceId=2278373444&raceName=taiwan HTTP/1.1" 200 1109 "http://localhost:9000/" "Mozilla/5.0 (Macintosh; Intel Mac OS X 10_10_3) AppleWebKit/537.36 (KHTML, like Gecko) Chrome/42.0.2311.90 Safari/537.36"
206.29.176.51 - - [22/Apr/2015:11:12:04 -0700] "GET /im/api.php?bib=443&r=0.03904048423282802&raceId=2278373444&raceName=taiwan HTTP/1.1" 200 1108 "http://localhost:9000/" "Mozilla/5.0 (Macintosh; Intel Mac OS X 10_10_3) AppleWebKit/537.36 (KHTML, like Gecko) Chrome/42.0.2311.90 Safari/537.36"
206.29.176.51 - - [22/Apr/2015:11:12:11 -0700] "GET /im/api.php?bib=443&r=0.9343392562586814&raceId=2278373444&raceName=taiwan HTTP/1.1" 200 1109 "http://localhost:9000/" "Mozilla/5.0 (Macintosh; Intel Mac OS X 10_10_3) AppleWebKit/537.36 (KHTML, like Gecko) Chrome/42.0.2311.90 Safari/537.36"
206.29.176.51 - - [22/Apr/2015:11:12:11 -0700] "GET /im/api.php?bib=1&r=0.08979247650131583&raceId=2278373444&raceName=taiwan HTTP/1.1" 200 1080 "http://localhost:9000/" "Mozilla/5.0 (Macintosh; Intel Mac OS X 10_10_3) AppleWebKit/537.36 (KHTML, like Gecko) Chrome/42.0.2311.90 Safari/537.36"
206.29.176.51 - - [22/Apr/2015:11:12:56 -0700] "GET /im/api.php?bib=443&r=0.650162972509861&raceId=2278373444&raceName=taiwan HTTP/1.1" 200 1109 "http://localhost:9000/" "Mozilla/5.0 (Macintosh; Intel Mac OS X 10_10_3) AppleWebKit/537.36 (KHTML, like Gecko) Chrome/42.0.2311.90 Safari/537.36"
206.29.176.51 - - [22/Apr/2015:11:12:56 -0700] "GET /im/api.php?bib=1&r=0.5716962313745171&raceId=2278373444&raceName=taiwan HTTP/1.1" 200 1080 "http://localhost:9000/" "Mozilla/5.0 (Macintosh; Intel Mac OS X 10_10_3) AppleWebKit/537.36 (KHTML, like Gecko) Chrome/42.0.2311.90 Safari/537.36"
170.75.162.130 - - [22/Apr/2015:11:14:37 -0700] "GET /lib/reccapi.php?resort=sugarloaf HTTP/1.1" 200 1024 "-" "node-superagent/0.18.2"
170.75.162.130 - - [22/Apr/2015:11:14:37 -0700] "GET /lib/reccapi.php?resort=sundayriver HTTP/1.1" 200 1039 "-" "node-superagent/0.18.2"
206.29.176.51 - - [22/Apr/2015:11:16:26 -0700] "GET /im/api.php?bib=1&r=0.1690876865759492&raceId=2278373444&raceName=taiwan HTTP/1.1" 200 1080 "http://localhost:9000/" "Mozilla/5.0 (Macintosh; Intel Mac OS X 10_10_3) AppleWebKit/537.36 (KHTML, like Gecko) Chrome/42.0.2311.90 Safari/537.36"
206.29.176.51 - - [22/Apr/2015:11:16:26 -0700] "GET /im/api.php?bib=443&r=0.8049963298253715&raceId=2278373444&raceName=taiwan HTTP/1.1" 200 1109 "http://localhost:9000/" "Mozilla/5.0 (Macintosh; Intel Mac OS X 10_10_3) AppleWebKit/537.36 (KHTML, like Gecko) Chrome/42.0.2311.90 Safari/537.36"
206.29.176.51 - - [22/Apr/2015:11:16:30 -0700] "GET /im/api.php?bib=443&r=0.06445626844651997&raceId=2278373444&raceName=taiwan HTTP/1.1" 200 1108 "http://localhost:9000/" "Mozilla/5.0 (Macintosh; Intel Mac OS X 10_10_3) AppleWebKit/537.36 (KHTML, like Gecko) Chrome/42.0.2311.90 Safari/537.36"
206.29.176.51 - - [22/Apr/2015:11:16:30 -0700] "GET /im/api.php?bib=443&r=0.31131101259961724&raceId=2278373444&raceName=taiwan HTTP/1.1" 200 1108 "http://localhost:9000/" "Mozilla/5.0 (Macintosh; Intel Mac OS X 10_10_3) AppleWebKit/537.36 (KHTML, like Gecko) Chrome/42.0.2311.90 Safari/537.36"
206.29.176.51 - - [22/Apr/2015:11:17:01 -0700] "GET /im/api.php?bib=443&r=0.6974270096980035&raceId=2278373444&raceName=taiwan HTTP/1.1" 200 1109 "http://localhost:9000/" "Mozilla/5.0 (Macintosh; Intel Mac OS X 10_10_3) AppleWebKit/537.36 (KHTML, like Gecko) Chrome/42.0.2311.90 Safari/537.36"
206.29.176.51 - - [22/Apr/2015:11:17:01 -0700] "GET /im/api.php?bib=1&r=0.3715942201670259&raceId=2278373444&raceName=taiwan HTTP/1.1" 200 1080 "http://localhost:9000/" "Mozilla/5.0 (Macintosh; Intel Mac OS X 10_10_3) AppleWebKit/537.36 (KHTML, like Gecko) Chrome/42.0.2311.90 Safari/537.36"
206.29.176.51 - - [22/Apr/2015:11:17:09 -0700] "GET /im/api.php?bib=1&r=0.0928988354280591&raceId=2278373444&raceName=taiwan HTTP/1.1" 200 1080 "http://localhost:9000/" "Mozilla/5.0 (Macintosh; Intel Mac OS X 10_10_3) AppleWebKit/537.36 (KHTML, like Gecko) Chrome/42.0.2311.90 Safari/537.36"
206.29.176.51 - - [22/Apr/2015:11:17:09 -0700] "GET /im/api.php?bib=443&r=0.9591566706076264&raceId=2278373444&raceName=taiwan HTTP/1.1" 200 1109 "http://localhost:9000/" "Mozilla/5.0 (Macintosh; Intel Mac OS X 10_10_3) AppleWebKit/537.36 (KHTML, like Gecko) Chrome/42.0.2311.90 Safari/537.36"
206.29.176.51 - - [22/Apr/2015:11:17:45 -0700] "GET /im/api.php?bib=443&r=0.35827950667589903&raceId=2278373444&raceName=taiwan HTTP/1.1" 200 1109 "http://localhost:9000/" "Mozilla/5.0 (Macintosh; Intel Mac OS X 10_10_3) AppleWebKit/537.36 (KHTML, like Gecko) Chrome/42.0.2311.90 Safari/537.36"
206.29.176.51 - - [22/Apr/2015:11:17:45 -0700] "GET /im/api.php?bib=1&r=0.03435980388894677&raceId=2278373444&raceName=taiwan HTTP/1.1" 200 1080 "http://localhost:9000/" "Mozilla/5.0 (Macintosh; Intel Mac OS X 10_10_3) AppleWebKit/537.36 (KHTML, like Gecko) Chrome/42.0.2311.90 Safari/537.36"
206.29.176.51 - - [22/Apr/2015:11:18:17 -0700] "GET /im/api.php?bib=443&r=0.9193129977211356&raceId=2278373444&raceName=taiwan HTTP/1.1" 200 1109 "http://localhost:9000/" "Mozilla/5.0 (Macintosh; Intel Mac OS X 10_10_3) AppleWebKit/537.36 (KHTML, like Gecko) Chrome/42.0.2311.90 Safari/537.36"
206.29.176.51 - - [22/Apr/2015:11:18:17 -0700] "GET /im/api.php?bib=1&r=0.14036752842366695&raceId=2278373444&raceName=taiwan HTTP/1.1" 200 1080 "http://localhost:9000/" "Mozilla/5.0 (Macintosh; Intel Mac OS X 10_10_3) AppleWebKit/537.36 (KHTML, like Gecko) Chrome/42.0.2311.90 Safari/537.36"
206.29.176.51 - - [22/Apr/2015:11:19:16 -0700] "GET /im/api.php?bib=443&r=0.15671270131133497&raceId=2278373444&raceName=taiwan HTTP/1.1" 200 1109 "http://localhost:9000/" "Mozilla/5.0 (Macintosh; Intel Mac OS X 10_10_3) AppleWebKit/537.36 (KHTML, like Gecko) Chrome/42.0.2311.90 Safari/537.36"
206.29.176.51 - - [22/Apr/2015:11:19:16 -0700] "GET /im/api.php?bib=1&r=0.266449264716357&raceId=2278373444&raceName=taiwan HTTP/1.1" 200 1080 "http://localhost:9000/" "Mozilla/5.0 (Macintosh; Intel Mac OS X 10_10_3) AppleWebKit/537.36 (KHTML, like Gecko) Chrome/42.0.2311.90 Safari/537.36"
206.29.176.51 - - [22/Apr/2015:11:20:21 -0700] "GET /im/api.php?bib=1&r=0.5785749906208366&raceId=2278373444&raceName=taiwan HTTP/1.1" 200 1080 "http://localhost:9000/" "Mozilla/5.0 (Macintosh; Intel Mac OS X 10_10_3) AppleWebKit/537.36 (KHTML, like Gecko) Chrome/42.0.2311.90 Safari/537.36"
206.29.176.51 - - [22/Apr/2015:11:20:21 -0700] "GET /im/api.php?bib=443&r=0.595710946014151&raceId=2278373444&raceName=taiwan HTTP/1.1" 200 1109 "http://localhost:9000/" "Mozilla/5.0 (Macintosh; Intel Mac OS X 10_10_3) AppleWebKit/537.36 (KHTML, like Gecko) Chrome/42.0.2311.90 Safari/537.36"
206.29.176.51 - - [22/Apr/2015:11:20:30 -0700] "GET /im/api.php?bib=443&r=0.686508679529652&raceId=2278373444&raceName=taiwan HTTP/1.1" 200 1109 "http://localhost:9000/" "Mozilla/5.0 (Macintosh; Intel Mac OS X 10_10_3) AppleWebKit/537.36 (KHTML, like Gecko) Chrome/42.0.2311.90 Safari/537.36"
66.249.79.47 - - [22/Apr/2015:11:20:35 -0700] "GET /resorts?resort=bridgerbowl&date=2013-06-14 HTTP/1.1" 404 509 "-" "Mozilla/5.0 (iPhone; CPU iPhone OS 6_0 like Mac OS X) AppleWebKit/536.26 (KHTML, like Gecko) Version/6.0 Mobile/10A5376e Safari/8536.25 (compatible; Googlebot/2.1; +http://www.google.com/bot.html)"
206.29.176.51 - - [22/Apr/2015:11:21:17 -0700] "GET /im/api.php?bib=1&r=0.49549523065797985&raceId=2278373444&raceName=taiwan HTTP/1.1" 200 1080 "http://localhost:9000/" "Mozilla/5.0 (Macintosh; Intel Mac OS X 10_10_3) AppleWebKit/537.36 (KHTML, like Gecko) Chrome/42.0.2311.90 Safari/537.36"
206.29.176.51 - - [22/Apr/2015:11:21:17 -0700] "GET /im/api.php?bib=443&r=0.7604895636904985&raceId=2278373444&raceName=taiwan HTTP/1.1" 200 1109 "http://localhost:9000/" "Mozilla/5.0 (Macintosh; Intel Mac OS X 10_10_3) AppleWebKit/537.36 (KHTML, like Gecko) Chrome/42.0.2311.90 Safari/537.36"
206.29.176.51 - - [22/Apr/2015:11:21:40 -0700] "GET /im/api.php?bib=1&r=0.18568678735755384&raceId=2278373444&raceName=taiwan HTTP/1.1" 200 1080 "http://localhost:9000/" "Mozilla/5.0 (Macintosh; Intel Mac OS X 10_10_3) AppleWebKit/537.36 (KHTML, like Gecko) Chrome/42.0.2311.90 Safari/537.36"
206.29.176.51 - - [22/Apr/2015:11:21:40 -0700] "GET /im/api.php?bib=443&r=0.09951717196963727&raceId=2278373444&raceName=taiwan HTTP/1.1" 200 1109 "http://localhost:9000/" "Mozilla/5.0 (Macintosh; Intel Mac OS X 10_10_3) AppleWebKit/537.36 (KHTML, like Gecko) Chrome/42.0.2311.90 Safari/537.36"
206.29.176.51 - - [22/Apr/2015:11:22:26 -0700] "GET /im/api.php?bib=1&r=0.15252030082046986&raceId=2278373444&raceName=taiwan HTTP/1.1" 200 1080 "http://localhost:9000/" "Mozilla/5.0 (Macintosh; Intel Mac OS X 10_10_3) AppleWebKit/537.36 (KHTML, like Gecko) Chrome/42.0.2311.90 Safari/537.36"
206.29.176.51 - - [22/Apr/2015:11:22:26 -0700] "GET /im/api.php?bib=443&r=0.9584576759953052&raceId=2278373444&raceName=taiwan HTTP/1.1" 200 1109 "http://localhost:9000/" "Mozilla/5.0 (Macintosh; Intel Mac OS X 10_10_3) AppleWebKit/537.36 (KHTML, like Gecko) Chrome/42.0.2311.90 Safari/537.36"
208.115.113.83 - - [22/Apr/2015:11:22:43 -0700] "GET /resorts?resort=alyeska HTTP/1.1" 404 476 "-" "Mozilla/5.0 (compatible; DotBot/1.1; http://www.opensiteexplorer.org/dotbot, help@moz.com)"
206.29.176.51 - - [22/Apr/2015:11:23:21 -0700] "GET /im/api.php?bib=443&r=0.3425398694816977&raceId=2278373444&raceName=taiwan HTTP/1.1" 200 1109 "http://localhost:9000/" "Mozilla/5.0 (Macintosh; Intel Mac OS X 10_10_3) AppleWebKit/537.36 (KHTML, like Gecko) Chrome/42.0.2311.90 Safari/537.36"
206.29.176.51 - - [22/Apr/2015:11:23:21 -0700] "GET /im/api.php?bib=1&r=0.3658535946160555&raceId=2278373444&raceName=taiwan HTTP/1.1" 200 1080 "http://localhost:9000/" "Mozilla/5.0 (Macintosh; Intel Mac OS X 10_10_3) AppleWebKit/537.36 (KHTML, like Gecko) Chrome/42.0.2311.90 Safari/537.36"
206.29.176.51 - - [22/Apr/2015:11:23:35 -0700] "GET /im/api.php?bib=443&r=0.9038794464431703&raceId=2278373444&raceName=taiwan HTTP/1.1" 200 1109 "http://localhost:9000/" "Mozilla/5.0 (Macintosh; Intel Mac OS X 10_10_3) AppleWebKit/537.36 (KHTML, like Gecko) Chrome/42.0.2311.90 Safari/537.36"
206.29.176.51 - - [22/Apr/2015:11:24:06 -0700] "GET /im/api.php?bib=443&r=0.8636371318716556&raceId=2278373444&raceName=taiwan HTTP/1.1" 200 1109 "http://localhost:9000/" "Mozilla/5.0 (Macintosh; Intel Mac OS X 10_10_3) AppleWebKit/537.36 (KHTML, like Gecko) Chrome/42.0.2311.90 Safari/537.36"
206.29.176.51 - - [22/Apr/2015:11:24:15 -0700] "GET /im/api.php?bib=443&r=0.5714779256377369&raceId=2278373444&raceName=taiwan HTTP/1.1" 200 1109 "http://localhost:9000/" "Mozilla/5.0 (Macintosh; Intel Mac OS X 10_10_3) AppleWebKit/537.36 (KHTML, like Gecko) Chrome/42.0.2311.90 Safari/537.36"
206.29.176.51 - - [22/Apr/2015:11:24:15 -0700] "GET /im/api.php?bib=1&r=0.9249978214502335&raceId=2278373444&raceName=taiwan HTTP/1.1" 200 1080 "http://localhost:9000/" "Mozilla/5.0 (Macintosh; Intel Mac OS X 10_10_3) AppleWebKit/537.36 (KHTML, like Gecko) Chrome/42.0.2311.90 Safari/537.36"
206.29.176.51 - - [22/Apr/2015:11:24:21 -0700] "GET /im/api.php?bib=1&r=0.897660116199404&raceId=2278373444&raceName=taiwan HTTP/1.1" 200 1080 "http://localhost:9000/" "Mozilla/5.0 (Macintosh; Intel Mac OS X 10_10_3) AppleWebKit/537.36 (KHTML, like Gecko) Chrome/42.0.2311.90 Safari/537.36"
206.29.176.51 - - [22/Apr/2015:11:24:28 -0700] "GET /im/api.php?bib=443&r=0.9544287454336882&raceId=2278373444&raceName=taiwan HTTP/1.1" 200 1109 "http://localhost:9000/" "Mozilla/5.0 (Macintosh; Intel Mac OS X 10_10_3) AppleWebKit/537.36 (KHTML, like Gecko) Chrome/42.0.2311.90 Safari/537.36"
206.29.176.51 - - [22/Apr/2015:11:24:43 -0700] "GET /im/api.php?bib=1&r=0.4755701825488359&raceId=2278373444&raceName=taiwan HTTP/1.1" 200 1080 "http://localhost:9000/" "Mozilla/5.0 (Macintosh; Intel Mac OS X 10_10_3) AppleWebKit/537.36 (KHTML, like Gecko) Chrome/42.0.2311.90 Safari/537.36"
206.29.176.51 - - [22/Apr/2015:11:24:45 -0700] "GET /im/api.php?bib=443&r=0.5267966878600419&raceId=2278373444&raceName=taiwan HTTP/1.1" 200 1108 "http://localhost:9000/" "Mozilla/5.0 (Macintosh; Intel Mac OS X 10_10_3) AppleWebKit/537.36 (KHTML, like Gecko) Chrome/42.0.2311.90 Safari/537.36"
166.137.242.31 - - [22/Apr/2015:11:27:22 -0700] "GET /images/wsis-logo-sm.png HTTP/1.1" 200 6108 "http://www.thebackcountry.net/" "Mozilla/5.0 (iPhone; CPU iPhone OS 8_3 like Mac OS X) AppleWebKit/600.1.4 (KHTML, like Gecko) Version/8.0 Mobile/12F70 Safari/600.1.4"
206.29.176.51 - - [22/Apr/2015:11:28:10 -0700] "GET /im/api.php?bib=1&r=0.32660011341795325&raceId=2278373444&raceName=taiwan HTTP/1.1" 200 1080 "http://localhost:9000/" "Mozilla/5.0 (Macintosh; Intel Mac OS X 10_10_3) AppleWebKit/537.36 (KHTML, like Gecko) Chrome/42.0.2311.90 Safari/537.36"
206.29.176.51 - - [22/Apr/2015:11:28:10 -0700] "GET /im/api.php?bib=443&r=0.7675251334439963&raceId=2278373444&raceName=taiwan HTTP/1.1" 200 1109 "http://localhost:9000/" "Mozilla/5.0 (Macintosh; Intel Mac OS X 10_10_3) AppleWebKit/537.36 (KHTML, like Gecko) Chrome/42.0.2311.90 Safari/537.36"
206.29.176.51 - - [22/Apr/2015:11:28:33 -0700] "GET /im/api.php?bib=443&r=0.6466065722052008&raceId=2278373444&raceName=taiwan HTTP/1.1" 200 1109 "http://localhost:9000/" "Mozilla/5.0 (Macintosh; Intel Mac OS X 10_10_3) AppleWebKit/537.36 (KHTML, like Gecko) Chrome/42.0.2311.90 Safari/537.36"
206.29.176.51 - - [22/Apr/2015:11:28:33 -0700] "GET /im/api.php?bib=1&r=0.6293786726891994&raceId=2278373444&raceName=taiwan HTTP/1.1" 200 1080 "http://localhost:9000/" "Mozilla/5.0 (Macintosh; Intel Mac OS X 10_10_3) AppleWebKit/537.36 (KHTML, like Gecko) Chrome/42.0.2311.90 Safari/537.36"
170.75.162.130 - - [22/Apr/2015:11:34:38 -0700] "GET /lib/reccapi.php?resort=crystalmountain HTTP/1.1" 200 974 "-" "node-superagent/0.18.2"
66.249.79.8 - - [22/Apr/2015:11:42:57 -0700] "GET /resorts?resort=wildcatmountain&date=2014-03-02 HTTP/1.1" 404 506 "-" "Mozilla/5.0 (iPhone; CPU iPhone OS 6_0 like Mac OS X) AppleWebKit/536.26 (KHTML, like Gecko) Version/6.0 Mobile/10A5376e Safari/8536.25 (compatible; Googlebot/2.1; +http://www.google.com/bot.html)"
180.76.4.47 - - [22/Apr/2015:11:51:10 -0700] "GET / HTTP/1.1" 200 6114 "-" "Mozilla/4.0 (compatible; MSIE 7.0; Windows NT 6.0)"
207.192.249.234 - - [22/Apr/2015:11:52:21 -0700] "GET /images/wsis-logo-sm.png HTTP/1.1" 200 6108 "http://www.thebackcountry.net/" "Mozilla/5.0 (iPhone; CPU iPhone OS 6_1_3 like Mac OS X) AppleWebKit/536.26 (KHTML, like Gecko) Version/6.0 Mobile/10B329 Safari/8536.25"
170.75.162.130 - - [22/Apr/2015:11:58:01 -0700] "GET /lib/reccapi.php?resort=grandtarghee HTTP/1.1" 200 1019 "-" "node-superagent/0.18.2"
170.75.162.130 - - [22/Apr/2015:12:00:31 -0700] "GET /lib/reccapi.php?resort=49degreesnorth HTTP/1.1" 200 1038 "-" "node-superagent/0.18.2"
170.75.162.130 - - [22/Apr/2015:12:00:31 -0700] "GET /lib/reccapi.php?resort=mountspokane HTTP/1.1" 200 1036 "-" "node-superagent/0.18.2"
170.75.162.130 - - [22/Apr/2015:12:00:31 -0700] "GET /lib/reccapi.php?resort=stevenspass HTTP/1.1" 200 994 "-" "node-superagent/0.18.2"
74.127.123.46 - - [22/Apr/2015:12:01:10 -0700] "GET /images/wsis-logo-sm.png HTTP/1.1" 200 6108 "http://www.thebackcountry.net/" "Mozilla/5.0 (Macintosh; Intel Mac OS X 10_10_3) AppleWebKit/537.36 (KHTML, like Gecko) Chrome/42.0.2311.90 Safari/537.36"
66.249.79.16 - - [22/Apr/2015:12:04:57 -0700] "GET /resorts?resort=antelopebutte&date=2013-12-08 HTTP/1.1" 404 506 "-" "Mozilla/5.0 (iPhone; CPU iPhone OS 6_0 like Mac OS X) AppleWebKit/536.26 (KHTML, like Gecko) Version/6.0 Mobile/10A5376e Safari/8536.25 (compatible; Googlebot/2.1; +http://www.google.com/bot.html)"
50.204.90.254 - - [22/Apr/2015:12:06:09 -0700] "GET /images/wsis-logo-sm.png HTTP/1.1" 200 6108 "http://www.thebackcountry.net/" "Mozilla/5.0 (Windows NT 6.1; WOW64) AppleWebKit/537.36 (KHTML, like Gecko) Chrome/42.0.2311.90 Safari/537.36"
208.115.111.66 - - [22/Apr/2015:12:06:34 -0700] "GET /robots.txt HTTP/1.1" 200 319 "-" "Mozilla/5.0 (compatible; DotBot/1.1; http://www.opensiteexplorer.org/dotbot, help@moz.com)"
170.75.162.130 - - [22/Apr/2015:12:07:01 -0700] "GET /lib/reccapi.php?resort=arapahoebasin HTTP/1.1" 200 1129 "-" "node-superagent/0.18.2"
170.75.162.130 - - [22/Apr/2015:12:07:01 -0700] "GET /lib/reccapi.php?resort=alta HTTP/1.1" 200 1080 "-" "node-superagent/0.18.2"
170.75.162.130 - - [22/Apr/2015:12:07:01 -0700] "GET /lib/reccapi.php?resort=alpinemeadows HTTP/1.1" 200 1104 "-" "node-superagent/0.18.2"
170.75.162.130 - - [22/Apr/2015:12:07:01 -0700] "GET /lib/reccapi.php?resort=alyeska HTTP/1.1" 200 993 "-" "node-superagent/0.18.2"
170.75.162.130 - - [22/Apr/2015:12:07:02 -0700] "GET /lib/reccapi.php?resort=angelfire HTTP/1.1" 200 1020 "-" "node-superagent/0.18.2"
170.75.162.130 - - [22/Apr/2015:12:07:02 -0700] "GET /lib/reccapi.php?resort=aspenheights HTTP/1.1" 200 1095 "-" "node-superagent/0.18.2"
69.181.217.121 - - [22/Apr/2015:12:12:28 -0700] "GET /images/wsis-logo-sm.png HTTP/1.1" 200 6108 "http://www.thebackcountry.net/" "Mozilla/5.0 (iPhone; CPU iPhone OS 8_3 like Mac OS X) AppleWebKit/600.1.4 (KHTML, like Gecko) Version/8.0 Mobile/12F70 Safari/600.1.4"
170.75.162.130 - - [22/Apr/2015:12:14:42 -0700] "GET /lib/reccapi.php?resort=loveland HTTP/1.1" 200 1157 "-" "node-superagent/0.18.2"
170.75.162.130 - - [22/Apr/2015:12:14:42 -0700] "GET /lib/reccapi.php?resort=buttermilk HTTP/1.1" 200 1047 "-" "node-superagent/0.18.2"
170.75.162.130 - - [22/Apr/2015:12:14:42 -0700] "GET /lib/reccapi.php?resort=snowbasin HTTP/1.1" 200 1026 "-" "node-superagent/0.18.2"
170.75.162.130 - - [22/Apr/2015:12:14:42 -0700] "GET /lib/reccapi.php?resort=aspenmountain HTTP/1.1" 200 1066 "-" "node-superagent/0.18.2"
170.75.162.130 - - [22/Apr/2015:12:14:42 -0700] "GET /lib/reccapi.php?resort=snowmass HTTP/1.1" 200 1057 "-" "node-superagent/0.18.2"
170.75.162.130 - - [22/Apr/2015:12:18:42 -0700] "GET /lib/reccapi.php?resort=coppermountain HTTP/1.1" 200 1044 "-" "node-superagent/0.18.2"
170.75.162.130 - - [22/Apr/2015:12:18:42 -0700] "GET /lib/reccapi.php?resort=crestedbutte HTTP/1.1" 200 1101 "-" "node-superagent/0.18.2"
170.75.162.130 - - [22/Apr/2015:12:18:42 -0700] "GET /lib/reccapi.php?resort=telluride HTTP/1.1" 200 1071 "-" "node-superagent/0.18.2"
170.75.162.130 - - [22/Apr/2015:12:18:42 -0700] "GET /lib/reccapi.php?resort=keystone HTTP/1.1" 200 1066 "-" "node-superagent/0.18.2"
170.75.162.130 - - [22/Apr/2015:12:18:42 -0700] "GET /lib/reccapi.php?resort=winterpark HTTP/1.1" 200 1058 "-" "node-superagent/0.18.2"
170.75.162.130 - - [22/Apr/2015:12:19:22 -0700] "GET /lib/reccapi.php?resort=hoodoo HTTP/1.1" 200 1019 "-" "node-superagent/0.18.2"
170.75.162.130 - - [22/Apr/2015:12:19:22 -0700] "GET /lib/reccapi.php?resort=mounthoodmeadows HTTP/1.1" 200 1066 "-" "node-superagent/0.18.2"
170.75.162.130 - - [22/Apr/2015:12:19:22 -0700] "GET /lib/reccapi.php?resort=mountbachelor HTTP/1.1" 200 989 "-" "node-superagent/0.18.2"
170.75.162.130 - - [22/Apr/2015:12:19:22 -0700] "GET /lib/reccapi.php?resort=wildcatmountain HTTP/1.1" 200 1046 "-" "node-superagent/0.18.2"
170.75.162.130 - - [22/Apr/2015:12:24:53 -0700] "GET /lib/reccapi.php?resort=sunpeaksresort HTTP/1.1" 200 919 "-" "node-superagent/0.18.2"
24.180.42.102 - - [22/Apr/2015:12:25:30 -0700] "GET /images/wsis-logo-sm.png HTTP/1.1" 200 6108 "http://www.thebackcountry.net/" "Mozilla/5.0 (Windows NT 6.3; WOW64; Trident/7.0; rv:11.0) like Gecko"
24.180.42.102 - - [22/Apr/2015:12:25:51 -0700] "-" 408 0 "-" "-"
66.249.79.8 - - [22/Apr/2015:12:27:21 -0700] "GET /resorts?resort=skicooper&date=2014-02-02 HTTP/1.1" 404 506 "-" "Mozilla/5.0 (iPhone; CPU iPhone OS 6_0 like Mac OS X) AppleWebKit/536.26 (KHTML, like Gecko) Version/6.0 Mobile/10A5376e Safari/8536.25 (compatible; Googlebot/2.1; +http://www.google.com/bot.html)"
24.180.42.102 - - [22/Apr/2015:12:27:31 -0700] "GET /images/wsis-logo-sm.png HTTP/1.1" 200 6108 "http://www.thebackcountry.net/" "Mozilla/5.0 (Windows NT 6.3; WOW64; Trident/7.0; rv:11.0) like Gecko"
24.180.42.102 - - [22/Apr/2015:12:27:52 -0700] "-" 408 0 "-" "-"
24.180.42.102 - - [22/Apr/2015:12:37:43 -0700] "-" 408 0 "-" "-"
24.180.42.102 - - [22/Apr/2015:12:45:02 -0700] "GET /images/wsis-logo-sm.png HTTP/1.1" 200 6108 "http://www.thebackcountry.net/" "Mozilla/5.0 (Windows NT 6.3; WOW64; Trident/7.0; rv:11.0) like Gecko"
24.180.42.102 - - [22/Apr/2015:12:45:23 -0700] "-" 408 0 "-" "-"
66.249.79.16 - - [22/Apr/2015:12:49:20 -0700] "GET /resorts?resort=winterpark&date=2014-02-02 HTTP/1.1" 404 506 "-" "Mozilla/5.0 (iPhone; CPU iPhone OS 6_0 like Mac OS X) AppleWebKit/536.26 (KHTML, like Gecko) Version/6.0 Mobile/10A5376e Safari/8536.25 (compatible; Googlebot/2.1; +http://www.google.com/bot.html)"
137.140.169.120 - - [22/Apr/2015:12:52:02 -0700] "GET /images/wsis-logo-sm.png HTTP/1.1" 200 6108 "http://www.thebackcountry.net/" "Mozilla/5.0 (Linux; Android 4.4.4; SM-G900V Build/KTU84P) AppleWebKit/537.36 (KHTML, like Gecko) Chrome/42.0.2311.109 Mobile Safari/537.36"
206.29.176.51 - - [22/Apr/2015:12:59:09 -0700] "GET /im/api.php?raceId=2147483665&raceName=neworleans70.3&bib=2 HTTP/1.1" 500 307 "-" "Mozilla/5.0 (Macintosh; Intel Mac OS X 10_10_3) AppleWebKit/537.36 (KHTML, like Gecko) Chrome/42.0.2311.90 Safari/537.36"
206.29.176.51 - - [22/Apr/2015:12:59:31 -0700] "GET /im/api.php?raceId=2147483665&raceName=neworleans70.3&bib=2 HTTP/1.1" 500 307 "-" "Mozilla/5.0 (Macintosh; Intel Mac OS X 10_10_3) AppleWebKit/537.36 (KHTML, like Gecko) Chrome/42.0.2311.90 Safari/537.36"
206.29.176.51 - - [22/Apr/2015:12:59:31 -0700] "GET /favicon.ico HTTP/1.1" 200 1476 "http://whereshouldiski.com/im/api.php?raceId=2147483665&raceName=neworleans70.3&bib=2" "Mozilla/5.0 (Macintosh; Intel Mac OS X 10_10_3) AppleWebKit/537.36 (KHTML, like Gecko) Chrome/42.0.2311.90 Safari/537.36"
206.29.176.51 - - [22/Apr/2015:12:59:33 -0700] "GET /im/api.php?raceId=2147483665&raceName=neworleans70.3&bib=2 HTTP/1.1" 500 307 "-" "Mozilla/5.0 (Macintosh; Intel Mac OS X 10_10_3) AppleWebKit/537.36 (KHTML, like Gecko) Chrome/42.0.2311.90 Safari/537.36"
206.29.176.51 - - [22/Apr/2015:12:59:33 -0700] "GET /favicon.ico HTTP/1.1" 200 1476 "http://whereshouldiski.com/im/api.php?raceId=2147483665&raceName=neworleans70.3&bib=2" "Mozilla/5.0 (Macintosh; Intel Mac OS X 10_10_3) AppleWebKit/537.36 (KHTML, like Gecko) Chrome/42.0.2311.90 Safari/537.36"
206.29.176.51 - - [22/Apr/2015:13:03:18 -0700] "GET /im/api.php?raceId=2147483665&raceName=neworleans70.3&bib=2&startTime=6:40:00 HTTP/1.1" 500 307 "-" "Mozilla/5.0 (Macintosh; Intel Mac OS X 10_10_3) AppleWebKit/537.36 (KHTML, like Gecko) Chrome/42.0.2311.90 Safari/537.36"
206.29.176.51 - - [22/Apr/2015:13:04:22 -0700] "GET /im/api.php?raceId=2147483665&raceName=neworleans70.3&bib=2&startTime=6:40:00 HTTP/1.1" 500 307 "-" "Mozilla/5.0 (Macintosh; Intel Mac OS X 10_10_3) AppleWebKit/537.36 (KHTML, like Gecko) Chrome/42.0.2311.90 Safari/537.36"
206.29.176.51 - - [22/Apr/2015:13:04:23 -0700] "GET /favicon.ico HTTP/1.1" 200 1476 "http://whereshouldiski.com/im/api.php?raceId=2147483665&raceName=neworleans70.3&bib=2&startTime=6:40:00" "Mozilla/5.0 (Macintosh; Intel Mac OS X 10_10_3) AppleWebKit/537.36 (KHTML, like Gecko) Chrome/42.0.2311.90 Safari/537.36"
180.76.5.76 - - [22/Apr/2015:13:04:43 -0700] "GET /resorts?resort=arapahoebasin HTTP/1.1" 404 469 "-" "Mozilla/5.0 (compatible; Baiduspider/2.0; +http://www.baidu.com/search/spider.html)"
206.29.176.51 - - [22/Apr/2015:13:05:00 -0700] "GET /im/api.php?raceId=2147483665&raceName=neworleans70.3&bib=2&startTime=6:40:00 HTTP/1.1" 200 799 "-" "Mozilla/5.0 (Macintosh; Intel Mac OS X 10_10_3) AppleWebKit/537.36 (KHTML, like Gecko) Chrome/42.0.2311.90 Safari/537.36"
206.29.176.51 - - [22/Apr/2015:13:05:03 -0700] "GET /favicon.ico HTTP/1.1" 200 1475 "http://whereshouldiski.com/im/api.php?raceId=2147483665&raceName=neworleans70.3&bib=2&startTime=6:40:00" "Mozilla/5.0 (Macintosh; Intel Mac OS X 10_10_3) AppleWebKit/537.36 (KHTML, like Gecko) Chrome/42.0.2311.90 Safari/537.36"
206.29.176.51 - - [22/Apr/2015:13:05:20 -0700] "GET /im/api.php?raceId=2147483665&raceName=neworleans70.3&bib=2&startTime=12:00:00 HTTP/1.1" 200 796 "-" "Mozilla/5.0 (Macintosh; Intel Mac OS X 10_10_3) AppleWebKit/537.36 (KHTML, like Gecko) Chrome/42.0.2311.90 Safari/537.36"
206.29.176.51 - - [22/Apr/2015:13:05:28 -0700] "GET /im/api.php?raceId=2147483665&raceName=neworleans70.3&bib=2 HTTP/1.1" 200 796 "-" "Mozilla/5.0 (Macintosh; Intel Mac OS X 10_10_3) AppleWebKit/537.36 (KHTML, like Gecko) Chrome/42.0.2311.90 Safari/537.36"
170.75.162.130 - - [22/Apr/2015:13:11:27 -0700] "GET /lib/reccapi.php?resort=killington HTTP/1.1" 200 1007 "-" "node-superagent/0.18.2"
66.249.79.16 - - [22/Apr/2015:13:11:39 -0700] "GET /resorts?resort=arapahoebasin&date=2014-02-03 HTTP/1.1" 404 506 "-" "Mozilla/5.0 (iPhone; CPU iPhone OS 6_0 like Mac OS X) AppleWebKit/536.26 (KHTML, like Gecko) Version/6.0 Mobile/10A5376e Safari/8536.25 (compatible; Googlebot/2.1; +http://www.google.com/bot.html)"
172.6.201.148 - - [22/Apr/2015:13:11:53 -0700] "GET /images/wsis-logo-sm.png HTTP/1.1" 200 6108 "http://thebackcountry.net/" "Mozilla/5.0 (Macintosh; Intel Mac OS X 10_7_4) AppleWebKit/537.11 (KHTML, like Gecko) Chrome/23.0.1300.0 Iron/23.0.1300.0 Safari/537.11"
123.125.71.36 - - [22/Apr/2015:13:20:31 -0700] "-" 408 0 "-" "-"
208.115.111.66 - - [22/Apr/2015:13:22:49 -0700] "GET /resorts?resort=sierra-at-tahoe HTTP/1.1" 404 476 "-" "Mozilla/5.0 (compatible; DotBot/1.1; http://www.opensiteexplorer.org/dotbot, help@moz.com)"
220.181.108.119 - - [22/Apr/2015:13:26:16 -0700] "-" 408 0 "-" "-"
202.46.63.150 - - [22/Apr/2015:13:33:26 -0700] "GET /resorts?resort=cannonmountain HTTP/1.1" 404 469 "-" "Mozilla/5.0 (Windows NT 6.1; WOW64) AppleWebKit/537.36 (KHTML, like Gecko) Chrome/36.0.1985.125 Safari/537.36"
66.249.79.8 - - [22/Apr/2015:13:33:46 -0700] "GET /resorts?resort=antelopebutte&date=2014-02-09 HTTP/1.1" 404 506 "-" "Mozilla/5.0 (iPhone; CPU iPhone OS 6_0 like Mac OS X) AppleWebKit/536.26 (KHTML, like Gecko) Version/6.0 Mobile/10A5376e Safari/8536.25 (compatible; Googlebot/2.1; +http://www.google.com/bot.html)"
222.186.21.70 - - [22/Apr/2015:13:40:17 -0700] "CONNECT www.google.com:443 HTTP/1.1" 405 539 "-" "Mozilla/5.0 (Windows NT 6.1; WOW64) AppleWebKit/537.36 (KHTML, like Gecko) Chrome/39.0.2145.4 Safari/537.36"
170.75.162.130 - - [22/Apr/2015:13:49:20 -0700] "GET /lib/reccapi.php?resort=heavenly HTTP/1.1" 200 1100 "-" "node-superagent/0.18.2"
170.75.162.130 - - [22/Apr/2015:13:49:20 -0700] "GET /lib/reccapi.php?resort=canyons HTTP/1.1" 200 1027 "-" "node-superagent/0.18.2"
170.75.162.130 - - [22/Apr/2015:13:49:20 -0700] "GET /lib/reccapi.php?resort=kirkwood HTTP/1.1" 200 1087 "-" "node-superagent/0.18.2"
170.75.162.130 - - [22/Apr/2015:13:51:41 -0700] "GET /lib/reccapi.php?resort=squawvalleyusa HTTP/1.1" 200 1065 "-" "node-superagent/0.18.2"
68.180.228.182 - - [22/Apr/2015:13:53:21 -0700] "GET /resorts?resort=solitude&date=2014-10-06 HTTP/1.1" 404 450 "-" "Mozilla/5.0 (compatible; Yahoo! Slurp; http://help.yahoo.com/help/us/ysearch/slurp)"
66.249.79.160 - - [22/Apr/2015:13:56:10 -0700] "GET /resorts?resort=taos&date=2013-12-15 HTTP/1.1" 404 506 "-" "Mozilla/5.0 (iPhone; CPU iPhone OS 6_0 like Mac OS X) AppleWebKit/536.26 (KHTML, like Gecko) Version/6.0 Mobile/10A5376e Safari/8536.25 (compatible; Googlebot/2.1; +http://www.google.com/bot.html)"
66.249.65.192 - - [22/Apr/2015:13:57:18 -0700] "GET /robots.txt HTTP/1.1" 200 419 "-" "Mozilla/5.0 (compatible; Googlebot/2.1; +http://www.google.com/bot.html)"
66.249.65.188 - - [22/Apr/2015:13:57:18 -0700] "GET / HTTP/1.1" 200 2376 "-" "SAMSUNG-SGH-E250/1.0 Profile/MIDP-2.0 Configuration/CLDC-1.1 UP.Browser/6.2.3.3.c.1.101 (GUI) MMP/2.0 (compatible; Googlebot-Mobile/2.1; +http://www.google.com/bot.html)"
66.249.65.188 - - [22/Apr/2015:13:59:34 -0700] "GET / HTTP/1.1" 200 2376 "-" "DoCoMo/2.0 N905i(c100;TB;W24H16) (compatible; Googlebot-Mobile/2.1; +http://www.google.com/bot.html)"
66.249.79.8 - - [22/Apr/2015:14:05:43 -0700] "GET /images/wsis-logo-sm.png HTTP/1.1" 304 187 "-" "Googlebot-Image/1.0"
202.46.55.103 - - [22/Apr/2015:14:06:47 -0700] "GET /resorts?resort=sundance&date=2014-06-01 HTTP/1.1" 404 469 "-" "Mozilla/5.0 (Windows NT 6.1; WOW64) AppleWebKit/537.36 (KHTML, like Gecko) Chrome/36.0.1985.125 Safari/537.36"
207.46.13.131 - - [22/Apr/2015:14:06:54 -0700] "GET /robots.txt HTTP/1.1" 200 375 "-" "Mozilla/5.0 (compatible; bingbot/2.0; +http://www.bing.com/bingbot.htm)"
207.46.13.131 - - [22/Apr/2015:14:07:08 -0700] "GET / HTTP/1.1" 200 2376 "-" "Mozilla/5.0 (compatible; bingbot/2.0; +http://www.bing.com/bingbot.htm)"
180.76.4.116 - - [22/Apr/2015:14:09:42 -0700] "GET / HTTP/1.1" 200 6114 "-" "Mozilla/4.0 (compatible; MSIE 7.0; Windows NT 6.0)"
123.125.71.96 - - [22/Apr/2015:14:11:57 -0700] "GET / HTTP/1.1" 200 2339 "-" "Mozilla/5.0 (Windows NT 5.1; rv:6.0.2) Gecko/20100101 Firefox/6.0.2"
123.125.71.82 - - [22/Apr/2015:14:12:49 -0700] "-" 408 0 "-" "-"
220.181.108.165 - - [22/Apr/2015:14:16:21 -0700] "-" 408 0 "-" "-"
170.75.162.130 - - [22/Apr/2015:14:17:03 -0700] "GET /lib/reccapi.php?resort=devilshead HTTP/1.1" 200 1018 "-" "node-superagent/0.18.2"
66.249.65.184 - - [22/Apr/2015:14:18:50 -0700] "GET /resorts?resort=mtrose&date=2014-02-14 HTTP/1.1" 404 506 "-" "Mozilla/5.0 (iPhone; CPU iPhone OS 6_0 like Mac OS X) AppleWebKit/536.26 (KHTML, like Gecko) Version/6.0 Mobile/10A5376e Safari/8536.25 (compatible; Googlebot/2.1; +http://www.google.com/bot.html)"
198.204.240.42 - - [22/Apr/2015:14:20:32 -0700] "GET /muieblackcat HTTP/1.1" 404 466 "-" "-"
198.204.240.42 - - [22/Apr/2015:14:20:32 -0700] "GET //phpMyAdmin/scripts/setup.php HTTP/1.1" 404 466 "-" "-"
198.204.240.42 - - [22/Apr/2015:14:20:32 -0700] "GET //phpmyadmin/scripts/setup.php HTTP/1.1" 404 466 "-" "-"
198.204.240.42 - - [22/Apr/2015:14:20:32 -0700] "GET //pma/scripts/setup.php HTTP/1.1" 404 466 "-" "-"
198.204.240.42 - - [22/Apr/2015:14:20:32 -0700] "GET //myadmin/scripts/setup.php HTTP/1.1" 404 466 "-" "-"
198.204.240.42 - - [22/Apr/2015:14:20:33 -0700] "GET //MyAdmin/scripts/setup.php HTTP/1.1" 404 466 "-" "-"
108.228.195.161 - - [22/Apr/2015:14:34:27 -0700] "GET /images/wsis-logo-sm.png HTTP/1.1" 200 6108 "http://www.thebackcountry.net/" "Mozilla/5.0 (Macintosh; Intel Mac OS X 10_8_5) AppleWebKit/600.2.5 (KHTML, like Gecko) Version/6.2.2 Safari/537.85.11"
64.113.103.74 - - [22/Apr/2015:14:35:30 -0700] "GET /images/wsis-logo-sm.png HTTP/1.1" 200 6108 "http://www.thebackcountry.net/" "Mozilla/5.0 (Macintosh; Intel Mac OS X 10_10_3) AppleWebKit/600.5.17 (KHTML, like Gecko) Version/8.0.5 Safari/600.5.17"
66.249.65.192 - - [22/Apr/2015:14:40:30 -0700] "GET /resorts?resort=timberline&date=2014-02-20 HTTP/1.1" 404 506 "-" "Mozilla/5.0 (iPhone; CPU iPhone OS 6_0 like Mac OS X) AppleWebKit/536.26 (KHTML, like Gecko) Version/6.0 Mobile/10A5376e Safari/8536.25 (compatible; Googlebot/2.1; +http://www.google.com/bot.html)"
73.163.91.156 - - [22/Apr/2015:14:40:45 -0700] "GET /images/wsis-logo-sm.png HTTP/1.1" 200 6108 "http://www.thebackcountry.net/" "Mozilla/5.0 (Windows NT 6.1; WOW64) AppleWebKit/537.36 (KHTML, like Gecko) Chrome/42.0.2311.90 Safari/537.36"
170.75.162.130 - - [22/Apr/2015:14:40:45 -0700] "GET /lib/reccapi.php?resort=mtrose HTTP/1.1" 200 1053 "-" "node-superagent/0.18.2"
170.75.162.130 - - [22/Apr/2015:14:48:06 -0700] "GET /lib/reccapi.php?resort=mammothmountain HTTP/1.1" 200 1106 "-" "node-superagent/0.18.2"
50.197.158.1 - - [22/Apr/2015:15:01:00 -0700] "GET /images/wsis-logo-sm.png HTTP/1.1" 200 6108 "http://www.thebackcountry.net/" "Mozilla/5.0 (Macintosh; Intel Mac OS X 10_8_5) AppleWebKit/537.74.9 (KHTML, like Gecko) Version/6.1.2 Safari/537.74.9"
202.46.50.81 - - [22/Apr/2015:15:01:50 -0700] "GET /resorts?resort=taos&date=2014-04-25 HTTP/1.1" 404 469 "-" "Mozilla/5.0 (Windows NT 6.1; WOW64) AppleWebKit/537.36 (KHTML, like Gecko) Chrome/36.0.1985.125 Safari/537.36"
66.249.65.192 - - [22/Apr/2015:15:03:07 -0700] "GET /resorts?resort=keystone&date=2014-02-02 HTTP/1.1" 404 506 "-" "Mozilla/5.0 (iPhone; CPU iPhone OS 6_0 like Mac OS X) AppleWebKit/536.26 (KHTML, like Gecko) Version/6.0 Mobile/10A5376e Safari/8536.25 (compatible; Googlebot/2.1; +http://www.google.com/bot.html)"
123.125.71.84 - - [22/Apr/2015:15:03:28 -0700] "GET / HTTP/1.1" 200 2339 "-" "Mozilla/5.0 (Windows NT 5.1; rv:6.0.2) Gecko/20100101 Firefox/6.0.2"
123.125.71.71 - - [22/Apr/2015:15:04:12 -0700] "-" 408 0 "-" "-"
68.180.228.182 - - [22/Apr/2015:15:07:02 -0700] "GET /resorts?resort=jacksonhole&date=2014-11-18 HTTP/1.1" 404 450 "-" "Mozilla/5.0 (compatible; Yahoo! Slurp; http://help.yahoo.com/help/us/ysearch/slurp)"
220.181.108.176 - - [22/Apr/2015:15:08:20 -0700] "GET / HTTP/1.1" 200 2339 "-" "Mozilla/5.0 (Windows NT 5.1; rv:6.0.2) Gecko/20100101 Firefox/6.0.2"
220.181.108.79 - - [22/Apr/2015:15:09:17 -0700] "GET / HTTP/1.1" 200 6114 "-" "Mozilla/5.0 (Windows NT 5.1; rv:6.0.2) Gecko/20100101 Firefox/6.0.2"
170.75.162.130 - - [22/Apr/2015:15:12:38 -0700] "GET /lib/reccapi.php?resort=taos HTTP/1.1" 200 1016 "-" "node-superagent/0.18.2"
170.75.162.130 - - [22/Apr/2015:15:12:38 -0700] "GET /lib/reccapi.php?resort=silverstarmountain HTTP/1.1" 200 932 "-" "node-superagent/0.18.2"
170.75.162.130 - - [22/Apr/2015:15:12:38 -0700] "GET /lib/reccapi.php?resort=whitefacemountain HTTP/1.1" 200 1067 "-" "node-superagent/0.18.2"
206.29.176.51 - - [22/Apr/2015:15:23:44 -0700] "GET /im/api.php HTTP/1.1" 200 325 "-" "Mozilla/5.0 (Macintosh; Intel Mac OS X 10_10_3) AppleWebKit/537.36 (KHTML, like Gecko) Chrome/42.0.2311.90 Safari/537.36"
206.29.176.51 - - [22/Apr/2015:15:23:48 -0700] "GET /im/api.php HTTP/1.1" 200 324 "-" "Mozilla/5.0 (Macintosh; Intel Mac OS X 10_10_3) AppleWebKit/537.36 (KHTML, like Gecko) Chrome/42.0.2311.90 Safari/537.36"
66.249.65.188 - - [22/Apr/2015:15:24:57 -0700] "GET /resorts?resort=whitepine&date=2014-02-10 HTTP/1.1" 404 506 "-" "Mozilla/5.0 (iPhone; CPU iPhone OS 6_0 like Mac OS X) AppleWebKit/536.26 (KHTML, like Gecko) Version/6.0 Mobile/10A5376e Safari/8536.25 (compatible; Googlebot/2.1; +http://www.google.com/bot.html)"
206.29.176.51 - - [22/Apr/2015:15:25:27 -0700] "GET /im/api.php HTTP/1.1" 500 307 "-" "Mozilla/5.0 (Macintosh; Intel Mac OS X 10_10_3) AppleWebKit/537.36 (KHTML, like Gecko) Chrome/42.0.2311.90 Safari/537.36"
206.29.176.51 - - [22/Apr/2015:15:25:34 -0700] "GET /im/api.php?raceId=2147483665&raceName=neworleans70.3&bib=2 HTTP/1.1" 200 796 "-" "Mozilla/5.0 (Macintosh; Intel Mac OS X 10_10_3) AppleWebKit/537.36 (KHTML, like Gecko) Chrome/42.0.2311.90 Safari/537.36"
206.29.176.51 - - [22/Apr/2015:15:25:39 -0700] "GET /im/api.php?raceId=2147483665&raceName=neworleans70.3&bib=20000 HTTP/1.1" 500 307 "-" "Mozilla/5.0 (Macintosh; Intel Mac OS X 10_10_3) AppleWebKit/537.36 (KHTML, like Gecko) Chrome/42.0.2311.90 Safari/537.36"
206.29.176.51 - - [22/Apr/2015:15:26:10 -0700] "GET /im/api.php?raceId=2147483665&raceName=neworleans70.3&bib=20000 HTTP/1.1" 500 307 "-" "Mozilla/5.0 (Macintosh; Intel Mac OS X 10_10_3) AppleWebKit/537.36 (KHTML, like Gecko) Chrome/42.0.2311.90 Safari/537.36"
206.29.176.51 - - [22/Apr/2015:15:26:13 -0700] "GET /im/api.php?raceId=2147483665&raceName=neworleans70.3&bib=20000 HTTP/1.1" 500 307 "-" "Mozilla/5.0 (Macintosh; Intel Mac OS X 10_10_3) AppleWebKit/537.36 (KHTML, like Gecko) Chrome/42.0.2311.90 Safari/537.36"
206.29.176.51 - - [22/Apr/2015:15:26:27 -0700] "GET /im/api.php?raceId=2147483665&raceName=neworleans70.3&bib=20000 HTTP/1.1" 500 328 "-" "Mozilla/5.0 (Macintosh; Intel Mac OS X 10_10_3) AppleWebKit/537.36 (KHTML, like Gecko) Chrome/42.0.2311.90 Safari/537.36"
170.75.162.130 - - [22/Apr/2015:15:29:29 -0700] "GET /lib/reccapi.php?resort=sierra-at-tahoe HTTP/1.1" 200 1070 "-" "node-superagent/0.18.2"
166.137.242.117 - - [22/Apr/2015:15:29:39 -0700] "GET /images/wsis-logo-sm.png HTTP/1.1" 200 6108 "http://www.thebackcountry.net/" "Mozilla/5.0 (iPhone; CPU iPhone OS 8_3 like Mac OS X) AppleWebKit/600.1.4 (KHTML, like Gecko) Version/8.0 Mobile/12F70 Safari/600.1.4"
66.249.65.188 - - [22/Apr/2015:15:47:19 -0700] "GET /resorts?resort=buttermilk&date=2014-02-15 HTTP/1.1" 404 506 "-" "Mozilla/5.0 (iPhone; CPU iPhone OS 6_0 like Mac OS X) AppleWebKit/536.26 (KHTML, like Gecko) Version/6.0 Mobile/10A5376e Safari/8536.25 (compatible; Googlebot/2.1; +http://www.google.com/bot.html)"
12.232.44.226 - - [22/Apr/2015:15:48:14 -0700] "GET /images/wsis-logo-sm.png HTTP/1.1" 200 6108 "http://www.thebackcountry.net/" "Mozilla/5.0 (compatible; MSIE 10.0; Windows NT 6.1; Trident/6.0)"
209.33.83.173 - - [22/Apr/2015:15:49:19 -0700] "GET /images/wsis-logo-sm.png HTTP/1.1" 200 6108 "http://www.thebackcountry.net/" "Mozilla/5.0 (Windows NT 6.3; WOW64) AppleWebKit/537.36 (KHTML, like Gecko) Chrome/42.0.2311.90 Safari/537.36"
12.232.44.226 - - [22/Apr/2015:15:49:43 -0700] "-" 408 0 "-" "-"
170.75.162.130 - - [22/Apr/2015:15:54:51 -0700] "GET /lib/reccapi.php?resort=chinapeak HTTP/1.1" 200 1101 "-" "node-superagent/0.18.2"
170.75.162.130 - - [22/Apr/2015:15:55:01 -0700] "GET /lib/reccapi.php?resort=whistlerblackcomb HTTP/1.1" 200 935 "-" "node-superagent/0.18.2"
170.75.162.130 - - [22/Apr/2015:15:55:31 -0700] "GET /lib/reccapi.php?resort=jaypeak HTTP/1.1" 200 1031 "-" "node-superagent/0.18.2"
170.75.162.130 - - [22/Apr/2015:15:55:31 -0700] "GET /lib/reccapi.php?resort=deervalley HTTP/1.1" 200 1055 "-" "node-superagent/0.18.2"
170.75.162.130 - - [22/Apr/2015:15:55:31 -0700] "GET /lib/reccapi.php?resort=parkcity HTTP/1.1" 200 1049 "-" "node-superagent/0.18.2"
170.75.162.130 - - [22/Apr/2015:15:55:31 -0700] "GET /lib/reccapi.php?resort=brighton HTTP/1.1" 200 1089 "-" "node-superagent/0.18.2"
170.75.162.130 - - [22/Apr/2015:15:55:31 -0700] "GET /lib/reccapi.php?resort=brianhead HTTP/1.1" 200 1066 "-" "node-superagent/0.18.2"
170.75.162.130 - - [22/Apr/2015:15:55:51 -0700] "GET /lib/reccapi.php?resort=schweitzer HTTP/1.1" 200 1050 "-" "node-superagent/0.18.2"
170.75.162.130 - - [22/Apr/2015:15:55:51 -0700] "GET /lib/reccapi.php?resort=snowbird HTTP/1.1" 200 1080 "-" "node-superagent/0.18.2"
170.75.162.130 - - [22/Apr/2015:15:55:51 -0700] "GET /lib/reccapi.php?resort=solitude HTTP/1.1" 200 1062 "-" "node-superagent/0.18.2"
170.75.162.130 - - [22/Apr/2015:15:55:51 -0700] "GET /lib/reccapi.php?resort=steamboat HTTP/1.1" 200 1036 "-" "node-superagent/0.18.2"
170.75.162.130 - - [22/Apr/2015:15:55:51 -0700] "GET /lib/reccapi.php?resort=stowe HTTP/1.1" 200 997 "-" "node-superagent/0.18.2"
166.137.126.90 - - [22/Apr/2015:15:59:12 -0700] "GET /images/wsis-logo-sm.png HTTP/1.1" 200 6108 "http://www.thebackcountry.net/" "Mozilla/5.0 (iPhone; CPU iPhone OS 8_3 like Mac OS X) AppleWebKit/600.1.4 (KHTML, like Gecko) Version/8.0 Mobile/12F70 Safari/600.1.4"
180.76.4.158 - - [22/Apr/2015:15:59:34 -0700] "GET / HTTP/1.1" 200 6114 "-" "Mozilla/4.0 (compatible; MSIE 7.0; Windows NT 6.0)"
123.125.71.96 - - [22/Apr/2015:16:01:49 -0700] "-" 408 0 "-" "-"
220.181.108.151 - - [22/Apr/2015:16:05:59 -0700] "-" 408 0 "-" "-"
66.249.65.184 - - [22/Apr/2015:16:09:35 -0700] "GET /resorts?resort=parkcity&date=2013-12-10 HTTP/1.1" 404 506 "-" "Mozilla/5.0 (iPhone; CPU iPhone OS 6_0 like Mac OS X) AppleWebKit/536.26 (KHTML, like Gecko) Version/6.0 Mobile/10A5376e Safari/8536.25 (compatible; Googlebot/2.1; +http://www.google.com/bot.html)"
170.75.162.130 - - [22/Apr/2015:16:10:03 -0700] "GET /lib/reccapi.php?resort=sugarbush HTTP/1.1" 200 1018 "-" "node-superagent/0.18.2"
170.75.162.130 - - [22/Apr/2015:16:10:43 -0700] "GET /lib/reccapi.php?resort=crystalmountain HTTP/1.1" 200 976 "-" "node-superagent/0.18.2"
24.182.17.98 - - [22/Apr/2015:16:20:13 -0700] "GET /images/wsis-logo-sm.png HTTP/1.1" 200 6108 "http://www.thebackcountry.net/" "Mozilla/5.0 (compatible; MSIE 9.0; Windows NT 6.1; WOW64; Trident/5.0)"
24.182.17.98 - - [22/Apr/2015:16:20:34 -0700] "-" 408 0 "-" "-"
199.192.87.26 - - [22/Apr/2015:16:23:25 -0700] "GET /images/wsis-logo-sm.png HTTP/1.1" 200 6108 "http://www.thebackcountry.net/" "Mozilla/5.0 (iPhone; CPU iPhone OS 8_3 like Mac OS X) AppleWebKit/600.1.4 (KHTML, like Gecko) Version/8.0 Mobile/12F70 Safari/600.1.4"
66.249.65.188 - - [22/Apr/2015:16:31:59 -0700] "GET /resorts?resort=snowmass&date=2014-02-02 HTTP/1.1" 404 506 "-" "Mozilla/5.0 (iPhone; CPU iPhone OS 6_0 like Mac OS X) AppleWebKit/536.26 (KHTML, like Gecko) Version/6.0 Mobile/10A5376e Safari/8536.25 (compatible; Googlebot/2.1; +http://www.google.com/bot.html)"
202.46.50.66 - - [22/Apr/2015:16:37:45 -0700] "GET /resorts?resort=canyons HTTP/1.1" 404 469 "-" "Mozilla/5.0 (Windows NT 6.1; WOW64) AppleWebKit/537.36 (KHTML, like Gecko) Chrome/36.0.1985.125 Safari/537.36"
23.92.26.73 - - [22/Apr/2015:16:44:19 -0700] "GET   / HTTP/1.1" 200 6114 "http://www.domain2008.com/domains/www.whereshouldiski.com" "Mozilla/5.0 (compatible; MSIE 9.0; Windows NT 6.1; WOW64; Trident/5.0)"
66.249.88.198 - - [22/Apr/2015:16:48:19 -0700] "GET /images/wsis-logo-sm.png HTTP/1.1" 200 6108 "http://www.thebackcountry.net/" "Mozilla/5.0 (Linux; Android 4.4.4; XT1058 Build/KXA21.12-L1.26) AppleWebKit/537.36 (KHTML, like Gecko) Chrome/42.0.2311.109 Mobile Safari/537.36"
180.76.5.152 - - [22/Apr/2015:16:50:22 -0700] "GET / HTTP/1.1" 200 2339 "-" "Mozilla/5.0 (compatible; Baiduspider/2.0; +http://www.baidu.com/search/spider.html)"
170.75.162.130 - - [22/Apr/2015:16:52:36 -0700] "GET /lib/reccapi.php?resort=mountainhigh HTTP/1.1" 200 1024 "-" "node-superagent/0.18.2"
66.249.65.2 - - [22/Apr/2015:16:54:43 -0700] "GET /robots.txt HTTP/1.1" 200 419 "-" "Mozilla/5.0 (compatible; Googlebot/2.1; +http://www.google.com/bot.html)"
66.249.65.6 - - [22/Apr/2015:16:54:43 -0700] "GET / HTTP/1.1" 200 2376 "-" "Mozilla/5.0 (iPhone; CPU iPhone OS 6_0 like Mac OS X) AppleWebKit/536.26 (KHTML, like Gecko) Version/6.0 Mobile/10A5376e Safari/8536.25 (compatible; Googlebot/2.1; +http://www.google.com/bot.html)"
123.125.71.107 - - [22/Apr/2015:16:55:33 -0700] "-" 408 0 "-" "-"
182.118.55.210 - - [22/Apr/2015:16:55:46 -0700] "GET / HTTP/1.1" 200 2320 "-" "Mozilla/5.0 (Macintosh; Intel Mac OS X 10_10_1) AppleWebKit/537.36 (KHTML, like Gecko) Chrome/41.0.2251.0 Safari/537.36"
68.180.228.182 - - [22/Apr/2015:16:56:16 -0700] "GET /resorts?resort=mountashland&date=2014-11-25 HTTP/1.1" 404 450 "-" "Mozilla/5.0 (compatible; Yahoo! Slurp; http://help.yahoo.com/help/us/ysearch/slurp)"
220.181.108.103 - - [22/Apr/2015:16:58:42 -0700] "-" 408 0 "-" "-"
170.75.162.130 - - [22/Apr/2015:17:15:18 -0700] "GET /lib/reccapi.php?resort=redlodge HTTP/1.1" 200 1061 "-" "node-superagent/0.18.2"
170.75.162.130 - - [22/Apr/2015:17:15:18 -0700] "GET /lib/reccapi.php?resort=bigsky HTTP/1.1" 200 1028 "-" "node-superagent/0.18.2"
170.75.162.130 - - [22/Apr/2015:17:18:38 -0700] "GET /lib/reccapi.php?resort=bigwhite HTTP/1.1" 200 916 "-" "node-superagent/0.18.2"
170.75.162.130 - - [22/Apr/2015:17:20:49 -0700] "GET /lib/reccapi.php?resort=alyeska HTTP/1.1" 200 993 "-" "node-superagent/0.18.2"
50.111.18.147 - - [22/Apr/2015:17:23:29 -0700] "GET /images/wsis-logo-sm.png HTTP/1.1" 200 6108 "http://www.thebackcountry.net/" "Mozilla/5.0 (Macintosh; Intel Mac OS X 10_9_5) AppleWebKit/537.36 (KHTML, like Gecko) Chrome/42.0.2311.90 Safari/537.36"
66.249.65.6 - - [22/Apr/2015:17:23:57 -0700] "GET /lib/resortDataSearch.php?resort=bigwhite&dateStart=2013-11-19&dateMax=2013-11-29&size=30 HTTP/1.1" 200 331 "-" "Mozilla/5.0 (iPhone; CPU iPhone OS 6_0 like Mac OS X) AppleWebKit/536.26 (KHTML, like Gecko) Version/6.0 Mobile/10A5376e Safari/8536.25 (compatible; Googlebot/2.1; +http://www.google.com/bot.html)"
66.249.65.135 - - [22/Apr/2015:17:24:51 -0700] "GET /robots.txt HTTP/1.1" 200 419 "-" "Mozilla/5.0 (compatible; Googlebot/2.1; +http://www.google.com/bot.html)"
66.249.65.131 - - [22/Apr/2015:17:24:51 -0700] "GET / HTTP/1.1" 200 2376 "-" "Mozilla/5.0 (iPhone; CPU iPhone OS 6_0 like Mac OS X) AppleWebKit/536.26 (KHTML, like Gecko) Version/6.0 Mobile/10A5376e Safari/8536.25 (compatible; Googlebot/2.1; +http://www.google.com/bot.html)"
134.249.53.85 - - [22/Apr/2015:17:27:41 -0700] "GET /robots.txt HTTP/1.1" 200 375 "-" "Mozilla/5.0 (Windows NT 6.3; WOW64; rv:36.0) Gecko/20100101 Firefox/36.0"
134.249.53.85 - - [22/Apr/2015:17:27:41 -0700] "GET /wp-login.php HTTP/1.1" 404 531 "-" "Mozilla/5.0 (Windows NT 6.1; rv:37.0) Gecko/20100101 Firefox/37.0"
134.249.53.85 - - [22/Apr/2015:17:27:41 -0700] "GET / HTTP/1.1" 200 6150 "-" "Mozilla/5.0 (Windows NT 6.1; rv:37.0) Gecko/20100101 Firefox/37.0"
134.249.53.85 - - [22/Apr/2015:17:27:42 -0700] "GET /robots.txt HTTP/1.1" 200 374 "-" "Mozilla/5.0 (compatible; bingbot/3.0-alpha; +http://www.bing.com/bingbot.htm)"
134.249.53.85 - - [22/Apr/2015:17:27:42 -0700] "GET /admin/index.php HTTP/1.1" 404 531 "-" "Mozilla/5.0 (compatible; bingbot/3.0-alpha; +http://www.bing.com/bingbot.htm)"
134.249.53.85 - - [22/Apr/2015:17:27:42 -0700] "GET /bitrix/admin/index.php?lang=en HTTP/1.1" 404 531 "-" "Mozilla/5.0 (compatible; bingbot/3.0-alpha; +http://www.bing.com/bingbot.htm)"
134.249.53.85 - - [22/Apr/2015:17:27:42 -0700] "GET /robots.txt HTTP/1.1" 200 374 "-" "Mozilla/5.0 (compatible; bingbot/3.0-alpha; +http://www.bing.com/bingbot.htm)"
134.249.53.85 - - [22/Apr/2015:17:27:43 -0700] "GET /robots.txt HTTP/1.1" 200 374 "-" "Mozilla/5.0 (compatible; bingbot/3.0-alpha; +http://www.bing.com/bingbot.htm)"
134.249.53.85 - - [22/Apr/2015:17:27:43 -0700] "GET /robots.txt HTTP/1.1" 200 374 "-" "Mozilla/5.0 (compatible; bingbot/3.0-alpha; +http://www.bing.com/bingbot.htm)"
76.20.8.102 - - [22/Apr/2015:17:27:43 -0700] "GET /images/wsis-logo-sm.png HTTP/1.1" 200 6108 "http://www.thebackcountry.net/" "Mozilla/5.0 (iPhone; CPU iPhone OS 7_1_1 like Mac OS X) AppleWebKit/537.51.2 (KHTML, like Gecko) Version/7.0 Mobile/11D201 Safari/9537.53"
173.252.74.118 - - [22/Apr/2015:17:32:08 -0700] "GET /images/logo-sm.png HTTP/1.1" 200 16738 "-" "facebookexternalhit/1.1 (+http://www.facebook.com/externalhit_uatext.php)"
66.220.152.117 - - [22/Apr/2015:17:33:30 -0700] "GET /images/logo-sm.png HTTP/1.1" 200 16738 "-" "facebookexternalhit/1.1 (+http://www.facebook.com/externalhit_uatext.php)"
202.46.50.167 - - [22/Apr/2015:17:37:00 -0700] "GET /resorts?resort=aspenmountain HTTP/1.1" 404 469 "-" "Mozilla/5.0 (Windows NT 6.1; WOW64) AppleWebKit/537.36 (KHTML, like Gecko) Chrome/36.0.1985.125 Safari/537.36"
66.249.65.4 - - [22/Apr/2015:17:41:06 -0700] "GET /resorts?resort=snoqualmie-alpental&date=2013-01-16 HTTP/1.1" 404 509 "-" "Mozilla/5.0 (iPhone; CPU iPhone OS 6_0 like Mac OS X) AppleWebKit/536.26 (KHTML, like Gecko) Version/6.0 Mobile/10A5376e Safari/8536.25 (compatible; Googlebot/2.1; +http://www.google.com/bot.html)"
123.125.71.115 - - [22/Apr/2015:17:45:04 -0700] "-" 408 0 "-" "-"
220.181.108.89 - - [22/Apr/2015:17:47:45 -0700] "-" 408 0 "-" "-"
123.125.71.26 - - [22/Apr/2015:17:52:35 -0700] "GET /viz/2012-2013-viz.php HTTP/1.1" 404 472 "-" "Mozilla/5.0 (compatible; Baiduspider/2.0; +http://www.baidu.com/search/spider.html)"
170.75.162.130 - - [22/Apr/2015:17:53:01 -0700] "GET /lib/reccapi.php?resort=sunvalley HTTP/1.1" 200 1043 "-" "node-superagent/0.18.2"
180.76.6.20 - - [22/Apr/2015:17:56:02 -0700] "GET /resorts?resort=anthonylakes&date=2014-04-06 HTTP/1.1" 404 472 "-" "Mozilla/5.0 (compatible; Baiduspider/2.0; +http://www.baidu.com/search/spider.html)"
170.75.162.130 - - [22/Apr/2015:18:00:02 -0700] "GET /lib/reccapi.php?resort=monarch HTTP/1.1" 200 1079 "-" "node-superagent/0.18.2"
180.76.4.42 - - [22/Apr/2015:18:07:39 -0700] "GET / HTTP/1.1" 200 6114 "-" "Mozilla/4.0 (compatible; MSIE 7.0; Windows NT 6.0)"
