208.185.253.226 - - [01/Mar/2016:15:27:38 -0800] "GET /images/greyHeader.png HTTP/1.1" 200 508 "http://whereshouldiski.com/" "Mozilla/5.0 (iPhone; CPU iPhone OS 9_2_1 like Mac OS X) AppleWebKit/601.1.46 (KHTML, like Gecko) Mobile/13D15 [FBAN/FBIOS;FBAV/49.0.0.72.166;FBBV/22916291;FBDV/iPhone7,2;FBMD/iPhone;FBSN/iPhone OS;FBSV/9.2.1;FBSS/2; FBCR/AT&T;FBID/phone;FBLC/en_US;FBOP/5]"
208.185.253.226 - - [01/Mar/2016:15:27:38 -0800] "GET /images/snowflake5.png HTTP/1.1" 200 2857 "http://whereshouldiski.com/" "Mozilla/5.0 (iPhone; CPU iPhone OS 9_2_1 like Mac OS X) AppleWebKit/601.1.46 (KHTML, like Gecko) Mobile/13D15 [FBAN/FBIOS;FBAV/49.0.0.72.166;FBBV/22916291;FBDV/iPhone7,2;FBMD/iPhone;FBSN/iPhone OS;FBSV/9.2.1;FBSS/2; FBCR/AT&T;FBID/phone;FBLC/en_US;FBOP/5]"
208.185.253.226 - - [01/Mar/2016:15:27:38 -0800] "GET /images/star5.png HTTP/1.1" 200 1783 "http://whereshouldiski.com/" "Mozilla/5.0 (iPhone; CPU iPhone OS 9_2_1 like Mac OS X) AppleWebKit/601.1.46 (KHTML, like Gecko) Mobile/13D15 [FBAN/FBIOS;FBAV/49.0.0.72.166;FBBV/22916291;FBDV/iPhone7,2;FBMD/iPhone;FBSN/iPhone OS;FBSV/9.2.1;FBSS/2; FBCR/AT&T;FBID/phone;FBLC/en_US;FBOP/5]"
208.185.253.226 - - [01/Mar/2016:15:27:38 -0800] "GET /images/bluebird5.png HTTP/1.1" 200 2177 "http://whereshouldiski.com/" "Mozilla/5.0 (iPhone; CPU iPhone OS 9_2_1 like Mac OS X) AppleWebKit/601.1.46 (KHTML, like Gecko) Mobile/13D15 [FBAN/FBIOS;FBAV/49.0.0.72.166;FBBV/22916291;FBDV/iPhone7,2;FBMD/iPhone;FBSN/iPhone OS;FBSV/9.2.1;FBSS/2; FBCR/AT&T;FBID/phone;FBLC/en_US;FBOP/5]"
208.185.253.226 - - [01/Mar/2016:15:27:38 -0800] "GET /images/shading-icon.png HTTP/1.1" 200 536 "http://whereshouldiski.com/" "Mozilla/5.0 (iPhone; CPU iPhone OS 9_2_1 like Mac OS X) AppleWebKit/601.1.46 (KHTML, like Gecko) Mobile/13D15 [FBAN/FBIOS;FBAV/49.0.0.72.166;FBBV/22916291;FBDV/iPhone7,2;FBMD/iPhone;FBSN/iPhone OS;FBSV/9.2.1;FBSS/2; FBCR/AT&T;FBID/phone;FBLC/en_US;FBOP/5]"
208.185.253.226 - - [01/Mar/2016:15:27:38 -0800] "GET /images/mtns-icon.png HTTP/1.1" 200 1096 "http://whereshouldiski.com/" "Mozilla/5.0 (iPhone; CPU iPhone OS 9_2_1 like Mac OS X) AppleWebKit/601.1.46 (KHTML, like Gecko) Mobile/13D15 [FBAN/FBIOS;FBAV/49.0.0.72.166;FBBV/22916291;FBDV/iPhone7,2;FBMD/iPhone;FBSN/iPhone OS;FBSV/9.2.1;FBSS/2; FBCR/AT&T;FBID/phone;FBLC/en_US;FBOP/5]"
180.76.15.5 - - [01/Mar/2016:15:28:05 -0800] "GET / HTTP/1.1" 200 6995 "-" "Mozilla/5.0 (compatible; Baiduspider/2.0; +http://www.baidu.com/search/spider.html)"
180.76.15.141 - - [01/Mar/2016:15:28:05 -0800] "GET /robots.txt HTTP/1.1" 200 382 "-" "Mozilla/5.0 (Windows NT 5.1; rv:6.0.2) Gecko/20100101 Firefox/6.0.2"
180.76.15.163 - - [01/Mar/2016:15:28:51 -0800] "GET / HTTP/1.1" 200 6995 "-" "Mozilla/5.0 (compatible; Baiduspider/2.0; +http://www.baidu.com/search/spider.html)"
123.125.71.77 - - [01/Mar/2016:15:32:28 -0800] "GET / HTTP/1.1" 200 2578 "-" "Mozilla/5.0 (Windows NT 5.1; rv:6.0.2) Gecko/20100101 Firefox/6.0.2"
123.125.71.87 - - [01/Mar/2016:15:32:30 -0800] "GET / HTTP/1.1" 200 6995 "-" "Mozilla/5.0 (Windows NT 5.1; rv:6.0.2) Gecko/20100101 Firefox/6.0.2"
170.75.162.130 - - [01/Mar/2016:15:33:55 -0800] "GET /lib/reccapi.php?resort=crystalmountain HTTP/1.1" 200 1040 "-" "node-superagent/1.4.0"
128.218.42.165 - - [01/Mar/2016:15:35:06 -0800] "GET /images/wsis-logo-sm.png HTTP/1.1" 200 6108 "http://www.thebackcountry.net/" "Mozilla/5.0 (Windows NT 6.1; WOW64) AppleWebKit/537.36 (KHTML, like Gecko) Chrome/47.0.2526.80 Safari/537.36"
170.75.162.130 - - [01/Mar/2016:15:40:36 -0800] "GET /lib/reccapi.php?resort=steamboat HTTP/1.1" 200 999 "-" "node-superagent/1.4.0"
170.75.162.130 - - [01/Mar/2016:15:40:46 -0800] "GET /lib/reccapi.php?resort=bigsky HTTP/1.1" 200 1066 "-" "node-superagent/1.4.0"
170.75.162.130 - - [01/Mar/2016:15:40:46 -0800] "GET /lib/reccapi.php?resort=redlodge HTTP/1.1" 200 1054 "-" "node-superagent/1.4.0"
170.75.162.130 - - [01/Mar/2016:15:40:56 -0800] "GET /lib/reccapi.php?resort=killington HTTP/1.1" 200 1018 "-" "node-superagent/1.4.0"
170.75.162.130 - - [01/Mar/2016:15:44:27 -0800] "GET /lib/reccapi.php?resort=arapahoebasin HTTP/1.1" 200 1002 "-" "node-superagent/1.4.0"
52.33.40.213 - - [01/Mar/2016:15:54:25 -0800] "GET /lib/reccapi.php?resort=angelfire HTTP/1.1" 200 972 "-" "node-superagent/1.4.0"
52.33.40.213 - - [01/Mar/2016:15:55:56 -0800] "GET /lib/reccapi.php?resort=crystalmountain HTTP/1.1" 200 1040 "-" "node-superagent/1.4.0"
52.33.40.213 - - [01/Mar/2016:15:55:56 -0800] "GET /lib/reccapi.php?resort=monarch HTTP/1.1" 200 972 "-" "node-superagent/1.4.0"
88.198.94.196 - - [01/Mar/2016:15:56:32 -0800] "GET /robots.txt HTTP/1.1" 200 419 "-" "Mozilla/5.0 (compatible; BLEXBot/1.0; +http://webmeup-crawler.com/)"
88.198.94.196 - - [01/Mar/2016:15:56:32 -0800] "GET /robots.txt HTTP/1.1" 200 419 "-" "Mozilla/5.0 (compatible; BLEXBot/1.0; +http://webmeup-crawler.com/)"
88.198.94.196 - - [01/Mar/2016:15:56:33 -0800] "GET / HTTP/1.1" 200 2615 "-" "Mozilla/5.0 (compatible; BLEXBot/1.0; +http://webmeup-crawler.com/)"
88.198.94.196 - - [01/Mar/2016:15:56:38 -0800] "GET /blog/11-2012-2013-powder-rating-visualization HTTP/1.1" 404 506 "-" "Mozilla/5.0 (compatible; BLEXBot/1.0; +http://webmeup-crawler.com/)"
88.198.94.196 - - [01/Mar/2016:15:56:43 -0800] "GET /viz/2012-2013-viz.php HTTP/1.1" 404 506 "-" "Mozilla/5.0 (compatible; BLEXBot/1.0; +http://webmeup-crawler.com/)"
88.198.94.196 - - [01/Mar/2016:15:56:53 -0800] "GET /resorts?resort=snowmass HTTP/1.1" 404 506 "-" "Mozilla/5.0 (compatible; BLEXBot/1.0; +http://webmeup-crawler.com/)"
88.198.94.196 - - [01/Mar/2016:15:56:58 -0800] "GET /resorts?resort=steamboat HTTP/1.1" 404 506 "-" "Mozilla/5.0 (compatible; BLEXBot/1.0; +http://webmeup-crawler.com/)"
88.198.94.196 - - [01/Mar/2016:15:57:03 -0800] "GET /resorts?resort=telluride HTTP/1.1" 404 506 "-" "Mozilla/5.0 (compatible; BLEXBot/1.0; +http://webmeup-crawler.com/)"
88.198.94.196 - - [01/Mar/2016:15:57:11 -0800] "GET /resorts?resort=winterpark HTTP/1.1" 404 506 "-" "Mozilla/5.0 (compatible; BLEXBot/1.0; +http://webmeup-crawler.com/)"
88.198.94.196 - - [01/Mar/2016:15:57:22 -0800] "GET /resorts?resort=mountainhigh HTTP/1.1" 404 506 "-" "Mozilla/5.0 (compatible; BLEXBot/1.0; +http://webmeup-crawler.com/)"
88.198.94.196 - - [01/Mar/2016:15:57:30 -0800] "GET /resorts?resort=mounthoodmeadows HTTP/1.1" 404 506 "-" "Mozilla/5.0 (compatible; BLEXBot/1.0; +http://webmeup-crawler.com/)"
88.198.94.196 - - [01/Mar/2016:15:57:35 -0800] "GET /resorts?resort=mountspokane HTTP/1.1" 404 506 "-" "Mozilla/5.0 (compatible; BLEXBot/1.0; +http://webmeup-crawler.com/)"
88.198.94.196 - - [01/Mar/2016:15:57:40 -0800] "GET /resorts?resort=mtrose HTTP/1.1" 404 506 "-" "Mozilla/5.0 (compatible; BLEXBot/1.0; +http://webmeup-crawler.com/)"
88.198.94.196 - - [01/Mar/2016:15:57:53 -0800] "GET /resorts?resort=northstar-at-tahoe HTTP/1.1" 404 506 "-" "Mozilla/5.0 (compatible; BLEXBot/1.0; +http://webmeup-crawler.com/)"
88.198.94.196 - - [01/Mar/2016:15:57:59 -0800] "GET /resorts?resort=parkcity HTTP/1.1" 404 506 "-" "Mozilla/5.0 (compatible; BLEXBot/1.0; +http://webmeup-crawler.com/)"
88.198.94.196 - - [01/Mar/2016:15:58:04 -0800] "GET /resorts?resort=redlodge HTTP/1.1" 404 506 "-" "Mozilla/5.0 (compatible; BLEXBot/1.0; +http://webmeup-crawler.com/)"
88.198.94.196 - - [01/Mar/2016:15:58:08 -0800] "GET /resorts?resort=redmountain HTTP/1.1" 404 506 "-" "Mozilla/5.0 (compatible; BLEXBot/1.0; +http://webmeup-crawler.com/)"
24.176.248.71 - - [01/Mar/2016:15:58:13 -0800] "GET /images/wsis-logo-sm.png HTTP/1.1" 200 6108 "http://www.thebackcountry.net/" "Mozilla/5.0 (Windows NT 10.0; WOW64) AppleWebKit/537.36 (KHTML, like Gecko) Chrome/48.0.2564.116 Safari/537.36"
88.198.94.196 - - [01/Mar/2016:15:58:23 -0800] "GET /resorts?resort=schweitzer HTTP/1.1" 404 506 "-" "Mozilla/5.0 (compatible; BLEXBot/1.0; +http://webmeup-crawler.com/)"
88.198.94.196 - - [01/Mar/2016:15:58:28 -0800] "GET /resorts?resort=sierra-at-tahoe HTTP/1.1" 404 506 "-" "Mozilla/5.0 (compatible; BLEXBot/1.0; +http://webmeup-crawler.com/)"
88.198.94.196 - - [01/Mar/2016:15:58:35 -0800] "GET /resorts?resort=silverstarmountain HTTP/1.1" 404 506 "-" "Mozilla/5.0 (compatible; BLEXBot/1.0; +http://webmeup-crawler.com/)"
88.198.94.196 - - [01/Mar/2016:15:58:40 -0800] "GET /resorts?resort=smugglersnotch HTTP/1.1" 404 506 "-" "Mozilla/5.0 (compatible; BLEXBot/1.0; +http://webmeup-crawler.com/)"
173.252.120.97 - - [01/Mar/2016:15:58:44 -0800] "GET /images/logo.png HTTP/1.1" 200 33278 "-" "facebookexternalhit/1.1 (+http://www.facebook.com/externalhit_uatext.php)"
88.198.94.196 - - [01/Mar/2016:15:58:46 -0800] "GET /resorts?resort=snowbasin HTTP/1.1" 404 506 "-" "Mozilla/5.0 (compatible; BLEXBot/1.0; +http://webmeup-crawler.com/)"
88.198.94.196 - - [01/Mar/2016:15:58:52 -0800] "GET /resorts?resort=snowbird HTTP/1.1" 404 506 "-" "Mozilla/5.0 (compatible; BLEXBot/1.0; +http://webmeup-crawler.com/)"
88.198.94.196 - - [01/Mar/2016:15:58:58 -0800] "GET /resorts?resort=solitude HTTP/1.1" 404 506 "-" "Mozilla/5.0 (compatible; BLEXBot/1.0; +http://webmeup-crawler.com/)"
88.198.94.196 - - [01/Mar/2016:15:59:03 -0800] "GET /resorts?resort=squawvalleyusa HTTP/1.1" 404 506 "-" "Mozilla/5.0 (compatible; BLEXBot/1.0; +http://webmeup-crawler.com/)"
88.198.94.196 - - [01/Mar/2016:15:59:21 -0800] "GET /resorts?resort=stevenspass HTTP/1.1" 404 506 "-" "Mozilla/5.0 (compatible; BLEXBot/1.0; +http://webmeup-crawler.com/)"
88.198.94.196 - - [01/Mar/2016:15:59:29 -0800] "GET /resorts?resort=stowe HTTP/1.1" 404 506 "-" "Mozilla/5.0 (compatible; BLEXBot/1.0; +http://webmeup-crawler.com/)"
88.198.94.196 - - [01/Mar/2016:15:59:34 -0800] "GET /resorts?resort=sugarbowl HTTP/1.1" 404 506 "-" "Mozilla/5.0 (compatible; BLEXBot/1.0; +http://webmeup-crawler.com/)"
88.198.94.196 - - [01/Mar/2016:15:59:38 -0800] "GET /resorts?resort=sugarbush HTTP/1.1" 404 506 "-" "Mozilla/5.0 (compatible; BLEXBot/1.0; +http://webmeup-crawler.com/)"
88.198.94.196 - - [01/Mar/2016:15:59:43 -0800] "GET /resorts?resort=sugarloaf HTTP/1.1" 404 506 "-" "Mozilla/5.0 (compatible; BLEXBot/1.0; +http://webmeup-crawler.com/)"
88.198.94.196 - - [01/Mar/2016:15:59:52 -0800] "GET /resorts?resort=sundayriver HTTP/1.1" 404 506 "-" "Mozilla/5.0 (compatible; BLEXBot/1.0; +http://webmeup-crawler.com/)"
107.77.109.25 - - [01/Mar/2016:15:59:56 -0800] "GET /images/wsis-logo-sm.png HTTP/1.1" 200 6108 "http://www.thebackcountry.net/" "Mozilla/5.0 (iPhone; CPU iPhone OS 8_1_2 like Mac OS X) AppleWebKit/600.1.4 (KHTML, like Gecko) Version/8.0 Mobile/12B440 Safari/600.1.4"
88.198.94.196 - - [01/Mar/2016:15:59:59 -0800] "GET /resorts?resort=sunpeaksresort HTTP/1.1" 404 506 "-" "Mozilla/5.0 (compatible; BLEXBot/1.0; +http://webmeup-crawler.com/)"
88.198.94.196 - - [01/Mar/2016:16:00:05 -0800] "GET /resorts?resort=sunvalley HTTP/1.1" 404 506 "-" "Mozilla/5.0 (compatible; BLEXBot/1.0; +http://webmeup-crawler.com/)"
88.198.94.196 - - [01/Mar/2016:16:00:10 -0800] "GET /resorts?resort=taos HTTP/1.1" 404 506 "-" "Mozilla/5.0 (compatible; BLEXBot/1.0; +http://webmeup-crawler.com/)"
88.198.94.196 - - [01/Mar/2016:16:00:25 -0800] "GET /resorts?resort=whistlerblackcomb HTTP/1.1" 404 506 "-" "Mozilla/5.0 (compatible; BLEXBot/1.0; +http://webmeup-crawler.com/)"
52.33.40.213 - - [01/Mar/2016:16:00:25 -0800] "GET /lib/reccapi.php?resort=alyeska HTTP/1.1" 200 1050 "-" "node-superagent/1.4.0"
88.198.94.196 - - [01/Mar/2016:16:00:31 -0800] "GET /resorts?resort=whitefacemountain HTTP/1.1" 404 506 "-" "Mozilla/5.0 (compatible; BLEXBot/1.0; +http://webmeup-crawler.com/)"
88.198.94.196 - - [01/Mar/2016:16:00:50 -0800] "GET /resorts?resort=wildcatmountain HTTP/1.1" 404 506 "-" "Mozilla/5.0 (compatible; BLEXBot/1.0; +http://webmeup-crawler.com/)"
52.33.40.213 - - [01/Mar/2016:16:01:55 -0800] "GET /lib/reccapi.php?resort=whitefacemountain HTTP/1.1" 200 1024 "-" "node-superagent/1.4.0"
70.214.34.118 - - [01/Mar/2016:16:05:34 -0800] "GET /images/wsis-logo-sm.png HTTP/1.1" 200 6108 "http://www.thebackcountry.net/" "Mozilla/5.0 (iPhone; CPU iPhone OS 9_2_1 like Mac OS X) AppleWebKit/601.1.46 (KHTML, like Gecko) Version/9.0 Mobile/13D15 Safari/601.1"
66.249.69.111 - - [01/Mar/2016:16:08:31 -0800] "GET /styles/ee08faa9.main.css HTTP/1.1" 200 19447 "-" "Mozilla/5.0 (compatible; Googlebot/2.1; +http://www.google.com/bot.html)"
170.75.162.130 - - [01/Mar/2016:16:08:50 -0800] "GET /lib/reccapi.php?resort=crestedbutte HTTP/1.1" 200 987 "-" "node-superagent/1.4.0"
46.4.32.75 - - [01/Mar/2016:16:12:34 -0800] "GET /robots.txt HTTP/1.0" 200 375 "-" "Mozilla/5.0 (compatible; MJ12bot/v1.4.5; http://www.majestic12.co.uk/bot.php?+)"
46.4.32.75 - - [01/Mar/2016:16:12:36 -0800] "GET /resorts?resort=killington HTTP/1.0" 404 531 "-" "Mozilla/5.0 (compatible; MJ12bot/v1.4.5; http://www.majestic12.co.uk/bot.php?+)"
46.4.32.75 - - [01/Mar/2016:16:12:38 -0800] "GET /resorts?resort=steamboat HTTP/1.0" 404 495 "-" "Mozilla/5.0 (compatible; MJ12bot/v1.4.5; http://www.majestic12.co.uk/bot.php?+)"
46.4.32.75 - - [01/Mar/2016:16:12:40 -0800] "GET /resorts?resort=telluride HTTP/1.0" 404 495 "-" "Mozilla/5.0 (compatible; MJ12bot/v1.4.5; http://www.majestic12.co.uk/bot.php?+)"
180.76.15.34 - - [01/Mar/2016:16:32:26 -0800] "GET / HTTP/1.1" 200 6995 "-" "Mozilla/5.0 (compatible; Baiduspider/2.0; +http://www.baidu.com/search/spider.html)"
180.76.15.151 - - [01/Mar/2016:16:33:24 -0800] "GET / HTTP/1.1" 200 6995 "-" "Mozilla/5.0 (compatible; Baiduspider/2.0; +http://www.baidu.com/search/spider.html)"
170.75.162.130 - - [01/Mar/2016:16:34:54 -0800] "GET /lib/reccapi.php?resort=cannonmountain HTTP/1.1" 200 1007 "-" "node-superagent/1.4.0"
170.75.162.130 - - [01/Mar/2016:16:34:54 -0800] "GET /lib/reccapi.php?resort=jaypeak HTTP/1.1" 200 1028 "-" "node-superagent/1.4.0"
170.75.162.130 - - [01/Mar/2016:16:34:54 -0800] "GET /lib/reccapi.php?resort=madriverglen HTTP/1.1" 200 1041 "-" "node-superagent/1.4.0"
170.75.162.130 - - [01/Mar/2016:16:34:55 -0800] "GET /lib/reccapi.php?resort=smugglersnotch HTTP/1.1" 200 1011 "-" "node-superagent/1.4.0"
170.75.162.130 - - [01/Mar/2016:16:34:55 -0800] "GET /lib/reccapi.php?resort=stowe HTTP/1.1" 200 988 "-" "node-superagent/1.4.0"
170.75.162.130 - - [01/Mar/2016:16:34:55 -0800] "GET /lib/reccapi.php?resort=sugarbush HTTP/1.1" 200 1038 "-" "node-superagent/1.4.0"
170.75.162.130 - - [01/Mar/2016:16:34:55 -0800] "GET /lib/reccapi.php?resort=sugarloaf HTTP/1.1" 200 972 "-" "node-superagent/1.4.0"
170.75.162.130 - - [01/Mar/2016:16:34:55 -0800] "GET /lib/reccapi.php?resort=sundayriver HTTP/1.1" 200 951 "-" "node-superagent/1.4.0"
170.75.162.130 - - [01/Mar/2016:16:34:55 -0800] "GET /lib/reccapi.php?resort=wildcatmountain HTTP/1.1" 200 974 "-" "node-superagent/1.4.0"
70.214.42.144 - - [01/Mar/2016:16:38:37 -0800] "GET /images/wsis-logo-sm.png HTTP/1.1" 200 6108 "http://www.thebackcountry.net/" "Mozilla/5.0 (iPhone; CPU iPhone OS 9_2_1 like Mac OS X) AppleWebKit/601.1.46 (KHTML, like Gecko) Version/9.0 Mobile/13D15 Safari/601.1"
220.181.108.184 - - [01/Mar/2016:16:42:31 -0800] "GET / HTTP/1.1" 200 2578 "-" "Mozilla/5.0 (Windows NT 5.1; rv:6.0.2) Gecko/20100101 Firefox/6.0.2"
220.181.108.142 - - [01/Mar/2016:16:42:37 -0800] "GET / HTTP/1.1" 200 6995 "-" "Mozilla/5.0 (Windows NT 5.1; rv:6.0.2) Gecko/20100101 Firefox/6.0.2"
74.34.121.65 - - [01/Mar/2016:16:45:47 -0800] "GET /images/wsis-logo-sm.png HTTP/1.1" 200 6108 "http://thebackcountry.net/" "Mozilla/5.0 (Windows NT 6.1; WOW64; Trident/7.0; rv:11.0) like Gecko"
74.34.121.65 - - [01/Mar/2016:16:46:08 -0800] "-" 408 0 "-" "-"
66.249.84.244 - - [01/Mar/2016:16:46:38 -0800] "GET / HTTP/1.1" 200 2615 "-" "Mozilla/5.0 (Windows NT 6.1; rv:6.0) Gecko/20110814 Firefox/6.0 Google Favicon"
66.249.84.247 - - [01/Mar/2016:16:46:38 -0800] "GET /favicon.ico HTTP/1.1" 200 4613 "-" "Mozilla/5.0 (Windows NT 6.1; rv:6.0) Gecko/20110814 Firefox/6.0 Google Favicon"
108.215.159.31 - - [01/Mar/2016:16:53:42 -0800] "GET /images/wsis-logo-sm.png HTTP/1.1" 200 6108 "http://thebackcountry.net/" "Mozilla/5.0 (iPhone; CPU iPhone OS 9_2_1 like Mac OS X) AppleWebKit/601.1.46 (KHTML, like Gecko) Version/9.0 Mobile/13D15 Safari/601.1"
52.33.40.213 - - [01/Mar/2016:16:53:48 -0800] "GET /lib/reccapi.php?resort=buttermilk HTTP/1.1" 200 966 "-" "node-superagent/1.4.0"
170.75.162.130 - - [01/Mar/2016:16:55:27 -0800] "GET /lib/reccapi.php?resort=snowbasin HTTP/1.1" 200 1011 "-" "node-superagent/1.4.0"
52.33.40.213 - - [01/Mar/2016:16:55:28 -0800] "GET /lib/reccapi.php?resort=aspenmountain HTTP/1.1" 200 978 "-" "node-superagent/1.4.0"
170.75.162.130 - - [01/Mar/2016:16:56:57 -0800] "GET /lib/reccapi.php?resort=alyeska HTTP/1.1" 200 1050 "-" "node-superagent/1.4.0"
75.111.97.218 - - [01/Mar/2016:16:57:03 -0800] "GET /images/wsis-logo-sm.png HTTP/1.1" 200 6108 "http://www.thebackcountry.net/" "Mozilla/5.0 (Windows NT 6.3; WOW64; rv:44.0) Gecko/20100101 Firefox/44.0"
170.75.162.130 - - [01/Mar/2016:17:00:58 -0800] "GET /lib/reccapi.php?resort=mounthoodmeadows HTTP/1.1" 200 1081 "-" "node-superagent/1.4.0"
180.76.15.20 - - [01/Mar/2016:17:02:14 -0800] "GET / HTTP/1.1" 304 173 "-" "Mozilla/5.0 (compatible; Baiduspider/2.0; +http://www.baidu.com/search/spider.html)"
85.25.198.199 - - [01/Mar/2016:17:07:40 -0800] "GET / HTTP/1.1" 200 6995 "-" "Mozilla/5.0 (Windows NT 6.1; WOW64; rv:42.0) Gecko/20100101 Firefox/42.0"
85.25.198.199 - - [01/Mar/2016:17:07:41 -0800] "GET / HTTP/1.1" 200 6995 "-" "Mozilla/5.0 (Windows NT 6.1; WOW64; rv:42.0) Gecko/20100101 Firefox/42.0"
170.75.162.130 - - [01/Mar/2016:17:20:00 -0800] "GET /lib/reccapi.php?resort=heavenly HTTP/1.1" 200 1018 "-" "node-superagent/1.4.0"
172.3.77.62 - - [01/Mar/2016:17:20:44 -0800] "GET /images/wsis-logo-sm.png HTTP/1.1" 200 6108 "http://thebackcountry.net/" "Mozilla/5.0 (Macintosh; Intel Mac OS X 10.10; rv:44.0) Gecko/20100101 Firefox/44.0"
52.33.40.213 - - [01/Mar/2016:17:21:29 -0800] "GET /lib/reccapi.php?resort=chinapeak HTTP/1.1" 200 994 "-" "node-superagent/1.4.0"
52.33.40.213 - - [01/Mar/2016:17:21:49 -0800] "GET /lib/reccapi.php?resort=mtrose HTTP/1.1" 200 987 "-" "node-superagent/1.4.0"
170.75.162.130 - - [01/Mar/2016:17:22:11 -0800] "GET /lib/reccapi.php?resort=snowbird HTTP/1.1" 200 962 "-" "node-superagent/1.4.0"
52.33.40.213 - - [01/Mar/2016:17:22:59 -0800] "GET /lib/reccapi.php?resort=homewoodmountain HTTP/1.1" 200 1022 "-" "node-superagent/1.4.0"
208.121.64.6 - - [01/Mar/2016:17:28:30 -0800] "GET /images/wsis-logo-sm.png HTTP/1.1" 200 6108 "http://thebackcountry.net/" "Mozilla/5.0 (Windows NT 6.1) AppleWebKit/537.36 (KHTML, like Gecko) Chrome/48.0.2564.116 Safari/537.36"
180.76.15.155 - - [01/Mar/2016:17:29:44 -0800] "GET / HTTP/1.1" 200 6995 "-" "Mozilla/5.0 (compatible; Baiduspider/2.0; +http://www.baidu.com/search/spider.html)"
180.76.15.15 - - [01/Mar/2016:17:30:34 -0800] "GET / HTTP/1.1" 200 6995 "-" "Mozilla/5.0 (compatible; Baiduspider/2.0; +http://www.baidu.com/search/spider.html)"
170.75.162.130 - - [01/Mar/2016:17:31:02 -0800] "GET /lib/reccapi.php?resort=aspenheights HTTP/1.1" 200 987 "-" "node-superagent/1.4.0"
52.33.40.213 - - [01/Mar/2016:17:43:30 -0800] "GET /lib/reccapi.php?resort=parkcity HTTP/1.1" 200 988 "-" "node-superagent/1.4.0"
52.33.40.213 - - [01/Mar/2016:17:46:40 -0800] "GET /lib/reccapi.php?resort=redlodge HTTP/1.1" 200 1054 "-" "node-superagent/1.4.0"
66.249.75.8 - - [01/Mar/2016:17:48:38 -0800] "GET /lib/reccapi.php?resort=49degreesnorth&date=2016-02-29 HTTP/1.1" 200 1047 "http://whereshouldiski.com/" "Mozilla/5.0 (compatible; Googlebot/2.1; +http://www.google.com/bot.html)"
66.249.75.8 - - [01/Mar/2016:17:48:40 -0800] "GET /lib/resortDataSearchD3.php?size=7&sortDate=T&resort=49degreesnorth&dateStart=2016-02-27 HTTP/1.1" 200 861 "http://whereshouldiski.com/" "Mozilla/5.0 (compatible; Googlebot/2.1; +http://www.google.com/bot.html)"
66.249.75.121 - - [01/Mar/2016:17:48:40 -0800] "GET /lib/reccapi.php?fields=t&date=2016-02-29&coords=48.28%2C-117.56&size=7&sort=distance HTTP/1.1" 200 1402 "http://whereshouldiski.com/" "Mozilla/5.0 (compatible; Googlebot/2.1; +http://www.google.com/bot.html)"
170.75.162.130 - - [01/Mar/2016:17:52:45 -0800] "GET /lib/reccapi.php?resort=jacksonhole HTTP/1.1" 200 1068 "-" "node-superagent/1.4.0"
71.202.111.200 - - [01/Mar/2016:17:54:59 -0800] "GET /images/wsis-logo-sm.png HTTP/1.1" 200 6108 "http://www.thebackcountry.net/" "Mozilla/5.0 (Macintosh; Intel Mac OS X 10_10_5) AppleWebKit/601.4.4 (KHTML, like Gecko) Version/9.0.3 Safari/601.4.4"
66.249.75.121 - - [01/Mar/2016:17:59:44 -0800] "GET /lib/reccapi.php?resort=brianhead&date=2016-02-29 HTTP/1.1" 200 1018 "http://whereshouldiski.com/" "Mozilla/5.0 (compatible; Googlebot/2.1; +http://www.google.com/bot.html)"
66.249.75.121 - - [01/Mar/2016:17:59:45 -0800] "GET /lib/reccapi.php?fields=t&date=2016-02-29&coords=37.67%2C-112.83&size=7&sort=distance HTTP/1.1" 200 1322 "http://whereshouldiski.com/" "Mozilla/5.0 (compatible; Googlebot/2.1; +http://www.google.com/bot.html)"
66.249.75.8 - - [01/Mar/2016:17:59:46 -0800] "GET /lib/resortDataSearchD3.php?size=7&sortDate=T&resort=brianhead&dateStart=2016-02-27 HTTP/1.1" 200 848 "http://whereshouldiski.com/" "Mozilla/5.0 (compatible; Googlebot/2.1; +http://www.google.com/bot.html)"
170.75.162.130 - - [01/Mar/2016:18:05:06 -0800] "GET /lib/reccapi.php?resort=aspenmountain HTTP/1.1" 200 978 "-" "node-superagent/1.4.0"
170.75.162.130 - - [01/Mar/2016:18:05:06 -0800] "GET /lib/reccapi.php?resort=buttermilk HTTP/1.1" 200 966 "-" "node-superagent/1.4.0"
170.75.162.130 - - [01/Mar/2016:18:05:07 -0800] "GET /lib/reccapi.php?resort=snowmass HTTP/1.1" 200 961 "-" "node-superagent/1.4.0"
54.164.104.125 - - [01/Mar/2016:18:18:00 -0800] "GET /about HTTP/1.0" 404 495 "-" "ltx71 - (http://ltx71.com/)"
52.33.40.213 - - [01/Mar/2016:18:21:32 -0800] "GET /lib/reccapi.php?resort=bigsky HTTP/1.1" 200 1067 "-" "node-superagent/1.4.0"
52.33.40.213 - - [01/Mar/2016:18:21:42 -0800] "GET /lib/reccapi.php?resort=jaypeak HTTP/1.1" 200 1027 "-" "node-superagent/1.4.0"
170.75.162.130 - - [01/Mar/2016:18:23:19 -0800] "GET /lib/reccapi.php?resort=whistlerblackcomb HTTP/1.1" 200 934 "-" "node-superagent/1.4.0"
23.120.253.186 - - [01/Mar/2016:18:26:57 -0800] "GET /images/wsis-logo-sm.png HTTP/1.1" 200 6108 "http://www.thebackcountry.net/" "Mozilla/5.0 (iPhone; CPU iPhone OS 9_2 like Mac OS X) AppleWebKit/601.1.46 (KHTML, like Gecko) Version/9.0 Mobile/13C75 Safari/601.1"
180.76.15.6 - - [01/Mar/2016:18:28:48 -0800] "GET / HTTP/1.1" 200 6995 "-" "Mozilla/5.0 (compatible; Baiduspider/2.0; +http://www.baidu.com/search/spider.html)"
180.76.15.150 - - [01/Mar/2016:18:29:38 -0800] "GET / HTTP/1.1" 200 6995 "-" "Mozilla/5.0 (compatible; Baiduspider/2.0; +http://www.baidu.com/search/spider.html)"
66.249.75.114 - - [01/Mar/2016:18:36:40 -0800] "GET /lib/reccapi.php?resort=bigwhite&date=2016-02-29 HTTP/1.1" 200 965 "http://whereshouldiski.com/" "Mozilla/5.0 (compatible; Googlebot/2.1; +http://www.google.com/bot.html)"
66.249.75.114 - - [01/Mar/2016:18:36:41 -0800] "GET /lib/resortDataSearchD3.php?size=7&sortDate=T&resort=bigwhite&dateStart=2016-02-27 HTTP/1.1" 200 863 "http://whereshouldiski.com/" "Mozilla/5.0 (compatible; Googlebot/2.1; +http://www.google.com/bot.html)"
66.249.75.8 - - [01/Mar/2016:18:36:42 -0800] "GET /lib/reccapi.php?fields=t&date=2016-02-29&coords=49.7219%2C-118.929&size=7&sort=distance HTTP/1.1" 200 1404 "http://whereshouldiski.com/" "Mozilla/5.0 (compatible; Googlebot/2.1; +http://www.google.com/bot.html)"
52.33.40.213 - - [01/Mar/2016:18:45:03 -0800] "GET /lib/reccapi.php?resort=northstar-at-tahoe HTTP/1.1" 200 1006 "-" "node-superagent/1.4.0"
52.33.40.213 - - [01/Mar/2016:18:45:33 -0800] "GET /lib/reccapi.php?resort=telluride HTTP/1.1" 200 963 "-" "node-superagent/1.4.0"
52.33.40.213 - - [01/Mar/2016:18:45:53 -0800] "GET /lib/reccapi.php?resort=deervalley HTTP/1.1" 200 1012 "-" "node-superagent/1.4.0"
52.33.40.213 - - [01/Mar/2016:18:45:53 -0800] "GET /lib/reccapi.php?resort=solitude HTTP/1.1" 200 955 "-" "node-superagent/1.4.0"
180.76.15.22 - - [01/Mar/2016:18:50:35 -0800] "GET /resorts?resort=killington HTTP/1.1" 404 469 "-" "Mozilla/5.0 (compatible; Baiduspider/2.0; +http://www.baidu.com/search/spider.html)"
170.75.162.130 - - [01/Mar/2016:18:51:02 -0800] "GET /lib/reccapi.php?resort=alpinemeadows HTTP/1.1" 200 1016 "-" "node-superagent/1.4.0"
170.75.162.130 - - [01/Mar/2016:18:51:02 -0800] "GET /lib/reccapi.php?resort=diamondpeak HTTP/1.1" 200 986 "-" "node-superagent/1.4.0"
170.75.162.130 - - [01/Mar/2016:18:51:02 -0800] "GET /lib/reccapi.php?resort=homewoodmountain HTTP/1.1" 200 1022 "-" "node-superagent/1.4.0"
170.75.162.130 - - [01/Mar/2016:18:51:03 -0800] "GET /lib/reccapi.php?resort=kirkwood HTTP/1.1" 200 991 "-" "node-superagent/1.4.0"
170.75.162.130 - - [01/Mar/2016:18:51:03 -0800] "GET /lib/reccapi.php?resort=mtrose HTTP/1.1" 200 988 "-" "node-superagent/1.4.0"
170.75.162.130 - - [01/Mar/2016:18:51:03 -0800] "GET /lib/reccapi.php?resort=northstar-at-tahoe HTTP/1.1" 200 1006 "-" "node-superagent/1.4.0"
170.75.162.130 - - [01/Mar/2016:18:51:03 -0800] "GET /lib/reccapi.php?resort=sierra-at-tahoe HTTP/1.1" 200 1012 "-" "node-superagent/1.4.0"
170.75.162.130 - - [01/Mar/2016:18:51:03 -0800] "GET /lib/reccapi.php?resort=squawvalleyusa HTTP/1.1" 200 1021 "-" "node-superagent/1.4.0"
170.75.162.130 - - [01/Mar/2016:18:51:03 -0800] "GET /lib/reccapi.php?resort=sugarbowl HTTP/1.1" 200 1000 "-" "node-superagent/1.4.0"
170.75.162.130 - - [01/Mar/2016:18:54:13 -0800] "GET /lib/reccapi.php?resort=monarch HTTP/1.1" 200 971 "-" "node-superagent/1.4.0"
170.75.162.130 - - [01/Mar/2016:18:54:23 -0800] "GET /lib/reccapi.php?resort=mountspokane HTTP/1.1" 200 1057 "-" "node-superagent/1.4.0"
170.75.162.130 - - [01/Mar/2016:18:54:33 -0800] "GET /lib/reccapi.php?resort=mountainhigh HTTP/1.1" 200 974 "-" "node-superagent/1.4.0"
70.214.36.248 - - [01/Mar/2016:18:56:25 -0800] "GET /images/wsis-logo-sm.png HTTP/1.1" 200 6108 "http://www.thebackcountry.net/" "Mozilla/5.0 (iPhone; CPU iPhone OS 9_2_1 like Mac OS X) AppleWebKit/600.1.4 (KHTML, like Gecko) GSA/12.0.68608 Mobile/13D20 Safari/600.1.4"
170.75.162.130 - - [01/Mar/2016:18:56:53 -0800] "GET /lib/reccapi.php?resort=49degreesnorth HTTP/1.1" 200 1055 "-" "node-superagent/1.4.0"
66.249.75.8 - - [01/Mar/2016:18:58:12 -0800] "GET / HTTP/1.1" 200 2615 "-" "SAMSUNG-SGH-E250/1.0 Profile/MIDP-2.0 Configuration/CLDC-1.1 UP.Browser/6.2.3.3.c.1.101 (GUI) MMP/2.0 (compatible; Googlebot-Mobile/2.1; +http://www.google.com/bot.html)"
66.249.75.223 - - [01/Mar/2016:18:58:56 -0800] "GET / HTTP/1.1" 200 2615 "-" "DoCoMo/2.0 N905i(c100;TB;W24H16) (compatible; Googlebot-Mobile/2.1; +http://www.google.com/bot.html)"
52.33.40.213 - - [01/Mar/2016:19:00:04 -0800] "GET /lib/reccapi.php?resort=brighton HTTP/1.1" 200 958 "-" "node-superagent/1.4.0"
75.45.104.175 - - [01/Mar/2016:19:00:11 -0800] "GET /images/wsis-logo-sm.png HTTP/1.1" 200 6108 "http://www.thebackcountry.net/" "Mozilla/5.0 (Macintosh; Intel Mac OS X 10_10_3) AppleWebKit/537.36 (KHTML, like Gecko) Chrome/48.0.2564.116 Safari/537.36"
52.33.40.213 - - [01/Mar/2016:19:02:04 -0800] "GET /lib/reccapi.php?resort=steamboat HTTP/1.1" 200 999 "-" "node-superagent/1.4.0"
180.76.15.162 - - [01/Mar/2016:19:03:07 -0800] "GET / HTTP/1.1" 200 2578 "-" "Mozilla/5.0 (compatible; Baiduspider/2.0; +http://www.baidu.com/search/spider.html)"
24.32.28.88 - - [01/Mar/2016:19:04:02 -0800] "GET /images/wsis-logo-sm.png HTTP/1.1" 200 6108 "http://www.thebackcountry.net/" "Mozilla/5.0 (Macintosh; Intel Mac OS X 10_11_2) AppleWebKit/537.36 (KHTML, like Gecko) Chrome/48.0.2564.109 Safari/537.36"
75.45.104.175 - - [01/Mar/2016:19:05:21 -0800] "-" 408 0 "-" "-"
75.45.104.175 - - [01/Mar/2016:19:05:21 -0800] "-" 408 0 "-" "-"
75.45.104.175 - - [01/Mar/2016:19:05:21 -0800] "-" 408 0 "-" "-"
189.248.143.71 - - [01/Mar/2016:19:09:51 -0800] "GET /images/wsis-logo-sm.png HTTP/1.1" 200 6108 "http://www.thebackcountry.net/" "Mozilla/5.0 (Windows NT 6.1) AppleWebKit/537.36 (KHTML, like Gecko) Chrome/48.0.2564.116 Safari/537.36"
107.194.53.226 - - [01/Mar/2016:19:17:39 -0800] "GET /images/wsis-logo-sm.png HTTP/1.1" 200 6108 "http://www.thebackcountry.net/" "Mozilla/5.0 (iPhone; CPU iPhone OS 9_2_1 like Mac OS X) AppleWebKit/601.1.46 (KHTML, like Gecko) Version/9.0 Mobile/13D15 Safari/601.1"
76.102.148.65 - - [01/Mar/2016:19:18:58 -0800] "GET /images/wsis-logo-sm.png HTTP/1.1" 200 6108 "http://thebackcountry.net/" "Mozilla/5.0 (iPhone; CPU iPhone OS 9_2_1 like Mac OS X) AppleWebKit/601.1.46 (KHTML, like Gecko) Version/9.0 Mobile/13D15 Safari/601.1"
66.249.75.239 - - [01/Mar/2016:19:23:57 -0800] "GET /resorts?resort=49degreesnorth&date=2014-02-03 HTTP/1.1" 404 506 "-" "Mozilla/5.0 (iPhone; CPU iPhone OS 8_3 like Mac OS X) AppleWebKit/600.1.4 (KHTML, like Gecko) Version/8.0 Mobile/12F70 Safari/600.1.4 (compatible; Googlebot/2.1; +http://www.google.com/bot.html)"
180.76.15.21 - - [01/Mar/2016:19:32:37 -0800] "GET / HTTP/1.1" 200 6995 "-" "Mozilla/5.0 (compatible; Baiduspider/2.0; +http://www.baidu.com/search/spider.html)"
180.76.15.143 - - [01/Mar/2016:19:33:35 -0800] "GET / HTTP/1.1" 200 6995 "-" "Mozilla/5.0 (compatible; Baiduspider/2.0; +http://www.baidu.com/search/spider.html)"
207.46.13.154 - - [01/Mar/2016:19:38:32 -0800] "GET / HTTP/1.1" 200 2615 "-" "Mozilla/5.0 (compatible; bingbot/2.0; +http://www.bing.com/bingbot.htm)"
170.75.162.130 - - [01/Mar/2016:19:39:29 -0800] "GET /lib/reccapi.php?resort=hoodoo HTTP/1.1" 200 1046 "-" "node-superagent/1.4.0"
170.75.162.130 - - [01/Mar/2016:19:43:59 -0800] "GET /lib/reccapi.php?resort=alta HTTP/1.1" 200 951 "-" "node-superagent/1.4.0"
47.88.103.153 - - [01/Mar/2016:19:45:05 -0800] "GET /bbs/delete_comment.php HTTP/1.1" 404 467 "-" "-"
70.234.1.88 - - [01/Mar/2016:19:45:14 -0800] "GET /images/wsis-logo-sm.png HTTP/1.1" 200 6108 "http://www.thebackcountry.net/" "Mozilla/5.0 (Windows NT 10.0; Win64; x64) AppleWebKit/537.36 (KHTML, like Gecko) Chrome/42.0.2311.135 Safari/537.36 Edge/12.10240"
70.234.1.88 - - [01/Mar/2016:19:45:36 -0800] "-" 408 0 "-" "-"
72.224.222.157 - - [01/Mar/2016:19:45:57 -0800] "GET /images/wsis-logo-sm.png HTTP/1.1" 200 6108 "http://www.thebackcountry.net/" "Mozilla/5.0 (Macintosh; Intel Mac OS X 10.8; rv:33.0) Gecko/20100101 Firefox/33.0"
170.75.162.130 - - [01/Mar/2016:19:49:40 -0800] "GET /lib/reccapi.php?resort=crystalmountain HTTP/1.1" 200 1041 "-" "node-superagent/1.4.0"
170.75.162.130 - - [01/Mar/2016:19:49:40 -0800] "GET /lib/reccapi.php?resort=stevenspass HTTP/1.1" 200 1026 "-" "node-superagent/1.4.0"
52.33.40.213 - - [01/Mar/2016:19:59:06 -0800] "GET /lib/reccapi.php?resort=alpinemeadows HTTP/1.1" 200 1016 "-" "node-superagent/1.4.0"
107.221.60.110 - - [01/Mar/2016:20:00:57 -0800] "GET /images/wsis-logo-sm.png HTTP/1.1" 200 6108 "http://www.thebackcountry.net/" "Mozilla/5.0 (Macintosh; Intel Mac OS X 10_11_2) AppleWebKit/537.36 (KHTML, like Gecko) Chrome/48.0.2564.116 Safari/537.36"
52.33.40.213 - - [01/Mar/2016:20:01:06 -0800] "GET /lib/reccapi.php?resort=squawvalleyusa HTTP/1.1" 200 1021 "-" "node-superagent/1.4.0"
170.75.162.130 - - [01/Mar/2016:20:07:42 -0800] "GET /lib/reccapi.php?resort=brianhead HTTP/1.1" 200 964 "-" "node-superagent/1.4.0"
67.190.115.217 - - [01/Mar/2016:20:09:38 -0800] "GET /images/wsis-logo-sm.png HTTP/1.1" 200 6108 "http://www.thebackcountry.net/" "Mozilla/5.0 (Macintosh; Intel Mac OS X 10_10_5) AppleWebKit/601.4.4 (KHTML, like Gecko) Version/9.0.3 Safari/601.4.4"
66.249.75.121 - - [01/Mar/2016:20:15:15 -0800] "GET /lib/reccapi.php?resort=dodgeridge&date=2016-02-18 HTTP/1.1" 200 1135 "http://whereshouldiski.com/" "Mozilla/5.0 (compatible; Googlebot/2.1; +http://www.google.com/bot.html)"
66.249.75.114 - - [01/Mar/2016:20:15:16 -0800] "GET /lib/reccapi.php?fields=t&date=2016-02-18&coords=38.18%2C-119.92&size=7&sort=distance HTTP/1.1" 200 1369 "http://whereshouldiski.com/" "Mozilla/5.0 (compatible; Googlebot/2.1; +http://www.google.com/bot.html)"
66.249.75.121 - - [01/Mar/2016:20:15:16 -0800] "GET /lib/resortDataSearchD3.php?size=7&sortDate=T&resort=dodgeridge&dateStart=2016-02-16 HTTP/1.1" 200 863 "http://whereshouldiski.com/" "Mozilla/5.0 (compatible; Googlebot/2.1; +http://www.google.com/bot.html)"
52.33.40.213 - - [01/Mar/2016:20:18:37 -0800] "GET /lib/reccapi.php?resort=arapahoebasin HTTP/1.1" 200 1000 "-" "node-superagent/1.4.0"
52.33.40.213 - - [01/Mar/2016:20:18:57 -0800] "GET /lib/reccapi.php?resort=coppermountain HTTP/1.1" 200 993 "-" "node-superagent/1.4.0"
73.15.223.207 - - [01/Mar/2016:20:23:44 -0800] "GET /images/wsis-logo-sm.png HTTP/1.1" 200 6108 "http://www.thebackcountry.net/" "Mozilla/5.0 (Macintosh; Intel Mac OS X 10_10_5) AppleWebKit/537.36 (KHTML, like Gecko) Chrome/48.0.2564.116 Safari/537.36"
180.76.15.134 - - [01/Mar/2016:20:32:47 -0800] "GET / HTTP/1.1" 200 6995 "-" "Mozilla/5.0 (compatible; Baiduspider/2.0; +http://www.baidu.com/search/spider.html)"
180.76.15.18 - - [01/Mar/2016:20:33:45 -0800] "GET / HTTP/1.1" 200 6995 "-" "Mozilla/5.0 (compatible; Baiduspider/2.0; +http://www.baidu.com/search/spider.html)"
52.33.40.213 - - [01/Mar/2016:20:39:08 -0800] "GET /lib/reccapi.php?resort=mounthoodmeadows HTTP/1.1" 200 1081 "-" "node-superagent/1.4.0"
52.33.40.213 - - [01/Mar/2016:20:40:08 -0800] "GET /lib/reccapi.php?resort=brianhead HTTP/1.1" 200 964 "-" "node-superagent/1.4.0"
108.210.201.219 - - [01/Mar/2016:20:43:01 -0800] "GET /images/wsis-logo-sm.png HTTP/1.1" 200 6108 "http://www.thebackcountry.net/" "Mozilla/5.0 (Macintosh; Intel Mac OS X 10.8; rv:44.0) Gecko/20100101 Firefox/44.0"
73.50.40.83 - - [01/Mar/2016:20:47:26 -0800] "GET /images/wsis-logo-sm.png HTTP/1.1" 200 6108 "http://www.thebackcountry.net/" "Mozilla/5.0 (Macintosh; Intel Mac OS X 10_11_3) AppleWebKit/537.36 (KHTML, like Gecko) Chrome/48.0.2564.116 Safari/537.36"
170.75.162.130 - - [01/Mar/2016:21:02:20 -0800] "GET /lib/reccapi.php?resort=angelfire HTTP/1.1" 200 972 "-" "node-superagent/1.4.0"
170.75.162.130 - - [01/Mar/2016:21:03:00 -0800] "GET /lib/reccapi.php?resort=devilshead HTTP/1.1" 200 976 "-" "node-superagent/1.4.0"
52.33.40.213 - - [01/Mar/2016:21:09:50 -0800] "GET /lib/reccapi.php?resort=killington HTTP/1.1" 200 1017 "-" "node-superagent/1.4.0"
52.33.40.213 - - [01/Mar/2016:21:12:50 -0800] "GET /lib/reccapi.php?resort=sunvalley HTTP/1.1" 200 1009 "-" "node-superagent/1.4.0"
52.33.40.213 - - [01/Mar/2016:21:12:50 -0800] "GET /lib/reccapi.php?resort=jacksonhole HTTP/1.1" 200 1067 "-" "node-superagent/1.4.0"
52.33.40.213 - - [01/Mar/2016:21:12:50 -0800] "GET /lib/reccapi.php?resort=taos HTTP/1.1" 200 938 "-" "node-superagent/1.4.0"
52.33.40.213 - - [01/Mar/2016:21:12:50 -0800] "GET /lib/reccapi.php?resort=grandtarghee HTTP/1.1" 200 1069 "-" "node-superagent/1.4.0"
170.75.162.130 - - [01/Mar/2016:21:17:52 -0800] "GET /lib/reccapi.php?resort=loveland HTTP/1.1" 200 984 "-" "node-superagent/1.4.0"
52.33.40.213 - - [01/Mar/2016:21:19:50 -0800] "GET /lib/reccapi.php?resort=keystone HTTP/1.1" 200 991 "-" "node-superagent/1.4.0"
180.76.15.12 - - [01/Mar/2016:21:28:13 -0800] "GET / HTTP/1.1" 200 6995 "-" "Mozilla/5.0 (compatible; Baiduspider/2.0; +http://www.baidu.com/search/spider.html)"
75.49.249.19 - - [01/Mar/2016:21:28:30 -0800] "GET /images/wsis-logo-sm.png HTTP/1.1" 200 6108 "http://www.thebackcountry.net/" "Mozilla/5.0 (Windows NT 6.1; WOW64; rv:44.0) Gecko/20100101 Firefox/44.0"
180.76.15.143 - - [01/Mar/2016:21:28:59 -0800] "GET / HTTP/1.1" 200 6995 "-" "Mozilla/5.0 (compatible; Baiduspider/2.0; +http://www.baidu.com/search/spider.html)"
24.7.106.162 - - [01/Mar/2016:21:36:36 -0800] "GET /images/wsis-logo-sm.png HTTP/1.1" 200 6108 "http://www.thebackcountry.net/" "Mozilla/5.0 (iPhone; CPU iPhone OS 9_2_1 like Mac OS X) AppleWebKit/601.1.46 (KHTML, like Gecko) Version/9.0 Mobile/13D15 Safari/601.1"
131.253.26.252 - - [01/Mar/2016:21:40:34 -0800] "-" 408 0 "-" "-"
108.70.208.43 - - [01/Mar/2016:21:55:25 -0800] "GET / HTTP/1.1" 200 2615 "-" "Mozilla/5.0 (Macintosh; Intel Mac OS X 10_10_5) AppleWebKit/601.4.4 (KHTML, like Gecko)"
108.70.208.43 - - [01/Mar/2016:21:55:25 -0800] "GET /apple-touch-icon-precomposed.png HTTP/1.1" 404 521 "-" "Safari/10601.4.4 CFNetwork/720.5.7 Darwin/14.5.0 (x86_64)"
108.70.208.43 - - [01/Mar/2016:21:55:25 -0800] "GET /apple-touch-icon.png HTTP/1.1" 404 512 "-" "Safari/10601.4.4 CFNetwork/720.5.7 Darwin/14.5.0 (x86_64)"
108.70.208.43 - - [01/Mar/2016:21:55:25 -0800] "GET /apple-touch-icon-precomposed.png HTTP/1.1" 404 520 "-" "Safari/10601.4.4 CFNetwork/720.5.7 Darwin/14.5.0 (x86_64)"
108.70.208.43 - - [01/Mar/2016:21:55:25 -0800] "GET /apple-touch-icon.png HTTP/1.1" 404 512 "-" "Safari/10601.4.4 CFNetwork/720.5.7 Darwin/14.5.0 (x86_64)"
61.216.2.14 - - [01/Mar/2016:22:04:15 -0800] "-" 408 0 "-" "-"
170.75.162.130 - - [01/Mar/2016:22:17:40 -0800] "GET /lib/reccapi.php?resort=mammothmountain HTTP/1.1" 200 1027 "-" "node-superagent/1.4.0"
170.75.162.130 - - [01/Mar/2016:22:24:01 -0800] "GET /lib/reccapi.php?resort=arapahoebasin HTTP/1.1" 200 1000 "-" "node-superagent/1.4.0"
170.75.162.130 - - [01/Mar/2016:22:24:01 -0800] "GET /lib/reccapi.php?resort=heavenly HTTP/1.1" 200 1018 "-" "node-superagent/1.4.0"
170.75.162.130 - - [01/Mar/2016:22:24:02 -0800] "GET /lib/reccapi.php?resort=keystone HTTP/1.1" 200 991 "-" "node-superagent/1.4.0"
170.75.162.130 - - [01/Mar/2016:22:24:02 -0800] "GET /lib/reccapi.php?resort=parkcity HTTP/1.1" 200 986 "-" "node-superagent/1.4.0"
170.75.162.130 - - [01/Mar/2016:22:24:11 -0800] "GET /lib/reccapi.php?resort=whistlerblackcomb HTTP/1.1" 200 934 "-" "node-superagent/1.4.0"
69.30.211.2 - - [01/Mar/2016:22:25:58 -0800] "GET /robots.txt HTTP/1.0" 200 338 "-" "Mozilla/5.0 (compatible; MJ12bot/v1.4.5; http://www.majestic12.co.uk/bot.php?+)"
69.30.211.2 - - [01/Mar/2016:22:26:00 -0800] "GET /resorts?resort=aspenheights HTTP/1.0" 404 495 "-" "Mozilla/5.0 (compatible; MJ12bot/v1.4.5; http://www.majestic12.co.uk/bot.php?+)"
69.30.211.2 - - [01/Mar/2016:22:26:02 -0800] "GET /resorts?resort=aspenmountain HTTP/1.0" 404 469 "-" "Mozilla/5.0 (compatible; MJ12bot/v1.4.5; http://www.majestic12.co.uk/bot.php?+)"
69.30.211.2 - - [01/Mar/2016:22:26:04 -0800] "GET /resorts?resort=buttermilk HTTP/1.0" 404 469 "-" "Mozilla/5.0 (compatible; MJ12bot/v1.4.5; http://www.majestic12.co.uk/bot.php?+)"
69.30.211.2 - - [01/Mar/2016:22:26:05 -0800] "GET /resorts?resort=killington HTTP/1.0" 404 469 "-" "Mozilla/5.0 (compatible; MJ12bot/v1.4.5; http://www.majestic12.co.uk/bot.php?+)"
170.75.162.130 - - [01/Mar/2016:22:26:41 -0800] "GET /lib/reccapi.php?resort=grandtarghee HTTP/1.1" 200 1069 "-" "node-superagent/1.4.0"
50.131.32.243 - - [01/Mar/2016:22:26:54 -0800] "GET /images/wsis-logo-sm.png HTTP/1.1" 200 6108 "http://www.thebackcountry.net/" "Mozilla/5.0 (iPhone; CPU iPhone OS 9_2_1 like Mac OS X) AppleWebKit/601.1.46 (KHTML, like Gecko) Version/9.0 Mobile/13D15 Safari/601.1"
52.33.40.213 - - [01/Mar/2016:22:28:43 -0800] "GET /lib/reccapi.php?resort=heavenly HTTP/1.1" 200 1018 "-" "node-superagent/1.4.0"
52.33.40.213 - - [01/Mar/2016:22:28:53 -0800] "GET /lib/reccapi.php?resort=kirkwood HTTP/1.1" 200 991 "-" "node-superagent/1.4.0"
180.76.15.140 - - [01/Mar/2016:22:32:37 -0800] "GET / HTTP/1.1" 200 6995 "-" "Mozilla/5.0 (compatible; Baiduspider/2.0; +http://www.baidu.com/search/spider.html)"
180.76.15.11 - - [01/Mar/2016:22:33:34 -0800] "GET / HTTP/1.1" 200 6995 "-" "Mozilla/5.0 (compatible; Baiduspider/2.0; +http://www.baidu.com/search/spider.html)"
52.33.40.213 - - [01/Mar/2016:22:55:35 -0800] "GET /lib/reccapi.php?resort=mammothmountain HTTP/1.1" 200 1027 "-" "node-superagent/1.4.0"
52.33.40.213 - - [01/Mar/2016:22:55:35 -0800] "GET /lib/reccapi.php?resort=aspenheights HTTP/1.1" 200 986 "-" "node-superagent/1.4.0"
52.33.40.213 - - [01/Mar/2016:22:55:35 -0800] "GET /lib/reccapi.php?resort=alta HTTP/1.1" 200 951 "-" "node-superagent/1.4.0"
52.33.40.213 - - [01/Mar/2016:22:55:45 -0800] "GET /lib/reccapi.php?resort=snowbird HTTP/1.1" 200 960 "-" "node-superagent/1.4.0"
170.75.162.130 - - [01/Mar/2016:22:59:07 -0800] "GET /lib/reccapi.php?resort=aspenheights HTTP/1.1" 200 986 "-" "node-superagent/1.4.0"
170.75.162.130 - - [01/Mar/2016:22:59:07 -0800] "GET /lib/reccapi.php?resort=aspenmountain HTTP/1.1" 200 980 "-" "node-superagent/1.4.0"
170.75.162.130 - - [01/Mar/2016:22:59:07 -0800] "GET /lib/reccapi.php?resort=buttermilk HTTP/1.1" 200 965 "-" "node-superagent/1.4.0"
170.75.162.130 - - [01/Mar/2016:22:59:07 -0800] "GET /lib/reccapi.php?resort=coppermountain HTTP/1.1" 200 993 "-" "node-superagent/1.4.0"
170.75.162.130 - - [01/Mar/2016:22:59:07 -0800] "GET /lib/reccapi.php?resort=crestedbutte HTTP/1.1" 200 987 "-" "node-superagent/1.4.0"
170.75.162.130 - - [01/Mar/2016:22:59:07 -0800] "GET /lib/reccapi.php?resort=monarch HTTP/1.1" 200 971 "-" "node-superagent/1.4.0"
170.75.162.130 - - [01/Mar/2016:22:59:07 -0800] "GET /lib/reccapi.php?resort=snowmass HTTP/1.1" 200 959 "-" "node-superagent/1.4.0"
170.75.162.130 - - [01/Mar/2016:22:59:07 -0800] "GET /lib/reccapi.php?resort=steamboat HTTP/1.1" 200 999 "-" "node-superagent/1.4.0"
170.75.162.130 - - [01/Mar/2016:22:59:07 -0800] "GET /lib/reccapi.php?resort=telluride HTTP/1.1" 200 963 "-" "node-superagent/1.4.0"
170.75.162.130 - - [01/Mar/2016:22:59:07 -0800] "GET /lib/reccapi.php?resort=winterpark HTTP/1.1" 200 991 "-" "node-superagent/1.4.0"
73.170.4.131 - - [01/Mar/2016:23:14:43 -0800] "GET /images/wsis-logo-sm.png HTTP/1.1" 200 6108 "http://www.thebackcountry.net/" "Mozilla/5.0 (iPhone; CPU iPhone OS 9_2_1 like Mac OS X) AppleWebKit/601.1.46 (KHTML, like Gecko) Version/9.0 Mobile/13D15 Safari/601.1"
170.75.162.130 - - [01/Mar/2016:23:17:49 -0800] "GET /lib/reccapi.php?resort=deervalley HTTP/1.1" 200 1012 "-" "node-superagent/1.4.0"
170.75.162.130 - - [01/Mar/2016:23:18:19 -0800] "GET /lib/reccapi.php?resort=squawvalleyusa HTTP/1.1" 200 1021 "-" "node-superagent/1.4.0"
52.33.40.213 - - [01/Mar/2016:23:23:36 -0800] "GET /lib/reccapi.php?resort=sundayriver HTTP/1.1" 200 950 "-" "node-superagent/1.4.0"
52.33.40.213 - - [01/Mar/2016:23:23:36 -0800] "GET /lib/reccapi.php?resort=cannonmountain HTTP/1.1" 200 1005 "-" "node-superagent/1.4.0"
52.33.40.213 - - [01/Mar/2016:23:23:36 -0800] "GET /lib/reccapi.php?resort=sugarbush HTTP/1.1" 200 1036 "-" "node-superagent/1.4.0"
52.33.40.213 - - [01/Mar/2016:23:23:36 -0800] "GET /lib/reccapi.php?resort=winterpark HTTP/1.1" 200 991 "-" "node-superagent/1.4.0"
52.33.40.213 - - [01/Mar/2016:23:23:36 -0800] "GET /lib/reccapi.php?resort=sugarloaf HTTP/1.1" 200 973 "-" "node-superagent/1.4.0"
52.33.40.213 - - [01/Mar/2016:23:23:36 -0800] "GET /lib/reccapi.php?resort=stowe HTTP/1.1" 200 988 "-" "node-superagent/1.4.0"
52.33.40.213 - - [01/Mar/2016:23:23:36 -0800] "GET /lib/reccapi.php?resort=madriverglen HTTP/1.1" 200 1040 "-" "node-superagent/1.4.0"
52.33.40.213 - - [01/Mar/2016:23:23:36 -0800] "GET /lib/reccapi.php?resort=whistlerblackcomb HTTP/1.1" 200 934 "-" "node-superagent/1.4.0"
170.75.162.130 - - [01/Mar/2016:23:24:20 -0800] "GET /lib/reccapi.php?resort=killington HTTP/1.1" 200 1017 "-" "node-superagent/1.4.0"
73.252.219.162 - - [01/Mar/2016:23:28:17 -0800] "GET /images/wsis-logo-sm.png HTTP/1.1" 200 6108 "http://thebackcountry.net/" "Mozilla/5.0 (Macintosh; Intel Mac OS X 10_10_5) AppleWebKit/601.4.4 (KHTML, like Gecko) Version/9.0.3 Safari/601.4.4"
73.252.219.162 - - [01/Mar/2016:23:28:30 -0800] "GET /images/wsis-logo-sm.png HTTP/1.1" 304 187 "http://thebackcountry.net/" "Mozilla/5.0 (Macintosh; Intel Mac OS X 10_10_5) AppleWebKit/601.4.4 (KHTML, like Gecko) Version/9.0.3 Safari/601.4.4"
180.76.15.143 - - [01/Mar/2016:23:30:40 -0800] "GET / HTTP/1.1" 200 6995 "-" "Mozilla/5.0 (compatible; Baiduspider/2.0; +http://www.baidu.com/search/spider.html)"
180.76.15.135 - - [01/Mar/2016:23:31:34 -0800] "GET / HTTP/1.1" 200 6995 "-" "Mozilla/5.0 (compatible; Baiduspider/2.0; +http://www.baidu.com/search/spider.html)"
52.33.40.213 - - [01/Mar/2016:23:35:36 -0800] "GET /lib/reccapi.php?resort=hoodoo HTTP/1.1" 200 1046 "-" "node-superagent/1.4.0"
170.75.162.130 - - [01/Mar/2016:23:49:14 -0800] "GET /lib/reccapi.php?resort=sunpeaksresort HTTP/1.1" 200 927 "-" "node-superagent/1.4.0"
52.33.40.213 - - [01/Mar/2016:23:49:17 -0800] "GET /lib/reccapi.php?resort=49degreesnorth HTTP/1.1" 200 1055 "-" "node-superagent/1.4.0"
52.33.40.213 - - [01/Mar/2016:23:52:57 -0800] "GET /lib/reccapi.php?resort=bigwhite HTTP/1.1" 200 924 "-" "node-superagent/1.4.0"
52.33.40.213 - - [01/Mar/2016:23:54:07 -0800] "GET /lib/reccapi.php?resort=diamondpeak HTTP/1.1" 200 986 "-" "node-superagent/1.4.0"
52.33.40.213 - - [01/Mar/2016:23:54:07 -0800] "GET /lib/reccapi.php?resort=crestedbutte HTTP/1.1" 200 987 "-" "node-superagent/1.4.0"
52.33.40.213 - - [01/Mar/2016:23:54:17 -0800] "GET /lib/reccapi.php?resort=devilshead HTTP/1.1" 200 976 "-" "node-superagent/1.4.0"
52.33.40.213 - - [01/Mar/2016:23:54:47 -0800] "GET /lib/reccapi.php?resort=sugarbowl HTTP/1.1" 200 1000 "-" "node-superagent/1.4.0"
52.33.40.213 - - [01/Mar/2016:23:55:17 -0800] "GET /lib/reccapi.php?resort=sunpeaksresort HTTP/1.1" 200 927 "-" "node-superagent/1.4.0"
52.33.40.213 - - [01/Mar/2016:23:55:37 -0800] "GET /lib/reccapi.php?resort=loveland HTTP/1.1" 200 984 "-" "node-superagent/1.4.0"
52.33.40.213 - - [01/Mar/2016:23:55:37 -0800] "GET /lib/reccapi.php?resort=redmountain HTTP/1.1" 200 911 "-" "node-superagent/1.4.0"
52.33.40.213 - - [01/Mar/2016:23:55:37 -0800] "GET /lib/reccapi.php?resort=mountainhigh HTTP/1.1" 200 974 "-" "node-superagent/1.4.0"
52.33.40.213 - - [01/Mar/2016:23:56:27 -0800] "GET /lib/reccapi.php?resort=sierra-at-tahoe HTTP/1.1" 200 1012 "-" "node-superagent/1.4.0"
52.33.40.213 - - [01/Mar/2016:23:56:27 -0800] "GET /lib/reccapi.php?resort=wildcatmountain HTTP/1.1" 200 978 "-" "node-superagent/1.4.0"
52.33.40.213 - - [01/Mar/2016:23:56:57 -0800] "GET /lib/reccapi.php?resort=silverstarmountain HTTP/1.1" 200 931 "-" "node-superagent/1.4.0"
52.33.40.213 - - [01/Mar/2016:23:56:57 -0800] "GET /lib/reccapi.php?resort=snowbasin HTTP/1.1" 200 1008 "-" "node-superagent/1.4.0"
170.75.162.130 - - [02/Mar/2016:00:01:56 -0800] "GET /lib/reccapi.php?resort=taos HTTP/1.1" 200 957 "-" "node-superagent/1.4.0"
170.75.162.130 - - [02/Mar/2016:00:01:56 -0800] "GET /lib/reccapi.php?resort=whitefacemountain HTTP/1.1" 200 1110 "-" "node-superagent/1.4.0"
72.47.149.39 - - [02/Mar/2016:00:08:38 -0800] "GET /images/wsis-logo-sm.png HTTP/1.1" 200 6108 "http://www.thebackcountry.net/" "Mozilla/5.0 (iPad; CPU OS 9_2_1 like Mac OS X) AppleWebKit/600.1.4 (KHTML, like Gecko) GSA/9.0.60246 Mobile/13D15 Safari/600.1.4"
52.33.40.213 - - [02/Mar/2016:00:14:28 -0800] "GET /lib/reccapi.php?resort=snowmass HTTP/1.1" 200 991 "-" "node-superagent/1.4.0"
170.75.162.130 - - [02/Mar/2016:00:25:19 -0800] "GET /lib/reccapi.php?resort=schweitzer HTTP/1.1" 200 1038 "-" "node-superagent/1.4.0"
170.75.162.130 - - [02/Mar/2016:00:25:19 -0800] "GET /lib/reccapi.php?resort=sunvalley HTTP/1.1" 200 984 "-" "node-superagent/1.4.0"
170.75.162.130 - - [02/Mar/2016:00:25:49 -0800] "GET /lib/reccapi.php?resort=brighton HTTP/1.1" 200 991 "-" "node-superagent/1.4.0"
170.75.162.130 - - [02/Mar/2016:00:26:19 -0800] "GET /lib/reccapi.php?resort=solitude HTTP/1.1" 200 988 "-" "node-superagent/1.4.0"
180.76.15.10 - - [02/Mar/2016:00:30:00 -0800] "GET / HTTP/1.1" 200 6995 "-" "Mozilla/5.0 (compatible; Baiduspider/2.0; +http://www.baidu.com/search/spider.html)"
180.76.15.148 - - [02/Mar/2016:00:30:50 -0800] "GET / HTTP/1.1" 200 6995 "-" "Mozilla/5.0 (compatible; Baiduspider/2.0; +http://www.baidu.com/search/spider.html)"
66.249.75.8 - - [02/Mar/2016:00:50:19 -0800] "GET /lib/reccapi.php?resort=chinapeak&date=2016-02-29 HTTP/1.1" 200 1021 "http://whereshouldiski.com/" "Mozilla/5.0 (compatible; Googlebot/2.1; +http://www.google.com/bot.html)"
66.249.75.114 - - [02/Mar/2016:00:50:21 -0800] "GET /lib/reccapi.php?fields=t&date=2016-02-29&coords=37.22%2C-119.19&size=7&sort=distance HTTP/1.1" 200 1334 "http://whereshouldiski.com/" "Mozilla/5.0 (compatible; Googlebot/2.1; +http://www.google.com/bot.html)"
66.249.75.8 - - [02/Mar/2016:00:50:21 -0800] "GET /lib/resortDataSearchD3.php?size=7&sortDate=T&resort=chinapeak&dateStart=2016-02-27 HTTP/1.1" 200 846 "http://whereshouldiski.com/" "Mozilla/5.0 (compatible; Googlebot/2.1; +http://www.google.com/bot.html)"
170.75.162.130 - - [02/Mar/2016:01:03:14 -0800] "GET /lib/reccapi.php?resort=alpinemeadows HTTP/1.1" 200 989 "-" "node-superagent/1.4.0"
170.75.162.130 - - [02/Mar/2016:01:07:15 -0800] "GET /lib/reccapi.php?resort=madriverglen HTTP/1.1" 200 1113 "-" "node-superagent/1.4.0"
66.249.75.114 - - [02/Mar/2016:01:09:02 -0800] "GET /resorts?resort=belleayre&date=2014-02-05 HTTP/1.1" 404 506 "-" "Mozilla/5.0 (iPhone; CPU iPhone OS 8_3 like Mac OS X) AppleWebKit/600.1.4 (KHTML, like Gecko) Version/8.0 Mobile/12F70 Safari/600.1.4 (compatible; Googlebot/2.1; +http://www.google.com/bot.html)"
52.33.40.213 - - [02/Mar/2016:01:19:21 -0800] "GET /lib/reccapi.php?resort=smugglersnotch HTTP/1.1" 200 1111 "-" "node-superagent/1.4.0"
170.75.162.130 - - [02/Mar/2016:01:25:08 -0800] "GET /lib/reccapi.php?resort=bigwhite HTTP/1.1" 200 926 "-" "node-superagent/1.4.0"
170.75.162.130 - - [02/Mar/2016:01:25:08 -0800] "GET /lib/reccapi.php?resort=silverstarmountain HTTP/1.1" 200 940 "-" "node-superagent/1.4.0"
170.75.162.130 - - [02/Mar/2016:01:25:08 -0800] "GET /lib/reccapi.php?resort=redmountain HTTP/1.1" 200 914 "-" "node-superagent/1.4.0"
185.25.151.159 - - [02/Mar/2016:01:27:32 -0800] "GET http://testp5.mielno.lubin.pl/testproxy.php HTTP/1.1" 404 452 "-" "Mozilla/5.0 (Windows NT 5.1; rv:32.0) Gecko/20100101 Firefox/31.0"
180.76.15.145 - - [02/Mar/2016:01:31:11 -0800] "GET / HTTP/1.1" 200 6995 "-" "Mozilla/5.0 (compatible; Baiduspider/2.0; +http://www.baidu.com/search/spider.html)"
180.76.15.16 - - [02/Mar/2016:01:32:04 -0800] "GET / HTTP/1.1" 200 6995 "-" "Mozilla/5.0 (compatible; Baiduspider/2.0; +http://www.baidu.com/search/spider.html)"
170.75.162.130 - - [02/Mar/2016:01:37:59 -0800] "GET /lib/reccapi.php?resort=mountbachelor HTTP/1.1" 200 1054 "-" "node-superagent/1.4.0"
170.75.162.130 - - [02/Mar/2016:01:49:41 -0800] "GET /lib/reccapi.php?resort=northstar-at-tahoe HTTP/1.1" 200 977 "-" "node-superagent/1.4.0"
