180.76.4.29 - - [19/Apr/2015:20:07:49 -0700] "GET / HTTP/1.1" 200 6114 "-" "Mozilla/4.0 (compatible; MSIE 7.0; Windows NT 6.0)"
91.217.90.49 - - [19/Apr/2015:20:08:01 -0700] "GET /rom-0 HTTP/1.1" 404 489 "-" "Mozilla/5.0 (compatible; Googlebot/2.1; +http://www.google.com/bot.html)"
68.180.228.182 - - [19/Apr/2015:20:09:11 -0700] "GET /resorts?resort=skibluewood&date=2014-10-02 HTTP/1.1" 404 450 "-" "Mozilla/5.0 (compatible; Yahoo! Slurp; http://help.yahoo.com/help/us/ysearch/slurp)"
172.6.82.73 - - [19/Apr/2015:20:10:17 -0700] "GET /images/wsis-logo-sm.png HTTP/1.1" 200 6108 "http://www.thebackcountry.net/" "Mozilla/5.0 (Macintosh; Intel Mac OS X 10_9_5) AppleWebKit/537.78.2 (KHTML, like Gecko) Version/7.0.6 Safari/537.78.2"
66.249.79.160 - - [19/Apr/2015:20:16:49 -0700] "GET /resorts?resort=aspenheights&date=2014-02-01 HTTP/1.1" 404 506 "-" "Mozilla/5.0 (iPhone; CPU iPhone OS 6_0 like Mac OS X) AppleWebKit/536.26 (KHTML, like Gecko) Version/6.0 Mobile/10A5376e Safari/8536.25 (compatible; Googlebot/2.1; +http://www.google.com/bot.html)"
91.200.12.92 - - [19/Apr/2015:20:19:01 -0700] "GET /CFIDE/administrator/enter.cfm HTTP/1.1" 404 516 "-" "Mozilla/4.0 (compatible; MSIE 6.0; Windows NT 5.1; SV1; Mozilla/4.0 (compatible; MSIE 6.0; Windows NT 5.1; SV1) ; .NET CLR 2.0.50727 ; .NET CLR 4.0.30319)"
170.75.162.130 - - [19/Apr/2015:20:37:58 -0700] "GET /lib/reccapi.php?resort=mountbachelor HTTP/1.1" 200 964 "-" "node-superagent/0.18.2"
170.75.162.130 - - [19/Apr/2015:20:37:58 -0700] "GET /lib/reccapi.php?resort=mounthoodmeadows HTTP/1.1" 200 974 "-" "node-superagent/0.18.2"
170.75.162.130 - - [19/Apr/2015:20:39:08 -0700] "GET /lib/reccapi.php?resort=alta HTTP/1.1" 200 1015 "-" "node-superagent/0.18.2"
170.75.162.130 - - [19/Apr/2015:20:39:08 -0700] "GET /lib/reccapi.php?resort=killington HTTP/1.1" 200 959 "-" "node-superagent/0.18.2"
170.75.162.130 - - [19/Apr/2015:20:39:08 -0700] "GET /lib/reccapi.php?resort=sugarloaf HTTP/1.1" 200 956 "-" "node-superagent/0.18.2"
123.125.71.106 - - [19/Apr/2015:20:40:48 -0700] "GET / HTTP/1.1" 200 2339 "-" "Mozilla/5.0 (Windows NT 5.1; rv:6.0.2) Gecko/20100101 Firefox/6.0.2"
123.125.71.108 - - [19/Apr/2015:20:41:30 -0700] "GET / HTTP/1.1" 200 6114 "-" "Mozilla/5.0 (Windows NT 5.1; rv:6.0.2) Gecko/20100101 Firefox/6.0.2"
66.249.79.160 - - [19/Apr/2015:20:42:05 -0700] "GET /resorts?resort=snowbird&date=2014-02-20 HTTP/1.1" 404 506 "-" "Mozilla/5.0 (iPhone; CPU iPhone OS 6_0 like Mac OS X) AppleWebKit/536.26 (KHTML, like Gecko) Version/6.0 Mobile/10A5376e Safari/8536.25 (compatible; Googlebot/2.1; +http://www.google.com/bot.html)"
220.181.108.123 - - [19/Apr/2015:20:45:05 -0700] "-" 408 0 "-" "-"
173.252.120.114 - - [19/Apr/2015:20:54:35 -0700] "GET /images/logo-sm.png HTTP/1.1" 200 16738 "-" "facebookexternalhit/1.1 (+http://www.facebook.com/externalhit_uatext.php)"
170.75.162.130 - - [19/Apr/2015:20:56:29 -0700] "GET /lib/reccapi.php?resort=squawvalleyusa HTTP/1.1" 200 964 "-" "node-superagent/0.18.2"
66.220.158.119 - - [19/Apr/2015:20:57:32 -0700] "GET /images/logo-sm.png HTTP/1.1" 200 16738 "-" "facebookexternalhit/1.1 (+http://www.facebook.com/externalhit_uatext.php)"
170.75.162.130 - - [19/Apr/2015:21:03:50 -0700] "GET /lib/reccapi.php?resort=angelfire HTTP/1.1" 200 1119 "-" "node-superagent/0.18.2"
170.75.162.130 - - [19/Apr/2015:21:03:50 -0700] "GET /lib/reccapi.php?resort=taos HTTP/1.1" 200 1063 "-" "node-superagent/0.18.2"
170.75.162.130 - - [19/Apr/2015:21:04:40 -0700] "GET /lib/reccapi.php?resort=bigsky HTTP/1.1" 200 1002 "-" "node-superagent/0.18.2"
170.75.162.130 - - [19/Apr/2015:21:04:40 -0700] "GET /lib/reccapi.php?resort=redlodge HTTP/1.1" 200 1091 "-" "node-superagent/0.18.2"
166.216.157.90 - - [19/Apr/2015:21:06:15 -0700] "GET /images/wsis-logo-sm.png HTTP/1.1" 200 6108 "http://www.thebackcountry.net/" "Mozilla/5.0 (iPhone; CPU iPhone OS 8_2 like Mac OS X) AppleWebKit/600.1.4 (KHTML, like Gecko) Version/8.0 Mobile/12D508 Safari/600.1.4"
66.249.79.16 - - [19/Apr/2015:21:07:21 -0700] "GET /resorts?resort=snowbird&date=2014-02-19 HTTP/1.1" 404 506 "-" "Mozilla/5.0 (iPhone; CPU iPhone OS 6_0 like Mac OS X) AppleWebKit/536.26 (KHTML, like Gecko) Version/6.0 Mobile/10A5376e Safari/8536.25 (compatible; Googlebot/2.1; +http://www.google.com/bot.html)"
170.75.162.130 - - [19/Apr/2015:21:09:51 -0700] "GET /lib/reccapi.php?resort=sierra-at-tahoe HTTP/1.1" 200 1057 "-" "node-superagent/0.18.2"
170.75.162.130 - - [19/Apr/2015:21:09:51 -0700] "GET /lib/reccapi.php?resort=sugarbowl HTTP/1.1" 200 948 "-" "node-superagent/0.18.2"
170.75.162.130 - - [19/Apr/2015:21:21:52 -0700] "GET /lib/reccapi.php?resort=loveland HTTP/1.1" 200 1081 "-" "node-superagent/0.18.2"
66.249.79.16 - - [19/Apr/2015:21:25:10 -0700] "GET /resorts?resort=loveland HTTP/1.1" 404 506 "-" "Mozilla/5.0 (compatible; Googlebot/2.1; +http://www.google.com/bot.html)"
66.249.79.160 - - [19/Apr/2015:21:32:37 -0700] "GET /resorts?resort=mtrose&date=2014-02-03 HTTP/1.1" 404 506 "-" "Mozilla/5.0 (iPhone; CPU iPhone OS 6_0 like Mac OS X) AppleWebKit/536.26 (KHTML, like Gecko) Version/6.0 Mobile/10A5376e Safari/8536.25 (compatible; Googlebot/2.1; +http://www.google.com/bot.html)"
170.75.162.130 - - [19/Apr/2015:21:36:13 -0700] "GET /lib/reccapi.php?resort=parkcity HTTP/1.1" 200 1005 "-" "node-superagent/0.18.2"
71.140.31.214 - - [19/Apr/2015:21:40:10 -0700] "GET /images/wsis-logo-sm.png HTTP/1.1" 200 6108 "http://thebackcountry.net/" "Mozilla/4.0 (compatible; MSIE 8.0; Windows NT 5.1; Trident/4.0; .NET CLR 2.0.50727; .NET CLR 3.0.4506.2152; .NET CLR 3.5.30729; 786908940603; Build/14.08001)"
123.125.71.115 - - [19/Apr/2015:21:43:47 -0700] "GET / HTTP/1.1" 200 2339 "-" "Mozilla/5.0 (Windows NT 5.1; rv:6.0.2) Gecko/20100101 Firefox/6.0.2"
123.125.71.87 - - [19/Apr/2015:21:44:32 -0700] "GET / HTTP/1.1" 200 6114 "-" "Mozilla/5.0 (Windows NT 5.1; rv:6.0.2) Gecko/20100101 Firefox/6.0.2"
66.249.79.160 - - [19/Apr/2015:21:45:11 -0700] "GET /resorts?resort=taos HTTP/1.1" 404 506 "-" "Mozilla/5.0 (compatible; Googlebot/2.1; +http://www.google.com/bot.html)"
170.75.162.130 - - [19/Apr/2015:21:45:54 -0700] "GET /lib/reccapi.php?resort=cannonmountain HTTP/1.1" 200 977 "-" "node-superagent/0.18.2"
220.181.108.114 - - [19/Apr/2015:21:48:06 -0700] "-" 408 0 "-" "-"
170.75.162.130 - - [19/Apr/2015:21:49:44 -0700] "GET /lib/reccapi.php?resort=aspenheights HTTP/1.1" 200 1057 "-" "node-superagent/0.18.2"
170.75.162.130 - - [19/Apr/2015:21:49:44 -0700] "GET /lib/reccapi.php?resort=aspenmountain HTTP/1.1" 200 1047 "-" "node-superagent/0.18.2"
170.75.162.130 - - [19/Apr/2015:21:49:44 -0700] "GET /lib/reccapi.php?resort=buttermilk HTTP/1.1" 200 1035 "-" "node-superagent/0.18.2"
170.75.162.130 - - [19/Apr/2015:21:49:44 -0700] "GET /lib/reccapi.php?resort=snowmass HTTP/1.1" 200 1023 "-" "node-superagent/0.18.2"
66.249.79.8 - - [19/Apr/2015:21:49:52 -0700] "GET /resorts?resort=cannonmountain HTTP/1.1" 404 506 "-" "Mozilla/5.0 (compatible; Googlebot/2.1; +http://www.google.com/bot.html)"
170.75.162.130 - - [19/Apr/2015:21:50:14 -0700] "GET /lib/reccapi.php?resort=winterpark HTTP/1.1" 200 1086 "-" "node-superagent/0.18.2"
24.143.77.191 - - [19/Apr/2015:21:50:58 -0700] "GET /im/api.php?raceId=2147483665&raceName=neworleans70.3&bib=2 HTTP/1.1" 200 759 "-" "Mozilla/5.0 (Macintosh; Intel Mac OS X 10_10_3) AppleWebKit/537.36 (KHTML, like Gecko) Chrome/42.0.2311.90 Safari/537.36"
24.143.77.191 - - [19/Apr/2015:21:53:49 -0700] "GET /im/api.php?bib=2&r=0.5558917103335261&raceId=2147483665&raceName=neworleands70.3 HTTP/1.1" 200 759 "http://localhost:9000/" "Mozilla/5.0 (Macintosh; Intel Mac OS X 10_10_3) AppleWebKit/537.36 (KHTML, like Gecko) Chrome/42.0.2311.90 Safari/537.36"
98.255.116.220 - - [19/Apr/2015:21:54:26 -0700] "GET /images/wsis-logo-sm.png HTTP/1.1" 200 6108 "http://www.thebackcountry.net/" "Mozilla/5.0 (X11; CrOS armv7l 6680.81.0) AppleWebKit/537.36 (KHTML, like Gecko) Chrome/41.0.2272.118 Safari/537.36"
24.143.77.191 - - [19/Apr/2015:21:54:46 -0700] "GET /im/api.php?bib=2&r=0.5962736364454031&raceId=2147483665&raceName=neworleands70.3 HTTP/1.1" 200 759 "http://localhost:9000/" "Mozilla/5.0 (Macintosh; Intel Mac OS X 10_10_3) AppleWebKit/537.36 (KHTML, like Gecko) Chrome/42.0.2311.90 Safari/537.36"
67.169.160.50 - - [19/Apr/2015:21:55:43 -0700] "GET /images/wsis-logo-sm.png HTTP/1.1" 200 6108 "http://www.thebackcountry.net/" "Mozilla/5.0 (Windows NT 6.1; WOW64; rv:35.0) Gecko/20100101 Firefox/35.0"
24.143.77.191 - - [19/Apr/2015:21:56:22 -0700] "GET /im/api.php?bib=1&r=0.6818875316530466&raceId=2147483665&raceName=neworleands70.3 HTTP/1.1" 200 751 "http://localhost:9000/" "Mozilla/5.0 (Macintosh; Intel Mac OS X 10_10_3) AppleWebKit/537.36 (KHTML, like Gecko) Chrome/42.0.2311.90 Safari/537.36"
24.143.77.191 - - [19/Apr/2015:21:56:45 -0700] "GET /im/api.php?bib=1&r=0.5647877966985106&raceId=2147483665&raceName=neworleands70.3 HTTP/1.1" 200 751 "http://localhost:9000/" "Mozilla/5.0 (Macintosh; Intel Mac OS X 10_10_3) AppleWebKit/537.36 (KHTML, like Gecko) Chrome/42.0.2311.90 Safari/537.36"
24.143.77.191 - - [19/Apr/2015:21:56:56 -0700] "GET /im/api.php?bib=1&r=0.9701092932373285&raceId=2147483665&raceName=neworleands70.3 HTTP/1.1" 200 751 "http://localhost:9000/" "Mozilla/5.0 (Macintosh; Intel Mac OS X 10_10_3) AppleWebKit/537.36 (KHTML, like Gecko) Chrome/42.0.2311.90 Safari/537.36"
66.249.79.8 - - [19/Apr/2015:21:57:54 -0700] "GET /resorts?resort=mtrose&date=2014-02-14 HTTP/1.1" 404 506 "-" "Mozilla/5.0 (iPhone; CPU iPhone OS 6_0 like Mac OS X) AppleWebKit/536.26 (KHTML, like Gecko) Version/6.0 Mobile/10A5376e Safari/8536.25 (compatible; Googlebot/2.1; +http://www.google.com/bot.html)"
24.143.77.191 - - [19/Apr/2015:21:57:58 -0700] "GET /im/api.php?bib=1&r=0.6809807205572724&raceId=2147483665&raceName=neworleands70.3 HTTP/1.1" 200 751 "http://localhost:9000/" "Mozilla/5.0 (Macintosh; Intel Mac OS X 10_10_3) AppleWebKit/537.36 (KHTML, like Gecko) Chrome/42.0.2311.90 Safari/537.36"
66.249.79.8 - - [19/Apr/2015:21:59:42 -0700] "GET /resorts?resort=aspenheights HTTP/1.1" 404 506 "-" "Mozilla/5.0 (compatible; Googlebot/2.1; +http://www.google.com/bot.html)"
170.75.162.130 - - [19/Apr/2015:22:00:35 -0700] "GET /lib/reccapi.php?resort=solitude HTTP/1.1" 200 972 "-" "node-superagent/0.18.2"
180.76.4.53 - - [19/Apr/2015:22:03:15 -0700] "GET / HTTP/1.1" 200 6114 "-" "Mozilla/4.0 (compatible; MSIE 7.0; Windows NT 6.0)"
207.46.13.131 - - [19/Apr/2015:22:10:33 -0700] "GET /robots.txt HTTP/1.1" 200 375 "-" "Mozilla/5.0 (compatible; bingbot/2.0; +http://www.bing.com/bingbot.htm)"
207.46.13.131 - - [19/Apr/2015:22:10:38 -0700] "GET / HTTP/1.1" 200 2376 "-" "Mozilla/5.0 (compatible; bingbot/2.0; +http://www.bing.com/bingbot.htm)"
170.75.162.130 - - [19/Apr/2015:22:10:56 -0700] "GET /lib/reccapi.php?resort=devilshead HTTP/1.1" 200 975 "-" "node-superagent/0.18.2"
24.143.77.191 - - [19/Apr/2015:22:18:28 -0700] "GET /im/api.php?bib=1&r=0.4740827220957726&raceId=2147483665&raceName=neworleands70.3 HTTP/1.1" 200 751 "http://localhost:9000/" "Mozilla/5.0 (Macintosh; Intel Mac OS X 10_10_3) AppleWebKit/537.36 (KHTML, like Gecko) Chrome/42.0.2311.90 Safari/537.36"
24.143.77.191 - - [19/Apr/2015:22:19:15 -0700] "GET /im/api.php?bib=1&r=0.1650990175548941&raceId=2147483665&raceName=neworleands70.3 HTTP/1.1" 200 751 "http://localhost:9000/" "Mozilla/5.0 (Macintosh; Intel Mac OS X 10_10_3) AppleWebKit/537.36 (KHTML, like Gecko) Chrome/42.0.2311.90 Safari/537.36"
24.143.77.191 - - [19/Apr/2015:22:19:51 -0700] "GET /im/api.php?bib=1&r=0.6365788716357201&raceId=2147483665&raceName=neworleands70.3 HTTP/1.1" 200 751 "http://localhost:9000/" "Mozilla/5.0 (Macintosh; Intel Mac OS X 10_10_3) AppleWebKit/537.36 (KHTML, like Gecko) Chrome/42.0.2311.90 Safari/537.36"
24.143.77.191 - - [19/Apr/2015:22:20:04 -0700] "GET /im/api.php?bib=1&r=0.9073446623515338&raceId=2147483665&raceName=neworleands70.3 HTTP/1.1" 200 751 "http://localhost:9000/" "Mozilla/5.0 (Macintosh; Intel Mac OS X 10_10_3) AppleWebKit/537.36 (KHTML, like Gecko) Chrome/42.0.2311.90 Safari/537.36"
24.143.77.191 - - [19/Apr/2015:22:20:44 -0700] "GET /im/api.php?bib=1&r=0.3506228793412447&raceId=2147483665&raceName=neworleands70.3 HTTP/1.1" 200 751 "http://localhost:9000/" "Mozilla/5.0 (Macintosh; Intel Mac OS X 10_10_3) AppleWebKit/537.36 (KHTML, like Gecko) Chrome/42.0.2311.90 Safari/537.36"
170.75.162.130 - - [19/Apr/2015:22:21:37 -0700] "GET /lib/reccapi.php?resort=whitefacemountain HTTP/1.1" 200 952 "-" "node-superagent/0.18.2"
170.75.162.130 - - [19/Apr/2015:22:22:57 -0700] "GET /lib/reccapi.php?resort=brianhead HTTP/1.1" 200 1033 "-" "node-superagent/0.18.2"
66.249.79.160 - - [19/Apr/2015:22:23:10 -0700] "GET /resorts?resort=taos&date=2013-12-15 HTTP/1.1" 404 506 "-" "Mozilla/5.0 (iPhone; CPU iPhone OS 6_0 like Mac OS X) AppleWebKit/536.26 (KHTML, like Gecko) Version/6.0 Mobile/10A5376e Safari/8536.25 (compatible; Googlebot/2.1; +http://www.google.com/bot.html)"
24.143.77.191 - - [19/Apr/2015:22:23:11 -0700] "GET /im/api.php?bib=1&r=0.3033613543957472&raceId=2147483665&raceName=neworleands70.3 HTTP/1.1" 200 751 "http://localhost:9000/" "Mozilla/5.0 (Macintosh; Intel Mac OS X 10_10_3) AppleWebKit/537.36 (KHTML, like Gecko) Chrome/42.0.2311.90 Safari/537.36"
24.143.77.191 - - [19/Apr/2015:22:24:01 -0700] "GET /im/api.php?bib=443&r=0.428651467198506&raceId=2278373444&raceName=taiwan HTTP/1.1" 200 1109 "http://localhost:9000/" "Mozilla/5.0 (Macintosh; Intel Mac OS X 10_10_3) AppleWebKit/537.36 (KHTML, like Gecko) Chrome/42.0.2311.90 Safari/537.36"
170.75.162.130 - - [19/Apr/2015:22:24:47 -0700] "GET /lib/reccapi.php?resort=snowbird HTTP/1.1" 200 981 "-" "node-superagent/0.18.2"
178.63.49.82 - - [19/Apr/2015:22:24:53 -0700] "GET /robots.txt HTTP/1.0" 200 338 "-" "Mozilla/5.0 (compatible; MJ12bot/v1.4.5; http://www.majestic12.co.uk/bot.php?+)"
178.63.49.82 - - [19/Apr/2015:22:24:58 -0700] "GET /resorts?resort=parkcity&date=2013-11-22 HTTP/1.0" 404 499 "-" "Mozilla/5.0 (compatible; MJ12bot/v1.4.5; http://www.majestic12.co.uk/bot.php?+)"
24.143.77.191 - - [19/Apr/2015:22:25:03 -0700] "GET /im/api.php?bib=443&r=0.728743105661124&raceId=2278373444&raceName=taiwan HTTP/1.1" 200 1109 "http://localhost:9000/" "Mozilla/5.0 (Macintosh; Intel Mac OS X 10_10_3) AppleWebKit/537.36 (KHTML, like Gecko) Chrome/42.0.2311.90 Safari/537.36"
24.143.77.191 - - [19/Apr/2015:22:26:33 -0700] "GET /im/api.php?bib=443&r=0.5492564581800252&raceId=2278373444&raceName=taiwan HTTP/1.1" 200 1109 "http://localhost:9000/" "Mozilla/5.0 (Macintosh; Intel Mac OS X 10_10_3) AppleWebKit/537.36 (KHTML, like Gecko) Chrome/42.0.2311.90 Safari/537.36"
24.143.77.191 - - [19/Apr/2015:22:26:58 -0700] "GET /im/api.php?bib=443&r=0.7178516944404691&raceId=2278373444&raceName=taiwan HTTP/1.1" 200 1109 "http://localhost:9000/" "Mozilla/5.0 (Macintosh; Intel Mac OS X 10_10_3) AppleWebKit/537.36 (KHTML, like Gecko) Chrome/42.0.2311.90 Safari/537.36"
24.143.77.191 - - [19/Apr/2015:22:27:22 -0700] "GET /im/api.php?bib=443&r=0.6722634478937835&raceId=2278373444&raceName=taiwan HTTP/1.1" 200 1109 "http://localhost:9000/" "Mozilla/5.0 (Macintosh; Intel Mac OS X 10_10_3) AppleWebKit/537.36 (KHTML, like Gecko) Chrome/42.0.2311.90 Safari/537.36"
170.75.162.130 - - [19/Apr/2015:22:32:08 -0700] "GET /lib/reccapi.php?resort=smugglersnotch HTTP/1.1" 200 951 "-" "node-superagent/0.18.2"
170.75.162.130 - - [19/Apr/2015:22:35:18 -0700] "GET /lib/reccapi.php?resort=brighton HTTP/1.1" 200 1024 "-" "node-superagent/0.18.2"
199.115.116.91 - - [19/Apr/2015:22:46:58 -0700] "GET /images/wsis-logo-sm.png HTTP/1.1" 200 6108 "-" "WeSEE:Ads/PictureBot (http://www.wesee.com/bot/)"
66.249.79.160 - - [19/Apr/2015:22:48:27 -0700] "GET /resorts?resort=turnermountain&date=2012-12-18 HTTP/1.1" 404 506 "-" "Mozilla/5.0 (iPhone; CPU iPhone OS 6_0 like Mac OS X) AppleWebKit/536.26 (KHTML, like Gecko) Version/6.0 Mobile/10A5376e Safari/8536.25 (compatible; Googlebot/2.1; +http://www.google.com/bot.html)"
123.125.71.75 - - [19/Apr/2015:22:53:35 -0700] "GET / HTTP/1.1" 200 2339 "-" "Mozilla/5.0 (Windows NT 5.1; rv:6.0.2) Gecko/20100101 Firefox/6.0.2"
123.125.71.56 - - [19/Apr/2015:22:54:14 -0700] "GET /images/logo-sm.png HTTP/1.1" 200 16701 "-" "Baiduspider-image+(+http://www.baidu.com/search/spider.htm)"
123.125.71.102 - - [19/Apr/2015:22:54:23 -0700] "-" 408 0 "-" "-"
5.9.151.67 - - [19/Apr/2015:22:56:38 -0700] "GET / HTTP/1.1" 200 2320 "-" "Mozilla/5.0 (compatible; MegaIndex.ru/2.0; +http://megaindex.com/crawler)"
5.9.151.67 - - [19/Apr/2015:22:56:40 -0700] "GET /robots.txt HTTP/1.1" 200 363 "-" "Mozilla/5.0 (compatible; MegaIndex.ru/2.0; +https://www.megaindex.ru/?tab=linkAnalyze)"
5.9.151.67 - - [19/Apr/2015:22:56:41 -0700] "GET /about HTTP/1.1" 404 450 "-" "Mozilla/5.0 (compatible; MegaIndex.ru/2.0; +http://megaindex.com/crawler)"
220.181.108.159 - - [19/Apr/2015:22:57:29 -0700] "-" 408 0 "-" "-"
199.30.228.145 - - [19/Apr/2015:23:00:08 -0700] "GET /images/wsis-logo-sm.png HTTP/1.1" 200 6108 "http://www.thebackcountry.net/" "Mozilla/5.0 (X11; Linux i686) AppleWebKit/534.34 (KHTML, like Gecko) Qt/4.8.4 Safari/534.34"
170.75.162.130 - - [19/Apr/2015:23:05:01 -0700] "GET /lib/reccapi.php?resort=canyons HTTP/1.1" 200 971 "-" "node-superagent/0.18.2"
66.249.79.160 - - [19/Apr/2015:23:10:12 -0700] "GET /resorts?resort=canyons HTTP/1.1" 404 506 "-" "Mozilla/5.0 (compatible; Googlebot/2.1; +http://www.google.com/bot.html)"
66.249.79.8 - - [19/Apr/2015:23:13:43 -0700] "GET /resorts?resort=maverickmountain&date=2013-12-19 HTTP/1.1" 404 506 "-" "Mozilla/5.0 (iPhone; CPU iPhone OS 6_0 like Mac OS X) AppleWebKit/536.26 (KHTML, like Gecko) Version/6.0 Mobile/10A5376e Safari/8536.25 (compatible; Googlebot/2.1; +http://www.google.com/bot.html)"
170.75.162.130 - - [19/Apr/2015:23:16:32 -0700] "GET /lib/reccapi.php?resort=heavenly HTTP/1.1" 200 967 "-" "node-superagent/0.18.2"
170.75.162.130 - - [19/Apr/2015:23:16:32 -0700] "GET /lib/reccapi.php?resort=diamondpeak HTTP/1.1" 200 933 "-" "node-superagent/0.18.2"
170.75.162.130 - - [19/Apr/2015:23:16:32 -0700] "GET /lib/reccapi.php?resort=mtrose HTTP/1.1" 200 932 "-" "node-superagent/0.18.2"
24.205.199.174 - - [19/Apr/2015:23:29:08 -0700] "GET /images/wsis-logo-sm.png HTTP/1.1" 304 187 "http://www.thebackcountry.net/" "Mozilla/5.0 (iPad; CPU OS 5_1_1 like Mac OS X) AppleWebKit/534.46 (KHTML, like Gecko) Version/5.1 Mobile/9B206 Safari/7534.48.3"
75.45.109.102 - - [19/Apr/2015:23:31:18 -0700] "GET /images/wsis-logo-sm.png HTTP/1.1" 200 6108 "http://www.thebackcountry.net/" "Mozilla/5.0 (iPad; CPU OS 8_0_2 like Mac OS X) AppleWebKit/600.1.4 (KHTML, like Gecko) CriOS/42.0.2311.47 Mobile/12A405 Safari/600.1.4"
170.75.162.130 - - [19/Apr/2015:23:31:33 -0700] "GET /lib/reccapi.php?resort=alyeska HTTP/1.1" 200 966 "-" "node-superagent/0.18.2"
170.75.162.130 - - [19/Apr/2015:23:31:33 -0700] "GET /lib/reccapi.php?resort=hoodoo HTTP/1.1" 200 944 "-" "node-superagent/0.18.2"
170.75.162.130 - - [19/Apr/2015:23:31:53 -0700] "GET /lib/reccapi.php?resort=49degreesnorth HTTP/1.1" 200 973 "-" "node-superagent/0.18.2"
170.75.162.130 - - [19/Apr/2015:23:32:33 -0700] "GET /lib/reccapi.php?resort=steamboat HTTP/1.1" 200 1002 "-" "node-superagent/0.18.2"
170.75.162.130 - - [19/Apr/2015:23:32:33 -0700] "GET /lib/reccapi.php?resort=deervalley HTTP/1.1" 200 1002 "-" "node-superagent/0.18.2"
170.75.162.130 - - [19/Apr/2015:23:32:33 -0700] "GET /lib/reccapi.php?resort=stevenspass HTTP/1.1" 200 975 "-" "node-superagent/0.18.2"
170.75.162.130 - - [19/Apr/2015:23:32:33 -0700] "GET /lib/reccapi.php?resort=coppermountain HTTP/1.1" 200 1072 "-" "node-superagent/0.18.2"
170.75.162.130 - - [19/Apr/2015:23:33:13 -0700] "GET /lib/reccapi.php?resort=jacksonhole HTTP/1.1" 200 1024 "-" "node-superagent/0.18.2"
170.75.162.130 - - [19/Apr/2015:23:33:13 -0700] "GET /lib/reccapi.php?resort=mammothmountain HTTP/1.1" 200 1083 "-" "node-superagent/0.18.2"
170.75.162.130 - - [19/Apr/2015:23:33:23 -0700] "GET /lib/reccapi.php?resort=snowbasin HTTP/1.1" 200 971 "-" "node-superagent/0.18.2"
170.75.162.130 - - [19/Apr/2015:23:33:23 -0700] "GET /lib/reccapi.php?resort=mountspokane HTTP/1.1" 200 973 "-" "node-superagent/0.18.2"
170.75.162.130 - - [19/Apr/2015:23:33:33 -0700] "GET /lib/reccapi.php?resort=grandtarghee HTTP/1.1" 200 1027 "-" "node-superagent/0.18.2"
170.75.162.130 - - [19/Apr/2015:23:33:33 -0700] "GET /lib/reccapi.php?resort=schweitzer HTTP/1.1" 200 947 "-" "node-superagent/0.18.2"
170.75.162.130 - - [19/Apr/2015:23:33:43 -0700] "GET /lib/reccapi.php?resort=silverstarmountain HTTP/1.1" 200 926 "-" "node-superagent/0.18.2"
170.75.162.130 - - [19/Apr/2015:23:33:53 -0700] "GET /lib/reccapi.php?resort=sunpeaksresort HTTP/1.1" 200 910 "-" "node-superagent/0.18.2"
170.75.162.130 - - [19/Apr/2015:23:33:54 -0700] "GET /lib/reccapi.php?resort=wildcatmountain HTTP/1.1" 200 974 "-" "node-superagent/0.18.2"
170.75.162.130 - - [19/Apr/2015:23:34:13 -0700] "GET /lib/reccapi.php?resort=crystalmountain HTTP/1.1" 200 982 "-" "node-superagent/0.18.2"
170.75.162.130 - - [19/Apr/2015:23:34:13 -0700] "GET /lib/reccapi.php?resort=crestedbutte HTTP/1.1" 200 1037 "-" "node-superagent/0.18.2"
170.75.162.130 - - [19/Apr/2015:23:34:23 -0700] "GET /lib/reccapi.php?resort=homewoodmountain HTTP/1.1" 200 969 "-" "node-superagent/0.18.2"
170.75.162.130 - - [19/Apr/2015:23:34:43 -0700] "GET /lib/reccapi.php?resort=monarch HTTP/1.1" 200 998 "-" "node-superagent/0.18.2"
170.75.162.130 - - [19/Apr/2015:23:34:53 -0700] "GET /lib/reccapi.php?resort=bigwhite HTTP/1.1" 200 912 "-" "node-superagent/0.18.2"
66.249.79.160 - - [19/Apr/2015:23:38:59 -0700] "GET /resorts?resort=grandtarghee&date=2014-03-07 HTTP/1.1" 404 506 "-" "Mozilla/5.0 (iPhone; CPU iPhone OS 6_0 like Mac OS X) AppleWebKit/536.26 (KHTML, like Gecko) Version/6.0 Mobile/10A5376e Safari/8536.25 (compatible; Googlebot/2.1; +http://www.google.com/bot.html)"
24.180.42.102 - - [19/Apr/2015:23:44:04 -0700] "GET /images/wsis-logo-sm.png HTTP/1.1" 200 6108 "http://www.thebackcountry.net/" "Mozilla/5.0 (Windows NT 6.3; WOW64; Trident/7.0; rv:11.0) like Gecko"
24.180.42.102 - - [19/Apr/2015:23:44:26 -0700] "-" 408 0 "-" "-"
66.249.79.160 - - [19/Apr/2015:23:45:08 -0700] "GET /resorts?resort=buttermilk HTTP/1.1" 404 506 "-" "Mozilla/5.0 (compatible; Googlebot/2.1; +http://www.google.com/bot.html)"
24.180.42.102 - - [19/Apr/2015:23:48:55 -0700] "-" 408 0 "-" "-"
180.76.4.189 - - [19/Apr/2015:23:52:22 -0700] "GET / HTTP/1.1" 200 6114 "-" "Mozilla/4.0 (compatible; MSIE 7.0; Windows NT 6.0)"
66.249.79.8 - - [19/Apr/2015:23:54:42 -0700] "GET /resorts?resort=diamondpeak HTTP/1.1" 404 506 "-" "Mozilla/5.0 (compatible; Googlebot/2.1; +http://www.google.com/bot.html)"
66.249.79.8 - - [19/Apr/2015:23:55:04 -0700] "GET /resorts?resort=crystalmountain HTTP/1.1" 404 506 "-" "Mozilla/5.0 (compatible; Googlebot/2.1; +http://www.google.com/bot.html)"
123.125.71.77 - - [19/Apr/2015:23:56:53 -0700] "GET / HTTP/1.1" 200 2339 "-" "Mozilla/5.0 (Windows NT 5.1; rv:6.0.2) Gecko/20100101 Firefox/6.0.2"
123.125.71.94 - - [19/Apr/2015:23:57:47 -0700] "GET / HTTP/1.1" 200 6114 "-" "Mozilla/5.0 (Windows NT 5.1; rv:6.0.2) Gecko/20100101 Firefox/6.0.2"
220.181.108.179 - - [19/Apr/2015:23:59:48 -0700] "-" 408 0 "-" "-"
66.249.79.160 - - [20/Apr/2015:00:03:55 -0700] "GET /resorts?resort=diamondpeak&date=2013-12-25 HTTP/1.1" 404 506 "-" "Mozilla/5.0 (iPhone; CPU iPhone OS 6_0 like Mac OS X) AppleWebKit/536.26 (KHTML, like Gecko) Version/6.0 Mobile/10A5376e Safari/8536.25 (compatible; Googlebot/2.1; +http://www.google.com/bot.html)"
208.115.111.66 - - [20/Apr/2015:00:09:42 -0700] "GET /robots.txt HTTP/1.1" 200 319 "-" "Mozilla/5.0 (compatible; DotBot/1.1; http://www.opensiteexplorer.org/dotbot, help@moz.com)"
95.173.184.138 - - [20/Apr/2015:00:20:48 -0700] "GET /" 200 5804 "-" "-"
54.162.238.57 - - [20/Apr/2015:00:28:30 -0700] "HEAD / HTTP/1.1" 200 291 "-" "Cloud mapping experiment. Contact research@pdrlabs.net"
66.249.79.8 - - [20/Apr/2015:00:29:13 -0700] "GET /resorts?resort=timberline&date=2014-02-20 HTTP/1.1" 404 506 "-" "Mozilla/5.0 (iPhone; CPU iPhone OS 6_0 like Mac OS X) AppleWebKit/536.26 (KHTML, like Gecko) Version/6.0 Mobile/10A5376e Safari/8536.25 (compatible; Googlebot/2.1; +http://www.google.com/bot.html)"
123.125.71.22 - - [20/Apr/2015:00:49:42 -0700] "-" 408 0 "-" "-"
170.75.162.130 - - [20/Apr/2015:00:52:30 -0700] "GET /lib/reccapi.php?resort=sunvalley HTTP/1.1" 200 994 "-" "node-superagent/0.18.2"
66.249.79.8 - - [20/Apr/2015:00:54:30 -0700] "GET /resorts?resort=sundance&date=2012-12-24 HTTP/1.1" 404 506 "-" "Mozilla/5.0 (iPhone; CPU iPhone OS 6_0 like Mac OS X) AppleWebKit/536.26 (KHTML, like Gecko) Version/6.0 Mobile/10A5376e Safari/8536.25 (compatible; Googlebot/2.1; +http://www.google.com/bot.html)"
220.181.108.110 - - [20/Apr/2015:00:55:04 -0700] "-" 408 0 "-" "-"
66.249.79.8 - - [20/Apr/2015:00:55:08 -0700] "GET /resorts?resort=sunvalley HTTP/1.1" 404 506 "-" "Mozilla/5.0 (compatible; Googlebot/2.1; +http://www.google.com/bot.html)"
170.75.162.130 - - [20/Apr/2015:01:02:01 -0700] "GET /lib/reccapi.php?resort=kirkwood HTTP/1.1" 200 1082 "-" "node-superagent/0.18.2"
68.180.228.182 - - [20/Apr/2015:01:21:38 -0700] "GET /robots.txt HTTP/1.1" 304 152 "-" "Mozilla/5.0 (compatible; Yahoo! Slurp; http://help.yahoo.com/help/us/ysearch/slurp)"
68.180.228.182 - - [20/Apr/2015:01:21:38 -0700] "GET /resorts?resort=cannonmountain&date=2014-11-21 HTTP/1.1" 404 450 "-" "Mozilla/5.0 (compatible; Yahoo! Slurp; http://help.yahoo.com/help/us/ysearch/slurp)"
208.115.111.66 - - [20/Apr/2015:01:22:47 -0700] "GET /recommendations HTTP/1.1" 404 476 "-" "Mozilla/5.0 (compatible; DotBot/1.1; http://www.opensiteexplorer.org/dotbot, help@moz.com)"
208.115.111.66 - - [20/Apr/2015:01:22:56 -0700] "GET /resorts?resort=49degreesnorth HTTP/1.1" 404 476 "-" "Mozilla/5.0 (compatible; DotBot/1.1; http://www.opensiteexplorer.org/dotbot, help@moz.com)"
157.55.39.137 - - [20/Apr/2015:01:25:17 -0700] "GET /robots.txt HTTP/1.1" 200 375 "-" "Mozilla/5.0 (compatible; bingbot/2.0; +http://www.bing.com/bingbot.htm)"
157.55.39.138 - - [20/Apr/2015:01:25:23 -0700] "GET /resorts?resort=portillo&date=2014-08-19 HTTP/1.1" 404 509 "-" "Mozilla/5.0 (compatible; bingbot/2.0; +http://www.bing.com/bingbot.htm)"
170.75.162.130 - - [20/Apr/2015:01:38:24 -0700] "GET /lib/reccapi.php?resort=sugarbush HTTP/1.1" 200 1056 "-" "node-superagent/0.18.2"
66.249.79.8 - - [20/Apr/2015:01:40:42 -0700] "GET /resorts?resort=sugarbush HTTP/1.1" 404 506 "-" "Mozilla/5.0 (compatible; Googlebot/2.1; +http://www.google.com/bot.html)"
66.249.79.160 - - [20/Apr/2015:01:45:04 -0700] "GET /resorts?resort=arapahoebasin&date=2014-02-03 HTTP/1.1" 404 506 "-" "Mozilla/5.0 (iPhone; CPU iPhone OS 6_0 like Mac OS X) AppleWebKit/536.26 (KHTML, like Gecko) Version/6.0 Mobile/10A5376e Safari/8536.25 (compatible; Googlebot/2.1; +http://www.google.com/bot.html)"
123.125.71.21 - - [20/Apr/2015:01:45:07 -0700] "-" 408 0 "-" "-"
104.128.144.130 - - [20/Apr/2015:01:48:07 -0700] "GET / HTTP/1.0" 200 6114 "-" "probethenet.com scanner"
220.181.108.165 - - [20/Apr/2015:01:48:10 -0700] "-" 408 0 "-" "-"
170.75.162.130 - - [20/Apr/2015:01:50:05 -0700] "GET /lib/reccapi.php?resort=madriverglen HTTP/1.1" 200 1054 "-" "node-superagent/0.18.2"
95.221.224.70 - - [20/Apr/2015:02:03:52 -0700] "GET /images/wsis-logo-sm.png HTTP/1.1" 200 6071 "http://www.thebackcountry.net/" "Mozilla/5.0 (Windows NT 6.1; WOW64) AppleWebKit/537.36 (KHTML, like Gecko) Chrome/28.0.1500.95 YaBrowser/13.10.1500.9323 Safari/537.36"
180.76.4.30 - - [20/Apr/2015:02:05:59 -0700] "GET / HTTP/1.1" 200 6114 "-" "Mozilla/4.0 (compatible; MSIE 7.0; Windows NT 6.0)"
66.249.79.160 - - [20/Apr/2015:02:10:21 -0700] "GET /resorts?resort=mounthoodskibowl&date=2014-01-03 HTTP/1.1" 404 506 "-" "Mozilla/5.0 (iPhone; CPU iPhone OS 6_0 like Mac OS X) AppleWebKit/536.26 (KHTML, like Gecko) Version/6.0 Mobile/10A5376e Safari/8536.25 (compatible; Googlebot/2.1; +http://www.google.com/bot.html)"
195.53.48.100 - - [20/Apr/2015:02:10:42 -0700] "GET /images/wsis-logo-sm.png HTTP/1.1" 200 6108 "http://www.thebackcountry.net/" "Mozilla/5.0 (compatible; MSIE 10.0; Windows NT 6.2; WOW64; Trident/6.0)"
170.75.162.130 - - [20/Apr/2015:02:16:37 -0700] "GET /lib/reccapi.php?resort=devilshead HTTP/1.1" 200 1034 "-" "node-superagent/0.18.2"
66.249.79.16 - - [20/Apr/2015:02:35:43 -0700] "GET /resorts?resort=sleepinggiant&date=2014-01-09 HTTP/1.1" 404 506 "-" "Mozilla/5.0 (iPhone; CPU iPhone OS 6_0 like Mac OS X) AppleWebKit/536.26 (KHTML, like Gecko) Version/6.0 Mobile/10A5376e Safari/8536.25 (compatible; Googlebot/2.1; +http://www.google.com/bot.html)"
170.75.162.130 - - [20/Apr/2015:02:41:29 -0700] "GET /lib/reccapi.php?resort=sugarloaf HTTP/1.1" 200 1071 "-" "node-superagent/0.18.2"
123.125.71.54 - - [20/Apr/2015:02:47:12 -0700] "GET / HTTP/1.1" 200 2339 "-" "Mozilla/5.0 (Windows NT 5.1; rv:6.0.2) Gecko/20100101 Firefox/6.0.2"
220.181.108.177 - - [20/Apr/2015:02:47:52 -0700] "GET / HTTP/1.1" 200 2339 "-" "Mozilla/5.0 (compatible; Baiduspider/2.0; +http://www.baidu.com/search/spider.html)"
123.125.71.36 - - [20/Apr/2015:02:47:55 -0700] "GET / HTTP/1.1" 200 6114 "-" "Mozilla/5.0 (Windows NT 5.1; rv:6.0.2) Gecko/20100101 Firefox/6.0.2"
220.181.108.146 - - [20/Apr/2015:02:52:13 -0700] "-" 408 0 "-" "-"
170.75.162.130 - - [20/Apr/2015:02:52:50 -0700] "GET /lib/reccapi.php?resort=keystone HTTP/1.1" 200 1099 "-" "node-superagent/0.18.2"
180.76.6.56 - - [20/Apr/2015:02:55:54 -0700] "GET /robots.txt HTTP/1.1" 200 382 "-" "Mozilla/5.0 (Windows NT 5.1; rv:6.0.2) Gecko/20100101 Firefox/6.0.2"
66.249.79.16 - - [20/Apr/2015:02:57:19 -0700] "GET /resorts?resort=keystone HTTP/1.1" 404 506 "-" "Mozilla/5.0 (compatible; Googlebot/2.1; +http://www.google.com/bot.html)"
180.76.6.57 - - [20/Apr/2015:02:57:47 -0700] "GET /resorts?resort=sandiapeak&date=2014-02-08 HTTP/1.1" 404 472 "-" "Mozilla/5.0 (compatible; Baiduspider/2.0; +http://www.baidu.com/search/spider.html)"
66.249.79.16 - - [20/Apr/2015:03:00:57 -0700] "GET /resorts?resort=loveland&date=2014-02-18 HTTP/1.1" 404 506 "-" "Mozilla/5.0 (iPhone; CPU iPhone OS 6_0 like Mac OS X) AppleWebKit/536.26 (KHTML, like Gecko) Version/6.0 Mobile/10A5376e Safari/8536.25 (compatible; Googlebot/2.1; +http://www.google.com/bot.html)"
91.199.180.11 - - [20/Apr/2015:03:05:19 -0700] "GET /images/wsis-logo-sm.png HTTP/1.1" 200 6108 "http://www.thebackcountry.net/" "Mozilla/5.0 (Windows NT 6.1; WOW64) AppleWebKit/537.36 (KHTML, like Gecko) Chrome/41.0.2272.118 Safari/537.36"
170.75.162.130 - - [20/Apr/2015:03:13:12 -0700] "GET /lib/reccapi.php?resort=buttermilk HTTP/1.1" 200 1056 "-" "node-superagent/0.18.2"
66.249.79.160 - - [20/Apr/2015:03:26:22 -0700] "GET /resorts?resort=arapahoebasin&date=2014-02-09 HTTP/1.1" 404 506 "-" "Mozilla/5.0 (iPhone; CPU iPhone OS 6_0 like Mac OS X) AppleWebKit/536.26 (KHTML, like Gecko) Version/6.0 Mobile/10A5376e Safari/8536.25 (compatible; Googlebot/2.1; +http://www.google.com/bot.html)"
170.75.162.130 - - [20/Apr/2015:03:28:13 -0700] "GET /lib/reccapi.php?resort=arapahoebasin HTTP/1.1" 200 1114 "-" "node-superagent/0.18.2"
222.186.31.160 - - [20/Apr/2015:03:30:31 -0700] "POST / HTTP/1.1" 200 6176 "-" "Mozilla/5.0"
68.174.150.103 - - [20/Apr/2015:03:39:10 -0700] "GET /images/wsis-logo-sm.png HTTP/1.1" 304 187 "http://www.thebackcountry.net/" "Mozilla/5.0 (Linux; Android 4.4.2; SCH-I535 Build/KOT49H) AppleWebKit/537.36 (KHTML, like Gecko) Chrome/42.0.2311.108 Mobile Safari/537.36"
170.75.162.130 - - [20/Apr/2015:03:39:59 -0700] "GET /lib/reccapi.php?resort=alyeska HTTP/1.1" 200 1032 "-" "node-superagent/0.18.2"
170.75.162.130 - - [20/Apr/2015:03:43:59 -0700] "GET /lib/reccapi.php?resort=sierra-at-tahoe HTTP/1.1" 200 1078 "-" "node-superagent/0.18.2"
123.125.71.57 - - [20/Apr/2015:03:44:28 -0700] "GET / HTTP/1.1" 200 2339 "-" "Mozilla/5.0 (Windows NT 5.1; rv:6.0.2) Gecko/20100101 Firefox/6.0.2"
123.125.71.26 - - [20/Apr/2015:03:45:10 -0700] "GET / HTTP/1.1" 200 6114 "-" "Mozilla/5.0 (Windows NT 5.1; rv:6.0.2) Gecko/20100101 Firefox/6.0.2"
66.249.79.16 - - [20/Apr/2015:03:45:18 -0700] "GET /resorts?resort=sierra-at-tahoe HTTP/1.1" 404 506 "-" "Mozilla/5.0 (compatible; Googlebot/2.1; +http://www.google.com/bot.html)"
220.181.108.105 - - [20/Apr/2015:03:50:20 -0700] "-" 408 0 "-" "-"
66.249.79.16 - - [20/Apr/2015:03:51:35 -0700] "GET /resorts?resort=boyne&date=2013-12-19 HTTP/1.1" 404 506 "-" "Mozilla/5.0 (iPhone; CPU iPhone OS 6_0 like Mac OS X) AppleWebKit/536.26 (KHTML, like Gecko) Version/6.0 Mobile/10A5376e Safari/8536.25 (compatible; Googlebot/2.1; +http://www.google.com/bot.html)"
170.75.162.130 - - [20/Apr/2015:03:51:40 -0700] "GET /lib/reccapi.php?resort=sundayriver HTTP/1.1" 200 1030 "-" "node-superagent/0.18.2"
170.75.162.130 - - [20/Apr/2015:03:54:30 -0700] "GET /lib/reccapi.php?resort=chinapeak HTTP/1.1" 200 1027 "-" "node-superagent/0.18.2"
170.75.162.130 - - [20/Apr/2015:03:54:40 -0700] "GET /lib/reccapi.php?resort=whistlerblackcomb HTTP/1.1" 200 923 "-" "node-superagent/0.18.2"
180.76.4.56 - - [20/Apr/2015:03:58:01 -0700] "GET / HTTP/1.1" 200 6114 "-" "Mozilla/4.0 (compatible; MSIE 7.0; Windows NT 6.0)"
170.75.162.130 - - [20/Apr/2015:03:59:31 -0700] "GET /lib/reccapi.php?resort=silverstarmountain HTTP/1.1" 200 927 "-" "node-superagent/0.18.2"
170.75.162.130 - - [20/Apr/2015:04:00:21 -0700] "GET /lib/reccapi.php?resort=northstar-at-tahoe HTTP/1.1" 200 1021 "-" "node-superagent/0.18.2"
170.75.162.130 - - [20/Apr/2015:04:00:21 -0700] "GET /lib/reccapi.php?resort=stowe HTTP/1.1" 200 1013 "-" "node-superagent/0.18.2"
170.75.162.130 - - [20/Apr/2015:04:00:21 -0700] "GET /lib/reccapi.php?resort=jaypeak HTTP/1.1" 200 1048 "-" "node-superagent/0.18.2"
170.75.162.130 - - [20/Apr/2015:04:08:02 -0700] "GET /lib/reccapi.php?resort=mountspokane HTTP/1.1" 200 989 "-" "node-superagent/0.18.2"
208.115.111.66 - - [20/Apr/2015:04:10:23 -0700] "GET /robots.txt HTTP/1.1" 200 319 "-" "Mozilla/5.0 (compatible; DotBot/1.1; http://www.opensiteexplorer.org/dotbot, help@moz.com)"
66.249.79.16 - - [20/Apr/2015:04:13:32 -0700] "GET /resorts?resort=mountspokane HTTP/1.1" 404 506 "-" "Mozilla/5.0 (compatible; Googlebot/2.1; +http://www.google.com/bot.html)"
170.75.162.130 - - [20/Apr/2015:04:15:33 -0700] "GET /lib/reccapi.php?resort=telluride HTTP/1.1" 200 1058 "-" "node-superagent/0.18.2"
170.75.162.130 - - [20/Apr/2015:04:16:22 -0700] "GET /lib/reccapi.php?resort=aspenmountain HTTP/1.1" 200 1062 "-" "node-superagent/0.18.2"
66.249.79.16 - - [20/Apr/2015:04:16:35 -0700] "GET /resorts?resort=redmountain&date=2014-02-03 HTTP/1.1" 404 506 "-" "Mozilla/5.0 (iPhone; CPU iPhone OS 6_0 like Mac OS X) AppleWebKit/536.26 (KHTML, like Gecko) Version/6.0 Mobile/10A5376e Safari/8536.25 (compatible; Googlebot/2.1; +http://www.google.com/bot.html)"
212.81.200.252 - - [20/Apr/2015:04:19:49 -0700] "GET /blog HTTP/1.1" 404 532 "http://whereshouldiski.com/blog" "Mozilla/5.0 (Windows NT 6.1; WOW64; rv:7.0.1) Gecko/20100101 Firefox/7.0.1"
170.75.162.130 - - [20/Apr/2015:04:21:23 -0700] "GET /lib/reccapi.php?resort=heavenly HTTP/1.1" 200 1028 "-" "node-superagent/0.18.2"
61.240.144.64 - - [20/Apr/2015:04:21:33 -0700] "GET / HTTP/1.0" 200 6114 "-" "masscan/1.0 (https://github.com/robertdavidgraham/masscan)"
170.75.162.130 - - [20/Apr/2015:04:25:03 -0700] "GET /lib/reccapi.php?resort=stevenspass HTTP/1.1" 200 976 "-" "node-superagent/0.18.2"
68.180.228.182 - - [20/Apr/2015:04:26:25 -0700] "GET /resorts?resort=ferniealpine&date=2014-10-19 HTTP/1.1" 404 450 "-" "Mozilla/5.0 (compatible; Yahoo! Slurp; http://help.yahoo.com/help/us/ysearch/slurp)"
112.64.235.245 - - [20/Apr/2015:04:28:53 -0700] "GET / HTTP/1.1" 200 6114 "-" "Mozilla/5.0 (Linux; U; Android 4.4.2; zh-cn; GT-I9500 Build/KOT49H) AppleWebKit/537.36 (KHTML, like Gecko)Version/4.0 MQQBrowser/5.0 QQ-Manager Mobile Safari/537.36"
66.249.79.160 - - [20/Apr/2015:04:32:09 -0700] "GET /resorts?resort=stevenspass HTTP/1.1" 404 506 "-" "Mozilla/5.0 (compatible; Googlebot/2.1; +http://www.google.com/bot.html)"
170.75.162.130 - - [20/Apr/2015:04:34:04 -0700] "GET /lib/reccapi.php?resort=mountbachelor HTTP/1.1" 200 964 "-" "node-superagent/0.18.2"
170.75.162.130 - - [20/Apr/2015:04:41:35 -0700] "GET /lib/reccapi.php?resort=aspenheights HTTP/1.1" 200 1076 "-" "node-superagent/0.18.2"
170.75.162.130 - - [20/Apr/2015:04:41:35 -0700] "GET /lib/reccapi.php?resort=coppermountain HTTP/1.1" 200 1100 "-" "node-superagent/0.18.2"
170.75.162.130 - - [20/Apr/2015:04:41:35 -0700] "GET /lib/reccapi.php?resort=crestedbutte HTTP/1.1" 200 1049 "-" "node-superagent/0.18.2"
170.75.162.130 - - [20/Apr/2015:04:41:35 -0700] "GET /lib/reccapi.php?resort=monarch HTTP/1.1" 200 1014 "-" "node-superagent/0.18.2"
170.75.162.130 - - [20/Apr/2015:04:41:35 -0700] "GET /lib/reccapi.php?resort=snowmass HTTP/1.1" 200 1026 "-" "node-superagent/0.18.2"
170.75.162.130 - - [20/Apr/2015:04:41:35 -0700] "GET /lib/reccapi.php?resort=loveland HTTP/1.1" 200 1092 "-" "node-superagent/0.18.2"
170.75.162.130 - - [20/Apr/2015:04:41:35 -0700] "GET /lib/reccapi.php?resort=steamboat HTTP/1.1" 200 1063 "-" "node-superagent/0.18.2"
170.75.162.130 - - [20/Apr/2015:04:41:35 -0700] "GET /lib/reccapi.php?resort=winterpark HTTP/1.1" 200 1125 "-" "node-superagent/0.18.2"
66.249.79.160 - - [20/Apr/2015:04:41:38 -0700] "GET /resorts?resort=purgatory&date=2013-02-18 HTTP/1.1" 404 506 "-" "Mozilla/5.0 (iPhone; CPU iPhone OS 6_0 like Mac OS X) AppleWebKit/536.26 (KHTML, like Gecko) Version/6.0 Mobile/10A5376e Safari/8536.25 (compatible; Googlebot/2.1; +http://www.google.com/bot.html)"
170.75.162.130 - - [20/Apr/2015:04:49:15 -0700] "GET /lib/reccapi.php?resort=sunpeaksresort HTTP/1.1" 200 913 "-" "node-superagent/0.18.2"
112.64.235.245 - - [20/Apr/2015:04:50:20 -0700] "GET /scripts/scripts/vendor/modernizr.js HTTP/1.1" 200 11398 "http://whereshouldiski.com/scripts/scripts/vendor/modernizr.js" "Mozilla/5.0 (Linux; U; Android 4.4.2; zh-cn; GT-I9500 Build/KOT49H) AppleWebKit/537.36 (KHTML, like Gecko)Version/4.0 MQQBrowser/5.0 QQ-Manager Mobile Safari/537.36"
112.64.235.245 - - [20/Apr/2015:04:50:20 -0700] "GET /bower_components/requirejs/require.js HTTP/1.1" 200 17147 "http://whereshouldiski.com/bower_components/requirejs/require.js" "Mozilla/5.0 (Linux; U; Android 4.4.2; zh-cn; GT-I9500 Build/KOT49H) AppleWebKit/537.36 (KHTML, like Gecko)Version/4.0 MQQBrowser/5.0 QQ-Manager Mobile Safari/537.36"
123.125.71.107 - - [20/Apr/2015:04:51:41 -0700] "GET / HTTP/1.1" 200 2339 "-" "Mozilla/5.0 (Windows NT 5.1; rv:6.0.2) Gecko/20100101 Firefox/6.0.2"
170.75.162.130 - - [20/Apr/2015:04:52:16 -0700] "GET /lib/reccapi.php?resort=mountainhigh HTTP/1.1" 200 986 "-" "node-superagent/0.18.2"
123.125.71.113 - - [20/Apr/2015:04:52:36 -0700] "GET / HTTP/1.1" 200 6114 "-" "Mozilla/5.0 (Windows NT 5.1; rv:6.0.2) Gecko/20100101 Firefox/6.0.2"
220.181.108.116 - - [20/Apr/2015:04:56:34 -0700] "-" 408 0 "-" "-"
68.180.228.182 - - [20/Apr/2015:05:02:34 -0700] "GET /resorts?resort=skiapache&date=2014-11-21 HTTP/1.1" 404 450 "-" "Mozilla/5.0 (compatible; Yahoo! Slurp; http://help.yahoo.com/help/us/ysearch/slurp)"
170.75.162.130 - - [20/Apr/2015:05:06:27 -0700] "GET /lib/reccapi.php?resort=killington HTTP/1.1" 200 1053 "-" "node-superagent/0.18.2"
66.249.79.8 - - [20/Apr/2015:05:07:05 -0700] "GET /resorts?resort=whitepine&date=2014-02-10 HTTP/1.1" 404 506 "-" "Mozilla/5.0 (iPhone; CPU iPhone OS 6_0 like Mac OS X) AppleWebKit/536.26 (KHTML, like Gecko) Version/6.0 Mobile/10A5376e Safari/8536.25 (compatible; Googlebot/2.1; +http://www.google.com/bot.html)"
170.75.162.130 - - [20/Apr/2015:05:14:58 -0700] "GET /lib/reccapi.php?resort=redlodge HTTP/1.1" 200 1011 "-" "node-superagent/0.18.2"
170.75.162.130 - - [20/Apr/2015:05:14:58 -0700] "GET /lib/reccapi.php?resort=bigsky HTTP/1.1" 200 966 "-" "node-superagent/0.18.2"
170.75.162.130 - - [20/Apr/2015:05:18:18 -0700] "GET /lib/reccapi.php?resort=bigwhite HTTP/1.1" 200 912 "-" "node-superagent/0.18.2"
208.115.111.66 - - [20/Apr/2015:05:22:55 -0700] "GET /resorts?resort=whitefacemountain HTTP/1.1" 404 476 "-" "Mozilla/5.0 (compatible; DotBot/1.1; http://www.opensiteexplorer.org/dotbot, help@moz.com)"
170.75.162.130 - - [20/Apr/2015:05:23:48 -0700] "GET /lib/reccapi.php?resort=mammothmountain HTTP/1.1" 200 1077 "-" "node-superagent/0.18.2"
66.249.79.160 - - [20/Apr/2015:05:25:20 -0700] "GET /resorts?resort=mammothmountain HTTP/1.1" 404 506 "-" "Mozilla/5.0 (compatible; Googlebot/2.1; +http://www.google.com/bot.html)"
66.249.79.16 - - [20/Apr/2015:05:32:20 -0700] "GET /resorts?resort=buttermilk&date=2014-02-15 HTTP/1.1" 404 506 "-" "Mozilla/5.0 (iPhone; CPU iPhone OS 6_0 like Mac OS X) AppleWebKit/536.26 (KHTML, like Gecko) Version/6.0 Mobile/10A5376e Safari/8536.25 (compatible; Googlebot/2.1; +http://www.google.com/bot.html)"
122.248.100.46 - - [20/Apr/2015:05:46:14 -0700] "GET /images/wsis-logo-sm.png HTTP/1.1" 200 6108 "http://www.thebackcountry.net/" "Mozilla/5.0 (Macintosh; Intel Mac OS X 10_10_1) AppleWebKit/537.36 (KHTML, like Gecko) Chrome/41.0.2272.118 Safari/537.36"
180.76.4.122 - - [20/Apr/2015:05:51:37 -0700] "GET / HTTP/1.1" 200 6114 "-" "Mozilla/4.0 (compatible; MSIE 7.0; Windows NT 6.0)"
170.75.162.130 - - [20/Apr/2015:05:52:41 -0700] "GET /lib/reccapi.php?resort=schweitzer HTTP/1.1" 200 948 "-" "node-superagent/0.18.2"
170.75.162.130 - - [20/Apr/2015:05:52:41 -0700] "GET /lib/reccapi.php?resort=sunvalley HTTP/1.1" 200 965 "-" "node-superagent/0.18.2"
207.46.13.131 - - [20/Apr/2015:05:55:19 -0700] "GET / HTTP/1.1" 200 2376 "-" "Mozilla/5.0 (compatible; bingbot/2.0; +http://www.bing.com/bingbot.htm)"
123.125.71.44 - - [20/Apr/2015:05:59:04 -0700] "-" 408 0 "-" "-"
220.181.108.75 - - [20/Apr/2015:06:03:48 -0700] "-" 408 0 "-" "-"
66.249.79.39 - - [20/Apr/2015:06:04:46 -0700] "GET / HTTP/1.1" 200 2376 "-" "Mozilla/5.0 (iPhone; CPU iPhone OS 6_0 like Mac OS X) AppleWebKit/536.26 (KHTML, like Gecko) Version/6.0 Mobile/10A5376e Safari/8536.25 (compatible; Googlebot/2.1; +http://www.google.com/bot.html)"
170.75.162.130 - - [20/Apr/2015:06:09:52 -0700] "GET /lib/reccapi.php?resort=angelfire HTTP/1.1" 200 1095 "-" "node-superagent/0.18.2"
170.75.162.130 - - [20/Apr/2015:06:09:52 -0700] "GET /lib/reccapi.php?resort=taos HTTP/1.1" 200 1053 "-" "node-superagent/0.18.2"
66.249.79.160 - - [20/Apr/2015:06:14:04 -0700] "GET /resorts?resort=chinapeak HTTP/1.1" 404 506 "-" "Mozilla/5.0 (compatible; Googlebot/2.1; +http://www.google.com/bot.html)"
66.249.79.16 - - [20/Apr/2015:06:17:47 -0700] "GET /resorts?resort=bigsky&date=2013-12-15 HTTP/1.1" 404 506 "-" "Mozilla/5.0 (iPhone; CPU iPhone OS 6_0 like Mac OS X) AppleWebKit/536.26 (KHTML, like Gecko) Version/6.0 Mobile/10A5376e Safari/8536.25 (compatible; Googlebot/2.1; +http://www.google.com/bot.html)"
24.180.42.102 - - [20/Apr/2015:06:21:42 -0700] "GET /images/wsis-logo-sm.png HTTP/1.1" 200 6108 "http://www.thebackcountry.net/" "Mozilla/5.0 (Windows NT 6.3; WOW64; Trident/7.0; rv:11.0) like Gecko"
24.180.42.102 - - [20/Apr/2015:06:22:03 -0700] "-" 408 0 "-" "-"
170.75.162.130 - - [20/Apr/2015:06:22:43 -0700] "GET /lib/reccapi.php?resort=redmountain HTTP/1.1" 200 902 "-" "node-superagent/0.18.2"
66.249.79.160 - - [20/Apr/2015:06:25:14 -0700] "GET /resorts?resort=redmountain HTTP/1.1" 404 506 "-" "Mozilla/5.0 (compatible; Googlebot/2.1; +http://www.google.com/bot.html)"
66.249.79.8 - - [20/Apr/2015:06:25:28 -0700] "GET /resorts?resort=moonlightbasin&date=2014-02-09 HTTP/1.1" 404 506 "-" "Mozilla/5.0 (iPhone; CPU iPhone OS 6_0 like Mac OS X) AppleWebKit/536.26 (KHTML, like Gecko) Version/6.0 Mobile/10A5376e Safari/8536.25 (compatible; Googlebot/2.1; +http://www.google.com/bot.html)"
170.75.162.130 - - [20/Apr/2015:06:34:04 -0700] "GET /lib/reccapi.php?resort=alpinemeadows HTTP/1.1" 200 1095 "-" "node-superagent/0.18.2"
66.249.79.16 - - [20/Apr/2015:06:41:15 -0700] "GET /resorts?resort=aspenmountain&date=2014-01-29 HTTP/1.1" 404 506 "-" "Mozilla/5.0 (iPhone; CPU iPhone OS 6_0 like Mac OS X) AppleWebKit/536.26 (KHTML, like Gecko) Version/6.0 Mobile/10A5376e Safari/8536.25 (compatible; Googlebot/2.1; +http://www.google.com/bot.html)"
203.133.170.40 - - [20/Apr/2015:06:43:45 -0700] "GET /robots.txt HTTP/1.1" 200 419 "-" "Mozilla/5.0 (compatible; MSIE or Firefox mutant; not on Windows server;) Daumoa/4.0"
123.125.71.80 - - [20/Apr/2015:06:46:27 -0700] "-" 408 0 "-" "-"
170.75.162.130 - - [20/Apr/2015:06:48:38 -0700] "GET /lib/reccapi.php?resort=cannonmountain HTTP/1.1" 200 1099 "-" "node-superagent/0.18.2"
170.75.162.130 - - [20/Apr/2015:06:48:38 -0700] "GET /lib/reccapi.php?resort=wildcatmountain HTTP/1.1" 200 1078 "-" "node-superagent/0.18.2"
220.181.108.144 - - [20/Apr/2015:06:50:30 -0700] "GET / HTTP/1.1" 200 2339 "-" "Mozilla/5.0 (Windows NT 5.1; rv:6.0.2) Gecko/20100101 Firefox/6.0.2"
220.181.108.141 - - [20/Apr/2015:06:51:15 -0700] "GET / HTTP/1.1" 200 6114 "-" "Mozilla/5.0 (Windows NT 5.1; rv:6.0.2) Gecko/20100101 Firefox/6.0.2"
71.140.31.214 - - [20/Apr/2015:06:52:13 -0700] "GET /images/wsis-logo-sm.png HTTP/1.1" 304 187 "http://thebackcountry.net/" "Mozilla/4.0 (compatible; MSIE 8.0; Windows NT 5.1; Trident/4.0; .NET CLR 2.0.50727; .NET CLR 3.0.4506.2152; .NET CLR 3.5.30729; 786908940603; Build/14.08001)"
12.186.104.34 - - [20/Apr/2015:06:54:20 -0700] "GET /images/wsis-logo-sm.png HTTP/1.1" 200 6108 "http://www.thebackcountry.net/" "Mozilla/5.0 (Windows NT 6.1; Trident/7.0; rv:11.0) like Gecko"
68.180.228.182 - - [20/Apr/2015:06:54:54 -0700] "GET /resorts?resort=holidayvalley&date=2014-11-22 HTTP/1.1" 404 450 "-" "Mozilla/5.0 (compatible; Yahoo! Slurp; http://help.yahoo.com/help/us/ysearch/slurp)"
24.102.131.80 - - [20/Apr/2015:06:55:18 -0700] "GET /images/wsis-logo-sm.png HTTP/1.1" 200 6108 "http://www.thebackcountry.net/" "Mozilla/5.0 (iPhone; CPU iPhone OS 8_3 like Mac OS X) AppleWebKit/600.1.4 (KHTML, like Gecko) Version/8.0 Mobile/12F70 Safari/600.1.4"
170.75.162.130 - - [20/Apr/2015:06:55:38 -0700] "GET /lib/reccapi.php?resort=mtrose HTTP/1.1" 200 1028 "-" "node-superagent/0.18.2"
66.249.79.16 - - [20/Apr/2015:06:57:12 -0700] "GET /resorts?resort=windham&date=2014-02-05 HTTP/1.1" 404 506 "-" "Mozilla/5.0 (iPhone; CPU iPhone OS 6_0 like Mac OS X) AppleWebKit/536.26 (KHTML, like Gecko) Version/6.0 Mobile/10A5376e Safari/8536.25 (compatible; Googlebot/2.1; +http://www.google.com/bot.html)"
68.180.228.182 - - [20/Apr/2015:06:59:14 -0700] "GET /resorts?resort=snoqualmie-alpental&date=2014-10-25 HTTP/1.1" 404 450 "-" "Mozilla/5.0 (compatible; Yahoo! Slurp; http://help.yahoo.com/help/us/ysearch/slurp)"
170.75.162.130 - - [20/Apr/2015:07:09:40 -0700] "GET /lib/reccapi.php?resort=homewoodmountain HTTP/1.1" 200 1047 "-" "node-superagent/0.18.2"
66.249.79.160 - - [20/Apr/2015:07:12:03 -0700] "GET /resorts?resort=homewoodmountain HTTP/1.1" 404 506 "-" "Mozilla/5.0 (compatible; Googlebot/2.1; +http://www.google.com/bot.html)"
66.249.79.8 - - [20/Apr/2015:07:13:08 -0700] "GET /resorts?resort=heavenly&date=2014-02-24 HTTP/1.1" 404 506 "-" "Mozilla/5.0 (iPhone; CPU iPhone OS 6_0 like Mac OS X) AppleWebKit/536.26 (KHTML, like Gecko) Version/6.0 Mobile/10A5376e Safari/8536.25 (compatible; Googlebot/2.1; +http://www.google.com/bot.html)"
170.75.162.130 - - [20/Apr/2015:07:14:00 -0700] "GET /lib/reccapi.php?resort=buttermilk HTTP/1.1" 200 1058 "-" "node-superagent/0.18.2"
170.75.162.130 - - [20/Apr/2015:07:17:00 -0700] "GET /lib/reccapi.php?resort=brianhead HTTP/1.1" 200 1021 "-" "node-superagent/0.18.2"
66.249.79.16 - - [20/Apr/2015:07:20:21 -0700] "GET /resorts?resort=brianhead HTTP/1.1" 404 506 "-" "Mozilla/5.0 (compatible; Googlebot/2.1; +http://www.google.com/bot.html)"
24.205.205.200 - - [20/Apr/2015:07:21:14 -0700] "GET /images/wsis-logo-sm.png HTTP/1.1" 200 6108 "http://www.thebackcountry.net/" "Mozilla/5.0 (iPhone; CPU iPhone OS 8_2 like Mac OS X) AppleWebKit/600.1.4 (KHTML, like Gecko) Version/8.0 Mobile/12D508 Safari/600.1.4"
66.249.79.16 - - [20/Apr/2015:07:29:04 -0700] "GET /resorts?resort=pomerelle&date=2012-12-22 HTTP/1.1" 404 506 "-" "Mozilla/5.0 (iPhone; CPU iPhone OS 6_0 like Mac OS X) AppleWebKit/536.26 (KHTML, like Gecko) Version/6.0 Mobile/10A5376e Safari/8536.25 (compatible; Googlebot/2.1; +http://www.google.com/bot.html)"
170.75.162.130 - - [20/Apr/2015:07:30:32 -0700] "GET /lib/reccapi.php?resort=jacksonhole HTTP/1.1" 200 985 "-" "node-superagent/0.18.2"
77.127.173.184 - - [20/Apr/2015:07:33:09 -0700] "GET /images/viz-screenshot.png HTTP/1.1" 404 517 "http://ericfahsl.com/blog/35-creating-an-animated-javascript-heat-map-with-polymap" "Mozilla/5.0 (Linux; Android 5.0.2; SM-G925F Build/LRX22G) AppleWebKit/537.36 (KHTML, like Gecko) Chrome/42.0.2311.108 Mobile Safari/537.36"
77.127.173.184 - - [20/Apr/2015:07:33:10 -0700] "GET /images/viz-screenshot.png HTTP/1.1" 404 516 "http://ericfahsl.com/blog/35-creating-an-animated-javascript-heat-map-with-polymap" "Mozilla/5.0 (Linux; Android 5.0.2; SM-G925F Build/LRX22G) AppleWebKit/537.36 (KHTML, like Gecko) Chrome/42.0.2311.108 Mobile Safari/537.36"
82.80.41.242 - - [20/Apr/2015:07:36:42 -0700] "GET /images/wsis-logo-sm.png HTTP/1.1" 200 6108 "http://www.thebackcountry.net/" "Mozilla/5.0 (compatible; MSIE 10.0; Windows NT 6.1; WOW64; Trident/6.0)"
123.125.71.104 - - [20/Apr/2015:07:43:18 -0700] "GET / HTTP/1.1" 200 2339 "-" "Mozilla/5.0 (Windows NT 5.1; rv:6.0.2) Gecko/20100101 Firefox/6.0.2"
170.75.162.130 - - [20/Apr/2015:07:43:43 -0700] "GET /lib/reccapi.php?resort=snowbasin HTTP/1.1" 200 968 "-" "node-superagent/0.18.2"
123.125.71.82 - - [20/Apr/2015:07:44:04 -0700] "GET / HTTP/1.1" 200 6114 "-" "Mozilla/5.0 (Windows NT 5.1; rv:6.0.2) Gecko/20100101 Firefox/6.0.2"
66.249.79.160 - - [20/Apr/2015:07:44:52 -0700] "GET /resorts?resort=hyland&date=2014-02-17 HTTP/1.1" 404 506 "-" "Mozilla/5.0 (iPhone; CPU iPhone OS 6_0 like Mac OS X) AppleWebKit/536.26 (KHTML, like Gecko) Version/6.0 Mobile/10A5376e Safari/8536.25 (compatible; Googlebot/2.1; +http://www.google.com/bot.html)"
220.181.108.111 - - [20/Apr/2015:07:46:58 -0700] "-" 408 0 "-" "-"
