170.75.162.130 - - [21/Apr/2015:15:55:44 -0700] "GET /lib/reccapi.php?resort=arapahoebasin HTTP/1.1" 200 1101 "-" "node-superagent/0.18.2"
170.75.162.130 - - [21/Apr/2015:15:55:44 -0700] "GET /lib/reccapi.php?resort=schweitzer HTTP/1.1" 200 942 "-" "node-superagent/0.18.2"
170.75.162.130 - - [21/Apr/2015:15:55:44 -0700] "GET /lib/reccapi.php?resort=snowbird HTTP/1.1" 200 1018 "-" "node-superagent/0.18.2"
170.75.162.130 - - [21/Apr/2015:15:55:44 -0700] "GET /lib/reccapi.php?resort=stowe HTTP/1.1" 200 1002 "-" "node-superagent/0.18.2"
170.75.162.130 - - [21/Apr/2015:15:55:44 -0700] "GET /lib/reccapi.php?resort=steamboat HTTP/1.1" 200 1065 "-" "node-superagent/0.18.2"
170.75.162.130 - - [21/Apr/2015:15:55:44 -0700] "GET /lib/reccapi.php?resort=solitude HTTP/1.1" 200 1035 "-" "node-superagent/0.18.2"
208.54.15.9 - - [21/Apr/2015:15:55:50 -0700] "GET /lib/reccapi.php?fields=t&coords=47.582867099999994,-122.1691494 HTTP/1.1" 200 2053 "http://www.whereshouldiski.com/" "Mozilla/5.0 (Windows NT 6.1; WOW64; rv:37.0) Gecko/20100101 Firefox/37.0"
66.249.79.160 - - [21/Apr/2015:15:59:11 -0700] "GET /resorts?resort=skicooper&date=2014-02-02 HTTP/1.1" 404 506 "-" "Mozilla/5.0 (iPhone; CPU iPhone OS 6_0 like Mac OS X) AppleWebKit/536.26 (KHTML, like Gecko) Version/6.0 Mobile/10A5376e Safari/8536.25 (compatible; Googlebot/2.1; +http://www.google.com/bot.html)"
107.214.151.65 - - [21/Apr/2015:15:59:13 -0700] "GET /images/wsis-logo-sm.png HTTP/1.1" 200 6108 "http://www.thebackcountry.net/" "Mozilla/5.0 (Macintosh; Intel Mac OS X 10_10_2) AppleWebKit/600.4.10 (KHTML, like Gecko) Version/8.0.4 Safari/600.4.10"
180.76.4.51 - - [21/Apr/2015:15:59:15 -0700] "GET / HTTP/1.1" 200 6114 "-" "Mozilla/4.0 (compatible; MSIE 7.0; Windows NT 6.0)"
123.125.71.94 - - [21/Apr/2015:16:01:16 -0700] "-" 408 0 "-" "-"
220.181.108.156 - - [21/Apr/2015:16:06:51 -0700] "-" 408 0 "-" "-"
66.249.79.160 - - [21/Apr/2015:16:22:52 -0700] "GET /resorts?resort=sleepinggiant&date=2014-01-09 HTTP/1.1" 404 506 "-" "Mozilla/5.0 (iPhone; CPU iPhone OS 6_0 like Mac OS X) AppleWebKit/536.26 (KHTML, like Gecko) Version/6.0 Mobile/10A5376e Safari/8536.25 (compatible; Googlebot/2.1; +http://www.google.com/bot.html)"
100.43.91.4 - - [21/Apr/2015:16:29:39 -0700] "GET /robots.txt HTTP/1.1" 200 375 "-" "Mozilla/5.0 (compatible; YandexBot/3.0; +http://yandex.com/bots)"
199.21.99.216 - - [21/Apr/2015:16:29:39 -0700] "GET /robots.txt HTTP/1.1" 200 375 "-" "Mozilla/5.0 (compatible; YandexBot/3.0; +http://yandex.com/bots)"
100.43.91.4 - - [21/Apr/2015:16:29:41 -0700] "GET / HTTP/1.1" 200 2375 "-" "Mozilla/5.0 (compatible; YandexBot/3.0; +http://yandex.com/bots)"
199.21.99.216 - - [21/Apr/2015:16:29:41 -0700] "GET / HTTP/1.1" 200 2375 "-" "Mozilla/5.0 (compatible; YandexBot/3.0; +http://yandex.com/bots)"
100.43.91.4 - - [21/Apr/2015:16:29:42 -0700] "GET / HTTP/1.1" 200 2375 "-" "Mozilla/5.0 (compatible; YandexBot/3.0; +http://yandex.com/bots)"
100.43.91.4 - - [21/Apr/2015:16:29:47 -0700] "GET / HTTP/1.1" 200 2376 "-" "Mozilla/5.0 (compatible; YandexBot/3.0; +http://yandex.com/bots)"
100.43.91.4 - - [21/Apr/2015:16:29:47 -0700] "GET / HTTP/1.1" 200 2375 "-" "Mozilla/5.0 (compatible; YandexBot/3.0; +http://yandex.com/bots)"
199.21.99.216 - - [21/Apr/2015:16:29:47 -0700] "GET / HTTP/1.1" 200 2376 "-" "Mozilla/5.0 (compatible; YandexBot/3.0; +http://yandex.com/bots)"
188.163.79.18 - - [21/Apr/2015:16:37:40 -0700] "GET /robots.txt HTTP/1.1" 200 375 "-" "Mozilla/5.0 (Windows NT 6.3; WOW64; rv:36.0) Gecko/20100101 Firefox/36.0"
188.163.79.18 - - [21/Apr/2015:16:37:40 -0700] "GET /wp-login.php HTTP/1.1" 404 531 "-" "Mozilla/5.0 (Windows NT 6.3; WOW64; rv:36.0) Gecko/20100101 Firefox/36.0"
188.163.79.18 - - [21/Apr/2015:16:37:40 -0700] "GET / HTTP/1.1" 200 6150 "-" "Mozilla/5.0 (Windows NT 6.3; WOW64; rv:36.0) Gecko/20100101 Firefox/36.0"
188.163.79.18 - - [21/Apr/2015:16:37:40 -0700] "GET /admin/index.php HTTP/1.1" 404 531 "-" "Mozilla/5.0 (Windows NT 6.3; WOW64; rv:36.0) Gecko/20100101 Firefox/36.0"
206.29.176.51 - - [21/Apr/2015:16:40:55 -0700] "GET / HTTP/1.1" 200 2376 "-" "Mozilla/5.0 (iPad; CPU OS 8_1_3 like Mac OS X) AppleWebKit/600.1.4 (KHTML, like Gecko) Version/8.0 Mobile/12B466 Safari/600.1.4"
206.29.176.51 - - [21/Apr/2015:16:40:55 -0700] "GET /styles/0fffd548.main.css HTTP/1.1" 200 19316 "http://whereshouldiski.com/" "Mozilla/5.0 (iPad; CPU OS 8_1_3 like Mac OS X) AppleWebKit/600.1.4 (KHTML, like Gecko) Version/8.0 Mobile/12B466 Safari/600.1.4"
206.29.176.51 - - [21/Apr/2015:16:40:55 -0700] "GET /images/logo-sm.png HTTP/1.1" 200 16738 "http://whereshouldiski.com/" "Mozilla/5.0 (iPad; CPU OS 8_1_3 like Mac OS X) AppleWebKit/600.1.4 (KHTML, like Gecko) Version/8.0 Mobile/12B466 Safari/600.1.4"
206.29.176.51 - - [21/Apr/2015:16:40:55 -0700] "GET /images/loading.gif HTTP/1.1" 200 13882 "http://whereshouldiski.com/" "Mozilla/5.0 (iPad; CPU OS 8_1_3 like Mac OS X) AppleWebKit/600.1.4 (KHTML, like Gecko) Version/8.0 Mobile/12B466 Safari/600.1.4"
206.29.176.51 - - [21/Apr/2015:16:40:56 -0700] "GET /scripts/scripts/vendor/modernizr.js HTTP/1.1" 200 4903 "http://whereshouldiski.com/" "Mozilla/5.0 (iPad; CPU OS 8_1_3 like Mac OS X) AppleWebKit/600.1.4 (KHTML, like Gecko) Version/8.0 Mobile/12B466 Safari/600.1.4"
206.29.176.51 - - [21/Apr/2015:16:40:56 -0700] "GET /bower_components/requirejs/require.js HTTP/1.1" 200 6702 "http://whereshouldiski.com/" "Mozilla/5.0 (iPad; CPU OS 8_1_3 like Mac OS X) AppleWebKit/600.1.4 (KHTML, like Gecko) Version/8.0 Mobile/12B466 Safari/600.1.4"
206.29.176.51 - - [21/Apr/2015:16:40:56 -0700] "GET /scripts/fa48e319.main.js HTTP/1.1" 200 123455 "http://whereshouldiski.com/" "Mozilla/5.0 (iPad; CPU OS 8_1_3 like Mac OS X) AppleWebKit/600.1.4 (KHTML, like Gecko) Version/8.0 Mobile/12B466 Safari/600.1.4"
206.29.176.51 - - [21/Apr/2015:16:40:56 -0700] "GET /lib/reccapi.php?fields=t HTTP/1.1" 200 1857 "http://whereshouldiski.com/" "Mozilla/5.0 (iPad; CPU OS 8_1_3 like Mac OS X) AppleWebKit/600.1.4 (KHTML, like Gecko) Version/8.0 Mobile/12B466 Safari/600.1.4"
206.29.176.51 - - [21/Apr/2015:16:40:56 -0700] "GET /images/button.png HTTP/1.1" 200 598 "http://whereshouldiski.com/" "Mozilla/5.0 (iPad; CPU OS 8_1_3 like Mac OS X) AppleWebKit/600.1.4 (KHTML, like Gecko) Version/8.0 Mobile/12B466 Safari/600.1.4"
206.29.176.51 - - [21/Apr/2015:16:40:56 -0700] "GET /images/greyHeader.png HTTP/1.1" 200 508 "http://whereshouldiski.com/" "Mozilla/5.0 (iPad; CPU OS 8_1_3 like Mac OS X) AppleWebKit/600.1.4 (KHTML, like Gecko) Version/8.0 Mobile/12B466 Safari/600.1.4"
206.29.176.51 - - [21/Apr/2015:16:40:57 -0700] "GET /images/snowflake5.png HTTP/1.1" 200 2857 "http://whereshouldiski.com/" "Mozilla/5.0 (iPad; CPU OS 8_1_3 like Mac OS X) AppleWebKit/600.1.4 (KHTML, like Gecko) Version/8.0 Mobile/12B466 Safari/600.1.4"
206.29.176.51 - - [21/Apr/2015:16:40:57 -0700] "GET /images/star5.png HTTP/1.1" 200 1783 "http://whereshouldiski.com/" "Mozilla/5.0 (iPad; CPU OS 8_1_3 like Mac OS X) AppleWebKit/600.1.4 (KHTML, like Gecko) Version/8.0 Mobile/12B466 Safari/600.1.4"
206.29.176.51 - - [21/Apr/2015:16:40:57 -0700] "GET /images/bluebird5.png HTTP/1.1" 200 2177 "http://whereshouldiski.com/" "Mozilla/5.0 (iPad; CPU OS 8_1_3 like Mac OS X) AppleWebKit/600.1.4 (KHTML, like Gecko) Version/8.0 Mobile/12B466 Safari/600.1.4"
206.29.176.51 - - [21/Apr/2015:16:40:57 -0700] "GET /images/mtns-icon.png HTTP/1.1" 200 1096 "http://whereshouldiski.com/" "Mozilla/5.0 (iPad; CPU OS 8_1_3 like Mac OS X) AppleWebKit/600.1.4 (KHTML, like Gecko) Version/8.0 Mobile/12B466 Safari/600.1.4"
206.29.176.51 - - [21/Apr/2015:16:40:57 -0700] "GET /images/shading-icon.png HTTP/1.1" 200 536 "http://whereshouldiski.com/" "Mozilla/5.0 (iPad; CPU OS 8_1_3 like Mac OS X) AppleWebKit/600.1.4 (KHTML, like Gecko) Version/8.0 Mobile/12B466 Safari/600.1.4"
206.29.176.51 - - [21/Apr/2015:16:40:58 -0700] "GET /lib/reccapi.php?fields=t&coords=47.57571497982966,-122.17030161501636 HTTP/1.1" 200 2053 "http://whereshouldiski.com/" "Mozilla/5.0 (iPad; CPU OS 8_1_3 like Mac OS X) AppleWebKit/600.1.4 (KHTML, like Gecko) Version/8.0 Mobile/12B466 Safari/600.1.4"
206.29.176.51 - - [21/Apr/2015:16:41:03 -0700] "GET /images/logo-sm.png HTTP/1.1" 200 16738 "http://whereshouldiski.com/" "Mozilla/5.0 (Macintosh; Intel Mac OS X 10_10_3) AppleWebKit/537.36 (KHTML, like Gecko) Chrome/42.0.2311.90 Safari/537.36"
206.29.176.51 - - [21/Apr/2015:16:41:03 -0700] "GET /styles/0fffd548.main.css HTTP/1.1" 200 19317 "http://whereshouldiski.com/" "Mozilla/5.0 (Macintosh; Intel Mac OS X 10_10_3) AppleWebKit/537.36 (KHTML, like Gecko) Chrome/42.0.2311.90 Safari/537.36"
206.29.176.51 - - [21/Apr/2015:16:41:04 -0700] "GET /scripts/fa48e319.main.js HTTP/1.1" 200 123455 "http://whereshouldiski.com/" "Mozilla/5.0 (Macintosh; Intel Mac OS X 10_10_3) AppleWebKit/537.36 (KHTML, like Gecko) Chrome/42.0.2311.90 Safari/537.36"
206.29.176.51 - - [21/Apr/2015:16:41:04 -0700] "GET /lib/reccapi.php?fields=t&coords=47.5784495,-122.16549160000001 HTTP/1.1" 200 2046 "http://whereshouldiski.com/" "Mozilla/5.0 (Macintosh; Intel Mac OS X 10_10_3) AppleWebKit/537.36 (KHTML, like Gecko) Chrome/42.0.2311.90 Safari/537.36"
127.0.0.1 - - [21/Apr/2015:16:41:24 -0700] "OPTIONS * HTTP/1.0" 200 126 "-" "Apache/2.2.22 (Ubuntu) (internal dummy connection)"
206.29.176.51 - - [21/Apr/2015:16:41:55 -0700] "GET / HTTP/1.1" 304 210 "-" "Mozilla/5.0 (iPad; CPU OS 4_3_5 like Mac OS X; en-us) AppleWebKit/533.17.9 (KHTML, like Gecko) Version/5.0.2 Mobile/8L1 Safari/6533.18.5"
206.29.176.51 - - [21/Apr/2015:16:41:55 -0700] "GET /styles/0fffd548.main.css HTTP/1.1" 304 210 "http://whereshouldiski.com/" "Mozilla/5.0 (iPad; CPU OS 4_3_5 like Mac OS X; en-us) AppleWebKit/533.17.9 (KHTML, like Gecko) Version/5.0.2 Mobile/8L1 Safari/6533.18.5"
206.29.176.51 - - [21/Apr/2015:16:41:55 -0700] "GET /scripts/scripts/vendor/modernizr.js HTTP/1.1" 304 209 "http://whereshouldiski.com/" "Mozilla/5.0 (iPad; CPU OS 4_3_5 like Mac OS X; en-us) AppleWebKit/533.17.9 (KHTML, like Gecko) Version/5.0.2 Mobile/8L1 Safari/6533.18.5"
206.29.176.51 - - [21/Apr/2015:16:41:55 -0700] "GET /bower_components/requirejs/require.js HTTP/1.1" 304 210 "http://whereshouldiski.com/" "Mozilla/5.0 (iPad; CPU OS 4_3_5 like Mac OS X; en-us) AppleWebKit/533.17.9 (KHTML, like Gecko) Version/5.0.2 Mobile/8L1 Safari/6533.18.5"
206.29.176.51 - - [21/Apr/2015:16:41:55 -0700] "GET /images/logo-sm.png HTTP/1.1" 304 187 "http://whereshouldiski.com/" "Mozilla/5.0 (iPad; CPU OS 4_3_5 like Mac OS X; en-us) AppleWebKit/533.17.9 (KHTML, like Gecko) Version/5.0.2 Mobile/8L1 Safari/6533.18.5"
206.29.176.51 - - [21/Apr/2015:16:41:56 -0700] "GET /images/loading.gif HTTP/1.1" 304 186 "http://whereshouldiski.com/" "Mozilla/5.0 (iPad; CPU OS 4_3_5 like Mac OS X; en-us) AppleWebKit/533.17.9 (KHTML, like Gecko) Version/5.0.2 Mobile/8L1 Safari/6533.18.5"
206.29.176.51 - - [21/Apr/2015:16:41:56 -0700] "GET /scripts/fa48e319.main.js HTTP/1.1" 304 210 "http://whereshouldiski.com/" "Mozilla/5.0 (iPad; CPU OS 4_3_5 like Mac OS X; en-us) AppleWebKit/533.17.9 (KHTML, like Gecko) Version/5.0.2 Mobile/8L1 Safari/6533.18.5"
206.29.176.51 - - [21/Apr/2015:16:41:56 -0700] "GET /images/greyHeader.png HTTP/1.1" 304 184 "http://whereshouldiski.com/" "Mozilla/5.0 (iPad; CPU OS 4_3_5 like Mac OS X; en-us) AppleWebKit/533.17.9 (KHTML, like Gecko) Version/5.0.2 Mobile/8L1 Safari/6533.18.5"
206.29.176.51 - - [21/Apr/2015:16:41:56 -0700] "GET /images/button.png HTTP/1.1" 304 185 "http://whereshouldiski.com/" "Mozilla/5.0 (iPad; CPU OS 4_3_5 like Mac OS X; en-us) AppleWebKit/533.17.9 (KHTML, like Gecko) Version/5.0.2 Mobile/8L1 Safari/6533.18.5"
206.29.176.51 - - [21/Apr/2015:16:41:56 -0700] "GET /lib/reccapi.php?fields=t&coords=47.5784495,-122.16549160000001 HTTP/1.1" 200 2046 "http://whereshouldiski.com/" "Mozilla/5.0 (iPad; CPU OS 4_3_5 like Mac OS X; en-us) AppleWebKit/533.17.9 (KHTML, like Gecko) Version/5.0.2 Mobile/8L1 Safari/6533.18.5"
206.29.176.51 - - [21/Apr/2015:16:41:56 -0700] "GET /images/snowflake5.png HTTP/1.1" 304 185 "http://whereshouldiski.com/" "Mozilla/5.0 (iPad; CPU OS 4_3_5 like Mac OS X; en-us) AppleWebKit/533.17.9 (KHTML, like Gecko) Version/5.0.2 Mobile/8L1 Safari/6533.18.5"
206.29.176.51 - - [21/Apr/2015:16:41:56 -0700] "GET /images/star5.png HTTP/1.1" 304 185 "http://whereshouldiski.com/" "Mozilla/5.0 (iPad; CPU OS 4_3_5 like Mac OS X; en-us) AppleWebKit/533.17.9 (KHTML, like Gecko) Version/5.0.2 Mobile/8L1 Safari/6533.18.5"
206.29.176.51 - - [21/Apr/2015:16:41:56 -0700] "GET /images/bluebird5.png HTTP/1.1" 304 185 "http://whereshouldiski.com/" "Mozilla/5.0 (iPad; CPU OS 4_3_5 like Mac OS X; en-us) AppleWebKit/533.17.9 (KHTML, like Gecko) Version/5.0.2 Mobile/8L1 Safari/6533.18.5"
206.29.176.51 - - [21/Apr/2015:16:41:56 -0700] "GET /images/mtns-icon.png HTTP/1.1" 304 186 "http://whereshouldiski.com/" "Mozilla/5.0 (iPad; CPU OS 4_3_5 like Mac OS X; en-us) AppleWebKit/533.17.9 (KHTML, like Gecko) Version/5.0.2 Mobile/8L1 Safari/6533.18.5"
206.29.176.51 - - [21/Apr/2015:16:41:56 -0700] "GET /images/shading-icon.png HTTP/1.1" 304 184 "http://whereshouldiski.com/" "Mozilla/5.0 (iPad; CPU OS 4_3_5 like Mac OS X; en-us) AppleWebKit/533.17.9 (KHTML, like Gecko) Version/5.0.2 Mobile/8L1 Safari/6533.18.5"
24.114.29.162 - - [21/Apr/2015:16:50:35 -0700] "GET /administrator/index.php HTTP/1.1" 404 532 "-" "Mozilla/5.0 (Windows NT 5.1; rv:29.0) Gecko/20100101 Firefox/29.0"
123.125.71.107 - - [21/Apr/2015:16:52:16 -0700] "GET / HTTP/1.1" 200 2339 "-" "Mozilla/5.0 (Windows NT 5.1; rv:6.0.2) Gecko/20100101 Firefox/6.0.2"
170.75.162.130 - - [21/Apr/2015:16:52:33 -0700] "GET /lib/reccapi.php?resort=mountainhigh HTTP/1.1" 200 1021 "-" "node-superagent/0.18.2"
123.125.71.116 - - [21/Apr/2015:16:53:07 -0700] "GET / HTTP/1.1" 200 6114 "-" "Mozilla/5.0 (Windows NT 5.1; rv:6.0.2) Gecko/20100101 Firefox/6.0.2"
220.181.108.184 - - [21/Apr/2015:16:56:48 -0700] "-" 408 0 "-" "-"
24.205.204.59 - - [21/Apr/2015:17:04:28 -0700] "GET /images/wsis-logo-sm.png HTTP/1.1" 200 6108 "http://www.thebackcountry.net/" "Mozilla/5.0 (Windows NT 6.2; WOW64) AppleWebKit/537.36 (KHTML, like Gecko) Chrome/42.0.2311.90 Safari/537.36"
186.11.32.1 - - [21/Apr/2015:17:08:44 -0700] "GET /images/wsis-logo-sm.png HTTP/1.1" 200 6108 "http://www.thebackcountry.net/" "Mozilla/5.0 (iPad; CPU OS 8_3 like Mac OS X) AppleWebKit/600.1.4 (KHTML, like Gecko) CriOS/42.0.2311.47 Mobile/12F69 Safari/600.1.4"
66.249.79.47 - - [21/Apr/2015:17:11:03 -0700] "GET / HTTP/1.1" 200 2376 "-" "Mozilla/5.0 (iPhone; CPU iPhone OS 6_0 like Mac OS X) AppleWebKit/536.26 (KHTML, like Gecko) Version/6.0 Mobile/10A5376e Safari/8536.25 (compatible; Googlebot/2.1; +http://www.google.com/bot.html)"
170.75.162.130 - - [21/Apr/2015:17:14:45 -0700] "GET /lib/reccapi.php?resort=heavenly HTTP/1.1" 200 992 "-" "node-superagent/0.18.2"
170.75.162.130 - - [21/Apr/2015:17:15:15 -0700] "GET /lib/reccapi.php?resort=bigsky HTTP/1.1" 200 1007 "-" "node-superagent/0.18.2"
170.75.162.130 - - [21/Apr/2015:17:15:15 -0700] "GET /lib/reccapi.php?resort=kirkwood HTTP/1.1" 200 1102 "-" "node-superagent/0.18.2"
170.75.162.130 - - [21/Apr/2015:17:15:15 -0700] "GET /lib/reccapi.php?resort=redlodge HTTP/1.1" 200 1059 "-" "node-superagent/0.18.2"
170.75.162.130 - - [21/Apr/2015:17:18:36 -0700] "GET /lib/reccapi.php?resort=bigwhite HTTP/1.1" 200 911 "-" "node-superagent/0.18.2"
72.93.213.13 - - [21/Apr/2015:17:26:10 -0700] "GET /images/wsis-logo-sm.png HTTP/1.1" 200 6108 "http://www.thebackcountry.net/" "Mozilla/5.0 (Windows NT 5.1; rv:37.0) Gecko/20100101 Firefox/37.0"
66.249.79.16 - - [21/Apr/2015:17:39:41 -0700] "GET /resorts?resort=mtrose&date=2014-02-03 HTTP/1.1" 404 506 "-" "Mozilla/5.0 (iPhone; CPU iPhone OS 6_0 like Mac OS X) AppleWebKit/536.26 (KHTML, like Gecko) Version/6.0 Mobile/10A5376e Safari/8536.25 (compatible; Googlebot/2.1; +http://www.google.com/bot.html)"
71.38.140.165 - - [21/Apr/2015:17:39:43 -0700] "GET /images/wsis-logo-sm.png HTTP/1.1" 200 6108 "http://www.thebackcountry.net/" "Mozilla/5.0 (Windows NT 6.1; WOW64) AppleWebKit/537.36 (KHTML, like Gecko) Chrome/42.0.2311.90 Safari/537.36"
166.216.157.45 - - [21/Apr/2015:17:46:22 -0700] "GET /images/wsis-logo-sm.png HTTP/1.1" 200 6108 "http://www.thebackcountry.net/" "Mozilla/5.0 (iPhone; CPU iPhone OS 8_1 like Mac OS X) AppleWebKit/600.1.4 (KHTML, like Gecko) Version/8.0 Mobile/12B411 Safari/600.1.4"
197.221.234.19 - - [21/Apr/2015:17:46:42 -0700] "GET /muieblackcat HTTP/1.1" 404 466 "-" "-"
197.221.234.19 - - [21/Apr/2015:17:46:43 -0700] "GET //phpMyAdmin/scripts/setup.php HTTP/1.1" 404 466 "-" "-"
197.221.234.19 - - [21/Apr/2015:17:46:44 -0700] "GET //phpmyadmin/scripts/setup.php HTTP/1.1" 404 466 "-" "-"
197.221.234.19 - - [21/Apr/2015:17:46:45 -0700] "GET //myadmin/scripts/setup.php HTTP/1.1" 404 466 "-" "-"
197.221.234.19 - - [21/Apr/2015:17:46:45 -0700] "GET //mysqladmin/scripts/setup.php HTTP/1.1" 404 466 "-" "-"
197.221.234.19 - - [21/Apr/2015:17:46:46 -0700] "GET //pma/scripts/setup.php HTTP/1.1" 404 466 "-" "-"
197.221.234.19 - - [21/Apr/2015:17:46:47 -0700] "GET //mysql/scripts/setup.php HTTP/1.1" 404 466 "-" "-"
197.221.234.19 - - [21/Apr/2015:17:46:48 -0700] "GET //web/scripts/setup.php HTTP/1.1" 404 466 "-" "-"
197.221.234.19 - - [21/Apr/2015:17:46:48 -0700] "GET //websql/scripts/setup.php HTTP/1.1" 404 466 "-" "-"
197.221.234.19 - - [21/Apr/2015:17:46:49 -0700] "GET //phpadmin/scripts/setup.php HTTP/1.1" 404 466 "-" "-"
197.221.234.19 - - [21/Apr/2015:17:46:50 -0700] "GET //websql/scripts/setup.php HTTP/1.1" 404 466 "-" "-"
197.221.234.19 - - [21/Apr/2015:17:46:51 -0700] "GET //web/scripts/setup.php HTTP/1.1" 404 466 "-" "-"
197.221.234.19 - - [21/Apr/2015:17:46:52 -0700] "GET //MyAdmin/scripts/setup.php HTTP/1.1" 404 466 "-" "-"
197.221.234.19 - - [21/Apr/2015:17:46:52 -0700] "GET //phpAdmin/scripts/setup.php HTTP/1.1" 404 466 "-" "-"
197.221.234.19 - - [21/Apr/2015:17:46:53 -0700] "GET //PHPMYADMIN/scripts/setup.php HTTP/1.1" 404 466 "-" "-"
197.221.234.19 - - [21/Apr/2015:17:46:54 -0700] "GET //pMA/scripts/setup.php HTTP/1.1" 404 466 "-" "-"
197.221.234.19 - - [21/Apr/2015:17:46:55 -0700] "GET //PMA/scripts/setup.php HTTP/1.1" 404 466 "-" "-"
197.221.234.19 - - [21/Apr/2015:17:46:55 -0700] "GET //SQL/scripts/setup.php HTTP/1.1" 404 466 "-" "-"
197.221.234.19 - - [21/Apr/2015:17:46:56 -0700] "GET //db/scripts/setup.php HTTP/1.1" 404 466 "-" "-"
197.221.234.19 - - [21/Apr/2015:17:46:57 -0700] "GET //dbadmin/scripts/setup.php HTTP/1.1" 404 466 "-" "-"
197.221.234.19 - - [21/Apr/2015:17:46:58 -0700] "GET //pHpMyAdMiN/scripts/setup.php HTTP/1.1" 404 466 "-" "-"
197.221.234.19 - - [21/Apr/2015:17:46:58 -0700] "GET //sql/scripts/setup.php HTTP/1.1" 404 466 "-" "-"
50.197.131.113 - - [21/Apr/2015:17:47:30 -0700] "GET /images/wsis-logo-sm.png HTTP/1.1" 200 6108 "http://thebackcountry.net/" "Mozilla/5.0 (Macintosh; Intel Mac OS X 10_9_5) AppleWebKit/537.36 (KHTML, like Gecko) Chrome/41.0.2272.76 Safari/537.36"
66.249.79.160 - - [21/Apr/2015:17:49:39 -0700] "GET /resorts?resort=redmountain&date=2014-02-03 HTTP/1.1" 404 506 "-" "Mozilla/5.0 (iPhone; CPU iPhone OS 6_0 like Mac OS X) AppleWebKit/536.26 (KHTML, like Gecko) Version/6.0 Mobile/10A5376e Safari/8536.25 (compatible; Googlebot/2.1; +http://www.google.com/bot.html)"
123.125.71.112 - - [21/Apr/2015:17:50:09 -0700] "-" 408 0 "-" "-"
170.75.162.130 - - [21/Apr/2015:17:52:59 -0700] "GET /lib/reccapi.php?resort=sunvalley HTTP/1.1" 200 1042 "-" "node-superagent/0.18.2"
220.181.108.80 - - [21/Apr/2015:17:55:24 -0700] "-" 408 0 "-" "-"
170.75.162.130 - - [21/Apr/2015:17:59:59 -0700] "GET /lib/reccapi.php?resort=monarch HTTP/1.1" 200 1026 "-" "node-superagent/0.18.2"
66.249.79.8 - - [21/Apr/2015:18:04:17 -0700] "GET /resorts?resort=bridgerbowl&date=2014-02-01 HTTP/1.1" 404 506 "-" "Mozilla/5.0 (iPhone; CPU iPhone OS 6_0 like Mac OS X) AppleWebKit/536.26 (KHTML, like Gecko) Version/6.0 Mobile/10A5376e Safari/8536.25 (compatible; Googlebot/2.1; +http://www.google.com/bot.html)"
208.115.113.83 - - [21/Apr/2015:18:06:46 -0700] "GET /robots.txt HTTP/1.1" 200 319 "-" "Mozilla/5.0 (compatible; DotBot/1.1; http://www.opensiteexplorer.org/dotbot, help@moz.com)"
180.76.4.9 - - [21/Apr/2015:18:08:13 -0700] "GET / HTTP/1.1" 200 6114 "-" "Mozilla/4.0 (compatible; MSIE 7.0; Windows NT 6.0)"
174.51.31.50 - - [21/Apr/2015:18:13:08 -0700] "GET /images/wsis-logo-sm.png HTTP/1.1" 200 6108 "http://www.thebackcountry.net/" "Mozilla/5.0 (Macintosh; Intel Mac OS X 10_10_2) AppleWebKit/600.4.10 (KHTML, like Gecko) Version/8.0.4 Safari/600.4.10"
66.249.79.160 - - [21/Apr/2015:18:14:55 -0700] "GET /resorts?resort=schweitzer&date=2014-01-03 HTTP/1.1" 404 506 "-" "Mozilla/5.0 (iPhone; CPU iPhone OS 6_0 like Mac OS X) AppleWebKit/536.26 (KHTML, like Gecko) Version/6.0 Mobile/10A5376e Safari/8536.25 (compatible; Googlebot/2.1; +http://www.google.com/bot.html)"
170.75.162.130 - - [21/Apr/2015:18:23:01 -0700] "GET /lib/reccapi.php?resort=redmountain HTTP/1.1" 200 900 "-" "node-superagent/0.18.2"
54.159.92.113 - - [21/Apr/2015:18:27:20 -0700] "HEAD / HTTP/1.1" 200 291 "-" "Cloud mapping experiment. Contact research@pdrlabs.net"
66.249.79.16 - - [21/Apr/2015:18:35:12 -0700] "GET /resorts?resort=hyland&date=2014-02-17 HTTP/1.1" 404 506 "-" "Mozilla/5.0 (iPhone; CPU iPhone OS 6_0 like Mac OS X) AppleWebKit/536.26 (KHTML, like Gecko) Version/6.0 Mobile/10A5376e Safari/8536.25 (compatible; Googlebot/2.1; +http://www.google.com/bot.html)"
99.65.37.78 - - [21/Apr/2015:18:44:10 -0700] "GET /images/wsis-logo-sm.png HTTP/1.1" 200 6108 "http://www.thebackcountry.net/" "Mozilla/5.0 (iPad; CPU OS 8_3 like Mac OS X) AppleWebKit/600.1.4 (KHTML, like Gecko) GSA/5.2.43972 Mobile/12F69 Safari/600.1.4"
99.123.192.166 - - [21/Apr/2015:18:46:52 -0700] "GET /images/wsis-logo-sm.png HTTP/1.1" 200 6108 "http://www.thebackcountry.net/" "Mozilla/5.0 (Macintosh; Intel Mac OS X 10_10_2) AppleWebKit/600.3.18 (KHTML, like Gecko) Version/8.0.3 Safari/600.3.18"
24.143.77.191 - - [21/Apr/2015:18:47:43 -0700] "GET /im/api.php?bib=443&r=0.7172739130910486&raceId=2278373444&raceName=taiwan HTTP/1.1" 200 1109 "http://localhost:9000/" "Mozilla/5.0 (Macintosh; Intel Mac OS X 10_10_3) AppleWebKit/537.36 (KHTML, like Gecko) Chrome/42.0.2311.90 Safari/537.36"
24.143.77.191 - - [21/Apr/2015:18:48:40 -0700] "GET /im/api.php?bib=443&r=0.965848243329674&raceId=2278373444&raceName=taiwan HTTP/1.1" 200 1109 "http://localhost:9000/" "Mozilla/5.0 (Macintosh; Intel Mac OS X 10_10_3) AppleWebKit/537.36 (KHTML, like Gecko) Chrome/42.0.2311.90 Safari/537.36"
24.143.77.191 - - [21/Apr/2015:18:48:44 -0700] "GET /im/api.php?bib=443&r=0.15319613786414266&raceId=2278373444&raceName=taiwan HTTP/1.1" 200 1108 "http://localhost:9000/" "Mozilla/5.0 (Macintosh; Intel Mac OS X 10_10_3) AppleWebKit/537.36 (KHTML, like Gecko) Chrome/42.0.2311.90 Safari/537.36"
24.143.77.191 - - [21/Apr/2015:18:49:43 -0700] "GET /im/api.php?bib=443&r=0.8640947062522173&raceId=2278373444&raceName=taiwan HTTP/1.1" 200 1109 "http://localhost:9000/" "Mozilla/5.0 (Macintosh; Intel Mac OS X 10_10_3) AppleWebKit/537.36 (KHTML, like Gecko) Chrome/42.0.2311.90 Safari/537.36"
24.143.77.191 - - [21/Apr/2015:18:51:57 -0700] "GET /im/api.php?bib=443&r=0.0809680363163352&raceId=2278373444&raceName=taiwan HTTP/1.1" 200 1109 "http://localhost:9000/" "Mozilla/5.0 (Macintosh; Intel Mac OS X 10_10_3) AppleWebKit/537.36 (KHTML, like Gecko) Chrome/42.0.2311.90 Safari/537.36"
24.143.77.191 - - [21/Apr/2015:18:52:31 -0700] "GET /im/api.php?bib=443&r=0.662232163362205&raceId=2278373444&raceName=taiwan HTTP/1.1" 200 1109 "http://localhost:9000/" "Mozilla/5.0 (Macintosh; Intel Mac OS X 10_10_3) AppleWebKit/537.36 (KHTML, like Gecko) Chrome/42.0.2311.90 Safari/537.36"
24.143.77.191 - - [21/Apr/2015:18:52:43 -0700] "GET /im/api.php?bib=443&r=0.8055206832941622&raceId=2278373444&raceName=taiwan HTTP/1.1" 200 1109 "http://localhost:9000/" "Mozilla/5.0 (Macintosh; Intel Mac OS X 10_10_3) AppleWebKit/537.36 (KHTML, like Gecko) Chrome/42.0.2311.90 Safari/537.36"
166.216.157.121 - - [21/Apr/2015:18:55:01 -0700] "GET /images/wsis-logo-sm.png HTTP/1.1" 200 6108 "http://www.thebackcountry.net/" "Mozilla/5.0 (Macintosh; Intel Mac OS X 10_10_2) AppleWebKit/600.3.18 (KHTML, like Gecko) Version/8.0.3 Safari/600.3.18"
66.249.79.160 - - [21/Apr/2015:18:55:29 -0700] "GET /resorts?resort=mtrose&date=2014-02-14 HTTP/1.1" 404 506 "-" "Mozilla/5.0 (iPhone; CPU iPhone OS 6_0 like Mac OS X) AppleWebKit/536.26 (KHTML, like Gecko) Version/6.0 Mobile/10A5376e Safari/8536.25 (compatible; Googlebot/2.1; +http://www.google.com/bot.html)"
194.247.58.209 - - [21/Apr/2015:18:55:43 -0700] "GET /export_yml.php HTTP/1.0" 404 495 "-" "-"
24.143.77.191 - - [21/Apr/2015:18:56:47 -0700] "GET /im/api.php?bib=443&r=0.8647419332992285&raceId=2278373444&raceName=taiwan HTTP/1.1" 200 1109 "http://localhost:9000/" "Mozilla/5.0 (Macintosh; Intel Mac OS X 10_10_3) AppleWebKit/537.36 (KHTML, like Gecko) Chrome/42.0.2311.90 Safari/537.36"
123.125.71.100 - - [21/Apr/2015:18:56:48 -0700] "-" 408 0 "-" "-"
24.143.77.191 - - [21/Apr/2015:18:56:54 -0700] "GET /im/api.php?bib=443&r=0.5142815669532865&raceId=2278373444&raceName=taiwan HTTP/1.1" 200 1109 "http://localhost:9000/" "Mozilla/5.0 (Macintosh; Intel Mac OS X 10_10_3) AppleWebKit/537.36 (KHTML, like Gecko) Chrome/42.0.2311.90 Safari/537.36"
24.143.77.191 - - [21/Apr/2015:18:57:26 -0700] "GET /im/api.php?bib=443&r=0.6536920624785125&raceId=2278373444&raceName=taiwan HTTP/1.1" 200 1109 "http://localhost:9000/" "Mozilla/5.0 (Macintosh; Intel Mac OS X 10_10_3) AppleWebKit/537.36 (KHTML, like Gecko) Chrome/42.0.2311.90 Safari/537.36"
24.143.77.191 - - [21/Apr/2015:18:58:31 -0700] "GET /im/api.php?bib=443&r=0.5609960914589465&raceId=2278373444&raceName=taiwan HTTP/1.1" 200 1109 "http://localhost:9000/" "Mozilla/5.0 (Macintosh; Intel Mac OS X 10_10_3) AppleWebKit/537.36 (KHTML, like Gecko) Chrome/42.0.2311.90 Safari/537.36"
24.143.77.191 - - [21/Apr/2015:18:58:57 -0700] "GET /im/api.php?bib=443&r=0.98026217892766&raceId=2278373444&raceName=taiwan HTTP/1.1" 200 1109 "http://localhost:9000/" "Mozilla/5.0 (Macintosh; Intel Mac OS X 10_10_3) AppleWebKit/537.36 (KHTML, like Gecko) Chrome/42.0.2311.90 Safari/537.36"
24.143.77.191 - - [21/Apr/2015:19:00:29 -0700] "GET /im/api.php?bib=443&r=0.08370667416602373&raceId=2278373444&raceName=taiwan HTTP/1.1" 200 1109 "http://localhost:9000/" "Mozilla/5.0 (Macintosh; Intel Mac OS X 10_10_3) AppleWebKit/537.36 (KHTML, like Gecko) Chrome/42.0.2311.90 Safari/537.36"
24.143.77.191 - - [21/Apr/2015:19:00:43 -0700] "GET /im/api.php?bib=443&r=0.6064737420529127&raceId=2278373444&raceName=taiwan HTTP/1.1" 200 1109 "http://localhost:9000/" "Mozilla/5.0 (Macintosh; Intel Mac OS X 10_10_3) AppleWebKit/537.36 (KHTML, like Gecko) Chrome/42.0.2311.90 Safari/537.36"
220.181.108.172 - - [21/Apr/2015:19:01:05 -0700] "-" 408 0 "-" "-"
24.143.77.191 - - [21/Apr/2015:19:01:26 -0700] "GET /im/api.php?bib=443&r=0.5606272893492132&raceId=2278373444&raceName=taiwan HTTP/1.1" 200 1109 "http://localhost:9000/" "Mozilla/5.0 (Macintosh; Intel Mac OS X 10_10_3) AppleWebKit/537.36 (KHTML, like Gecko) Chrome/42.0.2311.90 Safari/537.36"
24.143.77.191 - - [21/Apr/2015:19:02:06 -0700] "GET /im/api.php?bib=443&r=0.1321709267795086&raceId=2278373444&raceName=taiwan HTTP/1.1" 200 1109 "http://localhost:9000/" "Mozilla/5.0 (Macintosh; Intel Mac OS X 10_10_3) AppleWebKit/537.36 (KHTML, like Gecko) Chrome/42.0.2311.90 Safari/537.36"
24.143.77.191 - - [21/Apr/2015:19:02:48 -0700] "GET /im/api.php?bib=443&r=0.8418869420420378&raceId=2278373444&raceName=taiwan HTTP/1.1" 200 1109 "http://localhost:9000/" "Mozilla/5.0 (Macintosh; Intel Mac OS X 10_10_3) AppleWebKit/537.36 (KHTML, like Gecko) Chrome/42.0.2311.90 Safari/537.36"
24.143.77.191 - - [21/Apr/2015:19:03:03 -0700] "GET /im/api.php?bib=443&r=0.6464592402335256&raceId=2278373444&raceName=taiwan HTTP/1.1" 200 1109 "http://localhost:9000/" "Mozilla/5.0 (Macintosh; Intel Mac OS X 10_10_3) AppleWebKit/537.36 (KHTML, like Gecko) Chrome/42.0.2311.90 Safari/537.36"
24.143.77.191 - - [21/Apr/2015:19:03:27 -0700] "GET /im/api.php?bib=443&r=0.4435940661933273&raceId=2278373444&raceName=taiwan HTTP/1.1" 200 1109 "http://localhost:9000/" "Mozilla/5.0 (Macintosh; Intel Mac OS X 10_10_3) AppleWebKit/537.36 (KHTML, like Gecko) Chrome/42.0.2311.90 Safari/537.36"
24.143.77.191 - - [21/Apr/2015:19:03:44 -0700] "GET /im/api.php?bib=443&r=0.8223285984713584&raceId=2278373444&raceName=taiwan HTTP/1.1" 200 1109 "http://localhost:9000/" "Mozilla/5.0 (Macintosh; Intel Mac OS X 10_10_3) AppleWebKit/537.36 (KHTML, like Gecko) Chrome/42.0.2311.90 Safari/537.36"
24.143.77.191 - - [21/Apr/2015:19:04:07 -0700] "GET /im/api.php?bib=443&r=0.611979266628623&raceId=2278373444&raceName=taiwan HTTP/1.1" 200 1109 "http://localhost:9000/" "Mozilla/5.0 (Macintosh; Intel Mac OS X 10_10_3) AppleWebKit/537.36 (KHTML, like Gecko) Chrome/42.0.2311.90 Safari/537.36"
66.249.79.16 - - [21/Apr/2015:19:15:47 -0700] "GET /robots.txt HTTP/1.1" 200 419 "-" "Mozilla/5.0 (compatible; Googlebot/2.1; +http://www.google.com/bot.html)"
66.249.79.16 - - [21/Apr/2015:19:15:47 -0700] "GET /resorts?resort=aspenmountain&date=2014-01-29 HTTP/1.1" 404 505 "-" "Mozilla/5.0 (iPhone; CPU iPhone OS 6_0 like Mac OS X) AppleWebKit/536.26 (KHTML, like Gecko) Version/6.0 Mobile/10A5376e Safari/8536.25 (compatible; Googlebot/2.1; +http://www.google.com/bot.html)"
208.115.113.83 - - [21/Apr/2015:19:22:44 -0700] "GET /resorts?resort=stowe HTTP/1.1" 404 476 "-" "Mozilla/5.0 (compatible; DotBot/1.1; http://www.opensiteexplorer.org/dotbot, help@moz.com)"
206.15.84.247 - - [21/Apr/2015:19:24:13 -0700] "GET /images/wsis-logo-sm.png HTTP/1.1" 200 6108 "http://thebackcountry.net/" "Mozilla/5.0 (iPad; CPU OS 8_3 like Mac OS X) AppleWebKit/600.1.4 (KHTML, like Gecko) Version/8.0 Mobile/12F69 Safari/600.1.4"
207.46.13.131 - - [21/Apr/2015:19:26:20 -0700] "GET / HTTP/1.1" 200 2376 "-" "Mozilla/5.0 (compatible; bingbot/2.0; +http://www.bing.com/bingbot.htm)"
66.249.79.16 - - [21/Apr/2015:19:36:04 -0700] "GET /resorts?resort=silvermountain&date=2014-01-02 HTTP/1.1" 404 506 "-" "Mozilla/5.0 (iPhone; CPU iPhone OS 6_0 like Mac OS X) AppleWebKit/536.26 (KHTML, like Gecko) Version/6.0 Mobile/10A5376e Safari/8536.25 (compatible; Googlebot/2.1; +http://www.google.com/bot.html)"
24.32.27.203 - - [21/Apr/2015:19:47:06 -0700] "GET /images/wsis-logo-sm.png HTTP/1.1" 200 6108 "http://www.thebackcountry.net/" "Mozilla/5.0 (Macintosh; Intel Mac OS X 10_10_1) AppleWebKit/600.2.5 (KHTML, like Gecko) Version/8.0.2 Safari/600.2.5"
66.249.79.160 - - [21/Apr/2015:19:56:22 -0700] "GET /resorts?resort=bigsky&date=2013-12-31 HTTP/1.1" 404 506 "-" "Mozilla/5.0 (iPhone; CPU iPhone OS 6_0 like Mac OS X) AppleWebKit/536.26 (KHTML, like Gecko) Version/6.0 Mobile/10A5376e Safari/8536.25 (compatible; Googlebot/2.1; +http://www.google.com/bot.html)"
134.197.0.18 - - [21/Apr/2015:20:01:12 -0700] "GET /images/wsis-logo-sm.png HTTP/1.1" 200 6108 "http://thebackcountry.net/" "Mozilla/5.0 (iPhone; CPU iPhone OS 7_1_2 like Mac OS X) AppleWebKit/537.51.2 (KHTML, like Gecko) Version/7.0 Mobile/11D257 Safari/9537.53"
123.125.71.38 - - [21/Apr/2015:20:01:29 -0700] "-" 408 0 "-" "-"
74.100.44.51 - - [21/Apr/2015:20:03:58 -0700] "GET /images/wsis-logo-sm.png HTTP/1.1" 200 6108 "http://www.thebackcountry.net/" "Mozilla/5.0 (Windows NT 6.3; WOW64) AppleWebKit/537.36 (KHTML, like Gecko) Chrome/42.0.2311.90 Safari/537.36"
170.75.162.130 - - [21/Apr/2015:20:04:10 -0700] "GET /lib/reccapi.php?resort=madriverglen HTTP/1.1" 200 1029 "-" "node-superagent/0.18.2"
170.75.162.130 - - [21/Apr/2015:20:04:10 -0700] "GET /lib/reccapi.php?resort=sugarbush HTTP/1.1" 200 1037 "-" "node-superagent/0.18.2"
170.75.162.130 - - [21/Apr/2015:20:04:10 -0700] "GET /lib/reccapi.php?resort=smugglersnotch HTTP/1.1" 200 1025 "-" "node-superagent/0.18.2"
220.181.108.118 - - [21/Apr/2015:20:05:00 -0700] "-" 408 0 "-" "-"
208.115.111.66 - - [21/Apr/2015:20:05:32 -0700] "GET /robots.txt HTTP/1.1" 200 319 "-" "Mozilla/5.0 (compatible; DotBot/1.1; http://www.opensiteexplorer.org/dotbot, help@moz.com)"
180.76.4.123 - - [21/Apr/2015:20:06:13 -0700] "GET / HTTP/1.1" 200 6114 "-" "Mozilla/4.0 (compatible; MSIE 7.0; Windows NT 6.0)"
24.180.42.102 - - [21/Apr/2015:20:09:22 -0700] "GET /images/wsis-logo-sm.png HTTP/1.1" 200 6108 "http://www.thebackcountry.net/" "Mozilla/5.0 (Macintosh; Intel Mac OS X 10_10_3) AppleWebKit/600.5.17 (KHTML, like Gecko) Version/8.0.5 Safari/600.5.17"
66.249.79.160 - - [21/Apr/2015:20:16:39 -0700] "GET /resorts?resort=arapahoebasin&date=2014-02-03 HTTP/1.1" 404 506 "-" "Mozilla/5.0 (iPhone; CPU iPhone OS 6_0 like Mac OS X) AppleWebKit/536.26 (KHTML, like Gecko) Version/6.0 Mobile/10A5376e Safari/8536.25 (compatible; Googlebot/2.1; +http://www.google.com/bot.html)"
23.92.26.73 - - [21/Apr/2015:20:18:40 -0700] "GET   / HTTP/1.1" 200 6114 "http://www.domain2008.com/domains/www.whereshouldiski.com" "Mozilla/5.0 (compatible; MSIE 9.0; Windows NT 6.1; WOW64; Trident/5.0)"
166.137.242.22 - - [21/Apr/2015:20:20:06 -0700] "GET /images/wsis-logo-sm.png HTTP/1.1" 200 6108 "http://www.thebackcountry.net/" "Mozilla/5.0 (iPhone; CPU iPhone OS 8_3 like Mac OS X) AppleWebKit/600.1.4 (KHTML, like Gecko) Version/8.0 Mobile/12F70 Safari/600.1.4"
200.237.83.69 - - [21/Apr/2015:20:29:05 -0700] "GET /images/wsis-logo-sm.png HTTP/1.1" 200 6108 "http://thebackcountry.net/" "Mozilla/5.0 (Windows NT 6.1; WOW64) AppleWebKit/537.36 (KHTML, like Gecko) Chrome/36.0.1985.143 Safari/537.36"
66.249.79.160 - - [21/Apr/2015:20:36:57 -0700] "GET /resorts?resort=mountspokane&date=2014-02-11 HTTP/1.1" 404 506 "-" "Mozilla/5.0 (iPhone; CPU iPhone OS 6_0 like Mac OS X) AppleWebKit/536.26 (KHTML, like Gecko) Version/6.0 Mobile/10A5376e Safari/8536.25 (compatible; Googlebot/2.1; +http://www.google.com/bot.html)"
180.76.5.95 - - [21/Apr/2015:20:37:04 -0700] "GET /robots.txt HTTP/1.1" 200 382 "-" "Mozilla/5.0 (Windows NT 5.1; rv:6.0.2) Gecko/20100101 Firefox/6.0.2"
66.249.79.160 - - [21/Apr/2015:20:38:05 -0700] "GET /resorts?resort=moonlightbasin&date=2014-02-09 HTTP/1.1" 404 506 "-" "Mozilla/5.0 (iPhone; CPU iPhone OS 6_0 like Mac OS X) AppleWebKit/536.26 (KHTML, like Gecko) Version/6.0 Mobile/10A5376e Safari/8536.25 (compatible; Googlebot/2.1; +http://www.google.com/bot.html)"
180.76.5.25 - - [21/Apr/2015:20:38:21 -0700] "GET / HTTP/1.1" 200 2339 "-" "Mozilla/5.0 (compatible; Baiduspider/2.0; +http://www.baidu.com/search/spider.html)"
50.161.66.132 - - [21/Apr/2015:20:40:24 -0700] "GET /images/wsis-logo-sm.png HTTP/1.1" 200 6108 "http://www.thebackcountry.net/" "Mozilla/5.0 (iPad; CPU OS 8_2 like Mac OS X) AppleWebKit/600.1.4 (KHTML, like Gecko) Version/8.0 Mobile/12D508 Safari/600.1.4"
170.75.162.130 - - [21/Apr/2015:20:46:44 -0700] "GET /lib/reccapi.php?resort=jacksonhole HTTP/1.1" 200 1013 "-" "node-superagent/0.18.2"
123.125.71.33 - - [21/Apr/2015:20:47:02 -0700] "GET / HTTP/1.1" 200 2339 "-" "Mozilla/5.0 (Windows NT 5.1; rv:6.0.2) Gecko/20100101 Firefox/6.0.2"
123.125.71.49 - - [21/Apr/2015:20:47:45 -0700] "GET / HTTP/1.1" 200 6114 "-" "Mozilla/5.0 (Windows NT 5.1; rv:6.0.2) Gecko/20100101 Firefox/6.0.2"
220.181.108.82 - - [21/Apr/2015:20:52:13 -0700] "-" 408 0 "-" "-"
66.249.79.8 - - [21/Apr/2015:20:57:15 -0700] "GET /resorts?resort=powderridge&date=2013-12-17 HTTP/1.1" 404 506 "-" "Mozilla/5.0 (iPhone; CPU iPhone OS 6_0 like Mac OS X) AppleWebKit/536.26 (KHTML, like Gecko) Version/6.0 Mobile/10A5376e Safari/8536.25 (compatible; Googlebot/2.1; +http://www.google.com/bot.html)"
24.143.77.191 - - [21/Apr/2015:21:03:36 -0700] "GET /backbonetest.html HTTP/1.1" 404 506 "-" "Mozilla/5.0 (Macintosh; Intel Mac OS X 10_10_3) AppleWebKit/600.5.17 (KHTML, like Gecko) Version/8.0.5 Safari/600.5.17"
24.143.77.191 - - [21/Apr/2015:21:03:37 -0700] "GET /favicon.ico HTTP/1.1" 200 1475 "http://whereshouldiski.com/backbonetest.html" "Mozilla/5.0 (Macintosh; Intel Mac OS X 10_10_3) AppleWebKit/600.5.17 (KHTML, like Gecko) Version/8.0.5 Safari/600.5.17"
24.143.77.191 - - [21/Apr/2015:21:03:37 -0700] "GET /backbonetest.html HTTP/1.1" 404 505 "-" "Mozilla/5.0 (iPhone; CPU iPhone OS 8_1 like Mac OS X) AppleWebKit/600.1.4 (KHTML, like Gecko) Version/8.0 Mobile/12B410 Safari/600.1.4"
24.143.77.191 - - [21/Apr/2015:21:03:37 -0700] "GET /apple-touch-icon-precomposed.png HTTP/1.1" 404 521 "-" "com.apple.WebKit.WebContent/10600.5.17 CFNetwork/720.3.13 Darwin/14.3.0 (x86_64)"
24.143.77.191 - - [21/Apr/2015:21:03:37 -0700] "GET /apple-touch-icon.png HTTP/1.1" 404 512 "-" "com.apple.WebKit.WebContent/10600.5.17 CFNetwork/720.3.13 Darwin/14.3.0 (x86_64)"
66.249.79.8 - - [21/Apr/2015:21:17:32 -0700] "GET /resorts?resort=beavermountain&date=2013-04-06 HTTP/1.1" 404 506 "-" "Mozilla/5.0 (iPhone; CPU iPhone OS 6_0 like Mac OS X) AppleWebKit/536.26 (KHTML, like Gecko) Version/6.0 Mobile/10A5376e Safari/8536.25 (compatible; Googlebot/2.1; +http://www.google.com/bot.html)"
170.75.162.130 - - [21/Apr/2015:21:21:27 -0700] "GET /lib/reccapi.php?resort=diamondpeak HTTP/1.1" 200 970 "-" "node-superagent/0.18.2"
208.115.111.66 - - [21/Apr/2015:21:22:50 -0700] "GET /resorts?resort=sugarbowl HTTP/1.1" 404 476 "-" "Mozilla/5.0 (compatible; DotBot/1.1; http://www.opensiteexplorer.org/dotbot, help@moz.com)"
208.115.111.66 - - [21/Apr/2015:21:22:54 -0700] "GET /resorts?resort=devilshead HTTP/1.1" 404 476 "-" "Mozilla/5.0 (compatible; DotBot/1.1; http://www.opensiteexplorer.org/dotbot, help@moz.com)"
75.111.107.71 - - [21/Apr/2015:21:28:10 -0700] "GET /images/wsis-logo-sm.png HTTP/1.1" 200 6108 "http://www.thebackcountry.net/" "Mozilla/5.0 (Macintosh; Intel Mac OS X 10_9_5) AppleWebKit/600.1.17 (KHTML, like Gecko) Version/7.1 Safari/537.85.10"
50.185.40.18 - - [21/Apr/2015:21:28:35 -0700] "GET /images/wsis-logo-sm.png HTTP/1.1" 200 6108 "http://www.thebackcountry.net/" "Mozilla/5.0 (Windows NT 6.3; WOW64; Trident/7.0; Touch; MALNJS; rv:11.0) like Gecko"
50.185.40.18 - - [21/Apr/2015:21:28:56 -0700] "-" 408 0 "-" "-"
170.75.162.130 - - [21/Apr/2015:21:30:17 -0700] "GET /lib/reccapi.php?resort=sugarbowl HTTP/1.1" 200 988 "-" "node-superagent/0.18.2"
66.249.79.16 - - [21/Apr/2015:21:37:49 -0700] "GET /resorts?resort=louploupskibowl&date=2013-12-07 HTTP/1.1" 404 506 "-" "Mozilla/5.0 (iPhone; CPU iPhone OS 6_0 like Mac OS X) AppleWebKit/536.26 (KHTML, like Gecko) Version/6.0 Mobile/10A5376e Safari/8536.25 (compatible; Googlebot/2.1; +http://www.google.com/bot.html)"
123.125.71.96 - - [21/Apr/2015:21:43:26 -0700] "GET / HTTP/1.1" 200 2339 "-" "Mozilla/5.0 (Windows NT 5.1; rv:6.0.2) Gecko/20100101 Firefox/6.0.2"
123.125.71.110 - - [21/Apr/2015:21:44:10 -0700] "-" 408 0 "-" "-"
220.181.108.184 - - [21/Apr/2015:21:46:40 -0700] "GET / HTTP/1.1" 200 2339 "-" "Mozilla/5.0 (Windows NT 5.1; rv:6.0.2) Gecko/20100101 Firefox/6.0.2"
220.181.108.170 - - [21/Apr/2015:21:47:40 -0700] "GET / HTTP/1.1" 200 6114 "-" "Mozilla/5.0 (Windows NT 5.1; rv:6.0.2) Gecko/20100101 Firefox/6.0.2"
24.143.77.191 - - [21/Apr/2015:21:55:08 -0700] "GET /im/api.php?bib=443&r=0.4784284585621208&raceId=2278373444&raceName=taiwan HTTP/1.1" 200 1109 "http://localhost:9000/" "Mozilla/5.0 (Macintosh; Intel Mac OS X 10_10_3) AppleWebKit/537.36 (KHTML, like Gecko) Chrome/42.0.2311.90 Safari/537.36"
24.143.77.191 - - [21/Apr/2015:21:56:52 -0700] "GET /im/api.php?bib=443&r=0.18417975399643183&raceId=2278373444&raceName=taiwan HTTP/1.1" 200 1109 "http://localhost:9000/" "Mozilla/5.0 (Macintosh; Intel Mac OS X 10_10_3) AppleWebKit/537.36 (KHTML, like Gecko) Chrome/42.0.2311.90 Safari/537.36"
24.143.77.191 - - [21/Apr/2015:21:57:50 -0700] "GET /im/api.php?bib=443&r=0.5869270891416818&raceId=2278373444&raceName=taiwan HTTP/1.1" 200 1109 "http://localhost:9000/" "Mozilla/5.0 (Macintosh; Intel Mac OS X 10_10_3) AppleWebKit/537.36 (KHTML, like Gecko) Chrome/42.0.2311.90 Safari/537.36"
66.249.79.160 - - [21/Apr/2015:21:58:07 -0700] "GET /resorts?resort=sundance&date=2012-12-24 HTTP/1.1" 404 506 "-" "Mozilla/5.0 (iPhone; CPU iPhone OS 6_0 like Mac OS X) AppleWebKit/536.26 (KHTML, like Gecko) Version/6.0 Mobile/10A5376e Safari/8536.25 (compatible; Googlebot/2.1; +http://www.google.com/bot.html)"
180.76.4.238 - - [21/Apr/2015:22:01:20 -0700] "GET / HTTP/1.1" 200 6114 "-" "Mozilla/4.0 (compatible; MSIE 7.0; Windows NT 6.0)"
197.221.234.19 - - [21/Apr/2015:22:02:33 -0700] "GET /muieblackcat HTTP/1.1" 404 466 "-" "-"
24.143.77.191 - - [21/Apr/2015:22:02:34 -0700] "GET /im/api.php?bib=443&r=0.6909786122851074&raceId=2278373444&raceName=taiwan HTTP/1.1" 200 1109 "http://localhost:9000/" "Mozilla/5.0 (Macintosh; Intel Mac OS X 10_10_3) AppleWebKit/537.36 (KHTML, like Gecko) Chrome/42.0.2311.90 Safari/537.36"
197.221.234.19 - - [21/Apr/2015:22:02:34 -0700] "GET //phpMyAdmin/scripts/setup.php HTTP/1.1" 404 466 "-" "-"
197.221.234.19 - - [21/Apr/2015:22:02:35 -0700] "GET //phpmyadmin/scripts/setup.php HTTP/1.1" 404 466 "-" "-"
197.221.234.19 - - [21/Apr/2015:22:02:36 -0700] "GET //myadmin/scripts/setup.php HTTP/1.1" 404 466 "-" "-"
197.221.234.19 - - [21/Apr/2015:22:02:36 -0700] "GET //mysqladmin/scripts/setup.php HTTP/1.1" 404 466 "-" "-"
197.221.234.19 - - [21/Apr/2015:22:02:37 -0700] "GET //pma/scripts/setup.php HTTP/1.1" 404 466 "-" "-"
197.221.234.19 - - [21/Apr/2015:22:02:38 -0700] "GET //mysql/scripts/setup.php HTTP/1.1" 404 466 "-" "-"
197.221.234.19 - - [21/Apr/2015:22:02:39 -0700] "GET //web/scripts/setup.php HTTP/1.1" 404 466 "-" "-"
197.221.234.19 - - [21/Apr/2015:22:02:39 -0700] "GET //websql/scripts/setup.php HTTP/1.1" 404 466 "-" "-"
197.221.234.19 - - [21/Apr/2015:22:02:40 -0700] "GET //phpadmin/scripts/setup.php HTTP/1.1" 404 466 "-" "-"
197.221.234.19 - - [21/Apr/2015:22:02:41 -0700] "GET //websql/scripts/setup.php HTTP/1.1" 404 466 "-" "-"
197.221.234.19 - - [21/Apr/2015:22:02:42 -0700] "GET //web/scripts/setup.php HTTP/1.1" 404 466 "-" "-"
197.221.234.19 - - [21/Apr/2015:22:02:43 -0700] "GET //MyAdmin/scripts/setup.php HTTP/1.1" 404 466 "-" "-"
197.221.234.19 - - [21/Apr/2015:22:02:43 -0700] "GET //phpAdmin/scripts/setup.php HTTP/1.1" 404 466 "-" "-"
197.221.234.19 - - [21/Apr/2015:22:02:44 -0700] "GET //PHPMYADMIN/scripts/setup.php HTTP/1.1" 404 466 "-" "-"
197.221.234.19 - - [21/Apr/2015:22:02:45 -0700] "GET //pMA/scripts/setup.php HTTP/1.1" 404 466 "-" "-"
197.221.234.19 - - [21/Apr/2015:22:02:46 -0700] "GET //PMA/scripts/setup.php HTTP/1.1" 404 466 "-" "-"
197.221.234.19 - - [21/Apr/2015:22:02:46 -0700] "GET //SQL/scripts/setup.php HTTP/1.1" 404 466 "-" "-"
197.221.234.19 - - [21/Apr/2015:22:02:47 -0700] "GET //db/scripts/setup.php HTTP/1.1" 404 466 "-" "-"
197.221.234.19 - - [21/Apr/2015:22:02:48 -0700] "GET //dbadmin/scripts/setup.php HTTP/1.1" 404 466 "-" "-"
197.221.234.19 - - [21/Apr/2015:22:02:49 -0700] "GET //pHpMyAdMiN/scripts/setup.php HTTP/1.1" 404 466 "-" "-"
197.221.234.19 - - [21/Apr/2015:22:02:49 -0700] "GET //sql/scripts/setup.php HTTP/1.1" 404 466 "-" "-"
24.143.77.191 - - [21/Apr/2015:22:03:41 -0700] "GET /im/api.php?bib=443&r=0.5217921168077737&raceId=2278373444&raceName=taiwan HTTP/1.1" 200 1109 "http://localhost:9000/" "Mozilla/5.0 (Macintosh; Intel Mac OS X 10_10_3) AppleWebKit/537.36 (KHTML, like Gecko) Chrome/42.0.2311.90 Safari/537.36"
24.143.77.191 - - [21/Apr/2015:22:03:54 -0700] "GET /im/api.php?bib=443&r=0.7380893512163311&raceId=2278373444&raceName=taiwan HTTP/1.1" 200 1109 "http://localhost:9000/" "Mozilla/5.0 (Macintosh; Intel Mac OS X 10_10_3) AppleWebKit/537.36 (KHTML, like Gecko) Chrome/42.0.2311.90 Safari/537.36"
24.143.77.191 - - [21/Apr/2015:22:04:08 -0700] "GET /im/api.php?bib=443&r=0.28079479606822133&raceId=2278373444&raceName=taiwan HTTP/1.1" 200 1109 "http://localhost:9000/" "Mozilla/5.0 (Macintosh; Intel Mac OS X 10_10_3) AppleWebKit/537.36 (KHTML, like Gecko) Chrome/42.0.2311.90 Safari/537.36"
24.143.77.191 - - [21/Apr/2015:22:04:18 -0700] "GET /im/api.php?bib=443&r=0.8122166742105037&raceId=2278373444&raceName=taiwan HTTP/1.1" 200 1109 "http://localhost:9000/" "Mozilla/5.0 (Macintosh; Intel Mac OS X 10_10_3) AppleWebKit/537.36 (KHTML, like Gecko) Chrome/42.0.2311.90 Safari/537.36"
24.143.77.191 - - [21/Apr/2015:22:05:48 -0700] "GET /im/api.php?bib=443&r=0.6412025350145996&raceId=2278373444&raceName=taiwan HTTP/1.1" 200 1109 "http://localhost:9000/" "Mozilla/5.0 (Macintosh; Intel Mac OS X 10_10_3) AppleWebKit/537.36 (KHTML, like Gecko) Chrome/42.0.2311.90 Safari/537.36"
24.143.77.191 - - [21/Apr/2015:22:05:54 -0700] "GET /im/api.php?bib=443&r=0.8748396297451109&raceId=2278373444&raceName=taiwan HTTP/1.1" 200 1109 "http://localhost:9000/" "Mozilla/5.0 (Macintosh; Intel Mac OS X 10_10_3) AppleWebKit/537.36 (KHTML, like Gecko) Chrome/42.0.2311.90 Safari/537.36"
208.115.113.83 - - [21/Apr/2015:22:06:21 -0700] "GET /robots.txt HTTP/1.1" 200 319 "-" "Mozilla/5.0 (compatible; DotBot/1.1; http://www.opensiteexplorer.org/dotbot, help@moz.com)"
108.248.28.93 - - [21/Apr/2015:22:06:49 -0700] "GET /images/wsis-logo-sm.png HTTP/1.1" 200 6108 "http://www.thebackcountry.net/" "Mozilla/5.0 (iPhone; CPU iPhone OS 8_3 like Mac OS X) AppleWebKit/600.1.4 (KHTML, like Gecko) Version/8.0 Mobile/12F70 Safari/600.1.4"
24.143.77.191 - - [21/Apr/2015:22:08:00 -0700] "GET /im/api.php?bib=443&r=0.9254796234890819&raceId=2278373444&raceName=taiwan HTTP/1.1" 200 1109 "http://localhost:9000/" "Mozilla/5.0 (Macintosh; Intel Mac OS X 10_10_3) AppleWebKit/537.36 (KHTML, like Gecko) Chrome/42.0.2311.90 Safari/537.36"
24.143.77.191 - - [21/Apr/2015:22:08:15 -0700] "GET /im/api.php?r=0.9465320950839669&raceId=2278373444&raceName=taiwan HTTP/1.1" 200 325 "http://localhost:9000/" "Mozilla/5.0 (Macintosh; Intel Mac OS X 10_10_3) AppleWebKit/537.36 (KHTML, like Gecko) Chrome/42.0.2311.90 Safari/537.36"
24.143.77.191 - - [21/Apr/2015:22:09:02 -0700] "GET /im/api.php?bib=444&r=0.8412763311062008&raceId=2278373444&raceName=taiwan HTTP/1.1" 200 1081 "http://localhost:9000/" "Mozilla/5.0 (Macintosh; Intel Mac OS X 10_10_3) AppleWebKit/537.36 (KHTML, like Gecko) Chrome/42.0.2311.90 Safari/537.36"
24.143.77.191 - - [21/Apr/2015:22:09:15 -0700] "GET /im/api.php?bib=445&r=0.7551000365056098&raceId=2278373444&raceName=taiwan HTTP/1.1" 200 1125 "http://localhost:9000/" "Mozilla/5.0 (Macintosh; Intel Mac OS X 10_10_3) AppleWebKit/537.36 (KHTML, like Gecko) Chrome/42.0.2311.90 Safari/537.36"
24.143.77.191 - - [21/Apr/2015:22:09:25 -0700] "GET /im/api.php?bib=445&r=0.4986703803297132&raceId=2278373444&raceName=taiwan HTTP/1.1" 200 1125 "http://localhost:9000/" "Mozilla/5.0 (Macintosh; Intel Mac OS X 10_10_3) AppleWebKit/537.36 (KHTML, like Gecko) Chrome/42.0.2311.90 Safari/537.36"
24.143.77.191 - - [21/Apr/2015:22:09:30 -0700] "GET /im/api.php?bib=445&r=0.9975293788593262&raceId=2278373444&raceName=taiwan HTTP/1.1" 200 1124 "http://localhost:9000/" "Mozilla/5.0 (Macintosh; Intel Mac OS X 10_10_3) AppleWebKit/537.36 (KHTML, like Gecko) Chrome/42.0.2311.90 Safari/537.36"
24.143.77.191 - - [21/Apr/2015:22:10:12 -0700] "GET /im/api.php?bib=445&r=0.12753146048635244&raceId=2278373444&raceName=taiwan HTTP/1.1" 200 1125 "http://localhost:9000/" "Mozilla/5.0 (Macintosh; Intel Mac OS X 10_10_3) AppleWebKit/537.36 (KHTML, like Gecko) Chrome/42.0.2311.90 Safari/537.36"
24.143.77.191 - - [21/Apr/2015:22:10:22 -0700] "GET /im/api.php?bib=445&r=0.6958274447824806&raceId=2278373444&raceName=taiwan HTTP/1.1" 200 1125 "http://localhost:9000/" "Mozilla/5.0 (Macintosh; Intel Mac OS X 10_10_3) AppleWebKit/537.36 (KHTML, like Gecko) Chrome/42.0.2311.90 Safari/537.36"
24.143.77.191 - - [21/Apr/2015:22:13:18 -0700] "GET /im/api.php?bib=445&r=0.7021154582034796&raceId=2278373444&raceName=taiwan HTTP/1.1" 200 1125 "http://localhost:9000/" "Mozilla/5.0 (Macintosh; Intel Mac OS X 10_10_3) AppleWebKit/537.36 (KHTML, like Gecko) Chrome/42.0.2311.90 Safari/537.36"
24.143.77.191 - - [21/Apr/2015:22:13:23 -0700] "GET /im/api.php?bib=445&r=0.63652736810036&raceId=2278373444&raceName=taiwan HTTP/1.1" 200 1124 "http://localhost:9000/" "Mozilla/5.0 (Macintosh; Intel Mac OS X 10_10_3) AppleWebKit/537.36 (KHTML, like Gecko) Chrome/42.0.2311.90 Safari/537.36"
24.143.77.191 - - [21/Apr/2015:22:14:02 -0700] "GET /im/api.php?bib=445&r=0.2186705321073532&raceId=2278373444&raceName=taiwan HTTP/1.1" 200 1125 "http://localhost:9000/" "Mozilla/5.0 (Macintosh; Intel Mac OS X 10_10_3) AppleWebKit/537.36 (KHTML, like Gecko) Chrome/42.0.2311.90 Safari/537.36"
24.143.77.191 - - [21/Apr/2015:22:14:02 -0700] "GET /im/api.php?bib=445&r=0.5494806314818561&raceId=2278373444&raceName=taiwan HTTP/1.1" 200 1125 "http://localhost:9000/" "Mozilla/5.0 (Macintosh; Intel Mac OS X 10_10_3) AppleWebKit/537.36 (KHTML, like Gecko) Chrome/42.0.2311.90 Safari/537.36"
24.143.77.191 - - [21/Apr/2015:22:14:34 -0700] "GET /im/api.php?bib=445&r=0.30317536112852395&raceId=2278373444&raceName=taiwan HTTP/1.1" 200 1125 "http://localhost:9000/" "Mozilla/5.0 (Macintosh; Intel Mac OS X 10_10_3) AppleWebKit/537.36 (KHTML, like Gecko) Chrome/42.0.2311.90 Safari/537.36"
24.143.77.191 - - [21/Apr/2015:22:14:35 -0700] "GET /im/api.php?bib=445&r=0.6982708324212581&raceId=2278373444&raceName=taiwan HTTP/1.1" 200 1125 "http://localhost:9000/" "Mozilla/5.0 (Macintosh; Intel Mac OS X 10_10_3) AppleWebKit/537.36 (KHTML, like Gecko) Chrome/42.0.2311.90 Safari/537.36"
66.249.79.8 - - [21/Apr/2015:22:18:26 -0700] "GET /resorts?resort=windham&date=2014-02-05 HTTP/1.1" 404 506 "-" "Mozilla/5.0 (iPhone; CPU iPhone OS 6_0 like Mac OS X) AppleWebKit/536.26 (KHTML, like Gecko) Version/6.0 Mobile/10A5376e Safari/8536.25 (compatible; Googlebot/2.1; +http://www.google.com/bot.html)"
24.143.77.191 - - [21/Apr/2015:22:18:30 -0700] "GET /im/api.php?bib=445&r=0.06814514589495957&raceId=2278373444&raceName=taiwan HTTP/1.1" 200 1125 "http://localhost:9000/" "Mozilla/5.0 (Macintosh; Intel Mac OS X 10_10_3) AppleWebKit/537.36 (KHTML, like Gecko) Chrome/42.0.2311.90 Safari/537.36"
