104.193.169.250 - - [12/Jul/2015:21:40:16 -0700] "GET /images/wsis-logo-sm.png HTTP/1.1" 200 6108 "http://www.thebackcountry.net/" "Mozilla/5.0 (Macintosh; Intel Mac OS X 10_10_4) AppleWebKit/537.36 (KHTML, like Gecko) Chrome/43.0.2357.132 Safari/537.36"
180.76.15.143 - - [12/Jul/2015:21:40:28 -0700] "GET / HTTP/1.1" 200 6114 "-" "Mozilla/5.0 (compatible; Baiduspider/2.0; +http://www.baidu.com/search/spider.html)"
180.76.15.158 - - [12/Jul/2015:21:41:24 -0700] "GET / HTTP/1.1" 200 6114 "-" "Mozilla/5.0 (compatible; Baiduspider/2.0; +http://www.baidu.com/search/spider.html)"
71.202.172.131 - - [12/Jul/2015:21:42:09 -0700] "GET /images/wsis-logo-sm.png HTTP/1.1" 200 6108 "http://www.thebackcountry.net/" "Mozilla/5.0 (Windows NT 6.3; WOW64) AppleWebKit/537.36 (KHTML, like Gecko) Chrome/43.0.2357.132 Safari/537.36"
104.11.58.74 - - [12/Jul/2015:21:45:12 -0700] "GET /images/wsis-logo-sm.png HTTP/1.1" 200 6108 "http://www.thebackcountry.net/" "Mozilla/5.0 (iPhone; CPU iPhone OS 8_4 like Mac OS X) AppleWebKit/600.1.4 (KHTML, like Gecko) Version/8.0 Mobile/12H143 Safari/600.1.4"
66.249.79.1 - - [12/Jul/2015:21:46:05 -0700] "GET /lib/resortDataSearch.php?resort=northstar-at-tahoe&dateStart=2013-03-20&dateMax=2013-03-30&size=30 HTTP/1.1" 200 331 "-" "Mozilla/5.0 (compatible; Googlebot/2.1; +http://www.google.com/bot.html)"
66.87.134.147 - - [12/Jul/2015:21:46:30 -0700] "GET /images/wsis-logo-sm.png HTTP/1.1" 200 6108 "http://www.thebackcountry.net/" "Mozilla/5.0 (Linux; Android 5.0.1; LGLS990 Build/LRX21Y) AppleWebKit/537.36 (KHTML, like Gecko) Chrome/43.0.2357.93 Mobile Safari/537.36"
180.76.15.158 - - [12/Jul/2015:21:58:55 -0700] "GET /resorts?resort=loveland&date=2014-03-25 HTTP/1.1" 404 469 "-" "Mozilla/5.0 (compatible; Baiduspider/2.0; +http://www.baidu.com/search/spider.html)"
123.125.71.69 - - [12/Jul/2015:21:59:48 -0700] "-" 408 0 "-" "-"
70.197.70.41 - - [12/Jul/2015:22:03:59 -0700] "GET /images/wsis-logo-sm.png HTTP/1.1" 200 6108 "http://www.thebackcountry.net/" "Mozilla/5.0 (iPhone; CPU iPhone OS 8_3 like Mac OS X) AppleWebKit/600.1.4 (KHTML, like Gecko) GSA/5.2.43972 Mobile/12F70 Safari/600.1.4"
220.181.108.76 - - [12/Jul/2015:22:04:38 -0700] "-" 408 0 "-" "-"
170.75.162.130 - - [12/Jul/2015:22:09:19 -0700] "GET /lib/reccapi.php?resort=sunpeaksresort HTTP/1.1" 200 674 "-" "node-superagent/0.18.2"
98.234.113.56 - - [12/Jul/2015:22:18:15 -0700] "GET /images/wsis-logo-sm.png HTTP/1.1" 200 6108 "http://thebackcountry.net/" "Mozilla/5.0 (Macintosh; Intel Mac OS X 10_9_5) AppleWebKit/537.36 (KHTML, like Gecko) Chrome/43.0.2357.132 Safari/537.36"
71.83.110.149 - - [12/Jul/2015:22:20:58 -0700] "GET /images/wsis-logo-sm.png HTTP/1.1" 200 6108 "http://www.thebackcountry.net/" "Mozilla/5.0 (iPhone; CPU iPhone OS 8_3 like Mac OS X) AppleWebKit/600.1.4 (KHTML, like Gecko) Mobile/12F70"
66.249.79.1 - - [12/Jul/2015:22:25:09 -0700] "GET /lib/resortDataSearch.php?resort=49degreesnorth&dateStart=2013-02-13&dateMax=2013-02-23&size=30 HTTP/1.1" 200 331 "-" "Mozilla/5.0 (compatible; Googlebot/2.1; +http://www.google.com/bot.html)"
182.189.166.235 - - [12/Jul/2015:22:32:00 -0700] "GET /images/wsis-logo-sm.png HTTP/1.1" 200 6108 "http://www.thebackcountry.net/" "Mozilla/5.0 (Windows NT 6.1; WOW64) AppleWebKit/537.36 (KHTML, like Gecko) Chrome/43.0.2357.132 Safari/537.36"
107.221.63.93 - - [12/Jul/2015:22:32:58 -0700] "GET /images/wsis-logo-sm.png HTTP/1.1" 200 6108 "http://thebackcountry.net/" "Mozilla/5.0 (iPad; CPU OS 8_4 like Mac OS X) AppleWebKit/600.1.4 (KHTML, like Gecko) Version/8.0 Mobile/12H143 Safari/600.1.4"
180.76.15.24 - - [12/Jul/2015:22:43:05 -0700] "GET / HTTP/1.1" 200 6114 "-" "Mozilla/5.0 (compatible; Baiduspider/2.0; +http://www.baidu.com/search/spider.html)"
180.76.15.25 - - [12/Jul/2015:22:43:29 -0700] "GET / HTTP/1.1" 200 6114 "-" "Mozilla/5.0 (compatible; Baiduspider/2.0; +http://www.baidu.com/search/spider.html)"
66.249.79.250 - - [12/Jul/2015:22:56:47 -0700] "GET / HTTP/1.1" 200 2376 "-" "Mozilla/5.0 (compatible; Googlebot/2.1; +http://www.google.com/bot.html)"
66.249.79.1 - - [12/Jul/2015:22:57:36 -0700] "GET /resorts?resort=laslenas&date=2014-08-30 HTTP/1.1" 404 506 "-" "Mozilla/5.0 (compatible; Googlebot/2.1; +http://www.google.com/bot.html)"
66.249.79.14 - - [12/Jul/2015:22:58:06 -0700] "GET /lib/resortDataSearch.php?resort=aspenheights&dateStart=2014-01-31&dateMax=2014-02-10&size=30 HTTP/1.1" 200 331 "-" "Mozilla/5.0 (compatible; Googlebot/2.1; +http://www.google.com/bot.html)"
66.249.79.40 - - [12/Jul/2015:23:09:57 -0700] "GET /robots.txt HTTP/1.1" 200 419 "-" "Mozilla/5.0 (compatible; Googlebot/2.1; +http://www.google.com/bot.html)"
66.249.79.40 - - [12/Jul/2015:23:09:57 -0700] "GET /lib/resortDataSearch.php?resort=bearmountain&dateStart=2013-09-30&dateMax=2013-10-14&size=30 HTTP/1.1" 200 330 "-" "Mozilla/5.0 (compatible; Googlebot/2.1; +http://www.google.com/bot.html)"
123.125.71.105 - - [12/Jul/2015:23:17:03 -0700] "-" 408 0 "-" "-"
66.249.79.250 - - [12/Jul/2015:23:18:59 -0700] "GET /lib/resortDataSearch.php?resort=powderhorn&dateStart=2013-11-12&dateMax=2013-11-26&size=30 HTTP/1.1" 200 331 "-" "Mozilla/5.0 (compatible; Googlebot/2.1; +http://www.google.com/bot.html)"
220.181.108.170 - - [12/Jul/2015:23:21:16 -0700] "-" 408 0 "-" "-"
71.83.115.161 - - [12/Jul/2015:23:24:54 -0700] "GET /images/wsis-logo-sm.png HTTP/1.1" 200 6108 "http://www.thebackcountry.net/" "Mozilla/5.0 (iPhone; CPU iPhone OS 8_1_2 like Mac OS X) AppleWebKit/600.1.4 (KHTML, like Gecko) Version/8.0 Mobile/12B440 Safari/600.1.4"
66.249.79.1 - - [12/Jul/2015:23:29:21 -0700] "GET /lib/resortDataSearch.php?resort=snoqualmie-alpental&dateStart=2013-03-12&dateMax=2013-03-22&size=30 HTTP/1.1" 200 331 "-" "Mozilla/5.0 (compatible; Googlebot/2.1; +http://www.google.com/bot.html)"
180.76.15.142 - - [12/Jul/2015:23:31:53 -0700] "GET / HTTP/1.1" 200 6114 "-" "Mozilla/5.0 (compatible; Baiduspider/2.0; +http://www.baidu.com/search/spider.html)"
180.76.15.5 - - [12/Jul/2015:23:32:23 -0700] "GET / HTTP/1.1" 200 6114 "-" "Mozilla/5.0 (compatible; Baiduspider/2.0; +http://www.baidu.com/search/spider.html)"
66.249.79.29 - - [12/Jul/2015:23:32:38 -0700] "GET /robots.txt HTTP/1.1" 200 419 "-" "Mozilla/5.0 (compatible; Googlebot/2.1; +http://www.google.com/bot.html)"
66.249.79.3 - - [12/Jul/2015:23:32:38 -0700] "GET /lib/resortDataSearch.php?resort=bogusbasin&dateStart=2014-11-04&dateMax=2014-11-14&size=30 HTTP/1.1" 200 331 "-" "Mozilla/5.0 (compatible; Googlebot/2.1; +http://www.google.com/bot.html)"
66.249.79.1 - - [12/Jul/2015:23:33:07 -0700] "GET /lib/resortDataSearch.php?resort=panoramamountain&dateStart=2014-04-05&dateMax=2014-04-15&size=30 HTTP/1.1" 200 331 "-" "Mozilla/5.0 (compatible; Googlebot/2.1; +http://www.google.com/bot.html)"
66.249.79.1 - - [12/Jul/2015:23:33:36 -0700] "GET /lib/resortDataSearch.php?resort=greatdivide&dateStart=2013-11-02&dateMax=2013-11-16&size=30 HTTP/1.1" 200 331 "-" "Mozilla/5.0 (compatible; Googlebot/2.1; +http://www.google.com/bot.html)"
66.249.79.14 - - [12/Jul/2015:23:39:39 -0700] "GET /lib/resortDataSearch.php?resort=mountashland&dateStart=2013-12-25&dateMax=2014-01-04&size=30 HTTP/1.1" 200 331 "-" "Mozilla/5.0 (compatible; Googlebot/2.1; +http://www.google.com/bot.html)"
66.249.79.1 - - [12/Jul/2015:23:39:40 -0700] "GET /lib/resortDataSearch.php?resort=sugarloaf&dateStart=2013-05-04&dateMax=2013-05-14&size=30 HTTP/1.1" 200 331 "-" "Mozilla/5.0 (compatible; Googlebot/2.1; +http://www.google.com/bot.html)"
66.249.79.53 - - [12/Jul/2015:23:39:41 -0700] "GET / HTTP/1.1" 200 2376 "-" "Mozilla/5.0 (compatible; Googlebot/2.1; +http://www.google.com/bot.html)"
166.216.157.61 - - [12/Jul/2015:23:44:09 -0700] "GET /images/wsis-logo-sm.png HTTP/1.1" 200 6108 "http://www.thebackcountry.net/" "Mozilla/5.0 (iPad; CPU OS 7_1 like Mac OS X) AppleWebKit/537.51.2 (KHTML, like Gecko) Version/7.0 Mobile/11D167 Safari/9537.53"
66.249.79.250 - - [12/Jul/2015:23:48:48 -0700] "GET /lib/resortDataSearch.php?resort=keystone&dateStart=2013-11-04&dateMax=2013-11-14&size=30 HTTP/1.1" 200 331 "-" "Mozilla/5.0 (compatible; Googlebot/2.1; +http://www.google.com/bot.html)"
171.161.48.16 - - [12/Jul/2015:23:50:04 -0700] "GET /images/wsis-logo-sm.png HTTP/1.1" 200 6108 "http://www.thebackcountry.net/" "Mozilla/4.0 (compatible; MSIE 7.0; Windows NT 6.1; WOW64; Trident/5.0; SLCC2; .NET CLR 2.0.50727; .NET CLR 3.5.30729; .NET CLR 3.0.30729; InfoPath.2; .NET4.0C; .NET4.0E; Media Center PC 6.0)"
66.249.79.14 - - [12/Jul/2015:23:53:48 -0700] "GET /about HTTP/1.1" 404 506 "-" "Mozilla/5.0 (compatible; Googlebot/2.1; +http://www.google.com/bot.html)"
222.187.254.59 - - [12/Jul/2015:23:58:41 -0700] "GET /manager/html HTTP/1.1" 404 470 "-" "Mozilla/3.0 (compatible; Indy Library)"
222.187.254.59 - - [12/Jul/2015:23:59:11 -0700] "GET /manager/html HTTP/1.1" 404 470 "-" "Mozilla/3.0 (compatible; Indy Library)"
222.187.254.59 - - [13/Jul/2015:00:00:27 -0700] "GET /manager/html HTTP/1.1" 404 470 "-" "Mozilla/3.0 (compatible; Indy Library)"
66.249.79.14 - - [13/Jul/2015:00:00:30 -0700] "GET /lib/resortDataSearch.php?resort=bogusbasin&dateStart=2013-11-04&dateMax=2013-11-14&size=30 HTTP/1.1" 200 331 "-" "Mozilla/5.0 (compatible; Googlebot/2.1; +http://www.google.com/bot.html)"
66.249.79.1 - - [13/Jul/2015:00:02:39 -0700] "GET /lib/resortDataSearch.php?resort=sandiapeak&dateStart=2013-11-04&dateMax=2013-11-14&size=30 HTTP/1.1" 200 331 "-" "Mozilla/5.0 (compatible; Googlebot/2.1; +http://www.google.com/bot.html)"
66.249.79.1 - - [13/Jul/2015:00:03:08 -0700] "GET /lib/resortDataSearch.php?resort=redriver&dateStart=2012-12-20&dateMax=2012-12-30&size=30 HTTP/1.1" 200 331 "-" "Mozilla/5.0 (compatible; Googlebot/2.1; +http://www.google.com/bot.html)"
66.249.79.250 - - [13/Jul/2015:00:03:38 -0700] "GET /lib/resortDataSearch.php?resort=deervalley&dateStart=2013-11-04&dateMax=2013-11-14&size=30 HTTP/1.1" 200 331 "-" "Mozilla/5.0 (compatible; Googlebot/2.1; +http://www.google.com/bot.html)"
66.249.79.1 - - [13/Jul/2015:00:04:07 -0700] "GET /lib/resortDataSearch.php?resort=whitefishmountain&dateStart=2013-01-29&dateMax=2013-02-08&size=30 HTTP/1.1" 200 331 "-" "Mozilla/5.0 (compatible; Googlebot/2.1; +http://www.google.com/bot.html)"
66.249.79.250 - - [13/Jul/2015:00:04:40 -0700] "GET /lib/resortDataSearch.php?resort=soldiermountain&dateStart=2013-11-04&dateMax=2013-11-14&size=30 HTTP/1.1" 200 331 "-" "Mozilla/5.0 (compatible; Googlebot/2.1; +http://www.google.com/bot.html)"
66.249.79.29 - - [13/Jul/2015:00:05:06 -0700] "GET /lib/resortDataSearch.php?resort=bigwhite&dateStart=2013-11-19&dateMax=2013-11-29&size=30 HTTP/1.1" 200 331 "-" "Mozilla/5.0 (compatible; Googlebot/2.1; +http://www.google.com/bot.html)"
66.249.79.250 - - [13/Jul/2015:00:05:35 -0700] "GET /lib/resortDataSearch.php?resort=sundayriver&dateStart=2013-10-15&dateMax=2013-10-29&size=30 HTTP/1.1" 200 331 "-" "Mozilla/5.0 (compatible; Googlebot/2.1; +http://www.google.com/bot.html)"
66.249.79.66 - - [13/Jul/2015:00:08:56 -0700] "GET /lib/resortDataSearch.php?resort=ferniealpine&dateStart=2013-01-03&dateMax=2013-01-13&size=30 HTTP/1.1" 200 331 "-" "Mozilla/5.0 (compatible; Googlebot/2.1; +http://www.google.com/bot.html)"
123.125.71.41 - - [13/Jul/2015:00:12:56 -0700] "-" 408 0 "-" "-"
73.223.112.156 - - [13/Jul/2015:00:13:57 -0700] "GET /images/wsis-logo-sm.png HTTP/1.1" 200 6108 "http://www.thebackcountry.net/" "Mozilla/5.0 (Windows NT 6.1; WOW64) AppleWebKit/537.36 (KHTML, like Gecko) Chrome/43.0.2357.81 Safari/537.36"
66.249.79.1 - - [13/Jul/2015:00:14:04 -0700] "GET /lib/resortDataSearch.php?resort=sandiapeak&dateStart=2013-11-12&dateMax=2013-11-26&size=30 HTTP/1.1" 200 331 "-" "Mozilla/5.0 (compatible; Googlebot/2.1; +http://www.google.com/bot.html)"
66.249.79.1 - - [13/Jul/2015:00:14:05 -0700] "GET /lib/resortDataSearch.php?resort=silverstarmountain&dateStart=2013-10-26&dateMax=2013-11-09&size=30 HTTP/1.1" 200 330 "-" "Mozilla/5.0 (compatible; Googlebot/2.1; +http://www.google.com/bot.html)"
66.249.79.250 - - [13/Jul/2015:00:14:05 -0700] "GET /lib/resortDataSearch.php?resort=missionridge&dateStart=2012-12-09&dateMax=2012-12-23&size=30 HTTP/1.1" 200 331 "-" "Mozilla/5.0 (compatible; Googlebot/2.1; +http://www.google.com/bot.html)"
220.181.108.187 - - [13/Jul/2015:00:18:48 -0700] "-" 408 0 "-" "-"
66.249.79.250 - - [13/Jul/2015:00:19:45 -0700] "GET /lib/resortDataSearch.php?resort=taos&dateStart=2013-02-06&dateMax=2013-02-16&size=30 HTTP/1.1" 200 331 "-" "Mozilla/5.0 (compatible; Googlebot/2.1; +http://www.google.com/bot.html)"
66.249.79.250 - - [13/Jul/2015:00:19:46 -0700] "GET /lib/resortDataSearch.php?resort=mammothmountain&dateStart=2013-10-21&dateMax=2013-11-04&size=30 HTTP/1.1" 200 330 "-" "Mozilla/5.0 (compatible; Googlebot/2.1; +http://www.google.com/bot.html)"
99.89.37.1 - - [13/Jul/2015:00:20:39 -0700] "GET /images/wsis-logo-sm.png HTTP/1.1" 200 6108 "http://www.thebackcountry.net/" "Mozilla/5.0 (iPhone; CPU iPhone OS 8_4 like Mac OS X) AppleWebKit/600.1.4 (KHTML, like Gecko) Version/8.0 Mobile/12H143 Safari/600.1.4"
170.75.162.130 - - [13/Jul/2015:00:26:28 -0700] "GET /lib/reccapi.php?resort=arapahoebasin HTTP/1.1" 200 688 "-" "node-superagent/0.18.2"
170.75.162.130 - - [13/Jul/2015:00:26:28 -0700] "GET /lib/reccapi.php?resort=49degreesnorth HTTP/1.1" 200 689 "-" "node-superagent/0.18.2"
170.75.162.130 - - [13/Jul/2015:00:26:28 -0700] "GET /lib/reccapi.php?resort=alta HTTP/1.1" 200 655 "-" "node-superagent/0.18.2"
170.75.162.130 - - [13/Jul/2015:00:26:28 -0700] "GET /lib/reccapi.php?resort=alyeska HTTP/1.1" 200 655 "-" "node-superagent/0.18.2"
170.75.162.130 - - [13/Jul/2015:00:26:28 -0700] "GET /lib/reccapi.php?resort=alpinemeadows HTTP/1.1" 200 678 "-" "node-superagent/0.18.2"
170.75.162.130 - - [13/Jul/2015:00:26:28 -0700] "GET /lib/reccapi.php?resort=aspenheights HTTP/1.1" 200 685 "-" "node-superagent/0.18.2"
170.75.162.130 - - [13/Jul/2015:00:26:28 -0700] "GET /lib/reccapi.php?resort=aspenmountain HTTP/1.1" 200 674 "-" "node-superagent/0.18.2"
170.75.162.130 - - [13/Jul/2015:00:26:29 -0700] "GET /lib/reccapi.php?resort=bigsky HTTP/1.1" 200 669 "-" "node-superagent/0.18.2"
170.75.162.130 - - [13/Jul/2015:00:26:29 -0700] "GET /lib/reccapi.php?resort=bigwhite HTTP/1.1" 200 678 "-" "node-superagent/0.18.2"
170.75.162.130 - - [13/Jul/2015:00:26:29 -0700] "GET /lib/reccapi.php?resort=brianhead HTTP/1.1" 200 678 "-" "node-superagent/0.18.2"
170.75.162.130 - - [13/Jul/2015:00:26:29 -0700] "GET /lib/reccapi.php?resort=buttermilk HTTP/1.1" 200 662 "-" "node-superagent/0.18.2"
170.75.162.130 - - [13/Jul/2015:00:26:32 -0700] "GET /lib/reccapi.php?resort=brighton HTTP/1.1" 200 659 "-" "node-superagent/0.18.2"
66.249.79.14 - - [13/Jul/2015:00:26:44 -0700] "GET /lib/resortDataSearch.php?resort=missionridge&dateStart=2013-11-12&dateMax=2013-11-26&size=30 HTTP/1.1" 200 331 "-" "Mozilla/5.0 (compatible; Googlebot/2.1; +http://www.google.com/bot.html)"
66.249.79.40 - - [13/Jul/2015:00:26:45 -0700] "GET /lib/resortDataSearch.php?resort=steamboat&dateStart=2013-10-31&dateMax=2013-11-10&size=30 HTTP/1.1" 200 331 "-" "Mozilla/5.0 (compatible; Googlebot/2.1; +http://www.google.com/bot.html)"
66.249.79.250 - - [13/Jul/2015:00:26:46 -0700] "GET /lib/resortDataSearch.php?resort=arizonasnowbowl&dateStart=2013-02-08&dateMax=2013-02-18&size=30 HTTP/1.1" 200 331 "-" "Mozilla/5.0 (compatible; Googlebot/2.1; +http://www.google.com/bot.html)"
66.249.79.250 - - [13/Jul/2015:00:26:46 -0700] "GET /lib/resortDataSearch.php?resort=hoodoo&dateStart=2012-11-26&dateMax=2012-12-06&size=30 HTTP/1.1" 200 330 "-" "Mozilla/5.0 (compatible; Googlebot/2.1; +http://www.google.com/bot.html)"
66.249.79.14 - - [13/Jul/2015:00:27:14 -0700] "GET /lib/resortDataSearch.php?resort=pomerelle&dateStart=2014-02-01&dateMax=2014-02-11&size=30 HTTP/1.1" 200 331 "-" "Mozilla/5.0 (compatible; Googlebot/2.1; +http://www.google.com/bot.html)"
170.75.162.130 - - [13/Jul/2015:00:27:28 -0700] "GET /lib/reccapi.php?resort=cannonmountain HTTP/1.1" 200 673 "-" "node-superagent/0.18.2"
170.75.162.130 - - [13/Jul/2015:00:27:28 -0700] "GET /lib/reccapi.php?resort=chinapeak HTTP/1.1" 200 683 "-" "node-superagent/0.18.2"
170.75.162.130 - - [13/Jul/2015:00:27:28 -0700] "GET /lib/reccapi.php?resort=canyons HTTP/1.1" 200 654 "-" "node-superagent/0.18.2"
170.75.162.130 - - [13/Jul/2015:00:27:28 -0700] "GET /lib/reccapi.php?resort=crystalmountain HTTP/1.1" 200 678 "-" "node-superagent/0.18.2"
170.75.162.130 - - [13/Jul/2015:00:27:28 -0700] "GET /lib/reccapi.php?resort=coppermountain HTTP/1.1" 200 678 "-" "node-superagent/0.18.2"
170.75.162.130 - - [13/Jul/2015:00:27:28 -0700] "GET /lib/reccapi.php?resort=grandtarghee HTTP/1.1" 200 680 "-" "node-superagent/0.18.2"
170.75.162.130 - - [13/Jul/2015:00:27:28 -0700] "GET /lib/reccapi.php?resort=heavenly HTTP/1.1" 200 679 "-" "node-superagent/0.18.2"
170.75.162.130 - - [13/Jul/2015:00:27:28 -0700] "GET /lib/reccapi.php?resort=homewoodmountain HTTP/1.1" 200 684 "-" "node-superagent/0.18.2"
170.75.162.130 - - [13/Jul/2015:00:27:28 -0700] "GET /lib/reccapi.php?resort=deervalley HTTP/1.1" 200 690 "-" "node-superagent/0.18.2"
170.75.162.130 - - [13/Jul/2015:00:27:28 -0700] "GET /lib/reccapi.php?resort=jacksonhole HTTP/1.1" 200 670 "-" "node-superagent/0.18.2"
170.75.162.130 - - [13/Jul/2015:00:27:28 -0700] "GET /lib/reccapi.php?resort=jaypeak HTTP/1.1" 200 684 "-" "node-superagent/0.18.2"
170.75.162.130 - - [13/Jul/2015:00:27:28 -0700] "GET /lib/reccapi.php?resort=crestedbutte HTTP/1.1" 200 687 "-" "node-superagent/0.18.2"
170.75.162.130 - - [13/Jul/2015:00:27:33 -0700] "GET /lib/reccapi.php?resort=kirkwood HTTP/1.1" 200 686 "-" "node-superagent/0.18.2"
170.75.162.130 - - [13/Jul/2015:00:27:38 -0700] "GET /lib/reccapi.php?resort=loveland HTTP/1.1" 200 668 "-" "node-superagent/0.18.2"
170.75.162.130 - - [13/Jul/2015:00:27:43 -0700] "GET /lib/reccapi.php?resort=sunvalley HTTP/1.1" 200 677 "-" "node-superagent/0.18.2"
170.75.162.130 - - [13/Jul/2015:00:27:48 -0700] "GET /lib/reccapi.php?resort=taos HTTP/1.1" 200 646 "-" "node-superagent/0.18.2"
170.75.162.130 - - [13/Jul/2015:00:27:53 -0700] "GET /lib/reccapi.php?resort=angelfire HTTP/1.1" 200 686 "-" "node-superagent/0.18.2"
170.75.162.130 - - [13/Jul/2015:00:27:58 -0700] "GET /lib/reccapi.php?resort=sundayriver HTTP/1.1" 200 674 "-" "node-superagent/0.18.2"
170.75.162.130 - - [13/Jul/2015:00:28:03 -0700] "GET /lib/reccapi.php?resort=wildcatmountain HTTP/1.1" 200 670 "-" "node-superagent/0.18.2"
170.75.162.130 - - [13/Jul/2015:00:28:08 -0700] "GET /lib/reccapi.php?resort=killington HTTP/1.1" 200 667 "-" "node-superagent/0.18.2"
170.75.162.130 - - [13/Jul/2015:00:28:13 -0700] "GET /lib/reccapi.php?resort=devilshead HTTP/1.1" 200 654 "-" "node-superagent/0.18.2"
170.75.162.130 - - [13/Jul/2015:00:28:18 -0700] "GET /lib/reccapi.php?resort=keystone HTTP/1.1" 200 673 "-" "node-superagent/0.18.2"
170.75.162.130 - - [13/Jul/2015:00:28:23 -0700] "GET /lib/reccapi.php?resort=mountainhigh HTTP/1.1" 200 691 "-" "node-superagent/0.18.2"
170.75.162.130 - - [13/Jul/2015:00:28:28 -0700] "GET /lib/reccapi.php?resort=mounthoodmeadows HTTP/1.1" 200 690 "-" "node-superagent/0.18.2"
170.75.162.130 - - [13/Jul/2015:00:28:33 -0700] "GET /lib/reccapi.php?resort=northstar-at-tahoe HTTP/1.1" 200 670 "-" "node-superagent/0.18.2"
170.75.162.130 - - [13/Jul/2015:00:28:38 -0700] "GET /lib/reccapi.php?resort=parkcity HTTP/1.1" 200 683 "-" "node-superagent/0.18.2"
170.75.162.130 - - [13/Jul/2015:00:28:43 -0700] "GET /lib/reccapi.php?resort=redlodge HTTP/1.1" 200 709 "-" "node-superagent/0.18.2"
170.75.162.130 - - [13/Jul/2015:00:28:48 -0700] "GET /lib/reccapi.php?resort=redmountain HTTP/1.1" 200 665 "-" "node-superagent/0.18.2"
170.75.162.130 - - [13/Jul/2015:00:28:53 -0700] "GET /lib/reccapi.php?resort=schweitzer HTTP/1.1" 200 660 "-" "node-superagent/0.18.2"
170.75.162.130 - - [13/Jul/2015:00:28:58 -0700] "GET /lib/reccapi.php?resort=sugarloaf HTTP/1.1" 200 666 "-" "node-superagent/0.18.2"
170.75.162.130 - - [13/Jul/2015:00:29:03 -0700] "GET /lib/reccapi.php?resort=telluride HTTP/1.1" 200 662 "-" "node-superagent/0.18.2"
170.75.162.130 - - [13/Jul/2015:00:29:08 -0700] "GET /lib/reccapi.php?resort=whistlerblackcomb HTTP/1.1" 200 687 "-" "node-superagent/0.18.2"
170.75.162.130 - - [13/Jul/2015:00:29:13 -0700] "GET /lib/reccapi.php?resort=whitefacemountain HTTP/1.1" 200 670 "-" "node-superagent/0.18.2"
170.75.162.130 - - [13/Jul/2015:00:29:18 -0700] "GET /lib/reccapi.php?resort=winterpark HTTP/1.1" 200 682 "-" "node-superagent/0.18.2"
170.75.162.130 - - [13/Jul/2015:00:29:23 -0700] "GET /lib/reccapi.php?resort=diamondpeak HTTP/1.1" 200 650 "-" "node-superagent/0.18.2"
170.75.162.130 - - [13/Jul/2015:00:29:28 -0700] "GET /lib/reccapi.php?resort=hoodoo HTTP/1.1" 200 663 "-" "node-superagent/0.18.2"
66.249.79.14 - - [13/Jul/2015:00:29:30 -0700] "GET /lib/resortDataSearch.php?resort=brundage&dateStart=2012-11-27&dateMax=2012-12-11&size=30 HTTP/1.1" 200 331 "-" "Mozilla/5.0 (compatible; Googlebot/2.1; +http://www.google.com/bot.html)"
66.249.79.250 - - [13/Jul/2015:00:29:31 -0700] "GET /lib/resortDataSearch.php?resort=maverickmountain&dateStart=2013-11-12&dateMax=2013-11-26&size=30 HTTP/1.1" 200 331 "-" "Mozilla/5.0 (compatible; Googlebot/2.1; +http://www.google.com/bot.html)"
170.75.162.130 - - [13/Jul/2015:00:29:33 -0700] "GET /lib/reccapi.php?resort=mtrose HTTP/1.1" 200 652 "-" "node-superagent/0.18.2"
170.75.162.130 - - [13/Jul/2015:00:29:38 -0700] "GET /lib/reccapi.php?resort=squawvalleyusa HTTP/1.1" 200 684 "-" "node-superagent/0.18.2"
170.75.162.130 - - [13/Jul/2015:00:29:43 -0700] "GET /lib/reccapi.php?resort=madriverglen HTTP/1.1" 200 669 "-" "node-superagent/0.18.2"
170.75.162.130 - - [13/Jul/2015:00:29:48 -0700] "GET /lib/reccapi.php?resort=mammothmountain HTTP/1.1" 200 690 "-" "node-superagent/0.18.2"
170.75.162.130 - - [13/Jul/2015:00:29:53 -0700] "GET /lib/reccapi.php?resort=monarch HTTP/1.1" 200 662 "-" "node-superagent/0.18.2"
170.75.162.130 - - [13/Jul/2015:00:29:58 -0700] "GET /lib/reccapi.php?resort=mountbachelor HTTP/1.1" 200 686 "-" "node-superagent/0.18.2"
170.75.162.130 - - [13/Jul/2015:00:30:03 -0700] "GET /lib/reccapi.php?resort=sierra-at-tahoe HTTP/1.1" 200 671 "-" "node-superagent/0.18.2"
170.75.162.130 - - [13/Jul/2015:00:30:08 -0700] "GET /lib/reccapi.php?resort=silverstarmountain HTTP/1.1" 200 688 "-" "node-superagent/0.18.2"
170.75.162.130 - - [13/Jul/2015:00:30:13 -0700] "GET /lib/reccapi.php?resort=smugglersnotch HTTP/1.1" 200 674 "-" "node-superagent/0.18.2"
170.75.162.130 - - [13/Jul/2015:00:30:18 -0700] "GET /lib/reccapi.php?resort=snowbasin HTTP/1.1" 200 662 "-" "node-superagent/0.18.2"
170.75.162.130 - - [13/Jul/2015:00:30:23 -0700] "GET /lib/reccapi.php?resort=snowbird HTTP/1.1" 200 662 "-" "node-superagent/0.18.2"
170.75.162.130 - - [13/Jul/2015:00:30:28 -0700] "GET /lib/reccapi.php?resort=snowmass HTTP/1.1" 200 656 "-" "node-superagent/0.18.2"
170.75.162.130 - - [13/Jul/2015:00:30:33 -0700] "GET /lib/reccapi.php?resort=solitude HTTP/1.1" 200 654 "-" "node-superagent/0.18.2"
170.75.162.130 - - [13/Jul/2015:00:30:38 -0700] "GET /lib/reccapi.php?resort=steamboat HTTP/1.1" 200 671 "-" "node-superagent/0.18.2"
170.75.162.130 - - [13/Jul/2015:00:30:43 -0700] "GET /lib/reccapi.php?resort=stevenspass HTTP/1.1" 200 673 "-" "node-superagent/0.18.2"
170.75.162.130 - - [13/Jul/2015:00:30:48 -0700] "GET /lib/reccapi.php?resort=stowe HTTP/1.1" 200 652 "-" "node-superagent/0.18.2"
170.75.162.130 - - [13/Jul/2015:00:30:53 -0700] "GET /lib/reccapi.php?resort=sugarbowl HTTP/1.1" 200 667 "-" "node-superagent/0.18.2"
170.75.162.130 - - [13/Jul/2015:00:30:58 -0700] "GET /lib/reccapi.php?resort=sugarbush HTTP/1.1" 200 671 "-" "node-superagent/0.18.2"
170.75.162.130 - - [13/Jul/2015:00:31:03 -0700] "GET /lib/reccapi.php?resort=mountspokane HTTP/1.1" 200 692 "-" "node-superagent/0.18.2"
66.249.79.14 - - [13/Jul/2015:00:39:09 -0700] "GET /lib/resortDataSearch.php?resort=silverstarmountain&dateStart=2014-01-08&dateMax=2014-01-18&size=30 HTTP/1.1" 200 331 "-" "Mozilla/5.0 (compatible; Googlebot/2.1; +http://www.google.com/bot.html)"
66.249.79.14 - - [13/Jul/2015:00:42:25 -0700] "GET /lib/resortDataSearch.php?resort=lookoutpass&dateStart=2013-10-11&dateMax=2013-10-21&size=30 HTTP/1.1" 200 331 "-" "Mozilla/5.0 (compatible; Googlebot/2.1; +http://www.google.com/bot.html)"
66.249.79.14 - - [13/Jul/2015:00:42:54 -0700] "GET /resorts?resort=laslenas&date=2014-08-31 HTTP/1.1" 404 506 "-" "Mozilla/5.0 (compatible; Googlebot/2.1; +http://www.google.com/bot.html)"
66.249.79.14 - - [13/Jul/2015:00:44:05 -0700] "GET /lib/resortDataSearch.php?resort=squawvalleyusa&dateStart=2013-02-14&dateMax=2013-02-24&size=30 HTTP/1.1" 200 331 "-" "Mozilla/5.0 (compatible; Googlebot/2.1; +http://www.google.com/bot.html)"
66.249.79.250 - - [13/Jul/2015:00:44:06 -0700] "GET /lib/resortDataSearch.php?resort=mountbaker&dateStart=2013-11-12&dateMax=2013-11-26&size=30 HTTP/1.1" 200 331 "-" "Mozilla/5.0 (compatible; Googlebot/2.1; +http://www.google.com/bot.html)"
66.249.79.14 - - [13/Jul/2015:00:44:06 -0700] "GET /lib/resortDataSearch.php?resort=mt.baldy&dateStart=2013-05-05&dateMax=2013-05-15&size=30 HTTP/1.1" 200 330 "-" "Mozilla/5.0 (compatible; Googlebot/2.1; +http://www.google.com/bot.html)"
66.249.79.1 - - [13/Jul/2015:00:44:07 -0700] "GET /lib/resortDataSearch.php?resort=parkcity&dateStart=2013-11-12&dateMax=2013-11-26&size=30 HTTP/1.1" 200 331 "-" "Mozilla/5.0 (compatible; Googlebot/2.1; +http://www.google.com/bot.html)"
66.249.79.250 - - [13/Jul/2015:00:44:07 -0700] "GET /lib/resortDataSearch.php?resort=sierra-at-tahoe&dateStart=2013-02-16&dateMax=2013-02-26&size=30 HTTP/1.1" 200 330 "-" "Mozilla/5.0 (compatible; Googlebot/2.1; +http://www.google.com/bot.html)"
66.249.79.40 - - [13/Jul/2015:00:44:08 -0700] "GET /lib/resortDataSearch.php?resort=redmountain&dateStart=2012-12-31&dateMax=2013-01-10&size=30 HTTP/1.1" 200 331 "-" "Mozilla/5.0 (compatible; Googlebot/2.1; +http://www.google.com/bot.html)"
66.249.79.250 - - [13/Jul/2015:00:45:02 -0700] "GET /lib/resortDataSearch.php?resort=willamettepass&dateStart=2013-01-27&dateMax=2013-02-06&size=30 HTTP/1.1" 200 331 "-" "Mozilla/5.0 (compatible; Googlebot/2.1; +http://www.google.com/bot.html)"
180.76.15.141 - - [13/Jul/2015:00:48:15 -0700] "GET / HTTP/1.1" 200 6114 "-" "Mozilla/5.0 (compatible; Baiduspider/2.0; +http://www.baidu.com/search/spider.html)"
180.76.15.154 - - [13/Jul/2015:00:49:24 -0700] "GET / HTTP/1.1" 200 6114 "-" "Mozilla/5.0 (compatible; Baiduspider/2.0; +http://www.baidu.com/search/spider.html)"
66.249.79.14 - - [13/Jul/2015:00:50:15 -0700] "GET /lib/resortDataSearch.php?resort=winterpark&dateStart=2012-12-20&dateMax=2012-12-30&size=30 HTTP/1.1" 200 331 "-" "Mozilla/5.0 (compatible; Googlebot/2.1; +http://www.google.com/bot.html)"
66.249.79.14 - - [13/Jul/2015:00:55:44 -0700] "GET /lib/resortDataSearch.php?resort=loveland&dateStart=2013-11-12&dateMax=2013-11-26&size=30 HTTP/1.1" 200 331 "-" "Mozilla/5.0 (compatible; Googlebot/2.1; +http://www.google.com/bot.html)"
66.249.79.1 - - [13/Jul/2015:00:55:45 -0700] "GET /lib/resortDataSearch.php?resort=skicooper&dateStart=2012-12-09&dateMax=2012-12-19&size=30 HTTP/1.1" 200 331 "-" "Mozilla/5.0 (compatible; Googlebot/2.1; +http://www.google.com/bot.html)"
66.249.79.14 - - [13/Jul/2015:00:55:45 -0700] "GET /lib/resortDataSearch.php?resort=soldiermountain&dateStart=2014-02-01&dateMax=2014-02-11&size=30 HTTP/1.1" 200 330 "-" "Mozilla/5.0 (compatible; Googlebot/2.1; +http://www.google.com/bot.html)"
66.249.79.14 - - [13/Jul/2015:00:55:46 -0700] "GET /lib/resortDataSearch.php?resort=lasvegasskiandsnowboard&dateStart=2013-01-28&dateMax=2013-02-07&size=30 HTTP/1.1" 200 330 "-" "Mozilla/5.0 (compatible; Googlebot/2.1; +http://www.google.com/bot.html)"
66.249.79.16 - - [13/Jul/2015:00:55:46 -0700] "GET / HTTP/1.1" 200 2376 "-" "Mozilla/5.0 (compatible; Googlebot/2.1; +http://www.google.com/bot.html)"
66.249.79.1 - - [13/Jul/2015:01:00:40 -0700] "GET /lib/resortDataSearch.php?resort=crystalmountain&dateStart=2012-12-09&dateMax=2012-12-19&size=30 HTTP/1.1" 200 331 "-" "Mozilla/5.0 (compatible; Googlebot/2.1; +http://www.google.com/bot.html)"
66.249.79.1 - - [13/Jul/2015:01:00:41 -0700] "GET /lib/resortDataSearch.php?resort=turnermountain&dateStart=2013-01-26&dateMax=2013-02-09&size=30 HTTP/1.1" 200 330 "-" "Mozilla/5.0 (compatible; Googlebot/2.1; +http://www.google.com/bot.html)"
66.249.79.250 - - [13/Jul/2015:01:10:44 -0700] "GET /lib/resortDataSearch.php?resort=tetonpass&dateStart=2014-03-09&dateMax=2014-03-19&size=30 HTTP/1.1" 200 331 "-" "Mozilla/5.0 (compatible; Googlebot/2.1; +http://www.google.com/bot.html)"
123.125.71.72 - - [13/Jul/2015:01:11:36 -0700] "-" 408 0 "-" "-"
66.249.79.1 - - [13/Jul/2015:01:13:39 -0700] "GET /lib/resortDataSearch.php?resort=kellycanyon&dateStart=2013-10-15&dateMax=2013-10-29&size=30 HTTP/1.1" 200 331 "-" "Mozilla/5.0 (compatible; Googlebot/2.1; +http://www.google.com/bot.html)"
66.249.79.250 - - [13/Jul/2015:01:13:40 -0700] "GET /lib/resortDataSearch.php?resort=showdown&dateStart=2013-10-21&dateMax=2013-11-04&size=30 HTTP/1.1" 200 331 "-" "Mozilla/5.0 (compatible; Googlebot/2.1; +http://www.google.com/bot.html)"
66.249.79.40 - - [13/Jul/2015:01:13:40 -0700] "GET /lib/resortDataSearch.php?resort=mountspokane&dateStart=2013-06-10&dateMax=2013-06-20&size=30 HTTP/1.1" 200 331 "-" "Mozilla/5.0 (compatible; Googlebot/2.1; +http://www.google.com/bot.html)"
66.249.79.1 - - [13/Jul/2015:01:14:35 -0700] "GET /lib/resortDataSearch.php?resort=sunpeaksresort&dateStart=2013-02-04&dateMax=2013-02-14&size=30 HTTP/1.1" 200 331 "-" "Mozilla/5.0 (compatible; Googlebot/2.1; +http://www.google.com/bot.html)"
220.181.108.176 - - [13/Jul/2015:01:14:56 -0700] "-" 408 0 "-" "-"
66.249.79.250 - - [13/Jul/2015:01:15:34 -0700] "GET /lib/resortDataSearch.php?resort=taos&dateStart=2012-12-07&dateMax=2012-12-17&size=30 HTTP/1.1" 200 331 "-" "Mozilla/5.0 (compatible; Googlebot/2.1; +http://www.google.com/bot.html)"
66.249.79.14 - - [13/Jul/2015:01:16:32 -0700] "GET /lib/resortDataSearch.php?resort=keystone&dateStart=2013-10-15&dateMax=2013-10-29&size=30 HTTP/1.1" 200 331 "-" "Mozilla/5.0 (compatible; Googlebot/2.1; +http://www.google.com/bot.html)"
66.249.79.250 - - [13/Jul/2015:01:17:31 -0700] "GET /lib/resortDataSearch.php?resort=whitepass&dateStart=2013-10-21&dateMax=2013-11-04&size=30 HTTP/1.1" 200 331 "-" "Mozilla/5.0 (compatible; Googlebot/2.1; +http://www.google.com/bot.html)"
66.249.79.66 - - [13/Jul/2015:01:18:30 -0700] "GET /lib/resortDataSearch.php?resort=snowbasin&dateStart=2013-10-02&dateMax=2013-10-12&size=30 HTTP/1.1" 200 331 "-" "Mozilla/5.0 (compatible; Googlebot/2.1; +http://www.google.com/bot.html)"
66.249.79.53 - - [13/Jul/2015:01:19:29 -0700] "GET /lib/resortDataSearch.php?resort=greatdivide&dateStart=2013-10-28&dateMax=2013-11-11&size=30 HTTP/1.1" 200 331 "-" "Mozilla/5.0 (compatible; Googlebot/2.1; +http://www.google.com/bot.html)"
66.249.79.1 - - [13/Jul/2015:01:20:28 -0700] "GET /lib/resortDataSearch.php?resort=beavermountain&dateStart=2013-10-09&dateMax=2013-10-23&size=30 HTTP/1.1" 200 331 "-" "Mozilla/5.0 (compatible; Googlebot/2.1; +http://www.google.com/bot.html)"
66.249.79.66 - - [13/Jul/2015:01:21:27 -0700] "GET /lib/resortDataSearch.php?resort=silverstarmountain&dateStart=2012-12-19&dateMax=2012-12-29&size=30 HTTP/1.1" 200 331 "-" "Mozilla/5.0 (compatible; Googlebot/2.1; +http://www.google.com/bot.html)"
66.249.79.1 - - [13/Jul/2015:01:22:26 -0700] "GET /lib/resortDataSearch.php?resort=eaglepoint&dateStart=2012-12-09&dateMax=2012-12-19&size=30 HTTP/1.1" 200 331 "-" "Mozilla/5.0 (compatible; Googlebot/2.1; +http://www.google.com/bot.html)"
66.249.79.250 - - [13/Jul/2015:01:23:24 -0700] "GET /lib/resortDataSearch.php?resort=buttermilk&dateStart=2013-03-17&dateMax=2013-03-27&size=30 HTTP/1.1" 200 331 "-" "Mozilla/5.0 (compatible; Googlebot/2.1; +http://www.google.com/bot.html)"
66.249.79.14 - - [13/Jul/2015:01:24:23 -0700] "GET /lib/resortDataSearch.php?resort=hurricaneridge&dateStart=2012-12-25&dateMax=2013-01-04&size=30 HTTP/1.1" 200 331 "-" "Mozilla/5.0 (compatible; Googlebot/2.1; +http://www.google.com/bot.html)"
66.249.79.250 - - [13/Jul/2015:01:25:22 -0700] "GET /lib/resortDataSearch.php?resort=sugarbowl&dateStart=2012-12-12&dateMax=2012-12-22&size=30 HTTP/1.1" 200 331 "-" "Mozilla/5.0 (compatible; Googlebot/2.1; +http://www.google.com/bot.html)"
66.249.79.1 - - [13/Jul/2015:01:26:21 -0700] "GET /lib/resortDataSearch.php?resort=alta&dateStart=2012-12-10&dateMax=2012-12-20&size=30 HTTP/1.1" 200 331 "-" "Mozilla/5.0 (compatible; Googlebot/2.1; +http://www.google.com/bot.html)"
66.249.79.1 - - [13/Jul/2015:01:27:20 -0700] "GET /lib/resortDataSearch.php?resort=sundance&dateStart=2014-02-04&dateMax=2014-02-14&size=30 HTTP/1.1" 200 331 "-" "Mozilla/5.0 (compatible; Googlebot/2.1; +http://www.google.com/bot.html)"
66.249.79.14 - - [13/Jul/2015:01:28:19 -0700] "GET /lib/resortDataSearch.php?resort=magicmountain&dateStart=2014-02-02&dateMax=2014-02-12&size=30 HTTP/1.1" 200 331 "-" "Mozilla/5.0 (compatible; Googlebot/2.1; +http://www.google.com/bot.html)"
66.249.79.14 - - [13/Jul/2015:01:30:16 -0700] "GET /lib/resortDataSearch.php?resort=northstar-at-tahoe&dateStart=2012-11-23&dateMax=2012-12-03&size=30 HTTP/1.1" 200 331 "-" "Mozilla/5.0 (compatible; Googlebot/2.1; +http://www.google.com/bot.html)"
66.249.79.14 - - [13/Jul/2015:01:31:05 -0700] "GET /lib/resortDataSearch.php?resort=crystalmountain&dateStart=2012-12-20&dateMax=2012-12-30&size=30 HTTP/1.1" 200 331 "-" "Mozilla/5.0 (compatible; Googlebot/2.1; +http://www.google.com/bot.html)"
66.249.79.1 - - [13/Jul/2015:01:31:05 -0700] "GET /lib/resortDataSearch.php?resort=mountainhigh&dateStart=2013-02-27&dateMax=2013-03-09&size=30 HTTP/1.1" 200 331 "-" "Mozilla/5.0 (compatible; Googlebot/2.1; +http://www.google.com/bot.html)"
66.249.79.1 - - [13/Jul/2015:01:31:06 -0700] "GET /lib/resortDataSearch.php?resort=mt.shasta&dateStart=2013-10-17&dateMax=2013-10-27&size=30 HTTP/1.1" 200 330 "-" "Mozilla/5.0 (compatible; Googlebot/2.1; +http://www.google.com/bot.html)"
66.249.79.1 - - [13/Jul/2015:01:31:07 -0700] "GET /lib/resortDataSearch.php?resort=timberline&dateStart=2013-12-31&dateMax=2014-01-10&size=30 HTTP/1.1" 200 330 "-" "Mozilla/5.0 (compatible; Googlebot/2.1; +http://www.google.com/bot.html)"
180.76.15.140 - - [13/Jul/2015:01:37:13 -0700] "GET / HTTP/1.1" 200 6114 "-" "Mozilla/5.0 (compatible; Baiduspider/2.0; +http://www.baidu.com/search/spider.html)"
180.76.15.7 - - [13/Jul/2015:01:37:57 -0700] "GET / HTTP/1.1" 200 6114 "-" "Mozilla/5.0 (compatible; Baiduspider/2.0; +http://www.baidu.com/search/spider.html)"
66.249.79.1 - - [13/Jul/2015:01:40:59 -0700] "GET /lib/resortDataSearch.php?resort=granitepeak&dateStart=2014-01-13&dateMax=2014-01-23&size=30 HTTP/1.1" 200 331 "-" "Mozilla/5.0 (compatible; Googlebot/2.1; +http://www.google.com/bot.html)"
66.249.79.40 - - [13/Jul/2015:01:45:18 -0700] "GET /lib/resortDataSearch.php?resort=granitepeak&dateStart=2013-06-03&dateMax=2013-06-13&size=30 HTTP/1.1" 200 331 "-" "Mozilla/5.0 (compatible; Googlebot/2.1; +http://www.google.com/bot.html)"
66.249.79.14 - - [13/Jul/2015:01:45:19 -0700] "GET /lib/resortDataSearch.php?resort=powderhorn&dateStart=2012-12-09&dateMax=2012-12-19&size=30 HTTP/1.1" 200 331 "-" "Mozilla/5.0 (compatible; Googlebot/2.1; +http://www.google.com/bot.html)"
66.249.79.250 - - [13/Jul/2015:01:45:19 -0700] "GET /lib/resortDataSearch.php?resort=bigsky&dateStart=2013-12-16&dateMax=2013-12-26&size=30 HTTP/1.1" 200 331 "-" "Mozilla/5.0 (compatible; Googlebot/2.1; +http://www.google.com/bot.html)"
66.249.79.1 - - [13/Jul/2015:01:50:55 -0700] "GET /lib/resortDataSearch.php?resort=bigwhite&dateStart=2013-12-12&dateMax=2013-12-22&size=30 HTTP/1.1" 200 331 "-" "Mozilla/5.0 (compatible; Googlebot/2.1; +http://www.google.com/bot.html)"
66.249.79.40 - - [13/Jul/2015:01:55:16 -0700] "GET /lib/resortDataSearch.php?resort=mounthoodmeadows&dateStart=2013-05-23&dateMax=2013-06-06&size=30 HTTP/1.1" 200 331 "-" "Mozilla/5.0 (compatible; Googlebot/2.1; +http://www.google.com/bot.html)"
66.249.79.1 - - [13/Jul/2015:01:55:52 -0700] "GET /lib/resortDataSearch.php?resort=alpinemeadows&dateStart=2013-05-18&dateMax=2013-05-28&size=30 HTTP/1.1" 200 331 "-" "Mozilla/5.0 (compatible; Googlebot/2.1; +http://www.google.com/bot.html)"
66.249.79.250 - - [13/Jul/2015:01:56:50 -0700] "GET /lib/resortDataSearch.php?resort=mounthoodmeadows&dateStart=2012-12-26&dateMax=2013-01-05&size=30 HTTP/1.1" 200 331 "-" "Mozilla/5.0 (compatible; Googlebot/2.1; +http://www.google.com/bot.html)"
66.249.79.53 - - [13/Jul/2015:01:57:49 -0700] "GET /lib/resortDataSearch.php?resort=arapahoebasin&dateStart=2013-06-04&dateMax=2013-06-14&size=30 HTTP/1.1" 200 331 "-" "Mozilla/5.0 (compatible; Googlebot/2.1; +http://www.google.com/bot.html)"
66.249.79.1 - - [13/Jul/2015:01:58:48 -0700] "GET /lib/resortDataSearch.php?resort=sunlight&dateStart=2013-04-27&dateMax=2013-05-07&size=30 HTTP/1.1" 200 331 "-" "Mozilla/5.0 (compatible; Googlebot/2.1; +http://www.google.com/bot.html)"
66.249.79.40 - - [13/Jul/2015:01:59:47 -0700] "GET /lib/resortDataSearch.php?resort=mounthoodmeadows&dateStart=2013-05-30&dateMax=2013-06-13&size=30 HTTP/1.1" 200 331 "-" "Mozilla/5.0 (compatible; Googlebot/2.1; +http://www.google.com/bot.html)"
66.249.79.53 - - [13/Jul/2015:02:00:46 -0700] "GET /lib/resortDataSearch.php?resort=alta&dateStart=2013-05-30&dateMax=2013-06-13&size=30 HTTP/1.1" 200 331 "-" "Mozilla/5.0 (compatible; Googlebot/2.1; +http://www.google.com/bot.html)"
192.99.107.125 - - [13/Jul/2015:02:01:05 -0700] "GET /robots.txt HTTP/1.1" 200 363 "-" "Mozilla/5.0 (compatible; meanpathbot/1.0; +http://www.meanpath.com/meanpathbot.html)"
192.99.107.124 - - [13/Jul/2015:02:01:06 -0700] "GET / HTTP/1.1" 200 2320 "-" "Mozilla/5.0 (compatible; meanpathbot/1.0; +http://www.meanpath.com/meanpathbot.html)"
66.249.79.14 - - [13/Jul/2015:02:01:45 -0700] "GET /lib/resortDataSearch.php?resort=angelfire&dateStart=2014-04-02&dateMax=2014-04-12&size=30 HTTP/1.1" 200 331 "-" "Mozilla/5.0 (compatible; Googlebot/2.1; +http://www.google.com/bot.html)"
66.249.79.66 - - [13/Jul/2015:02:02:44 -0700] "GET /lib/resortDataSearch.php?resort=snowbird&dateStart=2013-10-31&dateMax=2013-11-10&size=30 HTTP/1.1" 200 331 "-" "Mozilla/5.0 (compatible; Googlebot/2.1; +http://www.google.com/bot.html)"
66.249.79.250 - - [13/Jul/2015:02:03:42 -0700] "GET /lib/resortDataSearch.php?resort=porcupine&dateStart=2013-05-05&dateMax=2013-05-15&size=30 HTTP/1.1" 200 331 "-" "Mozilla/5.0 (compatible; Googlebot/2.1; +http://www.google.com/bot.html)"
66.249.79.14 - - [13/Jul/2015:02:06:51 -0700] "GET /lib/resortDataSearch.php?resort=skisantafe&dateStart=2013-10-09&dateMax=2013-10-19&size=30 HTTP/1.1" 200 331 "-" "Mozilla/5.0 (compatible; Googlebot/2.1; +http://www.google.com/bot.html)"
66.249.79.40 - - [13/Jul/2015:02:06:52 -0700] "GET /lib/resortDataSearch.php?resort=pomerelle&dateStart=2013-06-04&dateMax=2013-06-14&size=30 HTTP/1.1" 200 331 "-" "Mozilla/5.0 (compatible; Googlebot/2.1; +http://www.google.com/bot.html)"
66.249.79.250 - - [13/Jul/2015:02:06:52 -0700] "GET /lib/resortDataSearch.php?resort=alyeska&dateStart=2012-12-23&dateMax=2013-01-02&size=30 HTTP/1.1" 200 331 "-" "Mozilla/5.0 (compatible; Googlebot/2.1; +http://www.google.com/bot.html)"
66.249.79.250 - - [13/Jul/2015:02:06:53 -0700] "GET /lib/resortDataSearch.php?resort=beavermountain&dateStart=2012-12-18&dateMax=2012-12-28&size=30 HTTP/1.1" 200 330 "-" "Mozilla/5.0 (compatible; Googlebot/2.1; +http://www.google.com/bot.html)"
66.249.79.14 - - [13/Jul/2015:02:06:53 -0700] "GET /lib/resortDataSearch.php?resort=arizonasnowbowl&dateStart=2013-02-02&dateMax=2013-02-12&size=30 HTTP/1.1" 200 330 "-" "Mozilla/5.0 (compatible; Googlebot/2.1; +http://www.google.com/bot.html)"
66.249.79.14 - - [13/Jul/2015:02:06:54 -0700] "GET /lib/resortDataSearch.php?resort=buttermilk&dateStart=2013-04-25&dateMax=2013-05-05&size=30 HTTP/1.1" 200 330 "-" "Mozilla/5.0 (compatible; Googlebot/2.1; +http://www.google.com/bot.html)"
66.249.79.250 - - [13/Jul/2015:02:06:54 -0700] "GET /lib/resortDataSearch.php?resort=eaglepoint&dateStart=2012-12-03&dateMax=2012-12-13&size=30 HTTP/1.1" 200 330 "-" "Mozilla/5.0 (compatible; Googlebot/2.1; +http://www.google.com/bot.html)"
66.249.79.250 - - [13/Jul/2015:02:07:51 -0700] "GET /lib/resortDataSearch.php?resort=sugarbowl&dateStart=2013-02-15&dateMax=2013-02-25&size=30 HTTP/1.1" 200 331 "-" "Mozilla/5.0 (compatible; Googlebot/2.1; +http://www.google.com/bot.html)"
123.125.71.103 - - [13/Jul/2015:02:08:17 -0700] "-" 408 0 "-" "-"
66.249.79.250 - - [13/Jul/2015:02:08:50 -0700] "GET /lib/resortDataSearch.php?resort=telluride&dateStart=2013-01-26&dateMax=2013-02-05&size=30 HTTP/1.1" 200 331 "-" "Mozilla/5.0 (compatible; Googlebot/2.1; +http://www.google.com/bot.html)"
66.249.79.14 - - [13/Jul/2015:02:09:48 -0700] "GET /lib/resortDataSearch.php?resort=dodgeridge&dateStart=2012-12-08&dateMax=2012-12-18&size=30 HTTP/1.1" 200 331 "-" "Mozilla/5.0 (compatible; Googlebot/2.1; +http://www.google.com/bot.html)"
66.249.79.1 - - [13/Jul/2015:02:10:47 -0700] "GET /lib/resortDataSearch.php?resort=crystalmountain&dateStart=2013-12-17&dateMax=2013-12-27&size=30 HTTP/1.1" 200 331 "-" "Mozilla/5.0 (compatible; Googlebot/2.1; +http://www.google.com/bot.html)"
66.249.79.14 - - [13/Jul/2015:02:11:46 -0700] "GET /lib/resortDataSearch.php?resort=louploupskibowl&dateStart=2013-03-17&dateMax=2013-03-27&size=30 HTTP/1.1" 200 331 "-" "Mozilla/5.0 (compatible; Googlebot/2.1; +http://www.google.com/bot.html)"
66.249.79.14 - - [13/Jul/2015:02:12:45 -0700] "GET /lib/resortDataSearch.php?resort=silverton&dateStart=2013-01-23&dateMax=2013-02-02&size=30 HTTP/1.1" 200 331 "-" "Mozilla/5.0 (compatible; Googlebot/2.1; +http://www.google.com/bot.html)"
220.181.108.153 - - [13/Jul/2015:02:13:14 -0700] "-" 408 0 "-" "-"
66.249.79.250 - - [13/Jul/2015:02:13:44 -0700] "GET /lib/resortDataSearch.php?resort=mountspokane&dateStart=2013-03-17&dateMax=2013-03-27&size=30 HTTP/1.1" 200 331 "-" "Mozilla/5.0 (compatible; Googlebot/2.1; +http://www.google.com/bot.html)"
66.249.79.1 - - [13/Jul/2015:02:14:43 -0700] "GET /lib/resortDataSearch.php?resort=turnermountain&dateStart=2012-12-12&dateMax=2012-12-22&size=30 HTTP/1.1" 200 331 "-" "Mozilla/5.0 (compatible; Googlebot/2.1; +http://www.google.com/bot.html)"
66.249.79.250 - - [13/Jul/2015:02:15:41 -0700] "GET /lib/resortDataSearch.php?resort=boyne&dateStart=2013-03-12&dateMax=2013-03-22&size=30 HTTP/1.1" 200 331 "-" "Mozilla/5.0 (compatible; Googlebot/2.1; +http://www.google.com/bot.html)"
157.55.39.20 - - [13/Jul/2015:02:15:45 -0700] "GET /robots.txt HTTP/1.1" 200 375 "-" "Mozilla/5.0 (compatible; bingbot/2.0; +http://www.bing.com/bingbot.htm)"
157.55.39.20 - - [13/Jul/2015:02:18:17 -0700] "GET / HTTP/1.1" 200 2376 "-" "Mozilla/5.0 (compatible; bingbot/2.0; +http://www.bing.com/bingbot.htm)"
66.249.79.1 - - [13/Jul/2015:02:21:27 -0700] "GET /lib/resortDataSearch.php?resort=turnermountain&dateStart=2013-01-30&dateMax=2013-02-09&size=30 HTTP/1.1" 200 331 "-" "Mozilla/5.0 (compatible; Googlebot/2.1; +http://www.google.com/bot.html)"
66.249.79.250 - - [13/Jul/2015:02:22:38 -0700] "GET /lib/resortDataSearch.php?resort=kickinghorsemountain&dateStart=2013-02-02&dateMax=2013-02-12&size=30 HTTP/1.1" 200 331 "-" "Mozilla/5.0 (compatible; Googlebot/2.1; +http://www.google.com/bot.html)"
66.249.79.14 - - [13/Jul/2015:02:23:08 -0700] "GET /lib/resortDataSearch.php?resort=mtrose&dateStart=2014-04-19&dateMax=2014-04-29&size=30 HTTP/1.1" 200 331 "-" "Mozilla/5.0 (compatible; Googlebot/2.1; +http://www.google.com/bot.html)"
104.174.77.4 - - [13/Jul/2015:02:23:23 -0700] "GET /images/wsis-logo-sm.png HTTP/1.1" 200 6108 "http://www.thebackcountry.net/" "Mozilla/5.0 (iPhone; CPU iPhone OS 8_3 like Mac OS X) AppleWebKit/600.1.4 (KHTML, like Gecko) Version/8.0 Mobile/12F70 Safari/600.1.4"
66.249.79.250 - - [13/Jul/2015:02:31:08 -0700] "GET /lib/resortDataSearch.php?resort=mountspokane&dateStart=2012-12-12&dateMax=2012-12-22&size=30 HTTP/1.1" 200 331 "-" "Mozilla/5.0 (compatible; Googlebot/2.1; +http://www.google.com/bot.html)"
66.249.79.1 - - [13/Jul/2015:02:31:09 -0700] "GET /lib/resortDataSearch.php?resort=anthonylakes&dateStart=2014-04-09&dateMax=2014-04-19&size=30 HTTP/1.1" 200 331 "-" "Mozilla/5.0 (compatible; Googlebot/2.1; +http://www.google.com/bot.html)"
66.249.79.1 - - [13/Jul/2015:02:31:09 -0700] "GET /lib/resortDataSearch.php?resort=bigwhite&dateStart=2013-01-30&dateMax=2013-02-09&size=30 HTTP/1.1" 200 330 "-" "Mozilla/5.0 (compatible; Googlebot/2.1; +http://www.google.com/bot.html)"
66.249.79.250 - - [13/Jul/2015:02:32:06 -0700] "GET /lib/resortDataSearch.php?resort=greatdivide&dateStart=2014-02-09&dateMax=2014-02-19&size=30 HTTP/1.1" 200 331 "-" "Mozilla/5.0 (compatible; Googlebot/2.1; +http://www.google.com/bot.html)"
66.249.79.14 - - [13/Jul/2015:02:33:05 -0700] "GET /lib/resortDataSearch.php?resort=solitude&dateStart=2012-12-09&dateMax=2012-12-19&size=30 HTTP/1.1" 200 331 "-" "Mozilla/5.0 (compatible; Googlebot/2.1; +http://www.google.com/bot.html)"
66.249.79.1 - - [13/Jul/2015:02:34:03 -0700] "GET /lib/resortDataSearch.php?resort=purgatory&dateStart=2013-01-25&dateMax=2013-02-04&size=30 HTTP/1.1" 200 331 "-" "Mozilla/5.0 (compatible; Googlebot/2.1; +http://www.google.com/bot.html)"
180.76.15.27 - - [13/Jul/2015:02:34:58 -0700] "GET / HTTP/1.1" 200 6114 "-" "Mozilla/5.0 (compatible; Baiduspider/2.0; +http://www.baidu.com/search/spider.html)"
66.249.79.250 - - [13/Jul/2015:02:35:02 -0700] "GET /lib/resortDataSearch.php?resort=whitepass&dateStart=2012-12-13&dateMax=2012-12-23&size=30 HTTP/1.1" 200 331 "-" "Mozilla/5.0 (compatible; Googlebot/2.1; +http://www.google.com/bot.html)"
180.76.15.162 - - [13/Jul/2015:02:35:41 -0700] "GET / HTTP/1.1" 200 6114 "-" "Mozilla/5.0 (compatible; Baiduspider/2.0; +http://www.baidu.com/search/spider.html)"
66.249.79.66 - - [13/Jul/2015:02:36:01 -0700] "GET /lib/resortDataSearch.php?resort=mountbohemia&dateStart=2013-06-07&dateMax=2013-06-17&size=30 HTTP/1.1" 200 331 "-" "Mozilla/5.0 (compatible; Googlebot/2.1; +http://www.google.com/bot.html)"
66.249.79.3 - - [13/Jul/2015:02:37:00 -0700] "GET / HTTP/1.1" 200 2376 "-" "Mozilla/5.0 (compatible; Googlebot/2.1; +http://www.google.com/bot.html)"
66.249.79.14 - - [13/Jul/2015:02:40:58 -0700] "GET /lib/resortDataSearch.php?resort=snowking&dateStart=2013-11-12&dateMax=2013-11-26&size=30 HTTP/1.1" 200 331 "-" "Mozilla/5.0 (compatible; Googlebot/2.1; +http://www.google.com/bot.html)"
66.249.79.40 - - [13/Jul/2015:02:45:30 -0700] "GET /lib/resortDataSearch.php?resort=powdermountain&dateStart=2013-10-03&dateMax=2013-10-13&size=30 HTTP/1.1" 200 331 "-" "Mozilla/5.0 (compatible; Googlebot/2.1; +http://www.google.com/bot.html)"
66.249.79.66 - - [13/Jul/2015:02:45:31 -0700] "GET /lib/resortDataSearch.php?resort=whistlerblackcomb&dateStart=2013-12-14&dateMax=2013-12-24&size=30 HTTP/1.1" 200 331 "-" "Mozilla/5.0 (compatible; Googlebot/2.1; +http://www.google.com/bot.html)"
66.249.79.14 - - [13/Jul/2015:02:45:31 -0700] "GET /lib/resortDataSearch.php?resort=buttermilk&dateStart=2013-02-12&dateMax=2013-02-22&size=30 HTTP/1.1" 200 331 "-" "Mozilla/5.0 (compatible; Googlebot/2.1; +http://www.google.com/bot.html)"
66.249.79.250 - - [13/Jul/2015:02:46:28 -0700] "GET /lib/resortDataSearch.php?resort=antelopebutte&dateStart=2012-12-18&dateMax=2012-12-28&size=30 HTTP/1.1" 200 331 "-" "Mozilla/5.0 (compatible; Googlebot/2.1; +http://www.google.com/bot.html)"
66.249.79.1 - - [13/Jul/2015:02:47:27 -0700] "GET /lib/resortDataSearch.php?resort=lookoutpass&dateStart=2013-11-15&dateMax=2013-11-25&size=30 HTTP/1.1" 200 331 "-" "Mozilla/5.0 (compatible; Googlebot/2.1; +http://www.google.com/bot.html)"
66.249.79.250 - - [13/Jul/2015:02:48:26 -0700] "GET /lib/resortDataSearch.php?resort=powderridge&dateStart=2013-02-12&dateMax=2013-02-22&size=30 HTTP/1.1" 200 331 "-" "Mozilla/5.0 (compatible; Googlebot/2.1; +http://www.google.com/bot.html)"
157.55.39.74 - - [13/Jul/2015:02:49:04 -0700] "GET /resorts?resort=jacksonhole HTTP/1.1" 404 506 "-" "Mozilla/5.0 (compatible; bingbot/2.0; +http://www.bing.com/bingbot.htm)"
66.249.79.14 - - [13/Jul/2015:02:49:25 -0700] "GET /lib/resortDataSearch.php?resort=silvermountain&dateStart=2013-02-08&dateMax=2013-02-18&size=30 HTTP/1.1" 200 331 "-" "Mozilla/5.0 (compatible; Googlebot/2.1; +http://www.google.com/bot.html)"
66.249.79.250 - - [13/Jul/2015:02:50:24 -0700] "GET /lib/resortDataSearch.php?resort=snowking&dateStart=2013-10-09&dateMax=2013-10-19&size=30 HTTP/1.1" 200 331 "-" "Mozilla/5.0 (compatible; Googlebot/2.1; +http://www.google.com/bot.html)"
66.249.79.250 - - [13/Jul/2015:02:51:23 -0700] "GET /lib/resortDataSearch.php?resort=pomerelle&dateStart=2014-03-27&dateMax=2014-04-06&size=30 HTTP/1.1" 200 331 "-" "Mozilla/5.0 (compatible; Googlebot/2.1; +http://www.google.com/bot.html)"
66.249.79.14 - - [13/Jul/2015:02:52:22 -0700] "GET /lib/resortDataSearch.php?resort=schweitzer&dateStart=2013-12-05&dateMax=2013-12-15&size=30 HTTP/1.1" 200 331 "-" "Mozilla/5.0 (compatible; Googlebot/2.1; +http://www.google.com/bot.html)"
157.55.39.20 - - [13/Jul/2015:02:52:59 -0700] "GET /viz/2012-2013-viz.php HTTP/1.1" 404 506 "-" "Mozilla/5.0 (compatible; bingbot/2.0; +http://www.bing.com/bingbot.htm)"
157.55.39.20 - - [13/Jul/2015:02:52:59 -0700] "GET /resorts?resort=sugarbush HTTP/1.1" 404 505 "-" "Mozilla/5.0 (compatible; bingbot/2.0; +http://www.bing.com/bingbot.htm)"
66.249.79.1 - - [13/Jul/2015:02:53:20 -0700] "GET /lib/resortDataSearch.php?resort=pomerelle&dateStart=2013-10-16&dateMax=2013-10-26&size=30 HTTP/1.1" 200 331 "-" "Mozilla/5.0 (compatible; Googlebot/2.1; +http://www.google.com/bot.html)"
66.249.79.14 - - [13/Jul/2015:02:54:19 -0700] "GET /lib/resortDataSearch.php?resort=mountspokane&dateStart=2013-12-06&dateMax=2013-12-16&size=30 HTTP/1.1" 200 331 "-" "Mozilla/5.0 (compatible; Googlebot/2.1; +http://www.google.com/bot.html)"
