208.73.14.117 - - [11/Jan/2016:12:11:34 -0800] "GET /images/wsis-logo-sm.png HTTP/1.1" 200 6108 "http://www.thebackcountry.net/" "Mozilla/5.0 (Macintosh; Intel Mac OS X 10_7_5) AppleWebKit/537.36 (KHTML, like Gecko) Chrome/47.0.2526.106 Safari/537.36"
170.75.162.130 - - [11/Jan/2016:12:11:38 -0800] "GET /lib/reccapi.php?resort=squawvalleyusa HTTP/1.1" 200 987 "-" "node-superagent/1.4.0"
170.75.162.130 - - [11/Jan/2016:12:11:58 -0800] "GET /lib/reccapi.php?resort=kirkwood HTTP/1.1" 200 1019 "-" "node-superagent/1.4.0"
208.73.14.117 - - [11/Jan/2016:12:12:26 -0800] "-" 408 0 "-" "-"
208.73.14.117 - - [11/Jan/2016:12:12:26 -0800] "-" 408 0 "-" "-"
208.73.14.117 - - [11/Jan/2016:12:12:26 -0800] "-" 408 0 "-" "-"
208.73.14.117 - - [11/Jan/2016:12:14:42 -0800] "-" 408 0 "-" "-"
208.73.14.117 - - [11/Jan/2016:12:14:42 -0800] "-" 408 0 "-" "-"
24.32.25.164 - - [11/Jan/2016:12:15:11 -0800] "GET /images/wsis-logo-sm.png HTTP/1.1" 200 6108 "http://www.thebackcountry.net/" "Mozilla/5.0 (Windows NT 6.1) AppleWebKit/537.36 (KHTML, like Gecko) Chrome/47.0.2526.106 Safari/537.36"
200.1.117.20 - - [11/Jan/2016:12:18:38 -0800] "GET /images/wsis-logo-sm.png HTTP/1.1" 200 6108 "http://www.thebackcountry.net/" "Mozilla/5.0 (Windows NT 6.1) AppleWebKit/537.36 (KHTML, like Gecko) Chrome/47.0.2526.106 Safari/537.36"
170.75.162.130 - - [11/Jan/2016:12:19:49 -0800] "GET /lib/reccapi.php?resort=aspenmountain HTTP/1.1" 200 963 "-" "node-superagent/1.4.0"
170.75.162.130 - - [11/Jan/2016:12:19:49 -0800] "GET /lib/reccapi.php?resort=aspenheights HTTP/1.1" 200 1002 "-" "node-superagent/1.4.0"
170.75.162.130 - - [11/Jan/2016:12:19:49 -0800] "GET /lib/reccapi.php?resort=buttermilk HTTP/1.1" 200 969 "-" "node-superagent/1.4.0"
170.75.162.130 - - [11/Jan/2016:12:19:49 -0800] "GET /lib/reccapi.php?resort=coppermountain HTTP/1.1" 200 1014 "-" "node-superagent/1.4.0"
170.75.162.130 - - [11/Jan/2016:12:19:49 -0800] "GET /lib/reccapi.php?resort=crestedbutte HTTP/1.1" 200 982 "-" "node-superagent/1.4.0"
170.75.162.130 - - [11/Jan/2016:12:19:49 -0800] "GET /lib/reccapi.php?resort=loveland HTTP/1.1" 200 1011 "-" "node-superagent/1.4.0"
170.75.162.130 - - [11/Jan/2016:12:19:49 -0800] "GET /lib/reccapi.php?resort=keystone HTTP/1.1" 200 1008 "-" "node-superagent/1.4.0"
170.75.162.130 - - [11/Jan/2016:12:19:50 -0800] "GET /lib/reccapi.php?resort=monarch HTTP/1.1" 200 955 "-" "node-superagent/1.4.0"
170.75.162.130 - - [11/Jan/2016:12:19:50 -0800] "GET /lib/reccapi.php?resort=winterpark HTTP/1.1" 200 1006 "-" "node-superagent/1.4.0"
52.33.40.213 - - [11/Jan/2016:12:21:12 -0800] "GET /lib/reccapi.php?resort=kirkwood HTTP/1.1" 200 1019 "-" "node-superagent/1.4.0"
157.55.39.97 - - [11/Jan/2016:12:22:28 -0800] "GET / HTTP/1.1" 200 2615 "-" "Mozilla/5.0 (compatible; bingbot/2.0; +http://www.bing.com/bingbot.htm)"
170.75.162.130 - - [11/Jan/2016:12:24:30 -0800] "GET /lib/reccapi.php?resort=homewoodmountain HTTP/1.1" 200 981 "-" "node-superagent/1.4.0"
170.75.162.130 - - [11/Jan/2016:12:29:00 -0800] "GET /lib/reccapi.php?resort=heavenly HTTP/1.1" 200 975 "-" "node-superagent/1.4.0"
170.75.162.130 - - [11/Jan/2016:12:31:51 -0800] "GET /lib/reccapi.php?resort=snowbird HTTP/1.1" 200 974 "-" "node-superagent/1.4.0"
180.76.15.32 - - [11/Jan/2016:12:33:09 -0800] "GET / HTTP/1.1" 200 6995 "-" "Mozilla/5.0 (compatible; Baiduspider/2.0; +http://www.baidu.com/search/spider.html)"
66.249.66.151 - - [11/Jan/2016:12:33:43 -0800] "GET / HTTP/1.1" 200 2615 "-" "Mozilla/5.0 (iPhone; CPU iPhone OS 8_3 like Mac OS X) AppleWebKit/600.1.4 (KHTML, like Gecko) Version/8.0 Mobile/12F70 Safari/600.1.4 (compatible; Googlebot/2.1; +http://www.google.com/bot.html)"
180.76.15.18 - - [11/Jan/2016:12:34:04 -0800] "GET / HTTP/1.1" 200 6995 "-" "Mozilla/5.0 (compatible; Baiduspider/2.0; +http://www.baidu.com/search/spider.html)"
66.249.66.151 - - [11/Jan/2016:12:39:52 -0800] "GET /lib/reccapi.php?fields=t HTTP/1.1" 200 1874 "http://whereshouldiski.com/" "Mozilla/5.0 (compatible; Googlebot/2.1; +http://www.google.com/bot.html)"
216.70.62.173 - - [11/Jan/2016:12:40:13 -0800] "GET /images/wsis-logo-sm.png HTTP/1.1" 200 6108 "http://www.thebackcountry.net/" "Mozilla/5.0 (Windows NT 6.1; WOW64) AppleWebKit/537.36 (KHTML, like Gecko) Chrome/47.0.2526.106 Safari/537.36"
45.23.229.198 - - [11/Jan/2016:12:48:28 -0800] "GET /images/wsis-logo-sm.png HTTP/1.1" 200 6108 "http://www.thebackcountry.net/" "Mozilla/5.0 (Windows NT 6.3; WOW64) AppleWebKit/537.36 (KHTML, like Gecko) Chrome/47.0.2526.106 Safari/537.36"
136.200.53.20 - - [11/Jan/2016:12:51:40 -0800] "GET /images/wsis-logo-sm.png HTTP/1.1" 200 6108 "http://www.thebackcountry.net/" "Mozilla/5.0 (Windows NT 6.1; WOW64) AppleWebKit/537.36 (KHTML, like Gecko) Chrome/47.0.2526.106 Safari/537.36"
172.5.253.159 - - [11/Jan/2016:12:55:55 -0800] "GET /images/wsis-logo-sm.png HTTP/1.1" 200 6108 "http://www.thebackcountry.net/" "Mozilla/5.0 (Windows NT 6.1; WOW64) AppleWebKit/537.36 (KHTML, like Gecko) Chrome/47.0.2526.106 Safari/537.36"
70.214.11.187 - - [11/Jan/2016:13:04:32 -0800] "GET /images/wsis-logo-sm.png HTTP/1.1" 200 6108 "http://thebackcountry.net/" "Mozilla/5.0 (iPhone; CPU iPhone OS 9_2 like Mac OS X) AppleWebKit/601.1.46 (KHTML, like Gecko) Version/9.0 Mobile/13C75 Safari/601.1"
67.172.160.127 - - [11/Jan/2016:13:05:42 -0800] "GET /images/wsis-logo-sm.png HTTP/1.1" 200 6108 "http://www.thebackcountry.net/" "Mozilla/5.0 (Windows NT 6.3; WOW64; Trident/7.0; LCJB; rv:11.0) like Gecko"
67.172.160.127 - - [11/Jan/2016:13:06:04 -0800] "-" 408 0 "-" "-"
70.34.50.20 - - [11/Jan/2016:13:07:28 -0800] "GET /images/wsis-logo-sm.png HTTP/1.1" 304 187 "http://www.thebackcountry.net/" "Mozilla/5.0 (Macintosh; Intel Mac OS X 10_9_5) AppleWebKit/601.3.9 (KHTML, like Gecko) Version/9.0.2 Safari/537.86.3"
170.75.162.130 - - [11/Jan/2016:13:08:06 -0800] "GET /lib/reccapi.php?resort=wildcatmountain HTTP/1.1" 200 1042 "-" "node-superagent/1.4.0"
170.75.162.130 - - [11/Jan/2016:13:11:16 -0800] "GET /lib/reccapi.php?resort=brianhead HTTP/1.1" 200 1009 "-" "node-superagent/1.4.0"
170.75.162.130 - - [11/Jan/2016:13:11:16 -0800] "GET /lib/reccapi.php?resort=brighton HTTP/1.1" 200 977 "-" "node-superagent/1.4.0"
170.75.162.130 - - [11/Jan/2016:13:11:16 -0800] "GET /lib/reccapi.php?resort=parkcity HTTP/1.1" 200 1023 "-" "node-superagent/1.4.0"
170.75.162.130 - - [11/Jan/2016:13:11:16 -0800] "GET /lib/reccapi.php?resort=solitude HTTP/1.1" 200 987 "-" "node-superagent/1.4.0"
67.139.173.194 - - [11/Jan/2016:13:11:46 -0800] "GET /images/wsis-logo-sm.png HTTP/1.1" 200 6108 "http://www.thebackcountry.net/" "Mozilla/5.0 (Windows NT 6.1; WOW64) AppleWebKit/537.36 (KHTML, like Gecko) Chrome/47.0.2526.106 Safari/537.36"
70.34.50.20 - - [11/Jan/2016:13:16:24 -0800] "GET /images/wsis-logo-sm.png HTTP/1.1" 200 6108 "http://www.thebackcountry.net/" "Mozilla/5.0 (Macintosh; Intel Mac OS X 10_9_5) AppleWebKit/601.3.9 (KHTML, like Gecko) Version/9.0.2 Safari/537.86.3"
70.214.32.66 - - [11/Jan/2016:13:26:47 -0800] "GET /images/wsis-logo-sm.png HTTP/1.1" 200 6108 "http://www.thebackcountry.net/" "Mozilla/5.0 (iPhone; CPU iPhone OS 9_2 like Mac OS X) AppleWebKit/601.1.46 (KHTML, like Gecko) Mobile/13C75"
170.75.162.130 - - [11/Jan/2016:13:30:29 -0800] "GET /lib/reccapi.php?resort=grandtarghee HTTP/1.1" 200 1008 "-" "node-superagent/1.4.0"
52.33.40.213 - - [11/Jan/2016:13:31:55 -0800] "GET /lib/reccapi.php?resort=crestedbutte HTTP/1.1" 200 982 "-" "node-superagent/1.4.0"
66.249.66.159 - - [11/Jan/2016:13:32:42 -0800] "GET /lib/reccapi.php?resort=angelfire&date=2016-01-10 HTTP/1.1" 200 1061 "http://whereshouldiski.com/" "Mozilla/5.0 (compatible; Googlebot/2.1; +http://www.google.com/bot.html)"
188.165.15.97 - - [11/Jan/2016:13:32:43 -0800] "GET /images/forecasts/Tahoe-20121219.png HTTP/1.1" 404 468 "-" "Mozilla/5.0 (compatible; AhrefsBot/5.0; +http://ahrefs.com/robot/)"
66.249.66.151 - - [11/Jan/2016:13:32:44 -0800] "GET /lib/resortDataSearchD3.php?size=7&sortDate=T&resort=angelfire&dateStart=2016-01-08 HTTP/1.1" 200 874 "http://whereshouldiski.com/" "Mozilla/5.0 (compatible; Googlebot/2.1; +http://www.google.com/bot.html)"
66.249.66.151 - - [11/Jan/2016:13:32:45 -0800] "GET /lib/reccapi.php?fields=t&date=2016-01-10&coords=36.39%2C-105.27&size=7&sort=distance HTTP/1.1" 200 1386 "http://whereshouldiski.com/" "Mozilla/5.0 (compatible; Googlebot/2.1; +http://www.google.com/bot.html)"
66.249.66.151 - - [11/Jan/2016:13:34:05 -0800] "GET /lib/reccapi.php?fields=t&date=2015-12-16&coords=43.79%2C-110.95&size=7&sort=distance HTTP/1.1" 200 1382 "http://whereshouldiski.com/" "Mozilla/5.0 (compatible; Googlebot/2.1; +http://www.google.com/bot.html)"
66.249.66.151 - - [11/Jan/2016:13:34:06 -0800] "GET /lib/resortDataSearchD3.php?size=7&sortDate=T&resort=grandtarghee&dateStart=2015-12-14 HTTP/1.1" 200 883 "http://whereshouldiski.com/" "Mozilla/5.0 (compatible; Googlebot/2.1; +http://www.google.com/bot.html)"
180.76.15.26 - - [11/Jan/2016:13:34:38 -0800] "GET / HTTP/1.1" 200 6995 "-" "Mozilla/5.0 (compatible; Baiduspider/2.0; +http://www.baidu.com/search/spider.html)"
180.76.15.139 - - [11/Jan/2016:13:35:38 -0800] "GET / HTTP/1.1" 200 6995 "-" "Mozilla/5.0 (compatible; Baiduspider/2.0; +http://www.baidu.com/search/spider.html)"
65.181.126.166 - - [11/Jan/2016:13:38:15 -0800] "GET / HTTP/1.1" 200 7032 "-" "AdnormCrawler www.adnorm.com/crawler"
65.181.126.166 - - [11/Jan/2016:13:38:20 -0800] "GET /robots.txt HTTP/1.1" 200 375 "-" "AdnormCrawler www.adnorm.com/crawler"
66.249.66.159 - - [11/Jan/2016:13:39:32 -0800] "GET /lib/reccapi.php?resort=alyeska&date=2016-01-02 HTTP/1.1" 200 1045 "http://whereshouldiski.com/" "Mozilla/5.0 (compatible; Googlebot/2.1; +http://www.google.com/bot.html)"
66.249.66.151 - - [11/Jan/2016:13:39:34 -0800] "GET /lib/reccapi.php?fields=t&date=2016-01-02&coords=60.94%2C-148.95&size=7&sort=distance HTTP/1.1" 200 1291 "http://whereshouldiski.com/" "Mozilla/5.0 (compatible; Googlebot/2.1; +http://www.google.com/bot.html)"
66.249.66.151 - - [11/Jan/2016:13:39:34 -0800] "GET /lib/resortDataSearchD3.php?size=7&sortDate=T&resort=alyeska&dateStart=2015-12-31 HTTP/1.1" 200 872 "http://whereshouldiski.com/" "Mozilla/5.0 (compatible; Googlebot/2.1; +http://www.google.com/bot.html)"
199.116.169.254 - - [11/Jan/2016:13:42:48 -0800] "GET / HTTP/1.1" 200 7032 "-" "Mozilla/5.0 (Windows NT 6.1; WOW64) AppleWebKit/537.36 (KHTML, like Gecko) Chrome/47.0.2526.80 Safari/537.36"
159.189.213.48 - - [11/Jan/2016:13:42:48 -0800] "GET / HTTP/1.1" 304 210 "-" "Mozilla/5.0 (Windows NT 6.1; WOW64) AppleWebKit/537.36 (KHTML, like Gecko) Chrome/47.0.2526.80 Safari/537.36"
159.189.213.48 - - [11/Jan/2016:13:42:49 -0800] "GET /styles/ee08faa9.main.css HTTP/1.1" 304 210 "http://whereshouldiski.com/" "Mozilla/5.0 (Windows NT 6.1; WOW64) AppleWebKit/537.36 (KHTML, like Gecko) Chrome/47.0.2526.80 Safari/537.36"
159.189.213.48 - - [11/Jan/2016:13:42:49 -0800] "GET /scripts/scripts/vendor/modernizr.js HTTP/1.1" 304 210 "http://whereshouldiski.com/" "Mozilla/5.0 (Windows NT 6.1; WOW64) AppleWebKit/537.36 (KHTML, like Gecko) Chrome/47.0.2526.80 Safari/537.36"
159.189.213.48 - - [11/Jan/2016:13:42:51 -0800] "GET /images/logo-square-white-sm.png HTTP/1.1" 304 185 "http://whereshouldiski.com/" "Mozilla/5.0 (Windows NT 6.1; WOW64) AppleWebKit/537.36 (KHTML, like Gecko) Chrome/47.0.2526.80 Safari/537.36"
159.189.213.48 - - [11/Jan/2016:13:42:51 -0800] "GET /images/loading.gif HTTP/1.1" 304 187 "http://whereshouldiski.com/" "Mozilla/5.0 (Windows NT 6.1; WOW64) AppleWebKit/537.36 (KHTML, like Gecko) Chrome/47.0.2526.80 Safari/537.36"
159.189.213.48 - - [11/Jan/2016:13:42:51 -0800] "GET /bower_components/requirejs/require.js HTTP/1.1" 304 210 "http://whereshouldiski.com/" "Mozilla/5.0 (Windows NT 6.1; WOW64) AppleWebKit/537.36 (KHTML, like Gecko) Chrome/47.0.2526.80 Safari/537.36"
159.189.213.48 - - [11/Jan/2016:13:42:53 -0800] "GET /scripts/fa48e319.main.js HTTP/1.1" 304 210 "http://whereshouldiski.com/" "Mozilla/5.0 (Windows NT 6.1; WOW64) AppleWebKit/537.36 (KHTML, like Gecko) Chrome/47.0.2526.80 Safari/537.36"
199.116.169.254 - - [11/Jan/2016:13:42:57 -0800] "GET /lib/reccapi.php?fields=t HTTP/1.1" 200 12099 "-" "Mozilla/5.0 (Windows NT 6.1; WOW64) AppleWebKit/537.36 (KHTML, like Gecko) Chrome/47.0.2526.80 Safari/537.36"
159.189.213.48 - - [11/Jan/2016:13:42:57 -0800] "GET /lib/reccapi.php?fields=t HTTP/1.1" 200 1873 "http://whereshouldiski.com/" "Mozilla/5.0 (Windows NT 6.1; WOW64) AppleWebKit/537.36 (KHTML, like Gecko) Chrome/47.0.2526.80 Safari/537.36"
159.189.213.48 - - [11/Jan/2016:13:42:57 -0800] "GET /images/button.png HTTP/1.1" 304 185 "http://whereshouldiski.com/styles/ee08faa9.main.css" "Mozilla/5.0 (Windows NT 6.1; WOW64) AppleWebKit/537.36 (KHTML, like Gecko) Chrome/47.0.2526.80 Safari/537.36"
159.189.213.48 - - [11/Jan/2016:13:42:57 -0800] "GET /images/greyHeader.png HTTP/1.1" 304 185 "http://whereshouldiski.com/styles/ee08faa9.main.css" "Mozilla/5.0 (Windows NT 6.1; WOW64) AppleWebKit/537.36 (KHTML, like Gecko) Chrome/47.0.2526.80 Safari/537.36"
52.33.40.213 - - [11/Jan/2016:13:45:55 -0800] "GET /lib/reccapi.php?resort=49degreesnorth HTTP/1.1" 200 1003 "-" "node-superagent/1.4.0"
67.164.214.191 - - [11/Jan/2016:13:51:22 -0800] "GET /images/wsis-logo-sm.png HTTP/1.1" 200 6108 "http://www.thebackcountry.net/" "Mozilla/5.0 (Macintosh; Intel Mac OS X 10_10_5) AppleWebKit/537.36 (KHTML, like Gecko) Chrome/47.0.2526.106 Safari/537.36"
66.249.66.159 - - [11/Jan/2016:13:51:46 -0800] "GET /lib/reccapi.php?resort=mtlemmonskivalley&date=2016-01-05 HTTP/1.1" 200 1035 "http://whereshouldiski.com/" "Mozilla/5.0 (compatible; Googlebot/2.1; +http://www.google.com/bot.html)"
66.249.66.151 - - [11/Jan/2016:13:51:47 -0800] "GET /lib/resortDataSearchD3.php?size=7&sortDate=T&resort=mtlemmonskivalley&dateStart=2016-01-03 HTTP/1.1" 200 861 "http://whereshouldiski.com/" "Mozilla/5.0 (compatible; Googlebot/2.1; +http://www.google.com/bot.html)"
66.249.66.151 - - [11/Jan/2016:13:51:47 -0800] "GET /lib/reccapi.php?fields=t&date=2016-01-05&coords=32.4522%2C-110.784&size=7&sort=distance HTTP/1.1" 200 1323 "http://whereshouldiski.com/" "Mozilla/5.0 (compatible; Googlebot/2.1; +http://www.google.com/bot.html)"
52.33.40.213 - - [11/Jan/2016:13:54:46 -0800] "GET /lib/reccapi.php?resort=alpinemeadows HTTP/1.1" 200 979 "-" "node-superagent/1.4.0"
170.75.162.130 - - [11/Jan/2016:13:56:12 -0800] "GET /lib/reccapi.php?resort=northstar-at-tahoe HTTP/1.1" 200 971 "-" "node-superagent/1.4.0"
50.174.40.248 - - [11/Jan/2016:13:57:32 -0800] "GET /images/wsis-logo-sm.png HTTP/1.1" 304 187 "http://www.thebackcountry.net/" "Mozilla/5.0 (Macintosh; Intel Mac OS X 10_7_5) AppleWebKit/537.36 (KHTML, like Gecko) Chrome/47.0.2526.106 Safari/537.36"
52.33.40.213 - - [11/Jan/2016:14:01:46 -0800] "GET /lib/reccapi.php?resort=arapahoebasin HTTP/1.1" 200 1024 "-" "node-superagent/1.4.0"
12.249.230.102 - - [11/Jan/2016:14:06:46 -0800] "GET /images/wsis-logo-sm.png HTTP/1.1" 200 6108 "http://www.thebackcountry.net/" "Mozilla/5.0 (Macintosh; Intel Mac OS X 10_10_4) AppleWebKit/537.36 (KHTML, like Gecko) Chrome/47.0.2526.106 Safari/537.36"
52.33.40.213 - - [11/Jan/2016:14:07:17 -0800] "GET /lib/reccapi.php?resort=aspenheights HTTP/1.1" 200 1002 "-" "node-superagent/1.4.0"
152.179.131.166 - - [11/Jan/2016:14:12:21 -0800] "GET /images/wsis-logo-sm.png HTTP/1.1" 200 6108 "http://www.thebackcountry.net/" "Mozilla/5.0 (Macintosh; Intel Mac OS X 10_11_1) AppleWebKit/601.2.7 (KHTML, like Gecko) Version/9.0.1 Safari/601.2.7"
75.5.251.252 - - [11/Jan/2016:14:14:31 -0800] "GET /images/wsis-logo-sm.png HTTP/1.1" 200 6108 "http://www.thebackcountry.net/" "Mozilla/5.0 (Macintosh; Intel Mac OS X 10_11_2) AppleWebKit/537.36 (KHTML, like Gecko) Chrome/47.0.2526.106 Safari/537.36"
52.33.40.213 - - [11/Jan/2016:14:14:47 -0800] "GET /lib/reccapi.php?resort=devilshead HTTP/1.1" 200 1015 "-" "node-superagent/1.4.0"
52.33.40.213 - - [11/Jan/2016:14:14:57 -0800] "GET /lib/reccapi.php?resort=buttermilk HTTP/1.1" 200 969 "-" "node-superagent/1.4.0"
170.75.162.130 - - [11/Jan/2016:14:18:45 -0800] "GET /lib/reccapi.php?resort=hoodoo HTTP/1.1" 200 1056 "-" "node-superagent/1.4.0"
170.75.162.130 - - [11/Jan/2016:14:18:55 -0800] "GET /lib/reccapi.php?resort=jacksonhole HTTP/1.1" 200 1061 "-" "node-superagent/1.4.0"
52.33.40.213 - - [11/Jan/2016:14:19:47 -0800] "GET /lib/reccapi.php?resort=alta HTTP/1.1" 200 972 "-" "node-superagent/1.4.0"
107.77.92.82 - - [11/Jan/2016:14:20:20 -0800] "GET /images/wsis-logo-sm.png HTTP/1.1" 200 6108 "http://www.thebackcountry.net/" "Mozilla/5.0 (iPhone; CPU iPhone OS 9_2 like Mac OS X) AppleWebKit/601.1.46 (KHTML, like Gecko) Version/9.0 Mobile/13C75 Safari/601.1"
72.47.126.108 - - [11/Jan/2016:14:23:45 -0800] "GET /images/wsis-logo-sm.png HTTP/1.1" 200 6108 "http://www.thebackcountry.net/" "Mozilla/5.0 (Macintosh; Intel Mac OS X 10.10; rv:43.0) Gecko/20100101 Firefox/43.0"
170.75.162.130 - - [11/Jan/2016:14:24:56 -0800] "GET /lib/reccapi.php?resort=crystalmountain HTTP/1.1" 200 1063 "-" "node-superagent/1.4.0"
170.75.162.130 - - [11/Jan/2016:14:26:16 -0800] "GET /lib/reccapi.php?resort=chinapeak HTTP/1.1" 200 1000 "-" "node-superagent/1.4.0"
170.75.162.130 - - [11/Jan/2016:14:26:16 -0800] "GET /lib/reccapi.php?resort=mammothmountain HTTP/1.1" 200 984 "-" "node-superagent/1.4.0"
170.75.162.130 - - [11/Jan/2016:14:26:16 -0800] "GET /lib/reccapi.php?resort=sugarbowl HTTP/1.1" 200 969 "-" "node-superagent/1.4.0"
52.33.40.213 - - [11/Jan/2016:14:27:17 -0800] "GET /lib/reccapi.php?resort=alyeska HTTP/1.1" 200 1012 "-" "node-superagent/1.4.0"
66.249.66.151 - - [11/Jan/2016:14:28:00 -0800] "GET /lib/reccapi.php?resort=willamettepass&date=2015-12-15 HTTP/1.1" 200 1016 "http://whereshouldiski.com/" "Mozilla/5.0 (compatible; Googlebot/2.1; +http://www.google.com/bot.html)"
66.249.66.151 - - [11/Jan/2016:14:28:01 -0800] "GET /lib/reccapi.php?fields=t&date=2015-12-15&coords=43.61%2C-122.03&size=7&sort=distance HTTP/1.1" 200 1384 "http://whereshouldiski.com/" "Mozilla/5.0 (compatible; Googlebot/2.1; +http://www.google.com/bot.html)"
66.249.66.151 - - [11/Jan/2016:14:28:01 -0800] "GET /lib/resortDataSearchD3.php?size=7&sortDate=T&resort=willamettepass&dateStart=2015-12-13 HTTP/1.1" 200 884 "http://whereshouldiski.com/" "Mozilla/5.0 (compatible; Googlebot/2.1; +http://www.google.com/bot.html)"
170.75.162.130 - - [11/Jan/2016:14:28:46 -0800] "GET /lib/reccapi.php?resort=schweitzer HTTP/1.1" 200 1042 "-" "node-superagent/1.4.0"
46.165.197.142 - - [11/Jan/2016:14:29:33 -0800] "GET /robots.txt HTTP/1.0" 200 338 "-" "Mozilla/5.0 (compatible; MJ12bot/v1.4.5; http://www.majestic12.co.uk/bot.php?+)"
46.165.197.142 - - [11/Jan/2016:14:29:35 -0800] "GET /resorts?resort=mounthoodmeadows HTTP/1.0" 404 495 "-" "Mozilla/5.0 (compatible; MJ12bot/v1.4.5; http://www.majestic12.co.uk/bot.php?+)"
46.165.197.142 - - [11/Jan/2016:14:29:37 -0800] "GET /resorts?resort=mtrose HTTP/1.0" 404 469 "-" "Mozilla/5.0 (compatible; MJ12bot/v1.4.5; http://www.majestic12.co.uk/bot.php?+)"
46.165.197.142 - - [11/Jan/2016:14:29:41 -0800] "GET /resorts?resort=northstar-at-tahoe HTTP/1.0" 404 469 "-" "Mozilla/5.0 (compatible; MJ12bot/v1.4.5; http://www.majestic12.co.uk/bot.php?+)"
46.165.197.142 - - [11/Jan/2016:14:29:48 -0800] "GET /resorts?resort=redmountain HTTP/1.0" 404 469 "-" "Mozilla/5.0 (compatible; MJ12bot/v1.4.5; http://www.majestic12.co.uk/bot.php?+)"
46.165.197.142 - - [11/Jan/2016:14:29:50 -0800] "GET /viz/2012-2013-viz.php HTTP/1.0" 404 469 "-" "Mozilla/5.0 (compatible; MJ12bot/v1.4.5; http://www.majestic12.co.uk/bot.php?+)"
66.249.84.247 - - [11/Jan/2016:14:30:15 -0800] "GET / HTTP/1.1" 200 2615 "-" "Mozilla/5.0 (Windows NT 6.1; rv:6.0) Gecko/20110814 Firefox/6.0 Google Favicon"
66.249.84.247 - - [11/Jan/2016:14:30:15 -0800] "GET /favicon.ico HTTP/1.1" 200 4612 "-" "Mozilla/5.0 (Windows NT 6.1; rv:6.0) Gecko/20110814 Firefox/6.0 Google Favicon"
180.76.15.26 - - [11/Jan/2016:14:30:31 -0800] "GET / HTTP/1.1" 200 6995 "-" "Mozilla/5.0 (compatible; Baiduspider/2.0; +http://www.baidu.com/search/spider.html)"
180.76.15.13 - - [11/Jan/2016:14:31:17 -0800] "GET / HTTP/1.1" 200 6995 "-" "Mozilla/5.0 (compatible; Baiduspider/2.0; +http://www.baidu.com/search/spider.html)"
170.75.162.130 - - [11/Jan/2016:14:32:37 -0800] "GET /lib/reccapi.php?resort=stevenspass HTTP/1.1" 200 1041 "-" "node-superagent/1.4.0"
52.33.40.213 - - [11/Jan/2016:14:33:08 -0800] "GET /lib/reccapi.php?resort=aspenmountain HTTP/1.1" 200 963 "-" "node-superagent/1.4.0"
111.13.102.5 - - [11/Jan/2016:14:38:30 -0800] "GET /robots.txt HTTP/1.1" 200 382 "-" "Mozilla/5.0 (Windows NT 5.1; rv:6.0.2) Gecko/20100101 Firefox/6.0.2"
157.55.39.97 - - [11/Jan/2016:14:43:16 -0800] "GET / HTTP/1.1" 200 2615 "-" "Mozilla/5.0 (compatible; bingbot/2.0; +http://www.bing.com/bingbot.htm)"
188.68.224.62 - - [11/Jan/2016:14:45:33 -0800] "GET http://dhg.pisz.pl/httptest.php HTTP/1.1" 404 444 "-" "-"
170.75.162.130 - - [11/Jan/2016:14:46:09 -0800] "GET /lib/reccapi.php?resort=redlodge HTTP/1.1" 200 1028 "-" "node-superagent/1.4.0"
170.75.162.130 - - [11/Jan/2016:14:46:09 -0800] "GET /lib/reccapi.php?resort=bigsky HTTP/1.1" 200 995 "-" "node-superagent/1.4.0"
52.33.40.213 - - [11/Jan/2016:14:46:58 -0800] "GET /lib/reccapi.php?resort=angelfire HTTP/1.1" 200 1024 "-" "node-superagent/1.4.0"
66.249.66.159 - - [11/Jan/2016:14:48:32 -0800] "GET /lib/reccapi.php?resort=wildcatmountain&date=2016-01-03 HTTP/1.1" 200 1029 "http://whereshouldiski.com/" "Mozilla/5.0 (compatible; Googlebot/2.1; +http://www.google.com/bot.html)"
66.249.66.151 - - [11/Jan/2016:14:48:33 -0800] "GET /lib/resortDataSearchD3.php?size=7&sortDate=T&resort=wildcatmountain&dateStart=2016-01-01 HTTP/1.1" 200 863 "http://whereshouldiski.com/" "Mozilla/5.0 (compatible; Googlebot/2.1; +http://www.google.com/bot.html)"
66.249.66.151 - - [11/Jan/2016:14:48:33 -0800] "GET /lib/reccapi.php?fields=t&date=2016-01-03&coords=44.2604%2C-71.2034&size=7&sort=distance HTTP/1.1" 200 1312 "http://whereshouldiski.com/" "Mozilla/5.0 (compatible; Googlebot/2.1; +http://www.google.com/bot.html)"
52.33.40.213 - - [11/Jan/2016:14:49:18 -0800] "GET /lib/reccapi.php?resort=diamondpeak HTTP/1.1" 200 949 "-" "node-superagent/1.4.0"
52.33.40.213 - - [11/Jan/2016:14:49:18 -0800] "GET /lib/reccapi.php?resort=heavenly HTTP/1.1" 200 975 "-" "node-superagent/1.4.0"
52.33.40.213 - - [11/Jan/2016:14:50:18 -0800] "GET /lib/reccapi.php?resort=mounthoodmeadows HTTP/1.1" 200 1086 "-" "node-superagent/1.4.0"
52.33.40.213 - - [11/Jan/2016:14:50:18 -0800] "GET /lib/reccapi.php?resort=madriverglen HTTP/1.1" 200 1079 "-" "node-superagent/1.4.0"
52.33.40.213 - - [11/Jan/2016:14:50:18 -0800] "GET /lib/reccapi.php?resort=mountbachelor HTTP/1.1" 200 1096 "-" "node-superagent/1.4.0"
52.33.40.213 - - [11/Jan/2016:14:50:18 -0800] "GET /lib/reccapi.php?resort=mountspokane HTTP/1.1" 200 972 "-" "node-superagent/1.4.0"
52.33.40.213 - - [11/Jan/2016:14:50:18 -0800] "GET /lib/reccapi.php?resort=monarch HTTP/1.1" 200 955 "-" "node-superagent/1.4.0"
52.33.40.213 - - [11/Jan/2016:14:50:18 -0800] "GET /lib/reccapi.php?resort=jaypeak HTTP/1.1" 200 1103 "-" "node-superagent/1.4.0"
52.33.40.213 - - [11/Jan/2016:14:50:18 -0800] "GET /lib/reccapi.php?resort=keystone HTTP/1.1" 200 1008 "-" "node-superagent/1.4.0"
52.33.40.213 - - [11/Jan/2016:14:50:18 -0800] "GET /lib/reccapi.php?resort=mountainhigh HTTP/1.1" 200 994 "-" "node-superagent/1.4.0"
52.33.40.213 - - [11/Jan/2016:14:50:28 -0800] "GET /lib/reccapi.php?resort=mtrose HTTP/1.1" 200 942 "-" "node-superagent/1.4.0"
52.33.40.213 - - [11/Jan/2016:14:50:28 -0800] "GET /lib/reccapi.php?resort=northstar-at-tahoe HTTP/1.1" 200 971 "-" "node-superagent/1.4.0"
52.33.40.213 - - [11/Jan/2016:14:50:38 -0800] "GET /lib/reccapi.php?resort=parkcity HTTP/1.1" 200 1023 "-" "node-superagent/1.4.0"
52.33.40.213 - - [11/Jan/2016:14:51:19 -0800] "GET /lib/reccapi.php?resort=snowbasin HTTP/1.1" 200 969 "-" "node-superagent/1.4.0"
52.33.40.213 - - [11/Jan/2016:14:51:19 -0800] "GET /lib/reccapi.php?resort=smugglersnotch HTTP/1.1" 200 1086 "-" "node-superagent/1.4.0"
52.33.40.213 - - [11/Jan/2016:14:51:19 -0800] "GET /lib/reccapi.php?resort=silverstarmountain HTTP/1.1" 200 928 "-" "node-superagent/1.4.0"
52.33.40.213 - - [11/Jan/2016:14:51:19 -0800] "GET /lib/reccapi.php?resort=schweitzer HTTP/1.1" 200 1042 "-" "node-superagent/1.4.0"
52.33.40.213 - - [11/Jan/2016:14:51:19 -0800] "GET /lib/reccapi.php?resort=sierra-at-tahoe HTTP/1.1" 200 977 "-" "node-superagent/1.4.0"
52.33.40.213 - - [11/Jan/2016:14:51:29 -0800] "GET /lib/reccapi.php?resort=stowe HTTP/1.1" 200 1084 "-" "node-superagent/1.4.0"
52.33.40.213 - - [11/Jan/2016:14:51:29 -0800] "GET /lib/reccapi.php?resort=stevenspass HTTP/1.1" 200 1041 "-" "node-superagent/1.4.0"
52.33.40.213 - - [11/Jan/2016:14:51:39 -0800] "GET /lib/reccapi.php?resort=sugarbush HTTP/1.1" 200 1080 "-" "node-superagent/1.4.0"
52.33.40.213 - - [11/Jan/2016:14:51:59 -0800] "GET /lib/reccapi.php?resort=whitefacemountain HTTP/1.1" 200 1108 "-" "node-superagent/1.4.0"
52.33.40.213 - - [11/Jan/2016:14:51:59 -0800] "GET /lib/reccapi.php?resort=wildcatmountain HTTP/1.1" 200 1042 "-" "node-superagent/1.4.0"
52.33.40.213 - - [11/Jan/2016:14:52:29 -0800] "GET /lib/reccapi.php?resort=sundayriver HTTP/1.1" 200 1012 "-" "node-superagent/1.4.0"
52.33.40.213 - - [11/Jan/2016:14:52:29 -0800] "GET /lib/reccapi.php?resort=sunpeaksresort HTTP/1.1" 200 913 "-" "node-superagent/1.4.0"
52.33.40.213 - - [11/Jan/2016:14:52:39 -0800] "GET /lib/reccapi.php?resort=taos HTTP/1.1" 200 967 "-" "node-superagent/1.4.0"
52.33.40.213 - - [11/Jan/2016:14:52:39 -0800] "GET /lib/reccapi.php?resort=sunvalley HTTP/1.1" 200 998 "-" "node-superagent/1.4.0"
208.52.161.177 - - [11/Jan/2016:14:55:18 -0800] "GET /phpmyadmin/scripts/setup.php HTTP/1.0" 404 518 "-" "-"
174.50.174.244 - - [11/Jan/2016:14:58:36 -0800] "GET /images/wsis-logo-sm.png HTTP/1.1" 200 6108 "http://www.thebackcountry.net/" "Mozilla/5.0 (Windows NT 6.3; WOW64; Trident/7.0; rv:11.0) like Gecko"
174.50.174.244 - - [11/Jan/2016:14:58:58 -0800] "-" 408 0 "-" "-"
166.137.242.111 - - [11/Jan/2016:14:59:44 -0800] "GET /images/wsis-logo-sm.png HTTP/1.1" 200 6108 "http://www.thebackcountry.net/" "Mozilla/5.0 (iPhone; CPU iPhone OS 7_0_4 like Mac OS X) AppleWebKit/537.51.1 (KHTML, like Gecko) Version/7.0 Mobile/11B554a Safari/9537.53"
174.50.174.244 - - [11/Jan/2016:15:00:41 -0800] "-" 408 0 "-" "-"
208.66.31.42 - - [11/Jan/2016:15:00:52 -0800] "GET /images/wsis-logo-sm.png HTTP/1.1" 200 6108 "http://www.thebackcountry.net/" "Mozilla/5.0 (Windows NT 6.1; WOW64) AppleWebKit/537.36 (KHTML, like Gecko) Chrome/47.0.2526.106 Safari/537.36"
71.83.110.101 - - [11/Jan/2016:15:04:50 -0800] "GET /images/wsis-logo-sm.png HTTP/1.1" 200 6108 "http://www.thebackcountry.net/" "Mozilla/5.0 (Macintosh; Intel Mac OS X 10_11_2) AppleWebKit/537.36 (KHTML, like Gecko) Chrome/47.0.2526.106 Safari/537.36"
98.112.243.70 - - [11/Jan/2016:15:09:21 -0800] "GET /images/wsis-logo-sm.png HTTP/1.1" 200 6108 "http://www.thebackcountry.net/" "Mozilla/5.0 (Windows NT 6.3; WOW64) AppleWebKit/537.36 (KHTML, like Gecko) Chrome/47.0.2526.106 Safari/537.36"
72.34.128.248 - - [11/Jan/2016:15:19:08 -0800] "GET /images/wsis-logo-sm.png HTTP/1.1" 200 6108 "http://thebackcountry.net/" "Mozilla/5.0 (iPhone; CPU iPhone OS 9_1 like Mac OS X) AppleWebKit/600.1.4 (KHTML, like Gecko) GSA/11.1.66360 Mobile/13B143 Safari/600.1.4"
73.162.173.157 - - [11/Jan/2016:15:22:07 -0800] "GET /images/wsis-logo-sm.png HTTP/1.1" 200 6108 "http://www.thebackcountry.net/" "Mozilla/5.0 (Macintosh; Intel Mac OS X 10_10_3) AppleWebKit/537.36 (KHTML, like Gecko) Chrome/47.0.2526.106 Safari/537.36"
66.249.66.159 - - [11/Jan/2016:15:25:26 -0800] "GET /lib/reccapi.php?fields=t&date=2015-12-16&coords=45.45%2C-113.16&size=7&sort=distance HTTP/1.1" 200 1373 "http://whereshouldiski.com/" "Mozilla/5.0 (compatible; Googlebot/2.1; +http://www.google.com/bot.html)"
108.246.18.136 - - [11/Jan/2016:15:25:52 -0800] "GET /images/wsis-logo-sm.png HTTP/1.1" 200 6108 "http://www.thebackcountry.net/" "Mozilla/5.0 (Macintosh; Intel Mac OS X 10_7_5) AppleWebKit/537.78.2 (KHTML, like Gecko) Version/6.1.6 Safari/537.78.2"
170.75.162.130 - - [11/Jan/2016:15:27:54 -0800] "GET /lib/reccapi.php?resort=sundayriver HTTP/1.1" 200 1016 "-" "node-superagent/1.4.0"
173.13.162.201 - - [11/Jan/2016:15:28:50 -0800] "GET /images/wsis-logo-sm.png HTTP/1.1" 200 6108 "http://www.thebackcountry.net/" "Mozilla/5.0 (Windows NT 6.1; WOW64) AppleWebKit/537.36 (KHTML, like Gecko) Chrome/47.0.2526.106 Safari/537.36"
180.76.15.162 - - [11/Jan/2016:15:30:50 -0800] "GET / HTTP/1.1" 200 6995 "-" "Mozilla/5.0 (compatible; Baiduspider/2.0; +http://www.baidu.com/search/spider.html)"
180.76.15.135 - - [11/Jan/2016:15:31:38 -0800] "GET / HTTP/1.1" 200 6995 "-" "Mozilla/5.0 (compatible; Baiduspider/2.0; +http://www.baidu.com/search/spider.html)"
66.249.66.151 - - [11/Jan/2016:15:31:56 -0800] "GET /lib/reccapi.php?resort=mammothmountain&date=2016-01-10 HTTP/1.1" 200 1025 "http://whereshouldiski.com/" "Mozilla/5.0 (compatible; Googlebot/2.1; +http://www.google.com/bot.html)"
66.249.66.151 - - [11/Jan/2016:15:31:57 -0800] "GET /lib/resortDataSearchD3.php?size=7&sortDate=T&resort=mammothmountain&dateStart=2016-01-08 HTTP/1.1" 200 862 "http://whereshouldiski.com/" "Mozilla/5.0 (compatible; Googlebot/2.1; +http://www.google.com/bot.html)"
66.249.66.151 - - [11/Jan/2016:15:31:58 -0800] "GET /lib/reccapi.php?fields=t&date=2016-01-10&coords=37.63%2C-119.02&size=7&sort=distance HTTP/1.1" 200 1362 "http://whereshouldiski.com/" "Mozilla/5.0 (compatible; Googlebot/2.1; +http://www.google.com/bot.html)"
132.241.74.139 - - [11/Jan/2016:15:41:13 -0800] "GET /images/wsis-logo-sm.png HTTP/1.1" 200 6108 "http://www.thebackcountry.net/" "Mozilla/5.0 (Windows NT 6.1; WOW64; rv:43.0) Gecko/20100101 Firefox/43.0"
71.89.249.174 - - [11/Jan/2016:15:42:02 -0800] "GET /images/wsis-logo-sm.png HTTP/1.1" 200 6108 "http://www.thebackcountry.net/" "Mozilla/5.0 (Macintosh; Intel Mac OS X 10_11_2) AppleWebKit/537.36 (KHTML, like Gecko) Chrome/47.0.2526.106 Safari/537.36"
66.249.66.155 - - [11/Jan/2016:15:50:57 -0800] "GET /lib/reccapi.php?resort=antelopebutte&date=2016-01-01 HTTP/1.1" 200 1010 "http://whereshouldiski.com/" "Mozilla/5.0 (compatible; Googlebot/2.1; +http://www.google.com/bot.html)"
170.75.162.130 - - [11/Jan/2016:15:50:58 -0800] "GET /lib/reccapi.php?resort=killington HTTP/1.1" 200 1067 "-" "node-superagent/1.4.0"
170.75.162.130 - - [11/Jan/2016:15:50:58 -0800] "GET /lib/reccapi.php?resort=madriverglen HTTP/1.1" 200 1080 "-" "node-superagent/1.4.0"
66.249.66.151 - - [11/Jan/2016:15:50:58 -0800] "GET /lib/reccapi.php?fields=t&date=2016-01-01&coords=44.62%2C-107.51&size=7&sort=distance HTTP/1.1" 200 1310 "http://whereshouldiski.com/" "Mozilla/5.0 (compatible; Googlebot/2.1; +http://www.google.com/bot.html)"
66.249.66.151 - - [11/Jan/2016:15:50:58 -0800] "GET /lib/resortDataSearchD3.php?size=7&sortDate=T&resort=antelopebutte&dateStart=2015-12-30 HTTP/1.1" 200 866 "http://whereshouldiski.com/" "Mozilla/5.0 (compatible; Googlebot/2.1; +http://www.google.com/bot.html)"
170.75.162.130 - - [11/Jan/2016:15:51:08 -0800] "GET /lib/reccapi.php?resort=sunpeaksresort HTTP/1.1" 200 913 "-" "node-superagent/1.4.0"
170.75.162.130 - - [11/Jan/2016:15:51:18 -0800] "GET /lib/reccapi.php?resort=sunvalley HTTP/1.1" 200 998 "-" "node-superagent/1.4.0"
170.75.162.130 - - [11/Jan/2016:15:51:58 -0800] "GET /lib/reccapi.php?resort=sugarloaf HTTP/1.1" 200 1045 "-" "node-superagent/1.4.0"
170.75.162.130 - - [11/Jan/2016:15:52:48 -0800] "GET /lib/reccapi.php?resort=stowe HTTP/1.1" 200 1086 "-" "node-superagent/1.4.0"
170.75.162.130 - - [11/Jan/2016:15:53:18 -0800] "GET /lib/reccapi.php?resort=whistlerblackcomb HTTP/1.1" 200 930 "-" "node-superagent/1.4.0"
170.75.162.130 - - [11/Jan/2016:15:53:18 -0800] "GET /lib/reccapi.php?resort=whitefacemountain HTTP/1.1" 200 1108 "-" "node-superagent/1.4.0"
170.75.162.130 - - [11/Jan/2016:15:53:58 -0800] "GET /lib/reccapi.php?resort=mountbachelor HTTP/1.1" 200 1037 "-" "node-superagent/1.4.0"
170.75.162.130 - - [11/Jan/2016:15:54:18 -0800] "GET /lib/reccapi.php?resort=redmountain HTTP/1.1" 200 901 "-" "node-superagent/1.4.0"
170.75.162.130 - - [11/Jan/2016:15:54:38 -0800] "GET /lib/reccapi.php?resort=silverstarmountain HTTP/1.1" 200 930 "-" "node-superagent/1.4.0"
170.75.162.130 - - [11/Jan/2016:15:55:18 -0800] "GET /lib/reccapi.php?resort=sierra-at-tahoe HTTP/1.1" 200 976 "-" "node-superagent/1.4.0"
68.166.232.134 - - [11/Jan/2016:15:59:27 -0800] "GET /images/wsis-logo-sm.png HTTP/1.1" 200 6108 "http://www.thebackcountry.net/" "Mozilla/5.0 (Windows NT 6.1; WOW64; rv:43.0) Gecko/20100101 Firefox/43.0"
174.16.144.213 - - [11/Jan/2016:15:59:43 -0800] "GET / HTTP/1.1" 200 2615 "http://www.earnyourturns.com/category/gear/bindings/tele-bind/" "Mozilla/5.0 (Windows NT 6.0; WOW64) AppleWebKit/537.36 (KHTML, like Gecko) Chrome/47.0.2526.106 Safari/537.36"
174.16.144.213 - - [11/Jan/2016:15:59:43 -0800] "GET /styles/ee08faa9.main.css HTTP/1.1" 200 19446 "http://whereshouldiski.com/" "Mozilla/5.0 (Windows NT 6.0; WOW64) AppleWebKit/537.36 (KHTML, like Gecko) Chrome/47.0.2526.106 Safari/537.36"
174.16.144.213 - - [11/Jan/2016:15:59:43 -0800] "GET /scripts/scripts/vendor/modernizr.js HTTP/1.1" 200 4903 "http://whereshouldiski.com/" "Mozilla/5.0 (Windows NT 6.0; WOW64) AppleWebKit/537.36 (KHTML, like Gecko) Chrome/47.0.2526.106 Safari/537.36"
174.16.144.213 - - [11/Jan/2016:15:59:43 -0800] "GET /bower_components/requirejs/require.js HTTP/1.1" 200 6701 "http://whereshouldiski.com/" "Mozilla/5.0 (Windows NT 6.0; WOW64) AppleWebKit/537.36 (KHTML, like Gecko) Chrome/47.0.2526.106 Safari/537.36"
174.16.144.213 - - [11/Jan/2016:15:59:43 -0800] "GET /images/logo-square-white-sm.png HTTP/1.1" 200 1683 "http://whereshouldiski.com/" "Mozilla/5.0 (Windows NT 6.0; WOW64) AppleWebKit/537.36 (KHTML, like Gecko) Chrome/47.0.2526.106 Safari/537.36"
174.16.144.213 - - [11/Jan/2016:15:59:44 -0800] "GET /images/loading.gif HTTP/1.1" 200 13881 "http://whereshouldiski.com/" "Mozilla/5.0 (Windows NT 6.0; WOW64) AppleWebKit/537.36 (KHTML, like Gecko) Chrome/47.0.2526.106 Safari/537.36"
174.16.144.213 - - [11/Jan/2016:15:59:44 -0800] "GET /scripts/fa48e319.main.js HTTP/1.1" 200 123456 "http://whereshouldiski.com/" "Mozilla/5.0 (Windows NT 6.0; WOW64) AppleWebKit/537.36 (KHTML, like Gecko) Chrome/47.0.2526.106 Safari/537.36"
174.16.144.213 - - [11/Jan/2016:15:59:45 -0800] "GET /images/greyHeader.png HTTP/1.1" 200 508 "http://whereshouldiski.com/styles/ee08faa9.main.css" "Mozilla/5.0 (Windows NT 6.0; WOW64) AppleWebKit/537.36 (KHTML, like Gecko) Chrome/47.0.2526.106 Safari/537.36"
174.16.144.213 - - [11/Jan/2016:15:59:45 -0800] "GET /images/button.png HTTP/1.1" 200 598 "http://whereshouldiski.com/styles/ee08faa9.main.css" "Mozilla/5.0 (Windows NT 6.0; WOW64) AppleWebKit/537.36 (KHTML, like Gecko) Chrome/47.0.2526.106 Safari/537.36"
174.16.144.213 - - [11/Jan/2016:15:59:45 -0800] "GET /lib/reccapi.php?fields=t HTTP/1.1" 200 1895 "http://whereshouldiski.com/" "Mozilla/5.0 (Windows NT 6.0; WOW64) AppleWebKit/537.36 (KHTML, like Gecko) Chrome/47.0.2526.106 Safari/537.36"
174.16.144.213 - - [11/Jan/2016:15:59:45 -0800] "GET /images/snowflake5.png HTTP/1.1" 200 2857 "http://whereshouldiski.com/styles/ee08faa9.main.css" "Mozilla/5.0 (Windows NT 6.0; WOW64) AppleWebKit/537.36 (KHTML, like Gecko) Chrome/47.0.2526.106 Safari/537.36"
174.16.144.213 - - [11/Jan/2016:15:59:45 -0800] "GET /images/star5.png HTTP/1.1" 200 1783 "http://whereshouldiski.com/styles/ee08faa9.main.css" "Mozilla/5.0 (Windows NT 6.0; WOW64) AppleWebKit/537.36 (KHTML, like Gecko) Chrome/47.0.2526.106 Safari/537.36"
174.16.144.213 - - [11/Jan/2016:15:59:45 -0800] "GET /images/bluebird5.png HTTP/1.1" 200 2177 "http://whereshouldiski.com/styles/ee08faa9.main.css" "Mozilla/5.0 (Windows NT 6.0; WOW64) AppleWebKit/537.36 (KHTML, like Gecko) Chrome/47.0.2526.106 Safari/537.36"
174.16.144.213 - - [11/Jan/2016:15:59:45 -0800] "GET /images/mtns-icon.png HTTP/1.1" 200 1097 "http://whereshouldiski.com/styles/ee08faa9.main.css" "Mozilla/5.0 (Windows NT 6.0; WOW64) AppleWebKit/537.36 (KHTML, like Gecko) Chrome/47.0.2526.106 Safari/537.36"
174.16.144.213 - - [11/Jan/2016:15:59:45 -0800] "GET /images/shading-icon.png HTTP/1.1" 200 537 "http://whereshouldiski.com/styles/ee08faa9.main.css" "Mozilla/5.0 (Windows NT 6.0; WOW64) AppleWebKit/537.36 (KHTML, like Gecko) Chrome/47.0.2526.106 Safari/537.36"
174.16.144.213 - - [11/Jan/2016:15:59:46 -0800] "GET /favicon.ico HTTP/1.1" 200 4612 "http://whereshouldiski.com/" "Mozilla/5.0 (Windows NT 6.0; WOW64) AppleWebKit/537.36 (KHTML, like Gecko) Chrome/47.0.2526.106 Safari/537.36"
174.16.144.213 - - [11/Jan/2016:15:59:50 -0800] "GET /lib/reccapi.php?fields=t&coords=39.8774533,-105.03820759999999 HTTP/1.1" 200 2088 "http://whereshouldiski.com/" "Mozilla/5.0 (Windows NT 6.0; WOW64) AppleWebKit/537.36 (KHTML, like Gecko) Chrome/47.0.2526.106 Safari/537.36"
174.16.144.213 - - [11/Jan/2016:16:00:08 -0800] "GET /lib/reccapi.php?fields=t&coords=39.8774533,-105.03820759999999&region=Southwest HTTP/1.1" 200 1358 "http://whereshouldiski.com/" "Mozilla/5.0 (Windows NT 6.0; WOW64) AppleWebKit/537.36 (KHTML, like Gecko) Chrome/47.0.2526.106 Safari/537.36"
174.16.144.213 - - [11/Jan/2016:16:00:08 -0800] "GET /images/greenHeader.png HTTP/1.1" 200 508 "http://whereshouldiski.com/styles/ee08faa9.main.css" "Mozilla/5.0 (Windows NT 6.0; WOW64) AppleWebKit/537.36 (KHTML, like Gecko) Chrome/47.0.2526.106 Safari/537.36"
174.16.144.213 - - [11/Jan/2016:16:00:28 -0800] "GET /lib/reccapi.php?fields=t&coords=39.8774533,-105.03820759999999 HTTP/1.1" 200 2089 "http://whereshouldiski.com/" "Mozilla/5.0 (Windows NT 6.0; WOW64) AppleWebKit/537.36 (KHTML, like Gecko) Chrome/47.0.2526.106 Safari/537.36"
174.16.144.213 - - [11/Jan/2016:16:00:32 -0800] "GET /lib/reccapi.php?fields=t&coords=39.8774533,-105.03820759999999&region=Rockies HTTP/1.1" 200 1719 "http://whereshouldiski.com/" "Mozilla/5.0 (Windows NT 6.0; WOW64) AppleWebKit/537.36 (KHTML, like Gecko) Chrome/47.0.2526.106 Safari/537.36"
174.16.144.213 - - [11/Jan/2016:16:00:35 -0800] "GET /lib/reccapi.php?fields=t&coords=39.8774533,-105.03820759999999&region=Rockies&state=CO HTTP/1.1" 200 1497 "http://whereshouldiski.com/" "Mozilla/5.0 (Windows NT 6.0; WOW64) AppleWebKit/537.36 (KHTML, like Gecko) Chrome/47.0.2526.106 Safari/537.36"
127.0.0.1 - - [11/Jan/2016:16:00:44 -0800] "OPTIONS * HTTP/1.0" 200 126 "-" "Apache/2.2.22 (Ubuntu) (internal dummy connection)"
172.4.88.177 - - [11/Jan/2016:16:01:41 -0800] "GET /images/wsis-logo-sm.png HTTP/1.1" 200 6108 "http://www.thebackcountry.net/" "Mozilla/5.0 (Windows NT 6.0) AppleWebKit/537.36 (KHTML, like Gecko) Chrome/47.0.2526.106 Safari/537.36"
134.197.9.117 - - [11/Jan/2016:16:04:17 -0800] "GET /images/wsis-logo-sm.png HTTP/1.1" 200 6108 "http://www.thebackcountry.net/" "Mozilla/5.0 (Windows NT 10.0; WOW64; rv:43.0) Gecko/20100101 Firefox/43.0"
75.0.15.22 - - [11/Jan/2016:16:12:34 -0800] "GET /images/wsis-logo-sm.png HTTP/1.1" 200 6108 "http://www.thebackcountry.net/" "Mozilla/5.0 (X11; CrOS x86_64 7520.63.0) AppleWebKit/537.36 (KHTML, like Gecko) Chrome/47.0.2526.106 Safari/537.36"
72.47.20.166 - - [11/Jan/2016:16:16:42 -0800] "GET /images/wsis-logo-sm.png HTTP/1.1" 200 6108 "http://www.thebackcountry.net/" "Mozilla/5.0 (Macintosh; Intel Mac OS X 10_10_0) AppleWebKit/537.36 (KHTML, like Gecko) Chrome/47.0.2526.106 Safari/537.36"
107.207.203.73 - - [11/Jan/2016:16:17:23 -0800] "GET /images/wsis-logo-sm.png HTTP/1.1" 200 6108 "http://www.thebackcountry.net/" "Mozilla/5.0 (compatible; MSIE 10.0; Windows NT 6.1; WOW64; Trident/6.0)"
70.209.76.83 - - [11/Jan/2016:16:18:19 -0800] "GET / HTTP/1.1" 200 2615 "http://www.google.com/search?q=Mt+Lemmon+Wed+1%2F13%2F16&oq=Mt+Lemmon+Wed+1%2F13%2F16&gs_l=mobile-heirloom-serp.12...1268.30117.0.31829.39.26.0.4.4.1.1698.8091.5j11j4j5-4j0j1j1.26.0....0...1c.1.34.mobile-heirloom-serp..24.15.3033.l0OGQzWFIPA" "Mozilla/5.0 (Android 5.0.1; Mobile; rv:43.0) Gecko/43.0 Firefox/43.0"
70.209.76.83 - - [11/Jan/2016:16:18:19 -0800] "GET /styles/ee08faa9.main.css HTTP/1.1" 200 19446 "http://whereshouldiski.com/" "Mozilla/5.0 (Android 5.0.1; Mobile; rv:43.0) Gecko/43.0 Firefox/43.0"
70.209.76.83 - - [11/Jan/2016:16:18:19 -0800] "GET /scripts/scripts/vendor/modernizr.js HTTP/1.1" 200 4902 "http://whereshouldiski.com/" "Mozilla/5.0 (Android 5.0.1; Mobile; rv:43.0) Gecko/43.0 Firefox/43.0"
70.209.76.83 - - [11/Jan/2016:16:18:19 -0800] "GET /bower_components/requirejs/require.js HTTP/1.1" 200 6702 "http://whereshouldiski.com/" "Mozilla/5.0 (Android 5.0.1; Mobile; rv:43.0) Gecko/43.0 Firefox/43.0"
70.209.76.83 - - [11/Jan/2016:16:18:19 -0800] "GET /images/logo-square-white-sm.png HTTP/1.1" 200 1683 "http://whereshouldiski.com/" "Mozilla/5.0 (Android 5.0.1; Mobile; rv:43.0) Gecko/43.0 Firefox/43.0"
70.209.76.83 - - [11/Jan/2016:16:18:19 -0800] "GET /images/loading.gif HTTP/1.1" 200 13881 "http://whereshouldiski.com/" "Mozilla/5.0 (Android 5.0.1; Mobile; rv:43.0) Gecko/43.0 Firefox/43.0"
70.209.76.83 - - [11/Jan/2016:16:18:20 -0800] "GET /scripts/fa48e319.main.js HTTP/1.1" 200 123455 "http://whereshouldiski.com/" "Mozilla/5.0 (Android 5.0.1; Mobile; rv:43.0) Gecko/43.0 Firefox/43.0"
70.209.76.83 - - [11/Jan/2016:16:18:23 -0800] "GET /images/button.png HTTP/1.1" 200 598 "http://whereshouldiski.com/styles/ee08faa9.main.css" "Mozilla/5.0 (Android 5.0.1; Mobile; rv:43.0) Gecko/43.0 Firefox/43.0"
70.209.76.83 - - [11/Jan/2016:16:18:23 -0800] "GET /lib/reccapi.php?fields=t HTTP/1.1" 200 1895 "http://whereshouldiski.com/" "Mozilla/5.0 (Android 5.0.1; Mobile; rv:43.0) Gecko/43.0 Firefox/43.0"
70.209.76.83 - - [11/Jan/2016:16:18:24 -0800] "GET /images/snowflake5.png HTTP/1.1" 200 2857 "http://whereshouldiski.com/styles/ee08faa9.main.css" "Mozilla/5.0 (Android 5.0.1; Mobile; rv:43.0) Gecko/43.0 Firefox/43.0"
70.209.76.83 - - [11/Jan/2016:16:18:24 -0800] "GET /images/star5.png HTTP/1.1" 200 1783 "http://whereshouldiski.com/styles/ee08faa9.main.css" "Mozilla/5.0 (Android 5.0.1; Mobile; rv:43.0) Gecko/43.0 Firefox/43.0"
70.209.76.83 - - [11/Jan/2016:16:18:24 -0800] "GET /images/bluebird5.png HTTP/1.1" 200 2178 "http://whereshouldiski.com/styles/ee08faa9.main.css" "Mozilla/5.0 (Android 5.0.1; Mobile; rv:43.0) Gecko/43.0 Firefox/43.0"
70.209.76.83 - - [11/Jan/2016:16:18:25 -0800] "GET /images/shading-icon.png HTTP/1.1" 200 536 "http://whereshouldiski.com/styles/ee08faa9.main.css" "Mozilla/5.0 (Android 5.0.1; Mobile; rv:43.0) Gecko/43.0 Firefox/43.0"
70.209.76.83 - - [11/Jan/2016:16:18:25 -0800] "GET /images/mtns-icon.png HTTP/1.1" 200 1096 "http://whereshouldiski.com/styles/ee08faa9.main.css" "Mozilla/5.0 (Android 5.0.1; Mobile; rv:43.0) Gecko/43.0 Firefox/43.0"
70.209.76.83 - - [11/Jan/2016:16:18:25 -0800] "GET /lib/reccapi.php?fields=t&coords=32.118183,-110.9635634 HTTP/1.1" 200 2049 "http://whereshouldiski.com/" "Mozilla/5.0 (Android 5.0.1; Mobile; rv:43.0) Gecko/43.0 Firefox/43.0"
70.209.76.83 - - [11/Jan/2016:16:18:26 -0800] "GET /favicon.ico HTTP/1.1" 200 4613 "-" "Mozilla/5.0 (Android 5.0.1; Mobile; rv:43.0) Gecko/43.0 Firefox/43.0"
75.0.15.22 - - [11/Jan/2016:16:19:41 -0800] "-" 408 0 "-" "-"
75.0.15.22 - - [11/Jan/2016:16:19:42 -0800] "-" 408 0 "-" "-"
107.207.203.73 - - [11/Jan/2016:16:19:47 -0800] "-" 408 0 "-" "-"
65.186.66.60 - - [11/Jan/2016:16:25:11 -0800] "GET /images/wsis-logo-sm.png HTTP/1.1" 200 6108 "http://thebackcountry.net/" "Mozilla/5.0 (iPad; CPU OS 9_2 like Mac OS X) AppleWebKit/601.1 (KHTML, like Gecko) CriOS/47.0.2526.107 Mobile/13C75 Safari/601.1.46"
128.177.161.147 - - [11/Jan/2016:16:25:54 -0800] "GET /images/wsis-logo-sm.png HTTP/1.1" 200 6108 "http://www.thebackcountry.net/" "Mozilla/5.0 (Linux; Android 5.0; SAMSUNG-SM-G900AZ Build/LRX21T) AppleWebKit/537.36 (KHTML, like Gecko) SamsungBrowser/2.1 Chrome/34.0.1847.76 Mobile Safari/537.36"
170.75.162.130 - - [11/Jan/2016:16:29:13 -0800] "GET /lib/reccapi.php?resort=heavenly HTTP/1.1" 200 975 "-" "node-superagent/1.4.0"
52.33.40.213 - - [11/Jan/2016:16:32:04 -0800] "GET /lib/reccapi.php?resort=squawvalleyusa HTTP/1.1" 200 982 "-" "node-superagent/1.4.0"
180.76.15.32 - - [11/Jan/2016:16:34:53 -0800] "GET / HTTP/1.1" 200 6995 "-" "Mozilla/5.0 (compatible; Baiduspider/2.0; +http://www.baidu.com/search/spider.html)"
66.249.66.151 - - [11/Jan/2016:16:35:39 -0800] "GET /lib/reccapi.php?resort=pajaritomountain&date=2016-01-05 HTTP/1.1" 200 1046 "http://whereshouldiski.com/" "Mozilla/5.0 (compatible; Googlebot/2.1; +http://www.google.com/bot.html)"
66.249.66.151 - - [11/Jan/2016:16:35:40 -0800] "GET /lib/reccapi.php?fields=t&date=2016-01-05&coords=35.89%2C-106.41&size=7&sort=distance HTTP/1.1" 200 1364 "http://whereshouldiski.com/" "Mozilla/5.0 (compatible; Googlebot/2.1; +http://www.google.com/bot.html)"
66.249.66.151 - - [11/Jan/2016:16:35:40 -0800] "GET /lib/resortDataSearchD3.php?size=7&sortDate=T&resort=pajaritomountain&dateStart=2016-01-03 HTTP/1.1" 200 860 "http://whereshouldiski.com/" "Mozilla/5.0 (compatible; Googlebot/2.1; +http://www.google.com/bot.html)"
180.76.15.134 - - [11/Jan/2016:16:35:51 -0800] "GET / HTTP/1.1" 200 6995 "-" "Mozilla/5.0 (compatible; Baiduspider/2.0; +http://www.baidu.com/search/spider.html)"
207.192.249.237 - - [11/Jan/2016:16:36:54 -0800] "GET /images/wsis-logo-sm.png HTTP/1.1" 200 6108 "http://www.thebackcountry.net/" "Mozilla/5.0 (Macintosh; Intel Mac OS X 10_11_1) AppleWebKit/537.36 (KHTML, like Gecko) Chrome/47.0.2526.106 Safari/537.36"
4.53.30.170 - - [11/Jan/2016:16:39:33 -0800] "GET /images/wsis-logo-sm.png HTTP/1.1" 200 6108 "http://www.thebackcountry.net/" "Mozilla/5.0 (Windows NT 6.1; rv:43.0) Gecko/20100101 Firefox/43.0"
170.75.162.130 - - [11/Jan/2016:16:45:45 -0800] "GET /lib/reccapi.php?resort=snowbasin HTTP/1.1" 200 969 "-" "node-superagent/1.4.0"
66.249.66.155 - - [11/Jan/2016:16:47:27 -0800] "GET /lib/reccapi.php?resort=angelfire&date=2016-01-09 HTTP/1.1" 200 1045 "http://whereshouldiski.com/" "Mozilla/5.0 (compatible; Googlebot/2.1; +http://www.google.com/bot.html)"
66.249.66.151 - - [11/Jan/2016:16:47:28 -0800] "GET /lib/reccapi.php?fields=t&date=2016-01-09&coords=36.39%2C-105.27&size=7&sort=distance HTTP/1.1" 200 1405 "http://whereshouldiski.com/" "Mozilla/5.0 (compatible; Googlebot/2.1; +http://www.google.com/bot.html)"
66.249.66.151 - - [11/Jan/2016:16:47:28 -0800] "GET /lib/resortDataSearchD3.php?size=7&sortDate=T&resort=angelfire&dateStart=2016-01-07 HTTP/1.1" 200 870 "http://whereshouldiski.com/" "Mozilla/5.0 (compatible; Googlebot/2.1; +http://www.google.com/bot.html)"
66.249.66.151 - - [11/Jan/2016:16:50:12 -0800] "GET /lib/reccapi.php?resort=antelopebutte&date=2016-01-02 HTTP/1.1" 200 998 "http://whereshouldiski.com/" "Mozilla/5.0 (compatible; Googlebot/2.1; +http://www.google.com/bot.html)"
66.249.66.151 - - [11/Jan/2016:16:50:13 -0800] "GET /lib/resortDataSearchD3.php?size=7&sortDate=T&resort=antelopebutte&dateStart=2015-12-31 HTTP/1.1" 200 860 "http://whereshouldiski.com/" "Mozilla/5.0 (compatible; Googlebot/2.1; +http://www.google.com/bot.html)"
66.249.66.151 - - [11/Jan/2016:16:50:13 -0800] "GET /lib/reccapi.php?fields=t&date=2016-01-02&coords=44.62%2C-107.51&size=7&sort=distance HTTP/1.1" 200 1307 "http://whereshouldiski.com/" "Mozilla/5.0 (compatible; Googlebot/2.1; +http://www.google.com/bot.html)"
66.249.66.151 - - [11/Jan/2016:17:02:50 -0800] "GET /lib/reccapi.php?resort=willamettepass&date=2015-12-22 HTTP/1.1" 200 1079 "http://whereshouldiski.com/" "Mozilla/5.0 (compatible; Googlebot/2.1; +http://www.google.com/bot.html)"
66.249.66.151 - - [11/Jan/2016:17:02:51 -0800] "GET /lib/reccapi.php?fields=t&date=2015-12-22&coords=43.61%2C-122.03&size=7&sort=distance HTTP/1.1" 200 1395 "http://whereshouldiski.com/" "Mozilla/5.0 (compatible; Googlebot/2.1; +http://www.google.com/bot.html)"
66.249.66.151 - - [11/Jan/2016:17:02:51 -0800] "GET /lib/resortDataSearchD3.php?size=7&sortDate=T&resort=willamettepass&dateStart=2015-12-20 HTTP/1.1" 200 878 "http://whereshouldiski.com/" "Mozilla/5.0 (compatible; Googlebot/2.1; +http://www.google.com/bot.html)"
95.65.34.177 - - [11/Jan/2016:17:06:32 -0800] "GET / HTTP/1.0" 200 6995 "-" "Opera/9.80 (X11; Linux x86_64) Presto/2.12.388 Version/12.16"
24.237.158.9 - - [11/Jan/2016:17:07:57 -0800] "GET /images/wsis-logo-sm.png HTTP/1.1" 200 6108 "http://www.thebackcountry.net/" "Mozilla/5.0 (iPhone; CPU iPhone OS 9_2 like Mac OS X) AppleWebKit/601.1.46 (KHTML, like Gecko) Version/9.0 Mobile/13C75 Safari/601.1"
67.188.212.82 - - [11/Jan/2016:17:13:59 -0800] "GET /images/wsis-logo-sm.png HTTP/1.1" 200 6108 "http://thebackcountry.net/" "Mozilla/5.0 (Macintosh; Intel Mac OS X 10_11_1) AppleWebKit/537.36 (KHTML, like Gecko) Chrome/47.0.2526.106 Safari/537.36"
73.235.48.38 - - [11/Jan/2016:17:14:00 -0800] "GET /images/wsis-logo-sm.png HTTP/1.1" 200 6108 "http://www.thebackcountry.net/" "Mozilla/5.0 (Windows NT 6.1; WOW64) AppleWebKit/537.36 (KHTML, like Gecko) Chrome/47.0.2526.106 Safari/537.36"
96.38.172.229 - - [11/Jan/2016:17:15:27 -0800] "GET /images/wsis-logo-sm.png HTTP/1.1" 200 6108 "http://www.thebackcountry.net/" "Mozilla/5.0 (Windows NT 10.0; WOW64) AppleWebKit/537.36 (KHTML, like Gecko) Chrome/47.0.2526.106 Safari/537.36"
170.75.162.130 - - [11/Jan/2016:17:16:59 -0800] "GET /lib/reccapi.php?resort=alyeska HTTP/1.1" 200 1009 "-" "node-superagent/1.4.0"
66.249.66.155 - - [11/Jan/2016:17:19:44 -0800] "GET /lib/resortDataSearchD3.php?size=7&sortDate=T&resort=missionridge&dateStart=2015-12-16 HTTP/1.1" 200 889 "http://whereshouldiski.com/" "Mozilla/5.0 (compatible; Googlebot/2.1; +http://www.google.com/bot.html)"
66.249.66.151 - - [11/Jan/2016:17:19:45 -0800] "GET /lib/reccapi.php?fields=t&date=2015-12-18&coords=47.28%2C-120.39&size=7&sort=distance HTTP/1.1" 200 1437 "http://whereshouldiski.com/" "Mozilla/5.0 (compatible; Googlebot/2.1; +http://www.google.com/bot.html)"
