170.75.162.130 - - [16/Dec/2015:19:06:51 -0800] "GET /lib/reccapi.php?resort=brianhead HTTP/1.1" 200 999 "-" "node-superagent/1.4.0"
170.75.162.130 - - [16/Dec/2015:19:08:31 -0800] "GET /lib/reccapi.php?resort=deervalley HTTP/1.1" 200 991 "-" "node-superagent/1.4.0"
170.75.162.130 - - [16/Dec/2015:19:08:32 -0800] "GET /lib/reccapi.php?resort=parkcity HTTP/1.1" 200 1063 "-" "node-superagent/1.4.0"
170.75.162.130 - - [16/Dec/2015:19:08:32 -0800] "GET /lib/reccapi.php?resort=snowbasin HTTP/1.1" 200 1035 "-" "node-superagent/1.4.0"
170.75.162.130 - - [16/Dec/2015:19:08:32 -0800] "GET /lib/reccapi.php?resort=solitude HTTP/1.1" 200 1036 "-" "node-superagent/1.4.0"
170.75.162.130 - - [16/Dec/2015:19:12:02 -0800] "GET /lib/reccapi.php?resort=crystalmountain HTTP/1.1" 200 1081 "-" "node-superagent/1.4.0"
170.75.162.130 - - [16/Dec/2015:19:13:32 -0800] "GET /lib/reccapi.php?resort=hoodoo HTTP/1.1" 200 1022 "-" "node-superagent/1.4.0"
170.75.162.130 - - [16/Dec/2015:19:13:32 -0800] "GET /lib/reccapi.php?resort=mountbachelor HTTP/1.1" 200 1034 "-" "node-superagent/1.4.0"
170.75.162.130 - - [16/Dec/2015:19:25:24 -0800] "GET /lib/reccapi.php?resort=arapahoebasin HTTP/1.1" 200 1106 "-" "node-superagent/1.4.0"
170.75.162.130 - - [16/Dec/2015:19:25:24 -0800] "GET /lib/reccapi.php?resort=aspenheights HTTP/1.1" 200 1047 "-" "node-superagent/1.4.0"
170.75.162.130 - - [16/Dec/2015:19:25:24 -0800] "GET /lib/reccapi.php?resort=aspenmountain HTTP/1.1" 200 998 "-" "node-superagent/1.4.0"
170.75.162.130 - - [16/Dec/2015:19:25:24 -0800] "GET /lib/reccapi.php?resort=buttermilk HTTP/1.1" 200 979 "-" "node-superagent/1.4.0"
170.75.162.130 - - [16/Dec/2015:19:25:24 -0800] "GET /lib/reccapi.php?resort=crestedbutte HTTP/1.1" 200 1066 "-" "node-superagent/1.4.0"
170.75.162.130 - - [16/Dec/2015:19:25:24 -0800] "GET /lib/reccapi.php?resort=loveland HTTP/1.1" 200 1094 "-" "node-superagent/1.4.0"
170.75.162.130 - - [16/Dec/2015:19:25:24 -0800] "GET /lib/reccapi.php?resort=keystone HTTP/1.1" 200 1098 "-" "node-superagent/1.4.0"
170.75.162.130 - - [16/Dec/2015:19:25:24 -0800] "GET /lib/reccapi.php?resort=snowmass HTTP/1.1" 200 1018 "-" "node-superagent/1.4.0"
170.75.162.130 - - [16/Dec/2015:19:25:24 -0800] "GET /lib/reccapi.php?resort=steamboat HTTP/1.1" 200 1034 "-" "node-superagent/1.4.0"
170.75.162.130 - - [16/Dec/2015:19:25:24 -0800] "GET /lib/reccapi.php?resort=telluride HTTP/1.1" 200 989 "-" "node-superagent/1.4.0"
170.75.162.130 - - [16/Dec/2015:19:25:25 -0800] "GET /lib/reccapi.php?resort=winterpark HTTP/1.1" 200 1095 "-" "node-superagent/1.4.0"
106.185.29.189 - - [16/Dec/2015:19:25:32 -0800] "GET /blog/libraries/simplepie/README.txt HTTP/1.1" 404 502 "-" "Mozilla/5.0 (compatible; Googlebot/2.1; +http://www.google.com/bot.html)"
170.75.162.130 - - [16/Dec/2015:19:26:44 -0800] "GET /lib/reccapi.php?resort=heavenly HTTP/1.1" 200 987 "-" "node-superagent/1.4.0"
170.75.162.130 - - [16/Dec/2015:19:28:34 -0800] "GET /lib/reccapi.php?resort=chinapeak HTTP/1.1" 200 992 "-" "node-superagent/1.4.0"
170.75.162.130 - - [16/Dec/2015:19:28:34 -0800] "GET /lib/reccapi.php?resort=mountainhigh HTTP/1.1" 200 1019 "-" "node-superagent/1.4.0"
106.185.29.189 - - [16/Dec/2015:19:34:53 -0800] "GET /libraries/simplepie/README.txt HTTP/1.1" 404 497 "-" "Mozilla/5.0 (compatible; Googlebot/2.1; +http://www.google.com/bot.html)"
170.75.162.130 - - [16/Dec/2015:19:38:16 -0800] "GET /lib/reccapi.php?resort=whistlerblackcomb HTTP/1.1" 200 932 "-" "node-superagent/1.4.0"
24.176.182.110 - - [16/Dec/2015:19:38:26 -0800] "GET /images/wsis-logo-sm.png HTTP/1.1" 200 6108 "http://www.thebackcountry.net/" "Mozilla/5.0 (Macintosh; Intel Mac OS X 10_11) AppleWebKit/601.1.56 (KHTML, like Gecko) Version/9.0 Safari/601.1.56"
141.212.121.176 - - [16/Dec/2015:19:39:50 -0800] "GET / HTTP/1.1" 200 6079 "-" "Mozilla/5.0 zgrab/0.x"
106.185.29.189 - - [16/Dec/2015:19:45:04 -0800] "GET /news/libraries/simplepie/README.txt HTTP/1.1" 404 502 "-" "Mozilla/5.0 (compatible; Googlebot/2.1; +http://www.google.com/bot.html)"
170.75.162.130 - - [16/Dec/2015:19:50:18 -0800] "GET /lib/reccapi.php?resort=wildcatmountain HTTP/1.1" 200 972 "-" "node-superagent/1.4.0"
180.76.15.161 - - [16/Dec/2015:19:50:55 -0800] "GET / HTTP/1.1" 200 6098 "-" "Mozilla/5.0 (compatible; Baiduspider/2.0; +http://www.baidu.com/search/spider.html)"
180.76.15.9 - - [16/Dec/2015:19:51:47 -0800] "GET / HTTP/1.1" 200 6098 "-" "Mozilla/5.0 (compatible; Baiduspider/2.0; +http://www.baidu.com/search/spider.html)"
188.68.224.62 - - [16/Dec/2015:20:01:08 -0800] "GET http://51.254.206.142/httptest.php HTTP/1.1" 404 448 "-" "-"
170.75.162.130 - - [16/Dec/2015:20:05:21 -0800] "GET /lib/reccapi.php?resort=sunvalley HTTP/1.1" 200 1040 "-" "node-superagent/1.4.0"
70.182.98.131 - - [16/Dec/2015:20:09:35 -0800] "GET /images/wsis-logo-sm.png HTTP/1.1" 200 6108 "http://www.thebackcountry.net/" "Mozilla/5.0 (Macintosh; Intel Mac OS X 10_11_1) AppleWebKit/601.2.7 (KHTML, like Gecko) Version/9.0.1 Safari/601.2.7"
68.203.3.44 - - [16/Dec/2015:20:11:57 -0800] "GET /images/wsis-logo-sm.png HTTP/1.1" 200 6108 "http://www.thebackcountry.net/" "Mozilla/5.0 (Windows NT 6.1; WOW64) AppleWebKit/537.36 (KHTML, like Gecko) Chrome/47.0.2526.80 Safari/537.36"
121.73.241.186 - - [16/Dec/2015:20:21:48 -0800] "GET /images/wsis-logo-sm.png HTTP/1.1" 200 6108 "http://www.thebackcountry.net/" "Mozilla/5.0 (Macintosh; Intel Mac OS X 10_9_5) AppleWebKit/601.3.9 (KHTML, like Gecko) Version/9.0.2 Safari/537.86.3"
170.75.162.130 - - [16/Dec/2015:20:23:03 -0800] "GET /lib/reccapi.php?resort=bigwhite HTTP/1.1" 200 923 "-" "node-superagent/1.4.0"
170.75.162.130 - - [16/Dec/2015:20:25:24 -0800] "GET /lib/reccapi.php?resort=sierra-at-tahoe HTTP/1.1" 200 976 "-" "node-superagent/1.4.0"
170.75.162.130 - - [16/Dec/2015:20:26:04 -0800] "GET /lib/reccapi.php?resort=diamondpeak HTTP/1.1" 200 949 "-" "node-superagent/1.4.0"
106.185.29.189 - - [16/Dec/2015:20:26:20 -0800] "GET /shop/libraries/simplepie/README.txt HTTP/1.1" 404 502 "-" "Mozilla/5.0 (compatible; Googlebot/2.1; +http://www.google.com/bot.html)"
24.6.53.68 - - [16/Dec/2015:20:27:30 -0800] "GET /images/wsis-logo-sm.png HTTP/1.1" 200 6108 "http://www.thebackcountry.net/" "Mozilla/5.0 (Linux; Android 5.0; SAMSUNG-SM-N900A Build/LRX21V) AppleWebKit/537.36 (KHTML, like Gecko) Chrome/47.0.2526.83 Mobile Safari/537.36"
106.185.29.189 - - [16/Dec/2015:20:30:21 -0800] "GET /demo/libraries/simplepie/README.txt HTTP/1.1" 404 502 "-" "Mozilla/5.0 (compatible; Googlebot/2.1; +http://www.google.com/bot.html)"
106.185.29.189 - - [16/Dec/2015:20:31:39 -0800] "GET /libraries/simplepie/README.txt HTTP/1.1" 404 501 "-" "Mozilla/5.0 (compatible; Googlebot/2.1; +http://www.google.com/bot.html)"
24.205.214.77 - - [16/Dec/2015:20:32:13 -0800] "GET /images/wsis-logo-sm.png HTTP/1.1" 200 6108 "http://www.thebackcountry.net/" "Mozilla/5.0 (X11; CrOS x86_64 7520.62.0) AppleWebKit/537.36 (KHTML, like Gecko) Chrome/47.0.2526.80 Safari/537.36"
106.185.29.189 - - [16/Dec/2015:20:33:02 -0800] "GET /joomla/libraries/simplepie/README.txt HTTP/1.1" 404 504 "-" "Mozilla/5.0 (compatible; Googlebot/2.1; +http://www.google.com/bot.html)"
106.185.29.189 - - [16/Dec/2015:20:34:00 -0800] "GET /site/libraries/simplepie/README.txt HTTP/1.1" 404 502 "-" "Mozilla/5.0 (compatible; Googlebot/2.1; +http://www.google.com/bot.html)"
50.174.85.193 - - [16/Dec/2015:20:35:00 -0800] "GET /images/wsis-logo-sm.png HTTP/1.1" 200 6108 "http://www.thebackcountry.net/" "Mozilla/5.0 (iPhone; CPU iPhone OS 9_2 like Mac OS X) AppleWebKit/601.1.46 (KHTML, like Gecko) Version/9.0 Mobile/13C75 Safari/601.1"
131.215.220.165 - - [16/Dec/2015:20:36:45 -0800] "GET /images/wsis-logo-sm.png HTTP/1.1" 200 6108 "http://www.thebackcountry.net/" "Mozilla/5.0 (iPhone; CPU iPhone OS 9_2 like Mac OS X) AppleWebKit/601.1.46 (KHTML, like Gecko) Version/9.0 Mobile/13C75 Safari/601.1"
68.183.231.156 - - [16/Dec/2015:20:40:29 -0800] "GET /images/wsis-logo-sm.png HTTP/1.1" 200 6108 "http://thebackcountry.net/" "Mozilla/5.0 (Macintosh; Intel Mac OS X 10.6; rv:42.0) Gecko/20100101 Firefox/42.0"
170.75.162.130 - - [16/Dec/2015:20:44:47 -0800] "GET /lib/reccapi.php?resort=mammothmountain HTTP/1.1" 200 989 "-" "node-superagent/1.4.0"
180.76.15.28 - - [16/Dec/2015:20:45:31 -0800] "GET / HTTP/1.1" 200 6098 "-" "Mozilla/5.0 (compatible; Baiduspider/2.0; +http://www.baidu.com/search/spider.html)"
180.76.15.146 - - [16/Dec/2015:20:46:11 -0800] "GET / HTTP/1.1" 200 6098 "-" "Mozilla/5.0 (compatible; Baiduspider/2.0; +http://www.baidu.com/search/spider.html)"
207.46.13.173 - - [16/Dec/2015:20:46:20 -0800] "GET /robots.txt HTTP/1.1" 200 375 "-" "Mozilla/5.0 (compatible; bingbot/2.0; +http://www.bing.com/bingbot.htm)"
207.46.13.173 - - [16/Dec/2015:20:46:26 -0800] "GET /about HTTP/1.1" 404 506 "-" "Mozilla/5.0 (compatible; bingbot/2.0; +http://www.bing.com/bingbot.htm)"
70.196.196.107 - - [16/Dec/2015:20:47:37 -0800] "GET /images/wsis-logo-sm.png HTTP/1.1" 200 6108 "http://www.thebackcountry.net/" "Mozilla/5.0 (iPhone; CPU iPhone OS 9_2 like Mac OS X) AppleWebKit/601.1.46 (KHTML, like Gecko) Version/9.0 Mobile/13C75 Safari/601.1"
66.249.84.241 - - [16/Dec/2015:20:48:10 -0800] "GET / HTTP/1.1" 200 2367 "-" "Mozilla/5.0 (Windows NT 6.1; rv:6.0) Gecko/20110814 Firefox/6.0 Google Favicon"
66.249.84.241 - - [16/Dec/2015:20:48:10 -0800] "GET /favicon.ico HTTP/1.1" 200 1475 "-" "Mozilla/5.0 (Windows NT 6.1; rv:6.0) Gecko/20110814 Firefox/6.0 Google Favicon"
220.181.108.107 - - [16/Dec/2015:20:48:18 -0800] "GET / HTTP/1.1" 200 2330 "-" "Mozilla/5.0 (Windows NT 5.1; rv:6.0.2) Gecko/20100101 Firefox/6.0.2"
220.181.108.110 - - [16/Dec/2015:20:48:18 -0800] "GET / HTTP/1.1" 200 6098 "-" "Mozilla/5.0 (Windows NT 5.1; rv:6.0.2) Gecko/20100101 Firefox/6.0.2"
206.47.208.114 - - [16/Dec/2015:20:49:12 -0800] "GET /images/wsis-logo-sm.png HTTP/1.1" 200 6108 "http://www.thebackcountry.net/" "Mozilla/5.0 (Macintosh; Intel Mac OS X 10_10_3) AppleWebKit/537.36 (KHTML, like Gecko) Chrome/47.0.2526.106 Safari/537.36"
24.143.115.216 - - [16/Dec/2015:20:52:54 -0800] "GET / HTTP/1.1" 200 2367 "-" "Mozilla/5.0 (Macintosh; Intel Mac OS X 10_10_5) AppleWebKit/537.36 (KHTML, like Gecko) Chrome/47.0.2526.80 Safari/537.36"
24.143.115.216 - - [16/Dec/2015:20:52:54 -0800] "GET /styles/0fffd548.main.css HTTP/1.1" 200 19316 "http://whereshouldiski.com/" "Mozilla/5.0 (Macintosh; Intel Mac OS X 10_10_5) AppleWebKit/537.36 (KHTML, like Gecko) Chrome/47.0.2526.80 Safari/537.36"
24.143.115.216 - - [16/Dec/2015:20:52:54 -0800] "GET /scripts/scripts/vendor/modernizr.js HTTP/1.1" 200 4903 "http://whereshouldiski.com/" "Mozilla/5.0 (Macintosh; Intel Mac OS X 10_10_5) AppleWebKit/537.36 (KHTML, like Gecko) Chrome/47.0.2526.80 Safari/537.36"
24.143.115.216 - - [16/Dec/2015:20:52:54 -0800] "GET /images/logo-sm.png HTTP/1.1" 200 16738 "http://whereshouldiski.com/" "Mozilla/5.0 (Macintosh; Intel Mac OS X 10_10_5) AppleWebKit/537.36 (KHTML, like Gecko) Chrome/47.0.2526.80 Safari/537.36"
24.143.115.216 - - [16/Dec/2015:20:52:54 -0800] "GET /images/loading.gif HTTP/1.1" 200 13881 "http://whereshouldiski.com/" "Mozilla/5.0 (Macintosh; Intel Mac OS X 10_10_5) AppleWebKit/537.36 (KHTML, like Gecko) Chrome/47.0.2526.80 Safari/537.36"
24.143.115.216 - - [16/Dec/2015:20:52:54 -0800] "GET /bower_components/requirejs/require.js HTTP/1.1" 200 6702 "http://whereshouldiski.com/" "Mozilla/5.0 (Macintosh; Intel Mac OS X 10_10_5) AppleWebKit/537.36 (KHTML, like Gecko) Chrome/47.0.2526.80 Safari/537.36"
24.143.115.216 - - [16/Dec/2015:20:52:54 -0800] "GET /scripts/fa48e319.main.js HTTP/1.1" 200 123455 "http://whereshouldiski.com/" "Mozilla/5.0 (Macintosh; Intel Mac OS X 10_10_5) AppleWebKit/537.36 (KHTML, like Gecko) Chrome/47.0.2526.80 Safari/537.36"
24.143.115.216 - - [16/Dec/2015:20:52:55 -0800] "GET /images/button.png HTTP/1.1" 200 598 "http://whereshouldiski.com/styles/0fffd548.main.css" "Mozilla/5.0 (Macintosh; Intel Mac OS X 10_10_5) AppleWebKit/537.36 (KHTML, like Gecko) Chrome/47.0.2526.80 Safari/537.36"
24.143.115.216 - - [16/Dec/2015:20:52:55 -0800] "GET /images/greyHeader.png HTTP/1.1" 200 508 "http://whereshouldiski.com/styles/0fffd548.main.css" "Mozilla/5.0 (Macintosh; Intel Mac OS X 10_10_5) AppleWebKit/537.36 (KHTML, like Gecko) Chrome/47.0.2526.80 Safari/537.36"
24.143.115.216 - - [16/Dec/2015:20:52:55 -0800] "GET /lib/reccapi.php?fields=t HTTP/1.1" 200 1887 "http://whereshouldiski.com/" "Mozilla/5.0 (Macintosh; Intel Mac OS X 10_10_5) AppleWebKit/537.36 (KHTML, like Gecko) Chrome/47.0.2526.80 Safari/537.36"
24.143.115.216 - - [16/Dec/2015:20:52:55 -0800] "GET /images/mtns-icon.png HTTP/1.1" 200 1096 "http://whereshouldiski.com/styles/0fffd548.main.css" "Mozilla/5.0 (Macintosh; Intel Mac OS X 10_10_5) AppleWebKit/537.36 (KHTML, like Gecko) Chrome/47.0.2526.80 Safari/537.36"
24.143.115.216 - - [16/Dec/2015:20:52:55 -0800] "GET /images/bluebird5.png HTTP/1.1" 200 2177 "http://whereshouldiski.com/styles/0fffd548.main.css" "Mozilla/5.0 (Macintosh; Intel Mac OS X 10_10_5) AppleWebKit/537.36 (KHTML, like Gecko) Chrome/47.0.2526.80 Safari/537.36"
24.143.115.216 - - [16/Dec/2015:20:52:55 -0800] "GET /images/star5.png HTTP/1.1" 200 1783 "http://whereshouldiski.com/styles/0fffd548.main.css" "Mozilla/5.0 (Macintosh; Intel Mac OS X 10_10_5) AppleWebKit/537.36 (KHTML, like Gecko) Chrome/47.0.2526.80 Safari/537.36"
24.143.115.216 - - [16/Dec/2015:20:52:55 -0800] "GET /images/shading-icon.png HTTP/1.1" 200 537 "http://whereshouldiski.com/styles/0fffd548.main.css" "Mozilla/5.0 (Macintosh; Intel Mac OS X 10_10_5) AppleWebKit/537.36 (KHTML, like Gecko) Chrome/47.0.2526.80 Safari/537.36"
24.143.115.216 - - [16/Dec/2015:20:52:55 -0800] "GET /images/snowflake5.png HTTP/1.1" 200 2857 "http://whereshouldiski.com/styles/0fffd548.main.css" "Mozilla/5.0 (Macintosh; Intel Mac OS X 10_10_5) AppleWebKit/537.36 (KHTML, like Gecko) Chrome/47.0.2526.80 Safari/537.36"
24.143.115.216 - - [16/Dec/2015:20:53:13 -0800] "GET /lib/reccapi.php?fields=t&coords=47.5927015,-122.3056005 HTTP/1.1" 200 2076 "http://whereshouldiski.com/" "Mozilla/5.0 (Macintosh; Intel Mac OS X 10_10_5) AppleWebKit/537.36 (KHTML, like Gecko) Chrome/47.0.2526.80 Safari/537.36"
127.0.0.1 - - [16/Dec/2015:20:53:21 -0800] "OPTIONS * HTTP/1.0" 200 126 "-" "Apache/2.2.22 (Ubuntu) (internal dummy connection)"
24.143.115.216 - - [16/Dec/2015:20:53:23 -0800] "GET /lib/reccapi.php?resort=whistlerblackcomb&date=2015-12-20 HTTP/1.1" 200 973 "http://whereshouldiski.com/" "Mozilla/5.0 (Macintosh; Intel Mac OS X 10_10_5) AppleWebKit/537.36 (KHTML, like Gecko) Chrome/47.0.2526.80 Safari/537.36"
24.143.115.216 - - [16/Dec/2015:20:53:23 -0800] "GET /lib/reccapi.php?fields=t&date=2015-12-20&coords=50.1159%2C-122.949&size=7&sort=distance HTTP/1.1" 200 1408 "http://whereshouldiski.com/" "Mozilla/5.0 (Macintosh; Intel Mac OS X 10_10_5) AppleWebKit/537.36 (KHTML, like Gecko) Chrome/47.0.2526.80 Safari/537.36"
24.143.115.216 - - [16/Dec/2015:20:53:23 -0800] "GET /images/stars-med-5.png HTTP/1.1" 200 4124 "http://whereshouldiski.com/styles/0fffd548.main.css" "Mozilla/5.0 (Macintosh; Intel Mac OS X 10_10_5) AppleWebKit/537.36 (KHTML, like Gecko) Chrome/47.0.2526.80 Safari/537.36"
24.143.115.216 - - [16/Dec/2015:20:53:23 -0800] "GET /images/snowflake-med-5.png HTTP/1.1" 200 6156 "http://whereshouldiski.com/styles/0fffd548.main.css" "Mozilla/5.0 (Macintosh; Intel Mac OS X 10_10_5) AppleWebKit/537.36 (KHTML, like Gecko) Chrome/47.0.2526.80 Safari/537.36"
24.143.115.216 - - [16/Dec/2015:20:53:23 -0800] "GET /images/sun-med-5.png HTTP/1.1" 200 7627 "http://whereshouldiski.com/styles/0fffd548.main.css" "Mozilla/5.0 (Macintosh; Intel Mac OS X 10_10_5) AppleWebKit/537.36 (KHTML, like Gecko) Chrome/47.0.2526.80 Safari/537.36"
24.143.115.216 - - [16/Dec/2015:20:53:23 -0800] "GET /images/mtns-30px.png HTTP/1.1" 200 1202 "http://whereshouldiski.com/styles/0fffd548.main.css" "Mozilla/5.0 (Macintosh; Intel Mac OS X 10_10_5) AppleWebKit/537.36 (KHTML, like Gecko) Chrome/47.0.2526.80 Safari/537.36"
24.143.115.216 - - [16/Dec/2015:20:53:23 -0800] "GET /images/shading-53px.png HTTP/1.1" 200 547 "http://whereshouldiski.com/styles/0fffd548.main.css" "Mozilla/5.0 (Macintosh; Intel Mac OS X 10_10_5) AppleWebKit/537.36 (KHTML, like Gecko) Chrome/47.0.2526.80 Safari/537.36"
24.143.115.216 - - [16/Dec/2015:20:53:23 -0800] "GET /lib/resortDataSearchD3.php?size=7&sortDate=T&resort=whistlerblackcomb&dateStart=2015-12-18 HTTP/1.1" 200 614 "http://whereshouldiski.com/" "Mozilla/5.0 (Macintosh; Intel Mac OS X 10_10_5) AppleWebKit/537.36 (KHTML, like Gecko) Chrome/47.0.2526.80 Safari/537.36"
24.143.115.216 - - [16/Dec/2015:20:53:23 -0800] "GET /images/snowforecast-logo.jpg HTTP/1.1" 200 22988 "http://whereshouldiski.com/" "Mozilla/5.0 (Macintosh; Intel Mac OS X 10_10_5) AppleWebKit/537.36 (KHTML, like Gecko) Chrome/47.0.2526.80 Safari/537.36"
24.143.115.216 - - [16/Dec/2015:20:53:23 -0800] "GET /images/opensnow_logo.png HTTP/1.1" 200 11776 "http://whereshouldiski.com/" "Mozilla/5.0 (Macintosh; Intel Mac OS X 10_10_5) AppleWebKit/537.36 (KHTML, like Gecko) Chrome/47.0.2526.80 Safari/537.36"
24.143.115.216 - - [16/Dec/2015:20:53:25 -0800] "GET /lib/reccapi.php?fields=t&coords=47.5927015,-122.3056005 HTTP/1.1" 200 2075 "http://whereshouldiski.com/" "Mozilla/5.0 (Macintosh; Intel Mac OS X 10_10_5) AppleWebKit/537.36 (KHTML, like Gecko) Chrome/47.0.2526.80 Safari/537.36"
24.143.115.216 - - [16/Dec/2015:20:53:28 -0800] "GET /lib/reccapi.php?fields=t&coords=47.5927015,-122.3056005&distance=100 HTTP/1.1" 200 1655 "http://whereshouldiski.com/" "Mozilla/5.0 (Macintosh; Intel Mac OS X 10_10_5) AppleWebKit/537.36 (KHTML, like Gecko) Chrome/47.0.2526.80 Safari/537.36"
24.143.115.216 - - [16/Dec/2015:20:53:28 -0800] "GET /images/greenHeader.png HTTP/1.1" 200 508 "http://whereshouldiski.com/styles/0fffd548.main.css" "Mozilla/5.0 (Macintosh; Intel Mac OS X 10_10_5) AppleWebKit/537.36 (KHTML, like Gecko) Chrome/47.0.2526.80 Safari/537.36"
24.143.115.216 - - [16/Dec/2015:20:53:37 -0800] "GET /lib/reccapi.php?resort=snoqualmie-alpental&date=2015-12-19 HTTP/1.1" 200 1053 "http://whereshouldiski.com/" "Mozilla/5.0 (Macintosh; Intel Mac OS X 10_10_5) AppleWebKit/537.36 (KHTML, like Gecko) Chrome/47.0.2526.80 Safari/537.36"
24.143.115.216 - - [16/Dec/2015:20:53:37 -0800] "GET /lib/reccapi.php?fields=t&coords=47.5927015,-122.3056005&date=2015-12-19&coords=47.44%2C-121.45&size=7&sort=distance HTTP/1.1" 200 1402 "http://whereshouldiski.com/" "Mozilla/5.0 (Macintosh; Intel Mac OS X 10_10_5) AppleWebKit/537.36 (KHTML, like Gecko) Chrome/47.0.2526.80 Safari/537.36"
24.143.115.216 - - [16/Dec/2015:20:53:37 -0800] "GET /lib/resortDataSearchD3.php?size=7&sortDate=T&resort=snoqualmie-alpental&dateStart=2015-12-17 HTTP/1.1" 200 692 "http://whereshouldiski.com/" "Mozilla/5.0 (Macintosh; Intel Mac OS X 10_10_5) AppleWebKit/537.36 (KHTML, like Gecko) Chrome/47.0.2526.80 Safari/537.36"
72.130.194.242 - - [16/Dec/2015:20:53:39 -0800] "GET /images/wsis-logo-sm.png HTTP/1.1" 200 6108 "http://www.thebackcountry.net/" "Mozilla/5.0 (Windows NT 6.1; WOW64) AppleWebKit/537.36 (KHTML, like Gecko) Chrome/47.0.2526.106 Safari/537.36"
24.143.115.216 - - [16/Dec/2015:20:53:58 -0800] "-" 408 0 "-" "-"
127.0.0.1 - - [16/Dec/2015:20:54:00 -0800] "OPTIONS * HTTP/1.0" 200 126 "-" "Apache/2.2.22 (Ubuntu) (internal dummy connection)"
170.75.162.130 - - [16/Dec/2015:21:00:09 -0800] "GET /lib/reccapi.php?resort=kirkwood HTTP/1.1" 200 990 "-" "node-superagent/1.4.0"
207.212.113.253 - - [16/Dec/2015:21:00:19 -0800] "GET / HTTP/1.1" 200 2367 "http://www.earnyourturns.com/category/technique/skinning/" "Mozilla/5.0 (iPad; CPU OS 8_4 like Mac OS X) AppleWebKit/600.1.4 (KHTML, like Gecko) Version/8.0 Mobile/12H143 Safari/600.1.4"
207.212.113.253 - - [16/Dec/2015:21:00:19 -0800] "GET /styles/0fffd548.main.css HTTP/1.1" 200 19316 "http://whereshouldiski.com/" "Mozilla/5.0 (iPad; CPU OS 8_4 like Mac OS X) AppleWebKit/600.1.4 (KHTML, like Gecko) Version/8.0 Mobile/12H143 Safari/600.1.4"
207.212.113.253 - - [16/Dec/2015:21:00:19 -0800] "GET /scripts/scripts/vendor/modernizr.js HTTP/1.1" 200 4903 "http://whereshouldiski.com/" "Mozilla/5.0 (iPad; CPU OS 8_4 like Mac OS X) AppleWebKit/600.1.4 (KHTML, like Gecko) Version/8.0 Mobile/12H143 Safari/600.1.4"
207.212.113.253 - - [16/Dec/2015:21:00:19 -0800] "GET /images/loading.gif HTTP/1.1" 200 13882 "http://whereshouldiski.com/" "Mozilla/5.0 (iPad; CPU OS 8_4 like Mac OS X) AppleWebKit/600.1.4 (KHTML, like Gecko) Version/8.0 Mobile/12H143 Safari/600.1.4"
207.212.113.253 - - [16/Dec/2015:21:00:19 -0800] "GET /bower_components/requirejs/require.js HTTP/1.1" 200 6702 "http://whereshouldiski.com/" "Mozilla/5.0 (iPad; CPU OS 8_4 like Mac OS X) AppleWebKit/600.1.4 (KHTML, like Gecko) Version/8.0 Mobile/12H143 Safari/600.1.4"
207.212.113.253 - - [16/Dec/2015:21:00:20 -0800] "GET /images/logo-sm.png HTTP/1.1" 200 16738 "http://whereshouldiski.com/" "Mozilla/5.0 (iPad; CPU OS 8_4 like Mac OS X) AppleWebKit/600.1.4 (KHTML, like Gecko) Version/8.0 Mobile/12H143 Safari/600.1.4"
207.212.113.253 - - [16/Dec/2015:21:00:20 -0800] "GET /scripts/fa48e319.main.js HTTP/1.1" 200 123455 "http://whereshouldiski.com/" "Mozilla/5.0 (iPad; CPU OS 8_4 like Mac OS X) AppleWebKit/600.1.4 (KHTML, like Gecko) Version/8.0 Mobile/12H143 Safari/600.1.4"
207.212.113.253 - - [16/Dec/2015:21:00:23 -0800] "GET /lib/reccapi.php?fields=t HTTP/1.1" 200 1887 "http://whereshouldiski.com/" "Mozilla/5.0 (iPad; CPU OS 8_4 like Mac OS X) AppleWebKit/600.1.4 (KHTML, like Gecko) Version/8.0 Mobile/12H143 Safari/600.1.4"
207.212.113.253 - - [16/Dec/2015:21:00:23 -0800] "GET /images/button.png HTTP/1.1" 200 598 "http://whereshouldiski.com/" "Mozilla/5.0 (iPad; CPU OS 8_4 like Mac OS X) AppleWebKit/600.1.4 (KHTML, like Gecko) Version/8.0 Mobile/12H143 Safari/600.1.4"
207.212.113.253 - - [16/Dec/2015:21:00:23 -0800] "GET /images/greyHeader.png HTTP/1.1" 200 508 "http://whereshouldiski.com/" "Mozilla/5.0 (iPad; CPU OS 8_4 like Mac OS X) AppleWebKit/600.1.4 (KHTML, like Gecko) Version/8.0 Mobile/12H143 Safari/600.1.4"
207.212.113.253 - - [16/Dec/2015:21:00:23 -0800] "GET /images/star5.png HTTP/1.1" 200 1783 "http://whereshouldiski.com/" "Mozilla/5.0 (iPad; CPU OS 8_4 like Mac OS X) AppleWebKit/600.1.4 (KHTML, like Gecko) Version/8.0 Mobile/12H143 Safari/600.1.4"
207.212.113.253 - - [16/Dec/2015:21:00:23 -0800] "GET /images/bluebird5.png HTTP/1.1" 200 2177 "http://whereshouldiski.com/" "Mozilla/5.0 (iPad; CPU OS 8_4 like Mac OS X) AppleWebKit/600.1.4 (KHTML, like Gecko) Version/8.0 Mobile/12H143 Safari/600.1.4"
207.212.113.253 - - [16/Dec/2015:21:00:23 -0800] "GET /images/snowflake5.png HTTP/1.1" 200 2857 "http://whereshouldiski.com/" "Mozilla/5.0 (iPad; CPU OS 8_4 like Mac OS X) AppleWebKit/600.1.4 (KHTML, like Gecko) Version/8.0 Mobile/12H143 Safari/600.1.4"
207.212.113.253 - - [16/Dec/2015:21:00:23 -0800] "GET /images/shading-icon.png HTTP/1.1" 200 536 "http://whereshouldiski.com/" "Mozilla/5.0 (iPad; CPU OS 8_4 like Mac OS X) AppleWebKit/600.1.4 (KHTML, like Gecko) Version/8.0 Mobile/12H143 Safari/600.1.4"
207.212.113.253 - - [16/Dec/2015:21:00:23 -0800] "GET /images/mtns-icon.png HTTP/1.1" 200 1096 "http://whereshouldiski.com/" "Mozilla/5.0 (iPad; CPU OS 8_4 like Mac OS X) AppleWebKit/600.1.4 (KHTML, like Gecko) Version/8.0 Mobile/12H143 Safari/600.1.4"
207.212.113.253 - - [16/Dec/2015:21:00:27 -0800] "GET /lib/reccapi.php?fields=t&coords=39.71559637229863,-116.00329572345689 HTTP/1.1" 200 2032 "http://whereshouldiski.com/" "Mozilla/5.0 (iPad; CPU OS 8_4 like Mac OS X) AppleWebKit/600.1.4 (KHTML, like Gecko) Version/8.0 Mobile/12H143 Safari/600.1.4"
66.249.84.241 - - [16/Dec/2015:21:00:41 -0800] "GET /images/wsis-logo-sm.png HTTP/1.1" 200 6108 "http://www.thebackcountry.net/" "Mozilla/5.0 (Linux; Android 4.3; SM-N900V Build/JSS15J) AppleWebKit/537.36 (KHTML, like Gecko) Chrome/47.0.2526.76 Mobile Safari/537.36"
66.249.66.159 - - [16/Dec/2015:21:01:00 -0800] "GET / HTTP/1.1" 200 2367 "-" "Mozilla/5.0 (compatible; Googlebot/2.1; +http://www.google.com/bot.html)"
108.247.9.68 - - [16/Dec/2015:21:01:41 -0800] "GET /images/wsis-logo-sm.png HTTP/1.1" 200 6108 "http://www.thebackcountry.net/" "Mozilla/5.0 (Windows NT 10.0; WOW64) AppleWebKit/537.36 (KHTML, like Gecko) Chrome/47.0.2526.80 Safari/537.36"
71.9.251.113 - - [16/Dec/2015:21:09:33 -0800] "GET /images/wsis-logo-sm.png HTTP/1.1" 200 6108 "http://www.thebackcountry.net/" "Mozilla/5.0 (Macintosh; Intel Mac OS X 10_9_5) AppleWebKit/537.36 (KHTML, like Gecko) Chrome/45.0.2454.85 Safari/537.36"
162.244.215.48 - - [16/Dec/2015:21:11:41 -0800] "GET /images/wsis-logo-sm.png HTTP/1.1" 200 6108 "http://www.thebackcountry.net/" "Mozilla/5.0 (iPhone; CPU iPhone OS 7_1_2 like Mac OS X) AppleWebKit/537.51.2 (KHTML, like Gecko) Version/7.0 Mobile/11D257 Safari/9537.53"
166.216.157.87 - - [16/Dec/2015:21:12:05 -0800] "GET /images/wsis-logo-sm.png HTTP/1.1" 200 6108 "http://www.thebackcountry.net/" "Mozilla/5.0 (iPhone; CPU iPhone OS 9_2 like Mac OS X) AppleWebKit/601.1.46 (KHTML, like Gecko) Version/9.0 Mobile/13C75 Safari/601.1"
188.68.224.62 - - [16/Dec/2015:21:21:55 -0800] "GET http://51.254.206.142/httptest.php HTTP/1.1" 404 448 "-" "-"
166.216.157.107 - - [16/Dec/2015:21:23:58 -0800] "GET /images/wsis-logo-sm.png HTTP/1.1" 200 6108 "http://www.thebackcountry.net/" "Mozilla/5.0 (Macintosh; Intel Mac OS X 10_10_5) AppleWebKit/537.36 (KHTML, like Gecko) Chrome/47.0.2526.73 Safari/537.36"
184.189.249.101 - - [16/Dec/2015:21:37:22 -0800] "GET /images/wsis-logo-sm.png HTTP/1.1" 200 6108 "http://www.thebackcountry.net/" "Mozilla/5.0 (Macintosh; Intel Mac OS X 10_10_5) AppleWebKit/601.3.9 (KHTML, like Gecko) Version/9.0.2 Safari/601.3.9"
75.45.98.107 - - [16/Dec/2015:21:42:15 -0800] "GET /images/wsis-logo-sm.png HTTP/1.1" 200 6108 "http://www.thebackcountry.net/" "Mozilla/5.0 (Windows NT 6.1; WOW64) AppleWebKit/537.36 (KHTML, like Gecko) Chrome/47.0.2526.106 Safari/537.36"
188.68.224.62 - - [16/Dec/2015:21:50:04 -0800] "GET http://51.254.206.142/httptest.php HTTP/1.1" 404 448 "-" "-"
45.79.87.95 - - [16/Dec/2015:21:56:24 -0800] "HEAD / HTTP/1.1" 200 371 "http://scripted.com/whereshouldiski.com" "Mozilla/5.0 (Windows NT 6.1; WOW64; rv:40.0) Gecko/20100101 Firefox/40.0"
68.180.229.34 - - [16/Dec/2015:21:56:50 -0800] "GET /robots.txt HTTP/1.1" 200 319 "-" "Mozilla/5.0 (compatible; Yahoo! Slurp; http://help.yahoo.com/help/us/ysearch/slurp)"
68.180.229.34 - - [16/Dec/2015:21:56:50 -0800] "GET /resorts?resort=coppermountain HTTP/1.1" 404 450 "-" "Mozilla/5.0 (compatible; Yahoo! Slurp; http://help.yahoo.com/help/us/ysearch/slurp)"
98.200.169.213 - - [16/Dec/2015:21:57:44 -0800] "GET /images/wsis-logo-sm.png HTTP/1.1" 200 6108 "http://www.thebackcountry.net/" "Mozilla/5.0 (Macintosh; Intel Mac OS X 10_10_5) AppleWebKit/537.36 (KHTML, like Gecko) Chrome/47.0.2526.80 Safari/537.36"
195.206.45.63 - - [16/Dec/2015:21:58:10 -0800] "GET /images/wsis-logo-sm.png HTTP/1.1" 200 6108 "http://www.thebackcountry.net/" "Mozilla/5.0 (Windows NT 6.1) AppleWebKit/537.36 (KHTML, like Gecko) Chrome/47.0.2526.106 Safari/537.36"
199.30.228.145 - - [16/Dec/2015:21:59:03 -0800] "GET /images/wsis-logo-sm.png HTTP/1.1" 200 6108 "http://www.thebackcountry.net/" "Mozilla/5.0 (X11; Linux i686) AppleWebKit/534.34 (KHTML, like Gecko) Qt/4.8.4 Safari/534.34"
108.164.7.107 - - [16/Dec/2015:21:59:11 -0800] "GET /images/wsis-logo-sm.png HTTP/1.1" 200 6108 "http://www.thebackcountry.net/" "Mozilla/5.0 (Macintosh; Intel Mac OS X 10_10_5) AppleWebKit/600.8.9 (KHTML, like Gecko) Version/8.0.8 Safari/600.8.9"
45.49.134.183 - - [16/Dec/2015:22:05:20 -0800] "GET /images/wsis-logo-sm.png HTTP/1.1" 200 6108 "http://www.thebackcountry.net/" "Mozilla/5.0 (Macintosh; Intel Mac OS X 10_10_5) AppleWebKit/537.36 (KHTML, like Gecko) Chrome/47.0.2526.80 Safari/537.36"
66.249.66.93 - - [16/Dec/2015:22:21:11 -0800] "GET /robots.txt HTTP/1.1" 200 419 "-" "Mozilla/5.0 (compatible; Googlebot/2.1; +http://www.google.com/bot.html)"
66.249.66.90 - - [16/Dec/2015:22:21:11 -0800] "GET / HTTP/1.1" 200 2367 "-" "Mozilla/5.0 (compatible; Googlebot/2.1; +http://www.google.com/bot.html)"
24.32.27.73 - - [16/Dec/2015:22:31:23 -0800] "GET /images/wsis-logo-sm.png HTTP/1.1" 200 6108 "http://www.thebackcountry.net/" "Mozilla/5.0 (Macintosh; Intel Mac OS X 10_11_1) AppleWebKit/537.36 (KHTML, like Gecko) Chrome/47.0.2526.80 Safari/537.36"
118.81.83.44 - - [16/Dec/2015:22:33:48 -0800] "GET /images/wsis-logo-sm.png HTTP/1.1" 200 6108 "http://www.thebackcountry.net/" "Mozilla/5.0 (Windows NT 6.1; WOW64) AppleWebKit/537.36 (KHTML, like Gecko) Chrome/36.0.1941.0 Safari/537.36"
24.11.94.18 - - [16/Dec/2015:22:41:11 -0800] "GET /images/wsis-logo-sm.png HTTP/1.1" 200 6108 "http://www.thebackcountry.net/" "Mozilla/5.0 (Macintosh; Intel Mac OS X 10_11_0) AppleWebKit/537.36 (KHTML, like Gecko) Chrome/47.0.2526.80 Safari/537.36"
180.76.15.134 - - [16/Dec/2015:22:41:25 -0800] "GET / HTTP/1.1" 200 6098 "-" "Mozilla/5.0 (compatible; Baiduspider/2.0; +http://www.baidu.com/search/spider.html)"
180.76.15.154 - - [16/Dec/2015:22:41:53 -0800] "GET / HTTP/1.1" 200 6098 "-" "Mozilla/5.0 (compatible; Baiduspider/2.0; +http://www.baidu.com/search/spider.html)"
220.181.108.153 - - [16/Dec/2015:22:45:47 -0800] "GET / HTTP/1.1" 200 2330 "-" "Mozilla/5.0 (Windows NT 5.1; rv:6.0.2) Gecko/20100101 Firefox/6.0.2"
220.181.108.158 - - [16/Dec/2015:22:45:48 -0800] "GET / HTTP/1.1" 200 6098 "-" "Mozilla/5.0 (Windows NT 5.1; rv:6.0.2) Gecko/20100101 Firefox/6.0.2"
170.75.162.130 - - [16/Dec/2015:22:48:51 -0800] "GET /lib/reccapi.php?resort=sundayriver HTTP/1.1" 200 956 "-" "node-superagent/1.4.0"
170.75.162.130 - - [16/Dec/2015:22:48:51 -0800] "GET /lib/reccapi.php?resort=cannonmountain HTTP/1.1" 200 965 "-" "node-superagent/1.4.0"
180.76.15.26 - - [16/Dec/2015:22:51:59 -0800] "GET / HTTP/1.1" 200 6098 "-" "Mozilla/5.0 (compatible; Baiduspider/2.0; +http://www.baidu.com/search/spider.html)"
180.76.15.28 - - [16/Dec/2015:22:53:04 -0800] "GET / HTTP/1.1" 200 6098 "-" "Mozilla/5.0 (compatible; Baiduspider/2.0; +http://www.baidu.com/search/spider.html)"
24.23.202.151 - - [16/Dec/2015:22:56:04 -0800] "GET /images/wsis-logo-sm.png HTTP/1.1" 200 6108 "http://thebackcountry.net/" "Mozilla/5.0 (Linux; Android 5.1.1; SM-T330NU Build/LMY47X) AppleWebKit/537.36 (KHTML, like Gecko) Chrome/46.0.2490.76 Safari/537.36"
170.75.162.130 - - [16/Dec/2015:23:03:24 -0800] "GET /lib/reccapi.php?resort=alpinemeadows HTTP/1.1" 200 999 "-" "node-superagent/1.4.0"
170.75.162.130 - - [16/Dec/2015:23:03:25 -0800] "GET /lib/reccapi.php?resort=homewoodmountain HTTP/1.1" 200 1010 "-" "node-superagent/1.4.0"
170.75.162.130 - - [16/Dec/2015:23:03:25 -0800] "GET /lib/reccapi.php?resort=northstar-at-tahoe HTTP/1.1" 200 970 "-" "node-superagent/1.4.0"
170.75.162.130 - - [16/Dec/2015:23:03:25 -0800] "GET /lib/reccapi.php?resort=squawvalleyusa HTTP/1.1" 200 1005 "-" "node-superagent/1.4.0"
170.75.162.130 - - [16/Dec/2015:23:03:25 -0800] "GET /lib/reccapi.php?resort=sugarbowl HTTP/1.1" 200 965 "-" "node-superagent/1.4.0"
170.75.162.130 - - [16/Dec/2015:23:08:46 -0800] "GET /lib/reccapi.php?resort=parkcity HTTP/1.1" 200 1063 "-" "node-superagent/1.4.0"
69.30.234.186 - - [16/Dec/2015:23:13:16 -0800] "GET /robots.txt HTTP/1.0" 200 338 "-" "Mozilla/5.0 (compatible; MJ12bot/v1.4.5; http://www.majestic12.co.uk/bot.php?+)"
69.30.234.186 - - [16/Dec/2015:23:13:18 -0800] "GET /robots.txt HTTP/1.0" 200 338 "-" "Mozilla/5.0 (compatible; MJ12bot/v1.4.5; http://www.majestic12.co.uk/bot.php?+)"
170.75.162.130 - - [16/Dec/2015:23:17:38 -0800] "GET /lib/reccapi.php?resort=grandtarghee HTTP/1.1" 200 1098 "-" "node-superagent/1.4.0"
50.161.138.225 - - [16/Dec/2015:23:18:45 -0800] "GET /images/wsis-logo-sm.png HTTP/1.1" 200 6108 "http://www.thebackcountry.net/" "Mozilla/5.0 (Macintosh; Intel Mac OS X 10_11_1) AppleWebKit/601.2.7 (KHTML, like Gecko) Version/9.0.1 Safari/601.2.7"
188.68.224.62 - - [16/Dec/2015:23:19:02 -0800] "GET http://51.254.206.142/httptest.php HTTP/1.1" 404 448 "-" "-"
170.75.162.130 - - [16/Dec/2015:23:24:19 -0800] "GET /lib/reccapi.php?resort=jacksonhole HTTP/1.1" 200 1104 "-" "node-superagent/1.4.0"
170.75.162.130 - - [16/Dec/2015:23:25:09 -0800] "GET /lib/reccapi.php?resort=jaypeak HTTP/1.1" 200 999 "-" "node-superagent/1.4.0"
24.86.33.123 - - [16/Dec/2015:23:33:23 -0800] "GET /images/wsis-logo-sm.png HTTP/1.1" 200 6108 "http://thebackcountry.net/" "Mozilla/5.0 (iPad; CPU OS 7_1_2 like Mac OS X) AppleWebKit/537.51.2 (KHTML, like Gecko) Version/7.0 Mobile/11D257 Safari/9537.53"
188.68.224.62 - - [16/Dec/2015:23:36:15 -0800] "GET http://51.254.206.142/httptest.php HTTP/1.1" 404 448 "-" "-"
123.125.71.108 - - [16/Dec/2015:23:37:33 -0800] "GET / HTTP/1.1" 200 2330 "-" "Mozilla/5.0 (Windows NT 5.1; rv:6.0.2) Gecko/20100101 Firefox/6.0.2"
123.125.71.90 - - [16/Dec/2015:23:37:34 -0800] "GET / HTTP/1.1" 200 6098 "-" "Mozilla/5.0 (Windows NT 5.1; rv:6.0.2) Gecko/20100101 Firefox/6.0.2"
113.240.250.155 - - [17/Dec/2015:00:05:58 -0800] "GET / HTTP/1.1" 200 6098 "-" "Mozilla/5.0 (Windows NT 6.1; WOW64; rv:31.0) Gecko/20100101 Firefox/31.0"
113.240.250.155 - - [17/Dec/2015:00:06:02 -0800] "GET / HTTP/1.1" 200 6098 "-" "Mozilla/5.0 (Windows NT 6.1; WOW64; rv:31.0) Gecko/20100101 Firefox/31.0"
170.75.162.130 - - [17/Dec/2015:00:06:24 -0800] "GET /lib/reccapi.php?resort=sunpeaksresort HTTP/1.1" 200 920 "-" "node-superagent/1.4.0"
66.249.66.10 - - [17/Dec/2015:00:08:41 -0800] "GET /robots.txt HTTP/1.1" 200 419 "-" "Mozilla/5.0 (compatible; Googlebot/2.1; +http://www.google.com/bot.html)"
66.249.66.2 - - [17/Dec/2015:00:08:41 -0800] "GET / HTTP/1.1" 200 2367 "-" "Mozilla/5.0 (compatible; Googlebot/2.1; +http://www.google.com/bot.html)"
170.75.162.130 - - [17/Dec/2015:00:09:24 -0800] "GET /lib/reccapi.php?resort=arapahoebasin HTTP/1.1" 200 1124 "-" "node-superagent/1.4.0"
170.75.162.130 - - [17/Dec/2015:00:09:24 -0800] "GET /lib/reccapi.php?resort=aspenmountain HTTP/1.1" 200 1017 "-" "node-superagent/1.4.0"
170.75.162.130 - - [17/Dec/2015:00:09:24 -0800] "GET /lib/reccapi.php?resort=aspenheights HTTP/1.1" 200 1082 "-" "node-superagent/1.4.0"
170.75.162.130 - - [17/Dec/2015:00:09:24 -0800] "GET /lib/reccapi.php?resort=buttermilk HTTP/1.1" 200 1024 "-" "node-superagent/1.4.0"
170.75.162.130 - - [17/Dec/2015:00:09:24 -0800] "GET /lib/reccapi.php?resort=coppermountain HTTP/1.1" 200 1113 "-" "node-superagent/1.4.0"
170.75.162.130 - - [17/Dec/2015:00:09:24 -0800] "GET /lib/reccapi.php?resort=crestedbutte HTTP/1.1" 200 1110 "-" "node-superagent/1.4.0"
170.75.162.130 - - [17/Dec/2015:00:09:24 -0800] "GET /lib/reccapi.php?resort=keystone HTTP/1.1" 200 1110 "-" "node-superagent/1.4.0"
170.75.162.130 - - [17/Dec/2015:00:09:24 -0800] "GET /lib/reccapi.php?resort=loveland HTTP/1.1" 200 1100 "-" "node-superagent/1.4.0"
170.75.162.130 - - [17/Dec/2015:00:09:24 -0800] "GET /lib/reccapi.php?resort=monarch HTTP/1.1" 200 1051 "-" "node-superagent/1.4.0"
170.75.162.130 - - [17/Dec/2015:00:09:24 -0800] "GET /lib/reccapi.php?resort=snowmass HTTP/1.1" 200 1052 "-" "node-superagent/1.4.0"
170.75.162.130 - - [17/Dec/2015:00:09:24 -0800] "GET /lib/reccapi.php?resort=steamboat HTTP/1.1" 200 1107 "-" "node-superagent/1.4.0"
170.75.162.130 - - [17/Dec/2015:00:09:24 -0800] "GET /lib/reccapi.php?resort=telluride HTTP/1.1" 200 1028 "-" "node-superagent/1.4.0"
170.75.162.130 - - [17/Dec/2015:00:10:24 -0800] "GET /lib/reccapi.php?resort=winterpark HTTP/1.1" 200 1109 "-" "node-superagent/1.4.0"
185.25.151.159 - - [17/Dec/2015:00:42:59 -0800] "GET http://testp4.pospr.waw.pl/testproxy.php HTTP/1.1" 404 448 "-" "Mozilla/5.0 (Windows NT 5.1; rv:32.0) Gecko/20100101 Firefox/31.0"
170.75.162.130 - - [17/Dec/2015:00:43:28 -0800] "GET /lib/reccapi.php?resort=diamondpeak HTTP/1.1" 200 963 "-" "node-superagent/1.4.0"
170.75.162.130 - - [17/Dec/2015:00:43:58 -0800] "GET /lib/reccapi.php?resort=sierra-at-tahoe HTTP/1.1" 200 971 "-" "node-superagent/1.4.0"
180.76.15.10 - - [17/Dec/2015:00:49:30 -0800] "GET / HTTP/1.1" 200 6098 "-" "Mozilla/5.0 (compatible; Baiduspider/2.0; +http://www.baidu.com/search/spider.html)"
180.76.15.5 - - [17/Dec/2015:00:50:03 -0800] "GET / HTTP/1.1" 200 6098 "-" "Mozilla/5.0 (compatible; Baiduspider/2.0; +http://www.baidu.com/search/spider.html)"
170.75.162.130 - - [17/Dec/2015:01:03:11 -0800] "GET /lib/reccapi.php?resort=silverstarmountain HTTP/1.1" 200 927 "-" "node-superagent/1.4.0"
40.77.167.16 - - [17/Dec/2015:01:04:12 -0800] "GET /robots.txt HTTP/1.1" 200 375 "-" "Mozilla/5.0 (compatible; bingbot/2.0; +http://www.bing.com/bingbot.htm)"
40.77.167.16 - - [17/Dec/2015:01:04:14 -0800] "GET / HTTP/1.1" 200 2367 "-" "Mozilla/5.0 (compatible; bingbot/2.0; +http://www.bing.com/bingbot.htm)"
170.75.162.130 - - [17/Dec/2015:01:08:01 -0800] "GET /lib/reccapi.php?resort=kirkwood HTTP/1.1" 200 992 "-" "node-superagent/1.4.0"
170.75.162.130 - - [17/Dec/2015:01:15:32 -0800] "GET /lib/reccapi.php?resort=bigwhite HTTP/1.1" 200 923 "-" "node-superagent/1.4.0"
170.75.162.130 - - [17/Dec/2015:01:15:32 -0800] "GET /lib/reccapi.php?resort=redmountain HTTP/1.1" 200 906 "-" "node-superagent/1.4.0"
170.75.162.130 - - [17/Dec/2015:01:15:32 -0800] "GET /lib/reccapi.php?resort=whistlerblackcomb HTTP/1.1" 200 936 "-" "node-superagent/1.4.0"
72.235.13.153 - - [17/Dec/2015:01:26:19 -0800] "GET /images/wsis-logo-sm.png HTTP/1.1" 200 6108 "http://www.thebackcountry.net/" "Mozilla/5.0 (Windows NT 6.2; WOW64) AppleWebKit/537.36 (KHTML, like Gecko) Chrome/47.0.2526.80 Safari/537.36"
180.76.15.22 - - [17/Dec/2015:01:46:54 -0800] "GET / HTTP/1.1" 200 6098 "-" "Mozilla/5.0 (compatible; Baiduspider/2.0; +http://www.baidu.com/search/spider.html)"
180.76.15.158 - - [17/Dec/2015:01:47:37 -0800] "GET / HTTP/1.1" 200 6098 "-" "Mozilla/5.0 (compatible; Baiduspider/2.0; +http://www.baidu.com/search/spider.html)"
170.75.162.130 - - [17/Dec/2015:01:54:07 -0800] "GET /lib/reccapi.php?resort=stevenspass HTTP/1.1" 200 1015 "-" "node-superagent/1.4.0"
170.75.162.130 - - [17/Dec/2015:02:05:19 -0800] "GET /lib/reccapi.php?resort=mtrose HTTP/1.1" 200 988 "-" "node-superagent/1.4.0"
170.75.162.130 - - [17/Dec/2015:02:05:19 -0800] "GET /lib/reccapi.php?resort=heavenly HTTP/1.1" 200 1029 "-" "node-superagent/1.4.0"
107.77.92.89 - - [17/Dec/2015:02:10:18 -0800] "GET /images/wsis-logo-sm.png HTTP/1.1" 200 6108 "http://www.thebackcountry.net/" "Mozilla/5.0 (iPhone; CPU iPhone OS 8_1_2 like Mac OS X) AppleWebKit/600.1.4 (KHTML, like Gecko) Version/8.0 Mobile/12B440 Safari/600.1.4"
170.75.162.130 - - [17/Dec/2015:02:22:51 -0800] "GET /lib/reccapi.php?resort=sugarbush HTTP/1.1" 200 1029 "-" "node-superagent/1.4.0"
170.75.162.130 - - [17/Dec/2015:02:22:51 -0800] "GET /lib/reccapi.php?resort=killington HTTP/1.1" 200 1031 "-" "node-superagent/1.4.0"
23.114.34.225 - - [17/Dec/2015:02:33:43 -0800] "GET /images/wsis-logo-sm.png HTTP/1.1" 200 6108 "http://www.thebackcountry.net/" "Mozilla/5.0 (Linux; Android 5.0; SAMSUNG SM-G900P Build/LRX21T) AppleWebKit/537.36 (KHTML, like Gecko) SamsungBrowser/2.1 Chrome/34.0.1847.76 Mobile Safari/537.36"
66.249.66.155 - - [17/Dec/2015:02:35:19 -0800] "GET /robots.txt HTTP/1.1" 200 419 "-" "Mozilla/5.0 (compatible; Googlebot/2.1; +http://www.google.com/bot.html)"
66.249.66.155 - - [17/Dec/2015:02:35:19 -0800] "GET /resorts?resort=gore&date=2014-02-22 HTTP/1.1" 404 505 "-" "Mozilla/5.0 (iPhone; CPU iPhone OS 8_3 like Mac OS X) AppleWebKit/600.1.4 (KHTML, like Gecko) Version/8.0 Mobile/12F70 Safari/600.1.4 (compatible; Googlebot/2.1; +http://www.google.com/bot.html)"
220.181.108.159 - - [17/Dec/2015:02:46:02 -0800] "GET / HTTP/1.1" 200 2330 "-" "Mozilla/5.0 (Windows NT 5.1; rv:6.0.2) Gecko/20100101 Firefox/6.0.2"
220.181.108.142 - - [17/Dec/2015:02:46:02 -0800] "GET / HTTP/1.1" 200 6098 "-" "Mozilla/5.0 (Windows NT 5.1; rv:6.0.2) Gecko/20100101 Firefox/6.0.2"
170.75.162.130 - - [17/Dec/2015:02:51:23 -0800] "GET /lib/reccapi.php?resort=smugglersnotch HTTP/1.1" 200 1051 "-" "node-superagent/1.4.0"
170.75.162.130 - - [17/Dec/2015:02:51:23 -0800] "GET /lib/reccapi.php?resort=madriverglen HTTP/1.1" 200 1037 "-" "node-superagent/1.4.0"
170.75.162.130 - - [17/Dec/2015:02:51:23 -0800] "GET /lib/reccapi.php?resort=stowe HTTP/1.1" 200 1013 "-" "node-superagent/1.4.0"
46.165.230.5 - - [17/Dec/2015:02:55:31 -0800] "GET / HTTP/1.1" 200 2311 "http://burger-imperia.com/" "Mozilla/5.0 (X11; Linux x86_64) AppleWebKit/537.36 (KHTML, like Gecko) Chrome/37.0.2062.120 Safari/537.36"
170.75.162.130 - - [17/Dec/2015:03:03:15 -0800] "GET /lib/reccapi.php?resort=chinapeak HTTP/1.1" 200 975 "-" "node-superagent/1.4.0"
180.76.15.143 - - [17/Dec/2015:03:03:32 -0800] "GET / HTTP/1.1" 200 6098 "-" "Mozilla/5.0 (compatible; Baiduspider/2.0; +http://www.baidu.com/search/spider.html)"
180.76.15.148 - - [17/Dec/2015:03:04:40 -0800] "GET / HTTP/1.1" 200 6098 "-" "Mozilla/5.0 (compatible; Baiduspider/2.0; +http://www.baidu.com/search/spider.html)"
170.75.162.130 - - [17/Dec/2015:03:14:56 -0800] "GET /lib/reccapi.php?resort=sugarloaf HTTP/1.1" 200 1036 "-" "node-superagent/1.4.0"
170.75.162.130 - - [17/Dec/2015:03:19:57 -0800] "GET /lib/reccapi.php?resort=alyeska HTTP/1.1" 200 1046 "-" "node-superagent/1.4.0"
69.30.213.138 - - [17/Dec/2015:03:22:14 -0800] "GET /robots.txt HTTP/1.0" 200 338 "-" "Mozilla/5.0 (compatible; MJ12bot/v1.4.5; http://www.majestic12.co.uk/bot.php?+)"
69.30.213.138 - - [17/Dec/2015:03:22:16 -0800] "GET /resorts?resort=squawvalleyusa HTTP/1.0" 404 495 "-" "Mozilla/5.0 (compatible; MJ12bot/v1.4.5; http://www.majestic12.co.uk/bot.php?+)"
170.75.162.130 - - [17/Dec/2015:03:24:47 -0800] "GET /lib/reccapi.php?resort=squawvalleyusa HTTP/1.1" 200 1013 "-" "node-superagent/1.4.0"
112.65.193.15 - - [17/Dec/2015:03:30:22 -0800] "GET / HTTP/1.1" 200 6098 "-" "Mozilla/5.0 (Linux; U; Android 4.4.2; zh-cn; GT-I9500 Build/KOT49H) AppleWebKit/537.36 (KHTML, like Gecko)Version/4.0 MQQBrowser/5.0 QQ-URL-Manager Mobile Safari/537.36"
66.249.66.159 - - [17/Dec/2015:03:53:05 -0800] "GET / HTTP/1.1" 200 2367 "-" "Mozilla/5.0 (compatible; Googlebot/2.1; +http://www.google.com/bot.html)"
188.68.224.62 - - [17/Dec/2015:04:08:04 -0800] "GET http://51.254.206.142/httptest.php HTTP/1.1" 404 448 "-" "-"
149.202.166.19 - - [17/Dec/2015:04:12:48 -0800] "GET /CFIDE/administrator/ HTTP/1.1" 404 526 "-" "-"
170.75.162.130 - - [17/Dec/2015:04:16:54 -0800] "GET /lib/reccapi.php?resort=snowbird HTTP/1.1" 200 1009 "-" "node-superagent/1.4.0"
188.68.224.62 - - [17/Dec/2015:04:23:11 -0800] "GET http://51.254.206.142/httptest.php HTTP/1.1" 404 448 "-" "-"
170.75.162.130 - - [17/Dec/2015:04:25:05 -0800] "GET /lib/reccapi.php?resort=mounthoodmeadows HTTP/1.1" 200 1144 "-" "node-superagent/1.4.0"
180.76.15.148 - - [17/Dec/2015:04:37:24 -0800] "GET / HTTP/1.1" 200 6098 "-" "Mozilla/5.0 (compatible; Baiduspider/2.0; +http://www.baidu.com/search/spider.html)"
180.76.15.159 - - [17/Dec/2015:04:37:58 -0800] "GET / HTTP/1.1" 200 6098 "-" "Mozilla/5.0 (compatible; Baiduspider/2.0; +http://www.baidu.com/search/spider.html)"
173.79.220.198 - - [17/Dec/2015:04:47:29 -0800] "GET / HTTP/1.1" 200 2367 "-" "Mozilla/5.0 (iPhone; CPU iPhone OS 9_1 like Mac OS X) AppleWebKit/601.1.46 (KHTML, like Gecko) Version/9.0 Mobile/13B143 Safari/601.1"
173.79.220.198 - - [17/Dec/2015:04:47:29 -0800] "GET /styles/0fffd548.main.css HTTP/1.1" 200 19316 "http://whereshouldiski.com/" "Mozilla/5.0 (iPhone; CPU iPhone OS 9_1 like Mac OS X) AppleWebKit/601.1.46 (KHTML, like Gecko) Version/9.0 Mobile/13B143 Safari/601.1"
173.79.220.198 - - [17/Dec/2015:04:47:30 -0800] "GET /scripts/scripts/vendor/modernizr.js HTTP/1.1" 200 4903 "http://whereshouldiski.com/" "Mozilla/5.0 (iPhone; CPU iPhone OS 9_1 like Mac OS X) AppleWebKit/601.1.46 (KHTML, like Gecko) Version/9.0 Mobile/13B143 Safari/601.1"
173.79.220.198 - - [17/Dec/2015:04:47:30 -0800] "GET /images/loading.gif HTTP/1.1" 200 13882 "http://whereshouldiski.com/" "Mozilla/5.0 (iPhone; CPU iPhone OS 9_1 like Mac OS X) AppleWebKit/601.1.46 (KHTML, like Gecko) Version/9.0 Mobile/13B143 Safari/601.1"
173.79.220.198 - - [17/Dec/2015:04:47:30 -0800] "GET /images/logo-sm.png HTTP/1.1" 200 16738 "http://whereshouldiski.com/" "Mozilla/5.0 (iPhone; CPU iPhone OS 9_1 like Mac OS X) AppleWebKit/601.1.46 (KHTML, like Gecko) Version/9.0 Mobile/13B143 Safari/601.1"
173.79.220.198 - - [17/Dec/2015:04:47:30 -0800] "GET /bower_components/requirejs/require.js HTTP/1.1" 200 6702 "http://whereshouldiski.com/" "Mozilla/5.0 (iPhone; CPU iPhone OS 9_1 like Mac OS X) AppleWebKit/601.1.46 (KHTML, like Gecko) Version/9.0 Mobile/13B143 Safari/601.1"
173.79.220.198 - - [17/Dec/2015:04:47:30 -0800] "GET /scripts/fa48e319.main.js HTTP/1.1" 200 123455 "http://whereshouldiski.com/" "Mozilla/5.0 (iPhone; CPU iPhone OS 9_1 like Mac OS X) AppleWebKit/601.1.46 (KHTML, like Gecko) Version/9.0 Mobile/13B143 Safari/601.1"
173.79.220.198 - - [17/Dec/2015:04:47:31 -0800] "GET /lib/reccapi.php?fields=t HTTP/1.1" 200 1744 "http://whereshouldiski.com/" "Mozilla/5.0 (iPhone; CPU iPhone OS 9_1 like Mac OS X) AppleWebKit/601.1.46 (KHTML, like Gecko) Version/9.0 Mobile/13B143 Safari/601.1"
173.79.220.198 - - [17/Dec/2015:04:47:31 -0800] "GET /images/button.png HTTP/1.1" 200 598 "http://whereshouldiski.com/" "Mozilla/5.0 (iPhone; CPU iPhone OS 9_1 like Mac OS X) AppleWebKit/601.1.46 (KHTML, like Gecko) Version/9.0 Mobile/13B143 Safari/601.1"
173.79.220.198 - - [17/Dec/2015:04:47:31 -0800] "GET /images/greyHeader.png HTTP/1.1" 200 508 "http://whereshouldiski.com/" "Mozilla/5.0 (iPhone; CPU iPhone OS 9_1 like Mac OS X) AppleWebKit/601.1.46 (KHTML, like Gecko) Version/9.0 Mobile/13B143 Safari/601.1"
173.79.220.198 - - [17/Dec/2015:04:47:31 -0800] "GET /images/snowflake5.png HTTP/1.1" 200 2857 "http://whereshouldiski.com/" "Mozilla/5.0 (iPhone; CPU iPhone OS 9_1 like Mac OS X) AppleWebKit/601.1.46 (KHTML, like Gecko) Version/9.0 Mobile/13B143 Safari/601.1"
173.79.220.198 - - [17/Dec/2015:04:47:31 -0800] "GET /images/star5.png HTTP/1.1" 200 1783 "http://whereshouldiski.com/" "Mozilla/5.0 (iPhone; CPU iPhone OS 9_1 like Mac OS X) AppleWebKit/601.1.46 (KHTML, like Gecko) Version/9.0 Mobile/13B143 Safari/601.1"
173.79.220.198 - - [17/Dec/2015:04:47:31 -0800] "GET /images/bluebird5.png HTTP/1.1" 200 2177 "http://whereshouldiski.com/" "Mozilla/5.0 (iPhone; CPU iPhone OS 9_1 like Mac OS X) AppleWebKit/601.1.46 (KHTML, like Gecko) Version/9.0 Mobile/13B143 Safari/601.1"
173.79.220.198 - - [17/Dec/2015:04:47:31 -0800] "GET /images/mtns-icon.png HTTP/1.1" 200 1096 "http://whereshouldiski.com/" "Mozilla/5.0 (iPhone; CPU iPhone OS 9_1 like Mac OS X) AppleWebKit/601.1.46 (KHTML, like Gecko) Version/9.0 Mobile/13B143 Safari/601.1"
173.79.220.198 - - [17/Dec/2015:04:47:31 -0800] "GET /images/shading-icon.png HTTP/1.1" 200 537 "http://whereshouldiski.com/" "Mozilla/5.0 (iPhone; CPU iPhone OS 9_1 like Mac OS X) AppleWebKit/601.1.46 (KHTML, like Gecko) Version/9.0 Mobile/13B143 Safari/601.1"
173.79.220.198 - - [17/Dec/2015:04:47:32 -0800] "GET /lib/reccapi.php?fields=t&coords=39.03495033740907,-77.16028061702583 HTTP/1.1" 200 1853 "http://whereshouldiski.com/" "Mozilla/5.0 (iPhone; CPU iPhone OS 9_1 like Mac OS X) AppleWebKit/601.1.46 (KHTML, like Gecko) Version/9.0 Mobile/13B143 Safari/601.1"
188.68.224.62 - - [17/Dec/2015:04:51:51 -0800] "GET http://51.254.206.142/httptest.php HTTP/1.1" 404 448 "-" "-"
170.75.162.130 - - [17/Dec/2015:04:57:39 -0800] "GET /lib/reccapi.php?resort=49degreesnorth HTTP/1.1" 200 1064 "-" "node-superagent/1.4.0"
170.75.162.130 - - [17/Dec/2015:04:57:40 -0800] "GET /lib/reccapi.php?resort=mountspokane HTTP/1.1" 200 1063 "-" "node-superagent/1.4.0"
190.121.129.10 - - [17/Dec/2015:05:00:48 -0800] "GET /images/wsis-logo-sm.png HTTP/1.1" 200 6108 "http://thebackcountry.net/" "Mozilla/5.0 (Windows NT 6.1; WOW64) AppleWebKit/537.36 (KHTML, like Gecko) Chrome/36.0.1985.143 Safari/537.36"
170.75.162.130 - - [17/Dec/2015:05:10:31 -0800] "GET /lib/reccapi.php?resort=alta HTTP/1.1" 200 1053 "-" "node-superagent/1.4.0"
170.75.162.130 - - [17/Dec/2015:05:10:31 -0800] "GET /lib/reccapi.php?resort=brianhead HTTP/1.1" 200 1053 "-" "node-superagent/1.4.0"
170.75.162.130 - - [17/Dec/2015:05:10:31 -0800] "GET /lib/reccapi.php?resort=brighton HTTP/1.1" 200 1063 "-" "node-superagent/1.4.0"
170.75.162.130 - - [17/Dec/2015:05:10:31 -0800] "GET /lib/reccapi.php?resort=deervalley HTTP/1.1" 200 1032 "-" "node-superagent/1.4.0"
170.75.162.130 - - [17/Dec/2015:05:10:31 -0800] "GET /lib/reccapi.php?resort=parkcity HTTP/1.1" 200 1047 "-" "node-superagent/1.4.0"
170.75.162.130 - - [17/Dec/2015:05:10:31 -0800] "GET /lib/reccapi.php?resort=snowbasin HTTP/1.1" 200 1016 "-" "node-superagent/1.4.0"
170.75.162.130 - - [17/Dec/2015:05:10:31 -0800] "GET /lib/reccapi.php?resort=solitude HTTP/1.1" 200 1012 "-" "node-superagent/1.4.0"
73.15.98.165 - - [17/Dec/2015:05:15:56 -0800] "GET /images/wsis-logo-sm.png HTTP/1.1" 200 6108 "http://www.thebackcountry.net/" "Mozilla/5.0 (Windows NT 10.0; WOW64; rv:42.0) Gecko/20100101 Firefox/42.0"
124.129.39.14 - - [17/Dec/2015:05:18:24 -0800] "GET / HTTP/1.0" 200 6098 "-" "Mozilla/5.0 (compatible; heritrix/3.1.1 +http://www.baidu.com)"
54.153.33.233 - - [17/Dec/2015:05:20:34 -0800] "GET / HTTP/1.1" 200 6079 "-" "Mozilla/5.0 (Windows NT 6.1) AppleWebKit/537.36 (KHTML, like Gecko) Chrome/41.0.2228.0 Safari/537.36"
170.75.162.130 - - [17/Dec/2015:05:31:54 -0800] "GET /lib/reccapi.php?resort=angelfire HTTP/1.1" 200 1025 "-" "node-superagent/1.4.0"
91.121.112.142 - - [17/Dec/2015:05:49:10 -0800] "GET /robots.txt HTTP/1.0" 200 338 "-" "Mozilla/5.0 (compatible; MJ12bot/v1.4.5; http://www.majestic12.co.uk/bot.php?+)"
91.121.112.142 - - [17/Dec/2015:05:49:12 -0800] "GET /blog/11-2012-2013-powder-rating-visualization HTTP/1.0" 404 495 "-" "Mozilla/5.0 (compatible; MJ12bot/v1.4.5; http://www.majestic12.co.uk/bot.php?+)"
91.121.112.142 - - [17/Dec/2015:05:49:13 -0800] "GET /resorts?resort=49degreesnorth HTTP/1.0" 404 469 "-" "Mozilla/5.0 (compatible; MJ12bot/v1.4.5; http://www.majestic12.co.uk/bot.php?+)"
