170.75.162.130 - - [10/Jan/2016:15:50:54 -0800] "GET /lib/reccapi.php?resort=grandtarghee HTTP/1.1" 200 997 "-" "node-superagent/1.4.0"
170.75.162.130 - - [10/Jan/2016:15:50:54 -0800] "GET /lib/reccapi.php?resort=madriverglen HTTP/1.1" 200 1047 "-" "node-superagent/1.4.0"
170.75.162.130 - - [10/Jan/2016:15:50:54 -0800] "GET /lib/reccapi.php?resort=kirkwood HTTP/1.1" 200 1050 "-" "node-superagent/1.4.0"
170.75.162.130 - - [10/Jan/2016:15:50:54 -0800] "GET /lib/reccapi.php?resort=killington HTTP/1.1" 200 1054 "-" "node-superagent/1.4.0"
170.75.162.130 - - [10/Jan/2016:15:50:54 -0800] "GET /lib/reccapi.php?resort=hoodoo HTTP/1.1" 200 989 "-" "node-superagent/1.4.0"
170.75.162.130 - - [10/Jan/2016:15:50:54 -0800] "GET /lib/reccapi.php?resort=mammothmountain HTTP/1.1" 200 988 "-" "node-superagent/1.4.0"
170.75.162.130 - - [10/Jan/2016:15:51:04 -0800] "GET /lib/reccapi.php?resort=mountspokane HTTP/1.1" 200 975 "-" "node-superagent/1.4.0"
170.75.162.130 - - [10/Jan/2016:15:51:04 -0800] "GET /lib/reccapi.php?resort=sunpeaksresort HTTP/1.1" 200 912 "-" "node-superagent/1.4.0"
170.75.162.130 - - [10/Jan/2016:15:51:14 -0800] "GET /lib/reccapi.php?resort=sunvalley HTTP/1.1" 200 998 "-" "node-superagent/1.4.0"
170.75.162.130 - - [10/Jan/2016:15:51:14 -0800] "GET /lib/reccapi.php?resort=sundayriver HTTP/1.1" 200 1066 "-" "node-superagent/1.4.0"
170.75.162.130 - - [10/Jan/2016:15:51:25 -0800] "GET /lib/reccapi.php?resort=taos HTTP/1.1" 200 998 "-" "node-superagent/1.4.0"
170.75.162.130 - - [10/Jan/2016:15:51:25 -0800] "GET /lib/reccapi.php?resort=telluride HTTP/1.1" 200 1031 "-" "node-superagent/1.4.0"
170.75.162.130 - - [10/Jan/2016:15:51:34 -0800] "GET /lib/reccapi.php?resort=keystone HTTP/1.1" 200 1062 "-" "node-superagent/1.4.0"
170.75.162.130 - - [10/Jan/2016:15:51:35 -0800] "GET /lib/reccapi.php?resort=winterpark HTTP/1.1" 200 1020 "-" "node-superagent/1.4.0"
220.181.108.140 - - [10/Jan/2016:15:51:44 -0800] "-" 408 0 "-" "-"
170.75.162.130 - - [10/Jan/2016:15:51:45 -0800] "GET /lib/reccapi.php?resort=stevenspass HTTP/1.1" 200 965 "-" "node-superagent/1.4.0"
170.75.162.130 - - [10/Jan/2016:15:51:45 -0800] "GET /lib/reccapi.php?resort=sugarloaf HTTP/1.1" 200 1060 "-" "node-superagent/1.4.0"
170.75.162.130 - - [10/Jan/2016:15:51:54 -0800] "GET /lib/reccapi.php?resort=cannonmountain HTTP/1.1" 200 1097 "-" "node-superagent/1.4.0"
170.75.162.130 - - [10/Jan/2016:15:51:54 -0800] "GET /lib/reccapi.php?resort=coppermountain HTTP/1.1" 200 1050 "-" "node-superagent/1.4.0"
170.75.162.130 - - [10/Jan/2016:15:52:05 -0800] "GET /lib/reccapi.php?resort=crestedbutte HTTP/1.1" 200 1002 "-" "node-superagent/1.4.0"
170.75.162.130 - - [10/Jan/2016:15:52:05 -0800] "GET /lib/reccapi.php?resort=buttermilk HTTP/1.1" 200 1006 "-" "node-superagent/1.4.0"
170.75.162.130 - - [10/Jan/2016:15:52:15 -0800] "GET /lib/reccapi.php?resort=heavenly HTTP/1.1" 200 981 "-" "node-superagent/1.4.0"
170.75.162.130 - - [10/Jan/2016:15:52:15 -0800] "GET /lib/reccapi.php?resort=smugglersnotch HTTP/1.1" 200 1062 "-" "node-superagent/1.4.0"
170.75.162.130 - - [10/Jan/2016:15:52:45 -0800] "GET /lib/reccapi.php?resort=stowe HTTP/1.1" 200 1018 "-" "node-superagent/1.4.0"
170.75.162.130 - - [10/Jan/2016:15:52:55 -0800] "GET /lib/reccapi.php?resort=devilshead HTTP/1.1" 200 969 "-" "node-superagent/1.4.0"
170.75.162.130 - - [10/Jan/2016:15:53:05 -0800] "GET /lib/reccapi.php?resort=steamboat HTTP/1.1" 200 986 "-" "node-superagent/1.4.0"
170.75.162.130 - - [10/Jan/2016:15:53:15 -0800] "GET /lib/reccapi.php?resort=whistlerblackcomb HTTP/1.1" 200 921 "-" "node-superagent/1.4.0"
170.75.162.130 - - [10/Jan/2016:15:53:15 -0800] "GET /lib/reccapi.php?resort=whitefacemountain HTTP/1.1" 200 1047 "-" "node-superagent/1.4.0"
170.75.162.130 - - [10/Jan/2016:15:53:25 -0800] "GET /lib/reccapi.php?resort=monarch HTTP/1.1" 200 1018 "-" "node-superagent/1.4.0"
170.75.162.130 - - [10/Jan/2016:15:53:25 -0800] "GET /lib/reccapi.php?resort=mountainhigh HTTP/1.1" 200 1017 "-" "node-superagent/1.4.0"
170.75.162.130 - - [10/Jan/2016:15:53:35 -0800] "GET /lib/reccapi.php?resort=mtrose HTTP/1.1" 200 943 "-" "node-superagent/1.4.0"
170.75.162.130 - - [10/Jan/2016:15:53:35 -0800] "GET /lib/reccapi.php?resort=mounthoodmeadows HTTP/1.1" 200 1012 "-" "node-superagent/1.4.0"
170.75.162.130 - - [10/Jan/2016:15:53:45 -0800] "GET /lib/reccapi.php?resort=schweitzer HTTP/1.1" 200 951 "-" "node-superagent/1.4.0"
170.75.162.130 - - [10/Jan/2016:15:53:55 -0800] "GET /lib/reccapi.php?resort=mountbachelor HTTP/1.1" 200 977 "-" "node-superagent/1.4.0"
170.75.162.130 - - [10/Jan/2016:15:53:55 -0800] "GET /lib/reccapi.php?resort=wildcatmountain HTTP/1.1" 200 1088 "-" "node-superagent/1.4.0"
170.75.162.130 - - [10/Jan/2016:15:54:05 -0800] "GET /lib/reccapi.php?resort=jaypeak HTTP/1.1" 200 1046 "-" "node-superagent/1.4.0"
170.75.162.130 - - [10/Jan/2016:15:54:15 -0800] "GET /lib/reccapi.php?resort=redmountain HTTP/1.1" 200 904 "-" "node-superagent/1.4.0"
170.75.162.130 - - [10/Jan/2016:15:54:25 -0800] "GET /lib/reccapi.php?resort=redlodge HTTP/1.1" 200 1003 "-" "node-superagent/1.4.0"
170.75.162.130 - - [10/Jan/2016:15:54:35 -0800] "GET /lib/reccapi.php?resort=silverstarmountain HTTP/1.1" 200 926 "-" "node-superagent/1.4.0"
66.249.69.96 - - [10/Jan/2016:15:55:41 -0800] "GET /lib/reccapi.php?resort=snowbird&date=2015-12-23 HTTP/1.1" 200 1126 "http://whereshouldiski.com/" "Mozilla/5.0 (compatible; Googlebot/2.1; +http://www.google.com/bot.html)"
66.249.69.96 - - [10/Jan/2016:15:55:42 -0800] "GET /lib/reccapi.php?fields=t&date=2015-12-23&coords=40.57%2C-111.67&size=7&sort=distance HTTP/1.1" 200 1338 "http://whereshouldiski.com/" "Mozilla/5.0 (compatible; Googlebot/2.1; +http://www.google.com/bot.html)"
66.249.69.96 - - [10/Jan/2016:15:55:43 -0800] "GET /lib/resortDataSearchD3.php?size=7&sortDate=T&resort=snowbird&dateStart=2015-12-21 HTTP/1.1" 200 881 "http://whereshouldiski.com/" "Mozilla/5.0 (compatible; Googlebot/2.1; +http://www.google.com/bot.html)"
170.75.162.130 - - [10/Jan/2016:16:04:17 -0800] "GET /lib/reccapi.php?resort=sugarbush HTTP/1.1" 200 1058 "-" "node-superagent/1.4.0"
66.249.69.96 - - [10/Jan/2016:16:05:21 -0800] "GET /resorts?resort=49degreesnorth&date=2014-02-03 HTTP/1.1" 404 506 "-" "Mozilla/5.0 (iPhone; CPU iPhone OS 8_3 like Mac OS X) AppleWebKit/600.1.4 (KHTML, like Gecko) Version/8.0 Mobile/12F70 Safari/600.1.4 (compatible; Googlebot/2.1; +http://www.google.com/bot.html)"
108.254.149.112 - - [10/Jan/2016:16:06:19 -0800] "GET /images/wsis-logo-sm.png HTTP/1.1" 200 6108 "http://www.thebackcountry.net/" "Mozilla/5.0 (Macintosh; Intel Mac OS X 10.10; rv:40.0) Gecko/20100101 Firefox/40.0"
24.2.61.32 - - [10/Jan/2016:16:06:20 -0800] "GET /images/wsis-logo-sm.png HTTP/1.1" 200 6108 "http://www.thebackcountry.net/" "Mozilla/5.0 (Macintosh; Intel Mac OS X 10_10_5) AppleWebKit/601.3.9 (KHTML, like Gecko) Version/9.0.2 Safari/601.3.9"
170.75.162.130 - - [10/Jan/2016:16:07:47 -0800] "GET /lib/reccapi.php?resort=sierra-at-tahoe HTTP/1.1" 200 990 "-" "node-superagent/1.4.0"
66.249.69.96 - - [10/Jan/2016:16:08:14 -0800] "GET /lib/reccapi.php?resort=snowmass&date=2016-01-09 HTTP/1.1" 200 1011 "http://whereshouldiski.com/" "Mozilla/5.0 (compatible; Googlebot/2.1; +http://www.google.com/bot.html)"
66.249.69.96 - - [10/Jan/2016:16:08:15 -0800] "GET /lib/reccapi.php?fields=t&date=2016-01-09&coords=39.16%2C-106.91&size=7&sort=distance HTTP/1.1" 200 1353 "http://whereshouldiski.com/" "Mozilla/5.0 (compatible; Googlebot/2.1; +http://www.google.com/bot.html)"
66.249.69.96 - - [10/Jan/2016:16:08:16 -0800] "GET /lib/resortDataSearchD3.php?size=7&sortDate=T&resort=snowmass&dateStart=2016-01-07 HTTP/1.1" 200 863 "http://whereshouldiski.com/" "Mozilla/5.0 (compatible; Googlebot/2.1; +http://www.google.com/bot.html)"
107.77.75.66 - - [10/Jan/2016:16:21:33 -0800] "GET /images/wsis-logo-sm.png HTTP/1.1" 200 6108 "http://www.thebackcountry.net/" "Mozilla/5.0 (iPhone; CPU iPhone OS 9_2 like Mac OS X) AppleWebKit/601.1.46 (KHTML, like Gecko) Mobile/13C75"
66.249.69.96 - - [10/Jan/2016:16:33:43 -0800] "GET /lib/reccapi.php?resort=alpenglow&date=2016-01-03 HTTP/1.1" 200 1031 "http://whereshouldiski.com/" "Mozilla/5.0 (compatible; Googlebot/2.1; +http://www.google.com/bot.html)"
66.249.69.96 - - [10/Jan/2016:16:33:44 -0800] "GET /lib/resortDataSearchD3.php?size=7&sortDate=T&resort=alpenglow&dateStart=2016-01-01 HTTP/1.1" 200 877 "http://whereshouldiski.com/" "Mozilla/5.0 (compatible; Googlebot/2.1; +http://www.google.com/bot.html)"
66.249.69.96 - - [10/Jan/2016:16:33:45 -0800] "GET /lib/reccapi.php?fields=t&date=2016-01-03&coords=61.24%2C-149.5&size=7&sort=distance HTTP/1.1" 200 1280 "http://whereshouldiski.com/" "Mozilla/5.0 (compatible; Googlebot/2.1; +http://www.google.com/bot.html)"
66.249.69.96 - - [10/Jan/2016:16:33:49 -0800] "GET /lib/reccapi.php?resort=mtlemmonskivalley&date=2016-01-10 HTTP/1.1" 200 1039 "http://whereshouldiski.com/" "Mozilla/5.0 (compatible; Googlebot/2.1; +http://www.google.com/bot.html)"
66.249.69.96 - - [10/Jan/2016:16:33:50 -0800] "GET /lib/resortDataSearchD3.php?size=7&sortDate=T&resort=mtlemmonskivalley&dateStart=2016-01-08 HTTP/1.1" 200 869 "http://whereshouldiski.com/" "Mozilla/5.0 (compatible; Googlebot/2.1; +http://www.google.com/bot.html)"
66.249.69.96 - - [10/Jan/2016:16:33:50 -0800] "GET /lib/reccapi.php?fields=t&date=2016-01-10&coords=32.4522%2C-110.784&size=7&sort=distance HTTP/1.1" 200 1333 "http://whereshouldiski.com/" "Mozilla/5.0 (compatible; Googlebot/2.1; +http://www.google.com/bot.html)"
180.76.15.141 - - [10/Jan/2016:16:34:31 -0800] "GET / HTTP/1.1" 200 6995 "-" "Mozilla/5.0 (compatible; Baiduspider/2.0; +http://www.baidu.com/search/spider.html)"
180.76.15.146 - - [10/Jan/2016:16:35:28 -0800] "GET / HTTP/1.1" 200 6995 "-" "Mozilla/5.0 (compatible; Baiduspider/2.0; +http://www.baidu.com/search/spider.html)"
71.83.111.92 - - [10/Jan/2016:16:51:37 -0800] "GET /images/wsis-logo-sm.png HTTP/1.1" 200 6108 "http://www.thebackcountry.net/" "Mozilla/5.0 (iPhone; CPU iPhone OS 9_2 like Mac OS X) AppleWebKit/601.1.46 (KHTML, like Gecko) Version/9.0 Mobile/13C75 Safari/601.1"
198.20.69.75 - - [10/Jan/2016:16:51:51 -0800] "GET / HTTP/1.1" 200 6976 "-" "-"
198.20.69.75 - - [10/Jan/2016:16:51:51 -0800] "GET /robots.txt HTTP/1.1" 200 319 "-" "-"
198.20.69.75 - - [10/Jan/2016:16:51:51 -0800] "GET /sitemap.xml HTTP/1.1" 404 472 "-" "-"
72.47.22.222 - - [10/Jan/2016:16:53:13 -0800] "GET /images/wsis-logo-sm.png HTTP/1.1" 200 6108 "http://www.thebackcountry.net/" "Mozilla/5.0 (iPad; CPU OS 6_1_3 like Mac OS X) AppleWebKit/536.26 (KHTML, like Gecko) Version/6.0 Mobile/10B329 Safari/8536.25"
107.77.97.124 - - [10/Jan/2016:17:01:39 -0800] "GET / HTTP/1.1" 200 2615 "https://www.google.com/" "Mozilla/5.0 (iPhone; CPU iPhone OS 9_2 like Mac OS X) AppleWebKit/600.1.4 (KHTML, like Gecko) GSA/11.1.66360 Mobile/13C75 Safari/600.1.4"
107.77.97.124 - - [10/Jan/2016:17:01:39 -0800] "GET /styles/ee08faa9.main.css HTTP/1.1" 200 19446 "http://whereshouldiski.com/" "Mozilla/5.0 (iPhone; CPU iPhone OS 9_2 like Mac OS X) AppleWebKit/600.1.4 (KHTML, like Gecko) GSA/11.1.66360 Mobile/13C75 Safari/600.1.4"
107.77.97.124 - - [10/Jan/2016:17:01:39 -0800] "GET /images/logo-square-white-sm.png HTTP/1.1" 200 1684 "http://whereshouldiski.com/" "Mozilla/5.0 (iPhone; CPU iPhone OS 9_2 like Mac OS X) AppleWebKit/600.1.4 (KHTML, like Gecko) GSA/11.1.66360 Mobile/13C75 Safari/600.1.4"
107.77.97.124 - - [10/Jan/2016:17:01:39 -0800] "GET /scripts/scripts/vendor/modernizr.js HTTP/1.1" 200 4903 "http://whereshouldiski.com/" "Mozilla/5.0 (iPhone; CPU iPhone OS 9_2 like Mac OS X) AppleWebKit/600.1.4 (KHTML, like Gecko) GSA/11.1.66360 Mobile/13C75 Safari/600.1.4"
107.77.97.124 - - [10/Jan/2016:17:01:39 -0800] "GET /bower_components/requirejs/require.js HTTP/1.1" 200 6702 "http://whereshouldiski.com/" "Mozilla/5.0 (iPhone; CPU iPhone OS 9_2 like Mac OS X) AppleWebKit/600.1.4 (KHTML, like Gecko) GSA/11.1.66360 Mobile/13C75 Safari/600.1.4"
107.77.97.124 - - [10/Jan/2016:17:01:39 -0800] "GET /images/loading.gif HTTP/1.1" 200 13882 "http://whereshouldiski.com/" "Mozilla/5.0 (iPhone; CPU iPhone OS 9_2 like Mac OS X) AppleWebKit/600.1.4 (KHTML, like Gecko) GSA/11.1.66360 Mobile/13C75 Safari/600.1.4"
107.77.97.124 - - [10/Jan/2016:17:01:39 -0800] "GET /scripts/fa48e319.main.js HTTP/1.1" 200 123455 "http://whereshouldiski.com/" "Mozilla/5.0 (iPhone; CPU iPhone OS 9_2 like Mac OS X) AppleWebKit/600.1.4 (KHTML, like Gecko) GSA/11.1.66360 Mobile/13C75 Safari/600.1.4"
107.77.97.124 - - [10/Jan/2016:17:01:40 -0800] "GET /lib/reccapi.php?fields=t HTTP/1.1" 200 1853 "http://whereshouldiski.com/" "Mozilla/5.0 (iPhone; CPU iPhone OS 9_2 like Mac OS X) AppleWebKit/600.1.4 (KHTML, like Gecko) GSA/11.1.66360 Mobile/13C75 Safari/600.1.4"
107.77.97.124 - - [10/Jan/2016:17:01:40 -0800] "GET /images/button.png HTTP/1.1" 200 598 "http://whereshouldiski.com/" "Mozilla/5.0 (iPhone; CPU iPhone OS 9_2 like Mac OS X) AppleWebKit/600.1.4 (KHTML, like Gecko) GSA/11.1.66360 Mobile/13C75 Safari/600.1.4"
107.77.97.124 - - [10/Jan/2016:17:01:40 -0800] "GET /images/greyHeader.png HTTP/1.1" 200 508 "http://whereshouldiski.com/" "Mozilla/5.0 (iPhone; CPU iPhone OS 9_2 like Mac OS X) AppleWebKit/600.1.4 (KHTML, like Gecko) GSA/11.1.66360 Mobile/13C75 Safari/600.1.4"
107.77.97.124 - - [10/Jan/2016:17:01:40 -0800] "GET /images/snowflake5.png HTTP/1.1" 200 2857 "http://whereshouldiski.com/" "Mozilla/5.0 (iPhone; CPU iPhone OS 9_2 like Mac OS X) AppleWebKit/600.1.4 (KHTML, like Gecko) GSA/11.1.66360 Mobile/13C75 Safari/600.1.4"
107.77.97.124 - - [10/Jan/2016:17:01:40 -0800] "GET /images/star5.png HTTP/1.1" 200 1783 "http://whereshouldiski.com/" "Mozilla/5.0 (iPhone; CPU iPhone OS 9_2 like Mac OS X) AppleWebKit/600.1.4 (KHTML, like Gecko) GSA/11.1.66360 Mobile/13C75 Safari/600.1.4"
107.77.97.124 - - [10/Jan/2016:17:01:40 -0800] "GET /images/bluebird5.png HTTP/1.1" 200 2177 "http://whereshouldiski.com/" "Mozilla/5.0 (iPhone; CPU iPhone OS 9_2 like Mac OS X) AppleWebKit/600.1.4 (KHTML, like Gecko) GSA/11.1.66360 Mobile/13C75 Safari/600.1.4"
107.77.97.124 - - [10/Jan/2016:17:01:40 -0800] "GET /images/mtns-icon.png HTTP/1.1" 200 1096 "http://whereshouldiski.com/" "Mozilla/5.0 (iPhone; CPU iPhone OS 9_2 like Mac OS X) AppleWebKit/600.1.4 (KHTML, like Gecko) GSA/11.1.66360 Mobile/13C75 Safari/600.1.4"
107.77.97.124 - - [10/Jan/2016:17:01:40 -0800] "GET /images/shading-icon.png HTTP/1.1" 200 536 "http://whereshouldiski.com/" "Mozilla/5.0 (iPhone; CPU iPhone OS 9_2 like Mac OS X) AppleWebKit/600.1.4 (KHTML, like Gecko) GSA/11.1.66360 Mobile/13C75 Safari/600.1.4"
107.77.97.124 - - [10/Jan/2016:17:01:41 -0800] "GET /lib/reccapi.php?fields=t&coords=47.5301104970719,-121.94173229869635 HTTP/1.1" 200 2045 "http://whereshouldiski.com/" "Mozilla/5.0 (iPhone; CPU iPhone OS 9_2 like Mac OS X) AppleWebKit/600.1.4 (KHTML, like Gecko) GSA/11.1.66360 Mobile/13C75 Safari/600.1.4"
107.77.97.124 - - [10/Jan/2016:17:02:17 -0800] "GET /lib/reccapi.php?fields=t&coords=47.5301104970719,-121.94173229869635&sort=distance HTTP/1.1" 200 1900 "http://whereshouldiski.com/" "Mozilla/5.0 (iPhone; CPU iPhone OS 9_2 like Mac OS X) AppleWebKit/600.1.4 (KHTML, like Gecko) GSA/11.1.66360 Mobile/13C75 Safari/600.1.4"
107.77.92.92 - - [10/Jan/2016:17:03:51 -0800] "GET /images/wsis-logo-sm.png HTTP/1.1" 200 6108 "http://www.thebackcountry.net/" "Mozilla/5.0 (iPhone; CPU iPhone OS 9_2 like Mac OS X) AppleWebKit/601.1.46 (KHTML, like Gecko) Version/9.0 Mobile/13C75 Safari/601.1"
141.8.143.217 - - [10/Jan/2016:17:04:01 -0800] "GET /robots.txt HTTP/1.1" 200 375 "-" "Mozilla/5.0 (compatible; YandexBot/3.0; +http://yandex.com/bots)"
100.43.91.17 - - [10/Jan/2016:17:04:01 -0800] "GET /robots.txt HTTP/1.1" 200 375 "-" "Mozilla/5.0 (compatible; YandexBot/3.0; +http://yandex.com/bots)"
141.8.143.217 - - [10/Jan/2016:17:04:01 -0800] "GET /robots.txt HTTP/1.1" 200 374 "-" "Mozilla/5.0 (compatible; YandexBot/3.0; +http://yandex.com/bots)"
141.8.143.217 - - [10/Jan/2016:17:04:03 -0800] "GET / HTTP/1.1" 200 2614 "-" "Mozilla/5.0 (compatible; YandexBot/3.0; +http://yandex.com/bots)"
141.8.143.217 - - [10/Jan/2016:17:04:04 -0800] "GET / HTTP/1.1" 200 2614 "-" "Mozilla/5.0 (compatible; YandexBot/3.0; +http://yandex.com/bots)"
100.43.91.17 - - [10/Jan/2016:17:04:04 -0800] "GET / HTTP/1.1" 200 2614 "-" "Mozilla/5.0 (compatible; YandexBot/3.0; +http://yandex.com/bots)"
141.8.143.217 - - [10/Jan/2016:17:04:06 -0800] "GET / HTTP/1.1" 200 2614 "-" "Mozilla/5.0 (compatible; YandexBot/3.0; +http://yandex.com/bots)"
100.43.91.17 - - [10/Jan/2016:17:04:07 -0800] "GET / HTTP/1.1" 200 2614 "-" "Mozilla/5.0 (compatible; YandexBot/3.0; +http://yandex.com/bots)"
141.8.143.217 - - [10/Jan/2016:17:04:08 -0800] "GET / HTTP/1.1" 200 2614 "-" "Mozilla/5.0 (compatible; YandexBot/3.0; +http://yandex.com/bots)"
108.196.130.34 - - [10/Jan/2016:17:15:56 -0800] "GET /images/wsis-logo-sm.png HTTP/1.1" 200 6108 "http://www.thebackcountry.net/" "Mozilla/5.0 (Windows NT 10.0; rv:43.0) Gecko/20100101 Firefox/43.0"
170.75.162.130 - - [10/Jan/2016:17:22:17 -0800] "GET /lib/reccapi.php?resort=squawvalleyusa HTTP/1.1" 200 982 "-" "node-superagent/1.4.0"
202.112.51.96 - - [10/Jan/2016:17:27:24 -0800] "GET / HTTP/1.1" 200 6976 "-" "-"
180.76.15.13 - - [10/Jan/2016:17:31:36 -0800] "GET / HTTP/1.1" 200 6995 "-" "Mozilla/5.0 (compatible; Baiduspider/2.0; +http://www.baidu.com/search/spider.html)"
180.76.15.26 - - [10/Jan/2016:17:32:25 -0800] "GET / HTTP/1.1" 200 6995 "-" "Mozilla/5.0 (compatible; Baiduspider/2.0; +http://www.baidu.com/search/spider.html)"
172.10.245.177 - - [10/Jan/2016:17:36:53 -0800] "GET /images/wsis-logo-sm.png HTTP/1.1" 200 6108 "http://www.thebackcountry.net/" "Mozilla/5.0 (Macintosh; Intel Mac OS X 10_6_8) AppleWebKit/534.59.10 (KHTML, like Gecko) Version/5.1.9 Safari/534.59.10"
123.125.71.36 - - [10/Jan/2016:17:38:21 -0800] "GET / HTTP/1.1" 200 2578 "-" "Mozilla/5.0 (Windows NT 5.1; rv:6.0.2) Gecko/20100101 Firefox/6.0.2"
123.125.71.44 - - [10/Jan/2016:17:38:45 -0800] "GET / HTTP/1.1" 200 6995 "-" "Mozilla/5.0 (Windows NT 5.1; rv:6.0.2) Gecko/20100101 Firefox/6.0.2"
67.159.136.133 - - [10/Jan/2016:17:45:55 -0800] "GET /images/wsis-logo-sm.png HTTP/1.1" 200 6108 "http://www.thebackcountry.net/" "Mozilla/5.0 (Macintosh; Intel Mac OS X 10.9; rv:26.0) Gecko/20100101 Firefox/26.0"
207.192.245.167 - - [10/Jan/2016:17:51:00 -0800] "GET /images/wsis-logo-sm.png HTTP/1.1" 200 6108 "http://www.thebackcountry.net/" "Mozilla/5.0 (Macintosh; Intel Mac OS X 10_9_5) AppleWebKit/537.36 (KHTML, like Gecko) Chrome/47.0.2526.80 Safari/537.36"
94.185.83.100 - - [10/Jan/2016:17:52:19 -0800] "GET http://testp5.mielno.lubin.pl/testproxy.php HTTP/1.1" 404 452 "-" "Mozilla/5.0 (Windows NT 5.1; rv:32.0) Gecko/20100101 Firefox/31.0"
45.125.192.150 - - [10/Jan/2016:17:52:36 -0800] "HEAD / HTTP/1.1" 200 291 "-" "compatible;Baiduspider/2.0; +http://www.baidu.com/search/spider.html"
173.76.171.54 - - [10/Jan/2016:17:54:51 -0800] "GET /images/wsis-logo-sm.png HTTP/1.1" 200 6108 "http://www.thebackcountry.net/" "Mozilla/5.0 (Macintosh; Intel Mac OS X 10_11_2) AppleWebKit/601.3.9 (KHTML, like Gecko) Version/9.0.2 Safari/601.3.9"
87.237.27.44 - - [10/Jan/2016:17:56:29 -0800] "GET /images/wsis-logo-sm.png HTTP/1.1" 200 6108 "http://www.thebackcountry.net/" "Mozilla/5.0 (iPad; CPU OS 9_2 like Mac OS X) AppleWebKit/601.1 (KHTML, like Gecko) CriOS/47.0.2526.107 Mobile/13C75 Safari/601.1.46"
66.249.69.112 - - [10/Jan/2016:18:02:04 -0800] "GET /lib/reccapi.php?resort=snowbasin&date=2016-01-09 HTTP/1.1" 200 1017 "http://whereshouldiski.com/" "Mozilla/5.0 (compatible; Googlebot/2.1; +http://www.google.com/bot.html)"
66.249.69.96 - - [10/Jan/2016:18:02:05 -0800] "GET /lib/reccapi.php?fields=t&date=2016-01-09&coords=41.22%2C-111.89&size=7&sort=distance HTTP/1.1" 200 1317 "http://whereshouldiski.com/" "Mozilla/5.0 (compatible; Googlebot/2.1; +http://www.google.com/bot.html)"
66.249.69.96 - - [10/Jan/2016:18:02:05 -0800] "GET /lib/resortDataSearchD3.php?size=7&sortDate=T&resort=snowbasin&dateStart=2016-01-07 HTTP/1.1" 200 859 "http://whereshouldiski.com/" "Mozilla/5.0 (compatible; Googlebot/2.1; +http://www.google.com/bot.html)"
66.249.69.112 - - [10/Jan/2016:18:02:29 -0800] "GET /lib/reccapi.php?resort=mammothmountain&date=2016-01-06 HTTP/1.1" 200 1108 "http://whereshouldiski.com/" "Mozilla/5.0 (compatible; Googlebot/2.1; +http://www.google.com/bot.html)"
66.249.69.96 - - [10/Jan/2016:18:02:31 -0800] "GET /lib/resortDataSearchD3.php?size=7&sortDate=T&resort=mammothmountain&dateStart=2016-01-04 HTTP/1.1" 200 864 "http://whereshouldiski.com/" "Mozilla/5.0 (compatible; Googlebot/2.1; +http://www.google.com/bot.html)"
66.249.69.96 - - [10/Jan/2016:18:02:32 -0800] "GET /lib/reccapi.php?fields=t&date=2016-01-06&coords=37.63%2C-119.02&size=7&sort=distance HTTP/1.1" 200 1360 "http://whereshouldiski.com/" "Mozilla/5.0 (compatible; Googlebot/2.1; +http://www.google.com/bot.html)"
66.249.69.112 - - [10/Jan/2016:18:05:26 -0800] "GET /lib/reccapi.php?resort=crystalmountain&date=2015-12-24 HTTP/1.1" 200 1111 "http://whereshouldiski.com/" "Mozilla/5.0 (compatible; Googlebot/2.1; +http://www.google.com/bot.html)"
66.249.69.96 - - [10/Jan/2016:18:05:29 -0800] "GET /lib/reccapi.php?fields=t&date=2015-12-24&coords=46.92%2C-121.49&size=7&sort=distance HTTP/1.1" 200 1410 "http://whereshouldiski.com/" "Mozilla/5.0 (compatible; Googlebot/2.1; +http://www.google.com/bot.html)"
66.249.69.96 - - [10/Jan/2016:18:05:29 -0800] "GET /lib/resortDataSearchD3.php?size=7&sortDate=T&resort=crystalmountain&dateStart=2015-12-22 HTTP/1.1" 200 874 "http://whereshouldiski.com/" "Mozilla/5.0 (compatible; Googlebot/2.1; +http://www.google.com/bot.html)"
188.68.224.62 - - [10/Jan/2016:18:07:00 -0800] "GET http://dhg.pisz.pl/httptest.php HTTP/1.1" 404 444 "-" "-"
70.215.79.156 - - [10/Jan/2016:18:34:47 -0800] "GET /images/wsis-logo-sm.png HTTP/1.1" 200 6108 "http://www.thebackcountry.net/" "Mozilla/5.0 (Linux; Android 5.1.1; SM-G925V Build/LMY47X) AppleWebKit/537.36 (KHTML, like Gecko) Chrome/47.0.2526.83 Mobile Safari/537.36"
180.76.15.33 - - [10/Jan/2016:18:35:21 -0800] "GET / HTTP/1.1" 200 6995 "-" "Mozilla/5.0 (compatible; Baiduspider/2.0; +http://www.baidu.com/search/spider.html)"
70.215.79.156 - - [10/Jan/2016:18:36:07 -0800] "-" 408 0 "-" "-"
70.215.79.156 - - [10/Jan/2016:18:36:07 -0800] "-" 408 0 "-" "-"
70.215.79.156 - - [10/Jan/2016:18:36:08 -0800] "-" 408 0 "-" "-"
180.76.15.162 - - [10/Jan/2016:18:36:20 -0800] "GET / HTTP/1.1" 200 6995 "-" "Mozilla/5.0 (compatible; Baiduspider/2.0; +http://www.baidu.com/search/spider.html)"
70.215.79.156 - - [10/Jan/2016:18:36:33 -0800] "-" 408 0 "-" "-"
70.215.79.156 - - [10/Jan/2016:18:36:33 -0800] "-" 408 0 "-" "-"
40.77.167.4 - - [10/Jan/2016:18:43:13 -0800] "GET /robots.txt HTTP/1.1" 200 375 "-" "Mozilla/5.0 (compatible; bingbot/2.0; +http://www.bing.com/bingbot.htm)"
40.77.167.4 - - [10/Jan/2016:18:43:22 -0800] "GET / HTTP/1.1" 200 2615 "-" "Mozilla/5.0 (compatible; bingbot/2.0; +http://www.bing.com/bingbot.htm)"
40.77.167.4 - - [10/Jan/2016:18:43:22 -0800] "GET /resorts?resort=stowe HTTP/1.1" 404 505 "-" "Mozilla/5.0 (compatible; bingbot/2.0; +http://www.bing.com/bingbot.htm)"
40.77.167.4 - - [10/Jan/2016:18:43:22 -0800] "GET /resorts?resort=steamboat HTTP/1.1" 404 505 "-" "Mozilla/5.0 (compatible; bingbot/2.0; +http://www.bing.com/bingbot.htm)"
98.238.174.40 - - [10/Jan/2016:18:43:23 -0800] "GET /images/wsis-logo-sm.png HTTP/1.1" 200 6108 "http://www.thebackcountry.net/" "Mozilla/5.0 (Macintosh; Intel Mac OS X 10_10_3) AppleWebKit/537.36 (KHTML, like Gecko) Chrome/47.0.2526.106 Safari/537.36"
40.77.167.2 - - [10/Jan/2016:18:43:51 -0800] "GET /resorts?resort=alpinemeadows HTTP/1.1" 404 506 "-" "Mozilla/5.0 (compatible; bingbot/2.0; +http://www.bing.com/bingbot.htm)"
40.77.167.2 - - [10/Jan/2016:18:43:52 -0800] "GET /resorts?resort=sunvalley HTTP/1.1" 404 505 "-" "Mozilla/5.0 (compatible; bingbot/2.0; +http://www.bing.com/bingbot.htm)"
40.77.167.2 - - [10/Jan/2016:18:43:52 -0800] "GET /resorts?resort=telluride HTTP/1.1" 404 505 "-" "Mozilla/5.0 (compatible; bingbot/2.0; +http://www.bing.com/bingbot.htm)"
99.148.185.30 - - [10/Jan/2016:18:44:41 -0800] "GET /images/wsis-logo-sm.png HTTP/1.1" 200 6108 "http://www.thebackcountry.net/" "Mozilla/5.0 (Windows NT 10.0; WOW64) AppleWebKit/537.36 (KHTML, like Gecko) Chrome/47.0.2526.106 Safari/537.36"
98.234.221.184 - - [10/Jan/2016:18:46:19 -0800] "GET /images/wsis-logo-sm.png HTTP/1.1" 200 6108 "http://www.thebackcountry.net/" "Mozilla/5.0 (iPad; CPU OS 9_2 like Mac OS X) AppleWebKit/601.1.46 (KHTML, like Gecko) Version/9.0 Mobile/13C75 Safari/601.1"
188.68.224.62 - - [10/Jan/2016:18:47:15 -0800] "GET http://dhg.pisz.pl/httptest.php HTTP/1.1" 404 444 "-" "-"
40.77.167.2 - - [10/Jan/2016:18:48:33 -0800] "GET /robots.txt HTTP/1.1" 200 419 "-" "Mozilla/5.0 (compatible; bingbot/2.0; +http://www.bing.com/bingbot.htm)"
96.38.183.224 - - [10/Jan/2016:18:53:38 -0800] "GET /images/wsis-logo-sm.png HTTP/1.1" 200 6108 "http://www.thebackcountry.net/" "Mozilla/5.0 (Macintosh; Intel Mac OS X 10_11_1) AppleWebKit/601.2.7 (KHTML, like Gecko) Version/9.0.1 Safari/601.2.7"
98.210.216.220 - - [10/Jan/2016:18:55:56 -0800] "GET /images/wsis-logo-sm.png HTTP/1.1" 200 6108 "http://www.thebackcountry.net/" "Mozilla/5.0 (Windows NT 6.1; WOW64) AppleWebKit/537.36 (KHTML, like Gecko) Chrome/47.0.2526.106 Safari/537.36"
73.170.73.185 - - [10/Jan/2016:18:56:51 -0800] "GET /images/wsis-logo-sm.png HTTP/1.1" 200 6108 "http://www.thebackcountry.net/" "Mozilla/5.0 (Windows NT 6.1; WOW64) AppleWebKit/537.36 (KHTML, like Gecko) Chrome/47.0.2526.106 Safari/537.36"
170.75.162.130 - - [10/Jan/2016:19:08:31 -0800] "GET /lib/reccapi.php?resort=alpinemeadows HTTP/1.1" 200 994 "-" "node-superagent/1.4.0"
170.75.162.130 - - [10/Jan/2016:19:08:31 -0800] "GET /lib/reccapi.php?resort=chinapeak HTTP/1.1" 200 965 "-" "node-superagent/1.4.0"
170.75.162.130 - - [10/Jan/2016:19:08:31 -0800] "GET /lib/reccapi.php?resort=homewoodmountain HTTP/1.1" 200 984 "-" "node-superagent/1.4.0"
170.75.162.130 - - [10/Jan/2016:19:08:32 -0800] "GET /lib/reccapi.php?resort=northstar-at-tahoe HTTP/1.1" 200 971 "-" "node-superagent/1.4.0"
170.75.162.130 - - [10/Jan/2016:19:08:32 -0800] "GET /lib/reccapi.php?resort=sugarbowl HTTP/1.1" 200 964 "-" "node-superagent/1.4.0"
104.175.174.28 - - [10/Jan/2016:19:09:05 -0800] "GET /images/wsis-logo-sm.png HTTP/1.1" 200 6108 "http://www.thebackcountry.net/" "Mozilla/5.0 (Windows NT 6.3; WOW64) AppleWebKit/537.36 (KHTML, like Gecko) Chrome/47.0.2526.106 Safari/537.36"
207.46.13.143 - - [10/Jan/2016:19:09:40 -0800] "GET /blog/9-visiting-north-lake-tahoe HTTP/1.1" 404 509 "-" "Mozilla/5.0 (compatible; bingbot/2.0; +http://www.bing.com/bingbot.htm)"
96.38.151.60 - - [10/Jan/2016:19:10:44 -0800] "GET /images/wsis-logo-sm.png HTTP/1.1" 200 6108 "http://www.thebackcountry.net/" "Mozilla/5.0 (Macintosh; Intel Mac OS X 10_11_1) AppleWebKit/537.36 (KHTML, like Gecko) Chrome/47.0.2526.106 Safari/537.36"
154.20.21.181 - - [10/Jan/2016:19:15:59 -0800] "GET /images/wsis-logo-sm.png HTTP/1.1" 200 6108 "http://thebackcountry.net/" "Mozilla/5.0 (Macintosh; Intel Mac OS X 10_8_5) AppleWebKit/600.8.9 (KHTML, like Gecko) Version/6.2.8 Safari/537.85.17"
104.129.192.56 - - [10/Jan/2016:19:17:03 -0800] "GET /images/wsis-logo-sm.png HTTP/1.1" 200 6108 "http://www.thebackcountry.net/" "Mozilla/5.0 (Windows NT 6.1; WOW64) AppleWebKit/537.36 (KHTML, like Gecko) Chrome/47.0.2526.106 Safari/537.36"
66.249.69.96 - - [10/Jan/2016:19:26:29 -0800] "GET /lib/reccapi.php?resort=wildcatmountain&date=2015-12-29 HTTP/1.1" 200 1101 "http://whereshouldiski.com/" "Mozilla/5.0 (compatible; Googlebot/2.1; +http://www.google.com/bot.html)"
66.249.69.96 - - [10/Jan/2016:19:26:30 -0800] "GET /lib/resortDataSearchD3.php?size=7&sortDate=T&resort=wildcatmountain&dateStart=2015-12-27 HTTP/1.1" 200 875 "http://whereshouldiski.com/" "Mozilla/5.0 (compatible; Googlebot/2.1; +http://www.google.com/bot.html)"
66.249.69.96 - - [10/Jan/2016:19:26:31 -0800] "GET /lib/reccapi.php?fields=t&date=2015-12-29&coords=44.2604%2C-71.2034&size=7&sort=distance HTTP/1.1" 200 1382 "http://whereshouldiski.com/" "Mozilla/5.0 (compatible; Googlebot/2.1; +http://www.google.com/bot.html)"
107.200.11.79 - - [10/Jan/2016:19:31:39 -0800] "GET /images/wsis-logo-sm.png HTTP/1.1" 200 6108 "http://www.thebackcountry.net/" "Mozilla/5.0 (Macintosh; Intel Mac OS X 10_11_2) AppleWebKit/537.36 (KHTML, like Gecko) Chrome/48.0.2564.71 Safari/537.36"
180.76.15.22 - - [10/Jan/2016:19:34:44 -0800] "GET / HTTP/1.1" 200 6995 "-" "Mozilla/5.0 (compatible; Baiduspider/2.0; +http://www.baidu.com/search/spider.html)"
180.76.15.156 - - [10/Jan/2016:19:35:41 -0800] "GET / HTTP/1.1" 200 6995 "-" "Mozilla/5.0 (compatible; Baiduspider/2.0; +http://www.baidu.com/search/spider.html)"
170.75.162.130 - - [10/Jan/2016:19:39:36 -0800] "GET /lib/reccapi.php?resort=snowbird HTTP/1.1" 200 1013 "-" "node-superagent/1.4.0"
73.220.33.70 - - [10/Jan/2016:19:48:38 -0800] "GET /images/wsis-logo-sm.png HTTP/1.1" 200 6108 "http://www.thebackcountry.net/" "Mozilla/5.0 (iPad; CPU OS 9_2 like Mac OS X) AppleWebKit/601.1.46 (KHTML, like Gecko) Version/9.0 Mobile/13C75 Safari/601.1"
207.192.250.16 - - [10/Jan/2016:19:54:27 -0800] "GET /images/wsis-logo-sm.png HTTP/1.1" 200 6108 "http://www.thebackcountry.net/" "Mozilla/5.0 (Macintosh; Intel Mac OS X 10_11_2) AppleWebKit/601.3.9 (KHTML, like Gecko) Version/9.0.2 Safari/601.3.9"
170.75.162.130 - - [10/Jan/2016:19:56:30 -0800] "GET /lib/reccapi.php?resort=loveland HTTP/1.1" 200 1026 "-" "node-superagent/1.4.0"
75.25.175.4 - - [10/Jan/2016:20:01:56 -0800] "GET / HTTP/1.1" 200 2615 "-" "Mozilla/5.0 (Macintosh; Intel Mac OS X 10_11) AppleWebKit/601.1.56 (KHTML, like Gecko) Version/9.0 Safari/601.1.56"
75.25.175.4 - - [10/Jan/2016:20:01:56 -0800] "GET /styles/ee08faa9.main.css HTTP/1.1" 200 19446 "http://whereshouldiski.com/" "Mozilla/5.0 (Macintosh; Intel Mac OS X 10_11) AppleWebKit/601.1.56 (KHTML, like Gecko) Version/9.0 Safari/601.1.56"
75.25.175.4 - - [10/Jan/2016:20:01:56 -0800] "GET /scripts/scripts/vendor/modernizr.js HTTP/1.1" 200 4903 "http://whereshouldiski.com/" "Mozilla/5.0 (Macintosh; Intel Mac OS X 10_11) AppleWebKit/601.1.56 (KHTML, like Gecko) Version/9.0 Safari/601.1.56"
75.25.175.4 - - [10/Jan/2016:20:01:56 -0800] "GET /bower_components/requirejs/require.js HTTP/1.1" 200 6702 "http://whereshouldiski.com/" "Mozilla/5.0 (Macintosh; Intel Mac OS X 10_11) AppleWebKit/601.1.56 (KHTML, like Gecko) Version/9.0 Safari/601.1.56"
75.25.175.4 - - [10/Jan/2016:20:01:57 -0800] "GET /images/logo-square-white-sm.png HTTP/1.1" 200 1684 "http://whereshouldiski.com/" "Mozilla/5.0 (Macintosh; Intel Mac OS X 10_11) AppleWebKit/601.1.56 (KHTML, like Gecko) Version/9.0 Safari/601.1.56"
75.25.175.4 - - [10/Jan/2016:20:01:57 -0800] "GET /images/loading.gif HTTP/1.1" 200 13882 "http://whereshouldiski.com/" "Mozilla/5.0 (Macintosh; Intel Mac OS X 10_11) AppleWebKit/601.1.56 (KHTML, like Gecko) Version/9.0 Safari/601.1.56"
75.25.175.4 - - [10/Jan/2016:20:01:57 -0800] "GET /images/button.png HTTP/1.1" 200 598 "http://whereshouldiski.com/" "Mozilla/5.0 (Macintosh; Intel Mac OS X 10_11) AppleWebKit/601.1.56 (KHTML, like Gecko) Version/9.0 Safari/601.1.56"
75.25.175.4 - - [10/Jan/2016:20:01:57 -0800] "GET /scripts/fa48e319.main.js HTTP/1.1" 200 123455 "http://whereshouldiski.com/" "Mozilla/5.0 (Macintosh; Intel Mac OS X 10_11) AppleWebKit/601.1.56 (KHTML, like Gecko) Version/9.0 Safari/601.1.56"
75.25.175.4 - - [10/Jan/2016:20:01:58 -0800] "GET /images/greyHeader.png HTTP/1.1" 200 508 "http://whereshouldiski.com/" "Mozilla/5.0 (Macintosh; Intel Mac OS X 10_11) AppleWebKit/601.1.56 (KHTML, like Gecko) Version/9.0 Safari/601.1.56"
75.25.175.4 - - [10/Jan/2016:20:01:58 -0800] "GET /lib/reccapi.php?fields=t HTTP/1.1" 200 1896 "http://whereshouldiski.com/" "Mozilla/5.0 (Macintosh; Intel Mac OS X 10_11) AppleWebKit/601.1.56 (KHTML, like Gecko) Version/9.0 Safari/601.1.56"
75.25.175.4 - - [10/Jan/2016:20:01:58 -0800] "GET /images/snowflake5.png HTTP/1.1" 200 2857 "http://whereshouldiski.com/" "Mozilla/5.0 (Macintosh; Intel Mac OS X 10_11) AppleWebKit/601.1.56 (KHTML, like Gecko) Version/9.0 Safari/601.1.56"
75.25.175.4 - - [10/Jan/2016:20:01:58 -0800] "GET /images/bluebird5.png HTTP/1.1" 200 2178 "http://whereshouldiski.com/" "Mozilla/5.0 (Macintosh; Intel Mac OS X 10_11) AppleWebKit/601.1.56 (KHTML, like Gecko) Version/9.0 Safari/601.1.56"
75.25.175.4 - - [10/Jan/2016:20:01:58 -0800] "GET /images/star5.png HTTP/1.1" 200 1784 "http://whereshouldiski.com/" "Mozilla/5.0 (Macintosh; Intel Mac OS X 10_11) AppleWebKit/601.1.56 (KHTML, like Gecko) Version/9.0 Safari/601.1.56"
75.25.175.4 - - [10/Jan/2016:20:01:58 -0800] "GET /images/shading-icon.png HTTP/1.1" 200 537 "http://whereshouldiski.com/" "Mozilla/5.0 (Macintosh; Intel Mac OS X 10_11) AppleWebKit/601.1.56 (KHTML, like Gecko) Version/9.0 Safari/601.1.56"
75.25.175.4 - - [10/Jan/2016:20:01:58 -0800] "GET /images/mtns-icon.png HTTP/1.1" 200 1097 "http://whereshouldiski.com/" "Mozilla/5.0 (Macintosh; Intel Mac OS X 10_11) AppleWebKit/601.1.56 (KHTML, like Gecko) Version/9.0 Safari/601.1.56"
75.25.175.4 - - [10/Jan/2016:20:01:59 -0800] "GET /favicon.ico HTTP/1.1" 200 4612 "http://whereshouldiski.com/" "Mozilla/5.0 (Macintosh; Intel Mac OS X 10_11) AppleWebKit/601.1.56 (KHTML, like Gecko) Version/9.0 Safari/601.1.56"
127.0.0.1 - - [10/Jan/2016:20:02:06 -0800] "OPTIONS * HTTP/1.0" 200 126 "-" "Apache/2.2.22 (Ubuntu) (internal dummy connection)"
127.0.0.1 - - [10/Jan/2016:20:02:07 -0800] "OPTIONS * HTTP/1.0" 200 126 "-" "Apache/2.2.22 (Ubuntu) (internal dummy connection)"
127.0.0.1 - - [10/Jan/2016:20:02:08 -0800] "OPTIONS * HTTP/1.0" 200 126 "-" "Apache/2.2.22 (Ubuntu) (internal dummy connection)"
127.0.0.1 - - [10/Jan/2016:20:02:09 -0800] "OPTIONS * HTTP/1.0" 200 126 "-" "Apache/2.2.22 (Ubuntu) (internal dummy connection)"
108.219.39.10 - - [10/Jan/2016:20:02:09 -0800] "GET /images/wsis-logo-sm.png HTTP/1.1" 200 6108 "http://www.thebackcountry.net/" "Mozilla/5.0 (Windows NT 10.0; WOW64) AppleWebKit/537.36 (KHTML, like Gecko) Chrome/47.0.2526.106 Safari/537.36"
75.25.175.4 - - [10/Jan/2016:20:02:29 -0800] "GET /lib/reccapi.php?fields=t&state=MT HTTP/1.1" 200 1334 "http://whereshouldiski.com/" "Mozilla/5.0 (Macintosh; Intel Mac OS X 10_11) AppleWebKit/601.1.56 (KHTML, like Gecko) Version/9.0 Safari/601.1.56"
75.25.175.4 - - [10/Jan/2016:20:02:29 -0800] "GET /images/greenHeader.png HTTP/1.1" 200 508 "http://whereshouldiski.com/" "Mozilla/5.0 (Macintosh; Intel Mac OS X 10_11) AppleWebKit/601.1.56 (KHTML, like Gecko) Version/9.0 Safari/601.1.56"
75.25.175.4 - - [10/Jan/2016:20:02:44 -0800] "GET /lib/reccapi.php?fields=t HTTP/1.1" 200 1897 "http://whereshouldiski.com/" "Mozilla/5.0 (Macintosh; Intel Mac OS X 10_11) AppleWebKit/601.1.56 (KHTML, like Gecko) Version/9.0 Safari/601.1.56"
75.25.175.4 - - [10/Jan/2016:20:02:49 -0800] "GET /lib/reccapi.php?fields=t&state=ID HTTP/1.1" 200 1348 "http://whereshouldiski.com/" "Mozilla/5.0 (Macintosh; Intel Mac OS X 10_11) AppleWebKit/601.1.56 (KHTML, like Gecko) Version/9.0 Safari/601.1.56"
75.25.175.4 - - [10/Jan/2016:20:02:55 -0800] "GET /lib/reccapi.php?fields=t HTTP/1.1" 200 1897 "http://whereshouldiski.com/" "Mozilla/5.0 (Macintosh; Intel Mac OS X 10_11) AppleWebKit/601.1.56 (KHTML, like Gecko) Version/9.0 Safari/601.1.56"
75.25.175.4 - - [10/Jan/2016:20:02:59 -0800] "GET /lib/reccapi.php?fields=t&state=AK HTTP/1.1" 200 1108 "http://whereshouldiski.com/" "Mozilla/5.0 (Macintosh; Intel Mac OS X 10_11) AppleWebKit/601.1.56 (KHTML, like Gecko) Version/9.0 Safari/601.1.56"
75.25.175.4 - - [10/Jan/2016:20:03:06 -0800] "GET /lib/reccapi.php?fields=t HTTP/1.1" 200 1897 "http://whereshouldiski.com/" "Mozilla/5.0 (Macintosh; Intel Mac OS X 10_11) AppleWebKit/601.1.56 (KHTML, like Gecko) Version/9.0 Safari/601.1.56"
75.25.175.4 - - [10/Jan/2016:20:03:12 -0800] "GET /lib/reccapi.php?fields=t&state=UT HTTP/1.1" 200 1310 "http://whereshouldiski.com/" "Mozilla/5.0 (Macintosh; Intel Mac OS X 10_11) AppleWebKit/601.1.56 (KHTML, like Gecko) Version/9.0 Safari/601.1.56"
75.25.175.4 - - [10/Jan/2016:20:03:27 -0800] "GET /lib/reccapi.php?fields=t HTTP/1.1" 200 1897 "http://whereshouldiski.com/" "Mozilla/5.0 (Macintosh; Intel Mac OS X 10_11) AppleWebKit/601.1.56 (KHTML, like Gecko) Version/9.0 Safari/601.1.56"
75.25.175.4 - - [10/Jan/2016:20:03:31 -0800] "GET /lib/reccapi.php?fields=t&state=CA HTTP/1.1" 200 1479 "http://whereshouldiski.com/" "Mozilla/5.0 (Macintosh; Intel Mac OS X 10_11) AppleWebKit/601.1.56 (KHTML, like Gecko) Version/9.0 Safari/601.1.56"
75.25.175.4 - - [10/Jan/2016:20:03:45 -0800] "GET /lib/reccapi.php?fields=t HTTP/1.1" 200 1897 "http://whereshouldiski.com/" "Mozilla/5.0 (Macintosh; Intel Mac OS X 10_11) AppleWebKit/601.1.56 (KHTML, like Gecko) Version/9.0 Safari/601.1.56"
75.25.175.4 - - [10/Jan/2016:20:03:48 -0800] "GET /lib/reccapi.php?fields=t&powder=4 HTTP/1.1" 200 735 "http://whereshouldiski.com/" "Mozilla/5.0 (Macintosh; Intel Mac OS X 10_11) AppleWebKit/601.1.56 (KHTML, like Gecko) Version/9.0 Safari/601.1.56"
75.25.175.4 - - [10/Jan/2016:20:03:54 -0800] "GET /lib/reccapi.php?fields=t HTTP/1.1" 200 1897 "http://whereshouldiski.com/" "Mozilla/5.0 (Macintosh; Intel Mac OS X 10_11) AppleWebKit/601.1.56 (KHTML, like Gecko) Version/9.0 Safari/601.1.56"
75.25.175.4 - - [10/Jan/2016:20:03:55 -0800] "GET /lib/reccapi.php?fields=t&powder=3 HTTP/1.1" 200 1043 "http://whereshouldiski.com/" "Mozilla/5.0 (Macintosh; Intel Mac OS X 10_11) AppleWebKit/601.1.56 (KHTML, like Gecko) Version/9.0 Safari/601.1.56"
188.68.224.62 - - [10/Jan/2016:20:09:43 -0800] "GET http://dhg.pisz.pl/httptest.php HTTP/1.1" 404 444 "-" "-"
24.176.181.15 - - [10/Jan/2016:20:12:25 -0800] "GET /images/wsis-logo-sm.png HTTP/1.1" 200 6108 "http://thebackcountry.net/" "Mozilla/5.0 (Windows NT 10.0; Win64; x64) AppleWebKit/537.36 (KHTML, like Gecko) Chrome/46.0.2486.0 Safari/537.36 Edge/13.10586"
24.176.181.15 - - [10/Jan/2016:20:12:47 -0800] "-" 408 0 "-" "-"
66.249.69.104 - - [10/Jan/2016:20:26:57 -0800] "GET /styles/ee08faa9.main.css HTTP/1.1" 200 19447 "-" "Mozilla/5.0 (compatible; Googlebot/2.1; +http://www.google.com/bot.html)"
66.249.69.96 - - [10/Jan/2016:20:26:59 -0800] "GET /lib/reccapi.php?resort=squawvalleyusa&date=2016-01-09 HTTP/1.1" 200 1109 "http://whereshouldiski.com/" "Mozilla/5.0 (compatible; Googlebot/2.1; +http://www.google.com/bot.html)"
66.249.69.96 - - [10/Jan/2016:20:27:01 -0800] "GET /lib/resortDataSearchD3.php?size=7&sortDate=T&resort=squawvalleyusa&dateStart=2016-01-07 HTTP/1.1" 200 871 "http://whereshouldiski.com/" "Mozilla/5.0 (compatible; Googlebot/2.1; +http://www.google.com/bot.html)"
66.249.69.96 - - [10/Jan/2016:20:27:01 -0800] "GET /lib/reccapi.php?fields=t&date=2016-01-09&coords=39.19%2C-120.25&size=7&sort=distance HTTP/1.1" 200 1397 "http://whereshouldiski.com/" "Mozilla/5.0 (compatible; Googlebot/2.1; +http://www.google.com/bot.html)"
66.249.69.104 - - [10/Jan/2016:20:31:25 -0800] "GET /lib/reccapi.php?resort=mammothmountain&date=2016-01-07 HTTP/1.1" 200 1109 "http://whereshouldiski.com/" "Mozilla/5.0 (compatible; Googlebot/2.1; +http://www.google.com/bot.html)"
66.249.69.112 - - [10/Jan/2016:20:31:26 -0800] "GET /lib/resortDataSearchD3.php?size=7&sortDate=T&resort=mammothmountain&dateStart=2016-01-05 HTTP/1.1" 200 867 "http://whereshouldiski.com/" "Mozilla/5.0 (compatible; Googlebot/2.1; +http://www.google.com/bot.html)"
66.249.69.96 - - [10/Jan/2016:20:31:27 -0800] "GET /lib/reccapi.php?fields=t&date=2016-01-07&coords=37.63%2C-119.02&size=7&sort=distance HTTP/1.1" 200 1379 "http://whereshouldiski.com/" "Mozilla/5.0 (compatible; Googlebot/2.1; +http://www.google.com/bot.html)"
85.115.62.180 - - [10/Jan/2016:20:32:30 -0800] "GET /images/wsis-logo-sm.png HTTP/1.1" 200 6052 "http://www.thebackcountry.net/" "Mozilla/5.0 (Windows NT 6.3; WOW64) AppleWebKit/537.36 (KHTML, like Gecko) Chrome/47.0.2526.106 Safari/537.36"
180.76.15.20 - - [10/Jan/2016:20:35:49 -0800] "GET / HTTP/1.1" 200 6995 "-" "Mozilla/5.0 (compatible; Baiduspider/2.0; +http://www.baidu.com/search/spider.html)"
200.126.102.28 - - [10/Jan/2016:20:35:57 -0800] "GET /images/wsis-logo-sm.png HTTP/1.1" 200 6108 "http://www.thebackcountry.net/" "Mozilla/5.0 (Macintosh; Intel Mac OS X 10_10_3) AppleWebKit/537.36 (KHTML, like Gecko) Chrome/47.0.2526.106 Safari/537.36"
24.32.25.214 - - [10/Jan/2016:20:35:58 -0800] "GET /images/wsis-logo-sm.png HTTP/1.1" 200 6108 "http://www.thebackcountry.net/" "Mozilla/5.0 (iPad; CPU OS 9_1 like Mac OS X) AppleWebKit/601.1.46 (KHTML, like Gecko) Version/9.0 Mobile/13B143 Safari/601.1"
180.76.15.141 - - [10/Jan/2016:20:36:46 -0800] "GET / HTTP/1.1" 200 6995 "-" "Mozilla/5.0 (compatible; Baiduspider/2.0; +http://www.baidu.com/search/spider.html)"
66.249.75.59 - - [10/Jan/2016:20:37:05 -0800] "GET / HTTP/1.1" 200 2615 "-" "Mozilla/5.0 (compatible; Googlebot/2.1; +http://www.google.com/bot.html)"
66.249.75.50 - - [10/Jan/2016:20:37:11 -0800] "GET /lib/reccapi.php?resort=stevenspass&date=2016-01-09 HTTP/1.1" 200 992 "http://whereshouldiski.com/" "Mozilla/5.0 (compatible; Googlebot/2.1; +http://www.google.com/bot.html)"
66.249.75.41 - - [10/Jan/2016:20:37:12 -0800] "GET /lib/reccapi.php?fields=t&date=2016-01-09&coords=47.73%2C-121.09&size=7&sort=distance HTTP/1.1" 200 1383 "http://whereshouldiski.com/" "Mozilla/5.0 (compatible; Googlebot/2.1; +http://www.google.com/bot.html)"
66.249.75.41 - - [10/Jan/2016:20:37:12 -0800] "GET /lib/resortDataSearchD3.php?size=7&sortDate=T&resort=stevenspass&dateStart=2016-01-07 HTTP/1.1" 200 859 "http://whereshouldiski.com/" "Mozilla/5.0 (compatible; Googlebot/2.1; +http://www.google.com/bot.html)"
157.55.39.224 - - [10/Jan/2016:20:40:18 -0800] "GET /resorts?resort=chinapeak HTTP/1.1" 404 506 "-" "Mozilla/5.0 (compatible; bingbot/2.0; +http://www.bing.com/bingbot.htm)"
170.75.162.130 - - [10/Jan/2016:20:40:37 -0800] "GET /lib/reccapi.php?resort=devilshead HTTP/1.1" 200 968 "-" "node-superagent/1.4.0"
170.75.162.130 - - [10/Jan/2016:20:41:37 -0800] "GET /lib/reccapi.php?resort=alta HTTP/1.1" 200 1012 "-" "node-superagent/1.4.0"
170.75.162.130 - - [10/Jan/2016:20:42:07 -0800] "GET /lib/reccapi.php?resort=sierra-at-tahoe HTTP/1.1" 200 993 "-" "node-superagent/1.4.0"
123.125.71.73 - - [10/Jan/2016:20:42:38 -0800] "GET / HTTP/1.1" 200 2578 "-" "Mozilla/5.0 (compatible; Baiduspider/2.0; +http://www.baidu.com/search/spider.html)"
170.75.162.130 - - [10/Jan/2016:20:42:47 -0800] "GET /lib/reccapi.php?resort=jaypeak HTTP/1.1" 200 1047 "-" "node-superagent/1.4.0"
170.75.162.130 - - [10/Jan/2016:20:43:57 -0800] "GET /lib/reccapi.php?resort=mountspokane HTTP/1.1" 200 976 "-" "node-superagent/1.4.0"
170.75.162.130 - - [10/Jan/2016:20:45:18 -0800] "GET /lib/reccapi.php?resort=mammothmountain HTTP/1.1" 200 988 "-" "node-superagent/1.4.0"
170.75.162.130 - - [10/Jan/2016:20:45:18 -0800] "GET /lib/reccapi.php?resort=schweitzer HTTP/1.1" 200 949 "-" "node-superagent/1.4.0"
66.249.69.104 - - [10/Jan/2016:20:45:48 -0800] "GET /resorts?resort=mountspokane HTTP/1.1" 404 506 "-" "Mozilla/5.0 (compatible; Googlebot/2.1; +http://www.google.com/bot.html)"
66.249.75.41 - - [10/Jan/2016:20:45:53 -0800] "GET /resorts?resort=alta HTTP/1.1" 404 506 "-" "Mozilla/5.0 (compatible; Googlebot/2.1; +http://www.google.com/bot.html)"
66.249.75.41 - - [10/Jan/2016:20:45:53 -0800] "GET /resorts?resort=sierra-at-tahoe HTTP/1.1" 404 505 "-" "Mozilla/5.0 (compatible; Googlebot/2.1; +http://www.google.com/bot.html)"
66.249.75.41 - - [10/Jan/2016:20:45:57 -0800] "GET /resorts?resort=jaypeak HTTP/1.1" 404 506 "-" "Mozilla/5.0 (compatible; Googlebot/2.1; +http://www.google.com/bot.html)"
170.75.162.130 - - [10/Jan/2016:20:49:08 -0800] "GET /lib/reccapi.php?resort=steamboat HTTP/1.1" 200 986 "-" "node-superagent/1.4.0"
170.75.162.130 - - [10/Jan/2016:20:54:39 -0800] "GET /lib/reccapi.php?resort=heavenly HTTP/1.1" 200 980 "-" "node-superagent/1.4.0"
170.75.162.130 - - [10/Jan/2016:20:55:39 -0800] "GET /lib/reccapi.php?resort=kirkwood HTTP/1.1" 200 1048 "-" "node-superagent/1.4.0"
170.75.162.130 - - [10/Jan/2016:20:57:09 -0800] "GET /lib/reccapi.php?resort=arapahoebasin HTTP/1.1" 200 1047 "-" "node-superagent/1.4.0"
170.75.162.130 - - [10/Jan/2016:20:57:29 -0800] "GET /lib/reccapi.php?resort=alyeska HTTP/1.1" 200 1001 "-" "node-superagent/1.4.0"
170.75.162.130 - - [10/Jan/2016:20:57:29 -0800] "GET /lib/reccapi.php?resort=angelfire HTTP/1.1" 200 1024 "-" "node-superagent/1.4.0"
170.75.162.130 - - [10/Jan/2016:20:57:39 -0800] "GET /lib/reccapi.php?resort=49degreesnorth HTTP/1.1" 200 980 "-" "node-superagent/1.4.0"
170.75.162.130 - - [10/Jan/2016:20:57:39 -0800] "GET /lib/reccapi.php?resort=bigsky HTTP/1.1" 200 985 "-" "node-superagent/1.4.0"
170.75.162.130 - - [10/Jan/2016:20:57:49 -0800] "GET /lib/reccapi.php?resort=bigwhite HTTP/1.1" 200 913 "-" "node-superagent/1.4.0"
73.241.148.178 - - [10/Jan/2016:21:00:09 -0800] "GET /images/wsis-logo-sm.png HTTP/1.1" 200 6108 "http://www.thebackcountry.net/" "Mozilla/5.0 (Macintosh; Intel Mac OS X 10_9_5) AppleWebKit/537.36 (KHTML, like Gecko) Chrome/47.0.2526.106 Safari/537.36"
206.29.180.51 - - [10/Jan/2016:21:01:34 -0800] "GET /scripts/scripts/vendor/modernizr.js HTTP/1.1" 200 4903 "http://whereshouldiski.com/" "Mozilla/5.0 (Macintosh; Intel Mac OS X 10_10_5) AppleWebKit/600.8.9 (KHTML, like Gecko) WebClip/10601.3.4 Safari/10601.3.9"
206.29.180.51 - - [10/Jan/2016:21:01:34 -0800] "GET /bower_components/requirejs/require.js HTTP/1.1" 200 6702 "http://whereshouldiski.com/" "Mozilla/5.0 (Macintosh; Intel Mac OS X 10_10_5) AppleWebKit/600.8.9 (KHTML, like Gecko) WebClip/10601.3.4 Safari/10601.3.9"
206.29.180.51 - - [10/Jan/2016:21:01:34 -0800] "GET /images/logo-square-white-sm.png HTTP/1.1" 304 185 "http://whereshouldiski.com/" "Mozilla/5.0 (Macintosh; Intel Mac OS X 10_10_5) AppleWebKit/600.8.9 (KHTML, like Gecko) WebClip/10601.3.4 Safari/10601.3.9"
206.29.180.51 - - [10/Jan/2016:21:01:34 -0800] "GET /images/loading.gif HTTP/1.1" 304 186 "http://whereshouldiski.com/" "Mozilla/5.0 (Macintosh; Intel Mac OS X 10_10_5) AppleWebKit/600.8.9 (KHTML, like Gecko) WebClip/10601.3.4 Safari/10601.3.9"
206.29.180.51 - - [10/Jan/2016:21:01:34 -0800] "GET /scripts/fa48e319.main.js HTTP/1.1" 304 210 "http://whereshouldiski.com/" "Mozilla/5.0 (Macintosh; Intel Mac OS X 10_10_5) AppleWebKit/600.8.9 (KHTML, like Gecko) WebClip/10601.3.4 Safari/10601.3.9"
206.29.180.51 - - [10/Jan/2016:21:01:34 -0800] "GET /lib/reccapi.php?fields=t&powder=3&distance=100 HTTP/1.1" 200 349 "http://whereshouldiski.com/" "Mozilla/5.0 (Macintosh; Intel Mac OS X 10_10_5) AppleWebKit/600.8.9 (KHTML, like Gecko) WebClip/10601.3.4 Safari/10601.3.9"
170.75.162.130 - - [10/Jan/2016:21:02:20 -0800] "GET /lib/reccapi.php?resort=mtrose HTTP/1.1" 200 942 "-" "node-superagent/1.4.0"
66.249.75.41 - - [10/Jan/2016:21:03:11 -0800] "GET /lib/reccapi.php?resort=madriverglen&date=2015-12-31 HTTP/1.1" 200 1050 "http://whereshouldiski.com/" "Mozilla/5.0 (compatible; Googlebot/2.1; +http://www.google.com/bot.html)"
66.249.75.41 - - [10/Jan/2016:21:03:13 -0800] "GET /lib/reccapi.php?fields=t&date=2015-12-31&coords=44.2%2C-72.9244&size=7&sort=distance HTTP/1.1" 200 1377 "http://whereshouldiski.com/" "Mozilla/5.0 (compatible; Googlebot/2.1; +http://www.google.com/bot.html)"
142.54.168.138 - - [10/Jan/2016:21:09:35 -0800] "GET / HTTP/1.1" 200 6976 "-" "Mozilla/4.0 (compatible; MSIE 8.0; Windows NT 6.1; Trident/4.0; SLCC2; .NET CLR 2.0.50727; .NET CLR 3.5.30729; .NET CLR 3.0.30729; Media Center PC 6.0)"
24.121.146.251 - - [10/Jan/2016:21:21:29 -0800] "GET /images/wsis-logo-sm.png HTTP/1.1" 200 6108 "http://www.thebackcountry.net/" "Mozilla/5.0 (Windows NT 10.0; WOW64) AppleWebKit/537.36 (KHTML, like Gecko) Chrome/47.0.2526.106 Safari/537.36"
24.4.232.104 - - [10/Jan/2016:21:24:17 -0800] "GET /images/wsis-logo-sm.png HTTP/1.1" 200 6108 "http://thebackcountry.net/" "Mozilla/5.0 (iPhone; CPU iPhone OS 9_2 like Mac OS X) AppleWebKit/601.1 (KHTML, like Gecko) CriOS/47.0.2526.107 Mobile/13C75 Safari/601.1.46"
172.3.77.160 - - [10/Jan/2016:21:25:14 -0800] "GET /images/wsis-logo-sm.png HTTP/1.1" 200 6108 "http://www.thebackcountry.net/" "Mozilla/5.0 (Macintosh; Intel Mac OS X 10.10; rv:43.0) Gecko/20100101 Firefox/43.0"
52.33.40.213 - - [10/Jan/2016:21:25:31 -0800] "GET /lib/reccapi.php?resort=squawvalleyusa HTTP/1.1" 200 985 "-" "node-superagent/1.4.0"
52.33.40.213 - - [10/Jan/2016:21:26:31 -0800] "GET /lib/reccapi.php?resort=snowmass HTTP/1.1" 200 978 "-" "node-superagent/1.4.0"
50.141.110.240 - - [10/Jan/2016:21:31:25 -0800] "GET /resorts HTTP/1.1" 404 506 "-" "Mozilla/5.0 (Macintosh; Intel Mac OS X 10_10_2) AppleWebKit/600.3.18 (KHTML, like Gecko) Version/8.0.3 Safari/600.3.18"
50.141.110.240 - - [10/Jan/2016:21:31:26 -0800] "GET /favicon.ico HTTP/1.1" 200 4612 "http://whereshouldiski.com/resorts" "Mozilla/5.0 (Macintosh; Intel Mac OS X 10_10_2) AppleWebKit/600.3.18 (KHTML, like Gecko) Version/8.0.3 Safari/600.3.18"
50.141.110.240 - - [10/Jan/2016:21:31:26 -0800] "GET /resorts HTTP/1.1" 404 505 "-" "Mozilla/5.0 (iPhone; CPU iPhone OS 8_1 like Mac OS X) AppleWebKit/600.1.4 (KHTML, like Gecko) Version/8.0 Mobile/12B410 Safari/600.1.4"
50.141.110.240 - - [10/Jan/2016:21:31:26 -0800] "GET /apple-touch-icon-precomposed.png HTTP/1.1" 404 521 "-" "com.apple.WebKit.WebContent/10600.3.18 CFNetwork/720.2.4 Darwin/14.1.0 (x86_64)"
50.141.110.240 - - [10/Jan/2016:21:31:26 -0800] "GET /apple-touch-icon.png HTTP/1.1" 404 512 "-" "com.apple.WebKit.WebContent/10600.3.18 CFNetwork/720.2.4 Darwin/14.1.0 (x86_64)"
180.76.15.24 - - [10/Jan/2016:21:31:38 -0800] "GET / HTTP/1.1" 200 6995 "-" "Mozilla/5.0 (compatible; Baiduspider/2.0; +http://www.baidu.com/search/spider.html)"
180.76.15.20 - - [10/Jan/2016:21:32:24 -0800] "GET / HTTP/1.1" 200 6995 "-" "Mozilla/5.0 (compatible; Baiduspider/2.0; +http://www.baidu.com/search/spider.html)"
