170.75.162.130 - - [16/Apr/2015:16:40:05 -0700] "GET /lib/reccapi.php?resort=sundayriver HTTP/1.1" 200 947 "-" "node-superagent/0.18.2"
66.249.79.16 - - [16/Apr/2015:16:40:06 -0700] "GET /blog/11-2012-2013-powder-rating-visualization HTTP/1.1" 404 506 "-" "Mozilla/5.0 (compatible; Googlebot/2.1; +http://www.google.com/bot.html)"
24.180.42.102 - - [16/Apr/2015:16:42:51 -0700] "GET /images/wsis-logo-sm.png HTTP/1.1" 200 6108 "http://www.thebackcountry.net/" "Mozilla/5.0 (Windows NT 6.3; WOW64; Trident/7.0; rv:11.0) like Gecko"
24.180.42.102 - - [16/Apr/2015:16:43:13 -0700] "-" 408 0 "-" "-"
216.24.133.55 - - [16/Apr/2015:16:46:22 -0700] "GET /images/wsis-logo-sm.png HTTP/1.1" 200 6052 "http://www.thebackcountry.net/" "Mozilla/5.0 (Windows NT 6.1) AppleWebKit/537.36 (KHTML, like Gecko) Chrome/41.0.2272.118 Safari/537.36"
170.75.162.130 - - [16/Apr/2015:16:48:16 -0700] "GET /lib/reccapi.php?resort=mountbachelor HTTP/1.1" 200 1001 "-" "node-superagent/0.18.2"
123.125.71.89 - - [16/Apr/2015:16:52:14 -0700] "-" 408 0 "-" "-"
220.181.108.139 - - [16/Apr/2015:16:56:28 -0700] "-" 408 0 "-" "-"
71.94.12.10 - - [16/Apr/2015:17:02:09 -0700] "GET /images/wsis-logo-sm.png HTTP/1.1" 200 6108 "http://www.thebackcountry.net/" "Mozilla/5.0 (Windows NT 6.1; WOW64; Trident/7.0; rv:11.0) like Gecko"
71.94.12.10 - - [16/Apr/2015:17:02:31 -0700] "-" 408 0 "-" "-"
71.94.12.10 - - [16/Apr/2015:17:03:45 -0700] "-" 408 0 "-" "-"
180.76.6.133 - - [16/Apr/2015:17:04:10 -0700] "GET / HTTP/1.1" 200 2339 "-" "Mozilla/5.0 (compatible; Baiduspider/2.0; +http://www.baidu.com/search/spider.html)"
170.75.162.130 - - [16/Apr/2015:17:04:37 -0700] "GET /lib/reccapi.php?resort=squawvalleyusa HTTP/1.1" 200 969 "-" "node-superagent/0.18.2"
170.75.162.130 - - [16/Apr/2015:17:05:38 -0700] "GET /lib/reccapi.php?resort=mounthoodmeadows HTTP/1.1" 200 989 "-" "node-superagent/0.18.2"
178.255.215.81 - - [16/Apr/2015:17:07:54 -0700] "GET /robots.txt HTTP/1.1" 200 382 "-" "Mozilla/5.0 (compatible; Exabot/3.0; +http://www.exabot.com/go/robot)"
178.255.215.81 - - [16/Apr/2015:17:07:54 -0700] "GET /resorts?resort=whitewater HTTP/1.1" 404 469 "-" "Mozilla/5.0 (compatible; Exabot/3.0; +http://www.exabot.com/go/robot)"
110.33.69.70 - - [16/Apr/2015:17:10:47 -0700] "GET /images/wsis-logo-sm.png HTTP/1.1" 200 6108 "http://www.thebackcountry.net/" "Mozilla/5.0 (Windows NT 6.3; WOW64) AppleWebKit/537.36 (KHTML, like Gecko) Chrome/42.0.2311.90 Safari/537.36"
170.75.162.130 - - [16/Apr/2015:17:23:29 -0700] "GET /lib/reccapi.php?resort=mammothmountain HTTP/1.1" 200 980 "-" "node-superagent/0.18.2"
170.75.162.130 - - [16/Apr/2015:17:23:29 -0700] "GET /lib/reccapi.php?resort=northstar-at-tahoe HTTP/1.1" 200 957 "-" "node-superagent/0.18.2"
170.75.162.130 - - [16/Apr/2015:17:23:29 -0700] "GET /lib/reccapi.php?resort=chinapeak HTTP/1.1" 200 987 "-" "node-superagent/0.18.2"
170.75.162.130 - - [16/Apr/2015:17:23:29 -0700] "GET /lib/reccapi.php?resort=sierra-at-tahoe HTTP/1.1" 200 953 "-" "node-superagent/0.18.2"
170.75.162.130 - - [16/Apr/2015:17:23:29 -0700] "GET /lib/reccapi.php?resort=sugarbowl HTTP/1.1" 200 948 "-" "node-superagent/0.18.2"
170.75.162.130 - - [16/Apr/2015:17:23:29 -0700] "GET /lib/reccapi.php?resort=kirkwood HTTP/1.1" 200 975 "-" "node-superagent/0.18.2"
170.75.162.130 - - [16/Apr/2015:17:23:29 -0700] "GET /lib/reccapi.php?resort=mountainhigh HTTP/1.1" 200 1018 "-" "node-superagent/0.18.2"
24.180.42.102 - - [16/Apr/2015:17:23:43 -0700] "-" 408 0 "-" "-"
69.198.225.226 - - [16/Apr/2015:17:24:28 -0700] "GET /images/wsis-logo-sm.png HTTP/1.1" 200 6108 "http://www.thebackcountry.net/" "Mozilla/5.0 (Windows NT 6.1; WOW64) AppleWebKit/537.36 (KHTML, like Gecko) Chrome/42.0.2311.90 Safari/537.36"
96.38.185.252 - - [16/Apr/2015:17:34:42 -0700] "GET /images/wsis-logo-sm.png HTTP/1.1" 200 6108 "http://www.thebackcountry.net/" "Mozilla/5.0 (iPhone; CPU iPhone OS 8_3 like Mac OS X) AppleWebKit/600.1.4 (KHTML, like Gecko) Version/8.0 Mobile/12F70 Safari/600.1.4"
170.75.162.130 - - [16/Apr/2015:17:35:50 -0700] "GET /lib/reccapi.php?resort=alyeska HTTP/1.1" 200 1026 "-" "node-superagent/0.18.2"
177.40.77.107 - - [16/Apr/2015:17:37:36 -0700] "GET /images/wsis-logo-sm.png HTTP/1.1" 200 6108 "http://thebackcountry.net/" "Mozilla/5.0 (Windows NT 6.1; WOW64) AppleWebKit/537.36 (KHTML, like Gecko) Chrome/36.0.1985.143 Safari/537.36"
170.75.162.130 - - [16/Apr/2015:17:39:20 -0700] "GET /lib/reccapi.php?resort=49degreesnorth HTTP/1.1" 200 1000 "-" "node-superagent/0.18.2"
170.75.162.130 - - [16/Apr/2015:17:39:20 -0700] "GET /lib/reccapi.php?resort=stevenspass HTTP/1.1" 200 997 "-" "node-superagent/0.18.2"
180.76.4.34 - - [16/Apr/2015:17:51:51 -0700] "GET / HTTP/1.1" 200 6114 "-" "Mozilla/4.0 (compatible; MSIE 7.0; Windows NT 6.0)"
170.75.162.130 - - [16/Apr/2015:17:53:31 -0700] "GET /lib/reccapi.php?resort=whistlerblackcomb HTTP/1.1" 200 935 "-" "node-superagent/0.18.2"
123.125.71.24 - - [16/Apr/2015:17:59:02 -0700] "-" 408 0 "-" "-"
170.75.162.130 - - [16/Apr/2015:17:59:32 -0700] "GET /lib/reccapi.php?resort=redmountain HTTP/1.1" 200 907 "-" "node-superagent/0.18.2"
180.76.6.134 - - [16/Apr/2015:18:01:54 -0700] "GET /robots.txt HTTP/1.1" 200 382 "-" "Mozilla/5.0 (Windows NT 5.1; rv:6.0.2) Gecko/20100101 Firefox/6.0.2"
180.76.6.57 - - [16/Apr/2015:18:04:30 -0700] "GET /viz/2012-2013-viz.php HTTP/1.1" 404 469 "-" "Mozilla/5.0 (compatible; Baiduspider/2.0; +http://www.baidu.com/search/spider.html)"
220.181.108.157 - - [16/Apr/2015:18:04:30 -0700] "GET / HTTP/1.1" 200 2339 "-" "Mozilla/5.0 (Windows NT 5.1; rv:6.0.2) Gecko/20100101 Firefox/6.0.2"
220.181.108.143 - - [16/Apr/2015:18:05:19 -0700] "-" 408 0 "-" "-"
107.77.75.51 - - [16/Apr/2015:18:24:35 -0700] "GET /images/wsis-logo-sm.png HTTP/1.1" 200 6108 "http://www.thebackcountry.net/" "Mozilla/5.0 (iPhone; CPU iPhone OS 8_3 like Mac OS X) AppleWebKit/600.1.4 (KHTML, like Gecko) Version/8.0 Mobile/12F70 Safari/600.1.4"
170.75.162.130 - - [16/Apr/2015:18:26:44 -0700] "GET /lib/reccapi.php?resort=aspenheights HTTP/1.1" 200 1089 "-" "node-superagent/0.18.2"
66.249.79.31 - - [16/Apr/2015:18:31:11 -0700] "GET /robots.txt HTTP/1.1" 200 419 "-" "Mozilla/5.0 (compatible; Googlebot/2.1; +http://www.google.com/bot.html)"
66.249.79.39 - - [16/Apr/2015:18:31:11 -0700] "GET / HTTP/1.1" 200 2376 "-" "Mozilla/5.0 (compatible; Googlebot/2.1; +http://www.google.com/bot.html)"
66.249.79.39 - - [16/Apr/2015:18:31:11 -0700] "GET /robots.txt HTTP/1.1" 200 418 "-" "Mozilla/5.0 (compatible; Googlebot/2.1; +http://www.google.com/bot.html)"
68.180.228.182 - - [16/Apr/2015:18:33:08 -0700] "GET /resorts?resort=skisantafe&date=2014-10-04 HTTP/1.1" 404 450 "-" "Mozilla/5.0 (compatible; Yahoo! Slurp; http://help.yahoo.com/help/us/ysearch/slurp)"
170.75.162.130 - - [16/Apr/2015:18:35:55 -0700] "GET /lib/reccapi.php?resort=whitefacemountain HTTP/1.1" 200 958 "-" "node-superagent/0.18.2"
170.75.162.130 - - [16/Apr/2015:18:43:05 -0700] "GET /lib/reccapi.php?resort=hoodoo HTTP/1.1" 200 955 "-" "node-superagent/0.18.2"
170.75.162.130 - - [16/Apr/2015:18:43:45 -0700] "GET /lib/reccapi.php?resort=aspenmountain HTTP/1.1" 200 1101 "-" "node-superagent/0.18.2"
67.2.100.115 - - [16/Apr/2015:18:53:06 -0700] "GET /images/wsis-logo-sm.png HTTP/1.1" 200 6108 "http://www.thebackcountry.net/" "Mozilla/5.0 (Windows NT 6.3; WOW64) AppleWebKit/537.36 (KHTML, like Gecko) Chrome/41.0.2272.118 Safari/537.36"
66.249.79.160 - - [16/Apr/2015:19:03:19 -0700] "GET / HTTP/1.1" 200 2376 "-" "Mozilla/5.0 (iPhone; CPU iPhone OS 6_0 like Mac OS X) AppleWebKit/536.26 (KHTML, like Gecko) Version/6.0 Mobile/10A5376e Safari/8536.25 (compatible; Googlebot/2.1; +http://www.google.com/bot.html)"
66.249.79.39 - - [16/Apr/2015:19:04:29 -0700] "GET / HTTP/1.1" 200 2376 "-" "Mozilla/5.0 (iPhone; CPU iPhone OS 6_0 like Mac OS X) AppleWebKit/536.26 (KHTML, like Gecko) Version/6.0 Mobile/10A5376e Safari/8536.25 (compatible; Googlebot/2.1; +http://www.google.com/bot.html)"
123.125.71.96 - - [16/Apr/2015:19:04:37 -0700] "GET / HTTP/1.1" 200 2339 "-" "Mozilla/5.0 (Windows NT 5.1; rv:6.0.2) Gecko/20100101 Firefox/6.0.2"
123.125.71.82 - - [16/Apr/2015:19:05:10 -0700] "GET / HTTP/1.1" 200 6114 "-" "Mozilla/5.0 (Windows NT 5.1; rv:6.0.2) Gecko/20100101 Firefox/6.0.2"
220.181.108.179 - - [16/Apr/2015:19:09:15 -0700] "GET / HTTP/1.1" 200 2339 "-" "Mozilla/5.0 (Windows NT 5.1; rv:6.0.2) Gecko/20100101 Firefox/6.0.2"
220.181.108.172 - - [16/Apr/2015:19:09:59 -0700] "-" 408 0 "-" "-"
170.75.162.130 - - [16/Apr/2015:19:10:08 -0700] "GET /lib/reccapi.php?resort=smugglersnotch HTTP/1.1" 200 960 "-" "node-superagent/0.18.2"
170.75.162.130 - - [16/Apr/2015:19:15:18 -0700] "GET /lib/reccapi.php?resort=grandtarghee HTTP/1.1" 200 992 "-" "node-superagent/0.18.2"
170.75.162.130 - - [16/Apr/2015:19:15:18 -0700] "GET /lib/reccapi.php?resort=stowe HTTP/1.1" 200 932 "-" "node-superagent/0.18.2"
170.75.162.130 - - [16/Apr/2015:19:15:58 -0700] "GET /lib/reccapi.php?resort=taos HTTP/1.1" 200 1057 "-" "node-superagent/0.18.2"
170.75.162.130 - - [16/Apr/2015:19:18:28 -0700] "GET /lib/reccapi.php?resort=snowbird HTTP/1.1" 200 1085 "-" "node-superagent/0.18.2"
70.197.20.41 - - [16/Apr/2015:19:18:37 -0700] "GET /images/wsis-logo-sm.png HTTP/1.1" 200 6108 "http://www.thebackcountry.net/" "Mozilla/5.0 (iPhone; CPU iPhone OS 8_3 like Mac OS X) AppleWebKit/600.1.4 (KHTML, like Gecko) Version/8.0 Mobile/12F70 Safari/600.1.4"
75.111.99.4 - - [16/Apr/2015:19:19:10 -0700] "GET /images/wsis-logo-sm.png HTTP/1.1" 200 6108 "http://thebackcountry.net/" "Mozilla/5.0 (iPad; CPU OS 8_2 like Mac OS X) AppleWebKit/600.1.4 (KHTML, like Gecko) Version/8.0 Mobile/12D508 Safari/600.1.4"
66.249.79.39 - - [16/Apr/2015:19:20:12 -0700] "GET /resorts?resort=bridgerbowl&date=2013-06-14 HTTP/1.1" 404 509 "-" "Mozilla/5.0 (iPhone; CPU iPhone OS 6_0 like Mac OS X) AppleWebKit/536.26 (KHTML, like Gecko) Version/6.0 Mobile/10A5376e Safari/8536.25 (compatible; Googlebot/2.1; +http://www.google.com/bot.html)"
24.10.117.99 - - [16/Apr/2015:19:21:21 -0700] "GET /images/wsis-logo-sm.png HTTP/1.1" 200 6108 "http://www.thebackcountry.net/" "Mozilla/5.0 (iPhone; CPU iPhone OS 8_3 like Mac OS X) AppleWebKit/600.1.4 (KHTML, like Gecko) Version/8.0 Mobile/12F70 Safari/600.1.4"
75.111.99.4 - - [16/Apr/2015:19:21:55 -0700] "GET /images/wsis-logo-sm.png HTTP/1.1" 200 6108 "http://thebackcountry.net/" "Mozilla/5.0 (iPad; CPU OS 8_2 like Mac OS X) AppleWebKit/600.1.4 (KHTML, like Gecko) Version/8.0 Mobile/12D508 Safari/600.1.4"
66.249.79.39 - - [16/Apr/2015:19:29:10 -0700] "GET / HTTP/1.1" 200 2376 "-" "Mozilla/5.0 (compatible; Googlebot/2.1; +http://www.google.com/bot.html)"
170.75.162.130 - - [16/Apr/2015:19:35:20 -0700] "GET /lib/reccapi.php?resort=killington HTTP/1.1" 200 951 "-" "node-superagent/0.18.2"
170.75.162.130 - - [16/Apr/2015:19:45:31 -0700] "GET /lib/reccapi.php?resort=alpinemeadows HTTP/1.1" 200 979 "-" "node-superagent/0.18.2"
170.75.162.130 - - [16/Apr/2015:19:45:31 -0700] "GET /lib/reccapi.php?resort=diamondpeak HTTP/1.1" 200 934 "-" "node-superagent/0.18.2"
170.75.162.130 - - [16/Apr/2015:19:45:31 -0700] "GET /lib/reccapi.php?resort=heavenly HTTP/1.1" 200 970 "-" "node-superagent/0.18.2"
170.75.162.130 - - [16/Apr/2015:19:45:31 -0700] "GET /lib/reccapi.php?resort=homewoodmountain HTTP/1.1" 200 988 "-" "node-superagent/0.18.2"
170.75.162.130 - - [16/Apr/2015:19:45:31 -0700] "GET /lib/reccapi.php?resort=mtrose HTTP/1.1" 200 956 "-" "node-superagent/0.18.2"
170.75.162.130 - - [16/Apr/2015:19:46:41 -0700] "GET /lib/reccapi.php?resort=devilshead HTTP/1.1" 200 946 "-" "node-superagent/0.18.2"
123.125.71.48 - - [16/Apr/2015:19:46:55 -0700] "-" 408 0 "-" "-"
220.181.108.96 - - [16/Apr/2015:19:49:12 -0700] "-" 408 0 "-" "-"
71.140.31.214 - - [16/Apr/2015:19:57:00 -0700] "GET /images/wsis-logo-sm.png HTTP/1.1" 200 6108 "http://thebackcountry.net/" "Mozilla/4.0 (compatible; MSIE 8.0; Windows NT 5.1; Trident/4.0; .NET CLR 2.0.50727; .NET CLR 3.0.4506.2152; .NET CLR 3.5.30729; 786908940603; Build/14.08001)"
71.140.31.214 - - [16/Apr/2015:19:59:38 -0700] "GET /images/wsis-logo-sm.png HTTP/1.1" 304 187 "http://thebackcountry.net/" "Mozilla/4.0 (compatible; MSIE 8.0; Windows NT 5.1; Trident/4.0; .NET CLR 2.0.50727; .NET CLR 3.0.4506.2152; .NET CLR 3.5.30729; 786908940603; Build/14.08001)"
180.76.4.60 - - [16/Apr/2015:20:01:07 -0700] "GET / HTTP/1.1" 200 6114 "-" "Mozilla/4.0 (compatible; MSIE 7.0; Windows NT 6.0)"
170.75.162.130 - - [16/Apr/2015:20:01:52 -0700] "GET /lib/reccapi.php?resort=cannonmountain HTTP/1.1" 200 958 "-" "node-superagent/0.18.2"
170.75.162.130 - - [16/Apr/2015:20:01:53 -0700] "GET /lib/reccapi.php?resort=jaypeak HTTP/1.1" 200 970 "-" "node-superagent/0.18.2"
170.75.162.130 - - [16/Apr/2015:20:01:53 -0700] "GET /lib/reccapi.php?resort=madriverglen HTTP/1.1" 200 952 "-" "node-superagent/0.18.2"
170.75.162.130 - - [16/Apr/2015:20:01:53 -0700] "GET /lib/reccapi.php?resort=sugarloaf HTTP/1.1" 200 949 "-" "node-superagent/0.18.2"
170.75.162.130 - - [16/Apr/2015:20:01:53 -0700] "GET /lib/reccapi.php?resort=sugarbush HTTP/1.1" 200 953 "-" "node-superagent/0.18.2"
170.75.162.130 - - [16/Apr/2015:20:01:53 -0700] "GET /lib/reccapi.php?resort=wildcatmountain HTTP/1.1" 200 960 "-" "node-superagent/0.18.2"
170.75.162.130 - - [16/Apr/2015:20:05:22 -0700] "GET /lib/reccapi.php?resort=jacksonhole HTTP/1.1" 200 990 "-" "node-superagent/0.18.2"
208.115.111.66 - - [16/Apr/2015:20:06:18 -0700] "GET /robots.txt HTTP/1.1" 200 319 "-" "Mozilla/5.0 (compatible; DotBot/1.1; http://www.opensiteexplorer.org/dotbot, help@moz.com)"
203.1.252.6 - - [16/Apr/2015:20:10:49 -0700] "GET /images/wsis-logo-sm.png HTTP/1.1" 200 6108 "http://www.thebackcountry.net/" "Mozilla/5.0 (compatible; MSIE 10.0; Windows NT 6.1; WOW64; Trident/6.0)"
66.249.79.16 - - [16/Apr/2015:20:29:47 -0700] "GET / HTTP/1.1" 200 2376 "-" "Mozilla/5.0 (compatible; Googlebot/2.1; +http://www.google.com/bot.html)"
68.180.228.182 - - [16/Apr/2015:20:44:14 -0700] "GET /resorts?resort=bearvalleymountain&date=2014-10-12 HTTP/1.1" 404 450 "-" "Mozilla/5.0 (compatible; Yahoo! Slurp; http://help.yahoo.com/help/us/ysearch/slurp)"
123.125.71.89 - - [16/Apr/2015:20:47:46 -0700] "-" 408 0 "-" "-"
220.181.108.94 - - [16/Apr/2015:20:51:41 -0700] "-" 408 0 "-" "-"
61.240.144.67 - - [16/Apr/2015:20:54:30 -0700] "GET / HTTP/1.0" 200 3300 "-" "masscan/1.0 (https://github.com/robertdavidgraham/masscan)"
170.75.162.130 - - [16/Apr/2015:21:04:08 -0700] "GET /lib/reccapi.php?resort=redlodge HTTP/1.1" 200 1064 "-" "node-superagent/0.18.2"
170.75.162.130 - - [16/Apr/2015:21:04:08 -0700] "GET /lib/reccapi.php?resort=bigsky HTTP/1.1" 200 969 "-" "node-superagent/0.18.2"
70.193.102.232 - - [16/Apr/2015:21:08:42 -0700] "GET /images/wsis-logo-sm.png HTTP/1.1" 200 6108 "http://www.thebackcountry.net/" "Mozilla/5.0 (iPad; CPU OS 8_1_3 like Mac OS X) AppleWebKit/600.1.4 (KHTML, like Gecko) Version/8.0 Mobile/12B466 Safari/600.1.4"
170.75.162.130 - - [16/Apr/2015:21:18:19 -0700] "GET /lib/reccapi.php?resort=keystone HTTP/1.1" 200 1044 "-" "node-superagent/0.18.2"
66.249.79.8 - - [16/Apr/2015:21:21:22 -0700] "GET / HTTP/1.1" 200 2376 "-" "Mozilla/5.0 (compatible; Googlebot/2.1; +http://www.google.com/bot.html)"
170.75.162.130 - - [16/Apr/2015:21:21:29 -0700] "GET /lib/reccapi.php?resort=buttermilk HTTP/1.1" 200 1086 "-" "node-superagent/0.18.2"
208.115.111.66 - - [16/Apr/2015:21:22:56 -0700] "GET /resorts?resort=heavenly HTTP/1.1" 404 476 "-" "Mozilla/5.0 (compatible; DotBot/1.1; http://www.opensiteexplorer.org/dotbot, help@moz.com)"
180.76.5.189 - - [16/Apr/2015:21:23:06 -0700] "GET /about HTTP/1.1" 404 472 "-" "Mozilla/5.0 (compatible; Baiduspider/2.0; +http://www.baidu.com/search/spider.html)"
170.75.162.130 - - [16/Apr/2015:21:47:51 -0700] "GET /lib/reccapi.php?resort=arapahoebasin HTTP/1.1" 200 1058 "-" "node-superagent/0.18.2"
170.75.162.130 - - [16/Apr/2015:21:47:51 -0700] "GET /lib/reccapi.php?resort=canyons HTTP/1.1" 200 1068 "-" "node-superagent/0.18.2"
170.75.162.130 - - [16/Apr/2015:21:47:52 -0700] "GET /lib/reccapi.php?resort=kirkwood HTTP/1.1" 200 975 "-" "node-superagent/0.18.2"
170.75.162.130 - - [16/Apr/2015:21:47:52 -0700] "GET /lib/reccapi.php?resort=northstar-at-tahoe HTTP/1.1" 200 958 "-" "node-superagent/0.18.2"
220.181.108.96 - - [16/Apr/2015:21:54:46 -0700] "GET / HTTP/1.1" 200 2339 "-" "Mozilla/5.0 (Windows NT 5.1; rv:6.0.2) Gecko/20100101 Firefox/6.0.2"
220.181.108.86 - - [16/Apr/2015:21:55:39 -0700] "GET / HTTP/1.1" 200 6114 "-" "Mozilla/5.0 (Windows NT 5.1; rv:6.0.2) Gecko/20100101 Firefox/6.0.2"
170.75.162.130 - - [16/Apr/2015:21:56:42 -0700] "GET /lib/reccapi.php?resort=crestedbutte HTTP/1.1" 200 1054 "-" "node-superagent/0.18.2"
180.76.4.251 - - [16/Apr/2015:22:01:49 -0700] "GET / HTTP/1.1" 200 6114 "-" "Mozilla/4.0 (compatible; MSIE 7.0; Windows NT 6.0)"
208.115.113.83 - - [16/Apr/2015:22:08:56 -0700] "GET /robots.txt HTTP/1.1" 200 319 "-" "Mozilla/5.0 (compatible; DotBot/1.1; http://www.opensiteexplorer.org/dotbot, help@moz.com)"
216.52.242.14 - - [16/Apr/2015:22:14:32 -0700] "GET /images/viz-screenshot.png HTTP/1.1" 404 480 "-" "LinkedInBot/1.0 (compatible; Mozilla/5.0; Jakarta Commons-HttpClient/4.3 +http://www.linkedin.com)"
199.21.99.216 - - [16/Apr/2015:22:15:37 -0700] "GET /robots.txt HTTP/1.1" 200 375 "-" "Mozilla/5.0 (compatible; YandexBot/3.0; +http://yandex.com/bots)"
100.43.91.4 - - [16/Apr/2015:22:15:37 -0700] "GET /robots.txt HTTP/1.1" 200 375 "-" "Mozilla/5.0 (compatible; YandexBot/3.0; +http://yandex.com/bots)"
100.43.91.4 - - [16/Apr/2015:22:15:38 -0700] "GET /robots.txt HTTP/1.1" 200 375 "-" "Mozilla/5.0 (compatible; YandexBot/3.0; +http://yandex.com/bots)"
100.43.91.4 - - [16/Apr/2015:22:15:39 -0700] "GET / HTTP/1.1" 200 2375 "-" "Mozilla/5.0 (compatible; YandexBot/3.0; +http://yandex.com/bots)"
100.43.91.4 - - [16/Apr/2015:22:15:39 -0700] "GET / HTTP/1.1" 200 2375 "-" "Mozilla/5.0 (compatible; YandexBot/3.0; +http://yandex.com/bots)"
199.21.99.216 - - [16/Apr/2015:22:15:40 -0700] "GET / HTTP/1.1" 200 2375 "-" "Mozilla/5.0 (compatible; YandexBot/3.0; +http://yandex.com/bots)"
100.43.91.4 - - [16/Apr/2015:22:15:43 -0700] "GET / HTTP/1.1" 200 2375 "-" "Mozilla/5.0 (compatible; YandexBot/3.0; +http://yandex.com/bots)"
199.21.99.216 - - [16/Apr/2015:22:15:43 -0700] "GET / HTTP/1.1" 200 2375 "-" "Mozilla/5.0 (compatible; YandexBot/3.0; +http://yandex.com/bots)"
100.43.91.4 - - [16/Apr/2015:22:15:43 -0700] "GET / HTTP/1.1" 200 2375 "-" "Mozilla/5.0 (compatible; YandexBot/3.0; +http://yandex.com/bots)"
66.249.79.160 - - [16/Apr/2015:22:18:20 -0700] "GET / HTTP/1.1" 200 2376 "-" "Mozilla/5.0 (compatible; Googlebot/2.1; +http://www.google.com/bot.html)"
68.180.228.182 - - [16/Apr/2015:22:28:00 -0700] "GET /robots.txt HTTP/1.1" 304 152 "-" "Mozilla/5.0 (compatible; Yahoo! Slurp; http://help.yahoo.com/help/us/ysearch/slurp)"
68.180.228.182 - - [16/Apr/2015:22:28:00 -0700] "GET /resorts?resort=sunpeaksresort&date=2014-11-12 HTTP/1.1" 404 450 "-" "Mozilla/5.0 (compatible; Yahoo! Slurp; http://help.yahoo.com/help/us/ysearch/slurp)"
66.249.79.8 - - [16/Apr/2015:22:38:29 -0700] "GET /viz/2012-2013-viz.php HTTP/1.1" 404 506 "-" "Mozilla/5.0 (compatible; Googlebot/2.1; +http://www.google.com/bot.html)"
108.78.248.67 - - [16/Apr/2015:22:39:17 -0700] "GET /images/wsis-logo-sm.png HTTP/1.1" 200 6108 "http://www.thebackcountry.net/" "Mozilla/5.0 (Macintosh; Intel Mac OS X 10.9; rv:35.0) Gecko/20100101 Firefox/35.0"
66.249.79.10 - - [16/Apr/2015:23:05:08 -0700] "GET /resorts?resort=snoqualmie-alpental&date=2013-01-16 HTTP/1.1" 404 509 "-" "Mozilla/5.0 (iPhone; CPU iPhone OS 6_0 like Mac OS X) AppleWebKit/536.26 (KHTML, like Gecko) Version/6.0 Mobile/10A5376e Safari/8536.25 (compatible; Googlebot/2.1; +http://www.google.com/bot.html)"
121.54.174.80 - - [16/Apr/2015:23:07:24 -0700] "HEAD /fckeditor/editor/filemanager/connectors/aspx/upload.aspx HTTP/1.1" 404 219 "-" "-"
121.54.174.80 - - [16/Apr/2015:23:07:24 -0700] "HEAD /fckeditor/editor/filemanager/connectors/asp/upload.asp HTTP/1.1" 404 163 "-" "-"
121.54.174.80 - - [16/Apr/2015:23:07:25 -0700] "HEAD /fckeditor/editor/filemanager/connectors/php/upload.php HTTP/1.1" 404 163 "-" "-"
121.54.174.80 - - [16/Apr/2015:23:07:25 -0700] "HEAD /fckeditor/editor/filemanager/upload/aspx/upload.aspx HTTP/1.1" 404 163 "-" "-"
121.54.174.80 - - [16/Apr/2015:23:07:27 -0700] "HEAD /fckeditor/editor/filemanager/upload/asp/upload.asp HTTP/1.1" 404 163 "-" "-"
121.54.174.80 - - [16/Apr/2015:23:07:27 -0700] "HEAD /fckeditor/editor/filemanager/upload/php/upload.php HTTP/1.1" 404 163 "-" "-"
121.54.174.80 - - [16/Apr/2015:23:07:27 -0700] "HEAD /fckeditor/editor/filemanager/connectors/aspx/connector.aspx HTTP/1.1" 404 163 "-" "-"
121.54.174.80 - - [16/Apr/2015:23:07:27 -0700] "HEAD /fckeditor/editor/filemanager/connectors/asp/connector.asp HTTP/1.1" 404 163 "-" "-"
121.54.174.80 - - [16/Apr/2015:23:07:27 -0700] "HEAD /fckeditor/editor/filemanager/connectors/php/connector.php HTTP/1.1" 404 163 "-" "-"
121.54.174.80 - - [16/Apr/2015:23:07:28 -0700] "HEAD /fckeditor/editor/filemanager/browser/default/connectors/asp/connector.asp HTTP/1.1" 404 163 "-" "-"
121.54.174.80 - - [16/Apr/2015:23:07:28 -0700] "HEAD /fckeditor/editor/filemanager/browser/default/connectors/php/connector.php HTTP/1.1" 404 163 "-" "-"
121.54.174.80 - - [16/Apr/2015:23:07:28 -0700] "HEAD /fckeditor/editor/filemanager/browser/default/connectors/aspx/connector.aspx HTTP/1.1" 404 163 "-" "-"
121.54.174.80 - - [16/Apr/2015:23:07:28 -0700] "HEAD /includes/fckeditor/editor/filemanager/browser/default/connectors/aspx/connector.aspx HTTP/1.1" 404 163 "-" "-"
121.54.174.80 - - [16/Apr/2015:23:07:28 -0700] "HEAD /includes/fckeditor/editor/filemanager/connectors/aspx/upload.aspx HTTP/1.1" 404 163 "-" "-"
121.54.174.80 - - [16/Apr/2015:23:07:29 -0700] "HEAD /includes/fckeditor/editor/filemanager/connectors/asp/upload.asp HTTP/1.1" 404 163 "-" "-"
121.54.174.80 - - [16/Apr/2015:23:07:29 -0700] "HEAD /includes/fckeditor/editor/filemanager/connectors/php/upload.php HTTP/1.1" 404 163 "-" "-"
121.54.174.80 - - [16/Apr/2015:23:07:29 -0700] "HEAD /includes/fckeditor/editor/filemanager/upload/aspx/upload.aspx HTTP/1.1" 404 163 "-" "-"
121.54.174.80 - - [16/Apr/2015:23:07:29 -0700] "HEAD /includes/fckeditor/editor/filemanager/upload/asp/upload.asp HTTP/1.1" 404 163 "-" "-"
121.54.174.80 - - [16/Apr/2015:23:07:29 -0700] "HEAD /includes/fckeditor/editor/filemanager/upload/php/upload.php HTTP/1.1" 404 163 "-" "-"
121.54.174.80 - - [16/Apr/2015:23:07:30 -0700] "HEAD /includes/fckeditor/editor/filemanager/connectors/aspx/connector.aspx HTTP/1.1" 404 163 "-" "-"
121.54.174.80 - - [16/Apr/2015:23:07:30 -0700] "HEAD /includes/fckeditor/editor/filemanager/connectors/asp/connector.asp HTTP/1.1" 404 163 "-" "-"
121.54.174.80 - - [16/Apr/2015:23:07:30 -0700] "HEAD /includes/fckeditor/editor/filemanager/connectors/php/connector.php HTTP/1.1" 404 163 "-" "-"
121.54.174.80 - - [16/Apr/2015:23:07:30 -0700] "HEAD /includes/fckeditor/editor/filemanager/browser/default/connectors/asp/connector.asp HTTP/1.1" 404 163 "-" "-"
121.54.174.80 - - [16/Apr/2015:23:07:30 -0700] "HEAD /includes/fckeditor/editor/filemanager/browser/default/connectors/php/connector.php HTTP/1.1" 404 163 "-" "-"
121.54.174.80 - - [16/Apr/2015:23:07:31 -0700] "HEAD /admin/fckeditor/editor/filemanager/browser/default/connectors/aspx/connector.aspx HTTP/1.1" 404 163 "-" "-"
121.54.174.80 - - [16/Apr/2015:23:07:31 -0700] "HEAD /admin/fckeditor/editor/filemanager/browser/default/connectors/asp/connector.asp HTTP/1.1" 404 163 "-" "-"
121.54.174.80 - - [16/Apr/2015:23:07:31 -0700] "HEAD /admin/fckeditor/editor/filemanager/browser/default/connectors/php/connector.php HTTP/1.1" 404 163 "-" "-"
121.54.174.80 - - [16/Apr/2015:23:07:31 -0700] "HEAD /admin/fckeditor/editor/filemanager/connectors/aspx/connector.aspx HTTP/1.1" 404 163 "-" "-"
121.54.174.80 - - [16/Apr/2015:23:07:31 -0700] "HEAD /admin/fckeditor/editor/filemanager/connectors/asp/connector.asp HTTP/1.1" 404 163 "-" "-"
121.54.174.80 - - [16/Apr/2015:23:07:32 -0700] "HEAD /admin/fckeditor/editor/filemanager/connectors/php/connector.php HTTP/1.1" 404 163 "-" "-"
121.54.174.80 - - [16/Apr/2015:23:07:32 -0700] "HEAD /admin/fckeditor/editor/filemanager/connectors/aspx/upload.aspx HTTP/1.1" 404 163 "-" "-"
121.54.174.80 - - [16/Apr/2015:23:07:32 -0700] "HEAD /admin/fckeditor/editor/filemanager/connectors/asp/upload.asp HTTP/1.1" 404 163 "-" "-"
121.54.174.80 - - [16/Apr/2015:23:07:32 -0700] "HEAD /admin/fckeditor/editor/filemanager/connectors/php/upload.php HTTP/1.1" 404 163 "-" "-"
121.54.174.80 - - [16/Apr/2015:23:07:32 -0700] "HEAD /admin/fckeditor/editor/filemanager/upload/aspx/upload.aspx HTTP/1.1" 404 163 "-" "-"
121.54.174.80 - - [16/Apr/2015:23:07:33 -0700] "HEAD /admin/fckeditor/editor/filemanager/upload/asp/upload.asp HTTP/1.1" 404 163 "-" "-"
121.54.174.80 - - [16/Apr/2015:23:07:33 -0700] "HEAD /admin/fckeditor/editor/filemanager/upload/php/upload.php HTTP/1.1" 404 163 "-" "-"
121.54.174.80 - - [16/Apr/2015:23:07:33 -0700] "HEAD /ckeditor/ckfinder/core/connector/asp/connector.asp HTTP/1.1" 404 163 "-" "-"
121.54.174.80 - - [16/Apr/2015:23:07:33 -0700] "HEAD /ckeditor/ckfinder/core/connector/php/connector.php HTTP/1.1" 404 163 "-" "-"
121.54.174.80 - - [16/Apr/2015:23:07:33 -0700] "HEAD /ckeditor/ckfinder/core/connector/aspx/connector.aspx HTTP/1.1" 404 163 "-" "-"
121.54.174.80 - - [16/Apr/2015:23:07:33 -0700] "HEAD /kcfinder/browse.php HTTP/1.1" 404 163 "-" "-"
121.54.174.80 - - [16/Apr/2015:23:07:34 -0700] "PUT /ali.txt HTTP/1.1" 405 561 "-" "-"
66.249.79.160 - - [16/Apr/2015:23:17:15 -0700] "GET / HTTP/1.1" 200 2376 "-" "Mozilla/5.0 (compatible; Googlebot/2.1; +http://www.google.com/bot.html)"
123.125.71.43 - - [16/Apr/2015:23:18:31 -0700] "GET / HTTP/1.1" 200 2339 "-" "Mozilla/5.0 (Windows NT 5.1; rv:6.0.2) Gecko/20100101 Firefox/6.0.2"
123.125.71.12 - - [16/Apr/2015:23:19:16 -0700] "GET / HTTP/1.1" 200 6114 "-" "Mozilla/5.0 (Windows NT 5.1; rv:6.0.2) Gecko/20100101 Firefox/6.0.2"
170.75.162.130 - - [16/Apr/2015:23:19:29 -0700] "GET /lib/reccapi.php?resort=solitude HTTP/1.1" 200 1023 "-" "node-superagent/0.18.2"
220.181.108.182 - - [16/Apr/2015:23:23:04 -0700] "GET / HTTP/1.1" 200 2339 "-" "Mozilla/5.0 (Windows NT 5.1; rv:6.0.2) Gecko/20100101 Firefox/6.0.2"
170.75.162.130 - - [16/Apr/2015:23:23:19 -0700] "GET /lib/reccapi.php?resort=snowmass HTTP/1.1" 200 1060 "-" "node-superagent/0.18.2"
220.181.108.152 - - [16/Apr/2015:23:23:53 -0700] "-" 408 0 "-" "-"
170.75.162.130 - - [16/Apr/2015:23:50:52 -0700] "GET /lib/reccapi.php?resort=sunpeaksresort HTTP/1.1" 200 922 "-" "node-superagent/0.18.2"
170.75.162.130 - - [16/Apr/2015:23:53:11 -0700] "GET /lib/reccapi.php?resort=angelfire HTTP/1.1" 200 1099 "-" "node-superagent/0.18.2"
141.212.122.66 - - [16/Apr/2015:23:53:53 -0700] "GET / HTTP/1.1" 200 6095 "-" "-"
208.115.113.83 - - [16/Apr/2015:23:55:42 -0700] "GET /resorts?resort=stevenspass&date=2014-06-24 HTTP/1.1" 404 476 "-" "Mozilla/5.0 (compatible; DotBot/1.1; http://www.opensiteexplorer.org/dotbot, help@moz.com)"
170.75.162.130 - - [16/Apr/2015:23:56:32 -0700] "GET /lib/reccapi.php?resort=coppermountain HTTP/1.1" 200 1051 "-" "node-superagent/0.18.2"
178.255.215.81 - - [16/Apr/2015:23:59:18 -0700] "GET /resorts?resort=silverstarmountain HTTP/1.1" 404 469 "-" "Mozilla/5.0 (compatible; Exabot/3.0; +http://www.exabot.com/go/robot)"
170.75.162.130 - - [17/Apr/2015:00:01:02 -0700] "GET /lib/reccapi.php?resort=crystalmountain HTTP/1.1" 200 1007 "-" "node-superagent/0.18.2"
170.75.162.130 - - [17/Apr/2015:00:06:43 -0700] "GET /lib/reccapi.php?resort=hoodoo HTTP/1.1" 200 1006 "-" "node-superagent/0.18.2"
208.115.111.66 - - [17/Apr/2015:00:06:46 -0700] "GET /robots.txt HTTP/1.1" 200 319 "-" "Mozilla/5.0 (compatible; DotBot/1.1; http://www.opensiteexplorer.org/dotbot, help@moz.com)"
180.76.4.50 - - [17/Apr/2015:00:09:37 -0700] "GET / HTTP/1.1" 200 6114 "-" "Mozilla/4.0 (compatible; MSIE 7.0; Windows NT 6.0)"
2.85.14.250 - - [17/Apr/2015:00:15:34 -0700] "GET /images/wsis-logo-sm.png HTTP/1.1" 200 6108 "http://www.thebackcountry.net/" "Mozilla/5.0 (Windows NT 5.1; rv:37.0) Gecko/20100101 Firefox/37.0"
66.249.79.8 - - [17/Apr/2015:00:21:06 -0700] "GET / HTTP/1.1" 200 2376 "-" "Mozilla/5.0 (compatible; Googlebot/2.1; +http://www.google.com/bot.html)"
170.75.162.130 - - [17/Apr/2015:00:22:34 -0700] "GET /lib/reccapi.php?resort=silverstarmountain HTTP/1.1" 200 931 "-" "node-superagent/0.18.2"
170.75.162.130 - - [17/Apr/2015:00:24:44 -0700] "GET /lib/reccapi.php?resort=sunvalley HTTP/1.1" 200 987 "-" "node-superagent/0.18.2"
170.75.162.130 - - [17/Apr/2015:00:38:25 -0700] "GET /lib/reccapi.php?resort=brianhead HTTP/1.1" 200 1062 "-" "node-superagent/0.18.2"
170.75.162.130 - - [17/Apr/2015:00:38:25 -0700] "GET /lib/reccapi.php?resort=brighton HTTP/1.1" 200 1038 "-" "node-superagent/0.18.2"
170.75.162.130 - - [17/Apr/2015:00:38:25 -0700] "GET /lib/reccapi.php?resort=parkcity HTTP/1.1" 200 1061 "-" "node-superagent/0.18.2"
170.75.162.130 - - [17/Apr/2015:00:38:25 -0700] "GET /lib/reccapi.php?resort=snowbasin HTTP/1.1" 200 992 "-" "node-superagent/0.18.2"
170.75.162.130 - - [17/Apr/2015:00:38:25 -0700] "GET /lib/reccapi.php?resort=deervalley HTTP/1.1" 200 1115 "-" "node-superagent/0.18.2"
170.75.162.130 - - [17/Apr/2015:00:38:25 -0700] "GET /lib/reccapi.php?resort=alta HTTP/1.1" 200 1032 "-" "node-superagent/0.18.2"
170.75.162.130 - - [17/Apr/2015:00:39:45 -0700] "GET /lib/reccapi.php?resort=bigwhite HTTP/1.1" 200 919 "-" "node-superagent/0.18.2"
170.75.162.130 - - [17/Apr/2015:00:41:35 -0700] "GET /lib/reccapi.php?resort=loveland HTTP/1.1" 200 1076 "-" "node-superagent/0.18.2"
170.75.162.130 - - [17/Apr/2015:00:42:45 -0700] "GET /lib/reccapi.php?resort=steamboat HTTP/1.1" 200 1064 "-" "node-superagent/0.18.2"
170.75.162.130 - - [17/Apr/2015:00:43:36 -0700] "GET /lib/reccapi.php?resort=telluride HTTP/1.1" 200 1033 "-" "node-superagent/0.18.2"
170.75.162.130 - - [17/Apr/2015:00:43:36 -0700] "GET /lib/reccapi.php?resort=winterpark HTTP/1.1" 200 1049 "-" "node-superagent/0.18.2"
123.125.71.32 - - [17/Apr/2015:01:07:23 -0700] "-" 408 0 "-" "-"
220.181.108.151 - - [17/Apr/2015:01:11:39 -0700] "-" 408 0 "-" "-"
208.115.111.66 - - [17/Apr/2015:01:22:57 -0700] "GET /resorts?resort=steamboat HTTP/1.1" 404 476 "-" "Mozilla/5.0 (compatible; DotBot/1.1; http://www.opensiteexplorer.org/dotbot, help@moz.com)"
2.85.14.250 - - [17/Apr/2015:01:40:49 -0700] "GET /images/wsis-logo-sm.png HTTP/1.1" 200 6108 "http://www.thebackcountry.net/" "Mozilla/5.0 (Windows NT 5.1; rv:37.0) Gecko/20100101 Firefox/37.0"
81.27.79.18 - - [17/Apr/2015:01:47:45 -0700] "GET /admin.php HTTP/1.1" 404 506 "-" "Mozilla/5.0 (Windows NT 6.0) AppleWebKit/537.1 (KHTML, like Gecko) Chrome/23.0.1271.17 Safari/537.11"
123.125.71.110 - - [17/Apr/2015:01:56:06 -0700] "GET / HTTP/1.1" 200 2339 "-" "Mozilla/5.0 (Windows NT 5.1; rv:6.0.2) Gecko/20100101 Firefox/6.0.2"
123.125.71.109 - - [17/Apr/2015:01:56:53 -0700] "GET / HTTP/1.1" 200 6114 "-" "Mozilla/5.0 (Windows NT 5.1; rv:6.0.2) Gecko/20100101 Firefox/6.0.2"
220.181.108.147 - - [17/Apr/2015:02:01:08 -0700] "GET / HTTP/1.1" 200 2339 "-" "Mozilla/5.0 (Windows NT 5.1; rv:6.0.2) Gecko/20100101 Firefox/6.0.2"
220.181.108.180 - - [17/Apr/2015:02:01:47 -0700] "-" 408 0 "-" "-"
180.76.4.166 - - [17/Apr/2015:02:09:07 -0700] "GET / HTTP/1.1" 200 6114 "-" "Mozilla/4.0 (compatible; MSIE 7.0; Windows NT 6.0)"
66.249.79.39 - - [17/Apr/2015:02:19:34 -0700] "GET / HTTP/1.1" 200 2376 "-" "Mozilla/5.0 (compatible; Googlebot/2.1; +http://www.google.com/bot.html)"
61.160.247.137 - - [17/Apr/2015:02:21:50 -0700] "GET /manager/html HTTP/1.1" 404 470 "-" "Mozilla/5.0 (compatible; MSIE 10.0; Windows NT 6.2; WOW64; Trident/6.0)"
207.46.13.131 - - [17/Apr/2015:02:30:19 -0700] "GET /robots.txt HTTP/1.1" 200 375 "-" "Mozilla/5.0 (compatible; bingbot/2.0; +http://www.bing.com/bingbot.htm)"
207.46.13.131 - - [17/Apr/2015:02:30:24 -0700] "GET / HTTP/1.1" 200 2376 "-" "Mozilla/5.0 (compatible; bingbot/2.0; +http://www.bing.com/bingbot.htm)"
170.75.162.130 - - [17/Apr/2015:02:43:16 -0700] "GET /lib/reccapi.php?resort=jaypeak HTTP/1.1" 200 1046 "-" "node-superagent/0.18.2"
170.75.162.130 - - [17/Apr/2015:02:48:06 -0700] "GET /lib/reccapi.php?resort=squawvalleyusa HTTP/1.1" 200 986 "-" "node-superagent/0.18.2"
123.125.71.96 - - [17/Apr/2015:02:54:12 -0700] "-" 408 0 "-" "-"
66.249.79.10 - - [17/Apr/2015:02:56:26 -0700] "GET / HTTP/1.1" 200 2376 "-" "Mozilla/5.0 (iPhone; CPU iPhone OS 6_0 like Mac OS X) AppleWebKit/536.26 (KHTML, like Gecko) Version/6.0 Mobile/10A5376e Safari/8536.25 (compatible; Googlebot/2.1; +http://www.google.com/bot.html)"
220.181.108.161 - - [17/Apr/2015:02:58:18 -0700] "-" 408 0 "-" "-"
170.75.162.130 - - [17/Apr/2015:03:01:17 -0700] "GET /lib/reccapi.php?resort=jacksonhole HTTP/1.1" 200 974 "-" "node-superagent/0.18.2"
170.75.162.130 - - [17/Apr/2015:03:03:48 -0700] "GET /lib/reccapi.php?resort=sugarbowl HTTP/1.1" 200 969 "-" "node-superagent/0.18.2"
66.249.79.160 - - [17/Apr/2015:03:04:59 -0700] "GET /resorts?resort=sugarbowl HTTP/1.1" 404 506 "-" "Mozilla/5.0 (compatible; Googlebot/2.1; +http://www.google.com/bot.html)"
170.75.162.130 - - [17/Apr/2015:03:14:49 -0700] "GET /lib/reccapi.php?resort=arapahoebasin HTTP/1.1" 200 1092 "-" "node-superagent/0.18.2"
170.75.162.130 - - [17/Apr/2015:03:14:49 -0700] "GET /lib/reccapi.php?resort=canyons HTTP/1.1" 200 1083 "-" "node-superagent/0.18.2"
170.75.162.130 - - [17/Apr/2015:03:14:49 -0700] "GET /lib/reccapi.php?resort=keystone HTTP/1.1" 200 1072 "-" "node-superagent/0.18.2"
170.75.162.130 - - [17/Apr/2015:03:14:49 -0700] "GET /lib/reccapi.php?resort=heavenly HTTP/1.1" 200 964 "-" "node-superagent/0.18.2"
170.75.162.130 - - [17/Apr/2015:03:14:49 -0700] "GET /lib/reccapi.php?resort=kirkwood HTTP/1.1" 200 970 "-" "node-superagent/0.18.2"
170.75.162.130 - - [17/Apr/2015:03:14:49 -0700] "GET /lib/reccapi.php?resort=northstar-at-tahoe HTTP/1.1" 200 974 "-" "node-superagent/0.18.2"
170.75.162.130 - - [17/Apr/2015:03:17:29 -0700] "GET /lib/reccapi.php?resort=stevenspass HTTP/1.1" 200 1000 "-" "node-superagent/0.18.2"
170.75.162.130 - - [17/Apr/2015:03:26:30 -0700] "GET /lib/reccapi.php?resort=mtrose HTTP/1.1" 200 933 "-" "node-superagent/0.18.2"
170.75.162.130 - - [17/Apr/2015:03:26:39 -0700] "GET /lib/reccapi.php?resort=49degreesnorth HTTP/1.1" 200 980 "-" "node-superagent/0.18.2"
170.75.162.130 - - [17/Apr/2015:03:26:40 -0700] "GET /lib/reccapi.php?resort=aspenheights HTTP/1.1" 200 1089 "-" "node-superagent/0.18.2"
170.75.162.130 - - [17/Apr/2015:03:26:40 -0700] "GET /lib/reccapi.php?resort=aspenmountain HTTP/1.1" 200 1110 "-" "node-superagent/0.18.2"
170.75.162.130 - - [17/Apr/2015:03:26:40 -0700] "GET /lib/reccapi.php?resort=cannonmountain HTTP/1.1" 200 1030 "-" "node-superagent/0.18.2"
170.75.162.130 - - [17/Apr/2015:03:26:40 -0700] "GET /lib/reccapi.php?resort=buttermilk HTTP/1.1" 200 1095 "-" "node-superagent/0.18.2"
170.75.162.130 - - [17/Apr/2015:03:26:40 -0700] "GET /lib/reccapi.php?resort=crestedbutte HTTP/1.1" 200 1090 "-" "node-superagent/0.18.2"
170.75.162.130 - - [17/Apr/2015:03:26:41 -0700] "GET /lib/reccapi.php?resort=monarch HTTP/1.1" 200 1065 "-" "node-superagent/0.18.2"
170.75.162.130 - - [17/Apr/2015:03:26:41 -0700] "GET /lib/reccapi.php?resort=snowmass HTTP/1.1" 200 1064 "-" "node-superagent/0.18.2"
170.75.162.130 - - [17/Apr/2015:03:26:41 -0700] "GET /lib/reccapi.php?resort=snowbird HTTP/1.1" 200 1038 "-" "node-superagent/0.18.2"
170.75.162.130 - - [17/Apr/2015:03:26:41 -0700] "GET /lib/reccapi.php?resort=solitude HTTP/1.1" 200 1014 "-" "node-superagent/0.18.2"
170.75.162.130 - - [17/Apr/2015:03:26:42 -0700] "GET /lib/reccapi.php?resort=wildcatmountain HTTP/1.1" 200 1048 "-" "node-superagent/0.18.2"
98.189.94.82 - - [17/Apr/2015:03:45:40 -0700] "GET /images/wsis-logo-sm.png HTTP/1.1" 200 6108 "http://www.thebackcountry.net/" "Mozilla/5.0 (Windows NT 6.1; Trident/7.0; rv:11.0) like Gecko"
98.189.94.82 - - [17/Apr/2015:03:46:01 -0700] "-" 408 0 "-" "-"
123.125.71.60 - - [17/Apr/2015:03:51:41 -0700] "-" 408 0 "-" "-"
220.181.108.161 - - [17/Apr/2015:03:55:30 -0700] "-" 408 0 "-" "-"
170.75.162.130 - - [17/Apr/2015:03:56:37 -0700] "GET /lib/reccapi.php?resort=schweitzer HTTP/1.1" 200 968 "-" "node-superagent/0.18.2"
180.76.4.176 - - [17/Apr/2015:03:59:38 -0700] "GET / HTTP/1.1" 200 6114 "-" "Mozilla/4.0 (compatible; MSIE 7.0; Windows NT 6.0)"
170.75.162.130 - - [17/Apr/2015:04:18:51 -0700] "GET /lib/reccapi.php?resort=mountspokane HTTP/1.1" 200 1001 "-" "node-superagent/0.18.2"
54.224.83.111 - - [17/Apr/2015:04:26:43 -0700] "HEAD / HTTP/1.1" 200 291 "-" "Cloud mapping experiment. Contact research@pdrlabs.net"
203.133.169.97 - - [17/Apr/2015:04:32:45 -0700] "GET / HTTP/1.1" 200 2376 "-" "Mozilla/5.0 (compatible; MSIE or Firefox mutant; not on Windows server;) Daumoa/4.0"
207.46.13.102 - - [17/Apr/2015:04:33:57 -0700] "GET /robots.txt HTTP/1.1" 200 375 "-" "Mozilla/5.0 (compatible; bingbot/2.0; +http://www.bing.com/bingbot.htm)"
170.75.162.130 - - [17/Apr/2015:04:34:42 -0700] "GET /lib/reccapi.php?resort=sierra-at-tahoe HTTP/1.1" 200 954 "-" "node-superagent/0.18.2"
207.46.13.102 - - [17/Apr/2015:04:34:46 -0700] "GET /about HTTP/1.1" 404 509 "-" "Mozilla/5.0 (compatible; bingbot/2.0; +http://www.bing.com/bingbot.htm)"
170.75.162.130 - - [17/Apr/2015:04:40:12 -0700] "GET /lib/reccapi.php?resort=sundayriver HTTP/1.1" 200 1037 "-" "node-superagent/0.18.2"
170.75.162.130 - - [17/Apr/2015:04:48:23 -0700] "GET /lib/reccapi.php?resort=mountbachelor HTTP/1.1" 200 973 "-" "node-superagent/0.18.2"
170.75.162.130 - - [17/Apr/2015:04:54:03 -0700] "GET /lib/reccapi.php?resort=whitefacemountain HTTP/1.1" 200 1068 "-" "node-superagent/0.18.2"
123.125.71.115 - - [17/Apr/2015:04:55:37 -0700] "GET / HTTP/1.1" 200 2339 "-" "Mozilla/5.0 (Windows NT 5.1; rv:6.0.2) Gecko/20100101 Firefox/6.0.2"
123.125.71.90 - - [17/Apr/2015:04:56:22 -0700] "GET / HTTP/1.1" 200 6114 "-" "Mozilla/5.0 (Windows NT 5.1; rv:6.0.2) Gecko/20100101 Firefox/6.0.2"
220.181.108.174 - - [17/Apr/2015:05:00:21 -0700] "-" 408 0 "-" "-"
68.180.228.182 - - [17/Apr/2015:05:04:05 -0700] "GET /resorts?resort=mountspokane&date=2014-10-19 HTTP/1.1" 404 450 "-" "Mozilla/5.0 (compatible; Yahoo! Slurp; http://help.yahoo.com/help/us/ysearch/slurp)"
170.75.162.130 - - [17/Apr/2015:05:05:44 -0700] "GET /lib/reccapi.php?resort=mounthoodmeadows HTTP/1.1" 200 1005 "-" "node-superagent/0.18.2"
180.76.6.157 - - [17/Apr/2015:05:05:52 -0700] "GET /resorts?resort=mountbachelor HTTP/1.1" 404 469 "-" "Mozilla/5.0 (compatible; Baiduspider/2.0; +http://www.baidu.com/search/spider.html)"
170.75.162.130 - - [17/Apr/2015:05:23:36 -0700] "GET /lib/reccapi.php?resort=chinapeak HTTP/1.1" 200 976 "-" "node-superagent/0.18.2"
170.75.162.130 - - [17/Apr/2015:05:23:36 -0700] "GET /lib/reccapi.php?resort=mountainhigh HTTP/1.1" 200 989 "-" "node-superagent/0.18.2"
170.75.162.130 - - [17/Apr/2015:05:23:36 -0700] "GET /lib/reccapi.php?resort=mammothmountain HTTP/1.1" 200 1024 "-" "node-superagent/0.18.2"
124.166.231.35 - - [17/Apr/2015:05:23:55 -0700] "GET / HTTP/1.0" 200 6114 "http://WHERESHOULDISKI.COM/" "qingdao bieshu chushou &#38738; &#23707; &#21035; &#22661; &#20986; &#21806; qingdao villa for sale http://www.dahoms.com"
170.75.162.130 - - [17/Apr/2015:05:35:57 -0700] "GET /lib/reccapi.php?resort=alyeska HTTP/1.1" 200 1049 "-" "node-superagent/0.18.2"
68.180.228.182 - - [17/Apr/2015:05:39:54 -0700] "GET /resorts?resort=pebblecreek&date=2014-10-08 HTTP/1.1" 404 450 "-" "Mozilla/5.0 (compatible; Yahoo! Slurp; http://help.yahoo.com/help/us/ysearch/slurp)"
68.180.228.182 - - [17/Apr/2015:05:45:10 -0700] "GET /resorts?resort=snowbird&date=2014-11-02 HTTP/1.1" 404 450 "-" "Mozilla/5.0 (compatible; Yahoo! Slurp; http://help.yahoo.com/help/us/ysearch/slurp)"
180.76.5.94 - - [17/Apr/2015:05:51:33 -0700] "GET /resorts?resort=blacktailmountain&date=2014-04-09 HTTP/1.1" 404 469 "-" "Mozilla/5.0 (compatible; Baiduspider/2.0; +http://www.baidu.com/search/spider.html)"
170.75.162.130 - - [17/Apr/2015:05:53:38 -0700] "GET /lib/reccapi.php?resort=whistlerblackcomb HTTP/1.1" 200 932 "-" "node-superagent/0.18.2"
68.180.228.182 - - [17/Apr/2015:05:54:14 -0700] "GET /resorts?resort=mtrose&date=2014-11-14 HTTP/1.1" 404 450 "-" "Mozilla/5.0 (compatible; Yahoo! Slurp; http://help.yahoo.com/help/us/ysearch/slurp)"
170.75.162.130 - - [17/Apr/2015:05:59:39 -0700] "GET /lib/reccapi.php?resort=redmountain HTTP/1.1" 200 908 "-" "node-superagent/0.18.2"
170.75.162.130 - - [17/Apr/2015:06:00:49 -0700] "GET /lib/reccapi.php?resort=alpinemeadows HTTP/1.1" 200 961 "-" "node-superagent/0.18.2"
170.75.162.130 - - [17/Apr/2015:06:00:49 -0700] "GET /lib/reccapi.php?resort=diamondpeak HTTP/1.1" 200 939 "-" "node-superagent/0.18.2"
170.75.162.130 - - [17/Apr/2015:06:00:49 -0700] "GET /lib/reccapi.php?resort=homewoodmountain HTTP/1.1" 200 993 "-" "node-superagent/0.18.2"
123.125.71.31 - - [17/Apr/2015:06:02:25 -0700] "-" 408 0 "-" "-"
220.181.108.113 - - [17/Apr/2015:06:06:14 -0700] "-" 408 0 "-" "-"
180.76.6.57 - - [17/Apr/2015:06:06:33 -0700] "GET /resorts?resort=tetonpass&date=2014-04-10 HTTP/1.1" 404 469 "-" "Mozilla/5.0 (compatible; Baiduspider/2.0; +http://www.baidu.com/search/spider.html)"
170.75.162.130 - - [17/Apr/2015:06:17:40 -0700] "GET /lib/reccapi.php?resort=alta HTTP/1.1" 200 990 "-" "node-superagent/0.18.2"
170.75.162.130 - - [17/Apr/2015:06:46:02 -0700] "GET /lib/reccapi.php?resort=stowe HTTP/1.1" 200 1018 "-" "node-superagent/0.18.2"
123.125.71.89 - - [17/Apr/2015:06:50:46 -0700] "-" 408 0 "-" "-"
220.181.108.171 - - [17/Apr/2015:06:53:43 -0700] "GET / HTTP/1.1" 200 2339 "-" "Mozilla/5.0 (Windows NT 5.1; rv:6.0.2) Gecko/20100101 Firefox/6.0.2"
220.181.108.176 - - [17/Apr/2015:06:54:18 -0700] "GET / HTTP/1.1" 200 6114 "-" "Mozilla/5.0 (Windows NT 5.1; rv:6.0.2) Gecko/20100101 Firefox/6.0.2"
66.249.79.16 - - [17/Apr/2015:06:57:41 -0700] "GET /resorts?resort=windham&date=2014-02-05 HTTP/1.1" 404 506 "-" "Mozilla/5.0 (iPhone; CPU iPhone OS 6_0 like Mac OS X) AppleWebKit/536.26 (KHTML, like Gecko) Version/6.0 Mobile/10A5376e Safari/8536.25 (compatible; Googlebot/2.1; +http://www.google.com/bot.html)"
66.249.79.160 - - [17/Apr/2015:06:57:48 -0700] "GET /resorts?resort=redmountain&date=2014-02-03 HTTP/1.1" 404 506 "-" "Mozilla/5.0 (iPhone; CPU iPhone OS 6_0 like Mac OS X) AppleWebKit/536.26 (KHTML, like Gecko) Version/6.0 Mobile/10A5376e Safari/8536.25 (compatible; Googlebot/2.1; +http://www.google.com/bot.html)"
170.75.162.130 - - [17/Apr/2015:07:10:14 -0700] "GET /lib/reccapi.php?resort=smugglersnotch HTTP/1.1" 200 1039 "-" "node-superagent/0.18.2"
66.249.79.160 - - [17/Apr/2015:07:11:01 -0700] "GET / HTTP/1.1" 200 2376 "-" "Mozilla/5.0 (iPhone; CPU iPhone OS 6_0 like Mac OS X) AppleWebKit/536.26 (KHTML, like Gecko) Version/6.0 Mobile/10A5376e Safari/8536.25 (compatible; Googlebot/2.1; +http://www.google.com/bot.html)"
170.75.162.130 - - [17/Apr/2015:07:15:25 -0700] "GET /lib/reccapi.php?resort=grandtarghee HTTP/1.1" 200 990 "-" "node-superagent/0.18.2"
170.75.162.130 - - [17/Apr/2015:07:16:05 -0700] "GET /lib/reccapi.php?resort=taos HTTP/1.1" 200 1016 "-" "node-superagent/0.18.2"
113.199.174.141 - - [17/Apr/2015:07:24:05 -0700] "GET / HTTP/1.1" 200 2376 "http://best-seo-offer.com/try.php?u=http://whereshouldiski.com" "Mozilla/5.0 (Windows NT 6.1; WOW64) AppleWebKit/537.36 (KHTML, like Gecko) Chrome/36.0.1985.143 Safari/537.36"
113.199.174.141 - - [17/Apr/2015:07:24:05 -0700] "GET /styles/0fffd548.main.css HTTP/1.1" 200 19316 "http://whereshouldiski.com/" "Mozilla/5.0 (Windows NT 6.1; WOW64) AppleWebKit/537.36 (KHTML, like Gecko) Chrome/36.0.1985.143 Safari/537.36"
113.199.174.141 - - [17/Apr/2015:07:24:07 -0700] "GET /bower_components/requirejs/require.js HTTP/1.1" 200 6702 "http://whereshouldiski.com/" "Mozilla/5.0 (Windows NT 6.1; WOW64) AppleWebKit/537.36 (KHTML, like Gecko) Chrome/36.0.1985.143 Safari/537.36"
113.199.174.141 - - [17/Apr/2015:07:24:07 -0700] "GET /scripts/scripts/vendor/modernizr.js HTTP/1.1" 200 4903 "http://whereshouldiski.com/" "Mozilla/5.0 (Windows NT 6.1; WOW64) AppleWebKit/537.36 (KHTML, like Gecko) Chrome/36.0.1985.143 Safari/537.36"
113.199.174.141 - - [17/Apr/2015:07:24:08 -0700] "GET /images/logo-sm.png HTTP/1.1" 200 16737 "http://whereshouldiski.com/" "Mozilla/5.0 (Windows NT 6.1; WOW64) AppleWebKit/537.36 (KHTML, like Gecko) Chrome/36.0.1985.143 Safari/537.36"
113.199.174.141 - - [17/Apr/2015:07:24:08 -0700] "GET /images/loading.gif HTTP/1.1" 200 13881 "http://whereshouldiski.com/" "Mozilla/5.0 (Windows NT 6.1; WOW64) AppleWebKit/537.36 (KHTML, like Gecko) Chrome/36.0.1985.143 Safari/537.36"
113.199.174.141 - - [17/Apr/2015:07:24:12 -0700] "GET /scripts/fa48e319.main.js HTTP/1.1" 200 123455 "http://whereshouldiski.com/" "Mozilla/5.0 (Windows NT 6.1; WOW64) AppleWebKit/537.36 (KHTML, like Gecko) Chrome/36.0.1985.143 Safari/537.36"
68.180.228.182 - - [17/Apr/2015:07:30:10 -0700] "GET /resorts?resort=steamboat&date=2014-11-15 HTTP/1.1" 404 450 "-" "Mozilla/5.0 (compatible; Yahoo! Slurp; http://help.yahoo.com/help/us/ysearch/slurp)"
79.251.157.207 - - [17/Apr/2015:07:30:47 -0700] "GET /images/wsis-logo-sm.png HTTP/1.1" 200 6108 "http://www.thebackcountry.net/" "Mozilla/5.0 (Macintosh; Intel Mac OS X 10_10_3) AppleWebKit/600.5.17 (KHTML, like Gecko) Version/8.0.5 Safari/600.5.17"
170.75.162.130 - - [17/Apr/2015:07:35:26 -0700] "GET /lib/reccapi.php?resort=killington HTTP/1.1" 200 1037 "-" "node-superagent/0.18.2"
170.75.162.130 - - [17/Apr/2015:07:46:48 -0700] "GET /lib/reccapi.php?resort=devilshead HTTP/1.1" 200 939 "-" "node-superagent/0.18.2"
198.90.11.25 - - [17/Apr/2015:07:46:55 -0700] "GET /images/wsis-logo-sm.png HTTP/1.1" 200 6108 "http://www.thebackcountry.net/" "Mozilla/5.0 (Windows NT 6.1; WOW64; Trident/7.0; rv:11.0) like Gecko"
198.90.11.25 - - [17/Apr/2015:07:47:16 -0700] "-" 408 0 "-" "-"
130.211.155.121 - - [17/Apr/2015:07:48:21 -0700] "GET / HTTP/1.0" 200 6151 "-" "NerdyBot"
123.125.71.46 - - [17/Apr/2015:07:50:25 -0700] "GET / HTTP/1.1" 200 2339 "-" "Mozilla/5.0 (Windows NT 5.1; rv:6.0.2) Gecko/20100101 Firefox/6.0.2"
123.125.71.54 - - [17/Apr/2015:07:51:05 -0700] "GET / HTTP/1.1" 200 6114 "-" "Mozilla/5.0 (Windows NT 5.1; rv:6.0.2) Gecko/20100101 Firefox/6.0.2"
68.180.228.182 - - [17/Apr/2015:07:53:08 -0700] "GET /resorts?resort=sunrisepark&date=2014-10-28 HTTP/1.1" 404 450 "-" "Mozilla/5.0 (compatible; Yahoo! Slurp; http://help.yahoo.com/help/us/ysearch/slurp)"
220.181.108.160 - - [17/Apr/2015:07:54:13 -0700] "-" 408 0 "-" "-"
192.34.210.82 - - [17/Apr/2015:07:56:33 -0700] "GET /images/wsis-logo-sm.png HTTP/1.1" 200 6108 "http://www.thebackcountry.net/" "Mozilla/5.0 (Windows NT 6.1; Trident/7.0; rv:11.0) like Gecko"
192.34.210.82 - - [17/Apr/2015:07:56:54 -0700] "-" 408 0 "-" "-"
207.46.13.131 - - [17/Apr/2015:07:57:54 -0700] "GET / HTTP/1.1" 200 2376 "-" "Mozilla/5.0 (compatible; bingbot/2.0; +http://www.bing.com/bingbot.htm)"
24.143.77.191 - - [17/Apr/2015:07:58:48 -0700] "GET /backbonetest.html HTTP/1.1" 404 506 "-" "Mozilla/5.0 (Macintosh; Intel Mac OS X 10_10_3) AppleWebKit/600.5.17 (KHTML, like Gecko) Version/8.0.5 Safari/600.5.17"
24.143.77.191 - - [17/Apr/2015:07:58:48 -0700] "GET /favicon.ico HTTP/1.1" 200 1475 "http://whereshouldiski.com/backbonetest.html" "Mozilla/5.0 (Macintosh; Intel Mac OS X 10_10_3) AppleWebKit/600.5.17 (KHTML, like Gecko) Version/8.0.5 Safari/600.5.17"
24.143.77.191 - - [17/Apr/2015:07:58:49 -0700] "GET /backbonetest.html HTTP/1.1" 404 505 "-" "Mozilla/5.0 (iPhone; CPU iPhone OS 8_1 like Mac OS X) AppleWebKit/600.1.4 (KHTML, like Gecko) Version/8.0 Mobile/12B410 Safari/600.1.4"
24.143.77.191 - - [17/Apr/2015:07:58:49 -0700] "GET /apple-touch-icon-precomposed.png HTTP/1.1" 404 521 "-" "com.apple.WebKit.WebContent/10600.5.17 CFNetwork/720.3.13 Darwin/14.3.0 (x86_64)"
24.143.77.191 - - [17/Apr/2015:07:58:49 -0700] "GET /apple-touch-icon.png HTTP/1.1" 404 512 "-" "com.apple.WebKit.WebContent/10600.5.17 CFNetwork/720.3.13 Darwin/14.3.0 (x86_64)"
71.140.31.214 - - [17/Apr/2015:08:00:53 -0700] "GET /images/wsis-logo-sm.png HTTP/1.1" 304 187 "http://thebackcountry.net/" "Mozilla/4.0 (compatible; MSIE 7.0; Windows NT 5.1; Trident/4.0; .NET CLR 2.0.50727; .NET CLR 3.0.4506.2152; .NET CLR 3.5.30729; 786908940603; Build/14.08001)"
170.75.162.130 - - [17/Apr/2015:08:01:59 -0700] "GET /lib/reccapi.php?resort=sugarloaf HTTP/1.1" 200 1027 "-" "node-superagent/0.18.2"
170.75.162.130 - - [17/Apr/2015:08:01:59 -0700] "GET /lib/reccapi.php?resort=madriverglen HTTP/1.1" 200 1067 "-" "node-superagent/0.18.2"
170.75.162.130 - - [17/Apr/2015:08:01:59 -0700] "GET /lib/reccapi.php?resort=sugarbush HTTP/1.1" 200 1067 "-" "node-superagent/0.18.2"
180.76.4.198 - - [17/Apr/2015:08:02:29 -0700] "GET / HTTP/1.1" 200 6114 "-" "Mozilla/4.0 (compatible; MSIE 7.0; Windows NT 6.0)"
208.115.111.66 - - [17/Apr/2015:08:06:16 -0700] "GET /robots.txt HTTP/1.1" 200 319 "-" "Mozilla/5.0 (compatible; DotBot/1.1; http://www.opensiteexplorer.org/dotbot, help@moz.com)"
144.76.45.107 - - [17/Apr/2015:08:10:20 -0700] "GET /index.php HTTP/1.1" 413 730 "-" "curl/7.19.7 (x86_64-redhat-linux-gnu) libcurl/7.19.7 NSS/3.16.1 Basic ECC zlib/1.2.3 libidn/1.18 libssh2/1.4.2"
24.180.42.102 - - [17/Apr/2015:08:17:34 -0700] "GET /images/wsis-logo-sm.png HTTP/1.1" 200 6108 "http://www.thebackcountry.net/" "Mozilla/5.0 (Windows NT 6.3; WOW64; Trident/7.0; rv:11.0) like Gecko"
24.180.42.102 - - [17/Apr/2015:08:17:56 -0700] "-" 408 0 "-" "-"
70.211.80.150 - - [17/Apr/2015:08:34:02 -0700] "GET /images/wsis-logo-sm.png HTTP/1.1" 200 6108 "http://www.thebackcountry.net/" "Mozilla/5.0 (Macintosh; Intel Mac OS X 10_9_3) AppleWebKit/537.75.14 (KHTML, like Gecko) Version/7.0.3 Safari/537.75.14"
104.159.178.11 - - [17/Apr/2015:08:35:02 -0700] "GET /images/wsis-logo-sm.png HTTP/1.1" 200 6108 "http://www.thebackcountry.net/" "Mozilla/5.0 (iPad; CPU OS 8_1 like Mac OS X) AppleWebKit/600.1.4 (KHTML, like Gecko) Version/8.0 Mobile/12B410 Safari/600.1.4"
