75.25.175.4 - - [09/Mar/2016:08:41:49 -0800] "GET /bower_components/requirejs/require.js HTTP/1.1" 200 6702 "http://whereshouldiski.com/" "Mozilla/5.0 (Macintosh; Intel Mac OS X 10_11) AppleWebKit/601.1.56 (KHTML, like Gecko) Version/9.0 Safari/601.1.56"
75.25.175.4 - - [09/Mar/2016:08:41:49 -0800] "GET /images/logo-square-white-sm.png HTTP/1.1" 200 1683 "http://whereshouldiski.com/" "Mozilla/5.0 (Macintosh; Intel Mac OS X 10_11) AppleWebKit/601.1.56 (KHTML, like Gecko) Version/9.0 Safari/601.1.56"
75.25.175.4 - - [09/Mar/2016:08:41:49 -0800] "GET /images/loading.gif HTTP/1.1" 200 13881 "http://whereshouldiski.com/" "Mozilla/5.0 (Macintosh; Intel Mac OS X 10_11) AppleWebKit/601.1.56 (KHTML, like Gecko) Version/9.0 Safari/601.1.56"
75.25.175.4 - - [09/Mar/2016:08:41:50 -0800] "GET /images/button.png HTTP/1.1" 200 598 "http://whereshouldiski.com/" "Mozilla/5.0 (Macintosh; Intel Mac OS X 10_11) AppleWebKit/601.1.56 (KHTML, like Gecko) Version/9.0 Safari/601.1.56"
75.25.175.4 - - [09/Mar/2016:08:41:50 -0800] "GET /scripts/fa48e319.main.js HTTP/1.1" 200 123455 "http://whereshouldiski.com/" "Mozilla/5.0 (Macintosh; Intel Mac OS X 10_11) AppleWebKit/601.1.56 (KHTML, like Gecko) Version/9.0 Safari/601.1.56"
75.25.175.4 - - [09/Mar/2016:08:41:51 -0800] "GET /images/greyHeader.png HTTP/1.1" 200 509 "http://whereshouldiski.com/" "Mozilla/5.0 (Macintosh; Intel Mac OS X 10_11) AppleWebKit/601.1.56 (KHTML, like Gecko) Version/9.0 Safari/601.1.56"
75.25.175.4 - - [09/Mar/2016:08:41:51 -0800] "GET /lib/reccapi.php?fields=t HTTP/1.1" 200 1865 "http://whereshouldiski.com/" "Mozilla/5.0 (Macintosh; Intel Mac OS X 10_11) AppleWebKit/601.1.56 (KHTML, like Gecko) Version/9.0 Safari/601.1.56"
75.25.175.4 - - [09/Mar/2016:08:41:51 -0800] "GET /images/snowflake5.png HTTP/1.1" 200 2857 "http://whereshouldiski.com/" "Mozilla/5.0 (Macintosh; Intel Mac OS X 10_11) AppleWebKit/601.1.56 (KHTML, like Gecko) Version/9.0 Safari/601.1.56"
75.25.175.4 - - [09/Mar/2016:08:41:51 -0800] "GET /images/star5.png HTTP/1.1" 200 1783 "http://whereshouldiski.com/" "Mozilla/5.0 (Macintosh; Intel Mac OS X 10_11) AppleWebKit/601.1.56 (KHTML, like Gecko) Version/9.0 Safari/601.1.56"
75.25.175.4 - - [09/Mar/2016:08:41:51 -0800] "GET /images/mtns-icon.png HTTP/1.1" 200 1097 "http://whereshouldiski.com/" "Mozilla/5.0 (Macintosh; Intel Mac OS X 10_11) AppleWebKit/601.1.56 (KHTML, like Gecko) Version/9.0 Safari/601.1.56"
75.25.175.4 - - [09/Mar/2016:08:41:51 -0800] "GET /images/shading-icon.png HTTP/1.1" 200 537 "http://whereshouldiski.com/" "Mozilla/5.0 (Macintosh; Intel Mac OS X 10_11) AppleWebKit/601.1.56 (KHTML, like Gecko) Version/9.0 Safari/601.1.56"
75.25.175.4 - - [09/Mar/2016:08:41:51 -0800] "GET /images/bluebird5.png HTTP/1.1" 200 2178 "http://whereshouldiski.com/" "Mozilla/5.0 (Macintosh; Intel Mac OS X 10_11) AppleWebKit/601.1.56 (KHTML, like Gecko) Version/9.0 Safari/601.1.56"
75.25.175.4 - - [09/Mar/2016:08:41:52 -0800] "GET /favicon.ico HTTP/1.1" 200 4612 "http://whereshouldiski.com/" "Mozilla/5.0 (Macintosh; Intel Mac OS X 10_11) AppleWebKit/601.1.56 (KHTML, like Gecko) Version/9.0 Safari/601.1.56"
127.0.0.1 - - [09/Mar/2016:08:41:59 -0800] "OPTIONS * HTTP/1.0" 200 126 "-" "Apache/2.2.22 (Ubuntu) (internal dummy connection)"
127.0.0.1 - - [09/Mar/2016:08:42:00 -0800] "OPTIONS * HTTP/1.0" 200 126 "-" "Apache/2.2.22 (Ubuntu) (internal dummy connection)"
127.0.0.1 - - [09/Mar/2016:08:42:01 -0800] "OPTIONS * HTTP/1.0" 200 126 "-" "Apache/2.2.22 (Ubuntu) (internal dummy connection)"
66.249.79.227 - - [09/Mar/2016:08:47:57 -0800] "GET /lib/reccapi.php?resort=alpenglow&date=2016-02-22 HTTP/1.1" 200 1024 "http://whereshouldiski.com/" "Mozilla/5.0 (compatible; Googlebot/2.1; +http://www.google.com/bot.html)"
66.249.79.220 - - [09/Mar/2016:08:47:59 -0800] "GET /lib/resortDataSearchD3.php?size=7&sortDate=T&resort=alpenglow&dateStart=2016-02-20 HTTP/1.1" 200 873 "http://whereshouldiski.com/" "Mozilla/5.0 (compatible; Googlebot/2.1; +http://www.google.com/bot.html)"
66.249.79.220 - - [09/Mar/2016:08:47:59 -0800] "GET /lib/reccapi.php?fields=t&date=2016-02-22&coords=61.24%2C-149.5&size=7&sort=distance HTTP/1.1" 200 1349 "http://whereshouldiski.com/" "Mozilla/5.0 (compatible; Googlebot/2.1; +http://www.google.com/bot.html)"
108.195.189.82 - - [09/Mar/2016:08:50:47 -0800] "GET /images/wsis-logo-sm.png HTTP/1.1" 200 6108 "http://www.thebackcountry.net/" "Mozilla/5.0 (Windows NT 6.1; WOW64; Trident/7.0; rv:11.0) like Gecko"
108.195.189.82 - - [09/Mar/2016:08:51:08 -0800] "-" 408 0 "-" "-"
184.183.124.18 - - [09/Mar/2016:08:52:47 -0800] "GET /images/wsis-logo-sm.png HTTP/1.1" 200 6108 "http://www.thebackcountry.net/" "Mozilla/5.0 (Windows NT 10.0; WOW64; Trident/7.0; rv:11.0; MSN 9.0;MSN 9.1;MSN 9.6;MSN 10.0;MSN 10.2;MSN 10.5;MSN 11;MSN 11.5; MSNbMSNI; MSNmen-us; MSNcIA) like Gecko"
66.249.79.234 - - [09/Mar/2016:08:54:55 -0800] "GET /lib/reccapi.php?resort=porcupine&date=2016-02-10 HTTP/1.1" 200 1080 "http://whereshouldiski.com/" "Mozilla/5.0 (compatible; Googlebot/2.1; +http://www.google.com/bot.html)"
66.249.79.220 - - [09/Mar/2016:08:54:57 -0800] "GET /lib/resortDataSearchD3.php?size=7&sortDate=T&resort=porcupine&dateStart=2016-02-08 HTTP/1.1" 200 878 "http://whereshouldiski.com/" "Mozilla/5.0 (compatible; Googlebot/2.1; +http://www.google.com/bot.html)"
66.249.79.220 - - [09/Mar/2016:08:54:57 -0800] "GET /lib/reccapi.php?fields=t&date=2016-02-10&coords=46.8183%2C-89.6504&size=7&sort=distance HTTP/1.1" 200 1357 "http://whereshouldiski.com/" "Mozilla/5.0 (compatible; Googlebot/2.1; +http://www.google.com/bot.html)"
66.87.118.80 - - [09/Mar/2016:09:03:24 -0800] "GET /images/wsis-logo-sm.png HTTP/1.1" 200 6108 "http://www.thebackcountry.net/" "Mozilla/5.0 (iPhone; CPU iPhone OS 9_2_1 like Mac OS X) AppleWebKit/601.1.46 (KHTML, like Gecko) Version/9.0 Mobile/13D15 Safari/601.1"
170.75.162.130 - - [09/Mar/2016:09:04:57 -0800] "GET /lib/reccapi.php?resort=killington HTTP/1.1" 200 977 "-" "node-superagent/1.4.0"
71.83.126.254 - - [09/Mar/2016:09:07:29 -0800] "GET /images/wsis-logo-sm.png HTTP/1.1" 200 6108 "http://www.thebackcountry.net/" "Mozilla/5.0 (Windows NT 10.0; WOW64) AppleWebKit/537.36 (KHTML, like Gecko) Chrome/48.0.2564.116 Safari/537.36"
52.33.40.213 - - [09/Mar/2016:09:11:08 -0800] "GET /lib/reccapi.php?resort=killington HTTP/1.1" 200 978 "-" "node-superagent/1.4.0"
52.33.40.213 - - [09/Mar/2016:09:13:58 -0800] "GET /lib/reccapi.php?resort=sunvalley HTTP/1.1" 200 1014 "-" "node-superagent/1.4.0"
52.33.40.213 - - [09/Mar/2016:09:13:58 -0800] "GET /lib/reccapi.php?resort=taos HTTP/1.1" 200 940 "-" "node-superagent/1.4.0"
52.33.40.213 - - [09/Mar/2016:09:13:58 -0800] "GET /lib/reccapi.php?resort=jacksonhole HTTP/1.1" 200 1080 "-" "node-superagent/1.4.0"
52.33.40.213 - - [09/Mar/2016:09:13:58 -0800] "GET /lib/reccapi.php?resort=grandtarghee HTTP/1.1" 200 1087 "-" "node-superagent/1.4.0"
77.59.199.231 - - [09/Mar/2016:09:14:51 -0800] "GET /images/wsis-logo-sm.png HTTP/1.1" 200 6108 "http://www.thebackcountry.net/" "Mozilla/5.0 (Windows NT 6.3; WOW64; Trident/7.0; rv:11.0) like Gecko"
170.75.162.130 - - [09/Mar/2016:09:19:19 -0800] "GET /lib/reccapi.php?resort=winterpark HTTP/1.1" 200 1091 "-" "node-superagent/1.4.0"
52.33.40.213 - - [09/Mar/2016:09:20:59 -0800] "GET /lib/reccapi.php?resort=keystone HTTP/1.1" 200 1093 "-" "node-superagent/1.4.0"
123.125.71.87 - - [09/Mar/2016:09:27:59 -0800] "GET / HTTP/1.1" 200 2578 "-" "Mozilla/5.0 (Windows NT 5.1; rv:6.0.2) Gecko/20100101 Firefox/6.0.2"
123.125.71.84 - - [09/Mar/2016:09:28:00 -0800] "GET / HTTP/1.1" 200 6995 "-" "Mozilla/5.0 (Windows NT 5.1; rv:6.0.2) Gecko/20100101 Firefox/6.0.2"
180.76.15.23 - - [09/Mar/2016:09:29:06 -0800] "GET /resorts?resort=brighton HTTP/1.1" 404 469 "-" "Mozilla/5.0 (compatible; Baiduspider/2.0; +http://www.baidu.com/search/spider.html)"
180.76.15.154 - - [09/Mar/2016:09:29:55 -0800] "GET / HTTP/1.1" 200 6995 "-" "Mozilla/5.0 (compatible; Baiduspider/2.0; +http://www.baidu.com/search/spider.html)"
180.76.15.149 - - [09/Mar/2016:09:30:46 -0800] "GET / HTTP/1.1" 200 6995 "-" "Mozilla/5.0 (compatible; Baiduspider/2.0; +http://www.baidu.com/search/spider.html)"
66.249.79.220 - - [09/Mar/2016:09:45:40 -0800] "GET /lib/reccapi.php?resort=alpenglow&date=2016-02-24 HTTP/1.1" 200 1010 "http://whereshouldiski.com/" "Mozilla/5.0 (compatible; Googlebot/2.1; +http://www.google.com/bot.html)"
66.249.79.220 - - [09/Mar/2016:09:45:47 -0800] "GET /lib/reccapi.php?fields=t&date=2016-02-24&coords=61.24%2C-149.5&size=7&sort=distance HTTP/1.1" 200 1326 "http://whereshouldiski.com/" "Mozilla/5.0 (compatible; Googlebot/2.1; +http://www.google.com/bot.html)"
66.249.79.220 - - [09/Mar/2016:09:45:49 -0800] "GET /lib/resortDataSearchD3.php?size=7&sortDate=T&resort=alpenglow&dateStart=2016-02-22 HTTP/1.1" 200 872 "http://whereshouldiski.com/" "Mozilla/5.0 (compatible; Googlebot/2.1; +http://www.google.com/bot.html)"
193.201.224.176 - - [09/Mar/2016:09:52:56 -0800] "GET /admin/js/fckeditor/editor/ HTTP/1.1" 404 476 "-" "compatible;Baiduspider/2.0; +http://www.baidu.com/search/spider.html"
52.33.40.213 - - [09/Mar/2016:09:55:41 -0800] "GET /lib/reccapi.php?resort=kirkwood HTTP/1.1" 200 1072 "-" "node-superagent/1.4.0"
52.33.40.213 - - [09/Mar/2016:09:55:41 -0800] "GET /lib/reccapi.php?resort=heavenly HTTP/1.1" 200 1094 "-" "node-superagent/1.4.0"
119.97.146.76 - - [09/Mar/2016:09:57:18 -0800] "GET /muieblackcat HTTP/1.1" 404 466 "-" "-"
119.97.146.76 - - [09/Mar/2016:09:57:19 -0800] "GET //phpMyAdmin/scripts/setup.php HTTP/1.1" 404 466 "-" "-"
119.97.146.76 - - [09/Mar/2016:09:57:20 -0800] "GET //phpmyadmin/scripts/setup.php HTTP/1.1" 404 466 "-" "-"
119.97.146.76 - - [09/Mar/2016:09:57:21 -0800] "GET //pma/scripts/setup.php HTTP/1.1" 404 466 "-" "-"
119.97.146.76 - - [09/Mar/2016:09:57:23 -0800] "GET //myadmin/scripts/setup.php HTTP/1.1" 404 466 "-" "-"
119.97.146.76 - - [09/Mar/2016:09:57:24 -0800] "GET //MyAdmin/scripts/setup.php HTTP/1.1" 404 466 "-" "-"
66.249.79.227 - - [09/Mar/2016:10:02:46 -0800] "GET /images/forecasts/Tahoe-20121219.png HTTP/1.1" 404 524 "-" "Googlebot-Image/1.0"
72.28.189.105 - - [09/Mar/2016:10:09:48 -0800] "GET /images/wsis-logo-sm.png HTTP/1.1" 200 6108 "http://www.thebackcountry.net/" "Mozilla/5.0 (Macintosh; Intel Mac OS X 10_10_5) AppleWebKit/601.3.9 (KHTML, like Gecko) Version/9.0.2 Safari/601.3.9"
170.75.162.130 - - [09/Mar/2016:10:11:53 -0800] "GET /lib/reccapi.php?resort=bigsky HTTP/1.1" 200 1059 "-" "node-superagent/1.4.0"
170.75.162.130 - - [09/Mar/2016:10:11:53 -0800] "GET /lib/reccapi.php?resort=redlodge HTTP/1.1" 200 1092 "-" "node-superagent/1.4.0"
45.79.81.142 - - [09/Mar/2016:10:18:45 -0800] "HEAD / HTTP/1.1" 200 371 "http://uptime.com/whereshouldiski.com" "Mozilla/5.0 (compatible; Uptimebot/1.0; +http://www.uptime.com/uptimebot)"
17.142.156.117 - - [09/Mar/2016:10:19:14 -0800] "GET / HTTP/1.1" 200 2615 "-" "Mozilla/5.0 (Macintosh; Intel Mac OS X 10_10_1) AppleWebKit/600.2.5 (KHTML, like Gecko) Version/8.0.2 Safari/600.2.5 (Applebot/0.1; +http://www.apple.com/go/applebot)"
17.142.156.117 - - [09/Mar/2016:10:19:14 -0800] "GET / HTTP/1.1" 200 2614 "-" "Mozilla/5.0 (Macintosh; Intel Mac OS X 10_10_1) AppleWebKit/600.2.5 (KHTML, like Gecko) Version/8.0.2 Safari/600.2.5 (Applebot/0.1; +http://www.apple.com/go/applebot)"
17.142.156.117 - - [09/Mar/2016:10:19:14 -0800] "GET / HTTP/1.1" 200 2615 "-" "Mozilla/5.0 (iPhone; CPU iPhone OS 8_1 like Mac OS X) AppleWebKit/600.1.4 (KHTML, like Gecko) Version/8.0 Mobile/12B410 Safari/600.1.4 (Applebot/0.1; +http://www.apple.com/go/applebot)"
17.142.156.117 - - [09/Mar/2016:10:19:14 -0800] "GET /favicon.ico HTTP/1.1" 200 4612 "-" "Mozilla/5.0 (Macintosh; Intel Mac OS X 10_10_1) AppleWebKit/600.2.5 (KHTML, like Gecko) Version/8.0.2 Safari/600.2.5 (Applebot/0.1; +http://www.apple.com/go/applebot)"
17.142.156.117 - - [09/Mar/2016:10:19:14 -0800] "GET /apple-touch-icon.png HTTP/1.1" 404 512 "-" "Mozilla/5.0 (Macintosh; Intel Mac OS X 10_10_1) AppleWebKit/600.2.5 (KHTML, like Gecko) Version/8.0.2 Safari/600.2.5 (Applebot/0.1; +http://www.apple.com/go/applebot)"
17.142.156.117 - - [09/Mar/2016:10:19:14 -0800] "GET /apple-touch-icon-precomposed.png HTTP/1.1" 404 521 "-" "Mozilla/5.0 (Macintosh; Intel Mac OS X 10_10_1) AppleWebKit/600.2.5 (KHTML, like Gecko) Version/8.0.2 Safari/600.2.5 (Applebot/0.1; +http://www.apple.com/go/applebot)"
107.77.75.119 - - [09/Mar/2016:10:21:33 -0800] "GET /images/wsis-logo-sm.png HTTP/1.1" 200 6108 "http://www.thebackcountry.net/" "Mozilla/5.0 (Linux; Android 4.4.4; SAMSUNG-SGH-I337 Build/KTU84P) AppleWebKit/537.36 (KHTML, like Gecko) Chrome/48.0.2564.95 Mobile Safari/537.36"
75.111.102.189 - - [09/Mar/2016:10:29:13 -0800] "GET /images/wsis-logo-sm.png HTTP/1.1" 200 6108 "http://www.thebackcountry.net/" "Mozilla/5.0 (iPhone; CPU iPhone OS 9_2_1 like Mac OS X) AppleWebKit/600.1.4 (KHTML, like Gecko) GSA/12.0.68608 Mobile/13D15 Safari/600.1.4"
180.76.15.33 - - [09/Mar/2016:10:32:04 -0800] "GET / HTTP/1.1" 200 6995 "-" "Mozilla/5.0 (compatible; Baiduspider/2.0; +http://www.baidu.com/search/spider.html)"
180.76.15.29 - - [09/Mar/2016:10:33:01 -0800] "GET / HTTP/1.1" 200 6995 "-" "Mozilla/5.0 (compatible; Baiduspider/2.0; +http://www.baidu.com/search/spider.html)"
170.75.162.130 - - [09/Mar/2016:10:35:25 -0800] "GET /lib/reccapi.php?resort=whistlerblackcomb HTTP/1.1" 200 938 "-" "node-superagent/1.4.0"
170.75.162.130 - - [09/Mar/2016:10:49:37 -0800] "GET /lib/reccapi.php?resort=sunpeaksresort HTTP/1.1" 200 923 "-" "node-superagent/1.4.0"
170.75.162.130 - - [09/Mar/2016:10:50:26 -0800] "GET /lib/reccapi.php?resort=mountainhigh HTTP/1.1" 200 1007 "-" "node-superagent/1.4.0"
66.249.74.58 - - [09/Mar/2016:10:52:12 -0800] "GET /robots.txt HTTP/1.1" 200 419 "-" "Mozilla/5.0 (compatible; Googlebot/2.1; +http://www.google.com/bot.html)"
66.249.74.58 - - [09/Mar/2016:10:52:12 -0800] "GET /styles/ee08faa9.main.css HTTP/1.1" 200 19446 "-" "Mozilla/5.0 (compatible; Googlebot/2.1; +http://www.google.com/bot.html)"
170.75.162.130 - - [09/Mar/2016:10:58:07 -0800] "GET /lib/reccapi.php?resort=aspenmountain HTTP/1.1" 200 998 "-" "node-superagent/1.4.0"
170.75.162.130 - - [09/Mar/2016:10:58:07 -0800] "GET /lib/reccapi.php?resort=alta HTTP/1.1" 200 985 "-" "node-superagent/1.4.0"
170.75.162.130 - - [09/Mar/2016:10:58:12 -0800] "GET /lib/reccapi.php?resort=arapahoebasin HTTP/1.1" 200 1110 "-" "node-superagent/1.4.0"
170.75.162.130 - - [09/Mar/2016:10:58:17 -0800] "GET /lib/reccapi.php?resort=brianhead HTTP/1.1" 200 984 "-" "node-superagent/1.4.0"
170.75.162.130 - - [09/Mar/2016:10:58:17 -0800] "GET /lib/reccapi.php?resort=brighton HTTP/1.1" 200 994 "-" "node-superagent/1.4.0"
170.75.162.130 - - [09/Mar/2016:10:58:27 -0800] "GET /lib/reccapi.php?resort=coppermountain HTTP/1.1" 200 1105 "-" "node-superagent/1.4.0"
170.75.162.130 - - [09/Mar/2016:10:58:27 -0800] "GET /lib/reccapi.php?resort=chinapeak HTTP/1.1" 200 1036 "-" "node-superagent/1.4.0"
170.75.162.130 - - [09/Mar/2016:10:58:57 -0800] "GET /lib/reccapi.php?resort=crestedbutte HTTP/1.1" 200 1007 "-" "node-superagent/1.4.0"
170.75.162.130 - - [09/Mar/2016:10:58:57 -0800] "GET /lib/reccapi.php?resort=deervalley HTTP/1.1" 200 994 "-" "node-superagent/1.4.0"
170.75.162.130 - - [09/Mar/2016:10:58:57 -0800] "GET /lib/reccapi.php?resort=devilshead HTTP/1.1" 200 941 "-" "node-superagent/1.4.0"
157.55.39.189 - - [09/Mar/2016:11:00:01 -0800] "GET / HTTP/1.1" 200 2615 "-" "Mozilla/5.0 (compatible; bingbot/2.0; +http://www.bing.com/bingbot.htm)"
96.30.6.132 - - [09/Mar/2016:11:01:12 -0800] "GET / HTTP/1.1" 200 6995 "-" "Mozilla/5.0 (X11; Linux x86_64) AppleWebKit/537.36 (KHTML, like Gecko) Ubuntu Chromium/43.0.2357.81 Chrome/43.0.2357.81 Safari/537.36"
170.75.162.130 - - [09/Mar/2016:11:03:17 -0800] "GET /lib/reccapi.php?resort=stevenspass HTTP/1.1" 200 1080 "-" "node-superagent/1.4.0"
170.75.162.130 - - [09/Mar/2016:11:03:17 -0800] "GET /lib/reccapi.php?resort=mountspokane HTTP/1.1" 200 1051 "-" "node-superagent/1.4.0"
193.201.224.176 - - [09/Mar/2016:11:03:47 -0800] "GET /admin123/editor/editor/ HTTP/1.1" 404 476 "-" "compatible;Baiduspider/2.0; +http://www.baidu.com/search/spider.html"
170.75.162.130 - - [09/Mar/2016:11:05:27 -0800] "GET /lib/reccapi.php?resort=homewoodmountain HTTP/1.1" 200 1096 "-" "node-superagent/1.4.0"
75.101.111.34 - - [09/Mar/2016:11:06:15 -0800] "GET /images/wsis-logo-sm.png HTTP/1.1" 200 6108 "http://www.thebackcountry.net/" "Mozilla/5.0 (Windows NT 6.1) AppleWebKit/537.36 (KHTML, like Gecko) Chrome/48.0.2564.116 Safari/537.36"
52.33.40.213 - - [09/Mar/2016:11:24:46 -0800] "GET /lib/reccapi.php?resort=whistlerblackcomb HTTP/1.1" 200 938 "-" "node-superagent/1.4.0"
52.33.40.213 - - [09/Mar/2016:11:24:46 -0800] "GET /lib/reccapi.php?resort=sugarbush HTTP/1.1" 200 976 "-" "node-superagent/1.4.0"
52.33.40.213 - - [09/Mar/2016:11:24:46 -0800] "GET /lib/reccapi.php?resort=stowe HTTP/1.1" 200 975 "-" "node-superagent/1.4.0"
52.33.40.213 - - [09/Mar/2016:11:24:46 -0800] "GET /lib/reccapi.php?resort=winterpark HTTP/1.1" 200 1091 "-" "node-superagent/1.4.0"
52.33.40.213 - - [09/Mar/2016:11:24:46 -0800] "GET /lib/reccapi.php?resort=sundayriver HTTP/1.1" 200 958 "-" "node-superagent/1.4.0"
52.33.40.213 - - [09/Mar/2016:11:24:46 -0800] "GET /lib/reccapi.php?resort=madriverglen HTTP/1.1" 200 974 "-" "node-superagent/1.4.0"
52.33.40.213 - - [09/Mar/2016:11:24:46 -0800] "GET /lib/reccapi.php?resort=sugarloaf HTTP/1.1" 200 970 "-" "node-superagent/1.4.0"
52.33.40.213 - - [09/Mar/2016:11:24:46 -0800] "GET /lib/reccapi.php?resort=cannonmountain HTTP/1.1" 200 993 "-" "node-superagent/1.4.0"
123.125.71.117 - - [09/Mar/2016:11:26:46 -0800] "GET / HTTP/1.1" 200 2578 "-" "Mozilla/5.0 (Windows NT 5.1; rv:6.0.2) Gecko/20100101 Firefox/6.0.2"
123.125.71.80 - - [09/Mar/2016:11:26:51 -0800] "GET / HTTP/1.1" 200 6995 "-" "Mozilla/5.0 (Windows NT 5.1; rv:6.0.2) Gecko/20100101 Firefox/6.0.2"
108.171.129.160 - - [09/Mar/2016:11:27:35 -0800] "GET /images/wsis-logo-sm.png HTTP/1.1" 200 6108 "http://www.thebackcountry.net/" "Mozilla/5.0 (Windows NT 6.1; Win64; x64; rv:43.0) Gecko/20100101 Firefox/43.0"
180.76.15.23 - - [09/Mar/2016:11:31:05 -0800] "GET / HTTP/1.1" 200 6995 "-" "Mozilla/5.0 (compatible; Baiduspider/2.0; +http://www.baidu.com/search/spider.html)"
180.76.15.147 - - [09/Mar/2016:11:31:58 -0800] "GET / HTTP/1.1" 200 6995 "-" "Mozilla/5.0 (compatible; Baiduspider/2.0; +http://www.baidu.com/search/spider.html)"
70.197.21.184 - - [09/Mar/2016:11:34:59 -0800] "GET /images/wsis-logo-sm.png HTTP/1.1" 200 6108 "http://www.thebackcountry.net/" "Mozilla/5.0 (Linux; Android 5.0; SM-G900V Build/LRX21T) AppleWebKit/537.36 (KHTML, like Gecko) Chrome/48.0.2564.95 Mobile Safari/537.36"
70.197.21.184 - - [09/Mar/2016:11:35:20 -0800] "-" 408 0 "-" "-"
170.75.162.130 - - [09/Mar/2016:11:35:30 -0800] "GET /lib/reccapi.php?resort=crystalmountain HTTP/1.1" 200 1062 "-" "node-superagent/1.4.0"
52.33.40.213 - - [09/Mar/2016:11:36:56 -0800] "GET /lib/reccapi.php?resort=hoodoo HTTP/1.1" 200 1063 "-" "node-superagent/1.4.0"
123.125.71.36 - - [09/Mar/2016:11:39:23 -0800] "GET /robots.txt HTTP/1.1" 200 382 "-" "Mozilla/5.0 (compatible; Baiduspider/2.0; +http://www.baidu.com/search/spider.html)"
52.33.40.213 - - [09/Mar/2016:11:50:17 -0800] "GET /lib/reccapi.php?resort=49degreesnorth HTTP/1.1" 200 1078 "-" "node-superagent/1.4.0"
52.33.40.213 - - [09/Mar/2016:11:53:58 -0800] "GET /lib/reccapi.php?resort=bigwhite HTTP/1.1" 200 924 "-" "node-superagent/1.4.0"
52.33.40.213 - - [09/Mar/2016:11:55:08 -0800] "GET /lib/reccapi.php?resort=diamondpeak HTTP/1.1" 200 1044 "-" "node-superagent/1.4.0"
52.33.40.213 - - [09/Mar/2016:11:55:08 -0800] "GET /lib/reccapi.php?resort=crestedbutte HTTP/1.1" 200 1007 "-" "node-superagent/1.4.0"
52.33.40.213 - - [09/Mar/2016:11:55:18 -0800] "GET /lib/reccapi.php?resort=devilshead HTTP/1.1" 200 941 "-" "node-superagent/1.4.0"
52.33.40.213 - - [09/Mar/2016:11:56:28 -0800] "GET /lib/reccapi.php?resort=sunpeaksresort HTTP/1.1" 200 923 "-" "node-superagent/1.4.0"
52.33.40.213 - - [09/Mar/2016:11:56:48 -0800] "GET /lib/reccapi.php?resort=mountainhigh HTTP/1.1" 200 1007 "-" "node-superagent/1.4.0"
52.33.40.213 - - [09/Mar/2016:11:56:48 -0800] "GET /lib/reccapi.php?resort=redmountain HTTP/1.1" 200 912 "-" "node-superagent/1.4.0"
52.33.40.213 - - [09/Mar/2016:11:56:48 -0800] "GET /lib/reccapi.php?resort=loveland HTTP/1.1" 200 1092 "-" "node-superagent/1.4.0"
166.170.15.55 - - [09/Mar/2016:11:57:27 -0800] "GET /images/wsis-logo-sm.png HTTP/1.1" 200 6108 "http://www.thebackcountry.net/" "Mozilla/5.0 (iPhone; CPU iPhone OS 8_4_1 like Mac OS X) AppleWebKit/600.1.4 (KHTML, like Gecko) Version/8.0 Mobile/12H321 Safari/600.1.4"
52.33.40.213 - - [09/Mar/2016:11:57:38 -0800] "GET /lib/reccapi.php?resort=wildcatmountain HTTP/1.1" 200 1000 "-" "node-superagent/1.4.0"
52.33.40.213 - - [09/Mar/2016:11:58:08 -0800] "GET /lib/reccapi.php?resort=silverstarmountain HTTP/1.1" 200 935 "-" "node-superagent/1.4.0"
52.33.40.213 - - [09/Mar/2016:11:58:08 -0800] "GET /lib/reccapi.php?resort=snowbasin HTTP/1.1" 200 994 "-" "node-superagent/1.4.0"
172.15.98.196 - - [09/Mar/2016:12:01:07 -0800] "GET /images/wsis-logo-sm.png HTTP/1.1" 200 6108 "http://www.thebackcountry.net/" "Mozilla/5.0 (iPhone; CPU iPhone OS 9_2_1 like Mac OS X) AppleWebKit/601.1.46 (KHTML, like Gecko) Version/9.0 Mobile/13D15 Safari/601.1"
185.35.62.11 - - [09/Mar/2016:12:02:55 -0800] "GET / HTTP/1.1" 200 6976 "-" "Mozilla/5.0 zgrab/0.x"
90.218.224.243 - - [09/Mar/2016:12:07:05 -0800] "GET /images/wsis-logo-sm.png HTTP/1.1" 200 6108 "http://www.thebackcountry.net/" "Mozilla/5.0 (Macintosh; Intel Mac OS X 10.7; rv:43.0) Gecko/20100101 Firefox/43.0"
170.202.222.1 - - [09/Mar/2016:12:10:36 -0800] "GET /images/wsis-logo-sm.png HTTP/1.1" 200 6108 "http://www.thebackcountry.net/" "Mozilla/5.0 (Windows NT 6.1; WOW64; Trident/7.0; rv:11.0) like Gecko"
170.75.162.130 - - [09/Mar/2016:12:13:26 -0800] "GET /lib/reccapi.php?resort=taos HTTP/1.1" 200 940 "-" "node-superagent/1.4.0"
193.201.224.176 - - [09/Mar/2016:12:14:14 -0800] "GET /admin8/system/editor/ HTTP/1.1" 404 476 "-" "compatible;Baiduspider/2.0; +http://www.baidu.com/search/spider.html"
124.73.122.9 - - [09/Mar/2016:12:15:25 -0800] "GET / HTTP/1.1" 200 2578 "http://www.whereshouldiski.com" "Mozilla/5.0 (Windows NT 5.1) AppleWebKit/535.1 (KHTML, like Gecko) Chrome/14.0.835.202 Safari/535.1"
124.73.122.9 - - [09/Mar/2016:12:15:26 -0800] "GET / HTTP/1.1" 200 2578 "http://www.whereshouldiski.com/" "Mozilla/5.0 (Windows NT 5.1) AppleWebKit/535.1 (KHTML, like Gecko) Chrome/14.0.835.202 Safari/535.1"
124.73.122.9 - - [09/Mar/2016:12:15:26 -0800] "GET / HTTP/1.1" 200 2578 "http://www.whereshouldiski.com/" "Mozilla/5.0 (Windows NT 5.1) AppleWebKit/535.1 (KHTML, like Gecko) Chrome/14.0.835.202 Safari/535.1"
124.73.122.9 - - [09/Mar/2016:12:15:27 -0800] "GET / HTTP/1.1" 200 2578 "http://www.whereshouldiski.com/" "Mozilla/5.0 (Windows NT 5.1) AppleWebKit/535.1 (KHTML, like Gecko) Chrome/14.0.835.202 Safari/535.1"
124.73.122.9 - - [09/Mar/2016:12:15:27 -0800] "GET /about HTTP/1.1" 404 472 "http://www.whereshouldiski.com/about" "Mozilla/5.0 (Windows NT 5.1) AppleWebKit/535.1 (KHTML, like Gecko) Chrome/14.0.835.202 Safari/535.1"
12.24.57.199 - - [09/Mar/2016:12:19:06 -0800] "GET /images/wsis-logo-sm.png HTTP/1.1" 200 6108 "http://www.thebackcountry.net/" "Mozilla/5.0 (Windows NT 6.1; WOW64) AppleWebKit/537.36 (KHTML, like Gecko) Chrome/48.0.2564.116 Safari/537.36"
73.170.149.23 - - [09/Mar/2016:12:20:47 -0800] "GET /images/wsis-logo-sm.png HTTP/1.1" 200 6108 "http://www.thebackcountry.net/" "Mozilla/5.0 (Macintosh; Intel Mac OS X 10_11_3) AppleWebKit/537.36 (KHTML, like Gecko) Chrome/48.0.2564.116 Safari/537.36"
123.125.71.111 - - [09/Mar/2016:12:26:52 -0800] "GET / HTTP/1.1" 200 2578 "-" "Mozilla/5.0 (Windows NT 5.1; rv:6.0.2) Gecko/20100101 Firefox/6.0.2"
123.125.71.86 - - [09/Mar/2016:12:26:53 -0800] "GET / HTTP/1.1" 200 6995 "-" "Mozilla/5.0 (Windows NT 5.1; rv:6.0.2) Gecko/20100101 Firefox/6.0.2"
180.76.15.8 - - [09/Mar/2016:12:31:20 -0800] "GET / HTTP/1.1" 200 6995 "-" "Mozilla/5.0 (compatible; Baiduspider/2.0; +http://www.baidu.com/search/spider.html)"
70.211.75.26 - - [09/Mar/2016:12:31:38 -0800] "GET /images/wsis-logo-sm.png HTTP/1.1" 200 6108 "http://www.thebackcountry.net/" "Mozilla/5.0 (iPhone; CPU iPhone OS 8_1_2 like Mac OS X) AppleWebKit/600.1.4 (KHTML, like Gecko) Version/8.0 Mobile/12B440 Safari/600.1.4"
180.76.15.158 - - [09/Mar/2016:12:32:14 -0800] "GET / HTTP/1.1" 200 6995 "-" "Mozilla/5.0 (compatible; Baiduspider/2.0; +http://www.baidu.com/search/spider.html)"
220.181.108.146 - - [09/Mar/2016:12:37:31 -0800] "GET / HTTP/1.1" 200 2578 "-" "Mozilla/5.0 (Windows NT 5.1; rv:6.0.2) Gecko/20100101 Firefox/6.0.2"
220.181.108.185 - - [09/Mar/2016:12:37:33 -0800] "GET / HTTP/1.1" 200 6995 "-" "Mozilla/5.0 (Windows NT 5.1; rv:6.0.2) Gecko/20100101 Firefox/6.0.2"
50.0.67.45 - - [09/Mar/2016:12:44:34 -0800] "GET /images/wsis-logo-sm.png HTTP/1.1" 200 6108 "http://www.thebackcountry.net/" "Mozilla/5.0 (Windows NT 6.1) AppleWebKit/537.36 (KHTML, like Gecko) Chrome/48.0.2564.116 Safari/537.36"
66.249.85.193 - - [09/Mar/2016:12:46:01 -0800] "GET / HTTP/1.1" 200 2615 "-" "Mozilla/5.0 (X11; Linux x86_64) AppleWebKit/537.36 (KHTML, like Gecko) Chrome/49.0.2623.75 Safari/537.36 Google Favicon"
66.102.6.129 - - [09/Mar/2016:12:46:01 -0800] "GET / HTTP/1.1" 200 2615 "http://www.google.com/search" "Mozilla/5.0 (X11; Linux x86_64) AppleWebKit/537.36 (KHTML, like Gecko; Google Web Preview) Chrome/27.0.1453 Safari/537.36"
66.249.85.196 - - [09/Mar/2016:12:46:01 -0800] "GET /favicon.ico HTTP/1.1" 200 4613 "-" "Mozilla/5.0 (X11; Linux x86_64) AppleWebKit/537.36 (KHTML, like Gecko) Chrome/49.0.2623.75 Safari/537.36 Google Favicon"
66.102.6.129 - - [09/Mar/2016:12:46:01 -0800] "GET /scripts/scripts/vendor/modernizr.js HTTP/1.1" 200 4902 "http://whereshouldiski.com/" "Mozilla/5.0 (X11; Linux x86_64) AppleWebKit/537.36 (KHTML, like Gecko; Google Web Preview) Chrome/27.0.1453 Safari/537.36"
66.102.6.190 - - [09/Mar/2016:12:46:01 -0800] "GET /bower_components/requirejs/require.js HTTP/1.1" 200 6702 "http://whereshouldiski.com/" "Mozilla/5.0 (X11; Linux x86_64) AppleWebKit/537.36 (KHTML, like Gecko; Google Web Preview) Chrome/27.0.1453 Safari/537.36"
66.102.6.187 - - [09/Mar/2016:12:46:01 -0800] "GET /styles/ee08faa9.main.css HTTP/1.1" 200 19447 "http://whereshouldiski.com/" "Mozilla/5.0 (X11; Linux x86_64) AppleWebKit/537.36 (KHTML, like Gecko; Google Web Preview) Chrome/27.0.1453 Safari/537.36"
66.102.6.190 - - [09/Mar/2016:12:46:01 -0800] "GET /images/loading.gif HTTP/1.1" 200 13881 "http://whereshouldiski.com/" "Mozilla/5.0 (X11; Linux x86_64) AppleWebKit/537.36 (KHTML, like Gecko; Google Web Preview) Chrome/27.0.1453 Safari/537.36"
66.102.6.187 - - [09/Mar/2016:12:46:01 -0800] "GET /images/logo-square-white-sm.png HTTP/1.1" 200 1683 "http://whereshouldiski.com/" "Mozilla/5.0 (X11; Linux x86_64) AppleWebKit/537.36 (KHTML, like Gecko; Google Web Preview) Chrome/27.0.1453 Safari/537.36"
66.102.6.129 - - [09/Mar/2016:12:46:01 -0800] "GET /scripts/fa48e319.main.js HTTP/1.1" 200 123455 "http://whereshouldiski.com/" "Mozilla/5.0 (X11; Linux x86_64) AppleWebKit/537.36 (KHTML, like Gecko; Google Web Preview) Chrome/27.0.1453 Safari/537.36"
66.102.6.187 - - [09/Mar/2016:12:46:02 -0800] "GET /images/button.png HTTP/1.1" 200 598 "http://whereshouldiski.com/" "Mozilla/5.0 (X11; Linux x86_64) AppleWebKit/537.36 (KHTML, like Gecko; Google Web Preview) Chrome/27.0.1453 Safari/537.36"
66.102.6.129 - - [09/Mar/2016:12:46:02 -0800] "GET /images/greyHeader.png HTTP/1.1" 200 509 "http://whereshouldiski.com/" "Mozilla/5.0 (X11; Linux x86_64) AppleWebKit/537.36 (KHTML, like Gecko; Google Web Preview) Chrome/27.0.1453 Safari/537.36"
66.102.6.129 - - [09/Mar/2016:12:46:02 -0800] "GET /lib/reccapi.php?fields=t HTTP/1.1" 200 1864 "http://whereshouldiski.com/" "Mozilla/5.0 (X11; Linux x86_64) AppleWebKit/537.36 (KHTML, like Gecko; Google Web Preview) Chrome/27.0.1453 Safari/537.36"
66.102.6.187 - - [09/Mar/2016:12:46:02 -0800] "GET /images/snowflake5.png HTTP/1.1" 200 2857 "http://whereshouldiski.com/" "Mozilla/5.0 (X11; Linux x86_64) AppleWebKit/537.36 (KHTML, like Gecko; Google Web Preview) Chrome/27.0.1453 Safari/537.36"
66.102.6.190 - - [09/Mar/2016:12:46:02 -0800] "GET /images/shading-icon.png HTTP/1.1" 200 536 "http://whereshouldiski.com/" "Mozilla/5.0 (X11; Linux x86_64) AppleWebKit/537.36 (KHTML, like Gecko; Google Web Preview) Chrome/27.0.1453 Safari/537.36"
66.102.6.187 - - [09/Mar/2016:12:46:02 -0800] "GET /images/mtns-icon.png HTTP/1.1" 200 1097 "http://whereshouldiski.com/" "Mozilla/5.0 (X11; Linux x86_64) AppleWebKit/537.36 (KHTML, like Gecko; Google Web Preview) Chrome/27.0.1453 Safari/537.36"
66.102.6.190 - - [09/Mar/2016:12:46:02 -0800] "GET /images/bluebird5.png HTTP/1.1" 200 2178 "http://whereshouldiski.com/" "Mozilla/5.0 (X11; Linux x86_64) AppleWebKit/537.36 (KHTML, like Gecko; Google Web Preview) Chrome/27.0.1453 Safari/537.36"
66.102.6.187 - - [09/Mar/2016:12:46:02 -0800] "GET /images/star5.png HTTP/1.1" 200 1784 "http://whereshouldiski.com/" "Mozilla/5.0 (X11; Linux x86_64) AppleWebKit/537.36 (KHTML, like Gecko; Google Web Preview) Chrome/27.0.1453 Safari/537.36"
127.0.0.1 - - [09/Mar/2016:12:46:06 -0800] "OPTIONS * HTTP/1.0" 200 126 "-" "Apache/2.2.22 (Ubuntu) (internal dummy connection)"
127.0.0.1 - - [09/Mar/2016:12:46:07 -0800] "OPTIONS * HTTP/1.0" 200 126 "-" "Apache/2.2.22 (Ubuntu) (internal dummy connection)"
127.0.0.1 - - [09/Mar/2016:12:46:08 -0800] "OPTIONS * HTTP/1.0" 200 126 "-" "Apache/2.2.22 (Ubuntu) (internal dummy connection)"
127.0.0.1 - - [09/Mar/2016:12:46:09 -0800] "OPTIONS * HTTP/1.0" 200 126 "-" "Apache/2.2.22 (Ubuntu) (internal dummy connection)"
127.0.0.1 - - [09/Mar/2016:12:46:10 -0800] "OPTIONS * HTTP/1.0" 200 126 "-" "Apache/2.2.22 (Ubuntu) (internal dummy connection)"
127.0.0.1 - - [09/Mar/2016:12:46:11 -0800] "OPTIONS * HTTP/1.0" 200 126 "-" "Apache/2.2.22 (Ubuntu) (internal dummy connection)"
127.0.0.1 - - [09/Mar/2016:12:46:12 -0800] "OPTIONS * HTTP/1.0" 200 126 "-" "Apache/2.2.22 (Ubuntu) (internal dummy connection)"
170.75.162.130 - - [09/Mar/2016:12:54:58 -0800] "GET /lib/reccapi.php?resort=snowmass HTTP/1.1" 200 979 "-" "node-superagent/1.4.0"
170.75.162.130 - - [09/Mar/2016:13:02:19 -0800] "GET /lib/reccapi.php?resort=snowbird HTTP/1.1" 200 990 "-" "node-superagent/1.4.0"
170.75.162.130 - - [09/Mar/2016:13:02:19 -0800] "GET /lib/reccapi.php?resort=snowbasin HTTP/1.1" 200 994 "-" "node-superagent/1.4.0"
66.249.79.234 - - [09/Mar/2016:13:03:42 -0800] "GET /bower_components/requirejs/require.js HTTP/1.1" 200 6702 "http://whereshouldiski.com/" "Mozilla/5.0 (compatible; Googlebot/2.1; +http://www.google.com/bot.html)"
66.249.79.227 - - [09/Mar/2016:13:03:43 -0800] "GET /scripts/scripts/vendor/modernizr.js HTTP/1.1" 200 4903 "http://whereshouldiski.com/" "Mozilla/5.0 (compatible; Googlebot/2.1; +http://www.google.com/bot.html)"
66.249.79.227 - - [09/Mar/2016:13:03:46 -0800] "GET /scripts/fa48e319.main.js HTTP/1.1" 200 123455 "http://whereshouldiski.com/" "Mozilla/5.0 (compatible; Googlebot/2.1; +http://www.google.com/bot.html)"
66.249.79.220 - - [09/Mar/2016:13:03:47 -0800] "GET /lib/reccapi.php?resort=missionridge&date=2016-03-10 HTTP/1.1" 200 1093 "http://whereshouldiski.com/" "Mozilla/5.0 (compatible; Googlebot/2.1; +http://www.google.com/bot.html)"
66.249.79.227 - - [09/Mar/2016:13:03:49 -0800] "GET /lib/resortDataSearchD3.php?size=7&sortDate=T&resort=missionridge&dateStart=2016-03-08 HTTP/1.1" 200 880 "http://whereshouldiski.com/" "Mozilla/5.0 (compatible; Googlebot/2.1; +http://www.google.com/bot.html)"
66.249.79.220 - - [09/Mar/2016:13:03:49 -0800] "GET /lib/reccapi.php?fields=t&date=2016-03-10&coords=47.28%2C-120.39&size=7&sort=distance HTTP/1.1" 200 1422 "http://whereshouldiski.com/" "Mozilla/5.0 (compatible; Googlebot/2.1; +http://www.google.com/bot.html)"
66.249.79.220 - - [09/Mar/2016:13:07:08 -0800] "GET /styles/ee08faa9.main.css HTTP/1.1" 200 19447 "-" "Mozilla/5.0 (compatible; Googlebot/2.1; +http://www.google.com/bot.html)"
66.249.79.220 - - [09/Mar/2016:13:07:14 -0800] "GET /lib/reccapi.php?resort=missionridge&date=2016-01-23 HTTP/1.1" 200 1108 "http://whereshouldiski.com/" "Mozilla/5.0 (compatible; Googlebot/2.1; +http://www.google.com/bot.html)"
66.249.79.220 - - [09/Mar/2016:13:07:21 -0800] "GET /lib/resortDataSearchD3.php?size=7&sortDate=T&resort=missionridge&dateStart=2016-01-21 HTTP/1.1" 200 883 "http://whereshouldiski.com/" "Mozilla/5.0 (compatible; Googlebot/2.1; +http://www.google.com/bot.html)"
128.120.141.240 - - [09/Mar/2016:13:08:20 -0800] "GET /images/wsis-logo-sm.png HTTP/1.1" 200 6108 "http://www.thebackcountry.net/" "Mozilla/5.0 (Windows NT 6.1; WOW64) AppleWebKit/537.36 (KHTML, like Gecko) Chrome/48.0.2564.116 Safari/537.36"
91.196.50.33 - - [09/Mar/2016:13:10:04 -0800] "GET http://testp3.pospr.waw.pl/testproxy.php HTTP/1.1" 404 449 "-" "Mozilla/5.0 (Windows NT 5.1; rv:32.0) Gecko/20100101 Firefox/31.0"
52.33.40.213 - - [09/Mar/2016:13:20:33 -0800] "GET /lib/reccapi.php?resort=smugglersnotch HTTP/1.1" 200 996 "-" "node-superagent/1.4.0"
170.75.162.130 - - [09/Mar/2016:13:22:02 -0800] "GET /lib/reccapi.php?resort=mountbachelor HTTP/1.1" 200 1110 "-" "node-superagent/1.4.0"
193.201.224.176 - - [09/Mar/2016:13:25:45 -0800] "GET /angel_ckf110/editor/ HTTP/1.1" 404 476 "-" "compatible;Baiduspider/2.0; +http://www.baidu.com/search/spider.html"
73.241.250.170 - - [09/Mar/2016:13:29:39 -0800] "GET /images/wsis-logo-sm.png HTTP/1.1" 200 6108 "http://www.thebackcountry.net/" "Mozilla/5.0 (Windows NT 6.1; WOW64) AppleWebKit/537.36 (KHTML, like Gecko) Chrome/48.0.2564.116 Safari/537.36"
180.76.15.21 - - [09/Mar/2016:13:31:13 -0800] "GET / HTTP/1.1" 200 6995 "-" "Mozilla/5.0 (compatible; Baiduspider/2.0; +http://www.baidu.com/search/spider.html)"
180.76.15.9 - - [09/Mar/2016:13:32:06 -0800] "GET / HTTP/1.1" 200 6995 "-" "Mozilla/5.0 (compatible; Baiduspider/2.0; +http://www.baidu.com/search/spider.html)"
75.140.39.18 - - [09/Mar/2016:13:36:00 -0800] "GET /images/wsis-logo-sm.png HTTP/1.1" 200 6108 "http://www.thebackcountry.net/" "Mozilla/5.0 (Macintosh; Intel Mac OS X 10_11_3) AppleWebKit/537.36 (KHTML, like Gecko) Chrome/48.0.2564.116 Safari/537.36"
166.137.242.18 - - [09/Mar/2016:13:39:41 -0800] "GET /images/wsis-logo-sm.png HTTP/1.1" 200 6108 "http://www.thebackcountry.net/" "Mozilla/5.0 (iPhone; CPU iPhone OS 9_2_1 like Mac OS X) AppleWebKit/601.1.46 (KHTML, like Gecko) Version/9.0 Mobile/13D15 Safari/601.1"
62.4.22.54 - - [09/Mar/2016:13:41:37 -0800] "GET / HTTP/1.1" 200 2615 "-" "Stratagems Kumo"
62.4.22.54 - - [09/Mar/2016:13:41:38 -0800] "GET /robots.txt HTTP/1.1" 200 419 "-" "Stratagems Kumo"
62.4.22.54 - - [09/Mar/2016:13:41:38 -0800] "GET / HTTP/1.1" 200 2614 "-" "Stratagems Kumo"
62.4.22.54 - - [09/Mar/2016:13:41:38 -0800] "GET /robots.txt HTTP/1.1" 200 418 "-" "Stratagems Kumo"
62.4.22.54 - - [09/Mar/2016:13:41:38 -0800] "GET / HTTP/1.1" 200 2614 "-" "Stratagems Kumo"
62.4.22.54 - - [09/Mar/2016:13:41:38 -0800] "GET /robots.txt HTTP/1.1" 200 418 "-" "Stratagems Kumo"
62.4.22.54 - - [09/Mar/2016:13:42:25 -0800] "GET / HTTP/1.1" 200 2615 "-" "Stratagems Kumo"
62.4.22.54 - - [09/Mar/2016:13:42:26 -0800] "GET /robots.txt HTTP/1.1" 200 419 "-" "Stratagems Kumo"
12.22.4.226 - - [09/Mar/2016:13:48:26 -0800] "GET /images/wsis-logo-sm.png HTTP/1.1" 200 6108 "http://www.thebackcountry.net/" "Mozilla/5.0 (Windows NT 6.1) AppleWebKit/537.36 (KHTML, like Gecko) Chrome/48.0.2564.116 Safari/537.36"
170.75.162.130 - - [09/Mar/2016:13:54:46 -0800] "GET /lib/reccapi.php?resort=sugarbowl HTTP/1.1" 200 1048 "-" "node-superagent/1.4.0"
170.75.162.130 - - [09/Mar/2016:13:54:46 -0800] "GET /lib/reccapi.php?resort=mammothmountain HTTP/1.1" 200 1097 "-" "node-superagent/1.4.0"
47.208.178.70 - - [09/Mar/2016:13:57:40 -0800] "GET /images/wsis-logo-sm.png HTTP/1.1" 200 6108 "http://www.thebackcountry.net/" "Mozilla/5.0 (iPhone; CPU iPhone OS 9_2_1 like Mac OS X) AppleWebKit/601.1.46 (KHTML, like Gecko) Version/9.0 Mobile/13D15 Safari/601.1"
66.249.79.234 - - [09/Mar/2016:14:01:02 -0800] "GET /lib/reccapi.php?resort=missionridge&date=2016-03-11 HTTP/1.1" 200 1094 "http://whereshouldiski.com/" "Mozilla/5.0 (compatible; Googlebot/2.1; +http://www.google.com/bot.html)"
66.249.79.234 - - [09/Mar/2016:14:01:03 -0800] "GET /lib/reccapi.php?fields=t&date=2016-03-11&coords=47.28%2C-120.39&size=7&sort=distance HTTP/1.1" 200 1413 "http://whereshouldiski.com/" "Mozilla/5.0 (compatible; Googlebot/2.1; +http://www.google.com/bot.html)"
66.249.79.220 - - [09/Mar/2016:14:01:03 -0800] "GET /lib/resortDataSearchD3.php?size=7&sortDate=T&resort=missionridge&dateStart=2016-03-09 HTTP/1.1" 200 797 "http://whereshouldiski.com/" "Mozilla/5.0 (compatible; Googlebot/2.1; +http://www.google.com/bot.html)"
170.75.162.130 - - [09/Mar/2016:14:05:48 -0800] "GET /lib/reccapi.php?resort=mounthoodmeadows HTTP/1.1" 200 1100 "-" "node-superagent/1.4.0"
170.75.162.130 - - [09/Mar/2016:14:15:09 -0800] "GET /lib/reccapi.php?resort=redmountain HTTP/1.1" 200 912 "-" "node-superagent/1.4.0"
170.75.162.130 - - [09/Mar/2016:14:15:59 -0800] "GET /lib/reccapi.php?resort=mtrose HTTP/1.1" 200 1050 "-" "node-superagent/1.4.0"
170.75.162.130 - - [09/Mar/2016:14:15:59 -0800] "GET /lib/reccapi.php?resort=northstar-at-tahoe HTTP/1.1" 200 1058 "-" "node-superagent/1.4.0"
107.3.80.107 - - [09/Mar/2016:14:17:55 -0800] "GET /images/wsis-logo-sm.png HTTP/1.1" 200 6108 "http://www.thebackcountry.net/" "Mozilla/5.0 (Macintosh; Intel Mac OS X 10_11_3) AppleWebKit/537.36 (KHTML, like Gecko) Chrome/48.0.2564.116 Safari/537.36"
128.111.50.30 - - [09/Mar/2016:14:19:12 -0800] "GET /images/wsis-logo-sm.png HTTP/1.1" 200 6108 "http://www.thebackcountry.net/" "Mozilla/5.0 (Macintosh; Intel Mac OS X 10_10_5) AppleWebKit/537.36 (KHTML, like Gecko) Chrome/48.0.2564.116 Safari/537.36"
70.214.6.129 - - [09/Mar/2016:14:19:58 -0800] "GET /images/wsis-logo-sm.png HTTP/1.1" 200 6108 "http://www.thebackcountry.net/" "Mozilla/5.0 (iPhone; CPU iPhone OS 9_2_1 like Mac OS X) AppleWebKit/601.1.46 (KHTML, like Gecko) Version/9.0 Mobile/13D15 Safari/601.1"
98.215.113.69 - - [09/Mar/2016:14:21:04 -0800] "GET /images/wsis-logo-sm.png HTTP/1.1" 200 6108 "http://www.thebackcountry.net/" "Mozilla/5.0 (Windows NT 10.0; WOW64; rv:44.0) Gecko/20100101 Firefox/44.0"
66.249.79.220 - - [09/Mar/2016:14:21:13 -0800] "GET /lib/reccapi.php?resort=alpenglow&date=2016-02-27 HTTP/1.1" 200 999 "http://whereshouldiski.com/" "Mozilla/5.0 (compatible; Googlebot/2.1; +http://www.google.com/bot.html)"
66.249.79.220 - - [09/Mar/2016:14:21:14 -0800] "GET /lib/resortDataSearchD3.php?size=7&sortDate=T&resort=alpenglow&dateStart=2016-02-25 HTTP/1.1" 200 878 "http://whereshouldiski.com/" "Mozilla/5.0 (compatible; Googlebot/2.1; +http://www.google.com/bot.html)"
66.249.79.227 - - [09/Mar/2016:14:21:23 -0800] "GET /lib/reccapi.php?fields=t&date=2016-02-27&coords=61.24%2C-149.5&size=7&sort=distance HTTP/1.1" 200 1322 "http://whereshouldiski.com/" "Mozilla/5.0 (compatible; Googlebot/2.1; +http://www.google.com/bot.html)"
123.125.71.73 - - [09/Mar/2016:14:27:04 -0800] "GET / HTTP/1.1" 200 2578 "-" "Mozilla/5.0 (Windows NT 5.1; rv:6.0.2) Gecko/20100101 Firefox/6.0.2"
123.125.71.69 - - [09/Mar/2016:14:27:09 -0800] "GET / HTTP/1.1" 200 6995 "-" "Mozilla/5.0 (Windows NT 5.1; rv:6.0.2) Gecko/20100101 Firefox/6.0.2"
180.76.15.26 - - [09/Mar/2016:14:31:46 -0800] "GET / HTTP/1.1" 200 6995 "-" "Mozilla/5.0 (compatible; Baiduspider/2.0; +http://www.baidu.com/search/spider.html)"
170.75.162.130 - - [09/Mar/2016:14:32:11 -0800] "GET /lib/reccapi.php?resort=keystone HTTP/1.1" 200 1093 "-" "node-superagent/1.4.0"
180.76.15.162 - - [09/Mar/2016:14:32:44 -0800] "GET / HTTP/1.1" 200 6995 "-" "Mozilla/5.0 (compatible; Baiduspider/2.0; +http://www.baidu.com/search/spider.html)"
220.181.108.78 - - [09/Mar/2016:14:37:44 -0800] "GET / HTTP/1.1" 200 2578 "-" "Mozilla/5.0 (Windows NT 5.1; rv:6.0.2) Gecko/20100101 Firefox/6.0.2"
220.181.108.106 - - [09/Mar/2016:14:37:45 -0800] "GET / HTTP/1.1" 200 6995 "-" "Mozilla/5.0 (Windows NT 5.1; rv:6.0.2) Gecko/20100101 Firefox/6.0.2"
193.201.224.176 - - [09/Mar/2016:14:43:16 -0800] "GET /aspku_admin/editor/editor/ HTTP/1.1" 404 476 "-" "compatible;Baiduspider/2.0; +http://www.baidu.com/search/spider.html"
66.249.84.247 - - [09/Mar/2016:14:47:52 -0800] "GET / HTTP/1.1" 200 2615 "-" "Mozilla/5.0 (X11; Linux x86_64) AppleWebKit/537.36 (KHTML, like Gecko) Chrome/49.0.2623.75 Safari/537.36 Google Favicon"
66.249.84.241 - - [09/Mar/2016:14:47:53 -0800] "GET /favicon.ico HTTP/1.1" 200 4613 "-" "Mozilla/5.0 (X11; Linux x86_64) AppleWebKit/537.36 (KHTML, like Gecko) Chrome/49.0.2623.75 Safari/537.36 Google Favicon"
52.33.40.213 - - [09/Mar/2016:14:58:19 -0800] "GET /lib/reccapi.php?resort=mountspokane HTTP/1.1" 200 1051 "-" "node-superagent/1.4.0"
52.33.40.213 - - [09/Mar/2016:14:58:19 -0800] "GET /lib/reccapi.php?resort=mountbachelor HTTP/1.1" 200 1110 "-" "node-superagent/1.4.0"
52.33.40.213 - - [09/Mar/2016:14:59:09 -0800] "GET /lib/reccapi.php?resort=schweitzer HTTP/1.1" 200 1054 "-" "node-superagent/1.4.0"
52.33.40.213 - - [09/Mar/2016:14:59:19 -0800] "GET /lib/reccapi.php?resort=stevenspass HTTP/1.1" 200 1080 "-" "node-superagent/1.4.0"
66.249.79.234 - - [09/Mar/2016:14:59:53 -0800] "GET /lib/reccapi.php?resort=alpenglow&date=2016-02-23 HTTP/1.1" 200 1019 "http://whereshouldiski.com/" "Mozilla/5.0 (compatible; Googlebot/2.1; +http://www.google.com/bot.html)"
66.249.79.220 - - [09/Mar/2016:14:59:55 -0800] "GET /lib/reccapi.php?fields=t&date=2016-02-23&coords=61.24%2C-149.5&size=7&sort=distance HTTP/1.1" 200 1340 "http://whereshouldiski.com/" "Mozilla/5.0 (compatible; Googlebot/2.1; +http://www.google.com/bot.html)"
66.249.79.220 - - [09/Mar/2016:14:59:55 -0800] "GET /lib/resortDataSearchD3.php?size=7&sortDate=T&resort=alpenglow&dateStart=2016-02-21 HTTP/1.1" 200 875 "http://whereshouldiski.com/" "Mozilla/5.0 (compatible; Googlebot/2.1; +http://www.google.com/bot.html)"
52.33.40.213 - - [09/Mar/2016:15:03:19 -0800] "GET /lib/reccapi.php?resort=mammothmountain HTTP/1.1" 200 1097 "-" "node-superagent/1.4.0"
52.33.40.213 - - [09/Mar/2016:15:03:19 -0800] "GET /lib/reccapi.php?resort=snowbird HTTP/1.1" 200 990 "-" "node-superagent/1.4.0"
52.33.40.213 - - [09/Mar/2016:15:03:19 -0800] "GET /lib/reccapi.php?resort=alta HTTP/1.1" 200 985 "-" "node-superagent/1.4.0"
170.75.162.130 - - [09/Mar/2016:15:06:26 -0800] "GET /lib/reccapi.php?resort=diamondpeak HTTP/1.1" 200 1044 "-" "node-superagent/1.4.0"
170.75.162.130 - - [09/Mar/2016:15:06:26 -0800] "GET /lib/reccapi.php?resort=sierra-at-tahoe HTTP/1.1" 200 1061 "-" "node-superagent/1.4.0"
75.140.56.178 - - [09/Mar/2016:15:08:22 -0800] "GET /images/wsis-logo-sm.png HTTP/1.1" 200 6108 "http://www.thebackcountry.net/" "Mozilla/5.0 (Windows NT 6.3; Win64; x64) AppleWebKit/537.36 (KHTML, like Gecko) Chrome/48.0.2564.116 Safari/537.36"
170.75.162.130 - - [09/Mar/2016:15:13:26 -0800] "GET /lib/reccapi.php?resort=squawvalleyusa HTTP/1.1" 200 1084 "-" "node-superagent/1.4.0"
170.75.162.130 - - [09/Mar/2016:15:14:06 -0800] "GET /lib/reccapi.php?resort=heavenly HTTP/1.1" 200 1047 "-" "node-superagent/1.4.0"
52.33.40.213 - - [09/Mar/2016:15:15:30 -0800] "GET /lib/reccapi.php?resort=northstar-at-tahoe HTTP/1.1" 200 1064 "-" "node-superagent/1.4.0"
70.214.4.228 - - [09/Mar/2016:15:16:12 -0800] "GET /images/wsis-logo-sm.png HTTP/1.1" 200 6108 "http://www.thebackcountry.net/" "Mozilla/5.0 (Linux; Android 5.0; SM-G900V Build/LRX21T) AppleWebKit/537.36 (KHTML, like Gecko) Chrome/47.0.2526.83 Mobile Safari/537.36"
70.214.4.228 - - [09/Mar/2016:15:16:18 -0800] "GET /images/wsis-logo-sm.png HTTP/1.1" 304 187 "http://www.thebackcountry.net/" "Mozilla/5.0 (Linux; Android 5.0; SM-G900V Build/LRX21T) AppleWebKit/537.36 (KHTML, like Gecko) Chrome/47.0.2526.83 Mobile Safari/537.36"
70.214.4.228 - - [09/Mar/2016:15:16:39 -0800] "-" 408 0 "-" "-"
70.214.4.228 - - [09/Mar/2016:15:16:39 -0800] "-" 408 0 "-" "-"
70.89.178.1 - - [09/Mar/2016:15:16:46 -0800] "GET /images/wsis-logo-sm.png HTTP/1.1" 200 6108 "http://www.thebackcountry.net/" "Mozilla/5.0 (Windows NT 6.3; Win64; x64) AppleWebKit/537.36 (KHTML, like Gecko) Chrome/48.0.2564.116 Safari/537.36"
170.75.162.130 - - [09/Mar/2016:15:16:47 -0800] "GET /lib/reccapi.php?resort=whitefacemountain HTTP/1.1" 200 1009 "-" "node-superagent/1.4.0"
180.76.15.141 - - [09/Mar/2016:15:28:17 -0800] "GET / HTTP/1.1" 200 6995 "-" "Mozilla/5.0 (compatible; Baiduspider/2.0; +http://www.baidu.com/search/spider.html)"
180.76.15.32 - - [09/Mar/2016:15:29:05 -0800] "GET / HTTP/1.1" 200 6995 "-" "Mozilla/5.0 (compatible; Baiduspider/2.0; +http://www.baidu.com/search/spider.html)"
12.154.11.242 - - [09/Mar/2016:15:34:18 -0800] "GET /images/wsis-logo-sm.png HTTP/1.1" 200 6108 "http://www.thebackcountry.net/" "Mozilla/5.0 (Macintosh; Intel Mac OS X 10.10; rv:44.0) Gecko/20100101 Firefox/44.0"
66.249.85.196 - - [09/Mar/2016:15:37:21 -0800] "GET /images/wsis-logo-sm.png HTTP/1.1" 200 6108 "http://www.thebackcountry.net/" "Mozilla/5.0 (Linux; Android 6.0; VS985 4G Build/MRA58K) AppleWebKit/537.36 (KHTML, like Gecko) Chrome/48.0.2564.95 Mobile Safari/537.36"
130.118.101.19 - - [09/Mar/2016:15:54:32 -0800] "GET /images/wsis-logo-sm.png HTTP/1.1" 200 6108 "http://www.thebackcountry.net/" "Mozilla/5.0 (Windows NT 6.1; WOW64) AppleWebKit/537.36 (KHTML, like Gecko) Chrome/48.0.2564.109 Safari/537.36"
52.33.40.213 - - [09/Mar/2016:15:55:33 -0800] "GET /lib/reccapi.php?resort=angelfire HTTP/1.1" 200 1006 "-" "node-superagent/1.4.0"
52.33.40.213 - - [09/Mar/2016:15:57:13 -0800] "GET /lib/reccapi.php?resort=monarch HTTP/1.1" 200 976 "-" "node-superagent/1.4.0"
52.33.40.213 - - [09/Mar/2016:15:57:13 -0800] "GET /lib/reccapi.php?resort=crystalmountain HTTP/1.1" 200 1049 "-" "node-superagent/1.4.0"
193.201.224.176 - - [09/Mar/2016:16:01:21 -0800] "GET /aspkuadmin/editor/editor/ HTTP/1.1" 404 476 "-" "compatible;Baiduspider/2.0; +http://www.baidu.com/search/spider.html"
52.33.40.213 - - [09/Mar/2016:16:01:43 -0800] "GET /lib/reccapi.php?resort=alyeska HTTP/1.1" 200 953 "-" "node-superagent/1.4.0"
37.115.189.186 - - [09/Mar/2016:16:02:25 -0800] "GET / HTTP/1.1" 200 6976 "http://www.growshop.es/" "Mozilla/3.0 (compatible; WebCapture 2.0; Auto; Windows)"
37.115.189.186 - - [09/Mar/2016:16:02:25 -0800] "GET / HTTP/1.1" 200 6976 "http://iqoption.pro/" "Mozilla/4.0 (compatible; MSIE 6.0; Windows NT 5.1)"
37.115.189.186 - - [09/Mar/2016:16:02:26 -0800] "GET / HTTP/1.1" 200 6976 "http://grand-chlen.ru/" "Mozilla/4.0 (compatible; MSIE 6.0; Windows NT 5.1; en) Opera 8.00"
37.115.189.186 - - [09/Mar/2016:16:02:26 -0800] "GET / HTTP/1.1" 200 6976 "http://www.womensplay.net/" "Mozilla/4.0 (compatible; MSIE 6.0; MSIE 5.5; Windows NT 4.0) Opera 7.0 [en]"
37.115.189.186 - - [09/Mar/2016:16:02:26 -0800] "GET / HTTP/1.1" 200 6976 "http://ekaterinburg.xrus.org/" "Mozilla/5.0 (Windows NT 5.1; U; en) Opera 8.00"
37.115.189.186 - - [09/Mar/2016:16:02:26 -0800] "GET / HTTP/1.1" 200 6976 "http://www.growshop.es/" "Mozilla/3.0 (compatible; WebCapture 2.0; Auto; Windows)"
37.115.189.186 - - [09/Mar/2016:16:02:26 -0800] "GET / HTTP/1.1" 200 6976 "http://iqoption.pro/" "Mozilla/4.0 (compatible; MSIE 6.0; Windows NT 5.1)"
37.115.189.186 - - [09/Mar/2016:16:02:26 -0800] "GET / HTTP/1.1" 200 6976 "http://www.womensplay.net/" "Mozilla/4.0 (compatible; MSIE 6.0; MSIE 5.5; Windows NT 4.0) Opera 7.0 [en]"
37.115.189.186 - - [09/Mar/2016:16:02:26 -0800] "GET / HTTP/1.1" 200 6976 "http://ekaterinburg.xrus.org/" "Mozilla/5.0 (Windows NT 5.1; U; en) Opera 8.00"
37.115.189.186 - - [09/Mar/2016:16:02:27 -0800] "GET / HTTP/1.1" 200 6976 "http://www.growshop.es/" "Mozilla/3.0 (compatible; WebCapture 2.0; Auto; Windows)"
37.115.189.186 - - [09/Mar/2016:16:02:27 -0800] "GET / HTTP/1.1" 200 6976 "http://iqoption.pro/" "Mozilla/4.0 (compatible; MSIE 6.0; Windows NT 5.1)"
37.115.189.186 - - [09/Mar/2016:16:02:27 -0800] "GET / HTTP/1.1" 200 6976 "http://ekaterinburg.xrus.org/" "Mozilla/5.0 (Windows NT 5.1; U; en) Opera 8.00"
37.115.189.186 - - [09/Mar/2016:16:02:27 -0800] "GET / HTTP/1.1" 200 6976 "http://grand-chlen.ru/" "Mozilla/4.0 (compatible; MSIE 6.0; Windows NT 5.1; en) Opera 8.00"
37.115.189.186 - - [09/Mar/2016:16:02:28 -0800] "GET / HTTP/1.1" 200 6976 "http://grand-chlen.ru/" "Mozilla/4.0 (compatible; MSIE 6.0; Windows NT 5.1; en) Opera 8.00"
37.115.189.186 - - [09/Mar/2016:16:02:28 -0800] "GET / HTTP/1.1" 200 6976 "http://www.womensplay.net/" "Mozilla/4.0 (compatible; MSIE 6.0; MSIE 5.5; Windows NT 4.0) Opera 7.0 [en]"
52.33.40.213 - - [09/Mar/2016:16:03:14 -0800] "GET /lib/reccapi.php?resort=whitefacemountain HTTP/1.1" 200 1009 "-" "node-superagent/1.4.0"
206.29.176.52 - - [09/Mar/2016:16:06:59 -0800] "GET /lib/reccapi.php?fields=t&state=WA&powder=3 HTTP/1.1" 200 1075 "http://whereshouldiski.com/" "Mozilla/5.0 (Macintosh; Intel Mac OS X 10_10_5) AppleWebKit/600.8.9 (KHTML, like Gecko) WebClip/10601.4.2 Safari/10601.4.4"
170.75.162.130 - - [09/Mar/2016:16:08:04 -0800] "GET /lib/reccapi.php?resort=smugglersnotch HTTP/1.1" 200 998 "-" "node-superagent/1.4.0"
166.170.15.55 - - [09/Mar/2016:16:08:39 -0800] "GET /images/wsis-logo-sm.png HTTP/1.1" 200 6108 "http://www.thebackcountry.net/" "Mozilla/5.0 (iPhone; CPU iPhone OS 8_4_1 like Mac OS X) AppleWebKit/600.1.4 (KHTML, like Gecko) Version/8.0 Mobile/12H321 Safari/600.1.4"
189.158.175.185 - - [09/Mar/2016:16:17:15 -0800] "GET /images/wsis-logo-sm.png HTTP/1.1" 200 6108 "http://www.thebackcountry.net/" "Mozilla/5.0 (Windows NT 6.3; WOW64) AppleWebKit/537.36 (KHTML, like Gecko) Chrome/48.0.2564.116 Safari/537.36"
170.75.162.130 - - [09/Mar/2016:16:18:15 -0800] "GET /lib/reccapi.php?resort=devilshead HTTP/1.1" 200 941 "-" "node-superagent/1.4.0"
