67.170.222.55 - - [10/Feb/2016:05:27:19 -0800] "GET /images/wsis-logo-sm.png HTTP/1.1" 200 6108 "http://www.thebackcountry.net/" "Mozilla/5.0 (Macintosh; Intel Mac OS X 10_11_3) AppleWebKit/601.4.4 (KHTML, like Gecko) Version/9.0.3 Safari/601.4.4"
180.76.15.30 - - [10/Feb/2016:05:30:56 -0800] "GET / HTTP/1.1" 200 6995 "-" "Mozilla/5.0 (compatible; Baiduspider/2.0; +http://www.baidu.com/search/spider.html)"
180.76.15.141 - - [10/Feb/2016:05:31:46 -0800] "GET / HTTP/1.1" 200 6995 "-" "Mozilla/5.0 (compatible; Baiduspider/2.0; +http://www.baidu.com/search/spider.html)"
170.75.162.130 - - [10/Feb/2016:05:35:09 -0800] "GET /lib/reccapi.php?resort=sugarbush HTTP/1.1" 200 1043 "-" "node-superagent/1.4.0"
170.75.162.130 - - [10/Feb/2016:05:41:50 -0800] "GET /lib/reccapi.php?resort=snowbasin HTTP/1.1" 200 953 "-" "node-superagent/1.4.0"
170.75.162.130 - - [10/Feb/2016:05:42:50 -0800] "GET /lib/reccapi.php?resort=sierra-at-tahoe HTTP/1.1" 200 960 "-" "node-superagent/1.4.0"
170.75.162.130 - - [10/Feb/2016:05:43:00 -0800] "GET /lib/reccapi.php?resort=steamboat HTTP/1.1" 200 983 "-" "node-superagent/1.4.0"
170.75.162.130 - - [10/Feb/2016:05:43:50 -0800] "GET /lib/reccapi.php?resort=wildcatmountain HTTP/1.1" 200 1073 "-" "node-superagent/1.4.0"
170.75.162.130 - - [10/Feb/2016:05:45:20 -0800] "GET /lib/reccapi.php?resort=homewoodmountain HTTP/1.1" 200 988 "-" "node-superagent/1.4.0"
170.75.162.130 - - [10/Feb/2016:05:52:01 -0800] "GET /lib/reccapi.php?resort=stowe HTTP/1.1" 200 1022 "-" "node-superagent/1.4.0"
66.249.79.234 - - [10/Feb/2016:05:58:32 -0800] "GET /resorts?resort=jaypeak HTTP/1.1" 404 506 "-" "DoCoMo/2.0 N905i(c100;TB;W24H16) (compatible; Googlebot-Mobile/2.1; +http://www.google.com/bot.html)"
52.33.40.213 - - [10/Feb/2016:06:03:59 -0800] "GET /lib/reccapi.php?resort=heavenly HTTP/1.1" 200 988 "-" "node-superagent/1.4.0"
52.33.40.213 - - [10/Feb/2016:06:03:59 -0800] "GET /lib/reccapi.php?resort=kirkwood HTTP/1.1" 200 979 "-" "node-superagent/1.4.0"
170.75.162.130 - - [10/Feb/2016:06:08:03 -0800] "GET /lib/reccapi.php?resort=jaypeak HTTP/1.1" 200 1075 "-" "node-superagent/1.4.0"
180.76.15.8 - - [10/Feb/2016:06:12:46 -0800] "GET / HTTP/1.1" 304 173 "-" "Mozilla/5.0 (compatible; Baiduspider/2.0; +http://www.baidu.com/search/spider.html)"
170.75.162.130 - - [10/Feb/2016:06:13:23 -0800] "GET /lib/reccapi.php?resort=coppermountain HTTP/1.1" 200 999 "-" "node-superagent/1.4.0"
170.75.162.130 - - [10/Feb/2016:06:21:23 -0800] "GET /lib/reccapi.php?resort=madriverglen HTTP/1.1" 200 1044 "-" "node-superagent/1.4.0"
188.166.28.86 - - [10/Feb/2016:06:25:03 -0800] "GET /robots.txt HTTP/1.0" 200 382 "-" "SafeDNS search bot/Nutch-1.9 (https://www.safedns.com/searchbot; support [at] safedns [dot] com)"
188.166.28.86 - - [10/Feb/2016:06:25:03 -0800] "GET / HTTP/1.0" 200 2578 "-" "SafeDNS search bot/Nutch-1.9 (https://www.safedns.com/searchbot; support [at] safedns [dot] com)"
170.75.162.130 - - [10/Feb/2016:06:26:14 -0800] "GET /lib/reccapi.php?resort=solitude HTTP/1.1" 200 934 "-" "node-superagent/1.4.0"
180.76.15.141 - - [10/Feb/2016:06:31:16 -0800] "GET / HTTP/1.1" 200 6995 "-" "Mozilla/5.0 (compatible; Baiduspider/2.0; +http://www.baidu.com/search/spider.html)"
180.76.15.29 - - [10/Feb/2016:06:32:08 -0800] "GET / HTTP/1.1" 200 6995 "-" "Mozilla/5.0 (compatible; Baiduspider/2.0; +http://www.baidu.com/search/spider.html)"
188.166.28.86 - - [10/Feb/2016:06:34:06 -0800] "GET /about HTTP/1.0" 404 469 "-" "SafeDNS search bot/Nutch-1.9 (https://www.safedns.com/searchbot; support [at] safedns [dot] com)"
170.75.162.130 - - [10/Feb/2016:06:34:14 -0800] "GET /lib/reccapi.php?resort=winterpark HTTP/1.1" 200 975 "-" "node-superagent/1.4.0"
123.125.71.73 - - [10/Feb/2016:06:39:05 -0800] "-" 408 0 "-" "-"
170.75.162.130 - - [10/Feb/2016:06:39:35 -0800] "GET /lib/reccapi.php?resort=redmountain HTTP/1.1" 200 902 "-" "node-superagent/1.4.0"
220.181.108.178 - - [10/Feb/2016:06:41:19 -0800] "GET / HTTP/1.1" 200 2578 "-" "Mozilla/5.0 (Windows NT 5.1; rv:6.0.2) Gecko/20100101 Firefox/6.0.2"
220.181.108.151 - - [10/Feb/2016:06:41:23 -0800] "GET / HTTP/1.1" 200 6995 "-" "Mozilla/5.0 (Windows NT 5.1; rv:6.0.2) Gecko/20100101 Firefox/6.0.2"
52.33.40.213 - - [10/Feb/2016:06:42:11 -0800] "GET /lib/reccapi.php?resort=northstar-at-tahoe HTTP/1.1" 200 956 "-" "node-superagent/1.4.0"
52.33.40.213 - - [10/Feb/2016:06:42:41 -0800] "GET /lib/reccapi.php?resort=telluride HTTP/1.1" 200 973 "-" "node-superagent/1.4.0"
170.75.162.130 - - [10/Feb/2016:06:44:35 -0800] "GET /lib/reccapi.php?resort=sundayriver HTTP/1.1" 200 1000 "-" "node-superagent/1.4.0"
170.75.162.130 - - [10/Feb/2016:06:47:35 -0800] "GET /lib/reccapi.php?resort=aspenmountain HTTP/1.1" 200 990 "-" "node-superagent/1.4.0"
170.75.162.130 - - [10/Feb/2016:06:47:36 -0800] "GET /lib/reccapi.php?resort=aspenheights HTTP/1.1" 200 994 "-" "node-superagent/1.4.0"
170.75.162.130 - - [10/Feb/2016:06:47:36 -0800] "GET /lib/reccapi.php?resort=buttermilk HTTP/1.1" 200 970 "-" "node-superagent/1.4.0"
170.75.162.130 - - [10/Feb/2016:06:47:36 -0800] "GET /lib/reccapi.php?resort=crestedbutte HTTP/1.1" 200 969 "-" "node-superagent/1.4.0"
170.75.162.130 - - [10/Feb/2016:06:47:36 -0800] "GET /lib/reccapi.php?resort=loveland HTTP/1.1" 200 967 "-" "node-superagent/1.4.0"
170.75.162.130 - - [10/Feb/2016:06:47:36 -0800] "GET /lib/reccapi.php?resort=monarch HTTP/1.1" 200 978 "-" "node-superagent/1.4.0"
170.75.162.130 - - [10/Feb/2016:06:47:36 -0800] "GET /lib/reccapi.php?resort=snowmass HTTP/1.1" 200 950 "-" "node-superagent/1.4.0"
52.33.40.213 - - [10/Feb/2016:06:57:22 -0800] "GET /lib/reccapi.php?resort=brighton HTTP/1.1" 200 945 "-" "node-superagent/1.4.0"
52.33.40.213 - - [10/Feb/2016:06:59:22 -0800] "GET /lib/reccapi.php?resort=steamboat HTTP/1.1" 200 983 "-" "node-superagent/1.4.0"
66.249.74.54 - - [10/Feb/2016:07:03:18 -0800] "GET /robots.txt HTTP/1.1" 200 419 "-" "Mozilla/5.0 (compatible; Googlebot/2.1; +http://www.google.com/bot.html)"
66.249.74.58 - - [10/Feb/2016:07:03:18 -0800] "GET / HTTP/1.1" 200 2615 "-" "Mozilla/5.0 (iPhone; CPU iPhone OS 8_3 like Mac OS X) AppleWebKit/600.1.4 (KHTML, like Gecko) Version/8.0 Mobile/12F70 Safari/600.1.4 (compatible; Googlebot/2.1; +http://www.google.com/bot.html)"
170.75.162.130 - - [10/Feb/2016:07:03:27 -0800] "GET /lib/reccapi.php?resort=crystalmountain HTTP/1.1" 200 991 "-" "node-superagent/1.4.0"
108.69.250.178 - - [10/Feb/2016:07:07:44 -0800] "GET /images/wsis-logo-sm.png HTTP/1.1" 200 6108 "http://www.thebackcountry.net/" "Mozilla/5.0 (Macintosh; Intel Mac OS X 10_7_5) AppleWebKit/537.36 (KHTML, like Gecko) Chrome/47.0.2526.106 Safari/537.36"
170.75.162.130 - - [10/Feb/2016:07:07:47 -0800] "GET /lib/reccapi.php?resort=mtrose HTTP/1.1" 200 960 "-" "node-superagent/1.4.0"
170.75.162.130 - - [10/Feb/2016:07:07:47 -0800] "GET /lib/reccapi.php?resort=squawvalleyusa HTTP/1.1" 200 973 "-" "node-superagent/1.4.0"
170.75.162.130 - - [10/Feb/2016:07:07:47 -0800] "GET /lib/reccapi.php?resort=sugarbowl HTTP/1.1" 200 954 "-" "node-superagent/1.4.0"
89.109.199.166 - - [10/Feb/2016:07:09:22 -0800] "GET /administrator/ HTTP/1.1" 404 476 "-" "Mozilla/5.0 (Windows NT 6.0; rv:34.0) Gecko/20100101 Firefox/34.0"
89.109.199.166 - - [10/Feb/2016:07:09:22 -0800] "GET /administrator/index.php HTTP/1.1" 404 476 "http://whereshouldiski.com/administrator/" "Mozilla/5.0 (Windows NT 6.0; rv:34.0) Gecko/20100101 Firefox/34.0"
66.249.79.234 - - [10/Feb/2016:07:13:29 -0800] "GET /images/wsis-logo-sm.png HTTP/1.1" 304 187 "-" "Googlebot-Image/1.0"
170.75.162.130 - - [10/Feb/2016:07:13:57 -0800] "GET /lib/reccapi.php?resort=whistlerblackcomb HTTP/1.1" 200 931 "-" "node-superagent/1.4.0"
66.249.79.234 - - [10/Feb/2016:07:14:30 -0800] "GET /images/logo-square-white-sm.png HTTP/1.1" 304 186 "-" "Googlebot-Image/1.0"
170.75.162.130 - - [10/Feb/2016:07:28:29 -0800] "GET /lib/reccapi.php?resort=stevenspass HTTP/1.1" 200 1014 "-" "node-superagent/1.4.0"
170.75.162.130 - - [10/Feb/2016:07:34:09 -0800] "GET /lib/reccapi.php?resort=deervalley HTTP/1.1" 200 972 "-" "node-superagent/1.4.0"
180.76.15.21 - - [10/Feb/2016:07:34:47 -0800] "GET / HTTP/1.1" 200 6995 "-" "Mozilla/5.0 (compatible; Baiduspider/2.0; +http://www.baidu.com/search/spider.html)"
180.76.15.136 - - [10/Feb/2016:07:35:46 -0800] "GET / HTTP/1.1" 200 6995 "-" "Mozilla/5.0 (compatible; Baiduspider/2.0; +http://www.baidu.com/search/spider.html)"
220.181.108.109 - - [10/Feb/2016:07:41:36 -0800] "GET / HTTP/1.1" 200 2578 "-" "Mozilla/5.0 (Windows NT 5.1; rv:6.0.2) Gecko/20100101 Firefox/6.0.2"
220.181.108.99 - - [10/Feb/2016:07:41:41 -0800] "GET / HTTP/1.1" 200 6995 "-" "Mozilla/5.0 (Windows NT 5.1; rv:6.0.2) Gecko/20100101 Firefox/6.0.2"
170.75.162.130 - - [10/Feb/2016:07:43:10 -0800] "GET /lib/reccapi.php?resort=snowbird HTTP/1.1" 200 942 "-" "node-superagent/1.4.0"
170.75.162.130 - - [10/Feb/2016:07:46:00 -0800] "GET /lib/reccapi.php?resort=silverstarmountain HTTP/1.1" 200 925 "-" "node-superagent/1.4.0"
52.33.40.213 - - [10/Feb/2016:07:55:44 -0800] "GET /lib/reccapi.php?resort=parkcity HTTP/1.1" 200 993 "-" "node-superagent/1.4.0"
52.33.40.213 - - [10/Feb/2016:07:56:24 -0800] "GET /lib/reccapi.php?resort=alpinemeadows HTTP/1.1" 200 965 "-" "node-superagent/1.4.0"
96.38.170.193 - - [10/Feb/2016:07:57:04 -0800] "GET /images/wsis-logo-sm.png HTTP/1.1" 200 6108 "http://www.thebackcountry.net/" "Mozilla/5.0 (iPhone; CPU iPhone OS 8_4 like Mac OS X) AppleWebKit/600.1.4 (KHTML, like Gecko) Version/8.0 Mobile/12H143 Safari/600.1.4"
52.33.40.213 - - [10/Feb/2016:07:58:24 -0800] "GET /lib/reccapi.php?resort=squawvalleyusa HTTP/1.1" 200 973 "-" "node-superagent/1.4.0"
170.75.162.130 - - [10/Feb/2016:08:19:43 -0800] "GET /lib/reccapi.php?resort=devilshead HTTP/1.1" 200 971 "-" "node-superagent/1.4.0"
180.76.15.160 - - [10/Feb/2016:08:35:19 -0800] "GET / HTTP/1.1" 200 6995 "-" "Mozilla/5.0 (compatible; Baiduspider/2.0; +http://www.baidu.com/search/spider.html)"
180.76.15.22 - - [10/Feb/2016:08:36:18 -0800] "GET / HTTP/1.1" 200 6995 "-" "Mozilla/5.0 (compatible; Baiduspider/2.0; +http://www.baidu.com/search/spider.html)"
71.140.31.214 - - [10/Feb/2016:08:39:40 -0800] "GET /images/wsis-logo-sm.png HTTP/1.1" 200 6108 "http://thebackcountry.net/" "Mozilla/4.0 (compatible; MSIE 8.0; Windows NT 5.1; Trident/4.0; .NET CLR 2.0.50727; .NET CLR 3.0.4506.2152; .NET CLR 3.5.30729; 786908940603; Build/14.08001)"
170.75.162.130 - - [10/Feb/2016:08:44:45 -0800] "GET /lib/reccapi.php?resort=bigsky HTTP/1.1" 200 980 "-" "node-superagent/1.4.0"
54.204.221.192 - - [10/Feb/2016:08:48:16 -0800] "GET / HTTP/1.1" 200 7032 "-" "Mozilla/5.0 (Windows; U; Windows NT 6.0; en-US; rv:1.9.2.3) Gecko/20100401 Firefox/3.6.3 GTB6 (.NET CLR 3.5.30729)"
66.249.79.234 - - [10/Feb/2016:08:49:44 -0800] "GET /lib/reccapi.php?resort=mtrose&date=2016-02-08 HTTP/1.1" 200 988 "http://whereshouldiski.com/" "Mozilla/5.0 (compatible; Googlebot/2.1; +http://www.google.com/bot.html)"
66.249.79.220 - - [10/Feb/2016:08:49:45 -0800] "GET /lib/resortDataSearchD3.php?size=7&sortDate=T&resort=mtrose&dateStart=2016-02-06 HTTP/1.1" 200 846 "http://whereshouldiski.com/" "Mozilla/5.0 (compatible; Googlebot/2.1; +http://www.google.com/bot.html)"
66.249.79.220 - - [10/Feb/2016:08:49:45 -0800] "GET /lib/reccapi.php?fields=t&date=2016-02-08&coords=39.3438%2C-119.918&size=7&sort=distance HTTP/1.1" 200 1345 "http://whereshouldiski.com/" "Mozilla/5.0 (compatible; Googlebot/2.1; +http://www.google.com/bot.html)"
170.75.162.130 - - [10/Feb/2016:08:59:17 -0800] "GET /lib/reccapi.php?resort=alyeska HTTP/1.1" 200 1000 "-" "node-superagent/1.4.0"
108.69.93.47 - - [10/Feb/2016:09:03:34 -0800] "GET /images/wsis-logo-sm.png HTTP/1.1" 200 6108 "http://www.thebackcountry.net/" "Mozilla/5.0 (Windows NT 6.0; WOW64) AppleWebKit/537.36 (KHTML, like Gecko) Chrome/48.0.2564.103 Safari/537.36"
142.54.160.212 - - [10/Feb/2016:09:06:34 -0800] "GET / HTTP/1.1" 200 6976 "-" "Mozilla/4.0 (compatible; MSIE 8.0; Windows NT 6.1; Trident/4.0; SLCC2; .NET CLR 2.0.50727; .NET CLR 3.5.30729; .NET CLR 3.0.30729; Media Center PC 6.0)"
52.33.40.213 - - [10/Feb/2016:09:09:18 -0800] "GET /lib/reccapi.php?resort=madriverglen HTTP/1.1" 200 1030 "-" "node-superagent/1.4.0"
52.33.40.213 - - [10/Feb/2016:09:10:18 -0800] "GET /lib/reccapi.php?resort=whistlerblackcomb HTTP/1.1" 200 931 "-" "node-superagent/1.4.0"
52.33.40.213 - - [10/Feb/2016:09:10:18 -0800] "GET /lib/reccapi.php?resort=snowbird HTTP/1.1" 200 939 "-" "node-superagent/1.4.0"
52.33.40.213 - - [10/Feb/2016:09:10:18 -0800] "GET /lib/reccapi.php?resort=sunvalley HTTP/1.1" 200 989 "-" "node-superagent/1.4.0"
52.33.40.213 - - [10/Feb/2016:09:10:18 -0800] "GET /lib/reccapi.php?resort=killington HTTP/1.1" 200 1039 "-" "node-superagent/1.4.0"
52.33.40.213 - - [10/Feb/2016:09:10:18 -0800] "GET /lib/reccapi.php?resort=taos HTTP/1.1" 200 955 "-" "node-superagent/1.4.0"
52.33.40.213 - - [10/Feb/2016:09:10:18 -0800] "GET /lib/reccapi.php?resort=alta HTTP/1.1" 200 932 "-" "node-superagent/1.4.0"
52.33.40.213 - - [10/Feb/2016:09:10:18 -0800] "GET /lib/reccapi.php?resort=grandtarghee HTTP/1.1" 200 979 "-" "node-superagent/1.4.0"
52.33.40.213 - - [10/Feb/2016:09:10:18 -0800] "GET /lib/reccapi.php?resort=jacksonhole HTTP/1.1" 200 977 "-" "node-superagent/1.4.0"
52.33.40.213 - - [10/Feb/2016:09:10:18 -0800] "GET /lib/reccapi.php?resort=stowe HTTP/1.1" 200 1013 "-" "node-superagent/1.4.0"
170.75.162.130 - - [10/Feb/2016:09:12:37 -0800] "GET /lib/reccapi.php?resort=sugarloaf HTTP/1.1" 200 999 "-" "node-superagent/1.4.0"
107.72.164.55 - - [10/Feb/2016:09:16:13 -0800] "GET /images/wsis-logo-sm.png HTTP/1.1" 200 6108 "http://www.thebackcountry.net/" "Mozilla/5.0 (iPhone; CPU iPhone OS 9_2_1 like Mac OS X) AppleWebKit/601.1.46 (KHTML, like Gecko) Version/9.0 Mobile/13D15 Safari/601.1"
195.154.194.111 - - [10/Feb/2016:09:19:00 -0800] "POST /wp-content/plugins/Login-wall-etgFB/login_wall.php?login=cmd&z3=aW5mb3MucGhw&z4=L3dwLWNvbnRlbnQvcGx1Z2lucy8%3d HTTP/1.1" 404 495 "whereshouldiski.com" "Mozilla/5.0 (compatible; Googlebot/2.1; +http://www.google.com/bot.html)"
66.249.79.220 - - [10/Feb/2016:09:20:26 -0800] "GET /lib/reccapi.php?resort=alyeska&date=2016-02-09 HTTP/1.1" 200 1028 "http://whereshouldiski.com/" "Mozilla/5.0 (compatible; Googlebot/2.1; +http://www.google.com/bot.html)"
66.249.79.227 - - [10/Feb/2016:09:20:27 -0800] "GET /lib/reccapi.php?fields=t&date=2016-02-09&coords=60.94%2C-148.95&size=7&sort=distance HTTP/1.1" 200 1302 "http://whereshouldiski.com/" "Mozilla/5.0 (compatible; Googlebot/2.1; +http://www.google.com/bot.html)"
66.249.79.220 - - [10/Feb/2016:09:20:28 -0800] "GET /lib/resortDataSearchD3.php?size=7&sortDate=T&resort=alyeska&dateStart=2016-02-07 HTTP/1.1" 200 874 "http://whereshouldiski.com/" "Mozilla/5.0 (compatible; Googlebot/2.1; +http://www.google.com/bot.html)"
170.75.162.130 - - [10/Feb/2016:09:31:09 -0800] "GET /lib/reccapi.php?resort=redlodge HTTP/1.1" 200 1000 "-" "node-superagent/1.4.0"
170.75.162.130 - - [10/Feb/2016:09:31:59 -0800] "GET /lib/reccapi.php?resort=chinapeak HTTP/1.1" 200 978 "-" "node-superagent/1.4.0"
170.75.162.130 - - [10/Feb/2016:09:32:39 -0800] "GET /lib/reccapi.php?resort=jacksonhole HTTP/1.1" 200 977 "-" "node-superagent/1.4.0"
180.76.15.162 - - [10/Feb/2016:09:33:48 -0800] "GET / HTTP/1.1" 200 6995 "-" "Mozilla/5.0 (compatible; Baiduspider/2.0; +http://www.baidu.com/search/spider.html)"
180.76.15.13 - - [10/Feb/2016:09:34:40 -0800] "GET / HTTP/1.1" 200 6995 "-" "Mozilla/5.0 (compatible; Baiduspider/2.0; +http://www.baidu.com/search/spider.html)"
52.33.40.213 - - [10/Feb/2016:09:36:29 -0800] "GET /lib/reccapi.php?resort=mammothmountain HTTP/1.1" 200 973 "-" "node-superagent/1.4.0"
52.33.40.213 - - [10/Feb/2016:09:36:29 -0800] "GET /lib/reccapi.php?resort=aspenmountain HTTP/1.1" 200 985 "-" "node-superagent/1.4.0"
52.33.40.213 - - [10/Feb/2016:09:36:29 -0800] "GET /lib/reccapi.php?resort=aspenheights HTTP/1.1" 200 973 "-" "node-superagent/1.4.0"
123.125.71.38 - - [10/Feb/2016:09:38:12 -0800] "-" 408 0 "-" "-"
170.75.162.130 - - [10/Feb/2016:09:38:39 -0800] "GET /lib/reccapi.php?resort=schweitzer HTTP/1.1" 200 942 "-" "node-superagent/1.4.0"
207.46.13.87 - - [10/Feb/2016:09:40:50 -0800] "GET /robots.txt HTTP/1.1" 200 375 "-" "Mozilla/5.0 (compatible; bingbot/2.0; +http://www.bing.com/bingbot.htm)"
207.46.13.87 - - [10/Feb/2016:09:41:06 -0800] "GET /resorts?resort=keystone HTTP/1.1" 404 506 "-" "Mozilla/5.0 (compatible; bingbot/2.0; +http://www.bing.com/bingbot.htm)"
40.77.167.47 - - [10/Feb/2016:09:41:40 -0800] "GET /resorts?resort=taos HTTP/1.1" 404 506 "-" "Mozilla/5.0 (compatible; bingbot/2.0; +http://www.bing.com/bingbot.htm)"
47.208.171.231 - - [10/Feb/2016:09:42:41 -0800] "GET /images/wsis-logo-sm.png HTTP/1.1" 200 6108 "http://www.thebackcountry.net/" "Mozilla/5.0 (Windows NT 6.1; WOW64) AppleWebKit/537.36 (KHTML, like Gecko) Chrome/48.0.2564.103 Safari/537.36"
50.247.93.237 - - [10/Feb/2016:09:49:43 -0800] "GET /images/wsis-logo-sm.png HTTP/1.1" 200 6108 "http://www.thebackcountry.net/" "Mozilla/5.0 (Windows NT 6.1; WOW64) AppleWebKit/537.36 (KHTML, like Gecko) Chrome/48.0.2564.103 Safari/537.36"
170.75.162.130 - - [10/Feb/2016:09:52:00 -0800] "GET /lib/reccapi.php?resort=taos HTTP/1.1" 200 955 "-" "node-superagent/1.4.0"
66.249.79.220 - - [10/Feb/2016:09:55:34 -0800] "GET /resorts?resort=sugarbush&date=2014-02-21 HTTP/1.1" 404 506 "-" "DoCoMo/2.0 N905i(c100;TB;W24H16) (compatible; Googlebot-Mobile/2.1; +http://www.google.com/bot.html)"
216.24.133.60 - - [10/Feb/2016:09:56:46 -0800] "GET /images/wsis-logo-sm.png HTTP/1.1" 200 6052 "http://www.thebackcountry.net/" "Mozilla/5.0 (Windows NT 6.1) AppleWebKit/537.36 (KHTML, like Gecko) Chrome/48.0.2564.103 Safari/537.36"
170.75.162.130 - - [10/Feb/2016:10:05:01 -0800] "GET /lib/reccapi.php?resort=alpinemeadows HTTP/1.1" 200 968 "-" "node-superagent/1.4.0"
170.75.162.130 - - [10/Feb/2016:10:05:01 -0800] "GET /lib/reccapi.php?resort=diamondpeak HTTP/1.1" 200 936 "-" "node-superagent/1.4.0"
170.75.162.130 - - [10/Feb/2016:10:05:02 -0800] "GET /lib/reccapi.php?resort=heavenly HTTP/1.1" 200 985 "-" "node-superagent/1.4.0"
170.75.162.130 - - [10/Feb/2016:10:05:02 -0800] "GET /lib/reccapi.php?resort=homewoodmountain HTTP/1.1" 200 985 "-" "node-superagent/1.4.0"
170.75.162.130 - - [10/Feb/2016:10:05:02 -0800] "GET /lib/reccapi.php?resort=kirkwood HTTP/1.1" 200 981 "-" "node-superagent/1.4.0"
170.75.162.130 - - [10/Feb/2016:10:05:02 -0800] "GET /lib/reccapi.php?resort=sierra-at-tahoe HTTP/1.1" 200 960 "-" "node-superagent/1.4.0"
207.46.13.57 - - [10/Feb/2016:10:05:18 -0800] "GET /faq HTTP/1.1" 404 506 "-" "Mozilla/5.0 (compatible; bingbot/2.0; +http://www.bing.com/bingbot.htm)"
207.46.13.57 - - [10/Feb/2016:10:05:18 -0800] "GET /resorts?resort=solitude HTTP/1.1" 404 505 "-" "Mozilla/5.0 (compatible; bingbot/2.0; +http://www.bing.com/bingbot.htm)"
170.75.162.130 - - [10/Feb/2016:10:07:01 -0800] "GET /lib/reccapi.php?resort=49degreesnorth HTTP/1.1" 200 979 "-" "node-superagent/1.4.0"
66.249.79.227 - - [10/Feb/2016:10:17:38 -0800] "GET /lib/reccapi.php?fields=t&date=2016-01-13 HTTP/1.1" 200 481 "http://whereshouldiski.com/" "Mozilla/5.0 (compatible; Googlebot/2.1; +http://www.google.com/bot.html)"
128.232.110.28 - - [10/Feb/2016:10:19:27 -0800] "GET / HTTP/1.1" 200 6976 "-" "Mozilla/5.0 zgrab/0.x"
170.75.162.130 - - [10/Feb/2016:10:20:22 -0800] "GET /lib/reccapi.php?resort=brianhead HTTP/1.1" 200 961 "-" "node-superagent/1.4.0"
170.75.162.130 - - [10/Feb/2016:10:20:22 -0800] "GET /lib/reccapi.php?resort=brighton HTTP/1.1" 200 958 "-" "node-superagent/1.4.0"
170.75.162.130 - - [10/Feb/2016:10:21:42 -0800] "GET /lib/reccapi.php?resort=jaypeak HTTP/1.1" 200 1063 "-" "node-superagent/1.4.0"
170.75.162.130 - - [10/Feb/2016:10:23:53 -0800] "GET /lib/reccapi.php?resort=grandtarghee HTTP/1.1" 200 979 "-" "node-superagent/1.4.0"
24.180.46.220 - - [10/Feb/2016:10:31:50 -0800] "GET /images/wsis-logo-sm.png HTTP/1.1" 200 6108 "http://www.thebackcountry.net/" "Mozilla/5.0 (Macintosh; Intel Mac OS X 10_8_5) AppleWebKit/600.8.9 (KHTML, like Gecko) Version/6.2.8 Safari/537.85.17"
180.76.15.26 - - [10/Feb/2016:10:33:59 -0800] "GET / HTTP/1.1" 200 6995 "-" "Mozilla/5.0 (compatible; Baiduspider/2.0; +http://www.baidu.com/search/spider.html)"
180.76.15.19 - - [10/Feb/2016:10:34:56 -0800] "GET / HTTP/1.1" 200 6995 "-" "Mozilla/5.0 (compatible; Baiduspider/2.0; +http://www.baidu.com/search/spider.html)"
170.75.162.130 - - [10/Feb/2016:10:41:54 -0800] "GET /lib/reccapi.php?resort=bigwhite HTTP/1.1" 200 914 "-" "node-superagent/1.4.0"
170.75.162.130 - - [10/Feb/2016:10:44:35 -0800] "GET /lib/reccapi.php?resort=killington HTTP/1.1" 200 1039 "-" "node-superagent/1.4.0"
170.75.162.130 - - [10/Feb/2016:10:44:35 -0800] "GET /lib/reccapi.php?resort=madriverglen HTTP/1.1" 200 1030 "-" "node-superagent/1.4.0"
170.75.162.130 - - [10/Feb/2016:10:44:38 -0800] "GET /lib/reccapi.php?resort=smugglersnotch HTTP/1.1" 200 1049 "-" "node-superagent/1.4.0"
170.75.162.130 - - [10/Feb/2016:10:44:38 -0800] "GET /lib/reccapi.php?resort=stowe HTTP/1.1" 200 1013 "-" "node-superagent/1.4.0"
170.75.162.130 - - [10/Feb/2016:10:44:38 -0800] "GET /lib/reccapi.php?resort=sugarbush HTTP/1.1" 200 1032 "-" "node-superagent/1.4.0"
170.75.162.130 - - [10/Feb/2016:10:44:38 -0800] "GET /lib/reccapi.php?resort=wildcatmountain HTTP/1.1" 200 1074 "-" "node-superagent/1.4.0"
50.240.211.211 - - [10/Feb/2016:10:53:58 -0800] "GET /images/wsis-logo-sm.png HTTP/1.1" 200 6108 "http://www.thebackcountry.net/" "Mozilla/5.0 (iPhone; CPU iPhone OS 9_2 like Mac OS X) AppleWebKit/601.1.46 (KHTML, like Gecko) Version/9.0 Mobile/13C75 Safari/601.1"
170.75.162.130 - - [10/Feb/2016:10:55:35 -0800] "GET /lib/reccapi.php?resort=hoodoo HTTP/1.1" 200 998 "-" "node-superagent/1.4.0"
52.33.40.213 - - [10/Feb/2016:10:57:23 -0800] "GET /lib/reccapi.php?resort=winterpark HTTP/1.1" 200 974 "-" "node-superagent/1.4.0"
96.38.160.201 - - [10/Feb/2016:11:00:43 -0800] "GET /images/wsis-logo-sm.png HTTP/1.1" 200 6108 "http://www.thebackcountry.net/" "Mozilla/5.0 (Macintosh; Intel Mac OS X 10_5_8) AppleWebKit/534.50.2 (KHTML, like Gecko) Version/5.0.6 Safari/533.22.3"
170.75.162.130 - - [10/Feb/2016:11:13:57 -0800] "GET /lib/reccapi.php?resort=crestedbutte HTTP/1.1" 200 970 "-" "node-superagent/1.4.0"
98.234.116.83 - - [10/Feb/2016:11:20:11 -0800] "GET /images/wsis-logo-sm.png HTTP/1.1" 200 6108 "http://www.thebackcountry.net/" "Mozilla/5.0 (iPad; CPU OS 9_0_2 like Mac OS X) AppleWebKit/601.1.46 (KHTML, like Gecko) Version/9.0 Mobile/13A452 Safari/601.1"
170.75.162.130 - - [10/Feb/2016:11:23:58 -0800] "GET /lib/reccapi.php?resort=sunvalley HTTP/1.1" 200 989 "-" "node-superagent/1.4.0"
69.230.109.206 - - [10/Feb/2016:11:24:32 -0800] "GET /images/wsis-logo-sm.png HTTP/1.1" 200 6108 "http://www.thebackcountry.net/" "Mozilla/5.0 (Android 5.1.1; Tablet; rv:44.0) Gecko/44.0 Firefox/44.0"
207.46.13.87 - - [10/Feb/2016:11:29:33 -0800] "GET / HTTP/1.1" 200 2615 "-" "Mozilla/5.0 (compatible; bingbot/2.0; +http://www.bing.com/bingbot.htm)"
52.33.40.213 - - [10/Feb/2016:11:31:35 -0800] "GET /lib/reccapi.php?resort=sugarbush HTTP/1.1" 200 1032 "-" "node-superagent/1.4.0"
52.33.40.213 - - [10/Feb/2016:11:32:25 -0800] "GET /lib/reccapi.php?resort=hoodoo HTTP/1.1" 200 998 "-" "node-superagent/1.4.0"
180.76.15.141 - - [10/Feb/2016:11:32:56 -0800] "GET / HTTP/1.1" 200 6995 "-" "Mozilla/5.0 (compatible; Baiduspider/2.0; +http://www.baidu.com/search/spider.html)"
180.76.15.141 - - [10/Feb/2016:11:33:51 -0800] "GET / HTTP/1.1" 200 6995 "-" "Mozilla/5.0 (compatible; Baiduspider/2.0; +http://www.baidu.com/search/spider.html)"
170.75.162.130 - - [10/Feb/2016:11:35:18 -0800] "GET /lib/reccapi.php?resort=aspenheights HTTP/1.1" 200 973 "-" "node-superagent/1.4.0"
47.208.172.61 - - [10/Feb/2016:11:37:00 -0800] "GET /images/wsis-logo-sm.png HTTP/1.1" 200 6108 "http://www.thebackcountry.net/" "Mozilla/5.0 (Macintosh; Intel Mac OS X 10_10_2) AppleWebKit/537.36 (KHTML, like Gecko) Chrome/48.0.2564.97 Safari/537.36"
170.75.162.130 - - [10/Feb/2016:11:41:59 -0800] "GET /lib/reccapi.php?resort=alta HTTP/1.1" 200 932 "-" "node-superagent/1.4.0"
170.75.162.130 - - [10/Feb/2016:11:44:09 -0800] "GET /lib/reccapi.php?resort=crystalmountain HTTP/1.1" 200 990 "-" "node-superagent/1.4.0"
170.75.162.130 - - [10/Feb/2016:11:49:00 -0800] "GET /lib/reccapi.php?resort=angelfire HTTP/1.1" 200 963 "-" "node-superagent/1.4.0"
170.75.162.130 - - [10/Feb/2016:11:49:10 -0800] "GET /lib/reccapi.php?resort=arapahoebasin HTTP/1.1" 200 987 "-" "node-superagent/1.4.0"
170.75.162.130 - - [10/Feb/2016:11:49:20 -0800] "GET /lib/reccapi.php?resort=aspenmountain HTTP/1.1" 200 985 "-" "node-superagent/1.4.0"
52.33.40.213 - - [10/Feb/2016:11:49:56 -0800] "GET /lib/reccapi.php?resort=bigwhite HTTP/1.1" 200 914 "-" "node-superagent/1.4.0"
170.75.162.130 - - [10/Feb/2016:11:50:40 -0800] "GET /lib/reccapi.php?resort=mtrose HTTP/1.1" 200 961 "-" "node-superagent/1.4.0"
52.33.40.213 - - [10/Feb/2016:11:51:16 -0800] "GET /lib/reccapi.php?resort=crestedbutte HTTP/1.1" 200 970 "-" "node-superagent/1.4.0"
52.33.40.213 - - [10/Feb/2016:11:51:16 -0800] "GET /lib/reccapi.php?resort=devilshead HTTP/1.1" 200 972 "-" "node-superagent/1.4.0"
52.33.40.213 - - [10/Feb/2016:11:51:16 -0800] "GET /lib/reccapi.php?resort=jaypeak HTTP/1.1" 200 1063 "-" "node-superagent/1.4.0"
52.33.40.213 - - [10/Feb/2016:11:51:16 -0800] "GET /lib/reccapi.php?resort=diamondpeak HTTP/1.1" 200 936 "-" "node-superagent/1.4.0"
52.33.40.213 - - [10/Feb/2016:11:51:46 -0800] "GET /lib/reccapi.php?resort=sugarbowl HTTP/1.1" 200 954 "-" "node-superagent/1.4.0"
170.75.162.130 - - [10/Feb/2016:11:52:10 -0800] "GET /lib/reccapi.php?resort=snowbird HTTP/1.1" 200 939 "-" "node-superagent/1.4.0"
52.33.40.213 - - [10/Feb/2016:11:52:26 -0800] "GET /lib/reccapi.php?resort=sundayriver HTTP/1.1" 200 1000 "-" "node-superagent/1.4.0"
52.33.40.213 - - [10/Feb/2016:11:52:26 -0800] "GET /lib/reccapi.php?resort=sunpeaksresort HTTP/1.1" 200 911 "-" "node-superagent/1.4.0"
52.33.40.213 - - [10/Feb/2016:11:52:46 -0800] "GET /lib/reccapi.php?resort=redlodge HTTP/1.1" 200 1000 "-" "node-superagent/1.4.0"
52.33.40.213 - - [10/Feb/2016:11:52:46 -0800] "GET /lib/reccapi.php?resort=redmountain HTTP/1.1" 200 903 "-" "node-superagent/1.4.0"
52.33.40.213 - - [10/Feb/2016:11:52:46 -0800] "GET /lib/reccapi.php?resort=mountainhigh HTTP/1.1" 200 991 "-" "node-superagent/1.4.0"
52.33.40.213 - - [10/Feb/2016:11:52:46 -0800] "GET /lib/reccapi.php?resort=loveland HTTP/1.1" 200 967 "-" "node-superagent/1.4.0"
52.33.40.213 - - [10/Feb/2016:11:52:56 -0800] "GET /lib/reccapi.php?resort=whitefacemountain HTTP/1.1" 200 1039 "-" "node-superagent/1.4.0"
52.33.40.213 - - [10/Feb/2016:11:53:06 -0800] "GET /lib/reccapi.php?resort=wildcatmountain HTTP/1.1" 200 1074 "-" "node-superagent/1.4.0"
52.33.40.213 - - [10/Feb/2016:11:53:06 -0800] "GET /lib/reccapi.php?resort=sierra-at-tahoe HTTP/1.1" 200 960 "-" "node-superagent/1.4.0"
52.33.40.213 - - [10/Feb/2016:11:53:46 -0800] "GET /lib/reccapi.php?resort=silverstarmountain HTTP/1.1" 200 924 "-" "node-superagent/1.4.0"
52.33.40.213 - - [10/Feb/2016:11:53:46 -0800] "GET /lib/reccapi.php?resort=snowbasin HTTP/1.1" 200 941 "-" "node-superagent/1.4.0"
52.33.40.213 - - [10/Feb/2016:11:54:56 -0800] "GET /lib/reccapi.php?resort=bigsky HTTP/1.1" 200 976 "-" "node-superagent/1.4.0"
207.241.229.150 - - [10/Feb/2016:11:59:18 -0800] "GET /robots.txt HTTP/1.0" 200 338 "-" "Mozilla/5.0 (compatible; archive.org_bot +http://www.archive.org/details/archive.org_bot)"
207.241.229.150 - - [10/Feb/2016:11:59:22 -0800] "GET /styles/ee08faa9.main.css HTTP/1.0" 200 109203 "http://whereshouldiski.com/" "Mozilla/5.0 (compatible; archive.org_bot +http://www.archive.org/details/archive.org_bot)"
66.249.79.234 - - [10/Feb/2016:12:09:04 -0800] "GET /lib/reccapi.php?fields=t&date=2016-01-03 HTTP/1.1" 200 481 "http://whereshouldiski.com/" "Mozilla/5.0 (compatible; Googlebot/2.1; +http://www.google.com/bot.html)"
81.70.139.118 - - [10/Feb/2016:12:09:19 -0800] "GET /images/wsis-logo-sm.png HTTP/1.1" 200 6108 "http://www.thebackcountry.net/" "Mozilla/5.0 (Macintosh; Intel Mac OS X 10_10_5) AppleWebKit/537.36 (KHTML, like Gecko) Chrome/48.0.2564.103 Safari/537.36"
81.70.139.118 - - [10/Feb/2016:12:10:09 -0800] "-" 408 0 "-" "-"
81.70.139.118 - - [10/Feb/2016:12:10:09 -0800] "-" 408 0 "-" "-"
81.70.139.118 - - [10/Feb/2016:12:10:09 -0800] "-" 408 0 "-" "-"
185.49.14.190 - - [10/Feb/2016:12:11:49 -0800] "GET http://testp5.mielno.lubin.pl/testproxy.php HTTP/1.1" 404 452 "-" "Mozilla/5.0 (Windows NT 5.1; rv:32.0) Gecko/20100101 Firefox/31.0"
52.33.40.213 - - [10/Feb/2016:12:12:07 -0800] "GET /lib/reccapi.php?resort=coppermountain HTTP/1.1" 200 979 "-" "node-superagent/1.4.0"
52.33.40.213 - - [10/Feb/2016:12:12:37 -0800] "GET /lib/reccapi.php?resort=deervalley HTTP/1.1" 200 969 "-" "node-superagent/1.4.0"
170.75.162.130 - - [10/Feb/2016:12:13:03 -0800] "GET /lib/reccapi.php?resort=mammothmountain HTTP/1.1" 200 973 "-" "node-superagent/1.4.0"
73.202.180.42 - - [10/Feb/2016:12:14:24 -0800] "GET /images/wsis-logo-sm.png HTTP/1.1" 200 6108 "http://www.thebackcountry.net/" "Mozilla/5.0 (Macintosh; Intel Mac OS X 10_10_2) AppleWebKit/600.3.18 (KHTML, like Gecko) Version/8.0.3 Safari/600.3.18"
52.33.40.213 - - [10/Feb/2016:12:23:17 -0800] "GET /lib/reccapi.php?resort=smugglersnotch HTTP/1.1" 200 1049 "-" "node-superagent/1.4.0"
52.33.40.213 - - [10/Feb/2016:12:23:17 -0800] "GET /lib/reccapi.php?resort=sugarloaf HTTP/1.1" 200 999 "-" "node-superagent/1.4.0"
170.75.162.130 - - [10/Feb/2016:12:31:46 -0800] "GET /lib/reccapi.php?resort=deervalley HTTP/1.1" 200 969 "-" "node-superagent/1.4.0"
170.75.162.130 - - [10/Feb/2016:12:31:46 -0800] "GET /lib/reccapi.php?resort=parkcity HTTP/1.1" 200 1013 "-" "node-superagent/1.4.0"
170.75.162.130 - - [10/Feb/2016:12:31:46 -0800] "GET /lib/reccapi.php?resort=snowbasin HTTP/1.1" 200 941 "-" "node-superagent/1.4.0"
170.75.162.130 - - [10/Feb/2016:12:31:46 -0800] "GET /lib/reccapi.php?resort=solitude HTTP/1.1" 200 940 "-" "node-superagent/1.4.0"
170.75.162.130 - - [10/Feb/2016:12:31:56 -0800] "GET /lib/reccapi.php?resort=buttermilk HTTP/1.1" 200 968 "-" "node-superagent/1.4.0"
170.75.162.130 - - [10/Feb/2016:12:31:56 -0800] "GET /lib/reccapi.php?resort=snowmass HTTP/1.1" 200 947 "-" "node-superagent/1.4.0"
170.75.162.130 - - [10/Feb/2016:12:32:06 -0800] "GET /lib/reccapi.php?resort=sundayriver HTTP/1.1" 200 1000 "-" "node-superagent/1.4.0"
170.75.162.130 - - [10/Feb/2016:12:32:16 -0800] "GET /lib/reccapi.php?resort=mounthoodmeadows HTTP/1.1" 200 1047 "-" "node-superagent/1.4.0"
170.75.162.130 - - [10/Feb/2016:12:32:16 -0800] "GET /lib/reccapi.php?resort=mountbachelor HTTP/1.1" 200 983 "-" "node-superagent/1.4.0"
123.125.71.73 - - [10/Feb/2016:12:32:49 -0800] "GET / HTTP/1.1" 200 2578 "-" "Mozilla/5.0 (Windows NT 5.1; rv:6.0.2) Gecko/20100101 Firefox/6.0.2"
123.125.71.84 - - [10/Feb/2016:12:32:53 -0800] "GET / HTTP/1.1" 200 6995 "-" "Mozilla/5.0 (Windows NT 5.1; rv:6.0.2) Gecko/20100101 Firefox/6.0.2"
170.75.162.130 - - [10/Feb/2016:12:33:16 -0800] "GET /lib/reccapi.php?resort=whitefacemountain HTTP/1.1" 200 1039 "-" "node-superagent/1.4.0"
170.75.162.130 - - [10/Feb/2016:12:33:26 -0800] "GET /lib/reccapi.php?resort=coppermountain HTTP/1.1" 200 979 "-" "node-superagent/1.4.0"
170.75.162.130 - - [10/Feb/2016:12:33:26 -0800] "GET /lib/reccapi.php?resort=loveland HTTP/1.1" 200 967 "-" "node-superagent/1.4.0"
170.75.162.130 - - [10/Feb/2016:12:33:26 -0800] "GET /lib/reccapi.php?resort=keystone HTTP/1.1" 200 972 "-" "node-superagent/1.4.0"
170.75.162.130 - - [10/Feb/2016:12:33:26 -0800] "GET /lib/reccapi.php?resort=monarch HTTP/1.1" 200 972 "-" "node-superagent/1.4.0"
170.75.162.130 - - [10/Feb/2016:12:33:26 -0800] "GET /lib/reccapi.php?resort=steamboat HTTP/1.1" 200 963 "-" "node-superagent/1.4.0"
170.75.162.130 - - [10/Feb/2016:12:33:26 -0800] "GET /lib/reccapi.php?resort=telluride HTTP/1.1" 200 970 "-" "node-superagent/1.4.0"
170.75.162.130 - - [10/Feb/2016:12:33:27 -0800] "GET /lib/reccapi.php?resort=winterpark HTTP/1.1" 200 974 "-" "node-superagent/1.4.0"
170.75.162.130 - - [10/Feb/2016:12:33:46 -0800] "GET /lib/reccapi.php?resort=cannonmountain HTTP/1.1" 200 1063 "-" "node-superagent/1.4.0"
180.76.15.7 - - [10/Feb/2016:12:33:55 -0800] "GET / HTTP/1.1" 200 6995 "-" "Mozilla/5.0 (compatible; Baiduspider/2.0; +http://www.baidu.com/search/spider.html)"
170.75.162.130 - - [10/Feb/2016:12:34:06 -0800] "GET /lib/reccapi.php?resort=devilshead HTTP/1.1" 200 972 "-" "node-superagent/1.4.0"
170.75.162.130 - - [10/Feb/2016:12:34:16 -0800] "GET /lib/reccapi.php?resort=northstar-at-tahoe HTTP/1.1" 200 958 "-" "node-superagent/1.4.0"
180.76.15.30 - - [10/Feb/2016:12:34:53 -0800] "GET / HTTP/1.1" 200 6995 "-" "Mozilla/5.0 (compatible; Baiduspider/2.0; +http://www.baidu.com/search/spider.html)"
170.75.162.130 - - [10/Feb/2016:12:34:57 -0800] "GET /lib/reccapi.php?resort=mountainhigh HTTP/1.1" 200 991 "-" "node-superagent/1.4.0"
170.75.162.130 - - [10/Feb/2016:12:34:57 -0800] "GET /lib/reccapi.php?resort=squawvalleyusa HTTP/1.1" 200 971 "-" "node-superagent/1.4.0"
170.75.162.130 - - [10/Feb/2016:12:34:57 -0800] "GET /lib/reccapi.php?resort=sugarbowl HTTP/1.1" 200 954 "-" "node-superagent/1.4.0"
170.75.162.130 - - [10/Feb/2016:12:35:57 -0800] "GET /lib/reccapi.php?resort=mountspokane HTTP/1.1" 200 973 "-" "node-superagent/1.4.0"
170.75.162.130 - - [10/Feb/2016:12:35:57 -0800] "GET /lib/reccapi.php?resort=stevenspass HTTP/1.1" 200 1014 "-" "node-superagent/1.4.0"
96.37.94.164 - - [10/Feb/2016:12:40:12 -0800] "GET /images/wsis-logo-sm.png HTTP/1.1" 200 6108 "http://www.thebackcountry.net/" "Mozilla/5.0 (Windows NT 6.3; WOW64) AppleWebKit/537.36 (KHTML, like Gecko) Chrome/48.0.2564.109 Safari/537.36"
201.172.52.51 - - [10/Feb/2016:12:41:24 -0800] "GET / HTTP/1.0" 200 6995 "-" "Tcl http client package 1.0"
170.75.162.130 - - [10/Feb/2016:12:42:08 -0800] "GET /lib/reccapi.php?resort=redmountain HTTP/1.1" 200 903 "-" "node-superagent/1.4.0"
170.75.162.130 - - [10/Feb/2016:12:42:08 -0800] "GET /lib/reccapi.php?resort=silverstarmountain HTTP/1.1" 200 924 "-" "node-superagent/1.4.0"
170.75.162.130 - - [10/Feb/2016:12:42:08 -0800] "GET /lib/reccapi.php?resort=sunpeaksresort HTTP/1.1" 200 911 "-" "node-superagent/1.4.0"
170.75.162.130 - - [10/Feb/2016:12:42:08 -0800] "GET /lib/reccapi.php?resort=whistlerblackcomb HTTP/1.1" 200 931 "-" "node-superagent/1.4.0"
12.178.133.114 - - [10/Feb/2016:12:44:44 -0800] "GET /images/wsis-logo-sm.png HTTP/1.1" 200 6108 "http://www.thebackcountry.net/" "Mozilla/5.0 (Macintosh; Intel Mac OS X 10_10_5) AppleWebKit/537.36 (KHTML, like Gecko) Chrome/48.0.2564.103 Safari/537.36"
208.87.234.202 - - [10/Feb/2016:12:48:33 -0800] "GET / HTTP/1.1" 200 2559 "http://www.google.com/url?sa=t&rct=j&q=&esrc=s&frm=1&source=web&cd=1&ved=0ahUKEwjnu7ngie7KAhUsApoKHSxUDl8QFggcMAA&url=http%3A%2F%2Fwhereshouldiski.com%2F&usg=AFQjCNF9Y_iY3YsCbRx2olN6GaOlshME8g&sig2=RQaOTIheabP6-gAoAH4xKQ&bvm=bv.113943665,d.bGs" "Mozilla/5.0 (compatible; MSIE 10.0; Windows NT 6.1; WOW64; Trident/6.0)"
208.87.234.202 - - [10/Feb/2016:12:48:33 -0800] "GET /styles/ee08faa9.main.css HTTP/1.1" 200 19391 "http://whereshouldiski.com/" "Mozilla/5.0 (compatible; MSIE 10.0; Windows NT 6.1; WOW64; Trident/6.0)"
208.87.234.202 - - [10/Feb/2016:12:48:33 -0800] "GET /scripts/scripts/vendor/modernizr.js HTTP/1.1" 200 4847 "http://whereshouldiski.com/" "Mozilla/5.0 (compatible; MSIE 10.0; Windows NT 6.1; WOW64; Trident/6.0)"
208.87.234.202 - - [10/Feb/2016:12:48:33 -0800] "GET /images/logo-square-white-sm.png HTTP/1.1" 200 1628 "http://whereshouldiski.com/" "Mozilla/5.0 (compatible; MSIE 10.0; Windows NT 6.1; WOW64; Trident/6.0)"
208.87.234.202 - - [10/Feb/2016:12:48:33 -0800] "GET /images/loading.gif HTTP/1.1" 200 13826 "http://whereshouldiski.com/" "Mozilla/5.0 (compatible; MSIE 10.0; Windows NT 6.1; WOW64; Trident/6.0)"
208.87.234.202 - - [10/Feb/2016:12:48:34 -0800] "GET /bower_components/requirejs/require.js HTTP/1.1" 200 6646 "http://whereshouldiski.com/" "Mozilla/5.0 (compatible; MSIE 10.0; Windows NT 6.1; WOW64; Trident/6.0)"
208.87.234.202 - - [10/Feb/2016:12:48:34 -0800] "GET /images/button.png HTTP/1.1" 200 543 "http://whereshouldiski.com/" "Mozilla/5.0 (compatible; MSIE 10.0; Windows NT 6.1; WOW64; Trident/6.0)"
208.87.234.202 - - [10/Feb/2016:12:48:34 -0800] "GET /scripts/fa48e319.main.js HTTP/1.1" 200 123400 "http://whereshouldiski.com/" "Mozilla/5.0 (compatible; MSIE 10.0; Windows NT 6.1; WOW64; Trident/6.0)"
208.87.234.202 - - [10/Feb/2016:12:48:34 -0800] "GET /favicon.ico HTTP/1.1" 200 4557 "-" "Mozilla/5.0 (compatible; MSIE 10.0; Windows NT 6.1; WOW64; Trident/6.0)"
208.87.234.202 - - [10/Feb/2016:12:48:34 -0800] "GET /images/greyHeader.png HTTP/1.1" 200 453 "http://whereshouldiski.com/" "Mozilla/5.0 (compatible; MSIE 10.0; Windows NT 6.1; WOW64; Trident/6.0)"
208.87.234.202 - - [10/Feb/2016:12:48:34 -0800] "GET /lib/reccapi.php?fields=t HTTP/1.1" 200 1848 "http://whereshouldiski.com/" "Mozilla/5.0 (compatible; MSIE 10.0; Windows NT 6.1; WOW64; Trident/6.0)"
208.87.234.202 - - [10/Feb/2016:12:48:35 -0800] "GET /images/bluebird5.png HTTP/1.1" 200 2122 "http://whereshouldiski.com/" "Mozilla/5.0 (compatible; MSIE 10.0; Windows NT 6.1; WOW64; Trident/6.0)"
208.87.234.202 - - [10/Feb/2016:12:48:35 -0800] "GET /images/mtns-icon.png HTTP/1.1" 200 1041 "http://whereshouldiski.com/" "Mozilla/5.0 (compatible; MSIE 10.0; Windows NT 6.1; WOW64; Trident/6.0)"
208.87.234.202 - - [10/Feb/2016:12:48:35 -0800] "GET /images/shading-icon.png HTTP/1.1" 200 481 "http://whereshouldiski.com/" "Mozilla/5.0 (compatible; MSIE 10.0; Windows NT 6.1; WOW64; Trident/6.0)"
208.87.234.202 - - [10/Feb/2016:12:48:35 -0800] "GET /images/star5.png HTTP/1.1" 200 1728 "http://whereshouldiski.com/" "Mozilla/5.0 (compatible; MSIE 10.0; Windows NT 6.1; WOW64; Trident/6.0)"
208.87.234.202 - - [10/Feb/2016:12:48:35 -0800] "GET /images/snowflake5.png HTTP/1.1" 200 2802 "http://whereshouldiski.com/" "Mozilla/5.0 (compatible; MSIE 10.0; Windows NT 6.1; WOW64; Trident/6.0)"
127.0.0.1 - - [10/Feb/2016:12:48:40 -0800] "OPTIONS * HTTP/1.0" 200 126 "-" "Apache/2.2.22 (Ubuntu) (internal dummy connection)"
176.248.122.7 - - [10/Feb/2016:12:51:57 -0800] "GET /images/wsis-logo-sm.png HTTP/1.1" 200 6108 "http://www.thebackcountry.net/" "Mozilla/5.0 (Macintosh; Intel Mac OS X 10_11_3) AppleWebKit/601.4.4 (KHTML, like Gecko) Version/9.0.3 Safari/601.4.4"
108.204.253.94 - - [10/Feb/2016:12:53:10 -0800] "GET /images/wsis-logo-sm.png HTTP/1.1" 200 6108 "http://www.thebackcountry.net/" "Mozilla/5.0 (compatible; MSIE 10.0; Windows NT 6.1; WOW64; Trident/6.0)"
66.249.79.220 - - [10/Feb/2016:12:54:03 -0800] "GET /lib/reccapi.php?resort=coppermountain&date=2016-02-08 HTTP/1.1" 200 1047 "http://whereshouldiski.com/" "Mozilla/5.0 (compatible; Googlebot/2.1; +http://www.google.com/bot.html)"
66.249.79.220 - - [10/Feb/2016:12:54:04 -0800] "GET /lib/reccapi.php?fields=t&date=2016-02-08&coords=39.48%2C-106.17&size=7&sort=distance HTTP/1.1" 200 1318 "http://whereshouldiski.com/" "Mozilla/5.0 (compatible; Googlebot/2.1; +http://www.google.com/bot.html)"
66.249.79.220 - - [10/Feb/2016:12:54:05 -0800] "GET /lib/resortDataSearchD3.php?size=7&sortDate=T&resort=coppermountain&dateStart=2016-02-06 HTTP/1.1" 200 843 "http://whereshouldiski.com/" "Mozilla/5.0 (compatible; Googlebot/2.1; +http://www.google.com/bot.html)"
66.249.79.15 - - [10/Feb/2016:12:56:34 -0800] "GET /lib/resortDataSearch.php?resort=timberline&dateStart=2013-01-13&dateMax=2013-01-27&size=30 HTTP/1.1" 200 331 "-" "Mozilla/5.0 (compatible; Googlebot/2.1; +http://www.google.com/bot.html)"
66.249.79.15 - - [10/Feb/2016:12:56:34 -0800] "GET /robots.txt HTTP/1.1" 200 419 "-" "Mozilla/5.0 (compatible; Googlebot/2.1; +http://www.google.com/bot.html)"
66.249.79.220 - - [10/Feb/2016:13:07:07 -0800] "GET /lib/reccapi.php?resort=crestedbutte&date=2016-02-02 HTTP/1.1" 200 1088 "http://whereshouldiski.com/" "Mozilla/5.0 (compatible; Googlebot/2.1; +http://www.google.com/bot.html)"
66.249.79.227 - - [10/Feb/2016:13:07:09 -0800] "GET /lib/reccapi.php?fields=t&date=2016-02-02&coords=38.9%2C-106.94&size=7&sort=distance HTTP/1.1" 200 1342 "http://whereshouldiski.com/" "Mozilla/5.0 (compatible; Googlebot/2.1; +http://www.google.com/bot.html)"
66.249.79.220 - - [10/Feb/2016:13:07:09 -0800] "GET /lib/resortDataSearchD3.php?size=7&sortDate=T&resort=crestedbutte&dateStart=2016-01-31 HTTP/1.1" 200 877 "http://whereshouldiski.com/" "Mozilla/5.0 (compatible; Googlebot/2.1; +http://www.google.com/bot.html)"
66.249.79.227 - - [10/Feb/2016:13:14:14 -0800] "GET /recommendations?date=2012-12-26 HTTP/1.1" 404 506 "-" "Mozilla/5.0 (compatible; Googlebot/2.1; +http://www.google.com/bot.html)"
220.181.108.182 - - [10/Feb/2016:13:18:29 -0800] "GET /images/loading.gif HTTP/1.1" 200 13845 "-" "Baiduspider-image+(+http://www.baidu.com/search/spider.htm)"
166.137.246.117 - - [10/Feb/2016:13:21:06 -0800] "GET /images/wsis-logo-sm.png HTTP/1.1" 200 6108 "http://www.thebackcountry.net/" "Mozilla/5.0 (iPhone; CPU iPhone OS 9_2_1 like Mac OS X) AppleWebKit/601.1.46 (KHTML, like Gecko) Mobile/13D15 MicroMessenger/6.2.4 NetType/3G+ Language/en"
12.200.60.7 - - [10/Feb/2016:13:24:39 -0800] "GET /images/wsis-logo-sm.png HTTP/1.1" 200 6052 "http://www.thebackcountry.net/" "Mozilla/5.0 (Windows NT 6.1; WOW64) AppleWebKit/537.36 (KHTML, like Gecko) Chrome/48.0.2564.103 Safari/537.36"
52.33.40.213 - - [10/Feb/2016:13:28:31 -0800] "GET /lib/reccapi.php?resort=solitude HTTP/1.1" 200 940 "-" "node-superagent/1.4.0"
185.35.62.11 - - [10/Feb/2016:13:30:56 -0800] "GET / HTTP/1.1" 200 6976 "-" "Mozilla/5.0 zgrab/0.x"
123.125.71.41 - - [10/Feb/2016:13:31:55 -0800] "GET / HTTP/1.1" 200 2578 "-" "Mozilla/5.0 (Windows NT 5.1; rv:6.0.2) Gecko/20100101 Firefox/6.0.2"
123.125.71.15 - - [10/Feb/2016:13:31:58 -0800] "GET / HTTP/1.1" 200 6995 "-" "Mozilla/5.0 (Windows NT 5.1; rv:6.0.2) Gecko/20100101 Firefox/6.0.2"
180.76.15.140 - - [10/Feb/2016:13:32:57 -0800] "GET / HTTP/1.1" 200 6995 "-" "Mozilla/5.0 (compatible; Baiduspider/2.0; +http://www.baidu.com/search/spider.html)"
180.76.15.142 - - [10/Feb/2016:13:33:53 -0800] "GET / HTTP/1.1" 200 6995 "-" "Mozilla/5.0 (compatible; Baiduspider/2.0; +http://www.baidu.com/search/spider.html)"
52.33.40.213 - - [10/Feb/2016:13:41:01 -0800] "GET /lib/reccapi.php?resort=aspenmountain HTTP/1.1" 200 985 "-" "node-superagent/1.4.0"
52.33.40.213 - - [10/Feb/2016:13:41:01 -0800] "GET /lib/reccapi.php?resort=aspenheights HTTP/1.1" 200 973 "-" "node-superagent/1.4.0"
52.33.40.213 - - [10/Feb/2016:13:41:01 -0800] "GET /lib/reccapi.php?resort=alta HTTP/1.1" 200 932 "-" "node-superagent/1.4.0"
52.33.40.213 - - [10/Feb/2016:13:41:01 -0800] "GET /lib/reccapi.php?resort=mammothmountain HTTP/1.1" 200 973 "-" "node-superagent/1.4.0"
169.230.87.17 - - [10/Feb/2016:13:45:31 -0800] "GET /images/wsis-logo-sm.png HTTP/1.1" 200 6108 "http://www.thebackcountry.net/" "Mozilla/5.0 (Windows NT 6.1; WOW64) AppleWebKit/537.36 (KHTML, like Gecko) Chrome/33.0.1750.5 Safari/537.36"
216.75.239.130 - - [10/Feb/2016:13:52:31 -0800] "GET /images/wsis-logo-sm.png HTTP/1.1" 200 6108 "http://www.thebackcountry.net/" "Mozilla/5.0 (Macintosh; Intel Mac OS X 10_11_2) AppleWebKit/537.36 (KHTML, like Gecko) Chrome/48.0.2564.103 Safari/537.36"
66.249.79.220 - - [10/Feb/2016:13:53:37 -0800] "GET /blog/9-visiting-north-lake-tahoe HTTP/1.1" 404 506 "-" "DoCoMo/2.0 N905i(c100;TB;W24H16) (compatible; Googlebot-Mobile/2.1; +http://www.google.com/bot.html)"
216.75.239.130 - - [10/Feb/2016:13:54:01 -0800] "-" 408 0 "-" "-"
216.75.239.130 - - [10/Feb/2016:13:54:01 -0800] "-" 408 0 "-" "-"
216.75.239.130 - - [10/Feb/2016:13:54:29 -0800] "-" 408 0 "-" "-"
216.75.239.130 - - [10/Feb/2016:13:54:29 -0800] "-" 408 0 "-" "-"
199.30.24.255 - - [10/Feb/2016:13:55:45 -0800] "GET /images/wsis-logo-sm.png HTTP/1.1" 200 6052 "http://www.thebackcountry.net/" "Mozilla/5.0 (iPhone; CPU iPhone OS 7_0 like Mac OS X) AppleWebKit/537.51.1 (KHTML, like Gecko) Version/7.0 Mobile/11A465 Safari/9537.53 BingPreview/1.0b"
181.192.206.35 - - [10/Feb/2016:14:06:25 -0800] "GET /images/wsis-logo-sm.png HTTP/1.1" 200 6108 "http://www.thebackcountry.net/" "Mozilla/5.0 (Windows NT 6.1) AppleWebKit/537.36 (KHTML, like Gecko) Chrome/48.0.2564.109 Safari/537.36"
70.214.57.221 - - [10/Feb/2016:14:17:58 -0800] "GET /images/wsis-logo-sm.png HTTP/1.1" 304 187 "http://www.thebackcountry.net/" "Mozilla/5.0 (iPhone; CPU iPhone OS 8_3 like Mac OS X) AppleWebKit/600.1.4 (KHTML, like Gecko) Version/8.0 Mobile/12F70 Safari/600.1.4"
144.76.61.21 - - [10/Feb/2016:14:23:26 -0800] "GET /robots.txt HTTP/1.0" 200 338 "-" "Mozilla/5.0 (compatible; MJ12bot/v1.4.5; http://www.majestic12.co.uk/bot.php?+)"
144.76.61.21 - - [10/Feb/2016:14:23:28 -0800] "GET /robots.txt HTTP/1.0" 200 338 "-" "Mozilla/5.0 (compatible; MJ12bot/v1.4.5; http://www.majestic12.co.uk/bot.php?+)"
144.76.61.21 - - [10/Feb/2016:14:23:29 -0800] "GET /robots.txt HTTP/1.0" 200 338 "-" "Mozilla/5.0 (compatible; MJ12bot/v1.4.5; http://www.majestic12.co.uk/bot.php?+)"
144.76.61.21 - - [10/Feb/2016:14:23:31 -0800] "GET /robots.txt HTTP/1.0" 200 338 "-" "Mozilla/5.0 (compatible; MJ12bot/v1.4.5; http://www.majestic12.co.uk/bot.php?+)"
170.75.162.130 - - [10/Feb/2016:14:26:22 -0800] "GET /lib/reccapi.php?resort=jaypeak HTTP/1.1" 200 1063 "-" "node-superagent/1.4.0"
170.75.162.130 - - [10/Feb/2016:14:26:42 -0800] "GET /lib/reccapi.php?resort=alyeska HTTP/1.1" 200 997 "-" "node-superagent/1.4.0"
51.175.69.87 - - [10/Feb/2016:14:27:47 -0800] "GET /images/wsis-logo-sm.png HTTP/1.1" 200 6108 "http://www.thebackcountry.net/" "Mozilla/5.0 (Windows NT 10.0; WOW64) AppleWebKit/537.36 (KHTML, like Gecko) Chrome/48.0.2564.103 Safari/537.36"
170.75.162.130 - - [10/Feb/2016:14:28:22 -0800] "GET /lib/reccapi.php?resort=sierra-at-tahoe HTTP/1.1" 200 960 "-" "node-superagent/1.4.0"
180.76.15.6 - - [10/Feb/2016:14:33:37 -0800] "GET / HTTP/1.1" 200 6995 "-" "Mozilla/5.0 (compatible; Baiduspider/2.0; +http://www.baidu.com/search/spider.html)"
180.76.15.149 - - [10/Feb/2016:14:34:35 -0800] "GET / HTTP/1.1" 200 6995 "-" "Mozilla/5.0 (compatible; Baiduspider/2.0; +http://www.baidu.com/search/spider.html)"
223.62.3.46 - - [10/Feb/2016:14:43:33 -0800] "GET /images/wsis-logo-sm.png HTTP/1.1" 200 6108 "http://www.thebackcountry.net/" "Mozilla/5.0 (Linux; Android 5.1.1; SAMSUNG SM-N915S Build/LMY47X) AppleWebKit/537.36 (KHTML, like Gecko) SamsungBrowser/2.1 Chrome/34.0.1847.76 Mobile Safari/537.36"
220.181.108.140 - - [10/Feb/2016:14:44:40 -0800] "-" 408 0 "-" "-"
52.33.40.213 - - [10/Feb/2016:14:54:05 -0800] "GET /lib/reccapi.php?resort=mountspokane HTTP/1.1" 200 973 "-" "node-superagent/1.4.0"
52.33.40.213 - - [10/Feb/2016:14:54:05 -0800] "GET /lib/reccapi.php?resort=mountbachelor HTTP/1.1" 200 983 "-" "node-superagent/1.4.0"
66.224.112.14 - - [10/Feb/2016:14:54:15 -0800] "GET /images/wsis-logo-sm.png HTTP/1.1" 200 6108 "http://thebackcountry.net/" "Mozilla/5.0 (iPad; CPU OS 9_2_1 like Mac OS X) AppleWebKit/601.1.46 (KHTML, like Gecko) Version/9.0 Mobile/13D15 Safari/601.1"
52.33.40.213 - - [10/Feb/2016:14:55:05 -0800] "GET /lib/reccapi.php?resort=schweitzer HTTP/1.1" 200 942 "-" "node-superagent/1.4.0"
52.33.40.213 - - [10/Feb/2016:14:55:15 -0800] "GET /lib/reccapi.php?resort=stevenspass HTTP/1.1" 200 1014 "-" "node-superagent/1.4.0"
69.92.14.5 - - [10/Feb/2016:14:57:08 -0800] "GET /images/wsis-logo-sm.png HTTP/1.1" 200 6108 "http://www.thebackcountry.net/" "Mozilla/5.0 (Linux; Android 4.4.2; SM-T230NU Build/KOT49H) AppleWebKit/537.36 (KHTML, like Gecko) Chrome/48.0.2564.95 Safari/537.36"
54.67.0.126 - - [10/Feb/2016:14:59:16 -0800] "GET / HTTP/1.0" 200 6995 "-" "Mozilla/5.0 (Windows NT 6.3; rv:36.0 Gecko/20100101 Firefox/36.0"
66.249.79.227 - - [10/Feb/2016:15:04:49 -0800] "GET /images/wsis-logo-sm.png HTTP/1.1" 304 187 "-" "Googlebot-Image/1.0"
185.86.149.9 - - [10/Feb/2016:15:14:21 -0800] "GET /images/wsis-logo-sm.png HTTP/1.0" 200 6108 "-" "Mozilla/5.0 (Unknown; Linux x86_64) AppleWebKit/534.34 (KHTML, like Gecko) PhantomJS/1.9.8 Safari/534.34"
170.75.162.130 - - [10/Feb/2016:15:15:08 -0800] "GET /lib/reccapi.php?resort=heavenly HTTP/1.1" 200 973 "-" "node-superagent/1.4.0"
73.231.242.180 - - [10/Feb/2016:15:17:50 -0800] "GET /images/wsis-logo-sm.png HTTP/1.1" 200 6108 "http://www.thebackcountry.net/" "Mozilla/5.0 (Macintosh; Intel Mac OS X 10_10_3) AppleWebKit/537.36 (KHTML, like Gecko) Chrome/47.0.2526.111 Safari/537.36"
73.231.242.180 - - [10/Feb/2016:15:19:38 -0800] "-" 408 0 "-" "-"
73.231.242.180 - - [10/Feb/2016:15:19:39 -0800] "-" 408 0 "-" "-"
66.249.84.241 - - [10/Feb/2016:15:22:47 -0800] "GET / HTTP/1.1" 200 2615 "-" "Mozilla/5.0 (Windows NT 6.1; rv:6.0) Gecko/20110814 Firefox/6.0 Google Favicon"
66.249.84.244 - - [10/Feb/2016:15:22:47 -0800] "GET /favicon.ico HTTP/1.1" 200 4613 "-" "Mozilla/5.0 (Windows NT 6.1; rv:6.0) Gecko/20110814 Firefox/6.0 Google Favicon"
144.76.198.149 - - [10/Feb/2016:15:24:45 -0800] "GET /images/wsis-logo-sm.png HTTP/1.1" 200 6108 "http://www.thebackcountry.net/" "Mozilla/5.0 (X11; Linux x86_64; rv:10.0.12) Gecko/20130110 Firefox/10.0.12"
180.76.15.33 - - [10/Feb/2016:15:30:24 -0800] "GET / HTTP/1.1" 200 6995 "-" "Mozilla/5.0 (compatible; Baiduspider/2.0; +http://www.baidu.com/search/spider.html)"
180.76.15.162 - - [10/Feb/2016:15:31:15 -0800] "GET / HTTP/1.1" 200 6995 "-" "Mozilla/5.0 (compatible; Baiduspider/2.0; +http://www.baidu.com/search/spider.html)"
170.75.162.130 - - [10/Feb/2016:15:39:22 -0800] "GET /lib/reccapi.php?resort=alpinemeadows HTTP/1.1" 200 968 "-" "node-superagent/1.4.0"
170.75.162.130 - - [10/Feb/2016:15:39:22 -0800] "GET /lib/reccapi.php?resort=chinapeak HTTP/1.1" 200 979 "-" "node-superagent/1.4.0"
170.75.162.130 - - [10/Feb/2016:15:39:22 -0800] "GET /lib/reccapi.php?resort=homewoodmountain HTTP/1.1" 200 989 "-" "node-superagent/1.4.0"
170.75.162.130 - - [10/Feb/2016:15:39:22 -0800] "GET /lib/reccapi.php?resort=kirkwood HTTP/1.1" 200 980 "-" "node-superagent/1.4.0"
