127.0.0.1 - - [21/Feb/2016:06:51:38 -0800] "OPTIONS * HTTP/1.0" 200 126 "-" "Apache/2.2.22 (Ubuntu) (internal dummy connection)"
127.0.0.1 - - [21/Feb/2016:06:51:38 -0800] "OPTIONS * HTTP/1.0" 200 126 "-" "Apache/2.2.22 (Ubuntu) (internal dummy connection)"
127.0.0.1 - - [21/Feb/2016:06:51:38 -0800] "OPTIONS * HTTP/1.0" 200 126 "-" "Apache/2.2.22 (Ubuntu) (internal dummy connection)"
127.0.0.1 - - [21/Feb/2016:06:51:38 -0800] "OPTIONS * HTTP/1.0" 200 126 "-" "Apache/2.2.22 (Ubuntu) (internal dummy connection)"
170.75.162.130 - - [21/Feb/2016:06:51:55 -0800] "GET /lib/reccapi.php?resort=redlodge HTTP/1.1" 200 1002 "-" "node-superagent/1.4.0"
68.126.150.22 - - [21/Feb/2016:06:58:11 -0800] "GET /images/wsis-logo-sm.png HTTP/1.1" 200 6108 "http://www.thebackcountry.net/" "Mozilla/5.0 (Linux; U; Android 4.4.2; en-us; GT-P5210 Build/KOT49H) AppleWebKit/534.30 (KHTML, like Gecko) Version/4.0 Safari/534.30"
52.33.40.213 - - [21/Feb/2016:06:58:57 -0800] "GET /lib/reccapi.php?resort=brighton HTTP/1.1" 200 982 "-" "node-superagent/1.4.0"
38.122.189.10 - - [21/Feb/2016:06:59:34 -0800] "GET /prov/ HTTP/1.1" 404 526 "-" "Mozilla/5.0 (Windows; U; Windows NT 6.0; en-US; rv:1.9.0.6) Gecko/2009011913 Firefox/3.0.6"
52.33.40.213 - - [21/Feb/2016:07:00:57 -0800] "GET /lib/reccapi.php?resort=steamboat HTTP/1.1" 200 970 "-" "node-superagent/1.4.0"
108.234.176.11 - - [21/Feb/2016:07:03:24 -0800] "-" 408 0 "-" "-"
108.234.176.11 - - [21/Feb/2016:07:03:24 -0800] "-" 408 0 "-" "-"
108.234.176.11 - - [21/Feb/2016:07:03:24 -0800] "-" 408 0 "-" "-"
52.33.40.213 - - [21/Feb/2016:07:05:27 -0800] "GET /lib/reccapi.php?resort=aspenheights HTTP/1.1" 200 1009 "-" "node-superagent/1.4.0"
70.211.74.103 - - [21/Feb/2016:07:13:24 -0800] "GET /images/wsis-logo-sm.png HTTP/1.1" 200 6108 "http://www.thebackcountry.net/" "Mozilla/5.0 (iPhone; CPU iPhone OS 8_4_1 like Mac OS X) AppleWebKit/600.1.4 (KHTML, like Gecko) Version/8.0 Mobile/12H321 Safari/600.1.4"
108.247.178.213 - - [21/Feb/2016:07:16:21 -0800] "GET /images/wsis-logo-sm.png HTTP/1.1" 200 6108 "http://www.thebackcountry.net/" "Mozilla/5.0 (iPad; CPU OS 9_2 like Mac OS X) AppleWebKit/600.1.4 (KHTML, like Gecko) GSA/12.0.68608 Mobile/13C75 Safari/600.1.4"
24.23.134.72 - - [21/Feb/2016:07:21:31 -0800] "GET /images/wsis-logo-sm.png HTTP/1.1" 200 6108 "http://www.thebackcountry.net/" "Mozilla/5.0 (iPhone; CPU iPhone OS 9_2_1 like Mac OS X) AppleWebKit/600.1.4 (KHTML, like Gecko) GSA/12.0.68608 Mobile/13D15 Safari/600.1.4"
24.23.134.72 - - [21/Feb/2016:07:21:53 -0800] "-" 408 0 "-" "-"
52.33.40.213 - - [21/Feb/2016:07:25:18 -0800] "GET /lib/reccapi.php?resort=whitefacemountain HTTP/1.1" 200 1063 "-" "node-superagent/1.4.0"
108.206.118.105 - - [21/Feb/2016:07:26:17 -0800] "GET /images/wsis-logo-sm.png HTTP/1.1" 200 6108 "http://www.thebackcountry.net/" "Mozilla/5.0 (Windows NT 10.0; WOW64) AppleWebKit/537.36 (KHTML, like Gecko) Chrome/48.0.2564.116 Safari/537.36"
170.75.162.130 - - [21/Feb/2016:07:26:49 -0800] "GET /lib/reccapi.php?resort=solitude HTTP/1.1" 200 974 "-" "node-superagent/1.4.0"
98.150.73.245 - - [21/Feb/2016:07:27:16 -0800] "GET /images/wsis-logo-sm.png HTTP/1.1" 200 6108 "http://www.thebackcountry.net/" "Mozilla/5.0 (iPad; CPU OS 8_2 like Mac OS X) AppleWebKit/600.1.4 (KHTML, like Gecko) Version/8.0 Mobile/12D508 Safari/600.1.4"
52.33.40.213 - - [21/Feb/2016:07:28:08 -0800] "GET /lib/reccapi.php?resort=smugglersnotch HTTP/1.1" 200 1067 "-" "node-superagent/1.4.0"
52.33.40.213 - - [21/Feb/2016:07:28:08 -0800] "GET /lib/reccapi.php?resort=sugarbush HTTP/1.1" 200 1062 "-" "node-superagent/1.4.0"
52.33.40.213 - - [21/Feb/2016:07:28:08 -0800] "GET /lib/reccapi.php?resort=sugarloaf HTTP/1.1" 200 1016 "-" "node-superagent/1.4.0"
38.122.189.10 - - [21/Feb/2016:07:33:45 -0800] "GET /tftp/ HTTP/1.1" 404 526 "-" "Mozilla/5.0 (Windows; U; Windows NT 6.0; en-US; rv:1.9.0.6) Gecko/2009011913 Firefox/3.0.6"
180.76.15.136 - - [21/Feb/2016:07:34:09 -0800] "GET / HTTP/1.1" 200 6995 "-" "Mozilla/5.0 (compatible; Baiduspider/2.0; +http://www.baidu.com/search/spider.html)"
180.76.15.8 - - [21/Feb/2016:07:35:07 -0800] "GET / HTTP/1.1" 200 6995 "-" "Mozilla/5.0 (compatible; Baiduspider/2.0; +http://www.baidu.com/search/spider.html)"
70.214.3.62 - - [21/Feb/2016:07:36:44 -0800] "GET /images/wsis-logo-sm.png HTTP/1.1" 200 6108 "http://www.thebackcountry.net/" "Mozilla/5.0 (iPhone; CPU iPhone OS 9_2_1 like Mac OS X) AppleWebKit/601.1.46 (KHTML, like Gecko) Version/9.0 Mobile/13D15 Safari/601.1"
52.33.40.213 - - [21/Feb/2016:07:41:29 -0800] "GET /lib/reccapi.php?resort=deervalley HTTP/1.1" 200 1007 "-" "node-superagent/1.4.0"
172.15.96.116 - - [21/Feb/2016:07:41:51 -0800] "GET /images/wsis-logo-sm.png HTTP/1.1" 200 6108 "http://www.thebackcountry.net/" "Mozilla/5.0 (iPhone; CPU iPhone OS 9_2_1 like Mac OS X) AppleWebKit/601.1.46 (KHTML, like Gecko) Version/9.0 Mobile/13D15 Safari/601.1"
38.122.189.10 - - [21/Feb/2016:07:44:06 -0800] "GET /admin/ HTTP/1.1" 404 526 "-" "Mozilla/5.0 (Windows; U; Windows NT 6.0; en-US; rv:1.9.0.6) Gecko/2009011913 Firefox/3.0.6"
73.189.149.182 - - [21/Feb/2016:07:51:09 -0800] "GET /images/wsis-logo-sm.png HTTP/1.1" 200 6108 "http://www.thebackcountry.net/" "Mozilla/5.0 (iPad; CPU OS 9_2_1 like Mac OS X) AppleWebKit/601.1.46 (KHTML, like Gecko) Version/9.0 Mobile/13D15 Safari/601.1"
220.181.108.160 - - [21/Feb/2016:07:52:14 -0800] "-" 408 0 "-" "-"
52.33.40.213 - - [21/Feb/2016:07:57:49 -0800] "GET /lib/reccapi.php?resort=alpinemeadows HTTP/1.1" 200 997 "-" "node-superagent/1.4.0"
52.33.40.213 - - [21/Feb/2016:07:59:49 -0800] "GET /lib/reccapi.php?resort=squawvalleyusa HTTP/1.1" 200 996 "-" "node-superagent/1.4.0"
38.122.189.10 - - [21/Feb/2016:08:02:47 -0800] "GET /phone/ HTTP/1.1" 404 526 "-" "Mozilla/5.0 (Windows; U; Windows NT 6.0; en-US; rv:1.9.0.6) Gecko/2009011913 Firefox/3.0.6"
170.75.162.130 - - [21/Feb/2016:08:04:42 -0800] "GET /lib/reccapi.php?resort=devilshead HTTP/1.1" 200 1001 "-" "node-superagent/1.4.0"
38.122.189.10 - - [21/Feb/2016:08:05:40 -0800] "GET /provisioning/ HTTP/1.1" 404 526 "-" "Mozilla/5.0 (Windows; U; Windows NT 6.0; en-US; rv:1.9.0.6) Gecko/2009011913 Firefox/3.0.6"
69.146.33.38 - - [21/Feb/2016:08:06:12 -0800] "GET /images/wsis-logo-sm.png HTTP/1.1" 200 6108 "http://www.thebackcountry.net/" "Mozilla/5.0 (Macintosh; Intel Mac OS X 10_11_3) AppleWebKit/537.36 (KHTML, like Gecko) Chrome/48.0.2564.116 Safari/537.36"
157.55.39.172 - - [21/Feb/2016:08:08:28 -0800] "GET / HTTP/1.1" 200 2615 "-" "Mozilla/5.0 (compatible; bingbot/2.0; +http://www.bing.com/bingbot.htm)"
166.137.102.50 - - [21/Feb/2016:08:09:44 -0800] "GET /images/wsis-logo-sm.png HTTP/1.1" 200 6108 "http://thebackcountry.net/" "Mozilla/5.0 (iPhone; CPU iPhone OS 9_2_1 like Mac OS X) AppleWebKit/601.1.46 (KHTML, like Gecko) Version/9.0 Mobile/13D15 Safari/601.1"
170.75.162.130 - - [21/Feb/2016:08:13:23 -0800] "GET /lib/reccapi.php?resort=squawvalleyusa HTTP/1.1" 200 996 "-" "node-superagent/1.4.0"
170.75.162.130 - - [21/Feb/2016:08:15:03 -0800] "GET /lib/reccapi.php?resort=brighton HTTP/1.1" 200 980 "-" "node-superagent/1.4.0"
170.75.162.130 - - [21/Feb/2016:08:15:03 -0800] "GET /lib/reccapi.php?resort=deervalley HTTP/1.1" 200 1007 "-" "node-superagent/1.4.0"
170.75.162.130 - - [21/Feb/2016:08:15:03 -0800] "GET /lib/reccapi.php?resort=brianhead HTTP/1.1" 200 987 "-" "node-superagent/1.4.0"
66.249.79.234 - - [21/Feb/2016:08:15:20 -0800] "GET /blog/8-powder-rating-algorithm HTTP/1.1" 404 506 "-" "DoCoMo/2.0 N905i(c100;TB;W24H16) (compatible; Googlebot-Mobile/2.1; +http://www.google.com/bot.html)"
170.75.162.130 - - [21/Feb/2016:08:24:54 -0800] "GET /lib/reccapi.php?resort=sugarbowl HTTP/1.1" 200 978 "-" "node-superagent/1.4.0"
170.75.162.130 - - [21/Feb/2016:08:28:54 -0800] "GET /lib/reccapi.php?resort=alpinemeadows HTTP/1.1" 200 997 "-" "node-superagent/1.4.0"
170.75.162.130 - - [21/Feb/2016:08:28:54 -0800] "GET /lib/reccapi.php?resort=diamondpeak HTTP/1.1" 200 936 "-" "node-superagent/1.4.0"
170.75.162.130 - - [21/Feb/2016:08:28:54 -0800] "GET /lib/reccapi.php?resort=homewoodmountain HTTP/1.1" 200 993 "-" "node-superagent/1.4.0"
170.75.162.130 - - [21/Feb/2016:08:28:54 -0800] "GET /lib/reccapi.php?resort=kirkwood HTTP/1.1" 200 985 "-" "node-superagent/1.4.0"
170.75.162.130 - - [21/Feb/2016:08:28:54 -0800] "GET /lib/reccapi.php?resort=mtrose HTTP/1.1" 200 960 "-" "node-superagent/1.4.0"
180.76.15.32 - - [21/Feb/2016:08:35:43 -0800] "GET / HTTP/1.1" 200 6995 "-" "Mozilla/5.0 (compatible; Baiduspider/2.0; +http://www.baidu.com/search/spider.html)"
180.76.15.152 - - [21/Feb/2016:08:36:43 -0800] "GET / HTTP/1.1" 200 6995 "-" "Mozilla/5.0 (compatible; Baiduspider/2.0; +http://www.baidu.com/search/spider.html)"
54.189.131.170 - - [21/Feb/2016:08:43:35 -0800] "GET http://www.wikipedia.org/ HTTP/1.1" 200 6976 "-" "-"
107.77.75.86 - - [21/Feb/2016:08:44:23 -0800] "GET /images/wsis-logo-sm.png HTTP/1.1" 200 6108 "http://www.thebackcountry.net/" "Mozilla/5.0 (iPhone; CPU iPhone OS 9_2_1 like Mac OS X) AppleWebKit/601.1.46 (KHTML, like Gecko) Version/9.0 Mobile/13D15 Safari/601.1"
170.75.162.130 - - [21/Feb/2016:08:46:06 -0800] "GET /lib/reccapi.php?resort=mammothmountain HTTP/1.1" 200 1035 "-" "node-superagent/1.4.0"
107.77.109.52 - - [21/Feb/2016:08:54:39 -0800] "GET /images/wsis-logo-sm.png HTTP/1.1" 200 6108 "http://www.thebackcountry.net/" "Mozilla/5.0 (iPhone; CPU iPhone OS 9_2 like Mac OS X) AppleWebKit/601.1.46 (KHTML, like Gecko) Version/9.0 Mobile/13C75 Safari/601.1"
170.75.162.130 - - [21/Feb/2016:08:56:26 -0800] "GET /lib/reccapi.php?resort=sugarbush HTTP/1.1" 200 1062 "-" "node-superagent/1.4.0"
170.75.162.130 - - [21/Feb/2016:08:57:06 -0800] "GET /lib/reccapi.php?resort=angelfire HTTP/1.1" 200 994 "-" "node-superagent/1.4.0"
170.75.162.130 - - [21/Feb/2016:08:57:36 -0800] "GET /lib/reccapi.php?resort=49degreesnorth HTTP/1.1" 200 1073 "-" "node-superagent/1.4.0"
170.75.162.130 - - [21/Feb/2016:08:57:37 -0800] "GET /lib/reccapi.php?resort=bigsky HTTP/1.1" 200 993 "-" "node-superagent/1.4.0"
170.75.162.130 - - [21/Feb/2016:08:57:37 -0800] "GET /lib/reccapi.php?resort=bigwhite HTTP/1.1" 200 923 "-" "node-superagent/1.4.0"
170.75.162.130 - - [21/Feb/2016:08:57:57 -0800] "GET /lib/reccapi.php?resort=cannonmountain HTTP/1.1" 200 1010 "-" "node-superagent/1.4.0"
170.75.162.130 - - [21/Feb/2016:08:57:57 -0800] "GET /lib/reccapi.php?resort=crestedbutte HTTP/1.1" 200 978 "-" "node-superagent/1.4.0"
170.75.162.130 - - [21/Feb/2016:08:57:58 -0800] "GET /lib/reccapi.php?resort=keystone HTTP/1.1" 200 1017 "-" "node-superagent/1.4.0"
170.75.162.130 - - [21/Feb/2016:08:57:58 -0800] "GET /lib/reccapi.php?resort=killington HTTP/1.1" 200 1071 "-" "node-superagent/1.4.0"
170.75.162.130 - - [21/Feb/2016:08:57:58 -0800] "GET /lib/reccapi.php?resort=loveland HTTP/1.1" 200 980 "-" "node-superagent/1.4.0"
170.75.162.130 - - [21/Feb/2016:08:57:58 -0800] "GET /lib/reccapi.php?resort=redmountain HTTP/1.1" 200 911 "-" "node-superagent/1.4.0"
170.75.162.130 - - [21/Feb/2016:08:57:58 -0800] "GET /lib/reccapi.php?resort=schweitzer HTTP/1.1" 200 1061 "-" "node-superagent/1.4.0"
170.75.162.130 - - [21/Feb/2016:08:57:59 -0800] "GET /lib/reccapi.php?resort=snowbird HTTP/1.1" 200 991 "-" "node-superagent/1.4.0"
170.75.162.130 - - [21/Feb/2016:08:57:59 -0800] "GET /lib/reccapi.php?resort=steamboat HTTP/1.1" 200 971 "-" "node-superagent/1.4.0"
170.75.162.130 - - [21/Feb/2016:08:58:36 -0800] "GET /lib/reccapi.php?resort=whistlerblackcomb HTTP/1.1" 200 935 "-" "node-superagent/1.4.0"
170.75.162.130 - - [21/Feb/2016:08:58:36 -0800] "GET /lib/reccapi.php?resort=winterpark HTTP/1.1" 200 973 "-" "node-superagent/1.4.0"
170.75.162.130 - - [21/Feb/2016:08:58:36 -0800] "GET /lib/reccapi.php?resort=taos HTTP/1.1" 200 932 "-" "node-superagent/1.4.0"
170.75.162.130 - - [21/Feb/2016:08:58:36 -0800] "GET /lib/reccapi.php?resort=whitefacemountain HTTP/1.1" 200 1063 "-" "node-superagent/1.4.0"
170.75.162.130 - - [21/Feb/2016:08:58:36 -0800] "GET /lib/reccapi.php?resort=sunpeaksresort HTTP/1.1" 200 923 "-" "node-superagent/1.4.0"
170.75.162.130 - - [21/Feb/2016:08:58:36 -0800] "GET /lib/reccapi.php?resort=sunvalley HTTP/1.1" 200 1004 "-" "node-superagent/1.4.0"
170.75.162.130 - - [21/Feb/2016:08:58:36 -0800] "GET /lib/reccapi.php?resort=stevenspass HTTP/1.1" 200 1059 "-" "node-superagent/1.4.0"
170.75.162.130 - - [21/Feb/2016:08:58:37 -0800] "GET /lib/reccapi.php?resort=wildcatmountain HTTP/1.1" 200 1011 "-" "node-superagent/1.4.0"
170.75.162.130 - - [21/Feb/2016:08:58:37 -0800] "GET /lib/reccapi.php?resort=telluride HTTP/1.1" 200 958 "-" "node-superagent/1.4.0"
71.94.65.77 - - [21/Feb/2016:09:08:54 -0800] "GET /images/wsis-logo-sm.png HTTP/1.1" 200 6108 "http://www.thebackcountry.net/" "Mozilla/5.0 (Windows NT 10.0; WOW64) AppleWebKit/537.36 (KHTML, like Gecko) Chrome/48.0.2564.109 Safari/537.36"
180.76.15.160 - - [21/Feb/2016:09:10:29 -0800] "GET / HTTP/1.1" 200 2578 "-" "Mozilla/5.0 (compatible; Baiduspider/2.0; +http://www.baidu.com/search/spider.html)"
52.33.40.213 - - [21/Feb/2016:09:10:53 -0800] "GET /lib/reccapi.php?resort=madriverglen HTTP/1.1" 200 1064 "-" "node-superagent/1.4.0"
52.33.40.213 - - [21/Feb/2016:09:11:53 -0800] "GET /lib/reccapi.php?resort=taos HTTP/1.1" 200 933 "-" "node-superagent/1.4.0"
52.33.40.213 - - [21/Feb/2016:09:11:53 -0800] "GET /lib/reccapi.php?resort=sunvalley HTTP/1.1" 200 1006 "-" "node-superagent/1.4.0"
52.33.40.213 - - [21/Feb/2016:09:11:53 -0800] "GET /lib/reccapi.php?resort=snowbird HTTP/1.1" 200 990 "-" "node-superagent/1.4.0"
52.33.40.213 - - [21/Feb/2016:09:11:53 -0800] "GET /lib/reccapi.php?resort=jacksonhole HTTP/1.1" 200 1010 "-" "node-superagent/1.4.0"
52.33.40.213 - - [21/Feb/2016:09:11:53 -0800] "GET /lib/reccapi.php?resort=stowe HTTP/1.1" 200 1065 "-" "node-superagent/1.4.0"
52.33.40.213 - - [21/Feb/2016:09:11:53 -0800] "GET /lib/reccapi.php?resort=grandtarghee HTTP/1.1" 200 1029 "-" "node-superagent/1.4.0"
52.33.40.213 - - [21/Feb/2016:09:18:53 -0800] "GET /lib/reccapi.php?resort=keystone HTTP/1.1" 200 979 "-" "node-superagent/1.4.0"
108.202.209.180 - - [21/Feb/2016:09:19:07 -0800] "GET /images/wsis-logo-sm.png HTTP/1.1" 200 6108 "http://www.thebackcountry.net/" "Mozilla/5.0 (Windows NT 6.1) AppleWebKit/537.36 (KHTML, like Gecko) Chrome/48.0.2564.116 Safari/537.36"
52.33.40.213 - - [21/Feb/2016:09:21:13 -0800] "GET /lib/reccapi.php?resort=arapahoebasin HTTP/1.1" 200 1007 "-" "node-superagent/1.4.0"
66.249.79.18 - - [21/Feb/2016:09:21:40 -0800] "GET /robots.txt HTTP/1.1" 200 419 "-" "Mozilla/5.0 (compatible; Googlebot/2.1; +http://www.google.com/bot.html)"
66.249.79.21 - - [21/Feb/2016:09:21:40 -0800] "GET /lib/resortDataSearch.php?resort=hoodoo&dateStart=2012-11-21&dateMax=2012-12-05&size=30 HTTP/1.1" 200 331 "-" "Mozilla/5.0 (compatible; Googlebot/2.1; +http://www.google.com/bot.html)"
47.208.182.121 - - [21/Feb/2016:09:29:05 -0800] "GET /images/wsis-logo-sm.png HTTP/1.1" 200 6108 "http://www.thebackcountry.net/" "Mozilla/5.0 (iPad; CPU OS 9_2_1 like Mac OS X) AppleWebKit/601.1.46 (KHTML, like Gecko) Version/9.0 Mobile/13D15 Safari/601.1"
180.76.15.149 - - [21/Feb/2016:09:31:11 -0800] "GET / HTTP/1.1" 200 6995 "-" "Mozilla/5.0 (compatible; Baiduspider/2.0; +http://www.baidu.com/search/spider.html)"
180.76.15.142 - - [21/Feb/2016:09:32:02 -0800] "GET / HTTP/1.1" 200 6995 "-" "Mozilla/5.0 (compatible; Baiduspider/2.0; +http://www.baidu.com/search/spider.html)"
38.122.189.10 - - [21/Feb/2016:09:47:12 -0800] "GET /tftpboot/ HTTP/1.1" 404 526 "-" "Mozilla/5.0 (Windows; U; Windows NT 6.0; en-US; rv:1.9.0.6) Gecko/2009011913 Firefox/3.0.6"
66.249.79.220 - - [21/Feb/2016:09:51:32 -0800] "GET /resorts?resort=bigsky&date=2013-12-15 HTTP/1.1" 404 506 "-" "Mozilla/5.0 (iPhone; CPU iPhone OS 8_3 like Mac OS X) AppleWebKit/600.1.4 (KHTML, like Gecko) Version/8.0 Mobile/12F70 Safari/600.1.4 (compatible; Googlebot/2.1; +http://www.google.com/bot.html)"
52.33.40.213 - - [21/Feb/2016:09:55:15 -0800] "GET /lib/reccapi.php?resort=parkcity HTTP/1.1" 200 1015 "-" "node-superagent/1.4.0"
89.163.251.200 - - [21/Feb/2016:09:57:25 -0800] "GET /mysql/scripts/setup.php HTTP/1.0" 404 518 "-" "-"
38.122.189.10 - - [21/Feb/2016:10:04:03 -0800] "GET /prov/ HTTP/1.1" 404 526 "-" "Mozilla/5.0 (Windows; U; Windows NT 6.0; en-US; rv:1.9.0.6) Gecko/2009011913 Firefox/3.0.6"
123.125.71.40 - - [21/Feb/2016:10:06:22 -0800] "GET / HTTP/1.1" 200 2578 "-" "Mozilla/5.0 (compatible; Baiduspider/2.0; +http://www.baidu.com/search/spider.html)"
170.75.162.130 - - [21/Feb/2016:10:14:43 -0800] "GET /lib/reccapi.php?resort=sierra-at-tahoe HTTP/1.1" 200 963 "-" "node-superagent/1.4.0"
38.122.189.10 - - [21/Feb/2016:10:18:44 -0800] "GET /config/ HTTP/1.1" 404 526 "-" "Mozilla/5.0 (Windows; U; Windows NT 6.0; en-US; rv:1.9.0.6) Gecko/2009011913 Firefox/3.0.6"
52.33.40.213 - - [21/Feb/2016:10:27:36 -0800] "GET /lib/reccapi.php?resort=heavenly HTTP/1.1" 200 991 "-" "node-superagent/1.4.0"
52.33.40.213 - - [21/Feb/2016:10:27:46 -0800] "GET /lib/reccapi.php?resort=kirkwood HTTP/1.1" 200 979 "-" "node-superagent/1.4.0"
180.76.15.31 - - [21/Feb/2016:10:33:06 -0800] "GET / HTTP/1.1" 200 6995 "-" "Mozilla/5.0 (compatible; Baiduspider/2.0; +http://www.baidu.com/search/spider.html)"
180.76.15.20 - - [21/Feb/2016:10:33:59 -0800] "GET / HTTP/1.1" 200 6995 "-" "Mozilla/5.0 (compatible; Baiduspider/2.0; +http://www.baidu.com/search/spider.html)"
123.125.71.92 - - [21/Feb/2016:10:42:11 -0800] "-" 408 0 "-" "-"
170.75.162.130 - - [21/Feb/2016:10:47:25 -0800] "GET /lib/reccapi.php?resort=snowbasin HTTP/1.1" 200 978 "-" "node-superagent/1.4.0"
71.93.76.233 - - [21/Feb/2016:10:53:15 -0800] "GET /images/wsis-logo-sm.png HTTP/1.1" 200 6108 "http://www.thebackcountry.net/" "Mozilla/5.0 (Macintosh; Intel Mac OS X 10_11_1) AppleWebKit/601.2.7 (KHTML, like Gecko) Version/9.0.1 Safari/601.2.7"
170.75.162.130 - - [21/Feb/2016:11:00:07 -0800] "GET /lib/reccapi.php?resort=heavenly HTTP/1.1" 200 991 "-" "node-superagent/1.4.0"
170.75.162.130 - - [21/Feb/2016:11:00:47 -0800] "GET /lib/reccapi.php?resort=jaypeak HTTP/1.1" 200 1053 "-" "node-superagent/1.4.0"
170.75.162.130 - - [21/Feb/2016:11:00:47 -0800] "GET /lib/reccapi.php?resort=madriverglen HTTP/1.1" 200 1064 "-" "node-superagent/1.4.0"
170.75.162.130 - - [21/Feb/2016:11:00:47 -0800] "GET /lib/reccapi.php?resort=smugglersnotch HTTP/1.1" 200 1068 "-" "node-superagent/1.4.0"
170.75.162.130 - - [21/Feb/2016:11:00:47 -0800] "GET /lib/reccapi.php?resort=stowe HTTP/1.1" 200 1065 "-" "node-superagent/1.4.0"
170.75.162.130 - - [21/Feb/2016:11:00:47 -0800] "GET /lib/reccapi.php?resort=sugarloaf HTTP/1.1" 200 1000 "-" "node-superagent/1.4.0"
170.75.162.130 - - [21/Feb/2016:11:00:47 -0800] "GET /lib/reccapi.php?resort=sundayriver HTTP/1.1" 200 969 "-" "node-superagent/1.4.0"
173.219.119.18 - - [21/Feb/2016:11:01:07 -0800] "GET /images/wsis-logo-sm.png HTTP/1.1" 200 6108 "http://www.thebackcountry.net/" "Mozilla/5.0 (Windows NT 6.1; WOW64) AppleWebKit/537.36 (KHTML, like Gecko) Chrome/48.0.2564.116 Safari/537.36"
66.249.79.18 - - [21/Feb/2016:11:04:17 -0800] "GET /about HTTP/1.1" 404 509 "-" "Mozilla/5.0 (compatible; Googlebot/2.1; +http://www.google.com/bot.html)"
70.211.64.151 - - [21/Feb/2016:11:09:04 -0800] "GET /images/wsis-logo-sm.png HTTP/1.1" 200 6108 "http://www.thebackcountry.net/" "Mozilla/5.0 (iPhone; CPU iPhone OS 9_2_1 like Mac OS X) AppleWebKit/601.1.46 (KHTML, like Gecko) Version/9.0 Mobile/13D15 Safari/601.1"
66.249.79.234 - - [21/Feb/2016:11:18:30 -0800] "GET /resorts?resort=skicooper&date=2014-02-02 HTTP/1.1" 404 506 "-" "Mozilla/5.0 (iPhone; CPU iPhone OS 8_3 like Mac OS X) AppleWebKit/600.1.4 (KHTML, like Gecko) Version/8.0 Mobile/12F70 Safari/600.1.4 (compatible; Googlebot/2.1; +http://www.google.com/bot.html)"
107.77.75.126 - - [21/Feb/2016:11:23:13 -0800] "GET /images/wsis-logo-sm.png HTTP/1.1" 200 6108 "http://www.thebackcountry.net/" "Mozilla/5.0 (Linux; Android 4.4.2; en-us; SAMSUNG-SM-N900A Build/KOT49H) AppleWebKit/537.36 (KHTML, like Gecko) Version/1.5 Chrome/28.0.1500.94 Mobile Safari/537.36"
170.75.162.130 - - [21/Feb/2016:11:25:08 -0800] "GET /lib/reccapi.php?resort=northstar-at-tahoe HTTP/1.1" 200 976 "-" "node-superagent/1.4.0"
170.75.162.130 - - [21/Feb/2016:11:25:09 -0800] "GET /lib/reccapi.php?resort=snowmass HTTP/1.1" 200 959 "-" "node-superagent/1.4.0"
180.76.15.23 - - [21/Feb/2016:11:32:45 -0800] "GET / HTTP/1.1" 200 6995 "-" "Mozilla/5.0 (compatible; Baiduspider/2.0; +http://www.baidu.com/search/spider.html)"
180.76.15.156 - - [21/Feb/2016:11:33:42 -0800] "GET / HTTP/1.1" 200 6995 "-" "Mozilla/5.0 (compatible; Baiduspider/2.0; +http://www.baidu.com/search/spider.html)"
52.33.40.213 - - [21/Feb/2016:11:34:19 -0800] "GET /lib/reccapi.php?resort=hoodoo HTTP/1.1" 200 1069 "-" "node-superagent/1.4.0"
52.33.40.213 - - [21/Feb/2016:11:48:00 -0800] "GET /lib/reccapi.php?resort=49degreesnorth HTTP/1.1" 200 1092 "-" "node-superagent/1.4.0"
52.33.40.213 - - [21/Feb/2016:11:51:40 -0800] "GET /lib/reccapi.php?resort=bigwhite HTTP/1.1" 200 924 "-" "node-superagent/1.4.0"
140.32.16.3 - - [21/Feb/2016:11:52:05 -0800] "GET /favicon.ico HTTP/1.1" 200 4613 "-" "Mozilla/5.0 (Windows NT 6.1; WOW64; rv:44.0) Gecko/20100101 Firefox/44.0"
52.33.40.213 - - [21/Feb/2016:11:53:00 -0800] "GET /lib/reccapi.php?resort=crestedbutte HTTP/1.1" 200 976 "-" "node-superagent/1.4.0"
52.33.40.213 - - [21/Feb/2016:11:53:00 -0800] "GET /lib/reccapi.php?resort=devilshead HTTP/1.1" 200 992 "-" "node-superagent/1.4.0"
52.33.40.213 - - [21/Feb/2016:11:53:00 -0800] "GET /lib/reccapi.php?resort=diamondpeak HTTP/1.1" 200 937 "-" "node-superagent/1.4.0"
52.33.40.213 - - [21/Feb/2016:11:53:40 -0800] "GET /lib/reccapi.php?resort=sugarbowl HTTP/1.1" 200 980 "-" "node-superagent/1.4.0"
52.33.40.213 - - [21/Feb/2016:11:54:10 -0800] "GET /lib/reccapi.php?resort=sundayriver HTTP/1.1" 200 969 "-" "node-superagent/1.4.0"
52.33.40.213 - - [21/Feb/2016:11:54:10 -0800] "GET /lib/reccapi.php?resort=sunpeaksresort HTTP/1.1" 200 923 "-" "node-superagent/1.4.0"
52.33.40.213 - - [21/Feb/2016:11:54:30 -0800] "GET /lib/reccapi.php?resort=redmountain HTTP/1.1" 200 911 "-" "node-superagent/1.4.0"
52.33.40.213 - - [21/Feb/2016:11:54:30 -0800] "GET /lib/reccapi.php?resort=loveland HTTP/1.1" 200 1057 "-" "node-superagent/1.4.0"
52.33.40.213 - - [21/Feb/2016:11:54:30 -0800] "GET /lib/reccapi.php?resort=mountainhigh HTTP/1.1" 200 982 "-" "node-superagent/1.4.0"
52.33.40.213 - - [21/Feb/2016:11:55:10 -0800] "GET /lib/reccapi.php?resort=wildcatmountain HTTP/1.1" 200 1021 "-" "node-superagent/1.4.0"
52.33.40.213 - - [21/Feb/2016:11:55:10 -0800] "GET /lib/reccapi.php?resort=sierra-at-tahoe HTTP/1.1" 200 963 "-" "node-superagent/1.4.0"
52.33.40.213 - - [21/Feb/2016:11:55:40 -0800] "GET /lib/reccapi.php?resort=snowbasin HTTP/1.1" 200 978 "-" "node-superagent/1.4.0"
52.33.40.213 - - [21/Feb/2016:11:55:40 -0800] "GET /lib/reccapi.php?resort=silverstarmountain HTTP/1.1" 200 934 "-" "node-superagent/1.4.0"
104.131.147.112 - - [21/Feb/2016:12:01:23 -0800] "GET / HTTP/1.1" 200 2615 "-" "Mozilla/5.0 (compatible; Gluten Free Crawler/1.0; +http://glutenfreepleasure.com/)"
170.75.162.130 - - [21/Feb/2016:12:07:52 -0800] "GET /lib/reccapi.php?resort=buttermilk HTTP/1.1" 200 960 "-" "node-superagent/1.4.0"
170.75.162.130 - - [21/Feb/2016:12:11:52 -0800] "GET /lib/reccapi.php?resort=aspenmountain HTTP/1.1" 200 979 "-" "node-superagent/1.4.0"
52.33.40.213 - - [21/Feb/2016:12:14:01 -0800] "GET /lib/reccapi.php?resort=coppermountain HTTP/1.1" 200 1033 "-" "node-superagent/1.4.0"
107.182.45.209 - - [21/Feb/2016:12:21:27 -0800] "GET /images/wsis-logo-sm.png HTTP/1.1" 200 6108 "http://www.thebackcountry.net/" "Mozilla/5.0 (Macintosh; Intel Mac OS X 10_9_5) AppleWebKit/601.3.9 (KHTML, like Gecko) Version/9.0.2 Safari/537.86.3"
73.223.193.233 - - [21/Feb/2016:12:29:00 -0800] "GET /images/wsis-logo-sm.png HTTP/1.1" 200 6108 "http://www.thebackcountry.net/" "Mozilla/5.0 (Macintosh; Intel Mac OS X 10_6_8) AppleWebKit/537.36 (KHTML, like Gecko) Chrome/38.0.2125.122 Safari/537.36"
73.223.193.233 - - [21/Feb/2016:12:29:58 -0800] "GET / HTTP/1.1" 200 2615 "http://www.thebackcountry.net/" "Mozilla/5.0 (Macintosh; Intel Mac OS X 10_6_8) AppleWebKit/537.36 (KHTML, like Gecko) Chrome/38.0.2125.122 Safari/537.36"
73.223.193.233 - - [21/Feb/2016:12:29:58 -0800] "GET /styles/ee08faa9.main.css HTTP/1.1" 200 19446 "http://whereshouldiski.com/" "Mozilla/5.0 (Macintosh; Intel Mac OS X 10_6_8) AppleWebKit/537.36 (KHTML, like Gecko) Chrome/38.0.2125.122 Safari/537.36"
73.223.193.233 - - [21/Feb/2016:12:29:59 -0800] "GET /scripts/scripts/vendor/modernizr.js HTTP/1.1" 200 4903 "http://whereshouldiski.com/" "Mozilla/5.0 (Macintosh; Intel Mac OS X 10_6_8) AppleWebKit/537.36 (KHTML, like Gecko) Chrome/38.0.2125.122 Safari/537.36"
73.223.193.233 - - [21/Feb/2016:12:29:59 -0800] "GET /bower_components/requirejs/require.js HTTP/1.1" 200 6702 "http://whereshouldiski.com/" "Mozilla/5.0 (Macintosh; Intel Mac OS X 10_6_8) AppleWebKit/537.36 (KHTML, like Gecko) Chrome/38.0.2125.122 Safari/537.36"
73.223.193.233 - - [21/Feb/2016:12:29:59 -0800] "GET /images/logo-square-white-sm.png HTTP/1.1" 200 1684 "http://whereshouldiski.com/" "Mozilla/5.0 (Macintosh; Intel Mac OS X 10_6_8) AppleWebKit/537.36 (KHTML, like Gecko) Chrome/38.0.2125.122 Safari/537.36"
73.223.193.233 - - [21/Feb/2016:12:29:59 -0800] "GET /images/loading.gif HTTP/1.1" 200 13881 "http://whereshouldiski.com/" "Mozilla/5.0 (Macintosh; Intel Mac OS X 10_6_8) AppleWebKit/537.36 (KHTML, like Gecko) Chrome/38.0.2125.122 Safari/537.36"
73.223.193.233 - - [21/Feb/2016:12:29:59 -0800] "GET /scripts/fa48e319.main.js HTTP/1.1" 200 123455 "http://whereshouldiski.com/" "Mozilla/5.0 (Macintosh; Intel Mac OS X 10_6_8) AppleWebKit/537.36 (KHTML, like Gecko) Chrome/38.0.2125.122 Safari/537.36"
73.223.193.233 - - [21/Feb/2016:12:30:01 -0800] "GET /images/button.png HTTP/1.1" 200 598 "http://whereshouldiski.com/styles/ee08faa9.main.css" "Mozilla/5.0 (Macintosh; Intel Mac OS X 10_6_8) AppleWebKit/537.36 (KHTML, like Gecko) Chrome/38.0.2125.122 Safari/537.36"
73.223.193.233 - - [21/Feb/2016:12:30:01 -0800] "GET /images/greyHeader.png HTTP/1.1" 200 508 "http://whereshouldiski.com/styles/ee08faa9.main.css" "Mozilla/5.0 (Macintosh; Intel Mac OS X 10_6_8) AppleWebKit/537.36 (KHTML, like Gecko) Chrome/38.0.2125.122 Safari/537.36"
73.223.193.233 - - [21/Feb/2016:12:30:01 -0800] "GET /lib/reccapi.php?fields=t HTTP/1.1" 200 1878 "http://whereshouldiski.com/" "Mozilla/5.0 (Macintosh; Intel Mac OS X 10_6_8) AppleWebKit/537.36 (KHTML, like Gecko) Chrome/38.0.2125.122 Safari/537.36"
73.223.193.233 - - [21/Feb/2016:12:30:01 -0800] "GET /images/snowflake5.png HTTP/1.1" 200 2857 "http://whereshouldiski.com/styles/ee08faa9.main.css" "Mozilla/5.0 (Macintosh; Intel Mac OS X 10_6_8) AppleWebKit/537.36 (KHTML, like Gecko) Chrome/38.0.2125.122 Safari/537.36"
73.223.193.233 - - [21/Feb/2016:12:30:01 -0800] "GET /favicon.ico HTTP/1.1" 200 4612 "-" "Mozilla/5.0 (Macintosh; Intel Mac OS X 10_6_8) AppleWebKit/537.36 (KHTML, like Gecko) Chrome/38.0.2125.122 Safari/537.36"
73.223.193.233 - - [21/Feb/2016:12:30:01 -0800] "GET /images/star5.png HTTP/1.1" 200 1783 "http://whereshouldiski.com/styles/ee08faa9.main.css" "Mozilla/5.0 (Macintosh; Intel Mac OS X 10_6_8) AppleWebKit/537.36 (KHTML, like Gecko) Chrome/38.0.2125.122 Safari/537.36"
73.223.193.233 - - [21/Feb/2016:12:30:01 -0800] "GET /images/bluebird5.png HTTP/1.1" 200 2177 "http://whereshouldiski.com/styles/ee08faa9.main.css" "Mozilla/5.0 (Macintosh; Intel Mac OS X 10_6_8) AppleWebKit/537.36 (KHTML, like Gecko) Chrome/38.0.2125.122 Safari/537.36"
73.223.193.233 - - [21/Feb/2016:12:30:02 -0800] "GET /images/mtns-icon.png HTTP/1.1" 200 1096 "http://whereshouldiski.com/styles/ee08faa9.main.css" "Mozilla/5.0 (Macintosh; Intel Mac OS X 10_6_8) AppleWebKit/537.36 (KHTML, like Gecko) Chrome/38.0.2125.122 Safari/537.36"
73.223.193.233 - - [21/Feb/2016:12:30:02 -0800] "GET /images/shading-icon.png HTTP/1.1" 200 537 "http://whereshouldiski.com/styles/ee08faa9.main.css" "Mozilla/5.0 (Macintosh; Intel Mac OS X 10_6_8) AppleWebKit/537.36 (KHTML, like Gecko) Chrome/38.0.2125.122 Safari/537.36"
127.0.0.1 - - [21/Feb/2016:12:30:10 -0800] "OPTIONS * HTTP/1.0" 200 126 "-" "Apache/2.2.22 (Ubuntu) (internal dummy connection)"
127.0.0.1 - - [21/Feb/2016:12:30:11 -0800] "OPTIONS * HTTP/1.0" 200 126 "-" "Apache/2.2.22 (Ubuntu) (internal dummy connection)"
127.0.0.1 - - [21/Feb/2016:12:30:22 -0800] "OPTIONS * HTTP/1.0" 200 126 "-" "Apache/2.2.22 (Ubuntu) (internal dummy connection)"
180.76.15.34 - - [21/Feb/2016:12:32:47 -0800] "GET / HTTP/1.1" 200 6995 "-" "Mozilla/5.0 (compatible; Baiduspider/2.0; +http://www.baidu.com/search/spider.html)"
180.76.15.13 - - [21/Feb/2016:12:33:42 -0800] "GET / HTTP/1.1" 200 6995 "-" "Mozilla/5.0 (compatible; Baiduspider/2.0; +http://www.baidu.com/search/spider.html)"
52.33.40.213 - - [21/Feb/2016:12:40:22 -0800] "GET /lib/reccapi.php?resort=aspenmountain HTTP/1.1" 200 979 "-" "node-superagent/1.4.0"
52.33.40.213 - - [21/Feb/2016:12:40:22 -0800] "GET /lib/reccapi.php?resort=mammothmountain HTTP/1.1" 200 1033 "-" "node-superagent/1.4.0"
52.33.40.213 - - [21/Feb/2016:12:40:22 -0800] "GET /lib/reccapi.php?resort=alta HTTP/1.1" 200 973 "-" "node-superagent/1.4.0"
220.181.108.157 - - [21/Feb/2016:12:44:31 -0800] "GET / HTTP/1.1" 200 2578 "-" "Mozilla/5.0 (Windows NT 5.1; rv:6.0.2) Gecko/20100101 Firefox/6.0.2"
220.181.108.141 - - [21/Feb/2016:12:44:34 -0800] "GET / HTTP/1.1" 200 6995 "-" "Mozilla/5.0 (Windows NT 5.1; rv:6.0.2) Gecko/20100101 Firefox/6.0.2"
66.249.79.220 - - [21/Feb/2016:12:46:25 -0800] "GET /resorts?resort=whitepine&date=2014-02-10 HTTP/1.1" 404 506 "-" "Mozilla/5.0 (iPhone; CPU iPhone OS 8_3 like Mac OS X) AppleWebKit/600.1.4 (KHTML, like Gecko) Version/8.0 Mobile/12F70 Safari/600.1.4 (compatible; Googlebot/2.1; +http://www.google.com/bot.html)"
170.75.162.130 - - [21/Feb/2016:13:00:46 -0800] "GET /lib/reccapi.php?resort=homewoodmountain HTTP/1.1" 200 993 "-" "node-superagent/1.4.0"
170.75.162.130 - - [21/Feb/2016:13:00:46 -0800] "GET /lib/reccapi.php?resort=taos HTTP/1.1" 200 933 "-" "node-superagent/1.4.0"
170.75.162.130 - - [21/Feb/2016:13:00:46 -0800] "GET /lib/reccapi.php?resort=wildcatmountain HTTP/1.1" 200 1021 "-" "node-superagent/1.4.0"
186.1.78.165 - - [21/Feb/2016:13:03:04 -0800] "GET /images/wsis-logo-sm.png HTTP/1.1" 200 6108 "http://www.thebackcountry.net/" "Mozilla/5.0 (Windows NT 6.1) AppleWebKit/537.36 (KHTML, like Gecko) Chrome/48.0.2564.116 Safari/537.36"
180.76.15.25 - - [21/Feb/2016:13:03:15 -0800] "GET /robots.txt HTTP/1.1" 200 382 "-" "Mozilla/5.0 (Windows NT 5.1; rv:6.0.2) Gecko/20100101 Firefox/6.0.2"
69.92.88.178 - - [21/Feb/2016:13:06:28 -0800] "GET /images/wsis-logo-sm.png HTTP/1.1" 200 6108 "http://www.thebackcountry.net/" "Mozilla/5.0 (iPad; CPU OS 9_2_1 like Mac OS X) AppleWebKit/601.1.46 (KHTML, like Gecko) Version/9.0 Mobile/13D15 Safari/601.1"
170.75.162.130 - - [21/Feb/2016:13:10:07 -0800] "GET /lib/reccapi.php?resort=aspenheights HTTP/1.1" 200 989 "-" "node-superagent/1.4.0"
180.76.15.144 - - [21/Feb/2016:13:10:50 -0800] "GET /robots.txt HTTP/1.1" 200 382 "-" "Mozilla/5.0 (Windows NT 5.1; rv:6.0.2) Gecko/20100101 Firefox/6.0.2"
47.208.179.253 - - [21/Feb/2016:13:20:05 -0800] "GET /images/wsis-logo-sm.png HTTP/1.1" 200 6108 "http://www.thebackcountry.net/" "Mozilla/5.0 (Windows NT 6.1; WOW64) AppleWebKit/537.36 (KHTML, like Gecko) Chrome/48.0.2564.109 Safari/537.36"
52.33.40.213 - - [21/Feb/2016:13:30:14 -0800] "GET /lib/reccapi.php?resort=solitude HTTP/1.1" 200 972 "-" "node-superagent/1.4.0"
180.76.15.135 - - [21/Feb/2016:13:33:03 -0800] "GET / HTTP/1.1" 200 6995 "-" "Mozilla/5.0 (compatible; Baiduspider/2.0; +http://www.baidu.com/search/spider.html)"
180.76.15.10 - - [21/Feb/2016:13:33:58 -0800] "GET / HTTP/1.1" 200 6995 "-" "Mozilla/5.0 (compatible; Baiduspider/2.0; +http://www.baidu.com/search/spider.html)"
220.181.108.121 - - [21/Feb/2016:13:44:18 -0800] "GET / HTTP/1.1" 200 2578 "-" "Mozilla/5.0 (Windows NT 5.1; rv:6.0.2) Gecko/20100101 Firefox/6.0.2"
220.181.108.87 - - [21/Feb/2016:13:44:20 -0800] "GET / HTTP/1.1" 200 6995 "-" "Mozilla/5.0 (Windows NT 5.1; rv:6.0.2) Gecko/20100101 Firefox/6.0.2"
157.55.39.172 - - [21/Feb/2016:13:48:02 -0800] "GET / HTTP/1.1" 200 2615 "-" "Mozilla/5.0 (compatible; bingbot/2.0; +http://www.bing.com/bingbot.htm)"
89.248.162.159 - - [21/Feb/2016:14:13:22 -0800] "GET /vb/register.php?do=signup HTTP/1.0" 404 489 "-" "Mozilla/5.0 (Windows NT 6.1; WOW64) AppleWebKit/537.36 (KHTML, like Gecko) Chrome/48.0.2564.109 Safari/537.36"
66.249.79.227 - - [21/Feb/2016:14:14:55 -0800] "GET /blog/9-visiting-north-lake-tahoe HTTP/1.1" 404 506 "-" "DoCoMo/2.0 N905i(c100;TB;W24H16) (compatible; Googlebot-Mobile/2.1; +http://www.google.com/bot.html)"
66.249.79.220 - - [21/Feb/2016:14:15:12 -0800] "GET /resorts?resort=bearmountain&date=2013-05-04 HTTP/1.1" 404 506 "-" "Mozilla/5.0 (iPhone; CPU iPhone OS 8_3 like Mac OS X) AppleWebKit/600.1.4 (KHTML, like Gecko) Version/8.0 Mobile/12F70 Safari/600.1.4 (compatible; Googlebot/2.1; +http://www.google.com/bot.html)"
170.75.162.130 - - [21/Feb/2016:14:15:15 -0800] "GET /lib/reccapi.php?resort=crystalmountain HTTP/1.1" 200 1042 "-" "node-superagent/1.4.0"
170.75.162.130 - - [21/Feb/2016:14:16:15 -0800] "GET /lib/reccapi.php?resort=sunvalley HTTP/1.1" 200 1006 "-" "node-superagent/1.4.0"
65.113.105.203 - - [21/Feb/2016:14:19:16 -0800] "GET /images/wsis-logo-sm.png HTTP/1.1" 200 6108 "http://www.thebackcountry.net/" "Mozilla/5.0 (Macintosh; Intel Mac OS X 10_11_3) AppleWebKit/601.4.4 (KHTML, like Gecko) Version/9.0.3 Safari/601.4.4"
107.77.109.15 - - [21/Feb/2016:14:27:30 -0800] "GET /images/wsis-logo-sm.png HTTP/1.1" 200 6108 "http://www.thebackcountry.net/" "Mozilla/5.0 (Linux; Android 5.1.1; SAMSUNG-SM-N910A Build/LMY47X) AppleWebKit/537.36 (KHTML, like Gecko) Chrome/48.0.2564.95 Mobile Safari/537.36"
51.255.194.33 - - [21/Feb/2016:14:28:58 -0800] "GET /robots.txt HTTP/1.0" 200 338 "-" "Mozilla/5.0 (compatible; MJ12bot/v1.4.5; http://www.majestic12.co.uk/bot.php?+)"
51.255.194.33 - - [21/Feb/2016:14:29:00 -0800] "GET /resorts?resort=killington HTTP/1.0" 404 495 "-" "Mozilla/5.0 (compatible; MJ12bot/v1.4.5; http://www.majestic12.co.uk/bot.php?+)"
180.76.15.139 - - [21/Feb/2016:14:32:31 -0800] "GET / HTTP/1.1" 200 6995 "-" "Mozilla/5.0 (compatible; Baiduspider/2.0; +http://www.baidu.com/search/spider.html)"
180.76.15.24 - - [21/Feb/2016:14:33:27 -0800] "GET / HTTP/1.1" 200 6995 "-" "Mozilla/5.0 (compatible; Baiduspider/2.0; +http://www.baidu.com/search/spider.html)"
170.75.162.130 - - [21/Feb/2016:14:35:38 -0800] "GET /lib/reccapi.php?resort=bigsky HTTP/1.1" 200 993 "-" "node-superagent/1.4.0"
170.75.162.130 - - [21/Feb/2016:14:35:38 -0800] "GET /lib/reccapi.php?resort=redlodge HTTP/1.1" 200 1000 "-" "node-superagent/1.4.0"
172.56.31.146 - - [21/Feb/2016:14:38:48 -0800] "GET /images/wsis-logo-sm.png HTTP/1.1" 200 6108 "http://www.thebackcountry.net/" "Mozilla/5.0 (iPhone; CPU iPhone OS 9_2_1 like Mac OS X) AppleWebKit/601.1.46 (KHTML, like Gecko) Version/9.0 Mobile/13D15 Safari/601.1"
66.87.135.84 - - [21/Feb/2016:14:42:59 -0800] "GET /images/wsis-logo-sm.png HTTP/1.1" 200 6108 "http://www.thebackcountry.net/" "Mozilla/5.0 (iPhone; CPU iPhone OS 8_3 like Mac OS X) AppleWebKit/600.1.4 (KHTML, like Gecko) Version/8.0 Mobile/12F70 Safari/600.1.4"
17.142.156.117 - - [21/Feb/2016:14:46:17 -0800] "GET /favicon.ico HTTP/1.1" 200 4613 "-" "Mozilla/5.0 (Macintosh; Intel Mac OS X 10_10_1) AppleWebKit/600.2.5 (KHTML, like Gecko) Version/8.0.2 Safari/600.2.5 (Applebot/0.1; +http://www.apple.com/go/applebot)"
52.33.40.213 - - [21/Feb/2016:14:55:48 -0800] "GET /lib/reccapi.php?resort=mountbachelor HTTP/1.1" 200 1124 "-" "node-superagent/1.4.0"
52.33.40.213 - - [21/Feb/2016:14:55:48 -0800] "GET /lib/reccapi.php?resort=mountspokane HTTP/1.1" 200 1090 "-" "node-superagent/1.4.0"
52.33.40.213 - - [21/Feb/2016:14:56:58 -0800] "GET /lib/reccapi.php?resort=schweitzer HTTP/1.1" 200 1061 "-" "node-superagent/1.4.0"
52.33.40.213 - - [21/Feb/2016:14:57:08 -0800] "GET /lib/reccapi.php?resort=stevenspass HTTP/1.1" 200 1063 "-" "node-superagent/1.4.0"
170.75.162.130 - - [21/Feb/2016:15:00:12 -0800] "GET /lib/reccapi.php?resort=heavenly HTTP/1.1" 200 991 "-" "node-superagent/1.4.0"
191.252.65.109 - - [21/Feb/2016:15:04:12 -0800] "GET / HTTP/1.0" 200 6995 "-" "-"
170.75.162.130 - - [21/Feb/2016:15:11:43 -0800] "GET /lib/reccapi.php?resort=alta HTTP/1.1" 200 977 "-" "node-superagent/1.4.0"
170.75.162.130 - - [21/Feb/2016:15:11:43 -0800] "GET /lib/reccapi.php?resort=killington HTTP/1.1" 200 1070 "-" "node-superagent/1.4.0"
170.75.162.130 - - [21/Feb/2016:15:11:43 -0800] "GET /lib/reccapi.php?resort=sugarloaf HTTP/1.1" 200 1001 "-" "node-superagent/1.4.0"
24.32.31.63 - - [21/Feb/2016:15:25:26 -0800] "GET /images/wsis-logo-sm.png HTTP/1.1" 200 6108 "http://www.thebackcountry.net/" "Mozilla/5.0 (Windows NT 10.0; WOW64) AppleWebKit/537.36 (KHTML, like Gecko) Chrome/48.0.2564.116 Safari/537.36"
180.76.15.5 - - [21/Feb/2016:15:30:49 -0800] "GET / HTTP/1.1" 200 6995 "-" "Mozilla/5.0 (compatible; Baiduspider/2.0; +http://www.baidu.com/search/spider.html)"
180.76.15.147 - - [21/Feb/2016:15:31:39 -0800] "GET / HTTP/1.1" 200 6995 "-" "Mozilla/5.0 (compatible; Baiduspider/2.0; +http://www.baidu.com/search/spider.html)"
195.154.226.90 - - [21/Feb/2016:15:40:15 -0800] "HEAD /wp-trackback.php HTTP/" 404 182 "-" "Mozilla/4.0 (compatible; MSIE 6.0; Windows NT 5.1; SV1; .NET CLR 2.0.50727)"
216.24.133.59 - - [21/Feb/2016:15:42:02 -0800] "GET /images/wsis-logo-sm.png HTTP/1.1" 200 6052 "http://www.thebackcountry.net/" "Mozilla/5.0 (Windows NT 6.1) AppleWebKit/537.36 (KHTML, like Gecko) Chrome/48.0.2564.116 Safari/537.36"
52.33.40.213 - - [21/Feb/2016:15:42:30 -0800] "GET /lib/reccapi.php?resort=whistlerblackcomb HTTP/1.1" 200 937 "-" "node-superagent/1.4.0"
66.249.79.220 - - [21/Feb/2016:15:42:55 -0800] "GET /resorts?resort=mountspokane&date=2014-02-11 HTTP/1.1" 404 506 "-" "Mozilla/5.0 (iPhone; CPU iPhone OS 8_3 like Mac OS X) AppleWebKit/600.1.4 (KHTML, like Gecko) Version/8.0 Mobile/12F70 Safari/600.1.4 (compatible; Googlebot/2.1; +http://www.google.com/bot.html)"
52.33.40.213 - - [21/Feb/2016:15:48:31 -0800] "GET /lib/reccapi.php?resort=sugarbush HTTP/1.1" 200 1061 "-" "node-superagent/1.4.0"
52.33.40.213 - - [21/Feb/2016:15:48:50 -0800] "GET /lib/reccapi.php?resort=sugarloaf HTTP/1.1" 200 1001 "-" "node-superagent/1.4.0"
141.212.122.129 - - [21/Feb/2016:15:51:13 -0800] "GET /x HTTP/1.1" 400 539 "-" "Telesphoreo"
52.33.40.213 - - [21/Feb/2016:15:51:21 -0800] "GET /lib/reccapi.php?resort=madriverglen HTTP/1.1" 200 1063 "-" "node-superagent/1.4.0"
52.33.40.213 - - [21/Feb/2016:15:52:01 -0800] "GET /lib/reccapi.php?resort=stowe HTTP/1.1" 200 1063 "-" "node-superagent/1.4.0"
52.33.40.213 - - [21/Feb/2016:15:52:51 -0800] "GET /lib/reccapi.php?resort=arapahoebasin HTTP/1.1" 200 1006 "-" "node-superagent/1.4.0"
52.33.40.213 - - [21/Feb/2016:15:53:01 -0800] "GET /lib/reccapi.php?resort=brianhead HTTP/1.1" 200 987 "-" "node-superagent/1.4.0"
52.33.40.213 - - [21/Feb/2016:15:53:11 -0800] "GET /lib/reccapi.php?resort=angelfire HTTP/1.1" 200 974 "-" "node-superagent/1.4.0"
52.33.40.213 - - [21/Feb/2016:15:53:51 -0800] "GET /lib/reccapi.php?resort=crystalmountain HTTP/1.1" 200 1047 "-" "node-superagent/1.4.0"
52.33.40.213 - - [21/Feb/2016:15:54:01 -0800] "GET /lib/reccapi.php?resort=mounthoodmeadows HTTP/1.1" 200 1071 "-" "node-superagent/1.4.0"
52.33.40.213 - - [21/Feb/2016:15:54:11 -0800] "GET /lib/reccapi.php?resort=monarch HTTP/1.1" 200 984 "-" "node-superagent/1.4.0"
52.33.40.213 - - [21/Feb/2016:15:54:21 -0800] "GET /lib/reccapi.php?resort=sundayriver HTTP/1.1" 200 970 "-" "node-superagent/1.4.0"
71.175.59.83 - - [21/Feb/2016:15:54:34 -0800] "GET /images/wsis-logo-sm.png HTTP/1.1" 200 6108 "http://www.thebackcountry.net/" "Mozilla/5.0 (X11; CrOS armv7l 7647.78.0) AppleWebKit/537.36 (KHTML, like Gecko) Chrome/48.0.2564.109 Safari/537.36"
200.78.116.30 - - [21/Feb/2016:15:55:08 -0800] "GET /images/wsis-logo-sm.png HTTP/1.1" 200 6108 "http://www.thebackcountry.net/" "Mozilla/5.0 (Windows NT 6.3; WOW64) AppleWebKit/537.36 (KHTML, like Gecko) Chrome/48.0.2564.116 Safari/537.36"
52.33.40.213 - - [21/Feb/2016:15:56:31 -0800] "GET /lib/reccapi.php?resort=winterpark HTTP/1.1" 200 994 "-" "node-superagent/1.4.0"
52.33.40.213 - - [21/Feb/2016:15:59:11 -0800] "GET /lib/reccapi.php?resort=alyeska HTTP/1.1" 200 1048 "-" "node-superagent/1.4.0"
64.80.159.211 - - [21/Feb/2016:16:32:19 -0800] "GET /images/wsis-logo-sm.png HTTP/1.1" 200 6108 "http://www.thebackcountry.net/" "Mozilla/5.0 (Macintosh; Intel Mac OS X 10_9_5) AppleWebKit/601.3.9 (KHTML, like Gecko) Version/9.0.2 Safari/537.86.3"
180.76.15.150 - - [21/Feb/2016:16:33:36 -0800] "GET / HTTP/1.1" 200 6995 "-" "Mozilla/5.0 (compatible; Baiduspider/2.0; +http://www.baidu.com/search/spider.html)"
180.76.15.160 - - [21/Feb/2016:16:34:33 -0800] "GET / HTTP/1.1" 200 6995 "-" "Mozilla/5.0 (compatible; Baiduspider/2.0; +http://www.baidu.com/search/spider.html)"
75.111.68.197 - - [21/Feb/2016:16:41:01 -0800] "GET /images/wsis-logo-sm.png HTTP/1.1" 200 6108 "http://www.thebackcountry.net/" "Mozilla/5.0 (Windows NT 10.0; WOW64) AppleWebKit/537.36 (KHTML, like Gecko) Chrome/48.0.2564.116 Safari/537.36"
71.140.31.214 - - [21/Feb/2016:16:41:57 -0800] "GET /images/wsis-logo-sm.png HTTP/1.1" 200 6108 "http://thebackcountry.net/" "Mozilla/4.0 (compatible; MSIE 8.0; Windows NT 5.1; Trident/4.0; .NET CLR 2.0.50727; .NET CLR 3.0.4506.2152; .NET CLR 3.5.30729; 786908940603; Build/14.08001)"
64.80.159.211 - - [21/Feb/2016:16:42:39 -0800] "GET /images/wsis-logo-sm.png HTTP/1.1" 200 6108 "http://www.thebackcountry.net/" "Mozilla/5.0 (Macintosh; Intel Mac OS X 10_9_5) AppleWebKit/601.3.9 (KHTML, like Gecko) Version/9.0.2 Safari/537.86.3"
170.75.162.130 - - [21/Feb/2016:16:49:07 -0800] "GET /lib/reccapi.php?resort=mtrose HTTP/1.1" 200 961 "-" "node-superagent/1.4.0"
52.33.40.213 - - [21/Feb/2016:16:50:13 -0800] "GET /lib/reccapi.php?resort=killington HTTP/1.1" 200 1070 "-" "node-superagent/1.4.0"
52.33.40.213 - - [21/Feb/2016:16:52:43 -0800] "GET /lib/reccapi.php?resort=buttermilk HTTP/1.1" 200 960 "-" "node-superagent/1.4.0"
52.33.40.213 - - [21/Feb/2016:16:53:13 -0800] "GET /lib/reccapi.php?resort=snowmass HTTP/1.1" 200 958 "-" "node-superagent/1.4.0"
170.75.162.130 - - [21/Feb/2016:16:54:28 -0800] "GET /lib/reccapi.php?resort=alpinemeadows HTTP/1.1" 200 975 "-" "node-superagent/1.4.0"
108.61.62.227 - - [21/Feb/2016:16:59:57 -0800] "GET /language/en-GB/en-GB.xml HTTP/1.1" 404 510 "-" "Python-urllib/2.6"
170.75.162.130 - - [21/Feb/2016:17:01:19 -0800] "GET /lib/reccapi.php?resort=mountspokane HTTP/1.1" 200 1046 "-" "node-superagent/1.4.0"
170.75.162.130 - - [21/Feb/2016:17:02:29 -0800] "GET /lib/reccapi.php?resort=mountbachelor HTTP/1.1" 200 1076 "-" "node-superagent/1.4.0"
170.75.162.130 - - [21/Feb/2016:17:02:29 -0800] "GET /lib/reccapi.php?resort=chinapeak HTTP/1.1" 200 995 "-" "node-superagent/1.4.0"
170.75.162.130 - - [21/Feb/2016:17:03:39 -0800] "GET /lib/reccapi.php?resort=mounthoodmeadows HTTP/1.1" 200 1071 "-" "node-superagent/1.4.0"
170.75.162.130 - - [21/Feb/2016:17:03:39 -0800] "GET /lib/reccapi.php?resort=hoodoo HTTP/1.1" 200 1060 "-" "node-superagent/1.4.0"
66.249.79.220 - - [21/Feb/2016:17:11:07 -0800] "GET /resorts?resort=belleayre&date=2014-02-05 HTTP/1.1" 404 506 "-" "Mozilla/5.0 (iPhone; CPU iPhone OS 8_3 like Mac OS X) AppleWebKit/600.1.4 (KHTML, like Gecko) Version/8.0 Mobile/12F70 Safari/600.1.4 (compatible; Googlebot/2.1; +http://www.google.com/bot.html)"
98.224.174.228 - - [21/Feb/2016:17:12:24 -0800] "GET /images/wsis-logo-sm.png HTTP/1.1" 200 6108 "http://www.thebackcountry.net/" "Mozilla/5.0 (iPhone; CPU iPhone OS 9_1 like Mac OS X) AppleWebKit/601.1.46 (KHTML, like Gecko) Version/9.0 Mobile/13B143 Safari/601.1"
170.75.162.130 - - [21/Feb/2016:17:14:31 -0800] "GET /lib/reccapi.php?resort=snowmass HTTP/1.1" 200 958 "-" "node-superagent/1.4.0"
72.47.175.6 - - [21/Feb/2016:17:15:14 -0800] "GET /images/wsis-logo-sm.png HTTP/1.1" 200 6108 "http://www.thebackcountry.net/" "Mozilla/5.0 (Windows NT 6.1; WOW64) AppleWebKit/537.36 (KHTML, like Gecko) Chrome/48.0.2564.116 Safari/537.36"
52.33.40.213 - - [21/Feb/2016:17:20:15 -0800] "GET /lib/reccapi.php?resort=chinapeak HTTP/1.1" 200 995 "-" "node-superagent/1.4.0"
52.33.40.213 - - [21/Feb/2016:17:20:35 -0800] "GET /lib/reccapi.php?resort=mtrose HTTP/1.1" 200 961 "-" "node-superagent/1.4.0"
52.33.40.213 - - [21/Feb/2016:17:21:35 -0800] "GET /lib/reccapi.php?resort=homewoodmountain HTTP/1.1" 200 991 "-" "node-superagent/1.4.0"
170.75.162.130 - - [21/Feb/2016:17:21:52 -0800] "GET /lib/reccapi.php?resort=aspenmountain HTTP/1.1" 200 978 "-" "node-superagent/1.4.0"
170.75.162.130 - - [21/Feb/2016:17:21:52 -0800] "GET /lib/reccapi.php?resort=49degreesnorth HTTP/1.1" 200 1048 "-" "node-superagent/1.4.0"
170.75.162.130 - - [21/Feb/2016:17:21:52 -0800] "GET /lib/reccapi.php?resort=alyeska HTTP/1.1" 200 1048 "-" "node-superagent/1.4.0"
170.75.162.130 - - [21/Feb/2016:17:21:52 -0800] "GET /lib/reccapi.php?resort=aspenheights HTTP/1.1" 200 990 "-" "node-superagent/1.4.0"
170.75.162.130 - - [21/Feb/2016:17:21:52 -0800] "GET /lib/reccapi.php?resort=arapahoebasin HTTP/1.1" 200 1006 "-" "node-superagent/1.4.0"
170.75.162.130 - - [21/Feb/2016:17:21:52 -0800] "GET /lib/reccapi.php?resort=brianhead HTTP/1.1" 200 987 "-" "node-superagent/1.4.0"
170.75.162.130 - - [21/Feb/2016:17:21:52 -0800] "GET /lib/reccapi.php?resort=brighton HTTP/1.1" 200 981 "-" "node-superagent/1.4.0"
170.75.162.130 - - [21/Feb/2016:17:21:52 -0800] "GET /lib/reccapi.php?resort=buttermilk HTTP/1.1" 200 960 "-" "node-superagent/1.4.0"
170.75.162.130 - - [21/Feb/2016:17:21:52 -0800] "GET /lib/reccapi.php?resort=cannonmountain HTTP/1.1" 200 993 "-" "node-superagent/1.4.0"
170.75.162.130 - - [21/Feb/2016:17:21:52 -0800] "GET /lib/reccapi.php?resort=coppermountain HTTP/1.1" 200 1032 "-" "node-superagent/1.4.0"
170.75.162.130 - - [21/Feb/2016:17:21:52 -0800] "GET /lib/reccapi.php?resort=crestedbutte HTTP/1.1" 200 976 "-" "node-superagent/1.4.0"
170.75.162.130 - - [21/Feb/2016:17:21:52 -0800] "GET /lib/reccapi.php?resort=deervalley HTTP/1.1" 200 1016 "-" "node-superagent/1.4.0"
170.75.162.130 - - [21/Feb/2016:17:22:52 -0800] "GET /lib/reccapi.php?resort=monarch HTTP/1.1" 200 984 "-" "node-superagent/1.4.0"
170.75.162.130 - - [21/Feb/2016:17:22:52 -0800] "GET /lib/reccapi.php?resort=sierra-at-tahoe HTTP/1.1" 200 965 "-" "node-superagent/1.4.0"
170.75.162.130 - - [21/Feb/2016:17:22:52 -0800] "GET /lib/reccapi.php?resort=keystone HTTP/1.1" 200 979 "-" "node-superagent/1.4.0"
170.75.162.130 - - [21/Feb/2016:17:22:52 -0800] "GET /lib/reccapi.php?resort=squawvalleyusa HTTP/1.1" 200 996 "-" "node-superagent/1.4.0"
170.75.162.130 - - [21/Feb/2016:17:22:52 -0800] "GET /lib/reccapi.php?resort=stowe HTTP/1.1" 200 1063 "-" "node-superagent/1.4.0"
170.75.162.130 - - [21/Feb/2016:17:22:52 -0800] "GET /lib/reccapi.php?resort=jaypeak HTTP/1.1" 200 1052 "-" "node-superagent/1.4.0"
170.75.162.130 - - [21/Feb/2016:17:22:52 -0800] "GET /lib/reccapi.php?resort=snowbird HTTP/1.1" 200 989 "-" "node-superagent/1.4.0"
170.75.162.130 - - [21/Feb/2016:17:22:52 -0800] "GET /lib/reccapi.php?resort=wildcatmountain HTTP/1.1" 200 1022 "-" "node-superagent/1.4.0"
170.75.162.130 - - [21/Feb/2016:17:22:52 -0800] "GET /lib/reccapi.php?resort=grandtarghee HTTP/1.1" 200 1004 "-" "node-superagent/1.4.0"
170.75.162.130 - - [21/Feb/2016:17:22:52 -0800] "GET /lib/reccapi.php?resort=winterpark HTTP/1.1" 200 994 "-" "node-superagent/1.4.0"
170.75.162.130 - - [21/Feb/2016:17:22:52 -0800] "GET /lib/reccapi.php?resort=jacksonhole HTTP/1.1" 200 984 "-" "node-superagent/1.4.0"
170.75.162.130 - - [21/Feb/2016:17:22:52 -0800] "GET /lib/reccapi.php?resort=loveland HTTP/1.1" 200 1056 "-" "node-superagent/1.4.0"
170.75.162.130 - - [21/Feb/2016:17:22:57 -0800] "GET /lib/reccapi.php?resort=mammothmountain HTTP/1.1" 200 994 "-" "node-superagent/1.4.0"
170.75.162.130 - - [21/Feb/2016:17:23:02 -0800] "GET /lib/reccapi.php?resort=parkcity HTTP/1.1" 200 1015 "-" "node-superagent/1.4.0"
170.75.162.130 - - [21/Feb/2016:17:23:07 -0800] "GET /lib/reccapi.php?resort=steamboat HTTP/1.1" 200 967 "-" "node-superagent/1.4.0"
170.75.162.130 - - [21/Feb/2016:17:23:12 -0800] "GET /lib/reccapi.php?resort=stevenspass HTTP/1.1" 200 1031 "-" "node-superagent/1.4.0"
170.75.162.130 - - [21/Feb/2016:17:23:17 -0800] "GET /lib/reccapi.php?resort=telluride HTTP/1.1" 200 977 "-" "node-superagent/1.4.0"
170.75.162.130 - - [21/Feb/2016:17:23:22 -0800] "GET /lib/reccapi.php?resort=schweitzer HTTP/1.1" 200 1043 "-" "node-superagent/1.4.0"
170.75.162.130 - - [21/Feb/2016:17:23:27 -0800] "GET /lib/reccapi.php?resort=snowbasin HTTP/1.1" 200 978 "-" "node-superagent/1.4.0"
170.75.162.130 - - [21/Feb/2016:17:23:32 -0800] "GET /lib/reccapi.php?resort=solitude HTTP/1.1" 200 979 "-" "node-superagent/1.4.0"
52.33.40.213 - - [21/Feb/2016:17:25:35 -0800] "GET /lib/reccapi.php?resort=cannonmountain HTTP/1.1" 200 993 "-" "node-superagent/1.4.0"
170.75.162.130 - - [21/Feb/2016:17:29:14 -0800] "GET /lib/reccapi.php?resort=mountainhigh HTTP/1.1" 200 984 "-" "node-superagent/1.4.0"
70.214.36.36 - - [21/Feb/2016:17:29:26 -0800] "GET /images/wsis-logo-sm.png HTTP/1.1" 200 6108 "http://thebackcountry.net/" "Mozilla/5.0 (iPhone; CPU iPhone OS 9_2 like Mac OS X) AppleWebKit/601.1.46 (KHTML, like Gecko) Version/9.0 Mobile/13C75 Safari/601.1"
180.76.15.139 - - [21/Feb/2016:17:30:50 -0800] "GET / HTTP/1.1" 200 6995 "-" "Mozilla/5.0 (compatible; Baiduspider/2.0; +http://www.baidu.com/search/spider.html)"
180.76.15.147 - - [21/Feb/2016:17:31:38 -0800] "GET / HTTP/1.1" 200 6995 "-" "Mozilla/5.0 (compatible; Baiduspider/2.0; +http://www.baidu.com/search/spider.html)"
