170.75.162.130 - - [15/Nov/2015:17:16:50 -0800] "GET /lib/reccapi.php?resort=alta HTTP/1.1" 200 992 "-" "node-superagent/0.18.2"
170.75.162.130 - - [15/Nov/2015:17:24:01 -0800] "GET /lib/reccapi.php?resort=taos HTTP/1.1" 200 976 "-" "node-superagent/0.18.2"
46.229.164.99 - - [15/Nov/2015:17:25:24 -0800] "GET /resorts HTTP/1.1" 404 469 "-" "Mozilla/5.0 (compatible; SemrushBot/0.99~bl; +http://www.semrush.com/bot.html)"
69.146.90.227 - - [15/Nov/2015:17:29:38 -0800] "GET / HTTP/1.1" 200 2376 "http://www.earnyourturns.com/" "Mozilla/5.0 (Windows NT 10.0; WOW64) AppleWebKit/537.36 (KHTML, like Gecko) Chrome/46.0.2490.86 Safari/537.36"
69.146.90.227 - - [15/Nov/2015:17:29:38 -0800] "GET /scripts/scripts/vendor/modernizr.js HTTP/1.1" 200 4903 "http://whereshouldiski.com/" "Mozilla/5.0 (Windows NT 10.0; WOW64) AppleWebKit/537.36 (KHTML, like Gecko) Chrome/46.0.2490.86 Safari/537.36"
69.146.90.227 - - [15/Nov/2015:17:29:38 -0800] "GET /styles/0fffd548.main.css HTTP/1.1" 200 19316 "http://whereshouldiski.com/" "Mozilla/5.0 (Windows NT 10.0; WOW64) AppleWebKit/537.36 (KHTML, like Gecko) Chrome/46.0.2490.86 Safari/537.36"
69.146.90.227 - - [15/Nov/2015:17:29:38 -0800] "GET /bower_components/requirejs/require.js HTTP/1.1" 200 6702 "http://whereshouldiski.com/" "Mozilla/5.0 (Windows NT 10.0; WOW64) AppleWebKit/537.36 (KHTML, like Gecko) Chrome/46.0.2490.86 Safari/537.36"
69.146.90.227 - - [15/Nov/2015:17:29:38 -0800] "GET /images/logo-sm.png HTTP/1.1" 200 16738 "http://whereshouldiski.com/" "Mozilla/5.0 (Windows NT 10.0; WOW64) AppleWebKit/537.36 (KHTML, like Gecko) Chrome/46.0.2490.86 Safari/537.36"
69.146.90.227 - - [15/Nov/2015:17:29:38 -0800] "GET /images/loading.gif HTTP/1.1" 200 13881 "http://whereshouldiski.com/" "Mozilla/5.0 (Windows NT 10.0; WOW64) AppleWebKit/537.36 (KHTML, like Gecko) Chrome/46.0.2490.86 Safari/537.36"
69.146.90.227 - - [15/Nov/2015:17:29:39 -0800] "GET /favicon.ico HTTP/1.1" 200 1475 "http://whereshouldiski.com/" "Mozilla/5.0 (Windows NT 10.0; WOW64) AppleWebKit/537.36 (KHTML, like Gecko) Chrome/46.0.2490.86 Safari/537.36"
69.146.90.227 - - [15/Nov/2015:17:29:39 -0800] "GET /scripts/fa48e319.main.js HTTP/1.1" 200 123455 "http://whereshouldiski.com/" "Mozilla/5.0 (Windows NT 10.0; WOW64) AppleWebKit/537.36 (KHTML, like Gecko) Chrome/46.0.2490.86 Safari/537.36"
69.146.90.227 - - [15/Nov/2015:17:29:40 -0800] "GET /lib/reccapi.php?fields=t HTTP/1.1" 200 1922 "http://whereshouldiski.com/" "Mozilla/5.0 (Windows NT 10.0; WOW64) AppleWebKit/537.36 (KHTML, like Gecko) Chrome/46.0.2490.86 Safari/537.36"
69.146.90.227 - - [15/Nov/2015:17:29:40 -0800] "GET /images/greyHeader.png HTTP/1.1" 200 508 "http://whereshouldiski.com/styles/0fffd548.main.css" "Mozilla/5.0 (Windows NT 10.0; WOW64) AppleWebKit/537.36 (KHTML, like Gecko) Chrome/46.0.2490.86 Safari/537.36"
69.146.90.227 - - [15/Nov/2015:17:29:40 -0800] "GET /images/button.png HTTP/1.1" 200 598 "http://whereshouldiski.com/styles/0fffd548.main.css" "Mozilla/5.0 (Windows NT 10.0; WOW64) AppleWebKit/537.36 (KHTML, like Gecko) Chrome/46.0.2490.86 Safari/537.36"
69.146.90.227 - - [15/Nov/2015:17:29:40 -0800] "GET /images/bluebird5.png HTTP/1.1" 200 2177 "http://whereshouldiski.com/styles/0fffd548.main.css" "Mozilla/5.0 (Windows NT 10.0; WOW64) AppleWebKit/537.36 (KHTML, like Gecko) Chrome/46.0.2490.86 Safari/537.36"
69.146.90.227 - - [15/Nov/2015:17:29:40 -0800] "GET /images/snowflake5.png HTTP/1.1" 200 2857 "http://whereshouldiski.com/styles/0fffd548.main.css" "Mozilla/5.0 (Windows NT 10.0; WOW64) AppleWebKit/537.36 (KHTML, like Gecko) Chrome/46.0.2490.86 Safari/537.36"
69.146.90.227 - - [15/Nov/2015:17:29:40 -0800] "GET /images/star5.png HTTP/1.1" 200 1783 "http://whereshouldiski.com/styles/0fffd548.main.css" "Mozilla/5.0 (Windows NT 10.0; WOW64) AppleWebKit/537.36 (KHTML, like Gecko) Chrome/46.0.2490.86 Safari/537.36"
69.146.90.227 - - [15/Nov/2015:17:29:40 -0800] "GET /images/mtns-icon.png HTTP/1.1" 200 1096 "http://whereshouldiski.com/styles/0fffd548.main.css" "Mozilla/5.0 (Windows NT 10.0; WOW64) AppleWebKit/537.36 (KHTML, like Gecko) Chrome/46.0.2490.86 Safari/537.36"
69.146.90.227 - - [15/Nov/2015:17:29:40 -0800] "GET /images/shading-icon.png HTTP/1.1" 200 537 "http://whereshouldiski.com/styles/0fffd548.main.css" "Mozilla/5.0 (Windows NT 10.0; WOW64) AppleWebKit/537.36 (KHTML, like Gecko) Chrome/46.0.2490.86 Safari/537.36"
66.249.79.220 - - [15/Nov/2015:17:32:43 -0800] "GET /robots.txt HTTP/1.1" 200 419 "-" "Mozilla/5.0 (compatible; Googlebot/2.1; +http://www.google.com/bot.html)"
66.249.79.234 - - [15/Nov/2015:17:32:43 -0800] "GET / HTTP/1.1" 200 2376 "-" "Mozilla/5.0 (compatible; Googlebot/2.1; +http://www.google.com/bot.html)"
66.249.79.234 - - [15/Nov/2015:17:32:55 -0800] "GET /styles/0fffd548.main.css HTTP/1.1" 200 19317 "-" "Mozilla/5.0 (compatible; Googlebot/2.1; +http://www.google.com/bot.html)"
66.249.79.220 - - [15/Nov/2015:17:32:57 -0800] "GET /lib/reccapi.php?fields=t HTTP/1.1" 200 1923 "http://whereshouldiski.com/" "Mozilla/5.0 (compatible; Googlebot/2.1; +http://www.google.com/bot.html)"
173.55.165.173 - - [15/Nov/2015:17:33:56 -0800] "GET /images/wsis-logo-sm.png HTTP/1.1" 200 6108 "http://www.thebackcountry.net/" "Mozilla/5.0 (iPhone; CPU iPhone OS 9_1 like Mac OS X) AppleWebKit/601.1.46 (KHTML, like Gecko) Version/9.0 Mobile/13B143 Safari/601.1"
170.75.162.130 - - [15/Nov/2015:17:34:42 -0800] "GET /lib/reccapi.php?resort=aspenheights HTTP/1.1" 200 981 "-" "node-superagent/0.18.2"
170.75.162.130 - - [15/Nov/2015:17:34:42 -0800] "GET /lib/reccapi.php?resort=arapahoebasin HTTP/1.1" 200 992 "-" "node-superagent/0.18.2"
170.75.162.130 - - [15/Nov/2015:17:34:42 -0800] "GET /lib/reccapi.php?resort=buttermilk HTTP/1.1" 200 951 "-" "node-superagent/0.18.2"
170.75.162.130 - - [15/Nov/2015:17:34:42 -0800] "GET /lib/reccapi.php?resort=crestedbutte HTTP/1.1" 200 980 "-" "node-superagent/0.18.2"
170.75.162.130 - - [15/Nov/2015:17:34:42 -0800] "GET /lib/reccapi.php?resort=loveland HTTP/1.1" 200 974 "-" "node-superagent/0.18.2"
170.75.162.130 - - [15/Nov/2015:17:34:42 -0800] "GET /lib/reccapi.php?resort=monarch HTTP/1.1" 200 953 "-" "node-superagent/0.18.2"
170.75.162.130 - - [15/Nov/2015:17:34:52 -0800] "GET /lib/reccapi.php?resort=alpinemeadows HTTP/1.1" 200 1060 "-" "node-superagent/0.18.2"
170.75.162.130 - - [15/Nov/2015:17:34:52 -0800] "GET /lib/reccapi.php?resort=heavenly HTTP/1.1" 200 1052 "-" "node-superagent/0.18.2"
170.75.162.130 - - [15/Nov/2015:17:34:52 -0800] "GET /lib/reccapi.php?resort=homewoodmountain HTTP/1.1" 200 1061 "-" "node-superagent/0.18.2"
170.75.162.130 - - [15/Nov/2015:17:34:52 -0800] "GET /lib/reccapi.php?resort=northstar-at-tahoe HTTP/1.1" 200 1040 "-" "node-superagent/0.18.2"
170.75.162.130 - - [15/Nov/2015:17:34:53 -0800] "GET /lib/reccapi.php?resort=sierra-at-tahoe HTTP/1.1" 200 1059 "-" "node-superagent/0.18.2"
170.75.162.130 - - [15/Nov/2015:17:34:53 -0800] "GET /lib/reccapi.php?resort=squawvalleyusa HTTP/1.1" 200 1046 "-" "node-superagent/0.18.2"
170.75.162.130 - - [15/Nov/2015:17:36:12 -0800] "GET /lib/reccapi.php?resort=killington HTTP/1.1" 200 964 "-" "node-superagent/0.18.2"
65.78.146.92 - - [15/Nov/2015:17:36:13 -0800] "GET /images/wsis-logo-sm.png HTTP/1.1" 200 6108 "http://www.thebackcountry.net/" "Mozilla/5.0 (Macintosh; Intel Mac OS X 10_10_5) AppleWebKit/537.36 (KHTML, like Gecko) Chrome/46.0.2490.80 Safari/537.36"
65.78.146.92 - - [15/Nov/2015:17:36:17 -0800] "GET /images/wsis-logo-sm.png HTTP/1.1" 200 6107 "http://www.thebackcountry.net/" "Mozilla/5.0 (Macintosh; Intel Mac OS X 10_10_5) AppleWebKit/537.36 (KHTML, like Gecko) Chrome/46.0.2490.80 Safari/537.36"
71.11.189.63 - - [15/Nov/2015:17:36:27 -0800] "GET /images/wsis-logo-sm.png HTTP/1.1" 200 6108 "http://thebackcountry.net/" "Mozilla/5.0 (Macintosh; Intel Mac OS X 10_11_1) AppleWebKit/537.36 (KHTML, like Gecko) Chrome/46.0.2490.86 Safari/537.36"
100.33.86.193 - - [15/Nov/2015:17:36:46 -0800] "GET /images/wsis-logo-sm.png HTTP/1.1" 200 6108 "http://www.thebackcountry.net/" "Mozilla/5.0 (iPad; CPU OS 8_3 like Mac OS X) AppleWebKit/600.1.4 (KHTML, like Gecko) Version/8.0 Mobile/12F69 Safari/600.1.4"
46.229.164.99 - - [15/Nov/2015:17:39:03 -0800] "GET /resorts?resort=maverickmountain HTTP/1.1" 404 469 "-" "Mozilla/5.0 (compatible; SemrushBot/0.99~bl; +http://www.semrush.com/bot.html)"
73.202.196.149 - - [15/Nov/2015:17:41:32 -0800] "GET /images/wsis-logo-sm.png HTTP/1.1" 200 6108 "http://www.thebackcountry.net/" "Mozilla/5.0 (iPhone; CPU iPhone OS 9_1 like Mac OS X) AppleWebKit/601.1.46 (KHTML, like Gecko) Version/9.0 Mobile/13B143 Safari/601.1"
123.125.71.83 - - [15/Nov/2015:17:41:38 -0800] "GET / HTTP/1.1" 200 2339 "-" "Mozilla/5.0 (Windows NT 5.1; rv:6.0.2) Gecko/20100101 Firefox/6.0.2"
123.125.71.108 - - [15/Nov/2015:17:41:38 -0800] "GET / HTTP/1.1" 200 6114 "-" "Mozilla/5.0 (Windows NT 5.1; rv:6.0.2) Gecko/20100101 Firefox/6.0.2"
73.160.139.97 - - [15/Nov/2015:17:45:47 -0800] "GET / HTTP/1.1" 200 2376 "-" "Mozilla/5.0 (Macintosh; Intel Mac OS X 10_11_1) AppleWebKit/601.2.7 (KHTML, like Gecko) Version/9.0.1 Safari/601.2.7"
180.76.15.145 - - [15/Nov/2015:17:51:10 -0800] "GET / HTTP/1.1" 200 6114 "-" "Mozilla/5.0 (compatible; Baiduspider/2.0; +http://www.baidu.com/search/spider.html)"
180.76.15.144 - - [15/Nov/2015:17:52:22 -0800] "GET / HTTP/1.1" 200 6114 "-" "Mozilla/5.0 (compatible; Baiduspider/2.0; +http://www.baidu.com/search/spider.html)"
46.229.164.99 - - [15/Nov/2015:17:54:13 -0800] "GET /resorts?resort=sunpeaksresort HTTP/1.1" 404 469 "-" "Mozilla/5.0 (compatible; SemrushBot/0.99~bl; +http://www.semrush.com/bot.html)"
70.214.33.233 - - [15/Nov/2015:17:54:21 -0800] "GET /images/wsis-logo-sm.png HTTP/1.1" 200 6108 "http://thebackcountry.net/" "Mozilla/5.0 (Linux; Android 5.1; XT1254 Build/SU4TL-44) AppleWebKit/537.36 (KHTML, like Gecko) Chrome/46.0.2490.76 Mobile Safari/537.36"
170.75.162.130 - - [15/Nov/2015:17:55:46 -0800] "GET /lib/reccapi.php?resort=sunpeaksresort HTTP/1.1" 200 928 "-" "node-superagent/0.18.2"
220.181.108.117 - - [15/Nov/2015:17:57:14 -0800] "-" 408 0 "-" "-"
64.134.226.4 - - [15/Nov/2015:17:58:23 -0800] "GET /images/wsis-logo-sm.png HTTP/1.1" 200 6108 "http://www.thebackcountry.net/" "Mozilla/5.0 (Macintosh; Intel Mac OS X 10_9_5) AppleWebKit/537.36 (KHTML, like Gecko) Chrome/46.0.2490.80 Safari/537.36"
107.150.42.186 - - [15/Nov/2015:18:01:21 -0800] "GET / HTTP/1.1" 200 2376 "-" "Mozilla/5.0 (Windows NT 6.1; Trident/7.0; rv:11.0) like Gecko"
70.36.143.240 - - [15/Nov/2015:18:07:39 -0800] "GET /images/wsis-logo-sm.png HTTP/1.1" 200 6108 "http://www.thebackcountry.net/" "Mozilla/5.0 (Macintosh; Intel Mac OS X 10_11_1) AppleWebKit/537.36 (KHTML, like Gecko) Chrome/46.0.2490.80 Safari/537.36"
46.229.164.99 - - [15/Nov/2015:18:10:52 -0800] "GET /resorts?resort=marquette HTTP/1.1" 404 469 "-" "Mozilla/5.0 (compatible; SemrushBot/0.99~bl; +http://www.semrush.com/bot.html)"
170.75.162.130 - - [15/Nov/2015:18:15:58 -0800] "GET /lib/reccapi.php?resort=wildcatmountain HTTP/1.1" 200 987 "-" "node-superagent/0.18.2"
46.229.164.99 - - [15/Nov/2015:18:17:04 -0800] "GET /resorts?resort=remarkables HTTP/1.1" 404 469 "-" "Mozilla/5.0 (compatible; SemrushBot/0.99~bl; +http://www.semrush.com/bot.html)"
46.229.164.98 - - [15/Nov/2015:18:21:49 -0800] "GET /resorts?resort=whitewater HTTP/1.1" 404 469 "-" "Mozilla/5.0 (compatible; SemrushBot/0.99~bl; +http://www.semrush.com/bot.html)"
46.229.164.99 - - [15/Nov/2015:18:22:22 -0800] "GET /resorts?resort=skiapache HTTP/1.1" 404 469 "-" "Mozilla/5.0 (compatible; SemrushBot/0.99~bl; +http://www.semrush.com/bot.html)"
46.229.164.98 - - [15/Nov/2015:18:23:53 -0800] "GET /resorts?resort=squawvalleyusa HTTP/1.1" 404 469 "-" "Mozilla/5.0 (compatible; SemrushBot/0.99~bl; +http://www.semrush.com/bot.html)"
46.229.164.98 - - [15/Nov/2015:18:25:41 -0800] "GET /resorts?resort=aspenheights HTTP/1.1" 404 469 "-" "Mozilla/5.0 (compatible; SemrushBot/0.99~bl; +http://www.semrush.com/bot.html)"
170.75.162.130 - - [15/Nov/2015:18:26:00 -0800] "GET /lib/reccapi.php?resort=angelfire HTTP/1.1" 200 1010 "-" "node-superagent/0.18.2"
207.192.245.144 - - [15/Nov/2015:18:27:12 -0800] "GET /images/wsis-logo-sm.png HTTP/1.1" 200 6108 "http://www.thebackcountry.net/" "Mozilla/5.0 (Macintosh; Intel Mac OS X 10_7_5) AppleWebKit/537.78.2 (KHTML, like Gecko) Version/6.1.6 Safari/537.78.2"
46.229.164.98 - - [15/Nov/2015:18:27:32 -0800] "GET /resorts?resort=taos HTTP/1.1" 404 469 "-" "Mozilla/5.0 (compatible; SemrushBot/0.99~bl; +http://www.semrush.com/bot.html)"
46.229.164.100 - - [15/Nov/2015:18:29:12 -0800] "GET /resorts?resort=winterpark HTTP/1.1" 404 469 "-" "Mozilla/5.0 (compatible; SemrushBot/0.99~bl; +http://www.semrush.com/bot.html)"
46.229.164.101 - - [15/Nov/2015:18:31:01 -0800] "GET /resorts?resort=kellycanyon HTTP/1.1" 404 469 "-" "Mozilla/5.0 (compatible; SemrushBot/0.99~bl; +http://www.semrush.com/bot.html)"
46.229.164.100 - - [15/Nov/2015:18:32:43 -0800] "GET /resorts?resort=snoqualmie-alpental HTTP/1.1" 404 469 "-" "Mozilla/5.0 (compatible; SemrushBot/0.99~bl; +http://www.semrush.com/bot.html)"
46.229.164.98 - - [15/Nov/2015:18:33:48 -0800] "GET /resorts?resort=wolfcreek HTTP/1.1" 404 469 "-" "Mozilla/5.0 (compatible; SemrushBot/0.99~bl; +http://www.semrush.com/bot.html)"
170.75.162.130 - - [15/Nov/2015:18:34:01 -0800] "GET /lib/reccapi.php?resort=sugarloaf HTTP/1.1" 200 974 "-" "node-superagent/0.18.2"
46.229.164.100 - - [15/Nov/2015:18:35:52 -0800] "GET /resorts?resort=greekpeak HTTP/1.1" 404 469 "-" "Mozilla/5.0 (compatible; SemrushBot/0.99~bl; +http://www.semrush.com/bot.html)"
46.229.164.100 - - [15/Nov/2015:18:37:17 -0800] "GET /resorts?resort=silverstarmountain HTTP/1.1" 404 469 "-" "Mozilla/5.0 (compatible; SemrushBot/0.99~bl; +http://www.semrush.com/bot.html)"
46.229.164.100 - - [15/Nov/2015:18:39:06 -0800] "GET /resorts?resort=sunrisepark HTTP/1.1" 404 469 "-" "Mozilla/5.0 (compatible; SemrushBot/0.99~bl; +http://www.semrush.com/bot.html)"
170.75.162.130 - - [15/Nov/2015:18:39:21 -0800] "GET /lib/reccapi.php?resort=hoodoo HTTP/1.1" 200 1044 "-" "node-superagent/0.18.2"
46.229.164.100 - - [15/Nov/2015:18:41:02 -0800] "GET /resorts?resort=missionridge HTTP/1.1" 404 469 "-" "Mozilla/5.0 (compatible; SemrushBot/0.99~bl; +http://www.semrush.com/bot.html)"
123.125.71.17 - - [15/Nov/2015:18:42:08 -0800] "GET / HTTP/1.1" 200 2339 "-" "Mozilla/5.0 (Windows NT 5.1; rv:6.0.2) Gecko/20100101 Firefox/6.0.2"
123.125.71.60 - - [15/Nov/2015:18:42:08 -0800] "GET / HTTP/1.1" 200 6114 "-" "Mozilla/5.0 (Windows NT 5.1; rv:6.0.2) Gecko/20100101 Firefox/6.0.2"
170.75.162.130 - - [15/Nov/2015:18:42:12 -0800] "GET /lib/reccapi.php?resort=bigwhite HTTP/1.1" 200 923 "-" "node-superagent/0.18.2"
170.75.162.130 - - [15/Nov/2015:18:42:12 -0800] "GET /lib/reccapi.php?resort=chinapeak HTTP/1.1" 200 1043 "-" "node-superagent/0.18.2"
170.75.162.130 - - [15/Nov/2015:18:42:12 -0800] "GET /lib/reccapi.php?resort=mammothmountain HTTP/1.1" 200 1064 "-" "node-superagent/0.18.2"
170.75.162.130 - - [15/Nov/2015:18:42:12 -0800] "GET /lib/reccapi.php?resort=mountainhigh HTTP/1.1" 200 1066 "-" "node-superagent/0.18.2"
170.75.162.130 - - [15/Nov/2015:18:42:13 -0800] "GET /lib/reccapi.php?resort=whistlerblackcomb HTTP/1.1" 200 937 "-" "node-superagent/0.18.2"
46.229.164.101 - - [15/Nov/2015:18:43:08 -0800] "GET /resorts?resort=mtrose HTTP/1.1" 404 469 "-" "Mozilla/5.0 (compatible; SemrushBot/0.99~bl; +http://www.semrush.com/bot.html)"
170.75.162.130 - - [15/Nov/2015:18:43:22 -0800] "GET /lib/reccapi.php?resort=jaypeak HTTP/1.1" 200 984 "-" "node-superagent/0.18.2"
46.229.164.101 - - [15/Nov/2015:18:44:47 -0800] "GET /resorts?resort=heavenly HTTP/1.1" 404 469 "-" "Mozilla/5.0 (compatible; SemrushBot/0.99~bl; +http://www.semrush.com/bot.html)"
46.229.164.98 - - [15/Nov/2015:18:45:58 -0800] "GET /about HTTP/1.1" 404 469 "-" "Mozilla/5.0 (compatible; SemrushBot/0.99~bl; +http://www.semrush.com/bot.html)"
46.229.164.101 - - [15/Nov/2015:18:47:35 -0800] "GET /resorts?resort=catamount HTTP/1.1" 404 469 "-" "Mozilla/5.0 (compatible; SemrushBot/0.99~bl; +http://www.semrush.com/bot.html)"
46.229.164.98 - - [15/Nov/2015:18:49:06 -0800] "-" 408 0 "-" "-"
180.76.15.15 - - [15/Nov/2015:18:50:13 -0800] "GET / HTTP/1.1" 200 6114 "-" "Mozilla/5.0 (compatible; Baiduspider/2.0; +http://www.baidu.com/search/spider.html)"
170.75.162.130 - - [15/Nov/2015:18:50:23 -0800] "GET /lib/reccapi.php?resort=cannonmountain HTTP/1.1" 200 987 "-" "node-superagent/0.18.2"
46.229.164.102 - - [15/Nov/2015:18:50:29 -0800] "GET /resorts?resort=cannonmountain HTTP/1.1" 404 469 "-" "Mozilla/5.0 (compatible; SemrushBot/0.99~bl; +http://www.semrush.com/bot.html)"
180.76.15.24 - - [15/Nov/2015:18:51:22 -0800] "GET / HTTP/1.1" 200 6114 "-" "Mozilla/5.0 (compatible; Baiduspider/2.0; +http://www.baidu.com/search/spider.html)"
46.229.164.102 - - [15/Nov/2015:18:51:35 -0800] "GET /resorts?resort=powderhorn HTTP/1.1" 404 469 "-" "Mozilla/5.0 (compatible; SemrushBot/0.99~bl; +http://www.semrush.com/bot.html)"
170.75.162.130 - - [15/Nov/2015:18:52:03 -0800] "GET /lib/reccapi.php?resort=49degreesnorth HTTP/1.1" 200 1086 "-" "node-superagent/0.18.2"
46.229.164.100 - - [15/Nov/2015:18:53:05 -0800] "GET /resorts?resort=keystone HTTP/1.1" 404 469 "-" "Mozilla/5.0 (compatible; SemrushBot/0.99~bl; +http://www.semrush.com/bot.html)"
66.87.118.232 - - [15/Nov/2015:18:53:24 -0800] "GET /images/wsis-logo-sm.png HTTP/1.1" 200 6108 "http://thebackcountry.net/" "Mozilla/5.0 (iPhone; CPU iPhone OS 8_4 like Mac OS X) AppleWebKit/600.1.4 (KHTML, like Gecko) Version/8.0 Mobile/12H143 Safari/600.1.4"
170.75.162.130 - - [15/Nov/2015:18:53:34 -0800] "GET /lib/reccapi.php?resort=stowe HTTP/1.1" 200 954 "-" "node-superagent/0.18.2"
46.229.164.98 - - [15/Nov/2015:18:54:23 -0800] "GET /resorts?resort=aspenmountain HTTP/1.1" 404 469 "-" "Mozilla/5.0 (compatible; SemrushBot/0.99~bl; +http://www.semrush.com/bot.html)"
66.249.74.56 - - [15/Nov/2015:18:55:24 -0800] "GET /robots.txt HTTP/1.1" 200 419 "-" "Mozilla/5.0 (compatible; Googlebot/2.1; +http://www.google.com/bot.html)"
66.249.74.54 - - [15/Nov/2015:18:55:24 -0800] "GET / HTTP/1.1" 200 2376 "-" "Mozilla/5.0 (compatible; Googlebot/2.1; +http://www.google.com/bot.html)"
46.229.164.102 - - [15/Nov/2015:18:55:48 -0800] "GET /resorts?resort=tamarack HTTP/1.1" 404 469 "-" "Mozilla/5.0 (compatible; SemrushBot/0.99~bl; +http://www.semrush.com/bot.html)"
46.229.164.101 - - [15/Nov/2015:18:57:30 -0800] "GET /resorts?resort=sandiapeak HTTP/1.1" 404 469 "-" "Mozilla/5.0 (compatible; SemrushBot/0.99~bl; +http://www.semrush.com/bot.html)"
46.229.164.98 - - [15/Nov/2015:18:59:38 -0800] "GET /resorts?resort=turnermountain HTTP/1.1" 404 469 "-" "Mozilla/5.0 (compatible; SemrushBot/0.99~bl; +http://www.semrush.com/bot.html)"
46.229.164.102 - - [15/Nov/2015:19:00:10 -0800] "GET /resorts?resort=alpinevalley HTTP/1.1" 404 469 "-" "Mozilla/5.0 (compatible; SemrushBot/0.99~bl; +http://www.semrush.com/bot.html)"
170.75.162.130 - - [15/Nov/2015:19:00:14 -0800] "GET /lib/reccapi.php?resort=solitude HTTP/1.1" 200 976 "-" "node-superagent/0.18.2"
46.229.164.98 - - [15/Nov/2015:19:01:33 -0800] "GET /resorts?resort=boyne HTTP/1.1" 404 469 "-" "Mozilla/5.0 (compatible; SemrushBot/0.99~bl; +http://www.semrush.com/bot.html)"
170.75.162.130 - - [15/Nov/2015:19:01:45 -0800] "GET /lib/reccapi.php?resort=madriverglen HTTP/1.1" 200 986 "-" "node-superagent/0.18.2"
46.229.164.98 - - [15/Nov/2015:19:04:13 -0800] "GET /resorts?resort=coppermountain HTTP/1.1" 404 469 "-" "Mozilla/5.0 (compatible; SemrushBot/0.99~bl; +http://www.semrush.com/bot.html)"
46.229.164.98 - - [15/Nov/2015:19:04:24 -0800] "GET /resorts?resort=belleayre HTTP/1.1" 404 469 "-" "Mozilla/5.0 (compatible; SemrushBot/0.99~bl; +http://www.semrush.com/bot.html)"
170.75.162.130 - - [15/Nov/2015:19:04:55 -0800] "GET /lib/reccapi.php?resort=sugarbowl HTTP/1.1" 200 1028 "-" "node-superagent/0.18.2"
46.229.164.100 - - [15/Nov/2015:19:06:32 -0800] "GET /resorts?resort=elkridge HTTP/1.1" 404 469 "-" "Mozilla/5.0 (compatible; SemrushBot/0.99~bl; +http://www.semrush.com/bot.html)"
46.229.164.100 - - [15/Nov/2015:19:07:11 -0800] "GET /resorts?resort=sugarbush HTTP/1.1" 404 469 "-" "Mozilla/5.0 (compatible; SemrushBot/0.99~bl; +http://www.semrush.com/bot.html)"
46.229.164.100 - - [15/Nov/2015:19:08:40 -0800] "GET /resorts?resort=mt.baldy HTTP/1.1" 404 469 "-" "Mozilla/5.0 (compatible; SemrushBot/0.99~bl; +http://www.semrush.com/bot.html)"
46.229.164.98 - - [15/Nov/2015:19:10:33 -0800] "GET /resorts?resort=panoramamountain HTTP/1.1" 404 469 "-" "Mozilla/5.0 (compatible; SemrushBot/0.99~bl; +http://www.semrush.com/bot.html)"
167.88.12.205 - - [15/Nov/2015:19:11:24 -0800] "GET / HTTP/1.1" 200 6095 "-" "Mozilla/4.0 (compatible; MSIE 8.0; Windows NT 6.1; Trident/4.0; SLCC2; .NET CLR 2.0.50727; .NET CLR 3.5.30729; .NET CLR 3.0.30729; Media Center PC 6.0)"
46.229.164.98 - - [15/Nov/2015:19:11:51 -0800] "GET /resorts?resort=snowking HTTP/1.1" 404 469 "-" "Mozilla/5.0 (compatible; SemrushBot/0.99~bl; +http://www.semrush.com/bot.html)"
46.229.164.98 - - [15/Nov/2015:19:13:08 -0800] "GET /resorts?resort=bearmountain HTTP/1.1" 404 469 "-" "Mozilla/5.0 (compatible; SemrushBot/0.99~bl; +http://www.semrush.com/bot.html)"
46.229.164.101 - - [15/Nov/2015:19:14:52 -0800] "GET /resorts?resort=smugglersnotch HTTP/1.1" 404 469 "-" "Mozilla/5.0 (compatible; SemrushBot/0.99~bl; +http://www.semrush.com/bot.html)"
46.229.164.101 - - [15/Nov/2015:19:16:22 -0800] "GET /resorts?resort=buttermilk HTTP/1.1" 404 469 "-" "Mozilla/5.0 (compatible; SemrushBot/0.99~bl; +http://www.semrush.com/bot.html)"
46.229.164.100 - - [15/Nov/2015:19:17:53 -0800] "GET /resorts?resort=aftonalps HTTP/1.1" 404 469 "-" "Mozilla/5.0 (compatible; SemrushBot/0.99~bl; +http://www.semrush.com/bot.html)"
108.233.162.73 - - [15/Nov/2015:19:18:03 -0800] "GET /images/wsis-logo-sm.png HTTP/1.1" 200 6108 "http://www.thebackcountry.net/" "Mozilla/5.0 (Macintosh; Intel Mac OS X 10_11_1) AppleWebKit/537.36 (KHTML, like Gecko) Chrome/46.0.2490.86 Safari/537.36"
108.233.162.73 - - [15/Nov/2015:19:18:49 -0800] "-" 408 0 "-" "-"
108.233.162.73 - - [15/Nov/2015:19:18:49 -0800] "-" 408 0 "-" "-"
108.233.162.73 - - [15/Nov/2015:19:18:50 -0800] "-" 408 0 "-" "-"
46.229.164.100 - - [15/Nov/2015:19:19:31 -0800] "GET /resorts?resort=holimont HTTP/1.1" 404 469 "-" "Mozilla/5.0 (compatible; SemrushBot/0.99~bl; +http://www.semrush.com/bot.html)"
46.229.164.98 - - [15/Nov/2015:19:20:35 -0800] "GET /resorts?resort=jacksonhole HTTP/1.1" 404 469 "-" "Mozilla/5.0 (compatible; SemrushBot/0.99~bl; +http://www.semrush.com/bot.html)"
46.229.164.98 - - [15/Nov/2015:19:22:16 -0800] "GET /resorts?resort=thesummitatsnoqualmie-alpental HTTP/1.1" 404 469 "-" "Mozilla/5.0 (compatible; SemrushBot/0.99~bl; +http://www.semrush.com/bot.html)"
46.229.164.100 - - [15/Nov/2015:19:23:32 -0800] "GET /resorts?resort=madriverglen HTTP/1.1" 404 469 "-" "Mozilla/5.0 (compatible; SemrushBot/0.99~bl; +http://www.semrush.com/bot.html)"
46.229.164.102 - - [15/Nov/2015:19:25:00 -0800] "GET /resorts?resort=moonlightbasin HTTP/1.1" 404 469 "-" "Mozilla/5.0 (compatible; SemrushBot/0.99~bl; +http://www.semrush.com/bot.html)"
170.75.162.130 - - [15/Nov/2015:19:36:39 -0800] "GET /lib/reccapi.php?resort=bigsky HTTP/1.1" 200 979 "-" "node-superagent/0.18.2"
170.75.162.130 - - [15/Nov/2015:19:38:39 -0800] "GET /lib/reccapi.php?resort=snowmass HTTP/1.1" 200 948 "-" "node-superagent/0.18.2"
71.202.161.157 - - [15/Nov/2015:19:39:34 -0800] "GET /images/wsis-logo-sm.png HTTP/1.1" 200 6108 "http://www.thebackcountry.net/" "Mozilla/5.0 (Macintosh; Intel Mac OS X 10_11_1) AppleWebKit/601.2.7 (KHTML, like Gecko) Version/9.0.1 Safari/601.2.7"
107.77.97.87 - - [15/Nov/2015:19:39:37 -0800] "GET /images/wsis-logo-sm.png HTTP/1.1" 200 6108 "http://www.thebackcountry.net/" "Mozilla/5.0 (iPhone; CPU iPhone OS 9_1 like Mac OS X) AppleWebKit/601.1.46 (KHTML, like Gecko) Version/9.0 Mobile/13B143 Safari/601.1"
66.239.61.184 - - [15/Nov/2015:19:41:21 -0800] "GET /images/wsis-logo-sm.png HTTP/1.1" 200 6108 "http://www.thebackcountry.net/" "Mozilla/5.0 (Macintosh; Intel Mac OS X 10_10_5) AppleWebKit/601.2.7 (KHTML, like Gecko) Version/9.0.1 Safari/601.2.7"
123.125.71.21 - - [15/Nov/2015:19:41:47 -0800] "GET / HTTP/1.1" 200 2339 "-" "Mozilla/5.0 (Windows NT 5.1; rv:6.0.2) Gecko/20100101 Firefox/6.0.2"
123.125.71.16 - - [15/Nov/2015:19:41:48 -0800] "GET / HTTP/1.1" 200 6114 "-" "Mozilla/5.0 (Windows NT 5.1; rv:6.0.2) Gecko/20100101 Firefox/6.0.2"
76.253.12.193 - - [15/Nov/2015:19:43:54 -0800] "GET /images/wsis-logo-sm.png HTTP/1.1" 200 6108 "http://www.thebackcountry.net/" "Mozilla/5.0 (iPad; CPU OS 8_4_1 like Mac OS X) AppleWebKit/600.1.4 (KHTML, like Gecko) Version/8.0 Mobile/12H321 Safari/600.1.4"
180.76.15.34 - - [15/Nov/2015:19:44:53 -0800] "GET / HTTP/1.1" 200 6114 "-" "Mozilla/5.0 (compatible; Baiduspider/2.0; +http://www.baidu.com/search/spider.html)"
180.76.15.30 - - [15/Nov/2015:19:45:50 -0800] "GET / HTTP/1.1" 200 6114 "-" "Mozilla/5.0 (compatible; Baiduspider/2.0; +http://www.baidu.com/search/spider.html)"
220.181.108.83 - - [15/Nov/2015:19:51:37 -0800] "GET / HTTP/1.1" 200 2339 "-" "Mozilla/5.0 (Windows NT 5.1; rv:6.0.2) Gecko/20100101 Firefox/6.0.2"
220.181.108.86 - - [15/Nov/2015:19:51:39 -0800] "GET / HTTP/1.1" 200 6114 "-" "Mozilla/5.0 (Windows NT 5.1; rv:6.0.2) Gecko/20100101 Firefox/6.0.2"
170.75.162.130 - - [15/Nov/2015:19:53:31 -0800] "GET /lib/reccapi.php?resort=crystalmountain HTTP/1.1" 200 1080 "-" "node-superagent/0.18.2"
170.75.162.130 - - [15/Nov/2015:20:03:53 -0800] "GET /lib/reccapi.php?resort=kirkwood HTTP/1.1" 200 1076 "-" "node-superagent/0.18.2"
107.198.144.14 - - [15/Nov/2015:20:26:21 -0800] "GET /images/wsis-logo-sm.png HTTP/1.1" 200 6108 "http://www.thebackcountry.net/" "Mozilla/5.0 (Macintosh; Intel Mac OS X 10_11_1) AppleWebKit/601.2.7 (KHTML, like Gecko) Version/9.0.1 Safari/601.2.7"
170.75.162.130 - - [15/Nov/2015:20:26:46 -0800] "GET /lib/reccapi.php?resort=canyons HTTP/1.1" 200 971 "-" "node-superagent/0.18.2"
170.75.162.130 - - [15/Nov/2015:20:26:46 -0800] "GET /lib/reccapi.php?resort=keystone HTTP/1.1" 200 982 "-" "node-superagent/0.18.2"
207.46.13.152 - - [15/Nov/2015:20:28:56 -0800] "GET /robots.txt HTTP/1.1" 200 375 "-" "Mozilla/5.0 (compatible; bingbot/2.0; +http://www.bing.com/bingbot.htm)"
207.46.13.152 - - [15/Nov/2015:20:31:05 -0800] "GET / HTTP/1.1" 200 2376 "-" "Mozilla/5.0 (compatible; bingbot/2.0; +http://www.bing.com/bingbot.htm)"
71.94.27.155 - - [15/Nov/2015:20:33:40 -0800] "GET /images/wsis-logo-sm.png HTTP/1.1" 200 6108 "http://www.thebackcountry.net/" "Mozilla/5.0 (Windows NT 6.1; WOW64) AppleWebKit/537.36 (KHTML, like Gecko) Chrome/46.0.2490.86 Safari/537.36"
123.125.71.26 - - [15/Nov/2015:20:42:21 -0800] "GET / HTTP/1.1" 200 2339 "-" "Mozilla/5.0 (Windows NT 5.1; rv:6.0.2) Gecko/20100101 Firefox/6.0.2"
123.125.71.42 - - [15/Nov/2015:20:42:22 -0800] "GET / HTTP/1.1" 200 6114 "-" "Mozilla/5.0 (Windows NT 5.1; rv:6.0.2) Gecko/20100101 Firefox/6.0.2"
180.76.15.143 - - [15/Nov/2015:20:47:20 -0800] "GET / HTTP/1.1" 200 6114 "-" "Mozilla/5.0 (compatible; Baiduspider/2.0; +http://www.baidu.com/search/spider.html)"
180.76.15.12 - - [15/Nov/2015:20:48:19 -0800] "GET / HTTP/1.1" 200 6114 "-" "Mozilla/5.0 (compatible; Baiduspider/2.0; +http://www.baidu.com/search/spider.html)"
220.181.108.96 - - [15/Nov/2015:20:51:17 -0800] "GET / HTTP/1.1" 200 2339 "-" "Mozilla/5.0 (Windows NT 5.1; rv:6.0.2) Gecko/20100101 Firefox/6.0.2"
220.181.108.105 - - [15/Nov/2015:20:51:20 -0800] "GET / HTTP/1.1" 200 6114 "-" "Mozilla/5.0 (Windows NT 5.1; rv:6.0.2) Gecko/20100101 Firefox/6.0.2"
70.59.38.111 - - [15/Nov/2015:20:51:44 -0800] "GET / HTTP/1.1" 200 2376 "http://www.earnyourturns.com/31012/review-bcas-scepter-ski-pole/" "Mozilla/5.0 (Linux; Android 4.4.2; SCH-I435 Build/KOT49H) AppleWebKit/537.36 (KHTML, like Gecko) Chrome/46.0.2490.76 Mobile Safari/537.36"
70.59.38.111 - - [15/Nov/2015:20:51:44 -0800] "GET /styles/0fffd548.main.css HTTP/1.1" 200 19316 "http://whereshouldiski.com/" "Mozilla/5.0 (Linux; Android 4.4.2; SCH-I435 Build/KOT49H) AppleWebKit/537.36 (KHTML, like Gecko) Chrome/46.0.2490.76 Mobile Safari/537.36"
70.59.38.111 - - [15/Nov/2015:20:51:44 -0800] "GET /scripts/scripts/vendor/modernizr.js HTTP/1.1" 200 4903 "http://whereshouldiski.com/" "Mozilla/5.0 (Linux; Android 4.4.2; SCH-I435 Build/KOT49H) AppleWebKit/537.36 (KHTML, like Gecko) Chrome/46.0.2490.76 Mobile Safari/537.36"
70.59.38.111 - - [15/Nov/2015:20:51:44 -0800] "GET /bower_components/requirejs/require.js HTTP/1.1" 200 6702 "http://whereshouldiski.com/" "Mozilla/5.0 (Linux; Android 4.4.2; SCH-I435 Build/KOT49H) AppleWebKit/537.36 (KHTML, like Gecko) Chrome/46.0.2490.76 Mobile Safari/537.36"
70.59.38.111 - - [15/Nov/2015:20:51:44 -0800] "GET /images/logo-sm.png HTTP/1.1" 200 16738 "http://whereshouldiski.com/" "Mozilla/5.0 (Linux; Android 4.4.2; SCH-I435 Build/KOT49H) AppleWebKit/537.36 (KHTML, like Gecko) Chrome/46.0.2490.76 Mobile Safari/537.36"
70.59.38.111 - - [15/Nov/2015:20:51:45 -0800] "GET /images/loading.gif HTTP/1.1" 200 13881 "http://whereshouldiski.com/" "Mozilla/5.0 (Linux; Android 4.4.2; SCH-I435 Build/KOT49H) AppleWebKit/537.36 (KHTML, like Gecko) Chrome/46.0.2490.76 Mobile Safari/537.36"
70.59.38.111 - - [15/Nov/2015:20:51:45 -0800] "GET /scripts/fa48e319.main.js HTTP/1.1" 200 123455 "http://whereshouldiski.com/" "Mozilla/5.0 (Linux; Android 4.4.2; SCH-I435 Build/KOT49H) AppleWebKit/537.36 (KHTML, like Gecko) Chrome/46.0.2490.76 Mobile Safari/537.36"
70.59.38.111 - - [15/Nov/2015:20:51:47 -0800] "GET /images/button.png HTTP/1.1" 200 598 "http://whereshouldiski.com/styles/0fffd548.main.css" "Mozilla/5.0 (Linux; Android 4.4.2; SCH-I435 Build/KOT49H) AppleWebKit/537.36 (KHTML, like Gecko) Chrome/46.0.2490.76 Mobile Safari/537.36"
70.59.38.111 - - [15/Nov/2015:20:51:47 -0800] "GET /lib/reccapi.php?fields=t HTTP/1.1" 200 1922 "http://whereshouldiski.com/" "Mozilla/5.0 (Linux; Android 4.4.2; SCH-I435 Build/KOT49H) AppleWebKit/537.36 (KHTML, like Gecko) Chrome/46.0.2490.76 Mobile Safari/537.36"
70.59.38.111 - - [15/Nov/2015:20:51:48 -0800] "GET /images/greyHeader.png HTTP/1.1" 200 508 "http://whereshouldiski.com/styles/0fffd548.main.css" "Mozilla/5.0 (Linux; Android 4.4.2; SCH-I435 Build/KOT49H) AppleWebKit/537.36 (KHTML, like Gecko) Chrome/46.0.2490.76 Mobile Safari/537.36"
70.59.38.111 - - [15/Nov/2015:20:51:48 -0800] "GET /images/snowflake5.png HTTP/1.1" 200 2857 "http://whereshouldiski.com/styles/0fffd548.main.css" "Mozilla/5.0 (Linux; Android 4.4.2; SCH-I435 Build/KOT49H) AppleWebKit/537.36 (KHTML, like Gecko) Chrome/46.0.2490.76 Mobile Safari/537.36"
70.59.38.111 - - [15/Nov/2015:20:51:48 -0800] "GET /images/star5.png HTTP/1.1" 200 1783 "http://whereshouldiski.com/styles/0fffd548.main.css" "Mozilla/5.0 (Linux; Android 4.4.2; SCH-I435 Build/KOT49H) AppleWebKit/537.36 (KHTML, like Gecko) Chrome/46.0.2490.76 Mobile Safari/537.36"
70.59.38.111 - - [15/Nov/2015:20:51:48 -0800] "GET /images/bluebird5.png HTTP/1.1" 200 2177 "http://whereshouldiski.com/styles/0fffd548.main.css" "Mozilla/5.0 (Linux; Android 4.4.2; SCH-I435 Build/KOT49H) AppleWebKit/537.36 (KHTML, like Gecko) Chrome/46.0.2490.76 Mobile Safari/537.36"
70.59.38.111 - - [15/Nov/2015:20:51:48 -0800] "GET /images/mtns-icon.png HTTP/1.1" 200 1096 "http://whereshouldiski.com/styles/0fffd548.main.css" "Mozilla/5.0 (Linux; Android 4.4.2; SCH-I435 Build/KOT49H) AppleWebKit/537.36 (KHTML, like Gecko) Chrome/46.0.2490.76 Mobile Safari/537.36"
70.59.38.111 - - [15/Nov/2015:20:51:48 -0800] "GET /images/shading-icon.png HTTP/1.1" 200 536 "http://whereshouldiski.com/styles/0fffd548.main.css" "Mozilla/5.0 (Linux; Android 4.4.2; SCH-I435 Build/KOT49H) AppleWebKit/537.36 (KHTML, like Gecko) Chrome/46.0.2490.76 Mobile Safari/537.36"
70.59.38.111 - - [15/Nov/2015:20:51:49 -0800] "GET /favicon.ico HTTP/1.1" 200 1475 "http://whereshouldiski.com/" "Mozilla/5.0 (Linux; Android 4.4.2; SCH-I435 Build/KOT49H) AppleWebKit/537.36 (KHTML, like Gecko) Chrome/46.0.2490.76 Mobile Safari/537.36"
70.59.38.111 - - [15/Nov/2015:20:52:09 -0800] "-" 408 0 "-" "-"
24.176.181.15 - - [15/Nov/2015:20:54:29 -0800] "GET /images/wsis-logo-sm.png HTTP/1.1" 200 6108 "http://www.thebackcountry.net/" "Mozilla/5.0 (Windows NT 6.3; WOW64; Trident/7.0; rv:11.0) like Gecko"
24.176.181.15 - - [15/Nov/2015:20:54:50 -0800] "-" 408 0 "-" "-"
107.193.114.70 - - [15/Nov/2015:20:56:26 -0800] "GET /images/wsis-logo-sm.png HTTP/1.1" 200 6108 "http://www.thebackcountry.net/" "Mozilla/5.0 (Windows NT 6.1; WOW64) AppleWebKit/537.36 (KHTML, like Gecko) Chrome/46.0.2490.86 Safari/537.36"
66.249.74.58 - - [15/Nov/2015:20:59:34 -0800] "GET / HTTP/1.1" 200 2376 "-" "Mozilla/5.0 (compatible; Googlebot/2.1; +http://www.google.com/bot.html)"
49.225.210.224 - - [15/Nov/2015:20:59:51 -0800] "GET / HTTP/1.1" 200 2376 "-" "Mozilla/5.0 (Macintosh; Intel Mac OS X 10_7_5) AppleWebKit/537.36 (KHTML, like Gecko) Chrome/45.0.2454.99 Safari/537.36"
49.225.210.224 - - [15/Nov/2015:20:59:52 -0800] "GET /styles/0fffd548.main.css HTTP/1.1" 200 19316 "http://whereshouldiski.com/" "Mozilla/5.0 (Macintosh; Intel Mac OS X 10_7_5) AppleWebKit/537.36 (KHTML, like Gecko) Chrome/45.0.2454.99 Safari/537.36"
49.225.210.224 - - [15/Nov/2015:20:59:52 -0800] "GET /scripts/scripts/vendor/modernizr.js HTTP/1.1" 304 209 "http://whereshouldiski.com/" "Mozilla/5.0 (Macintosh; Intel Mac OS X 10_7_5) AppleWebKit/537.36 (KHTML, like Gecko) Chrome/45.0.2454.99 Safari/537.36"
49.225.210.224 - - [15/Nov/2015:20:59:52 -0800] "GET /images/logo-sm.png HTTP/1.1" 200 16737 "http://whereshouldiski.com/" "Mozilla/5.0 (Macintosh; Intel Mac OS X 10_7_5) AppleWebKit/537.36 (KHTML, like Gecko) Chrome/45.0.2454.99 Safari/537.36"
49.225.210.224 - - [15/Nov/2015:20:59:52 -0800] "GET /bower_components/requirejs/require.js HTTP/1.1" 304 210 "http://whereshouldiski.com/" "Mozilla/5.0 (Macintosh; Intel Mac OS X 10_7_5) AppleWebKit/537.36 (KHTML, like Gecko) Chrome/45.0.2454.99 Safari/537.36"
49.225.210.224 - - [15/Nov/2015:20:59:52 -0800] "GET / HTTP/1.1" 304 210 "-" "Mozilla/5.0 (Macintosh; Intel Mac OS X 10_7_5) AppleWebKit/537.36 (KHTML, like Gecko) Chrome/45.0.2454.99 Safari/537.36"
49.225.210.224 - - [15/Nov/2015:20:59:53 -0800] "GET /images/loading.gif HTTP/1.1" 200 13881 "http://whereshouldiski.com/" "Mozilla/5.0 (Macintosh; Intel Mac OS X 10_7_5) AppleWebKit/537.36 (KHTML, like Gecko) Chrome/45.0.2454.99 Safari/537.36"
49.225.210.224 - - [15/Nov/2015:20:59:53 -0800] "GET /scripts/fa48e319.main.js HTTP/1.1" 304 210 "http://whereshouldiski.com/" "Mozilla/5.0 (Macintosh; Intel Mac OS X 10_7_5) AppleWebKit/537.36 (KHTML, like Gecko) Chrome/45.0.2454.99 Safari/537.36"
49.225.210.224 - - [15/Nov/2015:20:59:54 -0800] "GET /lib/reccapi.php?resort=whistlerblackcomb&date=2015-11-09 HTTP/1.1" 200 968 "http://whereshouldiski.com/" "Mozilla/5.0 (Macintosh; Intel Mac OS X 10_7_5) AppleWebKit/537.36 (KHTML, like Gecko) Chrome/45.0.2454.99 Safari/537.36"
49.225.210.224 - - [15/Nov/2015:20:59:54 -0800] "GET /images/snowflake-med-5.png HTTP/1.1" 200 6156 "http://whereshouldiski.com/styles/0fffd548.main.css" "Mozilla/5.0 (Macintosh; Intel Mac OS X 10_7_5) AppleWebKit/537.36 (KHTML, like Gecko) Chrome/45.0.2454.99 Safari/537.36"
49.225.210.224 - - [15/Nov/2015:20:59:54 -0800] "GET /images/stars-med-5.png HTTP/1.1" 200 4123 "http://whereshouldiski.com/styles/0fffd548.main.css" "Mozilla/5.0 (Macintosh; Intel Mac OS X 10_7_5) AppleWebKit/537.36 (KHTML, like Gecko) Chrome/45.0.2454.99 Safari/537.36"
49.225.210.224 - - [15/Nov/2015:20:59:54 -0800] "GET /lib/reccapi.php?fields=t&date=2015-11-09&coords=50.1159%2C-122.949&size=7&sort=distance HTTP/1.1" 200 1392 "http://whereshouldiski.com/" "Mozilla/5.0 (Macintosh; Intel Mac OS X 10_7_5) AppleWebKit/537.36 (KHTML, like Gecko) Chrome/45.0.2454.99 Safari/537.36"
49.225.210.224 - - [15/Nov/2015:20:59:54 -0800] "GET /images/sun-med-5.png HTTP/1.1" 200 7627 "http://whereshouldiski.com/styles/0fffd548.main.css" "Mozilla/5.0 (Macintosh; Intel Mac OS X 10_7_5) AppleWebKit/537.36 (KHTML, like Gecko) Chrome/45.0.2454.99 Safari/537.36"
49.225.210.224 - - [15/Nov/2015:20:59:54 -0800] "GET /lib/resortDataSearchD3.php?size=7&sortDate=T&resort=whistlerblackcomb&dateStart=2015-11-07 HTTP/1.1" 200 873 "http://whereshouldiski.com/" "Mozilla/5.0 (Macintosh; Intel Mac OS X 10_7_5) AppleWebKit/537.36 (KHTML, like Gecko) Chrome/45.0.2454.99 Safari/537.36"
49.225.210.224 - - [15/Nov/2015:20:59:54 -0800] "GET /images/shading-53px.png HTTP/1.1" 200 547 "http://whereshouldiski.com/styles/0fffd548.main.css" "Mozilla/5.0 (Macintosh; Intel Mac OS X 10_7_5) AppleWebKit/537.36 (KHTML, like Gecko) Chrome/45.0.2454.99 Safari/537.36"
49.225.210.224 - - [15/Nov/2015:20:59:54 -0800] "GET /images/mtns-30px.png HTTP/1.1" 200 1201 "http://whereshouldiski.com/styles/0fffd548.main.css" "Mozilla/5.0 (Macintosh; Intel Mac OS X 10_7_5) AppleWebKit/537.36 (KHTML, like Gecko) Chrome/45.0.2454.99 Safari/537.36"
49.225.210.224 - - [15/Nov/2015:20:59:55 -0800] "GET /images/snowforecast-logo.jpg HTTP/1.1" 200 22989 "http://whereshouldiski.com/" "Mozilla/5.0 (Macintosh; Intel Mac OS X 10_7_5) AppleWebKit/537.36 (KHTML, like Gecko) Chrome/45.0.2454.99 Safari/537.36"
49.225.210.224 - - [15/Nov/2015:20:59:55 -0800] "GET /images/opensnow_logo.png HTTP/1.1" 200 11777 "http://whereshouldiski.com/" "Mozilla/5.0 (Macintosh; Intel Mac OS X 10_7_5) AppleWebKit/537.36 (KHTML, like Gecko) Chrome/45.0.2454.99 Safari/537.36"
49.225.210.224 - - [15/Nov/2015:20:59:55 -0800] "GET /images/snowflake5.png HTTP/1.1" 200 2857 "http://whereshouldiski.com/styles/0fffd548.main.css" "Mozilla/5.0 (Macintosh; Intel Mac OS X 10_7_5) AppleWebKit/537.36 (KHTML, like Gecko) Chrome/45.0.2454.99 Safari/537.36"
49.225.210.224 - - [15/Nov/2015:20:59:55 -0800] "GET /images/star5.png HTTP/1.1" 200 1783 "http://whereshouldiski.com/styles/0fffd548.main.css" "Mozilla/5.0 (Macintosh; Intel Mac OS X 10_7_5) AppleWebKit/537.36 (KHTML, like Gecko) Chrome/45.0.2454.99 Safari/537.36"
49.225.210.224 - - [15/Nov/2015:20:59:55 -0800] "GET /images/mtns-icon.png HTTP/1.1" 200 1096 "http://whereshouldiski.com/styles/0fffd548.main.css" "Mozilla/5.0 (Macintosh; Intel Mac OS X 10_7_5) AppleWebKit/537.36 (KHTML, like Gecko) Chrome/45.0.2454.99 Safari/537.36"
49.225.210.224 - - [15/Nov/2015:20:59:55 -0800] "GET /images/bluebird5.png HTTP/1.1" 200 2177 "http://whereshouldiski.com/styles/0fffd548.main.css" "Mozilla/5.0 (Macintosh; Intel Mac OS X 10_7_5) AppleWebKit/537.36 (KHTML, like Gecko) Chrome/45.0.2454.99 Safari/537.36"
49.225.210.224 - - [15/Nov/2015:20:59:55 -0800] "GET /images/shading-icon.png HTTP/1.1" 200 536 "http://whereshouldiski.com/styles/0fffd548.main.css" "Mozilla/5.0 (Macintosh; Intel Mac OS X 10_7_5) AppleWebKit/537.36 (KHTML, like Gecko) Chrome/45.0.2454.99 Safari/537.36"
49.225.210.224 - - [15/Nov/2015:20:59:57 -0800] "GET /favicon.ico HTTP/1.1" 200 1475 "http://whereshouldiski.com/" "Mozilla/5.0 (Macintosh; Intel Mac OS X 10_7_5) AppleWebKit/537.36 (KHTML, like Gecko) Chrome/45.0.2454.99 Safari/537.36"
127.0.0.1 - - [15/Nov/2015:21:00:02 -0800] "OPTIONS * HTTP/1.0" 200 126 "-" "Apache/2.2.22 (Ubuntu) (internal dummy connection)"
49.225.210.224 - - [15/Nov/2015:21:00:05 -0800] "GET /lib/reccapi.php?resort=whistlerblackcomb&date=2015-11-15 HTTP/1.1" 200 974 "http://whereshouldiski.com/" "Mozilla/5.0 (Macintosh; Intel Mac OS X 10_7_5) AppleWebKit/537.36 (KHTML, like Gecko) Chrome/45.0.2454.99 Safari/537.36"
49.225.210.224 - - [15/Nov/2015:21:00:06 -0800] "GET /lib/reccapi.php?fields=t&date=2015-11-15&coords=50.1159%2C-122.949&size=7&sort=distance HTTP/1.1" 200 1399 "http://whereshouldiski.com/" "Mozilla/5.0 (Macintosh; Intel Mac OS X 10_7_5) AppleWebKit/537.36 (KHTML, like Gecko) Chrome/45.0.2454.99 Safari/537.36"
49.225.210.224 - - [15/Nov/2015:21:00:06 -0800] "GET /lib/resortDataSearchD3.php?size=7&sortDate=T&resort=whistlerblackcomb&dateStart=2015-11-13 HTTP/1.1" 200 875 "http://whereshouldiski.com/" "Mozilla/5.0 (Macintosh; Intel Mac OS X 10_7_5) AppleWebKit/537.36 (KHTML, like Gecko) Chrome/45.0.2454.99 Safari/537.36"
75.111.96.182 - - [15/Nov/2015:21:07:16 -0800] "GET /images/wsis-logo-sm.png HTTP/1.1" 200 6108 "http://www.thebackcountry.net/" "Mozilla/5.0 (iPhone; CPU iPhone OS 9_1 like Mac OS X) AppleWebKit/601.1.46 (KHTML, like Gecko) Version/9.0 Mobile/13B143 Safari/601.1"
91.196.50.33 - - [15/Nov/2015:21:17:34 -0800] "GET http://testp2.czar.bielawa.pl/testproxy.php HTTP/1.1" 404 452 "-" "Mozilla/5.0 (Windows NT 5.1; rv:32.0) Gecko/20100101 Firefox/31.0"
66.249.74.58 - - [15/Nov/2015:21:20:31 -0800] "GET / HTTP/1.1" 200 2376 "-" "Mozilla/5.0 (iPhone; CPU iPhone OS 8_3 like Mac OS X) AppleWebKit/600.1.4 (KHTML, like Gecko) Version/8.0 Mobile/12F70 Safari/600.1.4 (compatible; Googlebot/2.1; +http://www.google.com/bot.html)"
162.206.186.36 - - [15/Nov/2015:21:37:51 -0800] "GET /images/wsis-logo-sm.png HTTP/1.1" 200 6108 "http://www.thebackcountry.net/" "Mozilla/5.0 (Macintosh; Intel Mac OS X 10_10_5) AppleWebKit/537.36 (KHTML, like Gecko) Chrome/43.0.2357.130 Safari/537.36"
170.75.162.130 - - [15/Nov/2015:21:38:05 -0800] "GET /lib/reccapi.php?resort=northstar-at-tahoe HTTP/1.1" 200 1040 "-" "node-superagent/0.18.2"
123.125.71.14 - - [15/Nov/2015:21:42:18 -0800] "GET / HTTP/1.1" 200 2339 "-" "Mozilla/5.0 (Windows NT 5.1; rv:6.0.2) Gecko/20100101 Firefox/6.0.2"
123.125.71.42 - - [15/Nov/2015:21:42:18 -0800] "GET / HTTP/1.1" 200 6114 "-" "Mozilla/5.0 (Windows NT 5.1; rv:6.0.2) Gecko/20100101 Firefox/6.0.2"
220.181.108.116 - - [15/Nov/2015:21:51:55 -0800] "GET / HTTP/1.1" 200 2339 "-" "Mozilla/5.0 (Windows NT 5.1; rv:6.0.2) Gecko/20100101 Firefox/6.0.2"
220.181.108.102 - - [15/Nov/2015:21:51:56 -0800] "GET / HTTP/1.1" 200 6114 "-" "Mozilla/5.0 (Windows NT 5.1; rv:6.0.2) Gecko/20100101 Firefox/6.0.2"
170.75.162.130 - - [15/Nov/2015:21:56:47 -0800] "GET /lib/reccapi.php?resort=mountbachelor HTTP/1.1" 200 1090 "-" "node-superagent/0.18.2"
170.75.162.130 - - [15/Nov/2015:21:56:47 -0800] "GET /lib/reccapi.php?resort=mounthoodmeadows HTTP/1.1" 200 1096 "-" "node-superagent/0.18.2"
97.116.169.246 - - [15/Nov/2015:21:59:12 -0800] "GET /images/wsis-logo-sm.png HTTP/1.1" 200 6108 "http://www.thebackcountry.net/" "Mozilla/5.0 (iPhone; CPU iPhone OS 9_1 like Mac OS X) AppleWebKit/601.1.46 (KHTML, like Gecko) Version/9.0 Mobile/13B143 Safari/601.1"
24.23.55.146 - - [15/Nov/2015:22:00:47 -0800] "GET /images/wsis-logo-sm.png HTTP/1.1" 200 6108 "http://www.thebackcountry.net/" "Mozilla/5.0 (iPhone; CPU iPhone OS 9_1 like Mac OS X) AppleWebKit/600.1.4 (KHTML, like Gecko) CriOS/46.0.2490.73 Mobile/13B143 Safari/600.1.4"
72.35.100.241 - - [15/Nov/2015:22:00:57 -0800] "GET /images/wsis-logo-sm.png HTTP/1.1" 200 6108 "http://www.thebackcountry.net/" "Mozilla/5.0 (Macintosh; Intel Mac OS X 10_11_1) AppleWebKit/601.2.7 (KHTML, like Gecko) Version/9.0.1 Safari/601.2.7"
24.156.41.110 - - [15/Nov/2015:22:01:30 -0800] "GET / HTTP/1.1" 200 2376 "http://www.earnyourturns.com/" "Mozilla/5.0 (X11; Ubuntu; Linux x86_64; rv:42.0) Gecko/20100101 Firefox/42.0"
24.156.41.110 - - [15/Nov/2015:22:01:30 -0800] "GET /styles/0fffd548.main.css HTTP/1.1" 200 19316 "http://whereshouldiski.com/" "Mozilla/5.0 (X11; Ubuntu; Linux x86_64; rv:42.0) Gecko/20100101 Firefox/42.0"
24.156.41.110 - - [15/Nov/2015:22:01:30 -0800] "GET /scripts/scripts/vendor/modernizr.js HTTP/1.1" 200 4903 "http://whereshouldiski.com/" "Mozilla/5.0 (X11; Ubuntu; Linux x86_64; rv:42.0) Gecko/20100101 Firefox/42.0"
24.156.41.110 - - [15/Nov/2015:22:01:30 -0800] "GET /bower_components/requirejs/require.js HTTP/1.1" 200 6702 "http://whereshouldiski.com/" "Mozilla/5.0 (X11; Ubuntu; Linux x86_64; rv:42.0) Gecko/20100101 Firefox/42.0"
24.156.41.110 - - [15/Nov/2015:22:01:30 -0800] "GET /images/loading.gif HTTP/1.1" 200 13882 "http://whereshouldiski.com/" "Mozilla/5.0 (X11; Ubuntu; Linux x86_64; rv:42.0) Gecko/20100101 Firefox/42.0"
24.156.41.110 - - [15/Nov/2015:22:01:30 -0800] "GET /images/logo-sm.png HTTP/1.1" 200 16737 "http://whereshouldiski.com/" "Mozilla/5.0 (X11; Ubuntu; Linux x86_64; rv:42.0) Gecko/20100101 Firefox/42.0"
24.156.41.110 - - [15/Nov/2015:22:01:30 -0800] "GET /scripts/fa48e319.main.js HTTP/1.1" 200 123455 "http://whereshouldiski.com/" "Mozilla/5.0 (X11; Ubuntu; Linux x86_64; rv:42.0) Gecko/20100101 Firefox/42.0"
24.156.41.110 - - [15/Nov/2015:22:01:31 -0800] "GET /images/greyHeader.png HTTP/1.1" 200 508 "http://whereshouldiski.com/styles/0fffd548.main.css" "Mozilla/5.0 (X11; Ubuntu; Linux x86_64; rv:42.0) Gecko/20100101 Firefox/42.0"
24.156.41.110 - - [15/Nov/2015:22:01:31 -0800] "GET /lib/reccapi.php?fields=t HTTP/1.1" 200 1922 "http://whereshouldiski.com/" "Mozilla/5.0 (X11; Ubuntu; Linux x86_64; rv:42.0) Gecko/20100101 Firefox/42.0"
24.156.41.110 - - [15/Nov/2015:22:01:31 -0800] "GET /images/snowflake5.png HTTP/1.1" 200 2857 "http://whereshouldiski.com/styles/0fffd548.main.css" "Mozilla/5.0 (X11; Ubuntu; Linux x86_64; rv:42.0) Gecko/20100101 Firefox/42.0"
24.156.41.110 - - [15/Nov/2015:22:01:31 -0800] "GET /images/mtns-icon.png HTTP/1.1" 200 1096 "http://whereshouldiski.com/styles/0fffd548.main.css" "Mozilla/5.0 (X11; Ubuntu; Linux x86_64; rv:42.0) Gecko/20100101 Firefox/42.0"
24.156.41.110 - - [15/Nov/2015:22:01:31 -0800] "GET /images/star5.png HTTP/1.1" 200 1783 "http://whereshouldiski.com/styles/0fffd548.main.css" "Mozilla/5.0 (X11; Ubuntu; Linux x86_64; rv:42.0) Gecko/20100101 Firefox/42.0"
24.156.41.110 - - [15/Nov/2015:22:01:31 -0800] "GET /images/bluebird5.png HTTP/1.1" 200 2177 "http://whereshouldiski.com/styles/0fffd548.main.css" "Mozilla/5.0 (X11; Ubuntu; Linux x86_64; rv:42.0) Gecko/20100101 Firefox/42.0"
24.156.41.110 - - [15/Nov/2015:22:01:31 -0800] "GET /images/shading-icon.png HTTP/1.1" 200 537 "http://whereshouldiski.com/styles/0fffd548.main.css" "Mozilla/5.0 (X11; Ubuntu; Linux x86_64; rv:42.0) Gecko/20100101 Firefox/42.0"
24.156.41.110 - - [15/Nov/2015:22:01:31 -0800] "GET /favicon.ico HTTP/1.1" 200 1475 "-" "Mozilla/5.0 (X11; Ubuntu; Linux x86_64; rv:42.0) Gecko/20100101 Firefox/42.0"
170.75.162.130 - - [15/Nov/2015:22:04:28 -0800] "GET /lib/reccapi.php?resort=alta HTTP/1.1" 200 992 "-" "node-superagent/0.18.2"
170.75.162.130 - - [15/Nov/2015:22:04:28 -0800] "GET /lib/reccapi.php?resort=brianhead HTTP/1.1" 200 1013 "-" "node-superagent/0.18.2"
170.75.162.130 - - [15/Nov/2015:22:04:28 -0800] "GET /lib/reccapi.php?resort=brighton HTTP/1.1" 200 996 "-" "node-superagent/0.18.2"
170.75.162.130 - - [15/Nov/2015:22:04:28 -0800] "GET /lib/reccapi.php?resort=deervalley HTTP/1.1" 200 1002 "-" "node-superagent/0.18.2"
170.75.162.130 - - [15/Nov/2015:22:04:29 -0800] "GET /lib/reccapi.php?resort=parkcity HTTP/1.1" 200 1023 "-" "node-superagent/0.18.2"
170.75.162.130 - - [15/Nov/2015:22:04:29 -0800] "GET /lib/reccapi.php?resort=snowbasin HTTP/1.1" 200 980 "-" "node-superagent/0.18.2"
170.75.162.130 - - [15/Nov/2015:22:04:29 -0800] "GET /lib/reccapi.php?resort=snowbird HTTP/1.1" 200 993 "-" "node-superagent/0.18.2"
170.75.162.130 - - [15/Nov/2015:22:10:19 -0800] "GET /lib/reccapi.php?resort=sunpeaksresort HTTP/1.1" 200 928 "-" "node-superagent/0.18.2"
180.76.15.28 - - [15/Nov/2015:22:12:12 -0800] "GET / HTTP/1.1" 200 6114 "-" "Mozilla/5.0 (compatible; Baiduspider/2.0; +http://www.baidu.com/search/spider.html)"
180.76.15.9 - - [15/Nov/2015:22:13:18 -0800] "GET / HTTP/1.1" 200 6114 "-" "Mozilla/5.0 (compatible; Baiduspider/2.0; +http://www.baidu.com/search/spider.html)"
199.30.24.244 - - [15/Nov/2015:22:28:22 -0800] "GET /images/wsis-logo-sm.png HTTP/1.1" 200 6052 "http://www.thebackcountry.net/" "Mozilla/5.0 (iPhone; CPU iPhone OS 7_0 like Mac OS X) AppleWebKit/537.51.1 (KHTML, like Gecko) Version/7.0 Mobile/11A465 Safari/9537.53 BingPreview/1.0b"
157.55.39.220 - - [15/Nov/2015:22:28:25 -0800] "GET /robots.txt HTTP/1.1" 200 375 "-" "Mozilla/5.0 (compatible; bingbot/2.0; +http://www.bing.com/bingbot.htm)"
157.55.39.220 - - [15/Nov/2015:22:28:28 -0800] "GET /robots.txt HTTP/1.1" 200 419 "-" "Mozilla/5.0 (compatible; bingbot/2.0; +http://www.bing.com/bingbot.htm)"
170.75.162.130 - - [15/Nov/2015:22:28:31 -0800] "GET /lib/reccapi.php?resort=killington HTTP/1.1" 200 963 "-" "node-superagent/0.18.2"
167.88.7.254 - - [15/Nov/2015:22:30:33 -0800] "GET / HTTP/1.1" 200 6095 "-" "Mozilla/4.0 (compatible; MSIE 8.0; Windows NT 6.1; Trident/4.0; SLCC2; .NET CLR 2.0.50727; .NET CLR 3.5.30729; .NET CLR 3.0.30729; Media Center PC 6.0)"
170.75.162.130 - - [15/Nov/2015:22:38:32 -0800] "GET /lib/reccapi.php?resort=redmountain HTTP/1.1" 200 908 "-" "node-superagent/0.18.2"
123.125.71.56 - - [15/Nov/2015:22:41:00 -0800] "GET / HTTP/1.1" 200 2339 "-" "Mozilla/5.0 (Windows NT 5.1; rv:6.0.2) Gecko/20100101 Firefox/6.0.2"
123.125.71.33 - - [15/Nov/2015:22:41:01 -0800] "GET / HTTP/1.1" 200 6114 "-" "Mozilla/5.0 (Windows NT 5.1; rv:6.0.2) Gecko/20100101 Firefox/6.0.2"
192.0.100.114 - - [15/Nov/2015:22:43:07 -0800] "GET /images/wsis-logo-sm.png HTTP/1.1" 200 6108 "http://www.thebackcountry.net/" "Mozilla/5.0 (X11; Linux x86_64; rv:10.0.12) Gecko/20100101 Firefox/21.0 WordPress.com mShots"
207.46.13.152 - - [15/Nov/2015:22:44:03 -0800] "GET /robots.txt HTTP/1.1" 200 375 "-" "Mozilla/5.0 (compatible; bingbot/2.0; +http://www.bing.com/bingbot.htm)"
180.76.15.138 - - [15/Nov/2015:22:44:47 -0800] "GET / HTTP/1.1" 200 6114 "-" "Mozilla/5.0 (compatible; Baiduspider/2.0; +http://www.baidu.com/search/spider.html)"
170.75.162.130 - - [15/Nov/2015:22:44:53 -0800] "GET /lib/reccapi.php?resort=stevenspass HTTP/1.1" 200 1045 "-" "node-superagent/0.18.2"
180.76.15.161 - - [15/Nov/2015:22:45:20 -0800] "GET / HTTP/1.1" 200 6114 "-" "Mozilla/5.0 (compatible; Baiduspider/2.0; +http://www.baidu.com/search/spider.html)"
207.46.13.152 - - [15/Nov/2015:22:45:34 -0800] "GET / HTTP/1.1" 200 2376 "-" "Mozilla/5.0 (compatible; bingbot/2.0; +http://www.bing.com/bingbot.htm)"
220.181.108.88 - - [15/Nov/2015:22:50:54 -0800] "GET / HTTP/1.1" 200 2339 "-" "Mozilla/5.0 (Windows NT 5.1; rv:6.0.2) Gecko/20100101 Firefox/6.0.2"
