66.249.64.135 - - [18/May/2015:13:00:42 -0700] "GET /resorts?resort=mounthutt&date=2014-09-26 HTTP/1.1" 404 506 "-" "Mozilla/5.0 (compatible; Googlebot/2.1; +http://www.google.com/bot.html)"
66.249.64.135 - - [18/May/2015:13:05:11 -0700] "GET /resorts?resort=sundance&date=2012-12-24 HTTP/1.1" 404 506 "-" "Mozilla/5.0 (iPhone; CPU iPhone OS 6_0 like Mac OS X) AppleWebKit/536.26 (KHTML, like Gecko) Version/6.0 Mobile/10A5376e Safari/8536.25 (compatible; Googlebot/2.1; +http://www.google.com/bot.html)"
24.176.242.229 - - [18/May/2015:13:07:58 -0700] "GET /images/wsis-logo-sm.png HTTP/1.1" 200 6108 "http://www.thebackcountry.net/" "Mozilla/5.0 (iPhone; CPU iPhone OS 8_0 like Mac OS X) AppleWebKit/600.1.4 (KHTML, like Gecko) Version/8.0 Mobile/12A365 Safari/600.1.4"
66.249.64.129 - - [18/May/2015:13:13:05 -0700] "GET /resorts?resort=bridgerbowl&date=2014-02-01 HTTP/1.1" 404 506 "-" "Mozilla/5.0 (iPhone; CPU iPhone OS 6_0 like Mac OS X) AppleWebKit/536.26 (KHTML, like Gecko) Version/6.0 Mobile/10A5376e Safari/8536.25 (compatible; Googlebot/2.1; +http://www.google.com/bot.html)"
66.249.64.129 - - [18/May/2015:13:16:34 -0700] "GET /resorts?resort=snowmass&date=2014-01-31 HTTP/1.1" 404 506 "-" "Mozilla/5.0 (iPhone; CPU iPhone OS 6_0 like Mac OS X) AppleWebKit/536.26 (KHTML, like Gecko) Version/6.0 Mobile/10A5376e Safari/8536.25 (compatible; Googlebot/2.1; +http://www.google.com/bot.html)"
170.75.162.130 - - [18/May/2015:13:20:54 -0700] "GET /lib/reccapi.php?resort=hoodoo HTTP/1.1" 200 1091 "-" "node-superagent/0.18.2"
66.249.64.129 - - [18/May/2015:13:21:02 -0700] "GET /resorts?resort=northstar-at-tahoe&date=2012-12-29 HTTP/1.1" 404 506 "-" "Mozilla/5.0 (iPhone; CPU iPhone OS 6_0 like Mac OS X) AppleWebKit/536.26 (KHTML, like Gecko) Version/6.0 Mobile/10A5376e Safari/8536.25 (compatible; Googlebot/2.1; +http://www.google.com/bot.html)"
50.1.126.8 - - [18/May/2015:13:28:16 -0700] "GET /images/wsis-logo-sm.png HTTP/1.1" 200 6108 "http://www.thebackcountry.net/" "Mozilla/5.0 (Macintosh; Intel Mac OS X 10_9_5) AppleWebKit/600.5.17 (KHTML, like Gecko) Version/7.1.5 Safari/537.85.14"
66.249.64.129 - - [18/May/2015:13:28:55 -0700] "GET /resorts?resort=diamondpeak&date=2013-12-25 HTTP/1.1" 404 506 "-" "Mozilla/5.0 (iPhone; CPU iPhone OS 6_0 like Mac OS X) AppleWebKit/536.26 (KHTML, like Gecko) Version/6.0 Mobile/10A5376e Safari/8536.25 (compatible; Googlebot/2.1; +http://www.google.com/bot.html)"
66.249.64.254 - - [18/May/2015:13:36:52 -0700] "GET /resorts?resort=snowbird&date=2014-02-20 HTTP/1.1" 404 506 "-" "Mozilla/5.0 (iPhone; CPU iPhone OS 6_0 like Mac OS X) AppleWebKit/536.26 (KHTML, like Gecko) Version/6.0 Mobile/10A5376e Safari/8536.25 (compatible; Googlebot/2.1; +http://www.google.com/bot.html)"
75.111.100.246 - - [18/May/2015:13:39:00 -0700] "GET /images/wsis-logo-sm.png HTTP/1.1" 200 6108 "http://www.thebackcountry.net/" "Mozilla/5.0 (Macintosh; Intel Mac OS X 10_10_2) AppleWebKit/537.36 (KHTML, like Gecko) Chrome/42.0.2311.152 Safari/537.36"
208.115.111.66 - - [18/May/2015:13:39:04 -0700] "GET /resorts?resort=sugarloaf&date=2014-07-02 HTTP/1.1" 404 476 "-" "Mozilla/5.0 (compatible; DotBot/1.1; http://www.opensiteexplorer.org/dotbot, help@moz.com)"
208.115.111.66 - - [18/May/2015:13:39:11 -0700] "GET /resorts?resort=solitude&date=2014-09-30 HTTP/1.1" 404 476 "-" "Mozilla/5.0 (compatible; DotBot/1.1; http://www.opensiteexplorer.org/dotbot, help@moz.com)"
208.115.111.66 - - [18/May/2015:13:39:12 -0700] "GET /resorts?resort=grandtarghee&date=2014-06-11 HTTP/1.1" 404 476 "-" "Mozilla/5.0 (compatible; DotBot/1.1; http://www.opensiteexplorer.org/dotbot, help@moz.com)"
208.115.111.66 - - [18/May/2015:13:39:13 -0700] "GET /resorts?resort=whitefacemountain&date=2014-11-02 HTTP/1.1" 404 476 "-" "Mozilla/5.0 (compatible; DotBot/1.1; http://www.opensiteexplorer.org/dotbot, help@moz.com)"
208.115.111.66 - - [18/May/2015:13:39:15 -0700] "GET /resorts?resort=wildcatmountain&date=2014-10-12 HTTP/1.1" 404 476 "-" "Mozilla/5.0 (compatible; DotBot/1.1; http://www.opensiteexplorer.org/dotbot, help@moz.com)"
208.115.111.66 - - [18/May/2015:13:39:16 -0700] "GET /resorts?resort=redmountain&date=2014-11-06 HTTP/1.1" 404 476 "-" "Mozilla/5.0 (compatible; DotBot/1.1; http://www.opensiteexplorer.org/dotbot, help@moz.com)"
66.249.64.139 - - [18/May/2015:13:44:46 -0700] "GET /resorts?resort=snoqualmie-alpental&date=2013-01-16 HTTP/1.1" 404 509 "-" "Mozilla/5.0 (iPhone; CPU iPhone OS 6_0 like Mac OS X) AppleWebKit/536.26 (KHTML, like Gecko) Version/6.0 Mobile/10A5376e Safari/8536.25 (compatible; Googlebot/2.1; +http://www.google.com/bot.html)"
66.249.64.129 - - [18/May/2015:13:52:40 -0700] "GET /resorts?resort=aspenheights&date=2014-02-01 HTTP/1.1" 404 506 "-" "Mozilla/5.0 (iPhone; CPU iPhone OS 6_0 like Mac OS X) AppleWebKit/536.26 (KHTML, like Gecko) Version/6.0 Mobile/10A5376e Safari/8536.25 (compatible; Googlebot/2.1; +http://www.google.com/bot.html)"
182.48.26.52 - - [18/May/2015:13:59:53 -0700] "GET / HTTP/1.1" 200 2320 "-" "Mozilla/5.0 (Windows; U; Windows NT 5.1; en-US; rv:1.8.1.1) Gecko/20061204 Firefox/2.0.0.1"
66.249.64.254 - - [18/May/2015:14:00:35 -0700] "GET /resorts?resort=bigsky&date=2014-01-02 HTTP/1.1" 404 506 "-" "Mozilla/5.0 (iPhone; CPU iPhone OS 6_0 like Mac OS X) AppleWebKit/536.26 (KHTML, like Gecko) Version/6.0 Mobile/10A5376e Safari/8536.25 (compatible; Googlebot/2.1; +http://www.google.com/bot.html)"
220.181.108.153 - - [18/May/2015:14:04:38 -0700] "GET / HTTP/1.1" 200 2339 "-" "Mozilla/5.0 (Windows NT 5.1; rv:6.0.2) Gecko/20100101 Firefox/6.0.2"
220.181.108.149 - - [18/May/2015:14:05:34 -0700] "-" 408 0 "-" "-"
66.249.64.135 - - [18/May/2015:14:08:33 -0700] "GET /resorts?resort=aspenmountain&date=2014-01-29 HTTP/1.1" 404 506 "-" "Mozilla/5.0 (iPhone; CPU iPhone OS 6_0 like Mac OS X) AppleWebKit/536.26 (KHTML, like Gecko) Version/6.0 Mobile/10A5376e Safari/8536.25 (compatible; Googlebot/2.1; +http://www.google.com/bot.html)"
180.76.4.73 - - [18/May/2015:14:11:08 -0700] "GET / HTTP/1.1" 200 6114 "-" "Mozilla/4.0 (compatible; MSIE 7.0; Windows NT 6.0)"
208.115.113.83 - - [18/May/2015:14:14:47 -0700] "GET /robots.txt HTTP/1.1" 200 319 "-" "Mozilla/5.0 (compatible; DotBot/1.1; http://www.opensiteexplorer.org/dotbot, help@moz.com)"
66.249.64.129 - - [18/May/2015:14:16:28 -0700] "GET /resorts?resort=silvermountain&date=2014-01-04 HTTP/1.1" 404 506 "-" "Mozilla/5.0 (iPhone; CPU iPhone OS 6_0 like Mac OS X) AppleWebKit/536.26 (KHTML, like Gecko) Version/6.0 Mobile/10A5376e Safari/8536.25 (compatible; Googlebot/2.1; +http://www.google.com/bot.html)"
208.115.111.66 - - [18/May/2015:14:20:29 -0700] "GET /resorts?resort=jacksonhole&date=2014-10-19 HTTP/1.1" 404 476 "-" "Mozilla/5.0 (compatible; DotBot/1.1; http://www.opensiteexplorer.org/dotbot, help@moz.com)"
208.115.111.66 - - [18/May/2015:14:20:30 -0700] "GET /resorts?resort=huntermountain&date=2014-11-03 HTTP/1.1" 404 476 "-" "Mozilla/5.0 (compatible; DotBot/1.1; http://www.opensiteexplorer.org/dotbot, help@moz.com)"
208.115.111.66 - - [18/May/2015:14:20:30 -0700] "GET /resorts?resort=greekpeak&date=2014-09-28 HTTP/1.1" 404 476 "-" "Mozilla/5.0 (compatible; DotBot/1.1; http://www.opensiteexplorer.org/dotbot, help@moz.com)"
208.115.111.66 - - [18/May/2015:14:20:31 -0700] "GET /resorts?resort=bearmountain&date=2014-10-24 HTTP/1.1" 404 476 "-" "Mozilla/5.0 (compatible; DotBot/1.1; http://www.opensiteexplorer.org/dotbot, help@moz.com)"
208.115.111.66 - - [18/May/2015:14:20:32 -0700] "GET /resorts?resort=alpinemeadows&date=2014-10-03 HTTP/1.1" 404 476 "-" "Mozilla/5.0 (compatible; DotBot/1.1; http://www.opensiteexplorer.org/dotbot, help@moz.com)"
208.115.111.66 - - [18/May/2015:14:20:33 -0700] "GET /resorts?resort=alpenglow&date=2014-10-22 HTTP/1.1" 404 476 "-" "Mozilla/5.0 (compatible; DotBot/1.1; http://www.opensiteexplorer.org/dotbot, help@moz.com)"
208.115.111.66 - - [18/May/2015:14:20:33 -0700] "GET /resorts?resort=aftonalps&date=2014-10-31 HTTP/1.1" 404 476 "-" "Mozilla/5.0 (compatible; DotBot/1.1; http://www.opensiteexplorer.org/dotbot, help@moz.com)"
208.115.111.66 - - [18/May/2015:14:20:34 -0700] "GET /resorts?resort=turnermountain&date=2014-10-15 HTTP/1.1" 404 476 "-" "Mozilla/5.0 (compatible; DotBot/1.1; http://www.opensiteexplorer.org/dotbot, help@moz.com)"
208.115.111.66 - - [18/May/2015:14:20:35 -0700] "GET /resorts?resort=tetonpass HTTP/1.1" 404 476 "-" "Mozilla/5.0 (compatible; DotBot/1.1; http://www.opensiteexplorer.org/dotbot, help@moz.com)"
208.115.111.66 - - [18/May/2015:14:20:35 -0700] "GET /resorts?resort=sundance&date=2014-10-28 HTTP/1.1" 404 476 "-" "Mozilla/5.0 (compatible; DotBot/1.1; http://www.opensiteexplorer.org/dotbot, help@moz.com)"
208.115.111.66 - - [18/May/2015:14:20:36 -0700] "GET /resorts?resort=snoqualmie-alpental&date=2014-10-02 HTTP/1.1" 404 476 "-" "Mozilla/5.0 (compatible; DotBot/1.1; http://www.opensiteexplorer.org/dotbot, help@moz.com)"
208.115.111.66 - - [18/May/2015:14:20:37 -0700] "GET /resorts?resort=sleepinggiant&date=2014-06-27 HTTP/1.1" 404 476 "-" "Mozilla/5.0 (compatible; DotBot/1.1; http://www.opensiteexplorer.org/dotbot, help@moz.com)"
208.115.111.66 - - [18/May/2015:14:20:37 -0700] "GET /resorts?resort=sipapu&date=2014-07-01 HTTP/1.1" 404 476 "-" "Mozilla/5.0 (compatible; DotBot/1.1; http://www.opensiteexplorer.org/dotbot, help@moz.com)"
208.115.111.66 - - [18/May/2015:14:20:38 -0700] "GET /resorts?resort=schweitzer&date=2014-10-16 HTTP/1.1" 404 476 "-" "Mozilla/5.0 (compatible; DotBot/1.1; http://www.opensiteexplorer.org/dotbot, help@moz.com)"
208.115.111.66 - - [18/May/2015:14:20:40 -0700] "GET /resorts?resort=purgatory&date=2014-06-08 HTTP/1.1" 404 476 "-" "Mozilla/5.0 (compatible; DotBot/1.1; http://www.opensiteexplorer.org/dotbot, help@moz.com)"
208.115.111.66 - - [18/May/2015:14:20:40 -0700] "GET /resorts?resort=northstar-at-tahoe&date=2014-10-16 HTTP/1.1" 404 476 "-" "Mozilla/5.0 (compatible; DotBot/1.1; http://www.opensiteexplorer.org/dotbot, help@moz.com)"
208.115.111.66 - - [18/May/2015:14:20:41 -0700] "GET /resorts?resort=mounthoodskibowl&date=2014-06-26 HTTP/1.1" 404 476 "-" "Mozilla/5.0 (compatible; DotBot/1.1; http://www.opensiteexplorer.org/dotbot, help@moz.com)"
208.115.111.66 - - [18/May/2015:14:20:42 -0700] "GET /resorts?resort=moonlightbasin&date=2014-10-12 HTTP/1.1" 404 476 "-" "Mozilla/5.0 (compatible; DotBot/1.1; http://www.opensiteexplorer.org/dotbot, help@moz.com)"
208.115.111.66 - - [18/May/2015:14:20:43 -0700] "GET /resorts?resort=lutsen&date=2014-10-22 HTTP/1.1" 404 476 "-" "Mozilla/5.0 (compatible; DotBot/1.1; http://www.opensiteexplorer.org/dotbot, help@moz.com)"
66.249.64.254 - - [18/May/2015:14:24:20 -0700] "GET /resorts?resort=parkcity&date=2013-12-10 HTTP/1.1" 404 506 "-" "Mozilla/5.0 (iPhone; CPU iPhone OS 6_0 like Mac OS X) AppleWebKit/536.26 (KHTML, like Gecko) Version/6.0 Mobile/10A5376e Safari/8536.25 (compatible; Googlebot/2.1; +http://www.google.com/bot.html)"
66.249.64.129 - - [18/May/2015:14:30:16 -0700] "GET /resorts?resort=parkcity&date=2014-06-06 HTTP/1.1" 404 506 "-" "Mozilla/5.0 (compatible; Googlebot/2.1; +http://www.google.com/bot.html)"
66.249.64.135 - - [18/May/2015:14:32:15 -0700] "GET /resorts?resort=maverickmountain&date=2014-01-01 HTTP/1.1" 404 506 "-" "Mozilla/5.0 (iPhone; CPU iPhone OS 6_0 like Mac OS X) AppleWebKit/536.26 (KHTML, like Gecko) Version/6.0 Mobile/10A5376e Safari/8536.25 (compatible; Googlebot/2.1; +http://www.google.com/bot.html)"
66.249.64.129 - - [18/May/2015:14:40:10 -0700] "GET /resorts?resort=louploupskibowl&date=2013-12-07 HTTP/1.1" 404 506 "-" "Mozilla/5.0 (iPhone; CPU iPhone OS 6_0 like Mac OS X) AppleWebKit/536.26 (KHTML, like Gecko) Version/6.0 Mobile/10A5376e Safari/8536.25 (compatible; Googlebot/2.1; +http://www.google.com/bot.html)"
50.251.247.177 - - [18/May/2015:14:40:19 -0700] "GET /images/wsis-logo-sm.png HTTP/1.1" 200 6108 "http://www.thebackcountry.net/" "Mozilla/5.0 (Windows NT 6.1; Trident/7.0; rv:11.0) like Gecko"
170.75.162.130 - - [18/May/2015:14:47:31 -0700] "GET /lib/reccapi.php?resort=wildcatmountain HTTP/1.1" 200 956 "-" "node-superagent/0.18.2"
170.75.162.130 - - [18/May/2015:14:47:41 -0700] "GET /lib/reccapi.php?resort=aspenheights HTTP/1.1" 200 1049 "-" "node-superagent/0.18.2"
170.75.162.130 - - [18/May/2015:14:47:41 -0700] "GET /lib/reccapi.php?resort=aspenmountain HTTP/1.1" 200 1041 "-" "node-superagent/0.18.2"
170.75.162.130 - - [18/May/2015:14:47:41 -0700] "GET /lib/reccapi.php?resort=buttermilk HTTP/1.1" 200 1030 "-" "node-superagent/0.18.2"
170.75.162.130 - - [18/May/2015:14:47:41 -0700] "GET /lib/reccapi.php?resort=snowmass HTTP/1.1" 200 1030 "-" "node-superagent/0.18.2"
170.75.162.130 - - [18/May/2015:14:48:21 -0700] "GET /lib/reccapi.php?resort=mountbachelor HTTP/1.1" 200 1076 "-" "node-superagent/0.18.2"
170.75.162.130 - - [18/May/2015:14:48:21 -0700] "GET /lib/reccapi.php?resort=mounthoodmeadows HTTP/1.1" 200 1131 "-" "node-superagent/0.18.2"
170.75.162.130 - - [18/May/2015:14:48:41 -0700] "GET /lib/reccapi.php?resort=monarch HTTP/1.1" 200 1083 "-" "node-superagent/0.18.2"
170.75.162.130 - - [18/May/2015:14:48:51 -0700] "GET /lib/reccapi.php?resort=angelfire HTTP/1.1" 200 1059 "-" "node-superagent/0.18.2"
170.75.162.130 - - [18/May/2015:14:49:51 -0700] "GET /lib/reccapi.php?resort=schweitzer HTTP/1.1" 200 962 "-" "node-superagent/0.18.2"
170.75.162.130 - - [18/May/2015:14:49:51 -0700] "GET /lib/reccapi.php?resort=sunvalley HTTP/1.1" 200 1031 "-" "node-superagent/0.18.2"
170.75.162.130 - - [18/May/2015:14:55:52 -0700] "GET /lib/reccapi.php?resort=killington HTTP/1.1" 200 970 "-" "node-superagent/0.18.2"
66.249.64.135 - - [18/May/2015:14:56:02 -0700] "GET /resorts?resort=treblecone&date=2014-07-13 HTTP/1.1" 404 506 "-" "Mozilla/5.0 (iPhone; CPU iPhone OS 6_0 like Mac OS X) AppleWebKit/536.26 (KHTML, like Gecko) Version/6.0 Mobile/10A5376e Safari/8536.25 (compatible; Googlebot/2.1; +http://www.google.com/bot.html)"
170.75.162.130 - - [18/May/2015:14:56:32 -0700] "GET /lib/reccapi.php?resort=cannonmountain HTTP/1.1" 200 951 "-" "node-superagent/0.18.2"
170.75.162.130 - - [18/May/2015:14:57:22 -0700] "GET /lib/reccapi.php?resort=alyeska HTTP/1.1" 200 935 "-" "node-superagent/0.18.2"
170.75.162.130 - - [18/May/2015:14:59:02 -0700] "GET /lib/reccapi.php?resort=arapahoebasin HTTP/1.1" 200 1081 "-" "node-superagent/0.18.2"
170.75.162.130 - - [18/May/2015:14:59:02 -0700] "GET /lib/reccapi.php?resort=canyons HTTP/1.1" 200 1091 "-" "node-superagent/0.18.2"
170.75.162.130 - - [18/May/2015:14:59:02 -0700] "GET /lib/reccapi.php?resort=keystone HTTP/1.1" 200 1053 "-" "node-superagent/0.18.2"
72.47.22.112 - - [18/May/2015:15:00:25 -0700] "GET /images/wsis-logo-sm.png HTTP/1.1" 200 6108 "http://www.thebackcountry.net/" "Mozilla/5.0 (Windows NT 5.1) AppleWebKit/537.36 (KHTML, like Gecko) Chrome/42.0.2311.152 Safari/537.36"
170.75.162.130 - - [18/May/2015:15:00:32 -0700] "GET /lib/reccapi.php?resort=bigsky HTTP/1.1" 200 1064 "-" "node-superagent/0.18.2"
170.75.162.130 - - [18/May/2015:15:00:33 -0700] "GET /lib/reccapi.php?resort=crestedbutte HTTP/1.1" 200 1095 "-" "node-superagent/0.18.2"
170.75.162.130 - - [18/May/2015:15:00:33 -0700] "GET /lib/reccapi.php?resort=jacksonhole HTTP/1.1" 200 1079 "-" "node-superagent/0.18.2"
170.75.162.130 - - [18/May/2015:15:00:33 -0700] "GET /lib/reccapi.php?resort=loveland HTTP/1.1" 200 1062 "-" "node-superagent/0.18.2"
170.75.162.130 - - [18/May/2015:15:00:33 -0700] "GET /lib/reccapi.php?resort=mtrose HTTP/1.1" 200 1051 "-" "node-superagent/0.18.2"
170.75.162.130 - - [18/May/2015:15:00:34 -0700] "GET /lib/reccapi.php?resort=sierra-at-tahoe HTTP/1.1" 200 1095 "-" "node-superagent/0.18.2"
170.75.162.130 - - [18/May/2015:15:00:34 -0700] "GET /lib/reccapi.php?resort=steamboat HTTP/1.1" 200 1019 "-" "node-superagent/0.18.2"
170.75.162.130 - - [18/May/2015:15:00:34 -0700] "GET /lib/reccapi.php?resort=telluride HTTP/1.1" 200 1030 "-" "node-superagent/0.18.2"
170.75.162.130 - - [18/May/2015:15:00:35 -0700] "GET /lib/reccapi.php?resort=winterpark HTTP/1.1" 200 1050 "-" "node-superagent/0.18.2"
158.184.198.5 - - [18/May/2015:15:03:20 -0700] "GET /images/wsis-logo-sm.png HTTP/1.1" 200 6108 "http://thebackcountry.net/" "Mozilla/5.0 (iPad; CPU OS 8_3 like Mac OS X) AppleWebKit/600.1.4 (KHTML, like Gecko) Version/8.0 Mobile/12F69 Safari/600.1.4"
66.249.64.135 - - [18/May/2015:15:03:55 -0700] "GET /resorts?resort=arapahoebasin&date=2014-02-03 HTTP/1.1" 404 506 "-" "Mozilla/5.0 (iPhone; CPU iPhone OS 6_0 like Mac OS X) AppleWebKit/536.26 (KHTML, like Gecko) Version/6.0 Mobile/10A5376e Safari/8536.25 (compatible; Googlebot/2.1; +http://www.google.com/bot.html)"
180.76.5.147 - - [18/May/2015:15:05:35 -0700] "GET / HTTP/1.1" 200 2339 "-" "Mozilla/5.0 (compatible; Baiduspider/2.0; +http://www.baidu.com/search/spider.html)"
220.181.108.177 - - [18/May/2015:15:06:53 -0700] "-" 408 0 "-" "-"
66.249.64.135 - - [18/May/2015:15:11:50 -0700] "GET /resorts?resort=timberline&date=2014-02-20 HTTP/1.1" 404 506 "-" "Mozilla/5.0 (iPhone; CPU iPhone OS 6_0 like Mac OS X) AppleWebKit/536.26 (KHTML, like Gecko) Version/6.0 Mobile/10A5376e Safari/8536.25 (compatible; Googlebot/2.1; +http://www.google.com/bot.html)"
66.87.118.116 - - [18/May/2015:15:19:07 -0700] "GET /images/wsis-logo-sm.png HTTP/1.1" 200 6108 "http://www.thebackcountry.net/" "Mozilla/5.0 (iPhone; CPU iPhone OS 7_1_2 like Mac OS X) AppleWebKit/537.51.2 (KHTML, like Gecko) Version/7.0 Mobile/11D257 Safari/9537.53"
66.249.64.254 - - [18/May/2015:15:19:45 -0700] "GET /resorts?resort=beavermountain&date=2013-04-06 HTTP/1.1" 404 506 "-" "Mozilla/5.0 (iPhone; CPU iPhone OS 6_0 like Mac OS X) AppleWebKit/536.26 (KHTML, like Gecko) Version/6.0 Mobile/10A5376e Safari/8536.25 (compatible; Googlebot/2.1; +http://www.google.com/bot.html)"
208.115.113.83 - - [18/May/2015:15:23:13 -0700] "GET /resorts?resort=squawvalleyusa&date=2014-06-28 HTTP/1.1" 404 476 "-" "Mozilla/5.0 (compatible; DotBot/1.1; http://www.opensiteexplorer.org/dotbot, help@moz.com)"
208.115.113.83 - - [18/May/2015:15:23:25 -0700] "GET /resorts?resort=cannonmountain&date=2014-11-07 HTTP/1.1" 404 476 "-" "Mozilla/5.0 (compatible; DotBot/1.1; http://www.opensiteexplorer.org/dotbot, help@moz.com)"
208.115.113.83 - - [18/May/2015:15:23:33 -0700] "GET /resorts?resort=jacksonhole&date=2014-11-19 HTTP/1.1" 404 476 "-" "Mozilla/5.0 (compatible; DotBot/1.1; http://www.opensiteexplorer.org/dotbot, help@moz.com)"
208.115.113.83 - - [18/May/2015:15:23:36 -0700] "GET /resorts?resort=canyons&date=2014-10-03 HTTP/1.1" 404 476 "-" "Mozilla/5.0 (compatible; DotBot/1.1; http://www.opensiteexplorer.org/dotbot, help@moz.com)"
208.115.113.83 - - [18/May/2015:15:23:37 -0700] "GET /resorts?resort=sundayriver&date=2014-06-07 HTTP/1.1" 404 476 "-" "Mozilla/5.0 (compatible; DotBot/1.1; http://www.opensiteexplorer.org/dotbot, help@moz.com)"
66.249.64.254 - - [18/May/2015:15:27:44 -0700] "GET /resorts?resort=aspenmountain&date=2014-02-01 HTTP/1.1" 404 506 "-" "Mozilla/5.0 (iPhone; CPU iPhone OS 6_0 like Mac OS X) AppleWebKit/536.26 (KHTML, like Gecko) Version/6.0 Mobile/10A5376e Safari/8536.25 (compatible; Googlebot/2.1; +http://www.google.com/bot.html)"
206.160.135.42 - - [18/May/2015:15:28:10 -0700] "GET /images/wsis-logo-sm.png HTTP/1.1" 200 6108 "http://www.thebackcountry.net/" "Mozilla/5.0 (iPhone; CPU iPhone OS 8_2 like Mac OS X) AppleWebKit/600.1.4 (KHTML, like Gecko) Version/8.0 Mobile/12D508 Safari/600.1.4"
68.180.228.182 - - [18/May/2015:15:30:53 -0700] "GET / HTTP/1.1" 200 2320 "-" "Mozilla/5.0 (compatible; Yahoo! Slurp; http://help.yahoo.com/help/us/ysearch/slurp)"
66.249.64.133 - - [18/May/2015:15:43:08 -0700] "GET /resorts?resort=boyne&date=2013-12-11 HTTP/1.1" 404 509 "-" "Mozilla/5.0 (compatible; Googlebot/2.1; +http://www.google.com/bot.html)"
66.249.64.175 - - [18/May/2015:15:43:30 -0700] "GET /robots.txt HTTP/1.1" 200 419 "-" "Mozilla/5.0 (compatible; Googlebot/2.1; +http://www.google.com/bot.html)"
66.249.64.175 - - [18/May/2015:15:43:30 -0700] "GET /resorts?resort=bridgerbowl&date=2013-06-14 HTTP/1.1" 404 508 "-" "Mozilla/5.0 (iPhone; CPU iPhone OS 6_0 like Mac OS X) AppleWebKit/536.26 (KHTML, like Gecko) Version/6.0 Mobile/10A5376e Safari/8536.25 (compatible; Googlebot/2.1; +http://www.google.com/bot.html)"
104.3.210.205 - - [18/May/2015:15:47:25 -0700] "GET /images/wsis-logo-sm.png HTTP/1.1" 200 6108 "http://www.thebackcountry.net/" "Mozilla/5.0 (Macintosh; Intel Mac OS X 10_9_5) AppleWebKit/600.5.17 (KHTML, like Gecko) Version/7.1.5 Safari/537.85.14"
123.125.71.39 - - [18/May/2015:15:50:51 -0700] "-" 408 0 "-" "-"
66.249.64.254 - - [18/May/2015:15:51:25 -0700] "GET /resorts?resort=schweitzer&date=2014-01-03 HTTP/1.1" 404 506 "-" "Mozilla/5.0 (iPhone; CPU iPhone OS 6_0 like Mac OS X) AppleWebKit/536.26 (KHTML, like Gecko) Version/6.0 Mobile/10A5376e Safari/8536.25 (compatible; Googlebot/2.1; +http://www.google.com/bot.html)"
220.181.108.97 - - [18/May/2015:15:52:57 -0700] "-" 408 0 "-" "-"
66.249.64.135 - - [18/May/2015:15:59:20 -0700] "GET /resorts?resort=keystone&date=2014-02-02 HTTP/1.1" 404 506 "-" "Mozilla/5.0 (iPhone; CPU iPhone OS 6_0 like Mac OS X) AppleWebKit/536.26 (KHTML, like Gecko) Version/6.0 Mobile/10A5376e Safari/8536.25 (compatible; Googlebot/2.1; +http://www.google.com/bot.html)"
180.76.4.197 - - [18/May/2015:16:01:09 -0700] "GET / HTTP/1.1" 200 6114 "-" "Mozilla/4.0 (compatible; MSIE 7.0; Windows NT 6.0)"
66.249.64.254 - - [18/May/2015:16:07:19 -0700] "GET /resorts?resort=northstar-at-tahoe&date=2012-12-27 HTTP/1.1" 404 506 "-" "Mozilla/5.0 (iPhone; CPU iPhone OS 6_0 like Mac OS X) AppleWebKit/536.26 (KHTML, like Gecko) Version/6.0 Mobile/10A5376e Safari/8536.25 (compatible; Googlebot/2.1; +http://www.google.com/bot.html)"
208.115.113.83 - - [18/May/2015:16:08:32 -0700] "GET /resorts?resort=silvermountain&date=2014-07-02 HTTP/1.1" 404 476 "-" "Mozilla/5.0 (compatible; DotBot/1.1; http://www.opensiteexplorer.org/dotbot, help@moz.com)"
208.115.113.83 - - [18/May/2015:16:08:33 -0700] "GET /resorts?resort=showdown&date=2014-06-27 HTTP/1.1" 404 476 "-" "Mozilla/5.0 (compatible; DotBot/1.1; http://www.opensiteexplorer.org/dotbot, help@moz.com)"
208.115.113.83 - - [18/May/2015:16:08:34 -0700] "GET /resorts?resort=redmountain&date=2014-10-24 HTTP/1.1" 404 476 "-" "Mozilla/5.0 (compatible; DotBot/1.1; http://www.opensiteexplorer.org/dotbot, help@moz.com)"
208.115.113.83 - - [18/May/2015:16:08:36 -0700] "GET /resorts?resort=mtlemmonskivalley&date=2014-10-06 HTTP/1.1" 404 476 "-" "Mozilla/5.0 (compatible; DotBot/1.1; http://www.opensiteexplorer.org/dotbot, help@moz.com)"
208.115.113.83 - - [18/May/2015:16:08:37 -0700] "GET /resorts?resort=monarch&date=2014-10-12 HTTP/1.1" 404 476 "-" "Mozilla/5.0 (compatible; DotBot/1.1; http://www.opensiteexplorer.org/dotbot, help@moz.com)"
208.115.113.83 - - [18/May/2015:16:08:37 -0700] "GET /resorts?resort=missionridge&date=2014-06-14 HTTP/1.1" 404 476 "-" "Mozilla/5.0 (compatible; DotBot/1.1; http://www.opensiteexplorer.org/dotbot, help@moz.com)"
208.115.113.83 - - [18/May/2015:16:08:38 -0700] "GET /resorts?resort=madriverglen&date=2014-10-14 HTTP/1.1" 404 476 "-" "Mozilla/5.0 (compatible; DotBot/1.1; http://www.opensiteexplorer.org/dotbot, help@moz.com)"
208.115.113.83 - - [18/May/2015:16:08:38 -0700] "GET /resorts?resort=lasvegasskiandsnowboard&date=2014-10-02 HTTP/1.1" 404 476 "-" "Mozilla/5.0 (compatible; DotBot/1.1; http://www.opensiteexplorer.org/dotbot, help@moz.com)"
208.115.113.83 - - [18/May/2015:16:08:39 -0700] "GET /resorts?resort=hurricaneridge&date=2014-06-06 HTTP/1.1" 404 476 "-" "Mozilla/5.0 (compatible; DotBot/1.1; http://www.opensiteexplorer.org/dotbot, help@moz.com)"
208.115.113.83 - - [18/May/2015:16:08:40 -0700] "GET /resorts?resort=hoodoo&date=2014-07-01 HTTP/1.1" 404 476 "-" "Mozilla/5.0 (compatible; DotBot/1.1; http://www.opensiteexplorer.org/dotbot, help@moz.com)"
208.115.113.83 - - [18/May/2015:16:08:43 -0700] "GET /resorts?resort=greatdivide HTTP/1.1" 404 476 "-" "Mozilla/5.0 (compatible; DotBot/1.1; http://www.opensiteexplorer.org/dotbot, help@moz.com)"
208.115.113.83 - - [18/May/2015:16:08:45 -0700] "GET /resorts?resort=elkridge&date=2014-10-16 HTTP/1.1" 404 476 "-" "Mozilla/5.0 (compatible; DotBot/1.1; http://www.opensiteexplorer.org/dotbot, help@moz.com)"
208.115.113.83 - - [18/May/2015:16:08:46 -0700] "GET /resorts?resort=discoverybasin&date=2014-06-15 HTTP/1.1" 404 476 "-" "Mozilla/5.0 (compatible; DotBot/1.1; http://www.opensiteexplorer.org/dotbot, help@moz.com)"
208.115.113.83 - - [18/May/2015:16:08:47 -0700] "GET /resorts?resort=diamondpeak&date=2014-10-19 HTTP/1.1" 404 476 "-" "Mozilla/5.0 (compatible; DotBot/1.1; http://www.opensiteexplorer.org/dotbot, help@moz.com)"
208.115.113.83 - - [18/May/2015:16:08:47 -0700] "GET /resorts?resort=crestedbutte&date=2014-10-01 HTTP/1.1" 404 476 "-" "Mozilla/5.0 (compatible; DotBot/1.1; http://www.opensiteexplorer.org/dotbot, help@moz.com)"
208.115.113.83 - - [18/May/2015:16:08:48 -0700] "GET /resorts?resort=brundage&date=2014-06-18 HTTP/1.1" 404 476 "-" "Mozilla/5.0 (compatible; DotBot/1.1; http://www.opensiteexplorer.org/dotbot, help@moz.com)"
208.115.113.83 - - [18/May/2015:16:08:48 -0700] "GET /resorts?resort=beavermountain&date=2014-10-14 HTTP/1.1" 404 476 "-" "Mozilla/5.0 (compatible; DotBot/1.1; http://www.opensiteexplorer.org/dotbot, help@moz.com)"
208.115.113.83 - - [18/May/2015:16:08:49 -0700] "GET /resorts?resort=bearvalleymountain HTTP/1.1" 404 476 "-" "Mozilla/5.0 (compatible; DotBot/1.1; http://www.opensiteexplorer.org/dotbot, help@moz.com)"
208.115.113.83 - - [18/May/2015:16:08:50 -0700] "GET /resorts?resort=whitewater&date=2014-10-21 HTTP/1.1" 404 476 "-" "Mozilla/5.0 (compatible; DotBot/1.1; http://www.opensiteexplorer.org/dotbot, help@moz.com)"
208.115.113.83 - - [18/May/2015:16:08:51 -0700] "GET /resorts?resort=whitefacemountain&date=2014-10-27 HTTP/1.1" 404 476 "-" "Mozilla/5.0 (compatible; DotBot/1.1; http://www.opensiteexplorer.org/dotbot, help@moz.com)"
208.115.113.83 - - [18/May/2015:16:08:52 -0700] "GET /resorts?resort=whitecapmountain&date=2014-10-13 HTTP/1.1" 404 476 "-" "Mozilla/5.0 (compatible; DotBot/1.1; http://www.opensiteexplorer.org/dotbot, help@moz.com)"
208.115.113.83 - - [18/May/2015:16:08:52 -0700] "GET /resorts?resort=whistlerblackcomb&date=2014-06-24 HTTP/1.1" 404 476 "-" "Mozilla/5.0 (compatible; DotBot/1.1; http://www.opensiteexplorer.org/dotbot, help@moz.com)"
208.115.113.83 - - [18/May/2015:16:08:53 -0700] "GET /resorts?resort=timberline&date=2014-06-18 HTTP/1.1" 404 476 "-" "Mozilla/5.0 (compatible; DotBot/1.1; http://www.opensiteexplorer.org/dotbot, help@moz.com)"
208.115.113.83 - - [18/May/2015:16:08:54 -0700] "GET /resorts?resort=tetonpass&date=2014-10-03 HTTP/1.1" 404 476 "-" "Mozilla/5.0 (compatible; DotBot/1.1; http://www.opensiteexplorer.org/dotbot, help@moz.com)"
208.115.113.83 - - [18/May/2015:16:08:58 -0700] "GET /resorts?resort=taos&date=2014-06-11 HTTP/1.1" 404 476 "-" "Mozilla/5.0 (compatible; DotBot/1.1; http://www.opensiteexplorer.org/dotbot, help@moz.com)"
208.115.113.83 - - [18/May/2015:16:08:59 -0700] "GET /resorts?resort=snowyrange&date=2014-10-19 HTTP/1.1" 404 476 "-" "Mozilla/5.0 (compatible; DotBot/1.1; http://www.opensiteexplorer.org/dotbot, help@moz.com)"
208.115.113.83 - - [18/May/2015:16:08:59 -0700] "GET /resorts?resort=snowmass&date=2014-07-04 HTTP/1.1" 404 476 "-" "Mozilla/5.0 (compatible; DotBot/1.1; http://www.opensiteexplorer.org/dotbot, help@moz.com)"
208.115.113.83 - - [18/May/2015:16:09:00 -0700] "GET /resorts?resort=snowbasin&date=2014-10-18 HTTP/1.1" 404 476 "-" "Mozilla/5.0 (compatible; DotBot/1.1; http://www.opensiteexplorer.org/dotbot, help@moz.com)"
208.115.113.83 - - [18/May/2015:16:09:01 -0700] "GET /resorts?resort=smugglersnotch&date=2014-09-29 HTTP/1.1" 404 476 "-" "Mozilla/5.0 (compatible; DotBot/1.1; http://www.opensiteexplorer.org/dotbot, help@moz.com)"
208.115.113.83 - - [18/May/2015:16:09:01 -0700] "GET /resorts?resort=skisantafe&date=2014-07-03 HTTP/1.1" 404 476 "-" "Mozilla/5.0 (compatible; DotBot/1.1; http://www.opensiteexplorer.org/dotbot, help@moz.com)"
170.75.162.130 - - [18/May/2015:16:09:58 -0700] "GET /lib/reccapi.php?resort=sugarloaf HTTP/1.1" 200 948 "-" "node-superagent/0.18.2"
208.115.111.66 - - [18/May/2015:16:11:02 -0700] "GET /robots.txt HTTP/1.1" 200 319 "-" "Mozilla/5.0 (compatible; DotBot/1.1; http://www.opensiteexplorer.org/dotbot, help@moz.com)"
66.249.64.129 - - [18/May/2015:16:15:12 -0700] "GET /resorts?resort=snowbird&date=2014-01-29 HTTP/1.1" 404 506 "-" "Mozilla/5.0 (iPhone; CPU iPhone OS 6_0 like Mac OS X) AppleWebKit/536.26 (KHTML, like Gecko) Version/6.0 Mobile/10A5376e Safari/8536.25 (compatible; Googlebot/2.1; +http://www.google.com/bot.html)"
170.75.162.130 - - [18/May/2015:16:19:49 -0700] "GET /lib/reccapi.php?resort=heavenly HTTP/1.1" 200 1086 "-" "node-superagent/0.18.2"
170.75.162.130 - - [18/May/2015:16:19:49 -0700] "GET /lib/reccapi.php?resort=kirkwood HTTP/1.1" 200 1113 "-" "node-superagent/0.18.2"
170.75.162.130 - - [18/May/2015:16:19:49 -0700] "GET /lib/reccapi.php?resort=northstar-at-tahoe HTTP/1.1" 200 1076 "-" "node-superagent/0.18.2"
66.249.64.135 - - [18/May/2015:16:23:05 -0700] "GET /resorts?resort=showdown&date=2014-01-31 HTTP/1.1" 404 506 "-" "Mozilla/5.0 (iPhone; CPU iPhone OS 6_0 like Mac OS X) AppleWebKit/536.26 (KHTML, like Gecko) Version/6.0 Mobile/10A5376e Safari/8536.25 (compatible; Googlebot/2.1; +http://www.google.com/bot.html)"
109.66.101.219 - - [18/May/2015:16:25:31 -0700] "GET /images/viz-screenshot.png HTTP/1.1" 404 517 "http://ericfahsl.com/blog/35-creating-an-animated-javascript-heat-map-with-polymap" "Mozilla/5.0 (Linux; Android 5.1; Nexus 5 Build/LMY47I) AppleWebKit/537.36 (KHTML, like Gecko) Chrome/42.0.2311.111 Mobile Safari/537.36"
109.66.101.219 - - [18/May/2015:16:25:31 -0700] "GET /images/viz-screenshot.png HTTP/1.1" 404 516 "http://ericfahsl.com/blog/35-creating-an-animated-javascript-heat-map-with-polymap" "Mozilla/5.0 (Linux; Android 5.1; Nexus 5 Build/LMY47I) AppleWebKit/537.36 (KHTML, like Gecko) Chrome/42.0.2311.111 Mobile Safari/537.36"
66.249.64.129 - - [18/May/2015:16:31:00 -0700] "GET /resorts?resort=mountspokane&date=2014-02-11 HTTP/1.1" 404 506 "-" "Mozilla/5.0 (iPhone; CPU iPhone OS 6_0 like Mac OS X) AppleWebKit/536.26 (KHTML, like Gecko) Version/6.0 Mobile/10A5376e Safari/8536.25 (compatible; Googlebot/2.1; +http://www.google.com/bot.html)"
96.38.156.119 - - [18/May/2015:16:38:32 -0700] "GET /images/wsis-logo-sm.png HTTP/1.1" 200 6108 "http://www.thebackcountry.net/" "Mozilla/5.0 (Macintosh; Intel Mac OS X 10.10; rv:38.0) Gecko/20100101 Firefox/38.0"
66.249.64.135 - - [18/May/2015:16:38:55 -0700] "GET /resorts?resort=49degreesnorth&date=2014-02-03 HTTP/1.1" 404 506 "-" "Mozilla/5.0 (iPhone; CPU iPhone OS 6_0 like Mac OS X) AppleWebKit/536.26 (KHTML, like Gecko) Version/6.0 Mobile/10A5376e Safari/8536.25 (compatible; Googlebot/2.1; +http://www.google.com/bot.html)"
66.249.64.135 - - [18/May/2015:16:46:31 -0700] "GET /resorts?resort=coronetpeak&date=2014-09-01 HTTP/1.1" 404 506 "-" "Mozilla/5.0 (compatible; Googlebot/2.1; +http://www.google.com/bot.html)"
66.249.64.135 - - [18/May/2015:16:46:54 -0700] "GET /resorts?resort=hyland&date=2014-02-17 HTTP/1.1" 404 506 "-" "Mozilla/5.0 (iPhone; CPU iPhone OS 6_0 like Mac OS X) AppleWebKit/536.26 (KHTML, like Gecko) Version/6.0 Mobile/10A5376e Safari/8536.25 (compatible; Googlebot/2.1; +http://www.google.com/bot.html)"
123.125.71.56 - - [18/May/2015:16:51:00 -0700] "GET / HTTP/1.1" 200 2339 "-" "Mozilla/5.0 (Windows NT 5.1; rv:6.0.2) Gecko/20100101 Firefox/6.0.2"
123.125.71.48 - - [18/May/2015:16:51:51 -0700] "-" 408 0 "-" "-"
66.249.64.135 - - [18/May/2015:16:54:47 -0700] "GET /resorts?resort=winterpark&date=2014-02-02 HTTP/1.1" 404 506 "-" "Mozilla/5.0 (iPhone; CPU iPhone OS 6_0 like Mac OS X) AppleWebKit/536.26 (KHTML, like Gecko) Version/6.0 Mobile/10A5376e Safari/8536.25 (compatible; Googlebot/2.1; +http://www.google.com/bot.html)"
220.181.108.159 - - [18/May/2015:16:54:56 -0700] "-" 408 0 "-" "-"
66.249.64.135 - - [18/May/2015:17:02:40 -0700] "GET /resorts?resort=tetonpass&date=2014-01-05 HTTP/1.1" 404 506 "-" "Mozilla/5.0 (iPhone; CPU iPhone OS 6_0 like Mac OS X) AppleWebKit/536.26 (KHTML, like Gecko) Version/6.0 Mobile/10A5376e Safari/8536.25 (compatible; Googlebot/2.1; +http://www.google.com/bot.html)"
66.249.64.129 - - [18/May/2015:17:10:35 -0700] "GET /resorts?resort=silvermountain&date=2014-01-02 HTTP/1.1" 404 506 "-" "Mozilla/5.0 (iPhone; CPU iPhone OS 6_0 like Mac OS X) AppleWebKit/536.26 (KHTML, like Gecko) Version/6.0 Mobile/10A5376e Safari/8536.25 (compatible; Googlebot/2.1; +http://www.google.com/bot.html)"
67.180.158.42 - - [18/May/2015:17:12:31 -0700] "GET /images/wsis-logo-sm.png HTTP/1.1" 200 6108 "http://www.thebackcountry.net/" "Mozilla/5.0 (iPhone; CPU iPhone OS 8_0 like Mac OS X) AppleWebKit/600.1.4 (KHTML, like Gecko) Version/8.0 Mobile/12A365 Safari/600.1.4"
220.181.108.110 - - [18/May/2015:17:13:03 -0700] "GET /images/logo-sm.png HTTP/1.1" 200 16701 "-" "Baiduspider-image+(+http://www.baidu.com/search/spider.htm)"
157.55.39.138 - - [18/May/2015:17:13:40 -0700] "GET / HTTP/1.1" 200 2376 "-" "Mozilla/5.0 (compatible; bingbot/2.0; +http://www.bing.com/bingbot.htm)"
182.118.53.230 - - [18/May/2015:17:15:08 -0700] "GET / HTTP/1.1" 200 2320 "-" "Mozilla/5.0 (Macintosh; Intel Mac OS X 10_10_1) AppleWebKit/537.36 (KHTML, like Gecko) Chrome/41.0.2251.0 Safari/537.36"
66.249.64.135 - - [18/May/2015:17:18:32 -0700] "GET /resorts?resort=wildcatmountain&date=2014-03-02 HTTP/1.1" 404 506 "-" "Mozilla/5.0 (iPhone; CPU iPhone OS 6_0 like Mac OS X) AppleWebKit/536.26 (KHTML, like Gecko) Version/6.0 Mobile/10A5376e Safari/8536.25 (compatible; Googlebot/2.1; +http://www.google.com/bot.html)"
70.214.43.36 - - [18/May/2015:17:18:41 -0700] "GET /images/wsis-logo-sm.png HTTP/1.1" 200 6108 "http://www.thebackcountry.net/" "Mozilla/5.0 (Linux; Android 5.0; SM-G900V Build/LRX21T) AppleWebKit/537.36 (KHTML, like Gecko) Chrome/42.0.2311.111 Mobile Safari/537.36"
66.249.64.254 - - [18/May/2015:17:21:56 -0700] "GET /resorts?resort=mt.baldy&date=2014-05-14 HTTP/1.1" 404 506 "-" "Mozilla/5.0 (iPhone; CPU iPhone OS 6_0 like Mac OS X) AppleWebKit/536.26 (KHTML, like Gecko) Version/6.0 Mobile/10A5376e Safari/8536.25 (compatible; Googlebot/2.1; +http://www.google.com/bot.html)"
208.115.111.66 - - [18/May/2015:17:23:36 -0700] "GET /resorts?resort=jaypeak&date=2014-06-29 HTTP/1.1" 404 476 "-" "Mozilla/5.0 (compatible; DotBot/1.1; http://www.opensiteexplorer.org/dotbot, help@moz.com)"
208.115.111.66 - - [18/May/2015:17:23:40 -0700] "GET /resorts?resort=redmountain&date=2014-09-27 HTTP/1.1" 404 476 "-" "Mozilla/5.0 (compatible; DotBot/1.1; http://www.opensiteexplorer.org/dotbot, help@moz.com)"
208.115.111.66 - - [18/May/2015:17:23:41 -0700] "GET /resorts?resort=stowe&date=2014-07-03 HTTP/1.1" 404 476 "-" "Mozilla/5.0 (compatible; DotBot/1.1; http://www.opensiteexplorer.org/dotbot, help@moz.com)"
208.115.111.66 - - [18/May/2015:17:23:42 -0700] "GET /resorts?resort=bearvalleymountain&date=2014-06-28 HTTP/1.1" 404 476 "-" "Mozilla/5.0 (compatible; DotBot/1.1; http://www.opensiteexplorer.org/dotbot, help@moz.com)"
208.115.111.66 - - [18/May/2015:17:23:43 -0700] "GET /resorts?resort=wildcatmountain&date=2014-06-18 HTTP/1.1" 404 476 "-" "Mozilla/5.0 (compatible; DotBot/1.1; http://www.opensiteexplorer.org/dotbot, help@moz.com)"
208.115.111.66 - - [18/May/2015:17:23:44 -0700] "GET /resorts?resort=diamondpeak&date=2014-06-08 HTTP/1.1" 404 476 "-" "Mozilla/5.0 (compatible; DotBot/1.1; http://www.opensiteexplorer.org/dotbot, help@moz.com)"
208.115.111.66 - - [18/May/2015:17:23:46 -0700] "GET /resorts?resort=sierra-at-tahoe&date=2014-10-12 HTTP/1.1" 404 476 "-" "Mozilla/5.0 (compatible; DotBot/1.1; http://www.opensiteexplorer.org/dotbot, help@moz.com)"
208.115.111.66 - - [18/May/2015:17:23:47 -0700] "GET /resorts?resort=whitefacemountain&date=2014-10-02 HTTP/1.1" 404 476 "-" "Mozilla/5.0 (compatible; DotBot/1.1; http://www.opensiteexplorer.org/dotbot, help@moz.com)"
208.115.111.66 - - [18/May/2015:17:23:48 -0700] "GET /resorts?resort=steamboat&date=2014-10-04 HTTP/1.1" 404 476 "-" "Mozilla/5.0 (compatible; DotBot/1.1; http://www.opensiteexplorer.org/dotbot, help@moz.com)"
66.249.64.129 - - [18/May/2015:17:26:30 -0700] "GET /resorts?resort=alta&date=2014-01-30 HTTP/1.1" 404 506 "-" "Mozilla/5.0 (iPhone; CPU iPhone OS 6_0 like Mac OS X) AppleWebKit/536.26 (KHTML, like Gecko) Version/6.0 Mobile/10A5376e Safari/8536.25 (compatible; Googlebot/2.1; +http://www.google.com/bot.html)"
66.249.64.129 - - [18/May/2015:17:34:21 -0700] "GET /resorts?resort=redriver&date=2014-02-02 HTTP/1.1" 404 506 "-" "Mozilla/5.0 (iPhone; CPU iPhone OS 6_0 like Mac OS X) AppleWebKit/536.26 (KHTML, like Gecko) Version/6.0 Mobile/10A5376e Safari/8536.25 (compatible; Googlebot/2.1; +http://www.google.com/bot.html)"
180.76.5.188 - - [18/May/2015:17:36:26 -0700] "GET /resorts?resort=discoverybasin&date=2014-04-27 HTTP/1.1" 404 472 "-" "Mozilla/5.0 (compatible; Baiduspider/2.0; +http://www.baidu.com/search/spider.html)"
66.249.64.254 - - [18/May/2015:17:42:15 -0700] "GET /resorts?resort=belleayre&date=2014-02-05 HTTP/1.1" 404 506 "-" "Mozilla/5.0 (iPhone; CPU iPhone OS 6_0 like Mac OS X) AppleWebKit/536.26 (KHTML, like Gecko) Version/6.0 Mobile/10A5376e Safari/8536.25 (compatible; Googlebot/2.1; +http://www.google.com/bot.html)"
66.249.64.135 - - [18/May/2015:17:50:10 -0700] "GET /resorts?resort=pebblecreek&date=2012-12-22 HTTP/1.1" 404 506 "-" "Mozilla/5.0 (iPhone; CPU iPhone OS 6_0 like Mac OS X) AppleWebKit/536.26 (KHTML, like Gecko) Version/6.0 Mobile/10A5376e Safari/8536.25 (compatible; Googlebot/2.1; +http://www.google.com/bot.html)"
180.76.4.217 - - [18/May/2015:17:52:21 -0700] "GET / HTTP/1.1" 200 6114 "-" "Mozilla/4.0 (compatible; MSIE 7.0; Windows NT 6.0)"
123.125.71.73 - - [18/May/2015:17:52:23 -0700] "-" 408 0 "-" "-"
208.115.111.66 - - [18/May/2015:17:54:34 -0700] "GET /resorts?resort=snowsummitmountain HTTP/1.1" 404 476 "-" "Mozilla/5.0 (compatible; DotBot/1.1; http://www.opensiteexplorer.org/dotbot, help@moz.com)"
208.115.111.66 - - [18/May/2015:17:54:35 -0700] "GET /resorts?resort=sipapu&date=2014-10-20 HTTP/1.1" 404 476 "-" "Mozilla/5.0 (compatible; DotBot/1.1; http://www.opensiteexplorer.org/dotbot, help@moz.com)"
208.115.111.66 - - [18/May/2015:17:54:35 -0700] "GET /resorts?resort=redlodge&date=2014-06-17 HTTP/1.1" 404 476 "-" "Mozilla/5.0 (compatible; DotBot/1.1; http://www.opensiteexplorer.org/dotbot, help@moz.com)"
208.115.111.66 - - [18/May/2015:17:54:36 -0700] "GET /resorts?resort=parkcity&date=2014-11-04 HTTP/1.1" 404 476 "-" "Mozilla/5.0 (compatible; DotBot/1.1; http://www.opensiteexplorer.org/dotbot, help@moz.com)"
208.115.111.66 - - [18/May/2015:17:54:37 -0700] "GET /resorts?resort=mounthoodmeadows&date=2014-06-14 HTTP/1.1" 404 476 "-" "Mozilla/5.0 (compatible; DotBot/1.1; http://www.opensiteexplorer.org/dotbot, help@moz.com)"
208.115.111.66 - - [18/May/2015:17:54:38 -0700] "GET /resorts?resort=mountbohemia&date=2014-10-23 HTTP/1.1" 404 476 "-" "Mozilla/5.0 (compatible; DotBot/1.1; http://www.opensiteexplorer.org/dotbot, help@moz.com)"
208.115.111.66 - - [18/May/2015:17:54:38 -0700] "GET /resorts?resort=maverickmountain&date=2014-06-30 HTTP/1.1" 404 476 "-" "Mozilla/5.0 (compatible; DotBot/1.1; http://www.opensiteexplorer.org/dotbot, help@moz.com)"
208.115.111.66 - - [18/May/2015:17:54:39 -0700] "GET /resorts?resort=kellycanyon&date=2014-06-29 HTTP/1.1" 404 476 "-" "Mozilla/5.0 (compatible; DotBot/1.1; http://www.opensiteexplorer.org/dotbot, help@moz.com)"
208.115.111.66 - - [18/May/2015:17:54:40 -0700] "GET /resorts?resort=hurricaneridge&date=2014-10-21 HTTP/1.1" 404 476 "-" "Mozilla/5.0 (compatible; DotBot/1.1; http://www.opensiteexplorer.org/dotbot, help@moz.com)"
208.115.111.66 - - [18/May/2015:17:54:40 -0700] "GET /resorts?resort=holimont HTTP/1.1" 404 476 "-" "Mozilla/5.0 (compatible; DotBot/1.1; http://www.opensiteexplorer.org/dotbot, help@moz.com)"
208.115.111.66 - - [18/May/2015:17:54:41 -0700] "GET /resorts?resort=heavenly&date=2014-10-20 HTTP/1.1" 404 476 "-" "Mozilla/5.0 (compatible; DotBot/1.1; http://www.opensiteexplorer.org/dotbot, help@moz.com)"
208.115.111.66 - - [18/May/2015:17:54:42 -0700] "GET /resorts?resort=buttermilk&date=2014-10-07 HTTP/1.1" 404 476 "-" "Mozilla/5.0 (compatible; DotBot/1.1; http://www.opensiteexplorer.org/dotbot, help@moz.com)"
208.115.111.66 - - [18/May/2015:17:54:43 -0700] "GET /resorts?resort=blacktailmountain&date=2014-10-28 HTTP/1.1" 404 476 "-" "Mozilla/5.0 (compatible; DotBot/1.1; http://www.opensiteexplorer.org/dotbot, help@moz.com)"
208.115.111.66 - - [18/May/2015:17:54:43 -0700] "GET /resorts?resort=willamettepass&date=2014-10-02 HTTP/1.1" 404 476 "-" "Mozilla/5.0 (compatible; DotBot/1.1; http://www.opensiteexplorer.org/dotbot, help@moz.com)"
208.115.111.66 - - [18/May/2015:17:54:44 -0700] "GET /resorts?resort=timberline&date=2014-10-28 HTTP/1.1" 404 476 "-" "Mozilla/5.0 (compatible; DotBot/1.1; http://www.opensiteexplorer.org/dotbot, help@moz.com)"
208.115.111.66 - - [18/May/2015:17:54:45 -0700] "GET /resorts?resort=soldiermountain&date=2014-06-28 HTTP/1.1" 404 476 "-" "Mozilla/5.0 (compatible; DotBot/1.1; http://www.opensiteexplorer.org/dotbot, help@moz.com)"
208.115.111.66 - - [18/May/2015:17:54:45 -0700] "GET /resorts?resort=aspenheights&date=2014-11-15 HTTP/1.1" 404 476 "-" "Mozilla/5.0 (compatible; DotBot/1.1; http://www.opensiteexplorer.org/dotbot, help@moz.com)"
208.115.111.66 - - [18/May/2015:17:54:46 -0700] "GET /resorts?resort=49degreesnorth&date=2014-10-03 HTTP/1.1" 404 476 "-" "Mozilla/5.0 (compatible; DotBot/1.1; http://www.opensiteexplorer.org/dotbot, help@moz.com)"
220.181.108.89 - - [18/May/2015:17:57:31 -0700] "-" 408 0 "-" "-"
66.249.64.254 - - [18/May/2015:17:58:11 -0700] "GET /resorts?resort=purgatory&date=2013-02-18 HTTP/1.1" 404 506 "-" "Mozilla/5.0 (iPhone; CPU iPhone OS 6_0 like Mac OS X) AppleWebKit/536.26 (KHTML, like Gecko) Version/6.0 Mobile/10A5376e Safari/8536.25 (compatible; Googlebot/2.1; +http://www.google.com/bot.html)"
170.75.162.130 - - [18/May/2015:18:05:48 -0700] "GET /lib/reccapi.php?resort=alta HTTP/1.1" 200 1076 "-" "node-superagent/0.18.2"
170.75.162.130 - - [18/May/2015:18:05:48 -0700] "GET /lib/reccapi.php?resort=coppermountain HTTP/1.1" 200 1066 "-" "node-superagent/0.18.2"
66.249.64.254 - - [18/May/2015:18:06:05 -0700] "GET /resorts?resort=powderridge&date=2013-12-17 HTTP/1.1" 404 506 "-" "Mozilla/5.0 (iPhone; CPU iPhone OS 6_0 like Mac OS X) AppleWebKit/536.26 (KHTML, like Gecko) Version/6.0 Mobile/10A5376e Safari/8536.25 (compatible; Googlebot/2.1; +http://www.google.com/bot.html)"
66.249.64.170 - - [18/May/2015:18:09:20 -0700] "GET /resorts?resort=lookoutpass&date=2012-12-22 HTTP/1.1" 404 509 "-" "Mozilla/5.0 (compatible; Googlebot/2.1; +http://www.google.com/bot.html)"
71.140.31.214 - - [18/May/2015:18:11:06 -0700] "GET /images/wsis-logo-sm.png HTTP/1.1" 200 6108 "http://thebackcountry.net/" "Mozilla/4.0 (compatible; MSIE 8.0; Windows NT 5.1; Trident/4.0; .NET CLR 2.0.50727; .NET CLR 3.0.4506.2152; .NET CLR 3.5.30729; 786908940603; Build/14.08001)"
66.249.64.254 - - [18/May/2015:18:13:55 -0700] "GET /resorts?resort=redmountain&date=2014-02-03 HTTP/1.1" 404 506 "-" "Mozilla/5.0 (iPhone; CPU iPhone OS 6_0 like Mac OS X) AppleWebKit/536.26 (KHTML, like Gecko) Version/6.0 Mobile/10A5376e Safari/8536.25 (compatible; Googlebot/2.1; +http://www.google.com/bot.html)"
208.115.113.83 - - [18/May/2015:18:14:26 -0700] "GET /robots.txt HTTP/1.1" 200 319 "-" "Mozilla/5.0 (compatible; DotBot/1.1; http://www.opensiteexplorer.org/dotbot, help@moz.com)"
71.140.31.214 - - [18/May/2015:18:16:24 -0700] "GET /images/wsis-logo-sm.png HTTP/1.1" 200 6108 "http://thebackcountry.net/" "Mozilla/4.0 (compatible; MSIE 8.0; Windows NT 5.1; Trident/4.0; .NET CLR 2.0.50727; .NET CLR 3.0.4506.2152; .NET CLR 3.5.30729; 786908940603; Build/14.08001)"
170.75.162.130 - - [18/May/2015:18:18:49 -0700] "GET /lib/reccapi.php?resort=sundayriver HTTP/1.1" 200 949 "-" "node-superagent/0.18.2"
66.249.64.254 - - [18/May/2015:18:21:50 -0700] "GET /resorts?resort=angelfire&date=2014-02-02 HTTP/1.1" 404 506 "-" "Mozilla/5.0 (iPhone; CPU iPhone OS 6_0 like Mac OS X) AppleWebKit/536.26 (KHTML, like Gecko) Version/6.0 Mobile/10A5376e Safari/8536.25 (compatible; Googlebot/2.1; +http://www.google.com/bot.html)"
67.169.125.38 - - [18/May/2015:18:22:42 -0700] "GET /images/wsis-logo-sm.png HTTP/1.1" 200 6108 "http://www.thebackcountry.net/" "Mozilla/5.0 (Macintosh; Intel Mac OS X 10.6; rv:38.0) Gecko/20100101 Firefox/38.0"
206.107.211.5 - - [18/May/2015:18:23:25 -0700] "GET /images/wsis-logo-sm.png HTTP/1.1" 200 6052 "http://www.thebackcountry.net/" "Mozilla/5.0 (compatible; MSIE 10.0; Windows NT 6.1; WOW64; Trident/6.0)"
66.249.64.254 - - [18/May/2015:18:29:48 -0700] "GET /resorts?resort=heavenly&date=2014-02-24 HTTP/1.1" 404 506 "-" "Mozilla/5.0 (iPhone; CPU iPhone OS 6_0 like Mac OS X) AppleWebKit/536.26 (KHTML, like Gecko) Version/6.0 Mobile/10A5376e Safari/8536.25 (compatible; Googlebot/2.1; +http://www.google.com/bot.html)"
71.9.232.107 - - [18/May/2015:18:37:17 -0700] "GET /images/wsis-logo-sm.png HTTP/1.1" 200 6108 "http://www.thebackcountry.net/" "Mozilla/5.0 (Macintosh; Intel Mac OS X 10_10_1) AppleWebKit/600.1.25 (KHTML, like Gecko) Version/8.0 Safari/600.1.25"
66.249.64.135 - - [18/May/2015:18:37:47 -0700] "GET /resorts?resort=tetonpass&date=2013-12-19 HTTP/1.1" 404 506 "-" "Mozilla/5.0 (iPhone; CPU iPhone OS 6_0 like Mac OS X) AppleWebKit/536.26 (KHTML, like Gecko) Version/6.0 Mobile/10A5376e Safari/8536.25 (compatible; Googlebot/2.1; +http://www.google.com/bot.html)"
170.75.162.130 - - [18/May/2015:18:42:21 -0700] "GET /lib/reccapi.php?resort=deervalley HTTP/1.1" 200 1120 "-" "node-superagent/0.18.2"
123.125.71.92 - - [18/May/2015:18:44:53 -0700] "-" 408 0 "-" "-"
66.249.64.254 - - [18/May/2015:18:45:40 -0700] "GET /resorts?resort=loveland&date=2014-02-18 HTTP/1.1" 404 506 "-" "Mozilla/5.0 (iPhone; CPU iPhone OS 6_0 like Mac OS X) AppleWebKit/536.26 (KHTML, like Gecko) Version/6.0 Mobile/10A5376e Safari/8536.25 (compatible; Googlebot/2.1; +http://www.google.com/bot.html)"
24.2.51.119 - - [18/May/2015:18:46:45 -0700] "GET /images/wsis-logo-sm.png HTTP/1.1" 200 6108 "http://www.thebackcountry.net/" "Mozilla/5.0 (Linux; U; Android 4.0.3; en-us; KFTT Build/IML74K) AppleWebKit/537.36 (KHTML, like Gecko) Silk/3.66 like Chrome/39.0.2171.93 Safari/537.36"
24.2.51.119 - - [18/May/2015:18:47:06 -0700] "-" 408 0 "-" "-"
220.181.108.116 - - [18/May/2015:18:49:26 -0700] "-" 408 0 "-" "-"
179.184.34.47 - - [18/May/2015:18:49:43 -0700] "GET / HTTP/1.1" 200 6151 "http://whereshouldiski.com" "Mozilla/5.0 (Windows NT 6.1; WOW64; rv:7.0.1) Gecko/20100101 Firefox/7.0.1"
179.184.34.47 - - [18/May/2015:18:49:43 -0700] "GET /wp-login.php HTTP/1.1" 404 476 "whereshouldiski.com" "Mozilla/5.0 (Windows NT 6.1; WOW64; rv:7.0.1) Gecko/20100101 Firefox/7.0.1"
66.249.64.129 - - [18/May/2015:18:53:31 -0700] "GET /resorts?resort=portillo&date=2014-07-16 HTTP/1.1" 404 506 "-" "Mozilla/5.0 (iPhone; CPU iPhone OS 6_0 like Mac OS X) AppleWebKit/536.26 (KHTML, like Gecko) Version/6.0 Mobile/10A5376e Safari/8536.25 (compatible; Googlebot/2.1; +http://www.google.com/bot.html)"
170.75.162.130 - - [18/May/2015:19:00:32 -0700] "GET /lib/reccapi.php?resort=devilshead HTTP/1.1" 200 955 "-" "node-superagent/0.18.2"
66.249.64.129 - - [18/May/2015:19:01:26 -0700] "GET /resorts?resort=gore&date=2014-02-22 HTTP/1.1" 404 506 "-" "Mozilla/5.0 (iPhone; CPU iPhone OS 6_0 like Mac OS X) AppleWebKit/536.26 (KHTML, like Gecko) Version/6.0 Mobile/10A5376e Safari/8536.25 (compatible; Googlebot/2.1; +http://www.google.com/bot.html)"
66.249.64.129 - - [18/May/2015:19:09:21 -0700] "GET /resorts?resort=sugarbush&date=2014-01-07 HTTP/1.1" 404 506 "-" "Mozilla/5.0 (iPhone; CPU iPhone OS 6_0 like Mac OS X) AppleWebKit/536.26 (KHTML, like Gecko) Version/6.0 Mobile/10A5376e Safari/8536.25 (compatible; Googlebot/2.1; +http://www.google.com/bot.html)"
12.27.71.34 - - [18/May/2015:19:11:35 -0700] "GET /images/wsis-logo-sm.png HTTP/1.1" 200 6108 "http://www.thebackcountry.net/" "Mozilla/5.0 (Macintosh; Intel Mac OS X 10_9_3) AppleWebKit/537.75.14 (KHTML, like Gecko) Version/7.0.3 Safari/537.75.14"
146.185.239.100 - - [18/May/2015:19:14:52 -0700] "GET http://24x7-allrequestsallowed.com/?PHPSESSID=a45ad01b00143TVMVRS_EAFFP%40 HTTP/1.1" 200 6095 "-" "-"
70.214.39.18 - - [18/May/2015:19:15:43 -0700] "GET /images/wsis-logo-sm.png HTTP/1.1" 200 6108 "http://www.thebackcountry.net/" "Mozilla/5.0 (Linux; Android 4.4.2; en-us; SAMSUNG SCH-I545 Build/KOT49H) AppleWebKit/537.36 (KHTML, like Gecko) Version/1.5 Chrome/28.0.1500.94 Mobile Safari/537.36"
66.249.64.135 - - [18/May/2015:19:17:24 -0700] "GET /resorts?resort=coppermountain&date=2014-02-02 HTTP/1.1" 404 506 "-" "Mozilla/5.0 (iPhone; CPU iPhone OS 6_0 like Mac OS X) AppleWebKit/536.26 (KHTML, like Gecko) Version/6.0 Mobile/10A5376e Safari/8536.25 (compatible; Googlebot/2.1; +http://www.google.com/bot.html)"
208.115.113.83 - - [18/May/2015:19:23:27 -0700] "GET /resorts?resort=squawvalleyusa&date=2014-10-26 HTTP/1.1" 404 476 "-" "Mozilla/5.0 (compatible; DotBot/1.1; http://www.opensiteexplorer.org/dotbot, help@moz.com)"
208.115.113.83 - - [18/May/2015:19:23:34 -0700] "GET /resorts?resort=redlodge&date=2014-10-14 HTTP/1.1" 404 476 "-" "Mozilla/5.0 (compatible; DotBot/1.1; http://www.opensiteexplorer.org/dotbot, help@moz.com)"
208.115.113.83 - - [18/May/2015:19:23:38 -0700] "GET /resorts?resort=stowe&date=2014-06-25 HTTP/1.1" 404 476 "-" "Mozilla/5.0 (compatible; DotBot/1.1; http://www.opensiteexplorer.org/dotbot, help@moz.com)"
208.115.113.83 - - [18/May/2015:19:23:39 -0700] "GET /resorts?resort=solitude&date=2014-11-04 HTTP/1.1" 404 476 "-" "Mozilla/5.0 (compatible; DotBot/1.1; http://www.opensiteexplorer.org/dotbot, help@moz.com)"
