75.82.158.62 - - [26/Jul/2015:09:01:23 -0700] "GET /im/api.php?bib=2640&r=0.07426870381459594&raceId=2147483675&raceName=texas&startTime=07:00:00 HTTP/1.1" 200 1644 "http://ericfahsl.com/im/" "Mozilla/5.0 (Macintosh; Intel Mac OS X 10_10_4) AppleWebKit/600.7.12 (KHTML, like Gecko) Version/8.0.7 Safari/600.7.12"
75.82.158.62 - - [26/Jul/2015:09:01:23 -0700] "GET /im/api.php?bib=885&r=0.19458854640834033&raceId=2147483675&raceName=texas&startTime=07:00:00 HTTP/1.1" 200 1633 "http://ericfahsl.com/im/" "Mozilla/5.0 (Macintosh; Intel Mac OS X 10_10_4) AppleWebKit/600.7.12 (KHTML, like Gecko) Version/8.0.7 Safari/600.7.12"
75.82.158.62 - - [26/Jul/2015:09:01:23 -0700] "GET /im/api.php?bib=1922&r=0.8881324389949441&raceId=2147483675&raceName=texas&startTime=07:00:00 HTTP/1.1" 200 1660 "http://ericfahsl.com/im/" "Mozilla/5.0 (Macintosh; Intel Mac OS X 10_10_4) AppleWebKit/600.7.12 (KHTML, like Gecko) Version/8.0.7 Safari/600.7.12"
75.82.158.62 - - [26/Jul/2015:09:01:23 -0700] "GET /im/api.php?bib=457&r=0.996556333033368&raceId=2147483675&raceName=texas&startTime=07:00:00 HTTP/1.1" 200 1620 "http://ericfahsl.com/im/" "Mozilla/5.0 (Macintosh; Intel Mac OS X 10_10_4) AppleWebKit/600.7.12 (KHTML, like Gecko) Version/8.0.7 Safari/600.7.12"
75.82.158.62 - - [26/Jul/2015:09:01:25 -0700] "GET /im/api.php?bib=1780&r=0.8992519516032189&raceId=2147483690&raceName=cda&startTime=05:45:00 HTTP/1.1" 200 1756 "http://ericfahsl.com/im/" "Mozilla/5.0 (Macintosh; Intel Mac OS X 10_10_4) AppleWebKit/600.7.12 (KHTML, like Gecko) Version/8.0.7 Safari/600.7.12"
75.82.158.62 - - [26/Jul/2015:09:01:25 -0700] "GET /im/api.php?bib=1690&r=0.6614340227097273&raceId=2147483690&raceName=cda&startTime=05:45:00 HTTP/1.1" 200 1281 "http://ericfahsl.com/im/" "Mozilla/5.0 (Macintosh; Intel Mac OS X 10_10_4) AppleWebKit/600.7.12 (KHTML, like Gecko) Version/8.0.7 Safari/600.7.12"
75.82.158.62 - - [26/Jul/2015:09:01:25 -0700] "GET /im/api.php?bib=773&r=0.7471335616428405&raceId=2147483690&raceName=cda&startTime=05:45:00 HTTP/1.1" 200 1769 "http://ericfahsl.com/im/" "Mozilla/5.0 (Macintosh; Intel Mac OS X 10_10_4) AppleWebKit/600.7.12 (KHTML, like Gecko) Version/8.0.7 Safari/600.7.12"
75.82.158.62 - - [26/Jul/2015:09:01:25 -0700] "GET /im/api.php?bib=2012&r=0.5866231976542622&raceId=2147483690&raceName=cda&startTime=05:45:00 HTTP/1.1" 200 1773 "http://ericfahsl.com/im/" "Mozilla/5.0 (Macintosh; Intel Mac OS X 10_10_4) AppleWebKit/600.7.12 (KHTML, like Gecko) Version/8.0.7 Safari/600.7.12"
75.82.158.62 - - [26/Jul/2015:09:01:25 -0700] "GET /im/api.php?bib=1786&r=0.02931066765449941&raceId=2147483690&raceName=cda&startTime=05:45:00 HTTP/1.1" 200 1773 "http://ericfahsl.com/im/" "Mozilla/5.0 (Macintosh; Intel Mac OS X 10_10_4) AppleWebKit/600.7.12 (KHTML, like Gecko) Version/8.0.7 Safari/600.7.12"
75.82.158.62 - - [26/Jul/2015:09:01:25 -0700] "GET /im/api.php?bib=1358&r=0.20722096366807818&raceId=2147483690&raceName=cda&startTime=05:45:00 HTTP/1.1" 200 1784 "http://ericfahsl.com/im/" "Mozilla/5.0 (Macintosh; Intel Mac OS X 10_10_4) AppleWebKit/600.7.12 (KHTML, like Gecko) Version/8.0.7 Safari/600.7.12"
75.82.158.62 - - [26/Jul/2015:09:01:26 -0700] "GET /im/api.php?bib=1995&r=0.9096296196803451&raceId=2147483690&raceName=cda&startTime=05:45:00 HTTP/1.1" 200 1752 "http://ericfahsl.com/im/" "Mozilla/5.0 (Macintosh; Intel Mac OS X 10_10_4) AppleWebKit/600.7.12 (KHTML, like Gecko) Version/8.0.7 Safari/600.7.12"
75.82.158.62 - - [26/Jul/2015:09:01:26 -0700] "GET /im/api.php?bib=2021&r=0.8729503771755844&raceId=2147483690&raceName=cda&startTime=05:45:00 HTTP/1.1" 200 1786 "http://ericfahsl.com/im/" "Mozilla/5.0 (Macintosh; Intel Mac OS X 10_10_4) AppleWebKit/600.7.12 (KHTML, like Gecko) Version/8.0.7 Safari/600.7.12"
127.0.0.1 - - [26/Jul/2015:09:01:35 -0700] "OPTIONS * HTTP/1.0" 200 126 "-" "Apache/2.2.22 (Ubuntu) (internal dummy connection)"
107.77.92.35 - - [26/Jul/2015:09:01:51 -0700] "GET /im/api.php?bib=990&r=0.6796710889320821&raceId=2147483720&raceName=canada&startTime=7:00:00 HTTP/1.1" 200 781 "http://ericfahsl.com/im/" "Mozilla/5.0 (iPhone; CPU iPhone OS 7_1_2 like Mac OS X) AppleWebKit/537.51.2 (KHTML, like Gecko) Mobile/11D257 [FBAN/FBIOS;FBAV/31.0.0.44.261;FBBV/10598108;FBDV/iPhone5,1;FBMD/iPhone;FBSN/iPhone OS;FBSV/7.1.2;FBSS/2; FBCR/AT&T;FBID/phone;FBLC/en_US;FBOP/5]"
107.77.92.35 - - [26/Jul/2015:09:01:51 -0700] "GET /im/api.php?bib=1426&r=0.9295813455246389&raceId=2147483720&raceName=canada&startTime=7:00:00 HTTP/1.1" 200 785 "http://ericfahsl.com/im/" "Mozilla/5.0 (iPhone; CPU iPhone OS 7_1_2 like Mac OS X) AppleWebKit/537.51.2 (KHTML, like Gecko) Mobile/11D257 [FBAN/FBIOS;FBAV/31.0.0.44.261;FBBV/10598108;FBDV/iPhone5,1;FBMD/iPhone;FBSN/iPhone OS;FBSV/7.1.2;FBSS/2; FBCR/AT&T;FBID/phone;FBLC/en_US;FBOP/5]"
107.77.92.35 - - [26/Jul/2015:09:01:51 -0700] "GET /im/api.php?bib=1247&r=0.5819017980247736&raceId=2147483720&raceName=canada&startTime=7:00:00 HTTP/1.1" 200 758 "http://ericfahsl.com/im/" "Mozilla/5.0 (iPhone; CPU iPhone OS 7_1_2 like Mac OS X) AppleWebKit/537.51.2 (KHTML, like Gecko) Mobile/11D257 [FBAN/FBIOS;FBAV/31.0.0.44.261;FBBV/10598108;FBDV/iPhone5,1;FBMD/iPhone;FBSN/iPhone OS;FBSV/7.1.2;FBSS/2; FBCR/AT&T;FBID/phone;FBLC/en_US;FBOP/5]"
107.77.92.35 - - [26/Jul/2015:09:01:51 -0700] "GET /im/api.php?bib=517&r=0.49177623074501753&raceId=2147483720&raceName=canada&startTime=7:00:00 HTTP/1.1" 200 780 "http://ericfahsl.com/im/" "Mozilla/5.0 (iPhone; CPU iPhone OS 7_1_2 like Mac OS X) AppleWebKit/537.51.2 (KHTML, like Gecko) Mobile/11D257 [FBAN/FBIOS;FBAV/31.0.0.44.261;FBBV/10598108;FBDV/iPhone5,1;FBMD/iPhone;FBSN/iPhone OS;FBSV/7.1.2;FBSS/2; FBCR/AT&T;FBID/phone;FBLC/en_US;FBOP/5]"
107.77.92.35 - - [26/Jul/2015:09:01:51 -0700] "GET /im/api.php?bib=398&r=0.012400847394019365&raceId=2147483720&raceName=canada&startTime=7:00:00 HTTP/1.1" 200 783 "http://ericfahsl.com/im/" "Mozilla/5.0 (iPhone; CPU iPhone OS 7_1_2 like Mac OS X) AppleWebKit/537.51.2 (KHTML, like Gecko) Mobile/11D257 [FBAN/FBIOS;FBAV/31.0.0.44.261;FBBV/10598108;FBDV/iPhone5,1;FBMD/iPhone;FBSN/iPhone OS;FBSV/7.1.2;FBSS/2; FBCR/AT&T;FBID/phone;FBLC/en_US;FBOP/5]"
107.77.92.35 - - [26/Jul/2015:09:01:51 -0700] "GET /im/api.php?bib=356&r=0.7555532029364258&raceId=2147483720&raceName=canada&startTime=7:00:00 HTTP/1.1" 200 789 "http://ericfahsl.com/im/" "Mozilla/5.0 (iPhone; CPU iPhone OS 7_1_2 like Mac OS X) AppleWebKit/537.51.2 (KHTML, like Gecko) Mobile/11D257 [FBAN/FBIOS;FBAV/31.0.0.44.261;FBBV/10598108;FBDV/iPhone5,1;FBMD/iPhone;FBSN/iPhone OS;FBSV/7.1.2;FBSS/2; FBCR/AT&T;FBID/phone;FBLC/en_US;FBOP/5]"
107.77.92.35 - - [26/Jul/2015:09:01:52 -0700] "GET /im/api.php?bib=1036&r=0.9675180078484118&raceId=2147483720&raceName=canada&startTime=7:00:00 HTTP/1.1" 200 780 "http://ericfahsl.com/im/" "Mozilla/5.0 (iPhone; CPU iPhone OS 7_1_2 like Mac OS X) AppleWebKit/537.51.2 (KHTML, like Gecko) Mobile/11D257 [FBAN/FBIOS;FBAV/31.0.0.44.261;FBBV/10598108;FBDV/iPhone5,1;FBMD/iPhone;FBSN/iPhone OS;FBSV/7.1.2;FBSS/2; FBCR/AT&T;FBID/phone;FBLC/en_US;FBOP/5]"
127.0.0.1 - - [26/Jul/2015:09:01:55 -0700] "OPTIONS * HTTP/1.0" 200 126 "-" "Apache/2.2.22 (Ubuntu) (internal dummy connection)"
107.77.92.35 - - [26/Jul/2015:09:01:55 -0700] "GET /im/api.php?bib=398&r=0.5309180163312703&raceId=2147483720&raceName=canada&startTime=7:00:00 HTTP/1.1" 200 782 "http://ericfahsl.com/im/" "Mozilla/5.0 (iPhone; CPU iPhone OS 7_1_2 like Mac OS X) AppleWebKit/537.51.2 (KHTML, like Gecko) Mobile/11D257 [FBAN/FBIOS;FBAV/31.0.0.44.261;FBBV/10598108;FBDV/iPhone5,1;FBMD/iPhone;FBSN/iPhone OS;FBSV/7.1.2;FBSS/2; FBCR/AT&T;FBID/phone;FBLC/en_US;FBOP/5]"
107.77.92.35 - - [26/Jul/2015:09:01:55 -0700] "GET /im/api.php?bib=517&r=0.6908660798799247&raceId=2147483720&raceName=canada&startTime=7:00:00 HTTP/1.1" 200 779 "http://ericfahsl.com/im/" "Mozilla/5.0 (iPhone; CPU iPhone OS 7_1_2 like Mac OS X) AppleWebKit/537.51.2 (KHTML, like Gecko) Mobile/11D257 [FBAN/FBIOS;FBAV/31.0.0.44.261;FBBV/10598108;FBDV/iPhone5,1;FBMD/iPhone;FBSN/iPhone OS;FBSV/7.1.2;FBSS/2; FBCR/AT&T;FBID/phone;FBLC/en_US;FBOP/5]"
107.77.92.35 - - [26/Jul/2015:09:01:55 -0700] "GET /im/api.php?bib=990&r=0.7055408675223589&raceId=2147483720&raceName=canada&startTime=7:00:00 HTTP/1.1" 200 781 "http://ericfahsl.com/im/" "Mozilla/5.0 (iPhone; CPU iPhone OS 7_1_2 like Mac OS X) AppleWebKit/537.51.2 (KHTML, like Gecko) Mobile/11D257 [FBAN/FBIOS;FBAV/31.0.0.44.261;FBBV/10598108;FBDV/iPhone5,1;FBMD/iPhone;FBSN/iPhone OS;FBSV/7.1.2;FBSS/2; FBCR/AT&T;FBID/phone;FBLC/en_US;FBOP/5]"
107.77.92.35 - - [26/Jul/2015:09:01:56 -0700] "GET /im/api.php?bib=1247&r=0.49426005873829126&raceId=2147483720&raceName=canada&startTime=7:00:00 HTTP/1.1" 200 758 "http://ericfahsl.com/im/" "Mozilla/5.0 (iPhone; CPU iPhone OS 7_1_2 like Mac OS X) AppleWebKit/537.51.2 (KHTML, like Gecko) Mobile/11D257 [FBAN/FBIOS;FBAV/31.0.0.44.261;FBBV/10598108;FBDV/iPhone5,1;FBMD/iPhone;FBSN/iPhone OS;FBSV/7.1.2;FBSS/2; FBCR/AT&T;FBID/phone;FBLC/en_US;FBOP/5]"
107.77.92.35 - - [26/Jul/2015:09:01:56 -0700] "GET /im/api.php?bib=1426&r=0.5947857885621488&raceId=2147483720&raceName=canada&startTime=7:00:00 HTTP/1.1" 200 783 "http://ericfahsl.com/im/" "Mozilla/5.0 (iPhone; CPU iPhone OS 7_1_2 like Mac OS X) AppleWebKit/537.51.2 (KHTML, like Gecko) Mobile/11D257 [FBAN/FBIOS;FBAV/31.0.0.44.261;FBBV/10598108;FBDV/iPhone5,1;FBMD/iPhone;FBSN/iPhone OS;FBSV/7.1.2;FBSS/2; FBCR/AT&T;FBID/phone;FBLC/en_US;FBOP/5]"
107.77.92.35 - - [26/Jul/2015:09:01:56 -0700] "GET /im/api.php?bib=356&r=0.48943242081440985&raceId=2147483720&raceName=canada&startTime=7:00:00 HTTP/1.1" 200 788 "http://ericfahsl.com/im/" "Mozilla/5.0 (iPhone; CPU iPhone OS 7_1_2 like Mac OS X) AppleWebKit/537.51.2 (KHTML, like Gecko) Mobile/11D257 [FBAN/FBIOS;FBAV/31.0.0.44.261;FBBV/10598108;FBDV/iPhone5,1;FBMD/iPhone;FBSN/iPhone OS;FBSV/7.1.2;FBSS/2; FBCR/AT&T;FBID/phone;FBLC/en_US;FBOP/5]"
107.77.92.35 - - [26/Jul/2015:09:01:56 -0700] "GET /im/api.php?bib=1036&r=0.6278819004073739&raceId=2147483720&raceName=canada&startTime=7:00:00 HTTP/1.1" 200 780 "http://ericfahsl.com/im/" "Mozilla/5.0 (iPhone; CPU iPhone OS 7_1_2 like Mac OS X) AppleWebKit/537.51.2 (KHTML, like Gecko) Mobile/11D257 [FBAN/FBIOS;FBAV/31.0.0.44.261;FBBV/10598108;FBDV/iPhone5,1;FBMD/iPhone;FBSN/iPhone OS;FBSV/7.1.2;FBSS/2; FBCR/AT&T;FBID/phone;FBLC/en_US;FBOP/5]"
170.75.162.130 - - [26/Jul/2015:09:02:00 -0700] "GET /lib/reccapi.php?resort=cannonmountain HTTP/1.1" 200 673 "-" "node-superagent/0.18.2"
107.77.92.35 - - [26/Jul/2015:09:01:59 -0700] "GET /im/api.php?bib=517&r=0.2425501944962889&raceId=2147483720&raceName=canada&startTime=7:00:00 HTTP/1.1" 200 784 "http://ericfahsl.com/im/" "Mozilla/5.0 (iPhone; CPU iPhone OS 7_1_2 like Mac OS X) AppleWebKit/537.51.2 (KHTML, like Gecko) Mobile/11D257 [FBAN/FBIOS;FBAV/31.0.0.44.261;FBBV/10598108;FBDV/iPhone5,1;FBMD/iPhone;FBSN/iPhone OS;FBSV/7.1.2;FBSS/2; FBCR/AT&T;FBID/phone;FBLC/en_US;FBOP/5]"
107.77.92.35 - - [26/Jul/2015:09:01:59 -0700] "GET /im/api.php?bib=990&r=0.1570503448601812&raceId=2147483720&raceName=canada&startTime=7:00:00 HTTP/1.1" 200 785 "http://ericfahsl.com/im/" "Mozilla/5.0 (iPhone; CPU iPhone OS 7_1_2 like Mac OS X) AppleWebKit/537.51.2 (KHTML, like Gecko) Mobile/11D257 [FBAN/FBIOS;FBAV/31.0.0.44.261;FBBV/10598108;FBDV/iPhone5,1;FBMD/iPhone;FBSN/iPhone OS;FBSV/7.1.2;FBSS/2; FBCR/AT&T;FBID/phone;FBLC/en_US;FBOP/5]"
107.77.92.35 - - [26/Jul/2015:09:01:59 -0700] "GET /im/api.php?bib=398&r=0.3864159204531461&raceId=2147483720&raceName=canada&startTime=7:00:00 HTTP/1.1" 200 783 "http://ericfahsl.com/im/" "Mozilla/5.0 (iPhone; CPU iPhone OS 7_1_2 like Mac OS X) AppleWebKit/537.51.2 (KHTML, like Gecko) Mobile/11D257 [FBAN/FBIOS;FBAV/31.0.0.44.261;FBBV/10598108;FBDV/iPhone5,1;FBMD/iPhone;FBSN/iPhone OS;FBSV/7.1.2;FBSS/2; FBCR/AT&T;FBID/phone;FBLC/en_US;FBOP/5]"
107.77.92.35 - - [26/Jul/2015:09:01:59 -0700] "GET /im/api.php?bib=1426&r=0.01912592863664031&raceId=2147483720&raceName=canada&startTime=7:00:00 HTTP/1.1" 200 784 "http://ericfahsl.com/im/" "Mozilla/5.0 (iPhone; CPU iPhone OS 7_1_2 like Mac OS X) AppleWebKit/537.51.2 (KHTML, like Gecko) Mobile/11D257 [FBAN/FBIOS;FBAV/31.0.0.44.261;FBBV/10598108;FBDV/iPhone5,1;FBMD/iPhone;FBSN/iPhone OS;FBSV/7.1.2;FBSS/2; FBCR/AT&T;FBID/phone;FBLC/en_US;FBOP/5]"
107.77.92.35 - - [26/Jul/2015:09:01:59 -0700] "GET /im/api.php?bib=1247&r=0.611735129263252&raceId=2147483720&raceName=canada&startTime=7:00:00 HTTP/1.1" 200 758 "http://ericfahsl.com/im/" "Mozilla/5.0 (iPhone; CPU iPhone OS 7_1_2 like Mac OS X) AppleWebKit/537.51.2 (KHTML, like Gecko) Mobile/11D257 [FBAN/FBIOS;FBAV/31.0.0.44.261;FBBV/10598108;FBDV/iPhone5,1;FBMD/iPhone;FBSN/iPhone OS;FBSV/7.1.2;FBSS/2; FBCR/AT&T;FBID/phone;FBLC/en_US;FBOP/5]"
107.77.92.35 - - [26/Jul/2015:09:01:59 -0700] "GET /im/api.php?bib=356&r=0.44550783606246114&raceId=2147483720&raceName=canada&startTime=7:00:00 HTTP/1.1" 200 789 "http://ericfahsl.com/im/" "Mozilla/5.0 (iPhone; CPU iPhone OS 7_1_2 like Mac OS X) AppleWebKit/537.51.2 (KHTML, like Gecko) Mobile/11D257 [FBAN/FBIOS;FBAV/31.0.0.44.261;FBBV/10598108;FBDV/iPhone5,1;FBMD/iPhone;FBSN/iPhone OS;FBSV/7.1.2;FBSS/2; FBCR/AT&T;FBID/phone;FBLC/en_US;FBOP/5]"
75.82.158.62 - - [26/Jul/2015:09:01:59 -0700] "GET /im/api.php?bib=885&r=0.935063402634114&raceId=2147483675&raceName=texas&startTime=07:00:00 HTTP/1.1" 200 1633 "http://ericfahsl.com/im/" "Mozilla/5.0 (Macintosh; Intel Mac OS X 10_10_4) AppleWebKit/600.7.12 (KHTML, like Gecko) Version/8.0.7 Safari/600.7.12"
75.82.158.62 - - [26/Jul/2015:09:01:59 -0700] "GET /im/api.php?bib=2640&r=0.5093642033170909&raceId=2147483675&raceName=texas&startTime=07:00:00 HTTP/1.1" 200 1644 "http://ericfahsl.com/im/" "Mozilla/5.0 (Macintosh; Intel Mac OS X 10_10_4) AppleWebKit/600.7.12 (KHTML, like Gecko) Version/8.0.7 Safari/600.7.12"
75.82.158.62 - - [26/Jul/2015:09:01:59 -0700] "GET /im/api.php?bib=1922&r=0.05871284380555153&raceId=2147483675&raceName=texas&startTime=07:00:00 HTTP/1.1" 200 1661 "http://ericfahsl.com/im/" "Mozilla/5.0 (Macintosh; Intel Mac OS X 10_10_4) AppleWebKit/600.7.12 (KHTML, like Gecko) Version/8.0.7 Safari/600.7.12"
75.82.158.62 - - [26/Jul/2015:09:01:59 -0700] "GET /im/api.php?bib=2686&r=0.39599547046236694&raceId=2147483675&raceName=texas&startTime=07:00:00 HTTP/1.1" 200 1652 "http://ericfahsl.com/im/" "Mozilla/5.0 (Macintosh; Intel Mac OS X 10_10_4) AppleWebKit/600.7.12 (KHTML, like Gecko) Version/8.0.7 Safari/600.7.12"
75.82.158.62 - - [26/Jul/2015:09:01:59 -0700] "GET /im/api.php?bib=457&r=0.9631999600678682&raceId=2147483675&raceName=texas&startTime=07:00:00 HTTP/1.1" 200 1619 "http://ericfahsl.com/im/" "Mozilla/5.0 (Macintosh; Intel Mac OS X 10_10_4) AppleWebKit/600.7.12 (KHTML, like Gecko) Version/8.0.7 Safari/600.7.12"
75.82.158.62 - - [26/Jul/2015:09:02:00 -0700] "GET /im/api.php?bib=517&r=0.39406508882530034&raceId=2147483720&raceName=canada&startTime=7:00:00 HTTP/1.1" 200 784 "http://ericfahsl.com/im/" "Mozilla/5.0 (Macintosh; Intel Mac OS X 10_10_4) AppleWebKit/600.7.12 (KHTML, like Gecko) Version/8.0.7 Safari/600.7.12"
170.75.162.130 - - [26/Jul/2015:09:02:01 -0700] "GET /lib/reccapi.php?resort=jaypeak HTTP/1.1" 200 684 "-" "node-superagent/0.18.2"
170.75.162.130 - - [26/Jul/2015:09:02:01 -0700] "GET /lib/reccapi.php?resort=killington HTTP/1.1" 200 667 "-" "node-superagent/0.18.2"
170.75.162.130 - - [26/Jul/2015:09:02:01 -0700] "GET /lib/reccapi.php?resort=madriverglen HTTP/1.1" 200 670 "-" "node-superagent/0.18.2"
170.75.162.130 - - [26/Jul/2015:09:02:01 -0700] "GET /lib/reccapi.php?resort=smugglersnotch HTTP/1.1" 200 674 "-" "node-superagent/0.18.2"
170.75.162.130 - - [26/Jul/2015:09:02:01 -0700] "GET /lib/reccapi.php?resort=stowe HTTP/1.1" 200 651 "-" "node-superagent/0.18.2"
170.75.162.130 - - [26/Jul/2015:09:02:01 -0700] "GET /lib/reccapi.php?resort=sugarbush HTTP/1.1" 200 671 "-" "node-superagent/0.18.2"
170.75.162.130 - - [26/Jul/2015:09:02:01 -0700] "GET /lib/reccapi.php?resort=sugarloaf HTTP/1.1" 200 666 "-" "node-superagent/0.18.2"
170.75.162.130 - - [26/Jul/2015:09:02:01 -0700] "GET /lib/reccapi.php?resort=sundayriver HTTP/1.1" 200 674 "-" "node-superagent/0.18.2"
170.75.162.130 - - [26/Jul/2015:09:02:01 -0700] "GET /lib/reccapi.php?resort=wildcatmountain HTTP/1.1" 200 670 "-" "node-superagent/0.18.2"
107.77.92.35 - - [26/Jul/2015:09:02:00 -0700] "GET /im/api.php?bib=1036&r=0.673560292692855&raceId=2147483720&raceName=canada&startTime=7:00:00 HTTP/1.1" 200 780 "http://ericfahsl.com/im/" "Mozilla/5.0 (iPhone; CPU iPhone OS 7_1_2 like Mac OS X) AppleWebKit/537.51.2 (KHTML, like Gecko) Mobile/11D257 [FBAN/FBIOS;FBAV/31.0.0.44.261;FBBV/10598108;FBDV/iPhone5,1;FBMD/iPhone;FBSN/iPhone OS;FBSV/7.1.2;FBSS/2; FBCR/AT&T;FBID/phone;FBLC/en_US;FBOP/5]"
75.82.158.62 - - [26/Jul/2015:09:02:01 -0700] "GET /im/api.php?bib=398&r=0.9651997403707355&raceId=2147483720&raceName=canada&startTime=7:00:00 HTTP/1.1" 200 781 "http://ericfahsl.com/im/" "Mozilla/5.0 (Macintosh; Intel Mac OS X 10_10_4) AppleWebKit/600.7.12 (KHTML, like Gecko) Version/8.0.7 Safari/600.7.12"
75.82.158.62 - - [26/Jul/2015:09:02:01 -0700] "GET /im/api.php?bib=990&r=0.810931877233088&raceId=2147483720&raceName=canada&startTime=7:00:00 HTTP/1.1" 200 781 "http://ericfahsl.com/im/" "Mozilla/5.0 (Macintosh; Intel Mac OS X 10_10_4) AppleWebKit/600.7.12 (KHTML, like Gecko) Version/8.0.7 Safari/600.7.12"
75.82.158.62 - - [26/Jul/2015:09:02:01 -0700] "GET /im/api.php?bib=1036&r=0.4665476134978235&raceId=2147483720&raceName=canada&startTime=7:00:00 HTTP/1.1" 200 780 "http://ericfahsl.com/im/" "Mozilla/5.0 (Macintosh; Intel Mac OS X 10_10_4) AppleWebKit/600.7.12 (KHTML, like Gecko) Version/8.0.7 Safari/600.7.12"
75.82.158.62 - - [26/Jul/2015:09:02:01 -0700] "GET /im/api.php?bib=1247&r=0.5231828116811812&raceId=2147483720&raceName=canada&startTime=7:00:00 HTTP/1.1" 200 757 "http://ericfahsl.com/im/" "Mozilla/5.0 (Macintosh; Intel Mac OS X 10_10_4) AppleWebKit/600.7.12 (KHTML, like Gecko) Version/8.0.7 Safari/600.7.12"
75.82.158.62 - - [26/Jul/2015:09:02:01 -0700] "GET /im/api.php?bib=1426&r=0.26819244236685336&raceId=2147483720&raceName=canada&startTime=7:00:00 HTTP/1.1" 200 783 "http://ericfahsl.com/im/" "Mozilla/5.0 (Macintosh; Intel Mac OS X 10_10_4) AppleWebKit/600.7.12 (KHTML, like Gecko) Version/8.0.7 Safari/600.7.12"
75.82.158.62 - - [26/Jul/2015:09:02:01 -0700] "GET /im/api.php?bib=356&r=0.12360122287645936&raceId=2147483720&raceName=canada&startTime=7:00:00 HTTP/1.1" 200 787 "http://ericfahsl.com/im/" "Mozilla/5.0 (Macintosh; Intel Mac OS X 10_10_4) AppleWebKit/600.7.12 (KHTML, like Gecko) Version/8.0.7 Safari/600.7.12"
127.0.0.1 - - [26/Jul/2015:09:02:09 -0700] "OPTIONS * HTTP/1.0" 200 126 "-" "Apache/2.2.22 (Ubuntu) (internal dummy connection)"
127.0.0.1 - - [26/Jul/2015:09:02:10 -0700] "OPTIONS * HTTP/1.0" 200 126 "-" "Apache/2.2.22 (Ubuntu) (internal dummy connection)"
127.0.0.1 - - [26/Jul/2015:09:02:11 -0700] "OPTIONS * HTTP/1.0" 200 126 "-" "Apache/2.2.22 (Ubuntu) (internal dummy connection)"
127.0.0.1 - - [26/Jul/2015:09:02:12 -0700] "OPTIONS * HTTP/1.0" 200 126 "-" "Apache/2.2.22 (Ubuntu) (internal dummy connection)"
24.18.53.190 - - [26/Jul/2015:09:02:27 -0700] "GET /im/api.php?bib=356&r=0.834539842326194&raceId=2147483720&raceName=canada&startTime=7:00:00 HTTP/1.1" 200 785 "http://ericfahsl.com/im/" "Mozilla/5.0 (iPhone; CPU iPhone OS 8_4 like Mac OS X) AppleWebKit/600.1.4 (KHTML, like Gecko) Version/8.0 Mobile/12H143 Safari/600.1.4"
24.18.53.190 - - [26/Jul/2015:09:02:32 -0700] "GET /im/api.php?bib=990&r=0.4078626148402691&raceId=2147483720&raceName=canada&startTime=7:00:00 HTTP/1.1" 200 781 "http://ericfahsl.com/im/" "Mozilla/5.0 (iPhone; CPU iPhone OS 8_4 like Mac OS X) AppleWebKit/600.1.4 (KHTML, like Gecko) Version/8.0 Mobile/12H143 Safari/600.1.4"
24.18.53.190 - - [26/Jul/2015:09:02:32 -0700] "GET /im/api.php?bib=356&r=0.4721290215384215&raceId=2147483720&raceName=canada&startTime=7:00:00 HTTP/1.1" 200 785 "http://ericfahsl.com/im/" "Mozilla/5.0 (iPhone; CPU iPhone OS 8_4 like Mac OS X) AppleWebKit/600.1.4 (KHTML, like Gecko) Version/8.0 Mobile/12H143 Safari/600.1.4"
24.18.53.190 - - [26/Jul/2015:09:02:32 -0700] "GET /im/api.php?bib=1426&r=0.8736808483954519&raceId=2147483720&raceName=canada&startTime=7:00:00 HTTP/1.1" 200 785 "http://ericfahsl.com/im/" "Mozilla/5.0 (iPhone; CPU iPhone OS 8_4 like Mac OS X) AppleWebKit/600.1.4 (KHTML, like Gecko) Version/8.0 Mobile/12H143 Safari/600.1.4"
24.18.53.190 - - [26/Jul/2015:09:02:32 -0700] "GET /im/api.php?bib=398&r=0.25838746479712427&raceId=2147483720&raceName=canada&startTime=7:00:00 HTTP/1.1" 200 782 "http://ericfahsl.com/im/" "Mozilla/5.0 (iPhone; CPU iPhone OS 8_4 like Mac OS X) AppleWebKit/600.1.4 (KHTML, like Gecko) Version/8.0 Mobile/12H143 Safari/600.1.4"
24.18.53.190 - - [26/Jul/2015:09:02:32 -0700] "GET /im/api.php?bib=1247&r=0.8191607380285859&raceId=2147483720&raceName=canada&startTime=7:00:00 HTTP/1.1" 200 758 "http://ericfahsl.com/im/" "Mozilla/5.0 (iPhone; CPU iPhone OS 8_4 like Mac OS X) AppleWebKit/600.1.4 (KHTML, like Gecko) Version/8.0 Mobile/12H143 Safari/600.1.4"
24.18.53.190 - - [26/Jul/2015:09:02:33 -0700] "GET /im/api.php?bib=517&r=0.935848843306303&raceId=2147483720&raceName=canada&startTime=7:00:00 HTTP/1.1" 200 780 "http://ericfahsl.com/im/" "Mozilla/5.0 (iPhone; CPU iPhone OS 8_4 like Mac OS X) AppleWebKit/600.1.4 (KHTML, like Gecko) Version/8.0 Mobile/12H143 Safari/600.1.4"
24.18.53.190 - - [26/Jul/2015:09:02:33 -0700] "GET /im/api.php?bib=1036&r=0.8478927263058722&raceId=2147483720&raceName=canada&startTime=7:00:00 HTTP/1.1" 200 780 "http://ericfahsl.com/im/" "Mozilla/5.0 (iPhone; CPU iPhone OS 8_4 like Mac OS X) AppleWebKit/600.1.4 (KHTML, like Gecko) Version/8.0 Mobile/12H143 Safari/600.1.4"
170.75.162.130 - - [26/Jul/2015:09:02:39 -0700] "GET /lib/reccapi.php?resort=alta HTTP/1.1" 200 656 "-" "node-superagent/0.18.2"
127.0.0.1 - - [26/Jul/2015:09:02:40 -0700] "OPTIONS * HTTP/1.0" 200 126 "-" "Apache/2.2.22 (Ubuntu) (internal dummy connection)"
107.77.92.35 - - [26/Jul/2015:09:02:44 -0700] "GET /im/api.php?bib=517&r=0.533069962169975&raceId=2147483720&raceName=canada&startTime=7:00:00 HTTP/1.1" 200 783 "http://ericfahsl.com/im/" "Mozilla/5.0 (iPhone; CPU iPhone OS 7_1_2 like Mac OS X) AppleWebKit/537.51.2 (KHTML, like Gecko) Mobile/11D257 [FBAN/FBIOS;FBAV/31.0.0.44.261;FBBV/10598108;FBDV/iPhone5,1;FBMD/iPhone;FBSN/iPhone OS;FBSV/7.1.2;FBSS/2; FBCR/AT&T;FBID/phone;FBLC/en_US;FBOP/5]"
107.77.92.35 - - [26/Jul/2015:09:02:44 -0700] "GET /im/api.php?bib=356&r=0.9257200898136944&raceId=2147483720&raceName=canada&startTime=7:00:00 HTTP/1.1" 200 788 "http://ericfahsl.com/im/" "Mozilla/5.0 (iPhone; CPU iPhone OS 7_1_2 like Mac OS X) AppleWebKit/537.51.2 (KHTML, like Gecko) Mobile/11D257 [FBAN/FBIOS;FBAV/31.0.0.44.261;FBBV/10598108;FBDV/iPhone5,1;FBMD/iPhone;FBSN/iPhone OS;FBSV/7.1.2;FBSS/2; FBCR/AT&T;FBID/phone;FBLC/en_US;FBOP/5]"
107.77.92.35 - - [26/Jul/2015:09:02:44 -0700] "GET /im/api.php?bib=1247&r=0.8904930811841041&raceId=2147483720&raceName=canada&startTime=7:00:00 HTTP/1.1" 200 757 "http://ericfahsl.com/im/" "Mozilla/5.0 (iPhone; CPU iPhone OS 7_1_2 like Mac OS X) AppleWebKit/537.51.2 (KHTML, like Gecko) Mobile/11D257 [FBAN/FBIOS;FBAV/31.0.0.44.261;FBBV/10598108;FBDV/iPhone5,1;FBMD/iPhone;FBSN/iPhone OS;FBSV/7.1.2;FBSS/2; FBCR/AT&T;FBID/phone;FBLC/en_US;FBOP/5]"
107.77.92.35 - - [26/Jul/2015:09:02:44 -0700] "GET /im/api.php?bib=990&r=0.6078218054026365&raceId=2147483720&raceName=canada&startTime=7:00:00 HTTP/1.1" 200 781 "http://ericfahsl.com/im/" "Mozilla/5.0 (iPhone; CPU iPhone OS 7_1_2 like Mac OS X) AppleWebKit/537.51.2 (KHTML, like Gecko) Mobile/11D257 [FBAN/FBIOS;FBAV/31.0.0.44.261;FBBV/10598108;FBDV/iPhone5,1;FBMD/iPhone;FBSN/iPhone OS;FBSV/7.1.2;FBSS/2; FBCR/AT&T;FBID/phone;FBLC/en_US;FBOP/5]"
107.77.92.35 - - [26/Jul/2015:09:02:44 -0700] "GET /im/api.php?bib=398&r=0.6729360197205096&raceId=2147483720&raceName=canada&startTime=7:00:00 HTTP/1.1" 200 783 "http://ericfahsl.com/im/" "Mozilla/5.0 (iPhone; CPU iPhone OS 7_1_2 like Mac OS X) AppleWebKit/537.51.2 (KHTML, like Gecko) Mobile/11D257 [FBAN/FBIOS;FBAV/31.0.0.44.261;FBBV/10598108;FBDV/iPhone5,1;FBMD/iPhone;FBSN/iPhone OS;FBSV/7.1.2;FBSS/2; FBCR/AT&T;FBID/phone;FBLC/en_US;FBOP/5]"
107.77.92.35 - - [26/Jul/2015:09:02:44 -0700] "GET /im/api.php?bib=1426&r=0.48867826582863927&raceId=2147483720&raceName=canada&startTime=7:00:00 HTTP/1.1" 200 786 "http://ericfahsl.com/im/" "Mozilla/5.0 (iPhone; CPU iPhone OS 7_1_2 like Mac OS X) AppleWebKit/537.51.2 (KHTML, like Gecko) Mobile/11D257 [FBAN/FBIOS;FBAV/31.0.0.44.261;FBBV/10598108;FBDV/iPhone5,1;FBMD/iPhone;FBSN/iPhone OS;FBSV/7.1.2;FBSS/2; FBCR/AT&T;FBID/phone;FBLC/en_US;FBOP/5]"
107.77.92.35 - - [26/Jul/2015:09:02:45 -0700] "GET /im/api.php?bib=1036&r=0.004373178584501147&raceId=2147483720&raceName=canada&startTime=7:00:00 HTTP/1.1" 200 780 "http://ericfahsl.com/im/" "Mozilla/5.0 (iPhone; CPU iPhone OS 7_1_2 like Mac OS X) AppleWebKit/537.51.2 (KHTML, like Gecko) Mobile/11D257 [FBAN/FBIOS;FBAV/31.0.0.44.261;FBBV/10598108;FBDV/iPhone5,1;FBMD/iPhone;FBSN/iPhone OS;FBSV/7.1.2;FBSS/2; FBCR/AT&T;FBID/phone;FBLC/en_US;FBOP/5]"
127.0.0.1 - - [26/Jul/2015:09:02:47 -0700] "OPTIONS * HTTP/1.0" 200 126 "-" "Apache/2.2.22 (Ubuntu) (internal dummy connection)"
107.77.92.35 - - [26/Jul/2015:09:02:49 -0700] "GET /im/api.php?bib=1247&r=0.30510772531852126&raceId=2147483720&raceName=canada&startTime=7:00:00 HTTP/1.1" 200 758 "http://ericfahsl.com/im/" "Mozilla/5.0 (iPhone; CPU iPhone OS 7_1_2 like Mac OS X) AppleWebKit/537.51.2 (KHTML, like Gecko) Version/7.0 Mobile/11D257 Safari/9537.53"
107.77.92.35 - - [26/Jul/2015:09:02:49 -0700] "GET /im/api.php?bib=1426&r=0.7211650311946869&raceId=2147483720&raceName=canada&startTime=7:00:00 HTTP/1.1" 200 783 "http://ericfahsl.com/im/" "Mozilla/5.0 (iPhone; CPU iPhone OS 7_1_2 like Mac OS X) AppleWebKit/537.51.2 (KHTML, like Gecko) Version/7.0 Mobile/11D257 Safari/9537.53"
107.77.92.35 - - [26/Jul/2015:09:02:49 -0700] "GET /im/api.php?bib=517&r=0.4588376709725708&raceId=2147483720&raceName=canada&startTime=7:00:00 HTTP/1.1" 200 779 "http://ericfahsl.com/im/" "Mozilla/5.0 (iPhone; CPU iPhone OS 7_1_2 like Mac OS X) AppleWebKit/537.51.2 (KHTML, like Gecko) Version/7.0 Mobile/11D257 Safari/9537.53"
107.77.92.35 - - [26/Jul/2015:09:02:49 -0700] "GET /im/api.php?bib=990&r=0.42082979739643633&raceId=2147483720&raceName=canada&startTime=7:00:00 HTTP/1.1" 200 781 "http://ericfahsl.com/im/" "Mozilla/5.0 (iPhone; CPU iPhone OS 7_1_2 like Mac OS X) AppleWebKit/537.51.2 (KHTML, like Gecko) Version/7.0 Mobile/11D257 Safari/9537.53"
107.77.92.35 - - [26/Jul/2015:09:02:49 -0700] "GET /im/api.php?bib=356&r=0.6484979866072536&raceId=2147483720&raceName=canada&startTime=7:00:00 HTTP/1.1" 200 789 "http://ericfahsl.com/im/" "Mozilla/5.0 (iPhone; CPU iPhone OS 7_1_2 like Mac OS X) AppleWebKit/537.51.2 (KHTML, like Gecko) Version/7.0 Mobile/11D257 Safari/9537.53"
107.77.92.35 - - [26/Jul/2015:09:02:49 -0700] "GET /im/api.php?bib=398&r=0.8841405967250466&raceId=2147483720&raceName=canada&startTime=7:00:00 HTTP/1.1" 200 782 "http://ericfahsl.com/im/" "Mozilla/5.0 (iPhone; CPU iPhone OS 7_1_2 like Mac OS X) AppleWebKit/537.51.2 (KHTML, like Gecko) Version/7.0 Mobile/11D257 Safari/9537.53"
107.77.92.35 - - [26/Jul/2015:09:02:50 -0700] "GET /im/api.php?bib=1036&r=0.7497652533929795&raceId=2147483720&raceName=canada&startTime=7:00:00 HTTP/1.1" 200 780 "http://ericfahsl.com/im/" "Mozilla/5.0 (iPhone; CPU iPhone OS 7_1_2 like Mac OS X) AppleWebKit/537.51.2 (KHTML, like Gecko) Version/7.0 Mobile/11D257 Safari/9537.53"
174.31.162.248 - - [26/Jul/2015:09:02:51 -0700] "GET /im/api.php?bib=1426&r=0.48669238993898034&raceId=2147483720&raceName=canada&startTime=7:00:00 HTTP/1.1" 200 786 "http://ericfahsl.com/im/" "Mozilla/5.0 (iPhone; CPU iPhone OS 8_4 like Mac OS X) AppleWebKit/600.1.4 (KHTML, like Gecko) Mobile/12H143 [FBAN/FBIOS;FBAV/35.0.0.34.220;FBBV/12945441;FBDV/iPhone7,2;FBMD/iPhone;FBSN/iPhone OS;FBSV/8.4;FBSS/2; FBCR/Verizon;FBID/phone;FBLC/en_US;FBOP/5]"
174.31.162.248 - - [26/Jul/2015:09:02:51 -0700] "GET /im/api.php?bib=1247&r=0.876527392771095&raceId=2147483720&raceName=canada&startTime=7:00:00 HTTP/1.1" 200 758 "http://ericfahsl.com/im/" "Mozilla/5.0 (iPhone; CPU iPhone OS 8_4 like Mac OS X) AppleWebKit/600.1.4 (KHTML, like Gecko) Mobile/12H143 [FBAN/FBIOS;FBAV/35.0.0.34.220;FBBV/12945441;FBDV/iPhone7,2;FBMD/iPhone;FBSN/iPhone OS;FBSV/8.4;FBSS/2; FBCR/Verizon;FBID/phone;FBLC/en_US;FBOP/5]"
174.31.162.248 - - [26/Jul/2015:09:02:51 -0700] "GET /im/api.php?bib=990&r=0.10424872860312462&raceId=2147483720&raceName=canada&startTime=7:00:00 HTTP/1.1" 200 782 "http://ericfahsl.com/im/" "Mozilla/5.0 (iPhone; CPU iPhone OS 8_4 like Mac OS X) AppleWebKit/600.1.4 (KHTML, like Gecko) Mobile/12H143 [FBAN/FBIOS;FBAV/35.0.0.34.220;FBBV/12945441;FBDV/iPhone7,2;FBMD/iPhone;FBSN/iPhone OS;FBSV/8.4;FBSS/2; FBCR/Verizon;FBID/phone;FBLC/en_US;FBOP/5]"
174.31.162.248 - - [26/Jul/2015:09:02:51 -0700] "GET /im/api.php?bib=398&r=0.09439661633223295&raceId=2147483720&raceName=canada&startTime=7:00:00 HTTP/1.1" 200 782 "http://ericfahsl.com/im/" "Mozilla/5.0 (iPhone; CPU iPhone OS 8_4 like Mac OS X) AppleWebKit/600.1.4 (KHTML, like Gecko) Mobile/12H143 [FBAN/FBIOS;FBAV/35.0.0.34.220;FBBV/12945441;FBDV/iPhone7,2;FBMD/iPhone;FBSN/iPhone OS;FBSV/8.4;FBSS/2; FBCR/Verizon;FBID/phone;FBLC/en_US;FBOP/5]"
174.31.162.248 - - [26/Jul/2015:09:02:51 -0700] "GET /im/api.php?bib=517&r=0.8030160702764988&raceId=2147483720&raceName=canada&startTime=7:00:00 HTTP/1.1" 200 783 "http://ericfahsl.com/im/" "Mozilla/5.0 (iPhone; CPU iPhone OS 8_4 like Mac OS X) AppleWebKit/600.1.4 (KHTML, like Gecko) Mobile/12H143 [FBAN/FBIOS;FBAV/35.0.0.34.220;FBBV/12945441;FBDV/iPhone7,2;FBMD/iPhone;FBSN/iPhone OS;FBSV/8.4;FBSS/2; FBCR/Verizon;FBID/phone;FBLC/en_US;FBOP/5]"
174.31.162.248 - - [26/Jul/2015:09:02:51 -0700] "GET /im/api.php?bib=356&r=0.8076014816761017&raceId=2147483720&raceName=canada&startTime=7:00:00 HTTP/1.1" 200 788 "http://ericfahsl.com/im/" "Mozilla/5.0 (iPhone; CPU iPhone OS 8_4 like Mac OS X) AppleWebKit/600.1.4 (KHTML, like Gecko) Mobile/12H143 [FBAN/FBIOS;FBAV/35.0.0.34.220;FBBV/12945441;FBDV/iPhone7,2;FBMD/iPhone;FBSN/iPhone OS;FBSV/8.4;FBSS/2; FBCR/Verizon;FBID/phone;FBLC/en_US;FBOP/5]"
174.31.162.248 - - [26/Jul/2015:09:02:53 -0700] "GET /im/api.php?bib=1036&r=0.875143799232319&raceId=2147483720&raceName=canada&startTime=7:00:00 HTTP/1.1" 200 779 "http://ericfahsl.com/im/" "Mozilla/5.0 (iPhone; CPU iPhone OS 8_4 like Mac OS X) AppleWebKit/600.1.4 (KHTML, like Gecko) Mobile/12H143 [FBAN/FBIOS;FBAV/35.0.0.34.220;FBBV/12945441;FBDV/iPhone7,2;FBMD/iPhone;FBSN/iPhone OS;FBSV/8.4;FBSS/2; FBCR/Verizon;FBID/phone;FBLC/en_US;FBOP/5]"
174.31.162.248 - - [26/Jul/2015:09:02:53 -0700] "GET /im/api.php?bib=356&r=0.0036517884582281113&raceId=2147483720&raceName=canada&startTime=7:00:00 HTTP/1.1" 200 788 "http://ericfahsl.com/im/" "Mozilla/5.0 (iPhone; CPU iPhone OS 8_4 like Mac OS X) AppleWebKit/600.1.4 (KHTML, like Gecko) Mobile/12H143 [FBAN/FBIOS;FBAV/35.0.0.34.220;FBBV/12945441;FBDV/iPhone7,2;FBMD/iPhone;FBSN/iPhone OS;FBSV/8.4;FBSS/2; FBCR/Verizon;FBID/phone;FBLC/en_US;FBOP/5]"
174.31.162.248 - - [26/Jul/2015:09:02:53 -0700] "GET /im/api.php?bib=1247&r=0.005232345312833786&raceId=2147483720&raceName=canada&startTime=7:00:00 HTTP/1.1" 200 757 "http://ericfahsl.com/im/" "Mozilla/5.0 (iPhone; CPU iPhone OS 8_4 like Mac OS X) AppleWebKit/600.1.4 (KHTML, like Gecko) Mobile/12H143 [FBAN/FBIOS;FBAV/35.0.0.34.220;FBBV/12945441;FBDV/iPhone7,2;FBMD/iPhone;FBSN/iPhone OS;FBSV/8.4;FBSS/2; FBCR/Verizon;FBID/phone;FBLC/en_US;FBOP/5]"
174.31.162.248 - - [26/Jul/2015:09:02:53 -0700] "GET /im/api.php?bib=517&r=0.30185297410935163&raceId=2147483720&raceName=canada&startTime=7:00:00 HTTP/1.1" 200 778 "http://ericfahsl.com/im/" "Mozilla/5.0 (iPhone; CPU iPhone OS 8_4 like Mac OS X) AppleWebKit/600.1.4 (KHTML, like Gecko) Mobile/12H143 [FBAN/FBIOS;FBAV/35.0.0.34.220;FBBV/12945441;FBDV/iPhone7,2;FBMD/iPhone;FBSN/iPhone OS;FBSV/8.4;FBSS/2; FBCR/Verizon;FBID/phone;FBLC/en_US;FBOP/5]"
174.31.162.248 - - [26/Jul/2015:09:02:53 -0700] "GET /im/api.php?bib=990&r=0.49558889446780086&raceId=2147483720&raceName=canada&startTime=7:00:00 HTTP/1.1" 200 780 "http://ericfahsl.com/im/" "Mozilla/5.0 (iPhone; CPU iPhone OS 8_4 like Mac OS X) AppleWebKit/600.1.4 (KHTML, like Gecko) Mobile/12H143 [FBAN/FBIOS;FBAV/35.0.0.34.220;FBBV/12945441;FBDV/iPhone7,2;FBMD/iPhone;FBSN/iPhone OS;FBSV/8.4;FBSS/2; FBCR/Verizon;FBID/phone;FBLC/en_US;FBOP/5]"
174.31.162.248 - - [26/Jul/2015:09:02:53 -0700] "GET /im/api.php?bib=1426&r=0.4239295294973999&raceId=2147483720&raceName=canada&startTime=7:00:00 HTTP/1.1" 200 783 "http://ericfahsl.com/im/" "Mozilla/5.0 (iPhone; CPU iPhone OS 8_4 like Mac OS X) AppleWebKit/600.1.4 (KHTML, like Gecko) Mobile/12H143 [FBAN/FBIOS;FBAV/35.0.0.34.220;FBBV/12945441;FBDV/iPhone7,2;FBMD/iPhone;FBSN/iPhone OS;FBSV/8.4;FBSS/2; FBCR/Verizon;FBID/phone;FBLC/en_US;FBOP/5]"
174.31.162.248 - - [26/Jul/2015:09:02:53 -0700] "GET /im/api.php?bib=398&r=0.41618194174952805&raceId=2147483720&raceName=canada&startTime=7:00:00 HTTP/1.1" 200 780 "http://ericfahsl.com/im/" "Mozilla/5.0 (iPhone; CPU iPhone OS 8_4 like Mac OS X) AppleWebKit/600.1.4 (KHTML, like Gecko) Mobile/12H143 [FBAN/FBIOS;FBAV/35.0.0.34.220;FBBV/12945441;FBDV/iPhone7,2;FBMD/iPhone;FBSN/iPhone OS;FBSV/8.4;FBSS/2; FBCR/Verizon;FBID/phone;FBLC/en_US;FBOP/5]"
174.31.162.248 - - [26/Jul/2015:09:02:55 -0700] "GET /im/api.php?bib=1036&r=0.1699022150132805&raceId=2147483720&raceName=canada&startTime=7:00:00 HTTP/1.1" 200 780 "http://ericfahsl.com/im/" "Mozilla/5.0 (iPhone; CPU iPhone OS 8_4 like Mac OS X) AppleWebKit/600.1.4 (KHTML, like Gecko) Mobile/12H143 [FBAN/FBIOS;FBAV/35.0.0.34.220;FBBV/12945441;FBDV/iPhone7,2;FBMD/iPhone;FBSN/iPhone OS;FBSV/8.4;FBSS/2; FBCR/Verizon;FBID/phone;FBLC/en_US;FBOP/5]"
127.0.0.1 - - [26/Jul/2015:09:03:00 -0700] "OPTIONS * HTTP/1.0" 200 126 "-" "Apache/2.2.22 (Ubuntu) (internal dummy connection)"
127.0.0.1 - - [26/Jul/2015:09:03:01 -0700] "OPTIONS * HTTP/1.0" 200 126 "-" "Apache/2.2.22 (Ubuntu) (internal dummy connection)"
127.0.0.1 - - [26/Jul/2015:09:03:02 -0700] "OPTIONS * HTTP/1.0" 200 126 "-" "Apache/2.2.22 (Ubuntu) (internal dummy connection)"
70.199.131.175 - - [26/Jul/2015:09:04:15 -0700] "GET /im/api.php?bib=517&r=0.2853469892870635&raceId=2147483720&raceName=canada&startTime=7:00:00 HTTP/1.1" 200 780 "http://ericfahsl.com/im/" "Mozilla/5.0 (iPhone; CPU iPhone OS 8_4 like Mac OS X) AppleWebKit/600.1.4 (KHTML, like Gecko) Mobile/12H143 [FBAN/MessengerForiOS;FBAV/32.1.0.42.216;FBBV/13241093;FBDV/iPhone6,1;FBMD/iPhone;FBSN/iPhone OS;FBSV/8.4;FBSS/2; FBCR/Verizon;FBID/phone;FBLC/en_US;FBOP/5]"
172.56.17.200 - - [26/Jul/2015:09:04:22 -0700] "GET /im/api.php?bib=517&r=0.2992755693849176&raceId=2147483720&raceName=canada&startTime=7:00:00 HTTP/1.1" 200 780 "http://ericfahsl.com/im/" "Mozilla/5.0 (Linux; U; Android 4.3; en-us; SGH-T999 Build/JSS15J) AppleWebKit/534.30 (KHTML, like Gecko) Version/4.0 Mobile Safari/534.30 [FB_IAB/FB4A;FBAV/38.0.0.47.240;]"
172.56.17.200 - - [26/Jul/2015:09:04:23 -0700] "GET /im/api.php?bib=398&r=0.19797953008674085&raceId=2147483720&raceName=canada&startTime=7:00:00 HTTP/1.1" 200 783 "http://ericfahsl.com/im/" "Mozilla/5.0 (Linux; U; Android 4.3; en-us; SGH-T999 Build/JSS15J) AppleWebKit/534.30 (KHTML, like Gecko) Version/4.0 Mobile Safari/534.30 [FB_IAB/FB4A;FBAV/38.0.0.47.240;]"
172.56.17.200 - - [26/Jul/2015:09:04:23 -0700] "GET /im/api.php?bib=990&r=0.683532454771921&raceId=2147483720&raceName=canada&startTime=7:00:00 HTTP/1.1" 200 781 "http://ericfahsl.com/im/" "Mozilla/5.0 (Linux; U; Android 4.3; en-us; SGH-T999 Build/JSS15J) AppleWebKit/534.30 (KHTML, like Gecko) Version/4.0 Mobile Safari/534.30 [FB_IAB/FB4A;FBAV/38.0.0.47.240;]"
172.56.17.200 - - [26/Jul/2015:09:04:23 -0700] "GET /im/api.php?bib=1247&r=0.39996976405382156&raceId=2147483720&raceName=canada&startTime=7:00:00 HTTP/1.1" 200 758 "http://ericfahsl.com/im/" "Mozilla/5.0 (Linux; U; Android 4.3; en-us; SGH-T999 Build/JSS15J) AppleWebKit/534.30 (KHTML, like Gecko) Version/4.0 Mobile Safari/534.30 [FB_IAB/FB4A;FBAV/38.0.0.47.240;]"
172.56.17.200 - - [26/Jul/2015:09:04:23 -0700] "GET /im/api.php?bib=1426&r=0.9691487380769104&raceId=2147483720&raceName=canada&startTime=7:00:00 HTTP/1.1" 200 783 "http://ericfahsl.com/im/" "Mozilla/5.0 (Linux; U; Android 4.3; en-us; SGH-T999 Build/JSS15J) AppleWebKit/534.30 (KHTML, like Gecko) Version/4.0 Mobile Safari/534.30 [FB_IAB/FB4A;FBAV/38.0.0.47.240;]"
172.56.17.200 - - [26/Jul/2015:09:04:23 -0700] "GET /im/api.php?bib=356&r=0.40175353083759546&raceId=2147483720&raceName=canada&startTime=7:00:00 HTTP/1.1" 200 784 "http://ericfahsl.com/im/" "Mozilla/5.0 (Linux; U; Android 4.3; en-us; SGH-T999 Build/JSS15J) AppleWebKit/534.30 (KHTML, like Gecko) Version/4.0 Mobile Safari/534.30 [FB_IAB/FB4A;FBAV/38.0.0.47.240;]"
172.56.17.200 - - [26/Jul/2015:09:04:23 -0700] "GET /im/api.php?bib=1036&r=0.44081082264892757&raceId=2147483720&raceName=canada&startTime=7:00:00 HTTP/1.1" 200 781 "http://ericfahsl.com/im/" "Mozilla/5.0 (Linux; U; Android 4.3; en-us; SGH-T999 Build/JSS15J) AppleWebKit/534.30 (KHTML, like Gecko) Version/4.0 Mobile Safari/534.30 [FB_IAB/FB4A;FBAV/38.0.0.47.240;]"
70.199.131.175 - - [26/Jul/2015:09:04:23 -0700] "GET /im/api.php?bib=398&r=0.47354977298527956&raceId=2147483720&raceName=canada&startTime=7:00:00 HTTP/1.1" 200 783 "http://ericfahsl.com/im/" "Mozilla/5.0 (iPhone; CPU iPhone OS 8_4 like Mac OS X) AppleWebKit/600.1.4 (KHTML, like Gecko) Mobile/12H143 [FBAN/MessengerForiOS;FBAV/32.1.0.42.216;FBBV/13241093;FBDV/iPhone6,1;FBMD/iPhone;FBSN/iPhone OS;FBSV/8.4;FBSS/2; FBCR/Verizon;FBID/phone;FBLC/en_US;FBOP/5]"
70.199.131.175 - - [26/Jul/2015:09:04:23 -0700] "GET /im/api.php?bib=1247&r=0.6484916023910046&raceId=2147483720&raceName=canada&startTime=7:00:00 HTTP/1.1" 200 758 "http://ericfahsl.com/im/" "Mozilla/5.0 (iPhone; CPU iPhone OS 8_4 like Mac OS X) AppleWebKit/600.1.4 (KHTML, like Gecko) Mobile/12H143 [FBAN/MessengerForiOS;FBAV/32.1.0.42.216;FBBV/13241093;FBDV/iPhone6,1;FBMD/iPhone;FBSN/iPhone OS;FBSV/8.4;FBSS/2; FBCR/Verizon;FBID/phone;FBLC/en_US;FBOP/5]"
70.199.131.175 - - [26/Jul/2015:09:04:23 -0700] "GET /im/api.php?bib=517&r=0.6453914460726082&raceId=2147483720&raceName=canada&startTime=7:00:00 HTTP/1.1" 200 779 "http://ericfahsl.com/im/" "Mozilla/5.0 (iPhone; CPU iPhone OS 8_4 like Mac OS X) AppleWebKit/600.1.4 (KHTML, like Gecko) Mobile/12H143 [FBAN/MessengerForiOS;FBAV/32.1.0.42.216;FBBV/13241093;FBDV/iPhone6,1;FBMD/iPhone;FBSN/iPhone OS;FBSV/8.4;FBSS/2; FBCR/Verizon;FBID/phone;FBLC/en_US;FBOP/5]"
70.199.131.175 - - [26/Jul/2015:09:04:23 -0700] "GET /im/api.php?bib=990&r=0.1312094726599753&raceId=2147483720&raceName=canada&startTime=7:00:00 HTTP/1.1" 200 781 "http://ericfahsl.com/im/" "Mozilla/5.0 (iPhone; CPU iPhone OS 8_4 like Mac OS X) AppleWebKit/600.1.4 (KHTML, like Gecko) Mobile/12H143 [FBAN/MessengerForiOS;FBAV/32.1.0.42.216;FBBV/13241093;FBDV/iPhone6,1;FBMD/iPhone;FBSN/iPhone OS;FBSV/8.4;FBSS/2; FBCR/Verizon;FBID/phone;FBLC/en_US;FBOP/5]"
70.199.131.175 - - [26/Jul/2015:09:04:25 -0700] "GET /im/api.php?bib=1036&r=0.5792220502626151&raceId=2147483720&raceName=canada&startTime=7:00:00 HTTP/1.1" 200 780 "http://ericfahsl.com/im/" "Mozilla/5.0 (iPhone; CPU iPhone OS 8_4 like Mac OS X) AppleWebKit/600.1.4 (KHTML, like Gecko) Mobile/12H143 [FBAN/MessengerForiOS;FBAV/32.1.0.42.216;FBBV/13241093;FBDV/iPhone6,1;FBMD/iPhone;FBSN/iPhone OS;FBSV/8.4;FBSS/2; FBCR/Verizon;FBID/phone;FBLC/en_US;FBOP/5]"
70.199.131.175 - - [26/Jul/2015:09:04:25 -0700] "GET /im/api.php?bib=356&r=0.8986451507080346&raceId=2147483720&raceName=canada&startTime=7:00:00 HTTP/1.1" 200 787 "http://ericfahsl.com/im/" "Mozilla/5.0 (iPhone; CPU iPhone OS 8_4 like Mac OS X) AppleWebKit/600.1.4 (KHTML, like Gecko) Mobile/12H143 [FBAN/MessengerForiOS;FBAV/32.1.0.42.216;FBBV/13241093;FBDV/iPhone6,1;FBMD/iPhone;FBSN/iPhone OS;FBSV/8.4;FBSS/2; FBCR/Verizon;FBID/phone;FBLC/en_US;FBOP/5]"
70.199.131.175 - - [26/Jul/2015:09:04:25 -0700] "GET /im/api.php?bib=1426&r=0.8602366233244538&raceId=2147483720&raceName=canada&startTime=7:00:00 HTTP/1.1" 200 785 "http://ericfahsl.com/im/" "Mozilla/5.0 (iPhone; CPU iPhone OS 8_4 like Mac OS X) AppleWebKit/600.1.4 (KHTML, like Gecko) Mobile/12H143 [FBAN/MessengerForiOS;FBAV/32.1.0.42.216;FBBV/13241093;FBDV/iPhone6,1;FBMD/iPhone;FBSN/iPhone OS;FBSV/8.4;FBSS/2; FBCR/Verizon;FBID/phone;FBLC/en_US;FBOP/5]"
127.0.0.1 - - [26/Jul/2015:09:04:27 -0700] "OPTIONS * HTTP/1.0" 200 126 "-" "Apache/2.2.22 (Ubuntu) (internal dummy connection)"
127.0.0.1 - - [26/Jul/2015:09:04:28 -0700] "OPTIONS * HTTP/1.0" 200 126 "-" "Apache/2.2.22 (Ubuntu) (internal dummy connection)"
127.0.0.1 - - [26/Jul/2015:09:04:29 -0700] "OPTIONS * HTTP/1.0" 200 126 "-" "Apache/2.2.22 (Ubuntu) (internal dummy connection)"
127.0.0.1 - - [26/Jul/2015:09:04:30 -0700] "OPTIONS * HTTP/1.0" 200 126 "-" "Apache/2.2.22 (Ubuntu) (internal dummy connection)"
127.0.0.1 - - [26/Jul/2015:09:04:31 -0700] "OPTIONS * HTTP/1.0" 200 126 "-" "Apache/2.2.22 (Ubuntu) (internal dummy connection)"
127.0.0.1 - - [26/Jul/2015:09:04:32 -0700] "OPTIONS * HTTP/1.0" 200 126 "-" "Apache/2.2.22 (Ubuntu) (internal dummy connection)"
127.0.0.1 - - [26/Jul/2015:09:04:33 -0700] "OPTIONS * HTTP/1.0" 200 126 "-" "Apache/2.2.22 (Ubuntu) (internal dummy connection)"
24.19.12.187 - - [26/Jul/2015:09:04:58 -0700] "GET /im/api.php?bib=398&r=0.10593043597316532&raceId=2147483720&raceName=canada&startTime=7:00:00 HTTP/1.1" 200 783 "http://ericfahsl.com/im/" "Mozilla/5.0 (Macintosh; Intel Mac OS X 10.10; rv:39.0) Gecko/20100101 Firefox/39.0"
24.19.12.187 - - [26/Jul/2015:09:04:58 -0700] "GET /im/api.php?bib=356&r=0.6995176551430515&raceId=2147483720&raceName=canada&startTime=7:00:00 HTTP/1.1" 200 789 "http://ericfahsl.com/im/" "Mozilla/5.0 (Macintosh; Intel Mac OS X 10.10; rv:39.0) Gecko/20100101 Firefox/39.0"
24.19.12.187 - - [26/Jul/2015:09:04:58 -0700] "GET /im/api.php?bib=1247&r=0.9559993264946341&raceId=2147483720&raceName=canada&startTime=7:00:00 HTTP/1.1" 200 758 "http://ericfahsl.com/im/" "Mozilla/5.0 (Macintosh; Intel Mac OS X 10.10; rv:39.0) Gecko/20100101 Firefox/39.0"
24.19.12.187 - - [26/Jul/2015:09:04:58 -0700] "GET /im/api.php?bib=1426&r=0.24422022727837234&raceId=2147483720&raceName=canada&startTime=7:00:00 HTTP/1.1" 200 786 "http://ericfahsl.com/im/" "Mozilla/5.0 (Macintosh; Intel Mac OS X 10.10; rv:39.0) Gecko/20100101 Firefox/39.0"
24.19.12.187 - - [26/Jul/2015:09:04:58 -0700] "GET /im/api.php?bib=517&r=0.16252389111410737&raceId=2147483720&raceName=canada&startTime=7:00:00 HTTP/1.1" 200 784 "http://ericfahsl.com/im/" "Mozilla/5.0 (Macintosh; Intel Mac OS X 10.10; rv:39.0) Gecko/20100101 Firefox/39.0"
24.19.12.187 - - [26/Jul/2015:09:04:58 -0700] "GET /im/api.php?bib=990&r=0.18488851800834583&raceId=2147483720&raceName=canada&startTime=7:00:00 HTTP/1.1" 200 781 "http://ericfahsl.com/im/" "Mozilla/5.0 (Macintosh; Intel Mac OS X 10.10; rv:39.0) Gecko/20100101 Firefox/39.0"
24.19.12.187 - - [26/Jul/2015:09:04:59 -0700] "GET /im/api.php?bib=1036&r=0.2772150037022606&raceId=2147483720&raceName=canada&startTime=7:00:00 HTTP/1.1" 200 779 "http://ericfahsl.com/im/" "Mozilla/5.0 (Macintosh; Intel Mac OS X 10.10; rv:39.0) Gecko/20100101 Firefox/39.0"
127.0.0.1 - - [26/Jul/2015:09:05:05 -0700] "OPTIONS * HTTP/1.0" 200 126 "-" "Apache/2.2.22 (Ubuntu) (internal dummy connection)"
75.82.158.62 - - [26/Jul/2015:09:05:10 -0700] "GET /im/api.php?bib=1036&r=0.33118387684226036&raceId=2147483720&raceName=canada&startTime=7:00:00 HTTP/1.1" 200 780 "http://ericfahsl.com/im/" "Mozilla/5.0 (Macintosh; Intel Mac OS X 10_10_4) AppleWebKit/600.7.12 (KHTML, like Gecko) Version/8.0.7 Safari/600.7.12"
75.82.158.62 - - [26/Jul/2015:09:05:10 -0700] "GET /im/api.php?bib=990&r=0.8001299037132412&raceId=2147483720&raceName=canada&startTime=7:00:00 HTTP/1.1" 200 781 "http://ericfahsl.com/im/" "Mozilla/5.0 (Macintosh; Intel Mac OS X 10_10_4) AppleWebKit/600.7.12 (KHTML, like Gecko) Version/8.0.7 Safari/600.7.12"
75.82.158.62 - - [26/Jul/2015:09:05:10 -0700] "GET /im/api.php?bib=356&r=0.956988116260618&raceId=2147483720&raceName=canada&startTime=7:00:00 HTTP/1.1" 200 787 "http://ericfahsl.com/im/" "Mozilla/5.0 (Macintosh; Intel Mac OS X 10_10_4) AppleWebKit/600.7.12 (KHTML, like Gecko) Version/8.0.7 Safari/600.7.12"
75.82.158.62 - - [26/Jul/2015:09:05:10 -0700] "GET /im/api.php?bib=517&r=0.6704100633505732&raceId=2147483720&raceName=canada&startTime=7:00:00 HTTP/1.1" 200 784 "http://ericfahsl.com/im/" "Mozilla/5.0 (Macintosh; Intel Mac OS X 10_10_4) AppleWebKit/600.7.12 (KHTML, like Gecko) Version/8.0.7 Safari/600.7.12"
75.82.158.62 - - [26/Jul/2015:09:05:10 -0700] "GET /im/api.php?bib=398&r=0.8681039097718894&raceId=2147483720&raceName=canada&startTime=7:00:00 HTTP/1.1" 200 783 "http://ericfahsl.com/im/" "Mozilla/5.0 (Macintosh; Intel Mac OS X 10_10_4) AppleWebKit/600.7.12 (KHTML, like Gecko) Version/8.0.7 Safari/600.7.12"
75.82.158.62 - - [26/Jul/2015:09:05:10 -0700] "GET /im/api.php?bib=1247&r=0.8557977105956525&raceId=2147483720&raceName=canada&startTime=7:00:00 HTTP/1.1" 200 758 "http://ericfahsl.com/im/" "Mozilla/5.0 (Macintosh; Intel Mac OS X 10_10_4) AppleWebKit/600.7.12 (KHTML, like Gecko) Version/8.0.7 Safari/600.7.12"
75.82.158.62 - - [26/Jul/2015:09:05:11 -0700] "GET /im/api.php?bib=1426&r=0.5284034358337522&raceId=2147483720&raceName=canada&startTime=7:00:00 HTTP/1.1" 200 784 "http://ericfahsl.com/im/" "Mozilla/5.0 (Macintosh; Intel Mac OS X 10_10_4) AppleWebKit/600.7.12 (KHTML, like Gecko) Version/8.0.7 Safari/600.7.12"
75.82.158.62 - - [26/Jul/2015:09:05:14 -0700] "GET /im/api.php?bib=973&r=0.6813466779422015&raceId=2147483756&raceName=victoria70.3&startTime=06:00:00 HTTP/1.1" 200 918 "http://ericfahsl.com/im/" "Mozilla/5.0 (Macintosh; Intel Mac OS X 10_10_4) AppleWebKit/600.7.12 (KHTML, like Gecko) Version/8.0.7 Safari/600.7.12"
75.82.158.62 - - [26/Jul/2015:09:05:14 -0700] "GET /im/api.php?bib=1021&r=0.35010672826319933&raceId=2147483756&raceName=victoria70.3&startTime=06:03:00 HTTP/1.1" 200 924 "http://ericfahsl.com/im/" "Mozilla/5.0 (Macintosh; Intel Mac OS X 10_10_4) AppleWebKit/600.7.12 (KHTML, like Gecko) Version/8.0.7 Safari/600.7.12"
75.82.158.62 - - [26/Jul/2015:09:05:14 -0700] "GET /im/api.php?bib=366&r=0.2582693030126393&raceId=2147483756&raceName=victoria70.3&startTime=06:09:00 HTTP/1.1" 200 924 "http://ericfahsl.com/im/" "Mozilla/5.0 (Macintosh; Intel Mac OS X 10_10_4) AppleWebKit/600.7.12 (KHTML, like Gecko) Version/8.0.7 Safari/600.7.12"
75.82.158.62 - - [26/Jul/2015:09:05:14 -0700] "GET /im/api.php?bib=419&r=0.5464120411779732&raceId=2147483756&raceName=victoria70.3&startTime=06:09:00 HTTP/1.1" 200 925 "http://ericfahsl.com/im/" "Mozilla/5.0 (Macintosh; Intel Mac OS X 10_10_4) AppleWebKit/600.7.12 (KHTML, like Gecko) Version/8.0.7 Safari/600.7.12"
75.82.158.62 - - [26/Jul/2015:09:05:14 -0700] "GET /im/api.php?bib=1209&r=0.4728226801380515&raceId=2147483756&raceName=victoria70.3&startTime=06:06:00 HTTP/1.1" 200 920 "http://ericfahsl.com/im/" "Mozilla/5.0 (Macintosh; Intel Mac OS X 10_10_4) AppleWebKit/600.7.12 (KHTML, like Gecko) Version/8.0.7 Safari/600.7.12"
75.82.158.62 - - [26/Jul/2015:09:05:14 -0700] "GET /im/api.php?bib=1043&r=0.6320315846242011&raceId=2147483756&raceName=victoria70.3&startTime=06:03:00 HTTP/1.1" 200 925 "http://ericfahsl.com/im/" "Mozilla/5.0 (Macintosh; Intel Mac OS X 10_10_4) AppleWebKit/600.7.12 (KHTML, like Gecko) Version/8.0.7 Safari/600.7.12"
75.82.158.62 - - [26/Jul/2015:09:05:15 -0700] "GET /im/api.php?bib=296&r=0.8153168824501336&raceId=2147483756&raceName=victoria70.3&startTime=06:12:00 HTTP/1.1" 200 931 "http://ericfahsl.com/im/" "Mozilla/5.0 (Macintosh; Intel Mac OS X 10_10_4) AppleWebKit/600.7.12 (KHTML, like Gecko) Version/8.0.7 Safari/600.7.12"
75.82.158.62 - - [26/Jul/2015:09:05:16 -0700] "GET /im/api.php?bib=95&r=0.03274123603478074&raceId=2147483756&raceName=victoria70.3&startTime=06:15:00 HTTP/1.1" 200 929 "http://ericfahsl.com/im/" "Mozilla/5.0 (Macintosh; Intel Mac OS X 10_10_4) AppleWebKit/600.7.12 (KHTML, like Gecko) Version/8.0.7 Safari/600.7.12"
75.82.158.62 - - [26/Jul/2015:09:05:16 -0700] "GET /im/api.php?bib=324&r=0.5783154803793877&raceId=2147483756&raceName=victoria70.3&startTime=06:12:00 HTTP/1.1" 200 924 "http://ericfahsl.com/im/" "Mozilla/5.0 (Macintosh; Intel Mac OS X 10_10_4) AppleWebKit/600.7.12 (KHTML, like Gecko) Version/8.0.7 Safari/600.7.12"
75.82.158.62 - - [26/Jul/2015:09:05:16 -0700] "GET /im/api.php?bib=1315&r=0.8081010258756578&raceId=2147483756&raceName=victoria70.3&startTime=06:18:00 HTTP/1.1" 200 929 "http://ericfahsl.com/im/" "Mozilla/5.0 (Macintosh; Intel Mac OS X 10_10_4) AppleWebKit/600.7.12 (KHTML, like Gecko) Version/8.0.7 Safari/600.7.12"
75.82.158.62 - - [26/Jul/2015:09:05:16 -0700] "GET /im/api.php?bib=1270&r=0.8076645885594189&raceId=2147483756&raceName=victoria70.3&startTime=06:18:00 HTTP/1.1" 200 926 "http://ericfahsl.com/im/" "Mozilla/5.0 (Macintosh; Intel Mac OS X 10_10_4) AppleWebKit/600.7.12 (KHTML, like Gecko) Version/8.0.7 Safari/600.7.12"
75.82.158.62 - - [26/Jul/2015:09:05:16 -0700] "GET /im/api.php?bib=585&r=0.31179677904583514&raceId=2147483756&raceName=victoria70.3&startTime=06:15:00 HTTP/1.1" 200 668 "http://ericfahsl.com/im/" "Mozilla/5.0 (Macintosh; Intel Mac OS X 10_10_4) AppleWebKit/600.7.12 (KHTML, like Gecko) Version/8.0.7 Safari/600.7.12"
75.82.158.62 - - [26/Jul/2015:09:05:16 -0700] "GET /im/api.php?bib=657&r=0.14636606816202402&raceId=2147483756&raceName=victoria70.3&startTime=06:24:00 HTTP/1.1" 200 924 "http://ericfahsl.com/im/" "Mozilla/5.0 (Macintosh; Intel Mac OS X 10_10_4) AppleWebKit/600.7.12 (KHTML, like Gecko) Version/8.0.7 Safari/600.7.12"
75.82.158.62 - - [26/Jul/2015:09:05:17 -0700] "GET /im/api.php?bib=1369&r=0.21855801530182362&raceId=2147483756&raceName=victoria70.3&startTime=06:21:00 HTTP/1.1" 200 933 "http://ericfahsl.com/im/" "Mozilla/5.0 (Macintosh; Intel Mac OS X 10_10_4) AppleWebKit/600.7.12 (KHTML, like Gecko) Version/8.0.7 Safari/600.7.12"
