180.76.15.11 - - [07/Oct/2015:12:30:18 -0700] "GET /resorts?resort=redriver&date=2014-03-29 HTTP/1.1" 404 472 "-" "Mozilla/5.0 (compatible; Baiduspider/2.0; +http://www.baidu.com/search/spider.html)"
198.189.65.254 - - [07/Oct/2015:12:34:09 -0700] "GET /images/wsis-logo-sm.png HTTP/1.1" 200 6108 "http://www.thebackcountry.net/" "Mozilla/5.0 (Macintosh; Intel Mac OS X 10_10_5) AppleWebKit/601.1.56 (KHTML, like Gecko) Version/9.0 Safari/601.1.56"
64.251.52.163 - - [07/Oct/2015:12:34:49 -0700] "GET /images/wsis-logo-sm.png HTTP/1.1" 200 6108 "http://www.thebackcountry.net/" "Mozilla/5.0 (Windows NT 6.1; WOW64) AppleWebKit/537.36 (KHTML, like Gecko) Chrome/45.0.2454.101 Safari/537.36"
198.91.10.183 - - [07/Oct/2015:12:52:53 -0700] "GET /images/wsis-logo-sm.png HTTP/1.0" 200 6108 "http://www.thebackcountry.net/" "Mozilla/5.0 (Windows NT 6.1; WOW64; Trident/7.0; CH2M; rv:11.0) like Gecko"
190.233.211.9 - - [07/Oct/2015:12:56:01 -0700] "GET /images/viz-screenshot.png HTTP/1.1" 404 517 "http://ericfahsl.com/blog/35-creating-an-animated-javascript-heat-map-with-polymap" "Mozilla/5.0 (Windows NT 6.1; WOW64) AppleWebKit/537.36 (KHTML, like Gecko) Chrome/45.0.2454.101 Safari/537.36"
180.76.15.147 - - [07/Oct/2015:13:06:31 -0700] "GET /resorts?resort=skicooper&date=2014-04-06 HTTP/1.1" 404 472 "-" "Mozilla/5.0 (compatible; Baiduspider/2.0; +http://www.baidu.com/search/spider.html)"
66.195.234.90 - - [07/Oct/2015:13:13:21 -0700] "GET /images/wsis-logo-sm.png HTTP/1.1" 200 6108 "http://thebackcountry.net/" "Mozilla/5.0 (Windows NT 6.1; WOW64) AppleWebKit/537.36 (KHTML, like Gecko) Chrome/44.0.2403.157 Safari/537.36"
170.75.162.130 - - [07/Oct/2015:13:30:49 -0700] "GET /lib/reccapi.php?resort=alpinemeadows HTTP/1.1" 200 980 "-" "node-superagent/0.18.2"
170.75.162.130 - - [07/Oct/2015:13:30:59 -0700] "GET /lib/reccapi.php?resort=squawvalleyusa HTTP/1.1" 200 974 "-" "node-superagent/0.18.2"
170.75.162.130 - - [07/Oct/2015:13:31:29 -0700] "GET /lib/reccapi.php?resort=diamondpeak HTTP/1.1" 200 953 "-" "node-superagent/0.18.2"
76.27.93.189 - - [07/Oct/2015:13:41:53 -0700] "GET /images/wsis-logo-sm.png HTTP/1.1" 200 6108 "http://www.thebackcountry.net/" "Mozilla/5.0 (Macintosh; Intel Mac OS X 10_10_5) AppleWebKit/601.1.56 (KHTML, like Gecko) Version/9.0 Safari/601.1.56"
170.75.162.130 - - [07/Oct/2015:13:53:22 -0700] "GET /lib/reccapi.php?resort=heavenly HTTP/1.1" 200 984 "-" "node-superagent/0.18.2"
170.75.162.130 - - [07/Oct/2015:13:53:22 -0700] "GET /lib/reccapi.php?resort=homewoodmountain HTTP/1.1" 200 977 "-" "node-superagent/0.18.2"
170.75.162.130 - - [07/Oct/2015:13:53:22 -0700] "GET /lib/reccapi.php?resort=kirkwood HTTP/1.1" 200 996 "-" "node-superagent/0.18.2"
170.75.162.130 - - [07/Oct/2015:13:53:22 -0700] "GET /lib/reccapi.php?resort=northstar-at-tahoe HTTP/1.1" 200 961 "-" "node-superagent/0.18.2"
170.75.162.130 - - [07/Oct/2015:13:53:22 -0700] "GET /lib/reccapi.php?resort=sierra-at-tahoe HTTP/1.1" 200 973 "-" "node-superagent/0.18.2"
170.75.162.130 - - [07/Oct/2015:13:53:22 -0700] "GET /lib/reccapi.php?resort=sugarbowl HTTP/1.1" 200 952 "-" "node-superagent/0.18.2"
180.76.15.7 - - [07/Oct/2015:13:53:32 -0700] "GET /robots.txt HTTP/1.1" 200 382 "-" "Mozilla/5.0 (Windows NT 5.1; rv:6.0.2) Gecko/20100101 Firefox/6.0.2"
180.76.15.30 - - [07/Oct/2015:13:54:46 -0700] "GET / HTTP/1.1" 200 6114 "-" "Mozilla/5.0 (compatible; Baiduspider/2.0; +http://www.baidu.com/search/spider.html)"
180.76.15.22 - - [07/Oct/2015:13:55:58 -0700] "GET / HTTP/1.1" 200 6114 "-" "Mozilla/5.0 (compatible; Baiduspider/2.0; +http://www.baidu.com/search/spider.html)"
104.240.163.89 - - [07/Oct/2015:14:01:04 -0700] "GET /images/wsis-logo-sm.png HTTP/1.1" 200 6108 "http://thebackcountry.net/" "Mozilla/5.0 (Linux; Android 5.1.1; SM-N920V Build/LMY47X) AppleWebKit/537.36 (KHTML, like Gecko) Chrome/45.0.2454.94 Mobile Safari/537.36"
104.55.128.7 - - [07/Oct/2015:14:19:05 -0700] "GET /images/wsis-logo-sm.png HTTP/1.1" 200 6108 "http://www.thebackcountry.net/" "Mozilla/5.0 (Macintosh; Intel Mac OS X 10_10_5) AppleWebKit/601.1.56 (KHTML, like Gecko) Version/9.0 Safari/601.1.56"
180.76.15.12 - - [07/Oct/2015:14:42:36 -0700] "GET / HTTP/1.1" 200 6114 "-" "Mozilla/5.0 (compatible; Baiduspider/2.0; +http://www.baidu.com/search/spider.html)"
66.249.74.12 - - [07/Oct/2015:14:42:47 -0700] "GET /robots.txt HTTP/1.1" 200 419 "-" "Mozilla/5.0 (compatible; Googlebot/2.1; +http://www.google.com/bot.html)"
66.249.74.15 - - [07/Oct/2015:14:42:48 -0700] "GET / HTTP/1.1" 200 2376 "-" "Mozilla/5.0 (iPhone; CPU iPhone OS 8_3 like Mac OS X) AppleWebKit/600.1.4 (KHTML, like Gecko) Version/8.0 Mobile/12F70 Safari/600.1.4 (compatible; Googlebot/2.1; +http://www.google.com/bot.html)"
180.76.15.13 - - [07/Oct/2015:14:43:18 -0700] "GET / HTTP/1.1" 200 6114 "-" "Mozilla/5.0 (compatible; Baiduspider/2.0; +http://www.baidu.com/search/spider.html)"
180.76.15.137 - - [07/Oct/2015:14:44:46 -0700] "GET /robots.txt HTTP/1.1" 200 382 "-" "Mozilla/5.0 (Windows NT 5.1; rv:6.0.2) Gecko/20100101 Firefox/6.0.2"
170.75.162.130 - - [07/Oct/2015:14:56:10 -0700] "GET /lib/reccapi.php?resort=mtrose HTTP/1.1" 200 956 "-" "node-superagent/0.18.2"
123.125.71.86 - - [07/Oct/2015:14:57:40 -0700] "-" 408 0 "-" "-"
180.76.15.136 - - [07/Oct/2015:15:19:16 -0700] "GET /resorts?resort=telluride&date=2014-04-21 HTTP/1.1" 404 472 "-" "Mozilla/5.0 (compatible; Baiduspider/2.0; +http://www.baidu.com/search/spider.html)"
185.25.151.159 - - [07/Oct/2015:15:24:26 -0700] "GET http://testp4.pospr.waw.pl/testproxy.php HTTP/1.1" 404 448 "-" "Mozilla/5.0 (Windows NT 5.1; rv:32.0) Gecko/20100101 Firefox/31.0"
180.76.15.160 - - [07/Oct/2015:15:44:03 -0700] "GET / HTTP/1.1" 200 6114 "-" "Mozilla/5.0 (compatible; Baiduspider/2.0; +http://www.baidu.com/search/spider.html)"
180.76.15.17 - - [07/Oct/2015:15:44:55 -0700] "GET / HTTP/1.1" 200 6114 "-" "Mozilla/5.0 (compatible; Baiduspider/2.0; +http://www.baidu.com/search/spider.html)"
66.117.131.211 - - [07/Oct/2015:15:49:57 -0700] "GET /images/wsis-logo-sm.png HTTP/1.1" 200 6108 "http://www.thebackcountry.net/" "Mozilla/5.0 (Macintosh; Intel Mac OS X 10.9; rv:41.0) Gecko/20100101 Firefox/41.0"
185.92.73.125 - - [07/Oct/2015:16:08:36 -0700] "GET /spaw/dialogs/dialog.php?module=spawfm&dialog=spawfm&theme=spaw2lite&type=imagesundefined HTTP/1.1" 404 469 "http://whereshouldiski.com/spaw/dialogs/dialog.php?module=spawfm&dialog=spawfm&theme=spaw2lite&type=imagesundefined" "Mozilla/4.0 (compatible; MSIE 6.0; Windows NT 5.1; SV1)"
176.103.52.83 - - [07/Oct/2015:16:12:26 -0700] "GET / HTTP/1.0" 200 6114 "-" "Mozilla/4.0 (compatible; MSIE 6.0; Windows NT 5.1)"
66.215.137.51 - - [07/Oct/2015:16:13:08 -0700] "GET /images/wsis-logo-sm.png HTTP/1.1" 200 6108 "http://www.thebackcountry.net/" "Mozilla/5.0 (Windows NT 6.1; WOW64) AppleWebKit/537.36 (KHTML, like Gecko) Chrome/45.0.2454.101 Safari/537.36"
46.151.52.233 - - [07/Oct/2015:16:23:43 -0700] "GET /resorts?resort=cannonmountain HTTP/1.0" 404 495 "http://whereshouldiski.com/resorts?resort=cannonmountain" "Mozilla/5.0 (Windows NT 6.3; WOW64; rv:36.0) Gecko/20100101 Firefox/36.0"
46.151.52.233 - - [07/Oct/2015:16:23:43 -0700] "GET / HTTP/1.0" 200 6114 "http://whereshouldiski.com/" "Mozilla/5.0 (Windows NT 6.3; WOW64; rv:36.0) Gecko/20100101 Firefox/36.0"
98.208.10.132 - - [07/Oct/2015:16:43:56 -0700] "GET /images/wsis-logo-sm.png HTTP/1.1" 200 6108 "http://www.thebackcountry.net/" "Mozilla/5.0 (Macintosh; Intel Mac OS X 10_9_5) AppleWebKit/600.8.9 (KHTML, like Gecko) Version/7.1.8 Safari/537.85.17"
51.254.130.61 - - [07/Oct/2015:16:48:59 -0700] "GET /robots.txt HTTP/1.0" 200 338 "-" "Mozilla/5.0 (compatible; MJ12bot/v1.4.5; http://www.majestic12.co.uk/bot.php?+)"
51.254.130.61 - - [07/Oct/2015:16:49:01 -0700] "GET / HTTP/1.0" 200 6114 "-" "Mozilla/5.0 (compatible; MJ12bot/v1.4.5; http://www.majestic12.co.uk/bot.php?+)"
180.76.15.30 - - [07/Oct/2015:17:00:04 -0700] "GET / HTTP/1.1" 200 6114 "-" "Mozilla/5.0 (compatible; Baiduspider/2.0; +http://www.baidu.com/search/spider.html)"
180.76.15.154 - - [07/Oct/2015:17:01:28 -0700] "GET / HTTP/1.1" 200 6114 "-" "Mozilla/5.0 (compatible; Baiduspider/2.0; +http://www.baidu.com/search/spider.html)"
66.249.79.234 - - [07/Oct/2015:17:03:37 -0700] "GET / HTTP/1.1" 200 2376 "-" "Mozilla/5.0 (iPhone; CPU iPhone OS 8_3 like Mac OS X) AppleWebKit/600.1.4 (KHTML, like Gecko) Version/8.0 Mobile/12F70 Safari/600.1.4 (compatible; Googlebot/2.1; +http://www.google.com/bot.html)"
66.249.79.234 - - [07/Oct/2015:17:09:37 -0700] "GET /lib/reccapi.php?fields=t HTTP/1.1" 200 1747 "http://whereshouldiski.com/" "Mozilla/5.0 (compatible; Googlebot/2.1; +http://www.google.com/bot.html)"
170.75.162.130 - - [07/Oct/2015:17:11:28 -0700] "GET /lib/reccapi.php?resort=bigsky HTTP/1.1" 200 1010 "-" "node-superagent/0.18.2"
170.75.162.130 - - [07/Oct/2015:17:11:28 -0700] "GET /lib/reccapi.php?resort=redlodge HTTP/1.1" 200 1028 "-" "node-superagent/0.18.2"
104.14.84.156 - - [07/Oct/2015:17:14:52 -0700] "GET /images/wsis-logo-sm.png HTTP/1.1" 200 6108 "http://www.thebackcountry.net/" "Mozilla/5.0 (Macintosh; Intel Mac OS X 10_8_5) AppleWebKit/600.8.9 (KHTML, like Gecko) Version/6.2.8 Safari/537.85.17"
66.249.79.234 - - [07/Oct/2015:17:18:41 -0700] "GET / HTTP/1.1" 200 2376 "-" "SAMSUNG-SGH-E250/1.0 Profile/MIDP-2.0 Configuration/CLDC-1.1 UP.Browser/6.2.3.3.c.1.101 (GUI) MMP/2.0 (compatible; Googlebot-Mobile/2.1; +http://www.google.com/bot.html)"
66.249.79.234 - - [07/Oct/2015:17:21:29 -0700] "GET / HTTP/1.1" 200 2376 "-" "DoCoMo/2.0 N905i(c100;TB;W24H16) (compatible; Googlebot-Mobile/2.1; +http://www.google.com/bot.html)"
91.200.12.9 - - [07/Oct/2015:17:47:51 -0700] "GET / HTTP/1.1" 200 2376 "-" "Mozilla/5.0 (Windows NT 6.1; Trident/7.0; rv:11.0) like Gecko"
76.253.10.59 - - [07/Oct/2015:17:59:56 -0700] "GET /images/wsis-logo-sm.png HTTP/1.1" 200 6108 "http://www.thebackcountry.net/" "Mozilla/5.0 (Macintosh; Intel Mac OS X 10_10_4) AppleWebKit/600.7.12 (KHTML, like Gecko) Version/8.0.7 Safari/600.7.12"
170.75.162.130 - - [07/Oct/2015:18:10:45 -0700] "GET /lib/reccapi.php?resort=alpinemeadows HTTP/1.1" 200 979 "-" "node-superagent/0.18.2"
170.75.162.130 - - [07/Oct/2015:18:10:45 -0700] "GET /lib/reccapi.php?resort=alta HTTP/1.1" 200 962 "-" "node-superagent/0.18.2"
170.75.162.130 - - [07/Oct/2015:18:10:46 -0700] "GET /lib/reccapi.php?resort=diamondpeak HTTP/1.1" 200 939 "-" "node-superagent/0.18.2"
170.75.162.130 - - [07/Oct/2015:18:10:46 -0700] "GET /lib/reccapi.php?resort=heavenly HTTP/1.1" 200 979 "-" "node-superagent/0.18.2"
170.75.162.130 - - [07/Oct/2015:18:10:46 -0700] "GET /lib/reccapi.php?resort=homewoodmountain HTTP/1.1" 200 974 "-" "node-superagent/0.18.2"
170.75.162.130 - - [07/Oct/2015:18:10:46 -0700] "GET /lib/reccapi.php?resort=killington HTTP/1.1" 200 956 "-" "node-superagent/0.18.2"
170.75.162.130 - - [07/Oct/2015:18:10:46 -0700] "GET /lib/reccapi.php?resort=kirkwood HTTP/1.1" 200 993 "-" "node-superagent/0.18.2"
170.75.162.130 - - [07/Oct/2015:18:10:46 -0700] "GET /lib/reccapi.php?resort=northstar-at-tahoe HTTP/1.1" 200 958 "-" "node-superagent/0.18.2"
170.75.162.130 - - [07/Oct/2015:18:10:46 -0700] "GET /lib/reccapi.php?resort=sierra-at-tahoe HTTP/1.1" 200 971 "-" "node-superagent/0.18.2"
170.75.162.130 - - [07/Oct/2015:18:10:46 -0700] "GET /lib/reccapi.php?resort=squawvalleyusa HTTP/1.1" 200 962 "-" "node-superagent/0.18.2"
170.75.162.130 - - [07/Oct/2015:18:10:46 -0700] "GET /lib/reccapi.php?resort=sugarloaf HTTP/1.1" 200 953 "-" "node-superagent/0.18.2"
170.75.162.130 - - [07/Oct/2015:18:10:46 -0700] "GET /lib/reccapi.php?resort=sugarbowl HTTP/1.1" 200 943 "-" "node-superagent/0.18.2"
208.115.113.83 - - [07/Oct/2015:18:18:58 -0700] "GET /robots.txt HTTP/1.1" 200 319 "-" "Mozilla/5.0 (compatible; DotBot/1.1; http://www.opensiteexplorer.org/dotbot, help@moz.com)"
180.76.15.156 - - [07/Oct/2015:18:50:45 -0700] "GET / HTTP/1.1" 200 6114 "-" "Mozilla/5.0 (compatible; Baiduspider/2.0; +http://www.baidu.com/search/spider.html)"
180.76.15.13 - - [07/Oct/2015:18:51:55 -0700] "GET / HTTP/1.1" 200 6114 "-" "Mozilla/5.0 (compatible; Baiduspider/2.0; +http://www.baidu.com/search/spider.html)"
73.170.184.129 - - [07/Oct/2015:18:58:23 -0700] "GET /images/wsis-logo-sm.png HTTP/1.1" 200 6108 "http://www.thebackcountry.net/" "Mozilla/5.0 (Macintosh; Intel Mac OS X 10_10_5) AppleWebKit/600.8.9 (KHTML, like Gecko) Version/8.0.8 Safari/600.8.9"
24.32.28.215 - - [07/Oct/2015:19:25:45 -0700] "GET /images/wsis-logo-sm.png HTTP/1.1" 200 6108 "http://www.thebackcountry.net/" "Mozilla/5.0 (iPad; CPU OS 6_0_1 like Mac OS X) AppleWebKit/536.26 (KHTML, like Gecko) Mercury/8.1 Mobile/10A523 Safari/8536.25"
66.249.79.227 - - [07/Oct/2015:19:26:34 -0700] "GET /robots.txt HTTP/1.1" 200 419 "-" "Mozilla/5.0 (compatible; Googlebot/2.1; +http://www.google.com/bot.html)"
66.249.79.234 - - [07/Oct/2015:19:26:34 -0700] "GET /resorts?resort=windham&date=2014-02-05 HTTP/1.1" 404 506 "-" "Mozilla/5.0 (iPhone; CPU iPhone OS 8_3 like Mac OS X) AppleWebKit/600.1.4 (KHTML, like Gecko) Version/8.0 Mobile/12F70 Safari/600.1.4 (compatible; Googlebot/2.1; +http://www.google.com/bot.html)"
170.75.162.130 - - [07/Oct/2015:19:34:37 -0700] "GET /lib/reccapi.php?resort=aspenheights HTTP/1.1" 200 1042 "-" "node-superagent/0.18.2"
107.77.92.19 - - [07/Oct/2015:19:35:01 -0700] "GET /images/wsis-logo-sm.png HTTP/1.1" 200 6108 "http://www.thebackcountry.net/" "Mozilla/5.0 (Macintosh; Intel Mac OS X 10_7_4) AppleWebKit/537.36 (KHTML, like Gecko) Chrome/45.0.2454.93 Safari/537.36"
208.115.113.83 - - [07/Oct/2015:19:56:06 -0700] "GET /resorts?resort=squawvalleyusa&date=2014-06-05 HTTP/1.1" 404 476 "-" "Mozilla/5.0 (compatible; DotBot/1.1; http://www.opensiteexplorer.org/dotbot, help@moz.com)"
208.115.113.83 - - [07/Oct/2015:20:01:18 -0700] "GET /resorts?resort=sierra-at-tahoe&date=2014-11-01 HTTP/1.1" 404 476 "-" "Mozilla/5.0 (compatible; DotBot/1.1; http://www.opensiteexplorer.org/dotbot, help@moz.com)"
180.76.15.136 - - [07/Oct/2015:20:01:32 -0700] "GET / HTTP/1.1" 200 6114 "-" "Mozilla/5.0 (compatible; Baiduspider/2.0; +http://www.baidu.com/search/spider.html)"
208.115.113.83 - - [07/Oct/2015:20:02:17 -0700] "GET /resorts?resort=jacksonhole&date=2014-10-27 HTTP/1.1" 404 476 "-" "Mozilla/5.0 (compatible; DotBot/1.1; http://www.opensiteexplorer.org/dotbot, help@moz.com)"
208.115.113.83 - - [07/Oct/2015:20:02:26 -0700] "GET /resorts?resort=wildcatmountain&date=2014-10-26 HTTP/1.1" 404 476 "-" "Mozilla/5.0 (compatible; DotBot/1.1; http://www.opensiteexplorer.org/dotbot, help@moz.com)"
180.76.15.162 - - [07/Oct/2015:20:02:34 -0700] "GET / HTTP/1.1" 200 6114 "-" "Mozilla/5.0 (compatible; Baiduspider/2.0; +http://www.baidu.com/search/spider.html)"
208.115.113.83 - - [07/Oct/2015:20:02:38 -0700] "GET /resorts?resort=keystone&date=2014-11-02 HTTP/1.1" 404 476 "-" "Mozilla/5.0 (compatible; DotBot/1.1; http://www.opensiteexplorer.org/dotbot, help@moz.com)"
170.75.162.130 - - [07/Oct/2015:20:03:50 -0700] "GET /lib/reccapi.php?resort=mountbachelor HTTP/1.1" 200 1005 "-" "node-superagent/0.18.2"
170.75.162.130 - - [07/Oct/2015:20:03:50 -0700] "GET /lib/reccapi.php?resort=hoodoo HTTP/1.1" 200 979 "-" "node-superagent/0.18.2"
93.174.93.218 - - [07/Oct/2015:20:04:50 -0700] "GET http://httpheader.net HTTP/1.1" 200 2320 "-" "Mozilla/5.0 (Windows; U; Windows NT 6.1; en-US; rv:1.9.2.28) Gecko/20120306 Firefox/3.6.28 (.NET CLR 3.5.30729)"
170.75.162.130 - - [07/Oct/2015:20:06:30 -0700] "GET /lib/reccapi.php?resort=brighton HTTP/1.1" 200 966 "-" "node-superagent/0.18.2"
170.75.162.130 - - [07/Oct/2015:20:06:30 -0700] "GET /lib/reccapi.php?resort=deervalley HTTP/1.1" 200 991 "-" "node-superagent/0.18.2"
170.75.162.130 - - [07/Oct/2015:20:07:30 -0700] "GET /lib/reccapi.php?resort=jaypeak HTTP/1.1" 200 971 "-" "node-superagent/0.18.2"
96.38.164.54 - - [07/Oct/2015:20:08:26 -0700] "GET /images/wsis-logo-sm.png HTTP/1.1" 200 6108 "http://www.thebackcountry.net/" "Mozilla/5.0 (Windows NT 10.0; WOW64) AppleWebKit/537.36 (KHTML, like Gecko) Chrome/45.0.2454.101 Safari/537.36"
170.75.162.130 - - [07/Oct/2015:20:10:01 -0700] "GET /lib/reccapi.php?resort=mammothmountain HTTP/1.1" 200 974 "-" "node-superagent/0.18.2"
170.75.162.130 - - [07/Oct/2015:20:21:42 -0700] "GET /lib/reccapi.php?resort=grandtarghee HTTP/1.1" 200 999 "-" "node-superagent/0.18.2"
170.75.162.130 - - [07/Oct/2015:20:21:42 -0700] "GET /lib/reccapi.php?resort=jacksonhole HTTP/1.1" 200 981 "-" "node-superagent/0.18.2"
170.75.162.130 - - [07/Oct/2015:20:21:52 -0700] "GET /lib/reccapi.php?resort=49degreesnorth HTTP/1.1" 200 1034 "-" "node-superagent/0.18.2"
170.75.162.130 - - [07/Oct/2015:20:21:52 -0700] "GET /lib/reccapi.php?resort=arapahoebasin HTTP/1.1" 200 1017 "-" "node-superagent/0.18.2"
170.75.162.130 - - [07/Oct/2015:20:21:53 -0700] "GET /lib/reccapi.php?resort=angelfire HTTP/1.1" 200 1021 "-" "node-superagent/0.18.2"
170.75.162.130 - - [07/Oct/2015:20:21:53 -0700] "GET /lib/reccapi.php?resort=brianhead HTTP/1.1" 200 999 "-" "node-superagent/0.18.2"
170.75.162.130 - - [07/Oct/2015:20:21:53 -0700] "GET /lib/reccapi.php?resort=cannonmountain HTTP/1.1" 200 959 "-" "node-superagent/0.18.2"
170.75.162.130 - - [07/Oct/2015:20:21:53 -0700] "GET /lib/reccapi.php?resort=canyons HTTP/1.1" 200 959 "-" "node-superagent/0.18.2"
170.75.162.130 - - [07/Oct/2015:20:21:53 -0700] "GET /lib/reccapi.php?resort=crystalmountain HTTP/1.1" 200 1065 "-" "node-superagent/0.18.2"
170.75.162.130 - - [07/Oct/2015:20:21:54 -0700] "GET /lib/reccapi.php?resort=devilshead HTTP/1.1" 200 936 "-" "node-superagent/0.18.2"
170.75.162.130 - - [07/Oct/2015:20:21:54 -0700] "GET /lib/reccapi.php?resort=keystone HTTP/1.1" 200 1025 "-" "node-superagent/0.18.2"
170.75.162.130 - - [07/Oct/2015:20:21:54 -0700] "GET /lib/reccapi.php?resort=madriverglen HTTP/1.1" 200 958 "-" "node-superagent/0.18.2"
170.75.162.130 - - [07/Oct/2015:20:22:42 -0700] "GET /lib/reccapi.php?resort=mountspokane HTTP/1.1" 200 1040 "-" "node-superagent/0.18.2"
170.75.162.130 - - [07/Oct/2015:20:22:42 -0700] "GET /lib/reccapi.php?resort=parkcity HTTP/1.1" 200 1003 "-" "node-superagent/0.18.2"
170.75.162.130 - - [07/Oct/2015:20:22:42 -0700] "GET /lib/reccapi.php?resort=smugglersnotch HTTP/1.1" 200 967 "-" "node-superagent/0.18.2"
170.75.162.130 - - [07/Oct/2015:20:22:42 -0700] "GET /lib/reccapi.php?resort=mounthoodmeadows HTTP/1.1" 200 1051 "-" "node-superagent/0.18.2"
170.75.162.130 - - [07/Oct/2015:20:22:42 -0700] "GET /lib/reccapi.php?resort=snowbasin HTTP/1.1" 200 947 "-" "node-superagent/0.18.2"
170.75.162.130 - - [07/Oct/2015:20:22:42 -0700] "GET /lib/reccapi.php?resort=snowbird HTTP/1.1" 200 966 "-" "node-superagent/0.18.2"
170.75.162.130 - - [07/Oct/2015:20:22:42 -0700] "GET /lib/reccapi.php?resort=stevenspass HTTP/1.1" 200 1043 "-" "node-superagent/0.18.2"
170.75.162.130 - - [07/Oct/2015:20:22:42 -0700] "GET /lib/reccapi.php?resort=sugarbush HTTP/1.1" 200 961 "-" "node-superagent/0.18.2"
170.75.162.130 - - [07/Oct/2015:20:22:42 -0700] "GET /lib/reccapi.php?resort=sundayriver HTTP/1.1" 200 953 "-" "node-superagent/0.18.2"
170.75.162.130 - - [07/Oct/2015:20:22:42 -0700] "GET /lib/reccapi.php?resort=stowe HTTP/1.1" 200 940 "-" "node-superagent/0.18.2"
170.75.162.130 - - [07/Oct/2015:20:22:42 -0700] "GET /lib/reccapi.php?resort=taos HTTP/1.1" 200 981 "-" "node-superagent/0.18.2"
170.75.162.130 - - [07/Oct/2015:20:22:42 -0700] "GET /lib/reccapi.php?resort=whitefacemountain HTTP/1.1" 200 967 "-" "node-superagent/0.18.2"
170.75.162.130 - - [07/Oct/2015:20:22:47 -0700] "GET /lib/reccapi.php?resort=wildcatmountain HTTP/1.1" 200 960 "-" "node-superagent/0.18.2"
170.75.162.130 - - [07/Oct/2015:20:22:52 -0700] "GET /lib/reccapi.php?resort=alyeska HTTP/1.1" 200 955 "-" "node-superagent/0.18.2"
170.75.162.130 - - [07/Oct/2015:20:22:57 -0700] "GET /lib/reccapi.php?resort=bigwhite HTTP/1.1" 200 910 "-" "node-superagent/0.18.2"
170.75.162.130 - - [07/Oct/2015:20:23:02 -0700] "GET /lib/reccapi.php?resort=buttermilk HTTP/1.1" 200 1013 "-" "node-superagent/0.18.2"
170.75.162.130 - - [07/Oct/2015:20:23:07 -0700] "GET /lib/reccapi.php?resort=mtrose HTTP/1.1" 200 939 "-" "node-superagent/0.18.2"
170.75.162.130 - - [07/Oct/2015:20:23:12 -0700] "GET /lib/reccapi.php?resort=redmountain HTTP/1.1" 200 900 "-" "node-superagent/0.18.2"
170.75.162.130 - - [07/Oct/2015:20:23:17 -0700] "GET /lib/reccapi.php?resort=schweitzer HTTP/1.1" 200 1004 "-" "node-superagent/0.18.2"
170.75.162.130 - - [07/Oct/2015:20:23:22 -0700] "GET /lib/reccapi.php?resort=silverstarmountain HTTP/1.1" 200 928 "-" "node-superagent/0.18.2"
170.75.162.130 - - [07/Oct/2015:20:23:27 -0700] "GET /lib/reccapi.php?resort=coppermountain HTTP/1.1" 200 1015 "-" "node-superagent/0.18.2"
170.75.162.130 - - [07/Oct/2015:20:23:32 -0700] "GET /lib/reccapi.php?resort=crestedbutte HTTP/1.1" 200 1022 "-" "node-superagent/0.18.2"
170.75.162.130 - - [07/Oct/2015:20:23:37 -0700] "GET /lib/reccapi.php?resort=loveland HTTP/1.1" 200 994 "-" "node-superagent/0.18.2"
170.75.162.130 - - [07/Oct/2015:20:23:42 -0700] "GET /lib/reccapi.php?resort=monarch HTTP/1.1" 200 1001 "-" "node-superagent/0.18.2"
170.75.162.130 - - [07/Oct/2015:20:23:47 -0700] "GET /lib/reccapi.php?resort=aspenmountain HTTP/1.1" 200 1032 "-" "node-superagent/0.18.2"
170.75.162.130 - - [07/Oct/2015:20:23:52 -0700] "GET /lib/reccapi.php?resort=mountainhigh HTTP/1.1" 200 990 "-" "node-superagent/0.18.2"
170.75.162.130 - - [07/Oct/2015:20:23:57 -0700] "GET /lib/reccapi.php?resort=snowmass HTTP/1.1" 200 1022 "-" "node-superagent/0.18.2"
170.75.162.130 - - [07/Oct/2015:20:24:02 -0700] "GET /lib/reccapi.php?resort=steamboat HTTP/1.1" 200 1020 "-" "node-superagent/0.18.2"
170.75.162.130 - - [07/Oct/2015:20:24:07 -0700] "GET /lib/reccapi.php?resort=sunvalley HTTP/1.1" 200 988 "-" "node-superagent/0.18.2"
170.75.162.130 - - [07/Oct/2015:20:24:12 -0700] "GET /lib/reccapi.php?resort=telluride HTTP/1.1" 200 1001 "-" "node-superagent/0.18.2"
170.75.162.130 - - [07/Oct/2015:20:24:17 -0700] "GET /lib/reccapi.php?resort=whistlerblackcomb HTTP/1.1" 200 922 "-" "node-superagent/0.18.2"
170.75.162.130 - - [07/Oct/2015:20:24:22 -0700] "GET /lib/reccapi.php?resort=winterpark HTTP/1.1" 200 1005 "-" "node-superagent/0.18.2"
170.75.162.130 - - [07/Oct/2015:20:24:27 -0700] "GET /lib/reccapi.php?resort=chinapeak HTTP/1.1" 200 986 "-" "node-superagent/0.18.2"
170.75.162.130 - - [07/Oct/2015:20:24:32 -0700] "GET /lib/reccapi.php?resort=solitude HTTP/1.1" 200 970 "-" "node-superagent/0.18.2"
170.75.162.130 - - [07/Oct/2015:20:24:37 -0700] "GET /lib/reccapi.php?resort=sunpeaksresort HTTP/1.1" 200 909 "-" "node-superagent/0.18.2"
180.76.15.139 - - [07/Oct/2015:20:46:04 -0700] "GET / HTTP/1.1" 200 6114 "-" "Mozilla/5.0 (compatible; Baiduspider/2.0; +http://www.baidu.com/search/spider.html)"
180.76.15.7 - - [07/Oct/2015:20:46:55 -0700] "GET / HTTP/1.1" 200 6114 "-" "Mozilla/5.0 (compatible; Baiduspider/2.0; +http://www.baidu.com/search/spider.html)"
98.255.179.106 - - [07/Oct/2015:21:07:50 -0700] "GET /images/wsis-logo-sm.png HTTP/1.1" 200 6108 "http://www.thebackcountry.net/" "Mozilla/5.0 (Macintosh; Intel Mac OS X 10_6_8) AppleWebKit/537.36 (KHTML, like Gecko) Chrome/45.0.2454.101 Safari/537.36"
52.23.240.68 - - [07/Oct/2015:21:19:49 -0700] "GET /favicon.ico HTTP/1.1" 200 1476 "-" "Mozilla/5.0 (X11; Ubuntu; Linux x86_64; rv:31.0) Gecko/20100101 Firefox/31.0"
54.174.253.41 - - [07/Oct/2015:21:19:55 -0700] "GET / HTTP/1.1" 200 6151 "-" "Mozilla/5.0 (X11; Ubuntu; Linux x86_64; rv:31.0) Gecko/20100101 Firefox/31.0"
52.91.227.226 - - [07/Oct/2015:21:26:34 -0700] "GET /robots.txt HTTP/1.1" 200 375 "-" "Mozilla/5.0 (X11; Ubuntu; Linux x86_64; rv:31.0) Gecko/20100101 Firefox/31.0"
52.91.238.251 - - [07/Oct/2015:21:38:37 -0700] "GET / HTTP/1.1" 200 6151 "-" "Mozilla/5.0 (X11; Linux x86_64) AppleWebKit/537.36 (KHTML, like Gecko) Chrome/29.0.1547.57 Safari/537.36"
52.23.210.198 - - [07/Oct/2015:21:38:37 -0700] "GET /robots.txt HTTP/1.1" 200 375 "-" "Mozilla/5.0 (X11; Linux x86_64) AppleWebKit/537.36 (KHTML, like Gecko) Chrome/29.0.1547.57 Safari/537.36"
94.23.19.178 - - [07/Oct/2015:21:44:35 -0700] "GET /robots.txt HTTP/1.0" 200 338 "-" "Mozilla/5.0 (compatible; MJ12bot/v1.4.5; http://www.majestic12.co.uk/bot.php?+)"
94.23.19.178 - - [07/Oct/2015:21:44:37 -0700] "GET /resorts?resort=kirkwood HTTP/1.0" 404 495 "-" "Mozilla/5.0 (compatible; MJ12bot/v1.4.5; http://www.majestic12.co.uk/bot.php?+)"
94.23.19.178 - - [07/Oct/2015:21:44:40 -0700] "GET /resorts?resort=northstar-at-tahoe HTTP/1.0" 404 469 "-" "Mozilla/5.0 (compatible; MJ12bot/v1.4.5; http://www.majestic12.co.uk/bot.php?+)"
94.23.19.178 - - [07/Oct/2015:21:44:42 -0700] "GET /resorts?resort=parkcity HTTP/1.0" 404 469 "-" "Mozilla/5.0 (compatible; MJ12bot/v1.4.5; http://www.majestic12.co.uk/bot.php?+)"
94.23.19.178 - - [07/Oct/2015:21:44:44 -0700] "GET /resorts?resort=sierra-at-tahoe HTTP/1.0" 404 469 "-" "Mozilla/5.0 (compatible; MJ12bot/v1.4.5; http://www.majestic12.co.uk/bot.php?+)"
94.23.19.178 - - [07/Oct/2015:21:44:46 -0700] "GET /resorts?resort=smugglersnotch HTTP/1.0" 404 469 "-" "Mozilla/5.0 (compatible; MJ12bot/v1.4.5; http://www.majestic12.co.uk/bot.php?+)"
180.76.15.28 - - [07/Oct/2015:21:47:15 -0700] "GET / HTTP/1.1" 200 6114 "-" "Mozilla/5.0 (compatible; Baiduspider/2.0; +http://www.baidu.com/search/spider.html)"
180.76.15.13 - - [07/Oct/2015:21:48:12 -0700] "GET / HTTP/1.1" 200 6114 "-" "Mozilla/5.0 (compatible; Baiduspider/2.0; +http://www.baidu.com/search/spider.html)"
66.249.79.15 - - [07/Oct/2015:21:54:05 -0700] "GET /robots.txt HTTP/1.1" 200 419 "-" "Mozilla/5.0 (compatible; Googlebot/2.1; +http://www.google.com/bot.html)"
66.249.79.18 - - [07/Oct/2015:21:54:05 -0700] "GET / HTTP/1.1" 200 2376 "-" "Mozilla/5.0 (iPhone; CPU iPhone OS 8_3 like Mac OS X) AppleWebKit/600.1.4 (KHTML, like Gecko) Version/8.0 Mobile/12F70 Safari/600.1.4 (compatible; Googlebot/2.1; +http://www.google.com/bot.html)"
66.249.84.244 - - [07/Oct/2015:22:25:51 -0700] "GET /images/wsis-logo-sm.png HTTP/1.1" 200 6108 "http://www.thebackcountry.net/" "Mozilla/5.0 (Linux; Android 5.1; LGLS991 Build/LMY47D) AppleWebKit/537.36 (KHTML, like Gecko) Chrome/45.0.2454.94 Mobile Safari/537.36"
208.115.113.83 - - [07/Oct/2015:22:34:57 -0700] "GET /robots.txt HTTP/1.1" 200 319 "-" "Mozilla/5.0 (compatible; DotBot/1.1; http://www.opensiteexplorer.org/dotbot, help@moz.com)"
157.55.39.46 - - [07/Oct/2015:22:47:00 -0700] "GET / HTTP/1.1" 200 2376 "-" "Mozilla/5.0 (compatible; bingbot/2.0; +http://www.bing.com/bingbot.htm)"
123.125.71.83 - - [07/Oct/2015:23:14:41 -0700] "GET / HTTP/1.1" 200 2339 "-" "Mozilla/5.0 (compatible; Baiduspider/2.0; +http://www.baidu.com/search/spider.html)"
123.125.71.50 - - [07/Oct/2015:23:14:43 -0700] "GET /scripts/scripts/vendor/modernizr.js HTTP/1.1" 200 11379 "http://whereshouldiski.com/" "Mozilla/5.0 (compatible; Baiduspider/2.0; +http://www.baidu.com/search/spider.html)"
123.125.71.71 - - [07/Oct/2015:23:14:47 -0700] "GET /bower_components/requirejs/require.js HTTP/1.1" 200 17128 "http://whereshouldiski.com/" "Mozilla/5.0 (compatible; Baiduspider/2.0; +http://www.baidu.com/search/spider.html)"
70.209.198.107 - - [07/Oct/2015:23:25:42 -0700] "GET /images/wsis-logo-sm.png HTTP/1.1" 200 6108 "http://www.thebackcountry.net/" "Mozilla/5.0 (iPad; CPU OS 7_1 like Mac OS X) AppleWebKit/537.51.2 (KHTML, like Gecko) Version/7.0 Mobile/11D167 Safari/9537.53"
173.252.88.93 - - [07/Oct/2015:23:45:43 -0700] "GET /images/wsis-logo-sm.png HTTP/1.1" 206 6118 "http://www.thebackcountry.net/" "facebookexternalhit/1.1 (+http://www.facebook.com/externalhit_uatext.php)"
173.252.80.117 - - [07/Oct/2015:23:45:44 -0700] "GET /images/wsis-logo-sm.png HTTP/1.1" 200 6108 "-" "facebookexternalhit/1.1 (+http://www.facebook.com/externalhit_uatext.php)"
208.115.113.83 - - [07/Oct/2015:23:57:41 -0700] "GET /resorts?resort=alta&date=2014-06-11 HTTP/1.1" 404 476 "-" "Mozilla/5.0 (compatible; DotBot/1.1; http://www.opensiteexplorer.org/dotbot, help@moz.com)"
208.115.113.83 - - [08/Oct/2015:00:00:51 -0700] "GET /resorts?resort=diamondpeak&date=2014-11-03 HTTP/1.1" 404 476 "-" "Mozilla/5.0 (compatible; DotBot/1.1; http://www.opensiteexplorer.org/dotbot, help@moz.com)"
208.115.113.83 - - [08/Oct/2015:00:05:08 -0700] "GET /resorts?resort=steamboat&date=2014-07-09 HTTP/1.1" 404 476 "-" "Mozilla/5.0 (compatible; DotBot/1.1; http://www.opensiteexplorer.org/dotbot, help@moz.com)"
208.115.113.83 - - [08/Oct/2015:00:05:45 -0700] "GET /resorts?resort=sierra-at-tahoe&date=2014-06-08 HTTP/1.1" 404 476 "-" "Mozilla/5.0 (compatible; DotBot/1.1; http://www.opensiteexplorer.org/dotbot, help@moz.com)"
208.115.113.83 - - [08/Oct/2015:00:06:59 -0700] "GET /resorts?resort=brighton&date=2014-06-05 HTTP/1.1" 404 476 "-" "Mozilla/5.0 (compatible; DotBot/1.1; http://www.opensiteexplorer.org/dotbot, help@moz.com)"
170.75.162.130 - - [08/Oct/2015:00:07:53 -0700] "GET /lib/reccapi.php?resort=heavenly HTTP/1.1" 200 1004 "-" "node-superagent/0.18.2"
170.75.162.130 - - [08/Oct/2015:00:43:37 -0700] "GET /lib/reccapi.php?resort=cannonmountain HTTP/1.1" 200 958 "-" "node-superagent/0.18.2"
170.75.162.130 - - [08/Oct/2015:00:43:38 -0700] "GET /lib/reccapi.php?resort=wildcatmountain HTTP/1.1" 200 958 "-" "node-superagent/0.18.2"
170.75.162.130 - - [08/Oct/2015:00:44:27 -0700] "GET /lib/reccapi.php?resort=sugarbush HTTP/1.1" 200 950 "-" "node-superagent/0.18.2"
46.151.52.64 - - [08/Oct/2015:00:45:57 -0700] "GET / HTTP/1.0" 200 6114 "http://whereshouldiski.com/" "Mozilla/5.0 (Windows NT 6.1) AppleWebKit/537.36 (KHTML, like Gecko) Chrome/41.0.2272.101 Safari/537.36"
46.151.52.64 - - [08/Oct/2015:00:45:58 -0700] "GET / HTTP/1.0" 200 6114 "http://whereshouldiski.com/" "Mozilla/5.0 (Windows NT 6.1) AppleWebKit/537.36 (KHTML, like Gecko) Chrome/41.0.2272.101 Safari/537.36"
219.94.254.244 - - [08/Oct/2015:00:47:48 -0700] "GET / HTTP/1.1" 200 6114 "http://whereshouldiski.com" "QuerySeekerSpider ( http://queryseeker.com/bot.html )"
180.76.15.150 - - [08/Oct/2015:00:51:24 -0700] "GET / HTTP/1.1" 200 6114 "-" "Mozilla/5.0 (compatible; Baiduspider/2.0; +http://www.baidu.com/search/spider.html)"
170.75.162.130 - - [08/Oct/2015:00:51:58 -0700] "GET /lib/reccapi.php?resort=sugarloaf HTTP/1.1" 200 948 "-" "node-superagent/0.18.2"
170.75.162.130 - - [08/Oct/2015:00:51:58 -0700] "GET /lib/reccapi.php?resort=sundayriver HTTP/1.1" 200 951 "-" "node-superagent/0.18.2"
180.76.15.17 - - [08/Oct/2015:00:52:34 -0700] "GET / HTTP/1.1" 200 6114 "-" "Mozilla/5.0 (compatible; Baiduspider/2.0; +http://www.baidu.com/search/spider.html)"
118.14.247.114 - - [08/Oct/2015:00:56:16 -0700] "GET /images/wsis-logo-sm.png HTTP/1.1" 200 6108 "http://www.thebackcountry.net/" "Mozilla/5.0 (Windows NT 6.1; WOW64) AppleWebKit/537.36 (KHTML, like Gecko) Chrome/45.0.2454.101 Safari/537.36"
182.118.54.57 - - [08/Oct/2015:01:08:21 -0700] "GET / HTTP/1.1" 200 2320 "-" "Mozilla/5.0 (Macintosh; Intel Mac OS X 10_10_1) AppleWebKit/537.36 (KHTML, like Gecko) Chrome/41.0.2251.0 Safari/537.36"
170.75.162.130 - - [08/Oct/2015:01:14:21 -0700] "GET /lib/reccapi.php?resort=sierra-at-tahoe HTTP/1.1" 200 977 "-" "node-superagent/0.18.2"
91.196.50.33 - - [08/Oct/2015:01:22:55 -0700] "GET http://testp2.czar.bielawa.pl/testproxy.php HTTP/1.1" 404 452 "-" "Mozilla/5.0 (Windows NT 5.1; rv:32.0) Gecko/20100101 Firefox/31.0"
180.76.15.136 - - [08/Oct/2015:01:52:28 -0700] "GET / HTTP/1.1" 200 6114 "-" "Mozilla/5.0 (compatible; Baiduspider/2.0; +http://www.baidu.com/search/spider.html)"
180.76.15.30 - - [08/Oct/2015:01:53:37 -0700] "GET / HTTP/1.1" 200 6114 "-" "Mozilla/5.0 (compatible; Baiduspider/2.0; +http://www.baidu.com/search/spider.html)"
170.75.162.130 - - [08/Oct/2015:02:12:29 -0700] "GET /lib/reccapi.php?resort=taos HTTP/1.1" 200 1012 "-" "node-superagent/0.18.2"
208.115.113.83 - - [08/Oct/2015:02:34:31 -0700] "GET /robots.txt HTTP/1.1" 200 319 "-" "Mozilla/5.0 (compatible; DotBot/1.1; http://www.opensiteexplorer.org/dotbot, help@moz.com)"
180.76.15.160 - - [08/Oct/2015:02:42:24 -0700] "GET / HTTP/1.1" 200 6114 "-" "Mozilla/5.0 (compatible; Baiduspider/2.0; +http://www.baidu.com/search/spider.html)"
176.31.24.29 - - [08/Oct/2015:02:42:43 -0700] "GET / HTTP/1.1" 200 2320 "-" "Mozilla/5.0 (Macintosh; Intel Mac OS X 10_8_0) AppleWebKit/537.36 (KHTML, like Gecko) Chrome/36.0.1994.15 Safari/537.36"
180.76.15.151 - - [08/Oct/2015:02:43:09 -0700] "GET / HTTP/1.1" 200 6114 "-" "Mozilla/5.0 (compatible; Baiduspider/2.0; +http://www.baidu.com/search/spider.html)"
180.76.15.32 - - [08/Oct/2015:02:56:42 -0700] "GET /resorts?resort=hurricaneridge&date=2014-09-29 HTTP/1.1" 404 472 "-" "Mozilla/5.0 (compatible; Baiduspider/2.0; +http://www.baidu.com/search/spider.html)"
123.125.71.106 - - [08/Oct/2015:03:23:46 -0700] "-" 408 0 "-" "-"
180.76.15.29 - - [08/Oct/2015:03:43:01 -0700] "GET / HTTP/1.1" 200 6114 "-" "Mozilla/5.0 (compatible; Baiduspider/2.0; +http://www.baidu.com/search/spider.html)"
180.76.15.138 - - [08/Oct/2015:03:43:43 -0700] "GET / HTTP/1.1" 200 6114 "-" "Mozilla/5.0 (compatible; Baiduspider/2.0; +http://www.baidu.com/search/spider.html)"
170.75.162.130 - - [08/Oct/2015:03:52:02 -0700] "GET /lib/reccapi.php?resort=alyeska HTTP/1.1" 200 952 "-" "node-superagent/0.18.2"
208.115.113.83 - - [08/Oct/2015:03:59:55 -0700] "GET /resorts?resort=stowe&date=2014-11-08 HTTP/1.1" 404 476 "-" "Mozilla/5.0 (compatible; DotBot/1.1; http://www.opensiteexplorer.org/dotbot, help@moz.com)"
189.70.149.3 - - [08/Oct/2015:04:00:28 -0700] "GET /images/wsis-logo-sm.png HTTP/1.1" 200 6108 "http://thebackcountry.net/" "Mozilla/5.0 (Windows NT 6.1; WOW64) AppleWebKit/537.36 (KHTML, like Gecko) Chrome/36.0.1985.143 Safari/537.36"
208.115.113.83 - - [08/Oct/2015:04:00:56 -0700] "GET /resorts?resort=mtrose&date=2014-06-28 HTTP/1.1" 404 476 "-" "Mozilla/5.0 (compatible; DotBot/1.1; http://www.opensiteexplorer.org/dotbot, help@moz.com)"
208.115.113.83 - - [08/Oct/2015:04:01:56 -0700] "GET /resorts?resort=soldiermountain&date=2014-06-12 HTTP/1.1" 404 476 "-" "Mozilla/5.0 (compatible; DotBot/1.1; http://www.opensiteexplorer.org/dotbot, help@moz.com)"
208.115.113.83 - - [08/Oct/2015:04:02:36 -0700] "GET /resorts?resort=eldora&date=2014-06-19 HTTP/1.1" 404 476 "-" "Mozilla/5.0 (compatible; DotBot/1.1; http://www.opensiteexplorer.org/dotbot, help@moz.com)"
208.115.113.83 - - [08/Oct/2015:04:02:44 -0700] "GET /resorts?resort=titusmountain&date=2014-06-07 HTTP/1.1" 404 476 "-" "Mozilla/5.0 (compatible; DotBot/1.1; http://www.opensiteexplorer.org/dotbot, help@moz.com)"
208.115.113.83 - - [08/Oct/2015:04:02:58 -0700] "GET /resorts?resort=silverstarmountain&date=2014-06-07 HTTP/1.1" 404 476 "-" "Mozilla/5.0 (compatible; DotBot/1.1; http://www.opensiteexplorer.org/dotbot, help@moz.com)"
220.181.108.142 - - [08/Oct/2015:04:03:40 -0700] "GET / HTTP/1.1" 200 2339 "-" "Mozilla/5.0 (Windows NT 5.1; rv:6.0.2) Gecko/20100101 Firefox/6.0.2"
220.181.108.180 - - [08/Oct/2015:04:03:43 -0700] "GET / HTTP/1.1" 200 6114 "-" "Mozilla/5.0 (Windows NT 5.1; rv:6.0.2) Gecko/20100101 Firefox/6.0.2"
141.212.122.160 - - [08/Oct/2015:04:22:53 -0700] "GET / HTTP/1.1" 200 6095 "-" "Mozilla/5.0 zgrab/0.x"
208.54.37.206 - - [08/Oct/2015:04:28:52 -0700] "GET /images/wsis-logo-sm.png HTTP/1.1" 200 6108 "http://thebackcountry.net/" "Mozilla/5.0 (Android; Mobile; rv:33.0) Gecko/33.0 Firefox/33.0"
101.226.66.193 - - [08/Oct/2015:04:32:27 -0700] "GET / HTTP/1.1" 200 6114 "-" "Mozilla/5.0 (Linux; U; Android 4.4.2; zh-cn; GT-I9500 Build/KOT49H) AppleWebKit/537.36 (KHTML, like Gecko)Version/4.0 MQQBrowser/5.0 QQ-Manager Mobile Safari/537.36"
180.76.15.155 - - [08/Oct/2015:04:37:12 -0700] "GET / HTTP/1.1" 200 6114 "-" "Mozilla/5.0 (compatible; Baiduspider/2.0; +http://www.baidu.com/search/spider.html)"
180.76.15.139 - - [08/Oct/2015:04:37:46 -0700] "GET / HTTP/1.1" 200 6114 "-" "Mozilla/5.0 (compatible; Baiduspider/2.0; +http://www.baidu.com/search/spider.html)"
101.226.66.193 - - [08/Oct/2015:04:48:04 -0700] "GET /bower_components/requirejs/require.js HTTP/1.1" 200 17147 "http://whereshouldiski.com/bower_components/requirejs/require.js" "Mozilla/5.0 (Linux; U; Android 4.4.2; zh-cn; GT-I9500 Build/KOT49H) AppleWebKit/537.36 (KHTML, like Gecko)Version/4.0 MQQBrowser/5.0 QQ-Manager Mobile Safari/537.36"
101.226.66.193 - - [08/Oct/2015:04:48:05 -0700] "GET /scripts/scripts/vendor/modernizr.js HTTP/1.1" 200 11398 "http://whereshouldiski.com/scripts/scripts/vendor/modernizr.js" "Mozilla/5.0 (Linux; U; Android 4.4.2; zh-cn; GT-I9500 Build/KOT49H) AppleWebKit/537.36 (KHTML, like Gecko)Version/4.0 MQQBrowser/5.0 QQ-Manager Mobile Safari/537.36"
170.75.162.130 - - [08/Oct/2015:04:54:00 -0700] "GET /lib/reccapi.php?resort=sundayriver HTTP/1.1" 200 951 "-" "node-superagent/0.18.2"
170.75.162.130 - - [08/Oct/2015:04:54:00 -0700] "GET /lib/reccapi.php?resort=sugarloaf HTTP/1.1" 200 948 "-" "node-superagent/0.18.2"
218.241.108.79 - - [08/Oct/2015:04:59:33 -0700] "GET / HTTP/1.1" 200 6114 "-" "Mozilla/5.0 (Linux; U; Android 2.2; en-us; Nexus One Build/FRF91) AppleWebKit/533.1 (KHTML, like Gecko) Version/4.0 Mobile Safari/533.1"
186.236.55.124 - - [08/Oct/2015:05:03:40 -0700] "GET / HTTP/1.1" 200 2376 "http://rankings-analytics.com/try.php?u=http://whereshouldiski.com" "Mozilla/5.0 (Windows NT 6.1; WOW64) AppleWebKit/537.36 (KHTML, like Gecko) Chrome/36.0.1985.143 Safari/537.36"
186.236.55.124 - - [08/Oct/2015:05:03:41 -0700] "GET /styles/0fffd548.main.css HTTP/1.1" 200 19316 "http://whereshouldiski.com/" "Mozilla/5.0 (Windows NT 6.1; WOW64) AppleWebKit/537.36 (KHTML, like Gecko) Chrome/36.0.1985.143 Safari/537.36"
186.236.55.124 - - [08/Oct/2015:05:03:41 -0700] "GET /scripts/scripts/vendor/modernizr.js HTTP/1.1" 200 4903 "http://whereshouldiski.com/" "Mozilla/5.0 (Windows NT 6.1; WOW64) AppleWebKit/537.36 (KHTML, like Gecko) Chrome/36.0.1985.143 Safari/537.36"
186.236.55.124 - - [08/Oct/2015:05:03:41 -0700] "GET /bower_components/requirejs/require.js HTTP/1.1" 200 6702 "http://whereshouldiski.com/" "Mozilla/5.0 (Windows NT 6.1; WOW64) AppleWebKit/537.36 (KHTML, like Gecko) Chrome/36.0.1985.143 Safari/537.36"
186.236.55.124 - - [08/Oct/2015:05:03:42 -0700] "GET /images/loading.gif HTTP/1.1" 200 13881 "http://whereshouldiski.com/" "Mozilla/5.0 (Windows NT 6.1; WOW64) AppleWebKit/537.36 (KHTML, like Gecko) Chrome/36.0.1985.143 Safari/537.36"
186.236.55.124 - - [08/Oct/2015:05:03:42 -0700] "GET /images/logo-sm.png HTTP/1.1" 200 16737 "http://whereshouldiski.com/" "Mozilla/5.0 (Windows NT 6.1; WOW64) AppleWebKit/537.36 (KHTML, like Gecko) Chrome/36.0.1985.143 Safari/537.36"
186.236.55.124 - - [08/Oct/2015:05:03:50 -0700] "GET /scripts/fa48e319.main.js HTTP/1.1" 200 123456 "http://whereshouldiski.com/" "Mozilla/5.0 (Windows NT 6.1; WOW64) AppleWebKit/537.36 (KHTML, like Gecko) Chrome/36.0.1985.143 Safari/537.36"
170.75.162.130 - - [08/Oct/2015:05:11:32 -0700] "GET /lib/reccapi.php?resort=bigsky HTTP/1.1" 200 979 "-" "node-superagent/0.18.2"
170.75.162.130 - - [08/Oct/2015:05:11:32 -0700] "GET /lib/reccapi.php?resort=redlodge HTTP/1.1" 200 1022 "-" "node-superagent/0.18.2"
220.181.108.104 - - [08/Oct/2015:05:16:19 -0700] "GET / HTTP/1.1" 200 2339 "-" "Mozilla/5.0 (Windows NT 5.1; rv:6.0.2) Gecko/20100101 Firefox/6.0.2"
220.181.108.107 - - [08/Oct/2015:05:16:20 -0700] "GET / HTTP/1.1" 200 6114 "-" "Mozilla/5.0 (Windows NT 5.1; rv:6.0.2) Gecko/20100101 Firefox/6.0.2"
70.197.3.35 - - [08/Oct/2015:05:16:43 -0700] "GET /images/wsis-logo-sm.png HTTP/1.1" 200 6108 "http://www.thebackcountry.net/" "Mozilla/5.0 (Linux; Android 5.0; SM-G900V Build/LRX21T) AppleWebKit/537.36 (KHTML, like Gecko) Chrome/45.0.2454.94 Mobile Safari/537.36"
170.75.162.130 - - [08/Oct/2015:05:49:06 -0700] "GET /lib/reccapi.php?resort=kirkwood HTTP/1.1" 200 992 "-" "node-superagent/0.18.2"
180.76.15.24 - - [08/Oct/2015:05:54:45 -0700] "GET / HTTP/1.1" 200 6114 "-" "Mozilla/5.0 (compatible; Baiduspider/2.0; +http://www.baidu.com/search/spider.html)"
180.76.15.18 - - [08/Oct/2015:05:55:57 -0700] "GET / HTTP/1.1" 200 6114 "-" "Mozilla/5.0 (compatible; Baiduspider/2.0; +http://www.baidu.com/search/spider.html)"
170.75.162.130 - - [08/Oct/2015:06:05:28 -0700] "GET /lib/reccapi.php?resort=monarch HTTP/1.1" 200 1021 "-" "node-superagent/0.18.2"
170.75.162.130 - - [08/Oct/2015:06:10:49 -0700] "GET /lib/reccapi.php?resort=homewoodmountain HTTP/1.1" 200 995 "-" "node-superagent/0.18.2"
170.75.162.130 - - [08/Oct/2015:06:10:49 -0700] "GET /lib/reccapi.php?resort=killington HTTP/1.1" 200 981 "-" "node-superagent/0.18.2"
170.75.162.130 - - [08/Oct/2015:06:10:49 -0700] "GET /lib/reccapi.php?resort=alta HTTP/1.1" 200 945 "-" "node-superagent/0.18.2"
170.75.162.130 - - [08/Oct/2015:06:10:49 -0700] "GET /lib/reccapi.php?resort=diamondpeak HTTP/1.1" 200 947 "-" "node-superagent/0.18.2"
170.75.162.130 - - [08/Oct/2015:06:10:49 -0700] "GET /lib/reccapi.php?resort=squawvalleyusa HTTP/1.1" 200 991 "-" "node-superagent/0.18.2"
170.75.162.130 - - [08/Oct/2015:06:10:49 -0700] "GET /lib/reccapi.php?resort=northstar-at-tahoe HTTP/1.1" 200 978 "-" "node-superagent/0.18.2"
170.75.162.130 - - [08/Oct/2015:06:10:49 -0700] "GET /lib/reccapi.php?resort=alpinemeadows HTTP/1.1" 200 991 "-" "node-superagent/0.18.2"
170.75.162.130 - - [08/Oct/2015:06:10:49 -0700] "GET /lib/reccapi.php?resort=sugarbowl HTTP/1.1" 200 973 "-" "node-superagent/0.18.2"
220.181.108.90 - - [08/Oct/2015:06:16:26 -0700] "-" 408 0 "-" "-"
123.125.71.71 - - [08/Oct/2015:06:25:17 -0700] "-" 408 0 "-" "-"
208.115.113.83 - - [08/Oct/2015:06:35:45 -0700] "GET /robots.txt HTTP/1.1" 200 319 "-" "Mozilla/5.0 (compatible; DotBot/1.1; http://www.opensiteexplorer.org/dotbot, help@moz.com)"
180.76.15.159 - - [08/Oct/2015:06:52:05 -0700] "GET / HTTP/1.1" 200 6114 "-" "Mozilla/5.0 (compatible; Baiduspider/2.0; +http://www.baidu.com/search/spider.html)"
180.76.15.24 - - [08/Oct/2015:06:53:14 -0700] "GET / HTTP/1.1" 200 6114 "-" "Mozilla/5.0 (compatible; Baiduspider/2.0; +http://www.baidu.com/search/spider.html)"
180.76.15.158 - - [08/Oct/2015:07:00:16 -0700] "GET /resorts?resort=schweitzer HTTP/1.1" 404 469 "-" "Mozilla/5.0 (compatible; Baiduspider/2.0; +http://www.baidu.com/search/spider.html)"
193.201.224.176 - - [08/Oct/2015:07:02:37 -0700] "HEAD /include/fckeditor/editor/ HTTP/1.1" 404 163 "-" "-"
193.201.224.176 - - [08/Oct/2015:07:02:37 -0700] "HEAD /system/fckeditor/editor/ HTTP/1.1" 404 163 "-" "-"
193.201.224.176 - - [08/Oct/2015:07:02:37 -0700] "HEAD /editor/fckeditor/editor/ HTTP/1.1" 404 163 "-" "-"
193.201.224.176 - - [08/Oct/2015:07:02:37 -0700] "HEAD /inc/fckeditor/editor/ HTTP/1.1" 404 163 "-" "-"
193.201.224.176 - - [08/Oct/2015:07:02:37 -0700] "HEAD /ckeditor/editor/ HTTP/1.1" 404 163 "-" "-"
193.201.224.176 - - [08/Oct/2015:07:02:37 -0700] "HEAD /editorold/editor/ HTTP/1.1" 404 163 "-" "-"
193.201.224.176 - - [08/Oct/2015:07:02:37 -0700] "HEAD /Fckeditor/editor/ HTTP/1.1" 404 163 "-" "-"
193.201.224.176 - - [08/Oct/2015:07:02:37 -0700] "HEAD /fck/editor/ HTTP/1.1" 404 163 "-" "-"
193.201.224.176 - - [08/Oct/2015:07:02:37 -0700] "HEAD /Fckeditorold/editor/ HTTP/1.1" 404 163 "-" "-"
193.201.224.176 - - [08/Oct/2015:07:02:38 -0700] "HEAD /editor1/editor/ HTTP/1.1" 404 163 "-" "-"
193.201.224.176 - - [08/Oct/2015:07:02:38 -0700] "HEAD /Fckeditornew/editor/ HTTP/1.1" 404 163 "-" "-"
193.201.224.176 - - [08/Oct/2015:07:02:41 -0700] "HEAD /js/fckeditor/editor/ HTTP/1.1" 404 163 "-" "-"
193.201.224.176 - - [08/Oct/2015:07:02:42 -0700] "HEAD /scripts/fckeditor/editor/ HTTP/1.1" 404 163 "-" "-"
193.201.224.176 - - [08/Oct/2015:07:02:42 -0700] "HEAD /includes/fckeditor/editor/ HTTP/1.1" 404 163 "-" "-"
193.201.224.176 - - [08/Oct/2015:07:02:42 -0700] "HEAD /manage/fckeditor/editor/ HTTP/1.1" 404 163 "-" "-"
193.201.224.176 - - [08/Oct/2015:07:02:42 -0700] "HEAD /admin/fckeditor/editor/ HTTP/1.1" 404 163 "-" "-"
193.201.224.176 - - [08/Oct/2015:07:02:44 -0700] "HEAD /fckeditor/editor/ HTTP/1.1" 404 163 "-" "-"
193.201.224.176 - - [08/Oct/2015:07:02:45 -0700] "HEAD /system/fckeditor/editor/ HTTP/1.1" 404 163 "-" "-"
193.201.224.176 - - [08/Oct/2015:07:02:48 -0700] "HEAD /editor/editor/ HTTP/1.1" 404 163 "-" "-"
123.125.71.36 - - [08/Oct/2015:07:18:17 -0700] "-" 408 0 "-" "-"
170.75.162.130 - - [08/Oct/2015:07:34:39 -0700] "GET /lib/reccapi.php?resort=aspenheights HTTP/1.1" 200 1057 "-" "node-superagent/0.18.2"
71.140.31.214 - - [08/Oct/2015:07:37:54 -0700] "GET /images/wsis-logo-sm.png HTTP/1.1" 200 6108 "http://thebackcountry.net/" "Mozilla/4.0 (compatible; MSIE 8.0; Windows NT 5.1; Trident/4.0; .NET CLR 2.0.50727; .NET CLR 3.0.4506.2152; .NET CLR 3.5.30729; 786908940603; Build/14.08001)"
185.49.14.190 - - [08/Oct/2015:07:38:45 -0700] "GET http://testp2.czar.bielawa.pl/testproxy.php HTTP/1.1" 404 452 "-" "Mozilla/5.0 (Windows NT 5.1; rv:32.0) Gecko/20100101 Firefox/31.0"
180.76.15.162 - - [08/Oct/2015:07:49:44 -0700] "GET / HTTP/1.1" 200 6114 "-" "Mozilla/5.0 (compatible; Baiduspider/2.0; +http://www.baidu.com/search/spider.html)"
180.76.15.146 - - [08/Oct/2015:07:50:51 -0700] "GET / HTTP/1.1" 200 6114 "-" "Mozilla/5.0 (compatible; Baiduspider/2.0; +http://www.baidu.com/search/spider.html)"
208.115.113.83 - - [08/Oct/2015:07:55:34 -0700] "GET /resorts?resort=bigsky&date=2014-10-22 HTTP/1.1" 404 476 "-" "Mozilla/5.0 (compatible; DotBot/1.1; http://www.opensiteexplorer.org/dotbot, help@moz.com)"
208.115.113.83 - - [08/Oct/2015:07:57:47 -0700] "GET /resorts?resort=diamondpeak&date=2014-11-07 HTTP/1.1" 404 476 "-" "Mozilla/5.0 (compatible; DotBot/1.1; http://www.opensiteexplorer.org/dotbot, help@moz.com)"
208.115.113.83 - - [08/Oct/2015:08:00:58 -0700] "GET /resorts?resort=crestedbutte&date=2014-06-19 HTTP/1.1" 404 476 "-" "Mozilla/5.0 (compatible; DotBot/1.1; http://www.opensiteexplorer.org/dotbot, help@moz.com)"
123.125.71.52 - - [08/Oct/2015:08:01:44 -0700] "GET / HTTP/1.1" 200 2339 "-" "Mozilla/5.0 (Windows NT 5.1; rv:6.0.2) Gecko/20100101 Firefox/6.0.2"
123.125.71.36 - - [08/Oct/2015:08:01:44 -0700] "GET / HTTP/1.1" 200 6114 "-" "Mozilla/5.0 (Windows NT 5.1; rv:6.0.2) Gecko/20100101 Firefox/6.0.2"
170.75.162.130 - - [08/Oct/2015:08:03:53 -0700] "GET /lib/reccapi.php?resort=hoodoo HTTP/1.1" 200 976 "-" "node-superagent/0.18.2"
170.75.162.130 - - [08/Oct/2015:08:03:53 -0700] "GET /lib/reccapi.php?resort=mountbachelor HTTP/1.1" 200 975 "-" "node-superagent/0.18.2"
170.75.162.130 - - [08/Oct/2015:08:06:33 -0700] "GET /lib/reccapi.php?resort=deervalley HTTP/1.1" 200 976 "-" "node-superagent/0.18.2"
170.75.162.130 - - [08/Oct/2015:08:06:33 -0700] "GET /lib/reccapi.php?resort=brighton HTTP/1.1" 200 950 "-" "node-superagent/0.18.2"
170.75.162.130 - - [08/Oct/2015:08:07:33 -0700] "GET /lib/reccapi.php?resort=jaypeak HTTP/1.1" 200 980 "-" "node-superagent/0.18.2"
170.75.162.130 - - [08/Oct/2015:08:10:03 -0700] "GET /lib/reccapi.php?resort=mammothmountain HTTP/1.1" 200 982 "-" "node-superagent/0.18.2"
220.181.108.176 - - [08/Oct/2015:08:13:20 -0700] "-" 408 0 "-" "-"
170.75.162.130 - - [08/Oct/2015:08:21:45 -0700] "GET /lib/reccapi.php?resort=grandtarghee HTTP/1.1" 200 1036 "-" "node-superagent/0.18.2"
170.75.162.130 - - [08/Oct/2015:08:21:45 -0700] "GET /lib/reccapi.php?resort=jacksonhole HTTP/1.1" 200 1019 "-" "node-superagent/0.18.2"
170.75.162.130 - - [08/Oct/2015:08:22:05 -0700] "GET /lib/reccapi.php?resort=arapahoebasin HTTP/1.1" 200 1054 "-" "node-superagent/0.18.2"
170.75.162.130 - - [08/Oct/2015:08:22:05 -0700] "GET /lib/reccapi.php?resort=49degreesnorth HTTP/1.1" 200 1017 "-" "node-superagent/0.18.2"
170.75.162.130 - - [08/Oct/2015:08:22:05 -0700] "GET /lib/reccapi.php?resort=angelfire HTTP/1.1" 200 1045 "-" "node-superagent/0.18.2"
170.75.162.130 - - [08/Oct/2015:08:22:05 -0700] "GET /lib/reccapi.php?resort=brianhead HTTP/1.1" 200 972 "-" "node-superagent/0.18.2"
170.75.162.130 - - [08/Oct/2015:08:22:05 -0700] "GET /lib/reccapi.php?resort=canyons HTTP/1.1" 200 943 "-" "node-superagent/0.18.2"
170.75.162.130 - - [08/Oct/2015:08:22:05 -0700] "GET /lib/reccapi.php?resort=crystalmountain HTTP/1.1" 200 970 "-" "node-superagent/0.18.2"
170.75.162.130 - - [08/Oct/2015:08:22:05 -0700] "GET /lib/reccapi.php?resort=devilshead HTTP/1.1" 200 1003 "-" "node-superagent/0.18.2"
170.75.162.130 - - [08/Oct/2015:08:22:05 -0700] "GET /lib/reccapi.php?resort=keystone HTTP/1.1" 200 1041 "-" "node-superagent/0.18.2"
170.75.162.130 - - [08/Oct/2015:08:22:05 -0700] "GET /lib/reccapi.php?resort=madriverglen HTTP/1.1" 200 952 "-" "node-superagent/0.18.2"
170.75.162.130 - - [08/Oct/2015:08:22:45 -0700] "GET /lib/reccapi.php?resort=mountspokane HTTP/1.1" 200 1001 "-" "node-superagent/0.18.2"
170.75.162.130 - - [08/Oct/2015:08:22:45 -0700] "GET /lib/reccapi.php?resort=parkcity HTTP/1.1" 200 976 "-" "node-superagent/0.18.2"
170.75.162.130 - - [08/Oct/2015:08:22:45 -0700] "GET /lib/reccapi.php?resort=mounthoodmeadows HTTP/1.1" 200 985 "-" "node-superagent/0.18.2"
170.75.162.130 - - [08/Oct/2015:08:22:45 -0700] "GET /lib/reccapi.php?resort=smugglersnotch HTTP/1.1" 200 966 "-" "node-superagent/0.18.2"
170.75.162.130 - - [08/Oct/2015:08:22:45 -0700] "GET /lib/reccapi.php?resort=snowbird HTTP/1.1" 200 947 "-" "node-superagent/0.18.2"
170.75.162.130 - - [08/Oct/2015:08:22:45 -0700] "GET /lib/reccapi.php?resort=snowbasin HTTP/1.1" 200 954 "-" "node-superagent/0.18.2"
170.75.162.130 - - [08/Oct/2015:08:22:45 -0700] "GET /lib/reccapi.php?resort=stowe HTTP/1.1" 200 961 "-" "node-superagent/0.18.2"
170.75.162.130 - - [08/Oct/2015:08:22:45 -0700] "GET /lib/reccapi.php?resort=stevenspass HTTP/1.1" 200 964 "-" "node-superagent/0.18.2"
170.75.162.130 - - [08/Oct/2015:08:22:45 -0700] "GET /lib/reccapi.php?resort=whitefacemountain HTTP/1.1" 200 974 "-" "node-superagent/0.18.2"
170.75.162.130 - - [08/Oct/2015:08:23:05 -0700] "GET /lib/reccapi.php?resort=bigwhite HTTP/1.1" 200 913 "-" "node-superagent/0.18.2"
170.75.162.130 - - [08/Oct/2015:08:23:05 -0700] "GET /lib/reccapi.php?resort=buttermilk HTTP/1.1" 200 1034 "-" "node-superagent/0.18.2"
170.75.162.130 - - [08/Oct/2015:08:23:15 -0700] "GET /lib/reccapi.php?resort=mtrose HTTP/1.1" 200 963 "-" "node-superagent/0.18.2"
