170.75.162.130 - - [21/Dec/2015:19:37:38 -0800] "GET /lib/reccapi.php?resort=homewoodmountain HTTP/1.1" 200 1071 "-" "node-superagent/1.4.0"
170.75.162.130 - - [21/Dec/2015:19:37:38 -0800] "GET /lib/reccapi.php?resort=hoodoo HTTP/1.1" 200 1047 "-" "node-superagent/1.4.0"
170.75.162.130 - - [21/Dec/2015:19:37:38 -0800] "GET /lib/reccapi.php?resort=jaypeak HTTP/1.1" 200 1078 "-" "node-superagent/1.4.0"
170.75.162.130 - - [21/Dec/2015:19:37:38 -0800] "GET /lib/reccapi.php?resort=keystone HTTP/1.1" 200 1022 "-" "node-superagent/1.4.0"
170.75.162.130 - - [21/Dec/2015:19:37:38 -0800] "GET /lib/reccapi.php?resort=kirkwood HTTP/1.1" 200 1072 "-" "node-superagent/1.4.0"
170.75.162.130 - - [21/Dec/2015:19:37:38 -0800] "GET /lib/reccapi.php?resort=killington HTTP/1.1" 200 1033 "-" "node-superagent/1.4.0"
170.75.162.130 - - [21/Dec/2015:19:37:43 -0800] "GET /lib/reccapi.php?resort=loveland HTTP/1.1" 200 1073 "-" "node-superagent/1.4.0"
170.75.162.130 - - [21/Dec/2015:19:37:48 -0800] "GET /lib/reccapi.php?resort=madriverglen HTTP/1.1" 200 1052 "-" "node-superagent/1.4.0"
170.75.162.130 - - [21/Dec/2015:19:37:53 -0800] "GET /lib/reccapi.php?resort=winterpark HTTP/1.1" 200 1014 "-" "node-superagent/1.4.0"
170.75.162.130 - - [21/Dec/2015:19:37:58 -0800] "GET /lib/reccapi.php?resort=snowmass HTTP/1.1" 200 982 "-" "node-superagent/1.4.0"
170.75.162.130 - - [21/Dec/2015:19:38:03 -0800] "GET /lib/reccapi.php?resort=sugarbush HTTP/1.1" 200 1057 "-" "node-superagent/1.4.0"
170.75.162.130 - - [21/Dec/2015:19:38:08 -0800] "GET /lib/reccapi.php?resort=sundayriver HTTP/1.1" 200 959 "-" "node-superagent/1.4.0"
170.75.162.130 - - [21/Dec/2015:19:38:13 -0800] "GET /lib/reccapi.php?resort=wildcatmountain HTTP/1.1" 200 999 "-" "node-superagent/1.4.0"
170.75.162.130 - - [21/Dec/2015:19:38:18 -0800] "GET /lib/reccapi.php?resort=mammothmountain HTTP/1.1" 200 1067 "-" "node-superagent/1.4.0"
170.75.162.130 - - [21/Dec/2015:19:38:23 -0800] "GET /lib/reccapi.php?resort=monarch HTTP/1.1" 200 1000 "-" "node-superagent/1.4.0"
170.75.162.130 - - [21/Dec/2015:19:38:28 -0800] "GET /lib/reccapi.php?resort=redlodge HTTP/1.1" 200 1039 "-" "node-superagent/1.4.0"
170.75.162.130 - - [21/Dec/2015:19:38:33 -0800] "GET /lib/reccapi.php?resort=smugglersnotch HTTP/1.1" 200 1040 "-" "node-superagent/1.4.0"
170.75.162.130 - - [21/Dec/2015:19:38:38 -0800] "GET /lib/reccapi.php?resort=steamboat HTTP/1.1" 200 1038 "-" "node-superagent/1.4.0"
170.75.162.130 - - [21/Dec/2015:19:38:43 -0800] "GET /lib/reccapi.php?resort=stowe HTTP/1.1" 200 1036 "-" "node-superagent/1.4.0"
170.75.162.130 - - [21/Dec/2015:19:38:48 -0800] "GET /lib/reccapi.php?resort=sugarbowl HTTP/1.1" 200 1047 "-" "node-superagent/1.4.0"
170.75.162.130 - - [21/Dec/2015:19:38:53 -0800] "GET /lib/reccapi.php?resort=sugarloaf HTTP/1.1" 200 994 "-" "node-superagent/1.4.0"
170.75.162.130 - - [21/Dec/2015:19:38:58 -0800] "GET /lib/reccapi.php?resort=telluride HTTP/1.1" 200 988 "-" "node-superagent/1.4.0"
170.75.162.130 - - [21/Dec/2015:19:39:03 -0800] "GET /lib/reccapi.php?resort=mounthoodmeadows HTTP/1.1" 200 1077 "-" "node-superagent/1.4.0"
68.180.229.34 - - [21/Dec/2015:19:42:08 -0800] "GET /robots.txt HTTP/1.1" 200 319 "-" "Mozilla/5.0 (compatible; Yahoo! Slurp; http://help.yahoo.com/help/us/ysearch/slurp)"
68.180.229.34 - - [21/Dec/2015:19:42:08 -0800] "GET /about HTTP/1.1" 404 450 "-" "Mozilla/5.0 (compatible; Yahoo! Slurp; http://help.yahoo.com/help/us/ysearch/slurp)"
207.192.245.167 - - [21/Dec/2015:19:45:38 -0800] "GET /images/wsis-logo-sm.png HTTP/1.1" 200 6108 "http://www.thebackcountry.net/" "Mozilla/5.0 (Macintosh; Intel Mac OS X 10_9_5) AppleWebKit/537.36 (KHTML, like Gecko) Chrome/47.0.2526.80 Safari/537.36"
99.33.81.101 - - [21/Dec/2015:19:47:15 -0800] "GET /images/wsis-logo-sm.png HTTP/1.1" 200 6108 "http://thebackcountry.net/" "Mozilla/5.0 (Windows NT 6.1; WOW64) AppleWebKit/537.36 (KHTML, like Gecko) Chrome/47.0.2526.106 Safari/537.36"
70.214.39.44 - - [21/Dec/2015:19:48:11 -0800] "GET /images/wsis-logo-sm.png HTTP/1.1" 200 6108 "http://www.thebackcountry.net/" "Mozilla/5.0 (iPhone; CPU iPhone OS 9_2 like Mac OS X) AppleWebKit/601.1.46 (KHTML, like Gecko) Version/9.0 Mobile/13C75 Safari/601.1"
73.170.244.60 - - [21/Dec/2015:19:49:23 -0800] "GET /images/wsis-logo-sm.png HTTP/1.1" 200 6108 "http://www.thebackcountry.net/" "Mozilla/5.0 (Macintosh; Intel Mac OS X 10_11_1) AppleWebKit/537.36 (KHTML, like Gecko) Chrome/46.0.2490.86 Safari/537.36"
50.174.216.12 - - [21/Dec/2015:19:55:34 -0800] "GET /images/wsis-logo-sm.png HTTP/1.1" 200 6108 "http://www.thebackcountry.net/" "Mozilla/5.0 (Windows NT 6.1; WOW64) AppleWebKit/537.36 (KHTML, like Gecko) Chrome/47.0.2526.106 Safari/537.36"
107.220.214.14 - - [21/Dec/2015:20:05:24 -0800] "GET /images/wsis-logo-sm.png HTTP/1.1" 200 6108 "http://thebackcountry.net/" "Mozilla/5.0 (iPad; CPU OS 9_2 like Mac OS X) AppleWebKit/600.1.4 (KHTML, like Gecko) GSA/11.0.65374 Mobile/13C75 Safari/600.1.4"
122.106.87.103 - - [21/Dec/2015:20:13:09 -0800] "GET /images/wsis-logo-sm.png HTTP/1.1" 200 6108 "http://www.thebackcountry.net/" "Mozilla/5.0 (Macintosh; Intel Mac OS X 10_10_5) AppleWebKit/601.2.7 (KHTML, like Gecko) Version/9.0.1 Safari/601.2.7"
66.249.79.234 - - [21/Dec/2015:20:14:05 -0800] "GET /lib/reccapi.php?resort=homewoodmountain&date=2015-12-20 HTTP/1.1" 200 1135 "http://whereshouldiski.com/" "Mozilla/5.0 (compatible; Googlebot/2.1; +http://www.google.com/bot.html)"
66.249.79.220 - - [21/Dec/2015:20:14:07 -0800] "GET /lib/reccapi.php?fields=t&date=2015-12-20&coords=39.17%2C-120.22&size=7&sort=distance HTTP/1.1" 200 1390 "http://whereshouldiski.com/" "Mozilla/5.0 (compatible; Googlebot/2.1; +http://www.google.com/bot.html)"
66.249.79.220 - - [21/Dec/2015:20:14:07 -0800] "GET /lib/resortDataSearchD3.php?size=7&sortDate=T&resort=homewoodmountain&dateStart=2015-12-18 HTTP/1.1" 200 870 "http://whereshouldiski.com/" "Mozilla/5.0 (compatible; Googlebot/2.1; +http://www.google.com/bot.html)"
150.70.173.8 - - [21/Dec/2015:20:23:30 -0800] "GET /#search/date=2015-12-20&state=WA HTTP/1.1" 200 6079 "-" "Mozilla/4.0 (compatible; MSIE 8.0; Windows NT 5.1; Trident/4.0)"
76.20.13.172 - - [21/Dec/2015:20:28:22 -0800] "GET /images/wsis-logo-sm.png HTTP/1.1" 200 6108 "http://www.thebackcountry.net/" "Mozilla/5.0 (Macintosh; Intel Mac OS X 10_10_1) AppleWebKit/600.2.5 (KHTML, like Gecko) Version/8.0.2 Safari/600.2.5"
170.75.162.130 - - [21/Dec/2015:20:34:37 -0800] "GET /lib/reccapi.php?resort=snowbird HTTP/1.1" 200 1024 "-" "node-superagent/1.4.0"
170.75.162.130 - - [21/Dec/2015:20:34:37 -0800] "GET /lib/reccapi.php?resort=solitude HTTP/1.1" 200 1008 "-" "node-superagent/1.4.0"
73.153.57.138 - - [21/Dec/2015:20:37:53 -0800] "GET /images/wsis-logo-sm.png HTTP/1.1" 200 6108 "http://www.thebackcountry.net/" "Mozilla/5.0 (iPhone; CPU iPhone OS 9_2 like Mac OS X) AppleWebKit/601.1.46 (KHTML, like Gecko) Version/9.0 Mobile/13C75 Safari/601.1"
188.68.224.62 - - [21/Dec/2015:20:40:39 -0800] "GET http://51.254.206.142/httptest.php HTTP/1.1" 404 448 "-" "-"
67.189.208.44 - - [21/Dec/2015:20:42:01 -0800] "GET /images/wsis-logo-sm.png HTTP/1.1" 200 6108 "http://www.thebackcountry.net/" "Mozilla/5.0 (X11; Ubuntu; Linux i686; rv:43.0) Gecko/20100101 Firefox/43.0"
174.20.85.196 - - [21/Dec/2015:20:45:59 -0800] "GET / HTTP/1.1" 200 2367 "https://www.google.com" "Mozilla/5.0 (Windows NT 6.1; WOW64; rv:43.0) Gecko/20100101 Firefox/43.0"
174.20.85.196 - - [21/Dec/2015:20:45:59 -0800] "GET /styles/0fffd548.main.css HTTP/1.1" 200 19316 "http://whereshouldiski.com/" "Mozilla/5.0 (Windows NT 6.1; WOW64; rv:43.0) Gecko/20100101 Firefox/43.0"
174.20.85.196 - - [21/Dec/2015:20:45:59 -0800] "GET /scripts/scripts/vendor/modernizr.js HTTP/1.1" 200 4903 "http://whereshouldiski.com/" "Mozilla/5.0 (Windows NT 6.1; WOW64; rv:43.0) Gecko/20100101 Firefox/43.0"
174.20.85.196 - - [21/Dec/2015:20:45:59 -0800] "GET /bower_components/requirejs/require.js HTTP/1.1" 200 6702 "http://whereshouldiski.com/" "Mozilla/5.0 (Windows NT 6.1; WOW64; rv:43.0) Gecko/20100101 Firefox/43.0"
174.20.85.196 - - [21/Dec/2015:20:45:59 -0800] "GET /images/loading.gif HTTP/1.1" 200 13882 "http://whereshouldiski.com/" "Mozilla/5.0 (Windows NT 6.1; WOW64; rv:43.0) Gecko/20100101 Firefox/43.0"
174.20.85.196 - - [21/Dec/2015:20:45:59 -0800] "GET /images/logo-sm.png HTTP/1.1" 200 16737 "http://whereshouldiski.com/" "Mozilla/5.0 (Windows NT 6.1; WOW64; rv:43.0) Gecko/20100101 Firefox/43.0"
174.20.85.196 - - [21/Dec/2015:20:45:59 -0800] "GET /scripts/fa48e319.main.js HTTP/1.1" 200 123455 "http://whereshouldiski.com/" "Mozilla/5.0 (Windows NT 6.1; WOW64; rv:43.0) Gecko/20100101 Firefox/43.0"
174.20.85.196 - - [21/Dec/2015:20:46:00 -0800] "GET /favicon.ico HTTP/1.1" 200 1475 "-" "Mozilla/5.0 (Windows NT 6.1; WOW64; rv:43.0) Gecko/20100101 Firefox/43.0"
174.20.85.196 - - [21/Dec/2015:20:46:00 -0800] "GET /images/greyHeader.png HTTP/1.1" 200 508 "http://whereshouldiski.com/styles/0fffd548.main.css" "Mozilla/5.0 (Windows NT 6.1; WOW64; rv:43.0) Gecko/20100101 Firefox/43.0"
174.20.85.196 - - [21/Dec/2015:20:46:00 -0800] "GET /lib/reccapi.php?fields=t HTTP/1.1" 200 1848 "http://whereshouldiski.com/" "Mozilla/5.0 (Windows NT 6.1; WOW64; rv:43.0) Gecko/20100101 Firefox/43.0"
174.20.85.196 - - [21/Dec/2015:20:46:00 -0800] "GET /images/snowflake5.png HTTP/1.1" 200 2857 "http://whereshouldiski.com/styles/0fffd548.main.css" "Mozilla/5.0 (Windows NT 6.1; WOW64; rv:43.0) Gecko/20100101 Firefox/43.0"
174.20.85.196 - - [21/Dec/2015:20:46:00 -0800] "GET /images/star5.png HTTP/1.1" 200 1783 "http://whereshouldiski.com/styles/0fffd548.main.css" "Mozilla/5.0 (Windows NT 6.1; WOW64; rv:43.0) Gecko/20100101 Firefox/43.0"
174.20.85.196 - - [21/Dec/2015:20:46:00 -0800] "GET /images/bluebird5.png HTTP/1.1" 200 2177 "http://whereshouldiski.com/styles/0fffd548.main.css" "Mozilla/5.0 (Windows NT 6.1; WOW64; rv:43.0) Gecko/20100101 Firefox/43.0"
174.20.85.196 - - [21/Dec/2015:20:46:00 -0800] "GET /images/mtns-icon.png HTTP/1.1" 200 1096 "http://whereshouldiski.com/styles/0fffd548.main.css" "Mozilla/5.0 (Windows NT 6.1; WOW64; rv:43.0) Gecko/20100101 Firefox/43.0"
174.20.85.196 - - [21/Dec/2015:20:46:00 -0800] "GET /images/shading-icon.png HTTP/1.1" 200 537 "http://whereshouldiski.com/styles/0fffd548.main.css" "Mozilla/5.0 (Windows NT 6.1; WOW64; rv:43.0) Gecko/20100101 Firefox/43.0"
174.20.85.196 - - [21/Dec/2015:20:46:07 -0800] "GET /lib/reccapi.php?resort=whistlerblackcomb&date=2015-12-21 HTTP/1.1" 200 969 "http://whereshouldiski.com/" "Mozilla/5.0 (Windows NT 6.1; WOW64; rv:43.0) Gecko/20100101 Firefox/43.0"
174.20.85.196 - - [21/Dec/2015:20:46:07 -0800] "GET /images/opensnow_logo.png HTTP/1.1" 200 11777 "http://whereshouldiski.com/" "Mozilla/5.0 (Windows NT 6.1; WOW64; rv:43.0) Gecko/20100101 Firefox/43.0"
174.20.85.196 - - [21/Dec/2015:20:46:07 -0800] "GET /images/snowforecast-logo.jpg HTTP/1.1" 200 22988 "http://whereshouldiski.com/" "Mozilla/5.0 (Windows NT 6.1; WOW64; rv:43.0) Gecko/20100101 Firefox/43.0"
174.20.85.196 - - [21/Dec/2015:20:46:07 -0800] "GET /images/snowflake-med-5.png HTTP/1.1" 200 6157 "http://whereshouldiski.com/styles/0fffd548.main.css" "Mozilla/5.0 (Windows NT 6.1; WOW64; rv:43.0) Gecko/20100101 Firefox/43.0"
174.20.85.196 - - [21/Dec/2015:20:46:07 -0800] "GET /images/stars-med-5.png HTTP/1.1" 200 4124 "http://whereshouldiski.com/styles/0fffd548.main.css" "Mozilla/5.0 (Windows NT 6.1; WOW64; rv:43.0) Gecko/20100101 Firefox/43.0"
174.20.85.196 - - [21/Dec/2015:20:46:07 -0800] "GET /images/sun-med-5.png HTTP/1.1" 200 7627 "http://whereshouldiski.com/styles/0fffd548.main.css" "Mozilla/5.0 (Windows NT 6.1; WOW64; rv:43.0) Gecko/20100101 Firefox/43.0"
174.20.85.196 - - [21/Dec/2015:20:46:07 -0800] "GET /lib/reccapi.php?fields=t&date=2015-12-21&coords=50.1159%2C-122.949&size=7&sort=distance HTTP/1.1" 200 1401 "http://whereshouldiski.com/" "Mozilla/5.0 (Windows NT 6.1; WOW64; rv:43.0) Gecko/20100101 Firefox/43.0"
174.20.85.196 - - [21/Dec/2015:20:46:07 -0800] "GET /lib/resortDataSearchD3.php?size=7&sortDate=T&resort=whistlerblackcomb&dateStart=2015-12-19 HTTP/1.1" 200 878 "http://whereshouldiski.com/" "Mozilla/5.0 (Windows NT 6.1; WOW64; rv:43.0) Gecko/20100101 Firefox/43.0"
174.20.85.196 - - [21/Dec/2015:20:46:07 -0800] "GET /images/mtns-30px.png HTTP/1.1" 200 1201 "http://whereshouldiski.com/styles/0fffd548.main.css" "Mozilla/5.0 (Windows NT 6.1; WOW64; rv:43.0) Gecko/20100101 Firefox/43.0"
174.20.85.196 - - [21/Dec/2015:20:46:07 -0800] "GET /images/shading-53px.png HTTP/1.1" 200 547 "http://whereshouldiski.com/styles/0fffd548.main.css" "Mozilla/5.0 (Windows NT 6.1; WOW64; rv:43.0) Gecko/20100101 Firefox/43.0"
127.0.0.1 - - [21/Dec/2015:20:46:12 -0800] "OPTIONS * HTTP/1.0" 200 126 "-" "Apache/2.2.22 (Ubuntu) (internal dummy connection)"
174.20.85.196 - - [21/Dec/2015:20:46:36 -0800] "GET /lib/reccapi.php?fields=t&state=UT HTTP/1.1" 200 1423 "http://whereshouldiski.com/" "Mozilla/5.0 (Windows NT 6.1; WOW64; rv:43.0) Gecko/20100101 Firefox/43.0"
174.20.85.196 - - [21/Dec/2015:20:46:36 -0800] "GET /images/greenHeader.png HTTP/1.1" 200 508 "http://whereshouldiski.com/styles/0fffd548.main.css" "Mozilla/5.0 (Windows NT 6.1; WOW64; rv:43.0) Gecko/20100101 Firefox/43.0"
174.20.85.196 - - [21/Dec/2015:20:47:13 -0800] "GET /lib/reccapi.php?fields=t HTTP/1.1" 200 1849 "http://whereshouldiski.com/" "Mozilla/5.0 (Windows NT 6.1; WOW64; rv:43.0) Gecko/20100101 Firefox/43.0"
174.20.85.196 - - [21/Dec/2015:20:50:47 -0800] "GET /lib/reccapi.php?resort=crystalmountain&date=2015-12-24 HTTP/1.1" 200 1052 "http://whereshouldiski.com/" "Mozilla/5.0 (Windows NT 6.1; WOW64; rv:43.0) Gecko/20100101 Firefox/43.0"
174.20.85.196 - - [21/Dec/2015:20:50:48 -0800] "GET /lib/reccapi.php?fields=t&date=2015-12-24&coords=46.92%2C-121.49&size=7&sort=distance HTTP/1.1" 200 1417 "http://whereshouldiski.com/" "Mozilla/5.0 (Windows NT 6.1; WOW64; rv:43.0) Gecko/20100101 Firefox/43.0"
174.20.85.196 - - [21/Dec/2015:20:50:48 -0800] "GET /lib/resortDataSearchD3.php?size=7&sortDate=T&resort=crystalmountain&dateStart=2015-12-22 HTTP/1.1" 200 698 "http://whereshouldiski.com/" "Mozilla/5.0 (Windows NT 6.1; WOW64; rv:43.0) Gecko/20100101 Firefox/43.0"
45.79.107.83 - - [21/Dec/2015:20:56:59 -0800] "HEAD / HTTP/1.1" 200 371 "http://scripted.com/whereshouldiski.com" "Mozilla/5.0 (Windows NT 6.3; WOW64; Trident/7.0; rv:11.0) like Gecko"
76.126.66.16 - - [21/Dec/2015:21:04:08 -0800] "GET /images/wsis-logo-sm.png HTTP/1.1" 200 6108 "http://www.thebackcountry.net/" "Mozilla/5.0 (Macintosh; Intel Mac OS X 10_10_5) AppleWebKit/537.36 (KHTML, like Gecko) Chrome/47.0.2526.73 Safari/537.36"
141.212.122.129 - - [21/Dec/2015:21:15:01 -0800] "GET /x HTTP/1.1" 400 539 "-" "Telesphoreo"
72.47.149.123 - - [21/Dec/2015:21:18:18 -0800] "GET /images/wsis-logo-sm.png HTTP/1.1" 200 6108 "http://www.thebackcountry.net/" "Mozilla/5.0 (Macintosh; Intel Mac OS X 10_11_1) AppleWebKit/601.2.7 (KHTML, like Gecko) Version/9.0.1 Safari/601.2.7"
76.125.49.125 - - [21/Dec/2015:21:28:54 -0800] "GET /images/wsis-logo-sm.png HTTP/1.1" 200 6108 "http://www.thebackcountry.net/" "Mozilla/5.0 (iPhone; CPU iPhone OS 9_1 like Mac OS X) AppleWebKit/601.1.46 (KHTML, like Gecko) Version/9.0 Mobile/13B143 Safari/601.1"
70.211.2.167 - - [21/Dec/2015:21:30:39 -0800] "GET /images/wsis-logo-sm.png HTTP/1.1" 200 6108 "http://www.thebackcountry.net/" "Mozilla/5.0 (iPhone; CPU iPhone OS 9_2 like Mac OS X) AppleWebKit/601.1.46 (KHTML, like Gecko) Mobile/13C75"
24.205.210.204 - - [21/Dec/2015:21:38:19 -0800] "GET /images/wsis-logo-sm.png HTTP/1.1" 200 6108 "http://www.thebackcountry.net/" "Mozilla/5.0 (Macintosh; Intel Mac OS X 10.10; rv:43.0) Gecko/20100101 Firefox/43.0"
67.188.36.183 - - [21/Dec/2015:21:43:17 -0800] "GET /images/wsis-logo-sm.png HTTP/1.1" 200 6108 "http://www.thebackcountry.net/" "Mozilla/5.0 (Macintosh; Intel Mac OS X 10_10_5) AppleWebKit/537.36 (KHTML, like Gecko) Chrome/46.0.2490.86 Safari/537.36"
24.5.115.216 - - [21/Dec/2015:21:43:46 -0800] "GET /images/wsis-logo-sm.png HTTP/1.1" 200 6108 "http://www.thebackcountry.net/" "Mozilla/5.0 (iPad; CPU OS 5_1 like Mac OS X) AppleWebKit/534.46 (KHTML, like Gecko) Version/5.1 Mobile/9B176 Safari/7534.48.3"
66.249.79.234 - - [21/Dec/2015:21:46:53 -0800] "GET /resorts?resort=turnermountain&date=2012-12-18 HTTP/1.1" 404 506 "-" "Mozilla/5.0 (iPhone; CPU iPhone OS 8_3 like Mac OS X) AppleWebKit/600.1.4 (KHTML, like Gecko) Version/8.0 Mobile/12F70 Safari/600.1.4 (compatible; Googlebot/2.1; +http://www.google.com/bot.html)"
67.181.86.207 - - [21/Dec/2015:21:56:31 -0800] "GET /images/wsis-logo-sm.png HTTP/1.1" 200 6108 "http://www.thebackcountry.net/" "Mozilla/5.0 (Macintosh; Intel Mac OS X 10_11_2) AppleWebKit/537.36 (KHTML, like Gecko) Chrome/47.0.2526.106 Safari/537.36"
66.249.84.247 - - [21/Dec/2015:22:01:32 -0800] "GET / HTTP/1.1" 200 2367 "-" "Mozilla/5.0 (Windows NT 6.1; rv:6.0) Gecko/20110814 Firefox/6.0 Google Favicon"
66.249.84.241 - - [21/Dec/2015:22:01:32 -0800] "GET /favicon.ico HTTP/1.1" 200 1476 "-" "Mozilla/5.0 (Windows NT 6.1; rv:6.0) Gecko/20110814 Firefox/6.0 Google Favicon"
184.23.0.23 - - [21/Dec/2015:22:05:24 -0800] "GET /images/wsis-logo-sm.png HTTP/1.1" 200 6108 "http://www.thebackcountry.net/" "Mozilla/5.0 (Macintosh; Intel Mac OS X 10_11_2) AppleWebKit/537.36 (KHTML, like Gecko) Chrome/47.0.2526.106 Safari/537.36"
170.75.162.130 - - [21/Dec/2015:22:06:20 -0800] "GET /lib/reccapi.php?resort=squawvalleyusa HTTP/1.1" 200 1067 "-" "node-superagent/1.4.0"
170.75.162.130 - - [21/Dec/2015:22:19:02 -0800] "GET /lib/reccapi.php?resort=sierra-at-tahoe HTTP/1.1" 200 1061 "-" "node-superagent/1.4.0"
192.240.125.50 - - [21/Dec/2015:22:28:14 -0800] "GET /images/wsis-logo-sm.png HTTP/1.1" 200 6052 "http://www.thebackcountry.net/" "Mozilla/5.0 (Windows NT 5.1) AppleWebKit/537.36 (KHTML, like Gecko) Chrome/46.0.2490.86 Safari/537.36"
170.75.162.130 - - [21/Dec/2015:22:29:43 -0800] "GET /lib/reccapi.php?resort=crystalmountain HTTP/1.1" 200 1026 "-" "node-superagent/1.4.0"
73.225.105.169 - - [21/Dec/2015:22:33:00 -0800] "GET / HTTP/1.1" 200 2367 "https://www.bing.com/" "Mozilla/5.0 (Windows NT 10.0; Win64; x64) AppleWebKit/537.36 (KHTML, like Gecko) Chrome/42.0.2311.135 Safari/537.36 Edge/12.10240"
73.225.105.169 - - [21/Dec/2015:22:33:00 -0800] "GET /scripts/scripts/vendor/modernizr.js HTTP/1.1" 200 4903 "http://www.whereshouldiski.com/" "Mozilla/5.0 (Windows NT 10.0; Win64; x64) AppleWebKit/537.36 (KHTML, like Gecko) Chrome/42.0.2311.135 Safari/537.36 Edge/12.10240"
73.225.105.169 - - [21/Dec/2015:22:33:00 -0800] "GET /styles/0fffd548.main.css HTTP/1.1" 200 19316 "http://www.whereshouldiski.com/" "Mozilla/5.0 (Windows NT 10.0; Win64; x64) AppleWebKit/537.36 (KHTML, like Gecko) Chrome/42.0.2311.135 Safari/537.36 Edge/12.10240"
73.225.105.169 - - [21/Dec/2015:22:33:00 -0800] "GET /images/logo-sm.png HTTP/1.1" 200 16738 "http://www.whereshouldiski.com/" "Mozilla/5.0 (Windows NT 10.0; Win64; x64) AppleWebKit/537.36 (KHTML, like Gecko) Chrome/42.0.2311.135 Safari/537.36 Edge/12.10240"
73.225.105.169 - - [21/Dec/2015:22:33:00 -0800] "GET /bower_components/requirejs/require.js HTTP/1.1" 200 6702 "http://www.whereshouldiski.com/" "Mozilla/5.0 (Windows NT 10.0; Win64; x64) AppleWebKit/537.36 (KHTML, like Gecko) Chrome/42.0.2311.135 Safari/537.36 Edge/12.10240"
73.225.105.169 - - [21/Dec/2015:22:33:00 -0800] "GET /images/loading.gif HTTP/1.1" 200 13882 "http://www.whereshouldiski.com/" "Mozilla/5.0 (Windows NT 10.0; Win64; x64) AppleWebKit/537.36 (KHTML, like Gecko) Chrome/42.0.2311.135 Safari/537.36 Edge/12.10240"
73.225.105.169 - - [21/Dec/2015:22:33:01 -0800] "GET /images/button.png HTTP/1.1" 200 598 "http://www.whereshouldiski.com/" "Mozilla/5.0 (Windows NT 10.0; Win64; x64) AppleWebKit/537.36 (KHTML, like Gecko) Chrome/42.0.2311.135 Safari/537.36 Edge/12.10240"
73.225.105.169 - - [21/Dec/2015:22:33:01 -0800] "GET /favicon.ico HTTP/1.1" 200 1476 "-" "Mozilla/5.0 (Windows NT 10.0; Win64; x64) AppleWebKit/537.36 (KHTML, like Gecko) Chrome/42.0.2311.135 Safari/537.36 Edge/12.10240"
73.225.105.169 - - [21/Dec/2015:22:33:01 -0800] "GET /scripts/fa48e319.main.js HTTP/1.1" 200 123455 "http://www.whereshouldiski.com/" "Mozilla/5.0 (Windows NT 10.0; Win64; x64) AppleWebKit/537.36 (KHTML, like Gecko) Chrome/42.0.2311.135 Safari/537.36 Edge/12.10240"
73.225.105.169 - - [21/Dec/2015:22:33:01 -0800] "GET /lib/reccapi.php?fields=t HTTP/1.1" 200 1849 "http://www.whereshouldiski.com/" "Mozilla/5.0 (Windows NT 10.0; Win64; x64) AppleWebKit/537.36 (KHTML, like Gecko) Chrome/42.0.2311.135 Safari/537.36 Edge/12.10240"
73.225.105.169 - - [21/Dec/2015:22:33:01 -0800] "GET /images/greyHeader.png HTTP/1.1" 200 508 "http://www.whereshouldiski.com/" "Mozilla/5.0 (Windows NT 10.0; Win64; x64) AppleWebKit/537.36 (KHTML, like Gecko) Chrome/42.0.2311.135 Safari/537.36 Edge/12.10240"
73.225.105.169 - - [21/Dec/2015:22:33:01 -0800] "GET /images/snowflake5.png HTTP/1.1" 200 2857 "http://www.whereshouldiski.com/" "Mozilla/5.0 (Windows NT 10.0; Win64; x64) AppleWebKit/537.36 (KHTML, like Gecko) Chrome/42.0.2311.135 Safari/537.36 Edge/12.10240"
73.225.105.169 - - [21/Dec/2015:22:33:01 -0800] "GET /images/star5.png HTTP/1.1" 200 1783 "http://www.whereshouldiski.com/" "Mozilla/5.0 (Windows NT 10.0; Win64; x64) AppleWebKit/537.36 (KHTML, like Gecko) Chrome/42.0.2311.135 Safari/537.36 Edge/12.10240"
73.225.105.169 - - [21/Dec/2015:22:33:01 -0800] "GET /images/bluebird5.png HTTP/1.1" 200 2177 "http://www.whereshouldiski.com/" "Mozilla/5.0 (Windows NT 10.0; Win64; x64) AppleWebKit/537.36 (KHTML, like Gecko) Chrome/42.0.2311.135 Safari/537.36 Edge/12.10240"
73.225.105.169 - - [21/Dec/2015:22:33:01 -0800] "GET /images/shading-icon.png HTTP/1.1" 200 536 "http://www.whereshouldiski.com/" "Mozilla/5.0 (Windows NT 10.0; Win64; x64) AppleWebKit/537.36 (KHTML, like Gecko) Chrome/42.0.2311.135 Safari/537.36 Edge/12.10240"
73.225.105.169 - - [21/Dec/2015:22:33:01 -0800] "GET /images/mtns-icon.png HTTP/1.1" 200 1096 "http://www.whereshouldiski.com/" "Mozilla/5.0 (Windows NT 10.0; Win64; x64) AppleWebKit/537.36 (KHTML, like Gecko) Chrome/42.0.2311.135 Safari/537.36 Edge/12.10240"
127.0.0.1 - - [21/Dec/2015:22:33:09 -0800] "OPTIONS * HTTP/1.0" 200 126 "-" "Apache/2.2.22 (Ubuntu) (internal dummy connection)"
127.0.0.1 - - [21/Dec/2015:22:33:10 -0800] "OPTIONS * HTTP/1.0" 200 126 "-" "Apache/2.2.22 (Ubuntu) (internal dummy connection)"
127.0.0.1 - - [21/Dec/2015:22:33:11 -0800] "OPTIONS * HTTP/1.0" 200 126 "-" "Apache/2.2.22 (Ubuntu) (internal dummy connection)"
127.0.0.1 - - [21/Dec/2015:22:33:12 -0800] "OPTIONS * HTTP/1.0" 200 126 "-" "Apache/2.2.22 (Ubuntu) (internal dummy connection)"
127.0.0.1 - - [21/Dec/2015:22:33:13 -0800] "OPTIONS * HTTP/1.0" 200 126 "-" "Apache/2.2.22 (Ubuntu) (internal dummy connection)"
73.225.105.169 - - [21/Dec/2015:22:33:22 -0800] "-" 408 0 "-" "-"
73.225.105.169 - - [21/Dec/2015:22:33:22 -0800] "-" 408 0 "-" "-"
127.0.0.1 - - [21/Dec/2015:22:33:25 -0800] "OPTIONS * HTTP/1.0" 200 126 "-" "Apache/2.2.22 (Ubuntu) (internal dummy connection)"
127.0.0.1 - - [21/Dec/2015:22:33:26 -0800] "OPTIONS * HTTP/1.0" 200 126 "-" "Apache/2.2.22 (Ubuntu) (internal dummy connection)"
91.200.12.139 - - [21/Dec/2015:22:38:40 -0800] "GET / HTTP/1.1" 200 6135 "-" "-"
91.200.12.139 - - [21/Dec/2015:22:38:40 -0800] "GET /xmlrpc.php HTTP/1.1" 404 476 "-" "-"
91.200.12.139 - - [21/Dec/2015:22:38:40 -0800] "HEAD /wp-login.php HTTP/1.1" 404 163 "-" "-"
108.247.58.70 - - [21/Dec/2015:22:46:23 -0800] "GET /images/wsis-logo-sm.png HTTP/1.1" 200 6108 "http://www.thebackcountry.net/" "Mozilla/5.0 (Windows NT 10.0; WOW64) AppleWebKit/537.36 (KHTML, like Gecko) Chrome/47.0.2526.106 Safari/537.36"
24.7.138.32 - - [21/Dec/2015:22:48:20 -0800] "GET /images/wsis-logo-sm.png HTTP/1.1" 200 6108 "http://www.thebackcountry.net/" "Mozilla/5.0 (Macintosh; Intel Mac OS X 10_9_5) AppleWebKit/537.36 (KHTML, like Gecko) Chrome/47.0.2526.80 Safari/537.36"
24.7.123.87 - - [21/Dec/2015:22:50:48 -0800] "GET /images/wsis-logo-sm.png HTTP/1.1" 200 6108 "http://www.thebackcountry.net/" "Mozilla/5.0 (X11; CrOS x86_64 7520.63.0) AppleWebKit/537.36 (KHTML, like Gecko) Chrome/47.0.2526.106 Safari/537.36"
50.50.147.255 - - [21/Dec/2015:22:57:01 -0800] "GET /images/wsis-logo-sm.png HTTP/1.1" 200 6108 "http://www.thebackcountry.net/" "Mozilla/5.0 (Macintosh; Intel Mac OS X 10_11_2) AppleWebKit/601.3.9 (KHTML, like Gecko) Version/9.0.2 Safari/601.3.9"
170.75.162.130 - - [21/Dec/2015:22:59:07 -0800] "GET /lib/reccapi.php?resort=whitefacemountain HTTP/1.1" 200 1063 "-" "node-superagent/1.4.0"
209.33.44.20 - - [21/Dec/2015:23:07:12 -0800] "GET /images/wsis-logo-sm.png HTTP/1.1" 200 6108 "http://www.thebackcountry.net/" "Mozilla/5.0 (iPhone; CPU iPhone OS 8_4_1 like Mac OS X) AppleWebKit/600.1.4 (KHTML, like Gecko) Version/8.0 Mobile/12H321 Safari/600.1.4"
104.177.108.92 - - [21/Dec/2015:23:15:41 -0800] "GET /images/wsis-logo-sm.png HTTP/1.1" 200 6108 "http://www.thebackcountry.net/" "Mozilla/5.0 (Windows NT 6.1; WOW64) AppleWebKit/537.36 (KHTML, like Gecko) Chrome/47.0.2526.106 Safari/537.36"
170.75.162.130 - - [21/Dec/2015:23:18:09 -0800] "GET /lib/reccapi.php?resort=mtrose HTTP/1.1" 200 1038 "-" "node-superagent/1.4.0"
170.75.162.130 - - [21/Dec/2015:23:18:09 -0800] "GET /lib/reccapi.php?resort=northstar-at-tahoe HTTP/1.1" 200 1050 "-" "node-superagent/1.4.0"
173.164.189.93 - - [21/Dec/2015:23:22:47 -0800] "GET /images/wsis-logo-sm.png HTTP/1.1" 200 6108 "http://www.thebackcountry.net/" "Mozilla/5.0 (Macintosh; Intel Mac OS X 10_9_5) AppleWebKit/537.36 (KHTML, like Gecko) Chrome/47.0.2526.106 Safari/537.36"
166.137.246.51 - - [21/Dec/2015:23:29:06 -0800] "GET /images/wsis-logo-sm.png HTTP/1.1" 200 6108 "http://www.thebackcountry.net/" "Mozilla/5.0 (Linux; Android 5.1.1; SM-J200GU Build/LMY47X) AppleWebKit/537.36 (KHTML, like Gecko) Chrome/43.0.2357.93 Mobile Safari/537.36"
66.214.211.234 - - [22/Dec/2015:00:12:59 -0800] "GET /images/wsis-logo-sm.png HTTP/1.1" 200 6108 "http://www.thebackcountry.net/" "Mozilla/5.0 (Linux; Android 5.1.1; SM-N920P Build/LMY47X) AppleWebKit/537.36 (KHTML, like Gecko) Chrome/47.0.2526.83 Mobile Safari/537.36"
66.214.211.234 - - [22/Dec/2015:00:13:20 -0800] "-" 408 0 "-" "-"
5.9.89.170 - - [22/Dec/2015:00:13:53 -0800] "GET /robots.txt HTTP/1.0" 200 338 "-" "Mozilla/5.0 (compatible; MJ12bot/v1.4.5; http://www.majestic12.co.uk/bot.php?+)"
5.9.89.170 - - [22/Dec/2015:00:13:54 -0800] "GET /robots.txt HTTP/1.0" 200 338 "-" "Mozilla/5.0 (compatible; MJ12bot/v1.4.5; http://www.majestic12.co.uk/bot.php?+)"
71.9.252.15 - - [22/Dec/2015:00:14:48 -0800] "GET /images/wsis-logo-sm.png HTTP/1.1" 200 6108 "http://www.thebackcountry.net/" "Mozilla/5.0 (Windows NT 6.3; WOW64) AppleWebKit/537.36 (KHTML, like Gecko) Chrome/47.0.2526.106 Safari/537.36"
66.214.211.234 - - [22/Dec/2015:00:16:22 -0800] "-" 408 0 "-" "-"
66.214.211.234 - - [22/Dec/2015:00:16:22 -0800] "-" 408 0 "-" "-"
204.14.103.6 - - [22/Dec/2015:00:18:21 -0800] "GET /images/wsis-logo-sm.png HTTP/1.1" 200 6108 "http://www.thebackcountry.net/" "Mozilla/5.0 (Macintosh; Intel Mac OS X 10_10_5) AppleWebKit/537.36 (KHTML, like Gecko) Chrome/47.0.2526.80 Safari/537.36"
170.75.162.130 - - [22/Dec/2015:00:18:29 -0800] "GET /lib/reccapi.php?resort=snowbasin HTTP/1.1" 200 1017 "-" "node-superagent/1.4.0"
92.53.125.54 - - [22/Dec/2015:00:37:08 -0800] "GET /index.php?option=com_contenthistory&view=history&list[ordering]=&item_id=75&type_id=1&list[select]=(ExtractValue(1,(select concat_ws(0x3a,user(),version(),database())))) HTTP/1.1" 404 495 "-" "Mozilla/5.0 (Windows NT 5.1) AppleWebKit/537.36 (KHTML, like Gecko) Chrome/46.0.2490.86 Safari/537.36"
188.68.224.62 - - [22/Dec/2015:00:39:53 -0800] "GET http://51.254.206.142/httptest.php HTTP/1.1" 404 448 "-" "-"
66.249.79.220 - - [22/Dec/2015:00:42:00 -0800] "GET / HTTP/1.1" 200 2367 "-" "Mozilla/5.0 (iPhone; CPU iPhone OS 8_3 like Mac OS X) AppleWebKit/600.1.4 (KHTML, like Gecko) Version/8.0 Mobile/12F70 Safari/600.1.4 (compatible; Googlebot/2.1; +http://www.google.com/bot.html)"
180.76.15.22 - - [22/Dec/2015:00:42:21 -0800] "GET /resorts?resort=alta HTTP/1.1" 404 469 "-" "Mozilla/5.0 (compatible; Baiduspider/2.0; +http://www.baidu.com/search/spider.html)"
170.75.162.130 - - [22/Dec/2015:00:48:44 -0800] "GET /lib/reccapi.php?resort=snowbird HTTP/1.1" 200 1028 "-" "node-superagent/1.4.0"
91.196.50.33 - - [22/Dec/2015:01:02:35 -0800] "GET http://testp3.pospr.waw.pl/testproxy.php HTTP/1.1" 404 449 "-" "Mozilla/5.0 (Windows NT 5.1; rv:32.0) Gecko/20100101 Firefox/31.0"
188.68.224.62 - - [22/Dec/2015:01:03:26 -0800] "GET http://51.254.206.142/httptest.php HTTP/1.1" 404 448 "-" "-"
180.76.15.161 - - [22/Dec/2015:01:35:41 -0800] "GET /styles/0fffd548.main.css HTTP/1.1" 200 19280 "-" "Mozilla/5.0 (compatible; Baiduspider/2.0; +http://www.baidu.com/search/spider.html)"
220.181.108.163 - - [22/Dec/2015:01:48:52 -0800] "-" 408 0 "-" "-"
184.72.167.191 - - [22/Dec/2015:01:54:01 -0800] "GET / HTTP/1.1" 200 6098 "-" "Mozilla/4.0 (compatible; MSIE 6.0; Windows NT 5.1; SV1; InfoPath.2)"
188.68.224.62 - - [22/Dec/2015:02:12:15 -0800] "GET http://51.254.206.142/httptest.php HTTP/1.1" 404 448 "-" "-"
141.8.143.217 - - [22/Dec/2015:02:15:41 -0800] "GET /robots.txt HTTP/1.1" 200 375 "-" "Mozilla/5.0 (compatible; YandexBot/3.0; +http://yandex.com/bots)"
188.68.224.62 - - [22/Dec/2015:02:28:04 -0800] "GET http://51.254.206.142/httptest.php HTTP/1.1" 404 448 "-" "-"
180.76.15.154 - - [22/Dec/2015:02:33:51 -0800] "GET /resorts?resort=mammothmountain HTTP/1.1" 404 469 "-" "Mozilla/5.0 (compatible; Baiduspider/2.0; +http://www.baidu.com/search/spider.html)"
207.46.13.53 - - [22/Dec/2015:02:36:49 -0800] "GET /robots.txt HTTP/1.1" 200 375 "-" "Mozilla/5.0 (compatible; bingbot/2.0; +http://www.bing.com/bingbot.htm)"
123.125.71.46 - - [22/Dec/2015:02:37:08 -0800] "GET / HTTP/1.1" 200 2330 "-" "Mozilla/5.0 (Windows NT 5.1; rv:6.0.2) Gecko/20100101 Firefox/6.0.2"
123.125.71.28 - - [22/Dec/2015:02:37:08 -0800] "GET / HTTP/1.1" 200 6098 "-" "Mozilla/5.0 (Windows NT 5.1; rv:6.0.2) Gecko/20100101 Firefox/6.0.2"
170.75.162.130 - - [22/Dec/2015:02:45:38 -0800] "GET /lib/reccapi.php?resort=buttermilk HTTP/1.1" 200 1029 "-" "node-superagent/1.4.0"
187.19.117.89 - - [22/Dec/2015:02:46:31 -0800] "GET /images/wsis-logo-sm.png HTTP/1.1" 200 6108 "http://thebackcountry.net/" "Mozilla/5.0 (Windows NT 6.1; WOW64) AppleWebKit/537.36 (KHTML, like Gecko) Chrome/36.0.1985.143 Safari/537.36"
42.156.139.57 - - [22/Dec/2015:03:10:43 -0800] "GET / HTTP/1.1" 200 2367 "-" "YisouSpider"
23.95.5.34 - - [22/Dec/2015:03:13:15 -0800] "GET /robots.txt HTTP/1.0" 200 338 "-" "Mozilla/5.0 (compatible; MJ12bot/v1.4.5; http://www.majestic12.co.uk/bot.php?+)"
23.95.5.34 - - [22/Dec/2015:03:13:17 -0800] "GET /resorts?resort=whistlerblackcomb HTTP/1.0" 404 495 "-" "Mozilla/5.0 (compatible; MJ12bot/v1.4.5; http://www.majestic12.co.uk/bot.php?+)"
188.68.224.62 - - [22/Dec/2015:03:30:27 -0800] "GET http://51.254.206.142/httptest.php HTTP/1.1" 404 448 "-" "-"
66.249.79.18 - - [22/Dec/2015:03:46:45 -0800] "GET / HTTP/1.1" 200 2367 "-" "Mozilla/5.0 (iPhone; CPU iPhone OS 8_3 like Mac OS X) AppleWebKit/600.1.4 (KHTML, like Gecko) Version/8.0 Mobile/12F70 Safari/600.1.4 (compatible; Googlebot/2.1; +http://www.google.com/bot.html)"
170.75.162.130 - - [22/Dec/2015:03:49:46 -0800] "GET /lib/reccapi.php?resort=schweitzer HTTP/1.1" 200 1027 "-" "node-superagent/1.4.0"
170.75.162.130 - - [22/Dec/2015:03:49:56 -0800] "GET /lib/reccapi.php?resort=squawvalleyusa HTTP/1.1" 200 1056 "-" "node-superagent/1.4.0"
66.249.79.234 - - [22/Dec/2015:03:51:13 -0800] "GET /resorts?resort=redlodge&date=2013-12-31 HTTP/1.1" 404 506 "-" "Mozilla/5.0 (iPhone; CPU iPhone OS 8_3 like Mac OS X) AppleWebKit/600.1.4 (KHTML, like Gecko) Version/8.0 Mobile/12F70 Safari/600.1.4 (compatible; Googlebot/2.1; +http://www.google.com/bot.html)"
123.30.175.209 - - [22/Dec/2015:03:51:20 -0800] "GET /robots.txt HTTP/1.1" 200 382 "-" "Mozilla/5.0 (compatible; coccoc/1.0; +http://help.coccoc.com/)"
123.30.175.210 - - [22/Dec/2015:03:51:24 -0800] "GET / HTTP/1.1" 200 2330 "-" "Mozilla/5.0 (compatible; coccoc/1.0; +http://help.coccoc.com/)"
123.30.175.211 - - [22/Dec/2015:03:51:29 -0800] "GET /robots.txt HTTP/1.1" 200 382 "-" "Mozilla/5.0 (compatible; coccoc/1.0; +http://help.coccoc.com/)"
123.30.175.214 - - [22/Dec/2015:03:51:34 -0800] "GET / HTTP/1.1" 200 2330 "-" "Mozilla/5.0 (compatible; coccoc/1.0; +http://help.coccoc.com/)"
65.208.151.113 - - [22/Dec/2015:04:06:55 -0800] "GET /images/wsis-logo-sm.png HTTP/1.1" 200 6071 "http://thebackcountry.net/" "Mozilla/4.0 (compatible; MSIE 6.0; Windows NT 5.1; SV1)"
170.75.162.130 - - [22/Dec/2015:04:08:29 -0800] "GET /lib/reccapi.php?resort=taos HTTP/1.1" 200 1022 "-" "node-superagent/1.4.0"
65.208.151.114 - - [22/Dec/2015:04:11:51 -0800] "GET / HTTP/1.1" 200 2330 "http://thebackcountry.net/" "Mozilla/4.0 (compatible; MSIE 6.0; Windows NT 5.1; SV1)"
170.75.162.130 - - [22/Dec/2015:04:12:39 -0800] "GET /lib/reccapi.php?resort=killington HTTP/1.1" 200 1020 "-" "node-superagent/1.4.0"
170.75.162.130 - - [22/Dec/2015:04:12:39 -0800] "GET /lib/reccapi.php?resort=alta HTTP/1.1" 200 1024 "-" "node-superagent/1.4.0"
170.75.162.130 - - [22/Dec/2015:04:12:39 -0800] "GET /lib/reccapi.php?resort=sugarloaf HTTP/1.1" 200 1039 "-" "node-superagent/1.4.0"
170.75.162.130 - - [22/Dec/2015:04:23:00 -0800] "GET /lib/reccapi.php?resort=mountainhigh HTTP/1.1" 200 1085 "-" "node-superagent/1.4.0"
170.75.162.130 - - [22/Dec/2015:04:23:10 -0800] "GET /lib/reccapi.php?resort=redmountain HTTP/1.1" 200 911 "-" "node-superagent/1.4.0"
170.75.162.130 - - [22/Dec/2015:04:23:20 -0800] "GET /lib/reccapi.php?resort=silverstarmountain HTTP/1.1" 200 934 "-" "node-superagent/1.4.0"
170.75.162.130 - - [22/Dec/2015:04:24:10 -0800] "GET /lib/reccapi.php?resort=sunpeaksresort HTTP/1.1" 200 920 "-" "node-superagent/1.4.0"
170.75.162.130 - - [22/Dec/2015:04:24:30 -0800] "GET /lib/reccapi.php?resort=whistlerblackcomb HTTP/1.1" 200 939 "-" "node-superagent/1.4.0"
123.125.71.34 - - [22/Dec/2015:04:39:37 -0800] "GET / HTTP/1.1" 200 2330 "-" "Mozilla/5.0 (Windows NT 5.1; rv:6.0.2) Gecko/20100101 Firefox/6.0.2"
123.125.71.58 - - [22/Dec/2015:04:39:44 -0800] "GET / HTTP/1.1" 200 6098 "-" "Mozilla/5.0 (Windows NT 5.1; rv:6.0.2) Gecko/20100101 Firefox/6.0.2"
170.75.162.130 - - [22/Dec/2015:05:18:07 -0800] "GET /lib/reccapi.php?resort=49degreesnorth HTTP/1.1" 200 1041 "-" "node-superagent/1.4.0"
170.75.162.130 - - [22/Dec/2015:05:18:27 -0800] "GET /lib/reccapi.php?resort=bigwhite HTTP/1.1" 200 924 "-" "node-superagent/1.4.0"
170.75.162.130 - - [22/Dec/2015:05:20:07 -0800] "GET /lib/reccapi.php?resort=mountbachelor HTTP/1.1" 200 1031 "-" "node-superagent/1.4.0"
170.75.162.130 - - [22/Dec/2015:05:20:27 -0800] "GET /lib/reccapi.php?resort=parkcity HTTP/1.1" 200 1082 "-" "node-superagent/1.4.0"
170.75.162.130 - - [22/Dec/2015:05:20:27 -0800] "GET /lib/reccapi.php?resort=mountspokane HTTP/1.1" 200 1011 "-" "node-superagent/1.4.0"
170.75.162.130 - - [22/Dec/2015:05:21:07 -0800] "GET /lib/reccapi.php?resort=sunvalley HTTP/1.1" 200 1095 "-" "node-superagent/1.4.0"
170.75.162.130 - - [22/Dec/2015:05:43:40 -0800] "GET /lib/reccapi.php?resort=stevenspass HTTP/1.1" 200 1040 "-" "node-superagent/1.4.0"
170.75.162.130 - - [22/Dec/2015:05:43:40 -0800] "GET /lib/reccapi.php?resort=diamondpeak HTTP/1.1" 200 1018 "-" "node-superagent/1.4.0"
170.75.162.130 - - [22/Dec/2015:05:54:21 -0800] "GET /lib/reccapi.php?resort=northstar-at-tahoe HTTP/1.1" 200 1033 "-" "node-superagent/1.4.0"
170.75.162.130 - - [22/Dec/2015:06:03:42 -0800] "GET /lib/reccapi.php?resort=deervalley HTTP/1.1" 200 1035 "-" "node-superagent/1.4.0"
202.180.34.186 - - [22/Dec/2015:06:07:14 -0800] "GET /robots.txt HTTP/1.1" 200 338 "-" "ICC-Crawler/2.0 (Mozilla-compatible; ; http://www.nict.go.jp/en/univ-com/plan/crawl.html)"
66.249.79.227 - - [22/Dec/2015:06:07:47 -0800] "GET /resorts?resort=schweitzer&date=2014-01-03 HTTP/1.1" 404 506 "-" "Mozilla/5.0 (iPhone; CPU iPhone OS 8_3 like Mac OS X) AppleWebKit/600.1.4 (KHTML, like Gecko) Version/8.0 Mobile/12F70 Safari/600.1.4 (compatible; Googlebot/2.1; +http://www.google.com/bot.html)"
170.75.162.130 - - [22/Dec/2015:06:23:15 -0800] "GET /lib/reccapi.php?resort=crystalmountain HTTP/1.1" 200 1057 "-" "node-superagent/1.4.0"
170.75.162.130 - - [22/Dec/2015:06:30:05 -0800] "GET /lib/reccapi.php?resort=heavenly HTTP/1.1" 200 1046 "-" "node-superagent/1.4.0"
170.75.162.130 - - [22/Dec/2015:06:30:25 -0800] "GET /lib/reccapi.php?resort=bigsky HTTP/1.1" 200 1110 "-" "node-superagent/1.4.0"
71.70.206.64 - - [22/Dec/2015:06:33:03 -0800] "GET /images/wsis-logo-sm.png HTTP/1.1" 200 6108 "http://www.thebackcountry.net/" "Mozilla/5.0 (Windows NT 6.3; WOW64) AppleWebKit/537.36 (KHTML, like Gecko) Chrome/47.0.2526.80 Safari/537.36"
173.162.242.159 - - [22/Dec/2015:06:38:46 -0800] "GET / HTTP/1.1" 200 2367 "https://www.google.com/" "Mozilla/5.0 (Windows NT 6.1; WOW64) AppleWebKit/537.36 (KHTML, like Gecko) Chrome/47.0.2526.106 Safari/537.36"
173.162.242.159 - - [22/Dec/2015:06:38:47 -0800] "GET /styles/0fffd548.main.css HTTP/1.1" 200 19316 "http://whereshouldiski.com/" "Mozilla/5.0 (Windows NT 6.1; WOW64) AppleWebKit/537.36 (KHTML, like Gecko) Chrome/47.0.2526.106 Safari/537.36"
173.162.242.159 - - [22/Dec/2015:06:38:47 -0800] "GET /scripts/scripts/vendor/modernizr.js HTTP/1.1" 200 4903 "http://whereshouldiski.com/" "Mozilla/5.0 (Windows NT 6.1; WOW64) AppleWebKit/537.36 (KHTML, like Gecko) Chrome/47.0.2526.106 Safari/537.36"
173.162.242.159 - - [22/Dec/2015:06:38:47 -0800] "GET /images/loading.gif HTTP/1.1" 200 13882 "http://whereshouldiski.com/" "Mozilla/5.0 (Windows NT 6.1; WOW64) AppleWebKit/537.36 (KHTML, like Gecko) Chrome/47.0.2526.106 Safari/537.36"
173.162.242.159 - - [22/Dec/2015:06:38:47 -0800] "GET /images/logo-sm.png HTTP/1.1" 200 16738 "http://whereshouldiski.com/" "Mozilla/5.0 (Windows NT 6.1; WOW64) AppleWebKit/537.36 (KHTML, like Gecko) Chrome/47.0.2526.106 Safari/537.36"
173.162.242.159 - - [22/Dec/2015:06:38:47 -0800] "GET /bower_components/requirejs/require.js HTTP/1.1" 200 6702 "http://whereshouldiski.com/" "Mozilla/5.0 (Windows NT 6.1; WOW64) AppleWebKit/537.36 (KHTML, like Gecko) Chrome/47.0.2526.106 Safari/537.36"
173.162.242.159 - - [22/Dec/2015:06:38:48 -0800] "GET /scripts/fa48e319.main.js HTTP/1.1" 200 123455 "http://whereshouldiski.com/" "Mozilla/5.0 (Windows NT 6.1; WOW64) AppleWebKit/537.36 (KHTML, like Gecko) Chrome/47.0.2526.106 Safari/537.36"
173.162.242.159 - - [22/Dec/2015:06:38:49 -0800] "GET /images/greyHeader.png HTTP/1.1" 200 508 "http://whereshouldiski.com/styles/0fffd548.main.css" "Mozilla/5.0 (Windows NT 6.1; WOW64) AppleWebKit/537.36 (KHTML, like Gecko) Chrome/47.0.2526.106 Safari/537.36"
173.162.242.159 - - [22/Dec/2015:06:38:49 -0800] "GET /images/button.png HTTP/1.1" 200 598 "http://whereshouldiski.com/styles/0fffd548.main.css" "Mozilla/5.0 (Windows NT 6.1; WOW64) AppleWebKit/537.36 (KHTML, like Gecko) Chrome/47.0.2526.106 Safari/537.36"
173.162.242.159 - - [22/Dec/2015:06:38:49 -0800] "GET /favicon.ico HTTP/1.1" 200 1475 "http://whereshouldiski.com/" "Mozilla/5.0 (Windows NT 6.1; WOW64) AppleWebKit/537.36 (KHTML, like Gecko) Chrome/47.0.2526.106 Safari/537.36"
173.162.242.159 - - [22/Dec/2015:06:38:49 -0800] "GET /lib/reccapi.php?fields=t HTTP/1.1" 200 1902 "http://whereshouldiski.com/" "Mozilla/5.0 (Windows NT 6.1; WOW64) AppleWebKit/537.36 (KHTML, like Gecko) Chrome/47.0.2526.106 Safari/537.36"
173.162.242.159 - - [22/Dec/2015:06:38:49 -0800] "GET /images/snowflake5.png HTTP/1.1" 200 2857 "http://whereshouldiski.com/styles/0fffd548.main.css" "Mozilla/5.0 (Windows NT 6.1; WOW64) AppleWebKit/537.36 (KHTML, like Gecko) Chrome/47.0.2526.106 Safari/537.36"
173.162.242.159 - - [22/Dec/2015:06:38:49 -0800] "GET /images/star5.png HTTP/1.1" 200 1783 "http://whereshouldiski.com/styles/0fffd548.main.css" "Mozilla/5.0 (Windows NT 6.1; WOW64) AppleWebKit/537.36 (KHTML, like Gecko) Chrome/47.0.2526.106 Safari/537.36"
173.162.242.159 - - [22/Dec/2015:06:38:49 -0800] "GET /images/bluebird5.png HTTP/1.1" 200 2177 "http://whereshouldiski.com/styles/0fffd548.main.css" "Mozilla/5.0 (Windows NT 6.1; WOW64) AppleWebKit/537.36 (KHTML, like Gecko) Chrome/47.0.2526.106 Safari/537.36"
173.162.242.159 - - [22/Dec/2015:06:38:49 -0800] "GET /images/shading-icon.png HTTP/1.1" 200 536 "http://whereshouldiski.com/styles/0fffd548.main.css" "Mozilla/5.0 (Windows NT 6.1; WOW64) AppleWebKit/537.36 (KHTML, like Gecko) Chrome/47.0.2526.106 Safari/537.36"
173.162.242.159 - - [22/Dec/2015:06:38:49 -0800] "GET /images/mtns-icon.png HTTP/1.1" 200 1096 "http://whereshouldiski.com/styles/0fffd548.main.css" "Mozilla/5.0 (Windows NT 6.1; WOW64) AppleWebKit/537.36 (KHTML, like Gecko) Chrome/47.0.2526.106 Safari/537.36"
173.162.242.159 - - [22/Dec/2015:06:39:03 -0800] "GET /lib/reccapi.php?fields=t&sort=quality HTTP/1.1" 200 1940 "http://whereshouldiski.com/" "Mozilla/5.0 (Windows NT 6.1; WOW64) AppleWebKit/537.36 (KHTML, like Gecko) Chrome/47.0.2526.106 Safari/537.36"
173.162.242.159 - - [22/Dec/2015:06:39:07 -0800] "GET /lib/reccapi.php?fields=t&sort=quality&date=2015-12-23 HTTP/1.1" 200 1930 "http://whereshouldiski.com/" "Mozilla/5.0 (Windows NT 6.1; WOW64) AppleWebKit/537.36 (KHTML, like Gecko) Chrome/47.0.2526.106 Safari/537.36"
173.162.242.159 - - [22/Dec/2015:06:39:07 -0800] "GET /images/greenHeader.png HTTP/1.1" 200 508 "http://whereshouldiski.com/styles/0fffd548.main.css" "Mozilla/5.0 (Windows NT 6.1; WOW64) AppleWebKit/537.36 (KHTML, like Gecko) Chrome/47.0.2526.106 Safari/537.36"
173.162.242.159 - - [22/Dec/2015:06:39:15 -0800] "GET /lib/reccapi.php?fields=t&sort=quality&date=2015-12-23&region=East HTTP/1.1" 200 1145 "http://whereshouldiski.com/" "Mozilla/5.0 (Windows NT 6.1; WOW64) AppleWebKit/537.36 (KHTML, like Gecko) Chrome/47.0.2526.106 Safari/537.36"
173.162.242.159 - - [22/Dec/2015:06:39:30 -0800] "GET /lib/reccapi.php?fields=t&sort=quality&date=2015-12-23&region=East&state=ME HTTP/1.1" 200 677 "http://whereshouldiski.com/" "Mozilla/5.0 (Windows NT 6.1; WOW64) AppleWebKit/537.36 (KHTML, like Gecko) Chrome/47.0.2526.106 Safari/537.36"
173.162.242.159 - - [22/Dec/2015:06:39:36 -0800] "GET /lib/reccapi.php?fields=t&sort=quality&date=2015-12-23&region=East HTTP/1.1" 200 1145 "http://whereshouldiski.com/" "Mozilla/5.0 (Windows NT 6.1; WOW64) AppleWebKit/537.36 (KHTML, like Gecko) Chrome/47.0.2526.106 Safari/537.36"
173.162.242.159 - - [22/Dec/2015:06:39:37 -0800] "GET /lib/reccapi.php?fields=t&sort=quality&date=2015-12-23&region=East&state=NH HTTP/1.1" 200 681 "http://whereshouldiski.com/" "Mozilla/5.0 (Windows NT 6.1; WOW64) AppleWebKit/537.36 (KHTML, like Gecko) Chrome/47.0.2526.106 Safari/537.36"
173.162.242.159 - - [22/Dec/2015:06:39:42 -0800] "GET /lib/reccapi.php?fields=t&sort=quality&date=2015-12-23&region=East HTTP/1.1" 200 1144 "http://whereshouldiski.com/" "Mozilla/5.0 (Windows NT 6.1; WOW64) AppleWebKit/537.36 (KHTML, like Gecko) Chrome/47.0.2526.106 Safari/537.36"
173.162.242.159 - - [22/Dec/2015:06:39:44 -0800] "GET /lib/reccapi.php?fields=t&sort=quality&date=2015-12-23&region=East&state=VT HTTP/1.1" 200 773 "http://whereshouldiski.com/" "Mozilla/5.0 (Windows NT 6.1; WOW64) AppleWebKit/537.36 (KHTML, like Gecko) Chrome/47.0.2526.106 Safari/537.36"
173.162.242.159 - - [22/Dec/2015:06:39:50 -0800] "GET /lib/reccapi.php?fields=t&sort=quality&date=2015-12-23&region=East HTTP/1.1" 200 1145 "http://whereshouldiski.com/" "Mozilla/5.0 (Windows NT 6.1; WOW64) AppleWebKit/537.36 (KHTML, like Gecko) Chrome/47.0.2526.106 Safari/537.36"
173.162.242.159 - - [22/Dec/2015:06:39:54 -0800] "GET /lib/reccapi.php?resort=sundayriver&date=2015-12-23 HTTP/1.1" 200 1014 "http://whereshouldiski.com/" "Mozilla/5.0 (Windows NT 6.1; WOW64) AppleWebKit/537.36 (KHTML, like Gecko) Chrome/47.0.2526.106 Safari/537.36"
173.162.242.159 - - [22/Dec/2015:06:39:54 -0800] "GET /lib/reccapi.php?fields=t&date=2015-12-23&coords=44.447%2C-70.7557&size=7&sort=distance HTTP/1.1" 200 1335 "http://whereshouldiski.com/" "Mozilla/5.0 (Windows NT 6.1; WOW64) AppleWebKit/537.36 (KHTML, like Gecko) Chrome/47.0.2526.106 Safari/537.36"
173.162.242.159 - - [22/Dec/2015:06:39:54 -0800] "GET /images/snowflake-med-5.png HTTP/1.1" 200 6157 "http://whereshouldiski.com/styles/0fffd548.main.css" "Mozilla/5.0 (Windows NT 6.1; WOW64) AppleWebKit/537.36 (KHTML, like Gecko) Chrome/47.0.2526.106 Safari/537.36"
173.162.242.159 - - [22/Dec/2015:06:39:54 -0800] "GET /images/stars-med-5.png HTTP/1.1" 200 4124 "http://whereshouldiski.com/styles/0fffd548.main.css" "Mozilla/5.0 (Windows NT 6.1; WOW64) AppleWebKit/537.36 (KHTML, like Gecko) Chrome/47.0.2526.106 Safari/537.36"
173.162.242.159 - - [22/Dec/2015:06:39:54 -0800] "GET /images/sun-med-5.png HTTP/1.1" 200 7627 "http://whereshouldiski.com/styles/0fffd548.main.css" "Mozilla/5.0 (Windows NT 6.1; WOW64) AppleWebKit/537.36 (KHTML, like Gecko) Chrome/47.0.2526.106 Safari/537.36"
173.162.242.159 - - [22/Dec/2015:06:39:54 -0800] "GET /images/mtns-30px.png HTTP/1.1" 200 1202 "http://whereshouldiski.com/styles/0fffd548.main.css" "Mozilla/5.0 (Windows NT 6.1; WOW64) AppleWebKit/537.36 (KHTML, like Gecko) Chrome/47.0.2526.106 Safari/537.36"
173.162.242.159 - - [22/Dec/2015:06:39:54 -0800] "GET /images/shading-53px.png HTTP/1.1" 200 548 "http://whereshouldiski.com/styles/0fffd548.main.css" "Mozilla/5.0 (Windows NT 6.1; WOW64) AppleWebKit/537.36 (KHTML, like Gecko) Chrome/47.0.2526.106 Safari/537.36"
173.162.242.159 - - [22/Dec/2015:06:39:54 -0800] "GET /lib/resortDataSearchD3.php?size=7&sortDate=T&resort=sundayriver&dateStart=2015-12-21 HTTP/1.1" 200 851 "http://whereshouldiski.com/" "Mozilla/5.0 (Windows NT 6.1; WOW64) AppleWebKit/537.36 (KHTML, like Gecko) Chrome/47.0.2526.106 Safari/537.36"
173.162.242.159 - - [22/Dec/2015:06:39:54 -0800] "GET /images/snowforecast-logo.jpg HTTP/1.1" 200 22988 "http://whereshouldiski.com/" "Mozilla/5.0 (Windows NT 6.1; WOW64) AppleWebKit/537.36 (KHTML, like Gecko) Chrome/47.0.2526.106 Safari/537.36"
173.162.242.159 - - [22/Dec/2015:06:39:54 -0800] "GET /images/opensnow_logo.png HTTP/1.1" 200 11776 "http://whereshouldiski.com/" "Mozilla/5.0 (Windows NT 6.1; WOW64) AppleWebKit/537.36 (KHTML, like Gecko) Chrome/47.0.2526.106 Safari/537.36"
127.0.0.1 - - [22/Dec/2015:06:40:00 -0800] "OPTIONS * HTTP/1.0" 200 126 "-" "Apache/2.2.22 (Ubuntu) (internal dummy connection)"
173.162.242.159 - - [22/Dec/2015:06:40:23 -0800] "GET /lib/reccapi.php?fields=t&sort=quality&date=2015-12-23&region=East HTTP/1.1" 200 1145 "http://whereshouldiski.com/" "Mozilla/5.0 (Windows NT 6.1; WOW64) AppleWebKit/537.36 (KHTML, like Gecko) Chrome/47.0.2526.106 Safari/537.36"
173.162.242.159 - - [22/Dec/2015:06:40:23 -0800] "GET /lib/reccapi.php?fields=t&sort=quality&date=2015-12-23&region=East&state=VT HTTP/1.1" 200 773 "http://whereshouldiski.com/" "Mozilla/5.0 (Windows NT 6.1; WOW64) AppleWebKit/537.36 (KHTML, like Gecko) Chrome/47.0.2526.106 Safari/537.36"
123.125.71.84 - - [22/Dec/2015:06:42:10 -0800] "-" 408 0 "-" "-"
81.141.112.242 - - [22/Dec/2015:06:43:41 -0800] "GET / HTTP/1.1" 200 2367 "http://r.search.yahoo.com/_ylt=A9mSs2xjYnlWbrYAlmBB4iA5;_ylu=X3oDMTByaW11dnNvBGNvbG8DaXIyBHBvcwMxBHZ0aWQDBHNlYwNzcg--/RV=2/RE=1450824419/RO=10/RU=http%3a%2f%2fwww.whereshouldiski.com%2f/RK=0/RS=cbFAu6vlzBW0WeWj3qoX_WdJN.g-" "Mozilla/5.0 (iPhone; CPU iPhone OS 9_2 like Mac OS X) AppleWebKit/601.1.46 (KHTML, like Gecko) Version/9.0 Mobile/13C75 Safari/601.1"
81.141.112.242 - - [22/Dec/2015:06:43:42 -0800] "GET /styles/0fffd548.main.css HTTP/1.1" 200 19316 "http://www.whereshouldiski.com/" "Mozilla/5.0 (iPhone; CPU iPhone OS 9_2 like Mac OS X) AppleWebKit/601.1.46 (KHTML, like Gecko) Version/9.0 Mobile/13C75 Safari/601.1"
81.141.112.242 - - [22/Dec/2015:06:43:42 -0800] "GET /images/loading.gif HTTP/1.1" 200 13882 "http://www.whereshouldiski.com/" "Mozilla/5.0 (iPhone; CPU iPhone OS 9_2 like Mac OS X) AppleWebKit/601.1.46 (KHTML, like Gecko) Version/9.0 Mobile/13C75 Safari/601.1"
81.141.112.242 - - [22/Dec/2015:06:43:42 -0800] "GET /bower_components/requirejs/require.js HTTP/1.1" 200 6702 "http://www.whereshouldiski.com/" "Mozilla/5.0 (iPhone; CPU iPhone OS 9_2 like Mac OS X) AppleWebKit/601.1.46 (KHTML, like Gecko) Version/9.0 Mobile/13C75 Safari/601.1"
81.141.112.242 - - [22/Dec/2015:06:43:42 -0800] "GET /scripts/scripts/vendor/modernizr.js HTTP/1.1" 200 4903 "http://www.whereshouldiski.com/" "Mozilla/5.0 (iPhone; CPU iPhone OS 9_2 like Mac OS X) AppleWebKit/601.1.46 (KHTML, like Gecko) Version/9.0 Mobile/13C75 Safari/601.1"
81.141.112.242 - - [22/Dec/2015:06:43:42 -0800] "GET /images/logo-sm.png HTTP/1.1" 200 16738 "http://www.whereshouldiski.com/" "Mozilla/5.0 (iPhone; CPU iPhone OS 9_2 like Mac OS X) AppleWebKit/601.1.46 (KHTML, like Gecko) Version/9.0 Mobile/13C75 Safari/601.1"
81.141.112.242 - - [22/Dec/2015:06:43:42 -0800] "GET /scripts/fa48e319.main.js HTTP/1.1" 200 123455 "http://www.whereshouldiski.com/" "Mozilla/5.0 (iPhone; CPU iPhone OS 9_2 like Mac OS X) AppleWebKit/601.1.46 (KHTML, like Gecko) Version/9.0 Mobile/13C75 Safari/601.1"
81.141.112.242 - - [22/Dec/2015:06:43:44 -0800] "GET /images/button.png HTTP/1.1" 200 598 "http://www.whereshouldiski.com/" "Mozilla/5.0 (iPhone; CPU iPhone OS 9_2 like Mac OS X) AppleWebKit/601.1.46 (KHTML, like Gecko) Version/9.0 Mobile/13C75 Safari/601.1"
81.141.112.242 - - [22/Dec/2015:06:43:44 -0800] "GET /lib/reccapi.php?fields=t HTTP/1.1" 200 1903 "http://www.whereshouldiski.com/" "Mozilla/5.0 (iPhone; CPU iPhone OS 9_2 like Mac OS X) AppleWebKit/601.1.46 (KHTML, like Gecko) Version/9.0 Mobile/13C75 Safari/601.1"
81.141.112.242 - - [22/Dec/2015:06:43:44 -0800] "GET /images/greyHeader.png HTTP/1.1" 200 508 "http://www.whereshouldiski.com/" "Mozilla/5.0 (iPhone; CPU iPhone OS 9_2 like Mac OS X) AppleWebKit/601.1.46 (KHTML, like Gecko) Version/9.0 Mobile/13C75 Safari/601.1"
