127.0.0.1 - - [13/Mar/2016:06:42:02 -0700] "OPTIONS * HTTP/1.0" 200 126 "-" "Apache/2.2.22 (Ubuntu) (internal dummy connection)"
127.0.0.1 - - [13/Mar/2016:06:42:02 -0700] "OPTIONS * HTTP/1.0" 200 126 "-" "Apache/2.2.22 (Ubuntu) (internal dummy connection)"
127.0.0.1 - - [13/Mar/2016:06:42:02 -0700] "OPTIONS * HTTP/1.0" 200 126 "-" "Apache/2.2.22 (Ubuntu) (internal dummy connection)"
170.75.162.130 - - [13/Mar/2016:06:44:57 -0700] "GET /lib/reccapi.php?resort=grandtarghee HTTP/1.1" 200 1057 "-" "node-superagent/1.4.0"
170.75.162.130 - - [13/Mar/2016:06:44:57 -0700] "GET /lib/reccapi.php?resort=jacksonhole HTTP/1.1" 200 1047 "-" "node-superagent/1.4.0"
52.33.40.213 - - [13/Mar/2016:06:48:46 -0700] "GET /lib/reccapi.php?resort=redlodge HTTP/1.1" 200 1106 "-" "node-superagent/1.4.0"
180.76.15.8 - - [13/Mar/2016:06:56:56 -0700] "GET / HTTP/1.1" 304 173 "-" "Mozilla/5.0 (compatible; Baiduspider/2.0; +http://www.baidu.com/search/spider.html)"
180.76.15.29 - - [13/Mar/2016:07:00:48 -0700] "GET / HTTP/1.1" 200 2578 "-" "Mozilla/5.0 (compatible; Baiduspider/2.0; +http://www.baidu.com/search/spider.html)"
70.196.13.189 - - [13/Mar/2016:07:12:46 -0700] "GET /images/wsis-logo-sm.png HTTP/1.1" 200 6108 "http://www.thebackcountry.net/" "Mozilla/5.0 (Linux; Android 5.0; SM-G900V Build/LRX21T) AppleWebKit/537.36 (KHTML, like Gecko) Chrome/49.0.2623.91 Mobile Safari/537.36"
173.252.75.119 - - [13/Mar/2016:07:14:05 -0700] "GET /images/wsis-logo-sm.png HTTP/1.1" 200 6108 "-" "facebookexternalhit/1.1 (+http://www.facebook.com/externalhit_uatext.php)"
170.75.162.130 - - [13/Mar/2016:07:18:10 -0700] "GET /lib/reccapi.php?resort=sugarbowl HTTP/1.1" 200 1042 "-" "node-superagent/1.4.0"
52.33.40.213 - - [13/Mar/2016:07:23:17 -0700] "GET /lib/reccapi.php?resort=bigsky HTTP/1.1" 200 1065 "-" "node-superagent/1.4.0"
52.33.40.213 - - [13/Mar/2016:07:23:27 -0700] "GET /lib/reccapi.php?resort=jaypeak HTTP/1.1" 200 1002 "-" "node-superagent/1.4.0"
70.194.25.249 - - [13/Mar/2016:07:25:40 -0700] "GET / HTTP/1.1" 200 2615 "-" "Mozilla/5.0 (iPhone; CPU iPhone OS 9_2_1 like Mac OS X) AppleWebKit/601.1.46 (KHTML, like Gecko) Version/9.0 Mobile/13D15 Safari/601.1"
70.194.25.249 - - [13/Mar/2016:07:25:40 -0700] "GET /styles/ee08faa9.main.css HTTP/1.1" 200 19446 "http://whereshouldiski.com/" "Mozilla/5.0 (iPhone; CPU iPhone OS 9_2_1 like Mac OS X) AppleWebKit/601.1.46 (KHTML, like Gecko) Version/9.0 Mobile/13D15 Safari/601.1"
70.194.25.249 - - [13/Mar/2016:07:25:41 -0700] "GET /scripts/scripts/vendor/modernizr.js HTTP/1.1" 200 4903 "http://whereshouldiski.com/" "Mozilla/5.0 (iPhone; CPU iPhone OS 9_2_1 like Mac OS X) AppleWebKit/601.1.46 (KHTML, like Gecko) Version/9.0 Mobile/13D15 Safari/601.1"
70.194.25.249 - - [13/Mar/2016:07:25:41 -0700] "GET /images/logo-square-white-sm.png HTTP/1.1" 200 1684 "http://whereshouldiski.com/" "Mozilla/5.0 (iPhone; CPU iPhone OS 9_2_1 like Mac OS X) AppleWebKit/601.1.46 (KHTML, like Gecko) Version/9.0 Mobile/13D15 Safari/601.1"
70.194.25.249 - - [13/Mar/2016:07:25:41 -0700] "GET /bower_components/requirejs/require.js HTTP/1.1" 200 6702 "http://whereshouldiski.com/" "Mozilla/5.0 (iPhone; CPU iPhone OS 9_2_1 like Mac OS X) AppleWebKit/601.1.46 (KHTML, like Gecko) Version/9.0 Mobile/13D15 Safari/601.1"
70.194.25.249 - - [13/Mar/2016:07:25:41 -0700] "GET /images/loading.gif HTTP/1.1" 200 13882 "http://whereshouldiski.com/" "Mozilla/5.0 (iPhone; CPU iPhone OS 9_2_1 like Mac OS X) AppleWebKit/601.1.46 (KHTML, like Gecko) Version/9.0 Mobile/13D15 Safari/601.1"
180.76.15.154 - - [13/Mar/2016:07:28:39 -0700] "GET / HTTP/1.1" 200 6995 "-" "Mozilla/5.0 (compatible; Baiduspider/2.0; +http://www.baidu.com/search/spider.html)"
180.76.15.6 - - [13/Mar/2016:07:29:28 -0700] "GET / HTTP/1.1" 200 6995 "-" "Mozilla/5.0 (compatible; Baiduspider/2.0; +http://www.baidu.com/search/spider.html)"
170.75.162.130 - - [13/Mar/2016:07:30:22 -0700] "GET /lib/reccapi.php?resort=telluride HTTP/1.1" 200 985 "-" "node-superagent/1.4.0"
172.3.78.126 - - [13/Mar/2016:07:43:06 -0700] "GET /images/wsis-logo-sm.png HTTP/1.1" 200 6108 "http://www.thebackcountry.net/" "Mozilla/5.0 (iPhone; CPU iPhone OS 9_2_1 like Mac OS X) AppleWebKit/601.1.46 (KHTML, like Gecko) Version/9.0 Mobile/13D15 Safari/601.1"
179.187.16.79 - - [13/Mar/2016:07:43:38 -0700] "GET /images/wsis-logo-sm.png HTTP/1.1" 200 6108 "http://thebackcountry.net/" "Mozilla/5.0 (Windows NT 6.1; WOW64) AppleWebKit/537.36 (KHTML, like Gecko) Chrome/32.0.1700.107 Safari/537.36"
193.201.224.176 - - [13/Mar/2016:07:46:07 -0700] "GET /editor/fck/editor/ HTTP/1.1" 404 476 "-" "compatible;Baiduspider/2.0; +http://www.baidu.com/search/spider.html"
52.33.40.213 - - [13/Mar/2016:07:47:19 -0700] "GET /lib/reccapi.php?resort=buttermilk HTTP/1.1" 200 967 "-" "node-superagent/1.4.0"
52.33.40.213 - - [13/Mar/2016:07:47:19 -0700] "GET /lib/reccapi.php?resort=snowmass HTTP/1.1" 200 1013 "-" "node-superagent/1.4.0"
52.33.40.213 - - [13/Mar/2016:07:47:19 -0700] "GET /lib/reccapi.php?resort=telluride HTTP/1.1" 200 985 "-" "node-superagent/1.4.0"
52.33.40.213 - - [13/Mar/2016:07:47:19 -0700] "GET /lib/reccapi.php?resort=sierra-at-tahoe HTTP/1.1" 200 1101 "-" "node-superagent/1.4.0"
52.33.40.213 - - [13/Mar/2016:07:47:39 -0700] "GET /lib/reccapi.php?resort=solitude HTTP/1.1" 200 1010 "-" "node-superagent/1.4.0"
52.33.40.213 - - [13/Mar/2016:07:47:39 -0700] "GET /lib/reccapi.php?resort=deervalley HTTP/1.1" 200 1010 "-" "node-superagent/1.4.0"
141.8.143.217 - - [13/Mar/2016:07:52:16 -0700] "GET /robots.txt HTTP/1.1" 200 375 "-" "Mozilla/5.0 (compatible; YandexBot/3.0; +http://yandex.com/bots)"
199.21.99.203 - - [13/Mar/2016:07:52:17 -0700] "GET /robots.txt HTTP/1.1" 200 375 "-" "Mozilla/5.0 (compatible; YandexBot/3.0; +http://yandex.com/bots)"
141.8.143.217 - - [13/Mar/2016:07:52:17 -0700] "GET /robots.txt HTTP/1.1" 200 374 "-" "Mozilla/5.0 (compatible; YandexBot/3.0; +http://yandex.com/bots)"
141.8.143.217 - - [13/Mar/2016:07:52:20 -0700] "GET / HTTP/1.1" 200 2614 "-" "Mozilla/5.0 (compatible; YandexBot/3.0; +http://yandex.com/bots)"
141.8.143.217 - - [13/Mar/2016:07:52:20 -0700] "GET / HTTP/1.1" 200 2614 "-" "Mozilla/5.0 (compatible; YandexBot/3.0; +http://yandex.com/bots)"
199.21.99.203 - - [13/Mar/2016:07:52:21 -0700] "GET / HTTP/1.1" 200 2614 "-" "Mozilla/5.0 (compatible; YandexBot/3.0; +http://yandex.com/bots)"
141.8.143.217 - - [13/Mar/2016:07:52:24 -0700] "GET / HTTP/1.1" 200 2614 "-" "Mozilla/5.0 (compatible; YandexBot/3.0; +http://yandex.com/bots)"
199.21.99.203 - - [13/Mar/2016:07:52:24 -0700] "GET / HTTP/1.1" 200 2614 "-" "Mozilla/5.0 (compatible; YandexBot/3.0; +http://yandex.com/bots)"
141.8.143.217 - - [13/Mar/2016:07:52:25 -0700] "GET / HTTP/1.1" 200 2614 "-" "Mozilla/5.0 (compatible; YandexBot/3.0; +http://yandex.com/bots)"
52.33.40.213 - - [13/Mar/2016:08:01:59 -0700] "GET /lib/reccapi.php?resort=brighton HTTP/1.1" 200 1021 "-" "node-superagent/1.4.0"
52.33.40.213 - - [13/Mar/2016:08:03:59 -0700] "GET /lib/reccapi.php?resort=steamboat HTTP/1.1" 200 1029 "-" "node-superagent/1.4.0"
170.75.162.130 - - [13/Mar/2016:08:09:35 -0700] "GET /lib/reccapi.php?resort=solitude HTTP/1.1" 200 1010 "-" "node-superagent/1.4.0"
170.75.162.130 - - [13/Mar/2016:08:10:55 -0700] "GET /lib/reccapi.php?resort=devilshead HTTP/1.1" 200 983 "-" "node-superagent/1.4.0"
66.130.116.127 - - [13/Mar/2016:08:12:46 -0700] "GET /images/wsis-logo-sm.png HTTP/1.1" 200 6108 "http://www.thebackcountry.net/" "Mozilla/5.0 (Windows NT 10.0; WOW64) AppleWebKit/537.36 (KHTML, like Gecko) Chrome/48.0.2564.116 Safari/537.36"
66.249.79.241 - - [13/Mar/2016:08:20:22 -0700] "GET /resorts?resort=devilshead HTTP/1.1" 404 506 "-" "Mozilla/5.0 (compatible; Googlebot/2.1; +http://www.google.com/bot.html)"
170.75.162.130 - - [13/Mar/2016:08:22:06 -0700] "GET /lib/reccapi.php?resort=sugarbush HTTP/1.1" 200 990 "-" "node-superagent/1.4.0"
24.182.63.154 - - [13/Mar/2016:08:23:21 -0700] "GET /images/wsis-logo-sm.png HTTP/1.1" 200 6108 "http://www.thebackcountry.net/" "Mozilla/5.0 (iPad; CPU OS 9_2_1 like Mac OS X) AppleWebKit/600.1.4 (KHTML, like Gecko) GSA/12.0.68608 Mobile/13D15 Safari/600.1.4"
180.76.15.160 - - [13/Mar/2016:08:32:58 -0700] "GET / HTTP/1.1" 200 6995 "-" "Mozilla/5.0 (compatible; Baiduspider/2.0; +http://www.baidu.com/search/spider.html)"
180.76.15.33 - - [13/Mar/2016:08:33:55 -0700] "GET / HTTP/1.1" 200 6995 "-" "Mozilla/5.0 (compatible; Baiduspider/2.0; +http://www.baidu.com/search/spider.html)"
220.181.108.110 - - [13/Mar/2016:08:37:29 -0700] "-" 408 0 "-" "-"
66.249.79.135 - - [13/Mar/2016:08:45:50 -0700] "GET /lib/reccapi.php?resort=loveland&date=2016-03-07 HTTP/1.1" 200 1084 "http://whereshouldiski.com/" "Mozilla/5.0 (compatible; Googlebot/2.1; +http://www.google.com/bot.html)"
66.249.79.248 - - [13/Mar/2016:08:45:51 -0700] "GET /lib/reccapi.php?fields=t&date=2016-03-07&coords=39.67%2C-105.9&size=7&sort=distance HTTP/1.1" 200 1330 "http://whereshouldiski.com/" "Mozilla/5.0 (compatible; Googlebot/2.1; +http://www.google.com/bot.html)"
66.249.79.135 - - [13/Mar/2016:08:45:52 -0700] "GET /lib/resortDataSearchD3.php?size=7&sortDate=T&resort=loveland&dateStart=2016-03-05 HTTP/1.1" 200 876 "http://whereshouldiski.com/" "Mozilla/5.0 (compatible; Googlebot/2.1; +http://www.google.com/bot.html)"
170.75.162.130 - - [13/Mar/2016:08:49:08 -0700] "GET /lib/reccapi.php?resort=madriverglen HTTP/1.1" 200 987 "-" "node-superagent/1.4.0"
70.214.39.85 - - [13/Mar/2016:08:54:10 -0700] "GET /images/wsis-logo-sm.png HTTP/1.1" 200 6108 "http://www.thebackcountry.net/" "Mozilla/5.0 (iPhone; CPU iPhone OS 9_1 like Mac OS X) AppleWebKit/601.1.46 (KHTML, like Gecko) Version/9.0 Mobile/13B143 Safari/601.1"
70.214.39.85 - - [13/Mar/2016:08:58:17 -0700] "GET /images/wsis-logo-sm.png HTTP/1.1" 200 6108 "http://www.thebackcountry.net/" "Mozilla/5.0 (iPhone; CPU iPhone OS 9_1 like Mac OS X) AppleWebKit/601.1.46 (KHTML, like Gecko) Version/9.0 Mobile/13B143 Safari/601.1"
70.196.13.189 - - [13/Mar/2016:09:00:28 -0700] "-" 408 0 "-" "-"
70.196.13.189 - - [13/Mar/2016:09:00:28 -0700] "-" 408 0 "-" "-"
70.196.13.189 - - [13/Mar/2016:09:00:28 -0700] "-" 408 0 "-" "-"
66.249.79.248 - - [13/Mar/2016:09:02:31 -0700] "GET /lib/reccapi.php?fields=t HTTP/1.1" 200 1860 "http://beta.whereshouldiski.com/" "Mozilla/5.0 (compatible; Googlebot/2.1; +http://www.google.com/bot.html)"
52.33.40.213 - - [13/Mar/2016:09:03:12 -0700] "GET /lib/reccapi.php?resort=squawvalleyusa HTTP/1.1" 200 1061 "-" "node-superagent/1.4.0"
170.75.162.130 - - [13/Mar/2016:09:03:39 -0700] "GET /lib/reccapi.php?resort=redlodge HTTP/1.1" 200 1107 "-" "node-superagent/1.4.0"
170.75.162.130 - - [13/Mar/2016:09:05:09 -0700] "GET /lib/reccapi.php?resort=mammothmountain HTTP/1.1" 200 1064 "-" "node-superagent/1.4.0"
193.201.224.176 - - [13/Mar/2016:09:05:45 -0700] "GET /ewebedit/editor/ HTTP/1.1" 404 476 "-" "compatible;Baiduspider/2.0; +http://www.baidu.com/search/spider.html"
170.75.162.130 - - [13/Mar/2016:09:06:09 -0700] "GET /lib/reccapi.php?resort=squawvalleyusa HTTP/1.1" 200 1063 "-" "node-superagent/1.4.0"
170.75.162.130 - - [13/Mar/2016:09:12:30 -0700] "GET /lib/reccapi.php?resort=sundayriver HTTP/1.1" 200 965 "-" "node-superagent/1.4.0"
71.83.119.129 - - [13/Mar/2016:09:13:38 -0700] "GET /images/wsis-logo-sm.png HTTP/1.1" 200 6108 "http://www.thebackcountry.net/" "Mozilla/5.0 (iPad; CPU OS 9_2_1 like Mac OS X) AppleWebKit/601.1.46 (KHTML, like Gecko) Version/9.0 Mobile/13D15 Safari/601.1"
85.180.97.123 - - [13/Mar/2016:09:14:41 -0700] "GET /images/wsis-logo-sm.png HTTP/1.1" 200 6108 "http://www.thebackcountry.net/" "Mozilla/5.0 (Windows NT 6.3) AppleWebKit/537.36 (KHTML, like Gecko) Chrome/48.0.2564.116 Safari/537.36"
170.75.162.130 - - [13/Mar/2016:09:17:50 -0700] "GET /lib/reccapi.php?resort=keystone HTTP/1.1" 200 1029 "-" "node-superagent/1.4.0"
170.75.162.130 - - [13/Mar/2016:09:19:40 -0700] "GET /lib/reccapi.php?resort=killington HTTP/1.1" 200 952 "-" "node-superagent/1.4.0"
52.33.40.213 - - [13/Mar/2016:09:20:23 -0700] "GET /lib/reccapi.php?resort=arapahoebasin HTTP/1.1" 200 1038 "-" "node-superagent/1.4.0"
52.33.40.213 - - [13/Mar/2016:09:20:43 -0700] "GET /lib/reccapi.php?resort=coppermountain HTTP/1.1" 200 1024 "-" "node-superagent/1.4.0"
71.9.241.81 - - [13/Mar/2016:09:25:53 -0700] "GET /images/wsis-logo-sm.png HTTP/1.1" 200 6108 "http://www.thebackcountry.net/" "Mozilla/5.0 (Linux; Android 5.1.1; SM-G920V Build/LMY47X) AppleWebKit/537.36 (KHTML, like Gecko) Chrome/49.0.2623.91 Mobile Safari/537.36"
71.9.241.81 - - [13/Mar/2016:09:26:45 -0700] "-" 408 0 "-" "-"
71.9.241.81 - - [13/Mar/2016:09:26:45 -0700] "-" 408 0 "-" "-"
71.9.241.81 - - [13/Mar/2016:09:26:45 -0700] "-" 408 0 "-" "-"
157.55.39.228 - - [13/Mar/2016:09:29:10 -0700] "GET / HTTP/1.1" 200 2615 "-" "Mozilla/5.0 (compatible; bingbot/2.0; +http://www.bing.com/bingbot.htm)"
52.33.40.213 - - [13/Mar/2016:09:29:33 -0700] "GET /lib/reccapi.php?resort=aspenmountain HTTP/1.1" 200 999 "-" "node-superagent/1.4.0"
170.75.162.130 - - [13/Mar/2016:09:30:01 -0700] "GET /lib/reccapi.php?resort=redmountain HTTP/1.1" 200 916 "-" "node-superagent/1.4.0"
52.33.40.213 - - [13/Mar/2016:09:30:33 -0700] "GET /lib/reccapi.php?resort=aspenheights HTTP/1.1" 200 1062 "-" "node-superagent/1.4.0"
52.33.40.213 - - [13/Mar/2016:09:31:03 -0700] "GET /lib/reccapi.php?resort=brianhead HTTP/1.1" 200 998 "-" "node-superagent/1.4.0"
2.161.183.14 - - [13/Mar/2016:09:32:45 -0700] "GET /images/wsis-logo-sm.png HTTP/1.1" 200 6108 "http://www.thebackcountry.net/" "Mozilla/5.0 (Macintosh; Intel Mac OS X 10_11_3) AppleWebKit/601.4.4 (KHTML, like Gecko) Version/9.0.3 Safari/601.4.4"
75.111.101.110 - - [13/Mar/2016:09:34:00 -0700] "GET /images/wsis-logo-sm.png HTTP/1.1" 200 6108 "http://www.thebackcountry.net/" "Mozilla/5.0 (Macintosh; Intel Mac OS X 10_10_5) AppleWebKit/537.36 (KHTML, like Gecko) Chrome/48.0.2564.116 Safari/537.36"
180.76.15.28 - - [13/Mar/2016:09:34:41 -0700] "GET / HTTP/1.1" 200 6995 "-" "Mozilla/5.0 (compatible; Baiduspider/2.0; +http://www.baidu.com/search/spider.html)"
70.215.4.74 - - [13/Mar/2016:09:34:42 -0700] "GET /images/wsis-logo-sm.png HTTP/1.1" 200 6108 "http://www.thebackcountry.net/" "Mozilla/5.0 (iPhone; CPU iPhone OS 9_2_1 like Mac OS X) AppleWebKit/601.1.46 (KHTML, like Gecko) Version/9.0 Mobile/13D15 Safari/601.1"
180.76.15.140 - - [13/Mar/2016:09:35:43 -0700] "GET / HTTP/1.1" 200 6995 "-" "Mozilla/5.0 (compatible; Baiduspider/2.0; +http://www.baidu.com/search/spider.html)"
52.33.40.213 - - [13/Mar/2016:09:38:24 -0700] "GET /lib/reccapi.php?resort=sugarbowl HTTP/1.1" 200 1041 "-" "node-superagent/1.4.0"
162.234.5.70 - - [13/Mar/2016:09:43:34 -0700] "GET /images/wsis-logo-sm.png HTTP/1.1" 200 6108 "http://www.thebackcountry.net/" "Mozilla/5.0 (Macintosh; Intel Mac OS X 10_11_2) AppleWebKit/601.3.9 (KHTML, like Gecko) Version/9.0.2 Safari/601.3.9"
170.75.162.130 - - [13/Mar/2016:09:43:52 -0700] "GET /lib/reccapi.php?resort=sierra-at-tahoe HTTP/1.1" 200 1096 "-" "node-superagent/1.4.0"
24.205.201.166 - - [13/Mar/2016:09:52:37 -0700] "GET /images/wsis-logo-sm.png HTTP/1.1" 200 6108 "http://thebackcountry.net/" "Mozilla/5.0 (Macintosh; Intel Mac OS X 10_7_5) AppleWebKit/537.78.2 (KHTML, like Gecko) Version/6.1.6 Safari/537.78.2"
170.75.162.130 - - [13/Mar/2016:09:56:53 -0700] "GET /lib/reccapi.php?resort=arapahoebasin HTTP/1.1" 200 1038 "-" "node-superagent/1.4.0"
170.75.162.130 - - [13/Mar/2016:09:57:03 -0700] "GET /lib/reccapi.php?resort=alyeska HTTP/1.1" 200 950 "-" "node-superagent/1.4.0"
170.75.162.130 - - [13/Mar/2016:09:57:03 -0700] "GET /lib/reccapi.php?resort=angelfire HTTP/1.1" 200 978 "-" "node-superagent/1.4.0"
170.75.162.130 - - [13/Mar/2016:09:57:13 -0700] "GET /lib/reccapi.php?resort=49degreesnorth HTTP/1.1" 200 1113 "-" "node-superagent/1.4.0"
170.75.162.130 - - [13/Mar/2016:09:57:13 -0700] "GET /lib/reccapi.php?resort=alpinemeadows HTTP/1.1" 200 1062 "-" "node-superagent/1.4.0"
170.75.162.130 - - [13/Mar/2016:09:57:13 -0700] "GET /lib/reccapi.php?resort=alta HTTP/1.1" 200 1024 "-" "node-superagent/1.4.0"
170.75.162.130 - - [13/Mar/2016:09:57:14 -0700] "GET /lib/reccapi.php?resort=bigsky HTTP/1.1" 200 1064 "-" "node-superagent/1.4.0"
170.75.162.130 - - [13/Mar/2016:09:57:14 -0700] "GET /lib/reccapi.php?resort=bigwhite HTTP/1.1" 200 922 "-" "node-superagent/1.4.0"
159.122.222.207 - - [13/Mar/2016:09:57:25 -0700] "GET //pma/scripts/setup.php HTTP/1.1" 404 466 "-" "-"
159.122.222.207 - - [13/Mar/2016:09:57:30 -0700] "GET //MyAdmin/scripts/setup.php HTTP/1.1" 404 466 "-" "-"
170.75.162.130 - - [13/Mar/2016:09:57:43 -0700] "GET /lib/reccapi.php?resort=aspenmountain HTTP/1.1" 200 999 "-" "node-superagent/1.4.0"
170.75.162.130 - - [13/Mar/2016:09:57:54 -0700] "GET /lib/reccapi.php?resort=aspenheights HTTP/1.1" 200 1062 "-" "node-superagent/1.4.0"
170.75.162.130 - - [13/Mar/2016:09:57:54 -0700] "GET /lib/reccapi.php?resort=brianhead HTTP/1.1" 200 998 "-" "node-superagent/1.4.0"
170.75.162.130 - - [13/Mar/2016:09:57:54 -0700] "GET /lib/reccapi.php?resort=brighton HTTP/1.1" 200 1031 "-" "node-superagent/1.4.0"
170.75.162.130 - - [13/Mar/2016:09:57:54 -0700] "GET /lib/reccapi.php?resort=deervalley HTTP/1.1" 200 1002 "-" "node-superagent/1.4.0"
170.75.162.130 - - [13/Mar/2016:09:57:54 -0700] "GET /lib/reccapi.php?resort=heavenly HTTP/1.1" 200 1049 "-" "node-superagent/1.4.0"
170.75.162.130 - - [13/Mar/2016:09:57:54 -0700] "GET /lib/reccapi.php?resort=hoodoo HTTP/1.1" 200 1069 "-" "node-superagent/1.4.0"
170.75.162.130 - - [13/Mar/2016:09:57:54 -0700] "GET /lib/reccapi.php?resort=jaypeak HTTP/1.1" 200 967 "-" "node-superagent/1.4.0"
170.75.162.130 - - [13/Mar/2016:09:57:54 -0700] "GET /lib/reccapi.php?resort=kirkwood HTTP/1.1" 200 1112 "-" "node-superagent/1.4.0"
170.75.162.130 - - [13/Mar/2016:09:57:54 -0700] "GET /lib/reccapi.php?resort=mountspokane HTTP/1.1" 200 1097 "-" "node-superagent/1.4.0"
170.75.162.130 - - [13/Mar/2016:09:57:54 -0700] "GET /lib/reccapi.php?resort=mountbachelor HTTP/1.1" 200 1112 "-" "node-superagent/1.4.0"
170.75.162.130 - - [13/Mar/2016:09:57:55 -0700] "GET /lib/reccapi.php?resort=mounthoodmeadows HTTP/1.1" 200 1090 "-" "node-superagent/1.4.0"
170.75.162.130 - - [13/Mar/2016:09:57:55 -0700] "GET /lib/reccapi.php?resort=northstar-at-tahoe HTTP/1.1" 200 1038 "-" "node-superagent/1.4.0"
170.75.162.130 - - [13/Mar/2016:09:58:54 -0700] "GET /lib/reccapi.php?resort=snowbasin HTTP/1.1" 200 1027 "-" "node-superagent/1.4.0"
170.75.162.130 - - [13/Mar/2016:09:58:54 -0700] "GET /lib/reccapi.php?resort=parkcity HTTP/1.1" 200 1050 "-" "node-superagent/1.4.0"
170.75.162.130 - - [13/Mar/2016:09:58:54 -0700] "GET /lib/reccapi.php?resort=taos HTTP/1.1" 200 962 "-" "node-superagent/1.4.0"
170.75.162.130 - - [13/Mar/2016:09:58:54 -0700] "GET /lib/reccapi.php?resort=stowe HTTP/1.1" 200 932 "-" "node-superagent/1.4.0"
170.75.162.130 - - [13/Mar/2016:09:58:54 -0700] "GET /lib/reccapi.php?resort=sugarloaf HTTP/1.1" 200 960 "-" "node-superagent/1.4.0"
170.75.162.130 - - [13/Mar/2016:09:58:54 -0700] "GET /lib/reccapi.php?resort=snowbird HTTP/1.1" 200 1037 "-" "node-superagent/1.4.0"
170.75.162.130 - - [13/Mar/2016:09:58:54 -0700] "GET /lib/reccapi.php?resort=smugglersnotch HTTP/1.1" 200 959 "-" "node-superagent/1.4.0"
170.75.162.130 - - [13/Mar/2016:09:58:54 -0700] "GET /lib/reccapi.php?resort=stevenspass HTTP/1.1" 200 1041 "-" "node-superagent/1.4.0"
170.75.162.130 - - [13/Mar/2016:09:58:54 -0700] "GET /lib/reccapi.php?resort=wildcatmountain HTTP/1.1" 200 970 "-" "node-superagent/1.4.0"
170.75.162.130 - - [13/Mar/2016:09:58:54 -0700] "GET /lib/reccapi.php?resort=whitefacemountain HTTP/1.1" 200 961 "-" "node-superagent/1.4.0"
24.181.96.34 - - [13/Mar/2016:10:01:29 -0700] "HEAD http://54.245.232.47:80/1phpmyadmin/ HTTP/1.1" 404 219 "-" "Mozilla/5.0 Jorgee"
24.181.96.34 - - [13/Mar/2016:10:01:29 -0700] "HEAD http://54.245.232.47:80/2phpmyadmin/ HTTP/1.1" 404 218 "-" "Mozilla/5.0 Jorgee"
24.181.96.34 - - [13/Mar/2016:10:01:29 -0700] "HEAD http://54.245.232.47:80/3phpmyadmin/ HTTP/1.1" 404 218 "-" "Mozilla/5.0 Jorgee"
24.181.96.34 - - [13/Mar/2016:10:01:30 -0700] "HEAD http://54.245.232.47:80/4phpmyadmin/ HTTP/1.1" 404 218 "-" "Mozilla/5.0 Jorgee"
24.181.96.34 - - [13/Mar/2016:10:01:30 -0700] "HEAD http://54.245.232.47:80/MyAdmin/ HTTP/1.1" 404 218 "-" "Mozilla/5.0 Jorgee"
24.181.96.34 - - [13/Mar/2016:10:01:30 -0700] "HEAD http://54.245.232.47:80/PMA/ HTTP/1.1" 404 218 "-" "Mozilla/5.0 Jorgee"
24.181.96.34 - - [13/Mar/2016:10:01:30 -0700] "HEAD http://54.245.232.47:80/PMA2011/ HTTP/1.1" 404 218 "-" "Mozilla/5.0 Jorgee"
24.181.96.34 - - [13/Mar/2016:10:01:30 -0700] "HEAD http://54.245.232.47:80/PMA2012/ HTTP/1.1" 404 218 "-" "Mozilla/5.0 Jorgee"
24.181.96.34 - - [13/Mar/2016:10:01:31 -0700] "HEAD http://54.245.232.47:80/PMA2013/ HTTP/1.1" 404 218 "-" "Mozilla/5.0 Jorgee"
24.181.96.34 - - [13/Mar/2016:10:01:31 -0700] "HEAD http://54.245.232.47:80/PMA2014/ HTTP/1.1" 404 218 "-" "Mozilla/5.0 Jorgee"
24.181.96.34 - - [13/Mar/2016:10:01:31 -0700] "HEAD http://54.245.232.47:80/PMA2015/ HTTP/1.1" 404 218 "-" "Mozilla/5.0 Jorgee"
24.181.96.34 - - [13/Mar/2016:10:01:31 -0700] "HEAD http://54.245.232.47:80/admin/ HTTP/1.1" 404 218 "-" "Mozilla/5.0 Jorgee"
24.181.96.34 - - [13/Mar/2016:10:01:31 -0700] "HEAD http://54.245.232.47:80/admin/db/ HTTP/1.1" 404 218 "-" "Mozilla/5.0 Jorgee"
24.181.96.34 - - [13/Mar/2016:10:01:31 -0700] "HEAD http://54.245.232.47:80/admin/pMA/ HTTP/1.1" 404 218 "-" "Mozilla/5.0 Jorgee"
24.181.96.34 - - [13/Mar/2016:10:01:31 -0700] "HEAD http://54.245.232.47:80/admin/phpMyAdmin/ HTTP/1.1" 404 218 "-" "Mozilla/5.0 Jorgee"
24.181.96.34 - - [13/Mar/2016:10:01:32 -0700] "HEAD http://54.245.232.47:80/admin/phpmyadmin/ HTTP/1.1" 404 218 "-" "Mozilla/5.0 Jorgee"
24.181.96.34 - - [13/Mar/2016:10:01:32 -0700] "HEAD http://54.245.232.47:80/admin/sqladmin/ HTTP/1.1" 404 218 "-" "Mozilla/5.0 Jorgee"
24.181.96.34 - - [13/Mar/2016:10:01:32 -0700] "HEAD http://54.245.232.47:80/admin/sysadmin/ HTTP/1.1" 404 218 "-" "Mozilla/5.0 Jorgee"
24.181.96.34 - - [13/Mar/2016:10:01:32 -0700] "HEAD http://54.245.232.47:80/admin/web/ HTTP/1.1" 404 218 "-" "Mozilla/5.0 Jorgee"
24.181.96.34 - - [13/Mar/2016:10:01:32 -0700] "HEAD http://54.245.232.47:80/administrator/PMA/ HTTP/1.1" 404 218 "-" "Mozilla/5.0 Jorgee"
24.181.96.34 - - [13/Mar/2016:10:01:32 -0700] "HEAD http://54.245.232.47:80/administrator/admin/ HTTP/1.1" 404 218 "-" "Mozilla/5.0 Jorgee"
24.181.96.34 - - [13/Mar/2016:10:01:33 -0700] "HEAD http://54.245.232.47:80/administrator/db/ HTTP/1.1" 404 218 "-" "Mozilla/5.0 Jorgee"
24.181.96.34 - - [13/Mar/2016:10:01:33 -0700] "HEAD http://54.245.232.47:80/administrator/phpMyAdmin/ HTTP/1.1" 404 218 "-" "Mozilla/5.0 Jorgee"
24.181.96.34 - - [13/Mar/2016:10:01:33 -0700] "HEAD http://54.245.232.47:80/administrator/phpmyadmin/ HTTP/1.1" 404 218 "-" "Mozilla/5.0 Jorgee"
24.181.96.34 - - [13/Mar/2016:10:01:33 -0700] "HEAD http://54.245.232.47:80/administrator/pma/ HTTP/1.1" 404 218 "-" "Mozilla/5.0 Jorgee"
24.181.96.34 - - [13/Mar/2016:10:01:33 -0700] "HEAD http://54.245.232.47:80/administrator/web/ HTTP/1.1" 404 218 "-" "Mozilla/5.0 Jorgee"
24.181.96.34 - - [13/Mar/2016:10:01:33 -0700] "HEAD http://54.245.232.47:80/database/ HTTP/1.1" 404 218 "-" "Mozilla/5.0 Jorgee"
24.181.96.34 - - [13/Mar/2016:10:01:34 -0700] "HEAD http://54.245.232.47:80/db/ HTTP/1.1" 404 218 "-" "Mozilla/5.0 Jorgee"
24.181.96.34 - - [13/Mar/2016:10:01:34 -0700] "HEAD http://54.245.232.47:80/db/db-admin/ HTTP/1.1" 404 218 "-" "Mozilla/5.0 Jorgee"
24.181.96.34 - - [13/Mar/2016:10:01:34 -0700] "HEAD http://54.245.232.47:80/db/dbadmin/ HTTP/1.1" 404 218 "-" "Mozilla/5.0 Jorgee"
24.181.96.34 - - [13/Mar/2016:10:01:34 -0700] "HEAD http://54.245.232.47:80/db/dbweb/ HTTP/1.1" 404 218 "-" "Mozilla/5.0 Jorgee"
24.181.96.34 - - [13/Mar/2016:10:01:34 -0700] "HEAD http://54.245.232.47:80/db/myadmin/ HTTP/1.1" 404 218 "-" "Mozilla/5.0 Jorgee"
24.181.96.34 - - [13/Mar/2016:10:01:34 -0700] "HEAD http://54.245.232.47:80/db/phpMyAdmin-3/ HTTP/1.1" 404 218 "-" "Mozilla/5.0 Jorgee"
24.181.96.34 - - [13/Mar/2016:10:01:34 -0700] "HEAD http://54.245.232.47:80/db/phpMyAdmin/ HTTP/1.1" 404 218 "-" "Mozilla/5.0 Jorgee"
24.181.96.34 - - [13/Mar/2016:10:01:35 -0700] "HEAD http://54.245.232.47:80/db/phpMyAdmin3/ HTTP/1.1" 404 218 "-" "Mozilla/5.0 Jorgee"
24.181.96.34 - - [13/Mar/2016:10:01:35 -0700] "HEAD http://54.245.232.47:80/db/phpmyadmin/ HTTP/1.1" 404 218 "-" "Mozilla/5.0 Jorgee"
24.181.96.34 - - [13/Mar/2016:10:01:35 -0700] "HEAD http://54.245.232.47:80/db/phpmyadmin3/ HTTP/1.1" 404 218 "-" "Mozilla/5.0 Jorgee"
24.181.96.34 - - [13/Mar/2016:10:01:35 -0700] "HEAD http://54.245.232.47:80/db/webadmin/ HTTP/1.1" 404 218 "-" "Mozilla/5.0 Jorgee"
24.181.96.34 - - [13/Mar/2016:10:01:35 -0700] "HEAD http://54.245.232.47:80/db/webdb/ HTTP/1.1" 404 218 "-" "Mozilla/5.0 Jorgee"
24.181.96.34 - - [13/Mar/2016:10:01:35 -0700] "HEAD http://54.245.232.47:80/db/websql/ HTTP/1.1" 404 218 "-" "Mozilla/5.0 Jorgee"
24.181.96.34 - - [13/Mar/2016:10:01:35 -0700] "HEAD http://54.245.232.47:80/dbadmin/ HTTP/1.1" 404 218 "-" "Mozilla/5.0 Jorgee"
24.181.96.34 - - [13/Mar/2016:10:01:35 -0700] "HEAD http://54.245.232.47:80/myadmin/ HTTP/1.1" 404 218 "-" "Mozilla/5.0 Jorgee"
24.181.96.34 - - [13/Mar/2016:10:01:36 -0700] "HEAD http://54.245.232.47:80/myadminphp/ HTTP/1.1" 404 218 "-" "Mozilla/5.0 Jorgee"
24.181.96.34 - - [13/Mar/2016:10:01:36 -0700] "HEAD http://54.245.232.47:80/mysql-admin/ HTTP/1.1" 404 218 "-" "Mozilla/5.0 Jorgee"
24.181.96.34 - - [13/Mar/2016:10:01:36 -0700] "HEAD http://54.245.232.47:80/mysql/ HTTP/1.1" 404 218 "-" "Mozilla/5.0 Jorgee"
24.181.96.34 - - [13/Mar/2016:10:01:36 -0700] "HEAD http://54.245.232.47:80/mysql/admin/ HTTP/1.1" 404 218 "-" "Mozilla/5.0 Jorgee"
24.181.96.34 - - [13/Mar/2016:10:01:36 -0700] "HEAD http://54.245.232.47:80/mysql/db/ HTTP/1.1" 404 218 "-" "Mozilla/5.0 Jorgee"
24.181.96.34 - - [13/Mar/2016:10:01:36 -0700] "HEAD http://54.245.232.47:80/mysql/dbadmin/ HTTP/1.1" 404 218 "-" "Mozilla/5.0 Jorgee"
24.181.96.34 - - [13/Mar/2016:10:01:36 -0700] "HEAD http://54.245.232.47:80/mysql/mysqlmanager/ HTTP/1.1" 404 218 "-" "Mozilla/5.0 Jorgee"
24.181.96.34 - - [13/Mar/2016:10:01:36 -0700] "HEAD http://54.245.232.47:80/mysql/pMA/ HTTP/1.1" 404 218 "-" "Mozilla/5.0 Jorgee"
24.181.96.34 - - [13/Mar/2016:10:01:37 -0700] "HEAD http://54.245.232.47:80/mysql/pma/ HTTP/1.1" 404 218 "-" "Mozilla/5.0 Jorgee"
24.181.96.34 - - [13/Mar/2016:10:01:37 -0700] "HEAD http://54.245.232.47:80/mysql/sqlmanager/ HTTP/1.1" 404 218 "-" "Mozilla/5.0 Jorgee"
24.181.96.34 - - [13/Mar/2016:10:01:37 -0700] "HEAD http://54.245.232.47:80/mysql/web/ HTTP/1.1" 404 218 "-" "Mozilla/5.0 Jorgee"
24.181.96.34 - - [13/Mar/2016:10:01:37 -0700] "HEAD http://54.245.232.47:80/mysqladmin/ HTTP/1.1" 404 218 "-" "Mozilla/5.0 Jorgee"
24.181.96.34 - - [13/Mar/2016:10:01:37 -0700] "HEAD http://54.245.232.47:80/mysqlmanager/ HTTP/1.1" 404 218 "-" "Mozilla/5.0 Jorgee"
24.181.96.34 - - [13/Mar/2016:10:01:37 -0700] "HEAD http://54.245.232.47:80/php-my-admin/ HTTP/1.1" 404 218 "-" "Mozilla/5.0 Jorgee"
24.181.96.34 - - [13/Mar/2016:10:01:37 -0700] "HEAD http://54.245.232.47:80/php-myadmin/ HTTP/1.1" 404 218 "-" "Mozilla/5.0 Jorgee"
24.181.96.34 - - [13/Mar/2016:10:01:37 -0700] "HEAD http://54.245.232.47:80/phpMyAdmin-2/ HTTP/1.1" 404 218 "-" "Mozilla/5.0 Jorgee"
24.181.96.34 - - [13/Mar/2016:10:01:38 -0700] "HEAD http://54.245.232.47:80/phpMyAdmin-3/ HTTP/1.1" 404 218 "-" "Mozilla/5.0 Jorgee"
24.181.96.34 - - [13/Mar/2016:10:01:38 -0700] "HEAD http://54.245.232.47:80/phpMyAdmin-4/ HTTP/1.1" 404 218 "-" "Mozilla/5.0 Jorgee"
24.181.96.34 - - [13/Mar/2016:10:01:38 -0700] "HEAD http://54.245.232.47:80/phpMyAdmin/ HTTP/1.1" 404 218 "-" "Mozilla/5.0 Jorgee"
24.181.96.34 - - [13/Mar/2016:10:01:38 -0700] "HEAD http://54.245.232.47:80/phpMyAdmin2/ HTTP/1.1" 404 218 "-" "Mozilla/5.0 Jorgee"
24.181.96.34 - - [13/Mar/2016:10:01:38 -0700] "HEAD http://54.245.232.47:80/phpMyAdmin3/ HTTP/1.1" 404 218 "-" "Mozilla/5.0 Jorgee"
24.181.96.34 - - [13/Mar/2016:10:01:38 -0700] "HEAD http://54.245.232.47:80/phpMyAdmin4/ HTTP/1.1" 404 218 "-" "Mozilla/5.0 Jorgee"
24.181.96.34 - - [13/Mar/2016:10:01:39 -0700] "HEAD http://54.245.232.47:80/phpMyadmin/ HTTP/1.1" 404 218 "-" "Mozilla/5.0 Jorgee"
24.181.96.34 - - [13/Mar/2016:10:01:39 -0700] "HEAD http://54.245.232.47:80/phpmanager/ HTTP/1.1" 404 218 "-" "Mozilla/5.0 Jorgee"
24.181.96.34 - - [13/Mar/2016:10:01:39 -0700] "HEAD http://54.245.232.47:80/phpmy-admin/ HTTP/1.1" 404 218 "-" "Mozilla/5.0 Jorgee"
24.181.96.34 - - [13/Mar/2016:10:01:39 -0700] "HEAD http://54.245.232.47:80/phpmy/ HTTP/1.1" 404 218 "-" "Mozilla/5.0 Jorgee"
24.181.96.34 - - [13/Mar/2016:10:01:39 -0700] "HEAD http://54.245.232.47:80/phpmyAdmin/ HTTP/1.1" 404 218 "-" "Mozilla/5.0 Jorgee"
24.181.96.34 - - [13/Mar/2016:10:01:40 -0700] "HEAD http://54.245.232.47:80/phpmyadmin/ HTTP/1.1" 404 218 "-" "Mozilla/5.0 Jorgee"
24.181.96.34 - - [13/Mar/2016:10:01:40 -0700] "HEAD http://54.245.232.47:80/phpmyadmin1/ HTTP/1.1" 404 218 "-" "Mozilla/5.0 Jorgee"
24.181.96.34 - - [13/Mar/2016:10:01:40 -0700] "HEAD http://54.245.232.47:80/phpmyadmin2/ HTTP/1.1" 404 218 "-" "Mozilla/5.0 Jorgee"
24.181.96.34 - - [13/Mar/2016:10:01:40 -0700] "HEAD http://54.245.232.47:80/phpmyadmin3/ HTTP/1.1" 404 218 "-" "Mozilla/5.0 Jorgee"
24.181.96.34 - - [13/Mar/2016:10:01:40 -0700] "HEAD http://54.245.232.47:80/phpmyadmin4/ HTTP/1.1" 404 218 "-" "Mozilla/5.0 Jorgee"
24.181.96.34 - - [13/Mar/2016:10:01:40 -0700] "HEAD http://54.245.232.47:80/phppma/ HTTP/1.1" 404 218 "-" "Mozilla/5.0 Jorgee"
24.181.96.34 - - [13/Mar/2016:10:01:41 -0700] "HEAD http://54.245.232.47:80/pma/ HTTP/1.1" 404 218 "-" "Mozilla/5.0 Jorgee"
24.181.96.34 - - [13/Mar/2016:10:01:41 -0700] "HEAD http://54.245.232.47:80/pma2011/ HTTP/1.1" 404 218 "-" "Mozilla/5.0 Jorgee"
24.181.96.34 - - [13/Mar/2016:10:01:41 -0700] "HEAD http://54.245.232.47:80/pma2012/ HTTP/1.1" 404 218 "-" "Mozilla/5.0 Jorgee"
24.181.96.34 - - [13/Mar/2016:10:01:41 -0700] "HEAD http://54.245.232.47:80/pma2013/ HTTP/1.1" 404 218 "-" "Mozilla/5.0 Jorgee"
24.181.96.34 - - [13/Mar/2016:10:01:41 -0700] "HEAD http://54.245.232.47:80/pma2014/ HTTP/1.1" 404 218 "-" "Mozilla/5.0 Jorgee"
24.181.96.34 - - [13/Mar/2016:10:01:41 -0700] "HEAD http://54.245.232.47:80/pma2015/ HTTP/1.1" 404 218 "-" "Mozilla/5.0 Jorgee"
24.181.96.34 - - [13/Mar/2016:10:01:41 -0700] "HEAD http://54.245.232.47:80/program/ HTTP/1.1" 404 218 "-" "Mozilla/5.0 Jorgee"
24.181.96.34 - - [13/Mar/2016:10:01:42 -0700] "HEAD http://54.245.232.47:80/shopdb/ HTTP/1.1" 404 218 "-" "Mozilla/5.0 Jorgee"
24.181.96.34 - - [13/Mar/2016:10:01:42 -0700] "HEAD http://54.245.232.47:80/sql/myadmin/ HTTP/1.1" 404 218 "-" "Mozilla/5.0 Jorgee"
24.181.96.34 - - [13/Mar/2016:10:01:42 -0700] "HEAD http://54.245.232.47:80/sql/php-myadmin/ HTTP/1.1" 404 218 "-" "Mozilla/5.0 Jorgee"
24.181.96.34 - - [13/Mar/2016:10:01:42 -0700] "HEAD http://54.245.232.47:80/sql/phpMyAdmin/ HTTP/1.1" 404 218 "-" "Mozilla/5.0 Jorgee"
24.181.96.34 - - [13/Mar/2016:10:01:42 -0700] "HEAD http://54.245.232.47:80/sql/phpMyAdmin2/ HTTP/1.1" 404 218 "-" "Mozilla/5.0 Jorgee"
24.181.96.34 - - [13/Mar/2016:10:01:42 -0700] "HEAD http://54.245.232.47:80/sql/phpMyAdmin3/ HTTP/1.1" 404 218 "-" "Mozilla/5.0 Jorgee"
24.181.96.34 - - [13/Mar/2016:10:01:42 -0700] "HEAD http://54.245.232.47:80/sql/phpMyAdmin4/ HTTP/1.1" 404 218 "-" "Mozilla/5.0 Jorgee"
24.181.96.34 - - [13/Mar/2016:10:01:42 -0700] "HEAD http://54.245.232.47:80/sql/phpmanager/ HTTP/1.1" 404 218 "-" "Mozilla/5.0 Jorgee"
24.181.96.34 - - [13/Mar/2016:10:01:43 -0700] "HEAD http://54.245.232.47:80/sql/phpmy-admin/ HTTP/1.1" 404 218 "-" "Mozilla/5.0 Jorgee"
24.181.96.34 - - [13/Mar/2016:10:01:43 -0700] "HEAD http://54.245.232.47:80/sql/phpmyadmin2/ HTTP/1.1" 404 217 "-" "Mozilla/5.0 Jorgee"
24.181.96.34 - - [13/Mar/2016:10:01:43 -0700] "HEAD http://54.245.232.47:80/sql/phpmyadmin3/ HTTP/1.1" 404 217 "-" "Mozilla/5.0 Jorgee"
24.181.96.34 - - [13/Mar/2016:10:01:43 -0700] "HEAD http://54.245.232.47:80/sql/phpmyadmin4/ HTTP/1.1" 404 217 "-" "Mozilla/5.0 Jorgee"
24.181.96.34 - - [13/Mar/2016:10:01:43 -0700] "HEAD http://54.245.232.47:80/sql/sql-admin/ HTTP/1.1" 404 217 "-" "Mozilla/5.0 Jorgee"
24.181.96.34 - - [13/Mar/2016:10:01:43 -0700] "HEAD http://54.245.232.47:80/sql/sql/ HTTP/1.1" 404 217 "-" "Mozilla/5.0 Jorgee"
24.181.96.34 - - [13/Mar/2016:10:01:43 -0700] "HEAD http://54.245.232.47:80/sql/sqladmin/ HTTP/1.1" 404 217 "-" "Mozilla/5.0 Jorgee"
24.181.96.34 - - [13/Mar/2016:10:01:43 -0700] "HEAD http://54.245.232.47:80/sql/sqlweb/ HTTP/1.1" 404 217 "-" "Mozilla/5.0 Jorgee"
24.181.96.34 - - [13/Mar/2016:10:01:44 -0700] "HEAD http://54.245.232.47:80/sql/webadmin/ HTTP/1.1" 404 217 "-" "Mozilla/5.0 Jorgee"
24.181.96.34 - - [13/Mar/2016:10:01:44 -0700] "HEAD http://54.245.232.47:80/sql/webdb/ HTTP/1.1" 404 217 "-" "Mozilla/5.0 Jorgee"
24.181.96.34 - - [13/Mar/2016:10:01:44 -0700] "HEAD http://54.245.232.47:80/sql/websql/ HTTP/1.1" 404 182 "-" "Mozilla/5.0 Jorgee"
72.47.149.116 - - [13/Mar/2016:10:04:43 -0700] "GET /images/wsis-logo-sm.png HTTP/1.1" 200 6108 "http://www.thebackcountry.net/" "Mozilla/5.0 (Windows NT 6.3; WOW64; rv:44.0) Gecko/20100101 Firefox/44.0"
24.32.30.209 - - [13/Mar/2016:10:06:15 -0700] "GET /images/wsis-logo-sm.png HTTP/1.1" 200 6108 "http://www.thebackcountry.net/" "Mozilla/5.0 (Macintosh; Intel Mac OS X 10_10_1) AppleWebKit/537.36 (KHTML, like Gecko) Chrome/48.0.2564.116 Safari/537.36"
52.33.40.213 - - [13/Mar/2016:10:11:45 -0700] "GET /lib/reccapi.php?resort=killington HTTP/1.1" 200 952 "-" "node-superagent/1.4.0"
66.249.79.248 - - [13/Mar/2016:10:11:52 -0700] "GET /lib/reccapi.php?resort=eldora&date=2016-02-23 HTTP/1.1" 200 1080 "http://whereshouldiski.com/" "Mozilla/5.0 (compatible; Googlebot/2.1; +http://www.google.com/bot.html)"
66.249.79.248 - - [13/Mar/2016:10:11:53 -0700] "GET /lib/resortDataSearchD3.php?size=7&sortDate=T&resort=eldora&dateStart=2016-02-21 HTTP/1.1" 200 868 "http://whereshouldiski.com/" "Mozilla/5.0 (compatible; Googlebot/2.1; +http://www.google.com/bot.html)"
66.249.79.135 - - [13/Mar/2016:10:11:54 -0700] "GET /lib/reccapi.php?fields=t&date=2016-02-23&coords=39.94%2C-105.59&size=7&sort=distance HTTP/1.1" 200 1338 "http://whereshouldiski.com/" "Mozilla/5.0 (compatible; Googlebot/2.1; +http://www.google.com/bot.html)"
52.33.40.213 - - [13/Mar/2016:10:14:35 -0700] "GET /lib/reccapi.php?resort=taos HTTP/1.1" 200 962 "-" "node-superagent/1.4.0"
52.33.40.213 - - [13/Mar/2016:10:14:35 -0700] "GET /lib/reccapi.php?resort=grandtarghee HTTP/1.1" 200 1060 "-" "node-superagent/1.4.0"
52.33.40.213 - - [13/Mar/2016:10:14:35 -0700] "GET /lib/reccapi.php?resort=sunvalley HTTP/1.1" 200 1049 "-" "node-superagent/1.4.0"
52.33.40.213 - - [13/Mar/2016:10:14:35 -0700] "GET /lib/reccapi.php?resort=jacksonhole HTTP/1.1" 200 1052 "-" "node-superagent/1.4.0"
70.214.36.193 - - [13/Mar/2016:10:19:16 -0700] "GET /images/wsis-logo-sm.png HTTP/1.1" 200 6108 "http://www.thebackcountry.net/" "Mozilla/5.0 (iPhone; CPU iPhone OS 8_1 like Mac OS X) AppleWebKit/600.1.4 (KHTML, like Gecko) Version/8.0 Mobile/12B411 Safari/600.1.4"
52.33.40.213 - - [13/Mar/2016:10:21:36 -0700] "GET /lib/reccapi.php?resort=keystone HTTP/1.1" 200 1029 "-" "node-superagent/1.4.0"
170.75.162.130 - - [13/Mar/2016:10:27:06 -0700] "GET /lib/reccapi.php?resort=snowmass HTTP/1.1" 200 1028 "-" "node-superagent/1.4.0"
193.201.224.176 - - [13/Mar/2016:10:27:48 -0700] "GET /fck2/editor/ HTTP/1.1" 404 476 "-" "compatible;Baiduspider/2.0; +http://www.baidu.com/search/spider.html"
180.76.15.151 - - [13/Mar/2016:10:29:27 -0700] "GET / HTTP/1.1" 200 6995 "-" "Mozilla/5.0 (compatible; Baiduspider/2.0; +http://www.baidu.com/search/spider.html)"
180.76.15.134 - - [13/Mar/2016:10:30:14 -0700] "GET / HTTP/1.1" 200 6995 "-" "Mozilla/5.0 (compatible; Baiduspider/2.0; +http://www.baidu.com/search/spider.html)"
52.33.40.213 - - [13/Mar/2016:10:30:56 -0700] "GET /lib/reccapi.php?resort=sundayriver HTTP/1.1" 200 965 "-" "node-superagent/1.4.0"
170.75.162.130 - - [13/Mar/2016:10:37:27 -0700] "GET /lib/reccapi.php?resort=monarch HTTP/1.1" 200 978 "-" "node-superagent/1.4.0"
66.55.92.75 - - [13/Mar/2016:10:39:04 -0700] "GET /images/wsis-logo-sm.png HTTP/1.1" 200 6108 "http://www.thebackcountry.net/" "Mozilla/5.0 (iPhone; CPU iPhone OS 9_2_1 like Mac OS X) AppleWebKit/601.1.46 (KHTML, like Gecko) Version/9.0 Mobile/13D15 Safari/601.1"
170.75.162.130 - - [13/Mar/2016:10:43:08 -0700] "GET /lib/reccapi.php?resort=homewoodmountain HTTP/1.1" 200 1061 "-" "node-superagent/1.4.0"
170.75.162.130 - - [13/Mar/2016:10:43:28 -0700] "GET /lib/reccapi.php?resort=sunpeaksresort HTTP/1.1" 200 922 "-" "node-superagent/1.4.0"
170.75.162.130 - - [13/Mar/2016:10:50:48 -0700] "GET /lib/reccapi.php?resort=mtrose HTTP/1.1" 200 1025 "-" "node-superagent/1.4.0"
52.33.40.213 - - [13/Mar/2016:10:56:17 -0700] "GET /lib/reccapi.php?resort=heavenly HTTP/1.1" 200 1049 "-" "node-superagent/1.4.0"
52.33.40.213 - - [13/Mar/2016:10:56:17 -0700] "GET /lib/reccapi.php?resort=kirkwood HTTP/1.1" 200 1112 "-" "node-superagent/1.4.0"
99.46.24.23 - - [13/Mar/2016:10:56:48 -0700] "GET /images/wsis-logo-sm.png HTTP/1.1" 200 6108 "http://www.thebackcountry.net/" "Mozilla/5.0 (Macintosh; Intel Mac OS X 10_11_3) AppleWebKit/537.36 (KHTML, like Gecko) Chrome/48.0.2564.116 Safari/537.36"
70.214.40.102 - - [13/Mar/2016:10:57:19 -0700] "GET /images/wsis-logo-sm.png HTTP/1.1" 200 6108 "http://www.thebackcountry.net/" "Mozilla/5.0 (Linux; U; Android 4.4.2; en-us; SCH-I535 Build/KOT49H) AppleWebKit/534.30 (KHTML, like Gecko) Version/4.0 Mobile Safari/534.30"
170.75.162.130 - - [13/Mar/2016:11:00:29 -0700] "GET /lib/reccapi.php?resort=silverstarmountain HTTP/1.1" 200 943 "-" "node-superagent/1.4.0"
170.75.162.130 - - [13/Mar/2016:11:00:29 -0700] "GET /lib/reccapi.php?resort=whistlerblackcomb HTTP/1.1" 200 932 "-" "node-superagent/1.4.0"
45.49.139.191 - - [13/Mar/2016:11:15:57 -0700] "GET /images/wsis-logo-sm.png HTTP/1.1" 200 6108 "http://www.thebackcountry.net/" "Mozilla/5.0 (Windows NT 6.1; WOW64) AppleWebKit/537.36 (KHTML, like Gecko) Chrome/48.0.2564.116 Safari/537.36"
75.141.205.253 - - [13/Mar/2016:11:21:05 -0700] "GET /images/wsis-logo-sm.png HTTP/1.1" 200 6108 "http://www.thebackcountry.net/" "Mozilla/5.0 (Windows NT 6.1; WOW64) AppleWebKit/537.36 (KHTML, like Gecko) Chrome/48.0.2564.116 Safari/537.36"
123.125.71.90 - - [13/Mar/2016:11:21:32 -0700] "GET / HTTP/1.1" 200 2578 "-" "Mozilla/5.0 (Windows NT 5.1; rv:6.0.2) Gecko/20100101 Firefox/6.0.2"
123.125.71.113 - - [13/Mar/2016:11:21:33 -0700] "GET / HTTP/1.1" 200 6995 "-" "Mozilla/5.0 (Windows NT 5.1; rv:6.0.2) Gecko/20100101 Firefox/6.0.2"
45.33.85.57 - - [13/Mar/2016:11:22:39 -0700] "GET / HTTP/1.1" 200 6995 "-" "Mozilla/5.0 (iPhone; CPU iPhone OS 9_2 like Mac OS X) AppleWebKit/601.1 (KHTML, like Gecko) CriOS/47.0.2526.70 Mobile/13C71 Safari/601.1.46"
45.33.85.57 - - [13/Mar/2016:11:22:39 -0700] "GET / HTTP/1.1" 200 6995 "-" "Mozilla/5.0 (iPhone; CPU iPhone OS 9_2 like Mac OS X) AppleWebKit/601.1 (KHTML, like Gecko) CriOS/47.0.2526.70 Mobile/13C71 Safari/601.1.46"
170.75.162.130 - - [13/Mar/2016:11:24:21 -0700] "GET /lib/reccapi.php?resort=buttermilk HTTP/1.1" 200 989 "-" "node-superagent/1.4.0"
170.75.162.130 - - [13/Mar/2016:11:24:21 -0700] "GET /lib/reccapi.php?resort=schweitzer HTTP/1.1" 200 1097 "-" "node-superagent/1.4.0"
170.75.162.130 - - [13/Mar/2016:11:25:41 -0700] "GET /lib/reccapi.php?resort=loveland HTTP/1.1" 200 1012 "-" "node-superagent/1.4.0"
170.75.162.130 - - [13/Mar/2016:11:25:41 -0700] "GET /lib/reccapi.php?resort=crestedbutte HTTP/1.1" 200 1002 "-" "node-superagent/1.4.0"
170.75.162.130 - - [13/Mar/2016:11:25:41 -0700] "GET /lib/reccapi.php?resort=winterpark HTTP/1.1" 200 1025 "-" "node-superagent/1.4.0"
170.75.162.130 - - [13/Mar/2016:11:25:41 -0700] "GET /lib/reccapi.php?resort=coppermountain HTTP/1.1" 200 1024 "-" "node-superagent/1.4.0"
170.75.162.130 - - [13/Mar/2016:11:26:21 -0700] "GET /lib/reccapi.php?resort=mountainhigh HTTP/1.1" 200 1001 "-" "node-superagent/1.4.0"
170.75.162.130 - - [13/Mar/2016:11:27:21 -0700] "GET /lib/reccapi.php?resort=chinapeak HTTP/1.1" 200 1088 "-" "node-superagent/1.4.0"
52.33.40.213 - - [13/Mar/2016:11:27:39 -0700] "GET /lib/reccapi.php?resort=mammothmountain HTTP/1.1" 200 1061 "-" "node-superagent/1.4.0"
170.75.162.130 - - [13/Mar/2016:11:31:22 -0700] "GET /lib/reccapi.php?resort=steamboat HTTP/1.1" 200 1045 "-" "node-superagent/1.4.0"
180.76.15.149 - - [13/Mar/2016:11:31:37 -0700] "GET / HTTP/1.1" 200 6995 "-" "Mozilla/5.0 (compatible; Baiduspider/2.0; +http://www.baidu.com/search/spider.html)"
180.76.15.34 - - [13/Mar/2016:11:32:33 -0700] "GET / HTTP/1.1" 200 6995 "-" "Mozilla/5.0 (compatible; Baiduspider/2.0; +http://www.baidu.com/search/spider.html)"
66.249.79.248 - - [13/Mar/2016:11:38:39 -0700] "GET /lib/reccapi.php?resort=49degreesnorth&date=2016-03-10 HTTP/1.1" 200 1131 "http://whereshouldiski.com/" "Mozilla/5.0 (compatible; Googlebot/2.1; +http://www.google.com/bot.html)"
66.249.79.248 - - [13/Mar/2016:11:38:40 -0700] "GET /lib/reccapi.php?fields=t&date=2016-03-10&coords=48.28%2C-117.56&size=7&sort=distance HTTP/1.1" 200 1425 "http://whereshouldiski.com/" "Mozilla/5.0 (compatible; Googlebot/2.1; +http://www.google.com/bot.html)"
66.249.79.248 - - [13/Mar/2016:11:38:40 -0700] "GET /lib/resortDataSearchD3.php?size=7&sortDate=T&resort=49degreesnorth&dateStart=2016-03-08 HTTP/1.1" 200 875 "http://whereshouldiski.com/" "Mozilla/5.0 (compatible; Googlebot/2.1; +http://www.google.com/bot.html)"
178.216.200.48 - - [13/Mar/2016:11:40:06 -0700] "GET http://testp3.pospr.waw.pl/testproxy.php HTTP/1.1" 404 449 "-" "Mozilla/5.0 (Windows NT 5.1; rv:32.0) Gecko/20100101 Firefox/31.0"
193.201.224.176 - - [13/Mar/2016:11:48:43 -0700] "GET /fck26/editor/ HTTP/1.1" 404 476 "-" "compatible;Baiduspider/2.0; +http://www.baidu.com/search/spider.html"
108.247.178.213 - - [13/Mar/2016:11:53:57 -0700] "GET /images/wsis-logo-sm.png HTTP/1.1" 200 6108 "http://www.thebackcountry.net/" "Mozilla/5.0 (iPhone; CPU iPhone OS 9_2_1 like Mac OS X) AppleWebKit/600.1.4 (KHTML, like Gecko) GSA/12.0.68608 Mobile/13D15 Safari/600.1.4"
170.75.162.130 - - [13/Mar/2016:11:56:14 -0700] "GET /lib/reccapi.php?resort=sugarbowl HTTP/1.1" 200 1041 "-" "node-superagent/1.4.0"
207.46.13.100 - - [13/Mar/2016:11:56:33 -0700] "GET /legal.aspx HTTP/1.1" 404 507 "-" "Mozilla/5.0 (compatible; bingbot/2.0; +http://www.bing.com/bingbot.htm)"
173.79.253.37 - - [13/Mar/2016:11:57:22 -0700] "GET /images/wsis-logo-sm.png HTTP/1.1" 200 6108 "http://www.thebackcountry.net/" "Mozilla/5.0 (Windows NT 6.3; WOW64; Trident/7.0; MDDCJS; rv:11.0) like Gecko"
47.33.26.63 - - [13/Mar/2016:12:13:48 -0700] "GET /images/wsis-logo-sm.png HTTP/1.1" 200 6108 "http://www.thebackcountry.net/" "Mozilla/5.0 (Macintosh; Intel Mac OS X 10_11_3) AppleWebKit/601.4.4 (KHTML, like Gecko) Version/9.0.3 Safari/601.4.4"
66.8.203.168 - - [13/Mar/2016:12:14:28 -0700] "GET /images/wsis-logo-sm.png HTTP/1.1" 200 6108 "http://www.thebackcountry.net/" "Mozilla/5.0 (Macintosh; Intel Mac OS X 10_9_5) AppleWebKit/601.4.4 (KHTML, like Gecko) Version/9.0.3 Safari/537.86.4"
123.125.71.71 - - [13/Mar/2016:12:20:00 -0700] "GET / HTTP/1.1" 200 2578 "-" "Mozilla/5.0 (Windows NT 5.1; rv:6.0.2) Gecko/20100101 Firefox/6.0.2"
170.75.162.130 - - [13/Mar/2016:12:23:26 -0700] "GET /lib/reccapi.php?resort=crystalmountain HTTP/1.1" 200 1034 "-" "node-superagent/1.4.0"
52.33.40.213 - - [13/Mar/2016:12:25:02 -0700] "GET /lib/reccapi.php?resort=whistlerblackcomb HTTP/1.1" 200 932 "-" "node-superagent/1.4.0"
52.33.40.213 - - [13/Mar/2016:12:25:02 -0700] "GET /lib/reccapi.php?resort=stowe HTTP/1.1" 200 932 "-" "node-superagent/1.4.0"
52.33.40.213 - - [13/Mar/2016:12:25:02 -0700] "GET /lib/reccapi.php?resort=sugarbush HTTP/1.1" 200 951 "-" "node-superagent/1.4.0"
52.33.40.213 - - [13/Mar/2016:12:25:02 -0700] "GET /lib/reccapi.php?resort=winterpark HTTP/1.1" 200 1025 "-" "node-superagent/1.4.0"
52.33.40.213 - - [13/Mar/2016:12:25:02 -0700] "GET /lib/reccapi.php?resort=sugarloaf HTTP/1.1" 200 960 "-" "node-superagent/1.4.0"
52.33.40.213 - - [13/Mar/2016:12:25:01 -0700] "GET /lib/reccapi.php?resort=cannonmountain HTTP/1.1" 200 959 "-" "node-superagent/1.4.0"
52.33.40.213 - - [13/Mar/2016:12:25:02 -0700] "GET /lib/reccapi.php?resort=madriverglen HTTP/1.1" 200 959 "-" "node-superagent/1.4.0"
180.76.15.151 - - [13/Mar/2016:12:31:52 -0700] "GET / HTTP/1.1" 200 6995 "-" "Mozilla/5.0 (compatible; Baiduspider/2.0; +http://www.baidu.com/search/spider.html)"
180.76.15.15 - - [13/Mar/2016:12:32:47 -0700] "GET / HTTP/1.1" 200 6995 "-" "Mozilla/5.0 (compatible; Baiduspider/2.0; +http://www.baidu.com/search/spider.html)"
71.140.31.214 - - [13/Mar/2016:12:34:06 -0700] "GET /images/wsis-logo-sm.png HTTP/1.1" 200 6108 "http://www.thebackcountry.net/" "Mozilla/5.0 (Windows NT 6.1; WOW64) AppleWebKit/537.36 (KHTML, like Gecko) Chrome/48.0.2564.116 Safari/537.36"
52.33.40.213 - - [13/Mar/2016:12:37:22 -0700] "GET /lib/reccapi.php?resort=hoodoo HTTP/1.1" 200 1069 "-" "node-superagent/1.4.0"
66.249.79.241 - - [13/Mar/2016:12:41:46 -0700] "GET /lib/reccapi.php?resort=cannonmountain&date=2016-03-10 HTTP/1.1" 200 1054 "http://whereshouldiski.com/" "Mozilla/5.0 (compatible; Googlebot/2.1; +http://www.google.com/bot.html)"
66.249.79.248 - - [13/Mar/2016:12:41:47 -0700] "GET /lib/reccapi.php?fields=t&date=2016-03-10&coords=44.163%2C-71.698&size=7&sort=distance HTTP/1.1" 200 1315 "http://whereshouldiski.com/" "Mozilla/5.0 (compatible; Googlebot/2.1; +http://www.google.com/bot.html)"
66.249.79.135 - - [13/Mar/2016:12:41:47 -0700] "GET /lib/resortDataSearchD3.php?size=7&sortDate=T&resort=cannonmountain&dateStart=2016-03-08 HTTP/1.1" 200 848 "http://whereshouldiski.com/" "Mozilla/5.0 (compatible; Googlebot/2.1; +http://www.google.com/bot.html)"
52.33.40.213 - - [13/Mar/2016:12:50:43 -0700] "GET /lib/reccapi.php?resort=49degreesnorth HTTP/1.1" 200 1113 "-" "node-superagent/1.4.0"
52.33.40.213 - - [13/Mar/2016:12:54:23 -0700] "GET /lib/reccapi.php?resort=bigwhite HTTP/1.1" 200 922 "-" "node-superagent/1.4.0"
52.33.40.213 - - [13/Mar/2016:12:55:33 -0700] "GET /lib/reccapi.php?resort=diamondpeak HTTP/1.1" 200 1025 "-" "node-superagent/1.4.0"
52.33.40.213 - - [13/Mar/2016:12:55:33 -0700] "GET /lib/reccapi.php?resort=crestedbutte HTTP/1.1" 200 1002 "-" "node-superagent/1.4.0"
52.33.40.213 - - [13/Mar/2016:12:55:43 -0700] "GET /lib/reccapi.php?resort=devilshead HTTP/1.1" 200 1043 "-" "node-superagent/1.4.0"
52.33.40.213 - - [13/Mar/2016:12:57:03 -0700] "GET /lib/reccapi.php?resort=sunpeaksresort HTTP/1.1" 200 922 "-" "node-superagent/1.4.0"
52.33.40.213 - - [13/Mar/2016:12:57:13 -0700] "GET /lib/reccapi.php?resort=mountainhigh HTTP/1.1" 200 1001 "-" "node-superagent/1.4.0"
52.33.40.213 - - [13/Mar/2016:12:57:13 -0700] "GET /lib/reccapi.php?resort=redmountain HTTP/1.1" 200 916 "-" "node-superagent/1.4.0"
52.33.40.213 - - [13/Mar/2016:12:57:13 -0700] "GET /lib/reccapi.php?resort=loveland HTTP/1.1" 200 1012 "-" "node-superagent/1.4.0"
52.33.40.213 - - [13/Mar/2016:12:58:03 -0700] "GET /lib/reccapi.php?resort=wildcatmountain HTTP/1.1" 200 970 "-" "node-superagent/1.4.0"
52.33.40.213 - - [13/Mar/2016:12:58:33 -0700] "GET /lib/reccapi.php?resort=snowbasin HTTP/1.1" 200 1027 "-" "node-superagent/1.4.0"
52.33.40.213 - - [13/Mar/2016:12:58:33 -0700] "GET /lib/reccapi.php?resort=silverstarmountain HTTP/1.1" 200 943 "-" "node-superagent/1.4.0"
50.37.26.37 - - [13/Mar/2016:13:07:37 -0700] "GET /images/wsis-logo-sm.png HTTP/1.1" 200 6108 "http://www.thebackcountry.net/" "Mozilla/5.0 (iPad; CPU OS 9_2_1 like Mac OS X) AppleWebKit/601.1.46 (KHTML, like Gecko) Version/9.0 Mobile/13D15 Safari/601.1"
193.201.224.176 - - [13/Mar/2016:13:09:09 -0700] "GET /fckeditor/fckeditor/editor/ HTTP/1.1" 404 476 "-" "compatible;Baiduspider/2.0; +http://www.baidu.com/search/spider.html"
83.71.222.30 - - [13/Mar/2016:13:12:46 -0700] "GET /images/wsis-logo-sm.png HTTP/1.1" 200 6108 "http://www.thebackcountry.net/" "Mozilla/5.0 (X11; Linux x86_64) AppleWebKit/534.34 (KHTML, like Gecko) Qt/4.8.1 Safari/534.34"
70.214.40.22 - - [13/Mar/2016:13:13:13 -0700] "GET /images/wsis-logo-sm.png HTTP/1.1" 200 6108 "http://www.thebackcountry.net/" "Mozilla/5.0 (iPhone; CPU iPhone OS 9_2_1 like Mac OS X) AppleWebKit/601.1.46 (KHTML, like Gecko) Version/9.0 Mobile/13D15 Safari/601.1"
63.142.207.34 - - [13/Mar/2016:13:17:59 -0700] "GET / HTTP/1.1" 200 2615 "http://www.earnyourturns.com/" "Mozilla/5.0 (Windows NT 6.1; WOW64) AppleWebKit/537.36 (KHTML, like Gecko) Chrome/48.0.2564.116 Safari/537.36"
63.142.207.34 - - [13/Mar/2016:13:17:59 -0700] "GET /scripts/scripts/vendor/modernizr.js HTTP/1.1" 200 4903 "http://whereshouldiski.com/" "Mozilla/5.0 (Windows NT 6.1; WOW64) AppleWebKit/537.36 (KHTML, like Gecko) Chrome/48.0.2564.116 Safari/537.36"
63.142.207.34 - - [13/Mar/2016:13:17:59 -0700] "GET /styles/ee08faa9.main.css HTTP/1.1" 200 19446 "http://whereshouldiski.com/" "Mozilla/5.0 (Windows NT 6.1; WOW64) AppleWebKit/537.36 (KHTML, like Gecko) Chrome/48.0.2564.116 Safari/537.36"
63.142.207.34 - - [13/Mar/2016:13:17:59 -0700] "GET /bower_components/requirejs/require.js HTTP/1.1" 200 6702 "http://whereshouldiski.com/" "Mozilla/5.0 (Windows NT 6.1; WOW64) AppleWebKit/537.36 (KHTML, like Gecko) Chrome/48.0.2564.116 Safari/537.36"
63.142.207.34 - - [13/Mar/2016:13:17:59 -0700] "GET /images/logo-square-white-sm.png HTTP/1.1" 200 1684 "http://whereshouldiski.com/" "Mozilla/5.0 (Windows NT 6.1; WOW64) AppleWebKit/537.36 (KHTML, like Gecko) Chrome/48.0.2564.116 Safari/537.36"
63.142.207.34 - - [13/Mar/2016:13:17:59 -0700] "GET /images/loading.gif HTTP/1.1" 200 13881 "http://whereshouldiski.com/" "Mozilla/5.0 (Windows NT 6.1; WOW64) AppleWebKit/537.36 (KHTML, like Gecko) Chrome/48.0.2564.116 Safari/537.36"
63.142.207.34 - - [13/Mar/2016:13:17:59 -0700] "GET /scripts/fa48e319.main.js HTTP/1.1" 200 123455 "http://whereshouldiski.com/" "Mozilla/5.0 (Windows NT 6.1; WOW64) AppleWebKit/537.36 (KHTML, like Gecko) Chrome/48.0.2564.116 Safari/537.36"
