64.247.184.100 - - [26/May/2015:06:45:06 -0700] "HEAD http://54.245.232.47:80/mysql/pMA/ HTTP/1.1" 404 218 "-" "Jorgee"
64.247.184.100 - - [26/May/2015:06:45:06 -0700] "HEAD http://54.245.232.47:80/sql/phpmanager/ HTTP/1.1" 404 218 "-" "Jorgee"
64.247.184.100 - - [26/May/2015:06:45:06 -0700] "HEAD http://54.245.232.47:80/sql/php-myadmin/ HTTP/1.1" 404 218 "-" "Jorgee"
64.247.184.100 - - [26/May/2015:06:45:06 -0700] "HEAD http://54.245.232.47:80/sql/phpmy-admin/ HTTP/1.1" 404 218 "-" "Jorgee"
64.247.184.100 - - [26/May/2015:06:45:06 -0700] "HEAD http://54.245.232.47:80/sql/sql/ HTTP/1.1" 404 218 "-" "Jorgee"
64.247.184.100 - - [26/May/2015:06:45:06 -0700] "HEAD http://54.245.232.47:80/sql/myadmin/ HTTP/1.1" 404 218 "-" "Jorgee"
64.247.184.100 - - [26/May/2015:06:45:06 -0700] "HEAD http://54.245.232.47:80/sql/webadmin/ HTTP/1.1" 404 218 "-" "Jorgee"
64.247.184.100 - - [26/May/2015:06:45:06 -0700] "HEAD http://54.245.232.47:80/sql/sqlweb/ HTTP/1.1" 404 218 "-" "Jorgee"
64.247.184.100 - - [26/May/2015:06:45:06 -0700] "HEAD http://54.245.232.47:80/sql/websql/ HTTP/1.1" 404 218 "-" "Jorgee"
64.247.184.100 - - [26/May/2015:06:45:06 -0700] "HEAD http://54.245.232.47:80/sql/webdb/ HTTP/1.1" 404 218 "-" "Jorgee"
64.247.184.100 - - [26/May/2015:06:45:06 -0700] "HEAD http://54.245.232.47:80/sql/sqladmin/ HTTP/1.1" 404 218 "-" "Jorgee"
64.247.184.100 - - [26/May/2015:06:45:06 -0700] "HEAD http://54.245.232.47:80/sql/sql-admin/ HTTP/1.1" 404 218 "-" "Jorgee"
64.247.184.100 - - [26/May/2015:06:45:06 -0700] "HEAD http://54.245.232.47:80/sql/phpmyadmin2/ HTTP/1.1" 404 218 "-" "Jorgee"
64.247.184.100 - - [26/May/2015:06:45:07 -0700] "HEAD http://54.245.232.47:80/sql/phpMyAdmin2/ HTTP/1.1" 404 218 "-" "Jorgee"
64.247.184.100 - - [26/May/2015:06:45:07 -0700] "HEAD http://54.245.232.47:80/sql/phpMyAdmin/ HTTP/1.1" 404 218 "-" "Jorgee"
64.247.184.100 - - [26/May/2015:06:45:07 -0700] "HEAD http://54.245.232.47:80/db/myadmin/ HTTP/1.1" 404 218 "-" "Jorgee"
64.247.184.100 - - [26/May/2015:06:45:07 -0700] "HEAD http://54.245.232.47:80/db/webadmin/ HTTP/1.1" 404 218 "-" "Jorgee"
64.247.184.100 - - [26/May/2015:06:45:07 -0700] "HEAD http://54.245.232.47:80/db/dbweb/ HTTP/1.1" 404 218 "-" "Jorgee"
64.247.184.100 - - [26/May/2015:06:45:07 -0700] "HEAD http://54.245.232.47:80/db/websql/ HTTP/1.1" 404 218 "-" "Jorgee"
64.247.184.100 - - [26/May/2015:06:45:07 -0700] "HEAD http://54.245.232.47:80/db/webdb/ HTTP/1.1" 404 218 "-" "Jorgee"
64.247.184.100 - - [26/May/2015:06:45:07 -0700] "HEAD http://54.245.232.47:80/db/dbadmin/ HTTP/1.1" 404 218 "-" "Jorgee"
64.247.184.100 - - [26/May/2015:06:45:07 -0700] "HEAD http://54.245.232.47:80/db/db-admin/ HTTP/1.1" 404 218 "-" "Jorgee"
64.247.184.100 - - [26/May/2015:06:45:07 -0700] "HEAD http://54.245.232.47:80/db/phpmyadmin3/ HTTP/1.1" 404 218 "-" "Jorgee"
64.247.184.100 - - [26/May/2015:06:45:07 -0700] "HEAD http://54.245.232.47:80/db/phpMyAdmin3/ HTTP/1.1" 404 218 "-" "Jorgee"
64.247.184.100 - - [26/May/2015:06:45:07 -0700] "HEAD http://54.245.232.47:80/db/phpMyAdmin-3/ HTTP/1.1" 404 218 "-" "Jorgee"
64.247.184.100 - - [26/May/2015:06:45:07 -0700] "HEAD http://54.245.232.47:80/administrator/phpmyadmin/ HTTP/1.1" 404 218 "-" "Jorgee"
64.247.184.100 - - [26/May/2015:06:45:07 -0700] "HEAD http://54.245.232.47:80/administrator/phpMyAdmin/ HTTP/1.1" 404 218 "-" "Jorgee"
64.247.184.100 - - [26/May/2015:06:45:07 -0700] "HEAD http://54.245.232.47:80/administrator/db/ HTTP/1.1" 404 218 "-" "Jorgee"
64.247.184.100 - - [26/May/2015:06:45:08 -0700] "HEAD http://54.245.232.47:80/administrator/web/ HTTP/1.1" 404 218 "-" "Jorgee"
64.247.184.100 - - [26/May/2015:06:45:08 -0700] "HEAD http://54.245.232.47:80/administrator/pma/ HTTP/1.1" 404 218 "-" "Jorgee"
64.247.184.100 - - [26/May/2015:06:45:08 -0700] "HEAD http://54.245.232.47:80/administrator/PMA/ HTTP/1.1" 404 218 "-" "Jorgee"
64.247.184.100 - - [26/May/2015:06:45:08 -0700] "HEAD http://54.245.232.47:80/administrator/admin/ HTTP/1.1" 404 218 "-" "Jorgee"
64.247.184.100 - - [26/May/2015:06:45:08 -0700] "HEAD http://54.245.232.47:80/phpMyAdmin2/ HTTP/1.1" 404 218 "-" "Jorgee"
64.247.184.100 - - [26/May/2015:06:45:08 -0700] "HEAD http://54.245.232.47:80/phpMyAdmin3/ HTTP/1.1" 404 218 "-" "Jorgee"
64.247.184.100 - - [26/May/2015:06:45:08 -0700] "HEAD http://54.245.232.47:80/phpMyAdmin4/ HTTP/1.1" 404 218 "-" "Jorgee"
64.247.184.100 - - [26/May/2015:06:45:08 -0700] "HEAD http://54.245.232.47:80/phpMyAdmin-3/ HTTP/1.1" 404 218 "-" "Jorgee"
64.247.184.100 - - [26/May/2015:06:45:08 -0700] "HEAD http://54.245.232.47:80/php-my-admin/ HTTP/1.1" 404 218 "-" "Jorgee"
64.247.184.100 - - [26/May/2015:06:45:08 -0700] "HEAD http://54.245.232.47:80/PMA2012/ HTTP/1.1" 404 218 "-" "Jorgee"
64.247.184.100 - - [26/May/2015:06:45:08 -0700] "HEAD http://54.245.232.47:80/pma2012/ HTTP/1.1" 404 218 "-" "Jorgee"
64.247.184.100 - - [26/May/2015:06:45:08 -0700] "HEAD http://54.245.232.47:80/PMA2011/ HTTP/1.1" 404 218 "-" "Jorgee"
64.247.184.100 - - [26/May/2015:06:45:08 -0700] "HEAD http://54.245.232.47:80/pma2011/ HTTP/1.1" 404 218 "-" "Jorgee"
64.247.184.100 - - [26/May/2015:06:45:08 -0700] "HEAD http://54.245.232.47:80/phpmanager/ HTTP/1.1" 404 218 "-" "Jorgee"
123.125.71.113 - - [26/May/2015:06:46:01 -0700] "-" 408 0 "-" "-"
220.181.108.119 - - [26/May/2015:06:49:51 -0700] "-" 408 0 "-" "-"
46.229.164.113 - - [26/May/2015:06:52:13 -0700] "GET /resorts?resort=skiapache HTTP/1.1" 404 469 "-" "Mozilla/5.0 (compatible; SemrushBot/0.98~bl; +http://www.semrush.com/bot.html)"
46.229.164.102 - - [26/May/2015:07:00:35 -0700] "GET /resorts?resort=whitewater HTTP/1.1" 404 469 "-" "Mozilla/5.0 (compatible; SemrushBot/0.98~bl; +http://www.semrush.com/bot.html)"
46.229.164.102 - - [26/May/2015:07:07:38 -0700] "GET /resorts?resort=squawvalleyusa HTTP/1.1" 404 469 "-" "Mozilla/5.0 (compatible; SemrushBot/0.98~bl; +http://www.semrush.com/bot.html)"
170.75.162.130 - - [26/May/2015:07:08:08 -0700] "GET /lib/reccapi.php?resort=heavenly HTTP/1.1" 200 1022 "-" "node-superagent/0.18.2"
170.75.162.130 - - [26/May/2015:07:08:08 -0700] "GET /lib/reccapi.php?resort=kirkwood HTTP/1.1" 200 1105 "-" "node-superagent/0.18.2"
170.75.162.130 - - [26/May/2015:07:08:08 -0700] "GET /lib/reccapi.php?resort=northstar-at-tahoe HTTP/1.1" 200 1009 "-" "node-superagent/0.18.2"
46.229.164.102 - - [26/May/2015:07:19:05 -0700] "GET /resorts?resort=aspenheights HTTP/1.1" 404 469 "-" "Mozilla/5.0 (compatible; SemrushBot/0.98~bl; +http://www.semrush.com/bot.html)"
170.75.162.130 - - [26/May/2015:07:29:09 -0700] "GET /lib/reccapi.php?resort=mountbachelor HTTP/1.1" 200 966 "-" "node-superagent/0.18.2"
46.229.164.99 - - [26/May/2015:07:31:15 -0700] "GET /resorts?resort=taos HTTP/1.1" 404 469 "-" "Mozilla/5.0 (compatible; SemrushBot/0.98~bl; +http://www.semrush.com/bot.html)"
66.249.79.3 - - [26/May/2015:07:37:10 -0700] "GET /robots.txt HTTP/1.1" 200 419 "-" "Mozilla/5.0 (compatible; Googlebot/2.1; +http://www.google.com/bot.html)"
66.249.79.29 - - [26/May/2015:07:37:10 -0700] "GET /resorts?resort=snoqualmie-alpental&date=2013-01-16 HTTP/1.1" 404 509 "-" "Mozilla/5.0 (iPhone; CPU iPhone OS 6_0 like Mac OS X) AppleWebKit/536.26 (KHTML, like Gecko) Version/6.0 Mobile/10A5376e Safari/8536.25 (compatible; Googlebot/2.1; +http://www.google.com/bot.html)"
46.229.164.102 - - [26/May/2015:07:43:05 -0700] "GET /resorts?resort=winterpark HTTP/1.1" 404 469 "-" "Mozilla/5.0 (compatible; SemrushBot/0.98~bl; +http://www.semrush.com/bot.html)"
71.140.31.214 - - [26/May/2015:07:43:46 -0700] "GET /images/wsis-logo-sm.png HTTP/1.1" 200 6108 "http://thebackcountry.net/" "Mozilla/4.0 (compatible; MSIE 8.0; Windows NT 5.1; Trident/4.0; .NET CLR 2.0.50727; .NET CLR 3.0.4506.2152; .NET CLR 3.5.30729; 786908940603; Build/14.08001)"
130.211.163.43 - - [26/May/2015:07:49:28 -0700] "GET / HTTP/1.0" 200 6151 "-" "NerdyBot"
170.75.162.130 - - [26/May/2015:07:51:21 -0700] "GET /lib/reccapi.php?resort=mounthoodmeadows HTTP/1.1" 200 975 "-" "node-superagent/0.18.2"
46.229.164.102 - - [26/May/2015:07:53:04 -0700] "GET /resorts?resort=kellycanyon HTTP/1.1" 404 469 "-" "Mozilla/5.0 (compatible; SemrushBot/0.98~bl; +http://www.semrush.com/bot.html)"
104.7.198.169 - - [26/May/2015:07:56:03 -0700] "GET /images/wsis-logo-sm.png HTTP/1.1" 200 6108 "http://www.thebackcountry.net/" "Mozilla/5.0 (iPhone; CPU iPhone OS 8_3 like Mac OS X) AppleWebKit/600.1.4 (KHTML, like Gecko) Version/8.0 Mobile/12F70 Safari/600.1.4"
104.7.198.169 - - [26/May/2015:07:56:27 -0700] "GET /images/wsis-logo-sm.png HTTP/1.1" 200 6108 "http://www.thebackcountry.net/" "Mozilla/5.0 (iPhone; CPU iPhone OS 8_3 like Mac OS X) AppleWebKit/600.1.4 (KHTML, like Gecko) Version/8.0 Mobile/12F70 Safari/600.1.4"
123.125.71.109 - - [26/May/2015:08:00:26 -0700] "GET / HTTP/1.1" 200 2339 "-" "Mozilla/5.0 (Windows NT 5.1; rv:6.0.2) Gecko/20100101 Firefox/6.0.2"
46.229.164.99 - - [26/May/2015:08:01:02 -0700] "GET /resorts?resort=snoqualmie-alpental HTTP/1.1" 404 469 "-" "Mozilla/5.0 (compatible; SemrushBot/0.98~bl; +http://www.semrush.com/bot.html)"
123.125.71.83 - - [26/May/2015:08:01:28 -0700] "-" 408 0 "-" "-"
170.75.162.130 - - [26/May/2015:08:03:22 -0700] "GET /lib/reccapi.php?resort=alta HTTP/1.1" 200 993 "-" "node-superagent/0.18.2"
170.75.162.130 - - [26/May/2015:08:03:22 -0700] "GET /lib/reccapi.php?resort=sugarloaf HTTP/1.1" 200 955 "-" "node-superagent/0.18.2"
220.181.108.115 - - [26/May/2015:08:06:01 -0700] "-" 408 0 "-" "-"
71.140.31.214 - - [26/May/2015:08:16:06 -0700] "GET /images/wsis-logo-sm.png HTTP/1.1" 200 6108 "http://thebackcountry.net/" "Mozilla/4.0 (compatible; MSIE 8.0; Windows NT 5.1; Trident/4.0; .NET CLR 2.0.50727; .NET CLR 3.0.4506.2152; .NET CLR 3.5.30729; 786908940603; Build/14.08001)"
71.140.31.214 - - [26/May/2015:08:16:52 -0700] "GET /images/wsis-logo-sm.png HTTP/1.1" 200 6108 "http://thebackcountry.net/" "Mozilla/4.0 (compatible; MSIE 8.0; Windows NT 5.1; Trident/4.0; .NET CLR 2.0.50727; .NET CLR 3.0.4506.2152; .NET CLR 3.5.30729; 786908940603; Build/14.08001)"
46.229.164.114 - - [26/May/2015:08:19:41 -0700] "GET /resorts?resort=wolfcreek HTTP/1.1" 404 469 "-" "Mozilla/5.0 (compatible; SemrushBot/0.98~bl; +http://www.semrush.com/bot.html)"
170.75.162.130 - - [26/May/2015:08:20:34 -0700] "GET /lib/reccapi.php?resort=sundayriver HTTP/1.1" 200 956 "-" "node-superagent/0.18.2"
71.140.31.214 - - [26/May/2015:08:24:16 -0700] "GET /images/wsis-logo-sm.png HTTP/1.1" 200 6108 "http://thebackcountry.net/" "Mozilla/4.0 (compatible; MSIE 8.0; Windows NT 5.1; Trident/4.0; .NET CLR 2.0.50727; .NET CLR 3.0.4506.2152; .NET CLR 3.5.30729; 786908940603; Build/14.08001)"
187.123.193.139 - - [26/May/2015:08:31:29 -0700] "GET /images/wsis-logo-sm.png HTTP/1.1" 200 6108 "http://thebackcountry.net/" "Mozilla/5.0 (Windows NT 6.1; WOW64) AppleWebKit/537.36 (KHTML, like Gecko) Chrome/36.0.1985.143 Safari/537.36"
170.75.162.130 - - [26/May/2015:08:31:45 -0700] "GET /lib/reccapi.php?resort=whistlerblackcomb HTTP/1.1" 200 924 "-" "node-superagent/0.18.2"
46.229.164.114 - - [26/May/2015:08:36:46 -0700] "GET /resorts?resort=greekpeak HTTP/1.1" 404 469 "-" "Mozilla/5.0 (compatible; SemrushBot/0.98~bl; +http://www.semrush.com/bot.html)"
71.140.31.214 - - [26/May/2015:08:37:58 -0700] "GET /images/wsis-logo-sm.png HTTP/1.1" 200 6108 "http://thebackcountry.net/" "Mozilla/4.0 (compatible; MSIE 8.0; Windows NT 5.1; Trident/4.0; .NET CLR 2.0.50727; .NET CLR 3.0.4506.2152; .NET CLR 3.5.30729; 786908940603; Build/14.08001)"
191.32.159.98 - - [26/May/2015:08:44:11 -0700] "GET /images/wsis-logo-sm.png HTTP/1.1" 200 6108 "http://thebackcountry.net/" "Mozilla/5.0 (Windows NT 6.1; WOW64) AppleWebKit/537.36 (KHTML, like Gecko) Chrome/36.0.1985.143 Safari/537.36"
46.229.164.114 - - [26/May/2015:08:46:10 -0700] "GET /resorts?resort=silverstarmountain HTTP/1.1" 404 469 "-" "Mozilla/5.0 (compatible; SemrushBot/0.98~bl; +http://www.semrush.com/bot.html)"
66.249.79.250 - - [26/May/2015:08:51:15 -0700] "GET /robots.txt HTTP/1.1" 200 419 "-" "Mozilla/5.0 (compatible; Googlebot/2.1; +http://www.google.com/bot.html)"
66.249.79.14 - - [26/May/2015:08:51:15 -0700] "GET /sitemap.xml HTTP/1.1" 404 507 "-" "Mozilla/5.0 (compatible; Googlebot/2.1; +http://www.google.com/bot.html)"
123.125.71.92 - - [26/May/2015:08:53:00 -0700] "-" 408 0 "-" "-"
46.229.164.114 - - [26/May/2015:08:55:38 -0700] "GET /resorts?resort=sunrisepark HTTP/1.1" 404 469 "-" "Mozilla/5.0 (compatible; SemrushBot/0.98~bl; +http://www.semrush.com/bot.html)"
220.181.108.168 - - [26/May/2015:08:57:47 -0700] "-" 408 0 "-" "-"
46.229.164.114 - - [26/May/2015:09:05:15 -0700] "GET /resorts?resort=missionridge HTTP/1.1" 404 469 "-" "Mozilla/5.0 (compatible; SemrushBot/0.98~bl; +http://www.semrush.com/bot.html)"
170.75.162.130 - - [26/May/2015:09:06:08 -0700] "GET /lib/reccapi.php?resort=parkcity HTTP/1.1" 200 1020 "-" "node-superagent/0.18.2"
66.249.79.14 - - [26/May/2015:09:07:03 -0700] "GET / HTTP/1.1" 200 2376 "-" "SAMSUNG-SGH-E250/1.0 Profile/MIDP-2.0 Configuration/CLDC-1.1 UP.Browser/6.2.3.3.c.1.101 (GUI) MMP/2.0 (compatible; Googlebot-Mobile/2.1; +http://www.google.com/bot.html)"
66.249.79.1 - - [26/May/2015:09:09:34 -0700] "GET / HTTP/1.1" 200 2376 "-" "DoCoMo/2.0 N905i(c100;TB;W24H16) (compatible; Googlebot-Mobile/2.1; +http://www.google.com/bot.html)"
66.87.126.165 - - [26/May/2015:09:10:38 -0700] "GET /images/wsis-logo-sm.png HTTP/1.1" 200 6108 "http://www.google.com/" "Mozilla/5.0 (Linux; Android 4.4.2; SPH-L720T Build/KOT49H) AppleWebKit/537.36 (KHTML, like Gecko) Chrome/42.0.2311.111 Mobile Safari/537.36"
66.87.126.165 - - [26/May/2015:09:11:02 -0700] "-" 408 0 "-" "-"
66.87.126.165 - - [26/May/2015:09:14:24 -0700] "-" 408 0 "-" "-"
66.87.126.165 - - [26/May/2015:09:14:25 -0700] "-" 408 0 "-" "-"
46.229.164.114 - - [26/May/2015:09:14:44 -0700] "GET /resorts?resort=mtrose HTTP/1.1" 404 469 "-" "Mozilla/5.0 (compatible; SemrushBot/0.98~bl; +http://www.semrush.com/bot.html)"
89.158.215.231 - - [26/May/2015:09:15:14 -0700] "GET /images/wsis-logo-sm.png HTTP/1.1" 200 6108 "http://thebackcountry.net/" "Mozilla/5.0 (Windows NT 6.1; WOW64) AppleWebKit/537.36 (KHTML, like Gecko) Chrome/36.0.1985.143 Safari/537.36"
39.45.164.191 - - [26/May/2015:09:19:29 -0700] "GET /images/wsis-logo-sm.png HTTP/1.1" 200 6108 "http://www.thebackcountry.net/" "Mozilla/5.0 (Windows NT 5.1; rv:36.0) Gecko/20100101 Firefox/36.0"
67.142.170.24 - - [26/May/2015:09:21:24 -0700] "GET /images/wsis-logo-sm.png HTTP/1.1" 200 6108 "http://www.thebackcountry.net/" "Mozilla/5.0 (iPad; CPU OS 7_1_2 like Mac OS X) AppleWebKit/537.51.2 (KHTML, like Gecko) Version/7.0 Mobile/11D257 Safari/9537.53"
67.142.170.24 - - [26/May/2015:09:21:25 -0700] "GET /images/wsis-logo-sm.png HTTP/1.1" 200 6071 "http://www.thebackcountry.net/" "Mozilla/5.0 (iPad; CPU OS 7_1_2 like Mac OS X) AppleWebKit/537.51.2 (KHTML, like Gecko) Version/7.0 Mobile/11D257 Safari/9537.53"
46.229.164.102 - - [26/May/2015:09:22:48 -0700] "GET /resorts?resort=heavenly HTTP/1.1" 404 469 "-" "Mozilla/5.0 (compatible; SemrushBot/0.98~bl; +http://www.semrush.com/bot.html)"
50.37.29.83 - - [26/May/2015:09:27:33 -0700] "GET /images/wsis-logo-sm.png HTTP/1.1" 200 6052 "http://thebackcountry.net/" "Mozilla/5.0 (Windows NT 6.1; WOW64) AppleWebKit/537.36 (KHTML, like Gecko) Chrome/37.0.2062.94 AOL/9.7 AOLBuild/4343.4049.US Safari/537.36"
46.229.164.113 - - [26/May/2015:09:32:14 -0700] "GET /about HTTP/1.1" 404 469 "-" "Mozilla/5.0 (compatible; SemrushBot/0.98~bl; +http://www.semrush.com/bot.html)"
170.75.162.130 - - [26/May/2015:09:33:40 -0700] "GET /lib/reccapi.php?resort=silverstarmountain HTTP/1.1" 200 926 "-" "node-superagent/0.18.2"
207.46.13.77 - - [26/May/2015:09:34:04 -0700] "GET / HTTP/1.1" 200 2376 "-" "Mozilla/5.0 (compatible; bingbot/2.0; +http://www.bing.com/bingbot.htm)"
75.42.17.161 - - [26/May/2015:09:34:52 -0700] "GET /images/wsis-logo-sm.png HTTP/1.1" 200 6108 "http://www.thebackcountry.net/" "Mozilla/5.0 (Macintosh; Intel Mac OS X 10_10_3) AppleWebKit/600.5.17 (KHTML, like Gecko) Version/8.0.5 Safari/600.5.17"
46.229.164.102 - - [26/May/2015:09:37:58 -0700] "GET /resorts?resort=catamount HTTP/1.1" 404 469 "-" "Mozilla/5.0 (compatible; SemrushBot/0.98~bl; +http://www.semrush.com/bot.html)"
46.229.164.113 - - [26/May/2015:09:44:39 -0700] "GET /resorts?resort=powderridge HTTP/1.1" 404 469 "-" "Mozilla/5.0 (compatible; SemrushBot/0.98~bl; +http://www.semrush.com/bot.html)"
123.125.71.50 - - [26/May/2015:09:51:30 -0700] "-" 408 0 "-" "-"
46.229.164.99 - - [26/May/2015:09:52:06 -0700] "GET /resorts?resort=cannonmountain HTTP/1.1" 404 469 "-" "Mozilla/5.0 (compatible; SemrushBot/0.98~bl; +http://www.semrush.com/bot.html)"
64.113.103.145 - - [26/May/2015:09:55:01 -0700] "GET /images/wsis-logo-sm.png HTTP/1.1" 200 6108 "http://www.thebackcountry.net/" "Mozilla/5.0 (Macintosh; Intel Mac OS X 10_10_3) AppleWebKit/600.6.3 (KHTML, like Gecko) Version/8.0.6 Safari/600.6.3"
220.181.108.102 - - [26/May/2015:09:57:01 -0700] "-" 408 0 "-" "-"
46.229.164.99 - - [26/May/2015:09:58:13 -0700] "GET /resorts?resort=powderhorn HTTP/1.1" 404 469 "-" "Mozilla/5.0 (compatible; SemrushBot/0.98~bl; +http://www.semrush.com/bot.html)"
170.75.162.130 - - [26/May/2015:09:59:02 -0700] "GET /lib/reccapi.php?resort=49degreesnorth HTTP/1.1" 200 1113 "-" "node-superagent/0.18.2"
46.229.164.113 - - [26/May/2015:10:05:17 -0700] "GET /resorts?resort=keystone HTTP/1.1" 404 469 "-" "Mozilla/5.0 (compatible; SemrushBot/0.98~bl; +http://www.semrush.com/bot.html)"
66.249.79.3 - - [26/May/2015:10:05:24 -0700] "GET /lib/resortDataSearch.php?resort=bogusbasin&dateStart=2014-11-04&dateMax=2014-11-14&size=30 HTTP/1.1" 200 331 "-" "Mozilla/5.0 (compatible; Googlebot/2.1; +http://www.google.com/bot.html)"
170.75.162.130 - - [26/May/2015:10:06:33 -0700] "GET /lib/reccapi.php?resort=stowe HTTP/1.1" 200 974 "-" "node-superagent/0.18.2"
189.156.121.1 - - [26/May/2015:10:11:20 -0700] "GET /images/viz-screenshot.png HTTP/1.1" 404 517 "http://ericfahsl.com/blog/35-creating-an-animated-javascript-heat-map-with-polymap" "Mozilla/5.0 (Macintosh; Intel Mac OS X 10_10_3) AppleWebKit/537.36 (KHTML, like Gecko) Chrome/43.0.2357.65 Safari/537.36"
189.156.121.1 - - [26/May/2015:10:11:21 -0700] "GET /images/viz-screenshot.png HTTP/1.1" 404 516 "http://ericfahsl.com/blog/35-creating-an-animated-javascript-heat-map-with-polymap" "Mozilla/5.0 (Macintosh; Intel Mac OS X 10_10_3) AppleWebKit/537.36 (KHTML, like Gecko) Chrome/43.0.2357.65 Safari/537.36"
189.156.121.1 - - [26/May/2015:10:12:21 -0700] "GET /viz/2012-2013-viz.php HTTP/1.1" 404 506 "http://ericfahsl.com/blog/35-creating-an-animated-javascript-heat-map-with-polymap" "Mozilla/5.0 (Macintosh; Intel Mac OS X 10_10_3) AppleWebKit/537.36 (KHTML, like Gecko) Chrome/43.0.2357.65 Safari/537.36"
189.156.121.1 - - [26/May/2015:10:12:21 -0700] "GET /favicon.ico HTTP/1.1" 200 1475 "http://whereshouldiski.com/viz/2012-2013-viz.php" "Mozilla/5.0 (Macintosh; Intel Mac OS X 10_10_3) AppleWebKit/537.36 (KHTML, like Gecko) Chrome/43.0.2357.65 Safari/537.36"
46.229.164.99 - - [26/May/2015:10:15:00 -0700] "GET /resorts?resort=aspenmountain HTTP/1.1" 404 469 "-" "Mozilla/5.0 (compatible; SemrushBot/0.98~bl; +http://www.semrush.com/bot.html)"
170.75.162.130 - - [26/May/2015:10:16:04 -0700] "GET /lib/reccapi.php?resort=chinapeak HTTP/1.1" 200 998 "-" "node-superagent/0.18.2"
170.75.162.130 - - [26/May/2015:10:18:54 -0700] "GET /lib/reccapi.php?resort=schweitzer HTTP/1.1" 200 1095 "-" "node-superagent/0.18.2"
46.229.164.99 - - [26/May/2015:10:25:41 -0700] "GET /resorts?resort=tamarack HTTP/1.1" 404 469 "-" "Mozilla/5.0 (compatible; SemrushBot/0.98~bl; +http://www.semrush.com/bot.html)"
170.75.162.130 - - [26/May/2015:10:26:35 -0700] "GET /lib/reccapi.php?resort=winterpark HTTP/1.1" 200 1111 "-" "node-superagent/0.18.2"
170.75.162.130 - - [26/May/2015:10:27:25 -0700] "GET /lib/reccapi.php?resort=whitefacemountain HTTP/1.1" 200 960 "-" "node-superagent/0.18.2"
170.75.162.130 - - [26/May/2015:10:27:45 -0700] "GET /lib/reccapi.php?resort=homewoodmountain HTTP/1.1" 200 1027 "-" "node-superagent/0.18.2"
170.75.162.130 - - [26/May/2015:10:27:45 -0700] "GET /lib/reccapi.php?resort=mammothmountain HTTP/1.1" 200 1040 "-" "node-superagent/0.18.2"
170.75.162.130 - - [26/May/2015:10:27:45 -0700] "GET /lib/reccapi.php?resort=squawvalleyusa HTTP/1.1" 200 1027 "-" "node-superagent/0.18.2"
170.75.162.130 - - [26/May/2015:10:30:25 -0700] "GET /lib/reccapi.php?resort=crystalmountain HTTP/1.1" 200 996 "-" "node-superagent/0.18.2"
157.55.39.227 - - [26/May/2015:10:30:37 -0700] "GET /about HTTP/1.1" 404 506 "-" "Mozilla/5.0 (compatible; bingbot/2.0; +http://www.bing.com/bingbot.htm)"
170.75.162.130 - - [26/May/2015:10:32:35 -0700] "GET /lib/reccapi.php?resort=mountspokane HTTP/1.1" 200 1126 "-" "node-superagent/0.18.2"
46.229.164.102 - - [26/May/2015:10:36:14 -0700] "GET /resorts?resort=sandiapeak HTTP/1.1" 404 469 "-" "Mozilla/5.0 (compatible; SemrushBot/0.98~bl; +http://www.semrush.com/bot.html)"
170.75.162.130 - - [26/May/2015:10:43:47 -0700] "GET /lib/reccapi.php?resort=wildcatmountain HTTP/1.1" 200 961 "-" "node-superagent/0.18.2"
46.229.164.102 - - [26/May/2015:10:46:40 -0700] "GET /resorts?resort=turnermountain HTTP/1.1" 404 469 "-" "Mozilla/5.0 (compatible; SemrushBot/0.98~bl; +http://www.semrush.com/bot.html)"
72.47.20.28 - - [26/May/2015:10:53:56 -0700] "GET /images/wsis-logo-sm.png HTTP/1.1" 200 6108 "http://www.thebackcountry.net/" "Mozilla/5.0 (Windows NT 6.0) AppleWebKit/537.36 (KHTML, like Gecko) Chrome/43.0.2357.81 Safari/537.36"
46.229.164.114 - - [26/May/2015:11:01:19 -0700] "GET /resorts?resort=alpinevalley HTTP/1.1" 404 469 "-" "Mozilla/5.0 (compatible; SemrushBot/0.98~bl; +http://www.semrush.com/bot.html)"
75.111.102.143 - - [26/May/2015:11:02:04 -0700] "GET /images/wsis-logo-sm.png HTTP/1.1" 200 6108 "http://www.thebackcountry.net/" "Mozilla/5.0 (Windows NT 6.3; WOW64) AppleWebKit/537.36 (KHTML, like Gecko) Chrome/43.0.2357.81 Safari/537.36"
170.75.162.130 - - [26/May/2015:11:02:28 -0700] "GET /lib/reccapi.php?resort=solitude HTTP/1.1" 200 988 "-" "node-superagent/0.18.2"
123.125.71.70 - - [26/May/2015:11:07:07 -0700] "-" 408 0 "-" "-"
66.249.79.14 - - [26/May/2015:11:07:27 -0700] "GET /lib/resortDataSearch.php?resort=49degreesnorth&dateStart=2013-10-14&dateMax=2013-10-24&size=30 HTTP/1.1" 200 331 "-" "Mozilla/5.0 (compatible; Googlebot/2.1; +http://www.google.com/bot.html)"
170.75.162.130 - - [26/May/2015:11:10:19 -0700] "GET /lib/reccapi.php?resort=canyons HTTP/1.1" 200 1012 "-" "node-superagent/0.18.2"
134.186.96.44 - - [26/May/2015:11:14:30 -0700] "GET /images/wsis-logo-sm.png HTTP/1.1" 200 6108 "http://www.thebackcountry.net/" "Mozilla/5.0 (Windows NT 6.1; WOW64; Trident/7.0; rv:11.0) like Gecko"
134.186.96.44 - - [26/May/2015:11:14:51 -0700] "-" 408 0 "-" "-"
206.29.176.51 - - [26/May/2015:11:15:00 -0700] "GET /backbonetest.html HTTP/1.1" 404 506 "-" "Mozilla/5.0 (Macintosh; Intel Mac OS X 10_10_3) AppleWebKit/600.5.17 (KHTML, like Gecko) Version/8.0.5 Safari/600.5.17"
206.29.176.51 - - [26/May/2015:11:15:00 -0700] "GET /favicon.ico HTTP/1.1" 200 1475 "http://whereshouldiski.com/backbonetest.html" "Mozilla/5.0 (Macintosh; Intel Mac OS X 10_10_3) AppleWebKit/600.5.17 (KHTML, like Gecko) Version/8.0.5 Safari/600.5.17"
206.29.176.51 - - [26/May/2015:11:15:00 -0700] "GET /backbonetest.html HTTP/1.1" 404 505 "-" "Mozilla/5.0 (iPhone; CPU iPhone OS 8_1 like Mac OS X) AppleWebKit/600.1.4 (KHTML, like Gecko) Version/8.0 Mobile/12B410 Safari/600.1.4"
206.29.176.51 - - [26/May/2015:11:15:01 -0700] "GET /apple-touch-icon-precomposed.png HTTP/1.1" 404 521 "-" "com.apple.WebKit.WebContent/10600.5.17 CFNetwork/720.3.13 Darwin/14.3.0 (x86_64)"
206.29.176.51 - - [26/May/2015:11:15:01 -0700] "GET /apple-touch-icon.png HTTP/1.1" 404 512 "-" "com.apple.WebKit.WebContent/10600.5.17 CFNetwork/720.3.13 Darwin/14.3.0 (x86_64)"
134.186.96.44 - - [26/May/2015:11:15:22 -0700] "-" 408 0 "-" "-"
170.75.162.130 - - [26/May/2015:11:16:50 -0700] "GET /lib/reccapi.php?resort=arapahoebasin HTTP/1.1" 200 1127 "-" "node-superagent/0.18.2"
46.229.164.114 - - [26/May/2015:11:18:30 -0700] "GET /resorts?resort=boyne HTTP/1.1" 404 469 "-" "Mozilla/5.0 (compatible; SemrushBot/0.98~bl; +http://www.semrush.com/bot.html)"
170.75.162.130 - - [26/May/2015:11:19:40 -0700] "GET /lib/reccapi.php?resort=madriverglen HTTP/1.1" 200 956 "-" "node-superagent/0.18.2"
46.229.164.114 - - [26/May/2015:11:36:53 -0700] "GET /resorts?resort=belleayre HTTP/1.1" 404 469 "-" "Mozilla/5.0 (compatible; SemrushBot/0.98~bl; +http://www.semrush.com/bot.html)"
220.181.108.151 - - [26/May/2015:11:38:12 -0700] "GET / HTTP/1.1" 200 2339 "-" "Mozilla/5.0 (compatible; Baiduspider/2.0; +http://www.baidu.com/search/spider.html)"
170.75.162.130 - - [26/May/2015:11:38:21 -0700] "GET /lib/reccapi.php?resort=sunvalley HTTP/1.1" 200 1050 "-" "node-superagent/0.18.2"
76.21.116.86 - - [26/May/2015:11:39:28 -0700] "GET /images/wsis-logo-sm.png HTTP/1.1" 200 6108 "http://www.thebackcountry.net/" "Mozilla/5.0 (Macintosh; Intel Mac OS X 10_10_1) AppleWebKit/600.1.25 (KHTML, like Gecko) Version/8.0 Safari/600.1.25"
183.252.52.109 - - [26/May/2015:11:44:37 -0700] "GET /fckeditor/editor/filemanager/browser/default/connectors/asp/connector.asp HTTP/1.0" 404 563 "http://www.whereshouldiski.com/fckeditor/editor/filemanager/browser/default/connectors/asp/connector.asp" "Mozilla/4.0 (compatible; MSIE 6.0; Windows NT 5.1; SV1; .NET CLR 2.0.50727)"
183.252.52.109 - - [26/May/2015:11:44:38 -0700] "GET /admin/fckeditor/editor/filemanager/browser/default/connectors/asp/connector.asp HTTP/1.0" 404 569 "http://www.whereshouldiski.com/admin/fckeditor/editor/filemanager/browser/default/connectors/asp/connector.asp" "Mozilla/4.0 (compatible; MSIE 6.0; Windows NT 5.1; SV1; .NET CLR 2.0.50727)"
183.252.52.109 - - [26/May/2015:11:44:39 -0700] "GET /editor/editor/filemanager/browser/default/connectors/asp/connector.asp HTTP/1.0" 404 560 "http://www.whereshouldiski.com/editor/editor/filemanager/browser/default/connectors/asp/connector.asp" "Mozilla/4.0 (compatible; MSIE 6.0; Windows NT 5.1; SV1; .NET CLR 2.0.50727)"
183.252.52.109 - - [26/May/2015:11:44:40 -0700] "GET /editor/filemanager/browser/default/connectors/asp/connector.asp HTTP/1.0" 404 553 "http://www.whereshouldiski.com/editor/filemanager/browser/default/connectors/asp/connector.asp" "Mozilla/4.0 (compatible; MSIE 6.0; Windows NT 5.1; SV1; .NET CLR 2.0.50727)"
183.252.52.109 - - [26/May/2015:11:44:41 -0700] "GET /fck/editor/filemanager/browser/default/connectors/asp/connector.asp HTTP/1.0" 404 557 "http://www.whereshouldiski.com/fck/editor/filemanager/browser/default/connectors/asp/connector.asp" "Mozilla/4.0 (compatible; MSIE 6.0; Windows NT 5.1; SV1; .NET CLR 2.0.50727)"
183.252.52.109 - - [26/May/2015:11:44:42 -0700] "GET /include/fckeditor/editor/filemanager/browser/default/connectors/asp/connector.asp HTTP/1.0" 404 571 "http://www.whereshouldiski.com/include/fckeditor/editor/filemanager/browser/default/connectors/asp/connector.asp" "Mozilla/4.0 (compatible; MSIE 6.0; Windows NT 5.1; SV1; .NET CLR 2.0.50727)"
183.252.52.109 - - [26/May/2015:11:44:43 -0700] "GET /manager/fckeditor/editor/filemanager/browser/default/connectors/asp/connector.asp HTTP/1.0" 404 571 "http://www.whereshouldiski.com/manager/fckeditor/editor/filemanager/browser/default/connectors/asp/connector.asp" "Mozilla/4.0 (compatible; MSIE 6.0; Windows NT 5.1; SV1; .NET CLR 2.0.50727)"
183.252.52.109 - - [26/May/2015:11:44:44 -0700] "GET /js/fckeditor/editor/filemanager/browser/default/connectors/asp/connector.asp HTTP/1.0" 404 566 "http://www.whereshouldiski.com/js/fckeditor/editor/filemanager/browser/default/connectors/asp/connector.asp" "Mozilla/4.0 (compatible; MSIE 6.0; Windows NT 5.1; SV1; .NET CLR 2.0.50727)"
183.252.52.109 - - [26/May/2015:11:44:45 -0700] "GET /inc/fckeditor/editor/filemanager/browser/default/connectors/asp/connector.asp HTTP/1.0" 404 567 "http://www.whereshouldiski.com/inc/fckeditor/editor/filemanager/browser/default/connectors/asp/connector.asp" "Mozilla/4.0 (compatible; MSIE 6.0; Windows NT 5.1; SV1; .NET CLR 2.0.50727)"
183.252.52.109 - - [26/May/2015:11:44:46 -0700] "GET /manage/fckeditor/editor/filemanager/browser/default/connectors/asp/connector.asp HTTP/1.0" 404 570 "http://www.whereshouldiski.com/manage/fckeditor/editor/filemanager/browser/default/connectors/asp/connector.asp" "Mozilla/4.0 (compatible; MSIE 6.0; Windows NT 5.1; SV1; .NET CLR 2.0.50727)"
183.252.52.109 - - [26/May/2015:11:44:47 -0700] "GET /edit/editor/filemanager/browser/default/connectors/asp/connector.asp HTTP/1.0" 404 558 "http://www.whereshouldiski.com/edit/editor/filemanager/browser/default/connectors/asp/connector.asp" "Mozilla/4.0 (compatible; MSIE 6.0; Windows NT 5.1; SV1; .NET CLR 2.0.50727)"
183.252.52.109 - - [26/May/2015:11:44:48 -0700] "GET /admin/fckeditor_ap/editor/filemanager/browser/default/connectors/asp/connector.asp HTTP/1.0" 404 572 "http://www.whereshouldiski.com/admin/fckeditor_ap/editor/filemanager/browser/default/connectors/asp/connector.asp" "Mozilla/4.0 (compatible; MSIE 6.0; Windows NT 5.1; SV1; .NET CLR 2.0.50727)"
183.252.52.109 - - [26/May/2015:11:44:49 -0700] "GET /fckeditor1/editor/filemanager/browser/default/connectors/asp/connector.asp HTTP/1.0" 404 564 "http://www.whereshouldiski.com/fckeditor1/editor/filemanager/browser/default/connectors/asp/connector.asp" "Mozilla/4.0 (compatible; MSIE 6.0; Windows NT 5.1; SV1; .NET CLR 2.0.50727)"
183.252.52.109 - - [26/May/2015:11:44:50 -0700] "GET /editor/fckeditor/editor/filemanager/browser/default/connectors/asp/connector.asp HTTP/1.0" 404 570 "http://www.whereshouldiski.com/editor/fckeditor/editor/filemanager/browser/default/connectors/asp/connector.asp" "Mozilla/4.0 (compatible; MSIE 6.0; Windows NT 5.1; SV1; .NET CLR 2.0.50727)"
183.252.52.109 - - [26/May/2015:11:44:51 -0700] "GET /backend/fckeditor/editor/filemanager/browser/default/connectors/asp/connector.asp HTTP/1.0" 404 571 "http://www.whereshouldiski.com/backend/fckeditor/editor/filemanager/browser/default/connectors/asp/connector.asp" "Mozilla/4.0 (compatible; MSIE 6.0; Windows NT 5.1; SV1; .NET CLR 2.0.50727)"
183.252.52.109 - - [26/May/2015:11:44:52 -0700] "GET /webadmin/fckeditor/editor/filemanager/browser/default/connectors/asp/connector.asp HTTP/1.0" 404 572 "http://www.whereshouldiski.com/webadmin/fckeditor/editor/filemanager/browser/default/connectors/asp/connector.asp" "Mozilla/4.0 (compatible; MSIE 6.0; Windows NT 5.1; SV1; .NET CLR 2.0.50727)"
183.252.52.109 - - [26/May/2015:11:44:53 -0700] "GET /administrator/fckeditor/editor/filemanager/browser/default/connectors/asp/connector.asp HTTP/1.0" 404 577 "http://www.whereshouldiski.com/administrator/fckeditor/editor/filemanager/browser/default/connectors/asp/connector.asp" "Mozilla/4.0 (compatible; MSIE 6.0; Windows NT 5.1; SV1; .NET CLR 2.0.50727)"
183.252.52.109 - - [26/May/2015:11:44:54 -0700] "GET /editors/fckeditor/editor/filemanager/upload/php/upload.php HTTP/1.0" 404 499 "http://www.whereshouldiski.com/editors/fckeditor/editor/filemanager/upload/php/upload.php" "Mozilla/4.0 (compatible; MSIE 6.0; Windows NT 5.1; SV1; .NET CLR 2.0.50727)"
183.252.52.109 - - [26/May/2015:11:44:55 -0700] "GET /editors/fckeditor/editor/filemanager/upload/asp/upload.asp HTTP/1.0" 404 548 "http://www.whereshouldiski.com/editors/fckeditor/editor/filemanager/upload/asp/upload.asp" "Mozilla/4.0 (compatible; MSIE 6.0; Windows NT 5.1; SV1; .NET CLR 2.0.50727)"
46.229.164.114 - - [26/May/2015:11:47:47 -0700] "GET /resorts?resort=coppermountain HTTP/1.1" 404 469 "-" "Mozilla/5.0 (compatible; SemrushBot/0.98~bl; +http://www.semrush.com/bot.html)"
170.75.162.130 - - [26/May/2015:11:51:42 -0700] "GET /lib/reccapi.php?resort=brighton HTTP/1.1" 200 996 "-" "node-superagent/0.18.2"
24.182.58.109 - - [26/May/2015:11:51:59 -0700] "GET /images/wsis-logo-sm.png HTTP/1.1" 200 6108 "http://www.thebackcountry.net/" "Mozilla/5.0 (Macintosh; Intel Mac OS X 10_10_2) AppleWebKit/537.36 (KHTML, like Gecko) Chrome/43.0.2357.65 Safari/537.36"
46.229.164.113 - - [26/May/2015:11:56:36 -0700] "GET /resorts?resort=elkridge HTTP/1.1" 404 469 "-" "Mozilla/5.0 (compatible; SemrushBot/0.98~bl; +http://www.semrush.com/bot.html)"
170.75.162.130 - - [26/May/2015:11:57:03 -0700] "GET /lib/reccapi.php?resort=diamondpeak HTTP/1.1" 200 988 "-" "node-superagent/0.18.2"
123.125.71.116 - - [26/May/2015:12:00:49 -0700] "-" 408 0 "-" "-"
220.181.108.142 - - [26/May/2015:12:03:03 -0700] "-" 408 0 "-" "-"
46.229.164.113 - - [26/May/2015:12:05:24 -0700] "GET /resorts?resort=sugarbush HTTP/1.1" 404 469 "-" "Mozilla/5.0 (compatible; SemrushBot/0.98~bl; +http://www.semrush.com/bot.html)"
46.229.164.113 - - [26/May/2015:12:14:18 -0700] "GET /resorts?resort=mt.baldy HTTP/1.1" 404 469 "-" "Mozilla/5.0 (compatible; SemrushBot/0.98~bl; +http://www.semrush.com/bot.html)"
170.75.162.130 - - [26/May/2015:12:14:54 -0700] "GET /lib/reccapi.php?resort=devilshead HTTP/1.1" 200 1036 "-" "node-superagent/0.18.2"
66.249.79.3 - - [26/May/2015:12:18:52 -0700] "GET /lib/resortDataSearch.php?resort=bigwhite&dateStart=2013-11-19&dateMax=2013-11-29&size=30 HTTP/1.1" 200 331 "-" "Mozilla/5.0 (compatible; Googlebot/2.1; +http://www.google.com/bot.html)"
46.229.164.99 - - [26/May/2015:12:22:02 -0700] "GET /resorts?resort=panoramamountain HTTP/1.1" 404 469 "-" "Mozilla/5.0 (compatible; SemrushBot/0.98~bl; +http://www.semrush.com/bot.html)"
46.229.164.113 - - [26/May/2015:12:28:12 -0700] "GET /resorts?resort=snowking HTTP/1.1" 404 469 "-" "Mozilla/5.0 (compatible; SemrushBot/0.98~bl; +http://www.semrush.com/bot.html)"
170.75.162.130 - - [26/May/2015:12:28:16 -0700] "GET /lib/reccapi.php?resort=loveland HTTP/1.1" 200 1109 "-" "node-superagent/0.18.2"
170.75.162.130 - - [26/May/2015:12:28:26 -0700] "GET /lib/reccapi.php?resort=snowbasin HTTP/1.1" 200 992 "-" "node-superagent/0.18.2"
71.140.31.214 - - [26/May/2015:12:29:04 -0700] "GET /images/wsis-logo-sm.png HTTP/1.1" 200 6108 "http://thebackcountry.net/" "Mozilla/4.0 (compatible; MSIE 8.0; Windows NT 5.1; Trident/4.0; .NET CLR 2.0.50727; .NET CLR 3.0.4506.2152; .NET CLR 3.5.30729; 786908940603; Build/14.08001)"
170.75.162.130 - - [26/May/2015:12:32:16 -0700] "GET /lib/reccapi.php?resort=mtrose HTTP/1.1" 200 996 "-" "node-superagent/0.18.2"
46.229.164.99 - - [26/May/2015:12:34:53 -0700] "GET /resorts?resort=bearmountain HTTP/1.1" 404 469 "-" "Mozilla/5.0 (compatible; SemrushBot/0.98~bl; +http://www.semrush.com/bot.html)"
46.229.164.113 - - [26/May/2015:12:43:57 -0700] "GET /resorts?resort=smugglersnotch HTTP/1.1" 404 469 "-" "Mozilla/5.0 (compatible; SemrushBot/0.98~bl; +http://www.semrush.com/bot.html)"
177.56.88.174 - - [26/May/2015:12:49:47 -0700] "GET / HTTP/1.1" 200 2376 "http://buttons-for-your-website.com" "Mozilla/5.0 (Windows NT 6.1; WOW64) AppleWebKit/537.36 (KHTML, like Gecko) Chrome/36.0.1985.143 Safari/537.36"
177.56.88.174 - - [26/May/2015:12:49:47 -0700] "GET /styles/0fffd548.main.css HTTP/1.1" 200 19316 "http://whereshouldiski.com/" "Mozilla/5.0 (Windows NT 6.1; WOW64) AppleWebKit/537.36 (KHTML, like Gecko) Chrome/36.0.1985.143 Safari/537.36"
177.56.88.174 - - [26/May/2015:12:49:48 -0700] "GET /bower_components/requirejs/require.js HTTP/1.1" 200 6702 "http://whereshouldiski.com/" "Mozilla/5.0 (Windows NT 6.1; WOW64) AppleWebKit/537.36 (KHTML, like Gecko) Chrome/36.0.1985.143 Safari/537.36"
177.56.88.174 - - [26/May/2015:12:49:48 -0700] "GET /scripts/scripts/vendor/modernizr.js HTTP/1.1" 200 4903 "http://whereshouldiski.com/" "Mozilla/5.0 (Windows NT 6.1; WOW64) AppleWebKit/537.36 (KHTML, like Gecko) Chrome/36.0.1985.143 Safari/537.36"
177.56.88.174 - - [26/May/2015:12:49:48 -0700] "GET /images/logo-sm.png HTTP/1.1" 200 16737 "http://whereshouldiski.com/" "Mozilla/5.0 (Windows NT 6.1; WOW64) AppleWebKit/537.36 (KHTML, like Gecko) Chrome/36.0.1985.143 Safari/537.36"
177.56.88.174 - - [26/May/2015:12:49:48 -0700] "GET /images/loading.gif HTTP/1.1" 200 13881 "http://whereshouldiski.com/" "Mozilla/5.0 (Windows NT 6.1; WOW64) AppleWebKit/537.36 (KHTML, like Gecko) Chrome/36.0.1985.143 Safari/537.36"
177.56.88.174 - - [26/May/2015:12:49:48 -0700] "GET /scripts/fa48e319.main.js HTTP/1.1" 200 123455 "http://whereshouldiski.com/" "Mozilla/5.0 (Windows NT 6.1; WOW64) AppleWebKit/537.36 (KHTML, like Gecko) Chrome/36.0.1985.143 Safari/537.36"
177.56.88.174 - - [26/May/2015:12:49:50 -0700] "GET /images/button.png HTTP/1.1" 200 598 "http://whereshouldiski.com/" "Mozilla/5.0 (Windows NT 6.1; WOW64) AppleWebKit/537.36 (KHTML, like Gecko) Chrome/36.0.1985.143 Safari/537.36"
177.56.88.174 - - [26/May/2015:12:49:50 -0700] "GET /lib/reccapi.php?fields=t HTTP/1.1" 200 1843 "http://whereshouldiski.com/" "Mozilla/5.0 (Windows NT 6.1; WOW64) AppleWebKit/537.36 (KHTML, like Gecko) Chrome/36.0.1985.143 Safari/537.36"
177.56.88.174 - - [26/May/2015:12:49:51 -0700] "GET /images/greyHeader.png HTTP/1.1" 200 508 "http://whereshouldiski.com/" "Mozilla/5.0 (Windows NT 6.1; WOW64) AppleWebKit/537.36 (KHTML, like Gecko) Chrome/36.0.1985.143 Safari/537.36"
177.56.88.174 - - [26/May/2015:12:49:51 -0700] "GET /images/snowflake5.png HTTP/1.1" 200 2857 "http://whereshouldiski.com/" "Mozilla/5.0 (Windows NT 6.1; WOW64) AppleWebKit/537.36 (KHTML, like Gecko) Chrome/36.0.1985.143 Safari/537.36"
177.56.88.174 - - [26/May/2015:12:49:51 -0700] "GET /images/star5.png HTTP/1.1" 200 1783 "http://whereshouldiski.com/" "Mozilla/5.0 (Windows NT 6.1; WOW64) AppleWebKit/537.36 (KHTML, like Gecko) Chrome/36.0.1985.143 Safari/537.36"
177.56.88.174 - - [26/May/2015:12:49:51 -0700] "GET /images/mtns-icon.png HTTP/1.1" 200 1097 "http://whereshouldiski.com/" "Mozilla/5.0 (Windows NT 6.1; WOW64) AppleWebKit/537.36 (KHTML, like Gecko) Chrome/36.0.1985.143 Safari/537.36"
177.56.88.174 - - [26/May/2015:12:49:51 -0700] "GET /images/bluebird5.png HTTP/1.1" 200 2177 "http://whereshouldiski.com/" "Mozilla/5.0 (Windows NT 6.1; WOW64) AppleWebKit/537.36 (KHTML, like Gecko) Chrome/36.0.1985.143 Safari/537.36"
177.56.88.174 - - [26/May/2015:12:49:51 -0700] "GET /images/shading-icon.png HTTP/1.1" 200 537 "http://whereshouldiski.com/" "Mozilla/5.0 (Windows NT 6.1; WOW64) AppleWebKit/537.36 (KHTML, like Gecko) Chrome/36.0.1985.143 Safari/537.36"
177.56.88.174 - - [26/May/2015:12:50:12 -0700] "-" 408 0 "-" "-"
127.0.0.1 - - [26/May/2015:12:50:13 -0700] "OPTIONS * HTTP/1.0" 200 126 "-" "Apache/2.2.22 (Ubuntu) (internal dummy connection)"
46.229.164.99 - - [26/May/2015:12:53:28 -0700] "GET /resorts?resort=buttermilk HTTP/1.1" 404 469 "-" "Mozilla/5.0 (compatible; SemrushBot/0.98~bl; +http://www.semrush.com/bot.html)"
75.111.102.175 - - [26/May/2015:12:57:10 -0700] "GET /images/wsis-logo-sm.png HTTP/1.1" 200 6108 "http://www.thebackcountry.net/?buylocalRequestId=2682841&buylocal=1090281&utm_source=CatEye-BuyLocalNow&utm_medium=BuyLocalNow&utm_campaign=BuyLocalNow" "Mozilla/5.0 (Linux; Android 5.0.2; HTC6500LVW Build/LRX22G) AppleWebKit/537.36 (KHTML, like Gecko) Chrome/42.0.2311.111 Mobile Safari/537.36"
46.229.164.113 - - [26/May/2015:13:02:09 -0700] "GET /resorts?resort=aftonalps HTTP/1.1" 404 469 "-" "Mozilla/5.0 (compatible; SemrushBot/0.98~bl; +http://www.semrush.com/bot.html)"
70.214.35.128 - - [26/May/2015:13:02:37 -0700] "GET /images/wsis-logo-sm.png HTTP/1.1" 200 6108 "http://www.thebackcountry.net/" "Mozilla/5.0 (iPhone; CPU iPhone OS 8_3 like Mac OS X) AppleWebKit/600.1.4 (KHTML, like Gecko) Version/8.0 Mobile/12F70 Safari/600.1.4"
123.125.71.106 - - [26/May/2015:13:05:43 -0700] "-" 408 0 "-" "-"
220.181.108.89 - - [26/May/2015:13:08:22 -0700] "-" 408 0 "-" "-"
46.229.164.113 - - [26/May/2015:13:10:38 -0700] "GET /resorts?resort=holimont HTTP/1.1" 404 469 "-" "Mozilla/5.0 (compatible; SemrushBot/0.98~bl; +http://www.semrush.com/bot.html)"
66.249.79.14 - - [26/May/2015:13:15:52 -0700] "GET /lib/resortDataSearch.php?resort=sierra-at-tahoe&dateStart=2013-03-03&dateMax=2013-03-13&size=30 HTTP/1.1" 200 331 "-" "Mozilla/5.0 (compatible; Googlebot/2.1; +http://www.google.com/bot.html)"
170.75.162.130 - - [26/May/2015:13:20:40 -0700] "GET /lib/reccapi.php?resort=redlodge HTTP/1.1" 200 1074 "-" "node-superagent/0.18.2"
46.229.164.99 - - [26/May/2015:13:20:49 -0700] "GET /resorts?resort=jacksonhole HTTP/1.1" 404 469 "-" "Mozilla/5.0 (compatible; SemrushBot/0.98~bl; +http://www.semrush.com/bot.html)"
207.166.19.39 - - [26/May/2015:13:21:38 -0700] "GET /images/wsis-logo-sm.png HTTP/1.1" 200 6108 "http://thebackcountry.net/" "Mozilla/5.0 (iPhone; CPU iPhone OS 8_3 like Mac OS X) AppleWebKit/600.1.4 (KHTML, like Gecko) Version/8.0 Mobile/12F70 Safari/600.1.4"
170.75.162.130 - - [26/May/2015:13:29:11 -0700] "GET /lib/reccapi.php?resort=snowbird HTTP/1.1" 200 997 "-" "node-superagent/0.18.2"
46.229.164.102 - - [26/May/2015:13:30:35 -0700] "GET /resorts?resort=thesummitatsnoqualmie-alpental HTTP/1.1" 404 469 "-" "Mozilla/5.0 (compatible; SemrushBot/0.98~bl; +http://www.semrush.com/bot.html)"
180.76.15.34 - - [26/May/2015:13:35:02 -0700] "GET /resorts?resort=devilshead&date=2014-05-08 HTTP/1.1" 404 469 "-" "Mozilla/5.0 (compatible; Baiduspider/2.0; +http://www.baidu.com/search/spider.html)"
46.229.164.99 - - [26/May/2015:13:40:26 -0700] "GET /resorts?resort=madriverglen HTTP/1.1" 404 469 "-" "Mozilla/5.0 (compatible; SemrushBot/0.98~bl; +http://www.semrush.com/bot.html)"
170.75.162.130 - - [26/May/2015:13:42:52 -0700] "GET /lib/reccapi.php?resort=snowmass HTTP/1.1" 200 1023 "-" "node-superagent/0.18.2"
170.75.162.130 - - [26/May/2015:13:48:13 -0700] "GET /lib/reccapi.php?resort=stevenspass HTTP/1.1" 200 999 "-" "node-superagent/0.18.2"
199.48.147.141 - - [26/May/2015:13:48:30 -0700] "GET /w19218317418621031041543/style.css HTTP/1.1" 404 495 "-" "Mozilla/5.0 (Windows NT 6.1; WOW64; rv:8.0) Gecko/20100101 Firefox/8.0"
46.229.164.102 - - [26/May/2015:13:50:39 -0700] "GET /resorts?resort=moonlightbasin HTTP/1.1" 404 469 "-" "Mozilla/5.0 (compatible; SemrushBot/0.98~bl; +http://www.semrush.com/bot.html)"
170.75.162.130 - - [26/May/2015:13:52:33 -0700] "GET /lib/reccapi.php?resort=coppermountain HTTP/1.1" 200 1114 "-" "node-superagent/0.18.2"
170.75.162.130 - - [26/May/2015:13:53:03 -0700] "GET /lib/reccapi.php?resort=sundayriver HTTP/1.1" 200 958 "-" "node-superagent/0.18.2"
204.115.218.41 - - [26/May/2015:13:55:17 -0700] "GET /images/wsis-logo-sm.png HTTP/1.1" 200 6108 "http://www.thebackcountry.net/" "Mozilla/5.0 (compatible; MSIE 9.0; Windows NT 6.1; WOW64; Trident/5.0)"
204.115.218.41 - - [26/May/2015:13:55:38 -0700] "-" 408 0 "-" "-"
123.125.71.27 - - [26/May/2015:14:05:34 -0700] "-" 408 0 "-" "-"
220.181.108.181 - - [26/May/2015:14:08:30 -0700] "-" 408 0 "-" "-"
170.75.162.130 - - [26/May/2015:14:15:55 -0700] "GET /lib/reccapi.php?resort=jacksonhole HTTP/1.1" 200 1113 "-" "node-superagent/0.18.2"
170.75.162.130 - - [26/May/2015:14:15:55 -0700] "GET /lib/reccapi.php?resort=grandtarghee HTTP/1.1" 200 1090 "-" "node-superagent/0.18.2"
66.249.79.3 - - [26/May/2015:14:16:06 -0700] "GET /resorts?resort=eldora&date=2014-03-15 HTTP/1.1" 404 509 "-" "Mozilla/5.0 (compatible; Googlebot/2.1; +http://www.google.com/bot.html)"
177.68.248.25 - - [26/May/2015:14:17:33 -0700] "GET /images/wsis-logo-sm.png HTTP/1.1" 200 6108 "http://thebackcountry.net/" "Mozilla/5.0 (Windows NT 6.1; WOW64) AppleWebKit/537.36 (KHTML, like Gecko) Chrome/36.0.1985.143 Safari/537.36"
170.75.162.130 - - [26/May/2015:14:26:36 -0700] "GET /lib/reccapi.php?resort=sugarbush HTTP/1.1" 200 959 "-" "node-superagent/0.18.2"
170.75.162.130 - - [26/May/2015:14:29:46 -0700] "GET /lib/reccapi.php?resort=steamboat HTTP/1.1" 200 1033 "-" "node-superagent/0.18.2"
170.75.162.130 - - [26/May/2015:14:29:46 -0700] "GET /lib/reccapi.php?resort=telluride HTTP/1.1" 200 1055 "-" "node-superagent/0.18.2"
184.155.110.93 - - [26/May/2015:14:44:20 -0700] "GET /images/wsis-logo-sm.png HTTP/1.1" 200 6108 "http://www.thebackcountry.net/" "Mozilla/5.0 (Windows NT 6.0; rv:38.0) Gecko/20100101 Firefox/38.0"
170.75.162.130 - - [26/May/2015:15:00:59 -0700] "GET /lib/reccapi.php?resort=bigwhite HTTP/1.1" 200 911 "-" "node-superagent/0.18.2"
170.75.162.130 - - [26/May/2015:15:00:59 -0700] "GET /lib/reccapi.php?resort=redmountain HTTP/1.1" 200 899 "-" "node-superagent/0.18.2"
170.75.162.130 - - [26/May/2015:15:00:59 -0700] "GET /lib/reccapi.php?resort=silverstarmountain HTTP/1.1" 200 926 "-" "node-superagent/0.18.2"
170.75.162.130 - - [26/May/2015:15:00:59 -0700] "GET /lib/reccapi.php?resort=sunpeaksresort HTTP/1.1" 200 912 "-" "node-superagent/0.18.2"
170.75.162.130 - - [26/May/2015:15:00:59 -0700] "GET /lib/reccapi.php?resort=whistlerblackcomb HTTP/1.1" 200 923 "-" "node-superagent/0.18.2"
170.75.162.130 - - [26/May/2015:15:05:39 -0700] "GET /lib/reccapi.php?resort=mountainhigh HTTP/1.1" 200 999 "-" "node-superagent/0.18.2"
170.75.162.130 - - [26/May/2015:15:21:31 -0700] "GET /lib/reccapi.php?resort=alpinemeadows HTTP/1.1" 200 1056 "-" "node-superagent/0.18.2"
123.125.71.108 - - [26/May/2015:15:25:29 -0700] "-" 408 0 "-" "-"
220.181.108.155 - - [26/May/2015:15:27:43 -0700] "-" 408 0 "-" "-"
170.75.162.130 - - [26/May/2015:15:37:02 -0700] "GET /lib/reccapi.php?resort=aspenmountain HTTP/1.1" 200 1042 "-" "node-superagent/0.18.2"
170.75.162.130 - - [26/May/2015:15:37:02 -0700] "GET /lib/reccapi.php?resort=keystone HTTP/1.1" 200 1105 "-" "node-superagent/0.18.2"
170.75.162.130 - - [26/May/2015:15:37:02 -0700] "GET /lib/reccapi.php?resort=crestedbutte HTTP/1.1" 200 1051 "-" "node-superagent/0.18.2"
170.75.162.130 - - [26/May/2015:15:37:02 -0700] "GET /lib/reccapi.php?resort=monarch HTTP/1.1" 200 1077 "-" "node-superagent/0.18.2"
170.75.162.130 - - [26/May/2015:15:48:53 -0700] "GET /lib/reccapi.php?resort=brianhead HTTP/1.1" 200 1065 "-" "node-superagent/0.18.2"
170.75.162.130 - - [26/May/2015:15:48:53 -0700] "GET /lib/reccapi.php?resort=deervalley HTTP/1.1" 200 1040 "-" "node-superagent/0.18.2"
71.140.31.214 - - [26/May/2015:15:49:10 -0700] "GET /images/wsis-logo-sm.png HTTP/1.1" 200 6108 "http://thebackcountry.net/" "Mozilla/5.0 (Windows NT 6.1; WOW64; Trident/7.0; rv:11.0) like Gecko"
71.140.31.214 - - [26/May/2015:15:49:31 -0700] "-" 408 0 "-" "-"
173.197.164.54 - - [26/May/2015:15:49:31 -0700] "GET /images/wsis-logo-sm.png HTTP/1.1" 200 6108 "http://www.thebackcountry.net/" "Mozilla/5.0 (Windows NT 6.1; WOW64) AppleWebKit/537.36 (KHTML, like Gecko) Chrome/43.0.2357.81 Safari/537.36"
170.75.162.130 - - [26/May/2015:15:57:34 -0700] "GET /lib/reccapi.php?resort=diamondpeak HTTP/1.1" 200 982 "-" "node-superagent/0.18.2"
123.125.71.15 - - [26/May/2015:15:59:17 -0700] "-" 408 0 "-" "-"
220.181.108.148 - - [26/May/2015:16:01:55 -0700] "-" 408 0 "-" "-"
170.75.162.130 - - [26/May/2015:16:27:27 -0700] "GET /lib/reccapi.php?resort=bigsky HTTP/1.1" 200 1090 "-" "node-superagent/0.18.2"
182.118.53.27 - - [26/May/2015:16:30:33 -0700] "GET / HTTP/1.1" 200 2320 "-" "Mozilla/5.0 (Macintosh; Intel Mac OS X 10_10_1) AppleWebKit/537.36 (KHTML, like Gecko) Chrome/41.0.2251.0 Safari/537.36"
72.19.42.184 - - [26/May/2015:16:48:52 -0700] "GET /images/wsis-logo-sm.png HTTP/1.1" 200 6108 "http://www.thebackcountry.net/" "Mozilla/5.0 (Macintosh; Intel Mac OS X 10_10_3) AppleWebKit/600.6.3 (KHTML, like Gecko) Version/8.0.6 Safari/600.6.3"
182.118.60.54 - - [26/May/2015:16:49:28 -0700] "GET / HTTP/1.1" 200 2320 "-" "Mozilla/5.0 (Macintosh; Intel Mac OS X 10_10_1) AppleWebKit/537.36 (KHTML, like Gecko) Chrome/41.0.2251.0 Safari/537.36"
109.228.23.63 - - [26/May/2015:16:50:49 -0700] "HEAD http://54.245.232.47:80/mysql/admin/ HTTP/1.1" 404 219 "-" "Jorgee"
109.228.23.63 - - [26/May/2015:16:50:50 -0700] "HEAD http://54.245.232.47:80/mysql/dbadmin/ HTTP/1.1" 404 218 "-" "Jorgee"
109.228.23.63 - - [26/May/2015:16:50:50 -0700] "HEAD http://54.245.232.47:80/mysql/sqlmanager/ HTTP/1.1" 404 218 "-" "Jorgee"
109.228.23.63 - - [26/May/2015:16:50:50 -0700] "HEAD http://54.245.232.47:80/mysql/mysqlmanager/ HTTP/1.1" 404 218 "-" "Jorgee"
109.228.23.63 - - [26/May/2015:16:50:50 -0700] "HEAD http://54.245.232.47:80/phpmyadmin/ HTTP/1.1" 404 218 "-" "Jorgee"
109.228.23.63 - - [26/May/2015:16:50:50 -0700] "HEAD http://54.245.232.47:80/phpMyadmin/ HTTP/1.1" 404 218 "-" "Jorgee"
109.228.23.63 - - [26/May/2015:16:50:50 -0700] "HEAD http://54.245.232.47:80/phpMyAdmin/ HTTP/1.1" 404 218 "-" "Jorgee"
109.228.23.63 - - [26/May/2015:16:50:51 -0700] "HEAD http://54.245.232.47:80/phpmyAdmin/ HTTP/1.1" 404 218 "-" "Jorgee"
109.228.23.63 - - [26/May/2015:16:50:51 -0700] "HEAD http://54.245.232.47:80/phpmyadmin2/ HTTP/1.1" 404 218 "-" "Jorgee"
109.228.23.63 - - [26/May/2015:16:50:51 -0700] "HEAD http://54.245.232.47:80/phpmyadmin3/ HTTP/1.1" 404 218 "-" "Jorgee"
109.228.23.63 - - [26/May/2015:16:50:51 -0700] "HEAD http://54.245.232.47:80/phpmyadmin4/ HTTP/1.1" 404 218 "-" "Jorgee"
170.75.162.130 - - [26/May/2015:16:50:51 -0700] "GET /lib/reccapi.php?resort=parkcity HTTP/1.1" 200 1022 "-" "node-superagent/0.18.2"
109.228.23.63 - - [26/May/2015:16:50:51 -0700] "HEAD http://54.245.232.47:80/2phpmyadmin/ HTTP/1.1" 404 218 "-" "Jorgee"
109.228.23.63 - - [26/May/2015:16:50:51 -0700] "HEAD http://54.245.232.47:80/phpmy/ HTTP/1.1" 404 218 "-" "Jorgee"
109.228.23.63 - - [26/May/2015:16:50:52 -0700] "HEAD http://54.245.232.47:80/phppma/ HTTP/1.1" 404 218 "-" "Jorgee"
109.228.23.63 - - [26/May/2015:16:50:52 -0700] "HEAD http://54.245.232.47:80/myadmin/ HTTP/1.1" 404 218 "-" "Jorgee"
109.228.23.63 - - [26/May/2015:16:50:52 -0700] "HEAD http://54.245.232.47:80/shopdb/ HTTP/1.1" 404 218 "-" "Jorgee"
109.228.23.63 - - [26/May/2015:16:50:52 -0700] "HEAD http://54.245.232.47:80/MyAdmin/ HTTP/1.1" 404 218 "-" "Jorgee"
109.228.23.63 - - [26/May/2015:16:50:52 -0700] "HEAD http://54.245.232.47:80/program/ HTTP/1.1" 404 218 "-" "Jorgee"
109.228.23.63 - - [26/May/2015:16:50:52 -0700] "HEAD http://54.245.232.47:80/PMA/ HTTP/1.1" 404 218 "-" "Jorgee"
109.228.23.63 - - [26/May/2015:16:50:53 -0700] "HEAD http://54.245.232.47:80/dbadmin/ HTTP/1.1" 404 218 "-" "Jorgee"
109.228.23.63 - - [26/May/2015:16:50:53 -0700] "HEAD http://54.245.232.47:80/pma/ HTTP/1.1" 404 218 "-" "Jorgee"
