170.75.162.130 - - [03/May/2015:17:02:10 -0700] "GET /lib/reccapi.php?resort=kirkwood HTTP/1.1" 200 1072 "-" "node-superagent/0.18.2"
170.75.162.130 - - [03/May/2015:17:15:51 -0700] "GET /lib/reccapi.php?resort=sunvalley HTTP/1.1" 200 1049 "-" "node-superagent/0.18.2"
66.249.79.8 - - [03/May/2015:17:18:52 -0700] "GET /robots.txt HTTP/1.1" 200 419 "-" "Mozilla/5.0 (compatible; Googlebot/2.1; +http://www.google.com/bot.html)"
66.249.79.8 - - [03/May/2015:17:18:52 -0700] "GET / HTTP/1.1" 200 2375 "-" "Mozilla/5.0 (compatible; Googlebot/2.1; +http://www.google.com/bot.html)"
170.75.162.130 - - [03/May/2015:17:23:32 -0700] "GET /lib/reccapi.php?resort=schweitzer HTTP/1.1" 200 963 "-" "node-superagent/0.18.2"
180.76.4.23 - - [03/May/2015:17:51:53 -0700] "GET / HTTP/1.1" 200 6114 "-" "Mozilla/4.0 (compatible; MSIE 7.0; Windows NT 6.0)"
123.125.71.42 - - [03/May/2015:17:56:15 -0700] "-" 408 0 "-" "-"
220.181.108.183 - - [03/May/2015:18:01:03 -0700] "-" 408 0 "-" "-"
173.252.74.112 - - [03/May/2015:18:02:05 -0700] "GET /images/prop1.png HTTP/1.1" 200 98095 "-" "facebookexternalhit/1.1 (+http://www.facebook.com/externalhit_uatext.php)"
170.75.162.130 - - [03/May/2015:18:11:06 -0700] "GET /lib/reccapi.php?resort=mountainhigh HTTP/1.1" 200 1018 "-" "node-superagent/0.18.2"
69.39.9.146 - - [03/May/2015:18:14:40 -0700] "GET /images/wsis-logo-sm.png HTTP/1.1" 200 6108 "http://www.thebackcountry.net/" "Mozilla/5.0 (Windows NT 6.1; WOW64) AppleWebKit/537.36 (KHTML, like Gecko) Chrome/42.0.2311.135 Safari/537.36"
66.249.79.39 - - [03/May/2015:18:14:56 -0700] "GET / HTTP/1.1" 200 2376 "-" "Mozilla/5.0 (compatible; Googlebot/2.1; +http://www.google.com/bot.html)"
170.75.162.130 - - [03/May/2015:18:24:47 -0700] "GET /lib/reccapi.php?resort=49degreesnorth HTTP/1.1" 200 988 "-" "node-superagent/0.18.2"
64.113.101.252 - - [03/May/2015:18:32:02 -0700] "GET /images/wsis-logo-sm.png HTTP/1.1" 200 6108 "http://www.thebackcountry.net/" "Mozilla/5.0 (Macintosh; Intel Mac OS X 10_7_5) AppleWebKit/537.78.2 (KHTML, like Gecko) Version/6.1.6 Safari/537.78.2"
170.75.162.130 - - [03/May/2015:18:40:08 -0700] "GET /lib/reccapi.php?resort=whitefacemountain HTTP/1.1" 200 988 "-" "node-superagent/0.18.2"
170.75.162.130 - - [03/May/2015:18:41:08 -0700] "GET /lib/reccapi.php?resort=bigsky HTTP/1.1" 200 1044 "-" "node-superagent/0.18.2"
73.202.126.136 - - [03/May/2015:18:44:58 -0700] "GET /images/wsis-logo-sm.png HTTP/1.1" 200 6108 "http://www.thebackcountry.net/" "Mozilla/5.0 (Macintosh; Intel Mac OS X 10.10; rv:37.0) Gecko/20100101 Firefox/37.0"
123.125.71.44 - - [03/May/2015:18:49:09 -0700] "GET / HTTP/1.1" 200 2339 "-" "Mozilla/5.0 (Windows NT 5.1; rv:6.0.2) Gecko/20100101 Firefox/6.0.2"
123.125.71.32 - - [03/May/2015:18:50:01 -0700] "-" 408 0 "-" "-"
220.181.108.88 - - [03/May/2015:18:53:39 -0700] "-" 408 0 "-" "-"
99.148.189.102 - - [03/May/2015:19:03:49 -0700] "GET /images/wsis-logo-sm.png HTTP/1.1" 200 6108 "http://www.thebackcountry.net/" "Mozilla/5.0 (Windows NT 6.3; WOW64; Trident/7.0; rv:11.0) like Gecko"
99.148.189.102 - - [03/May/2015:19:04:11 -0700] "-" 408 0 "-" "-"
170.75.162.130 - - [03/May/2015:19:11:31 -0700] "GET /lib/reccapi.php?resort=chinapeak HTTP/1.1" 200 992 "-" "node-superagent/0.18.2"
75.72.68.17 - - [03/May/2015:19:15:47 -0700] "GET /images/wsis-logo-sm.png HTTP/1.1" 200 6108 "http://www.thebackcountry.net/" "Mozilla/5.0 (Windows NT 6.3; WOW64) AppleWebKit/537.36 (KHTML, like Gecko) Chrome/39.0.2171.95 Safari/537.36"
66.249.79.160 - - [03/May/2015:19:18:05 -0700] "GET / HTTP/1.1" 200 2376 "-" "Mozilla/5.0 (compatible; Googlebot/2.1; +http://www.google.com/bot.html)"
170.75.162.130 - - [03/May/2015:19:22:22 -0700] "GET /lib/reccapi.php?resort=alta HTTP/1.1" 200 1055 "-" "node-superagent/0.18.2"
64.22.160.1 - - [03/May/2015:19:31:02 -0700] "GET /images/wsis-logo-sm.png HTTP/1.1" 200 6108 "http://www.thebackcountry.net/" "Mozilla/5.0 (Windows NT 6.1; Win64; x64) AppleWebKit/537.36 (KHTML, like Gecko) Chrome/42.0.2311.135 Safari/537.36"
170.75.162.130 - - [03/May/2015:19:31:33 -0700] "GET /lib/reccapi.php?resort=steamboat HTTP/1.1" 200 1029 "-" "node-superagent/0.18.2"
170.75.162.130 - - [03/May/2015:19:37:43 -0700] "GET /lib/reccapi.php?resort=snowbasin HTTP/1.1" 200 1026 "-" "node-superagent/0.18.2"
63.152.107.48 - - [03/May/2015:19:37:56 -0700] "GET /images/wsis-logo-sm.png HTTP/1.1" 200 6108 "http://www.thebackcountry.net/" "Mozilla/5.0 (Windows NT 6.3; WOW64; rv:37.0) Gecko/20100101 Firefox/37.0"
170.75.162.130 - - [03/May/2015:19:43:34 -0700] "GET /lib/reccapi.php?resort=sundayriver HTTP/1.1" 200 1078 "-" "node-superagent/0.18.2"
123.125.71.96 - - [03/May/2015:19:44:26 -0700] "-" 408 0 "-" "-"
220.181.108.155 - - [03/May/2015:19:48:57 -0700] "-" 408 0 "-" "-"
170.75.162.130 - - [03/May/2015:19:50:15 -0700] "GET /lib/reccapi.php?resort=sugarloaf HTTP/1.1" 200 1055 "-" "node-superagent/0.18.2"
50.136.157.60 - - [03/May/2015:19:53:45 -0700] "GET /images/wsis-logo-sm.png HTTP/1.1" 200 6108 "http://www.thebackcountry.net/" "Mozilla/5.0 (Windows NT 6.3; WOW64) AppleWebKit/537.36 (KHTML, like Gecko) Chrome/42.0.2311.135 Safari/537.36"
170.75.162.130 - - [03/May/2015:19:56:55 -0700] "GET /lib/reccapi.php?resort=diamondpeak HTTP/1.1" 200 984 "-" "node-superagent/0.18.2"
180.76.4.87 - - [03/May/2015:20:00:53 -0700] "GET / HTTP/1.1" 200 6114 "-" "Mozilla/4.0 (compatible; MSIE 7.0; Windows NT 6.0)"
170.75.162.130 - - [03/May/2015:20:05:06 -0700] "GET /lib/reccapi.php?resort=parkcity HTTP/1.1" 200 1058 "-" "node-superagent/0.18.2"
170.75.162.130 - - [03/May/2015:20:06:16 -0700] "GET /lib/reccapi.php?resort=stevenspass HTTP/1.1" 200 973 "-" "node-superagent/0.18.2"
170.75.162.130 - - [03/May/2015:20:06:46 -0700] "GET /lib/reccapi.php?resort=snowbird HTTP/1.1" 200 1061 "-" "node-superagent/0.18.2"
170.75.162.130 - - [03/May/2015:20:11:36 -0700] "GET /lib/reccapi.php?resort=coppermountain HTTP/1.1" 200 1040 "-" "node-superagent/0.18.2"
66.249.79.16 - - [03/May/2015:20:14:50 -0700] "GET / HTTP/1.1" 200 2376 "-" "Mozilla/5.0 (compatible; Googlebot/2.1; +http://www.google.com/bot.html)"
170.75.162.130 - - [03/May/2015:20:17:57 -0700] "GET /lib/reccapi.php?resort=redlodge HTTP/1.1" 200 1063 "-" "node-superagent/0.18.2"
170.75.162.130 - - [03/May/2015:20:18:37 -0700] "GET /lib/reccapi.php?resort=arapahoebasin HTTP/1.1" 200 1120 "-" "node-superagent/0.18.2"
170.75.162.130 - - [03/May/2015:20:29:48 -0700] "GET /lib/reccapi.php?resort=mammothmountain HTTP/1.1" 200 1071 "-" "node-superagent/0.18.2"
170.75.162.130 - - [03/May/2015:20:33:18 -0700] "GET /lib/reccapi.php?resort=cannonmountain HTTP/1.1" 200 1102 "-" "node-superagent/0.18.2"
170.75.162.130 - - [03/May/2015:20:33:19 -0700] "GET /lib/reccapi.php?resort=jaypeak HTTP/1.1" 200 966 "-" "node-superagent/0.18.2"
170.75.162.130 - - [03/May/2015:20:33:19 -0700] "GET /lib/reccapi.php?resort=killington HTTP/1.1" 200 1033 "-" "node-superagent/0.18.2"
170.75.162.130 - - [03/May/2015:20:33:19 -0700] "GET /lib/reccapi.php?resort=madriverglen HTTP/1.1" 200 989 "-" "node-superagent/0.18.2"
170.75.162.130 - - [03/May/2015:20:33:19 -0700] "GET /lib/reccapi.php?resort=smugglersnotch HTTP/1.1" 200 962 "-" "node-superagent/0.18.2"
170.75.162.130 - - [03/May/2015:20:33:19 -0700] "GET /lib/reccapi.php?resort=stowe HTTP/1.1" 200 936 "-" "node-superagent/0.18.2"
170.75.162.130 - - [03/May/2015:20:33:19 -0700] "GET /lib/reccapi.php?resort=sugarbush HTTP/1.1" 200 991 "-" "node-superagent/0.18.2"
170.75.162.130 - - [03/May/2015:20:33:19 -0700] "GET /lib/reccapi.php?resort=wildcatmountain HTTP/1.1" 200 1105 "-" "node-superagent/0.18.2"
170.75.162.130 - - [03/May/2015:20:35:49 -0700] "GET /lib/reccapi.php?resort=redmountain HTTP/1.1" 200 901 "-" "node-superagent/0.18.2"
170.75.162.130 - - [03/May/2015:20:36:49 -0700] "GET /lib/reccapi.php?resort=angelfire HTTP/1.1" 200 1036 "-" "node-superagent/0.18.2"
170.75.162.130 - - [03/May/2015:20:36:49 -0700] "GET /lib/reccapi.php?resort=taos HTTP/1.1" 200 998 "-" "node-superagent/0.18.2"
170.75.162.130 - - [03/May/2015:20:44:09 -0700] "GET /lib/reccapi.php?resort=brianhead HTTP/1.1" 200 1097 "-" "node-superagent/0.18.2"
170.75.162.130 - - [03/May/2015:20:44:09 -0700] "GET /lib/reccapi.php?resort=brighton HTTP/1.1" 200 1061 "-" "node-superagent/0.18.2"
170.75.162.130 - - [03/May/2015:20:44:09 -0700] "GET /lib/reccapi.php?resort=canyons HTTP/1.1" 200 1020 "-" "node-superagent/0.18.2"
170.75.162.130 - - [03/May/2015:20:44:10 -0700] "GET /lib/reccapi.php?resort=deervalley HTTP/1.1" 200 1049 "-" "node-superagent/0.18.2"
170.75.162.130 - - [03/May/2015:20:44:10 -0700] "GET /lib/reccapi.php?resort=solitude HTTP/1.1" 200 1028 "-" "node-superagent/0.18.2"
170.75.162.130 - - [03/May/2015:20:44:19 -0700] "GET /lib/reccapi.php?resort=alyeska HTTP/1.1" 200 928 "-" "node-superagent/0.18.2"
170.75.162.130 - - [03/May/2015:20:47:30 -0700] "GET /lib/reccapi.php?resort=loveland HTTP/1.1" 200 1103 "-" "node-superagent/0.18.2"
170.75.162.130 - - [03/May/2015:20:48:30 -0700] "GET /lib/reccapi.php?resort=aspenheights HTTP/1.1" 200 1060 "-" "node-superagent/0.18.2"
170.75.162.130 - - [03/May/2015:20:48:30 -0700] "GET /lib/reccapi.php?resort=aspenmountain HTTP/1.1" 200 1034 "-" "node-superagent/0.18.2"
170.75.162.130 - - [03/May/2015:20:48:30 -0700] "GET /lib/reccapi.php?resort=buttermilk HTTP/1.1" 200 1035 "-" "node-superagent/0.18.2"
170.75.162.130 - - [03/May/2015:20:48:30 -0700] "GET /lib/reccapi.php?resort=snowmass HTTP/1.1" 200 1030 "-" "node-superagent/0.18.2"
123.125.71.91 - - [03/May/2015:20:48:41 -0700] "-" 408 0 "-" "-"
157.55.39.24 - - [03/May/2015:20:49:08 -0700] "GET / HTTP/1.1" 200 2376 "-" "Mozilla/5.0 (compatible; bingbot/2.0; +http://www.bing.com/bingbot.htm)"
220.181.108.156 - - [03/May/2015:20:52:18 -0700] "-" 408 0 "-" "-"
170.75.162.130 - - [03/May/2015:20:54:50 -0700] "GET /lib/reccapi.php?resort=bigwhite HTTP/1.1" 200 918 "-" "node-superagent/0.18.2"
170.75.162.130 - - [03/May/2015:20:54:50 -0700] "GET /lib/reccapi.php?resort=silverstarmountain HTTP/1.1" 200 929 "-" "node-superagent/0.18.2"
170.75.162.130 - - [03/May/2015:20:54:50 -0700] "GET /lib/reccapi.php?resort=sunpeaksresort HTTP/1.1" 200 915 "-" "node-superagent/0.18.2"
170.75.162.130 - - [03/May/2015:20:54:50 -0700] "GET /lib/reccapi.php?resort=whistlerblackcomb HTTP/1.1" 200 932 "-" "node-superagent/0.18.2"
170.75.162.130 - - [03/May/2015:20:58:00 -0700] "GET /lib/reccapi.php?resort=alpinemeadows HTTP/1.1" 200 1027 "-" "node-superagent/0.18.2"
170.75.162.130 - - [03/May/2015:20:58:01 -0700] "GET /lib/reccapi.php?resort=heavenly HTTP/1.1" 200 1036 "-" "node-superagent/0.18.2"
170.75.162.130 - - [03/May/2015:20:58:01 -0700] "GET /lib/reccapi.php?resort=homewoodmountain HTTP/1.1" 200 1021 "-" "node-superagent/0.18.2"
170.75.162.130 - - [03/May/2015:20:58:01 -0700] "GET /lib/reccapi.php?resort=northstar-at-tahoe HTTP/1.1" 200 1004 "-" "node-superagent/0.18.2"
170.75.162.130 - - [03/May/2015:20:58:01 -0700] "GET /lib/reccapi.php?resort=squawvalleyusa HTTP/1.1" 200 1039 "-" "node-superagent/0.18.2"
170.75.162.130 - - [03/May/2015:20:58:01 -0700] "GET /lib/reccapi.php?resort=sierra-at-tahoe HTTP/1.1" 200 1085 "-" "node-superagent/0.18.2"
170.75.162.130 - - [03/May/2015:20:58:01 -0700] "GET /lib/reccapi.php?resort=sugarbowl HTTP/1.1" 200 1019 "-" "node-superagent/0.18.2"
170.75.162.130 - - [03/May/2015:21:00:51 -0700] "GET /lib/reccapi.php?resort=monarch HTTP/1.1" 200 1079 "-" "node-superagent/0.18.2"
170.75.162.130 - - [03/May/2015:21:01:01 -0700] "GET /lib/reccapi.php?resort=crestedbutte HTTP/1.1" 200 1034 "-" "node-superagent/0.18.2"
170.75.162.130 - - [03/May/2015:21:01:01 -0700] "GET /lib/reccapi.php?resort=keystone HTTP/1.1" 200 1032 "-" "node-superagent/0.18.2"
170.75.162.130 - - [03/May/2015:21:01:01 -0700] "GET /lib/reccapi.php?resort=telluride HTTP/1.1" 200 1012 "-" "node-superagent/0.18.2"
170.75.162.130 - - [03/May/2015:21:01:01 -0700] "GET /lib/reccapi.php?resort=winterpark HTTP/1.1" 200 1052 "-" "node-superagent/0.18.2"
69.108.3.31 - - [03/May/2015:21:06:06 -0700] "GET /images/wsis-logo-sm.png HTTP/1.1" 200 6108 "http://www.thebackcountry.net/" "Mozilla/5.0 (Macintosh; Intel Mac OS X 10_10_3) AppleWebKit/600.5.17 (KHTML, like Gecko) Version/8.0.5 Safari/600.5.17"
170.75.162.130 - - [03/May/2015:21:08:01 -0700] "GET /lib/reccapi.php?resort=mountspokane HTTP/1.1" 200 969 "-" "node-superagent/0.18.2"
170.75.162.130 - - [03/May/2015:21:08:51 -0700] "GET /lib/reccapi.php?resort=kirkwood HTTP/1.1" 200 1075 "-" "node-superagent/0.18.2"
170.75.162.130 - - [03/May/2015:21:08:52 -0700] "GET /lib/reccapi.php?resort=mtrose HTTP/1.1" 200 1009 "-" "node-superagent/0.18.2"
66.249.79.31 - - [03/May/2015:21:09:45 -0700] "GET / HTTP/1.1" 200 2376 "-" "Mozilla/5.0 (compatible; Googlebot/2.1; +http://www.google.com/bot.html)"
170.75.162.130 - - [03/May/2015:21:11:42 -0700] "GET /lib/reccapi.php?resort=mountbachelor HTTP/1.1" 200 956 "-" "node-superagent/0.18.2"
52.8.127.174 - - [03/May/2015:21:13:27 -0700] "GET /readme.html HTTP/1.1" 404 470 "-" "curl/7.40.0"
170.75.162.130 - - [03/May/2015:21:14:52 -0700] "GET /lib/reccapi.php?resort=mounthoodmeadows HTTP/1.1" 200 1001 "-" "node-superagent/0.18.2"
66.87.71.232 - - [03/May/2015:21:27:51 -0700] "GET /images/wsis-logo-sm.png HTTP/1.1" 200 6108 "http://www.thebackcountry.net/" "Mozilla/5.0 (Linux; Android 4.1.2; LG-LS970 Build/JZO54K) AppleWebKit/537.36 (KHTML, like Gecko) Chrome/42.0.2311.111 Mobile Safari/537.36"
66.87.71.232 - - [03/May/2015:21:28:15 -0700] "-" 408 0 "-" "-"
71.116.76.129 - - [03/May/2015:21:35:28 -0700] "GET /images/wsis-logo-sm.png HTTP/1.1" 200 6108 "http://www.thebackcountry.net/" "Mozilla/5.0 (iPad; CPU OS 8_3 like Mac OS X) AppleWebKit/600.1.4 (KHTML, like Gecko) Version/8.0 Mobile/12F69 Safari/600.1.4"
170.75.162.130 - - [03/May/2015:21:36:14 -0700] "GET /lib/reccapi.php?resort=sunvalley HTTP/1.1" 200 1045 "-" "node-superagent/0.18.2"
170.75.162.130 - - [03/May/2015:21:45:25 -0700] "GET /lib/reccapi.php?resort=schweitzer HTTP/1.1" 200 963 "-" "node-superagent/0.18.2"
170.75.162.130 - - [03/May/2015:21:49:35 -0700] "GET /lib/reccapi.php?resort=hoodoo HTTP/1.1" 200 957 "-" "node-superagent/0.18.2"
123.125.71.117 - - [03/May/2015:21:51:52 -0700] "-" 408 0 "-" "-"
180.76.4.191 - - [03/May/2015:22:03:34 -0700] "GET / HTTP/1.1" 200 6114 "-" "Mozilla/4.0 (compatible; MSIE 7.0; Windows NT 6.0)"
66.249.79.8 - - [03/May/2015:22:04:55 -0700] "GET / HTTP/1.1" 200 2376 "-" "Mozilla/5.0 (compatible; Googlebot/2.1; +http://www.google.com/bot.html)"
170.75.162.130 - - [03/May/2015:22:12:07 -0700] "GET /lib/reccapi.php?resort=crystalmountain HTTP/1.1" 200 981 "-" "node-superagent/0.18.2"
170.75.162.130 - - [03/May/2015:22:18:08 -0700] "GET /lib/reccapi.php?resort=devilshead HTTP/1.1" 200 957 "-" "node-superagent/0.18.2"
180.76.5.67 - - [03/May/2015:22:21:31 -0700] "GET /resorts?resort=sandiapeak&date=2014-05-16 HTTP/1.1" 404 472 "-" "Mozilla/5.0 (compatible; Baiduspider/2.0; +http://www.baidu.com/search/spider.html)"
170.75.162.130 - - [03/May/2015:22:26:48 -0700] "GET /lib/reccapi.php?resort=49degreesnorth HTTP/1.1" 200 988 "-" "node-superagent/0.18.2"
71.9.21.165 - - [03/May/2015:22:38:40 -0700] "GET /images/wsis-logo-sm.png HTTP/1.1" 200 6108 "http://www.thebackcountry.net/" "Mozilla/5.0 (Windows NT 6.3; WOW64; Trident/7.0; TNJB; rv:11.0) like Gecko"
170.75.162.130 - - [03/May/2015:22:43:30 -0700] "GET /lib/reccapi.php?resort=grandtarghee HTTP/1.1" 200 1054 "-" "node-superagent/0.18.2"
170.75.162.130 - - [03/May/2015:22:43:30 -0700] "GET /lib/reccapi.php?resort=jacksonhole HTTP/1.1" 200 1049 "-" "node-superagent/0.18.2"
170.75.162.130 - - [03/May/2015:22:50:51 -0700] "GET /lib/reccapi.php?resort=mountainhigh HTTP/1.1" 200 1018 "-" "node-superagent/0.18.2"
66.249.79.160 - - [03/May/2015:22:56:16 -0700] "GET / HTTP/1.1" 200 2376 "-" "Mozilla/5.0 (compatible; Googlebot/2.1; +http://www.google.com/bot.html)"
170.75.162.130 - - [03/May/2015:22:56:31 -0700] "GET /lib/reccapi.php?resort=whitefacemountain HTTP/1.1" 200 988 "-" "node-superagent/0.18.2"
123.125.71.52 - - [03/May/2015:23:03:53 -0700] "-" 408 0 "-" "-"
220.181.108.177 - - [03/May/2015:23:07:49 -0700] "-" 408 0 "-" "-"
170.75.162.130 - - [03/May/2015:23:09:32 -0700] "GET /lib/reccapi.php?resort=bigsky HTTP/1.1" 200 1044 "-" "node-superagent/0.18.2"
162.210.196.100 - - [03/May/2015:23:18:32 -0700] "GET /robots.txt HTTP/1.0" 200 338 "-" "Mozilla/5.0 (compatible; MJ12bot/v1.4.5; http://www.majestic12.co.uk/bot.php?+)"
162.210.196.100 - - [03/May/2015:23:18:33 -0700] "GET / HTTP/1.0" 200 6114 "-" "Mozilla/5.0 (compatible; MJ12bot/v1.4.5; http://www.majestic12.co.uk/bot.php?+)"
68.180.228.182 - - [03/May/2015:23:28:34 -0700] "GET /resorts?resort=losttrailpowdermountain&date=2014-11-25 HTTP/1.1" 404 450 "-" "Mozilla/5.0 (compatible; Yahoo! Slurp; http://help.yahoo.com/help/us/ysearch/slurp)"
170.75.162.130 - - [03/May/2015:23:45:45 -0700] "GET /lib/reccapi.php?resort=chinapeak HTTP/1.1" 200 992 "-" "node-superagent/0.18.2"
180.76.4.40 - - [03/May/2015:23:52:49 -0700] "GET / HTTP/1.1" 200 6114 "-" "Mozilla/4.0 (compatible; MSIE 7.0; Windows NT 6.0)"
123.125.71.25 - - [03/May/2015:23:53:18 -0700] "GET / HTTP/1.1" 200 2339 "-" "Mozilla/5.0 (Windows NT 5.1; rv:6.0.2) Gecko/20100101 Firefox/6.0.2"
123.125.71.21 - - [03/May/2015:23:54:22 -0700] "-" 408 0 "-" "-"
220.181.108.161 - - [03/May/2015:23:57:10 -0700] "-" 408 0 "-" "-"
61.135.190.103 - - [03/May/2015:23:59:48 -0700] "GET / HTTP/1.1" 200 2376 "http://www.baidu.com/s?wd=WhereShouldISki-WeatherData-DrivenRecommendationsforSkiing" "Mozilla/5.0 (Windows NT 6.1; WOW64) AppleWebKit/537.36 (KHTML, like Gecko) Chrome/36.0.1985.143 Safari/537.36"
61.135.190.104 - - [03/May/2015:23:59:48 -0700] "GET /scripts/scripts/vendor/modernizr.js HTTP/1.1" 200 4903 "http://www.whereshouldiski.com/" "Mozilla/5.0 (Windows NT 6.1; WOW64) AppleWebKit/537.36 (KHTML, like Gecko) Chrome/36.0.1985.143 Safari/537.36"
61.135.190.103 - - [03/May/2015:23:59:49 -0700] "GET /bower_components/requirejs/require.js HTTP/1.1" 200 6701 "http://www.whereshouldiski.com/" "Mozilla/5.0 (Windows NT 6.1; WOW64) AppleWebKit/537.36 (KHTML, like Gecko) Chrome/36.0.1985.143 Safari/537.36"
61.135.190.103 - - [03/May/2015:23:59:49 -0700] "GET /scripts/fa48e319.main.js HTTP/1.1" 200 123455 "http://www.whereshouldiski.com/" "Mozilla/5.0 (Windows NT 6.1; WOW64) AppleWebKit/537.36 (KHTML, like Gecko) Chrome/36.0.1985.143 Safari/537.36"
61.135.190.224 - - [03/May/2015:23:59:51 -0700] "GET /lib/reccapi.php?fields=t HTTP/1.1" 200 1808 "http://www.whereshouldiski.com/" "Mozilla/5.0 (Windows NT 6.1; WOW64) AppleWebKit/537.36 (KHTML, like Gecko) Chrome/36.0.1985.143 Safari/537.36"
66.249.79.8 - - [03/May/2015:23:59:55 -0700] "GET / HTTP/1.1" 200 2376 "-" "Mozilla/5.0 (compatible; Googlebot/2.1; +http://www.google.com/bot.html)"
111.13.102.135 - - [04/May/2015:00:00:03 -0700] "GET /robots.txt HTTP/1.1" 200 382 "-" "Mozilla/5.0 (Windows NT 5.1; rv:6.0.2) Gecko/20100101 Firefox/6.0.2"
170.75.162.130 - - [04/May/2015:00:00:46 -0700] "GET /lib/reccapi.php?resort=alta HTTP/1.1" 200 1045 "-" "node-superagent/0.18.2"
170.75.162.130 - - [04/May/2015:00:05:37 -0700] "GET /lib/reccapi.php?resort=diamondpeak HTTP/1.1" 200 1036 "-" "node-superagent/0.18.2"
170.75.162.130 - - [04/May/2015:00:35:59 -0700] "GET /lib/reccapi.php?resort=jaypeak HTTP/1.1" 200 1024 "-" "node-superagent/0.18.2"
170.75.162.130 - - [04/May/2015:00:42:10 -0700] "GET /lib/reccapi.php?resort=coppermountain HTTP/1.1" 200 1087 "-" "node-superagent/0.18.2"
170.75.162.130 - - [04/May/2015:00:43:40 -0700] "GET /lib/reccapi.php?resort=killington HTTP/1.1" 200 975 "-" "node-superagent/0.18.2"
170.75.162.130 - - [04/May/2015:00:51:10 -0700] "GET /lib/reccapi.php?resort=cannonmountain HTTP/1.1" 200 997 "-" "node-superagent/0.18.2"
170.75.162.130 - - [04/May/2015:00:53:21 -0700] "GET /lib/reccapi.php?resort=canyons HTTP/1.1" 200 1030 "-" "node-superagent/0.18.2"
66.249.79.160 - - [04/May/2015:00:54:56 -0700] "GET / HTTP/1.1" 200 2376 "-" "Mozilla/5.0 (compatible; Googlebot/2.1; +http://www.google.com/bot.html)"
123.125.71.24 - - [04/May/2015:01:00:37 -0700] "-" 408 0 "-" "-"
170.75.162.130 - - [04/May/2015:01:03:22 -0700] "GET /lib/reccapi.php?resort=northstar-at-tahoe HTTP/1.1" 200 1061 "-" "node-superagent/0.18.2"
170.75.162.130 - - [04/May/2015:01:04:22 -0700] "GET /lib/reccapi.php?resort=keystone HTTP/1.1" 200 1079 "-" "node-superagent/0.18.2"
220.181.108.183 - - [04/May/2015:01:05:34 -0700] "-" 408 0 "-" "-"
170.75.162.130 - - [04/May/2015:01:08:12 -0700] "GET /lib/reccapi.php?resort=crestedbutte HTTP/1.1" 200 1083 "-" "node-superagent/0.18.2"
170.75.162.130 - - [04/May/2015:01:12:22 -0700] "GET /lib/reccapi.php?resort=kirkwood HTTP/1.1" 200 1099 "-" "node-superagent/0.18.2"
170.75.162.130 - - [04/May/2015:01:13:22 -0700] "GET /lib/reccapi.php?resort=deervalley HTTP/1.1" 200 1061 "-" "node-superagent/0.18.2"
170.75.162.130 - - [04/May/2015:01:15:22 -0700] "GET /lib/reccapi.php?resort=taos HTTP/1.1" 200 982 "-" "node-superagent/0.18.2"
180.76.5.148 - - [04/May/2015:01:20:18 -0700] "GET /resorts?resort=homewoodmountain&date=2014-04-22 HTTP/1.1" 404 472 "-" "Mozilla/5.0 (compatible; Baiduspider/2.0; +http://www.baidu.com/search/spider.html)"
54.67.111.244 - - [04/May/2015:01:21:58 -0700] "GET / HTTP/1.1" 200 2376 "-" "Mozilla/5.0 (X11; Ubuntu; Linux x86_64; rv:36.0) Gecko/20100101 SlimerJS/0.9.5"
54.67.111.244 - - [04/May/2015:01:21:58 -0700] "GET /styles/0fffd548.main.css HTTP/1.1" 200 19316 "http://www.whereshouldiski.com/" "Mozilla/5.0 (X11; Ubuntu; Linux x86_64; rv:36.0) Gecko/20100101 SlimerJS/0.9.5"
54.67.111.244 - - [04/May/2015:01:21:58 -0700] "GET /scripts/scripts/vendor/modernizr.js HTTP/1.1" 200 4903 "http://www.whereshouldiski.com/" "Mozilla/5.0 (X11; Ubuntu; Linux x86_64; rv:36.0) Gecko/20100101 SlimerJS/0.9.5"
54.67.111.244 - - [04/May/2015:01:21:58 -0700] "GET /bower_components/requirejs/require.js HTTP/1.1" 200 6702 "http://www.whereshouldiski.com/" "Mozilla/5.0 (X11; Ubuntu; Linux x86_64; rv:36.0) Gecko/20100101 SlimerJS/0.9.5"
54.67.111.244 - - [04/May/2015:01:21:58 -0700] "GET /images/loading.gif HTTP/1.1" 200 13881 "http://www.whereshouldiski.com/" "Mozilla/5.0 (X11; Ubuntu; Linux x86_64; rv:36.0) Gecko/20100101 SlimerJS/0.9.5"
54.67.111.244 - - [04/May/2015:01:21:58 -0700] "GET /images/logo-sm.png HTTP/1.1" 200 16737 "http://www.whereshouldiski.com/" "Mozilla/5.0 (X11; Ubuntu; Linux x86_64; rv:36.0) Gecko/20100101 SlimerJS/0.9.5"
127.0.0.1 - - [04/May/2015:01:22:05 -0700] "OPTIONS * HTTP/1.0" 200 126 "-" "Apache/2.2.22 (Ubuntu) (internal dummy connection)"
54.67.111.244 - - [04/May/2015:01:22:09 -0700] "GET /scripts/fa48e319.main.js HTTP/1.1" 200 123456 "http://www.whereshouldiski.com/" "Mozilla/5.0 (X11; Ubuntu; Linux x86_64; rv:36.0) Gecko/20100101 SlimerJS/0.9.5"
54.67.111.244 - - [04/May/2015:01:22:11 -0700] "GET /images/greyHeader.png HTTP/1.1" 200 508 "http://www.whereshouldiski.com/styles/0fffd548.main.css" "Mozilla/5.0 (X11; Ubuntu; Linux x86_64; rv:36.0) Gecko/20100101 SlimerJS/0.9.5"
54.67.111.244 - - [04/May/2015:01:22:11 -0700] "GET /lib/reccapi.php?fields=t HTTP/1.1" 200 1671 "http://www.whereshouldiski.com/" "Mozilla/5.0 (X11; Ubuntu; Linux x86_64; rv:36.0) Gecko/20100101 SlimerJS/0.9.5"
54.67.111.244 - - [04/May/2015:01:22:11 -0700] "GET /images/snowflake5.png HTTP/1.1" 200 2857 "http://www.whereshouldiski.com/styles/0fffd548.main.css" "Mozilla/5.0 (X11; Ubuntu; Linux x86_64; rv:36.0) Gecko/20100101 SlimerJS/0.9.5"
54.67.111.244 - - [04/May/2015:01:22:11 -0700] "GET /images/star5.png HTTP/1.1" 200 1784 "http://www.whereshouldiski.com/styles/0fffd548.main.css" "Mozilla/5.0 (X11; Ubuntu; Linux x86_64; rv:36.0) Gecko/20100101 SlimerJS/0.9.5"
54.67.111.244 - - [04/May/2015:01:22:11 -0700] "GET /images/bluebird5.png HTTP/1.1" 200 2177 "http://www.whereshouldiski.com/styles/0fffd548.main.css" "Mozilla/5.0 (X11; Ubuntu; Linux x86_64; rv:36.0) Gecko/20100101 SlimerJS/0.9.5"
54.67.111.244 - - [04/May/2015:01:22:11 -0700] "GET /images/mtns-icon.png HTTP/1.1" 200 1096 "http://www.whereshouldiski.com/styles/0fffd548.main.css" "Mozilla/5.0 (X11; Ubuntu; Linux x86_64; rv:36.0) Gecko/20100101 SlimerJS/0.9.5"
54.67.111.244 - - [04/May/2015:01:22:11 -0700] "GET /images/shading-icon.png HTTP/1.1" 200 537 "http://www.whereshouldiski.com/styles/0fffd548.main.css" "Mozilla/5.0 (X11; Ubuntu; Linux x86_64; rv:36.0) Gecko/20100101 SlimerJS/0.9.5"
127.0.0.1 - - [04/May/2015:01:22:17 -0700] "OPTIONS * HTTP/1.0" 200 126 "-" "Apache/2.2.22 (Ubuntu) (internal dummy connection)"
127.0.0.1 - - [04/May/2015:01:22:18 -0700] "OPTIONS * HTTP/1.0" 200 126 "-" "Apache/2.2.22 (Ubuntu) (internal dummy connection)"
127.0.0.1 - - [04/May/2015:01:22:19 -0700] "OPTIONS * HTTP/1.0" 200 126 "-" "Apache/2.2.22 (Ubuntu) (internal dummy connection)"
127.0.0.1 - - [04/May/2015:01:22:20 -0700] "OPTIONS * HTTP/1.0" 200 126 "-" "Apache/2.2.22 (Ubuntu) (internal dummy connection)"
170.75.162.130 - - [04/May/2015:01:25:33 -0700] "GET /lib/reccapi.php?resort=mtrose HTTP/1.1" 200 998 "-" "node-superagent/0.18.2"
170.75.162.130 - - [04/May/2015:01:32:04 -0700] "GET /lib/reccapi.php?resort=sierra-at-tahoe HTTP/1.1" 200 1064 "-" "node-superagent/0.18.2"
170.75.162.130 - - [04/May/2015:01:34:34 -0700] "GET /lib/reccapi.php?resort=snowmass HTTP/1.1" 200 1029 "-" "node-superagent/0.18.2"
170.75.162.130 - - [04/May/2015:01:36:54 -0700] "GET /lib/reccapi.php?resort=squawvalleyusa HTTP/1.1" 200 1074 "-" "node-superagent/0.18.2"
170.75.162.130 - - [04/May/2015:01:39:24 -0700] "GET /lib/reccapi.php?resort=sugarbowl HTTP/1.1" 200 1056 "-" "node-superagent/0.18.2"
170.75.162.130 - - [04/May/2015:01:44:45 -0700] "GET /lib/reccapi.php?resort=wildcatmountain HTTP/1.1" 200 958 "-" "node-superagent/0.18.2"
180.76.5.19 - - [04/May/2015:01:50:18 -0700] "GET /resorts?resort=pebblecreek HTTP/1.1" 404 472 "-" "Mozilla/5.0 (compatible; Baiduspider/2.0; +http://www.baidu.com/search/spider.html)"
68.180.228.182 - - [04/May/2015:01:53:40 -0700] "GET /resorts?resort=panoramamountain&date=2014-10-11 HTTP/1.1" 404 450 "-" "Mozilla/5.0 (compatible; Yahoo! Slurp; http://help.yahoo.com/help/us/ysearch/slurp)"
66.249.79.160 - - [04/May/2015:01:54:03 -0700] "GET / HTTP/1.1" 200 2376 "-" "Mozilla/5.0 (compatible; Googlebot/2.1; +http://www.google.com/bot.html)"
170.75.162.130 - - [04/May/2015:01:58:46 -0700] "GET /lib/reccapi.php?resort=heavenly HTTP/1.1" 200 1062 "-" "node-superagent/0.18.2"
123.125.71.81 - - [04/May/2015:01:59:15 -0700] "-" 408 0 "-" "-"
220.181.108.90 - - [04/May/2015:02:04:01 -0700] "-" 408 0 "-" "-"
170.75.162.130 - - [04/May/2015:02:06:57 -0700] "GET /lib/reccapi.php?resort=mountspokane HTTP/1.1" 200 989 "-" "node-superagent/0.18.2"
180.76.4.11 - - [04/May/2015:02:08:25 -0700] "GET / HTTP/1.1" 200 6114 "-" "Mozilla/4.0 (compatible; MSIE 7.0; Windows NT 6.0)"
66.249.79.10 - - [04/May/2015:02:20:46 -0700] "GET /resorts?resort=snoqualmie-alpental&date=2013-01-16 HTTP/1.1" 404 509 "-" "Mozilla/5.0 (iPhone; CPU iPhone OS 6_0 like Mac OS X) AppleWebKit/536.26 (KHTML, like Gecko) Version/6.0 Mobile/10A5376e Safari/8536.25 (compatible; Googlebot/2.1; +http://www.google.com/bot.html)"
170.75.162.130 - - [04/May/2015:02:22:48 -0700] "GET /lib/reccapi.php?resort=snowbird HTTP/1.1" 200 1051 "-" "node-superagent/0.18.2"
170.75.162.130 - - [04/May/2015:02:25:28 -0700] "GET /lib/reccapi.php?resort=sugarbush HTTP/1.1" 200 1007 "-" "node-superagent/0.18.2"
188.138.57.242 - - [04/May/2015:02:27:02 -0700] "GET /xmlrpc.php HTTP/1.1" 404 489 "-" "libwww-perl/6.13"
188.138.57.242 - - [04/May/2015:02:27:02 -0700] "HEAD /xmlrpc.php HTTP/1.1" 404 182 "-" "LWP::Simple/6.13 libwww-perl/6.13"
170.75.162.130 - - [04/May/2015:02:28:09 -0700] "GET /lib/reccapi.php?resort=alpinemeadows HTTP/1.1" 200 1112 "-" "node-superagent/0.18.2"
170.75.162.130 - - [04/May/2015:02:36:09 -0700] "GET /lib/reccapi.php?resort=whistlerblackcomb HTTP/1.1" 200 929 "-" "node-superagent/0.18.2"
170.75.162.130 - - [04/May/2015:02:40:50 -0700] "GET /lib/reccapi.php?resort=steamboat HTTP/1.1" 200 1048 "-" "node-superagent/0.18.2"
170.75.162.130 - - [04/May/2015:02:46:10 -0700] "GET /lib/reccapi.php?resort=snowbasin HTTP/1.1" 200 1038 "-" "node-superagent/0.18.2"
170.75.162.130 - - [04/May/2015:02:46:40 -0700] "GET /lib/reccapi.php?resort=bigwhite HTTP/1.1" 200 914 "-" "node-superagent/0.18.2"
170.75.162.130 - - [04/May/2015:02:46:40 -0700] "GET /lib/reccapi.php?resort=redmountain HTTP/1.1" 200 901 "-" "node-superagent/0.18.2"
170.75.162.130 - - [04/May/2015:02:46:40 -0700] "GET /lib/reccapi.php?resort=silverstarmountain HTTP/1.1" 200 929 "-" "node-superagent/0.18.2"
170.75.162.130 - - [04/May/2015:02:46:40 -0700] "GET /lib/reccapi.php?resort=sunpeaksresort HTTP/1.1" 200 917 "-" "node-superagent/0.18.2"
170.75.162.130 - - [04/May/2015:02:51:20 -0700] "GET /lib/reccapi.php?resort=sundayriver HTTP/1.1" 200 971 "-" "node-superagent/0.18.2"
66.249.79.160 - - [04/May/2015:02:54:18 -0700] "GET / HTTP/1.1" 200 2376 "-" "Mozilla/5.0 (compatible; Googlebot/2.1; +http://www.google.com/bot.html)"
170.75.162.130 - - [04/May/2015:02:56:51 -0700] "GET /lib/reccapi.php?resort=sugarloaf HTTP/1.1" 200 949 "-" "node-superagent/0.18.2"
123.125.71.28 - - [04/May/2015:03:05:06 -0700] "-" 408 0 "-" "-"
220.181.108.113 - - [04/May/2015:03:10:17 -0700] "-" 408 0 "-" "-"
170.75.162.130 - - [04/May/2015:03:17:33 -0700] "GET /lib/reccapi.php?resort=parkcity HTTP/1.1" 200 1062 "-" "node-superagent/0.18.2"
157.55.39.23 - - [04/May/2015:03:39:09 -0700] "GET / HTTP/1.1" 200 2376 "-" "Mozilla/5.0 (compatible; bingbot/2.0; +http://www.bing.com/bingbot.htm)"
123.125.71.80 - - [04/May/2015:03:48:59 -0700] "-" 408 0 "-" "-"
70.32.40.218 - - [04/May/2015:03:49:39 -0700] "GET /images/wsis-logo-sm.png HTTP/1.1" 200 6108 "http://www.thebackcountry.net/" "Mozilla/5.0 (X11; Linux x86_64; rv:31.0) Gecko/20100101 Firefox/31.0"
220.181.108.147 - - [04/May/2015:03:54:09 -0700] "-" 408 0 "-" "-"
66.249.79.160 - - [04/May/2015:03:56:07 -0700] "GET / HTTP/1.1" 200 2376 "-" "Mozilla/5.0 (compatible; Googlebot/2.1; +http://www.google.com/bot.html)"
68.180.228.182 - - [04/May/2015:03:57:18 -0700] "GET /resorts?resort=mtlemmonskivalley&date=2014-10-23 HTTP/1.1" 404 450 "-" "Mozilla/5.0 (compatible; Yahoo! Slurp; http://help.yahoo.com/help/us/ysearch/slurp)"
66.249.79.16 - - [04/May/2015:04:00:05 -0700] "GET /resorts?resort=diamondpeak HTTP/1.1" 404 506 "-" "Mozilla/5.0 (compatible; Googlebot/2.1; +http://www.google.com/bot.html)"
192.99.107.216 - - [04/May/2015:04:02:50 -0700] "GET /robots.txt HTTP/1.1" 200 363 "-" "Mozilla/5.0 (compatible; meanpathbot/1.0; +http://www.meanpath.com/meanpathbot.html)"
192.99.107.216 - - [04/May/2015:04:02:50 -0700] "GET / HTTP/1.1" 200 2320 "-" "Mozilla/5.0 (compatible; meanpathbot/1.0; +http://www.meanpath.com/meanpathbot.html)"
180.76.4.171 - - [04/May/2015:04:16:57 -0700] "GET / HTTP/1.1" 200 6114 "-" "Mozilla/4.0 (compatible; MSIE 7.0; Windows NT 6.0)"
5.189.144.88 - - [04/May/2015:04:28:34 -0700] "GET / HTTP/1.1" 200 6095 "-" "Mozilla/5.0 (Windows; U; Windows NT 5.1; en-US; rv:1.8.1.13) Gecko/20080311 Firefox/2.0.0.13"
130.185.104.58 - - [04/May/2015:04:29:50 -0700] "GET /robots.txt HTTP/1.1" 200 319 "-" "PagesInventory (robot http://www.pagesinventory.com)"
130.185.104.58 - - [04/May/2015:04:29:51 -0700] "GET / HTTP/1.1" 200 2320 "-" "PagesInventory (robot +http://www.pagesinventory.com)"
54.198.32.175 - - [04/May/2015:04:32:30 -0700] "HEAD / HTTP/1.1" 200 291 "-" "Cloud mapping experiment. Contact research@pdrlabs.net"
66.249.79.47 - - [04/May/2015:04:34:24 -0700] "GET /resorts?resort=bridgerbowl&date=2013-06-14 HTTP/1.1" 404 509 "-" "Mozilla/5.0 (iPhone; CPU iPhone OS 6_0 like Mac OS X) AppleWebKit/536.26 (KHTML, like Gecko) Version/6.0 Mobile/10A5376e Safari/8536.25 (compatible; Googlebot/2.1; +http://www.google.com/bot.html)"
66.249.79.16 - - [04/May/2015:04:53:56 -0700] "GET / HTTP/1.1" 200 2376 "-" "Mozilla/5.0 (compatible; Googlebot/2.1; +http://www.google.com/bot.html)"
123.125.71.115 - - [04/May/2015:04:54:15 -0700] "-" 408 0 "-" "-"
220.181.108.76 - - [04/May/2015:04:58:43 -0700] "-" 408 0 "-" "-"
170.75.162.130 - - [04/May/2015:05:06:05 -0700] "GET /lib/reccapi.php?resort=49degreesnorth HTTP/1.1" 200 994 "-" "node-superagent/0.18.2"
170.75.162.130 - - [04/May/2015:05:06:05 -0700] "GET /lib/reccapi.php?resort=arapahoebasin HTTP/1.1" 200 1113 "-" "node-superagent/0.18.2"
170.75.162.130 - - [04/May/2015:05:06:05 -0700] "GET /lib/reccapi.php?resort=alyeska HTTP/1.1" 200 945 "-" "node-superagent/0.18.2"
170.75.162.130 - - [04/May/2015:05:06:05 -0700] "GET /lib/reccapi.php?resort=angelfire HTTP/1.1" 200 1045 "-" "node-superagent/0.18.2"
170.75.162.130 - - [04/May/2015:05:06:05 -0700] "GET /lib/reccapi.php?resort=aspenheights HTTP/1.1" 200 1059 "-" "node-superagent/0.18.2"
170.75.162.130 - - [04/May/2015:05:06:05 -0700] "GET /lib/reccapi.php?resort=aspenmountain HTTP/1.1" 200 1048 "-" "node-superagent/0.18.2"
170.75.162.130 - - [04/May/2015:05:06:06 -0700] "GET /lib/reccapi.php?resort=bigsky HTTP/1.1" 200 1012 "-" "node-superagent/0.18.2"
170.75.162.130 - - [04/May/2015:05:06:06 -0700] "GET /lib/reccapi.php?resort=brianhead HTTP/1.1" 200 1061 "-" "node-superagent/0.18.2"
170.75.162.130 - - [04/May/2015:05:06:06 -0700] "GET /lib/reccapi.php?resort=buttermilk HTTP/1.1" 200 1036 "-" "node-superagent/0.18.2"
170.75.162.130 - - [04/May/2015:05:06:06 -0700] "GET /lib/reccapi.php?resort=cannonmountain HTTP/1.1" 200 997 "-" "node-superagent/0.18.2"
170.75.162.130 - - [04/May/2015:05:06:06 -0700] "GET /lib/reccapi.php?resort=chinapeak HTTP/1.1" 200 1036 "-" "node-superagent/0.18.2"
170.75.162.130 - - [04/May/2015:05:06:06 -0700] "GET /lib/reccapi.php?resort=coppermountain HTTP/1.1" 200 1087 "-" "node-superagent/0.18.2"
170.75.162.130 - - [04/May/2015:05:07:05 -0700] "GET /lib/reccapi.php?resort=jaypeak HTTP/1.1" 200 1017 "-" "node-superagent/0.18.2"
170.75.162.130 - - [04/May/2015:05:07:05 -0700] "GET /lib/reccapi.php?resort=mounthoodmeadows HTTP/1.1" 200 977 "-" "node-superagent/0.18.2"
170.75.162.130 - - [04/May/2015:05:07:05 -0700] "GET /lib/reccapi.php?resort=schweitzer HTTP/1.1" 200 966 "-" "node-superagent/0.18.2"
170.75.162.130 - - [04/May/2015:05:07:05 -0700] "GET /lib/reccapi.php?resort=mountbachelor HTTP/1.1" 200 963 "-" "node-superagent/0.18.2"
170.75.162.130 - - [04/May/2015:05:07:05 -0700] "GET /lib/reccapi.php?resort=stowe HTTP/1.1" 200 940 "-" "node-superagent/0.18.2"
170.75.162.130 - - [04/May/2015:05:07:05 -0700] "GET /lib/reccapi.php?resort=stevenspass HTTP/1.1" 200 993 "-" "node-superagent/0.18.2"
170.75.162.130 - - [04/May/2015:05:07:05 -0700] "GET /lib/reccapi.php?resort=solitude HTTP/1.1" 200 1029 "-" "node-superagent/0.18.2"
170.75.162.130 - - [04/May/2015:05:07:05 -0700] "GET /lib/reccapi.php?resort=crystalmountain HTTP/1.1" 200 986 "-" "node-superagent/0.18.2"
170.75.162.130 - - [04/May/2015:05:07:05 -0700] "GET /lib/reccapi.php?resort=sunvalley HTTP/1.1" 200 988 "-" "node-superagent/0.18.2"
170.75.162.130 - - [04/May/2015:05:07:05 -0700] "GET /lib/reccapi.php?resort=telluride HTTP/1.1" 200 1036 "-" "node-superagent/0.18.2"
170.75.162.130 - - [04/May/2015:05:07:05 -0700] "GET /lib/reccapi.php?resort=devilshead HTTP/1.1" 200 947 "-" "node-superagent/0.18.2"
170.75.162.130 - - [04/May/2015:05:07:05 -0700] "GET /lib/reccapi.php?resort=homewoodmountain HTTP/1.1" 200 1074 "-" "node-superagent/0.18.2"
170.75.162.130 - - [04/May/2015:05:07:10 -0700] "GET /lib/reccapi.php?resort=redlodge HTTP/1.1" 200 1074 "-" "node-superagent/0.18.2"
170.75.162.130 - - [04/May/2015:05:07:15 -0700] "GET /lib/reccapi.php?resort=killington HTTP/1.1" 200 956 "-" "node-superagent/0.18.2"
170.75.162.130 - - [04/May/2015:05:07:20 -0700] "GET /lib/reccapi.php?resort=loveland HTTP/1.1" 200 1096 "-" "node-superagent/0.18.2"
170.75.162.130 - - [04/May/2015:05:07:25 -0700] "GET /lib/reccapi.php?resort=madriverglen HTTP/1.1" 200 968 "-" "node-superagent/0.18.2"
170.75.162.130 - - [04/May/2015:05:07:30 -0700] "GET /lib/reccapi.php?resort=monarch HTTP/1.1" 200 1079 "-" "node-superagent/0.18.2"
170.75.162.130 - - [04/May/2015:05:07:35 -0700] "GET /lib/reccapi.php?resort=smugglersnotch HTTP/1.1" 200 967 "-" "node-superagent/0.18.2"
178.37.77.145 - - [04/May/2015:05:07:40 -0700] "GET /images/wsis-logo-sm.png HTTP/1.1" 200 6108 "http://www.thebackcountry.net/" "Mozilla/5.0 (Windows NT 5.1) AppleWebKit/537.36 (KHTML, like Gecko) Chrome/42.0.2311.135 Safari/537.36"
170.75.162.130 - - [04/May/2015:05:07:40 -0700] "GET /lib/reccapi.php?resort=whitefacemountain HTTP/1.1" 200 967 "-" "node-superagent/0.18.2"
170.75.162.130 - - [04/May/2015:05:07:45 -0700] "GET /lib/reccapi.php?resort=winterpark HTTP/1.1" 200 1067 "-" "node-superagent/0.18.2"
170.75.162.130 - - [04/May/2015:05:07:50 -0700] "GET /lib/reccapi.php?resort=brighton HTTP/1.1" 200 1053 "-" "node-superagent/0.18.2"
170.75.162.130 - - [04/May/2015:05:07:55 -0700] "GET /lib/reccapi.php?resort=canyons HTTP/1.1" 200 1038 "-" "node-superagent/0.18.2"
170.75.162.130 - - [04/May/2015:05:08:00 -0700] "GET /lib/reccapi.php?resort=mountainhigh HTTP/1.1" 200 1068 "-" "node-superagent/0.18.2"
170.75.162.130 - - [04/May/2015:05:08:05 -0700] "GET /lib/reccapi.php?resort=grandtarghee HTTP/1.1" 200 1089 "-" "node-superagent/0.18.2"
170.75.162.130 - - [04/May/2015:05:08:10 -0700] "GET /lib/reccapi.php?resort=jacksonhole HTTP/1.1" 200 1093 "-" "node-superagent/0.18.2"
170.75.162.130 - - [04/May/2015:05:08:15 -0700] "GET /lib/reccapi.php?resort=mammothmountain HTTP/1.1" 200 1089 "-" "node-superagent/0.18.2"
170.75.162.130 - - [04/May/2015:05:08:20 -0700] "GET /lib/reccapi.php?resort=alta HTTP/1.1" 200 1047 "-" "node-superagent/0.18.2"
170.75.162.130 - - [04/May/2015:05:08:25 -0700] "GET /lib/reccapi.php?resort=northstar-at-tahoe HTTP/1.1" 200 1061 "-" "node-superagent/0.18.2"
170.75.162.130 - - [04/May/2015:05:08:30 -0700] "GET /lib/reccapi.php?resort=diamondpeak HTTP/1.1" 200 1032 "-" "node-superagent/0.18.2"
170.75.162.130 - - [04/May/2015:05:08:35 -0700] "GET /lib/reccapi.php?resort=hoodoo HTTP/1.1" 200 969 "-" "node-superagent/0.18.2"
170.75.162.130 - - [04/May/2015:05:08:40 -0700] "GET /lib/reccapi.php?resort=keystone HTTP/1.1" 200 1074 "-" "node-superagent/0.18.2"
37.210.241.144 - - [04/May/2015:05:29:19 -0700] "GET /images/wsis-logo-sm.png HTTP/1.1" 200 6108 "http://thebackcountry.net/" "Mozilla/5.0 (Windows NT 6.1; WOW64) AppleWebKit/537.36 (KHTML, like Gecko) Chrome/32.0.1700.107 Safari/537.36"
94.173.45.55 - - [04/May/2015:05:39:32 -0700] "GET /images/wsis-logo-sm.png HTTP/1.1" 200 6108 "http://www.thebackcountry.net/" "Mozilla/5.0 (Windows NT 6.1; WOW64) AppleWebKit/537.36 (KHTML, like Gecko) Chrome/42.0.2311.135 Safari/537.36"
100.43.91.4 - - [04/May/2015:05:43:53 -0700] "GET /robots.txt HTTP/1.1" 200 375 "-" "Mozilla/5.0 (compatible; YandexBot/3.0; +http://yandex.com/bots)"
66.249.65.184 - - [04/May/2015:05:50:32 -0700] "GET /robots.txt HTTP/1.1" 200 419 "-" "Mozilla/5.0 (compatible; Googlebot/2.1; +http://www.google.com/bot.html)"
66.249.65.188 - - [04/May/2015:05:50:32 -0700] "GET / HTTP/1.1" 200 2376 "-" "Mozilla/5.0 (compatible; Googlebot/2.1; +http://www.google.com/bot.html)"
180.76.4.61 - - [04/May/2015:05:53:13 -0700] "GET / HTTP/1.1" 200 6114 "-" "Mozilla/4.0 (compatible; MSIE 7.0; Windows NT 6.0)"
123.125.71.31 - - [04/May/2015:05:56:04 -0700] "-" 408 0 "-" "-"
24.205.106.209 - - [04/May/2015:05:57:19 -0700] "GET /images/wsis-logo-sm.png HTTP/1.1" 200 6108 "http://www.thebackcountry.net/" "Mozilla/5.0 (Windows NT 6.3; Win64; x64; Trident/7.0; Touch; rv:11.0) like Gecko"
220.181.108.152 - - [04/May/2015:06:01:00 -0700] "GET / HTTP/1.1" 200 2339 "-" "Mozilla/5.0 (Windows NT 5.1; rv:6.0.2) Gecko/20100101 Firefox/6.0.2"
220.181.108.166 - - [04/May/2015:06:02:05 -0700] "-" 408 0 "-" "-"
130.185.104.118 - - [04/May/2015:06:21:25 -0700] "GET /robots.txt HTTP/1.1" 200 319 "-" "PagesInventory (robot http://www.pagesinventory.com)"
130.185.104.118 - - [04/May/2015:06:21:25 -0700] "GET /styles/0fffd548.main.css HTTP/1.1" 200 19261 "-" "PagesInventory (robot http://www.pagesinventory.com)"
66.249.65.188 - - [04/May/2015:06:47:28 -0700] "GET / HTTP/1.1" 200 2376 "-" "Mozilla/5.0 (compatible; Googlebot/2.1; +http://www.google.com/bot.html)"
123.125.71.99 - - [04/May/2015:06:48:14 -0700] "-" 408 0 "-" "-"
66.249.65.188 - - [04/May/2015:06:50:18 -0700] "GET /resorts?resort=monarch HTTP/1.1" 404 506 "-" "Mozilla/5.0 (compatible; Googlebot/2.1; +http://www.google.com/bot.html)"
220.181.108.160 - - [04/May/2015:06:52:49 -0700] "-" 408 0 "-" "-"
66.249.65.192 - - [04/May/2015:06:53:53 -0700] "GET / HTTP/1.1" 200 2376 "-" "Mozilla/5.0 (iPhone; CPU iPhone OS 6_0 like Mac OS X) AppleWebKit/536.26 (KHTML, like Gecko) Version/6.0 Mobile/10A5376e Safari/8536.25 (compatible; Googlebot/2.1; +http://www.google.com/bot.html)"
75.111.104.176 - - [04/May/2015:07:09:01 -0700] "GET /images/wsis-logo-sm.png HTTP/1.1" 200 6108 "http://www.thebackcountry.net/" "Mozilla/5.0 (iPhone; CPU iPhone OS 8_3 like Mac OS X) AppleWebKit/600.1.4 (KHTML, like Gecko) Version/8.0 Mobile/12F70 Safari/600.1.4"
50.242.139.45 - - [04/May/2015:07:21:11 -0700] "GET /images/wsis-logo-sm.png HTTP/1.1" 200 6108 "http://thebackcountry.net/" "Mozilla/5.0 (Windows NT 6.1; WOW64) AppleWebKit/537.36 (KHTML, like Gecko) Chrome/42.0.2311.135 Safari/537.36"
24.180.42.102 - - [04/May/2015:07:34:01 -0700] "GET /images/wsis-logo-sm.png HTTP/1.1" 200 6108 "http://www.thebackcountry.net/" "Mozilla/5.0 (Windows NT 6.3; WOW64; Trident/7.0; rv:11.0) like Gecko"
24.180.42.102 - - [04/May/2015:07:34:22 -0700] "-" 408 0 "-" "-"
24.180.42.102 - - [04/May/2015:07:41:48 -0700] "GET /images/wsis-logo-sm.png HTTP/1.1" 200 6108 "http://www.thebackcountry.net/" "Mozilla/5.0 (Windows NT 6.3; WOW64; Trident/7.0; rv:11.0) like Gecko"
24.180.42.102 - - [04/May/2015:07:42:09 -0700] "-" 408 0 "-" "-"
66.249.65.188 - - [04/May/2015:07:47:05 -0700] "GET / HTTP/1.1" 200 2376 "-" "Mozilla/5.0 (compatible; Googlebot/2.1; +http://www.google.com/bot.html)"
24.180.42.102 - - [04/May/2015:07:48:27 -0700] "GET /images/wsis-logo-sm.png HTTP/1.1" 200 6108 "http://www.thebackcountry.net/" "Mozilla/5.0 (Windows NT 6.3; WOW64; Trident/7.0; rv:11.0) like Gecko"
24.180.42.102 - - [04/May/2015:07:48:48 -0700] "-" 408 0 "-" "-"
104.154.75.19 - - [04/May/2015:07:51:03 -0700] "GET / HTTP/1.0" 200 6151 "-" "NerdyBot"
180.76.4.115 - - [04/May/2015:08:05:04 -0700] "GET / HTTP/1.1" 200 6114 "-" "Mozilla/4.0 (compatible; MSIE 7.0; Windows NT 6.0)"
170.75.162.130 - - [04/May/2015:08:05:51 -0700] "GET /lib/reccapi.php?resort=mtrose HTTP/1.1" 200 1038 "-" "node-superagent/0.18.2"
123.125.71.26 - - [04/May/2015:08:14:50 -0700] "-" 408 0 "-" "-"
170.75.162.130 - - [04/May/2015:08:15:01 -0700] "GET /lib/reccapi.php?resort=whistlerblackcomb HTTP/1.1" 200 927 "-" "node-superagent/0.18.2"
220.181.108.102 - - [04/May/2015:08:19:20 -0700] "-" 408 0 "-" "-"
100.43.91.4 - - [04/May/2015:08:38:56 -0700] "GET /resorts?resort=mountbachelor HTTP/1.1" 404 506 "-" "Mozilla/5.0 (compatible; YandexBot/3.0; +http://yandex.com/bots)"
66.249.65.188 - - [04/May/2015:08:45:18 -0700] "GET /resorts?resort=whitefacemountain HTTP/1.1" 404 506 "-" "Mozilla/5.0 (compatible; Googlebot/2.1; +http://www.google.com/bot.html)"
66.249.65.184 - - [04/May/2015:08:45:24 -0700] "GET / HTTP/1.1" 200 2376 "-" "Mozilla/5.0 (compatible; Googlebot/2.1; +http://www.google.com/bot.html)"
170.75.162.130 - - [04/May/2015:08:48:34 -0700] "GET /lib/reccapi.php?resort=snowmass HTTP/1.1" 200 1035 "-" "node-superagent/0.18.2"
123.125.71.42 - - [04/May/2015:08:48:47 -0700] "-" 408 0 "-" "-"
220.181.108.152 - - [04/May/2015:08:53:23 -0700] "-" 408 0 "-" "-"
104.129.192.65 - - [04/May/2015:08:55:00 -0700] "GET /images/wsis-logo-sm.png HTTP/1.1" 200 6108 "http://thebackcountry.net/" "Mozilla/5.0 (Windows NT 6.1; WOW64; rv:37.0) Gecko/20100101 Firefox/37.0"
81.149.50.43 - - [04/May/2015:09:00:42 -0700] "GET /images/wsis-logo-sm.png HTTP/1.1" 200 6108 "http://www.thebackcountry.net/" "Mozilla/5.0 (Macintosh; Intel Mac OS X 10_10_3) AppleWebKit/600.5.17 (KHTML, like Gecko) Version/8.0.5 Safari/600.5.17"
70.197.5.90 - - [04/May/2015:09:01:32 -0700] "GET /images/wsis-logo-sm.png HTTP/1.1" 200 6108 "http://www.thebackcountry.net/" "Mozilla/5.0 (iPhone; CPU iPhone OS 8_3 like Mac OS X) AppleWebKit/600.1.4 (KHTML, like Gecko) Version/8.0 Mobile/12F70 Safari/600.1.4"
24.180.42.102 - - [04/May/2015:09:07:17 -0700] "GET /images/wsis-logo-sm.png HTTP/1.1" 200 6108 "http://www.thebackcountry.net/" "Mozilla/5.0 (Windows NT 6.3; WOW64; Trident/7.0; rv:11.0) like Gecko"
24.180.42.102 - - [04/May/2015:09:07:38 -0700] "-" 408 0 "-" "-"
24.180.42.102 - - [04/May/2015:09:09:00 -0700] "-" 408 0 "-" "-"
66.249.65.131 - - [04/May/2015:09:13:23 -0700] "GET /robots.txt HTTP/1.1" 200 419 "-" "Mozilla/5.0 (compatible; Googlebot/2.1; +http://www.google.com/bot.html)"
66.249.65.199 - - [04/May/2015:09:13:24 -0700] "GET / HTTP/1.1" 200 2376 "-" "Mozilla/5.0 (iPhone; CPU iPhone OS 6_0 like Mac OS X) AppleWebKit/536.26 (KHTML, like Gecko) Version/6.0 Mobile/10A5376e Safari/8536.25 (compatible; Googlebot/2.1; +http://www.google.com/bot.html)"
204.77.163.244 - - [04/May/2015:09:27:45 -0700] "GET /images/wsis-logo-sm.png HTTP/1.1" 200 6108 "http://www.thebackcountry.net/" "Mozilla/5.0 (Windows NT 6.1; WOW64) AppleWebKit/537.36 (KHTML, like Gecko) Chrome/42.0.2311.90 Safari/537.36"
70.211.78.57 - - [04/May/2015:09:31:57 -0700] "GET /images/wsis-logo-sm.png HTTP/1.1" 200 6108 "http://www.thebackcountry.net/" "Mozilla/5.0 (iPhone; CPU iPhone OS 8_3 like Mac OS X) AppleWebKit/600.1.4 (KHTML, like Gecko) Version/8.0 Mobile/12F70 Safari/600.1.4"
99.148.189.102 - - [04/May/2015:09:32:05 -0700] "-" 408 0 "-" "-"
222.186.21.115 - - [04/May/2015:09:44:57 -0700] "GET /jmx-console/ HTTP/1.1" 404 470 "-" "Mozilla/4.0 (compatible; MSIE 6.0; Windows NT 5.0)"
91.224.154.252 - - [04/May/2015:09:45:03 -0700] "GET http://WHERESHOULDISKI.COM/administrator/index.php HTTP/1.1" 404 495 "-" "Mozilla/5.0 (Windows; U; Windows NT 5.1; ru; rv:1.9.0.2) Gecko/2008091620 Firefox/3.0.2"
123.125.71.110 - - [04/May/2015:09:50:59 -0700] "-" 408 0 "-" "-"
220.181.108.96 - - [04/May/2015:09:55:16 -0700] "-" 408 0 "-" "-"
157.55.39.23 - - [04/May/2015:09:56:59 -0700] "GET /robots.txt HTTP/1.1" 200 375 "-" "Mozilla/5.0 (compatible; bingbot/2.0; +http://www.bing.com/bingbot.htm)"
69.24.198.14 - - [04/May/2015:09:58:00 -0700] "GET /images/wsis-logo-sm.png HTTP/1.1" 200 6108 "http://www.thebackcountry.net/" "Mozilla/5.0 (Windows NT 6.1) AppleWebKit/537.36 (KHTML, like Gecko) Chrome/42.0.2311.135 Safari/537.36"
208.53.117.14 - - [04/May/2015:10:00:43 -0700] "GET /images/wsis-logo-sm.png HTTP/1.1" 200 6108 "http://www.thebackcountry.net/" "Mozilla/5.0 (iPad; CPU OS 8_3 like Mac OS X) AppleWebKit/600.1.4 (KHTML, like Gecko) Version/8.0 Mobile/12F69 Safari/600.1.4"
157.55.39.23 - - [04/May/2015:10:01:04 -0700] "GET / HTTP/1.1" 200 2376 "-" "Mozilla/5.0 (compatible; bingbot/2.0; +http://www.bing.com/bingbot.htm)"
100.43.91.4 - - [04/May/2015:10:01:56 -0700] "GET /resorts?resort=mountainhigh HTTP/1.1" 404 506 "-" "Mozilla/5.0 (compatible; YandexBot/3.0; +http://yandex.com/bots)"
180.76.4.177 - - [04/May/2015:10:03:21 -0700] "GET / HTTP/1.1" 200 6114 "-" "Mozilla/4.0 (compatible; MSIE 7.0; Windows NT 6.0)"
170.75.162.130 - - [04/May/2015:10:37:23 -0700] "GET /lib/reccapi.php?resort=alta HTTP/1.1" 200 1045 "-" "node-superagent/0.18.2"
170.75.162.130 - - [04/May/2015:10:37:23 -0700] "GET /lib/reccapi.php?resort=alyeska HTTP/1.1" 200 953 "-" "node-superagent/0.18.2"
170.75.162.130 - - [04/May/2015:10:37:23 -0700] "GET /lib/reccapi.php?resort=jacksonhole HTTP/1.1" 200 1066 "-" "node-superagent/0.18.2"
170.75.162.130 - - [04/May/2015:10:37:23 -0700] "GET /lib/reccapi.php?resort=mammothmountain HTTP/1.1" 200 1088 "-" "node-superagent/0.18.2"
170.75.162.130 - - [04/May/2015:10:37:23 -0700] "GET /lib/reccapi.php?resort=grandtarghee HTTP/1.1" 200 1086 "-" "node-superagent/0.18.2"
170.75.162.130 - - [04/May/2015:10:37:23 -0700] "GET /lib/reccapi.php?resort=snowbird HTTP/1.1" 200 1048 "-" "node-superagent/0.18.2"
170.75.162.130 - - [04/May/2015:10:37:23 -0700] "GET /lib/reccapi.php?resort=solitude HTTP/1.1" 200 1043 "-" "node-superagent/0.18.2"
170.75.162.130 - - [04/May/2015:10:37:23 -0700] "GET /lib/reccapi.php?resort=squawvalleyusa HTTP/1.1" 200 1073 "-" "node-superagent/0.18.2"
170.75.162.130 - - [04/May/2015:10:37:23 -0700] "GET /lib/reccapi.php?resort=telluride HTTP/1.1" 200 1064 "-" "node-superagent/0.18.2"
208.180.36.38 - - [04/May/2015:10:40:02 -0700] "GET /images/wsis-logo-sm.png HTTP/1.1" 200 6108 "http://www.thebackcountry.net/" "Mozilla/5.0 (Windows NT 6.1) AppleWebKit/537.36 (KHTML, like Gecko) Chrome/42.0.2311.135 Safari/537.36"
70.197.8.146 - - [04/May/2015:10:47:24 -0700] "GET /images/wsis-logo-sm.png HTTP/1.1" 200 6108 "http://www.thebackcountry.net/" "Mozilla/5.0 (Windows NT 6.1; rv:37.0) Gecko/20100101 Firefox/37.0"
170.75.162.130 - - [04/May/2015:10:50:14 -0700] "GET /lib/reccapi.php?resort=bigsky HTTP/1.1" 200 1012 "-" "node-superagent/0.18.2"
71.189.126.26 - - [04/May/2015:10:52:47 -0700] "GET /images/wsis-logo-sm.png HTTP/1.1" 200 6108 "http://www.thebackcountry.net/" "Mozilla/5.0 (iPhone; CPU iPhone OS 7_1 like Mac OS X) AppleWebKit/537.51.2 (KHTML, like Gecko) Version/7.0 Mobile/11D167 Safari/9537.53"
123.125.71.84 - - [04/May/2015:11:10:03 -0700] "-" 408 0 "-" "-"
220.181.108.160 - - [04/May/2015:11:13:46 -0700] "-" 408 0 "-" "-"
170.75.162.130 - - [04/May/2015:11:23:17 -0700] "GET /lib/reccapi.php?resort=heavenly HTTP/1.1" 200 1068 "-" "node-superagent/0.18.2"
170.75.162.130 - - [04/May/2015:11:23:17 -0700] "GET /lib/reccapi.php?resort=alpinemeadows HTTP/1.1" 200 1073 "-" "node-superagent/0.18.2"
170.75.162.130 - - [04/May/2015:11:23:17 -0700] "GET /lib/reccapi.php?resort=chinapeak HTTP/1.1" 200 1024 "-" "node-superagent/0.18.2"
170.75.162.130 - - [04/May/2015:11:23:17 -0700] "GET /lib/reccapi.php?resort=homewoodmountain HTTP/1.1" 200 1075 "-" "node-superagent/0.18.2"
