170.75.162.130 - - [27/Jan/2016:13:25:33 -0800] "GET /lib/reccapi.php?resort=solitude HTTP/1.1" 200 984 "-" "node-superagent/1.4.0"
170.75.162.130 - - [27/Jan/2016:13:25:33 -0800] "GET /lib/reccapi.php?resort=telluride HTTP/1.1" 200 989 "-" "node-superagent/1.4.0"
170.75.162.130 - - [27/Jan/2016:13:25:33 -0800] "GET /lib/reccapi.php?resort=winterpark HTTP/1.1" 200 983 "-" "node-superagent/1.4.0"
180.76.15.27 - - [27/Jan/2016:13:33:25 -0800] "GET / HTTP/1.1" 200 6995 "-" "Mozilla/5.0 (compatible; Baiduspider/2.0; +http://www.baidu.com/search/spider.html)"
180.76.15.139 - - [27/Jan/2016:13:34:19 -0800] "GET / HTTP/1.1" 200 6995 "-" "Mozilla/5.0 (compatible; Baiduspider/2.0; +http://www.baidu.com/search/spider.html)"
170.75.162.130 - - [27/Jan/2016:13:40:35 -0800] "GET /lib/reccapi.php?resort=killington HTTP/1.1" 200 1041 "-" "node-superagent/1.4.0"
220.181.108.187 - - [27/Jan/2016:13:44:57 -0800] "GET / HTTP/1.1" 200 2578 "-" "Mozilla/5.0 (Windows NT 5.1; rv:6.0.2) Gecko/20100101 Firefox/6.0.2"
220.181.108.155 - - [27/Jan/2016:13:44:59 -0800] "GET / HTTP/1.1" 200 6995 "-" "Mozilla/5.0 (Windows NT 5.1; rv:6.0.2) Gecko/20100101 Firefox/6.0.2"
206.81.222.24 - - [27/Jan/2016:13:46:36 -0800] "GET /images/wsis-logo-sm.png HTTP/1.1" 200 6108 "http://www.thebackcountry.net/" "Mozilla/5.0 (Macintosh; Intel Mac OS X 10.9; rv:31.0) Gecko/20100101 Firefox/31.0"
168.150.17.122 - - [27/Jan/2016:13:53:22 -0800] "GET /images/wsis-logo-sm.png HTTP/1.1" 200 6108 "http://www.thebackcountry.net/" "Mozilla/5.0 (Macintosh; Intel Mac OS X 10_8_5) AppleWebKit/537.36 (KHTML, like Gecko) Chrome/38.0.2125.111 Safari/537.36"
170.75.162.130 - - [27/Jan/2016:13:53:46 -0800] "GET /lib/reccapi.php?resort=homewoodmountain HTTP/1.1" 200 1016 "-" "node-superagent/1.4.0"
170.75.162.130 - - [27/Jan/2016:14:03:17 -0800] "GET /lib/reccapi.php?resort=mountainhigh HTTP/1.1" 200 1019 "-" "node-superagent/1.4.0"
170.75.162.130 - - [27/Jan/2016:14:03:27 -0800] "GET /lib/reccapi.php?resort=madriverglen HTTP/1.1" 200 1062 "-" "node-superagent/1.4.0"
66.214.100.142 - - [27/Jan/2016:14:03:37 -0800] "GET /images/wsis-logo-sm.png HTTP/1.1" 200 6108 "http://www.thebackcountry.net/" "Mozilla/5.0 (Macintosh; Intel Mac OS X 10_10_5) AppleWebKit/601.3.9 (KHTML, like Gecko) Version/9.0.2 Safari/601.3.9"
200.172.159.130 - - [27/Jan/2016:14:04:47 -0800] "GET / HTTP/1.1" 200 7032 "-" "Java/1.8.0_45"
200.172.159.130 - - [27/Jan/2016:14:04:47 -0800] "GET /about HTTP/1.1" 404 531 "-" "Java/1.8.0_45"
200.172.159.130 - - [27/Jan/2016:14:04:48 -0800] "GET /images/logo-square-white-sm.png HTTP/1.1" 200 1684 "-" "Java/1.8.0_45"
200.172.159.130 - - [27/Jan/2016:14:04:49 -0800] "GET //platform.twitter.com/widgets.js HTTP/1.1" 404 553 "-" "Java/1.8.0_45"
200.172.159.130 - - [27/Jan/2016:14:04:50 -0800] "GET /bower_components/requirejs/require.js HTTP/1.1" 200 17184 "-" "Java/1.8.0_45"
200.172.159.130 - - [27/Jan/2016:14:04:50 -0800] "GET /scripts/scripts/vendor/modernizr.js HTTP/1.1" 200 11434 "-" "Java/1.8.0_45"
200.172.159.130 - - [27/Jan/2016:14:04:53 -0800] "GET /scripts/scripts/vendor/)||!a.HTMLDataListElement)),E}( HTTP/1.1" 404 576 "-" "Java/1.8.0_45"
200.172.159.130 - - [27/Jan/2016:14:04:54 -0800] "GET /https://fonts.googleapis.com/css?family=Alegreya+Sans+SC|Permanent+Marker HTTP/1.1" 404 532 "-" "Java/1.8.0_45"
200.172.159.130 - - [27/Jan/2016:14:04:56 -0800] "GET /https://twitter.com/WhereShouldISki HTTP/1.1" 404 532 "-" "Java/1.8.0_45"
200.172.159.130 - - [27/Jan/2016:14:04:57 -0800] "GET /https://www.facebook.com/WhereShouldiSki HTTP/1.1" 404 532 "-" "Java/1.8.0_45"
200.172.159.130 - - [27/Jan/2016:14:04:58 -0800] "GET /bower_components/requirejs/\\nhttp://requirejs.org/docs/errors.html HTTP/1.1" 404 532 "-" "Java/1.8.0_45"
40.77.167.57 - - [27/Jan/2016:14:09:14 -0800] "GET /resorts?resort=sunpeaksresort HTTP/1.1" 404 506 "-" "Mozilla/5.0 (compatible; bingbot/2.0; +http://www.bing.com/bingbot.htm)"
40.77.167.57 - - [27/Jan/2016:14:09:14 -0800] "GET /resorts?resort=mountbachelor HTTP/1.1" 404 505 "-" "Mozilla/5.0 (compatible; bingbot/2.0; +http://www.bing.com/bingbot.htm)"
40.77.167.57 - - [27/Jan/2016:14:09:14 -0800] "GET / HTTP/1.1" 200 2614 "-" "Mozilla/5.0 (compatible; bingbot/2.0; +http://www.bing.com/bingbot.htm)"
98.208.102.34 - - [27/Jan/2016:14:15:07 -0800] "GET /images/wsis-logo-sm.png HTTP/1.1" 200 6108 "http://www.thebackcountry.net/" "Mozilla/5.0 (iPad; CPU OS 9_2 like Mac OS X) AppleWebKit/600.1.4 (KHTML, like Gecko) GSA/11.1.66360 Mobile/13C75 Safari/600.1.4"
72.231.223.249 - - [27/Jan/2016:14:15:29 -0800] "GET /images/wsis-logo-sm.png HTTP/1.1" 200 6108 "http://www.thebackcountry.net/" "Mozilla/5.0 (iPad; CPU OS 8_4 like Mac OS X) AppleWebKit/600.1.4 (KHTML, like Gecko) Version/8.0 Mobile/12H143 Safari/600.1.4"
198.8.80.166 - - [27/Jan/2016:14:24:05 -0800] "GET /images/wsis-logo-sm.png HTTP/1.1" 200 6108 "http://www.thebackcountry.net/" "Mozilla/5.0 (Windows NT 10.0; WOW64) AppleWebKit/537.36 (KHTML, like Gecko) Chrome/47.0.2526.111 Safari/537.36"
180.76.15.139 - - [27/Jan/2016:14:34:23 -0800] "GET / HTTP/1.1" 200 6995 "-" "Mozilla/5.0 (compatible; Baiduspider/2.0; +http://www.baidu.com/search/spider.html)"
71.140.31.214 - - [27/Jan/2016:14:34:26 -0800] "GET /images/wsis-logo-sm.png HTTP/1.1" 200 6108 "http://thebackcountry.net/" "Mozilla/4.0 (compatible; MSIE 8.0; Windows NT 5.1; Trident/4.0; .NET CLR 2.0.50727; .NET CLR 3.0.4506.2152; .NET CLR 3.5.30729; 786908940603; Build/14.08001)"
180.76.15.142 - - [27/Jan/2016:14:35:21 -0800] "GET / HTTP/1.1" 200 6995 "-" "Mozilla/5.0 (compatible; Baiduspider/2.0; +http://www.baidu.com/search/spider.html)"
123.125.71.79 - - [27/Jan/2016:14:35:41 -0800] "GET / HTTP/1.1" 200 2578 "-" "Mozilla/5.0 (Windows NT 5.1; rv:6.0.2) Gecko/20100101 Firefox/6.0.2"
123.125.71.78 - - [27/Jan/2016:14:35:44 -0800] "GET / HTTP/1.1" 200 6995 "-" "Mozilla/5.0 (Windows NT 5.1; rv:6.0.2) Gecko/20100101 Firefox/6.0.2"
220.181.108.160 - - [27/Jan/2016:14:44:51 -0800] "GET / HTTP/1.1" 200 2578 "-" "Mozilla/5.0 (Windows NT 5.1; rv:6.0.2) Gecko/20100101 Firefox/6.0.2"
220.181.108.139 - - [27/Jan/2016:14:45:00 -0800] "GET / HTTP/1.1" 200 6995 "-" "Mozilla/5.0 (Windows NT 5.1; rv:6.0.2) Gecko/20100101 Firefox/6.0.2"
108.216.154.191 - - [27/Jan/2016:14:49:01 -0800] "GET /images/wsis-logo-sm.png HTTP/1.1" 200 6108 "http://www.thebackcountry.net/" "Mozilla/5.0 (Macintosh; Intel Mac OS X 10_10_5) AppleWebKit/537.36 (KHTML, like Gecko) Chrome/47.0.2526.111 Safari/537.36"
108.216.154.191 - - [27/Jan/2016:14:51:44 -0800] "-" 408 0 "-" "-"
108.216.154.191 - - [27/Jan/2016:14:51:44 -0800] "-" 408 0 "-" "-"
108.216.154.191 - - [27/Jan/2016:14:51:44 -0800] "-" 408 0 "-" "-"
52.33.40.213 - - [27/Jan/2016:14:52:25 -0800] "GET /lib/reccapi.php?resort=mountbachelor HTTP/1.1" 200 1058 "-" "node-superagent/1.4.0"
52.33.40.213 - - [27/Jan/2016:14:52:25 -0800] "GET /lib/reccapi.php?resort=mountspokane HTTP/1.1" 200 1035 "-" "node-superagent/1.4.0"
52.33.40.213 - - [27/Jan/2016:14:52:25 -0800] "GET /lib/reccapi.php?resort=mounthoodmeadows HTTP/1.1" 200 1014 "-" "node-superagent/1.4.0"
52.33.40.213 - - [27/Jan/2016:14:53:25 -0800] "GET /lib/reccapi.php?resort=schweitzer HTTP/1.1" 200 1014 "-" "node-superagent/1.4.0"
52.33.40.213 - - [27/Jan/2016:14:53:35 -0800] "GET /lib/reccapi.php?resort=stevenspass HTTP/1.1" 200 1013 "-" "node-superagent/1.4.0"
52.33.40.213 - - [27/Jan/2016:14:54:45 -0800] "GET /lib/reccapi.php?resort=sunvalley HTTP/1.1" 200 992 "-" "node-superagent/1.4.0"
129.8.91.49 - - [27/Jan/2016:14:57:18 -0800] "-" 408 0 "-" "-"
129.8.91.49 - - [27/Jan/2016:14:57:18 -0800] "-" 408 0 "-" "-"
50.115.68.210 - - [27/Jan/2016:14:59:07 -0800] "GET /images/wsis-logo-sm.png HTTP/1.1" 200 6108 "http://www.thebackcountry.net/" "Mozilla/5.0 (Macintosh; Intel Mac OS X 10_11_1) AppleWebKit/537.36 (KHTML, like Gecko) Chrome/47.0.2526.111 Safari/537.36"
66.249.66.151 - - [27/Jan/2016:15:04:26 -0800] "GET /resorts?resort=winterpark HTTP/1.1" 404 506 "-" "Mozilla/5.0 (compatible; Googlebot/2.1; +http://www.google.com/bot.html)"
65.60.119.162 - - [27/Jan/2016:15:05:47 -0800] "GET /images/wsis-logo-sm.png HTTP/1.1" 200 6108 "http://www.thebackcountry.net/" "Mozilla/5.0 (Windows NT 6.1) AppleWebKit/537.36 (KHTML, like Gecko) Chrome/47.0.2526.111 Safari/537.36"
129.8.91.49 - - [27/Jan/2016:15:08:24 -0800] "GET /images/wsis-logo-sm.png HTTP/1.1" 200 6108 "http://www.thebackcountry.net/" "Mozilla/5.0 (Macintosh; Intel Mac OS X 10_11_3) AppleWebKit/537.36 (KHTML, like Gecko) Chrome/47.0.2526.111 Safari/537.36"
170.75.162.130 - - [27/Jan/2016:15:08:45 -0800] "GET /lib/reccapi.php?resort=chinapeak HTTP/1.1" 200 990 "-" "node-superagent/1.4.0"
129.8.91.49 - - [27/Jan/2016:15:08:46 -0800] "-" 408 0 "-" "-"
66.249.66.98 - - [27/Jan/2016:15:10:53 -0800] "GET /robots.txt HTTP/1.1" 200 419 "-" "Mozilla/5.0 (compatible; Googlebot/2.1; +http://www.google.com/bot.html)"
66.249.66.94 - - [27/Jan/2016:15:10:53 -0800] "GET / HTTP/1.1" 200 2615 "-" "Mozilla/5.0 (compatible; Googlebot/2.1; +http://www.google.com/bot.html)"
66.249.66.90 - - [27/Jan/2016:15:16:01 -0800] "GET /about HTTP/1.1" 404 509 "-" "Mozilla/5.0 (compatible; Googlebot/2.1; +http://www.google.com/bot.html)"
75.111.102.154 - - [27/Jan/2016:15:30:46 -0800] "GET /images/wsis-logo-sm.png HTTP/1.1" 200 6108 "http://www.thebackcountry.net/" "Mozilla/5.0 (iPhone; CPU iPhone OS 9_0_2 like Mac OS X) AppleWebKit/601.1.46 (KHTML, like Gecko) Version/9.0 Mobile/13A452 Safari/601.1"
180.76.15.8 - - [27/Jan/2016:15:30:47 -0800] "GET / HTTP/1.1" 200 6995 "-" "Mozilla/5.0 (compatible; Baiduspider/2.0; +http://www.baidu.com/search/spider.html)"
180.76.15.32 - - [27/Jan/2016:15:31:34 -0800] "GET / HTTP/1.1" 200 6995 "-" "Mozilla/5.0 (compatible; Baiduspider/2.0; +http://www.baidu.com/search/spider.html)"
69.62.225.55 - - [27/Jan/2016:15:39:38 -0800] "GET /images/wsis-logo-sm.png HTTP/1.1" 200 6108 "http://www.thebackcountry.net/" "Mozilla/5.0 (Macintosh; Intel Mac OS X 10_11_3) AppleWebKit/537.36 (KHTML, like Gecko) Chrome/47.0.2526.111 Safari/537.36"
69.62.225.55 - - [27/Jan/2016:15:39:59 -0800] "-" 408 0 "-" "-"
123.125.71.115 - - [27/Jan/2016:15:40:53 -0800] "-" 408 0 "-" "-"
170.75.162.130 - - [27/Jan/2016:15:45:00 -0800] "GET /lib/reccapi.php?resort=alpinemeadows HTTP/1.1" 200 988 "-" "node-superagent/1.4.0"
220.181.108.106 - - [27/Jan/2016:15:45:28 -0800] "GET / HTTP/1.1" 200 2578 "-" "Mozilla/5.0 (Windows NT 5.1; rv:6.0.2) Gecko/20100101 Firefox/6.0.2"
137.222.114.245 - - [27/Jan/2016:15:52:54 -0800] "GET /images/wsis-logo-sm.png HTTP/1.1" 200 6108 "http://www.thebackcountry.net/" "Mozilla/5.0 (Macintosh; Intel Mac OS X 10_11_1) AppleWebKit/601.2.7 (KHTML, like Gecko) Version/9.0.1 Safari/601.2.7"
52.33.40.213 - - [27/Jan/2016:15:54:38 -0800] "GET /lib/reccapi.php?resort=aspenmountain HTTP/1.1" 200 999 "-" "node-superagent/1.4.0"
52.33.40.213 - - [27/Jan/2016:15:55:48 -0800] "GET /lib/reccapi.php?resort=alyeska HTTP/1.1" 200 1061 "-" "node-superagent/1.4.0"
47.208.173.80 - - [27/Jan/2016:15:59:01 -0800] "GET /images/wsis-logo-sm.png HTTP/1.1" 200 6108 "http://www.thebackcountry.net/" "Mozilla/5.0 (Macintosh; Intel Mac OS X 10_10_5) AppleWebKit/537.36 (KHTML, like Gecko) Chrome/47.0.2526.111 Safari/537.36"
170.75.162.130 - - [27/Jan/2016:16:07:43 -0800] "GET /lib/reccapi.php?resort=bigsky HTTP/1.1" 200 980 "-" "node-superagent/1.4.0"
52.33.40.213 - - [27/Jan/2016:16:07:59 -0800] "GET /lib/reccapi.php?resort=49degreesnorth HTTP/1.1" 200 1041 "-" "node-superagent/1.4.0"
52.33.40.213 - - [27/Jan/2016:16:10:19 -0800] "GET /lib/reccapi.php?resort=snowmass HTTP/1.1" 200 955 "-" "node-superagent/1.4.0"
170.75.162.130 - - [27/Jan/2016:16:14:04 -0800] "GET /lib/reccapi.php?resort=schweitzer HTTP/1.1" 200 999 "-" "node-superagent/1.4.0"
170.75.162.130 - - [27/Jan/2016:16:14:04 -0800] "GET /lib/reccapi.php?resort=sunvalley HTTP/1.1" 200 991 "-" "node-superagent/1.4.0"
97.41.147.231 - - [27/Jan/2016:16:16:52 -0800] "GET /images/wsis-logo-sm.png HTTP/1.1" 200 6108 "http://www.thebackcountry.net/" "Mozilla/5.0 (iPhone; CPU iPhone OS 5_1_1 like Mac OS X) AppleWebKit/534.46 (KHTML, like Gecko) Version/5.1 Mobile/9B206 Safari/7534.48.3"
69.230.108.239 - - [27/Jan/2016:16:19:25 -0800] "GET /images/wsis-logo-sm.png HTTP/1.1" 200 6108 "http://www.thebackcountry.net/" "Mozilla/5.0 (Macintosh; Intel Mac OS X 10.6; rv:43.0) Gecko/20100101 Firefox/43.0"
52.33.40.213 - - [27/Jan/2016:16:27:10 -0800] "GET /lib/reccapi.php?resort=bigsky HTTP/1.1" 200 980 "-" "node-superagent/1.4.0"
52.33.40.213 - - [27/Jan/2016:16:27:30 -0800] "GET /lib/reccapi.php?resort=keystone HTTP/1.1" 200 1011 "-" "node-superagent/1.4.0"
52.33.40.213 - - [27/Jan/2016:16:30:50 -0800] "GET /lib/reccapi.php?resort=arapahoebasin HTTP/1.1" 200 1024 "-" "node-superagent/1.4.0"
64.202.160.76 - - [27/Jan/2016:16:34:07 -0800] "GET /images/wsis-logo-sm.png HTTP/1.1" 200 6108 "http://www.thebackcountry.net/" "Mozilla/5.0 (Macintosh; Intel Mac OS X 10_10_5) AppleWebKit/537.36 (KHTML, like Gecko) Chrome/46.0.2490.86 Safari/537.36"
170.75.162.130 - - [27/Jan/2016:16:34:26 -0800] "GET /lib/reccapi.php?resort=stevenspass HTTP/1.1" 200 1004 "-" "node-superagent/1.4.0"
180.76.15.153 - - [27/Jan/2016:16:35:08 -0800] "GET / HTTP/1.1" 200 6995 "-" "Mozilla/5.0 (compatible; Baiduspider/2.0; +http://www.baidu.com/search/spider.html)"
46.163.68.109 - - [27/Jan/2016:16:35:26 -0800] "GET / HTTP/1.1" 200 7032 "-" "Mozilla/5.0 (Windows NT 6.2; rv:21.0) Gecko/20130326 Firefox/21.0"
180.76.15.19 - - [27/Jan/2016:16:35:29 -0800] "GET /robots.txt HTTP/1.1" 200 382 "-" "Mozilla/5.0 (Windows NT 5.1; rv:6.0.2) Gecko/20100101 Firefox/6.0.2"
180.76.15.161 - - [27/Jan/2016:16:36:07 -0800] "GET / HTTP/1.1" 200 6995 "-" "Mozilla/5.0 (compatible; Baiduspider/2.0; +http://www.baidu.com/search/spider.html)"
52.33.40.213 - - [27/Jan/2016:16:43:01 -0800] "GET /lib/reccapi.php?resort=whistlerblackcomb HTTP/1.1" 200 937 "-" "node-superagent/1.4.0"
170.75.162.130 - - [27/Jan/2016:16:43:27 -0800] "GET /lib/reccapi.php?resort=sierra-at-tahoe HTTP/1.1" 200 981 "-" "node-superagent/1.4.0"
52.33.40.213 - - [27/Jan/2016:16:45:01 -0800] "GET /lib/reccapi.php?resort=jacksonhole HTTP/1.1" 200 976 "-" "node-superagent/1.4.0"
52.33.40.213 - - [27/Jan/2016:16:46:21 -0800] "GET /lib/reccapi.php?resort=smugglersnotch HTTP/1.1" 200 1049 "-" "node-superagent/1.4.0"
170.75.162.130 - - [27/Jan/2016:16:47:18 -0800] "GET /lib/reccapi.php?resort=bigwhite HTTP/1.1" 200 916 "-" "node-superagent/1.4.0"
52.33.40.213 - - [27/Jan/2016:16:50:51 -0800] "GET /lib/reccapi.php?resort=sugarloaf HTTP/1.1" 200 973 "-" "node-superagent/1.4.0"
52.33.40.213 - - [27/Jan/2016:16:52:21 -0800] "GET /lib/reccapi.php?resort=sugarbush HTTP/1.1" 200 1060 "-" "node-superagent/1.4.0"
66.60.177.100 - - [27/Jan/2016:16:53:40 -0800] "GET /images/wsis-logo-sm.png HTTP/1.1" 200 6108 "http://www.thebackcountry.net/" "Mozilla/5.0 (Windows NT 6.1; Win64; x64) AppleWebKit/537.36 (KHTML, like Gecko) Chrome/47.0.2526.111 Safari/537.36"
73.170.73.52 - - [27/Jan/2016:16:53:47 -0800] "GET /images/wsis-logo-sm.png HTTP/1.1" 200 6108 "-" "Mozilla/5.0 (Macintosh; Intel Mac OS X 10_10_5) AppleWebKit/600.8.9 (KHTML, like Gecko)"
71.140.31.214 - - [27/Jan/2016:16:55:15 -0800] "GET /images/wsis-logo-sm.png HTTP/1.1" 200 6108 "http://thebackcountry.net/" "Mozilla/4.0 (compatible; MSIE 8.0; Windows NT 5.1; Trident/4.0; .NET CLR 2.0.50727; .NET CLR 3.0.4506.2152; .NET CLR 3.5.30729; 786908940603; Build/14.08001)"
170.75.162.130 - - [27/Jan/2016:16:56:39 -0800] "GET /lib/reccapi.php?resort=mtrose HTTP/1.1" 200 936 "-" "node-superagent/1.4.0"
52.33.40.213 - - [27/Jan/2016:16:58:11 -0800] "GET /lib/reccapi.php?resort=grandtarghee HTTP/1.1" 200 985 "-" "node-superagent/1.4.0"
52.33.40.213 - - [27/Jan/2016:16:58:11 -0800] "GET /lib/reccapi.php?resort=heavenly HTTP/1.1" 200 969 "-" "node-superagent/1.4.0"
52.33.40.213 - - [27/Jan/2016:16:58:41 -0800] "GET /lib/reccapi.php?resort=killington HTTP/1.1" 200 1047 "-" "node-superagent/1.4.0"
52.33.40.213 - - [27/Jan/2016:16:58:51 -0800] "GET /lib/reccapi.php?resort=kirkwood HTTP/1.1" 200 1004 "-" "node-superagent/1.4.0"
66.249.66.151 - - [27/Jan/2016:16:58:53 -0800] "GET /resorts?resort=mtrose HTTP/1.1" 404 506 "-" "Mozilla/5.0 (compatible; Googlebot/2.1; +http://www.google.com/bot.html)"
52.33.40.213 - - [27/Jan/2016:16:59:22 -0800] "GET /lib/reccapi.php?resort=squawvalleyusa HTTP/1.1" 200 975 "-" "node-superagent/1.4.0"
52.33.40.213 - - [27/Jan/2016:16:59:32 -0800] "GET /lib/reccapi.php?resort=stowe HTTP/1.1" 200 1020 "-" "node-superagent/1.4.0"
66.249.66.90 - - [27/Jan/2016:17:04:38 -0800] "GET / HTTP/1.1" 200 2615 "-" "Mozilla/5.0 (iPhone; CPU iPhone OS 8_3 like Mac OS X) AppleWebKit/600.1.4 (KHTML, like Gecko) Version/8.0 Mobile/12F70 Safari/600.1.4 (compatible; Googlebot/2.1; +http://www.google.com/bot.html)"
66.249.66.155 - - [27/Jan/2016:17:07:04 -0800] "GET /resorts?resort=whitepine&date=2014-02-10 HTTP/1.1" 404 506 "-" "Mozilla/5.0 (iPhone; CPU iPhone OS 8_3 like Mac OS X) AppleWebKit/600.1.4 (KHTML, like Gecko) Version/8.0 Mobile/12F70 Safari/600.1.4 (compatible; Googlebot/2.1; +http://www.google.com/bot.html)"
170.75.162.130 - - [27/Jan/2016:17:07:40 -0800] "GET /lib/reccapi.php?resort=arapahoebasin HTTP/1.1" 200 1024 "-" "node-superagent/1.4.0"
170.75.162.130 - - [27/Jan/2016:17:07:41 -0800] "GET /lib/reccapi.php?resort=stowe HTTP/1.1" 200 1020 "-" "node-superagent/1.4.0"
170.75.162.130 - - [27/Jan/2016:17:07:41 -0800] "GET /lib/reccapi.php?resort=smugglersnotch HTTP/1.1" 200 1049 "-" "node-superagent/1.4.0"
170.75.162.130 - - [27/Jan/2016:17:07:41 -0800] "GET /lib/reccapi.php?resort=sugarbush HTTP/1.1" 200 1060 "-" "node-superagent/1.4.0"
170.75.162.130 - - [27/Jan/2016:17:07:41 -0800] "GET /lib/reccapi.php?resort=sundayriver HTTP/1.1" 200 993 "-" "node-superagent/1.4.0"
170.75.162.130 - - [27/Jan/2016:17:07:41 -0800] "GET /lib/reccapi.php?resort=sugarloaf HTTP/1.1" 200 973 "-" "node-superagent/1.4.0"
52.33.40.213 - - [27/Jan/2016:17:12:22 -0800] "GET /lib/reccapi.php?resort=angelfire HTTP/1.1" 200 1022 "-" "node-superagent/1.4.0"
54.158.62.102 - - [27/Jan/2016:17:13:05 -0800] "HEAD / HTTP/1.1" 200 291 "-" "Cloud mapping experiment. Contact research@pdrlabs.net"
180.76.15.25 - - [27/Jan/2016:17:31:56 -0800] "GET / HTTP/1.1" 200 6995 "-" "Mozilla/5.0 (compatible; Baiduspider/2.0; +http://www.baidu.com/search/spider.html)"
71.92.92.245 - - [27/Jan/2016:17:32:43 -0800] "GET /images/wsis-logo-sm.png HTTP/1.1" 200 6108 "http://www.thebackcountry.net/" "Mozilla/5.0 (iPhone; CPU iPhone OS 8_1 like Mac OS X) AppleWebKit/600.1.4 (KHTML, like Gecko) Version/8.0 Mobile/12B411 Safari/600.1.4"
180.76.15.150 - - [27/Jan/2016:17:32:47 -0800] "GET / HTTP/1.1" 200 6995 "-" "Mozilla/5.0 (compatible; Baiduspider/2.0; +http://www.baidu.com/search/spider.html)"
71.92.169.18 - - [27/Jan/2016:17:37:53 -0800] "GET /images/wsis-logo-sm.png HTTP/1.1" 200 6108 "http://thebackcountry.net/" "Mozilla/5.0 (Windows NT 6.3; WOW64) AppleWebKit/537.36 (KHTML, like Gecko) Chrome/41.0.2272.118 Safari/537.36"
52.33.40.213 - - [27/Jan/2016:17:45:24 -0800] "GET /lib/reccapi.php?resort=parkcity HTTP/1.1" 200 1009 "-" "node-superagent/1.4.0"
170.75.162.130 - - [27/Jan/2016:17:48:26 -0800] "GET /lib/reccapi.php?resort=heavenly HTTP/1.1" 200 969 "-" "node-superagent/1.4.0"
170.75.162.130 - - [27/Jan/2016:17:48:26 -0800] "GET /lib/reccapi.php?resort=kirkwood HTTP/1.1" 200 1004 "-" "node-superagent/1.4.0"
170.75.162.130 - - [27/Jan/2016:17:48:26 -0800] "GET /lib/reccapi.php?resort=mammothmountain HTTP/1.1" 200 979 "-" "node-superagent/1.4.0"
170.75.162.130 - - [27/Jan/2016:17:48:27 -0800] "GET /lib/reccapi.php?resort=northstar-at-tahoe HTTP/1.1" 200 949 "-" "node-superagent/1.4.0"
170.75.162.130 - - [27/Jan/2016:17:48:27 -0800] "GET /lib/reccapi.php?resort=squawvalleyusa HTTP/1.1" 200 975 "-" "node-superagent/1.4.0"
170.75.162.130 - - [27/Jan/2016:17:48:27 -0800] "GET /lib/reccapi.php?resort=sugarbowl HTTP/1.1" 200 946 "-" "node-superagent/1.4.0"
170.75.162.130 - - [27/Jan/2016:18:02:28 -0800] "GET /lib/reccapi.php?resort=snowbird HTTP/1.1" 200 976 "-" "node-superagent/1.4.0"
163.172.7.229 - - [27/Jan/2016:18:04:53 -0800] "GET / HTTP/1.1" 200 2615 "-" "Stratagems Kumo"
163.172.7.229 - - [27/Jan/2016:18:04:53 -0800] "GET /robots.txt HTTP/1.1" 200 419 "-" "Stratagems Kumo"
163.172.7.229 - - [27/Jan/2016:18:04:53 -0800] "GET / HTTP/1.1" 200 2614 "-" "Stratagems Kumo"
163.172.7.229 - - [27/Jan/2016:18:04:53 -0800] "GET /robots.txt HTTP/1.1" 200 418 "-" "Stratagems Kumo"
199.16.156.124 - - [27/Jan/2016:18:04:54 -0800] "GET /robots.txt HTTP/1.1" 200 363 "-" "Twitterbot/1.0"
199.16.156.124 - - [27/Jan/2016:18:04:54 -0800] "GET /robots.txt HTTP/1.1" 200 363 "-" "Twitterbot/1.0"
199.16.156.124 - - [27/Jan/2016:18:04:54 -0800] "GET /recommendations HTTP/1.1" 404 450 "-" "Twitterbot/1.0"
199.16.156.124 - - [27/Jan/2016:18:04:54 -0800] "GET / HTTP/1.1" 200 2559 "-" "Twitterbot/1.0"
170.75.162.130 - - [27/Jan/2016:18:13:50 -0800] "GET /lib/reccapi.php?resort=homewoodmountain HTTP/1.1" 200 978 "-" "node-superagent/1.4.0"
40.77.167.57 - - [27/Jan/2016:18:23:26 -0800] "GET / HTTP/1.1" 200 2615 "-" "Mozilla/5.0 (compatible; bingbot/2.0; +http://www.bing.com/bingbot.htm)"
180.76.15.15 - - [27/Jan/2016:18:29:44 -0800] "GET / HTTP/1.1" 200 6995 "-" "Mozilla/5.0 (compatible; Baiduspider/2.0; +http://www.baidu.com/search/spider.html)"
180.76.15.25 - - [27/Jan/2016:18:30:31 -0800] "GET / HTTP/1.1" 200 6995 "-" "Mozilla/5.0 (compatible; Baiduspider/2.0; +http://www.baidu.com/search/spider.html)"
123.125.71.85 - - [27/Jan/2016:18:40:32 -0800] "-" 408 0 "-" "-"
66.249.66.159 - - [27/Jan/2016:18:47:20 -0800] "GET /lib/reccapi.php?resort=mountbaker&date=2016-01-23 HTTP/1.1" 200 1084 "http://whereshouldiski.com/" "Mozilla/5.0 (compatible; Googlebot/2.1; +http://www.google.com/bot.html)"
66.249.66.151 - - [27/Jan/2016:18:47:22 -0800] "GET /lib/resortDataSearchD3.php?size=7&sortDate=T&resort=mountbaker&dateStart=2016-01-21 HTTP/1.1" 200 867 "http://whereshouldiski.com/" "Mozilla/5.0 (compatible; Googlebot/2.1; +http://www.google.com/bot.html)"
66.249.66.151 - - [27/Jan/2016:18:47:22 -0800] "GET /lib/reccapi.php?fields=t&date=2016-01-23&coords=48.86%2C-121.68&size=7&sort=distance HTTP/1.1" 200 1427 "http://whereshouldiski.com/" "Mozilla/5.0 (compatible; Googlebot/2.1; +http://www.google.com/bot.html)"
98.248.226.180 - - [27/Jan/2016:18:47:56 -0800] "GET /images/wsis-logo-sm.png HTTP/1.1" 200 6108 "http://www.thebackcountry.net/" "Mozilla/5.0 (iPhone; CPU iPhone OS 9_2 like Mac OS X) AppleWebKit/601.1.46 (KHTML, like Gecko) Version/9.0 Mobile/13C75 Safari/601.1"
50.155.222.20 - - [27/Jan/2016:18:49:28 -0800] "GET / HTTP/1.1" 200 2615 "-" "Mozilla/5.0 (iPhone; CPU iPhone OS 9_2 like Mac OS X) AppleWebKit/601.1.46 (KHTML, like Gecko) Version/9.0 Mobile/13C75 Safari/601.1"
50.155.222.20 - - [27/Jan/2016:18:49:28 -0800] "GET /styles/ee08faa9.main.css HTTP/1.1" 200 19446 "http://whereshouldiski.com/" "Mozilla/5.0 (iPhone; CPU iPhone OS 9_2 like Mac OS X) AppleWebKit/601.1.46 (KHTML, like Gecko) Version/9.0 Mobile/13C75 Safari/601.1"
50.155.222.20 - - [27/Jan/2016:18:49:28 -0800] "GET /bower_components/requirejs/require.js HTTP/1.1" 200 6702 "http://whereshouldiski.com/" "Mozilla/5.0 (iPhone; CPU iPhone OS 9_2 like Mac OS X) AppleWebKit/601.1.46 (KHTML, like Gecko) Version/9.0 Mobile/13C75 Safari/601.1"
50.155.222.20 - - [27/Jan/2016:18:49:28 -0800] "GET /images/loading.gif HTTP/1.1" 200 13882 "http://whereshouldiski.com/" "Mozilla/5.0 (iPhone; CPU iPhone OS 9_2 like Mac OS X) AppleWebKit/601.1.46 (KHTML, like Gecko) Version/9.0 Mobile/13C75 Safari/601.1"
50.155.222.20 - - [27/Jan/2016:18:49:28 -0800] "GET /images/logo-square-white-sm.png HTTP/1.1" 200 1684 "http://whereshouldiski.com/" "Mozilla/5.0 (iPhone; CPU iPhone OS 9_2 like Mac OS X) AppleWebKit/601.1.46 (KHTML, like Gecko) Version/9.0 Mobile/13C75 Safari/601.1"
50.155.222.20 - - [27/Jan/2016:18:49:28 -0800] "GET /scripts/scripts/vendor/modernizr.js HTTP/1.1" 200 4903 "http://whereshouldiski.com/" "Mozilla/5.0 (iPhone; CPU iPhone OS 9_2 like Mac OS X) AppleWebKit/601.1.46 (KHTML, like Gecko) Version/9.0 Mobile/13C75 Safari/601.1"
220.181.108.115 - - [27/Jan/2016:18:50:00 -0800] "-" 408 0 "-" "-"
24.130.65.232 - - [27/Jan/2016:18:52:34 -0800] "GET /images/wsis-logo-sm.png HTTP/1.1" 200 6108 "http://www.thebackcountry.net/" "Mozilla/5.0 (Macintosh; Intel Mac OS X 10_9_5) AppleWebKit/537.36 (KHTML, like Gecko) Chrome/47.0.2526.111 Safari/537.36"
52.33.40.213 - - [27/Jan/2016:18:55:07 -0800] "GET /lib/reccapi.php?resort=solitude HTTP/1.1" 200 985 "-" "node-superagent/1.4.0"
52.33.40.213 - - [27/Jan/2016:18:55:37 -0800] "GET /lib/reccapi.php?resort=brighton HTTP/1.1" 200 975 "-" "node-superagent/1.4.0"
52.33.40.213 - - [27/Jan/2016:18:57:27 -0800] "GET /lib/reccapi.php?resort=steamboat HTTP/1.1" 200 994 "-" "node-superagent/1.4.0"
52.33.40.213 - - [27/Jan/2016:19:07:38 -0800] "GET /lib/reccapi.php?resort=telluride HTTP/1.1" 200 983 "-" "node-superagent/1.4.0"
170.75.162.130 - - [27/Jan/2016:19:11:20 -0800] "GET /lib/reccapi.php?resort=grandtarghee HTTP/1.1" 200 984 "-" "node-superagent/1.4.0"
66.162.145.146 - - [27/Jan/2016:19:11:55 -0800] "GET /images/wsis-logo-sm.png HTTP/1.1" 200 6108 "http://www.thebackcountry.net/" "Mozilla/5.0 (Windows NT 6.1; WOW64; rv:43.0) Gecko/20100101 Firefox/43.0"
190.224.214.174 - - [27/Jan/2016:19:15:31 -0800] "GET /images/wsis-logo-sm.png HTTP/1.1" 200 6108 "http://www.thebackcountry.net/" "Mozilla/5.0 (Macintosh; Intel Mac OS X 10_10_5) AppleWebKit/601.4.4 (KHTML, like Gecko) Version/9.0.3 Safari/601.4.4"
170.75.162.130 - - [27/Jan/2016:19:35:05 -0800] "GET /lib/reccapi.php?resort=taos HTTP/1.1" 200 964 "-" "node-superagent/1.4.0"
180.76.15.32 - - [27/Jan/2016:19:35:41 -0800] "GET / HTTP/1.1" 200 6995 "-" "Mozilla/5.0 (compatible; Baiduspider/2.0; +http://www.baidu.com/search/spider.html)"
170.75.162.130 - - [27/Jan/2016:19:36:15 -0800] "GET /lib/reccapi.php?resort=devilshead HTTP/1.1" 200 986 "-" "node-superagent/1.4.0"
180.76.15.162 - - [27/Jan/2016:19:36:41 -0800] "GET / HTTP/1.1" 200 6995 "-" "Mozilla/5.0 (compatible; Baiduspider/2.0; +http://www.baidu.com/search/spider.html)"
89.248.160.196 - - [27/Jan/2016:19:42:29 -0800] "GET / HTTP/1.0" 200 6995 "-" "Mozilla/5.0 (Windows NT 6.1; rv:31.0) Gecko/20100101 Firefox/31.0"
170.75.162.130 - - [27/Jan/2016:19:44:56 -0800] "GET /lib/reccapi.php?resort=whitefacemountain HTTP/1.1" 200 1064 "-" "node-superagent/1.4.0"
172.4.149.250 - - [27/Jan/2016:19:46:50 -0800] "GET /images/wsis-logo-sm.png HTTP/1.1" 200 6108 "http://www.thebackcountry.net/" "Mozilla/5.0 (Windows NT 6.1; Win64; x64; rv:25.8) Gecko/20151126 Firefox/31.9 PaleMoon/25.8.1"
170.75.162.130 - - [27/Jan/2016:19:50:16 -0800] "GET /lib/reccapi.php?resort=crestedbutte HTTP/1.1" 200 980 "-" "node-superagent/1.4.0"
52.33.40.213 - - [27/Jan/2016:19:54:20 -0800] "GET /lib/reccapi.php?resort=alpinemeadows HTTP/1.1" 200 988 "-" "node-superagent/1.4.0"
68.180.229.34 - - [27/Jan/2016:19:55:40 -0800] "GET /robots.txt HTTP/1.1" 200 319 "-" "Mozilla/5.0 (compatible; Yahoo! Slurp; http://help.yahoo.com/help/us/ysearch/slurp)"
68.180.229.34 - - [27/Jan/2016:19:55:41 -0800] "GET /resorts?resort=sugarbowl HTTP/1.1" 404 450 "-" "Mozilla/5.0 (compatible; Yahoo! Slurp; http://help.yahoo.com/help/us/ysearch/slurp)"
68.183.197.168 - - [27/Jan/2016:20:04:16 -0800] "GET /images/wsis-logo-sm.png HTTP/1.1" 200 6108 "http://thebackcountry.net/" "Mozilla/5.0 (iPhone; CPU iPhone OS 8_3 like Mac OS X) AppleWebKit/600.1.4 (KHTML, like Gecko) Version/8.0 Mobile/12F70 Safari/600.1.4"
170.75.162.130 - - [27/Jan/2016:20:08:39 -0800] "GET /lib/reccapi.php?resort=redmountain HTTP/1.1" 200 906 "-" "node-superagent/1.4.0"
170.75.162.130 - - [27/Jan/2016:20:11:09 -0800] "GET /lib/reccapi.php?resort=jaypeak HTTP/1.1" 200 1050 "-" "node-superagent/1.4.0"
170.75.162.130 - - [27/Jan/2016:20:11:09 -0800] "GET /lib/reccapi.php?resort=killington HTTP/1.1" 200 1044 "-" "node-superagent/1.4.0"
170.75.162.130 - - [27/Jan/2016:20:11:09 -0800] "GET /lib/reccapi.php?resort=madriverglen HTTP/1.1" 200 1060 "-" "node-superagent/1.4.0"
98.148.65.201 - - [27/Jan/2016:20:11:13 -0800] "GET /images/wsis-logo-sm.png HTTP/1.1" 200 6108 "http://www.thebackcountry.net/" "Mozilla/5.0 (iPhone; CPU iPhone OS 9_2 like Mac OS X) AppleWebKit/600.1.4 (KHTML, like Gecko) GSA/11.1.66360 Mobile/13C75 Safari/600.1.4"
71.62.60.80 - - [27/Jan/2016:20:14:00 -0800] "GET /images/wsis-logo-sm.png HTTP/1.1" 200 6108 "http://www.thebackcountry.net/" "Mozilla/5.0 (Macintosh; Intel Mac OS X 10_11_2) AppleWebKit/601.3.9 (KHTML, like Gecko) Version/9.0.2 Safari/601.3.9"
142.254.47.144 - - [27/Jan/2016:20:18:52 -0800] "GET /images/wsis-logo-sm.png HTTP/1.1" 200 6108 "http://www.thebackcountry.net/" "Mozilla/5.0 (Macintosh; Intel Mac OS X 10_11_2) AppleWebKit/601.3.9 (KHTML, like Gecko) Version/9.0.2 Safari/601.3.9"
75.142.244.223 - - [27/Jan/2016:20:26:24 -0800] "GET /images/wsis-logo-sm.png HTTP/1.1" 200 6108 "http://www.thebackcountry.net/" "Mozilla/5.0 (Windows NT 10.0; WOW64; rv:44.0) Gecko/20100101 Firefox/44.0"
180.76.15.158 - - [27/Jan/2016:20:34:41 -0800] "GET / HTTP/1.1" 200 6995 "-" "Mozilla/5.0 (compatible; Baiduspider/2.0; +http://www.baidu.com/search/spider.html)"
180.76.15.157 - - [27/Jan/2016:20:35:40 -0800] "GET / HTTP/1.1" 200 6995 "-" "Mozilla/5.0 (compatible; Baiduspider/2.0; +http://www.baidu.com/search/spider.html)"
170.75.162.130 - - [27/Jan/2016:20:38:33 -0800] "GET /lib/reccapi.php?resort=wildcatmountain HTTP/1.1" 200 1047 "-" "node-superagent/1.4.0"
170.75.162.130 - - [27/Jan/2016:20:41:33 -0800] "GET /lib/reccapi.php?resort=snowbasin HTTP/1.1" 200 952 "-" "node-superagent/1.4.0"
162.200.110.125 - - [27/Jan/2016:20:45:09 -0800] "GET /images/wsis-logo-sm.png HTTP/1.1" 200 6108 "http://www.thebackcountry.net/" "Mozilla/5.0 (Macintosh; Intel Mac OS X 10_9_5) AppleWebKit/601.1.56 (KHTML, like Gecko) Version/9.0 Safari/537.86.1"
185.49.14.190 - - [27/Jan/2016:20:45:37 -0800] "GET http://testp5.mielno.lubin.pl/testproxy.php HTTP/1.1" 404 452 "-" "Mozilla/5.0 (Windows NT 5.1; rv:32.0) Gecko/20100101 Firefox/31.0"
170.75.162.130 - - [27/Jan/2016:20:51:24 -0800] "GET /lib/reccapi.php?resort=diamondpeak HTTP/1.1" 200 929 "-" "node-superagent/1.4.0"
52.33.40.213 - - [27/Jan/2016:21:07:24 -0800] "GET /lib/reccapi.php?resort=madriverglen HTTP/1.1" 200 1060 "-" "node-superagent/1.4.0"
170.75.162.130 - - [27/Jan/2016:21:09:56 -0800] "GET /lib/reccapi.php?resort=hoodoo HTTP/1.1" 200 995 "-" "node-superagent/1.4.0"
170.75.162.130 - - [27/Jan/2016:21:16:07 -0800] "GET /lib/reccapi.php?resort=deervalley HTTP/1.1" 200 1000 "-" "node-superagent/1.4.0"
66.249.66.4 - - [27/Jan/2016:21:18:03 -0800] "GET /lib/reccapi.php?resort=chinapeak&date=2016-01-25 HTTP/1.1" 200 1040 "http://whereshouldiski.com/" "Mozilla/5.0 (compatible; Googlebot/2.1; +http://www.google.com/bot.html)"
66.249.66.62 - - [27/Jan/2016:21:18:04 -0800] "GET /lib/reccapi.php?fields=t&date=2016-01-25&coords=37.22%2C-119.19&size=7&sort=distance HTTP/1.1" 200 1396 "http://whereshouldiski.com/" "Mozilla/5.0 (compatible; Googlebot/2.1; +http://www.google.com/bot.html)"
66.249.66.62 - - [27/Jan/2016:21:18:04 -0800] "GET /lib/resortDataSearchD3.php?size=7&sortDate=T&resort=chinapeak&dateStart=2016-01-23 HTTP/1.1" 200 862 "http://whereshouldiski.com/" "Mozilla/5.0 (compatible; Googlebot/2.1; +http://www.google.com/bot.html)"
50.174.113.9 - - [27/Jan/2016:21:27:35 -0800] "GET /images/wsis-logo-sm.png HTTP/1.1" 200 6108 "http://thebackcountry.net/" "Mozilla/5.0 (Macintosh; Intel Mac OS X 10_11_1) AppleWebKit/601.2.7 (KHTML, like Gecko) Version/9.0.1 Safari/601.2.7"
50.174.113.9 - - [27/Jan/2016:21:28:42 -0800] "GET /images/wsis-logo-sm.png HTTP/1.1" 200 6108 "http://www.thebackcountry.net/" "Mozilla/5.0 (Macintosh; Intel Mac OS X 10.10; rv:43.0) Gecko/20100101 Firefox/43.0"
180.76.15.23 - - [27/Jan/2016:21:32:21 -0800] "GET / HTTP/1.1" 200 6995 "-" "Mozilla/5.0 (compatible; Baiduspider/2.0; +http://www.baidu.com/search/spider.html)"
170.75.162.130 - - [27/Jan/2016:21:33:00 -0800] "GET /lib/reccapi.php?resort=jacksonhole HTTP/1.1" 200 973 "-" "node-superagent/1.4.0"
180.76.15.139 - - [27/Jan/2016:21:33:06 -0800] "GET / HTTP/1.1" 200 6995 "-" "Mozilla/5.0 (compatible; Baiduspider/2.0; +http://www.baidu.com/search/spider.html)"
170.75.162.130 - - [27/Jan/2016:21:34:10 -0800] "GET /lib/reccapi.php?resort=alta HTTP/1.1" 200 1004 "-" "node-superagent/1.4.0"
170.75.162.130 - - [27/Jan/2016:21:34:10 -0800] "GET /lib/reccapi.php?resort=sugarloaf HTTP/1.1" 200 973 "-" "node-superagent/1.4.0"
170.75.162.130 - - [27/Jan/2016:21:35:10 -0800] "GET /lib/reccapi.php?resort=keystone HTTP/1.1" 200 1011 "-" "node-superagent/1.4.0"
23.118.108.216 - - [27/Jan/2016:21:38:49 -0800] "GET /images/wsis-logo-sm.png HTTP/1.1" 200 6108 "http://www.thebackcountry.net/" "Mozilla/5.0 (iPhone; CPU iPhone OS 8_3 like Mac OS X) AppleWebKit/600.1.4 (KHTML, like Gecko) Version/8.0 Mobile/12F70 Safari/600.1.4"
171.235.40.32 - - [27/Jan/2016:21:42:25 -0800] "GET /?author=1 HTTP/1.1" 200 2615 "-" "Chilkat/1.0.0 (+http://www.chilkatsoft.com/ChilkatHttpUA.asp)"
171.235.40.32 - - [27/Jan/2016:21:42:26 -0800] "GET /administrator/index.php HTTP/1.1" 404 505 "-" "Chilkat/1.0.0 (+http://www.chilkatsoft.com/ChilkatHttpUA.asp)"
73.241.148.178 - - [27/Jan/2016:21:43:43 -0800] "GET /images/wsis-logo-sm.png HTTP/1.1" 200 6108 "http://www.thebackcountry.net/" "Mozilla/5.0 (Macintosh; Intel Mac OS X 10_11_2) AppleWebKit/537.36 (KHTML, like Gecko) Chrome/47.0.2526.111 Safari/537.36"
73.241.148.178 - - [27/Jan/2016:21:44:05 -0800] "-" 408 0 "-" "-"
170.75.162.130 - - [27/Jan/2016:21:46:21 -0800] "GET /lib/reccapi.php?resort=silverstarmountain HTTP/1.1" 200 925 "-" "node-superagent/1.4.0"
170.75.162.130 - - [27/Jan/2016:21:46:21 -0800] "GET /lib/reccapi.php?resort=sunpeaksresort HTTP/1.1" 200 922 "-" "node-superagent/1.4.0"
170.75.162.130 - - [27/Jan/2016:21:46:21 -0800] "GET /lib/reccapi.php?resort=whistlerblackcomb HTTP/1.1" 200 937 "-" "node-superagent/1.4.0"
66.249.66.4 - - [27/Jan/2016:21:50:06 -0800] "GET /lib/resortDataSearchD3.php?size=7&sortDate=T&resort=redriver&dateStart=2015-12-25 HTTP/1.1" 200 855 "http://whereshouldiski.com/" "Mozilla/5.0 (compatible; Googlebot/2.1; +http://www.google.com/bot.html)"
199.36.183.2 - - [27/Jan/2016:21:50:35 -0800] "GET /images/wsis-logo-sm.png HTTP/1.1" 200 6108 "http://www.thebackcountry.net/" "Mozilla/5.0 (Windows NT 6.0) AppleWebKit/537.36 (KHTML, like Gecko) Chrome/47.0.2526.111 Safari/537.36"
170.75.162.130 - - [27/Jan/2016:21:51:42 -0800] "GET /lib/reccapi.php?resort=redlodge HTTP/1.1" 200 1019 "-" "node-superagent/1.4.0"
24.4.93.158 - - [27/Jan/2016:21:57:44 -0800] "GET /images/wsis-logo-sm.png HTTP/1.1" 200 6108 "http://www.thebackcountry.net/" "Mozilla/5.0 (Macintosh; Intel Mac OS X 10_10_4) AppleWebKit/600.7.12 (KHTML, like Gecko) Version/8.0.7 Safari/600.7.12"
73.37.68.36 - - [27/Jan/2016:21:57:44 -0800] "GET /images/wsis-logo-sm.png HTTP/1.1" 200 6108 "http://www.thebackcountry.net/" "Mozilla/5.0 (Windows NT 6.1; WOW64) AppleWebKit/537.36 (KHTML, like Gecko) Chrome/47.0.2526.111 Safari/537.36"
71.202.182.205 - - [27/Jan/2016:21:58:53 -0800] "GET /images/wsis-logo-sm.png HTTP/1.1" 200 6108 "http://www.thebackcountry.net/" "Mozilla/5.0 (Macintosh; Intel Mac OS X 10_10_5) AppleWebKit/537.36 (KHTML, like Gecko) Chrome/48.0.2564.82 Safari/537.36"
170.75.162.130 - - [27/Jan/2016:22:08:24 -0800] "GET /lib/reccapi.php?resort=sierra-at-tahoe HTTP/1.1" 200 980 "-" "node-superagent/1.4.0"
107.77.109.30 - - [27/Jan/2016:22:10:50 -0800] "GET /images/wsis-logo-sm.png HTTP/1.1" 200 6108 "http://www.thebackcountry.net/" "Mozilla/5.0 (iPhone; CPU iPhone OS 9_2_1 like Mac OS X) AppleWebKit/601.1.46 (KHTML, like Gecko) Version/9.0 Mobile/13D15 Safari/601.1"
170.75.162.130 - - [27/Jan/2016:22:19:16 -0800] "GET /lib/reccapi.php?resort=mountspokane HTTP/1.1" 200 1023 "-" "node-superagent/1.4.0"
170.75.162.130 - - [27/Jan/2016:22:22:26 -0800] "GET /lib/reccapi.php?resort=arapahoebasin HTTP/1.1" 200 1024 "-" "node-superagent/1.4.0"
62.210.143.245 - - [27/Jan/2016:22:23:28 -0800] "GET /robots.txt HTTP/1.0" 200 338 "-" "Mozilla/5.0 (compatible; MJ12bot/v1.4.5; http://www.majestic12.co.uk/bot.php?+)"
62.210.143.245 - - [27/Jan/2016:22:23:30 -0800] "GET /resorts?resort=mounthoodmeadows HTTP/1.0" 404 495 "-" "Mozilla/5.0 (compatible; MJ12bot/v1.4.5; http://www.majestic12.co.uk/bot.php?+)"
62.210.143.245 - - [27/Jan/2016:22:23:32 -0800] "GET /resorts?resort=mtrose HTTP/1.0" 404 469 "-" "Mozilla/5.0 (compatible; MJ12bot/v1.4.5; http://www.majestic12.co.uk/bot.php?+)"
62.210.143.245 - - [27/Jan/2016:22:23:33 -0800] "GET /resorts?resort=northstar-at-tahoe HTTP/1.0" 404 469 "-" "Mozilla/5.0 (compatible; MJ12bot/v1.4.5; http://www.majestic12.co.uk/bot.php?+)"
62.210.143.245 - - [27/Jan/2016:22:23:35 -0800] "GET /resorts?resort=redmountain HTTP/1.0" 404 469 "-" "Mozilla/5.0 (compatible; MJ12bot/v1.4.5; http://www.majestic12.co.uk/bot.php?+)"
62.210.143.245 - - [27/Jan/2016:22:23:36 -0800] "GET /viz/2012-2013-viz.php HTTP/1.0" 404 469 "-" "Mozilla/5.0 (compatible; MJ12bot/v1.4.5; http://www.majestic12.co.uk/bot.php?+)"
71.95.139.85 - - [27/Jan/2016:22:26:13 -0800] "GET /images/wsis-logo-sm.png HTTP/1.1" 200 6108 "http://www.thebackcountry.net/" "Mozilla/5.0 (Windows NT 6.3; WOW64) AppleWebKit/537.36 (KHTML, like Gecko) Chrome/47.0.2526.111 Safari/537.36"
66.249.66.62 - - [27/Jan/2016:22:27:36 -0800] "GET /lib/reccapi.php?resort=crestedbutte&date=2015-12-25 HTTP/1.1" 200 724 "http://whereshouldiski.com/" "Mozilla/5.0 (compatible; Googlebot/2.1; +http://www.google.com/bot.html)"
170.75.162.130 - - [27/Jan/2016:22:27:47 -0800] "GET /lib/reccapi.php?resort=coppermountain HTTP/1.1" 200 994 "-" "node-superagent/1.4.0"
76.95.217.62 - - [27/Jan/2016:22:36:51 -0800] "GET /images/wsis-logo-sm.png HTTP/1.1" 200 6108 "http://www.thebackcountry.net/" "Mozilla/5.0 (Macintosh; Intel Mac OS X 10_7_5) AppleWebKit/537.36 (KHTML, like Gecko) Chrome/47.0.2526.106 Safari/537.36"
180.76.15.153 - - [27/Jan/2016:22:39:23 -0800] "GET / HTTP/1.1" 200 6995 "-" "Mozilla/5.0 (compatible; Baiduspider/2.0; +http://www.baidu.com/search/spider.html)"
180.76.15.135 - - [27/Jan/2016:22:40:23 -0800] "GET / HTTP/1.1" 200 6995 "-" "Mozilla/5.0 (compatible; Baiduspider/2.0; +http://www.baidu.com/search/spider.html)"
170.75.162.130 - - [27/Jan/2016:22:47:39 -0800] "GET /lib/reccapi.php?resort=angelfire HTTP/1.1" 200 1024 "-" "node-superagent/1.4.0"
170.75.162.130 - - [27/Jan/2016:22:53:20 -0800] "GET /lib/reccapi.php?resort=parkcity HTTP/1.1" 200 1009 "-" "node-superagent/1.4.0"
170.75.162.130 - - [27/Jan/2016:22:55:40 -0800] "GET /lib/reccapi.php?resort=squawvalleyusa HTTP/1.1" 200 974 "-" "node-superagent/1.4.0"
76.79.143.68 - - [27/Jan/2016:22:55:50 -0800] "GET /images/wsis-logo-sm.png HTTP/1.1" 200 6108 "http://www.thebackcountry.net/" "Mozilla/5.0 (Macintosh; Intel Mac OS X 10_11_1) AppleWebKit/537.36 (KHTML, like Gecko) Chrome/47.0.2526.111 Safari/537.36"
52.33.40.213 - - [27/Jan/2016:22:55:50 -0800] "GET /lib/reccapi.php?resort=winterpark HTTP/1.1" 200 983 "-" "node-superagent/1.4.0"
52.33.40.213 - - [27/Jan/2016:22:56:30 -0800] "GET /lib/reccapi.php?resort=aspenheights HTTP/1.1" 200 1015 "-" "node-superagent/1.4.0"
52.33.40.213 - - [27/Jan/2016:22:56:30 -0800] "GET /lib/reccapi.php?resort=taos HTTP/1.1" 200 964 "-" "node-superagent/1.4.0"
52.33.40.213 - - [27/Jan/2016:22:56:30 -0800] "GET /lib/reccapi.php?resort=snowbird HTTP/1.1" 200 974 "-" "node-superagent/1.4.0"
52.33.40.213 - - [27/Jan/2016:22:56:30 -0800] "GET /lib/reccapi.php?resort=alta HTTP/1.1" 200 1004 "-" "node-superagent/1.4.0"
52.33.40.213 - - [27/Jan/2016:22:57:30 -0800] "GET /lib/reccapi.php?resort=mammothmountain HTTP/1.1" 200 979 "-" "node-superagent/1.4.0"
52.33.40.213 - - [27/Jan/2016:22:58:51 -0800] "GET /lib/reccapi.php?resort=cannonmountain HTTP/1.1" 200 1040 "-" "node-superagent/1.4.0"
170.75.162.130 - - [27/Jan/2016:22:59:01 -0800] "GET /lib/reccapi.php?resort=heavenly HTTP/1.1" 200 969 "-" "node-superagent/1.4.0"
170.75.162.130 - - [27/Jan/2016:22:59:31 -0800] "GET /lib/reccapi.php?resort=sugarbowl HTTP/1.1" 200 944 "-" "node-superagent/1.4.0"
170.75.162.130 - - [27/Jan/2016:22:59:41 -0800] "GET /lib/reccapi.php?resort=homewoodmountain HTTP/1.1" 200 978 "-" "node-superagent/1.4.0"
118.82.201.101 - - [27/Jan/2016:23:02:23 -0800] "GET / HTTP/1.1" 200 2615 "http://www.google.co.nz/url?sa=t&rct=j&q=&esrc=s&source=web&cd=1&sqi=2&ved=0ahUKEwi9t9To-MvKAhWDMqYKHUQ1DY0QFggaMAA&url=http%3A%2F%2Fwhereshouldiski.com%2F&usg=AFQjCNF9Y_iY3YsCbRx2olN6GaOlshME8g&sig2=y61qwn3g2OvhwI_Oizt5GA&bvm=bv.112766941,d.dGY" "Mozilla/5.0 (Windows NT 6.1; WOW64; Trident/7.0; BOIE9;ENUS; rv:11.0) like Gecko"
118.82.201.101 - - [27/Jan/2016:23:02:23 -0800] "GET /styles/ee08faa9.main.css HTTP/1.1" 200 19446 "http://whereshouldiski.com/" "Mozilla/5.0 (Windows NT 6.1; WOW64; Trident/7.0; BOIE9;ENUS; rv:11.0) like Gecko"
118.82.201.101 - - [27/Jan/2016:23:02:23 -0800] "GET /scripts/scripts/vendor/modernizr.js HTTP/1.1" 200 4903 "http://whereshouldiski.com/" "Mozilla/5.0 (Windows NT 6.1; WOW64; Trident/7.0; BOIE9;ENUS; rv:11.0) like Gecko"
118.82.201.101 - - [27/Jan/2016:23:02:24 -0800] "GET /bower_components/requirejs/require.js HTTP/1.1" 200 6702 "http://whereshouldiski.com/" "Mozilla/5.0 (Windows NT 6.1; WOW64; Trident/7.0; BOIE9;ENUS; rv:11.0) like Gecko"
118.82.201.101 - - [27/Jan/2016:23:02:24 -0800] "GET /images/logo-square-white-sm.png HTTP/1.1" 200 1684 "http://whereshouldiski.com/" "Mozilla/5.0 (Windows NT 6.1; WOW64; Trident/7.0; BOIE9;ENUS; rv:11.0) like Gecko"
118.82.201.101 - - [27/Jan/2016:23:02:24 -0800] "GET /images/loading.gif HTTP/1.1" 200 13882 "http://whereshouldiski.com/" "Mozilla/5.0 (Windows NT 6.1; WOW64; Trident/7.0; BOIE9;ENUS; rv:11.0) like Gecko"
118.82.201.101 - - [27/Jan/2016:23:02:24 -0800] "GET /images/button.png HTTP/1.1" 200 598 "http://whereshouldiski.com/" "Mozilla/5.0 (Windows NT 6.1; WOW64; Trident/7.0; BOIE9;ENUS; rv:11.0) like Gecko"
118.82.201.101 - - [27/Jan/2016:23:02:24 -0800] "GET /scripts/fa48e319.main.js HTTP/1.1" 200 123455 "http://whereshouldiski.com/" "Mozilla/5.0 (Windows NT 6.1; WOW64; Trident/7.0; BOIE9;ENUS; rv:11.0) like Gecko"
118.82.201.101 - - [27/Jan/2016:23:02:26 -0800] "GET /images/greyHeader.png HTTP/1.1" 200 508 "http://whereshouldiski.com/" "Mozilla/5.0 (Windows NT 6.1; WOW64; Trident/7.0; BOIE9;ENUS; rv:11.0) like Gecko"
118.82.201.101 - - [27/Jan/2016:23:02:26 -0800] "GET /lib/reccapi.php?fields=t HTTP/1.1" 200 1953 "http://whereshouldiski.com/" "Mozilla/5.0 (Windows NT 6.1; WOW64; Trident/7.0; BOIE9;ENUS; rv:11.0) like Gecko"
118.82.201.101 - - [27/Jan/2016:23:02:26 -0800] "GET /favicon.ico HTTP/1.1" 200 4613 "-" "Mozilla/5.0 (Windows NT 6.1; Win64; x64; Trident/7.0; BOIE9;ENUS; rv:11.0) like Gecko"
118.82.201.101 - - [27/Jan/2016:23:02:26 -0800] "GET /images/bluebird5.png HTTP/1.1" 200 2177 "http://whereshouldiski.com/" "Mozilla/5.0 (Windows NT 6.1; WOW64; Trident/7.0; BOIE9;ENUS; rv:11.0) like Gecko"
118.82.201.101 - - [27/Jan/2016:23:02:26 -0800] "GET /images/star5.png HTTP/1.1" 200 1783 "http://whereshouldiski.com/" "Mozilla/5.0 (Windows NT 6.1; WOW64; Trident/7.0; BOIE9;ENUS; rv:11.0) like Gecko"
118.82.201.101 - - [27/Jan/2016:23:02:26 -0800] "GET /images/snowflake5.png HTTP/1.1" 200 2857 "http://whereshouldiski.com/" "Mozilla/5.0 (Windows NT 6.1; WOW64; Trident/7.0; BOIE9;ENUS; rv:11.0) like Gecko"
118.82.201.101 - - [27/Jan/2016:23:02:26 -0800] "GET /images/mtns-icon.png HTTP/1.1" 200 1096 "http://whereshouldiski.com/" "Mozilla/5.0 (Windows NT 6.1; WOW64; Trident/7.0; BOIE9;ENUS; rv:11.0) like Gecko"
118.82.201.101 - - [27/Jan/2016:23:02:26 -0800] "GET /images/shading-icon.png HTTP/1.1" 200 536 "http://whereshouldiski.com/" "Mozilla/5.0 (Windows NT 6.1; WOW64; Trident/7.0; BOIE9;ENUS; rv:11.0) like Gecko"
127.0.0.1 - - [27/Jan/2016:23:02:34 -0800] "OPTIONS * HTTP/1.0" 200 126 "-" "Apache/2.2.22 (Ubuntu) (internal dummy connection)"
127.0.0.1 - - [27/Jan/2016:23:02:35 -0800] "OPTIONS * HTTP/1.0" 200 126 "-" "Apache/2.2.22 (Ubuntu) (internal dummy connection)"
118.82.201.101 - - [27/Jan/2016:23:02:47 -0800] "-" 408 0 "-" "-"
127.0.0.1 - - [27/Jan/2016:23:02:50 -0800] "OPTIONS * HTTP/1.0" 200 126 "-" "Apache/2.2.22 (Ubuntu) (internal dummy connection)"
52.33.40.213 - - [27/Jan/2016:23:03:11 -0800] "GET /lib/reccapi.php?resort=northstar-at-tahoe HTTP/1.1" 200 949 "-" "node-superagent/1.4.0"
170.75.162.130 - - [27/Jan/2016:23:10:42 -0800] "GET /lib/reccapi.php?resort=49degreesnorth HTTP/1.1" 200 1043 "-" "node-superagent/1.4.0"
71.80.218.45 - - [27/Jan/2016:23:12:56 -0800] "GET /images/wsis-logo-sm.png HTTP/1.1" 200 6108 "http://www.thebackcountry.net/" "Mozilla/5.0 (iPhone; CPU iPhone OS 9_1 like Mac OS X) AppleWebKit/601.1.46 (KHTML, like Gecko) Version/9.0 Mobile/13B143 Safari/601.1"
52.33.40.213 - - [27/Jan/2016:23:14:01 -0800] "GET /lib/reccapi.php?resort=crystalmountain HTTP/1.1" 200 1036 "-" "node-superagent/1.4.0"
66.249.66.56 - - [27/Jan/2016:23:15:03 -0800] "GET /lib/resortDataSearchD3.php?size=7&sortDate=T&resort=powderhorn&dateStart=2015-12-24 HTTP/1.1" 200 871 "http://whereshouldiski.com/" "Mozilla/5.0 (compatible; Googlebot/2.1; +http://www.google.com/bot.html)"
50.174.113.9 - - [27/Jan/2016:23:20:36 -0800] "GET /images/wsis-logo-sm.png HTTP/1.1" 200 6108 "http://thebackcountry.net/" "Mozilla/5.0 (Macintosh; Intel Mac OS X 10_11_1) AppleWebKit/601.2.7 (KHTML, like Gecko) Version/9.0.1 Safari/601.2.7"
52.33.40.213 - - [27/Jan/2016:23:30:32 -0800] "GET /lib/reccapi.php?resort=hoodoo HTTP/1.1" 200 995 "-" "node-superagent/1.4.0"
180.76.15.153 - - [27/Jan/2016:23:33:26 -0800] "GET / HTTP/1.1" 200 6995 "-" "Mozilla/5.0 (compatible; Baiduspider/2.0; +http://www.baidu.com/search/spider.html)"
180.76.15.147 - - [27/Jan/2016:23:34:23 -0800] "GET / HTTP/1.1" 200 6995 "-" "Mozilla/5.0 (compatible; Baiduspider/2.0; +http://www.baidu.com/search/spider.html)"
170.75.162.130 - - [27/Jan/2016:23:35:05 -0800] "GET /lib/reccapi.php?resort=cannonmountain HTTP/1.1" 200 1040 "-" "node-superagent/1.4.0"
52.33.40.213 - - [27/Jan/2016:23:48:13 -0800] "GET /lib/reccapi.php?resort=brianhead HTTP/1.1" 200 981 "-" "node-superagent/1.4.0"
52.33.40.213 - - [27/Jan/2016:23:48:13 -0800] "GET /lib/reccapi.php?resort=bigwhite HTTP/1.1" 200 916 "-" "node-superagent/1.4.0"
52.33.40.213 - - [27/Jan/2016:23:48:13 -0800] "GET /lib/reccapi.php?resort=chinapeak HTTP/1.1" 200 989 "-" "node-superagent/1.4.0"
52.33.40.213 - - [27/Jan/2016:23:48:13 -0800] "GET /lib/reccapi.php?resort=buttermilk HTTP/1.1" 200 992 "-" "node-superagent/1.4.0"
52.33.40.213 - - [27/Jan/2016:23:49:34 -0800] "GET /lib/reccapi.php?resort=devilshead HTTP/1.1" 200 986 "-" "node-superagent/1.4.0"
52.33.40.213 - - [27/Jan/2016:23:49:34 -0800] "GET /lib/reccapi.php?resort=homewoodmountain HTTP/1.1" 200 978 "-" "node-superagent/1.4.0"
52.33.40.213 - - [27/Jan/2016:23:49:34 -0800] "GET /lib/reccapi.php?resort=crestedbutte HTTP/1.1" 200 980 "-" "node-superagent/1.4.0"
52.33.40.213 - - [27/Jan/2016:23:49:34 -0800] "GET /lib/reccapi.php?resort=diamondpeak HTTP/1.1" 200 929 "-" "node-superagent/1.4.0"
52.33.40.213 - - [27/Jan/2016:23:49:34 -0800] "GET /lib/reccapi.php?resort=jaypeak HTTP/1.1" 200 1050 "-" "node-superagent/1.4.0"
52.33.40.213 - - [27/Jan/2016:23:50:04 -0800] "GET /lib/reccapi.php?resort=sugarbowl HTTP/1.1" 200 944 "-" "node-superagent/1.4.0"
76.14.161.3 - - [27/Jan/2016:23:50:07 -0800] "GET /images/wsis-logo-sm.png HTTP/1.1" 200 6108 "http://thebackcountry.net/" "Mozilla/5.0 (Macintosh; Intel Mac OS X 10_9_5) AppleWebKit/600.6.3 (KHTML, like Gecko) Version/7.1.6 Safari/537.85.15"
52.33.40.213 - - [27/Jan/2016:23:50:14 -0800] "GET /lib/reccapi.php?resort=mtrose HTTP/1.1" 200 937 "-" "node-superagent/1.4.0"
52.33.40.213 - - [27/Jan/2016:23:50:14 -0800] "GET /lib/reccapi.php?resort=monarch HTTP/1.1" 200 954 "-" "node-superagent/1.4.0"
52.33.40.213 - - [27/Jan/2016:23:50:34 -0800] "GET /lib/reccapi.php?resort=sunpeaksresort HTTP/1.1" 200 922 "-" "node-superagent/1.4.0"
52.33.40.213 - - [27/Jan/2016:23:50:34 -0800] "GET /lib/reccapi.php?resort=sundayriver HTTP/1.1" 200 994 "-" "node-superagent/1.4.0"
52.33.40.213 - - [27/Jan/2016:23:51:04 -0800] "GET /lib/reccapi.php?resort=redmountain HTTP/1.1" 200 906 "-" "node-superagent/1.4.0"
52.33.40.213 - - [27/Jan/2016:23:51:04 -0800] "GET /lib/reccapi.php?resort=loveland HTTP/1.1" 200 1009 "-" "node-superagent/1.4.0"
52.33.40.213 - - [27/Jan/2016:23:51:04 -0800] "GET /lib/reccapi.php?resort=mountainhigh HTTP/1.1" 200 1020 "-" "node-superagent/1.4.0"
52.33.40.213 - - [27/Jan/2016:23:51:04 -0800] "GET /lib/reccapi.php?resort=redlodge HTTP/1.1" 200 1019 "-" "node-superagent/1.4.0"
52.33.40.213 - - [27/Jan/2016:23:51:14 -0800] "GET /lib/reccapi.php?resort=whitefacemountain HTTP/1.1" 200 1064 "-" "node-superagent/1.4.0"
52.33.40.213 - - [27/Jan/2016:23:51:14 -0800] "GET /lib/reccapi.php?resort=wildcatmountain HTTP/1.1" 200 1047 "-" "node-superagent/1.4.0"
52.33.40.213 - - [27/Jan/2016:23:51:14 -0800] "GET /lib/reccapi.php?resort=sierra-at-tahoe HTTP/1.1" 200 980 "-" "node-superagent/1.4.0"
52.33.40.213 - - [27/Jan/2016:23:52:04 -0800] "GET /lib/reccapi.php?resort=silverstarmountain HTTP/1.1" 200 925 "-" "node-superagent/1.4.0"
52.33.40.213 - - [27/Jan/2016:23:52:04 -0800] "GET /lib/reccapi.php?resort=snowbasin HTTP/1.1" 200 952 "-" "node-superagent/1.4.0"
170.75.162.130 - - [27/Jan/2016:23:53:07 -0800] "GET /lib/reccapi.php?resort=mountbachelor HTTP/1.1" 200 1008 "-" "node-superagent/1.4.0"
170.75.162.130 - - [27/Jan/2016:23:56:18 -0800] "GET /lib/reccapi.php?resort=winterpark HTTP/1.1" 200 983 "-" "node-superagent/1.4.0"
66.249.66.62 - - [27/Jan/2016:23:59:17 -0800] "GET /resorts?resort=cannonmountain&date=2014-02-02 HTTP/1.1" 404 506 "-" "DoCoMo/2.0 N905i(c100;TB;W24H16) (compatible; Googlebot-Mobile/2.1; +http://www.google.com/bot.html)"
