206.29.176.51 - - [07/Dec/2015:09:12:40 -0800] "GET /lib/resortDataSearchD3.php?size=7&sortDate=T&resort=huntermountain&dateStart=2015-12-05 HTTP/1.1" 200 847 "http://whereshouldiski.com/" "Mozilla/5.0 (Macintosh; Intel Mac OS X 10_11_1) AppleWebKit/537.36 (KHTML, like Gecko) Chrome/47.0.2526.73 Safari/537.36"
206.29.176.51 - - [07/Dec/2015:09:12:47 -0800] "GET /lib/reccapi.php?resort=mountainhigh&date=2015-12-07 HTTP/1.1" 200 1035 "http://whereshouldiski.com/" "Mozilla/5.0 (Macintosh; Intel Mac OS X 10_11_1) AppleWebKit/537.36 (KHTML, like Gecko) Chrome/47.0.2526.73 Safari/537.36"
206.29.176.51 - - [07/Dec/2015:09:12:47 -0800] "GET /lib/reccapi.php?fields=t&coords=47.5783871,-122.1649591&date=2015-12-07&coords=34.38%2C-117.71&size=7&sort=distance HTTP/1.1" 200 1291 "http://whereshouldiski.com/" "Mozilla/5.0 (Macintosh; Intel Mac OS X 10_11_1) AppleWebKit/537.36 (KHTML, like Gecko) Chrome/47.0.2526.73 Safari/537.36"
206.29.176.51 - - [07/Dec/2015:09:12:47 -0800] "GET /lib/resortDataSearchD3.php?size=7&sortDate=T&resort=mountainhigh&dateStart=2015-12-05 HTTP/1.1" 200 849 "http://whereshouldiski.com/" "Mozilla/5.0 (Macintosh; Intel Mac OS X 10_11_1) AppleWebKit/537.36 (KHTML, like Gecko) Chrome/47.0.2526.73 Safari/537.36"
62.210.88.201 - - [07/Dec/2015:09:12:55 -0800] "GET http://51.254.206.142/httptest.php HTTP/1.1" 404 448 "-" "-"
206.29.176.51 - - [07/Dec/2015:09:13:38 -0800] "GET /lib/reccapi.php?fields=t&coords=47.5783871,-122.1649591 HTTP/1.1" 200 2032 "http://whereshouldiski.com/" "Mozilla/5.0 (Macintosh; Intel Mac OS X 10_11_1) AppleWebKit/537.36 (KHTML, like Gecko) Chrome/47.0.2526.73 Safari/537.36"
206.29.176.51 - - [07/Dec/2015:09:14:03 -0800] "GET /lib/reccapi.php?resort=whitewater&date=2015-12-09 HTTP/1.1" 200 931 "http://whereshouldiski.com/" "Mozilla/5.0 (Macintosh; Intel Mac OS X 10_11_1) AppleWebKit/537.36 (KHTML, like Gecko) Chrome/47.0.2526.73 Safari/537.36"
206.29.176.51 - - [07/Dec/2015:09:14:03 -0800] "GET /lib/reccapi.php?fields=t&coords=47.5783871,-122.1649591&date=2015-12-09&coords=49.444%2C-117.152&size=7&sort=distance HTTP/1.1" 200 1428 "http://whereshouldiski.com/" "Mozilla/5.0 (Macintosh; Intel Mac OS X 10_11_1) AppleWebKit/537.36 (KHTML, like Gecko) Chrome/47.0.2526.73 Safari/537.36"
206.29.176.51 - - [07/Dec/2015:09:14:03 -0800] "GET /lib/resortDataSearchD3.php?size=7&sortDate=T&resort=whitewater&dateStart=2015-12-07 HTTP/1.1" 200 781 "http://whereshouldiski.com/" "Mozilla/5.0 (Macintosh; Intel Mac OS X 10_11_1) AppleWebKit/537.36 (KHTML, like Gecko) Chrome/47.0.2526.73 Safari/537.36"
206.29.176.51 - - [07/Dec/2015:09:14:05 -0800] "GET /lib/reccapi.php?fields=t&coords=47.5783871,-122.1649591 HTTP/1.1" 200 2031 "http://whereshouldiski.com/" "Mozilla/5.0 (Macintosh; Intel Mac OS X 10_11_1) AppleWebKit/537.36 (KHTML, like Gecko) Chrome/47.0.2526.73 Safari/537.36"
206.29.176.51 - - [07/Dec/2015:09:14:26 -0800] "-" 408 0 "-" "-"
206.29.176.51 - - [07/Dec/2015:09:14:26 -0800] "-" 408 0 "-" "-"
195.62.53.168 - - [07/Dec/2015:09:15:14 -0800] "GET /css/css HTTP/1.0" 404 518 "-" "Mozilla/5.0 (Windows NT 6.1; Win64; x64; rv:30.N) Gecko/20110302 Firefox/30.0"
24.205.99.155 - - [07/Dec/2015:09:22:22 -0800] "GET /images/wsis-logo-sm.png HTTP/1.1" 200 6108 "http://www.thebackcountry.net/" "Mozilla/5.0 (Macintosh; Intel Mac OS X 10_8_5) AppleWebKit/537.36 (KHTML, like Gecko) Chrome/47.0.2526.73 Safari/537.36"
170.75.162.130 - - [07/Dec/2015:09:22:36 -0800] "GET /lib/reccapi.php?resort=alyeska HTTP/1.1" 200 947 "-" "node-superagent/1.4.0"
50.174.40.248 - - [07/Dec/2015:09:26:05 -0800] "-" 408 0 "-" "-"
50.174.40.248 - - [07/Dec/2015:09:26:05 -0800] "-" 408 0 "-" "-"
123.125.71.39 - - [07/Dec/2015:09:30:06 -0800] "GET /robots.txt HTTP/1.1" 200 382 "-" "Mozilla/5.0 (Windows NT 5.1; rv:6.0.2) Gecko/20100101 Firefox/6.0.2"
176.127.125.152 - - [07/Dec/2015:09:32:09 -0800] "GET /images/wsis-logo-sm.png HTTP/1.1" 200 6108 "http://www.thebackcountry.net/" "Mozilla/5.0 (Macintosh; Intel Mac OS X 10_10_5) AppleWebKit/601.2.7 (KHTML, like Gecko) Version/9.0.1 Safari/601.2.7"
76.14.140.18 - - [07/Dec/2015:09:33:25 -0800] "GET /images/wsis-logo-sm.png HTTP/1.1" 200 6108 "http://www.thebackcountry.net/" "Mozilla/5.0 (Windows NT 6.1; WOW64) AppleWebKit/537.36 (KHTML, like Gecko) Chrome/47.0.2526.73 Safari/537.36"
173.209.248.100 - - [07/Dec/2015:09:37:22 -0800] "GET /images/wsis-logo-sm.png HTTP/1.1" 200 6108 "http://www.thebackcountry.net/" "Mozilla/5.0 (Windows NT 6.1; WOW64) AppleWebKit/537.36 (KHTML, like Gecko) Chrome/46.0.2490.86 Safari/537.36"
170.75.162.130 - - [07/Dec/2015:09:37:28 -0800] "GET /lib/reccapi.php?resort=madriverglen HTTP/1.1" 200 959 "-" "node-superagent/1.4.0"
170.75.162.130 - - [07/Dec/2015:09:37:28 -0800] "GET /lib/reccapi.php?resort=jaypeak HTTP/1.1" 200 971 "-" "node-superagent/1.4.0"
170.75.162.130 - - [07/Dec/2015:09:37:28 -0800] "GET /lib/reccapi.php?resort=smugglersnotch HTTP/1.1" 200 962 "-" "node-superagent/1.4.0"
170.75.162.130 - - [07/Dec/2015:09:37:28 -0800] "GET /lib/reccapi.php?resort=sugarbush HTTP/1.1" 200 949 "-" "node-superagent/1.4.0"
170.75.162.130 - - [07/Dec/2015:09:37:28 -0800] "GET /lib/reccapi.php?resort=stowe HTTP/1.1" 200 943 "-" "node-superagent/1.4.0"
107.220.214.250 - - [07/Dec/2015:09:37:39 -0800] "GET /images/wsis-logo-sm.png HTTP/1.1" 200 6108 "http://www.thebackcountry.net/" "Mozilla/5.0 (Macintosh; Intel Mac OS X 10_10_5) AppleWebKit/601.2.7 (KHTML, like Gecko) Version/9.0.1 Safari/601.2.7"
206.29.176.53 - - [07/Dec/2015:09:38:50 -0800] "GET /backbonetest.html HTTP/1.1" 404 506 "-" "Mozilla/5.0 (Macintosh; Intel Mac OS X 10_10_5) AppleWebKit/601.2.7 (KHTML, like Gecko)"
206.29.176.53 - - [07/Dec/2015:09:38:50 -0800] "GET /favicon.ico HTTP/1.1" 200 1476 "-" "Safari/10601.2.7.2 CFNetwork/720.5.7 Darwin/14.5.0 (x86_64)"
206.29.176.53 - - [07/Dec/2015:09:38:50 -0800] "GET /apple-touch-icon-precomposed.png HTTP/1.1" 404 521 "-" "Safari/10601.2.7.2 CFNetwork/720.5.7 Darwin/14.5.0 (x86_64)"
206.29.176.53 - - [07/Dec/2015:09:38:50 -0800] "GET /apple-touch-icon.png HTTP/1.1" 404 512 "-" "Safari/10601.2.7.2 CFNetwork/720.5.7 Darwin/14.5.0 (x86_64)"
206.29.176.53 - - [07/Dec/2015:09:38:51 -0800] "GET /backbonetest.html HTTP/1.1" 404 505 "-" "Mozilla/5.0 (iPhone; CPU iPhone OS 8_1 like Mac OS X) AppleWebKit/600.1.4 (KHTML, like Gecko) Version/8.0 Mobile/12B410 Safari/600.1.4"
206.29.176.53 - - [07/Dec/2015:09:38:51 -0800] "GET /apple-touch-icon-precomposed.png HTTP/1.1" 404 520 "-" "Safari/10601.2.7.2 CFNetwork/720.5.7 Darwin/14.5.0 (x86_64)"
206.29.176.53 - - [07/Dec/2015:09:38:51 -0800] "GET /apple-touch-icon.png HTTP/1.1" 404 512 "-" "Safari/10601.2.7.2 CFNetwork/720.5.7 Darwin/14.5.0 (x86_64)"
107.77.92.58 - - [07/Dec/2015:09:43:17 -0800] "GET /images/wsis-logo-sm.png HTTP/1.1" 200 6108 "http://www.thebackcountry.net/" "Mozilla/5.0 (iPhone; CPU iPhone OS 9_0_2 like Mac OS X) AppleWebKit/601.1.46 (KHTML, like Gecko) Version/9.0 Mobile/13A452 Safari/601.1"
170.75.162.130 - - [07/Dec/2015:09:49:10 -0800] "GET /lib/reccapi.php?resort=aspenheights HTTP/1.1" 200 986 "-" "node-superagent/1.4.0"
220.181.108.146 - - [07/Dec/2015:09:50:51 -0800] "GET / HTTP/1.1" 200 2339 "-" "Mozilla/5.0 (Windows NT 5.1; rv:6.0.2) Gecko/20100101 Firefox/6.0.2"
220.181.108.183 - - [07/Dec/2015:09:51:00 -0800] "GET / HTTP/1.1" 200 6114 "-" "Mozilla/5.0 (Windows NT 5.1; rv:6.0.2) Gecko/20100101 Firefox/6.0.2"
69.106.48.42 - - [07/Dec/2015:09:54:54 -0800] "GET /images/wsis-logo-sm.png HTTP/1.1" 200 6108 "http://www.thebackcountry.net/" "Mozilla/5.0 (Windows NT 10.0; WOW64) AppleWebKit/537.36 (KHTML, like Gecko) Chrome/47.0.2526.73 Safari/537.36"
170.75.162.130 - - [07/Dec/2015:09:58:21 -0800] "GET /lib/reccapi.php?resort=angelfire HTTP/1.1" 200 999 "-" "node-superagent/1.4.0"
170.75.162.130 - - [07/Dec/2015:09:58:31 -0800] "GET /lib/reccapi.php?resort=squawvalleyusa HTTP/1.1" 200 1003 "-" "node-superagent/1.4.0"
61.216.2.13 - - [07/Dec/2015:10:05:49 -0800] "GET / HTTP/1.1" 400 539 "-" "Mozilla/5.0 (Windows NT 6.3; WOW64) AppleWebKit/537.36 (KHTML, like Gecko) Chrome/45.0.2454.101 Safari/537.36"
24.10.58.163 - - [07/Dec/2015:10:08:24 -0800] "GET /images/wsis-logo-sm.png HTTP/1.1" 200 6108 "http://www.thebackcountry.net/" "Mozilla/5.0 (Macintosh; Intel Mac OS X 10_10_5) AppleWebKit/601.2.7 (KHTML, like Gecko) Version/9.0.1 Safari/601.2.7"
158.65.112.141 - - [07/Dec/2015:10:09:38 -0800] "GET /images/wsis-logo-sm.png HTTP/1.1" 200 6108 "http://www.thebackcountry.net/" "Mozilla/5.0 (Windows NT 6.1; WOW64) AppleWebKit/537.36 (KHTML, like Gecko) Chrome/46.0.2490.86 Safari/537.36"
17.115.208.163 - - [07/Dec/2015:10:23:13 -0800] "GET /images/wsis-logo-sm.png HTTP/1.1" 200 6108 "http://www.thebackcountry.net/" "Mozilla/5.0 (Macintosh; Intel Mac OS X 10_10_5) AppleWebKit/601.2.7 (KHTML, like Gecko) Version/9.0.1 Safari/601.2.7"
123.125.71.77 - - [07/Dec/2015:10:42:32 -0800] "-" 408 0 "-" "-"
170.75.162.130 - - [07/Dec/2015:10:43:57 -0800] "GET /lib/reccapi.php?resort=solitude HTTP/1.1" 200 950 "-" "node-superagent/1.4.0"
75.42.66.112 - - [07/Dec/2015:10:45:17 -0800] "GET /images/wsis-logo-sm.png HTTP/1.1" 200 6108 "http://www.thebackcountry.net/" "Mozilla/5.0 (iPhone; CPU iPhone OS 9_1 like Mac OS X) AppleWebKit/601.1.46 (KHTML, like Gecko) Version/9.0 Mobile/13B143 Safari/601.1"
220.181.108.149 - - [07/Dec/2015:10:53:12 -0800] "-" 408 0 "-" "-"
170.75.162.130 - - [07/Dec/2015:10:56:29 -0800] "GET /lib/reccapi.php?resort=stevenspass HTTP/1.1" 200 1054 "-" "node-superagent/1.4.0"
170.75.162.130 - - [07/Dec/2015:11:09:50 -0800] "GET /lib/reccapi.php?resort=snowbird HTTP/1.1" 200 957 "-" "node-superagent/1.4.0"
170.75.162.130 - - [07/Dec/2015:11:10:30 -0800] "GET /lib/reccapi.php?resort=winterpark HTTP/1.1" 200 991 "-" "node-superagent/1.4.0"
170.75.162.130 - - [07/Dec/2015:11:11:31 -0800] "GET /lib/reccapi.php?resort=deervalley HTTP/1.1" 200 983 "-" "node-superagent/1.4.0"
180.76.15.17 - - [07/Dec/2015:11:21:01 -0800] "GET /resorts?resort=mt.baldy&date=2014-01-17 HTTP/1.1" 404 472 "-" "Mozilla/5.0 (compatible; Baiduspider/2.0; +http://www.baidu.com/search/spider.html)"
62.210.88.201 - - [07/Dec/2015:11:22:30 -0800] "GET http://51.254.206.142/httptest.php HTTP/1.1" 404 448 "-" "-"
170.75.162.130 - - [07/Dec/2015:11:23:42 -0800] "GET /lib/reccapi.php?resort=alpinemeadows HTTP/1.1" 200 996 "-" "node-superagent/1.4.0"
24.32.30.13 - - [07/Dec/2015:11:24:58 -0800] "GET /images/wsis-logo-sm.png HTTP/1.1" 200 6108 "http://www.thebackcountry.net/" "Mozilla/5.0 (Macintosh; Intel Mac OS X 10_6_8) AppleWebKit/534.59.10 (KHTML, like Gecko) Version/5.1.9 Safari/534.59.10"
12.2.178.114 - - [07/Dec/2015:11:27:41 -0800] "GET /images/wsis-logo-sm.png HTTP/1.1" 200 6108 "http://www.thebackcountry.net/" "Mozilla/5.0 (Windows NT 6.1; WOW64) AppleWebKit/537.36 (KHTML, like Gecko) Chrome/47.0.2526.73 Safari/537.36"
67.5.241.19 - - [07/Dec/2015:11:31:26 -0800] "GET /images/wsis-logo-sm.png HTTP/1.1" 200 6108 "http://www.thebackcountry.net/" "Mozilla/5.0 (Macintosh; Intel Mac OS X 10_11_1) AppleWebKit/537.36 (KHTML, like Gecko) Chrome/47.0.2526.73 Safari/537.36"
71.140.31.214 - - [07/Dec/2015:11:33:31 -0800] "GET /images/wsis-logo-sm.png HTTP/1.1" 200 6108 "http://thebackcountry.net/" "Mozilla/4.0 (compatible; MSIE 8.0; Windows NT 5.1; Trident/4.0; .NET CLR 2.0.50727; .NET CLR 3.0.4506.2152; .NET CLR 3.5.30729; 786908940603; Build/14.08001)"
123.125.71.111 - - [07/Dec/2015:11:43:44 -0800] "-" 408 0 "-" "-"
170.75.162.130 - - [07/Dec/2015:11:44:35 -0800] "GET /lib/reccapi.php?resort=brighton HTTP/1.1" 200 961 "-" "node-superagent/1.4.0"
166.137.240.54 - - [07/Dec/2015:11:49:33 -0800] "GET /images/wsis-logo-sm.png HTTP/1.1" 200 6108 "http://www.thebackcountry.net/" "Mozilla/5.0 (iPhone; CPU iPhone OS 9_1 like Mac OS X) AppleWebKit/601.1.46 (KHTML, like Gecko) Version/9.0 Mobile/13B143 Safari/601.1"
220.181.108.154 - - [07/Dec/2015:11:53:26 -0800] "-" 408 0 "-" "-"
108.70.211.70 - - [07/Dec/2015:12:00:41 -0800] "GET /images/wsis-logo-sm.png HTTP/1.1" 200 6108 "http://www.thebackcountry.net/" "Mozilla/5.0 (Windows NT 6.1; WOW64) AppleWebKit/537.36 (KHTML, like Gecko) Chrome/46.0.2490.86 Safari/537.36"
173.184.253.150 - - [07/Dec/2015:12:01:10 -0800] "GET /images/wsis-logo-sm.png HTTP/1.1" 200 6108 "http://www.thebackcountry.net/" "Mozilla/5.0 (Windows NT 6.1; WOW64) AppleWebKit/537.36 (KHTML, like Gecko) Chrome/47.0.2526.73 Safari/537.36"
76.14.160.226 - - [07/Dec/2015:12:03:07 -0800] "GET /images/wsis-logo-sm.png HTTP/1.1" 200 6108 "http://www.thebackcountry.net/" "Mozilla/5.0 (Windows NT 6.1; WOW64) AppleWebKit/537.36 (KHTML, like Gecko) Chrome/47.0.2526.73 Safari/537.36"
38.122.184.51 - - [07/Dec/2015:12:03:29 -0800] "GET /images/wsis-logo-sm.png HTTP/1.1" 200 6108 "http://www.thebackcountry.net/" "Mozilla/5.0 (Windows NT 6.2; WOW64) AppleWebKit/537.36 (KHTML, like Gecko) Chrome/47.0.2526.73 Safari/537.36"
62.210.88.201 - - [07/Dec/2015:12:05:55 -0800] "GET http://51.254.206.142/httptest.php HTTP/1.1" 404 448 "-" "-"
24.205.218.182 - - [07/Dec/2015:12:06:40 -0800] "GET /images/wsis-logo-sm.png HTTP/1.1" 200 6108 "http://www.thebackcountry.net/" "Mozilla/5.0 (Macintosh; Intel Mac OS X 10_8_5) AppleWebKit/537.36 (KHTML, like Gecko) Chrome/47.0.2526.73 Safari/537.36"
146.114.67.28 - - [07/Dec/2015:12:12:19 -0800] "GET /images/wsis-logo-sm.png HTTP/1.1" 200 6108 "http://www.thebackcountry.net/" "Mozilla/5.0 (Windows NT 6.1; WOW64) AppleWebKit/537.36 (KHTML, like Gecko) Chrome/47.0.2526.73 Safari/537.36"
173.239.65.9 - - [07/Dec/2015:12:14:00 -0800] "GET /images/wsis-logo-sm.png HTTP/1.1" 200 6108 "http://www.thebackcountry.net/" "Mozilla/5.0 (Windows NT 6.1; WOW64) AppleWebKit/537.36 (KHTML, like Gecko) Chrome/47.0.2526.73 Safari/537.36"
170.75.162.130 - - [07/Dec/2015:12:17:29 -0800] "GET /lib/reccapi.php?resort=homewoodmountain HTTP/1.1" 200 997 "-" "node-superagent/1.4.0"
206.29.176.51 - - [07/Dec/2015:12:18:22 -0800] "GET / HTTP/1.1" 200 2376 "-" "Mozilla/5.0 (Windows NT 6.1; WOW64; rv:42.0) Gecko/20100101 Firefox/42.0"
206.29.176.51 - - [07/Dec/2015:12:18:22 -0800] "GET /styles/0fffd548.main.css HTTP/1.1" 200 19316 "http://whereshouldiski.com/" "Mozilla/5.0 (Windows NT 6.1; WOW64; rv:42.0) Gecko/20100101 Firefox/42.0"
206.29.176.51 - - [07/Dec/2015:12:18:22 -0800] "GET /scripts/scripts/vendor/modernizr.js HTTP/1.1" 200 4903 "http://whereshouldiski.com/" "Mozilla/5.0 (Windows NT 6.1; WOW64; rv:42.0) Gecko/20100101 Firefox/42.0"
206.29.176.51 - - [07/Dec/2015:12:18:22 -0800] "GET /bower_components/requirejs/require.js HTTP/1.1" 200 6702 "http://whereshouldiski.com/" "Mozilla/5.0 (Windows NT 6.1; WOW64; rv:42.0) Gecko/20100101 Firefox/42.0"
206.29.176.51 - - [07/Dec/2015:12:18:22 -0800] "GET /images/logo-sm.png HTTP/1.1" 200 16737 "http://whereshouldiski.com/" "Mozilla/5.0 (Windows NT 6.1; WOW64; rv:42.0) Gecko/20100101 Firefox/42.0"
206.29.176.51 - - [07/Dec/2015:12:18:22 -0800] "GET /images/loading.gif HTTP/1.1" 200 13882 "http://whereshouldiski.com/" "Mozilla/5.0 (Windows NT 6.1; WOW64; rv:42.0) Gecko/20100101 Firefox/42.0"
206.29.176.51 - - [07/Dec/2015:12:18:22 -0800] "GET /scripts/fa48e319.main.js HTTP/1.1" 200 123455 "http://whereshouldiski.com/" "Mozilla/5.0 (Windows NT 6.1; WOW64; rv:42.0) Gecko/20100101 Firefox/42.0"
206.29.176.51 - - [07/Dec/2015:12:18:23 -0800] "GET /images/greyHeader.png HTTP/1.1" 200 508 "http://whereshouldiski.com/styles/0fffd548.main.css" "Mozilla/5.0 (Windows NT 6.1; WOW64; rv:42.0) Gecko/20100101 Firefox/42.0"
206.29.176.51 - - [07/Dec/2015:12:18:23 -0800] "GET /lib/reccapi.php?fields=t HTTP/1.1" 200 1842 "http://whereshouldiski.com/" "Mozilla/5.0 (Windows NT 6.1; WOW64; rv:42.0) Gecko/20100101 Firefox/42.0"
206.29.176.51 - - [07/Dec/2015:12:18:23 -0800] "GET /images/snowflake5.png HTTP/1.1" 200 2857 "http://whereshouldiski.com/styles/0fffd548.main.css" "Mozilla/5.0 (Windows NT 6.1; WOW64; rv:42.0) Gecko/20100101 Firefox/42.0"
206.29.176.51 - - [07/Dec/2015:12:18:23 -0800] "GET /images/star5.png HTTP/1.1" 200 1783 "http://whereshouldiski.com/styles/0fffd548.main.css" "Mozilla/5.0 (Windows NT 6.1; WOW64; rv:42.0) Gecko/20100101 Firefox/42.0"
206.29.176.51 - - [07/Dec/2015:12:18:23 -0800] "GET /images/bluebird5.png HTTP/1.1" 200 2177 "http://whereshouldiski.com/styles/0fffd548.main.css" "Mozilla/5.0 (Windows NT 6.1; WOW64; rv:42.0) Gecko/20100101 Firefox/42.0"
206.29.176.51 - - [07/Dec/2015:12:18:23 -0800] "GET /images/mtns-icon.png HTTP/1.1" 200 1096 "http://whereshouldiski.com/styles/0fffd548.main.css" "Mozilla/5.0 (Windows NT 6.1; WOW64; rv:42.0) Gecko/20100101 Firefox/42.0"
206.29.176.51 - - [07/Dec/2015:12:18:23 -0800] "GET /images/shading-icon.png HTTP/1.1" 200 537 "http://whereshouldiski.com/styles/0fffd548.main.css" "Mozilla/5.0 (Windows NT 6.1; WOW64; rv:42.0) Gecko/20100101 Firefox/42.0"
206.29.176.51 - - [07/Dec/2015:12:18:24 -0800] "GET /favicon.ico HTTP/1.1" 200 1475 "-" "Mozilla/5.0 (Windows NT 6.1; WOW64; rv:42.0) Gecko/20100101 Firefox/42.0"
180.76.15.33 - - [07/Dec/2015:12:24:30 -0800] "GET / HTTP/1.1" 200 6114 "-" "Mozilla/5.0 (compatible; Baiduspider/2.0; +http://www.baidu.com/search/spider.html)"
180.76.15.12 - - [07/Dec/2015:12:25:21 -0800] "GET / HTTP/1.1" 200 6114 "-" "Mozilla/5.0 (compatible; Baiduspider/2.0; +http://www.baidu.com/search/spider.html)"
207.192.250.248 - - [07/Dec/2015:12:27:06 -0800] "GET /images/wsis-logo-sm.png HTTP/1.1" 200 6108 "http://www.thebackcountry.net/" "Mozilla/5.0 (iPad; CPU OS 9_1 like Mac OS X) AppleWebKit/601.1.46 (KHTML, like Gecko) Version/9.0 Mobile/13B143 Safari/601.1"
170.75.162.130 - - [07/Dec/2015:12:34:01 -0800] "GET /lib/reccapi.php?resort=northstar-at-tahoe HTTP/1.1" 200 964 "-" "node-superagent/1.4.0"
1.132.96.96 - - [07/Dec/2015:12:34:59 -0800] "GET /images/wsis-logo-sm.png HTTP/1.1" 200 6108 "http://www.thebackcountry.net/" "Mozilla/5.0 (iPhone; CPU iPhone OS 9_1 like Mac OS X) AppleWebKit/601.1.46 (KHTML, like Gecko) Version/9.0 Mobile/13B143 Safari/601.1"
170.75.162.130 - - [07/Dec/2015:12:35:32 -0800] "GET /lib/reccapi.php?resort=sunvalley HTTP/1.1" 200 1052 "-" "node-superagent/1.4.0"
66.60.245.48 - - [07/Dec/2015:12:42:59 -0800] "GET /images/wsis-logo-sm.png HTTP/1.1" 200 6108 "http://www.thebackcountry.net/" "Mozilla/5.0 (compatible; MSIE 9.0; Windows NT 6.1; Trident/5.0)"
123.125.71.87 - - [07/Dec/2015:12:45:41 -0800] "-" 408 0 "-" "-"
75.111.105.158 - - [07/Dec/2015:12:51:04 -0800] "GET /images/wsis-logo-sm.png HTTP/1.1" 200 6108 "http://www.thebackcountry.net/" "Mozilla/5.0 (iPad; CPU OS 8_1 like Mac OS X) AppleWebKit/600.1.4 (KHTML, like Gecko) Version/8.0 Mobile/12B410 Safari/600.1.4"
170.75.162.130 - - [07/Dec/2015:12:51:54 -0800] "GET /lib/reccapi.php?resort=crystalmountain HTTP/1.1" 200 1039 "-" "node-superagent/1.4.0"
70.214.39.155 - - [07/Dec/2015:12:52:55 -0800] "GET /images/wsis-logo-sm.png HTTP/1.1" 200 6108 "http://www.thebackcountry.net/" "Mozilla/5.0 (iPhone; CPU iPhone OS 9_1 like Mac OS X) AppleWebKit/601.1.46 (KHTML, like Gecko) Mobile/13B143"
180.76.15.140 - - [07/Dec/2015:12:53:30 -0800] "GET / HTTP/1.1" 200 6114 "-" "Mozilla/5.0 (compatible; Baiduspider/2.0; +http://www.baidu.com/search/spider.html)"
77.75.79.32 - - [07/Dec/2015:12:54:01 -0800] "GET /robots.txt HTTP/1.1" 200 419 "-" "Mozilla/5.0 (compatible; SeznamBot/3.2; +http://fulltext.sblog.cz/)"
77.75.79.32 - - [07/Dec/2015:12:54:03 -0800] "GET /resorts?resort=whitefacemountain HTTP/1.1" 404 506 "-" "Mozilla/5.0 (compatible; SeznamBot/3.2; +http://fulltext.sblog.cz/)"
180.76.15.151 - - [07/Dec/2015:12:54:13 -0800] "GET / HTTP/1.1" 200 6114 "-" "Mozilla/5.0 (compatible; Baiduspider/2.0; +http://www.baidu.com/search/spider.html)"
220.181.108.187 - - [07/Dec/2015:12:56:33 -0800] "-" 408 0 "-" "-"
170.75.162.130 - - [07/Dec/2015:12:59:45 -0800] "GET /lib/reccapi.php?resort=crestedbutte HTTP/1.1" 200 976 "-" "node-superagent/1.4.0"
62.210.88.201 - - [07/Dec/2015:13:04:07 -0800] "GET http://51.254.206.142/httptest.php HTTP/1.1" 404 448 "-" "-"
170.75.162.130 - - [07/Dec/2015:13:08:47 -0800] "GET /lib/reccapi.php?resort=taos HTTP/1.1" 200 934 "-" "node-superagent/1.4.0"
148.87.19.218 - - [07/Dec/2015:13:09:11 -0800] "GET /images/wsis-logo-sm.png HTTP/1.1" 200 6108 "http://www.thebackcountry.net/" "Mozilla/5.0 (Windows NT 6.1; WOW64; rv:43.0) Gecko/20100101 Firefox/43.0"
206.29.176.53 - - [07/Dec/2015:13:24:28 -0800] "GET /lib/reccapi.php?fields=t HTTP/1.1" 200 1843 "http://whereshouldiski.com/" "Mozilla/5.0 (Macintosh; Intel Mac OS X 10_10_5) AppleWebKit/537.36 (KHTML, like Gecko) Chrome/47.0.2526.73 Safari/537.36"
86.154.97.91 - - [07/Dec/2015:13:24:28 -0800] "GET /images/wsis-logo-sm.png HTTP/1.1" 200 6108 "http://www.thebackcountry.net/" "Mozilla/5.0 (Windows NT 6.3; WOW64) AppleWebKit/537.36 (KHTML, like Gecko) Chrome/46.0.2490.86 Safari/537.36"
206.29.176.53 - - [07/Dec/2015:13:24:30 -0800] "GET /lib/reccapi.php?fields=t&powder=3 HTTP/1.1" 200 1704 "http://whereshouldiski.com/" "Mozilla/5.0 (Macintosh; Intel Mac OS X 10_10_5) AppleWebKit/537.36 (KHTML, like Gecko) Chrome/47.0.2526.73 Safari/537.36"
206.29.176.53 - - [07/Dec/2015:13:24:30 -0800] "GET /images/greenHeader.png HTTP/1.1" 200 508 "http://whereshouldiski.com/styles/0fffd548.main.css" "Mozilla/5.0 (Macintosh; Intel Mac OS X 10_10_5) AppleWebKit/537.36 (KHTML, like Gecko) Chrome/47.0.2526.73 Safari/537.36"
206.29.176.53 - - [07/Dec/2015:13:24:31 -0800] "GET /lib/reccapi.php?fields=t&coords=47.5782515,-122.1653424&powder=3 HTTP/1.1" 200 1885 "http://whereshouldiski.com/" "Mozilla/5.0 (Macintosh; Intel Mac OS X 10_10_5) AppleWebKit/537.36 (KHTML, like Gecko) Chrome/47.0.2526.73 Safari/537.36"
206.29.176.53 - - [07/Dec/2015:13:24:33 -0800] "GET /lib/reccapi.php?fields=t&coords=47.5782515,-122.1653424&powder=3&distance=200 HTTP/1.1" 200 1741 "http://whereshouldiski.com/" "Mozilla/5.0 (Macintosh; Intel Mac OS X 10_10_5) AppleWebKit/537.36 (KHTML, like Gecko) Chrome/47.0.2526.73 Safari/537.36"
206.29.176.53 - - [07/Dec/2015:13:24:35 -0800] "GET /lib/reccapi.php?fields=t&coords=47.5782515,-122.1653424&powder=3 HTTP/1.1" 200 1885 "http://whereshouldiski.com/" "Mozilla/5.0 (Macintosh; Intel Mac OS X 10_10_5) AppleWebKit/537.36 (KHTML, like Gecko) Chrome/47.0.2526.73 Safari/537.36"
206.29.176.53 - - [07/Dec/2015:13:24:37 -0800] "GET /lib/reccapi.php?fields=t&coords=47.5782515,-122.1653424 HTTP/1.1" 200 2032 "http://whereshouldiski.com/" "Mozilla/5.0 (Macintosh; Intel Mac OS X 10_10_5) AppleWebKit/537.36 (KHTML, like Gecko) Chrome/47.0.2526.73 Safari/537.36"
127.0.0.1 - - [07/Dec/2015:13:24:37 -0800] "OPTIONS * HTTP/1.0" 200 126 "-" "Apache/2.2.22 (Ubuntu) (internal dummy connection)"
206.29.176.53 - - [07/Dec/2015:13:24:42 -0800] "GET /lib/reccapi.php?fields=t&coords=47.5782515,-122.1653424&distance=100 HTTP/1.1" 200 1604 "http://whereshouldiski.com/" "Mozilla/5.0 (Macintosh; Intel Mac OS X 10_10_5) AppleWebKit/537.36 (KHTML, like Gecko) Chrome/47.0.2526.73 Safari/537.36"
127.0.0.1 - - [07/Dec/2015:13:24:46 -0800] "OPTIONS * HTTP/1.0" 200 126 "-" "Apache/2.2.22 (Ubuntu) (internal dummy connection)"
206.29.176.53 - - [07/Dec/2015:13:24:49 -0800] "GET /lib/reccapi.php?resort=snoqualmie-alpental&date=2015-12-12 HTTP/1.1" 200 997 "http://whereshouldiski.com/" "Mozilla/5.0 (Macintosh; Intel Mac OS X 10_10_5) AppleWebKit/537.36 (KHTML, like Gecko) Chrome/47.0.2526.73 Safari/537.36"
206.29.176.53 - - [07/Dec/2015:13:24:49 -0800] "GET /lib/reccapi.php?fields=t&date=2015-12-12&coords=47.44%2C-121.45&size=7&sort=distance HTTP/1.1" 200 1407 "http://whereshouldiski.com/" "Mozilla/5.0 (Macintosh; Intel Mac OS X 10_10_5) AppleWebKit/537.36 (KHTML, like Gecko) Chrome/47.0.2526.73 Safari/537.36"
206.29.176.53 - - [07/Dec/2015:13:24:49 -0800] "GET /images/snowflake-med-5.png HTTP/1.1" 200 6156 "http://whereshouldiski.com/styles/0fffd548.main.css" "Mozilla/5.0 (Macintosh; Intel Mac OS X 10_10_5) AppleWebKit/537.36 (KHTML, like Gecko) Chrome/47.0.2526.73 Safari/537.36"
206.29.176.53 - - [07/Dec/2015:13:24:49 -0800] "GET /images/stars-med-5.png HTTP/1.1" 200 4124 "http://whereshouldiski.com/styles/0fffd548.main.css" "Mozilla/5.0 (Macintosh; Intel Mac OS X 10_10_5) AppleWebKit/537.36 (KHTML, like Gecko) Chrome/47.0.2526.73 Safari/537.36"
206.29.176.53 - - [07/Dec/2015:13:24:49 -0800] "GET /images/sun-med-5.png HTTP/1.1" 200 7627 "http://whereshouldiski.com/styles/0fffd548.main.css" "Mozilla/5.0 (Macintosh; Intel Mac OS X 10_10_5) AppleWebKit/537.36 (KHTML, like Gecko) Chrome/47.0.2526.73 Safari/537.36"
206.29.176.53 - - [07/Dec/2015:13:24:49 -0800] "GET /lib/resortDataSearchD3.php?size=7&sortDate=T&resort=snoqualmie-alpental&dateStart=2015-12-10 HTTP/1.1" 200 529 "http://whereshouldiski.com/" "Mozilla/5.0 (Macintosh; Intel Mac OS X 10_10_5) AppleWebKit/537.36 (KHTML, like Gecko) Chrome/47.0.2526.73 Safari/537.36"
206.29.176.53 - - [07/Dec/2015:13:24:49 -0800] "GET /images/mtns-30px.png HTTP/1.1" 200 1202 "http://whereshouldiski.com/styles/0fffd548.main.css" "Mozilla/5.0 (Macintosh; Intel Mac OS X 10_10_5) AppleWebKit/537.36 (KHTML, like Gecko) Chrome/47.0.2526.73 Safari/537.36"
206.29.176.53 - - [07/Dec/2015:13:24:49 -0800] "GET /images/shading-53px.png HTTP/1.1" 200 547 "http://whereshouldiski.com/styles/0fffd548.main.css" "Mozilla/5.0 (Macintosh; Intel Mac OS X 10_10_5) AppleWebKit/537.36 (KHTML, like Gecko) Chrome/47.0.2526.73 Safari/537.36"
206.29.176.53 - - [07/Dec/2015:13:24:49 -0800] "GET /images/snowforecast-logo.jpg HTTP/1.1" 200 22988 "http://whereshouldiski.com/" "Mozilla/5.0 (Macintosh; Intel Mac OS X 10_10_5) AppleWebKit/537.36 (KHTML, like Gecko) Chrome/47.0.2526.73 Safari/537.36"
206.29.176.53 - - [07/Dec/2015:13:24:49 -0800] "GET /images/opensnow_logo.png HTTP/1.1" 200 11776 "http://whereshouldiski.com/" "Mozilla/5.0 (Macintosh; Intel Mac OS X 10_10_5) AppleWebKit/537.36 (KHTML, like Gecko) Chrome/47.0.2526.73 Safari/537.36"
206.29.176.53 - - [07/Dec/2015:13:25:10 -0800] "-" 408 0 "-" "-"
127.0.0.1 - - [07/Dec/2015:13:25:12 -0800] "OPTIONS * HTTP/1.0" 200 126 "-" "Apache/2.2.22 (Ubuntu) (internal dummy connection)"
170.75.162.130 - - [07/Dec/2015:13:29:20 -0800] "GET /lib/reccapi.php?resort=alta HTTP/1.1" 200 952 "-" "node-superagent/1.4.0"
170.75.162.130 - - [07/Dec/2015:13:29:20 -0800] "GET /lib/reccapi.php?resort=killington HTTP/1.1" 200 951 "-" "node-superagent/1.4.0"
170.75.162.130 - - [07/Dec/2015:13:29:20 -0800] "GET /lib/reccapi.php?resort=sugarloaf HTTP/1.1" 200 950 "-" "node-superagent/1.4.0"
169.145.89.204 - - [07/Dec/2015:13:30:42 -0800] "GET /images/wsis-logo-sm.png HTTP/1.1" 200 6108 "http://www.thebackcountry.net/" "Mozilla/5.0 (Macintosh; Intel Mac OS X 10_10_3) AppleWebKit/600.5.17 (KHTML, like Gecko) Version/8.0.5 Safari/600.5.17"
170.75.162.130 - - [07/Dec/2015:13:35:01 -0800] "GET /lib/reccapi.php?resort=mtrose HTTP/1.1" 200 958 "-" "node-superagent/1.4.0"
170.75.162.130 - - [07/Dec/2015:13:35:11 -0800] "GET /lib/reccapi.php?resort=hoodoo HTTP/1.1" 200 1071 "-" "node-superagent/1.4.0"
170.75.162.130 - - [07/Dec/2015:13:35:11 -0800] "GET /lib/reccapi.php?resort=mounthoodmeadows HTTP/1.1" 200 1116 "-" "node-superagent/1.4.0"
170.75.162.130 - - [07/Dec/2015:13:35:21 -0800] "GET /lib/reccapi.php?resort=buttermilk HTTP/1.1" 200 968 "-" "node-superagent/1.4.0"
170.75.162.130 - - [07/Dec/2015:13:36:21 -0800] "GET /lib/reccapi.php?resort=coppermountain HTTP/1.1" 200 990 "-" "node-superagent/1.4.0"
170.75.162.130 - - [07/Dec/2015:13:38:31 -0800] "GET /lib/reccapi.php?resort=mountspokane HTTP/1.1" 200 1111 "-" "node-superagent/1.4.0"
173.226.122.162 - - [07/Dec/2015:13:43:54 -0800] "GET /images/wsis-logo-sm.png HTTP/1.1" 200 6108 "http://www.thebackcountry.net/" "Mozilla/5.0 (Windows NT 6.1; WOW64; Trident/7.0; rv:11.0) like Gecko"
173.226.122.162 - - [07/Dec/2015:13:45:11 -0800] "-" 408 0 "-" "-"
66.249.79.227 - - [07/Dec/2015:13:45:14 -0800] "GET /resorts?resort=windham&date=2014-02-05 HTTP/1.1" 404 506 "-" "Mozilla/5.0 (iPhone; CPU iPhone OS 8_3 like Mac OS X) AppleWebKit/600.1.4 (KHTML, like Gecko) Version/8.0 Mobile/12F70 Safari/600.1.4 (compatible; Googlebot/2.1; +http://www.google.com/bot.html)"
170.75.162.130 - - [07/Dec/2015:13:45:22 -0800] "GET /lib/reccapi.php?resort=redmountain HTTP/1.1" 200 917 "-" "node-superagent/1.4.0"
170.75.162.130 - - [07/Dec/2015:13:46:52 -0800] "GET /lib/reccapi.php?resort=49degreesnorth HTTP/1.1" 200 1112 "-" "node-superagent/1.4.0"
180.76.15.10 - - [07/Dec/2015:13:48:52 -0800] "GET / HTTP/1.1" 200 6114 "-" "Mozilla/5.0 (compatible; Baiduspider/2.0; +http://www.baidu.com/search/spider.html)"
180.76.15.31 - - [07/Dec/2015:13:49:42 -0800] "GET / HTTP/1.1" 200 6114 "-" "Mozilla/5.0 (compatible; Baiduspider/2.0; +http://www.baidu.com/search/spider.html)"
179.216.47.26 - - [07/Dec/2015:13:52:23 -0800] "GET /images/wsis-logo-sm.png HTTP/1.1" 200 6108 "http://www.thebackcountry.net/" "Mozilla/5.0 (Windows NT 6.3; WOW64) AppleWebKit/537.36 (KHTML, like Gecko) Chrome/46.0.2490.86 Safari/537.36"
38.99.32.130 - - [07/Dec/2015:13:58:35 -0800] "GET /images/wsis-logo-sm.png HTTP/1.1" 200 6108 "http://www.thebackcountry.net/" "Mozilla/5.0 (Macintosh; Intel Mac OS X 10_10_5) AppleWebKit/537.36 (KHTML, like Gecko) Chrome/44.0.2403.157 Safari/537.36"
170.75.162.130 - - [07/Dec/2015:14:00:14 -0800] "GET /lib/reccapi.php?resort=sundayriver HTTP/1.1" 200 952 "-" "node-superagent/1.4.0"
173.36.240.167 - - [07/Dec/2015:14:24:19 -0800] "GET /images/wsis-logo-sm.png HTTP/1.1" 200 6108 "http://www.thebackcountry.net/" "Mozilla/5.0 (Macintosh; Intel Mac OS X 10.11; rv:42.0) Gecko/20100101 Firefox/42.0"
128.32.141.50 - - [07/Dec/2015:14:25:02 -0800] "GET /images/wsis-logo-sm.png HTTP/1.1" 200 6108 "http://www.thebackcountry.net/" "Mozilla/5.0 (Macintosh; Intel Mac OS X 10_11_1) AppleWebKit/601.2.7 (KHTML, like Gecko) Version/9.0.1 Safari/601.2.7"
170.75.162.130 - - [07/Dec/2015:14:26:37 -0800] "GET /lib/reccapi.php?resort=devilshead HTTP/1.1" 200 940 "-" "node-superagent/1.4.0"
170.75.162.130 - - [07/Dec/2015:14:31:28 -0800] "GET /lib/reccapi.php?resort=sunpeaksresort HTTP/1.1" 200 925 "-" "node-superagent/1.4.0"
170.75.162.130 - - [07/Dec/2015:14:31:28 -0800] "GET /lib/reccapi.php?resort=silverstarmountain HTTP/1.1" 200 936 "-" "node-superagent/1.4.0"
170.75.162.130 - - [07/Dec/2015:14:31:28 -0800] "GET /lib/reccapi.php?resort=whistlerblackcomb HTTP/1.1" 200 934 "-" "node-superagent/1.4.0"
170.75.162.130 - - [07/Dec/2015:14:42:49 -0800] "GET /lib/reccapi.php?resort=arapahoebasin HTTP/1.1" 200 1001 "-" "node-superagent/1.4.0"
71.140.31.214 - - [07/Dec/2015:14:46:12 -0800] "GET /images/wsis-logo-sm.png HTTP/1.1" 200 6108 "http://thebackcountry.net/" "Mozilla/4.0 (compatible; MSIE 8.0; Windows NT 5.1; Trident/4.0; .NET CLR 2.0.50727; .NET CLR 3.0.4506.2152; .NET CLR 3.5.30729; 786908940603; Build/14.08001)"
77.75.76.164 - - [07/Dec/2015:14:46:14 -0800] "GET /robots.txt HTTP/1.1" 200 419 "-" "Mozilla/5.0 (compatible; SeznamBot/3.2; +http://fulltext.sblog.cz/)"
77.75.76.164 - - [07/Dec/2015:14:46:15 -0800] "GET /resorts?resort=northstar-at-tahoe HTTP/1.1" 404 506 "-" "Mozilla/5.0 (compatible; SeznamBot/3.2; +http://fulltext.sblog.cz/)"
162.224.81.216 - - [07/Dec/2015:14:46:41 -0800] "GET /images/wsis-logo-sm.png HTTP/1.1" 200 6108 "http://www.thebackcountry.net/" "Mozilla/5.0 (Macintosh; Intel Mac OS X 10_11_1) AppleWebKit/537.36 (KHTML, like Gecko) Chrome/46.0.2490.86 Safari/537.36"
180.76.15.13 - - [07/Dec/2015:14:47:10 -0800] "GET / HTTP/1.1" 200 6114 "-" "Mozilla/5.0 (compatible; Baiduspider/2.0; +http://www.baidu.com/search/spider.html)"
180.76.15.11 - - [07/Dec/2015:14:47:58 -0800] "GET / HTTP/1.1" 200 6114 "-" "Mozilla/5.0 (compatible; Baiduspider/2.0; +http://www.baidu.com/search/spider.html)"
199.156.73.76 - - [07/Dec/2015:14:49:34 -0800] "GET /images/wsis-logo-sm.png HTTP/1.1" 200 6108 "http://www.thebackcountry.net/" "Mozilla/5.0 (Windows NT 6.1; WOW64; rv:42.0) Gecko/20100101 Firefox/42.0"
220.181.108.179 - - [07/Dec/2015:14:53:53 -0800] "-" 408 0 "-" "-"
189.49.166.106 - - [07/Dec/2015:14:54:29 -0800] "GET / HTTP/1.1" 200 2376 "http://buttons-for-website.com" "Mozilla/5.0 (Windows NT 6.1; WOW64) AppleWebKit/537.36 (KHTML, like Gecko) Chrome/36.0.1985.143 Safari/537.36"
189.49.166.106 - - [07/Dec/2015:14:54:29 -0800] "GET /styles/0fffd548.main.css HTTP/1.1" 200 19316 "http://whereshouldiski.com/" "Mozilla/5.0 (Windows NT 6.1; WOW64) AppleWebKit/537.36 (KHTML, like Gecko) Chrome/36.0.1985.143 Safari/537.36"
189.49.166.106 - - [07/Dec/2015:14:54:30 -0800] "GET /scripts/scripts/vendor/modernizr.js HTTP/1.1" 200 4903 "http://whereshouldiski.com/" "Mozilla/5.0 (Windows NT 6.1; WOW64) AppleWebKit/537.36 (KHTML, like Gecko) Chrome/36.0.1985.143 Safari/537.36"
189.49.166.106 - - [07/Dec/2015:14:54:30 -0800] "GET /bower_components/requirejs/require.js HTTP/1.1" 200 6702 "http://whereshouldiski.com/" "Mozilla/5.0 (Windows NT 6.1; WOW64) AppleWebKit/537.36 (KHTML, like Gecko) Chrome/36.0.1985.143 Safari/537.36"
189.49.166.106 - - [07/Dec/2015:14:54:30 -0800] "GET /images/logo-sm.png HTTP/1.1" 200 16737 "http://whereshouldiski.com/" "Mozilla/5.0 (Windows NT 6.1; WOW64) AppleWebKit/537.36 (KHTML, like Gecko) Chrome/36.0.1985.143 Safari/537.36"
189.49.166.106 - - [07/Dec/2015:14:54:30 -0800] "GET /images/loading.gif HTTP/1.1" 200 13881 "http://whereshouldiski.com/" "Mozilla/5.0 (Windows NT 6.1; WOW64) AppleWebKit/537.36 (KHTML, like Gecko) Chrome/36.0.1985.143 Safari/537.36"
189.49.166.106 - - [07/Dec/2015:14:54:30 -0800] "GET /scripts/fa48e319.main.js HTTP/1.1" 200 123455 "http://whereshouldiski.com/" "Mozilla/5.0 (Windows NT 6.1; WOW64) AppleWebKit/537.36 (KHTML, like Gecko) Chrome/36.0.1985.143 Safari/537.36"
189.49.166.106 - - [07/Dec/2015:14:54:32 -0800] "GET /images/button.png HTTP/1.1" 200 598 "http://whereshouldiski.com/" "Mozilla/5.0 (Windows NT 6.1; WOW64) AppleWebKit/537.36 (KHTML, like Gecko) Chrome/36.0.1985.143 Safari/537.36"
189.49.166.106 - - [07/Dec/2015:14:54:32 -0800] "GET /lib/reccapi.php?fields=t HTTP/1.1" 200 1842 "http://whereshouldiski.com/" "Mozilla/5.0 (Windows NT 6.1; WOW64) AppleWebKit/537.36 (KHTML, like Gecko) Chrome/36.0.1985.143 Safari/537.36"
189.49.166.106 - - [07/Dec/2015:14:54:32 -0800] "GET /images/greyHeader.png HTTP/1.1" 200 508 "http://whereshouldiski.com/" "Mozilla/5.0 (Windows NT 6.1; WOW64) AppleWebKit/537.36 (KHTML, like Gecko) Chrome/36.0.1985.143 Safari/537.36"
189.49.166.106 - - [07/Dec/2015:14:54:32 -0800] "GET /images/snowflake5.png HTTP/1.1" 200 2857 "http://whereshouldiski.com/" "Mozilla/5.0 (Windows NT 6.1; WOW64) AppleWebKit/537.36 (KHTML, like Gecko) Chrome/36.0.1985.143 Safari/537.36"
189.49.166.106 - - [07/Dec/2015:14:54:32 -0800] "GET /images/star5.png HTTP/1.1" 200 1783 "http://whereshouldiski.com/" "Mozilla/5.0 (Windows NT 6.1; WOW64) AppleWebKit/537.36 (KHTML, like Gecko) Chrome/36.0.1985.143 Safari/537.36"
189.49.166.106 - - [07/Dec/2015:14:54:33 -0800] "GET /images/bluebird5.png HTTP/1.1" 200 2177 "http://whereshouldiski.com/" "Mozilla/5.0 (Windows NT 6.1; WOW64) AppleWebKit/537.36 (KHTML, like Gecko) Chrome/36.0.1985.143 Safari/537.36"
189.49.166.106 - - [07/Dec/2015:14:54:33 -0800] "GET /images/mtns-icon.png HTTP/1.1" 200 1097 "http://whereshouldiski.com/" "Mozilla/5.0 (Windows NT 6.1; WOW64) AppleWebKit/537.36 (KHTML, like Gecko) Chrome/36.0.1985.143 Safari/537.36"
189.49.166.106 - - [07/Dec/2015:14:54:33 -0800] "GET /images/shading-icon.png HTTP/1.1" 200 536 "http://whereshouldiski.com/" "Mozilla/5.0 (Windows NT 6.1; WOW64) AppleWebKit/537.36 (KHTML, like Gecko) Chrome/36.0.1985.143 Safari/537.36"
189.49.166.106 - - [07/Dec/2015:14:54:54 -0800] "-" 408 0 "-" "-"
189.49.166.106 - - [07/Dec/2015:14:54:55 -0800] "-" 408 0 "-" "-"
127.0.0.1 - - [07/Dec/2015:14:54:56 -0800] "OPTIONS * HTTP/1.0" 200 126 "-" "Apache/2.2.22 (Ubuntu) (internal dummy connection)"
62.210.88.201 - - [07/Dec/2015:14:55:44 -0800] "GET http://51.254.206.142/httptest.php HTTP/1.1" 404 448 "-" "-"
170.75.162.130 - - [07/Dec/2015:14:56:31 -0800] "GET /lib/reccapi.php?resort=snowmass HTTP/1.1" 200 958 "-" "node-superagent/1.4.0"
128.232.110.29 - - [07/Dec/2015:14:59:24 -0800] "GET / HTTP/1.1" 200 6095 "-" "Mozilla/5.0 zgrab/0.x"
70.214.10.162 - - [07/Dec/2015:15:03:27 -0800] "GET /images/wsis-logo-sm.png HTTP/1.1" 200 6108 "http://www.thebackcountry.net/" "Mozilla/5.0 (iPhone; CPU iPhone OS 9_1 like Mac OS X) AppleWebKit/601.1.46 (KHTML, like Gecko) Version/9.0 Mobile/13B143 Safari/601.1"
206.29.176.53 - - [07/Dec/2015:15:20:06 -0800] "GET /lib/reccapi.php?fields=t&coords=47.5782515,-122.1653424 HTTP/1.1" 200 2089 "http://whereshouldiski.com/" "Mozilla/5.0 (Macintosh; Intel Mac OS X 10_10_5) AppleWebKit/537.36 (KHTML, like Gecko) Chrome/47.0.2526.73 Safari/537.36"
127.0.0.1 - - [07/Dec/2015:15:20:18 -0800] "OPTIONS * HTTP/1.0" 200 126 "-" "Apache/2.2.22 (Ubuntu) (internal dummy connection)"
206.29.176.53 - - [07/Dec/2015:15:20:26 -0800] "GET /lib/reccapi.php?fields=t&coords=47.5782515,-122.1653424&distance=100 HTTP/1.1" 200 1625 "http://whereshouldiski.com/" "Mozilla/5.0 (Macintosh; Intel Mac OS X 10_10_5) AppleWebKit/537.36 (KHTML, like Gecko) Chrome/47.0.2526.73 Safari/537.36"
206.29.176.53 - - [07/Dec/2015:15:20:53 -0800] "GET /lib/reccapi.php?fields=t&coords=47.5782515,-122.1653424 HTTP/1.1" 200 2089 "http://whereshouldiski.com/" "Mozilla/5.0 (Macintosh; Intel Mac OS X 10_10_5) AppleWebKit/537.36 (KHTML, like Gecko) Chrome/47.0.2526.73 Safari/537.36"
206.29.176.53 - - [07/Dec/2015:15:20:59 -0800] "GET /lib/reccapi.php?fields=t&coords=47.5782515,-122.1653424&powder=3 HTTP/1.1" 200 1936 "http://whereshouldiski.com/" "Mozilla/5.0 (Macintosh; Intel Mac OS X 10_10_5) AppleWebKit/537.36 (KHTML, like Gecko) Chrome/47.0.2526.73 Safari/537.36"
206.29.176.53 - - [07/Dec/2015:15:21:04 -0800] "GET /lib/reccapi.php?fields=t&coords=47.5782515,-122.1653424 HTTP/1.1" 200 2089 "http://whereshouldiski.com/" "Mozilla/5.0 (Macintosh; Intel Mac OS X 10_10_5) AppleWebKit/537.36 (KHTML, like Gecko) Chrome/47.0.2526.73 Safari/537.36"
206.29.176.53 - - [07/Dec/2015:15:21:17 -0800] "GET /lib/reccapi.php?fields=t&coords=47.5782515,-122.1653424&sort=quality HTTP/1.1" 200 2130 "http://whereshouldiski.com/" "Mozilla/5.0 (Macintosh; Intel Mac OS X 10_10_5) AppleWebKit/537.36 (KHTML, like Gecko) Chrome/47.0.2526.73 Safari/537.36"
206.29.176.53 - - [07/Dec/2015:15:21:39 -0800] "-" 408 0 "-" "-"
206.29.176.53 - - [07/Dec/2015:15:23:46 -0800] "GET /lib/reccapi.php?fields=t&coords=47.5782515,-122.1653424&sort=quality&region=PacificNW HTTP/1.1" 200 1800 "http://whereshouldiski.com/" "Mozilla/5.0 (Macintosh; Intel Mac OS X 10_10_5) AppleWebKit/537.36 (KHTML, like Gecko) Chrome/47.0.2526.73 Safari/537.36"
206.29.176.53 - - [07/Dec/2015:15:23:59 -0800] "GET /lib/reccapi.php?resort=crystalmountain&date=2015-12-12 HTTP/1.1" 200 998 "http://whereshouldiski.com/" "Mozilla/5.0 (Macintosh; Intel Mac OS X 10_10_5) AppleWebKit/537.36 (KHTML, like Gecko) Chrome/47.0.2526.73 Safari/537.36"
206.29.176.53 - - [07/Dec/2015:15:23:59 -0800] "GET /lib/reccapi.php?fields=t&coords=47.5782515,-122.1653424&date=2015-12-12&coords=46.92%2C-121.49&size=7&sort=distance HTTP/1.1" 200 1402 "http://whereshouldiski.com/" "Mozilla/5.0 (Macintosh; Intel Mac OS X 10_10_5) AppleWebKit/537.36 (KHTML, like Gecko) Chrome/47.0.2526.73 Safari/537.36"
206.29.176.53 - - [07/Dec/2015:15:23:59 -0800] "GET /lib/resortDataSearchD3.php?size=7&sortDate=T&resort=crystalmountain&dateStart=2015-12-10 HTTP/1.1" 200 524 "http://whereshouldiski.com/" "Mozilla/5.0 (Macintosh; Intel Mac OS X 10_10_5) AppleWebKit/537.36 (KHTML, like Gecko) Chrome/47.0.2526.73 Safari/537.36"
206.29.176.53 - - [07/Dec/2015:15:24:00 -0800] "GET /lib/reccapi.php?fields=t&coords=47.5782515,-122.1653424&sort=quality&region=PacificNW HTTP/1.1" 200 1799 "http://whereshouldiski.com/" "Mozilla/5.0 (Macintosh; Intel Mac OS X 10_10_5) AppleWebKit/537.36 (KHTML, like Gecko) Chrome/47.0.2526.73 Safari/537.36"
206.29.176.53 - - [07/Dec/2015:15:24:08 -0800] "GET /lib/reccapi.php?fields=t&coords=47.5782515,-122.1653424&region=PacificNW&sort=bluebird HTTP/1.1" 200 1938 "http://whereshouldiski.com/" "Mozilla/5.0 (Macintosh; Intel Mac OS X 10_10_5) AppleWebKit/537.36 (KHTML, like Gecko) Chrome/47.0.2526.73 Safari/537.36"
206.29.176.53 - - [07/Dec/2015:15:24:10 -0800] "GET /lib/reccapi.php?fields=t&coords=47.5782515,-122.1653424&sort=bluebird HTTP/1.1" 200 1929 "http://whereshouldiski.com/" "Mozilla/5.0 (Macintosh; Intel Mac OS X 10_10_5) AppleWebKit/537.36 (KHTML, like Gecko) Chrome/47.0.2526.73 Safari/537.36"
206.29.176.53 - - [07/Dec/2015:15:24:17 -0800] "GET /lib/reccapi.php?fields=t&coords=47.5782515,-122.1653424&sort=bluebird&distance=400 HTTP/1.1" 200 1983 "http://whereshouldiski.com/" "Mozilla/5.0 (Macintosh; Intel Mac OS X 10_10_5) AppleWebKit/537.36 (KHTML, like Gecko) Chrome/47.0.2526.73 Safari/537.36"
206.29.176.53 - - [07/Dec/2015:15:24:24 -0800] "GET /lib/reccapi.php?fields=t&coords=47.5782515,-122.1653424&distance=400&sort=quality HTTP/1.1" 200 1925 "http://whereshouldiski.com/" "Mozilla/5.0 (Macintosh; Intel Mac OS X 10_10_5) AppleWebKit/537.36 (KHTML, like Gecko) Chrome/47.0.2526.73 Safari/537.36"
127.0.0.1 - - [07/Dec/2015:15:24:32 -0800] "OPTIONS * HTTP/1.0" 200 126 "-" "Apache/2.2.22 (Ubuntu) (internal dummy connection)"
206.29.176.53 - - [07/Dec/2015:15:24:34 -0800] "GET /lib/reccapi.php?fields=t&coords=47.5782515,-122.1653424&distance=100&sort=quality HTTP/1.1" 200 1658 "http://whereshouldiski.com/" "Mozilla/5.0 (Macintosh; Intel Mac OS X 10_10_5) AppleWebKit/537.36 (KHTML, like Gecko) Chrome/47.0.2526.73 Safari/537.36"
206.29.176.53 - - [07/Dec/2015:15:26:52 -0800] "GET /lib/reccapi.php?resort=mountbaker&date=2015-12-08 HTTP/1.1" 200 1077 "http://whereshouldiski.com/" "Mozilla/5.0 (Macintosh; Intel Mac OS X 10_10_5) AppleWebKit/537.36 (KHTML, like Gecko) Chrome/47.0.2526.73 Safari/537.36"
206.29.176.53 - - [07/Dec/2015:15:26:52 -0800] "GET /lib/reccapi.php?fields=t&coords=47.5782515,-122.1653424&date=2015-12-08&coords=48.86%2C-121.68&size=7&sort=distance HTTP/1.1" 200 1404 "http://whereshouldiski.com/" "Mozilla/5.0 (Macintosh; Intel Mac OS X 10_10_5) AppleWebKit/537.36 (KHTML, like Gecko) Chrome/47.0.2526.73 Safari/537.36"
206.29.176.53 - - [07/Dec/2015:15:26:52 -0800] "GET /lib/resortDataSearchD3.php?size=7&sortDate=T&resort=mountbaker&dateStart=2015-12-06 HTTP/1.1" 200 875 "http://whereshouldiski.com/" "Mozilla/5.0 (Macintosh; Intel Mac OS X 10_10_5) AppleWebKit/537.36 (KHTML, like Gecko) Chrome/47.0.2526.73 Safari/537.36"
170.75.162.130 - - [07/Dec/2015:15:27:05 -0800] "GET /lib/reccapi.php?resort=jacksonhole HTTP/1.1" 200 1064 "-" "node-superagent/1.4.0"
206.29.176.53 - - [07/Dec/2015:15:27:07 -0800] "GET /lib/reccapi.php?fields=t&coords=47.5782515,-122.1653424&distance=100&sort=quality HTTP/1.1" 200 1658 "http://whereshouldiski.com/" "Mozilla/5.0 (Macintosh; Intel Mac OS X 10_10_5) AppleWebKit/537.36 (KHTML, like Gecko) Chrome/47.0.2526.73 Safari/537.36"
206.29.176.53 - - [07/Dec/2015:15:27:28 -0800] "-" 408 0 "-" "-"
206.29.176.53 - - [07/Dec/2015:15:27:28 -0800] "-" 408 0 "-" "-"
206.29.176.53 - - [07/Dec/2015:15:27:28 -0800] "-" 408 0 "-" "-"
206.29.176.53 - - [07/Dec/2015:15:27:28 -0800] "-" 408 0 "-" "-"
206.29.176.53 - - [07/Dec/2015:15:27:28 -0800] "-" 408 0 "-" "-"
127.0.0.1 - - [07/Dec/2015:15:27:31 -0800] "OPTIONS * HTTP/1.0" 200 126 "-" "Apache/2.2.22 (Ubuntu) (internal dummy connection)"
54.237.65.173 - - [07/Dec/2015:15:27:31 -0800] "GET /administrator/manifests/files/joomla.xml HTTP/1.1" 404 501 "-" "curl/7.40.0"
170.75.162.130 - - [07/Dec/2015:15:28:45 -0800] "GET /lib/reccapi.php?resort=keystone HTTP/1.1" 200 983 "-" "node-superagent/1.4.0"
170.75.162.130 - - [07/Dec/2015:15:28:45 -0800] "GET /lib/reccapi.php?resort=parkcity HTTP/1.1" 200 992 "-" "node-superagent/1.4.0"
166.137.136.19 - - [07/Dec/2015:15:35:35 -0800] "GET / HTTP/1.1" 200 2376 "https://www.google.com/" "Mozilla/5.0 (iPhone; CPU iPhone OS 9_1 like Mac OS X) AppleWebKit/601.1.46 (KHTML, like Gecko) Version/9.0 Mobile/13B143 Safari/601.1"
166.137.136.19 - - [07/Dec/2015:15:35:35 -0800] "GET /styles/0fffd548.main.css HTTP/1.1" 200 19316 "http://whereshouldiski.com/" "Mozilla/5.0 (iPhone; CPU iPhone OS 9_1 like Mac OS X) AppleWebKit/601.1.46 (KHTML, like Gecko) Version/9.0 Mobile/13B143 Safari/601.1"
166.137.136.19 - - [07/Dec/2015:15:35:35 -0800] "GET /images/loading.gif HTTP/1.1" 200 13882 "http://whereshouldiski.com/" "Mozilla/5.0 (iPhone; CPU iPhone OS 9_1 like Mac OS X) AppleWebKit/601.1.46 (KHTML, like Gecko) Version/9.0 Mobile/13B143 Safari/601.1"
166.137.136.19 - - [07/Dec/2015:15:35:35 -0800] "GET /scripts/scripts/vendor/modernizr.js HTTP/1.1" 200 4903 "http://whereshouldiski.com/" "Mozilla/5.0 (iPhone; CPU iPhone OS 9_1 like Mac OS X) AppleWebKit/601.1.46 (KHTML, like Gecko) Version/9.0 Mobile/13B143 Safari/601.1"
166.137.136.19 - - [07/Dec/2015:15:35:35 -0800] "GET /bower_components/requirejs/require.js HTTP/1.1" 200 6702 "http://whereshouldiski.com/" "Mozilla/5.0 (iPhone; CPU iPhone OS 9_1 like Mac OS X) AppleWebKit/601.1.46 (KHTML, like Gecko) Version/9.0 Mobile/13B143 Safari/601.1"
166.137.136.19 - - [07/Dec/2015:15:35:35 -0800] "GET /images/logo-sm.png HTTP/1.1" 200 16738 "http://whereshouldiski.com/" "Mozilla/5.0 (iPhone; CPU iPhone OS 9_1 like Mac OS X) AppleWebKit/601.1.46 (KHTML, like Gecko) Version/9.0 Mobile/13B143 Safari/601.1"
166.137.136.19 - - [07/Dec/2015:15:35:36 -0800] "GET /scripts/fa48e319.main.js HTTP/1.1" 200 123455 "http://whereshouldiski.com/" "Mozilla/5.0 (iPhone; CPU iPhone OS 9_1 like Mac OS X) AppleWebKit/601.1.46 (KHTML, like Gecko) Version/9.0 Mobile/13B143 Safari/601.1"
166.137.136.19 - - [07/Dec/2015:15:35:37 -0800] "GET /images/button.png HTTP/1.1" 200 598 "http://whereshouldiski.com/" "Mozilla/5.0 (iPhone; CPU iPhone OS 9_1 like Mac OS X) AppleWebKit/601.1.46 (KHTML, like Gecko) Version/9.0 Mobile/13B143 Safari/601.1"
166.137.136.19 - - [07/Dec/2015:15:35:37 -0800] "GET /lib/reccapi.php?fields=t HTTP/1.1" 200 1903 "http://whereshouldiski.com/" "Mozilla/5.0 (iPhone; CPU iPhone OS 9_1 like Mac OS X) AppleWebKit/601.1.46 (KHTML, like Gecko) Version/9.0 Mobile/13B143 Safari/601.1"
166.137.136.19 - - [07/Dec/2015:15:35:37 -0800] "GET /images/greyHeader.png HTTP/1.1" 200 508 "http://whereshouldiski.com/" "Mozilla/5.0 (iPhone; CPU iPhone OS 9_1 like Mac OS X) AppleWebKit/601.1.46 (KHTML, like Gecko) Version/9.0 Mobile/13B143 Safari/601.1"
166.137.136.19 - - [07/Dec/2015:15:35:37 -0800] "GET /images/snowflake5.png HTTP/1.1" 200 2857 "http://whereshouldiski.com/" "Mozilla/5.0 (iPhone; CPU iPhone OS 9_1 like Mac OS X) AppleWebKit/601.1.46 (KHTML, like Gecko) Version/9.0 Mobile/13B143 Safari/601.1"
166.137.136.19 - - [07/Dec/2015:15:35:37 -0800] "GET /images/star5.png HTTP/1.1" 200 1783 "http://whereshouldiski.com/" "Mozilla/5.0 (iPhone; CPU iPhone OS 9_1 like Mac OS X) AppleWebKit/601.1.46 (KHTML, like Gecko) Version/9.0 Mobile/13B143 Safari/601.1"
166.137.136.19 - - [07/Dec/2015:15:35:37 -0800] "GET /images/bluebird5.png HTTP/1.1" 200 2177 "http://whereshouldiski.com/" "Mozilla/5.0 (iPhone; CPU iPhone OS 9_1 like Mac OS X) AppleWebKit/601.1.46 (KHTML, like Gecko) Version/9.0 Mobile/13B143 Safari/601.1"
166.137.136.19 - - [07/Dec/2015:15:35:37 -0800] "GET /images/mtns-icon.png HTTP/1.1" 200 1096 "http://whereshouldiski.com/" "Mozilla/5.0 (iPhone; CPU iPhone OS 9_1 like Mac OS X) AppleWebKit/601.1.46 (KHTML, like Gecko) Version/9.0 Mobile/13B143 Safari/601.1"
166.137.136.19 - - [07/Dec/2015:15:35:37 -0800] "GET /images/shading-icon.png HTTP/1.1" 200 537 "http://whereshouldiski.com/" "Mozilla/5.0 (iPhone; CPU iPhone OS 9_1 like Mac OS X) AppleWebKit/601.1.46 (KHTML, like Gecko) Version/9.0 Mobile/13B143 Safari/601.1"
166.137.136.19 - - [07/Dec/2015:15:35:37 -0800] "GET /lib/reccapi.php?fields=t&coords=39.60665204100274,-105.94201438138815 HTTP/1.1" 200 2088 "http://whereshouldiski.com/" "Mozilla/5.0 (iPhone; CPU iPhone OS 9_1 like Mac OS X) AppleWebKit/601.1.46 (KHTML, like Gecko) Version/9.0 Mobile/13B143 Safari/601.1"
127.0.0.1 - - [07/Dec/2015:15:35:40 -0800] "OPTIONS * HTTP/1.0" 200 126 "-" "Apache/2.2.22 (Ubuntu) (internal dummy connection)"
166.137.136.19 - - [07/Dec/2015:15:36:27 -0800] "GET /scripts/server/resorts.json HTTP/1.1" 200 8662 "http://whereshouldiski.com/" "Mozilla/5.0 (iPhone; CPU iPhone OS 9_1 like Mac OS X) AppleWebKit/601.1.46 (KHTML, like Gecko) Version/9.0 Mobile/13B143 Safari/601.1"
166.137.136.19 - - [07/Dec/2015:15:36:27 -0800] "GET /lib/reccapi.php?fields=t&coords=39.60665204100274,-105.94201438138815 HTTP/1.1" 200 2089 "http://whereshouldiski.com/" "Mozilla/5.0 (iPhone; CPU iPhone OS 9_1 like Mac OS X) AppleWebKit/601.1.46 (KHTML, like Gecko) Version/9.0 Mobile/13B143 Safari/601.1"
166.137.136.19 - - [07/Dec/2015:15:36:44 -0800] "GET /lib/reccapi.php?fields=t&coords=39.60665204100274,-105.94201438138815&region=Rockies HTTP/1.1" 200 1744 "http://whereshouldiski.com/" "Mozilla/5.0 (iPhone; CPU iPhone OS 9_1 like Mac OS X) AppleWebKit/601.1.46 (KHTML, like Gecko) Version/9.0 Mobile/13B143 Safari/601.1"
166.137.136.19 - - [07/Dec/2015:15:36:45 -0800] "GET /images/greenHeader.png HTTP/1.1" 200 508 "http://whereshouldiski.com/" "Mozilla/5.0 (iPhone; CPU iPhone OS 9_1 like Mac OS X) AppleWebKit/601.1.46 (KHTML, like Gecko) Version/9.0 Mobile/13B143 Safari/601.1"
166.137.136.19 - - [07/Dec/2015:15:37:29 -0800] "GET /lib/reccapi.php?fields=t&coords=39.60665204100274,-105.94201438138815&region=Rockies&state=CO HTTP/1.1" 200 1586 "http://whereshouldiski.com/" "Mozilla/5.0 (iPhone; CPU iPhone OS 9_1 like Mac OS X) AppleWebKit/601.1.46 (KHTML, like Gecko) Version/9.0 Mobile/13B143 Safari/601.1"
170.75.162.130 - - [07/Dec/2015:15:37:36 -0800] "GET /lib/reccapi.php?resort=heavenly HTTP/1.1" 200 991 "-" "node-superagent/1.4.0"
166.137.136.19 - - [07/Dec/2015:15:38:04 -0800] "GET /lib/reccapi.php?fields=t&coords=39.60665204100274,-105.94201438138815 HTTP/1.1" 200 2089 "http://whereshouldiski.com/" "Mozilla/5.0 (iPhone; CPU iPhone OS 9_1 like Mac OS X) AppleWebKit/601.1.46 (KHTML, like Gecko) Version/9.0 Mobile/13B143 Safari/601.1"
