66.126.158.95 - - [16/Aug/2015:14:41:24 -0700] "-" 408 0 "-" "-"
186.195.24.254 - - [16/Aug/2015:14:43:48 -0700] "GET /images/wsis-logo-sm.png HTTP/1.1" 200 6108 "http://thebackcountry.net/" "Mozilla/5.0 (Windows NT 6.1; WOW64) AppleWebKit/537.36 (KHTML, like Gecko) Chrome/36.0.1985.143 Safari/537.36"
66.249.79.250 - - [16/Aug/2015:14:44:16 -0700] "GET /lib/resortDataSearch.php?resort=homewoodmountain&dateStart=2013-04-22&dateMax=2013-05-02&size=30 HTTP/1.1" 200 331 "-" "Mozilla/5.0 (compatible; Googlebot/2.1; +http://www.google.com/bot.html)"
180.76.15.25 - - [16/Aug/2015:14:44:56 -0700] "GET / HTTP/1.1" 200 6114 "-" "Mozilla/5.0 (compatible; Baiduspider/2.0; +http://www.baidu.com/search/spider.html)"
180.76.15.19 - - [16/Aug/2015:14:45:42 -0700] "GET / HTTP/1.1" 200 6114 "-" "Mozilla/5.0 (compatible; Baiduspider/2.0; +http://www.baidu.com/search/spider.html)"
50.161.244.101 - - [16/Aug/2015:14:47:55 -0700] "GET / HTTP/1.1" 200 2376 "-" "Mozilla/5.0 (Macintosh; Intel Mac OS X 10_9_5) AppleWebKit/600.5.17 (KHTML, like Gecko) Version/7.1.5 Safari/537.85.14"
50.161.244.101 - - [16/Aug/2015:14:48:27 -0700] "GET /scripts/scripts/vendor/modernizr.js HTTP/1.1" 200 4903 "http://whereshouldiski.com/" "Mozilla/5.0 (Macintosh; Intel Mac OS X 10_9_5) AppleWebKit/600.5.17 (KHTML, like Gecko) Version/7.1.5 Safari/537.85.14"
50.161.244.101 - - [16/Aug/2015:14:48:27 -0700] "GET /bower_components/requirejs/require.js HTTP/1.1" 200 6702 "http://whereshouldiski.com/" "Mozilla/5.0 (Macintosh; Intel Mac OS X 10_9_5) AppleWebKit/600.5.17 (KHTML, like Gecko) Version/7.1.5 Safari/537.85.14"
50.161.244.101 - - [16/Aug/2015:14:48:27 -0700] "GET /styles/0fffd548.main.css HTTP/1.1" 200 19317 "http://whereshouldiski.com/" "Mozilla/5.0 (Macintosh; Intel Mac OS X 10_9_5) AppleWebKit/600.5.17 (KHTML, like Gecko) Version/7.1.5 Safari/537.85.14"
50.161.244.101 - - [16/Aug/2015:14:48:29 -0700] "GET /images/loading.gif HTTP/1.1" 200 13881 "http://whereshouldiski.com/" "Mozilla/5.0 (Macintosh; Intel Mac OS X 10_9_5) AppleWebKit/600.5.17 (KHTML, like Gecko) Version/7.1.5 Safari/537.85.14"
50.161.244.101 - - [16/Aug/2015:14:48:29 -0700] "GET /images/logo-sm.png HTTP/1.1" 200 16737 "http://whereshouldiski.com/" "Mozilla/5.0 (Macintosh; Intel Mac OS X 10_9_5) AppleWebKit/600.5.17 (KHTML, like Gecko) Version/7.1.5 Safari/537.85.14"
50.161.244.101 - - [16/Aug/2015:14:48:29 -0700] "GET /scripts/fa48e319.main.js HTTP/1.1" 200 123455 "http://whereshouldiski.com/" "Mozilla/5.0 (Macintosh; Intel Mac OS X 10_9_5) AppleWebKit/600.5.17 (KHTML, like Gecko) Version/7.1.5 Safari/537.85.14"
50.161.244.101 - - [16/Aug/2015:14:48:30 -0700] "GET /lib/reccapi.php?fields=t HTTP/1.1" 200 1167 "http://whereshouldiski.com/" "Mozilla/5.0 (Macintosh; Intel Mac OS X 10_9_5) AppleWebKit/600.5.17 (KHTML, like Gecko) Version/7.1.5 Safari/537.85.14"
50.161.244.101 - - [16/Aug/2015:14:48:30 -0700] "GET /images/greyHeader.png HTTP/1.1" 200 508 "http://whereshouldiski.com/" "Mozilla/5.0 (Macintosh; Intel Mac OS X 10_9_5) AppleWebKit/600.5.17 (KHTML, like Gecko) Version/7.1.5 Safari/537.85.14"
50.161.244.101 - - [16/Aug/2015:14:48:30 -0700] "GET /images/button.png HTTP/1.1" 200 598 "http://whereshouldiski.com/" "Mozilla/5.0 (Macintosh; Intel Mac OS X 10_9_5) AppleWebKit/600.5.17 (KHTML, like Gecko) Version/7.1.5 Safari/537.85.14"
50.161.244.101 - - [16/Aug/2015:14:48:30 -0700] "GET /images/snowflake5.png HTTP/1.1" 200 2857 "http://whereshouldiski.com/" "Mozilla/5.0 (Macintosh; Intel Mac OS X 10_9_5) AppleWebKit/600.5.17 (KHTML, like Gecko) Version/7.1.5 Safari/537.85.14"
50.161.244.101 - - [16/Aug/2015:14:48:30 -0700] "GET /images/shading-icon.png HTTP/1.1" 200 536 "http://whereshouldiski.com/" "Mozilla/5.0 (Macintosh; Intel Mac OS X 10_9_5) AppleWebKit/600.5.17 (KHTML, like Gecko) Version/7.1.5 Safari/537.85.14"
50.161.244.101 - - [16/Aug/2015:14:48:30 -0700] "GET /images/mtns-icon.png HTTP/1.1" 200 1097 "http://whereshouldiski.com/" "Mozilla/5.0 (Macintosh; Intel Mac OS X 10_9_5) AppleWebKit/600.5.17 (KHTML, like Gecko) Version/7.1.5 Safari/537.85.14"
50.161.244.101 - - [16/Aug/2015:14:48:30 -0700] "GET /images/star5.png HTTP/1.1" 200 1784 "http://whereshouldiski.com/" "Mozilla/5.0 (Macintosh; Intel Mac OS X 10_9_5) AppleWebKit/600.5.17 (KHTML, like Gecko) Version/7.1.5 Safari/537.85.14"
50.161.244.101 - - [16/Aug/2015:14:48:30 -0700] "GET /images/bluebird5.png HTTP/1.1" 200 2178 "http://whereshouldiski.com/" "Mozilla/5.0 (Macintosh; Intel Mac OS X 10_9_5) AppleWebKit/600.5.17 (KHTML, like Gecko) Version/7.1.5 Safari/537.85.14"
50.161.244.101 - - [16/Aug/2015:14:48:31 -0700] "GET /favicon.ico HTTP/1.1" 200 1476 "http://whereshouldiski.com/" "Mozilla/5.0 (Macintosh; Intel Mac OS X 10_9_5) AppleWebKit/600.5.17 (KHTML, like Gecko) Version/7.1.5 Safari/537.85.14"
127.0.0.1 - - [16/Aug/2015:14:48:38 -0700] "OPTIONS * HTTP/1.0" 200 126 "-" "Apache/2.2.22 (Ubuntu) (internal dummy connection)"
127.0.0.1 - - [16/Aug/2015:14:48:39 -0700] "OPTIONS * HTTP/1.0" 200 126 "-" "Apache/2.2.22 (Ubuntu) (internal dummy connection)"
66.249.79.14 - - [16/Aug/2015:14:50:27 -0700] "GET /lib/resortDataSearch.php?resort=mountbaker&dateStart=2013-02-01&dateMax=2013-02-11&size=30 HTTP/1.1" 200 331 "-" "Mozilla/5.0 (compatible; Googlebot/2.1; +http://www.google.com/bot.html)"
66.249.79.1 - - [16/Aug/2015:14:56:37 -0700] "GET /lib/resortDataSearch.php?resort=kellycanyon&dateStart=2014-05-05&dateMax=2014-05-15&size=30 HTTP/1.1" 200 331 "-" "Mozilla/5.0 (compatible; Googlebot/2.1; +http://www.google.com/bot.html)"
66.249.79.14 - - [16/Aug/2015:14:56:38 -0700] "GET /lib/resortDataSearch.php?resort=silvermountain&dateStart=2014-01-31&dateMax=2014-02-10&size=30 HTTP/1.1" 200 331 "-" "Mozilla/5.0 (compatible; Googlebot/2.1; +http://www.google.com/bot.html)"
66.249.79.250 - - [16/Aug/2015:14:59:36 -0700] "GET /lib/resortDataSearch.php?resort=mounthoodskibowl&dateStart=2013-03-23&dateMax=2013-04-02&size=30 HTTP/1.1" 200 331 "-" "Mozilla/5.0 (compatible; Googlebot/2.1; +http://www.google.com/bot.html)"
66.249.79.250 - - [16/Aug/2015:14:59:40 -0700] "GET /lib/resortDataSearch.php?resort=sugarbowl&dateStart=2012-12-25&dateMax=2013-01-04&size=30 HTTP/1.1" 200 330 "-" "Mozilla/5.0 (compatible; Googlebot/2.1; +http://www.google.com/bot.html)"
123.125.71.114 - - [16/Aug/2015:15:01:26 -0700] "-" 408 0 "-" "-"
66.249.79.1 - - [16/Aug/2015:15:05:47 -0700] "GET /lib/resortDataSearch.php?resort=homewoodmountain&dateStart=2014-05-21&dateMax=2014-05-31&size=30 HTTP/1.1" 200 331 "-" "Mozilla/5.0 (compatible; Googlebot/2.1; +http://www.google.com/bot.html)"
75.111.102.210 - - [16/Aug/2015:15:06:38 -0700] "GET /images/wsis-logo-sm.png HTTP/1.1" 200 6108 "http://www.thebackcountry.net/" "Mozilla/5.0 (iPhone; CPU iPhone OS 8_3 like Mac OS X) AppleWebKit/600.1.4 (KHTML, like Gecko) Version/8.0 Mobile/12F70 Safari/600.1.4"
50.173.13.19 - - [16/Aug/2015:15:07:25 -0700] "GET /images/wsis-logo-sm.png HTTP/1.1" 200 6108 "http://www.thebackcountry.net/" "Mozilla/5.0 (Macintosh; Intel Mac OS X 10_10_4) AppleWebKit/600.7.12 (KHTML, like Gecko) Version/8.0.7 Safari/600.7.12"
220.181.108.160 - - [16/Aug/2015:15:07:31 -0700] "-" 408 0 "-" "-"
66.249.79.1 - - [16/Aug/2015:15:08:47 -0700] "GET /lib/resortDataSearch.php?resort=panoramamountain&dateStart=2014-06-03&dateMax=2014-06-13&size=30 HTTP/1.1" 200 331 "-" "Mozilla/5.0 (compatible; Googlebot/2.1; +http://www.google.com/bot.html)"
66.249.79.14 - - [16/Aug/2015:15:08:48 -0700] "GET /lib/resortDataSearch.php?resort=turnermountain&dateStart=2014-05-05&dateMax=2014-05-15&size=30 HTTP/1.1" 200 331 "-" "Mozilla/5.0 (compatible; Googlebot/2.1; +http://www.google.com/bot.html)"
66.249.79.250 - - [16/Aug/2015:15:08:51 -0700] "GET /lib/resortDataSearch.php?resort=skisantafe&dateStart=2014-02-04&dateMax=2014-02-14&size=30 HTTP/1.1" 200 331 "-" "Mozilla/5.0 (compatible; Googlebot/2.1; +http://www.google.com/bot.html)"
66.249.79.250 - - [16/Aug/2015:15:11:56 -0700] "GET /lib/resortDataSearch.php?resort=greatdivide&dateStart=2014-01-17&dateMax=2014-01-27&size=30 HTTP/1.1" 200 331 "-" "Mozilla/5.0 (compatible; Googlebot/2.1; +http://www.google.com/bot.html)"
185.49.14.190 - - [16/Aug/2015:15:14:29 -0700] "GET http://testp3.pospr.waw.pl/testproxy.php HTTP/1.1" 404 449 "-" "Mozilla/5.0 (Windows NT 5.1; rv:32.0) Gecko/20100101 Firefox/31.0"
66.249.79.250 - - [16/Aug/2015:15:14:56 -0700] "GET /lib/resortDataSearch.php?resort=panoramamountain&dateStart=2012-12-16&dateMax=2012-12-26&size=30 HTTP/1.1" 200 331 "-" "Mozilla/5.0 (compatible; Googlebot/2.1; +http://www.google.com/bot.html)"
66.249.79.1 - - [16/Aug/2015:15:21:06 -0700] "GET /lib/resortDataSearch.php?resort=ferniealpine&dateStart=2014-01-08&dateMax=2014-01-18&size=30 HTTP/1.1" 200 331 "-" "Mozilla/5.0 (compatible; Googlebot/2.1; +http://www.google.com/bot.html)"
170.75.162.130 - - [16/Aug/2015:15:30:48 -0700] "GET /lib/reccapi.php?resort=aspenmountain HTTP/1.1" 200 674 "-" "node-superagent/0.18.2"
170.75.162.130 - - [16/Aug/2015:15:30:48 -0700] "GET /lib/reccapi.php?resort=bigsky HTTP/1.1" 200 670 "-" "node-superagent/0.18.2"
170.75.162.130 - - [16/Aug/2015:15:30:48 -0700] "GET /lib/reccapi.php?resort=alyeska HTTP/1.1" 200 655 "-" "node-superagent/0.18.2"
170.75.162.130 - - [16/Aug/2015:15:30:48 -0700] "GET /lib/reccapi.php?resort=brianhead HTTP/1.1" 200 678 "-" "node-superagent/0.18.2"
170.75.162.130 - - [16/Aug/2015:15:30:48 -0700] "GET /lib/reccapi.php?resort=brighton HTTP/1.1" 200 659 "-" "node-superagent/0.18.2"
170.75.162.130 - - [16/Aug/2015:15:30:48 -0700] "GET /lib/reccapi.php?resort=alpinemeadows HTTP/1.1" 200 679 "-" "node-superagent/0.18.2"
170.75.162.130 - - [16/Aug/2015:15:31:48 -0700] "GET /lib/reccapi.php?resort=chinapeak HTTP/1.1" 200 683 "-" "node-superagent/0.18.2"
170.75.162.130 - - [16/Aug/2015:15:31:48 -0700] "GET /lib/reccapi.php?resort=coppermountain HTTP/1.1" 200 679 "-" "node-superagent/0.18.2"
170.75.162.130 - - [16/Aug/2015:15:31:48 -0700] "GET /lib/reccapi.php?resort=diamondpeak HTTP/1.1" 200 650 "-" "node-superagent/0.18.2"
170.75.162.130 - - [16/Aug/2015:15:31:48 -0700] "GET /lib/reccapi.php?resort=deervalley HTTP/1.1" 200 688 "-" "node-superagent/0.18.2"
170.75.162.130 - - [16/Aug/2015:15:31:48 -0700] "GET /lib/reccapi.php?resort=devilshead HTTP/1.1" 200 656 "-" "node-superagent/0.18.2"
170.75.162.130 - - [16/Aug/2015:15:31:48 -0700] "GET /lib/reccapi.php?resort=homewoodmountain HTTP/1.1" 200 684 "-" "node-superagent/0.18.2"
170.75.162.130 - - [16/Aug/2015:15:31:48 -0700] "GET /lib/reccapi.php?resort=grandtarghee HTTP/1.1" 200 681 "-" "node-superagent/0.18.2"
170.75.162.130 - - [16/Aug/2015:15:31:48 -0700] "GET /lib/reccapi.php?resort=hoodoo HTTP/1.1" 200 965 "-" "node-superagent/0.18.2"
170.75.162.130 - - [16/Aug/2015:15:31:58 -0700] "GET /lib/reccapi.php?resort=redmountain HTTP/1.1" 200 666 "-" "node-superagent/0.18.2"
170.75.162.130 - - [16/Aug/2015:15:31:58 -0700] "GET /lib/reccapi.php?resort=solitude HTTP/1.1" 200 654 "-" "node-superagent/0.18.2"
170.75.162.130 - - [16/Aug/2015:15:32:18 -0700] "GET /lib/reccapi.php?resort=silverstarmountain HTTP/1.1" 200 689 "-" "node-superagent/0.18.2"
170.75.162.130 - - [16/Aug/2015:15:32:28 -0700] "GET /lib/reccapi.php?resort=snowbasin HTTP/1.1" 200 662 "-" "node-superagent/0.18.2"
170.75.162.130 - - [16/Aug/2015:15:32:48 -0700] "GET /lib/reccapi.php?resort=snowmass HTTP/1.1" 200 656 "-" "node-superagent/0.18.2"
170.75.162.130 - - [16/Aug/2015:15:32:48 -0700] "GET /lib/reccapi.php?resort=snowbird HTTP/1.1" 200 661 "-" "node-superagent/0.18.2"
170.75.162.130 - - [16/Aug/2015:15:32:48 -0700] "GET /lib/reccapi.php?resort=steamboat HTTP/1.1" 200 671 "-" "node-superagent/0.18.2"
170.75.162.130 - - [16/Aug/2015:15:32:48 -0700] "GET /lib/reccapi.php?resort=mountainhigh HTTP/1.1" 200 691 "-" "node-superagent/0.18.2"
170.75.162.130 - - [16/Aug/2015:15:32:58 -0700] "GET /lib/reccapi.php?resort=mounthoodmeadows HTTP/1.1" 200 690 "-" "node-superagent/0.18.2"
170.75.162.130 - - [16/Aug/2015:15:33:08 -0700] "GET /lib/reccapi.php?resort=parkcity HTTP/1.1" 200 684 "-" "node-superagent/0.18.2"
170.75.162.130 - - [16/Aug/2015:15:33:08 -0700] "GET /lib/reccapi.php?resort=redlodge HTTP/1.1" 200 709 "-" "node-superagent/0.18.2"
170.75.162.130 - - [16/Aug/2015:15:33:38 -0700] "GET /lib/reccapi.php?resort=sunpeaksresort HTTP/1.1" 200 675 "-" "node-superagent/0.18.2"
170.75.162.130 - - [16/Aug/2015:15:33:58 -0700] "GET /lib/reccapi.php?resort=telluride HTTP/1.1" 200 663 "-" "node-superagent/0.18.2"
170.75.162.130 - - [16/Aug/2015:15:33:59 -0700] "GET /lib/reccapi.php?resort=whistlerblackcomb HTTP/1.1" 200 687 "-" "node-superagent/0.18.2"
170.75.162.130 - - [16/Aug/2015:15:34:09 -0700] "GET /lib/reccapi.php?resort=wildcatmountain HTTP/1.1" 200 670 "-" "node-superagent/0.18.2"
170.75.162.130 - - [16/Aug/2015:15:34:09 -0700] "GET /lib/reccapi.php?resort=whitefacemountain HTTP/1.1" 200 669 "-" "node-superagent/0.18.2"
170.75.162.130 - - [16/Aug/2015:15:34:19 -0700] "GET /lib/reccapi.php?resort=buttermilk HTTP/1.1" 200 661 "-" "node-superagent/0.18.2"
170.75.162.130 - - [16/Aug/2015:15:34:19 -0700] "GET /lib/reccapi.php?resort=winterpark HTTP/1.1" 200 681 "-" "node-superagent/0.18.2"
170.75.162.130 - - [16/Aug/2015:15:34:29 -0700] "GET /lib/reccapi.php?resort=cannonmountain HTTP/1.1" 200 673 "-" "node-superagent/0.18.2"
170.75.162.130 - - [16/Aug/2015:15:34:59 -0700] "GET /lib/reccapi.php?resort=loveland HTTP/1.1" 200 669 "-" "node-superagent/0.18.2"
170.75.162.130 - - [16/Aug/2015:15:35:09 -0700] "GET /lib/reccapi.php?resort=mammothmountain HTTP/1.1" 200 690 "-" "node-superagent/0.18.2"
170.75.162.130 - - [16/Aug/2015:15:35:29 -0700] "GET /lib/reccapi.php?resort=mountbachelor HTTP/1.1" 200 686 "-" "node-superagent/0.18.2"
170.75.162.130 - - [16/Aug/2015:15:39:49 -0700] "GET /lib/reccapi.php?resort=sugarbowl HTTP/1.1" 200 668 "-" "node-superagent/0.18.2"
66.249.79.1 - - [16/Aug/2015:15:39:57 -0700] "GET /lib/resortDataSearch.php?resort=porcupine&dateStart=2013-02-02&dateMax=2013-02-12&size=30 HTTP/1.1" 200 331 "-" "Mozilla/5.0 (compatible; Googlebot/2.1; +http://www.google.com/bot.html)"
66.249.79.14 - - [16/Aug/2015:15:40:01 -0700] "GET /lib/resortDataSearch.php?resort=kellycanyon&dateStart=2013-10-09&dateMax=2013-10-19&size=30 HTTP/1.1" 200 331 "-" "Mozilla/5.0 (compatible; Googlebot/2.1; +http://www.google.com/bot.html)"
180.76.15.141 - - [16/Aug/2015:15:42:22 -0700] "GET / HTTP/1.1" 200 6114 "-" "Mozilla/5.0 (compatible; Baiduspider/2.0; +http://www.baidu.com/search/spider.html)"
180.76.15.156 - - [16/Aug/2015:15:43:07 -0700] "GET / HTTP/1.1" 200 6114 "-" "Mozilla/5.0 (compatible; Baiduspider/2.0; +http://www.baidu.com/search/spider.html)"
75.101.69.44 - - [16/Aug/2015:15:44:40 -0700] "GET /images/wsis-logo-sm.png HTTP/1.1" 200 6108 "http://www.thebackcountry.net/" "Mozilla/5.0 (Windows NT 6.1; WOW64) AppleWebKit/537.36 (KHTML, like Gecko) Chrome/44.0.2403.155 Safari/537.36"
66.249.79.53 - - [16/Aug/2015:15:49:27 -0700] "GET /lib/resortDataSearch.php?resort=tetonpass&dateStart=2013-01-07&dateMax=2013-01-17&size=30 HTTP/1.1" 200 331 "-" "Mozilla/5.0 (compatible; Googlebot/2.1; +http://www.google.com/bot.html)"
170.75.162.130 - - [16/Aug/2015:15:51:50 -0700] "GET /lib/reccapi.php?resort=squawvalleyusa HTTP/1.1" 200 685 "-" "node-superagent/0.18.2"
123.125.71.83 - - [16/Aug/2015:16:09:41 -0700] "-" 408 0 "-" "-"
66.249.79.14 - - [16/Aug/2015:16:11:27 -0700] "GET /lib/resortDataSearch.php?resort=parkcity&dateStart=2013-05-14&dateMax=2013-05-24&size=30 HTTP/1.1" 200 331 "-" "Mozilla/5.0 (compatible; Googlebot/2.1; +http://www.google.com/bot.html)"
66.249.79.1 - - [16/Aug/2015:16:14:36 -0700] "GET /lib/resortDataSearch.php?resort=mountashland&dateStart=2013-10-19&dateMax=2013-10-29&size=30 HTTP/1.1" 200 331 "-" "Mozilla/5.0 (compatible; Googlebot/2.1; +http://www.google.com/bot.html)"
66.249.79.14 - - [16/Aug/2015:16:14:37 -0700] "GET /lib/resortDataSearch.php?resort=granitepeak&dateStart=2013-04-29&dateMax=2013-05-09&size=30 HTTP/1.1" 200 331 "-" "Mozilla/5.0 (compatible; Googlebot/2.1; +http://www.google.com/bot.html)"
220.181.108.157 - - [16/Aug/2015:16:17:36 -0700] "-" 408 0 "-" "-"
66.249.79.250 - - [16/Aug/2015:16:17:47 -0700] "GET /resorts?resort=bridgerbowl HTTP/1.1" 404 506 "-" "Mozilla/5.0 (compatible; Googlebot/2.1; +http://www.google.com/bot.html)"
66.249.79.53 - - [16/Aug/2015:16:17:48 -0700] "GET /resorts?resort=aspenheights&date=2013-12-09 HTTP/1.1" 404 509 "-" "Mozilla/5.0 (compatible; Googlebot/2.1; +http://www.google.com/bot.html)"
66.249.79.250 - - [16/Aug/2015:16:17:54 -0700] "GET /lib/resortDataSearch.php?resort=sierra-at-tahoe&dateStart=2013-10-23&dateMax=2013-11-02&size=30 HTTP/1.1" 200 331 "-" "Mozilla/5.0 (compatible; Googlebot/2.1; +http://www.google.com/bot.html)"
66.249.79.14 - - [16/Aug/2015:16:24:11 -0700] "GET /lib/resortDataSearch.php?resort=wildcatmountain&dateStart=2013-01-17&dateMax=2013-01-27&size=30 HTTP/1.1" 200 331 "-" "Mozilla/5.0 (compatible; Googlebot/2.1; +http://www.google.com/bot.html)"
70.36.140.7 - - [16/Aug/2015:16:27:08 -0700] "GET /images/wsis-logo-sm.png HTTP/1.1" 200 6108 "http://www.thebackcountry.net/" "Mozilla/5.0 (iPhone; CPU iPhone OS 8_1_3 like Mac OS X) AppleWebKit/600.1.4 (KHTML, like Gecko) Version/8.0 Mobile/12B466 Safari/600.1.4"
180.76.15.27 - - [16/Aug/2015:16:32:57 -0700] "GET / HTTP/1.1" 200 6114 "-" "Mozilla/5.0 (compatible; Baiduspider/2.0; +http://www.baidu.com/search/spider.html)"
180.76.15.147 - - [16/Aug/2015:16:33:25 -0700] "GET / HTTP/1.1" 200 6114 "-" "Mozilla/5.0 (compatible; Baiduspider/2.0; +http://www.baidu.com/search/spider.html)"
70.214.41.143 - - [16/Aug/2015:16:38:56 -0700] "GET /images/wsis-logo-sm.png HTTP/1.1" 200 6108 "http://www.thebackcountry.net/" "Mozilla/5.0 (Linux; Android 4.4.4; XT1080 Build/SU6-7.2) AppleWebKit/537.36 (KHTML, like Gecko) Chrome/37.0.2062.117 Mobile Safari/537.36"
70.214.32.121 - - [16/Aug/2015:16:52:16 -0700] "GET /images/wsis-logo-sm.png HTTP/1.1" 200 6108 "http://www.thebackcountry.net/" "Mozilla/5.0 (iPhone; CPU iPhone OS 8_4 like Mac OS X) AppleWebKit/600.1.4 (KHTML, like Gecko) Version/8.0 Mobile/12H143 Safari/600.1.4"
66.249.79.3 - - [16/Aug/2015:16:52:31 -0700] "GET / HTTP/1.1" 200 2376 "-" "Mozilla/5.0 (compatible; Googlebot/2.1; +http://www.google.com/bot.html)"
73.48.160.166 - - [16/Aug/2015:16:53:02 -0700] "GET /images/wsis-logo-sm.png HTTP/1.1" 200 6108 "http://www.thebackcountry.net/" "Mozilla/5.0 (iPhone; CPU iPhone OS 8_3 like Mac OS X) AppleWebKit/600.1.4 (KHTML, like Gecko) Version/8.0 Mobile/12F70 Safari/600.1.4"
123.125.71.109 - - [16/Aug/2015:16:57:20 -0700] "-" 408 0 "-" "-"
220.181.108.184 - - [16/Aug/2015:17:03:27 -0700] "-" 408 0 "-" "-"
170.75.162.130 - - [16/Aug/2015:17:03:46 -0700] "GET /lib/reccapi.php?resort=bigwhite HTTP/1.1" 200 677 "-" "node-superagent/0.18.2"
170.75.162.130 - - [16/Aug/2015:17:03:56 -0700] "GET /lib/reccapi.php?resort=heavenly HTTP/1.1" 200 679 "-" "node-superagent/0.18.2"
170.75.162.130 - - [16/Aug/2015:17:03:56 -0700] "GET /lib/reccapi.php?resort=kirkwood HTTP/1.1" 200 686 "-" "node-superagent/0.18.2"
170.75.162.130 - - [16/Aug/2015:17:03:56 -0700] "GET /lib/reccapi.php?resort=northstar-at-tahoe HTTP/1.1" 200 670 "-" "node-superagent/0.18.2"
170.75.162.130 - - [16/Aug/2015:17:03:56 -0700] "GET /lib/reccapi.php?resort=sierra-at-tahoe HTTP/1.1" 200 671 "-" "node-superagent/0.18.2"
170.75.162.130 - - [16/Aug/2015:17:04:06 -0700] "GET /lib/reccapi.php?resort=arapahoebasin HTTP/1.1" 200 688 "-" "node-superagent/0.18.2"
170.75.162.130 - - [16/Aug/2015:17:04:06 -0700] "GET /lib/reccapi.php?resort=keystone HTTP/1.1" 200 673 "-" "node-superagent/0.18.2"
170.75.162.130 - - [16/Aug/2015:17:04:06 -0700] "GET /lib/reccapi.php?resort=monarch HTTP/1.1" 200 662 "-" "node-superagent/0.18.2"
170.75.162.130 - - [16/Aug/2015:17:04:26 -0700] "GET /lib/reccapi.php?resort=schweitzer HTTP/1.1" 200 659 "-" "node-superagent/0.18.2"
170.75.162.130 - - [16/Aug/2015:17:04:26 -0700] "GET /lib/reccapi.php?resort=sunvalley HTTP/1.1" 200 678 "-" "node-superagent/0.18.2"
170.75.162.130 - - [16/Aug/2015:17:04:46 -0700] "GET /lib/reccapi.php?resort=mtrose HTTP/1.1" 200 653 "-" "node-superagent/0.18.2"
170.75.162.130 - - [16/Aug/2015:17:04:46 -0700] "GET /lib/reccapi.php?resort=sundayriver HTTP/1.1" 200 674 "-" "node-superagent/0.18.2"
170.75.162.130 - - [16/Aug/2015:17:06:56 -0700] "GET /lib/reccapi.php?resort=alta HTTP/1.1" 200 655 "-" "node-superagent/0.18.2"
170.75.162.130 - - [16/Aug/2015:17:06:56 -0700] "GET /lib/reccapi.php?resort=canyons HTTP/1.1" 200 653 "-" "node-superagent/0.18.2"
170.75.162.130 - - [16/Aug/2015:17:07:16 -0700] "GET /lib/reccapi.php?resort=jacksonhole HTTP/1.1" 200 670 "-" "node-superagent/0.18.2"
180.76.15.149 - - [16/Aug/2015:17:34:27 -0700] "GET / HTTP/1.1" 200 6114 "-" "Mozilla/5.0 (compatible; Baiduspider/2.0; +http://www.baidu.com/search/spider.html)"
180.76.15.29 - - [16/Aug/2015:17:34:56 -0700] "GET / HTTP/1.1" 200 6114 "-" "Mozilla/5.0 (compatible; Baiduspider/2.0; +http://www.baidu.com/search/spider.html)"
120.27.29.137 - - [16/Aug/2015:17:47:45 -0700] "GET / HTTP/1.1" 200 2320 "-" "Mozilla/5.0 (Windows NT 6.1) AppleWebKit/537.1 (KHTML, like Gecko) Chrome/21.0.1180.89 Safari/537.1"
190.18.5.219 - - [16/Aug/2015:17:57:07 -0700] "GET /images/wsis-logo-sm.png HTTP/1.1" 200 6108 "http://www.thebackcountry.net/" "Mozilla/5.0 (Windows NT 6.1; Win64; x64) AppleWebKit/537.36 (KHTML, like Gecko) Chrome/44.0.2403.155 Safari/537.36"
123.125.71.75 - - [16/Aug/2015:18:00:14 -0700] "-" 408 0 "-" "-"
220.181.108.81 - - [16/Aug/2015:18:07:29 -0700] "-" 408 0 "-" "-"
66.249.79.66 - - [16/Aug/2015:18:09:18 -0700] "GET /styles/0fffd548.main.css HTTP/1.1" 200 19317 "-" "Mozilla/5.0 (compatible; Googlebot/2.1; +http://www.google.com/bot.html)"
170.75.162.130 - - [16/Aug/2015:18:17:41 -0700] "GET /lib/reccapi.php?resort=smugglersnotch HTTP/1.1" 200 674 "-" "node-superagent/0.18.2"
222.186.21.121 - - [16/Aug/2015:18:18:44 -0700] "GET http://1111.ip138.com/ic.asp HTTP/1.1" 404 468 "http://ip138.com/" "Mozilla/4.0 (compatible; MSIE 8.0; Windows NT 6.1; WOW64; Trident/4.0; SLCC2; .NET CLR 2.0.50727; .NET CLR 3.5.30729; .NET CLR 3.0.30729; Media Center PC 6.0)"
67.169.73.231 - - [16/Aug/2015:18:33:59 -0700] "GET /images/wsis-logo-sm.png HTTP/1.1" 200 6108 "http://www.thebackcountry.net/" "Mozilla/5.0 (Macintosh; Intel Mac OS X 10_7_5) AppleWebKit/537.36 (KHTML, like Gecko) Chrome/41.0.2272.89 Safari/537.36"
207.46.13.70 - - [16/Aug/2015:18:45:25 -0700] "GET /robots.txt HTTP/1.1" 200 375 "-" "Mozilla/5.0 (compatible; bingbot/2.0; +http://www.bing.com/bingbot.htm)"
207.46.13.70 - - [16/Aug/2015:18:45:51 -0700] "GET / HTTP/1.1" 200 2376 "-" "Mozilla/5.0 (compatible; bingbot/2.0; +http://www.bing.com/bingbot.htm)"
73.12.150.233 - - [16/Aug/2015:18:45:57 -0700] "GET /images/wsis-logo-sm.png HTTP/1.1" 200 6108 "http://www.thebackcountry.net/" "Mozilla/5.0 (Windows NT 6.0; WOW64) AppleWebKit/537.36 (KHTML, like Gecko) Chrome/44.0.2403.155 Safari/537.36"
180.76.15.144 - - [16/Aug/2015:18:49:24 -0700] "GET / HTTP/1.1" 200 6114 "-" "Mozilla/5.0 (compatible; Baiduspider/2.0; +http://www.baidu.com/search/spider.html)"
180.76.15.23 - - [16/Aug/2015:18:50:34 -0700] "GET / HTTP/1.1" 200 6114 "-" "Mozilla/5.0 (compatible; Baiduspider/2.0; +http://www.baidu.com/search/spider.html)"
192.99.150.120 - - [16/Aug/2015:18:51:56 -0700] "HEAD / HTTP/1.1" 200 371 "http://domainsigma.com/whois/whereshouldiski.com" "Mozilla/5.0 (compatible; DomainSigmaCrawler/0.1; +http://domainsigma.com/robot)"
76.27.7.11 - - [16/Aug/2015:18:56:47 -0700] "GET /images/wsis-logo-sm.png HTTP/1.1" 200 6108 "http://www.thebackcountry.net/" "Mozilla/5.0 (iPhone; CPU iPhone OS 8_4 like Mac OS X) AppleWebKit/600.1.4 (KHTML, like Gecko) Version/8.0 Mobile/12H143 Safari/600.1.4"
123.125.71.77 - - [16/Aug/2015:19:03:55 -0700] "-" 408 0 "-" "-"
220.181.108.140 - - [16/Aug/2015:19:11:17 -0700] "-" 408 0 "-" "-"
64.134.230.7 - - [16/Aug/2015:19:22:55 -0700] "GET /images/wsis-logo-sm.png HTTP/1.1" 200 6108 "http://www.thebackcountry.net/" "Mozilla/5.0 (iPad; CPU OS 7_1_1 like Mac OS X) AppleWebKit/537.51.2 (KHTML, like Gecko) Version/7.0 Mobile/11D201 Safari/9537.53"
170.75.162.130 - - [16/Aug/2015:19:33:27 -0700] "GET /lib/reccapi.php?resort=grandtarghee HTTP/1.1" 200 681 "-" "node-superagent/0.18.2"
70.211.77.21 - - [16/Aug/2015:19:45:00 -0700] "GET /images/wsis-logo-sm.png HTTP/1.1" 200 6108 "http://www.thebackcountry.net/" "Mozilla/5.0 (iPhone; CPU iPhone OS 8_0_2 like Mac OS X) AppleWebKit/600.1.4 (KHTML, like Gecko) Version/8.0 Mobile/12A405 Safari/600.1.4"
46.151.52.37 - - [16/Aug/2015:19:45:47 -0700] "GET /resorts?resort=cannonmountain HTTP/1.0" 404 495 "http://whereshouldiski.com/resorts?resort=cannonmountain" "Mozilla/5.0 (Windows NT 6.3; WOW64) AppleWebKit/537.36 (KHTML, like Gecko) Chrome/41.0.2272.101 Safari/537.36"
46.151.52.37 - - [16/Aug/2015:19:45:48 -0700] "GET / HTTP/1.0" 200 6114 "http://whereshouldiski.com/" "Mozilla/5.0 (Windows NT 6.3; WOW64) AppleWebKit/537.36 (KHTML, like Gecko) Chrome/41.0.2272.101 Safari/537.36"
180.76.15.18 - - [16/Aug/2015:19:48:25 -0700] "GET / HTTP/1.1" 200 6114 "-" "Mozilla/5.0 (compatible; Baiduspider/2.0; +http://www.baidu.com/search/spider.html)"
180.76.15.14 - - [16/Aug/2015:19:49:28 -0700] "GET / HTTP/1.1" 200 6114 "-" "Mozilla/5.0 (compatible; Baiduspider/2.0; +http://www.baidu.com/search/spider.html)"
71.208.198.101 - - [16/Aug/2015:19:52:48 -0700] "GET /images/wsis-logo-sm.png HTTP/1.1" 200 6108 "http://www.thebackcountry.net/" "Mozilla/5.0 (Macintosh; Intel Mac OS X 10.7; rv:31.0) Gecko/20100101 Firefox/31.0"
71.208.198.101 - - [16/Aug/2015:19:52:50 -0700] "GET /images/wsis-logo-sm.png HTTP/1.1" 200 6108 "http://www.thebackcountry.net/" "Mozilla/5.0 (Macintosh; Intel Mac OS X 10.7; rv:31.0) Gecko/20100101 Firefox/31.0"
76.119.69.230 - - [16/Aug/2015:20:00:14 -0700] "GET /images/wsis-logo-sm.png HTTP/1.1" 200 6108 "http://www.thebackcountry.net/" "Mozilla/5.0 (Macintosh; Intel Mac OS X 10.10; rv:35.0) Gecko/20100101 Firefox/35.0"
66.249.79.14 - - [16/Aug/2015:20:00:31 -0700] "GET / HTTP/1.1" 200 2376 "-" "Mozilla/5.0 (compatible; Googlebot/2.1; +http://www.google.com/bot.html)"
123.125.71.89 - - [16/Aug/2015:20:03:47 -0700] "-" 408 0 "-" "-"
220.181.108.145 - - [16/Aug/2015:20:11:25 -0700] "-" 408 0 "-" "-"
75.142.251.195 - - [16/Aug/2015:20:21:57 -0700] "GET /images/wsis-logo-sm.png HTTP/1.1" 200 6108 "http://www.thebackcountry.net/" "Mozilla/5.0 (iPad; CPU OS 8_4 like Mac OS X) AppleWebKit/600.1.4 (KHTML, like Gecko) Version/8.0 Mobile/12H143 Safari/600.1.4"
24.6.253.248 - - [16/Aug/2015:20:29:01 -0700] "GET /images/wsis-logo-sm.png HTTP/1.1" 200 6108 "http://www.thebackcountry.net/" "Mozilla/5.0 (Macintosh; Intel Mac OS X 10_10_4) AppleWebKit/537.36 (KHTML, like Gecko) Chrome/44.0.2403.155 Safari/537.36"
180.76.15.150 - - [16/Aug/2015:20:42:46 -0700] "GET / HTTP/1.1" 200 6114 "-" "Mozilla/5.0 (compatible; Baiduspider/2.0; +http://www.baidu.com/search/spider.html)"
180.76.15.33 - - [16/Aug/2015:20:43:41 -0700] "GET / HTTP/1.1" 200 6114 "-" "Mozilla/5.0 (compatible; Baiduspider/2.0; +http://www.baidu.com/search/spider.html)"
220.244.63.242 - - [16/Aug/2015:20:44:26 -0700] "GET / HTTP/1.1" 200 2376 "https://www.google.com.au/" "Mozilla/5.0 (Windows NT 6.1; WOW64) AppleWebKit/537.36 (KHTML, like Gecko) Chrome/44.0.2403.155 Safari/537.36"
220.244.63.242 - - [16/Aug/2015:20:44:26 -0700] "GET /scripts/scripts/vendor/modernizr.js HTTP/1.1" 200 4903 "http://whereshouldiski.com/" "Mozilla/5.0 (Windows NT 6.1; WOW64) AppleWebKit/537.36 (KHTML, like Gecko) Chrome/44.0.2403.155 Safari/537.36"
220.244.63.242 - - [16/Aug/2015:20:44:26 -0700] "GET /styles/0fffd548.main.css HTTP/1.1" 200 19316 "http://whereshouldiski.com/" "Mozilla/5.0 (Windows NT 6.1; WOW64) AppleWebKit/537.36 (KHTML, like Gecko) Chrome/44.0.2403.155 Safari/537.36"
220.244.63.242 - - [16/Aug/2015:20:44:27 -0700] "GET /images/logo-sm.png HTTP/1.1" 200 16738 "http://whereshouldiski.com/" "Mozilla/5.0 (Windows NT 6.1; WOW64) AppleWebKit/537.36 (KHTML, like Gecko) Chrome/44.0.2403.155 Safari/537.36"
220.244.63.242 - - [16/Aug/2015:20:44:27 -0700] "GET /images/loading.gif HTTP/1.1" 200 13881 "http://whereshouldiski.com/" "Mozilla/5.0 (Windows NT 6.1; WOW64) AppleWebKit/537.36 (KHTML, like Gecko) Chrome/44.0.2403.155 Safari/537.36"
220.244.63.242 - - [16/Aug/2015:20:44:27 -0700] "GET /bower_components/requirejs/require.js HTTP/1.1" 200 6702 "http://whereshouldiski.com/" "Mozilla/5.0 (Windows NT 6.1; WOW64) AppleWebKit/537.36 (KHTML, like Gecko) Chrome/44.0.2403.155 Safari/537.36"
220.244.63.242 - - [16/Aug/2015:20:44:27 -0700] "GET /scripts/fa48e319.main.js HTTP/1.1" 200 123455 "http://whereshouldiski.com/" "Mozilla/5.0 (Windows NT 6.1; WOW64) AppleWebKit/537.36 (KHTML, like Gecko) Chrome/44.0.2403.155 Safari/537.36"
220.244.63.242 - - [16/Aug/2015:20:44:29 -0700] "GET /favicon.ico HTTP/1.1" 200 1475 "http://whereshouldiski.com/" "Mozilla/5.0 (Windows NT 6.1; WOW64) AppleWebKit/537.36 (KHTML, like Gecko) Chrome/44.0.2403.155 Safari/537.36"
220.244.63.242 - - [16/Aug/2015:20:44:29 -0700] "GET /lib/reccapi.php?fields=t HTTP/1.1" 200 1167 "http://whereshouldiski.com/" "Mozilla/5.0 (Windows NT 6.1; WOW64) AppleWebKit/537.36 (KHTML, like Gecko) Chrome/44.0.2403.155 Safari/537.36"
220.244.63.242 - - [16/Aug/2015:20:44:30 -0700] "GET /images/greyHeader.png HTTP/1.1" 200 508 "http://whereshouldiski.com/styles/0fffd548.main.css" "Mozilla/5.0 (Windows NT 6.1; WOW64) AppleWebKit/537.36 (KHTML, like Gecko) Chrome/44.0.2403.155 Safari/537.36"
220.244.63.242 - - [16/Aug/2015:20:44:30 -0700] "GET /images/button.png HTTP/1.1" 200 598 "http://whereshouldiski.com/styles/0fffd548.main.css" "Mozilla/5.0 (Windows NT 6.1; WOW64) AppleWebKit/537.36 (KHTML, like Gecko) Chrome/44.0.2403.155 Safari/537.36"
207.192.255.22 - - [16/Aug/2015:20:50:27 -0700] "GET /images/wsis-logo-sm.png HTTP/1.1" 200 6108 "http://www.thebackcountry.net/" "Mozilla/5.0 (Linux; Android 5.0.2; SAMSUNG-SM-G890A Build/LRX22G) AppleWebKit/537.36 (KHTML, like Gecko) Chrome/44.0.2403.133 Mobile Safari/537.36"
170.75.162.130 - - [16/Aug/2015:21:01:44 -0700] "GET /lib/reccapi.php?resort=wildcatmountain HTTP/1.1" 200 670 "-" "node-superagent/0.18.2"
123.125.71.84 - - [16/Aug/2015:21:03:10 -0700] "-" 408 0 "-" "-"
170.75.162.130 - - [16/Aug/2015:21:07:04 -0700] "GET /lib/reccapi.php?resort=steamboat HTTP/1.1" 200 671 "-" "node-superagent/0.18.2"
220.181.108.161 - - [16/Aug/2015:21:09:37 -0700] "-" 408 0 "-" "-"
75.15.115.87 - - [16/Aug/2015:21:12:10 -0700] "GET /images/wsis-logo-sm.png HTTP/1.1" 200 6108 "http://www.thebackcountry.net/" "Mozilla/5.0 (iPhone; CPU iPhone OS 8_1 like Mac OS X) AppleWebKit/600.1.4 (KHTML, like Gecko) Version/8.0 Mobile/12B411 Safari/600.1.4"
170.75.162.130 - - [16/Aug/2015:21:12:15 -0700] "GET /lib/reccapi.php?resort=alyeska HTTP/1.1" 200 655 "-" "node-superagent/0.18.2"
67.159.155.254 - - [16/Aug/2015:21:18:18 -0700] "GET /images/wsis-logo-sm.png HTTP/1.1" 200 6108 "http://www.thebackcountry.net/" "Mozilla/5.0 (X11; CrOS x86_64 7077.95.0) AppleWebKit/537.36 (KHTML, like Gecko) Chrome/44.0.2403.90 Safari/537.36"
108.248.166.244 - - [16/Aug/2015:21:22:18 -0700] "GET /images/wsis-logo-sm.png HTTP/1.1" 200 6108 "http://www.thebackcountry.net/" "Mozilla/5.0 (X11; CrOS x86_64 7077.123.0) AppleWebKit/537.36 (KHTML, like Gecko) Chrome/44.0.2403.155 Safari/537.36"
170.75.162.130 - - [16/Aug/2015:21:43:07 -0700] "GET /lib/reccapi.php?resort=aspenheights HTTP/1.1" 200 685 "-" "node-superagent/0.18.2"
66.249.79.40 - - [16/Aug/2015:21:46:40 -0700] "GET / HTTP/1.1" 200 2376 "-" "Mozilla/5.0 (compatible; Googlebot/2.1; +http://www.google.com/bot.html)"
170.75.162.130 - - [16/Aug/2015:21:51:28 -0700] "GET /lib/reccapi.php?resort=diamondpeak HTTP/1.1" 200 650 "-" "node-superagent/0.18.2"
180.76.15.141 - - [16/Aug/2015:21:57:08 -0700] "GET / HTTP/1.1" 200 6114 "-" "Mozilla/5.0 (compatible; Baiduspider/2.0; +http://www.baidu.com/search/spider.html)"
180.76.15.18 - - [16/Aug/2015:21:58:20 -0700] "GET / HTTP/1.1" 200 6114 "-" "Mozilla/5.0 (compatible; Baiduspider/2.0; +http://www.baidu.com/search/spider.html)"
170.75.162.130 - - [16/Aug/2015:22:00:18 -0700] "GET /lib/reccapi.php?resort=bigwhite HTTP/1.1" 200 677 "-" "node-superagent/0.18.2"
123.125.71.79 - - [16/Aug/2015:22:05:57 -0700] "-" 408 0 "-" "-"
24.11.28.203 - - [16/Aug/2015:22:13:02 -0700] "GET /images/wsis-logo-sm.png HTTP/1.1" 200 6108 "http://www.thebackcountry.net/" "Mozilla/5.0 (iPad; CPU OS 8_4_1 like Mac OS X) AppleWebKit/600.1.4 (KHTML, like Gecko) Version/8.0 Mobile/12H321 Safari/600.1.4"
220.181.108.157 - - [16/Aug/2015:22:13:31 -0700] "-" 408 0 "-" "-"
24.11.28.203 - - [16/Aug/2015:22:13:57 -0700] "GET /images/wsis-logo-sm.png HTTP/1.1" 200 6108 "http://www.thebackcountry.net/" "Mozilla/5.0 (iPad; CPU OS 8_4_1 like Mac OS X) AppleWebKit/600.1.4 (KHTML, like Gecko) Version/8.0 Mobile/12H321 Safari/600.1.4"
170.75.162.130 - - [16/Aug/2015:22:19:50 -0700] "GET /lib/reccapi.php?resort=whitefacemountain HTTP/1.1" 200 669 "-" "node-superagent/0.18.2"
24.11.28.203 - - [16/Aug/2015:22:19:53 -0700] "GET /images/wsis-logo-sm.png HTTP/1.1" 200 6108 "http://www.thebackcountry.net/" "Mozilla/5.0 (iPad; CPU OS 8_4_1 like Mac OS X) AppleWebKit/600.1.4 (KHTML, like Gecko) Version/8.0 Mobile/12H321 Safari/600.1.4"
207.46.13.70 - - [16/Aug/2015:22:24:35 -0700] "GET /about HTTP/1.1" 404 509 "-" "Mozilla/5.0 (compatible; bingbot/2.0; +http://www.bing.com/bingbot.htm)"
69.105.238.227 - - [16/Aug/2015:22:30:15 -0700] "GET /images/wsis-logo-sm.png HTTP/1.1" 200 6108 "http://www.thebackcountry.net/" "Mozilla/5.0 (iPad; CPU OS 8_4 like Mac OS X) AppleWebKit/600.1.4 (KHTML, like Gecko) Version/8.0 Mobile/12H143 Safari/600.1.4"
180.76.15.15 - - [16/Aug/2015:22:32:29 -0700] "GET / HTTP/1.1" 200 2339 "-" "Mozilla/5.0 (compatible; Baiduspider/2.0; +http://www.baidu.com/search/spider.html)"
24.32.26.63 - - [16/Aug/2015:22:49:38 -0700] "GET /images/wsis-logo-sm.png HTTP/1.1" 200 6108 "http://www.thebackcountry.net/" "Mozilla/5.0 (iPad; CPU OS 7_1 like Mac OS X) AppleWebKit/537.51.2 (KHTML, like Gecko) Mobile/11D167"
24.32.31.94 - - [16/Aug/2015:22:57:10 -0700] "GET /images/wsis-logo-sm.png HTTP/1.1" 200 6108 "http://www.thebackcountry.net/" "Mozilla/5.0 (Macintosh; Intel Mac OS X 10.9; rv:38.0) Gecko/20100101 Firefox/38.0"
178.137.162.6 - - [16/Aug/2015:22:58:02 -0700] "GET /fckeditor/editor/filemanager/connectors/php/upload.php HTTP/1.0" 404 495 "WHERESHOULDISKI.com/fckeditor/editor/filemanager/connectors/php/upload.php" "Mozilla/5.0 (Windows NT 6.3; WOW64; rv:36.0) Gecko/20100101 Firefox/36.0"
178.137.162.6 - - [16/Aug/2015:22:58:02 -0700] "GET /fckeditor/editor/filemanager/connectors/php/upload.phpindex.php HTTP/1.0" 404 495 "WHERESHOULDISKI.com/fckeditor/editor/filemanager/connectors/php/upload.phpindex.php" "Mozilla/5.0 (Windows NT 6.3; WOW64; rv:36.0) Gecko/20100101 Firefox/36.0"
123.125.71.18 - - [16/Aug/2015:23:15:29 -0700] "-" 408 0 "-" "-"
180.76.15.10 - - [16/Aug/2015:23:19:02 -0700] "GET / HTTP/1.1" 200 6114 "-" "Mozilla/5.0 (compatible; Baiduspider/2.0; +http://www.baidu.com/search/spider.html)"
180.76.15.163 - - [16/Aug/2015:23:20:02 -0700] "GET / HTTP/1.1" 200 6114 "-" "Mozilla/5.0 (compatible; Baiduspider/2.0; +http://www.baidu.com/search/spider.html)"
220.181.108.186 - - [16/Aug/2015:23:23:18 -0700] "-" 408 0 "-" "-"
180.76.15.16 - - [16/Aug/2015:23:39:23 -0700] "GET / HTTP/1.1" 200 6114 "-" "Mozilla/5.0 (compatible; Baiduspider/2.0; +http://www.baidu.com/search/spider.html)"
180.76.15.161 - - [16/Aug/2015:23:39:55 -0700] "GET / HTTP/1.1" 200 6114 "-" "Mozilla/5.0 (compatible; Baiduspider/2.0; +http://www.baidu.com/search/spider.html)"
170.75.162.130 - - [16/Aug/2015:23:44:16 -0700] "GET /lib/reccapi.php?resort=angelfire HTTP/1.1" 200 685 "-" "node-superagent/0.18.2"
170.75.162.130 - - [16/Aug/2015:23:44:17 -0700] "GET /lib/reccapi.php?resort=taos HTTP/1.1" 200 646 "-" "node-superagent/0.18.2"
170.75.162.130 - - [17/Aug/2015:00:04:48 -0700] "GET /lib/reccapi.php?resort=mountspokane HTTP/1.1" 200 973 "-" "node-superagent/0.18.2"
170.75.162.130 - - [17/Aug/2015:00:06:08 -0700] "GET /lib/reccapi.php?resort=sugarbush HTTP/1.1" 200 671 "-" "node-superagent/0.18.2"
123.125.71.85 - - [17/Aug/2015:00:08:35 -0700] "-" 408 0 "-" "-"
220.181.108.140 - - [17/Aug/2015:00:15:13 -0700] "-" 408 0 "-" "-"
66.249.79.66 - - [17/Aug/2015:00:35:10 -0700] "GET /lib/resortDataSearch.php?resort=crystalmountain&dateStart=2013-06-08&dateMax=2013-06-18&size=30 HTTP/1.1" 200 331 "-" "Mozilla/5.0 (compatible; Googlebot/2.1; +http://www.google.com/bot.html)"
185.25.151.159 - - [17/Aug/2015:00:35:37 -0700] "GET http://testp5.mielno.lubin.pl/testproxy.php HTTP/1.1" 404 452 "-" "Mozilla/5.0 (Windows NT 5.1; rv:32.0) Gecko/20100101 Firefox/31.0"
180.76.15.29 - - [17/Aug/2015:00:53:33 -0700] "GET / HTTP/1.1" 200 6114 "-" "Mozilla/5.0 (compatible; Baiduspider/2.0; +http://www.baidu.com/search/spider.html)"
170.75.162.130 - - [17/Aug/2015:00:54:12 -0700] "GET /lib/reccapi.php?resort=jaypeak HTTP/1.1" 200 684 "-" "node-superagent/0.18.2"
170.75.162.130 - - [17/Aug/2015:00:54:12 -0700] "GET /lib/reccapi.php?resort=49degreesnorth HTTP/1.1" 200 690 "-" "node-superagent/0.18.2"
170.75.162.130 - - [17/Aug/2015:00:54:12 -0700] "GET /lib/reccapi.php?resort=crystalmountain HTTP/1.1" 200 678 "-" "node-superagent/0.18.2"
170.75.162.130 - - [17/Aug/2015:00:54:12 -0700] "GET /lib/reccapi.php?resort=madriverglen HTTP/1.1" 200 670 "-" "node-superagent/0.18.2"
170.75.162.130 - - [17/Aug/2015:00:54:12 -0700] "GET /lib/reccapi.php?resort=killington HTTP/1.1" 200 667 "-" "node-superagent/0.18.2"
180.76.15.5 - - [17/Aug/2015:00:54:48 -0700] "GET / HTTP/1.1" 200 6114 "-" "Mozilla/5.0 (compatible; Baiduspider/2.0; +http://www.baidu.com/search/spider.html)"
170.75.162.130 - - [17/Aug/2015:00:55:12 -0700] "GET /lib/reccapi.php?resort=stevenspass HTTP/1.1" 200 964 "-" "node-superagent/0.18.2"
170.75.162.130 - - [17/Aug/2015:00:55:12 -0700] "GET /lib/reccapi.php?resort=stowe HTTP/1.1" 200 653 "-" "node-superagent/0.18.2"
170.75.162.130 - - [17/Aug/2015:00:57:42 -0700] "GET /lib/reccapi.php?resort=sundayriver HTTP/1.1" 200 674 "-" "node-superagent/0.18.2"
66.249.79.66 - - [17/Aug/2015:00:58:22 -0700] "GET / HTTP/1.1" 200 2376 "-" "Mozilla/5.0 (iPhone; CPU iPhone OS 6_0 like Mac OS X) AppleWebKit/536.26 (KHTML, like Gecko) Version/6.0 Mobile/10A5376e Safari/8536.25 (compatible; Googlebot/2.1; +http://www.google.com/bot.html)"
66.249.79.1 - - [17/Aug/2015:00:58:41 -0700] "GET / HTTP/1.1" 200 2376 "-" "Mozilla/5.0 (iPhone; CPU iPhone OS 6_0 like Mac OS X) AppleWebKit/536.26 (KHTML, like Gecko) Version/6.0 Mobile/10A5376e Safari/8536.25 (compatible; Googlebot/2.1; +http://www.google.com/bot.html)"
123.125.71.78 - - [17/Aug/2015:01:03:37 -0700] "-" 408 0 "-" "-"
66.249.79.29 - - [17/Aug/2015:01:08:29 -0700] "GET /robots.txt HTTP/1.1" 200 419 "-" "Mozilla/5.0 (compatible; Googlebot/2.1; +http://www.google.com/bot.html)"
66.249.79.29 - - [17/Aug/2015:01:08:29 -0700] "GET / HTTP/1.1" 200 2375 "-" "Mozilla/5.0 (iPhone; CPU iPhone OS 6_0 like Mac OS X) AppleWebKit/536.26 (KHTML, like Gecko) Version/6.0 Mobile/10A5376e Safari/8536.25 (compatible; Googlebot/2.1; +http://www.google.com/bot.html)"
170.75.162.130 - - [17/Aug/2015:01:08:43 -0700] "GET /lib/reccapi.php?resort=crestedbutte HTTP/1.1" 200 687 "-" "node-superagent/0.18.2"
220.181.108.84 - - [17/Aug/2015:01:09:49 -0700] "-" 408 0 "-" "-"
17.142.151.182 - - [17/Aug/2015:01:54:36 -0700] "GET / HTTP/1.1" 200 2376 "-" "Mozilla/5.0 (Macintosh; Intel Mac OS X 10_10_1) AppleWebKit/600.2.5 (KHTML, like Gecko) Version/8.0.2 Safari/600.2.5 (Applebot/0.1; +http://www.apple.com/go/applebot)"
17.142.151.182 - - [17/Aug/2015:01:54:36 -0700] "GET / HTTP/1.1" 200 2376 "-" "Mozilla/5.0 (Macintosh; Intel Mac OS X 10_10_1) AppleWebKit/600.2.5 (KHTML, like Gecko) Version/8.0.2 Safari/600.2.5 (Applebot/0.1; +http://www.apple.com/go/applebot)"
17.142.151.182 - - [17/Aug/2015:01:54:36 -0700] "GET / HTTP/1.1" 200 2376 "-" "Mozilla/5.0 (iPhone; CPU iPhone OS 8_1 like Mac OS X) AppleWebKit/600.1.4 (KHTML, like Gecko) Version/8.0 Mobile/12B410 Safari/600.1.4 (Applebot/0.1; +http://www.apple.com/go/applebot)"
17.142.151.182 - - [17/Aug/2015:01:54:36 -0700] "GET /apple-touch-icon-precomposed.png HTTP/1.1" 404 521 "-" "Mozilla/5.0 (Macintosh; Intel Mac OS X 10_10_1) AppleWebKit/600.2.5 (KHTML, like Gecko) Version/8.0.2 Safari/600.2.5 (Applebot/0.1; +http://www.apple.com/go/applebot)"
17.142.151.182 - - [17/Aug/2015:01:54:36 -0700] "GET /apple-touch-icon.png HTTP/1.1" 404 513 "-" "Mozilla/5.0 (Macintosh; Intel Mac OS X 10_10_1) AppleWebKit/600.2.5 (KHTML, like Gecko) Version/8.0.2 Safari/600.2.5 (Applebot/0.1; +http://www.apple.com/go/applebot)"
17.142.151.182 - - [17/Aug/2015:01:54:36 -0700] "GET /favicon.ico HTTP/1.1" 200 1476 "-" "Mozilla/5.0 (Macintosh; Intel Mac OS X 10_10_1) AppleWebKit/600.2.5 (KHTML, like Gecko) Version/8.0.2 Safari/600.2.5 (Applebot/0.1; +http://www.apple.com/go/applebot)"
123.125.71.46 - - [17/Aug/2015:02:00:59 -0700] "-" 408 0 "-" "-"
220.181.108.158 - - [17/Aug/2015:02:07:20 -0700] "-" 408 0 "-" "-"
170.75.162.130 - - [17/Aug/2015:02:19:39 -0700] "GET /lib/reccapi.php?resort=sugarloaf HTTP/1.1" 200 665 "-" "node-superagent/0.18.2"
170.75.162.130 - - [17/Aug/2015:02:24:19 -0700] "GET /lib/reccapi.php?resort=brianhead HTTP/1.1" 200 679 "-" "node-superagent/0.18.2"
66.249.79.16 - - [17/Aug/2015:02:37:11 -0700] "GET / HTTP/1.1" 200 2376 "-" "Mozilla/5.0 (compatible; Googlebot/2.1; +http://www.google.com/bot.html)"
180.76.15.138 - - [17/Aug/2015:02:38:00 -0700] "GET / HTTP/1.1" 200 6114 "-" "Mozilla/5.0 (compatible; Baiduspider/2.0; +http://www.baidu.com/search/spider.html)"
170.75.162.130 - - [17/Aug/2015:02:38:10 -0700] "GET /lib/reccapi.php?resort=alta HTTP/1.1" 200 655 "-" "node-superagent/0.18.2"
180.76.15.149 - - [17/Aug/2015:02:38:45 -0700] "GET / HTTP/1.1" 200 6114 "-" "Mozilla/5.0 (compatible; Baiduspider/2.0; +http://www.baidu.com/search/spider.html)"
50.74.213.243 - - [17/Aug/2015:02:51:51 -0700] "GET /tmUnblock.cgi HTTP/1.1" 400 539 "-" "-"
50.74.213.243 - - [17/Aug/2015:02:51:55 -0700] "GET / HTTP/1.1" 400 539 "-" "-"
123.125.71.76 - - [17/Aug/2015:02:59:42 -0700] "-" 408 0 "-" "-"
220.181.108.163 - - [17/Aug/2015:03:05:42 -0700] "-" 408 0 "-" "-"
170.75.162.130 - - [17/Aug/2015:03:06:32 -0700] "GET /lib/reccapi.php?resort=heavenly HTTP/1.1" 200 679 "-" "node-superagent/0.18.2"
66.249.79.250 - - [17/Aug/2015:03:16:17 -0700] "GET /resorts?resort=mountspokane HTTP/1.1" 404 506 "-" "Mozilla/5.0 (compatible; Googlebot/2.1; +http://www.google.com/bot.html)"
170.75.162.130 - - [17/Aug/2015:03:30:44 -0700] "GET /lib/reccapi.php?resort=alpinemeadows HTTP/1.1" 200 679 "-" "node-superagent/0.18.2"
170.75.162.130 - - [17/Aug/2015:03:30:44 -0700] "GET /lib/reccapi.php?resort=arapahoebasin HTTP/1.1" 200 688 "-" "node-superagent/0.18.2"
170.75.162.130 - - [17/Aug/2015:03:30:44 -0700] "GET /lib/reccapi.php?resort=alta HTTP/1.1" 200 655 "-" "node-superagent/0.18.2"
170.75.162.130 - - [17/Aug/2015:03:30:44 -0700] "GET /lib/reccapi.php?resort=alyeska HTTP/1.1" 200 655 "-" "node-superagent/0.18.2"
170.75.162.130 - - [17/Aug/2015:03:30:44 -0700] "GET /lib/reccapi.php?resort=49degreesnorth HTTP/1.1" 200 690 "-" "node-superagent/0.18.2"
170.75.162.130 - - [17/Aug/2015:03:30:44 -0700] "GET /lib/reccapi.php?resort=aspenheights HTTP/1.1" 200 685 "-" "node-superagent/0.18.2"
170.75.162.130 - - [17/Aug/2015:03:30:44 -0700] "GET /lib/reccapi.php?resort=bigwhite HTTP/1.1" 200 678 "-" "node-superagent/0.18.2"
170.75.162.130 - - [17/Aug/2015:03:30:44 -0700] "GET /lib/reccapi.php?resort=bigsky HTTP/1.1" 200 674 "-" "node-superagent/0.18.2"
170.75.162.130 - - [17/Aug/2015:03:30:44 -0700] "GET /lib/reccapi.php?resort=aspenmountain HTTP/1.1" 200 677 "-" "node-superagent/0.18.2"
170.75.162.130 - - [17/Aug/2015:03:30:44 -0700] "GET /lib/reccapi.php?resort=angelfire HTTP/1.1" 200 685 "-" "node-superagent/0.18.2"
170.75.162.130 - - [17/Aug/2015:03:30:44 -0700] "GET /lib/reccapi.php?resort=brianhead HTTP/1.1" 200 679 "-" "node-superagent/0.18.2"
170.75.162.130 - - [17/Aug/2015:03:30:44 -0700] "GET /lib/reccapi.php?resort=brighton HTTP/1.1" 200 659 "-" "node-superagent/0.18.2"
170.75.162.130 - - [17/Aug/2015:03:31:42 -0700] "GET /lib/reccapi.php?resort=crestedbutte HTTP/1.1" 200 687 "-" "node-superagent/0.18.2"
170.75.162.130 - - [17/Aug/2015:03:31:42 -0700] "GET /lib/reccapi.php?resort=coppermountain HTTP/1.1" 200 678 "-" "node-superagent/0.18.2"
170.75.162.130 - - [17/Aug/2015:03:31:43 -0700] "GET /lib/reccapi.php?resort=crystalmountain HTTP/1.1" 200 678 "-" "node-superagent/0.18.2"
170.75.162.130 - - [17/Aug/2015:03:31:43 -0700] "GET /lib/reccapi.php?resort=deervalley HTTP/1.1" 200 688 "-" "node-superagent/0.18.2"
170.75.162.130 - - [17/Aug/2015:03:31:43 -0700] "GET /lib/reccapi.php?resort=chinapeak HTTP/1.1" 200 680 "-" "node-superagent/0.18.2"
170.75.162.130 - - [17/Aug/2015:03:31:43 -0700] "GET /lib/reccapi.php?resort=devilshead HTTP/1.1" 200 655 "-" "node-superagent/0.18.2"
170.75.162.130 - - [17/Aug/2015:03:31:43 -0700] "GET /lib/reccapi.php?resort=diamondpeak HTTP/1.1" 200 650 "-" "node-superagent/0.18.2"
170.75.162.130 - - [17/Aug/2015:03:31:43 -0700] "GET /lib/reccapi.php?resort=canyons HTTP/1.1" 200 653 "-" "node-superagent/0.18.2"
170.75.162.130 - - [17/Aug/2015:03:31:43 -0700] "GET /lib/reccapi.php?resort=grandtarghee HTTP/1.1" 200 680 "-" "node-superagent/0.18.2"
170.75.162.130 - - [17/Aug/2015:03:31:43 -0700] "GET /lib/reccapi.php?resort=homewoodmountain HTTP/1.1" 200 685 "-" "node-superagent/0.18.2"
170.75.162.130 - - [17/Aug/2015:03:31:43 -0700] "GET /lib/reccapi.php?resort=heavenly HTTP/1.1" 200 679 "-" "node-superagent/0.18.2"
170.75.162.130 - - [17/Aug/2015:03:31:44 -0700] "GET /lib/reccapi.php?resort=jaypeak HTTP/1.1" 200 684 "-" "node-superagent/0.18.2"
170.75.162.130 - - [17/Aug/2015:03:31:49 -0700] "GET /lib/reccapi.php?resort=keystone HTTP/1.1" 200 673 "-" "node-superagent/0.18.2"
170.75.162.130 - - [17/Aug/2015:03:31:54 -0700] "GET /lib/reccapi.php?resort=buttermilk HTTP/1.1" 200 662 "-" "node-superagent/0.18.2"
170.75.162.130 - - [17/Aug/2015:03:31:59 -0700] "GET /lib/reccapi.php?resort=jacksonhole HTTP/1.1" 200 670 "-" "node-superagent/0.18.2"
170.75.162.130 - - [17/Aug/2015:03:32:04 -0700] "GET /lib/reccapi.php?resort=kirkwood HTTP/1.1" 200 686 "-" "node-superagent/0.18.2"
170.75.162.130 - - [17/Aug/2015:03:32:09 -0700] "GET /lib/reccapi.php?resort=loveland HTTP/1.1" 200 669 "-" "node-superagent/0.18.2"
170.75.162.130 - - [17/Aug/2015:03:32:14 -0700] "GET /lib/reccapi.php?resort=madriverglen HTTP/1.1" 200 670 "-" "node-superagent/0.18.2"
170.75.162.130 - - [17/Aug/2015:03:32:19 -0700] "GET /lib/reccapi.php?resort=whitefacemountain HTTP/1.1" 200 670 "-" "node-superagent/0.18.2"
170.75.162.130 - - [17/Aug/2015:03:32:25 -0700] "GET /lib/reccapi.php?resort=wildcatmountain HTTP/1.1" 200 670 "-" "node-superagent/0.18.2"
170.75.162.130 - - [17/Aug/2015:03:32:29 -0700] "GET /lib/reccapi.php?resort=winterpark HTTP/1.1" 200 682 "-" "node-superagent/0.18.2"
170.75.162.130 - - [17/Aug/2015:03:32:34 -0700] "GET /lib/reccapi.php?resort=hoodoo HTTP/1.1" 200 959 "-" "node-superagent/0.18.2"
170.75.162.130 - - [17/Aug/2015:03:32:39 -0700] "GET /lib/reccapi.php?resort=cannonmountain HTTP/1.1" 200 673 "-" "node-superagent/0.18.2"
170.75.162.130 - - [17/Aug/2015:03:32:44 -0700] "GET /lib/reccapi.php?resort=killington HTTP/1.1" 200 667 "-" "node-superagent/0.18.2"
170.75.162.130 - - [17/Aug/2015:03:32:49 -0700] "GET /lib/reccapi.php?resort=mammothmountain HTTP/1.1" 200 690 "-" "node-superagent/0.18.2"
170.75.162.130 - - [17/Aug/2015:03:32:54 -0700] "GET /lib/reccapi.php?resort=mountbachelor HTTP/1.1" 200 686 "-" "node-superagent/0.18.2"
170.75.162.130 - - [17/Aug/2015:03:32:59 -0700] "GET /lib/reccapi.php?resort=mountainhigh HTTP/1.1" 200 691 "-" "node-superagent/0.18.2"
170.75.162.130 - - [17/Aug/2015:03:33:04 -0700] "GET /lib/reccapi.php?resort=mounthoodmeadows HTTP/1.1" 200 691 "-" "node-superagent/0.18.2"
170.75.162.130 - - [17/Aug/2015:03:33:09 -0700] "GET /lib/reccapi.php?resort=mtrose HTTP/1.1" 200 653 "-" "node-superagent/0.18.2"
170.75.162.130 - - [17/Aug/2015:03:33:14 -0700] "GET /lib/reccapi.php?resort=northstar-at-tahoe HTTP/1.1" 200 670 "-" "node-superagent/0.18.2"
170.75.162.130 - - [17/Aug/2015:03:33:19 -0700] "GET /lib/reccapi.php?resort=parkcity HTTP/1.1" 200 683 "-" "node-superagent/0.18.2"
170.75.162.130 - - [17/Aug/2015:03:33:24 -0700] "GET /lib/reccapi.php?resort=redlodge HTTP/1.1" 200 709 "-" "node-superagent/0.18.2"
170.75.162.130 - - [17/Aug/2015:03:33:29 -0700] "GET /lib/reccapi.php?resort=sunvalley HTTP/1.1" 200 677 "-" "node-superagent/0.18.2"
170.75.162.130 - - [17/Aug/2015:03:33:34 -0700] "GET /lib/reccapi.php?resort=monarch HTTP/1.1" 200 662 "-" "node-superagent/0.18.2"
170.75.162.130 - - [17/Aug/2015:03:33:39 -0700] "GET /lib/reccapi.php?resort=redmountain HTTP/1.1" 200 666 "-" "node-superagent/0.18.2"
170.75.162.130 - - [17/Aug/2015:03:33:44 -0700] "GET /lib/reccapi.php?resort=schweitzer HTTP/1.1" 200 659 "-" "node-superagent/0.18.2"
170.75.162.130 - - [17/Aug/2015:03:33:49 -0700] "GET /lib/reccapi.php?resort=sierra-at-tahoe HTTP/1.1" 200 671 "-" "node-superagent/0.18.2"
170.75.162.130 - - [17/Aug/2015:03:33:54 -0700] "GET /lib/reccapi.php?resort=silverstarmountain HTTP/1.1" 200 689 "-" "node-superagent/0.18.2"
170.75.162.130 - - [17/Aug/2015:03:33:59 -0700] "GET /lib/reccapi.php?resort=smugglersnotch HTTP/1.1" 200 674 "-" "node-superagent/0.18.2"
170.75.162.130 - - [17/Aug/2015:03:34:04 -0700] "GET /lib/reccapi.php?resort=taos HTTP/1.1" 200 646 "-" "node-superagent/0.18.2"
170.75.162.130 - - [17/Aug/2015:03:34:09 -0700] "GET /lib/reccapi.php?resort=telluride HTTP/1.1" 200 662 "-" "node-superagent/0.18.2"
170.75.162.130 - - [17/Aug/2015:03:34:14 -0700] "GET /lib/reccapi.php?resort=whistlerblackcomb HTTP/1.1" 200 688 "-" "node-superagent/0.18.2"
