170.75.162.130 - - [22/Mar/2016:17:34:48 -0700] "GET /lib/reccapi.php?resort=redmountain HTTP/1.1" 200 907 "-" "node-superagent/1.4.0"
170.75.162.130 - - [22/Mar/2016:17:34:49 -0700] "GET /lib/reccapi.php?resort=mountainhigh HTTP/1.1" 200 995 "-" "node-superagent/1.4.0"
141.8.143.217 - - [22/Mar/2016:17:35:09 -0700] "GET /images/wsis-logo-sm.png HTTP/1.1" 200 6108 "-" "Mozilla/5.0 (compatible; YandexImages/3.0; +http://yandex.com/bots)"
104.229.178.165 - - [22/Mar/2016:17:35:19 -0700] "GET /images/wsis-logo-sm.png HTTP/1.1" 200 6108 "http://thebackcountry.net/" "Mozilla/5.0 (Windows NT 10.0; Win64; x64) AppleWebKit/537.36 (KHTML, like Gecko) Chrome/46.0.2486.0 Safari/537.36 Edge/13.10586"
104.229.178.165 - - [22/Mar/2016:17:35:41 -0700] "-" 408 0 "-" "-"
170.75.162.130 - - [22/Mar/2016:17:35:49 -0700] "GET /lib/reccapi.php?resort=whistlerblackcomb HTTP/1.1" 200 937 "-" "node-superagent/1.4.0"
170.75.162.130 - - [22/Mar/2016:17:35:49 -0700] "GET /lib/reccapi.php?resort=sugarbowl HTTP/1.1" 200 1058 "-" "node-superagent/1.4.0"
67.3.9.172 - - [22/Mar/2016:17:38:00 -0700] "GET /images/wsis-logo-sm.png HTTP/1.1" 200 6108 "http://www.thebackcountry.net/" "Mozilla/5.0 (iPad; CPU OS 9_2_1 like Mac OS X) AppleWebKit/601.1.46 (KHTML, like Gecko) Version/9.0 Mobile/13D15 Safari/601.1"
104.229.178.165 - - [22/Mar/2016:17:41:16 -0700] "-" 408 0 "-" "-"
166.170.15.118 - - [22/Mar/2016:17:43:35 -0700] "GET /images/wsis-logo-sm.png HTTP/1.1" 200 6108 "http://www.thebackcountry.net/" "Mozilla/5.0 (iPhone; CPU iPhone OS 9_2_1 like Mac OS X) AppleWebKit/601.1.46 (KHTML, like Gecko) Version/9.0 Mobile/13D15 Safari/601.1"
52.33.40.213 - - [22/Mar/2016:17:44:18 -0700] "GET /lib/reccapi.php?resort=parkcity HTTP/1.1" 200 1075 "-" "node-superagent/1.4.0"
52.33.40.213 - - [22/Mar/2016:17:44:18 -0700] "GET /lib/reccapi.php?resort=alta HTTP/1.1" 200 1042 "-" "node-superagent/1.4.0"
170.75.162.130 - - [22/Mar/2016:17:47:40 -0700] "GET /lib/reccapi.php?resort=alyeska HTTP/1.1" 200 1040 "-" "node-superagent/1.4.0"
170.75.162.130 - - [22/Mar/2016:17:50:11 -0700] "GET /lib/reccapi.php?resort=sundayriver HTTP/1.1" 200 970 "-" "node-superagent/1.4.0"
192.0.112.242 - - [22/Mar/2016:17:51:53 -0700] "GET /images/wsis-logo-sm.png HTTP/1.1" 200 6108 "http://www.thebackcountry.net/" "Mozilla/5.0 (X11; Linux x86_64; rv:10.0.12) Gecko/20100101 Firefox/21.0 WordPress.com mShots"
52.33.40.213 - - [22/Mar/2016:17:53:59 -0700] "GET /lib/reccapi.php?resort=deervalley HTTP/1.1" 200 1133 "-" "node-superagent/1.4.0"
75.111.109.126 - - [22/Mar/2016:18:05:05 -0700] "GET /images/wsis-logo-sm.png HTTP/1.1" 200 6108 "http://www.thebackcountry.net/" "Mozilla/5.0 (Macintosh; Intel Mac OS X 10_10_5) AppleWebKit/537.36 (KHTML, like Gecko) Chrome/48.0.2564.116 Safari/537.36"
123.125.71.51 - - [22/Mar/2016:18:06:52 -0700] "GET / HTTP/1.1" 200 2578 "-" "Mozilla/5.0 (compatible; Baiduspider/2.0; +http://www.baidu.com/search/spider.html)"
75.111.105.230 - - [22/Mar/2016:18:18:31 -0700] "GET /images/wsis-logo-sm.png HTTP/1.1" 200 6108 "http://www.thebackcountry.net/" "Mozilla/5.0 (Windows NT 6.1; WOW64) AppleWebKit/537.36 (KHTML, like Gecko) Chrome/49.0.2623.87 Safari/537.36"
52.33.40.213 - - [22/Mar/2016:18:24:50 -0700] "GET /lib/reccapi.php?resort=chinapeak HTTP/1.1" 200 1042 "-" "node-superagent/1.4.0"
170.75.162.130 - - [22/Mar/2016:18:24:55 -0700] "GET /lib/reccapi.php?resort=kirkwood HTTP/1.1" 200 1056 "-" "node-superagent/1.4.0"
52.33.40.213 - - [22/Mar/2016:18:25:10 -0700] "GET /lib/reccapi.php?resort=mtrose HTTP/1.1" 200 1076 "-" "node-superagent/1.4.0"
52.33.40.213 - - [22/Mar/2016:18:26:20 -0700] "GET /lib/reccapi.php?resort=homewoodmountain HTTP/1.1" 200 1085 "-" "node-superagent/1.4.0"
180.76.15.22 - - [22/Mar/2016:18:28:34 -0700] "GET / HTTP/1.1" 200 6995 "-" "Mozilla/5.0 (compatible; Baiduspider/2.0; +http://www.baidu.com/search/spider.html)"
180.76.15.7 - - [22/Mar/2016:18:29:25 -0700] "GET / HTTP/1.1" 200 6995 "-" "Mozilla/5.0 (compatible; Baiduspider/2.0; +http://www.baidu.com/search/spider.html)"
170.75.162.130 - - [22/Mar/2016:18:34:47 -0700] "GET /lib/reccapi.php?resort=mtrose HTTP/1.1" 200 1076 "-" "node-superagent/1.4.0"
52.33.40.213 - - [22/Mar/2016:18:39:01 -0700] "GET /lib/reccapi.php?resort=solitude HTTP/1.1" 200 1043 "-" "node-superagent/1.4.0"
52.33.40.213 - - [22/Mar/2016:18:39:11 -0700] "GET /lib/reccapi.php?resort=squawvalleyusa HTTP/1.1" 200 1080 "-" "node-superagent/1.4.0"
52.33.40.213 - - [22/Mar/2016:18:46:51 -0700] "GET /lib/reccapi.php?resort=mounthoodmeadows HTTP/1.1" 200 1080 "-" "node-superagent/1.4.0"
52.33.40.213 - - [22/Mar/2016:18:46:51 -0700] "GET /lib/reccapi.php?resort=killington HTTP/1.1" 200 962 "-" "node-superagent/1.4.0"
52.33.40.213 - - [22/Mar/2016:18:47:51 -0700] "GET /lib/reccapi.php?resort=snowmass HTTP/1.1" 200 1077 "-" "node-superagent/1.4.0"
52.33.40.213 - - [22/Mar/2016:18:47:51 -0700] "GET /lib/reccapi.php?resort=buttermilk HTTP/1.1" 200 1100 "-" "node-superagent/1.4.0"
52.33.40.213 - - [22/Mar/2016:18:47:51 -0700] "GET /lib/reccapi.php?resort=sierra-at-tahoe HTTP/1.1" 200 1046 "-" "node-superagent/1.4.0"
52.33.40.213 - - [22/Mar/2016:18:50:11 -0700] "GET /lib/reccapi.php?resort=redlodge HTTP/1.1" 200 1111 "-" "node-superagent/1.4.0"
75.111.105.159 - - [22/Mar/2016:18:57:10 -0700] "GET /images/wsis-logo-sm.png HTTP/1.1" 200 6108 "http://www.thebackcountry.net/" "Mozilla/5.0 (Macintosh; Intel Mac OS X 10_11_4) AppleWebKit/601.5.17 (KHTML, like Gecko) Version/9.1 Safari/601.5.17"
170.75.162.130 - - [22/Mar/2016:19:14:52 -0700] "GET /lib/reccapi.php?resort=mountbachelor HTTP/1.1" 200 1078 "-" "node-superagent/1.4.0"
173.242.118.32 - - [22/Mar/2016:19:19:08 -0700] "GET /images/wsis-logo-sm.png HTTP/1.1" 200 6108 "http://www.thebackcountry.net/" "Mozilla/5.0 (Windows NT 10.0; rv:45.0) Gecko/20100101 Firefox/45.0"
52.33.40.213 - - [22/Mar/2016:19:24:53 -0700] "GET /lib/reccapi.php?resort=bigsky HTTP/1.1" 200 1047 "-" "node-superagent/1.4.0"
52.33.40.213 - - [22/Mar/2016:19:25:03 -0700] "GET /lib/reccapi.php?resort=jaypeak HTTP/1.1" 200 1045 "-" "node-superagent/1.4.0"
65.78.187.70 - - [22/Mar/2016:19:31:17 -0700] "GET /images/wsis-logo-sm.png HTTP/1.1" 200 6108 "http://www.thebackcountry.net/" "Mozilla/5.0 (iPad; CPU OS 9_2_1 like Mac OS X) AppleWebKit/601.1.46 (KHTML, like Gecko) Version/9.0 Mobile/13D15 Safari/601.1"
180.76.15.134 - - [22/Mar/2016:19:32:35 -0700] "GET /#/resort/catamount/2016-02-11 HTTP/1.1" 200 2578 "-" "Mozilla/5.0 (compatible; Baiduspider/2.0; +http://www.baidu.com/search/spider.html)"
52.33.40.213 - - [22/Mar/2016:19:32:54 -0700] "GET /lib/reccapi.php?resort=cannonmountain HTTP/1.1" 200 995 "-" "node-superagent/1.4.0"
207.46.13.132 - - [22/Mar/2016:19:33:24 -0700] "GET /robots.txt HTTP/1.1" 200 375 "-" "Mozilla/5.0 (compatible; bingbot/2.0; +http://www.bing.com/bingbot.htm)"
180.76.15.19 - - [22/Mar/2016:19:34:14 -0700] "GET / HTTP/1.1" 200 6995 "-" "Mozilla/5.0 (compatible; Baiduspider/2.0; +http://www.baidu.com/search/spider.html)"
180.76.15.6 - - [22/Mar/2016:19:35:13 -0700] "GET / HTTP/1.1" 200 6995 "-" "Mozilla/5.0 (compatible; Baiduspider/2.0; +http://www.baidu.com/search/spider.html)"
170.75.162.130 - - [22/Mar/2016:19:43:45 -0700] "GET /lib/reccapi.php?resort=alpinemeadows HTTP/1.1" 200 1049 "-" "node-superagent/1.4.0"
76.14.26.52 - - [22/Mar/2016:19:45:26 -0700] "GET /images/wsis-logo-sm.png HTTP/1.1" 200 6108 "http://www.thebackcountry.net/" "Mozilla/5.0 (Windows NT 6.3; WOW64) AppleWebKit/537.36 (KHTML, like Gecko) Chrome/49.0.2623.87 Safari/537.36"
52.33.40.213 - - [22/Mar/2016:19:49:05 -0700] "GET /lib/reccapi.php?resort=telluride HTTP/1.1" 200 1053 "-" "node-superagent/1.4.0"
52.33.40.213 - - [22/Mar/2016:20:03:25 -0700] "GET /lib/reccapi.php?resort=brighton HTTP/1.1" 200 1049 "-" "node-superagent/1.4.0"
52.33.40.213 - - [22/Mar/2016:20:05:25 -0700] "GET /lib/reccapi.php?resort=steamboat HTTP/1.1" 200 1079 "-" "node-superagent/1.4.0"
170.75.162.130 - - [22/Mar/2016:20:11:39 -0700] "GET /lib/reccapi.php?resort=sierra-at-tahoe HTTP/1.1" 200 1046 "-" "node-superagent/1.4.0"
170.75.162.130 - - [22/Mar/2016:20:19:50 -0700] "GET /lib/reccapi.php?resort=diamondpeak HTTP/1.1" 200 1050 "-" "node-superagent/1.4.0"
170.75.162.130 - - [22/Mar/2016:20:20:30 -0700] "GET /lib/reccapi.php?resort=snowmass HTTP/1.1" 200 1077 "-" "node-superagent/1.4.0"
170.75.162.130 - - [22/Mar/2016:20:20:30 -0700] "GET /lib/reccapi.php?resort=loveland HTTP/1.1" 200 1121 "-" "node-superagent/1.4.0"
50.184.218.186 - - [22/Mar/2016:20:22:42 -0700] "GET /images/wsis-logo-sm.png HTTP/1.1" 200 6108 "http://www.thebackcountry.net/" "Mozilla/5.0 (Macintosh; Intel Mac OS X 10_10_4) AppleWebKit/537.36 (KHTML, like Gecko) Chrome/49.0.2623.87 Safari/537.36"
170.75.162.130 - - [22/Mar/2016:20:23:21 -0700] "GET /lib/reccapi.php?resort=arapahoebasin HTTP/1.1" 200 1118 "-" "node-superagent/1.4.0"
52.33.40.213 - - [22/Mar/2016:20:23:36 -0700] "GET /lib/reccapi.php?resort=northstar-at-tahoe HTTP/1.1" 200 1075 "-" "node-superagent/1.4.0"
52.33.40.213 - - [22/Mar/2016:20:23:46 -0700] "GET /lib/reccapi.php?resort=heavenly HTTP/1.1" 200 1107 "-" "node-superagent/1.4.0"
170.75.162.130 - - [22/Mar/2016:20:27:31 -0700] "GET /lib/reccapi.php?resort=sunvalley HTTP/1.1" 200 1073 "-" "node-superagent/1.4.0"
69.197.169.202 - - [22/Mar/2016:20:43:05 -0700] "GET / HTTP/1.0" 200 6995 "http://whereshouldiski.com" "Mozilla/4.0 (compatible; MSIE 6.0; Windows NT 5.1; SV1; .NET CLR 2.0.50727)"
76.99.219.173 - - [22/Mar/2016:20:46:28 -0700] "GET /images/wsis-logo-sm.png HTTP/1.1" 200 6108 "http://www.thebackcountry.net/" "Mozilla/5.0 (Macintosh; Intel Mac OS X 10_6_8) AppleWebKit/537.36 (KHTML, like Gecko) Chrome/49.0.2623.87 Safari/537.36"
76.99.219.173 - - [22/Mar/2016:20:46:49 -0700] "-" 408 0 "-" "-"
76.99.219.173 - - [22/Mar/2016:20:48:12 -0700] "-" 408 0 "-" "-"
76.99.219.173 - - [22/Mar/2016:20:48:12 -0700] "-" 408 0 "-" "-"
76.99.219.173 - - [22/Mar/2016:20:48:12 -0700] "-" 408 0 "-" "-"
66.249.79.227 - - [22/Mar/2016:21:08:05 -0700] "GET /lib/reccapi.php?resort=hyland&date=2016-03-24 HTTP/1.1" 200 1043 "http://whereshouldiski.com/" "Mozilla/5.0 (compatible; Googlebot/2.1; +http://www.google.com/bot.html)"
66.249.79.234 - - [22/Mar/2016:21:08:06 -0700] "GET /lib/resortDataSearchD3.php?size=7&sortDate=T&resort=hyland&dateStart=2016-03-22 HTTP/1.1" 200 775 "http://whereshouldiski.com/" "Mozilla/5.0 (compatible; Googlebot/2.1; +http://www.google.com/bot.html)"
66.249.79.227 - - [22/Mar/2016:21:08:06 -0700] "GET /lib/reccapi.php?fields=t&date=2016-03-24&coords=44.844%2C-93.3637&size=7&sort=distance HTTP/1.1" 200 1364 "http://whereshouldiski.com/" "Mozilla/5.0 (compatible; Googlebot/2.1; +http://www.google.com/bot.html)"
170.75.162.130 - - [22/Mar/2016:21:17:48 -0700] "GET /lib/reccapi.php?resort=squawvalleyusa HTTP/1.1" 200 1080 "-" "node-superagent/1.4.0"
170.75.162.130 - - [22/Mar/2016:21:18:48 -0700] "GET /lib/reccapi.php?resort=bigsky HTTP/1.1" 200 1047 "-" "node-superagent/1.4.0"
170.75.162.130 - - [22/Mar/2016:21:19:28 -0700] "GET /lib/reccapi.php?resort=northstar-at-tahoe HTTP/1.1" 200 1075 "-" "node-superagent/1.4.0"
45.79.89.188 - - [22/Mar/2016:21:19:43 -0700] "HEAD / HTTP/1.1" 200 371 "http://uptime.com/whereshouldiski.com" "Mozilla/5.0 (compatible; Uptimebot/1.0; +http://www.uptime.com/uptimebot)"
170.75.162.130 - - [22/Mar/2016:21:21:18 -0700] "GET /lib/reccapi.php?resort=redlodge HTTP/1.1" 200 1111 "-" "node-superagent/1.4.0"
52.33.40.213 - - [22/Mar/2016:21:21:39 -0700] "GET /lib/reccapi.php?resort=arapahoebasin HTTP/1.1" 200 1118 "-" "node-superagent/1.4.0"
52.33.40.213 - - [22/Mar/2016:21:21:59 -0700] "GET /lib/reccapi.php?resort=coppermountain HTTP/1.1" 200 1113 "-" "node-superagent/1.4.0"
170.75.162.130 - - [22/Mar/2016:21:25:08 -0700] "GET /lib/reccapi.php?resort=keystone HTTP/1.1" 200 1112 "-" "node-superagent/1.4.0"
52.33.40.213 - - [22/Mar/2016:21:31:00 -0700] "GET /lib/reccapi.php?resort=aspenmountain HTTP/1.1" 200 1101 "-" "node-superagent/1.4.0"
180.76.15.162 - - [22/Mar/2016:21:31:56 -0700] "GET / HTTP/1.1" 200 6995 "-" "Mozilla/5.0 (compatible; Baiduspider/2.0; +http://www.baidu.com/search/spider.html)"
52.33.40.213 - - [22/Mar/2016:21:32:40 -0700] "GET /lib/reccapi.php?resort=brianhead HTTP/1.1" 200 1108 "-" "node-superagent/1.4.0"
180.76.15.21 - - [22/Mar/2016:21:32:56 -0700] "GET / HTTP/1.1" 200 6995 "-" "Mozilla/5.0 (compatible; Baiduspider/2.0; +http://www.baidu.com/search/spider.html)"
52.33.40.213 - - [22/Mar/2016:21:39:50 -0700] "GET /lib/reccapi.php?resort=sugarbowl HTTP/1.1" 200 1061 "-" "node-superagent/1.4.0"
170.75.162.130 - - [22/Mar/2016:21:43:31 -0700] "GET /lib/reccapi.php?resort=aspenmountain HTTP/1.1" 200 1101 "-" "node-superagent/1.4.0"
170.75.162.130 - - [22/Mar/2016:21:44:01 -0700] "GET /lib/reccapi.php?resort=coppermountain HTTP/1.1" 200 1113 "-" "node-superagent/1.4.0"
170.75.162.130 - - [22/Mar/2016:21:44:41 -0700] "GET /lib/reccapi.php?resort=hoodoo HTTP/1.1" 200 1035 "-" "node-superagent/1.4.0"
216.64.155.83 - - [22/Mar/2016:21:44:48 -0700] "GET /images/wsis-logo-sm.png HTTP/1.1" 200 6108 "http://www.thebackcountry.net/" "Mozilla/5.0 (Linux; Android 5.0.2; LG-LS980 Build/LRX22G) AppleWebKit/537.36 (KHTML, like Gecko) Version/4.0 Chrome/34.0.1847.118 Mobile Safari/537.36"
170.75.162.130 - - [22/Mar/2016:21:58:03 -0700] "GET /lib/reccapi.php?resort=grandtarghee HTTP/1.1" 200 1116 "-" "node-superagent/1.4.0"
170.75.162.130 - - [22/Mar/2016:21:58:03 -0700] "GET /lib/reccapi.php?resort=jacksonhole HTTP/1.1" 200 1081 "-" "node-superagent/1.4.0"
170.75.162.130 - - [22/Mar/2016:22:08:34 -0700] "GET /lib/reccapi.php?resort=heavenly HTTP/1.1" 200 1107 "-" "node-superagent/1.4.0"
170.75.162.130 - - [22/Mar/2016:22:08:34 -0700] "GET /lib/reccapi.php?resort=homewoodmountain HTTP/1.1" 200 1085 "-" "node-superagent/1.4.0"
170.75.162.130 - - [22/Mar/2016:22:08:35 -0700] "GET /lib/reccapi.php?resort=sugarbowl HTTP/1.1" 200 1061 "-" "node-superagent/1.4.0"
66.249.79.234 - - [22/Mar/2016:22:09:44 -0700] "GET /lib/reccapi.php?resort=keystone&date=2016-03-17 HTTP/1.1" 200 1119 "http://whereshouldiski.com/" "Mozilla/5.0 (compatible; Googlebot/2.1; +http://www.google.com/bot.html)"
66.249.79.220 - - [22/Mar/2016:22:09:45 -0700] "GET /lib/resortDataSearchD3.php?size=7&sortDate=T&resort=keystone&dateStart=2016-03-15 HTTP/1.1" 200 883 "http://whereshouldiski.com/" "Mozilla/5.0 (compatible; Googlebot/2.1; +http://www.google.com/bot.html)"
66.249.79.227 - - [22/Mar/2016:22:09:45 -0700] "GET /lib/reccapi.php?fields=t&date=2016-03-17&coords=39.58%2C-105.95&size=7&sort=distance HTTP/1.1" 200 1385 "http://whereshouldiski.com/" "Mozilla/5.0 (compatible; Googlebot/2.1; +http://www.google.com/bot.html)"
52.33.40.213 - - [22/Mar/2016:22:16:02 -0700] "GET /lib/reccapi.php?resort=taos HTTP/1.1" 200 955 "-" "node-superagent/1.4.0"
52.33.40.213 - - [22/Mar/2016:22:16:02 -0700] "GET /lib/reccapi.php?resort=sunvalley HTTP/1.1" 200 1073 "-" "node-superagent/1.4.0"
52.33.40.213 - - [22/Mar/2016:22:16:02 -0700] "GET /lib/reccapi.php?resort=jacksonhole HTTP/1.1" 200 1081 "-" "node-superagent/1.4.0"
52.33.40.213 - - [22/Mar/2016:22:16:02 -0700] "GET /lib/reccapi.php?resort=grandtarghee HTTP/1.1" 200 1116 "-" "node-superagent/1.4.0"
52.33.40.213 - - [22/Mar/2016:22:23:02 -0700] "GET /lib/reccapi.php?resort=keystone HTTP/1.1" 200 1112 "-" "node-superagent/1.4.0"
180.76.15.6 - - [22/Mar/2016:22:28:27 -0700] "GET / HTTP/1.1" 200 6995 "-" "Mozilla/5.0 (compatible; Baiduspider/2.0; +http://www.baidu.com/search/spider.html)"
180.76.15.142 - - [22/Mar/2016:22:29:13 -0700] "GET / HTTP/1.1" 200 6995 "-" "Mozilla/5.0 (compatible; Baiduspider/2.0; +http://www.baidu.com/search/spider.html)"
52.33.40.213 - - [22/Mar/2016:22:32:12 -0700] "GET /lib/reccapi.php?resort=sundayriver HTTP/1.1" 200 971 "-" "node-superagent/1.4.0"
24.143.115.216 - - [22/Mar/2016:22:32:32 -0700] "GET / HTTP/1.1" 200 2615 "-" "Mozilla/5.0 (Macintosh; Intel Mac OS X 10_10_5) AppleWebKit/537.36 (KHTML, like Gecko) Chrome/49.0.2623.87 Safari/537.36"
24.143.115.216 - - [22/Mar/2016:22:32:33 -0700] "GET /styles/ee08faa9.main.css HTTP/1.1" 200 19446 "http://whereshouldiski.com/" "Mozilla/5.0 (Macintosh; Intel Mac OS X 10_10_5) AppleWebKit/537.36 (KHTML, like Gecko) Chrome/49.0.2623.87 Safari/537.36"
24.143.115.216 - - [22/Mar/2016:22:32:33 -0700] "GET /images/logo-square-white-sm.png HTTP/1.1" 200 1683 "http://whereshouldiski.com/" "Mozilla/5.0 (Macintosh; Intel Mac OS X 10_10_5) AppleWebKit/537.36 (KHTML, like Gecko) Chrome/49.0.2623.87 Safari/537.36"
24.143.115.216 - - [22/Mar/2016:22:32:33 -0700] "GET /images/loading.gif HTTP/1.1" 200 13881 "http://whereshouldiski.com/" "Mozilla/5.0 (Macintosh; Intel Mac OS X 10_10_5) AppleWebKit/537.36 (KHTML, like Gecko) Chrome/49.0.2623.87 Safari/537.36"
24.143.115.216 - - [22/Mar/2016:22:32:34 -0700] "GET /lib/reccapi.php?fields=t HTTP/1.1" 200 1947 "http://whereshouldiski.com/" "Mozilla/5.0 (Macintosh; Intel Mac OS X 10_10_5) AppleWebKit/537.36 (KHTML, like Gecko) Chrome/49.0.2623.87 Safari/537.36"
24.143.115.216 - - [22/Mar/2016:22:32:34 -0700] "GET /images/button.png HTTP/1.1" 200 598 "http://whereshouldiski.com/styles/ee08faa9.main.css" "Mozilla/5.0 (Macintosh; Intel Mac OS X 10_10_5) AppleWebKit/537.36 (KHTML, like Gecko) Chrome/49.0.2623.87 Safari/537.36"
24.143.115.216 - - [22/Mar/2016:22:32:34 -0700] "GET /images/greyHeader.png HTTP/1.1" 200 509 "http://whereshouldiski.com/styles/ee08faa9.main.css" "Mozilla/5.0 (Macintosh; Intel Mac OS X 10_10_5) AppleWebKit/537.36 (KHTML, like Gecko) Chrome/49.0.2623.87 Safari/537.36"
24.143.115.216 - - [22/Mar/2016:22:32:34 -0700] "GET /images/star5.png HTTP/1.1" 200 1783 "http://whereshouldiski.com/styles/ee08faa9.main.css" "Mozilla/5.0 (Macintosh; Intel Mac OS X 10_10_5) AppleWebKit/537.36 (KHTML, like Gecko) Chrome/49.0.2623.87 Safari/537.36"
24.143.115.216 - - [22/Mar/2016:22:32:34 -0700] "GET /images/snowflake5.png HTTP/1.1" 200 2857 "http://whereshouldiski.com/styles/ee08faa9.main.css" "Mozilla/5.0 (Macintosh; Intel Mac OS X 10_10_5) AppleWebKit/537.36 (KHTML, like Gecko) Chrome/49.0.2623.87 Safari/537.36"
24.143.115.216 - - [22/Mar/2016:22:32:34 -0700] "GET /images/bluebird5.png HTTP/1.1" 200 2178 "http://whereshouldiski.com/styles/ee08faa9.main.css" "Mozilla/5.0 (Macintosh; Intel Mac OS X 10_10_5) AppleWebKit/537.36 (KHTML, like Gecko) Chrome/49.0.2623.87 Safari/537.36"
24.143.115.216 - - [22/Mar/2016:22:32:34 -0700] "GET /images/mtns-icon.png HTTP/1.1" 200 1097 "http://whereshouldiski.com/styles/ee08faa9.main.css" "Mozilla/5.0 (Macintosh; Intel Mac OS X 10_10_5) AppleWebKit/537.36 (KHTML, like Gecko) Chrome/49.0.2623.87 Safari/537.36"
24.143.115.216 - - [22/Mar/2016:22:32:34 -0700] "GET /images/shading-icon.png HTTP/1.1" 200 536 "http://whereshouldiski.com/styles/ee08faa9.main.css" "Mozilla/5.0 (Macintosh; Intel Mac OS X 10_10_5) AppleWebKit/537.36 (KHTML, like Gecko) Chrome/49.0.2623.87 Safari/537.36"
170.75.162.130 - - [22/Mar/2016:22:32:37 -0700] "GET /lib/reccapi.php?resort=wildcatmountain HTTP/1.1" 200 1000 "-" "node-superagent/1.4.0"
24.143.115.216 - - [22/Mar/2016:22:32:37 -0700] "GET /lib/reccapi.php?fields=t&coords=47.598532899999995,-122.2984609 HTTP/1.1" 200 2135 "http://whereshouldiski.com/" "Mozilla/5.0 (Macintosh; Intel Mac OS X 10_10_5) AppleWebKit/537.36 (KHTML, like Gecko) Chrome/49.0.2623.87 Safari/537.36"
24.143.115.216 - - [22/Mar/2016:22:32:46 -0700] "GET /lib/reccapi.php?resort=mountbaker&date=2016-03-25 HTTP/1.1" 200 1050 "http://whereshouldiski.com/" "Mozilla/5.0 (Macintosh; Intel Mac OS X 10_10_5) AppleWebKit/537.36 (KHTML, like Gecko) Chrome/49.0.2623.87 Safari/537.36"
24.143.115.216 - - [22/Mar/2016:22:32:46 -0700] "GET /lib/reccapi.php?fields=t&date=2016-03-25&coords=48.86%2C-121.68&size=7&sort=distance HTTP/1.1" 200 1441 "http://whereshouldiski.com/" "Mozilla/5.0 (Macintosh; Intel Mac OS X 10_10_5) AppleWebKit/537.36 (KHTML, like Gecko) Chrome/49.0.2623.87 Safari/537.36"
24.143.115.216 - - [22/Mar/2016:22:32:46 -0700] "GET /images/snowflake-med-5.png HTTP/1.1" 200 6157 "http://whereshouldiski.com/styles/ee08faa9.main.css" "Mozilla/5.0 (Macintosh; Intel Mac OS X 10_10_5) AppleWebKit/537.36 (KHTML, like Gecko) Chrome/49.0.2623.87 Safari/537.36"
24.143.115.216 - - [22/Mar/2016:22:32:46 -0700] "GET /images/stars-med-5.png HTTP/1.1" 200 4124 "http://whereshouldiski.com/styles/ee08faa9.main.css" "Mozilla/5.0 (Macintosh; Intel Mac OS X 10_10_5) AppleWebKit/537.36 (KHTML, like Gecko) Chrome/49.0.2623.87 Safari/537.36"
24.143.115.216 - - [22/Mar/2016:22:32:46 -0700] "GET /images/sun-med-5.png HTTP/1.1" 200 7627 "http://whereshouldiski.com/styles/ee08faa9.main.css" "Mozilla/5.0 (Macintosh; Intel Mac OS X 10_10_5) AppleWebKit/537.36 (KHTML, like Gecko) Chrome/49.0.2623.87 Safari/537.36"
24.143.115.216 - - [22/Mar/2016:22:32:46 -0700] "GET /images/mtns-30px.png HTTP/1.1" 200 1201 "http://whereshouldiski.com/styles/ee08faa9.main.css" "Mozilla/5.0 (Macintosh; Intel Mac OS X 10_10_5) AppleWebKit/537.36 (KHTML, like Gecko) Chrome/49.0.2623.87 Safari/537.36"
24.143.115.216 - - [22/Mar/2016:22:32:46 -0700] "GET /images/shading-53px.png HTTP/1.1" 200 548 "http://whereshouldiski.com/styles/ee08faa9.main.css" "Mozilla/5.0 (Macintosh; Intel Mac OS X 10_10_5) AppleWebKit/537.36 (KHTML, like Gecko) Chrome/49.0.2623.87 Safari/537.36"
24.143.115.216 - - [22/Mar/2016:22:32:46 -0700] "GET /lib/resortDataSearchD3.php?size=7&sortDate=T&resort=mountbaker&dateStart=2016-03-23 HTTP/1.1" 200 693 "http://whereshouldiski.com/" "Mozilla/5.0 (Macintosh; Intel Mac OS X 10_10_5) AppleWebKit/537.36 (KHTML, like Gecko) Chrome/49.0.2623.87 Safari/537.36"
24.143.115.216 - - [22/Mar/2016:22:32:46 -0700] "GET /images/snowforecast-logo.jpg HTTP/1.1" 200 22988 "http://whereshouldiski.com/" "Mozilla/5.0 (Macintosh; Intel Mac OS X 10_10_5) AppleWebKit/537.36 (KHTML, like Gecko) Chrome/49.0.2623.87 Safari/537.36"
24.143.115.216 - - [22/Mar/2016:22:32:46 -0700] "GET /images/opensnow_logo.png HTTP/1.1" 200 11776 "http://whereshouldiski.com/" "Mozilla/5.0 (Macintosh; Intel Mac OS X 10_10_5) AppleWebKit/537.36 (KHTML, like Gecko) Chrome/49.0.2623.87 Safari/537.36"
24.143.115.216 - - [22/Mar/2016:22:32:54 -0700] "GET /lib/reccapi.php?fields=t&coords=47.598532899999995,-122.2984609 HTTP/1.1" 200 2136 "http://whereshouldiski.com/" "Mozilla/5.0 (Macintosh; Intel Mac OS X 10_10_5) AppleWebKit/537.36 (KHTML, like Gecko) Chrome/49.0.2623.87 Safari/537.36"
24.143.115.216 - - [22/Mar/2016:22:33:16 -0700] "-" 408 0 "-" "-"
24.143.115.216 - - [22/Mar/2016:22:33:16 -0700] "-" 408 0 "-" "-"
24.143.115.216 - - [22/Mar/2016:22:33:16 -0700] "-" 408 0 "-" "-"
24.143.115.216 - - [22/Mar/2016:22:33:16 -0700] "-" 408 0 "-" "-"
24.143.115.216 - - [22/Mar/2016:22:33:16 -0700] "-" 408 0 "-" "-"
127.0.0.1 - - [22/Mar/2016:22:33:18 -0700] "OPTIONS * HTTP/1.0" 200 126 "-" "Apache/2.2.22 (Ubuntu) (internal dummy connection)"
170.75.162.130 - - [22/Mar/2016:22:41:58 -0700] "GET /lib/reccapi.php?resort=sugarbush HTTP/1.1" 200 995 "-" "node-superagent/1.4.0"
170.75.162.130 - - [22/Mar/2016:22:41:59 -0700] "GET /lib/reccapi.php?resort=smugglersnotch HTTP/1.1" 200 1039 "-" "node-superagent/1.4.0"
207.46.13.132 - - [22/Mar/2016:22:42:46 -0700] "GET / HTTP/1.1" 200 2615 "-" "Mozilla/5.0 (compatible; bingbot/2.0; +http://www.bing.com/bingbot.htm)"
66.249.79.241 - - [22/Mar/2016:22:43:33 -0700] "GET / HTTP/1.1" 200 2615 "-" "Mozilla/5.0 (compatible; Googlebot/2.1; +http://www.google.com/bot.html)"
66.249.79.241 - - [22/Mar/2016:22:48:17 -0700] "GET /lib/reccapi.php?resort=alpinemeadows&date=2016-03-21 HTTP/1.1" 200 1103 "http://whereshouldiski.com/" "Mozilla/5.0 (compatible; Googlebot/2.1; +http://www.google.com/bot.html)"
66.249.79.248 - - [22/Mar/2016:22:48:19 -0700] "GET /lib/reccapi.php?fields=t&date=2016-03-21&coords=39.17%2C-120.25&size=7&sort=distance HTTP/1.1" 200 1377 "http://whereshouldiski.com/" "Mozilla/5.0 (compatible; Googlebot/2.1; +http://www.google.com/bot.html)"
66.249.79.248 - - [22/Mar/2016:22:48:19 -0700] "GET /lib/resortDataSearchD3.php?size=7&sortDate=T&resort=alpinemeadows&dateStart=2016-03-19 HTTP/1.1" 200 875 "http://whereshouldiski.com/" "Mozilla/5.0 (compatible; Googlebot/2.1; +http://www.google.com/bot.html)"
170.75.162.130 - - [22/Mar/2016:22:54:50 -0700] "GET /lib/reccapi.php?resort=jaypeak HTTP/1.1" 200 1045 "-" "node-superagent/1.4.0"
170.75.162.130 - - [22/Mar/2016:22:54:50 -0700] "GET /lib/reccapi.php?resort=sugarloaf HTTP/1.1" 200 956 "-" "node-superagent/1.4.0"
170.75.162.130 - - [22/Mar/2016:22:54:50 -0700] "GET /lib/reccapi.php?resort=stowe HTTP/1.1" 200 1007 "-" "node-superagent/1.4.0"
170.75.162.130 - - [22/Mar/2016:22:54:51 -0700] "GET /lib/reccapi.php?resort=cannonmountain HTTP/1.1" 200 995 "-" "node-superagent/1.4.0"
52.33.40.213 - - [22/Mar/2016:22:57:44 -0700] "GET /lib/reccapi.php?resort=kirkwood HTTP/1.1" 200 1056 "-" "node-superagent/1.4.0"
127.0.0.1 - - [22/Mar/2016:22:58:01 -0700] "OPTIONS * HTTP/1.0" 200 126 "-" "Apache/2.2.22 (Ubuntu) (internal dummy connection)"
162.242.214.204 - - [22/Mar/2016:23:00:45 -0700] "GET / HTTP/1.0" 200 6995 "-" "-"
162.242.214.204 - - [22/Mar/2016:23:00:53 -0700] "GET / HTTP/1.1" 200 2578 "-" "Mozilla/5.0 (X11; Linux x86_64) AppleWebKit/537.36 (KHTML, like Gecko) Chrome/48.0.2564.97 Safari/537.36"
162.242.214.204 - - [22/Mar/2016:23:01:09 -0700] "GET /CHANGELOG.txt HTTP/1.1" 404 470 "-" "Mozilla/5.0 (X11; Linux x86_64) AppleWebKit/537.36 (KHTML, like Gecko) Chrome/48.0.2564.97 Safari/537.36"
162.242.214.204 - - [22/Mar/2016:23:01:17 -0700] "GET / HTTP/1.1" 200 2578 "-" "Mozilla/5.0 (Windows NT 6.1; WOW64; rv:44.0) Gecko/20100101 Firefox/44.0"
162.242.214.204 - - [22/Mar/2016:23:01:25 -0700] "GET /readme.html HTTP/1.1" 404 466 "-" "Mozilla/5.0 (Windows NT 6.1; WOW64; rv:44.0) Gecko/20100101 Firefox/44.0"
52.33.40.213 - - [22/Mar/2016:23:29:06 -0700] "GET /lib/reccapi.php?resort=mammothmountain HTTP/1.1" 200 1122 "-" "node-superagent/1.4.0"
180.76.15.30 - - [22/Mar/2016:23:33:07 -0700] "GET / HTTP/1.1" 200 6995 "-" "Mozilla/5.0 (compatible; Baiduspider/2.0; +http://www.baidu.com/search/spider.html)"
180.76.15.5 - - [22/Mar/2016:23:34:03 -0700] "GET / HTTP/1.1" 200 6995 "-" "Mozilla/5.0 (compatible; Baiduspider/2.0; +http://www.baidu.com/search/spider.html)"
170.75.162.130 - - [22/Mar/2016:23:38:36 -0700] "GET /lib/reccapi.php?resort=crystalmountain HTTP/1.1" 200 1065 "-" "node-superagent/1.4.0"
170.75.162.130 - - [22/Mar/2016:23:44:06 -0700] "GET /lib/reccapi.php?resort=alta HTTP/1.1" 200 1046 "-" "node-superagent/1.4.0"
170.75.162.130 - - [22/Mar/2016:23:44:06 -0700] "GET /lib/reccapi.php?resort=killington HTTP/1.1" 200 962 "-" "node-superagent/1.4.0"
170.75.162.130 - - [22/Mar/2016:23:44:37 -0700] "GET /lib/reccapi.php?resort=buttermilk HTTP/1.1" 200 1100 "-" "node-superagent/1.4.0"
170.75.162.130 - - [22/Mar/2016:23:44:37 -0700] "GET /lib/reccapi.php?resort=crestedbutte HTTP/1.1" 200 1106 "-" "node-superagent/1.4.0"
170.75.162.130 - - [22/Mar/2016:23:44:37 -0700] "GET /lib/reccapi.php?resort=aspenheights HTTP/1.1" 200 1108 "-" "node-superagent/1.4.0"
170.75.162.130 - - [22/Mar/2016:23:44:37 -0700] "GET /lib/reccapi.php?resort=monarch HTTP/1.1" 200 1078 "-" "node-superagent/1.4.0"
170.75.162.130 - - [22/Mar/2016:23:44:37 -0700] "GET /lib/reccapi.php?resort=telluride HTTP/1.1" 200 1053 "-" "node-superagent/1.4.0"
170.75.162.130 - - [22/Mar/2016:23:44:37 -0700] "GET /lib/reccapi.php?resort=mounthoodmeadows HTTP/1.1" 200 1080 "-" "node-superagent/1.4.0"
170.75.162.130 - - [22/Mar/2016:23:44:37 -0700] "GET /lib/reccapi.php?resort=winterpark HTTP/1.1" 200 1117 "-" "node-superagent/1.4.0"
170.75.162.130 - - [22/Mar/2016:23:44:47 -0700] "GET /lib/reccapi.php?resort=steamboat HTTP/1.1" 200 1079 "-" "node-superagent/1.4.0"
71.93.79.78 - - [22/Mar/2016:23:44:57 -0700] "GET /images/wsis-logo-sm.png HTTP/1.1" 200 6108 "http://thebackcountry.net/" "Mozilla/5.0 (Macintosh; Intel Mac OS X 10.9; rv:44.0) Gecko/20100101 Firefox/44.0"
170.75.162.130 - - [22/Mar/2016:23:44:57 -0700] "GET /lib/reccapi.php?resort=snowbasin HTTP/1.1" 200 1040 "-" "node-superagent/1.4.0"
170.75.162.130 - - [22/Mar/2016:23:45:17 -0700] "GET /lib/reccapi.php?resort=brighton HTTP/1.1" 200 1049 "-" "node-superagent/1.4.0"
170.75.162.130 - - [22/Mar/2016:23:45:27 -0700] "GET /lib/reccapi.php?resort=deervalley HTTP/1.1" 200 1135 "-" "node-superagent/1.4.0"
170.75.162.130 - - [22/Mar/2016:23:45:27 -0700] "GET /lib/reccapi.php?resort=parkcity HTTP/1.1" 200 1078 "-" "node-superagent/1.4.0"
170.75.162.130 - - [22/Mar/2016:23:45:57 -0700] "GET /lib/reccapi.php?resort=devilshead HTTP/1.1" 200 945 "-" "node-superagent/1.4.0"
170.75.162.130 - - [22/Mar/2016:23:45:57 -0700] "GET /lib/reccapi.php?resort=madriverglen HTTP/1.1" 200 990 "-" "node-superagent/1.4.0"
170.75.162.130 - - [22/Mar/2016:23:45:57 -0700] "GET /lib/reccapi.php?resort=mountbachelor HTTP/1.1" 200 1078 "-" "node-superagent/1.4.0"
170.75.162.130 - - [22/Mar/2016:23:46:17 -0700] "GET /lib/reccapi.php?resort=solitude HTTP/1.1" 200 1043 "-" "node-superagent/1.4.0"
170.75.162.130 - - [22/Mar/2016:23:46:17 -0700] "GET /lib/reccapi.php?resort=snowbird HTTP/1.1" 200 1047 "-" "node-superagent/1.4.0"
76.218.222.106 - - [22/Mar/2016:23:49:43 -0700] "GET /images/wsis-logo-sm.png HTTP/1.1" 200 6108 "http://www.thebackcountry.net/" "Mozilla/5.0 (iPad; CPU OS 9_2_1 like Mac OS X) AppleWebKit/601.1 (KHTML, like Gecko) CriOS/49.0.2623.73 Mobile/13D15 Safari/601.1.46"
52.33.40.213 - - [22/Mar/2016:23:49:57 -0700] "GET /lib/reccapi.php?resort=aspenheights HTTP/1.1" 200 1108 "-" "node-superagent/1.4.0"
52.33.40.213 - - [23/Mar/2016:00:26:09 -0700] "GET /lib/reccapi.php?resort=stowe HTTP/1.1" 200 1029 "-" "node-superagent/1.4.0"
52.33.40.213 - - [23/Mar/2016:00:26:19 -0700] "GET /lib/reccapi.php?resort=sugarbush HTTP/1.1" 200 1030 "-" "node-superagent/1.4.0"
52.33.40.213 - - [23/Mar/2016:00:26:19 -0700] "GET /lib/reccapi.php?resort=sugarloaf HTTP/1.1" 200 983 "-" "node-superagent/1.4.0"
52.33.40.213 - - [23/Mar/2016:00:26:19 -0700] "GET /lib/reccapi.php?resort=winterpark HTTP/1.1" 200 1058 "-" "node-superagent/1.4.0"
52.33.40.213 - - [23/Mar/2016:00:26:19 -0700] "GET /lib/reccapi.php?resort=whistlerblackcomb HTTP/1.1" 200 940 "-" "node-superagent/1.4.0"
52.33.40.213 - - [23/Mar/2016:00:26:19 -0700] "GET /lib/reccapi.php?resort=madriverglen HTTP/1.1" 200 1068 "-" "node-superagent/1.4.0"
216.131.118.6 - - [23/Mar/2016:00:28:01 -0700] "GET /images/wsis-logo-sm.png HTTP/1.1" 200 6108 "http://www.thebackcountry.net/" "Mozilla/5.0 (iPhone; CPU iPhone OS 9_2_1 like Mac OS X) AppleWebKit/601.1 (KHTML, like Gecko) CriOS/49.0.2623.73 Mobile/13D15 Safari/601.1.46"
180.76.15.135 - - [23/Mar/2016:00:31:03 -0700] "GET / HTTP/1.1" 200 6995 "-" "Mozilla/5.0 (compatible; Baiduspider/2.0; +http://www.baidu.com/search/spider.html)"
180.76.15.160 - - [23/Mar/2016:00:31:54 -0700] "GET / HTTP/1.1" 200 6995 "-" "Mozilla/5.0 (compatible; Baiduspider/2.0; +http://www.baidu.com/search/spider.html)"
170.75.162.130 - - [23/Mar/2016:00:34:43 -0700] "GET /lib/reccapi.php?resort=schweitzer HTTP/1.1" 200 1026 "-" "node-superagent/1.4.0"
170.75.162.130 - - [23/Mar/2016:00:34:43 -0700] "GET /lib/reccapi.php?resort=sunvalley HTTP/1.1" 200 998 "-" "node-superagent/1.4.0"
52.33.40.213 - - [23/Mar/2016:00:39:00 -0700] "GET /lib/reccapi.php?resort=hoodoo HTTP/1.1" 200 983 "-" "node-superagent/1.4.0"
170.75.162.130 - - [23/Mar/2016:00:47:06 -0700] "GET /lib/reccapi.php?resort=redmountain HTTP/1.1" 200 912 "-" "node-superagent/1.4.0"
52.33.40.213 - - [23/Mar/2016:00:51:51 -0700] "GET /lib/reccapi.php?resort=monarch HTTP/1.1" 200 1120 "-" "node-superagent/1.4.0"
52.33.40.213 - - [23/Mar/2016:00:52:11 -0700] "GET /lib/reccapi.php?resort=49degreesnorth HTTP/1.1" 200 1024 "-" "node-superagent/1.4.0"
170.75.162.130 - - [23/Mar/2016:00:55:46 -0700] "GET /lib/reccapi.php?resort=whitefacemountain HTTP/1.1" 200 1044 "-" "node-superagent/1.4.0"
52.33.40.213 - - [23/Mar/2016:00:55:51 -0700] "GET /lib/reccapi.php?resort=bigwhite HTTP/1.1" 200 923 "-" "node-superagent/1.4.0"
52.33.40.213 - - [23/Mar/2016:00:57:01 -0700] "GET /lib/reccapi.php?resort=diamondpeak HTTP/1.1" 200 948 "-" "node-superagent/1.4.0"
52.33.40.213 - - [23/Mar/2016:00:57:01 -0700] "GET /lib/reccapi.php?resort=crestedbutte HTTP/1.1" 200 1058 "-" "node-superagent/1.4.0"
52.33.40.213 - - [23/Mar/2016:00:57:11 -0700] "GET /lib/reccapi.php?resort=devilshead HTTP/1.1" 200 1033 "-" "node-superagent/1.4.0"
52.33.40.213 - - [23/Mar/2016:00:58:31 -0700] "GET /lib/reccapi.php?resort=sunpeaksresort HTTP/1.1" 200 919 "-" "node-superagent/1.4.0"
52.33.40.213 - - [23/Mar/2016:00:58:41 -0700] "GET /lib/reccapi.php?resort=redmountain HTTP/1.1" 200 912 "-" "node-superagent/1.4.0"
52.33.40.213 - - [23/Mar/2016:00:58:41 -0700] "GET /lib/reccapi.php?resort=loveland HTTP/1.1" 200 1067 "-" "node-superagent/1.4.0"
52.33.40.213 - - [23/Mar/2016:00:58:41 -0700] "GET /lib/reccapi.php?resort=mountainhigh HTTP/1.1" 200 989 "-" "node-superagent/1.4.0"
52.33.40.213 - - [23/Mar/2016:00:59:31 -0700] "GET /lib/reccapi.php?resort=wildcatmountain HTTP/1.1" 200 1048 "-" "node-superagent/1.4.0"
52.33.40.213 - - [23/Mar/2016:01:00:01 -0700] "GET /lib/reccapi.php?resort=snowbasin HTTP/1.1" 200 1030 "-" "node-superagent/1.4.0"
52.33.40.213 - - [23/Mar/2016:01:00:01 -0700] "GET /lib/reccapi.php?resort=silverstarmountain HTTP/1.1" 200 932 "-" "node-superagent/1.4.0"
61.221.48.90 - - [23/Mar/2016:01:23:47 -0700] "GET /images/wsis-logo-sm.png HTTP/1.1" 200 6108 "http://www.thebackcountry.net/" "Mozilla/5.0 (compatible; MSIE 9.0; Windows NT 6.1; WOW64; Trident/5.0)"
61.221.48.90 - - [23/Mar/2016:01:24:08 -0700] "-" 408 0 "-" "-"
170.75.162.130 - - [23/Mar/2016:01:29:40 -0700] "GET /lib/reccapi.php?resort=brianhead HTTP/1.1" 200 1047 "-" "node-superagent/1.4.0"
170.75.162.130 - - [23/Mar/2016:01:29:51 -0700] "GET /lib/reccapi.php?resort=sundayriver HTTP/1.1" 200 969 "-" "node-superagent/1.4.0"
170.75.162.130 - - [23/Mar/2016:01:30:01 -0700] "GET /lib/reccapi.php?resort=snowmass HTTP/1.1" 200 1018 "-" "node-superagent/1.4.0"
170.75.162.130 - - [23/Mar/2016:01:30:10 -0700] "GET /lib/reccapi.php?resort=alyeska HTTP/1.1" 200 1015 "-" "node-superagent/1.4.0"
170.75.162.130 - - [23/Mar/2016:01:30:21 -0700] "GET /lib/reccapi.php?resort=diamondpeak HTTP/1.1" 200 948 "-" "node-superagent/1.4.0"
170.75.162.130 - - [23/Mar/2016:01:30:21 -0700] "GET /lib/reccapi.php?resort=mtrose HTTP/1.1" 200 993 "-" "node-superagent/1.4.0"
170.75.162.130 - - [23/Mar/2016:01:30:31 -0700] "GET /lib/reccapi.php?resort=bigsky HTTP/1.1" 200 1040 "-" "node-superagent/1.4.0"
170.75.162.130 - - [23/Mar/2016:01:30:31 -0700] "GET /lib/reccapi.php?resort=redlodge HTTP/1.1" 200 1080 "-" "node-superagent/1.4.0"
180.76.15.9 - - [23/Mar/2016:01:31:21 -0700] "GET / HTTP/1.1" 200 6995 "-" "Mozilla/5.0 (compatible; Baiduspider/2.0; +http://www.baidu.com/search/spider.html)"
170.75.162.130 - - [23/Mar/2016:01:31:31 -0700] "GET /lib/reccapi.php?resort=arapahoebasin HTTP/1.1" 200 1091 "-" "node-superagent/1.4.0"
170.75.162.130 - - [23/Mar/2016:01:31:31 -0700] "GET /lib/reccapi.php?resort=keystone HTTP/1.1" 200 1077 "-" "node-superagent/1.4.0"
170.75.162.130 - - [23/Mar/2016:01:31:31 -0700] "GET /lib/reccapi.php?resort=loveland HTTP/1.1" 200 1067 "-" "node-superagent/1.4.0"
170.75.162.130 - - [23/Mar/2016:01:32:11 -0700] "GET /lib/reccapi.php?resort=alpinemeadows HTTP/1.1" 200 1001 "-" "node-superagent/1.4.0"
170.75.162.130 - - [23/Mar/2016:01:32:11 -0700] "GET /lib/reccapi.php?resort=kirkwood HTTP/1.1" 200 992 "-" "node-superagent/1.4.0"
170.75.162.130 - - [23/Mar/2016:01:32:11 -0700] "GET /lib/reccapi.php?resort=northstar-at-tahoe HTTP/1.1" 200 973 "-" "node-superagent/1.4.0"
180.76.15.15 - - [23/Mar/2016:01:32:18 -0700] "GET / HTTP/1.1" 200 6995 "-" "Mozilla/5.0 (compatible; Baiduspider/2.0; +http://www.baidu.com/search/spider.html)"
170.75.162.130 - - [23/Mar/2016:01:32:21 -0700] "GET /lib/reccapi.php?resort=mountainhigh HTTP/1.1" 200 989 "-" "node-superagent/1.4.0"
170.75.162.130 - - [23/Mar/2016:01:33:21 -0700] "GET /lib/reccapi.php?resort=sierra-at-tahoe HTTP/1.1" 200 974 "-" "node-superagent/1.4.0"
170.75.162.130 - - [23/Mar/2016:01:33:22 -0700] "GET /lib/reccapi.php?resort=squawvalleyusa HTTP/1.1" 200 1007 "-" "node-superagent/1.4.0"
170.75.162.130 - - [23/Mar/2016:01:33:41 -0700] "GET /lib/reccapi.php?resort=49degreesnorth HTTP/1.1" 200 1024 "-" "node-superagent/1.4.0"
170.75.162.130 - - [23/Mar/2016:01:33:41 -0700] "GET /lib/reccapi.php?resort=mountspokane HTTP/1.1" 200 1035 "-" "node-superagent/1.4.0"
170.75.162.130 - - [23/Mar/2016:01:33:41 -0700] "GET /lib/reccapi.php?resort=stevenspass HTTP/1.1" 200 1053 "-" "node-superagent/1.4.0"
170.75.162.130 - - [23/Mar/2016:01:33:51 -0700] "GET /lib/reccapi.php?resort=chinapeak HTTP/1.1" 200 992 "-" "node-superagent/1.4.0"
170.75.162.130 - - [23/Mar/2016:01:33:51 -0700] "GET /lib/reccapi.php?resort=mammothmountain HTTP/1.1" 200 1011 "-" "node-superagent/1.4.0"
170.75.162.130 - - [23/Mar/2016:01:34:01 -0700] "GET /lib/reccapi.php?resort=angelfire HTTP/1.1" 200 1084 "-" "node-superagent/1.4.0"
170.75.162.130 - - [23/Mar/2016:01:34:01 -0700] "GET /lib/reccapi.php?resort=taos HTTP/1.1" 200 1057 "-" "node-superagent/1.4.0"
170.75.162.130 - - [23/Mar/2016:01:36:22 -0700] "GET /lib/reccapi.php?resort=bigwhite HTTP/1.1" 200 923 "-" "node-superagent/1.4.0"
185.49.14.190 - - [23/Mar/2016:01:37:22 -0700] "GET http://testp4.pospr.waw.pl/testproxy.php HTTP/1.1" 404 448 "-" "Mozilla/5.0 (Windows NT 5.1; rv:32.0) Gecko/20100101 Firefox/31.0"
170.75.162.130 - - [23/Mar/2016:01:40:02 -0700] "GET /lib/reccapi.php?resort=silverstarmountain HTTP/1.1" 200 932 "-" "node-superagent/1.4.0"
170.75.162.130 - - [23/Mar/2016:01:40:02 -0700] "GET /lib/reccapi.php?resort=sunpeaksresort HTTP/1.1" 200 919 "-" "node-superagent/1.4.0"
170.75.162.130 - - [23/Mar/2016:01:40:02 -0700] "GET /lib/reccapi.php?resort=whistlerblackcomb HTTP/1.1" 200 940 "-" "node-superagent/1.4.0"
199.30.25.21 - - [23/Mar/2016:01:55:04 -0700] "GET /images/wsis-logo-sm.png HTTP/1.1" 200 6052 "http://www.thebackcountry.net/" "Mozilla/5.0 (iPhone; CPU iPhone OS 7_0 like Mac OS X) AppleWebKit/537.51.1 (KHTML, like Gecko) Version/7.0 Mobile/11A465 Safari/9537.53 BingPreview/1.0b"
157.55.39.116 - - [23/Mar/2016:01:56:02 -0700] "GET /robots.txt HTTP/1.1" 200 419 "-" "Mozilla/5.0 (compatible; bingbot/2.0; +http://www.bing.com/bingbot.htm)"
170.75.162.130 - - [23/Mar/2016:02:15:27 -0700] "GET /lib/reccapi.php?resort=coppermountain HTTP/1.1" 200 1082 "-" "node-superagent/1.4.0"
52.33.40.213 - - [23/Mar/2016:02:22:26 -0700] "GET /lib/reccapi.php?resort=smugglersnotch HTTP/1.1" 200 1051 "-" "node-superagent/1.4.0"
180.76.15.136 - - [23/Mar/2016:02:31:46 -0700] "GET / HTTP/1.1" 200 6995 "-" "Mozilla/5.0 (compatible; Baiduspider/2.0; +http://www.baidu.com/search/spider.html)"
180.76.15.17 - - [23/Mar/2016:02:32:43 -0700] "GET / HTTP/1.1" 200 6995 "-" "Mozilla/5.0 (compatible; Baiduspider/2.0; +http://www.baidu.com/search/spider.html)"
66.249.79.241 - - [23/Mar/2016:02:33:44 -0700] "GET /lib/reccapi.php?resort=mountbaker&date=2016-02-29 HTTP/1.1" 200 1107 "http://whereshouldiski.com/" "Mozilla/5.0 (compatible; Googlebot/2.1; +http://www.google.com/bot.html)"
66.249.79.248 - - [23/Mar/2016:02:33:45 -0700] "GET /lib/reccapi.php?fields=t&date=2016-02-29&coords=48.86%2C-121.68&size=7&sort=distance HTTP/1.1" 200 1424 "http://whereshouldiski.com/" "Mozilla/5.0 (compatible; Googlebot/2.1; +http://www.google.com/bot.html)"
66.249.79.135 - - [23/Mar/2016:02:33:46 -0700] "GET /lib/resortDataSearchD3.php?size=7&sortDate=T&resort=mountbaker&dateStart=2016-02-27 HTTP/1.1" 200 870 "http://whereshouldiski.com/" "Mozilla/5.0 (compatible; Googlebot/2.1; +http://www.google.com/bot.html)"
52.33.40.213 - - [23/Mar/2016:02:40:07 -0700] "GET /lib/reccapi.php?resort=alpinemeadows HTTP/1.1" 200 1001 "-" "node-superagent/1.4.0"
66.249.79.248 - - [23/Mar/2016:03:00:30 -0700] "GET /lib/reccapi.php?resort=timberline&date=2015-12-19 HTTP/1.1" 200 706 "http://whereshouldiski.com/" "Mozilla/5.0 (compatible; Googlebot/2.1; +http://www.google.com/bot.html)"
66.249.79.241 - - [23/Mar/2016:03:01:59 -0700] "GET /lib/reccapi.php?fields=t&region=Midwest HTTP/1.1" 200 1372 "http://whereshouldiski.com/" "Mozilla/5.0 (compatible; Googlebot/2.1; +http://www.google.com/bot.html)"
170.75.162.130 - - [23/Mar/2016:03:24:16 -0700] "GET /lib/reccapi.php?resort=sugarloaf HTTP/1.1" 200 983 "-" "node-superagent/1.4.0"
180.76.15.30 - - [23/Mar/2016:03:30:46 -0700] "GET / HTTP/1.1" 200 6995 "-" "Mozilla/5.0 (compatible; Baiduspider/2.0; +http://www.baidu.com/search/spider.html)"
180.76.15.159 - - [23/Mar/2016:03:31:38 -0700] "GET / HTTP/1.1" 200 6995 "-" "Mozilla/5.0 (compatible; Baiduspider/2.0; +http://www.baidu.com/search/spider.html)"
69.12.77.215 - - [23/Mar/2016:03:38:41 -0700] "GET / HTTP/1.1" 200 7032 "-" "-"
52.33.40.213 - - [23/Mar/2016:04:00:31 -0700] "GET /lib/reccapi.php?resort=schweitzer HTTP/1.1" 200 1026 "-" "node-superagent/1.4.0"
52.33.40.213 - - [23/Mar/2016:04:00:31 -0700] "GET /lib/reccapi.php?resort=mountspokane HTTP/1.1" 200 1035 "-" "node-superagent/1.4.0"
52.33.40.213 - - [23/Mar/2016:04:00:31 -0700] "GET /lib/reccapi.php?resort=mountbachelor HTTP/1.1" 200 988 "-" "node-superagent/1.4.0"
52.33.40.213 - - [23/Mar/2016:04:01:31 -0700] "GET /lib/reccapi.php?resort=stevenspass HTTP/1.1" 200 1053 "-" "node-superagent/1.4.0"
70.35.197.33 - - [23/Mar/2016:04:04:21 -0700] "GET / HTTP/1.1" 200 6995 "-" "Mozilla/4.0 (compatible; MSIE 5.0; Windows NT; DigExt; DTS Agent"
52.33.40.213 - - [23/Mar/2016:04:05:52 -0700] "GET /lib/reccapi.php?resort=snowbird HTTP/1.1" 200 1040 "-" "node-superagent/1.4.0"
134.249.53.235 - - [23/Mar/2016:04:06:31 -0700] "GET / HTTP/1.1" 200 6976 "http://royal-betting.net/" "Mozilla/4.0 (compatible; MSIE 6.0; Windows NT 5.1; SV1)"
134.249.53.235 - - [23/Mar/2016:04:06:32 -0700] "GET / HTTP/1.1" 200 6976 "http://royal-betting.net/" "Mozilla/4.0 (compatible; MSIE 6.0; Windows NT 5.1; SV1)"
134.249.53.235 - - [23/Mar/2016:04:06:33 -0700] "GET / HTTP/1.1" 200 6976 "http://royal-betting.net/" "Mozilla/4.0 (compatible; MSIE 6.0; Windows NT 5.1; SV1)"
134.249.53.235 - - [23/Mar/2016:04:07:05 -0700] "GET / HTTP/1.1" 200 6976 "http://hydropump.su/" "Mozilla/4.0 (compatible; MSIE 6.0; Windows NT 5.0; T312461)"
134.249.53.235 - - [23/Mar/2016:04:07:06 -0700] "GET / HTTP/1.1" 200 6976 "http://hydropump.su/" "Mozilla/4.0 (compatible; MSIE 6.0; Windows NT 5.0; T312461)"
134.249.53.235 - - [23/Mar/2016:04:07:06 -0700] "GET / HTTP/1.1" 200 6976 "http://hydropump.su/" "Mozilla/4.0 (compatible; MSIE 6.0; Windows NT 5.0; T312461)"
94.185.83.100 - - [23/Mar/2016:04:11:18 -0700] "GET http://testp5.mielno.lubin.pl/testproxy.php HTTP/1.1" 404 452 "-" "Mozilla/5.0 (Windows NT 5.1; rv:32.0) Gecko/20100101 Firefox/31.0"
157.55.39.116 - - [23/Mar/2016:04:12:44 -0700] "GET /legal.aspx HTTP/1.1" 404 509 "-" "Mozilla/5.0 (compatible; bingbot/2.0; +http://www.bing.com/bingbot.htm)"
170.75.162.130 - - [23/Mar/2016:04:13:55 -0700] "GET /lib/reccapi.php?resort=homewoodmountain HTTP/1.1" 200 1010 "-" "node-superagent/1.4.0"
157.55.39.174 - - [23/Mar/2016:04:21:00 -0700] "GET /robots.txt HTTP/1.1" 200 375 "-" "Mozilla/5.0 (compatible; bingbot/2.0; +http://www.bing.com/bingbot.htm)"
180.76.15.148 - - [23/Mar/2016:04:31:02 -0700] "GET / HTTP/1.1" 200 6995 "-" "Mozilla/5.0 (compatible; Baiduspider/2.0; +http://www.baidu.com/search/spider.html)"
180.76.15.147 - - [23/Mar/2016:04:31:54 -0700] "GET / HTTP/1.1" 200 6995 "-" "Mozilla/5.0 (compatible; Baiduspider/2.0; +http://www.baidu.com/search/spider.html)"
40.77.167.65 - - [23/Mar/2016:04:36:51 -0700] "GET /blog/8-powder-rating-algorithm HTTP/1.1" 404 509 "-" "Mozilla/5.0 (compatible; bingbot/2.0; +http://www.bing.com/bingbot.htm)"
141.8.143.217 - - [23/Mar/2016:04:42:19 -0700] "GET /robots.txt HTTP/1.1" 200 375 "-" "Mozilla/5.0 (compatible; YandexBot/3.0; +http://yandex.com/bots)"
199.21.99.203 - - [23/Mar/2016:04:42:19 -0700] "GET /robots.txt HTTP/1.1" 200 375 "-" "Mozilla/5.0 (compatible; YandexBot/3.0; +http://yandex.com/bots)"
141.8.143.217 - - [23/Mar/2016:04:42:19 -0700] "GET /robots.txt HTTP/1.1" 200 374 "-" "Mozilla/5.0 (compatible; YandexBot/3.0; +http://yandex.com/bots)"
141.8.143.217 - - [23/Mar/2016:04:42:22 -0700] "GET / HTTP/1.1" 200 2614 "-" "Mozilla/5.0 (compatible; YandexBot/3.0; +http://yandex.com/bots)"
141.8.143.217 - - [23/Mar/2016:04:42:23 -0700] "GET / HTTP/1.1" 200 2614 "-" "Mozilla/5.0 (compatible; YandexBot/3.0; +http://yandex.com/bots)"
199.21.99.203 - - [23/Mar/2016:04:42:23 -0700] "GET / HTTP/1.1" 200 2614 "-" "Mozilla/5.0 (compatible; YandexBot/3.0; +http://yandex.com/bots)"
141.8.143.217 - - [23/Mar/2016:04:42:26 -0700] "GET / HTTP/1.1" 200 2614 "-" "Mozilla/5.0 (compatible; YandexBot/3.0; +http://yandex.com/bots)"
199.21.99.203 - - [23/Mar/2016:04:42:27 -0700] "GET / HTTP/1.1" 200 2614 "-" "Mozilla/5.0 (compatible; YandexBot/3.0; +http://yandex.com/bots)"
141.8.143.217 - - [23/Mar/2016:04:42:27 -0700] "GET / HTTP/1.1" 200 2614 "-" "Mozilla/5.0 (compatible; YandexBot/3.0; +http://yandex.com/bots)"
52.33.40.213 - - [23/Mar/2016:04:57:44 -0700] "GET /lib/reccapi.php?resort=angelfire HTTP/1.1" 200 1084 "-" "node-superagent/1.4.0"
52.33.40.213 - - [23/Mar/2016:04:59:25 -0700] "GET /lib/reccapi.php?resort=crystalmountain HTTP/1.1" 200 1034 "-" "node-superagent/1.4.0"
170.75.162.130 - - [23/Mar/2016:05:00:31 -0700] "GET /lib/reccapi.php?resort=whitefacemountain HTTP/1.1" 200 1044 "-" "node-superagent/1.4.0"
157.55.39.174 - - [23/Mar/2016:05:01:43 -0700] "GET / HTTP/1.1" 200 2615 "-" "Mozilla/5.0 (compatible; bingbot/2.0; +http://www.bing.com/bingbot.htm)"
170.75.162.130 - - [23/Mar/2016:05:03:01 -0700] "GET /lib/reccapi.php?resort=killington HTTP/1.1" 200 1071 "-" "node-superagent/1.4.0"
52.33.40.213 - - [23/Mar/2016:05:03:45 -0700] "GET /lib/reccapi.php?resort=alyeska HTTP/1.1" 200 1015 "-" "node-superagent/1.4.0"
52.33.40.213 - - [23/Mar/2016:05:05:35 -0700] "GET /lib/reccapi.php?resort=whitefacemountain HTTP/1.1" 200 1044 "-" "node-superagent/1.4.0"
189.219.91.45 - - [23/Mar/2016:05:21:49 -0700] "GET /tmUnblock.cgi HTTP/1.1" 400 539 "-" "-"
189.219.91.45 - - [23/Mar/2016:05:21:52 -0700] "GET / HTTP/1.1" 400 539 "-" "-"
180.76.15.5 - - [23/Mar/2016:05:23:49 -0700] "GET / HTTP/1.1" 200 2578 "-" "Mozilla/5.0 (compatible; Baiduspider/2.0; +http://www.baidu.com/search/spider.html)"
180.76.15.27 - - [23/Mar/2016:05:30:03 -0700] "GET / HTTP/1.1" 200 6995 "-" "Mozilla/5.0 (compatible; Baiduspider/2.0; +http://www.baidu.com/search/spider.html)"
180.76.15.146 - - [23/Mar/2016:05:30:56 -0700] "GET / HTTP/1.1" 200 6995 "-" "Mozilla/5.0 (compatible; Baiduspider/2.0; +http://www.baidu.com/search/spider.html)"
52.33.40.213 - - [23/Mar/2016:05:44:27 -0700] "GET /lib/reccapi.php?resort=parkcity HTTP/1.1" 200 1059 "-" "node-superagent/1.4.0"
52.33.40.213 - - [23/Mar/2016:05:44:27 -0700] "GET /lib/reccapi.php?resort=alta HTTP/1.1" 200 1077 "-" "node-superagent/1.4.0"
24.130.74.243 - - [23/Mar/2016:05:44:49 -0700] "GET /images/wsis-logo-sm.png HTTP/1.1" 200 6108 "http://www.thebackcountry.net/" "Mozilla/5.0 (Linux; Android 6.0; VS985 4G Build/MRA58K) AppleWebKit/537.36 (KHTML, like Gecko) Chrome/49.0.2623.91 Mobile Safari/537.36"
24.130.74.243 - - [23/Mar/2016:05:46:08 -0700] "-" 408 0 "-" "-"
24.130.74.243 - - [23/Mar/2016:05:46:08 -0700] "-" 408 0 "-" "-"
24.130.74.243 - - [23/Mar/2016:05:46:09 -0700] "-" 408 0 "-" "-"
24.130.74.243 - - [23/Mar/2016:05:46:56 -0700] "-" 408 0 "-" "-"
24.130.74.243 - - [23/Mar/2016:05:46:56 -0700] "-" 408 0 "-" "-"
24.130.74.243 - - [23/Mar/2016:05:47:32 -0700] "-" 408 0 "-" "-"
52.33.40.213 - - [23/Mar/2016:05:54:08 -0700] "GET /lib/reccapi.php?resort=deervalley HTTP/1.1" 200 1102 "-" "node-superagent/1.4.0"
166.170.5.61 - - [23/Mar/2016:05:55:22 -0700] "GET /images/wsis-logo-sm.png HTTP/1.1" 200 6108 "http://www.thebackcountry.net/" "Mozilla/5.0 (iPhone; CPU iPhone OS 9_2_1 like Mac OS X) AppleWebKit/601.1.46 (KHTML, like Gecko) Version/9.0 Mobile/13D15 Safari/601.1"
170.75.162.130 - - [23/Mar/2016:06:02:49 -0700] "GET /lib/reccapi.php?resort=alyeska HTTP/1.1" 200 1014 "-" "node-superagent/1.4.0"
69.30.234.2 - - [23/Mar/2016:06:07:20 -0700] "GET /robots.txt HTTP/1.0" 200 338 "-" "Mozilla/5.0 (compatible; MJ12bot/v1.4.5; http://www.majestic12.co.uk/bot.php?+)"
69.30.234.2 - - [23/Mar/2016:06:07:21 -0700] "GET /resorts?resort=alpinemeadows HTTP/1.0" 404 495 "-" "Mozilla/5.0 (compatible; MJ12bot/v1.4.5; http://www.majestic12.co.uk/bot.php?+)"
69.30.234.2 - - [23/Mar/2016:06:07:22 -0700] "GET /resorts?resort=smugglersnotch HTTP/1.0" 404 469 "-" "Mozilla/5.0 (compatible; MJ12bot/v1.4.5; http://www.majestic12.co.uk/bot.php?+)"
170.75.162.130 - - [23/Mar/2016:06:08:09 -0700] "GET /lib/reccapi.php?resort=bigsky HTTP/1.1" 200 1038 "-" "node-superagent/1.4.0"
70.35.197.33 - - [23/Mar/2016:06:18:07 -0700] "GET /about HTTP/1.1" 404 495 "-" "Mozilla/4.0 (compatible; MSIE 5.0; Windows NT; DigExt; DTS Agent"
70.35.197.33 - - [23/Mar/2016:06:18:07 -0700] "GET /#about HTTP/1.1" 200 6995 "-" "Mozilla/4.0 (compatible; MSIE 5.0; Windows NT; DigExt; DTS Agent"
52.33.40.213 - - [23/Mar/2016:06:24:59 -0700] "GET /lib/reccapi.php?resort=chinapeak HTTP/1.1" 200 990 "-" "node-superagent/1.4.0"
52.33.40.213 - - [23/Mar/2016:06:25:19 -0700] "GET /lib/reccapi.php?resort=mtrose HTTP/1.1" 200 993 "-" "node-superagent/1.4.0"
52.33.40.213 - - [23/Mar/2016:06:26:29 -0700] "GET /lib/reccapi.php?resort=homewoodmountain HTTP/1.1" 200 1011 "-" "node-superagent/1.4.0"
180.76.15.30 - - [23/Mar/2016:06:29:13 -0700] "GET / HTTP/1.1" 200 6995 "-" "Mozilla/5.0 (compatible; Baiduspider/2.0; +http://www.baidu.com/search/spider.html)"
170.75.162.130 - - [23/Mar/2016:06:30:02 -0700] "GET /lib/reccapi.php?resort=keystone HTTP/1.1" 200 1089 "-" "node-superagent/1.4.0"
180.76.15.136 - - [23/Mar/2016:06:30:04 -0700] "GET / HTTP/1.1" 200 6995 "-" "Mozilla/5.0 (compatible; Baiduspider/2.0; +http://www.baidu.com/search/spider.html)"
