220.181.108.145 - - [27/May/2015:02:59:13 -0700] "-" 408 0 "-" "-"
172.242.3.178 - - [27/May/2015:03:08:05 -0700] "GET /images/wsis-logo-sm.png HTTP/1.1" 304 150 "-" "Mozilla/5.0 (Macintosh; Intel Mac OS X 10_9_5) AppleWebKit/600.4.10 (KHTML, like Gecko) Version/7.1.4 Safari/537.85.13"
66.249.79.66 - - [27/May/2015:03:23:03 -0700] "GET / HTTP/1.1" 200 2376 "-" "Mozilla/5.0 (iPhone; CPU iPhone OS 6_0 like Mac OS X) AppleWebKit/536.26 (KHTML, like Gecko) Version/6.0 Mobile/10A5376e Safari/8536.25 (compatible; Googlebot/2.1; +http://www.google.com/bot.html)"
170.75.162.130 - - [27/May/2015:03:25:26 -0700] "GET /lib/reccapi.php?resort=alpinemeadows HTTP/1.1" 200 966 "-" "node-superagent/0.18.2"
170.75.162.130 - - [27/May/2015:03:25:26 -0700] "GET /lib/reccapi.php?resort=diamondpeak HTTP/1.1" 200 958 "-" "node-superagent/0.18.2"
170.75.162.130 - - [27/May/2015:03:25:26 -0700] "GET /lib/reccapi.php?resort=sierra-at-tahoe HTTP/1.1" 200 980 "-" "node-superagent/0.18.2"
170.75.162.130 - - [27/May/2015:03:25:26 -0700] "GET /lib/reccapi.php?resort=squawvalleyusa HTTP/1.1" 200 968 "-" "node-superagent/0.18.2"
66.249.79.66 - - [27/May/2015:03:29:14 -0700] "GET /styles/0fffd548.main.css HTTP/1.1" 200 19317 "-" "Mozilla/5.0 (compatible; Googlebot/2.1; +http://www.google.com/bot.html)"
170.75.162.130 - - [27/May/2015:03:37:58 -0700] "GET /lib/reccapi.php?resort=arapahoebasin HTTP/1.1" 200 1044 "-" "node-superagent/0.18.2"
170.75.162.130 - - [27/May/2015:03:37:58 -0700] "GET /lib/reccapi.php?resort=canyons HTTP/1.1" 200 999 "-" "node-superagent/0.18.2"
170.75.162.130 - - [27/May/2015:03:45:49 -0700] "GET /lib/reccapi.php?resort=sugarloaf HTTP/1.1" 200 1122 "-" "node-superagent/0.18.2"
170.75.162.130 - - [27/May/2015:03:45:49 -0700] "GET /lib/reccapi.php?resort=sundayriver HTTP/1.1" 200 1141 "-" "node-superagent/0.18.2"
123.125.71.87 - - [27/May/2015:03:57:43 -0700] "-" 408 0 "-" "-"
220.181.108.160 - - [27/May/2015:04:02:25 -0700] "-" 408 0 "-" "-"
162.211.122.43 - - [27/May/2015:04:07:12 -0700] "GET / HTTP/1.1" 200 2339 "http://www.whereshouldiski.com" "Mozilla/5.0 (Windows NT 6.1; WOW64; rv:34.0) Gecko/20100101 Firefox/34.0"
170.75.162.130 - - [27/May/2015:04:08:21 -0700] "GET /lib/reccapi.php?resort=winterpark HTTP/1.1" 200 1025 "-" "node-superagent/0.18.2"
69.171.227.113 - - [27/May/2015:04:13:32 -0700] "GET / HTTP/1.1" 200 2376 "-" "facebookexternalhit/1.1 (+http://www.facebook.com/externalhit_uatext.php)"
180.76.15.25 - - [27/May/2015:04:14:57 -0700] "GET /styles/0fffd548.main.css HTTP/1.1" 200 19280 "-" "Mozilla/5.0 (compatible; Baiduspider/2.0; +http://www.baidu.com/search/spider.html)"
200.178.96.86 - - [27/May/2015:04:49:08 -0700] "POST /cgi-bin/php?%2D%64+%61%6C%6C%6F%77%5F%75%72%6C%5F%69%6E%63%6C%75%64%65%3D%6F%6E+%2D%64+%73%61%66%65%5F%6D%6F%64%65%3D%6F%66%66+%2D%64+%73%75%68%6F%73%69%6E%2E%73%69%6D%75%6C%61%74%69%6F%6E%3D%6F%6E+%2D%64+%64%69%73%61%62%6C%65%5F%66%75%6E%63%74%69%6F%6E%73%3D%22%22+%2D%64+%6F%70%65%6E%5F%62%61%73%65%64%69%72%3D%6E%6F%6E%65+%2D%64+%61%75%74%6F%5F%70%72%65%70%65%6E%64%5F%66%69%6C%65%3D%70%68%70%3A%2F%2F%69%6E%70%75%74+%2D%64+%63%67%69%2E%66%6F%72%63%65%5F%72%65%64%69%72%65%63%74%3D%30+%2D%64+%63%67%69%2E%72%65%64%69%72%65%63%74%5F%73%74%61%74%75%73%5F%65%6E%76%3D%30+%2D%6E HTTP/1.1" 404 491 "-" "Mozilla/5.0 (iPad; CPU OS 6_0 like Mac OS X) AppleWebKit/536.26(KHTML, like Gecko) Version/6.0 Mobile/10A5355d Safari/8536.25"
200.178.96.86 - - [27/May/2015:04:49:09 -0700] "POST /cgi-bin/php5?%2D%64+%61%6C%6C%6F%77%5F%75%72%6C%5F%69%6E%63%6C%75%64%65%3D%6F%6E+%2D%64+%73%61%66%65%5F%6D%6F%64%65%3D%6F%66%66+%2D%64+%73%75%68%6F%73%69%6E%2E%73%69%6D%75%6C%61%74%69%6F%6E%3D%6F%6E+%2D%64+%64%69%73%61%62%6C%65%5F%66%75%6E%63%74%69%6F%6E%73%3D%22%22+%2D%64+%6F%70%65%6E%5F%62%61%73%65%64%69%72%3D%6E%6F%6E%65+%2D%64+%61%75%74%6F%5F%70%72%65%70%65%6E%64%5F%66%69%6C%65%3D%70%68%70%3A%2F%2F%69%6E%70%75%74+%2D%64+%63%67%69%2E%66%6F%72%63%65%5F%72%65%64%69%72%65%63%74%3D%30+%2D%64+%63%67%69%2E%72%65%64%69%72%65%63%74%5F%73%74%61%74%75%73%5F%65%6E%76%3D%30+%2D%6E HTTP/1.1" 404 492 "-" "Mozilla/5.0 (iPad; CPU OS 6_0 like Mac OS X) AppleWebKit/536.26(KHTML, like Gecko) Version/6.0 Mobile/10A5355d Safari/8536.25"
200.178.96.86 - - [27/May/2015:04:49:10 -0700] "POST /cgi-bin/php-cgi?%2D%64+%61%6C%6C%6F%77%5F%75%72%6C%5F%69%6E%63%6C%75%64%65%3D%6F%6E+%2D%64+%73%61%66%65%5F%6D%6F%64%65%3D%6F%66%66+%2D%64+%73%75%68%6F%73%69%6E%2E%73%69%6D%75%6C%61%74%69%6F%6E%3D%6F%6E+%2D%64+%64%69%73%61%62%6C%65%5F%66%75%6E%63%74%69%6F%6E%73%3D%22%22+%2D%64+%6F%70%65%6E%5F%62%61%73%65%64%69%72%3D%6E%6F%6E%65+%2D%64+%61%75%74%6F%5F%70%72%65%70%65%6E%64%5F%66%69%6C%65%3D%70%68%70%3A%2F%2F%69%6E%70%75%74+%2D%64+%63%67%69%2E%66%6F%72%63%65%5F%72%65%64%69%72%65%63%74%3D%30+%2D%64+%63%67%69%2E%72%65%64%69%72%65%63%74%5F%73%74%61%74%75%73%5F%65%6E%76%3D%30+%2D%6E HTTP/1.1" 404 495 "-" "Mozilla/5.0 (iPad; CPU OS 6_0 like Mac OS X) AppleWebKit/536.26(KHTML, like Gecko) Version/6.0 Mobile/10A5355d Safari/8536.25"
200.178.96.86 - - [27/May/2015:04:49:10 -0700] "POST /cgi-bin/php.cgi?%2D%64+%61%6C%6C%6F%77%5F%75%72%6C%5F%69%6E%63%6C%75%64%65%3D%6F%6E+%2D%64+%73%61%66%65%5F%6D%6F%64%65%3D%6F%66%66+%2D%64+%73%75%68%6F%73%69%6E%2E%73%69%6D%75%6C%61%74%69%6F%6E%3D%6F%6E+%2D%64+%64%69%73%61%62%6C%65%5F%66%75%6E%63%74%69%6F%6E%73%3D%22%22+%2D%64+%6F%70%65%6E%5F%62%61%73%65%64%69%72%3D%6E%6F%6E%65+%2D%64+%61%75%74%6F%5F%70%72%65%70%65%6E%64%5F%66%69%6C%65%3D%70%68%70%3A%2F%2F%69%6E%70%75%74+%2D%64+%63%67%69%2E%66%6F%72%63%65%5F%72%65%64%69%72%65%63%74%3D%30+%2D%64+%63%67%69%2E%72%65%64%69%72%65%63%74%5F%73%74%61%74%75%73%5F%65%6E%76%3D%30+%2D%6E HTTP/1.1" 404 495 "-" "Mozilla/5.0 (iPad; CPU OS 6_0 like Mac OS X) AppleWebKit/536.26(KHTML, like Gecko) Version/6.0 Mobile/10A5355d Safari/8536.25"
200.178.96.86 - - [27/May/2015:04:49:11 -0700] "POST /cgi-bin/php4?%2D%64+%61%6C%6C%6F%77%5F%75%72%6C%5F%69%6E%63%6C%75%64%65%3D%6F%6E+%2D%64+%73%61%66%65%5F%6D%6F%64%65%3D%6F%66%66+%2D%64+%73%75%68%6F%73%69%6E%2E%73%69%6D%75%6C%61%74%69%6F%6E%3D%6F%6E+%2D%64+%64%69%73%61%62%6C%65%5F%66%75%6E%63%74%69%6F%6E%73%3D%22%22+%2D%64+%6F%70%65%6E%5F%62%61%73%65%64%69%72%3D%6E%6F%6E%65+%2D%64+%61%75%74%6F%5F%70%72%65%70%65%6E%64%5F%66%69%6C%65%3D%70%68%70%3A%2F%2F%69%6E%70%75%74+%2D%64+%63%67%69%2E%66%6F%72%63%65%5F%72%65%64%69%72%65%63%74%3D%30+%2D%64+%63%67%69%2E%72%65%64%69%72%65%63%74%5F%73%74%61%74%75%73%5F%65%6E%76%3D%30+%2D%6E HTTP/1.1" 404 492 "-" "Mozilla/5.0 (iPad; CPU OS 6_0 like Mac OS X) AppleWebKit/536.26(KHTML, like Gecko) Version/6.0 Mobile/10A5355d Safari/8536.25"
123.125.71.90 - - [27/May/2015:05:01:23 -0700] "-" 408 0 "-" "-"
220.181.108.118 - - [27/May/2015:05:06:48 -0700] "-" 408 0 "-" "-"
180.76.15.157 - - [27/May/2015:05:41:27 -0700] "GET /resorts?resort=coronetpeak&date=2014-08-30 HTTP/1.1" 404 472 "-" "Mozilla/5.0 (compatible; Baiduspider/2.0; +http://www.baidu.com/search/spider.html)"
208.114.165.49 - - [27/May/2015:05:45:59 -0700] "GET /images/wsis-logo-sm.png HTTP/1.1" 200 6108 "http://www.thebackcountry.net/" "Mozilla/5.0 (iPad; CPU OS 8_3 like Mac OS X) AppleWebKit/600.1.4 (KHTML, like Gecko) Version/8.0 Mobile/12F69 Safari/600.1.4"
180.76.15.26 - - [27/May/2015:05:49:20 -0700] "GET /resorts?resort=brundage&date=2014-10-01 HTTP/1.1" 404 469 "-" "Mozilla/5.0 (compatible; Baiduspider/2.0; +http://www.baidu.com/search/spider.html)"
66.249.79.1 - - [27/May/2015:05:51:51 -0700] "GET / HTTP/1.1" 200 2376 "-" "Mozilla/5.0 (compatible; Googlebot/2.1; +http://www.google.com/bot.html)"
66.249.79.14 - - [27/May/2015:05:52:03 -0700] "GET /styles/0fffd548.main.css HTTP/1.1" 200 19317 "-" "Mozilla/5.0 (compatible; Googlebot/2.1; +http://www.google.com/bot.html)"
159.220.58.7 - - [27/May/2015:05:53:35 -0700] "GET /images/wsis-logo-sm.png HTTP/1.1" 200 6108 "http://www.thebackcountry.net/" "Mozilla/5.0 (Windows; U; en) Gecko/20120716 Firefox/15.0"
73.42.82.245 - - [27/May/2015:05:54:39 -0700] "GET /images/wsis-logo-sm.png HTTP/1.1" 200 6108 "http://www.thebackcountry.net/" "Mozilla/5.0 (Windows NT 6.3; WOW64) AppleWebKit/537.36 (KHTML, like Gecko) Chrome/43.0.2357.81 Safari/537.36"
159.220.58.7 - - [27/May/2015:05:57:02 -0700] "GET /images/wsis-logo-sm.png HTTP/1.1" 304 187 "http://www.thebackcountry.net/" "Mozilla/5.0 (Windows; U; en) Gecko/20120716 Firefox/15.0"
178.21.17.106 - - [27/May/2015:06:03:43 -0700] "GET /vtigercrm/test/upload/vtigercrm.txt HTTP/1.1" 404 496 "-" "curl/7.29.0"
123.125.71.88 - - [27/May/2015:06:09:45 -0700] "-" 408 0 "-" "-"
220.181.108.75 - - [27/May/2015:06:13:53 -0700] "-" 408 0 "-" "-"
52.25.167.184 - - [27/May/2015:06:25:11 -0700] "GET / HTTP/1.1" 200 6114 "-" "Mozilla/4.0 (compatible; MSIE 6.0; Windows NT 5.1; SV1; InfoPath.2)"
71.140.31.214 - - [27/May/2015:06:26:09 -0700] "GET /images/wsis-logo-sm.png HTTP/1.1" 200 6108 "http://thebackcountry.net/" "Mozilla/4.0 (compatible; MSIE 8.0; Windows NT 5.1; Trident/4.0; .NET CLR 2.0.50727; .NET CLR 3.0.4506.2152; .NET CLR 3.5.30729; 786908940603; Build/14.08001)"
66.249.79.66 - - [27/May/2015:06:45:09 -0700] "GET / HTTP/1.1" 200 2376 "-" "Mozilla/5.0 (compatible; Googlebot/2.1; +http://www.google.com/bot.html)"
123.125.71.24 - - [27/May/2015:07:08:21 -0700] "-" 408 0 "-" "-"
71.140.31.214 - - [27/May/2015:07:13:11 -0700] "GET /images/wsis-logo-sm.png HTTP/1.1" 200 6108 "http://thebackcountry.net/" "Mozilla/4.0 (compatible; MSIE 8.0; Windows NT 5.1; Trident/4.0; .NET CLR 2.0.50727; .NET CLR 3.0.4506.2152; .NET CLR 3.5.30729; 786908940603; Build/14.08001)"
220.181.108.175 - - [27/May/2015:07:14:05 -0700] "-" 408 0 "-" "-"
66.249.79.14 - - [27/May/2015:07:18:11 -0700] "GET /resorts?resort=northstar-at-tahoe&date=2012-12-27 HTTP/1.1" 404 506 "-" "Mozilla/5.0 (iPhone; CPU iPhone OS 6_0 like Mac OS X) AppleWebKit/536.26 (KHTML, like Gecko) Version/6.0 Mobile/10A5376e Safari/8536.25 (compatible; Googlebot/2.1; +http://www.google.com/bot.html)"
66.249.79.250 - - [27/May/2015:07:19:52 -0700] "GET /resorts?resort=mtrose&date=2014-02-03 HTTP/1.1" 404 506 "-" "Mozilla/5.0 (iPhone; CPU iPhone OS 6_0 like Mac OS X) AppleWebKit/536.26 (KHTML, like Gecko) Version/6.0 Mobile/10A5376e Safari/8536.25 (compatible; Googlebot/2.1; +http://www.google.com/bot.html)"
66.249.79.250 - - [27/May/2015:07:19:55 -0700] "GET /resorts?resort=whitefacemountain&date=2014-02-09 HTTP/1.1" 404 505 "-" "Mozilla/5.0 (iPhone; CPU iPhone OS 6_0 like Mac OS X) AppleWebKit/536.26 (KHTML, like Gecko) Version/6.0 Mobile/10A5376e Safari/8536.25 (compatible; Googlebot/2.1; +http://www.google.com/bot.html)"
66.249.79.250 - - [27/May/2015:07:19:56 -0700] "GET /resorts?resort=pebblecreek&date=2012-12-22 HTTP/1.1" 404 505 "-" "Mozilla/5.0 (iPhone; CPU iPhone OS 6_0 like Mac OS X) AppleWebKit/536.26 (KHTML, like Gecko) Version/6.0 Mobile/10A5376e Safari/8536.25 (compatible; Googlebot/2.1; +http://www.google.com/bot.html)"
66.249.79.1 - - [27/May/2015:07:19:57 -0700] "GET /resorts?resort=silvermountain&date=2014-01-02 HTTP/1.1" 404 506 "-" "Mozilla/5.0 (iPhone; CPU iPhone OS 6_0 like Mac OS X) AppleWebKit/536.26 (KHTML, like Gecko) Version/6.0 Mobile/10A5376e Safari/8536.25 (compatible; Googlebot/2.1; +http://www.google.com/bot.html)"
66.249.79.14 - - [27/May/2015:07:28:18 -0700] "GET /resorts?resort=purgatory&date=2013-02-18 HTTP/1.1" 404 506 "-" "Mozilla/5.0 (iPhone; CPU iPhone OS 6_0 like Mac OS X) AppleWebKit/536.26 (KHTML, like Gecko) Version/6.0 Mobile/10A5376e Safari/8536.25 (compatible; Googlebot/2.1; +http://www.google.com/bot.html)"
66.249.79.14 - - [27/May/2015:07:40:05 -0700] "GET /resorts?resort=eaglecrestskiarea&date=2014-03-24 HTTP/1.1" 404 506 "-" "Mozilla/5.0 (iPhone; CPU iPhone OS 6_0 like Mac OS X) AppleWebKit/536.26 (KHTML, like Gecko) Version/6.0 Mobile/10A5376e Safari/8536.25 (compatible; Googlebot/2.1; +http://www.google.com/bot.html)"
66.249.79.1 - - [27/May/2015:07:44:50 -0700] "GET /resorts?resort=schweitzer&date=2014-06-05 HTTP/1.1" 404 506 "-" "Mozilla/5.0 (iPhone; CPU iPhone OS 6_0 like Mac OS X) AppleWebKit/536.26 (KHTML, like Gecko) Version/6.0 Mobile/10A5376e Safari/8536.25 (compatible; Googlebot/2.1; +http://www.google.com/bot.html)"
66.249.79.1 - - [27/May/2015:07:49:35 -0700] "GET /resorts?resort=sugarbush&date=2014-03-28 HTTP/1.1" 404 506 "-" "Mozilla/5.0 (iPhone; CPU iPhone OS 6_0 like Mac OS X) AppleWebKit/536.26 (KHTML, like Gecko) Version/6.0 Mobile/10A5376e Safari/8536.25 (compatible; Googlebot/2.1; +http://www.google.com/bot.html)"
66.249.79.250 - - [27/May/2015:07:53:30 -0700] "GET / HTTP/1.1" 200 2376 "-" "Mozilla/5.0 (compatible; Googlebot/2.1; +http://www.google.com/bot.html)"
108.59.83.7 - - [27/May/2015:07:58:00 -0700] "GET / HTTP/1.0" 200 6151 "-" "NerdyBot"
66.249.79.14 - - [27/May/2015:07:59:02 -0700] "GET /resorts?resort=whitefishmountain&date=2013-12-29 HTTP/1.1" 404 506 "-" "Mozilla/5.0 (iPhone; CPU iPhone OS 6_0 like Mac OS X) AppleWebKit/536.26 (KHTML, like Gecko) Version/6.0 Mobile/10A5376e Safari/8536.25 (compatible; Googlebot/2.1; +http://www.google.com/bot.html)"
123.125.71.75 - - [27/May/2015:08:01:48 -0700] "GET / HTTP/1.1" 200 2339 "-" "Mozilla/5.0 (Windows NT 5.1; rv:6.0.2) Gecko/20100101 Firefox/6.0.2"
201.208.133.177 - - [27/May/2015:08:02:11 -0700] "GET /images/wsis-logo-sm.png HTTP/1.1" 200 6108 "http://www.thebackcountry.net/" "Mozilla/5.0 (Macintosh; Intel Mac OS X 10_10_3) AppleWebKit/600.6.3 (KHTML, like Gecko) Version/8.0.6 Safari/600.6.3"
123.125.71.92 - - [27/May/2015:08:03:17 -0700] "-" 408 0 "-" "-"
170.75.162.130 - - [27/May/2015:08:04:12 -0700] "GET /lib/reccapi.php?resort=coppermountain HTTP/1.1" 200 1032 "-" "node-superagent/0.18.2"
220.181.108.120 - - [27/May/2015:08:05:36 -0700] "-" 408 0 "-" "-"
66.249.79.250 - - [27/May/2015:08:08:37 -0700] "GET /resorts?resort=showdown&date=2014-01-31 HTTP/1.1" 404 506 "-" "Mozilla/5.0 (iPhone; CPU iPhone OS 6_0 like Mac OS X) AppleWebKit/536.26 (KHTML, like Gecko) Version/6.0 Mobile/10A5376e Safari/8536.25 (compatible; Googlebot/2.1; +http://www.google.com/bot.html)"
66.249.79.1 - - [27/May/2015:08:18:07 -0700] "GET /resorts?resort=cascademountain&date=2014-02-05 HTTP/1.1" 404 506 "-" "Mozilla/5.0 (iPhone; CPU iPhone OS 6_0 like Mac OS X) AppleWebKit/536.26 (KHTML, like Gecko) Version/6.0 Mobile/10A5376e Safari/8536.25 (compatible; Googlebot/2.1; +http://www.google.com/bot.html)"
66.249.79.14 - - [27/May/2015:08:27:37 -0700] "GET /resorts?resort=whitewater&date=2013-12-07 HTTP/1.1" 404 506 "-" "Mozilla/5.0 (iPhone; CPU iPhone OS 6_0 like Mac OS X) AppleWebKit/536.26 (KHTML, like Gecko) Version/6.0 Mobile/10A5376e Safari/8536.25 (compatible; Googlebot/2.1; +http://www.google.com/bot.html)"
180.76.15.135 - - [27/May/2015:08:33:56 -0700] "GET /resorts?resort=brighton&date=2014-03-20 HTTP/1.1" 404 469 "-" "Mozilla/5.0 (compatible; Baiduspider/2.0; +http://www.baidu.com/search/spider.html)"
66.249.79.250 - - [27/May/2015:08:37:08 -0700] "GET /resorts?resort=pajaritomountain&date=2014-01-15 HTTP/1.1" 404 506 "-" "Mozilla/5.0 (iPhone; CPU iPhone OS 6_0 like Mac OS X) AppleWebKit/536.26 (KHTML, like Gecko) Version/6.0 Mobile/10A5376e Safari/8536.25 (compatible; Googlebot/2.1; +http://www.google.com/bot.html)"
178.24.29.11 - - [27/May/2015:08:39:16 -0700] "GET /robots.txt HTTP/1.0" 200 338 "-" "Mozilla/5.0 (compatible; MJ12bot/v1.4.5; http://www.majestic12.co.uk/bot.php?+)"
178.24.29.11 - - [27/May/2015:08:39:20 -0700] "GET /resorts?resort=mountainhigh HTTP/1.0" 404 495 "-" "Mozilla/5.0 (compatible; MJ12bot/v1.4.5; http://www.majestic12.co.uk/bot.php?+)"
178.24.29.11 - - [27/May/2015:08:39:23 -0700] "GET /resorts?resort=mountbachelor HTTP/1.0" 404 469 "-" "Mozilla/5.0 (compatible; MJ12bot/v1.4.5; http://www.majestic12.co.uk/bot.php?+)"
178.24.29.11 - - [27/May/2015:08:39:25 -0700] "GET /resorts?resort=mounthoodmeadows HTTP/1.0" 404 469 "-" "Mozilla/5.0 (compatible; MJ12bot/v1.4.5; http://www.majestic12.co.uk/bot.php?+)"
178.24.29.11 - - [27/May/2015:08:39:27 -0700] "GET /resorts?resort=mountspokane HTTP/1.0" 404 469 "-" "Mozilla/5.0 (compatible; MJ12bot/v1.4.5; http://www.majestic12.co.uk/bot.php?+)"
178.24.29.11 - - [27/May/2015:08:39:29 -0700] "GET /resorts?resort=parkcity HTTP/1.0" 404 469 "-" "Mozilla/5.0 (compatible; MJ12bot/v1.4.5; http://www.majestic12.co.uk/bot.php?+)"
180.76.15.157 - - [27/May/2015:08:43:55 -0700] "GET /resorts?resort=whitepass&date=2014-04-24 HTTP/1.1" 404 472 "-" "Mozilla/5.0 (compatible; Baiduspider/2.0; +http://www.baidu.com/search/spider.html)"
71.9.231.212 - - [27/May/2015:08:44:22 -0700] "GET /images/wsis-logo-sm.png HTTP/1.1" 200 6108 "http://www.thebackcountry.net/" "Mozilla/5.0 (Macintosh; Intel Mac OS X 10_9_5) AppleWebKit/537.78.2 (KHTML, like Gecko) Version/7.0.6 Safari/537.78.2"
170.75.162.130 - - [27/May/2015:08:46:15 -0700] "GET /lib/reccapi.php?resort=alta HTTP/1.1" 200 999 "-" "node-superagent/0.18.2"
170.75.162.130 - - [27/May/2015:08:46:16 -0700] "GET /lib/reccapi.php?resort=killington HTTP/1.1" 200 1124 "-" "node-superagent/0.18.2"
170.75.162.130 - - [27/May/2015:08:46:16 -0700] "GET /lib/reccapi.php?resort=sugarloaf HTTP/1.1" 200 1115 "-" "node-superagent/0.18.2"
66.249.79.250 - - [27/May/2015:08:46:38 -0700] "GET /resorts?resort=snowbird&date=2014-02-19 HTTP/1.1" 404 506 "-" "Mozilla/5.0 (iPhone; CPU iPhone OS 6_0 like Mac OS X) AppleWebKit/536.26 (KHTML, like Gecko) Version/6.0 Mobile/10A5376e Safari/8536.25 (compatible; Googlebot/2.1; +http://www.google.com/bot.html)"
66.249.79.250 - - [27/May/2015:08:50:12 -0700] "GET / HTTP/1.1" 200 2376 "-" "Mozilla/5.0 (compatible; Googlebot/2.1; +http://www.google.com/bot.html)"
123.125.71.111 - - [27/May/2015:08:50:44 -0700] "-" 408 0 "-" "-"
220.181.108.94 - - [27/May/2015:08:54:20 -0700] "-" 408 0 "-" "-"
66.249.79.14 - - [27/May/2015:08:56:08 -0700] "GET /robots.txt HTTP/1.1" 200 419 "-" "Mozilla/5.0 (compatible; Googlebot/2.1; +http://www.google.com/bot.html)"
66.249.79.14 - - [27/May/2015:08:56:08 -0700] "GET /resorts?resort=devilshead&date=2014-02-05 HTTP/1.1" 404 505 "-" "Mozilla/5.0 (iPhone; CPU iPhone OS 6_0 like Mac OS X) AppleWebKit/536.26 (KHTML, like Gecko) Version/6.0 Mobile/10A5376e Safari/8536.25 (compatible; Googlebot/2.1; +http://www.google.com/bot.html)"
66.249.79.250 - - [27/May/2015:08:58:32 -0700] "GET / HTTP/1.1" 200 2376 "-" "SAMSUNG-SGH-E250/1.0 Profile/MIDP-2.0 Configuration/CLDC-1.1 UP.Browser/6.2.3.3.c.1.101 (GUI) MMP/2.0 (compatible; Googlebot-Mobile/2.1; +http://www.google.com/bot.html)"
66.249.79.250 - - [27/May/2015:09:05:38 -0700] "GET /resorts?resort=brundage&date=2013-12-13 HTTP/1.1" 404 506 "-" "Mozilla/5.0 (iPhone; CPU iPhone OS 6_0 like Mac OS X) AppleWebKit/536.26 (KHTML, like Gecko) Version/6.0 Mobile/10A5376e Safari/8536.25 (compatible; Googlebot/2.1; +http://www.google.com/bot.html)"
66.249.79.250 - - [27/May/2015:09:15:08 -0700] "GET /resorts?resort=aspenheights&date=2014-02-01 HTTP/1.1" 404 506 "-" "Mozilla/5.0 (iPhone; CPU iPhone OS 6_0 like Mac OS X) AppleWebKit/536.26 (KHTML, like Gecko) Version/6.0 Mobile/10A5376e Safari/8536.25 (compatible; Googlebot/2.1; +http://www.google.com/bot.html)"
66.249.79.250 - - [27/May/2015:09:24:38 -0700] "GET /resorts?resort=grandtarghee&date=2014-03-07 HTTP/1.1" 404 506 "-" "Mozilla/5.0 (iPhone; CPU iPhone OS 6_0 like Mac OS X) AppleWebKit/536.26 (KHTML, like Gecko) Version/6.0 Mobile/10A5376e Safari/8536.25 (compatible; Googlebot/2.1; +http://www.google.com/bot.html)"
66.249.79.1 - - [27/May/2015:09:34:08 -0700] "GET /resorts?resort=belleayre&date=2014-02-05 HTTP/1.1" 404 506 "-" "Mozilla/5.0 (iPhone; CPU iPhone OS 6_0 like Mac OS X) AppleWebKit/536.26 (KHTML, like Gecko) Version/6.0 Mobile/10A5376e Safari/8536.25 (compatible; Googlebot/2.1; +http://www.google.com/bot.html)"
157.55.39.14 - - [27/May/2015:09:34:39 -0700] "GET /robots.txt HTTP/1.1" 200 375 "-" "Mozilla/5.0 (compatible; bingbot/2.0; +http://www.bing.com/bingbot.htm)"
129.192.170.250 - - [27/May/2015:09:40:21 -0700] "GET /images/wsis-logo-sm.png HTTP/1.1" 200 6108 "http://www.thebackcountry.net/" "Mozilla/5.0 (Macintosh; Intel Mac OS X 10_10_3) AppleWebKit/600.5.17 (KHTML, like Gecko) Version/8.0.5 Safari/600.5.17"
66.249.79.14 - - [27/May/2015:09:43:39 -0700] "GET /resorts?resort=wildcatmountain&date=2014-03-02 HTTP/1.1" 404 506 "-" "Mozilla/5.0 (iPhone; CPU iPhone OS 6_0 like Mac OS X) AppleWebKit/536.26 (KHTML, like Gecko) Version/6.0 Mobile/10A5376e Safari/8536.25 (compatible; Googlebot/2.1; +http://www.google.com/bot.html)"
207.46.13.77 - - [27/May/2015:09:48:27 -0700] "GET / HTTP/1.1" 200 2376 "-" "Mozilla/5.0 (compatible; bingbot/2.0; +http://www.bing.com/bingbot.htm)"
66.249.79.14 - - [27/May/2015:09:52:30 -0700] "GET / HTTP/1.1" 200 2376 "-" "Mozilla/5.0 (compatible; Googlebot/2.1; +http://www.google.com/bot.html)"
66.249.79.250 - - [27/May/2015:09:53:09 -0700] "GET /resorts?resort=silvermountain&date=2014-01-04 HTTP/1.1" 404 506 "-" "Mozilla/5.0 (iPhone; CPU iPhone OS 6_0 like Mac OS X) AppleWebKit/536.26 (KHTML, like Gecko) Version/6.0 Mobile/10A5376e Safari/8536.25 (compatible; Googlebot/2.1; +http://www.google.com/bot.html)"
123.125.71.31 - - [27/May/2015:09:56:59 -0700] "-" 408 0 "-" "-"
170.75.162.130 - - [27/May/2015:09:59:12 -0700] "GET /lib/reccapi.php?resort=49degreesnorth HTTP/1.1" 200 1121 "-" "node-superagent/0.18.2"
220.181.108.161 - - [27/May/2015:10:00:25 -0700] "-" 408 0 "-" "-"
170.75.162.130 - - [27/May/2015:10:01:52 -0700] "GET /lib/reccapi.php?resort=devilshead HTTP/1.1" 200 943 "-" "node-superagent/0.18.2"
170.75.162.130 - - [27/May/2015:10:01:52 -0700] "GET /lib/reccapi.php?resort=whistlerblackcomb HTTP/1.1" 200 922 "-" "node-superagent/0.18.2"
157.55.39.227 - - [27/May/2015:10:02:38 -0700] "GET /about HTTP/1.1" 404 506 "-" "Mozilla/5.0 (compatible; bingbot/2.0; +http://www.bing.com/bingbot.htm)"
66.249.79.250 - - [27/May/2015:10:02:40 -0700] "GET /resorts?resort=tetonpass&date=2013-12-19 HTTP/1.1" 404 506 "-" "Mozilla/5.0 (iPhone; CPU iPhone OS 6_0 like Mac OS X) AppleWebKit/536.26 (KHTML, like Gecko) Version/6.0 Mobile/10A5376e Safari/8536.25 (compatible; Googlebot/2.1; +http://www.google.com/bot.html)"
170.75.162.130 - - [27/May/2015:10:02:42 -0700] "GET /lib/reccapi.php?resort=sunpeaksresort HTTP/1.1" 200 911 "-" "node-superagent/0.18.2"
170.75.162.130 - - [27/May/2015:10:02:42 -0700] "GET /lib/reccapi.php?resort=sundayriver HTTP/1.1" 200 1128 "-" "node-superagent/0.18.2"
170.75.162.130 - - [27/May/2015:10:02:42 -0700] "GET /lib/reccapi.php?resort=taos HTTP/1.1" 200 983 "-" "node-superagent/0.18.2"
75.111.98.181 - - [27/May/2015:10:04:59 -0700] "GET /images/wsis-logo-sm.png HTTP/1.1" 200 6108 "http://thebackcountry.net/" "Mozilla/5.0 (Windows NT 6.1; WOW64; rv:38.0) Gecko/20100101 Firefox/38.0"
170.75.162.130 - - [27/May/2015:10:06:42 -0700] "GET /lib/reccapi.php?resort=stowe HTTP/1.1" 200 1085 "-" "node-superagent/0.18.2"
66.249.79.14 - - [27/May/2015:10:12:11 -0700] "GET /resorts?resort=treblecone&date=2014-07-13 HTTP/1.1" 404 506 "-" "Mozilla/5.0 (iPhone; CPU iPhone OS 6_0 like Mac OS X) AppleWebKit/536.26 (KHTML, like Gecko) Version/6.0 Mobile/10A5376e Safari/8536.25 (compatible; Googlebot/2.1; +http://www.google.com/bot.html)"
170.75.162.130 - - [27/May/2015:10:16:13 -0700] "GET /lib/reccapi.php?resort=chinapeak HTTP/1.1" 200 959 "-" "node-superagent/0.18.2"
170.75.162.130 - - [27/May/2015:10:19:03 -0700] "GET /lib/reccapi.php?resort=schweitzer HTTP/1.1" 200 1080 "-" "node-superagent/0.18.2"
66.249.79.250 - - [27/May/2015:10:21:41 -0700] "GET /resorts?resort=winterpark&date=2014-02-02 HTTP/1.1" 404 506 "-" "Mozilla/5.0 (iPhone; CPU iPhone OS 6_0 like Mac OS X) AppleWebKit/536.26 (KHTML, like Gecko) Version/6.0 Mobile/10A5376e Safari/8536.25 (compatible; Googlebot/2.1; +http://www.google.com/bot.html)"
206.16.99.248 - - [27/May/2015:10:25:54 -0700] "GET /images/wsis-logo-sm.png HTTP/1.1" 200 6108 "http://www.thebackcountry.net/" "Mozilla/5.0 (Windows NT 6.1; WOW64; Trident/7.0; MDDCJS; rv:11.0) like Gecko"
206.16.99.248 - - [27/May/2015:10:26:15 -0700] "-" 408 0 "-" "-"
170.75.162.130 - - [27/May/2015:10:27:34 -0700] "GET /lib/reccapi.php?resort=whitefacemountain HTTP/1.1" 200 1125 "-" "node-superagent/0.18.2"
191.248.156.171 - - [27/May/2015:10:27:43 -0700] "GET /images/wsis-logo-sm.png HTTP/1.1" 200 6108 "http://thebackcountry.net/" "Mozilla/5.0 (Windows NT 6.1; WOW64) AppleWebKit/537.36 (KHTML, like Gecko) Chrome/36.0.1985.143 Safari/537.36"
170.75.162.130 - - [27/May/2015:10:27:54 -0700] "GET /lib/reccapi.php?resort=mammothmountain HTTP/1.1" 200 1036 "-" "node-superagent/0.18.2"
170.75.162.130 - - [27/May/2015:10:30:34 -0700] "GET /lib/reccapi.php?resort=crystalmountain HTTP/1.1" 200 998 "-" "node-superagent/0.18.2"
66.249.79.1 - - [27/May/2015:10:31:12 -0700] "GET /resorts?resort=antelopebutte&date=2014-02-09 HTTP/1.1" 404 506 "-" "Mozilla/5.0 (iPhone; CPU iPhone OS 6_0 like Mac OS X) AppleWebKit/536.26 (KHTML, like Gecko) Version/6.0 Mobile/10A5376e Safari/8536.25 (compatible; Googlebot/2.1; +http://www.google.com/bot.html)"
137.164.164.37 - - [27/May/2015:10:32:39 -0700] "GET /images/wsis-logo-sm.png HTTP/1.1" 200 6108 "http://www.thebackcountry.net/" "Mozilla/5.0 (X11; CrOS x86_64 6457.107.0) AppleWebKit/537.36 (KHTML, like Gecko) Chrome/40.0.2214.115 Safari/537.36"
66.249.79.250 - - [27/May/2015:10:40:43 -0700] "GET /resorts?resort=alta&date=2014-01-30 HTTP/1.1" 404 506 "-" "Mozilla/5.0 (iPhone; CPU iPhone OS 6_0 like Mac OS X) AppleWebKit/536.26 (KHTML, like Gecko) Version/6.0 Mobile/10A5376e Safari/8536.25 (compatible; Googlebot/2.1; +http://www.google.com/bot.html)"
170.75.162.130 - - [27/May/2015:10:43:55 -0700] "GET /lib/reccapi.php?resort=wildcatmountain HTTP/1.1" 200 1125 "-" "node-superagent/0.18.2"
108.174.5.114 - - [27/May/2015:10:49:38 -0700] "GET /images/viz-screenshot.png HTTP/1.1" 404 480 "-" "LinkedInBot/1.0 (compatible; Mozilla/5.0; Jakarta Commons-HttpClient/4.3 +http://www.linkedin.com)"
108.174.5.117 - - [27/May/2015:10:49:38 -0700] "GET /images/snowflake-hi.png HTTP/1.1" 200 10845 "-" "LinkedInBot/1.0 (compatible; Mozilla/5.0; Jakarta Commons-HttpClient/4.3 +http://www.linkedin.com)"
66.249.79.250 - - [27/May/2015:10:50:13 -0700] "GET /resorts?resort=angelfire&date=2014-02-02 HTTP/1.1" 404 506 "-" "Mozilla/5.0 (iPhone; CPU iPhone OS 6_0 like Mac OS X) AppleWebKit/536.26 (KHTML, like Gecko) Version/6.0 Mobile/10A5376e Safari/8536.25 (compatible; Googlebot/2.1; +http://www.google.com/bot.html)"
66.249.79.250 - - [27/May/2015:10:59:44 -0700] "GET /resorts?resort=maverickmountain&date=2014-01-01 HTTP/1.1" 404 506 "-" "Mozilla/5.0 (iPhone; CPU iPhone OS 6_0 like Mac OS X) AppleWebKit/536.26 (KHTML, like Gecko) Version/6.0 Mobile/10A5376e Safari/8536.25 (compatible; Googlebot/2.1; +http://www.google.com/bot.html)"
170.75.162.130 - - [27/May/2015:11:02:43 -0700] "GET /lib/reccapi.php?resort=solitude HTTP/1.1" 200 976 "-" "node-superagent/0.18.2"
66.249.79.250 - - [27/May/2015:11:09:15 -0700] "GET /resorts?resort=mountbaker&date=2014-03-05 HTTP/1.1" 404 506 "-" "Mozilla/5.0 (iPhone; CPU iPhone OS 6_0 like Mac OS X) AppleWebKit/536.26 (KHTML, like Gecko) Version/6.0 Mobile/10A5376e Safari/8536.25 (compatible; Googlebot/2.1; +http://www.google.com/bot.html)"
160.79.51.254 - - [27/May/2015:11:15:31 -0700] "GET /images/wsis-logo-sm.png HTTP/1.1" 200 6108 "http://www.thebackcountry.net/" "Mozilla/5.0 (Macintosh; Intel Mac OS X 10_10_2) AppleWebKit/600.4.10 (KHTML, like Gecko) Version/8.0.4 Safari/600.4.10"
66.249.79.250 - - [27/May/2015:11:18:45 -0700] "GET /resorts?resort=aspenmountain&date=2014-01-29 HTTP/1.1" 404 506 "-" "Mozilla/5.0 (iPhone; CPU iPhone OS 6_0 like Mac OS X) AppleWebKit/536.26 (KHTML, like Gecko) Version/6.0 Mobile/10A5376e Safari/8536.25 (compatible; Googlebot/2.1; +http://www.google.com/bot.html)"
170.75.162.130 - - [27/May/2015:11:19:54 -0700] "GET /lib/reccapi.php?resort=madriverglen HTTP/1.1" 200 1144 "-" "node-superagent/0.18.2"
167.68.17.36 - - [27/May/2015:11:23:02 -0700] "GET /images/wsis-logo-sm.png HTTP/1.1" 200 6108 "http://www.thebackcountry.net/" "Mozilla/4.0 (compatible; MSIE 7.0; Windows NT 6.1; WOW64; Trident/4.0; SLCC2; .NET CLR 2.0.50727)"
170.75.162.130 - - [27/May/2015:11:23:25 -0700] "GET /lib/reccapi.php?resort=bigwhite HTTP/1.1" 200 911 "-" "node-superagent/0.18.2"
66.249.79.14 - - [27/May/2015:11:28:21 -0700] "GET /resorts?resort=buttermilk&date=2014-02-15 HTTP/1.1" 404 506 "-" "Mozilla/5.0 (iPhone; CPU iPhone OS 6_0 like Mac OS X) AppleWebKit/536.26 (KHTML, like Gecko) Version/6.0 Mobile/10A5376e Safari/8536.25 (compatible; Googlebot/2.1; +http://www.google.com/bot.html)"
66.249.79.250 - - [27/May/2015:11:37:52 -0700] "GET /resorts?resort=taos&date=2013-12-15 HTTP/1.1" 404 506 "-" "Mozilla/5.0 (iPhone; CPU iPhone OS 6_0 like Mac OS X) AppleWebKit/536.26 (KHTML, like Gecko) Version/6.0 Mobile/10A5376e Safari/8536.25 (compatible; Googlebot/2.1; +http://www.google.com/bot.html)"
170.75.162.130 - - [27/May/2015:11:38:36 -0700] "GET /lib/reccapi.php?resort=sunvalley HTTP/1.1" 200 1062 "-" "node-superagent/0.18.2"
66.249.79.1 - - [27/May/2015:11:47:22 -0700] "GET /resorts?resort=bigsky&date=2014-01-02 HTTP/1.1" 404 506 "-" "Mozilla/5.0 (iPhone; CPU iPhone OS 6_0 like Mac OS X) AppleWebKit/536.26 (KHTML, like Gecko) Version/6.0 Mobile/10A5376e Safari/8536.25 (compatible; Googlebot/2.1; +http://www.google.com/bot.html)"
123.125.71.99 - - [27/May/2015:11:49:27 -0700] "-" 408 0 "-" "-"
170.75.162.130 - - [27/May/2015:11:51:57 -0700] "GET /lib/reccapi.php?resort=brighton HTTP/1.1" 200 982 "-" "node-superagent/0.18.2"
220.181.108.173 - - [27/May/2015:11:54:06 -0700] "-" 408 0 "-" "-"
66.249.79.1 - - [27/May/2015:11:56:52 -0700] "GET /resorts?resort=northstar-at-tahoe&date=2012-12-29 HTTP/1.1" 404 506 "-" "Mozilla/5.0 (iPhone; CPU iPhone OS 6_0 like Mac OS X) AppleWebKit/536.26 (KHTML, like Gecko) Version/6.0 Mobile/10A5376e Safari/8536.25 (compatible; Googlebot/2.1; +http://www.google.com/bot.html)"
66.249.79.14 - - [27/May/2015:12:06:21 -0700] "GET /resorts?resort=snowbird&date=2014-02-20 HTTP/1.1" 404 506 "-" "Mozilla/5.0 (iPhone; CPU iPhone OS 6_0 like Mac OS X) AppleWebKit/536.26 (KHTML, like Gecko) Version/6.0 Mobile/10A5376e Safari/8536.25 (compatible; Googlebot/2.1; +http://www.google.com/bot.html)"
66.249.79.1 - - [27/May/2015:12:15:51 -0700] "GET /resorts?resort=aspenmountain&date=2014-02-01 HTTP/1.1" 404 506 "-" "Mozilla/5.0 (iPhone; CPU iPhone OS 6_0 like Mac OS X) AppleWebKit/536.26 (KHTML, like Gecko) Version/6.0 Mobile/10A5376e Safari/8536.25 (compatible; Googlebot/2.1; +http://www.google.com/bot.html)"
66.249.79.14 - - [27/May/2015:12:25:21 -0700] "GET /resorts?resort=sleepinggiant&date=2014-01-09 HTTP/1.1" 404 506 "-" "Mozilla/5.0 (iPhone; CPU iPhone OS 6_0 like Mac OS X) AppleWebKit/536.26 (KHTML, like Gecko) Version/6.0 Mobile/10A5376e Safari/8536.25 (compatible; Googlebot/2.1; +http://www.google.com/bot.html)"
170.75.162.130 - - [27/May/2015:12:28:31 -0700] "GET /lib/reccapi.php?resort=snowbasin HTTP/1.1" 200 990 "-" "node-superagent/0.18.2"
170.75.162.130 - - [27/May/2015:12:32:21 -0700] "GET /lib/reccapi.php?resort=mtrose HTTP/1.1" 200 941 "-" "node-superagent/0.18.2"
66.249.79.1 - - [27/May/2015:12:34:51 -0700] "GET /resorts?resort=snowmass&date=2014-02-02 HTTP/1.1" 404 506 "-" "Mozilla/5.0 (iPhone; CPU iPhone OS 6_0 like Mac OS X) AppleWebKit/536.26 (KHTML, like Gecko) Version/6.0 Mobile/10A5376e Safari/8536.25 (compatible; Googlebot/2.1; +http://www.google.com/bot.html)"
66.249.79.250 - - [27/May/2015:12:44:42 -0700] "GET /resorts?resort=bridgerbowl&date=2014-02-01 HTTP/1.1" 404 506 "-" "Mozilla/5.0 (iPhone; CPU iPhone OS 6_0 like Mac OS X) AppleWebKit/536.26 (KHTML, like Gecko) Version/6.0 Mobile/10A5376e Safari/8536.25 (compatible; Googlebot/2.1; +http://www.google.com/bot.html)"
66.249.79.14 - - [27/May/2015:12:53:51 -0700] "GET /resorts?resort=arapahoebasin&date=2014-02-09 HTTP/1.1" 404 506 "-" "Mozilla/5.0 (iPhone; CPU iPhone OS 6_0 like Mac OS X) AppleWebKit/536.26 (KHTML, like Gecko) Version/6.0 Mobile/10A5376e Safari/8536.25 (compatible; Googlebot/2.1; +http://www.google.com/bot.html)"
170.75.162.130 - - [27/May/2015:12:55:43 -0700] "GET /lib/reccapi.php?resort=arapahoebasin HTTP/1.1" 200 1059 "-" "node-superagent/0.18.2"
170.75.162.130 - - [27/May/2015:12:55:43 -0700] "GET /lib/reccapi.php?resort=alta HTTP/1.1" 200 978 "-" "node-superagent/0.18.2"
170.75.162.130 - - [27/May/2015:12:55:43 -0700] "GET /lib/reccapi.php?resort=alyeska HTTP/1.1" 200 946 "-" "node-superagent/0.18.2"
170.75.162.130 - - [27/May/2015:12:55:43 -0700] "GET /lib/reccapi.php?resort=aspenheights HTTP/1.1" 200 1040 "-" "node-superagent/0.18.2"
170.75.162.130 - - [27/May/2015:12:55:43 -0700] "GET /lib/reccapi.php?resort=aspenmountain HTTP/1.1" 200 1022 "-" "node-superagent/0.18.2"
170.75.162.130 - - [27/May/2015:12:55:44 -0700] "GET /lib/reccapi.php?resort=brianhead HTTP/1.1" 200 1078 "-" "node-superagent/0.18.2"
170.75.162.130 - - [27/May/2015:12:55:44 -0700] "GET /lib/reccapi.php?resort=cannonmountain HTTP/1.1" 200 1131 "-" "node-superagent/0.18.2"
170.75.162.130 - - [27/May/2015:12:55:44 -0700] "GET /lib/reccapi.php?resort=buttermilk HTTP/1.1" 200 1017 "-" "node-superagent/0.18.2"
170.75.162.130 - - [27/May/2015:12:55:44 -0700] "GET /lib/reccapi.php?resort=canyons HTTP/1.1" 200 1020 "-" "node-superagent/0.18.2"
170.75.162.130 - - [27/May/2015:12:55:44 -0700] "GET /lib/reccapi.php?resort=coppermountain HTTP/1.1" 200 1041 "-" "node-superagent/0.18.2"
170.75.162.130 - - [27/May/2015:12:55:45 -0700] "GET /lib/reccapi.php?resort=deervalley HTTP/1.1" 200 1051 "-" "node-superagent/0.18.2"
170.75.162.130 - - [27/May/2015:12:55:45 -0700] "GET /lib/reccapi.php?resort=crestedbutte HTTP/1.1" 200 1117 "-" "node-superagent/0.18.2"
170.75.162.130 - - [27/May/2015:12:56:43 -0700] "GET /lib/reccapi.php?resort=sierra-at-tahoe HTTP/1.1" 200 979 "-" "node-superagent/0.18.2"
170.75.162.130 - - [27/May/2015:12:56:43 -0700] "GET /lib/reccapi.php?resort=killington HTTP/1.1" 200 1117 "-" "node-superagent/0.18.2"
170.75.162.130 - - [27/May/2015:12:56:43 -0700] "GET /lib/reccapi.php?resort=telluride HTTP/1.1" 200 1011 "-" "node-superagent/0.18.2"
170.75.162.130 - - [27/May/2015:12:56:43 -0700] "GET /lib/reccapi.php?resort=winterpark HTTP/1.1" 200 1015 "-" "node-superagent/0.18.2"
170.75.162.130 - - [27/May/2015:12:56:43 -0700] "GET /lib/reccapi.php?resort=loveland HTTP/1.1" 200 1037 "-" "node-superagent/0.18.2"
170.75.162.130 - - [27/May/2015:12:56:43 -0700] "GET /lib/reccapi.php?resort=snowmass HTTP/1.1" 200 1003 "-" "node-superagent/0.18.2"
170.75.162.130 - - [27/May/2015:12:56:43 -0700] "GET /lib/reccapi.php?resort=jaypeak HTTP/1.1" 200 1133 "-" "node-superagent/0.18.2"
170.75.162.130 - - [27/May/2015:12:56:43 -0700] "GET /lib/reccapi.php?resort=grandtarghee HTTP/1.1" 200 1109 "-" "node-superagent/0.18.2"
170.75.162.130 - - [27/May/2015:12:56:43 -0700] "GET /lib/reccapi.php?resort=jacksonhole HTTP/1.1" 200 1104 "-" "node-superagent/0.18.2"
170.75.162.130 - - [27/May/2015:12:56:43 -0700] "GET /lib/reccapi.php?resort=keystone HTTP/1.1" 200 1029 "-" "node-superagent/0.18.2"
170.75.162.130 - - [27/May/2015:12:56:43 -0700] "GET /lib/reccapi.php?resort=monarch HTTP/1.1" 200 1062 "-" "node-superagent/0.18.2"
170.75.162.130 - - [27/May/2015:12:56:43 -0700] "GET /lib/reccapi.php?resort=parkcity HTTP/1.1" 200 1031 "-" "node-superagent/0.18.2"
170.75.162.130 - - [27/May/2015:12:56:48 -0700] "GET /lib/reccapi.php?resort=snowbird HTTP/1.1" 200 1000 "-" "node-superagent/0.18.2"
170.75.162.130 - - [27/May/2015:12:56:53 -0700] "GET /lib/reccapi.php?resort=squawvalleyusa HTTP/1.1" 200 965 "-" "node-superagent/0.18.2"
170.75.162.130 - - [27/May/2015:12:56:58 -0700] "GET /lib/reccapi.php?resort=steamboat HTTP/1.1" 200 1030 "-" "node-superagent/0.18.2"
170.75.162.130 - - [27/May/2015:12:57:03 -0700] "GET /lib/reccapi.php?resort=stevenspass HTTP/1.1" 200 990 "-" "node-superagent/0.18.2"
123.125.71.85 - - [27/May/2015:12:59:42 -0700] "-" 408 0 "-" "-"
66.249.79.14 - - [27/May/2015:13:03:22 -0700] "GET /resorts?resort=beavermountain&date=2013-04-06 HTTP/1.1" 404 506 "-" "Mozilla/5.0 (iPhone; CPU iPhone OS 6_0 like Mac OS X) AppleWebKit/536.26 (KHTML, like Gecko) Version/6.0 Mobile/10A5376e Safari/8536.25 (compatible; Googlebot/2.1; +http://www.google.com/bot.html)"
220.181.108.118 - - [27/May/2015:13:04:48 -0700] "-" 408 0 "-" "-"
162.17.80.201 - - [27/May/2015:13:10:45 -0700] "GET /images/wsis-logo-sm.png HTTP/1.1" 200 6108 "http://www.thebackcountry.net/" "Mozilla/5.0 (Windows NT 6.3; WOW64) AppleWebKit/537.36 (KHTML, like Gecko) Chrome/43.0.2357.81 Safari/537.36"
66.249.79.250 - - [27/May/2015:13:12:52 -0700] "GET /resorts?resort=turnermountain&date=2012-12-18 HTTP/1.1" 404 506 "-" "Mozilla/5.0 (iPhone; CPU iPhone OS 6_0 like Mac OS X) AppleWebKit/536.26 (KHTML, like Gecko) Version/6.0 Mobile/10A5376e Safari/8536.25 (compatible; Googlebot/2.1; +http://www.google.com/bot.html)"
121.127.241.167 - - [27/May/2015:13:17:39 -0700] "GET /web-console/ServerInfo.jsp HTTP/1.1" 404 487 "-" "-"
96.38.187.219 - - [27/May/2015:13:18:40 -0700] "GET /images/wsis-logo-sm.png HTTP/1.1" 200 6108 "http://www.thebackcountry.net/" "Mozilla/5.0 (Macintosh; Intel Mac OS X 10_7_5) AppleWebKit/537.36 (KHTML, like Gecko) Chrome/37.0.2062.94 Safari/537.36"
170.75.162.130 - - [27/May/2015:13:20:45 -0700] "GET /lib/reccapi.php?resort=redlodge HTTP/1.1" 200 1083 "-" "node-superagent/0.18.2"
66.249.79.14 - - [27/May/2015:13:22:23 -0700] "GET /resorts?resort=redmountain&date=2014-02-03 HTTP/1.1" 404 506 "-" "Mozilla/5.0 (iPhone; CPU iPhone OS 6_0 like Mac OS X) AppleWebKit/536.26 (KHTML, like Gecko) Version/6.0 Mobile/10A5376e Safari/8536.25 (compatible; Googlebot/2.1; +http://www.google.com/bot.html)"
5.189.144.124 - - [27/May/2015:13:23:49 -0700] "GET / HTTP/1.1" 200 6095 "-" "Mozilla/5.0 (compatible; PageAnalyzer/1.5;)"
220.181.108.103 - - [27/May/2015:13:24:04 -0700] "GET / HTTP/1.1" 200 2339 "-" "Mozilla/5.0 (compatible; Baiduspider/2.0; +http://www.baidu.com/search/spider.html)"
170.75.162.130 - - [27/May/2015:13:26:16 -0700] "GET /lib/reccapi.php?resort=bigsky HTTP/1.1" 200 1096 "-" "node-superagent/0.18.2"
170.75.162.130 - - [27/May/2015:13:26:16 -0700] "GET /lib/reccapi.php?resort=angelfire HTTP/1.1" 200 1017 "-" "node-superagent/0.18.2"
170.75.162.130 - - [27/May/2015:13:26:16 -0700] "GET /lib/reccapi.php?resort=hoodoo HTTP/1.1" 200 998 "-" "node-superagent/0.18.2"
180.76.15.11 - - [27/May/2015:13:26:58 -0700] "GET /resorts?resort=snowbasin&date=2014-01-08 HTTP/1.1" 404 472 "-" "Mozilla/5.0 (compatible; Baiduspider/2.0; +http://www.baidu.com/search/spider.html)"
170.75.162.130 - - [27/May/2015:13:27:06 -0700] "GET /lib/reccapi.php?resort=mountainhigh HTTP/1.1" 200 1006 "-" "node-superagent/0.18.2"
170.75.162.130 - - [27/May/2015:13:27:06 -0700] "GET /lib/reccapi.php?resort=northstar-at-tahoe HTTP/1.1" 200 979 "-" "node-superagent/0.18.2"
170.75.162.130 - - [27/May/2015:13:27:06 -0700] "GET /lib/reccapi.php?resort=kirkwood HTTP/1.1" 200 990 "-" "node-superagent/0.18.2"
170.75.162.130 - - [27/May/2015:13:27:06 -0700] "GET /lib/reccapi.php?resort=silverstarmountain HTTP/1.1" 200 925 "-" "node-superagent/0.18.2"
170.75.162.130 - - [27/May/2015:13:27:06 -0700] "GET /lib/reccapi.php?resort=sugarbush HTTP/1.1" 200 1121 "-" "node-superagent/0.18.2"
170.75.162.130 - - [27/May/2015:13:27:06 -0700] "GET /lib/reccapi.php?resort=mounthoodmeadows HTTP/1.1" 200 1051 "-" "node-superagent/0.18.2"
170.75.162.130 - - [27/May/2015:13:27:16 -0700] "GET /lib/reccapi.php?resort=heavenly HTTP/1.1" 200 967 "-" "node-superagent/0.18.2"
170.75.162.130 - - [27/May/2015:13:27:36 -0700] "GET /lib/reccapi.php?resort=mountbachelor HTTP/1.1" 200 1032 "-" "node-superagent/0.18.2"
170.75.162.130 - - [27/May/2015:13:27:46 -0700] "GET /lib/reccapi.php?resort=smugglersnotch HTTP/1.1" 200 1118 "-" "node-superagent/0.18.2"
170.75.162.130 - - [27/May/2015:13:28:16 -0700] "GET /lib/reccapi.php?resort=sugarbowl HTTP/1.1" 200 972 "-" "node-superagent/0.18.2"
170.75.162.130 - - [27/May/2015:13:28:26 -0700] "GET /lib/reccapi.php?resort=redmountain HTTP/1.1" 200 898 "-" "node-superagent/0.18.2"
66.249.79.14 - - [27/May/2015:13:31:54 -0700] "GET /resorts?resort=boyne&date=2013-12-19 HTTP/1.1" 404 506 "-" "Mozilla/5.0 (iPhone; CPU iPhone OS 6_0 like Mac OS X) AppleWebKit/536.26 (KHTML, like Gecko) Version/6.0 Mobile/10A5376e Safari/8536.25 (compatible; Googlebot/2.1; +http://www.google.com/bot.html)"
71.140.31.214 - - [27/May/2015:13:41:01 -0700] "GET /images/wsis-logo-sm.png HTTP/1.1" 200 6108 "http://thebackcountry.net/" "Mozilla/4.0 (compatible; MSIE 8.0; Windows NT 5.1; Trident/4.0; .NET CLR 2.0.50727; .NET CLR 3.0.4506.2152; .NET CLR 3.5.30729; 786908940603; Build/14.08001)"
66.249.79.53 - - [27/May/2015:13:41:25 -0700] "GET /resorts?resort=bridgerbowl&date=2013-06-14 HTTP/1.1" 404 509 "-" "Mozilla/5.0 (iPhone; CPU iPhone OS 6_0 like Mac OS X) AppleWebKit/536.26 (KHTML, like Gecko) Version/6.0 Mobile/10A5376e Safari/8536.25 (compatible; Googlebot/2.1; +http://www.google.com/bot.html)"
66.249.79.14 - - [27/May/2015:13:50:55 -0700] "GET /resorts?resort=mountspokane&date=2014-02-11 HTTP/1.1" 404 506 "-" "Mozilla/5.0 (iPhone; CPU iPhone OS 6_0 like Mac OS X) AppleWebKit/536.26 (KHTML, like Gecko) Version/6.0 Mobile/10A5376e Safari/8536.25 (compatible; Googlebot/2.1; +http://www.google.com/bot.html)"
123.125.71.104 - - [27/May/2015:13:57:16 -0700] "-" 408 0 "-" "-"
66.249.79.1 - - [27/May/2015:14:00:26 -0700] "GET /resorts?resort=keystone&date=2014-02-02 HTTP/1.1" 404 506 "-" "Mozilla/5.0 (iPhone; CPU iPhone OS 6_0 like Mac OS X) AppleWebKit/536.26 (KHTML, like Gecko) Version/6.0 Mobile/10A5376e Safari/8536.25 (compatible; Googlebot/2.1; +http://www.google.com/bot.html)"
199.30.24.178 - - [27/May/2015:14:01:35 -0700] "GET /images/wsis-logo-sm.png HTTP/1.1" 200 6052 "http://www.thebackcountry.net/" "Mozilla/5.0 (iPhone; CPU iPhone OS 7_0 like Mac OS X) AppleWebKit/537.51.1 (KHTML, like Gecko) Version/7.0 Mobile/11A465 Safari/9537.53 BingPreview/1.0b"
157.55.39.15 - - [27/May/2015:14:01:39 -0700] "GET /robots.txt HTTP/1.1" 200 419 "-" "Mozilla/5.0 (compatible; bingbot/2.0; +http://www.bing.com/bingbot.htm)"
220.181.108.156 - - [27/May/2015:14:02:12 -0700] "-" 408 0 "-" "-"
66.249.79.1 - - [27/May/2015:14:09:56 -0700] "GET /resorts?resort=mtrose&date=2014-02-14 HTTP/1.1" 404 506 "-" "Mozilla/5.0 (iPhone; CPU iPhone OS 6_0 like Mac OS X) AppleWebKit/536.26 (KHTML, like Gecko) Version/6.0 Mobile/10A5376e Safari/8536.25 (compatible; Googlebot/2.1; +http://www.google.com/bot.html)"
91.212.124.160 - - [27/May/2015:14:15:01 -0700] "GET /rom-0 HTTP/1.1" 404 470 "-" "-"
91.212.124.160 - - [27/May/2015:14:15:02 -0700] "GET / HTTP/1.1" 200 6095 "-" "-"
91.212.124.160 - - [27/May/2015:14:15:03 -0700] "GET /tmUnblock.cgi HTTP/1.1" 404 474 "-" "-"
91.212.124.160 - - [27/May/2015:14:15:03 -0700] "GET /hndUnblock.cgi HTTP/1.1" 404 475 "-" "-"
66.249.79.1 - - [27/May/2015:14:19:28 -0700] "GET /resorts?resort=loveland&date=2014-02-18 HTTP/1.1" 404 506 "-" "Mozilla/5.0 (iPhone; CPU iPhone OS 6_0 like Mac OS X) AppleWebKit/536.26 (KHTML, like Gecko) Version/6.0 Mobile/10A5376e Safari/8536.25 (compatible; Googlebot/2.1; +http://www.google.com/bot.html)"
159.83.4.1 - - [27/May/2015:14:21:04 -0700] "GET /images/wsis-logo-sm.png HTTP/1.1" 200 6108 "http://www.thebackcountry.net/" "Mozilla/5.0 (compatible; MSIE 9.0; Windows NT 6.1; Trident/5.0)"
159.83.4.1 - - [27/May/2015:14:21:25 -0700] "-" 408 0 "-" "-"
162.211.122.43 - - [27/May/2015:14:26:38 -0700] "GET / HTTP/1.1" 200 2339 "http://www.whereshouldiski.com" "Mozilla/5.0 (Windows NT 6.1; WOW64; rv:34.0) Gecko/20100101 Firefox/34.0"
162.211.122.43 - - [27/May/2015:14:26:38 -0700] "GET / HTTP/1.1" 200 2339 "http://www.whereshouldiski.com" "Mozilla/5.0 (Windows NT 6.1; WOW64; rv:34.0) Gecko/20100101 Firefox/34.0"
66.249.79.14 - - [27/May/2015:14:28:58 -0700] "GET /resorts?resort=bigsky&date=2014-02-07 HTTP/1.1" 404 506 "-" "Mozilla/5.0 (iPhone; CPU iPhone OS 6_0 like Mac OS X) AppleWebKit/536.26 (KHTML, like Gecko) Version/6.0 Mobile/10A5376e Safari/8536.25 (compatible; Googlebot/2.1; +http://www.google.com/bot.html)"
71.140.31.214 - - [27/May/2015:14:36:06 -0700] "GET /images/wsis-logo-sm.png HTTP/1.1" 304 187 "http://thebackcountry.net/" "Mozilla/4.0 (compatible; MSIE 8.0; Windows NT 5.1; Trident/4.0; .NET CLR 2.0.50727; .NET CLR 3.0.4506.2152; .NET CLR 3.5.30729; 786908940603; Build/14.08001)"
66.249.79.250 - - [27/May/2015:14:38:28 -0700] "GET /resorts?resort=mounthoodskibowl&date=2014-01-03 HTTP/1.1" 404 506 "-" "Mozilla/5.0 (iPhone; CPU iPhone OS 6_0 like Mac OS X) AppleWebKit/536.26 (KHTML, like Gecko) Version/6.0 Mobile/10A5376e Safari/8536.25 (compatible; Googlebot/2.1; +http://www.google.com/bot.html)"
66.249.79.14 - - [27/May/2015:14:40:21 -0700] "GET / HTTP/1.1" 200 2376 "-" "Mozilla/5.0 (compatible; Googlebot/2.1; +http://www.google.com/bot.html)"
66.249.79.14 - - [27/May/2015:14:48:08 -0700] "GET /resorts?resort=timberline&date=2014-02-20 HTTP/1.1" 404 506 "-" "Mozilla/5.0 (iPhone; CPU iPhone OS 6_0 like Mac OS X) AppleWebKit/536.26 (KHTML, like Gecko) Version/6.0 Mobile/10A5376e Safari/8536.25 (compatible; Googlebot/2.1; +http://www.google.com/bot.html)"
170.75.162.130 - - [27/May/2015:14:55:24 -0700] "GET /lib/reccapi.php?resort=mountspokane HTTP/1.1" 200 1131 "-" "node-superagent/0.18.2"
170.75.162.130 - - [27/May/2015:14:55:44 -0700] "GET /lib/reccapi.php?resort=homewoodmountain HTTP/1.1" 200 971 "-" "node-superagent/0.18.2"
68.180.228.182 - - [27/May/2015:14:59:06 -0700] "GET /robots.txt HTTP/1.1" 304 152 "-" "Mozilla/5.0 (compatible; Yahoo! Slurp; http://help.yahoo.com/help/us/ysearch/slurp)"
68.180.228.182 - - [27/May/2015:14:59:06 -0700] "GET /resorts?resort=lasvegasskiandsnowboard&date=2014-10-11 HTTP/1.1" 404 450 "-" "Mozilla/5.0 (compatible; Yahoo! Slurp; http://help.yahoo.com/help/us/ysearch/slurp)"
170.75.162.130 - - [27/May/2015:15:03:54 -0700] "GET /lib/reccapi.php?resort=diamondpeak HTTP/1.1" 200 955 "-" "node-superagent/0.18.2"
123.125.71.87 - - [27/May/2015:15:06:31 -0700] "-" 408 0 "-" "-"
66.249.79.14 - - [27/May/2015:15:07:08 -0700] "GET /resorts?resort=parkcity&date=2013-12-10 HTTP/1.1" 404 506 "-" "Mozilla/5.0 (iPhone; CPU iPhone OS 6_0 like Mac OS X) AppleWebKit/536.26 (KHTML, like Gecko) Version/6.0 Mobile/10A5376e Safari/8536.25 (compatible; Googlebot/2.1; +http://www.google.com/bot.html)"
220.181.108.182 - - [27/May/2015:15:11:16 -0700] "-" 408 0 "-" "-"
216.239.45.69 - - [27/May/2015:15:14:06 -0700] "GET /images/wsis-logo-sm.png HTTP/1.1" 200 6108 "http://thebackcountry.net/" "Mozilla/5.0 (X11; Linux x86_64) AppleWebKit/537.36 (KHTML, like Gecko) Chrome/43.0.2357.81 Safari/537.36"
66.249.79.14 - - [27/May/2015:15:16:37 -0700] "GET /resorts?resort=snowbird&date=2014-01-29 HTTP/1.1" 404 506 "-" "Mozilla/5.0 (iPhone; CPU iPhone OS 6_0 like Mac OS X) AppleWebKit/536.26 (KHTML, like Gecko) Version/6.0 Mobile/10A5376e Safari/8536.25 (compatible; Googlebot/2.1; +http://www.google.com/bot.html)"
24.189.106.133 - - [27/May/2015:15:22:10 -0700] "GET /images/wsis-logo-sm.png HTTP/1.1" 200 6108 "http://www.thebackcountry.net/" "Mozilla/5.0 (iPhone; CPU iPhone OS 8_1 like Mac OS X) AppleWebKit/600.1.4 (KHTML, like Gecko) Version/8.0 Mobile/12B411 Safari/600.1.4"
67.2.16.115 - - [27/May/2015:15:22:13 -0700] "GET /images/wsis-logo-sm.png HTTP/1.1" 200 6108 "http://www.thebackcountry.net/" "Mozilla/5.0 (Macintosh; Intel Mac OS X 10_10_2) AppleWebKit/600.3.18 (KHTML, like Gecko) Version/8.0.3 Safari/600.3.18"
170.75.162.130 - - [27/May/2015:15:25:36 -0700] "GET /lib/reccapi.php?resort=alpinemeadows HTTP/1.1" 200 989 "-" "node-superagent/0.18.2"
66.249.79.14 - - [27/May/2015:15:26:07 -0700] "GET /resorts?resort=snowking&date=2014-01-19 HTTP/1.1" 404 506 "-" "Mozilla/5.0 (iPhone; CPU iPhone OS 6_0 like Mac OS X) AppleWebKit/536.26 (KHTML, like Gecko) Version/6.0 Mobile/10A5376e Safari/8536.25 (compatible; Googlebot/2.1; +http://www.google.com/bot.html)"
66.249.79.1 - - [27/May/2015:15:29:16 -0700] "GET / HTTP/1.1" 200 2376 "-" "Mozilla/5.0 (compatible; Googlebot/2.1; +http://www.google.com/bot.html)"
66.220.156.113 - - [27/May/2015:15:32:16 -0700] "GET /images/logo-sm.png HTTP/1.1" 200 16738 "-" "facebookexternalhit/1.1 (+http://www.facebook.com/externalhit_uatext.php)"
180.76.15.10 - - [27/May/2015:15:33:48 -0700] "GET /resorts?resort=keystone&date=2014-10-01 HTTP/1.1" 404 472 "-" "Mozilla/5.0 (compatible; Baiduspider/2.0; +http://www.baidu.com/search/spider.html)"
66.249.79.14 - - [27/May/2015:15:35:36 -0700] "GET /resorts?resort=redriver&date=2014-02-02 HTTP/1.1" 404 506 "-" "Mozilla/5.0 (iPhone; CPU iPhone OS 6_0 like Mac OS X) AppleWebKit/536.26 (KHTML, like Gecko) Version/6.0 Mobile/10A5376e Safari/8536.25 (compatible; Googlebot/2.1; +http://www.google.com/bot.html)"
170.75.162.130 - - [27/May/2015:15:43:28 -0700] "GET /lib/reccapi.php?resort=taos HTTP/1.1" 200 982 "-" "node-superagent/0.18.2"
170.75.162.130 - - [27/May/2015:15:43:48 -0700] "GET /lib/reccapi.php?resort=49degreesnorth HTTP/1.1" 200 1123 "-" "node-superagent/0.18.2"
66.249.79.1 - - [27/May/2015:15:45:05 -0700] "GET /resorts?resort=bigsky&date=2013-12-31 HTTP/1.1" 404 506 "-" "Mozilla/5.0 (iPhone; CPU iPhone OS 6_0 like Mac OS X) AppleWebKit/536.26 (KHTML, like Gecko) Version/6.0 Mobile/10A5376e Safari/8536.25 (compatible; Googlebot/2.1; +http://www.google.com/bot.html)"
170.75.162.130 - - [27/May/2015:15:45:08 -0700] "GET /lib/reccapi.php?resort=bigwhite HTTP/1.1" 200 911 "-" "node-superagent/0.18.2"
170.75.162.130 - - [27/May/2015:15:47:08 -0700] "GET /lib/reccapi.php?resort=chinapeak HTTP/1.1" 200 961 "-" "node-superagent/0.18.2"
170.75.162.130 - - [27/May/2015:15:47:48 -0700] "GET /lib/reccapi.php?resort=crystalmountain HTTP/1.1" 200 998 "-" "node-superagent/0.18.2"
170.75.162.130 - - [27/May/2015:15:48:08 -0700] "GET /lib/reccapi.php?resort=devilshead HTTP/1.1" 200 943 "-" "node-superagent/0.18.2"
123.125.71.30 - - [27/May/2015:15:49:23 -0700] "-" 408 0 "-" "-"
94.102.49.168 - - [27/May/2015:15:50:27 -0700] "GET /cgi-bin/login.html HTTP/1.0" 404 527 "-" "-"
