66.249.79.1 - - [20/May/2015:08:39:01 -0700] "GET /resorts?resort=pomerelle&date=2012-12-22 HTTP/1.1" 404 506 "-" "Mozilla/5.0 (iPhone; CPU iPhone OS 6_0 like Mac OS X) AppleWebKit/536.26 (KHTML, like Gecko) Version/6.0 Mobile/10A5376e Safari/8536.25 (compatible; Googlebot/2.1; +http://www.google.com/bot.html)"
220.181.108.77 - - [20/May/2015:08:46:22 -0700] "GET / HTTP/1.1" 200 2339 "-" "Mozilla/5.0 (compatible; Baiduspider/2.0; +http://www.baidu.com/search/spider.html)"
170.75.162.130 - - [20/May/2015:08:46:36 -0700] "GET /lib/reccapi.php?resort=madriverglen HTTP/1.1" 200 983 "-" "node-superagent/0.18.2"
66.249.79.250 - - [20/May/2015:08:51:42 -0700] "GET /resorts?resort=whitewater&date=2013-12-07 HTTP/1.1" 404 506 "-" "Mozilla/5.0 (iPhone; CPU iPhone OS 6_0 like Mac OS X) AppleWebKit/536.26 (KHTML, like Gecko) Version/6.0 Mobile/10A5376e Safari/8536.25 (compatible; Googlebot/2.1; +http://www.google.com/bot.html)"
170.75.162.130 - - [20/May/2015:08:54:26 -0700] "GET /lib/reccapi.php?resort=alta HTTP/1.1" 200 1051 "-" "node-superagent/0.18.2"
170.75.162.130 - - [20/May/2015:08:54:26 -0700] "GET /lib/reccapi.php?resort=killington HTTP/1.1" 200 961 "-" "node-superagent/0.18.2"
170.75.162.130 - - [20/May/2015:08:54:26 -0700] "GET /lib/reccapi.php?resort=sugarloaf HTTP/1.1" 200 976 "-" "node-superagent/0.18.2"
66.249.79.66 - - [20/May/2015:09:04:46 -0700] "GET /robots.txt HTTP/1.1" 200 419 "-" "Mozilla/5.0 (compatible; Googlebot/2.1; +http://www.google.com/bot.html)"
66.249.79.53 - - [20/May/2015:09:04:46 -0700] "GET / HTTP/1.1" 200 2376 "-" "Mozilla/5.0 (iPhone; CPU iPhone OS 6_0 like Mac OS X) AppleWebKit/536.26 (KHTML, like Gecko) Version/6.0 Mobile/10A5376e Safari/8536.25 (compatible; Googlebot/2.1; +http://www.google.com/bot.html)"
70.196.198.54 - - [20/May/2015:09:14:17 -0700] "GET /images/wsis-logo-sm.png HTTP/1.1" 200 6108 "http://www.thebackcountry.net/" "Mozilla/5.0 (Macintosh; Intel Mac OS X 10.10; rv:38.0) Gecko/20100101 Firefox/38.0"
208.115.111.66 - - [20/May/2015:09:23:42 -0700] "GET /resorts?resort=madriverglen&date=2014-11-09 HTTP/1.1" 404 476 "-" "Mozilla/5.0 (compatible; DotBot/1.1; http://www.opensiteexplorer.org/dotbot, help@moz.com)"
208.115.111.66 - - [20/May/2015:09:23:50 -0700] "GET /resorts?resort=snowking&date=2014-06-30 HTTP/1.1" 404 476 "-" "Mozilla/5.0 (compatible; DotBot/1.1; http://www.opensiteexplorer.org/dotbot, help@moz.com)"
208.115.111.66 - - [20/May/2015:09:23:54 -0700] "GET /resorts?resort=bigsky&date=2014-10-12 HTTP/1.1" 404 476 "-" "Mozilla/5.0 (compatible; DotBot/1.1; http://www.opensiteexplorer.org/dotbot, help@moz.com)"
208.115.111.66 - - [20/May/2015:09:23:58 -0700] "GET /resorts?resort=cannonmountain&date=2014-11-11 HTTP/1.1" 404 476 "-" "Mozilla/5.0 (compatible; DotBot/1.1; http://www.opensiteexplorer.org/dotbot, help@moz.com)"
208.115.111.66 - - [20/May/2015:09:24:00 -0700] "GET /resorts?resort=redmountain&date=2014-10-10 HTTP/1.1" 404 476 "-" "Mozilla/5.0 (compatible; DotBot/1.1; http://www.opensiteexplorer.org/dotbot, help@moz.com)"
208.115.111.66 - - [20/May/2015:09:24:02 -0700] "GET /resorts?resort=sugarbowl&date=2014-06-12 HTTP/1.1" 404 476 "-" "Mozilla/5.0 (compatible; DotBot/1.1; http://www.opensiteexplorer.org/dotbot, help@moz.com)"
208.115.111.66 - - [20/May/2015:09:24:03 -0700] "GET /resorts?resort=whitefacemountain&date=2014-06-25 HTTP/1.1" 404 476 "-" "Mozilla/5.0 (compatible; DotBot/1.1; http://www.opensiteexplorer.org/dotbot, help@moz.com)"
208.115.111.66 - - [20/May/2015:09:24:03 -0700] "GET /resorts?resort=parkcity&date=2014-09-27 HTTP/1.1" 404 476 "-" "Mozilla/5.0 (compatible; DotBot/1.1; http://www.opensiteexplorer.org/dotbot, help@moz.com)"
208.115.111.66 - - [20/May/2015:09:24:04 -0700] "GET /resorts?resort=alta&date=2014-11-10 HTTP/1.1" 404 476 "-" "Mozilla/5.0 (compatible; DotBot/1.1; http://www.opensiteexplorer.org/dotbot, help@moz.com)"
208.115.111.66 - - [20/May/2015:09:24:05 -0700] "GET /resorts?resort=sierra-at-tahoe&date=2014-11-20 HTTP/1.1" 404 476 "-" "Mozilla/5.0 (compatible; DotBot/1.1; http://www.opensiteexplorer.org/dotbot, help@moz.com)"
208.115.111.66 - - [20/May/2015:09:24:06 -0700] "GET /resorts?resort=arapahoebasin&date=2014-10-02 HTTP/1.1" 404 476 "-" "Mozilla/5.0 (compatible; DotBot/1.1; http://www.opensiteexplorer.org/dotbot, help@moz.com)"
208.115.111.66 - - [20/May/2015:09:24:07 -0700] "GET /resorts?resort=crestedbutte&date=2014-11-14 HTTP/1.1" 404 476 "-" "Mozilla/5.0 (compatible; DotBot/1.1; http://www.opensiteexplorer.org/dotbot, help@moz.com)"
208.115.111.66 - - [20/May/2015:09:24:08 -0700] "GET /resorts?resort=jacksonhole&date=2014-10-02 HTTP/1.1" 404 476 "-" "Mozilla/5.0 (compatible; DotBot/1.1; http://www.opensiteexplorer.org/dotbot, help@moz.com)"
208.115.111.66 - - [20/May/2015:09:24:09 -0700] "GET /resorts?resort=wildcatmountain&date=2014-10-05 HTTP/1.1" 404 476 "-" "Mozilla/5.0 (compatible; DotBot/1.1; http://www.opensiteexplorer.org/dotbot, help@moz.com)"
208.115.111.66 - - [20/May/2015:09:24:10 -0700] "GET /resorts?resort=chinapeak&date=2014-09-29 HTTP/1.1" 404 476 "-" "Mozilla/5.0 (compatible; DotBot/1.1; http://www.opensiteexplorer.org/dotbot, help@moz.com)"
208.115.111.66 - - [20/May/2015:09:24:11 -0700] "GET /resorts?resort=skicooper&date=2014-06-08 HTTP/1.1" 404 476 "-" "Mozilla/5.0 (compatible; DotBot/1.1; http://www.opensiteexplorer.org/dotbot, help@moz.com)"
66.249.79.16 - - [20/May/2015:09:27:46 -0700] "GET /resorts?resort=snoqualmie-alpental&date=2013-01-16 HTTP/1.1" 404 509 "-" "Mozilla/5.0 (iPhone; CPU iPhone OS 6_0 like Mac OS X) AppleWebKit/536.26 (KHTML, like Gecko) Version/6.0 Mobile/10A5376e Safari/8536.25 (compatible; Googlebot/2.1; +http://www.google.com/bot.html)"
170.75.162.130 - - [20/May/2015:09:29:30 -0700] "GET /lib/reccapi.php?resort=mountainhigh HTTP/1.1" 200 983 "-" "node-superagent/0.18.2"
170.75.162.130 - - [20/May/2015:09:31:00 -0700] "GET /lib/reccapi.php?resort=arapahoebasin HTTP/1.1" 200 1080 "-" "node-superagent/0.18.2"
170.75.162.130 - - [20/May/2015:09:31:00 -0700] "GET /lib/reccapi.php?resort=aspenheights HTTP/1.1" 200 1067 "-" "node-superagent/0.18.2"
170.75.162.130 - - [20/May/2015:09:31:00 -0700] "GET /lib/reccapi.php?resort=buttermilk HTTP/1.1" 200 1017 "-" "node-superagent/0.18.2"
170.75.162.130 - - [20/May/2015:09:31:00 -0700] "GET /lib/reccapi.php?resort=aspenmountain HTTP/1.1" 200 1035 "-" "node-superagent/0.18.2"
170.75.162.130 - - [20/May/2015:09:31:00 -0700] "GET /lib/reccapi.php?resort=coppermountain HTTP/1.1" 200 1059 "-" "node-superagent/0.18.2"
170.75.162.130 - - [20/May/2015:09:31:00 -0700] "GET /lib/reccapi.php?resort=crestedbutte HTTP/1.1" 200 1067 "-" "node-superagent/0.18.2"
170.75.162.130 - - [20/May/2015:09:31:00 -0700] "GET /lib/reccapi.php?resort=loveland HTTP/1.1" 200 1115 "-" "node-superagent/0.18.2"
170.75.162.130 - - [20/May/2015:09:31:00 -0700] "GET /lib/reccapi.php?resort=keystone HTTP/1.1" 200 1055 "-" "node-superagent/0.18.2"
170.75.162.130 - - [20/May/2015:09:31:00 -0700] "GET /lib/reccapi.php?resort=monarch HTTP/1.1" 200 1042 "-" "node-superagent/0.18.2"
170.75.162.130 - - [20/May/2015:09:31:00 -0700] "GET /lib/reccapi.php?resort=snowmass HTTP/1.1" 200 1037 "-" "node-superagent/0.18.2"
170.75.162.130 - - [20/May/2015:09:31:00 -0700] "GET /lib/reccapi.php?resort=steamboat HTTP/1.1" 200 1034 "-" "node-superagent/0.18.2"
170.75.162.130 - - [20/May/2015:09:31:00 -0700] "GET /lib/reccapi.php?resort=telluride HTTP/1.1" 200 1030 "-" "node-superagent/0.18.2"
170.75.162.130 - - [20/May/2015:09:32:00 -0700] "GET /lib/reccapi.php?resort=winterpark HTTP/1.1" 200 1065 "-" "node-superagent/0.18.2"
71.92.92.108 - - [20/May/2015:09:37:20 -0700] "GET /images/wsis-logo-sm.png HTTP/1.1" 200 6108 "http://www.thebackcountry.net/" "Mozilla/5.0 (Macintosh; Intel Mac OS X 10_10_3) AppleWebKit/600.6.3 (KHTML, like Gecko) Version/8.0.6 Safari/600.6.3"
170.75.162.130 - - [20/May/2015:09:54:02 -0700] "GET /lib/reccapi.php?resort=crystalmountain HTTP/1.1" 200 1017 "-" "node-superagent/0.18.2"
71.140.31.214 - - [20/May/2015:09:55:44 -0700] "GET /images/wsis-logo-sm.png HTTP/1.1" 200 6108 "http://thebackcountry.net/" "Mozilla/4.0 (compatible; MSIE 8.0; Windows NT 5.1; Trident/4.0; .NET CLR 2.0.50727; .NET CLR 3.0.4506.2152; .NET CLR 3.5.30729; 786908940603; Build/14.08001)"
66.249.79.250 - - [20/May/2015:10:01:42 -0700] "GET /robots.txt HTTP/1.1" 200 419 "-" "Mozilla/5.0 (compatible; Googlebot/2.1; +http://www.google.com/bot.html)"
66.249.79.1 - - [20/May/2015:10:01:43 -0700] "GET / HTTP/1.1" 200 2376 "-" "DoCoMo/2.0 N905i(c100;TB;W24H16) (compatible; Googlebot-Mobile/2.1; +http://www.google.com/bot.html)"
208.115.111.66 - - [20/May/2015:10:04:39 -0700] "GET /resorts?resort=sunlight HTTP/1.1" 404 476 "-" "Mozilla/5.0 (compatible; DotBot/1.1; http://www.opensiteexplorer.org/dotbot, help@moz.com)"
208.115.111.66 - - [20/May/2015:10:04:41 -0700] "GET /resorts?resort=snowyrange&date=2014-06-13 HTTP/1.1" 404 476 "-" "Mozilla/5.0 (compatible; DotBot/1.1; http://www.opensiteexplorer.org/dotbot, help@moz.com)"
208.115.111.66 - - [20/May/2015:10:04:41 -0700] "GET /resorts?resort=snowbird&date=2014-06-18 HTTP/1.1" 404 476 "-" "Mozilla/5.0 (compatible; DotBot/1.1; http://www.opensiteexplorer.org/dotbot, help@moz.com)"
208.115.111.66 - - [20/May/2015:10:04:42 -0700] "GET /resorts?resort=sleepinggiant&date=2014-06-12 HTTP/1.1" 404 476 "-" "Mozilla/5.0 (compatible; DotBot/1.1; http://www.opensiteexplorer.org/dotbot, help@moz.com)"
208.115.111.66 - - [20/May/2015:10:04:42 -0700] "GET /resorts?resort=skicooper&date=2014-10-14 HTTP/1.1" 404 476 "-" "Mozilla/5.0 (compatible; DotBot/1.1; http://www.opensiteexplorer.org/dotbot, help@moz.com)"
208.115.111.66 - - [20/May/2015:10:04:43 -0700] "GET /resorts?resort=silverton&date=2014-06-28 HTTP/1.1" 404 476 "-" "Mozilla/5.0 (compatible; DotBot/1.1; http://www.opensiteexplorer.org/dotbot, help@moz.com)"
208.115.111.66 - - [20/May/2015:10:04:43 -0700] "GET /resorts?resort=silverstarmountain&date=2014-10-07 HTTP/1.1" 404 476 "-" "Mozilla/5.0 (compatible; DotBot/1.1; http://www.opensiteexplorer.org/dotbot, help@moz.com)"
208.115.111.66 - - [20/May/2015:10:04:44 -0700] "GET /resorts?resort=pomerelle&date=2014-06-14 HTTP/1.1" 404 476 "-" "Mozilla/5.0 (compatible; DotBot/1.1; http://www.opensiteexplorer.org/dotbot, help@moz.com)"
208.115.111.66 - - [20/May/2015:10:04:44 -0700] "GET /resorts?resort=pebblecreek&date=2014-10-04 HTTP/1.1" 404 476 "-" "Mozilla/5.0 (compatible; DotBot/1.1; http://www.opensiteexplorer.org/dotbot, help@moz.com)"
208.115.111.66 - - [20/May/2015:10:04:45 -0700] "GET /resorts?resort=parkcity&date=2014-10-02 HTTP/1.1" 404 476 "-" "Mozilla/5.0 (compatible; DotBot/1.1; http://www.opensiteexplorer.org/dotbot, help@moz.com)"
208.115.111.66 - - [20/May/2015:10:04:46 -0700] "GET /resorts?resort=mountspokane&date=2014-10-15 HTTP/1.1" 404 476 "-" "Mozilla/5.0 (compatible; DotBot/1.1; http://www.opensiteexplorer.org/dotbot, help@moz.com)"
208.115.111.66 - - [20/May/2015:10:04:46 -0700] "GET /resorts?resort=mountainhigh&date=2014-10-07 HTTP/1.1" 404 476 "-" "Mozilla/5.0 (compatible; DotBot/1.1; http://www.opensiteexplorer.org/dotbot, help@moz.com)"
208.115.111.66 - - [20/May/2015:10:04:47 -0700] "GET /resorts?resort=moonlightbasin&date=2014-09-28 HTTP/1.1" 404 476 "-" "Mozilla/5.0 (compatible; DotBot/1.1; http://www.opensiteexplorer.org/dotbot, help@moz.com)"
208.115.111.66 - - [20/May/2015:10:04:47 -0700] "GET /resorts?resort=missionridge&date=2014-07-01 HTTP/1.1" 404 476 "-" "Mozilla/5.0 (compatible; DotBot/1.1; http://www.opensiteexplorer.org/dotbot, help@moz.com)"
208.115.111.66 - - [20/May/2015:10:04:48 -0700] "GET /resorts?resort=kirkwood&date=2014-06-16 HTTP/1.1" 404 476 "-" "Mozilla/5.0 (compatible; DotBot/1.1; http://www.opensiteexplorer.org/dotbot, help@moz.com)"
208.115.111.66 - - [20/May/2015:10:04:48 -0700] "GET /resorts?resort=kellycanyon&date=2014-06-19 HTTP/1.1" 404 476 "-" "Mozilla/5.0 (compatible; DotBot/1.1; http://www.opensiteexplorer.org/dotbot, help@moz.com)"
208.115.111.66 - - [20/May/2015:10:04:49 -0700] "GET /resorts?resort=holidayvalley&date=2014-10-27 HTTP/1.1" 404 476 "-" "Mozilla/5.0 (compatible; DotBot/1.1; http://www.opensiteexplorer.org/dotbot, help@moz.com)"
208.115.111.66 - - [20/May/2015:10:04:49 -0700] "GET /resorts?resort=granitepeak&date=2014-06-14 HTTP/1.1" 404 476 "-" "Mozilla/5.0 (compatible; DotBot/1.1; http://www.opensiteexplorer.org/dotbot, help@moz.com)"
208.115.111.66 - - [20/May/2015:10:04:50 -0700] "GET /resorts?resort=ferniealpine&date=2014-10-06 HTTP/1.1" 404 476 "-" "Mozilla/5.0 (compatible; DotBot/1.1; http://www.opensiteexplorer.org/dotbot, help@moz.com)"
208.115.111.66 - - [20/May/2015:10:04:50 -0700] "GET /resorts?resort=eaglepoint&date=2014-10-07 HTTP/1.1" 404 476 "-" "Mozilla/5.0 (compatible; DotBot/1.1; http://www.opensiteexplorer.org/dotbot, help@moz.com)"
208.115.111.66 - - [20/May/2015:10:04:51 -0700] "GET /resorts?resort=wildcatmountain&date=2014-11-08 HTTP/1.1" 404 476 "-" "Mozilla/5.0 (compatible; DotBot/1.1; http://www.opensiteexplorer.org/dotbot, help@moz.com)"
208.115.111.66 - - [20/May/2015:10:04:51 -0700] "GET /resorts?resort=tetonpass&date=2014-06-07 HTTP/1.1" 404 476 "-" "Mozilla/5.0 (compatible; DotBot/1.1; http://www.opensiteexplorer.org/dotbot, help@moz.com)"
208.115.111.66 - - [20/May/2015:10:04:52 -0700] "GET /resorts?resort=taos&date=2014-11-18 HTTP/1.1" 404 476 "-" "Mozilla/5.0 (compatible; DotBot/1.1; http://www.opensiteexplorer.org/dotbot, help@moz.com)"
208.115.111.66 - - [20/May/2015:10:04:53 -0700] "GET /resorts?resort=taos&date=2014-10-28 HTTP/1.1" 404 476 "-" "Mozilla/5.0 (compatible; DotBot/1.1; http://www.opensiteexplorer.org/dotbot, help@moz.com)"
208.115.111.66 - - [20/May/2015:10:04:53 -0700] "GET /resorts?resort=crystalmountain&date=2014-06-24 HTTP/1.1" 404 476 "-" "Mozilla/5.0 (compatible; DotBot/1.1; http://www.opensiteexplorer.org/dotbot, help@moz.com)"
208.115.111.66 - - [20/May/2015:10:04:54 -0700] "GET /resorts?resort=bigwhite&date=2014-11-07 HTTP/1.1" 404 476 "-" "Mozilla/5.0 (compatible; DotBot/1.1; http://www.opensiteexplorer.org/dotbot, help@moz.com)"
208.115.111.66 - - [20/May/2015:10:04:54 -0700] "GET /resorts?resort=aspenheights&date=2014-09-28 HTTP/1.1" 404 476 "-" "Mozilla/5.0 (compatible; DotBot/1.1; http://www.opensiteexplorer.org/dotbot, help@moz.com)"
208.115.111.66 - - [20/May/2015:10:04:55 -0700] "GET /resorts?resort=angelfire&date=2014-10-17 HTTP/1.1" 404 476 "-" "Mozilla/5.0 (compatible; DotBot/1.1; http://www.opensiteexplorer.org/dotbot, help@moz.com)"
208.115.111.66 - - [20/May/2015:10:04:56 -0700] "GET /resorts?resort=alyeska&date=2014-06-06 HTTP/1.1" 404 476 "-" "Mozilla/5.0 (compatible; DotBot/1.1; http://www.opensiteexplorer.org/dotbot, help@moz.com)"
208.115.111.66 - - [20/May/2015:10:04:56 -0700] "GET /resorts?resort=alpinevalley&date=2014-06-11 HTTP/1.1" 404 476 "-" "Mozilla/5.0 (compatible; DotBot/1.1; http://www.opensiteexplorer.org/dotbot, help@moz.com)"
12.197.154.194 - - [20/May/2015:10:13:14 -0700] "GET /images/wsis-logo-sm.png HTTP/1.1" 200 6108 "http://www.thebackcountry.net/" "Mozilla/5.0 (Macintosh; Intel Mac OS X 10_10_1) AppleWebKit/537.36 (KHTML, like Gecko) Chrome/42.0.2311.135 Safari/537.36"
217.69.133.224 - - [20/May/2015:10:20:21 -0700] "GET /robots.txt HTTP/1.0" 200 338 "-" "Mozilla/5.0 (compatible; Linux x86_64; Mail.RU_Bot/2.0; +http://go.mail.ru/help/robots)"
217.69.133.223 - - [20/May/2015:10:20:22 -0700] "GET /feedback HTTP/1.1" 404 469 "-" "Mozilla/5.0 (compatible; Linux x86_64; Mail.RU_Bot/2.0; +http://go.mail.ru/help/robots)"
180.76.15.138 - - [20/May/2015:10:29:29 -0700] "GET /resorts?resort=49degreesnorth&date=2014-01-17 HTTP/1.1" 404 472 "-" "Mozilla/5.0 (compatible; Baiduspider/2.0; +http://www.baidu.com/search/spider.html)"
170.75.162.130 - - [20/May/2015:10:31:55 -0700] "GET /lib/reccapi.php?resort=taos HTTP/1.1" 200 989 "-" "node-superagent/0.18.2"
170.75.162.130 - - [20/May/2015:10:43:26 -0700] "GET /lib/reccapi.php?resort=alpinemeadows HTTP/1.1" 200 1091 "-" "node-superagent/0.18.2"
66.249.79.14 - - [20/May/2015:11:18:32 -0700] "GET /resorts?resort=beavermountain&date=2012-12-04 HTTP/1.1" 404 506 "-" "Mozilla/5.0 (iPhone; CPU iPhone OS 6_0 like Mac OS X) AppleWebKit/536.26 (KHTML, like Gecko) Version/6.0 Mobile/10A5376e Safari/8536.25 (compatible; Googlebot/2.1; +http://www.google.com/bot.html)"
32.212.97.1 - - [20/May/2015:11:48:31 -0700] "GET /images/wsis-logo-sm.png HTTP/1.1" 200 6108 "http://thebackcountry.net/" "Mozilla/5.0 (Windows NT 6.3; WOW64) AppleWebKit/537.36 (KHTML, like Gecko) Chrome/42.0.2311.152 Safari/537.36"
170.75.162.130 - - [20/May/2015:11:49:02 -0700] "GET /lib/reccapi.php?resort=sundayriver HTTP/1.1" 200 972 "-" "node-superagent/0.18.2"
107.144.79.105 - - [20/May/2015:11:59:55 -0700] "GET /images/wsis-logo-sm.png HTTP/1.1" 200 6108 "http://www.thebackcountry.net/" "Mozilla/5.0 (Windows NT 6.1; WOW64) AppleWebKit/537.36 (KHTML, like Gecko) Chrome/42.0.2311.152 Safari/537.36"
208.115.111.66 - - [20/May/2015:12:10:25 -0700] "GET /robots.txt HTTP/1.1" 200 319 "-" "Mozilla/5.0 (compatible; DotBot/1.1; http://www.opensiteexplorer.org/dotbot, help@moz.com)"
104.128.144.130 - - [20/May/2015:12:13:01 -0700] "GET / HTTP/1.0" 200 6114 "-" "probethenet.com scanner"
170.75.162.130 - - [20/May/2015:12:17:24 -0700] "GET /lib/reccapi.php?resort=redmountain HTTP/1.1" 200 900 "-" "node-superagent/0.18.2"
170.75.162.130 - - [20/May/2015:12:17:24 -0700] "GET /lib/reccapi.php?resort=bigwhite HTTP/1.1" 200 911 "-" "node-superagent/0.18.2"
170.75.162.130 - - [20/May/2015:12:18:24 -0700] "GET /lib/reccapi.php?resort=silverstarmountain HTTP/1.1" 200 925 "-" "node-superagent/0.18.2"
170.75.162.130 - - [20/May/2015:12:18:24 -0700] "GET /lib/reccapi.php?resort=sugarbowl HTTP/1.1" 200 1026 "-" "node-superagent/0.18.2"
170.75.162.130 - - [20/May/2015:12:18:24 -0700] "GET /lib/reccapi.php?resort=stevenspass HTTP/1.1" 200 1018 "-" "node-superagent/0.18.2"
170.75.162.130 - - [20/May/2015:12:18:24 -0700] "GET /lib/reccapi.php?resort=sugarbush HTTP/1.1" 200 954 "-" "node-superagent/0.18.2"
170.75.162.130 - - [20/May/2015:12:18:24 -0700] "GET /lib/reccapi.php?resort=smugglersnotch HTTP/1.1" 200 972 "-" "node-superagent/0.18.2"
170.75.162.130 - - [20/May/2015:12:18:25 -0700] "GET /lib/reccapi.php?resort=sunpeaksresort HTTP/1.1" 200 910 "-" "node-superagent/0.18.2"
170.75.162.130 - - [20/May/2015:12:18:25 -0700] "GET /lib/reccapi.php?resort=stowe HTTP/1.1" 200 944 "-" "node-superagent/0.18.2"
151.194.17.82 - - [20/May/2015:12:19:04 -0700] "GET /images/wsis-logo-sm.png HTTP/1.1" 200 6108 "http://thebackcountry.net/" "Mozilla/5.0 (Macintosh; Intel Mac OS X 10_10_3) AppleWebKit/600.6.3 (KHTML, like Gecko) Version/8.0.6 Safari/600.6.3"
151.194.17.82 - - [20/May/2015:12:19:05 -0700] "GET /images/wsis-logo-sm.png HTTP/1.1" 200 6108 "http://thebackcountry.net/" "Mozilla/5.0 (Macintosh; Intel Mac OS X 10_10_3) AppleWebKit/600.6.3 (KHTML, like Gecko) Version/8.0.6 Safari/600.6.3"
170.75.162.130 - - [20/May/2015:12:22:15 -0700] "GET /lib/reccapi.php?resort=mountspokane HTTP/1.1" 200 985 "-" "node-superagent/0.18.2"
170.75.162.130 - - [20/May/2015:12:22:15 -0700] "GET /lib/reccapi.php?resort=49degreesnorth HTTP/1.1" 200 987 "-" "node-superagent/0.18.2"
170.75.162.130 - - [20/May/2015:12:26:35 -0700] "GET /lib/reccapi.php?resort=chinapeak HTTP/1.1" 200 1078 "-" "node-superagent/0.18.2"
170.75.162.130 - - [20/May/2015:12:26:35 -0700] "GET /lib/reccapi.php?resort=brianhead HTTP/1.1" 200 1124 "-" "node-superagent/0.18.2"
170.75.162.130 - - [20/May/2015:12:26:35 -0700] "GET /lib/reccapi.php?resort=alyeska HTTP/1.1" 200 940 "-" "node-superagent/0.18.2"
170.75.162.130 - - [20/May/2015:12:26:35 -0700] "GET /lib/reccapi.php?resort=deervalley HTTP/1.1" 200 1094 "-" "node-superagent/0.18.2"
170.75.162.130 - - [20/May/2015:12:26:35 -0700] "GET /lib/reccapi.php?resort=devilshead HTTP/1.1" 200 954 "-" "node-superagent/0.18.2"
170.75.162.130 - - [20/May/2015:12:26:35 -0700] "GET /lib/reccapi.php?resort=homewoodmountain HTTP/1.1" 200 1042 "-" "node-superagent/0.18.2"
170.75.162.130 - - [20/May/2015:12:26:35 -0700] "GET /lib/reccapi.php?resort=diamondpeak HTTP/1.1" 200 1005 "-" "node-superagent/0.18.2"
170.75.162.130 - - [20/May/2015:12:26:35 -0700] "GET /lib/reccapi.php?resort=heavenly HTTP/1.1" 200 1041 "-" "node-superagent/0.18.2"
170.75.162.130 - - [20/May/2015:12:26:35 -0700] "GET /lib/reccapi.php?resort=jaypeak HTTP/1.1" 200 931 "-" "node-superagent/0.18.2"
170.75.162.130 - - [20/May/2015:12:26:35 -0700] "GET /lib/reccapi.php?resort=hoodoo HTTP/1.1" 200 1105 "-" "node-superagent/0.18.2"
170.75.162.130 - - [20/May/2015:12:27:25 -0700] "GET /lib/reccapi.php?resort=mammothmountain HTTP/1.1" 200 1089 "-" "node-superagent/0.18.2"
170.75.162.130 - - [20/May/2015:12:27:25 -0700] "GET /lib/reccapi.php?resort=kirkwood HTTP/1.1" 200 1104 "-" "node-superagent/0.18.2"
170.75.162.130 - - [20/May/2015:12:27:35 -0700] "GET /lib/reccapi.php?resort=snowbasin HTTP/1.1" 200 1078 "-" "node-superagent/0.18.2"
170.75.162.130 - - [20/May/2015:12:27:35 -0700] "GET /lib/reccapi.php?resort=northstar-at-tahoe HTTP/1.1" 200 1032 "-" "node-superagent/0.18.2"
170.75.162.130 - - [20/May/2015:12:27:35 -0700] "GET /lib/reccapi.php?resort=mtrose HTTP/1.1" 200 1050 "-" "node-superagent/0.18.2"
170.75.162.130 - - [20/May/2015:12:27:35 -0700] "GET /lib/reccapi.php?resort=squawvalleyusa HTTP/1.1" 200 1040 "-" "node-superagent/0.18.2"
170.75.162.130 - - [20/May/2015:12:27:35 -0700] "GET /lib/reccapi.php?resort=whitefacemountain HTTP/1.1" 200 966 "-" "node-superagent/0.18.2"
167.114.35.207 - - [20/May/2015:12:33:05 -0700] "GET / HTTP/1.1" 200 6151 "-" "-"
66.172.107.74 - - [20/May/2015:12:40:30 -0700] "GET /images/wsis-logo-sm.png HTTP/1.1" 200 6108 "http://www.thebackcountry.net/" "Mozilla/5.0 (Windows NT 6.1; WOW64; Trident/7.0; rv:11.0) like Gecko"
66.172.107.74 - - [20/May/2015:12:40:52 -0700] "-" 408 0 "-" "-"
170.75.162.130 - - [20/May/2015:12:42:17 -0700] "GET /lib/reccapi.php?resort=whistlerblackcomb HTTP/1.1" 200 921 "-" "node-superagent/0.18.2"
66.172.107.74 - - [20/May/2015:12:43:23 -0700] "-" 408 0 "-" "-"
71.189.164.218 - - [20/May/2015:12:53:43 -0700] "GET /robots.txt HTTP/1.1" 200 319 "-" "Mozilla/5.0 (compatible; GimmeUSAbot/1.0; +http://gimmeusa-update.com/crawler)"
50.18.210.236 - - [20/May/2015:13:03:14 -0700] "GET /images/wsis-logo-sm.png HTTP/1.1" 200 6108 "http://www.thebackcountry.net/" "Mozilla/5.0 (X11; Ubuntu; Linux x86_64; rv:36.0) Gecko/20100101 SlimerJS/0.9.5"
66.249.79.1 - - [20/May/2015:13:16:18 -0700] "GET /resorts?resort=mt.baldy&date=2014-05-14 HTTP/1.1" 404 506 "-" "Mozilla/5.0 (iPhone; CPU iPhone OS 6_0 like Mac OS X) AppleWebKit/536.26 (KHTML, like Gecko) Version/6.0 Mobile/10A5376e Safari/8536.25 (compatible; Googlebot/2.1; +http://www.google.com/bot.html)"
208.115.111.66 - - [20/May/2015:13:23:20 -0700] "GET /resorts?resort=sunpeaksresort&date=2014-11-11 HTTP/1.1" 404 476 "-" "Mozilla/5.0 (compatible; DotBot/1.1; http://www.opensiteexplorer.org/dotbot, help@moz.com)"
208.115.111.66 - - [20/May/2015:13:23:35 -0700] "GET /resorts?resort=angelfire&date=2014-07-03 HTTP/1.1" 404 476 "-" "Mozilla/5.0 (compatible; DotBot/1.1; http://www.opensiteexplorer.org/dotbot, help@moz.com)"
208.115.111.66 - - [20/May/2015:13:23:37 -0700] "GET /resorts?resort=diamondpeak&date=2014-06-06 HTTP/1.1" 404 476 "-" "Mozilla/5.0 (compatible; DotBot/1.1; http://www.opensiteexplorer.org/dotbot, help@moz.com)"
208.115.111.66 - - [20/May/2015:13:23:38 -0700] "GET /resorts?resort=brighton&date=2014-06-29 HTTP/1.1" 404 476 "-" "Mozilla/5.0 (compatible; DotBot/1.1; http://www.opensiteexplorer.org/dotbot, help@moz.com)"
208.115.111.66 - - [20/May/2015:13:23:42 -0700] "GET /resorts?resort=mammothmountain&date=2014-06-13 HTTP/1.1" 404 476 "-" "Mozilla/5.0 (compatible; DotBot/1.1; http://www.opensiteexplorer.org/dotbot, help@moz.com)"
208.115.111.66 - - [20/May/2015:13:23:43 -0700] "GET /resorts?resort=steamboat&date=2014-06-21 HTTP/1.1" 404 476 "-" "Mozilla/5.0 (compatible; DotBot/1.1; http://www.opensiteexplorer.org/dotbot, help@moz.com)"
208.115.111.66 - - [20/May/2015:13:23:45 -0700] "GET /resorts?resort=smugglersnotch&date=2014-06-06 HTTP/1.1" 404 476 "-" "Mozilla/5.0 (compatible; DotBot/1.1; http://www.opensiteexplorer.org/dotbot, help@moz.com)"
208.115.111.66 - - [20/May/2015:13:23:46 -0700] "GET /resorts?resort=mounthoodmeadows&date=2014-10-15 HTTP/1.1" 404 476 "-" "Mozilla/5.0 (compatible; DotBot/1.1; http://www.opensiteexplorer.org/dotbot, help@moz.com)"
180.76.15.15 - - [20/May/2015:13:28:49 -0700] "GET /resorts?resort=marquette&date=2014-04-06 HTTP/1.1" 404 472 "-" "Mozilla/5.0 (compatible; Baiduspider/2.0; +http://www.baidu.com/search/spider.html)"
170.75.162.130 - - [20/May/2015:13:43:22 -0700] "GET /lib/reccapi.php?resort=brighton HTTP/1.1" 200 1053 "-" "node-superagent/0.18.2"
170.75.162.130 - - [20/May/2015:13:43:22 -0700] "GET /lib/reccapi.php?resort=alta HTTP/1.1" 200 1053 "-" "node-superagent/0.18.2"
170.75.162.130 - - [20/May/2015:13:43:22 -0700] "GET /lib/reccapi.php?resort=canyons HTTP/1.1" 200 1064 "-" "node-superagent/0.18.2"
170.75.162.130 - - [20/May/2015:13:43:22 -0700] "GET /lib/reccapi.php?resort=parkcity HTTP/1.1" 200 1107 "-" "node-superagent/0.18.2"
170.75.162.130 - - [20/May/2015:13:43:22 -0700] "GET /lib/reccapi.php?resort=snowbird HTTP/1.1" 200 1053 "-" "node-superagent/0.18.2"
170.75.162.130 - - [20/May/2015:13:43:23 -0700] "GET /lib/reccapi.php?resort=solitude HTTP/1.1" 200 1070 "-" "node-superagent/0.18.2"
69.12.158.66 - - [20/May/2015:13:48:40 -0700] "GET /images/wsis-logo-sm.png HTTP/1.1" 200 6108 "http://www.thebackcountry.net/" "Mozilla/5.0 (Windows NT 6.1; WOW64) AppleWebKit/537.36 (KHTML, like Gecko) Chrome/42.0.2311.152 Safari/537.36"
24.5.3.39 - - [20/May/2015:13:52:46 -0700] "GET /images/wsis-logo-sm.png HTTP/1.1" 200 6108 "http://thebackcountry.net/" "Mozilla/5.0 (Macintosh; Intel Mac OS X 10_10_2) AppleWebKit/537.36 (KHTML, like Gecko) Chrome/43.0.2357.65 Safari/537.36"
24.9.9.120 - - [20/May/2015:13:55:35 -0700] "GET /images/wsis-logo-sm.png HTTP/1.1" 200 6108 "http://www.thebackcountry.net/" "Mozilla/5.0 (Windows NT 6.1; WOW64) AppleWebKit/537.36 (KHTML, like Gecko) Chrome/43.0.2357.65 Safari/537.36"
5.178.68.221 - - [20/May/2015:14:01:06 -0700] "GET /admin/config.php HTTP/1.1" 404 470 "-" "curl/7.29.0"
170.75.162.130 - - [20/May/2015:14:01:54 -0700] "GET /lib/reccapi.php?resort=schweitzer HTTP/1.1" 200 960 "-" "node-superagent/0.18.2"
170.75.162.130 - - [20/May/2015:14:01:54 -0700] "GET /lib/reccapi.php?resort=sunvalley HTTP/1.1" 200 1047 "-" "node-superagent/0.18.2"
180.76.15.163 - - [20/May/2015:14:03:06 -0700] "GET /resorts?resort=bigsky&date=2014-05-12 HTTP/1.1" 404 472 "-" "Mozilla/5.0 (compatible; Baiduspider/2.0; +http://www.baidu.com/search/spider.html)"
208.115.111.66 - - [20/May/2015:14:05:06 -0700] "GET /resorts?resort=willamettepass&date=2014-10-04 HTTP/1.1" 404 476 "-" "Mozilla/5.0 (compatible; DotBot/1.1; http://www.opensiteexplorer.org/dotbot, help@moz.com)"
208.115.111.66 - - [20/May/2015:14:05:07 -0700] "GET /resorts?resort=whitepine HTTP/1.1" 404 476 "-" "Mozilla/5.0 (compatible; DotBot/1.1; http://www.opensiteexplorer.org/dotbot, help@moz.com)"
208.115.111.66 - - [20/May/2015:14:05:07 -0700] "GET /resorts?resort=sundance&date=2014-10-13 HTTP/1.1" 404 476 "-" "Mozilla/5.0 (compatible; DotBot/1.1; http://www.opensiteexplorer.org/dotbot, help@moz.com)"
208.115.111.66 - - [20/May/2015:14:05:08 -0700] "GET /resorts?resort=skisantafe&date=2014-09-30 HTTP/1.1" 404 476 "-" "Mozilla/5.0 (compatible; DotBot/1.1; http://www.opensiteexplorer.org/dotbot, help@moz.com)"
208.115.111.66 - - [20/May/2015:14:05:12 -0700] "GET /resorts?resort=purgatory&date=2014-10-10 HTTP/1.1" 404 476 "-" "Mozilla/5.0 (compatible; DotBot/1.1; http://www.opensiteexplorer.org/dotbot, help@moz.com)"
208.115.111.66 - - [20/May/2015:14:05:12 -0700] "GET /resorts?resort=mt.shasta&date=2014-06-24 HTTP/1.1" 404 476 "-" "Mozilla/5.0 (compatible; DotBot/1.1; http://www.opensiteexplorer.org/dotbot, help@moz.com)"
208.115.111.66 - - [20/May/2015:14:05:13 -0700] "GET /resorts?resort=mounthoodskibowl&date=2014-10-14 HTTP/1.1" 404 476 "-" "Mozilla/5.0 (compatible; DotBot/1.1; http://www.opensiteexplorer.org/dotbot, help@moz.com)"
208.115.111.66 - - [20/May/2015:14:05:13 -0700] "GET /resorts?resort=monarch&date=2014-06-28 HTTP/1.1" 404 476 "-" "Mozilla/5.0 (compatible; DotBot/1.1; http://www.opensiteexplorer.org/dotbot, help@moz.com)"
208.115.111.66 - - [20/May/2015:14:05:14 -0700] "GET /resorts?resort=marquette&date=2014-10-23 HTTP/1.1" 404 476 "-" "Mozilla/5.0 (compatible; DotBot/1.1; http://www.opensiteexplorer.org/dotbot, help@moz.com)"
208.115.111.66 - - [20/May/2015:14:05:15 -0700] "GET /resorts?resort=louploupskibowl&date=2014-10-03 HTTP/1.1" 404 476 "-" "Mozilla/5.0 (compatible; DotBot/1.1; http://www.opensiteexplorer.org/dotbot, help@moz.com)"
208.115.111.66 - - [20/May/2015:14:05:16 -0700] "GET /resorts?resort=losttrailpowdermountain&date=2014-10-09 HTTP/1.1" 404 476 "-" "Mozilla/5.0 (compatible; DotBot/1.1; http://www.opensiteexplorer.org/dotbot, help@moz.com)"
208.115.111.66 - - [20/May/2015:14:05:16 -0700] "GET /resorts?resort=dodgeridge&date=2014-10-19 HTTP/1.1" 404 476 "-" "Mozilla/5.0 (compatible; DotBot/1.1; http://www.opensiteexplorer.org/dotbot, help@moz.com)"
208.115.111.66 - - [20/May/2015:14:05:20 -0700] "GET /resorts?resort=dodgeridge&date=2014-06-16 HTTP/1.1" 404 476 "-" "Mozilla/5.0 (compatible; DotBot/1.1; http://www.opensiteexplorer.org/dotbot, help@moz.com)"
208.115.111.66 - - [20/May/2015:14:05:21 -0700] "GET /resorts?resort=discoverybasin&date=2014-10-07 HTTP/1.1" 404 476 "-" "Mozilla/5.0 (compatible; DotBot/1.1; http://www.opensiteexplorer.org/dotbot, help@moz.com)"
208.115.111.66 - - [20/May/2015:14:05:21 -0700] "GET /resorts?resort=crestedbutte&date=2014-06-05 HTTP/1.1" 404 476 "-" "Mozilla/5.0 (compatible; DotBot/1.1; http://www.opensiteexplorer.org/dotbot, help@moz.com)"
208.115.111.66 - - [20/May/2015:14:05:22 -0700] "GET /resorts?resort=coppermountain&date=2014-10-13 HTTP/1.1" 404 476 "-" "Mozilla/5.0 (compatible; DotBot/1.1; http://www.opensiteexplorer.org/dotbot, help@moz.com)"
208.115.111.66 - - [20/May/2015:14:05:23 -0700] "GET /resorts?resort=buttermilk&date=2014-10-09 HTTP/1.1" 404 476 "-" "Mozilla/5.0 (compatible; DotBot/1.1; http://www.opensiteexplorer.org/dotbot, help@moz.com)"
208.115.111.66 - - [20/May/2015:14:05:23 -0700] "GET /resorts?resort=brundage&date=2014-10-01 HTTP/1.1" 404 476 "-" "Mozilla/5.0 (compatible; DotBot/1.1; http://www.opensiteexplorer.org/dotbot, help@moz.com)"
208.115.111.66 - - [20/May/2015:14:05:24 -0700] "GET /resorts?resort=aspenheights&date=2014-11-13 HTTP/1.1" 404 476 "-" "Mozilla/5.0 (compatible; DotBot/1.1; http://www.opensiteexplorer.org/dotbot, help@moz.com)"
208.115.111.66 - - [20/May/2015:14:05:25 -0700] "GET /resorts?resort=angelfire&date=2014-10-19 HTTP/1.1" 404 476 "-" "Mozilla/5.0 (compatible; DotBot/1.1; http://www.opensiteexplorer.org/dotbot, help@moz.com)"
208.115.111.66 - - [20/May/2015:14:05:25 -0700] "GET /resorts?resort=49degreesnorth&date=2014-10-09 HTTP/1.1" 404 476 "-" "Mozilla/5.0 (compatible; DotBot/1.1; http://www.opensiteexplorer.org/dotbot, help@moz.com)"
180.76.15.5 - - [20/May/2015:14:06:45 -0700] "GET /robots.txt HTTP/1.1" 200 382 "-" "Mozilla/5.0 (Windows NT 5.1; rv:6.0.2) Gecko/20100101 Firefox/6.0.2"
180.76.15.153 - - [20/May/2015:14:09:23 -0700] "GET / HTTP/1.1" 200 2339 "-" "Mozilla/5.0 (compatible; Baiduspider/2.0; +http://www.baidu.com/search/spider.html)"
170.75.162.130 - - [20/May/2015:14:12:45 -0700] "GET /lib/reccapi.php?resort=angelfire HTTP/1.1" 200 1040 "-" "node-superagent/0.18.2"
208.115.113.83 - - [20/May/2015:14:12:58 -0700] "GET /robots.txt HTTP/1.1" 200 319 "-" "Mozilla/5.0 (compatible; DotBot/1.1; http://www.opensiteexplorer.org/dotbot, help@moz.com)"
170.75.162.130 - - [20/May/2015:14:24:16 -0700] "GET /lib/reccapi.php?resort=coppermountain HTTP/1.1" 200 1059 "-" "node-superagent/0.18.2"
24.205.103.93 - - [20/May/2015:14:32:13 -0700] "GET /images/wsis-logo-sm.png HTTP/1.1" 200 6108 "http://www.thebackcountry.net/" "Mozilla/5.0 (Windows NT 6.1; WOW64) AppleWebKit/537.36 (KHTML, like Gecko) Chrome/42.0.2311.152 Safari/537.36"
69.171.227.112 - - [20/May/2015:14:35:37 -0700] "GET / HTTP/1.1" 200 2376 "-" "facebookexternalhit/1.1 (+http://www.facebook.com/externalhit_uatext.php)"
170.75.162.130 - - [20/May/2015:14:48:38 -0700] "GET /lib/reccapi.php?resort=mountbachelor HTTP/1.1" 200 1086 "-" "node-superagent/0.18.2"
170.75.162.130 - - [20/May/2015:15:00:59 -0700] "GET /lib/reccapi.php?resort=jacksonhole HTTP/1.1" 200 1069 "-" "node-superagent/0.18.2"
170.75.162.130 - - [20/May/2015:15:00:59 -0700] "GET /lib/reccapi.php?resort=bigsky HTTP/1.1" 200 1073 "-" "node-superagent/0.18.2"
184.167.28.79 - - [20/May/2015:15:05:59 -0700] "GET /images/wsis-logo-sm.png HTTP/1.1" 200 6108 "http://www.thebackcountry.net/" "Mozilla/5.0 (Macintosh; Intel Mac OS X 10_6_8) AppleWebKit/537.36 (KHTML, like Gecko) Chrome/42.0.2311.135 Safari/537.36"
66.249.79.1 - - [20/May/2015:15:13:44 -0700] "GET /resorts?resort=remarkables&date=2014-08-29 HTTP/1.1" 404 506 "-" "Mozilla/5.0 (iPhone; CPU iPhone OS 6_0 like Mac OS X) AppleWebKit/536.26 (KHTML, like Gecko) Version/6.0 Mobile/10A5376e Safari/8536.25 (compatible; Googlebot/2.1; +http://www.google.com/bot.html)"
72.47.20.249 - - [20/May/2015:15:15:48 -0700] "GET /images/wsis-logo-sm.png HTTP/1.1" 200 6108 "http://www.thebackcountry.net/" "Mozilla/5.0 (Macintosh; Intel Mac OS X 10_10_3) AppleWebKit/600.6.3 (KHTML, like Gecko) Version/8.0.6 Safari/600.6.3"
180.76.15.146 - - [20/May/2015:15:19:46 -0700] "GET /resorts?resort=parkcity&date=2014-05-31 HTTP/1.1" 404 469 "-" "Mozilla/5.0 (compatible; Baiduspider/2.0; +http://www.baidu.com/search/spider.html)"
208.115.113.83 - - [20/May/2015:15:22:43 -0700] "GET /resorts?resort=whistlerblackcomb HTTP/1.1" 404 476 "-" "Mozilla/5.0 (compatible; DotBot/1.1; http://www.opensiteexplorer.org/dotbot, help@moz.com)"
170.164.249.19 - - [20/May/2015:15:25:01 -0700] "GET /images/wsis-logo-sm.png HTTP/1.1" 200 6108 "http://www.thebackcountry.net/" "Mozilla/5.0 (Windows NT 6.1; WOW64) AppleWebKit/537.36 (KHTML, like Gecko) Chrome/43.0.2357.65 Safari/537.36"
108.228.2.8 - - [20/May/2015:15:32:35 -0700] "GET /images/wsis-logo-sm.png HTTP/1.1" 200 6108 "http://www.thebackcountry.net/" "Mozilla/5.0 (Windows NT 6.1; WOW64) AppleWebKit/537.36 (KHTML, like Gecko) Chrome/44.0.2403.4 Safari/537.36"
206.200.253.205 - - [20/May/2015:15:45:37 -0700] "GET /images/wsis-logo-sm.png HTTP/1.1" 200 6108 "http://www.thebackcountry.net/" "Mozilla/5.0 (Windows NT 6.1; WOW64) AppleWebKit/537.36 (KHTML, like Gecko) Chrome/42.0.2311.152 Safari/537.36"
8.28.16.254 - - [20/May/2015:15:47:06 -0700] "GET / HTTP/1.1" 200 6151 "-" "Mozilla/4.0 (compatible; MSIE 7.0; Windows NT 5.1; InfoPath.1; .NET CLR 2.0.50727; .NET CLR 1.1.4322; MS-RTC LM 8; .NET CLR 3.0.4506.2152; .NET CLR 3.5.30729)"
8.28.16.254 - - [20/May/2015:15:47:06 -0700] "GET / HTTP/1.1" 200 6151 "-" "Mozilla/4.0 (compatible; MSIE 7.0; Windows NT 5.1; InfoPath.1; .NET CLR 2.0.50727; .NET CLR 1.1.4322; MS-RTC LM 8; .NET CLR 3.0.4506.2152; .NET CLR 3.5.30729)"
8.28.16.254 - - [20/May/2015:15:47:06 -0700] "GET / HTTP/1.1" 200 6151 "-" "Mozilla/4.0 (compatible; MSIE 7.0; Windows NT 5.1; InfoPath.1; .NET CLR 2.0.50727; .NET CLR 1.1.4322; MS-RTC LM 8; .NET CLR 3.0.4506.2152; .NET CLR 3.5.30729)"
180.76.15.19 - - [20/May/2015:15:49:46 -0700] "GET /resorts?resort=hoodoo HTTP/1.1" 404 469 "-" "Mozilla/5.0 (compatible; Baiduspider/2.0; +http://www.baidu.com/search/spider.html)"
180.76.15.14 - - [20/May/2015:15:51:23 -0700] "GET /robots.txt HTTP/1.1" 200 382 "-" "Mozilla/5.0 (Windows NT 5.1; rv:6.0.2) Gecko/20100101 Firefox/6.0.2"
180.76.15.14 - - [20/May/2015:15:53:00 -0700] "GET /resorts?resort=alpinemeadows&date=2014-10-04 HTTP/1.1" 404 472 "-" "Mozilla/5.0 (compatible; Baiduspider/2.0; +http://www.baidu.com/search/spider.html)"
12.232.44.226 - - [20/May/2015:15:55:02 -0700] "GET /images/wsis-logo-sm.png HTTP/1.1" 200 6108 "http://www.thebackcountry.net/" "Mozilla/5.0 (compatible; MSIE 10.0; Windows NT 6.1; WOW64; Trident/6.0)"
12.232.44.226 - - [20/May/2015:15:57:19 -0700] "-" 408 0 "-" "-"
170.75.162.130 - - [20/May/2015:15:59:04 -0700] "GET /lib/reccapi.php?resort=redlodge HTTP/1.1" 200 1105 "-" "node-superagent/0.18.2"
170.75.162.130 - - [20/May/2015:15:59:24 -0700] "GET /lib/reccapi.php?resort=grandtarghee HTTP/1.1" 200 1053 "-" "node-superagent/0.18.2"
208.115.111.66 - - [20/May/2015:16:12:17 -0700] "GET /robots.txt HTTP/1.1" 200 319 "-" "Mozilla/5.0 (compatible; DotBot/1.1; http://www.opensiteexplorer.org/dotbot, help@moz.com)"
170.75.162.130 - - [20/May/2015:16:13:25 -0700] "GET /lib/reccapi.php?resort=cannonmountain HTTP/1.1" 200 977 "-" "node-superagent/0.18.2"
170.75.162.130 - - [20/May/2015:16:13:25 -0700] "GET /lib/reccapi.php?resort=sierra-at-tahoe HTTP/1.1" 200 1097 "-" "node-superagent/0.18.2"
170.75.162.130 - - [20/May/2015:16:13:25 -0700] "GET /lib/reccapi.php?resort=wildcatmountain HTTP/1.1" 200 961 "-" "node-superagent/0.18.2"
182.118.53.85 - - [20/May/2015:16:16:30 -0700] "GET / HTTP/1.1" 200 2320 "-" "Mozilla/5.0 (Macintosh; Intel Mac OS X 10_10_1) AppleWebKit/537.36 (KHTML, like Gecko) Chrome/41.0.2251.0 Safari/537.36"
99.41.160.161 - - [20/May/2015:16:42:28 -0700] "GET /images/wsis-logo-sm.png HTTP/1.1" 200 6108 "http://www.thebackcountry.net/" "Mozilla/5.0 (Macintosh; Intel Mac OS X 10_10_3) AppleWebKit/537.36 (KHTML, like Gecko) Chrome/42.0.2311.152 Safari/537.36"
170.75.162.130 - - [20/May/2015:17:02:29 -0700] "GET /lib/reccapi.php?resort=northstar-at-tahoe HTTP/1.1" 200 990 "-" "node-superagent/0.18.2"
71.140.31.214 - - [20/May/2015:17:02:49 -0700] "GET /images/wsis-logo-sm.png HTTP/1.1" 200 6108 "http://thebackcountry.net/" "Mozilla/4.0 (compatible; MSIE 8.0; Windows NT 5.1; Trident/4.0; .NET CLR 2.0.50727; .NET CLR 3.0.4506.2152; .NET CLR 3.5.30729; 786908940603; Build/14.08001)"
66.249.79.1 - - [20/May/2015:17:13:19 -0700] "GET / HTTP/1.1" 200 2376 "-" "Mozilla/5.0 (iPhone; CPU iPhone OS 6_0 like Mac OS X) AppleWebKit/536.26 (KHTML, like Gecko) Version/6.0 Mobile/10A5376e Safari/8536.25 (compatible; Googlebot/2.1; +http://www.google.com/bot.html)"
69.171.227.115 - - [20/May/2015:17:23:03 -0700] "GET / HTTP/1.1" 200 2376 "-" "facebookexternalhit/1.1 (+http://www.facebook.com/externalhit_uatext.php)"
208.115.111.66 - - [20/May/2015:17:23:12 -0700] "GET /resorts?resort=sugarbush&date=2014-06-13 HTTP/1.1" 404 476 "-" "Mozilla/5.0 (compatible; DotBot/1.1; http://www.opensiteexplorer.org/dotbot, help@moz.com)"
180.76.15.156 - - [20/May/2015:17:23:25 -0700] "GET /robots.txt HTTP/1.1" 200 382 "-" "Mozilla/5.0 (Windows NT 5.1; rv:6.0.2) Gecko/20100101 Firefox/6.0.2"
208.115.111.66 - - [20/May/2015:17:23:29 -0700] "GET /resorts?resort=cannonmountain&date=2014-11-15 HTTP/1.1" 404 476 "-" "Mozilla/5.0 (compatible; DotBot/1.1; http://www.opensiteexplorer.org/dotbot, help@moz.com)"
208.115.111.66 - - [20/May/2015:17:23:33 -0700] "GET /resorts?resort=alta&date=2014-11-14 HTTP/1.1" 404 476 "-" "Mozilla/5.0 (compatible; DotBot/1.1; http://www.opensiteexplorer.org/dotbot, help@moz.com)"
208.115.111.66 - - [20/May/2015:17:23:36 -0700] "GET /resorts?resort=sugarbowl&date=2014-10-24 HTTP/1.1" 404 476 "-" "Mozilla/5.0 (compatible; DotBot/1.1; http://www.opensiteexplorer.org/dotbot, help@moz.com)"
208.115.111.66 - - [20/May/2015:17:23:37 -0700] "GET /resorts?resort=brianhead&date=2014-06-30 HTTP/1.1" 404 476 "-" "Mozilla/5.0 (compatible; DotBot/1.1; http://www.opensiteexplorer.org/dotbot, help@moz.com)"
208.115.111.66 - - [20/May/2015:17:23:39 -0700] "GET /resorts?resort=northstar-at-tahoe&date=2014-11-04 HTTP/1.1" 404 476 "-" "Mozilla/5.0 (compatible; DotBot/1.1; http://www.opensiteexplorer.org/dotbot, help@moz.com)"
208.115.111.66 - - [20/May/2015:17:23:40 -0700] "GET /resorts?resort=kirkwood&date=2014-06-12 HTTP/1.1" 404 476 "-" "Mozilla/5.0 (compatible; DotBot/1.1; http://www.opensiteexplorer.org/dotbot, help@moz.com)"
208.115.111.66 - - [20/May/2015:17:23:41 -0700] "GET /resorts?resort=crystalmountain&date=2014-10-28 HTTP/1.1" 404 476 "-" "Mozilla/5.0 (compatible; DotBot/1.1; http://www.opensiteexplorer.org/dotbot, help@moz.com)"
208.115.111.66 - - [20/May/2015:17:23:42 -0700] "GET /resorts?resort=sunvalley&date=2014-11-03 HTTP/1.1" 404 476 "-" "Mozilla/5.0 (compatible; DotBot/1.1; http://www.opensiteexplorer.org/dotbot, help@moz.com)"
98.210.102.93 - - [20/May/2015:17:24:22 -0700] "GET /images/wsis-logo-sm.png HTTP/1.1" 200 6108 "http://www.thebackcountry.net/" "Mozilla/5.0 (Macintosh; Intel Mac OS X 10_10_3) AppleWebKit/600.6.3 (KHTML, like Gecko) Version/8.0.6 Safari/600.6.3"
73.162.207.129 - - [20/May/2015:17:27:15 -0700] "GET /images/wsis-logo-sm.png HTTP/1.1" 200 6108 "http://www.thebackcountry.net/" "Mozilla/5.0 (Windows NT 6.3; WOW64) AppleWebKit/537.36 (KHTML, like Gecko) Chrome/42.0.2311.90 Safari/537.36"
12.146.26.210 - - [20/May/2015:17:37:32 -0700] "GET /images/wsis-logo-sm.png HTTP/1.1" 200 6108 "http://www.thebackcountry.net/" "Mozilla/5.0 (compatible; MSIE 10.0; Windows NT 6.1; Trident/6.0)"
24.32.29.13 - - [20/May/2015:17:43:47 -0700] "GET /images/wsis-logo-sm.png HTTP/1.1" 200 6108 "http://www.thebackcountry.net/" "Mozilla/5.0 (iPad; CPU OS 5_1_1 like Mac OS X) AppleWebKit/534.46 (KHTML, like Gecko) Version/5.1 Mobile/9B206 Safari/7534.48.3"
208.115.111.66 - - [20/May/2015:18:03:38 -0700] "GET /resorts?resort=pomerelle&date=2014-06-18 HTTP/1.1" 404 476 "-" "Mozilla/5.0 (compatible; DotBot/1.1; http://www.opensiteexplorer.org/dotbot, help@moz.com)"
208.115.111.66 - - [20/May/2015:18:03:39 -0700] "GET /resorts?resort=magicmountain&date=2014-10-20 HTTP/1.1" 404 476 "-" "Mozilla/5.0 (compatible; DotBot/1.1; http://www.opensiteexplorer.org/dotbot, help@moz.com)"
208.115.111.66 - - [20/May/2015:18:03:40 -0700] "GET /resorts?resort=losttrailpowdermountain&date=2014-06-11 HTTP/1.1" 404 476 "-" "Mozilla/5.0 (compatible; DotBot/1.1; http://www.opensiteexplorer.org/dotbot, help@moz.com)"
208.115.111.66 - - [20/May/2015:18:03:40 -0700] "GET /resorts?resort=lasvegasskiandsnowboard&date=2014-10-16 HTTP/1.1" 404 476 "-" "Mozilla/5.0 (compatible; DotBot/1.1; http://www.opensiteexplorer.org/dotbot, help@moz.com)"
208.115.111.66 - - [20/May/2015:18:03:41 -0700] "GET /resorts?resort=kimberleyalpine&date=2014-10-12 HTTP/1.1" 404 476 "-" "Mozilla/5.0 (compatible; DotBot/1.1; http://www.opensiteexplorer.org/dotbot, help@moz.com)"
208.115.111.66 - - [20/May/2015:18:03:42 -0700] "GET /resorts?resort=kimberleyalpine&date=2014-06-08 HTTP/1.1" 404 476 "-" "Mozilla/5.0 (compatible; DotBot/1.1; http://www.opensiteexplorer.org/dotbot, help@moz.com)"
208.115.111.66 - - [20/May/2015:18:03:44 -0700] "GET /resorts?resort=hyland HTTP/1.1" 404 476 "-" "Mozilla/5.0 (compatible; DotBot/1.1; http://www.opensiteexplorer.org/dotbot, help@moz.com)"
208.115.111.66 - - [20/May/2015:18:03:44 -0700] "GET /resorts?resort=holidayvalley&date=2014-10-23 HTTP/1.1" 404 476 "-" "Mozilla/5.0 (compatible; DotBot/1.1; http://www.opensiteexplorer.org/dotbot, help@moz.com)"
208.115.111.66 - - [20/May/2015:18:03:45 -0700] "GET /resorts?resort=greatdivide&date=2014-06-30 HTTP/1.1" 404 476 "-" "Mozilla/5.0 (compatible; DotBot/1.1; http://www.opensiteexplorer.org/dotbot, help@moz.com)"
208.115.111.66 - - [20/May/2015:18:03:46 -0700] "GET /resorts?resort=ferniealpine&date=2014-10-02 HTTP/1.1" 404 476 "-" "Mozilla/5.0 (compatible; DotBot/1.1; http://www.opensiteexplorer.org/dotbot, help@moz.com)"
208.115.111.66 - - [20/May/2015:18:03:54 -0700] "GET /resorts?resort=cascademountain HTTP/1.1" 404 476 "-" "Mozilla/5.0 (compatible; DotBot/1.1; http://www.opensiteexplorer.org/dotbot, help@moz.com)"
208.115.111.66 - - [20/May/2015:18:03:56 -0700] "GET /resorts?resort=brundage&date=2014-06-28 HTTP/1.1" 404 476 "-" "Mozilla/5.0 (compatible; DotBot/1.1; http://www.opensiteexplorer.org/dotbot, help@moz.com)"
208.115.111.66 - - [20/May/2015:18:03:56 -0700] "GET /resorts?resort=blacktailmountain&date=2014-10-16 HTTP/1.1" 404 476 "-" "Mozilla/5.0 (compatible; DotBot/1.1; http://www.opensiteexplorer.org/dotbot, help@moz.com)"
208.115.111.66 - - [20/May/2015:18:03:57 -0700] "GET /resorts?resort=whitewater&date=2014-07-03 HTTP/1.1" 404 476 "-" "Mozilla/5.0 (compatible; DotBot/1.1; http://www.opensiteexplorer.org/dotbot, help@moz.com)"
208.115.111.66 - - [20/May/2015:18:03:58 -0700] "GET /resorts?resort=whitepine&date=2014-10-13 HTTP/1.1" 404 476 "-" "Mozilla/5.0 (compatible; DotBot/1.1; http://www.opensiteexplorer.org/dotbot, help@moz.com)"
208.115.111.66 - - [20/May/2015:18:03:58 -0700] "GET /resorts?resort=snoqualmie-alpental&date=2014-06-12 HTTP/1.1" 404 476 "-" "Mozilla/5.0 (compatible; DotBot/1.1; http://www.opensiteexplorer.org/dotbot, help@moz.com)"
208.115.111.66 - - [20/May/2015:18:03:59 -0700] "GET /resorts?resort=skisantafe&date=2014-11-04 HTTP/1.1" 404 476 "-" "Mozilla/5.0 (compatible; DotBot/1.1; http://www.opensiteexplorer.org/dotbot, help@moz.com)"
208.115.111.66 - - [20/May/2015:18:04:00 -0700] "GET /resorts?resort=skicooper&date=2014-10-10 HTTP/1.1" 404 476 "-" "Mozilla/5.0 (compatible; DotBot/1.1; http://www.opensiteexplorer.org/dotbot, help@moz.com)"
208.115.111.66 - - [20/May/2015:18:04:00 -0700] "GET /resorts?resort=redmountain&date=2014-10-14 HTTP/1.1" 404 476 "-" "Mozilla/5.0 (compatible; DotBot/1.1; http://www.opensiteexplorer.org/dotbot, help@moz.com)"
71.201.230.40 - - [20/May/2015:18:09:21 -0700] "GET /images/wsis-logo-sm.png HTTP/1.1" 200 6108 "http://www.thebackcountry.net/" "Mozilla/5.0 (iPhone; CPU iPhone OS 8_3 like Mac OS X) AppleWebKit/600.1.4 (KHTML, like Gecko) Version/8.0 Mobile/12F70 Safari/600.1.4"
208.115.113.83 - - [20/May/2015:18:14:22 -0700] "GET /robots.txt HTTP/1.1" 200 319 "-" "Mozilla/5.0 (compatible; DotBot/1.1; http://www.opensiteexplorer.org/dotbot, help@moz.com)"
170.75.162.130 - - [20/May/2015:18:28:06 -0700] "GET /lib/reccapi.php?resort=snowbird HTTP/1.1" 200 1055 "-" "node-superagent/0.18.2"
54.80.78.133 - - [20/May/2015:18:42:59 -0700] "HEAD / HTTP/1.1" 200 291 "-" "Cloud mapping experiment. Contact research@pdrlabs.net"
170.75.162.130 - - [20/May/2015:18:54:08 -0700] "GET /lib/reccapi.php?resort=alpinemeadows HTTP/1.1" 200 1087 "-" "node-superagent/0.18.2"
170.75.162.130 - - [20/May/2015:18:54:09 -0700] "GET /lib/reccapi.php?resort=diamondpeak HTTP/1.1" 200 966 "-" "node-superagent/0.18.2"
170.75.162.130 - - [20/May/2015:18:54:09 -0700] "GET /lib/reccapi.php?resort=chinapeak HTTP/1.1" 200 1079 "-" "node-superagent/0.18.2"
170.75.162.130 - - [20/May/2015:18:54:09 -0700] "GET /lib/reccapi.php?resort=homewoodmountain HTTP/1.1" 200 1002 "-" "node-superagent/0.18.2"
170.75.162.130 - - [20/May/2015:18:54:09 -0700] "GET /lib/reccapi.php?resort=heavenly HTTP/1.1" 200 1004 "-" "node-superagent/0.18.2"
170.75.162.130 - - [20/May/2015:18:54:09 -0700] "GET /lib/reccapi.php?resort=mountainhigh HTTP/1.1" 200 983 "-" "node-superagent/0.18.2"
170.75.162.130 - - [20/May/2015:18:54:09 -0700] "GET /lib/reccapi.php?resort=kirkwood HTTP/1.1" 200 1103 "-" "node-superagent/0.18.2"
170.75.162.130 - - [20/May/2015:18:54:09 -0700] "GET /lib/reccapi.php?resort=mtrose HTTP/1.1" 200 1018 "-" "node-superagent/0.18.2"
170.75.162.130 - - [20/May/2015:18:54:09 -0700] "GET /lib/reccapi.php?resort=mammothmountain HTTP/1.1" 200 1061 "-" "node-superagent/0.18.2"
170.75.162.130 - - [20/May/2015:18:54:09 -0700] "GET /lib/reccapi.php?resort=squawvalleyusa HTTP/1.1" 200 1003 "-" "node-superagent/0.18.2"
170.75.162.130 - - [20/May/2015:18:54:09 -0700] "GET /lib/reccapi.php?resort=sugarbowl HTTP/1.1" 200 986 "-" "node-superagent/0.18.2"
207.46.13.8 - - [20/May/2015:18:58:35 -0700] "GET /viz/2012-2013-viz.php HTTP/1.1" 404 509 "-" "Mozilla/5.0 (compatible; bingbot/2.0; +http://www.bing.com/bingbot.htm)"
170.75.162.130 - - [20/May/2015:19:00:09 -0700] "GET /lib/reccapi.php?resort=mounthoodmeadows HTTP/1.1" 200 1035 "-" "node-superagent/0.18.2"
66.249.79.3 - - [20/May/2015:19:10:14 -0700] "GET / HTTP/1.1" 200 2376 "-" "Mozilla/5.0 (iPhone; CPU iPhone OS 6_0 like Mac OS X) AppleWebKit/536.26 (KHTML, like Gecko) Version/6.0 Mobile/10A5376e Safari/8536.25 (compatible; Googlebot/2.1; +http://www.google.com/bot.html)"
170.75.162.130 - - [20/May/2015:19:10:30 -0700] "GET /lib/reccapi.php?resort=alta HTTP/1.1" 200 1050 "-" "node-superagent/0.18.2"
70.214.40.183 - - [20/May/2015:19:18:37 -0700] "GET /images/wsis-logo-sm.png HTTP/1.1" 200 6108 "http://www.thebackcountry.net/" "Mozilla/5.0 (Linux; Android 5.0; SM-G900V Build/LRX21T) AppleWebKit/537.36 (KHTML, like Gecko) Chrome/42.0.2311.111 Mobile Safari/537.36"
208.115.113.83 - - [20/May/2015:19:23:09 -0700] "GET /resorts?resort=redlodge&date=2014-11-11 HTTP/1.1" 404 476 "-" "Mozilla/5.0 (compatible; DotBot/1.1; http://www.opensiteexplorer.org/dotbot, help@moz.com)"
208.115.113.83 - - [20/May/2015:19:23:22 -0700] "GET /resorts?resort=stowe&date=2014-11-21 HTTP/1.1" 404 476 "-" "Mozilla/5.0 (compatible; DotBot/1.1; http://www.opensiteexplorer.org/dotbot, help@moz.com)"
208.115.113.83 - - [20/May/2015:19:23:25 -0700] "GET /resorts?resort=cannonmountain&date=2014-09-28 HTTP/1.1" 404 476 "-" "Mozilla/5.0 (compatible; DotBot/1.1; http://www.opensiteexplorer.org/dotbot, help@moz.com)"
208.115.113.83 - - [20/May/2015:19:23:28 -0700] "GET /resorts?resort=49degreesnorth&date=2014-06-28 HTTP/1.1" 404 476 "-" "Mozilla/5.0 (compatible; DotBot/1.1; http://www.opensiteexplorer.org/dotbot, help@moz.com)"
208.115.113.83 - - [20/May/2015:19:23:29 -0700] "GET /resorts?resort=mountainhigh&date=2014-10-24 HTTP/1.1" 404 476 "-" "Mozilla/5.0 (compatible; DotBot/1.1; http://www.opensiteexplorer.org/dotbot, help@moz.com)"
208.115.113.83 - - [20/May/2015:19:23:31 -0700] "GET /resorts?resort=jaypeak&date=2014-10-14 HTTP/1.1" 404 476 "-" "Mozilla/5.0 (compatible; DotBot/1.1; http://www.opensiteexplorer.org/dotbot, help@moz.com)"
