170.75.162.130 - - [28/Mar/2016:09:41:25 -0700] "GET /lib/reccapi.php?resort=snowmass HTTP/1.1" 200 1034 "-" "node-superagent/1.4.0"
170.75.162.130 - - [28/Mar/2016:09:47:25 -0700] "GET /lib/reccapi.php?resort=brianhead HTTP/1.1" 200 1125 "-" "node-superagent/1.4.0"
24.182.17.98 - - [28/Mar/2016:09:49:45 -0700] "GET /images/wsis-logo-sm.png HTTP/1.1" 200 6108 "http://www.thebackcountry.net/" "Mozilla/5.0 (Windows NT 6.3; WOW64) AppleWebKit/537.36 (KHTML, like Gecko) Chrome/49.0.2623.87 Safari/537.36"
96.38.130.178 - - [28/Mar/2016:09:50:33 -0700] "GET /images/wsis-logo-sm.png HTTP/1.1" 200 6108 "http://www.thebackcountry.net/" "Mozilla/5.0 (Windows NT 10.0) AppleWebKit/537.36 (KHTML, like Gecko) Chrome/49.0.2623.87 Safari/537.36"
184.23.232.50 - - [28/Mar/2016:09:51:15 -0700] "GET /images/wsis-logo-sm.png HTTP/1.1" 200 6108 "http://www.thebackcountry.net/" "Mozilla/5.0 (Macintosh; Intel Mac OS X 10_11_4) AppleWebKit/537.36 (KHTML, like Gecko) Chrome/49.0.2623.87 Safari/537.36"
170.75.162.130 - - [28/Mar/2016:09:57:46 -0700] "GET /lib/reccapi.php?resort=chinapeak HTTP/1.1" 200 1077 "-" "node-superagent/1.4.0"
170.75.162.130 - - [28/Mar/2016:09:58:06 -0700] "GET /lib/reccapi.php?resort=snowbasin HTTP/1.1" 200 1034 "-" "node-superagent/1.4.0"
170.75.162.130 - - [28/Mar/2016:09:58:06 -0700] "GET /lib/reccapi.php?resort=mountainhigh HTTP/1.1" 200 1054 "-" "node-superagent/1.4.0"
170.75.162.130 - - [28/Mar/2016:09:58:06 -0700] "GET /lib/reccapi.php?resort=parkcity HTTP/1.1" 200 1074 "-" "node-superagent/1.4.0"
170.75.162.130 - - [28/Mar/2016:09:58:06 -0700] "GET /lib/reccapi.php?resort=jacksonhole HTTP/1.1" 200 1060 "-" "node-superagent/1.4.0"
170.75.162.130 - - [28/Mar/2016:09:58:46 -0700] "GET /lib/reccapi.php?resort=solitude HTTP/1.1" 200 1060 "-" "node-superagent/1.4.0"
170.75.162.130 - - [28/Mar/2016:09:58:56 -0700] "GET /lib/reccapi.php?resort=redlodge HTTP/1.1" 200 1074 "-" "node-superagent/1.4.0"
170.75.162.130 - - [28/Mar/2016:09:59:06 -0700] "GET /lib/reccapi.php?resort=snowbird HTTP/1.1" 200 1065 "-" "node-superagent/1.4.0"
170.75.162.130 - - [28/Mar/2016:09:59:26 -0700] "GET /lib/reccapi.php?resort=deervalley HTTP/1.1" 200 1117 "-" "node-superagent/1.4.0"
63.142.229.98 - - [28/Mar/2016:10:15:56 -0700] "GET /images/wsis-logo-sm.png HTTP/1.1" 200 6108 "http://www.thebackcountry.net/" "Mozilla/5.0 (Windows NT 6.1) AppleWebKit/537.36 (KHTML, like Gecko) Chrome/49.0.2623.87 Safari/537.36"
170.75.162.130 - - [28/Mar/2016:10:25:58 -0700] "GET /lib/reccapi.php?resort=taos HTTP/1.1" 200 956 "-" "node-superagent/1.4.0"
180.76.15.142 - - [28/Mar/2016:10:29:46 -0700] "GET / HTTP/1.1" 200 6995 "-" "Mozilla/5.0 (compatible; Baiduspider/2.0; +http://www.baidu.com/search/spider.html)"
180.76.15.27 - - [28/Mar/2016:10:30:36 -0700] "GET / HTTP/1.1" 200 6995 "-" "Mozilla/5.0 (compatible; Baiduspider/2.0; +http://www.baidu.com/search/spider.html)"
170.75.162.130 - - [28/Mar/2016:10:32:29 -0700] "GET /lib/reccapi.php?resort=alpinemeadows HTTP/1.1" 200 1067 "-" "node-superagent/1.4.0"
170.75.162.130 - - [28/Mar/2016:10:44:10 -0700] "GET /lib/reccapi.php?resort=alta HTTP/1.1" 200 1059 "-" "node-superagent/1.4.0"
66.249.84.173 - - [28/Mar/2016:10:48:33 -0700] "GET /images/wsis-logo-sm.png HTTP/1.1" 200 6108 "http://www.thebackcountry.net/" "Mozilla/5.0 (Linux; Android 5.0; SM-G900V Build/LRX21T) AppleWebKit/537.36 (KHTML, like Gecko) Chrome/49.0.2623.105 Mobile Safari/537.36"
66.249.65.69 - - [28/Mar/2016:10:48:40 -0700] "GET /lib/reccapi.php?resort=mountbachelor&date=2016-01-15 HTTP/1.1" 200 725 "http://whereshouldiski.com/" "Mozilla/5.0 (compatible; Googlebot/2.1; +http://www.google.com/bot.html)"
70.211.72.22 - - [28/Mar/2016:10:52:36 -0700] "GET /images/wsis-logo-sm.png HTTP/1.1" 200 6108 "http://www.thebackcountry.net/" "Mozilla/5.0 (iPhone; CPU iPhone OS 9_1 like Mac OS X) AppleWebKit/601.1.46 (KHTML, like Gecko) Version/9.0 Mobile/13B143 Safari/601.1"
66.249.65.69 - - [28/Mar/2016:10:53:47 -0700] "GET /lib/reccapi.php?resort=mountbachelor&date=2016-03-15 HTTP/1.1" 200 1115 "http://whereshouldiski.com/" "Mozilla/5.0 (compatible; Googlebot/2.1; +http://www.google.com/bot.html)"
66.249.65.72 - - [28/Mar/2016:10:53:48 -0700] "GET /lib/resortDataSearchD3.php?size=7&sortDate=T&resort=mountbachelor&dateStart=2016-03-13 HTTP/1.1" 200 884 "http://whereshouldiski.com/" "Mozilla/5.0 (compatible; Googlebot/2.1; +http://www.google.com/bot.html)"
66.249.65.66 - - [28/Mar/2016:10:53:48 -0700] "GET /lib/reccapi.php?fields=t&date=2016-03-15&coords=43.99%2C-121.68&size=7&sort=distance HTTP/1.1" 200 1368 "http://whereshouldiski.com/" "Mozilla/5.0 (compatible; Googlebot/2.1; +http://www.google.com/bot.html)"
70.213.1.39 - - [28/Mar/2016:10:54:38 -0700] "GET /images/wsis-logo-sm.png HTTP/1.1" 200 6108 "http://www.thebackcountry.net/" "Mozilla/5.0 (iPhone; CPU iPhone OS 9_3 like Mac OS X) AppleWebKit/601.1.46 (KHTML, like Gecko) Version/9.0 Mobile/13E234 Safari/601.1"
180.76.15.14 - - [28/Mar/2016:10:55:45 -0700] "GET / HTTP/1.1" 200 2578 "-" "Mozilla/5.0 (compatible; Baiduspider/2.0; +http://www.baidu.com/search/spider.html)"
170.75.162.130 - - [28/Mar/2016:11:06:52 -0700] "GET /lib/reccapi.php?resort=homewoodmountain HTTP/1.1" 200 1072 "-" "node-superagent/1.4.0"
77.231.205.184 - - [28/Mar/2016:11:08:33 -0700] "GET / HTTP/1.1" 200 2615 "http://www.earnyourturns.com/32672/review-volkls-vta88/" "Mozilla/5.0 (Windows NT 6.0; rv:45.0) Gecko/20100101 Firefox/45.0"
77.231.205.184 - - [28/Mar/2016:11:08:33 -0700] "GET /styles/ee08faa9.main.css HTTP/1.1" 200 19446 "http://whereshouldiski.com/" "Mozilla/5.0 (Windows NT 6.0; rv:45.0) Gecko/20100101 Firefox/45.0"
77.231.205.184 - - [28/Mar/2016:11:08:33 -0700] "GET /scripts/scripts/vendor/modernizr.js HTTP/1.1" 200 4903 "http://whereshouldiski.com/" "Mozilla/5.0 (Windows NT 6.0; rv:45.0) Gecko/20100101 Firefox/45.0"
77.231.205.184 - - [28/Mar/2016:11:08:33 -0700] "GET /bower_components/requirejs/require.js HTTP/1.1" 200 6702 "http://whereshouldiski.com/" "Mozilla/5.0 (Windows NT 6.0; rv:45.0) Gecko/20100101 Firefox/45.0"
77.231.205.184 - - [28/Mar/2016:11:08:34 -0700] "GET /images/loading.gif HTTP/1.1" 200 13881 "http://whereshouldiski.com/" "Mozilla/5.0 (Windows NT 6.0; rv:45.0) Gecko/20100101 Firefox/45.0"
77.231.205.184 - - [28/Mar/2016:11:08:34 -0700] "GET /images/logo-square-white-sm.png HTTP/1.1" 200 1683 "http://whereshouldiski.com/" "Mozilla/5.0 (Windows NT 6.0; rv:45.0) Gecko/20100101 Firefox/45.0"
77.231.205.184 - - [28/Mar/2016:11:08:35 -0700] "GET /scripts/fa48e319.main.js HTTP/1.1" 200 123455 "http://whereshouldiski.com/" "Mozilla/5.0 (Windows NT 6.0; rv:45.0) Gecko/20100101 Firefox/45.0"
77.231.205.184 - - [28/Mar/2016:11:08:37 -0700] "GET /favicon.ico HTTP/1.1" 200 4612 "-" "Mozilla/5.0 (Windows NT 6.0; rv:45.0) Gecko/20100101 Firefox/45.0"
77.231.205.184 - - [28/Mar/2016:11:08:37 -0700] "GET /images/greyHeader.png HTTP/1.1" 200 508 "http://whereshouldiski.com/styles/ee08faa9.main.css" "Mozilla/5.0 (Windows NT 6.0; rv:45.0) Gecko/20100101 Firefox/45.0"
77.231.205.184 - - [28/Mar/2016:11:08:37 -0700] "GET /lib/reccapi.php?fields=t HTTP/1.1" 200 1949 "http://whereshouldiski.com/" "Mozilla/5.0 (Windows NT 6.0; rv:45.0) Gecko/20100101 Firefox/45.0"
77.231.205.184 - - [28/Mar/2016:11:08:38 -0700] "GET /images/snowflake5.png HTTP/1.1" 200 2857 "http://whereshouldiski.com/styles/ee08faa9.main.css" "Mozilla/5.0 (Windows NT 6.0; rv:45.0) Gecko/20100101 Firefox/45.0"
77.231.205.184 - - [28/Mar/2016:11:08:38 -0700] "GET /images/star5.png HTTP/1.1" 200 1783 "http://whereshouldiski.com/styles/ee08faa9.main.css" "Mozilla/5.0 (Windows NT 6.0; rv:45.0) Gecko/20100101 Firefox/45.0"
77.231.205.184 - - [28/Mar/2016:11:08:38 -0700] "GET /images/bluebird5.png HTTP/1.1" 200 2177 "http://whereshouldiski.com/styles/ee08faa9.main.css" "Mozilla/5.0 (Windows NT 6.0; rv:45.0) Gecko/20100101 Firefox/45.0"
77.231.205.184 - - [28/Mar/2016:11:08:38 -0700] "GET /images/mtns-icon.png HTTP/1.1" 200 1097 "http://whereshouldiski.com/styles/ee08faa9.main.css" "Mozilla/5.0 (Windows NT 6.0; rv:45.0) Gecko/20100101 Firefox/45.0"
77.231.205.184 - - [28/Mar/2016:11:08:38 -0700] "GET /images/shading-icon.png HTTP/1.1" 200 537 "http://whereshouldiski.com/styles/ee08faa9.main.css" "Mozilla/5.0 (Windows NT 6.0; rv:45.0) Gecko/20100101 Firefox/45.0"
127.0.0.1 - - [28/Mar/2016:11:08:44 -0700] "OPTIONS * HTTP/1.0" 200 126 "-" "Apache/2.2.22 (Ubuntu) (internal dummy connection)"
127.0.0.1 - - [28/Mar/2016:11:08:45 -0700] "OPTIONS * HTTP/1.0" 200 126 "-" "Apache/2.2.22 (Ubuntu) (internal dummy connection)"
77.231.205.184 - - [28/Mar/2016:11:09:57 -0700] "GET /lib/reccapi.php?fields=t&region=Rockies HTTP/1.1" 200 1694 "http://whereshouldiski.com/" "Mozilla/5.0 (Windows NT 6.0; rv:45.0) Gecko/20100101 Firefox/45.0"
77.231.205.184 - - [28/Mar/2016:11:09:57 -0700] "GET /images/greenHeader.png HTTP/1.1" 200 508 "http://whereshouldiski.com/styles/ee08faa9.main.css" "Mozilla/5.0 (Windows NT 6.0; rv:45.0) Gecko/20100101 Firefox/45.0"
77.231.205.184 - - [28/Mar/2016:11:09:59 -0700] "GET /lib/reccapi.php?fields=t HTTP/1.1" 200 1949 "http://whereshouldiski.com/" "Mozilla/5.0 (Windows NT 6.0; rv:45.0) Gecko/20100101 Firefox/45.0"
77.231.205.184 - - [28/Mar/2016:11:10:02 -0700] "GET /lib/reccapi.php?fields=t&region=BritishColumbia HTTP/1.1" 200 1270 "http://whereshouldiski.com/" "Mozilla/5.0 (Windows NT 6.0; rv:45.0) Gecko/20100101 Firefox/45.0"
77.231.205.184 - - [28/Mar/2016:11:10:43 -0700] "GET /lib/reccapi.php?fields=t HTTP/1.1" 200 1950 "http://whereshouldiski.com/" "Mozilla/5.0 (Windows NT 6.0; rv:45.0) Gecko/20100101 Firefox/45.0"
77.231.205.184 - - [28/Mar/2016:11:10:49 -0700] "GET /lib/reccapi.php?fields=t&region=Chile HTTP/1.1" 200 704 "http://whereshouldiski.com/" "Mozilla/5.0 (Windows NT 6.0; rv:45.0) Gecko/20100101 Firefox/45.0"
77.231.205.184 - - [28/Mar/2016:11:11:00 -0700] "GET /lib/reccapi.php?fields=t HTTP/1.1" 200 1950 "http://whereshouldiski.com/" "Mozilla/5.0 (Windows NT 6.0; rv:45.0) Gecko/20100101 Firefox/45.0"
77.231.205.184 - - [28/Mar/2016:11:11:11 -0700] "GET /lib/reccapi.php?fields=t&region=New+Zealand HTTP/1.1" 200 939 "http://whereshouldiski.com/" "Mozilla/5.0 (Windows NT 6.0; rv:45.0) Gecko/20100101 Firefox/45.0"
52.37.1.176 - - [28/Mar/2016:11:19:43 -0700] "GET /images/wsis-logo-sm.png HTTP/1.1" 200 6108 "http://thebackcountry.net/" "Mozilla/5.0 (Macintosh; Intel Mac OS X 10_11_3) AppleWebKit/601.4.4 (KHTML, like Gecko) Version/9.0.3 Safari/601.4.4"
50.22.158.104 - - [28/Mar/2016:11:20:09 -0700] "GET / HTTP/1.1" 200 2559 "-" "Mozilla/5.0 (compatible, MSIE 11, Windows NT 6.3; Trident/7.0; rv:11.0) like Gecko"
17.206.47.191 - - [28/Mar/2016:11:24:00 -0700] "GET /images/wsis-logo-sm.png HTTP/1.1" 200 6108 "http://www.thebackcountry.net/" "Mozilla/5.0 (Macintosh; Intel Mac OS X 10_11_4) AppleWebKit/601.5.17 (KHTML, like Gecko) Version/9.1 Safari/601.5.17"
180.76.15.156 - - [28/Mar/2016:11:32:33 -0700] "GET / HTTP/1.1" 200 6995 "-" "Mozilla/5.0 (compatible; Baiduspider/2.0; +http://www.baidu.com/search/spider.html)"
180.76.15.31 - - [28/Mar/2016:11:33:27 -0700] "GET / HTTP/1.1" 200 6995 "-" "Mozilla/5.0 (compatible; Baiduspider/2.0; +http://www.baidu.com/search/spider.html)"
170.75.162.130 - - [28/Mar/2016:11:34:14 -0700] "GET /lib/reccapi.php?resort=sierra-at-tahoe HTTP/1.1" 200 1043 "-" "node-superagent/1.4.0"
8.21.180.41 - - [28/Mar/2016:11:47:04 -0700] "GET /images/wsis-logo-sm.png HTTP/1.1" 200 6108 "http://www.thebackcountry.net/" "Mozilla/5.0 (iPhone; CPU iPhone OS 9_0_2 like Mac OS X) AppleWebKit/601.1.46 (KHTML, like Gecko) Version/9.0 Mobile/13A452 Safari/601.1"
15.203.233.86 - - [28/Mar/2016:11:58:05 -0700] "GET /images/wsis-logo-sm.png HTTP/1.1" 200 6108 "http://www.thebackcountry.net/" "Mozilla/5.0 (Windows NT 6.3; WOW64) AppleWebKit/537.36 (KHTML, like Gecko) Chrome/49.0.2623.87 Safari/537.36"
52.37.204.143 - - [28/Mar/2016:11:58:07 -0700] "GET / HTTP/1.1" 200 2615 "-" "Mozilla/5.0 (Macintosh; Intel Mac OS X 10_11_3) AppleWebKit/601.4.4 (KHTML, like Gecko) Version/9.0.3 Safari/601.4.4"
52.37.204.143 - - [28/Mar/2016:11:58:07 -0700] "GET /scripts/scripts/vendor/modernizr.js HTTP/1.1" 200 4903 "http://whereshouldiski.com/" "Mozilla/5.0 (Macintosh; Intel Mac OS X 10_11_3) AppleWebKit/601.4.4 (KHTML, like Gecko) Version/9.0.3 Safari/601.4.4"
52.37.204.143 - - [28/Mar/2016:11:58:07 -0700] "GET /bower_components/requirejs/require.js HTTP/1.1" 200 6702 "http://whereshouldiski.com/" "Mozilla/5.0 (Macintosh; Intel Mac OS X 10_11_3) AppleWebKit/601.4.4 (KHTML, like Gecko) Version/9.0.3 Safari/601.4.4"
52.37.204.143 - - [28/Mar/2016:11:58:07 -0700] "GET /styles/ee08faa9.main.css HTTP/1.1" 200 19446 "http://whereshouldiski.com/" "Mozilla/5.0 (Macintosh; Intel Mac OS X 10_11_3) AppleWebKit/601.4.4 (KHTML, like Gecko) Version/9.0.3 Safari/601.4.4"
52.37.204.143 - - [28/Mar/2016:11:58:07 -0700] "GET /images/loading.gif HTTP/1.1" 200 13881 "http://whereshouldiski.com/" "Mozilla/5.0 (Macintosh; Intel Mac OS X 10_11_3) AppleWebKit/601.4.4 (KHTML, like Gecko) Version/9.0.3 Safari/601.4.4"
52.37.204.143 - - [28/Mar/2016:11:58:07 -0700] "GET /images/logo-square-white-sm.png HTTP/1.1" 200 1683 "http://whereshouldiski.com/" "Mozilla/5.0 (Macintosh; Intel Mac OS X 10_11_3) AppleWebKit/601.4.4 (KHTML, like Gecko) Version/9.0.3 Safari/601.4.4"
52.37.204.143 - - [28/Mar/2016:11:58:07 -0700] "GET /scripts/fa48e319.main.js HTTP/1.1" 200 123455 "http://whereshouldiski.com/" "Mozilla/5.0 (Macintosh; Intel Mac OS X 10_11_3) AppleWebKit/601.4.4 (KHTML, like Gecko) Version/9.0.3 Safari/601.4.4"
52.37.204.143 - - [28/Mar/2016:11:58:07 -0700] "GET /lib/reccapi.php?fields=t HTTP/1.1" 200 1949 "http://whereshouldiski.com/" "Mozilla/5.0 (Macintosh; Intel Mac OS X 10_11_3) AppleWebKit/601.4.4 (KHTML, like Gecko) Version/9.0.3 Safari/601.4.4"
52.37.204.143 - - [28/Mar/2016:11:58:07 -0700] "GET /images/greyHeader.png HTTP/1.1" 200 508 "http://whereshouldiski.com/" "Mozilla/5.0 (Macintosh; Intel Mac OS X 10_11_3) AppleWebKit/601.4.4 (KHTML, like Gecko) Version/9.0.3 Safari/601.4.4"
52.37.204.143 - - [28/Mar/2016:11:58:07 -0700] "GET /images/button.png HTTP/1.1" 200 598 "http://whereshouldiski.com/" "Mozilla/5.0 (Macintosh; Intel Mac OS X 10_11_3) AppleWebKit/601.4.4 (KHTML, like Gecko) Version/9.0.3 Safari/601.4.4"
52.37.204.143 - - [28/Mar/2016:11:58:07 -0700] "GET /images/star5.png HTTP/1.1" 200 1783 "http://whereshouldiski.com/" "Mozilla/5.0 (Macintosh; Intel Mac OS X 10_11_3) AppleWebKit/601.4.4 (KHTML, like Gecko) Version/9.0.3 Safari/601.4.4"
52.37.204.143 - - [28/Mar/2016:11:58:07 -0700] "GET /images/bluebird5.png HTTP/1.1" 200 2177 "http://whereshouldiski.com/" "Mozilla/5.0 (Macintosh; Intel Mac OS X 10_11_3) AppleWebKit/601.4.4 (KHTML, like Gecko) Version/9.0.3 Safari/601.4.4"
52.37.204.143 - - [28/Mar/2016:11:58:07 -0700] "GET /images/snowflake5.png HTTP/1.1" 200 2857 "http://whereshouldiski.com/" "Mozilla/5.0 (Macintosh; Intel Mac OS X 10_11_3) AppleWebKit/601.4.4 (KHTML, like Gecko) Version/9.0.3 Safari/601.4.4"
52.37.204.143 - - [28/Mar/2016:11:58:07 -0700] "GET /images/mtns-icon.png HTTP/1.1" 200 1096 "http://whereshouldiski.com/" "Mozilla/5.0 (Macintosh; Intel Mac OS X 10_11_3) AppleWebKit/601.4.4 (KHTML, like Gecko) Version/9.0.3 Safari/601.4.4"
52.37.204.143 - - [28/Mar/2016:11:58:07 -0700] "GET /images/shading-icon.png HTTP/1.1" 200 536 "http://whereshouldiski.com/" "Mozilla/5.0 (Macintosh; Intel Mac OS X 10_11_3) AppleWebKit/601.4.4 (KHTML, like Gecko) Version/9.0.3 Safari/601.4.4"
75.111.107.49 - - [28/Mar/2016:12:11:08 -0700] "GET /images/wsis-logo-sm.png HTTP/1.1" 200 6108 "http://www.thebackcountry.net/" "Mozilla/5.0 (Macintosh; Intel Mac OS X 10_11_4) AppleWebKit/537.36 (KHTML, like Gecko) Chrome/49.0.2623.87 Safari/537.36"
108.171.135.168 - - [28/Mar/2016:12:27:05 -0700] "GET /images/wsis-logo-sm.png HTTP/1.1" 200 6108 "http://www.thebackcountry.net/" "Mozilla/5.0 (Windows NT 6.1; Trident/7.0;  rv:11.0) like Gecko"
66.249.65.69 - - [28/Mar/2016:12:27:54 -0700] "GET /lib/reccapi.php?resort=kirkwood&date=2016-01-24 HTTP/1.1" 200 1100 "http://whereshouldiski.com/" "Mozilla/5.0 (compatible; Googlebot/2.1; +http://www.google.com/bot.html)"
66.249.65.69 - - [28/Mar/2016:12:27:55 -0700] "GET /lib/reccapi.php?fields=t&date=2016-01-24&coords=38.68%2C-120&size=7&sort=distance HTTP/1.1" 200 1373 "http://whereshouldiski.com/" "Mozilla/5.0 (compatible; Googlebot/2.1; +http://www.google.com/bot.html)"
180.76.15.158 - - [28/Mar/2016:12:32:12 -0700] "GET / HTTP/1.1" 200 6995 "-" "Mozilla/5.0 (compatible; Baiduspider/2.0; +http://www.baidu.com/search/spider.html)"
180.76.15.150 - - [28/Mar/2016:12:33:06 -0700] "GET / HTTP/1.1" 200 6995 "-" "Mozilla/5.0 (compatible; Baiduspider/2.0; +http://www.baidu.com/search/spider.html)"
217.251.250.208 - - [28/Mar/2016:12:38:36 -0700] "GET / HTTP/1.1" 200 2615 "http://www.earnyourturns.com/33505/scarpa-scott-drop-heel-inserts-on-ntn-boots/" "Mozilla/5.0 (iPad; CPU OS 9_2_1 like Mac OS X) AppleWebKit/601.1.46 (KHTML, like Gecko) Version/9.0 Mobile/13D15 Safari/601.1"
217.251.250.208 - - [28/Mar/2016:12:38:36 -0700] "GET /styles/ee08faa9.main.css HTTP/1.1" 200 19446 "http://whereshouldiski.com/" "Mozilla/5.0 (iPad; CPU OS 9_2_1 like Mac OS X) AppleWebKit/601.1.46 (KHTML, like Gecko) Version/9.0 Mobile/13D15 Safari/601.1"
217.251.250.208 - - [28/Mar/2016:12:38:36 -0700] "GET /scripts/scripts/vendor/modernizr.js HTTP/1.1" 200 4903 "http://whereshouldiski.com/" "Mozilla/5.0 (iPad; CPU OS 9_2_1 like Mac OS X) AppleWebKit/601.1.46 (KHTML, like Gecko) Version/9.0 Mobile/13D15 Safari/601.1"
217.251.250.208 - - [28/Mar/2016:12:38:37 -0700] "GET /bower_components/requirejs/require.js HTTP/1.1" 200 6702 "http://whereshouldiski.com/" "Mozilla/5.0 (iPad; CPU OS 9_2_1 like Mac OS X) AppleWebKit/601.1.46 (KHTML, like Gecko) Version/9.0 Mobile/13D15 Safari/601.1"
217.251.250.208 - - [28/Mar/2016:12:38:37 -0700] "GET /images/loading.gif HTTP/1.1" 200 13882 "http://whereshouldiski.com/" "Mozilla/5.0 (iPad; CPU OS 9_2_1 like Mac OS X) AppleWebKit/601.1.46 (KHTML, like Gecko) Version/9.0 Mobile/13D15 Safari/601.1"
217.251.250.208 - - [28/Mar/2016:12:38:37 -0700] "GET /images/logo-square-white-sm.png HTTP/1.1" 200 1684 "http://whereshouldiski.com/" "Mozilla/5.0 (iPad; CPU OS 9_2_1 like Mac OS X) AppleWebKit/601.1.46 (KHTML, like Gecko) Version/9.0 Mobile/13D15 Safari/601.1"
217.251.250.208 - - [28/Mar/2016:12:38:37 -0700] "GET /scripts/fa48e319.main.js HTTP/1.1" 200 123455 "http://whereshouldiski.com/" "Mozilla/5.0 (iPad; CPU OS 9_2_1 like Mac OS X) AppleWebKit/601.1.46 (KHTML, like Gecko) Version/9.0 Mobile/13D15 Safari/601.1"
217.251.250.208 - - [28/Mar/2016:12:38:38 -0700] "GET /lib/reccapi.php?fields=t HTTP/1.1" 200 1949 "http://whereshouldiski.com/" "Mozilla/5.0 (iPad; CPU OS 9_2_1 like Mac OS X) AppleWebKit/601.1.46 (KHTML, like Gecko) Version/9.0 Mobile/13D15 Safari/601.1"
217.251.250.208 - - [28/Mar/2016:12:38:38 -0700] "GET /images/button.png HTTP/1.1" 200 598 "http://whereshouldiski.com/" "Mozilla/5.0 (iPad; CPU OS 9_2_1 like Mac OS X) AppleWebKit/601.1.46 (KHTML, like Gecko) Version/9.0 Mobile/13D15 Safari/601.1"
217.251.250.208 - - [28/Mar/2016:12:38:38 -0700] "GET /images/greyHeader.png HTTP/1.1" 200 508 "http://whereshouldiski.com/" "Mozilla/5.0 (iPad; CPU OS 9_2_1 like Mac OS X) AppleWebKit/601.1.46 (KHTML, like Gecko) Version/9.0 Mobile/13D15 Safari/601.1"
217.251.250.208 - - [28/Mar/2016:12:38:39 -0700] "GET /images/snowflake5.png HTTP/1.1" 200 2857 "http://whereshouldiski.com/" "Mozilla/5.0 (iPad; CPU OS 9_2_1 like Mac OS X) AppleWebKit/601.1.46 (KHTML, like Gecko) Version/9.0 Mobile/13D15 Safari/601.1"
217.251.250.208 - - [28/Mar/2016:12:38:39 -0700] "GET /images/star5.png HTTP/1.1" 200 1783 "http://whereshouldiski.com/" "Mozilla/5.0 (iPad; CPU OS 9_2_1 like Mac OS X) AppleWebKit/601.1.46 (KHTML, like Gecko) Version/9.0 Mobile/13D15 Safari/601.1"
217.251.250.208 - - [28/Mar/2016:12:38:39 -0700] "GET /images/bluebird5.png HTTP/1.1" 200 2177 "http://whereshouldiski.com/" "Mozilla/5.0 (iPad; CPU OS 9_2_1 like Mac OS X) AppleWebKit/601.1.46 (KHTML, like Gecko) Version/9.0 Mobile/13D15 Safari/601.1"
217.251.250.208 - - [28/Mar/2016:12:38:39 -0700] "GET /images/mtns-icon.png HTTP/1.1" 200 1096 "http://whereshouldiski.com/" "Mozilla/5.0 (iPad; CPU OS 9_2_1 like Mac OS X) AppleWebKit/601.1.46 (KHTML, like Gecko) Version/9.0 Mobile/13D15 Safari/601.1"
217.251.250.208 - - [28/Mar/2016:12:38:39 -0700] "GET /images/shading-icon.png HTTP/1.1" 200 536 "http://whereshouldiski.com/" "Mozilla/5.0 (iPad; CPU OS 9_2_1 like Mac OS X) AppleWebKit/601.1.46 (KHTML, like Gecko) Version/9.0 Mobile/13D15 Safari/601.1"
206.190.72.205 - - [28/Mar/2016:12:41:25 -0700] "GET /images/wsis-logo-sm.png HTTP/1.1" 200 6108 "http://thebackcountry.net/" "Mozilla/5.0 (Windows NT 6.1; WOW64) AppleWebKit/537.36 (KHTML, like Gecko) Chrome/49.0.2623.87 Safari/537.36"
73.241.112.85 - - [28/Mar/2016:12:44:11 -0700] "GET /images/wsis-logo-sm.png HTTP/1.1" 200 6108 "http://www.thebackcountry.net/" "Mozilla/5.0 (Macintosh; Intel Mac OS X 10_6_8) AppleWebKit/537.36 (KHTML, like Gecko) Chrome/49.0.2623.87 Safari/537.36"
73.15.120.37 - - [28/Mar/2016:12:59:27 -0700] "GET /images/wsis-logo-sm.png HTTP/1.1" 200 6108 "http://www.thebackcountry.net/" "Mozilla/5.0 (Macintosh; Intel Mac OS X 10_10_5) AppleWebKit/537.36 (KHTML, like Gecko) Chrome/49.0.2623.87 Safari/537.36"
207.46.13.36 - - [28/Mar/2016:13:11:55 -0700] "GET /resorts?resort=silverstarmountain HTTP/1.1" 404 506 "-" "Mozilla/5.0 (compatible; bingbot/2.0; +http://www.bing.com/bingbot.htm)"
207.46.13.36 - - [28/Mar/2016:13:11:55 -0700] "GET /resorts?resort=deervalley HTTP/1.1" 404 505 "-" "Mozilla/5.0 (compatible; bingbot/2.0; +http://www.bing.com/bingbot.htm)"
40.77.167.73 - - [28/Mar/2016:13:12:04 -0700] "GET / HTTP/1.1" 200 2615 "-" "Mozilla/5.0 (compatible; bingbot/2.0; +http://www.bing.com/bingbot.htm)"
170.75.162.130 - - [28/Mar/2016:13:15:03 -0700] "GET /lib/reccapi.php?resort=mountspokane HTTP/1.1" 200 1079 "-" "node-superagent/1.4.0"
40.77.167.73 - - [28/Mar/2016:13:17:19 -0700] "GET /robots.txt HTTP/1.1" 200 375 "-" "Mozilla/5.0 (compatible; bingbot/2.0; +http://www.bing.com/bingbot.htm)"
40.77.167.73 - - [28/Mar/2016:13:18:01 -0700] "GET / HTTP/1.1" 200 2615 "-" "Mozilla/5.0 (compatible; bingbot/2.0; +http://www.bing.com/bingbot.htm)"
162.227.137.177 - - [28/Mar/2016:13:25:33 -0700] "GET /images/wsis-logo-sm.png HTTP/1.1" 200 6108 "http://www.thebackcountry.net/" "Mozilla/5.0 (Windows NT 6.1; WOW64; Trident/7.0; rv:11.0) like Gecko"
162.227.137.177 - - [28/Mar/2016:13:25:55 -0700] "-" 408 0 "-" "-"
54.67.110.252 - - [28/Mar/2016:13:30:11 -0700] "GET /wp-login.php HTTP/1.1" 404 532 "-" "Opera/9.80 (Windows NT 5.1; U; ru) Presto/2.9.168 Version/11.50"
180.76.15.135 - - [28/Mar/2016:13:31:43 -0700] "GET / HTTP/1.1" 200 6995 "-" "Mozilla/5.0 (compatible; Baiduspider/2.0; +http://www.baidu.com/search/spider.html)"
170.75.162.130 - - [28/Mar/2016:13:31:55 -0700] "GET /lib/reccapi.php?resort=alyeska HTTP/1.1" 200 968 "-" "node-superagent/1.4.0"
180.76.15.153 - - [28/Mar/2016:13:32:37 -0700] "GET / HTTP/1.1" 200 6995 "-" "Mozilla/5.0 (compatible; Baiduspider/2.0; +http://www.baidu.com/search/spider.html)"
66.249.65.66 - - [28/Mar/2016:13:37:03 -0700] "GET /lib/reccapi.php?resort=loveland&date=2016-03-20 HTTP/1.1" 200 1050 "http://whereshouldiski.com/" "Mozilla/5.0 (compatible; Googlebot/2.1; +http://www.google.com/bot.html)"
66.249.65.66 - - [28/Mar/2016:13:37:04 -0700] "GET /lib/resortDataSearchD3.php?size=7&sortDate=T&resort=loveland&dateStart=2016-03-18 HTTP/1.1" 200 871 "http://whereshouldiski.com/" "Mozilla/5.0 (compatible; Googlebot/2.1; +http://www.google.com/bot.html)"
66.249.65.72 - - [28/Mar/2016:13:37:05 -0700] "GET /lib/reccapi.php?fields=t&date=2016-03-20&coords=39.67%2C-105.9&size=7&sort=distance HTTP/1.1" 200 1329 "http://whereshouldiski.com/" "Mozilla/5.0 (compatible; Googlebot/2.1; +http://www.google.com/bot.html)"
166.137.242.60 - - [28/Mar/2016:13:37:22 -0700] "GET /images/wsis-logo-sm.png HTTP/1.1" 200 6108 "http://www.thebackcountry.net/" "Mozilla/5.0 (iPhone; CPU iPhone OS 9_2_1 like Mac OS X) AppleWebKit/601.1.46 (KHTML, like Gecko) Version/9.0 Mobile/13D20 Safari/601.1"
47.208.176.144 - - [28/Mar/2016:13:47:50 -0700] "GET /images/wsis-logo-sm.png HTTP/1.1" 200 6108 "http://thebackcountry.net/" "Mozilla/5.0 (X11; Linux x86_64) AppleWebKit/537.36 (KHTML, like Gecko) Chrome/49.0.2623.108 Safari/537.36"
170.75.162.130 - - [28/Mar/2016:13:48:56 -0700] "GET /lib/reccapi.php?resort=kirkwood HTTP/1.1" 200 1073 "-" "node-superagent/1.4.0"
47.208.176.144 - - [28/Mar/2016:13:49:23 -0700] "GET /images/wsis-logo-sm.png HTTP/1.1" 200 6108 "http://thebackcountry.net/" "Mozilla/5.0 (X11; Linux x86_64) AppleWebKit/537.36 (KHTML, like Gecko) Chrome/49.0.2623.108 Safari/537.36"
170.75.162.130 - - [28/Mar/2016:13:49:37 -0700] "GET /lib/reccapi.php?resort=bigwhite HTTP/1.1" 200 927 "-" "node-superagent/1.4.0"
166.137.242.118 - - [28/Mar/2016:13:55:06 -0700] "GET /images/wsis-logo-sm.png HTTP/1.1" 200 6108 "http://www.thebackcountry.net/" "Mozilla/5.0 (iPhone; CPU iPhone OS 9_3 like Mac OS X) AppleWebKit/601.1.46 (KHTML, like Gecko) Version/9.0 Mobile/13E234 Safari/601.1"
66.249.65.69 - - [28/Mar/2016:13:56:25 -0700] "GET /lib/reccapi.php?resort=whistlerblackcomb&date=2015-12-15 HTTP/1.1" 200 725 "http://whereshouldiski.com/" "Mozilla/5.0 (compatible; Googlebot/2.1; +http://www.google.com/bot.html)"
170.75.162.130 - - [28/Mar/2016:13:57:57 -0700] "GET /lib/reccapi.php?resort=sugarbowl HTTP/1.1" 200 1049 "-" "node-superagent/1.4.0"
170.75.162.130 - - [28/Mar/2016:13:58:48 -0700] "GET /lib/reccapi.php?resort=crystalmountain HTTP/1.1" 200 1049 "-" "node-superagent/1.4.0"
173.228.63.70 - - [28/Mar/2016:13:59:36 -0700] "GET /images/wsis-logo-sm.png HTTP/1.1" 200 6108 "http://www.thebackcountry.net/" "Mozilla/5.0 (Windows NT 6.1; WOW64; rv:45.0) Gecko/20100101 Firefox/45.0"
47.208.176.144 - - [28/Mar/2016:14:00:51 -0700] "-" 408 0 "-" "-"
47.208.176.144 - - [28/Mar/2016:14:02:47 -0700] "GET /images/wsis-logo-sm.png HTTP/1.1" 304 187 "http://thebackcountry.net/" "Mozilla/5.0 (X11; Linux x86_64) AppleWebKit/537.36 (KHTML, like Gecko) Chrome/49.0.2623.108 Safari/537.36"
50.193.47.49 - - [28/Mar/2016:14:06:24 -0700] "GET /images/wsis-logo-sm.png HTTP/1.1" 304 187 "http://www.thebackcountry.net/" "Mozilla/5.0 (Windows NT 6.1; WOW64) AppleWebKit/537.36 (KHTML, like Gecko) Chrome/49.0.2623.87 Safari/537.36"
170.75.162.130 - - [28/Mar/2016:14:09:59 -0700] "GET /lib/reccapi.php?resort=angelfire HTTP/1.1" 200 1001 "-" "node-superagent/1.4.0"
170.75.162.130 - - [28/Mar/2016:14:10:09 -0700] "GET /lib/reccapi.php?resort=49degreesnorth HTTP/1.1" 200 1091 "-" "node-superagent/1.4.0"
170.75.162.130 - - [28/Mar/2016:14:10:09 -0700] "GET /lib/reccapi.php?resort=arapahoebasin HTTP/1.1" 200 1042 "-" "node-superagent/1.4.0"
170.75.162.130 - - [28/Mar/2016:14:10:09 -0700] "GET /lib/reccapi.php?resort=aspenmountain HTTP/1.1" 200 1053 "-" "node-superagent/1.4.0"
170.75.162.130 - - [28/Mar/2016:14:10:09 -0700] "GET /lib/reccapi.php?resort=aspenheights HTTP/1.1" 200 1056 "-" "node-superagent/1.4.0"
204.13.59.70 - - [28/Mar/2016:14:14:03 -0700] "GET /images/wsis-logo-sm.png HTTP/1.1" 200 6108 "http://thebackcountry.net/" "Mozilla/5.0 (Windows NT 6.1; WOW64) AppleWebKit/537.36 (KHTML, like Gecko) Chrome/48.0.2564.116 Safari/537.36"
66.249.65.72 - - [28/Mar/2016:14:18:46 -0700] "GET /lib/reccapi.php?resort=kirkwood&date=2016-01-07 HTTP/1.1" 200 723 "http://whereshouldiski.com/" "Mozilla/5.0 (compatible; Googlebot/2.1; +http://www.google.com/bot.html)"
50.193.47.49 - - [28/Mar/2016:14:19:10 -0700] "GET /images/wsis-logo-sm.png HTTP/1.1" 200 6108 "http://www.thebackcountry.net/" "Mozilla/5.0 (compatible; MSIE 10.0; Windows NT 6.1; WOW64; Trident/6.0)"
107.77.92.80 - - [28/Mar/2016:14:20:42 -0700] "GET /images/wsis-logo-sm.png HTTP/1.1" 200 6108 "http://www.thebackcountry.net/" "Mozilla/5.0 (Windows NT 6.1; WOW64; rv:45.0) Gecko/20100101 Firefox/45.0"
50.193.47.49 - - [28/Mar/2016:14:20:59 -0700] "-" 408 0 "-" "-"
107.77.75.84 - - [28/Mar/2016:14:22:51 -0700] "GET /images/wsis-logo-sm.png HTTP/1.1" 200 6108 "http://www.thebackcountry.net/" "Mozilla/5.0 (iPhone; CPU iPhone OS 9_2 like Mac OS X) AppleWebKit/601.1.46 (KHTML, like Gecko) Version/9.0 Mobile/13C75 Safari/601.1"
180.76.15.18 - - [28/Mar/2016:14:32:55 -0700] "GET / HTTP/1.1" 200 6995 "-" "Mozilla/5.0 (compatible; Baiduspider/2.0; +http://www.baidu.com/search/spider.html)"
180.76.15.135 - - [28/Mar/2016:14:33:54 -0700] "GET / HTTP/1.1" 200 6995 "-" "Mozilla/5.0 (compatible; Baiduspider/2.0; +http://www.baidu.com/search/spider.html)"
170.75.162.130 - - [28/Mar/2016:14:34:32 -0700] "GET /lib/reccapi.php?resort=mounthoodmeadows HTTP/1.1" 200 1094 "-" "node-superagent/1.4.0"
187.143.237.161 - - [28/Mar/2016:14:38:06 -0700] "GET /images/wsis-logo-sm.png HTTP/1.1" 200 6108 "http://www.thebackcountry.net/" "Mozilla/5.0 (X11; CrOS x86_64 7834.60.0) AppleWebKit/537.36 (KHTML, like Gecko) Chrome/49.0.2623.95 Safari/537.36"
187.143.237.161 - - [28/Mar/2016:14:38:27 -0700] "-" 408 0 "-" "-"
70.214.57.184 - - [28/Mar/2016:14:40:14 -0700] "GET /images/wsis-logo-sm.png HTTP/1.1" 200 6108 "http://www.thebackcountry.net/" "Mozilla/5.0 (iPhone; CPU iPhone OS 7_1_2 like Mac OS X) AppleWebKit/537.51.2 (KHTML, like Gecko) GSA/9.0.60246 Mobile/11D257 Safari/9537.53"
123.125.71.85 - - [28/Mar/2016:14:52:28 -0700] "GET /robots.txt HTTP/1.1" 200 382 "-" "Mozilla/5.0 (compatible; Baiduspider/2.0; +http://www.baidu.com/search/spider.html)"
70.213.3.3 - - [28/Mar/2016:14:55:50 -0700] "GET /images/wsis-logo-sm.png HTTP/1.1" 304 187 "http://www.thebackcountry.net/" "Mozilla/5.0 (iPhone; CPU iPhone OS 9_3 like Mac OS X) AppleWebKit/601.1.46 (KHTML, like Gecko) Version/9.0 Mobile/13E234 Safari/601.1"
207.151.12.21 - - [28/Mar/2016:15:01:51 -0700] "GET /images/wsis-logo-sm.png HTTP/1.1" 200 6108 "http://www.thebackcountry.net/" "Mozilla/5.0 (compatible; MSIE 9.0; Windows NT 6.1; Trident/5.0)"
207.151.12.21 - - [28/Mar/2016:15:02:13 -0700] "-" 408 0 "-" "-"
170.75.162.130 - - [28/Mar/2016:15:09:56 -0700] "GET /lib/reccapi.php?resort=stevenspass HTTP/1.1" 200 1037 "-" "node-superagent/1.4.0"
170.75.162.130 - - [28/Mar/2016:15:14:37 -0700] "GET /lib/reccapi.php?resort=mammothmountain HTTP/1.1" 200 1071 "-" "node-superagent/1.4.0"
170.75.162.130 - - [28/Mar/2016:15:18:07 -0700] "GET /lib/reccapi.php?resort=northstar-at-tahoe HTTP/1.1" 200 1023 "-" "node-superagent/1.4.0"
70.197.22.181 - - [28/Mar/2016:15:27:49 -0700] "GET /images/wsis-logo-sm.png HTTP/1.1" 200 6108 "http://www.thebackcountry.net/" "Mozilla/5.0 (iPhone; CPU iPhone OS 9_3 like Mac OS X) AppleWebKit/601.1.46 (KHTML, like Gecko) Version/9.0 Mobile/13E233 Safari/601.1"
170.75.162.130 - - [28/Mar/2016:15:28:59 -0700] "GET /lib/reccapi.php?resort=cannonmountain HTTP/1.1" 200 1016 "-" "node-superagent/1.4.0"
170.75.162.130 - - [28/Mar/2016:15:28:59 -0700] "GET /lib/reccapi.php?resort=devilshead HTTP/1.1" 200 940 "-" "node-superagent/1.4.0"
170.75.162.130 - - [28/Mar/2016:15:28:59 -0700] "GET /lib/reccapi.php?resort=jaypeak HTTP/1.1" 200 1031 "-" "node-superagent/1.4.0"
170.75.162.130 - - [28/Mar/2016:15:28:59 -0700] "GET /lib/reccapi.php?resort=diamondpeak HTTP/1.1" 200 1004 "-" "node-superagent/1.4.0"
170.75.162.130 - - [28/Mar/2016:15:28:59 -0700] "GET /lib/reccapi.php?resort=madriverglen HTTP/1.1" 200 1056 "-" "node-superagent/1.4.0"
170.75.162.130 - - [28/Mar/2016:15:28:59 -0700] "GET /lib/reccapi.php?resort=redmountain HTTP/1.1" 200 910 "-" "node-superagent/1.4.0"
170.75.162.130 - - [28/Mar/2016:15:28:59 -0700] "GET /lib/reccapi.php?resort=mtrose HTTP/1.1" 200 1033 "-" "node-superagent/1.4.0"
170.75.162.130 - - [28/Mar/2016:15:28:59 -0700] "GET /lib/reccapi.php?resort=silverstarmountain HTTP/1.1" 200 935 "-" "node-superagent/1.4.0"
170.75.162.130 - - [28/Mar/2016:15:28:59 -0700] "GET /lib/reccapi.php?resort=stowe HTTP/1.1" 200 1026 "-" "node-superagent/1.4.0"
170.75.162.130 - - [28/Mar/2016:15:28:59 -0700] "GET /lib/reccapi.php?resort=smugglersnotch HTTP/1.1" 200 1014 "-" "node-superagent/1.4.0"
170.75.162.130 - - [28/Mar/2016:15:29:59 -0700] "GET /lib/reccapi.php?resort=sunpeaksresort HTTP/1.1" 200 918 "-" "node-superagent/1.4.0"
170.75.162.130 - - [28/Mar/2016:15:29:59 -0700] "GET /lib/reccapi.php?resort=sugarbush HTTP/1.1" 200 1060 "-" "node-superagent/1.4.0"
170.75.162.130 - - [28/Mar/2016:15:29:59 -0700] "GET /lib/reccapi.php?resort=sundayriver HTTP/1.1" 200 1021 "-" "node-superagent/1.4.0"
170.75.162.130 - - [28/Mar/2016:15:29:59 -0700] "GET /lib/reccapi.php?resort=whistlerblackcomb HTTP/1.1" 200 934 "-" "node-superagent/1.4.0"
170.75.162.130 - - [28/Mar/2016:15:29:59 -0700] "GET /lib/reccapi.php?resort=wildcatmountain HTTP/1.1" 200 1065 "-" "node-superagent/1.4.0"
170.75.162.130 - - [28/Mar/2016:15:29:59 -0700] "GET /lib/reccapi.php?resort=whitefacemountain HTTP/1.1" 200 1052 "-" "node-superagent/1.4.0"
71.92.88.172 - - [28/Mar/2016:15:30:48 -0700] "GET /images/wsis-logo-sm.png HTTP/1.1" 200 6108 "http://www.thebackcountry.net/" "Mozilla/5.0 (Macintosh; Intel Mac OS X 10_11_2) AppleWebKit/601.3.9 (KHTML, like Gecko) Version/9.0.2 Safari/601.3.9"
180.76.15.149 - - [28/Mar/2016:15:32:24 -0700] "GET / HTTP/1.1" 200 6995 "-" "Mozilla/5.0 (compatible; Baiduspider/2.0; +http://www.baidu.com/search/spider.html)"
180.76.15.160 - - [28/Mar/2016:15:33:20 -0700] "GET / HTTP/1.1" 200 6995 "-" "Mozilla/5.0 (compatible; Baiduspider/2.0; +http://www.baidu.com/search/spider.html)"
170.75.162.130 - - [28/Mar/2016:15:34:29 -0700] "GET /lib/reccapi.php?resort=schweitzer HTTP/1.1" 200 1038 "-" "node-superagent/1.4.0"
170.75.162.130 - - [28/Mar/2016:15:34:39 -0700] "GET /lib/reccapi.php?resort=sunvalley HTTP/1.1" 200 1038 "-" "node-superagent/1.4.0"
47.208.176.144 - - [28/Mar/2016:15:37:10 -0700] "GET /images/wsis-logo-sm.png HTTP/1.1" 304 187 "http://thebackcountry.net/" "Mozilla/5.0 (X11; Linux x86_64) AppleWebKit/537.36 (KHTML, like Gecko) Chrome/49.0.2623.108 Safari/537.36"
47.208.176.144 - - [28/Mar/2016:15:37:37 -0700] "GET /images/wsis-logo-sm.png HTTP/1.1" 304 187 "http://thebackcountry.net/" "Mozilla/5.0 (X11; Linux x86_64) AppleWebKit/537.36 (KHTML, like Gecko) Chrome/49.0.2623.108 Safari/537.36"
47.208.176.144 - - [28/Mar/2016:15:37:58 -0700] "-" 408 0 "-" "-"
47.208.176.144 - - [28/Mar/2016:15:38:12 -0700] "GET /images/wsis-logo-sm.png HTTP/1.1" 304 187 "http://thebackcountry.net/" "Mozilla/5.0 (X11; Linux x86_64) AppleWebKit/537.36 (KHTML, like Gecko) Chrome/49.0.2623.108 Safari/537.36"
24.176.185.42 - - [28/Mar/2016:15:38:21 -0700] "GET /images/wsis-logo-sm.png HTTP/1.1" 200 6108 "http://www.thebackcountry.net/" "Mozilla/5.0 (Windows NT 6.1; WOW64) AppleWebKit/537.36 (KHTML, like Gecko) Chrome/49.0.2623.87 Safari/537.36"
170.75.162.130 - - [28/Mar/2016:15:45:51 -0700] "GET /lib/reccapi.php?resort=squawvalleyusa HTTP/1.1" 200 1056 "-" "node-superagent/1.4.0"
50.174.4.48 - - [28/Mar/2016:15:59:54 -0700] "GET /images/wsis-logo-sm.png HTTP/1.1" 200 6108 "http://www.thebackcountry.net/" "Mozilla/5.0 (Macintosh; Intel Mac OS X 10.10; rv:45.0) Gecko/20100101 Firefox/45.0"
173.56.54.20 - - [28/Mar/2016:16:04:48 -0700] "GET /images/wsis-logo-sm.png HTTP/1.1" 200 6108 "http://www.thebackcountry.net/" "Mozilla/5.0 (Windows NT 10.0; WOW64) AppleWebKit/537.36 (KHTML, like Gecko) Chrome/49.0.2623.87 Safari/537.36"
208.87.232.180 - - [28/Mar/2016:16:12:33 -0700] "GET /images/wsis-logo-sm.png HTTP/1.1" 200 6052 "http://www.thebackcountry.net/" "Mozilla/5.0 (Windows NT 6.1; WOW64) AppleWebKit/537.36 (KHTML, like Gecko) Chrome/49.0.2623.87 Safari/537.36"
161.55.184.3 - - [28/Mar/2016:16:13:01 -0700] "GET /images/wsis-logo-sm.png HTTP/1.1" 200 6108 "http://www.thebackcountry.net/" "Mozilla/5.0 (Windows NT 6.1; Win64; x64) AppleWebKit/537.36 (KHTML, like Gecko) Chrome/49.0.2623.87 Safari/537.36"
104.183.213.13 - - [28/Mar/2016:16:21:38 -0700] "GET /images/wsis-logo-sm.png HTTP/1.1" 200 6108 "http://www.thebackcountry.net/" "Mozilla/5.0 (Windows NT 6.0) AppleWebKit/537.36 (KHTML, like Gecko) Chrome/49.0.2623.87 Safari/537.36"
24.5.117.131 - - [28/Mar/2016:16:22:40 -0700] "GET /images/wsis-logo-sm.png HTTP/1.1" 200 6108 "http://www.thebackcountry.net/" "Mozilla/5.0 (Macintosh; Intel Mac OS X 10_10_5) AppleWebKit/537.36 (KHTML, like Gecko) Chrome/49.0.2623.87 Safari/537.36"
66.249.65.72 - - [28/Mar/2016:16:22:54 -0700] "GET /robots.txt HTTP/1.1" 200 419 "-" "Mozilla/5.0 (compatible; Googlebot/2.1; +http://www.google.com/bot.html)"
66.249.65.69 - - [28/Mar/2016:16:22:54 -0700] "GET /lib/reccapi.php?resort=loveland&date=2016-03-26 HTTP/1.1" 200 1079 "http://whereshouldiski.com/" "Mozilla/5.0 (compatible; Googlebot/2.1; +http://www.google.com/bot.html)"
66.249.65.66 - - [28/Mar/2016:16:22:55 -0700] "GET /lib/resortDataSearchD3.php?size=7&sortDate=T&resort=loveland&dateStart=2016-03-24 HTTP/1.1" 200 884 "http://whereshouldiski.com/" "Mozilla/5.0 (compatible; Googlebot/2.1; +http://www.google.com/bot.html)"
66.249.65.72 - - [28/Mar/2016:16:22:55 -0700] "GET /lib/reccapi.php?fields=t&date=2016-03-26&coords=39.67%2C-105.9&size=7&sort=distance HTTP/1.1" 200 1374 "http://whereshouldiski.com/" "Mozilla/5.0 (compatible; Googlebot/2.1; +http://www.google.com/bot.html)"
128.218.43.129 - - [28/Mar/2016:16:23:42 -0700] "GET /images/wsis-logo-sm.png HTTP/1.1" 200 6108 "http://www.thebackcountry.net/" "Mozilla/5.0 (Macintosh; Intel Mac OS X 10.10; rv:45.0) Gecko/20100101 Firefox/45.0"
180.76.15.20 - - [28/Mar/2016:16:28:57 -0700] "GET / HTTP/1.1" 200 6995 "-" "Mozilla/5.0 (compatible; Baiduspider/2.0; +http://www.baidu.com/search/spider.html)"
180.76.15.159 - - [28/Mar/2016:16:29:45 -0700] "GET / HTTP/1.1" 200 6995 "-" "Mozilla/5.0 (compatible; Baiduspider/2.0; +http://www.baidu.com/search/spider.html)"
170.75.162.130 - - [28/Mar/2016:16:31:17 -0700] "GET /lib/reccapi.php?resort=brighton HTTP/1.1" 200 1050 "-" "node-superagent/1.4.0"
170.75.162.130 - - [28/Mar/2016:16:33:17 -0700] "GET /lib/reccapi.php?resort=alpinemeadows HTTP/1.1" 200 1054 "-" "node-superagent/1.4.0"
206.29.176.52 - - [28/Mar/2016:16:33:45 -0700] "GET /lib/reccapi.php?fields=t&state=WA&powder=3 HTTP/1.1" 200 471 "http://whereshouldiski.com/" "Mozilla/5.0 (Macintosh; Intel Mac OS X 10_10_5) AppleWebKit/600.8.9 (KHTML, like Gecko) WebClip/10601.5.17 Safari/10601.5.17.4"
170.75.162.130 - - [28/Mar/2016:16:34:38 -0700] "GET /lib/reccapi.php?resort=alta HTTP/1.1" 200 1046 "-" "node-superagent/1.4.0"
170.75.162.130 - - [28/Mar/2016:16:34:38 -0700] "GET /lib/reccapi.php?resort=brianhead HTTP/1.1" 200 1096 "-" "node-superagent/1.4.0"
170.75.162.130 - - [28/Mar/2016:16:34:38 -0700] "GET /lib/reccapi.php?resort=deervalley HTTP/1.1" 200 1097 "-" "node-superagent/1.4.0"
170.75.162.130 - - [28/Mar/2016:16:34:38 -0700] "GET /lib/reccapi.php?resort=parkcity HTTP/1.1" 200 1076 "-" "node-superagent/1.4.0"
170.75.162.130 - - [28/Mar/2016:16:34:38 -0700] "GET /lib/reccapi.php?resort=snowbasin HTTP/1.1" 200 1023 "-" "node-superagent/1.4.0"
170.75.162.130 - - [28/Mar/2016:16:34:38 -0700] "GET /lib/reccapi.php?resort=snowbird HTTP/1.1" 200 1050 "-" "node-superagent/1.4.0"
170.75.162.130 - - [28/Mar/2016:16:34:38 -0700] "GET /lib/reccapi.php?resort=solitude HTTP/1.1" 200 1042 "-" "node-superagent/1.4.0"
47.208.174.39 - - [28/Mar/2016:16:36:53 -0700] "GET /images/wsis-logo-sm.png HTTP/1.1" 200 6108 "http://www.thebackcountry.net/" "Mozilla/5.0 (iPad; CPU OS 8_1_2 like Mac OS X) AppleWebKit/600.1.4 (KHTML, like Gecko) Version/8.0 Mobile/12B440 Safari/600.1.4"
66.249.65.66 - - [28/Mar/2016:16:37:23 -0700] "GET /lib/reccapi.php?resort=loveland&date=2016-03-24 HTTP/1.1" 200 1084 "http://whereshouldiski.com/" "Mozilla/5.0 (compatible; Googlebot/2.1; +http://www.google.com/bot.html)"
66.249.65.66 - - [28/Mar/2016:16:37:24 -0700] "GET /lib/resortDataSearchD3.php?size=7&sortDate=T&resort=loveland&dateStart=2016-03-22 HTTP/1.1" 200 877 "http://whereshouldiski.com/" "Mozilla/5.0 (compatible; Googlebot/2.1; +http://www.google.com/bot.html)"
66.249.65.66 - - [28/Mar/2016:16:37:25 -0700] "GET /lib/reccapi.php?fields=t&date=2016-03-24&coords=39.67%2C-105.9&size=7&sort=distance HTTP/1.1" 200 1367 "http://whereshouldiski.com/" "Mozilla/5.0 (compatible; Googlebot/2.1; +http://www.google.com/bot.html)"
170.75.162.130 - - [28/Mar/2016:16:38:59 -0700] "GET /lib/reccapi.php?resort=buttermilk HTTP/1.1" 200 1021 "-" "node-superagent/1.4.0"
170.75.162.130 - - [28/Mar/2016:16:38:59 -0700] "GET /lib/reccapi.php?resort=coppermountain HTTP/1.1" 200 1023 "-" "node-superagent/1.4.0"
170.75.162.130 - - [28/Mar/2016:16:38:59 -0700] "GET /lib/reccapi.php?resort=crestedbutte HTTP/1.1" 200 1023 "-" "node-superagent/1.4.0"
170.75.162.130 - - [28/Mar/2016:16:38:59 -0700] "GET /lib/reccapi.php?resort=keystone HTTP/1.1" 200 1010 "-" "node-superagent/1.4.0"
170.75.162.130 - - [28/Mar/2016:16:38:59 -0700] "GET /lib/reccapi.php?resort=loveland HTTP/1.1" 200 1019 "-" "node-superagent/1.4.0"
170.75.162.130 - - [28/Mar/2016:16:38:59 -0700] "GET /lib/reccapi.php?resort=monarch HTTP/1.1" 200 1010 "-" "node-superagent/1.4.0"
170.75.162.130 - - [28/Mar/2016:16:38:59 -0700] "GET /lib/reccapi.php?resort=snowmass HTTP/1.1" 200 985 "-" "node-superagent/1.4.0"
170.75.162.130 - - [28/Mar/2016:16:38:59 -0700] "GET /lib/reccapi.php?resort=telluride HTTP/1.1" 200 1025 "-" "node-superagent/1.4.0"
170.75.162.130 - - [28/Mar/2016:16:39:00 -0700] "GET /lib/reccapi.php?resort=steamboat HTTP/1.1" 200 1006 "-" "node-superagent/1.4.0"
170.75.162.130 - - [28/Mar/2016:16:39:00 -0700] "GET /lib/reccapi.php?resort=winterpark HTTP/1.1" 200 1017 "-" "node-superagent/1.4.0"
170.75.162.130 - - [28/Mar/2016:16:41:09 -0700] "GET /lib/reccapi.php?resort=killington HTTP/1.1" 200 1043 "-" "node-superagent/1.4.0"
73.151.211.34 - - [28/Mar/2016:17:02:40 -0700] "GET /images/wsis-logo-sm.png HTTP/1.1" 200 6108 "http://www.thebackcountry.net/" "Mozilla/5.0 (iPhone; CPU iPhone OS 9_3 like Mac OS X) AppleWebKit/601.1.46 (KHTML, like Gecko) Version/9.0 Mobile/13E233 Safari/601.1"
75.111.105.178 - - [28/Mar/2016:17:07:58 -0700] "GET /images/wsis-logo-sm.png HTTP/1.1" 200 6108 "http://www.thebackcountry.net/" "Mozilla/5.0 (Macintosh; Intel Mac OS X 10_11_4) AppleWebKit/601.5.17 (KHTML, like Gecko) Version/9.1 Safari/601.5.17"
75.111.98.31 - - [28/Mar/2016:17:08:34 -0700] "GET /images/wsis-logo-sm.png HTTP/1.1" 200 6108 "http://www.thebackcountry.net/" "Mozilla/5.0 (Windows NT 10.0; Win64; x64) AppleWebKit/537.36 (KHTML, like Gecko) Chrome/46.0.2486.0 Safari/537.36 Edge/13.10586"
75.111.98.31 - - [28/Mar/2016:17:08:55 -0700] "-" 408 0 "-" "-"
75.111.108.22 - - [28/Mar/2016:17:17:56 -0700] "GET /images/wsis-logo-sm.png HTTP/1.1" 200 6108 "http://www.thebackcountry.net/" "Mozilla/5.0 (iPhone; CPU iPhone OS 9_2_1 like Mac OS X) AppleWebKit/601.1.46 (KHTML, like Gecko) Version/9.0 Mobile/13D15 Safari/601.1"
170.75.162.130 - - [28/Mar/2016:17:30:55 -0700] "GET /lib/reccapi.php?resort=bigsky HTTP/1.1" 200 1040 "-" "node-superagent/1.4.0"
107.77.92.30 - - [28/Mar/2016:17:31:56 -0700] "GET /images/wsis-logo-sm.png HTTP/1.1" 200 6108 "http://thebackcountry.net/" "Mozilla/5.0 (iPhone; CPU iPhone OS 9_3 like Mac OS X) AppleWebKit/601.1.46 (KHTML, like Gecko) Version/9.0 Mobile/13E233 Safari/601.1"
97.92.96.146 - - [28/Mar/2016:17:32:09 -0700] "GET /images/wsis-logo-sm.png HTTP/1.1" 200 6108 "http://www.thebackcountry.net/" "Mozilla/5.0 (iPad; CPU OS 9_2_1 like Mac OS X) AppleWebKit/601.1.46 (KHTML, like Gecko) Version/9.0 Mobile/13D15 Safari/601.1"
180.76.15.24 - - [28/Mar/2016:17:32:47 -0700] "GET / HTTP/1.1" 200 6995 "-" "Mozilla/5.0 (compatible; Baiduspider/2.0; +http://www.baidu.com/search/spider.html)"
73.189.0.241 - - [28/Mar/2016:17:32:51 -0700] "GET /images/wsis-logo-sm.png HTTP/1.1" 200 6108 "http://www.thebackcountry.net/" "Mozilla/5.0 (Macintosh; Intel Mac OS X 10_11_3) AppleWebKit/537.36 (KHTML, like Gecko) Chrome/48.0.2564.116 Safari/537.36"
180.76.15.154 - - [28/Mar/2016:17:33:44 -0700] "GET / HTTP/1.1" 200 6995 "-" "Mozilla/5.0 (compatible; Baiduspider/2.0; +http://www.baidu.com/search/spider.html)"
50.203.82.4 - - [28/Mar/2016:17:39:31 -0700] "GET /images/wsis-logo-sm.png HTTP/1.1" 200 6108 "http://www.thebackcountry.net/" "Mozilla/5.0 (Macintosh; Intel Mac OS X 10_9_5) AppleWebKit/600.8.9 (KHTML, like Gecko) Version/7.1.8 Safari/537.85.17"
66.87.114.71 - - [28/Mar/2016:17:56:53 -0700] "GET /images/wsis-logo-sm.png HTTP/1.1" 200 6108 "http://thebackcountry.net/" "Mozilla/5.0 (Linux; Android 6.0.1; SM-G920P Build/MMB29K) AppleWebKit/537.36 (KHTML, like Gecko) Chrome/49.0.2623.105 Mobile Safari/537.36"
66.87.114.71 - - [28/Mar/2016:17:57:16 -0700] "-" 408 0 "-" "-"
66.87.114.71 - - [28/Mar/2016:17:57:52 -0700] "-" 408 0 "-" "-"
66.87.114.71 - - [28/Mar/2016:17:57:52 -0700] "-" 408 0 "-" "-"
66.87.114.71 - - [28/Mar/2016:17:57:52 -0700] "-" 408 0 "-" "-"
107.216.245.122 - - [28/Mar/2016:18:03:00 -0700] "GET /images/wsis-logo-sm.png HTTP/1.1" 200 6108 "http://www.thebackcountry.net/" "Mozilla/5.0 (iPhone; CPU iPhone OS 8_4_1 like Mac OS X) AppleWebKit/600.1.4 (KHTML, like Gecko) Version/8.0 Mobile/12H321 Safari/600.1.4"
180.76.15.30 - - [28/Mar/2016:18:16:22 -0700] "GET /resorts?resort=whitefacemountain HTTP/1.1" 404 469 "-" "Mozilla/5.0 (compatible; Baiduspider/2.0; +http://www.baidu.com/search/spider.html)"
66.249.65.72 - - [28/Mar/2016:18:23:36 -0700] "GET /lib/reccapi.php?resort=madriverglen&date=2016-03-24 HTTP/1.1" 200 1132 "http://whereshouldiski.com/" "Mozilla/5.0 (compatible; Googlebot/2.1; +http://www.google.com/bot.html)"
66.249.65.72 - - [28/Mar/2016:18:23:37 -0700] "GET /lib/reccapi.php?fields=t&date=2016-03-24&coords=44.2%2C-72.9244&size=7&sort=distance HTTP/1.1" 200 1369 "http://whereshouldiski.com/" "Mozilla/5.0 (compatible; Googlebot/2.1; +http://www.google.com/bot.html)"
66.249.65.72 - - [28/Mar/2016:18:23:37 -0700] "GET /lib/resortDataSearchD3.php?size=7&sortDate=T&resort=madriverglen&dateStart=2016-03-22 HTTP/1.1" 200 860 "http://whereshouldiski.com/" "Mozilla/5.0 (compatible; Googlebot/2.1; +http://www.google.com/bot.html)"
180.76.15.18 - - [28/Mar/2016:18:29:07 -0700] "GET / HTTP/1.1" 200 6995 "-" "Mozilla/5.0 (compatible; Baiduspider/2.0; +http://www.baidu.com/search/spider.html)"
180.76.15.143 - - [28/Mar/2016:18:29:58 -0700] "GET / HTTP/1.1" 200 6995 "-" "Mozilla/5.0 (compatible; Baiduspider/2.0; +http://www.baidu.com/search/spider.html)"
170.75.162.130 - - [28/Mar/2016:18:33:14 -0700] "GET /lib/reccapi.php?resort=heavenly HTTP/1.1" 200 1034 "-" "node-superagent/1.4.0"
189.0.114.142 - - [28/Mar/2016:18:36:43 -0700] "GET /images/wsis-logo-sm.png HTTP/1.1" 200 6108 "http://www.thebackcountry.net/" "Mozilla/5.0 (Windows NT 6.1) AppleWebKit/537.36 (KHTML, like Gecko) Chrome/49.0.2623.87 Safari/537.36"
170.75.162.130 - - [28/Mar/2016:18:46:15 -0700] "GET /lib/reccapi.php?resort=crystalmountain HTTP/1.1" 200 1045 "-" "node-superagent/1.4.0"
180.76.15.150 - - [28/Mar/2016:18:49:52 -0700] "GET /resorts?resort=redriver&date=2014-10-03 HTTP/1.1" 404 469 "-" "Mozilla/5.0 (compatible; Baiduspider/2.0; +http://www.baidu.com/search/spider.html)"
170.75.162.130 - - [28/Mar/2016:18:59:42 -0700] "GET /lib/reccapi.php?resort=sugarloaf HTTP/1.1" 200 1032 "-" "node-superagent/1.4.0"
66.249.65.72 - - [28/Mar/2016:19:01:57 -0700] "GET /lib/reccapi.php?resort=kirkwood&date=2016-03-08 HTTP/1.1" 200 1051 "http://whereshouldiski.com/" "Mozilla/5.0 (compatible; Googlebot/2.1; +http://www.google.com/bot.html)"
66.249.65.66 - - [28/Mar/2016:19:01:58 -0700] "GET /lib/reccapi.php?fields=t&date=2016-03-08&coords=38.68%2C-120&size=7&sort=distance HTTP/1.1" 200 1383 "http://whereshouldiski.com/" "Mozilla/5.0 (compatible; Googlebot/2.1; +http://www.google.com/bot.html)"
66.249.65.66 - - [28/Mar/2016:19:01:59 -0700] "GET /lib/resortDataSearchD3.php?size=7&sortDate=T&resort=kirkwood&dateStart=2016-03-06 HTTP/1.1" 200 874 "http://whereshouldiski.com/" "Mozilla/5.0 (compatible; Googlebot/2.1; +http://www.google.com/bot.html)"
54.165.171.43 - - [28/Mar/2016:19:15:38 -0700] "GET / HTTP/1.1" 200 2559 "-" "Go http package"
201.82.228.2 - - [28/Mar/2016:19:18:32 -0700] "GET /images/wsis-logo-sm.png HTTP/1.1" 200 6108 "http://www.thebackcountry.net/" "Mozilla/5.0 (Windows NT 6.1) AppleWebKit/537.36 (KHTML, like Gecko) Chrome/49.0.2623.87 Safari/537.36"
69.30.211.2 - - [28/Mar/2016:19:25:24 -0700] "GET /robots.txt HTTP/1.0" 200 338 "-" "Mozilla/5.0 (compatible; MJ12bot/v1.4.5; http://www.majestic12.co.uk/bot.php?+)"
69.30.211.2 - - [28/Mar/2016:19:25:26 -0700] "GET /about HTTP/1.0" 404 495 "-" "Mozilla/5.0 (compatible; MJ12bot/v1.4.5; http://www.majestic12.co.uk/bot.php?+)"
180.76.15.21 - - [28/Mar/2016:19:29:54 -0700] "GET / HTTP/1.1" 200 6995 "-" "Mozilla/5.0 (compatible; Baiduspider/2.0; +http://www.baidu.com/search/spider.html)"
180.76.15.153 - - [28/Mar/2016:19:30:45 -0700] "GET / HTTP/1.1" 200 6995 "-" "Mozilla/5.0 (compatible; Baiduspider/2.0; +http://www.baidu.com/search/spider.html)"
189.170.201.164 - - [28/Mar/2016:19:32:12 -0700] "GET /images/wsis-logo-sm.png HTTP/1.1" 200 6108 "http://www.thebackcountry.net/" "Mozilla/5.0 (Windows NT 6.1) AppleWebKit/537.36 (KHTML, like Gecko) Chrome/49.0.2623.87 Safari/537.36"
40.77.167.73 - - [28/Mar/2016:19:33:40 -0700] "GET / HTTP/1.1" 200 2615 "-" "Mozilla/5.0 (compatible; bingbot/2.0; +http://www.bing.com/bingbot.htm)"
66.249.65.69 - - [28/Mar/2016:19:35:38 -0700] "GET / HTTP/1.1" 200 2615 "-" "Mozilla/5.0 (compatible; Googlebot/2.1; +http://www.google.com/bot.html)"
170.75.162.130 - - [28/Mar/2016:19:37:32 -0700] "GET /lib/reccapi.php?resort=grandtarghee HTTP/1.1" 200 1043 "-" "node-superagent/1.4.0"
170.75.162.130 - - [28/Mar/2016:19:46:53 -0700] "GET /lib/reccapi.php?resort=hoodoo HTTP/1.1" 200 1043 "-" "node-superagent/1.4.0"
170.75.162.130 - - [28/Mar/2016:19:46:53 -0700] "GET /lib/reccapi.php?resort=mountbachelor HTTP/1.1" 200 1016 "-" "node-superagent/1.4.0"
170.75.162.130 - - [28/Mar/2016:19:46:54 -0700] "GET /lib/reccapi.php?resort=mounthoodmeadows HTTP/1.1" 200 1041 "-" "node-superagent/1.4.0"
