170.75.162.130 - - [01/May/2015:02:05:24 -0700] "GET /lib/reccapi.php?resort=steamboat HTTP/1.1" 200 1045 "-" "node-superagent/0.18.2"
170.75.162.130 - - [01/May/2015:02:06:34 -0700] "GET /lib/reccapi.php?resort=redlodge HTTP/1.1" 200 996 "-" "node-superagent/0.18.2"
66.249.79.8 - - [01/May/2015:02:06:41 -0700] "GET /resorts?resort=mtrose&date=2014-02-14 HTTP/1.1" 404 506 "-" "Mozilla/5.0 (iPhone; CPU iPhone OS 6_0 like Mac OS X) AppleWebKit/536.26 (KHTML, like Gecko) Version/6.0 Mobile/10A5376e Safari/8536.25 (compatible; Googlebot/2.1; +http://www.google.com/bot.html)"
170.75.162.130 - - [01/May/2015:02:13:25 -0700] "GET /lib/reccapi.php?resort=coppermountain HTTP/1.1" 200 1071 "-" "node-superagent/0.18.2"
66.249.79.160 - - [01/May/2015:02:15:09 -0700] "GET /resorts?resort=northstar-at-tahoe&date=2012-12-29 HTTP/1.1" 404 506 "-" "Mozilla/5.0 (iPhone; CPU iPhone OS 6_0 like Mac OS X) AppleWebKit/536.26 (KHTML, like Gecko) Version/6.0 Mobile/10A5376e Safari/8536.25 (compatible; Googlebot/2.1; +http://www.google.com/bot.html)"
66.249.79.16 - - [01/May/2015:02:23:38 -0700] "GET / HTTP/1.1" 200 2376 "-" "Mozilla/5.0 (iPhone; CPU iPhone OS 6_0 like Mac OS X) AppleWebKit/536.26 (KHTML, like Gecko) Version/6.0 Mobile/10A5376e Safari/8536.25 (compatible; Googlebot/2.1; +http://www.google.com/bot.html)"
46.229.164.111 - - [01/May/2015:02:30:07 -0700] "GET /resorts?resort=angelfire HTTP/1.1" 404 469 "-" "Mozilla/5.0 (compatible; SemrushBot/0.98~bl; +http://www.semrush.com/bot.html)"
170.75.162.130 - - [01/May/2015:02:30:16 -0700] "GET /lib/reccapi.php?resort=taos HTTP/1.1" 200 1027 "-" "node-superagent/0.18.2"
170.75.162.130 - - [01/May/2015:02:30:16 -0700] "GET /lib/reccapi.php?resort=sundayriver HTTP/1.1" 200 960 "-" "node-superagent/0.18.2"
170.75.162.130 - - [01/May/2015:02:30:56 -0700] "GET /lib/reccapi.php?resort=diamondpeak HTTP/1.1" 200 1022 "-" "node-superagent/0.18.2"
170.75.162.130 - - [01/May/2015:02:30:56 -0700] "GET /lib/reccapi.php?resort=homewoodmountain HTTP/1.1" 200 1048 "-" "node-superagent/0.18.2"
170.75.162.130 - - [01/May/2015:02:31:16 -0700] "GET /lib/reccapi.php?resort=squawvalleyusa HTTP/1.1" 200 1050 "-" "node-superagent/0.18.2"
170.75.162.130 - - [01/May/2015:02:31:16 -0700] "GET /lib/reccapi.php?resort=sugarloaf HTTP/1.1" 200 956 "-" "node-superagent/0.18.2"
66.249.79.10 - - [01/May/2015:02:32:16 -0700] "GET / HTTP/1.1" 200 2376 "-" "Mozilla/5.0 (iPhone; CPU iPhone OS 6_0 like Mac OS X) AppleWebKit/536.26 (KHTML, like Gecko) Version/6.0 Mobile/10A5376e Safari/8536.25 (compatible; Googlebot/2.1; +http://www.google.com/bot.html)"
170.75.162.130 - - [01/May/2015:02:37:57 -0700] "GET /lib/reccapi.php?resort=alyeska HTTP/1.1" 200 1024 "-" "node-superagent/0.18.2"
180.76.5.171 - - [01/May/2015:02:38:08 -0700] "GET /resorts?resort=smugglersnotch&date=2014-02-02 HTTP/1.1" 404 472 "-" "Mozilla/5.0 (compatible; Baiduspider/2.0; +http://www.baidu.com/search/spider.html)"
66.249.79.47 - - [01/May/2015:02:41:24 -0700] "GET /lib/resortDataSearch.php?resort=bearmountain&dateStart=2013-09-30&dateMax=2013-10-14&size=30 HTTP/1.1" 200 331 "-" "Mozilla/5.0 (iPhone; CPU iPhone OS 6_0 like Mac OS X) AppleWebKit/536.26 (KHTML, like Gecko) Version/6.0 Mobile/10A5376e Safari/8536.25 (compatible; Googlebot/2.1; +http://www.google.com/bot.html)"
123.125.71.32 - - [01/May/2015:02:49:08 -0700] "-" 408 0 "-" "-"
66.249.79.10 - - [01/May/2015:02:50:11 -0700] "GET /styles/0fffd548.main.css HTTP/1.1" 200 19317 "-" "Mozilla/5.0 (compatible; Googlebot/2.1; +http://www.google.com/bot.html)"
46.229.164.99 - - [01/May/2015:02:53:17 -0700] "GET /resorts?resort=alta HTTP/1.1" 404 469 "-" "Mozilla/5.0 (compatible; SemrushBot/0.98~bl; +http://www.semrush.com/bot.html)"
220.181.108.115 - - [01/May/2015:02:53:25 -0700] "GET / HTTP/1.1" 200 2339 "-" "Mozilla/5.0 (Windows NT 5.1; rv:6.0.2) Gecko/20100101 Firefox/6.0.2"
220.181.108.121 - - [01/May/2015:02:54:33 -0700] "GET / HTTP/1.1" 200 6114 "-" "Mozilla/5.0 (Windows NT 5.1; rv:6.0.2) Gecko/20100101 Firefox/6.0.2"
170.75.162.130 - - [01/May/2015:02:54:58 -0700] "GET /lib/reccapi.php?resort=grandtarghee HTTP/1.1" 200 990 "-" "node-superagent/0.18.2"
170.75.162.130 - - [01/May/2015:02:54:59 -0700] "GET /lib/reccapi.php?resort=jacksonhole HTTP/1.1" 200 1005 "-" "node-superagent/0.18.2"
66.249.79.16 - - [01/May/2015:02:55:02 -0700] "GET /resorts?resort=arapahoebasin&date=2014-02-03 HTTP/1.1" 404 506 "-" "Mozilla/5.0 (iPhone; CPU iPhone OS 6_0 like Mac OS X) AppleWebKit/536.26 (KHTML, like Gecko) Version/6.0 Mobile/10A5376e Safari/8536.25 (compatible; Googlebot/2.1; +http://www.google.com/bot.html)"
66.249.79.8 - - [01/May/2015:02:56:32 -0700] "GET /resorts?resort=heavenly&date=2014-02-24 HTTP/1.1" 404 506 "-" "Mozilla/5.0 (iPhone; CPU iPhone OS 6_0 like Mac OS X) AppleWebKit/536.26 (KHTML, like Gecko) Version/6.0 Mobile/10A5376e Safari/8536.25 (compatible; Googlebot/2.1; +http://www.google.com/bot.html)"
46.229.164.99 - - [01/May/2015:03:08:30 -0700] "GET /resorts?resort=mountbachelor HTTP/1.1" 404 469 "-" "Mozilla/5.0 (compatible; SemrushBot/0.98~bl; +http://www.semrush.com/bot.html)"
170.75.162.130 - - [01/May/2015:03:09:30 -0700] "GET /lib/reccapi.php?resort=sierra-at-tahoe HTTP/1.1" 200 1089 "-" "node-superagent/0.18.2"
222.167.176.173 - - [01/May/2015:03:18:03 -0700] "GET /images/wsis-logo-sm.png HTTP/1.1" 200 6108 "http://www.thebackcountry.net/" "Mozilla/5.0 (Windows NT 5.1) AppleWebKit/537.36 (KHTML, like Gecko) Chrome/42.0.2311.135 Safari/537.36"
46.229.164.111 - - [01/May/2015:03:20:48 -0700] "GET /resorts?resort=killington HTTP/1.1" 404 469 "-" "Mozilla/5.0 (compatible; SemrushBot/0.98~bl; +http://www.semrush.com/bot.html)"
170.75.162.130 - - [01/May/2015:03:22:41 -0700] "GET /lib/reccapi.php?resort=parkcity HTTP/1.1" 200 1067 "-" "node-superagent/0.18.2"
46.229.164.99 - - [01/May/2015:03:32:08 -0700] "GET /resorts?resort=bigwhite HTTP/1.1" 404 469 "-" "Mozilla/5.0 (compatible; SemrushBot/0.98~bl; +http://www.semrush.com/bot.html)"
170.75.162.130 - - [01/May/2015:03:32:53 -0700] "GET /lib/reccapi.php?resort=bigwhite HTTP/1.1" 200 918 "-" "node-superagent/0.18.2"
170.75.162.130 - - [01/May/2015:03:32:54 -0700] "GET /lib/reccapi.php?resort=redmountain HTTP/1.1" 200 905 "-" "node-superagent/0.18.2"
170.75.162.130 - - [01/May/2015:03:32:54 -0700] "GET /lib/reccapi.php?resort=silverstarmountain HTTP/1.1" 200 932 "-" "node-superagent/0.18.2"
170.75.162.130 - - [01/May/2015:03:32:54 -0700] "GET /lib/reccapi.php?resort=sunpeaksresort HTTP/1.1" 200 916 "-" "node-superagent/0.18.2"
170.75.162.130 - - [01/May/2015:03:32:54 -0700] "GET /lib/reccapi.php?resort=whistlerblackcomb HTTP/1.1" 200 934 "-" "node-superagent/0.18.2"
46.229.164.99 - - [01/May/2015:03:42:29 -0700] "GET /resorts?resort=grandtarghee HTTP/1.1" 404 469 "-" "Mozilla/5.0 (compatible; SemrushBot/0.98~bl; +http://www.semrush.com/bot.html)"
170.75.162.130 - - [01/May/2015:03:43:35 -0700] "GET /lib/reccapi.php?resort=whitefacemountain HTTP/1.1" 200 967 "-" "node-superagent/0.18.2"
170.75.162.130 - - [01/May/2015:03:46:15 -0700] "GET /lib/reccapi.php?resort=deervalley HTTP/1.1" 200 1035 "-" "node-superagent/0.18.2"
123.125.71.99 - - [01/May/2015:03:46:44 -0700] "GET / HTTP/1.1" 200 2339 "-" "Mozilla/5.0 (Windows NT 5.1; rv:6.0.2) Gecko/20100101 Firefox/6.0.2"
123.125.71.113 - - [01/May/2015:03:47:35 -0700] "GET / HTTP/1.1" 200 6114 "-" "Mozilla/5.0 (Windows NT 5.1; rv:6.0.2) Gecko/20100101 Firefox/6.0.2"
220.181.108.87 - - [01/May/2015:03:51:49 -0700] "-" 408 0 "-" "-"
46.229.164.114 - - [01/May/2015:03:54:28 -0700] "GET /resorts?resort=whitefacemountain HTTP/1.1" 404 469 "-" "Mozilla/5.0 (compatible; SemrushBot/0.98~bl; +http://www.semrush.com/bot.html)"
180.76.4.71 - - [01/May/2015:03:59:10 -0700] "GET / HTTP/1.1" 200 6114 "-" "Mozilla/4.0 (compatible; MSIE 7.0; Windows NT 6.0)"
46.229.164.99 - - [01/May/2015:04:11:09 -0700] "GET /resorts?resort=parkcity HTTP/1.1" 404 469 "-" "Mozilla/5.0 (compatible; SemrushBot/0.98~bl; +http://www.semrush.com/bot.html)"
170.75.162.130 - - [01/May/2015:04:12:57 -0700] "GET /lib/reccapi.php?resort=canyons HTTP/1.1" 200 1010 "-" "node-superagent/0.18.2"
170.75.162.130 - - [01/May/2015:04:48:30 -0700] "GET /lib/reccapi.php?resort=kirkwood HTTP/1.1" 200 1098 "-" "node-superagent/0.18.2"
123.125.71.100 - - [01/May/2015:05:08:15 -0700] "-" 408 0 "-" "-"
220.181.108.187 - - [01/May/2015:05:14:03 -0700] "-" 408 0 "-" "-"
180.76.5.22 - - [01/May/2015:05:20:09 -0700] "GET /resorts?resort=bridgerbowl&date=2014-04-14 HTTP/1.1" 404 469 "-" "Mozilla/5.0 (compatible; Baiduspider/2.0; +http://www.baidu.com/search/spider.html)"
170.75.162.130 - - [01/May/2015:05:35:24 -0700] "GET /lib/reccapi.php?resort=northstar-at-tahoe HTTP/1.1" 200 1033 "-" "node-superagent/0.18.2"
175.156.155.94 - - [01/May/2015:05:38:01 -0700] "GET /images/wsis-logo-sm.png HTTP/1.1" 200 6108 "http://www.thebackcountry.net/" "Mozilla/5.0 (Macintosh; Intel Mac OS X 10_10_3) AppleWebKit/600.5.17 (KHTML, like Gecko) Version/8.0.5 Safari/600.5.17"
170.75.162.130 - - [01/May/2015:05:38:14 -0700] "GET /lib/reccapi.php?resort=mountbachelor HTTP/1.1" 200 968 "-" "node-superagent/0.18.2"
69.58.178.57 - - [01/May/2015:05:45:36 -0700] "GET /robots.txt HTTP/1.1" 200 319 "-" "Mozilla/5.0 (X11; Ubuntu; Linux i686; rv:14.0; ips-agent) Gecko/20100101 Firefox/14.0.1"
69.58.178.57 - - [01/May/2015:05:45:37 -0700] "GET / HTTP/1.1" 200 6095 "-" "Mozilla/5.0 (X11; Ubuntu; Linux i686; rv:14.0; ips-agent) Gecko/20100101 Firefox/14.0.1"
69.58.178.57 - - [01/May/2015:05:45:44 -0700] "GET / HTTP/1.1" 200 6095 "-" "Mozilla/5.0 (X11; Ubuntu; Linux i686; rv:14.0; ips-agent) Gecko/20100101 Firefox/14.0.1"
69.58.178.57 - - [01/May/2015:05:45:45 -0700] "GET /about HTTP/1.1" 404 480 "-" "Mozilla/5.0 (X11; Ubuntu; Linux i686; rv:14.0; ips-agent) Gecko/20100101 Firefox/14.0.1"
170.75.162.130 - - [01/May/2015:05:50:35 -0700] "GET /lib/reccapi.php?resort=killington HTTP/1.1" 200 948 "-" "node-superagent/0.18.2"
170.75.162.130 - - [01/May/2015:05:50:36 -0700] "GET /lib/reccapi.php?resort=alta HTTP/1.1" 200 1009 "-" "node-superagent/0.18.2"
180.76.4.105 - - [01/May/2015:05:53:42 -0700] "GET / HTTP/1.1" 200 6114 "-" "Mozilla/4.0 (compatible; MSIE 7.0; Windows NT 6.0)"
46.229.164.113 - - [01/May/2015:05:56:15 -0700] "GET /resorts?resort=sierra-at-tahoe HTTP/1.1" 404 469 "-" "Mozilla/5.0 (compatible; SemrushBot/0.98~bl; +http://www.semrush.com/bot.html)"
170.75.162.130 - - [01/May/2015:06:10:07 -0700] "GET /lib/reccapi.php?resort=arapahoebasin HTTP/1.1" 200 1070 "-" "node-superagent/0.18.2"
170.75.162.130 - - [01/May/2015:06:10:07 -0700] "GET /lib/reccapi.php?resort=aspenmountain HTTP/1.1" 200 1043 "-" "node-superagent/0.18.2"
170.75.162.130 - - [01/May/2015:06:10:07 -0700] "GET /lib/reccapi.php?resort=aspenheights HTTP/1.1" 200 1059 "-" "node-superagent/0.18.2"
170.75.162.130 - - [01/May/2015:06:10:07 -0700] "GET /lib/reccapi.php?resort=buttermilk HTTP/1.1" 200 1046 "-" "node-superagent/0.18.2"
170.75.162.130 - - [01/May/2015:06:10:07 -0700] "GET /lib/reccapi.php?resort=crestedbutte HTTP/1.1" 200 1076 "-" "node-superagent/0.18.2"
170.75.162.130 - - [01/May/2015:06:10:07 -0700] "GET /lib/reccapi.php?resort=keystone HTTP/1.1" 200 1049 "-" "node-superagent/0.18.2"
170.75.162.130 - - [01/May/2015:06:10:07 -0700] "GET /lib/reccapi.php?resort=loveland HTTP/1.1" 200 1111 "-" "node-superagent/0.18.2"
170.75.162.130 - - [01/May/2015:06:10:08 -0700] "GET /lib/reccapi.php?resort=monarch HTTP/1.1" 200 1045 "-" "node-superagent/0.18.2"
170.75.162.130 - - [01/May/2015:06:10:08 -0700] "GET /lib/reccapi.php?resort=snowmass HTTP/1.1" 200 1030 "-" "node-superagent/0.18.2"
170.75.162.130 - - [01/May/2015:06:10:08 -0700] "GET /lib/reccapi.php?resort=steamboat HTTP/1.1" 200 1058 "-" "node-superagent/0.18.2"
170.75.162.130 - - [01/May/2015:06:10:08 -0700] "GET /lib/reccapi.php?resort=telluride HTTP/1.1" 200 1040 "-" "node-superagent/0.18.2"
170.75.162.130 - - [01/May/2015:06:10:08 -0700] "GET /lib/reccapi.php?resort=winterpark HTTP/1.1" 200 1029 "-" "node-superagent/0.18.2"
46.229.164.113 - - [01/May/2015:06:13:01 -0700] "GET /resorts?resort=alyeska HTTP/1.1" 404 469 "-" "Mozilla/5.0 (compatible; SemrushBot/0.98~bl; +http://www.semrush.com/bot.html)"
170.75.162.130 - - [01/May/2015:06:14:07 -0700] "GET /lib/reccapi.php?resort=heavenly HTTP/1.1" 200 1046 "-" "node-superagent/0.18.2"
123.125.71.102 - - [01/May/2015:06:18:26 -0700] "GET / HTTP/1.1" 200 2339 "-" "Mozilla/5.0 (Windows NT 5.1; rv:6.0.2) Gecko/20100101 Firefox/6.0.2"
123.125.71.95 - - [01/May/2015:06:19:21 -0700] "-" 408 0 "-" "-"
220.181.108.94 - - [01/May/2015:06:22:50 -0700] "-" 408 0 "-" "-"
46.229.164.111 - - [01/May/2015:06:23:33 -0700] "GET /resorts?resort=canyons HTTP/1.1" 404 469 "-" "Mozilla/5.0 (compatible; SemrushBot/0.98~bl; +http://www.semrush.com/bot.html)"
157.55.39.19 - - [01/May/2015:06:29:28 -0700] "GET / HTTP/1.1" 200 2376 "-" "Mozilla/5.0 (compatible; bingbot/2.0; +http://www.bing.com/bingbot.htm)"
66.228.22.22 - - [01/May/2015:06:33:09 -0700] "GET / HTTP/1.1" 200 2376 "-" "Mozilla/5.0 (Windows NT 6.1; WOW64) AppleWebKit/537.36 (KHTML, like Gecko) Chrome/42.0.2311.135 Safari/537.36"
66.228.22.22 - - [01/May/2015:06:33:09 -0700] "GET /scripts/scripts/vendor/modernizr.js HTTP/1.1" 200 4903 "http://whereshouldiski.com/" "Mozilla/5.0 (Windows NT 6.1; WOW64) AppleWebKit/537.36 (KHTML, like Gecko) Chrome/42.0.2311.135 Safari/537.36"
66.228.22.22 - - [01/May/2015:06:33:09 -0700] "GET /styles/0fffd548.main.css HTTP/1.1" 200 19316 "http://whereshouldiski.com/" "Mozilla/5.0 (Windows NT 6.1; WOW64) AppleWebKit/537.36 (KHTML, like Gecko) Chrome/42.0.2311.135 Safari/537.36"
66.228.22.22 - - [01/May/2015:06:33:09 -0700] "GET /bower_components/requirejs/require.js HTTP/1.1" 200 6702 "http://whereshouldiski.com/" "Mozilla/5.0 (Windows NT 6.1; WOW64) AppleWebKit/537.36 (KHTML, like Gecko) Chrome/42.0.2311.135 Safari/537.36"
66.228.22.22 - - [01/May/2015:06:33:09 -0700] "GET /images/logo-sm.png HTTP/1.1" 200 16738 "http://whereshouldiski.com/" "Mozilla/5.0 (Windows NT 6.1; WOW64) AppleWebKit/537.36 (KHTML, like Gecko) Chrome/42.0.2311.135 Safari/537.36"
66.228.22.22 - - [01/May/2015:06:33:09 -0700] "GET /images/loading.gif HTTP/1.1" 200 13881 "http://whereshouldiski.com/" "Mozilla/5.0 (Windows NT 6.1; WOW64) AppleWebKit/537.36 (KHTML, like Gecko) Chrome/42.0.2311.135 Safari/537.36"
66.228.22.22 - - [01/May/2015:06:33:09 -0700] "GET /scripts/fa48e319.main.js HTTP/1.1" 200 123455 "http://whereshouldiski.com/" "Mozilla/5.0 (Windows NT 6.1; WOW64) AppleWebKit/537.36 (KHTML, like Gecko) Chrome/42.0.2311.135 Safari/537.36"
66.228.22.22 - - [01/May/2015:06:33:09 -0700] "GET /images/greyHeader.png HTTP/1.1" 200 508 "http://whereshouldiski.com/styles/0fffd548.main.css" "Mozilla/5.0 (Windows NT 6.1; WOW64) AppleWebKit/537.36 (KHTML, like Gecko) Chrome/42.0.2311.135 Safari/537.36"
66.228.22.22 - - [01/May/2015:06:33:09 -0700] "GET /images/button.png HTTP/1.1" 200 598 "http://whereshouldiski.com/styles/0fffd548.main.css" "Mozilla/5.0 (Windows NT 6.1; WOW64) AppleWebKit/537.36 (KHTML, like Gecko) Chrome/42.0.2311.135 Safari/537.36"
66.228.22.22 - - [01/May/2015:06:33:09 -0700] "GET /lib/reccapi.php?fields=t HTTP/1.1" 200 1835 "http://whereshouldiski.com/" "Mozilla/5.0 (Windows NT 6.1; WOW64) AppleWebKit/537.36 (KHTML, like Gecko) Chrome/42.0.2311.135 Safari/537.36"
66.228.22.22 - - [01/May/2015:06:33:10 -0700] "GET /images/bluebird5.png HTTP/1.1" 200 2177 "http://whereshouldiski.com/styles/0fffd548.main.css" "Mozilla/5.0 (Windows NT 6.1; WOW64) AppleWebKit/537.36 (KHTML, like Gecko) Chrome/42.0.2311.135 Safari/537.36"
66.228.22.22 - - [01/May/2015:06:33:10 -0700] "GET /images/star5.png HTTP/1.1" 200 1783 "http://whereshouldiski.com/styles/0fffd548.main.css" "Mozilla/5.0 (Windows NT 6.1; WOW64) AppleWebKit/537.36 (KHTML, like Gecko) Chrome/42.0.2311.135 Safari/537.36"
66.228.22.22 - - [01/May/2015:06:33:10 -0700] "GET /images/mtns-icon.png HTTP/1.1" 200 1096 "http://whereshouldiski.com/styles/0fffd548.main.css" "Mozilla/5.0 (Windows NT 6.1; WOW64) AppleWebKit/537.36 (KHTML, like Gecko) Chrome/42.0.2311.135 Safari/537.36"
66.228.22.22 - - [01/May/2015:06:33:10 -0700] "GET /images/snowflake5.png HTTP/1.1" 200 2857 "http://whereshouldiski.com/styles/0fffd548.main.css" "Mozilla/5.0 (Windows NT 6.1; WOW64) AppleWebKit/537.36 (KHTML, like Gecko) Chrome/42.0.2311.135 Safari/537.36"
66.228.22.22 - - [01/May/2015:06:33:10 -0700] "GET /images/shading-icon.png HTTP/1.1" 200 537 "http://whereshouldiski.com/styles/0fffd548.main.css" "Mozilla/5.0 (Windows NT 6.1; WOW64) AppleWebKit/537.36 (KHTML, like Gecko) Chrome/42.0.2311.135 Safari/537.36"
66.228.22.22 - - [01/May/2015:06:33:10 -0700] "GET /favicon.ico HTTP/1.1" 200 1475 "http://whereshouldiski.com/" "Mozilla/5.0 (Windows NT 6.1; WOW64) AppleWebKit/537.36 (KHTML, like Gecko) Chrome/42.0.2311.135 Safari/537.36"
66.228.22.22 - - [01/May/2015:06:33:10 -0700] "GET /lib/reccapi.php?fields=t&coords=45.9656212,-121.3426029 HTTP/1.1" 200 2030 "http://whereshouldiski.com/" "Mozilla/5.0 (Windows NT 6.1; WOW64) AppleWebKit/537.36 (KHTML, like Gecko) Chrome/42.0.2311.135 Safari/537.36"
46.229.164.113 - - [01/May/2015:06:34:38 -0700] "GET /resorts?resort=alpinemeadows HTTP/1.1" 404 469 "-" "Mozilla/5.0 (compatible; SemrushBot/0.98~bl; +http://www.semrush.com/bot.html)"
46.229.164.111 - - [01/May/2015:06:44:51 -0700] "GET /resorts?resort=mountainhigh HTTP/1.1" 404 469 "-" "Mozilla/5.0 (compatible; SemrushBot/0.98~bl; +http://www.semrush.com/bot.html)"
70.211.79.28 - - [01/May/2015:06:45:58 -0700] "GET /images/wsis-logo-sm.png HTTP/1.1" 200 6108 "http://www.thebackcountry.net/" "Mozilla/5.0 (Windows NT 6.3; WOW64; Trident/7.0; rv:11.0) like Gecko"
70.211.79.28 - - [01/May/2015:06:46:19 -0700] "-" 408 0 "-" "-"
123.125.71.48 - - [01/May/2015:06:48:46 -0700] "GET / HTTP/1.1" 200 2339 "-" "Mozilla/5.0 (Windows NT 5.1; rv:6.0.2) Gecko/20100101 Firefox/6.0.2"
123.125.71.28 - - [01/May/2015:06:49:37 -0700] "GET / HTTP/1.1" 200 6114 "-" "Mozilla/5.0 (Windows NT 5.1; rv:6.0.2) Gecko/20100101 Firefox/6.0.2"
212.93.4.20 - - [01/May/2015:06:51:40 -0700] "POST /cgi-bin/php?%2D%64+%61%6C%6C%6F%77%5F%75%72%6C%5F%69%6E%63%6C%75%64%65%3D%6F%6E+%2D%64+%73%61%66%65%5F%6D%6F%64%65%3D%6F%66%66+%2D%64+%73%75%68%6F%73%69%6E%2E%73%69%6D%75%6C%61%74%69%6F%6E%3D%6F%6E+%2D%64+%64%69%73%61%62%6C%65%5F%66%75%6E%63%74%69%6F%6E%73%3D%22%22+%2D%64+%6F%70%65%6E%5F%62%61%73%65%64%69%72%3D%6E%6F%6E%65+%2D%64+%61%75%74%6F%5F%70%72%65%70%65%6E%64%5F%66%69%6C%65%3D%70%68%70%3A%2F%2F%69%6E%70%75%74+%2D%64+%63%67%69%2E%66%6F%72%63%65%5F%72%65%64%69%72%65%63%74%3D%30+%2D%64+%63%67%69%2E%72%65%64%69%72%65%63%74%5F%73%74%61%74%75%73%5F%65%6E%76%3D%30+%2D%6E HTTP/1.1" 404 491 "-" "Mozilla/5.0 (iPad; CPU OS 6_0 like Mac OS X) AppleWebKit/536.26(KHTML, like Gecko) Version/6.0 Mobile/10A5355d Safari/8536.25"
212.93.4.20 - - [01/May/2015:06:51:40 -0700] "POST /cgi-bin/php5?%2D%64+%61%6C%6C%6F%77%5F%75%72%6C%5F%69%6E%63%6C%75%64%65%3D%6F%6E+%2D%64+%73%61%66%65%5F%6D%6F%64%65%3D%6F%66%66+%2D%64+%73%75%68%6F%73%69%6E%2E%73%69%6D%75%6C%61%74%69%6F%6E%3D%6F%6E+%2D%64+%64%69%73%61%62%6C%65%5F%66%75%6E%63%74%69%6F%6E%73%3D%22%22+%2D%64+%6F%70%65%6E%5F%62%61%73%65%64%69%72%3D%6E%6F%6E%65+%2D%64+%61%75%74%6F%5F%70%72%65%70%65%6E%64%5F%66%69%6C%65%3D%70%68%70%3A%2F%2F%69%6E%70%75%74+%2D%64+%63%67%69%2E%66%6F%72%63%65%5F%72%65%64%69%72%65%63%74%3D%30+%2D%64+%63%67%69%2E%72%65%64%69%72%65%63%74%5F%73%74%61%74%75%73%5F%65%6E%76%3D%30+%2D%6E HTTP/1.1" 404 492 "-" "Mozilla/5.0 (iPad; CPU OS 6_0 like Mac OS X) AppleWebKit/536.26(KHTML, like Gecko) Version/6.0 Mobile/10A5355d Safari/8536.25"
212.93.4.20 - - [01/May/2015:06:51:40 -0700] "POST /cgi-bin/php-cgi?%2D%64+%61%6C%6C%6F%77%5F%75%72%6C%5F%69%6E%63%6C%75%64%65%3D%6F%6E+%2D%64+%73%61%66%65%5F%6D%6F%64%65%3D%6F%66%66+%2D%64+%73%75%68%6F%73%69%6E%2E%73%69%6D%75%6C%61%74%69%6F%6E%3D%6F%6E+%2D%64+%64%69%73%61%62%6C%65%5F%66%75%6E%63%74%69%6F%6E%73%3D%22%22+%2D%64+%6F%70%65%6E%5F%62%61%73%65%64%69%72%3D%6E%6F%6E%65+%2D%64+%61%75%74%6F%5F%70%72%65%70%65%6E%64%5F%66%69%6C%65%3D%70%68%70%3A%2F%2F%69%6E%70%75%74+%2D%64+%63%67%69%2E%66%6F%72%63%65%5F%72%65%64%69%72%65%63%74%3D%30+%2D%64+%63%67%69%2E%72%65%64%69%72%65%63%74%5F%73%74%61%74%75%73%5F%65%6E%76%3D%30+%2D%6E HTTP/1.1" 404 495 "-" "Mozilla/5.0 (iPad; CPU OS 6_0 like Mac OS X) AppleWebKit/536.26(KHTML, like Gecko) Version/6.0 Mobile/10A5355d Safari/8536.25"
220.181.108.84 - - [01/May/2015:06:53:50 -0700] "-" 408 0 "-" "-"
46.229.164.102 - - [01/May/2015:06:54:59 -0700] "GET /resorts?resort=arapahoebasin HTTP/1.1" 404 469 "-" "Mozilla/5.0 (compatible; SemrushBot/0.98~bl; +http://www.semrush.com/bot.html)"
180.76.5.167 - - [01/May/2015:06:55:24 -0700] "GET /resorts?resort=moonlightbasin&date=2014-02-09 HTTP/1.1" 404 472 "-" "Mozilla/5.0 (compatible; Baiduspider/2.0; +http://www.baidu.com/search/spider.html)"
24.32.30.78 - - [01/May/2015:07:04:28 -0700] "GET /images/wsis-logo-sm.png HTTP/1.1" 200 6108 "http://www.thebackcountry.net/" "Mozilla/5.0 (Linux; Android 5.0.1; SAMSUNG-SGH-I337 Build/LRX22C) AppleWebKit/537.36 (KHTML, like Gecko) SamsungBrowser/2.1 Chrome/34.0.1847.76 Mobile Safari/537.36"
46.229.164.102 - - [01/May/2015:07:04:33 -0700] "GET /resorts?resort=redlodge HTTP/1.1" 404 469 "-" "Mozilla/5.0 (compatible; SemrushBot/0.98~bl; +http://www.semrush.com/bot.html)"
170.75.162.130 - - [01/May/2015:07:06:02 -0700] "GET /lib/reccapi.php?resort=mammothmountain HTTP/1.1" 200 1032 "-" "node-superagent/0.18.2"
170.75.162.130 - - [01/May/2015:07:07:52 -0700] "GET /lib/reccapi.php?resort=jaypeak HTTP/1.1" 200 969 "-" "node-superagent/0.18.2"
46.229.164.102 - - [01/May/2015:07:12:38 -0700] "GET /resorts?resort=steamboat HTTP/1.1" 404 469 "-" "Mozilla/5.0 (compatible; SemrushBot/0.98~bl; +http://www.semrush.com/bot.html)"
46.229.164.114 - - [01/May/2015:07:21:10 -0700] "GET /resorts?resort=solitude HTTP/1.1" 404 469 "-" "Mozilla/5.0 (compatible; SemrushBot/0.98~bl; +http://www.semrush.com/bot.html)"
216.52.242.14 - - [01/May/2015:07:21:44 -0700] "GET /images/viz-screenshot.png HTTP/1.1" 404 480 "-" "LinkedInBot/1.0 (compatible; Mozilla/5.0; Jakarta Commons-HttpClient/4.3 +http://www.linkedin.com)"
170.75.162.130 - - [01/May/2015:07:22:03 -0700] "GET /lib/reccapi.php?resort=sunvalley HTTP/1.1" 200 1004 "-" "node-superagent/0.18.2"
46.229.164.102 - - [01/May/2015:07:32:39 -0700] "GET /viz/2012-2013-viz.php HTTP/1.1" 404 469 "-" "Mozilla/5.0 (compatible; SemrushBot/0.98~bl; +http://www.semrush.com/bot.html)"
92.113.28.14 - - [01/May/2015:07:44:30 -0700] "GET / HTTP/1.1" 200 2339 "http://bluerobot.info/nw2/frogohotimusuku" "Mozilla/5.0 (Windows NT 6.1; WOW64) AppleWebKit/537.36 (KHTML, like Gecko) Chrome/30.0.1599.101 Safari/537.36"
162.222.177.59 - - [01/May/2015:07:48:23 -0700] "GET / HTTP/1.0" 200 6151 "-" "NerdyBot"
123.125.71.38 - - [01/May/2015:07:49:42 -0700] "-" 408 0 "-" "-"
170.75.162.130 - - [01/May/2015:07:49:56 -0700] "GET /lib/reccapi.php?resort=hoodoo HTTP/1.1" 200 951 "-" "node-superagent/0.18.2"
170.75.162.130 - - [01/May/2015:07:49:56 -0700] "GET /lib/reccapi.php?resort=mounthoodmeadows HTTP/1.1" 200 971 "-" "node-superagent/0.18.2"
49.150.205.115 - - [01/May/2015:07:49:59 -0700] "GET /images/wsis-logo-sm.png HTTP/1.1" 200 6108 "http://thebackcountry.net/" "Mozilla/5.0 (Windows NT 6.1; WOW64) AppleWebKit/537.36 (KHTML, like Gecko) Chrome/36.0.1985.143 Safari/537.36"
46.229.164.114 - - [01/May/2015:07:52:31 -0700] "GET /resorts?resort=snowbasin HTTP/1.1" 404 469 "-" "Mozilla/5.0 (compatible; SemrushBot/0.98~bl; +http://www.semrush.com/bot.html)"
220.181.108.78 - - [01/May/2015:07:54:29 -0700] "-" 408 0 "-" "-"
170.75.162.130 - - [01/May/2015:07:55:26 -0700] "GET /lib/reccapi.php?resort=sugarloaf HTTP/1.1" 200 955 "-" "node-superagent/0.18.2"
73.219.58.98 - - [01/May/2015:07:55:43 -0700] "GET /images/wsis-logo-sm.png HTTP/1.1" 200 6108 "http://www.thebackcountry.net/" "Mozilla/5.0 (Macintosh; Intel Mac OS X 10.10; rv:37.0) Gecko/20100101 Firefox/37.0"
170.75.162.130 - - [01/May/2015:07:58:36 -0700] "GET /lib/reccapi.php?resort=sugarbowl HTTP/1.1" 200 1031 "-" "node-superagent/0.18.2"
180.76.4.241 - - [01/May/2015:08:04:05 -0700] "GET / HTTP/1.1" 200 6114 "-" "Mozilla/4.0 (compatible; MSIE 7.0; Windows NT 6.0)"
180.76.5.145 - - [01/May/2015:08:15:12 -0700] "GET /resorts?resort=homewoodmountain&date=2014-01-12 HTTP/1.1" 404 472 "-" "Mozilla/5.0 (compatible; Baiduspider/2.0; +http://www.baidu.com/search/spider.html)"
170.75.162.130 - - [01/May/2015:08:16:48 -0700] "GET /lib/reccapi.php?resort=49degreesnorth HTTP/1.1" 200 992 "-" "node-superagent/0.18.2"
170.75.162.130 - - [01/May/2015:08:16:48 -0700] "GET /lib/reccapi.php?resort=crystalmountain HTTP/1.1" 200 991 "-" "node-superagent/0.18.2"
170.75.162.130 - - [01/May/2015:08:16:48 -0700] "GET /lib/reccapi.php?resort=mountspokane HTTP/1.1" 200 990 "-" "node-superagent/0.18.2"
170.75.162.130 - - [01/May/2015:08:16:48 -0700] "GET /lib/reccapi.php?resort=stevenspass HTTP/1.1" 200 959 "-" "node-superagent/0.18.2"
170.75.162.130 - - [01/May/2015:08:18:48 -0700] "GET /lib/reccapi.php?resort=smugglersnotch HTTP/1.1" 200 979 "-" "node-superagent/0.18.2"
170.75.162.130 - - [01/May/2015:08:24:29 -0700] "GET /lib/reccapi.php?resort=parkcity HTTP/1.1" 200 1032 "-" "node-superagent/0.18.2"
46.229.164.114 - - [01/May/2015:08:24:31 -0700] "GET /resorts?resort=sundayriver HTTP/1.1" 404 469 "-" "Mozilla/5.0 (compatible; SemrushBot/0.98~bl; +http://www.semrush.com/bot.html)"
222.141.64.65 - - [01/May/2015:08:37:16 -0700] "GET /muieblackcat HTTP/1.1" 404 466 "-" "-"
222.141.64.65 - - [01/May/2015:08:37:18 -0700] "GET //phpMyAdmin/scripts/setup.php HTTP/1.1" 404 466 "-" "-"
222.141.64.65 - - [01/May/2015:08:37:19 -0700] "GET //phpmyadmin/scripts/setup.php HTTP/1.1" 404 466 "-" "-"
222.141.64.65 - - [01/May/2015:08:37:19 -0700] "GET //myadmin/scripts/setup.php HTTP/1.1" 404 466 "-" "-"
222.141.64.65 - - [01/May/2015:08:37:20 -0700] "GET //mysqladmin/scripts/setup.php HTTP/1.1" 404 466 "-" "-"
222.141.64.65 - - [01/May/2015:08:37:21 -0700] "GET //pma/scripts/setup.php HTTP/1.1" 404 466 "-" "-"
222.141.64.65 - - [01/May/2015:08:37:21 -0700] "GET //mysql/scripts/setup.php HTTP/1.1" 404 466 "-" "-"
222.141.64.65 - - [01/May/2015:08:37:22 -0700] "GET //web/scripts/setup.php HTTP/1.1" 404 466 "-" "-"
222.141.64.65 - - [01/May/2015:08:37:22 -0700] "GET //websql/scripts/setup.php HTTP/1.1" 404 466 "-" "-"
222.141.64.65 - - [01/May/2015:08:37:23 -0700] "GET //phpadmin/scripts/setup.php HTTP/1.1" 404 466 "-" "-"
222.141.64.65 - - [01/May/2015:08:37:23 -0700] "GET //MyAdmin/scripts/setup.php HTTP/1.1" 404 466 "-" "-"
222.141.64.65 - - [01/May/2015:08:37:24 -0700] "GET //phpAdmin/scripts/setup.php HTTP/1.1" 404 466 "-" "-"
222.141.64.65 - - [01/May/2015:08:37:25 -0700] "GET //PHPMYADMIN/scripts/setup.php HTTP/1.1" 404 466 "-" "-"
222.141.64.65 - - [01/May/2015:08:37:25 -0700] "GET //pMA/scripts/setup.php HTTP/1.1" 404 466 "-" "-"
222.141.64.65 - - [01/May/2015:08:37:26 -0700] "GET //PMA/scripts/setup.php HTTP/1.1" 404 466 "-" "-"
222.141.64.65 - - [01/May/2015:08:37:26 -0700] "GET //SQL/scripts/setup.php HTTP/1.1" 404 466 "-" "-"
222.141.64.65 - - [01/May/2015:08:37:27 -0700] "GET //db/scripts/setup.php HTTP/1.1" 404 466 "-" "-"
222.141.64.65 - - [01/May/2015:08:37:27 -0700] "GET //dbadmin/scripts/setup.php HTTP/1.1" 404 466 "-" "-"
222.141.64.65 - - [01/May/2015:08:37:28 -0700] "GET //pHpMyAdMiN/scripts/setup.php HTTP/1.1" 404 466 "-" "-"
222.141.64.65 - - [01/May/2015:08:37:29 -0700] "GET //sql/scripts/setup.php HTTP/1.1" 404 466 "-" "-"
123.125.71.26 - - [01/May/2015:08:49:15 -0700] "-" 408 0 "-" "-"
220.181.108.121 - - [01/May/2015:08:54:33 -0700] "-" 408 0 "-" "-"
170.75.162.130 - - [01/May/2015:08:56:31 -0700] "GET /lib/reccapi.php?resort=brianhead HTTP/1.1" 200 1037 "-" "node-superagent/0.18.2"
151.250.223.55 - - [01/May/2015:08:56:45 -0700] "GET /images/wsis-logo-sm.png HTTP/1.1" 200 6108 "http://thebackcountry.net/" "Mozilla/5.0 (Macintosh; Intel Mac OS X 10.9; rv:37.0) Gecko/20100101 Firefox/37.0"
24.180.42.102 - - [01/May/2015:08:57:14 -0700] "GET /images/wsis-logo-sm.png HTTP/1.1" 200 6108 "http://www.thebackcountry.net/" "Mozilla/5.0 (Windows NT 6.3; WOW64; Trident/7.0; rv:11.0) like Gecko"
170.75.162.130 - - [01/May/2015:08:57:31 -0700] "GET /lib/reccapi.php?resort=brighton HTTP/1.1" 200 1009 "-" "node-superagent/0.18.2"
170.75.162.130 - - [01/May/2015:08:57:31 -0700] "GET /lib/reccapi.php?resort=snowbird HTTP/1.1" 200 1010 "-" "node-superagent/0.18.2"
170.75.162.130 - - [01/May/2015:08:57:31 -0700] "GET /lib/reccapi.php?resort=solitude HTTP/1.1" 200 1000 "-" "node-superagent/0.18.2"
24.180.42.102 - - [01/May/2015:08:57:36 -0700] "-" 408 0 "-" "-"
170.75.162.130 - - [01/May/2015:08:58:41 -0700] "GET /lib/reccapi.php?resort=cannonmountain HTTP/1.1" 200 951 "-" "node-superagent/0.18.2"
170.75.162.130 - - [01/May/2015:08:58:51 -0700] "GET /lib/reccapi.php?resort=chinapeak HTTP/1.1" 200 998 "-" "node-superagent/0.18.2"
128.177.108.218 - - [01/May/2015:09:03:17 -0700] "GET /images/wsis-logo-sm.png HTTP/1.1" 200 6052 "-" "Mozilla/5.0 (Windows; U; Windows NT 5.1; en-US; rv:1.9.0.1) Gecko/2008070208 Firefox/3.0.1"
50.194.136.69 - - [01/May/2015:09:06:46 -0700] "GET /images/wsis-logo-sm.png HTTP/1.1" 200 6108 "http://www.thebackcountry.net/" "Mozilla/5.0 (Windows NT 6.1; WOW64; rv:37.0) Gecko/20100101 Firefox/37.0"
199.30.24.63 - - [01/May/2015:09:20:14 -0700] "GET /images/wsis-logo-sm.png HTTP/1.1" 200 6052 "http://www.thebackcountry.net/" "Mozilla/5.0 (iPhone; CPU iPhone OS 7_0 like Mac OS X) AppleWebKit/537.51.1 (KHTML, like Gecko) Version/7.0 Mobile/11A465 Safari/9537.53 BingPreview/1.0b"
207.46.13.92 - - [01/May/2015:09:20:48 -0700] "GET /robots.txt HTTP/1.1" 200 419 "-" "Mozilla/5.0 (compatible; bingbot/2.0; +http://www.bing.com/bingbot.htm)"
67.188.247.200 - - [01/May/2015:09:21:24 -0700] "GET /images/wsis-logo-sm.png HTTP/1.1" 200 6108 "http://www.thebackcountry.net/" "Mozilla/5.0 (Macintosh; Intel Mac OS X 10_9_4) AppleWebKit/537.36 (KHTML, like Gecko) Chrome/41.0.2272.104 Safari/537.36"
113.210.135.98 - - [01/May/2015:09:26:13 -0700] "GET /images/wsis-logo-sm.png HTTP/1.1" 200 6108 "http://www.thebackcountry.net/" "Mozilla/5.0 (iPad; CPU OS 8_3 like Mac OS X) AppleWebKit/600.1.4 (KHTML, like Gecko) Version/8.0 Mobile/12F69 Safari/600.1.4"
46.229.164.102 - - [01/May/2015:09:28:12 -0700] "GET /resorts?resort=brighton HTTP/1.1" 404 469 "-" "Mozilla/5.0 (compatible; SemrushBot/0.98~bl; +http://www.semrush.com/bot.html)"
70.211.71.225 - - [01/May/2015:09:28:33 -0700] "GET /images/wsis-logo-sm.png HTTP/1.1" 200 6108 "http://www.thebackcountry.net/" "Mozilla/5.0 (iPhone; CPU iPhone OS 7_1_2 like Mac OS X) AppleWebKit/537.51.2 (KHTML, like Gecko) Version/7.0 Mobile/11D257 Safari/9537.53"
73.15.78.54 - - [01/May/2015:09:30:20 -0700] "GET /images/wsis-logo-sm.png HTTP/1.1" 200 6108 "http://www.thebackcountry.net/" "Mozilla/5.0 (Windows NT 6.3; WOW64) AppleWebKit/537.36 (KHTML, like Gecko) Chrome/42.0.2311.135 Safari/537.36"
209.129.90.189 - - [01/May/2015:09:37:51 -0700] "GET /images/wsis-logo-sm.png HTTP/1.1" 200 6108 "http://www.thebackcountry.net/" "Mozilla/5.0 (Windows NT 6.1; WOW64; Trident/7.0; rv:11.0) like Gecko"
209.129.90.189 - - [01/May/2015:09:38:12 -0700] "-" 408 0 "-" "-"
46.229.164.113 - - [01/May/2015:09:38:30 -0700] "GET /resorts?resort=loveland HTTP/1.1" 404 469 "-" "Mozilla/5.0 (compatible; SemrushBot/0.98~bl; +http://www.semrush.com/bot.html)"
170.75.162.130 - - [01/May/2015:09:39:35 -0700] "GET /lib/reccapi.php?resort=alpinemeadows HTTP/1.1" 200 1087 "-" "node-superagent/0.18.2"
170.75.162.130 - - [01/May/2015:09:39:35 -0700] "GET /lib/reccapi.php?resort=homewoodmountain HTTP/1.1" 200 1050 "-" "node-superagent/0.18.2"
170.75.162.130 - - [01/May/2015:09:39:35 -0700] "GET /lib/reccapi.php?resort=diamondpeak HTTP/1.1" 200 1021 "-" "node-superagent/0.18.2"
170.75.162.130 - - [01/May/2015:09:39:35 -0700] "GET /lib/reccapi.php?resort=kirkwood HTTP/1.1" 200 1098 "-" "node-superagent/0.18.2"
170.75.162.130 - - [01/May/2015:09:39:35 -0700] "GET /lib/reccapi.php?resort=mtrose HTTP/1.1" 200 1018 "-" "node-superagent/0.18.2"
170.75.162.130 - - [01/May/2015:09:39:35 -0700] "GET /lib/reccapi.php?resort=northstar-at-tahoe HTTP/1.1" 200 1033 "-" "node-superagent/0.18.2"
170.75.162.130 - - [01/May/2015:09:39:35 -0700] "GET /lib/reccapi.php?resort=sierra-at-tahoe HTTP/1.1" 200 1082 "-" "node-superagent/0.18.2"
170.75.162.130 - - [01/May/2015:09:39:35 -0700] "GET /lib/reccapi.php?resort=squawvalleyusa HTTP/1.1" 200 1049 "-" "node-superagent/0.18.2"
209.129.90.189 - - [01/May/2015:09:40:20 -0700] "-" 408 0 "-" "-"
170.75.162.130 - - [01/May/2015:09:41:35 -0700] "GET /lib/reccapi.php?resort=mountainhigh HTTP/1.1" 200 990 "-" "node-superagent/0.18.2"
123.125.71.74 - - [01/May/2015:09:43:26 -0700] "GET / HTTP/1.1" 200 2339 "-" "Mozilla/5.0 (Windows NT 5.1; rv:6.0.2) Gecko/20100101 Firefox/6.0.2"
123.125.71.102 - - [01/May/2015:09:44:17 -0700] "GET / HTTP/1.1" 200 6114 "-" "Mozilla/5.0 (Windows NT 5.1; rv:6.0.2) Gecko/20100101 Firefox/6.0.2"
46.229.164.111 - - [01/May/2015:09:47:13 -0700] "GET /blog/11-2012-2013-powder-rating-visualization HTTP/1.1" 404 469 "-" "Mozilla/5.0 (compatible; SemrushBot/0.98~bl; +http://www.semrush.com/bot.html)"
220.181.108.116 - - [01/May/2015:09:48:16 -0700] "-" 408 0 "-" "-"
46.229.164.99 - - [01/May/2015:09:54:22 -0700] "GET /resorts?resort=sunvalley HTTP/1.1" 404 469 "-" "Mozilla/5.0 (compatible; SemrushBot/0.98~bl; +http://www.semrush.com/bot.html)"
170.75.162.130 - - [01/May/2015:09:55:36 -0700] "GET /lib/reccapi.php?resort=taos HTTP/1.1" 200 998 "-" "node-superagent/0.18.2"
46.229.164.111 - - [01/May/2015:10:02:15 -0700] "GET /resorts?resort=crystalmountain HTTP/1.1" 404 469 "-" "Mozilla/5.0 (compatible; SemrushBot/0.98~bl; +http://www.semrush.com/bot.html)"
180.76.4.161 - - [01/May/2015:10:03:55 -0700] "GET / HTTP/1.1" 200 6114 "-" "Mozilla/4.0 (compatible; MSIE 7.0; Windows NT 6.0)"
46.229.164.111 - - [01/May/2015:10:09:47 -0700] "GET /resorts?resort=whistlerblackcomb HTTP/1.1" 404 469 "-" "Mozilla/5.0 (compatible; SemrushBot/0.98~bl; +http://www.semrush.com/bot.html)"
46.229.164.99 - - [01/May/2015:10:17:12 -0700] "GET /resorts?resort=stevenspass HTTP/1.1" 404 469 "-" "Mozilla/5.0 (compatible; SemrushBot/0.98~bl; +http://www.semrush.com/bot.html)"
170.75.162.130 - - [01/May/2015:10:17:48 -0700] "GET /lib/reccapi.php?resort=heavenly HTTP/1.1" 200 1047 "-" "node-superagent/0.18.2"
170.75.162.130 - - [01/May/2015:10:18:28 -0700] "GET /lib/reccapi.php?resort=telluride HTTP/1.1" 200 1037 "-" "node-superagent/0.18.2"
46.229.164.113 - - [01/May/2015:10:24:47 -0700] "GET /resorts?resort=mammothmountain HTTP/1.1" 404 469 "-" "Mozilla/5.0 (compatible; SemrushBot/0.98~bl; +http://www.semrush.com/bot.html)"
46.229.164.102 - - [01/May/2015:10:31:45 -0700] "GET /resorts?resort=diamondpeak HTTP/1.1" 404 469 "-" "Mozilla/5.0 (compatible; SemrushBot/0.98~bl; +http://www.semrush.com/bot.html)"
188.165.15.183 - - [01/May/2015:10:32:50 -0700] "GET /robots.txt HTTP/1.1" 200 363 "-" "Mozilla/5.0 (compatible; AhrefsBot/5.0; +http://ahrefs.com/robot/)"
46.229.164.113 - - [01/May/2015:10:38:59 -0700] "GET /resorts?resort=kirkwood HTTP/1.1" 404 469 "-" "Mozilla/5.0 (compatible; SemrushBot/0.98~bl; +http://www.semrush.com/bot.html)"
170.75.162.130 - - [01/May/2015:10:39:30 -0700] "GET /lib/reccapi.php?resort=alyeska HTTP/1.1" 200 1010 "-" "node-superagent/0.18.2"
46.229.164.99 - - [01/May/2015:10:45:09 -0700] "GET /resorts?resort=brianhead HTTP/1.1" 404 469 "-" "Mozilla/5.0 (compatible; SemrushBot/0.98~bl; +http://www.semrush.com/bot.html)"
46.229.164.111 - - [01/May/2015:10:51:09 -0700] "GET /resorts?resort=49degreesnorth HTTP/1.1" 404 469 "-" "Mozilla/5.0 (compatible; SemrushBot/0.98~bl; +http://www.semrush.com/bot.html)"
186.226.64.206 - - [01/May/2015:10:52:04 -0700] "GET / HTTP/1.1" 200 2376 "http://best-seo-offer.com/try.php?u=http://whereshouldiski.com" "Mozilla/5.0 (Windows NT 6.1; WOW64) AppleWebKit/537.36 (KHTML, like Gecko) Chrome/36.0.1985.143 Safari/537.36"
186.226.64.206 - - [01/May/2015:10:52:05 -0700] "GET /styles/0fffd548.main.css HTTP/1.1" 200 19316 "http://whereshouldiski.com/" "Mozilla/5.0 (Windows NT 6.1; WOW64) AppleWebKit/537.36 (KHTML, like Gecko) Chrome/36.0.1985.143 Safari/537.36"
186.226.64.206 - - [01/May/2015:10:52:05 -0700] "GET /scripts/scripts/vendor/modernizr.js HTTP/1.1" 200 4903 "http://whereshouldiski.com/" "Mozilla/5.0 (Windows NT 6.1; WOW64) AppleWebKit/537.36 (KHTML, like Gecko) Chrome/36.0.1985.143 Safari/537.36"
186.226.64.206 - - [01/May/2015:10:52:05 -0700] "GET /bower_components/requirejs/require.js HTTP/1.1" 200 6702 "http://whereshouldiski.com/" "Mozilla/5.0 (Windows NT 6.1; WOW64) AppleWebKit/537.36 (KHTML, like Gecko) Chrome/36.0.1985.143 Safari/537.36"
186.226.64.206 - - [01/May/2015:10:52:06 -0700] "GET /images/logo-sm.png HTTP/1.1" 200 16737 "http://whereshouldiski.com/" "Mozilla/5.0 (Windows NT 6.1; WOW64) AppleWebKit/537.36 (KHTML, like Gecko) Chrome/36.0.1985.143 Safari/537.36"
186.226.64.206 - - [01/May/2015:10:52:06 -0700] "GET /images/loading.gif HTTP/1.1" 200 13881 "http://whereshouldiski.com/" "Mozilla/5.0 (Windows NT 6.1; WOW64) AppleWebKit/537.36 (KHTML, like Gecko) Chrome/36.0.1985.143 Safari/537.36"
186.226.64.206 - - [01/May/2015:10:52:07 -0700] "GET /scripts/fa48e319.main.js HTTP/1.1" 200 123455 "http://whereshouldiski.com/" "Mozilla/5.0 (Windows NT 6.1; WOW64) AppleWebKit/537.36 (KHTML, like Gecko) Chrome/36.0.1985.143 Safari/537.36"
186.226.64.206 - - [01/May/2015:10:52:10 -0700] "GET /images/button.png HTTP/1.1" 200 598 "http://whereshouldiski.com/" "Mozilla/5.0 (Windows NT 6.1; WOW64) AppleWebKit/537.36 (KHTML, like Gecko) Chrome/36.0.1985.143 Safari/537.36"
186.226.64.206 - - [01/May/2015:10:52:10 -0700] "GET /lib/reccapi.php?fields=t HTTP/1.1" 200 1766 "http://whereshouldiski.com/" "Mozilla/5.0 (Windows NT 6.1; WOW64) AppleWebKit/537.36 (KHTML, like Gecko) Chrome/36.0.1985.143 Safari/537.36"
186.226.64.206 - - [01/May/2015:10:52:11 -0700] "GET /images/greyHeader.png HTTP/1.1" 200 508 "http://whereshouldiski.com/" "Mozilla/5.0 (Windows NT 6.1; WOW64) AppleWebKit/537.36 (KHTML, like Gecko) Chrome/36.0.1985.143 Safari/537.36"
186.226.64.206 - - [01/May/2015:10:52:11 -0700] "GET /images/snowflake5.png HTTP/1.1" 200 2857 "http://whereshouldiski.com/" "Mozilla/5.0 (Windows NT 6.1; WOW64) AppleWebKit/537.36 (KHTML, like Gecko) Chrome/36.0.1985.143 Safari/537.36"
186.226.64.206 - - [01/May/2015:10:52:11 -0700] "GET /images/bluebird5.png HTTP/1.1" 200 2177 "http://whereshouldiski.com/" "Mozilla/5.0 (Windows NT 6.1; WOW64) AppleWebKit/537.36 (KHTML, like Gecko) Chrome/36.0.1985.143 Safari/537.36"
186.226.64.206 - - [01/May/2015:10:52:11 -0700] "GET /images/mtns-icon.png HTTP/1.1" 200 1096 "http://whereshouldiski.com/" "Mozilla/5.0 (Windows NT 6.1; WOW64) AppleWebKit/537.36 (KHTML, like Gecko) Chrome/36.0.1985.143 Safari/537.36"
186.226.64.206 - - [01/May/2015:10:52:12 -0700] "GET /images/shading-icon.png HTTP/1.1" 200 536 "http://whereshouldiski.com/" "Mozilla/5.0 (Windows NT 6.1; WOW64) AppleWebKit/537.36 (KHTML, like Gecko) Chrome/36.0.1985.143 Safari/537.36"
186.226.64.206 - - [01/May/2015:10:52:14 -0700] "GET /images/star5.png HTTP/1.1" 200 1784 "http://whereshouldiski.com/" "Mozilla/5.0 (Windows NT 6.1; WOW64) AppleWebKit/537.36 (KHTML, like Gecko) Chrome/36.0.1985.143 Safari/537.36"
186.226.64.206 - - [01/May/2015:10:52:35 -0700] "-" 408 0 "-" "-"
186.226.64.206 - - [01/May/2015:10:52:35 -0700] "-" 408 0 "-" "-"
186.226.64.206 - - [01/May/2015:10:52:36 -0700] "-" 408 0 "-" "-"
127.0.0.1 - - [01/May/2015:10:52:37 -0700] "OPTIONS * HTTP/1.0" 200 126 "-" "Apache/2.2.22 (Ubuntu) (internal dummy connection)"
46.229.164.111 - - [01/May/2015:10:59:06 -0700] "GET /resorts?resort=schweitzer HTTP/1.1" 404 469 "-" "Mozilla/5.0 (compatible; SemrushBot/0.98~bl; +http://www.semrush.com/bot.html)"
12.2.177.170 - - [01/May/2015:11:04:05 -0700] "GET /images/wsis-logo-sm.png HTTP/1.1" 200 6108 "http://www.thebackcountry.net/" "Mozilla/5.0 (Macintosh; Intel Mac OS X 10_9_4) AppleWebKit/537.36 (KHTML, like Gecko) Chrome/42.0.2311.135 Safari/537.36"
46.229.164.114 - - [01/May/2015:11:11:02 -0700] "GET /resorts?resort=snowmass HTTP/1.1" 404 469 "-" "Mozilla/5.0 (compatible; SemrushBot/0.98~bl; +http://www.semrush.com/bot.html)"
123.125.71.79 - - [01/May/2015:11:15:05 -0700] "-" 408 0 "-" "-"
64.113.161.6 - - [01/May/2015:11:18:22 -0700] "GET /images/wsis-logo-sm.png HTTP/1.1" 200 6108 "http://www.thebackcountry.net/" "Mozilla/5.0 (Macintosh; Intel Mac OS X 10_10_2) AppleWebKit/600.3.18 (KHTML, like Gecko) Version/8.0.3 Safari/600.3.18"
220.181.108.147 - - [01/May/2015:11:20:18 -0700] "-" 408 0 "-" "-"
170.75.162.130 - - [01/May/2015:11:24:04 -0700] "GET /lib/reccapi.php?resort=madriverglen HTTP/1.1" 200 953 "-" "node-superagent/0.18.2"
46.229.164.114 - - [01/May/2015:11:34:20 -0700] "GET /resorts?resort=jaypeak HTTP/1.1" 404 469 "-" "Mozilla/5.0 (compatible; SemrushBot/0.98~bl; +http://www.semrush.com/bot.html)"
170.75.162.130 - - [01/May/2015:11:35:34 -0700] "GET /lib/reccapi.php?resort=devilshead HTTP/1.1" 200 948 "-" "node-superagent/0.18.2"
75.14.208.209 - - [01/May/2015:11:41:55 -0700] "GET /images/wsis-logo-sm.png HTTP/1.1" 200 6108 "http://www.thebackcountry.net/" "Mozilla/5.0 (iPhone; CPU iPhone OS 7_1_2 like Mac OS X) AppleWebKit/537.51.2 (KHTML, like Gecko) Version/7.0 Mobile/11D257 Safari/9537.53"
162.252.90.66 - - [01/May/2015:11:49:14 -0700] "GET /images/wsis-logo-sm.png HTTP/1.1" 200 6108 "http://www.thebackcountry.net/" "Mozilla/5.0 (Windows NT 6.3; WOW64) AppleWebKit/537.36 (KHTML, like Gecko) Chrome/42.0.2311.90 Safari/537.36"
76.246.41.31 - - [01/May/2015:11:52:12 -0700] "GET /images/wsis-logo-sm.png HTTP/1.1" 200 6108 "http://www.thebackcountry.net/" "Mozilla/5.0 (Macintosh; Intel Mac OS X 10.10; rv:37.0) Gecko/20100101 Firefox/37.0"
123.125.71.114 - - [01/May/2015:11:56:04 -0700] "-" 408 0 "-" "-"
46.229.164.114 - - [01/May/2015:11:58:23 -0700] "GET /resorts?resort=sugarloaf HTTP/1.1" 404 469 "-" "Mozilla/5.0 (compatible; SemrushBot/0.98~bl; +http://www.semrush.com/bot.html)"
199.58.86.206 - - [01/May/2015:12:00:02 -0700] "GET /robots.txt HTTP/1.0" 200 338 "-" "Mozilla/5.0 (compatible; MJ12bot/v1.4.5; http://www.majestic12.co.uk/bot.php?+)"
199.58.86.206 - - [01/May/2015:12:00:04 -0700] "GET / HTTP/1.0" 200 6114 "-" "Mozilla/5.0 (compatible; MJ12bot/v1.4.5; http://www.majestic12.co.uk/bot.php?+)"
220.181.108.160 - - [01/May/2015:12:01:15 -0700] "-" 408 0 "-" "-"
170.75.162.130 - - [01/May/2015:12:08:17 -0700] "GET /lib/reccapi.php?resort=stowe HTTP/1.1" 200 942 "-" "node-superagent/0.18.2"
170.75.162.130 - - [01/May/2015:12:08:17 -0700] "GET /lib/reccapi.php?resort=sugarbush HTTP/1.1" 200 958 "-" "node-superagent/0.18.2"
180.76.4.231 - - [01/May/2015:12:10:06 -0700] "GET / HTTP/1.1" 200 6114 "-" "Mozilla/4.0 (compatible; MSIE 7.0; Windows NT 6.0)"
170.75.162.130 - - [01/May/2015:12:22:38 -0700] "GET /lib/reccapi.php?resort=bigsky HTTP/1.1" 200 972 "-" "node-superagent/0.18.2"
170.75.162.130 - - [01/May/2015:12:24:39 -0700] "GET /lib/reccapi.php?resort=angelfire HTTP/1.1" 200 1045 "-" "node-superagent/0.18.2"
199.181.202.7 - - [01/May/2015:12:30:15 -0700] "GET /images/wsis-logo-sm.png HTTP/1.1" 200 6108 "http://www.thebackcountry.net/" "Mozilla/5.0 (Windows NT 6.1; WOW64) AppleWebKit/537.36 (KHTML, like Gecko) Chrome/42.0.2311.135 Safari/537.36"
170.75.162.130 - - [01/May/2015:12:39:40 -0700] "GET /lib/reccapi.php?resort=buttermilk HTTP/1.1" 200 1019 "-" "node-superagent/0.18.2"
12.234.44.2 - - [01/May/2015:12:39:48 -0700] "GET /images/wsis-logo-sm.png HTTP/1.1" 200 6108 "http://www.thebackcountry.net/" "Mozilla/5.0 (Windows NT 6.1; WOW64; rv:37.0) Gecko/20100101 Firefox/37.0"
166.216.157.33 - - [01/May/2015:12:55:14 -0700] "GET /images/wsis-logo-sm.png HTTP/1.1" 200 6108 "http://www.thebackcountry.net/" "Mozilla/5.0 (iPhone; CPU iPhone OS 8_3 like Mac OS X) AppleWebKit/600.1.4 (KHTML, like Gecko) Version/8.0 Mobile/12F70 Safari/600.1.4"
170.75.162.130 - - [01/May/2015:12:57:31 -0700] "GET /lib/reccapi.php?resort=wildcatmountain HTTP/1.1" 200 962 "-" "node-superagent/0.18.2"
157.55.39.19 - - [01/May/2015:12:57:37 -0700] "GET / HTTP/1.1" 200 2376 "-" "Mozilla/5.0 (compatible; bingbot/2.0; +http://www.bing.com/bingbot.htm)"
170.75.162.130 - - [01/May/2015:13:00:12 -0700] "GET /lib/reccapi.php?resort=sugarbowl HTTP/1.1" 200 1031 "-" "node-superagent/0.18.2"
46.229.164.99 - - [01/May/2015:13:01:38 -0700] "GET /resorts?resort=telluride HTTP/1.1" 404 469 "-" "Mozilla/5.0 (compatible; SemrushBot/0.98~bl; +http://www.semrush.com/bot.html)"
222.141.64.65 - - [01/May/2015:13:02:08 -0700] "GET /muieblackcat HTTP/1.1" 404 466 "-" "-"
222.141.64.65 - - [01/May/2015:13:02:08 -0700] "GET //phpMyAdmin/scripts/setup.php HTTP/1.1" 404 466 "-" "-"
222.141.64.65 - - [01/May/2015:13:02:09 -0700] "GET //phpmyadmin/scripts/setup.php HTTP/1.1" 404 466 "-" "-"
222.141.64.65 - - [01/May/2015:13:02:09 -0700] "GET //myadmin/scripts/setup.php HTTP/1.1" 404 466 "-" "-"
222.141.64.65 - - [01/May/2015:13:02:10 -0700] "GET //mysqladmin/scripts/setup.php HTTP/1.1" 404 466 "-" "-"
222.141.64.65 - - [01/May/2015:13:02:10 -0700] "GET //pma/scripts/setup.php HTTP/1.1" 404 466 "-" "-"
222.141.64.65 - - [01/May/2015:13:02:11 -0700] "GET //mysql/scripts/setup.php HTTP/1.1" 404 466 "-" "-"
222.141.64.65 - - [01/May/2015:13:02:11 -0700] "GET //web/scripts/setup.php HTTP/1.1" 404 466 "-" "-"
222.141.64.65 - - [01/May/2015:13:02:12 -0700] "GET //websql/scripts/setup.php HTTP/1.1" 404 466 "-" "-"
222.141.64.65 - - [01/May/2015:13:02:12 -0700] "GET //phpadmin/scripts/setup.php HTTP/1.1" 404 466 "-" "-"
222.141.64.65 - - [01/May/2015:13:02:13 -0700] "GET //MyAdmin/scripts/setup.php HTTP/1.1" 404 466 "-" "-"
222.141.64.65 - - [01/May/2015:13:02:13 -0700] "GET //phpAdmin/scripts/setup.php HTTP/1.1" 404 466 "-" "-"
222.141.64.65 - - [01/May/2015:13:02:14 -0700] "GET //PHPMYADMIN/scripts/setup.php HTTP/1.1" 404 466 "-" "-"
222.141.64.65 - - [01/May/2015:13:02:14 -0700] "GET //pMA/scripts/setup.php HTTP/1.1" 404 466 "-" "-"
222.141.64.65 - - [01/May/2015:13:02:15 -0700] "GET //PMA/scripts/setup.php HTTP/1.1" 404 466 "-" "-"
222.141.64.65 - - [01/May/2015:13:02:15 -0700] "GET //SQL/scripts/setup.php HTTP/1.1" 404 466 "-" "-"
222.141.64.65 - - [01/May/2015:13:02:15 -0700] "GET //db/scripts/setup.php HTTP/1.1" 404 466 "-" "-"
222.141.64.65 - - [01/May/2015:13:02:16 -0700] "GET //dbadmin/scripts/setup.php HTTP/1.1" 404 466 "-" "-"
222.141.64.65 - - [01/May/2015:13:02:16 -0700] "GET //pHpMyAdMiN/scripts/setup.php HTTP/1.1" 404 466 "-" "-"
222.141.64.65 - - [01/May/2015:13:02:17 -0700] "GET //sql/scripts/setup.php HTTP/1.1" 404 466 "-" "-"
216.171.220.190 - - [01/May/2015:13:06:08 -0700] "GET /images/wsis-logo-sm.png HTTP/1.1" 200 6108 "http://www.thebackcountry.net/" "Mozilla/5.0 (Windows NT 6.1; WOW64; Trident/7.0; rv:11.0) like Gecko"
216.171.220.190 - - [01/May/2015:13:06:29 -0700] "-" 408 0 "-" "-"
170.75.162.130 - - [01/May/2015:13:08:12 -0700] "GET /lib/reccapi.php?resort=schweitzer HTTP/1.1" 200 995 "-" "node-superagent/0.18.2"
170.75.162.130 - - [01/May/2015:13:08:22 -0700] "GET /lib/reccapi.php?resort=snowbasin HTTP/1.1" 200 1008 "-" "node-superagent/0.18.2"
46.229.164.111 - - [01/May/2015:13:10:04 -0700] "GET /resorts?resort=homewoodmountain HTTP/1.1" 404 469 "-" "Mozilla/5.0 (compatible; SemrushBot/0.98~bl; +http://www.semrush.com/bot.html)"
170.75.162.130 - - [01/May/2015:13:10:22 -0700] "GET /lib/reccapi.php?resort=crestedbutte HTTP/1.1" 200 1030 "-" "node-superagent/0.18.2"
180.76.5.168 - - [01/May/2015:13:14:58 -0700] "GET /resorts?resort=alpinevalley&date=2014-01-21 HTTP/1.1" 404 472 "-" "Mozilla/5.0 (compatible; Baiduspider/2.0; +http://www.baidu.com/search/spider.html)"
174.240.32.14 - - [01/May/2015:13:15:30 -0700] "GET /images/wsis-logo-sm.png HTTP/1.1" 200 6108 "http://www.thebackcountry.net/" "Mozilla/5.0 (iPhone; CPU iPhone OS 8_3 like Mac OS X) AppleWebKit/600.1.4 (KHTML, like Gecko) Version/8.0 Mobile/12F70 Safari/600.1.4"
46.229.164.99 - - [01/May/2015:13:16:01 -0700] "GET /resorts?resort=mountspokane HTTP/1.1" 404 469 "-" "Mozilla/5.0 (compatible; SemrushBot/0.98~bl; +http://www.semrush.com/bot.html)"
207.192.245.241 - - [01/May/2015:13:16:19 -0700] "GET /images/wsis-logo-sm.png HTTP/1.1" 200 6108 "http://www.thebackcountry.net/" "Mozilla/5.0 (Windows NT 6.1; WOW64; Trident/7.0; rv:11.0) like Gecko"
170.75.162.130 - - [01/May/2015:13:16:33 -0700] "GET /lib/reccapi.php?resort=deervalley HTTP/1.1" 200 1032 "-" "node-superagent/0.18.2"
207.192.245.241 - - [01/May/2015:13:16:40 -0700] "-" 408 0 "-" "-"
209.33.214.19 - - [01/May/2015:13:16:45 -0700] "GET /im/api.php?bib=375&r=0.050949749536812305&raceId=2147483658&raceName=stgeorge70.3&startTime=07:39:00 HTTP/1.1" 200 722 "http://localhost:9000/" "Mozilla/5.0 (Macintosh; Intel Mac OS X 10_10_3) AppleWebKit/537.36 (KHTML, like Gecko) Chrome/42.0.2311.135 Safari/537.36"
209.33.214.19 - - [01/May/2015:13:16:45 -0700] "GET /im/api.php?bib=1856&r=0.22037317883223295&raceId=2147483658&raceName=stgeorge70.3&startTime=07:42:00 HTTP/1.1" 200 717 "http://localhost:9000/" "Mozilla/5.0 (Macintosh; Intel Mac OS X 10_10_3) AppleWebKit/537.36 (KHTML, like Gecko) Chrome/42.0.2311.135 Safari/537.36"
209.33.214.19 - - [01/May/2015:13:16:45 -0700] "GET /im/api.php?bib=1338&r=0.6046050852164626&raceId=2147483658&raceName=stgeorge70.3&startTime=07:27:00 HTTP/1.1" 200 719 "http://localhost:9000/" "Mozilla/5.0 (Macintosh; Intel Mac OS X 10_10_3) AppleWebKit/537.36 (KHTML, like Gecko) Chrome/42.0.2311.135 Safari/537.36"
209.33.214.19 - - [01/May/2015:13:16:45 -0700] "GET /im/api.php?bib=138&r=0.47619217447936535&raceId=2147483658&raceName=stgeorge70.3&startTime=07:18:00 HTTP/1.1" 200 716 "http://localhost:9000/" "Mozilla/5.0 (Macintosh; Intel Mac OS X 10_10_3) AppleWebKit/537.36 (KHTML, like Gecko) Chrome/42.0.2311.135 Safari/537.36"
