180.76.15.148 - - [14/Dec/2015:22:50:24 -0800] "GET / HTTP/1.1" 200 6098 "-" "Mozilla/5.0 (compatible; Baiduspider/2.0; +http://www.baidu.com/search/spider.html)"
123.125.71.45 - - [14/Dec/2015:22:51:01 -0800] "-" 408 0 "-" "-"
68.183.231.137 - - [14/Dec/2015:22:54:25 -0800] "GET /images/wsis-logo-sm.png HTTP/1.1" 200 6108 "http://thebackcountry.net/" "Mozilla/5.0 (Macintosh; Intel Mac OS X 10.6; rv:42.0) Gecko/20100101 Firefox/42.0"
170.75.162.130 - - [14/Dec/2015:22:58:27 -0800] "GET /lib/reccapi.php?resort=silverstarmountain HTTP/1.1" 200 932 "-" "node-superagent/1.4.0"
220.181.108.151 - - [14/Dec/2015:23:02:46 -0800] "-" 408 0 "-" "-"
62.210.107.201 - - [14/Dec/2015:23:08:04 -0800] "GET /robots.txt HTTP/1.0" 200 338 "-" "Mozilla/5.0 (compatible; MJ12bot/v1.4.5; http://www.majestic12.co.uk/bot.php?+)"
62.210.107.201 - - [14/Dec/2015:23:08:09 -0800] "GET /resorts?resort=bigwhite HTTP/1.0" 404 495 "-" "Mozilla/5.0 (compatible; MJ12bot/v1.4.5; http://www.majestic12.co.uk/bot.php?+)"
62.210.107.201 - - [14/Dec/2015:23:11:07 -0800] "GET /viz/2012-2013-viz.php HTTP/1.0" 404 469 "-" "Mozilla/5.0 (compatible; MJ12bot/v1.4.5; http://www.majestic12.co.uk/bot.php?+)"
66.249.84.247 - - [14/Dec/2015:23:13:27 -0800] "GET / HTTP/1.1" 200 2367 "-" "Mozilla/5.0 (Windows NT 6.1; rv:6.0) Gecko/20110814 Firefox/6.0 Google Favicon"
66.249.84.244 - - [14/Dec/2015:23:13:27 -0800] "GET /favicon.ico HTTP/1.1" 200 1476 "-" "Mozilla/5.0 (Windows NT 6.1; rv:6.0) Gecko/20110814 Firefox/6.0 Google Favicon"
123.125.71.34 - - [14/Dec/2015:23:17:08 -0800] "GET / HTTP/1.1" 200 2330 "-" "Mozilla/5.0 (compatible; Baiduspider/2.0; +http://www.baidu.com/search/spider.html)"
170.75.162.130 - - [14/Dec/2015:23:19:30 -0800] "GET /lib/reccapi.php?resort=redlodge HTTP/1.1" 200 1075 "-" "node-superagent/1.4.0"
170.75.162.130 - - [14/Dec/2015:23:42:53 -0800] "GET /lib/reccapi.php?resort=bigwhite HTTP/1.1" 200 920 "-" "node-superagent/1.4.0"
123.125.71.55 - - [14/Dec/2015:23:51:41 -0800] "-" 408 0 "-" "-"
170.75.162.130 - - [15/Dec/2015:00:00:05 -0800] "GET /lib/reccapi.php?resort=mtrose HTTP/1.1" 200 968 "-" "node-superagent/1.4.0"
220.181.108.158 - - [15/Dec/2015:00:02:52 -0800] "-" 408 0 "-" "-"
24.180.46.74 - - [15/Dec/2015:00:14:43 -0800] "GET /images/wsis-logo-sm.png HTTP/1.1" 200 6108 "http://www.thebackcountry.net/" "Mozilla/5.0 (Macintosh; Intel Mac OS X 10_8_5) AppleWebKit/600.8.9 (KHTML, like Gecko) Version/6.2.8 Safari/537.85.17"
170.75.162.130 - - [15/Dec/2015:00:30:49 -0800] "GET /lib/reccapi.php?resort=sugarbowl HTTP/1.1" 200 955 "-" "node-superagent/1.4.0"
73.189.47.176 - - [15/Dec/2015:00:36:25 -0800] "GET /images/wsis-logo-sm.png HTTP/1.1" 200 6108 "http://thebackcountry.net/" "Mozilla/5.0 (Macintosh; Intel Mac OS X 10.10; rv:42.0) Gecko/20100101 Firefox/42.0"
113.67.184.184 - - [15/Dec/2015:00:45:43 -0800] "GET / HTTP/1.1" 200 6135 "-" "-"
188.68.224.62 - - [15/Dec/2015:00:47:57 -0800] "GET http://51.254.206.142/httptest.php HTTP/1.1" 404 448 "-" "-"
188.68.224.62 - - [15/Dec/2015:00:47:58 -0800] "GET http://51.254.206.142/httptest.php HTTP/1.1" 404 448 "-" "-"
123.125.71.34 - - [15/Dec/2015:00:50:45 -0800] "-" 408 0 "-" "-"
91.196.50.33 - - [15/Dec/2015:00:54:52 -0800] "GET http://testp4.pospr.waw.pl/testproxy.php HTTP/1.1" 404 448 "-" "Mozilla/5.0 (Windows NT 5.1; rv:32.0) Gecko/20100101 Firefox/31.0"
170.75.162.130 - - [15/Dec/2015:00:56:53 -0800] "GET /lib/reccapi.php?resort=wildcatmountain HTTP/1.1" 200 1118 "-" "node-superagent/1.4.0"
40.77.167.67 - - [15/Dec/2015:00:57:15 -0800] "GET /robots.txt HTTP/1.1" 200 375 "-" "Mozilla/5.0 (compatible; bingbot/2.0; +http://www.bing.com/bingbot.htm)"
40.77.167.67 - - [15/Dec/2015:00:57:20 -0800] "GET / HTTP/1.1" 200 2367 "-" "Mozilla/5.0 (compatible; bingbot/2.0; +http://www.bing.com/bingbot.htm)"
180.76.15.157 - - [15/Dec/2015:01:02:39 -0800] "GET / HTTP/1.1" 200 6098 "-" "Mozilla/5.0 (compatible; Baiduspider/2.0; +http://www.baidu.com/search/spider.html)"
180.76.15.139 - - [15/Dec/2015:01:03:22 -0800] "GET / HTTP/1.1" 200 6098 "-" "Mozilla/5.0 (compatible; Baiduspider/2.0; +http://www.baidu.com/search/spider.html)"
170.75.162.130 - - [15/Dec/2015:01:09:14 -0800] "GET /lib/reccapi.php?resort=49degreesnorth HTTP/1.1" 200 1031 "-" "node-superagent/1.4.0"
113.67.184.184 - - [15/Dec/2015:01:16:35 -0800] "HEAD /FCK/ HTTP/1.1" 404 219 "-" "-"
113.67.184.184 - - [15/Dec/2015:01:16:35 -0800] "HEAD /FCKeditor/ HTTP/1.1" 404 163 "-" "-"
113.67.184.184 - - [15/Dec/2015:01:16:35 -0800] "HEAD /admin/fck/ HTTP/1.1" 404 163 "-" "-"
113.67.184.184 - - [15/Dec/2015:01:16:36 -0800] "HEAD /admin/fckeditor/ HTTP/1.1" 404 163 "-" "-"
113.67.184.184 - - [15/Dec/2015:01:16:36 -0800] "HEAD /ckeditor/ HTTP/1.1" 404 163 "-" "-"
113.67.184.184 - - [15/Dec/2015:01:16:36 -0800] "HEAD /common/fckeditor/ HTTP/1.1" 404 163 "-" "-"
113.67.184.184 - - [15/Dec/2015:01:16:37 -0800] "HEAD /editor/ HTTP/1.1" 404 163 "-" "-"
113.67.184.184 - - [15/Dec/2015:01:16:37 -0800] "HEAD /editor/fckeditor/ HTTP/1.1" 404 163 "-" "-"
113.67.184.184 - - [15/Dec/2015:01:16:38 -0800] "HEAD /editor1/ HTTP/1.1" 404 163 "-" "-"
113.67.184.184 - - [15/Dec/2015:01:16:40 -0800] "HEAD /editorold/ HTTP/1.1" 404 163 "-" "-"
113.67.184.184 - - [15/Dec/2015:01:16:45 -0800] "HEAD /fck/ HTTP/1.1" 404 163 "-" "-"
113.67.184.184 - - [15/Dec/2015:01:16:45 -0800] "HEAD /fckeditor/ HTTP/1.1" 404 163 "-" "-"
113.67.184.184 - - [15/Dec/2015:01:16:45 -0800] "HEAD /fckimg/ HTTP/1.1" 404 163 "-" "-"
113.67.184.184 - - [15/Dec/2015:01:16:46 -0800] "HEAD /images/upload/FCKeditor/ HTTP/1.1" 404 163 "-" "-"
113.67.184.184 - - [15/Dec/2015:01:16:46 -0800] "HEAD /images/upload/fckediter/ HTTP/1.1" 404 163 "-" "-"
113.67.184.184 - - [15/Dec/2015:01:16:47 -0800] "HEAD /images/upload/fckimg/ HTTP/1.1" 404 163 "-" "-"
113.67.184.184 - - [15/Dec/2015:01:16:48 -0800] "HEAD /inc/fckeditor/ HTTP/1.1" 404 163 "-" "-"
113.67.184.184 - - [15/Dec/2015:01:16:49 -0800] "HEAD /include/fckeditor/ HTTP/1.1" 404 163 "-" "-"
113.67.184.184 - - [15/Dec/2015:01:16:49 -0800] "HEAD /includes/fckeditor/ HTTP/1.1" 404 163 "-" "-"
113.67.184.184 - - [15/Dec/2015:01:16:49 -0800] "HEAD /js/fckeditor/ HTTP/1.1" 404 163 "-" "-"
113.67.184.184 - - [15/Dec/2015:01:16:49 -0800] "HEAD /manage/fckeditor/ HTTP/1.1" 404 163 "-" "-"
113.67.184.184 - - [15/Dec/2015:01:16:50 -0800] "HEAD /scripts/fckeditor/ HTTP/1.1" 404 163 "-" "-"
113.67.184.184 - - [15/Dec/2015:01:16:54 -0800] "HEAD /sysadmin/fckeditor/ HTTP/1.1" 404 163 "-" "-"
113.67.184.184 - - [15/Dec/2015:01:16:54 -0800] "HEAD /system/fckeditor/ HTTP/1.1" 404 163 "-" "-"
113.67.184.184 - - [15/Dec/2015:01:16:56 -0800] "HEAD /upload/FCKeditor/ HTTP/1.1" 404 163 "-" "-"
113.67.184.184 - - [15/Dec/2015:01:16:56 -0800] "HEAD /upload/fckediter/ HTTP/1.1" 404 163 "-" "-"
113.67.184.184 - - [15/Dec/2015:01:16:56 -0800] "GET / HTTP/1.1" 200 6079 "-" "-"
113.67.184.184 - - [15/Dec/2015:01:16:59 -0800] "GET /xmlrpc.php HTTP/1.1" 404 476 "-" "-"
113.67.184.184 - - [15/Dec/2015:01:17:00 -0800] "GET /wp-login.php HTTP/1.1" 404 476 "-" "-"
170.75.162.130 - - [15/Dec/2015:01:19:36 -0800] "GET /lib/reccapi.php?resort=chinapeak HTTP/1.1" 200 1003 "-" "node-superagent/1.4.0"
170.75.162.130 - - [15/Dec/2015:01:19:46 -0800] "GET /lib/reccapi.php?resort=cannonmountain HTTP/1.1" 200 1080 "-" "node-superagent/1.4.0"
170.75.162.130 - - [15/Dec/2015:01:28:48 -0800] "GET /lib/reccapi.php?resort=grandtarghee HTTP/1.1" 200 1091 "-" "node-superagent/1.4.0"
75.141.236.142 - - [15/Dec/2015:01:32:24 -0800] "GET /images/wsis-logo-sm.png HTTP/1.1" 200 6108 "http://www.thebackcountry.net/" "Mozilla/5.0 (Windows NT 10.0; WOW64) AppleWebKit/537.36 (KHTML, like Gecko) Chrome/47.0.2526.80 Safari/537.36"
170.75.162.130 - - [15/Dec/2015:01:33:39 -0800] "GET /lib/reccapi.php?resort=alpinemeadows HTTP/1.1" 200 993 "-" "node-superagent/1.4.0"
170.75.162.130 - - [15/Dec/2015:01:33:39 -0800] "GET /lib/reccapi.php?resort=homewoodmountain HTTP/1.1" 200 998 "-" "node-superagent/1.4.0"
170.75.162.130 - - [15/Dec/2015:01:33:39 -0800] "GET /lib/reccapi.php?resort=mammothmountain HTTP/1.1" 200 1029 "-" "node-superagent/1.4.0"
170.75.162.130 - - [15/Dec/2015:01:33:39 -0800] "GET /lib/reccapi.php?resort=mountainhigh HTTP/1.1" 200 991 "-" "node-superagent/1.4.0"
170.75.162.130 - - [15/Dec/2015:01:33:39 -0800] "GET /lib/reccapi.php?resort=northstar-at-tahoe HTTP/1.1" 200 969 "-" "node-superagent/1.4.0"
170.75.162.130 - - [15/Dec/2015:01:33:39 -0800] "GET /lib/reccapi.php?resort=sierra-at-tahoe HTTP/1.1" 200 968 "-" "node-superagent/1.4.0"
170.75.162.130 - - [15/Dec/2015:01:34:09 -0800] "GET /lib/reccapi.php?resort=steamboat HTTP/1.1" 200 1017 "-" "node-superagent/1.4.0"
170.75.162.130 - - [15/Dec/2015:01:37:29 -0800] "GET /lib/reccapi.php?resort=aspenmountain HTTP/1.1" 200 1020 "-" "node-superagent/1.4.0"
170.75.162.130 - - [15/Dec/2015:01:37:29 -0800] "GET /lib/reccapi.php?resort=snowmass HTTP/1.1" 200 1002 "-" "node-superagent/1.4.0"
188.68.224.62 - - [15/Dec/2015:01:41:36 -0800] "GET http://51.254.206.142/httptest.php HTTP/1.1" 404 448 "-" "-"
180.76.15.140 - - [15/Dec/2015:01:45:30 -0800] "GET / HTTP/1.1" 200 6098 "-" "Mozilla/5.0 (compatible; Baiduspider/2.0; +http://www.baidu.com/search/spider.html)"
123.125.71.13 - - [15/Dec/2015:01:45:47 -0800] "GET / HTTP/1.1" 200 2330 "-" "Mozilla/5.0 (Windows NT 5.1; rv:6.0.2) Gecko/20100101 Firefox/6.0.2"
123.125.71.46 - - [15/Dec/2015:01:45:48 -0800] "GET / HTTP/1.1" 200 6098 "-" "Mozilla/5.0 (Windows NT 5.1; rv:6.0.2) Gecko/20100101 Firefox/6.0.2"
180.76.15.7 - - [15/Dec/2015:01:46:13 -0800] "GET / HTTP/1.1" 200 6098 "-" "Mozilla/5.0 (compatible; Baiduspider/2.0; +http://www.baidu.com/search/spider.html)"
170.75.162.130 - - [15/Dec/2015:01:48:52 -0800] "GET /lib/reccapi.php?resort=alyeska HTTP/1.1" 200 1004 "-" "node-superagent/1.4.0"
170.75.162.130 - - [15/Dec/2015:01:48:52 -0800] "GET /lib/reccapi.php?resort=whistlerblackcomb HTTP/1.1" 200 940 "-" "node-superagent/1.4.0"
170.75.162.130 - - [15/Dec/2015:01:49:02 -0800] "GET /lib/reccapi.php?resort=aspenheights HTTP/1.1" 200 1033 "-" "node-superagent/1.4.0"
170.75.162.130 - - [15/Dec/2015:01:49:02 -0800] "GET /lib/reccapi.php?resort=arapahoebasin HTTP/1.1" 200 1088 "-" "node-superagent/1.4.0"
170.75.162.130 - - [15/Dec/2015:01:49:02 -0800] "GET /lib/reccapi.php?resort=coppermountain HTTP/1.1" 200 1077 "-" "node-superagent/1.4.0"
170.75.162.130 - - [15/Dec/2015:01:49:02 -0800] "GET /lib/reccapi.php?resort=crestedbutte HTTP/1.1" 200 1035 "-" "node-superagent/1.4.0"
170.75.162.130 - - [15/Dec/2015:01:49:02 -0800] "GET /lib/reccapi.php?resort=diamondpeak HTTP/1.1" 200 946 "-" "node-superagent/1.4.0"
170.75.162.130 - - [15/Dec/2015:01:49:02 -0800] "GET /lib/reccapi.php?resort=keystone HTTP/1.1" 200 1073 "-" "node-superagent/1.4.0"
170.75.162.130 - - [15/Dec/2015:01:49:02 -0800] "GET /lib/reccapi.php?resort=loveland HTTP/1.1" 200 1068 "-" "node-superagent/1.4.0"
170.75.162.130 - - [15/Dec/2015:01:49:03 -0800] "GET /lib/reccapi.php?resort=monarch HTTP/1.1" 200 1075 "-" "node-superagent/1.4.0"
170.75.162.130 - - [15/Dec/2015:01:49:03 -0800] "GET /lib/reccapi.php?resort=schweitzer HTTP/1.1" 200 1028 "-" "node-superagent/1.4.0"
170.75.162.130 - - [15/Dec/2015:01:49:03 -0800] "GET /lib/reccapi.php?resort=sugarloaf HTTP/1.1" 200 1068 "-" "node-superagent/1.4.0"
170.75.162.130 - - [15/Dec/2015:01:49:52 -0800] "GET /lib/reccapi.php?resort=sundayriver HTTP/1.1" 200 1106 "-" "node-superagent/1.4.0"
170.75.162.130 - - [15/Dec/2015:01:49:52 -0800] "GET /lib/reccapi.php?resort=angelfire HTTP/1.1" 200 1071 "-" "node-superagent/1.4.0"
170.75.162.130 - - [15/Dec/2015:01:49:52 -0800] "GET /lib/reccapi.php?resort=telluride HTTP/1.1" 200 1012 "-" "node-superagent/1.4.0"
170.75.162.130 - - [15/Dec/2015:01:49:52 -0800] "GET /lib/reccapi.php?resort=bigsky HTTP/1.1" 200 1067 "-" "node-superagent/1.4.0"
170.75.162.130 - - [15/Dec/2015:01:49:52 -0800] "GET /lib/reccapi.php?resort=winterpark HTTP/1.1" 200 1075 "-" "node-superagent/1.4.0"
170.75.162.130 - - [15/Dec/2015:01:49:52 -0800] "GET /lib/reccapi.php?resort=madriverglen HTTP/1.1" 200 1048 "-" "node-superagent/1.4.0"
170.75.162.130 - - [15/Dec/2015:01:49:52 -0800] "GET /lib/reccapi.php?resort=sugarbush HTTP/1.1" 200 1043 "-" "node-superagent/1.4.0"
170.75.162.130 - - [15/Dec/2015:01:49:52 -0800] "GET /lib/reccapi.php?resort=stowe HTTP/1.1" 200 1021 "-" "node-superagent/1.4.0"
170.75.162.130 - - [15/Dec/2015:01:49:52 -0800] "GET /lib/reccapi.php?resort=taos HTTP/1.1" 200 1062 "-" "node-superagent/1.4.0"
170.75.162.130 - - [15/Dec/2015:01:49:52 -0800] "GET /lib/reccapi.php?resort=brianhead HTTP/1.1" 200 1103 "-" "node-superagent/1.4.0"
170.75.162.130 - - [15/Dec/2015:01:49:52 -0800] "GET /lib/reccapi.php?resort=whitefacemountain HTTP/1.1" 200 1085 "-" "node-superagent/1.4.0"
170.75.162.130 - - [15/Dec/2015:01:49:52 -0800] "GET /lib/reccapi.php?resort=deervalley HTTP/1.1" 200 1113 "-" "node-superagent/1.4.0"
170.75.162.130 - - [15/Dec/2015:01:49:57 -0800] "GET /lib/reccapi.php?resort=mountbachelor HTTP/1.1" 200 991 "-" "node-superagent/1.4.0"
170.75.162.130 - - [15/Dec/2015:01:50:02 -0800] "GET /lib/reccapi.php?resort=crystalmountain HTTP/1.1" 200 1036 "-" "node-superagent/1.4.0"
170.75.162.130 - - [15/Dec/2015:01:50:07 -0800] "GET /lib/reccapi.php?resort=devilshead HTTP/1.1" 200 963 "-" "node-superagent/1.4.0"
170.75.162.130 - - [15/Dec/2015:01:50:12 -0800] "GET /lib/reccapi.php?resort=jacksonhole HTTP/1.1" 200 1137 "-" "node-superagent/1.4.0"
170.75.162.130 - - [15/Dec/2015:01:50:17 -0800] "GET /lib/reccapi.php?resort=mountspokane HTTP/1.1" 200 977 "-" "node-superagent/1.4.0"
170.75.162.130 - - [15/Dec/2015:01:50:22 -0800] "GET /lib/reccapi.php?resort=jaypeak HTTP/1.1" 200 1049 "-" "node-superagent/1.4.0"
170.75.162.130 - - [15/Dec/2015:01:50:27 -0800] "GET /lib/reccapi.php?resort=hoodoo HTTP/1.1" 200 971 "-" "node-superagent/1.4.0"
170.75.162.130 - - [15/Dec/2015:01:50:32 -0800] "GET /lib/reccapi.php?resort=snowbird HTTP/1.1" 200 1057 "-" "node-superagent/1.4.0"
170.75.162.130 - - [15/Dec/2015:01:50:37 -0800] "GET /lib/reccapi.php?resort=stevenspass HTTP/1.1" 200 998 "-" "node-superagent/1.4.0"
170.75.162.130 - - [15/Dec/2015:01:50:42 -0800] "GET /lib/reccapi.php?resort=brighton HTTP/1.1" 200 1061 "-" "node-superagent/1.4.0"
170.75.162.130 - - [15/Dec/2015:01:50:47 -0800] "GET /lib/reccapi.php?resort=mounthoodmeadows HTTP/1.1" 200 1010 "-" "node-superagent/1.4.0"
170.75.162.130 - - [15/Dec/2015:01:50:52 -0800] "GET /lib/reccapi.php?resort=snowbasin HTTP/1.1" 200 1059 "-" "node-superagent/1.4.0"
170.75.162.130 - - [15/Dec/2015:01:50:57 -0800] "GET /lib/reccapi.php?resort=solitude HTTP/1.1" 200 1051 "-" "node-superagent/1.4.0"
166.216.157.77 - - [15/Dec/2015:01:53:10 -0800] "GET /images/wsis-logo-sm.png HTTP/1.1" 200 6108 "http://www.thebackcountry.net/" "Mozilla/5.0 (iPhone; CPU iPhone OS 8_4 like Mac OS X) AppleWebKit/600.1.4 (KHTML, like Gecko) Version/8.0 Mobile/12H143 Safari/600.1.4"
220.181.108.78 - - [15/Dec/2015:02:00:13 -0800] "-" 408 0 "-" "-"
170.75.162.130 - - [15/Dec/2015:02:12:06 -0800] "GET /lib/reccapi.php?resort=redmountain HTTP/1.1" 200 913 "-" "node-superagent/1.4.0"
77.75.76.171 - - [15/Dec/2015:02:37:09 -0800] "GET /robots.txt HTTP/1.1" 200 419 "-" "Mozilla/5.0 (compatible; SeznamBot/3.2; +http://fulltext.sblog.cz/)"
77.75.76.171 - - [15/Dec/2015:02:37:11 -0800] "GET /resorts?resort=winterpark HTTP/1.1" 404 506 "-" "Mozilla/5.0 (compatible; SeznamBot/3.2; +http://fulltext.sblog.cz/)"
180.76.15.11 - - [15/Dec/2015:02:42:58 -0800] "GET / HTTP/1.1" 200 6098 "-" "Mozilla/5.0 (compatible; Baiduspider/2.0; +http://www.baidu.com/search/spider.html)"
180.76.15.137 - - [15/Dec/2015:02:43:41 -0800] "GET / HTTP/1.1" 200 6098 "-" "Mozilla/5.0 (compatible; Baiduspider/2.0; +http://www.baidu.com/search/spider.html)"
123.125.71.21 - - [15/Dec/2015:02:44:47 -0800] "GET / HTTP/1.1" 200 2330 "-" "Mozilla/5.0 (Windows NT 5.1; rv:6.0.2) Gecko/20100101 Firefox/6.0.2"
123.125.71.25 - - [15/Dec/2015:02:44:48 -0800] "GET / HTTP/1.1" 200 6098 "-" "Mozilla/5.0 (Windows NT 5.1; rv:6.0.2) Gecko/20100101 Firefox/6.0.2"
170.75.162.130 - - [15/Dec/2015:02:59:57 -0800] "GET /lib/reccapi.php?resort=killington HTTP/1.1" 200 1049 "-" "node-superagent/1.4.0"
170.75.162.130 - - [15/Dec/2015:02:59:57 -0800] "GET /lib/reccapi.php?resort=smugglersnotch HTTP/1.1" 200 1053 "-" "node-superagent/1.4.0"
188.68.224.62 - - [15/Dec/2015:03:06:37 -0800] "GET http://51.254.206.142/httptest.php HTTP/1.1" 404 448 "-" "-"
170.75.162.130 - - [15/Dec/2015:03:16:49 -0800] "GET /lib/reccapi.php?resort=squawvalleyusa HTTP/1.1" 200 989 "-" "node-superagent/1.4.0"
188.68.224.62 - - [15/Dec/2015:03:19:24 -0800] "GET http://51.254.206.142/httptest.php HTTP/1.1" 404 448 "-" "-"
188.68.224.62 - - [15/Dec/2015:03:19:24 -0800] "GET http://51.254.206.142/httptest.php HTTP/1.1" 404 448 "-" "-"
180.76.15.16 - - [15/Dec/2015:03:42:17 -0800] "GET /styles/0fffd548.main.css HTTP/1.1" 200 19280 "-" "Mozilla/5.0 (compatible; Baiduspider/2.0; +http://www.baidu.com/search/spider.html)"
123.125.71.31 - - [15/Dec/2015:03:42:57 -0800] "GET / HTTP/1.1" 200 2330 "-" "Mozilla/5.0 (Windows NT 5.1; rv:6.0.2) Gecko/20100101 Firefox/6.0.2"
123.125.71.44 - - [15/Dec/2015:03:42:58 -0800] "GET / HTTP/1.1" 200 6098 "-" "Mozilla/5.0 (Windows NT 5.1; rv:6.0.2) Gecko/20100101 Firefox/6.0.2"
77.75.77.62 - - [15/Dec/2015:03:49:15 -0800] "GET /robots.txt HTTP/1.1" 200 419 "-" "Mozilla/5.0 (compatible; SeznamBot/3.2; +http://fulltext.sblog.cz/)"
77.75.77.62 - - [15/Dec/2015:03:49:17 -0800] "GET /resorts?resort=whitefacemountain HTTP/1.1" 404 506 "-" "Mozilla/5.0 (compatible; SeznamBot/3.2; +http://fulltext.sblog.cz/)"
170.75.162.130 - - [15/Dec/2015:03:55:54 -0800] "GET /lib/reccapi.php?resort=kirkwood HTTP/1.1" 200 995 "-" "node-superagent/1.4.0"
220.181.108.120 - - [15/Dec/2015:03:57:19 -0800] "-" 408 0 "-" "-"
94.23.40.23 - - [15/Dec/2015:04:01:46 -0800] "GET /robots.txt HTTP/1.0" 200 338 "-" ""
94.23.40.23 - - [15/Dec/2015:04:01:47 -0800] "GET / HTTP/1.1" 206 6126 "-" "Mozilla/5.0 (X11; Linux i686) AppleWebKit/534.30 (KHTML, like Gecko) Ubuntu/10.04 Chromium/12.0.742.112 Chrome/12.0.742.112 Safari/534.30"
94.23.40.23 - - [15/Dec/2015:04:01:49 -0800] "GET /about HTTP/1.1" 404 476 "-" "Mozilla/5.0 (X11; Linux i686) AppleWebKit/534.30 (KHTML, like Gecko) Ubuntu/10.04 Chromium/12.0.742.112 Chrome/12.0.742.112 Safari/534.30"
77.75.79.101 - - [15/Dec/2015:04:25:40 -0800] "GET /robots.txt HTTP/1.1" 200 419 "-" "Mozilla/5.0 (compatible; SeznamBot/3.2; +http://fulltext.sblog.cz/)"
77.75.79.101 - - [15/Dec/2015:04:25:41 -0800] "GET /resorts?resort=schweitzer HTTP/1.1" 404 506 "-" "Mozilla/5.0 (compatible; SeznamBot/3.2; +http://fulltext.sblog.cz/)"
180.76.15.162 - - [15/Dec/2015:04:37:52 -0800] "GET / HTTP/1.1" 200 6098 "-" "Mozilla/5.0 (compatible; Baiduspider/2.0; +http://www.baidu.com/search/spider.html)"
180.76.15.162 - - [15/Dec/2015:04:38:24 -0800] "GET / HTTP/1.1" 200 6098 "-" "Mozilla/5.0 (compatible; Baiduspider/2.0; +http://www.baidu.com/search/spider.html)"
123.125.71.46 - - [15/Dec/2015:04:43:09 -0800] "GET / HTTP/1.1" 200 2330 "-" "Mozilla/5.0 (Windows NT 5.1; rv:6.0.2) Gecko/20100101 Firefox/6.0.2"
123.125.71.29 - - [15/Dec/2015:04:43:11 -0800] "GET / HTTP/1.1" 200 6098 "-" "Mozilla/5.0 (Windows NT 5.1; rv:6.0.2) Gecko/20100101 Firefox/6.0.2"
170.75.162.130 - - [15/Dec/2015:04:45:40 -0800] "GET /lib/reccapi.php?resort=parkcity HTTP/1.1" 200 1064 "-" "node-superagent/1.4.0"
159.212.71.173 - - [15/Dec/2015:04:53:46 -0800] "GET /images/wsis-logo-sm.png HTTP/1.1" 200 6108 "http://www.thebackcountry.net/" "Mozilla/5.0 (Windows NT 6.1; WOW64) AppleWebKit/537.36 (KHTML, like Gecko) Chrome/46.0.2490.86 Safari/537.36"
170.75.162.130 - - [15/Dec/2015:04:55:02 -0800] "GET /lib/reccapi.php?resort=heavenly HTTP/1.1" 200 999 "-" "node-superagent/1.4.0"
71.92.165.30 - - [15/Dec/2015:04:58:53 -0800] "GET /images/wsis-logo-sm.png HTTP/1.1" 200 6108 "http://www.thebackcountry.net/" "Mozilla/5.0 (Macintosh; Intel Mac OS X 10_10_1) AppleWebKit/600.1.25 (KHTML, like Gecko) Version/8.0 Safari/600.1.25"
54.153.33.233 - - [15/Dec/2015:05:18:55 -0800] "GET / HTTP/1.1" 200 6079 "-" "Mozilla/5.0 (Windows NT 6.1) AppleWebKit/537.36 (KHTML, like Gecko) Chrome/41.0.2228.0 Safari/537.36"
77.75.77.109 - - [15/Dec/2015:05:41:56 -0800] "GET /robots.txt HTTP/1.1" 200 419 "-" "Mozilla/5.0 (compatible; SeznamBot/3.2; +http://fulltext.sblog.cz/)"
77.75.77.109 - - [15/Dec/2015:05:41:58 -0800] "GET /resorts?resort=mtrose HTTP/1.1" 404 506 "-" "Mozilla/5.0 (compatible; SeznamBot/3.2; +http://fulltext.sblog.cz/)"
62.210.246.137 - - [15/Dec/2015:05:42:29 -0800] "GET /robots.txt HTTP/1.0" 200 375 "-" "Mozilla/5.0 (compatible; MJ12bot/v1.4.5; http://www.majestic12.co.uk/bot.php?+)"
62.210.246.137 - - [15/Dec/2015:05:42:52 -0800] "GET /blog/11-2012-2013-powder-rating-visualization HTTP/1.1" 404 476 "-" "Mozilla/5.0 (compatible; MJ12bot/v1.4.5; http://www.majestic12.co.uk/bot.php?+)"
62.210.246.137 - - [15/Dec/2015:05:42:54 -0800] "GET /robots.txt HTTP/1.0" 200 374 "-" "Mozilla/5.0 (compatible; MJ12bot/v1.4.5; http://www.majestic12.co.uk/bot.php?+)"
62.210.246.137 - - [15/Dec/2015:05:43:06 -0800] "GET /resorts?resort=49degreesnorth HTTP/1.1" 404 476 "-" "Mozilla/5.0 (compatible; MJ12bot/v1.4.5; http://www.majestic12.co.uk/bot.php?+)"
62.210.246.137 - - [15/Dec/2015:05:43:07 -0800] "GET /resorts?resort=alpinemeadows HTTP/1.1" 404 476 "-" "Mozilla/5.0 (compatible; MJ12bot/v1.4.5; http://www.majestic12.co.uk/bot.php?+)"
62.210.246.137 - - [15/Dec/2015:05:43:09 -0800] "GET /resorts?resort=bigsky HTTP/1.1" 404 476 "-" "Mozilla/5.0 (compatible; MJ12bot/v1.4.5; http://www.majestic12.co.uk/bot.php?+)"
62.210.246.137 - - [15/Dec/2015:05:43:10 -0800] "GET /robots.txt HTTP/1.0" 200 374 "-" "Mozilla/5.0 (compatible; MJ12bot/v1.4.5; http://www.majestic12.co.uk/bot.php?+)"
62.210.246.137 - - [15/Dec/2015:05:43:11 -0800] "GET /resorts?resort=mounthoodmeadows HTTP/1.1" 404 476 "-" "Mozilla/5.0 (compatible; MJ12bot/v1.4.5; http://www.majestic12.co.uk/bot.php?+)"
62.210.246.137 - - [15/Dec/2015:05:43:13 -0800] "GET /resorts?resort=mtrose HTTP/1.1" 404 476 "-" "Mozilla/5.0 (compatible; MJ12bot/v1.4.5; http://www.majestic12.co.uk/bot.php?+)"
62.210.246.137 - - [15/Dec/2015:05:43:17 -0800] "GET /resorts?resort=northstar-at-tahoe HTTP/1.1" 404 476 "-" "Mozilla/5.0 (compatible; MJ12bot/v1.4.5; http://www.majestic12.co.uk/bot.php?+)"
123.125.71.54 - - [15/Dec/2015:05:45:28 -0800] "GET / HTTP/1.1" 200 2330 "-" "Mozilla/5.0 (Windows NT 5.1; rv:6.0.2) Gecko/20100101 Firefox/6.0.2"
123.125.71.21 - - [15/Dec/2015:05:45:28 -0800] "GET / HTTP/1.1" 200 6098 "-" "Mozilla/5.0 (Windows NT 5.1; rv:6.0.2) Gecko/20100101 Firefox/6.0.2"
66.249.66.151 - - [15/Dec/2015:05:47:08 -0800] "GET /resorts?resort=silvermountain&date=2014-01-02 HTTP/1.1" 404 506 "-" "Mozilla/5.0 (iPhone; CPU iPhone OS 8_3 like Mac OS X) AppleWebKit/600.1.4 (KHTML, like Gecko) Version/8.0 Mobile/12F70 Safari/600.1.4 (compatible; Googlebot/2.1; +http://www.google.com/bot.html)"
188.68.224.62 - - [15/Dec/2015:05:47:45 -0800] "GET HTTP://dhg.pisz.pl/httptest.php HTTP/1.1" 404 444 "-" "-"
188.68.224.62 - - [15/Dec/2015:05:47:50 -0800] "GET HTTP://dhg.pisz.pl/httptest.php HTTP/1.1" 404 444 "-" "-"
180.76.15.24 - - [15/Dec/2015:05:49:29 -0800] "GET / HTTP/1.1" 200 6098 "-" "Mozilla/5.0 (compatible; Baiduspider/2.0; +http://www.baidu.com/search/spider.html)"
180.76.15.8 - - [15/Dec/2015:05:50:29 -0800] "GET / HTTP/1.1" 200 6098 "-" "Mozilla/5.0 (compatible; Baiduspider/2.0; +http://www.baidu.com/search/spider.html)"
220.181.108.105 - - [15/Dec/2015:06:00:19 -0800] "-" 408 0 "-" "-"
192.240.125.74 - - [15/Dec/2015:06:13:41 -0800] "GET /images/wsis-logo-sm.png HTTP/1.1" 200 6052 "http://www.thebackcountry.net/" "Mozilla/5.0 (Windows NT 5.1) AppleWebKit/537.36 (KHTML, like Gecko) Chrome/46.0.2490.71 Safari/537.36"
77.75.77.95 - - [15/Dec/2015:06:18:46 -0800] "GET /robots.txt HTTP/1.1" 200 419 "-" "Mozilla/5.0 (compatible; SeznamBot/3.2; +http://fulltext.sblog.cz/)"
77.75.77.95 - - [15/Dec/2015:06:18:48 -0800] "GET /resorts?resort=chinapeak HTTP/1.1" 404 506 "-" "Mozilla/5.0 (compatible; SeznamBot/3.2; +http://fulltext.sblog.cz/)"
66.249.66.151 - - [15/Dec/2015:06:22:18 -0800] "GET / HTTP/1.1" 200 2367 "-" "SAMSUNG-SGH-E250/1.0 Profile/MIDP-2.0 Configuration/CLDC-1.1 UP.Browser/6.2.3.3.c.1.101 (GUI) MMP/2.0 (compatible; Googlebot-Mobile/2.1; +http://www.google.com/bot.html)"
66.249.66.147 - - [15/Dec/2015:06:23:05 -0800] "GET / HTTP/1.1" 200 2367 "-" "DoCoMo/2.0 N905i(c100;TB;W24H16) (compatible; Googlebot-Mobile/2.1; +http://www.google.com/bot.html)"
190.104.220.126 - - [15/Dec/2015:06:33:00 -0800] "GET /images/wsis-logo-sm.png HTTP/1.1" 200 6052 "http://www.thebackcountry.net/" "Mozilla/5.0 (Windows NT 5.1) AppleWebKit/537.36 (KHTML, like Gecko) Chrome/42.0.2311.152 Safari/537.36"
170.75.162.130 - - [15/Dec/2015:06:42:35 -0800] "GET /lib/reccapi.php?resort=aspenheights HTTP/1.1" 200 1057 "-" "node-superagent/1.4.0"
170.75.162.130 - - [15/Dec/2015:06:42:35 -0800] "GET /lib/reccapi.php?resort=buttermilk HTTP/1.1" 200 1027 "-" "node-superagent/1.4.0"
170.75.162.130 - - [15/Dec/2015:06:42:35 -0800] "GET /lib/reccapi.php?resort=aspenmountain HTTP/1.1" 200 1071 "-" "node-superagent/1.4.0"
170.75.162.130 - - [15/Dec/2015:06:42:35 -0800] "GET /lib/reccapi.php?resort=snowmass HTTP/1.1" 200 1022 "-" "node-superagent/1.4.0"
123.125.71.22 - - [15/Dec/2015:06:44:57 -0800] "GET / HTTP/1.1" 200 2330 "-" "Mozilla/5.0 (Windows NT 5.1; rv:6.0.2) Gecko/20100101 Firefox/6.0.2"
123.125.71.40 - - [15/Dec/2015:06:44:59 -0800] "GET / HTTP/1.1" 200 6098 "-" "Mozilla/5.0 (Windows NT 5.1; rv:6.0.2) Gecko/20100101 Firefox/6.0.2"
180.76.15.143 - - [15/Dec/2015:06:50:02 -0800] "GET / HTTP/1.1" 200 6098 "-" "Mozilla/5.0 (compatible; Baiduspider/2.0; +http://www.baidu.com/search/spider.html)"
180.76.15.12 - - [15/Dec/2015:06:50:58 -0800] "GET / HTTP/1.1" 200 6098 "-" "Mozilla/5.0 (compatible; Baiduspider/2.0; +http://www.baidu.com/search/spider.html)"
64.80.159.211 - - [15/Dec/2015:06:51:13 -0800] "GET /images/wsis-logo-sm.png HTTP/1.1" 200 6108 "http://www.thebackcountry.net/" "Mozilla/5.0 (iPhone; CPU iPhone OS 9_1 like Mac OS X) AppleWebKit/601.1.46 (KHTML, like Gecko) Version/9.0 Mobile/13B143 Safari/601.1"
24.176.185.150 - - [15/Dec/2015:06:55:21 -0800] "GET /images/wsis-logo-sm.png HTTP/1.1" 200 6108 "http://www.thebackcountry.net/" "Mozilla/5.0 (X11; CrOS x86_64 7390.68.0) AppleWebKit/537.36 (KHTML, like Gecko) Chrome/46.0.2490.82 Safari/537.36"
170.75.162.130 - - [15/Dec/2015:07:00:27 -0800] "GET /lib/reccapi.php?resort=homewoodmountain HTTP/1.1" 200 1001 "-" "node-superagent/1.4.0"
71.0.157.192 - - [15/Dec/2015:07:04:35 -0800] "GET /images/wsis-logo-sm.png HTTP/1.1" 200 6108 "http://www.thebackcountry.net/" "Mozilla/5.0 (Windows NT 10.0; WOW64) AppleWebKit/537.36 (KHTML, like Gecko) Chrome/47.0.2526.80 Safari/537.36"
170.75.162.130 - - [15/Dec/2015:07:11:08 -0800] "GET /lib/reccapi.php?resort=crystalmountain HTTP/1.1" 200 1048 "-" "node-superagent/1.4.0"
170.75.162.130 - - [15/Dec/2015:07:11:18 -0800] "GET /lib/reccapi.php?resort=solitude HTTP/1.1" 200 1031 "-" "node-superagent/1.4.0"
170.75.162.130 - - [15/Dec/2015:07:15:59 -0800] "GET /lib/reccapi.php?resort=sugarbowl HTTP/1.1" 200 957 "-" "node-superagent/1.4.0"
98.202.35.53 - - [15/Dec/2015:07:16:34 -0800] "GET /images/wsis-logo-sm.png HTTP/1.1" 200 6108 "http://www.thebackcountry.net/" "Mozilla/5.0 (iPad; CPU OS 9_1 like Mac OS X) AppleWebKit/601.1.46 (KHTML, like Gecko) Version/9.0 Mobile/13B143 Safari/601.1"
98.202.35.53 - - [15/Dec/2015:07:16:53 -0800] "GET /images/wsis-logo-sm.png HTTP/1.1" 200 6108 "http://www.thebackcountry.net/" "Mozilla/5.0 (iPad; CPU OS 9_1 like Mac OS X) AppleWebKit/601.1.46 (KHTML, like Gecko) Version/9.0 Mobile/13B143 Safari/601.1"
77.75.78.172 - - [15/Dec/2015:07:22:11 -0800] "GET /robots.txt HTTP/1.1" 200 419 "-" "Mozilla/5.0 (compatible; SeznamBot/3.2; +http://fulltext.sblog.cz/)"
77.75.78.172 - - [15/Dec/2015:07:22:13 -0800] "GET /resorts?resort=northstar-at-tahoe HTTP/1.1" 404 506 "-" "Mozilla/5.0 (compatible; SeznamBot/3.2; +http://fulltext.sblog.cz/)"
108.29.46.93 - - [15/Dec/2015:07:28:24 -0800] "GET /images/wsis-logo-sm.png HTTP/1.1" 200 6108 "http://www.thebackcountry.net/" "Mozilla/5.0 (Macintosh; Intel Mac OS X 10_10_3) AppleWebKit/537.36 (KHTML, like Gecko) Chrome/47.0.2526.80 Safari/537.36"
31.3.233.115 - - [15/Dec/2015:07:28:33 -0800] "GET /images/wsis-logo-sm.png HTTP/1.1" 200 6108 "http://www.thebackcountry.net/" "Mozilla/5.0 (X11; Linux x86_64) AppleWebKit/537.36 (KHTML, like Gecko) Chrome/35.0.1916.153 Safari/537.36"
71.155.151.228 - - [15/Dec/2015:07:29:31 -0800] "GET /images/wsis-logo-sm.png HTTP/1.1" 200 6108 "http://www.thebackcountry.net/" "Mozilla/5.0 (Windows NT 10.0; WOW64) AppleWebKit/537.36 (KHTML, like Gecko) Chrome/46.0.2490.86 Safari/537.36"
65.78.154.110 - - [15/Dec/2015:07:29:52 -0800] "GET /images/wsis-logo-sm.png HTTP/1.1" 200 6108 "http://www.thebackcountry.net/" "Mozilla/5.0 (iPhone; CPU iPhone OS 9_1 like Mac OS X) AppleWebKit/601.1.46 (KHTML, like Gecko) Version/9.0 Mobile/13B143 Safari/601.1"
65.78.154.110 - - [15/Dec/2015:07:29:52 -0800] "GET /images/wsis-logo-sm.png HTTP/1.1" 304 186 "http://www.thebackcountry.net/" "Mozilla/5.0 (iPhone; CPU iPhone OS 9_1 like Mac OS X) AppleWebKit/601.1.46 (KHTML, like Gecko) Version/9.0 Mobile/13B143 Safari/601.1"
129.119.55.18 - - [15/Dec/2015:07:32:10 -0800] "GET /images/wsis-logo-sm.png HTTP/1.1" 200 6108 "http://www.thebackcountry.net/" "Mozilla/5.0 (Windows NT 6.2; WOW64; rv:42.0) Gecko/20100101 Firefox/42.0"
199.116.169.254 - - [15/Dec/2015:07:38:07 -0800] "GET / HTTP/1.1" 200 6135 "-" "Mozilla/5.0 (Windows NT 6.1; WOW64) AppleWebKit/537.36 (KHTML, like Gecko) Chrome/45.0.2454.85 Safari/537.36"
159.189.213.48 - - [15/Dec/2015:07:38:07 -0800] "GET / HTTP/1.1" 200 2367 "-" "Mozilla/5.0 (Windows NT 6.1; WOW64) AppleWebKit/537.36 (KHTML, like Gecko) Chrome/45.0.2454.85 Safari/537.36"
159.189.213.48 - - [15/Dec/2015:07:38:08 -0800] "GET /styles/0fffd548.main.css HTTP/1.1" 200 19317 "http://whereshouldiski.com/" "Mozilla/5.0 (Windows NT 6.1; WOW64) AppleWebKit/537.36 (KHTML, like Gecko) Chrome/45.0.2454.85 Safari/537.36"
159.189.213.48 - - [15/Dec/2015:07:38:08 -0800] "GET /bower_components/requirejs/require.js HTTP/1.1" 200 6702 "http://whereshouldiski.com/" "Mozilla/5.0 (Windows NT 6.1; WOW64) AppleWebKit/537.36 (KHTML, like Gecko) Chrome/45.0.2454.85 Safari/537.36"
159.189.213.48 - - [15/Dec/2015:07:38:08 -0800] "GET /images/logo-sm.png HTTP/1.1" 200 16738 "http://whereshouldiski.com/" "Mozilla/5.0 (Windows NT 6.1; WOW64) AppleWebKit/537.36 (KHTML, like Gecko) Chrome/45.0.2454.85 Safari/537.36"
159.189.213.48 - - [15/Dec/2015:07:38:08 -0800] "GET /scripts/scripts/vendor/modernizr.js HTTP/1.1" 200 4903 "http://whereshouldiski.com/" "Mozilla/5.0 (Windows NT 6.1; WOW64) AppleWebKit/537.36 (KHTML, like Gecko) Chrome/45.0.2454.85 Safari/537.36"
159.189.213.48 - - [15/Dec/2015:07:38:08 -0800] "GET /images/loading.gif HTTP/1.1" 200 13881 "http://whereshouldiski.com/" "Mozilla/5.0 (Windows NT 6.1; WOW64) AppleWebKit/537.36 (KHTML, like Gecko) Chrome/45.0.2454.85 Safari/537.36"
159.189.213.48 - - [15/Dec/2015:07:38:08 -0800] "GET /scripts/fa48e319.main.js HTTP/1.1" 200 123455 "http://whereshouldiski.com/" "Mozilla/5.0 (Windows NT 6.1; WOW64) AppleWebKit/537.36 (KHTML, like Gecko) Chrome/45.0.2454.85 Safari/537.36"
159.189.213.48 - - [15/Dec/2015:07:38:09 -0800] "GET /favicon.ico HTTP/1.1" 200 1475 "http://whereshouldiski.com/" "Mozilla/5.0 (Windows NT 6.1; WOW64) AppleWebKit/537.36 (KHTML, like Gecko) Chrome/45.0.2454.85 Safari/537.36"
159.189.213.48 - - [15/Dec/2015:07:38:09 -0800] "GET /images/greyHeader.png HTTP/1.1" 200 508 "http://whereshouldiski.com/styles/0fffd548.main.css" "Mozilla/5.0 (Windows NT 6.1; WOW64) AppleWebKit/537.36 (KHTML, like Gecko) Chrome/45.0.2454.85 Safari/537.36"
159.189.213.48 - - [15/Dec/2015:07:38:09 -0800] "GET /images/button.png HTTP/1.1" 200 598 "http://whereshouldiski.com/styles/0fffd548.main.css" "Mozilla/5.0 (Windows NT 6.1; WOW64) AppleWebKit/537.36 (KHTML, like Gecko) Chrome/45.0.2454.85 Safari/537.36"
199.116.169.254 - - [15/Dec/2015:07:38:09 -0800] "GET /lib/reccapi.php?fields=t HTTP/1.1" 200 12034 "-" "Mozilla/5.0 (Windows NT 6.1; WOW64) AppleWebKit/537.36 (KHTML, like Gecko) Chrome/45.0.2454.85 Safari/537.36"
159.189.213.48 - - [15/Dec/2015:07:38:09 -0800] "GET /lib/reccapi.php?fields=t HTTP/1.1" 200 1896 "http://whereshouldiski.com/" "Mozilla/5.0 (Windows NT 6.1; WOW64) AppleWebKit/537.36 (KHTML, like Gecko) Chrome/45.0.2454.85 Safari/537.36"
159.189.213.48 - - [15/Dec/2015:07:38:10 -0800] "GET /images/star5.png HTTP/1.1" 200 1783 "http://whereshouldiski.com/styles/0fffd548.main.css" "Mozilla/5.0 (Windows NT 6.1; WOW64) AppleWebKit/537.36 (KHTML, like Gecko) Chrome/45.0.2454.85 Safari/537.36"
159.189.213.48 - - [15/Dec/2015:07:38:10 -0800] "GET /images/snowflake5.png HTTP/1.1" 200 2857 "http://whereshouldiski.com/styles/0fffd548.main.css" "Mozilla/5.0 (Windows NT 6.1; WOW64) AppleWebKit/537.36 (KHTML, like Gecko) Chrome/45.0.2454.85 Safari/537.36"
159.189.213.48 - - [15/Dec/2015:07:38:10 -0800] "GET /images/bluebird5.png HTTP/1.1" 200 2177 "http://whereshouldiski.com/styles/0fffd548.main.css" "Mozilla/5.0 (Windows NT 6.1; WOW64) AppleWebKit/537.36 (KHTML, like Gecko) Chrome/45.0.2454.85 Safari/537.36"
159.189.213.48 - - [15/Dec/2015:07:38:10 -0800] "GET /images/mtns-icon.png HTTP/1.1" 200 1096 "http://whereshouldiski.com/styles/0fffd548.main.css" "Mozilla/5.0 (Windows NT 6.1; WOW64) AppleWebKit/537.36 (KHTML, like Gecko) Chrome/45.0.2454.85 Safari/537.36"
159.189.213.48 - - [15/Dec/2015:07:38:10 -0800] "GET /images/shading-icon.png HTTP/1.1" 200 537 "http://whereshouldiski.com/styles/0fffd548.main.css" "Mozilla/5.0 (Windows NT 6.1; WOW64) AppleWebKit/537.36 (KHTML, like Gecko) Chrome/45.0.2454.85 Safari/537.36"
159.189.213.48 - - [15/Dec/2015:07:38:20 -0800] "GET /lib/reccapi.php?fields=t&coords=45.7053966,-121.5214623 HTTP/1.1" 200 2083 "http://whereshouldiski.com/" "Mozilla/5.0 (Windows NT 6.1; WOW64) AppleWebKit/537.36 (KHTML, like Gecko) Chrome/45.0.2454.85 Safari/537.36"
159.189.213.48 - - [15/Dec/2015:07:38:39 -0800] "GET /lib/reccapi.php?fields=t&coords=45.7053966,-121.5214623&region=PacificNW HTTP/1.1" 200 1818 "http://whereshouldiski.com/" "Mozilla/5.0 (Windows NT 6.1; WOW64) AppleWebKit/537.36 (KHTML, like Gecko) Chrome/45.0.2454.85 Safari/537.36"
159.189.213.48 - - [15/Dec/2015:07:38:39 -0800] "GET /images/greenHeader.png HTTP/1.1" 200 508 "http://whereshouldiski.com/styles/0fffd548.main.css" "Mozilla/5.0 (Windows NT 6.1; WOW64) AppleWebKit/537.36 (KHTML, like Gecko) Chrome/45.0.2454.85 Safari/537.36"
159.189.213.48 - - [15/Dec/2015:07:38:55 -0800] "GET /lib/reccapi.php?fields=t&coords=45.7053966,-121.5214623 HTTP/1.1" 200 2083 "http://whereshouldiski.com/" "Mozilla/5.0 (Windows NT 6.1; WOW64) AppleWebKit/537.36 (KHTML, like Gecko) Chrome/45.0.2454.85 Safari/537.36"
159.189.213.48 - - [15/Dec/2015:07:39:00 -0800] "GET /lib/reccapi.php?fields=t&coords=45.7053966,-121.5214623&region=Rockies HTTP/1.1" 200 1723 "http://whereshouldiski.com/" "Mozilla/5.0 (Windows NT 6.1; WOW64) AppleWebKit/537.36 (KHTML, like Gecko) Chrome/45.0.2454.85 Safari/537.36"
159.189.213.48 - - [15/Dec/2015:07:39:02 -0800] "GET /lib/reccapi.php?fields=t&coords=45.7053966,-121.5214623&region=Rockies&state=UT HTTP/1.1" 200 1443 "http://whereshouldiski.com/" "Mozilla/5.0 (Windows NT 6.1; WOW64) AppleWebKit/537.36 (KHTML, like Gecko) Chrome/45.0.2454.85 Safari/537.36"
159.189.213.48 - - [15/Dec/2015:07:39:09 -0800] "GET /lib/reccapi.php?fields=t&coords=45.7053966,-121.5214623&state=UT HTTP/1.1" 200 1444 "http://whereshouldiski.com/" "Mozilla/5.0 (Windows NT 6.1; WOW64) AppleWebKit/537.36 (KHTML, like Gecko) Chrome/45.0.2454.85 Safari/537.36"
159.189.213.48 - - [15/Dec/2015:07:39:11 -0800] "GET /lib/reccapi.php?fields=t&coords=45.7053966,-121.5214623 HTTP/1.1" 200 2082 "http://whereshouldiski.com/" "Mozilla/5.0 (Windows NT 6.1; WOW64) AppleWebKit/537.36 (KHTML, like Gecko) Chrome/45.0.2454.85 Safari/537.36"
159.189.213.48 - - [15/Dec/2015:07:39:14 -0800] "GET /lib/reccapi.php?fields=t&coords=45.7053966,-121.5214623&region=Rockies HTTP/1.1" 200 1723 "http://whereshouldiski.com/" "Mozilla/5.0 (Windows NT 6.1; WOW64) AppleWebKit/537.36 (KHTML, like Gecko) Chrome/45.0.2454.85 Safari/537.36"
159.189.213.48 - - [15/Dec/2015:07:39:17 -0800] "GET /lib/reccapi.php?fields=t&coords=45.7053966,-121.5214623 HTTP/1.1" 200 2082 "http://whereshouldiski.com/" "Mozilla/5.0 (Windows NT 6.1; WOW64) AppleWebKit/537.36 (KHTML, like Gecko) Chrome/45.0.2454.85 Safari/537.36"
159.189.213.48 - - [15/Dec/2015:07:39:19 -0800] "GET /lib/reccapi.php?fields=t&coords=45.7053966,-121.5214623&region=Southwest HTTP/1.1" 200 1428 "http://whereshouldiski.com/" "Mozilla/5.0 (Windows NT 6.1; WOW64) AppleWebKit/537.36 (KHTML, like Gecko) Chrome/45.0.2454.85 Safari/537.36"
159.189.213.48 - - [15/Dec/2015:07:39:29 -0800] "GET /lib/reccapi.php?fields=t&coords=45.7053966,-121.5214623 HTTP/1.1" 200 2083 "http://whereshouldiski.com/" "Mozilla/5.0 (Windows NT 6.1; WOW64) AppleWebKit/537.36 (KHTML, like Gecko) Chrome/45.0.2454.85 Safari/537.36"
159.189.213.48 - - [15/Dec/2015:07:39:30 -0800] "GET /lib/reccapi.php?fields=t&coords=45.7053966,-121.5214623&region=Rockies HTTP/1.1" 200 1723 "http://whereshouldiski.com/" "Mozilla/5.0 (Windows NT 6.1; WOW64) AppleWebKit/537.36 (KHTML, like Gecko) Chrome/45.0.2454.85 Safari/537.36"
159.189.213.48 - - [15/Dec/2015:07:39:32 -0800] "GET /lib/reccapi.php?fields=t&coords=45.7053966,-121.5214623&region=Rockies&state=CO HTTP/1.1" 200 1529 "http://whereshouldiski.com/" "Mozilla/5.0 (Windows NT 6.1; WOW64) AppleWebKit/537.36 (KHTML, like Gecko) Chrome/45.0.2454.85 Safari/537.36"
123.125.71.115 - - [15/Dec/2015:07:45:52 -0800] "GET / HTTP/1.1" 200 2330 "-" "Mozilla/5.0 (Windows NT 5.1; rv:6.0.2) Gecko/20100101 Firefox/6.0.2"
123.125.71.113 - - [15/Dec/2015:07:45:54 -0800] "GET / HTTP/1.1" 200 6098 "-" "Mozilla/5.0 (Windows NT 5.1; rv:6.0.2) Gecko/20100101 Firefox/6.0.2"
170.75.162.130 - - [15/Dec/2015:07:51:34 -0800] "GET /lib/reccapi.php?resort=arapahoebasin HTTP/1.1" 200 1135 "-" "node-superagent/1.4.0"
170.75.162.130 - - [15/Dec/2015:07:51:44 -0800] "GET /lib/reccapi.php?resort=alta HTTP/1.1" 200 1034 "-" "node-superagent/1.4.0"
170.75.162.130 - - [15/Dec/2015:07:51:54 -0800] "GET /lib/reccapi.php?resort=alyeska HTTP/1.1" 200 998 "-" "node-superagent/1.4.0"
170.75.162.130 - - [15/Dec/2015:07:51:54 -0800] "GET /lib/reccapi.php?resort=angelfire HTTP/1.1" 200 1078 "-" "node-superagent/1.4.0"
170.75.162.130 - - [15/Dec/2015:07:53:24 -0800] "GET /lib/reccapi.php?resort=brianhead HTTP/1.1" 200 1076 "-" "node-superagent/1.4.0"
170.75.162.130 - - [15/Dec/2015:07:53:34 -0800] "GET /lib/reccapi.php?resort=brighton HTTP/1.1" 200 1041 "-" "node-superagent/1.4.0"
170.75.162.130 - - [15/Dec/2015:07:54:34 -0800] "GET /lib/reccapi.php?resort=cannonmountain HTTP/1.1" 200 1031 "-" "node-superagent/1.4.0"
170.75.162.130 - - [15/Dec/2015:07:54:54 -0800] "GET /lib/reccapi.php?resort=chinapeak HTTP/1.1" 200 1020 "-" "node-superagent/1.4.0"
170.75.162.130 - - [15/Dec/2015:07:55:04 -0800] "GET /lib/reccapi.php?resort=coppermountain HTTP/1.1" 200 1081 "-" "node-superagent/1.4.0"
220.181.108.184 - - [15/Dec/2015:07:55:19 -0800] "GET / HTTP/1.1" 200 2330 "-" "Mozilla/5.0 (Windows NT 5.1; rv:6.0.2) Gecko/20100101 Firefox/6.0.2"
220.181.108.158 - - [15/Dec/2015:07:55:34 -0800] "GET / HTTP/1.1" 200 6098 "-" "Mozilla/5.0 (Windows NT 5.1; rv:6.0.2) Gecko/20100101 Firefox/6.0.2"
170.75.162.130 - - [15/Dec/2015:07:55:44 -0800] "GET /lib/reccapi.php?resort=crestedbutte HTTP/1.1" 200 1052 "-" "node-superagent/1.4.0"
180.76.15.8 - - [15/Dec/2015:07:55:48 -0800] "GET / HTTP/1.1" 200 6098 "-" "Mozilla/5.0 (compatible; Baiduspider/2.0; +http://www.baidu.com/search/spider.html)"
170.75.162.130 - - [15/Dec/2015:07:56:04 -0800] "GET /lib/reccapi.php?resort=deervalley HTTP/1.1" 200 1121 "-" "node-superagent/1.4.0"
170.75.162.130 - - [15/Dec/2015:07:56:04 -0800] "GET /lib/reccapi.php?resort=devilshead HTTP/1.1" 200 963 "-" "node-superagent/1.4.0"
170.75.162.130 - - [15/Dec/2015:07:56:24 -0800] "GET /lib/reccapi.php?resort=diamondpeak HTTP/1.1" 200 946 "-" "node-superagent/1.4.0"
180.76.15.29 - - [15/Dec/2015:07:56:33 -0800] "GET / HTTP/1.1" 200 6098 "-" "Mozilla/5.0 (compatible; Baiduspider/2.0; +http://www.baidu.com/search/spider.html)"
170.75.162.130 - - [15/Dec/2015:07:57:24 -0800] "GET /lib/reccapi.php?resort=hoodoo HTTP/1.1" 200 971 "-" "node-superagent/1.4.0"
170.75.162.130 - - [15/Dec/2015:07:57:54 -0800] "GET /lib/reccapi.php?resort=jacksonhole HTTP/1.1" 200 1099 "-" "node-superagent/1.4.0"
137.164.164.35 - - [15/Dec/2015:07:58:02 -0800] "GET /images/wsis-logo-sm.png HTTP/1.1" 200 6108 "http://www.thebackcountry.net/" "Mozilla/5.0 (X11; CrOS x86_64 7077.134.0) AppleWebKit/537.36 (KHTML, like Gecko) Chrome/44.0.2403.156 Safari/537.36"
170.75.162.130 - - [15/Dec/2015:07:58:04 -0800] "GET /lib/reccapi.php?resort=jaypeak HTTP/1.1" 200 1057 "-" "node-superagent/1.4.0"
170.75.162.130 - - [15/Dec/2015:07:58:34 -0800] "GET /lib/reccapi.php?resort=keystone HTTP/1.1" 200 1090 "-" "node-superagent/1.4.0"
170.75.162.130 - - [15/Dec/2015:07:58:54 -0800] "GET /lib/reccapi.php?resort=killington HTTP/1.1" 200 1048 "-" "node-superagent/1.4.0"
170.75.162.130 - - [15/Dec/2015:07:59:35 -0800] "GET /lib/reccapi.php?resort=loveland HTTP/1.1" 200 1115 "-" "node-superagent/1.4.0"
170.75.162.130 - - [15/Dec/2015:07:59:45 -0800] "GET /lib/reccapi.php?resort=madriverglen HTTP/1.1" 200 1035 "-" "node-superagent/1.4.0"
170.75.162.130 - - [15/Dec/2015:07:59:55 -0800] "GET /lib/reccapi.php?resort=mammothmountain HTTP/1.1" 200 1051 "-" "node-superagent/1.4.0"
170.75.162.130 - - [15/Dec/2015:08:00:25 -0800] "GET /lib/reccapi.php?resort=mountainhigh HTTP/1.1" 200 990 "-" "node-superagent/1.4.0"
170.75.162.130 - - [15/Dec/2015:08:00:25 -0800] "GET /lib/reccapi.php?resort=redmountain HTTP/1.1" 200 912 "-" "node-superagent/1.4.0"
170.75.162.130 - - [15/Dec/2015:08:00:35 -0800] "GET /lib/reccapi.php?resort=sierra-at-tahoe HTTP/1.1" 200 992 "-" "node-superagent/1.4.0"
170.75.162.130 - - [15/Dec/2015:08:00:35 -0800] "GET /lib/reccapi.php?resort=silverstarmountain HTTP/1.1" 200 935 "-" "node-superagent/1.4.0"
170.75.162.130 - - [15/Dec/2015:08:01:15 -0800] "GET /lib/reccapi.php?resort=squawvalleyusa HTTP/1.1" 200 991 "-" "node-superagent/1.4.0"
170.75.162.130 - - [15/Dec/2015:08:01:35 -0800] "GET /lib/reccapi.php?resort=sunpeaksresort HTTP/1.1" 200 926 "-" "node-superagent/1.4.0"
170.75.162.130 - - [15/Dec/2015:08:01:55 -0800] "GET /lib/reccapi.php?resort=taos HTTP/1.1" 200 1054 "-" "node-superagent/1.4.0"
50.161.20.217 - - [15/Dec/2015:08:08:16 -0800] "GET /images/wsis-logo-sm.png HTTP/1.1" 200 6108 "http://www.thebackcountry.net/" "Mozilla/5.0 (iPhone; CPU iPhone OS 9_2 like Mac OS X) AppleWebKit/601.1.46 (KHTML, like Gecko) Version/9.0 Mobile/13C75 Safari/601.1"
73.158.118.149 - - [15/Dec/2015:08:15:46 -0800] "GET /images/wsis-logo-sm.png HTTP/1.1" 200 6108 "http://www.thebackcountry.net/" "Mozilla/5.0 (Macintosh; Intel Mac OS X 10_11_1) AppleWebKit/601.2.7 (KHTML, like Gecko) Version/9.0.1 Safari/601.2.7"
77.75.76.172 - - [15/Dec/2015:08:20:03 -0800] "GET /robots.txt HTTP/1.1" 200 419 "-" "Mozilla/5.0 (compatible; SeznamBot/3.2; +http://fulltext.sblog.cz/)"
77.75.76.172 - - [15/Dec/2015:08:20:04 -0800] "GET /resorts?resort=mammothmountain HTTP/1.1" 404 506 "-" "Mozilla/5.0 (compatible; SeznamBot/3.2; +http://fulltext.sblog.cz/)"
68.5.151.55 - - [15/Dec/2015:08:23:52 -0800] "GET /images/wsis-logo-sm.png HTTP/1.1" 200 6108 "http://www.thebackcountry.net/" "Mozilla/5.0 (iPhone; CPU iPhone OS 9_2 like Mac OS X) AppleWebKit/601.1.46 (KHTML, like Gecko) Version/9.0 Mobile/13C75 Safari/601.1"
170.75.162.130 - - [15/Dec/2015:08:25:08 -0800] "GET /lib/reccapi.php?resort=snowbird HTTP/1.1" 200 1039 "-" "node-superagent/1.4.0"
40.77.167.67 - - [15/Dec/2015:08:31:54 -0800] "GET /robots.txt HTTP/1.1" 200 375 "-" "Mozilla/5.0 (compatible; bingbot/2.0; +http://www.bing.com/bingbot.htm)"
40.77.167.67 - - [15/Dec/2015:08:31:58 -0800] "GET / HTTP/1.1" 200 2367 "-" "Mozilla/5.0 (compatible; bingbot/2.0; +http://www.bing.com/bingbot.htm)"
108.208.194.124 - - [15/Dec/2015:08:33:16 -0800] "GET /images/wsis-logo-sm.png HTTP/1.1" 200 6108 "http://www.thebackcountry.net/" "Mozilla/5.0 (Linux; Android 5.0.2; SM-T700 Build/LRX22G) AppleWebKit/537.36 (KHTML, like Gecko) Chrome/47.0.2526.83 Safari/537.36"
66.249.66.151 - - [15/Dec/2015:08:40:19 -0800] "GET / HTTP/1.1" 200 2367 "-" "Mozilla/5.0 (iPhone; CPU iPhone OS 8_3 like Mac OS X) AppleWebKit/600.1.4 (KHTML, like Gecko) Version/8.0 Mobile/12F70 Safari/600.1.4 (compatible; Googlebot/2.1; +http://www.google.com/bot.html)"
71.142.211.193 - - [15/Dec/2015:08:41:10 -0800] "GET /images/wsis-logo-sm.png HTTP/1.1" 200 6108 "http://thebackcountry.net/" "Mozilla/5.0 (Windows NT 6.1; Trident/7.0; rv:11.0) like Gecko"
71.142.211.193 - - [15/Dec/2015:08:41:32 -0800] "-" 408 0 "-" "-"
180.76.15.134 - - [15/Dec/2015:08:45:54 -0800] "GET / HTTP/1.1" 200 6098 "-" "Mozilla/5.0 (compatible; Baiduspider/2.0; +http://www.baidu.com/search/spider.html)"
123.125.71.78 - - [15/Dec/2015:08:46:32 -0800] "GET / HTTP/1.1" 200 2330 "-" "Mozilla/5.0 (Windows NT 5.1; rv:6.0.2) Gecko/20100101 Firefox/6.0.2"
123.125.71.80 - - [15/Dec/2015:08:46:34 -0800] "GET / HTTP/1.1" 200 6098 "-" "Mozilla/5.0 (Windows NT 5.1; rv:6.0.2) Gecko/20100101 Firefox/6.0.2"
180.76.15.12 - - [15/Dec/2015:08:46:43 -0800] "GET / HTTP/1.1" 200 6098 "-" "Mozilla/5.0 (compatible; Baiduspider/2.0; +http://www.baidu.com/search/spider.html)"
66.249.66.151 - - [15/Dec/2015:08:47:36 -0800] "GET /styles/0fffd548.main.css HTTP/1.1" 200 19317 "-" "Mozilla/5.0 (compatible; Googlebot/2.1; +http://www.google.com/bot.html)"
66.249.66.151 - - [15/Dec/2015:08:47:38 -0800] "GET /lib/reccapi.php?fields=t HTTP/1.1" 200 1896 "http://whereshouldiski.com/" "Mozilla/5.0 (compatible; Googlebot/2.1; +http://www.google.com/bot.html)"
188.68.224.62 - - [15/Dec/2015:08:52:41 -0800] "GET http://51.254.206.142/httptest.php HTTP/1.1" 404 448 "-" "-"
188.68.224.62 - - [15/Dec/2015:08:52:49 -0800] "GET http://51.254.206.142/httptest.php HTTP/1.1" 404 448 "-" "-"
170.75.162.130 - - [15/Dec/2015:08:55:22 -0800] "GET /lib/reccapi.php?resort=alpinemeadows HTTP/1.1" 200 993 "-" "node-superagent/1.4.0"
170.75.162.130 - - [15/Dec/2015:08:55:22 -0800] "GET /lib/reccapi.php?resort=heavenly HTTP/1.1" 200 1000 "-" "node-superagent/1.4.0"
170.75.162.130 - - [15/Dec/2015:08:55:22 -0800] "GET /lib/reccapi.php?resort=kirkwood HTTP/1.1" 200 1011 "-" "node-superagent/1.4.0"
170.75.162.130 - - [15/Dec/2015:08:55:22 -0800] "GET /lib/reccapi.php?resort=mtrose HTTP/1.1" 200 964 "-" "node-superagent/1.4.0"
170.75.162.130 - - [15/Dec/2015:08:55:22 -0800] "GET /lib/reccapi.php?resort=northstar-at-tahoe HTTP/1.1" 200 967 "-" "node-superagent/1.4.0"
199.200.27.9 - - [15/Dec/2015:09:08:47 -0800] "GET /images/wsis-logo-sm.png HTTP/1.1" 200 6108 "http://www.thebackcountry.net/" "Mozilla/5.0 (Windows NT 6.1; WOW64; Trident/7.0; rv:11.0) like Gecko"
186.207.1.236 - - [15/Dec/2015:09:13:17 -0800] "GET /images/wsis-logo-sm.png HTTP/1.1" 200 6108 "http://thebackcountry.net/" "Mozilla/5.0 (Windows NT 6.1; WOW64) AppleWebKit/537.36 (KHTML, like Gecko) Chrome/36.0.1985.143 Safari/537.36"
72.105.148.181 - - [15/Dec/2015:09:13:18 -0800] "GET /images/wsis-logo-sm.png HTTP/1.1" 200 6108 "http://www.thebackcountry.net/" "Mozilla/5.0 (Windows NT 10.0; WOW64) AppleWebKit/537.36 (KHTML, like Gecko) Chrome/47.0.2526.80 Safari/537.36"
170.75.162.130 - - [15/Dec/2015:09:18:15 -0800] "GET /lib/reccapi.php?resort=monarch HTTP/1.1" 200 1066 "-" "node-superagent/1.4.0"
209.181.33.237 - - [15/Dec/2015:09:25:49 -0800] "GET /images/wsis-logo-sm.png HTTP/1.1" 200 6108 "http://www.thebackcountry.net/" "Mozilla/5.0 (Windows NT 6.1; WOW64; rv:42.0) Gecko/20100101 Firefox/42.0"
170.75.162.130 - - [15/Dec/2015:09:29:26 -0800] "GET /lib/reccapi.php?resort=sugarloaf HTTP/1.1" 200 1039 "-" "node-superagent/1.4.0"
77.75.78.161 - - [15/Dec/2015:09:30:42 -0800] "GET /robots.txt HTTP/1.1" 200 419 "-" "Mozilla/5.0 (compatible; SeznamBot/3.2; +http://fulltext.sblog.cz/)"
77.75.78.161 - - [15/Dec/2015:09:30:44 -0800] "GET /resorts?resort=alpinemeadows HTTP/1.1" 404 506 "-" "Mozilla/5.0 (compatible; SeznamBot/3.2; +http://fulltext.sblog.cz/)"
108.240.188.229 - - [15/Dec/2015:09:42:45 -0800] "GET /images/wsis-logo-sm.png HTTP/1.1" 200 6108 "http://www.thebackcountry.net/" "Mozilla/5.0 (Windows NT 6.1; WOW64; rv:42.0) Gecko/20100101 Firefox/42.0"
12.9.29.53 - - [15/Dec/2015:09:43:02 -0800] "GET /images/wsis-logo-sm.png HTTP/1.1" 200 6108 "http://www.thebackcountry.net/" "Mozilla/5.0 (Windows NT 6.1; WOW64) AppleWebKit/537.36 (KHTML, like Gecko) Chrome/47.0.2526.80 Safari/537.36"
67.237.133.3 - - [15/Dec/2015:09:43:47 -0800] "GET /images/wsis-logo-sm.png HTTP/1.1" 200 6108 "http://www.thebackcountry.net/" "Mozilla/5.0 (Windows NT 6.1; WOW64) AppleWebKit/537.36 (KHTML, like Gecko) Chrome/47.0.2526.80 Safari/537.36"
123.125.71.88 - - [15/Dec/2015:09:45:39 -0800] "GET / HTTP/1.1" 200 2330 "-" "Mozilla/5.0 (Windows NT 5.1; rv:6.0.2) Gecko/20100101 Firefox/6.0.2"
123.125.71.117 - - [15/Dec/2015:09:45:40 -0800] "GET / HTTP/1.1" 200 6098 "-" "Mozilla/5.0 (Windows NT 5.1; rv:6.0.2) Gecko/20100101 Firefox/6.0.2"
71.140.31.214 - - [15/Dec/2015:09:47:48 -0800] "GET /images/wsis-logo-sm.png HTTP/1.1" 200 6108 "http://thebackcountry.net/" "Mozilla/4.0 (compatible; MSIE 8.0; Windows NT 5.1; Trident/4.0; .NET CLR 2.0.50727; .NET CLR 3.0.4506.2152; .NET CLR 3.5.30729; 786908940603; Build/14.08001)"
76.14.160.226 - - [15/Dec/2015:09:49:08 -0800] "GET /images/wsis-logo-sm.png HTTP/1.1" 200 6108 "http://thebackcountry.net/" "Mozilla/5.0 (Windows NT 6.1; WOW64) AppleWebKit/537.36 (KHTML, like Gecko) Chrome/47.0.2526.80 Safari/537.36"
