127.0.0.1 - - [31/Jan/2016:06:47:33 -0800] "OPTIONS * HTTP/1.0" 200 126 "-" "Apache/2.2.22 (Ubuntu) (internal dummy connection)"
127.0.0.1 - - [31/Jan/2016:06:47:33 -0800] "OPTIONS * HTTP/1.0" 200 126 "-" "Apache/2.2.22 (Ubuntu) (internal dummy connection)"
185.49.14.190 - - [31/Jan/2016:06:47:56 -0800] "GET http://testp4.pospr.waw.pl/testproxy.php HTTP/1.1" 404 448 "-" "Mozilla/5.0 (Windows NT 5.1; rv:32.0) Gecko/20100101 Firefox/31.0"
66.87.119.208 - - [31/Jan/2016:06:54:16 -0800] "GET /images/wsis-logo-sm.png HTTP/1.1" 200 6108 "http://www.thebackcountry.net/" "Mozilla/5.0 (iPhone; CPU iPhone OS 7_0_4 like Mac OS X) AppleWebKit/537.51.1 (KHTML, like Gecko) Version/7.0 Mobile/11B554a Safari/9537.53"
52.33.40.213 - - [31/Jan/2016:06:55:47 -0800] "GET /lib/reccapi.php?resort=solitude HTTP/1.1" 200 1037 "-" "node-superagent/1.4.0"
66.249.64.127 - - [31/Jan/2016:06:55:59 -0800] "GET /lib/reccapi.php?resort=mountwashingtonalpine&date=2016-01-08 HTTP/1.1" 200 718 "http://whereshouldiski.com/" "Mozilla/5.0 (compatible; Googlebot/2.1; +http://www.google.com/bot.html)"
52.33.40.213 - - [31/Jan/2016:06:56:17 -0800] "GET /lib/reccapi.php?resort=brighton HTTP/1.1" 200 1059 "-" "node-superagent/1.4.0"
52.33.40.213 - - [31/Jan/2016:06:58:07 -0800] "GET /lib/reccapi.php?resort=steamboat HTTP/1.1" 200 1028 "-" "node-superagent/1.4.0"
170.75.162.130 - - [31/Jan/2016:06:59:57 -0800] "GET /lib/reccapi.php?resort=monarch HTTP/1.1" 200 1012 "-" "node-superagent/1.4.0"
107.77.75.82 - - [31/Jan/2016:07:02:53 -0800] "GET /images/wsis-logo-sm.png HTTP/1.1" 200 6108 "http://www.thebackcountry.net/" "Mozilla/5.0 (iPhone; CPU iPhone OS 9_2 like Mac OS X) AppleWebKit/601.1.46 (KHTML, like Gecko) Version/9.0 Mobile/13C75 Safari/601.1"
170.75.162.130 - - [31/Jan/2016:07:04:47 -0800] "GET /lib/reccapi.php?resort=mountbachelor HTTP/1.1" 200 1049 "-" "node-superagent/1.4.0"
170.75.162.130 - - [31/Jan/2016:07:04:47 -0800] "GET /lib/reccapi.php?resort=snowmass HTTP/1.1" 200 1016 "-" "node-superagent/1.4.0"
52.21.174.235 - - [31/Jan/2016:07:05:18 -0800] "GET /robots.txt HTTP/1.0" 200 382 "-" "My Nutch Spider/Nutch-1.11"
52.21.174.235 - - [31/Jan/2016:07:05:18 -0800] "GET / HTTP/1.0" 200 2578 "-" "My Nutch Spider/Nutch-1.11"
52.33.40.213 - - [31/Jan/2016:07:08:19 -0800] "GET /lib/reccapi.php?resort=telluride HTTP/1.1" 200 1014 "-" "node-superagent/1.4.0"
66.249.64.2 - - [31/Jan/2016:07:11:49 -0800] "GET /lib/reccapi.php?resort=mountwashingtonalpine&date=2016-01-12 HTTP/1.1" 200 718 "http://whereshouldiski.com/" "Mozilla/5.0 (compatible; Googlebot/2.1; +http://www.google.com/bot.html)"
66.249.64.127 - - [31/Jan/2016:07:18:52 -0800] "GET /lib/reccapi.php?resort=mountwashingtonalpine&date=2016-01-07 HTTP/1.1" 200 721 "http://whereshouldiski.com/" "Mozilla/5.0 (compatible; Googlebot/2.1; +http://www.google.com/bot.html)"
71.80.215.3 - - [31/Jan/2016:07:24:28 -0800] "GET /images/wsis-logo-sm.png HTTP/1.1" 200 6108 "http://www.thebackcountry.net/" "Mozilla/5.0 (Windows NT 6.3; WOW64; rv:44.0) Gecko/20100101 Firefox/44.0"
170.75.162.130 - - [31/Jan/2016:07:27:40 -0800] "GET /lib/reccapi.php?resort=silverstarmountain HTTP/1.1" 200 931 "-" "node-superagent/1.4.0"
170.75.162.130 - - [31/Jan/2016:07:27:50 -0800] "GET /lib/reccapi.php?resort=deervalley HTTP/1.1" 200 1062 "-" "node-superagent/1.4.0"
68.37.158.222 - - [31/Jan/2016:07:30:50 -0800] "GET /images/wsis-logo-sm.png HTTP/1.1" 200 6108 "http://www.thebackcountry.net/" "Mozilla/5.0 (Windows NT 6.1; WOW64; rv:42.0) Gecko/20100101 Firefox/42.0"
180.76.15.18 - - [31/Jan/2016:07:34:29 -0800] "GET / HTTP/1.1" 200 6995 "-" "Mozilla/5.0 (compatible; Baiduspider/2.0; +http://www.baidu.com/search/spider.html)"
180.76.15.23 - - [31/Jan/2016:07:35:27 -0800] "GET / HTTP/1.1" 200 6995 "-" "Mozilla/5.0 (compatible; Baiduspider/2.0; +http://www.baidu.com/search/spider.html)"
170.75.162.130 - - [31/Jan/2016:07:39:31 -0800] "GET /lib/reccapi.php?resort=chinapeak HTTP/1.1" 200 1058 "-" "node-superagent/1.4.0"
73.12.137.112 - - [31/Jan/2016:07:41:11 -0800] "GET /images/wsis-logo-sm.png HTTP/1.1" 200 6108 "http://www.thebackcountry.net/" "Mozilla/5.0 (Macintosh; Intel Mac OS X 10_6_8) AppleWebKit/534.59.10 (KHTML, like Gecko) Version/5.1.9 Safari/534.59.10"
66.249.64.127 - - [31/Jan/2016:07:44:45 -0800] "GET /lib/reccapi.php?resort=wildcatmountain&date=2015-12-31 HTTP/1.1" 200 707 "http://whereshouldiski.com/" "Mozilla/5.0 (compatible; Googlebot/2.1; +http://www.google.com/bot.html)"
205.175.124.187 - - [31/Jan/2016:07:45:36 -0800] "GET /images/wsis-logo-sm.png HTTP/1.1" 200 6108 "http://www.thebackcountry.net/" "Mozilla/5.0 (Windows NT 6.1) AppleWebKit/537.36 (KHTML, like Gecko) Chrome/48.0.2564.97 Safari/537.36"
52.33.40.213 - - [31/Jan/2016:07:55:11 -0800] "GET /lib/reccapi.php?resort=alpinemeadows HTTP/1.1" 200 1106 "-" "node-superagent/1.4.0"
66.249.79.234 - - [31/Jan/2016:08:33:22 -0800] "GET /lib/reccapi.php?resort=alpenglow&date=2016-01-02 HTTP/1.1" 200 681 "http://whereshouldiski.com/" "Mozilla/5.0 (compatible; Googlebot/2.1; +http://www.google.com/bot.html)"
180.76.15.32 - - [31/Jan/2016:08:36:48 -0800] "GET / HTTP/1.1" 200 6995 "-" "Mozilla/5.0 (compatible; Baiduspider/2.0; +http://www.baidu.com/search/spider.html)"
180.76.15.163 - - [31/Jan/2016:08:37:47 -0800] "GET / HTTP/1.1" 200 6995 "-" "Mozilla/5.0 (compatible; Baiduspider/2.0; +http://www.baidu.com/search/spider.html)"
170.75.162.130 - - [31/Jan/2016:08:50:20 -0800] "GET /lib/reccapi.php?resort=schweitzer HTTP/1.1" 200 1006 "-" "node-superagent/1.4.0"
170.75.162.130 - - [31/Jan/2016:08:50:20 -0800] "GET /lib/reccapi.php?resort=sunvalley HTTP/1.1" 200 1026 "-" "node-superagent/1.4.0"
104.178.159.70 - - [31/Jan/2016:08:52:21 -0800] "GET /images/wsis-logo-sm.png HTTP/1.1" 200 6108 "http://www.thebackcountry.net/" "Mozilla/5.0 (Linux; Android 5.1.1; SM-N920P Build/LMY47X) AppleWebKit/537.36 (KHTML, like Gecko) Chrome/47.0.2526.83 Mobile Safari/537.36"
170.75.162.130 - - [31/Jan/2016:08:57:01 -0800] "GET /lib/reccapi.php?resort=arapahoebasin HTTP/1.1" 200 1088 "-" "node-superagent/1.4.0"
170.75.162.130 - - [31/Jan/2016:08:57:21 -0800] "GET /lib/reccapi.php?resort=alta HTTP/1.1" 200 1051 "-" "node-superagent/1.4.0"
170.75.162.130 - - [31/Jan/2016:08:57:21 -0800] "GET /lib/reccapi.php?resort=alyeska HTTP/1.1" 200 952 "-" "node-superagent/1.4.0"
170.75.162.130 - - [31/Jan/2016:08:57:31 -0800] "GET /lib/reccapi.php?resort=49degreesnorth HTTP/1.1" 200 1069 "-" "node-superagent/1.4.0"
170.75.162.130 - - [31/Jan/2016:08:57:31 -0800] "GET /lib/reccapi.php?resort=alpinemeadows HTTP/1.1" 200 1106 "-" "node-superagent/1.4.0"
170.75.162.130 - - [31/Jan/2016:08:57:31 -0800] "GET /lib/reccapi.php?resort=bigsky HTTP/1.1" 200 1074 "-" "node-superagent/1.4.0"
170.75.162.130 - - [31/Jan/2016:08:57:51 -0800] "GET /lib/reccapi.php?resort=aspenmountain HTTP/1.1" 200 1052 "-" "node-superagent/1.4.0"
170.75.162.130 - - [31/Jan/2016:08:58:01 -0800] "GET /lib/reccapi.php?resort=aspenheights HTTP/1.1" 200 1039 "-" "node-superagent/1.4.0"
170.75.162.130 - - [31/Jan/2016:08:58:01 -0800] "GET /lib/reccapi.php?resort=brianhead HTTP/1.1" 200 1022 "-" "node-superagent/1.4.0"
170.75.162.130 - - [31/Jan/2016:08:58:01 -0800] "GET /lib/reccapi.php?resort=brighton HTTP/1.1" 200 1059 "-" "node-superagent/1.4.0"
170.75.162.130 - - [31/Jan/2016:08:58:02 -0800] "GET /lib/reccapi.php?resort=crystalmountain HTTP/1.1" 200 1067 "-" "node-superagent/1.4.0"
170.75.162.130 - - [31/Jan/2016:08:58:02 -0800] "GET /lib/reccapi.php?resort=devilshead HTTP/1.1" 200 1051 "-" "node-superagent/1.4.0"
170.75.162.130 - - [31/Jan/2016:08:58:02 -0800] "GET /lib/reccapi.php?resort=grandtarghee HTTP/1.1" 200 1074 "-" "node-superagent/1.4.0"
170.75.162.130 - - [31/Jan/2016:08:58:02 -0800] "GET /lib/reccapi.php?resort=hoodoo HTTP/1.1" 200 1045 "-" "node-superagent/1.4.0"
170.75.162.130 - - [31/Jan/2016:08:58:02 -0800] "GET /lib/reccapi.php?resort=jacksonhole HTTP/1.1" 200 1080 "-" "node-superagent/1.4.0"
170.75.162.130 - - [31/Jan/2016:08:58:02 -0800] "GET /lib/reccapi.php?resort=jaypeak HTTP/1.1" 200 1027 "-" "node-superagent/1.4.0"
170.75.162.130 - - [31/Jan/2016:08:58:02 -0800] "GET /lib/reccapi.php?resort=keystone HTTP/1.1" 200 1079 "-" "node-superagent/1.4.0"
170.75.162.130 - - [31/Jan/2016:08:58:02 -0800] "GET /lib/reccapi.php?resort=madriverglen HTTP/1.1" 200 1077 "-" "node-superagent/1.4.0"
170.75.162.130 - - [31/Jan/2016:08:58:02 -0800] "GET /lib/reccapi.php?resort=mountspokane HTTP/1.1" 200 1062 "-" "node-superagent/1.4.0"
170.75.162.130 - - [31/Jan/2016:08:59:01 -0800] "GET /lib/reccapi.php?resort=snowbird HTTP/1.1" 200 1052 "-" "node-superagent/1.4.0"
170.75.162.130 - - [31/Jan/2016:08:59:01 -0800] "GET /lib/reccapi.php?resort=solitude HTTP/1.1" 200 1036 "-" "node-superagent/1.4.0"
170.75.162.130 - - [31/Jan/2016:08:59:01 -0800] "GET /lib/reccapi.php?resort=sugarbush HTTP/1.1" 200 1056 "-" "node-superagent/1.4.0"
170.75.162.130 - - [31/Jan/2016:08:59:01 -0800] "GET /lib/reccapi.php?resort=smugglersnotch HTTP/1.1" 200 1004 "-" "node-superagent/1.4.0"
170.75.162.130 - - [31/Jan/2016:08:59:01 -0800] "GET /lib/reccapi.php?resort=wildcatmountain HTTP/1.1" 200 969 "-" "node-superagent/1.4.0"
170.75.162.130 - - [31/Jan/2016:08:59:01 -0800] "GET /lib/reccapi.php?resort=snowbasin HTTP/1.1" 200 1039 "-" "node-superagent/1.4.0"
170.75.162.130 - - [31/Jan/2016:08:59:01 -0800] "GET /lib/reccapi.php?resort=parkcity HTTP/1.1" 200 1080 "-" "node-superagent/1.4.0"
170.75.162.130 - - [31/Jan/2016:08:59:02 -0800] "GET /lib/reccapi.php?resort=stowe HTTP/1.1" 200 1030 "-" "node-superagent/1.4.0"
66.249.79.220 - - [31/Jan/2016:09:05:02 -0800] "GET /lib/reccapi.php?resort=willamettepass&date=2015-12-24 HTTP/1.1" 200 709 "http://whereshouldiski.com/" "Mozilla/5.0 (compatible; Googlebot/2.1; +http://www.google.com/bot.html)"
50.173.179.127 - - [31/Jan/2016:09:07:17 -0800] "GET /images/wsis-logo-sm.png HTTP/1.1" 200 6108 "http://www.thebackcountry.net/" "Mozilla/5.0 (iPad; CPU OS 9_2_1 like Mac OS X) AppleWebKit/601.1.46 (KHTML, like Gecko) Version/9.0 Mobile/13D15 Safari/601.1"
52.33.40.213 - - [31/Jan/2016:09:08:05 -0800] "GET /lib/reccapi.php?resort=madriverglen HTTP/1.1" 200 1074 "-" "node-superagent/1.4.0"
50.173.179.127 - - [31/Jan/2016:09:09:40 -0800] "GET /images/wsis-logo-sm.png HTTP/1.1" 200 6108 "http://www.thebackcountry.net/" "Mozilla/5.0 (iPad; CPU OS 9_2_1 like Mac OS X) AppleWebKit/601.1.46 (KHTML, like Gecko) Version/9.0 Mobile/13D15 Safari/601.1"
71.89.241.13 - - [31/Jan/2016:09:12:09 -0800] "GET /images/wsis-logo-sm.png HTTP/1.1" 200 6108 "http://www.thebackcountry.net/" "Mozilla/5.0 (Macintosh; Intel Mac OS X 10_10_5) AppleWebKit/601.3.9 (KHTML, like Gecko) Version/9.0.2 Safari/601.3.9"
52.33.40.213 - - [31/Jan/2016:09:14:45 -0800] "GET /lib/reccapi.php?resort=snowmass HTTP/1.1" 200 1022 "-" "node-superagent/1.4.0"
170.75.162.130 - - [31/Jan/2016:09:17:04 -0800] "GET /lib/reccapi.php?resort=northstar-at-tahoe HTTP/1.1" 200 1042 "-" "node-superagent/1.4.0"
52.33.40.213 - - [31/Jan/2016:09:18:45 -0800] "GET /lib/reccapi.php?resort=parkcity HTTP/1.1" 200 1078 "-" "node-superagent/1.4.0"
75.111.107.103 - - [31/Jan/2016:09:19:24 -0800] "GET /images/wsis-logo-sm.png HTTP/1.1" 200 6108 "http://www.thebackcountry.net/index.html" "Mozilla/5.0 (Windows NT 10.0; WOW64; Trident/7.0; rv:11.0) like Gecko"
68.180.229.34 - - [31/Jan/2016:09:19:32 -0800] "GET /robots.txt HTTP/1.1" 200 319 "-" "Mozilla/5.0 (compatible; Yahoo! Slurp; http://help.yahoo.com/help/us/ysearch/slurp)"
68.180.229.34 - - [31/Jan/2016:09:19:32 -0800] "GET /resorts?resort=keystone HTTP/1.1" 404 450 "-" "Mozilla/5.0 (compatible; Yahoo! Slurp; http://help.yahoo.com/help/us/ysearch/slurp)"
75.111.107.103 - - [31/Jan/2016:09:19:45 -0800] "-" 408 0 "-" "-"
170.75.162.130 - - [31/Jan/2016:09:26:35 -0800] "GET /lib/reccapi.php?resort=diamondpeak HTTP/1.1" 200 1019 "-" "node-superagent/1.4.0"
180.76.15.158 - - [31/Jan/2016:09:32:22 -0800] "GET / HTTP/1.1" 200 6995 "-" "Mozilla/5.0 (compatible; Baiduspider/2.0; +http://www.baidu.com/search/spider.html)"
184.189.239.178 - - [31/Jan/2016:09:32:58 -0800] "GET /images/wsis-logo-sm.png HTTP/1.1" 200 6108 "http://www.thebackcountry.net/" "Mozilla/5.0 (Windows NT 10.0; WOW64) AppleWebKit/537.36 (KHTML, like Gecko) Chrome/48.0.2564.97 Safari/537.36"
180.76.15.34 - - [31/Jan/2016:09:33:12 -0800] "GET / HTTP/1.1" 200 6995 "-" "Mozilla/5.0 (compatible; Baiduspider/2.0; +http://www.baidu.com/search/spider.html)"
70.214.34.163 - - [31/Jan/2016:09:41:44 -0800] "GET /images/wsis-logo-sm.png HTTP/1.1" 200 6108 "http://www.thebackcountry.net/" "Mozilla/5.0 (iPhone; CPU iPhone OS 8_3 like Mac OS X) AppleWebKit/600.1.4 (KHTML, like Gecko) Version/8.0 Mobile/12F70 Safari/600.1.4"
70.211.69.251 - - [31/Jan/2016:09:42:20 -0800] "GET /lib/reccapi.php?fields=t&date=2016-01-30&state=CA HTTP/1.1" 200 1204 "http://whereshouldiski.com/" "Mozilla/5.0 (Linux; Android 6.0.1; Nexus 5X Build/MMB29Q) AppleWebKit/537.36 (KHTML, like Gecko) Chrome/48.0.2564.95 Mobile Safari/537.36"
70.211.69.251 - - [31/Jan/2016:09:42:21 -0800] "GET /lib/reccapi.php?fields=t&coords=39.2033153,-120.2001099&date=2016-01-30&state=CA HTTP/1.1" 200 1382 "http://whereshouldiski.com/" "Mozilla/5.0 (Linux; Android 6.0.1; Nexus 5X Build/MMB29Q) AppleWebKit/537.36 (KHTML, like Gecko) Chrome/48.0.2564.95 Mobile Safari/537.36"
70.211.69.251 - - [31/Jan/2016:09:42:37 -0800] "-" 408 0 "-" "-"
70.211.69.251 - - [31/Jan/2016:09:42:38 -0800] "-" 408 0 "-" "-"
70.211.69.251 - - [31/Jan/2016:09:42:38 -0800] "-" 408 0 "-" "-"
70.211.69.251 - - [31/Jan/2016:09:42:38 -0800] "-" 408 0 "-" "-"
70.211.69.251 - - [31/Jan/2016:09:42:38 -0800] "-" 408 0 "-" "-"
127.0.0.1 - - [31/Jan/2016:09:42:41 -0800] "OPTIONS * HTTP/1.0" 200 126 "-" "Apache/2.2.22 (Ubuntu) (internal dummy connection)"
70.211.69.251 - - [31/Jan/2016:09:43:56 -0800] "GET /lib/reccapi.php?fields=t&coords=39.2033153,-120.2001099&date=2016-01-30&state=CA&sort=bluebird HTTP/1.1" 200 1394 "http://whereshouldiski.com/" "Mozilla/5.0 (Linux; Android 6.0.1; Nexus 5X Build/MMB29Q) AppleWebKit/537.36 (KHTML, like Gecko) Chrome/48.0.2564.95 Mobile Safari/537.36"
70.211.69.251 - - [31/Jan/2016:09:43:58 -0800] "GET /lib/reccapi.php?fields=t&coords=39.2033153,-120.2001099&date=2016-01-30&state=CA&sort=fl HTTP/1.1" 200 1385 "http://whereshouldiski.com/" "Mozilla/5.0 (Linux; Android 6.0.1; Nexus 5X Build/MMB29Q) AppleWebKit/537.36 (KHTML, like Gecko) Chrome/48.0.2564.95 Mobile Safari/537.36"
70.211.69.251 - - [31/Jan/2016:09:44:02 -0800] "GET /lib/reccapi.php?fields=t&coords=39.2033153,-120.2001099&date=2016-01-30&state=CA&sort=quality HTTP/1.1" 200 1385 "http://whereshouldiski.com/" "Mozilla/5.0 (Linux; Android 6.0.1; Nexus 5X Build/MMB29Q) AppleWebKit/537.36 (KHTML, like Gecko) Chrome/48.0.2564.95 Mobile Safari/537.36"
70.211.69.251 - - [31/Jan/2016:09:44:05 -0800] "GET /lib/reccapi.php?fields=t&coords=39.2033153,-120.2001099&date=2016-01-30&state=CA&sort=powder HTTP/1.1" 200 1382 "http://whereshouldiski.com/" "Mozilla/5.0 (Linux; Android 6.0.1; Nexus 5X Build/MMB29Q) AppleWebKit/537.36 (KHTML, like Gecko) Chrome/48.0.2564.95 Mobile Safari/537.36"
170.75.162.130 - - [31/Jan/2016:09:48:18 -0800] "GET /lib/reccapi.php?resort=taos HTTP/1.1" 200 1024 "-" "node-superagent/1.4.0"
54.201.130.224 - - [31/Jan/2016:09:52:47 -0800] "GET /wsisdbbackup-20160131.sql HTTP/1.1" 200 108540440 "-" "Wget/1.15 (linux-gnu)"
54.201.130.224 - - [31/Jan/2016:09:53:35 -0800] "GET /wwwbackup-20160131.tar HTTP/1.1" 200 4055377 "-" "Wget/1.15 (linux-gnu)"
24.143.115.216 - - [31/Jan/2016:09:58:10 -0800] "GET /lib/reccapi.php?fields=t HTTP/1.1" 200 1982 "http://54.201.130.224/" "Mozilla/5.0 (Macintosh; Intel Mac OS X 10_10_5) AppleWebKit/537.36 (KHTML, like Gecko) Chrome/48.0.2564.97 Safari/537.36"
24.143.115.216 - - [31/Jan/2016:09:58:17 -0800] "GET /lib/reccapi.php?fields=t&coords=47.592720799999995,-122.30561399999999 HTTP/1.1" 200 2172 "http://54.201.130.224/" "Mozilla/5.0 (Macintosh; Intel Mac OS X 10_10_5) AppleWebKit/537.36 (KHTML, like Gecko) Chrome/48.0.2564.97 Safari/537.36"
75.111.101.110 - - [31/Jan/2016:10:05:33 -0800] "GET /images/wsis-logo-sm.png HTTP/1.1" 200 6108 "http://www.thebackcountry.net/" "Mozilla/5.0 (Macintosh; Intel Mac OS X 10_10_5) AppleWebKit/537.36 (KHTML, like Gecko) Chrome/48.0.2564.97 Safari/537.36"
75.111.101.110 - - [31/Jan/2016:10:07:09 -0800] "-" 408 0 "-" "-"
75.111.101.110 - - [31/Jan/2016:10:07:09 -0800] "-" 408 0 "-" "-"
75.111.101.110 - - [31/Jan/2016:10:07:09 -0800] "-" 408 0 "-" "-"
182.118.45.239 - - [31/Jan/2016:10:13:06 -0800] "GET / HTTP/1.1" 200 2559 "-" "Mozilla/5.0 (Macintosh; Intel Mac OS X 10_10_1) AppleWebKit/537.36 (KHTML, like Gecko) Chrome/41.0.2251.0 Safari/537.36"
70.214.54.174 - - [31/Jan/2016:10:13:30 -0800] "GET /images/wsis-logo-sm.png HTTP/1.1" 200 6108 "http://www.thebackcountry.net/" "Mozilla/5.0 (Linux; Android 5.0; SM-G900V Build/LRX21T) AppleWebKit/537.36 (KHTML, like Gecko) Chrome/47.0.2526.83 Mobile Safari/537.36"
170.75.162.130 - - [31/Jan/2016:10:14:01 -0800] "GET /lib/reccapi.php?resort=redlodge HTTP/1.1" 200 1075 "-" "node-superagent/1.4.0"
24.143.115.216 - - [31/Jan/2016:10:14:29 -0800] "GET /lib/reccapi.php?fields=t&coords=47.5926369893512,-122.3054857563517 HTTP/1.1" 200 2169 "http://whereshouldiski.com/" "Mozilla/5.0 (iPhone; CPU iPhone OS 9_2_1 like Mac OS X) AppleWebKit/601.1.46 (KHTML, like Gecko) Version/9.0 Mobile/13D15 Safari/601.1"
24.143.115.216 - - [31/Jan/2016:10:14:37 -0800] "GET /lib/reccapi.php?fields=t&coords=47.5926369893512,-122.3054857563517&sort=distance HTTP/1.1" 200 1953 "http://whereshouldiski.com/" "Mozilla/5.0 (iPhone; CPU iPhone OS 9_2_1 like Mac OS X) AppleWebKit/601.1.46 (KHTML, like Gecko) Version/9.0 Mobile/13D15 Safari/601.1"
24.143.115.216 - - [31/Jan/2016:10:14:40 -0800] "GET /lib/reccapi.php?resort=snoqualmie-alpental&date=2016-01-31 HTTP/1.1" 200 1094 "http://whereshouldiski.com/" "Mozilla/5.0 (iPhone; CPU iPhone OS 9_2_1 like Mac OS X) AppleWebKit/601.1.46 (KHTML, like Gecko) Version/9.0 Mobile/13D15 Safari/601.1"
24.143.115.216 - - [31/Jan/2016:10:14:40 -0800] "GET /lib/reccapi.php?fields=t&coords=47.5926369893512,-122.3054857563517&date=2016-01-31&coords=47.44%2C-121.45&size=7&sort=distance HTTP/1.1" 200 1416 "http://whereshouldiski.com/" "Mozilla/5.0 (iPhone; CPU iPhone OS 9_2_1 like Mac OS X) AppleWebKit/601.1.46 (KHTML, like Gecko) Version/9.0 Mobile/13D15 Safari/601.1"
24.143.115.216 - - [31/Jan/2016:10:14:40 -0800] "GET /lib/resortDataSearchD3.php?size=7&sortDate=T&resort=snoqualmie-alpental&dateStart=2016-01-29 HTTP/1.1" 200 881 "http://whereshouldiski.com/" "Mozilla/5.0 (iPhone; CPU iPhone OS 9_2_1 like Mac OS X) AppleWebKit/601.1.46 (KHTML, like Gecko) Version/9.0 Mobile/13D15 Safari/601.1"
66.249.79.227 - - [31/Jan/2016:10:19:12 -0800] "GET /lib/reccapi.php?resort=alpenglow&date=2016-01-03 HTTP/1.1" 200 681 "http://whereshouldiski.com/" "Mozilla/5.0 (compatible; Googlebot/2.1; +http://www.google.com/bot.html)"
170.75.162.130 - - [31/Jan/2016:10:19:32 -0800] "GET /lib/reccapi.php?resort=cannonmountain HTTP/1.1" 200 985 "-" "node-superagent/1.4.0"
170.75.162.130 - - [31/Jan/2016:10:19:33 -0800] "GET /lib/reccapi.php?resort=killington HTTP/1.1" 200 1067 "-" "node-superagent/1.4.0"
170.75.162.130 - - [31/Jan/2016:10:19:33 -0800] "GET /lib/reccapi.php?resort=sugarloaf HTTP/1.1" 200 958 "-" "node-superagent/1.4.0"
170.75.162.130 - - [31/Jan/2016:10:19:34 -0800] "GET /lib/reccapi.php?resort=sundayriver HTTP/1.1" 200 985 "-" "node-superagent/1.4.0"
170.75.162.130 - - [31/Jan/2016:10:19:42 -0800] "GET /lib/reccapi.php?resort=stevenspass HTTP/1.1" 200 1074 "-" "node-superagent/1.4.0"
170.75.162.130 - - [31/Jan/2016:10:20:22 -0800] "GET /lib/reccapi.php?resort=mounthoodmeadows HTTP/1.1" 200 1060 "-" "node-superagent/1.4.0"
73.231.169.99 - - [31/Jan/2016:10:21:48 -0800] "GET /images/wsis-logo-sm.png HTTP/1.1" 200 6108 "http://www.thebackcountry.net/" "Mozilla/5.0 (Macintosh; Intel Mac OS X 10.11; rv:43.0) Gecko/20100101 Firefox/43.0"
170.75.162.130 - - [31/Jan/2016:10:22:53 -0800] "GET /lib/reccapi.php?resort=buttermilk HTTP/1.1" 200 1043 "-" "node-superagent/1.4.0"
170.75.162.130 - - [31/Jan/2016:10:23:03 -0800] "GET /lib/reccapi.php?resort=bigwhite HTTP/1.1" 200 923 "-" "node-superagent/1.4.0"
170.75.162.130 - - [31/Jan/2016:10:23:03 -0800] "GET /lib/reccapi.php?resort=redmountain HTTP/1.1" 200 910 "-" "node-superagent/1.4.0"
170.75.162.130 - - [31/Jan/2016:10:23:03 -0800] "GET /lib/reccapi.php?resort=sunpeaksresort HTTP/1.1" 200 924 "-" "node-superagent/1.4.0"
170.75.162.130 - - [31/Jan/2016:10:23:03 -0800] "GET /lib/reccapi.php?resort=whistlerblackcomb HTTP/1.1" 200 935 "-" "node-superagent/1.4.0"
170.75.162.130 - - [31/Jan/2016:10:23:13 -0800] "GET /lib/reccapi.php?resort=coppermountain HTTP/1.1" 200 1058 "-" "node-superagent/1.4.0"
170.75.162.130 - - [31/Jan/2016:10:23:13 -0800] "GET /lib/reccapi.php?resort=crestedbutte HTTP/1.1" 200 1041 "-" "node-superagent/1.4.0"
170.75.162.130 - - [31/Jan/2016:10:23:13 -0800] "GET /lib/reccapi.php?resort=loveland HTTP/1.1" 200 1081 "-" "node-superagent/1.4.0"
170.75.162.130 - - [31/Jan/2016:10:23:13 -0800] "GET /lib/reccapi.php?resort=mammothmountain HTTP/1.1" 200 1101 "-" "node-superagent/1.4.0"
170.75.162.130 - - [31/Jan/2016:10:23:13 -0800] "GET /lib/reccapi.php?resort=mtrose HTTP/1.1" 200 1055 "-" "node-superagent/1.4.0"
170.75.162.130 - - [31/Jan/2016:10:23:13 -0800] "GET /lib/reccapi.php?resort=squawvalleyusa HTTP/1.1" 200 1057 "-" "node-superagent/1.4.0"
170.75.162.130 - - [31/Jan/2016:10:23:13 -0800] "GET /lib/reccapi.php?resort=steamboat HTTP/1.1" 200 1031 "-" "node-superagent/1.4.0"
170.75.162.130 - - [31/Jan/2016:10:23:53 -0800] "GET /lib/reccapi.php?resort=sugarbowl HTTP/1.1" 200 1033 "-" "node-superagent/1.4.0"
170.75.162.130 - - [31/Jan/2016:10:23:53 -0800] "GET /lib/reccapi.php?resort=angelfire HTTP/1.1" 200 1063 "-" "node-superagent/1.4.0"
170.75.162.130 - - [31/Jan/2016:10:23:53 -0800] "GET /lib/reccapi.php?resort=telluride HTTP/1.1" 200 1016 "-" "node-superagent/1.4.0"
170.75.162.130 - - [31/Jan/2016:10:23:53 -0800] "GET /lib/reccapi.php?resort=whitefacemountain HTTP/1.1" 200 1073 "-" "node-superagent/1.4.0"
70.209.192.103 - - [31/Jan/2016:10:23:55 -0800] "GET /images/wsis-logo-sm.png HTTP/1.1" 200 6108 "http://www.thebackcountry.net/" "Mozilla/5.0 (iPhone; CPU iPhone OS 9_2_1 like Mac OS X) AppleWebKit/601.1.46 (KHTML, like Gecko) Version/9.0 Mobile/13D15 Safari/601.1"
180.76.15.160 - - [31/Jan/2016:10:33:40 -0800] "GET / HTTP/1.1" 200 6995 "-" "Mozilla/5.0 (compatible; Baiduspider/2.0; +http://www.baidu.com/search/spider.html)"
180.76.15.24 - - [31/Jan/2016:10:34:38 -0800] "GET / HTTP/1.1" 200 6995 "-" "Mozilla/5.0 (compatible; Baiduspider/2.0; +http://www.baidu.com/search/spider.html)"
66.87.64.106 - - [31/Jan/2016:10:42:56 -0800] "GET /images/wsis-logo-sm.png HTTP/1.1" 200 6108 "http://thebackcountry.net/" "Mozilla/5.0 (iPhone; CPU iPhone OS 9_2_1 like Mac OS X) AppleWebKit/601.1.46 (KHTML, like Gecko) Version/9.0 Mobile/13D15 Safari/601.1"
52.33.40.213 - - [31/Jan/2016:10:56:19 -0800] "GET /lib/reccapi.php?resort=winterpark HTTP/1.1" 200 1024 "-" "node-superagent/1.4.0"
52.33.40.213 - - [31/Jan/2016:10:56:59 -0800] "GET /lib/reccapi.php?resort=taos HTTP/1.1" 200 1024 "-" "node-superagent/1.4.0"
52.33.40.213 - - [31/Jan/2016:10:56:59 -0800] "GET /lib/reccapi.php?resort=aspenheights HTTP/1.1" 200 1039 "-" "node-superagent/1.4.0"
52.33.40.213 - - [31/Jan/2016:10:56:59 -0800] "GET /lib/reccapi.php?resort=snowbird HTTP/1.1" 200 1046 "-" "node-superagent/1.4.0"
52.33.40.213 - - [31/Jan/2016:10:56:59 -0800] "GET /lib/reccapi.php?resort=alta HTTP/1.1" 200 1028 "-" "node-superagent/1.4.0"
52.33.40.213 - - [31/Jan/2016:10:59:19 -0800] "GET /lib/reccapi.php?resort=cannonmountain HTTP/1.1" 200 985 "-" "node-superagent/1.4.0"
208.52.154.243 - - [31/Jan/2016:11:01:01 -0800] "GET /webadmin/scripts/setup.php HTTP/1.0" 404 518 "-" "-"
107.77.92.36 - - [31/Jan/2016:11:01:33 -0800] "GET /images/wsis-logo-sm.png HTTP/1.1" 200 6108 "http://www.thebackcountry.net/" "Mozilla/5.0 (iPhone; CPU iPhone OS 9_2 like Mac OS X) AppleWebKit/601.1.46 (KHTML, like Gecko) Mobile/13C75"
52.33.40.213 - - [31/Jan/2016:11:03:50 -0800] "GET /lib/reccapi.php?resort=northstar-at-tahoe HTTP/1.1" 200 1042 "-" "node-superagent/1.4.0"
73.235.227.240 - - [31/Jan/2016:11:06:34 -0800] "GET /images/wsis-logo-sm.png HTTP/1.1" 200 6108 "http://www.thebackcountry.net/" "Mozilla/5.0 (iPhone; CPU iPhone OS 9_2 like Mac OS X) AppleWebKit/601.1.46 (KHTML, like Gecko) Version/9.0 Mobile/13C75 Safari/601.1"
191.232.136.70 - - [31/Jan/2016:11:11:48 -0800] "GET /blog/9-visiting-north-lake-tahoe HTTP/1.1" 404 509 "-" "Mozilla/5.0 (compatible; bingbot/2.0; +http://www.bing.com/bingbot.htm)"
52.33.40.213 - - [31/Jan/2016:11:14:40 -0800] "GET /lib/reccapi.php?resort=crystalmountain HTTP/1.1" 200 1071 "-" "node-superagent/1.4.0"
52.33.40.213 - - [31/Jan/2016:11:31:11 -0800] "GET /lib/reccapi.php?resort=hoodoo HTTP/1.1" 200 1044 "-" "node-superagent/1.4.0"
180.76.15.148 - - [31/Jan/2016:11:34:05 -0800] "GET / HTTP/1.1" 200 6995 "-" "Mozilla/5.0 (compatible; Baiduspider/2.0; +http://www.baidu.com/search/spider.html)"
180.76.15.33 - - [31/Jan/2016:11:34:58 -0800] "GET / HTTP/1.1" 200 6995 "-" "Mozilla/5.0 (compatible; Baiduspider/2.0; +http://www.baidu.com/search/spider.html)"
47.208.174.122 - - [31/Jan/2016:11:35:29 -0800] "GET /images/wsis-logo-sm.png HTTP/1.1" 200 6108 "http://www.thebackcountry.net/" "Mozilla/5.0 (iPhone; CPU iPhone OS 9_2_1 like Mac OS X) AppleWebKit/601.1.46 (KHTML, like Gecko) Version/9.0 Mobile/13D15 Safari/601.1"
74.91.28.58 - - [31/Jan/2016:11:38:38 -0800] "GET / HTTP/1.1" 200 6976 "-" "Mozilla/4.0 (compatible; MSIE 8.0; Windows NT 6.1; Trident/4.0; SLCC2; .NET CLR 2.0.50727; .NET CLR 3.5.30729; .NET CLR 3.0.30729; Media Center PC 6.0)"
70.209.206.77 - - [31/Jan/2016:11:39:44 -0800] "GET /images/wsis-logo-sm.png HTTP/1.1" 200 6108 "http://www.thebackcountry.net/" "Mozilla/5.0 (Linux; Android 5.1; XT1254 Build/SU4TL-44) AppleWebKit/537.36 (KHTML, like Gecko) Chrome/47.0.2526.83 Mobile Safari/537.36"
70.209.206.77 - - [31/Jan/2016:11:40:05 -0800] "-" 408 0 "-" "-"
170.75.162.130 - - [31/Jan/2016:11:44:34 -0800] "GET /lib/reccapi.php?resort=homewoodmountain HTTP/1.1" 200 1079 "-" "node-superagent/1.4.0"
52.33.40.213 - - [31/Jan/2016:11:48:41 -0800] "GET /lib/reccapi.php?resort=brianhead HTTP/1.1" 200 1023 "-" "node-superagent/1.4.0"
52.33.40.213 - - [31/Jan/2016:11:48:41 -0800] "GET /lib/reccapi.php?resort=chinapeak HTTP/1.1" 200 1077 "-" "node-superagent/1.4.0"
52.33.40.213 - - [31/Jan/2016:11:48:41 -0800] "GET /lib/reccapi.php?resort=buttermilk HTTP/1.1" 200 1043 "-" "node-superagent/1.4.0"
52.33.40.213 - - [31/Jan/2016:11:48:41 -0800] "GET /lib/reccapi.php?resort=bigwhite HTTP/1.1" 200 923 "-" "node-superagent/1.4.0"
52.33.40.213 - - [31/Jan/2016:11:50:02 -0800] "GET /lib/reccapi.php?resort=diamondpeak HTTP/1.1" 200 1019 "-" "node-superagent/1.4.0"
52.33.40.213 - - [31/Jan/2016:11:50:02 -0800] "GET /lib/reccapi.php?resort=homewoodmountain HTTP/1.1" 200 1079 "-" "node-superagent/1.4.0"
52.33.40.213 - - [31/Jan/2016:11:50:02 -0800] "GET /lib/reccapi.php?resort=jaypeak HTTP/1.1" 200 1028 "-" "node-superagent/1.4.0"
52.33.40.213 - - [31/Jan/2016:11:50:02 -0800] "GET /lib/reccapi.php?resort=devilshead HTTP/1.1" 200 1015 "-" "node-superagent/1.4.0"
52.33.40.213 - - [31/Jan/2016:11:50:02 -0800] "GET /lib/reccapi.php?resort=crestedbutte HTTP/1.1" 200 1041 "-" "node-superagent/1.4.0"
52.33.40.213 - - [31/Jan/2016:11:50:32 -0800] "GET /lib/reccapi.php?resort=sugarbowl HTTP/1.1" 200 1033 "-" "node-superagent/1.4.0"
52.33.40.213 - - [31/Jan/2016:11:50:42 -0800] "GET /lib/reccapi.php?resort=mtrose HTTP/1.1" 200 1055 "-" "node-superagent/1.4.0"
52.33.40.213 - - [31/Jan/2016:11:50:42 -0800] "GET /lib/reccapi.php?resort=monarch HTTP/1.1" 200 1010 "-" "node-superagent/1.4.0"
52.33.40.213 - - [31/Jan/2016:11:51:02 -0800] "GET /lib/reccapi.php?resort=sunpeaksresort HTTP/1.1" 200 924 "-" "node-superagent/1.4.0"
52.33.40.213 - - [31/Jan/2016:11:51:02 -0800] "GET /lib/reccapi.php?resort=sundayriver HTTP/1.1" 200 985 "-" "node-superagent/1.4.0"
52.33.40.213 - - [31/Jan/2016:11:51:22 -0800] "GET /lib/reccapi.php?resort=redmountain HTTP/1.1" 200 910 "-" "node-superagent/1.4.0"
52.33.40.213 - - [31/Jan/2016:11:51:22 -0800] "GET /lib/reccapi.php?resort=mountainhigh HTTP/1.1" 200 1135 "-" "node-superagent/1.4.0"
52.33.40.213 - - [31/Jan/2016:11:51:22 -0800] "GET /lib/reccapi.php?resort=redlodge HTTP/1.1" 200 1075 "-" "node-superagent/1.4.0"
52.33.40.213 - - [31/Jan/2016:11:51:22 -0800] "GET /lib/reccapi.php?resort=loveland HTTP/1.1" 200 1081 "-" "node-superagent/1.4.0"
66.249.79.220 - - [31/Jan/2016:11:51:26 -0800] "GET /robots.txt HTTP/1.1" 200 419 "-" "Mozilla/5.0 (compatible; Googlebot/2.1; +http://www.google.com/bot.html)"
66.249.79.234 - - [31/Jan/2016:11:51:26 -0800] "GET /lib/reccapi.php?resort=mountwashingtonalpine&date=2016-01-13 HTTP/1.1" 200 720 "http://whereshouldiski.com/" "Mozilla/5.0 (compatible; Googlebot/2.1; +http://www.google.com/bot.html)"
52.33.40.213 - - [31/Jan/2016:11:51:32 -0800] "GET /lib/reccapi.php?resort=whitefacemountain HTTP/1.1" 200 1073 "-" "node-superagent/1.4.0"
52.33.40.213 - - [31/Jan/2016:11:51:32 -0800] "GET /lib/reccapi.php?resort=sierra-at-tahoe HTTP/1.1" 200 1062 "-" "node-superagent/1.4.0"
52.33.40.213 - - [31/Jan/2016:11:51:32 -0800] "GET /lib/reccapi.php?resort=wildcatmountain HTTP/1.1" 200 968 "-" "node-superagent/1.4.0"
52.33.40.213 - - [31/Jan/2016:11:52:22 -0800] "GET /lib/reccapi.php?resort=snowbasin HTTP/1.1" 200 1014 "-" "node-superagent/1.4.0"
52.33.40.213 - - [31/Jan/2016:11:52:22 -0800] "GET /lib/reccapi.php?resort=silverstarmountain HTTP/1.1" 200 934 "-" "node-superagent/1.4.0"
98.248.202.223 - - [31/Jan/2016:11:59:08 -0800] "GET /images/wsis-logo-sm.png HTTP/1.1" 200 6108 "http://thebackcountry.net/" "Mozilla/5.0 (Linux; Android 5.1.1; VS990 Build/LMY47V) AppleWebKit/537.36 (KHTML, like Gecko) Chrome/47.0.2526.83 Mobile Safari/537.36"
76.246.33.92 - - [31/Jan/2016:12:01:09 -0800] "GET /images/wsis-logo-sm.png HTTP/1.1" 200 6108 "http://www.thebackcountry.net/" "Mozilla/5.0 (iPad; CPU OS 7_1_1 like Mac OS X) AppleWebKit/537.51.2 (KHTML, like Gecko) Version/7.0 Mobile/11D201 Safari/9537.53"
72.47.88.253 - - [31/Jan/2016:12:08:37 -0800] "GET /images/wsis-logo-sm.png HTTP/1.1" 200 6108 "http://www.thebackcountry.net/" "Mozilla/5.0 (iPhone; CPU iPhone OS 9_2_1 like Mac OS X) AppleWebKit/601.1.46 (KHTML, like Gecko) Version/9.0 Mobile/13D15 Safari/601.1"
72.47.149.54 - - [31/Jan/2016:12:09:57 -0800] "GET /images/wsis-logo-sm.png HTTP/1.1" 200 6108 "http://www.thebackcountry.net/" "Mozilla/5.0 (Macintosh; Intel Mac OS X 10_10_5) AppleWebKit/601.4.4 (KHTML, like Gecko) Version/9.0.3 Safari/601.4.4"
52.33.40.213 - - [31/Jan/2016:12:10:52 -0800] "GET /lib/reccapi.php?resort=coppermountain HTTP/1.1" 200 1058 "-" "node-superagent/1.4.0"
52.33.40.213 - - [31/Jan/2016:12:11:22 -0800] "GET /lib/reccapi.php?resort=deervalley HTTP/1.1" 200 1056 "-" "node-superagent/1.4.0"
108.242.182.179 - - [31/Jan/2016:12:11:37 -0800] "GET /images/wsis-logo-sm.png HTTP/1.1" 200 6108 "http://www.thebackcountry.net/" "Mozilla/5.0 (Macintosh; Intel Mac OS X 10_10_5) AppleWebKit/600.8.9 (KHTML, like Gecko) Version/8.0.8 Safari/600.8.9"
71.93.86.98 - - [31/Jan/2016:12:19:28 -0800] "GET /images/wsis-logo-sm.png HTTP/1.1" 200 6108 "http://www.thebackcountry.net/" "Mozilla/5.0 (iPhone; CPU iPhone OS 8_4 like Mac OS X) AppleWebKit/600.1.4 (KHTML, like Gecko) Version/8.0 Mobile/12H143 Safari/600.1.4"
71.93.86.98 - - [31/Jan/2016:12:20:21 -0800] "GET /images/wsis-logo-sm.png HTTP/1.1" 200 6108 "http://www.thebackcountry.net/" "Mozilla/5.0 (iPad; CPU OS 8_2 like Mac OS X) AppleWebKit/600.1.4 (KHTML, like Gecko) Version/8.0 Mobile/12D508 Safari/600.1.4"
66.249.79.234 - - [31/Jan/2016:12:20:26 -0800] "GET /lib/reccapi.php?fields=t&region=Rockies HTTP/1.1" 200 1625 "http://whereshouldiski.com/" "Mozilla/5.0 (compatible; Googlebot/2.1; +http://www.google.com/bot.html)"
190.213.187.132 - - [31/Jan/2016:12:21:36 -0800] "GET /images/wsis-logo-sm.png HTTP/1.1" 200 6108 "http://www.thebackcountry.net/" "Mozilla/5.0 (Windows NT 6.1; WOW64) AppleWebKit/537.36 (KHTML, like Gecko) Chrome/48.0.2564.97 Safari/537.36"
180.76.15.28 - - [31/Jan/2016:12:33:38 -0800] "GET / HTTP/1.1" 200 6995 "-" "Mozilla/5.0 (compatible; Baiduspider/2.0; +http://www.baidu.com/search/spider.html)"
180.76.15.145 - - [31/Jan/2016:12:34:34 -0800] "GET / HTTP/1.1" 200 6995 "-" "Mozilla/5.0 (compatible; Baiduspider/2.0; +http://www.baidu.com/search/spider.html)"
172.56.38.231 - - [31/Jan/2016:12:34:54 -0800] "GET /images/wsis-logo-sm.png HTTP/1.1" 200 6108 "http://thebackcountry.net/" "Mozilla/5.0 (iPhone; CPU iPhone OS 9_2_1 like Mac OS X) AppleWebKit/601.1.46 (KHTML, like Gecko) Version/9.0 Mobile/13D15 Safari/601.1"
71.231.58.46 - - [31/Jan/2016:12:42:49 -0800] "GET /images/wsis-logo-sm.png HTTP/1.1" 200 6108 "http://www.thebackcountry.net/" "Mozilla/5.0 (Windows NT 10.0; WOW64) AppleWebKit/537.36 (KHTML, like Gecko) Chrome/48.0.2564.97 Safari/537.36"
180.76.15.156 - - [31/Jan/2016:12:46:35 -0800] "GET /resorts?resort=sundayriver&date=2014-11-04 HTTP/1.1" 404 469 "-" "Mozilla/5.0 (compatible; Baiduspider/2.0; +http://www.baidu.com/search/spider.html)"
95.32.132.130 - - [31/Jan/2016:12:50:07 -0800] "GET /wp-config.php_ HTTP/1.0" 404 500 "-" "Opera/7.54 (Windows NT 5.0; U) [ru]"
170.75.162.130 - - [31/Jan/2016:12:55:03 -0800] "GET /lib/reccapi.php?resort=kirkwood HTTP/1.1" 200 1063 "-" "node-superagent/1.4.0"
166.170.14.115 - - [31/Jan/2016:12:55:54 -0800] "GET /images/wsis-logo-sm.png HTTP/1.1" 200 6108 "http://www.thebackcountry.net/" "Mozilla/5.0 (iPhone; CPU iPhone OS 9_2_1 like Mac OS X) AppleWebKit/601.1.46 (KHTML, like Gecko) Version/9.0 Mobile/13D15 Safari/601.1"
51.255.160.247 - - [31/Jan/2016:12:59:15 -0800] "GET / HTTP/1.0" 200 6995 "-" "-"
51.255.160.247 - - [31/Jan/2016:12:59:16 -0800] "GET / HTTP/1.1" 200 6976 "-" "Mozilla/5.0 (Windows; U; Windows NT 5.0; en-US; rv:1.7.12) Gecko/20050915 Firefox/1.0.7"
172.3.78.126 - - [31/Jan/2016:13:01:57 -0800] "GET /images/wsis-logo-sm.png HTTP/1.1" 200 6108 "http://www.thebackcountry.net/" "Mozilla/5.0 (iPhone; CPU iPhone OS 9_2_1 like Mac OS X) AppleWebKit/601.1.46 (KHTML, like Gecko) Version/9.0 Mobile/13D15 Safari/601.1"
170.75.162.130 - - [31/Jan/2016:13:11:05 -0800] "GET /lib/reccapi.php?resort=silverstarmountain HTTP/1.1" 200 934 "-" "node-superagent/1.4.0"
52.33.40.213 - - [31/Jan/2016:13:11:05 -0800] "GET /lib/reccapi.php?resort=squawvalleyusa HTTP/1.1" 200 1057 "-" "node-superagent/1.4.0"
170.75.162.130 - - [31/Jan/2016:13:11:55 -0800] "GET /lib/reccapi.php?resort=49degreesnorth HTTP/1.1" 200 1075 "-" "node-superagent/1.4.0"
96.38.171.51 - - [31/Jan/2016:13:17:08 -0800] "GET /images/wsis-logo-sm.png HTTP/1.1" 200 6108 "http://www.thebackcountry.net/" "Mozilla/5.0 (iPhone; CPU iPhone OS 9_2_1 like Mac OS X) AppleWebKit/601.1 (KHTML, like Gecko) CriOS/47.0.2526.107 Mobile/13D15 Safari/601.1.46"
71.227.163.115 - - [31/Jan/2016:13:17:21 -0800] "-" 408 0 "-" "-"
70.211.74.49 - - [31/Jan/2016:13:18:59 -0800] "GET /images/wsis-logo-sm.png HTTP/1.1" 200 6108 "http://www.thebackcountry.net/" "Mozilla/5.0 (Linux; Android 5.1; XT1254 Build/SU4TL-44) AppleWebKit/537.36 (KHTML, like Gecko) Chrome/48.0.2564.95 Mobile Safari/537.36"
96.38.171.51 - - [31/Jan/2016:13:19:55 -0800] "GET /images/wsis-logo-sm.png HTTP/1.1" 200 6108 "http://www.thebackcountry.net/" "Mozilla/5.0 (Linux; Android 5.0; SAMSUNG SM-N900V 4G Build/LRX21V) AppleWebKit/537.36 (KHTML, like Gecko) SamsungBrowser/2.1 Chrome/34.0.1847.76 Mobile Safari/537.36"
180.76.15.15 - - [31/Jan/2016:13:20:04 -0800] "GET /resorts?resort=hoodoo HTTP/1.1" 404 469 "-" "Mozilla/5.0 (compatible; Baiduspider/2.0; +http://www.baidu.com/search/spider.html)"
66.249.79.227 - - [31/Jan/2016:13:20:27 -0800] "GET /lib/reccapi.php?resort=mountwashingtonalpine&date=2016-01-16 HTTP/1.1" 200 718 "http://whereshouldiski.com/" "Mozilla/5.0 (compatible; Googlebot/2.1; +http://www.google.com/bot.html)"
66.249.79.227 - - [31/Jan/2016:13:21:36 -0800] "GET /lib/reccapi.php?resort=mountwashingtonalpine&date=2016-01-14 HTTP/1.1" 200 721 "http://whereshouldiski.com/" "Mozilla/5.0 (compatible; Googlebot/2.1; +http://www.google.com/bot.html)"
52.33.40.213 - - [31/Jan/2016:13:27:26 -0800] "GET /lib/reccapi.php?resort=solitude HTTP/1.1" 200 1034 "-" "node-superagent/1.4.0"
52.33.40.213 - - [31/Jan/2016:13:28:36 -0800] "GET /lib/reccapi.php?resort=parkcity HTTP/1.1" 200 1078 "-" "node-superagent/1.4.0"
108.70.208.43 - - [31/Jan/2016:13:31:44 -0800] "GET / HTTP/1.1" 200 2615 "-" "Mozilla/5.0 (Macintosh; Intel Mac OS X 10_10_5) AppleWebKit/601.4.4 (KHTML, like Gecko)"
108.70.208.43 - - [31/Jan/2016:13:31:45 -0800] "GET /apple-touch-icon-precomposed.png HTTP/1.1" 404 521 "-" "Safari/10601.4.4 CFNetwork/720.5.7 Darwin/14.5.0 (x86_64)"
108.70.208.43 - - [31/Jan/2016:13:31:45 -0800] "GET /favicon.ico HTTP/1.1" 304 187 "-" "Safari/10601.4.4 CFNetwork/720.5.7 Darwin/14.5.0 (x86_64)"
108.70.208.43 - - [31/Jan/2016:13:31:45 -0800] "GET /apple-touch-icon.png HTTP/1.1" 404 512 "-" "Safari/10601.4.4 CFNetwork/720.5.7 Darwin/14.5.0 (x86_64)"
108.70.208.43 - - [31/Jan/2016:13:31:45 -0800] "GET /apple-touch-icon-precomposed.png HTTP/1.1" 404 520 "-" "Safari/10601.4.4 CFNetwork/720.5.7 Darwin/14.5.0 (x86_64)"
108.70.208.43 - - [31/Jan/2016:13:31:45 -0800] "GET /apple-touch-icon.png HTTP/1.1" 404 512 "-" "Safari/10601.4.4 CFNetwork/720.5.7 Darwin/14.5.0 (x86_64)"
170.75.162.130 - - [31/Jan/2016:13:33:58 -0800] "GET /lib/reccapi.php?resort=alta HTTP/1.1" 200 1028 "-" "node-superagent/1.4.0"
180.76.15.156 - - [31/Jan/2016:13:34:47 -0800] "GET / HTTP/1.1" 200 6995 "-" "Mozilla/5.0 (compatible; Baiduspider/2.0; +http://www.baidu.com/search/spider.html)"
180.76.15.21 - - [31/Jan/2016:13:35:44 -0800] "GET / HTTP/1.1" 200 6995 "-" "Mozilla/5.0 (compatible; Baiduspider/2.0; +http://www.baidu.com/search/spider.html)"
123.125.71.73 - - [31/Jan/2016:13:41:06 -0800] "-" 408 0 "-" "-"
170.75.162.130 - - [31/Jan/2016:13:47:50 -0800] "GET /lib/reccapi.php?resort=schweitzer HTTP/1.1" 200 1013 "-" "node-superagent/1.4.0"
180.76.15.20 - - [31/Jan/2016:13:53:34 -0800] "GET / HTTP/1.1" 304 173 "-" "Mozilla/5.0 (compatible; Baiduspider/2.0; +http://www.baidu.com/search/spider.html)"
66.249.79.227 - - [31/Jan/2016:13:56:40 -0800] "GET /lib/reccapi.php?resort=alyeska&date=2016-01-26 HTTP/1.1" 200 1034 "http://whereshouldiski.com/" "Mozilla/5.0 (compatible; Googlebot/2.1; +http://www.google.com/bot.html)"
66.249.79.220 - - [31/Jan/2016:13:56:42 -0800] "GET /lib/reccapi.php?fields=t&date=2016-01-26&coords=60.94%2C-148.95&size=7&sort=distance HTTP/1.1" 200 1332 "http://whereshouldiski.com/" "Mozilla/5.0 (compatible; Googlebot/2.1; +http://www.google.com/bot.html)"
66.249.79.234 - - [31/Jan/2016:13:56:42 -0800] "GET /lib/resortDataSearchD3.php?size=7&sortDate=T&resort=alyeska&dateStart=2016-01-24 HTTP/1.1" 200 883 "http://whereshouldiski.com/" "Mozilla/5.0 (compatible; Googlebot/2.1; +http://www.google.com/bot.html)"
61.135.190.103 - - [31/Jan/2016:13:58:42 -0800] "GET / HTTP/1.1" 200 2615 "http://m.baidu.com/s?wd=WhereShouldISki-WeatherData-DrivenRecommendationsforSkiing" "Mozilla/5.0 (iPhone; CPU iPhone OS 5_0 like Mac OS X) AppleWebKit/534.46 (KHTML, like Gecko) Version/5.1 Mobile/9A334 Safari/7534.48.3"
61.135.190.103 - - [31/Jan/2016:13:58:43 -0800] "GET /scripts/scripts/vendor/modernizr.js HTTP/1.1" 200 4903 "http://whereshouldiski.com/" "Mozilla/5.0 (iPhone; CPU iPhone OS 5_0 like Mac OS X) AppleWebKit/534.46 (KHTML, like Gecko) Version/5.1 Mobile/9A334 Safari/7534.48.3"
61.135.190.103 - - [31/Jan/2016:13:58:43 -0800] "GET /bower_components/requirejs/require.js HTTP/1.1" 200 6701 "http://whereshouldiski.com/" "Mozilla/5.0 (iPhone; CPU iPhone OS 5_0 like Mac OS X) AppleWebKit/534.46 (KHTML, like Gecko) Version/5.1 Mobile/9A334 Safari/7534.48.3"
61.135.190.103 - - [31/Jan/2016:13:58:43 -0800] "GET /scripts/fa48e319.main.js HTTP/1.1" 200 123455 "http://whereshouldiski.com/" "Mozilla/5.0 (iPhone; CPU iPhone OS 5_0 like Mac OS X) AppleWebKit/534.46 (KHTML, like Gecko) Version/5.1 Mobile/9A334 Safari/7534.48.3"
61.135.190.103 - - [31/Jan/2016:13:58:44 -0800] "GET /lib/reccapi.php?fields=t HTTP/1.1" 200 1981 "http://whereshouldiski.com/" "Mozilla/5.0 (iPhone; CPU iPhone OS 5_0 like Mac OS X) AppleWebKit/534.46 (KHTML, like Gecko) Version/5.1 Mobile/9A334 Safari/7534.48.3"
198.48.220.173 - - [31/Jan/2016:14:00:23 -0800] "GET /images/wsis-logo-sm.png HTTP/1.1" 200 6108 "http://www.thebackcountry.net/" "Mozilla/5.0 (iPhone; CPU iPhone OS 9_2_1 like Mac OS X) AppleWebKit/601.1.46 (KHTML, like Gecko) Version/9.0 Mobile/13D15 Safari/601.1"
61.135.190.220 - - [31/Jan/2016:14:05:06 -0800] "GET / HTTP/1.1" 200 2615 "http://www.baidu.com/s?wd=WhereShouldISki-WeatherData-DrivenRecommendationsforSkiing" "Mozilla/5.0 (Windows NT 6.1; WOW64) AppleWebKit/537.36 (KHTML, like Gecko) Chrome/36.0.1985.143 Safari/537.36"
61.135.190.221 - - [31/Jan/2016:14:05:07 -0800] "GET /scripts/scripts/vendor/modernizr.js HTTP/1.1" 200 4903 "http://whereshouldiski.com/" "Mozilla/5.0 (Windows NT 6.1; WOW64) AppleWebKit/537.36 (KHTML, like Gecko) Chrome/36.0.1985.143 Safari/537.36"
61.135.190.220 - - [31/Jan/2016:14:05:07 -0800] "GET /bower_components/requirejs/require.js HTTP/1.1" 200 6701 "http://whereshouldiski.com/" "Mozilla/5.0 (Windows NT 6.1; WOW64) AppleWebKit/537.36 (KHTML, like Gecko) Chrome/36.0.1985.143 Safari/537.36"
61.135.190.220 - - [31/Jan/2016:14:05:08 -0800] "GET /scripts/fa48e319.main.js HTTP/1.1" 200 123455 "http://whereshouldiski.com/" "Mozilla/5.0 (Windows NT 6.1; WOW64) AppleWebKit/537.36 (KHTML, like Gecko) Chrome/36.0.1985.143 Safari/537.36"
61.135.190.220 - - [31/Jan/2016:14:05:09 -0800] "GET /lib/reccapi.php?fields=t HTTP/1.1" 200 1981 "http://whereshouldiski.com/" "Mozilla/5.0 (Windows NT 6.1; WOW64) AppleWebKit/537.36 (KHTML, like Gecko) Chrome/36.0.1985.143 Safari/537.36"
170.75.162.130 - - [31/Jan/2016:14:07:02 -0800] "GET /lib/reccapi.php?resort=aspenheights HTTP/1.1" 200 1039 "-" "node-superagent/1.4.0"
71.94.27.46 - - [31/Jan/2016:14:07:08 -0800] "GET /images/wsis-logo-sm.png HTTP/1.1" 200 6108 "http://www.thebackcountry.net/" "Mozilla/5.0 (Windows NT 6.1; WOW64; Trident/7.0; rv:11.0) like Gecko"
71.94.27.46 - - [31/Jan/2016:14:07:29 -0800] "-" 408 0 "-" "-"
184.53.48.31 - - [31/Jan/2016:14:09:32 -0800] "GET /images/wsis-logo-sm.png HTTP/1.1" 200 6108 "http://www.thebackcountry.net/" "Mozilla/5.0 (Windows NT 10.0; WOW64) AppleWebKit/537.36 (KHTML, like Gecko) Chrome/48.0.2564.97 Safari/537.36"
170.75.162.130 - - [31/Jan/2016:14:12:03 -0800] "GET /lib/reccapi.php?resort=diamondpeak HTTP/1.1" 200 1019 "-" "node-superagent/1.4.0"
70.214.39.251 - - [31/Jan/2016:14:12:54 -0800] "GET /images/wsis-logo-sm.png HTTP/1.1" 200 6108 "http://thebackcountry.net/" "Mozilla/5.0 (iPhone; CPU iPhone OS 9_2_1 like Mac OS X) AppleWebKit/601.1.46 (KHTML, like Gecko) Version/9.0 Mobile/13D15 Safari/601.1"
47.208.170.172 - - [31/Jan/2016:14:17:59 -0800] "GET /images/wsis-logo-sm.png HTTP/1.1" 200 6108 "http://www.thebackcountry.net/" "Mozilla/5.0 (Linux; Android 5.1.1; SM-T537V Build/LMY47X) AppleWebKit/537.36 (KHTML, like Gecko) Chrome/47.0.2526.83 Safari/537.36"
50.1.19.186 - - [31/Jan/2016:14:29:25 -0800] "GET /images/wsis-logo-sm.png HTTP/1.1" 200 6108 "http://www.thebackcountry.net/" "Mozilla/5.0 (Windows NT 6.1; Win64; x64) AppleWebKit/537.36 (KHTML, like Gecko) Chrome/47.0.2526.111 Safari/537.36"
180.76.15.148 - - [31/Jan/2016:14:33:29 -0800] "GET / HTTP/1.1" 200 6995 "-" "Mozilla/5.0 (compatible; Baiduspider/2.0; +http://www.baidu.com/search/spider.html)"
180.76.15.151 - - [31/Jan/2016:14:34:25 -0800] "GET / HTTP/1.1" 200 6995 "-" "Mozilla/5.0 (compatible; Baiduspider/2.0; +http://www.baidu.com/search/spider.html)"
170.75.162.130 - - [31/Jan/2016:14:41:57 -0800] "GET /lib/reccapi.php?resort=northstar-at-tahoe HTTP/1.1" 200 1042 "-" "node-superagent/1.4.0"
88.150.206.217 - - [31/Jan/2016:14:43:01 -0800] "GET /CFIDE/administrator/ HTTP/1.1" 404 526 "-" "-"
220.181.108.95 - - [31/Jan/2016:14:45:32 -0800] "GET / HTTP/1.1" 200 2578 "-" "Mozilla/5.0 (Windows NT 5.1; rv:6.0.2) Gecko/20100101 Firefox/6.0.2"
220.181.108.94 - - [31/Jan/2016:14:45:33 -0800] "GET / HTTP/1.1" 200 6995 "-" "Mozilla/5.0 (Windows NT 5.1; rv:6.0.2) Gecko/20100101 Firefox/6.0.2"
66.249.79.234 - - [31/Jan/2016:14:50:02 -0800] "GET /lib/reccapi.php?resort=alyeska&date=2016-01-03 HTTP/1.1" 200 691 "http://whereshouldiski.com/" "Mozilla/5.0 (compatible; Googlebot/2.1; +http://www.google.com/bot.html)"
52.33.40.213 - - [31/Jan/2016:14:52:49 -0800] "GET /lib/reccapi.php?resort=mounthoodmeadows HTTP/1.1" 200 1060 "-" "node-superagent/1.4.0"
52.33.40.213 - - [31/Jan/2016:14:52:49 -0800] "GET /lib/reccapi.php?resort=mountbachelor HTTP/1.1" 200 1051 "-" "node-superagent/1.4.0"
52.33.40.213 - - [31/Jan/2016:14:52:49 -0800] "GET /lib/reccapi.php?resort=mountspokane HTTP/1.1" 200 1066 "-" "node-superagent/1.4.0"
75.111.107.61 - - [31/Jan/2016:14:52:51 -0800] "GET /images/wsis-logo-sm.png HTTP/1.1" 200 6108 "http://www.thebackcountry.net/" "Mozilla/5.0 (iPhone; CPU iPhone OS 9_2_1 like Mac OS X) AppleWebKit/601.1.46 (KHTML, like Gecko) Version/9.0 Mobile/13D15 Safari/601.1"
52.33.40.213 - - [31/Jan/2016:14:53:49 -0800] "GET /lib/reccapi.php?resort=schweitzer HTTP/1.1" 200 1013 "-" "node-superagent/1.4.0"
52.33.40.213 - - [31/Jan/2016:14:53:59 -0800] "GET /lib/reccapi.php?resort=stevenspass HTTP/1.1" 200 1074 "-" "node-superagent/1.4.0"
52.33.40.213 - - [31/Jan/2016:14:55:09 -0800] "GET /lib/reccapi.php?resort=sunvalley HTTP/1.1" 200 1023 "-" "node-superagent/1.4.0"
96.237.193.113 - - [31/Jan/2016:14:56:43 -0800] "GET /images/wsis-logo-sm.png HTTP/1.1" 200 6108 "http://thebackcountry.net/" "Mozilla/5.0 (Macintosh; Intel Mac OS X 10_11_3) AppleWebKit/601.4.4 (KHTML, like Gecko) Version/9.0.3 Safari/601.4.4"
66.249.79.234 - - [31/Jan/2016:14:59:28 -0800] "GET /lib/reccapi.php?fields=t&region=Southwest HTTP/1.1" 200 1375 "http://whereshouldiski.com/" "Mozilla/5.0 (compatible; Googlebot/2.1; +http://www.google.com/bot.html)"
104.238.223.126 - - [31/Jan/2016:15:08:20 -0800] "GET http://ip.cn/ HTTP/1.1" 200 2559 "-" "Go-http-client/1.1"
199.59.148.209 - - [31/Jan/2016:15:16:39 -0800] "GET /robots.txt HTTP/1.1" 200 363 "-" "Twitterbot/1.0"
199.59.148.209 - - [31/Jan/2016:15:16:39 -0800] "GET /recommendations HTTP/1.1" 404 450 "-" "Twitterbot/1.0"
170.75.162.130 - - [31/Jan/2016:15:29:33 -0800] "GET /lib/reccapi.php?resort=sugarbowl HTTP/1.1" 200 1015 "-" "node-superagent/1.4.0"
170.75.162.130 - - [31/Jan/2016:15:30:33 -0800] "GET /lib/reccapi.php?resort=squawvalleyusa HTTP/1.1" 200 1036 "-" "node-superagent/1.4.0"
170.75.162.130 - - [31/Jan/2016:15:30:53 -0800] "GET /lib/reccapi.php?resort=mtrose HTTP/1.1" 200 1003 "-" "node-superagent/1.4.0"
180.76.15.157 - - [31/Jan/2016:15:31:16 -0800] "GET / HTTP/1.1" 200 6995 "-" "Mozilla/5.0 (compatible; Baiduspider/2.0; +http://www.baidu.com/search/spider.html)"
170.75.162.130 - - [31/Jan/2016:15:31:33 -0800] "GET /lib/reccapi.php?resort=heavenly HTTP/1.1" 200 1031 "-" "node-superagent/1.4.0"
170.75.162.130 - - [31/Jan/2016:15:31:33 -0800] "GET /lib/reccapi.php?resort=alpinemeadows HTTP/1.1" 200 1042 "-" "node-superagent/1.4.0"
170.75.162.130 - - [31/Jan/2016:15:31:34 -0800] "GET /lib/reccapi.php?resort=sierra-at-tahoe HTTP/1.1" 200 1050 "-" "node-superagent/1.4.0"
180.76.15.150 - - [31/Jan/2016:15:32:05 -0800] "GET / HTTP/1.1" 200 6995 "-" "Mozilla/5.0 (compatible; Baiduspider/2.0; +http://www.baidu.com/search/spider.html)"
185.25.148.240 - - [31/Jan/2016:15:37:22 -0800] "GET http://testp5.mielno.lubin.pl/testproxy.php HTTP/1.1" 404 452 "-" "Mozilla/5.0 (Windows NT 5.1; rv:32.0) Gecko/20100101 Firefox/31.0"
70.211.74.49 - - [31/Jan/2016:15:38:20 -0800] "-" 408 0 "-" "-"
70.211.74.49 - - [31/Jan/2016:15:38:20 -0800] "-" 408 0 "-" "-"
70.211.74.49 - - [31/Jan/2016:15:38:20 -0800] "-" 408 0 "-" "-"
66.249.79.227 - - [31/Jan/2016:15:50:00 -0800] "GET /lib/reccapi.php?resort=winterpark&date=2016-01-29 HTTP/1.1" 200 1053 "http://whereshouldiski.com/" "Mozilla/5.0 (compatible; Googlebot/2.1; +http://www.google.com/bot.html)"
66.249.79.227 - - [31/Jan/2016:15:50:01 -0800] "GET /lib/reccapi.php?fields=t&date=2016-01-29&coords=39.88%2C-105.78&size=7&sort=distance HTTP/1.1" 200 1318 "http://whereshouldiski.com/" "Mozilla/5.0 (compatible; Googlebot/2.1; +http://www.google.com/bot.html)"
66.249.79.227 - - [31/Jan/2016:15:50:02 -0800] "GET /lib/resortDataSearchD3.php?size=7&sortDate=T&resort=winterpark&dateStart=2016-01-27 HTTP/1.1" 200 861 "http://whereshouldiski.com/" "Mozilla/5.0 (compatible; Googlebot/2.1; +http://www.google.com/bot.html)"
220.181.108.179 - - [31/Jan/2016:15:51:04 -0800] "-" 408 0 "-" "-"
52.33.40.213 - - [31/Jan/2016:15:55:12 -0800] "GET /lib/reccapi.php?resort=aspenmountain HTTP/1.1" 200 1044 "-" "node-superagent/1.4.0"
52.33.40.213 - - [31/Jan/2016:15:56:22 -0800] "GET /lib/reccapi.php?resort=alyeska HTTP/1.1" 200 951 "-" "node-superagent/1.4.0"
66.249.79.220 - - [31/Jan/2016:15:59:22 -0800] "GET /resorts?resort=bigsky&date=2014-01-02 HTTP/1.1" 404 506 "-" "Mozilla/5.0 (iPhone; CPU iPhone OS 8_3 like Mac OS X) AppleWebKit/600.1.4 (KHTML, like Gecko) Version/8.0 Mobile/12F70 Safari/600.1.4 (compatible; Googlebot/2.1; +http://www.google.com/bot.html)"
184.189.241.67 - - [31/Jan/2016:16:02:14 -0800] "GET /images/wsis-logo-sm.png HTTP/1.1" 200 6108 "http://www.thebackcountry.net/" "Mozilla/5.0 (iPad; CPU OS 9_1 like Mac OS X) AppleWebKit/601.1.46 (KHTML, like Gecko) Version/9.0 Mobile/13B143 Safari/601.1"
220.181.108.144 - - [31/Jan/2016:16:03:06 -0800] "GET / HTTP/1.1" 200 2578 "-" "Mozilla/5.0 (compatible; Baiduspider/2.0; +http://www.baidu.com/search/spider.html)"
