68.172.222.23 - - [23/Sep/2015:09:31:03 -0700] "GET /images/logo-sm.png HTTP/1.1" 200 16737 "http://whereshouldiski.com/" "Mozilla/5.0 (Macintosh; Intel Mac OS X 10_10_5) AppleWebKit/600.8.9 (KHTML, like Gecko) Version/8.0.8 Safari/600.8.9"
68.172.222.23 - - [23/Sep/2015:09:31:03 -0700] "GET /images/loading.gif HTTP/1.1" 200 13881 "http://whereshouldiski.com/" "Mozilla/5.0 (Macintosh; Intel Mac OS X 10_10_5) AppleWebKit/600.8.9 (KHTML, like Gecko) Version/8.0.8 Safari/600.8.9"
68.172.222.23 - - [23/Sep/2015:09:31:03 -0700] "GET /scripts/fa48e319.main.js HTTP/1.1" 200 123455 "http://whereshouldiski.com/" "Mozilla/5.0 (Macintosh; Intel Mac OS X 10_10_5) AppleWebKit/600.8.9 (KHTML, like Gecko) Version/8.0.8 Safari/600.8.9"
68.172.222.23 - - [23/Sep/2015:09:31:04 -0700] "GET /images/greyHeader.png HTTP/1.1" 200 508 "http://whereshouldiski.com/" "Mozilla/5.0 (Macintosh; Intel Mac OS X 10_10_5) AppleWebKit/600.8.9 (KHTML, like Gecko) Version/8.0.8 Safari/600.8.9"
68.172.222.23 - - [23/Sep/2015:09:31:04 -0700] "GET /images/button.png HTTP/1.1" 200 598 "http://whereshouldiski.com/" "Mozilla/5.0 (Macintosh; Intel Mac OS X 10_10_5) AppleWebKit/600.8.9 (KHTML, like Gecko) Version/8.0.8 Safari/600.8.9"
68.172.222.23 - - [23/Sep/2015:09:31:04 -0700] "GET /lib/reccapi.php?fields=t HTTP/1.1" 200 1794 "http://whereshouldiski.com/" "Mozilla/5.0 (Macintosh; Intel Mac OS X 10_10_5) AppleWebKit/600.8.9 (KHTML, like Gecko) Version/8.0.8 Safari/600.8.9"
68.172.222.23 - - [23/Sep/2015:09:31:04 -0700] "GET /favicon.ico HTTP/1.1" 200 1476 "http://whereshouldiski.com/" "Mozilla/5.0 (Macintosh; Intel Mac OS X 10_10_5) AppleWebKit/600.8.9 (KHTML, like Gecko) Version/8.0.8 Safari/600.8.9"
68.172.222.23 - - [23/Sep/2015:09:31:05 -0700] "GET /images/star5.png HTTP/1.1" 200 1783 "http://whereshouldiski.com/" "Mozilla/5.0 (Macintosh; Intel Mac OS X 10_10_5) AppleWebKit/600.8.9 (KHTML, like Gecko) Version/8.0.8 Safari/600.8.9"
68.172.222.23 - - [23/Sep/2015:09:31:05 -0700] "GET /images/snowflake5.png HTTP/1.1" 200 2857 "http://whereshouldiski.com/" "Mozilla/5.0 (Macintosh; Intel Mac OS X 10_10_5) AppleWebKit/600.8.9 (KHTML, like Gecko) Version/8.0.8 Safari/600.8.9"
68.172.222.23 - - [23/Sep/2015:09:31:05 -0700] "GET /images/mtns-icon.png HTTP/1.1" 200 1096 "http://whereshouldiski.com/" "Mozilla/5.0 (Macintosh; Intel Mac OS X 10_10_5) AppleWebKit/600.8.9 (KHTML, like Gecko) Version/8.0.8 Safari/600.8.9"
68.172.222.23 - - [23/Sep/2015:09:31:05 -0700] "GET /images/shading-icon.png HTTP/1.1" 200 537 "http://whereshouldiski.com/" "Mozilla/5.0 (Macintosh; Intel Mac OS X 10_10_5) AppleWebKit/600.8.9 (KHTML, like Gecko) Version/8.0.8 Safari/600.8.9"
68.172.222.23 - - [23/Sep/2015:09:31:05 -0700] "GET /images/bluebird5.png HTTP/1.1" 200 2178 "http://whereshouldiski.com/" "Mozilla/5.0 (Macintosh; Intel Mac OS X 10_10_5) AppleWebKit/600.8.9 (KHTML, like Gecko) Version/8.0.8 Safari/600.8.9"
127.0.0.1 - - [23/Sep/2015:09:31:13 -0700] "OPTIONS * HTTP/1.0" 200 126 "-" "Apache/2.2.22 (Ubuntu) (internal dummy connection)"
170.75.162.130 - - [23/Sep/2015:09:42:46 -0700] "GET /lib/reccapi.php?resort=bigwhite HTTP/1.1" 200 914 "-" "node-superagent/0.18.2"
170.75.162.130 - - [23/Sep/2015:09:42:46 -0700] "GET /lib/reccapi.php?resort=grandtarghee HTTP/1.1" 200 978 "-" "node-superagent/0.18.2"
170.75.162.130 - - [23/Sep/2015:09:43:46 -0700] "GET /lib/reccapi.php?resort=diamondpeak HTTP/1.1" 200 933 "-" "node-superagent/0.18.2"
170.75.162.130 - - [23/Sep/2015:09:43:56 -0700] "GET /lib/reccapi.php?resort=hoodoo HTTP/1.1" 200 969 "-" "node-superagent/0.18.2"
170.75.162.130 - - [23/Sep/2015:09:44:46 -0700] "GET /lib/reccapi.php?resort=redmountain HTTP/1.1" 200 901 "-" "node-superagent/0.18.2"
170.75.162.130 - - [23/Sep/2015:09:44:46 -0700] "GET /lib/reccapi.php?resort=silverstarmountain HTTP/1.1" 200 927 "-" "node-superagent/0.18.2"
170.75.162.130 - - [23/Sep/2015:09:44:46 -0700] "GET /lib/reccapi.php?resort=mounthoodmeadows HTTP/1.1" 200 994 "-" "node-superagent/0.18.2"
170.75.162.130 - - [23/Sep/2015:09:45:16 -0700] "GET /lib/reccapi.php?resort=snowbird HTTP/1.1" 200 978 "-" "node-superagent/0.18.2"
170.75.162.130 - - [23/Sep/2015:09:45:46 -0700] "GET /lib/reccapi.php?resort=sunvalley HTTP/1.1" 200 989 "-" "node-superagent/0.18.2"
180.76.15.161 - - [23/Sep/2015:09:45:58 -0700] "GET / HTTP/1.1" 200 6114 "-" "Mozilla/5.0 (compatible; Baiduspider/2.0; +http://www.baidu.com/search/spider.html)"
170.75.162.130 - - [23/Sep/2015:09:46:06 -0700] "GET /lib/reccapi.php?resort=sunpeaksresort HTTP/1.1" 200 912 "-" "node-superagent/0.18.2"
180.76.15.16 - - [23/Sep/2015:09:47:00 -0700] "GET / HTTP/1.1" 200 6114 "-" "Mozilla/5.0 (compatible; Baiduspider/2.0; +http://www.baidu.com/search/spider.html)"
12.146.29.47 - - [23/Sep/2015:09:48:32 -0700] "GET /images/wsis-logo-sm.png HTTP/1.1" 200 6108 "http://www.thebackcountry.net/" "Mozilla/5.0 (iPhone; CPU iPhone OS 8_3 like Mac OS X) AppleWebKit/600.1.4 (KHTML, like Gecko) Version/8.0 Mobile/12F70 Safari/600.1.4"
170.75.162.130 - - [23/Sep/2015:09:54:17 -0700] "GET /lib/reccapi.php?resort=telluride HTTP/1.1" 200 1000 "-" "node-superagent/0.18.2"
170.75.162.130 - - [23/Sep/2015:10:01:37 -0700] "GET /lib/reccapi.php?resort=mammothmountain HTTP/1.1" 200 975 "-" "node-superagent/0.18.2"
66.249.79.220 - - [23/Sep/2015:10:03:16 -0700] "GET /resorts?resort=bigsky&date=2013-12-15 HTTP/1.1" 404 506 "-" "Mozilla/5.0 (iPhone; CPU iPhone OS 8_3 like Mac OS X) AppleWebKit/600.1.4 (KHTML, like Gecko) Version/8.0 Mobile/12F70 Safari/600.1.4 (compatible; Googlebot/2.1; +http://www.google.com/bot.html)"
73.15.122.145 - - [23/Sep/2015:10:24:09 -0700] "GET /images/wsis-logo-sm.png HTTP/1.1" 200 6108 "http://www.thebackcountry.net/" "Mozilla/5.0 (Macintosh; Intel Mac OS X 10_10_2) AppleWebKit/600.4.10 (KHTML, like Gecko) Version/8.0.4 Safari/600.4.10"
71.140.31.214 - - [23/Sep/2015:10:44:31 -0700] "GET /images/wsis-logo-sm.png HTTP/1.1" 200 6108 "http://thebackcountry.net/" "Mozilla/4.0 (compatible; MSIE 8.0; Windows NT 5.1; Trident/4.0; .NET CLR 2.0.50727; .NET CLR 3.0.4506.2152; .NET CLR 3.5.30729; 786908940603; Build/14.08001)"
170.75.162.130 - - [23/Sep/2015:10:52:51 -0700] "GET /lib/reccapi.php?resort=steamboat HTTP/1.1" 200 966 "-" "node-superagent/0.18.2"
180.76.15.149 - - [23/Sep/2015:10:53:39 -0700] "GET /about HTTP/1.1" 404 472 "-" "Mozilla/5.0 (compatible; Baiduspider/2.0; +http://www.baidu.com/search/spider.html)"
50.200.39.106 - - [23/Sep/2015:10:54:26 -0700] "GET /images/wsis-logo-sm.png HTTP/1.1" 200 6108 "http://www.thebackcountry.net/" "Mozilla/5.0 (Windows NT 6.1; WOW64) AppleWebKit/537.36 (KHTML, like Gecko) Chrome/45.0.2454.99 Safari/537.36"
178.38.55.236 - - [23/Sep/2015:10:55:49 -0700] "GET /images/wsis-logo-sm.png HTTP/1.1" 200 6108 "http://www.thebackcountry.net/" "Mozilla/5.0 (Macintosh; Intel Mac OS X 10_9_5) AppleWebKit/600.8.9 (KHTML, like Gecko) Version/7.1.8 Safari/537.85.17"
72.47.126.67 - - [23/Sep/2015:11:02:23 -0700] "GET /images/wsis-logo-sm.png HTTP/1.1" 200 6108 "http://www.thebackcountry.net/" "Mozilla/5.0 (Windows NT 6.1; WOW64) AppleWebKit/537.36 (KHTML, like Gecko) Chrome/45.0.2454.93 Safari/537.36"
170.75.162.130 - - [23/Sep/2015:11:03:02 -0700] "GET /lib/reccapi.php?resort=49degreesnorth HTTP/1.1" 200 991 "-" "node-superagent/0.18.2"
107.77.92.114 - - [23/Sep/2015:11:03:53 -0700] "GET /images/wsis-logo-sm.png HTTP/1.1" 200 6108 "http://www.thebackcountry.net/" "Mozilla/5.0 (iPhone; CPU iPhone OS 7_1_2 like Mac OS X) AppleWebKit/537.51.2 (KHTML, like Gecko) Version/7.0 Mobile/11D257 Safari/9537.53"
170.75.162.130 - - [23/Sep/2015:11:04:02 -0700] "GET /lib/reccapi.php?resort=heavenly HTTP/1.1" 200 963 "-" "node-superagent/0.18.2"
170.75.162.130 - - [23/Sep/2015:11:04:02 -0700] "GET /lib/reccapi.php?resort=canyons HTTP/1.1" 200 1006 "-" "node-superagent/0.18.2"
170.75.162.130 - - [23/Sep/2015:11:04:02 -0700] "GET /lib/reccapi.php?resort=sierra-at-tahoe HTTP/1.1" 200 957 "-" "node-superagent/0.18.2"
170.75.162.130 - - [23/Sep/2015:11:04:02 -0700] "GET /lib/reccapi.php?resort=homewoodmountain HTTP/1.1" 200 970 "-" "node-superagent/0.18.2"
170.75.162.130 - - [23/Sep/2015:11:04:22 -0700] "GET /lib/reccapi.php?resort=chinapeak HTTP/1.1" 200 979 "-" "node-superagent/0.18.2"
170.75.162.130 - - [23/Sep/2015:11:04:32 -0700] "GET /lib/reccapi.php?resort=schweitzer HTTP/1.1" 200 960 "-" "node-superagent/0.18.2"
170.75.162.130 - - [23/Sep/2015:11:05:02 -0700] "GET /lib/reccapi.php?resort=snowbasin HTTP/1.1" 200 962 "-" "node-superagent/0.18.2"
170.75.162.130 - - [23/Sep/2015:11:05:02 -0700] "GET /lib/reccapi.php?resort=sugarbowl HTTP/1.1" 200 946 "-" "node-superagent/0.18.2"
180.76.15.11 - - [23/Sep/2015:11:05:04 -0700] "GET / HTTP/1.1" 200 6114 "-" "Mozilla/5.0 (compatible; Baiduspider/2.0; +http://www.baidu.com/search/spider.html)"
180.76.15.34 - - [23/Sep/2015:11:06:06 -0700] "GET / HTTP/1.1" 200 6114 "-" "Mozilla/5.0 (compatible; Baiduspider/2.0; +http://www.baidu.com/search/spider.html)"
76.78.70.63 - - [23/Sep/2015:11:10:03 -0700] "GET /images/wsis-logo-sm.png HTTP/1.1" 200 6108 "http://www.thebackcountry.net/" "Mozilla/5.0 (Windows NT 6.3; WOW64) AppleWebKit/537.36 (KHTML, like Gecko) Chrome/45.0.2454.93 Safari/537.36"
170.75.162.130 - - [23/Sep/2015:11:10:22 -0700] "GET /lib/reccapi.php?resort=taos HTTP/1.1" 200 1005 "-" "node-superagent/0.18.2"
170.75.162.130 - - [23/Sep/2015:11:12:23 -0700] "GET /lib/reccapi.php?resort=arapahoebasin HTTP/1.1" 200 1044 "-" "node-superagent/0.18.2"
170.75.162.130 - - [23/Sep/2015:11:12:23 -0700] "GET /lib/reccapi.php?resort=buttermilk HTTP/1.1" 200 1025 "-" "node-superagent/0.18.2"
170.75.162.130 - - [23/Sep/2015:11:12:23 -0700] "GET /lib/reccapi.php?resort=crestedbutte HTTP/1.1" 200 1034 "-" "node-superagent/0.18.2"
170.75.162.130 - - [23/Sep/2015:11:12:23 -0700] "GET /lib/reccapi.php?resort=keystone HTTP/1.1" 200 1017 "-" "node-superagent/0.18.2"
170.75.162.130 - - [23/Sep/2015:11:12:23 -0700] "GET /lib/reccapi.php?resort=loveland HTTP/1.1" 200 1032 "-" "node-superagent/0.18.2"
170.75.162.130 - - [23/Sep/2015:11:12:23 -0700] "GET /lib/reccapi.php?resort=monarch HTTP/1.1" 200 1028 "-" "node-superagent/0.18.2"
170.75.162.130 - - [23/Sep/2015:11:12:23 -0700] "GET /lib/reccapi.php?resort=snowmass HTTP/1.1" 200 1013 "-" "node-superagent/0.18.2"
170.75.162.130 - - [23/Sep/2015:11:12:23 -0700] "GET /lib/reccapi.php?resort=winterpark HTTP/1.1" 200 1023 "-" "node-superagent/0.18.2"
180.76.15.144 - - [23/Sep/2015:11:38:00 -0700] "GET / HTTP/1.1" 200 6114 "-" "Mozilla/5.0 (compatible; Baiduspider/2.0; +http://www.baidu.com/search/spider.html)"
180.76.15.9 - - [23/Sep/2015:11:38:28 -0700] "GET / HTTP/1.1" 200 6114 "-" "Mozilla/5.0 (compatible; Baiduspider/2.0; +http://www.baidu.com/search/spider.html)"
67.59.92.71 - - [23/Sep/2015:11:39:18 -0700] "GET /images/wsis-logo-sm.png HTTP/1.1" 200 6108 "http://www.thebackcountry.net/" "Mozilla/5.0 (Windows NT 6.1; Trident/7.0; rv:11.0) like Gecko"
67.59.92.71 - - [23/Sep/2015:11:39:39 -0700] "-" 408 0 "-" "-"
144.76.29.162 - - [23/Sep/2015:11:46:21 -0700] "GET /robots.txt HTTP/1.0" 200 338 "-" "Mozilla/5.0 (compatible; MJ12bot/v1.4.5; http://www.majestic12.co.uk/bot.php?+)"
144.76.29.162 - - [23/Sep/2015:11:46:22 -0700] "GET /resorts?resort=homewoodmountain HTTP/1.0" 404 495 "-" "Mozilla/5.0 (compatible; MJ12bot/v1.4.5; http://www.majestic12.co.uk/bot.php?+)"
144.76.29.162 - - [23/Sep/2015:11:46:24 -0700] "GET /resorts?resort=jaypeak HTTP/1.0" 404 469 "-" "Mozilla/5.0 (compatible; MJ12bot/v1.4.5; http://www.majestic12.co.uk/bot.php?+)"
144.76.29.162 - - [23/Sep/2015:11:46:26 -0700] "GET /resorts?resort=killington HTTP/1.0" 404 469 "-" "Mozilla/5.0 (compatible; MJ12bot/v1.4.5; http://www.majestic12.co.uk/bot.php?+)"
144.76.29.162 - - [23/Sep/2015:11:46:28 -0700] "GET /resorts?resort=madriverglen HTTP/1.0" 404 469 "-" "Mozilla/5.0 (compatible; MJ12bot/v1.4.5; http://www.majestic12.co.uk/bot.php?+)"
208.115.113.83 - - [23/Sep/2015:11:51:55 -0700] "GET /robots.txt HTTP/1.1" 200 319 "-" "Mozilla/5.0 (compatible; DotBot/1.1; http://www.opensiteexplorer.org/dotbot, help@moz.com)"
209.78.3.83 - - [23/Sep/2015:12:04:34 -0700] "GET /images/wsis-logo-sm.png HTTP/1.1" 200 6108 "http://www.thebackcountry.net/" "Mozilla/5.0 (Linux; Android 5.1; XT1254 Build/SU3TL-39) AppleWebKit/537.36 (KHTML, like Gecko) Chrome/45.0.2454.94 Mobile Safari/537.36"
170.75.162.130 - - [23/Sep/2015:12:11:47 -0700] "GET /lib/reccapi.php?resort=sugarbush HTTP/1.1" 200 953 "-" "node-superagent/0.18.2"
162.227.137.100 - - [23/Sep/2015:12:17:10 -0700] "GET /images/wsis-logo-sm.png HTTP/1.1" 200 6108 "http://www.thebackcountry.net/" "Mozilla/5.0 (Windows NT 6.0; WOW64) AppleWebKit/537.36 (KHTML, like Gecko) Chrome/45.0.2454.99 Safari/537.36"
208.115.113.83 - - [23/Sep/2015:12:22:55 -0700] "GET /resorts?resort=alyeska HTTP/1.1" 404 476 "-" "Mozilla/5.0 (compatible; DotBot/1.1; http://www.opensiteexplorer.org/dotbot, help@moz.com)"
170.75.162.130 - - [23/Sep/2015:12:27:48 -0700] "GET /lib/reccapi.php?resort=squawvalleyusa HTTP/1.1" 200 966 "-" "node-superagent/0.18.2"
206.171.55.66 - - [23/Sep/2015:12:31:21 -0700] "GET /images/wsis-logo-sm.png HTTP/1.1" 200 6108 "http://www.thebackcountry.net/" "Mozilla/5.0 (Windows NT 6.1; WOW64) AppleWebKit/537.36 (KHTML, like Gecko) Chrome/45.0.2454.93 Safari/537.36"
130.86.114.57 - - [23/Sep/2015:12:35:10 -0700] "GET /images/wsis-logo-sm.png HTTP/1.1" 200 6108 "http://www.thebackcountry.net/" "Mozilla/5.0 (Windows NT 6.1; WOW64; Trident/7.0; rv:11.0) like Gecko"
130.86.114.57 - - [23/Sep/2015:12:35:31 -0700] "-" 408 0 "-" "-"
220.181.108.160 - - [23/Sep/2015:12:51:22 -0700] "GET / HTTP/1.1" 200 2339 "-" "Mozilla/5.0 (compatible; Baiduspider/2.0; +http://www.baidu.com/search/spider.html)"
123.125.71.32 - - [23/Sep/2015:12:51:24 -0700] "GET /styles/0fffd548.main.css HTTP/1.1" 200 108822 "http://www.whereshouldiski.com/" "Mozilla/5.0 (compatible; Baiduspider/2.0; +http://www.baidu.com/search/spider.html)"
75.111.110.233 - - [23/Sep/2015:12:59:26 -0700] "GET /images/wsis-logo-sm.png HTTP/1.1" 200 6108 "http://www.thebackcountry.net/" "Mozilla/5.0 (Macintosh; Intel Mac OS X 10_9_5) AppleWebKit/537.36 (KHTML, like Gecko) Chrome/45.0.2454.99 Safari/537.36"
12.146.29.47 - - [23/Sep/2015:13:00:28 -0700] "GET /images/wsis-logo-sm.png HTTP/1.1" 200 6108 "http://www.thebackcountry.net/" "Mozilla/5.0 (iPhone; CPU iPhone OS 8_3 like Mac OS X) AppleWebKit/600.1.4 (KHTML, like Gecko) Version/8.0 Mobile/12F70 Safari/600.1.4"
170.75.162.130 - - [23/Sep/2015:13:09:21 -0700] "GET /lib/reccapi.php?resort=kirkwood HTTP/1.1" 200 986 "-" "node-superagent/0.18.2"
170.75.162.130 - - [23/Sep/2015:13:09:21 -0700] "GET /lib/reccapi.php?resort=northstar-at-tahoe HTTP/1.1" 200 953 "-" "node-superagent/0.18.2"
180.76.15.163 - - [23/Sep/2015:13:10:01 -0700] "GET / HTTP/1.1" 200 6114 "-" "Mozilla/5.0 (compatible; Baiduspider/2.0; +http://www.baidu.com/search/spider.html)"
180.76.15.158 - - [23/Sep/2015:13:11:13 -0700] "GET / HTTP/1.1" 200 6114 "-" "Mozilla/5.0 (compatible; Baiduspider/2.0; +http://www.baidu.com/search/spider.html)"
46.151.52.233 - - [23/Sep/2015:13:12:17 -0700] "GET /resorts?resort=cannonmountain HTTP/1.0" 404 495 "http://whereshouldiski.com/resorts?resort=cannonmountain" "Mozilla/5.0 (Windows NT 6.1; WOW64) AppleWebKit/537.36 (KHTML, like Gecko) Chrome/41.0.2272.89 Safari/537.36 OPR/28.0.1750.48"
46.151.52.233 - - [23/Sep/2015:13:12:17 -0700] "GET / HTTP/1.0" 200 6114 "http://whereshouldiski.com/" "Mozilla/5.0 (Windows NT 6.1; WOW64) AppleWebKit/537.36 (KHTML, like Gecko) Chrome/41.0.2272.89 Safari/537.36 OPR/28.0.1750.48"
220.181.108.117 - - [23/Sep/2015:13:24:42 -0700] "GET /images/loading.gif HTTP/1.1" 200 13845 "-" "Baiduspider-image+(+http://www.baidu.com/search/spider.htm)"
170.75.162.130 - - [23/Sep/2015:13:26:52 -0700] "GET /lib/reccapi.php?resort=wildcatmountain HTTP/1.1" 200 953 "-" "node-superagent/0.18.2"
46.151.52.64 - - [23/Sep/2015:13:27:44 -0700] "GET / HTTP/1.0" 200 6114 "http://whereshouldiski.com/" "Mozilla/5.0 (Windows NT 6.3; WOW64; rv:36.0) Gecko/20100101 Firefox/36.0"
46.151.52.64 - - [23/Sep/2015:13:27:44 -0700] "GET / HTTP/1.0" 200 6114 "http://whereshouldiski.com/" "Mozilla/5.0 (Windows NT 6.3; WOW64; rv:36.0) Gecko/20100101 Firefox/36.0"
208.115.113.83 - - [23/Sep/2015:13:33:15 -0700] "GET /robots.txt HTTP/1.1" 200 319 "-" "Mozilla/5.0 (compatible; DotBot/1.1; http://www.opensiteexplorer.org/dotbot, help@moz.com)"
174.53.143.129 - - [23/Sep/2015:13:36:19 -0700] "GET /images/wsis-logo-sm.png HTTP/1.1" 200 6108 "http://www.thebackcountry.net/" "Mozilla/5.0 (Windows NT 6.1; WOW64) AppleWebKit/537.36 (KHTML, like Gecko) Chrome/45.0.2454.99 Safari/537.36"
170.75.162.130 - - [23/Sep/2015:13:52:25 -0700] "GET /lib/reccapi.php?resort=sundayriver HTTP/1.1" 200 952 "-" "node-superagent/0.18.2"
170.75.162.130 - - [23/Sep/2015:13:52:25 -0700] "GET /lib/reccapi.php?resort=sugarloaf HTTP/1.1" 200 949 "-" "node-superagent/0.18.2"
180.76.15.26 - - [23/Sep/2015:13:58:12 -0700] "GET / HTTP/1.1" 200 6114 "-" "Mozilla/5.0 (compatible; Baiduspider/2.0; +http://www.baidu.com/search/spider.html)"
180.76.15.148 - - [23/Sep/2015:13:59:22 -0700] "GET / HTTP/1.1" 200 6114 "-" "Mozilla/5.0 (compatible; Baiduspider/2.0; +http://www.baidu.com/search/spider.html)"
170.75.162.130 - - [23/Sep/2015:14:00:15 -0700] "GET /lib/reccapi.php?resort=parkcity HTTP/1.1" 200 1003 "-" "node-superagent/0.18.2"
170.75.162.130 - - [23/Sep/2015:14:10:06 -0700] "GET /lib/reccapi.php?resort=mammothmountain HTTP/1.1" 200 975 "-" "node-superagent/0.18.2"
66.249.79.220 - - [23/Sep/2015:14:10:09 -0700] "GET /resorts?resort=49degreesnorth&date=2014-02-03 HTTP/1.1" 404 506 "-" "Mozilla/5.0 (iPhone; CPU iPhone OS 8_3 like Mac OS X) AppleWebKit/600.1.4 (KHTML, like Gecko) Version/8.0 Mobile/12F70 Safari/600.1.4 (compatible; Googlebot/2.1; +http://www.google.com/bot.html)"
12.24.60.12 - - [23/Sep/2015:14:27:26 -0700] "GET /images/wsis-logo-sm.png HTTP/1.1" 200 6052 "http://www.thebackcountry.net/" "Mozilla/5.0 (Windows NT 6.1; WOW64) AppleWebKit/537.36 (KHTML, like Gecko) Chrome/45.0.2454.99 Safari/537.36"
61.135.190.224 - - [23/Sep/2015:14:30:14 -0700] "GET / HTTP/1.1" 200 2376 "http://www.baidu.com/s?wd=WhereShouldISki-WeatherData-DrivenRecommendationsforSkiing" "Mozilla/5.0 (Windows NT 6.1; WOW64) AppleWebKit/537.36 (KHTML, like Gecko) Chrome/36.0.1985.143 Safari/537.36"
61.135.190.103 - - [23/Sep/2015:14:30:14 -0700] "GET / HTTP/1.1" 200 2376 "http://www.baidu.com/s?wd=WhereShouldISki-WeatherData-DrivenRecommendationsforSkiing" "Mozilla/5.0 (iPhone; CPU iPhone OS 5_0 like Mac OS X) AppleWebKit/534.46 (KHTML, like Gecko) Version/5.1 Mobile/9A334 Safari/7534.48.3"
61.135.190.224 - - [23/Sep/2015:14:30:15 -0700] "GET /scripts/scripts/vendor/modernizr.js HTTP/1.1" 200 4903 "http://www.whereshouldiski.com/" "Mozilla/5.0 (Windows NT 6.1; WOW64) AppleWebKit/537.36 (KHTML, like Gecko) Chrome/36.0.1985.143 Safari/537.36"
61.135.190.103 - - [23/Sep/2015:14:30:15 -0700] "GET /scripts/scripts/vendor/modernizr.js HTTP/1.1" 200 4903 "http://www.whereshouldiski.com/" "Mozilla/5.0 (iPhone; CPU iPhone OS 5_0 like Mac OS X) AppleWebKit/534.46 (KHTML, like Gecko) Version/5.1 Mobile/9A334 Safari/7534.48.3"
61.135.190.224 - - [23/Sep/2015:14:30:15 -0700] "GET /bower_components/requirejs/require.js HTTP/1.1" 200 6701 "http://www.whereshouldiski.com/" "Mozilla/5.0 (Windows NT 6.1; WOW64) AppleWebKit/537.36 (KHTML, like Gecko) Chrome/36.0.1985.143 Safari/537.36"
61.135.190.103 - - [23/Sep/2015:14:30:15 -0700] "GET /bower_components/requirejs/require.js HTTP/1.1" 200 6701 "http://www.whereshouldiski.com/" "Mozilla/5.0 (iPhone; CPU iPhone OS 5_0 like Mac OS X) AppleWebKit/534.46 (KHTML, like Gecko) Version/5.1 Mobile/9A334 Safari/7534.48.3"
61.135.190.224 - - [23/Sep/2015:14:30:15 -0700] "GET /scripts/fa48e319.main.js HTTP/1.1" 200 123455 "http://www.whereshouldiski.com/" "Mozilla/5.0 (Windows NT 6.1; WOW64) AppleWebKit/537.36 (KHTML, like Gecko) Chrome/36.0.1985.143 Safari/537.36"
61.135.190.103 - - [23/Sep/2015:14:30:15 -0700] "GET /scripts/fa48e319.main.js HTTP/1.1" 200 123455 "http://www.whereshouldiski.com/" "Mozilla/5.0 (iPhone; CPU iPhone OS 5_0 like Mac OS X) AppleWebKit/534.46 (KHTML, like Gecko) Version/5.1 Mobile/9A334 Safari/7534.48.3"
61.135.190.219 - - [23/Sep/2015:14:30:17 -0700] "GET /lib/reccapi.php?fields=t HTTP/1.1" 200 1795 "http://www.whereshouldiski.com/" "Mozilla/5.0 (Windows NT 6.1; WOW64) AppleWebKit/537.36 (KHTML, like Gecko) Chrome/36.0.1985.143 Safari/537.36"
61.135.190.103 - - [23/Sep/2015:14:30:18 -0700] "GET /lib/reccapi.php?fields=t HTTP/1.1" 200 1795 "http://www.whereshouldiski.com/" "Mozilla/5.0 (iPhone; CPU iPhone OS 5_0 like Mac OS X) AppleWebKit/534.46 (KHTML, like Gecko) Version/5.1 Mobile/9A334 Safari/7534.48.3"
27.120.109.18 - - [23/Sep/2015:14:30:19 -0700] "GET / HTTP/1.1" 200 6095 "-" "Mozilla/5.0 (Windows NT 6.3; WOW64; Trident/7.0; Touch; rv:11.0) like Gecko"
127.0.0.1 - - [23/Sep/2015:14:30:21 -0700] "OPTIONS * HTTP/1.0" 200 126 "-" "Apache/2.2.22 (Ubuntu) (internal dummy connection)"
127.0.0.1 - - [23/Sep/2015:14:30:23 -0700] "OPTIONS * HTTP/1.0" 200 126 "-" "Apache/2.2.22 (Ubuntu) (internal dummy connection)"
127.0.0.1 - - [23/Sep/2015:14:30:25 -0700] "OPTIONS * HTTP/1.0" 200 126 "-" "Apache/2.2.22 (Ubuntu) (internal dummy connection)"
36.55.235.155 - - [23/Sep/2015:14:31:55 -0700] "GET / HTTP/1.1" 200 6095 "-" "Mozilla/5.0 (Windows NT 6.3; WOW64; Trident/7.0; Touch; rv:11.0) like Gecko"
71.140.31.214 - - [23/Sep/2015:14:34:17 -0700] "GET /images/wsis-logo-sm.png HTTP/1.1" 200 6108 "http://thebackcountry.net/" "Mozilla/4.0 (compatible; MSIE 8.0; Windows NT 5.1; Trident/4.0; .NET CLR 2.0.50727; .NET CLR 3.0.4506.2152; .NET CLR 3.5.30729; 786908940603; Build/14.08001)"
170.75.162.130 - - [23/Sep/2015:14:46:39 -0700] "GET /lib/reccapi.php?resort=cannonmountain HTTP/1.1" 200 953 "-" "node-superagent/0.18.2"
170.75.162.130 - - [23/Sep/2015:14:46:39 -0700] "GET /lib/reccapi.php?resort=jaypeak HTTP/1.1" 200 965 "-" "node-superagent/0.18.2"
170.75.162.130 - - [23/Sep/2015:14:46:39 -0700] "GET /lib/reccapi.php?resort=killington HTTP/1.1" 200 951 "-" "node-superagent/0.18.2"
170.75.162.130 - - [23/Sep/2015:14:46:39 -0700] "GET /lib/reccapi.php?resort=madriverglen HTTP/1.1" 200 953 "-" "node-superagent/0.18.2"
170.75.162.130 - - [23/Sep/2015:14:46:40 -0700] "GET /lib/reccapi.php?resort=smugglersnotch HTTP/1.1" 200 980 "-" "node-superagent/0.18.2"
170.75.162.130 - - [23/Sep/2015:14:46:40 -0700] "GET /lib/reccapi.php?resort=stowe HTTP/1.1" 200 934 "-" "node-superagent/0.18.2"
157.55.39.113 - - [23/Sep/2015:14:52:17 -0700] "GET / HTTP/1.1" 200 2376 "-" "Mozilla/5.0 (compatible; bingbot/2.0; +http://www.bing.com/bingbot.htm)"
157.55.39.113 - - [23/Sep/2015:14:52:18 -0700] "GET /viz/2012-2013-viz.php HTTP/1.1" 404 505 "-" "Mozilla/5.0 (compatible; bingbot/2.0; +http://www.bing.com/bingbot.htm)"
170.75.162.130 - - [23/Sep/2015:14:53:29 -0700] "GET /lib/reccapi.php?resort=alta HTTP/1.1" 200 968 "-" "node-superagent/0.18.2"
208.115.113.83 - - [23/Sep/2015:14:56:16 -0700] "GET /resorts?resort=sipapu&date=2014-10-03 HTTP/1.1" 404 476 "-" "Mozilla/5.0 (compatible; DotBot/1.1; http://www.opensiteexplorer.org/dotbot, help@moz.com)"
71.140.31.214 - - [23/Sep/2015:14:58:01 -0700] "GET /images/wsis-logo-sm.png HTTP/1.1" 200 6108 "http://thebackcountry.net/" "Mozilla/4.0 (compatible; MSIE 8.0; Windows NT 5.1; Trident/4.0; .NET CLR 2.0.50727; .NET CLR 3.0.4506.2152; .NET CLR 3.5.30729; 786908940603; Build/14.08001)"
170.75.162.130 - - [23/Sep/2015:14:59:49 -0700] "GET /lib/reccapi.php?resort=mtrose HTTP/1.1" 200 954 "-" "node-superagent/0.18.2"
170.75.162.130 - - [23/Sep/2015:15:01:40 -0700] "GET /lib/reccapi.php?resort=angelfire HTTP/1.1" 200 1050 "-" "node-superagent/0.18.2"
71.140.31.214 - - [23/Sep/2015:15:24:17 -0700] "GET /images/wsis-logo-sm.png HTTP/1.1" 200 6108 "http://thebackcountry.net/" "Mozilla/4.0 (compatible; MSIE 8.0; Windows NT 5.1; Trident/4.0; .NET CLR 2.0.50727; .NET CLR 3.0.4506.2152; .NET CLR 3.5.30729; 786908940603; Build/14.08001)"
93.171.138.165 - - [23/Sep/2015:15:34:49 -0700] "GET / HTTP/1.1" 200 6095 "-" "Mozilla/5.0 (Windows NT 6.1; rv:10.0.1) Gecko/20100101 Firefox/10.0.1"
93.171.138.165 - - [23/Sep/2015:15:34:50 -0700] "GET /robots.txt HTTP/1.1" 200 319 "-" "Mozilla/5.0 (Windows NT 6.1; rv:10.0.1) Gecko/20100101 Firefox/10.0.1"
208.115.113.83 - - [23/Sep/2015:15:36:43 -0700] "GET /robots.txt HTTP/1.1" 200 319 "-" "Mozilla/5.0 (compatible; DotBot/1.1; http://www.opensiteexplorer.org/dotbot, help@moz.com)"
180.76.15.9 - - [23/Sep/2015:15:43:21 -0700] "GET / HTTP/1.1" 200 6114 "-" "Mozilla/5.0 (compatible; Baiduspider/2.0; +http://www.baidu.com/search/spider.html)"
180.76.15.15 - - [23/Sep/2015:15:44:14 -0700] "GET / HTTP/1.1" 200 6114 "-" "Mozilla/5.0 (compatible; Baiduspider/2.0; +http://www.baidu.com/search/spider.html)"
157.55.39.113 - - [23/Sep/2015:16:00:01 -0700] "GET /about HTTP/1.1" 404 509 "-" "Mozilla/5.0 (compatible; bingbot/2.0; +http://www.bing.com/bingbot.htm)"
192.187.126.163 - - [23/Sep/2015:16:01:49 -0700] "GET /_cmseditor/editor/ HTTP/1.1" 404 476 "-" "compatible;Baiduspider/2.0; +http://www.baidu.com/search/spider.html"
170.75.162.130 - - [23/Sep/2015:16:09:55 -0700] "GET /lib/reccapi.php?resort=homewoodmountain HTTP/1.1" 200 972 "-" "node-superagent/0.18.2"
170.75.162.130 - - [23/Sep/2015:16:17:05 -0700] "GET /lib/reccapi.php?resort=brianhead HTTP/1.1" 200 1019 "-" "node-superagent/0.18.2"
66.249.79.234 - - [23/Sep/2015:16:23:54 -0700] "GET / HTTP/1.1" 200 2376 "-" "Mozilla/5.0 (iPhone; CPU iPhone OS 8_3 like Mac OS X) AppleWebKit/600.1.4 (KHTML, like Gecko) Version/8.0 Mobile/12F70 Safari/600.1.4 (compatible; Googlebot/2.1; +http://www.google.com/bot.html)"
170.75.162.130 - - [23/Sep/2015:16:25:46 -0700] "GET /lib/reccapi.php?resort=redlodge HTTP/1.1" 200 1018 "-" "node-superagent/0.18.2"
208.115.113.83 - - [23/Sep/2015:16:27:10 -0700] "GET /resorts?resort=angelfire HTTP/1.1" 404 476 "-" "Mozilla/5.0 (compatible; DotBot/1.1; http://www.opensiteexplorer.org/dotbot, help@moz.com)"
208.115.111.66 - - [23/Sep/2015:16:27:17 -0700] "GET /robots.txt HTTP/1.1" 200 319 "-" "Mozilla/5.0 (compatible; DotBot/1.1; http://www.opensiteexplorer.org/dotbot, help@moz.com)"
170.75.162.130 - - [23/Sep/2015:16:31:16 -0700] "GET /lib/reccapi.php?resort=brighton HTTP/1.1" 200 968 "-" "node-superagent/0.18.2"
61.135.190.102 - - [23/Sep/2015:16:35:11 -0700] "GET / HTTP/1.1" 200 2376 "http://www.baidu.com/s?wd=WhereShouldISki-WeatherData-DrivenRecommendationsforSkiing" "Mozilla/5.0 (Windows NT 6.1; WOW64) AppleWebKit/537.36 (KHTML, like Gecko) Chrome/36.0.1985.143 Safari/537.36"
61.135.190.219 - - [23/Sep/2015:16:35:11 -0700] "GET /scripts/scripts/vendor/modernizr.js HTTP/1.1" 200 4903 "http://whereshouldiski.com/" "Mozilla/5.0 (Windows NT 6.1; WOW64) AppleWebKit/537.36 (KHTML, like Gecko) Chrome/36.0.1985.143 Safari/537.36"
61.135.190.103 - - [23/Sep/2015:16:35:11 -0700] "GET / HTTP/1.1" 200 2376 "http://www.baidu.com/s?wd=WhereShouldISki-WeatherData-DrivenRecommendationsforSkiing" "Mozilla/5.0 (iPhone; CPU iPhone OS 5_0 like Mac OS X) AppleWebKit/534.46 (KHTML, like Gecko) Version/5.1 Mobile/9A334 Safari/7534.48.3"
61.135.190.102 - - [23/Sep/2015:16:35:12 -0700] "GET /bower_components/requirejs/require.js HTTP/1.1" 200 6701 "http://whereshouldiski.com/" "Mozilla/5.0 (Windows NT 6.1; WOW64) AppleWebKit/537.36 (KHTML, like Gecko) Chrome/36.0.1985.143 Safari/537.36"
61.135.190.102 - - [23/Sep/2015:16:35:12 -0700] "GET /scripts/scripts/vendor/modernizr.js HTTP/1.1" 200 4903 "http://whereshouldiski.com/" "Mozilla/5.0 (iPhone; CPU iPhone OS 5_0 like Mac OS X) AppleWebKit/534.46 (KHTML, like Gecko) Version/5.1 Mobile/9A334 Safari/7534.48.3"
61.135.190.103 - - [23/Sep/2015:16:35:12 -0700] "GET /bower_components/requirejs/require.js HTTP/1.1" 200 6701 "http://whereshouldiski.com/" "Mozilla/5.0 (iPhone; CPU iPhone OS 5_0 like Mac OS X) AppleWebKit/534.46 (KHTML, like Gecko) Version/5.1 Mobile/9A334 Safari/7534.48.3"
61.135.190.102 - - [23/Sep/2015:16:35:12 -0700] "GET /scripts/fa48e319.main.js HTTP/1.1" 200 123455 "http://whereshouldiski.com/" "Mozilla/5.0 (Windows NT 6.1; WOW64) AppleWebKit/537.36 (KHTML, like Gecko) Chrome/36.0.1985.143 Safari/537.36"
61.135.190.103 - - [23/Sep/2015:16:35:13 -0700] "GET /scripts/fa48e319.main.js HTTP/1.1" 200 123455 "http://whereshouldiski.com/" "Mozilla/5.0 (iPhone; CPU iPhone OS 5_0 like Mac OS X) AppleWebKit/534.46 (KHTML, like Gecko) Version/5.1 Mobile/9A334 Safari/7534.48.3"
61.135.190.102 - - [23/Sep/2015:16:35:13 -0700] "GET /lib/reccapi.php?fields=t HTTP/1.1" 200 1725 "http://whereshouldiski.com/" "Mozilla/5.0 (Windows NT 6.1; WOW64) AppleWebKit/537.36 (KHTML, like Gecko) Chrome/36.0.1985.143 Safari/537.36"
61.135.190.103 - - [23/Sep/2015:16:35:14 -0700] "GET /lib/reccapi.php?fields=t HTTP/1.1" 200 1725 "http://whereshouldiski.com/" "Mozilla/5.0 (iPhone; CPU iPhone OS 5_0 like Mac OS X) AppleWebKit/534.46 (KHTML, like Gecko) Version/5.1 Mobile/9A334 Safari/7534.48.3"
64.124.184.170 - - [23/Sep/2015:16:40:52 -0700] "GET /images/wsis-logo-sm.png HTTP/1.1" 200 6108 "http://www.thebackcountry.net/" "Mozilla/5.0 (Windows NT 10.0; WOW64) AppleWebKit/537.36 (KHTML, like Gecko) Chrome/45.0.2454.99 Safari/537.36"
170.75.162.130 - - [23/Sep/2015:16:41:17 -0700] "GET /lib/reccapi.php?resort=mountainhigh HTTP/1.1" 200 988 "-" "node-superagent/0.18.2"
180.76.15.6 - - [23/Sep/2015:16:59:56 -0700] "GET /robots.txt HTTP/1.1" 200 382 "-" "Mozilla/5.0 (Windows NT 5.1; rv:6.0.2) Gecko/20100101 Firefox/6.0.2"
180.76.15.162 - - [23/Sep/2015:17:02:18 -0700] "GET /resorts?resort=silvermountain&date=2014-04-24 HTTP/1.1" 404 472 "-" "Mozilla/5.0 (compatible; Baiduspider/2.0; +http://www.baidu.com/search/spider.html)"
170.75.162.130 - - [23/Sep/2015:17:02:39 -0700] "GET /lib/reccapi.php?resort=bigsky HTTP/1.1" 200 971 "-" "node-superagent/0.18.2"
62.212.73.211 - - [23/Sep/2015:17:06:26 -0700] "GET /robots.txt HTTP/1.0" 200 338 "-" "Mozilla/5.0 (compatible; MJ12bot/v1.4.5; http://www.majestic12.co.uk/bot.php?+)"
62.212.73.211 - - [23/Sep/2015:17:06:28 -0700] "GET / HTTP/1.0" 200 6114 "-" "Mozilla/5.0 (compatible; MJ12bot/v1.4.5; http://www.majestic12.co.uk/bot.php?+)"
45.18.84.157 - - [23/Sep/2015:17:11:22 -0700] "GET /images/wsis-logo-sm.png HTTP/1.1" 200 6108 "http://www.thebackcountry.net/" "Mozilla/5.0 (iPhone; CPU iPhone OS 9_0_1 like Mac OS X) AppleWebKit/601.1.46 (KHTML, like Gecko) Version/9.0 Mobile/13A404 Safari/601.1"
217.73.208.152 - - [23/Sep/2015:17:11:52 -0700] "GET /robots.txt HTTP/1.0" 200 382 "-" "tbot-nutch/Nutch-1.10"
217.73.208.152 - - [23/Sep/2015:17:11:53 -0700] "GET /resorts?resort=aspenheights HTTP/1.0" 404 469 "-" "tbot-nutch/Nutch-1.10"
50.232.110.122 - - [23/Sep/2015:17:11:54 -0700] "GET /images/wsis-logo-sm.png HTTP/1.1" 200 6108 "http://www.thebackcountry.net/" "Mozilla/5.0 (Macintosh; Intel Mac OS X 10_10_2) AppleWebKit/537.36 (KHTML, like Gecko) Chrome/45.0.2454.85 Safari/537.36"
208.115.111.66 - - [23/Sep/2015:17:19:45 -0700] "GET /resorts?resort=kirkwood HTTP/1.1" 404 476 "-" "Mozilla/5.0 (compatible; DotBot/1.1; http://www.opensiteexplorer.org/dotbot, help@moz.com)"
208.115.111.66 - - [23/Sep/2015:17:24:16 -0700] "GET /resorts?resort=loveland HTTP/1.1" 404 476 "-" "Mozilla/5.0 (compatible; DotBot/1.1; http://www.opensiteexplorer.org/dotbot, help@moz.com)"
180.76.15.9 - - [23/Sep/2015:17:32:42 -0700] "GET / HTTP/1.1" 200 6114 "-" "Mozilla/5.0 (compatible; Baiduspider/2.0; +http://www.baidu.com/search/spider.html)"
180.76.15.161 - - [23/Sep/2015:17:33:14 -0700] "GET / HTTP/1.1" 200 6114 "-" "Mozilla/5.0 (compatible; Baiduspider/2.0; +http://www.baidu.com/search/spider.html)"
50.168.91.234 - - [23/Sep/2015:17:35:39 -0700] "GET /images/wsis-logo-sm.png HTTP/1.1" 200 6108 "http://www.thebackcountry.net/" "Mozilla/5.0 (Macintosh; Intel Mac OS X 10_9_5) AppleWebKit/537.36 (KHTML, like Gecko) Chrome/44.0.2403.155 Safari/537.36"
170.75.162.130 - - [23/Sep/2015:17:39:57 -0700] "GET /lib/reccapi.php?resort=jacksonhole HTTP/1.1" 200 971 "-" "node-superagent/0.18.2"
63.92.242.121 - - [23/Sep/2015:17:53:52 -0700] "GET /images/wsis-logo-sm.png HTTP/1.1" 200 6052 "http://www.thebackcountry.net/" "Mozilla/5.0 (iPhone; CPU iPhone OS 9_0 like Mac OS X) AppleWebKit/601.1.46 (KHTML, like Gecko) Version/9.0 Mobile/13A344 Safari/601.1"
180.76.15.135 - - [23/Sep/2015:18:00:32 -0700] "GET /robots.txt HTTP/1.1" 200 382 "-" "Mozilla/5.0 (Windows NT 5.1; rv:6.0.2) Gecko/20100101 Firefox/6.0.2"
180.76.15.162 - - [23/Sep/2015:18:02:37 -0700] "GET /resorts?resort=mountashland&date=2014-05-17 HTTP/1.1" 404 472 "-" "Mozilla/5.0 (compatible; Baiduspider/2.0; +http://www.baidu.com/search/spider.html)"
107.201.107.73 - - [23/Sep/2015:18:15:27 -0700] "GET /images/wsis-logo-sm.png HTTP/1.1" 200 6108 "http://www.thebackcountry.net/" "Mozilla/5.0 (Windows NT 6.3; WOW64) AppleWebKit/537.36 (KHTML, like Gecko) Chrome/45.0.2454.93 Safari/537.36"
170.75.162.130 - - [23/Sep/2015:18:20:15 -0700] "GET /lib/reccapi.php?resort=whitefacemountain HTTP/1.1" 200 956 "-" "node-superagent/0.18.2"
170.75.162.130 - - [23/Sep/2015:18:25:35 -0700] "GET /lib/reccapi.php?resort=alpinemeadows HTTP/1.1" 200 964 "-" "node-superagent/0.18.2"
208.115.111.66 - - [23/Sep/2015:18:30:31 -0700] "GET /robots.txt HTTP/1.1" 200 319 "-" "Mozilla/5.0 (compatible; DotBot/1.1; http://www.opensiteexplorer.org/dotbot, help@moz.com)"
170.75.162.130 - - [23/Sep/2015:18:34:36 -0700] "GET /lib/reccapi.php?resort=solitude HTTP/1.1" 200 963 "-" "node-superagent/0.18.2"
170.75.162.130 - - [23/Sep/2015:18:45:37 -0700] "GET /lib/reccapi.php?resort=coppermountain HTTP/1.1" 200 1017 "-" "node-superagent/0.18.2"
66.249.79.134 - - [23/Sep/2015:18:46:01 -0700] "GET /robots.txt HTTP/1.1" 200 419 "-" "Mozilla/5.0 (compatible; Googlebot/2.1; +http://www.google.com/bot.html)"
66.249.79.252 - - [23/Sep/2015:18:46:01 -0700] "GET / HTTP/1.1" 200 2376 "-" "Mozilla/5.0 (iPhone; CPU iPhone OS 8_3 like Mac OS X) AppleWebKit/600.1.4 (KHTML, like Gecko) Version/8.0 Mobile/12F70 Safari/600.1.4 (compatible; Googlebot/2.1; +http://www.google.com/bot.html)"
108.70.211.111 - - [23/Sep/2015:18:46:10 -0700] "GET / HTTP/1.1" 200 2376 "-" "Mozilla/5.0 (Macintosh; Intel Mac OS X 10_10_5) AppleWebKit/600.8.9 (KHTML, like Gecko) Version/8.0.8 Safari/600.8.9"
108.70.211.111 - - [23/Sep/2015:18:46:10 -0700] "GET /favicon.ico HTTP/1.1" 200 1475 "http://whereshouldiski.com/" "Mozilla/5.0 (Macintosh; Intel Mac OS X 10_10_5) AppleWebKit/600.8.9 (KHTML, like Gecko) Version/8.0.8 Safari/600.8.9"
108.70.211.111 - - [23/Sep/2015:18:46:14 -0700] "GET /apple-touch-icon-precomposed.png HTTP/1.1" 404 521 "-" "com.apple.WebKit.WebContent/10600.8.9 CFNetwork/720.5.7 Darwin/14.5.0 (x86_64)"
108.70.211.111 - - [23/Sep/2015:18:46:14 -0700] "GET /apple-touch-icon.png HTTP/1.1" 404 512 "-" "com.apple.WebKit.WebContent/10600.8.9 CFNetwork/720.5.7 Darwin/14.5.0 (x86_64)"
180.76.15.155 - - [23/Sep/2015:18:48:20 -0700] "GET / HTTP/1.1" 200 6114 "-" "Mozilla/5.0 (compatible; Baiduspider/2.0; +http://www.baidu.com/search/spider.html)"
180.76.15.12 - - [23/Sep/2015:18:49:23 -0700] "GET / HTTP/1.1" 200 6114 "-" "Mozilla/5.0 (compatible; Baiduspider/2.0; +http://www.baidu.com/search/spider.html)"
91.196.50.33 - - [23/Sep/2015:19:00:09 -0700] "GET http://testp1.piwo.pila.pl/testproxy.php HTTP/1.1" 404 448 "-" "Mozilla/5.0 (Windows NT 5.1; rv:32.0) Gecko/20100101 Firefox/31.0"
170.75.162.130 - - [23/Sep/2015:19:11:39 -0700] "GET /lib/reccapi.php?resort=crystalmountain HTTP/1.1" 200 991 "-" "node-superagent/0.18.2"
170.75.162.130 - - [23/Sep/2015:19:11:39 -0700] "GET /lib/reccapi.php?resort=whistlerblackcomb HTTP/1.1" 200 925 "-" "node-superagent/0.18.2"
208.115.111.66 - - [23/Sep/2015:19:21:56 -0700] "GET /resorts?resort=snowbasin HTTP/1.1" 404 476 "-" "Mozilla/5.0 (compatible; DotBot/1.1; http://www.opensiteexplorer.org/dotbot, help@moz.com)"
170.75.162.130 - - [23/Sep/2015:19:34:21 -0700] "GET /lib/reccapi.php?resort=arapahoebasin HTTP/1.1" 200 1031 "-" "node-superagent/0.18.2"
170.75.162.130 - - [23/Sep/2015:19:34:21 -0700] "GET /lib/reccapi.php?resort=heavenly HTTP/1.1" 200 965 "-" "node-superagent/0.18.2"
170.75.162.130 - - [23/Sep/2015:19:34:21 -0700] "GET /lib/reccapi.php?resort=keystone HTTP/1.1" 200 1012 "-" "node-superagent/0.18.2"
170.75.162.130 - - [23/Sep/2015:19:34:21 -0700] "GET /lib/reccapi.php?resort=canyons HTTP/1.1" 200 1005 "-" "node-superagent/0.18.2"
170.75.162.130 - - [23/Sep/2015:19:34:21 -0700] "GET /lib/reccapi.php?resort=kirkwood HTTP/1.1" 200 987 "-" "node-superagent/0.18.2"
170.75.162.130 - - [23/Sep/2015:19:34:21 -0700] "GET /lib/reccapi.php?resort=northstar-at-tahoe HTTP/1.1" 200 954 "-" "node-superagent/0.18.2"
170.75.162.130 - - [23/Sep/2015:19:41:51 -0700] "GET /lib/reccapi.php?resort=deervalley HTTP/1.1" 200 1037 "-" "node-superagent/0.18.2"
67.164.73.238 - - [23/Sep/2015:19:42:49 -0700] "GET /images/wsis-logo-sm.png HTTP/1.1" 200 6108 "http://www.thebackcountry.net/" "Mozilla/5.0 (Macintosh; Intel Mac OS X 10_11) AppleWebKit/601.1.56 (KHTML, like Gecko) Version/9.0 Safari/601.1.56"
199.58.86.206 - - [23/Sep/2015:19:46:40 -0700] "GET /robots.txt HTTP/1.0" 200 338 "-" "Mozilla/5.0 (compatible; MJ12bot/v1.4.5; http://www.majestic12.co.uk/bot.php?+)"
199.58.86.206 - - [23/Sep/2015:19:46:41 -0700] "GET / HTTP/1.0" 200 6114 "-" "Mozilla/5.0 (compatible; MJ12bot/v1.4.5; http://www.majestic12.co.uk/bot.php?+)"
180.76.15.149 - - [23/Sep/2015:19:47:15 -0700] "GET / HTTP/1.1" 200 6114 "-" "Mozilla/5.0 (compatible; Baiduspider/2.0; +http://www.baidu.com/search/spider.html)"
208.115.111.66 - - [23/Sep/2015:19:48:07 -0700] "GET /resorts?resort=steamboat&date=2014-06-14 HTTP/1.1" 404 476 "-" "Mozilla/5.0 (compatible; DotBot/1.1; http://www.opensiteexplorer.org/dotbot, help@moz.com)"
208.115.111.66 - - [23/Sep/2015:19:48:09 -0700] "GET /resorts?resort=windham&date=2014-06-13 HTTP/1.1" 404 476 "-" "Mozilla/5.0 (compatible; DotBot/1.1; http://www.opensiteexplorer.org/dotbot, help@moz.com)"
180.76.15.18 - - [23/Sep/2015:19:48:18 -0700] "GET / HTTP/1.1" 200 6114 "-" "Mozilla/5.0 (compatible; Baiduspider/2.0; +http://www.baidu.com/search/spider.html)"
170.75.162.130 - - [23/Sep/2015:20:05:43 -0700] "GET /lib/reccapi.php?resort=stevenspass HTTP/1.1" 200 960 "-" "node-superagent/0.18.2"
170.75.162.130 - - [23/Sep/2015:20:14:04 -0700] "GET /lib/reccapi.php?resort=devilshead HTTP/1.1" 200 966 "-" "node-superagent/0.18.2"
170.75.162.130 - - [23/Sep/2015:20:23:55 -0700] "GET /lib/reccapi.php?resort=mountbachelor HTTP/1.1" 200 968 "-" "node-superagent/0.18.2"
107.77.75.18 - - [23/Sep/2015:20:42:25 -0700] "GET /images/wsis-logo-sm.png HTTP/1.1" 200 6108 "http://www.thebackcountry.net/" "Mozilla/5.0 (iPhone; CPU iPhone OS 9_0 like Mac OS X) AppleWebKit/601.1.46 (KHTML, like Gecko) Version/9.0 Mobile/13A344 Safari/601.1"
180.76.15.161 - - [23/Sep/2015:20:45:59 -0700] "GET / HTTP/1.1" 200 6114 "-" "Mozilla/5.0 (compatible; Baiduspider/2.0; +http://www.baidu.com/search/spider.html)"
180.76.15.22 - - [23/Sep/2015:20:46:55 -0700] "GET / HTTP/1.1" 200 6114 "-" "Mozilla/5.0 (compatible; Baiduspider/2.0; +http://www.baidu.com/search/spider.html)"
108.66.134.244 - - [23/Sep/2015:20:51:37 -0700] "GET /images/wsis-logo-sm.png HTTP/1.1" 200 6108 "http://www.thebackcountry.net/" "Mozilla/5.0 (iPad; CPU OS 7_1_1 like Mac OS X) AppleWebKit/537.51.2 (KHTML, like Gecko) Version/7.0 Mobile/11D201 Safari/9537.53"
107.77.75.18 - - [23/Sep/2015:20:55:12 -0700] "GET /images/wsis-logo-sm.png HTTP/1.1" 200 6108 "http://www.thebackcountry.net/" "Mozilla/5.0 (iPhone; CPU iPhone OS 9_0 like Mac OS X) AppleWebKit/601.1.46 (KHTML, like Gecko) Version/9.0 Mobile/13A344 Safari/601.1"
170.75.162.130 - - [23/Sep/2015:20:55:27 -0700] "GET /lib/reccapi.php?resort=mountspokane HTTP/1.1" 200 967 "-" "node-superagent/0.18.2"
170.75.162.130 - - [23/Sep/2015:21:01:28 -0700] "GET /lib/reccapi.php?resort=aspenheights HTTP/1.1" 200 1040 "-" "node-superagent/0.18.2"
170.75.162.130 - - [23/Sep/2015:21:04:18 -0700] "GET /lib/reccapi.php?resort=alyeska HTTP/1.1" 200 943 "-" "node-superagent/0.18.2"
170.75.162.130 - - [23/Sep/2015:21:04:18 -0700] "GET /lib/reccapi.php?resort=killington HTTP/1.1" 200 951 "-" "node-superagent/0.18.2"
66.249.79.143 - - [23/Sep/2015:21:06:26 -0700] "GET /robots.txt HTTP/1.1" 200 419 "-" "Mozilla/5.0 (compatible; Googlebot/2.1; +http://www.google.com/bot.html)"
66.249.79.157 - - [23/Sep/2015:21:06:26 -0700] "GET / HTTP/1.1" 200 2376 "-" "Mozilla/5.0 (iPhone; CPU iPhone OS 8_3 like Mac OS X) AppleWebKit/600.1.4 (KHTML, like Gecko) Version/8.0 Mobile/12F70 Safari/600.1.4 (compatible; Googlebot/2.1; +http://www.google.com/bot.html)"
170.75.162.130 - - [23/Sep/2015:21:10:19 -0700] "GET /lib/reccapi.php?resort=aspenmountain HTTP/1.1" 200 1023 "-" "node-superagent/0.18.2"
170.75.162.130 - - [23/Sep/2015:21:17:09 -0700] "GET /lib/reccapi.php?resort=bigsky HTTP/1.1" 200 973 "-" "node-superagent/0.18.2"
207.46.13.118 - - [23/Sep/2015:21:21:52 -0700] "GET /robots.txt HTTP/1.1" 200 375 "-" "Mozilla/5.0 (compatible; bingbot/2.0; +http://www.bing.com/bingbot.htm)"
173.219.119.217 - - [23/Sep/2015:21:29:26 -0700] "GET /images/wsis-logo-sm.png HTTP/1.1" 200 6108 "http://www.thebackcountry.net/" "Mozilla/5.0 (Macintosh; Intel Mac OS X 10_6_8) AppleWebKit/534.59.10 (KHTML, like Gecko) Version/5.1.9 Safari/534.59.10"
207.46.13.118 - - [23/Sep/2015:21:30:05 -0700] "GET / HTTP/1.1" 200 2376 "-" "Mozilla/5.0 (compatible; bingbot/2.0; +http://www.bing.com/bingbot.htm)"
157.55.39.219 - - [23/Sep/2015:21:30:21 -0700] "GET /robots.txt HTTP/1.1" 200 375 "-" "Mozilla/5.0 (compatible; bingbot/2.0; +http://www.bing.com/bingbot.htm)"
170.75.162.130 - - [23/Sep/2015:21:42:51 -0700] "GET /lib/reccapi.php?resort=grandtarghee HTTP/1.1" 200 983 "-" "node-superagent/0.18.2"
170.75.162.130 - - [23/Sep/2015:21:42:51 -0700] "GET /lib/reccapi.php?resort=bigwhite HTTP/1.1" 200 914 "-" "node-superagent/0.18.2"
170.75.162.130 - - [23/Sep/2015:21:43:51 -0700] "GET /lib/reccapi.php?resort=diamondpeak HTTP/1.1" 200 933 "-" "node-superagent/0.18.2"
180.76.15.9 - - [23/Sep/2015:21:43:57 -0700] "GET / HTTP/1.1" 200 6114 "-" "Mozilla/5.0 (compatible; Baiduspider/2.0; +http://www.baidu.com/search/spider.html)"
170.75.162.130 - - [23/Sep/2015:21:44:01 -0700] "GET /lib/reccapi.php?resort=hoodoo HTTP/1.1" 200 971 "-" "node-superagent/0.18.2"
180.76.15.20 - - [23/Sep/2015:21:44:51 -0700] "GET / HTTP/1.1" 200 6114 "-" "Mozilla/5.0 (compatible; Baiduspider/2.0; +http://www.baidu.com/search/spider.html)"
170.75.162.130 - - [23/Sep/2015:21:44:52 -0700] "GET /lib/reccapi.php?resort=mounthoodmeadows HTTP/1.1" 200 995 "-" "node-superagent/0.18.2"
170.75.162.130 - - [23/Sep/2015:21:44:52 -0700] "GET /lib/reccapi.php?resort=redmountain HTTP/1.1" 200 902 "-" "node-superagent/0.18.2"
170.75.162.130 - - [23/Sep/2015:21:44:52 -0700] "GET /lib/reccapi.php?resort=silverstarmountain HTTP/1.1" 200 928 "-" "node-superagent/0.18.2"
170.75.162.130 - - [23/Sep/2015:21:45:22 -0700] "GET /lib/reccapi.php?resort=snowbird HTTP/1.1" 200 975 "-" "node-superagent/0.18.2"
170.75.162.130 - - [23/Sep/2015:21:45:52 -0700] "GET /lib/reccapi.php?resort=sunvalley HTTP/1.1" 200 990 "-" "node-superagent/0.18.2"
170.75.162.130 - - [23/Sep/2015:21:46:12 -0700] "GET /lib/reccapi.php?resort=sunpeaksresort HTTP/1.1" 200 913 "-" "node-superagent/0.18.2"
170.75.162.130 - - [23/Sep/2015:21:50:02 -0700] "GET /lib/reccapi.php?resort=alta HTTP/1.1" 200 967 "-" "node-superagent/0.18.2"
170.75.162.130 - - [23/Sep/2015:21:50:02 -0700] "GET /lib/reccapi.php?resort=brianhead HTTP/1.1" 200 1019 "-" "node-superagent/0.18.2"
170.75.162.130 - - [23/Sep/2015:21:50:02 -0700] "GET /lib/reccapi.php?resort=brighton HTTP/1.1" 200 965 "-" "node-superagent/0.18.2"
170.75.162.130 - - [23/Sep/2015:21:50:02 -0700] "GET /lib/reccapi.php?resort=parkcity HTTP/1.1" 200 1006 "-" "node-superagent/0.18.2"
170.75.162.130 - - [23/Sep/2015:21:50:03 -0700] "GET /lib/reccapi.php?resort=snowbasin HTTP/1.1" 200 963 "-" "node-superagent/0.18.2"
170.75.162.130 - - [23/Sep/2015:21:54:22 -0700] "GET /lib/reccapi.php?resort=telluride HTTP/1.1" 200 1000 "-" "node-superagent/0.18.2"
157.55.39.219 - - [23/Sep/2015:22:17:05 -0700] "GET /about HTTP/1.1" 404 506 "-" "Mozilla/5.0 (compatible; bingbot/2.0; +http://www.bing.com/bingbot.htm)"
68.72.217.42 - - [23/Sep/2015:22:20:24 -0700] "GET /images/wsis-logo-sm.png HTTP/1.1" 200 6108 "http://www.thebackcountry.net/" "Mozilla/5.0 (iPad; CPU OS 7_0_4 like Mac OS X) AppleWebKit/537.51.1 (KHTML, like Gecko) Version/7.0 Mobile/11B554a Safari/9537.53"
170.75.162.130 - - [23/Sep/2015:22:52:57 -0700] "GET /lib/reccapi.php?resort=steamboat HTTP/1.1" 200 966 "-" "node-superagent/0.18.2"
170.75.162.130 - - [23/Sep/2015:23:03:08 -0700] "GET /lib/reccapi.php?resort=49degreesnorth HTTP/1.1" 200 992 "-" "node-superagent/0.18.2"
170.75.162.130 - - [23/Sep/2015:23:04:08 -0700] "GET /lib/reccapi.php?resort=sierra-at-tahoe HTTP/1.1" 200 959 "-" "node-superagent/0.18.2"
170.75.162.130 - - [23/Sep/2015:23:04:28 -0700] "GET /lib/reccapi.php?resort=chinapeak HTTP/1.1" 200 980 "-" "node-superagent/0.18.2"
170.75.162.130 - - [23/Sep/2015:23:04:38 -0700] "GET /lib/reccapi.php?resort=schweitzer HTTP/1.1" 200 960 "-" "node-superagent/0.18.2"
170.75.162.130 - - [23/Sep/2015:23:05:08 -0700] "GET /lib/reccapi.php?resort=sugarbowl HTTP/1.1" 200 947 "-" "node-superagent/0.18.2"
123.125.71.76 - - [23/Sep/2015:23:08:26 -0700] "GET / HTTP/1.1" 200 2339 "-" "Mozilla/5.0 (compatible; Baiduspider/2.0; +http://www.baidu.com/search/spider.html)"
170.75.162.130 - - [23/Sep/2015:23:10:28 -0700] "GET /lib/reccapi.php?resort=taos HTTP/1.1" 200 981 "-" "node-superagent/0.18.2"
170.75.162.130 - - [23/Sep/2015:23:12:28 -0700] "GET /lib/reccapi.php?resort=buttermilk HTTP/1.1" 200 1022 "-" "node-superagent/0.18.2"
170.75.162.130 - - [23/Sep/2015:23:12:28 -0700] "GET /lib/reccapi.php?resort=loveland HTTP/1.1" 200 1013 "-" "node-superagent/0.18.2"
170.75.162.130 - - [23/Sep/2015:23:12:28 -0700] "GET /lib/reccapi.php?resort=crestedbutte HTTP/1.1" 200 1016 "-" "node-superagent/0.18.2"
170.75.162.130 - - [23/Sep/2015:23:12:28 -0700] "GET /lib/reccapi.php?resort=snowmass HTTP/1.1" 200 1013 "-" "node-superagent/0.18.2"
170.75.162.130 - - [23/Sep/2015:23:12:28 -0700] "GET /lib/reccapi.php?resort=monarch HTTP/1.1" 200 1000 "-" "node-superagent/0.18.2"
170.75.162.130 - - [23/Sep/2015:23:12:29 -0700] "GET /lib/reccapi.php?resort=winterpark HTTP/1.1" 200 1006 "-" "node-superagent/0.18.2"
66.249.73.167 - - [23/Sep/2015:23:24:48 -0700] "GET /robots.txt HTTP/1.1" 200 419 "-" "Mozilla/5.0 (compatible; Googlebot/2.1; +http://www.google.com/bot.html)"
66.249.73.167 - - [23/Sep/2015:23:24:48 -0700] "GET /resorts?resort=bigwhite HTTP/1.1" 404 505 "-" "Mozilla/5.0 (compatible; Googlebot/2.1; +http://www.google.com/bot.html)"
93.51.163.134 - - [23/Sep/2015:23:28:54 -0700] "GET / HTTP/1.1" 200 2376 "http://buttons-for-website.com" "Mozilla/5.0 (Windows NT 6.1; WOW64) AppleWebKit/537.36 (KHTML, like Gecko) Chrome/36.0.1985.143 Safari/537.36"
93.51.163.134 - - [23/Sep/2015:23:28:55 -0700] "GET /styles/0fffd548.main.css HTTP/1.1" 200 19316 "http://whereshouldiski.com/" "Mozilla/5.0 (Windows NT 6.1; WOW64) AppleWebKit/537.36 (KHTML, like Gecko) Chrome/36.0.1985.143 Safari/537.36"
93.51.163.134 - - [23/Sep/2015:23:28:55 -0700] "GET /bower_components/requirejs/require.js HTTP/1.1" 200 6702 "http://whereshouldiski.com/" "Mozilla/5.0 (Windows NT 6.1; WOW64) AppleWebKit/537.36 (KHTML, like Gecko) Chrome/36.0.1985.143 Safari/537.36"
93.51.163.134 - - [23/Sep/2015:23:28:56 -0700] "GET /scripts/scripts/vendor/modernizr.js HTTP/1.1" 200 4903 "http://whereshouldiski.com/" "Mozilla/5.0 (Windows NT 6.1; WOW64) AppleWebKit/537.36 (KHTML, like Gecko) Chrome/36.0.1985.143 Safari/537.36"
66.249.73.167 - - [23/Sep/2015:23:29:21 -0700] "GET /resorts?resort=gore&date=2014-02-22 HTTP/1.1" 404 506 "-" "Mozilla/5.0 (iPhone; CPU iPhone OS 8_3 like Mac OS X) AppleWebKit/600.1.4 (KHTML, like Gecko) Version/8.0 Mobile/12F70 Safari/600.1.4 (compatible; Googlebot/2.1; +http://www.google.com/bot.html)"
66.71.247.94 - - [23/Sep/2015:23:32:54 -0700] "GET /phpmyadmin2/scripts/setup.php HTTP/1.0" 404 518 "-" "-"
124.188.109.216 - - [23/Sep/2015:23:41:20 -0700] "GET /images/wsis-logo-sm.png HTTP/1.1" 200 6108 "http://www.thebackcountry.net/" "Mozilla/5.0 (Windows NT 10.0; WOW64) AppleWebKit/537.36 (KHTML, like Gecko) Chrome/45.0.2454.93 Safari/537.36"
61.240.144.64 - - [23/Sep/2015:23:48:15 -0700] "GET / HTTP/1.0" 200 3300 "-" "masscan/1.0 (https://github.com/robertdavidgraham/masscan)"
180.76.15.141 - - [23/Sep/2015:23:57:28 -0700] "GET / HTTP/1.1" 200 6114 "-" "Mozilla/5.0 (compatible; Baiduspider/2.0; +http://www.baidu.com/search/spider.html)"
180.76.15.15 - - [23/Sep/2015:23:57:56 -0700] "GET / HTTP/1.1" 200 6114 "-" "Mozilla/5.0 (compatible; Baiduspider/2.0; +http://www.baidu.com/search/spider.html)"
91.196.50.33 - - [24/Sep/2015:00:04:39 -0700] "GET http://testp4.pospr.waw.pl/testproxy.php HTTP/1.1" 404 448 "-" "Mozilla/5.0 (Windows NT 5.1; rv:32.0) Gecko/20100101 Firefox/31.0"
46.151.52.61 - - [24/Sep/2015:00:11:36 -0700] "GET / HTTP/1.0" 200 6114 "http://whereshouldiski.com/" "Mozilla/5.0 (Windows NT 6.1; rv:37.0) Gecko/20100101 Firefox/37.0"
46.151.52.61 - - [24/Sep/2015:00:11:36 -0700] "GET / HTTP/1.0" 200 6114 "http://whereshouldiski.com/" "Mozilla/5.0 (Windows NT 6.1; rv:37.0) Gecko/20100101 Firefox/37.0"
170.75.162.130 - - [24/Sep/2015:00:11:53 -0700] "GET /lib/reccapi.php?resort=sugarbush HTTP/1.1" 200 952 "-" "node-superagent/0.18.2"
170.75.162.130 - - [24/Sep/2015:00:27:15 -0700] "GET /lib/reccapi.php?resort=alpinemeadows HTTP/1.1" 200 967 "-" "node-superagent/0.18.2"
170.75.162.130 - - [24/Sep/2015:00:27:15 -0700] "GET /lib/reccapi.php?resort=heavenly HTTP/1.1" 200 968 "-" "node-superagent/0.18.2"
170.75.162.130 - - [24/Sep/2015:00:27:15 -0700] "GET /lib/reccapi.php?resort=homewoodmountain HTTP/1.1" 200 973 "-" "node-superagent/0.18.2"
