76.127.80.89 - - [30/Aug/2015:17:02:06 -0700] "GET /images/wsis-logo-sm.png HTTP/1.1" 200 6108 "http://www.thebackcountry.net/" "Mozilla/5.0 (Macintosh; Intel Mac OS X 10_9_5) AppleWebKit/537.36 (KHTML, like Gecko) Chrome/44.0.2403.155 Safari/537.36"
75.137.218.66 - - [30/Aug/2015:17:04:49 -0700] "GET /images/wsis-logo-sm.png HTTP/1.1" 200 6108 "http://www.thebackcountry.net/" "Mozilla/5.0 (iPad; CPU OS 8_1_3 like Mac OS X) AppleWebKit/600.1.4 (KHTML, like Gecko) Version/8.0 Mobile/12B466 Safari/600.1.4"
123.125.71.87 - - [30/Aug/2015:17:05:28 -0700] "-" 408 0 "-" "-"
62.210.69.173 - - [30/Aug/2015:17:07:45 -0700] "GET / HTTP/1.1" 200 6114 "-" "Mozilla/5.0 (Windows NT 5.1)"
66.249.79.234 - - [30/Aug/2015:17:09:00 -0700] "GET /resorts?resort=mountspokane&date=2014-02-11 HTTP/1.1" 404 506 "-" "Mozilla/5.0 (iPhone; CPU iPhone OS 8_3 like Mac OS X) AppleWebKit/600.1.4 (KHTML, like Gecko) Version/8.0 Mobile/12F70 Safari/600.1.4 (compatible; Googlebot/2.1; +http://www.google.com/bot.html)"
24.180.42.232 - - [30/Aug/2015:17:10:28 -0700] "GET /images/wsis-logo-sm.png HTTP/1.1" 200 6108 "http://www.thebackcountry.net/" "Mozilla/5.0 (Windows NT 6.1; WOW64; rv:40.0) Gecko/20100101 Firefox/40.0"
220.181.108.161 - - [30/Aug/2015:17:12:48 -0700] "-" 408 0 "-" "-"
170.75.162.130 - - [30/Aug/2015:17:13:41 -0700] "GET /lib/reccapi.php?resort=deervalley HTTP/1.1" 200 688 "-" "node-superagent/0.18.2"
50.152.0.99 - - [30/Aug/2015:17:14:02 -0700] "GET /images/wsis-logo-sm.png HTTP/1.1" 200 6108 "http://www.thebackcountry.net/" "Mozilla/5.0 (Macintosh; Intel Mac OS X 10_10_5) AppleWebKit/537.36 (KHTML, like Gecko) Chrome/44.0.2403.157 Safari/537.36"
66.249.79.234 - - [30/Aug/2015:17:18:44 -0700] "GET /resorts?resort=turnermountain&date=2012-12-18 HTTP/1.1" 404 506 "-" "Mozilla/5.0 (iPhone; CPU iPhone OS 8_3 like Mac OS X) AppleWebKit/600.1.4 (KHTML, like Gecko) Version/8.0 Mobile/12F70 Safari/600.1.4 (compatible; Googlebot/2.1; +http://www.google.com/bot.html)"
66.249.79.234 - - [30/Aug/2015:17:28:29 -0700] "GET /resorts?resort=parkcity&date=2013-12-10 HTTP/1.1" 404 506 "-" "Mozilla/5.0 (iPhone; CPU iPhone OS 8_3 like Mac OS X) AppleWebKit/600.1.4 (KHTML, like Gecko) Version/8.0 Mobile/12F70 Safari/600.1.4 (compatible; Googlebot/2.1; +http://www.google.com/bot.html)"
180.76.15.149 - - [30/Aug/2015:17:33:52 -0700] "GET / HTTP/1.1" 200 6114 "-" "Mozilla/5.0 (compatible; Baiduspider/2.0; +http://www.baidu.com/search/spider.html)"
76.104.164.81 - - [30/Aug/2015:17:34:09 -0700] "GET /images/wsis-logo-sm.png HTTP/1.1" 200 6108 "http://www.thebackcountry.net/" "Mozilla/5.0 (Windows NT 10.0; WOW64) AppleWebKit/537.36 (KHTML, like Gecko) Chrome/44.0.2403.157 Safari/537.36"
180.76.15.161 - - [30/Aug/2015:17:34:19 -0700] "GET / HTTP/1.1" 200 6114 "-" "Mozilla/5.0 (compatible; Baiduspider/2.0; +http://www.baidu.com/search/spider.html)"
66.249.79.234 - - [30/Aug/2015:17:38:15 -0700] "GET /resorts?resort=49degreesnorth&date=2014-02-03 HTTP/1.1" 404 506 "-" "Mozilla/5.0 (iPhone; CPU iPhone OS 8_3 like Mac OS X) AppleWebKit/600.1.4 (KHTML, like Gecko) Version/8.0 Mobile/12F70 Safari/600.1.4 (compatible; Googlebot/2.1; +http://www.google.com/bot.html)"
170.75.162.130 - - [30/Aug/2015:17:41:03 -0700] "GET /lib/reccapi.php?resort=homewoodmountain HTTP/1.1" 200 684 "-" "node-superagent/0.18.2"
206.127.114.231 - - [30/Aug/2015:17:47:57 -0700] "GET /images/wsis-logo-sm.png HTTP/1.1" 200 6108 "http://www.thebackcountry.net/" "Mozilla/5.0 (Macintosh; Intel Mac OS X 10_9_5) AppleWebKit/600.6.3 (KHTML, like Gecko) Version/7.1.6 Safari/537.85.15"
66.249.79.227 - - [30/Aug/2015:17:47:59 -0700] "GET /resorts?resort=redlodge&date=2013-12-31 HTTP/1.1" 404 506 "-" "Mozilla/5.0 (iPhone; CPU iPhone OS 8_3 like Mac OS X) AppleWebKit/600.1.4 (KHTML, like Gecko) Version/8.0 Mobile/12F70 Safari/600.1.4 (compatible; Googlebot/2.1; +http://www.google.com/bot.html)"
75.25.116.150 - - [30/Aug/2015:17:51:36 -0700] "GET /images/wsis-logo-sm.png HTTP/1.1" 200 6108 "http://www.thebackcountry.net/" "Mozilla/5.0 (iPad; CPU OS 8_4 like Mac OS X) AppleWebKit/600.1.4 (KHTML, like Gecko) Version/8.0 Mobile/12H143 Safari/600.1.4"
75.111.107.108 - - [30/Aug/2015:17:53:01 -0700] "GET /images/wsis-logo-sm.png HTTP/1.1" 200 6108 "http://www.thebackcountry.net/" "Mozilla/5.0 (Windows NT 6.1; WOW64) AppleWebKit/537.36 (KHTML, like Gecko) Chrome/44.0.2403.157 Safari/537.36"
66.249.79.227 - - [30/Aug/2015:17:57:44 -0700] "GET /resorts?resort=maverickmountain&date=2013-12-19 HTTP/1.1" 404 506 "-" "Mozilla/5.0 (iPhone; CPU iPhone OS 8_3 like Mac OS X) AppleWebKit/600.1.4 (KHTML, like Gecko) Version/8.0 Mobile/12F70 Safari/600.1.4 (compatible; Googlebot/2.1; +http://www.google.com/bot.html)"
170.75.162.130 - - [30/Aug/2015:18:03:15 -0700] "GET /lib/reccapi.php?resort=northstar-at-tahoe HTTP/1.1" 200 668 "-" "node-superagent/0.18.2"
170.75.162.130 - - [30/Aug/2015:18:06:25 -0700] "GET /lib/reccapi.php?resort=alpinemeadows HTTP/1.1" 200 678 "-" "node-superagent/0.18.2"
66.249.79.227 - - [30/Aug/2015:18:07:33 -0700] "GET /resorts?resort=beavermountain&date=2013-04-06 HTTP/1.1" 404 506 "-" "Mozilla/5.0 (iPhone; CPU iPhone OS 8_3 like Mac OS X) AppleWebKit/600.1.4 (KHTML, like Gecko) Version/8.0 Mobile/12F70 Safari/600.1.4 (compatible; Googlebot/2.1; +http://www.google.com/bot.html)"
107.3.169.75 - - [30/Aug/2015:18:14:01 -0700] "GET /images/wsis-logo-sm.png HTTP/1.1" 200 6108 "http://www.thebackcountry.net/" "Mozilla/5.0 (iPad; CPU OS 8_4_1 like Mac OS X) AppleWebKit/600.1.4 (KHTML, like Gecko) Version/8.0 Mobile/12H321 Safari/600.1.4"
66.249.79.234 - - [30/Aug/2015:18:27:15 -0700] "GET /resorts?resort=showdown&date=2014-01-31 HTTP/1.1" 404 506 "-" "Mozilla/5.0 (iPhone; CPU iPhone OS 8_3 like Mac OS X) AppleWebKit/600.1.4 (KHTML, like Gecko) Version/8.0 Mobile/12F70 Safari/600.1.4 (compatible; Googlebot/2.1; +http://www.google.com/bot.html)"
75.111.109.159 - - [30/Aug/2015:18:35:07 -0700] "GET /images/wsis-logo-sm.png HTTP/1.1" 200 6108 "http://www.thebackcountry.net/" "Mozilla/5.0 (Windows NT 5.1) AppleWebKit/537.36 (KHTML, like Gecko) Chrome/44.0.2403.157 Safari/537.36"
157.55.39.37 - - [30/Aug/2015:18:36:08 -0700] "GET /robots.txt HTTP/1.1" 200 419 "-" "Mozilla/5.0 (compatible; bingbot/2.0; +http://www.bing.com/bingbot.htm)"
170.75.162.130 - - [30/Aug/2015:18:36:48 -0700] "GET /lib/reccapi.php?resort=alyeska HTTP/1.1" 200 654 "-" "node-superagent/0.18.2"
170.75.162.130 - - [30/Aug/2015:18:36:48 -0700] "GET /lib/reccapi.php?resort=49degreesnorth HTTP/1.1" 200 688 "-" "node-superagent/0.18.2"
170.75.162.130 - - [30/Aug/2015:18:36:48 -0700] "GET /lib/reccapi.php?resort=angelfire HTTP/1.1" 200 685 "-" "node-superagent/0.18.2"
170.75.162.130 - - [30/Aug/2015:18:36:48 -0700] "GET /lib/reccapi.php?resort=bigsky HTTP/1.1" 200 671 "-" "node-superagent/0.18.2"
170.75.162.130 - - [30/Aug/2015:18:36:48 -0700] "GET /lib/reccapi.php?resort=brianhead HTTP/1.1" 200 678 "-" "node-superagent/0.18.2"
170.75.162.130 - - [30/Aug/2015:18:36:48 -0700] "GET /lib/reccapi.php?resort=brighton HTTP/1.1" 200 660 "-" "node-superagent/0.18.2"
170.75.162.130 - - [30/Aug/2015:18:36:48 -0700] "GET /lib/reccapi.php?resort=alta HTTP/1.1" 200 655 "-" "node-superagent/0.18.2"
66.249.79.227 - - [30/Aug/2015:18:36:59 -0700] "GET /resorts?resort=moonlightbasin&date=2014-02-09 HTTP/1.1" 404 506 "-" "Mozilla/5.0 (iPhone; CPU iPhone OS 8_3 like Mac OS X) AppleWebKit/600.1.4 (KHTML, like Gecko) Version/8.0 Mobile/12F70 Safari/600.1.4 (compatible; Googlebot/2.1; +http://www.google.com/bot.html)"
170.75.162.130 - - [30/Aug/2015:18:37:48 -0700] "GET /lib/reccapi.php?resort=canyons HTTP/1.1" 200 653 "-" "node-superagent/0.18.2"
170.75.162.130 - - [30/Aug/2015:18:37:48 -0700] "GET /lib/reccapi.php?resort=diamondpeak HTTP/1.1" 200 650 "-" "node-superagent/0.18.2"
170.75.162.130 - - [30/Aug/2015:18:37:48 -0700] "GET /lib/reccapi.php?resort=grandtarghee HTTP/1.1" 200 681 "-" "node-superagent/0.18.2"
170.75.162.130 - - [30/Aug/2015:18:37:48 -0700] "GET /lib/reccapi.php?resort=crystalmountain HTTP/1.1" 200 677 "-" "node-superagent/0.18.2"
170.75.162.130 - - [30/Aug/2015:18:37:48 -0700] "GET /lib/reccapi.php?resort=chinapeak HTTP/1.1" 200 682 "-" "node-superagent/0.18.2"
170.75.162.130 - - [30/Aug/2015:18:37:58 -0700] "GET /lib/reccapi.php?resort=jaypeak HTTP/1.1" 200 685 "-" "node-superagent/0.18.2"
170.75.162.130 - - [30/Aug/2015:18:38:18 -0700] "GET /lib/reccapi.php?resort=sunvalley HTTP/1.1" 200 677 "-" "node-superagent/0.18.2"
170.75.162.130 - - [30/Aug/2015:18:38:18 -0700] "GET /lib/reccapi.php?resort=whistlerblackcomb HTTP/1.1" 200 687 "-" "node-superagent/0.18.2"
170.75.162.130 - - [30/Aug/2015:18:38:38 -0700] "GET /lib/reccapi.php?resort=hoodoo HTTP/1.1" 200 664 "-" "node-superagent/0.18.2"
170.75.162.130 - - [30/Aug/2015:18:38:49 -0700] "GET /lib/reccapi.php?resort=taos HTTP/1.1" 200 645 "-" "node-superagent/0.18.2"
170.75.162.130 - - [30/Aug/2015:18:39:09 -0700] "GET /lib/reccapi.php?resort=killington HTTP/1.1" 200 667 "-" "node-superagent/0.18.2"
170.75.162.130 - - [30/Aug/2015:18:39:19 -0700] "GET /lib/reccapi.php?resort=madriverglen HTTP/1.1" 200 669 "-" "node-superagent/0.18.2"
170.75.162.130 - - [30/Aug/2015:18:39:19 -0700] "GET /lib/reccapi.php?resort=mountspokane HTTP/1.1" 200 691 "-" "node-superagent/0.18.2"
170.75.162.130 - - [30/Aug/2015:18:39:29 -0700] "GET /lib/reccapi.php?resort=mountbachelor HTTP/1.1" 200 686 "-" "node-superagent/0.18.2"
170.75.162.130 - - [30/Aug/2015:18:39:29 -0700] "GET /lib/reccapi.php?resort=mountainhigh HTTP/1.1" 200 691 "-" "node-superagent/0.18.2"
170.75.162.130 - - [30/Aug/2015:18:39:39 -0700] "GET /lib/reccapi.php?resort=snowbasin HTTP/1.1" 200 662 "-" "node-superagent/0.18.2"
170.75.162.130 - - [30/Aug/2015:18:39:49 -0700] "GET /lib/reccapi.php?resort=solitude HTTP/1.1" 200 654 "-" "node-superagent/0.18.2"
170.75.162.130 - - [30/Aug/2015:18:40:09 -0700] "GET /lib/reccapi.php?resort=stevenspass HTTP/1.1" 200 673 "-" "node-superagent/0.18.2"
170.75.162.130 - - [30/Aug/2015:18:40:09 -0700] "GET /lib/reccapi.php?resort=stowe HTTP/1.1" 200 653 "-" "node-superagent/0.18.2"
170.75.162.130 - - [30/Aug/2015:18:40:19 -0700] "GET /lib/reccapi.php?resort=sugarbowl HTTP/1.1" 200 666 "-" "node-superagent/0.18.2"
170.75.162.130 - - [30/Aug/2015:18:40:19 -0700] "GET /lib/reccapi.php?resort=sugarbush HTTP/1.1" 200 672 "-" "node-superagent/0.18.2"
170.75.162.130 - - [30/Aug/2015:18:40:29 -0700] "GET /lib/reccapi.php?resort=sunpeaksresort HTTP/1.1" 200 675 "-" "node-superagent/0.18.2"
170.75.162.130 - - [30/Aug/2015:18:40:29 -0700] "GET /lib/reccapi.php?resort=squawvalleyusa HTTP/1.1" 200 684 "-" "node-superagent/0.18.2"
170.75.162.130 - - [30/Aug/2015:18:40:49 -0700] "GET /lib/reccapi.php?resort=mounthoodmeadows HTTP/1.1" 200 690 "-" "node-superagent/0.18.2"
170.75.162.130 - - [30/Aug/2015:18:40:59 -0700] "GET /lib/reccapi.php?resort=redlodge HTTP/1.1" 200 709 "-" "node-superagent/0.18.2"
170.75.162.130 - - [30/Aug/2015:18:40:59 -0700] "GET /lib/reccapi.php?resort=parkcity HTTP/1.1" 200 683 "-" "node-superagent/0.18.2"
170.75.162.130 - - [30/Aug/2015:18:41:09 -0700] "GET /lib/reccapi.php?resort=redmountain HTTP/1.1" 200 666 "-" "node-superagent/0.18.2"
170.75.162.130 - - [30/Aug/2015:18:41:09 -0700] "GET /lib/reccapi.php?resort=schweitzer HTTP/1.1" 200 660 "-" "node-superagent/0.18.2"
170.75.162.130 - - [30/Aug/2015:18:41:19 -0700] "GET /lib/reccapi.php?resort=smugglersnotch HTTP/1.1" 200 674 "-" "node-superagent/0.18.2"
170.75.162.130 - - [30/Aug/2015:18:41:29 -0700] "GET /lib/reccapi.php?resort=silverstarmountain HTTP/1.1" 200 688 "-" "node-superagent/0.18.2"
170.75.162.130 - - [30/Aug/2015:18:41:29 -0700] "GET /lib/reccapi.php?resort=mtrose HTTP/1.1" 200 653 "-" "node-superagent/0.18.2"
173.221.184.30 - - [30/Aug/2015:18:46:33 -0700] "GET / HTTP/1.1" 200 2376 "https://www.google.com/" "Mozilla/5.0 (Windows NT 6.1; WOW64) AppleWebKit/537.36 (KHTML, like Gecko) Chrome/44.0.2403.157 Safari/537.36"
173.221.184.30 - - [30/Aug/2015:18:46:33 -0700] "GET /scripts/scripts/vendor/modernizr.js HTTP/1.1" 200 4903 "http://whereshouldiski.com/" "Mozilla/5.0 (Windows NT 6.1; WOW64) AppleWebKit/537.36 (KHTML, like Gecko) Chrome/44.0.2403.157 Safari/537.36"
173.221.184.30 - - [30/Aug/2015:18:46:33 -0700] "GET /styles/0fffd548.main.css HTTP/1.1" 200 19316 "http://whereshouldiski.com/" "Mozilla/5.0 (Windows NT 6.1; WOW64) AppleWebKit/537.36 (KHTML, like Gecko) Chrome/44.0.2403.157 Safari/537.36"
173.221.184.30 - - [30/Aug/2015:18:46:33 -0700] "GET /images/logo-sm.png HTTP/1.1" 200 16737 "http://whereshouldiski.com/" "Mozilla/5.0 (Windows NT 6.1; WOW64) AppleWebKit/537.36 (KHTML, like Gecko) Chrome/44.0.2403.157 Safari/537.36"
173.221.184.30 - - [30/Aug/2015:18:46:33 -0700] "GET /images/loading.gif HTTP/1.1" 200 13882 "http://whereshouldiski.com/" "Mozilla/5.0 (Windows NT 6.1; WOW64) AppleWebKit/537.36 (KHTML, like Gecko) Chrome/44.0.2403.157 Safari/537.36"
173.221.184.30 - - [30/Aug/2015:18:46:33 -0700] "GET /bower_components/requirejs/require.js HTTP/1.1" 200 6702 "http://whereshouldiski.com/" "Mozilla/5.0 (Windows NT 6.1; WOW64) AppleWebKit/537.36 (KHTML, like Gecko) Chrome/44.0.2403.157 Safari/537.36"
173.221.184.30 - - [30/Aug/2015:18:46:34 -0700] "GET /favicon.ico HTTP/1.1" 200 1475 "http://whereshouldiski.com/" "Mozilla/5.0 (Windows NT 6.1; WOW64) AppleWebKit/537.36 (KHTML, like Gecko) Chrome/44.0.2403.157 Safari/537.36"
173.221.184.30 - - [30/Aug/2015:18:46:34 -0700] "GET /scripts/fa48e319.main.js HTTP/1.1" 200 123455 "http://whereshouldiski.com/" "Mozilla/5.0 (Windows NT 6.1; WOW64) AppleWebKit/537.36 (KHTML, like Gecko) Chrome/44.0.2403.157 Safari/537.36"
173.221.184.30 - - [30/Aug/2015:18:46:35 -0700] "GET /lib/reccapi.php?fields=t HTTP/1.1" 200 1113 "http://whereshouldiski.com/" "Mozilla/5.0 (Windows NT 6.1; WOW64) AppleWebKit/537.36 (KHTML, like Gecko) Chrome/44.0.2403.157 Safari/537.36"
173.221.184.30 - - [30/Aug/2015:18:46:35 -0700] "GET /images/greyHeader.png HTTP/1.1" 200 508 "http://whereshouldiski.com/styles/0fffd548.main.css" "Mozilla/5.0 (Windows NT 6.1; WOW64) AppleWebKit/537.36 (KHTML, like Gecko) Chrome/44.0.2403.157 Safari/537.36"
173.221.184.30 - - [30/Aug/2015:18:46:35 -0700] "GET /images/button.png HTTP/1.1" 200 598 "http://whereshouldiski.com/styles/0fffd548.main.css" "Mozilla/5.0 (Windows NT 6.1; WOW64) AppleWebKit/537.36 (KHTML, like Gecko) Chrome/44.0.2403.157 Safari/537.36"
173.221.184.30 - - [30/Aug/2015:18:46:35 -0700] "GET /images/snowflake5.png HTTP/1.1" 200 2857 "http://whereshouldiski.com/styles/0fffd548.main.css" "Mozilla/5.0 (Windows NT 6.1; WOW64) AppleWebKit/537.36 (KHTML, like Gecko) Chrome/44.0.2403.157 Safari/537.36"
173.221.184.30 - - [30/Aug/2015:18:46:35 -0700] "GET /images/star5.png HTTP/1.1" 200 1783 "http://whereshouldiski.com/styles/0fffd548.main.css" "Mozilla/5.0 (Windows NT 6.1; WOW64) AppleWebKit/537.36 (KHTML, like Gecko) Chrome/44.0.2403.157 Safari/537.36"
173.221.184.30 - - [30/Aug/2015:18:46:35 -0700] "GET /images/bluebird5.png HTTP/1.1" 200 2178 "http://whereshouldiski.com/styles/0fffd548.main.css" "Mozilla/5.0 (Windows NT 6.1; WOW64) AppleWebKit/537.36 (KHTML, like Gecko) Chrome/44.0.2403.157 Safari/537.36"
173.221.184.30 - - [30/Aug/2015:18:46:35 -0700] "GET /images/mtns-icon.png HTTP/1.1" 200 1096 "http://whereshouldiski.com/styles/0fffd548.main.css" "Mozilla/5.0 (Windows NT 6.1; WOW64) AppleWebKit/537.36 (KHTML, like Gecko) Chrome/44.0.2403.157 Safari/537.36"
173.221.184.30 - - [30/Aug/2015:18:46:35 -0700] "GET /images/shading-icon.png HTTP/1.1" 200 536 "http://whereshouldiski.com/styles/0fffd548.main.css" "Mozilla/5.0 (Windows NT 6.1; WOW64) AppleWebKit/537.36 (KHTML, like Gecko) Chrome/44.0.2403.157 Safari/537.36"
66.249.79.220 - - [30/Aug/2015:18:46:46 -0700] "GET /resorts?resort=snowbird&date=2014-01-29 HTTP/1.1" 404 506 "-" "Mozilla/5.0 (iPhone; CPU iPhone OS 8_3 like Mac OS X) AppleWebKit/600.1.4 (KHTML, like Gecko) Version/8.0 Mobile/12F70 Safari/600.1.4 (compatible; Googlebot/2.1; +http://www.google.com/bot.html)"
127.0.0.1 - - [30/Aug/2015:18:46:51 -0700] "OPTIONS * HTTP/1.0" 200 126 "-" "Apache/2.2.22 (Ubuntu) (internal dummy connection)"
180.76.15.19 - - [30/Aug/2015:18:48:03 -0700] "GET / HTTP/1.1" 200 6114 "-" "Mozilla/5.0 (compatible; Baiduspider/2.0; +http://www.baidu.com/search/spider.html)"
180.76.15.150 - - [30/Aug/2015:18:49:08 -0700] "GET / HTTP/1.1" 200 6114 "-" "Mozilla/5.0 (compatible; Baiduspider/2.0; +http://www.baidu.com/search/spider.html)"
71.84.113.29 - - [30/Aug/2015:18:54:01 -0700] "GET /images/wsis-logo-sm.png HTTP/1.1" 200 6108 "http://www.thebackcountry.net/" "Mozilla/5.0 (Linux; Android 5.1.1; A0001 Build/LMY48B) AppleWebKit/537.36 (KHTML, like Gecko) Chrome/44.0.2403.133 Mobile Safari/537.36"
170.75.162.130 - - [30/Aug/2015:18:56:10 -0700] "GET /lib/reccapi.php?resort=loveland HTTP/1.1" 200 668 "-" "node-superagent/0.18.2"
66.249.79.227 - - [30/Aug/2015:18:56:31 -0700] "GET /resorts?resort=pebblecreek&date=2012-12-22 HTTP/1.1" 404 506 "-" "Mozilla/5.0 (iPhone; CPU iPhone OS 8_3 like Mac OS X) AppleWebKit/600.1.4 (KHTML, like Gecko) Version/8.0 Mobile/12F70 Safari/600.1.4 (compatible; Googlebot/2.1; +http://www.google.com/bot.html)"
123.125.71.111 - - [30/Aug/2015:19:05:35 -0700] "-" 408 0 "-" "-"
66.249.79.227 - - [30/Aug/2015:19:06:17 -0700] "GET /resorts?resort=silvermountain&date=2014-01-04 HTTP/1.1" 404 506 "-" "Mozilla/5.0 (iPhone; CPU iPhone OS 8_3 like Mac OS X) AppleWebKit/600.1.4 (KHTML, like Gecko) Version/8.0 Mobile/12F70 Safari/600.1.4 (compatible; Googlebot/2.1; +http://www.google.com/bot.html)"
220.181.108.93 - - [30/Aug/2015:19:12:02 -0700] "-" 408 0 "-" "-"
66.249.79.220 - - [30/Aug/2015:19:16:03 -0700] "GET /resorts?resort=bridgerbowl&date=2014-02-01 HTTP/1.1" 404 506 "-" "Mozilla/5.0 (iPhone; CPU iPhone OS 8_3 like Mac OS X) AppleWebKit/600.1.4 (KHTML, like Gecko) Version/8.0 Mobile/12F70 Safari/600.1.4 (compatible; Googlebot/2.1; +http://www.google.com/bot.html)"
177.177.157.231 - - [30/Aug/2015:19:22:05 -0700] "-" 408 0 "-" "-"
98.125.209.57 - - [30/Aug/2015:19:24:06 -0700] "GET /images/wsis-logo-sm.png HTTP/1.1" 200 6108 "http://www.thebackcountry.net/" "Mozilla/5.0 (iPhone; CPU iPhone OS 8_4_1 like Mac OS X) AppleWebKit/600.1.4 (KHTML, like Gecko) Version/8.0 Mobile/12H321 Safari/600.1.4"
66.249.79.227 - - [30/Aug/2015:19:25:49 -0700] "GET /resorts?resort=whitefacemountain&date=2014-02-09 HTTP/1.1" 404 506 "-" "Mozilla/5.0 (iPhone; CPU iPhone OS 8_3 like Mac OS X) AppleWebKit/600.1.4 (KHTML, like Gecko) Version/8.0 Mobile/12F70 Safari/600.1.4 (compatible; Googlebot/2.1; +http://www.google.com/bot.html)"
170.75.162.130 - - [30/Aug/2015:19:35:13 -0700] "GET /lib/reccapi.php?resort=arapahoebasin HTTP/1.1" 200 687 "-" "node-superagent/0.18.2"
66.249.79.220 - - [30/Aug/2015:19:35:36 -0700] "GET /resorts?resort=diamondpeak&date=2013-12-25 HTTP/1.1" 404 506 "-" "Mozilla/5.0 (iPhone; CPU iPhone OS 8_3 like Mac OS X) AppleWebKit/600.1.4 (KHTML, like Gecko) Version/8.0 Mobile/12F70 Safari/600.1.4 (compatible; Googlebot/2.1; +http://www.google.com/bot.html)"
180.76.15.162 - - [30/Aug/2015:19:45:09 -0700] "GET / HTTP/1.1" 200 6114 "-" "Mozilla/5.0 (compatible; Baiduspider/2.0; +http://www.baidu.com/search/spider.html)"
66.249.79.234 - - [30/Aug/2015:19:45:23 -0700] "GET /resorts?resort=buttermilk&date=2014-02-15 HTTP/1.1" 404 506 "-" "Mozilla/5.0 (iPhone; CPU iPhone OS 8_3 like Mac OS X) AppleWebKit/600.1.4 (KHTML, like Gecko) Version/8.0 Mobile/12F70 Safari/600.1.4 (compatible; Googlebot/2.1; +http://www.google.com/bot.html)"
180.76.15.138 - - [30/Aug/2015:19:45:56 -0700] "GET / HTTP/1.1" 200 6114 "-" "Mozilla/5.0 (compatible; Baiduspider/2.0; +http://www.baidu.com/search/spider.html)"
66.249.79.227 - - [30/Aug/2015:19:55:10 -0700] "GET /resorts?resort=mountbaker&date=2014-03-05 HTTP/1.1" 404 506 "-" "Mozilla/5.0 (iPhone; CPU iPhone OS 8_3 like Mac OS X) AppleWebKit/600.1.4 (KHTML, like Gecko) Version/8.0 Mobile/12F70 Safari/600.1.4 (compatible; Googlebot/2.1; +http://www.google.com/bot.html)"
123.125.71.12 - - [30/Aug/2015:19:58:16 -0700] "-" 408 0 "-" "-"
220.181.108.152 - - [30/Aug/2015:20:03:08 -0700] "-" 408 0 "-" "-"
66.249.79.220 - - [30/Aug/2015:20:04:59 -0700] "GET /resorts?resort=snowbird&date=2014-02-19 HTTP/1.1" 404 506 "-" "Mozilla/5.0 (iPhone; CPU iPhone OS 8_3 like Mac OS X) AppleWebKit/600.1.4 (KHTML, like Gecko) Version/8.0 Mobile/12F70 Safari/600.1.4 (compatible; Googlebot/2.1; +http://www.google.com/bot.html)"
66.249.79.227 - - [30/Aug/2015:20:14:51 -0700] "GET /resorts?resort=windham&date=2014-02-05 HTTP/1.1" 404 506 "-" "Mozilla/5.0 (iPhone; CPU iPhone OS 8_3 like Mac OS X) AppleWebKit/600.1.4 (KHTML, like Gecko) Version/8.0 Mobile/12F70 Safari/600.1.4 (compatible; Googlebot/2.1; +http://www.google.com/bot.html)"
66.249.79.227 - - [30/Aug/2015:20:24:46 -0700] "GET /resorts?resort=grandtarghee&date=2014-03-07 HTTP/1.1" 404 506 "-" "Mozilla/5.0 (iPhone; CPU iPhone OS 8_3 like Mac OS X) AppleWebKit/600.1.4 (KHTML, like Gecko) Version/8.0 Mobile/12F70 Safari/600.1.4 (compatible; Googlebot/2.1; +http://www.google.com/bot.html)"
157.55.39.145 - - [30/Aug/2015:20:25:45 -0700] "GET /robots.txt HTTP/1.1" 200 375 "-" "Mozilla/5.0 (compatible; bingbot/2.0; +http://www.bing.com/bingbot.htm)"
24.23.246.106 - - [30/Aug/2015:20:34:06 -0700] "GET /images/wsis-logo-sm.png HTTP/1.1" 200 6108 "http://www.thebackcountry.net/" "Mozilla/5.0 (iPhone; CPU iPhone OS 8_3 like Mac OS X) AppleWebKit/600.1.4 (KHTML, like Gecko) Version/8.0 Mobile/12F70 Safari/600.1.4"
66.249.79.227 - - [30/Aug/2015:20:34:46 -0700] "GET /resorts?resort=skicooper&date=2014-02-02 HTTP/1.1" 404 506 "-" "Mozilla/5.0 (iPhone; CPU iPhone OS 8_3 like Mac OS X) AppleWebKit/600.1.4 (KHTML, like Gecko) Version/8.0 Mobile/12F70 Safari/600.1.4 (compatible; Googlebot/2.1; +http://www.google.com/bot.html)"
180.76.15.27 - - [30/Aug/2015:20:43:41 -0700] "GET / HTTP/1.1" 200 6114 "-" "Mozilla/5.0 (compatible; Baiduspider/2.0; +http://www.baidu.com/search/spider.html)"
180.76.15.17 - - [30/Aug/2015:20:44:37 -0700] "GET / HTTP/1.1" 200 6114 "-" "Mozilla/5.0 (compatible; Baiduspider/2.0; +http://www.baidu.com/search/spider.html)"
66.249.79.134 - - [30/Aug/2015:20:44:47 -0700] "GET / HTTP/1.1" 200 2376 "-" "Mozilla/5.0 (iPhone; CPU iPhone OS 8_3 like Mac OS X) AppleWebKit/600.1.4 (KHTML, like Gecko) Version/8.0 Mobile/12F70 Safari/600.1.4 (compatible; Googlebot/2.1; +http://www.google.com/bot.html)"
67.180.73.110 - - [30/Aug/2015:20:55:24 -0700] "GET /images/wsis-logo-sm.png HTTP/1.1" 200 6108 "http://www.thebackcountry.net/" "Mozilla/5.0 (iPad; CPU OS 8_4 like Mac OS X) AppleWebKit/600.1.4 (KHTML, like Gecko) Version/8.0 Mobile/12H143 Safari/600.1.4"
157.55.39.145 - - [30/Aug/2015:20:59:23 -0700] "GET /blog HTTP/1.1" 404 506 "-" "Mozilla/5.0 (compatible; bingbot/2.0; +http://www.bing.com/bingbot.htm)"
123.125.71.83 - - [30/Aug/2015:21:03:25 -0700] "-" 408 0 "-" "-"
66.249.79.220 - - [30/Aug/2015:21:03:36 -0700] "GET /resorts?resort=pomerelle&date=2012-12-22 HTTP/1.1" 404 506 "-" "Mozilla/5.0 (iPhone; CPU iPhone OS 8_3 like Mac OS X) AppleWebKit/600.1.4 (KHTML, like Gecko) Version/8.0 Mobile/12F70 Safari/600.1.4 (compatible; Googlebot/2.1; +http://www.google.com/bot.html)"
66.249.79.140 - - [30/Aug/2015:21:06:41 -0700] "GET /styles/0fffd548.main.css HTTP/1.1" 200 19317 "-" "Mozilla/5.0 (compatible; Googlebot/2.1; +http://www.google.com/bot.html)"
220.181.108.119 - - [30/Aug/2015:21:10:50 -0700] "-" 408 0 "-" "-"
24.32.24.45 - - [30/Aug/2015:21:11:51 -0700] "GET /images/wsis-logo-sm.png HTTP/1.1" 200 6108 "http://www.thebackcountry.net/" "Mozilla/5.0 (Linux; Android 5.1; XT1254 Build/SU3TL-39) AppleWebKit/537.36 (KHTML, like Gecko) Chrome/45.0.2454.80 Mobile Safari/537.36"
98.208.36.105 - - [30/Aug/2015:21:13:22 -0700] "GET /images/wsis-logo-sm.png HTTP/1.1" 200 6108 "http://www.thebackcountry.net/" "Mozilla/5.0 (iPad; CPU OS 8_1_3 like Mac OS X) AppleWebKit/600.1.4 (KHTML, like Gecko) Version/8.0 Mobile/12B466 Safari/600.1.4"
107.140.123.2 - - [30/Aug/2015:21:17:55 -0700] "GET /images/wsis-logo-sm.png HTTP/1.1" 200 6108 "http://www.thebackcountry.net/" "Mozilla/5.0 (Macintosh; Intel Mac OS X 10_9_3) AppleWebKit/537.36 (KHTML, like Gecko) Chrome/43.0.2357.134 Safari/537.36"
70.211.65.40 - - [30/Aug/2015:21:38:08 -0700] "GET /images/wsis-logo-sm.png HTTP/1.1" 200 6108 "http://www.thebackcountry.net/" "Mozilla/5.0 (iPhone; CPU iPhone OS 8_1_2 like Mac OS X) AppleWebKit/600.1.4 (KHTML, like Gecko) Version/8.0 Mobile/12B440 Safari/600.1.4"
66.249.79.234 - - [30/Aug/2015:21:40:18 -0700] "GET /resorts?resort=snowmass&date=2014-02-02 HTTP/1.1" 404 506 "-" "Mozilla/5.0 (iPhone; CPU iPhone OS 8_3 like Mac OS X) AppleWebKit/600.1.4 (KHTML, like Gecko) Version/8.0 Mobile/12F70 Safari/600.1.4 (compatible; Googlebot/2.1; +http://www.google.com/bot.html)"
180.76.15.141 - - [30/Aug/2015:21:45:09 -0700] "GET / HTTP/1.1" 200 6114 "-" "Mozilla/5.0 (compatible; Baiduspider/2.0; +http://www.baidu.com/search/spider.html)"
180.76.15.33 - - [30/Aug/2015:21:46:07 -0700] "GET / HTTP/1.1" 200 6114 "-" "Mozilla/5.0 (compatible; Baiduspider/2.0; +http://www.baidu.com/search/spider.html)"
203.89.132.19 - - [30/Aug/2015:21:52:56 -0700] "GET / HTTP/1.1" 200 2376 "http://success-seo.com/try.php?u=http://whereshouldiski.com" "Mozilla/5.0 (Windows NT 6.1; WOW64) AppleWebKit/537.36 (KHTML, like Gecko) Chrome/36.0.1985.143 Safari/537.36"
203.89.132.19 - - [30/Aug/2015:21:52:57 -0700] "GET /styles/0fffd548.main.css HTTP/1.1" 200 19316 "http://whereshouldiski.com/" "Mozilla/5.0 (Windows NT 6.1; WOW64) AppleWebKit/537.36 (KHTML, like Gecko) Chrome/36.0.1985.143 Safari/537.36"
203.89.132.19 - - [30/Aug/2015:21:52:57 -0700] "GET /scripts/scripts/vendor/modernizr.js HTTP/1.1" 200 4903 "http://whereshouldiski.com/" "Mozilla/5.0 (Windows NT 6.1; WOW64) AppleWebKit/537.36 (KHTML, like Gecko) Chrome/36.0.1985.143 Safari/537.36"
203.89.132.19 - - [30/Aug/2015:21:52:57 -0700] "GET /bower_components/requirejs/require.js HTTP/1.1" 200 6702 "http://whereshouldiski.com/" "Mozilla/5.0 (Windows NT 6.1; WOW64) AppleWebKit/537.36 (KHTML, like Gecko) Chrome/36.0.1985.143 Safari/537.36"
203.89.132.19 - - [30/Aug/2015:21:53:00 -0700] "GET /images/logo-sm.png HTTP/1.1" 200 16737 "http://whereshouldiski.com/" "Mozilla/5.0 (Windows NT 6.1; WOW64) AppleWebKit/537.36 (KHTML, like Gecko) Chrome/36.0.1985.143 Safari/537.36"
203.89.132.19 - - [30/Aug/2015:21:53:00 -0700] "GET /images/loading.gif HTTP/1.1" 200 13881 "http://whereshouldiski.com/" "Mozilla/5.0 (Windows NT 6.1; WOW64) AppleWebKit/537.36 (KHTML, like Gecko) Chrome/36.0.1985.143 Safari/537.36"
203.89.132.19 - - [30/Aug/2015:21:53:02 -0700] "GET /scripts/fa48e319.main.js HTTP/1.1" 200 123455 "http://whereshouldiski.com/" "Mozilla/5.0 (Windows NT 6.1; WOW64) AppleWebKit/537.36 (KHTML, like Gecko) Chrome/36.0.1985.143 Safari/537.36"
203.89.132.19 - - [30/Aug/2015:21:53:07 -0700] "GET /lib/reccapi.php?fields=t HTTP/1.1" 200 1113 "http://whereshouldiski.com/" "Mozilla/5.0 (Windows NT 6.1; WOW64) AppleWebKit/537.36 (KHTML, like Gecko) Chrome/36.0.1985.143 Safari/537.36"
203.89.132.19 - - [30/Aug/2015:21:53:08 -0700] "GET /images/button.png HTTP/1.1" 200 598 "http://whereshouldiski.com/" "Mozilla/5.0 (Windows NT 6.1; WOW64) AppleWebKit/537.36 (KHTML, like Gecko) Chrome/36.0.1985.143 Safari/537.36"
203.89.132.19 - - [30/Aug/2015:21:53:08 -0700] "GET /images/greyHeader.png HTTP/1.1" 200 509 "http://whereshouldiski.com/" "Mozilla/5.0 (Windows NT 6.1; WOW64) AppleWebKit/537.36 (KHTML, like Gecko) Chrome/36.0.1985.143 Safari/537.36"
203.89.132.19 - - [30/Aug/2015:21:53:08 -0700] "GET /images/snowflake5.png HTTP/1.1" 200 2857 "http://whereshouldiski.com/" "Mozilla/5.0 (Windows NT 6.1; WOW64) AppleWebKit/537.36 (KHTML, like Gecko) Chrome/36.0.1985.143 Safari/537.36"
203.89.132.19 - - [30/Aug/2015:21:53:08 -0700] "GET /images/star5.png HTTP/1.1" 200 1783 "http://whereshouldiski.com/" "Mozilla/5.0 (Windows NT 6.1; WOW64) AppleWebKit/537.36 (KHTML, like Gecko) Chrome/36.0.1985.143 Safari/537.36"
203.89.132.19 - - [30/Aug/2015:21:53:08 -0700] "GET /images/bluebird5.png HTTP/1.1" 200 2178 "http://whereshouldiski.com/" "Mozilla/5.0 (Windows NT 6.1; WOW64) AppleWebKit/537.36 (KHTML, like Gecko) Chrome/36.0.1985.143 Safari/537.36"
203.89.132.19 - - [30/Aug/2015:21:53:08 -0700] "GET /images/mtns-icon.png HTTP/1.1" 200 1097 "http://whereshouldiski.com/" "Mozilla/5.0 (Windows NT 6.1; WOW64) AppleWebKit/537.36 (KHTML, like Gecko) Chrome/36.0.1985.143 Safari/537.36"
203.89.132.19 - - [30/Aug/2015:21:53:08 -0700] "GET /images/shading-icon.png HTTP/1.1" 200 537 "http://whereshouldiski.com/" "Mozilla/5.0 (Windows NT 6.1; WOW64) AppleWebKit/537.36 (KHTML, like Gecko) Chrome/36.0.1985.143 Safari/537.36"
203.89.132.19 - - [30/Aug/2015:21:53:30 -0700] "-" 408 0 "-" "-"
123.125.71.90 - - [30/Aug/2015:22:01:28 -0700] "-" 408 0 "-" "-"
123.125.71.46 - - [30/Aug/2015:22:05:55 -0700] "GET / HTTP/1.1" 200 2339 "-" "Mozilla/5.0 (compatible; Baiduspider/2.0; +http://www.baidu.com/search/spider.html)"
123.125.71.55 - - [30/Aug/2015:22:05:57 -0700] "GET /styles/0fffd548.main.css HTTP/1.1" 200 108822 "http://www.whereshouldiski.com/" "Mozilla/5.0 (compatible; Baiduspider/2.0; +http://www.baidu.com/search/spider.html)"
123.125.71.12 - - [30/Aug/2015:22:05:59 -0700] "GET /bower_components/requirejs/require.js HTTP/1.1" 200 17128 "http://www.whereshouldiski.com/" "Mozilla/5.0 (compatible; Baiduspider/2.0; +http://www.baidu.com/search/spider.html)"
220.181.108.88 - - [30/Aug/2015:22:08:06 -0700] "-" 408 0 "-" "-"
71.83.116.43 - - [30/Aug/2015:22:09:27 -0700] "GET /images/wsis-logo-sm.png HTTP/1.1" 200 6108 "http://thebackcountry.net/" "Mozilla/5.0 (Windows NT 10.0; WOW64) AppleWebKit/537.36 (KHTML, like Gecko) Chrome/44.0.2403.157 Safari/537.36"
71.83.116.43 - - [30/Aug/2015:22:09:47 -0700] "-" 408 0 "-" "-"
209.159.150.123 - - [30/Aug/2015:22:09:54 -0700] "GET / HTTP/1.1" 200 6151 "-" "-"
170.75.162.130 - - [30/Aug/2015:22:13:23 -0700] "GET /lib/reccapi.php?resort=alta HTTP/1.1" 200 655 "-" "node-superagent/0.18.2"
170.75.162.130 - - [30/Aug/2015:22:13:23 -0700] "GET /lib/reccapi.php?resort=49degreesnorth HTTP/1.1" 200 688 "-" "node-superagent/0.18.2"
170.75.162.130 - - [30/Aug/2015:22:13:23 -0700] "GET /lib/reccapi.php?resort=angelfire HTTP/1.1" 200 685 "-" "node-superagent/0.18.2"
170.75.162.130 - - [30/Aug/2015:22:13:23 -0700] "GET /lib/reccapi.php?resort=alyeska HTTP/1.1" 200 654 "-" "node-superagent/0.18.2"
170.75.162.130 - - [30/Aug/2015:22:13:23 -0700] "GET /lib/reccapi.php?resort=arapahoebasin HTTP/1.1" 200 687 "-" "node-superagent/0.18.2"
170.75.162.130 - - [30/Aug/2015:22:13:23 -0700] "GET /lib/reccapi.php?resort=alpinemeadows HTTP/1.1" 200 678 "-" "node-superagent/0.18.2"
170.75.162.130 - - [30/Aug/2015:22:13:23 -0700] "GET /lib/reccapi.php?resort=aspenheights HTTP/1.1" 200 684 "-" "node-superagent/0.18.2"
170.75.162.130 - - [30/Aug/2015:22:13:23 -0700] "GET /lib/reccapi.php?resort=aspenmountain HTTP/1.1" 200 674 "-" "node-superagent/0.18.2"
170.75.162.130 - - [30/Aug/2015:22:13:23 -0700] "GET /lib/reccapi.php?resort=bigsky HTTP/1.1" 200 671 "-" "node-superagent/0.18.2"
170.75.162.130 - - [30/Aug/2015:22:13:23 -0700] "GET /lib/reccapi.php?resort=brighton HTTP/1.1" 200 660 "-" "node-superagent/0.18.2"
170.75.162.130 - - [30/Aug/2015:22:13:23 -0700] "GET /lib/reccapi.php?resort=bigwhite HTTP/1.1" 200 678 "-" "node-superagent/0.18.2"
170.75.162.130 - - [30/Aug/2015:22:13:23 -0700] "GET /lib/reccapi.php?resort=brianhead HTTP/1.1" 200 678 "-" "node-superagent/0.18.2"
71.107.130.96 - - [30/Aug/2015:22:14:11 -0700] "GET /images/wsis-logo-sm.png HTTP/1.1" 200 6108 "http://www.thebackcountry.net/" "Mozilla/5.0 (iPhone; CPU iPhone OS 7_1_2 like Mac OS X) AppleWebKit/537.51.2 (KHTML, like Gecko) Version/7.0 Mobile/11D257 Safari/9537.53"
170.75.162.130 - - [30/Aug/2015:22:14:16 -0700] "GET /lib/reccapi.php?resort=crestedbutte HTTP/1.1" 200 687 "-" "node-superagent/0.18.2"
170.75.162.130 - - [30/Aug/2015:22:14:16 -0700] "GET /lib/reccapi.php?resort=coppermountain HTTP/1.1" 200 678 "-" "node-superagent/0.18.2"
170.75.162.130 - - [30/Aug/2015:22:14:16 -0700] "GET /lib/reccapi.php?resort=chinapeak HTTP/1.1" 200 682 "-" "node-superagent/0.18.2"
170.75.162.130 - - [30/Aug/2015:22:14:16 -0700] "GET /lib/reccapi.php?resort=canyons HTTP/1.1" 200 653 "-" "node-superagent/0.18.2"
170.75.162.130 - - [30/Aug/2015:22:14:16 -0700] "GET /lib/reccapi.php?resort=devilshead HTTP/1.1" 200 655 "-" "node-superagent/0.18.2"
170.75.162.130 - - [30/Aug/2015:22:14:16 -0700] "GET /lib/reccapi.php?resort=diamondpeak HTTP/1.1" 200 650 "-" "node-superagent/0.18.2"
170.75.162.130 - - [30/Aug/2015:22:14:16 -0700] "GET /lib/reccapi.php?resort=deervalley HTTP/1.1" 200 688 "-" "node-superagent/0.18.2"
170.75.162.130 - - [30/Aug/2015:22:14:16 -0700] "GET /lib/reccapi.php?resort=crystalmountain HTTP/1.1" 200 677 "-" "node-superagent/0.18.2"
170.75.162.130 - - [30/Aug/2015:22:14:16 -0700] "GET /lib/reccapi.php?resort=grandtarghee HTTP/1.1" 200 681 "-" "node-superagent/0.18.2"
170.75.162.130 - - [30/Aug/2015:22:14:16 -0700] "GET /lib/reccapi.php?resort=heavenly HTTP/1.1" 200 679 "-" "node-superagent/0.18.2"
170.75.162.130 - - [30/Aug/2015:22:14:17 -0700] "GET /lib/reccapi.php?resort=homewoodmountain HTTP/1.1" 200 684 "-" "node-superagent/0.18.2"
170.75.162.130 - - [30/Aug/2015:22:14:22 -0700] "GET /lib/reccapi.php?resort=hoodoo HTTP/1.1" 200 664 "-" "node-superagent/0.18.2"
170.75.162.130 - - [30/Aug/2015:22:14:27 -0700] "GET /lib/reccapi.php?resort=jacksonhole HTTP/1.1" 200 669 "-" "node-superagent/0.18.2"
170.75.162.130 - - [30/Aug/2015:22:14:32 -0700] "GET /lib/reccapi.php?resort=jaypeak HTTP/1.1" 200 685 "-" "node-superagent/0.18.2"
170.75.162.130 - - [30/Aug/2015:22:14:37 -0700] "GET /lib/reccapi.php?resort=keystone HTTP/1.1" 200 673 "-" "node-superagent/0.18.2"
170.75.162.130 - - [30/Aug/2015:22:14:42 -0700] "GET /lib/reccapi.php?resort=killington HTTP/1.1" 200 667 "-" "node-superagent/0.18.2"
170.75.162.130 - - [30/Aug/2015:22:14:47 -0700] "GET /lib/reccapi.php?resort=kirkwood HTTP/1.1" 200 686 "-" "node-superagent/0.18.2"
170.75.162.130 - - [30/Aug/2015:22:14:52 -0700] "GET /lib/reccapi.php?resort=loveland HTTP/1.1" 200 668 "-" "node-superagent/0.18.2"
71.107.130.96 - - [30/Aug/2015:22:14:55 -0700] "GET /images/wsis-logo-sm.png HTTP/1.1" 200 6108 "http://www.thebackcountry.net/" "Mozilla/5.0 (iPhone; CPU iPhone OS 7_1_2 like Mac OS X) AppleWebKit/537.51.2 (KHTML, like Gecko) Version/7.0 Mobile/11D257 Safari/9537.53"
170.75.162.130 - - [30/Aug/2015:22:14:57 -0700] "GET /lib/reccapi.php?resort=madriverglen HTTP/1.1" 200 669 "-" "node-superagent/0.18.2"
170.75.162.130 - - [30/Aug/2015:22:15:02 -0700] "GET /lib/reccapi.php?resort=mammothmountain HTTP/1.1" 200 689 "-" "node-superagent/0.18.2"
170.75.162.130 - - [30/Aug/2015:22:15:07 -0700] "GET /lib/reccapi.php?resort=monarch HTTP/1.1" 200 661 "-" "node-superagent/0.18.2"
170.75.162.130 - - [30/Aug/2015:22:15:12 -0700] "GET /lib/reccapi.php?resort=mountspokane HTTP/1.1" 200 691 "-" "node-superagent/0.18.2"
170.75.162.130 - - [30/Aug/2015:22:15:17 -0700] "GET /lib/reccapi.php?resort=mountbachelor HTTP/1.1" 200 686 "-" "node-superagent/0.18.2"
170.75.162.130 - - [30/Aug/2015:22:15:22 -0700] "GET /lib/reccapi.php?resort=mountainhigh HTTP/1.1" 200 691 "-" "node-superagent/0.18.2"
170.75.162.130 - - [30/Aug/2015:22:15:27 -0700] "GET /lib/reccapi.php?resort=mtrose HTTP/1.1" 200 653 "-" "node-superagent/0.18.2"
170.75.162.130 - - [30/Aug/2015:22:15:32 -0700] "GET /lib/reccapi.php?resort=northstar-at-tahoe HTTP/1.1" 200 668 "-" "node-superagent/0.18.2"
170.75.162.130 - - [30/Aug/2015:22:15:37 -0700] "GET /lib/reccapi.php?resort=parkcity HTTP/1.1" 200 683 "-" "node-superagent/0.18.2"
170.75.162.130 - - [30/Aug/2015:22:15:42 -0700] "GET /lib/reccapi.php?resort=redlodge HTTP/1.1" 200 709 "-" "node-superagent/0.18.2"
170.75.162.130 - - [30/Aug/2015:22:15:47 -0700] "GET /lib/reccapi.php?resort=redmountain HTTP/1.1" 200 666 "-" "node-superagent/0.18.2"
91.196.50.33 - - [30/Aug/2015:22:15:50 -0700] "GET http://testp3.pospr.waw.pl/testproxy.php HTTP/1.1" 404 449 "-" "Mozilla/5.0 (Windows NT 5.1; rv:32.0) Gecko/20100101 Firefox/31.0"
170.75.162.130 - - [30/Aug/2015:22:15:52 -0700] "GET /lib/reccapi.php?resort=snowbird HTTP/1.1" 200 661 "-" "node-superagent/0.18.2"
170.75.162.130 - - [30/Aug/2015:22:15:57 -0700] "GET /lib/reccapi.php?resort=solitude HTTP/1.1" 200 654 "-" "node-superagent/0.18.2"
170.75.162.130 - - [30/Aug/2015:22:16:02 -0700] "GET /lib/reccapi.php?resort=squawvalleyusa HTTP/1.1" 200 684 "-" "node-superagent/0.18.2"
170.75.162.130 - - [30/Aug/2015:22:16:07 -0700] "GET /lib/reccapi.php?resort=steamboat HTTP/1.1" 200 670 "-" "node-superagent/0.18.2"
170.75.162.130 - - [30/Aug/2015:22:16:12 -0700] "GET /lib/reccapi.php?resort=stevenspass HTTP/1.1" 200 673 "-" "node-superagent/0.18.2"
170.75.162.130 - - [30/Aug/2015:22:16:17 -0700] "GET /lib/reccapi.php?resort=stowe HTTP/1.1" 200 653 "-" "node-superagent/0.18.2"
170.75.162.130 - - [30/Aug/2015:22:16:22 -0700] "GET /lib/reccapi.php?resort=sugarbowl HTTP/1.1" 200 666 "-" "node-superagent/0.18.2"
170.75.162.130 - - [30/Aug/2015:22:16:27 -0700] "GET /lib/reccapi.php?resort=sugarbush HTTP/1.1" 200 672 "-" "node-superagent/0.18.2"
170.75.162.130 - - [30/Aug/2015:22:16:32 -0700] "GET /lib/reccapi.php?resort=sugarloaf HTTP/1.1" 200 665 "-" "node-superagent/0.18.2"
170.75.162.130 - - [30/Aug/2015:22:16:37 -0700] "GET /lib/reccapi.php?resort=sunpeaksresort HTTP/1.1" 200 675 "-" "node-superagent/0.18.2"
170.75.162.130 - - [30/Aug/2015:22:16:42 -0700] "GET /lib/reccapi.php?resort=schweitzer HTTP/1.1" 200 660 "-" "node-superagent/0.18.2"
170.75.162.130 - - [30/Aug/2015:22:16:47 -0700] "GET /lib/reccapi.php?resort=sierra-at-tahoe HTTP/1.1" 200 670 "-" "node-superagent/0.18.2"
170.75.162.130 - - [30/Aug/2015:22:16:52 -0700] "GET /lib/reccapi.php?resort=silverstarmountain HTTP/1.1" 200 688 "-" "node-superagent/0.18.2"
170.75.162.130 - - [30/Aug/2015:22:16:57 -0700] "GET /lib/reccapi.php?resort=smugglersnotch HTTP/1.1" 200 674 "-" "node-superagent/0.18.2"
170.75.162.130 - - [30/Aug/2015:22:17:02 -0700] "GET /lib/reccapi.php?resort=sundayriver HTTP/1.1" 200 673 "-" "node-superagent/0.18.2"
170.75.162.130 - - [30/Aug/2015:22:17:07 -0700] "GET /lib/reccapi.php?resort=wildcatmountain HTTP/1.1" 200 670 "-" "node-superagent/0.18.2"
170.75.162.130 - - [30/Aug/2015:22:17:12 -0700] "GET /lib/reccapi.php?resort=winterpark HTTP/1.1" 200 682 "-" "node-superagent/0.18.2"
170.75.162.130 - - [30/Aug/2015:22:17:17 -0700] "GET /lib/reccapi.php?resort=buttermilk HTTP/1.1" 200 662 "-" "node-superagent/0.18.2"
170.75.162.130 - - [30/Aug/2015:22:17:22 -0700] "GET /lib/reccapi.php?resort=cannonmountain HTTP/1.1" 200 672 "-" "node-superagent/0.18.2"
170.75.162.130 - - [30/Aug/2015:22:17:27 -0700] "GET /lib/reccapi.php?resort=snowbasin HTTP/1.1" 200 662 "-" "node-superagent/0.18.2"
170.75.162.130 - - [30/Aug/2015:22:17:32 -0700] "GET /lib/reccapi.php?resort=snowmass HTTP/1.1" 200 656 "-" "node-superagent/0.18.2"
170.75.162.130 - - [30/Aug/2015:22:17:37 -0700] "GET /lib/reccapi.php?resort=mounthoodmeadows HTTP/1.1" 200 690 "-" "node-superagent/0.18.2"
170.75.162.130 - - [30/Aug/2015:22:17:42 -0700] "GET /lib/reccapi.php?resort=sunvalley HTTP/1.1" 200 677 "-" "node-superagent/0.18.2"
170.75.162.130 - - [30/Aug/2015:22:17:47 -0700] "GET /lib/reccapi.php?resort=taos HTTP/1.1" 200 645 "-" "node-superagent/0.18.2"
170.75.162.130 - - [30/Aug/2015:22:17:52 -0700] "GET /lib/reccapi.php?resort=telluride HTTP/1.1" 200 662 "-" "node-superagent/0.18.2"
170.75.162.130 - - [30/Aug/2015:22:17:57 -0700] "GET /lib/reccapi.php?resort=whistlerblackcomb HTTP/1.1" 200 687 "-" "node-superagent/0.18.2"
170.75.162.130 - - [30/Aug/2015:22:18:02 -0700] "GET /lib/reccapi.php?resort=whitefacemountain HTTP/1.1" 200 670 "-" "node-superagent/0.18.2"
71.107.130.96 - - [30/Aug/2015:22:18:10 -0700] "GET /images/wsis-logo-sm.png HTTP/1.1" 200 6108 "http://www.thebackcountry.net/" "Mozilla/5.0 (iPhone; CPU iPhone OS 7_1_2 like Mac OS X) AppleWebKit/537.51.2 (KHTML, like Gecko) Version/7.0 Mobile/11D257 Safari/9537.53"
66.249.79.227 - - [30/Aug/2015:22:24:33 -0700] "GET /resorts?resort=snowmass&date=2014-01-31 HTTP/1.1" 404 506 "-" "Mozilla/5.0 (iPhone; CPU iPhone OS 8_3 like Mac OS X) AppleWebKit/600.1.4 (KHTML, like Gecko) Version/8.0 Mobile/12F70 Safari/600.1.4 (compatible; Googlebot/2.1; +http://www.google.com/bot.html)"
46.118.116.104 - - [30/Aug/2015:23:05:55 -0700] "GET /admin/fckeditor/editor/filemanager/connectors/php/upload.php HTTP/1.0" 404 495 "WHERESHOULDISKI.com/admin/fckeditor/editor/filemanager/connectors/php/upload.php" "Mozilla/5.0 (Windows NT 6.1) AppleWebKit/537.36 (KHTML, like Gecko) Chrome/41.0.2272.101 Safari/537.36"
46.118.116.104 - - [30/Aug/2015:23:05:55 -0700] "GET /admin/fckeditor/editor/filemanager/connectors/php/upload.phpindex.php HTTP/1.0" 404 495 "WHERESHOULDISKI.com/admin/fckeditor/editor/filemanager/connectors/php/upload.phpindex.php" "Mozilla/5.0 (Windows NT 5.1) AppleWebKit/537.36 (KHTML, like Gecko) Chrome/40.0.2214.115 YaBrowser/15.2.2214.3645 Safari/537.36"
66.249.79.227 - - [30/Aug/2015:23:08:44 -0700] "GET /resorts?resort=aspenmountain&date=2014-01-29 HTTP/1.1" 404 506 "-" "Mozilla/5.0 (iPhone; CPU iPhone OS 8_3 like Mac OS X) AppleWebKit/600.1.4 (KHTML, like Gecko) Version/8.0 Mobile/12F70 Safari/600.1.4 (compatible; Googlebot/2.1; +http://www.google.com/bot.html)"
46.151.52.66 - - [30/Aug/2015:23:19:15 -0700] "GET / HTTP/1.0" 200 6114 "http://whereshouldiski.com/" "Mozilla/5.0 (Windows NT 6.3; WOW64) AppleWebKit/537.36 (KHTML, like Gecko) Chrome/41.0.2272.101 Safari/537.36"
46.151.52.66 - - [30/Aug/2015:23:19:15 -0700] "GET / HTTP/1.0" 200 6114 "http://whereshouldiski.com/" "Mozilla/5.0 (Windows NT 6.3; WOW64) AppleWebKit/537.36 (KHTML, like Gecko) Chrome/41.0.2272.101 Safari/537.36"
123.125.71.111 - - [30/Aug/2015:23:20:10 -0700] "-" 408 0 "-" "-"
180.76.15.7 - - [30/Aug/2015:23:22:34 -0700] "GET / HTTP/1.1" 200 6114 "-" "Mozilla/5.0 (compatible; Baiduspider/2.0; +http://www.baidu.com/search/spider.html)"
180.76.15.135 - - [30/Aug/2015:23:23:33 -0700] "GET / HTTP/1.1" 200 6114 "-" "Mozilla/5.0 (compatible; Baiduspider/2.0; +http://www.baidu.com/search/spider.html)"
220.181.108.176 - - [30/Aug/2015:23:27:10 -0700] "-" 408 0 "-" "-"
170.75.162.130 - - [30/Aug/2015:23:37:53 -0700] "GET /lib/reccapi.php?resort=alta HTTP/1.1" 200 655 "-" "node-superagent/0.18.2"
170.75.162.130 - - [30/Aug/2015:23:37:53 -0700] "GET /lib/reccapi.php?resort=49degreesnorth HTTP/1.1" 200 688 "-" "node-superagent/0.18.2"
170.75.162.130 - - [30/Aug/2015:23:37:53 -0700] "GET /lib/reccapi.php?resort=alpinemeadows HTTP/1.1" 200 678 "-" "node-superagent/0.18.2"
170.75.162.130 - - [30/Aug/2015:23:37:53 -0700] "GET /lib/reccapi.php?resort=angelfire HTTP/1.1" 200 685 "-" "node-superagent/0.18.2"
170.75.162.130 - - [30/Aug/2015:23:37:53 -0700] "GET /lib/reccapi.php?resort=alyeska HTTP/1.1" 200 654 "-" "node-superagent/0.18.2"
170.75.162.130 - - [30/Aug/2015:23:37:53 -0700] "GET /lib/reccapi.php?resort=aspenmountain HTTP/1.1" 200 674 "-" "node-superagent/0.18.2"
170.75.162.130 - - [30/Aug/2015:23:37:53 -0700] "GET /lib/reccapi.php?resort=bigsky HTTP/1.1" 200 671 "-" "node-superagent/0.18.2"
170.75.162.130 - - [30/Aug/2015:23:37:53 -0700] "GET /lib/reccapi.php?resort=aspenheights HTTP/1.1" 200 684 "-" "node-superagent/0.18.2"
170.75.162.130 - - [30/Aug/2015:23:37:53 -0700] "GET /lib/reccapi.php?resort=bigwhite HTTP/1.1" 200 678 "-" "node-superagent/0.18.2"
170.75.162.130 - - [30/Aug/2015:23:37:53 -0700] "GET /lib/reccapi.php?resort=brianhead HTTP/1.1" 200 678 "-" "node-superagent/0.18.2"
170.75.162.130 - - [30/Aug/2015:23:37:53 -0700] "GET /lib/reccapi.php?resort=arapahoebasin HTTP/1.1" 200 687 "-" "node-superagent/0.18.2"
170.75.162.130 - - [30/Aug/2015:23:37:53 -0700] "GET /lib/reccapi.php?resort=brighton HTTP/1.1" 200 660 "-" "node-superagent/0.18.2"
170.75.162.130 - - [30/Aug/2015:23:38:50 -0700] "GET /lib/reccapi.php?resort=crestedbutte HTTP/1.1" 200 687 "-" "node-superagent/0.18.2"
170.75.162.130 - - [30/Aug/2015:23:38:50 -0700] "GET /lib/reccapi.php?resort=crystalmountain HTTP/1.1" 200 677 "-" "node-superagent/0.18.2"
170.75.162.130 - - [30/Aug/2015:23:38:50 -0700] "GET /lib/reccapi.php?resort=coppermountain HTTP/1.1" 200 678 "-" "node-superagent/0.18.2"
170.75.162.130 - - [30/Aug/2015:23:38:50 -0700] "GET /lib/reccapi.php?resort=chinapeak HTTP/1.1" 200 682 "-" "node-superagent/0.18.2"
170.75.162.130 - - [30/Aug/2015:23:38:50 -0700] "GET /lib/reccapi.php?resort=deervalley HTTP/1.1" 200 688 "-" "node-superagent/0.18.2"
170.75.162.130 - - [30/Aug/2015:23:38:50 -0700] "GET /lib/reccapi.php?resort=devilshead HTTP/1.1" 200 655 "-" "node-superagent/0.18.2"
170.75.162.130 - - [30/Aug/2015:23:38:50 -0700] "GET /lib/reccapi.php?resort=diamondpeak HTTP/1.1" 200 650 "-" "node-superagent/0.18.2"
170.75.162.130 - - [30/Aug/2015:23:38:50 -0700] "GET /lib/reccapi.php?resort=grandtarghee HTTP/1.1" 200 681 "-" "node-superagent/0.18.2"
170.75.162.130 - - [30/Aug/2015:23:38:50 -0700] "GET /lib/reccapi.php?resort=heavenly HTTP/1.1" 200 679 "-" "node-superagent/0.18.2"
170.75.162.130 - - [30/Aug/2015:23:38:50 -0700] "GET /lib/reccapi.php?resort=homewoodmountain HTTP/1.1" 200 684 "-" "node-superagent/0.18.2"
170.75.162.130 - - [30/Aug/2015:23:38:50 -0700] "GET /lib/reccapi.php?resort=hoodoo HTTP/1.1" 200 664 "-" "node-superagent/0.18.2"
170.75.162.130 - - [30/Aug/2015:23:38:53 -0700] "GET /lib/reccapi.php?resort=jacksonhole HTTP/1.1" 200 669 "-" "node-superagent/0.18.2"
170.75.162.130 - - [30/Aug/2015:23:38:58 -0700] "GET /lib/reccapi.php?resort=jaypeak HTTP/1.1" 200 685 "-" "node-superagent/0.18.2"
170.75.162.130 - - [30/Aug/2015:23:39:03 -0700] "GET /lib/reccapi.php?resort=keystone HTTP/1.1" 200 673 "-" "node-superagent/0.18.2"
180.76.15.154 - - [30/Aug/2015:23:41:26 -0700] "GET / HTTP/1.1" 200 6114 "-" "Mozilla/5.0 (compatible; Baiduspider/2.0; +http://www.baidu.com/search/spider.html)"
180.76.15.19 - - [30/Aug/2015:23:41:58 -0700] "GET / HTTP/1.1" 200 6114 "-" "Mozilla/5.0 (compatible; Baiduspider/2.0; +http://www.baidu.com/search/spider.html)"
66.249.79.140 - - [30/Aug/2015:23:53:17 -0700] "GET /resorts?resort=bridgerbowl&date=2013-06-14 HTTP/1.1" 404 509 "-" "Mozilla/5.0 (iPhone; CPU iPhone OS 8_3 like Mac OS X) AppleWebKit/600.1.4 (KHTML, like Gecko) Version/8.0 Mobile/12F70 Safari/600.1.4 (compatible; Googlebot/2.1; +http://www.google.com/bot.html)"
170.75.162.130 - - [30/Aug/2015:23:59:17 -0700] "GET /lib/reccapi.php?resort=aspenheights HTTP/1.1" 200 684 "-" "node-superagent/0.18.2"
170.75.162.130 - - [30/Aug/2015:23:59:17 -0700] "GET /lib/reccapi.php?resort=alta HTTP/1.1" 200 655 "-" "node-superagent/0.18.2"
170.75.162.130 - - [30/Aug/2015:23:59:17 -0700] "GET /lib/reccapi.php?resort=aspenmountain HTTP/1.1" 200 674 "-" "node-superagent/0.18.2"
170.75.162.130 - - [30/Aug/2015:23:59:17 -0700] "GET /lib/reccapi.php?resort=49degreesnorth HTTP/1.1" 200 688 "-" "node-superagent/0.18.2"
170.75.162.130 - - [30/Aug/2015:23:59:17 -0700] "GET /lib/reccapi.php?resort=angelfire HTTP/1.1" 200 685 "-" "node-superagent/0.18.2"
170.75.162.130 - - [30/Aug/2015:23:59:17 -0700] "GET /lib/reccapi.php?resort=arapahoebasin HTTP/1.1" 200 687 "-" "node-superagent/0.18.2"
170.75.162.130 - - [30/Aug/2015:23:59:17 -0700] "GET /lib/reccapi.php?resort=alpinemeadows HTTP/1.1" 200 678 "-" "node-superagent/0.18.2"
170.75.162.130 - - [30/Aug/2015:23:59:17 -0700] "GET /lib/reccapi.php?resort=alyeska HTTP/1.1" 200 654 "-" "node-superagent/0.18.2"
170.75.162.130 - - [30/Aug/2015:23:59:17 -0700] "GET /lib/reccapi.php?resort=bigsky HTTP/1.1" 200 671 "-" "node-superagent/0.18.2"
170.75.162.130 - - [30/Aug/2015:23:59:17 -0700] "GET /lib/reccapi.php?resort=bigwhite HTTP/1.1" 200 678 "-" "node-superagent/0.18.2"
170.75.162.130 - - [30/Aug/2015:23:59:17 -0700] "GET /lib/reccapi.php?resort=brianhead HTTP/1.1" 200 678 "-" "node-superagent/0.18.2"
170.75.162.130 - - [30/Aug/2015:23:59:17 -0700] "GET /lib/reccapi.php?resort=brighton HTTP/1.1" 200 660 "-" "node-superagent/0.18.2"
170.75.162.130 - - [31/Aug/2015:00:00:16 -0700] "GET /lib/reccapi.php?resort=chinapeak HTTP/1.1" 200 680 "-" "node-superagent/0.18.2"
170.75.162.130 - - [31/Aug/2015:00:00:16 -0700] "GET /lib/reccapi.php?resort=coppermountain HTTP/1.1" 200 678 "-" "node-superagent/0.18.2"
170.75.162.130 - - [31/Aug/2015:00:00:16 -0700] "GET /lib/reccapi.php?resort=canyons HTTP/1.1" 200 653 "-" "node-superagent/0.18.2"
170.75.162.130 - - [31/Aug/2015:00:00:16 -0700] "GET /lib/reccapi.php?resort=crestedbutte HTTP/1.1" 200 687 "-" "node-superagent/0.18.2"
170.75.162.130 - - [31/Aug/2015:00:00:16 -0700] "GET /lib/reccapi.php?resort=deervalley HTTP/1.1" 200 690 "-" "node-superagent/0.18.2"
170.75.162.130 - - [31/Aug/2015:00:00:16 -0700] "GET /lib/reccapi.php?resort=grandtarghee HTTP/1.1" 200 680 "-" "node-superagent/0.18.2"
170.75.162.130 - - [31/Aug/2015:00:00:16 -0700] "GET /lib/reccapi.php?resort=crystalmountain HTTP/1.1" 200 678 "-" "node-superagent/0.18.2"
170.75.162.130 - - [31/Aug/2015:00:00:16 -0700] "GET /lib/reccapi.php?resort=homewoodmountain HTTP/1.1" 200 684 "-" "node-superagent/0.18.2"
170.75.162.130 - - [31/Aug/2015:00:00:16 -0700] "GET /lib/reccapi.php?resort=jacksonhole HTTP/1.1" 200 670 "-" "node-superagent/0.18.2"
170.75.162.130 - - [31/Aug/2015:00:00:16 -0700] "GET /lib/reccapi.php?resort=hoodoo HTTP/1.1" 200 665 "-" "node-superagent/0.18.2"
170.75.162.130 - - [31/Aug/2015:00:00:16 -0700] "GET /lib/reccapi.php?resort=devilshead HTTP/1.1" 200 654 "-" "node-superagent/0.18.2"
170.75.162.130 - - [31/Aug/2015:00:00:16 -0700] "GET /lib/reccapi.php?resort=jaypeak HTTP/1.1" 200 684 "-" "node-superagent/0.18.2"
170.75.162.130 - - [31/Aug/2015:00:00:21 -0700] "GET /lib/reccapi.php?resort=killington HTTP/1.1" 200 666 "-" "node-superagent/0.18.2"
170.75.162.130 - - [31/Aug/2015:00:00:26 -0700] "GET /lib/reccapi.php?resort=kirkwood HTTP/1.1" 200 686 "-" "node-superagent/0.18.2"
