66.249.79.14 - - [04/Jun/2015:01:58:00 -0700] "GET /resorts?resort=boyne&date=2013-12-19 HTTP/1.1" 404 506 "-" "Mozilla/5.0 (iPhone; CPU iPhone OS 6_0 like Mac OS X) AppleWebKit/536.26 (KHTML, like Gecko) Version/6.0 Mobile/10A5376e Safari/8536.25 (compatible; Googlebot/2.1; +http://www.google.com/bot.html)"
5.189.144.124 - - [04/Jun/2015:02:04:10 -0700] "GET / HTTP/1.1" 200 6095 "-" "Mozilla/5.0 (compatible; PageAnalyzer/1.5;)"
123.125.71.89 - - [04/Jun/2015:02:05:44 -0700] "-" 408 0 "-" "-"
66.249.79.250 - - [04/Jun/2015:02:06:56 -0700] "GET /resorts?resort=mountspokane&date=2014-02-11 HTTP/1.1" 404 506 "-" "Mozilla/5.0 (iPhone; CPU iPhone OS 6_0 like Mac OS X) AppleWebKit/536.26 (KHTML, like Gecko) Version/6.0 Mobile/10A5376e Safari/8536.25 (compatible; Googlebot/2.1; +http://www.google.com/bot.html)"
220.181.108.172 - - [04/Jun/2015:02:09:51 -0700] "-" 408 0 "-" "-"
170.75.162.130 - - [04/Jun/2015:02:12:02 -0700] "GET /lib/reccapi.php?resort=squawvalleyusa HTTP/1.1" 200 1029 "-" "node-superagent/0.18.2"
66.249.79.14 - - [04/Jun/2015:02:15:53 -0700] "GET /resorts?resort=bigsky&date=2014-02-07 HTTP/1.1" 404 506 "-" "Mozilla/5.0 (iPhone; CPU iPhone OS 6_0 like Mac OS X) AppleWebKit/536.26 (KHTML, like Gecko) Version/6.0 Mobile/10A5376e Safari/8536.25 (compatible; Googlebot/2.1; +http://www.google.com/bot.html)"
66.249.79.14 - - [04/Jun/2015:02:24:49 -0700] "GET /resorts?resort=antelopebutte&date=2014-02-09 HTTP/1.1" 404 506 "-" "Mozilla/5.0 (iPhone; CPU iPhone OS 6_0 like Mac OS X) AppleWebKit/536.26 (KHTML, like Gecko) Version/6.0 Mobile/10A5376e Safari/8536.25 (compatible; Googlebot/2.1; +http://www.google.com/bot.html)"
170.75.162.130 - - [04/Jun/2015:02:26:42 -0700] "GET /lib/reccapi.php?resort=jaypeak HTTP/1.1" 200 961 "-" "node-superagent/0.18.2"
170.75.162.130 - - [04/Jun/2015:02:26:42 -0700] "GET /lib/reccapi.php?resort=killington HTTP/1.1" 200 954 "-" "node-superagent/0.18.2"
170.75.162.130 - - [04/Jun/2015:02:26:43 -0700] "GET /lib/reccapi.php?resort=madriverglen HTTP/1.1" 200 968 "-" "node-superagent/0.18.2"
170.75.162.130 - - [04/Jun/2015:02:26:43 -0700] "GET /lib/reccapi.php?resort=smugglersnotch HTTP/1.1" 200 954 "-" "node-superagent/0.18.2"
170.75.162.130 - - [04/Jun/2015:02:26:43 -0700] "GET /lib/reccapi.php?resort=stowe HTTP/1.1" 200 929 "-" "node-superagent/0.18.2"
170.75.162.130 - - [04/Jun/2015:02:26:43 -0700] "GET /lib/reccapi.php?resort=sugarbush HTTP/1.1" 200 948 "-" "node-superagent/0.18.2"
170.75.162.130 - - [04/Jun/2015:02:26:43 -0700] "GET /lib/reccapi.php?resort=wildcatmountain HTTP/1.1" 200 975 "-" "node-superagent/0.18.2"
66.249.79.14 - - [04/Jun/2015:02:33:46 -0700] "GET /resorts?resort=silvermountain&date=2014-01-02 HTTP/1.1" 404 506 "-" "Mozilla/5.0 (iPhone; CPU iPhone OS 6_0 like Mac OS X) AppleWebKit/536.26 (KHTML, like Gecko) Version/6.0 Mobile/10A5376e Safari/8536.25 (compatible; Googlebot/2.1; +http://www.google.com/bot.html)"
170.75.162.130 - - [04/Jun/2015:02:35:03 -0700] "GET /lib/reccapi.php?resort=deervalley HTTP/1.1" 200 992 "-" "node-superagent/0.18.2"
66.249.79.1 - - [04/Jun/2015:02:42:43 -0700] "GET /resorts?resort=windham&date=2014-02-05 HTTP/1.1" 404 506 "-" "Mozilla/5.0 (iPhone; CPU iPhone OS 6_0 like Mac OS X) AppleWebKit/536.26 (KHTML, like Gecko) Version/6.0 Mobile/10A5376e Safari/8536.25 (compatible; Googlebot/2.1; +http://www.google.com/bot.html)"
180.76.15.142 - - [04/Jun/2015:02:43:12 -0700] "GET / HTTP/1.1" 200 2339 "-" "Mozilla/5.0 (compatible; Baiduspider/2.0; +http://www.baidu.com/search/spider.html)"
180.76.15.162 - - [04/Jun/2015:02:46:56 -0700] "GET / HTTP/1.1" 200 2339 "-" "Mozilla/5.0 (compatible; Baiduspider/2.0; +http://www.baidu.com/search/spider.html)"
66.249.79.250 - - [04/Jun/2015:02:51:41 -0700] "GET /resorts?resort=snowbird&date=2014-02-20 HTTP/1.1" 404 506 "-" "Mozilla/5.0 (iPhone; CPU iPhone OS 6_0 like Mac OS X) AppleWebKit/536.26 (KHTML, like Gecko) Version/6.0 Mobile/10A5376e Safari/8536.25 (compatible; Googlebot/2.1; +http://www.google.com/bot.html)"
170.75.162.130 - - [04/Jun/2015:02:56:55 -0700] "GET /lib/reccapi.php?resort=cannonmountain HTTP/1.1" 200 951 "-" "node-superagent/0.18.2"
151.80.31.153 - - [04/Jun/2015:02:57:09 -0700] "GET /resorts?resort=hoodoo HTTP/1.1" 404 450 "-" "Mozilla/5.0 (compatible; AhrefsBot/5.0; +http://ahrefs.com/robot/)"
123.125.71.114 - - [04/Jun/2015:02:58:44 -0700] "-" 408 0 "-" "-"
180.76.15.14 - - [04/Jun/2015:03:00:08 -0700] "GET /resorts?resort=sunlight HTTP/1.1" 404 472 "-" "Mozilla/5.0 (compatible; Baiduspider/2.0; +http://www.baidu.com/search/spider.html)"
66.249.79.14 - - [04/Jun/2015:03:00:38 -0700] "GET /resorts?resort=porcupine&date=2013-12-29 HTTP/1.1" 404 506 "-" "Mozilla/5.0 (iPhone; CPU iPhone OS 6_0 like Mac OS X) AppleWebKit/536.26 (KHTML, like Gecko) Version/6.0 Mobile/10A5376e Safari/8536.25 (compatible; Googlebot/2.1; +http://www.google.com/bot.html)"
220.181.108.83 - - [04/Jun/2015:03:01:38 -0700] "-" 408 0 "-" "-"
66.249.79.1 - - [04/Jun/2015:03:09:36 -0700] "GET /resorts?resort=hyland&date=2014-02-17 HTTP/1.1" 404 506 "-" "Mozilla/5.0 (iPhone; CPU iPhone OS 6_0 like Mac OS X) AppleWebKit/536.26 (KHTML, like Gecko) Version/6.0 Mobile/10A5376e Safari/8536.25 (compatible; Googlebot/2.1; +http://www.google.com/bot.html)"
180.76.15.8 - - [04/Jun/2015:03:20:38 -0700] "GET /resorts?resort=kickinghorsemountain&date=2014-10-07 HTTP/1.1" 404 469 "-" "Mozilla/5.0 (compatible; Baiduspider/2.0; +http://www.baidu.com/search/spider.html)"
66.249.79.250 - - [04/Jun/2015:03:27:35 -0700] "GET /resorts?resort=northstar-at-tahoe&date=2012-12-29 HTTP/1.1" 404 506 "-" "Mozilla/5.0 (iPhone; CPU iPhone OS 6_0 like Mac OS X) AppleWebKit/536.26 (KHTML, like Gecko) Version/6.0 Mobile/10A5376e Safari/8536.25 (compatible; Googlebot/2.1; +http://www.google.com/bot.html)"
170.75.162.130 - - [04/Jun/2015:03:28:18 -0700] "GET /lib/reccapi.php?resort=alta HTTP/1.1" 200 947 "-" "node-superagent/0.18.2"
170.75.162.130 - - [04/Jun/2015:03:34:57 -0700] "GET /lib/reccapi.php?resort=sugarloaf HTTP/1.1" 200 954 "-" "node-superagent/0.18.2"
170.75.162.130 - - [04/Jun/2015:03:34:57 -0700] "GET /lib/reccapi.php?resort=sundayriver HTTP/1.1" 200 968 "-" "node-superagent/0.18.2"
66.249.79.250 - - [04/Jun/2015:03:36:36 -0700] "GET /resorts?resort=buttermilk&date=2014-02-15 HTTP/1.1" 404 506 "-" "Mozilla/5.0 (iPhone; CPU iPhone OS 6_0 like Mac OS X) AppleWebKit/536.26 (KHTML, like Gecko) Version/6.0 Mobile/10A5376e Safari/8536.25 (compatible; Googlebot/2.1; +http://www.google.com/bot.html)"
170.75.162.130 - - [04/Jun/2015:03:44:18 -0700] "GET /lib/reccapi.php?resort=alyeska HTTP/1.1" 200 1016 "-" "node-superagent/0.18.2"
170.75.162.130 - - [04/Jun/2015:03:44:18 -0700] "GET /lib/reccapi.php?resort=grandtarghee HTTP/1.1" 200 1136 "-" "node-superagent/0.18.2"
170.75.162.130 - - [04/Jun/2015:03:44:18 -0700] "GET /lib/reccapi.php?resort=mammothmountain HTTP/1.1" 200 1116 "-" "node-superagent/0.18.2"
170.75.162.130 - - [04/Jun/2015:03:44:18 -0700] "GET /lib/reccapi.php?resort=jacksonhole HTTP/1.1" 200 1135 "-" "node-superagent/0.18.2"
170.75.162.130 - - [04/Jun/2015:03:44:18 -0700] "GET /lib/reccapi.php?resort=snowbird HTTP/1.1" 200 950 "-" "node-superagent/0.18.2"
170.75.162.130 - - [04/Jun/2015:03:44:18 -0700] "GET /lib/reccapi.php?resort=sierra-at-tahoe HTTP/1.1" 200 1101 "-" "node-superagent/0.18.2"
170.75.162.130 - - [04/Jun/2015:03:44:18 -0700] "GET /lib/reccapi.php?resort=solitude HTTP/1.1" 200 945 "-" "node-superagent/0.18.2"
170.75.162.130 - - [04/Jun/2015:03:44:18 -0700] "GET /lib/reccapi.php?resort=telluride HTTP/1.1" 200 972 "-" "node-superagent/0.18.2"
170.75.162.130 - - [04/Jun/2015:03:44:28 -0700] "GET /lib/reccapi.php?resort=49degreesnorth HTTP/1.1" 200 1109 "-" "node-superagent/0.18.2"
170.75.162.130 - - [04/Jun/2015:03:45:18 -0700] "GET /lib/reccapi.php?resort=aspenmountain HTTP/1.1" 200 989 "-" "node-superagent/0.18.2"
170.75.162.130 - - [04/Jun/2015:03:45:18 -0700] "GET /lib/reccapi.php?resort=arapahoebasin HTTP/1.1" 200 1022 "-" "node-superagent/0.18.2"
170.75.162.130 - - [04/Jun/2015:03:45:18 -0700] "GET /lib/reccapi.php?resort=brianhead HTTP/1.1" 200 962 "-" "node-superagent/0.18.2"
170.75.162.130 - - [04/Jun/2015:03:45:18 -0700] "GET /lib/reccapi.php?resort=coppermountain HTTP/1.1" 200 1028 "-" "node-superagent/0.18.2"
170.75.162.130 - - [04/Jun/2015:03:45:18 -0700] "GET /lib/reccapi.php?resort=keystone HTTP/1.1" 200 1009 "-" "node-superagent/0.18.2"
170.75.162.130 - - [04/Jun/2015:03:45:18 -0700] "GET /lib/reccapi.php?resort=aspenheights HTTP/1.1" 200 1016 "-" "node-superagent/0.18.2"
170.75.162.130 - - [04/Jun/2015:03:45:18 -0700] "GET /lib/reccapi.php?resort=parkcity HTTP/1.1" 200 976 "-" "node-superagent/0.18.2"
170.75.162.130 - - [04/Jun/2015:03:45:18 -0700] "GET /lib/reccapi.php?resort=loveland HTTP/1.1" 200 1013 "-" "node-superagent/0.18.2"
170.75.162.130 - - [04/Jun/2015:03:45:18 -0700] "GET /lib/reccapi.php?resort=snowmass HTTP/1.1" 200 983 "-" "node-superagent/0.18.2"
170.75.162.130 - - [04/Jun/2015:03:45:18 -0700] "GET /lib/reccapi.php?resort=winterpark HTTP/1.1" 200 1014 "-" "node-superagent/0.18.2"
170.75.162.130 - - [04/Jun/2015:03:45:18 -0700] "GET /lib/reccapi.php?resort=steamboat HTTP/1.1" 200 971 "-" "node-superagent/0.18.2"
170.75.162.130 - - [04/Jun/2015:03:45:28 -0700] "GET /lib/reccapi.php?resort=brighton HTTP/1.1" 200 949 "-" "node-superagent/0.18.2"
66.249.79.14 - - [04/Jun/2015:03:45:41 -0700] "GET /resorts?resort=redmountain&date=2014-02-03 HTTP/1.1" 404 506 "-" "Mozilla/5.0 (iPhone; CPU iPhone OS 6_0 like Mac OS X) AppleWebKit/536.26 (KHTML, like Gecko) Version/6.0 Mobile/10A5376e Safari/8536.25 (compatible; Googlebot/2.1; +http://www.google.com/bot.html)"
170.75.162.130 - - [04/Jun/2015:03:46:18 -0700] "GET /lib/reccapi.php?resort=canyons HTTP/1.1" 200 960 "-" "node-superagent/0.18.2"
170.75.162.130 - - [04/Jun/2015:03:46:18 -0700] "GET /lib/reccapi.php?resort=monarch HTTP/1.1" 200 962 "-" "node-superagent/0.18.2"
170.75.162.130 - - [04/Jun/2015:03:46:18 -0700] "GET /lib/reccapi.php?resort=crestedbutte HTTP/1.1" 200 983 "-" "node-superagent/0.18.2"
170.75.162.130 - - [04/Jun/2015:03:46:18 -0700] "GET /lib/reccapi.php?resort=schweitzer HTTP/1.1" 200 1063 "-" "node-superagent/0.18.2"
170.75.162.130 - - [04/Jun/2015:03:46:18 -0700] "GET /lib/reccapi.php?resort=buttermilk HTTP/1.1" 200 969 "-" "node-superagent/0.18.2"
170.75.162.130 - - [04/Jun/2015:03:46:18 -0700] "GET /lib/reccapi.php?resort=snowbasin HTTP/1.1" 200 967 "-" "node-superagent/0.18.2"
115.186.155.20 - - [04/Jun/2015:03:47:47 -0700] "GET /images/viz-screenshot.png HTTP/1.1" 404 517 "http://ericfahsl.com/blog/35-creating-an-animated-javascript-heat-map-with-polymap" "Mozilla/5.0 (Windows NT 6.1; WOW64; rv:38.0) Gecko/20100101 Firefox/38.0"
66.249.79.14 - - [04/Jun/2015:03:54:55 -0700] "GET /resorts?resort=pajaritomountain&date=2014-01-15 HTTP/1.1" 404 506 "-" "Mozilla/5.0 (iPhone; CPU iPhone OS 6_0 like Mac OS X) AppleWebKit/536.26 (KHTML, like Gecko) Version/6.0 Mobile/10A5376e Safari/8536.25 (compatible; Googlebot/2.1; +http://www.google.com/bot.html)"
180.76.15.139 - - [04/Jun/2015:03:55:08 -0700] "GET /resorts?resort=porcupine&date=2014-01-06 HTTP/1.1" 404 472 "-" "Mozilla/5.0 (compatible; Baiduspider/2.0; +http://www.baidu.com/search/spider.html)"
66.249.79.1 - - [04/Jun/2015:04:04:45 -0700] "GET /resorts?resort=angelfire&date=2014-02-02 HTTP/1.1" 404 506 "-" "Mozilla/5.0 (iPhone; CPU iPhone OS 6_0 like Mac OS X) AppleWebKit/536.26 (KHTML, like Gecko) Version/6.0 Mobile/10A5376e Safari/8536.25 (compatible; Googlebot/2.1; +http://www.google.com/bot.html)"
123.125.71.38 - - [04/Jun/2015:04:07:22 -0700] "-" 408 0 "-" "-"
170.75.162.130 - - [04/Jun/2015:04:07:50 -0700] "GET /lib/reccapi.php?resort=northstar-at-tahoe HTTP/1.1" 200 1017 "-" "node-superagent/0.18.2"
220.181.108.117 - - [04/Jun/2015:04:11:10 -0700] "-" 408 0 "-" "-"
115.186.155.20 - - [04/Jun/2015:04:13:25 -0700] "GET /images/viz-screenshot.png HTTP/1.1" 404 517 "http://ericfahsl.com/blog/35-creating-an-animated-javascript-heat-map-with-polymap" "Mozilla/5.0 (Windows NT 6.1; WOW64; rv:38.0) Gecko/20100101 Firefox/38.0"
124.173.125.62 - - [04/Jun/2015:04:17:17 -0700] "GET / HTTP/1.1" 200 2320 "-" "Go 1.1 package http"
66.249.79.3 - - [04/Jun/2015:04:18:48 -0700] "GET / HTTP/1.1" 200 2376 "-" "Mozilla/5.0 (iPhone; CPU iPhone OS 6_0 like Mac OS X) AppleWebKit/536.26 (KHTML, like Gecko) Version/6.0 Mobile/10A5376e Safari/8536.25 (compatible; Googlebot/2.1; +http://www.google.com/bot.html)"
180.76.15.5 - - [04/Jun/2015:04:19:49 -0700] "GET /resorts?resort=mountbachelor HTTP/1.1" 404 469 "-" "Mozilla/5.0 (compatible; Baiduspider/2.0; +http://www.baidu.com/search/spider.html)"
180.76.15.147 - - [04/Jun/2015:04:25:08 -0700] "GET /resorts?resort=stevenspass&date=2014-04-07 HTTP/1.1" 404 472 "-" "Mozilla/5.0 (compatible; Baiduspider/2.0; +http://www.baidu.com/search/spider.html)"
66.249.79.16 - - [04/Jun/2015:04:28:03 -0700] "GET /styles/0fffd548.main.css HTTP/1.1" 200 19317 "-" "Mozilla/5.0 (compatible; Googlebot/2.1; +http://www.google.com/bot.html)"
35.0.127.52 - - [04/Jun/2015:04:31:31 -0700] "GET  / HTTP/1.0" 200 6114 "" "Mozilla/5.0 (Windows; U; Windows NT 6.1; en-US; rv:1.9.2.3) Gecko/20100401 Firefox/3.6.3"
170.75.162.130 - - [04/Jun/2015:04:43:24 -0700] "GET /lib/reccapi.php?resort=bigsky HTTP/1.1" 200 1016 "-" "node-superagent/0.18.2"
170.75.162.130 - - [04/Jun/2015:04:58:45 -0700] "GET /lib/reccapi.php?resort=homewoodmountain HTTP/1.1" 200 1031 "-" "node-superagent/0.18.2"
123.125.71.55 - - [04/Jun/2015:05:11:25 -0700] "-" 408 0 "-" "-"
170.75.162.130 - - [04/Jun/2015:05:12:16 -0700] "GET /lib/reccapi.php?resort=sunvalley HTTP/1.1" 200 1035 "-" "node-superagent/0.18.2"
220.181.108.102 - - [04/Jun/2015:05:14:36 -0700] "-" 408 0 "-" "-"
94.102.53.195 - - [04/Jun/2015:05:20:22 -0700] "GET /panel/theme/failed.png HTTP/1.1" 404 483 "-" "Mozilla/5.0 (Windows NT 6.1; WOW64; rv:8.0) Gecko/20100101 Firefox/8.0"
170.75.162.130 - - [04/Jun/2015:05:26:37 -0700] "GET /lib/reccapi.php?resort=hoodoo HTTP/1.1" 200 971 "-" "node-superagent/0.18.2"
170.75.162.130 - - [04/Jun/2015:05:26:58 -0700] "GET /lib/reccapi.php?resort=whistlerblackcomb HTTP/1.1" 200 920 "-" "node-superagent/0.18.2"
177.20.224.194 - - [04/Jun/2015:06:00:18 -0700] "GET / HTTP/1.1" 200 2376 "http://buttons-for-your-website.com" "Mozilla/5.0 (Windows NT 6.1; WOW64) AppleWebKit/537.36 (KHTML, like Gecko) Chrome/36.0.1985.143 Safari/537.36"
177.20.224.194 - - [04/Jun/2015:06:00:18 -0700] "GET /styles/0fffd548.main.css HTTP/1.1" 200 19316 "http://whereshouldiski.com/" "Mozilla/5.0 (Windows NT 6.1; WOW64) AppleWebKit/537.36 (KHTML, like Gecko) Chrome/36.0.1985.143 Safari/537.36"
177.20.224.194 - - [04/Jun/2015:06:00:19 -0700] "GET /scripts/scripts/vendor/modernizr.js HTTP/1.1" 200 4903 "http://whereshouldiski.com/" "Mozilla/5.0 (Windows NT 6.1; WOW64) AppleWebKit/537.36 (KHTML, like Gecko) Chrome/36.0.1985.143 Safari/537.36"
177.20.224.194 - - [04/Jun/2015:06:00:19 -0700] "GET /bower_components/requirejs/require.js HTTP/1.1" 200 6702 "http://whereshouldiski.com/" "Mozilla/5.0 (Windows NT 6.1; WOW64) AppleWebKit/537.36 (KHTML, like Gecko) Chrome/36.0.1985.143 Safari/537.36"
177.20.224.194 - - [04/Jun/2015:06:00:19 -0700] "GET /images/logo-sm.png HTTP/1.1" 200 16737 "http://whereshouldiski.com/" "Mozilla/5.0 (Windows NT 6.1; WOW64) AppleWebKit/537.36 (KHTML, like Gecko) Chrome/36.0.1985.143 Safari/537.36"
177.20.224.194 - - [04/Jun/2015:06:00:19 -0700] "GET /images/loading.gif HTTP/1.1" 200 13881 "http://whereshouldiski.com/" "Mozilla/5.0 (Windows NT 6.1; WOW64) AppleWebKit/537.36 (KHTML, like Gecko) Chrome/36.0.1985.143 Safari/537.36"
177.20.224.194 - - [04/Jun/2015:06:00:19 -0700] "GET /scripts/fa48e319.main.js HTTP/1.1" 200 123455 "http://whereshouldiski.com/" "Mozilla/5.0 (Windows NT 6.1; WOW64) AppleWebKit/537.36 (KHTML, like Gecko) Chrome/36.0.1985.143 Safari/537.36"
177.20.224.194 - - [04/Jun/2015:06:00:21 -0700] "GET /images/button.png HTTP/1.1" 200 598 "http://whereshouldiski.com/" "Mozilla/5.0 (Windows NT 6.1; WOW64) AppleWebKit/537.36 (KHTML, like Gecko) Chrome/36.0.1985.143 Safari/537.36"
177.20.224.194 - - [04/Jun/2015:06:00:21 -0700] "GET /lib/reccapi.php?fields=t HTTP/1.1" 200 1677 "http://whereshouldiski.com/" "Mozilla/5.0 (Windows NT 6.1; WOW64) AppleWebKit/537.36 (KHTML, like Gecko) Chrome/36.0.1985.143 Safari/537.36"
177.20.224.194 - - [04/Jun/2015:06:00:22 -0700] "GET /images/greyHeader.png HTTP/1.1" 200 508 "http://whereshouldiski.com/" "Mozilla/5.0 (Windows NT 6.1; WOW64) AppleWebKit/537.36 (KHTML, like Gecko) Chrome/36.0.1985.143 Safari/537.36"
177.20.224.194 - - [04/Jun/2015:06:00:22 -0700] "GET /images/star5.png HTTP/1.1" 200 1783 "http://whereshouldiski.com/" "Mozilla/5.0 (Windows NT 6.1; WOW64) AppleWebKit/537.36 (KHTML, like Gecko) Chrome/36.0.1985.143 Safari/537.36"
177.20.224.194 - - [04/Jun/2015:06:00:22 -0700] "GET /images/snowflake5.png HTTP/1.1" 200 2857 "http://whereshouldiski.com/" "Mozilla/5.0 (Windows NT 6.1; WOW64) AppleWebKit/537.36 (KHTML, like Gecko) Chrome/36.0.1985.143 Safari/537.36"
177.20.224.194 - - [04/Jun/2015:06:00:22 -0700] "GET /images/bluebird5.png HTTP/1.1" 200 2177 "http://whereshouldiski.com/" "Mozilla/5.0 (Windows NT 6.1; WOW64) AppleWebKit/537.36 (KHTML, like Gecko) Chrome/36.0.1985.143 Safari/537.36"
177.20.224.194 - - [04/Jun/2015:06:00:22 -0700] "GET /images/mtns-icon.png HTTP/1.1" 200 1096 "http://whereshouldiski.com/" "Mozilla/5.0 (Windows NT 6.1; WOW64) AppleWebKit/537.36 (KHTML, like Gecko) Chrome/36.0.1985.143 Safari/537.36"
177.20.224.194 - - [04/Jun/2015:06:00:22 -0700] "GET /images/shading-icon.png HTTP/1.1" 200 537 "http://whereshouldiski.com/" "Mozilla/5.0 (Windows NT 6.1; WOW64) AppleWebKit/537.36 (KHTML, like Gecko) Chrome/36.0.1985.143 Safari/537.36"
177.20.224.194 - - [04/Jun/2015:06:00:43 -0700] "-" 408 0 "-" "-"
177.20.224.194 - - [04/Jun/2015:06:00:43 -0700] "-" 408 0 "-" "-"
127.0.0.1 - - [04/Jun/2015:06:00:44 -0700] "OPTIONS * HTTP/1.0" 200 126 "-" "Apache/2.2.22 (Ubuntu) (internal dummy connection)"
170.75.162.130 - - [04/Jun/2015:06:09:02 -0700] "GET /lib/reccapi.php?resort=heavenly HTTP/1.1" 200 1033 "-" "node-superagent/0.18.2"
170.75.162.130 - - [04/Jun/2015:06:19:12 -0700] "GET /lib/reccapi.php?resort=sugarbowl HTTP/1.1" 200 1013 "-" "node-superagent/0.18.2"
170.75.162.130 - - [04/Jun/2015:06:19:12 -0700] "GET /lib/reccapi.php?resort=mountainhigh HTTP/1.1" 200 989 "-" "node-superagent/0.18.2"
170.75.162.130 - - [04/Jun/2015:06:19:13 -0700] "GET /lib/reccapi.php?resort=kirkwood HTTP/1.1" 200 1102 "-" "node-superagent/0.18.2"
170.75.162.130 - - [04/Jun/2015:06:32:34 -0700] "GET /lib/reccapi.php?resort=bigwhite HTTP/1.1" 200 911 "-" "node-superagent/0.18.2"
66.249.79.250 - - [04/Jun/2015:06:35:38 -0700] "GET /resorts?resort=grandtarghee&date=2014-03-07 HTTP/1.1" 404 506 "-" "Mozilla/5.0 (iPhone; CPU iPhone OS 6_0 like Mac OS X) AppleWebKit/536.26 (KHTML, like Gecko) Version/6.0 Mobile/10A5376e Safari/8536.25 (compatible; Googlebot/2.1; +http://www.google.com/bot.html)"
180.76.15.13 - - [04/Jun/2015:06:38:40 -0700] "GET /resorts?resort=schweitzer HTTP/1.1" 404 469 "-" "Mozilla/5.0 (compatible; Baiduspider/2.0; +http://www.baidu.com/search/spider.html)"
170.75.162.130 - - [04/Jun/2015:06:48:25 -0700] "GET /lib/reccapi.php?resort=redmountain HTTP/1.1" 200 899 "-" "node-superagent/0.18.2"
207.46.13.125 - - [04/Jun/2015:06:51:50 -0700] "GET /about HTTP/1.1" 404 506 "-" "Mozilla/5.0 (compatible; bingbot/2.0; +http://www.bing.com/bingbot.htm)"
123.125.71.82 - - [04/Jun/2015:07:03:37 -0700] "-" 408 0 "-" "-"
54.166.0.170 - - [04/Jun/2015:07:05:48 -0700] "GET /robots.txt HTTP/1.1" 200 363 "-" "Googlebot (gocrawl v0.4)"
54.166.0.170 - - [04/Jun/2015:07:06:00 -0700] "GET / HTTP/1.1" 200 2320 "-" "Mozilla/5.0 (Windows NT 6.1; rv:15.0) Gecko/20120716 Firefox/15.0a2"
220.181.108.112 - - [04/Jun/2015:07:07:16 -0700] "-" 408 0 "-" "-"
176.32.159.3 - - [04/Jun/2015:07:07:27 -0700] "GET /images/wsis-logo-sm.png HTTP/1.1" 200 6108 "http://www.thebackcountry.net/" "Mozilla/5.0 (Windows NT 6.1; WOW64; rv:37.0) Gecko/20100101 Firefox/37.0"
157.55.39.14 - - [04/Jun/2015:07:17:32 -0700] "GET /robots.txt HTTP/1.1" 200 375 "-" "Mozilla/5.0 (compatible; bingbot/2.0; +http://www.bing.com/bingbot.htm)"
157.55.39.14 - - [04/Jun/2015:07:17:35 -0700] "GET / HTTP/1.1" 200 2376 "-" "Mozilla/5.0 (compatible; bingbot/2.0; +http://www.bing.com/bingbot.htm)"
170.75.162.130 - - [04/Jun/2015:07:17:38 -0700] "GET /lib/reccapi.php?resort=silverstarmountain HTTP/1.1" 200 925 "-" "node-superagent/0.18.2"
54.166.0.170 - - [04/Jun/2015:07:23:33 -0700] "GET /robots.txt HTTP/1.1" 200 363 "-" "Googlebot (gocrawl v0.4)"
54.166.0.170 - - [04/Jun/2015:07:23:45 -0700] "GET / HTTP/1.1" 200 2320 "-" "Mozilla/5.0 (Windows NT 6.1; rv:15.0) Gecko/20120716 Firefox/15.0a2"
170.75.162.130 - - [04/Jun/2015:07:31:19 -0700] "GET /lib/reccapi.php?resort=diamondpeak HTTP/1.1" 200 1007 "-" "node-superagent/0.18.2"
104.154.52.131 - - [04/Jun/2015:07:48:25 -0700] "GET / HTTP/1.0" 200 6151 "-" "NerdyBot"
66.249.79.250 - - [04/Jun/2015:07:50:46 -0700] "GET / HTTP/1.1" 200 2376 "-" "SAMSUNG-SGH-E250/1.0 Profile/MIDP-2.0 Configuration/CLDC-1.1 UP.Browser/6.2.3.3.c.1.101 (GUI) MMP/2.0 (compatible; Googlebot-Mobile/2.1; +http://www.google.com/bot.html)"
66.249.79.14 - - [04/Jun/2015:07:51:10 -0700] "GET / HTTP/1.1" 200 2376 "-" "DoCoMo/2.0 N905i(c100;TB;W24H16) (compatible; Googlebot-Mobile/2.1; +http://www.google.com/bot.html)"
180.76.15.156 - - [04/Jun/2015:07:53:30 -0700] "GET /resorts?resort=tetonpass&date=2014-04-13 HTTP/1.1" 404 472 "-" "Mozilla/5.0 (compatible; Baiduspider/2.0; +http://www.baidu.com/search/spider.html)"
123.125.71.28 - - [04/Jun/2015:08:06:22 -0700] "-" 408 0 "-" "-"
220.181.108.117 - - [04/Jun/2015:08:08:35 -0700] "-" 408 0 "-" "-"
104.7.198.162 - - [04/Jun/2015:08:23:34 -0700] "GET /images/wsis-logo-sm.png HTTP/1.1" 200 6108 "http://www.thebackcountry.net/" "Mozilla/5.0 (iPad; CPU OS 8_2 like Mac OS X) AppleWebKit/600.1.4 (KHTML, like Gecko) Version/8.0 Mobile/12D508 Safari/600.1.4"
162.211.122.43 - - [04/Jun/2015:08:48:35 -0700] "GET / HTTP/1.1" 200 2339 "http://www.whereshouldiski.com" "Mozilla/5.0 (Windows NT 6.1; WOW64; rv:34.0) Gecko/20100101 Firefox/34.0"
170.75.162.130 - - [04/Jun/2015:08:52:37 -0700] "GET /lib/reccapi.php?resort=redlodge HTTP/1.1" 200 1075 "-" "node-superagent/0.18.2"
66.249.79.14 - - [04/Jun/2015:08:58:17 -0700] "GET /resorts?resort=aspenmountain&date=2014-02-01 HTTP/1.1" 404 506 "-" "Mozilla/5.0 (iPhone; CPU iPhone OS 6_0 like Mac OS X) AppleWebKit/536.26 (KHTML, like Gecko) Version/6.0 Mobile/10A5376e Safari/8536.25 (compatible; Googlebot/2.1; +http://www.google.com/bot.html)"
192.99.150.120 - - [04/Jun/2015:09:09:32 -0700] "HEAD / HTTP/1.1" 200 371 "http://domainsigma.com/whois/whereshouldiski.com" "Mozilla/5.0 (compatible; DomainSigmaCrawler/0.1; +http://domainsigma.com/robot)"
123.125.71.115 - - [04/Jun/2015:09:18:11 -0700] "-" 408 0 "-" "-"
75.5.240.119 - - [04/Jun/2015:09:19:20 -0700] "GET /images/wsis-logo-sm.png HTTP/1.1" 200 6108 "http://www.thebackcountry.net/" "Mozilla/5.0 (Linux; Android 4.4.4; XT1080 Build/SU6-7.2) AppleWebKit/537.36 (KHTML, like Gecko) Chrome/43.0.2357.78 Mobile Safari/537.36"
199.30.25.1 - - [04/Jun/2015:09:20:18 -0700] "GET /images/wsis-logo-sm.png HTTP/1.1" 200 6052 "http://www.thebackcountry.net/" "Mozilla/5.0 (iPhone; CPU iPhone OS 7_0 like Mac OS X) AppleWebKit/537.51.1 (KHTML, like Gecko) Version/7.0 Mobile/11A465 Safari/9537.53 BingPreview/1.0b"
207.46.13.106 - - [04/Jun/2015:09:20:28 -0700] "GET /robots.txt HTTP/1.1" 200 419 "-" "Mozilla/5.0 (compatible; bingbot/2.0; +http://www.bing.com/bingbot.htm)"
220.181.108.140 - - [04/Jun/2015:09:22:28 -0700] "-" 408 0 "-" "-"
76.126.112.200 - - [04/Jun/2015:09:25:33 -0700] "GET /images/wsis-logo-sm.png HTTP/1.1" 200 6108 "http://www.thebackcountry.net/" "Mozilla/5.0 (X11; Ubuntu; Linux i686; rv:35.0) Gecko/20100101 Firefox/35.0"
170.75.162.130 - - [04/Jun/2015:09:42:21 -0700] "GET /lib/reccapi.php?resort=taos HTTP/1.1" 200 956 "-" "node-superagent/0.18.2"
170.75.162.130 - - [04/Jun/2015:09:51:22 -0700] "GET /lib/reccapi.php?resort=whitefacemountain HTTP/1.1" 200 952 "-" "node-superagent/0.18.2"
170.75.162.130 - - [04/Jun/2015:09:53:42 -0700] "GET /lib/reccapi.php?resort=mounthoodmeadows HTTP/1.1" 200 995 "-" "node-superagent/0.18.2"
170.75.162.130 - - [04/Jun/2015:09:53:42 -0700] "GET /lib/reccapi.php?resort=mountbachelor HTTP/1.1" 200 984 "-" "node-superagent/0.18.2"
123.125.71.12 - - [04/Jun/2015:09:56:54 -0700] "-" 408 0 "-" "-"
170.75.162.130 - - [04/Jun/2015:09:57:33 -0700] "GET /lib/reccapi.php?resort=crystalmountain HTTP/1.1" 200 971 "-" "node-superagent/0.18.2"
170.75.162.130 - - [04/Jun/2015:09:57:33 -0700] "GET /lib/reccapi.php?resort=mountspokane HTTP/1.1" 200 1037 "-" "node-superagent/0.18.2"
67.168.154.19 - - [04/Jun/2015:09:59:49 -0700] "GET / HTTP/1.1" 200 2376 "-" "Mozilla/5.0 (Windows NT 6.3; WOW64) AppleWebKit/537.36 (KHTML, like Gecko) Chrome/43.0.2357.81 Safari/537.36"
67.168.154.19 - - [04/Jun/2015:09:59:49 -0700] "GET /scripts/scripts/vendor/modernizr.js HTTP/1.1" 200 4903 "http://whereshouldiski.com/" "Mozilla/5.0 (Windows NT 6.3; WOW64) AppleWebKit/537.36 (KHTML, like Gecko) Chrome/43.0.2357.81 Safari/537.36"
67.168.154.19 - - [04/Jun/2015:09:59:49 -0700] "GET /styles/0fffd548.main.css HTTP/1.1" 200 19316 "http://whereshouldiski.com/" "Mozilla/5.0 (Windows NT 6.3; WOW64) AppleWebKit/537.36 (KHTML, like Gecko) Chrome/43.0.2357.81 Safari/537.36"
67.168.154.19 - - [04/Jun/2015:09:59:49 -0700] "GET /bower_components/requirejs/require.js HTTP/1.1" 200 6702 "http://whereshouldiski.com/" "Mozilla/5.0 (Windows NT 6.3; WOW64) AppleWebKit/537.36 (KHTML, like Gecko) Chrome/43.0.2357.81 Safari/537.36"
67.168.154.19 - - [04/Jun/2015:09:59:49 -0700] "GET /images/logo-sm.png HTTP/1.1" 200 16738 "http://whereshouldiski.com/" "Mozilla/5.0 (Windows NT 6.3; WOW64) AppleWebKit/537.36 (KHTML, like Gecko) Chrome/43.0.2357.81 Safari/537.36"
67.168.154.19 - - [04/Jun/2015:09:59:49 -0700] "GET /images/loading.gif HTTP/1.1" 200 13881 "http://whereshouldiski.com/" "Mozilla/5.0 (Windows NT 6.3; WOW64) AppleWebKit/537.36 (KHTML, like Gecko) Chrome/43.0.2357.81 Safari/537.36"
67.168.154.19 - - [04/Jun/2015:09:59:49 -0700] "GET /scripts/fa48e319.main.js HTTP/1.1" 200 123455 "http://whereshouldiski.com/" "Mozilla/5.0 (Windows NT 6.3; WOW64) AppleWebKit/537.36 (KHTML, like Gecko) Chrome/43.0.2357.81 Safari/537.36"
67.168.154.19 - - [04/Jun/2015:09:59:50 -0700] "GET /images/button.png HTTP/1.1" 200 598 "http://whereshouldiski.com/styles/0fffd548.main.css" "Mozilla/5.0 (Windows NT 6.3; WOW64) AppleWebKit/537.36 (KHTML, like Gecko) Chrome/43.0.2357.81 Safari/537.36"
67.168.154.19 - - [04/Jun/2015:09:59:50 -0700] "GET /images/greyHeader.png HTTP/1.1" 200 508 "http://whereshouldiski.com/styles/0fffd548.main.css" "Mozilla/5.0 (Windows NT 6.3; WOW64) AppleWebKit/537.36 (KHTML, like Gecko) Chrome/43.0.2357.81 Safari/537.36"
67.168.154.19 - - [04/Jun/2015:09:59:50 -0700] "GET /lib/reccapi.php?fields=t HTTP/1.1" 200 1685 "http://whereshouldiski.com/" "Mozilla/5.0 (Windows NT 6.3; WOW64) AppleWebKit/537.36 (KHTML, like Gecko) Chrome/43.0.2357.81 Safari/537.36"
67.168.154.19 - - [04/Jun/2015:09:59:50 -0700] "GET /images/star5.png HTTP/1.1" 200 1783 "http://whereshouldiski.com/styles/0fffd548.main.css" "Mozilla/5.0 (Windows NT 6.3; WOW64) AppleWebKit/537.36 (KHTML, like Gecko) Chrome/43.0.2357.81 Safari/537.36"
67.168.154.19 - - [04/Jun/2015:09:59:50 -0700] "GET /images/mtns-icon.png HTTP/1.1" 200 1096 "http://whereshouldiski.com/styles/0fffd548.main.css" "Mozilla/5.0 (Windows NT 6.3; WOW64) AppleWebKit/537.36 (KHTML, like Gecko) Chrome/43.0.2357.81 Safari/537.36"
67.168.154.19 - - [04/Jun/2015:09:59:50 -0700] "GET /images/bluebird5.png HTTP/1.1" 200 2177 "http://whereshouldiski.com/styles/0fffd548.main.css" "Mozilla/5.0 (Windows NT 6.3; WOW64) AppleWebKit/537.36 (KHTML, like Gecko) Chrome/43.0.2357.81 Safari/537.36"
67.168.154.19 - - [04/Jun/2015:09:59:50 -0700] "GET /images/snowflake5.png HTTP/1.1" 200 2857 "http://whereshouldiski.com/styles/0fffd548.main.css" "Mozilla/5.0 (Windows NT 6.3; WOW64) AppleWebKit/537.36 (KHTML, like Gecko) Chrome/43.0.2357.81 Safari/537.36"
67.168.154.19 - - [04/Jun/2015:09:59:50 -0700] "GET /images/shading-icon.png HTTP/1.1" 200 537 "http://whereshouldiski.com/styles/0fffd548.main.css" "Mozilla/5.0 (Windows NT 6.3; WOW64) AppleWebKit/537.36 (KHTML, like Gecko) Chrome/43.0.2357.81 Safari/537.36"
67.168.154.19 - - [04/Jun/2015:09:59:50 -0700] "GET /favicon.ico HTTP/1.1" 200 1475 "http://whereshouldiski.com/" "Mozilla/5.0 (Windows NT 6.3; WOW64) AppleWebKit/537.36 (KHTML, like Gecko) Chrome/43.0.2357.81 Safari/537.36"
103.28.38.125 - - [04/Jun/2015:10:00:20 -0700] "GET /cgi-sys/entropysearch.cgi HTTP/1.1" 404 542 "-" "the beast"
220.181.108.79 - - [04/Jun/2015:10:00:21 -0700] "-" 408 0 "-" "-"
170.75.162.130 - - [04/Jun/2015:10:03:13 -0700] "GET /lib/reccapi.php?resort=alta HTTP/1.1" 200 947 "-" "node-superagent/0.18.2"
170.75.162.130 - - [04/Jun/2015:10:03:13 -0700] "GET /lib/reccapi.php?resort=killington HTTP/1.1" 200 947 "-" "node-superagent/0.18.2"
170.75.162.130 - - [04/Jun/2015:10:03:13 -0700] "GET /lib/reccapi.php?resort=sugarloaf HTTP/1.1" 200 969 "-" "node-superagent/0.18.2"
180.76.15.145 - - [04/Jun/2015:10:13:29 -0700] "GET / HTTP/1.1" 200 2339 "-" "Mozilla/5.0 (compatible; Baiduspider/2.0; +http://www.baidu.com/search/spider.html)"
170.75.162.130 - - [04/Jun/2015:10:14:44 -0700] "GET /lib/reccapi.php?resort=alpinemeadows HTTP/1.1" 200 1090 "-" "node-superagent/0.18.2"
170.75.162.130 - - [04/Jun/2015:10:15:34 -0700] "GET /lib/reccapi.php?resort=devilshead HTTP/1.1" 200 940 "-" "node-superagent/0.18.2"
170.75.162.130 - - [04/Jun/2015:10:20:45 -0700] "GET /lib/reccapi.php?resort=angelfire HTTP/1.1" 200 973 "-" "node-superagent/0.18.2"
54.198.56.179 - - [04/Jun/2015:10:21:27 -0700] "HEAD / HTTP/1.1" 200 291 "-" "Cloud mapping experiment. Contact research@pdrlabs.net"
170.75.162.130 - - [04/Jun/2015:10:30:26 -0700] "GET /lib/reccapi.php?resort=sundayriver HTTP/1.1" 200 988 "-" "node-superagent/0.18.2"
76.73.11.226 - - [04/Jun/2015:10:40:06 -0700] "GET /images/wsis-logo-sm.png HTTP/1.1" 200 6108 "http://www.thebackcountry.net//?kw=es.imvu.com" "Mozilla/5.0 (Windows NT 6.1) AppleWebKit/537.36 (KHTML, like Gecko) Chrome/43.0.2357.81 Safari/537.36"
213.133.97.216 - - [04/Jun/2015:10:44:53 -0700] "GET / HTTP/1.1" 200 6114 "-" "Mozilla/5.0 (Windows NT 6.1; rv:36.0) Gecko/20100101 Firefox/36.0"
170.75.162.130 - - [04/Jun/2015:10:57:18 -0700] "GET /lib/reccapi.php?resort=sunvalley HTTP/1.1" 200 1036 "-" "node-superagent/0.18.2"
170.75.162.130 - - [04/Jun/2015:10:57:18 -0700] "GET /lib/reccapi.php?resort=schweitzer HTTP/1.1" 200 1075 "-" "node-superagent/0.18.2"
202.109.143.88 - - [04/Jun/2015:10:57:45 -0700] "GET /manager/html HTTP/1.1" 404 470 "-" "Mozilla/3.0 (compatible; Indy Library)"
170.75.162.130 - - [04/Jun/2015:10:59:38 -0700] "GET /lib/reccapi.php?resort=squawvalleyusa HTTP/1.1" 200 1031 "-" "node-superagent/0.18.2"
123.125.71.70 - - [04/Jun/2015:10:59:46 -0700] "-" 408 0 "-" "-"
202.109.143.88 - - [04/Jun/2015:11:00:06 -0700] "GET /manager/html HTTP/1.1" 404 470 "-" "Mozilla/3.0 (compatible; Indy Library)"
79.52.218.28 - - [04/Jun/2015:11:11:36 -0700] "GET /tmUnblock.cgi HTTP/1.1" 400 539 "-" "-"
79.52.218.28 - - [04/Jun/2015:11:11:41 -0700] "GET / HTTP/1.1" 400 539 "-" "-"
170.75.162.130 - - [04/Jun/2015:11:17:00 -0700] "GET /lib/reccapi.php?resort=stevenspass HTTP/1.1" 200 984 "-" "node-superagent/0.18.2"
66.249.79.250 - - [04/Jun/2015:11:19:07 -0700] "GET / HTTP/1.1" 200 2376 "-" "Mozilla/5.0 (iPhone; CPU iPhone OS 6_0 like Mac OS X) AppleWebKit/536.26 (KHTML, like Gecko) Version/6.0 Mobile/10A5376e Safari/8536.25 (compatible; Googlebot/2.1; +http://www.google.com/bot.html)"
66.249.79.250 - - [04/Jun/2015:11:29:04 -0700] "GET /styles/0fffd548.main.css HTTP/1.1" 200 19317 "-" "Mozilla/5.0 (compatible; Googlebot/2.1; +http://www.google.com/bot.html)"
170.75.162.130 - - [04/Jun/2015:11:37:42 -0700] "GET /lib/reccapi.php?resort=chinapeak HTTP/1.1" 200 1011 "-" "node-superagent/0.18.2"
99.114.158.255 - - [04/Jun/2015:11:41:05 -0700] "GET /images/wsis-logo-sm.png HTTP/1.1" 200 6108 "http://www.thebackcountry.net/" "Mozilla/5.0 (Windows NT 6.3; WOW64; Trident/7.0; rv:11.0) like Gecko"
66.215.133.146 - - [04/Jun/2015:11:41:19 -0700] "GET /images/wsis-logo-sm.png HTTP/1.1" 200 6108 "http://www.thebackcountry.net/" "Mozilla/5.0 (Macintosh; Intel Mac OS X 10_10_4) AppleWebKit/600.7.5 (KHTML, like Gecko) Version/8.0.7 Safari/600.7.5"
99.114.158.255 - - [04/Jun/2015:11:41:26 -0700] "-" 408 0 "-" "-"
63.253.45.148 - - [04/Jun/2015:11:42:00 -0700] "GET /images/wsis-logo-sm.png HTTP/1.1" 200 6108 "http://www.thebackcountry.net/" "Mozilla/5.0 (Windows NT 6.0) AppleWebKit/537.36 (KHTML, like Gecko) Chrome/43.0.2357.81 Safari/537.36"
99.114.158.255 - - [04/Jun/2015:11:42:19 -0700] "-" 408 0 "-" "-"
212.69.198.194 - - [04/Jun/2015:11:51:38 -0700] "HEAD http://54.245.232.47:80/mysql/admin/ HTTP/1.1" 404 219 "-" "Mozilla/5.0 Jorgee"
212.69.198.194 - - [04/Jun/2015:11:51:38 -0700] "HEAD http://54.245.232.47:80/mysql/dbadmin/ HTTP/1.1" 404 218 "-" "Mozilla/5.0 Jorgee"
212.69.198.194 - - [04/Jun/2015:11:51:39 -0700] "HEAD http://54.245.232.47:80/mysql/sqlmanager/ HTTP/1.1" 404 218 "-" "Mozilla/5.0 Jorgee"
212.69.198.194 - - [04/Jun/2015:11:51:39 -0700] "HEAD http://54.245.232.47:80/mysql/mysqlmanager/ HTTP/1.1" 404 218 "-" "Mozilla/5.0 Jorgee"
212.69.198.194 - - [04/Jun/2015:11:51:39 -0700] "HEAD http://54.245.232.47:80/phpmyadmin/ HTTP/1.1" 404 218 "-" "Mozilla/5.0 Jorgee"
212.69.198.194 - - [04/Jun/2015:11:51:39 -0700] "HEAD http://54.245.232.47:80/phpMyadmin/ HTTP/1.1" 404 218 "-" "Mozilla/5.0 Jorgee"
212.69.198.194 - - [04/Jun/2015:11:51:39 -0700] "HEAD http://54.245.232.47:80/phpMyAdmin/ HTTP/1.1" 404 218 "-" "Mozilla/5.0 Jorgee"
212.69.198.194 - - [04/Jun/2015:11:51:39 -0700] "HEAD http://54.245.232.47:80/phpmyAdmin/ HTTP/1.1" 404 218 "-" "Mozilla/5.0 Jorgee"
212.69.198.194 - - [04/Jun/2015:11:51:39 -0700] "HEAD http://54.245.232.47:80/phpmyadmin2/ HTTP/1.1" 404 218 "-" "Mozilla/5.0 Jorgee"
212.69.198.194 - - [04/Jun/2015:11:51:40 -0700] "HEAD http://54.245.232.47:80/phpmyadmin3/ HTTP/1.1" 404 218 "-" "Mozilla/5.0 Jorgee"
212.69.198.194 - - [04/Jun/2015:11:51:40 -0700] "HEAD http://54.245.232.47:80/phpmyadmin4/ HTTP/1.1" 404 218 "-" "Mozilla/5.0 Jorgee"
212.69.198.194 - - [04/Jun/2015:11:51:40 -0700] "HEAD http://54.245.232.47:80/2phpmyadmin/ HTTP/1.1" 404 218 "-" "Mozilla/5.0 Jorgee"
212.69.198.194 - - [04/Jun/2015:11:51:40 -0700] "HEAD http://54.245.232.47:80/phpmy/ HTTP/1.1" 404 218 "-" "Mozilla/5.0 Jorgee"
212.69.198.194 - - [04/Jun/2015:11:51:40 -0700] "HEAD http://54.245.232.47:80/phppma/ HTTP/1.1" 404 218 "-" "Mozilla/5.0 Jorgee"
212.69.198.194 - - [04/Jun/2015:11:51:40 -0700] "HEAD http://54.245.232.47:80/myadmin/ HTTP/1.1" 404 218 "-" "Mozilla/5.0 Jorgee"
212.69.198.194 - - [04/Jun/2015:11:51:40 -0700] "HEAD http://54.245.232.47:80/shopdb/ HTTP/1.1" 404 218 "-" "Mozilla/5.0 Jorgee"
212.69.198.194 - - [04/Jun/2015:11:51:41 -0700] "HEAD http://54.245.232.47:80/MyAdmin/ HTTP/1.1" 404 218 "-" "Mozilla/5.0 Jorgee"
212.69.198.194 - - [04/Jun/2015:11:51:41 -0700] "HEAD http://54.245.232.47:80/program/ HTTP/1.1" 404 218 "-" "Mozilla/5.0 Jorgee"
212.69.198.194 - - [04/Jun/2015:11:51:41 -0700] "HEAD http://54.245.232.47:80/PMA/ HTTP/1.1" 404 218 "-" "Mozilla/5.0 Jorgee"
212.69.198.194 - - [04/Jun/2015:11:51:41 -0700] "HEAD http://54.245.232.47:80/dbadmin/ HTTP/1.1" 404 218 "-" "Mozilla/5.0 Jorgee"
212.69.198.194 - - [04/Jun/2015:11:51:41 -0700] "HEAD http://54.245.232.47:80/pma/ HTTP/1.1" 404 218 "-" "Mozilla/5.0 Jorgee"
212.69.198.194 - - [04/Jun/2015:11:51:41 -0700] "HEAD http://54.245.232.47:80/db/ HTTP/1.1" 404 218 "-" "Mozilla/5.0 Jorgee"
212.69.198.194 - - [04/Jun/2015:11:51:41 -0700] "HEAD http://54.245.232.47:80/admin/ HTTP/1.1" 404 218 "-" "Mozilla/5.0 Jorgee"
212.69.198.194 - - [04/Jun/2015:11:51:42 -0700] "HEAD http://54.245.232.47:80/mysql/ HTTP/1.1" 404 218 "-" "Mozilla/5.0 Jorgee"
212.69.198.194 - - [04/Jun/2015:11:51:42 -0700] "HEAD http://54.245.232.47:80/database/ HTTP/1.1" 404 218 "-" "Mozilla/5.0 Jorgee"
212.69.198.194 - - [04/Jun/2015:11:51:42 -0700] "HEAD http://54.245.232.47:80/db/phpmyadmin/ HTTP/1.1" 404 218 "-" "Mozilla/5.0 Jorgee"
212.69.198.194 - - [04/Jun/2015:11:51:42 -0700] "HEAD http://54.245.232.47:80/db/phpMyAdmin/ HTTP/1.1" 404 218 "-" "Mozilla/5.0 Jorgee"
212.69.198.194 - - [04/Jun/2015:11:51:42 -0700] "HEAD http://54.245.232.47:80/sqlmanager/ HTTP/1.1" 404 218 "-" "Mozilla/5.0 Jorgee"
212.69.198.194 - - [04/Jun/2015:11:51:42 -0700] "HEAD http://54.245.232.47:80/mysqlmanager/ HTTP/1.1" 404 218 "-" "Mozilla/5.0 Jorgee"
212.69.198.194 - - [04/Jun/2015:11:51:42 -0700] "HEAD http://54.245.232.47:80/php-myadmin/ HTTP/1.1" 404 218 "-" "Mozilla/5.0 Jorgee"
212.69.198.194 - - [04/Jun/2015:11:51:43 -0700] "HEAD http://54.245.232.47:80/phpmy-admin/ HTTP/1.1" 404 218 "-" "Mozilla/5.0 Jorgee"
212.69.198.194 - - [04/Jun/2015:11:51:43 -0700] "HEAD http://54.245.232.47:80/mysqladmin/ HTTP/1.1" 404 218 "-" "Mozilla/5.0 Jorgee"
212.69.198.194 - - [04/Jun/2015:11:51:43 -0700] "HEAD http://54.245.232.47:80/mysql-admin/ HTTP/1.1" 404 218 "-" "Mozilla/5.0 Jorgee"
212.69.198.194 - - [04/Jun/2015:11:51:43 -0700] "HEAD http://54.245.232.47:80/admin/phpmyadmin/ HTTP/1.1" 404 218 "-" "Mozilla/5.0 Jorgee"
212.69.198.194 - - [04/Jun/2015:11:51:43 -0700] "HEAD http://54.245.232.47:80/admin/phpMyAdmin/ HTTP/1.1" 404 218 "-" "Mozilla/5.0 Jorgee"
212.69.198.194 - - [04/Jun/2015:11:51:43 -0700] "HEAD http://54.245.232.47:80/admin/sysadmin/ HTTP/1.1" 404 218 "-" "Mozilla/5.0 Jorgee"
212.69.198.194 - - [04/Jun/2015:11:51:43 -0700] "HEAD http://54.245.232.47:80/admin/sqladmin/ HTTP/1.1" 404 218 "-" "Mozilla/5.0 Jorgee"
212.69.198.194 - - [04/Jun/2015:11:51:44 -0700] "HEAD http://54.245.232.47:80/admin/db/ HTTP/1.1" 404 218 "-" "Mozilla/5.0 Jorgee"
212.69.198.194 - - [04/Jun/2015:11:51:44 -0700] "HEAD http://54.245.232.47:80/admin/web/ HTTP/1.1" 404 218 "-" "Mozilla/5.0 Jorgee"
212.69.198.194 - - [04/Jun/2015:11:51:44 -0700] "HEAD http://54.245.232.47:80/admin/pMA/ HTTP/1.1" 404 218 "-" "Mozilla/5.0 Jorgee"
212.69.198.194 - - [04/Jun/2015:11:51:44 -0700] "HEAD http://54.245.232.47:80/mysql/pma/ HTTP/1.1" 404 218 "-" "Mozilla/5.0 Jorgee"
212.69.198.194 - - [04/Jun/2015:11:51:44 -0700] "HEAD http://54.245.232.47:80/mysql/db/ HTTP/1.1" 404 218 "-" "Mozilla/5.0 Jorgee"
212.69.198.194 - - [04/Jun/2015:11:51:44 -0700] "HEAD http://54.245.232.47:80/mysql/web/ HTTP/1.1" 404 218 "-" "Mozilla/5.0 Jorgee"
212.69.198.194 - - [04/Jun/2015:11:51:44 -0700] "HEAD http://54.245.232.47:80/mysql/pMA/ HTTP/1.1" 404 218 "-" "Mozilla/5.0 Jorgee"
212.69.198.194 - - [04/Jun/2015:11:51:45 -0700] "HEAD http://54.245.232.47:80/sql/phpmanager/ HTTP/1.1" 404 218 "-" "Mozilla/5.0 Jorgee"
212.69.198.194 - - [04/Jun/2015:11:51:45 -0700] "HEAD http://54.245.232.47:80/sql/php-myadmin/ HTTP/1.1" 404 218 "-" "Mozilla/5.0 Jorgee"
212.69.198.194 - - [04/Jun/2015:11:51:45 -0700] "HEAD http://54.245.232.47:80/sql/phpmy-admin/ HTTP/1.1" 404 218 "-" "Mozilla/5.0 Jorgee"
212.69.198.194 - - [04/Jun/2015:11:51:45 -0700] "HEAD http://54.245.232.47:80/sql/sql/ HTTP/1.1" 404 218 "-" "Mozilla/5.0 Jorgee"
212.69.198.194 - - [04/Jun/2015:11:51:45 -0700] "HEAD http://54.245.232.47:80/sql/myadmin/ HTTP/1.1" 404 218 "-" "Mozilla/5.0 Jorgee"
212.69.198.194 - - [04/Jun/2015:11:51:45 -0700] "HEAD http://54.245.232.47:80/sql/webadmin/ HTTP/1.1" 404 218 "-" "Mozilla/5.0 Jorgee"
212.69.198.194 - - [04/Jun/2015:11:51:45 -0700] "HEAD http://54.245.232.47:80/sql/sqlweb/ HTTP/1.1" 404 218 "-" "Mozilla/5.0 Jorgee"
212.69.198.194 - - [04/Jun/2015:11:51:46 -0700] "HEAD http://54.245.232.47:80/sql/websql/ HTTP/1.1" 404 218 "-" "Mozilla/5.0 Jorgee"
212.69.198.194 - - [04/Jun/2015:11:51:46 -0700] "HEAD http://54.245.232.47:80/sql/webdb/ HTTP/1.1" 404 218 "-" "Mozilla/5.0 Jorgee"
212.69.198.194 - - [04/Jun/2015:11:51:46 -0700] "HEAD http://54.245.232.47:80/sql/sqladmin/ HTTP/1.1" 404 218 "-" "Mozilla/5.0 Jorgee"
212.69.198.194 - - [04/Jun/2015:11:51:46 -0700] "HEAD http://54.245.232.47:80/sql/sql-admin/ HTTP/1.1" 404 218 "-" "Mozilla/5.0 Jorgee"
212.69.198.194 - - [04/Jun/2015:11:51:46 -0700] "HEAD http://54.245.232.47:80/sql/phpmyadmin2/ HTTP/1.1" 404 218 "-" "Mozilla/5.0 Jorgee"
212.69.198.194 - - [04/Jun/2015:11:51:46 -0700] "HEAD http://54.245.232.47:80/sql/phpMyAdmin2/ HTTP/1.1" 404 218 "-" "Mozilla/5.0 Jorgee"
212.69.198.194 - - [04/Jun/2015:11:51:46 -0700] "HEAD http://54.245.232.47:80/sql/phpMyAdmin/ HTTP/1.1" 404 218 "-" "Mozilla/5.0 Jorgee"
212.69.198.194 - - [04/Jun/2015:11:51:47 -0700] "HEAD http://54.245.232.47:80/db/myadmin/ HTTP/1.1" 404 218 "-" "Mozilla/5.0 Jorgee"
212.69.198.194 - - [04/Jun/2015:11:51:47 -0700] "HEAD http://54.245.232.47:80/db/webadmin/ HTTP/1.1" 404 218 "-" "Mozilla/5.0 Jorgee"
212.69.198.194 - - [04/Jun/2015:11:51:47 -0700] "HEAD http://54.245.232.47:80/db/dbweb/ HTTP/1.1" 404 218 "-" "Mozilla/5.0 Jorgee"
212.69.198.194 - - [04/Jun/2015:11:51:47 -0700] "HEAD http://54.245.232.47:80/db/websql/ HTTP/1.1" 404 218 "-" "Mozilla/5.0 Jorgee"
212.69.198.194 - - [04/Jun/2015:11:51:47 -0700] "HEAD http://54.245.232.47:80/db/webdb/ HTTP/1.1" 404 218 "-" "Mozilla/5.0 Jorgee"
212.69.198.194 - - [04/Jun/2015:11:51:47 -0700] "HEAD http://54.245.232.47:80/db/dbadmin/ HTTP/1.1" 404 218 "-" "Mozilla/5.0 Jorgee"
212.69.198.194 - - [04/Jun/2015:11:51:47 -0700] "HEAD http://54.245.232.47:80/db/db-admin/ HTTP/1.1" 404 218 "-" "Mozilla/5.0 Jorgee"
212.69.198.194 - - [04/Jun/2015:11:51:48 -0700] "HEAD http://54.245.232.47:80/db/phpmyadmin3/ HTTP/1.1" 404 218 "-" "Mozilla/5.0 Jorgee"
212.69.198.194 - - [04/Jun/2015:11:51:48 -0700] "HEAD http://54.245.232.47:80/db/phpMyAdmin3/ HTTP/1.1" 404 218 "-" "Mozilla/5.0 Jorgee"
212.69.198.194 - - [04/Jun/2015:11:51:48 -0700] "HEAD http://54.245.232.47:80/db/phpMyAdmin-3/ HTTP/1.1" 404 218 "-" "Mozilla/5.0 Jorgee"
212.69.198.194 - - [04/Jun/2015:11:51:48 -0700] "HEAD http://54.245.232.47:80/administrator/phpmyadmin/ HTTP/1.1" 404 218 "-" "Mozilla/5.0 Jorgee"
212.69.198.194 - - [04/Jun/2015:11:51:48 -0700] "HEAD http://54.245.232.47:80/administrator/phpMyAdmin/ HTTP/1.1" 404 218 "-" "Mozilla/5.0 Jorgee"
212.69.198.194 - - [04/Jun/2015:11:51:48 -0700] "HEAD http://54.245.232.47:80/administrator/db/ HTTP/1.1" 404 218 "-" "Mozilla/5.0 Jorgee"
212.69.198.194 - - [04/Jun/2015:11:51:48 -0700] "HEAD http://54.245.232.47:80/administrator/web/ HTTP/1.1" 404 218 "-" "Mozilla/5.0 Jorgee"
212.69.198.194 - - [04/Jun/2015:11:51:49 -0700] "HEAD http://54.245.232.47:80/administrator/pma/ HTTP/1.1" 404 218 "-" "Mozilla/5.0 Jorgee"
212.69.198.194 - - [04/Jun/2015:11:51:49 -0700] "HEAD http://54.245.232.47:80/administrator/PMA/ HTTP/1.1" 404 218 "-" "Mozilla/5.0 Jorgee"
212.69.198.194 - - [04/Jun/2015:11:51:49 -0700] "HEAD http://54.245.232.47:80/administrator/admin/ HTTP/1.1" 404 218 "-" "Mozilla/5.0 Jorgee"
212.69.198.194 - - [04/Jun/2015:11:51:49 -0700] "HEAD http://54.245.232.47:80/phpMyAdmin2/ HTTP/1.1" 404 218 "-" "Mozilla/5.0 Jorgee"
212.69.198.194 - - [04/Jun/2015:11:51:49 -0700] "HEAD http://54.245.232.47:80/phpMyAdmin3/ HTTP/1.1" 404 218 "-" "Mozilla/5.0 Jorgee"
212.69.198.194 - - [04/Jun/2015:11:51:49 -0700] "HEAD http://54.245.232.47:80/phpMyAdmin4/ HTTP/1.1" 404 218 "-" "Mozilla/5.0 Jorgee"
212.69.198.194 - - [04/Jun/2015:11:51:50 -0700] "HEAD http://54.245.232.47:80/phpMyAdmin-3/ HTTP/1.1" 404 218 "-" "Mozilla/5.0 Jorgee"
212.69.198.194 - - [04/Jun/2015:11:51:50 -0700] "HEAD http://54.245.232.47:80/php-my-admin/ HTTP/1.1" 404 218 "-" "Mozilla/5.0 Jorgee"
212.69.198.194 - - [04/Jun/2015:11:51:50 -0700] "HEAD http://54.245.232.47:80/PMA2012/ HTTP/1.1" 404 218 "-" "Mozilla/5.0 Jorgee"
212.69.198.194 - - [04/Jun/2015:11:51:50 -0700] "HEAD http://54.245.232.47:80/pma2012/ HTTP/1.1" 404 218 "-" "Mozilla/5.0 Jorgee"
212.69.198.194 - - [04/Jun/2015:11:51:50 -0700] "HEAD http://54.245.232.47:80/PMA2011/ HTTP/1.1" 404 218 "-" "Mozilla/5.0 Jorgee"
212.69.198.194 - - [04/Jun/2015:11:51:50 -0700] "HEAD http://54.245.232.47:80/pma2011/ HTTP/1.1" 404 218 "-" "Mozilla/5.0 Jorgee"
212.69.198.194 - - [04/Jun/2015:11:51:50 -0700] "HEAD http://54.245.232.47:80/phpmanager/ HTTP/1.1" 404 218 "-" "Mozilla/5.0 Jorgee"
66.195.234.90 - - [04/Jun/2015:11:57:17 -0700] "GET /images/wsis-logo-sm.png HTTP/1.1" 200 6108 "http://www.thebackcountry.net/" "Mozilla/5.0 (Windows NT 6.1; WOW64) AppleWebKit/537.36 (KHTML, like Gecko) Chrome/41.0.2272.118 Safari/537.36"
66.249.79.250 - - [04/Jun/2015:12:01:59 -0700] "GET / HTTP/1.1" 200 2376 "-" "Mozilla/5.0 (compatible; Googlebot/2.1; +http://www.google.com/bot.html)"
80.82.65.82 - - [04/Jun/2015:12:04:59 -0700] "GET / HTTP/1.0" 200 6114 "http://whereshouldiski.com" "Mozilla/4.0 (compatible; MSIE 6.0; Windows NT 5.1; SV1; .NET CLR 2.0.50727)"
170.75.162.130 - - [04/Jun/2015:12:05:55 -0700] "GET /lib/reccapi.php?resort=mtrose HTTP/1.1" 200 1038 "-" "node-superagent/0.18.2"
216.52.242.14 - - [04/Jun/2015:12:07:07 -0700] "GET /images/viz-screenshot.png HTTP/1.1" 404 480 "-" "LinkedInBot/1.0 (compatible; Mozilla/5.0; Jakarta Commons-HttpClient/4.3 +http://www.linkedin.com)"
173.239.65.6 - - [04/Jun/2015:12:08:37 -0700] "GET /images/wsis-logo-sm.png HTTP/1.1" 200 6108 "http://www.thebackcountry.net/" "Mozilla/5.0 (Windows NT 6.1; WOW64) AppleWebKit/537.36 (KHTML, like Gecko) Chrome/43.0.2357.81 Safari/537.36"
123.125.71.58 - - [04/Jun/2015:12:13:57 -0700] "-" 408 0 "-" "-"
170.75.162.130 - - [04/Jun/2015:12:15:06 -0700] "GET /lib/reccapi.php?resort=sunpeaksresort HTTP/1.1" 200 908 "-" "node-superagent/0.18.2"
220.181.108.170 - - [04/Jun/2015:12:15:31 -0700] "-" 408 0 "-" "-"
170.75.162.130 - - [04/Jun/2015:12:23:16 -0700] "GET /lib/reccapi.php?resort=kirkwood HTTP/1.1" 200 1106 "-" "node-superagent/0.18.2"
108.202.209.111 - - [04/Jun/2015:12:30:28 -0700] "GET /images/wsis-logo-sm.png HTTP/1.1" 200 6108 "http://www.thebackcountry.net/" "Mozilla/5.0 (iPhone; CPU iPhone OS 8_2 like Mac OS X) AppleWebKit/600.1.4 (KHTML, like Gecko) Version/8.0 Mobile/12D508 Safari/600.1.4"
71.140.31.214 - - [04/Jun/2015:12:34:43 -0700] "GET /images/wsis-logo-sm.png HTTP/1.1" 200 6108 "http://thebackcountry.net/" "Mozilla/4.0 (compatible; MSIE 8.0; Windows NT 5.1; Trident/4.0; .NET CLR 2.0.50727; .NET CLR 3.0.4506.2152; .NET CLR 3.5.30729; 786908940603; Build/14.08001)"
12.13.85.114 - - [04/Jun/2015:12:42:10 -0700] "GET /images/wsis-logo-sm.png HTTP/1.1" 200 6108 "http://www.thebackcountry.net/" "Mozilla/5.0 (Macintosh; Intel Mac OS X 10_9_5) AppleWebKit/537.78.2 (KHTML, like Gecko) Version/7.0.6 Safari/537.78.2"
74.63.163.37 - - [04/Jun/2015:12:45:30 -0700] "GET /images/wsis-logo-sm.png HTTP/1.1" 200 6108 "http://www.thebackcountry.net/" "Mozilla/5.0 (Windows NT 6.1) AppleWebKit/537.36 (KHTML, like Gecko) Chrome/43.0.2357.81 Safari/537.36"
173.252.74.117 - - [04/Jun/2015:12:55:37 -0700] "GET /images/wsis-logo-sm.png HTTP/1.1" 206 6118 "http://www.thebackcountry.net/" "facebookexternalhit/1.1 (+http://www.facebook.com/externalhit_uatext.php)"
173.252.75.116 - - [04/Jun/2015:12:55:38 -0700] "GET /images/wsis-logo-sm.png HTTP/1.1" 200 6108 "-" "facebookexternalhit/1.1 (+http://www.facebook.com/externalhit_uatext.php)"
170.75.162.130 - - [04/Jun/2015:13:16:01 -0700] "GET /lib/reccapi.php?resort=sierra-at-tahoe HTTP/1.1" 200 1079 "-" "node-superagent/0.18.2"
96.38.186.224 - - [04/Jun/2015:13:17:27 -0700] "GET /images/wsis-logo-sm.png HTTP/1.1" 200 6108 "http://www.thebackcountry.net/" "Mozilla/5.0 (Macintosh; Intel Mac OS X 10_10_3) AppleWebKit/537.36 (KHTML, like Gecko) Chrome/43.0.2357.81 Safari/537.36"
123.125.71.36 - - [04/Jun/2015:13:19:32 -0700] "-" 408 0 "-" "-"
220.181.108.109 - - [04/Jun/2015:13:21:39 -0700] "-" 408 0 "-" "-"
206.210.160.20 - - [04/Jun/2015:13:34:59 -0700] "GET /images/wsis-logo-sm.png HTTP/1.1" 200 6108 "http://www.thebackcountry.net/" "Mozilla/5.0 (iPhone; CPU iPhone OS 6_1_6 like Mac OS X) AppleWebKit/536.26 (KHTML, like Gecko) Version/6.0 Mobile/10B500 Safari/8536.25"
66.249.79.66 - - [04/Jun/2015:13:42:37 -0700] "GET /robots.txt HTTP/1.1" 200 419 "-" "Mozilla/5.0 (compatible; Googlebot/2.1; +http://www.google.com/bot.html)"
66.249.79.66 - - [04/Jun/2015:13:42:37 -0700] "GET / HTTP/1.1" 200 2375 "-" "Mozilla/5.0 (iPhone; CPU iPhone OS 6_0 like Mac OS X) AppleWebKit/536.26 (KHTML, like Gecko) Version/6.0 Mobile/10A5376e Safari/8536.25 (compatible; Googlebot/2.1; +http://www.google.com/bot.html)"
170.75.162.130 - - [04/Jun/2015:13:45:33 -0700] "GET /lib/reccapi.php?resort=hoodoo HTTP/1.1" 200 970 "-" "node-superagent/0.18.2"
66.249.79.40 - - [04/Jun/2015:13:48:31 -0700] "GET /styles/0fffd548.main.css HTTP/1.1" 200 19317 "-" "Mozilla/5.0 (compatible; Googlebot/2.1; +http://www.google.com/bot.html)"
107.221.63.90 - - [04/Jun/2015:13:56:37 -0700] "GET /images/wsis-logo-sm.png HTTP/1.1" 200 6108 "http://www.thebackcountry.net/" "Mozilla/5.0 (iPhone; CPU iPhone OS 7_1_1 like Mac OS X) AppleWebKit/537.51.2 (KHTML, like Gecko) Version/7.0 Mobile/11D201 Safari/9537.53"
123.125.71.96 - - [04/Jun/2015:14:09:29 -0700] "-" 408 0 "-" "-"
70.211.66.199 - - [04/Jun/2015:14:11:09 -0700] "GET /images/wsis-logo-sm.png HTTP/1.1" 200 6108 "http://www.thebackcountry.net/" "Mozilla/5.0 (Linux; Android 5.0.2; VS980 4G Build/LRX22G) AppleWebKit/537.36 (KHTML, like Gecko) Chrome/42.0.2311.111 Mobile Safari/537.36"
220.181.108.118 - - [04/Jun/2015:14:11:21 -0700] "-" 408 0 "-" "-"
173.255.141.214 - - [04/Jun/2015:14:19:19 -0700] "GET /images/wsis-logo-sm.png HTTP/1.1" 200 6108 "http://www.thebackcountry.net//?kw=sandiacasino.com" "Mozilla/5.0 (Windows NT 6.1) AppleWebKit/537.36 (KHTML, like Gecko) Chrome/43.0.2357.81 Safari/537.36"
170.75.162.130 - - [04/Jun/2015:14:26:47 -0700] "GET /lib/reccapi.php?resort=stowe HTTP/1.1" 200 959 "-" "node-superagent/0.18.2"
