170.75.162.130 - - [01/Feb/2016:10:19:44 -0800] "GET /lib/reccapi.php?resort=sundayriver HTTP/1.1" 200 973 "-" "node-superagent/1.4.0"
170.75.162.130 - - [01/Feb/2016:10:19:54 -0800] "GET /lib/reccapi.php?resort=stevenspass HTTP/1.1" 200 1027 "-" "node-superagent/1.4.0"
170.75.162.130 - - [01/Feb/2016:10:20:34 -0800] "GET /lib/reccapi.php?resort=mounthoodmeadows HTTP/1.1" 200 1076 "-" "node-superagent/1.4.0"
170.75.162.130 - - [01/Feb/2016:10:22:04 -0800] "GET /lib/reccapi.php?resort=coppermountain HTTP/1.1" 200 1101 "-" "node-superagent/1.4.0"
170.75.162.130 - - [01/Feb/2016:10:22:04 -0800] "GET /lib/reccapi.php?resort=aspenheights HTTP/1.1" 200 1063 "-" "node-superagent/1.4.0"
170.75.162.130 - - [01/Feb/2016:10:22:04 -0800] "GET /lib/reccapi.php?resort=crestedbutte HTTP/1.1" 200 1104 "-" "node-superagent/1.4.0"
170.75.162.130 - - [01/Feb/2016:10:22:04 -0800] "GET /lib/reccapi.php?resort=telluride HTTP/1.1" 200 1063 "-" "node-superagent/1.4.0"
170.75.162.130 - - [01/Feb/2016:10:22:04 -0800] "GET /lib/reccapi.php?resort=steamboat HTTP/1.1" 200 1061 "-" "node-superagent/1.4.0"
170.75.162.130 - - [01/Feb/2016:10:23:24 -0800] "GET /lib/reccapi.php?resort=mammothmountain HTTP/1.1" 200 1074 "-" "node-superagent/1.4.0"
170.75.162.130 - - [01/Feb/2016:10:24:04 -0800] "GET /lib/reccapi.php?resort=angelfire HTTP/1.1" 200 1095 "-" "node-superagent/1.4.0"
52.33.40.213 - - [01/Feb/2016:10:25:21 -0800] "GET /lib/reccapi.php?resort=parkcity HTTP/1.1" 200 1095 "-" "node-superagent/1.4.0"
52.33.40.213 - - [01/Feb/2016:10:25:21 -0800] "GET /lib/reccapi.php?resort=alta HTTP/1.1" 200 1066 "-" "node-superagent/1.4.0"
52.33.40.213 - - [01/Feb/2016:10:26:01 -0800] "GET /lib/reccapi.php?resort=snowbird HTTP/1.1" 200 1037 "-" "node-superagent/1.4.0"
71.9.17.19 - - [01/Feb/2016:10:31:03 -0800] "GET /images/wsis-logo-sm.png HTTP/1.1" 200 6108 "http://www.thebackcountry.net/" "Mozilla/5.0 (iPad; CPU OS 9_2_1 like Mac OS X) AppleWebKit/601.1.46 (KHTML, like Gecko) Version/9.0 Mobile/13D15 Safari/601.1"
180.76.15.142 - - [01/Feb/2016:10:33:51 -0800] "GET / HTTP/1.1" 200 6995 "-" "Mozilla/5.0 (compatible; Baiduspider/2.0; +http://www.baidu.com/search/spider.html)"
180.76.15.11 - - [01/Feb/2016:10:34:51 -0800] "GET / HTTP/1.1" 200 6995 "-" "Mozilla/5.0 (compatible; Baiduspider/2.0; +http://www.baidu.com/search/spider.html)"
209.33.83.120 - - [01/Feb/2016:10:37:08 -0800] "GET /images/wsis-logo-sm.png HTTP/1.1" 200 6108 "http://www.thebackcountry.net/" "Mozilla/5.0 (Macintosh; Intel Mac OS X 10_8_5) AppleWebKit/537.36 (KHTML, like Gecko) Chrome/39.0.2171.95 Safari/537.36"
202.67.40.50 - - [01/Feb/2016:10:45:11 -0800] "GET /images/wsis-logo-sm.png HTTP/1.1" 200 6108 "http://thebackcountry.net/" "Mozilla/5.0 (Windows NT 6.3; Win64; x64) AppleWebKit/537.36 (KHTML, like Gecko) Chrome/48.0.2564.97 Safari/537.36"
71.94.200.169 - - [01/Feb/2016:10:49:28 -0800] "GET /images/wsis-logo-sm.png HTTP/1.1" 200 6108 "http://www.thebackcountry.net/" "Mozilla/5.0 (iPhone; CPU iPhone OS 9_2_1 like Mac OS X) AppleWebKit/601.1.46 (KHTML, like Gecko) Version/9.0 Mobile/13D15 Safari/601.1"
66.249.79.15 - - [01/Feb/2016:10:52:04 -0800] "GET /robots.txt HTTP/1.1" 200 419 "-" "Mozilla/5.0 (compatible; Googlebot/2.1; +http://www.google.com/bot.html)"
66.249.79.21 - - [01/Feb/2016:10:52:04 -0800] "GET / HTTP/1.1" 200 2615 "-" "Mozilla/5.0 (iPhone; CPU iPhone OS 8_3 like Mac OS X) AppleWebKit/600.1.4 (KHTML, like Gecko) Version/8.0 Mobile/12F70 Safari/600.1.4 (compatible; Googlebot/2.1; +http://www.google.com/bot.html)"
40.77.167.31 - - [01/Feb/2016:10:53:09 -0800] "GET / HTTP/1.1" 200 2615 "-" "Mozilla/5.0 (compatible; bingbot/2.0; +http://www.bing.com/bingbot.htm)"
52.33.40.213 - - [01/Feb/2016:10:56:22 -0800] "GET /lib/reccapi.php?resort=winterpark HTTP/1.1" 200 1082 "-" "node-superagent/1.4.0"
52.33.40.213 - - [01/Feb/2016:10:57:02 -0800] "GET /lib/reccapi.php?resort=taos HTTP/1.1" 200 1022 "-" "node-superagent/1.4.0"
52.33.40.213 - - [01/Feb/2016:10:57:02 -0800] "GET /lib/reccapi.php?resort=aspenheights HTTP/1.1" 200 1063 "-" "node-superagent/1.4.0"
52.33.40.213 - - [01/Feb/2016:10:59:22 -0800] "GET /lib/reccapi.php?resort=cannonmountain HTTP/1.1" 200 1045 "-" "node-superagent/1.4.0"
52.33.40.213 - - [01/Feb/2016:11:03:52 -0800] "GET /lib/reccapi.php?resort=northstar-at-tahoe HTTP/1.1" 200 983 "-" "node-superagent/1.4.0"
207.242.136.178 - - [01/Feb/2016:11:13:22 -0800] "GET /images/wsis-logo-sm.png HTTP/1.1" 200 6108 "http://www.thebackcountry.net/" "Mozilla/5.0 (Windows NT 6.1) AppleWebKit/537.36 (KHTML, like Gecko) Chrome/48.0.2564.97 Safari/537.36"
52.33.40.213 - - [01/Feb/2016:11:14:43 -0800] "GET /lib/reccapi.php?resort=crystalmountain HTTP/1.1" 200 1063 "-" "node-superagent/1.4.0"
170.75.162.130 - - [01/Feb/2016:11:22:42 -0800] "GET /lib/reccapi.php?resort=northstar-at-tahoe HTTP/1.1" 200 983 "-" "node-superagent/1.4.0"
108.252.138.32 - - [01/Feb/2016:11:25:04 -0800] "GET /images/wsis-logo-sm.png HTTP/1.1" 200 6108 "http://thebackcountry.net/" "Mozilla/5.0 (Macintosh; Intel Mac OS X 10_10_5) AppleWebKit/601.4.4 (KHTML, like Gecko) Version/9.0.3 Safari/601.4.4"
208.54.39.133 - - [01/Feb/2016:11:27:42 -0800] "GET /images/wsis-logo-sm.png HTTP/1.1" 200 6108 "http://www.thebackcountry.net/" "Mozilla/5.0 (Linux; Android 4.4.4; en-us; SAMSUNG SGH-M919 Build/KTU84P) AppleWebKit/537.36 (KHTML, like Gecko) Version/1.5 Chrome/28.0.1500.94 Mobile Safari/537.36"
208.52.161.99 - - [01/Feb/2016:11:29:12 -0800] "GET /phpmyadmin/scripts/setup.php HTTP/1.0" 404 518 "-" "-"
52.33.40.213 - - [01/Feb/2016:11:31:13 -0800] "GET /lib/reccapi.php?resort=hoodoo HTTP/1.1" 200 1027 "-" "node-superagent/1.4.0"
180.76.15.16 - - [01/Feb/2016:11:33:55 -0800] "GET / HTTP/1.1" 200 6995 "-" "Mozilla/5.0 (compatible; Baiduspider/2.0; +http://www.baidu.com/search/spider.html)"
180.76.15.161 - - [01/Feb/2016:11:34:49 -0800] "GET / HTTP/1.1" 200 6995 "-" "Mozilla/5.0 (compatible; Baiduspider/2.0; +http://www.baidu.com/search/spider.html)"
75.111.109.46 - - [01/Feb/2016:11:45:10 -0800] "GET /images/wsis-logo-sm.png HTTP/1.1" 200 6108 "http://www.thebackcountry.net/" "Mozilla/5.0 (iPad; CPU OS 9_2_1 like Mac OS X) AppleWebKit/600.1.4 (KHTML, like Gecko) GSA/11.1.66360 Mobile/13D15 Safari/600.1.4"
52.33.40.213 - - [01/Feb/2016:11:48:44 -0800] "GET /lib/reccapi.php?resort=brianhead HTTP/1.1" 200 1072 "-" "node-superagent/1.4.0"
52.33.40.213 - - [01/Feb/2016:11:48:44 -0800] "GET /lib/reccapi.php?resort=buttermilk HTTP/1.1" 200 1058 "-" "node-superagent/1.4.0"
52.33.40.213 - - [01/Feb/2016:11:48:44 -0800] "GET /lib/reccapi.php?resort=bigwhite HTTP/1.1" 200 926 "-" "node-superagent/1.4.0"
70.197.53.181 - - [01/Feb/2016:11:49:56 -0800] "GET /images/wsis-logo-sm.png HTTP/1.1" 200 6108 "http://www.thebackcountry.net/" "Mozilla/5.0 (iPhone; CPU iPhone OS 9_2_1 like Mac OS X) AppleWebKit/601.1.46 (KHTML, like Gecko) Version/9.0 Mobile/13D15 Safari/601.1"
52.33.40.213 - - [01/Feb/2016:11:50:04 -0800] "GET /lib/reccapi.php?resort=devilshead HTTP/1.1" 200 953 "-" "node-superagent/1.4.0"
52.33.40.213 - - [01/Feb/2016:11:50:04 -0800] "GET /lib/reccapi.php?resort=diamondpeak HTTP/1.1" 200 949 "-" "node-superagent/1.4.0"
52.33.40.213 - - [01/Feb/2016:11:50:04 -0800] "GET /lib/reccapi.php?resort=jaypeak HTTP/1.1" 200 1094 "-" "node-superagent/1.4.0"
52.33.40.213 - - [01/Feb/2016:11:50:04 -0800] "GET /lib/reccapi.php?resort=crestedbutte HTTP/1.1" 200 1104 "-" "node-superagent/1.4.0"
52.33.40.213 - - [01/Feb/2016:11:50:34 -0800] "GET /lib/reccapi.php?resort=sugarbowl HTTP/1.1" 200 971 "-" "node-superagent/1.4.0"
52.33.40.213 - - [01/Feb/2016:11:50:44 -0800] "GET /lib/reccapi.php?resort=monarch HTTP/1.1" 200 1082 "-" "node-superagent/1.4.0"
52.33.40.213 - - [01/Feb/2016:11:51:04 -0800] "GET /lib/reccapi.php?resort=sundayriver HTTP/1.1" 200 973 "-" "node-superagent/1.4.0"
52.33.40.213 - - [01/Feb/2016:11:51:04 -0800] "GET /lib/reccapi.php?resort=sunpeaksresort HTTP/1.1" 200 922 "-" "node-superagent/1.4.0"
52.33.40.213 - - [01/Feb/2016:11:51:24 -0800] "GET /lib/reccapi.php?resort=redlodge HTTP/1.1" 200 1079 "-" "node-superagent/1.4.0"
52.33.40.213 - - [01/Feb/2016:11:51:24 -0800] "GET /lib/reccapi.php?resort=redmountain HTTP/1.1" 200 910 "-" "node-superagent/1.4.0"
52.33.40.213 - - [01/Feb/2016:11:51:24 -0800] "GET /lib/reccapi.php?resort=mountainhigh HTTP/1.1" 200 1029 "-" "node-superagent/1.4.0"
52.33.40.213 - - [01/Feb/2016:11:51:24 -0800] "GET /lib/reccapi.php?resort=loveland HTTP/1.1" 200 1128 "-" "node-superagent/1.4.0"
52.33.40.213 - - [01/Feb/2016:11:51:34 -0800] "GET /lib/reccapi.php?resort=sierra-at-tahoe HTTP/1.1" 200 1034 "-" "node-superagent/1.4.0"
52.33.40.213 - - [01/Feb/2016:11:51:34 -0800] "GET /lib/reccapi.php?resort=whitefacemountain HTTP/1.1" 200 1067 "-" "node-superagent/1.4.0"
52.33.40.213 - - [01/Feb/2016:11:51:34 -0800] "GET /lib/reccapi.php?resort=wildcatmountain HTTP/1.1" 200 1004 "-" "node-superagent/1.4.0"
52.33.40.213 - - [01/Feb/2016:11:52:24 -0800] "GET /lib/reccapi.php?resort=silverstarmountain HTTP/1.1" 200 932 "-" "node-superagent/1.4.0"
52.33.40.213 - - [01/Feb/2016:11:52:24 -0800] "GET /lib/reccapi.php?resort=snowbasin HTTP/1.1" 200 1051 "-" "node-superagent/1.4.0"
66.249.79.227 - - [01/Feb/2016:11:53:38 -0800] "GET /resorts?resort=redmountain HTTP/1.1" 404 506 "-" "Mozilla/5.0 (compatible; Googlebot/2.1; +http://www.google.com/bot.html)"
66.249.79.227 - - [01/Feb/2016:11:53:38 -0800] "GET /robots.txt HTTP/1.1" 200 418 "-" "Mozilla/5.0 (compatible; Googlebot/2.1; +http://www.google.com/bot.html)"
170.75.162.130 - - [01/Feb/2016:11:57:46 -0800] "GET /lib/reccapi.php?resort=alpinemeadows HTTP/1.1" 200 995 "-" "node-superagent/1.4.0"
170.75.162.130 - - [01/Feb/2016:11:57:46 -0800] "GET /lib/reccapi.php?resort=kirkwood HTTP/1.1" 200 1056 "-" "node-superagent/1.4.0"
170.75.162.130 - - [01/Feb/2016:11:57:47 -0800] "GET /lib/reccapi.php?resort=mtrose HTTP/1.1" 200 973 "-" "node-superagent/1.4.0"
170.75.162.130 - - [01/Feb/2016:11:57:47 -0800] "GET /lib/reccapi.php?resort=sugarbowl HTTP/1.1" 200 971 "-" "node-superagent/1.4.0"
170.75.162.130 - - [01/Feb/2016:11:57:47 -0800] "GET /lib/reccapi.php?resort=squawvalleyusa HTTP/1.1" 200 1039 "-" "node-superagent/1.4.0"
170.75.162.130 - - [01/Feb/2016:11:57:47 -0800] "GET /lib/reccapi.php?resort=sierra-at-tahoe HTTP/1.1" 200 1034 "-" "node-superagent/1.4.0"
108.255.105.29 - - [01/Feb/2016:12:06:35 -0800] "GET /images/wsis-logo-sm.png HTTP/1.1" 200 6108 "http://www.thebackcountry.net/" "Mozilla/5.0 (Windows NT 6.3; WOW64) AppleWebKit/537.36 (KHTML, like Gecko) Chrome/47.0.2526.111 Safari/537.36"
52.33.40.213 - - [01/Feb/2016:12:10:55 -0800] "GET /lib/reccapi.php?resort=coppermountain HTTP/1.1" 200 1101 "-" "node-superagent/1.4.0"
52.33.40.213 - - [01/Feb/2016:12:11:25 -0800] "GET /lib/reccapi.php?resort=deervalley HTTP/1.1" 200 1127 "-" "node-superagent/1.4.0"
170.75.162.130 - - [01/Feb/2016:12:13:08 -0800] "GET /lib/reccapi.php?resort=diamondpeak HTTP/1.1" 200 949 "-" "node-superagent/1.4.0"
170.75.162.130 - - [01/Feb/2016:12:13:28 -0800] "GET /lib/reccapi.php?resort=devilshead HTTP/1.1" 200 953 "-" "node-superagent/1.4.0"
12.220.13.36 - - [01/Feb/2016:12:15:21 -0800] "GET /images/wsis-logo-sm.png HTTP/1.1" 200 6108 "http://www.thebackcountry.net/" "Mozilla/5.0 (Android 5.0.2; Tablet; rv:44.0) Gecko/44.0 Firefox/44.0"
70.90.171.222 - - [01/Feb/2016:12:27:17 -0800] "GET /images/wsis-logo-sm.png HTTP/1.1" 200 6108 "http://www.thebackcountry.net/" "Mozilla/5.0 (Windows NT 6.1; WOW64) AppleWebKit/537.36 (KHTML, like Gecko) Chrome/47.0.2526.111 Safari/537.36"
180.76.15.17 - - [01/Feb/2016:12:33:22 -0800] "GET / HTTP/1.1" 200 6995 "-" "Mozilla/5.0 (compatible; Baiduspider/2.0; +http://www.baidu.com/search/spider.html)"
180.76.15.157 - - [01/Feb/2016:12:34:18 -0800] "GET / HTTP/1.1" 200 6995 "-" "Mozilla/5.0 (compatible; Baiduspider/2.0; +http://www.baidu.com/search/spider.html)"
68.180.229.34 - - [01/Feb/2016:12:37:40 -0800] "GET /robots.txt HTTP/1.1" 200 319 "-" "Mozilla/5.0 (compatible; Yahoo! Slurp; http://help.yahoo.com/help/us/ysearch/slurp)"
68.180.229.34 - - [01/Feb/2016:12:37:40 -0800] "GET /resorts?resort=mountspokane HTTP/1.1" 404 450 "-" "Mozilla/5.0 (compatible; Yahoo! Slurp; http://help.yahoo.com/help/us/ysearch/slurp)"
66.249.79.234 - - [01/Feb/2016:12:42:18 -0800] "GET /lib/reccapi.php?resort=alyeska&date=2016-01-29 HTTP/1.1" 200 1041 "http://whereshouldiski.com/" "Mozilla/5.0 (compatible; Googlebot/2.1; +http://www.google.com/bot.html)"
66.249.79.220 - - [01/Feb/2016:12:42:19 -0800] "GET /lib/reccapi.php?fields=t&date=2016-01-29&coords=60.94%2C-148.95&size=7&sort=distance HTTP/1.1" 200 1343 "http://whereshouldiski.com/" "Mozilla/5.0 (compatible; Googlebot/2.1; +http://www.google.com/bot.html)"
66.249.79.220 - - [01/Feb/2016:12:42:20 -0800] "GET /lib/resortDataSearchD3.php?size=7&sortDate=T&resort=alyeska&dateStart=2016-01-27 HTTP/1.1" 200 877 "http://whereshouldiski.com/" "Mozilla/5.0 (compatible; Googlebot/2.1; +http://www.google.com/bot.html)"
66.249.79.227 - - [01/Feb/2016:12:50:02 -0800] "GET /lib/reccapi.php?resort=mountbaker&date=2016-01-31 HTTP/1.1" 200 1095 "http://whereshouldiski.com/" "Mozilla/5.0 (compatible; Googlebot/2.1; +http://www.google.com/bot.html)"
66.249.79.227 - - [01/Feb/2016:12:50:03 -0800] "GET /lib/reccapi.php?fields=t&date=2016-01-31&coords=48.86%2C-121.68&size=7&sort=distance HTTP/1.1" 200 1437 "http://whereshouldiski.com/" "Mozilla/5.0 (compatible; Googlebot/2.1; +http://www.google.com/bot.html)"
66.249.79.227 - - [01/Feb/2016:12:50:04 -0800] "GET /lib/resortDataSearchD3.php?size=7&sortDate=T&resort=mountbaker&dateStart=2016-01-29 HTTP/1.1" 200 868 "http://whereshouldiski.com/" "Mozilla/5.0 (compatible; Googlebot/2.1; +http://www.google.com/bot.html)"
66.249.79.234 - - [01/Feb/2016:12:57:04 -0800] "GET /lib/reccapi.php?resort=alyeska&date=2016-01-28 HTTP/1.1" 200 1007 "http://whereshouldiski.com/" "Mozilla/5.0 (compatible; Googlebot/2.1; +http://www.google.com/bot.html)"
66.249.79.234 - - [01/Feb/2016:12:57:05 -0800] "GET /lib/resortDataSearchD3.php?size=7&sortDate=T&resort=alyeska&dateStart=2016-01-26 HTTP/1.1" 200 880 "http://whereshouldiski.com/" "Mozilla/5.0 (compatible; Googlebot/2.1; +http://www.google.com/bot.html)"
66.249.79.227 - - [01/Feb/2016:12:57:06 -0800] "GET /lib/reccapi.php?fields=t&date=2016-01-28&coords=60.94%2C-148.95&size=7&sort=distance HTTP/1.1" 200 1357 "http://whereshouldiski.com/" "Mozilla/5.0 (compatible; Googlebot/2.1; +http://www.google.com/bot.html)"
52.33.40.213 - - [01/Feb/2016:13:11:07 -0800] "GET /lib/reccapi.php?resort=squawvalleyusa HTTP/1.1" 200 1039 "-" "node-superagent/1.4.0"
170.75.162.130 - - [01/Feb/2016:13:11:16 -0800] "GET /lib/reccapi.php?resort=silverstarmountain HTTP/1.1" 200 932 "-" "node-superagent/1.4.0"
170.75.162.130 - - [01/Feb/2016:13:12:06 -0800] "GET /lib/reccapi.php?resort=49degreesnorth HTTP/1.1" 200 1072 "-" "node-superagent/1.4.0"
66.249.79.220 - - [01/Feb/2016:13:12:32 -0800] "GET /lib/reccapi.php?resort=alpenglow&date=2016-01-29 HTTP/1.1" 200 1009 "http://whereshouldiski.com/" "Mozilla/5.0 (compatible; Googlebot/2.1; +http://www.google.com/bot.html)"
66.249.79.234 - - [01/Feb/2016:13:12:33 -0800] "GET /lib/resortDataSearchD3.php?size=7&sortDate=T&resort=alpenglow&dateStart=2016-01-27 HTTP/1.1" 200 870 "http://whereshouldiski.com/" "Mozilla/5.0 (compatible; Googlebot/2.1; +http://www.google.com/bot.html)"
66.249.79.220 - - [01/Feb/2016:13:12:34 -0800] "GET /lib/reccapi.php?fields=t&date=2016-01-29&coords=61.24%2C-149.5&size=7&sort=distance HTTP/1.1" 200 1341 "http://whereshouldiski.com/" "Mozilla/5.0 (compatible; Googlebot/2.1; +http://www.google.com/bot.html)"
47.208.174.29 - - [01/Feb/2016:13:13:54 -0800] "GET /images/wsis-logo-sm.png HTTP/1.1" 200 6108 "http://www.thebackcountry.net/" "Mozilla/5.0 (Macintosh; Intel Mac OS X 10_11_3) AppleWebKit/601.4.4 (KHTML, like Gecko) Version/9.0.3 Safari/601.4.4"
66.249.79.220 - - [01/Feb/2016:13:15:20 -0800] "GET /resorts?resort=snowbird&date=2014-02-20 HTTP/1.1" 404 506 "-" "Mozilla/5.0 (iPhone; CPU iPhone OS 8_3 like Mac OS X) AppleWebKit/600.1.4 (KHTML, like Gecko) Version/8.0 Mobile/12F70 Safari/600.1.4 (compatible; Googlebot/2.1; +http://www.google.com/bot.html)"
178.63.25.194 - - [01/Feb/2016:13:16:23 -0800] "GET / HTTP/1.1" 200 6976 "-" "Mozilla/5.0 (Windows; U; Windows NT 5.1; ru; rv:1.9.0.1) Gecko/2008070208"
104.3.231.44 - - [01/Feb/2016:13:22:35 -0800] "GET /images/wsis-logo-sm.png HTTP/1.1" 304 187 "http://www.thebackcountry.net/" "Mozilla/5.0 (iPhone; CPU iPhone OS 9_2_1 like Mac OS X) AppleWebKit/601.1.46 (KHTML, like Gecko) Version/9.0 Mobile/13D15 Safari/601.1"
52.33.40.213 - - [01/Feb/2016:13:27:28 -0800] "GET /lib/reccapi.php?resort=solitude HTTP/1.1" 200 1101 "-" "node-superagent/1.4.0"
70.197.65.88 - - [01/Feb/2016:13:27:55 -0800] "GET /images/wsis-logo-sm.png HTTP/1.1" 200 6108 "http://www.thebackcountry.net/" "Mozilla/5.0 (iPhone; CPU iPhone OS 9_2_1 like Mac OS X) AppleWebKit/601.1.46 (KHTML, like Gecko) Version/9.0 Mobile/13D15 Safari/601.1"
71.83.111.173 - - [01/Feb/2016:13:28:33 -0800] "GET /images/wsis-logo-sm.png HTTP/1.1" 200 6108 "http://www.thebackcountry.net/" "Mozilla/5.0 (Macintosh; Intel Mac OS X 10_7_5) AppleWebKit/537.36 (KHTML, like Gecko) Chrome/48.0.2564.97 Safari/537.36"
170.75.162.130 - - [01/Feb/2016:13:34:09 -0800] "GET /lib/reccapi.php?resort=alta HTTP/1.1" 200 1066 "-" "node-superagent/1.4.0"
180.76.15.142 - - [01/Feb/2016:13:34:31 -0800] "GET / HTTP/1.1" 200 6995 "-" "Mozilla/5.0 (compatible; Baiduspider/2.0; +http://www.baidu.com/search/spider.html)"
180.76.15.30 - - [01/Feb/2016:13:35:28 -0800] "GET / HTTP/1.1" 200 6995 "-" "Mozilla/5.0 (compatible; Baiduspider/2.0; +http://www.baidu.com/search/spider.html)"
50.250.172.3 - - [01/Feb/2016:13:36:46 -0800] "GET /images/wsis-logo-sm.png HTTP/1.1" 200 6108 "http://www.thebackcountry.net/" "Mozilla/5.0 (Windows NT 6.1; WOW64) AppleWebKit/537.36 (KHTML, like Gecko) Chrome/48.0.2564.97 Safari/537.36"
98.236.188.83 - - [01/Feb/2016:13:40:12 -0800] "GET /images/wsis-logo-sm.png HTTP/1.1" 200 6108 "http://www.thebackcountry.net/" "Mozilla/5.0 (iPhone; CPU iPhone OS 9_2_1 like Mac OS X) AppleWebKit/601.1.46 (KHTML, like Gecko) Version/9.0 Mobile/13D15 Safari/601.1"
66.249.79.227 - - [01/Feb/2016:13:40:44 -0800] "GET /lib/reccapi.php?fields=t&state=BC HTTP/1.1" 200 1565 "http://whereshouldiski.com/" "Mozilla/5.0 (compatible; Googlebot/2.1; +http://www.google.com/bot.html)"
220.181.108.84 - - [01/Feb/2016:13:42:56 -0800] "GET / HTTP/1.1" 200 2578 "-" "Mozilla/5.0 (compatible; Baiduspider/2.0; +http://www.baidu.com/search/spider.html)"
24.4.254.159 - - [01/Feb/2016:13:43:04 -0800] "GET /images/wsis-logo-sm.png HTTP/1.1" 200 6108 "http://www.thebackcountry.net/" "Mozilla/5.0 (Windows NT 5.1) AppleWebKit/537.36 (KHTML, like Gecko) Chrome/48.0.2564.97 Safari/537.36"
220.181.108.150 - - [01/Feb/2016:13:46:40 -0800] "GET / HTTP/1.1" 200 2578 "-" "Mozilla/5.0 (Windows NT 5.1; rv:6.0.2) Gecko/20100101 Firefox/6.0.2"
220.181.108.162 - - [01/Feb/2016:13:46:44 -0800] "GET / HTTP/1.1" 200 6995 "-" "Mozilla/5.0 (Windows NT 5.1; rv:6.0.2) Gecko/20100101 Firefox/6.0.2"
170.75.162.130 - - [01/Feb/2016:13:49:11 -0800] "GET /lib/reccapi.php?resort=parkcity HTTP/1.1" 200 1095 "-" "node-superagent/1.4.0"
66.249.79.227 - - [01/Feb/2016:13:55:50 -0800] "GET / HTTP/1.1" 200 2615 "-" "Mozilla/5.0 (compatible; Googlebot/2.1; +http://www.google.com/bot.html)"
170.75.162.130 - - [01/Feb/2016:14:02:33 -0800] "GET /lib/reccapi.php?resort=homewoodmountain HTTP/1.1" 200 1011 "-" "node-superagent/1.4.0"
170.75.162.130 - - [01/Feb/2016:14:07:23 -0800] "GET /lib/reccapi.php?resort=mountbachelor HTTP/1.1" 200 1035 "-" "node-superagent/1.4.0"
162.198.72.225 - - [01/Feb/2016:14:08:36 -0800] "GET /images/wsis-logo-sm.png HTTP/1.1" 200 6108 "http://www.thebackcountry.net/" "Mozilla/5.0 (Windows NT 5.1; rv:43.0) Gecko/20100101 Firefox/43.0"
50.93.201.50 - - [01/Feb/2016:14:10:06 -0800] "GET / HTTP/1.1" 200 7032 "-" "-"
50.93.201.50 - - [01/Feb/2016:14:10:06 -0800] "GET /xmlrpc.php HTTP/1.1" 404 476 "-" "-"
50.93.201.50 - - [01/Feb/2016:14:10:07 -0800] "HEAD /wp-login.php HTTP/1.1" 404 163 "-" "-"
70.129.19.188 - - [01/Feb/2016:14:16:03 -0800] "GET /images/wsis-logo-sm.png HTTP/1.1" 200 6108 "http://thebackcountry.net/" "Mozilla/5.0 (iPhone; CPU iPhone OS 9_2_1 like Mac OS X) AppleWebKit/601.1.46 (KHTML, like Gecko) Version/9.0 Mobile/13D15 Safari/601.1"
170.75.162.130 - - [01/Feb/2016:14:16:55 -0800] "GET /lib/reccapi.php?resort=brighton HTTP/1.1" 200 1106 "-" "node-superagent/1.4.0"
134.79.236.144 - - [01/Feb/2016:14:24:22 -0800] "GET /images/wsis-logo-sm.png HTTP/1.1" 200 6108 "http://www.thebackcountry.net/" "Mozilla/5.0 (Windows NT 6.1; WOW64; rv:44.0) Gecko/20100101 Firefox/44.0"
98.236.188.83 - - [01/Feb/2016:14:27:03 -0800] "GET /images/wsis-logo-sm.png HTTP/1.1" 200 6108 "http://www.thebackcountry.net/" "Mozilla/5.0 (Macintosh; Intel Mac OS X 10_11_1) AppleWebKit/537.36 (KHTML, like Gecko) Chrome/47.0.2526.111 Safari/537.36"
98.236.188.83 - - [01/Feb/2016:14:27:26 -0800] "-" 408 0 "-" "-"
98.236.188.83 - - [01/Feb/2016:14:27:26 -0800] "-" 408 0 "-" "-"
180.76.15.135 - - [01/Feb/2016:14:34:07 -0800] "GET / HTTP/1.1" 200 6995 "-" "Mozilla/5.0 (compatible; Baiduspider/2.0; +http://www.baidu.com/search/spider.html)"
180.76.15.34 - - [01/Feb/2016:14:35:04 -0800] "GET / HTTP/1.1" 200 6995 "-" "Mozilla/5.0 (compatible; Baiduspider/2.0; +http://www.baidu.com/search/spider.html)"
170.75.162.130 - - [01/Feb/2016:14:41:08 -0800] "GET /lib/reccapi.php?resort=loveland HTTP/1.1" 200 1128 "-" "node-superagent/1.4.0"
76.126.173.246 - - [01/Feb/2016:14:44:35 -0800] "GET /images/wsis-logo-sm.png HTTP/1.1" 200 6108 "http://www.thebackcountry.net/" "Mozilla/5.0 (iPhone; CPU iPhone OS 9_2 like Mac OS X) AppleWebKit/601.1 (KHTML, like Gecko) CriOS/48.0.2564.87 Mobile/13C75 Safari/601.1.46"
168.150.17.219 - - [01/Feb/2016:14:47:57 -0800] "GET /images/wsis-logo-sm.png HTTP/1.1" 200 6108 "http://www.thebackcountry.net/" "Mozilla/5.0 (Windows NT 10.0; WOW64) AppleWebKit/537.36 (KHTML, like Gecko) Chrome/48.0.2564.97 Safari/537.36"
168.150.17.219 - - [01/Feb/2016:14:48:18 -0800] "-" 408 0 "-" "-"
8.25.197.25 - - [01/Feb/2016:14:49:00 -0800] "GET /images/wsis-logo-sm.png HTTP/1.1" 200 6108 "http://www.thebackcountry.net/" "Mozilla/5.0 (Macintosh; Intel Mac OS X 10_10_5) AppleWebKit/537.36 (KHTML, like Gecko) Chrome/44.0.2403.107 Safari/537.36"
220.181.108.91 - - [01/Feb/2016:14:51:49 -0800] "-" 408 0 "-" "-"
52.33.40.213 - - [01/Feb/2016:14:52:52 -0800] "GET /lib/reccapi.php?resort=mounthoodmeadows HTTP/1.1" 200 1076 "-" "node-superagent/1.4.0"
52.33.40.213 - - [01/Feb/2016:14:52:52 -0800] "GET /lib/reccapi.php?resort=mountspokane HTTP/1.1" 200 1068 "-" "node-superagent/1.4.0"
52.33.40.213 - - [01/Feb/2016:14:52:52 -0800] "GET /lib/reccapi.php?resort=mountbachelor HTTP/1.1" 200 1035 "-" "node-superagent/1.4.0"
52.33.40.213 - - [01/Feb/2016:14:53:52 -0800] "GET /lib/reccapi.php?resort=schweitzer HTTP/1.1" 200 1025 "-" "node-superagent/1.4.0"
52.33.40.213 - - [01/Feb/2016:14:54:02 -0800] "GET /lib/reccapi.php?resort=stevenspass HTTP/1.1" 200 1027 "-" "node-superagent/1.4.0"
52.33.40.213 - - [01/Feb/2016:14:55:12 -0800] "GET /lib/reccapi.php?resort=sunvalley HTTP/1.1" 200 1015 "-" "node-superagent/1.4.0"
170.75.162.130 - - [01/Feb/2016:15:08:32 -0800] "GET /lib/reccapi.php?resort=brianhead HTTP/1.1" 200 1092 "-" "node-superagent/1.4.0"
170.75.162.130 - - [01/Feb/2016:15:08:52 -0800] "GET /lib/reccapi.php?resort=killington HTTP/1.1" 200 1022 "-" "node-superagent/1.4.0"
170.75.162.130 - - [01/Feb/2016:15:08:52 -0800] "GET /lib/reccapi.php?resort=sugarloaf HTTP/1.1" 200 980 "-" "node-superagent/1.4.0"
71.140.31.214 - - [01/Feb/2016:15:29:44 -0800] "GET /images/wsis-logo-sm.png HTTP/1.1" 200 6108 "http://thebackcountry.net/" "Mozilla/4.0 (compatible; MSIE 8.0; Windows NT 5.1; Trident/4.0; .NET CLR 2.0.50727; .NET CLR 3.0.4506.2152; .NET CLR 3.5.30729; 786908940603; Build/14.08001)"
170.75.162.130 - - [01/Feb/2016:15:30:05 -0800] "GET /lib/reccapi.php?resort=bigsky HTTP/1.1" 200 1074 "-" "node-superagent/1.4.0"
170.75.162.130 - - [01/Feb/2016:15:30:05 -0800] "GET /lib/reccapi.php?resort=redlodge HTTP/1.1" 200 1073 "-" "node-superagent/1.4.0"
75.111.111.75 - - [01/Feb/2016:15:31:28 -0800] "GET /images/wsis-logo-sm.png HTTP/1.1" 200 6108 "http://www.thebackcountry.net/" "Mozilla/5.0 (iPhone; CPU iPhone OS 9_2 like Mac OS X) AppleWebKit/601.1 (KHTML, like Gecko) CriOS/48.0.2564.87 Mobile/13C75 Safari/601.1.46"
180.76.15.159 - - [01/Feb/2016:15:35:04 -0800] "GET / HTTP/1.1" 200 6995 "-" "Mozilla/5.0 (compatible; Baiduspider/2.0; +http://www.baidu.com/search/spider.html)"
180.76.15.159 - - [01/Feb/2016:15:36:05 -0800] "GET / HTTP/1.1" 200 6995 "-" "Mozilla/5.0 (compatible; Baiduspider/2.0; +http://www.baidu.com/search/spider.html)"
74.101.222.249 - - [01/Feb/2016:15:47:03 -0800] "GET / HTTP/1.1" 200 2615 "https://www.google.com/" "Mozilla/5.0 (Windows NT 6.1; WOW64) AppleWebKit/537.36 (KHTML, like Gecko) Chrome/48.0.2564.97 Safari/537.36"
74.101.222.249 - - [01/Feb/2016:15:47:03 -0800] "GET /styles/ee08faa9.main.css HTTP/1.1" 200 19446 "http://whereshouldiski.com/" "Mozilla/5.0 (Windows NT 6.1; WOW64) AppleWebKit/537.36 (KHTML, like Gecko) Chrome/48.0.2564.97 Safari/537.36"
74.101.222.249 - - [01/Feb/2016:15:47:03 -0800] "GET /scripts/scripts/vendor/modernizr.js HTTP/1.1" 200 4903 "http://whereshouldiski.com/" "Mozilla/5.0 (Windows NT 6.1; WOW64) AppleWebKit/537.36 (KHTML, like Gecko) Chrome/48.0.2564.97 Safari/537.36"
74.101.222.249 - - [01/Feb/2016:15:47:03 -0800] "GET /images/logo-square-white-sm.png HTTP/1.1" 200 1683 "http://whereshouldiski.com/" "Mozilla/5.0 (Windows NT 6.1; WOW64) AppleWebKit/537.36 (KHTML, like Gecko) Chrome/48.0.2564.97 Safari/537.36"
74.101.222.249 - - [01/Feb/2016:15:47:03 -0800] "GET /images/loading.gif HTTP/1.1" 200 13882 "http://whereshouldiski.com/" "Mozilla/5.0 (Windows NT 6.1; WOW64) AppleWebKit/537.36 (KHTML, like Gecko) Chrome/48.0.2564.97 Safari/537.36"
74.101.222.249 - - [01/Feb/2016:15:47:03 -0800] "GET /bower_components/requirejs/require.js HTTP/1.1" 200 6702 "http://whereshouldiski.com/" "Mozilla/5.0 (Windows NT 6.1; WOW64) AppleWebKit/537.36 (KHTML, like Gecko) Chrome/48.0.2564.97 Safari/537.36"
74.101.222.249 - - [01/Feb/2016:15:47:04 -0800] "GET /favicon.ico HTTP/1.1" 200 4612 "http://whereshouldiski.com/" "Mozilla/5.0 (Windows NT 6.1; WOW64) AppleWebKit/537.36 (KHTML, like Gecko) Chrome/48.0.2564.97 Safari/537.36"
74.101.222.249 - - [01/Feb/2016:15:47:04 -0800] "GET /scripts/fa48e319.main.js HTTP/1.1" 200 123455 "http://whereshouldiski.com/" "Mozilla/5.0 (Windows NT 6.1; WOW64) AppleWebKit/537.36 (KHTML, like Gecko) Chrome/48.0.2564.97 Safari/537.36"
74.101.222.249 - - [01/Feb/2016:15:47:05 -0800] "GET /lib/reccapi.php?fields=t HTTP/1.1" 200 1922 "http://whereshouldiski.com/" "Mozilla/5.0 (Windows NT 6.1; WOW64) AppleWebKit/537.36 (KHTML, like Gecko) Chrome/48.0.2564.97 Safari/537.36"
74.101.222.249 - - [01/Feb/2016:15:47:05 -0800] "GET /images/button.png HTTP/1.1" 200 598 "http://whereshouldiski.com/styles/ee08faa9.main.css" "Mozilla/5.0 (Windows NT 6.1; WOW64) AppleWebKit/537.36 (KHTML, like Gecko) Chrome/48.0.2564.97 Safari/537.36"
74.101.222.249 - - [01/Feb/2016:15:47:05 -0800] "GET /images/greyHeader.png HTTP/1.1" 200 508 "http://whereshouldiski.com/styles/ee08faa9.main.css" "Mozilla/5.0 (Windows NT 6.1; WOW64) AppleWebKit/537.36 (KHTML, like Gecko) Chrome/48.0.2564.97 Safari/537.36"
74.101.222.249 - - [01/Feb/2016:15:47:05 -0800] "GET /images/snowflake5.png HTTP/1.1" 200 2857 "http://whereshouldiski.com/styles/ee08faa9.main.css" "Mozilla/5.0 (Windows NT 6.1; WOW64) AppleWebKit/537.36 (KHTML, like Gecko) Chrome/48.0.2564.97 Safari/537.36"
74.101.222.249 - - [01/Feb/2016:15:47:05 -0800] "GET /images/star5.png HTTP/1.1" 200 1783 "http://whereshouldiski.com/styles/ee08faa9.main.css" "Mozilla/5.0 (Windows NT 6.1; WOW64) AppleWebKit/537.36 (KHTML, like Gecko) Chrome/48.0.2564.97 Safari/537.36"
74.101.222.249 - - [01/Feb/2016:15:47:05 -0800] "GET /images/bluebird5.png HTTP/1.1" 200 2178 "http://whereshouldiski.com/styles/ee08faa9.main.css" "Mozilla/5.0 (Windows NT 6.1; WOW64) AppleWebKit/537.36 (KHTML, like Gecko) Chrome/48.0.2564.97 Safari/537.36"
74.101.222.249 - - [01/Feb/2016:15:47:05 -0800] "GET /images/mtns-icon.png HTTP/1.1" 200 1096 "http://whereshouldiski.com/styles/ee08faa9.main.css" "Mozilla/5.0 (Windows NT 6.1; WOW64) AppleWebKit/537.36 (KHTML, like Gecko) Chrome/48.0.2564.97 Safari/537.36"
74.101.222.249 - - [01/Feb/2016:15:47:05 -0800] "GET /images/shading-icon.png HTTP/1.1" 200 536 "http://whereshouldiski.com/styles/ee08faa9.main.css" "Mozilla/5.0 (Windows NT 6.1; WOW64) AppleWebKit/537.36 (KHTML, like Gecko) Chrome/48.0.2564.97 Safari/537.36"
220.181.108.150 - - [01/Feb/2016:15:48:24 -0800] "GET / HTTP/1.1" 200 2578 "-" "Mozilla/5.0 (Windows NT 5.1; rv:6.0.2) Gecko/20100101 Firefox/6.0.2"
220.181.108.179 - - [01/Feb/2016:15:48:25 -0800] "GET / HTTP/1.1" 200 6995 "-" "Mozilla/5.0 (Windows NT 5.1; rv:6.0.2) Gecko/20100101 Firefox/6.0.2"
170.75.162.130 - - [01/Feb/2016:15:50:47 -0800] "GET /lib/reccapi.php?resort=cannonmountain HTTP/1.1" 200 1044 "-" "node-superagent/1.4.0"
50.173.174.3 - - [01/Feb/2016:15:52:25 -0800] "-" 408 0 "-" "-"
50.173.174.3 - - [01/Feb/2016:15:52:26 -0800] "-" 408 0 "-" "-"
52.33.40.213 - - [01/Feb/2016:15:55:15 -0800] "GET /lib/reccapi.php?resort=aspenmountain HTTP/1.1" 200 1040 "-" "node-superagent/1.4.0"
52.33.40.213 - - [01/Feb/2016:15:56:25 -0800] "GET /lib/reccapi.php?resort=alyeska HTTP/1.1" 200 1001 "-" "node-superagent/1.4.0"
170.75.162.130 - - [01/Feb/2016:15:58:18 -0800] "GET /lib/reccapi.php?resort=chinapeak HTTP/1.1" 200 998 "-" "node-superagent/1.4.0"
199.30.25.16 - - [01/Feb/2016:16:01:09 -0800] "GET /images/wsis-logo-sm.png HTTP/1.1" 200 6052 "http://www.thebackcountry.net/" "Mozilla/5.0 (iPhone; CPU iPhone OS 7_0 like Mac OS X) AppleWebKit/537.51.1 (KHTML, like Gecko) Version/7.0 Mobile/11A465 Safari/9537.53 BingPreview/1.0b"
170.75.162.130 - - [01/Feb/2016:16:02:09 -0800] "GET /lib/reccapi.php?resort=alpinemeadows HTTP/1.1" 200 993 "-" "node-superagent/1.4.0"
170.75.162.130 - - [01/Feb/2016:16:02:09 -0800] "GET /lib/reccapi.php?resort=coppermountain HTTP/1.1" 200 1037 "-" "node-superagent/1.4.0"
170.75.162.130 - - [01/Feb/2016:16:02:09 -0800] "GET /lib/reccapi.php?resort=kirkwood HTTP/1.1" 200 1055 "-" "node-superagent/1.4.0"
170.75.162.130 - - [01/Feb/2016:16:02:09 -0800] "GET /lib/reccapi.php?resort=heavenly HTTP/1.1" 200 982 "-" "node-superagent/1.4.0"
170.75.162.130 - - [01/Feb/2016:16:02:09 -0800] "GET /lib/reccapi.php?resort=mtrose HTTP/1.1" 200 973 "-" "node-superagent/1.4.0"
170.75.162.130 - - [01/Feb/2016:16:02:09 -0800] "GET /lib/reccapi.php?resort=northstar-at-tahoe HTTP/1.1" 200 974 "-" "node-superagent/1.4.0"
170.75.162.130 - - [01/Feb/2016:16:02:09 -0800] "GET /lib/reccapi.php?resort=sierra-at-tahoe HTTP/1.1" 200 1037 "-" "node-superagent/1.4.0"
170.75.162.130 - - [01/Feb/2016:16:02:09 -0800] "GET /lib/reccapi.php?resort=sugarbowl HTTP/1.1" 200 971 "-" "node-superagent/1.4.0"
170.75.162.130 - - [01/Feb/2016:16:02:09 -0800] "GET /lib/reccapi.php?resort=squawvalleyusa HTTP/1.1" 200 989 "-" "node-superagent/1.4.0"
170.75.162.130 - - [01/Feb/2016:16:03:59 -0800] "GET /lib/reccapi.php?resort=crestedbutte HTTP/1.1" 200 1067 "-" "node-superagent/1.4.0"
52.33.40.213 - - [01/Feb/2016:16:08:35 -0800] "GET /lib/reccapi.php?resort=49degreesnorth HTTP/1.1" 200 1045 "-" "node-superagent/1.4.0"
170.75.162.130 - - [01/Feb/2016:16:13:11 -0800] "GET /lib/reccapi.php?resort=snowbird HTTP/1.1" 200 1043 "-" "node-superagent/1.4.0"
170.75.162.130 - - [01/Feb/2016:16:14:11 -0800] "GET /lib/reccapi.php?resort=sunpeaksresort HTTP/1.1" 200 919 "-" "node-superagent/1.4.0"
75.140.35.202 - - [01/Feb/2016:16:15:09 -0800] "GET /images/wsis-logo-sm.png HTTP/1.1" 200 6108 "http://www.thebackcountry.net/" "Mozilla/4.0 (compatible; MSIE 8.0; Windows NT 5.1; Trident/4.0; GTB7.5; .NET CLR 1.1.4322; .NET CLR 2.0.50727; .NET CLR 3.0.04506.30; MDDR; .NET CLR 3.0.4506.2152; .NET CLR 3.5.30729; BRI/2)"
170.75.162.130 - - [01/Feb/2016:16:17:41 -0800] "GET /lib/reccapi.php?resort=jacksonhole HTTP/1.1" 200 1034 "-" "node-superagent/1.4.0"
75.111.109.87 - - [01/Feb/2016:16:17:44 -0800] "GET /images/wsis-logo-sm.png HTTP/1.1" 200 6108 "http://www.thebackcountry.net/" "Mozilla/5.0 (Windows NT 10.0; WOW64) AppleWebKit/537.36 (KHTML, like Gecko) Chrome/48.0.2564.97 Safari/537.36"
170.75.162.130 - - [01/Feb/2016:16:20:42 -0800] "GET /lib/reccapi.php?resort=crystalmountain HTTP/1.1" 200 1050 "-" "node-superagent/1.4.0"
69.230.96.11 - - [01/Feb/2016:16:21:03 -0800] "GET /images/wsis-logo-sm.png HTTP/1.1" 200 6108 "http://thebackcountry.net/" "Mozilla/5.0 (Macintosh; Intel Mac OS X 10_11_3) AppleWebKit/601.4.4 (KHTML, like Gecko) Version/9.0.3 Safari/601.4.4"
170.75.162.130 - - [01/Feb/2016:16:24:52 -0800] "GET /lib/reccapi.php?resort=deervalley HTTP/1.1" 200 1109 "-" "node-superagent/1.4.0"
170.75.162.130 - - [01/Feb/2016:16:26:23 -0800] "GET /lib/reccapi.php?resort=whitefacemountain HTTP/1.1" 200 1068 "-" "node-superagent/1.4.0"
52.33.40.213 - - [01/Feb/2016:16:27:46 -0800] "GET /lib/reccapi.php?resort=bigsky HTTP/1.1" 200 1074 "-" "node-superagent/1.4.0"
52.33.40.213 - - [01/Feb/2016:16:27:56 -0800] "GET /lib/reccapi.php?resort=keystone HTTP/1.1" 200 1023 "-" "node-superagent/1.4.0"
170.75.162.130 - - [01/Feb/2016:16:28:53 -0800] "GET /lib/reccapi.php?resort=devilshead HTTP/1.1" 200 949 "-" "node-superagent/1.4.0"
170.75.162.130 - - [01/Feb/2016:16:30:44 -0800] "GET /lib/reccapi.php?resort=grandtarghee HTTP/1.1" 200 1033 "-" "node-superagent/1.4.0"
52.33.40.213 - - [01/Feb/2016:16:31:26 -0800] "GET /lib/reccapi.php?resort=arapahoebasin HTTP/1.1" 200 1054 "-" "node-superagent/1.4.0"
180.76.15.27 - - [01/Feb/2016:16:31:31 -0800] "GET / HTTP/1.1" 200 6995 "-" "Mozilla/5.0 (compatible; Baiduspider/2.0; +http://www.baidu.com/search/spider.html)"
170.75.162.130 - - [01/Feb/2016:16:32:03 -0800] "GET /lib/reccapi.php?resort=diamondpeak HTTP/1.1" 200 950 "-" "node-superagent/1.4.0"
180.76.15.29 - - [01/Feb/2016:16:32:21 -0800] "GET / HTTP/1.1" 200 6995 "-" "Mozilla/5.0 (compatible; Baiduspider/2.0; +http://www.baidu.com/search/spider.html)"
69.230.96.11 - - [01/Feb/2016:16:35:10 -0800] "GET /images/wsis-logo-sm.png HTTP/1.1" 200 6108 "http://www.thebackcountry.net/" "Mozilla/5.0 (Macintosh; Intel Mac OS X 10.10; rv:43.0) Gecko/20100101 Firefox/43.0"
66.249.79.220 - - [01/Feb/2016:16:36:49 -0800] "GET /resorts?resort=grandtarghee&date=2014-03-07 HTTP/1.1" 404 506 "-" "Mozilla/5.0 (iPhone; CPU iPhone OS 8_3 like Mac OS X) AppleWebKit/600.1.4 (KHTML, like Gecko) Version/8.0 Mobile/12F70 Safari/600.1.4 (compatible; Googlebot/2.1; +http://www.google.com/bot.html)"
64.60.108.106 - - [01/Feb/2016:16:39:53 -0800] "GET /images/wsis-logo-sm.png HTTP/1.1" 200 6108 "http://www.thebackcountry.net/" "Mozilla/5.0 (Macintosh; Intel Mac OS X 10_10_5) AppleWebKit/537.36 (KHTML, like Gecko) Chrome/47.0.2526.106 Safari/537.36"
67.91.223.66 - - [01/Feb/2016:16:42:12 -0800] "GET /images/wsis-logo-sm.png HTTP/1.1" 200 6108 "http://www.thebackcountry.net/" "Mozilla/5.0 (compatible; MSIE 10.0; Windows NT 6.1; WOW64; Trident/6.0)"
52.33.40.213 - - [01/Feb/2016:16:43:37 -0800] "GET /lib/reccapi.php?resort=whistlerblackcomb HTTP/1.1" 200 936 "-" "node-superagent/1.4.0"
52.33.40.213 - - [01/Feb/2016:16:45:37 -0800] "GET /lib/reccapi.php?resort=jacksonhole HTTP/1.1" 200 1034 "-" "node-superagent/1.4.0"
52.33.40.213 - - [01/Feb/2016:16:46:57 -0800] "GET /lib/reccapi.php?resort=smugglersnotch HTTP/1.1" 200 1040 "-" "node-superagent/1.4.0"
66.249.79.227 - - [01/Feb/2016:16:47:28 -0800] "GET /resorts?resort=crestedbutte HTTP/1.1" 404 506 "-" "Mozilla/5.0 (compatible; Googlebot/2.1; +http://www.google.com/bot.html)"
216.128.232.93 - - [01/Feb/2016:16:49:01 -0800] "GET / HTTP/1.1" 200 2615 "-" "Mozilla/5.0 (Macintosh; Intel Mac OS X 10_10_5) AppleWebKit/601.4.4 (KHTML, like Gecko) Version/9.0.3 Safari/601.4.4"
216.128.232.93 - - [01/Feb/2016:16:49:01 -0800] "GET /styles/ee08faa9.main.css HTTP/1.1" 200 19446 "http://whereshouldiski.com/" "Mozilla/5.0 (Macintosh; Intel Mac OS X 10_10_5) AppleWebKit/601.4.4 (KHTML, like Gecko) Version/9.0.3 Safari/601.4.4"
216.128.232.93 - - [01/Feb/2016:16:49:01 -0800] "GET /scripts/scripts/vendor/modernizr.js HTTP/1.1" 200 4903 "http://whereshouldiski.com/" "Mozilla/5.0 (Macintosh; Intel Mac OS X 10_10_5) AppleWebKit/601.4.4 (KHTML, like Gecko) Version/9.0.3 Safari/601.4.4"
216.128.232.93 - - [01/Feb/2016:16:49:01 -0800] "GET /bower_components/requirejs/require.js HTTP/1.1" 200 6702 "http://whereshouldiski.com/" "Mozilla/5.0 (Macintosh; Intel Mac OS X 10_10_5) AppleWebKit/601.4.4 (KHTML, like Gecko) Version/9.0.3 Safari/601.4.4"
216.128.232.93 - - [01/Feb/2016:16:49:01 -0800] "GET /images/logo-square-white-sm.png HTTP/1.1" 200 1683 "http://whereshouldiski.com/" "Mozilla/5.0 (Macintosh; Intel Mac OS X 10_10_5) AppleWebKit/601.4.4 (KHTML, like Gecko) Version/9.0.3 Safari/601.4.4"
216.128.232.93 - - [01/Feb/2016:16:49:01 -0800] "GET /images/loading.gif HTTP/1.1" 200 13881 "http://whereshouldiski.com/" "Mozilla/5.0 (Macintosh; Intel Mac OS X 10_10_5) AppleWebKit/601.4.4 (KHTML, like Gecko) Version/9.0.3 Safari/601.4.4"
216.128.232.93 - - [01/Feb/2016:16:49:01 -0800] "GET /images/button.png HTTP/1.1" 200 598 "http://whereshouldiski.com/" "Mozilla/5.0 (Macintosh; Intel Mac OS X 10_10_5) AppleWebKit/601.4.4 (KHTML, like Gecko) Version/9.0.3 Safari/601.4.4"
216.128.232.93 - - [01/Feb/2016:16:49:02 -0800] "GET /favicon.ico HTTP/1.1" 200 4612 "http://whereshouldiski.com/" "Mozilla/5.0 (Macintosh; Intel Mac OS X 10_10_5) AppleWebKit/601.4.4 (KHTML, like Gecko) Version/9.0.3 Safari/601.4.4"
216.128.232.93 - - [01/Feb/2016:16:49:02 -0800] "GET /scripts/fa48e319.main.js HTTP/1.1" 200 123455 "http://whereshouldiski.com/" "Mozilla/5.0 (Macintosh; Intel Mac OS X 10_10_5) AppleWebKit/601.4.4 (KHTML, like Gecko) Version/9.0.3 Safari/601.4.4"
216.128.232.93 - - [01/Feb/2016:16:49:03 -0800] "GET /images/greyHeader.png HTTP/1.1" 200 508 "http://whereshouldiski.com/" "Mozilla/5.0 (Macintosh; Intel Mac OS X 10_10_5) AppleWebKit/601.4.4 (KHTML, like Gecko) Version/9.0.3 Safari/601.4.4"
216.128.232.93 - - [01/Feb/2016:16:49:03 -0800] "GET /lib/reccapi.php?fields=t HTTP/1.1" 200 1922 "http://whereshouldiski.com/" "Mozilla/5.0 (Macintosh; Intel Mac OS X 10_10_5) AppleWebKit/601.4.4 (KHTML, like Gecko) Version/9.0.3 Safari/601.4.4"
52.33.40.213 - - [01/Feb/2016:16:51:27 -0800] "GET /lib/reccapi.php?resort=sugarloaf HTTP/1.1" 200 980 "-" "node-superagent/1.4.0"
185.25.151.159 - - [01/Feb/2016:16:52:15 -0800] "GET http://testp5.mielno.lubin.pl/testproxy.php HTTP/1.1" 404 452 "-" "Mozilla/5.0 (Windows NT 5.1; rv:32.0) Gecko/20100101 Firefox/31.0"
52.33.40.213 - - [01/Feb/2016:16:52:57 -0800] "GET /lib/reccapi.php?resort=sugarbush HTTP/1.1" 200 1062 "-" "node-superagent/1.4.0"
47.208.183.181 - - [01/Feb/2016:16:53:06 -0800] "GET /images/wsis-logo-sm.png HTTP/1.1" 200 6108 "http://www.thebackcountry.net/" "Mozilla/5.0 (Windows NT 6.3; WOW64; rv:44.0) Gecko/20100101 Firefox/44.0"
170.75.162.130 - - [01/Feb/2016:16:53:56 -0800] "GET /lib/reccapi.php?resort=hoodoo HTTP/1.1" 200 1025 "-" "node-superagent/1.4.0"
170.75.162.130 - - [01/Feb/2016:16:53:57 -0800] "GET /lib/reccapi.php?resort=mounthoodmeadows HTTP/1.1" 200 1077 "-" "node-superagent/1.4.0"
170.75.162.130 - - [01/Feb/2016:16:56:17 -0800] "GET /lib/reccapi.php?resort=arapahoebasin HTTP/1.1" 200 1054 "-" "node-superagent/1.4.0"
170.75.162.130 - - [01/Feb/2016:16:56:17 -0800] "GET /lib/reccapi.php?resort=alyeska HTTP/1.1" 200 1001 "-" "node-superagent/1.4.0"
170.75.162.130 - - [01/Feb/2016:16:56:17 -0800] "GET /lib/reccapi.php?resort=angelfire HTTP/1.1" 200 1086 "-" "node-superagent/1.4.0"
170.75.162.130 - - [01/Feb/2016:16:56:17 -0800] "GET /lib/reccapi.php?resort=aspenheights HTTP/1.1" 200 1061 "-" "node-superagent/1.4.0"
170.75.162.130 - - [01/Feb/2016:16:56:17 -0800] "GET /lib/reccapi.php?resort=aspenmountain HTTP/1.1" 200 1040 "-" "node-superagent/1.4.0"
52.33.40.213 - - [01/Feb/2016:16:58:47 -0800] "GET /lib/reccapi.php?resort=grandtarghee HTTP/1.1" 200 1033 "-" "node-superagent/1.4.0"
52.33.40.213 - - [01/Feb/2016:16:58:47 -0800] "GET /lib/reccapi.php?resort=heavenly HTTP/1.1" 200 982 "-" "node-superagent/1.4.0"
73.222.249.242 - - [01/Feb/2016:16:59:14 -0800] "GET /images/wsis-logo-sm.png HTTP/1.1" 200 6108 "http://www.thebackcountry.net/" "Mozilla/5.0 (Windows NT 6.3; WOW64) AppleWebKit/537.36 (KHTML, like Gecko) Chrome/48.0.2564.97 Safari/537.36"
52.33.40.213 - - [01/Feb/2016:16:59:17 -0800] "GET /lib/reccapi.php?resort=killington HTTP/1.1" 200 1022 "-" "node-superagent/1.4.0"
52.33.40.213 - - [01/Feb/2016:16:59:27 -0800] "GET /lib/reccapi.php?resort=kirkwood HTTP/1.1" 200 1055 "-" "node-superagent/1.4.0"
52.33.40.213 - - [01/Feb/2016:17:00:07 -0800] "GET /lib/reccapi.php?resort=stowe HTTP/1.1" 200 1041 "-" "node-superagent/1.4.0"
170.75.162.130 - - [01/Feb/2016:17:03:58 -0800] "GET /lib/reccapi.php?resort=snowbasin HTTP/1.1" 200 1014 "-" "node-superagent/1.4.0"
66.214.222.249 - - [01/Feb/2016:17:05:08 -0800] "GET /images/wsis-logo-sm.png HTTP/1.1" 200 6108 "http://www.thebackcountry.net/" "Mozilla/5.0 (Windows NT 6.3; WOW64) AppleWebKit/537.36 (KHTML, like Gecko) Chrome/47.0.2526.111 Safari/537.36"
170.75.162.130 - - [01/Feb/2016:17:07:48 -0800] "GET /lib/reccapi.php?resort=buttermilk HTTP/1.1" 200 1038 "-" "node-superagent/1.4.0"
52.33.40.213 - - [01/Feb/2016:17:10:18 -0800] "GET /lib/reccapi.php?resort=snowmass HTTP/1.1" 200 1020 "-" "node-superagent/1.4.0"
170.75.162.130 - - [01/Feb/2016:17:15:30 -0800] "GET /lib/reccapi.php?resort=jaypeak HTTP/1.1" 200 1095 "-" "node-superagent/1.4.0"
52.33.40.213 - - [01/Feb/2016:17:17:18 -0800] "GET /lib/reccapi.php?resort=chinapeak HTTP/1.1" 200 998 "-" "node-superagent/1.4.0"
52.33.40.213 - - [01/Feb/2016:17:17:38 -0800] "GET /lib/reccapi.php?resort=mtrose HTTP/1.1" 200 973 "-" "node-superagent/1.4.0"
52.33.40.213 - - [01/Feb/2016:17:18:38 -0800] "GET /lib/reccapi.php?resort=homewoodmountain HTTP/1.1" 200 989 "-" "node-superagent/1.4.0"
72.173.133.189 - - [01/Feb/2016:17:20:13 -0800] "GET /images/wsis-logo-sm.png HTTP/1.1" 200 6071 "http://www.thebackcountry.net/" "Mozilla/5.0 (Windows NT 6.1; WOW64; Trident/7.0; rv:11.0) like Gecko"
52.33.40.213 - - [01/Feb/2016:17:22:28 -0800] "GET /lib/reccapi.php?resort=angelfire HTTP/1.1" 200 1086 "-" "node-superagent/1.4.0"
52.33.40.213 - - [01/Feb/2016:17:22:38 -0800] "GET /lib/reccapi.php?resort=cannonmountain HTTP/1.1" 200 1044 "-" "node-superagent/1.4.0"
170.75.162.130 - - [01/Feb/2016:17:22:41 -0800] "GET /lib/reccapi.php?resort=keystone HTTP/1.1" 200 1023 "-" "node-superagent/1.4.0"
97.92.96.146 - - [01/Feb/2016:17:23:02 -0800] "GET /images/wsis-logo-sm.png HTTP/1.1" 200 6108 "http://www.thebackcountry.net/" "Mozilla/5.0 (iPad; CPU OS 8_1_1 like Mac OS X) AppleWebKit/600.1.4 (KHTML, like Gecko) Version/8.0 Mobile/12B435 Safari/600.1.4"
72.173.133.189 - - [01/Feb/2016:17:23:40 -0800] "GET /images/wsis-logo-sm.png HTTP/1.1" 304 150 "-" "Mozilla/5.0 (Windows NT 6.1; WOW64; Trident/7.0; rv:11.0) like Gecko"
66.249.79.234 - - [01/Feb/2016:17:24:34 -0800] "GET /lib/reccapi.php?fields=t&state=AR HTTP/1.1" 200 741 "http://whereshouldiski.com/" "Mozilla/5.0 (compatible; Googlebot/2.1; +http://www.google.com/bot.html)"
180.76.15.155 - - [01/Feb/2016:17:31:47 -0800] "GET / HTTP/1.1" 200 6995 "-" "Mozilla/5.0 (compatible; Baiduspider/2.0; +http://www.baidu.com/search/spider.html)"
180.76.15.9 - - [01/Feb/2016:17:32:39 -0800] "GET / HTTP/1.1" 200 6995 "-" "Mozilla/5.0 (compatible; Baiduspider/2.0; +http://www.baidu.com/search/spider.html)"
192.31.105.192 - - [01/Feb/2016:17:35:33 -0800] "GET /images/wsis-logo-sm.png HTTP/1.1" 200 6108 "http://www.thebackcountry.net/" "Mozilla/5.0 (Macintosh; Intel Mac OS X 10_10_2) AppleWebKit/537.36 (KHTML, like Gecko) Chrome/47.0.2526.106 Safari/537.36"
170.75.162.130 - - [01/Feb/2016:17:39:03 -0800] "GET /lib/reccapi.php?resort=whistlerblackcomb HTTP/1.1" 200 936 "-" "node-superagent/1.4.0"
170.75.162.130 - - [01/Feb/2016:17:41:03 -0800] "GET /lib/reccapi.php?resort=winterpark HTTP/1.1" 200 1029 "-" "node-superagent/1.4.0"
123.125.71.70 - - [01/Feb/2016:17:41:23 -0800] "-" 408 0 "-" "-"
201.244.246.56 - - [01/Feb/2016:17:46:35 -0800] "GET /images/wsis-logo-sm.png HTTP/1.1" 200 6108 "http://www.thebackcountry.net/" "Mozilla/5.0 (iPad; CPU OS 8_4_1 like Mac OS X) AppleWebKit/600.1.4 (KHTML, like Gecko) Version/8.0 Mobile/12H321 Safari/600.1.4"
71.92.169.18 - - [01/Feb/2016:17:50:23 -0800] "GET /images/wsis-logo-sm.png HTTP/1.1" 200 6108 "http://www.thebackcountry.net/" "Mozilla/5.0 (Windows NT 6.3; WOW64) AppleWebKit/537.36 (KHTML, like Gecko) Chrome/41.0.2272.118 Safari/537.36"
170.75.162.130 - - [01/Feb/2016:17:54:05 -0800] "GET /lib/reccapi.php?resort=madriverglen HTTP/1.1" 200 1061 "-" "node-superagent/1.4.0"
170.75.162.130 - - [01/Feb/2016:17:57:26 -0800] "GET /lib/reccapi.php?resort=mammothmountain HTTP/1.1" 200 1013 "-" "node-superagent/1.4.0"
169.230.87.17 - - [01/Feb/2016:17:58:26 -0800] "GET /images/wsis-logo-sm.png HTTP/1.1" 200 6108 "http://www.thebackcountry.net/" "Mozilla/5.0 (Windows NT 6.1; WOW64) AppleWebKit/537.36 (KHTML, like Gecko) Chrome/33.0.1750.5 Safari/537.36"
170.75.162.130 - - [01/Feb/2016:18:10:47 -0800] "GET /lib/reccapi.php?resort=mountspokane HTTP/1.1" 200 1044 "-" "node-superagent/1.4.0"
170.75.162.130 - - [01/Feb/2016:18:11:07 -0800] "GET /lib/reccapi.php?resort=schweitzer HTTP/1.1" 200 1015 "-" "node-superagent/1.4.0"
75.111.111.75 - - [01/Feb/2016:18:13:35 -0800] "GET /images/wsis-logo-sm.png HTTP/1.1" 200 6108 "http://www.thebackcountry.net/" "Mozilla/5.0 (iPhone; CPU iPhone OS 9_2 like Mac OS X) AppleWebKit/601.1 (KHTML, like Gecko) CriOS/48.0.2564.87 Mobile/13C75 Safari/601.1.46"
170.75.162.130 - - [01/Feb/2016:18:14:08 -0800] "GET /lib/reccapi.php?resort=mountbachelor HTTP/1.1" 200 1038 "-" "node-superagent/1.4.0"
70.133.85.89 - - [01/Feb/2016:18:27:10 -0800] "GET /images/wsis-logo-sm.png HTTP/1.1" 200 6108 "http://www.thebackcountry.net/" "Mozilla/5.0 (Macintosh; Intel Mac OS X 10_11_2) AppleWebKit/537.36 (KHTML, like Gecko) Chrome/50.0.2633.3 Safari/537.36"
107.77.75.31 - - [01/Feb/2016:18:27:54 -0800] "GET /images/wsis-logo-sm.png HTTP/1.1" 200 6108 "http://thebackcountry.net/" "Mozilla/5.0 (iPhone; CPU iPhone OS 9_2_1 like Mac OS X) AppleWebKit/601.1.46 (KHTML, like Gecko) Version/9.0 Mobile/13D15 Safari/601.1"
180.76.15.160 - - [01/Feb/2016:18:30:56 -0800] "GET / HTTP/1.1" 200 6995 "-" "Mozilla/5.0 (compatible; Baiduspider/2.0; +http://www.baidu.com/search/spider.html)"
180.76.15.25 - - [01/Feb/2016:18:31:46 -0800] "GET / HTTP/1.1" 200 6995 "-" "Mozilla/5.0 (compatible; Baiduspider/2.0; +http://www.baidu.com/search/spider.html)"
66.249.79.227 - - [01/Feb/2016:18:33:46 -0800] "GET /lib/reccapi.php?fields=t&state=AZ HTTP/1.1" 200 1229 "http://whereshouldiski.com/" "Mozilla/5.0 (compatible; Googlebot/2.1; +http://www.google.com/bot.html)"
108.249.89.232 - - [01/Feb/2016:18:35:34 -0800] "GET /images/wsis-logo-sm.png HTTP/1.1" 200 6108 "http://www.thebackcountry.net/" "Mozilla/5.0 (Macintosh; Intel Mac OS X 10_8_5) AppleWebKit/600.8.9 (KHTML, like Gecko) Version/6.2.8 Safari/537.85.17"
170.75.162.130 - - [01/Feb/2016:18:36:41 -0800] "GET /lib/reccapi.php?resort=mountainhigh HTTP/1.1" 200 1003 "-" "node-superagent/1.4.0"
52.33.40.213 - - [01/Feb/2016:18:39:42 -0800] "GET /lib/reccapi.php?resort=mammothmountain HTTP/1.1" 200 1013 "-" "node-superagent/1.4.0"
170.75.162.130 - - [01/Feb/2016:18:41:22 -0800] "GET /lib/reccapi.php?resort=monarch HTTP/1.1" 200 1063 "-" "node-superagent/1.4.0"
24.196.246.172 - - [01/Feb/2016:18:50:30 -0800] "GET /images/wsis-logo-sm.png HTTP/1.1" 200 6108 "http://www.thebackcountry.net/" "Mozilla/5.0 (Windows NT 10.0; Win64; x64) AppleWebKit/537.36 (KHTML, like Gecko) Chrome/46.0.2486.0 Safari/537.36 Edge/13.10586"
24.196.246.172 - - [01/Feb/2016:18:50:51 -0800] "-" 408 0 "-" "-"
150.70.173.8 - - [01/Feb/2016:18:51:48 -0800] "GET / HTTP/1.1" 200 6976 "-" "Mozilla/4.0 (compatible; MSIE 8.0; Windows NT 5.1; Trident/4.0)"
52.33.40.213 - - [01/Feb/2016:18:56:22 -0800] "GET /lib/reccapi.php?resort=brighton HTTP/1.1" 200 1077 "-" "node-superagent/1.4.0"
66.249.79.220 - - [01/Feb/2016:18:57:01 -0800] "GET /images/wsis-logo-sm.png HTTP/1.1" 304 187 "-" "Googlebot-Image/1.0"
66.249.79.234 - - [01/Feb/2016:18:57:30 -0800] "GET /images/logo-square-white-sm.png HTTP/1.1" 304 186 "-" "Googlebot-Image/1.0"
75.141.216.46 - - [01/Feb/2016:18:57:59 -0800] "GET /images/wsis-logo-sm.png HTTP/1.1" 200 6108 "http://www.thebackcountry.net/" "Mozilla/5.0 (iPad; CPU OS 9_2 like Mac OS X) AppleWebKit/601.1 (KHTML, like Gecko) CriOS/47.0.2526.107 Mobile/13C75 Safari/601.1.46"
52.33.40.213 - - [01/Feb/2016:18:58:12 -0800] "GET /lib/reccapi.php?resort=steamboat HTTP/1.1" 200 1047 "-" "node-superagent/1.4.0"
170.75.162.130 - - [01/Feb/2016:19:00:45 -0800] "GET /lib/reccapi.php?resort=snowmass HTTP/1.1" 200 1019 "-" "node-superagent/1.4.0"
52.33.40.213 - - [01/Feb/2016:19:08:23 -0800] "GET /lib/reccapi.php?resort=telluride HTTP/1.1" 200 1050 "-" "node-superagent/1.4.0"
24.176.181.15 - - [01/Feb/2016:19:14:18 -0800] "GET /images/wsis-logo-sm.png HTTP/1.1" 200 6108 "http://thebackcountry.net/" "Mozilla/5.0 (Windows NT 10.0; Win64; x64) AppleWebKit/537.36 (KHTML, like Gecko) Chrome/46.0.2486.0 Safari/537.36 Edge/13.10586"
12.217.50.1 - - [01/Feb/2016:19:18:27 -0800] "GET /images/wsis-logo-sm.png HTTP/1.1" 200 6108 "http://www.thebackcountry.net/" "Mozilla/5.0 (Macintosh; Intel Mac OS X 10_7_5) AppleWebKit/537.36 (KHTML, like Gecko) Chrome/48.0.2564.97 Safari/537.36"
170.75.162.130 - - [01/Feb/2016:19:19:27 -0800] "GET /lib/reccapi.php?resort=steamboat HTTP/1.1" 200 1047 "-" "node-superagent/1.4.0"
