70.214.9.61 - - [05/Oct/2015:16:30:29 -0700] "GET /images/wsis-logo-sm.png HTTP/1.1" 200 6108 "http://www.thebackcountry.net/" "Mozilla/5.0 (iPhone; CPU iPhone OS 8_4_1 like Mac OS X) AppleWebKit/600.1.4 (KHTML, like Gecko) Version/8.0 Mobile/12H321 Safari/600.1.4"
180.76.15.151 - - [05/Oct/2015:16:59:17 -0700] "GET / HTTP/1.1" 200 6114 "-" "Mozilla/5.0 (compatible; Baiduspider/2.0; +http://www.baidu.com/search/spider.html)"
180.76.15.14 - - [05/Oct/2015:17:00:43 -0700] "GET / HTTP/1.1" 200 6114 "-" "Mozilla/5.0 (compatible; Baiduspider/2.0; +http://www.baidu.com/search/spider.html)"
83.213.32.178 - - [05/Oct/2015:17:02:08 -0700] "GET /images/wsis-logo-sm.png HTTP/1.1" 200 6108 "http://thebackcountry.net/" "Mozilla/5.0 (Windows NT 6.1; WOW64) AppleWebKit/537.36 (KHTML, like Gecko) Chrome/36.0.1985.143 Safari/537.36"
75.141.239.220 - - [05/Oct/2015:17:02:10 -0700] "GET /images/wsis-logo-sm.png HTTP/1.1" 200 6108 "http://www.thebackcountry.net/" "Mozilla/5.0 (iPad; CPU OS 8_1_2 like Mac OS X) AppleWebKit/600.1.4 (KHTML, like Gecko) Version/8.0 Mobile/12B440 Safari/600.1.4"
157.55.39.46 - - [05/Oct/2015:17:09:11 -0700] "GET /robots.txt HTTP/1.1" 200 375 "-" "Mozilla/5.0 (compatible; bingbot/2.0; +http://www.bing.com/bingbot.htm)"
209.180.165.155 - - [05/Oct/2015:17:13:10 -0700] "GET /images/wsis-logo-sm.png HTTP/1.1" 200 6108 "http://www.thebackcountry.net/" "Mozilla/5.0 (Windows NT 6.1; WOW64) AppleWebKit/537.36 (KHTML, like Gecko) Chrome/45.0.2454.101 Safari/537.36"
70.214.33.104 - - [05/Oct/2015:17:14:03 -0700] "GET /images/wsis-logo-sm.png HTTP/1.1" 200 6108 "http://www.thebackcountry.net/" "Mozilla/5.0 (Linux; Android 5.0; SM-G900V Build/LRX21T) AppleWebKit/537.36 (KHTML, like Gecko) Chrome/45.0.2454.94 Mobile Safari/537.36"
24.184.40.185 - - [05/Oct/2015:17:23:20 -0700] "GET / HTTP/1.1" 200 2376 "http://www.earnyourturns.com/" "Mozilla/5.0 (compatible; MSIE 9.0; Windows NT 6.0; WOW64; Trident/5.0)"
24.184.40.185 - - [05/Oct/2015:17:23:20 -0700] "GET /images/loading.gif HTTP/1.1" 200 13881 "http://whereshouldiski.com/" "Mozilla/5.0 (compatible; MSIE 9.0; Windows NT 6.0; WOW64; Trident/5.0)"
24.184.40.185 - - [05/Oct/2015:17:23:20 -0700] "GET /styles/0fffd548.main.css HTTP/1.1" 200 19317 "http://whereshouldiski.com/" "Mozilla/5.0 (compatible; MSIE 9.0; Windows NT 6.0; WOW64; Trident/5.0)"
24.184.40.185 - - [05/Oct/2015:17:23:20 -0700] "GET /images/logo-sm.png HTTP/1.1" 200 16738 "http://whereshouldiski.com/" "Mozilla/5.0 (compatible; MSIE 9.0; Windows NT 6.0; WOW64; Trident/5.0)"
24.184.40.185 - - [05/Oct/2015:17:23:20 -0700] "GET /scripts/scripts/vendor/modernizr.js HTTP/1.1" 200 4903 "http://whereshouldiski.com/" "Mozilla/5.0 (compatible; MSIE 9.0; Windows NT 6.0; WOW64; Trident/5.0)"
24.184.40.185 - - [05/Oct/2015:17:23:20 -0700] "GET /bower_components/requirejs/require.js HTTP/1.1" 200 6701 "http://whereshouldiski.com/" "Mozilla/5.0 (compatible; MSIE 9.0; Windows NT 6.0; WOW64; Trident/5.0)"
24.184.40.185 - - [05/Oct/2015:17:23:21 -0700] "GET /images/button.png HTTP/1.1" 200 598 "http://whereshouldiski.com/" "Mozilla/5.0 (compatible; MSIE 9.0; Windows NT 6.0; WOW64; Trident/5.0)"
24.184.40.185 - - [05/Oct/2015:17:23:21 -0700] "GET /images/greyHeader.png HTTP/1.1" 200 508 "http://whereshouldiski.com/" "Mozilla/5.0 (compatible; MSIE 9.0; Windows NT 6.0; WOW64; Trident/5.0)"
24.184.40.185 - - [05/Oct/2015:17:23:21 -0700] "GET /scripts/fa48e319.main.js HTTP/1.1" 200 123455 "http://whereshouldiski.com/" "Mozilla/5.0 (compatible; MSIE 9.0; Windows NT 6.0; WOW64; Trident/5.0)"
24.184.40.185 - - [05/Oct/2015:17:23:21 -0700] "GET /favicon.ico HTTP/1.1" 200 1475 "-" "Mozilla/5.0 (compatible; MSIE 9.0; Windows NT 6.0; WOW64; Trident/5.0)"
24.184.40.185 - - [05/Oct/2015:17:23:22 -0700] "GET /lib/reccapi.php?fields=t HTTP/1.1" 200 1709 "http://whereshouldiski.com/" "Mozilla/5.0 (compatible; MSIE 9.0; Windows NT 6.0; WOW64; Trident/5.0)"
24.184.40.185 - - [05/Oct/2015:17:23:22 -0700] "GET /images/bluebird5.png HTTP/1.1" 200 2177 "http://whereshouldiski.com/" "Mozilla/5.0 (compatible; MSIE 9.0; Windows NT 6.0; WOW64; Trident/5.0)"
24.184.40.185 - - [05/Oct/2015:17:23:22 -0700] "GET /images/star5.png HTTP/1.1" 200 1783 "http://whereshouldiski.com/" "Mozilla/5.0 (compatible; MSIE 9.0; Windows NT 6.0; WOW64; Trident/5.0)"
24.184.40.185 - - [05/Oct/2015:17:23:22 -0700] "GET /images/snowflake5.png HTTP/1.1" 200 2857 "http://whereshouldiski.com/" "Mozilla/5.0 (compatible; MSIE 9.0; Windows NT 6.0; WOW64; Trident/5.0)"
24.184.40.185 - - [05/Oct/2015:17:23:22 -0700] "GET /images/mtns-icon.png HTTP/1.1" 200 1096 "http://whereshouldiski.com/" "Mozilla/5.0 (compatible; MSIE 9.0; Windows NT 6.0; WOW64; Trident/5.0)"
24.184.40.185 - - [05/Oct/2015:17:23:22 -0700] "GET /images/shading-icon.png HTTP/1.1" 200 536 "http://whereshouldiski.com/" "Mozilla/5.0 (compatible; MSIE 9.0; Windows NT 6.0; WOW64; Trident/5.0)"
24.184.40.185 - - [05/Oct/2015:17:23:31 -0700] "GET /lib/reccapi.php?fields=t&coords=41.2628,-74.366 HTTP/1.1" 200 1898 "http://whereshouldiski.com/" "Mozilla/5.0 (compatible; MSIE 9.0; Windows NT 6.0; WOW64; Trident/5.0)"
202.46.53.153 - - [05/Oct/2015:17:23:41 -0700] "GET /resorts?resort=grandtarghee HTTP/1.1" 404 469 "-" "Mozilla/5.0 (Windows NT 6.1; WOW64) AppleWebKit/537.36 (KHTML, like Gecko) Chrome/36.0.1985.125 Safari/537.36"
24.184.40.185 - - [05/Oct/2015:17:23:52 -0700] "-" 408 0 "-" "-"
24.184.40.185 - - [05/Oct/2015:17:24:46 -0700] "GET /lib/reccapi.php?fields=t&coords=41.2628,-74.366&state=NY HTTP/1.1" 200 1377 "http://whereshouldiski.com/#search/state=NY" "Mozilla/5.0 (compatible; MSIE 9.0; Windows NT 6.0; WOW64; Trident/5.0)"
24.184.40.185 - - [05/Oct/2015:17:24:46 -0700] "GET /images/greenHeader.png HTTP/1.1" 200 509 "http://whereshouldiski.com/" "Mozilla/5.0 (compatible; MSIE 9.0; Windows NT 6.0; WOW64; Trident/5.0)"
24.184.40.185 - - [05/Oct/2015:17:25:13 -0700] "GET /lib/reccapi.php?resort=belleayre&date=2015-10-05 HTTP/1.1" 200 980 "http://whereshouldiski.com/#/resort/belleayre/2015-10-05" "Mozilla/5.0 (compatible; MSIE 9.0; Windows NT 6.0; WOW64; Trident/5.0)"
24.184.40.185 - - [05/Oct/2015:17:25:13 -0700] "GET /images/opensnow_logo.png HTTP/1.1" 200 11776 "http://whereshouldiski.com/" "Mozilla/5.0 (compatible; MSIE 9.0; Windows NT 6.0; WOW64; Trident/5.0)"
24.184.40.185 - - [05/Oct/2015:17:25:13 -0700] "GET /images/snowforecast-logo.jpg HTTP/1.1" 200 22989 "http://whereshouldiski.com/" "Mozilla/5.0 (compatible; MSIE 9.0; Windows NT 6.0; WOW64; Trident/5.0)"
24.184.40.185 - - [05/Oct/2015:17:25:13 -0700] "GET /images/snowflake-med-5.png HTTP/1.1" 200 6156 "http://whereshouldiski.com/" "Mozilla/5.0 (compatible; MSIE 9.0; Windows NT 6.0; WOW64; Trident/5.0)"
24.184.40.185 - - [05/Oct/2015:17:25:13 -0700] "GET /lib/reccapi.php?fields=t&date=2015-10-05&coords=42.1422%2C-74.5108&size=7&sort=distance HTTP/1.1" 200 1285 "http://whereshouldiski.com/#/resort/belleayre/2015-10-05" "Mozilla/5.0 (compatible; MSIE 9.0; Windows NT 6.0; WOW64; Trident/5.0)"
24.184.40.185 - - [05/Oct/2015:17:25:13 -0700] "GET /lib/resortDataSearchD3.php?size=7&sortDate=T&resort=belleayre&dateStart=2015-10-03 HTTP/1.1" 200 839 "http://whereshouldiski.com/#/resort/belleayre/2015-10-05" "Mozilla/5.0 (compatible; MSIE 9.0; Windows NT 6.0; WOW64; Trident/5.0)"
24.184.40.185 - - [05/Oct/2015:17:25:13 -0700] "GET /images/stars-med-5.png HTTP/1.1" 200 4123 "http://whereshouldiski.com/" "Mozilla/5.0 (compatible; MSIE 9.0; Windows NT 6.0; WOW64; Trident/5.0)"
24.184.40.185 - - [05/Oct/2015:17:25:13 -0700] "GET /images/sun-med-5.png HTTP/1.1" 200 7626 "http://whereshouldiski.com/" "Mozilla/5.0 (compatible; MSIE 9.0; Windows NT 6.0; WOW64; Trident/5.0)"
24.184.40.185 - - [05/Oct/2015:17:25:13 -0700] "GET /images/mtns-30px.png HTTP/1.1" 200 1201 "http://whereshouldiski.com/" "Mozilla/5.0 (compatible; MSIE 9.0; Windows NT 6.0; WOW64; Trident/5.0)"
24.184.40.185 - - [05/Oct/2015:17:25:13 -0700] "GET /images/shading-53px.png HTTP/1.1" 200 547 "http://whereshouldiski.com/" "Mozilla/5.0 (compatible; MSIE 9.0; Windows NT 6.0; WOW64; Trident/5.0)"
170.75.162.130 - - [05/Oct/2015:17:37:06 -0700] "GET /lib/reccapi.php?resort=madriverglen HTTP/1.1" 200 964 "-" "node-superagent/0.18.2"
76.114.203.138 - - [05/Oct/2015:17:39:53 -0700] "GET /images/wsis-logo-sm.png HTTP/1.1" 200 6108 "http://www.thebackcountry.net/" "Mozilla/5.0 (iPad; CPU OS 9_0_1 like Mac OS X) AppleWebKit/601.1.46 (KHTML, like Gecko) Version/9.0 Mobile/13A404 Safari/601.1"
24.220.5.235 - - [05/Oct/2015:17:40:11 -0700] "GET /robots.txt HTTP/1.0" 200 375 "-" "Mozilla/5.0 (compatible; MJ12bot/v1.4.5; http://www.majestic12.co.uk/bot.php?+)"
66.249.79.234 - - [05/Oct/2015:17:40:13 -0700] "GET /blog/10-2012-2013-recap HTTP/1.1" 404 506 "-" "SAMSUNG-SGH-E250/1.0 Profile/MIDP-2.0 Configuration/CLDC-1.1 UP.Browser/6.2.3.3.c.1.101 (GUI) MMP/2.0 (compatible; Googlebot-Mobile/2.1; +http://www.google.com/bot.html)"
24.220.5.235 - - [05/Oct/2015:17:40:13 -0700] "GET /resorts?resort=mounthoodmeadows HTTP/1.1" 404 476 "-" "Mozilla/5.0 (compatible; MJ12bot/v1.4.5; http://www.majestic12.co.uk/bot.php?+)"
24.220.5.235 - - [05/Oct/2015:17:40:15 -0700] "GET /resorts?resort=mountspokane HTTP/1.1" 404 450 "-" "Mozilla/5.0 (compatible; MJ12bot/v1.4.5; http://www.majestic12.co.uk/bot.php?+)"
24.220.5.235 - - [05/Oct/2015:17:40:17 -0700] "GET /resorts?resort=redlodge HTTP/1.1" 404 450 "-" "Mozilla/5.0 (compatible; MJ12bot/v1.4.5; http://www.majestic12.co.uk/bot.php?+)"
24.220.5.235 - - [05/Oct/2015:17:40:18 -0700] "GET /resorts?resort=redmountain HTTP/1.1" 404 450 "-" "Mozilla/5.0 (compatible; MJ12bot/v1.4.5; http://www.majestic12.co.uk/bot.php?+)"
24.220.5.235 - - [05/Oct/2015:17:40:20 -0700] "GET /resorts?resort=schweitzer HTTP/1.1" 404 450 "-" "Mozilla/5.0 (compatible; MJ12bot/v1.4.5; http://www.majestic12.co.uk/bot.php?+)"
180.76.15.134 - - [05/Oct/2015:17:41:40 -0700] "GET / HTTP/1.1" 200 6114 "-" "Mozilla/5.0 (compatible; Baiduspider/2.0; +http://www.baidu.com/search/spider.html)"
180.76.15.14 - - [05/Oct/2015:17:42:09 -0700] "GET / HTTP/1.1" 200 6114 "-" "Mozilla/5.0 (compatible; Baiduspider/2.0; +http://www.baidu.com/search/spider.html)"
170.75.162.130 - - [05/Oct/2015:17:44:06 -0700] "GET /lib/reccapi.php?resort=jacksonhole HTTP/1.1" 200 954 "-" "node-superagent/0.18.2"
91.196.50.33 - - [05/Oct/2015:17:44:47 -0700] "GET http://testp1.piwo.pila.pl/testproxy.php HTTP/1.1" 404 448 "-" "Mozilla/5.0 (Windows NT 5.1; rv:32.0) Gecko/20100101 Firefox/31.0"
202.46.58.137 - - [05/Oct/2015:17:46:30 -0700] "GET /resorts?resort=telluride HTTP/1.1" 404 469 "-" "Mozilla/5.0 (Windows NT 6.1; WOW64) AppleWebKit/537.36 (KHTML, like Gecko) Chrome/36.0.1985.125 Safari/537.36"
170.75.162.130 - - [05/Oct/2015:18:02:18 -0700] "GET /lib/reccapi.php?resort=49degreesnorth HTTP/1.1" 200 960 "-" "node-superagent/0.18.2"
170.75.162.130 - - [05/Oct/2015:18:02:48 -0700] "GET /lib/reccapi.php?resort=alta HTTP/1.1" 200 999 "-" "node-superagent/0.18.2"
170.75.162.130 - - [05/Oct/2015:18:03:19 -0700] "GET /lib/reccapi.php?resort=aspenheights HTTP/1.1" 200 1053 "-" "node-superagent/0.18.2"
69.206.164.47 - - [05/Oct/2015:18:17:07 -0700] "GET /images/wsis-logo-sm.png HTTP/1.1" 200 6108 "http://www.thebackcountry.net/" "Mozilla/5.0 (Windows NT 6.1; WOW64; Trident/7.0; rv:11.0) like Gecko"
69.206.164.47 - - [05/Oct/2015:18:17:28 -0700] "-" 408 0 "-" "-"
71.89.249.119 - - [05/Oct/2015:18:21:24 -0700] "GET /images/wsis-logo-sm.png HTTP/1.1" 200 6108 "http://www.thebackcountry.net/" "Mozilla/5.0 (iPad; CPU OS 9_0 like Mac OS X) AppleWebKit/601.1.46 (KHTML, like Gecko) Version/9.0 Mobile/13A344 Safari/601.1"
62.210.148.233 - - [05/Oct/2015:18:25:03 -0700] "GET /robots.txt HTTP/1.0" 200 338 "-" "Mozilla/5.0 (compatible; MJ12bot/v1.4.5; http://www.majestic12.co.uk/bot.php?+)"
62.210.148.233 - - [05/Oct/2015:18:25:05 -0700] "GET /resorts?resort=mountspokane HTTP/1.0" 404 495 "-" "Mozilla/5.0 (compatible; MJ12bot/v1.4.5; http://www.majestic12.co.uk/bot.php?+)"
62.210.148.233 - - [05/Oct/2015:18:25:08 -0700] "GET /resorts?resort=redlodge HTTP/1.0" 404 469 "-" "Mozilla/5.0 (compatible; MJ12bot/v1.4.5; http://www.majestic12.co.uk/bot.php?+)"
62.210.148.233 - - [05/Oct/2015:18:25:14 -0700] "GET /resorts?resort=redmountain HTTP/1.0" 404 469 "-" "Mozilla/5.0 (compatible; MJ12bot/v1.4.5; http://www.majestic12.co.uk/bot.php?+)"
62.210.148.233 - - [05/Oct/2015:18:25:16 -0700] "GET /resorts?resort=schweitzer HTTP/1.0" 404 469 "-" "Mozilla/5.0 (compatible; MJ12bot/v1.4.5; http://www.majestic12.co.uk/bot.php?+)"
62.210.148.233 - - [05/Oct/2015:18:25:17 -0700] "GET /resorts?resort=snowbasin HTTP/1.0" 404 469 "-" "Mozilla/5.0 (compatible; MJ12bot/v1.4.5; http://www.majestic12.co.uk/bot.php?+)"
62.210.148.233 - - [05/Oct/2015:18:25:20 -0700] "GET /resorts?resort=snowbird HTTP/1.0" 404 469 "-" "Mozilla/5.0 (compatible; MJ12bot/v1.4.5; http://www.majestic12.co.uk/bot.php?+)"
62.210.148.233 - - [05/Oct/2015:18:25:40 -0700] "GET /resorts?resort=snowmass HTTP/1.0" 404 469 "-" "Mozilla/5.0 (compatible; MJ12bot/v1.4.5; http://www.majestic12.co.uk/bot.php?+)"
62.210.148.233 - - [05/Oct/2015:18:25:42 -0700] "GET /resorts?resort=solitude HTTP/1.0" 404 469 "-" "Mozilla/5.0 (compatible; MJ12bot/v1.4.5; http://www.majestic12.co.uk/bot.php?+)"
62.210.148.233 - - [05/Oct/2015:18:25:43 -0700] "GET /resorts?resort=squawvalleyusa HTTP/1.0" 404 469 "-" "Mozilla/5.0 (compatible; MJ12bot/v1.4.5; http://www.majestic12.co.uk/bot.php?+)"
62.210.148.233 - - [05/Oct/2015:18:25:45 -0700] "GET /resorts?resort=steamboat HTTP/1.0" 404 469 "-" "Mozilla/5.0 (compatible; MJ12bot/v1.4.5; http://www.majestic12.co.uk/bot.php?+)"
62.210.148.233 - - [05/Oct/2015:18:25:46 -0700] "GET /resorts?resort=stevenspass HTTP/1.0" 404 469 "-" "Mozilla/5.0 (compatible; MJ12bot/v1.4.5; http://www.majestic12.co.uk/bot.php?+)"
62.210.148.233 - - [05/Oct/2015:18:25:48 -0700] "GET /resorts?resort=stowe HTTP/1.0" 404 469 "-" "Mozilla/5.0 (compatible; MJ12bot/v1.4.5; http://www.majestic12.co.uk/bot.php?+)"
62.210.148.233 - - [05/Oct/2015:18:25:49 -0700] "GET /resorts?resort=sugarloaf HTTP/1.0" 404 469 "-" "Mozilla/5.0 (compatible; MJ12bot/v1.4.5; http://www.majestic12.co.uk/bot.php?+)"
62.210.148.233 - - [05/Oct/2015:18:25:51 -0700] "GET /resorts?resort=sundayriver HTTP/1.0" 404 469 "-" "Mozilla/5.0 (compatible; MJ12bot/v1.4.5; http://www.majestic12.co.uk/bot.php?+)"
62.210.148.233 - - [05/Oct/2015:18:25:53 -0700] "GET /resorts?resort=sunpeaksresort HTTP/1.0" 404 469 "-" "Mozilla/5.0 (compatible; MJ12bot/v1.4.5; http://www.majestic12.co.uk/bot.php?+)"
62.210.148.233 - - [05/Oct/2015:18:25:54 -0700] "GET /resorts?resort=taos HTTP/1.0" 404 469 "-" "Mozilla/5.0 (compatible; MJ12bot/v1.4.5; http://www.majestic12.co.uk/bot.php?+)"
62.210.148.233 - - [05/Oct/2015:18:25:56 -0700] "GET /resorts?resort=telluride HTTP/1.0" 404 469 "-" "Mozilla/5.0 (compatible; MJ12bot/v1.4.5; http://www.majestic12.co.uk/bot.php?+)"
170.75.162.130 - - [05/Oct/2015:18:37:43 -0700] "GET /lib/reccapi.php?resort=monarch HTTP/1.1" 200 1020 "-" "node-superagent/0.18.2"
97.73.64.143 - - [05/Oct/2015:18:47:10 -0700] "GET /images/wsis-logo-sm.png HTTP/1.1" 200 6108 "http://www.thebackcountry.net/" "Mozilla/5.0 (iPhone; CPU iPhone OS 9_0_1 like Mac OS X) AppleWebKit/601.1.46 (KHTML, like Gecko) Version/9.0 Mobile/13A404 Safari/601.1"
97.73.64.143 - - [05/Oct/2015:18:47:12 -0700] "GET /images/wsis-logo-sm.png HTTP/1.1" 200 6071 "http://www.thebackcountry.net/" "Mozilla/5.0 (iPhone; CPU iPhone OS 9_0_1 like Mac OS X) AppleWebKit/601.1.46 (KHTML, like Gecko) Version/9.0 Mobile/13A404 Safari/601.1"
180.76.15.30 - - [05/Oct/2015:18:50:21 -0700] "GET / HTTP/1.1" 200 6114 "-" "Mozilla/5.0 (compatible; Baiduspider/2.0; +http://www.baidu.com/search/spider.html)"
170.75.162.130 - - [05/Oct/2015:18:51:24 -0700] "GET /lib/reccapi.php?resort=coppermountain HTTP/1.1" 200 1035 "-" "node-superagent/0.18.2"
170.75.162.130 - - [05/Oct/2015:18:51:24 -0700] "GET /lib/reccapi.php?resort=crestedbutte HTTP/1.1" 200 1037 "-" "node-superagent/0.18.2"
170.75.162.130 - - [05/Oct/2015:18:51:24 -0700] "GET /lib/reccapi.php?resort=snowmass HTTP/1.1" 200 1024 "-" "node-superagent/0.18.2"
170.75.162.130 - - [05/Oct/2015:18:51:24 -0700] "GET /lib/reccapi.php?resort=steamboat HTTP/1.1" 200 1010 "-" "node-superagent/0.18.2"
170.75.162.130 - - [05/Oct/2015:18:51:24 -0700] "GET /lib/reccapi.php?resort=winterpark HTTP/1.1" 200 1037 "-" "node-superagent/0.18.2"
170.75.162.130 - - [05/Oct/2015:18:51:24 -0700] "GET /lib/reccapi.php?resort=buttermilk HTTP/1.1" 200 1027 "-" "node-superagent/0.18.2"
170.75.162.130 - - [05/Oct/2015:18:51:25 -0700] "GET /lib/reccapi.php?resort=telluride HTTP/1.1" 200 1008 "-" "node-superagent/0.18.2"
180.76.15.17 - - [05/Oct/2015:18:51:29 -0700] "GET / HTTP/1.1" 200 6114 "-" "Mozilla/5.0 (compatible; Baiduspider/2.0; +http://www.baidu.com/search/spider.html)"
71.89.249.119 - - [05/Oct/2015:18:56:23 -0700] "GET /images/wsis-logo-sm.png HTTP/1.1" 200 6108 "http://www.thebackcountry.net/" "Mozilla/5.0 (Macintosh; Intel Mac OS X 10_11) AppleWebKit/601.1.56 (KHTML, like Gecko) Version/9.0 Safari/601.1.56"
170.75.162.130 - - [05/Oct/2015:19:09:06 -0700] "GET /lib/reccapi.php?resort=grandtarghee HTTP/1.1" 200 977 "-" "node-superagent/0.18.2"
187.22.249.118 - - [05/Oct/2015:19:32:45 -0700] "GET / HTTP/1.1" 200 2376 "http://success-seo.com/try.php?u=http://whereshouldiski.com" "Mozilla/5.0 (Windows NT 6.1; WOW64) AppleWebKit/537.36 (KHTML, like Gecko) Chrome/36.0.1985.143 Safari/537.36"
187.22.249.118 - - [05/Oct/2015:19:32:46 -0700] "GET /styles/0fffd548.main.css HTTP/1.1" 200 19316 "http://whereshouldiski.com/" "Mozilla/5.0 (Windows NT 6.1; WOW64) AppleWebKit/537.36 (KHTML, like Gecko) Chrome/36.0.1985.143 Safari/537.36"
187.22.249.118 - - [05/Oct/2015:19:32:47 -0700] "GET /bower_components/requirejs/require.js HTTP/1.1" 200 6702 "http://whereshouldiski.com/" "Mozilla/5.0 (Windows NT 6.1; WOW64) AppleWebKit/537.36 (KHTML, like Gecko) Chrome/36.0.1985.143 Safari/537.36"
187.22.249.118 - - [05/Oct/2015:19:32:47 -0700] "GET /scripts/scripts/vendor/modernizr.js HTTP/1.1" 200 4903 "http://whereshouldiski.com/" "Mozilla/5.0 (Windows NT 6.1; WOW64) AppleWebKit/537.36 (KHTML, like Gecko) Chrome/36.0.1985.143 Safari/537.36"
187.22.249.118 - - [05/Oct/2015:19:32:52 -0700] "GET /images/loading.gif HTTP/1.1" 200 13881 "http://whereshouldiski.com/" "Mozilla/5.0 (Windows NT 6.1; WOW64) AppleWebKit/537.36 (KHTML, like Gecko) Chrome/36.0.1985.143 Safari/537.36"
187.22.249.118 - - [05/Oct/2015:19:32:53 -0700] "GET /images/logo-sm.png HTTP/1.1" 200 16738 "http://whereshouldiski.com/" "Mozilla/5.0 (Windows NT 6.1; WOW64) AppleWebKit/537.36 (KHTML, like Gecko) Chrome/36.0.1985.143 Safari/537.36"
187.22.249.118 - - [05/Oct/2015:19:33:21 -0700] "-" 408 0 "-" "-"
67.160.229.115 - - [05/Oct/2015:19:42:28 -0700] "GET /images/wsis-logo-sm.png HTTP/1.1" 200 6108 "http://www.thebackcountry.net/" "Mozilla/5.0 (iPhone; CPU iPhone OS 8_3 like Mac OS X) AppleWebKit/600.1.4 (KHTML, like Gecko) Version/8.0 Mobile/12F70 Safari/600.1.4"
180.76.15.162 - - [05/Oct/2015:19:48:17 -0700] "GET / HTTP/1.1" 200 6114 "-" "Mozilla/5.0 (compatible; Baiduspider/2.0; +http://www.baidu.com/search/spider.html)"
45.48.173.172 - - [05/Oct/2015:19:48:37 -0700] "GET /images/wsis-logo-sm.png HTTP/1.1" 200 6108 "http://www.thebackcountry.net/" "Mozilla/5.0 (Windows NT 6.1; WOW64) AppleWebKit/537.36 (KHTML, like Gecko) Chrome/45.0.2454.101 Safari/537.36"
180.76.15.138 - - [05/Oct/2015:19:49:17 -0700] "GET / HTTP/1.1" 200 6114 "-" "Mozilla/5.0 (compatible; Baiduspider/2.0; +http://www.baidu.com/search/spider.html)"
170.75.162.130 - - [05/Oct/2015:20:03:23 -0700] "GET /lib/reccapi.php?resort=hoodoo HTTP/1.1" 200 959 "-" "node-superagent/0.18.2"
170.75.162.130 - - [05/Oct/2015:20:03:23 -0700] "GET /lib/reccapi.php?resort=mountbachelor HTTP/1.1" 200 969 "-" "node-superagent/0.18.2"
66.249.79.18 - - [05/Oct/2015:20:06:02 -0700] "GET /lib/resortDataSearch.php?resort=montanasnowbowl&dateStart=2012-12-15&dateMax=2012-12-29&size=30 HTTP/1.1" 200 331 "-" "Mozilla/5.0 (compatible; Googlebot/2.1; +http://www.google.com/bot.html)"
170.75.162.130 - - [05/Oct/2015:20:06:03 -0700] "GET /lib/reccapi.php?resort=brianhead HTTP/1.1" 200 1038 "-" "node-superagent/0.18.2"
170.75.162.130 - - [05/Oct/2015:20:06:03 -0700] "GET /lib/reccapi.php?resort=brighton HTTP/1.1" 200 1004 "-" "node-superagent/0.18.2"
170.75.162.130 - - [05/Oct/2015:20:06:03 -0700] "GET /lib/reccapi.php?resort=deervalley HTTP/1.1" 200 1036 "-" "node-superagent/0.18.2"
170.75.162.130 - - [05/Oct/2015:20:06:03 -0700] "GET /lib/reccapi.php?resort=snowbasin HTTP/1.1" 200 996 "-" "node-superagent/0.18.2"
170.75.162.130 - - [05/Oct/2015:20:06:03 -0700] "GET /lib/reccapi.php?resort=parkcity HTTP/1.1" 200 1031 "-" "node-superagent/0.18.2"
170.75.162.130 - - [05/Oct/2015:20:06:03 -0700] "GET /lib/reccapi.php?resort=solitude HTTP/1.1" 200 996 "-" "node-superagent/0.18.2"
170.75.162.130 - - [05/Oct/2015:20:06:23 -0700] "GET /lib/reccapi.php?resort=schweitzer HTTP/1.1" 200 934 "-" "node-superagent/0.18.2"
170.75.162.130 - - [05/Oct/2015:20:06:23 -0700] "GET /lib/reccapi.php?resort=sugarloaf HTTP/1.1" 200 935 "-" "node-superagent/0.18.2"
170.75.162.130 - - [05/Oct/2015:20:06:23 -0700] "GET /lib/reccapi.php?resort=sundayriver HTTP/1.1" 200 948 "-" "node-superagent/0.18.2"
170.75.162.130 - - [05/Oct/2015:20:06:23 -0700] "GET /lib/reccapi.php?resort=sunvalley HTTP/1.1" 200 969 "-" "node-superagent/0.18.2"
170.75.162.130 - - [05/Oct/2015:20:06:43 -0700] "GET /lib/reccapi.php?resort=alyeska HTTP/1.1" 200 972 "-" "node-superagent/0.18.2"
170.75.162.130 - - [05/Oct/2015:20:06:43 -0700] "GET /lib/reccapi.php?resort=diamondpeak HTTP/1.1" 200 937 "-" "node-superagent/0.18.2"
170.75.162.130 - - [05/Oct/2015:20:07:03 -0700] "GET /lib/reccapi.php?resort=redlodge HTTP/1.1" 200 1028 "-" "node-superagent/0.18.2"
170.75.162.130 - - [05/Oct/2015:20:07:03 -0700] "GET /lib/reccapi.php?resort=mtrose HTTP/1.1" 200 938 "-" "node-superagent/0.18.2"
170.75.162.130 - - [05/Oct/2015:20:07:03 -0700] "GET /lib/reccapi.php?resort=heavenly HTTP/1.1" 200 970 "-" "node-superagent/0.18.2"
170.75.162.130 - - [05/Oct/2015:20:07:03 -0700] "GET /lib/reccapi.php?resort=jaypeak HTTP/1.1" 200 960 "-" "node-superagent/0.18.2"
170.75.162.130 - - [05/Oct/2015:20:07:03 -0700] "GET /lib/reccapi.php?resort=killington HTTP/1.1" 200 940 "-" "node-superagent/0.18.2"
170.75.162.130 - - [05/Oct/2015:20:07:04 -0700] "GET /lib/reccapi.php?resort=smugglersnotch HTTP/1.1" 200 954 "-" "node-superagent/0.18.2"
170.75.162.130 - - [05/Oct/2015:20:07:04 -0700] "GET /lib/reccapi.php?resort=stowe HTTP/1.1" 200 930 "-" "node-superagent/0.18.2"
170.75.162.130 - - [05/Oct/2015:20:07:04 -0700] "GET /lib/reccapi.php?resort=sugarbush HTTP/1.1" 200 952 "-" "node-superagent/0.18.2"
170.75.162.130 - - [05/Oct/2015:20:07:34 -0700] "GET /lib/reccapi.php?resort=whitefacemountain HTTP/1.1" 200 968 "-" "node-superagent/0.18.2"
170.75.162.130 - - [05/Oct/2015:20:08:13 -0700] "GET /lib/reccapi.php?resort=mountainhigh HTTP/1.1" 200 1017 "-" "node-superagent/0.18.2"
170.75.162.130 - - [05/Oct/2015:20:08:34 -0700] "GET /lib/reccapi.php?resort=kirkwood HTTP/1.1" 200 983 "-" "node-superagent/0.18.2"
170.75.162.130 - - [05/Oct/2015:20:08:34 -0700] "GET /lib/reccapi.php?resort=northstar-at-tahoe HTTP/1.1" 200 958 "-" "node-superagent/0.18.2"
170.75.162.130 - - [05/Oct/2015:20:09:14 -0700] "GET /lib/reccapi.php?resort=alpinemeadows HTTP/1.1" 200 985 "-" "node-superagent/0.18.2"
170.75.162.130 - - [05/Oct/2015:20:09:24 -0700] "GET /lib/reccapi.php?resort=angelfire HTTP/1.1" 200 1016 "-" "node-superagent/0.18.2"
170.75.162.130 - - [05/Oct/2015:20:09:24 -0700] "GET /lib/reccapi.php?resort=taos HTTP/1.1" 200 983 "-" "node-superagent/0.18.2"
170.75.162.130 - - [05/Oct/2015:20:09:34 -0700] "GET /lib/reccapi.php?resort=chinapeak HTTP/1.1" 200 1040 "-" "node-superagent/0.18.2"
170.75.162.130 - - [05/Oct/2015:20:09:34 -0700] "GET /lib/reccapi.php?resort=homewoodmountain HTTP/1.1" 200 989 "-" "node-superagent/0.18.2"
170.75.162.130 - - [05/Oct/2015:20:09:34 -0700] "GET /lib/reccapi.php?resort=mammothmountain HTTP/1.1" 200 1082 "-" "node-superagent/0.18.2"
170.75.162.130 - - [05/Oct/2015:20:09:34 -0700] "GET /lib/reccapi.php?resort=sierra-at-tahoe HTTP/1.1" 200 963 "-" "node-superagent/0.18.2"
170.75.162.130 - - [05/Oct/2015:20:09:34 -0700] "GET /lib/reccapi.php?resort=squawvalleyusa HTTP/1.1" 200 987 "-" "node-superagent/0.18.2"
170.75.162.130 - - [05/Oct/2015:20:09:34 -0700] "GET /lib/reccapi.php?resort=sugarbowl HTTP/1.1" 200 959 "-" "node-superagent/0.18.2"
170.75.162.130 - - [05/Oct/2015:20:10:14 -0700] "GET /lib/reccapi.php?resort=crystalmountain HTTP/1.1" 200 960 "-" "node-superagent/0.18.2"
170.75.162.130 - - [05/Oct/2015:20:10:14 -0700] "GET /lib/reccapi.php?resort=mountspokane HTTP/1.1" 200 966 "-" "node-superagent/0.18.2"
170.75.162.130 - - [05/Oct/2015:20:10:14 -0700] "GET /lib/reccapi.php?resort=stevenspass HTTP/1.1" 200 959 "-" "node-superagent/0.18.2"
170.75.162.130 - - [05/Oct/2015:20:11:07 -0700] "GET /lib/reccapi.php?resort=wildcatmountain HTTP/1.1" 200 946 "-" "node-superagent/0.18.2"
170.75.162.130 - - [05/Oct/2015:20:13:34 -0700] "GET /lib/reccapi.php?resort=bigwhite HTTP/1.1" 200 912 "-" "node-superagent/0.18.2"
170.75.162.130 - - [05/Oct/2015:20:16:55 -0700] "GET /lib/reccapi.php?resort=whistlerblackcomb HTTP/1.1" 200 923 "-" "node-superagent/0.18.2"
170.75.162.130 - - [05/Oct/2015:20:16:55 -0700] "GET /lib/reccapi.php?resort=sunpeaksresort HTTP/1.1" 200 912 "-" "node-superagent/0.18.2"
12.139.153.2 - - [05/Oct/2015:20:18:35 -0700] "GET /images/wsis-logo-sm.png HTTP/1.1" 200 6108 "http://www.thebackcountry.net/" "Mozilla/5.0 (Windows NT 6.1; Trident/7.0; rv:11.0) like Gecko"
64.55.107.3 - - [05/Oct/2015:20:18:57 -0700] "-" 408 0 "-" "-"
68.180.229.34 - - [05/Oct/2015:20:24:35 -0700] "GET / HTTP/1.1" 304 154 "-" "Mozilla/5.0 (compatible; Yahoo! Slurp; http://help.yahoo.com/help/us/ysearch/slurp)"
68.180.229.34 - - [05/Oct/2015:20:24:35 -0700] "GET /styles/0fffd548.main.css HTTP/1.1" 304 155 "http://whereshouldiski.com/" "Mozilla/5.0 (compatible; Yahoo! Slurp; http://help.yahoo.com/help/us/ysearch/slurp)"
174.34.201.94 - - [05/Oct/2015:20:29:08 -0700] "GET /images/wsis-logo-sm.png HTTP/1.1" 200 6108 "http://www.thebackcountry.net/" "Mozilla/5.0 (iPad; CPU OS 7_1_1 like Mac OS X) AppleWebKit/537.51.2 (KHTML, like Gecko) Version/7.0 Mobile/11D201 Safari/9537.53"
174.34.201.94 - - [05/Oct/2015:20:29:37 -0700] "GET /images/wsis-logo-sm.png HTTP/1.1" 200 6108 "http://www.thebackcountry.net/" "Mozilla/5.0 (iPad; CPU OS 7_1_1 like Mac OS X) AppleWebKit/537.51.2 (KHTML, like Gecko) Version/7.0 Mobile/11D201 Safari/9537.53"
50.118.172.74 - - [05/Oct/2015:20:30:14 -0700] "GET /images/wsis-logo-sm.png HTTP/1.1" 200 6071 "http://www.thebackcountry.net/" "Mozilla/5.0 (Windows NT 6.1; WOW64) AppleWebKit/537.36 (KHTML, like Gecko) Chrome/45.0.2454.101 Safari/537.36"
24.45.152.55 - - [05/Oct/2015:20:45:55 -0700] "GET /images/wsis-logo-sm.png HTTP/1.1" 200 6108 "http://www.thebackcountry.net/" "Mozilla/5.0 (X11; CrOS armv7l 7262.57.0) AppleWebKit/537.36 (KHTML, like Gecko) Chrome/45.0.2454.98 Safari/537.36"
180.76.15.160 - - [05/Oct/2015:20:47:48 -0700] "GET / HTTP/1.1" 200 6114 "-" "Mozilla/5.0 (compatible; Baiduspider/2.0; +http://www.baidu.com/search/spider.html)"
64.113.101.252 - - [05/Oct/2015:20:48:20 -0700] "GET /images/wsis-logo-sm.png HTTP/1.1" 200 6108 "http://www.thebackcountry.net/" "Mozilla/5.0 (Macintosh; Intel Mac OS X 10_7_5) AppleWebKit/537.78.2 (KHTML, like Gecko) Version/6.1.6 Safari/537.78.2"
180.76.15.5 - - [05/Oct/2015:20:48:40 -0700] "GET / HTTP/1.1" 200 6114 "-" "Mozilla/5.0 (compatible; Baiduspider/2.0; +http://www.baidu.com/search/spider.html)"
157.55.39.46 - - [05/Oct/2015:20:55:06 -0700] "GET /resorts?resort=portillo&date=2014-08-19 HTTP/1.1" 404 509 "-" "Mozilla/5.0 (compatible; bingbot/2.0; +http://www.bing.com/bingbot.htm)"
108.248.178.102 - - [05/Oct/2015:20:57:50 -0700] "GET /images/wsis-logo-sm.png HTTP/1.1" 200 6108 "http://www.thebackcountry.net/" "Mozilla/5.0 (Macintosh; Intel Mac OS X 10_6_8) AppleWebKit/537.36 (KHTML, like Gecko) Chrome/45.0.2454.85 Safari/537.36"
70.214.35.184 - - [05/Oct/2015:21:16:02 -0700] "GET /images/wsis-logo-sm.png HTTP/1.1" 200 6108 "http://www.thebackcountry.net/" "Mozilla/5.0 (iPhone; CPU iPhone OS 8_2 like Mac OS X) AppleWebKit/600.1.4 (KHTML, like Gecko) Version/8.0 Mobile/12D508 Safari/600.1.4"
76.175.109.26 - - [05/Oct/2015:21:18:03 -0700] "GET /images/wsis-logo-sm.png HTTP/1.1" 200 6108 "http://www.thebackcountry.net/" "Mozilla/5.0 (Windows NT 6.1; WOW64) AppleWebKit/537.36 (KHTML, like Gecko) Chrome/45.0.2454.101 Safari/537.36"
207.46.13.173 - - [05/Oct/2015:21:25:23 -0700] "GET / HTTP/1.1" 200 2376 "-" "Mozilla/5.0 (compatible; bingbot/2.0; +http://www.bing.com/bingbot.htm)"
180.76.15.15 - - [05/Oct/2015:21:57:16 -0700] "GET / HTTP/1.1" 200 6114 "-" "Mozilla/5.0 (compatible; Baiduspider/2.0; +http://www.baidu.com/search/spider.html)"
180.76.15.137 - - [05/Oct/2015:21:58:38 -0700] "GET / HTTP/1.1" 200 6114 "-" "Mozilla/5.0 (compatible; Baiduspider/2.0; +http://www.baidu.com/search/spider.html)"
71.83.118.207 - - [05/Oct/2015:22:00:53 -0700] "GET /images/wsis-logo-sm.png HTTP/1.1" 200 6108 "http://www.thebackcountry.net/" "Mozilla/5.0 (iPhone; CPU iPhone OS 9_0_1 like Mac OS X) AppleWebKit/601.1.46 (KHTML, like Gecko) Version/9.0 Mobile/13A404 Safari/601.1"
75.111.99.120 - - [05/Oct/2015:22:02:44 -0700] "GET /images/wsis-logo-sm.png HTTP/1.1" 200 6108 "http://www.thebackcountry.net/" "Mozilla/5.0 (iPhone; CPU iPhone OS 8_0_2 like Mac OS X) AppleWebKit/600.1.4 (KHTML, like Gecko) Version/8.0 Mobile/12A405 Safari/600.1.4"
180.76.15.154 - - [05/Oct/2015:22:11:34 -0700] "GET /resorts?resort=portillo&date=2014-08-13 HTTP/1.1" 404 472 "-" "Mozilla/5.0 (compatible; Baiduspider/2.0; +http://www.baidu.com/search/spider.html)"
66.249.79.227 - - [05/Oct/2015:22:30:37 -0700] "GET /resorts?resort=bridgerbowl&date=2014-02-01 HTTP/1.1" 404 506 "-" "Mozilla/5.0 (iPhone; CPU iPhone OS 8_3 like Mac OS X) AppleWebKit/600.1.4 (KHTML, like Gecko) Version/8.0 Mobile/12F70 Safari/600.1.4 (compatible; Googlebot/2.1; +http://www.google.com/bot.html)"
76.126.195.214 - - [05/Oct/2015:22:49:45 -0700] "GET /images/wsis-logo-sm.png HTTP/1.1" 200 6108 "http://www.thebackcountry.net/" "Mozilla/5.0 (Macintosh; Intel Mac OS X 10_10_4) AppleWebKit/600.7.12 (KHTML, like Gecko) Version/8.0.7 Safari/600.7.12"
180.76.15.142 - - [05/Oct/2015:23:01:09 -0700] "GET /resorts?resort=willamettepass&date=2014-01-06 HTTP/1.1" 404 472 "-" "Mozilla/5.0 (compatible; Baiduspider/2.0; +http://www.baidu.com/search/spider.html)"
75.111.109.57 - - [05/Oct/2015:23:12:23 -0700] "GET /images/wsis-logo-sm.png HTTP/1.1" 200 6108 "http://www.thebackcountry.net/" "Mozilla/5.0 (Macintosh; Intel Mac OS X 10_6_8) AppleWebKit/537.36 (KHTML, like Gecko) Chrome/45.0.2454.101 Safari/537.36"
180.76.15.18 - - [05/Oct/2015:23:41:21 -0700] "GET / HTTP/1.1" 200 6114 "-" "Mozilla/5.0 (compatible; Baiduspider/2.0; +http://www.baidu.com/search/spider.html)"
180.76.15.17 - - [05/Oct/2015:23:41:49 -0700] "GET / HTTP/1.1" 200 6114 "-" "Mozilla/5.0 (compatible; Baiduspider/2.0; +http://www.baidu.com/search/spider.html)"
213.239.211.141 - - [05/Oct/2015:23:47:16 -0700] "GET /robots.txt HTTP/1.0" 200 338 "-" ""
213.239.211.141 - - [05/Oct/2015:23:47:17 -0700] "GET / HTTP/1.1" 206 6142 "-" "Mozilla/5.0 (X11; U; Linux amd64; en-US; rv:5.0) Gecko/20110619 Firefox/5.0"
213.239.211.141 - - [05/Oct/2015:23:47:19 -0700] "GET /about HTTP/1.1" 404 476 "-" "Mozilla/5.0 (X11; U; Linux amd64; en-US; rv:5.0) Gecko/20110619 Firefox/5.0"
180.76.15.10 - - [05/Oct/2015:23:53:36 -0700] "GET /resorts?resort=silvermountain&date=2014-04-24 HTTP/1.1" 404 472 "-" "Mozilla/5.0 (compatible; Baiduspider/2.0; +http://www.baidu.com/search/spider.html)"
107.77.97.78 - - [05/Oct/2015:23:55:49 -0700] "GET /images/wsis-logo-sm.png HTTP/1.1" 200 6108 "http://www.thebackcountry.net/" "Mozilla/5.0 (iPhone; CPU iPhone OS 8_1_1 like Mac OS X) AppleWebKit/600.1.4 (KHTML, like Gecko) Version/8.0 Mobile/12B436 Safari/600.1.4"
170.75.162.130 - - [06/Oct/2015:00:05:32 -0700] "GET /lib/reccapi.php?resort=alta HTTP/1.1" 200 1008 "-" "node-superagent/0.18.2"
170.75.162.130 - - [06/Oct/2015:00:05:32 -0700] "GET /lib/reccapi.php?resort=canyons HTTP/1.1" 200 1030 "-" "node-superagent/0.18.2"
170.75.162.130 - - [06/Oct/2015:00:05:32 -0700] "GET /lib/reccapi.php?resort=snowbird HTTP/1.1" 200 984 "-" "node-superagent/0.18.2"
23.94.247.182 - - [06/Oct/2015:00:24:40 -0700] "GET /images/wsis-logo-sm.png HTTP/1.1" 200 6108 "http://www.thebackcountry.net/" "Mozilla/4.0 (compatible; MSIE 8.0; Windows NT 5.1; Trident/4.0; .NET CLR 2.0.50727)"
180.76.15.21 - - [06/Oct/2015:00:27:21 -0700] "GET /resorts?resort=telluride&date=2014-01-06 HTTP/1.1" 404 472 "-" "Mozilla/5.0 (compatible; Baiduspider/2.0; +http://www.baidu.com/search/spider.html)"
66.249.79.234 - - [06/Oct/2015:00:27:42 -0700] "GET /resorts?resort=bigsky&date=2013-12-15 HTTP/1.1" 404 506 "-" "Mozilla/5.0 (iPhone; CPU iPhone OS 8_3 like Mac OS X) AppleWebKit/600.1.4 (KHTML, like Gecko) Version/8.0 Mobile/12F70 Safari/600.1.4 (compatible; Googlebot/2.1; +http://www.google.com/bot.html)"
170.75.162.130 - - [06/Oct/2015:00:39:45 -0700] "GET /lib/reccapi.php?resort=crestedbutte HTTP/1.1" 200 1065 "-" "node-superagent/0.18.2"
200.98.129.167 - - [06/Oct/2015:00:56:11 -0700] "POST //%63%67%69%2D%62%69%6E/%70%68%70?%2D%64+%61%6C%6C%6F%77%5F%75%72%6C%5F%69%6E%63%6C%75%64%65%3D%6F%6E+%2D%64+%73%61%66%65%5F%6D%6F%64%65%3D%6F%66%66+%2D%64+%73%75%68%6F%73%69%6E%2E%73%69%6D%75%6C%61%74%69%6F%6E%3D%6F%6E+%2D%64+%64%69%73%61%62%6C%65%5F%66%75%6E%63%74%69%6F%6E%73%3D%22%22+%2D%64+%6F%70%65%6E%5F%62%61%73%65%64%69%72%3D%6E%6F%6E%65+%2D%64+%61%75%74%6F%5F%70%72%65%70%65%6E%64%5F%66%69%6C%65%3D%70%68%70%3A%2F%2F%69%6E%70%75%74+%2D%64+%63%67%69%2E%66%6F%72%63%65%5F%72%65%64%69%72%65%63%74%3D%30+%2D%64+%63%67%69%2E%72%65%64%69%72%65%63%74%5F%73%74%61%74%75%73%5F%65%6E%76%3D%30+%2D%64+%61%75%74%6F%5F%70%72%65%70%65%6E%64%5F%66%69%6C%65%3D%70%68%70%3A%2F%2F%69%6E%70%75%74+%2D%6E HTTP/1.1" 404 461 "-" "-"
104.130.136.103 - - [06/Oct/2015:01:01:37 -0700] "GET /wp-login.php HTTP/1.0" 404 495 "-" "-"
104.130.136.103 - - [06/Oct/2015:01:01:37 -0700] "GET /wp/wp-login.php HTTP/1.0" 404 495 "-" "-"
104.130.136.103 - - [06/Oct/2015:01:01:37 -0700] "GET /blog/wp-login.php HTTP/1.0" 404 495 "-" "-"
104.130.136.103 - - [06/Oct/2015:01:01:37 -0700] "GET /myblog/wp-login.php HTTP/1.0" 404 495 "-" "-"
104.130.136.103 - - [06/Oct/2015:01:01:38 -0700] "GET /wordpress/wp-login.php HTTP/1.0" 404 495 "-" "-"
180.76.15.160 - - [06/Oct/2015:01:02:02 -0700] "GET / HTTP/1.1" 200 6114 "-" "Mozilla/5.0 (compatible; Baiduspider/2.0; +http://www.baidu.com/search/spider.html)"
180.76.15.137 - - [06/Oct/2015:01:03:15 -0700] "GET / HTTP/1.1" 200 6114 "-" "Mozilla/5.0 (compatible; Baiduspider/2.0; +http://www.baidu.com/search/spider.html)"
62.210.138.77 - - [06/Oct/2015:01:07:50 -0700] "GET / HTTP/1.1" 200 2376 "-" "Mozilla/5.0 (X11; Linux x86_64) AppleWebKit/537.36 (KHTML, like Gecko) Chrome/28.0.1500.71 Safari/537.36"
62.210.138.77 - - [06/Oct/2015:01:07:50 -0700] "GET /scripts/scripts/vendor/modernizr.js HTTP/1.1" 200 4902 "http://www.whereshouldiski.com/" "Mozilla/5.0 (X11; Linux x86_64) AppleWebKit/537.36 (KHTML, like Gecko) Chrome/28.0.1500.71 Safari/537.36"
62.210.138.77 - - [06/Oct/2015:01:07:50 -0700] "GET /bower_components/requirejs/require.js HTTP/1.1" 200 6702 "http://www.whereshouldiski.com/" "Mozilla/5.0 (X11; Linux x86_64) AppleWebKit/537.36 (KHTML, like Gecko) Chrome/28.0.1500.71 Safari/537.36"
62.210.138.77 - - [06/Oct/2015:01:07:50 -0700] "GET /scripts/fa48e319.main.js HTTP/1.1" 200 123455 "http://www.whereshouldiski.com/" "Mozilla/5.0 (X11; Linux x86_64) AppleWebKit/537.36 (KHTML, like Gecko) Chrome/28.0.1500.71 Safari/537.36"
62.210.138.77 - - [06/Oct/2015:01:07:52 -0700] "GET /lib/reccapi.php?fields=t HTTP/1.1" 200 1571 "http://www.whereshouldiski.com/" "Mozilla/5.0 (X11; Linux x86_64) AppleWebKit/537.36 (KHTML, like Gecko) Chrome/28.0.1500.71 Safari/537.36"
202.62.17.122 - - [06/Oct/2015:01:17:19 -0700] "GET /images/wsis-logo-sm.png HTTP/1.1" 200 6108 "http://www.thebackcountry.net/" "Mozilla/5.0 (Linux; Android 4.4.2; ASUS_T00G Build/KVT49L) AppleWebKit/537.36 (KHTML, like Gecko) Chrome/45.0.2454.84 Mobile Safari/537.36"
180.76.15.147 - - [06/Oct/2015:01:45:56 -0700] "GET /viz/2012-2013-viz.php HTTP/1.1" 404 469 "-" "Mozilla/5.0 (compatible; Baiduspider/2.0; +http://www.baidu.com/search/spider.html)"
180.76.15.145 - - [06/Oct/2015:01:50:05 -0700] "GET / HTTP/1.1" 200 6114 "-" "Mozilla/5.0 (compatible; Baiduspider/2.0; +http://www.baidu.com/search/spider.html)"
180.76.15.7 - - [06/Oct/2015:01:51:13 -0700] "GET / HTTP/1.1" 200 6114 "-" "Mozilla/5.0 (compatible; Baiduspider/2.0; +http://www.baidu.com/search/spider.html)"
170.75.162.130 - - [06/Oct/2015:02:07:56 -0700] "GET /lib/reccapi.php?resort=cannonmountain HTTP/1.1" 200 959 "-" "node-superagent/0.18.2"
82.150.248.29 - - [06/Oct/2015:02:15:27 -0700] "GET /images/viz-screenshot.png HTTP/1.1" 404 517 "http://ericfahsl.com/blog/35-creating-an-animated-javascript-heat-map-with-polymap" "Mozilla/5.0 (Windows NT 6.1; WOW64; rv:41.0) Gecko/20100101 Firefox/41.0"
66.249.79.234 - - [06/Oct/2015:02:24:31 -0700] "GET / HTTP/1.1" 200 2376 "-" "Mozilla/5.0 (iPhone; CPU iPhone OS 8_3 like Mac OS X) AppleWebKit/600.1.4 (KHTML, like Gecko) Version/8.0 Mobile/12F70 Safari/600.1.4 (compatible; Googlebot/2.1; +http://www.google.com/bot.html)"
180.76.15.15 - - [06/Oct/2015:02:25:15 -0700] "GET /resorts?resort=taos&date=2014-01-09 HTTP/1.1" 404 469 "-" "Mozilla/5.0 (compatible; Baiduspider/2.0; +http://www.baidu.com/search/spider.html)"
66.249.79.234 - - [06/Oct/2015:02:30:40 -0700] "GET /styles/0fffd548.main.css HTTP/1.1" 200 19317 "-" "Mozilla/5.0 (compatible; Googlebot/2.1; +http://www.google.com/bot.html)"
207.46.13.173 - - [06/Oct/2015:02:33:16 -0700] "GET / HTTP/1.1" 200 2376 "-" "Mozilla/5.0 (compatible; bingbot/2.0; +http://www.bing.com/bingbot.htm)"
170.75.162.130 - - [06/Oct/2015:02:34:19 -0700] "GET /lib/reccapi.php?resort=coppermountain HTTP/1.1" 200 1063 "-" "node-superagent/0.18.2"
54.170.226.140 - - [06/Oct/2015:02:41:12 -0700] "HEAD / HTTP/1.1" 200 291 "-" "Cloud mapping experiment. Contact research@pdrlabs.net"
180.76.15.32 - - [06/Oct/2015:02:41:38 -0700] "GET / HTTP/1.1" 200 6114 "-" "Mozilla/5.0 (compatible; Baiduspider/2.0; +http://www.baidu.com/search/spider.html)"
180.76.15.160 - - [06/Oct/2015:02:42:23 -0700] "GET / HTTP/1.1" 200 6114 "-" "Mozilla/5.0 (compatible; Baiduspider/2.0; +http://www.baidu.com/search/spider.html)"
185.25.151.159 - - [06/Oct/2015:02:44:00 -0700] "GET http://testp5.mielno.lubin.pl/testproxy.php HTTP/1.1" 404 452 "-" "Mozilla/5.0 (Windows NT 5.1; rv:32.0) Gecko/20100101 Firefox/31.0"
194.98.81.99 - - [06/Oct/2015:03:18:26 -0700] "GET /images/viz-screenshot.png HTTP/1.1" 404 517 "http://ericfahsl.com/blog/35-creating-an-animated-javascript-heat-map-with-polymap" "Mozilla/5.0 (Windows NT 6.1; WOW64; Trident/7.0; rv:11.0) like Gecko"
170.75.162.130 - - [06/Oct/2015:03:45:10 -0700] "GET /lib/reccapi.php?resort=jacksonhole HTTP/1.1" 200 1027 "-" "node-superagent/0.18.2"
91.200.12.11 - - [06/Oct/2015:03:50:17 -0700] "GET /xmlrpc.php HTTP/1.1" 404 532 "-" "-"
91.200.12.11 - - [06/Oct/2015:03:50:17 -0700] "GET /wp-login.php HTTP/1.1" 404 476 "-" "-"
180.76.15.6 - - [06/Oct/2015:04:03:19 -0700] "GET / HTTP/1.1" 200 6114 "-" "Mozilla/5.0 (compatible; Baiduspider/2.0; +http://www.baidu.com/search/spider.html)"
180.76.15.135 - - [06/Oct/2015:04:04:53 -0700] "GET / HTTP/1.1" 200 6114 "-" "Mozilla/5.0 (compatible; Baiduspider/2.0; +http://www.baidu.com/search/spider.html)"
31.168.69.220 - - [06/Oct/2015:04:12:43 -0700] "GET /blog HTTP/1.1" 404 532 "http://WHERESHOULDISKI.COM/blog" "Mozilla/5.0 (Windows NT 6.1; WOW64; rv:7.0.1) Gecko/20100101 Firefox/7.0.1"
170.75.162.130 - - [06/Oct/2015:04:18:54 -0700] "GET /lib/reccapi.php?resort=alta HTTP/1.1" 200 1008 "-" "node-superagent/0.18.2"
170.75.162.130 - - [06/Oct/2015:04:18:54 -0700] "GET /lib/reccapi.php?resort=killington HTTP/1.1" 200 952 "-" "node-superagent/0.18.2"
170.75.162.130 - - [06/Oct/2015:04:18:54 -0700] "GET /lib/reccapi.php?resort=sugarloaf HTTP/1.1" 200 956 "-" "node-superagent/0.18.2"
180.76.15.145 - - [06/Oct/2015:04:19:36 -0700] "GET / HTTP/1.1" 200 2339 "-" "Mozilla/5.0 (compatible; Baiduspider/2.0; +http://www.baidu.com/search/spider.html)"
170.75.162.130 - - [06/Oct/2015:04:19:54 -0700] "GET /lib/reccapi.php?resort=aspenmountain HTTP/1.1" 200 1084 "-" "node-superagent/0.18.2"
170.75.162.130 - - [06/Oct/2015:04:19:54 -0700] "GET /lib/reccapi.php?resort=bigsky HTTP/1.1" 200 968 "-" "node-superagent/0.18.2"
170.75.162.130 - - [06/Oct/2015:04:19:54 -0700] "GET /lib/reccapi.php?resort=arapahoebasin HTTP/1.1" 200 1077 "-" "node-superagent/0.18.2"
170.75.162.130 - - [06/Oct/2015:04:20:14 -0700] "GET /lib/reccapi.php?resort=devilshead HTTP/1.1" 200 985 "-" "node-superagent/0.18.2"
170.75.162.130 - - [06/Oct/2015:04:20:54 -0700] "GET /lib/reccapi.php?resort=loveland HTTP/1.1" 200 1107 "-" "node-superagent/0.18.2"
170.75.162.130 - - [06/Oct/2015:04:20:54 -0700] "GET /lib/reccapi.php?resort=mounthoodmeadows HTTP/1.1" 200 981 "-" "node-superagent/0.18.2"
170.75.162.130 - - [06/Oct/2015:04:20:54 -0700] "GET /lib/reccapi.php?resort=silverstarmountain HTTP/1.1" 200 928 "-" "node-superagent/0.18.2"
170.75.162.130 - - [06/Oct/2015:04:20:54 -0700] "GET /lib/reccapi.php?resort=keystone HTTP/1.1" 200 1062 "-" "node-superagent/0.18.2"
170.75.162.130 - - [06/Oct/2015:04:20:54 -0700] "GET /lib/reccapi.php?resort=redmountain HTTP/1.1" 200 903 "-" "node-superagent/0.18.2"
66.249.79.227 - - [06/Oct/2015:04:22:10 -0700] "GET /resorts?resort=belleayre&date=2014-02-05 HTTP/1.1" 404 506 "-" "Mozilla/5.0 (iPhone; CPU iPhone OS 8_3 like Mac OS X) AppleWebKit/600.1.4 (KHTML, like Gecko) Version/8.0 Mobile/12F70 Safari/600.1.4 (compatible; Googlebot/2.1; +http://www.google.com/bot.html)"
170.75.162.130 - - [06/Oct/2015:04:26:55 -0700] "GET /lib/reccapi.php?resort=smugglersnotch HTTP/1.1" 200 985 "-" "node-superagent/0.18.2"
170.75.162.130 - - [06/Oct/2015:04:27:05 -0700] "GET /lib/reccapi.php?resort=northstar-at-tahoe HTTP/1.1" 200 954 "-" "node-superagent/0.18.2"
180.153.206.34 - - [06/Oct/2015:04:32:18 -0700] "GET / HTTP/1.1" 200 6114 "-" "Mozilla/5.0 (Linux; U; Android 4.4.2; zh-cn; GT-I9500 Build/KOT49H) AppleWebKit/537.36 (KHTML, like Gecko)Version/4.0 MQQBrowser/5.0 QQ-Manager Mobile Safari/537.36"
51.254.143.24 - - [06/Oct/2015:04:32:37 -0700] "GET /robots.txt HTTP/1.0" 200 338 "-" "Mozilla/5.0 (compatible; MJ12bot/v1.4.5; http://www.majestic12.co.uk/bot.php?+)"
51.254.143.24 - - [06/Oct/2015:04:32:39 -0700] "GET /resorts?resort=schweitzer HTTP/1.0" 404 495 "-" "Mozilla/5.0 (compatible; MJ12bot/v1.4.5; http://www.majestic12.co.uk/bot.php?+)"
180.76.15.31 - - [06/Oct/2015:04:41:42 -0700] "GET / HTTP/1.1" 200 6114 "-" "Mozilla/5.0 (compatible; Baiduspider/2.0; +http://www.baidu.com/search/spider.html)"
180.76.15.20 - - [06/Oct/2015:04:42:19 -0700] "GET / HTTP/1.1" 200 6114 "-" "Mozilla/5.0 (compatible; Baiduspider/2.0; +http://www.baidu.com/search/spider.html)"
212.247.86.222 - - [06/Oct/2015:04:51:03 -0700] "GET /images/wsis-logo-sm.png HTTP/1.1" 200 6108 "http://www.thebackcountry.net/" "Mozilla/5.0 (Macintosh; Intel Mac OS X 10_10_4) AppleWebKit/600.7.12 (KHTML, like Gecko) Version/8.0.7 Safari/600.7.12"
180.153.206.34 - - [06/Oct/2015:04:52:45 -0700] "GET /scripts/scripts/vendor/modernizr.js HTTP/1.1" 200 11398 "http://whereshouldiski.com/scripts/scripts/vendor/modernizr.js" "Mozilla/5.0 (Linux; U; Android 4.4.2; zh-cn; GT-I9500 Build/KOT49H) AppleWebKit/537.36 (KHTML, like Gecko)Version/4.0 MQQBrowser/5.0 QQ-Manager Mobile Safari/537.36"
180.153.206.34 - - [06/Oct/2015:04:52:46 -0700] "GET /bower_components/requirejs/require.js HTTP/1.1" 200 17147 "http://whereshouldiski.com/bower_components/requirejs/require.js" "Mozilla/5.0 (Linux; U; Android 4.4.2; zh-cn; GT-I9500 Build/KOT49H) AppleWebKit/537.36 (KHTML, like Gecko)Version/4.0 MQQBrowser/5.0 QQ-Manager Mobile Safari/537.36"
107.189.60.75 - - [06/Oct/2015:05:36:44 -0700] "GET / HTTP/1.1" 200 2376 "-" "Mozilla/5.0 (X11; Ubuntu; Linux x86_64; rv:39.0) Gecko/20100101 Firefox/39.0"
107.189.60.75 - - [06/Oct/2015:05:36:44 -0700] "GET /styles/0fffd548.main.css HTTP/1.1" 200 19316 "http://whereshouldiski.com/" "Mozilla/5.0 (X11; Ubuntu; Linux x86_64; rv:39.0) Gecko/20100101 Firefox/39.0"
107.189.60.75 - - [06/Oct/2015:05:36:44 -0700] "GET /scripts/scripts/vendor/modernizr.js HTTP/1.1" 200 4903 "http://whereshouldiski.com/" "Mozilla/5.0 (X11; Ubuntu; Linux x86_64; rv:39.0) Gecko/20100101 Firefox/39.0"
107.189.60.75 - - [06/Oct/2015:05:36:44 -0700] "GET /bower_components/requirejs/require.js HTTP/1.1" 200 6702 "http://whereshouldiski.com/" "Mozilla/5.0 (X11; Ubuntu; Linux x86_64; rv:39.0) Gecko/20100101 Firefox/39.0"
107.189.60.75 - - [06/Oct/2015:05:36:44 -0700] "GET /scripts/fa48e319.main.js HTTP/1.1" 200 123455 "http://whereshouldiski.com/" "Mozilla/5.0 (X11; Ubuntu; Linux x86_64; rv:39.0) Gecko/20100101 Firefox/39.0"
107.189.60.75 - - [06/Oct/2015:05:36:45 -0700] "GET /lib/reccapi.php?fields=t HTTP/1.1" 200 1690 "http://whereshouldiski.com/" "Mozilla/5.0 (X11; Ubuntu; Linux x86_64; rv:39.0) Gecko/20100101 Firefox/39.0"
180.76.15.136 - - [06/Oct/2015:05:36:45 -0700] "GET / HTTP/1.1" 200 6114 "-" "Mozilla/5.0 (compatible; Baiduspider/2.0; +http://www.baidu.com/search/spider.html)"
170.75.162.130 - - [06/Oct/2015:05:37:13 -0700] "GET /lib/reccapi.php?resort=madriverglen HTTP/1.1" 200 976 "-" "node-superagent/0.18.2"
180.76.15.30 - - [06/Oct/2015:05:37:20 -0700] "GET / HTTP/1.1" 200 6114 "-" "Mozilla/5.0 (compatible; Baiduspider/2.0; +http://www.baidu.com/search/spider.html)"
41.189.39.74 - - [06/Oct/2015:06:00:39 -0700] "GET / HTTP/1.1" 200 6114 "-" "Mozilla/4.0 (compatible; MSIE 5.0; Windows NT; DigExt; DTS Agent"
170.75.162.130 - - [06/Oct/2015:06:02:26 -0700] "GET /lib/reccapi.php?resort=49degreesnorth HTTP/1.1" 200 975 "-" "node-superagent/0.18.2"
170.75.162.130 - - [06/Oct/2015:06:03:26 -0700] "GET /lib/reccapi.php?resort=aspenheights HTTP/1.1" 200 1078 "-" "node-superagent/0.18.2"
46.151.52.61 - - [06/Oct/2015:06:08:03 -0700] "GET / HTTP/1.0" 200 6114 "http://whereshouldiski.com/" "Mozilla/5.0 (Windows NT 6.1; WOW64; rv:36.0) Gecko/20100101 Firefox/36.0"
46.151.52.61 - - [06/Oct/2015:06:08:04 -0700] "GET / HTTP/1.0" 200 6114 "http://whereshouldiski.com/" "Mozilla/5.0 (Windows NT 6.1; WOW64; rv:36.0) Gecko/20100101 Firefox/36.0"
166.137.12.105 - - [06/Oct/2015:06:19:33 -0700] "GET /images/wsis-logo-sm.png HTTP/1.1" 200 6108 "http://www.thebackcountry.net/" "Mozilla/5.0 (iPhone; CPU iPhone OS 9_0_2 like Mac OS X) AppleWebKit/601.1.46 (KHTML, like Gecko) Version/9.0 Mobile/13A452 Safari/601.1"
66.249.79.241 - - [06/Oct/2015:06:19:36 -0700] "GET /resorts?resort=snowbird&date=2014-01-29 HTTP/1.1" 404 506 "-" "Mozilla/5.0 (iPhone; CPU iPhone OS 8_3 like Mac OS X) AppleWebKit/600.1.4 (KHTML, like Gecko) Version/8.0 Mobile/12F70 Safari/600.1.4 (compatible; Googlebot/2.1; +http://www.google.com/bot.html)"
141.8.143.217 - - [06/Oct/2015:06:25:35 -0700] "GET /robots.txt HTTP/1.1" 200 375 "-" "Mozilla/5.0 (compatible; YandexBot/3.0; +http://yandex.com/bots)"
157.55.39.85 - - [06/Oct/2015:06:28:41 -0700] "GET /resorts?resort=portillo&date=2014-08-19 HTTP/1.1" 404 509 "-" "Mozilla/5.0 (compatible; bingbot/2.0; +http://www.bing.com/bingbot.htm)"
186.90.232.73 - - [06/Oct/2015:06:35:33 -0700] "GET / HTTP/1.1" 200 2376 "http://rankings-analytics.com/try.php?u=http://whereshouldiski.com" "Mozilla/5.0 (Windows NT 6.1; WOW64) AppleWebKit/537.36 (KHTML, like Gecko) Chrome/35.0.1916.153 Safari/537.36"
186.90.232.73 - - [06/Oct/2015:06:35:33 -0700] "GET /styles/0fffd548.main.css HTTP/1.1" 200 19316 "http://whereshouldiski.com/" "Mozilla/5.0 (Windows NT 6.1; WOW64) AppleWebKit/537.36 (KHTML, like Gecko) Chrome/35.0.1916.153 Safari/537.36"
186.90.232.73 - - [06/Oct/2015:06:35:33 -0700] "GET /scripts/scripts/vendor/modernizr.js HTTP/1.1" 200 4903 "http://whereshouldiski.com/" "Mozilla/5.0 (Windows NT 6.1; WOW64) AppleWebKit/537.36 (KHTML, like Gecko) Chrome/35.0.1916.153 Safari/537.36"
186.90.232.73 - - [06/Oct/2015:06:35:33 -0700] "GET /bower_components/requirejs/require.js HTTP/1.1" 200 6702 "http://whereshouldiski.com/" "Mozilla/5.0 (Windows NT 6.1; WOW64) AppleWebKit/537.36 (KHTML, like Gecko) Chrome/35.0.1916.153 Safari/537.36"
186.90.232.73 - - [06/Oct/2015:06:35:34 -0700] "GET /images/logo-sm.png HTTP/1.1" 200 16737 "http://whereshouldiski.com/" "Mozilla/5.0 (Windows NT 6.1; WOW64) AppleWebKit/537.36 (KHTML, like Gecko) Chrome/35.0.1916.153 Safari/537.36"
186.90.232.73 - - [06/Oct/2015:06:35:34 -0700] "GET /images/loading.gif HTTP/1.1" 200 13881 "http://whereshouldiski.com/" "Mozilla/5.0 (Windows NT 6.1; WOW64) AppleWebKit/537.36 (KHTML, like Gecko) Chrome/35.0.1916.153 Safari/537.36"
186.90.232.73 - - [06/Oct/2015:06:35:34 -0700] "GET /scripts/fa48e319.main.js HTTP/1.1" 200 71504 "http://whereshouldiski.com/" "Mozilla/5.0 (Windows NT 6.1; WOW64) AppleWebKit/537.36 (KHTML, like Gecko) Chrome/35.0.1916.153 Safari/537.36"
170.75.162.130 - - [06/Oct/2015:06:37:50 -0700] "GET /lib/reccapi.php?resort=monarch HTTP/1.1" 200 1047 "-" "node-superagent/0.18.2"
71.84.96.17 - - [06/Oct/2015:06:43:46 -0700] "GET /images/wsis-logo-sm.png HTTP/1.1" 200 6108 "http://www.thebackcountry.net/" "Mozilla/5.0 (iPhone; CPU iPhone OS 8_4 like Mac OS X) AppleWebKit/600.1.4 (KHTML, like Gecko) Version/8.0 Mobile/12H143 Safari/600.1.4"
180.76.15.141 - - [06/Oct/2015:06:49:58 -0700] "GET / HTTP/1.1" 200 6114 "-" "Mozilla/5.0 (compatible; Baiduspider/2.0; +http://www.baidu.com/search/spider.html)"
