170.75.162.130 - - [13/Dec/2015:17:57:21 -0800] "GET /lib/reccapi.php?resort=alpinemeadows HTTP/1.1" 200 1066 "-" "node-superagent/1.4.0"
170.75.162.130 - - [13/Dec/2015:17:57:21 -0800] "GET /lib/reccapi.php?resort=diamondpeak HTTP/1.1" 200 1029 "-" "node-superagent/1.4.0"
170.75.162.130 - - [13/Dec/2015:17:57:21 -0800] "GET /lib/reccapi.php?resort=homewoodmountain HTTP/1.1" 200 1071 "-" "node-superagent/1.4.0"
170.75.162.130 - - [13/Dec/2015:17:57:21 -0800] "GET /lib/reccapi.php?resort=sierra-at-tahoe HTTP/1.1" 200 1070 "-" "node-superagent/1.4.0"
170.75.162.130 - - [13/Dec/2015:17:57:21 -0800] "GET /lib/reccapi.php?resort=sugarbowl HTTP/1.1" 200 1050 "-" "node-superagent/1.4.0"
170.75.162.130 - - [13/Dec/2015:18:02:52 -0800] "GET /lib/reccapi.php?resort=arapahoebasin HTTP/1.1" 200 1061 "-" "node-superagent/1.4.0"
170.75.162.130 - - [13/Dec/2015:18:03:02 -0800] "GET /lib/reccapi.php?resort=telluride HTTP/1.1" 200 992 "-" "node-superagent/1.4.0"
107.77.75.118 - - [13/Dec/2015:18:09:58 -0800] "GET /images/wsis-logo-sm.png HTTP/1.1" 200 6108 "http://www.thebackcountry.net/" "Mozilla/5.0 (Windows NT 6.1; WOW64) AppleWebKit/537.36 (KHTML, like Gecko) Chrome/47.0.2526.80 Safari/537.36"
170.75.162.130 - - [13/Dec/2015:18:14:03 -0800] "GET /lib/reccapi.php?resort=alyeska HTTP/1.1" 200 989 "-" "node-superagent/1.4.0"
66.249.64.8 - - [13/Dec/2015:18:15:08 -0800] "GET / HTTP/1.1" 200 2376 "-" "Mozilla/5.0 (iPhone; CPU iPhone OS 8_3 like Mac OS X) AppleWebKit/600.1.4 (KHTML, like Gecko) Version/8.0 Mobile/12F70 Safari/600.1.4 (compatible; Googlebot/2.1; +http://www.google.com/bot.html)"
50.173.116.65 - - [13/Dec/2015:18:15:43 -0800] "GET /images/wsis-logo-sm.png HTTP/1.1" 200 6108 "http://www.thebackcountry.net/" "Mozilla/5.0 (iPhone; CPU iPhone OS 8_1_2 like Mac OS X) AppleWebKit/600.1.4 (KHTML, like Gecko) Version/8.0 Mobile/12B440 Safari/600.1.4"
170.75.162.130 - - [13/Dec/2015:18:18:54 -0800] "GET /lib/reccapi.php?resort=49degreesnorth HTTP/1.1" 200 1064 "-" "node-superagent/1.4.0"
170.75.162.130 - - [13/Dec/2015:18:18:54 -0800] "GET /lib/reccapi.php?resort=mountspokane HTTP/1.1" 200 1030 "-" "node-superagent/1.4.0"
24.156.79.214 - - [13/Dec/2015:18:22:05 -0800] "GET /images/wsis-logo-sm.png HTTP/1.1" 200 6108 "http://www.thebackcountry.net/" "Mozilla/5.0 (iPad; CPU OS 9_1 like Mac OS X) AppleWebKit/601.1.46 (KHTML, like Gecko) Version/9.0 Mobile/13B143 Safari/601.1"
170.75.162.130 - - [13/Dec/2015:18:24:15 -0800] "GET /lib/reccapi.php?resort=aspenmountain HTTP/1.1" 200 993 "-" "node-superagent/1.4.0"
170.75.162.130 - - [13/Dec/2015:18:24:15 -0800] "GET /lib/reccapi.php?resort=aspenheights HTTP/1.1" 200 1012 "-" "node-superagent/1.4.0"
170.75.162.130 - - [13/Dec/2015:18:24:15 -0800] "GET /lib/reccapi.php?resort=buttermilk HTTP/1.1" 200 977 "-" "node-superagent/1.4.0"
170.75.162.130 - - [13/Dec/2015:18:27:25 -0800] "GET /lib/reccapi.php?resort=alta HTTP/1.1" 200 950 "-" "node-superagent/1.4.0"
170.75.162.130 - - [13/Dec/2015:18:27:25 -0800] "GET /lib/reccapi.php?resort=grandtarghee HTTP/1.1" 200 1069 "-" "node-superagent/1.4.0"
170.75.162.130 - - [13/Dec/2015:18:27:25 -0800] "GET /lib/reccapi.php?resort=jacksonhole HTTP/1.1" 200 1052 "-" "node-superagent/1.4.0"
170.75.162.130 - - [13/Dec/2015:18:27:25 -0800] "GET /lib/reccapi.php?resort=mammothmountain HTTP/1.1" 200 1078 "-" "node-superagent/1.4.0"
170.75.162.130 - - [13/Dec/2015:18:27:25 -0800] "GET /lib/reccapi.php?resort=solitude HTTP/1.1" 200 957 "-" "node-superagent/1.4.0"
70.211.64.219 - - [13/Dec/2015:18:31:51 -0800] "GET /images/wsis-logo-sm.png HTTP/1.1" 200 6108 "http://www.thebackcountry.net/" "Mozilla/5.0 (iPhone; CPU iPhone OS 7_1_2 like Mac OS X) AppleWebKit/537.51.2 (KHTML, like Gecko) Version/7.0 Mobile/11D257 Safari/9537.53"
73.241.148.178 - - [13/Dec/2015:18:34:15 -0800] "GET /images/wsis-logo-sm.png HTTP/1.1" 200 6108 "http://www.thebackcountry.net/" "Mozilla/5.0 (Macintosh; Intel Mac OS X 10_9_5) AppleWebKit/537.36 (KHTML, like Gecko) Chrome/47.0.2526.80 Safari/537.36"
77.75.76.170 - - [13/Dec/2015:18:35:56 -0800] "GET /robots.txt HTTP/1.1" 200 419 "-" "Mozilla/5.0 (compatible; SeznamBot/3.2; +http://fulltext.sblog.cz/)"
77.75.76.170 - - [13/Dec/2015:18:35:58 -0800] "GET /resorts?resort=wildcatmountain HTTP/1.1" 404 506 "-" "Mozilla/5.0 (compatible; SeznamBot/3.2; +http://fulltext.sblog.cz/)"
123.125.71.42 - - [13/Dec/2015:18:39:43 -0800] "GET / HTTP/1.1" 200 2339 "-" "Mozilla/5.0 (Windows NT 5.1; rv:6.0.2) Gecko/20100101 Firefox/6.0.2"
123.125.71.27 - - [13/Dec/2015:18:39:45 -0800] "GET / HTTP/1.1" 200 6114 "-" "Mozilla/5.0 (Windows NT 5.1; rv:6.0.2) Gecko/20100101 Firefox/6.0.2"
170.75.162.130 - - [13/Dec/2015:18:46:28 -0800] "GET /lib/reccapi.php?resort=wildcatmountain HTTP/1.1" 200 961 "-" "node-superagent/1.4.0"
220.181.108.85 - - [13/Dec/2015:18:49:23 -0800] "GET / HTTP/1.1" 200 2339 "-" "Mozilla/5.0 (Windows NT 5.1; rv:6.0.2) Gecko/20100101 Firefox/6.0.2"
220.181.108.90 - - [13/Dec/2015:18:49:26 -0800] "GET / HTTP/1.1" 200 6114 "-" "Mozilla/5.0 (Windows NT 5.1; rv:6.0.2) Gecko/20100101 Firefox/6.0.2"
180.76.15.158 - - [13/Dec/2015:18:50:42 -0800] "GET / HTTP/1.1" 200 6114 "-" "Mozilla/5.0 (compatible; Baiduspider/2.0; +http://www.baidu.com/search/spider.html)"
180.76.15.19 - - [13/Dec/2015:18:51:41 -0800] "GET / HTTP/1.1" 200 6114 "-" "Mozilla/5.0 (compatible; Baiduspider/2.0; +http://www.baidu.com/search/spider.html)"
170.75.162.130 - - [13/Dec/2015:18:52:29 -0800] "GET /lib/reccapi.php?resort=bigsky HTTP/1.1" 200 1052 "-" "node-superagent/1.4.0"
104.186.226.68 - - [13/Dec/2015:18:54:37 -0800] "GET /images/wsis-logo-sm.png HTTP/1.1" 200 6108 "http://www.thebackcountry.net/" "Mozilla/5.0 (Macintosh; Intel Mac OS X 10_11) AppleWebKit/601.1.56 (KHTML, like Gecko) Version/9.0 Safari/601.1.56"
188.68.224.62 - - [13/Dec/2015:19:02:48 -0800] "GET http://51.254.206.142/httptest.php HTTP/1.1" 404 448 "-" "-"
99.7.59.132 - - [13/Dec/2015:19:03:09 -0800] "GET /images/wsis-logo-sm.png HTTP/1.1" 200 6108 "http://www.thebackcountry.net/" "Mozilla/5.0 (Macintosh; Intel Mac OS X 10_11_1) AppleWebKit/601.2.7 (KHTML, like Gecko) Version/9.0.1 Safari/601.2.7"
188.68.224.62 - - [13/Dec/2015:19:03:13 -0800] "GET http://51.254.206.142/httptest.php HTTP/1.1" 404 448 "-" "-"
180.76.15.147 - - [13/Dec/2015:19:04:33 -0800] "GET / HTTP/1.1" 200 2339 "-" "Mozilla/5.0 (compatible; Baiduspider/2.0; +http://www.baidu.com/search/spider.html)"
170.75.162.130 - - [13/Dec/2015:19:17:22 -0800] "GET /lib/reccapi.php?resort=whitefacemountain HTTP/1.1" 200 987 "-" "node-superagent/1.4.0"
67.23.72.105 - - [13/Dec/2015:19:18:15 -0800] "GET / HTTP/1.0" 200 6114 "-" "masscan/1.0 (https://github.com/robertdavidgraham/masscan)"
24.205.200.128 - - [13/Dec/2015:19:19:00 -0800] "GET /images/wsis-logo-sm.png HTTP/1.1" 200 6108 "http://www.thebackcountry.net/" "Mozilla/5.0 (Macintosh; Intel Mac OS X 10_9_5) AppleWebKit/601.3.9 (KHTML, like Gecko) Version/9.0.2 Safari/537.86.3"
170.75.162.130 - - [13/Dec/2015:19:21:13 -0800] "GET /lib/reccapi.php?resort=northstar-at-tahoe HTTP/1.1" 200 1053 "-" "node-superagent/1.4.0"
98.208.126.107 - - [13/Dec/2015:19:25:51 -0800] "GET /images/wsis-logo-sm.png HTTP/1.1" 200 6108 "http://www.thebackcountry.net/" "Mozilla/5.0 (iPhone; CPU iPhone OS 7_1 like Mac OS X) AppleWebKit/537.51.2 (KHTML, like Gecko) Version/7.0 Mobile/11D167 Safari/9537.53"
170.75.162.130 - - [13/Dec/2015:19:32:24 -0800] "GET /lib/reccapi.php?resort=bigwhite HTTP/1.1" 200 927 "-" "node-superagent/1.4.0"
123.125.71.16 - - [13/Dec/2015:19:40:45 -0800] "GET / HTTP/1.1" 200 2339 "-" "Mozilla/5.0 (Windows NT 5.1; rv:6.0.2) Gecko/20100101 Firefox/6.0.2"
123.125.71.24 - - [13/Dec/2015:19:40:48 -0800] "GET / HTTP/1.1" 200 6114 "-" "Mozilla/5.0 (Windows NT 5.1; rv:6.0.2) Gecko/20100101 Firefox/6.0.2"
180.76.15.21 - - [13/Dec/2015:19:45:16 -0800] "GET / HTTP/1.1" 200 6114 "-" "Mozilla/5.0 (compatible; Baiduspider/2.0; +http://www.baidu.com/search/spider.html)"
180.76.15.28 - - [13/Dec/2015:19:45:58 -0800] "GET / HTTP/1.1" 200 6114 "-" "Mozilla/5.0 (compatible; Baiduspider/2.0; +http://www.baidu.com/search/spider.html)"
98.245.98.85 - - [13/Dec/2015:19:46:26 -0800] "GET /images/wsis-logo-sm.png HTTP/1.1" 200 6108 "http://thebackcountry.net/" "Mozilla/5.0 (Linux; Android 4.4.2; SM-T310 Build/KVT49L) AppleWebKit/537.36 (KHTML, like Gecko) Chrome/47.0.2526.83 Safari/537.36"
98.245.98.85 - - [13/Dec/2015:19:46:47 -0800] "-" 408 0 "-" "-"
98.245.98.85 - - [13/Dec/2015:19:48:58 -0800] "-" 408 0 "-" "-"
98.245.98.85 - - [13/Dec/2015:19:48:58 -0800] "-" 408 0 "-" "-"
98.245.98.85 - - [13/Dec/2015:19:48:58 -0800] "-" 408 0 "-" "-"
220.181.108.104 - - [13/Dec/2015:19:49:07 -0800] "GET / HTTP/1.1" 200 2339 "-" "Mozilla/5.0 (Windows NT 5.1; rv:6.0.2) Gecko/20100101 Firefox/6.0.2"
68.180.229.34 - - [13/Dec/2015:19:56:22 -0800] "GET /robots.txt HTTP/1.1" 200 319 "-" "Mozilla/5.0 (compatible; Yahoo! Slurp; http://help.yahoo.com/help/us/ysearch/slurp)"
68.180.229.34 - - [13/Dec/2015:19:56:22 -0800] "GET /resorts?resort=brighton HTTP/1.1" 404 450 "-" "Mozilla/5.0 (compatible; Yahoo! Slurp; http://help.yahoo.com/help/us/ysearch/slurp)"
170.75.162.130 - - [13/Dec/2015:20:04:40 -0800] "GET /lib/reccapi.php?resort=sundayriver HTTP/1.1" 200 966 "-" "node-superagent/1.4.0"
170.75.162.130 - - [13/Dec/2015:20:05:00 -0800] "GET /lib/reccapi.php?resort=madriverglen HTTP/1.1" 200 969 "-" "node-superagent/1.4.0"
170.75.162.130 - - [13/Dec/2015:20:14:51 -0800] "GET /lib/reccapi.php?resort=mountainhigh HTTP/1.1" 200 1044 "-" "node-superagent/1.4.0"
170.75.162.130 - - [13/Dec/2015:20:15:41 -0800] "GET /lib/reccapi.php?resort=coppermountain HTTP/1.1" 200 1015 "-" "node-superagent/1.4.0"
170.75.162.130 - - [13/Dec/2015:20:15:42 -0800] "GET /lib/reccapi.php?resort=crestedbutte HTTP/1.1" 200 1016 "-" "node-superagent/1.4.0"
170.75.162.130 - - [13/Dec/2015:20:15:42 -0800] "GET /lib/reccapi.php?resort=keystone HTTP/1.1" 200 1047 "-" "node-superagent/1.4.0"
170.75.162.130 - - [13/Dec/2015:20:15:42 -0800] "GET /lib/reccapi.php?resort=loveland HTTP/1.1" 200 1040 "-" "node-superagent/1.4.0"
170.75.162.130 - - [13/Dec/2015:20:15:42 -0800] "GET /lib/reccapi.php?resort=monarch HTTP/1.1" 200 996 "-" "node-superagent/1.4.0"
170.75.162.130 - - [13/Dec/2015:20:15:42 -0800] "GET /lib/reccapi.php?resort=redlodge HTTP/1.1" 200 1065 "-" "node-superagent/1.4.0"
170.75.162.130 - - [13/Dec/2015:20:15:42 -0800] "GET /lib/reccapi.php?resort=snowmass HTTP/1.1" 200 1016 "-" "node-superagent/1.4.0"
170.75.162.130 - - [13/Dec/2015:20:15:42 -0800] "GET /lib/reccapi.php?resort=steamboat HTTP/1.1" 200 988 "-" "node-superagent/1.4.0"
170.75.162.130 - - [13/Dec/2015:20:15:43 -0800] "GET /lib/reccapi.php?resort=winterpark HTTP/1.1" 200 1027 "-" "node-superagent/1.4.0"
170.75.162.130 - - [13/Dec/2015:20:15:51 -0800] "GET /lib/reccapi.php?resort=redmountain HTTP/1.1" 200 911 "-" "node-superagent/1.4.0"
170.75.162.130 - - [13/Dec/2015:20:16:21 -0800] "GET /lib/reccapi.php?resort=silverstarmountain HTTP/1.1" 200 937 "-" "node-superagent/1.4.0"
170.75.162.130 - - [13/Dec/2015:20:18:33 -0800] "GET /lib/reccapi.php?resort=sugarloaf HTTP/1.1" 200 956 "-" "node-superagent/1.4.0"
170.75.162.130 - - [13/Dec/2015:20:18:43 -0800] "GET /lib/reccapi.php?resort=sunpeaksresort HTTP/1.1" 200 925 "-" "node-superagent/1.4.0"
188.143.232.15 - - [13/Dec/2015:20:19:17 -0800] "GET /blog HTTP/1.1" 404 495 "-" "Mozilla/4.0 (compatible; MSIE 6.0; Windows NT 5.1; SV1)"
67.161.58.73 - - [13/Dec/2015:20:24:34 -0800] "GET /images/wsis-logo-sm.png HTTP/1.1" 200 6108 "http://www.thebackcountry.net/" "Mozilla/5.0 (Windows NT 6.3; WOW64) AppleWebKit/537.36 (KHTML, like Gecko) Chrome/47.0.2526.73 Safari/537.36"
66.249.64.127 - - [13/Dec/2015:20:33:04 -0800] "GET /resorts?resort=missionridge&date=2014-02-21 HTTP/1.1" 404 506 "-" "Mozilla/5.0 (compatible; Googlebot/2.1; +http://www.google.com/bot.html)"
123.125.71.50 - - [13/Dec/2015:20:40:46 -0800] "GET / HTTP/1.1" 200 2339 "-" "Mozilla/5.0 (Windows NT 5.1; rv:6.0.2) Gecko/20100101 Firefox/6.0.2"
123.125.71.12 - - [13/Dec/2015:20:40:47 -0800] "GET / HTTP/1.1" 200 6114 "-" "Mozilla/5.0 (Windows NT 5.1; rv:6.0.2) Gecko/20100101 Firefox/6.0.2"
170.75.162.130 - - [13/Dec/2015:20:45:47 -0800] "GET /lib/reccapi.php?resort=squawvalleyusa HTTP/1.1" 200 1067 "-" "node-superagent/1.4.0"
180.76.15.151 - - [13/Dec/2015:20:47:22 -0800] "GET / HTTP/1.1" 200 6114 "-" "Mozilla/5.0 (compatible; Baiduspider/2.0; +http://www.baidu.com/search/spider.html)"
180.76.15.30 - - [13/Dec/2015:20:48:09 -0800] "GET / HTTP/1.1" 200 6114 "-" "Mozilla/5.0 (compatible; Baiduspider/2.0; +http://www.baidu.com/search/spider.html)"
24.23.141.234 - - [13/Dec/2015:20:56:46 -0800] "GET /images/wsis-logo-sm.png HTTP/1.1" 200 6108 "http://www.thebackcountry.net/" "Mozilla/5.0 (iPhone; CPU iPhone OS 9_1 like Mac OS X) AppleWebKit/601.1.46 (KHTML, like Gecko) Version/9.0 Mobile/13B143 Safari/601.1"
170.75.162.130 - - [13/Dec/2015:20:58:08 -0800] "GET /lib/reccapi.php?resort=hoodoo HTTP/1.1" 200 1037 "-" "node-superagent/1.4.0"
170.75.162.130 - - [13/Dec/2015:20:58:08 -0800] "GET /lib/reccapi.php?resort=killington HTTP/1.1" 200 970 "-" "node-superagent/1.4.0"
170.75.162.130 - - [13/Dec/2015:20:58:08 -0800] "GET /lib/reccapi.php?resort=devilshead HTTP/1.1" 200 997 "-" "node-superagent/1.4.0"
170.75.162.130 - - [13/Dec/2015:20:58:28 -0800] "GET /lib/reccapi.php?resort=mountbachelor HTTP/1.1" 200 1041 "-" "node-superagent/1.4.0"
24.32.27.197 - - [13/Dec/2015:21:06:26 -0800] "GET /images/wsis-logo-sm.png HTTP/1.1" 200 6108 "http://www.thebackcountry.net/" "Mozilla/5.0 (Windows NT 6.1; WOW64) AppleWebKit/537.36 (KHTML, like Gecko) Chrome/47.0.2526.80 Safari/537.36"
108.238.94.151 - - [13/Dec/2015:21:16:01 -0800] "GET /images/wsis-logo-sm.png HTTP/1.1" 200 6108 "http://www.thebackcountry.net/" "Mozilla/5.0 (iPad; CPU OS 5_1_1 like Mac OS X) AppleWebKit/534.46 (KHTML, like Gecko) Version/5.1 Mobile/9B206 Safari/7534.48.3"
104.5.2.254 - - [13/Dec/2015:21:16:26 -0800] "GET /images/wsis-logo-sm.png HTTP/1.1" 200 6108 "http://www.thebackcountry.net/" "Mozilla/5.0 (Windows NT 6.1; WOW64) AppleWebKit/537.36 (KHTML, like Gecko) Chrome/47.0.2526.80 Safari/537.36"
24.143.115.216 - - [13/Dec/2015:21:30:04 -0800] "GET / HTTP/1.1" 200 2376 "-" "Mozilla/5.0 (Macintosh; Intel Mac OS X 10.10; rv:42.0) Gecko/20100101 Firefox/42.0"
24.143.115.216 - - [13/Dec/2015:21:30:04 -0800] "GET /styles/0fffd548.main.css HTTP/1.1" 200 19316 "http://whereshouldiski.com/" "Mozilla/5.0 (Macintosh; Intel Mac OS X 10.10; rv:42.0) Gecko/20100101 Firefox/42.0"
24.143.115.216 - - [13/Dec/2015:21:30:04 -0800] "GET /scripts/scripts/vendor/modernizr.js HTTP/1.1" 200 4903 "http://whereshouldiski.com/" "Mozilla/5.0 (Macintosh; Intel Mac OS X 10.10; rv:42.0) Gecko/20100101 Firefox/42.0"
24.143.115.216 - - [13/Dec/2015:21:30:04 -0800] "GET /bower_components/requirejs/require.js HTTP/1.1" 200 6702 "http://whereshouldiski.com/" "Mozilla/5.0 (Macintosh; Intel Mac OS X 10.10; rv:42.0) Gecko/20100101 Firefox/42.0"
24.143.115.216 - - [13/Dec/2015:21:30:04 -0800] "GET /images/loading.gif HTTP/1.1" 200 13882 "http://whereshouldiski.com/" "Mozilla/5.0 (Macintosh; Intel Mac OS X 10.10; rv:42.0) Gecko/20100101 Firefox/42.0"
24.143.115.216 - - [13/Dec/2015:21:30:04 -0800] "GET /images/logo-sm.png HTTP/1.1" 200 16737 "http://whereshouldiski.com/" "Mozilla/5.0 (Macintosh; Intel Mac OS X 10.10; rv:42.0) Gecko/20100101 Firefox/42.0"
24.143.115.216 - - [13/Dec/2015:21:30:04 -0800] "GET /scripts/fa48e319.main.js HTTP/1.1" 200 123455 "http://whereshouldiski.com/" "Mozilla/5.0 (Macintosh; Intel Mac OS X 10.10; rv:42.0) Gecko/20100101 Firefox/42.0"
24.143.115.216 - - [13/Dec/2015:21:30:05 -0800] "GET /images/greyHeader.png HTTP/1.1" 200 508 "http://whereshouldiski.com/styles/0fffd548.main.css" "Mozilla/5.0 (Macintosh; Intel Mac OS X 10.10; rv:42.0) Gecko/20100101 Firefox/42.0"
24.143.115.216 - - [13/Dec/2015:21:30:05 -0800] "GET /lib/reccapi.php?fields=t HTTP/1.1" 200 1895 "http://whereshouldiski.com/" "Mozilla/5.0 (Macintosh; Intel Mac OS X 10.10; rv:42.0) Gecko/20100101 Firefox/42.0"
24.143.115.216 - - [13/Dec/2015:21:30:05 -0800] "GET /images/snowflake5.png HTTP/1.1" 200 2857 "http://whereshouldiski.com/styles/0fffd548.main.css" "Mozilla/5.0 (Macintosh; Intel Mac OS X 10.10; rv:42.0) Gecko/20100101 Firefox/42.0"
24.143.115.216 - - [13/Dec/2015:21:30:05 -0800] "GET /images/star5.png HTTP/1.1" 200 1783 "http://whereshouldiski.com/styles/0fffd548.main.css" "Mozilla/5.0 (Macintosh; Intel Mac OS X 10.10; rv:42.0) Gecko/20100101 Firefox/42.0"
24.143.115.216 - - [13/Dec/2015:21:30:05 -0800] "GET /images/bluebird5.png HTTP/1.1" 200 2177 "http://whereshouldiski.com/styles/0fffd548.main.css" "Mozilla/5.0 (Macintosh; Intel Mac OS X 10.10; rv:42.0) Gecko/20100101 Firefox/42.0"
24.143.115.216 - - [13/Dec/2015:21:30:05 -0800] "GET /images/mtns-icon.png HTTP/1.1" 200 1096 "http://whereshouldiski.com/styles/0fffd548.main.css" "Mozilla/5.0 (Macintosh; Intel Mac OS X 10.10; rv:42.0) Gecko/20100101 Firefox/42.0"
24.143.115.216 - - [13/Dec/2015:21:30:05 -0800] "GET /images/shading-icon.png HTTP/1.1" 200 537 "http://whereshouldiski.com/styles/0fffd548.main.css" "Mozilla/5.0 (Macintosh; Intel Mac OS X 10.10; rv:42.0) Gecko/20100101 Firefox/42.0"
170.75.162.130 - - [13/Dec/2015:21:40:00 -0800] "GET /lib/reccapi.php?resort=mtrose HTTP/1.1" 200 1042 "-" "node-superagent/1.4.0"
123.125.71.23 - - [13/Dec/2015:21:42:05 -0800] "GET / HTTP/1.1" 200 2339 "-" "Mozilla/5.0 (Windows NT 5.1; rv:6.0.2) Gecko/20100101 Firefox/6.0.2"
123.125.71.27 - - [13/Dec/2015:21:42:05 -0800] "GET / HTTP/1.1" 200 6114 "-" "Mozilla/5.0 (Windows NT 5.1; rv:6.0.2) Gecko/20100101 Firefox/6.0.2"
67.180.222.14 - - [13/Dec/2015:21:43:20 -0800] "GET /images/wsis-logo-sm.png HTTP/1.1" 200 6108 "http://www.thebackcountry.net/" "Mozilla/5.0 (iPhone; CPU iPhone OS 9_2 like Mac OS X) AppleWebKit/601.1.46 (KHTML, like Gecko) Version/9.0 Mobile/13C75 Safari/601.1"
69.181.19.160 - - [13/Dec/2015:21:44:51 -0800] "GET /images/wsis-logo-sm.png HTTP/1.1" 200 6108 "http://www.thebackcountry.net/" "Mozilla/5.0 (Macintosh; Intel Mac OS X 10_11_1) AppleWebKit/601.2.7 (KHTML, like Gecko) Version/9.0.1 Safari/601.2.7"
75.111.103.91 - - [13/Dec/2015:21:48:25 -0800] "GET /images/wsis-logo-sm.png HTTP/1.1" 200 6108 "http://www.thebackcountry.net/" "Mozilla/5.0 (Windows NT 10.0; Win64; x64) AppleWebKit/537.36 (KHTML, like Gecko) Chrome/46.0.2490.86 Safari/537.36"
220.181.108.99 - - [13/Dec/2015:21:51:06 -0800] "GET / HTTP/1.1" 200 2339 "-" "Mozilla/5.0 (Windows NT 5.1; rv:6.0.2) Gecko/20100101 Firefox/6.0.2"
220.181.108.123 - - [13/Dec/2015:21:51:08 -0800] "GET / HTTP/1.1" 200 6114 "-" "Mozilla/5.0 (Windows NT 5.1; rv:6.0.2) Gecko/20100101 Firefox/6.0.2"
74.90.240.117 - - [13/Dec/2015:21:52:36 -0800] "GET / HTTP/1.1" 200 2376 "https://www.google.com/" "Mozilla/5.0 (Macintosh; Intel Mac OS X 10_10_5) AppleWebKit/537.36 (KHTML, like Gecko) Chrome/47.0.2526.80 Safari/537.36"
74.90.240.117 - - [13/Dec/2015:21:52:36 -0800] "GET /scripts/scripts/vendor/modernizr.js HTTP/1.1" 200 4903 "http://whereshouldiski.com/" "Mozilla/5.0 (Macintosh; Intel Mac OS X 10_10_5) AppleWebKit/537.36 (KHTML, like Gecko) Chrome/47.0.2526.80 Safari/537.36"
74.90.240.117 - - [13/Dec/2015:21:52:36 -0800] "GET /styles/0fffd548.main.css HTTP/1.1" 200 19316 "http://whereshouldiski.com/" "Mozilla/5.0 (Macintosh; Intel Mac OS X 10_10_5) AppleWebKit/537.36 (KHTML, like Gecko) Chrome/47.0.2526.80 Safari/537.36"
74.90.240.117 - - [13/Dec/2015:21:52:36 -0800] "GET /images/logo-sm.png HTTP/1.1" 200 16738 "http://whereshouldiski.com/" "Mozilla/5.0 (Macintosh; Intel Mac OS X 10_10_5) AppleWebKit/537.36 (KHTML, like Gecko) Chrome/47.0.2526.80 Safari/537.36"
74.90.240.117 - - [13/Dec/2015:21:52:36 -0800] "GET /images/loading.gif HTTP/1.1" 200 13882 "http://whereshouldiski.com/" "Mozilla/5.0 (Macintosh; Intel Mac OS X 10_10_5) AppleWebKit/537.36 (KHTML, like Gecko) Chrome/47.0.2526.80 Safari/537.36"
74.90.240.117 - - [13/Dec/2015:21:52:36 -0800] "GET /bower_components/requirejs/require.js HTTP/1.1" 200 6701 "http://whereshouldiski.com/" "Mozilla/5.0 (Macintosh; Intel Mac OS X 10_10_5) AppleWebKit/537.36 (KHTML, like Gecko) Chrome/47.0.2526.80 Safari/537.36"
74.90.240.117 - - [13/Dec/2015:21:52:36 -0800] "GET /favicon.ico HTTP/1.1" 200 1475 "http://whereshouldiski.com/" "Mozilla/5.0 (Macintosh; Intel Mac OS X 10_10_5) AppleWebKit/537.36 (KHTML, like Gecko) Chrome/47.0.2526.80 Safari/537.36"
74.90.240.117 - - [13/Dec/2015:21:52:37 -0800] "GET /scripts/fa48e319.main.js HTTP/1.1" 200 123455 "http://whereshouldiski.com/" "Mozilla/5.0 (Macintosh; Intel Mac OS X 10_10_5) AppleWebKit/537.36 (KHTML, like Gecko) Chrome/47.0.2526.80 Safari/537.36"
74.90.240.117 - - [13/Dec/2015:21:52:39 -0800] "GET /lib/reccapi.php?fields=t HTTP/1.1" 200 1895 "http://whereshouldiski.com/" "Mozilla/5.0 (Macintosh; Intel Mac OS X 10_10_5) AppleWebKit/537.36 (KHTML, like Gecko) Chrome/47.0.2526.80 Safari/537.36"
74.90.240.117 - - [13/Dec/2015:21:52:39 -0800] "GET /images/mtns-icon.png HTTP/1.1" 200 1096 "http://whereshouldiski.com/styles/0fffd548.main.css" "Mozilla/5.0 (Macintosh; Intel Mac OS X 10_10_5) AppleWebKit/537.36 (KHTML, like Gecko) Chrome/47.0.2526.80 Safari/537.36"
74.90.240.117 - - [13/Dec/2015:21:52:39 -0800] "GET /images/bluebird5.png HTTP/1.1" 200 2177 "http://whereshouldiski.com/styles/0fffd548.main.css" "Mozilla/5.0 (Macintosh; Intel Mac OS X 10_10_5) AppleWebKit/537.36 (KHTML, like Gecko) Chrome/47.0.2526.80 Safari/537.36"
74.90.240.117 - - [13/Dec/2015:21:52:39 -0800] "GET /images/star5.png HTTP/1.1" 200 1783 "http://whereshouldiski.com/styles/0fffd548.main.css" "Mozilla/5.0 (Macintosh; Intel Mac OS X 10_10_5) AppleWebKit/537.36 (KHTML, like Gecko) Chrome/47.0.2526.80 Safari/537.36"
74.90.240.117 - - [13/Dec/2015:21:52:39 -0800] "GET /images/snowflake5.png HTTP/1.1" 200 2857 "http://whereshouldiski.com/styles/0fffd548.main.css" "Mozilla/5.0 (Macintosh; Intel Mac OS X 10_10_5) AppleWebKit/537.36 (KHTML, like Gecko) Chrome/47.0.2526.80 Safari/537.36"
74.90.240.117 - - [13/Dec/2015:21:52:39 -0800] "GET /images/button.png HTTP/1.1" 200 599 "http://whereshouldiski.com/styles/0fffd548.main.css" "Mozilla/5.0 (Macintosh; Intel Mac OS X 10_10_5) AppleWebKit/537.36 (KHTML, like Gecko) Chrome/47.0.2526.80 Safari/537.36"
74.90.240.117 - - [13/Dec/2015:21:52:39 -0800] "GET /images/greyHeader.png HTTP/1.1" 200 508 "http://whereshouldiski.com/styles/0fffd548.main.css" "Mozilla/5.0 (Macintosh; Intel Mac OS X 10_10_5) AppleWebKit/537.36 (KHTML, like Gecko) Chrome/47.0.2526.80 Safari/537.36"
74.90.240.117 - - [13/Dec/2015:21:52:39 -0800] "GET /images/shading-icon.png HTTP/1.1" 200 536 "http://whereshouldiski.com/styles/0fffd548.main.css" "Mozilla/5.0 (Macintosh; Intel Mac OS X 10_10_5) AppleWebKit/537.36 (KHTML, like Gecko) Chrome/47.0.2526.80 Safari/537.36"
127.0.0.1 - - [13/Dec/2015:21:52:51 -0800] "OPTIONS * HTTP/1.0" 200 126 "-" "Apache/2.2.22 (Ubuntu) (internal dummy connection)"
71.105.96.245 - - [13/Dec/2015:21:58:31 -0800] "GET /images/wsis-logo-sm.png HTTP/1.1" 200 6108 "http://www.thebackcountry.net/" "Mozilla/5.0 (iPad; CPU OS 7_0_4 like Mac OS X) AppleWebKit/537.51.1 (KHTML, like Gecko) Version/7.0 Mobile/11B554a Safari/9537.53"
73.235.208.34 - - [13/Dec/2015:22:00:26 -0800] "GET /images/wsis-logo-sm.png HTTP/1.1" 200 6108 "http://www.thebackcountry.net/" "Mozilla/5.0 (iPad; CPU OS 9_1 like Mac OS X) AppleWebKit/601.1.46 (KHTML, like Gecko) Version/9.0 Mobile/13B143 Safari/601.1"
170.75.162.130 - - [13/Dec/2015:22:01:33 -0800] "GET /lib/reccapi.php?resort=taos HTTP/1.1" 200 971 "-" "node-superagent/1.4.0"
70.214.34.8 - - [13/Dec/2015:22:03:21 -0800] "GET /images/wsis-logo-sm.png HTTP/1.1" 200 6108 "http://www.thebackcountry.net/" "Mozilla/5.0 (iPhone; CPU iPhone OS 9_2 like Mac OS X) AppleWebKit/601.1.46 (KHTML, like Gecko) Version/9.0 Mobile/13C75 Safari/601.1"
170.75.162.130 - - [13/Dec/2015:22:04:13 -0800] "GET /lib/reccapi.php?resort=brianhead HTTP/1.1" 200 990 "-" "node-superagent/1.4.0"
170.75.162.130 - - [13/Dec/2015:22:04:13 -0800] "GET /lib/reccapi.php?resort=brighton HTTP/1.1" 200 962 "-" "node-superagent/1.4.0"
170.75.162.130 - - [13/Dec/2015:22:04:13 -0800] "GET /lib/reccapi.php?resort=deervalley HTTP/1.1" 200 1008 "-" "node-superagent/1.4.0"
170.75.162.130 - - [13/Dec/2015:22:04:13 -0800] "GET /lib/reccapi.php?resort=parkcity HTTP/1.1" 200 986 "-" "node-superagent/1.4.0"
170.75.162.130 - - [13/Dec/2015:22:04:13 -0800] "GET /lib/reccapi.php?resort=snowbasin HTTP/1.1" 200 967 "-" "node-superagent/1.4.0"
170.75.162.130 - - [13/Dec/2015:22:04:13 -0800] "GET /lib/reccapi.php?resort=snowbird HTTP/1.1" 200 962 "-" "node-superagent/1.4.0"
70.211.69.242 - - [13/Dec/2015:22:06:11 -0800] "GET /images/wsis-logo-sm.png HTTP/1.1" 200 6108 "http://www.thebackcountry.net/" "Mozilla/5.0 (iPhone; CPU iPhone OS 9_1 like Mac OS X) AppleWebKit/600.1.4 (KHTML, like Gecko) GSA/11.0.65374 Mobile/13B143 Safari/600.1.4"
108.214.96.242 - - [13/Dec/2015:22:12:09 -0800] "GET /images/wsis-logo-sm.png HTTP/1.1" 200 6108 "http://www.thebackcountry.net/" "Mozilla/5.0 (Linux; Android 5.1.1; SAMSUNG SM-N920T Build/LMY47X) AppleWebKit/537.36 (KHTML, like Gecko) SamsungBrowser/3.4 Chrome/38.0.2125.102 Mobile Safari/537.36"
188.68.224.62 - - [13/Dec/2015:22:14:13 -0800] "GET http://51.254.206.142/httptest.php HTTP/1.1" 404 448 "-" "-"
75.141.214.203 - - [13/Dec/2015:22:20:10 -0800] "GET /images/wsis-logo-sm.png HTTP/1.1" 200 6108 "http://www.thebackcountry.net/" "Mozilla/5.0 (Linux; Android 5.1.1; SM-G920V Build/LMY47X) AppleWebKit/537.36 (KHTML, like Gecko) Chrome/47.0.2526.83 Mobile Safari/537.36"
170.75.162.130 - - [13/Dec/2015:22:23:56 -0800] "GET /lib/reccapi.php?resort=heavenly HTTP/1.1" 200 1064 "-" "node-superagent/1.4.0"
73.170.36.85 - - [13/Dec/2015:22:29:18 -0800] "GET /images/wsis-logo-sm.png HTTP/1.1" 200 6108 "http://www.thebackcountry.net/" "Mozilla/5.0 (iPad; CPU OS 5_1_1 like Mac OS X) AppleWebKit/534.46 (KHTML, like Gecko) Version/5.1 Mobile/9B206 Safari/7534.48.3"
61.216.2.15 - - [13/Dec/2015:22:31:56 -0800] "GET / HTTP/1.1" 400 539 "-" "Mozilla/5.0 (Windows NT 6.3; WOW64) AppleWebKit/537.36 (KHTML, like Gecko) Chrome/45.0.2454.101 Safari/537.36"
71.132.197.150 - - [13/Dec/2015:22:37:32 -0800] "GET /images/wsis-logo-sm.png HTTP/1.1" 200 6108 "http://www.thebackcountry.net/" "Mozilla/5.0 (Macintosh; Intel Mac OS X 10_6_8) AppleWebKit/537.36 (KHTML, like Gecko) Chrome/47.0.2526.80 Safari/537.36"
40.140.35.66 - - [13/Dec/2015:22:43:16 -0800] "GET / HTTP/1.1" 200 2376 "https://search.yahoo.com/" "Mozilla/5.0 (Macintosh; Intel Mac OS X 10_11_1) AppleWebKit/537.36 (KHTML, like Gecko) Chrome/46.0.2490.86 Safari/537.36"
40.140.35.66 - - [13/Dec/2015:22:43:16 -0800] "GET /styles/0fffd548.main.css HTTP/1.1" 200 19316 "http://www.whereshouldiski.com/" "Mozilla/5.0 (Macintosh; Intel Mac OS X 10_11_1) AppleWebKit/537.36 (KHTML, like Gecko) Chrome/46.0.2490.86 Safari/537.36"
40.140.35.66 - - [13/Dec/2015:22:43:17 -0800] "GET /scripts/scripts/vendor/modernizr.js HTTP/1.1" 200 4903 "http://www.whereshouldiski.com/" "Mozilla/5.0 (Macintosh; Intel Mac OS X 10_11_1) AppleWebKit/537.36 (KHTML, like Gecko) Chrome/46.0.2490.86 Safari/537.36"
40.140.35.66 - - [13/Dec/2015:22:43:17 -0800] "GET /bower_components/requirejs/require.js HTTP/1.1" 200 6702 "http://www.whereshouldiski.com/" "Mozilla/5.0 (Macintosh; Intel Mac OS X 10_11_1) AppleWebKit/537.36 (KHTML, like Gecko) Chrome/46.0.2490.86 Safari/537.36"
40.140.35.66 - - [13/Dec/2015:22:43:17 -0800] "GET /images/logo-sm.png HTTP/1.1" 200 16738 "http://www.whereshouldiski.com/" "Mozilla/5.0 (Macintosh; Intel Mac OS X 10_11_1) AppleWebKit/537.36 (KHTML, like Gecko) Chrome/46.0.2490.86 Safari/537.36"
40.140.35.66 - - [13/Dec/2015:22:43:19 -0800] "GET /images/loading.gif HTTP/1.1" 200 13881 "http://www.whereshouldiski.com/" "Mozilla/5.0 (Macintosh; Intel Mac OS X 10_11_1) AppleWebKit/537.36 (KHTML, like Gecko) Chrome/46.0.2490.86 Safari/537.36"
40.140.35.66 - - [13/Dec/2015:22:43:19 -0800] "GET /scripts/fa48e319.main.js HTTP/1.1" 200 123455 "http://www.whereshouldiski.com/" "Mozilla/5.0 (Macintosh; Intel Mac OS X 10_11_1) AppleWebKit/537.36 (KHTML, like Gecko) Chrome/46.0.2490.86 Safari/537.36"
40.140.35.66 - - [13/Dec/2015:22:43:24 -0800] "GET /images/button.png HTTP/1.1" 200 598 "http://www.whereshouldiski.com/styles/0fffd548.main.css" "Mozilla/5.0 (Macintosh; Intel Mac OS X 10_11_1) AppleWebKit/537.36 (KHTML, like Gecko) Chrome/46.0.2490.86 Safari/537.36"
40.140.35.66 - - [13/Dec/2015:22:43:25 -0800] "GET /favicon.ico HTTP/1.1" 200 1476 "http://www.whereshouldiski.com/" "Mozilla/5.0 (Macintosh; Intel Mac OS X 10_11_1) AppleWebKit/537.36 (KHTML, like Gecko) Chrome/46.0.2490.86 Safari/537.36"
40.140.35.66 - - [13/Dec/2015:22:43:25 -0800] "GET /images/greyHeader.png HTTP/1.1" 200 508 "http://www.whereshouldiski.com/styles/0fffd548.main.css" "Mozilla/5.0 (Macintosh; Intel Mac OS X 10_11_1) AppleWebKit/537.36 (KHTML, like Gecko) Chrome/46.0.2490.86 Safari/537.36"
40.140.35.66 - - [13/Dec/2015:22:43:25 -0800] "GET /lib/reccapi.php?fields=t HTTP/1.1" 200 1896 "http://www.whereshouldiski.com/" "Mozilla/5.0 (Macintosh; Intel Mac OS X 10_11_1) AppleWebKit/537.36 (KHTML, like Gecko) Chrome/46.0.2490.86 Safari/537.36"
40.140.35.66 - - [13/Dec/2015:22:43:25 -0800] "GET /images/star5.png HTTP/1.1" 200 1783 "http://www.whereshouldiski.com/styles/0fffd548.main.css" "Mozilla/5.0 (Macintosh; Intel Mac OS X 10_11_1) AppleWebKit/537.36 (KHTML, like Gecko) Chrome/46.0.2490.86 Safari/537.36"
40.140.35.66 - - [13/Dec/2015:22:43:25 -0800] "GET /images/bluebird5.png HTTP/1.1" 200 2178 "http://www.whereshouldiski.com/styles/0fffd548.main.css" "Mozilla/5.0 (Macintosh; Intel Mac OS X 10_11_1) AppleWebKit/537.36 (KHTML, like Gecko) Chrome/46.0.2490.86 Safari/537.36"
40.140.35.66 - - [13/Dec/2015:22:43:25 -0800] "GET /images/snowflake5.png HTTP/1.1" 200 2857 "http://www.whereshouldiski.com/styles/0fffd548.main.css" "Mozilla/5.0 (Macintosh; Intel Mac OS X 10_11_1) AppleWebKit/537.36 (KHTML, like Gecko) Chrome/46.0.2490.86 Safari/537.36"
40.140.35.66 - - [13/Dec/2015:22:43:25 -0800] "GET /images/mtns-icon.png HTTP/1.1" 200 1097 "http://www.whereshouldiski.com/styles/0fffd548.main.css" "Mozilla/5.0 (Macintosh; Intel Mac OS X 10_11_1) AppleWebKit/537.36 (KHTML, like Gecko) Chrome/46.0.2490.86 Safari/537.36"
40.140.35.66 - - [13/Dec/2015:22:43:25 -0800] "GET /images/shading-icon.png HTTP/1.1" 200 537 "http://www.whereshouldiski.com/styles/0fffd548.main.css" "Mozilla/5.0 (Macintosh; Intel Mac OS X 10_11_1) AppleWebKit/537.36 (KHTML, like Gecko) Chrome/46.0.2490.86 Safari/537.36"
127.0.0.1 - - [13/Dec/2015:22:43:33 -0800] "OPTIONS * HTTP/1.0" 200 126 "-" "Apache/2.2.22 (Ubuntu) (internal dummy connection)"
220.181.108.82 - - [13/Dec/2015:22:43:41 -0800] "GET /images/loading.gif HTTP/1.1" 200 13845 "-" "Baiduspider-image+(+http://www.baidu.com/search/spider.htm)"
40.140.35.66 - - [13/Dec/2015:22:43:46 -0800] "-" 408 0 "-" "-"
127.0.0.1 - - [13/Dec/2015:22:43:48 -0800] "OPTIONS * HTTP/1.0" 200 126 "-" "Apache/2.2.22 (Ubuntu) (internal dummy connection)"
40.140.35.66 - - [13/Dec/2015:22:44:58 -0800] "GET /lib/reccapi.php?fields=t&region=Rockies HTTP/1.1" 200 1650 "http://www.whereshouldiski.com/" "Mozilla/5.0 (Macintosh; Intel Mac OS X 10_11_1) AppleWebKit/537.36 (KHTML, like Gecko) Chrome/46.0.2490.86 Safari/537.36"
40.140.35.66 - - [13/Dec/2015:22:44:58 -0800] "GET /images/greenHeader.png HTTP/1.1" 200 509 "http://www.whereshouldiski.com/styles/0fffd548.main.css" "Mozilla/5.0 (Macintosh; Intel Mac OS X 10_11_1) AppleWebKit/537.36 (KHTML, like Gecko) Chrome/46.0.2490.86 Safari/537.36"
40.140.35.66 - - [13/Dec/2015:22:46:07 -0800] "GET /lib/reccapi.php?fields=t HTTP/1.1" 200 1896 "http://www.whereshouldiski.com/" "Mozilla/5.0 (Macintosh; Intel Mac OS X 10_11_1) AppleWebKit/537.36 (KHTML, like Gecko) Chrome/46.0.2490.86 Safari/537.36"
40.140.35.66 - - [13/Dec/2015:22:46:23 -0800] "GET /lib/reccapi.php?fields=t&region=East HTTP/1.1" 200 1356 "http://www.whereshouldiski.com/" "Mozilla/5.0 (Macintosh; Intel Mac OS X 10_11_1) AppleWebKit/537.36 (KHTML, like Gecko) Chrome/46.0.2490.86 Safari/537.36"
127.0.0.1 - - [13/Dec/2015:22:46:23 -0800] "OPTIONS * HTTP/1.0" 200 126 "-" "Apache/2.2.22 (Ubuntu) (internal dummy connection)"
127.0.0.1 - - [13/Dec/2015:22:46:24 -0800] "OPTIONS * HTTP/1.0" 200 126 "-" "Apache/2.2.22 (Ubuntu) (internal dummy connection)"
127.0.0.1 - - [13/Dec/2015:22:46:25 -0800] "OPTIONS * HTTP/1.0" 200 126 "-" "Apache/2.2.22 (Ubuntu) (internal dummy connection)"
127.0.0.1 - - [13/Dec/2015:22:46:26 -0800] "OPTIONS * HTTP/1.0" 200 126 "-" "Apache/2.2.22 (Ubuntu) (internal dummy connection)"
40.140.35.66 - - [13/Dec/2015:22:46:29 -0800] "GET /lib/reccapi.php?fields=t HTTP/1.1" 200 1896 "http://www.whereshouldiski.com/" "Mozilla/5.0 (Macintosh; Intel Mac OS X 10_11_1) AppleWebKit/537.36 (KHTML, like Gecko) Chrome/46.0.2490.86 Safari/537.36"
40.140.35.66 - - [13/Dec/2015:22:46:35 -0800] "GET /lib/reccapi.php?fields=t&region=Rockies HTTP/1.1" 200 1650 "http://www.whereshouldiski.com/" "Mozilla/5.0 (Macintosh; Intel Mac OS X 10_11_1) AppleWebKit/537.36 (KHTML, like Gecko) Chrome/46.0.2490.86 Safari/537.36"
40.140.35.66 - - [13/Dec/2015:22:46:38 -0800] "GET /lib/reccapi.php?fields=t HTTP/1.1" 200 1895 "http://www.whereshouldiski.com/" "Mozilla/5.0 (Macintosh; Intel Mac OS X 10_11_1) AppleWebKit/537.36 (KHTML, like Gecko) Chrome/46.0.2490.86 Safari/537.36"
127.0.0.1 - - [13/Dec/2015:22:46:39 -0800] "OPTIONS * HTTP/1.0" 200 126 "-" "Apache/2.2.22 (Ubuntu) (internal dummy connection)"
127.0.0.1 - - [13/Dec/2015:22:46:40 -0800] "OPTIONS * HTTP/1.0" 200 126 "-" "Apache/2.2.22 (Ubuntu) (internal dummy connection)"
127.0.0.1 - - [13/Dec/2015:22:46:41 -0800] "OPTIONS * HTTP/1.0" 200 126 "-" "Apache/2.2.22 (Ubuntu) (internal dummy connection)"
127.0.0.1 - - [13/Dec/2015:22:46:46 -0800] "OPTIONS * HTTP/1.0" 200 126 "-" "Apache/2.2.22 (Ubuntu) (internal dummy connection)"
40.140.35.66 - - [13/Dec/2015:22:46:51 -0800] "GET /lib/reccapi.php?fields=t&region=PacificNW HTTP/1.1" 200 1592 "http://www.whereshouldiski.com/" "Mozilla/5.0 (Macintosh; Intel Mac OS X 10_11_1) AppleWebKit/537.36 (KHTML, like Gecko) Chrome/46.0.2490.86 Safari/537.36"
40.140.35.66 - - [13/Dec/2015:22:46:54 -0800] "GET /lib/reccapi.php?fields=t HTTP/1.1" 200 1895 "http://www.whereshouldiski.com/" "Mozilla/5.0 (Macintosh; Intel Mac OS X 10_11_1) AppleWebKit/537.36 (KHTML, like Gecko) Chrome/46.0.2490.86 Safari/537.36"
40.140.35.66 - - [13/Dec/2015:22:47:04 -0800] "GET /lib/reccapi.php?fields=t&region=Midwest HTTP/1.1" 200 1294 "http://www.whereshouldiski.com/" "Mozilla/5.0 (Macintosh; Intel Mac OS X 10_11_1) AppleWebKit/537.36 (KHTML, like Gecko) Chrome/46.0.2490.86 Safari/537.36"
40.140.35.66 - - [13/Dec/2015:22:47:10 -0800] "GET /lib/reccapi.php?fields=t HTTP/1.1" 200 1896 "http://www.whereshouldiski.com/" "Mozilla/5.0 (Macintosh; Intel Mac OS X 10_11_1) AppleWebKit/537.36 (KHTML, like Gecko) Chrome/46.0.2490.86 Safari/537.36"
40.140.35.66 - - [13/Dec/2015:22:47:20 -0800] "GET /lib/reccapi.php?fields=t&region=Southwest HTTP/1.1" 200 1354 "http://www.whereshouldiski.com/" "Mozilla/5.0 (Macintosh; Intel Mac OS X 10_11_1) AppleWebKit/537.36 (KHTML, like Gecko) Chrome/46.0.2490.86 Safari/537.36"
40.140.35.66 - - [13/Dec/2015:22:47:35 -0800] "GET /lib/reccapi.php?fields=t HTTP/1.1" 200 1896 "http://www.whereshouldiski.com/" "Mozilla/5.0 (Macintosh; Intel Mac OS X 10_11_1) AppleWebKit/537.36 (KHTML, like Gecko) Chrome/46.0.2490.86 Safari/537.36"
40.140.35.66 - - [13/Dec/2015:22:47:45 -0800] "GET /lib/reccapi.php?fields=t&state=CA HTTP/1.1" 200 1522 "http://www.whereshouldiski.com/" "Mozilla/5.0 (Macintosh; Intel Mac OS X 10_11_1) AppleWebKit/537.36 (KHTML, like Gecko) Chrome/46.0.2490.86 Safari/537.36"
40.140.35.66 - - [13/Dec/2015:22:48:28 -0800] "GET /lib/reccapi.php?fields=t HTTP/1.1" 200 1896 "http://www.whereshouldiski.com/" "Mozilla/5.0 (Macintosh; Intel Mac OS X 10_11_1) AppleWebKit/537.36 (KHTML, like Gecko) Chrome/46.0.2490.86 Safari/537.36"
40.140.35.66 - - [13/Dec/2015:22:48:34 -0800] "GET /lib/reccapi.php?fields=t&state=CO HTTP/1.1" 200 1494 "http://www.whereshouldiski.com/" "Mozilla/5.0 (Macintosh; Intel Mac OS X 10_11_1) AppleWebKit/537.36 (KHTML, like Gecko) Chrome/46.0.2490.86 Safari/537.36"
40.140.35.66 - - [13/Dec/2015:22:49:30 -0800] "GET /lib/reccapi.php?fields=t HTTP/1.1" 200 1896 "http://www.whereshouldiski.com/" "Mozilla/5.0 (Macintosh; Intel Mac OS X 10_11_1) AppleWebKit/537.36 (KHTML, like Gecko) Chrome/46.0.2490.86 Safari/537.36"
40.140.35.66 - - [13/Dec/2015:22:49:34 -0800] "GET /lib/reccapi.php?fields=t&state=ID HTTP/1.1" 200 1546 "http://www.whereshouldiski.com/" "Mozilla/5.0 (Macintosh; Intel Mac OS X 10_11_1) AppleWebKit/537.36 (KHTML, like Gecko) Chrome/46.0.2490.86 Safari/537.36"
40.140.35.66 - - [13/Dec/2015:22:50:20 -0800] "GET /lib/reccapi.php?fields=t HTTP/1.1" 200 1896 "http://www.whereshouldiski.com/" "Mozilla/5.0 (Macintosh; Intel Mac OS X 10_11_1) AppleWebKit/537.36 (KHTML, like Gecko) Chrome/46.0.2490.86 Safari/537.36"
40.140.35.66 - - [13/Dec/2015:22:50:34 -0800] "GET /lib/reccapi.php?fields=t&state=MN HTTP/1.1" 200 1032 "http://www.whereshouldiski.com/" "Mozilla/5.0 (Macintosh; Intel Mac OS X 10_11_1) AppleWebKit/537.36 (KHTML, like Gecko) Chrome/46.0.2490.86 Safari/537.36"
40.140.35.66 - - [13/Dec/2015:22:50:54 -0800] "GET /lib/reccapi.php?fields=t HTTP/1.1" 200 1896 "http://www.whereshouldiski.com/" "Mozilla/5.0 (Macintosh; Intel Mac OS X 10_11_1) AppleWebKit/537.36 (KHTML, like Gecko) Chrome/46.0.2490.86 Safari/537.36"
40.140.35.66 - - [13/Dec/2015:22:51:01 -0800] "GET /lib/reccapi.php?fields=t&state=MT HTTP/1.1" 200 1467 "http://www.whereshouldiski.com/" "Mozilla/5.0 (Macintosh; Intel Mac OS X 10_11_1) AppleWebKit/537.36 (KHTML, like Gecko) Chrome/46.0.2490.86 Safari/537.36"
180.76.15.135 - - [13/Dec/2015:22:51:06 -0800] "GET / HTTP/1.1" 200 6114 "-" "Mozilla/5.0 (compatible; Baiduspider/2.0; +http://www.baidu.com/search/spider.html)"
40.140.35.66 - - [13/Dec/2015:22:51:23 -0800] "-" 408 0 "-" "-"
180.76.15.31 - - [13/Dec/2015:22:51:32 -0800] "GET / HTTP/1.1" 200 6114 "-" "Mozilla/5.0 (compatible; Baiduspider/2.0; +http://www.baidu.com/search/spider.html)"
40.140.35.66 - - [13/Dec/2015:22:51:39 -0800] "GET /lib/reccapi.php?fields=t HTTP/1.1" 200 1896 "http://www.whereshouldiski.com/" "Mozilla/5.0 (Macintosh; Intel Mac OS X 10_11_1) AppleWebKit/537.36 (KHTML, like Gecko) Chrome/46.0.2490.86 Safari/537.36"
40.140.35.66 - - [13/Dec/2015:22:51:49 -0800] "GET /lib/reccapi.php?fields=t&state=NM HTTP/1.1" 200 1354 "http://www.whereshouldiski.com/" "Mozilla/5.0 (Macintosh; Intel Mac OS X 10_11_1) AppleWebKit/537.36 (KHTML, like Gecko) Chrome/46.0.2490.86 Safari/537.36"
40.140.35.66 - - [13/Dec/2015:22:51:57 -0800] "GET /lib/reccapi.php?fields=t HTTP/1.1" 200 1896 "http://www.whereshouldiski.com/" "Mozilla/5.0 (Macintosh; Intel Mac OS X 10_11_1) AppleWebKit/537.36 (KHTML, like Gecko) Chrome/46.0.2490.86 Safari/537.36"
40.140.35.66 - - [13/Dec/2015:22:52:03 -0800] "GET /lib/reccapi.php?fields=t&state=UT HTTP/1.1" 200 1476 "http://www.whereshouldiski.com/" "Mozilla/5.0 (Macintosh; Intel Mac OS X 10_11_1) AppleWebKit/537.36 (KHTML, like Gecko) Chrome/46.0.2490.86 Safari/537.36"
40.140.35.66 - - [13/Dec/2015:22:52:48 -0800] "GET /lib/reccapi.php?fields=t HTTP/1.1" 200 1896 "http://www.whereshouldiski.com/" "Mozilla/5.0 (Macintosh; Intel Mac OS X 10_11_1) AppleWebKit/537.36 (KHTML, like Gecko) Chrome/46.0.2490.86 Safari/537.36"
75.142.44.77 - - [13/Dec/2015:23:18:48 -0800] "GET /images/wsis-logo-sm.png HTTP/1.1" 200 6108 "http://www.thebackcountry.net/" "Mozilla/5.0 (iPhone; CPU iPhone OS 9_2 like Mac OS X) AppleWebKit/601.1.46 (KHTML, like Gecko) Version/9.0 Mobile/13C75 Safari/601.1"
170.75.162.130 - - [13/Dec/2015:23:21:33 -0800] "GET /lib/reccapi.php?resort=northstar-at-tahoe HTTP/1.1" 200 1053 "-" "node-superagent/1.4.0"
162.224.80.138 - - [13/Dec/2015:23:22:10 -0800] "GET /images/wsis-logo-sm.png HTTP/1.1" 200 6108 "http://www.thebackcountry.net/" "Mozilla/5.0 (iPad; CPU OS 9_1 like Mac OS X) AppleWebKit/601.1.46 (KHTML, like Gecko) Version/9.0 Mobile/13B143 Safari/601.1"
75.111.97.163 - - [13/Dec/2015:23:28:21 -0800] "GET /images/wsis-logo-sm.png HTTP/1.1" 200 6108 "http://www.thebackcountry.net/" "Mozilla/5.0 (Macintosh; Intel Mac OS X 10_10_5) AppleWebKit/537.36 (KHTML, like Gecko) Chrome/47.0.2526.80 Safari/537.36"
123.125.71.26 - - [13/Dec/2015:23:41:51 -0800] "GET / HTTP/1.1" 200 2339 "-" "Mozilla/5.0 (Windows NT 5.1; rv:6.0.2) Gecko/20100101 Firefox/6.0.2"
123.125.71.49 - - [13/Dec/2015:23:41:52 -0800] "GET / HTTP/1.1" 200 6114 "-" "Mozilla/5.0 (Windows NT 5.1; rv:6.0.2) Gecko/20100101 Firefox/6.0.2"
220.181.108.97 - - [13/Dec/2015:23:50:20 -0800] "GET / HTTP/1.1" 200 2339 "-" "Mozilla/5.0 (Windows NT 5.1; rv:6.0.2) Gecko/20100101 Firefox/6.0.2"
220.181.108.92 - - [13/Dec/2015:23:50:37 -0800] "GET / HTTP/1.1" 200 6114 "-" "Mozilla/5.0 (Windows NT 5.1; rv:6.0.2) Gecko/20100101 Firefox/6.0.2"
66.249.64.53 - - [14/Dec/2015:00:05:15 -0800] "GET / HTTP/1.1" 200 2376 "-" "Mozilla/5.0 (iPhone; CPU iPhone OS 8_3 like Mac OS X) AppleWebKit/600.1.4 (KHTML, like Gecko) Version/8.0 Mobile/12F70 Safari/600.1.4 (compatible; Googlebot/2.1; +http://www.google.com/bot.html)"
170.75.162.130 - - [14/Dec/2015:00:08:39 -0800] "GET /lib/reccapi.php?resort=kirkwood HTTP/1.1" 200 1066 "-" "node-superagent/1.4.0"
170.75.162.130 - - [14/Dec/2015:00:08:59 -0800] "GET /lib/reccapi.php?resort=sugarbowl HTTP/1.1" 200 1046 "-" "node-superagent/1.4.0"
66.249.64.48 - - [14/Dec/2015:00:10:35 -0800] "GET /styles/0fffd548.main.css HTTP/1.1" 200 19317 "-" "Mozilla/5.0 (compatible; Googlebot/2.1; +http://www.google.com/bot.html)"
170.75.162.130 - - [14/Dec/2015:00:14:00 -0800] "GET /lib/reccapi.php?resort=angelfire HTTP/1.1" 200 1009 "-" "node-superagent/1.4.0"
108.61.205.28 - - [14/Dec/2015:00:31:44 -0800] "GET / HTTP/1.1" 200 2320 "-" "Scrapy/1.0.3 (+http://scrapy.org)"
180.76.15.27 - - [14/Dec/2015:00:32:07 -0800] "GET /robots.txt HTTP/1.1" 200 382 "-" "Mozilla/5.0 (Windows NT 5.1; rv:6.0.2) Gecko/20100101 Firefox/6.0.2"
180.76.15.34 - - [14/Dec/2015:00:33:33 -0800] "GET / HTTP/1.1" 200 2339 "-" "Mozilla/5.0 (compatible; Baiduspider/2.0; +http://www.baidu.com/search/spider.html)"
176.97.116.171 - - [14/Dec/2015:00:41:38 -0800] "GET / HTTP/1.1" 200 6151 "-" "-"
176.97.116.171 - - [14/Dec/2015:00:41:39 -0800] "GET /xmlrpc.php HTTP/1.1" 404 476 "-" "-"
176.97.116.171 - - [14/Dec/2015:00:41:39 -0800] "HEAD /wp-login.php HTTP/1.1" 404 163 "-" "-"
123.125.71.54 - - [14/Dec/2015:00:42:23 -0800] "GET / HTTP/1.1" 200 2339 "-" "Mozilla/5.0 (Windows NT 5.1; rv:6.0.2) Gecko/20100101 Firefox/6.0.2"
123.125.71.57 - - [14/Dec/2015:00:42:28 -0800] "GET / HTTP/1.1" 200 6114 "-" "Mozilla/5.0 (Windows NT 5.1; rv:6.0.2) Gecko/20100101 Firefox/6.0.2"
170.75.162.130 - - [14/Dec/2015:00:44:44 -0800] "GET /lib/reccapi.php?resort=sunvalley HTTP/1.1" 200 1050 "-" "node-superagent/1.4.0"
157.55.2.140 - - [14/Dec/2015:00:46:00 -0800] "GET /images/wsis-logo-sm.png HTTP/1.1" 200 6052 "http://www.thebackcountry.net/" "Mozilla/5.0 (iPhone; CPU iPhone OS 7_0 like Mac OS X) AppleWebKit/537.51.1 (KHTML, like Gecko) Version/7.0 Mobile/11A465 Safari/9537.53 BingPreview/1.0b"
66.249.64.8 - - [14/Dec/2015:00:53:11 -0800] "GET /images/wsis-logo-sm.png HTTP/1.1" 304 187 "-" "Googlebot-Image/1.0"
220.181.108.114 - - [14/Dec/2015:00:54:42 -0800] "GET / HTTP/1.1" 200 2339 "-" "Mozilla/5.0 (Windows NT 5.1; rv:6.0.2) Gecko/20100101 Firefox/6.0.2"
220.181.108.82 - - [14/Dec/2015:00:54:42 -0800] "GET / HTTP/1.1" 200 6114 "-" "Mozilla/5.0 (Windows NT 5.1; rv:6.0.2) Gecko/20100101 Firefox/6.0.2"
207.46.13.190 - - [14/Dec/2015:00:55:09 -0800] "GET /robots.txt HTTP/1.1" 200 375 "-" "Mozilla/5.0 (compatible; bingbot/2.0; +http://www.bing.com/bingbot.htm)"
207.46.13.190 - - [14/Dec/2015:00:55:19 -0800] "GET /robots.txt HTTP/1.1" 200 419 "-" "Mozilla/5.0 (compatible; bingbot/2.0; +http://www.bing.com/bingbot.htm)"
170.75.162.130 - - [14/Dec/2015:00:59:15 -0800] "GET /lib/reccapi.php?resort=crystalmountain HTTP/1.1" 200 1084 "-" "node-superagent/1.4.0"
170.75.162.130 - - [14/Dec/2015:01:00:05 -0800] "GET /lib/reccapi.php?resort=mounthoodmeadows HTTP/1.1" 200 1126 "-" "node-superagent/1.4.0"
170.75.162.130 - - [14/Dec/2015:01:00:05 -0800] "GET /lib/reccapi.php?resort=stevenspass HTTP/1.1" 200 1047 "-" "node-superagent/1.4.0"
170.75.162.130 - - [14/Dec/2015:01:00:46 -0800] "GET /lib/reccapi.php?resort=jaypeak HTTP/1.1" 200 1090 "-" "node-superagent/1.4.0"
170.75.162.130 - - [14/Dec/2015:01:19:28 -0800] "GET /lib/reccapi.php?resort=chinapeak HTTP/1.1" 200 1029 "-" "node-superagent/1.4.0"
170.75.162.130 - - [14/Dec/2015:01:37:30 -0800] "GET /lib/reccapi.php?resort=sugarbush HTTP/1.1" 200 1062 "-" "node-superagent/1.4.0"
180.76.15.140 - - [14/Dec/2015:01:39:11 -0800] "GET / HTTP/1.1" 200 6114 "-" "Mozilla/5.0 (compatible; Baiduspider/2.0; +http://www.baidu.com/search/spider.html)"
180.76.15.33 - - [14/Dec/2015:01:39:50 -0800] "GET / HTTP/1.1" 200 6114 "-" "Mozilla/5.0 (compatible; Baiduspider/2.0; +http://www.baidu.com/search/spider.html)"
123.125.71.12 - - [14/Dec/2015:01:45:36 -0800] "GET / HTTP/1.1" 200 2339 "-" "Mozilla/5.0 (Windows NT 5.1; rv:6.0.2) Gecko/20100101 Firefox/6.0.2"
123.125.71.13 - - [14/Dec/2015:01:45:37 -0800] "GET / HTTP/1.1" 200 6114 "-" "Mozilla/5.0 (Windows NT 5.1; rv:6.0.2) Gecko/20100101 Firefox/6.0.2"
5.28.189.203 - - [14/Dec/2015:01:47:48 -0800] "GET /images/wsis-logo-sm.png HTTP/1.1" 200 6108 "http://www.thebackcountry.net/" "Mozilla/5.0 (iPod touch; CPU iPhone OS 9_1 like Mac OS X) AppleWebKit/601.1.46 (KHTML, like Gecko) Version/9.0 Mobile/13B143 Safari/601.1"
220.181.108.93 - - [14/Dec/2015:01:56:11 -0800] "GET / HTTP/1.1" 200 2339 "-" "Mozilla/5.0 (Windows NT 5.1; rv:6.0.2) Gecko/20100101 Firefox/6.0.2"
220.181.108.163 - - [14/Dec/2015:01:56:16 -0800] "GET / HTTP/1.1" 200 6114 "-" "Mozilla/5.0 (Windows NT 5.1; rv:6.0.2) Gecko/20100101 Firefox/6.0.2"
170.75.162.130 - - [14/Dec/2015:01:58:23 -0800] "GET /lib/reccapi.php?resort=alyeska HTTP/1.1" 200 1004 "-" "node-superagent/1.4.0"
40.77.167.67 - - [14/Dec/2015:01:58:39 -0800] "GET /robots.txt HTTP/1.1" 200 375 "-" "Mozilla/5.0 (compatible; bingbot/2.0; +http://www.bing.com/bingbot.htm)"
40.77.167.67 - - [14/Dec/2015:01:58:41 -0800] "GET / HTTP/1.1" 200 2376 "-" "Mozilla/5.0 (compatible; bingbot/2.0; +http://www.bing.com/bingbot.htm)"
170.75.162.130 - - [14/Dec/2015:01:59:23 -0800] "GET /lib/reccapi.php?resort=alta HTTP/1.1" 200 1052 "-" "node-superagent/1.4.0"
170.75.162.130 - - [14/Dec/2015:02:00:03 -0800] "GET /lib/reccapi.php?resort=squawvalleyusa HTTP/1.1" 200 1095 "-" "node-superagent/1.4.0"
170.75.162.130 - - [14/Dec/2015:02:07:44 -0800] "GET /lib/reccapi.php?resort=hoodoo HTTP/1.1" 200 1069 "-" "node-superagent/1.4.0"
170.75.162.130 - - [14/Dec/2015:02:08:34 -0800] "GET /lib/reccapi.php?resort=jacksonhole HTTP/1.1" 200 1065 "-" "node-superagent/1.4.0"
170.75.162.130 - - [14/Dec/2015:02:08:44 -0800] "GET /lib/reccapi.php?resort=bigsky HTTP/1.1" 200 1092 "-" "node-superagent/1.4.0"
170.75.162.130 - - [14/Dec/2015:02:10:34 -0800] "GET /lib/reccapi.php?resort=49degreesnorth HTTP/1.1" 200 1024 "-" "node-superagent/1.4.0"
170.75.162.130 - - [14/Dec/2015:02:10:34 -0800] "GET /lib/reccapi.php?resort=arapahoebasin HTTP/1.1" 200 1096 "-" "node-superagent/1.4.0"
170.75.162.130 - - [14/Dec/2015:02:10:34 -0800] "GET /lib/reccapi.php?resort=alpinemeadows HTTP/1.1" 200 1050 "-" "node-superagent/1.4.0"
170.75.162.130 - - [14/Dec/2015:02:10:35 -0800] "GET /lib/reccapi.php?resort=aspenheights HTTP/1.1" 200 1062 "-" "node-superagent/1.4.0"
170.75.162.130 - - [14/Dec/2015:02:10:35 -0800] "GET /lib/reccapi.php?resort=aspenmountain HTTP/1.1" 200 1051 "-" "node-superagent/1.4.0"
170.75.162.130 - - [14/Dec/2015:02:10:35 -0800] "GET /lib/reccapi.php?resort=bigwhite HTTP/1.1" 200 923 "-" "node-superagent/1.4.0"
170.75.162.130 - - [14/Dec/2015:02:10:35 -0800] "GET /lib/reccapi.php?resort=brianhead HTTP/1.1" 200 1129 "-" "node-superagent/1.4.0"
170.75.162.130 - - [14/Dec/2015:02:10:35 -0800] "GET /lib/reccapi.php?resort=brighton HTTP/1.1" 200 1076 "-" "node-superagent/1.4.0"
170.75.162.130 - - [14/Dec/2015:02:10:35 -0800] "GET /lib/reccapi.php?resort=buttermilk HTTP/1.1" 200 1044 "-" "node-superagent/1.4.0"
170.75.162.130 - - [14/Dec/2015:02:10:35 -0800] "GET /lib/reccapi.php?resort=cannonmountain HTTP/1.1" 200 1065 "-" "node-superagent/1.4.0"
170.75.162.130 - - [14/Dec/2015:02:10:35 -0800] "GET /lib/reccapi.php?resort=coppermountain HTTP/1.1" 200 1082 "-" "node-superagent/1.4.0"
170.75.162.130 - - [14/Dec/2015:02:10:35 -0800] "GET /lib/reccapi.php?resort=crestedbutte HTTP/1.1" 200 1042 "-" "node-superagent/1.4.0"
170.75.162.130 - - [14/Dec/2015:02:11:34 -0800] "GET /lib/reccapi.php?resort=diamondpeak HTTP/1.1" 200 1030 "-" "node-superagent/1.4.0"
170.75.162.130 - - [14/Dec/2015:02:11:34 -0800] "GET /lib/reccapi.php?resort=grandtarghee HTTP/1.1" 200 1098 "-" "node-superagent/1.4.0"
170.75.162.130 - - [14/Dec/2015:02:11:34 -0800] "GET /lib/reccapi.php?resort=devilshead HTTP/1.1" 200 1075 "-" "node-superagent/1.4.0"
170.75.162.130 - - [14/Dec/2015:02:11:34 -0800] "GET /lib/reccapi.php?resort=madriverglen HTTP/1.1" 200 1061 "-" "node-superagent/1.4.0"
170.75.162.130 - - [14/Dec/2015:02:11:34 -0800] "GET /lib/reccapi.php?resort=killington HTTP/1.1" 200 1036 "-" "node-superagent/1.4.0"
170.75.162.130 - - [14/Dec/2015:02:11:34 -0800] "GET /lib/reccapi.php?resort=mammothmountain HTTP/1.1" 200 1092 "-" "node-superagent/1.4.0"
170.75.162.130 - - [14/Dec/2015:02:11:34 -0800] "GET /lib/reccapi.php?resort=mountspokane HTTP/1.1" 200 1020 "-" "node-superagent/1.4.0"
170.75.162.130 - - [14/Dec/2015:02:11:34 -0800] "GET /lib/reccapi.php?resort=mountbachelor HTTP/1.1" 200 1042 "-" "node-superagent/1.4.0"
170.75.162.130 - - [14/Dec/2015:02:11:34 -0800] "GET /lib/reccapi.php?resort=monarch HTTP/1.1" 200 1065 "-" "node-superagent/1.4.0"
