127.0.0.1 - - [16/Aug/2015:06:40:53 -0700] "OPTIONS * HTTP/1.0" 200 126 "-" "Apache/2.2.22 (Ubuntu) (internal dummy connection)"
127.0.0.1 - - [16/Aug/2015:06:40:53 -0700] "OPTIONS * HTTP/1.0" 200 126 "-" "Apache/2.2.22 (Ubuntu) (internal dummy connection)"
127.0.0.1 - - [16/Aug/2015:06:40:53 -0700] "OPTIONS * HTTP/1.0" 200 126 "-" "Apache/2.2.22 (Ubuntu) (internal dummy connection)"
127.0.0.1 - - [16/Aug/2015:06:40:53 -0700] "OPTIONS * HTTP/1.0" 200 126 "-" "Apache/2.2.22 (Ubuntu) (internal dummy connection)"
127.0.0.1 - - [16/Aug/2015:06:40:53 -0700] "OPTIONS * HTTP/1.0" 200 126 "-" "Apache/2.2.22 (Ubuntu) (internal dummy connection)"
127.0.0.1 - - [16/Aug/2015:06:40:53 -0700] "OPTIONS * HTTP/1.0" 200 126 "-" "Apache/2.2.22 (Ubuntu) (internal dummy connection)"
216.64.155.66 - - [16/Aug/2015:06:43:34 -0700] "GET /images/wsis-logo-sm.png HTTP/1.1" 200 6108 "http://www.thebackcountry.net/" "Mozilla/5.0 (iPad; CPU OS 8_1_3 like Mac OS X) AppleWebKit/600.1.4 (KHTML, like Gecko) CriOS/44.0.2403.67 Mobile/12B466 Safari/600.1.4"
180.76.15.33 - - [16/Aug/2015:06:51:00 -0700] "GET / HTTP/1.1" 200 6114 "-" "Mozilla/5.0 (compatible; Baiduspider/2.0; +http://www.baidu.com/search/spider.html)"
180.76.15.13 - - [16/Aug/2015:06:52:08 -0700] "GET / HTTP/1.1" 200 6114 "-" "Mozilla/5.0 (compatible; Baiduspider/2.0; +http://www.baidu.com/search/spider.html)"
123.125.71.89 - - [16/Aug/2015:07:07:38 -0700] "-" 408 0 "-" "-"
37.228.196.3 - - [16/Aug/2015:07:08:54 -0700] "GET /images/wsis-logo-sm.png HTTP/1.1" 200 6108 "http://www.thebackcountry.net/" "Mozilla/5.0 (Windows NT 6.3; WOW64) AppleWebKit/537.36 (KHTML, like Gecko) Chrome/44.0.2403.155 Safari/537.36"
220.181.108.159 - - [16/Aug/2015:07:14:43 -0700] "-" 408 0 "-" "-"
170.75.162.130 - - [16/Aug/2015:07:37:42 -0700] "GET /lib/reccapi.php?resort=mtrose HTTP/1.1" 200 653 "-" "node-superagent/0.18.2"
68.190.191.207 - - [16/Aug/2015:07:39:19 -0700] "GET /images/wsis-logo-sm.png HTTP/1.1" 200 6108 "http://www.thebackcountry.net/" "Mozilla/5.0 (iPad; CPU OS 8_2 like Mac OS X) AppleWebKit/600.1.4 (KHTML, like Gecko) Version/8.0 Mobile/12D508 Safari/600.1.4"
24.10.53.251 - - [16/Aug/2015:07:45:41 -0700] "GET /images/wsis-logo-sm.png HTTP/1.1" 200 6108 "http://www.thebackcountry.net/" "Mozilla/5.0 (Linux; Android 5.0.1; VS985 4G Build/LRX21Y) AppleWebKit/537.36 (KHTML, like Gecko) Chrome/44.0.2403.133 Mobile Safari/537.36"
180.76.15.21 - - [16/Aug/2015:07:46:45 -0700] "GET / HTTP/1.1" 200 6114 "-" "Mozilla/5.0 (compatible; Baiduspider/2.0; +http://www.baidu.com/search/spider.html)"
180.76.15.154 - - [16/Aug/2015:07:47:50 -0700] "GET / HTTP/1.1" 200 6114 "-" "Mozilla/5.0 (compatible; Baiduspider/2.0; +http://www.baidu.com/search/spider.html)"
130.211.176.29 - - [16/Aug/2015:07:48:51 -0700] "GET / HTTP/1.0" 200 6151 "-" "NerdyBot"
170.75.162.130 - - [16/Aug/2015:07:49:33 -0700] "GET /lib/reccapi.php?resort=alta HTTP/1.1" 200 655 "-" "node-superagent/0.18.2"
170.75.162.130 - - [16/Aug/2015:07:49:33 -0700] "GET /lib/reccapi.php?resort=killington HTTP/1.1" 200 667 "-" "node-superagent/0.18.2"
170.75.162.130 - - [16/Aug/2015:07:49:33 -0700] "GET /lib/reccapi.php?resort=sugarloaf HTTP/1.1" 200 665 "-" "node-superagent/0.18.2"
200.112.255.218 - - [16/Aug/2015:07:58:51 -0700] "GET /images/wsis-logo-sm.png HTTP/1.1" 200 6108 "http://thebackcountry.net/" "Mozilla/5.0 (Windows NT 6.1; WOW64) AppleWebKit/537.36 (KHTML, like Gecko) Chrome/36.0.1985.143 Safari/537.36"
123.125.71.106 - - [16/Aug/2015:08:04:08 -0700] "-" 408 0 "-" "-"
220.181.108.181 - - [16/Aug/2015:08:09:59 -0700] "-" 408 0 "-" "-"
15.219.153.74 - - [16/Aug/2015:08:19:43 -0700] "GET /images/wsis-logo-sm.png HTTP/1.1" 200 6108 "http://www.thebackcountry.net/" "Mozilla/5.0 (Windows NT 6.1; WOW64) AppleWebKit/537.36 (KHTML, like Gecko) Chrome/44.0.2403.155 Safari/537.36"
69.35.160.252 - - [16/Aug/2015:08:38:53 -0700] "GET /images/wsis-logo-sm.png HTTP/1.1" 200 6108 "http://www.thebackcountry.net/" "Mozilla/5.0 (Windows NT 6.3; WOW64; Trident/7.0; MAGWJS; rv:11.0) like Gecko"
180.76.15.139 - - [16/Aug/2015:08:42:12 -0700] "GET / HTTP/1.1" 200 6114 "-" "Mozilla/5.0 (compatible; Baiduspider/2.0; +http://www.baidu.com/search/spider.html)"
180.76.15.22 - - [16/Aug/2015:08:43:02 -0700] "GET / HTTP/1.1" 200 6114 "-" "Mozilla/5.0 (compatible; Baiduspider/2.0; +http://www.baidu.com/search/spider.html)"
207.192.252.26 - - [16/Aug/2015:09:04:53 -0700] "GET /images/wsis-logo-sm.png HTTP/1.1" 200 6108 "http://www.thebackcountry.net/" "Mozilla/5.0 (Windows NT 6.3; Win64; x64; Trident/7.0; Touch; TNJB; rv:11.0) like Gecko"
207.192.252.26 - - [16/Aug/2015:09:05:14 -0700] "-" 408 0 "-" "-"
123.125.71.72 - - [16/Aug/2015:09:06:29 -0700] "-" 408 0 "-" "-"
220.181.108.155 - - [16/Aug/2015:09:13:15 -0700] "-" 408 0 "-" "-"
170.75.162.130 - - [16/Aug/2015:09:19:50 -0700] "GET /lib/reccapi.php?resort=sunvalley HTTP/1.1" 200 678 "-" "node-superagent/0.18.2"
170.75.162.130 - - [16/Aug/2015:09:19:50 -0700] "GET /lib/reccapi.php?resort=schweitzer HTTP/1.1" 200 659 "-" "node-superagent/0.18.2"
207.192.245.28 - - [16/Aug/2015:09:31:31 -0700] "GET /images/wsis-logo-sm.png HTTP/1.1" 200 6108 "http://www.thebackcountry.net/" "Mozilla/5.0 (iPhone; CPU iPhone OS 8_4_1 like Mac OS X) AppleWebKit/600.1.4 (KHTML, like Gecko) GSA/7.0.55539 Mobile/12H321 Safari/600.1.4"
108.206.119.23 - - [16/Aug/2015:09:34:05 -0700] "GET /images/wsis-logo-sm.png HTTP/1.1" 200 6108 "http://www.thebackcountry.net/" "Mozilla/5.0 (Windows NT 10.0; Win64; x64) AppleWebKit/537.36 (KHTML, like Gecko) Chrome/42.0.2311.135 Safari/537.36 Edge/12.10240"
46.148.18.122 - - [16/Aug/2015:09:34:07 -0700] "GET / HTTP/1.1" 200 6095 "-" "-"
46.148.18.122 - - [16/Aug/2015:09:34:09 -0700] "GET /tmUnblock.cgi HTTP/1.1" 404 474 "-" "-"
46.148.18.122 - - [16/Aug/2015:09:34:11 -0700] "GET /hndUnblock.cgi HTTP/1.1" 404 475 "-" "-"
108.206.119.23 - - [16/Aug/2015:09:34:26 -0700] "-" 408 0 "-" "-"
199.200.28.62 - - [16/Aug/2015:09:35:22 -0700] "GET / HTTP/1.1" 200 2376 "-" "Mozilla/5.0 (Windows NT 6.3; WOW64; rv:39.0) Gecko/20100101 Firefox/39.0"
199.200.28.62 - - [16/Aug/2015:09:35:23 -0700] "GET /styles/0fffd548.main.css HTTP/1.1" 200 19316 "http://whereshouldiski.com/" "Mozilla/5.0 (Windows NT 6.3; WOW64; rv:39.0) Gecko/20100101 Firefox/39.0"
199.200.28.62 - - [16/Aug/2015:09:35:23 -0700] "GET /scripts/scripts/vendor/modernizr.js HTTP/1.1" 200 4903 "http://whereshouldiski.com/" "Mozilla/5.0 (Windows NT 6.3; WOW64; rv:39.0) Gecko/20100101 Firefox/39.0"
199.200.28.62 - - [16/Aug/2015:09:35:23 -0700] "GET /bower_components/requirejs/require.js HTTP/1.1" 200 6702 "http://whereshouldiski.com/" "Mozilla/5.0 (Windows NT 6.3; WOW64; rv:39.0) Gecko/20100101 Firefox/39.0"
199.200.28.62 - - [16/Aug/2015:09:35:23 -0700] "GET /images/logo-sm.png HTTP/1.1" 200 16737 "http://whereshouldiski.com/" "Mozilla/5.0 (Windows NT 6.3; WOW64; rv:39.0) Gecko/20100101 Firefox/39.0"
199.200.28.62 - - [16/Aug/2015:09:35:23 -0700] "GET /images/loading.gif HTTP/1.1" 200 13882 "http://whereshouldiski.com/" "Mozilla/5.0 (Windows NT 6.3; WOW64; rv:39.0) Gecko/20100101 Firefox/39.0"
199.200.28.62 - - [16/Aug/2015:09:35:23 -0700] "GET /scripts/fa48e319.main.js HTTP/1.1" 200 123455 "http://whereshouldiski.com/" "Mozilla/5.0 (Windows NT 6.3; WOW64; rv:39.0) Gecko/20100101 Firefox/39.0"
199.200.28.62 - - [16/Aug/2015:09:35:24 -0700] "GET /images/greyHeader.png HTTP/1.1" 200 508 "http://whereshouldiski.com/styles/0fffd548.main.css" "Mozilla/5.0 (Windows NT 6.3; WOW64; rv:39.0) Gecko/20100101 Firefox/39.0"
199.200.28.62 - - [16/Aug/2015:09:35:24 -0700] "GET /lib/reccapi.php?fields=t HTTP/1.1" 200 1167 "http://whereshouldiski.com/" "Mozilla/5.0 (Windows NT 6.3; WOW64; rv:39.0) Gecko/20100101 Firefox/39.0"
199.200.28.62 - - [16/Aug/2015:09:35:25 -0700] "GET /images/star5.png HTTP/1.1" 200 1783 "http://whereshouldiski.com/styles/0fffd548.main.css" "Mozilla/5.0 (Windows NT 6.3; WOW64; rv:39.0) Gecko/20100101 Firefox/39.0"
199.200.28.62 - - [16/Aug/2015:09:35:25 -0700] "GET /images/snowflake5.png HTTP/1.1" 200 2857 "http://whereshouldiski.com/styles/0fffd548.main.css" "Mozilla/5.0 (Windows NT 6.3; WOW64; rv:39.0) Gecko/20100101 Firefox/39.0"
199.200.28.62 - - [16/Aug/2015:09:35:25 -0700] "GET /images/shading-icon.png HTTP/1.1" 200 537 "http://whereshouldiski.com/styles/0fffd548.main.css" "Mozilla/5.0 (Windows NT 6.3; WOW64; rv:39.0) Gecko/20100101 Firefox/39.0"
199.200.28.62 - - [16/Aug/2015:09:35:25 -0700] "GET /images/bluebird5.png HTTP/1.1" 200 2177 "http://whereshouldiski.com/styles/0fffd548.main.css" "Mozilla/5.0 (Windows NT 6.3; WOW64; rv:39.0) Gecko/20100101 Firefox/39.0"
199.200.28.62 - - [16/Aug/2015:09:35:25 -0700] "GET /images/mtns-icon.png HTTP/1.1" 200 1096 "http://whereshouldiski.com/styles/0fffd548.main.css" "Mozilla/5.0 (Windows NT 6.3; WOW64; rv:39.0) Gecko/20100101 Firefox/39.0"
199.200.28.62 - - [16/Aug/2015:09:35:25 -0700] "GET /favicon.ico HTTP/1.1" 200 1475 "-" "Mozilla/5.0 (Windows NT 6.3; WOW64; rv:39.0) Gecko/20100101 Firefox/39.0"
108.206.119.23 - - [16/Aug/2015:09:36:13 -0700] "-" 408 0 "-" "-"
182.118.60.80 - - [16/Aug/2015:09:38:57 -0700] "GET / HTTP/1.1" 200 2320 "-" "Mozilla/5.0 (Macintosh; Intel Mac OS X 10_10_1) AppleWebKit/537.36 (KHTML, like Gecko) Chrome/41.0.2251.0 Safari/537.36"
75.111.103.190 - - [16/Aug/2015:09:41:04 -0700] "GET /images/wsis-logo-sm.png HTTP/1.1" 200 6108 "http://www.thebackcountry.net/" "Mozilla/5.0 (Windows NT 6.1; WOW64) AppleWebKit/537.36 (KHTML, like Gecko) Chrome/44.0.2403.155 Safari/537.36"
180.76.15.162 - - [16/Aug/2015:09:54:32 -0700] "GET /resorts?resort=eaglepoint&date=2014-01-23 HTTP/1.1" 404 472 "-" "Mozilla/5.0 (compatible; Baiduspider/2.0; +http://www.baidu.com/search/spider.html)"
71.83.112.241 - - [16/Aug/2015:09:55:24 -0700] "GET /images/wsis-logo-sm.png HTTP/1.1" 200 6108 "http://www.thebackcountry.net/" "Mozilla/5.0 (Windows NT 6.3; WOW64) AppleWebKit/537.36 (KHTML, like Gecko) Chrome/44.0.2403.155 Safari/537.36"
123.125.71.78 - - [16/Aug/2015:09:55:59 -0700] "-" 408 0 "-" "-"
182.118.55.118 - - [16/Aug/2015:09:58:00 -0700] "GET / HTTP/1.1" 200 2320 "-" "Mozilla/5.0 (Macintosh; Intel Mac OS X 10_10_1) AppleWebKit/537.36 (KHTML, like Gecko) Chrome/41.0.2251.0 Safari/537.36"
157.55.39.97 - - [16/Aug/2015:09:59:26 -0700] "GET / HTTP/1.1" 200 2376 "-" "Mozilla/5.0 (compatible; bingbot/2.0; +http://www.bing.com/bingbot.htm)"
220.181.108.153 - - [16/Aug/2015:10:01:49 -0700] "-" 408 0 "-" "-"
66.249.79.1 - - [16/Aug/2015:10:09:29 -0700] "GET /robots.txt HTTP/1.1" 200 419 "-" "Mozilla/5.0 (compatible; Googlebot/2.1; +http://www.google.com/bot.html)"
66.249.79.1 - - [16/Aug/2015:10:09:29 -0700] "GET /lib/resortDataSearch.php?resort=porcupine&dateStart=2013-10-15&dateMax=2013-10-29&size=30 HTTP/1.1" 200 330 "-" "Mozilla/5.0 (compatible; Googlebot/2.1; +http://www.google.com/bot.html)"
24.5.158.227 - - [16/Aug/2015:10:09:47 -0700] "GET /images/wsis-logo-sm.png HTTP/1.1" 200 6108 "http://www.thebackcountry.net/" "Mozilla/5.0 (iPhone; CPU iPhone OS 8_4 like Mac OS X) AppleWebKit/600.1.4 (KHTML, like Gecko) Version/8.0 Mobile/12H143 Safari/600.1.4"
73.202.163.169 - - [16/Aug/2015:10:10:36 -0700] "GET /images/wsis-logo-sm.png HTTP/1.1" 200 6108 "http://www.thebackcountry.net/" "Mozilla/5.0 (Macintosh; Intel Mac OS X 10_10_4) AppleWebKit/600.7.12 (KHTML, like Gecko) Version/8.0.7 Safari/600.7.12"
170.75.162.130 - - [16/Aug/2015:10:11:24 -0700] "GET /lib/reccapi.php?resort=sugarbowl HTTP/1.1" 200 668 "-" "node-superagent/0.18.2"
46.151.52.83 - - [16/Aug/2015:10:15:49 -0700] "GET / HTTP/1.0" 200 6114 "http://whereshouldiski.com/" "Mozilla/5.0 (Windows NT 6.1; WOW64) AppleWebKit/537.36 (KHTML, like Gecko) Chrome/41.0.2272.89 Safari/537.36 OPR/28.0.1750.48"
170.75.162.130 - - [16/Aug/2015:10:19:15 -0700] "GET /lib/reccapi.php?resort=bigwhite HTTP/1.1" 200 677 "-" "node-superagent/0.18.2"
66.249.79.14 - - [16/Aug/2015:10:21:47 -0700] "GET /lib/resortDataSearch.php?resort=snowking&dateStart=2013-10-15&dateMax=2013-10-29&size=30 HTTP/1.1" 200 331 "-" "Mozilla/5.0 (compatible; Googlebot/2.1; +http://www.google.com/bot.html)"
23.114.33.63 - - [16/Aug/2015:10:28:53 -0700] "GET /images/wsis-logo-sm.png HTTP/1.1" 200 6108 "http://www.thebackcountry.net/" "Mozilla/5.0 (iPad; CPU OS 8_4 like Mac OS X) AppleWebKit/600.1.4 (KHTML, like Gecko) Version/8.0 Mobile/12H143 Safari/600.1.4"
66.249.79.1 - - [16/Aug/2015:10:37:27 -0700] "GET /lib/resortDataSearch.php?resort=hyland&dateStart=2013-10-15&dateMax=2013-10-29&size=30 HTTP/1.1" 200 331 "-" "Mozilla/5.0 (compatible; Googlebot/2.1; +http://www.google.com/bot.html)"
66.249.79.1 - - [16/Aug/2015:10:40:37 -0700] "GET /lib/resortDataSearch.php?resort=squawvalleyusa&dateStart=2013-10-15&dateMax=2013-10-29&size=30 HTTP/1.1" 200 331 "-" "Mozilla/5.0 (compatible; Googlebot/2.1; +http://www.google.com/bot.html)"
66.249.79.250 - - [16/Aug/2015:10:40:41 -0700] "GET /lib/resortDataSearch.php?resort=brighton&dateStart=2013-02-12&dateMax=2013-02-26&size=30 HTTP/1.1" 200 331 "-" "Mozilla/5.0 (compatible; Googlebot/2.1; +http://www.google.com/bot.html)"
107.77.75.117 - - [16/Aug/2015:10:41:38 -0700] "GET /images/wsis-logo-sm.png HTTP/1.1" 200 6108 "http://www.thebackcountry.net/" "Mozilla/5.0 (iPhone; CPU iPhone OS 7_1_2 like Mac OS X) AppleWebKit/537.51.2 (KHTML, like Gecko) Version/7.0 Mobile/11D257 Safari/9537.53"
188.165.15.43 - - [16/Aug/2015:10:52:50 -0700] "GET /about HTTP/1.1" 404 450 "-" "Mozilla/5.0 (compatible; AhrefsBot/5.0; +http://ahrefs.com/robot/)"
180.76.15.15 - - [16/Aug/2015:10:52:52 -0700] "GET / HTTP/1.1" 200 6114 "-" "Mozilla/5.0 (compatible; Baiduspider/2.0; +http://www.baidu.com/search/spider.html)"
180.76.15.143 - - [16/Aug/2015:10:53:12 -0700] "GET / HTTP/1.1" 200 6114 "-" "Mozilla/5.0 (compatible; Baiduspider/2.0; +http://www.baidu.com/search/spider.html)"
66.249.79.3 - - [16/Aug/2015:10:56:27 -0700] "GET /lib/resortDataSearch.php?resort=discoverybasin&dateStart=2012-12-27&dateMax=2013-01-10&size=30 HTTP/1.1" 200 331 "-" "Mozilla/5.0 (compatible; Googlebot/2.1; +http://www.google.com/bot.html)"
66.249.79.66 - - [16/Aug/2015:10:59:27 -0700] "GET /lib/resortDataSearch.php?resort=keystone&dateStart=2013-10-25&dateMax=2013-11-08&size=30 HTTP/1.1" 200 331 "-" "Mozilla/5.0 (compatible; Googlebot/2.1; +http://www.google.com/bot.html)"
66.249.79.14 - - [16/Aug/2015:11:02:38 -0700] "GET /lib/resortDataSearch.php?resort=mt.baldy&dateStart=2012-12-11&dateMax=2012-12-21&size=30 HTTP/1.1" 200 331 "-" "Mozilla/5.0 (compatible; Googlebot/2.1; +http://www.google.com/bot.html)"
170.75.162.130 - - [16/Aug/2015:11:03:08 -0700] "GET /lib/reccapi.php?resort=jacksonhole HTTP/1.1" 200 670 "-" "node-superagent/0.18.2"
170.75.162.130 - - [16/Aug/2015:11:04:48 -0700] "GET /lib/reccapi.php?resort=northstar-at-tahoe HTTP/1.1" 200 670 "-" "node-superagent/0.18.2"
170.75.162.130 - - [16/Aug/2015:11:04:48 -0700] "GET /lib/reccapi.php?resort=sierra-at-tahoe HTTP/1.1" 200 671 "-" "node-superagent/0.18.2"
170.75.162.130 - - [16/Aug/2015:11:04:48 -0700] "GET /lib/reccapi.php?resort=squawvalleyusa HTTP/1.1" 200 685 "-" "node-superagent/0.18.2"
66.249.79.66 - - [16/Aug/2015:11:05:47 -0700] "GET /lib/resortDataSearch.php?resort=pajaritomountain&dateStart=2013-01-04&dateMax=2013-01-14&size=30 HTTP/1.1" 200 331 "-" "Mozilla/5.0 (compatible; Googlebot/2.1; +http://www.google.com/bot.html)"
123.125.71.72 - - [16/Aug/2015:11:08:01 -0700] "-" 408 0 "-" "-"
66.249.79.53 - - [16/Aug/2015:11:11:57 -0700] "GET /lib/resortDataSearch.php?resort=jacksonhole&dateStart=2013-11-01&dateMax=2013-11-15&size=30 HTTP/1.1" 200 331 "-" "Mozilla/5.0 (compatible; Googlebot/2.1; +http://www.google.com/bot.html)"
66.249.79.40 - - [16/Aug/2015:11:15:06 -0700] "GET /lib/resortDataSearch.php?resort=madriverglen&dateStart=2013-09-30&dateMax=2013-10-14&size=30 HTTP/1.1" 200 331 "-" "Mozilla/5.0 (compatible; Googlebot/2.1; +http://www.google.com/bot.html)"
220.181.108.181 - - [16/Aug/2015:11:15:20 -0700] "-" 408 0 "-" "-"
66.249.79.66 - - [16/Aug/2015:11:18:17 -0700] "GET /lib/resortDataSearch.php?resort=discoverybasin&dateStart=2012-12-16&dateMax=2012-12-30&size=30 HTTP/1.1" 200 331 "-" "Mozilla/5.0 (compatible; Googlebot/2.1; +http://www.google.com/bot.html)"
66.249.79.66 - - [16/Aug/2015:11:21:27 -0700] "GET /lib/resortDataSearch.php?resort=moonlightbasin&dateStart=2012-12-15&dateMax=2012-12-29&size=30 HTTP/1.1" 200 331 "-" "Mozilla/5.0 (compatible; Googlebot/2.1; +http://www.google.com/bot.html)"
66.249.79.53 - - [16/Aug/2015:11:24:37 -0700] "GET /lib/resortDataSearch.php?resort=mtrose&dateStart=2013-05-28&dateMax=2013-06-07&size=30 HTTP/1.1" 200 331 "-" "Mozilla/5.0 (compatible; Googlebot/2.1; +http://www.google.com/bot.html)"
66.249.79.1 - - [16/Aug/2015:11:27:47 -0700] "GET /lib/resortDataSearch.php?resort=hyland&dateStart=2013-02-09&dateMax=2013-02-19&size=30 HTTP/1.1" 200 331 "-" "Mozilla/5.0 (compatible; Googlebot/2.1; +http://www.google.com/bot.html)"
66.249.79.1 - - [16/Aug/2015:11:30:46 -0700] "GET / HTTP/1.1" 200 2376 "-" "Mozilla/5.0 (compatible; Googlebot/2.1; +http://www.google.com/bot.html)"
66.249.79.40 - - [16/Aug/2015:11:30:47 -0700] "GET /lib/resortDataSearch.php?resort=bearmountain&dateStart=2012-12-30&dateMax=2013-01-09&size=30 HTTP/1.1" 200 331 "-" "Mozilla/5.0 (compatible; Googlebot/2.1; +http://www.google.com/bot.html)"
66.249.79.66 - - [16/Aug/2015:11:33:47 -0700] "GET /lib/resortDataSearch.php?resort=cannonmountain&dateStart=2013-06-06&dateMax=2013-06-16&size=30 HTTP/1.1" 200 331 "-" "Mozilla/5.0 (compatible; Googlebot/2.1; +http://www.google.com/bot.html)"
66.249.79.53 - - [16/Aug/2015:11:33:48 -0700] "GET /lib/resortDataSearch.php?resort=hyland&dateStart=2013-12-24&dateMax=2014-01-03&size=30 HTTP/1.1" 200 331 "-" "Mozilla/5.0 (compatible; Googlebot/2.1; +http://www.google.com/bot.html)"
66.249.79.250 - - [16/Aug/2015:11:34:20 -0700] "GET /lib/resortDataSearch.php?resort=pebblecreek&dateStart=2014-01-21&dateMax=2014-01-31&size=30 HTTP/1.1" 200 331 "-" "Mozilla/5.0 (compatible; Googlebot/2.1; +http://www.google.com/bot.html)"
72.47.22.73 - - [16/Aug/2015:11:36:48 -0700] "GET /images/wsis-logo-sm.png HTTP/1.1" 200 6108 "http://www.thebackcountry.net/" "Mozilla/5.0 (Macintosh; Intel Mac OS X 10.9; rv:39.0) Gecko/20100101 Firefox/39.0"
66.249.79.66 - - [16/Aug/2015:11:36:56 -0700] "GET /lib/resortDataSearch.php?resort=alyeska&dateStart=2013-10-25&dateMax=2013-11-08&size=30 HTTP/1.1" 200 331 "-" "Mozilla/5.0 (compatible; Googlebot/2.1; +http://www.google.com/bot.html)"
66.249.79.53 - - [16/Aug/2015:11:36:57 -0700] "GET /lib/resortDataSearch.php?resort=angelfire&dateStart=2013-01-04&dateMax=2013-01-14&size=30 HTTP/1.1" 200 331 "-" "Mozilla/5.0 (compatible; Googlebot/2.1; +http://www.google.com/bot.html)"
170.75.162.130 - - [16/Aug/2015:11:44:11 -0700] "GET /lib/reccapi.php?resort=angelfire HTTP/1.1" 200 685 "-" "node-superagent/0.18.2"
170.75.162.130 - - [16/Aug/2015:11:44:11 -0700] "GET /lib/reccapi.php?resort=taos HTTP/1.1" 200 646 "-" "node-superagent/0.18.2"
170.75.162.130 - - [16/Aug/2015:11:46:31 -0700] "GET /lib/reccapi.php?resort=monarch HTTP/1.1" 200 662 "-" "node-superagent/0.18.2"
170.75.162.130 - - [16/Aug/2015:11:48:52 -0700] "GET /lib/reccapi.php?resort=sundayriver HTTP/1.1" 200 674 "-" "node-superagent/0.18.2"
66.249.79.66 - - [16/Aug/2015:11:52:47 -0700] "GET /lib/resortDataSearch.php?resort=mountwashingtonalpine&dateStart=2013-09-30&dateMax=2013-10-14&size=30 HTTP/1.1" 200 331 "-" "Mozilla/5.0 (compatible; Googlebot/2.1; +http://www.google.com/bot.html)"
66.249.79.66 - - [16/Aug/2015:11:52:50 -0700] "GET /lib/resortDataSearch.php?resort=sugarbush&dateStart=2013-10-02&dateMax=2013-10-12&size=30 HTTP/1.1" 200 330 "-" "Mozilla/5.0 (compatible; Googlebot/2.1; +http://www.google.com/bot.html)"
66.249.79.66 - - [16/Aug/2015:11:55:46 -0700] "GET /lib/resortDataSearch.php?resort=blacktailmountain&dateStart=2013-10-25&dateMax=2013-11-08&size=30 HTTP/1.1" 200 331 "-" "Mozilla/5.0 (compatible; Googlebot/2.1; +http://www.google.com/bot.html)"
66.249.79.53 - - [16/Aug/2015:11:55:47 -0700] "GET /lib/resortDataSearch.php?resort=steamboat&dateStart=2013-06-06&dateMax=2013-06-16&size=30 HTTP/1.1" 200 331 "-" "Mozilla/5.0 (compatible; Googlebot/2.1; +http://www.google.com/bot.html)"
23.92.26.73 - - [16/Aug/2015:11:56:13 -0700] "GET   / HTTP/1.1" 200 6114 "http://www.domain2008.com/domains/www.whereshouldiski.com" "Mozilla/5.0 (compatible; MSIE 9.0; Windows NT 6.1; WOW64; Trident/5.0)"
66.249.79.250 - - [16/Aug/2015:11:58:57 -0700] "GET /lib/resortDataSearch.php?resort=telluride&dateStart=2013-12-19&dateMax=2013-12-29&size=30 HTTP/1.1" 200 331 "-" "Mozilla/5.0 (compatible; Googlebot/2.1; +http://www.google.com/bot.html)"
66.249.79.14 - - [16/Aug/2015:11:59:00 -0700] "GET /lib/resortDataSearch.php?resort=bridgerbowl&dateStart=2012-12-11&dateMax=2012-12-21&size=30 HTTP/1.1" 200 331 "-" "Mozilla/5.0 (compatible; Googlebot/2.1; +http://www.google.com/bot.html)"
66.249.79.14 - - [16/Aug/2015:12:05:17 -0700] "GET /lib/resortDataSearch.php?resort=bigwhite&dateStart=2013-05-20&dateMax=2013-05-30&size=30 HTTP/1.1" 200 331 "-" "Mozilla/5.0 (compatible; Googlebot/2.1; +http://www.google.com/bot.html)"
66.249.79.1 - - [16/Aug/2015:12:05:18 -0700] "GET /lib/resortDataSearch.php?resort=discoverybasin&dateStart=2013-01-26&dateMax=2013-02-05&size=30 HTTP/1.1" 200 331 "-" "Mozilla/5.0 (compatible; Googlebot/2.1; +http://www.google.com/bot.html)"
170.75.162.130 - - [16/Aug/2015:12:06:03 -0700] "GET /lib/reccapi.php?resort=sugarbush HTTP/1.1" 200 672 "-" "node-superagent/0.18.2"
66.249.79.1 - - [16/Aug/2015:12:08:17 -0700] "GET /lib/resortDataSearch.php?resort=sandiapeak&dateStart=2014-05-18&dateMax=2014-05-28&size=30 HTTP/1.1" 200 331 "-" "Mozilla/5.0 (compatible; Googlebot/2.1; +http://www.google.com/bot.html)"
66.249.79.250 - - [16/Aug/2015:12:08:18 -0700] "GET /lib/resortDataSearch.php?resort=eaglecrestskiarea&dateStart=2014-02-19&dateMax=2014-03-01&size=30 HTTP/1.1" 200 331 "-" "Mozilla/5.0 (compatible; Googlebot/2.1; +http://www.google.com/bot.html)"
180.76.15.12 - - [16/Aug/2015:12:13:00 -0700] "GET / HTTP/1.1" 200 6114 "-" "Mozilla/5.0 (compatible; Baiduspider/2.0; +http://www.baidu.com/search/spider.html)"
180.76.15.136 - - [16/Aug/2015:12:14:10 -0700] "GET / HTTP/1.1" 200 6114 "-" "Mozilla/5.0 (compatible; Baiduspider/2.0; +http://www.baidu.com/search/spider.html)"
66.249.79.1 - - [16/Aug/2015:12:14:37 -0700] "GET /lib/resortDataSearch.php?resort=whitepine&dateStart=2014-04-22&dateMax=2014-05-02&size=30 HTTP/1.1" 200 331 "-" "Mozilla/5.0 (compatible; Googlebot/2.1; +http://www.google.com/bot.html)"
24.32.27.181 - - [16/Aug/2015:12:17:18 -0700] "GET /images/wsis-logo-sm.png HTTP/1.1" 200 6108 "http://www.thebackcountry.net/" "Mozilla/5.0 (Macintosh; Intel Mac OS X 10_9_5) AppleWebKit/537.36 (KHTML, like Gecko) Chrome/44.0.2403.89 Safari/537.36"
123.125.71.90 - - [16/Aug/2015:12:18:12 -0700] "-" 408 0 "-" "-"
66.249.79.53 - - [16/Aug/2015:12:20:47 -0700] "GET /lib/resortDataSearch.php?resort=ferniealpine&dateStart=2013-09-30&dateMax=2013-10-14&size=30 HTTP/1.1" 200 331 "-" "Mozilla/5.0 (compatible; Googlebot/2.1; +http://www.google.com/bot.html)"
66.249.79.250 - - [16/Aug/2015:12:20:48 -0700] "GET /lib/resortDataSearch.php?resort=alta&dateStart=2013-11-14&dateMax=2013-11-24&size=30 HTTP/1.1" 200 331 "-" "Mozilla/5.0 (compatible; Googlebot/2.1; +http://www.google.com/bot.html)"
66.249.79.1 - - [16/Aug/2015:12:23:47 -0700] "GET /lib/resortDataSearch.php?resort=montanasnowbowl&dateStart=2014-04-13&dateMax=2014-04-23&size=30 HTTP/1.1" 200 331 "-" "Mozilla/5.0 (compatible; Googlebot/2.1; +http://www.google.com/bot.html)"
66.249.79.66 - - [16/Aug/2015:12:23:48 -0700] "GET /lib/resortDataSearch.php?resort=mountainhigh&dateStart=2013-09-30&dateMax=2013-10-14&size=30 HTTP/1.1" 200 331 "-" "Mozilla/5.0 (compatible; Googlebot/2.1; +http://www.google.com/bot.html)"
220.181.108.149 - - [16/Aug/2015:12:25:17 -0700] "-" 408 0 "-" "-"
66.249.79.14 - - [16/Aug/2015:12:26:57 -0700] "GET /lib/resortDataSearch.php?resort=whitefacemountain&dateStart=2013-03-09&dateMax=2013-03-19&size=30 HTTP/1.1" 200 331 "-" "Mozilla/5.0 (compatible; Googlebot/2.1; +http://www.google.com/bot.html)"
66.249.79.250 - - [16/Aug/2015:12:26:58 -0700] "GET /lib/resortDataSearch.php?resort=wolfcreek&dateStart=2014-03-11&dateMax=2014-03-21&size=30 HTTP/1.1" 200 331 "-" "Mozilla/5.0 (compatible; Googlebot/2.1; +http://www.google.com/bot.html)"
66.249.79.250 - - [16/Aug/2015:12:30:07 -0700] "GET /lib/resortDataSearch.php?resort=mountspokane&dateStart=2014-06-04&dateMax=2014-06-14&size=30 HTTP/1.1" 200 331 "-" "Mozilla/5.0 (compatible; Googlebot/2.1; +http://www.google.com/bot.html)"
66.249.79.14 - - [16/Aug/2015:12:30:08 -0700] "GET /lib/resortDataSearch.php?resort=killington&dateStart=2013-05-02&dateMax=2013-05-12&size=30 HTTP/1.1" 200 331 "-" "Mozilla/5.0 (compatible; Googlebot/2.1; +http://www.google.com/bot.html)"
66.249.79.66 - - [16/Aug/2015:12:33:17 -0700] "GET /lib/resortDataSearch.php?resort=wildcatmountain&dateStart=2012-12-17&dateMax=2012-12-31&size=30 HTTP/1.1" 200 331 "-" "Mozilla/5.0 (compatible; Googlebot/2.1; +http://www.google.com/bot.html)"
66.249.79.14 - - [16/Aug/2015:12:33:18 -0700] "GET /lib/resortDataSearch.php?resort=lasvegasskiandsnowboard&dateStart=2014-01-30&dateMax=2014-02-09&size=30 HTTP/1.1" 200 331 "-" "Mozilla/5.0 (compatible; Googlebot/2.1; +http://www.google.com/bot.html)"
66.249.79.66 - - [16/Aug/2015:12:33:35 -0700] "GET / HTTP/1.1" 200 2376 "-" "Mozilla/5.0 (compatible; Googlebot/2.1; +http://www.google.com/bot.html)"
66.249.79.14 - - [16/Aug/2015:12:33:53 -0700] "GET /lib/resortDataSearch.php?resort=lookoutpass&dateStart=2013-12-07&dateMax=2013-12-17&size=30 HTTP/1.1" 200 331 "-" "Mozilla/5.0 (compatible; Googlebot/2.1; +http://www.google.com/bot.html)"
66.249.79.1 - - [16/Aug/2015:12:34:11 -0700] "GET /lib/resortDataSearch.php?resort=sleepinggiant&dateStart=2014-05-13&dateMax=2014-05-23&size=30 HTTP/1.1" 200 331 "-" "Mozilla/5.0 (compatible; Googlebot/2.1; +http://www.google.com/bot.html)"
66.249.79.1 - - [16/Aug/2015:12:34:29 -0700] "GET /lib/resortDataSearch.php?resort=mtrose&dateStart=2014-05-09&dateMax=2014-05-19&size=30 HTTP/1.1" 200 331 "-" "Mozilla/5.0 (compatible; Googlebot/2.1; +http://www.google.com/bot.html)"
66.249.79.14 - - [16/Aug/2015:12:34:46 -0700] "GET /lib/resortDataSearch.php?resort=canyons&dateStart=2014-04-25&dateMax=2014-05-05&size=30 HTTP/1.1" 200 331 "-" "Mozilla/5.0 (compatible; Googlebot/2.1; +http://www.google.com/bot.html)"
66.249.79.40 - - [16/Aug/2015:12:36:13 -0700] "GET /about HTTP/1.1" 404 509 "-" "Mozilla/5.0 (compatible; Googlebot/2.1; +http://www.google.com/bot.html)"
66.249.79.14 - - [16/Aug/2015:12:36:27 -0700] "GET /lib/resortDataSearch.php?resort=smugglersnotch&dateStart=2014-01-24&dateMax=2014-02-03&size=30 HTTP/1.1" 200 331 "-" "Mozilla/5.0 (compatible; Googlebot/2.1; +http://www.google.com/bot.html)"
66.249.79.14 - - [16/Aug/2015:12:36:30 -0700] "GET /lib/resortDataSearch.php?resort=aspenmountain&dateStart=2014-01-30&dateMax=2014-02-09&size=30 HTTP/1.1" 200 330 "-" "Mozilla/5.0 (compatible; Googlebot/2.1; +http://www.google.com/bot.html)"
66.249.79.250 - - [16/Aug/2015:12:36:43 -0700] "GET /lib/resortDataSearch.php?resort=mt.baldy&dateStart=2012-12-26&dateMax=2013-01-05&size=30 HTTP/1.1" 200 331 "-" "Mozilla/5.0 (compatible; Googlebot/2.1; +http://www.google.com/bot.html)"
66.249.79.250 - - [16/Aug/2015:12:36:58 -0700] "GET /lib/resortDataSearch.php?resort=sierra-at-tahoe&dateStart=2014-05-02&dateMax=2014-05-12&size=30 HTTP/1.1" 200 331 "-" "Mozilla/5.0 (compatible; Googlebot/2.1; +http://www.google.com/bot.html)"
66.249.79.14 - - [16/Aug/2015:12:37:15 -0700] "GET /lib/resortDataSearch.php?resort=snoqualmie-alpental&dateStart=2013-12-25&dateMax=2014-01-04&size=30 HTTP/1.1" 200 331 "-" "Mozilla/5.0 (compatible; Googlebot/2.1; +http://www.google.com/bot.html)"
66.249.79.250 - - [16/Aug/2015:12:37:31 -0700] "GET /lib/resortDataSearch.php?resort=losttrailpowdermountain&dateStart=2014-04-23&dateMax=2014-05-03&size=30 HTTP/1.1" 200 331 "-" "Mozilla/5.0 (compatible; Googlebot/2.1; +http://www.google.com/bot.html)"
66.249.79.1 - - [16/Aug/2015:12:37:48 -0700] "GET /lib/resortDataSearch.php?resort=smugglersnotch&dateStart=2013-11-18&dateMax=2013-11-28&size=30 HTTP/1.1" 200 331 "-" "Mozilla/5.0 (compatible; Googlebot/2.1; +http://www.google.com/bot.html)"
66.249.79.14 - - [16/Aug/2015:12:39:37 -0700] "GET /lib/resortDataSearch.php?resort=tamarack&dateStart=2013-11-12&dateMax=2013-11-26&size=30 HTTP/1.1" 200 331 "-" "Mozilla/5.0 (compatible; Googlebot/2.1; +http://www.google.com/bot.html)"
66.249.79.1 - - [16/Aug/2015:12:39:39 -0700] "GET /lib/resortDataSearch.php?resort=skibluewood&dateStart=2013-05-10&dateMax=2013-05-20&size=30 HTTP/1.1" 200 331 "-" "Mozilla/5.0 (compatible; Googlebot/2.1; +http://www.google.com/bot.html)"
66.249.79.250 - - [16/Aug/2015:12:40:04 -0700] "GET /lib/resortDataSearch.php?resort=lutsen&dateStart=2014-05-12&dateMax=2014-05-22&size=30 HTTP/1.1" 200 331 "-" "Mozilla/5.0 (compatible; Googlebot/2.1; +http://www.google.com/bot.html)"
66.249.79.1 - - [16/Aug/2015:12:40:31 -0700] "GET /lib/resortDataSearch.php?resort=bigsky&dateStart=2013-11-10&dateMax=2013-11-20&size=30 HTTP/1.1" 200 331 "-" "Mozilla/5.0 (compatible; Googlebot/2.1; +http://www.google.com/bot.html)"
66.249.79.14 - - [16/Aug/2015:12:40:58 -0700] "GET /lib/resortDataSearch.php?resort=alpinemeadows&dateStart=2014-05-17&dateMax=2014-05-27&size=30 HTTP/1.1" 200 331 "-" "Mozilla/5.0 (compatible; Googlebot/2.1; +http://www.google.com/bot.html)"
66.249.79.40 - - [16/Aug/2015:12:41:25 -0700] "GET /lib/resortDataSearch.php?resort=redmountain&dateStart=2013-10-02&dateMax=2013-10-12&size=30 HTTP/1.1" 200 331 "-" "Mozilla/5.0 (compatible; Googlebot/2.1; +http://www.google.com/bot.html)"
66.249.79.40 - - [16/Aug/2015:12:42:36 -0700] "GET /lib/resortDataSearch.php?resort=kirkwood&dateStart=2013-06-11&dateMax=2013-06-21&size=30 HTTP/1.1" 200 331 "-" "Mozilla/5.0 (compatible; Googlebot/2.1; +http://www.google.com/bot.html)"
66.249.79.40 - - [16/Aug/2015:12:42:41 -0700] "GET /lib/resortDataSearch.php?resort=sipapu&dateStart=2013-10-02&dateMax=2013-10-12&size=30 HTTP/1.1" 200 331 "-" "Mozilla/5.0 (compatible; Googlebot/2.1; +http://www.google.com/bot.html)"
66.249.79.14 - - [16/Aug/2015:12:42:54 -0700] "GET /lib/resortDataSearch.php?resort=smugglersnotch&dateStart=2013-05-26&dateMax=2013-06-05&size=30 HTTP/1.1" 200 331 "-" "Mozilla/5.0 (compatible; Googlebot/2.1; +http://www.google.com/bot.html)"
66.249.79.14 - - [16/Aug/2015:12:43:13 -0700] "GET /lib/resortDataSearch.php?resort=crystalmountain&dateStart=2013-04-30&dateMax=2013-05-10&size=30 HTTP/1.1" 200 331 "-" "Mozilla/5.0 (compatible; Googlebot/2.1; +http://www.google.com/bot.html)"
66.249.79.250 - - [16/Aug/2015:12:43:30 -0700] "GET /lib/resortDataSearch.php?resort=stevenspass&dateStart=2014-06-26&dateMax=2014-07-06&size=30 HTTP/1.1" 200 331 "-" "Mozilla/5.0 (compatible; Googlebot/2.1; +http://www.google.com/bot.html)"
66.249.79.14 - - [16/Aug/2015:12:43:48 -0700] "GET /lib/resortDataSearch.php?resort=whitepine&dateStart=2014-06-01&dateMax=2014-06-11&size=30 HTTP/1.1" 200 331 "-" "Mozilla/5.0 (compatible; Googlebot/2.1; +http://www.google.com/bot.html)"
66.249.79.1 - - [16/Aug/2015:12:44:06 -0700] "GET /lib/resortDataSearch.php?resort=arapahoebasin&dateStart=2013-05-09&dateMax=2013-05-19&size=30 HTTP/1.1" 200 331 "-" "Mozilla/5.0 (compatible; Googlebot/2.1; +http://www.google.com/bot.html)"
66.249.79.250 - - [16/Aug/2015:12:44:25 -0700] "GET /lib/resortDataSearch.php?resort=skisantafe&dateStart=2013-01-14&dateMax=2013-01-24&size=30 HTTP/1.1" 200 331 "-" "Mozilla/5.0 (compatible; Googlebot/2.1; +http://www.google.com/bot.html)"
66.249.79.14 - - [16/Aug/2015:12:45:47 -0700] "GET /lib/resortDataSearch.php?resort=skicooper&dateStart=2014-01-23&dateMax=2014-02-02&size=30 HTTP/1.1" 200 331 "-" "Mozilla/5.0 (compatible; Googlebot/2.1; +http://www.google.com/bot.html)"
66.249.79.1 - - [16/Aug/2015:12:45:47 -0700] "GET /lib/resortDataSearch.php?resort=alyeska&dateStart=2013-11-08&dateMax=2013-11-18&size=30 HTTP/1.1" 200 331 "-" "Mozilla/5.0 (compatible; Googlebot/2.1; +http://www.google.com/bot.html)"
66.249.79.250 - - [16/Aug/2015:12:46:02 -0700] "GET /lib/resortDataSearch.php?resort=pomerelle&dateStart=2014-03-23&dateMax=2014-04-02&size=30 HTTP/1.1" 200 331 "-" "Mozilla/5.0 (compatible; Googlebot/2.1; +http://www.google.com/bot.html)"
66.249.79.14 - - [16/Aug/2015:12:46:19 -0700] "GET /lib/resortDataSearch.php?resort=bigsky&dateStart=2014-05-25&dateMax=2014-06-04&size=30 HTTP/1.1" 200 331 "-" "Mozilla/5.0 (compatible; Googlebot/2.1; +http://www.google.com/bot.html)"
66.249.79.40 - - [16/Aug/2015:12:46:35 -0700] "GET /lib/resortDataSearch.php?resort=crestedbutte&dateStart=2012-12-21&dateMax=2013-01-04&size=30 HTTP/1.1" 200 331 "-" "Mozilla/5.0 (compatible; Googlebot/2.1; +http://www.google.com/bot.html)"
66.249.79.1 - - [16/Aug/2015:12:46:52 -0700] "GET /lib/resortDataSearch.php?resort=louploupskibowl&dateStart=2014-03-29&dateMax=2014-04-08&size=30 HTTP/1.1" 200 331 "-" "Mozilla/5.0 (compatible; Googlebot/2.1; +http://www.google.com/bot.html)"
66.249.79.250 - - [16/Aug/2015:12:47:08 -0700] "GET /lib/resortDataSearch.php?resort=beavermountain&dateStart=2013-01-20&dateMax=2013-01-30&size=30 HTTP/1.1" 200 331 "-" "Mozilla/5.0 (compatible; Googlebot/2.1; +http://www.google.com/bot.html)"
66.249.79.250 - - [16/Aug/2015:12:48:56 -0700] "GET /lib/resortDataSearch.php?resort=coppermountain&dateStart=2013-11-02&dateMax=2013-11-16&size=30 HTTP/1.1" 200 331 "-" "Mozilla/5.0 (compatible; Googlebot/2.1; +http://www.google.com/bot.html)"
66.249.79.14 - - [16/Aug/2015:12:48:59 -0700] "GET /lib/resortDataSearch.php?resort=coronetpeak&dateStart=2014-07-16&dateMax=2014-07-26&size=30 HTTP/1.1" 200 331 "-" "Mozilla/5.0 (compatible; Googlebot/2.1; +http://www.google.com/bot.html)"
66.249.79.53 - - [16/Aug/2015:12:49:17 -0700] "GET /lib/resortDataSearch.php?resort=hurricaneridge&dateStart=2013-06-10&dateMax=2013-06-20&size=30 HTTP/1.1" 200 331 "-" "Mozilla/5.0 (compatible; Googlebot/2.1; +http://www.google.com/bot.html)"
66.249.79.250 - - [16/Aug/2015:12:49:38 -0700] "GET /lib/resortDataSearch.php?resort=snowbird&dateStart=2014-04-29&dateMax=2014-05-09&size=30 HTTP/1.1" 200 331 "-" "Mozilla/5.0 (compatible; Googlebot/2.1; +http://www.google.com/bot.html)"
66.249.79.250 - - [16/Aug/2015:12:49:57 -0700] "GET /lib/resortDataSearch.php?resort=sugarbowl&dateStart=2014-05-29&dateMax=2014-06-08&size=30 HTTP/1.1" 200 331 "-" "Mozilla/5.0 (compatible; Googlebot/2.1; +http://www.google.com/bot.html)"
66.249.79.250 - - [16/Aug/2015:12:50:18 -0700] "GET /lib/resortDataSearch.php?resort=maverickmountain&dateStart=2014-02-13&dateMax=2014-02-23&size=30 HTTP/1.1" 200 331 "-" "Mozilla/5.0 (compatible; Googlebot/2.1; +http://www.google.com/bot.html)"
66.249.79.14 - - [16/Aug/2015:12:50:38 -0700] "GET /lib/resortDataSearch.php?resort=bigwhite&dateStart=2013-05-22&dateMax=2013-06-01&size=30 HTTP/1.1" 200 331 "-" "Mozilla/5.0 (compatible; Googlebot/2.1; +http://www.google.com/bot.html)"
66.249.79.53 - - [16/Aug/2015:12:51:57 -0700] "GET /lib/resortDataSearch.php?resort=whitecapmountain&dateStart=2013-10-25&dateMax=2013-11-08&size=30 HTTP/1.1" 200 331 "-" "Mozilla/5.0 (compatible; Googlebot/2.1; +http://www.google.com/bot.html)"
66.249.79.250 - - [16/Aug/2015:12:52:00 -0700] "GET /lib/resortDataSearch.php?resort=bigwhite&dateStart=2013-02-12&dateMax=2013-02-22&size=30 HTTP/1.1" 200 331 "-" "Mozilla/5.0 (compatible; Googlebot/2.1; +http://www.google.com/bot.html)"
66.249.79.14 - - [16/Aug/2015:12:52:15 -0700] "GET /lib/resortDataSearch.php?resort=snowbasin&dateStart=2014-05-24&dateMax=2014-06-03&size=30 HTTP/1.1" 200 331 "-" "Mozilla/5.0 (compatible; Googlebot/2.1; +http://www.google.com/bot.html)"
66.249.79.1 - - [16/Aug/2015:12:52:32 -0700] "GET /lib/resortDataSearch.php?resort=schweitzer&dateStart=2014-06-07&dateMax=2014-06-17&size=30 HTTP/1.1" 200 331 "-" "Mozilla/5.0 (compatible; Googlebot/2.1; +http://www.google.com/bot.html)"
66.249.79.1 - - [16/Aug/2015:12:52:51 -0700] "GET /lib/resortDataSearch.php?resort=mountainhigh&dateStart=2014-03-09&dateMax=2014-03-19&size=30 HTTP/1.1" 200 331 "-" "Mozilla/5.0 (compatible; Googlebot/2.1; +http://www.google.com/bot.html)"
66.249.79.250 - - [16/Aug/2015:12:53:09 -0700] "GET /lib/resortDataSearch.php?resort=schweitzer&dateStart=2013-11-09&dateMax=2013-11-19&size=30 HTTP/1.1" 200 331 "-" "Mozilla/5.0 (compatible; Googlebot/2.1; +http://www.google.com/bot.html)"
66.249.79.53 - - [16/Aug/2015:12:53:26 -0700] "GET /lib/resortDataSearch.php?resort=cascademountain&dateStart=2013-10-25&dateMax=2013-11-08&size=30 HTTP/1.1" 200 331 "-" "Mozilla/5.0 (compatible; Googlebot/2.1; +http://www.google.com/bot.html)"
66.249.79.250 - - [16/Aug/2015:12:53:44 -0700] "GET /lib/resortDataSearch.php?resort=beavermountain&dateStart=2014-06-12&dateMax=2014-06-22&size=30 HTTP/1.1" 200 331 "-" "Mozilla/5.0 (compatible; Googlebot/2.1; +http://www.google.com/bot.html)"
170.75.162.130 - - [16/Aug/2015:12:54:06 -0700] "GET /lib/reccapi.php?resort=49degreesnorth HTTP/1.1" 200 690 "-" "node-superagent/0.18.2"
170.75.162.130 - - [16/Aug/2015:12:54:07 -0700] "GET /lib/reccapi.php?resort=arapahoebasin HTTP/1.1" 200 688 "-" "node-superagent/0.18.2"
170.75.162.130 - - [16/Aug/2015:12:54:07 -0700] "GET /lib/reccapi.php?resort=canyons HTTP/1.1" 200 653 "-" "node-superagent/0.18.2"
170.75.162.130 - - [16/Aug/2015:12:54:07 -0700] "GET /lib/reccapi.php?resort=crystalmountain HTTP/1.1" 200 678 "-" "node-superagent/0.18.2"
170.75.162.130 - - [16/Aug/2015:12:54:07 -0700] "GET /lib/reccapi.php?resort=heavenly HTTP/1.1" 200 679 "-" "node-superagent/0.18.2"
170.75.162.130 - - [16/Aug/2015:12:54:07 -0700] "GET /lib/reccapi.php?resort=jaypeak HTTP/1.1" 200 684 "-" "node-superagent/0.18.2"
170.75.162.130 - - [16/Aug/2015:12:54:07 -0700] "GET /lib/reccapi.php?resort=keystone HTTP/1.1" 200 673 "-" "node-superagent/0.18.2"
170.75.162.130 - - [16/Aug/2015:12:54:07 -0700] "GET /lib/reccapi.php?resort=killington HTTP/1.1" 200 667 "-" "node-superagent/0.18.2"
170.75.162.130 - - [16/Aug/2015:12:54:07 -0700] "GET /lib/reccapi.php?resort=kirkwood HTTP/1.1" 200 686 "-" "node-superagent/0.18.2"
170.75.162.130 - - [16/Aug/2015:12:54:07 -0700] "GET /lib/reccapi.php?resort=madriverglen HTTP/1.1" 200 669 "-" "node-superagent/0.18.2"
170.75.162.130 - - [16/Aug/2015:12:54:07 -0700] "GET /lib/reccapi.php?resort=mountspokane HTTP/1.1" 200 1000 "-" "node-superagent/0.18.2"
170.75.162.130 - - [16/Aug/2015:12:54:07 -0700] "GET /lib/reccapi.php?resort=smugglersnotch HTTP/1.1" 200 674 "-" "node-superagent/0.18.2"
170.75.162.130 - - [16/Aug/2015:12:55:06 -0700] "GET /lib/reccapi.php?resort=stevenspass HTTP/1.1" 200 961 "-" "node-superagent/0.18.2"
170.75.162.130 - - [16/Aug/2015:12:55:06 -0700] "GET /lib/reccapi.php?resort=stowe HTTP/1.1" 200 652 "-" "node-superagent/0.18.2"
66.249.79.14 - - [16/Aug/2015:12:55:07 -0700] "GET /lib/resortDataSearch.php?resort=snowyrange&dateStart=2014-02-05&dateMax=2014-02-15&size=30 HTTP/1.1" 200 331 "-" "Mozilla/5.0 (compatible; Googlebot/2.1; +http://www.google.com/bot.html)"
66.249.79.14 - - [16/Aug/2015:12:55:07 -0700] "GET /lib/resortDataSearch.php?resort=anthonylakes&dateStart=2013-06-11&dateMax=2013-06-21&size=30 HTTP/1.1" 200 330 "-" "Mozilla/5.0 (compatible; Googlebot/2.1; +http://www.google.com/bot.html)"
66.249.79.250 - - [16/Aug/2015:12:55:25 -0700] "GET /lib/resortDataSearch.php?resort=killington&dateStart=2014-04-18&dateMax=2014-04-28&size=30 HTTP/1.1" 200 331 "-" "Mozilla/5.0 (compatible; Googlebot/2.1; +http://www.google.com/bot.html)"
66.249.79.53 - - [16/Aug/2015:12:55:42 -0700] "GET /lib/resortDataSearch.php?resort=whitepass&dateStart=2012-12-31&dateMax=2013-01-14&size=30 HTTP/1.1" 200 331 "-" "Mozilla/5.0 (compatible; Googlebot/2.1; +http://www.google.com/bot.html)"
66.249.79.250 - - [16/Aug/2015:12:56:00 -0700] "GET /lib/resortDataSearch.php?resort=taos&dateStart=2013-10-07&dateMax=2013-10-17&size=30 HTTP/1.1" 200 331 "-" "Mozilla/5.0 (compatible; Googlebot/2.1; +http://www.google.com/bot.html)"
66.249.79.250 - - [16/Aug/2015:12:56:18 -0700] "GET /lib/resortDataSearch.php?resort=hurricaneridge&dateStart=2014-06-15&dateMax=2014-06-25&size=30 HTTP/1.1" 200 331 "-" "Mozilla/5.0 (compatible; Googlebot/2.1; +http://www.google.com/bot.html)"
66.249.79.53 - - [16/Aug/2015:12:58:17 -0700] "GET /lib/resortDataSearch.php?resort=showdown&dateStart=2012-12-30&dateMax=2013-01-13&size=30 HTTP/1.1" 200 331 "-" "Mozilla/5.0 (compatible; Googlebot/2.1; +http://www.google.com/bot.html)"
66.249.79.250 - - [16/Aug/2015:13:01:26 -0700] "GET /lib/resortDataSearch.php?resort=redriver&dateStart=2014-03-16&dateMax=2014-03-26&size=30 HTTP/1.1" 200 331 "-" "Mozilla/5.0 (compatible; Googlebot/2.1; +http://www.google.com/bot.html)"
66.249.79.14 - - [16/Aug/2015:13:04:37 -0700] "GET /lib/resortDataSearch.php?resort=kellycanyon&dateStart=2013-05-14&dateMax=2013-05-24&size=30 HTTP/1.1" 200 331 "-" "Mozilla/5.0 (compatible; Googlebot/2.1; +http://www.google.com/bot.html)"
66.249.79.66 - - [16/Aug/2015:13:04:38 -0700] "GET /lib/resortDataSearch.php?resort=mounthoodmeadows&dateStart=2013-10-25&dateMax=2013-11-08&size=30 HTTP/1.1" 200 331 "-" "Mozilla/5.0 (compatible; Googlebot/2.1; +http://www.google.com/bot.html)"
180.76.15.149 - - [16/Aug/2015:13:07:02 -0700] "GET / HTTP/1.1" 200 6114 "-" "Mozilla/5.0 (compatible; Baiduspider/2.0; +http://www.baidu.com/search/spider.html)"
123.125.71.85 - - [16/Aug/2015:13:07:03 -0700] "-" 408 0 "-" "-"
66.249.79.14 - - [16/Aug/2015:13:07:46 -0700] "GET /lib/resortDataSearch.php?resort=bearvalleymountain&dateStart=2013-05-02&dateMax=2013-05-12&size=30 HTTP/1.1" 200 331 "-" "Mozilla/5.0 (compatible; Googlebot/2.1; +http://www.google.com/bot.html)"
66.249.79.14 - - [16/Aug/2015:13:07:49 -0700] "GET /lib/resortDataSearch.php?resort=maverickmountain&dateStart=2014-06-28&dateMax=2014-07-08&size=30 HTTP/1.1" 200 330 "-" "Mozilla/5.0 (compatible; Googlebot/2.1; +http://www.google.com/bot.html)"
66.249.79.250 - - [16/Aug/2015:13:08:02 -0700] "GET /lib/resortDataSearch.php?resort=whistlerblackcomb&dateStart=2013-02-21&dateMax=2013-03-03&size=30 HTTP/1.1" 200 331 "-" "Mozilla/5.0 (compatible; Googlebot/2.1; +http://www.google.com/bot.html)"
180.76.15.13 - - [16/Aug/2015:13:08:16 -0700] "GET / HTTP/1.1" 200 6114 "-" "Mozilla/5.0 (compatible; Baiduspider/2.0; +http://www.baidu.com/search/spider.html)"
66.249.79.1 - - [16/Aug/2015:13:08:17 -0700] "GET /lib/resortDataSearch.php?resort=mt.shasta&dateStart=2014-03-06&dateMax=2014-03-16&size=30 HTTP/1.1" 200 331 "-" "Mozilla/5.0 (compatible; Googlebot/2.1; +http://www.google.com/bot.html)"
66.249.79.1 - - [16/Aug/2015:13:08:31 -0700] "GET /lib/resortDataSearch.php?resort=whistlerblackcomb&dateStart=2014-05-23&dateMax=2014-06-02&size=30 HTTP/1.1" 200 331 "-" "Mozilla/5.0 (compatible; Googlebot/2.1; +http://www.google.com/bot.html)"
170.75.162.130 - - [16/Aug/2015:13:08:37 -0700] "GET /lib/reccapi.php?resort=crestedbutte HTTP/1.1" 200 687 "-" "node-superagent/0.18.2"
66.249.79.250 - - [16/Aug/2015:13:08:47 -0700] "GET /lib/resortDataSearch.php?resort=buttermilk&dateStart=2013-04-28&dateMax=2013-05-08&size=30 HTTP/1.1" 200 331 "-" "Mozilla/5.0 (compatible; Googlebot/2.1; +http://www.google.com/bot.html)"
66.249.79.250 - - [16/Aug/2015:13:09:00 -0700] "GET /lib/resortDataSearch.php?resort=pomerelle&dateStart=2013-05-14&dateMax=2013-05-24&size=30 HTTP/1.1" 200 331 "-" "Mozilla/5.0 (compatible; Googlebot/2.1; +http://www.google.com/bot.html)"
66.249.79.53 - - [16/Aug/2015:13:09:17 -0700] "GET /lib/resortDataSearch.php?resort=powderhorn&dateStart=2013-11-01&dateMax=2013-11-15&size=30 HTTP/1.1" 200 331 "-" "Mozilla/5.0 (compatible; Googlebot/2.1; +http://www.google.com/bot.html)"
66.249.79.1 - - [16/Aug/2015:13:09:31 -0700] "GET /lib/resortDataSearch.php?resort=telluride&dateStart=2014-01-15&dateMax=2014-01-25&size=30 HTTP/1.1" 200 331 "-" "Mozilla/5.0 (compatible; Googlebot/2.1; +http://www.google.com/bot.html)"
66.249.79.1 - - [16/Aug/2015:13:09:45 -0700] "GET /lib/resortDataSearch.php?resort=kickinghorsemountain&dateStart=2014-01-22&dateMax=2014-02-01&size=30 HTTP/1.1" 200 331 "-" "Mozilla/5.0 (compatible; Googlebot/2.1; +http://www.google.com/bot.html)"
66.249.79.14 - - [16/Aug/2015:13:10:56 -0700] "GET /lib/resortDataSearch.php?resort=stowe&dateStart=2013-04-22&dateMax=2013-05-02&size=30 HTTP/1.1" 200 331 "-" "Mozilla/5.0 (compatible; Googlebot/2.1; +http://www.google.com/bot.html)"
66.249.79.250 - - [16/Aug/2015:13:10:57 -0700] "GET /lib/resortDataSearch.php?resort=sugarbowl&dateStart=2013-02-18&dateMax=2013-02-28&size=30 HTTP/1.1" 200 331 "-" "Mozilla/5.0 (compatible; Googlebot/2.1; +http://www.google.com/bot.html)"
66.249.79.1 - - [16/Aug/2015:13:11:10 -0700] "GET /lib/resortDataSearch.php?resort=mountbohemia&dateStart=2013-09-26&dateMax=2013-10-06&size=30 HTTP/1.1" 200 331 "-" "Mozilla/5.0 (compatible; Googlebot/2.1; +http://www.google.com/bot.html)"
66.249.79.250 - - [16/Aug/2015:13:11:22 -0700] "GET /lib/resortDataSearch.php?resort=pomerelle&dateStart=2013-04-09&dateMax=2013-04-19&size=30 HTTP/1.1" 200 331 "-" "Mozilla/5.0 (compatible; Googlebot/2.1; +http://www.google.com/bot.html)"
66.249.79.14 - - [16/Aug/2015:13:11:34 -0700] "GET /lib/resortDataSearch.php?resort=silvermountain&dateStart=2014-06-19&dateMax=2014-06-29&size=30 HTTP/1.1" 200 331 "-" "Mozilla/5.0 (compatible; Googlebot/2.1; +http://www.google.com/bot.html)"
66.249.79.14 - - [16/Aug/2015:13:11:47 -0700] "GET /lib/resortDataSearch.php?resort=bogusbasin&dateStart=2014-04-27&dateMax=2014-05-07&size=30 HTTP/1.1" 200 331 "-" "Mozilla/5.0 (compatible; Googlebot/2.1; +http://www.google.com/bot.html)"
66.249.79.1 - - [16/Aug/2015:13:11:59 -0700] "GET /lib/resortDataSearch.php?resort=stowe&dateStart=2014-03-12&dateMax=2014-03-22&size=30 HTTP/1.1" 200 331 "-" "Mozilla/5.0 (compatible; Googlebot/2.1; +http://www.google.com/bot.html)"
66.249.79.14 - - [16/Aug/2015:13:12:12 -0700] "GET /lib/resortDataSearch.php?resort=parkcity&dateStart=2014-04-29&dateMax=2014-05-09&size=30 HTTP/1.1" 200 331 "-" "Mozilla/5.0 (compatible; Googlebot/2.1; +http://www.google.com/bot.html)"
66.249.79.1 - - [16/Aug/2015:13:12:24 -0700] "GET /lib/resortDataSearch.php?resort=sandiapeak&dateStart=2014-01-13&dateMax=2014-01-23&size=30 HTTP/1.1" 200 331 "-" "Mozilla/5.0 (compatible; Googlebot/2.1; +http://www.google.com/bot.html)"
66.249.79.14 - - [16/Aug/2015:13:13:57 -0700] "GET /lib/resortDataSearch.php?resort=jacksonhole&dateStart=2014-01-26&dateMax=2014-02-05&size=30 HTTP/1.1" 200 331 "-" "Mozilla/5.0 (compatible; Googlebot/2.1; +http://www.google.com/bot.html)"
66.249.79.1 - - [16/Aug/2015:13:13:58 -0700] "GET /lib/resortDataSearch.php?resort=sugarbowl&dateStart=2013-09-21&dateMax=2013-10-01&size=30 HTTP/1.1" 200 331 "-" "Mozilla/5.0 (compatible; Googlebot/2.1; +http://www.google.com/bot.html)"
220.181.108.122 - - [16/Aug/2015:13:14:05 -0700] "-" 408 0 "-" "-"
66.249.79.1 - - [16/Aug/2015:13:14:10 -0700] "GET /lib/resortDataSearch.php?resort=sunlight&dateStart=2013-04-21&dateMax=2013-05-01&size=30 HTTP/1.1" 200 331 "-" "Mozilla/5.0 (compatible; Googlebot/2.1; +http://www.google.com/bot.html)"
66.249.79.250 - - [16/Aug/2015:13:14:24 -0700] "GET /lib/resortDataSearch.php?resort=bearvalleymountain&dateStart=2013-05-09&dateMax=2013-05-19&size=30 HTTP/1.1" 200 331 "-" "Mozilla/5.0 (compatible; Googlebot/2.1; +http://www.google.com/bot.html)"
66.249.79.1 - - [16/Aug/2015:13:14:38 -0700] "GET /lib/resortDataSearch.php?resort=tamarack&dateStart=2013-01-25&dateMax=2013-02-04&size=30 HTTP/1.1" 200 331 "-" "Mozilla/5.0 (compatible; Googlebot/2.1; +http://www.google.com/bot.html)"
66.249.79.250 - - [16/Aug/2015:13:14:51 -0700] "GET /lib/resortDataSearch.php?resort=sandiapeak&dateStart=2013-05-11&dateMax=2013-05-21&size=30 HTTP/1.1" 200 331 "-" "Mozilla/5.0 (compatible; Googlebot/2.1; +http://www.google.com/bot.html)"
66.249.79.1 - - [16/Aug/2015:13:15:05 -0700] "GET /lib/resortDataSearch.php?resort=buttermilk&dateStart=2013-11-14&dateMax=2013-11-24&size=30 HTTP/1.1" 200 331 "-" "Mozilla/5.0 (compatible; Googlebot/2.1; +http://www.google.com/bot.html)"
66.249.79.1 - - [16/Aug/2015:13:15:18 -0700] "GET /lib/resortDataSearch.php?resort=crestedbutte&dateStart=2014-04-21&dateMax=2014-05-01&size=30 HTTP/1.1" 200 331 "-" "Mozilla/5.0 (compatible; Googlebot/2.1; +http://www.google.com/bot.html)"
66.249.79.250 - - [16/Aug/2015:13:15:31 -0700] "GET /lib/resortDataSearch.php?resort=winterpark&dateStart=2013-09-28&dateMax=2013-10-08&size=30 HTTP/1.1" 200 331 "-" "Mozilla/5.0 (compatible; Googlebot/2.1; +http://www.google.com/bot.html)"
66.249.79.14 - - [16/Aug/2015:13:15:45 -0700] "GET /lib/resortDataSearch.php?resort=timberline&dateStart=2012-11-29&dateMax=2012-12-09&size=30 HTTP/1.1" 200 331 "-" "Mozilla/5.0 (compatible; Googlebot/2.1; +http://www.google.com/bot.html)"
66.249.79.250 - - [16/Aug/2015:13:17:06 -0700] "GET /lib/resortDataSearch.php?resort=mountbaker&dateStart=2014-04-21&dateMax=2014-05-01&size=30 HTTP/1.1" 200 331 "-" "Mozilla/5.0 (compatible; Googlebot/2.1; +http://www.google.com/bot.html)"
66.249.79.250 - - [16/Aug/2015:13:17:07 -0700] "GET /lib/resortDataSearch.php?resort=alta&dateStart=2013-04-30&dateMax=2013-05-10&size=30 HTTP/1.1" 200 330 "-" "Mozilla/5.0 (compatible; Googlebot/2.1; +http://www.google.com/bot.html)"
66.249.79.1 - - [16/Aug/2015:13:17:21 -0700] "GET /lib/resortDataSearch.php?resort=mt.shasta&dateStart=2014-02-15&dateMax=2014-02-25&size=30 HTTP/1.1" 200 331 "-" "Mozilla/5.0 (compatible; Googlebot/2.1; +http://www.google.com/bot.html)"
66.249.79.40 - - [16/Aug/2015:13:17:36 -0700] "GET /lib/resortDataSearch.php?resort=smugglersnotch&dateStart=2013-10-25&dateMax=2013-11-08&size=30 HTTP/1.1" 200 331 "-" "Mozilla/5.0 (compatible; Googlebot/2.1; +http://www.google.com/bot.html)"
