66.87.112.86 - - [23/Dec/2015:22:25:05 -0800] "GET /lib/reccapi.php?fields=t HTTP/1.1" 200 1893 "http://whereshouldiski.com/" "Mozilla/5.0 (iPhone; CPU iPhone OS 9_2 like Mac OS X) AppleWebKit/601.1.46 (KHTML, like Gecko) Version/9.0 Mobile/13C75 Safari/601.1"
66.87.112.86 - - [23/Dec/2015:22:25:17 -0800] "GET /lib/reccapi.php?resort=mounthoodmeadows&date=2015-12-23 HTTP/1.1" 200 1112 "http://whereshouldiski.com/" "Mozilla/5.0 (iPhone; CPU iPhone OS 9_2 like Mac OS X) AppleWebKit/601.1.46 (KHTML, like Gecko) Version/9.0 Mobile/13C75 Safari/601.1"
66.87.112.86 - - [23/Dec/2015:22:25:18 -0800] "GET /images/snowforecast-logo.jpg HTTP/1.1" 200 22988 "http://whereshouldiski.com/" "Mozilla/5.0 (iPhone; CPU iPhone OS 9_2 like Mac OS X) AppleWebKit/601.1.46 (KHTML, like Gecko) Version/9.0 Mobile/13C75 Safari/601.1"
66.87.112.86 - - [23/Dec/2015:22:25:18 -0800] "GET /images/opensnow_logo.png HTTP/1.1" 200 11777 "http://whereshouldiski.com/" "Mozilla/5.0 (iPhone; CPU iPhone OS 9_2 like Mac OS X) AppleWebKit/601.1.46 (KHTML, like Gecko) Version/9.0 Mobile/13C75 Safari/601.1"
66.87.112.86 - - [23/Dec/2015:22:25:18 -0800] "GET /lib/reccapi.php?fields=t&date=2015-12-23&coords=45.34%2C-121.69&size=7&sort=distance HTTP/1.1" 200 1392 "http://whereshouldiski.com/" "Mozilla/5.0 (iPhone; CPU iPhone OS 9_2 like Mac OS X) AppleWebKit/601.1.46 (KHTML, like Gecko) Version/9.0 Mobile/13C75 Safari/601.1"
66.87.112.86 - - [23/Dec/2015:22:25:18 -0800] "GET /images/snowflake-med-5.png HTTP/1.1" 200 6157 "http://whereshouldiski.com/" "Mozilla/5.0 (iPhone; CPU iPhone OS 9_2 like Mac OS X) AppleWebKit/601.1.46 (KHTML, like Gecko) Version/9.0 Mobile/13C75 Safari/601.1"
66.87.112.86 - - [23/Dec/2015:22:25:18 -0800] "GET /images/sun-med-5.png HTTP/1.1" 200 7626 "http://whereshouldiski.com/" "Mozilla/5.0 (iPhone; CPU iPhone OS 9_2 like Mac OS X) AppleWebKit/601.1.46 (KHTML, like Gecko) Version/9.0 Mobile/13C75 Safari/601.1"
66.87.112.86 - - [23/Dec/2015:22:25:18 -0800] "GET /images/stars-med-5.png HTTP/1.1" 200 4124 "http://whereshouldiski.com/" "Mozilla/5.0 (iPhone; CPU iPhone OS 9_2 like Mac OS X) AppleWebKit/601.1.46 (KHTML, like Gecko) Version/9.0 Mobile/13C75 Safari/601.1"
66.87.112.86 - - [23/Dec/2015:22:25:18 -0800] "GET /lib/resortDataSearchD3.php?size=7&sortDate=T&resort=mounthoodmeadows&dateStart=2015-12-21 HTTP/1.1" 200 870 "http://whereshouldiski.com/" "Mozilla/5.0 (iPhone; CPU iPhone OS 9_2 like Mac OS X) AppleWebKit/601.1.46 (KHTML, like Gecko) Version/9.0 Mobile/13C75 Safari/601.1"
66.87.112.86 - - [23/Dec/2015:22:25:18 -0800] "GET /images/mtns-30px.png HTTP/1.1" 200 1201 "http://whereshouldiski.com/" "Mozilla/5.0 (iPhone; CPU iPhone OS 9_2 like Mac OS X) AppleWebKit/601.1.46 (KHTML, like Gecko) Version/9.0 Mobile/13C75 Safari/601.1"
66.87.112.86 - - [23/Dec/2015:22:25:18 -0800] "GET /images/shading-53px.png HTTP/1.1" 200 547 "http://whereshouldiski.com/" "Mozilla/5.0 (iPhone; CPU iPhone OS 9_2 like Mac OS X) AppleWebKit/601.1.46 (KHTML, like Gecko) Version/9.0 Mobile/13C75 Safari/601.1"
66.87.112.86 - - [23/Dec/2015:22:25:59 -0800] "GET /lib/reccapi.php?fields=t HTTP/1.1" 200 1894 "http://whereshouldiski.com/" "Mozilla/5.0 (iPhone; CPU iPhone OS 9_2 like Mac OS X) AppleWebKit/601.1.46 (KHTML, like Gecko) Version/9.0 Mobile/13C75 Safari/601.1"
45.79.87.95 - - [23/Dec/2015:22:29:34 -0800] "HEAD / HTTP/1.1" 200 371 "http://uptimechecker.com/whereshouldiski.com" "Mozilla/5.0 (X11; Linux x86_64) AppleWebKit/537.36 (KHTML, like Gecko) Chrome/46.0.2490.71 Safari/537.36"
66.87.112.86 - - [23/Dec/2015:22:35:27 -0800] "GET /lib/reccapi.php?fields=t HTTP/1.1" 200 1894 "http://whereshouldiski.com/" "Mozilla/5.0 (iPhone; CPU iPhone OS 9_2 like Mac OS X) AppleWebKit/601.1.46 (KHTML, like Gecko) Version/9.0 Mobile/13C75 Safari/601.1"
170.75.162.130 - - [23/Dec/2015:22:35:28 -0800] "GET /lib/reccapi.php?resort=diamondpeak HTTP/1.1" 200 955 "-" "node-superagent/1.4.0"
70.197.4.201 - - [23/Dec/2015:22:36:26 -0800] "GET /images/wsis-logo-sm.png HTTP/1.1" 200 6108 "http://www.thebackcountry.net/" "Mozilla/5.0 (Macintosh; Intel Mac OS X 10_11_1) AppleWebKit/537.36 (KHTML, like Gecko) Chrome/47.0.2526.106 Safari/537.36"
70.197.4.201 - - [23/Dec/2015:22:37:15 -0800] "GET / HTTP/1.1" 200 2615 "http://www.thebackcountry.net/index.html" "Mozilla/5.0 (Macintosh; Intel Mac OS X 10_11_1) AppleWebKit/537.36 (KHTML, like Gecko) Chrome/47.0.2526.106 Safari/537.36"
70.197.4.201 - - [23/Dec/2015:22:37:15 -0800] "GET /styles/ee08faa9.main.css HTTP/1.1" 200 19446 "http://whereshouldiski.com/" "Mozilla/5.0 (Macintosh; Intel Mac OS X 10_11_1) AppleWebKit/537.36 (KHTML, like Gecko) Chrome/47.0.2526.106 Safari/537.36"
70.197.4.201 - - [23/Dec/2015:22:37:15 -0800] "GET /scripts/scripts/vendor/modernizr.js HTTP/1.1" 200 4903 "http://whereshouldiski.com/" "Mozilla/5.0 (Macintosh; Intel Mac OS X 10_11_1) AppleWebKit/537.36 (KHTML, like Gecko) Chrome/47.0.2526.106 Safari/537.36"
70.197.4.201 - - [23/Dec/2015:22:37:15 -0800] "GET /bower_components/requirejs/require.js HTTP/1.1" 200 6702 "http://whereshouldiski.com/" "Mozilla/5.0 (Macintosh; Intel Mac OS X 10_11_1) AppleWebKit/537.36 (KHTML, like Gecko) Chrome/47.0.2526.106 Safari/537.36"
70.197.4.201 - - [23/Dec/2015:22:37:15 -0800] "GET /images/logo-square-white-sm.png HTTP/1.1" 200 1684 "http://whereshouldiski.com/" "Mozilla/5.0 (Macintosh; Intel Mac OS X 10_11_1) AppleWebKit/537.36 (KHTML, like Gecko) Chrome/47.0.2526.106 Safari/537.36"
70.197.4.201 - - [23/Dec/2015:22:37:15 -0800] "GET /images/loading.gif HTTP/1.1" 200 13881 "http://whereshouldiski.com/" "Mozilla/5.0 (Macintosh; Intel Mac OS X 10_11_1) AppleWebKit/537.36 (KHTML, like Gecko) Chrome/47.0.2526.106 Safari/537.36"
70.197.4.201 - - [23/Dec/2015:22:37:15 -0800] "GET /scripts/fa48e319.main.js HTTP/1.1" 200 123455 "http://whereshouldiski.com/" "Mozilla/5.0 (Macintosh; Intel Mac OS X 10_11_1) AppleWebKit/537.36 (KHTML, like Gecko) Chrome/47.0.2526.106 Safari/537.36"
70.197.4.201 - - [23/Dec/2015:22:37:16 -0800] "GET /images/button.png HTTP/1.1" 200 598 "http://whereshouldiski.com/styles/ee08faa9.main.css" "Mozilla/5.0 (Macintosh; Intel Mac OS X 10_11_1) AppleWebKit/537.36 (KHTML, like Gecko) Chrome/47.0.2526.106 Safari/537.36"
70.197.4.201 - - [23/Dec/2015:22:37:16 -0800] "GET /images/greyHeader.png HTTP/1.1" 200 508 "http://whereshouldiski.com/styles/ee08faa9.main.css" "Mozilla/5.0 (Macintosh; Intel Mac OS X 10_11_1) AppleWebKit/537.36 (KHTML, like Gecko) Chrome/47.0.2526.106 Safari/537.36"
70.197.4.201 - - [23/Dec/2015:22:37:16 -0800] "GET /lib/reccapi.php?fields=t HTTP/1.1" 200 1893 "http://whereshouldiski.com/" "Mozilla/5.0 (Macintosh; Intel Mac OS X 10_11_1) AppleWebKit/537.36 (KHTML, like Gecko) Chrome/47.0.2526.106 Safari/537.36"
70.197.4.201 - - [23/Dec/2015:22:37:16 -0800] "GET /images/bluebird5.png HTTP/1.1" 200 2177 "http://whereshouldiski.com/styles/ee08faa9.main.css" "Mozilla/5.0 (Macintosh; Intel Mac OS X 10_11_1) AppleWebKit/537.36 (KHTML, like Gecko) Chrome/47.0.2526.106 Safari/537.36"
70.197.4.201 - - [23/Dec/2015:22:37:16 -0800] "GET /images/mtns-icon.png HTTP/1.1" 200 1096 "http://whereshouldiski.com/styles/ee08faa9.main.css" "Mozilla/5.0 (Macintosh; Intel Mac OS X 10_11_1) AppleWebKit/537.36 (KHTML, like Gecko) Chrome/47.0.2526.106 Safari/537.36"
70.197.4.201 - - [23/Dec/2015:22:37:16 -0800] "GET /images/star5.png HTTP/1.1" 200 1783 "http://whereshouldiski.com/styles/ee08faa9.main.css" "Mozilla/5.0 (Macintosh; Intel Mac OS X 10_11_1) AppleWebKit/537.36 (KHTML, like Gecko) Chrome/47.0.2526.106 Safari/537.36"
70.197.4.201 - - [23/Dec/2015:22:37:16 -0800] "GET /images/snowflake5.png HTTP/1.1" 200 2857 "http://whereshouldiski.com/styles/ee08faa9.main.css" "Mozilla/5.0 (Macintosh; Intel Mac OS X 10_11_1) AppleWebKit/537.36 (KHTML, like Gecko) Chrome/47.0.2526.106 Safari/537.36"
70.197.4.201 - - [23/Dec/2015:22:37:16 -0800] "GET /images/shading-icon.png HTTP/1.1" 200 537 "http://whereshouldiski.com/styles/ee08faa9.main.css" "Mozilla/5.0 (Macintosh; Intel Mac OS X 10_11_1) AppleWebKit/537.36 (KHTML, like Gecko) Chrome/47.0.2526.106 Safari/537.36"
70.197.4.201 - - [23/Dec/2015:22:37:16 -0800] "GET /favicon.ico HTTP/1.1" 200 4612 "http://whereshouldiski.com/" "Mozilla/5.0 (Macintosh; Intel Mac OS X 10_11_1) AppleWebKit/537.36 (KHTML, like Gecko) Chrome/47.0.2526.106 Safari/537.36"
75.111.98.245 - - [23/Dec/2015:22:52:40 -0800] "GET /images/wsis-logo-sm.png HTTP/1.1" 200 6108 "http://www.thebackcountry.net/" "Mozilla/5.0 (Macintosh; Intel Mac OS X 10_11_1) AppleWebKit/601.2.7 (KHTML, like Gecko) Version/9.0.1 Safari/601.2.7"
170.75.162.130 - - [23/Dec/2015:22:59:38 -0800] "GET /lib/reccapi.php?resort=whitefacemountain HTTP/1.1" 200 1064 "-" "node-superagent/1.4.0"
207.192.252.155 - - [23/Dec/2015:23:06:42 -0800] "GET /images/wsis-logo-sm.png HTTP/1.1" 200 6108 "http://www.thebackcountry.net/" "Mozilla/5.0 (Macintosh; Intel Mac OS X 10_10_5) AppleWebKit/601.2.7 (KHTML, like Gecko) Version/9.0.1 Safari/601.2.7"
70.211.78.138 - - [23/Dec/2015:23:20:05 -0800] "GET /images/wsis-logo-sm.png HTTP/1.1" 200 6108 "http://www.thebackcountry.net/" "Mozilla/5.0 (iPhone; CPU iPhone OS 9_1 like Mac OS X) AppleWebKit/601.1.46 (KHTML, like Gecko) Version/9.0 Mobile/13B143 Safari/601.1"
72.47.22.10 - - [23/Dec/2015:23:29:35 -0800] "GET /images/wsis-logo-sm.png HTTP/1.1" 200 6108 "http://www.thebackcountry.net/" "Mozilla/5.0 (iPhone; CPU iPhone OS 8_4 like Mac OS X) AppleWebKit/600.1.4 (KHTML, like Gecko) Mobile/12H143"
76.198.29.157 - - [23/Dec/2015:23:31:35 -0800] "GET /images/wsis-logo-sm.png HTTP/1.1" 200 6108 "http://www.thebackcountry.net/" "Mozilla/5.0 (Macintosh; Intel Mac OS X 10_9_5) AppleWebKit/537.36 (KHTML, like Gecko) Chrome/47.0.2526.106 Safari/537.36"
208.180.213.143 - - [23/Dec/2015:23:43:07 -0800] "GET /images/wsis-logo-sm.png HTTP/1.1" 200 6108 "http://www.thebackcountry.net/" "Mozilla/5.0 (Linux; Android 5.1.1; LG-H900 Build/LMY47V) AppleWebKit/537.36 (KHTML, like Gecko) Chrome/47.0.2526.83 Mobile Safari/537.36"
180.76.15.20 - - [23/Dec/2015:23:43:25 -0800] "GET /scripts/scripts/vendor/modernizr.js HTTP/1.1" 200 4866 "-" "Mozilla/5.0 (compatible; Baiduspider/2.0; +http://www.baidu.com/search/spider.html)"
208.180.213.143 - - [23/Dec/2015:23:43:29 -0800] "-" 408 0 "-" "-"
198.8.80.129 - - [23/Dec/2015:23:47:15 -0800] "GET /images/wsis-logo-sm.png HTTP/1.1" 200 6108 "http://www.thebackcountry.net/" "Mozilla/5.0 (Windows NT 10.0; WOW64) AppleWebKit/537.36 (KHTML, like Gecko) Chrome/47.0.2526.106 Safari/537.36"
170.75.162.130 - - [23/Dec/2015:23:51:04 -0800] "GET /lib/reccapi.php?resort=arapahoebasin HTTP/1.1" 200 1102 "-" "node-superagent/1.4.0"
170.75.162.130 - - [23/Dec/2015:23:51:04 -0800] "GET /lib/reccapi.php?resort=alpinemeadows HTTP/1.1" 200 1039 "-" "node-superagent/1.4.0"
170.75.162.130 - - [23/Dec/2015:23:51:04 -0800] "GET /lib/reccapi.php?resort=49degreesnorth HTTP/1.1" 200 1061 "-" "node-superagent/1.4.0"
170.75.162.130 - - [23/Dec/2015:23:51:04 -0800] "GET /lib/reccapi.php?resort=alyeska HTTP/1.1" 200 946 "-" "node-superagent/1.4.0"
170.75.162.130 - - [23/Dec/2015:23:51:04 -0800] "GET /lib/reccapi.php?resort=angelfire HTTP/1.1" 200 1029 "-" "node-superagent/1.4.0"
170.75.162.130 - - [23/Dec/2015:23:51:04 -0800] "GET /lib/reccapi.php?resort=aspenheights HTTP/1.1" 200 1045 "-" "node-superagent/1.4.0"
170.75.162.130 - - [23/Dec/2015:23:51:04 -0800] "GET /lib/reccapi.php?resort=aspenmountain HTTP/1.1" 200 1058 "-" "node-superagent/1.4.0"
170.75.162.130 - - [23/Dec/2015:23:51:04 -0800] "GET /lib/reccapi.php?resort=bigsky HTTP/1.1" 200 1056 "-" "node-superagent/1.4.0"
170.75.162.130 - - [23/Dec/2015:23:51:04 -0800] "GET /lib/reccapi.php?resort=bigwhite HTTP/1.1" 200 924 "-" "node-superagent/1.4.0"
170.75.162.130 - - [23/Dec/2015:23:51:05 -0800] "GET /lib/reccapi.php?resort=brianhead HTTP/1.1" 200 1093 "-" "node-superagent/1.4.0"
170.75.162.130 - - [23/Dec/2015:23:51:05 -0800] "GET /lib/reccapi.php?resort=brighton HTTP/1.1" 200 1098 "-" "node-superagent/1.4.0"
170.75.162.130 - - [23/Dec/2015:23:51:05 -0800] "GET /lib/reccapi.php?resort=buttermilk HTTP/1.1" 200 1041 "-" "node-superagent/1.4.0"
170.75.162.130 - - [23/Dec/2015:23:52:04 -0800] "GET /lib/reccapi.php?resort=deervalley HTTP/1.1" 200 1093 "-" "node-superagent/1.4.0"
170.75.162.130 - - [23/Dec/2015:23:52:04 -0800] "GET /lib/reccapi.php?resort=coppermountain HTTP/1.1" 200 1090 "-" "node-superagent/1.4.0"
170.75.162.130 - - [23/Dec/2015:23:52:04 -0800] "GET /lib/reccapi.php?resort=crystalmountain HTTP/1.1" 200 1033 "-" "node-superagent/1.4.0"
170.75.162.130 - - [23/Dec/2015:23:52:04 -0800] "GET /lib/reccapi.php?resort=grandtarghee HTTP/1.1" 200 1087 "-" "node-superagent/1.4.0"
170.75.162.130 - - [23/Dec/2015:23:52:04 -0800] "GET /lib/reccapi.php?resort=devilshead HTTP/1.1" 200 1053 "-" "node-superagent/1.4.0"
170.75.162.130 - - [23/Dec/2015:23:52:04 -0800] "GET /lib/reccapi.php?resort=chinapeak HTTP/1.1" 200 989 "-" "node-superagent/1.4.0"
170.75.162.130 - - [23/Dec/2015:23:52:04 -0800] "GET /lib/reccapi.php?resort=homewoodmountain HTTP/1.1" 200 1071 "-" "node-superagent/1.4.0"
170.75.162.130 - - [23/Dec/2015:23:52:04 -0800] "GET /lib/reccapi.php?resort=keystone HTTP/1.1" 200 1109 "-" "node-superagent/1.4.0"
170.75.162.130 - - [23/Dec/2015:23:52:04 -0800] "GET /lib/reccapi.php?resort=heavenly HTTP/1.1" 200 1023 "-" "node-superagent/1.4.0"
170.75.162.130 - - [23/Dec/2015:23:52:04 -0800] "GET /lib/reccapi.php?resort=kirkwood HTTP/1.1" 200 1093 "-" "node-superagent/1.4.0"
170.75.162.130 - - [23/Dec/2015:23:52:04 -0800] "GET /lib/reccapi.php?resort=loveland HTTP/1.1" 200 1083 "-" "node-superagent/1.4.0"
170.75.162.130 - - [23/Dec/2015:23:52:04 -0800] "GET /lib/reccapi.php?resort=killington HTTP/1.1" 200 1082 "-" "node-superagent/1.4.0"
170.75.162.130 - - [23/Dec/2015:23:52:09 -0800] "GET /lib/reccapi.php?resort=madriverglen HTTP/1.1" 200 1066 "-" "node-superagent/1.4.0"
170.75.162.130 - - [23/Dec/2015:23:52:14 -0800] "GET /lib/reccapi.php?resort=mammothmountain HTTP/1.1" 200 1013 "-" "node-superagent/1.4.0"
170.75.162.130 - - [23/Dec/2015:23:52:19 -0800] "GET /lib/reccapi.php?resort=monarch HTTP/1.1" 200 1062 "-" "node-superagent/1.4.0"
170.75.162.130 - - [23/Dec/2015:23:52:24 -0800] "GET /lib/reccapi.php?resort=mountspokane HTTP/1.1" 200 1047 "-" "node-superagent/1.4.0"
170.75.162.130 - - [23/Dec/2015:23:52:29 -0800] "GET /lib/reccapi.php?resort=mountainhigh HTTP/1.1" 200 999 "-" "node-superagent/1.4.0"
170.75.162.130 - - [23/Dec/2015:23:52:34 -0800] "GET /lib/reccapi.php?resort=mounthoodmeadows HTTP/1.1" 200 1075 "-" "node-superagent/1.4.0"
170.75.162.130 - - [23/Dec/2015:23:52:39 -0800] "GET /lib/reccapi.php?resort=mtrose HTTP/1.1" 200 963 "-" "node-superagent/1.4.0"
170.75.162.130 - - [23/Dec/2015:23:52:44 -0800] "GET /lib/reccapi.php?resort=northstar-at-tahoe HTTP/1.1" 200 1034 "-" "node-superagent/1.4.0"
170.75.162.130 - - [23/Dec/2015:23:52:49 -0800] "GET /lib/reccapi.php?resort=cannonmountain HTTP/1.1" 200 992 "-" "node-superagent/1.4.0"
170.75.162.130 - - [23/Dec/2015:23:52:54 -0800] "GET /lib/reccapi.php?resort=crestedbutte HTTP/1.1" 200 1068 "-" "node-superagent/1.4.0"
170.75.162.130 - - [23/Dec/2015:23:52:59 -0800] "GET /lib/reccapi.php?resort=hoodoo HTTP/1.1" 200 1044 "-" "node-superagent/1.4.0"
170.75.162.130 - - [23/Dec/2015:23:53:04 -0800] "GET /lib/reccapi.php?resort=jacksonhole HTTP/1.1" 200 1088 "-" "node-superagent/1.4.0"
170.75.162.130 - - [23/Dec/2015:23:53:09 -0800] "GET /lib/reccapi.php?resort=mountbachelor HTTP/1.1" 200 1062 "-" "node-superagent/1.4.0"
73.15.64.10 - - [23/Dec/2015:23:58:05 -0800] "GET /images/wsis-logo-sm.png HTTP/1.1" 200 6108 "http://thebackcountry.net/" "Mozilla/5.0 (Windows NT 10.0; WOW64) AppleWebKit/537.36 (KHTML, like Gecko) Chrome/47.0.2526.106 Safari/537.36"
66.249.79.234 - - [24/Dec/2015:00:07:08 -0800] "GET / HTTP/1.1" 200 2615 "-" "Mozilla/5.0 (iPhone; CPU iPhone OS 8_3 like Mac OS X) AppleWebKit/600.1.4 (KHTML, like Gecko) Version/8.0 Mobile/12F70 Safari/600.1.4 (compatible; Googlebot/2.1; +http://www.google.com/bot.html)"
170.75.162.130 - - [24/Dec/2015:00:17:07 -0800] "GET /lib/reccapi.php?resort=snowmass HTTP/1.1" 200 1065 "-" "node-superagent/1.4.0"
188.61.203.197 - - [24/Dec/2015:00:25:05 -0800] "GET /images/wsis-logo-sm.png HTTP/1.1" 200 6108 "http://www.thebackcountry.net/" "Mozilla/5.0 (Macintosh; Intel Mac OS X 10_10_5) AppleWebKit/601.3.9 (KHTML, like Gecko) Version/9.0.2 Safari/601.3.9"
123.125.71.114 - - [24/Dec/2015:00:30:29 -0800] "GET / HTTP/1.1" 200 2578 "-" "Mozilla/5.0 (compatible; Baiduspider/2.0; +http://www.baidu.com/search/spider.html)"
176.97.116.171 - - [24/Dec/2015:00:37:52 -0800] "GET / HTTP/1.1" 200 7032 "-" "-"
176.97.116.171 - - [24/Dec/2015:00:37:52 -0800] "GET /xmlrpc.php HTTP/1.1" 404 476 "-" "-"
176.97.116.171 - - [24/Dec/2015:00:37:53 -0800] "HEAD /wp-login.php HTTP/1.1" 404 163 "-" "-"
123.125.71.50 - - [24/Dec/2015:00:39:17 -0800] "GET / HTTP/1.1" 200 2578 "-" "Mozilla/5.0 (Windows NT 5.1; rv:6.0.2) Gecko/20100101 Firefox/6.0.2"
123.125.71.21 - - [24/Dec/2015:00:39:17 -0800] "GET / HTTP/1.1" 200 6995 "-" "Mozilla/5.0 (Windows NT 5.1; rv:6.0.2) Gecko/20100101 Firefox/6.0.2"
220.181.108.162 - - [24/Dec/2015:00:45:39 -0800] "GET / HTTP/1.1" 200 2578 "-" "Mozilla/5.0 (Windows NT 5.1; rv:6.0.2) Gecko/20100101 Firefox/6.0.2"
220.181.108.178 - - [24/Dec/2015:00:45:45 -0800] "GET / HTTP/1.1" 200 6995 "-" "Mozilla/5.0 (Windows NT 5.1; rv:6.0.2) Gecko/20100101 Firefox/6.0.2"
188.68.224.62 - - [24/Dec/2015:00:57:22 -0800] "GET http://51.254.206.142/httptest.php HTTP/1.1" 404 448 "-" "-"
94.102.51.140 - - [24/Dec/2015:01:20:31 -0800] "GET /images/wsis-logo-sm.png HTTP/1.1" 200 6108 "http://thebackcountry.net/" "Mozilla/5.0 (X11; Ubuntu; Linux x86_64; rv:43.0) Gecko/20100101 Firefox/43.0"
66.249.79.220 - - [24/Dec/2015:01:22:15 -0800] "GET /resorts?resort=wildcatmountain&date=2012-12-18 HTTP/1.1" 404 506 "-" "Mozilla/5.0 (compatible; Googlebot/2.1; +http://www.google.com/bot.html)"
141.212.122.129 - - [24/Dec/2015:01:41:16 -0800] "CONNECT proxytest.zmap.io:80 HTTP/1.1" 405 541 "-" "Mozilla/5.0 zgrab/0.x"
66.249.79.220 - - [24/Dec/2015:01:54:05 -0800] "GET /lib/reccapi.php?resort=mountbaker&date=2015-12-23 HTTP/1.1" 200 1067 "http://whereshouldiski.com/" "Mozilla/5.0 (compatible; Googlebot/2.1; +http://www.google.com/bot.html)"
66.249.79.220 - - [24/Dec/2015:01:54:07 -0800] "GET /lib/reccapi.php?fields=t&date=2015-12-23&coords=48.86%2C-121.68&size=7&sort=distance HTTP/1.1" 200 1430 "http://whereshouldiski.com/" "Mozilla/5.0 (compatible; Googlebot/2.1; +http://www.google.com/bot.html)"
66.249.79.220 - - [24/Dec/2015:01:54:07 -0800] "GET /lib/resortDataSearchD3.php?size=7&sortDate=T&resort=mountbaker&dateStart=2015-12-21 HTTP/1.1" 200 882 "http://whereshouldiski.com/" "Mozilla/5.0 (compatible; Googlebot/2.1; +http://www.google.com/bot.html)"
207.46.13.183 - - [24/Dec/2015:01:55:37 -0800] "GET /robots.txt HTTP/1.1" 200 375 "-" "Mozilla/5.0 (compatible; bingbot/2.0; +http://www.bing.com/bingbot.htm)"
207.46.13.183 - - [24/Dec/2015:01:56:11 -0800] "GET / HTTP/1.1" 200 2615 "-" "Mozilla/5.0 (compatible; bingbot/2.0; +http://www.bing.com/bingbot.htm)"
188.68.224.62 - - [24/Dec/2015:01:56:15 -0800] "GET http://51.254.206.142/httptest.php HTTP/1.1" 404 448 "-" "-"
188.68.224.62 - - [24/Dec/2015:02:01:28 -0800] "GET http://51.254.206.142/httptest.php HTTP/1.1" 404 448 "-" "-"
66.249.79.234 - - [24/Dec/2015:02:11:13 -0800] "GET /lib/reccapi.php?resort=mountbaker&date=2015-12-22 HTTP/1.1" 200 1066 "http://whereshouldiski.com/" "Mozilla/5.0 (compatible; Googlebot/2.1; +http://www.google.com/bot.html)"
66.249.79.220 - - [24/Dec/2015:02:11:15 -0800] "GET /lib/reccapi.php?fields=t&date=2015-12-22&coords=48.86%2C-121.68&size=7&sort=distance HTTP/1.1" 200 1441 "http://whereshouldiski.com/" "Mozilla/5.0 (compatible; Googlebot/2.1; +http://www.google.com/bot.html)"
66.249.79.220 - - [24/Dec/2015:02:11:15 -0800] "GET /lib/resortDataSearchD3.php?size=7&sortDate=T&resort=mountbaker&dateStart=2015-12-20 HTTP/1.1" 200 878 "http://whereshouldiski.com/" "Mozilla/5.0 (compatible; Googlebot/2.1; +http://www.google.com/bot.html)"
51.254.143.239 - - [24/Dec/2015:02:41:12 -0800] "GET /robots.txt HTTP/1.0" 200 338 "-" "Mozilla/5.0 (compatible; MJ12bot/v1.4.5; http://www.majestic12.co.uk/bot.php?+)"
51.254.143.239 - - [24/Dec/2015:02:41:14 -0800] "GET /resorts?resort=mtrose HTTP/1.0" 404 495 "-" "Mozilla/5.0 (compatible; MJ12bot/v1.4.5; http://www.majestic12.co.uk/bot.php?+)"
51.254.143.239 - - [24/Dec/2015:02:41:16 -0800] "GET /resorts?resort=northstar-at-tahoe HTTP/1.0" 404 469 "-" "Mozilla/5.0 (compatible; MJ12bot/v1.4.5; http://www.majestic12.co.uk/bot.php?+)"
51.254.143.239 - - [24/Dec/2015:02:41:17 -0800] "GET /viz/2012-2013-viz.php HTTP/1.0" 404 469 "-" "Mozilla/5.0 (compatible; MJ12bot/v1.4.5; http://www.majestic12.co.uk/bot.php?+)"
66.249.79.220 - - [24/Dec/2015:03:11:47 -0800] "GET /resorts?resort=mountbaker&date=2014-03-05 HTTP/1.1" 404 506 "-" "Mozilla/5.0 (iPhone; CPU iPhone OS 8_3 like Mac OS X) AppleWebKit/600.1.4 (KHTML, like Gecko) Version/8.0 Mobile/12F70 Safari/600.1.4 (compatible; Googlebot/2.1; +http://www.google.com/bot.html)"
108.208.153.209 - - [24/Dec/2015:03:25:16 -0800] "GET /images/wsis-logo-sm.png HTTP/1.1" 200 6108 "http://www.thebackcountry.net/" "Mozilla/5.0 (Linux; Android 5.1.1; SAMSUNG-SM-G900A Build/LMY47X) AppleWebKit/537.36 (KHTML, like Gecko) SamsungBrowser/2.1 Chrome/34.0.1847.76 Mobile Safari/537.36"
185.106.92.33 - - [24/Dec/2015:03:26:30 -0800] "HEAD / HTTP/1.1" 200 291 "-" "curl/7.38.0"
159.203.73.241 - - [24/Dec/2015:03:31:24 -0800] "GET /robots.txt HTTP/1.1" 200 382 "-" "Mozilla/5.0 (compatible; spbot/4.4.2; +http://OpenLinkProfiler.org/bot )"
159.203.73.241 - - [24/Dec/2015:03:31:30 -0800] "GET / HTTP/1.1" 200 2578 "-" "Mozilla/5.0 (compatible; spbot/4.4.2; +http://OpenLinkProfiler.org/bot )"
159.203.73.241 - - [24/Dec/2015:03:31:31 -0800] "GET /about HTTP/1.1" 404 472 "http://www.whereshouldiski.com/" "Mozilla/5.0 (compatible; spbot/4.4.2; +http://OpenLinkProfiler.org/bot )"
170.75.162.130 - - [24/Dec/2015:03:50:03 -0800] "GET /lib/reccapi.php?resort=schweitzer HTTP/1.1" 200 1007 "-" "node-superagent/1.4.0"
170.75.162.130 - - [24/Dec/2015:03:52:13 -0800] "GET /lib/reccapi.php?resort=aspenheights HTTP/1.1" 200 1114 "-" "node-superagent/1.4.0"
170.75.162.130 - - [24/Dec/2015:03:56:33 -0800] "GET /lib/reccapi.php?resort=silverstarmountain HTTP/1.1" 200 930 "-" "node-superagent/1.4.0"
170.75.162.130 - - [24/Dec/2015:04:08:45 -0800] "GET /lib/reccapi.php?resort=taos HTTP/1.1" 200 1008 "-" "node-superagent/1.4.0"
170.75.162.130 - - [24/Dec/2015:04:15:25 -0800] "GET /lib/reccapi.php?resort=stevenspass HTTP/1.1" 200 1021 "-" "node-superagent/1.4.0"
111.206.36.18 - - [24/Dec/2015:04:21:52 -0800] "GET /images/wsis-logo-sm.png HTTP/1.1" 200 6108 "http://www.thebackcountry.net/" "Mozilla/5.0 (Windows NT 5.1; rv:8.0.1) Gecko/20100101 Firefox/8.0.1"
170.75.162.130 - - [24/Dec/2015:04:23:16 -0800] "GET /lib/reccapi.php?resort=mounthoodmeadows HTTP/1.1" 200 1093 "-" "node-superagent/1.4.0"
170.75.162.130 - - [24/Dec/2015:04:23:16 -0800] "GET /lib/reccapi.php?resort=mtrose HTTP/1.1" 200 1050 "-" "node-superagent/1.4.0"
170.75.162.130 - - [24/Dec/2015:04:23:16 -0800] "GET /lib/reccapi.php?resort=northstar-at-tahoe HTTP/1.1" 200 1031 "-" "node-superagent/1.4.0"
170.75.162.130 - - [24/Dec/2015:04:23:26 -0800] "GET /lib/reccapi.php?resort=redmountain HTTP/1.1" 200 912 "-" "node-superagent/1.4.0"
170.75.162.130 - - [24/Dec/2015:04:24:47 -0800] "GET /lib/reccapi.php?resort=whistlerblackcomb HTTP/1.1" 200 936 "-" "node-superagent/1.4.0"
170.75.162.130 - - [24/Dec/2015:04:32:38 -0800] "GET /lib/reccapi.php?resort=snowbird HTTP/1.1" 200 1012 "-" "node-superagent/1.4.0"
170.75.162.130 - - [24/Dec/2015:04:32:48 -0800] "GET /lib/reccapi.php?resort=cannonmountain HTTP/1.1" 200 1093 "-" "node-superagent/1.4.0"
170.75.162.130 - - [24/Dec/2015:04:32:48 -0800] "GET /lib/reccapi.php?resort=wildcatmountain HTTP/1.1" 200 1099 "-" "node-superagent/1.4.0"
70.214.35.75 - - [24/Dec/2015:04:34:23 -0800] "GET /images/wsis-logo-sm.png HTTP/1.1" 200 6108 "http://thebackcountry.net/" "Mozilla/5.0 (iPhone; CPU iPhone OS 9_2 like Mac OS X) AppleWebKit/601.1.46 (KHTML, like Gecko) Version/9.0 Mobile/13C75 Safari/601.1"
170.75.162.130 - - [24/Dec/2015:05:01:21 -0800] "GET /lib/reccapi.php?resort=alpinemeadows HTTP/1.1" 200 1095 "-" "node-superagent/1.4.0"
66.249.79.234 - - [24/Dec/2015:05:01:54 -0800] "GET / HTTP/1.1" 200 2615 "-" "SAMSUNG-SGH-E250/1.0 Profile/MIDP-2.0 Configuration/CLDC-1.1 UP.Browser/6.2.3.3.c.1.101 (GUI) MMP/2.0 (compatible; Googlebot-Mobile/2.1; +http://www.google.com/bot.html)"
170.75.162.130 - - [24/Dec/2015:05:02:01 -0800] "GET /lib/reccapi.php?resort=aspenmountain HTTP/1.1" 200 1060 "-" "node-superagent/1.4.0"
66.249.79.234 - - [24/Dec/2015:05:02:20 -0800] "GET /lib/reccapi.php?resort=mountbaker&date=2015-12-24 HTTP/1.1" 200 1092 "http://whereshouldiski.com/" "Mozilla/5.0 (compatible; Googlebot/2.1; +http://www.google.com/bot.html)"
66.249.79.220 - - [24/Dec/2015:05:02:22 -0800] "GET /lib/reccapi.php?fields=t&date=2015-12-24&coords=48.86%2C-121.68&size=7&sort=distance HTTP/1.1" 200 1441 "http://whereshouldiski.com/" "Mozilla/5.0 (compatible; Googlebot/2.1; +http://www.google.com/bot.html)"
66.249.79.220 - - [24/Dec/2015:05:02:23 -0800] "GET /lib/resortDataSearchD3.php?size=7&sortDate=T&resort=mountbaker&dateStart=2015-12-22 HTTP/1.1" 200 879 "http://whereshouldiski.com/" "Mozilla/5.0 (compatible; Googlebot/2.1; +http://www.google.com/bot.html)"
66.249.79.234 - - [24/Dec/2015:05:02:58 -0800] "GET / HTTP/1.1" 200 2615 "-" "DoCoMo/2.0 N905i(c100;TB;W24H16) (compatible; Googlebot-Mobile/2.1; +http://www.google.com/bot.html)"
170.75.162.130 - - [24/Dec/2015:05:21:33 -0800] "GET /lib/reccapi.php?resort=sunvalley HTTP/1.1" 200 1092 "-" "node-superagent/1.4.0"
203.133.169.81 - - [24/Dec/2015:05:30:35 -0800] "GET / HTTP/1.1" 200 2615 "-" "Mozilla/5.0 (compatible; MSIE or Firefox mutant; not on Windows server;) Daum 4.1"
170.75.162.130 - - [24/Dec/2015:06:08:29 -0800] "GET /lib/reccapi.php?resort=kirkwood HTTP/1.1" 200 1127 "-" "node-superagent/1.4.0"
66.102.6.149 - - [24/Dec/2015:06:18:24 -0800] "GET /images/wsis-logo-sm.png HTTP/1.1" 200 6108 "http://www.thebackcountry.net/" "Mozilla/5.0 (X11; Linux x86_64) AppleWebKit/537.36 (KHTML, like Gecko; Google Web Preview) Chrome/27.0.1453 Safari/537.36"
170.75.162.130 - - [24/Dec/2015:06:24:11 -0800] "GET /lib/reccapi.php?resort=stowe HTTP/1.1" 200 1048 "-" "node-superagent/1.4.0"
170.75.162.130 - - [24/Dec/2015:06:37:43 -0800] "GET /lib/reccapi.php?resort=squawvalleyusa HTTP/1.1" 200 1071 "-" "node-superagent/1.4.0"
220.181.108.116 - - [24/Dec/2015:06:46:45 -0800] "GET / HTTP/1.1" 200 2578 "-" "Mozilla/5.0 (Windows NT 5.1; rv:6.0.2) Gecko/20100101 Firefox/6.0.2"
220.181.108.104 - - [24/Dec/2015:06:46:48 -0800] "GET / HTTP/1.1" 200 6995 "-" "Mozilla/5.0 (Windows NT 5.1; rv:6.0.2) Gecko/20100101 Firefox/6.0.2"
157.55.39.111 - - [24/Dec/2015:06:49:12 -0800] "GET /robots.txt HTTP/1.1" 200 375 "-" "Mozilla/5.0 (compatible; bingbot/2.0; +http://www.bing.com/bingbot.htm)"
157.55.39.111 - - [24/Dec/2015:06:49:19 -0800] "GET /about HTTP/1.1" 404 506 "-" "Mozilla/5.0 (compatible; bingbot/2.0; +http://www.bing.com/bingbot.htm)"
66.249.79.234 - - [24/Dec/2015:06:55:47 -0800] "GET /lib/reccapi.php?resort=alpenglow&date=2015-12-28 HTTP/1.1" 200 971 "http://whereshouldiski.com/" "Mozilla/5.0 (compatible; Googlebot/2.1; +http://www.google.com/bot.html)"
66.249.79.220 - - [24/Dec/2015:06:55:48 -0800] "GET /lib/resortDataSearchD3.php?size=7&sortDate=T&resort=alpenglow&dateStart=2015-12-26 HTTP/1.1" 200 619 "http://whereshouldiski.com/" "Mozilla/5.0 (compatible; Googlebot/2.1; +http://www.google.com/bot.html)"
66.249.79.220 - - [24/Dec/2015:06:55:49 -0800] "GET /lib/reccapi.php?fields=t&date=2015-12-28&coords=61.24%2C-149.5&size=7&sort=distance HTTP/1.1" 200 1311 "http://whereshouldiski.com/" "Mozilla/5.0 (compatible; Googlebot/2.1; +http://www.google.com/bot.html)"
66.102.9.107 - - [24/Dec/2015:07:00:04 -0800] "GET / HTTP/1.1" 200 2615 "-" "Mozilla/5.0 (Windows NT 6.1; rv:6.0) Gecko/20110814 Firefox/6.0 Google Favicon"
66.102.9.97 - - [24/Dec/2015:07:00:05 -0800] "GET /favicon.ico HTTP/1.1" 200 4613 "-" "Mozilla/5.0 (Windows NT 6.1; rv:6.0) Gecko/20110814 Firefox/6.0 Google Favicon"
45.18.84.6 - - [24/Dec/2015:07:15:53 -0800] "GET /images/wsis-logo-sm.png HTTP/1.1" 200 6108 "http://www.thebackcountry.net/" "Mozilla/5.0 (Windows NT 6.3; WOW64; Trident/7.0; rv:11.0) like Gecko"
45.18.84.6 - - [24/Dec/2015:07:16:14 -0800] "-" 408 0 "-" "-"
157.55.39.111 - - [24/Dec/2015:07:25:06 -0800] "GET /robots.txt HTTP/1.1" 200 375 "-" "Mozilla/5.0 (compatible; bingbot/2.0; +http://www.bing.com/bingbot.htm)"
157.55.39.111 - - [24/Dec/2015:07:26:26 -0800] "GET /about HTTP/1.1" 404 506 "-" "Mozilla/5.0 (compatible; bingbot/2.0; +http://www.bing.com/bingbot.htm)"
170.75.162.130 - - [24/Dec/2015:07:34:00 -0800] "GET /lib/reccapi.php?resort=snowbasin HTTP/1.1" 200 1058 "-" "node-superagent/1.4.0"
69.145.144.92 - - [24/Dec/2015:07:35:21 -0800] "GET /images/wsis-logo-sm.png HTTP/1.1" 200 6108 "http://www.thebackcountry.net/" "Mozilla/5.0 (Linux; Android 4.4.2; SM-T320 Build/KOT49H) AppleWebKit/537.36 (KHTML, like Gecko) Chrome/47.0.2526.83 Safari/537.36"
180.76.15.13 - - [24/Dec/2015:07:35:30 -0800] "GET / HTTP/1.1" 200 2578 "-" "Mozilla/5.0 (compatible; Baiduspider/2.0; +http://www.baidu.com/search/spider.html)"
170.75.162.130 - - [24/Dec/2015:07:37:40 -0800] "GET /lib/reccapi.php?resort=smugglersnotch HTTP/1.1" 200 1095 "-" "node-superagent/1.4.0"
170.75.162.130 - - [24/Dec/2015:07:37:41 -0800] "GET /lib/reccapi.php?resort=sierra-at-tahoe HTTP/1.1" 200 1108 "-" "node-superagent/1.4.0"
170.75.162.130 - - [24/Dec/2015:07:37:50 -0800] "GET /lib/reccapi.php?resort=steamboat HTTP/1.1" 200 1024 "-" "node-superagent/1.4.0"
170.75.162.130 - - [24/Dec/2015:07:38:00 -0800] "GET /lib/reccapi.php?resort=sugarbush HTTP/1.1" 200 1069 "-" "node-superagent/1.4.0"
170.75.162.130 - - [24/Dec/2015:07:38:00 -0800] "GET /lib/reccapi.php?resort=sugarbowl HTTP/1.1" 200 1046 "-" "node-superagent/1.4.0"
170.75.162.130 - - [24/Dec/2015:07:38:11 -0800] "GET /lib/reccapi.php?resort=sugarloaf HTTP/1.1" 200 1009 "-" "node-superagent/1.4.0"
170.75.162.130 - - [24/Dec/2015:07:38:11 -0800] "GET /lib/reccapi.php?resort=sundayriver HTTP/1.1" 200 975 "-" "node-superagent/1.4.0"
170.75.162.130 - - [24/Dec/2015:07:38:21 -0800] "GET /lib/reccapi.php?resort=telluride HTTP/1.1" 200 1071 "-" "node-superagent/1.4.0"
170.75.162.130 - - [24/Dec/2015:07:38:31 -0800] "GET /lib/reccapi.php?resort=parkcity HTTP/1.1" 200 1036 "-" "node-superagent/1.4.0"
170.75.162.130 - - [24/Dec/2015:07:38:41 -0800] "GET /lib/reccapi.php?resort=solitude HTTP/1.1" 200 999 "-" "node-superagent/1.4.0"
170.75.162.130 - - [24/Dec/2015:07:38:41 -0800] "GET /lib/reccapi.php?resort=redlodge HTTP/1.1" 200 1027 "-" "node-superagent/1.4.0"
170.75.162.130 - - [24/Dec/2015:07:38:51 -0800] "GET /lib/reccapi.php?resort=winterpark HTTP/1.1" 200 1059 "-" "node-superagent/1.4.0"
170.75.162.130 - - [24/Dec/2015:07:38:51 -0800] "GET /lib/reccapi.php?resort=sunpeaksresort HTTP/1.1" 200 916 "-" "node-superagent/1.4.0"
136.235.244.60 - - [24/Dec/2015:07:39:49 -0800] "GET /images/wsis-logo-sm.png HTTP/1.1" 200 6108 "-" "Mozilla/4.0 (compatible;)"
170.75.162.130 - - [24/Dec/2015:07:46:52 -0800] "GET /lib/reccapi.php?resort=alta HTTP/1.1" 200 1003 "-" "node-superagent/1.4.0"
170.75.162.130 - - [24/Dec/2015:07:46:52 -0800] "GET /lib/reccapi.php?resort=killington HTTP/1.1" 200 1059 "-" "node-superagent/1.4.0"
66.249.85.196 - - [24/Dec/2015:07:47:07 -0800] "GET /images/wsis-logo-sm.png HTTP/1.1" 200 6108 "http://www.thebackcountry.net/" "Mozilla/5.0 (iPad; CPU OS 9_1 like Mac OS X) AppleWebKit/601.1 (KHTML, like Gecko) CriOS/47.0.2526.70 Mobile/13B143 Safari/601.1.46"
66.249.79.227 - - [24/Dec/2015:07:56:58 -0800] "GET /lib/reccapi.php?resort=mountbaker&date=2015-12-26 HTTP/1.1" 200 1015 "http://whereshouldiski.com/" "Mozilla/5.0 (compatible; Googlebot/2.1; +http://www.google.com/bot.html)"
66.249.79.220 - - [24/Dec/2015:07:56:59 -0800] "GET /lib/reccapi.php?fields=t&date=2015-12-26&coords=48.86%2C-121.68&size=7&sort=distance HTTP/1.1" 200 1425 "http://whereshouldiski.com/" "Mozilla/5.0 (compatible; Googlebot/2.1; +http://www.google.com/bot.html)"
66.249.79.220 - - [24/Dec/2015:07:57:00 -0800] "GET /lib/resortDataSearchD3.php?size=7&sortDate=T&resort=mountbaker&dateStart=2015-12-24 HTTP/1.1" 200 778 "http://whereshouldiski.com/" "Mozilla/5.0 (compatible; Googlebot/2.1; +http://www.google.com/bot.html)"
76.21.105.44 - - [24/Dec/2015:07:57:55 -0800] "GET /images/wsis-logo-sm.png HTTP/1.1" 200 6108 "http://www.thebackcountry.net/" "Mozilla/5.0 (iPad; CPU OS 8_1_3 like Mac OS X) AppleWebKit/600.1.4 (KHTML, like Gecko) Version/8.0 Mobile/12B466 Safari/600.1.4"
24.6.80.97 - - [24/Dec/2015:07:59:28 -0800] "GET /images/wsis-logo-sm.png HTTP/1.1" 200 6108 "http://www.thebackcountry.net/" "Mozilla/5.0 (Windows NT 6.3; WOW64; Trident/7.0; rv:11.0) like Gecko"
24.6.80.97 - - [24/Dec/2015:07:59:49 -0800] "-" 408 0 "-" "-"
199.192.65.251 - - [24/Dec/2015:08:02:30 -0800] "GET /images/wsis-logo-sm.png HTTP/1.1" 200 6108 "http://www.thebackcountry.net/" "Mozilla/5.0 (Windows NT 6.1; WOW64) AppleWebKit/537.36 (KHTML, like Gecko) Chrome/47.0.2526.106 Safari/537.36"
75.111.102.45 - - [24/Dec/2015:08:14:05 -0800] "GET /images/wsis-logo-sm.png HTTP/1.1" 200 6108 "http://thebackcountry.net/" "Mozilla/5.0 (iPad; CPU OS 9_1 like Mac OS X) AppleWebKit/601.1 (KHTML, like Gecko) CriOS/47.0.2526.107 Mobile/13B143 Safari/601.1.46"
75.111.102.45 - - [24/Dec/2015:08:14:26 -0800] "-" 408 0 "-" "-"
70.214.42.11 - - [24/Dec/2015:08:17:08 -0800] "GET /images/wsis-logo-sm.png HTTP/1.1" 200 6108 "http://www.thebackcountry.net/" "Mozilla/5.0 (Linux; U; Android 4.4.2; en-us; SCH-I535 Build/KOT49H) AppleWebKit/534.30 (KHTML, like Gecko) Version/4.0 Mobile Safari/534.30"
170.75.162.130 - - [24/Dec/2015:08:27:17 -0800] "GET /lib/reccapi.php?resort=heavenly HTTP/1.1" 200 1054 "-" "node-superagent/1.4.0"
192.69.232.230 - - [24/Dec/2015:08:31:46 -0800] "GET /images/wsis-logo-sm.png HTTP/1.1" 200 6108 "http://www.thebackcountry.net/" "Mozilla/5.0 (iPhone; CPU iPhone OS 9_2 like Mac OS X) AppleWebKit/601.1.46 (KHTML, like Gecko) Version/9.0 Mobile/13C75 Safari/601.1"
69.181.75.118 - - [24/Dec/2015:08:36:29 -0800] "GET /images/wsis-logo-sm.png HTTP/1.1" 200 6108 "http://www.thebackcountry.net/" "Mozilla/5.0 (iPhone; CPU iPhone OS 7_0_6 like Mac OS X) AppleWebKit/537.51.1 (KHTML, like Gecko) Version/7.0 Mobile/11B651 Safari/9537.53"
50.197.189.254 - - [24/Dec/2015:08:38:19 -0800] "GET /images/wsis-logo-sm.png HTTP/1.1" 200 6108 "http://www.thebackcountry.net/" "Mozilla/5.0 (iPhone; CPU iPhone OS 9_2 like Mac OS X) AppleWebKit/601.1.46 (KHTML, like Gecko) Version/9.0 Mobile/13C75 Safari/601.1"
107.167.108.185 - - [24/Dec/2015:08:49:36 -0800] "GET /images/wsis-logo-sm.png HTTP/1.1" 200 6052 "http://www.thebackcountry.net/" "Mozilla/5.0 (iPhone; CPU iPhone OS 9_2 like Mac OS X) AppleWebKit/601.1.46 (KHTML, like Gecko) OPiOS/12.1.1.98980 Mobile/13C75 Safari/9537.53"
76.246.35.158 - - [24/Dec/2015:08:50:27 -0800] "GET /images/wsis-logo-sm.png HTTP/1.1" 200 6108 "http://www.thebackcountry.net/" "Mozilla/5.0 (Windows NT 6.1; WOW64) AppleWebKit/537.36 (KHTML, like Gecko) Chrome/47.0.2526.106 Safari/537.36"
74.91.26.114 - - [24/Dec/2015:08:50:54 -0800] "GET / HTTP/1.1" 200 2578 "http://www.whereshouldiski.com" "Mozilla/5.0 (Windows NT 6.1; WOW64; rv:34.0) Gecko/20100101 Firefox/34.0"
170.75.162.130 - - [24/Dec/2015:08:54:50 -0800] "GET /lib/reccapi.php?resort=mounthoodmeadows HTTP/1.1" 200 1091 "-" "node-superagent/1.4.0"
107.77.87.65 - - [24/Dec/2015:08:55:56 -0800] "GET /lib/reccapi.php?resort=snoqualmie-alpental&date=2015-12-20 HTTP/1.1" 200 1107 "http://whereshouldiski.com/" "Mozilla/5.0 (iPhone; CPU iPhone OS 9_2 like Mac OS X) AppleWebKit/601.1.46 (KHTML, like Gecko) Version/9.0 Mobile/13C75 Safari/601.1"
107.77.87.65 - - [24/Dec/2015:08:55:56 -0800] "GET /lib/reccapi.php?fields=t&coords=39.71019033477059,-89.6202784500259&date=2015-12-20&coords=47.44%2C-121.45&size=7&sort=distance HTTP/1.1" 200 1407 "http://whereshouldiski.com/" "Mozilla/5.0 (iPhone; CPU iPhone OS 9_2 like Mac OS X) AppleWebKit/601.1.46 (KHTML, like Gecko) Version/9.0 Mobile/13C75 Safari/601.1"
107.77.87.65 - - [24/Dec/2015:08:55:56 -0800] "GET /lib/resortDataSearchD3.php?size=7&sortDate=T&resort=snoqualmie-alpental&dateStart=2015-12-18 HTTP/1.1" 200 876 "http://whereshouldiski.com/" "Mozilla/5.0 (iPhone; CPU iPhone OS 9_2 like Mac OS X) AppleWebKit/601.1.46 (KHTML, like Gecko) Version/9.0 Mobile/13C75 Safari/601.1"
107.77.87.65 - - [24/Dec/2015:08:56:05 -0800] "GET / HTTP/1.1" 200 2615 "-" "Mozilla/5.0 (iPhone; CPU iPhone OS 9_2 like Mac OS X) AppleWebKit/601.1.46 (KHTML, like Gecko) Version/9.0 Mobile/13C75 Safari/601.1"
107.77.87.65 - - [24/Dec/2015:08:56:06 -0800] "GET /scripts/scripts/vendor/modernizr.js HTTP/1.1" 200 4902 "http://whereshouldiski.com/" "Mozilla/5.0 (iPhone; CPU iPhone OS 9_2 like Mac OS X) AppleWebKit/601.1.46 (KHTML, like Gecko) Version/9.0 Mobile/13C75 Safari/601.1"
107.77.87.65 - - [24/Dec/2015:08:56:06 -0800] "GET /images/loading.gif HTTP/1.1" 200 13882 "http://whereshouldiski.com/" "Mozilla/5.0 (iPhone; CPU iPhone OS 9_2 like Mac OS X) AppleWebKit/601.1.46 (KHTML, like Gecko) Version/9.0 Mobile/13C75 Safari/601.1"
107.77.87.65 - - [24/Dec/2015:08:56:06 -0800] "GET /bower_components/requirejs/require.js HTTP/1.1" 200 6702 "http://whereshouldiski.com/" "Mozilla/5.0 (iPhone; CPU iPhone OS 9_2 like Mac OS X) AppleWebKit/601.1.46 (KHTML, like Gecko) Version/9.0 Mobile/13C75 Safari/601.1"
107.77.87.65 - - [24/Dec/2015:08:56:06 -0800] "GET /scripts/fa48e319.main.js HTTP/1.1" 200 123455 "http://whereshouldiski.com/" "Mozilla/5.0 (iPhone; CPU iPhone OS 9_2 like Mac OS X) AppleWebKit/601.1.46 (KHTML, like Gecko) Version/9.0 Mobile/13C75 Safari/601.1"
107.77.87.65 - - [24/Dec/2015:08:56:06 -0800] "GET /lib/reccapi.php?resort=snoqualmie-alpental&date=2015-12-20 HTTP/1.1" 200 1106 "http://whereshouldiski.com/" "Mozilla/5.0 (iPhone; CPU iPhone OS 9_2 like Mac OS X) AppleWebKit/601.1.46 (KHTML, like Gecko) Version/9.0 Mobile/13C75 Safari/601.1"
107.77.87.65 - - [24/Dec/2015:08:56:07 -0800] "GET /lib/reccapi.php?fields=t&coords=39.71019033477059,-89.6202784500259&date=2015-12-20&coords=47.44%2C-121.45&size=7&sort=distance HTTP/1.1" 200 1407 "http://whereshouldiski.com/" "Mozilla/5.0 (iPhone; CPU iPhone OS 9_2 like Mac OS X) AppleWebKit/601.1.46 (KHTML, like Gecko) Version/9.0 Mobile/13C75 Safari/601.1"
107.77.87.65 - - [24/Dec/2015:08:56:07 -0800] "GET /lib/resortDataSearchD3.php?size=7&sortDate=T&resort=snoqualmie-alpental&dateStart=2015-12-18 HTTP/1.1" 200 875 "http://whereshouldiski.com/" "Mozilla/5.0 (iPhone; CPU iPhone OS 9_2 like Mac OS X) AppleWebKit/601.1.46 (KHTML, like Gecko) Version/9.0 Mobile/13C75 Safari/601.1"
107.77.87.65 - - [24/Dec/2015:08:56:11 -0800] "GET /lib/reccapi.php?fields=t&coords=39.71019033477059,-89.6202784500259 HTTP/1.1" 200 2081 "http://whereshouldiski.com/" "Mozilla/5.0 (iPhone; CPU iPhone OS 9_2 like Mac OS X) AppleWebKit/601.1.46 (KHTML, like Gecko) Version/9.0 Mobile/13C75 Safari/601.1"
107.77.87.65 - - [24/Dec/2015:08:56:15 -0800] "GET / HTTP/1.1" 200 2615 "-" "Mozilla/5.0 (iPhone; CPU iPhone OS 9_2 like Mac OS X) AppleWebKit/601.1.46 (KHTML, like Gecko) Version/9.0 Mobile/13C75 Safari/601.1"
107.77.87.65 - - [24/Dec/2015:08:56:15 -0800] "GET /styles/ee08faa9.main.css HTTP/1.1" 304 210 "http://whereshouldiski.com/" "Mozilla/5.0 (iPhone; CPU iPhone OS 9_2 like Mac OS X) AppleWebKit/601.1.46 (KHTML, like Gecko) Version/9.0 Mobile/13C75 Safari/601.1"
107.77.87.65 - - [24/Dec/2015:08:56:15 -0800] "GET /scripts/scripts/vendor/modernizr.js HTTP/1.1" 304 210 "http://whereshouldiski.com/" "Mozilla/5.0 (iPhone; CPU iPhone OS 9_2 like Mac OS X) AppleWebKit/601.1.46 (KHTML, like Gecko) Version/9.0 Mobile/13C75 Safari/601.1"
107.77.87.65 - - [24/Dec/2015:08:56:15 -0800] "GET /images/loading.gif HTTP/1.1" 304 187 "http://whereshouldiski.com/" "Mozilla/5.0 (iPhone; CPU iPhone OS 9_2 like Mac OS X) AppleWebKit/601.1.46 (KHTML, like Gecko) Version/9.0 Mobile/13C75 Safari/601.1"
107.77.87.65 - - [24/Dec/2015:08:56:15 -0800] "GET /images/logo-square-white-sm.png HTTP/1.1" 304 186 "http://whereshouldiski.com/" "Mozilla/5.0 (iPhone; CPU iPhone OS 9_2 like Mac OS X) AppleWebKit/601.1.46 (KHTML, like Gecko) Version/9.0 Mobile/13C75 Safari/601.1"
107.77.87.65 - - [24/Dec/2015:08:56:15 -0800] "GET /bower_components/requirejs/require.js HTTP/1.1" 304 210 "http://whereshouldiski.com/" "Mozilla/5.0 (iPhone; CPU iPhone OS 9_2 like Mac OS X) AppleWebKit/601.1.46 (KHTML, like Gecko) Version/9.0 Mobile/13C75 Safari/601.1"
107.77.87.65 - - [24/Dec/2015:08:56:15 -0800] "GET /scripts/fa48e319.main.js HTTP/1.1" 304 210 "http://whereshouldiski.com/" "Mozilla/5.0 (iPhone; CPU iPhone OS 9_2 like Mac OS X) AppleWebKit/601.1.46 (KHTML, like Gecko) Version/9.0 Mobile/13C75 Safari/601.1"
107.77.87.65 - - [24/Dec/2015:08:56:16 -0800] "GET /images/greyHeader.png HTTP/1.1" 200 508 "http://whereshouldiski.com/" "Mozilla/5.0 (iPhone; CPU iPhone OS 9_2 like Mac OS X) AppleWebKit/601.1.46 (KHTML, like Gecko) Version/9.0 Mobile/13C75 Safari/601.1"
107.77.87.65 - - [24/Dec/2015:08:56:16 -0800] "GET /images/button.png HTTP/1.1" 200 598 "http://whereshouldiski.com/" "Mozilla/5.0 (iPhone; CPU iPhone OS 9_2 like Mac OS X) AppleWebKit/601.1.46 (KHTML, like Gecko) Version/9.0 Mobile/13C75 Safari/601.1"
107.77.87.65 - - [24/Dec/2015:08:56:16 -0800] "GET /lib/reccapi.php?fields=t&coords=39.71019033477059,-89.6202784500259 HTTP/1.1" 200 2080 "http://whereshouldiski.com/" "Mozilla/5.0 (iPhone; CPU iPhone OS 9_2 like Mac OS X) AppleWebKit/601.1.46 (KHTML, like Gecko) Version/9.0 Mobile/13C75 Safari/601.1"
107.77.87.65 - - [24/Dec/2015:08:56:16 -0800] "GET /images/star5.png HTTP/1.1" 200 1783 "http://whereshouldiski.com/" "Mozilla/5.0 (iPhone; CPU iPhone OS 9_2 like Mac OS X) AppleWebKit/601.1.46 (KHTML, like Gecko) Version/9.0 Mobile/13C75 Safari/601.1"
107.77.87.65 - - [24/Dec/2015:08:56:16 -0800] "GET /images/snowflake5.png HTTP/1.1" 200 2857 "http://whereshouldiski.com/" "Mozilla/5.0 (iPhone; CPU iPhone OS 9_2 like Mac OS X) AppleWebKit/601.1.46 (KHTML, like Gecko) Version/9.0 Mobile/13C75 Safari/601.1"
107.77.87.65 - - [24/Dec/2015:08:56:16 -0800] "GET /images/mtns-icon.png HTTP/1.1" 200 1096 "http://whereshouldiski.com/" "Mozilla/5.0 (iPhone; CPU iPhone OS 9_2 like Mac OS X) AppleWebKit/601.1.46 (KHTML, like Gecko) Version/9.0 Mobile/13C75 Safari/601.1"
107.77.87.65 - - [24/Dec/2015:08:56:16 -0800] "GET /images/bluebird5.png HTTP/1.1" 200 2177 "http://whereshouldiski.com/" "Mozilla/5.0 (iPhone; CPU iPhone OS 9_2 like Mac OS X) AppleWebKit/601.1.46 (KHTML, like Gecko) Version/9.0 Mobile/13C75 Safari/601.1"
107.77.87.65 - - [24/Dec/2015:08:56:16 -0800] "GET /images/shading-icon.png HTTP/1.1" 200 536 "http://whereshouldiski.com/" "Mozilla/5.0 (iPhone; CPU iPhone OS 9_2 like Mac OS X) AppleWebKit/601.1.46 (KHTML, like Gecko) Version/9.0 Mobile/13C75 Safari/601.1"
24.182.26.154 - - [24/Dec/2015:08:57:28 -0800] "GET /images/wsis-logo-sm.png HTTP/1.1" 200 6108 "http://www.thebackcountry.net/" "Mozilla/5.0 (iPhone; CPU iPhone OS 9_2 like Mac OS X) AppleWebKit/601.1.46 (KHTML, like Gecko) Version/9.0 Mobile/13C75 Safari/601.1"
66.249.79.234 - - [24/Dec/2015:09:01:44 -0800] "GET /resorts?resort=missionridge&date=2014-02-21 HTTP/1.1" 404 506 "-" "Mozilla/5.0 (compatible; Googlebot/2.1; +http://www.google.com/bot.html)"
170.75.162.130 - - [24/Dec/2015:09:02:41 -0800] "GET /lib/reccapi.php?resort=jaypeak HTTP/1.1" 200 1050 "-" "node-superagent/1.4.0"
76.254.16.157 - - [24/Dec/2015:09:04:25 -0800] "GET /images/wsis-logo-sm.png HTTP/1.1" 200 6108 "http://www.thebackcountry.net/" "Mozilla/5.0 (Macintosh; Intel Mac OS X 10_10_2) AppleWebKit/537.36 (KHTML, like Gecko) Chrome/47.0.2526.106 Safari/537.36"
207.46.13.183 - - [24/Dec/2015:09:05:26 -0800] "GET /robots.txt HTTP/1.1" 200 375 "-" "Mozilla/5.0 (compatible; bingbot/2.0; +http://www.bing.com/bingbot.htm)"
172.3.78.67 - - [24/Dec/2015:09:05:41 -0800] "GET /images/wsis-logo-sm.png HTTP/1.1" 200 6108 "http://www.thebackcountry.net/" "Mozilla/5.0 (iPhone; CPU iPhone OS 8_1_2 like Mac OS X) AppleWebKit/600.1.4 (KHTML, like Gecko) Version/8.0 Mobile/12B440 Safari/600.1.4"
207.46.13.183 - - [24/Dec/2015:09:05:45 -0800] "GET / HTTP/1.1" 200 2615 "-" "Mozilla/5.0 (compatible; bingbot/2.0; +http://www.bing.com/bingbot.htm)"
166.5.119.139 - - [24/Dec/2015:09:13:26 -0800] "GET /images/wsis-logo-sm.png HTTP/1.1" 200 6108 "http://thebackcountry.net/" "Mozilla/5.0 (Windows NT 6.1; WOW64; Trident/7.0; rv:11.0) like Gecko"
75.111.97.83 - - [24/Dec/2015:09:13:36 -0800] "GET /images/wsis-logo-sm.png HTTP/1.1" 200 6108 "http://www.thebackcountry.net/" "Mozilla/5.0 (Windows NT 6.1; WOW64; Trident/7.0; rv:11.0) like Gecko"
166.5.119.139 - - [24/Dec/2015:09:13:47 -0800] "-" 408 0 "-" "-"
75.111.97.83 - - [24/Dec/2015:09:13:57 -0800] "-" 408 0 "-" "-"
166.5.119.139 - - [24/Dec/2015:09:14:10 -0800] "-" 408 0 "-" "-"
75.111.97.83 - - [24/Dec/2015:09:15:55 -0800] "-" 408 0 "-" "-"
46.252.156.77 - - [24/Dec/2015:09:16:29 -0800] "GET / HTTP/1.1" 200 6976 "-" "Mozilla/5.0 (Windows NT 6.2; WOW64) AppleWebKit/537.36 (KHTML like Gecko) Chrome/28.0.1469.0 Safari/537.36"
24.176.248.152 - - [24/Dec/2015:09:19:29 -0800] "GET /images/wsis-logo-sm.png HTTP/1.1" 200 6108 "http://www.thebackcountry.net/" "Mozilla/5.0 (Macintosh; Intel Mac OS X 10_11_2) AppleWebKit/537.36 (KHTML, like Gecko) Chrome/47.0.2526.106 Safari/537.36"
73.222.152.225 - - [24/Dec/2015:09:21:26 -0800] "GET /images/wsis-logo-sm.png HTTP/1.1" 200 6108 "http://www.thebackcountry.net/" "Mozilla/5.0 (Macintosh; Intel Mac OS X 10_10_4) AppleWebKit/537.36 (KHTML, like Gecko) Chrome/47.0.2526.106 Safari/537.36"
75.111.100.208 - - [24/Dec/2015:09:22:17 -0800] "GET /images/wsis-logo-sm.png HTTP/1.1" 200 6108 "http://www.thebackcountry.net/" "Mozilla/5.0 (iPad; CPU OS 9_2 like Mac OS X) AppleWebKit/601.1.46 (KHTML, like Gecko) Version/9.0 Mobile/13C75 Safari/601.1"
68.180.229.34 - - [24/Dec/2015:09:24:43 -0800] "GET /robots.txt HTTP/1.1" 200 319 "-" "Mozilla/5.0 (compatible; Yahoo! Slurp; http://help.yahoo.com/help/us/ysearch/slurp)"
68.180.229.34 - - [24/Dec/2015:09:24:43 -0800] "GET /resorts?resort=smugglersnotch HTTP/1.1" 404 450 "-" "Mozilla/5.0 (compatible; Yahoo! Slurp; http://help.yahoo.com/help/us/ysearch/slurp)"
84.60.255.55 - - [24/Dec/2015:09:24:55 -0800] "GET /images/wsis-logo-sm.png HTTP/1.1" 200 6108 "http://www.thebackcountry.net/" "Mozilla/5.0 (iPad; CPU OS 9_2 like Mac OS X) AppleWebKit/601.1.46 (KHTML, like Gecko) Version/9.0 Mobile/13C75 Safari/601.1"
24.241.130.210 - - [24/Dec/2015:09:25:22 -0800] "GET /images/wsis-logo-sm.png HTTP/1.1" 200 6108 "http://www.thebackcountry.net/" "Mozilla/5.0 (Windows NT 5.1; rv:43.0) Gecko/20100101 Firefox/43.0"
24.241.130.210 - - [24/Dec/2015:09:28:39 -0800] "GET / HTTP/1.1" 200 2615 "http://www.thebackcountry.net/index.html" "Mozilla/5.0 (Windows NT 5.1; rv:43.0) Gecko/20100101 Firefox/43.0"
24.241.130.210 - - [24/Dec/2015:09:28:39 -0800] "GET /styles/ee08faa9.main.css HTTP/1.1" 200 19446 "http://whereshouldiski.com/" "Mozilla/5.0 (Windows NT 5.1; rv:43.0) Gecko/20100101 Firefox/43.0"
24.241.130.210 - - [24/Dec/2015:09:28:40 -0800] "GET /images/loading.gif HTTP/1.1" 200 13882 "http://whereshouldiski.com/" "Mozilla/5.0 (Windows NT 5.1; rv:43.0) Gecko/20100101 Firefox/43.0"
24.241.130.210 - - [24/Dec/2015:09:28:40 -0800] "GET /images/logo-square-white-sm.png HTTP/1.1" 200 1683 "http://whereshouldiski.com/" "Mozilla/5.0 (Windows NT 5.1; rv:43.0) Gecko/20100101 Firefox/43.0"
24.241.130.210 - - [24/Dec/2015:09:28:40 -0800] "GET /favicon.ico HTTP/1.1" 200 4612 "-" "Mozilla/5.0 (Windows NT 5.1; rv:43.0) Gecko/20100101 Firefox/43.0"
24.241.130.210 - - [24/Dec/2015:09:29:01 -0800] "GET /scripts/scripts/vendor/modernizr.js HTTP/1.1" 200 4903 "http://whereshouldiski.com/" "Mozilla/5.0 (Windows NT 5.1; rv:43.0) Gecko/20100101 Firefox/43.0"
24.241.130.210 - - [24/Dec/2015:09:29:01 -0800] "GET /bower_components/requirejs/require.js HTTP/1.1" 200 6701 "http://whereshouldiski.com/" "Mozilla/5.0 (Windows NT 5.1; rv:43.0) Gecko/20100101 Firefox/43.0"
24.241.130.210 - - [24/Dec/2015:09:29:02 -0800] "GET /scripts/fa48e319.main.js HTTP/1.1" 200 123455 "http://whereshouldiski.com/" "Mozilla/5.0 (Windows NT 5.1; rv:43.0) Gecko/20100101 Firefox/43.0"
24.241.130.210 - - [24/Dec/2015:09:29:03 -0800] "GET /images/greyHeader.png HTTP/1.1" 200 509 "http://whereshouldiski.com/styles/ee08faa9.main.css" "Mozilla/5.0 (Windows NT 5.1; rv:43.0) Gecko/20100101 Firefox/43.0"
24.241.130.210 - - [24/Dec/2015:09:29:03 -0800] "GET /lib/reccapi.php?fields=t HTTP/1.1" 200 1971 "http://whereshouldiski.com/" "Mozilla/5.0 (Windows NT 5.1; rv:43.0) Gecko/20100101 Firefox/43.0"
24.241.130.210 - - [24/Dec/2015:09:29:04 -0800] "GET /images/snowflake5.png HTTP/1.1" 200 2857 "http://whereshouldiski.com/styles/ee08faa9.main.css" "Mozilla/5.0 (Windows NT 5.1; rv:43.0) Gecko/20100101 Firefox/43.0"
24.241.130.210 - - [24/Dec/2015:09:29:04 -0800] "GET /images/star5.png HTTP/1.1" 200 1783 "http://whereshouldiski.com/styles/ee08faa9.main.css" "Mozilla/5.0 (Windows NT 5.1; rv:43.0) Gecko/20100101 Firefox/43.0"
24.241.130.210 - - [24/Dec/2015:09:29:04 -0800] "GET /images/bluebird5.png HTTP/1.1" 200 2177 "http://whereshouldiski.com/styles/ee08faa9.main.css" "Mozilla/5.0 (Windows NT 5.1; rv:43.0) Gecko/20100101 Firefox/43.0"
24.241.130.210 - - [24/Dec/2015:09:29:04 -0800] "GET /images/mtns-icon.png HTTP/1.1" 200 1096 "http://whereshouldiski.com/styles/ee08faa9.main.css" "Mozilla/5.0 (Windows NT 5.1; rv:43.0) Gecko/20100101 Firefox/43.0"
