172.56.38.166 - - [06/Mar/2016:22:59:53 -0800] "GET /images/wsis-logo-sm.png HTTP/1.1" 200 6108 "http://www.thebackcountry.net/" "Mozilla/5.0 (iPhone; CPU iPhone OS 9_2_1 like Mac OS X) AppleWebKit/601.1.46 (KHTML, like Gecko) Version/9.0 Mobile/13D15 Safari/601.1"
220.181.108.142 - - [06/Mar/2016:23:04:28 -0800] "GET / HTTP/1.1" 200 2578 "-" "Mozilla/5.0 (compatible; Baiduspider/2.0; +http://www.baidu.com/search/spider.html)"
173.208.177.59 - - [06/Mar/2016:23:04:28 -0800] "HEAD /wp-login.php HTTP/1.1" 404 163 "-" "-"
170.75.162.130 - - [06/Mar/2016:23:11:57 -0800] "GET /lib/reccapi.php?resort=killington HTTP/1.1" 200 951 "-" "node-superagent/1.4.0"
73.252.219.162 - - [06/Mar/2016:23:13:00 -0800] "GET /images/wsis-logo-sm.png HTTP/1.1" 200 6108 "http://thebackcountry.net/" "Mozilla/5.0 (Macintosh; Intel Mac OS X 10_10_5) AppleWebKit/601.4.4 (KHTML, like Gecko) Version/9.0.3 Safari/601.4.4"
180.76.15.140 - - [06/Mar/2016:23:14:21 -0800] "GET /resorts?resort=jaypeak HTTP/1.1" 404 469 "-" "Mozilla/5.0 (compatible; Baiduspider/2.0; +http://www.baidu.com/search/spider.html)"
68.180.229.34 - - [06/Mar/2016:23:17:12 -0800] "GET /robots.txt HTTP/1.1" 200 319 "-" "Mozilla/5.0 (compatible; Yahoo! Slurp; http://help.yahoo.com/help/us/ysearch/slurp)"
68.180.229.34 - - [06/Mar/2016:23:17:12 -0800] "GET /resorts?resort=schweitzer HTTP/1.1" 404 450 "-" "Mozilla/5.0 (compatible; Yahoo! Slurp; http://help.yahoo.com/help/us/ysearch/slurp)"
170.75.162.130 - - [06/Mar/2016:23:19:38 -0800] "GET /lib/reccapi.php?resort=sugarbowl HTTP/1.1" 200 1061 "-" "node-superagent/1.4.0"
198.20.69.74 - - [06/Mar/2016:23:21:10 -0800] "GET / HTTP/1.1" 200 6976 "-" "-"
198.20.69.74 - - [06/Mar/2016:23:21:10 -0800] "GET /robots.txt HTTP/1.1" 200 319 "-" "-"
198.20.69.74 - - [06/Mar/2016:23:21:10 -0800] "GET /sitemap.xml HTTP/1.1" 404 472 "-" "-"
52.33.40.213 - - [06/Mar/2016:23:24:19 -0800] "GET /lib/reccapi.php?resort=sundayriver HTTP/1.1" 200 958 "-" "node-superagent/1.4.0"
52.33.40.213 - - [06/Mar/2016:23:24:19 -0800] "GET /lib/reccapi.php?resort=stowe HTTP/1.1" 200 929 "-" "node-superagent/1.4.0"
52.33.40.213 - - [06/Mar/2016:23:24:20 -0800] "GET /lib/reccapi.php?resort=winterpark HTTP/1.1" 200 1099 "-" "node-superagent/1.4.0"
52.33.40.213 - - [06/Mar/2016:23:24:19 -0800] "GET /lib/reccapi.php?resort=cannonmountain HTTP/1.1" 200 960 "-" "node-superagent/1.4.0"
52.33.40.213 - - [06/Mar/2016:23:24:19 -0800] "GET /lib/reccapi.php?resort=whistlerblackcomb HTTP/1.1" 200 933 "-" "node-superagent/1.4.0"
52.33.40.213 - - [06/Mar/2016:23:24:19 -0800] "GET /lib/reccapi.php?resort=madriverglen HTTP/1.1" 200 949 "-" "node-superagent/1.4.0"
52.33.40.213 - - [06/Mar/2016:23:24:20 -0800] "GET /lib/reccapi.php?resort=sugarloaf HTTP/1.1" 200 955 "-" "node-superagent/1.4.0"
52.33.40.213 - - [06/Mar/2016:23:24:19 -0800] "GET /lib/reccapi.php?resort=sugarbush HTTP/1.1" 200 948 "-" "node-superagent/1.4.0"
180.76.15.19 - - [06/Mar/2016:23:29:17 -0800] "GET / HTTP/1.1" 200 6995 "-" "Mozilla/5.0 (compatible; Baiduspider/2.0; +http://www.baidu.com/search/spider.html)"
170.75.162.130 - - [06/Mar/2016:23:29:39 -0800] "GET /lib/reccapi.php?resort=bigsky HTTP/1.1" 200 1066 "-" "node-superagent/1.4.0"
180.76.15.32 - - [06/Mar/2016:23:30:08 -0800] "GET / HTTP/1.1" 200 6995 "-" "Mozilla/5.0 (compatible; Baiduspider/2.0; +http://www.baidu.com/search/spider.html)"
66.249.64.2 - - [06/Mar/2016:23:33:16 -0800] "GET /resorts?resort=bigsky HTTP/1.1" 404 506 "-" "Mozilla/5.0 (compatible; Googlebot/2.1; +http://www.google.com/bot.html)"
170.75.162.130 - - [06/Mar/2016:23:33:30 -0800] "GET /lib/reccapi.php?resort=diamondpeak HTTP/1.1" 200 1036 "-" "node-superagent/1.4.0"
170.75.162.130 - - [06/Mar/2016:23:33:30 -0800] "GET /lib/reccapi.php?resort=mtrose HTTP/1.1" 200 1067 "-" "node-superagent/1.4.0"
52.33.40.213 - - [06/Mar/2016:23:36:30 -0800] "GET /lib/reccapi.php?resort=hoodoo HTTP/1.1" 200 1039 "-" "node-superagent/1.4.0"
170.75.162.130 - - [06/Mar/2016:23:40:31 -0800] "GET /lib/reccapi.php?resort=snowmass HTTP/1.1" 200 1021 "-" "node-superagent/1.4.0"
73.225.96.186 - - [06/Mar/2016:23:40:43 -0800] "GET /bower_components/requirejs/require.js HTTP/1.1" 200 6702 "http://whereshouldiski.com/" "Mozilla/5.0 (Macintosh; Intel Mac OS X 10_11_3) AppleWebKit/601.4.4 (KHTML, like Gecko) Version/9.0.3 Safari/601.4.4"
73.225.96.186 - - [06/Mar/2016:23:40:43 -0800] "GET /images/logo-square-white-sm.png HTTP/1.1" 200 1684 "http://whereshouldiski.com/" "Mozilla/5.0 (Macintosh; Intel Mac OS X 10_11_3) AppleWebKit/601.4.4 (KHTML, like Gecko) Version/9.0.3 Safari/601.4.4"
73.225.96.186 - - [06/Mar/2016:23:40:43 -0800] "GET /images/button.png HTTP/1.1" 200 598 "http://whereshouldiski.com/" "Mozilla/5.0 (Macintosh; Intel Mac OS X 10_11_3) AppleWebKit/601.4.4 (KHTML, like Gecko) Version/9.0.3 Safari/601.4.4"
170.75.162.130 - - [06/Mar/2016:23:48:12 -0800] "GET /lib/reccapi.php?resort=squawvalleyusa HTTP/1.1" 200 1077 "-" "node-superagent/1.4.0"
52.33.40.213 - - [06/Mar/2016:23:49:51 -0800] "GET /lib/reccapi.php?resort=49degreesnorth HTTP/1.1" 200 1106 "-" "node-superagent/1.4.0"
52.33.40.213 - - [06/Mar/2016:23:53:31 -0800] "GET /lib/reccapi.php?resort=bigwhite HTTP/1.1" 200 923 "-" "node-superagent/1.4.0"
52.33.40.213 - - [06/Mar/2016:23:54:41 -0800] "GET /lib/reccapi.php?resort=crestedbutte HTTP/1.1" 200 1047 "-" "node-superagent/1.4.0"
52.33.40.213 - - [06/Mar/2016:23:54:41 -0800] "GET /lib/reccapi.php?resort=diamondpeak HTTP/1.1" 200 1036 "-" "node-superagent/1.4.0"
52.33.40.213 - - [06/Mar/2016:23:54:51 -0800] "GET /lib/reccapi.php?resort=devilshead HTTP/1.1" 200 987 "-" "node-superagent/1.4.0"
52.33.40.213 - - [06/Mar/2016:23:56:01 -0800] "GET /lib/reccapi.php?resort=sunpeaksresort HTTP/1.1" 200 921 "-" "node-superagent/1.4.0"
52.33.40.213 - - [06/Mar/2016:23:56:21 -0800] "GET /lib/reccapi.php?resort=redmountain HTTP/1.1" 200 909 "-" "node-superagent/1.4.0"
52.33.40.213 - - [06/Mar/2016:23:56:21 -0800] "GET /lib/reccapi.php?resort=mountainhigh HTTP/1.1" 200 1025 "-" "node-superagent/1.4.0"
52.33.40.213 - - [06/Mar/2016:23:56:21 -0800] "GET /lib/reccapi.php?resort=loveland HTTP/1.1" 200 1061 "-" "node-superagent/1.4.0"
52.33.40.213 - - [06/Mar/2016:23:57:11 -0800] "GET /lib/reccapi.php?resort=sierra-at-tahoe HTTP/1.1" 200 1069 "-" "node-superagent/1.4.0"
52.33.40.213 - - [06/Mar/2016:23:57:11 -0800] "GET /lib/reccapi.php?resort=wildcatmountain HTTP/1.1" 200 962 "-" "node-superagent/1.4.0"
52.33.40.213 - - [06/Mar/2016:23:57:41 -0800] "GET /lib/reccapi.php?resort=snowbasin HTTP/1.1" 200 1045 "-" "node-superagent/1.4.0"
52.33.40.213 - - [06/Mar/2016:23:57:41 -0800] "GET /lib/reccapi.php?resort=silverstarmountain HTTP/1.1" 200 938 "-" "node-superagent/1.4.0"
170.75.162.130 - - [07/Mar/2016:00:09:55 -0800] "GET /lib/reccapi.php?resort=taos HTTP/1.1" 200 994 "-" "node-superagent/1.4.0"
52.33.40.213 - - [07/Mar/2016:00:15:12 -0800] "GET /lib/reccapi.php?resort=snowmass HTTP/1.1" 200 1012 "-" "node-superagent/1.4.0"
180.76.15.153 - - [07/Mar/2016:00:29:21 -0800] "GET / HTTP/1.1" 200 6995 "-" "Mozilla/5.0 (compatible; Baiduspider/2.0; +http://www.baidu.com/search/spider.html)"
180.76.15.28 - - [07/Mar/2016:00:30:11 -0800] "GET / HTTP/1.1" 200 6995 "-" "Mozilla/5.0 (compatible; Baiduspider/2.0; +http://www.baidu.com/search/spider.html)"
220.181.108.145 - - [07/Mar/2016:00:42:03 -0800] "-" 408 0 "-" "-"
17.142.156.117 - - [07/Mar/2016:00:44:54 -0800] "GET /favicon.ico HTTP/1.1" 200 4613 "-" "Mozilla/5.0 (Macintosh; Intel Mac OS X 10_10_1) AppleWebKit/600.2.5 (KHTML, like Gecko) Version/8.0.2 Safari/600.2.5 (Applebot/0.1; +http://www.apple.com/go/applebot)"
17.142.156.117 - - [07/Mar/2016:00:44:57 -0800] "GET /favicon.ico HTTP/1.1" 200 4612 "-" "Mozilla/5.0 (Macintosh; Intel Mac OS X 10_10_1) AppleWebKit/600.2.5 (KHTML, like Gecko) Version/8.0.2 Safari/600.2.5 (Applebot/0.1; +http://www.apple.com/go/applebot)"
170.75.162.130 - - [07/Mar/2016:01:04:52 -0800] "GET /lib/reccapi.php?resort=wildcatmountain HTTP/1.1" 200 1089 "-" "node-superagent/1.4.0"
52.33.40.213 - - [07/Mar/2016:01:20:15 -0800] "GET /lib/reccapi.php?resort=smugglersnotch HTTP/1.1" 200 1075 "-" "node-superagent/1.4.0"
46.119.123.182 - - [07/Mar/2016:01:21:28 -0800] "GET / HTTP/1.1" 200 6976 "http://krasnoyarsk.xrus.org/" "Mozilla/4.0 (compatible; MSIE 6.0; Windows NT 5.0; KTXN)"
46.119.123.182 - - [07/Mar/2016:01:21:28 -0800] "GET / HTTP/1.1" 200 6976 "http://el-nation.com/" "Mozilla/4.0 (compatible; MSIE 5.0; Windows 95) Opera 6.01  [en]"
46.119.123.182 - - [07/Mar/2016:01:21:28 -0800] "GET / HTTP/1.1" 200 6976 "http://coop-gamers.ru/" "Mozilla/4.0 (compatible; MSIE 6.0; Windows NT 5.1; FREE; .NET CLR 1.1.4322)"
46.119.123.182 - - [07/Mar/2016:01:21:29 -0800] "GET / HTTP/1.1" 200 6976 "http://krasnoyarsk.xrus.org/" "Mozilla/4.0 (compatible; MSIE 6.0; Windows NT 5.0; KTXN)"
46.119.123.182 - - [07/Mar/2016:01:21:29 -0800] "GET / HTTP/1.1" 200 6976 "http://el-nation.com/" "Mozilla/4.0 (compatible; MSIE 5.0; Windows 95) Opera 6.01  [en]"
46.119.123.182 - - [07/Mar/2016:01:21:29 -0800] "GET / HTTP/1.1" 200 6976 "http://coop-gamers.ru/" "Mozilla/4.0 (compatible; MSIE 6.0; Windows NT 5.1; FREE; .NET CLR 1.1.4322)"
46.119.123.182 - - [07/Mar/2016:01:21:29 -0800] "GET / HTTP/1.1" 200 6976 "http://krasnoyarsk.xrus.org/" "Mozilla/4.0 (compatible; MSIE 6.0; Windows NT 5.0; KTXN)"
46.119.123.182 - - [07/Mar/2016:01:21:30 -0800] "GET / HTTP/1.1" 200 6976 "http://el-nation.com/" "Mozilla/4.0 (compatible; MSIE 5.0; Windows 95) Opera 6.01  [en]"
46.119.123.182 - - [07/Mar/2016:01:21:30 -0800] "GET / HTTP/1.1" 200 6976 "http://coop-gamers.ru/" "Mozilla/4.0 (compatible; MSIE 6.0; Windows NT 5.1; FREE; .NET CLR 1.1.4322)"
123.125.71.77 - - [07/Mar/2016:01:28:31 -0800] "GET / HTTP/1.1" 200 2578 "-" "Mozilla/5.0 (Windows NT 5.1; rv:6.0.2) Gecko/20100101 Firefox/6.0.2"
123.125.71.72 - - [07/Mar/2016:01:28:32 -0800] "GET / HTTP/1.1" 200 6995 "-" "Mozilla/5.0 (Windows NT 5.1; rv:6.0.2) Gecko/20100101 Firefox/6.0.2"
180.76.15.137 - - [07/Mar/2016:01:30:20 -0800] "GET / HTTP/1.1" 200 6995 "-" "Mozilla/5.0 (compatible; Baiduspider/2.0; +http://www.baidu.com/search/spider.html)"
180.76.15.10 - - [07/Mar/2016:01:31:10 -0800] "GET / HTTP/1.1" 200 6995 "-" "Mozilla/5.0 (compatible; Baiduspider/2.0; +http://www.baidu.com/search/spider.html)"
52.33.40.213 - - [07/Mar/2016:01:31:55 -0800] "GET /lib/reccapi.php?resort=buttermilk HTTP/1.1" 200 1036 "-" "node-superagent/1.4.0"
66.249.64.2 - - [07/Mar/2016:01:38:28 -0800] "GET /resorts?resort=sunpeaksresort HTTP/1.1" 404 506 "-" "Mozilla/5.0 (compatible; Googlebot/2.1; +http://www.google.com/bot.html)"
170.75.162.130 - - [07/Mar/2016:01:41:17 -0800] "GET /lib/reccapi.php?resort=keystone HTTP/1.1" 200 1073 "-" "node-superagent/1.4.0"
46.229.164.98 - - [07/Mar/2016:01:57:38 -0800] "GET /robots.txt HTTP/1.1" 200 382 "-" "Mozilla/5.0 (compatible; SemrushBot/1~bl; +http://www.semrush.com/bot.html)"
157.55.39.189 - - [07/Mar/2016:02:00:45 -0800] "GET / HTTP/1.1" 200 2615 "-" "Mozilla/5.0 (compatible; bingbot/2.0; +http://www.bing.com/bingbot.htm)"
66.249.64.2 - - [07/Mar/2016:02:05:58 -0800] "GET /lib/reccapi.php?resort=antelopebutte&date=2016-02-17 HTTP/1.1" 200 1031 "http://whereshouldiski.com/" "Mozilla/5.0 (compatible; Googlebot/2.1; +http://www.google.com/bot.html)"
66.249.64.8 - - [07/Mar/2016:02:06:00 -0800] "GET /lib/resortDataSearchD3.php?size=7&sortDate=T&resort=antelopebutte&dateStart=2016-02-15 HTTP/1.1" 200 878 "http://whereshouldiski.com/" "Mozilla/5.0 (compatible; Googlebot/2.1; +http://www.google.com/bot.html)"
66.249.64.2 - - [07/Mar/2016:02:06:00 -0800] "GET /lib/reccapi.php?fields=t&date=2016-02-17&coords=44.62%2C-107.51&size=7&sort=distance HTTP/1.1" 200 1388 "http://whereshouldiski.com/" "Mozilla/5.0 (compatible; Googlebot/2.1; +http://www.google.com/bot.html)"
170.75.162.130 - - [07/Mar/2016:02:14:41 -0800] "GET /lib/reccapi.php?resort=redmountain HTTP/1.1" 200 919 "-" "node-superagent/1.4.0"
162.234.3.12 - - [07/Mar/2016:02:15:02 -0800] "GET /images/wsis-logo-sm.png HTTP/1.1" 200 6108 "http://www.thebackcountry.net/" "Mozilla/5.0 (Windows NT 6.1; WOW64) AppleWebKit/537.36 (KHTML, like Gecko) Chrome/48.0.2564.116 Safari/537.36"
170.75.162.130 - - [07/Mar/2016:02:18:42 -0800] "GET /lib/reccapi.php?resort=northstar-at-tahoe HTTP/1.1" 200 1112 "-" "node-superagent/1.4.0"
170.75.162.130 - - [07/Mar/2016:02:18:42 -0800] "GET /lib/reccapi.php?resort=arapahoebasin HTTP/1.1" 200 1085 "-" "node-superagent/1.4.0"
170.75.162.130 - - [07/Mar/2016:02:18:42 -0800] "GET /lib/reccapi.php?resort=kirkwood HTTP/1.1" 200 1073 "-" "node-superagent/1.4.0"
180.76.15.12 - - [07/Mar/2016:02:30:27 -0800] "GET / HTTP/1.1" 200 6995 "-" "Mozilla/5.0 (compatible; Baiduspider/2.0; +http://www.baidu.com/search/spider.html)"
180.76.15.157 - - [07/Mar/2016:02:31:18 -0800] "GET / HTTP/1.1" 200 6995 "-" "Mozilla/5.0 (compatible; Baiduspider/2.0; +http://www.baidu.com/search/spider.html)"
123.125.71.117 - - [07/Mar/2016:02:33:19 -0800] "-" 408 0 "-" "-"
170.75.162.130 - - [07/Mar/2016:02:34:04 -0800] "GET /lib/reccapi.php?resort=alpinemeadows HTTP/1.1" 200 1060 "-" "node-superagent/1.4.0"
66.249.64.8 - - [07/Mar/2016:02:38:58 -0800] "GET /resorts?resort=alpinemeadows HTTP/1.1" 404 506 "-" "Mozilla/5.0 (compatible; Googlebot/2.1; +http://www.google.com/bot.html)"
177.102.27.127 - - [07/Mar/2016:02:40:49 -0800] "GET /images/wsis-logo-sm.png HTTP/1.1" 200 6108 "http://thebackcountry.net/" "Mozilla/5.0 (Windows NT 6.1; WOW64) AppleWebKit/537.36 (KHTML, like Gecko) Chrome/47.0.2526.111 Safari/537.36"
52.33.40.213 - - [07/Mar/2016:02:57:59 -0800] "GET /lib/reccapi.php?resort=mountspokane HTTP/1.1" 200 1066 "-" "node-superagent/1.4.0"
52.33.40.213 - - [07/Mar/2016:02:57:59 -0800] "GET /lib/reccapi.php?resort=mountbachelor HTTP/1.1" 200 1083 "-" "node-superagent/1.4.0"
52.33.40.213 - - [07/Mar/2016:02:58:49 -0800] "GET /lib/reccapi.php?resort=schweitzer HTTP/1.1" 200 1047 "-" "node-superagent/1.4.0"
52.33.40.213 - - [07/Mar/2016:02:58:59 -0800] "GET /lib/reccapi.php?resort=stevenspass HTTP/1.1" 200 1060 "-" "node-superagent/1.4.0"
170.75.162.130 - - [07/Mar/2016:03:12:19 -0800] "GET /lib/reccapi.php?resort=buttermilk HTTP/1.1" 200 1036 "-" "node-superagent/1.4.0"
170.75.162.130 - - [07/Mar/2016:03:16:30 -0800] "GET /lib/reccapi.php?resort=homewoodmountain HTTP/1.1" 200 1117 "-" "node-superagent/1.4.0"
91.82.38.230 - - [07/Mar/2016:03:23:04 -0800] "GET / HTTP/1.1" 200 7032 "-" "Mozilla/5.0 (X11; Linux x86_64) AppleWebKit/537.36 (KHTML, like Gecko) Chrome/28.0.1500.71 Safari/537.36"
91.82.38.230 - - [07/Mar/2016:03:23:07 -0800] "GET / HTTP/1.1" 200 6976 "-" "curl/7.35.0"
91.82.38.230 - - [07/Mar/2016:03:23:15 -0800] "HEAD / HTTP/1.1" 200 291 "-" "curl/7.35.0"
141.8.143.217 - - [07/Mar/2016:03:24:03 -0800] "GET /robots.txt HTTP/1.1" 200 375 "-" "Mozilla/5.0 (compatible; YandexBot/3.0; +http://yandex.com/bots)"
199.21.99.203 - - [07/Mar/2016:03:24:03 -0800] "GET /robots.txt HTTP/1.1" 200 375 "-" "Mozilla/5.0 (compatible; YandexBot/3.0; +http://yandex.com/bots)"
141.8.143.217 - - [07/Mar/2016:03:24:03 -0800] "GET /robots.txt HTTP/1.1" 200 374 "-" "Mozilla/5.0 (compatible; YandexBot/3.0; +http://yandex.com/bots)"
141.8.143.217 - - [07/Mar/2016:03:24:06 -0800] "GET / HTTP/1.1" 200 2614 "-" "Mozilla/5.0 (compatible; YandexBot/3.0; +http://yandex.com/bots)"
141.8.143.217 - - [07/Mar/2016:03:24:07 -0800] "GET / HTTP/1.1" 200 2614 "-" "Mozilla/5.0 (compatible; YandexBot/3.0; +http://yandex.com/bots)"
199.21.99.203 - - [07/Mar/2016:03:24:07 -0800] "GET / HTTP/1.1" 200 2614 "-" "Mozilla/5.0 (compatible; YandexBot/3.0; +http://yandex.com/bots)"
141.8.143.217 - - [07/Mar/2016:03:24:10 -0800] "GET / HTTP/1.1" 200 2614 "-" "Mozilla/5.0 (compatible; YandexBot/3.0; +http://yandex.com/bots)"
199.21.99.203 - - [07/Mar/2016:03:24:11 -0800] "GET / HTTP/1.1" 200 2614 "-" "Mozilla/5.0 (compatible; YandexBot/3.0; +http://yandex.com/bots)"
141.8.143.217 - - [07/Mar/2016:03:24:11 -0800] "GET / HTTP/1.1" 200 2614 "-" "Mozilla/5.0 (compatible; YandexBot/3.0; +http://yandex.com/bots)"
180.76.15.19 - - [07/Mar/2016:03:31:53 -0800] "GET / HTTP/1.1" 200 6995 "-" "Mozilla/5.0 (compatible; Baiduspider/2.0; +http://www.baidu.com/search/spider.html)"
180.76.15.29 - - [07/Mar/2016:03:32:49 -0800] "GET / HTTP/1.1" 200 6995 "-" "Mozilla/5.0 (compatible; Baiduspider/2.0; +http://www.baidu.com/search/spider.html)"
185.25.151.159 - - [07/Mar/2016:03:36:50 -0800] "GET http://testp4.pospr.waw.pl/testproxy.php HTTP/1.1" 404 448 "-" "Mozilla/5.0 (Windows NT 5.1; rv:32.0) Gecko/20100101 Firefox/31.0"
66.249.64.53 - - [07/Mar/2016:03:37:23 -0800] "GET /robots.txt HTTP/1.1" 200 419 "-" "Mozilla/5.0 (compatible; Googlebot/2.1; +http://www.google.com/bot.html)"
66.249.64.48 - - [07/Mar/2016:03:37:23 -0800] "GET / HTTP/1.1" 200 2615 "-" "Mozilla/5.0 (iPhone; CPU iPhone OS 8_3 like Mac OS X) AppleWebKit/600.1.4 (KHTML, like Gecko) Version/8.0 Mobile/12F70 Safari/600.1.4 (compatible; Googlebot/2.1; +http://www.google.com/bot.html)"
66.249.64.2 - - [07/Mar/2016:03:40:17 -0800] "GET /lib/reccapi.php?resort=alpenglow&date=2016-02-22 HTTP/1.1" 200 1024 "http://whereshouldiski.com/" "Mozilla/5.0 (compatible; Googlebot/2.1; +http://www.google.com/bot.html)"
66.249.64.8 - - [07/Mar/2016:03:40:18 -0800] "GET /lib/resortDataSearchD3.php?size=7&sortDate=T&resort=alpenglow&dateStart=2016-02-20 HTTP/1.1" 200 873 "http://whereshouldiski.com/" "Mozilla/5.0 (compatible; Googlebot/2.1; +http://www.google.com/bot.html)"
66.249.64.8 - - [07/Mar/2016:03:40:18 -0800] "GET /lib/reccapi.php?fields=t&date=2016-02-22&coords=61.24%2C-149.5&size=7&sort=distance HTTP/1.1" 200 1349 "http://whereshouldiski.com/" "Mozilla/5.0 (compatible; Googlebot/2.1; +http://www.google.com/bot.html)"
170.75.162.130 - - [07/Mar/2016:03:47:14 -0800] "GET /lib/reccapi.php?resort=angelfire HTTP/1.1" 200 1059 "-" "node-superagent/1.4.0"
5.150.96.56 - - [07/Mar/2016:03:51:52 -0800] "GET / HTTP/1.1" 200 2615 "http://www.google.co.uk/url?sa=t&rct=j&q=&esrc=s&source=web&cd=1&ved=0ahUKEwj94Y2qwq7LAhVMNxQKHeBgA9UQFggjMAA&url=http%3A%2F%2Fwhereshouldiski.com%2F&usg=AFQjCNF9Y_iY3YsCbRx2olN6GaOlshME8g&bvm=bv.116274245,d.d24" "Mozilla/5.0 (Windows NT 6.1; Trident/7.0; rv:11.0) like Gecko"
5.150.96.56 - - [07/Mar/2016:03:51:52 -0800] "GET /styles/ee08faa9.main.css HTTP/1.1" 200 19446 "http://whereshouldiski.com/" "Mozilla/5.0 (Windows NT 6.1; Trident/7.0; rv:11.0) like Gecko"
5.150.96.56 - - [07/Mar/2016:03:51:52 -0800] "GET /scripts/scripts/vendor/modernizr.js HTTP/1.1" 200 4903 "http://whereshouldiski.com/" "Mozilla/5.0 (Windows NT 6.1; Trident/7.0; rv:11.0) like Gecko"
5.150.96.56 - - [07/Mar/2016:03:51:52 -0800] "GET /images/loading.gif HTTP/1.1" 200 13882 "http://whereshouldiski.com/" "Mozilla/5.0 (Windows NT 6.1; Trident/7.0; rv:11.0) like Gecko"
5.150.96.56 - - [07/Mar/2016:03:51:52 -0800] "GET /images/logo-square-white-sm.png HTTP/1.1" 200 1684 "http://whereshouldiski.com/" "Mozilla/5.0 (Windows NT 6.1; Trident/7.0; rv:11.0) like Gecko"
5.150.96.56 - - [07/Mar/2016:03:51:52 -0800] "GET /bower_components/requirejs/require.js HTTP/1.1" 200 6702 "http://whereshouldiski.com/" "Mozilla/5.0 (Windows NT 6.1; Trident/7.0; rv:11.0) like Gecko"
5.150.96.56 - - [07/Mar/2016:03:51:55 -0800] "GET /images/button.png HTTP/1.1" 200 598 "http://whereshouldiski.com/" "Mozilla/5.0 (Windows NT 6.1; Trident/7.0; rv:11.0) like Gecko"
5.150.96.56 - - [07/Mar/2016:03:51:55 -0800] "GET /scripts/fa48e319.main.js HTTP/1.1" 200 123455 "http://whereshouldiski.com/" "Mozilla/5.0 (Windows NT 6.1; Trident/7.0; rv:11.0) like Gecko"
5.150.96.56 - - [07/Mar/2016:03:51:57 -0800] "GET /images/greyHeader.png HTTP/1.1" 200 508 "http://whereshouldiski.com/" "Mozilla/5.0 (Windows NT 6.1; Trident/7.0; rv:11.0) like Gecko"
5.150.96.56 - - [07/Mar/2016:03:51:57 -0800] "GET /lib/reccapi.php?fields=t HTTP/1.1" 200 1812 "http://whereshouldiski.com/" "Mozilla/5.0 (Windows NT 6.1; Trident/7.0; rv:11.0) like Gecko"
104.236.222.79 - - [07/Mar/2016:03:51:57 -0800] "GET /lib/reccapi.php HTTP/1.1" 200 24556 "-" "Mozilla/5.0 (Windows NT 6.1; WOW64; rv:33.0) Gecko/20100101 Firefox/33.0"
5.150.96.56 - - [07/Mar/2016:03:51:57 -0800] "GET /images/star5.png HTTP/1.1" 200 1783 "http://whereshouldiski.com/" "Mozilla/5.0 (Windows NT 6.1; Trident/7.0; rv:11.0) like Gecko"
5.150.96.56 - - [07/Mar/2016:03:51:57 -0800] "GET /images/snowflake5.png HTTP/1.1" 200 2857 "http://whereshouldiski.com/" "Mozilla/5.0 (Windows NT 6.1; Trident/7.0; rv:11.0) like Gecko"
5.150.96.56 - - [07/Mar/2016:03:51:57 -0800] "GET /images/shading-icon.png HTTP/1.1" 200 537 "http://whereshouldiski.com/" "Mozilla/5.0 (Windows NT 6.1; Trident/7.0; rv:11.0) like Gecko"
5.150.96.56 - - [07/Mar/2016:03:51:57 -0800] "GET /images/mtns-icon.png HTTP/1.1" 200 1097 "http://whereshouldiski.com/" "Mozilla/5.0 (Windows NT 6.1; Trident/7.0; rv:11.0) like Gecko"
5.150.96.56 - - [07/Mar/2016:03:51:57 -0800] "GET /images/bluebird5.png HTTP/1.1" 200 2178 "http://whereshouldiski.com/" "Mozilla/5.0 (Windows NT 6.1; Trident/7.0; rv:11.0) like Gecko"
5.150.96.56 - - [07/Mar/2016:03:52:01 -0800] "GET /favicon.ico HTTP/1.1" 200 4613 "-" "Mozilla/5.0 (Windows NT 6.1; Trident/7.0; rv:11.0) like Gecko"
127.0.0.1 - - [07/Mar/2016:03:52:07 -0800] "OPTIONS * HTTP/1.0" 200 126 "-" "Apache/2.2.22 (Ubuntu) (internal dummy connection)"
104.131.21.27 - - [07/Mar/2016:03:52:09 -0800] "HEAD / HTTP/1.1" 200 310 "http://www.netcraft.com/survey/" "Mozilla/4.0 (compatible; Netcraft Web Server Survey)"
5.150.96.56 - - [07/Mar/2016:03:52:23 -0800] "-" 408 0 "-" "-"
127.0.0.1 - - [07/Mar/2016:03:52:23 -0800] "OPTIONS * HTTP/1.0" 200 126 "-" "Apache/2.2.22 (Ubuntu) (internal dummy connection)"
52.33.40.213 - - [07/Mar/2016:03:55:12 -0800] "GET /lib/reccapi.php?resort=angelfire HTTP/1.1" 200 1059 "-" "node-superagent/1.4.0"
52.33.40.213 - - [07/Mar/2016:03:56:52 -0800] "GET /lib/reccapi.php?resort=crystalmountain HTTP/1.1" 200 1064 "-" "node-superagent/1.4.0"
52.33.40.213 - - [07/Mar/2016:03:56:52 -0800] "GET /lib/reccapi.php?resort=monarch HTTP/1.1" 200 1040 "-" "node-superagent/1.4.0"
52.33.40.213 - - [07/Mar/2016:04:01:23 -0800] "GET /lib/reccapi.php?resort=alyeska HTTP/1.1" 200 1044 "-" "node-superagent/1.4.0"
52.33.40.213 - - [07/Mar/2016:04:02:53 -0800] "GET /lib/reccapi.php?resort=whitefacemountain HTTP/1.1" 200 1099 "-" "node-superagent/1.4.0"
66.249.64.8 - - [07/Mar/2016:04:03:16 -0800] "GET /resorts?resort=kirkwood HTTP/1.1" 404 506 "-" "Mozilla/5.0 (compatible; Googlebot/2.1; +http://www.google.com/bot.html)"
170.75.162.130 - - [07/Mar/2016:04:07:37 -0800] "GET /lib/reccapi.php?resort=smugglersnotch HTTP/1.1" 200 1075 "-" "node-superagent/1.4.0"
104.131.188.172 - - [07/Mar/2016:04:09:03 -0800] "HEAD / HTTP/1.1" 200 310 "http://www.netcraft.com/survey/" "Mozilla/4.0 (compatible; Netcraft Web Server Survey)"
66.249.64.8 - - [07/Mar/2016:04:18:21 -0800] "GET /lib/reccapi.php?resort=alpenglow&date=2016-02-23 HTTP/1.1" 200 1019 "http://whereshouldiski.com/" "Mozilla/5.0 (compatible; Googlebot/2.1; +http://www.google.com/bot.html)"
66.249.64.2 - - [07/Mar/2016:04:18:22 -0800] "GET /lib/reccapi.php?fields=t&date=2016-02-23&coords=61.24%2C-149.5&size=7&sort=distance HTTP/1.1" 200 1340 "http://whereshouldiski.com/" "Mozilla/5.0 (compatible; Googlebot/2.1; +http://www.google.com/bot.html)"
66.249.64.127 - - [07/Mar/2016:04:18:22 -0800] "GET /lib/resortDataSearchD3.php?size=7&sortDate=T&resort=alpenglow&dateStart=2016-02-21 HTTP/1.1" 200 876 "http://whereshouldiski.com/" "Mozilla/5.0 (compatible; Googlebot/2.1; +http://www.google.com/bot.html)"
180.76.15.23 - - [07/Mar/2016:04:28:58 -0800] "GET / HTTP/1.1" 200 6995 "-" "Mozilla/5.0 (compatible; Baiduspider/2.0; +http://www.baidu.com/search/spider.html)"
180.76.15.142 - - [07/Mar/2016:04:29:48 -0800] "GET / HTTP/1.1" 200 6995 "-" "Mozilla/5.0 (compatible; Baiduspider/2.0; +http://www.baidu.com/search/spider.html)"
178.137.165.104 - - [07/Mar/2016:04:48:14 -0800] "GET / HTTP/1.1" 200 6976 "http://boleznikogi.com/" "Mozilla/4.0 (compatible; MSIE 6.0; Windows NT 5.0; APC; .NET CLR 1.0.3705; .NET CLR 1.1.4322; .NET CLR 2.0.50215; InfoPath.1)"
178.137.165.104 - - [07/Mar/2016:04:48:14 -0800] "GET / HTTP/1.1" 200 6976 "http://pp-budpostach.com.ua/articles" "Mozilla/4.0 (compatible; MSIE 5.01; Windows 95; MSIECrawler)"
178.137.165.104 - - [07/Mar/2016:04:48:14 -0800] "GET / HTTP/1.1" 200 6976 "http://prombudpostach.com.ua/" "Mozilla/4.0 (compatible; MSIE 6.0; Windows NT 5.1; SV1)"
178.137.165.104 - - [07/Mar/2016:04:48:15 -0800] "GET / HTTP/1.1" 200 6976 "http://pp-budpostach.com.ua/articles" "Mozilla/4.0 (compatible; MSIE 5.01; Windows 95; MSIECrawler)"
178.137.165.104 - - [07/Mar/2016:04:48:15 -0800] "GET / HTTP/1.1" 200 6976 "http://boleznikogi.com/" "Mozilla/4.0 (compatible; MSIE 6.0; Windows NT 5.0; APC; .NET CLR 1.0.3705; .NET CLR 1.1.4322; .NET CLR 2.0.50215; InfoPath.1)"
178.137.165.104 - - [07/Mar/2016:04:48:15 -0800] "GET / HTTP/1.1" 200 6976 "http://www.growshop.es/" "Mozilla/4.0 (compatible; MSIE 6.0; Windows NT 5.1; SV1; Media Center PC"
178.137.165.104 - - [07/Mar/2016:04:48:15 -0800] "GET / HTTP/1.1" 200 6976 "http://prombudpostach.com.ua/" "Mozilla/4.0 (compatible; MSIE 6.0; Windows NT 5.1; SV1)"
178.137.165.104 - - [07/Mar/2016:04:48:15 -0800] "GET / HTTP/1.1" 200 6976 "http://ekaterinburg.xrus.org/" "Mozilla/4.0 (compatible; MSIE 6.0; Windows 98; Win 9x 4.90; Creative)"
178.137.165.104 - - [07/Mar/2016:04:48:15 -0800] "GET / HTTP/1.1" 200 6976 "http://pp-budpostach.com.ua/articles" "Mozilla/4.0 (compatible; MSIE 5.01; Windows 95; MSIECrawler)"
178.137.165.104 - - [07/Mar/2016:04:48:16 -0800] "GET / HTTP/1.1" 200 6976 "http://www.growshop.es/" "Mozilla/4.0 (compatible; MSIE 6.0; Windows NT 5.1; SV1; Media Center PC"
178.137.165.104 - - [07/Mar/2016:04:48:16 -0800] "GET / HTTP/1.1" 200 6976 "http://prombudpostach.com.ua/" "Mozilla/4.0 (compatible; MSIE 6.0; Windows NT 5.1; SV1)"
178.137.165.104 - - [07/Mar/2016:04:48:16 -0800] "GET / HTTP/1.1" 200 6976 "http://ekaterinburg.xrus.org/" "Mozilla/4.0 (compatible; MSIE 6.0; Windows 98; Win 9x 4.90; Creative)"
178.137.165.104 - - [07/Mar/2016:04:48:16 -0800] "GET / HTTP/1.1" 200 6976 "http://www.growshop.es/" "Mozilla/4.0 (compatible; MSIE 6.0; Windows NT 5.1; SV1; Media Center PC"
178.137.165.104 - - [07/Mar/2016:04:48:16 -0800] "GET / HTTP/1.1" 200 6976 "http://boleznikogi.com/" "Mozilla/4.0 (compatible; MSIE 6.0; Windows NT 5.0; APC; .NET CLR 1.0.3705; .NET CLR 1.1.4322; .NET CLR 2.0.50215; InfoPath.1)"
178.137.165.104 - - [07/Mar/2016:04:48:17 -0800] "GET / HTTP/1.1" 200 6976 "http://ekaterinburg.xrus.org/" "Mozilla/4.0 (compatible; MSIE 6.0; Windows 98; Win 9x 4.90; Creative)"
52.33.40.213 - - [07/Mar/2016:04:56:15 -0800] "GET /lib/reccapi.php?resort=aspenmountain HTTP/1.1" 200 1043 "-" "node-superagent/1.4.0"
170.75.162.130 - - [07/Mar/2016:05:01:54 -0800] "GET /lib/reccapi.php?resort=bigwhite HTTP/1.1" 200 925 "-" "node-superagent/1.4.0"
52.33.40.213 - - [07/Mar/2016:05:06:26 -0800] "GET /lib/reccapi.php?resort=parkcity HTTP/1.1" 200 1006 "-" "node-superagent/1.4.0"
170.75.162.130 - - [07/Mar/2016:05:07:55 -0800] "GET /lib/reccapi.php?resort=sugarloaf HTTP/1.1" 200 1043 "-" "node-superagent/1.4.0"
170.75.162.130 - - [07/Mar/2016:05:07:55 -0800] "GET /lib/reccapi.php?resort=sundayriver HTTP/1.1" 200 1077 "-" "node-superagent/1.4.0"
170.75.162.130 - - [07/Mar/2016:05:18:16 -0800] "GET /lib/reccapi.php?resort=heavenly HTTP/1.1" 200 1100 "-" "node-superagent/1.4.0"
52.33.40.213 - - [07/Mar/2016:05:22:26 -0800] "GET /lib/reccapi.php?resort=chinapeak HTTP/1.1" 200 1062 "-" "node-superagent/1.4.0"
52.33.40.213 - - [07/Mar/2016:05:22:46 -0800] "GET /lib/reccapi.php?resort=mtrose HTTP/1.1" 200 1092 "-" "node-superagent/1.4.0"
52.33.40.213 - - [07/Mar/2016:05:23:56 -0800] "GET /lib/reccapi.php?resort=homewoodmountain HTTP/1.1" 200 1121 "-" "node-superagent/1.4.0"
170.75.162.130 - - [07/Mar/2016:05:24:47 -0800] "GET /lib/reccapi.php?resort=brianhead HTTP/1.1" 200 1092 "-" "node-superagent/1.4.0"
170.75.162.130 - - [07/Mar/2016:05:24:47 -0800] "GET /lib/reccapi.php?resort=whitefacemountain HTTP/1.1" 200 1113 "-" "node-superagent/1.4.0"
170.75.162.130 - - [07/Mar/2016:05:29:28 -0800] "GET /lib/reccapi.php?resort=hoodoo HTTP/1.1" 200 1032 "-" "node-superagent/1.4.0"
170.75.162.130 - - [07/Mar/2016:05:29:28 -0800] "GET /lib/reccapi.php?resort=coppermountain HTTP/1.1" 200 1099 "-" "node-superagent/1.4.0"
180.76.15.30 - - [07/Mar/2016:05:29:57 -0800] "GET / HTTP/1.1" 200 6995 "-" "Mozilla/5.0 (compatible; Baiduspider/2.0; +http://www.baidu.com/search/spider.html)"
180.76.15.11 - - [07/Mar/2016:05:30:48 -0800] "GET / HTTP/1.1" 200 6995 "-" "Mozilla/5.0 (compatible; Baiduspider/2.0; +http://www.baidu.com/search/spider.html)"
170.75.162.130 - - [07/Mar/2016:05:34:18 -0800] "GET /lib/reccapi.php?resort=alta HTTP/1.1" 200 986 "-" "node-superagent/1.4.0"
170.75.162.130 - - [07/Mar/2016:05:36:09 -0800] "GET /lib/reccapi.php?resort=killington HTTP/1.1" 200 1106 "-" "node-superagent/1.4.0"
170.75.162.130 - - [07/Mar/2016:05:43:09 -0800] "GET /lib/reccapi.php?resort=chinapeak HTTP/1.1" 200 1062 "-" "node-superagent/1.4.0"
66.249.66.94 - - [07/Mar/2016:05:44:33 -0800] "GET / HTTP/1.1" 200 2615 "-" "Mozilla/5.0 (iPhone; CPU iPhone OS 8_3 like Mac OS X) AppleWebKit/600.1.4 (KHTML, like Gecko) Version/8.0 Mobile/12F70 Safari/600.1.4 (compatible; Googlebot/2.1; +http://www.google.com/bot.html)"
52.33.40.213 - - [07/Mar/2016:05:47:37 -0800] "GET /lib/reccapi.php?resort=redlodge HTTP/1.1" 200 1069 "-" "node-superagent/1.4.0"
170.75.162.130 - - [07/Mar/2016:05:52:33 -0800] "GET /lib/reccapi.php?resort=crestedbutte HTTP/1.1" 200 1098 "-" "node-superagent/1.4.0"
170.75.162.130 - - [07/Mar/2016:05:54:31 -0800] "GET /lib/reccapi.php?resort=mountspokane HTTP/1.1" 200 1037 "-" "node-superagent/1.4.0"
170.75.162.130 - - [07/Mar/2016:06:01:42 -0800] "GET /lib/reccapi.php?resort=mammothmountain HTTP/1.1" 200 1122 "-" "node-superagent/1.4.0"
170.75.162.130 - - [07/Mar/2016:06:06:33 -0800] "GET /lib/reccapi.php?resort=brighton HTTP/1.1" 200 1016 "-" "node-superagent/1.4.0"
170.75.162.130 - - [07/Mar/2016:06:07:03 -0800] "GET /lib/reccapi.php?resort=parkcity HTTP/1.1" 200 1020 "-" "node-superagent/1.4.0"
170.75.162.130 - - [07/Mar/2016:06:16:04 -0800] "GET /lib/reccapi.php?resort=snowbird HTTP/1.1" 200 997 "-" "node-superagent/1.4.0"
170.75.162.130 - - [07/Mar/2016:06:17:44 -0800] "GET /lib/reccapi.php?resort=bigsky HTTP/1.1" 200 1028 "-" "node-superagent/1.4.0"
170.75.162.130 - - [07/Mar/2016:06:17:45 -0800] "GET /lib/reccapi.php?resort=cannonmountain HTTP/1.1" 200 1042 "-" "node-superagent/1.4.0"
170.75.162.130 - - [07/Mar/2016:06:17:45 -0800] "GET /lib/reccapi.php?resort=diamondpeak HTTP/1.1" 200 1057 "-" "node-superagent/1.4.0"
170.75.162.130 - - [07/Mar/2016:06:17:45 -0800] "GET /lib/reccapi.php?resort=jaypeak HTTP/1.1" 200 1111 "-" "node-superagent/1.4.0"
170.75.162.130 - - [07/Mar/2016:06:17:45 -0800] "GET /lib/reccapi.php?resort=madriverglen HTTP/1.1" 200 1110 "-" "node-superagent/1.4.0"
170.75.162.130 - - [07/Mar/2016:06:17:45 -0800] "GET /lib/reccapi.php?resort=mtrose HTTP/1.1" 200 1092 "-" "node-superagent/1.4.0"
170.75.162.130 - - [07/Mar/2016:06:17:45 -0800] "GET /lib/reccapi.php?resort=redlodge HTTP/1.1" 200 1069 "-" "node-superagent/1.4.0"
170.75.162.130 - - [07/Mar/2016:06:17:46 -0800] "GET /lib/reccapi.php?resort=stowe HTTP/1.1" 200 1099 "-" "node-superagent/1.4.0"
170.75.162.130 - - [07/Mar/2016:06:17:46 -0800] "GET /lib/reccapi.php?resort=sugarbush HTTP/1.1" 200 1123 "-" "node-superagent/1.4.0"
170.75.162.130 - - [07/Mar/2016:06:17:47 -0800] "GET /lib/reccapi.php?resort=wildcatmountain HTTP/1.1" 200 1069 "-" "node-superagent/1.4.0"
170.75.162.130 - - [07/Mar/2016:06:19:55 -0800] "GET /lib/reccapi.php?resort=49degreesnorth HTTP/1.1" 200 1066 "-" "node-superagent/1.4.0"
170.75.162.130 - - [07/Mar/2016:06:19:55 -0800] "GET /lib/reccapi.php?resort=arapahoebasin HTTP/1.1" 200 1104 "-" "node-superagent/1.4.0"
170.75.162.130 - - [07/Mar/2016:06:19:55 -0800] "GET /lib/reccapi.php?resort=alyeska HTTP/1.1" 200 1038 "-" "node-superagent/1.4.0"
170.75.162.130 - - [07/Mar/2016:06:19:55 -0800] "GET /lib/reccapi.php?resort=aspenheights HTTP/1.1" 200 1064 "-" "node-superagent/1.4.0"
170.75.162.130 - - [07/Mar/2016:06:19:55 -0800] "GET /lib/reccapi.php?resort=aspenmountain HTTP/1.1" 200 1074 "-" "node-superagent/1.4.0"
170.75.162.130 - - [07/Mar/2016:06:19:58 -0800] "GET /lib/reccapi.php?resort=grandtarghee HTTP/1.1" 200 1084 "-" "node-superagent/1.4.0"
170.75.162.130 - - [07/Mar/2016:06:19:59 -0800] "GET /lib/reccapi.php?resort=deervalley HTTP/1.1" 200 1071 "-" "node-superagent/1.4.0"
170.75.162.130 - - [07/Mar/2016:06:19:59 -0800] "GET /lib/reccapi.php?resort=jacksonhole HTTP/1.1" 200 1078 "-" "node-superagent/1.4.0"
170.75.162.130 - - [07/Mar/2016:06:19:59 -0800] "GET /lib/reccapi.php?resort=keystone HTTP/1.1" 200 1094 "-" "node-superagent/1.4.0"
170.75.162.130 - - [07/Mar/2016:06:19:59 -0800] "GET /lib/reccapi.php?resort=loveland HTTP/1.1" 200 1086 "-" "node-superagent/1.4.0"
170.75.162.130 - - [07/Mar/2016:06:19:59 -0800] "GET /lib/reccapi.php?resort=monarch HTTP/1.1" 200 1108 "-" "node-superagent/1.4.0"
170.75.162.130 - - [07/Mar/2016:06:20:00 -0800] "GET /lib/reccapi.php?resort=schweitzer HTTP/1.1" 200 1022 "-" "node-superagent/1.4.0"
170.75.162.130 - - [07/Mar/2016:06:20:55 -0800] "GET /lib/reccapi.php?resort=snowbasin HTTP/1.1" 200 953 "-" "node-superagent/1.4.0"
170.75.162.130 - - [07/Mar/2016:06:20:55 -0800] "GET /lib/reccapi.php?resort=sierra-at-tahoe HTTP/1.1" 200 1031 "-" "node-superagent/1.4.0"
170.75.162.130 - - [07/Mar/2016:06:20:55 -0800] "GET /lib/reccapi.php?resort=telluride HTTP/1.1" 200 1065 "-" "node-superagent/1.4.0"
170.75.162.130 - - [07/Mar/2016:06:20:55 -0800] "GET /lib/reccapi.php?resort=winterpark HTTP/1.1" 200 1101 "-" "node-superagent/1.4.0"
170.75.162.130 - - [07/Mar/2016:06:20:55 -0800] "GET /lib/reccapi.php?resort=solitude HTTP/1.1" 200 991 "-" "node-superagent/1.4.0"
170.75.162.130 - - [07/Mar/2016:06:20:55 -0800] "GET /lib/reccapi.php?resort=squawvalleyusa HTTP/1.1" 200 1122 "-" "node-superagent/1.4.0"
170.75.162.130 - - [07/Mar/2016:06:20:55 -0800] "GET /lib/reccapi.php?resort=snowmass HTTP/1.1" 200 1030 "-" "node-superagent/1.4.0"
170.75.162.130 - - [07/Mar/2016:06:20:55 -0800] "GET /lib/reccapi.php?resort=steamboat HTTP/1.1" 200 1080 "-" "node-superagent/1.4.0"
170.75.162.130 - - [07/Mar/2016:06:20:55 -0800] "GET /lib/reccapi.php?resort=stevenspass HTTP/1.1" 200 1031 "-" "node-superagent/1.4.0"
52.33.40.213 - - [07/Mar/2016:06:22:19 -0800] "GET /lib/reccapi.php?resort=bigsky HTTP/1.1" 200 1028 "-" "node-superagent/1.4.0"
52.33.40.213 - - [07/Mar/2016:06:22:29 -0800] "GET /lib/reccapi.php?resort=jaypeak HTTP/1.1" 200 1111 "-" "node-superagent/1.4.0"
66.249.66.178 - - [07/Mar/2016:06:23:17 -0800] "GET /resorts?resort=coppermountain HTTP/1.1" 404 506 "-" "Mozilla/5.0 (compatible; Googlebot/2.1; +http://www.google.com/bot.html)"
170.75.162.130 - - [07/Mar/2016:06:25:05 -0800] "GET /lib/reccapi.php?resort=northstar-at-tahoe HTTP/1.1" 200 1111 "-" "node-superagent/1.4.0"
123.125.71.78 - - [07/Mar/2016:06:28:31 -0800] "GET / HTTP/1.1" 200 2578 "-" "Mozilla/5.0 (Windows NT 5.1; rv:6.0.2) Gecko/20100101 Firefox/6.0.2"
123.125.71.82 - - [07/Mar/2016:06:28:33 -0800] "GET / HTTP/1.1" 200 6995 "-" "Mozilla/5.0 (Windows NT 5.1; rv:6.0.2) Gecko/20100101 Firefox/6.0.2"
180.76.15.139 - - [07/Mar/2016:06:29:04 -0800] "GET / HTTP/1.1" 200 6995 "-" "Mozilla/5.0 (compatible; Baiduspider/2.0; +http://www.baidu.com/search/spider.html)"
180.76.15.25 - - [07/Mar/2016:06:29:55 -0800] "GET / HTTP/1.1" 200 6995 "-" "Mozilla/5.0 (compatible; Baiduspider/2.0; +http://www.baidu.com/search/spider.html)"
170.75.162.130 - - [07/Mar/2016:06:30:46 -0800] "GET /lib/reccapi.php?resort=silverstarmountain HTTP/1.1" 200 935 "-" "node-superagent/1.4.0"
178.165.13.220 - - [07/Mar/2016:06:38:22 -0800] "GET /wp-login.php HTTP/1.0" 404 532 "-" "Mozilla/4.0 (compatible; Synapse)"
178.165.13.220 - - [07/Mar/2016:06:38:22 -0800] "GET /administrator/index.php HTTP/1.0" 404 532 "-" "Mozilla/4.0 (compatible; Synapse)"
178.165.13.220 - - [07/Mar/2016:06:38:23 -0800] "GET /user/ HTTP/1.0" 404 532 "-" "Mozilla/4.0 (compatible; Synapse)"
52.33.40.213 - - [07/Mar/2016:06:45:50 -0800] "GET /lib/reccapi.php?resort=northstar-at-tahoe HTTP/1.1" 200 1111 "-" "node-superagent/1.4.0"
52.33.40.213 - - [07/Mar/2016:06:46:20 -0800] "GET /lib/reccapi.php?resort=telluride HTTP/1.1" 200 1065 "-" "node-superagent/1.4.0"
52.33.40.213 - - [07/Mar/2016:06:46:40 -0800] "GET /lib/reccapi.php?resort=solitude HTTP/1.1" 200 991 "-" "node-superagent/1.4.0"
52.33.40.213 - - [07/Mar/2016:06:46:40 -0800] "GET /lib/reccapi.php?resort=deervalley HTTP/1.1" 200 1071 "-" "node-superagent/1.4.0"
149.3.5.142 - - [07/Mar/2016:06:53:30 -0800] "GET /images/wsis-logo-sm.png HTTP/1.1" 200 6108 "http://www.thebackcountry.net/" "Mozilla/5.0 (Windows NT 6.1; WOW64) AppleWebKit/537.36 (KHTML, like Gecko) Chrome/48.0.2564.116 Safari/537.36 OPR/35.0.2066.92"
52.33.40.213 - - [07/Mar/2016:07:00:51 -0800] "GET /lib/reccapi.php?resort=brighton HTTP/1.1" 200 1016 "-" "node-superagent/1.4.0"
89.163.148.58 - - [07/Mar/2016:07:02:05 -0800] "GET /robots.txt HTTP/1.0" 200 338 "-" "Mozilla/5.0 (compatible; MJ12bot/v1.4.5; http://www.majestic12.co.uk/bot.php?+)"
89.163.148.58 - - [07/Mar/2016:07:02:07 -0800] "GET /resorts?resort=alpinemeadows HTTP/1.0" 404 495 "-" "Mozilla/5.0 (compatible; MJ12bot/v1.4.5; http://www.majestic12.co.uk/bot.php?+)"
89.163.148.58 - - [07/Mar/2016:07:02:09 -0800] "GET /resorts?resort=aspenmountain HTTP/1.0" 404 469 "-" "Mozilla/5.0 (compatible; MJ12bot/v1.4.5; http://www.majestic12.co.uk/bot.php?+)"
89.163.148.58 - - [07/Mar/2016:07:02:10 -0800] "GET /resorts?resort=buttermilk HTTP/1.0" 404 469 "-" "Mozilla/5.0 (compatible; MJ12bot/v1.4.5; http://www.majestic12.co.uk/bot.php?+)"
52.33.40.213 - - [07/Mar/2016:07:02:51 -0800] "GET /lib/reccapi.php?resort=steamboat HTTP/1.1" 200 1080 "-" "node-superagent/1.4.0"
170.75.162.130 - - [07/Mar/2016:07:03:22 -0800] "GET /lib/reccapi.php?resort=mountbachelor HTTP/1.1" 200 1068 "-" "node-superagent/1.4.0"
170.75.162.130 - - [07/Mar/2016:07:16:23 -0800] "GET /lib/reccapi.php?resort=buttermilk HTTP/1.1" 200 1047 "-" "node-superagent/1.4.0"
170.75.162.130 - - [07/Mar/2016:07:17:14 -0800] "GET /lib/reccapi.php?resort=homewoodmountain HTTP/1.1" 200 1123 "-" "node-superagent/1.4.0"
170.75.162.130 - - [07/Mar/2016:07:17:15 -0800] "GET /lib/reccapi.php?resort=mounthoodmeadows HTTP/1.1" 200 1061 "-" "node-superagent/1.4.0"
47.208.168.159 - - [07/Mar/2016:07:21:59 -0800] "GET /images/wsis-logo-sm.png HTTP/1.1" 200 6108 "http://www.thebackcountry.net/" "Mozilla/5.0 (Macintosh; Intel Mac OS X 10_10_5) AppleWebKit/600.8.9 (KHTML, like Gecko) Version/8.0.8 Safari/600.8.9"
123.125.71.21 - - [07/Mar/2016:07:27:50 -0800] "GET / HTTP/1.1" 200 2578 "-" "Mozilla/5.0 (Windows NT 5.1; rv:6.0.2) Gecko/20100101 Firefox/6.0.2"
123.125.71.54 - - [07/Mar/2016:07:27:54 -0800] "GET / HTTP/1.1" 200 6995 "-" "Mozilla/5.0 (Windows NT 5.1; rv:6.0.2) Gecko/20100101 Firefox/6.0.2"
70.211.65.123 - - [07/Mar/2016:07:31:14 -0800] "GET /images/wsis-logo-sm.png HTTP/1.1" 200 6108 "http://www.thebackcountry.net/" "Mozilla/5.0 (Linux; Android 4.4.4; D6708 Build/23.0.E.1.44) AppleWebKit/537.36 (KHTML, like Gecko) Chrome/47.0.2526.83 Mobile Safari/537.36"
180.76.15.151 - - [07/Mar/2016:07:31:20 -0800] "GET / HTTP/1.1" 200 6995 "-" "Mozilla/5.0 (compatible; Baiduspider/2.0; +http://www.baidu.com/search/spider.html)"
180.76.15.19 - - [07/Mar/2016:07:32:16 -0800] "GET / HTTP/1.1" 200 6995 "-" "Mozilla/5.0 (compatible; Baiduspider/2.0; +http://www.baidu.com/search/spider.html)"
96.39.227.188 - - [07/Mar/2016:07:37:10 -0800] "GET /images/wsis-logo-sm.png HTTP/1.1" 200 6108 "http://www.thebackcountry.net/" "Mozilla/5.0 (iPhone; CPU iPhone OS 9_2_1 like Mac OS X) AppleWebKit/601.1.46 (KHTML, like Gecko) Version/9.0 Mobile/13D15 Safari/601.1"
70.211.64.238 - - [07/Mar/2016:07:41:27 -0800] "GET /images/wsis-logo-sm.png HTTP/1.1" 200 6108 "http://www.thebackcountry.net/" "Mozilla/5.0 (iPad; CPU OS 9_2_1 like Mac OS X) AppleWebKit/601.1 (KHTML, like Gecko) CriOS/48.0.2564.104 Mobile/13D20 Safari/601.1.46"
66.249.66.184 - - [07/Mar/2016:07:41:32 -0800] "GET /lib/reccapi.php?resort=alpenglow&date=2016-02-24 HTTP/1.1" 200 1010 "http://whereshouldiski.com/" "Mozilla/5.0 (compatible; Googlebot/2.1; +http://www.google.com/bot.html)"
66.249.66.178 - - [07/Mar/2016:07:41:34 -0800] "GET /lib/resortDataSearchD3.php?size=7&sortDate=T&resort=alpenglow&dateStart=2016-02-22 HTTP/1.1" 200 873 "http://whereshouldiski.com/" "Mozilla/5.0 (compatible; Googlebot/2.1; +http://www.google.com/bot.html)"
66.249.66.184 - - [07/Mar/2016:07:41:35 -0800] "GET /lib/reccapi.php?fields=t&date=2016-02-24&coords=61.24%2C-149.5&size=7&sort=distance HTTP/1.1" 200 1325 "http://whereshouldiski.com/" "Mozilla/5.0 (compatible; Googlebot/2.1; +http://www.google.com/bot.html)"
170.75.162.130 - - [07/Mar/2016:07:48:27 -0800] "GET /lib/reccapi.php?resort=crystalmountain HTTP/1.1" 200 1074 "-" "node-superagent/1.4.0"
170.75.162.130 - - [07/Mar/2016:07:48:37 -0800] "GET /lib/reccapi.php?resort=devilshead HTTP/1.1" 200 1026 "-" "node-superagent/1.4.0"
157.55.39.189 - - [07/Mar/2016:07:53:25 -0800] "GET / HTTP/1.1" 200 2615 "-" "Mozilla/5.0 (compatible; bingbot/2.0; +http://www.bing.com/bingbot.htm)"
52.33.40.213 - - [07/Mar/2016:08:00:04 -0800] "GET /lib/reccapi.php?resort=alpinemeadows HTTP/1.1" 200 1052 "-" "node-superagent/1.4.0"
66.249.66.181 - - [07/Mar/2016:08:01:49 -0800] "GET /lib/reccapi.php?resort=mammothmountain&date=2016-03-07 HTTP/1.1" 200 1163 "http://whereshouldiski.com/" "Mozilla/5.0 (compatible; Googlebot/2.1; +http://www.google.com/bot.html)"
66.249.66.184 - - [07/Mar/2016:08:01:51 -0800] "GET /lib/resortDataSearchD3.php?size=7&sortDate=T&resort=mammothmountain&dateStart=2016-03-05 HTTP/1.1" 200 872 "http://whereshouldiski.com/" "Mozilla/5.0 (compatible; Googlebot/2.1; +http://www.google.com/bot.html)"
66.249.66.184 - - [07/Mar/2016:08:01:51 -0800] "GET /lib/reccapi.php?fields=t&date=2016-03-07&coords=37.63%2C-119.02&size=7&sort=distance HTTP/1.1" 200 1383 "http://whereshouldiski.com/" "Mozilla/5.0 (compatible; Googlebot/2.1; +http://www.google.com/bot.html)"
52.33.40.213 - - [07/Mar/2016:08:02:04 -0800] "GET /lib/reccapi.php?resort=squawvalleyusa HTTP/1.1" 200 1118 "-" "node-superagent/1.4.0"
170.75.162.130 - - [07/Mar/2016:08:06:09 -0800] "GET /lib/reccapi.php?resort=sunvalley HTTP/1.1" 200 1100 "-" "node-superagent/1.4.0"
66.249.66.178 - - [07/Mar/2016:08:09:47 -0800] "GET /lib/reccapi.php?resort=alpenglow&date=2016-02-25 HTTP/1.1" 200 1017 "http://whereshouldiski.com/" "Mozilla/5.0 (compatible; Googlebot/2.1; +http://www.google.com/bot.html)"
66.249.66.184 - - [07/Mar/2016:08:09:48 -0800] "GET /lib/reccapi.php?fields=t&date=2016-02-25&coords=61.24%2C-149.5&size=7&sort=distance HTTP/1.1" 200 1309 "http://whereshouldiski.com/" "Mozilla/5.0 (compatible; Googlebot/2.1; +http://www.google.com/bot.html)"
66.249.66.184 - - [07/Mar/2016:08:09:49 -0800] "GET /lib/resortDataSearchD3.php?size=7&sortDate=T&resort=alpenglow&dateStart=2016-02-23 HTTP/1.1" 200 870 "http://whereshouldiski.com/" "Mozilla/5.0 (compatible; Googlebot/2.1; +http://www.google.com/bot.html)"
94.185.83.100 - - [07/Mar/2016:08:09:59 -0800] "GET http://testp1.piwo.pila.pl/testproxy.php HTTP/1.1" 404 448 "-" "Mozilla/5.0 (Windows NT 5.1; rv:32.0) Gecko/20100101 Firefox/31.0"
188.134.20.80 - - [07/Mar/2016:08:12:04 -0800] "GET /images/wsis-logo-sm.png HTTP/1.1" 200 6108 "http://www.thebackcountry.net/" "Mozilla/5.0 (Windows NT 10.0; WOW64; rv:44.0) Gecko/20100101 Firefox/44.0"
52.33.40.213 - - [07/Mar/2016:08:19:25 -0800] "GET /lib/reccapi.php?resort=arapahoebasin HTTP/1.1" 200 1094 "-" "node-superagent/1.4.0"
52.33.40.213 - - [07/Mar/2016:08:19:45 -0800] "GET /lib/reccapi.php?resort=coppermountain HTTP/1.1" 200 1082 "-" "node-superagent/1.4.0"
189.203.13.165 - - [07/Mar/2016:08:32:27 -0800] "GET /images/wsis-logo-sm.png HTTP/1.1" 200 6108 "http://www.thebackcountry.net/" "Mozilla/5.0 (Windows NT 6.1; WOW64) AppleWebKit/537.36 (KHTML, like Gecko) Chrome/48.0.2564.82 Safari/537.36"
52.33.40.213 - - [07/Mar/2016:08:33:16 -0800] "GET /lib/reccapi.php?resort=alta HTTP/1.1" 200 987 "-" "node-superagent/1.4.0"
180.76.15.25 - - [07/Mar/2016:08:33:22 -0800] "GET / HTTP/1.1" 200 6995 "-" "Mozilla/5.0 (compatible; Baiduspider/2.0; +http://www.baidu.com/search/spider.html)"
180.76.15.6 - - [07/Mar/2016:08:34:22 -0800] "GET / HTTP/1.1" 200 6995 "-" "Mozilla/5.0 (compatible; Baiduspider/2.0; +http://www.baidu.com/search/spider.html)"
52.33.40.213 - - [07/Mar/2016:08:37:26 -0800] "GET /lib/reccapi.php?resort=sugarbowl HTTP/1.1" 200 1091 "-" "node-superagent/1.4.0"
52.33.40.213 - - [07/Mar/2016:08:40:06 -0800] "GET /lib/reccapi.php?resort=mounthoodmeadows HTTP/1.1" 200 1061 "-" "node-superagent/1.4.0"
90.182.175.226 - - [07/Mar/2016:08:41:01 -0800] "GET /images/wsis-logo-sm.png HTTP/1.1" 200 6108 "http://www.thebackcountry.net/" "Mozilla/5.0 (Windows NT 5.1; rv:44.0) Gecko/20100101 Firefox/44.0"
52.33.40.213 - - [07/Mar/2016:08:41:06 -0800] "GET /lib/reccapi.php?resort=brianhead HTTP/1.1" 200 1092 "-" "node-superagent/1.4.0"
70.211.65.123 - - [07/Mar/2016:09:06:52 -0800] "-" 408 0 "-" "-"
70.211.65.123 - - [07/Mar/2016:09:06:52 -0800] "-" 408 0 "-" "-"
70.211.65.123 - - [07/Mar/2016:09:06:52 -0800] "-" 408 0 "-" "-"
52.33.40.213 - - [07/Mar/2016:09:10:47 -0800] "GET /lib/reccapi.php?resort=killington HTTP/1.1" 200 1100 "-" "node-superagent/1.4.0"
52.33.40.213 - - [07/Mar/2016:09:13:38 -0800] "GET /lib/reccapi.php?resort=taos HTTP/1.1" 200 1014 "-" "node-superagent/1.4.0"
52.33.40.213 - - [07/Mar/2016:09:13:38 -0800] "GET /lib/reccapi.php?resort=jacksonhole HTTP/1.1" 200 1016 "-" "node-superagent/1.4.0"
52.33.40.213 - - [07/Mar/2016:09:13:38 -0800] "GET /lib/reccapi.php?resort=sunvalley HTTP/1.1" 200 1100 "-" "node-superagent/1.4.0"
52.33.40.213 - - [07/Mar/2016:09:13:38 -0800] "GET /lib/reccapi.php?resort=grandtarghee HTTP/1.1" 200 1060 "-" "node-superagent/1.4.0"
76.20.28.60 - - [07/Mar/2016:09:16:06 -0800] "GET /images/wsis-logo-sm.png HTTP/1.1" 200 6108 "http://www.thebackcountry.net/" "Mozilla/5.0 (Windows NT 6.1; WOW64; Trident/7.0; rv:11.0) like Gecko"
76.20.28.60 - - [07/Mar/2016:09:16:27 -0800] "-" 408 0 "-" "-"
52.33.40.213 - - [07/Mar/2016:09:20:38 -0800] "GET /lib/reccapi.php?resort=keystone HTTP/1.1" 200 1096 "-" "node-superagent/1.4.0"
204.80.187.231 - - [07/Mar/2016:09:24:36 -0800] "GET /images/wsis-logo-sm.png HTTP/1.1" 200 6108 "http://www.thebackcountry.net/" "Mozilla/5.0 (Windows NT 6.1; WOW64; Trident/7.0; rv:11.0) like Gecko"
204.80.187.231 - - [07/Mar/2016:09:24:58 -0800] "-" 408 0 "-" "-"
24.39.174.216 - - [07/Mar/2016:09:25:06 -0800] "GET /manager/html HTTP/1.0" 404 503 "-" "Mozilla/4.0 (compatible; MSIE 8.0; Windows NT 5.2; Trident/4.0; .NET CLR 1.1.4322; .NET4.0C; .NET4.0E; .NET CLR 2.0.50727; .NET CLR 3.0.4506.2152; .NET CLR 3.5.30729)"
204.80.187.231 - - [07/Mar/2016:09:27:53 -0800] "-" 408 0 "-" "-"
180.76.15.18 - - [07/Mar/2016:09:29:56 -0800] "GET / HTTP/1.1" 200 6995 "-" "Mozilla/5.0 (compatible; Baiduspider/2.0; +http://www.baidu.com/search/spider.html)"
180.76.15.137 - - [07/Mar/2016:09:30:46 -0800] "GET / HTTP/1.1" 200 6995 "-" "Mozilla/5.0 (compatible; Baiduspider/2.0; +http://www.baidu.com/search/spider.html)"
123.125.71.78 - - [07/Mar/2016:09:33:06 -0800] "-" 408 0 "-" "-"
66.249.84.244 - - [07/Mar/2016:09:33:08 -0800] "GET / HTTP/1.1" 200 2615 "-" "Mozilla/5.0 (Windows NT 6.1; rv:6.0) Gecko/20110814 Firefox/6.0 Google Favicon"
66.249.84.244 - - [07/Mar/2016:09:33:08 -0800] "GET /favicon.ico HTTP/1.1" 200 4612 "-" "Mozilla/5.0 (Windows NT 6.1; rv:6.0) Gecko/20110814 Firefox/6.0 Google Favicon"
170.75.162.130 - - [07/Mar/2016:09:34:30 -0800] "GET /lib/reccapi.php?resort=heavenly HTTP/1.1" 200 1113 "-" "node-superagent/1.4.0"
66.249.66.184 - - [07/Mar/2016:09:44:29 -0800] "GET / HTTP/1.1" 200 2615 "-" "Mozilla/5.0 (compatible; Googlebot/2.1; +http://www.google.com/bot.html)"
23.246.85.92 - - [07/Mar/2016:09:47:18 -0800] "GET /images/wsis-logo-sm.png HTTP/1.1" 200 6108 "http://www.thebackcountry.net/" "Mozilla/5.0 (Macintosh; Intel Mac OS X 10_11_3) AppleWebKit/537.36 (KHTML, like Gecko) Chrome/48.0.2564.116 Safari/537.36"
170.75.162.130 - - [07/Mar/2016:09:48:02 -0800] "GET /lib/reccapi.php?resort=alta HTTP/1.1" 200 986 "-" "node-superagent/1.4.0"
170.75.162.130 - - [07/Mar/2016:09:48:02 -0800] "GET /lib/reccapi.php?resort=killington HTTP/1.1" 200 1100 "-" "node-superagent/1.4.0"
170.75.162.130 - - [07/Mar/2016:09:48:02 -0800] "GET /lib/reccapi.php?resort=sugarloaf HTTP/1.1" 200 1029 "-" "node-superagent/1.4.0"
23.246.85.92 - - [07/Mar/2016:09:48:59 -0800] "-" 408 0 "-" "-"
23.246.85.92 - - [07/Mar/2016:09:48:59 -0800] "-" 408 0 "-" "-"
23.246.85.92 - - [07/Mar/2016:09:48:59 -0800] "-" 408 0 "-" "-"
66.249.66.178 - - [07/Mar/2016:09:54:21 -0800] "GET /lib/reccapi.php?resort=mammothmountain&date=2016-03-08 HTTP/1.1" 200 1087 "http://whereshouldiski.com/" "Mozilla/5.0 (compatible; Googlebot/2.1; +http://www.google.com/bot.html)"
66.249.66.178 - - [07/Mar/2016:09:54:22 -0800] "GET /lib/resortDataSearchD3.php?size=7&sortDate=T&resort=mammothmountain&dateStart=2016-03-06 HTTP/1.1" 200 870 "http://whereshouldiski.com/" "Mozilla/5.0 (compatible; Googlebot/2.1; +http://www.google.com/bot.html)"
66.249.66.178 - - [07/Mar/2016:09:54:22 -0800] "GET /lib/reccapi.php?fields=t&date=2016-03-08&coords=37.63%2C-119.02&size=7&sort=distance HTTP/1.1" 200 1405 "http://whereshouldiski.com/" "Mozilla/5.0 (compatible; Googlebot/2.1; +http://www.google.com/bot.html)"
52.33.40.213 - - [07/Mar/2016:09:55:20 -0800] "GET /lib/reccapi.php?resort=kirkwood HTTP/1.1" 200 1060 "-" "node-superagent/1.4.0"
52.33.40.213 - - [07/Mar/2016:09:55:20 -0800] "GET /lib/reccapi.php?resort=heavenly HTTP/1.1" 200 1113 "-" "node-superagent/1.4.0"
