220.181.108.162 - - [02/Nov/2015:05:48:10 -0800] "GET / HTTP/1.1" 200 6114 "-" "Mozilla/5.0 (Windows NT 5.1; rv:6.0.2) Gecko/20100101 Firefox/6.0.2"
170.75.162.130 - - [02/Nov/2015:05:50:57 -0800] "GET /lib/reccapi.php?resort=smugglersnotch HTTP/1.1" 200 966 "-" "node-superagent/0.18.2"
180.76.15.24 - - [02/Nov/2015:05:51:43 -0800] "GET / HTTP/1.1" 200 6114 "-" "Mozilla/5.0 (compatible; Baiduspider/2.0; +http://www.baidu.com/search/spider.html)"
180.76.15.11 - - [02/Nov/2015:05:52:58 -0800] "GET / HTTP/1.1" 200 6114 "-" "Mozilla/5.0 (compatible; Baiduspider/2.0; +http://www.baidu.com/search/spider.html)"
170.75.162.130 - - [02/Nov/2015:06:05:28 -0800] "GET /lib/reccapi.php?resort=stowe HTTP/1.1" 200 944 "-" "node-superagent/0.18.2"
170.75.162.130 - - [02/Nov/2015:06:05:28 -0800] "GET /lib/reccapi.php?resort=jaypeak HTTP/1.1" 200 975 "-" "node-superagent/0.18.2"
217.199.26.129 - - [02/Nov/2015:06:23:34 -0800] "GET /images/wsis-logo-sm.png HTTP/1.1" 200 6108 "http://www.thebackcountry.net/" "Mozilla/5.0 (Windows NT 6.1) AppleWebKit/537.36 (KHTML, like Gecko) Chrome/46.0.2490.80 Safari/537.36"
170.75.162.130 - - [02/Nov/2015:06:24:11 -0800] "GET /lib/reccapi.php?resort=grandtarghee HTTP/1.1" 200 1089 "-" "node-superagent/0.18.2"
170.75.162.130 - - [02/Nov/2015:06:32:22 -0800] "GET /lib/reccapi.php?resort=alpinemeadows HTTP/1.1" 200 1078 "-" "node-superagent/0.18.2"
170.75.162.130 - - [02/Nov/2015:06:38:12 -0800] "GET /lib/reccapi.php?resort=sundayriver HTTP/1.1" 200 991 "-" "node-superagent/0.18.2"
170.75.162.130 - - [02/Nov/2015:06:38:12 -0800] "GET /lib/reccapi.php?resort=sugarbush HTTP/1.1" 200 1003 "-" "node-superagent/0.18.2"
123.125.71.82 - - [02/Nov/2015:06:40:43 -0800] "GET / HTTP/1.1" 200 2339 "-" "Mozilla/5.0 (Windows NT 5.1; rv:6.0.2) Gecko/20100101 Firefox/6.0.2"
123.125.71.76 - - [02/Nov/2015:06:40:43 -0800] "GET / HTTP/1.1" 200 6114 "-" "Mozilla/5.0 (Windows NT 5.1; rv:6.0.2) Gecko/20100101 Firefox/6.0.2"
170.75.162.130 - - [02/Nov/2015:06:42:13 -0800] "GET /lib/reccapi.php?resort=mammothmountain HTTP/1.1" 200 1069 "-" "node-superagent/0.18.2"
170.75.162.130 - - [02/Nov/2015:06:42:13 -0800] "GET /lib/reccapi.php?resort=mountainhigh HTTP/1.1" 200 1091 "-" "node-superagent/0.18.2"
170.75.162.130 - - [02/Nov/2015:06:42:13 -0800] "GET /lib/reccapi.php?resort=chinapeak HTTP/1.1" 200 1068 "-" "node-superagent/0.18.2"
220.181.108.176 - - [02/Nov/2015:06:48:40 -0800] "GET / HTTP/1.1" 200 2339 "-" "Mozilla/5.0 (Windows NT 5.1; rv:6.0.2) Gecko/20100101 Firefox/6.0.2"
220.181.108.180 - - [02/Nov/2015:06:48:40 -0800] "GET / HTTP/1.1" 200 6114 "-" "Mozilla/5.0 (Windows NT 5.1; rv:6.0.2) Gecko/20100101 Firefox/6.0.2"
180.76.15.140 - - [02/Nov/2015:06:48:50 -0800] "GET / HTTP/1.1" 200 6114 "-" "Mozilla/5.0 (compatible; Baiduspider/2.0; +http://www.baidu.com/search/spider.html)"
180.76.15.137 - - [02/Nov/2015:06:49:56 -0800] "GET / HTTP/1.1" 200 6114 "-" "Mozilla/5.0 (compatible; Baiduspider/2.0; +http://www.baidu.com/search/spider.html)"
170.75.162.130 - - [02/Nov/2015:06:53:04 -0800] "GET /lib/reccapi.php?resort=kirkwood HTTP/1.1" 200 1102 "-" "node-superagent/0.18.2"
107.2.56.208 - - [02/Nov/2015:06:54:54 -0800] "GET /images/wsis-logo-sm.png HTTP/1.1" 200 6108 "http://thebackcountry.net/" "Mozilla/5.0 (Macintosh; Intel Mac OS X 10_10_2) AppleWebKit/537.36 (KHTML, like Gecko) Chrome/46.0.2490.80 Safari/537.36"
170.75.162.130 - - [02/Nov/2015:06:55:04 -0800] "GET /lib/reccapi.php?resort=heavenly HTTP/1.1" 200 1039 "-" "node-superagent/0.18.2"
185.92.73.126 - - [02/Nov/2015:07:07:44 -0800] "GET /dump.sql HTTP/1.1" 404 468 "http://whereshouldiski.com/dump.sql" "Mozilla/4.0 (compatible; MSIE 6.0; Windows NT 5.1; SV1)"
93.124.227.52 - - [02/Nov/2015:07:11:18 -0800] "GET /images/viz-screenshot.png HTTP/1.1" 404 517 "http://www.ericfahsl.com/blog/35-creating-an-animated-javascript-heat-map-with-polymap" "Mozilla/5.0 (Macintosh; Intel Mac OS X 10_10_5) AppleWebKit/537.36 (KHTML, like Gecko) Chrome/46.0.2490.80 Safari/537.36"
93.124.227.52 - - [02/Nov/2015:07:11:19 -0800] "GET /images/viz-screenshot.png HTTP/1.1" 404 516 "http://www.ericfahsl.com/blog/35-creating-an-animated-javascript-heat-map-with-polymap" "Mozilla/5.0 (Macintosh; Intel Mac OS X 10_10_5) AppleWebKit/537.36 (KHTML, like Gecko) Chrome/46.0.2490.80 Safari/537.36"
93.124.227.52 - - [02/Nov/2015:07:11:40 -0800] "-" 408 0 "-" "-"
170.75.162.130 - - [02/Nov/2015:07:18:47 -0800] "GET /lib/reccapi.php?resort=killington HTTP/1.1" 200 975 "-" "node-superagent/0.18.2"
170.75.162.130 - - [02/Nov/2015:07:18:48 -0800] "GET /lib/reccapi.php?resort=madriverglen HTTP/1.1" 200 987 "-" "node-superagent/0.18.2"
170.75.162.130 - - [02/Nov/2015:07:18:48 -0800] "GET /lib/reccapi.php?resort=sugarloaf HTTP/1.1" 200 956 "-" "node-superagent/0.18.2"
162.221.204.237 - - [02/Nov/2015:07:19:36 -0800] "GET http://cachefly.cachefly.net/networkmap/index.html HTTP/1.0" 404 497 "-" "-"
108.194.42.113 - - [02/Nov/2015:07:23:27 -0800] "GET /images/wsis-logo-sm.png HTTP/1.1" 200 6108 "http://www.thebackcountry.net/" "Mozilla/5.0 (Macintosh; Intel Mac OS X 10_10_5) AppleWebKit/601.2.7 (KHTML, like Gecko) Version/9.0.1 Safari/601.2.7"
170.75.162.130 - - [02/Nov/2015:07:36:59 -0800] "GET /lib/reccapi.php?resort=brianhead HTTP/1.1" 200 1012 "-" "node-superagent/0.18.2"
170.75.162.130 - - [02/Nov/2015:07:36:59 -0800] "GET /lib/reccapi.php?resort=49degreesnorth HTTP/1.1" 200 1094 "-" "node-superagent/0.18.2"
170.75.162.130 - - [02/Nov/2015:07:36:59 -0800] "GET /lib/reccapi.php?resort=brighton HTTP/1.1" 200 995 "-" "node-superagent/0.18.2"
170.75.162.130 - - [02/Nov/2015:07:36:59 -0800] "GET /lib/reccapi.php?resort=angelfire HTTP/1.1" 200 974 "-" "node-superagent/0.18.2"
170.75.162.130 - - [02/Nov/2015:07:37:09 -0800] "GET /lib/reccapi.php?resort=hoodoo HTTP/1.1" 200 1043 "-" "node-superagent/0.18.2"
170.75.162.130 - - [02/Nov/2015:07:37:09 -0800] "GET /lib/reccapi.php?resort=deervalley HTTP/1.1" 200 1001 "-" "node-superagent/0.18.2"
170.75.162.130 - - [02/Nov/2015:07:37:09 -0800] "GET /lib/reccapi.php?resort=devilshead HTTP/1.1" 200 939 "-" "node-superagent/0.18.2"
170.75.162.130 - - [02/Nov/2015:07:37:59 -0800] "GET /lib/reccapi.php?resort=jacksonhole HTTP/1.1" 200 1037 "-" "node-superagent/0.18.2"
170.75.162.130 - - [02/Nov/2015:07:37:59 -0800] "GET /lib/reccapi.php?resort=mounthoodmeadows HTTP/1.1" 200 1082 "-" "node-superagent/0.18.2"
170.75.162.130 - - [02/Nov/2015:07:37:59 -0800] "GET /lib/reccapi.php?resort=mountbachelor HTTP/1.1" 200 1058 "-" "node-superagent/0.18.2"
170.75.162.130 - - [02/Nov/2015:07:37:59 -0800] "GET /lib/reccapi.php?resort=mtrose HTTP/1.1" 200 1032 "-" "node-superagent/0.18.2"
170.75.162.130 - - [02/Nov/2015:07:37:59 -0800] "GET /lib/reccapi.php?resort=northstar-at-tahoe HTTP/1.1" 200 1017 "-" "node-superagent/0.18.2"
170.75.162.130 - - [02/Nov/2015:07:37:59 -0800] "GET /lib/reccapi.php?resort=sierra-at-tahoe HTTP/1.1" 200 1102 "-" "node-superagent/0.18.2"
170.75.162.130 - - [02/Nov/2015:07:37:59 -0800] "GET /lib/reccapi.php?resort=parkcity HTTP/1.1" 200 998 "-" "node-superagent/0.18.2"
170.75.162.130 - - [02/Nov/2015:07:38:09 -0800] "GET /lib/reccapi.php?resort=monarch HTTP/1.1" 200 967 "-" "node-superagent/0.18.2"
170.75.162.130 - - [02/Nov/2015:07:38:09 -0800] "GET /lib/reccapi.php?resort=snowbasin HTTP/1.1" 200 1028 "-" "node-superagent/0.18.2"
170.75.162.130 - - [02/Nov/2015:07:38:09 -0800] "GET /lib/reccapi.php?resort=sunvalley HTTP/1.1" 200 1081 "-" "node-superagent/0.18.2"
170.75.162.130 - - [02/Nov/2015:07:38:19 -0800] "GET /lib/reccapi.php?resort=taos HTTP/1.1" 200 928 "-" "node-superagent/0.18.2"
170.75.162.130 - - [02/Nov/2015:07:38:29 -0800] "GET /lib/reccapi.php?resort=schweitzer HTTP/1.1" 200 1043 "-" "node-superagent/0.18.2"
170.75.162.130 - - [02/Nov/2015:07:38:53 -0800] "GET /lib/reccapi.php?resort=snowbird HTTP/1.1" 200 996 "-" "node-superagent/0.18.2"
170.75.162.130 - - [02/Nov/2015:07:38:53 -0800] "GET /lib/reccapi.php?resort=squawvalleyusa HTTP/1.1" 200 1046 "-" "node-superagent/0.18.2"
170.75.162.130 - - [02/Nov/2015:07:38:53 -0800] "GET /lib/reccapi.php?resort=stevenspass HTTP/1.1" 200 1033 "-" "node-superagent/0.18.2"
170.75.162.130 - - [02/Nov/2015:07:38:53 -0800] "GET /lib/reccapi.php?resort=sugarbowl HTTP/1.1" 200 1018 "-" "node-superagent/0.18.2"
170.75.162.130 - - [02/Nov/2015:07:38:53 -0800] "GET /lib/reccapi.php?resort=whitefacemountain HTTP/1.1" 200 968 "-" "node-superagent/0.18.2"
170.75.162.130 - - [02/Nov/2015:07:39:03 -0800] "GET /lib/reccapi.php?resort=solitude HTTP/1.1" 200 992 "-" "node-superagent/0.18.2"
24.6.201.64 - - [02/Nov/2015:07:40:12 -0800] "GET /images/wsis-logo-sm.png HTTP/1.1" 200 6108 "http://www.thebackcountry.net/" "Mozilla/5.0 (iPad; CPU OS 9_1 like Mac OS X) AppleWebKit/601.1.46 (KHTML, like Gecko) Version/9.0 Mobile/13B143 Safari/601.1"
180.76.15.27 - - [02/Nov/2015:07:42:05 -0800] "GET / HTTP/1.1" 200 6114 "-" "Mozilla/5.0 (compatible; Baiduspider/2.0; +http://www.baidu.com/search/spider.html)"
180.76.15.146 - - [02/Nov/2015:07:42:56 -0800] "GET / HTTP/1.1" 200 6114 "-" "Mozilla/5.0 (compatible; Baiduspider/2.0; +http://www.baidu.com/search/spider.html)"
216.52.242.14 - - [02/Nov/2015:07:45:15 -0800] "GET /images/viz-screenshot.png HTTP/1.1" 404 480 "-" "LinkedInBot/1.0 (compatible; Mozilla/5.0; Jakarta Commons-HttpClient/4.3 +http://www.linkedin.com)"
216.52.242.14 - - [02/Nov/2015:07:46:01 -0800] "GET /images/snowflake-hi.png HTTP/1.1" 200 10845 "-" "LinkedInBot/1.0 (compatible; Mozilla/5.0; Jakarta Commons-HttpClient/4.3 +http://www.linkedin.com)"
73.151.217.50 - - [02/Nov/2015:07:49:13 -0800] "GET /images/wsis-logo-sm.png HTTP/1.1" 200 6108 "http://www.thebackcountry.net/" "Mozilla/5.0 (Macintosh; Intel Mac OS X 10_11_1) AppleWebKit/601.2.7 (KHTML, like Gecko) Version/9.0.1 Safari/601.2.7"
24.176.181.15 - - [02/Nov/2015:07:51:33 -0800] "GET /images/wsis-logo-sm.png HTTP/1.1" 200 6108 "http://www.thebackcountry.net/" "Mozilla/5.0 (Windows NT 6.3; WOW64; Trident/7.0; rv:11.0) like Gecko"
24.176.181.15 - - [02/Nov/2015:07:51:54 -0800] "-" 408 0 "-" "-"
207.228.62.244 - - [02/Nov/2015:08:18:50 -0800] "GET /images/wsis-logo-sm.png HTTP/1.1" 200 6108 "http://www.thebackcountry.net/" "Mozilla/5.0 (Windows NT 6.3; WOW64; Trident/7.0; rv:11.0) like Gecko"
207.228.62.244 - - [02/Nov/2015:08:19:12 -0800] "-" 408 0 "-" "-"
207.228.62.244 - - [02/Nov/2015:08:19:27 -0800] "GET /images/wsis-logo-sm.png HTTP/1.1" 200 6108 "http://www.thebackcountry.net/" "Mozilla/5.0 (Windows NT 6.3; WOW64) AppleWebKit/537.36 (KHTML, like Gecko) Chrome/46.0.2490.80 Safari/537.36"
76.174.186.196 - - [02/Nov/2015:08:21:02 -0800] "GET / HTTP/1.1" 200 2376 "https://www.google.com/" "Mozilla/5.0 (iPhone; CPU iPhone OS 9_1 like Mac OS X) AppleWebKit/601.1.46 (KHTML, like Gecko) Version/9.0 Mobile/13B143 Safari/601.1"
76.174.186.196 - - [02/Nov/2015:08:21:02 -0800] "GET /styles/0fffd548.main.css HTTP/1.1" 200 19316 "http://whereshouldiski.com/" "Mozilla/5.0 (iPhone; CPU iPhone OS 9_1 like Mac OS X) AppleWebKit/601.1.46 (KHTML, like Gecko) Version/9.0 Mobile/13B143 Safari/601.1"
76.174.186.196 - - [02/Nov/2015:08:21:02 -0800] "GET /scripts/scripts/vendor/modernizr.js HTTP/1.1" 200 4903 "http://whereshouldiski.com/" "Mozilla/5.0 (iPhone; CPU iPhone OS 9_1 like Mac OS X) AppleWebKit/601.1.46 (KHTML, like Gecko) Version/9.0 Mobile/13B143 Safari/601.1"
76.174.186.196 - - [02/Nov/2015:08:21:02 -0800] "GET /images/loading.gif HTTP/1.1" 200 13882 "http://whereshouldiski.com/" "Mozilla/5.0 (iPhone; CPU iPhone OS 9_1 like Mac OS X) AppleWebKit/601.1.46 (KHTML, like Gecko) Version/9.0 Mobile/13B143 Safari/601.1"
76.174.186.196 - - [02/Nov/2015:08:21:02 -0800] "GET /bower_components/requirejs/require.js HTTP/1.1" 200 6702 "http://whereshouldiski.com/" "Mozilla/5.0 (iPhone; CPU iPhone OS 9_1 like Mac OS X) AppleWebKit/601.1.46 (KHTML, like Gecko) Version/9.0 Mobile/13B143 Safari/601.1"
76.174.186.196 - - [02/Nov/2015:08:21:02 -0800] "GET /images/logo-sm.png HTTP/1.1" 200 16738 "http://whereshouldiski.com/" "Mozilla/5.0 (iPhone; CPU iPhone OS 9_1 like Mac OS X) AppleWebKit/601.1.46 (KHTML, like Gecko) Version/9.0 Mobile/13B143 Safari/601.1"
76.174.186.196 - - [02/Nov/2015:08:21:02 -0800] "GET /scripts/fa48e319.main.js HTTP/1.1" 200 123455 "http://whereshouldiski.com/" "Mozilla/5.0 (iPhone; CPU iPhone OS 9_1 like Mac OS X) AppleWebKit/601.1.46 (KHTML, like Gecko) Version/9.0 Mobile/13B143 Safari/601.1"
76.174.186.196 - - [02/Nov/2015:08:21:03 -0800] "GET /lib/reccapi.php?fields=t HTTP/1.1" 200 1976 "http://whereshouldiski.com/" "Mozilla/5.0 (iPhone; CPU iPhone OS 9_1 like Mac OS X) AppleWebKit/601.1.46 (KHTML, like Gecko) Version/9.0 Mobile/13B143 Safari/601.1"
76.174.186.196 - - [02/Nov/2015:08:21:03 -0800] "GET /images/greyHeader.png HTTP/1.1" 200 508 "http://whereshouldiski.com/" "Mozilla/5.0 (iPhone; CPU iPhone OS 9_1 like Mac OS X) AppleWebKit/601.1.46 (KHTML, like Gecko) Version/9.0 Mobile/13B143 Safari/601.1"
76.174.186.196 - - [02/Nov/2015:08:21:03 -0800] "GET /images/button.png HTTP/1.1" 200 598 "http://whereshouldiski.com/" "Mozilla/5.0 (iPhone; CPU iPhone OS 9_1 like Mac OS X) AppleWebKit/601.1.46 (KHTML, like Gecko) Version/9.0 Mobile/13B143 Safari/601.1"
76.174.186.196 - - [02/Nov/2015:08:21:03 -0800] "GET /images/snowflake5.png HTTP/1.1" 200 2857 "http://whereshouldiski.com/" "Mozilla/5.0 (iPhone; CPU iPhone OS 9_1 like Mac OS X) AppleWebKit/601.1.46 (KHTML, like Gecko) Version/9.0 Mobile/13B143 Safari/601.1"
76.174.186.196 - - [02/Nov/2015:08:21:03 -0800] "GET /images/star5.png HTTP/1.1" 200 1783 "http://whereshouldiski.com/" "Mozilla/5.0 (iPhone; CPU iPhone OS 9_1 like Mac OS X) AppleWebKit/601.1.46 (KHTML, like Gecko) Version/9.0 Mobile/13B143 Safari/601.1"
76.174.186.196 - - [02/Nov/2015:08:21:03 -0800] "GET /images/bluebird5.png HTTP/1.1" 200 2177 "http://whereshouldiski.com/" "Mozilla/5.0 (iPhone; CPU iPhone OS 9_1 like Mac OS X) AppleWebKit/601.1.46 (KHTML, like Gecko) Version/9.0 Mobile/13B143 Safari/601.1"
76.174.186.196 - - [02/Nov/2015:08:21:03 -0800] "GET /images/mtns-icon.png HTTP/1.1" 200 1096 "http://whereshouldiski.com/" "Mozilla/5.0 (iPhone; CPU iPhone OS 9_1 like Mac OS X) AppleWebKit/601.1.46 (KHTML, like Gecko) Version/9.0 Mobile/13B143 Safari/601.1"
76.174.186.196 - - [02/Nov/2015:08:21:03 -0800] "GET /images/shading-icon.png HTTP/1.1" 200 536 "http://whereshouldiski.com/" "Mozilla/5.0 (iPhone; CPU iPhone OS 9_1 like Mac OS X) AppleWebKit/601.1.46 (KHTML, like Gecko) Version/9.0 Mobile/13B143 Safari/601.1"
76.174.186.196 - - [02/Nov/2015:08:21:04 -0800] "GET /lib/reccapi.php?fields=t&coords=33.97204122769735,-118.42675026605339 HTTP/1.1" 200 2141 "http://whereshouldiski.com/" "Mozilla/5.0 (iPhone; CPU iPhone OS 9_1 like Mac OS X) AppleWebKit/601.1.46 (KHTML, like Gecko) Version/9.0 Mobile/13B143 Safari/601.1"
76.174.186.196 - - [02/Nov/2015:08:21:25 -0800] "GET /scripts/server/resorts.json HTTP/1.1" 200 8662 "http://whereshouldiski.com/" "Mozilla/5.0 (iPhone; CPU iPhone OS 9_1 like Mac OS X) AppleWebKit/601.1.46 (KHTML, like Gecko) Version/9.0 Mobile/13B143 Safari/601.1"
76.174.186.196 - - [02/Nov/2015:08:21:29 -0800] "GET /scripts/templates/feedback.html HTTP/1.1" 200 661 "http://whereshouldiski.com/" "Mozilla/5.0 (iPhone; CPU iPhone OS 9_1 like Mac OS X) AppleWebKit/601.1.46 (KHTML, like Gecko) Version/9.0 Mobile/13B143 Safari/601.1"
76.174.186.196 - - [02/Nov/2015:08:21:44 -0800] "GET /lib/reccapi.php?fields=t&coords=33.97204122769735,-118.42675026605339 HTTP/1.1" 200 2142 "http://whereshouldiski.com/" "Mozilla/5.0 (iPhone; CPU iPhone OS 9_1 like Mac OS X) AppleWebKit/601.1.46 (KHTML, like Gecko) Version/9.0 Mobile/13B143 Safari/601.1"
170.75.162.130 - - [02/Nov/2015:08:23:49 -0800] "GET /lib/reccapi.php?resort=alyeska HTTP/1.1" 200 1030 "-" "node-superagent/0.18.2"
76.174.186.196 - - [02/Nov/2015:08:24:38 -0800] "GET /lib/reccapi.php?fields=t&coords=33.97204122769735,-118.42675026605339 HTTP/1.1" 200 2142 "http://whereshouldiski.com/" "Mozilla/5.0 (iPhone; CPU iPhone OS 9_1 like Mac OS X) AppleWebKit/601.1.46 (KHTML, like Gecko) Version/9.0 Mobile/13B143 Safari/601.1"
170.75.162.130 - - [02/Nov/2015:08:25:29 -0800] "GET /lib/reccapi.php?resort=arapahoebasin HTTP/1.1" 200 994 "-" "node-superagent/0.18.2"
170.75.162.130 - - [02/Nov/2015:08:25:29 -0800] "GET /lib/reccapi.php?resort=alta HTTP/1.1" 200 990 "-" "node-superagent/0.18.2"
170.75.162.130 - - [02/Nov/2015:08:25:29 -0800] "GET /lib/reccapi.php?resort=aspenheights HTTP/1.1" 200 993 "-" "node-superagent/0.18.2"
170.75.162.130 - - [02/Nov/2015:08:25:29 -0800] "GET /lib/reccapi.php?resort=aspenmountain HTTP/1.1" 200 964 "-" "node-superagent/0.18.2"
170.75.162.130 - - [02/Nov/2015:08:25:29 -0800] "GET /lib/reccapi.php?resort=buttermilk HTTP/1.1" 200 948 "-" "node-superagent/0.18.2"
170.75.162.130 - - [02/Nov/2015:08:25:29 -0800] "GET /lib/reccapi.php?resort=canyons HTTP/1.1" 200 969 "-" "node-superagent/0.18.2"
170.75.162.130 - - [02/Nov/2015:08:25:29 -0800] "GET /lib/reccapi.php?resort=coppermountain HTTP/1.1" 200 981 "-" "node-superagent/0.18.2"
170.75.162.130 - - [02/Nov/2015:08:25:29 -0800] "GET /lib/reccapi.php?resort=crestedbutte HTTP/1.1" 200 986 "-" "node-superagent/0.18.2"
170.75.162.130 - - [02/Nov/2015:08:25:30 -0800] "GET /lib/reccapi.php?resort=keystone HTTP/1.1" 200 979 "-" "node-superagent/0.18.2"
170.75.162.130 - - [02/Nov/2015:08:25:30 -0800] "GET /lib/reccapi.php?resort=loveland HTTP/1.1" 200 974 "-" "node-superagent/0.18.2"
170.75.162.130 - - [02/Nov/2015:08:25:30 -0800] "GET /lib/reccapi.php?resort=snowmass HTTP/1.1" 200 957 "-" "node-superagent/0.18.2"
170.75.162.130 - - [02/Nov/2015:08:25:30 -0800] "GET /lib/reccapi.php?resort=steamboat HTTP/1.1" 200 981 "-" "node-superagent/0.18.2"
170.75.162.130 - - [02/Nov/2015:08:26:29 -0800] "GET /lib/reccapi.php?resort=telluride HTTP/1.1" 200 967 "-" "node-superagent/0.18.2"
170.75.162.130 - - [02/Nov/2015:08:26:29 -0800] "GET /lib/reccapi.php?resort=wildcatmountain HTTP/1.1" 200 967 "-" "node-superagent/0.18.2"
170.75.162.130 - - [02/Nov/2015:08:26:29 -0800] "GET /lib/reccapi.php?resort=winterpark HTTP/1.1" 200 983 "-" "node-superagent/0.18.2"
123.125.71.71 - - [02/Nov/2015:08:38:53 -0800] "GET / HTTP/1.1" 200 2339 "-" "Mozilla/5.0 (Windows NT 5.1; rv:6.0.2) Gecko/20100101 Firefox/6.0.2"
123.125.71.115 - - [02/Nov/2015:08:38:53 -0800] "GET / HTTP/1.1" 200 6114 "-" "Mozilla/5.0 (Windows NT 5.1; rv:6.0.2) Gecko/20100101 Firefox/6.0.2"
170.75.162.130 - - [02/Nov/2015:08:42:21 -0800] "GET /lib/reccapi.php?resort=bigwhite HTTP/1.1" 200 927 "-" "node-superagent/0.18.2"
170.75.162.130 - - [02/Nov/2015:08:42:21 -0800] "GET /lib/reccapi.php?resort=redmountain HTTP/1.1" 200 914 "-" "node-superagent/0.18.2"
170.75.162.130 - - [02/Nov/2015:08:42:21 -0800] "GET /lib/reccapi.php?resort=silverstarmountain HTTP/1.1" 200 938 "-" "node-superagent/0.18.2"
170.75.162.130 - - [02/Nov/2015:08:42:21 -0800] "GET /lib/reccapi.php?resort=sunpeaksresort HTTP/1.1" 200 921 "-" "node-superagent/0.18.2"
170.75.162.130 - - [02/Nov/2015:08:42:22 -0800] "GET /lib/reccapi.php?resort=whistlerblackcomb HTTP/1.1" 200 936 "-" "node-superagent/0.18.2"
24.176.190.234 - - [02/Nov/2015:08:43:36 -0800] "GET /images/wsis-logo-sm.png HTTP/1.1" 200 6108 "http://www.thebackcountry.net/" "Mozilla/5.0 (Windows NT 5.1) AppleWebKit/537.36 (KHTML, like Gecko) Chrome/46.0.2490.80 Safari/537.36"
180.76.15.22 - - [02/Nov/2015:08:46:08 -0800] "GET / HTTP/1.1" 200 6114 "-" "Mozilla/5.0 (compatible; Baiduspider/2.0; +http://www.baidu.com/search/spider.html)"
180.76.15.21 - - [02/Nov/2015:08:47:01 -0800] "GET / HTTP/1.1" 200 6114 "-" "Mozilla/5.0 (compatible; Baiduspider/2.0; +http://www.baidu.com/search/spider.html)"
220.181.108.149 - - [02/Nov/2015:08:48:18 -0800] "GET / HTTP/1.1" 200 2339 "-" "Mozilla/5.0 (Windows NT 5.1; rv:6.0.2) Gecko/20100101 Firefox/6.0.2"
220.181.108.140 - - [02/Nov/2015:08:48:18 -0800] "GET / HTTP/1.1" 200 6114 "-" "Mozilla/5.0 (Windows NT 5.1; rv:6.0.2) Gecko/20100101 Firefox/6.0.2"
73.234.128.226 - - [02/Nov/2015:08:54:31 -0800] "GET /lib/reccapi.php?resort=alpinemeadows HTTP/1.1" 200 1074 "-" "node-superagent/0.18.2"
73.234.128.226 - - [02/Nov/2015:08:54:31 -0800] "GET /lib/reccapi.php?resort=49degreesnorth HTTP/1.1" 200 1094 "-" "node-superagent/0.18.2"
73.234.128.226 - - [02/Nov/2015:08:54:31 -0800] "GET /lib/reccapi.php?resort=arapahoebasin HTTP/1.1" 200 994 "-" "node-superagent/0.18.2"
73.234.128.226 - - [02/Nov/2015:08:54:31 -0800] "GET /lib/reccapi.php?resort=alta HTTP/1.1" 200 990 "-" "node-superagent/0.18.2"
73.234.128.226 - - [02/Nov/2015:08:54:31 -0800] "GET /lib/reccapi.php?resort=alyeska HTTP/1.1" 200 1030 "-" "node-superagent/0.18.2"
73.234.128.226 - - [02/Nov/2015:08:54:31 -0800] "GET /lib/reccapi.php?resort=angelfire HTTP/1.1" 200 974 "-" "node-superagent/0.18.2"
73.234.128.226 - - [02/Nov/2015:08:54:31 -0800] "GET /lib/reccapi.php?resort=aspenmountain HTTP/1.1" 200 964 "-" "node-superagent/0.18.2"
73.234.128.226 - - [02/Nov/2015:08:54:31 -0800] "GET /lib/reccapi.php?resort=aspenheights HTTP/1.1" 200 993 "-" "node-superagent/0.18.2"
73.234.128.226 - - [02/Nov/2015:08:54:31 -0800] "GET /lib/reccapi.php?resort=bigsky HTTP/1.1" 200 1080 "-" "node-superagent/0.18.2"
73.234.128.226 - - [02/Nov/2015:08:54:31 -0800] "GET /lib/reccapi.php?resort=bigwhite HTTP/1.1" 200 927 "-" "node-superagent/0.18.2"
73.234.128.226 - - [02/Nov/2015:08:54:32 -0800] "GET /lib/reccapi.php?resort=brianhead HTTP/1.1" 200 1012 "-" "node-superagent/0.18.2"
73.234.128.226 - - [02/Nov/2015:08:54:32 -0800] "GET /lib/reccapi.php?resort=brighton HTTP/1.1" 200 995 "-" "node-superagent/0.18.2"
127.0.0.1 - - [02/Nov/2015:08:54:32 -0800] "OPTIONS * HTTP/1.0" 200 126 "-" "Apache/2.2.22 (Ubuntu) (internal dummy connection)"
73.234.128.226 - - [02/Nov/2015:08:55:31 -0800] "GET /lib/reccapi.php?resort=whistlerblackcomb HTTP/1.1" 200 936 "-" "node-superagent/0.18.2"
73.234.128.226 - - [02/Nov/2015:08:55:31 -0800] "GET /lib/reccapi.php?resort=whitefacemountain HTTP/1.1" 200 968 "-" "node-superagent/0.18.2"
73.234.128.226 - - [02/Nov/2015:08:55:31 -0800] "GET /lib/reccapi.php?resort=wildcatmountain HTTP/1.1" 200 967 "-" "node-superagent/0.18.2"
73.234.128.226 - - [02/Nov/2015:08:55:31 -0800] "GET /lib/reccapi.php?resort=sugarbowl HTTP/1.1" 200 1018 "-" "node-superagent/0.18.2"
73.234.128.226 - - [02/Nov/2015:08:55:31 -0800] "GET /lib/reccapi.php?resort=sugarloaf HTTP/1.1" 200 956 "-" "node-superagent/0.18.2"
73.234.128.226 - - [02/Nov/2015:08:55:31 -0800] "GET /lib/reccapi.php?resort=winterpark HTTP/1.1" 200 983 "-" "node-superagent/0.18.2"
73.234.128.226 - - [02/Nov/2015:08:55:31 -0800] "GET /lib/reccapi.php?resort=telluride HTTP/1.1" 200 967 "-" "node-superagent/0.18.2"
73.234.128.226 - - [02/Nov/2015:08:55:31 -0800] "GET /lib/reccapi.php?resort=taos HTTP/1.1" 200 928 "-" "node-superagent/0.18.2"
73.234.128.226 - - [02/Nov/2015:08:55:31 -0800] "GET /lib/reccapi.php?resort=sundayriver HTTP/1.1" 200 974 "-" "node-superagent/0.18.2"
73.234.128.226 - - [02/Nov/2015:08:55:31 -0800] "GET /lib/reccapi.php?resort=sunvalley HTTP/1.1" 200 1081 "-" "node-superagent/0.18.2"
73.234.128.226 - - [02/Nov/2015:08:55:31 -0800] "GET /lib/reccapi.php?resort=sugarbush HTTP/1.1" 200 978 "-" "node-superagent/0.18.2"
73.234.128.226 - - [02/Nov/2015:08:55:31 -0800] "GET /lib/reccapi.php?resort=hoodoo HTTP/1.1" 200 1043 "-" "node-superagent/0.18.2"
73.234.128.226 - - [02/Nov/2015:08:55:36 -0800] "GET /lib/reccapi.php?resort=jacksonhole HTTP/1.1" 200 1037 "-" "node-superagent/0.18.2"
73.234.128.226 - - [02/Nov/2015:08:55:41 -0800] "GET /lib/reccapi.php?resort=killington HTTP/1.1" 200 975 "-" "node-superagent/0.18.2"
73.234.128.226 - - [02/Nov/2015:08:55:46 -0800] "GET /lib/reccapi.php?resort=devilshead HTTP/1.1" 200 939 "-" "node-superagent/0.18.2"
73.234.128.226 - - [02/Nov/2015:08:55:51 -0800] "GET /lib/reccapi.php?resort=diamondpeak HTTP/1.1" 200 996 "-" "node-superagent/0.18.2"
76.254.18.250 - - [02/Nov/2015:08:55:55 -0800] "GET /images/wsis-logo-sm.png HTTP/1.1" 200 6108 "http://www.thebackcountry.net/" "Mozilla/5.0 (iPad; CPU OS 5_1_1 like Mac OS X) AppleWebKit/534.46 (KHTML, like Gecko) Mobile/9B206"
73.234.128.226 - - [02/Nov/2015:08:55:56 -0800] "GET /lib/reccapi.php?resort=kirkwood HTTP/1.1" 200 1104 "-" "node-superagent/0.18.2"
73.234.128.226 - - [02/Nov/2015:08:56:01 -0800] "GET /lib/reccapi.php?resort=buttermilk HTTP/1.1" 200 948 "-" "node-superagent/0.18.2"
73.234.128.226 - - [02/Nov/2015:08:56:06 -0800] "GET /lib/reccapi.php?resort=sierra-at-tahoe HTTP/1.1" 200 1102 "-" "node-superagent/0.18.2"
73.234.128.226 - - [02/Nov/2015:08:56:11 -0800] "GET /lib/reccapi.php?resort=sunpeaksresort HTTP/1.1" 200 921 "-" "node-superagent/0.18.2"
73.234.128.226 - - [02/Nov/2015:08:56:16 -0800] "GET /lib/reccapi.php?resort=stevenspass HTTP/1.1" 200 1033 "-" "node-superagent/0.18.2"
73.234.128.226 - - [02/Nov/2015:08:56:21 -0800] "GET /lib/reccapi.php?resort=snowbasin HTTP/1.1" 200 1028 "-" "node-superagent/0.18.2"
73.234.128.226 - - [02/Nov/2015:08:56:26 -0800] "GET /lib/reccapi.php?resort=heavenly HTTP/1.1" 200 1043 "-" "node-superagent/0.18.2"
73.234.128.226 - - [02/Nov/2015:08:56:31 -0800] "GET /lib/reccapi.php?resort=redlodge HTTP/1.1" 200 1083 "-" "node-superagent/0.18.2"
73.234.128.226 - - [02/Nov/2015:08:56:36 -0800] "GET /lib/reccapi.php?resort=mounthoodmeadows HTTP/1.1" 200 1082 "-" "node-superagent/0.18.2"
73.234.128.226 - - [02/Nov/2015:08:56:41 -0800] "GET /lib/reccapi.php?resort=mtrose HTTP/1.1" 200 1032 "-" "node-superagent/0.18.2"
73.234.128.226 - - [02/Nov/2015:08:56:46 -0800] "GET /lib/reccapi.php?resort=deervalley HTTP/1.1" 200 1001 "-" "node-superagent/0.18.2"
73.234.128.226 - - [02/Nov/2015:08:56:51 -0800] "GET /lib/reccapi.php?resort=mountspokane HTTP/1.1" 200 1065 "-" "node-superagent/0.18.2"
73.234.128.226 - - [02/Nov/2015:08:56:56 -0800] "GET /lib/reccapi.php?resort=madriverglen HTTP/1.1" 200 987 "-" "node-superagent/0.18.2"
73.234.128.226 - - [02/Nov/2015:08:57:01 -0800] "GET /lib/reccapi.php?resort=mammothmountain HTTP/1.1" 200 1066 "-" "node-superagent/0.18.2"
73.234.128.226 - - [02/Nov/2015:08:57:06 -0800] "GET /lib/reccapi.php?resort=homewoodmountain HTTP/1.1" 200 1054 "-" "node-superagent/0.18.2"
73.234.128.226 - - [02/Nov/2015:08:57:11 -0800] "GET /lib/reccapi.php?resort=jaypeak HTTP/1.1" 200 975 "-" "node-superagent/0.18.2"
73.234.128.226 - - [02/Nov/2015:08:57:16 -0800] "GET /lib/reccapi.php?resort=keystone HTTP/1.1" 200 979 "-" "node-superagent/0.18.2"
73.234.128.226 - - [02/Nov/2015:08:57:21 -0800] "GET /lib/reccapi.php?resort=grandtarghee HTTP/1.1" 200 1067 "-" "node-superagent/0.18.2"
73.234.128.226 - - [02/Nov/2015:08:57:26 -0800] "GET /lib/reccapi.php?resort=crestedbutte HTTP/1.1" 200 986 "-" "node-superagent/0.18.2"
73.234.128.226 - - [02/Nov/2015:08:57:31 -0800] "GET /lib/reccapi.php?resort=crystalmountain HTTP/1.1" 200 1072 "-" "node-superagent/0.18.2"
73.234.128.226 - - [02/Nov/2015:08:57:36 -0800] "GET /lib/reccapi.php?resort=coppermountain HTTP/1.1" 200 981 "-" "node-superagent/0.18.2"
73.234.128.226 - - [02/Nov/2015:08:57:41 -0800] "GET /lib/reccapi.php?resort=cannonmountain HTTP/1.1" 200 966 "-" "node-superagent/0.18.2"
73.234.128.226 - - [02/Nov/2015:08:57:46 -0800] "GET /lib/reccapi.php?resort=steamboat HTTP/1.1" 200 981 "-" "node-superagent/0.18.2"
73.234.128.226 - - [02/Nov/2015:08:57:51 -0800] "GET /lib/reccapi.php?resort=snowbird HTTP/1.1" 200 996 "-" "node-superagent/0.18.2"
73.234.128.226 - - [02/Nov/2015:08:57:56 -0800] "GET /lib/reccapi.php?resort=smugglersnotch HTTP/1.1" 200 968 "-" "node-superagent/0.18.2"
73.234.128.226 - - [02/Nov/2015:08:58:01 -0800] "GET /lib/reccapi.php?resort=silverstarmountain HTTP/1.1" 200 938 "-" "node-superagent/0.18.2"
73.234.128.226 - - [02/Nov/2015:08:58:06 -0800] "GET /lib/reccapi.php?resort=redmountain HTTP/1.1" 200 914 "-" "node-superagent/0.18.2"
73.234.128.226 - - [02/Nov/2015:08:58:11 -0800] "GET /lib/reccapi.php?resort=schweitzer HTTP/1.1" 200 1043 "-" "node-superagent/0.18.2"
73.234.128.226 - - [02/Nov/2015:08:58:16 -0800] "GET /lib/reccapi.php?resort=northstar-at-tahoe HTTP/1.1" 200 1017 "-" "node-superagent/0.18.2"
73.234.128.226 - - [02/Nov/2015:08:58:21 -0800] "GET /lib/reccapi.php?resort=parkcity HTTP/1.1" 200 998 "-" "node-superagent/0.18.2"
73.234.128.226 - - [02/Nov/2015:08:58:26 -0800] "GET /lib/reccapi.php?resort=mountbachelor HTTP/1.1" 200 1058 "-" "node-superagent/0.18.2"
73.234.128.226 - - [02/Nov/2015:08:58:31 -0800] "GET /lib/reccapi.php?resort=mountainhigh HTTP/1.1" 200 1090 "-" "node-superagent/0.18.2"
73.234.128.226 - - [02/Nov/2015:08:58:36 -0800] "GET /lib/reccapi.php?resort=monarch HTTP/1.1" 200 967 "-" "node-superagent/0.18.2"
73.234.128.226 - - [02/Nov/2015:08:58:41 -0800] "GET /lib/reccapi.php?resort=canyons HTTP/1.1" 200 969 "-" "node-superagent/0.18.2"
73.234.128.226 - - [02/Nov/2015:08:58:46 -0800] "GET /lib/reccapi.php?resort=chinapeak HTTP/1.1" 200 1068 "-" "node-superagent/0.18.2"
73.234.128.226 - - [02/Nov/2015:08:58:51 -0800] "GET /lib/reccapi.php?resort=loveland HTTP/1.1" 200 974 "-" "node-superagent/0.18.2"
73.234.128.226 - - [02/Nov/2015:08:58:56 -0800] "GET /lib/reccapi.php?resort=stowe HTTP/1.1" 200 941 "-" "node-superagent/0.18.2"
73.234.128.226 - - [02/Nov/2015:08:59:01 -0800] "GET /lib/reccapi.php?resort=snowmass HTTP/1.1" 200 957 "-" "node-superagent/0.18.2"
170.75.162.130 - - [02/Nov/2015:08:59:04 -0800] "GET /lib/reccapi.php?resort=bigsky HTTP/1.1" 200 1080 "-" "node-superagent/0.18.2"
170.75.162.130 - - [02/Nov/2015:08:59:04 -0800] "GET /lib/reccapi.php?resort=cannonmountain HTTP/1.1" 200 966 "-" "node-superagent/0.18.2"
170.75.162.130 - - [02/Nov/2015:08:59:04 -0800] "GET /lib/reccapi.php?resort=crystalmountain HTTP/1.1" 200 1072 "-" "node-superagent/0.18.2"
170.75.162.130 - - [02/Nov/2015:08:59:04 -0800] "GET /lib/reccapi.php?resort=diamondpeak HTTP/1.1" 200 996 "-" "node-superagent/0.18.2"
73.234.128.226 - - [02/Nov/2015:08:59:06 -0800] "GET /lib/reccapi.php?resort=solitude HTTP/1.1" 200 992 "-" "node-superagent/0.18.2"
73.234.128.226 - - [02/Nov/2015:08:59:11 -0800] "GET /lib/reccapi.php?resort=squawvalleyusa HTTP/1.1" 200 1046 "-" "node-superagent/0.18.2"
170.75.162.130 - - [02/Nov/2015:08:59:14 -0800] "GET /lib/reccapi.php?resort=redlodge HTTP/1.1" 200 1083 "-" "node-superagent/0.18.2"
170.75.162.130 - - [02/Nov/2015:09:00:24 -0800] "GET /lib/reccapi.php?resort=homewoodmountain HTTP/1.1" 200 1054 "-" "node-superagent/0.18.2"
152.77.66.130 - - [02/Nov/2015:09:12:57 -0800] "GET /images/wsis-logo-sm.png HTTP/1.1" 200 6108 "http://www.thebackcountry.net/" "Mozilla/5.0 (Macintosh; Intel Mac OS X 10_9_5) AppleWebKit/601.1.56 (KHTML, like Gecko) Version/9.0 Safari/537.86.1"
71.140.31.214 - - [02/Nov/2015:09:29:15 -0800] "GET /images/wsis-logo-sm.png HTTP/1.1" 200 6108 "http://thebackcountry.net/" "Mozilla/4.0 (compatible; MSIE 8.0; Windows NT 5.1; Trident/4.0; .NET CLR 2.0.50727; .NET CLR 3.0.4506.2152; .NET CLR 3.5.30729; 786908940603; Build/14.08001)"
108.246.14.93 - - [02/Nov/2015:09:31:08 -0800] "GET /images/wsis-logo-sm.png HTTP/1.1" 200 6108 "http://www.thebackcountry.net/" "Mozilla/5.0 (iPad; CPU OS 9_0_2 like Mac OS X) AppleWebKit/601.1.46 (KHTML, like Gecko) Version/9.0 Mobile/13A452 Safari/601.1"
90.77.249.242 - - [02/Nov/2015:09:34:31 -0800] "GET /images/wsis-logo-sm.png HTTP/1.1" 200 6108 "http://thebackcountry.net/" "Mozilla/5.0 (Windows NT 6.1; WOW64) AppleWebKit/537.36 (KHTML, like Gecko) Chrome/32.0.1700.107 Safari/537.36"
123.125.71.111 - - [02/Nov/2015:09:44:34 -0800] "GET / HTTP/1.1" 200 2339 "-" "Mozilla/5.0 (Windows NT 5.1; rv:6.0.2) Gecko/20100101 Firefox/6.0.2"
123.125.71.76 - - [02/Nov/2015:09:44:35 -0800] "GET / HTTP/1.1" 200 6114 "-" "Mozilla/5.0 (Windows NT 5.1; rv:6.0.2) Gecko/20100101 Firefox/6.0.2"
220.181.108.149 - - [02/Nov/2015:09:54:09 -0800] "GET / HTTP/1.1" 200 2339 "-" "Mozilla/5.0 (Windows NT 5.1; rv:6.0.2) Gecko/20100101 Firefox/6.0.2"
220.181.108.182 - - [02/Nov/2015:09:54:10 -0800] "GET / HTTP/1.1" 200 6114 "-" "Mozilla/5.0 (Windows NT 5.1; rv:6.0.2) Gecko/20100101 Firefox/6.0.2"
170.75.162.130 - - [02/Nov/2015:10:03:01 -0800] "GET /lib/reccapi.php?resort=smugglersnotch HTTP/1.1" 200 967 "-" "node-superagent/0.18.2"
151.151.16.15 - - [02/Nov/2015:10:03:20 -0800] "GET /images/wsis-logo-sm.png HTTP/1.1" 200 6108 "http://www.thebackcountry.net/" "Mozilla/5.0 (Windows NT 6.1; WOW64; Trident/7.0; rv:11.0) like Gecko"
170.75.162.130 - - [02/Nov/2015:10:06:22 -0800] "GET /lib/reccapi.php?resort=mountspokane HTTP/1.1" 200 1102 "-" "node-superagent/0.18.2"
209.33.83.138 - - [02/Nov/2015:10:06:56 -0800] "GET /images/wsis-logo-sm.png HTTP/1.1" 200 6108 "http://www.thebackcountry.net/" "Mozilla/5.0 (Windows NT 6.1; WOW64; Trident/7.0; rv:11.0) like Gecko"
209.33.83.138 - - [02/Nov/2015:10:07:17 -0800] "-" 408 0 "-" "-"
173.226.41.66 - - [02/Nov/2015:10:27:32 -0800] "GET /images/wsis-logo-sm.png HTTP/1.1" 200 6108 "http://www.thebackcountry.net/" "Mozilla/5.0 (Windows NT 6.1; WOW64; Trident/7.0; rv:11.0) like Gecko"
173.252.88.94 - - [02/Nov/2015:10:29:23 -0800] "GET /images/wsis-logo-sm.png HTTP/1.1" 206 6118 "http://www.thebackcountry.net/" "facebookexternalhit/1.1 (+http://www.facebook.com/externalhit_uatext.php)"
173.252.102.114 - - [02/Nov/2015:10:29:24 -0800] "GET /images/wsis-logo-sm.png HTTP/1.1" 200 6108 "-" "facebookexternalhit/1.1 (+http://www.facebook.com/externalhit_uatext.php)"
134.197.0.23 - - [02/Nov/2015:10:31:14 -0800] "GET /images/wsis-logo-sm.png HTTP/1.1" 200 6108 "http://www.thebackcountry.net/" "Mozilla/5.0 (Macintosh; Intel Mac OS X 10_10_5) AppleWebKit/600.8.9 (KHTML, like Gecko) Version/8.0.8 Safari/600.8.9"
123.125.71.111 - - [02/Nov/2015:10:39:22 -0800] "GET / HTTP/1.1" 200 2339 "-" "Mozilla/5.0 (Windows NT 5.1; rv:6.0.2) Gecko/20100101 Firefox/6.0.2"
123.125.71.116 - - [02/Nov/2015:10:39:23 -0800] "GET / HTTP/1.1" 200 6114 "-" "Mozilla/5.0 (Windows NT 5.1; rv:6.0.2) Gecko/20100101 Firefox/6.0.2"
207.46.13.187 - - [02/Nov/2015:10:39:26 -0800] "GET /robots.txt HTTP/1.1" 200 375 "-" "Mozilla/5.0 (compatible; bingbot/2.0; +http://www.bing.com/bingbot.htm)"
180.76.15.147 - - [02/Nov/2015:10:39:47 -0800] "GET / HTTP/1.1" 200 6114 "-" "Mozilla/5.0 (compatible; Baiduspider/2.0; +http://www.baidu.com/search/spider.html)"
180.76.15.144 - - [02/Nov/2015:10:40:13 -0800] "GET / HTTP/1.1" 200 6114 "-" "Mozilla/5.0 (compatible; Baiduspider/2.0; +http://www.baidu.com/search/spider.html)"
179.187.221.82 - - [02/Nov/2015:10:41:41 -0800] "GET /images/wsis-logo-sm.png HTTP/1.1" 200 6108 "http://thebackcountry.net/" "Mozilla/5.0 (Windows NT 6.1; WOW64) AppleWebKit/537.36 (KHTML, like Gecko) Chrome/36.0.1985.143 Safari/537.36"
204.132.65.243 - - [02/Nov/2015:10:46:08 -0800] "GET /images/wsis-logo-sm.png HTTP/1.1" 200 6108 "http://www.thebackcountry.net/" "Mozilla/5.0 (compatible; MSIE 10.0; Windows NT 6.1; Trident/6.0)"
220.181.108.177 - - [02/Nov/2015:10:50:30 -0800] "GET / HTTP/1.1" 200 2339 "-" "Mozilla/5.0 (Windows NT 5.1; rv:6.0.2) Gecko/20100101 Firefox/6.0.2"
220.181.108.184 - - [02/Nov/2015:10:50:30 -0800] "GET / HTTP/1.1" 200 6114 "-" "Mozilla/5.0 (Windows NT 5.1; rv:6.0.2) Gecko/20100101 Firefox/6.0.2"
207.46.13.187 - - [02/Nov/2015:10:53:57 -0800] "GET / HTTP/1.1" 200 2376 "-" "Mozilla/5.0 (compatible; bingbot/2.0; +http://www.bing.com/bingbot.htm)"
170.75.162.130 - - [02/Nov/2015:10:55:17 -0800] "GET /lib/reccapi.php?resort=heavenly HTTP/1.1" 200 1046 "-" "node-superagent/0.18.2"
137.164.164.34 - - [02/Nov/2015:11:05:52 -0800] "GET /images/wsis-logo-sm.png HTTP/1.1" 200 6108 "http://www.thebackcountry.net/" "Mozilla/5.0 (Macintosh; Intel Mac OS X 10_6_8) AppleWebKit/537.36 (KHTML, like Gecko) Chrome/46.0.2490.80 Safari/537.36"
180.76.15.6 - - [02/Nov/2015:11:13:48 -0800] "GET /styles/0fffd548.main.css HTTP/1.1" 200 19280 "-" "Mozilla/5.0 (compatible; Baiduspider/2.0; +http://www.baidu.com/search/spider.html)"
180.76.15.159 - - [02/Nov/2015:11:27:02 -0800] "GET / HTTP/1.1" 200 2339 "-" "Mozilla/5.0 (compatible; Baiduspider/2.0; +http://www.baidu.com/search/spider.html)"
170.75.162.130 - - [02/Nov/2015:11:38:22 -0800] "GET /lib/reccapi.php?resort=chinapeak HTTP/1.1" 200 1108 "-" "node-superagent/0.18.2"
73.162.19.55 - - [02/Nov/2015:11:43:08 -0800] "GET /images/wsis-logo-sm.png HTTP/1.1" 200 6108 "http://www.thebackcountry.net/" "Mozilla/5.0 (Macintosh; Intel Mac OS X 10_10_5) AppleWebKit/601.2.7 (KHTML, like Gecko) Version/9.0.1 Safari/601.2.7"
180.76.15.146 - - [02/Nov/2015:11:43:48 -0800] "GET /resorts?resort=alyeska HTTP/1.1" 404 469 "-" "Mozilla/5.0 (compatible; Baiduspider/2.0; +http://www.baidu.com/search/spider.html)"
207.192.255.217 - - [02/Nov/2015:11:52:26 -0800] "GET /images/wsis-logo-sm.png HTTP/1.1" 200 6108 "http://www.thebackcountry.net/" "Mozilla/5.0 (Linux; Android 4.4.2; LG-V500 Build/KOT49I.V50020d) AppleWebKit/537.36 (KHTML, like Gecko) Chrome/46.0.2490.76 Safari/537.36"
220.181.108.178 - - [02/Nov/2015:11:52:30 -0800] "-" 408 0 "-" "-"
170.75.162.130 - - [02/Nov/2015:11:56:04 -0800] "GET /lib/reccapi.php?resort=whitefacemountain HTTP/1.1" 200 967 "-" "node-superagent/0.18.2"
170.75.162.130 - - [02/Nov/2015:12:00:25 -0800] "GET /lib/reccapi.php?resort=deervalley HTTP/1.1" 200 1004 "-" "node-superagent/0.18.2"
170.75.162.130 - - [02/Nov/2015:12:03:15 -0800] "GET /lib/reccapi.php?resort=devilshead HTTP/1.1" 200 939 "-" "node-superagent/0.18.2"
170.75.162.130 - - [02/Nov/2015:12:12:26 -0800] "GET /lib/reccapi.php?resort=grandtarghee HTTP/1.1" 200 1068 "-" "node-superagent/0.18.2"
206.29.176.51 - - [02/Nov/2015:12:13:40 -0800] "GET /backbonetest.html HTTP/1.1" 404 506 "-" "Mozilla/5.0 (Macintosh; Intel Mac OS X 10_10_5) AppleWebKit/601.2.7 (KHTML, like Gecko)"
206.29.176.51 - - [02/Nov/2015:12:13:40 -0800] "GET /apple-touch-icon-precomposed.png HTTP/1.1" 404 521 "-" "Safari/10601.2.7.2 CFNetwork/720.5.7 Darwin/14.5.0 (x86_64)"
206.29.176.51 - - [02/Nov/2015:12:13:40 -0800] "GET /apple-touch-icon.png HTTP/1.1" 404 512 "-" "Safari/10601.2.7.2 CFNetwork/720.5.7 Darwin/14.5.0 (x86_64)"
206.29.176.51 - - [02/Nov/2015:12:13:40 -0800] "GET /backbonetest.html HTTP/1.1" 404 505 "-" "Mozilla/5.0 (iPhone; CPU iPhone OS 8_1 like Mac OS X) AppleWebKit/600.1.4 (KHTML, like Gecko) Version/8.0 Mobile/12B410 Safari/600.1.4"
206.29.176.51 - - [02/Nov/2015:12:13:42 -0800] "GET /apple-touch-icon-precomposed.png HTTP/1.1" 404 520 "-" "Safari/10601.2.7.2 CFNetwork/720.5.7 Darwin/14.5.0 (x86_64)"
206.29.176.51 - - [02/Nov/2015:12:13:42 -0800] "GET /apple-touch-icon.png HTTP/1.1" 404 512 "-" "Safari/10601.2.7.2 CFNetwork/720.5.7 Darwin/14.5.0 (x86_64)"
75.111.98.209 - - [02/Nov/2015:12:28:54 -0800] "GET /images/wsis-logo-sm.png HTTP/1.1" 200 6108 "http://www.thebackcountry.net/" "Mozilla/5.0 (Windows NT 6.1; WOW64; Trident/7.0; rv:11.0) like Gecko"
75.111.98.209 - - [02/Nov/2015:12:29:15 -0800] "-" 408 0 "-" "-"
170.75.162.130 - - [02/Nov/2015:12:30:28 -0800] "GET /lib/reccapi.php?resort=hoodoo HTTP/1.1" 200 1042 "-" "node-superagent/0.18.2"
71.140.31.214 - - [02/Nov/2015:12:33:26 -0800] "GET /images/wsis-logo-sm.png HTTP/1.1" 200 6108 "http://thebackcountry.net/" "Mozilla/4.0 (compatible; MSIE 8.0; Windows NT 5.1; Trident/4.0; .NET CLR 2.0.50727; .NET CLR 3.0.4506.2152; .NET CLR 3.5.30729; 786908940603; Build/14.08001)"
170.75.162.130 - - [02/Nov/2015:12:39:09 -0800] "GET /lib/reccapi.php?resort=jacksonhole HTTP/1.1" 200 1036 "-" "node-superagent/0.18.2"
123.125.71.111 - - [02/Nov/2015:12:39:33 -0800] "GET / HTTP/1.1" 200 2339 "-" "Mozilla/5.0 (Windows NT 5.1; rv:6.0.2) Gecko/20100101 Firefox/6.0.2"
123.125.71.76 - - [02/Nov/2015:12:39:33 -0800] "GET / HTTP/1.1" 200 6114 "-" "Mozilla/5.0 (Windows NT 5.1; rv:6.0.2) Gecko/20100101 Firefox/6.0.2"
170.75.162.130 - - [02/Nov/2015:12:42:19 -0800] "GET /lib/reccapi.php?resort=jaypeak HTTP/1.1" 200 976 "-" "node-superagent/0.18.2"
170.75.162.130 - - [02/Nov/2015:12:48:20 -0800] "GET /lib/reccapi.php?resort=keystone HTTP/1.1" 200 978 "-" "node-superagent/0.18.2"
220.181.108.186 - - [02/Nov/2015:12:48:41 -0800] "GET / HTTP/1.1" 200 2339 "-" "Mozilla/5.0 (Windows NT 5.1; rv:6.0.2) Gecko/20100101 Firefox/6.0.2"
170.75.162.130 - - [02/Nov/2015:12:51:10 -0800] "GET /lib/reccapi.php?resort=killington HTTP/1.1" 200 974 "-" "node-superagent/0.18.2"
208.40.79.146 - - [02/Nov/2015:12:54:34 -0800] "GET /images/wsis-logo-sm.png HTTP/1.1" 200 6108 "http://www.thebackcountry.net/" "Mozilla/5.0 (compatible; MSIE 10.0; Windows NT 6.1; WOW64; Trident/6.0)"
170.75.162.130 - - [02/Nov/2015:12:57:01 -0800] "GET /lib/reccapi.php?resort=kirkwood HTTP/1.1" 200 1106 "-" "node-superagent/0.18.2"
67.161.144.213 - - [02/Nov/2015:13:06:13 -0800] "GET / HTTP/1.1" 200 2376 "http://www.earnyourturns.com/25021/technique-getting-the-right-volume-boot/" "Mozilla/5.0 (iPad; CPU OS 9_1 like Mac OS X) AppleWebKit/601.1.46 (KHTML, like Gecko) Version/9.0 Mobile/13B143 Safari/601.1"
67.161.144.213 - - [02/Nov/2015:13:06:13 -0800] "GET /styles/0fffd548.main.css HTTP/1.1" 200 19316 "http://whereshouldiski.com/" "Mozilla/5.0 (iPad; CPU OS 9_1 like Mac OS X) AppleWebKit/601.1.46 (KHTML, like Gecko) Version/9.0 Mobile/13B143 Safari/601.1"
67.161.144.213 - - [02/Nov/2015:13:06:13 -0800] "GET /images/logo-sm.png HTTP/1.1" 200 16738 "http://whereshouldiski.com/" "Mozilla/5.0 (iPad; CPU OS 9_1 like Mac OS X) AppleWebKit/601.1.46 (KHTML, like Gecko) Version/9.0 Mobile/13B143 Safari/601.1"
67.161.144.213 - - [02/Nov/2015:13:06:13 -0800] "GET /scripts/scripts/vendor/modernizr.js HTTP/1.1" 200 4903 "http://whereshouldiski.com/" "Mozilla/5.0 (iPad; CPU OS 9_1 like Mac OS X) AppleWebKit/601.1.46 (KHTML, like Gecko) Version/9.0 Mobile/13B143 Safari/601.1"
67.161.144.213 - - [02/Nov/2015:13:06:13 -0800] "GET /images/loading.gif HTTP/1.1" 200 13882 "http://whereshouldiski.com/" "Mozilla/5.0 (iPad; CPU OS 9_1 like Mac OS X) AppleWebKit/601.1.46 (KHTML, like Gecko) Version/9.0 Mobile/13B143 Safari/601.1"
67.161.144.213 - - [02/Nov/2015:13:06:13 -0800] "GET /bower_components/requirejs/require.js HTTP/1.1" 200 6702 "http://whereshouldiski.com/" "Mozilla/5.0 (iPad; CPU OS 9_1 like Mac OS X) AppleWebKit/601.1.46 (KHTML, like Gecko) Version/9.0 Mobile/13B143 Safari/601.1"
67.161.144.213 - - [02/Nov/2015:13:06:14 -0800] "GET /scripts/fa48e319.main.js HTTP/1.1" 200 123455 "http://whereshouldiski.com/" "Mozilla/5.0 (iPad; CPU OS 9_1 like Mac OS X) AppleWebKit/601.1.46 (KHTML, like Gecko) Version/9.0 Mobile/13B143 Safari/601.1"
67.161.144.213 - - [02/Nov/2015:13:06:15 -0800] "GET /lib/reccapi.php?resort=keystone&date=2015-11-03 HTTP/1.1" 200 1023 "http://whereshouldiski.com/" "Mozilla/5.0 (iPad; CPU OS 9_1 like Mac OS X) AppleWebKit/601.1.46 (KHTML, like Gecko) Version/9.0 Mobile/13B143 Safari/601.1"
67.161.144.213 - - [02/Nov/2015:13:06:15 -0800] "GET /images/snowforecast-logo.jpg HTTP/1.1" 200 22988 "http://whereshouldiski.com/" "Mozilla/5.0 (iPad; CPU OS 9_1 like Mac OS X) AppleWebKit/601.1.46 (KHTML, like Gecko) Version/9.0 Mobile/13B143 Safari/601.1"
67.161.144.213 - - [02/Nov/2015:13:06:15 -0800] "GET /images/opensnow_logo.png HTTP/1.1" 200 11776 "http://whereshouldiski.com/" "Mozilla/5.0 (iPad; CPU OS 9_1 like Mac OS X) AppleWebKit/601.1.46 (KHTML, like Gecko) Version/9.0 Mobile/13B143 Safari/601.1"
67.161.144.213 - - [02/Nov/2015:13:06:15 -0800] "GET /images/snowflake-med-5.png HTTP/1.1" 200 6156 "http://whereshouldiski.com/" "Mozilla/5.0 (iPad; CPU OS 9_1 like Mac OS X) AppleWebKit/601.1.46 (KHTML, like Gecko) Version/9.0 Mobile/13B143 Safari/601.1"
67.161.144.213 - - [02/Nov/2015:13:06:15 -0800] "GET /images/stars-med-5.png HTTP/1.1" 200 4123 "http://whereshouldiski.com/" "Mozilla/5.0 (iPad; CPU OS 9_1 like Mac OS X) AppleWebKit/601.1.46 (KHTML, like Gecko) Version/9.0 Mobile/13B143 Safari/601.1"
67.161.144.213 - - [02/Nov/2015:13:06:15 -0800] "GET /images/mtns-30px.png HTTP/1.1" 200 1201 "http://whereshouldiski.com/" "Mozilla/5.0 (iPad; CPU OS 9_1 like Mac OS X) AppleWebKit/601.1.46 (KHTML, like Gecko) Version/9.0 Mobile/13B143 Safari/601.1"
67.161.144.213 - - [02/Nov/2015:13:06:15 -0800] "GET /images/shading-53px.png HTTP/1.1" 200 547 "http://whereshouldiski.com/" "Mozilla/5.0 (iPad; CPU OS 9_1 like Mac OS X) AppleWebKit/601.1.46 (KHTML, like Gecko) Version/9.0 Mobile/13B143 Safari/601.1"
67.161.144.213 - - [02/Nov/2015:13:06:15 -0800] "GET /lib/reccapi.php?fields=t&date=2015-11-03&coords=39.58%2C-105.95&size=7&sort=distance HTTP/1.1" 200 1328 "http://whereshouldiski.com/" "Mozilla/5.0 (iPad; CPU OS 9_1 like Mac OS X) AppleWebKit/601.1.46 (KHTML, like Gecko) Version/9.0 Mobile/13B143 Safari/601.1"
67.161.144.213 - - [02/Nov/2015:13:06:15 -0800] "GET /images/sun-med-5.png HTTP/1.1" 200 7627 "http://whereshouldiski.com/" "Mozilla/5.0 (iPad; CPU OS 9_1 like Mac OS X) AppleWebKit/601.1.46 (KHTML, like Gecko) Version/9.0 Mobile/13B143 Safari/601.1"
67.161.144.213 - - [02/Nov/2015:13:06:15 -0800] "GET /lib/resortDataSearchD3.php?size=7&sortDate=T&resort=keystone&dateStart=2015-11-01 HTTP/1.1" 200 845 "http://whereshouldiski.com/" "Mozilla/5.0 (iPad; CPU OS 9_1 like Mac OS X) AppleWebKit/601.1.46 (KHTML, like Gecko) Version/9.0 Mobile/13B143 Safari/601.1"
67.161.144.213 - - [02/Nov/2015:13:06:16 -0800] "GET /images/snowflake5.png HTTP/1.1" 200 2857 "http://whereshouldiski.com/" "Mozilla/5.0 (iPad; CPU OS 9_1 like Mac OS X) AppleWebKit/601.1.46 (KHTML, like Gecko) Version/9.0 Mobile/13B143 Safari/601.1"
67.161.144.213 - - [02/Nov/2015:13:06:16 -0800] "GET /images/star5.png HTTP/1.1" 200 1783 "http://whereshouldiski.com/" "Mozilla/5.0 (iPad; CPU OS 9_1 like Mac OS X) AppleWebKit/601.1.46 (KHTML, like Gecko) Version/9.0 Mobile/13B143 Safari/601.1"
67.161.144.213 - - [02/Nov/2015:13:06:16 -0800] "GET /images/bluebird5.png HTTP/1.1" 200 2177 "http://whereshouldiski.com/" "Mozilla/5.0 (iPad; CPU OS 9_1 like Mac OS X) AppleWebKit/601.1.46 (KHTML, like Gecko) Version/9.0 Mobile/13B143 Safari/601.1"
67.161.144.213 - - [02/Nov/2015:13:06:16 -0800] "GET /images/mtns-icon.png HTTP/1.1" 200 1096 "http://whereshouldiski.com/" "Mozilla/5.0 (iPad; CPU OS 9_1 like Mac OS X) AppleWebKit/601.1.46 (KHTML, like Gecko) Version/9.0 Mobile/13B143 Safari/601.1"
67.161.144.213 - - [02/Nov/2015:13:06:16 -0800] "GET /images/shading-icon.png HTTP/1.1" 200 536 "http://whereshouldiski.com/" "Mozilla/5.0 (iPad; CPU OS 9_1 like Mac OS X) AppleWebKit/601.1.46 (KHTML, like Gecko) Version/9.0 Mobile/13B143 Safari/601.1"
127.0.0.1 - - [02/Nov/2015:13:06:22 -0800] "OPTIONS * HTTP/1.0" 200 126 "-" "Apache/2.2.22 (Ubuntu) (internal dummy connection)"
67.161.144.213 - - [02/Nov/2015:13:06:52 -0800] "GET /lib/reccapi.php?resort=loveland&date=2015-11-03 HTTP/1.1" 200 1021 "http://whereshouldiski.com/" "Mozilla/5.0 (iPad; CPU OS 9_1 like Mac OS X) AppleWebKit/601.1.46 (KHTML, like Gecko) Version/9.0 Mobile/13B143 Safari/601.1"
67.161.144.213 - - [02/Nov/2015:13:06:52 -0800] "GET /lib/reccapi.php?fields=t&date=2015-11-03&coords=39.67%2C-105.9&size=7&sort=distance HTTP/1.1" 200 1328 "http://whereshouldiski.com/" "Mozilla/5.0 (iPad; CPU OS 9_1 like Mac OS X) AppleWebKit/601.1.46 (KHTML, like Gecko) Version/9.0 Mobile/13B143 Safari/601.1"
67.161.144.213 - - [02/Nov/2015:13:06:52 -0800] "GET /lib/resortDataSearchD3.php?size=7&sortDate=T&resort=loveland&dateStart=2015-11-01 HTTP/1.1" 200 850 "http://whereshouldiski.com/" "Mozilla/5.0 (iPad; CPU OS 9_1 like Mac OS X) AppleWebKit/601.1.46 (KHTML, like Gecko) Version/9.0 Mobile/13B143 Safari/601.1"
170.75.162.130 - - [02/Nov/2015:13:11:43 -0800] "GET /lib/reccapi.php?resort=loveland HTTP/1.1" 200 973 "-" "node-superagent/0.18.2"
170.75.162.130 - - [02/Nov/2015:13:14:23 -0800] "GET /lib/reccapi.php?resort=madriverglen HTTP/1.1" 200 986 "-" "node-superagent/0.18.2"
170.75.162.130 - - [02/Nov/2015:13:18:04 -0800] "GET /lib/reccapi.php?resort=mammothmountain HTTP/1.1" 200 1074 "-" "node-superagent/0.18.2"
66.249.79.220 - - [02/Nov/2015:13:21:56 -0800] "GET /robots.txt HTTP/1.1" 200 419 "-" "Mozilla/5.0 (compatible; Googlebot/2.1; +http://www.google.com/bot.html)"
66.249.79.227 - - [02/Nov/2015:13:21:56 -0800] "GET /resorts?resort=tetonpass&date=2014-01-05 HTTP/1.1" 404 506 "-" "Mozilla/5.0 (iPhone; CPU iPhone OS 8_3 like Mac OS X) AppleWebKit/600.1.4 (KHTML, like Gecko) Version/8.0 Mobile/12F70 Safari/600.1.4 (compatible; Googlebot/2.1; +http://www.google.com/bot.html)"
83.233.207.74 - - [02/Nov/2015:13:22:42 -0800] "GET / HTTP/1.1" 200 6151 "-" "Mozilla/4.0 (CMS Crawler: http://www.cmscrawler.com)"
170.75.162.130 - - [02/Nov/2015:13:23:04 -0800] "GET /lib/reccapi.php?resort=monarch HTTP/1.1" 200 967 "-" "node-superagent/0.18.2"
170.75.162.130 - - [02/Nov/2015:13:29:05 -0800] "GET /lib/reccapi.php?resort=mtrose HTTP/1.1" 200 1030 "-" "node-superagent/0.18.2"
170.75.162.130 - - [02/Nov/2015:13:31:45 -0800] "GET /lib/reccapi.php?resort=northstar-at-tahoe HTTP/1.1" 200 1015 "-" "node-superagent/0.18.2"
170.75.162.130 - - [02/Nov/2015:13:35:06 -0800] "GET /lib/reccapi.php?resort=sierra-at-tahoe HTTP/1.1" 200 1099 "-" "node-superagent/0.18.2"
170.75.162.130 - - [02/Nov/2015:13:37:46 -0800] "GET /lib/reccapi.php?resort=squawvalleyusa HTTP/1.1" 200 1047 "-" "node-superagent/0.18.2"
123.125.71.117 - - [02/Nov/2015:13:38:49 -0800] "GET / HTTP/1.1" 200 2339 "-" "Mozilla/5.0 (Windows NT 5.1; rv:6.0.2) Gecko/20100101 Firefox/6.0.2"
123.125.71.85 - - [02/Nov/2015:13:38:50 -0800] "GET / HTTP/1.1" 200 6114 "-" "Mozilla/5.0 (Windows NT 5.1; rv:6.0.2) Gecko/20100101 Firefox/6.0.2"
180.76.15.142 - - [02/Nov/2015:13:41:32 -0800] "GET / HTTP/1.1" 200 6114 "-" "Mozilla/5.0 (compatible; Baiduspider/2.0; +http://www.baidu.com/search/spider.html)"
66.249.74.56 - - [02/Nov/2015:13:41:48 -0800] "GET /robots.txt HTTP/1.1" 200 419 "-" "Mozilla/5.0 (compatible; Googlebot/2.1; +http://www.google.com/bot.html)"
66.249.74.54 - - [02/Nov/2015:13:41:48 -0800] "GET / HTTP/1.1" 200 2376 "-" "Mozilla/5.0 (iPhone; CPU iPhone OS 8_3 like Mac OS X) AppleWebKit/600.1.4 (KHTML, like Gecko) Version/8.0 Mobile/12F70 Safari/600.1.4 (compatible; Googlebot/2.1; +http://www.google.com/bot.html)"
