66.249.75.40 - - [05/Jun/2015:11:57:03 -0700] "GET /resorts?resort=boyne&date=2013-12-19 HTTP/1.1" 404 506 "-" "Mozilla/5.0 (iPhone; CPU iPhone OS 6_0 like Mac OS X) AppleWebKit/536.26 (KHTML, like Gecko) Version/6.0 Mobile/10A5376e Safari/8536.25 (compatible; Googlebot/2.1; +http://www.google.com/bot.html)"
207.46.13.140 - - [05/Jun/2015:11:59:21 -0700] "GET /about HTTP/1.1" 404 506 "-" "Mozilla/5.0 (compatible; bingbot/2.0; +http://www.bing.com/bingbot.htm)"
66.249.75.56 - - [05/Jun/2015:11:59:23 -0700] "GET /resorts?resort=redlodge&date=2013-12-31 HTTP/1.1" 404 506 "-" "Mozilla/5.0 (iPhone; CPU iPhone OS 6_0 like Mac OS X) AppleWebKit/536.26 (KHTML, like Gecko) Version/6.0 Mobile/10A5376e Safari/8536.25 (compatible; Googlebot/2.1; +http://www.google.com/bot.html)"
66.249.75.48 - - [05/Jun/2015:12:06:24 -0700] "GET /resorts?resort=windham&date=2014-02-05 HTTP/1.1" 404 506 "-" "Mozilla/5.0 (iPhone; CPU iPhone OS 6_0 like Mac OS X) AppleWebKit/536.26 (KHTML, like Gecko) Version/6.0 Mobile/10A5376e Safari/8536.25 (compatible; Googlebot/2.1; +http://www.google.com/bot.html)"
123.125.71.110 - - [05/Jun/2015:12:08:11 -0700] "-" 408 0 "-" "-"
66.249.75.56 - - [05/Jun/2015:12:09:16 -0700] "GET /resorts?resort=redmountain&date=2014-02-03 HTTP/1.1" 404 506 "-" "Mozilla/5.0 (iPhone; CPU iPhone OS 6_0 like Mac OS X) AppleWebKit/536.26 (KHTML, like Gecko) Version/6.0 Mobile/10A5376e Safari/8536.25 (compatible; Googlebot/2.1; +http://www.google.com/bot.html)"
220.181.108.122 - - [05/Jun/2015:12:12:57 -0700] "-" 408 0 "-" "-"
170.75.162.130 - - [05/Jun/2015:12:15:14 -0700] "GET /lib/reccapi.php?resort=sunpeaksresort HTTP/1.1" 200 911 "-" "node-superagent/0.18.2"
66.249.75.40 - - [05/Jun/2015:12:19:07 -0700] "GET /resorts?resort=tetonpass&date=2013-12-19 HTTP/1.1" 404 506 "-" "Mozilla/5.0 (iPhone; CPU iPhone OS 6_0 like Mac OS X) AppleWebKit/536.26 (KHTML, like Gecko) Version/6.0 Mobile/10A5376e Safari/8536.25 (compatible; Googlebot/2.1; +http://www.google.com/bot.html)"
66.249.75.56 - - [05/Jun/2015:12:29:00 -0700] "GET /resorts?resort=keystone&date=2014-02-02 HTTP/1.1" 404 506 "-" "Mozilla/5.0 (iPhone; CPU iPhone OS 6_0 like Mac OS X) AppleWebKit/536.26 (KHTML, like Gecko) Version/6.0 Mobile/10A5376e Safari/8536.25 (compatible; Googlebot/2.1; +http://www.google.com/bot.html)"
170.75.162.130 - - [05/Jun/2015:12:29:46 -0700] "GET /lib/reccapi.php?resort=heavenly HTTP/1.1" 200 1034 "-" "node-superagent/0.18.2"
74.63.163.37 - - [05/Jun/2015:12:37:24 -0700] "GET /images/wsis-logo-sm.png HTTP/1.1" 200 6108 "http://www.thebackcountry.net/" "Mozilla/5.0 (compatible; MSIE 9.0; Windows NT 6.0; Win64; x64; Trident/5.0)"
74.63.163.37 - - [05/Jun/2015:12:37:45 -0700] "-" 408 0 "-" "-"
66.249.75.40 - - [05/Jun/2015:12:38:51 -0700] "GET /resorts?resort=mountspokane&date=2014-02-11 HTTP/1.1" 404 506 "-" "Mozilla/5.0 (iPhone; CPU iPhone OS 6_0 like Mac OS X) AppleWebKit/536.26 (KHTML, like Gecko) Version/6.0 Mobile/10A5376e Safari/8536.25 (compatible; Googlebot/2.1; +http://www.google.com/bot.html)"
180.76.15.140 - - [05/Jun/2015:12:40:38 -0700] "GET /resorts?resort=discoverybasin&date=2014-04-22 HTTP/1.1" 404 472 "-" "Mozilla/5.0 (compatible; Baiduspider/2.0; +http://www.baidu.com/search/spider.html)"
66.249.75.42 - - [05/Jun/2015:12:44:09 -0700] "GET /robots.txt HTTP/1.1" 200 419 "-" "Mozilla/5.0 (compatible; Googlebot/2.1; +http://www.google.com/bot.html)"
66.249.75.58 - - [05/Jun/2015:12:44:09 -0700] "GET /resorts?resort=kickinghorsemountain&date=2013-12-02 HTTP/1.1" 404 509 "-" "Mozilla/5.0 (compatible; Googlebot/2.1; +http://www.google.com/bot.html)"
170.75.162.130 - - [05/Jun/2015:12:45:47 -0700] "GET /lib/reccapi.php?resort=jacksonhole HTTP/1.1" 200 1084 "-" "node-superagent/0.18.2"
66.249.75.56 - - [05/Jun/2015:12:48:44 -0700] "GET /resorts?resort=northstar-at-tahoe&date=2012-12-27 HTTP/1.1" 404 506 "-" "Mozilla/5.0 (iPhone; CPU iPhone OS 6_0 like Mac OS X) AppleWebKit/536.26 (KHTML, like Gecko) Version/6.0 Mobile/10A5376e Safari/8536.25 (compatible; Googlebot/2.1; +http://www.google.com/bot.html)"
170.75.162.130 - - [05/Jun/2015:12:49:18 -0700] "GET /lib/reccapi.php?resort=canyons HTTP/1.1" 200 1028 "-" "node-superagent/0.18.2"
170.75.162.130 - - [05/Jun/2015:12:49:18 -0700] "GET /lib/reccapi.php?resort=arapahoebasin HTTP/1.1" 200 1087 "-" "node-superagent/0.18.2"
170.75.162.130 - - [05/Jun/2015:12:49:18 -0700] "GET /lib/reccapi.php?resort=keystone HTTP/1.1" 200 1060 "-" "node-superagent/0.18.2"
107.150.50.10 - - [05/Jun/2015:12:49:42 -0700] "GET / HTTP/1.1" 200 2376 "-" "Mozilla/4.0 (compatible; MSIE 6.0; Windows NT 5.1; SV1; Mozilla/4.0 (compatible; MSIE 6.0; Windows NT 5.1; SV1) )"
123.125.71.57 - - [05/Jun/2015:12:49:55 -0700] "-" 408 0 "-" "-"
162.211.122.43 - - [05/Jun/2015:12:51:03 -0700] "GET / HTTP/1.1" 200 2339 "http://www.whereshouldiski.com" "Mozilla/5.0 (Windows NT 6.1; WOW64; rv:34.0) Gecko/20100101 Firefox/34.0"
220.181.108.171 - - [05/Jun/2015:12:53:11 -0700] "-" 408 0 "-" "-"
157.55.39.14 - - [05/Jun/2015:12:54:38 -0700] "GET / HTTP/1.1" 200 2376 "-" "Mozilla/5.0 (compatible; bingbot/2.0; +http://www.bing.com/bingbot.htm)"
66.249.75.56 - - [05/Jun/2015:12:58:07 -0700] "GET /resorts?resort=diamondpeak&date=2013-12-25 HTTP/1.1" 404 506 "-" "Mozilla/5.0 (iPhone; CPU iPhone OS 6_0 like Mac OS X) AppleWebKit/536.26 (KHTML, like Gecko) Version/6.0 Mobile/10A5376e Safari/8536.25 (compatible; Googlebot/2.1; +http://www.google.com/bot.html)"
66.249.75.56 - - [05/Jun/2015:13:07:45 -0700] "GET /resorts?resort=pajaritomountain&date=2014-01-15 HTTP/1.1" 404 506 "-" "Mozilla/5.0 (iPhone; CPU iPhone OS 6_0 like Mac OS X) AppleWebKit/536.26 (KHTML, like Gecko) Version/6.0 Mobile/10A5376e Safari/8536.25 (compatible; Googlebot/2.1; +http://www.google.com/bot.html)"
66.249.75.56 - - [05/Jun/2015:13:17:40 -0700] "GET /resorts?resort=brundage&date=2013-12-13 HTTP/1.1" 404 506 "-" "Mozilla/5.0 (iPhone; CPU iPhone OS 6_0 like Mac OS X) AppleWebKit/536.26 (KHTML, like Gecko) Version/6.0 Mobile/10A5376e Safari/8536.25 (compatible; Googlebot/2.1; +http://www.google.com/bot.html)"
180.76.15.19 - - [05/Jun/2015:13:25:08 -0700] "GET /resorts?resort=cannonmountain HTTP/1.1" 404 469 "-" "Mozilla/5.0 (compatible; Baiduspider/2.0; +http://www.baidu.com/search/spider.html)"
170.75.162.130 - - [05/Jun/2015:13:26:11 -0700] "GET /lib/reccapi.php?resort=aspenmountain HTTP/1.1" 200 1052 "-" "node-superagent/0.18.2"
170.75.162.130 - - [05/Jun/2015:13:26:11 -0700] "GET /lib/reccapi.php?resort=aspenheights HTTP/1.1" 200 1060 "-" "node-superagent/0.18.2"
170.75.162.130 - - [05/Jun/2015:13:26:11 -0700] "GET /lib/reccapi.php?resort=snowmass HTTP/1.1" 200 1032 "-" "node-superagent/0.18.2"
170.75.162.130 - - [05/Jun/2015:13:26:11 -0700] "GET /lib/reccapi.php?resort=buttermilk HTTP/1.1" 200 1063 "-" "node-superagent/0.18.2"
66.249.75.48 - - [05/Jun/2015:13:27:36 -0700] "GET /resorts?resort=sleepinggiant&date=2014-01-09 HTTP/1.1" 404 506 "-" "Mozilla/5.0 (iPhone; CPU iPhone OS 6_0 like Mac OS X) AppleWebKit/536.26 (KHTML, like Gecko) Version/6.0 Mobile/10A5376e Safari/8536.25 (compatible; Googlebot/2.1; +http://www.google.com/bot.html)"
66.249.75.56 - - [05/Jun/2015:13:37:32 -0700] "GET /resorts?resort=treblecone&date=2014-07-13 HTTP/1.1" 404 506 "-" "Mozilla/5.0 (iPhone; CPU iPhone OS 6_0 like Mac OS X) AppleWebKit/536.26 (KHTML, like Gecko) Version/6.0 Mobile/10A5376e Safari/8536.25 (compatible; Googlebot/2.1; +http://www.google.com/bot.html)"
66.249.75.40 - - [05/Jun/2015:13:37:39 -0700] "GET /resorts?resort=coronetpeak&date=2014-09-06 HTTP/1.1" 404 506 "-" "Mozilla/5.0 (compatible; Googlebot/2.1; +http://www.google.com/bot.html)"
170.75.162.130 - - [05/Jun/2015:13:38:02 -0700] "GET /lib/reccapi.php?resort=angelfire HTTP/1.1" 200 1029 "-" "node-superagent/0.18.2"
66.249.75.56 - - [05/Jun/2015:13:40:57 -0700] "GET /resorts?resort=angelfire HTTP/1.1" 404 506 "-" "Mozilla/5.0 (compatible; Googlebot/2.1; +http://www.google.com/bot.html)"
170.75.162.130 - - [05/Jun/2015:13:45:42 -0700] "GET /lib/reccapi.php?resort=hoodoo HTTP/1.1" 200 953 "-" "node-superagent/0.18.2"
71.94.198.70 - - [05/Jun/2015:13:46:38 -0700] "GET /images/wsis-logo-sm.png HTTP/1.1" 200 6108 "http://www.thebackcountry.net/" "Mozilla/5.0 (iPhone; CPU iPhone OS 8_2 like Mac OS X) AppleWebKit/600.1.4 (KHTML, like Gecko) Version/8.0 Mobile/12D508 Safari/600.1.4"
66.249.75.58 - - [05/Jun/2015:13:47:30 -0700] "GET /resorts?resort=snoqualmie-alpental&date=2013-01-16 HTTP/1.1" 404 509 "-" "Mozilla/5.0 (iPhone; CPU iPhone OS 6_0 like Mac OS X) AppleWebKit/536.26 (KHTML, like Gecko) Version/6.0 Mobile/10A5376e Safari/8536.25 (compatible; Googlebot/2.1; +http://www.google.com/bot.html)"
66.249.75.40 - - [05/Jun/2015:13:57:26 -0700] "GET /resorts?resort=maverickmountain&date=2014-01-01 HTTP/1.1" 404 506 "-" "Mozilla/5.0 (iPhone; CPU iPhone OS 6_0 like Mac OS X) AppleWebKit/536.26 (KHTML, like Gecko) Version/6.0 Mobile/10A5376e Safari/8536.25 (compatible; Googlebot/2.1; +http://www.google.com/bot.html)"
123.125.71.20 - - [05/Jun/2015:13:58:18 -0700] "-" 408 0 "-" "-"
220.181.108.94 - - [05/Jun/2015:14:03:10 -0700] "-" 408 0 "-" "-"
66.249.75.48 - - [05/Jun/2015:14:07:22 -0700] "GET /resorts?resort=mountbaker&date=2014-03-05 HTTP/1.1" 404 506 "-" "Mozilla/5.0 (iPhone; CPU iPhone OS 6_0 like Mac OS X) AppleWebKit/536.26 (KHTML, like Gecko) Version/6.0 Mobile/10A5376e Safari/8536.25 (compatible; Googlebot/2.1; +http://www.google.com/bot.html)"
188.165.15.41 - - [05/Jun/2015:14:13:34 -0700] "GET /robots.txt HTTP/1.1" 200 363 "-" "Mozilla/5.0 (compatible; AhrefsBot/5.0; +http://ahrefs.com/robot/)"
66.249.75.56 - - [05/Jun/2015:14:17:19 -0700] "GET /resorts?resort=portillo&date=2014-07-16 HTTP/1.1" 404 506 "-" "Mozilla/5.0 (iPhone; CPU iPhone OS 6_0 like Mac OS X) AppleWebKit/536.26 (KHTML, like Gecko) Version/6.0 Mobile/10A5376e Safari/8536.25 (compatible; Googlebot/2.1; +http://www.google.com/bot.html)"
66.249.75.48 - - [05/Jun/2015:14:27:16 -0700] "GET /resorts?resort=winterpark&date=2014-02-02 HTTP/1.1" 404 506 "-" "Mozilla/5.0 (iPhone; CPU iPhone OS 6_0 like Mac OS X) AppleWebKit/536.26 (KHTML, like Gecko) Version/6.0 Mobile/10A5376e Safari/8536.25 (compatible; Googlebot/2.1; +http://www.google.com/bot.html)"
89.15.239.89 - - [05/Jun/2015:14:29:24 -0700] "GET /images/wsis-logo-sm.png HTTP/1.1" 200 6108 "http://www.thebackcountry.net/" "Mozilla/5.0 (iPhone; CPU iPhone OS 8_1_3 like Mac OS X) AppleWebKit/600.1.4 (KHTML, like Gecko) Version/8.0 Mobile/12B466 Safari/600.1.4"
69.35.216.61 - - [05/Jun/2015:14:31:03 -0700] "GET /images/wsis-logo-sm.png HTTP/1.1" 200 6108 "http://www.thebackcountry.net/" "Mozilla/5.0 (Macintosh; Intel Mac OS X 10_9_5) AppleWebKit/600.6.3 (KHTML, like Gecko) Version/7.1.6 Safari/537.85.15"
170.75.162.130 - - [05/Jun/2015:14:35:17 -0700] "GET /lib/reccapi.php?resort=deervalley HTTP/1.1" 200 1057 "-" "node-superagent/0.18.2"
66.249.75.40 - - [05/Jun/2015:14:37:14 -0700] "GET /resorts?resort=snowking&date=2014-01-19 HTTP/1.1" 404 506 "-" "Mozilla/5.0 (iPhone; CPU iPhone OS 6_0 like Mac OS X) AppleWebKit/536.26 (KHTML, like Gecko) Version/6.0 Mobile/10A5376e Safari/8536.25 (compatible; Googlebot/2.1; +http://www.google.com/bot.html)"
123.125.71.20 - - [05/Jun/2015:14:40:41 -0700] "GET / HTTP/1.1" 200 2339 "-" "Mozilla/5.0 (compatible; Baiduspider/2.0; +http://www.baidu.com/search/spider.html)"
123.125.71.79 - - [05/Jun/2015:14:40:43 -0700] "GET /scripts/scripts/vendor/modernizr.js HTTP/1.1" 200 11379 "http://whereshouldiski.com/" "Mozilla/5.0 (compatible; Baiduspider/2.0; +http://www.baidu.com/search/spider.html)"
123.125.71.104 - - [05/Jun/2015:14:40:43 -0700] "GET /styles/0fffd548.main.css HTTP/1.1" 200 108822 "http://whereshouldiski.com/" "Mozilla/5.0 (compatible; Baiduspider/2.0; +http://www.baidu.com/search/spider.html)"
123.125.71.108 - - [05/Jun/2015:14:40:51 -0700] "GET /bower_components/requirejs/require.js HTTP/1.1" 200 17128 "http://whereshouldiski.com/" "Mozilla/5.0 (compatible; Baiduspider/2.0; +http://www.baidu.com/search/spider.html)"
216.184.9.139 - - [05/Jun/2015:14:41:04 -0700] "GET /robots.txt HTTP/1.0" 200 338 "-" "GigablastOpenSource/1.0"
216.184.9.139 - - [05/Jun/2015:14:41:04 -0700] "GET / HTTP/1.0" 200 6114 "-" "GigablastOpenSource/1.0"
170.75.162.130 - - [05/Jun/2015:14:43:37 -0700] "GET /lib/reccapi.php?resort=mounthoodmeadows HTTP/1.1" 200 975 "-" "node-superagent/0.18.2"
170.75.162.130 - - [05/Jun/2015:14:43:37 -0700] "GET /lib/reccapi.php?resort=alyeska HTTP/1.1" 200 951 "-" "node-superagent/0.18.2"
170.75.162.130 - - [05/Jun/2015:14:43:37 -0700] "GET /lib/reccapi.php?resort=mountbachelor HTTP/1.1" 200 967 "-" "node-superagent/0.18.2"
170.75.162.130 - - [05/Jun/2015:14:43:38 -0700] "GET /lib/reccapi.php?resort=solitude HTTP/1.1" 200 1006 "-" "node-superagent/0.18.2"
170.75.162.130 - - [05/Jun/2015:14:43:38 -0700] "GET /lib/reccapi.php?resort=snowbird HTTP/1.1" 200 1011 "-" "node-superagent/0.18.2"
170.75.162.130 - - [05/Jun/2015:14:43:38 -0700] "GET /lib/reccapi.php?resort=whitefacemountain HTTP/1.1" 200 1070 "-" "node-superagent/0.18.2"
170.75.162.130 - - [05/Jun/2015:14:44:38 -0700] "GET /lib/reccapi.php?resort=crestedbutte HTTP/1.1" 200 1044 "-" "node-superagent/0.18.2"
170.75.162.130 - - [05/Jun/2015:14:44:38 -0700] "GET /lib/reccapi.php?resort=grandtarghee HTTP/1.1" 200 1090 "-" "node-superagent/0.18.2"
170.75.162.130 - - [05/Jun/2015:14:44:38 -0700] "GET /lib/reccapi.php?resort=49degreesnorth HTTP/1.1" 200 974 "-" "node-superagent/0.18.2"
170.75.162.130 - - [05/Jun/2015:14:44:38 -0700] "GET /lib/reccapi.php?resort=loveland HTTP/1.1" 200 1118 "-" "node-superagent/0.18.2"
170.75.162.130 - - [05/Jun/2015:14:44:38 -0700] "GET /lib/reccapi.php?resort=winterpark HTTP/1.1" 200 1069 "-" "node-superagent/0.18.2"
170.75.162.130 - - [05/Jun/2015:14:44:38 -0700] "GET /lib/reccapi.php?resort=telluride HTTP/1.1" 200 1083 "-" "node-superagent/0.18.2"
170.75.162.130 - - [05/Jun/2015:14:44:38 -0700] "GET /lib/reccapi.php?resort=bigwhite HTTP/1.1" 200 908 "-" "node-superagent/0.18.2"
170.75.162.130 - - [05/Jun/2015:14:44:38 -0700] "GET /lib/reccapi.php?resort=mountspokane HTTP/1.1" 200 971 "-" "node-superagent/0.18.2"
170.75.162.130 - - [05/Jun/2015:14:44:48 -0700] "GET /lib/reccapi.php?resort=silverstarmountain HTTP/1.1" 200 925 "-" "node-superagent/0.18.2"
170.75.162.130 - - [05/Jun/2015:14:44:58 -0700] "GET /lib/reccapi.php?resort=parkcity HTTP/1.1" 200 1037 "-" "node-superagent/0.18.2"
170.75.162.130 - - [05/Jun/2015:14:44:58 -0700] "GET /lib/reccapi.php?resort=brianhead HTTP/1.1" 200 1038 "-" "node-superagent/0.18.2"
170.75.162.130 - - [05/Jun/2015:14:45:08 -0700] "GET /lib/reccapi.php?resort=brighton HTTP/1.1" 200 1013 "-" "node-superagent/0.18.2"
170.75.162.130 - - [05/Jun/2015:14:45:38 -0700] "GET /lib/reccapi.php?resort=monarch HTTP/1.1" 200 1048 "-" "node-superagent/0.18.2"
170.75.162.130 - - [05/Jun/2015:14:45:38 -0700] "GET /lib/reccapi.php?resort=steamboat HTTP/1.1" 200 1076 "-" "node-superagent/0.18.2"
170.75.162.130 - - [05/Jun/2015:14:46:08 -0700] "GET /lib/reccapi.php?resort=taos HTTP/1.1" 200 995 "-" "node-superagent/0.18.2"
170.75.162.130 - - [05/Jun/2015:14:46:18 -0700] "GET /lib/reccapi.php?resort=redlodge HTTP/1.1" 200 1079 "-" "node-superagent/0.18.2"
170.75.162.130 - - [05/Jun/2015:14:46:18 -0700] "GET /lib/reccapi.php?resort=redmountain HTTP/1.1" 200 899 "-" "node-superagent/0.18.2"
170.75.162.130 - - [05/Jun/2015:14:46:28 -0700] "GET /lib/reccapi.php?resort=snowbasin HTTP/1.1" 200 1021 "-" "node-superagent/0.18.2"
66.249.75.48 - - [05/Jun/2015:14:47:12 -0700] "GET /resorts?resort=mtrose&date=2014-02-03 HTTP/1.1" 404 506 "-" "Mozilla/5.0 (iPhone; CPU iPhone OS 6_0 like Mac OS X) AppleWebKit/536.26 (KHTML, like Gecko) Version/6.0 Mobile/10A5376e Safari/8536.25 (compatible; Googlebot/2.1; +http://www.google.com/bot.html)"
158.184.198.4 - - [05/Jun/2015:14:52:05 -0700] "GET /images/wsis-logo-sm.png HTTP/1.1" 200 6108 "http://thebackcountry.net/" "Mozilla/5.0 (iPhone; CPU iPhone OS 8_1_3 like Mac OS X) AppleWebKit/600.1.4 (KHTML, like Gecko) Version/8.0 Mobile/12B466 Safari/600.1.4"
66.249.75.87 - - [05/Jun/2015:14:57:12 -0700] "GET /robots.txt HTTP/1.1" 200 419 "-" "Mozilla/5.0 (compatible; Googlebot/2.1; +http://www.google.com/bot.html)"
66.249.75.87 - - [05/Jun/2015:14:57:12 -0700] "GET /resorts?resort=bridgerbowl&date=2013-06-14 HTTP/1.1" 404 508 "-" "Mozilla/5.0 (iPhone; CPU iPhone OS 6_0 like Mac OS X) AppleWebKit/536.26 (KHTML, like Gecko) Version/6.0 Mobile/10A5376e Safari/8536.25 (compatible; Googlebot/2.1; +http://www.google.com/bot.html)"
123.125.71.106 - - [05/Jun/2015:14:59:54 -0700] "-" 408 0 "-" "-"
220.181.108.117 - - [05/Jun/2015:15:03:47 -0700] "-" 408 0 "-" "-"
71.202.9.25 - - [05/Jun/2015:15:06:15 -0700] "GET /images/wsis-logo-sm.png HTTP/1.1" 200 6108 "http://www.thebackcountry.net/" "Mozilla/5.0 (Macintosh; Intel Mac OS X 10_10_3) AppleWebKit/600.6.3 (KHTML, like Gecko) Version/8.0.6 Safari/600.6.3"
66.249.75.56 - - [05/Jun/2015:15:07:13 -0700] "GET /resorts?resort=maverickmountain&date=2013-12-19 HTTP/1.1" 404 506 "-" "Mozilla/5.0 (iPhone; CPU iPhone OS 6_0 like Mac OS X) AppleWebKit/536.26 (KHTML, like Gecko) Version/6.0 Mobile/10A5376e Safari/8536.25 (compatible; Googlebot/2.1; +http://www.google.com/bot.html)"
170.75.162.130 - - [05/Jun/2015:15:35:33 -0700] "GET /lib/reccapi.php?resort=alta HTTP/1.1" 200 1009 "-" "node-superagent/0.18.2"
170.75.162.130 - - [05/Jun/2015:15:35:33 -0700] "GET /lib/reccapi.php?resort=killington HTTP/1.1" 200 1071 "-" "node-superagent/0.18.2"
170.75.162.130 - - [05/Jun/2015:15:35:33 -0700] "GET /lib/reccapi.php?resort=sugarloaf HTTP/1.1" 200 984 "-" "node-superagent/0.18.2"
170.75.162.130 - - [05/Jun/2015:15:38:33 -0700] "GET /lib/reccapi.php?resort=homewoodmountain HTTP/1.1" 200 1004 "-" "node-superagent/0.18.2"
172.3.76.195 - - [05/Jun/2015:15:38:40 -0700] "GET /images/wsis-logo-sm.png HTTP/1.1" 200 6108 "http://www.thebackcountry.net/" "Mozilla/5.0 (Windows NT 6.1; WOW64) AppleWebKit/537.36 (KHTML, like Gecko) Chrome/43.0.2357.81 Safari/537.36"
151.80.31.152 - - [05/Jun/2015:15:50:32 -0700] "GET /resorts?resort=aspenmountain HTTP/1.1" 404 450 "-" "Mozilla/5.0 (compatible; AhrefsBot/5.0; +http://ahrefs.com/robot/)"
170.75.162.130 - - [05/Jun/2015:15:51:24 -0700] "GET /lib/reccapi.php?resort=wildcatmountain HTTP/1.1" 200 995 "-" "node-superagent/0.18.2"
66.249.75.24 - - [05/Jun/2015:15:52:34 -0700] "GET /resorts?resort=moonlightbasin&date=2014-02-09 HTTP/1.1" 404 506 "-" "Mozilla/5.0 (iPhone; CPU iPhone OS 6_0 like Mac OS X) AppleWebKit/536.26 (KHTML, like Gecko) Version/6.0 Mobile/10A5376e Safari/8536.25 (compatible; Googlebot/2.1; +http://www.google.com/bot.html)"
170.75.162.130 - - [05/Jun/2015:15:53:44 -0700] "GET /lib/reccapi.php?resort=mammothmountain HTTP/1.1" 200 1015 "-" "node-superagent/0.18.2"
170.75.162.130 - - [05/Jun/2015:15:56:35 -0700] "GET /lib/reccapi.php?resort=sundayriver HTTP/1.1" 200 985 "-" "node-superagent/0.18.2"
123.125.71.36 - - [05/Jun/2015:15:57:32 -0700] "-" 408 0 "-" "-"
220.181.108.105 - - [05/Jun/2015:16:03:13 -0700] "-" 408 0 "-" "-"
107.150.50.10 - - [05/Jun/2015:16:07:38 -0700] "GET / HTTP/1.1" 200 2376 "-" "Mozilla/4.0 (compatible; MSIE 6.0; Windows NT 5.1; SV1; Mozilla/4.0 (compatible; MSIE 6.0; Windows NT 5.1; SV1) ; .NET CLR 1.0.3705)"
66.249.75.56 - - [05/Jun/2015:16:22:38 -0700] "GET /resorts?resort=49degreesnorth&date=2014-02-03 HTTP/1.1" 404 506 "-" "Mozilla/5.0 (iPhone; CPU iPhone OS 6_0 like Mac OS X) AppleWebKit/536.26 (KHTML, like Gecko) Version/6.0 Mobile/10A5376e Safari/8536.25 (compatible; Googlebot/2.1; +http://www.google.com/bot.html)"
170.75.162.130 - - [05/Jun/2015:16:38:49 -0700] "GET /lib/reccapi.php?resort=alpinemeadows HTTP/1.1" 200 1100 "-" "node-superagent/0.18.2"
170.75.162.130 - - [05/Jun/2015:16:39:49 -0700] "GET /lib/reccapi.php?resort=bigsky HTTP/1.1" 200 1040 "-" "node-superagent/0.18.2"
170.75.162.130 - - [05/Jun/2015:16:41:09 -0700] "GET /lib/reccapi.php?resort=cannonmountain HTTP/1.1" 200 1035 "-" "node-superagent/0.18.2"
170.75.162.130 - - [05/Jun/2015:16:41:29 -0700] "GET /lib/reccapi.php?resort=chinapeak HTTP/1.1" 200 1132 "-" "node-superagent/0.18.2"
170.75.162.130 - - [05/Jun/2015:16:41:29 -0700] "GET /lib/reccapi.php?resort=coppermountain HTTP/1.1" 200 1125 "-" "node-superagent/0.18.2"
170.75.162.130 - - [05/Jun/2015:16:43:29 -0700] "GET /lib/reccapi.php?resort=crystalmountain HTTP/1.1" 200 992 "-" "node-superagent/0.18.2"
170.75.162.130 - - [05/Jun/2015:16:43:39 -0700] "GET /lib/reccapi.php?resort=devilshead HTTP/1.1" 200 947 "-" "node-superagent/0.18.2"
170.75.162.130 - - [05/Jun/2015:16:43:49 -0700] "GET /lib/reccapi.php?resort=diamondpeak HTTP/1.1" 200 980 "-" "node-superagent/0.18.2"
170.75.162.130 - - [05/Jun/2015:16:45:09 -0700] "GET /lib/reccapi.php?resort=heavenly HTTP/1.1" 200 1017 "-" "node-superagent/0.18.2"
170.75.162.130 - - [05/Jun/2015:16:45:49 -0700] "GET /lib/reccapi.php?resort=jacksonhole HTTP/1.1" 200 1039 "-" "node-superagent/0.18.2"
170.75.162.130 - - [05/Jun/2015:16:45:59 -0700] "GET /lib/reccapi.php?resort=jaypeak HTTP/1.1" 200 1095 "-" "node-superagent/0.18.2"
170.75.162.130 - - [05/Jun/2015:16:46:20 -0700] "GET /lib/reccapi.php?resort=kirkwood HTTP/1.1" 200 1103 "-" "node-superagent/0.18.2"
170.75.162.130 - - [05/Jun/2015:16:46:50 -0700] "GET /lib/reccapi.php?resort=madriverglen HTTP/1.1" 200 1103 "-" "node-superagent/0.18.2"
170.75.162.130 - - [05/Jun/2015:16:49:10 -0700] "GET /lib/reccapi.php?resort=mountainhigh HTTP/1.1" 200 1071 "-" "node-superagent/0.18.2"
170.75.162.130 - - [05/Jun/2015:16:49:10 -0700] "GET /lib/reccapi.php?resort=northstar-at-tahoe HTTP/1.1" 200 1002 "-" "node-superagent/0.18.2"
170.75.162.130 - - [05/Jun/2015:16:49:10 -0700] "GET /lib/reccapi.php?resort=sierra-at-tahoe HTTP/1.1" 200 1085 "-" "node-superagent/0.18.2"
170.75.162.130 - - [05/Jun/2015:16:49:10 -0700] "GET /lib/reccapi.php?resort=squawvalleyusa HTTP/1.1" 200 1002 "-" "node-superagent/0.18.2"
170.75.162.130 - - [05/Jun/2015:16:49:10 -0700] "GET /lib/reccapi.php?resort=sugarbowl HTTP/1.1" 200 985 "-" "node-superagent/0.18.2"
170.75.162.130 - - [05/Jun/2015:16:49:10 -0700] "GET /lib/reccapi.php?resort=sunpeaksresort HTTP/1.1" 200 911 "-" "node-superagent/0.18.2"
170.75.162.130 - - [05/Jun/2015:16:49:11 -0700] "GET /lib/reccapi.php?resort=whistlerblackcomb HTTP/1.1" 200 922 "-" "node-superagent/0.18.2"
170.75.162.130 - - [05/Jun/2015:16:49:20 -0700] "GET /lib/reccapi.php?resort=schweitzer HTTP/1.1" 200 939 "-" "node-superagent/0.18.2"
170.75.162.130 - - [05/Jun/2015:16:49:20 -0700] "GET /lib/reccapi.php?resort=sunvalley HTTP/1.1" 200 1049 "-" "node-superagent/0.18.2"
170.75.162.130 - - [05/Jun/2015:16:49:30 -0700] "GET /lib/reccapi.php?resort=mtrose HTTP/1.1" 200 988 "-" "node-superagent/0.18.2"
170.75.162.130 - - [05/Jun/2015:16:50:01 -0700] "GET /lib/reccapi.php?resort=smugglersnotch HTTP/1.1" 200 1078 "-" "node-superagent/0.18.2"
170.75.162.130 - - [05/Jun/2015:16:50:01 -0700] "GET /lib/reccapi.php?resort=stowe HTTP/1.1" 200 1058 "-" "node-superagent/0.18.2"
170.75.162.130 - - [05/Jun/2015:16:50:10 -0700] "GET /lib/reccapi.php?resort=sugarbush HTTP/1.1" 200 1103 "-" "node-superagent/0.18.2"
170.75.162.130 - - [05/Jun/2015:16:51:20 -0700] "GET /lib/reccapi.php?resort=canyons HTTP/1.1" 200 1028 "-" "node-superagent/0.18.2"
170.75.162.130 - - [05/Jun/2015:16:51:30 -0700] "GET /lib/reccapi.php?resort=arapahoebasin HTTP/1.1" 200 1088 "-" "node-superagent/0.18.2"
170.75.162.130 - - [05/Jun/2015:16:51:30 -0700] "GET /lib/reccapi.php?resort=keystone HTTP/1.1" 200 1061 "-" "node-superagent/0.18.2"
170.75.162.130 - - [05/Jun/2015:16:51:40 -0700] "GET /lib/reccapi.php?resort=stevenspass HTTP/1.1" 200 972 "-" "node-superagent/0.18.2"
66.249.75.40 - - [05/Jun/2015:16:56:20 -0700] "GET /resorts?resort=antelopebutte&date=2014-02-09 HTTP/1.1" 404 506 "-" "Mozilla/5.0 (iPhone; CPU iPhone OS 6_0 like Mac OS X) AppleWebKit/536.26 (KHTML, like Gecko) Version/6.0 Mobile/10A5376e Safari/8536.25 (compatible; Googlebot/2.1; +http://www.google.com/bot.html)"
99.73.160.96 - - [05/Jun/2015:16:57:08 -0700] "GET /images/wsis-logo-sm.png HTTP/1.1" 200 6108 "http://www.thebackcountry.net/" "Mozilla/5.0 (iPhone; CPU iPhone OS 7_1_1 like Mac OS X) AppleWebKit/537.51.2 (KHTML, like Gecko) GSA/5.5.50480 Mobile/11D201 Safari/9537.53"
123.125.71.28 - - [05/Jun/2015:16:57:22 -0700] "-" 408 0 "-" "-"
99.47.113.22 - - [05/Jun/2015:16:57:32 -0700] "GET /images/wsis-logo-sm.png HTTP/1.1" 200 6108 "http://www.thebackcountry.net/" "Mozilla/5.0 (Windows NT 6.3; WOW64; Trident/7.0; rv:11.0) like Gecko"
99.47.113.22 - - [05/Jun/2015:16:57:54 -0700] "-" 408 0 "-" "-"
220.181.108.160 - - [05/Jun/2015:17:04:57 -0700] "-" 408 0 "-" "-"
72.14.229.17 - - [05/Jun/2015:17:05:06 -0700] "GET /images/wsis-logo-sm.png HTTP/1.1" 200 6108 "http://www.thebackcountry.net/" "Mozilla/5.0 (Macintosh; Intel Mac OS X 10_10_3) AppleWebKit/537.36 (KHTML, like Gecko) Chrome/43.0.2357.81 Safari/537.36"
107.221.62.172 - - [05/Jun/2015:17:06:16 -0700] "GET /images/wsis-logo-sm.png HTTP/1.1" 200 6108 "http://www.thebackcountry.net/" "Mozilla/5.0 (Windows NT 6.1; WOW64) AppleWebKit/537.36 (KHTML, like Gecko) Chrome/43.0.2357.81 Safari/537.36"
151.80.31.152 - - [05/Jun/2015:17:09:48 -0700] "GET /resorts?resort=brighton HTTP/1.1" 404 450 "-" "Mozilla/5.0 (compatible; AhrefsBot/5.0; +http://ahrefs.com/robot/)"
108.220.225.145 - - [05/Jun/2015:17:17:15 -0700] "GET /images/wsis-logo-sm.png HTTP/1.1" 200 6108 "http://www.thebackcountry.net/" "Mozilla/5.0 (Windows NT 6.1; WOW64) AppleWebKit/537.36 (KHTML, like Gecko) Chrome/43.0.2357.81 Safari/537.36"
66.249.75.48 - - [05/Jun/2015:17:30:01 -0700] "GET /resorts?resort=aspenmountain&date=2014-02-01 HTTP/1.1" 404 506 "-" "Mozilla/5.0 (iPhone; CPU iPhone OS 6_0 like Mac OS X) AppleWebKit/536.26 (KHTML, like Gecko) Version/6.0 Mobile/10A5376e Safari/8536.25 (compatible; Googlebot/2.1; +http://www.google.com/bot.html)"
166.137.242.87 - - [05/Jun/2015:17:49:38 -0700] "GET /images/wsis-logo-sm.png HTTP/1.1" 200 6108 "http://www.thebackcountry.net/" "Mozilla/5.0 (iPhone; CPU iPhone OS 8_1_2 like Mac OS X) AppleWebKit/600.1.4 (KHTML, like Gecko) Version/8.0 Mobile/12B440 Safari/600.1.4"
107.77.76.30 - - [05/Jun/2015:17:51:59 -0700] "GET /images/wsis-logo-sm.png HTTP/1.1" 200 6108 "http://www.thebackcountry.net/" "Mozilla/5.0 (iPhone; CPU iPhone OS 8_3 like Mac OS X) AppleWebKit/600.1.4 (KHTML, like Gecko) Version/8.0 Mobile/12F70 Safari/600.1.4"
66.249.75.48 - - [05/Jun/2015:18:03:41 -0700] "GET /resorts?resort=pomerelle&date=2012-12-22 HTTP/1.1" 404 506 "-" "Mozilla/5.0 (iPhone; CPU iPhone OS 6_0 like Mac OS X) AppleWebKit/536.26 (KHTML, like Gecko) Version/6.0 Mobile/10A5376e Safari/8536.25 (compatible; Googlebot/2.1; +http://www.google.com/bot.html)"
123.125.71.89 - - [05/Jun/2015:18:04:55 -0700] "-" 408 0 "-" "-"
220.181.108.80 - - [05/Jun/2015:18:11:46 -0700] "-" 408 0 "-" "-"
170.75.162.130 - - [05/Jun/2015:18:11:58 -0700] "GET /lib/reccapi.php?resort=aspenmountain HTTP/1.1" 200 1053 "-" "node-superagent/0.18.2"
167.187.101.239 - - [05/Jun/2015:18:18:36 -0700] "GET /images/wsis-logo-sm.png HTTP/1.1" 200 6108 "http://www.thebackcountry.net/" "Mozilla/5.0 (compatible; MSIE 10.0; Windows NT 6.1; WOW64; Trident/6.0)"
180.76.15.151 - - [05/Jun/2015:18:23:08 -0700] "GET /about HTTP/1.1" 404 469 "-" "Mozilla/5.0 (compatible; Baiduspider/2.0; +http://www.baidu.com/search/spider.html)"
91.224.160.70 - - [05/Jun/2015:18:31:19 -0700] "GET /wp-login.php HTTP/1.1" 404 506 "-" "Mozilla/5.0 (Windows NT 6.1) AppleWebKit/537.1 (KHTML, like Gecko) Chrome/23.0.1271.17 Safari/537.11"
91.224.160.70 - - [05/Jun/2015:18:31:19 -0700] "GET /administrator/ HTTP/1.1" 404 505 "-" "Mozilla/5.0 (Windows NT 6.1) AppleWebKit/537.1 (KHTML, like Gecko) Chrome/23.0.1271.17 Safari/537.11"
91.224.160.70 - - [05/Jun/2015:18:31:19 -0700] "GET /admin.php HTTP/1.1" 404 505 "-" "Mozilla/5.0 (Windows NT 6.1) AppleWebKit/537.1 (KHTML, like Gecko) Chrome/23.0.1271.17 Safari/537.11"
66.249.75.40 - - [05/Jun/2015:18:37:39 -0700] "GET /resorts?resort=porcupine&date=2013-12-29 HTTP/1.1" 404 506 "-" "Mozilla/5.0 (iPhone; CPU iPhone OS 6_0 like Mac OS X) AppleWebKit/536.26 (KHTML, like Gecko) Version/6.0 Mobile/10A5376e Safari/8536.25 (compatible; Googlebot/2.1; +http://www.google.com/bot.html)"
66.249.83.137 - - [05/Jun/2015:18:41:14 -0700] "GET /images/wsis-logo-sm.png HTTP/1.1" 200 6108 "http://www.thebackcountry.net/" "Mozilla/5.0 (Windows NT 6.1; WOW64; Trident/7.0; rv:11.0) like Gecko"
107.77.75.94 - - [05/Jun/2015:18:43:00 -0700] "GET /images/wsis-logo-sm.png HTTP/1.1" 200 6108 "http://www.thebackcountry.net/" "Mozilla/5.0 (iPhone; CPU iPhone OS 8_3 like Mac OS X) AppleWebKit/600.1.4 (KHTML, like Gecko) Mobile/12F70"
187.2.151.52 - - [05/Jun/2015:18:45:54 -0700] "GET /images/wsis-logo-sm.png HTTP/1.1" 200 6108 "http://thebackcountry.net/" "Mozilla/5.0 (Windows NT 6.1; WOW64) AppleWebKit/537.36 (KHTML, like Gecko) Chrome/35.0.1916.153 Safari/537.36"
75.5.254.247 - - [05/Jun/2015:18:51:58 -0700] "GET /images/wsis-logo-sm.png HTTP/1.1" 200 6108 "http://www.thebackcountry.net/" "Mozilla/5.0 (Windows NT 6.1; WOW64; rv:38.0) Gecko/20100101 Firefox/38.0"
208.115.111.66 - - [05/Jun/2015:18:52:26 -0700] "GET /robots.txt HTTP/1.1" 200 319 "-" "Mozilla/5.0 (compatible; DotBot/1.1; http://www.opensiteexplorer.org/dotbot, help@moz.com)"
99.5.69.8 - - [05/Jun/2015:18:54:51 -0700] "GET /images/wsis-logo-sm.png HTTP/1.1" 200 6108 "http://www.thebackcountry.net/" "Mozilla/5.0 (Macintosh; Intel Mac OS X 10_10_3) AppleWebKit/600.6.3 (KHTML, like Gecko) Version/8.0.6 Safari/600.6.3"
24.176.181.18 - - [05/Jun/2015:18:56:16 -0700] "GET /images/wsis-logo-sm.png HTTP/1.1" 200 6108 "http://www.thebackcountry.net/" "Mozilla/5.0 (iPad; CPU OS 7_1_2 like Mac OS X) AppleWebKit/537.51.2 (KHTML, like Gecko) Version/7.0 Mobile/11D257 Safari/9537.53"
178.255.215.81 - - [05/Jun/2015:18:57:40 -0700] "GET /robots.txt HTTP/1.1" 200 382 "-" "Mozilla/5.0 (compatible; Exabot/3.0; +http://www.exabot.com/go/robot)"
178.255.215.81 - - [05/Jun/2015:18:57:41 -0700] "GET / HTTP/1.1" 200 2339 "-" "Mozilla/5.0 (compatible; Exabot/3.0; +http://www.exabot.com/go/robot)"
24.176.181.18 - - [05/Jun/2015:18:58:33 -0700] "GET / HTTP/1.1" 200 2376 "http://www.thebackcountry.net/" "Mozilla/5.0 (iPad; CPU OS 7_1_2 like Mac OS X) AppleWebKit/537.51.2 (KHTML, like Gecko) Version/7.0 Mobile/11D257 Safari/9537.53"
24.176.181.18 - - [05/Jun/2015:18:58:33 -0700] "GET /styles/0fffd548.main.css HTTP/1.1" 200 19316 "http://whereshouldiski.com/" "Mozilla/5.0 (iPad; CPU OS 7_1_2 like Mac OS X) AppleWebKit/537.51.2 (KHTML, like Gecko) Version/7.0 Mobile/11D257 Safari/9537.53"
24.176.181.18 - - [05/Jun/2015:18:58:33 -0700] "GET /scripts/scripts/vendor/modernizr.js HTTP/1.1" 200 4902 "http://whereshouldiski.com/" "Mozilla/5.0 (iPad; CPU OS 7_1_2 like Mac OS X) AppleWebKit/537.51.2 (KHTML, like Gecko) Version/7.0 Mobile/11D257 Safari/9537.53"
24.176.181.18 - - [05/Jun/2015:18:58:34 -0700] "GET /bower_components/requirejs/require.js HTTP/1.1" 200 6702 "http://whereshouldiski.com/" "Mozilla/5.0 (iPad; CPU OS 7_1_2 like Mac OS X) AppleWebKit/537.51.2 (KHTML, like Gecko) Version/7.0 Mobile/11D257 Safari/9537.53"
24.176.181.18 - - [05/Jun/2015:18:58:34 -0700] "GET /images/loading.gif HTTP/1.1" 200 13881 "http://whereshouldiski.com/" "Mozilla/5.0 (iPad; CPU OS 7_1_2 like Mac OS X) AppleWebKit/537.51.2 (KHTML, like Gecko) Version/7.0 Mobile/11D257 Safari/9537.53"
24.176.181.18 - - [05/Jun/2015:18:58:34 -0700] "GET /images/logo-sm.png HTTP/1.1" 200 16737 "http://whereshouldiski.com/" "Mozilla/5.0 (iPad; CPU OS 7_1_2 like Mac OS X) AppleWebKit/537.51.2 (KHTML, like Gecko) Version/7.0 Mobile/11D257 Safari/9537.53"
24.176.181.18 - - [05/Jun/2015:18:58:35 -0700] "GET /scripts/fa48e319.main.js HTTP/1.1" 200 123455 "http://whereshouldiski.com/" "Mozilla/5.0 (iPad; CPU OS 7_1_2 like Mac OS X) AppleWebKit/537.51.2 (KHTML, like Gecko) Version/7.0 Mobile/11D257 Safari/9537.53"
24.176.181.18 - - [05/Jun/2015:18:58:40 -0700] "GET /lib/reccapi.php?fields=t HTTP/1.1" 200 1804 "http://whereshouldiski.com/" "Mozilla/5.0 (iPad; CPU OS 7_1_2 like Mac OS X) AppleWebKit/537.51.2 (KHTML, like Gecko) Version/7.0 Mobile/11D257 Safari/9537.53"
24.176.181.18 - - [05/Jun/2015:18:58:41 -0700] "GET /images/button.png HTTP/1.1" 200 598 "http://whereshouldiski.com/" "Mozilla/5.0 (iPad; CPU OS 7_1_2 like Mac OS X) AppleWebKit/537.51.2 (KHTML, like Gecko) Version/7.0 Mobile/11D257 Safari/9537.53"
24.176.181.18 - - [05/Jun/2015:18:58:41 -0700] "GET /images/greyHeader.png HTTP/1.1" 200 509 "http://whereshouldiski.com/" "Mozilla/5.0 (iPad; CPU OS 7_1_2 like Mac OS X) AppleWebKit/537.51.2 (KHTML, like Gecko) Version/7.0 Mobile/11D257 Safari/9537.53"
24.176.181.18 - - [05/Jun/2015:18:58:41 -0700] "GET /images/snowflake5.png HTTP/1.1" 200 2857 "http://whereshouldiski.com/" "Mozilla/5.0 (iPad; CPU OS 7_1_2 like Mac OS X) AppleWebKit/537.51.2 (KHTML, like Gecko) Version/7.0 Mobile/11D257 Safari/9537.53"
24.176.181.18 - - [05/Jun/2015:18:58:41 -0700] "GET /images/star5.png HTTP/1.1" 200 1783 "http://whereshouldiski.com/" "Mozilla/5.0 (iPad; CPU OS 7_1_2 like Mac OS X) AppleWebKit/537.51.2 (KHTML, like Gecko) Version/7.0 Mobile/11D257 Safari/9537.53"
24.176.181.18 - - [05/Jun/2015:18:58:41 -0700] "GET /images/bluebird5.png HTTP/1.1" 200 2178 "http://whereshouldiski.com/" "Mozilla/5.0 (iPad; CPU OS 7_1_2 like Mac OS X) AppleWebKit/537.51.2 (KHTML, like Gecko) Version/7.0 Mobile/11D257 Safari/9537.53"
24.176.181.18 - - [05/Jun/2015:18:58:41 -0700] "GET /images/mtns-icon.png HTTP/1.1" 200 1097 "http://whereshouldiski.com/" "Mozilla/5.0 (iPad; CPU OS 7_1_2 like Mac OS X) AppleWebKit/537.51.2 (KHTML, like Gecko) Version/7.0 Mobile/11D257 Safari/9537.53"
24.176.181.18 - - [05/Jun/2015:18:58:41 -0700] "GET /images/shading-icon.png HTTP/1.1" 200 537 "http://whereshouldiski.com/" "Mozilla/5.0 (iPad; CPU OS 7_1_2 like Mac OS X) AppleWebKit/537.51.2 (KHTML, like Gecko) Version/7.0 Mobile/11D257 Safari/9537.53"
24.176.181.18 - - [05/Jun/2015:18:58:54 -0700] "GET /lib/reccapi.php?fields=t&coords=39.15759902943948,-120.14615963736328 HTTP/1.1" 200 2000 "http://whereshouldiski.com/" "Mozilla/5.0 (iPad; CPU OS 7_1_2 like Mac OS X) AppleWebKit/537.51.2 (KHTML, like Gecko) Version/7.0 Mobile/11D257 Safari/9537.53"
123.125.71.88 - - [05/Jun/2015:18:59:03 -0700] "GET / HTTP/1.1" 200 2339 "-" "Mozilla/5.0 (Windows NT 5.1; rv:6.0.2) Gecko/20100101 Firefox/6.0.2"
127.0.0.1 - - [05/Jun/2015:18:59:05 -0700] "OPTIONS * HTTP/1.0" 200 126 "-" "Apache/2.2.22 (Ubuntu) (internal dummy connection)"
123.125.71.98 - - [05/Jun/2015:19:00:28 -0700] "-" 408 0 "-" "-"
220.181.108.170 - - [05/Jun/2015:19:05:07 -0700] "-" 408 0 "-" "-"
66.249.75.48 - - [05/Jun/2015:19:11:20 -0700] "GET /resorts?resort=cascademountain&date=2014-02-05 HTTP/1.1" 404 506 "-" "Mozilla/5.0 (iPhone; CPU iPhone OS 6_0 like Mac OS X) AppleWebKit/536.26 (KHTML, like Gecko) Version/6.0 Mobile/10A5376e Safari/8536.25 (compatible; Googlebot/2.1; +http://www.google.com/bot.html)"
75.111.111.90 - - [05/Jun/2015:19:12:41 -0700] "GET /images/wsis-logo-sm.png HTTP/1.1" 200 6108 "http://www.thebackcountry.net/" "Mozilla/5.0 (Macintosh; Intel Mac OS X 10_10_2) AppleWebKit/600.4.10 (KHTML, like Gecko) Version/8.0.4 Safari/600.4.10"
170.75.162.130 - - [05/Jun/2015:19:16:54 -0700] "GET /lib/reccapi.php?resort=aspenheights HTTP/1.1" 200 1060 "-" "node-superagent/0.18.2"
180.76.15.152 - - [05/Jun/2015:19:32:24 -0700] "GET /resorts?resort=eldora&date=2014-05-05 HTTP/1.1" 404 469 "-" "Mozilla/5.0 (compatible; Baiduspider/2.0; +http://www.baidu.com/search/spider.html)"
24.176.181.18 - - [05/Jun/2015:19:35:36 -0700] "GET / HTTP/1.1" 200 2376 "-" "Mozilla/5.0 (iPad; CPU OS 7_1_2 like Mac OS X) AppleWebKit/537.51.2 (KHTML, like Gecko) Version/7.0 Mobile/11D257 Safari/9537.53"
24.176.181.18 - - [05/Jun/2015:19:35:37 -0700] "GET /styles/0fffd548.main.css HTTP/1.1" 200 19316 "http://whereshouldiski.com/" "Mozilla/5.0 (iPad; CPU OS 7_1_2 like Mac OS X) AppleWebKit/537.51.2 (KHTML, like Gecko) Version/7.0 Mobile/11D257 Safari/9537.53"
24.176.181.18 - - [05/Jun/2015:19:35:37 -0700] "GET /scripts/scripts/vendor/modernizr.js HTTP/1.1" 200 4902 "http://whereshouldiski.com/" "Mozilla/5.0 (iPad; CPU OS 7_1_2 like Mac OS X) AppleWebKit/537.51.2 (KHTML, like Gecko) Version/7.0 Mobile/11D257 Safari/9537.53"
24.176.181.18 - - [05/Jun/2015:19:35:37 -0700] "GET /bower_components/requirejs/require.js HTTP/1.1" 200 6702 "http://whereshouldiski.com/" "Mozilla/5.0 (iPad; CPU OS 7_1_2 like Mac OS X) AppleWebKit/537.51.2 (KHTML, like Gecko) Version/7.0 Mobile/11D257 Safari/9537.53"
24.176.181.18 - - [05/Jun/2015:19:35:37 -0700] "GET /images/logo-sm.png HTTP/1.1" 200 16737 "http://whereshouldiski.com/" "Mozilla/5.0 (iPad; CPU OS 7_1_2 like Mac OS X) AppleWebKit/537.51.2 (KHTML, like Gecko) Version/7.0 Mobile/11D257 Safari/9537.53"
24.176.181.18 - - [05/Jun/2015:19:35:37 -0700] "GET /images/loading.gif HTTP/1.1" 200 13881 "http://whereshouldiski.com/" "Mozilla/5.0 (iPad; CPU OS 7_1_2 like Mac OS X) AppleWebKit/537.51.2 (KHTML, like Gecko) Version/7.0 Mobile/11D257 Safari/9537.53"
66.249.75.40 - - [05/Jun/2015:19:44:59 -0700] "GET /resorts?resort=coppermountain&date=2014-02-02 HTTP/1.1" 404 506 "-" "Mozilla/5.0 (iPhone; CPU iPhone OS 6_0 like Mac OS X) AppleWebKit/536.26 (KHTML, like Gecko) Version/6.0 Mobile/10A5376e Safari/8536.25 (compatible; Googlebot/2.1; +http://www.google.com/bot.html)"
170.75.162.130 - - [05/Jun/2015:19:45:56 -0700] "GET /lib/reccapi.php?resort=sugarloaf HTTP/1.1" 200 983 "-" "node-superagent/0.18.2"
208.115.111.66 - - [05/Jun/2015:19:50:00 -0700] "GET /resorts?resort=taos&date=2014-06-16 HTTP/1.1" 404 476 "-" "Mozilla/5.0 (compatible; DotBot/1.1; http://www.opensiteexplorer.org/dotbot, help@moz.com)"
123.125.71.95 - - [05/Jun/2015:19:57:14 -0700] "-" 408 0 "-" "-"
170.75.162.130 - - [05/Jun/2015:19:59:47 -0700] "GET /lib/reccapi.php?resort=buttermilk HTTP/1.1" 200 1061 "-" "node-superagent/0.18.2"
70.214.39.13 - - [05/Jun/2015:20:00:34 -0700] "GET /images/wsis-logo-sm.png HTTP/1.1" 200 6108 "http://thebackcountry.net/" "Mozilla/5.0 (iPhone; CPU iPhone OS 8_3 like Mac OS X) AppleWebKit/600.1.4 (KHTML, like Gecko) Version/8.0 Mobile/12F70 Safari/600.1.4"
220.181.108.112 - - [05/Jun/2015:20:01:41 -0700] "-" 408 0 "-" "-"
24.176.181.18 - - [05/Jun/2015:20:11:59 -0700] "GET /scripts/fa48e319.main.js HTTP/1.1" 200 123456 "http://whereshouldiski.com/" "Mozilla/5.0 (iPad; CPU OS 7_1_2 like Mac OS X) AppleWebKit/537.51.2 (KHTML, like Gecko) Version/7.0 Mobile/11D257 Safari/9537.53"
24.176.181.18 - - [05/Jun/2015:20:12:00 -0700] "GET /lib/reccapi.php?fields=t&coords=39.15759902943948,-120.14615963736328 HTTP/1.1" 200 1999 "http://whereshouldiski.com/" "Mozilla/5.0 (iPad; CPU OS 7_1_2 like Mac OS X) AppleWebKit/537.51.2 (KHTML, like Gecko) Version/7.0 Mobile/11D257 Safari/9537.53"
24.176.181.18 - - [05/Jun/2015:20:12:00 -0700] "GET /images/greyHeader.png HTTP/1.1" 200 508 "http://whereshouldiski.com/" "Mozilla/5.0 (iPad; CPU OS 7_1_2 like Mac OS X) AppleWebKit/537.51.2 (KHTML, like Gecko) Version/7.0 Mobile/11D257 Safari/9537.53"
24.176.181.18 - - [05/Jun/2015:20:12:01 -0700] "GET /images/button.png HTTP/1.1" 200 598 "http://whereshouldiski.com/" "Mozilla/5.0 (iPad; CPU OS 7_1_2 like Mac OS X) AppleWebKit/537.51.2 (KHTML, like Gecko) Version/7.0 Mobile/11D257 Safari/9537.53"
24.176.181.18 - - [05/Jun/2015:20:12:01 -0700] "GET /images/snowflake5.png HTTP/1.1" 200 2857 "http://whereshouldiski.com/" "Mozilla/5.0 (iPad; CPU OS 7_1_2 like Mac OS X) AppleWebKit/537.51.2 (KHTML, like Gecko) Version/7.0 Mobile/11D257 Safari/9537.53"
24.176.181.18 - - [05/Jun/2015:20:12:01 -0700] "GET /images/wsis-logo-sm.png HTTP/1.1" 200 6108 "http://www.thebackcountry.net/" "Mozilla/5.0 (iPad; CPU OS 7_1_2 like Mac OS X) AppleWebKit/537.51.2 (KHTML, like Gecko) Version/7.0 Mobile/11D257 Safari/9537.53"
219.77.65.240 - - [05/Jun/2015:20:15:50 -0700] "GET /images/wsis-logo-sm.png HTTP/1.1" 200 6108 "http://thebackcountry.net/" "Mozilla/5.0 (Windows NT 6.1; WOW64) AppleWebKit/537.36 (KHTML, like Gecko) Chrome/32.0.1700.107 Safari/537.36"
66.249.75.56 - - [05/Jun/2015:20:18:38 -0700] "GET /resorts?resort=pebblecreek&date=2012-12-22 HTTP/1.1" 404 506 "-" "Mozilla/5.0 (iPhone; CPU iPhone OS 6_0 like Mac OS X) AppleWebKit/536.26 (KHTML, like Gecko) Version/6.0 Mobile/10A5376e Safari/8536.25 (compatible; Googlebot/2.1; +http://www.google.com/bot.html)"
23.92.26.73 - - [05/Jun/2015:20:26:05 -0700] "GET   / HTTP/1.1" 200 6114 "http://www.domain2008.com/domains/www.whereshouldiski.com" "Mozilla/5.0 (compatible; MSIE 9.0; Windows NT 6.1; WOW64; Trident/5.0)"
170.75.162.130 - - [05/Jun/2015:20:28:20 -0700] "GET /lib/reccapi.php?resort=alta HTTP/1.1" 200 1009 "-" "node-superagent/0.18.2"
64.42.64.180 - - [05/Jun/2015:20:45:21 -0700] "GET /images/wsis-logo-sm.png HTTP/1.1" 200 6108 "http://www.thebackcountry.net/" "Mozilla/5.0 (iPhone; CPU iPhone OS 8_3 like Mac OS X) AppleWebKit/600.1.4 (KHTML, like Gecko) Version/8.0 Mobile/12F70 Safari/600.1.4"
123.125.71.83 - - [05/Jun/2015:20:53:45 -0700] "-" 408 0 "-" "-"
220.181.108.175 - - [05/Jun/2015:20:55:47 -0700] "-" 408 0 "-" "-"
170.75.162.130 - - [05/Jun/2015:21:14:34 -0700] "GET /lib/reccapi.php?resort=snowbird HTTP/1.1" 200 1012 "-" "node-superagent/0.18.2"
170.75.162.130 - - [05/Jun/2015:21:22:44 -0700] "GET /lib/reccapi.php?resort=jacksonhole HTTP/1.1" 200 1037 "-" "node-superagent/0.18.2"
107.207.49.68 - - [05/Jun/2015:21:24:13 -0700] "GET /images/wsis-logo-sm.png HTTP/1.1" 200 6108 "http://www.thebackcountry.net/" "Mozilla/5.0 (Mobile; Windows Phone 8.1; Android 4.0; ARM; Trident/7.0; Touch; rv:11.0; IEMobile/11.0; NOKIA; Lumia 929) like iPhone OS 7_0_3 Mac OS X AppleWebKit/537 (KHTML, like Gecko) Mobile Safari/537"
107.207.49.68 - - [05/Jun/2015:21:24:34 -0700] "-" 408 0 "-" "-"
66.249.75.56 - - [05/Jun/2015:21:26:20 -0700] "GET /resorts?resort=snowmass&date=2014-01-31 HTTP/1.1" 404 506 "-" "Mozilla/5.0 (iPhone; CPU iPhone OS 6_0 like Mac OS X) AppleWebKit/536.26 (KHTML, like Gecko) Version/6.0 Mobile/10A5376e Safari/8536.25 (compatible; Googlebot/2.1; +http://www.google.com/bot.html)"
23.114.126.165 - - [05/Jun/2015:21:31:35 -0700] "GET /images/wsis-logo-sm.png HTTP/1.1" 200 6108 "http://www.thebackcountry.net/" "Mozilla/5.0 (iPhone; CPU iPhone OS 8_3 like Mac OS X) AppleWebKit/600.1.4 (KHTML, like Gecko) Version/8.0 Mobile/12F70 Safari/600.1.4"
108.203.76.64 - - [05/Jun/2015:21:35:54 -0700] "GET /images/wsis-logo-sm.png HTTP/1.1" 200 6108 "http://www.thebackcountry.net/" "Mozilla/5.0 (iPhone; CPU iPhone OS 7_1_1 like Mac OS X) AppleWebKit/537.51.2 (KHTML, like Gecko) GSA/5.5.50480 Mobile/11D201 Safari/9537.53"
108.237.120.24 - - [05/Jun/2015:21:39:12 -0700] "GET /images/wsis-logo-sm.png HTTP/1.1" 200 6108 "http://www.thebackcountry.net/" "Mozilla/5.0 (Macintosh; Intel Mac OS X 10_9_5) AppleWebKit/600.6.3 (KHTML, like Gecko) Version/7.1.6 Safari/537.85.15"
170.75.162.130 - - [05/Jun/2015:21:52:37 -0700] "GET /lib/reccapi.php?resort=49degreesnorth HTTP/1.1" 200 974 "-" "node-superagent/0.18.2"
170.75.162.130 - - [05/Jun/2015:21:52:37 -0700] "GET /lib/reccapi.php?resort=alpinemeadows HTTP/1.1" 200 1101 "-" "node-superagent/0.18.2"
170.75.162.130 - - [05/Jun/2015:21:52:37 -0700] "GET /lib/reccapi.php?resort=alyeska HTTP/1.1" 200 952 "-" "node-superagent/0.18.2"
170.75.162.130 - - [05/Jun/2015:21:52:37 -0700] "GET /lib/reccapi.php?resort=angelfire HTTP/1.1" 200 1033 "-" "node-superagent/0.18.2"
170.75.162.130 - - [05/Jun/2015:21:52:47 -0700] "GET /lib/reccapi.php?resort=arapahoebasin HTTP/1.1" 200 1087 "-" "node-superagent/0.18.2"
123.125.71.74 - - [05/Jun/2015:21:54:23 -0700] "-" 408 0 "-" "-"
220.181.108.109 - - [05/Jun/2015:21:56:24 -0700] "-" 408 0 "-" "-"
66.249.75.40 - - [05/Jun/2015:21:59:57 -0700] "GET /resorts?resort=bearmountain&date=2013-05-04 HTTP/1.1" 404 506 "-" "Mozilla/5.0 (iPhone; CPU iPhone OS 6_0 like Mac OS X) AppleWebKit/536.26 (KHTML, like Gecko) Version/6.0 Mobile/10A5376e Safari/8536.25 (compatible; Googlebot/2.1; +http://www.google.com/bot.html)"
157.55.39.167 - - [05/Jun/2015:22:02:00 -0700] "GET /robots.txt HTTP/1.1" 200 375 "-" "Mozilla/5.0 (compatible; bingbot/2.0; +http://www.bing.com/bingbot.htm)"
157.55.39.167 - - [05/Jun/2015:22:04:56 -0700] "GET /blog?format=feed&type=rss HTTP/1.1" 404 506 "-" "Mozilla/5.0 (compatible; bingbot/2.0; +http://www.bing.com/bingbot.htm)"
170.75.162.130 - - [05/Jun/2015:22:21:09 -0700] "GET /lib/reccapi.php?resort=sundayriver HTTP/1.1" 200 990 "-" "node-superagent/0.18.2"
170.75.162.130 - - [05/Jun/2015:22:28:00 -0700] "GET /lib/reccapi.php?resort=killington HTTP/1.1" 200 1071 "-" "node-superagent/0.18.2"
76.4.234.49 - - [05/Jun/2015:22:28:24 -0700] "GET /images/wsis-logo-sm.png HTTP/1.1" 200 6108 "http://www.thebackcountry.net/" "Mozilla/5.0 (iPhone; CPU iPhone OS 8_3 like Mac OS X) AppleWebKit/600.1.4 (KHTML, like Gecko) Version/8.0 Mobile/12F70 Safari/600.1.4"
73.41.98.90 - - [05/Jun/2015:22:37:10 -0700] "GET /images/wsis-logo-sm.png HTTP/1.1" 200 6108 "http://www.thebackcountry.net/" "Mozilla/5.0 (Linux; Android 5.0.1; SCH-I545 Build/LRX22C) AppleWebKit/537.36 (KHTML, like Gecko) Chrome/43.0.2357.78 Mobile Safari/537.36"
216.162.166.246 - - [05/Jun/2015:22:39:03 -0700] "GET /images/wsis-logo-sm.png HTTP/1.1" 200 6108 "http://www.thebackcountry.net/" "Mozilla/5.0 (compatible; MSIE 9.0; Windows NT 6.1; WOW64; Trident/5.0)"
216.162.166.246 - - [05/Jun/2015:22:39:27 -0700] "-" 408 0 "-" "-"
73.170.214.46 - - [05/Jun/2015:22:53:10 -0700] "GET /images/wsis-logo-sm.png HTTP/1.1" 200 6108 "http://www.thebackcountry.net/" "Mozilla/5.0 (Windows NT 6.3; WOW64) AppleWebKit/537.36 (KHTML, like Gecko) Chrome/43.0.2357.81 Safari/537.36"
170.75.162.130 - - [05/Jun/2015:23:07:04 -0700] "GET /lib/reccapi.php?resort=aspenmountain HTTP/1.1" 200 1053 "-" "node-superagent/0.18.2"
66.249.75.40 - - [05/Jun/2015:23:07:48 -0700] "GET /resorts?resort=grandtarghee&date=2014-03-07 HTTP/1.1" 404 506 "-" "Mozilla/5.0 (iPhone; CPU iPhone OS 6_0 like Mac OS X) AppleWebKit/536.26 (KHTML, like Gecko) Version/6.0 Mobile/10A5376e Safari/8536.25 (compatible; Googlebot/2.1; +http://www.google.com/bot.html)"
166.216.157.113 - - [05/Jun/2015:23:09:18 -0700] "GET /images/wsis-logo-sm.png HTTP/1.1" 200 6108 "http://www.thebackcountry.net/" "Mozilla/5.0 (iPhone; CPU iPhone OS 8_3 like Mac OS X) AppleWebKit/600.1.4 (KHTML, like Gecko) Version/8.0 Mobile/12F70 Safari/600.1.4"
123.125.71.14 - - [05/Jun/2015:23:09:38 -0700] "-" 408 0 "-" "-"
170.75.162.130 - - [05/Jun/2015:23:11:54 -0700] "GET /lib/reccapi.php?resort=schweitzer HTTP/1.1" 200 939 "-" "node-superagent/0.18.2"
170.75.162.130 - - [05/Jun/2015:23:11:54 -0700] "GET /lib/reccapi.php?resort=silverstarmountain HTTP/1.1" 200 926 "-" "node-superagent/0.18.2"
170.75.162.130 - - [05/Jun/2015:23:11:54 -0700] "GET /lib/reccapi.php?resort=sunvalley HTTP/1.1" 200 1045 "-" "node-superagent/0.18.2"
220.181.108.122 - - [05/Jun/2015:23:13:15 -0700] "-" 408 0 "-" "-"
170.75.162.130 - - [05/Jun/2015:23:19:35 -0700] "GET /lib/reccapi.php?resort=aspenheights HTTP/1.1" 200 1060 "-" "node-superagent/0.18.2"
170.75.162.130 - - [05/Jun/2015:23:19:35 -0700] "GET /lib/reccapi.php?resort=snowmass HTTP/1.1" 200 1031 "-" "node-superagent/0.18.2"
66.249.75.56 - - [05/Jun/2015:23:41:22 -0700] "GET /resorts?resort=redriver&date=2014-02-02 HTTP/1.1" 404 506 "-" "Mozilla/5.0 (iPhone; CPU iPhone OS 6_0 like Mac OS X) AppleWebKit/536.26 (KHTML, like Gecko) Version/6.0 Mobile/10A5376e Safari/8536.25 (compatible; Googlebot/2.1; +http://www.google.com/bot.html)"
170.75.162.130 - - [05/Jun/2015:23:41:37 -0700] "GET /lib/reccapi.php?resort=crystalmountain HTTP/1.1" 200 992 "-" "node-superagent/0.18.2"
170.75.162.130 - - [05/Jun/2015:23:41:37 -0700] "GET /lib/reccapi.php?resort=mountspokane HTTP/1.1" 200 971 "-" "node-superagent/0.18.2"
170.75.162.130 - - [05/Jun/2015:23:41:37 -0700] "GET /lib/reccapi.php?resort=mountainhigh HTTP/1.1" 200 1072 "-" "node-superagent/0.18.2"
170.75.162.130 - - [05/Jun/2015:23:41:37 -0700] "GET /lib/reccapi.php?resort=stevenspass HTTP/1.1" 200 973 "-" "node-superagent/0.18.2"
170.75.162.130 - - [05/Jun/2015:23:49:07 -0700] "GET /lib/reccapi.php?resort=mounthoodmeadows HTTP/1.1" 200 975 "-" "node-superagent/0.18.2"
169.229.3.94 - - [06/Jun/2015:00:00:32 -0700] " " 501 320 "-" "-"
169.229.3.93 - - [06/Jun/2015:00:00:32 -0700] " " 501 320 "-" "-"
123.125.71.79 - - [06/Jun/2015:00:06:35 -0700] "-" 408 0 "-" "-"
220.181.108.146 - - [06/Jun/2015:00:08:54 -0700] "-" 408 0 "-" "-"
66.249.75.48 - - [06/Jun/2015:00:14:57 -0700] "GET /resorts?resort=aspenmountain&date=2014-01-29 HTTP/1.1" 404 506 "-" "Mozilla/5.0 (iPhone; CPU iPhone OS 6_0 like Mac OS X) AppleWebKit/536.26 (KHTML, like Gecko) Version/6.0 Mobile/10A5376e Safari/8536.25 (compatible; Googlebot/2.1; +http://www.google.com/bot.html)"
76.14.114.249 - - [06/Jun/2015:00:31:33 -0700] "GET /images/wsis-logo-sm.png HTTP/1.1" 200 6108 "http://www.thebackcountry.net/" "Mozilla/5.0 (Windows NT 6.1; WOW64) AppleWebKit/537.36 (KHTML, like Gecko) Chrome/43.0.2357.81 Safari/537.36"
170.75.162.130 - - [06/Jun/2015:00:35:01 -0700] "GET /lib/reccapi.php?resort=bigsky HTTP/1.1" 200 1023 "-" "node-superagent/0.18.2"
170.75.162.130 - - [06/Jun/2015:00:35:01 -0700] "GET /lib/reccapi.php?resort=diamondpeak HTTP/1.1" 200 1019 "-" "node-superagent/0.18.2"
170.75.162.130 - - [06/Jun/2015:00:35:01 -0700] "GET /lib/reccapi.php?resort=heavenly HTTP/1.1" 200 1025 "-" "node-superagent/0.18.2"
170.75.162.130 - - [06/Jun/2015:00:35:02 -0700] "GET /lib/reccapi.php?resort=homewoodmountain HTTP/1.1" 200 1026 "-" "node-superagent/0.18.2"
170.75.162.130 - - [06/Jun/2015:00:35:02 -0700] "GET /lib/reccapi.php?resort=kirkwood HTTP/1.1" 200 1099 "-" "node-superagent/0.18.2"
170.75.162.130 - - [06/Jun/2015:00:35:02 -0700] "GET /lib/reccapi.php?resort=mtrose HTTP/1.1" 200 1003 "-" "node-superagent/0.18.2"
