61.135.190.104 - - [11/May/2015:07:35:19 -0700] "GET /lib/reccapi.php?fields=t HTTP/1.1" 200 1915 "http://www.whereshouldiski.com/" "Mozilla/5.0 (Windows NT 6.1; WOW64) AppleWebKit/537.36 (KHTML, like Gecko) Chrome/36.0.1985.143 Safari/537.36"
66.249.79.14 - - [11/May/2015:07:44:13 -0700] "GET /resorts?resort=pajaritomountain&date=2014-01-15 HTTP/1.1" 404 506 "-" "Mozilla/5.0 (iPhone; CPU iPhone OS 6_0 like Mac OS X) AppleWebKit/536.26 (KHTML, like Gecko) Version/6.0 Mobile/10A5376e Safari/8536.25 (compatible; Googlebot/2.1; +http://www.google.com/bot.html)"
162.222.183.165 - - [11/May/2015:07:48:14 -0700] "GET / HTTP/1.0" 200 6151 "-" "NerdyBot"
66.249.79.1 - - [11/May/2015:07:48:40 -0700] "GET / HTTP/1.1" 200 2376 "-" "Mozilla/5.0 (compatible; Googlebot/2.1; +http://www.google.com/bot.html)"
208.115.113.83 - - [11/May/2015:07:54:29 -0700] "GET /resorts?resort=49degreesnorth&date=2014-06-07 HTTP/1.1" 404 476 "-" "Mozilla/5.0 (compatible; DotBot/1.1; http://www.opensiteexplorer.org/dotbot, help@moz.com)"
66.249.79.14 - - [11/May/2015:07:54:35 -0700] "GET /resorts?resort=aspenmountain&date=2014-01-29 HTTP/1.1" 404 506 "-" "Mozilla/5.0 (iPhone; CPU iPhone OS 6_0 like Mac OS X) AppleWebKit/536.26 (KHTML, like Gecko) Version/6.0 Mobile/10A5376e Safari/8536.25 (compatible; Googlebot/2.1; +http://www.google.com/bot.html)"
208.115.113.83 - - [11/May/2015:07:54:43 -0700] "GET /resorts?resort=49degreesnorth&date=2014-10-15 HTTP/1.1" 404 476 "-" "Mozilla/5.0 (compatible; DotBot/1.1; http://www.opensiteexplorer.org/dotbot, help@moz.com)"
208.115.113.83 - - [11/May/2015:07:54:44 -0700] "GET /resorts?resort=aftonalps&date=2014-06-29 HTTP/1.1" 404 476 "-" "Mozilla/5.0 (compatible; DotBot/1.1; http://www.opensiteexplorer.org/dotbot, help@moz.com)"
208.115.113.83 - - [11/May/2015:07:54:44 -0700] "GET /resorts?resort=aspenmountain&date=2014-06-28 HTTP/1.1" 404 476 "-" "Mozilla/5.0 (compatible; DotBot/1.1; http://www.opensiteexplorer.org/dotbot, help@moz.com)"
208.115.113.83 - - [11/May/2015:07:54:50 -0700] "GET /resorts?resort=brighton&date=2014-10-23 HTTP/1.1" 404 476 "-" "Mozilla/5.0 (compatible; DotBot/1.1; http://www.opensiteexplorer.org/dotbot, help@moz.com)"
208.115.113.83 - - [11/May/2015:07:54:51 -0700] "GET /resorts?resort=grandtarghee&date=2014-09-29 HTTP/1.1" 404 476 "-" "Mozilla/5.0 (compatible; DotBot/1.1; http://www.opensiteexplorer.org/dotbot, help@moz.com)"
208.115.113.83 - - [11/May/2015:07:54:52 -0700] "GET /resorts?resort=greatdivide&date=2014-06-15 HTTP/1.1" 404 476 "-" "Mozilla/5.0 (compatible; DotBot/1.1; http://www.opensiteexplorer.org/dotbot, help@moz.com)"
208.115.113.83 - - [11/May/2015:07:54:53 -0700] "GET /resorts?resort=holidayvalley&date=2014-10-02 HTTP/1.1" 404 476 "-" "Mozilla/5.0 (compatible; DotBot/1.1; http://www.opensiteexplorer.org/dotbot, help@moz.com)"
208.115.113.83 - - [11/May/2015:07:54:53 -0700] "GET /resorts?resort=madriverglen&date=2014-10-25 HTTP/1.1" 404 476 "-" "Mozilla/5.0 (compatible; DotBot/1.1; http://www.opensiteexplorer.org/dotbot, help@moz.com)"
208.115.113.83 - - [11/May/2015:07:54:54 -0700] "GET /resorts?resort=moonlightbasin&date=2014-06-14 HTTP/1.1" 404 476 "-" "Mozilla/5.0 (compatible; DotBot/1.1; http://www.opensiteexplorer.org/dotbot, help@moz.com)"
208.115.113.83 - - [11/May/2015:07:54:55 -0700] "GET /resorts?resort=schweitzer&date=2014-06-10 HTTP/1.1" 404 476 "-" "Mozilla/5.0 (compatible; DotBot/1.1; http://www.opensiteexplorer.org/dotbot, help@moz.com)"
208.115.113.83 - - [11/May/2015:07:54:55 -0700] "GET /resorts?resort=silverstarmountain&date=2014-06-05 HTTP/1.1" 404 476 "-" "Mozilla/5.0 (compatible; DotBot/1.1; http://www.opensiteexplorer.org/dotbot, help@moz.com)"
208.115.113.83 - - [11/May/2015:07:54:56 -0700] "GET /resorts?resort=soldiermountain&date=2014-06-10 HTTP/1.1" 404 476 "-" "Mozilla/5.0 (compatible; DotBot/1.1; http://www.opensiteexplorer.org/dotbot, help@moz.com)"
208.115.113.83 - - [11/May/2015:07:54:57 -0700] "GET /resorts?resort=sundayriver&date=2014-10-16 HTTP/1.1" 404 476 "-" "Mozilla/5.0 (compatible; DotBot/1.1; http://www.opensiteexplorer.org/dotbot, help@moz.com)"
208.115.113.83 - - [11/May/2015:07:54:58 -0700] "GET /resorts?resort=tetonpass&date=2014-06-28 HTTP/1.1" 404 476 "-" "Mozilla/5.0 (compatible; DotBot/1.1; http://www.opensiteexplorer.org/dotbot, help@moz.com)"
208.115.113.83 - - [11/May/2015:07:54:59 -0700] "GET /resorts?resort=turnermountain&date=2014-06-08 HTTP/1.1" 404 476 "-" "Mozilla/5.0 (compatible; DotBot/1.1; http://www.opensiteexplorer.org/dotbot, help@moz.com)"
208.115.113.83 - - [11/May/2015:07:54:59 -0700] "GET /resorts?resort=wolfcreek&date=2014-10-11 HTTP/1.1" 404 476 "-" "Mozilla/5.0 (compatible; DotBot/1.1; http://www.opensiteexplorer.org/dotbot, help@moz.com)"
67.180.100.167 - - [11/May/2015:08:00:54 -0700] "GET /images/wsis-logo-sm.png HTTP/1.1" 200 6108 "http://www.thebackcountry.net/" "Mozilla/5.0 (iPhone; CPU iPhone OS 7_1_2 like Mac OS X) AppleWebKit/537.51.2 (KHTML, like Gecko) Version/7.0 Mobile/11D257 Safari/9537.53"
66.249.79.250 - - [11/May/2015:08:04:59 -0700] "GET /resorts?resort=hyland&date=2014-02-17 HTTP/1.1" 404 506 "-" "Mozilla/5.0 (iPhone; CPU iPhone OS 6_0 like Mac OS X) AppleWebKit/536.26 (KHTML, like Gecko) Version/6.0 Mobile/10A5376e Safari/8536.25 (compatible; Googlebot/2.1; +http://www.google.com/bot.html)"
180.76.4.18 - - [11/May/2015:08:05:49 -0700] "GET / HTTP/1.1" 200 6114 "-" "Mozilla/4.0 (compatible; MSIE 7.0; Windows NT 6.0)"
202.109.143.20 - - [11/May/2015:08:06:12 -0700] "GET /manager/html HTTP/1.1" 404 470 "-" "Mozilla/3.0 (compatible; Indy Library)"
208.115.111.66 - - [11/May/2015:08:06:21 -0700] "GET /robots.txt HTTP/1.1" 200 319 "-" "Mozilla/5.0 (compatible; DotBot/1.1; http://www.opensiteexplorer.org/dotbot, help@moz.com)"
66.249.79.14 - - [11/May/2015:08:15:22 -0700] "GET /resorts?resort=northstar-at-tahoe&date=2012-12-29 HTTP/1.1" 404 506 "-" "Mozilla/5.0 (iPhone; CPU iPhone OS 6_0 like Mac OS X) AppleWebKit/536.26 (KHTML, like Gecko) Version/6.0 Mobile/10A5376e Safari/8536.25 (compatible; Googlebot/2.1; +http://www.google.com/bot.html)"
170.75.162.130 - - [11/May/2015:08:23:39 -0700] "GET /lib/reccapi.php?resort=devilshead HTTP/1.1" 200 1115 "-" "node-superagent/0.18.2"
66.249.79.14 - - [11/May/2015:08:25:46 -0700] "GET /resorts?resort=powderridge&date=2013-12-17 HTTP/1.1" 404 506 "-" "Mozilla/5.0 (iPhone; CPU iPhone OS 6_0 like Mac OS X) AppleWebKit/536.26 (KHTML, like Gecko) Version/6.0 Mobile/10A5376e Safari/8536.25 (compatible; Googlebot/2.1; +http://www.google.com/bot.html)"
170.75.162.130 - - [11/May/2015:08:25:50 -0700] "GET /lib/reccapi.php?resort=mammothmountain HTTP/1.1" 200 1009 "-" "node-superagent/0.18.2"
69.229.212.134 - - [11/May/2015:08:26:39 -0700] "GET /images/wsis-logo-sm.png HTTP/1.1" 200 6108 "http://www.thebackcountry.net/" "Mozilla/5.0 (Macintosh; Intel Mac OS X 10_9_5) AppleWebKit/537.36 (KHTML, like Gecko) Chrome/42.0.2311.135 Safari/537.36"
73.162.96.166 - - [11/May/2015:08:31:08 -0700] "GET /images/wsis-logo-sm.png HTTP/1.1" 200 6108 "http://www.thebackcountry.net/" "Mozilla/5.0 (Macintosh; Intel Mac OS X 10_9_5) AppleWebKit/600.5.17 (KHTML, like Gecko) Version/7.1.5 Safari/537.85.14"
66.249.79.1 - - [11/May/2015:08:36:08 -0700] "GET /resorts?resort=boyne&date=2013-12-19 HTTP/1.1" 404 506 "-" "Mozilla/5.0 (iPhone; CPU iPhone OS 6_0 like Mac OS X) AppleWebKit/536.26 (KHTML, like Gecko) Version/6.0 Mobile/10A5376e Safari/8536.25 (compatible; Googlebot/2.1; +http://www.google.com/bot.html)"
66.249.79.14 - - [11/May/2015:08:43:59 -0700] "GET / HTTP/1.1" 200 2376 "-" "Mozilla/5.0 (compatible; Googlebot/2.1; +http://www.google.com/bot.html)"
24.180.42.102 - - [11/May/2015:08:44:51 -0700] "GET /images/wsis-logo-sm.png HTTP/1.1" 200 6108 "http://www.thebackcountry.net/" "Mozilla/5.0 (Windows NT 6.3; WOW64; Trident/7.0; rv:11.0) like Gecko"
24.180.42.102 - - [11/May/2015:08:45:13 -0700] "-" 408 0 "-" "-"
24.32.24.59 - - [11/May/2015:08:45:59 -0700] "GET /images/wsis-logo-sm.png HTTP/1.1" 200 6108 "http://www.thebackcountry.net/" "Mozilla/5.0 (Android; Mobile; rv:37.0) Gecko/37.0 Firefox/37.0"
66.249.79.1 - - [11/May/2015:08:46:33 -0700] "GET /resorts?resort=arapahoebasin&date=2014-02-03 HTTP/1.1" 404 506 "-" "Mozilla/5.0 (iPhone; CPU iPhone OS 6_0 like Mac OS X) AppleWebKit/536.26 (KHTML, like Gecko) Version/6.0 Mobile/10A5376e Safari/8536.25 (compatible; Googlebot/2.1; +http://www.google.com/bot.html)"
122.155.190.240 - - [11/May/2015:08:49:37 -0700] "POST /%70%68%70%70%61%74%68/%70%68%70?%2D%64+%61%6C%6C%6F%77%5F%75%72%6C%5F%69%6E%63%6C%75%64%65%3D%6F%6E+%2D%64+%73%61%66%65%5F%6D%6F%64%65%3D%6F%66%66+%2D%64+%73%75%68%6F%73%69%6E%2E%73%69%6D%75%6C%61%74%69%6F%6E%3D%6F%6E+%2D%64+%64%69%73%61%62%6C%65%5F%66%75%6E%63%74%69%6F%6E%73%3D%22%22+%2D%64+%6F%70%65%6E%5F%62%61%73%65%64%69%72%3D%6E%6F%6E%65+%2D%64+%61%75%74%6F%5F%70%72%65%70%65%6E%64%5F%66%69%6C%65%3D%70%68%70%3A%2F%2F%69%6E%70%75%74+%2D%6E HTTP/1.1" 404 470 "-" "-"
207.192.249.216 - - [11/May/2015:08:49:38 -0700] "GET /images/wsis-logo-sm.png HTTP/1.1" 200 6108 "http://www.thebackcountry.net/" "Mozilla/5.0 (Linux; Android 5.1.1; Nexus 5 Build/LMY48B) AppleWebKit/537.36 (KHTML, like Gecko) Chrome/42.0.2311.111 Mobile Safari/537.36"
66.249.79.1 - - [11/May/2015:08:56:56 -0700] "GET /resorts?resort=showdown&date=2014-01-31 HTTP/1.1" 404 506 "-" "Mozilla/5.0 (iPhone; CPU iPhone OS 6_0 like Mac OS X) AppleWebKit/536.26 (KHTML, like Gecko) Version/6.0 Mobile/10A5376e Safari/8536.25 (compatible; Googlebot/2.1; +http://www.google.com/bot.html)"
70.214.32.243 - - [11/May/2015:09:04:24 -0700] "GET /images/wsis-logo-sm.png HTTP/1.1" 200 6108 "http://www.thebackcountry.net/" "Mozilla/5.0 (iPhone; CPU iPhone OS 8_3 like Mac OS X) AppleWebKit/600.1.4 (KHTML, like Gecko) Version/8.0 Mobile/12F70 Safari/600.1.4"
206.29.176.51 - - [11/May/2015:09:05:58 -0700] "GET / HTTP/1.1" 200 2376 "-" "Mozilla/5.0 (Macintosh; Intel Mac OS X 10_10_3) AppleWebKit/537.36 (KHTML, like Gecko) Chrome/42.0.2311.135 Safari/537.36"
206.29.176.51 - - [11/May/2015:09:05:58 -0700] "GET /scripts/scripts/vendor/modernizr.js HTTP/1.1" 200 4903 "http://whereshouldiski.com/" "Mozilla/5.0 (Macintosh; Intel Mac OS X 10_10_3) AppleWebKit/537.36 (KHTML, like Gecko) Chrome/42.0.2311.135 Safari/537.36"
206.29.176.51 - - [11/May/2015:09:05:58 -0700] "GET /styles/0fffd548.main.css HTTP/1.1" 200 19316 "http://whereshouldiski.com/" "Mozilla/5.0 (Macintosh; Intel Mac OS X 10_10_3) AppleWebKit/537.36 (KHTML, like Gecko) Chrome/42.0.2311.135 Safari/537.36"
206.29.176.51 - - [11/May/2015:09:05:58 -0700] "GET /images/logo-sm.png HTTP/1.1" 200 16738 "http://whereshouldiski.com/" "Mozilla/5.0 (Macintosh; Intel Mac OS X 10_10_3) AppleWebKit/537.36 (KHTML, like Gecko) Chrome/42.0.2311.135 Safari/537.36"
206.29.176.51 - - [11/May/2015:09:05:58 -0700] "GET /bower_components/requirejs/require.js HTTP/1.1" 200 6702 "http://whereshouldiski.com/" "Mozilla/5.0 (Macintosh; Intel Mac OS X 10_10_3) AppleWebKit/537.36 (KHTML, like Gecko) Chrome/42.0.2311.135 Safari/537.36"
206.29.176.51 - - [11/May/2015:09:05:58 -0700] "GET /images/loading.gif HTTP/1.1" 200 13881 "http://whereshouldiski.com/" "Mozilla/5.0 (Macintosh; Intel Mac OS X 10_10_3) AppleWebKit/537.36 (KHTML, like Gecko) Chrome/42.0.2311.135 Safari/537.36"
206.29.176.51 - - [11/May/2015:09:05:59 -0700] "GET /scripts/fa48e319.main.js HTTP/1.1" 200 123455 "http://whereshouldiski.com/" "Mozilla/5.0 (Macintosh; Intel Mac OS X 10_10_3) AppleWebKit/537.36 (KHTML, like Gecko) Chrome/42.0.2311.135 Safari/537.36"
206.29.176.51 - - [11/May/2015:09:05:59 -0700] "GET /images/button.png HTTP/1.1" 200 598 "http://whereshouldiski.com/styles/0fffd548.main.css" "Mozilla/5.0 (Macintosh; Intel Mac OS X 10_10_3) AppleWebKit/537.36 (KHTML, like Gecko) Chrome/42.0.2311.135 Safari/537.36"
206.29.176.51 - - [11/May/2015:09:05:59 -0700] "GET /images/greyHeader.png HTTP/1.1" 200 508 "http://whereshouldiski.com/styles/0fffd548.main.css" "Mozilla/5.0 (Macintosh; Intel Mac OS X 10_10_3) AppleWebKit/537.36 (KHTML, like Gecko) Chrome/42.0.2311.135 Safari/537.36"
206.29.176.51 - - [11/May/2015:09:05:59 -0700] "GET /lib/reccapi.php?fields=t HTTP/1.1" 200 1914 "http://whereshouldiski.com/" "Mozilla/5.0 (Macintosh; Intel Mac OS X 10_10_3) AppleWebKit/537.36 (KHTML, like Gecko) Chrome/42.0.2311.135 Safari/537.36"
206.29.176.51 - - [11/May/2015:09:06:00 -0700] "GET /images/star5.png HTTP/1.1" 200 1783 "http://whereshouldiski.com/styles/0fffd548.main.css" "Mozilla/5.0 (Macintosh; Intel Mac OS X 10_10_3) AppleWebKit/537.36 (KHTML, like Gecko) Chrome/42.0.2311.135 Safari/537.36"
206.29.176.51 - - [11/May/2015:09:06:00 -0700] "GET /images/snowflake5.png HTTP/1.1" 200 2857 "http://whereshouldiski.com/styles/0fffd548.main.css" "Mozilla/5.0 (Macintosh; Intel Mac OS X 10_10_3) AppleWebKit/537.36 (KHTML, like Gecko) Chrome/42.0.2311.135 Safari/537.36"
206.29.176.51 - - [11/May/2015:09:06:00 -0700] "GET /images/bluebird5.png HTTP/1.1" 200 2177 "http://whereshouldiski.com/styles/0fffd548.main.css" "Mozilla/5.0 (Macintosh; Intel Mac OS X 10_10_3) AppleWebKit/537.36 (KHTML, like Gecko) Chrome/42.0.2311.135 Safari/537.36"
206.29.176.51 - - [11/May/2015:09:06:00 -0700] "GET /images/mtns-icon.png HTTP/1.1" 200 1096 "http://whereshouldiski.com/styles/0fffd548.main.css" "Mozilla/5.0 (Macintosh; Intel Mac OS X 10_10_3) AppleWebKit/537.36 (KHTML, like Gecko) Chrome/42.0.2311.135 Safari/537.36"
108.69.252.52 - - [11/May/2015:09:06:00 -0700] "GET /images/wsis-logo-sm.png HTTP/1.1" 200 6108 "http://www.thebackcountry.net/" "Mozilla/5.0 (iPhone; CPU iPhone OS 8_2 like Mac OS X) AppleWebKit/600.1.4 (KHTML, like Gecko) CriOS/42.0.2311.47 Mobile/12D508 Safari/600.1.4"
206.29.176.51 - - [11/May/2015:09:06:00 -0700] "GET /images/shading-icon.png HTTP/1.1" 200 537 "http://whereshouldiski.com/styles/0fffd548.main.css" "Mozilla/5.0 (Macintosh; Intel Mac OS X 10_10_3) AppleWebKit/537.36 (KHTML, like Gecko) Chrome/42.0.2311.135 Safari/537.36"
206.29.176.51 - - [11/May/2015:09:06:02 -0700] "GET /favicon.ico HTTP/1.1" 200 1475 "http://whereshouldiski.com/" "Mozilla/5.0 (Macintosh; Intel Mac OS X 10_10_3) AppleWebKit/537.36 (KHTML, like Gecko) Chrome/42.0.2311.135 Safari/537.36"
206.29.176.51 - - [11/May/2015:09:06:03 -0700] "GET /lib/reccapi.php?fields=t&coords=47.578359299999995,-122.1649575 HTTP/1.1" 200 2102 "http://whereshouldiski.com/" "Mozilla/5.0 (Macintosh; Intel Mac OS X 10_10_3) AppleWebKit/537.36 (KHTML, like Gecko) Chrome/42.0.2311.135 Safari/537.36"
206.29.176.51 - - [11/May/2015:09:06:06 -0700] "GET /lib/reccapi.php?resort=treblecone&date=2015-05-14 HTTP/1.1" 200 928 "http://whereshouldiski.com/" "Mozilla/5.0 (Macintosh; Intel Mac OS X 10_10_3) AppleWebKit/537.36 (KHTML, like Gecko) Chrome/42.0.2311.135 Safari/537.36"
206.29.176.51 - - [11/May/2015:09:06:06 -0700] "GET /lib/reccapi.php?fields=t&date=2015-05-14&coords=-44.634%2C168.896&size=7&sort=distance HTTP/1.1" 200 1313 "http://whereshouldiski.com/" "Mozilla/5.0 (Macintosh; Intel Mac OS X 10_10_3) AppleWebKit/537.36 (KHTML, like Gecko) Chrome/42.0.2311.135 Safari/537.36"
206.29.176.51 - - [11/May/2015:09:06:06 -0700] "GET /images/snowflake-med-5.png HTTP/1.1" 200 6157 "http://whereshouldiski.com/styles/0fffd548.main.css" "Mozilla/5.0 (Macintosh; Intel Mac OS X 10_10_3) AppleWebKit/537.36 (KHTML, like Gecko) Chrome/42.0.2311.135 Safari/537.36"
206.29.176.51 - - [11/May/2015:09:06:06 -0700] "GET /images/stars-med-5.png HTTP/1.1" 200 4124 "http://whereshouldiski.com/styles/0fffd548.main.css" "Mozilla/5.0 (Macintosh; Intel Mac OS X 10_10_3) AppleWebKit/537.36 (KHTML, like Gecko) Chrome/42.0.2311.135 Safari/537.36"
206.29.176.51 - - [11/May/2015:09:06:06 -0700] "GET /images/sun-med-5.png HTTP/1.1" 200 7627 "http://whereshouldiski.com/styles/0fffd548.main.css" "Mozilla/5.0 (Macintosh; Intel Mac OS X 10_10_3) AppleWebKit/537.36 (KHTML, like Gecko) Chrome/42.0.2311.135 Safari/537.36"
206.29.176.51 - - [11/May/2015:09:06:06 -0700] "GET /images/mtns-30px.png HTTP/1.1" 200 1202 "http://whereshouldiski.com/styles/0fffd548.main.css" "Mozilla/5.0 (Macintosh; Intel Mac OS X 10_10_3) AppleWebKit/537.36 (KHTML, like Gecko) Chrome/42.0.2311.135 Safari/537.36"
206.29.176.51 - - [11/May/2015:09:06:06 -0700] "GET /lib/resortDataSearchD3.php?size=7&sortDate=T&resort=treblecone&dateStart=2015-05-12 HTTP/1.1" 200 706 "http://whereshouldiski.com/" "Mozilla/5.0 (Macintosh; Intel Mac OS X 10_10_3) AppleWebKit/537.36 (KHTML, like Gecko) Chrome/42.0.2311.135 Safari/537.36"
206.29.176.51 - - [11/May/2015:09:06:06 -0700] "GET /images/shading-53px.png HTTP/1.1" 200 547 "http://whereshouldiski.com/styles/0fffd548.main.css" "Mozilla/5.0 (Macintosh; Intel Mac OS X 10_10_3) AppleWebKit/537.36 (KHTML, like Gecko) Chrome/42.0.2311.135 Safari/537.36"
206.29.176.51 - - [11/May/2015:09:06:06 -0700] "GET /images/opensnow_logo.png HTTP/1.1" 200 11776 "http://whereshouldiski.com/" "Mozilla/5.0 (Macintosh; Intel Mac OS X 10_10_3) AppleWebKit/537.36 (KHTML, like Gecko) Chrome/42.0.2311.135 Safari/537.36"
206.29.176.51 - - [11/May/2015:09:06:06 -0700] "GET /images/snowforecast-logo.jpg HTTP/1.1" 200 22988 "http://whereshouldiski.com/" "Mozilla/5.0 (Macintosh; Intel Mac OS X 10_10_3) AppleWebKit/537.36 (KHTML, like Gecko) Chrome/42.0.2311.135 Safari/537.36"
127.0.0.1 - - [11/May/2015:09:06:13 -0700] "OPTIONS * HTTP/1.0" 200 126 "-" "Apache/2.2.22 (Ubuntu) (internal dummy connection)"
127.0.0.1 - - [11/May/2015:09:06:14 -0700] "OPTIONS * HTTP/1.0" 200 126 "-" "Apache/2.2.22 (Ubuntu) (internal dummy connection)"
108.69.252.52 - - [11/May/2015:09:06:44 -0700] "GET /images/wsis-logo-sm.png HTTP/1.1" 304 187 "http://www.thebackcountry.net/" "Mozilla/5.0 (iPhone; CPU iPhone OS 8_2 like Mac OS X) AppleWebKit/600.1.4 (KHTML, like Gecko) CriOS/42.0.2311.47 Mobile/12D508 Safari/600.1.4"
66.249.79.250 - - [11/May/2015:09:07:21 -0700] "GET /resorts?resort=whitewater&date=2013-12-07 HTTP/1.1" 404 506 "-" "Mozilla/5.0 (iPhone; CPU iPhone OS 6_0 like Mac OS X) AppleWebKit/536.26 (KHTML, like Gecko) Version/6.0 Mobile/10A5376e Safari/8536.25 (compatible; Googlebot/2.1; +http://www.google.com/bot.html)"
66.249.79.1 - - [11/May/2015:09:17:45 -0700] "GET /resorts?resort=bigsky&date=2014-01-02 HTTP/1.1" 404 506 "-" "Mozilla/5.0 (iPhone; CPU iPhone OS 6_0 like Mac OS X) AppleWebKit/536.26 (KHTML, like Gecko) Version/6.0 Mobile/10A5376e Safari/8536.25 (compatible; Googlebot/2.1; +http://www.google.com/bot.html)"
208.115.111.66 - - [11/May/2015:09:22:53 -0700] "GET /resorts?resort=diamondpeak&date=2014-10-09 HTTP/1.1" 404 476 "-" "Mozilla/5.0 (compatible; DotBot/1.1; http://www.opensiteexplorer.org/dotbot, help@moz.com)"
208.115.111.66 - - [11/May/2015:09:22:58 -0700] "GET /resorts?resort=brianhead&date=2014-11-02 HTTP/1.1" 404 476 "-" "Mozilla/5.0 (compatible; DotBot/1.1; http://www.opensiteexplorer.org/dotbot, help@moz.com)"
170.75.162.130 - - [11/May/2015:09:24:34 -0700] "GET /lib/reccapi.php?resort=sierra-at-tahoe HTTP/1.1" 200 977 "-" "node-superagent/0.18.2"
66.249.79.1 - - [11/May/2015:09:28:10 -0700] "GET /resorts?resort=redriver&date=2014-02-02 HTTP/1.1" 404 506 "-" "Mozilla/5.0 (iPhone; CPU iPhone OS 6_0 like Mac OS X) AppleWebKit/536.26 (KHTML, like Gecko) Version/6.0 Mobile/10A5376e Safari/8536.25 (compatible; Googlebot/2.1; +http://www.google.com/bot.html)"
206.29.176.51 - - [11/May/2015:09:31:07 -0700] "GET /temp/ HTTP/1.1" 200 742 "-" "Mozilla/5.0 (Macintosh; Intel Mac OS X 10_10_3) AppleWebKit/537.36 (KHTML, like Gecko) Chrome/42.0.2311.135 Safari/537.36"
206.29.176.51 - - [11/May/2015:09:31:07 -0700] "GET /icons/blank.gif HTTP/1.1" 200 437 "http://whereshouldiski.com/temp/" "Mozilla/5.0 (Macintosh; Intel Mac OS X 10_10_3) AppleWebKit/537.36 (KHTML, like Gecko) Chrome/42.0.2311.135 Safari/537.36"
206.29.176.51 - - [11/May/2015:09:31:07 -0700] "GET /icons/text.gif HTTP/1.1" 200 519 "http://whereshouldiski.com/temp/" "Mozilla/5.0 (Macintosh; Intel Mac OS X 10_10_3) AppleWebKit/537.36 (KHTML, like Gecko) Chrome/42.0.2311.135 Safari/537.36"
206.29.176.51 - - [11/May/2015:09:31:07 -0700] "GET /icons/back.gif HTTP/1.1" 200 506 "http://whereshouldiski.com/temp/" "Mozilla/5.0 (Macintosh; Intel Mac OS X 10_10_3) AppleWebKit/537.36 (KHTML, like Gecko) Chrome/42.0.2311.135 Safari/537.36"
206.29.176.51 - - [11/May/2015:09:31:09 -0700] "GET /temp/pages_output_tmo.csv HTTP/1.1" 200 1412586 "http://whereshouldiski.com/temp/" "Mozilla/5.0 (Macintosh; Intel Mac OS X 10_10_3) AppleWebKit/537.36 (KHTML, like Gecko) Chrome/42.0.2311.135 Safari/537.36"
127.0.0.1 - - [11/May/2015:09:31:18 -0700] "OPTIONS * HTTP/1.0" 200 126 "-" "Apache/2.2.22 (Ubuntu) (internal dummy connection)"
66.249.79.14 - - [11/May/2015:09:38:30 -0700] "GET /resorts?resort=mountspokane&date=2014-02-11 HTTP/1.1" 404 506 "-" "Mozilla/5.0 (iPhone; CPU iPhone OS 6_0 like Mac OS X) AppleWebKit/536.26 (KHTML, like Gecko) Version/6.0 Mobile/10A5376e Safari/8536.25 (compatible; Googlebot/2.1; +http://www.google.com/bot.html)"
71.94.12.205 - - [11/May/2015:09:39:07 -0700] "GET /images/wsis-logo-sm.png HTTP/1.1" 200 6108 "http://www.thebackcountry.net/" "Mozilla/5.0 (Windows NT 6.3; WOW64) AppleWebKit/537.36 (KHTML, like Gecko) Chrome/42.0.2311.135 Safari/537.36"
23.92.26.73 - - [11/May/2015:09:39:12 -0700] "GET   / HTTP/1.1" 200 6114 "http://www.domain2008.com/domains/www.whereshouldiski.com" "Mozilla/5.0 (compatible; MSIE 9.0; Windows NT 6.1; WOW64; Trident/5.0)"
75.142.41.39 - - [11/May/2015:09:41:02 -0700] "GET /images/wsis-logo-sm.png HTTP/1.1" 200 6108 "http://www.thebackcountry.net/" "Mozilla/5.0 (Windows NT 6.1; WOW64) AppleWebKit/537.36 (KHTML, like Gecko) Chrome/42.0.2311.135 Safari/537.36"
66.249.79.14 - - [11/May/2015:09:43:25 -0700] "GET / HTTP/1.1" 200 2376 "-" "Mozilla/5.0 (compatible; Googlebot/2.1; +http://www.google.com/bot.html)"
66.249.79.1 - - [11/May/2015:09:48:34 -0700] "GET /resorts?resort=aspenheights&date=2014-02-01 HTTP/1.1" 404 506 "-" "Mozilla/5.0 (iPhone; CPU iPhone OS 6_0 like Mac OS X) AppleWebKit/536.26 (KHTML, like Gecko) Version/6.0 Mobile/10A5376e Safari/8536.25 (compatible; Googlebot/2.1; +http://www.google.com/bot.html)"
208.115.111.66 - - [11/May/2015:09:50:52 -0700] "GET /resorts?resort=sunlight&date=2014-09-30 HTTP/1.1" 404 476 "-" "Mozilla/5.0 (compatible; DotBot/1.1; http://www.opensiteexplorer.org/dotbot, help@moz.com)"
208.115.111.66 - - [11/May/2015:09:50:53 -0700] "GET /resorts?resort=telluride&date=2014-06-20 HTTP/1.1" 404 476 "-" "Mozilla/5.0 (compatible; DotBot/1.1; http://www.opensiteexplorer.org/dotbot, help@moz.com)"
208.115.111.66 - - [11/May/2015:09:50:54 -0700] "GET /resorts?resort=whitecapmountain HTTP/1.1" 404 476 "-" "Mozilla/5.0 (compatible; DotBot/1.1; http://www.opensiteexplorer.org/dotbot, help@moz.com)"
208.115.111.66 - - [11/May/2015:09:50:55 -0700] "GET /resorts?resort=aftonalps&date=2014-10-14 HTTP/1.1" 404 476 "-" "Mozilla/5.0 (compatible; DotBot/1.1; http://www.opensiteexplorer.org/dotbot, help@moz.com)"
208.115.111.66 - - [11/May/2015:09:50:57 -0700] "GET /resorts?resort=blacktailmountain&date=2014-10-30 HTTP/1.1" 404 476 "-" "Mozilla/5.0 (compatible; DotBot/1.1; http://www.opensiteexplorer.org/dotbot, help@moz.com)"
208.115.111.66 - - [11/May/2015:09:50:58 -0700] "GET /resorts?resort=catamount&date=2014-10-01 HTTP/1.1" 404 476 "-" "Mozilla/5.0 (compatible; DotBot/1.1; http://www.opensiteexplorer.org/dotbot, help@moz.com)"
208.115.111.66 - - [11/May/2015:09:50:59 -0700] "GET /resorts?resort=gore&date=2014-09-28 HTTP/1.1" 404 476 "-" "Mozilla/5.0 (compatible; DotBot/1.1; http://www.opensiteexplorer.org/dotbot, help@moz.com)"
208.115.111.66 - - [11/May/2015:09:51:00 -0700] "GET /resorts?resort=killington&date=2014-10-22 HTTP/1.1" 404 476 "-" "Mozilla/5.0 (compatible; DotBot/1.1; http://www.opensiteexplorer.org/dotbot, help@moz.com)"
208.115.111.66 - - [11/May/2015:09:51:00 -0700] "GET /resorts?resort=losttrailpowdermountain&date=2014-10-19 HTTP/1.1" 404 476 "-" "Mozilla/5.0 (compatible; DotBot/1.1; http://www.opensiteexplorer.org/dotbot, help@moz.com)"
208.115.111.66 - - [11/May/2015:09:51:01 -0700] "GET /resorts?resort=louploupskibowl&date=2014-06-13 HTTP/1.1" 404 476 "-" "Mozilla/5.0 (compatible; DotBot/1.1; http://www.opensiteexplorer.org/dotbot, help@moz.com)"
208.115.111.66 - - [11/May/2015:09:51:02 -0700] "GET /resorts?resort=magicmountain&date=2014-06-14 HTTP/1.1" 404 476 "-" "Mozilla/5.0 (compatible; DotBot/1.1; http://www.opensiteexplorer.org/dotbot, help@moz.com)"
208.115.111.66 - - [11/May/2015:09:51:03 -0700] "GET /resorts?resort=mountwashingtonalpine&date=2014-06-24 HTTP/1.1" 404 476 "-" "Mozilla/5.0 (compatible; DotBot/1.1; http://www.opensiteexplorer.org/dotbot, help@moz.com)"
208.115.111.66 - - [11/May/2015:09:51:04 -0700] "GET /resorts?resort=redlodge&date=2014-10-28 HTTP/1.1" 404 476 "-" "Mozilla/5.0 (compatible; DotBot/1.1; http://www.opensiteexplorer.org/dotbot, help@moz.com)"
208.115.111.66 - - [11/May/2015:09:51:04 -0700] "GET /resorts?resort=skisantafe&date=2014-06-18 HTTP/1.1" 404 476 "-" "Mozilla/5.0 (compatible; DotBot/1.1; http://www.opensiteexplorer.org/dotbot, help@moz.com)"
208.115.111.66 - - [11/May/2015:09:51:05 -0700] "GET /resorts?resort=smugglersnotch&date=2014-10-08 HTTP/1.1" 404 476 "-" "Mozilla/5.0 (compatible; DotBot/1.1; http://www.opensiteexplorer.org/dotbot, help@moz.com)"
208.115.111.66 - - [11/May/2015:09:51:06 -0700] "GET /resorts?resort=snowsummitmountain&date=2014-06-07 HTTP/1.1" 404 476 "-" "Mozilla/5.0 (compatible; DotBot/1.1; http://www.opensiteexplorer.org/dotbot, help@moz.com)"
208.115.111.66 - - [11/May/2015:09:51:07 -0700] "GET /resorts?resort=snowsummitmountain&date=2014-10-15 HTTP/1.1" 404 476 "-" "Mozilla/5.0 (compatible; DotBot/1.1; http://www.opensiteexplorer.org/dotbot, help@moz.com)"
201.47.68.93 - - [11/May/2015:09:52:12 -0700] "GET /images/wsis-logo-sm.png HTTP/1.1" 200 6108 "http://thebackcountry.net/" "Mozilla/5.0 (Windows NT 6.1; WOW64) AppleWebKit/537.36 (KHTML, like Gecko) Chrome/36.0.1985.143 Safari/537.36"
170.75.162.130 - - [11/May/2015:09:57:18 -0700] "GET /lib/reccapi.php?resort=jaypeak HTTP/1.1" 200 1074 "-" "node-superagent/0.18.2"
170.75.162.130 - - [11/May/2015:09:57:19 -0700] "GET /lib/reccapi.php?resort=madriverglen HTTP/1.1" 200 1090 "-" "node-superagent/0.18.2"
170.75.162.130 - - [11/May/2015:09:57:21 -0700] "GET /lib/reccapi.php?resort=smugglersnotch HTTP/1.1" 200 1061 "-" "node-superagent/0.18.2"
170.75.162.130 - - [11/May/2015:09:57:21 -0700] "GET /lib/reccapi.php?resort=stowe HTTP/1.1" 200 1040 "-" "node-superagent/0.18.2"
170.75.162.130 - - [11/May/2015:09:57:21 -0700] "GET /lib/reccapi.php?resort=killington HTTP/1.1" 200 1117 "-" "node-superagent/0.18.2"
170.75.162.130 - - [11/May/2015:09:57:21 -0700] "GET /lib/reccapi.php?resort=sugarbush HTTP/1.1" 200 1085 "-" "node-superagent/0.18.2"
66.249.79.1 - - [11/May/2015:09:58:58 -0700] "GET /resorts?resort=winterpark&date=2014-02-02 HTTP/1.1" 404 506 "-" "Mozilla/5.0 (iPhone; CPU iPhone OS 6_0 like Mac OS X) AppleWebKit/536.26 (KHTML, like Gecko) Version/6.0 Mobile/10A5376e Safari/8536.25 (compatible; Googlebot/2.1; +http://www.google.com/bot.html)"
180.76.4.73 - - [11/May/2015:10:03:42 -0700] "GET / HTTP/1.1" 200 6114 "-" "Mozilla/4.0 (compatible; MSIE 7.0; Windows NT 6.0)"
62.212.73.211 - - [11/May/2015:10:07:27 -0700] "GET /robots.txt HTTP/1.0" 200 338 "-" "Mozilla/5.0 (compatible; MJ12bot/v1.4.5; http://www.majestic12.co.uk/bot.php?+)"
62.212.73.211 - - [11/May/2015:10:07:28 -0700] "GET / HTTP/1.0" 200 6114 "-" "Mozilla/5.0 (compatible; MJ12bot/v1.4.5; http://www.majestic12.co.uk/bot.php?+)"
208.115.113.83 - - [11/May/2015:10:08:24 -0700] "GET /robots.txt HTTP/1.1" 200 319 "-" "Mozilla/5.0 (compatible; DotBot/1.1; http://www.opensiteexplorer.org/dotbot, help@moz.com)"
66.249.79.250 - - [11/May/2015:10:09:21 -0700] "GET /resorts?resort=porcupine&date=2013-12-29 HTTP/1.1" 404 506 "-" "Mozilla/5.0 (iPhone; CPU iPhone OS 6_0 like Mac OS X) AppleWebKit/536.26 (KHTML, like Gecko) Version/6.0 Mobile/10A5376e Safari/8536.25 (compatible; Googlebot/2.1; +http://www.google.com/bot.html)"
99.74.220.76 - - [11/May/2015:10:17:07 -0700] "GET /images/wsis-logo-sm.png HTTP/1.1" 200 6108 "http://thebackcountry.net/" "Mozilla/5.0 (Windows NT 6.3; WOW64; rv:37.0) Gecko/20100101 Firefox/37.0"
157.55.39.63 - - [11/May/2015:10:18:16 -0700] "GET / HTTP/1.1" 200 2376 "-" "Mozilla/5.0 (compatible; bingbot/2.0; +http://www.bing.com/bingbot.htm)"
66.249.79.40 - - [11/May/2015:10:19:44 -0700] "GET /robots.txt HTTP/1.1" 200 419 "-" "Mozilla/5.0 (compatible; Googlebot/2.1; +http://www.google.com/bot.html)"
66.249.79.66 - - [11/May/2015:10:19:44 -0700] "GET /resorts?resort=bridgerbowl&date=2013-06-14 HTTP/1.1" 404 509 "-" "Mozilla/5.0 (iPhone; CPU iPhone OS 6_0 like Mac OS X) AppleWebKit/536.26 (KHTML, like Gecko) Version/6.0 Mobile/10A5376e Safari/8536.25 (compatible; Googlebot/2.1; +http://www.google.com/bot.html)"
172.3.185.30 - - [11/May/2015:10:21:01 -0700] "GET /images/wsis-logo-sm.png HTTP/1.1" 200 6108 "http://www.thebackcountry.net/" "Mozilla/5.0 (Windows NT 6.1; WOW64; Trident/7.0; rv:11.0) like Gecko"
172.3.185.30 - - [11/May/2015:10:21:23 -0700] "-" 408 0 "-" "-"
129.137.206.201 - - [11/May/2015:10:25:54 -0700] "GET /images/wsis-logo-sm.png HTTP/1.1" 200 6108 "http://www.thebackcountry.net/" "Mozilla/5.0 (Windows NT 6.1; WOW64) AppleWebKit/537.36 (KHTML, like Gecko) Chrome/42.0.2311.135 Safari/537.36"
66.249.79.14 - - [11/May/2015:10:30:07 -0700] "GET /resorts?resort=49degreesnorth&date=2014-01-08 HTTP/1.1" 404 506 "-" "Mozilla/5.0 (iPhone; CPU iPhone OS 6_0 like Mac OS X) AppleWebKit/536.26 (KHTML, like Gecko) Version/6.0 Mobile/10A5376e Safari/8536.25 (compatible; Googlebot/2.1; +http://www.google.com/bot.html)"
50.255.43.109 - - [11/May/2015:10:31:03 -0700] "GET /images/wsis-logo-sm.png HTTP/1.1" 200 6108 "http://www.thebackcountry.net/" "Mozilla/5.0 (Windows NT 6.1; WOW64) AppleWebKit/537.36 (KHTML, like Gecko) Chrome/42.0.2311.135 Safari/537.36"
192.99.107.143 - - [11/May/2015:10:34:36 -0700] "GET /robots.txt HTTP/1.1" 200 363 "-" "Mozilla/5.0 (compatible; meanpathbot/1.0; +http://www.meanpath.com/meanpathbot.html)"
192.99.107.140 - - [11/May/2015:10:34:36 -0700] "GET / HTTP/1.1" 200 2320 "-" "Mozilla/5.0 (compatible; meanpathbot/1.0; +http://www.meanpath.com/meanpathbot.html)"
46.151.52.77 - - [11/May/2015:10:39:24 -0700] "GET /resorts?resort=cannonmountain HTTP/1.0" 404 495 "http://whereshouldiski.com/resorts?resort=cannonmountain" "Mozilla/5.0 (Windows NT 6.1) AppleWebKit/537.36 (KHTML, like Gecko) Chrome/39.0.2171.65 Safari/537.36 OPR/26.0.1656.24"
46.151.52.77 - - [11/May/2015:10:39:25 -0700] "GET / HTTP/1.0" 200 6114 "http://whereshouldiski.com/" "Mozilla/5.0 (Windows NT 6.1) AppleWebKit/537.36 (KHTML, like Gecko) Chrome/39.0.2171.65 Safari/537.36 OPR/26.0.1656.24"
66.249.79.1 - - [11/May/2015:10:40:30 -0700] "GET /resorts?resort=mounthoodskibowl&date=2014-01-03 HTTP/1.1" 404 506 "-" "Mozilla/5.0 (iPhone; CPU iPhone OS 6_0 like Mac OS X) AppleWebKit/536.26 (KHTML, like Gecko) Version/6.0 Mobile/10A5376e Safari/8536.25 (compatible; Googlebot/2.1; +http://www.google.com/bot.html)"
170.75.162.130 - - [11/May/2015:10:43:31 -0700] "GET /lib/reccapi.php?resort=heavenly HTTP/1.1" 200 995 "-" "node-superagent/0.18.2"
66.249.79.1 - - [11/May/2015:10:43:58 -0700] "GET / HTTP/1.1" 200 2376 "-" "Mozilla/5.0 (compatible; Googlebot/2.1; +http://www.google.com/bot.html)"
68.240.217.119 - - [11/May/2015:10:44:21 -0700] "GET / HTTP/1.1" 200 2376 "-" "Mozilla/5.0 (Windows NT 6.1; WOW64; Trident/7.0; managedpc; rv:11.0) like Gecko"
68.240.217.119 - - [11/May/2015:10:44:21 -0700] "GET /scripts/scripts/vendor/modernizr.js HTTP/1.1" 200 4902 "http://www.whereshouldiski.com/" "Mozilla/5.0 (Windows NT 6.1; WOW64; Trident/7.0; managedpc; rv:11.0) like Gecko"
68.240.217.119 - - [11/May/2015:10:44:21 -0700] "GET /styles/0fffd548.main.css HTTP/1.1" 200 19317 "http://www.whereshouldiski.com/" "Mozilla/5.0 (Windows NT 6.1; WOW64; Trident/7.0; managedpc; rv:11.0) like Gecko"
68.240.217.119 - - [11/May/2015:10:44:21 -0700] "GET /images/loading.gif HTTP/1.1" 200 13882 "http://www.whereshouldiski.com/" "Mozilla/5.0 (Windows NT 6.1; WOW64; Trident/7.0; managedpc; rv:11.0) like Gecko"
68.240.217.119 - - [11/May/2015:10:44:21 -0700] "GET /images/logo-sm.png HTTP/1.1" 200 16738 "http://www.whereshouldiski.com/" "Mozilla/5.0 (Windows NT 6.1; WOW64; Trident/7.0; managedpc; rv:11.0) like Gecko"
68.240.217.119 - - [11/May/2015:10:44:21 -0700] "GET /bower_components/requirejs/require.js HTTP/1.1" 200 6702 "http://www.whereshouldiski.com/" "Mozilla/5.0 (Windows NT 6.1; WOW64; Trident/7.0; managedpc; rv:11.0) like Gecko"
68.240.217.119 - - [11/May/2015:10:44:22 -0700] "GET /images/button.png HTTP/1.1" 200 598 "http://www.whereshouldiski.com/" "Mozilla/5.0 (Windows NT 6.1; WOW64; Trident/7.0; managedpc; rv:11.0) like Gecko"
68.240.217.119 - - [11/May/2015:10:44:22 -0700] "GET /scripts/fa48e319.main.js HTTP/1.1" 200 123455 "http://www.whereshouldiski.com/" "Mozilla/5.0 (Windows NT 6.1; WOW64; Trident/7.0; managedpc; rv:11.0) like Gecko"
68.240.217.119 - - [11/May/2015:10:44:23 -0700] "GET /images/greyHeader.png HTTP/1.1" 200 508 "http://www.whereshouldiski.com/" "Mozilla/5.0 (Windows NT 6.1; WOW64; Trident/7.0; managedpc; rv:11.0) like Gecko"
68.240.217.119 - - [11/May/2015:10:44:23 -0700] "GET /lib/reccapi.php?fields=t HTTP/1.1" 200 1904 "http://www.whereshouldiski.com/" "Mozilla/5.0 (Windows NT 6.1; WOW64; Trident/7.0; managedpc; rv:11.0) like Gecko"
68.240.217.119 - - [11/May/2015:10:44:24 -0700] "GET /images/star5.png HTTP/1.1" 200 1783 "http://www.whereshouldiski.com/" "Mozilla/5.0 (Windows NT 6.1; WOW64; Trident/7.0; managedpc; rv:11.0) like Gecko"
68.240.217.119 - - [11/May/2015:10:44:24 -0700] "GET /images/bluebird5.png HTTP/1.1" 200 2177 "http://www.whereshouldiski.com/" "Mozilla/5.0 (Windows NT 6.1; WOW64; Trident/7.0; managedpc; rv:11.0) like Gecko"
68.240.217.119 - - [11/May/2015:10:44:24 -0700] "GET /images/snowflake5.png HTTP/1.1" 200 2857 "http://www.whereshouldiski.com/" "Mozilla/5.0 (Windows NT 6.1; WOW64; Trident/7.0; managedpc; rv:11.0) like Gecko"
68.240.217.119 - - [11/May/2015:10:44:24 -0700] "GET /images/mtns-icon.png HTTP/1.1" 200 1096 "http://www.whereshouldiski.com/" "Mozilla/5.0 (Windows NT 6.1; WOW64; Trident/7.0; managedpc; rv:11.0) like Gecko"
68.240.217.119 - - [11/May/2015:10:44:24 -0700] "GET /images/shading-icon.png HTTP/1.1" 200 536 "http://www.whereshouldiski.com/" "Mozilla/5.0 (Windows NT 6.1; WOW64; Trident/7.0; managedpc; rv:11.0) like Gecko"
68.240.217.119 - - [11/May/2015:10:44:26 -0700] "GET /favicon.ico HTTP/1.1" 200 1476 "-" "Mozilla/5.0 (Windows NT 6.1; Win64; x64; Trident/7.0; managedpc; rv:11.0) like Gecko"
68.240.217.119 - - [11/May/2015:10:44:27 -0700] "GET /lib/reccapi.php?fields=t&date=2015-05-11 HTTP/1.1" 200 1770 "http://www.whereshouldiski.com/#search/date=2015-05-11" "Mozilla/5.0 (Windows NT 6.1; WOW64; Trident/7.0; managedpc; rv:11.0) like Gecko"
68.240.217.119 - - [11/May/2015:10:44:27 -0700] "GET /images/greenHeader.png HTTP/1.1" 200 508 "http://www.whereshouldiski.com/" "Mozilla/5.0 (Windows NT 6.1; WOW64; Trident/7.0; managedpc; rv:11.0) like Gecko"
206.29.176.51 - - [11/May/2015:10:44:32 -0700] "GET / HTTP/1.1" 200 2376 "-" "Mozilla/5.0 (Macintosh; Intel Mac OS X 10_10_3) AppleWebKit/537.36 (KHTML, like Gecko) Chrome/42.0.2311.135 Safari/537.36"
206.29.176.51 - - [11/May/2015:10:44:32 -0700] "GET /scripts/scripts/vendor/modernizr.js HTTP/1.1" 200 4903 "http://www.whereshouldiski.com/" "Mozilla/5.0 (Macintosh; Intel Mac OS X 10_10_3) AppleWebKit/537.36 (KHTML, like Gecko) Chrome/42.0.2311.135 Safari/537.36"
206.29.176.51 - - [11/May/2015:10:44:32 -0700] "GET /styles/0fffd548.main.css HTTP/1.1" 200 19316 "http://www.whereshouldiski.com/" "Mozilla/5.0 (Macintosh; Intel Mac OS X 10_10_3) AppleWebKit/537.36 (KHTML, like Gecko) Chrome/42.0.2311.135 Safari/537.36"
206.29.176.51 - - [11/May/2015:10:44:32 -0700] "GET /bower_components/requirejs/require.js HTTP/1.1" 200 6702 "http://www.whereshouldiski.com/" "Mozilla/5.0 (Macintosh; Intel Mac OS X 10_10_3) AppleWebKit/537.36 (KHTML, like Gecko) Chrome/42.0.2311.135 Safari/537.36"
206.29.176.51 - - [11/May/2015:10:44:32 -0700] "GET /images/logo-sm.png HTTP/1.1" 200 16738 "http://www.whereshouldiski.com/" "Mozilla/5.0 (Macintosh; Intel Mac OS X 10_10_3) AppleWebKit/537.36 (KHTML, like Gecko) Chrome/42.0.2311.135 Safari/537.36"
206.29.176.51 - - [11/May/2015:10:44:32 -0700] "GET /images/loading.gif HTTP/1.1" 200 13881 "http://www.whereshouldiski.com/" "Mozilla/5.0 (Macintosh; Intel Mac OS X 10_10_3) AppleWebKit/537.36 (KHTML, like Gecko) Chrome/42.0.2311.135 Safari/537.36"
206.29.176.51 - - [11/May/2015:10:44:32 -0700] "GET /scripts/fa48e319.main.js HTTP/1.1" 200 123455 "http://www.whereshouldiski.com/" "Mozilla/5.0 (Macintosh; Intel Mac OS X 10_10_3) AppleWebKit/537.36 (KHTML, like Gecko) Chrome/42.0.2311.135 Safari/537.36"
206.29.176.51 - - [11/May/2015:10:44:32 -0700] "GET /images/greyHeader.png HTTP/1.1" 200 508 "http://www.whereshouldiski.com/styles/0fffd548.main.css" "Mozilla/5.0 (Macintosh; Intel Mac OS X 10_10_3) AppleWebKit/537.36 (KHTML, like Gecko) Chrome/42.0.2311.135 Safari/537.36"
206.29.176.51 - - [11/May/2015:10:44:32 -0700] "GET /images/button.png HTTP/1.1" 200 598 "http://www.whereshouldiski.com/styles/0fffd548.main.css" "Mozilla/5.0 (Macintosh; Intel Mac OS X 10_10_3) AppleWebKit/537.36 (KHTML, like Gecko) Chrome/42.0.2311.135 Safari/537.36"
206.29.176.51 - - [11/May/2015:10:44:33 -0700] "GET /favicon.ico HTTP/1.1" 200 1475 "http://www.whereshouldiski.com/" "Mozilla/5.0 (Macintosh; Intel Mac OS X 10_10_3) AppleWebKit/537.36 (KHTML, like Gecko) Chrome/42.0.2311.135 Safari/537.36"
206.29.176.51 - - [11/May/2015:10:44:33 -0700] "GET /lib/reccapi.php?fields=t HTTP/1.1" 200 1904 "http://www.whereshouldiski.com/" "Mozilla/5.0 (Macintosh; Intel Mac OS X 10_10_3) AppleWebKit/537.36 (KHTML, like Gecko) Chrome/42.0.2311.135 Safari/537.36"
206.29.176.51 - - [11/May/2015:10:44:33 -0700] "GET /images/snowflake5.png HTTP/1.1" 200 2857 "http://www.whereshouldiski.com/styles/0fffd548.main.css" "Mozilla/5.0 (Macintosh; Intel Mac OS X 10_10_3) AppleWebKit/537.36 (KHTML, like Gecko) Chrome/42.0.2311.135 Safari/537.36"
206.29.176.51 - - [11/May/2015:10:44:33 -0700] "GET /images/star5.png HTTP/1.1" 200 1783 "http://www.whereshouldiski.com/styles/0fffd548.main.css" "Mozilla/5.0 (Macintosh; Intel Mac OS X 10_10_3) AppleWebKit/537.36 (KHTML, like Gecko) Chrome/42.0.2311.135 Safari/537.36"
206.29.176.51 - - [11/May/2015:10:44:33 -0700] "GET /images/bluebird5.png HTTP/1.1" 200 2177 "http://www.whereshouldiski.com/styles/0fffd548.main.css" "Mozilla/5.0 (Macintosh; Intel Mac OS X 10_10_3) AppleWebKit/537.36 (KHTML, like Gecko) Chrome/42.0.2311.135 Safari/537.36"
206.29.176.51 - - [11/May/2015:10:44:33 -0700] "GET /images/mtns-icon.png HTTP/1.1" 200 1096 "http://www.whereshouldiski.com/styles/0fffd548.main.css" "Mozilla/5.0 (Macintosh; Intel Mac OS X 10_10_3) AppleWebKit/537.36 (KHTML, like Gecko) Chrome/42.0.2311.135 Safari/537.36"
206.29.176.51 - - [11/May/2015:10:44:33 -0700] "GET /images/shading-icon.png HTTP/1.1" 200 537 "http://www.whereshouldiski.com/styles/0fffd548.main.css" "Mozilla/5.0 (Macintosh; Intel Mac OS X 10_10_3) AppleWebKit/537.36 (KHTML, like Gecko) Chrome/42.0.2311.135 Safari/537.36"
68.240.217.119 - - [11/May/2015:10:44:34 -0700] "GET /lib/reccapi.php?fields=t&date=2015-05-11&region=Rockies HTTP/1.1" 200 1565 "http://www.whereshouldiski.com/#search/date=2015-05-11&region=Rockies" "Mozilla/5.0 (Windows NT 6.1; WOW64; Trident/7.0; managedpc; rv:11.0) like Gecko"
206.29.176.51 - - [11/May/2015:10:44:38 -0700] "GET /lib/reccapi.php?resort=silverton&date=2015-05-11 HTTP/1.1" 200 1040 "http://www.whereshouldiski.com/" "Mozilla/5.0 (Macintosh; Intel Mac OS X 10_10_3) AppleWebKit/537.36 (KHTML, like Gecko) Chrome/42.0.2311.135 Safari/537.36"
206.29.176.51 - - [11/May/2015:10:44:38 -0700] "GET /lib/reccapi.php?fields=t&date=2015-05-11&coords=37.89%2C-107.64&size=7&sort=distance HTTP/1.1" 200 1351 "http://www.whereshouldiski.com/" "Mozilla/5.0 (Macintosh; Intel Mac OS X 10_10_3) AppleWebKit/537.36 (KHTML, like Gecko) Chrome/42.0.2311.135 Safari/537.36"
206.29.176.51 - - [11/May/2015:10:44:38 -0700] "GET /images/snowflake-med-5.png HTTP/1.1" 200 6157 "http://www.whereshouldiski.com/styles/0fffd548.main.css" "Mozilla/5.0 (Macintosh; Intel Mac OS X 10_10_3) AppleWebKit/537.36 (KHTML, like Gecko) Chrome/42.0.2311.135 Safari/537.36"
206.29.176.51 - - [11/May/2015:10:44:38 -0700] "GET /images/stars-med-5.png HTTP/1.1" 200 4124 "http://www.whereshouldiski.com/styles/0fffd548.main.css" "Mozilla/5.0 (Macintosh; Intel Mac OS X 10_10_3) AppleWebKit/537.36 (KHTML, like Gecko) Chrome/42.0.2311.135 Safari/537.36"
206.29.176.51 - - [11/May/2015:10:44:38 -0700] "GET /images/sun-med-5.png HTTP/1.1" 200 7627 "http://www.whereshouldiski.com/styles/0fffd548.main.css" "Mozilla/5.0 (Macintosh; Intel Mac OS X 10_10_3) AppleWebKit/537.36 (KHTML, like Gecko) Chrome/42.0.2311.135 Safari/537.36"
206.29.176.51 - - [11/May/2015:10:44:38 -0700] "GET /images/shading-53px.png HTTP/1.1" 200 548 "http://www.whereshouldiski.com/styles/0fffd548.main.css" "Mozilla/5.0 (Macintosh; Intel Mac OS X 10_10_3) AppleWebKit/537.36 (KHTML, like Gecko) Chrome/42.0.2311.135 Safari/537.36"
206.29.176.51 - - [11/May/2015:10:44:38 -0700] "GET /images/mtns-30px.png HTTP/1.1" 200 1202 "http://www.whereshouldiski.com/styles/0fffd548.main.css" "Mozilla/5.0 (Macintosh; Intel Mac OS X 10_10_3) AppleWebKit/537.36 (KHTML, like Gecko) Chrome/42.0.2311.135 Safari/537.36"
206.29.176.51 - - [11/May/2015:10:44:38 -0700] "GET /images/snowforecast-logo.jpg HTTP/1.1" 200 22989 "http://www.whereshouldiski.com/" "Mozilla/5.0 (Macintosh; Intel Mac OS X 10_10_3) AppleWebKit/537.36 (KHTML, like Gecko) Chrome/42.0.2311.135 Safari/537.36"
206.29.176.51 - - [11/May/2015:10:44:38 -0700] "GET /lib/resortDataSearchD3.php?size=7&sortDate=T&resort=silverton&dateStart=2015-05-09 HTTP/1.1" 200 883 "http://www.whereshouldiski.com/" "Mozilla/5.0 (Macintosh; Intel Mac OS X 10_10_3) AppleWebKit/537.36 (KHTML, like Gecko) Chrome/42.0.2311.135 Safari/537.36"
206.29.176.51 - - [11/May/2015:10:44:38 -0700] "GET /images/opensnow_logo.png HTTP/1.1" 200 11776 "http://www.whereshouldiski.com/" "Mozilla/5.0 (Macintosh; Intel Mac OS X 10_10_3) AppleWebKit/537.36 (KHTML, like Gecko) Chrome/42.0.2311.135 Safari/537.36"
68.240.217.119 - - [11/May/2015:10:44:39 -0700] "GET /lib/reccapi.php?fields=t&date=2015-05-11&region=Rockies&state=CO HTTP/1.1" 200 1275 "http://www.whereshouldiski.com/#search/date=2015-05-11&region=Rockies&state=CO" "Mozilla/5.0 (Windows NT 6.1; WOW64; Trident/7.0; managedpc; rv:11.0) like Gecko"
206.29.176.51 - - [11/May/2015:10:44:40 -0700] "GET /lib/reccapi.php?fields=t&coords=47.578347699999995,-122.16493439999999 HTTP/1.1" 200 2094 "http://www.whereshouldiski.com/" "Mozilla/5.0 (Macintosh; Intel Mac OS X 10_10_3) AppleWebKit/537.36 (KHTML, like Gecko) Chrome/42.0.2311.135 Safari/537.36"
68.240.217.119 - - [11/May/2015:10:44:43 -0700] "GET /lib/reccapi.php?fields=t&date=2015-05-11&region=Rockies HTTP/1.1" 200 1564 "http://www.whereshouldiski.com/#search/date=2015-05-11&region=Rockies" "Mozilla/5.0 (Windows NT 6.1; WOW64; Trident/7.0; managedpc; rv:11.0) like Gecko"
127.0.0.1 - - [11/May/2015:10:44:46 -0700] "OPTIONS * HTTP/1.0" 200 126 "-" "Apache/2.2.22 (Ubuntu) (internal dummy connection)"
68.240.217.119 - - [11/May/2015:10:44:46 -0700] "-" 408 0 "-" "-"
127.0.0.1 - - [11/May/2015:10:44:47 -0700] "OPTIONS * HTTP/1.0" 200 126 "-" "Apache/2.2.22 (Ubuntu) (internal dummy connection)"
127.0.0.1 - - [11/May/2015:10:44:48 -0700] "OPTIONS * HTTP/1.0" 200 126 "-" "Apache/2.2.22 (Ubuntu) (internal dummy connection)"
68.240.217.119 - - [11/May/2015:10:44:48 -0700] "-" 408 0 "-" "-"
127.0.0.1 - - [11/May/2015:10:44:49 -0700] "OPTIONS * HTTP/1.0" 200 126 "-" "Apache/2.2.22 (Ubuntu) (internal dummy connection)"
127.0.0.1 - - [11/May/2015:10:44:50 -0700] "OPTIONS * HTTP/1.0" 200 126 "-" "Apache/2.2.22 (Ubuntu) (internal dummy connection)"
127.0.0.1 - - [11/May/2015:10:44:51 -0700] "OPTIONS * HTTP/1.0" 200 126 "-" "Apache/2.2.22 (Ubuntu) (internal dummy connection)"
127.0.0.1 - - [11/May/2015:10:44:52 -0700] "OPTIONS * HTTP/1.0" 200 126 "-" "Apache/2.2.22 (Ubuntu) (internal dummy connection)"
206.29.176.51 - - [11/May/2015:10:44:58 -0700] "GET /lib/reccapi.php?fields=t&coords=47.578347699999995,-122.16493439999999 HTTP/1.1" 200 2095 "http://www.whereshouldiski.com/" "Mozilla/5.0 (Macintosh; Intel Mac OS X 10_10_3) AppleWebKit/537.36 (KHTML, like Gecko) Chrome/42.0.2311.135 Safari/537.36"
206.29.176.51 - - [11/May/2015:10:45:00 -0700] "GET /lib/reccapi.php?resort=willamettepass&date=2015-05-12 HTTP/1.1" 200 1105 "http://www.whereshouldiski.com/" "Mozilla/5.0 (Macintosh; Intel Mac OS X 10_10_3) AppleWebKit/537.36 (KHTML, like Gecko) Chrome/42.0.2311.135 Safari/537.36"
206.29.176.51 - - [11/May/2015:10:45:00 -0700] "GET /lib/reccapi.php?fields=t&date=2015-05-12&coords=43.61%2C-122.03&size=7&sort=distance HTTP/1.1" 200 1369 "http://www.whereshouldiski.com/" "Mozilla/5.0 (Macintosh; Intel Mac OS X 10_10_3) AppleWebKit/537.36 (KHTML, like Gecko) Chrome/42.0.2311.135 Safari/537.36"
206.29.176.51 - - [11/May/2015:10:45:00 -0700] "GET /lib/resortDataSearchD3.php?size=7&sortDate=T&resort=willamettepass&dateStart=2015-05-10 HTTP/1.1" 200 885 "http://www.whereshouldiski.com/" "Mozilla/5.0 (Macintosh; Intel Mac OS X 10_10_3) AppleWebKit/537.36 (KHTML, like Gecko) Chrome/42.0.2311.135 Safari/537.36"
127.0.0.1 - - [11/May/2015:10:45:13 -0700] "OPTIONS * HTTP/1.0" 200 126 "-" "Apache/2.2.22 (Ubuntu) (internal dummy connection)"
127.0.0.1 - - [11/May/2015:10:45:14 -0700] "OPTIONS * HTTP/1.0" 200 126 "-" "Apache/2.2.22 (Ubuntu) (internal dummy connection)"
127.0.0.1 - - [11/May/2015:10:45:15 -0700] "OPTIONS * HTTP/1.0" 200 126 "-" "Apache/2.2.22 (Ubuntu) (internal dummy connection)"
127.0.0.1 - - [11/May/2015:10:45:16 -0700] "OPTIONS * HTTP/1.0" 200 126 "-" "Apache/2.2.22 (Ubuntu) (internal dummy connection)"
127.0.0.1 - - [11/May/2015:10:45:17 -0700] "OPTIONS * HTTP/1.0" 200 126 "-" "Apache/2.2.22 (Ubuntu) (internal dummy connection)"
127.0.0.1 - - [11/May/2015:10:45:18 -0700] "OPTIONS * HTTP/1.0" 200 126 "-" "Apache/2.2.22 (Ubuntu) (internal dummy connection)"
127.0.0.1 - - [11/May/2015:10:45:19 -0700] "OPTIONS * HTTP/1.0" 200 126 "-" "Apache/2.2.22 (Ubuntu) (internal dummy connection)"
206.29.176.51 - - [11/May/2015:10:45:41 -0700] "GET /lib/reccapi.php?resort=silverton&date=2015-05-11 HTTP/1.1" 200 1040 "http://www.whereshouldiski.com/" "Mozilla/5.0 (Macintosh; Intel Mac OS X 10_10_3) AppleWebKit/537.36 (KHTML, like Gecko) Chrome/42.0.2311.135 Safari/537.36"
206.29.176.51 - - [11/May/2015:10:45:42 -0700] "GET /lib/reccapi.php?fields=t&coords=47.578347699999995,-122.16493439999999&date=2015-05-11&coords=37.89%2C-107.64&size=7&sort=distance HTTP/1.1" 200 1351 "http://www.whereshouldiski.com/" "Mozilla/5.0 (Macintosh; Intel Mac OS X 10_10_3) AppleWebKit/537.36 (KHTML, like Gecko) Chrome/42.0.2311.135 Safari/537.36"
206.29.176.51 - - [11/May/2015:10:45:42 -0700] "GET /lib/resortDataSearchD3.php?size=7&sortDate=T&resort=silverton&dateStart=2015-05-09 HTTP/1.1" 200 882 "http://www.whereshouldiski.com/" "Mozilla/5.0 (Macintosh; Intel Mac OS X 10_10_3) AppleWebKit/537.36 (KHTML, like Gecko) Chrome/42.0.2311.135 Safari/537.36"
206.29.176.51 - - [11/May/2015:10:45:48 -0700] "GET /lib/reccapi.php?fields=t&coords=47.578347699999995,-122.16493439999999 HTTP/1.1" 200 2095 "http://www.whereshouldiski.com/" "Mozilla/5.0 (Macintosh; Intel Mac OS X 10_10_3) AppleWebKit/537.36 (KHTML, like Gecko) Chrome/42.0.2311.135 Safari/537.36"
127.0.0.1 - - [11/May/2015:10:45:53 -0700] "OPTIONS * HTTP/1.0" 200 126 "-" "Apache/2.2.22 (Ubuntu) (internal dummy connection)"
127.0.0.1 - - [11/May/2015:10:45:54 -0700] "OPTIONS * HTTP/1.0" 200 126 "-" "Apache/2.2.22 (Ubuntu) (internal dummy connection)"
127.0.0.1 - - [11/May/2015:10:45:55 -0700] "OPTIONS * HTTP/1.0" 200 126 "-" "Apache/2.2.22 (Ubuntu) (internal dummy connection)"
127.0.0.1 - - [11/May/2015:10:45:56 -0700] "OPTIONS * HTTP/1.0" 200 126 "-" "Apache/2.2.22 (Ubuntu) (internal dummy connection)"
127.0.0.1 - - [11/May/2015:10:45:57 -0700] "OPTIONS * HTTP/1.0" 200 126 "-" "Apache/2.2.22 (Ubuntu) (internal dummy connection)"
127.0.0.1 - - [11/May/2015:10:45:58 -0700] "OPTIONS * HTTP/1.0" 200 126 "-" "Apache/2.2.22 (Ubuntu) (internal dummy connection)"
127.0.0.1 - - [11/May/2015:10:45:59 -0700] "OPTIONS * HTTP/1.0" 200 126 "-" "Apache/2.2.22 (Ubuntu) (internal dummy connection)"
173.203.20.67 - - [11/May/2015:10:46:29 -0700] "GET / HTTP/1.1" 200 2376 "-" "Mozilla/5.0 (Windows; U; Windows NT 5.1; en-US; rv:1.9.0.1) Gecko/2008070208 Firefox/3.0.1"
173.203.20.67 - - [11/May/2015:10:46:29 -0700] "GET /scripts/scripts/vendor/modernizr.js HTTP/1.1" 200 4903 "http://www.whereshouldiski.com/" "Mozilla/5.0 (Windows; U; Windows NT 5.1; en-US; rv:1.9.0.1) Gecko/2008070208 Firefox/3.0.1"
173.203.20.67 - - [11/May/2015:10:46:30 -0700] "GET /bower_components/requirejs/require.js HTTP/1.1" 200 6702 "http://www.whereshouldiski.com/" "Mozilla/5.0 (Windows; U; Windows NT 5.1; en-US; rv:1.9.0.1) Gecko/2008070208 Firefox/3.0.1"
173.203.20.67 - - [11/May/2015:10:46:30 -0700] "GET /scripts/fa48e319.main.js HTTP/1.1" 200 123456 "http://www.whereshouldiski.com/" "Mozilla/5.0 (Windows; U; Windows NT 5.1; en-US; rv:1.9.0.1) Gecko/2008070208 Firefox/3.0.1"
173.203.20.67 - - [11/May/2015:10:46:31 -0700] "GET /images/loading.gif HTTP/1.1" 200 13881 "http://www.whereshouldiski.com/" "Mozilla/5.0 (Windows; U; Windows NT 5.1; en-US; rv:1.9.0.1) Gecko/2008070208 Firefox/3.0.1"
173.203.20.67 - - [11/May/2015:10:46:31 -0700] "GET /images/logo-sm.png HTTP/1.1" 200 16738 "http://www.whereshouldiski.com/" "Mozilla/5.0 (Windows; U; Windows NT 5.1; en-US; rv:1.9.0.1) Gecko/2008070208 Firefox/3.0.1"
