66.249.79.220 - - [03/Feb/2016:02:59:06 -0800] "GET /lib/resortDataSearchD3.php?size=7&sortDate=T&resort=stowe&dateStart=2016-01-29 HTTP/1.1" 200 864 "http://whereshouldiski.com/" "Mozilla/5.0 (compatible; Googlebot/2.1; +http://www.google.com/bot.html)"
66.249.79.234 - - [03/Feb/2016:02:59:07 -0800] "GET /lib/reccapi.php?fields=t&date=2016-01-31&coords=44.4887%2C-72.7923&size=7&sort=distance HTTP/1.1" 200 1350 "http://whereshouldiski.com/" "Mozilla/5.0 (compatible; Googlebot/2.1; +http://www.google.com/bot.html)"
66.249.79.234 - - [03/Feb/2016:03:14:01 -0800] "GET /resorts?resort=sunvalley&date=2014-03-26 HTTP/1.1" 404 506 "-" "Mozilla/5.0 (iPhone; CPU iPhone OS 8_3 like Mac OS X) AppleWebKit/600.1.4 (KHTML, like Gecko) Version/8.0 Mobile/12F70 Safari/600.1.4 (compatible; Googlebot/2.1; +http://www.google.com/bot.html)"
170.75.162.130 - - [03/Feb/2016:03:15:05 -0800] "GET /lib/reccapi.php?resort=chinapeak HTTP/1.1" 200 1002 "-" "node-superagent/1.4.0"
170.75.162.130 - - [03/Feb/2016:03:21:16 -0800] "GET /lib/reccapi.php?resort=alpinemeadows HTTP/1.1" 200 1076 "-" "node-superagent/1.4.0"
170.75.162.130 - - [03/Feb/2016:03:21:16 -0800] "GET /lib/reccapi.php?resort=homewoodmountain HTTP/1.1" 200 1072 "-" "node-superagent/1.4.0"
170.75.162.130 - - [03/Feb/2016:03:21:16 -0800] "GET /lib/reccapi.php?resort=mtrose HTTP/1.1" 200 1045 "-" "node-superagent/1.4.0"
170.75.162.130 - - [03/Feb/2016:03:21:16 -0800] "GET /lib/reccapi.php?resort=sierra-at-tahoe HTTP/1.1" 200 1056 "-" "node-superagent/1.4.0"
170.75.162.130 - - [03/Feb/2016:03:21:16 -0800] "GET /lib/reccapi.php?resort=sugarbowl HTTP/1.1" 200 1035 "-" "node-superagent/1.4.0"
112.64.235.254 - - [03/Feb/2016:03:34:03 -0800] "GET / HTTP/1.1" 200 6995 "-" "Mozilla/5.0 (Linux; U; Android 4.4.2; zh-cn; GT-I9500 Build/KOT49H) AppleWebKit/537.36 (KHTML, like Gecko)Version/4.0 MQQBrowser/5.0 QQ-URL-Manager Mobile Safari/537.36"
180.76.15.134 - - [03/Feb/2016:03:37:17 -0800] "GET / HTTP/1.1" 200 6995 "-" "Mozilla/5.0 (compatible; Baiduspider/2.0; +http://www.baidu.com/search/spider.html)"
180.76.15.150 - - [03/Feb/2016:03:38:21 -0800] "GET / HTTP/1.1" 200 6995 "-" "Mozilla/5.0 (compatible; Baiduspider/2.0; +http://www.baidu.com/search/spider.html)"
170.75.162.130 - - [03/Feb/2016:03:39:38 -0800] "GET /lib/reccapi.php?resort=mammothmountain HTTP/1.1" 200 992 "-" "node-superagent/1.4.0"
144.76.30.236 - - [03/Feb/2016:03:39:57 -0800] "GET /robots.txt HTTP/1.0" 200 338 "-" "Mozilla/5.0 (compatible; MJ12bot/v1.4.5; http://www.majestic12.co.uk/bot.php?+)"
144.76.30.236 - - [03/Feb/2016:03:39:59 -0800] "GET / HTTP/1.0" 200 6995 "-" "Mozilla/5.0 (compatible; MJ12bot/v1.4.5; http://www.majestic12.co.uk/bot.php?+)"
66.249.79.227 - - [03/Feb/2016:03:55:06 -0800] "GET /lib/reccapi.php?resort=stevenspass&date=2016-01-31 HTTP/1.1" 200 1076 "http://whereshouldiski.com/" "Mozilla/5.0 (compatible; Googlebot/2.1; +http://www.google.com/bot.html)"
66.249.79.220 - - [03/Feb/2016:03:55:08 -0800] "GET /lib/reccapi.php?fields=t&date=2016-01-31&coords=47.73%2C-121.09&size=7&sort=distance HTTP/1.1" 200 1424 "http://whereshouldiski.com/" "Mozilla/5.0 (compatible; Googlebot/2.1; +http://www.google.com/bot.html)"
66.249.79.220 - - [03/Feb/2016:03:55:08 -0800] "GET /lib/resortDataSearchD3.php?size=7&sortDate=T&resort=stevenspass&dateStart=2016-01-29 HTTP/1.1" 200 875 "http://whereshouldiski.com/" "Mozilla/5.0 (compatible; Googlebot/2.1; +http://www.google.com/bot.html)"
52.33.40.213 - - [03/Feb/2016:03:56:34 -0800] "GET /lib/reccapi.php?resort=alyeska HTTP/1.1" 200 1011 "-" "node-superagent/1.4.0"
107.220.204.35 - - [03/Feb/2016:04:01:28 -0800] "GET /images/wsis-logo-sm.png HTTP/1.1" 200 6108 "http://www.thebackcountry.net/" "Mozilla/5.0 (iPhone; CPU iPhone OS 9_2_1 like Mac OS X) AppleWebKit/601.1.46 (KHTML, like Gecko) Version/9.0 Mobile/13D15 Safari/601.1"
52.33.40.213 - - [03/Feb/2016:04:08:44 -0800] "GET /lib/reccapi.php?resort=49degreesnorth HTTP/1.1" 200 1046 "-" "node-superagent/1.4.0"
170.75.162.130 - - [03/Feb/2016:04:20:13 -0800] "GET /lib/reccapi.php?resort=telluride HTTP/1.1" 200 1022 "-" "node-superagent/1.4.0"
66.249.79.220 - - [03/Feb/2016:04:22:34 -0800] "GET /resorts?resort=belleayre&date=2014-02-05 HTTP/1.1" 404 506 "-" "Mozilla/5.0 (iPhone; CPU iPhone OS 8_3 like Mac OS X) AppleWebKit/600.1.4 (KHTML, like Gecko) Version/8.0 Mobile/12F70 Safari/600.1.4 (compatible; Googlebot/2.1; +http://www.google.com/bot.html)"
66.249.79.15 - - [03/Feb/2016:04:27:54 -0800] "GET /lib/resortDataSearch.php?resort=kellycanyon&dateStart=2013-01-13&dateMax=2013-01-27&size=30 HTTP/1.1" 200 331 "-" "Mozilla/5.0 (compatible; Googlebot/2.1; +http://www.google.com/bot.html)"
52.33.40.213 - - [03/Feb/2016:04:27:55 -0800] "GET /lib/reccapi.php?resort=bigsky HTTP/1.1" 200 1041 "-" "node-superagent/1.4.0"
52.33.40.213 - - [03/Feb/2016:04:28:05 -0800] "GET /lib/reccapi.php?resort=keystone HTTP/1.1" 200 1102 "-" "node-superagent/1.4.0"
170.75.162.130 - - [03/Feb/2016:04:29:34 -0800] "GET /lib/reccapi.php?resort=winterpark HTTP/1.1" 200 1093 "-" "node-superagent/1.4.0"
52.33.40.213 - - [03/Feb/2016:04:31:35 -0800] "GET /lib/reccapi.php?resort=arapahoebasin HTTP/1.1" 200 1117 "-" "node-superagent/1.4.0"
170.75.162.130 - - [03/Feb/2016:04:32:25 -0800] "GET /lib/reccapi.php?resort=snowbasin HTTP/1.1" 200 1005 "-" "node-superagent/1.4.0"
170.75.162.130 - - [03/Feb/2016:04:35:25 -0800] "GET /lib/reccapi.php?resort=alta HTTP/1.1" 200 1038 "-" "node-superagent/1.4.0"
170.75.162.130 - - [03/Feb/2016:04:35:25 -0800] "GET /lib/reccapi.php?resort=killington HTTP/1.1" 200 1106 "-" "node-superagent/1.4.0"
66.249.79.227 - - [03/Feb/2016:04:36:30 -0800] "GET /resorts?resort=aftonalps&date=2013-02-12 HTTP/1.1" 404 506 "-" "SAMSUNG-SGH-E250/1.0 Profile/MIDP-2.0 Configuration/CLDC-1.1 UP.Browser/6.2.3.3.c.1.101 (GUI) MMP/2.0 (compatible; Googlebot-Mobile/2.1; +http://www.google.com/bot.html)"
180.76.15.28 - - [03/Feb/2016:04:36:45 -0800] "GET / HTTP/1.1" 200 6995 "-" "Mozilla/5.0 (compatible; Baiduspider/2.0; +http://www.baidu.com/search/spider.html)"
180.76.15.147 - - [03/Feb/2016:04:37:51 -0800] "GET / HTTP/1.1" 200 6995 "-" "Mozilla/5.0 (compatible; Baiduspider/2.0; +http://www.baidu.com/search/spider.html)"
52.33.40.213 - - [03/Feb/2016:04:43:46 -0800] "GET /lib/reccapi.php?resort=whistlerblackcomb HTTP/1.1" 200 935 "-" "node-superagent/1.4.0"
52.33.40.213 - - [03/Feb/2016:04:45:46 -0800] "GET /lib/reccapi.php?resort=jacksonhole HTTP/1.1" 200 1090 "-" "node-superagent/1.4.0"
52.33.40.213 - - [03/Feb/2016:04:47:06 -0800] "GET /lib/reccapi.php?resort=smugglersnotch HTTP/1.1" 200 1064 "-" "node-superagent/1.4.0"
52.33.40.213 - - [03/Feb/2016:04:51:36 -0800] "GET /lib/reccapi.php?resort=sugarloaf HTTP/1.1" 200 1084 "-" "node-superagent/1.4.0"
52.33.40.213 - - [03/Feb/2016:04:53:06 -0800] "GET /lib/reccapi.php?resort=sugarbush HTTP/1.1" 200 1097 "-" "node-superagent/1.4.0"
170.75.162.130 - - [03/Feb/2016:04:57:48 -0800] "GET /lib/reccapi.php?resort=devilshead HTTP/1.1" 200 1079 "-" "node-superagent/1.4.0"
170.75.162.130 - - [03/Feb/2016:04:58:28 -0800] "GET /lib/reccapi.php?resort=alyeska HTTP/1.1" 200 1011 "-" "node-superagent/1.4.0"
52.33.40.213 - - [03/Feb/2016:04:58:56 -0800] "GET /lib/reccapi.php?resort=grandtarghee HTTP/1.1" 200 1100 "-" "node-superagent/1.4.0"
52.33.40.213 - - [03/Feb/2016:04:58:56 -0800] "GET /lib/reccapi.php?resort=heavenly HTTP/1.1" 200 1075 "-" "node-superagent/1.4.0"
66.249.79.227 - - [03/Feb/2016:04:59:23 -0800] "GET /resorts?resort=sugarbush&date=2014-02-21 HTTP/1.1" 404 506 "-" "DoCoMo/2.0 N905i(c100;TB;W24H16) (compatible; Googlebot-Mobile/2.1; +http://www.google.com/bot.html)"
52.33.40.213 - - [03/Feb/2016:04:59:26 -0800] "GET /lib/reccapi.php?resort=killington HTTP/1.1" 200 1106 "-" "node-superagent/1.4.0"
52.33.40.213 - - [03/Feb/2016:04:59:36 -0800] "GET /lib/reccapi.php?resort=kirkwood HTTP/1.1" 200 1069 "-" "node-superagent/1.4.0"
52.33.40.213 - - [03/Feb/2016:05:00:17 -0800] "GET /lib/reccapi.php?resort=stowe HTTP/1.1" 200 1078 "-" "node-superagent/1.4.0"
52.33.40.213 - - [03/Feb/2016:05:10:27 -0800] "GET /lib/reccapi.php?resort=snowmass HTTP/1.1" 200 1018 "-" "node-superagent/1.4.0"
207.35.67.106 - - [03/Feb/2016:05:12:05 -0800] "GET /images/wsis-logo-sm.png HTTP/1.1" 200 6108 "http://www.thebackcountry.net/" "Mozilla/4.0 (compatible; MSIE 8.0; Windows NT 6.1; WOW64; Trident/4.0; SLCC2; .NET CLR 2.0.50727; .NET CLR 3.5.30729; .NET CLR 3.0.30729; Media Center PC 6.0)"
103.246.38.196 - - [03/Feb/2016:05:13:11 -0800] "GET / HTTP/1.1" 200 7032 "-" "Mozilla/4.0 (compatible; MSIE 7.0; Windows NT 5.1; InfoPath.1; .NET CLR 2.0.50727; .NET CLR 1.1.4322; MS-RTC LM 8; .NET CLR 3.0.4506.2152; .NET CLR 3.5.30729)"
52.33.40.213 - - [03/Feb/2016:05:17:27 -0800] "GET /lib/reccapi.php?resort=chinapeak HTTP/1.1" 200 997 "-" "node-superagent/1.4.0"
52.33.40.213 - - [03/Feb/2016:05:17:47 -0800] "GET /lib/reccapi.php?resort=mtrose HTTP/1.1" 200 1084 "-" "node-superagent/1.4.0"
52.33.40.213 - - [03/Feb/2016:05:18:47 -0800] "GET /lib/reccapi.php?resort=homewoodmountain HTTP/1.1" 200 1078 "-" "node-superagent/1.4.0"
52.33.40.213 - - [03/Feb/2016:05:22:38 -0800] "GET /lib/reccapi.php?resort=angelfire HTTP/1.1" 200 1008 "-" "node-superagent/1.4.0"
52.33.40.213 - - [03/Feb/2016:05:22:48 -0800] "GET /lib/reccapi.php?resort=cannonmountain HTTP/1.1" 200 1113 "-" "node-superagent/1.4.0"
180.76.15.28 - - [03/Feb/2016:05:31:09 -0800] "GET / HTTP/1.1" 200 6995 "-" "Mozilla/5.0 (compatible; Baiduspider/2.0; +http://www.baidu.com/search/spider.html)"
180.76.15.30 - - [03/Feb/2016:05:32:02 -0800] "GET / HTTP/1.1" 200 6995 "-" "Mozilla/5.0 (compatible; Baiduspider/2.0; +http://www.baidu.com/search/spider.html)"
66.249.74.54 - - [03/Feb/2016:05:32:44 -0800] "GET / HTTP/1.1" 200 2615 "-" "Mozilla/5.0 (compatible; Googlebot/2.1; +http://www.google.com/bot.html)"
66.249.79.220 - - [03/Feb/2016:05:33:15 -0800] "GET / HTTP/1.1" 200 2615 "-" "Mozilla/5.0 (iPhone; CPU iPhone OS 8_3 like Mac OS X) AppleWebKit/600.1.4 (KHTML, like Gecko) Version/8.0 Mobile/12F70 Safari/600.1.4 (compatible; Googlebot/2.1; +http://www.google.com/bot.html)"
170.75.162.130 - - [03/Feb/2016:05:36:53 -0800] "GET /lib/reccapi.php?resort=solitude HTTP/1.1" 200 1091 "-" "node-superagent/1.4.0"
170.75.162.130 - - [03/Feb/2016:05:36:53 -0800] "GET /lib/reccapi.php?resort=snowbird HTTP/1.1" 200 1081 "-" "node-superagent/1.4.0"
170.75.162.130 - - [03/Feb/2016:05:36:53 -0800] "GET /lib/reccapi.php?resort=jacksonhole HTTP/1.1" 200 1086 "-" "node-superagent/1.4.0"
220.181.108.185 - - [03/Feb/2016:05:41:36 -0800] "GET /about HTTP/1.1" 404 472 "-" "Mozilla/5.0 (compatible; Baiduspider/2.0; +http://www.baidu.com/search/spider.html)"
66.249.79.18 - - [03/Feb/2016:05:54:14 -0800] "GET /lib/resortDataSearch.php?resort=stevenspass&dateStart=2012-12-30&dateMax=2013-01-13&size=30 HTTP/1.1" 200 331 "-" "Mozilla/5.0 (compatible; Googlebot/2.1; +http://www.google.com/bot.html)"
66.249.79.220 - - [03/Feb/2016:06:00:46 -0800] "GET /resorts?resort=skibluewood HTTP/1.1" 404 506 "-" "SAMSUNG-SGH-E250/1.0 Profile/MIDP-2.0 Configuration/CLDC-1.1 UP.Browser/6.2.3.3.c.1.101 (GUI) MMP/2.0 (compatible; Googlebot-Mobile/2.1; +http://www.google.com/bot.html)"
209.121.78.39 - - [03/Feb/2016:06:11:03 -0800] "GET /images/wsis-logo-sm.png HTTP/1.1" 200 6108 "http://thebackcountry.net/" "Mozilla/4.0 (compatible; MSIE 8.0; Windows NT 5.1; Trident/4.0; .NET4.0C; .NET4.0E)"
220.181.108.158 - - [03/Feb/2016:06:14:53 -0800] "GET / HTTP/1.1" 200 2578 "-" "Mozilla/5.0 (compatible; Baiduspider/2.0; +http://www.baidu.com/search/spider.html)"
66.249.79.227 - - [03/Feb/2016:06:20:34 -0800] "GET /scripts/scripts/vendor/modernizr.js HTTP/1.1" 200 4903 "-" "Mozilla/5.0 (compatible; Googlebot/2.1; +http://www.google.com/bot.html)"
77.75.79.119 - - [03/Feb/2016:06:31:01 -0800] "GET /robots.txt HTTP/1.1" 200 419 "-" "Mozilla/5.0 (compatible; SeznamBot/3.2; +http://fulltext.sblog.cz/)"
77.75.79.119 - - [03/Feb/2016:06:31:04 -0800] "GET / HTTP/1.1" 200 2615 "-" "Mozilla/5.0 (compatible; SeznamBot/3.2; +http://fulltext.sblog.cz/)"
180.76.15.162 - - [03/Feb/2016:06:31:35 -0800] "GET / HTTP/1.1" 200 6995 "-" "Mozilla/5.0 (compatible; Baiduspider/2.0; +http://www.baidu.com/search/spider.html)"
180.76.15.26 - - [03/Feb/2016:06:32:25 -0800] "GET / HTTP/1.1" 200 6995 "-" "Mozilla/5.0 (compatible; Baiduspider/2.0; +http://www.baidu.com/search/spider.html)"
170.75.162.130 - - [03/Feb/2016:06:39:51 -0800] "GET /lib/reccapi.php?resort=redlodge HTTP/1.1" 200 1031 "-" "node-superagent/1.4.0"
52.33.40.213 - - [03/Feb/2016:06:39:51 -0800] "GET /lib/reccapi.php?resort=mammothmountain HTTP/1.1" 200 1003 "-" "node-superagent/1.4.0"
170.75.162.130 - - [03/Feb/2016:06:43:41 -0800] "GET /lib/reccapi.php?resort=mountainhigh HTTP/1.1" 200 1028 "-" "node-superagent/1.4.0"
66.249.74.56 - - [03/Feb/2016:06:43:55 -0800] "GET / HTTP/1.1" 200 2615 "-" "Mozilla/5.0 (iPhone; CPU iPhone OS 8_3 like Mac OS X) AppleWebKit/600.1.4 (KHTML, like Gecko) Version/8.0 Mobile/12F70 Safari/600.1.4 (compatible; Googlebot/2.1; +http://www.google.com/bot.html)"
170.75.162.130 - - [03/Feb/2016:06:47:12 -0800] "GET /lib/reccapi.php?resort=kirkwood HTTP/1.1" 200 1059 "-" "node-superagent/1.4.0"
170.75.162.130 - - [03/Feb/2016:06:47:12 -0800] "GET /lib/reccapi.php?resort=northstar-at-tahoe HTTP/1.1" 200 1058 "-" "node-superagent/1.4.0"
170.75.162.130 - - [03/Feb/2016:06:47:12 -0800] "GET /lib/reccapi.php?resort=squawvalleyusa HTTP/1.1" 200 1079 "-" "node-superagent/1.4.0"
170.75.162.130 - - [03/Feb/2016:06:47:42 -0800] "GET /lib/reccapi.php?resort=grandtarghee HTTP/1.1" 200 1072 "-" "node-superagent/1.4.0"
190.151.76.11 - - [03/Feb/2016:06:47:42 -0800] "GET /images/wsis-logo-sm.png HTTP/1.1" 200 6108 "http://www.thebackcountry.net/" "Mozilla/5.0 (Windows NT 10.0; WOW64) AppleWebKit/537.36 (KHTML, like Gecko) Chrome/48.0.2564.97 Safari/537.36"
170.75.162.130 - - [03/Feb/2016:06:52:12 -0800] "GET /lib/reccapi.php?resort=crestedbutte HTTP/1.1" 200 1053 "-" "node-superagent/1.4.0"
52.33.40.213 - - [03/Feb/2016:06:56:32 -0800] "GET /lib/reccapi.php?resort=brighton HTTP/1.1" 200 1094 "-" "node-superagent/1.4.0"
52.33.40.213 - - [03/Feb/2016:06:58:22 -0800] "GET /lib/reccapi.php?resort=steamboat HTTP/1.1" 200 1013 "-" "node-superagent/1.4.0"
170.75.162.130 - - [03/Feb/2016:06:59:33 -0800] "GET /lib/reccapi.php?resort=heavenly HTTP/1.1" 200 1088 "-" "node-superagent/1.4.0"
66.249.79.227 - - [03/Feb/2016:07:00:41 -0800] "GET /lib/reccapi.php?resort=crystalmountain&date=2016-01-24 HTTP/1.1" 200 1038 "http://whereshouldiski.com/" "Mozilla/5.0 (compatible; Googlebot/2.1; +http://www.google.com/bot.html)"
66.249.79.227 - - [03/Feb/2016:07:00:42 -0800] "GET /lib/reccapi.php?fields=t&date=2016-01-24&coords=46.92%2C-121.49&size=7&sort=distance HTTP/1.1" 200 1395 "http://whereshouldiski.com/" "Mozilla/5.0 (compatible; Googlebot/2.1; +http://www.google.com/bot.html)"
66.249.79.234 - - [03/Feb/2016:07:00:43 -0800] "GET /lib/resortDataSearchD3.php?size=7&sortDate=T&resort=crystalmountain&dateStart=2016-01-22 HTTP/1.1" 200 878 "http://whereshouldiski.com/" "Mozilla/5.0 (compatible; Googlebot/2.1; +http://www.google.com/bot.html)"
170.75.162.130 - - [03/Feb/2016:07:03:04 -0800] "GET /lib/reccapi.php?resort=stevenspass HTTP/1.1" 200 1023 "-" "node-superagent/1.4.0"
170.75.162.130 - - [03/Feb/2016:07:04:04 -0800] "GET /lib/reccapi.php?resort=brianhead HTTP/1.1" 200 1015 "-" "node-superagent/1.4.0"
170.75.162.130 - - [03/Feb/2016:07:04:04 -0800] "GET /lib/reccapi.php?resort=deervalley HTTP/1.1" 200 1013 "-" "node-superagent/1.4.0"
170.75.162.130 - - [03/Feb/2016:07:04:04 -0800] "GET /lib/reccapi.php?resort=brighton HTTP/1.1" 200 1094 "-" "node-superagent/1.4.0"
71.9.247.98 - - [03/Feb/2016:07:04:34 -0800] "GET /images/wsis-logo-sm.png HTTP/1.1" 200 6108 "http://www.thebackcountry.net/" "Mozilla/5.0 (Macintosh; Intel Mac OS X 10.8; rv:43.0) Gecko/20100101 Firefox/43.0"
52.33.40.213 - - [03/Feb/2016:07:08:33 -0800] "GET /lib/reccapi.php?resort=telluride HTTP/1.1" 200 1012 "-" "node-superagent/1.4.0"
170.75.162.130 - - [03/Feb/2016:07:16:16 -0800] "GET /lib/reccapi.php?resort=diamondpeak HTTP/1.1" 200 1038 "-" "node-superagent/1.4.0"
66.249.79.220 - - [03/Feb/2016:07:24:31 -0800] "GET /resorts?resort=49degreesnorth&date=2013-02-12 HTTP/1.1" 404 506 "-" "SAMSUNG-SGH-E250/1.0 Profile/MIDP-2.0 Configuration/CLDC-1.1 UP.Browser/6.2.3.3.c.1.101 (GUI) MMP/2.0 (compatible; Googlebot-Mobile/2.1; +http://www.google.com/bot.html)"
72.47.175.74 - - [03/Feb/2016:07:29:03 -0800] "GET /images/wsis-logo-sm.png HTTP/1.1" 200 6108 "http://www.thebackcountry.net/" "Mozilla/5.0 (Windows NT 6.3; WOW64; Trident/7.0; rv:11.0) like Gecko"
180.76.15.160 - - [03/Feb/2016:07:32:59 -0800] "GET / HTTP/1.1" 200 6995 "-" "Mozilla/5.0 (compatible; Baiduspider/2.0; +http://www.baidu.com/search/spider.html)"
180.76.15.25 - - [03/Feb/2016:07:33:53 -0800] "GET / HTTP/1.1" 200 6995 "-" "Mozilla/5.0 (compatible; Baiduspider/2.0; +http://www.baidu.com/search/spider.html)"
170.75.162.130 - - [03/Feb/2016:07:44:29 -0800] "GET /lib/reccapi.php?resort=whitefacemountain HTTP/1.1" 200 1078 "-" "node-superagent/1.4.0"
70.196.76.180 - - [03/Feb/2016:07:46:31 -0800] "GET /images/wsis-logo-sm.png HTTP/1.1" 200 6108 "http://www.thebackcountry.net/" "Mozilla/5.0 (iPhone; CPU iPhone OS 9_2_1 like Mac OS X) AppleWebKit/601.1.46 (KHTML, like Gecko) Version/9.0 Mobile/13D15 Safari/601.1"
66.249.79.18 - - [03/Feb/2016:07:54:56 -0800] "GET / HTTP/1.1" 200 2615 "-" "Mozilla/5.0 (iPhone; CPU iPhone OS 8_3 like Mac OS X) AppleWebKit/600.1.4 (KHTML, like Gecko) Version/8.0 Mobile/12F70 Safari/600.1.4 (compatible; Googlebot/2.1; +http://www.google.com/bot.html)"
52.33.40.213 - - [03/Feb/2016:07:55:26 -0800] "GET /lib/reccapi.php?resort=alpinemeadows HTTP/1.1" 200 1114 "-" "node-superagent/1.4.0"
66.249.79.220 - - [03/Feb/2016:07:58:32 -0800] "GET /resorts?resort=skibluewood HTTP/1.1" 404 506 "-" "DoCoMo/2.0 N905i(c100;TB;W24H16) (compatible; Googlebot-Mobile/2.1; +http://www.google.com/bot.html)"
170.75.162.130 - - [03/Feb/2016:08:02:41 -0800] "GET /lib/reccapi.php?resort=sugarbowl HTTP/1.1" 200 1039 "-" "node-superagent/1.4.0"
66.220.246.108 - - [03/Feb/2016:08:14:24 -0800] "GET /lib/reccapi.php?resort=angelfire HTTP/1.1" 200 1007 "-" "node-superagent/1.4.0"
66.220.246.108 - - [03/Feb/2016:08:14:24 -0800] "GET /lib/reccapi.php?resort=alta HTTP/1.1" 200 1093 "-" "node-superagent/1.4.0"
66.220.246.108 - - [03/Feb/2016:08:14:24 -0800] "GET /lib/reccapi.php?resort=alyeska HTTP/1.1" 200 1008 "-" "node-superagent/1.4.0"
66.220.246.108 - - [03/Feb/2016:08:14:24 -0800] "GET /lib/reccapi.php?resort=aspenheights HTTP/1.1" 200 1043 "-" "node-superagent/1.4.0"
66.220.246.108 - - [03/Feb/2016:08:14:24 -0800] "GET /lib/reccapi.php?resort=alpinemeadows HTTP/1.1" 200 1114 "-" "node-superagent/1.4.0"
66.220.246.108 - - [03/Feb/2016:08:14:24 -0800] "GET /lib/reccapi.php?resort=49degreesnorth HTTP/1.1" 200 1076 "-" "node-superagent/1.4.0"
66.220.246.108 - - [03/Feb/2016:08:14:24 -0800] "GET /lib/reccapi.php?resort=arapahoebasin HTTP/1.1" 200 1119 "-" "node-superagent/1.4.0"
66.220.246.108 - - [03/Feb/2016:08:14:24 -0800] "GET /lib/reccapi.php?resort=aspenmountain HTTP/1.1" 200 1003 "-" "node-superagent/1.4.0"
66.220.246.108 - - [03/Feb/2016:08:14:24 -0800] "GET /lib/reccapi.php?resort=bigsky HTTP/1.1" 200 1032 "-" "node-superagent/1.4.0"
66.220.246.108 - - [03/Feb/2016:08:14:25 -0800] "GET /lib/reccapi.php?resort=bigwhite HTTP/1.1" 200 924 "-" "node-superagent/1.4.0"
66.220.246.108 - - [03/Feb/2016:08:14:25 -0800] "GET /lib/reccapi.php?resort=brianhead HTTP/1.1" 200 1016 "-" "node-superagent/1.4.0"
66.220.246.108 - - [03/Feb/2016:08:14:25 -0800] "GET /lib/reccapi.php?resort=brighton HTTP/1.1" 200 1097 "-" "node-superagent/1.4.0"
66.220.246.108 - - [03/Feb/2016:08:15:24 -0800] "GET /lib/reccapi.php?resort=chinapeak HTTP/1.1" 200 998 "-" "node-superagent/1.4.0"
66.220.246.108 - - [03/Feb/2016:08:15:24 -0800] "GET /lib/reccapi.php?resort=deervalley HTTP/1.1" 200 1015 "-" "node-superagent/1.4.0"
66.220.246.108 - - [03/Feb/2016:08:15:24 -0800] "GET /lib/reccapi.php?resort=crystalmountain HTTP/1.1" 200 1034 "-" "node-superagent/1.4.0"
66.220.246.108 - - [03/Feb/2016:08:15:24 -0800] "GET /lib/reccapi.php?resort=diamondpeak HTTP/1.1" 200 1038 "-" "node-superagent/1.4.0"
66.220.246.108 - - [03/Feb/2016:08:15:24 -0800] "GET /lib/reccapi.php?resort=crestedbutte HTTP/1.1" 200 1053 "-" "node-superagent/1.4.0"
66.220.246.108 - - [03/Feb/2016:08:15:24 -0800] "GET /lib/reccapi.php?resort=coppermountain HTTP/1.1" 200 1107 "-" "node-superagent/1.4.0"
66.220.246.108 - - [03/Feb/2016:08:15:24 -0800] "GET /lib/reccapi.php?resort=devilshead HTTP/1.1" 200 1070 "-" "node-superagent/1.4.0"
66.220.246.108 - - [03/Feb/2016:08:15:24 -0800] "GET /lib/reccapi.php?resort=cannonmountain HTTP/1.1" 200 1089 "-" "node-superagent/1.4.0"
66.220.246.108 - - [03/Feb/2016:08:15:24 -0800] "GET /lib/reccapi.php?resort=grandtarghee HTTP/1.1" 200 1096 "-" "node-superagent/1.4.0"
66.220.246.108 - - [03/Feb/2016:08:15:24 -0800] "GET /lib/reccapi.php?resort=heavenly HTTP/1.1" 200 1090 "-" "node-superagent/1.4.0"
66.220.246.108 - - [03/Feb/2016:08:15:24 -0800] "GET /lib/reccapi.php?resort=jaypeak HTTP/1.1" 200 1100 "-" "node-superagent/1.4.0"
66.220.246.108 - - [03/Feb/2016:08:15:24 -0800] "GET /lib/reccapi.php?resort=hoodoo HTTP/1.1" 200 1017 "-" "node-superagent/1.4.0"
66.220.246.108 - - [03/Feb/2016:08:15:29 -0800] "GET /lib/reccapi.php?resort=keystone HTTP/1.1" 200 1098 "-" "node-superagent/1.4.0"
66.220.246.108 - - [03/Feb/2016:08:15:35 -0800] "GET /lib/reccapi.php?resort=killington HTTP/1.1" 200 1079 "-" "node-superagent/1.4.0"
89.248.174.4 - - [03/Feb/2016:08:15:38 -0800] "GET / HTTP/1.1" 200 6976 "-" "-"
66.220.246.108 - - [03/Feb/2016:08:15:40 -0800] "GET /lib/reccapi.php?resort=monarch HTTP/1.1" 200 1062 "-" "node-superagent/1.4.0"
170.75.162.130 - - [03/Feb/2016:08:15:43 -0800] "GET /lib/reccapi.php?resort=crystalmountain HTTP/1.1" 200 1034 "-" "node-superagent/1.4.0"
66.220.246.108 - - [03/Feb/2016:08:15:44 -0800] "GET /lib/reccapi.php?resort=mountspokane HTTP/1.1" 200 1060 "-" "node-superagent/1.4.0"
66.220.246.108 - - [03/Feb/2016:08:15:49 -0800] "GET /lib/reccapi.php?resort=mountbachelor HTTP/1.1" 200 1044 "-" "node-superagent/1.4.0"
170.75.162.130 - - [03/Feb/2016:08:16:23 -0800] "GET /lib/reccapi.php?resort=angelfire HTTP/1.1" 200 1007 "-" "node-superagent/1.4.0"
52.33.40.213 - - [03/Feb/2016:08:16:47 -0800] "GET /lib/reccapi.php?resort=aspenmountain HTTP/1.1" 200 1003 "-" "node-superagent/1.4.0"
170.75.162.130 - - [03/Feb/2016:08:19:13 -0800] "GET /lib/reccapi.php?resort=bigwhite HTTP/1.1" 200 924 "-" "node-superagent/1.4.0"
170.75.162.130 - - [03/Feb/2016:08:19:13 -0800] "GET /lib/reccapi.php?resort=redmountain HTTP/1.1" 200 909 "-" "node-superagent/1.4.0"
170.75.162.130 - - [03/Feb/2016:08:19:14 -0800] "GET /lib/reccapi.php?resort=silverstarmountain HTTP/1.1" 200 929 "-" "node-superagent/1.4.0"
170.75.162.130 - - [03/Feb/2016:08:19:14 -0800] "GET /lib/reccapi.php?resort=sunpeaksresort HTTP/1.1" 200 916 "-" "node-superagent/1.4.0"
170.75.162.130 - - [03/Feb/2016:08:19:14 -0800] "GET /lib/reccapi.php?resort=whistlerblackcomb HTTP/1.1" 200 933 "-" "node-superagent/1.4.0"
192.243.55.129 - - [03/Feb/2016:08:19:27 -0800] "GET /resorts?resort=redmountain HTTP/1.1" 404 469 "-" "Mozilla/5.0 (compatible; SemrushBot/1~bl; +http://www.semrush.com/bot.html)"
192.243.55.131 - - [03/Feb/2016:08:23:05 -0800] "GET /index.php HTTP/1.1" 404 469 "-" "Mozilla/5.0 (compatible; SemrushBot/1~bl; +http://www.semrush.com/bot.html)"
192.243.55.134 - - [03/Feb/2016:08:26:08 -0800] "GET /resorts?resort=monarch HTTP/1.1" 404 469 "-" "Mozilla/5.0 (compatible; SemrushBot/1~bl; +http://www.semrush.com/bot.html)"
24.130.159.60 - - [03/Feb/2016:08:27:07 -0800] "GET /images/wsis-logo-sm.png HTTP/1.1" 200 6108 "http://www.thebackcountry.net/" "Mozilla/5.0 (Macintosh; Intel Mac OS X 10_11_2) AppleWebKit/601.3.9 (KHTML, like Gecko) Version/9.0.2 Safari/601.3.9"
192.243.55.129 - - [03/Feb/2016:08:29:22 -0800] "GET /resorts?resort=eaglepoint HTTP/1.1" 404 469 "-" "Mozilla/5.0 (compatible; SemrushBot/1~bl; +http://www.semrush.com/bot.html)"
170.75.162.130 - - [03/Feb/2016:08:29:37 -0800] "GET /lib/reccapi.php?resort=chinapeak HTTP/1.1" 200 998 "-" "node-superagent/1.4.0"
170.75.162.130 - - [03/Feb/2016:08:29:37 -0800] "GET /lib/reccapi.php?resort=hoodoo HTTP/1.1" 200 1017 "-" "node-superagent/1.4.0"
170.75.162.130 - - [03/Feb/2016:08:29:37 -0800] "GET /lib/reccapi.php?resort=mountbachelor HTTP/1.1" 200 1044 "-" "node-superagent/1.4.0"
170.75.162.130 - - [03/Feb/2016:08:29:37 -0800] "GET /lib/reccapi.php?resort=mounthoodmeadows HTTP/1.1" 200 1066 "-" "node-superagent/1.4.0"
170.75.162.130 - - [03/Feb/2016:08:29:37 -0800] "GET /lib/reccapi.php?resort=taos HTTP/1.1" 200 1043 "-" "node-superagent/1.4.0"
75.172.111.186 - - [03/Feb/2016:08:30:32 -0800] "GET / HTTP/1.1" 200 2615 "-" "Mozilla/5.0 (iPhone; CPU iPhone OS 9_2 like Mac OS X) AppleWebKit/601.1.46 (KHTML, like Gecko) Version/9.0 Mobile/13C75 Safari/601.1"
75.172.111.186 - - [03/Feb/2016:08:30:32 -0800] "GET /styles/ee08faa9.main.css HTTP/1.1" 200 19446 "http://whereshouldiski.com/" "Mozilla/5.0 (iPhone; CPU iPhone OS 9_2 like Mac OS X) AppleWebKit/601.1.46 (KHTML, like Gecko) Version/9.0 Mobile/13C75 Safari/601.1"
75.172.111.186 - - [03/Feb/2016:08:30:33 -0800] "GET /bower_components/requirejs/require.js HTTP/1.1" 200 6702 "http://whereshouldiski.com/" "Mozilla/5.0 (iPhone; CPU iPhone OS 9_2 like Mac OS X) AppleWebKit/601.1.46 (KHTML, like Gecko) Version/9.0 Mobile/13C75 Safari/601.1"
75.172.111.186 - - [03/Feb/2016:08:30:33 -0800] "GET /scripts/scripts/vendor/modernizr.js HTTP/1.1" 200 4903 "http://whereshouldiski.com/" "Mozilla/5.0 (iPhone; CPU iPhone OS 9_2 like Mac OS X) AppleWebKit/601.1.46 (KHTML, like Gecko) Version/9.0 Mobile/13C75 Safari/601.1"
75.172.111.186 - - [03/Feb/2016:08:30:33 -0800] "GET /images/logo-square-white-sm.png HTTP/1.1" 200 1684 "http://whereshouldiski.com/" "Mozilla/5.0 (iPhone; CPU iPhone OS 9_2 like Mac OS X) AppleWebKit/601.1.46 (KHTML, like Gecko) Version/9.0 Mobile/13C75 Safari/601.1"
75.172.111.186 - - [03/Feb/2016:08:30:33 -0800] "GET /images/loading.gif HTTP/1.1" 200 13882 "http://whereshouldiski.com/" "Mozilla/5.0 (iPhone; CPU iPhone OS 9_2 like Mac OS X) AppleWebKit/601.1.46 (KHTML, like Gecko) Version/9.0 Mobile/13C75 Safari/601.1"
192.243.55.131 - - [03/Feb/2016:08:32:06 -0800] "GET /resorts?resort=bearvalleymountain HTTP/1.1" 404 469 "-" "Mozilla/5.0 (compatible; SemrushBot/1~bl; +http://www.semrush.com/bot.html)"
170.75.162.130 - - [03/Feb/2016:08:32:17 -0800] "GET /lib/reccapi.php?resort=49degreesnorth HTTP/1.1" 200 1076 "-" "node-superagent/1.4.0"
170.75.162.130 - - [03/Feb/2016:08:32:17 -0800] "GET /lib/reccapi.php?resort=mountspokane HTTP/1.1" 200 1060 "-" "node-superagent/1.4.0"
94.199.151.22 - - [03/Feb/2016:08:34:24 -0800] "GET /robots.txt HTTP/1.1" 200 382 "-" "Wotbox/2.01 (+http://www.wotbox.com/bot/)"
94.199.151.22 - - [03/Feb/2016:08:34:36 -0800] "GET / HTTP/1.1" 200 2578 "-" "Wotbox/2.01 (+http://www.wotbox.com/bot/)"
94.199.151.22 - - [03/Feb/2016:08:34:42 -0800] "GET /about HTTP/1.1" 404 469 "-" "Wotbox/2.01 (+http://www.wotbox.com/bot/)"
192.243.55.137 - - [03/Feb/2016:08:35:08 -0800] "GET /resorts?resort=angelfire HTTP/1.1" 404 469 "-" "Mozilla/5.0 (compatible; SemrushBot/1~bl; +http://www.semrush.com/bot.html)"
180.76.15.7 - - [03/Feb/2016:08:36:14 -0800] "GET / HTTP/1.1" 200 6995 "-" "Mozilla/5.0 (compatible; Baiduspider/2.0; +http://www.baidu.com/search/spider.html)"
180.76.15.138 - - [03/Feb/2016:08:37:16 -0800] "GET / HTTP/1.1" 200 6995 "-" "Mozilla/5.0 (compatible; Baiduspider/2.0; +http://www.baidu.com/search/spider.html)"
192.243.55.136 - - [03/Feb/2016:08:37:42 -0800] "GET /resorts?resort=porcupine HTTP/1.1" 404 469 "-" "Mozilla/5.0 (compatible; SemrushBot/1~bl; +http://www.semrush.com/bot.html)"
107.1.97.225 - - [03/Feb/2016:08:39:18 -0800] "GET /lib/reccapi.php?resort=bigwhite HTTP/1.1" 200 924 "-" "node-superagent/1.4.0"
107.1.97.225 - - [03/Feb/2016:08:39:18 -0800] "GET /lib/reccapi.php?resort=alta HTTP/1.1" 200 1093 "-" "node-superagent/1.4.0"
107.1.97.225 - - [03/Feb/2016:08:39:18 -0800] "GET /lib/reccapi.php?resort=49degreesnorth HTTP/1.1" 200 1076 "-" "node-superagent/1.4.0"
107.1.97.225 - - [03/Feb/2016:08:39:18 -0800] "GET /lib/reccapi.php?resort=aspenheights HTTP/1.1" 200 1043 "-" "node-superagent/1.4.0"
107.1.97.225 - - [03/Feb/2016:08:39:18 -0800] "GET /lib/reccapi.php?resort=angelfire HTTP/1.1" 200 1007 "-" "node-superagent/1.4.0"
107.1.97.225 - - [03/Feb/2016:08:39:18 -0800] "GET /lib/reccapi.php?resort=brianhead HTTP/1.1" 200 1016 "-" "node-superagent/1.4.0"
107.1.97.225 - - [03/Feb/2016:08:39:18 -0800] "GET /lib/reccapi.php?resort=alyeska HTTP/1.1" 200 1008 "-" "node-superagent/1.4.0"
107.1.97.225 - - [03/Feb/2016:08:39:18 -0800] "GET /lib/reccapi.php?resort=alpinemeadows HTTP/1.1" 200 1114 "-" "node-superagent/1.4.0"
107.1.97.225 - - [03/Feb/2016:08:39:18 -0800] "GET /lib/reccapi.php?resort=aspenmountain HTTP/1.1" 200 1003 "-" "node-superagent/1.4.0"
107.1.97.225 - - [03/Feb/2016:08:39:18 -0800] "GET /lib/reccapi.php?resort=arapahoebasin HTTP/1.1" 200 1119 "-" "node-superagent/1.4.0"
107.1.97.225 - - [03/Feb/2016:08:39:18 -0800] "GET /lib/reccapi.php?resort=brighton HTTP/1.1" 200 1097 "-" "node-superagent/1.4.0"
107.1.97.225 - - [03/Feb/2016:08:39:18 -0800] "GET /lib/reccapi.php?resort=bigsky HTTP/1.1" 200 1032 "-" "node-superagent/1.4.0"
107.1.97.225 - - [03/Feb/2016:08:40:18 -0800] "GET /lib/reccapi.php?resort=diamondpeak HTTP/1.1" 200 1038 "-" "node-superagent/1.4.0"
107.1.97.225 - - [03/Feb/2016:08:40:18 -0800] "GET /lib/reccapi.php?resort=crystalmountain HTTP/1.1" 200 1034 "-" "node-superagent/1.4.0"
107.1.97.225 - - [03/Feb/2016:08:40:18 -0800] "GET /lib/reccapi.php?resort=jacksonhole HTTP/1.1" 200 1077 "-" "node-superagent/1.4.0"
107.1.97.225 - - [03/Feb/2016:08:40:18 -0800] "GET /lib/reccapi.php?resort=heavenly HTTP/1.1" 200 1090 "-" "node-superagent/1.4.0"
107.1.97.225 - - [03/Feb/2016:08:40:18 -0800] "GET /lib/reccapi.php?resort=grandtarghee HTTP/1.1" 200 1096 "-" "node-superagent/1.4.0"
107.1.97.225 - - [03/Feb/2016:08:40:18 -0800] "GET /lib/reccapi.php?resort=devilshead HTTP/1.1" 200 1070 "-" "node-superagent/1.4.0"
107.1.97.225 - - [03/Feb/2016:08:40:18 -0800] "GET /lib/reccapi.php?resort=homewoodmountain HTTP/1.1" 200 1080 "-" "node-superagent/1.4.0"
107.1.97.225 - - [03/Feb/2016:08:40:18 -0800] "GET /lib/reccapi.php?resort=deervalley HTTP/1.1" 200 1015 "-" "node-superagent/1.4.0"
107.1.97.225 - - [03/Feb/2016:08:40:18 -0800] "GET /lib/reccapi.php?resort=coppermountain HTTP/1.1" 200 1107 "-" "node-superagent/1.4.0"
107.1.97.225 - - [03/Feb/2016:08:40:18 -0800] "GET /lib/reccapi.php?resort=crestedbutte HTTP/1.1" 200 1053 "-" "node-superagent/1.4.0"
107.1.97.225 - - [03/Feb/2016:08:40:18 -0800] "GET /lib/reccapi.php?resort=hoodoo HTTP/1.1" 200 1017 "-" "node-superagent/1.4.0"
107.1.97.225 - - [03/Feb/2016:08:40:18 -0800] "GET /lib/reccapi.php?resort=chinapeak HTTP/1.1" 200 998 "-" "node-superagent/1.4.0"
107.1.97.225 - - [03/Feb/2016:08:40:23 -0800] "GET /lib/reccapi.php?resort=jaypeak HTTP/1.1" 200 1100 "-" "node-superagent/1.4.0"
192.243.55.129 - - [03/Feb/2016:08:40:24 -0800] "GET /resorts?resort=alta HTTP/1.1" 404 469 "-" "Mozilla/5.0 (compatible; SemrushBot/1~bl; +http://www.semrush.com/bot.html)"
192.243.55.130 - - [03/Feb/2016:08:42:59 -0800] "GET /resorts?resort=mountbachelor HTTP/1.1" 404 469 "-" "Mozilla/5.0 (compatible; SemrushBot/1~bl; +http://www.semrush.com/bot.html)"
192.243.55.138 - - [03/Feb/2016:08:45:42 -0800] "GET /resorts?resort=skicooper HTTP/1.1" 404 469 "-" "Mozilla/5.0 (compatible; SemrushBot/1~bl; +http://www.semrush.com/bot.html)"
192.243.55.132 - - [03/Feb/2016:08:48:01 -0800] "GET /resorts?resort=alpenglow HTTP/1.1" 404 469 "-" "Mozilla/5.0 (compatible; SemrushBot/1~bl; +http://www.semrush.com/bot.html)"
66.249.75.50 - - [03/Feb/2016:08:48:28 -0800] "GET /resorts?resort=dodgeridge&date=2013-03-04 HTTP/1.1" 404 506 "-" "SAMSUNG-SGH-E250/1.0 Profile/MIDP-2.0 Configuration/CLDC-1.1 UP.Browser/6.2.3.3.c.1.101 (GUI) MMP/2.0 (compatible; Googlebot-Mobile/2.1; +http://www.google.com/bot.html)"
71.9.103.101 - - [03/Feb/2016:08:48:51 -0800] "GET /images/wsis-logo-sm.png HTTP/1.1" 200 6108 "http://www.thebackcountry.net/" "Mozilla/5.0 (Macintosh; Intel Mac OS X 10_7_5) AppleWebKit/537.78.2 (KHTML, like Gecko) Version/6.1.6 Safari/537.78.2"
192.243.55.131 - - [03/Feb/2016:08:50:31 -0800] "GET /resorts?resort=mountashland HTTP/1.1" 404 469 "-" "Mozilla/5.0 (compatible; SemrushBot/1~bl; +http://www.semrush.com/bot.html)"
69.181.32.244 - - [03/Feb/2016:08:51:55 -0800] "GET /images/wsis-logo-sm.png HTTP/1.1" 200 6108 "http://www.thebackcountry.net/" "Mozilla/5.0 (Macintosh; Intel Mac OS X 10_11_3) AppleWebKit/537.36 (KHTML, like Gecko) Chrome/48.0.2564.97 Safari/537.36"
52.33.40.213 - - [03/Feb/2016:08:52:38 -0800] "GET /lib/reccapi.php?resort=mounthoodmeadows HTTP/1.1" 200 1066 "-" "node-superagent/1.4.0"
192.243.55.129 - - [03/Feb/2016:08:52:47 -0800] "GET /resorts?resort=soldiermountain HTTP/1.1" 404 469 "-" "Mozilla/5.0 (compatible; SemrushBot/1~bl; +http://www.semrush.com/bot.html)"
52.33.40.213 - - [03/Feb/2016:08:53:18 -0800] "GET /lib/reccapi.php?resort=crystalmountain HTTP/1.1" 200 1034 "-" "node-superagent/1.4.0"
170.75.162.130 - - [03/Feb/2016:08:53:20 -0800] "GET /lib/reccapi.php?resort=killington HTTP/1.1" 200 1079 "-" "node-superagent/1.4.0"
192.243.55.137 - - [03/Feb/2016:08:55:17 -0800] "GET /resorts?resort=gore HTTP/1.1" 404 469 "-" "Mozilla/5.0 (compatible; SemrushBot/1~bl; +http://www.semrush.com/bot.html)"
166.137.242.118 - - [03/Feb/2016:08:56:16 -0800] "GET /images/wsis-logo-sm.png HTTP/1.1" 200 6108 "http://www.thebackcountry.net/" "Mozilla/5.0 (iPhone; CPU iPhone OS 9_2_1 like Mac OS X) AppleWebKit/601.1.46 (KHTML, like Gecko) Version/9.0 Mobile/13D15 Safari/601.1"
192.243.55.134 - - [03/Feb/2016:08:57:33 -0800] "GET /resorts?resort=killington HTTP/1.1" 404 469 "-" "Mozilla/5.0 (compatible; SemrushBot/1~bl; +http://www.semrush.com/bot.html)"
170.75.162.130 - - [03/Feb/2016:08:58:41 -0800] "GET /lib/reccapi.php?resort=mtrose HTTP/1.1" 200 1081 "-" "node-superagent/1.4.0"
192.243.55.137 - - [03/Feb/2016:09:00:00 -0800] "GET /resorts?resort=bigwhite HTTP/1.1" 404 469 "-" "Mozilla/5.0 (compatible; SemrushBot/1~bl; +http://www.semrush.com/bot.html)"
192.243.55.132 - - [03/Feb/2016:09:02:17 -0800] "GET /resorts?resort=grandtarghee HTTP/1.1" 404 469 "-" "Mozilla/5.0 (compatible; SemrushBot/1~bl; +http://www.semrush.com/bot.html)"
170.75.162.130 - - [03/Feb/2016:09:02:21 -0800] "GET /lib/reccapi.php?resort=aspenheights HTTP/1.1" 200 1043 "-" "node-superagent/1.4.0"
192.243.55.129 - - [03/Feb/2016:09:04:36 -0800] "GET /resorts?resort=whitefacemountain HTTP/1.1" 404 469 "-" "Mozilla/5.0 (compatible; SemrushBot/1~bl; +http://www.semrush.com/bot.html)"
71.80.215.235 - - [03/Feb/2016:09:05:32 -0800] "GET /images/wsis-logo-sm.png HTTP/1.1" 200 6108 "http://www.thebackcountry.net/" "Mozilla/5.0 (Windows NT 6.3; WOW64; Trident/7.0; rv:11.0) like Gecko"
66.249.75.59 - - [03/Feb/2016:09:05:48 -0800] "GET /www.nzski.com/mountain.jsp?site=mthutt HTTP/1.1" 404 514 "-" "Mozilla/5.0 (iPhone; CPU iPhone OS 8_3 like Mac OS X) AppleWebKit/600.1.4 (KHTML, like Gecko) Version/8.0 Mobile/12F70 Safari/600.1.4 (compatible; Googlebot/2.1; +http://www.google.com/bot.html)"
71.80.215.235 - - [03/Feb/2016:09:05:53 -0800] "-" 408 0 "-" "-"
192.243.55.135 - - [03/Feb/2016:09:06:46 -0800] "GET /resorts?resort=whitepass HTTP/1.1" 404 469 "-" "Mozilla/5.0 (compatible; SemrushBot/1~bl; +http://www.semrush.com/bot.html)"
52.33.40.213 - - [03/Feb/2016:09:08:19 -0800] "GET /lib/reccapi.php?resort=madriverglen HTTP/1.1" 200 1096 "-" "node-superagent/1.4.0"
192.243.55.136 - - [03/Feb/2016:09:09:01 -0800] "GET /resorts?resort=granitepeak HTTP/1.1" 404 469 "-" "Mozilla/5.0 (compatible; SemrushBot/1~bl; +http://www.semrush.com/bot.html)"
192.243.55.133 - - [03/Feb/2016:09:11:04 -0800] "GET /resorts?resort=lutsen HTTP/1.1" 404 469 "-" "Mozilla/5.0 (compatible; SemrushBot/1~bl; +http://www.semrush.com/bot.html)"
192.243.55.130 - - [03/Feb/2016:09:13:12 -0800] "GET /resorts?resort=parkcity HTTP/1.1" 404 469 "-" "Mozilla/5.0 (compatible; SemrushBot/1~bl; +http://www.semrush.com/bot.html)"
192.243.55.136 - - [03/Feb/2016:09:15:23 -0800] "GET /resorts?resort=sierra-at-tahoe HTTP/1.1" 404 469 "-" "Mozilla/5.0 (compatible; SemrushBot/1~bl; +http://www.semrush.com/bot.html)"
192.243.55.138 - - [03/Feb/2016:09:17:24 -0800] "GET /resorts?resort=alyeska HTTP/1.1" 404 469 "-" "Mozilla/5.0 (compatible; SemrushBot/1~bl; +http://www.semrush.com/bot.html)"
192.243.55.135 - - [03/Feb/2016:09:19:20 -0800] "GET /resorts?resort=snowyrange HTTP/1.1" 404 469 "-" "Mozilla/5.0 (compatible; SemrushBot/1~bl; +http://www.semrush.com/bot.html)"
192.243.55.130 - - [03/Feb/2016:09:21:20 -0800] "GET /resorts?resort=whitepine HTTP/1.1" 404 469 "-" "Mozilla/5.0 (compatible; SemrushBot/1~bl; +http://www.semrush.com/bot.html)"
107.1.97.225 - - [03/Feb/2016:09:21:42 -0800] "GET /lib/reccapi.php?resort=northstar-at-tahoe HTTP/1.1" 200 1056 "-" "node-superagent/1.4.0"
107.1.97.225 - - [03/Feb/2016:09:21:47 -0800] "GET /lib/reccapi.php?resort=parkcity HTTP/1.1" 200 1002 "-" "node-superagent/1.4.0"
107.1.97.225 - - [03/Feb/2016:09:21:52 -0800] "GET /lib/reccapi.php?resort=redlodge HTTP/1.1" 200 1031 "-" "node-superagent/1.4.0"
107.1.97.225 - - [03/Feb/2016:09:21:57 -0800] "GET /lib/reccapi.php?resort=redmountain HTTP/1.1" 200 909 "-" "node-superagent/1.4.0"
107.1.97.225 - - [03/Feb/2016:09:22:02 -0800] "GET /lib/reccapi.php?resort=schweitzer HTTP/1.1" 200 1074 "-" "node-superagent/1.4.0"
107.1.97.225 - - [03/Feb/2016:09:22:07 -0800] "GET /lib/reccapi.php?resort=sierra-at-tahoe HTTP/1.1" 200 1061 "-" "node-superagent/1.4.0"
107.1.97.225 - - [03/Feb/2016:09:22:12 -0800] "GET /lib/reccapi.php?resort=silverstarmountain HTTP/1.1" 200 931 "-" "node-superagent/1.4.0"
107.1.97.225 - - [03/Feb/2016:09:22:17 -0800] "GET /lib/reccapi.php?resort=smugglersnotch HTTP/1.1" 200 1054 "-" "node-superagent/1.4.0"
107.1.97.225 - - [03/Feb/2016:09:22:22 -0800] "GET /lib/reccapi.php?resort=snowbasin HTTP/1.1" 200 978 "-" "node-superagent/1.4.0"
107.1.97.225 - - [03/Feb/2016:09:22:27 -0800] "GET /lib/reccapi.php?resort=snowbird HTTP/1.1" 200 1004 "-" "node-superagent/1.4.0"
107.1.97.225 - - [03/Feb/2016:09:22:32 -0800] "GET /lib/reccapi.php?resort=snowmass HTTP/1.1" 200 1017 "-" "node-superagent/1.4.0"
107.1.97.225 - - [03/Feb/2016:09:22:37 -0800] "GET /lib/reccapi.php?resort=squawvalleyusa HTTP/1.1" 200 1078 "-" "node-superagent/1.4.0"
107.1.97.225 - - [03/Feb/2016:09:22:42 -0800] "GET /lib/reccapi.php?resort=steamboat HTTP/1.1" 200 1011 "-" "node-superagent/1.4.0"
107.1.97.225 - - [03/Feb/2016:09:22:47 -0800] "GET /lib/reccapi.php?resort=stevenspass HTTP/1.1" 200 1033 "-" "node-superagent/1.4.0"
107.1.97.225 - - [03/Feb/2016:09:22:52 -0800] "GET /lib/reccapi.php?resort=stowe HTTP/1.1" 200 1060 "-" "node-superagent/1.4.0"
107.1.97.225 - - [03/Feb/2016:09:22:57 -0800] "GET /lib/reccapi.php?resort=sugarbowl HTTP/1.1" 200 1039 "-" "node-superagent/1.4.0"
107.1.97.225 - - [03/Feb/2016:09:23:02 -0800] "GET /lib/reccapi.php?resort=sugarbush HTTP/1.1" 200 1044 "-" "node-superagent/1.4.0"
107.1.97.225 - - [03/Feb/2016:09:23:07 -0800] "GET /lib/reccapi.php?resort=sugarloaf HTTP/1.1" 200 1109 "-" "node-superagent/1.4.0"
107.1.97.225 - - [03/Feb/2016:09:23:12 -0800] "GET /lib/reccapi.php?resort=sundayriver HTTP/1.1" 200 1065 "-" "node-superagent/1.4.0"
107.1.97.225 - - [03/Feb/2016:09:23:17 -0800] "GET /lib/reccapi.php?resort=sunvalley HTTP/1.1" 200 1040 "-" "node-superagent/1.4.0"
107.1.97.225 - - [03/Feb/2016:09:23:22 -0800] "GET /lib/reccapi.php?resort=winterpark HTTP/1.1" 200 1102 "-" "node-superagent/1.4.0"
192.243.55.133 - - [03/Feb/2016:09:23:25 -0800] "GET /resorts?resort=mtlemmonskivalley HTTP/1.1" 404 469 "-" "Mozilla/5.0 (compatible; SemrushBot/1~bl; +http://www.semrush.com/bot.html)"
107.1.97.225 - - [03/Feb/2016:09:23:27 -0800] "GET /lib/reccapi.php?resort=solitude HTTP/1.1" 200 991 "-" "node-superagent/1.4.0"
107.1.97.225 - - [03/Feb/2016:09:23:32 -0800] "GET /lib/reccapi.php?resort=sunpeaksresort HTTP/1.1" 200 917 "-" "node-superagent/1.4.0"
107.1.97.225 - - [03/Feb/2016:09:23:37 -0800] "GET /lib/reccapi.php?resort=whistlerblackcomb HTTP/1.1" 200 935 "-" "node-superagent/1.4.0"
107.1.97.225 - - [03/Feb/2016:09:23:42 -0800] "GET /lib/reccapi.php?resort=whitefacemountain HTTP/1.1" 200 1081 "-" "node-superagent/1.4.0"
107.1.97.225 - - [03/Feb/2016:09:23:47 -0800] "GET /lib/reccapi.php?resort=wildcatmountain HTTP/1.1" 200 1082 "-" "node-superagent/1.4.0"
107.1.97.225 - - [03/Feb/2016:09:23:52 -0800] "GET /lib/reccapi.php?resort=taos HTTP/1.1" 200 1043 "-" "node-superagent/1.4.0"
107.1.97.225 - - [03/Feb/2016:09:23:57 -0800] "GET /lib/reccapi.php?resort=telluride HTTP/1.1" 200 1012 "-" "node-superagent/1.4.0"
192.243.55.134 - - [03/Feb/2016:09:25:13 -0800] "GET /resorts?resort=canyons HTTP/1.1" 404 469 "-" "Mozilla/5.0 (compatible; SemrushBot/1~bl; +http://www.semrush.com/bot.html)"
192.243.55.129 - - [03/Feb/2016:09:27:10 -0800] "GET /resorts?resort=alpinemeadows HTTP/1.1" 404 469 "-" "Mozilla/5.0 (compatible; SemrushBot/1~bl; +http://www.semrush.com/bot.html)"
192.243.55.138 - - [03/Feb/2016:09:29:05 -0800] "GET /resorts?resort=mountainhigh HTTP/1.1" 404 469 "-" "Mozilla/5.0 (compatible; SemrushBot/1~bl; +http://www.semrush.com/bot.html)"
192.243.55.132 - - [03/Feb/2016:09:30:58 -0800] "GET /resorts?resort=ferniealpine HTTP/1.1" 404 469 "-" "Mozilla/5.0 (compatible; SemrushBot/1~bl; +http://www.semrush.com/bot.html)"
170.75.162.130 - - [03/Feb/2016:09:32:25 -0800] "GET /lib/reccapi.php?resort=aspenmountain HTTP/1.1" 200 1004 "-" "node-superagent/1.4.0"
170.75.162.130 - - [03/Feb/2016:09:32:25 -0800] "GET /lib/reccapi.php?resort=buttermilk HTTP/1.1" 200 994 "-" "node-superagent/1.4.0"
170.75.162.130 - - [03/Feb/2016:09:32:25 -0800] "GET /lib/reccapi.php?resort=loveland HTTP/1.1" 200 1143 "-" "node-superagent/1.4.0"
170.75.162.130 - - [03/Feb/2016:09:32:25 -0800] "GET /lib/reccapi.php?resort=snowmass HTTP/1.1" 200 1017 "-" "node-superagent/1.4.0"
170.75.162.130 - - [03/Feb/2016:09:32:25 -0800] "GET /lib/reccapi.php?resort=monarch HTTP/1.1" 200 1062 "-" "node-superagent/1.4.0"
170.75.162.130 - - [03/Feb/2016:09:32:25 -0800] "GET /lib/reccapi.php?resort=steamboat HTTP/1.1" 200 1011 "-" "node-superagent/1.4.0"
170.75.162.130 - - [03/Feb/2016:09:32:25 -0800] "GET /lib/reccapi.php?resort=coppermountain HTTP/1.1" 200 1107 "-" "node-superagent/1.4.0"
192.243.55.130 - - [03/Feb/2016:09:32:50 -0800] "GET /resorts?resort=mounthoodskibowl HTTP/1.1" 404 469 "-" "Mozilla/5.0 (compatible; SemrushBot/1~bl; +http://www.semrush.com/bot.html)"
163.6.232.212 - - [03/Feb/2016:09:34:29 -0800] "GET /images/wsis-logo-sm.png HTTP/1.1" 200 6108 "http://www.thebackcountry.net/" "Mozilla/5.0 (Windows NT 6.1; WOW64) AppleWebKit/537.36 (KHTML, like Gecko) Chrome/48.0.2564.97 Safari/537.36"
192.243.55.131 - - [03/Feb/2016:09:34:33 -0800] "GET /feedback HTTP/1.1" 404 469 "-" "Mozilla/5.0 (compatible; SemrushBot/1~bl; +http://www.semrush.com/bot.html)"
180.76.15.33 - - [03/Feb/2016:09:35:17 -0800] "GET / HTTP/1.1" 200 6995 "-" "Mozilla/5.0 (compatible; Baiduspider/2.0; +http://www.baidu.com/search/spider.html)"
180.76.15.145 - - [03/Feb/2016:09:36:14 -0800] "GET / HTTP/1.1" 200 6995 "-" "Mozilla/5.0 (compatible; Baiduspider/2.0; +http://www.baidu.com/search/spider.html)"
192.243.55.130 - - [03/Feb/2016:09:36:29 -0800] "GET /resorts?resort=arapahoebasin HTTP/1.1" 404 469 "-" "Mozilla/5.0 (compatible; SemrushBot/1~bl; +http://www.semrush.com/bot.html)"
192.243.55.132 - - [03/Feb/2016:09:38:15 -0800] "GET /resorts?resort=kickinghorsemountain HTTP/1.1" 404 469 "-" "Mozilla/5.0 (compatible; SemrushBot/1~bl; +http://www.semrush.com/bot.html)"
75.142.249.184 - - [03/Feb/2016:09:39:16 -0800] "GET /images/wsis-logo-sm.png HTTP/1.1" 200 6108 "http://www.thebackcountry.net/" "Mozilla/5.0 (Windows NT 6.3; WOW64) AppleWebKit/537.36 (KHTML, like Gecko) Chrome/48.0.2564.97 Safari/537.36"
74.3.126.18 - - [03/Feb/2016:09:39:43 -0800] "GET /images/wsis-logo-sm.png HTTP/1.1" 200 6108 "http://www.thebackcountry.net/" "Mozilla/5.0 (Windows NT 6.1; WOW64) AppleWebKit/537.36 (KHTML, like Gecko) Chrome/48.0.2564.97 Safari/537.36"
192.243.55.135 - - [03/Feb/2016:09:40:01 -0800] "GET /resorts?resort=eldora HTTP/1.1" 404 469 "-" "Mozilla/5.0 (compatible; SemrushBot/1~bl; +http://www.semrush.com/bot.html)"
192.243.55.136 - - [03/Feb/2016:09:41:43 -0800] "GET /resorts?resort=redlodge HTTP/1.1" 404 469 "-" "Mozilla/5.0 (compatible; SemrushBot/1~bl; +http://www.semrush.com/bot.html)"
192.243.55.136 - - [03/Feb/2016:09:43:28 -0800] "GET /resorts?resort=steamboat HTTP/1.1" 404 469 "-" "Mozilla/5.0 (compatible; SemrushBot/1~bl; +http://www.semrush.com/bot.html)"
192.243.55.129 - - [03/Feb/2016:09:45:18 -0800] "GET /resorts?resort=solitude HTTP/1.1" 404 469 "-" "Mozilla/5.0 (compatible; SemrushBot/1~bl; +http://www.semrush.com/bot.html)"
173.219.119.18 - - [03/Feb/2016:09:45:36 -0800] "GET /images/wsis-logo-sm.png HTTP/1.1" 200 6108 "http://www.thebackcountry.net/" "Mozilla/5.0 (Windows NT 6.1; WOW64) AppleWebKit/537.36 (KHTML, like Gecko) Chrome/48.0.2564.97 Safari/537.36"
108.248.165.231 - - [03/Feb/2016:09:46:34 -0800] "GET /images/wsis-logo-sm.png HTTP/1.1" 200 6108 "http://www.thebackcountry.net/" "Mozilla/5.0 (Windows NT 6.1; WOW64) AppleWebKit/537.36 (KHTML, like Gecko) Chrome/48.0.2564.97 Safari/537.36"
50.184.186.189 - - [03/Feb/2016:09:53:10 -0800] "GET /images/wsis-logo-sm.png HTTP/1.1" 200 6108 "http://www.thebackcountry.net/" "Mozilla/5.0 (iPhone; CPU iPhone OS 9_2_1 like Mac OS X) AppleWebKit/601.1.46 (KHTML, like Gecko) Version/9.0 Mobile/13D15 Safari/601.1"
198.189.65.254 - - [03/Feb/2016:09:55:06 -0800] "GET /images/wsis-logo-sm.png HTTP/1.1" 200 6108 "http://www.thebackcountry.net/" "Mozilla/5.0 (Macintosh; Intel Mac OS X 10_10_5) AppleWebKit/537.36 (KHTML, like Gecko) Chrome/48.0.2564.97 Safari/537.36"
170.75.162.130 - - [03/Feb/2016:09:57:18 -0800] "GET /lib/reccapi.php?resort=sunvalley HTTP/1.1" 200 1040 "-" "node-superagent/1.4.0"
66.249.69.96 - - [03/Feb/2016:10:07:25 -0800] "GET / HTTP/1.1" 200 2615 "-" "Mozilla/5.0 (compatible; Googlebot/2.1; +http://www.google.com/bot.html)"
66.249.69.96 - - [03/Feb/2016:10:12:19 -0800] "GET /viz/2012-2013-viz.php HTTP/1.1" 404 506 "-" "SAMSUNG-SGH-E250/1.0 Profile/MIDP-2.0 Configuration/CLDC-1.1 UP.Browser/6.2.3.3.c.1.101 (GUI) MMP/2.0 (compatible; Googlebot-Mobile/2.1; +http://www.google.com/bot.html)"
170.75.162.130 - - [03/Feb/2016:10:13:00 -0800] "GET /lib/reccapi.php?resort=cannonmountain HTTP/1.1" 200 1091 "-" "node-superagent/1.4.0"
66.249.69.112 - - [03/Feb/2016:10:16:16 -0800] "GET /resorts?resort=losttrailpowdermountain&date=2014-02-25 HTTP/1.1" 404 506 "-" "Mozilla/5.0 (iPhone; CPU iPhone OS 8_3 like Mac OS X) AppleWebKit/600.1.4 (KHTML, like Gecko) Version/8.0 Mobile/12F70 Safari/600.1.4 (compatible; Googlebot/2.1; +http://www.google.com/bot.html)"
170.75.162.130 - - [03/Feb/2016:10:18:41 -0800] "GET /lib/reccapi.php?resort=sundayriver HTTP/1.1" 200 1065 "-" "node-superagent/1.4.0"
104.133.2.67 - - [03/Feb/2016:10:19:06 -0800] "GET /images/wsis-logo-sm.png HTTP/1.1" 200 6108 "http://www.thebackcountry.net/" "Mozilla/5.0 (Windows NT 6.1; WOW64) AppleWebKit/537.36 (KHTML, like Gecko) Chrome/48.0.2564.97 Safari/537.36"
170.75.162.130 - - [03/Feb/2016:10:20:21 -0800] "GET /lib/reccapi.php?resort=sugarbush HTTP/1.1" 200 1044 "-" "node-superagent/1.4.0"
75.111.96.245 - - [03/Feb/2016:10:24:12 -0800] "GET /images/wsis-logo-sm.png HTTP/1.1" 200 6108 "http://www.thebackcountry.net/" "Mozilla/5.0 (iPhone; CPU iPhone OS 9_2_1 like Mac OS X) AppleWebKit/601.1.46 (KHTML, like Gecko) Version/9.0 Mobile/13D15 Safari/601.1"
52.33.40.213 - - [03/Feb/2016:10:25:33 -0800] "GET /lib/reccapi.php?resort=alta HTTP/1.1" 200 990 "-" "node-superagent/1.4.0"
52.33.40.213 - - [03/Feb/2016:10:26:13 -0800] "GET /lib/reccapi.php?resort=snowbird HTTP/1.1" 200 1004 "-" "node-superagent/1.4.0"
170.75.162.130 - - [03/Feb/2016:10:27:02 -0800] "GET /lib/reccapi.php?resort=schweitzer HTTP/1.1" 200 1074 "-" "node-superagent/1.4.0"
75.109.247.5 - - [03/Feb/2016:10:34:46 -0800] "GET /images/wsis-logo-sm.png HTTP/1.1" 304 187 "http://www.thebackcountry.net/" "Mozilla/5.0 (Windows NT 6.1) AppleWebKit/537.36 (KHTML, like Gecko) Chrome/48.0.2564.97 Safari/537.36"
180.76.15.17 - - [03/Feb/2016:10:35:15 -0800] "GET / HTTP/1.1" 200 6995 "-" "Mozilla/5.0 (compatible; Baiduspider/2.0; +http://www.baidu.com/search/spider.html)"
180.76.15.162 - - [03/Feb/2016:10:36:11 -0800] "GET / HTTP/1.1" 200 6995 "-" "Mozilla/5.0 (compatible; Baiduspider/2.0; +http://www.baidu.com/search/spider.html)"
24.156.0.173 - - [03/Feb/2016:10:41:07 -0800] "GET /images/wsis-logo-sm.png HTTP/1.1" 200 6108 "http://www.thebackcountry.net/" "Mozilla/5.0 (Macintosh; Intel Mac OS X 10.10; rv:43.0) Gecko/20100101 Firefox/43.0"
204.154.219.70 - - [03/Feb/2016:10:42:36 -0800] "GET /images/wsis-logo-sm.png HTTP/1.1" 200 6108 "http://www.thebackcountry.net/" "Mozilla/5.0 (iPhone; CPU iPhone OS 8_4_1 like Mac OS X) AppleWebKit/600.1.4 (KHTML, like Gecko) Version/8.0 Mobile/12H321 Safari/600.1.4"
70.235.44.201 - - [03/Feb/2016:10:48:44 -0800] "GET /images/wsis-logo-sm.png HTTP/1.1" 200 6108 "http://www.thebackcountry.net/" "Mozilla/5.0 (Windows NT 6.1; WOW64) AppleWebKit/537.36 (KHTML, like Gecko) Chrome/47.0.2526.111 Safari/537.36"
72.160.5.185 - - [03/Feb/2016:10:48:55 -0800] "GET /images/wsis-logo-sm.png HTTP/1.1" 200 6108 "http://www.thebackcountry.net/" "Mozilla/5.0 (Macintosh; Intel Mac OS X 10_10_5) AppleWebKit/601.4.4 (KHTML, like Gecko) Version/9.0.3 Safari/601.4.4"
