50.159.92.126 - - [11/Feb/2016:01:43:27 -0800] "GET /scripts/fa48e319.main.js HTTP/1.1" 200 123455 "http://whereshouldiski.com/" "Mozilla/5.0 (Linux; Android 5.0; SAMSUNG-SM-G870A Build/LRX21T) AppleWebKit/537.36 (KHTML, like Gecko) Chrome/48.0.2564.95 Mobile Safari/537.36"
50.159.92.126 - - [11/Feb/2016:01:43:29 -0800] "GET /lib/reccapi.php?fields=t HTTP/1.1" 200 1796 "http://whereshouldiski.com/" "Mozilla/5.0 (Linux; Android 5.0; SAMSUNG-SM-G870A Build/LRX21T) AppleWebKit/537.36 (KHTML, like Gecko) Chrome/48.0.2564.95 Mobile Safari/537.36"
50.159.92.126 - - [11/Feb/2016:01:43:29 -0800] "GET /images/button.png HTTP/1.1" 200 598 "http://whereshouldiski.com/styles/ee08faa9.main.css" "Mozilla/5.0 (Linux; Android 5.0; SAMSUNG-SM-G870A Build/LRX21T) AppleWebKit/537.36 (KHTML, like Gecko) Chrome/48.0.2564.95 Mobile Safari/537.36"
50.159.92.126 - - [11/Feb/2016:01:43:29 -0800] "GET /favicon.ico HTTP/1.1" 200 4612 "http://whereshouldiski.com/" "Mozilla/5.0 (Linux; Android 5.0; SAMSUNG-SM-G870A Build/LRX21T) AppleWebKit/537.36 (KHTML, like Gecko) Chrome/48.0.2564.95 Mobile Safari/537.36"
50.159.92.126 - - [11/Feb/2016:01:43:29 -0800] "GET /images/greyHeader.png HTTP/1.1" 200 508 "http://whereshouldiski.com/styles/ee08faa9.main.css" "Mozilla/5.0 (Linux; Android 5.0; SAMSUNG-SM-G870A Build/LRX21T) AppleWebKit/537.36 (KHTML, like Gecko) Chrome/48.0.2564.95 Mobile Safari/537.36"
50.159.92.126 - - [11/Feb/2016:01:43:29 -0800] "GET /images/snowflake5.png HTTP/1.1" 200 2857 "http://whereshouldiski.com/styles/ee08faa9.main.css" "Mozilla/5.0 (Linux; Android 5.0; SAMSUNG-SM-G870A Build/LRX21T) AppleWebKit/537.36 (KHTML, like Gecko) Chrome/48.0.2564.95 Mobile Safari/537.36"
50.159.92.126 - - [11/Feb/2016:01:43:29 -0800] "GET /images/bluebird5.png HTTP/1.1" 200 2178 "http://whereshouldiski.com/styles/ee08faa9.main.css" "Mozilla/5.0 (Linux; Android 5.0; SAMSUNG-SM-G870A Build/LRX21T) AppleWebKit/537.36 (KHTML, like Gecko) Chrome/48.0.2564.95 Mobile Safari/537.36"
50.159.92.126 - - [11/Feb/2016:01:43:29 -0800] "GET /images/mtns-icon.png HTTP/1.1" 200 1097 "http://whereshouldiski.com/styles/ee08faa9.main.css" "Mozilla/5.0 (Linux; Android 5.0; SAMSUNG-SM-G870A Build/LRX21T) AppleWebKit/537.36 (KHTML, like Gecko) Chrome/48.0.2564.95 Mobile Safari/537.36"
50.159.92.126 - - [11/Feb/2016:01:43:29 -0800] "GET /images/star5.png HTTP/1.1" 200 1783 "http://whereshouldiski.com/styles/ee08faa9.main.css" "Mozilla/5.0 (Linux; Android 5.0; SAMSUNG-SM-G870A Build/LRX21T) AppleWebKit/537.36 (KHTML, like Gecko) Chrome/48.0.2564.95 Mobile Safari/537.36"
50.159.92.126 - - [11/Feb/2016:01:43:29 -0800] "GET /images/shading-icon.png HTTP/1.1" 200 537 "http://whereshouldiski.com/styles/ee08faa9.main.css" "Mozilla/5.0 (Linux; Android 5.0; SAMSUNG-SM-G870A Build/LRX21T) AppleWebKit/537.36 (KHTML, like Gecko) Chrome/48.0.2564.95 Mobile Safari/537.36"
66.249.79.234 - - [11/Feb/2016:02:14:47 -0800] "GET /lib/reccapi.php?resort=eaglecrestskiarea&date=2016-02-07 HTTP/1.1" 200 1060 "http://whereshouldiski.com/" "Mozilla/5.0 (compatible; Googlebot/2.1; +http://www.google.com/bot.html)"
66.249.79.220 - - [11/Feb/2016:02:14:48 -0800] "GET /lib/reccapi.php?fields=t&date=2016-02-07&coords=58.27%2C-134.52&size=7&sort=distance HTTP/1.1" 200 1323 "http://whereshouldiski.com/" "Mozilla/5.0 (compatible; Googlebot/2.1; +http://www.google.com/bot.html)"
66.249.79.234 - - [11/Feb/2016:02:14:48 -0800] "GET /lib/resortDataSearchD3.php?size=7&sortDate=T&resort=eaglecrestskiarea&dateStart=2016-02-05 HTTP/1.1" 200 865 "http://whereshouldiski.com/" "Mozilla/5.0 (compatible; Googlebot/2.1; +http://www.google.com/bot.html)"
180.76.15.146 - - [11/Feb/2016:02:32:38 -0800] "GET / HTTP/1.1" 200 6995 "-" "Mozilla/5.0 (compatible; Baiduspider/2.0; +http://www.baidu.com/search/spider.html)"
180.76.15.13 - - [11/Feb/2016:02:33:33 -0800] "GET / HTTP/1.1" 200 6995 "-" "Mozilla/5.0 (compatible; Baiduspider/2.0; +http://www.baidu.com/search/spider.html)"
112.198.77.136 - - [11/Feb/2016:02:38:18 -0800] "GET /images/wsis-logo-sm.png HTTP/1.1" 200 6108 "http://www.thebackcountry.net/" "Mozilla/5.0 (Macintosh; Intel Mac OS X 10_10_5) AppleWebKit/600.8.9 (KHTML, like Gecko) Version/8.0.8 Safari/600.8.9"
170.75.162.130 - - [11/Feb/2016:02:47:44 -0800] "GET /lib/reccapi.php?resort=monarch HTTP/1.1" 200 949 "-" "node-superagent/1.4.0"
169.229.3.91 - - [11/Feb/2016:02:49:51 -0800] "\x19@\xf6e\x8eO]MQ\x17\x14M\xe6\xbf\t\x9a8\xfe+\x8f\xf1\x13$\x19\xfd\xa7\x87\xd0h\xab\xc5\xca\x80\xec\xcb2\xe8\xde\xf4" 400 334 "-" "-"
52.33.40.213 - - [11/Feb/2016:02:54:14 -0800] "GET /lib/reccapi.php?resort=mountbachelor HTTP/1.1" 200 995 "-" "node-superagent/1.4.0"
52.33.40.213 - - [11/Feb/2016:02:54:14 -0800] "GET /lib/reccapi.php?resort=mountspokane HTTP/1.1" 200 1063 "-" "node-superagent/1.4.0"
52.33.40.213 - - [11/Feb/2016:02:55:14 -0800] "GET /lib/reccapi.php?resort=schweitzer HTTP/1.1" 200 1016 "-" "node-superagent/1.4.0"
52.33.40.213 - - [11/Feb/2016:02:55:24 -0800] "GET /lib/reccapi.php?resort=stevenspass HTTP/1.1" 200 1051 "-" "node-superagent/1.4.0"
170.75.162.130 - - [11/Feb/2016:03:13:07 -0800] "GET /lib/reccapi.php?resort=sierra-at-tahoe HTTP/1.1" 200 959 "-" "node-superagent/1.4.0"
128.232.110.28 - - [11/Feb/2016:03:17:28 -0800] "GET / HTTP/1.1" 200 6976 "-" "Mozilla/5.0 zgrab/0.x"
170.75.162.130 - - [11/Feb/2016:03:20:59 -0800] "GET /lib/reccapi.php?resort=grandtarghee HTTP/1.1" 200 1003 "-" "node-superagent/1.4.0"
170.75.162.130 - - [11/Feb/2016:03:29:00 -0800] "GET /lib/reccapi.php?resort=buttermilk HTTP/1.1" 200 944 "-" "node-superagent/1.4.0"
180.76.15.137 - - [11/Feb/2016:03:32:45 -0800] "GET / HTTP/1.1" 200 6995 "-" "Mozilla/5.0 (compatible; Baiduspider/2.0; +http://www.baidu.com/search/spider.html)"
180.76.15.157 - - [11/Feb/2016:03:33:39 -0800] "GET / HTTP/1.1" 200 6995 "-" "Mozilla/5.0 (compatible; Baiduspider/2.0; +http://www.baidu.com/search/spider.html)"
170.75.162.130 - - [11/Feb/2016:03:39:31 -0800] "GET /lib/reccapi.php?resort=homewoodmountain HTTP/1.1" 200 988 "-" "node-superagent/1.4.0"
170.75.162.130 - - [11/Feb/2016:03:39:31 -0800] "GET /lib/reccapi.php?resort=chinapeak HTTP/1.1" 200 986 "-" "node-superagent/1.4.0"
141.8.143.217 - - [11/Feb/2016:03:40:53 -0800] "GET /robots.txt HTTP/1.1" 200 375 "-" "Mozilla/5.0 (compatible; YandexBot/3.0; +http://yandex.com/bots)"
170.75.162.130 - - [11/Feb/2016:03:44:32 -0800] "GET /lib/reccapi.php?resort=keystone HTTP/1.1" 200 985 "-" "node-superagent/1.4.0"
66.249.79.227 - - [11/Feb/2016:03:49:19 -0800] "GET / HTTP/1.1" 200 2615 "-" "Mozilla/5.0 (iPhone; CPU iPhone OS 8_3 like Mac OS X) AppleWebKit/600.1.4 (KHTML, like Gecko) Version/8.0 Mobile/12F70 Safari/600.1.4 (compatible; Googlebot/2.1; +http://www.google.com/bot.html)"
52.33.40.213 - - [11/Feb/2016:03:51:28 -0800] "GET /lib/reccapi.php?resort=brianhead HTTP/1.1" 200 990 "-" "node-superagent/1.4.0"
52.33.40.213 - - [11/Feb/2016:03:51:38 -0800] "GET /lib/reccapi.php?resort=angelfire HTTP/1.1" 200 966 "-" "node-superagent/1.4.0"
52.33.40.213 - - [11/Feb/2016:03:52:18 -0800] "GET /lib/reccapi.php?resort=crystalmountain HTTP/1.1" 200 1038 "-" "node-superagent/1.4.0"
52.33.40.213 - - [11/Feb/2016:03:52:28 -0800] "GET /lib/reccapi.php?resort=mounthoodmeadows HTTP/1.1" 200 1052 "-" "node-superagent/1.4.0"
52.33.40.213 - - [11/Feb/2016:03:52:38 -0800] "GET /lib/reccapi.php?resort=monarch HTTP/1.1" 200 949 "-" "node-superagent/1.4.0"
52.33.40.213 - - [11/Feb/2016:03:57:38 -0800] "GET /lib/reccapi.php?resort=alyeska HTTP/1.1" 200 1018 "-" "node-superagent/1.4.0"
170.75.162.130 - - [11/Feb/2016:03:57:43 -0800] "GET /lib/reccapi.php?resort=hoodoo HTTP/1.1" 200 1002 "-" "node-superagent/1.4.0"
199.19.249.196 - - [11/Feb/2016:04:06:15 -0800] "GET / HTTP/1.1" 200 7032 "-" "Mozilla/5.0 (Windows NT 6.1; WOW64) AppleWebKit/537.36 (KHTML, like Gecko) Chrome/48.0.2564.109 Safari/537.36"
170.252.72.61 - - [11/Feb/2016:04:06:16 -0800] "GET / HTTP/1.1" 200 2615 "https://www.google.com/" "Mozilla/5.0 (Windows NT 6.1; WOW64) AppleWebKit/537.36 (KHTML, like Gecko) Chrome/48.0.2564.109 Safari/537.36"
170.252.72.61 - - [11/Feb/2016:04:06:16 -0800] "GET /styles/ee08faa9.main.css HTTP/1.1" 200 19446 "http://whereshouldiski.com/" "Mozilla/5.0 (Windows NT 6.1; WOW64) AppleWebKit/537.36 (KHTML, like Gecko) Chrome/48.0.2564.109 Safari/537.36"
170.252.72.61 - - [11/Feb/2016:04:06:16 -0800] "GET /scripts/scripts/vendor/modernizr.js HTTP/1.1" 200 4903 "http://whereshouldiski.com/" "Mozilla/5.0 (Windows NT 6.1; WOW64) AppleWebKit/537.36 (KHTML, like Gecko) Chrome/48.0.2564.109 Safari/537.36"
170.252.72.61 - - [11/Feb/2016:04:06:16 -0800] "GET /images/logo-square-white-sm.png HTTP/1.1" 200 1684 "http://whereshouldiski.com/" "Mozilla/5.0 (Windows NT 6.1; WOW64) AppleWebKit/537.36 (KHTML, like Gecko) Chrome/48.0.2564.109 Safari/537.36"
170.252.72.61 - - [11/Feb/2016:04:06:17 -0800] "GET /bower_components/requirejs/require.js HTTP/1.1" 200 6702 "http://whereshouldiski.com/" "Mozilla/5.0 (Windows NT 6.1; WOW64) AppleWebKit/537.36 (KHTML, like Gecko) Chrome/48.0.2564.109 Safari/537.36"
170.252.72.61 - - [11/Feb/2016:04:06:17 -0800] "GET /images/loading.gif HTTP/1.1" 200 13881 "http://whereshouldiski.com/" "Mozilla/5.0 (Windows NT 6.1; WOW64) AppleWebKit/537.36 (KHTML, like Gecko) Chrome/48.0.2564.109 Safari/537.36"
170.252.72.61 - - [11/Feb/2016:04:06:17 -0800] "GET /scripts/fa48e319.main.js HTTP/1.1" 200 123455 "http://whereshouldiski.com/" "Mozilla/5.0 (Windows NT 6.1; WOW64) AppleWebKit/537.36 (KHTML, like Gecko) Chrome/48.0.2564.109 Safari/537.36"
170.252.72.61 - - [11/Feb/2016:04:06:18 -0800] "GET /images/button.png HTTP/1.1" 200 598 "http://whereshouldiski.com/styles/ee08faa9.main.css" "Mozilla/5.0 (Windows NT 6.1; WOW64) AppleWebKit/537.36 (KHTML, like Gecko) Chrome/48.0.2564.109 Safari/537.36"
170.252.72.61 - - [11/Feb/2016:04:06:18 -0800] "GET /images/greyHeader.png HTTP/1.1" 200 508 "http://whereshouldiski.com/styles/ee08faa9.main.css" "Mozilla/5.0 (Windows NT 6.1; WOW64) AppleWebKit/537.36 (KHTML, like Gecko) Chrome/48.0.2564.109 Safari/537.36"
199.19.249.196 - - [11/Feb/2016:04:06:18 -0800] "GET /lib/reccapi.php?fields=t HTTP/1.1" 200 10540 "-" "Mozilla/5.0 (Windows NT 6.1; WOW64) AppleWebKit/537.36 (KHTML, like Gecko) Chrome/48.0.2564.109 Safari/537.36"
170.252.72.61 - - [11/Feb/2016:04:06:19 -0800] "GET /lib/reccapi.php?fields=t HTTP/1.1" 200 1796 "http://whereshouldiski.com/" "Mozilla/5.0 (Windows NT 6.1; WOW64) AppleWebKit/537.36 (KHTML, like Gecko) Chrome/48.0.2564.109 Safari/537.36"
170.252.72.61 - - [11/Feb/2016:04:06:19 -0800] "GET /images/bluebird5.png HTTP/1.1" 200 2177 "http://whereshouldiski.com/styles/ee08faa9.main.css" "Mozilla/5.0 (Windows NT 6.1; WOW64) AppleWebKit/537.36 (KHTML, like Gecko) Chrome/48.0.2564.109 Safari/537.36"
170.252.72.61 - - [11/Feb/2016:04:06:19 -0800] "GET /images/star5.png HTTP/1.1" 200 1783 "http://whereshouldiski.com/styles/ee08faa9.main.css" "Mozilla/5.0 (Windows NT 6.1; WOW64) AppleWebKit/537.36 (KHTML, like Gecko) Chrome/48.0.2564.109 Safari/537.36"
170.252.72.61 - - [11/Feb/2016:04:06:19 -0800] "GET /images/mtns-icon.png HTTP/1.1" 200 1096 "http://whereshouldiski.com/styles/ee08faa9.main.css" "Mozilla/5.0 (Windows NT 6.1; WOW64) AppleWebKit/537.36 (KHTML, like Gecko) Chrome/48.0.2564.109 Safari/537.36"
170.252.72.61 - - [11/Feb/2016:04:06:19 -0800] "GET /images/snowflake5.png HTTP/1.1" 200 2857 "http://whereshouldiski.com/styles/ee08faa9.main.css" "Mozilla/5.0 (Windows NT 6.1; WOW64) AppleWebKit/537.36 (KHTML, like Gecko) Chrome/48.0.2564.109 Safari/537.36"
170.252.72.61 - - [11/Feb/2016:04:06:19 -0800] "GET /images/shading-icon.png HTTP/1.1" 200 537 "http://whereshouldiski.com/styles/ee08faa9.main.css" "Mozilla/5.0 (Windows NT 6.1; WOW64) AppleWebKit/537.36 (KHTML, like Gecko) Chrome/48.0.2564.109 Safari/537.36"
170.252.72.61 - - [11/Feb/2016:04:06:20 -0800] "GET /favicon.ico HTTP/1.1" 200 4612 "http://whereshouldiski.com/" "Mozilla/5.0 (Windows NT 6.1; WOW64) AppleWebKit/537.36 (KHTML, like Gecko) Chrome/48.0.2564.109 Safari/537.36"
170.75.162.130 - - [11/Feb/2016:04:06:24 -0800] "GET /lib/reccapi.php?resort=winterpark HTTP/1.1" 200 988 "-" "node-superagent/1.4.0"
127.0.0.1 - - [11/Feb/2016:04:06:27 -0800] "OPTIONS * HTTP/1.0" 200 126 "-" "Apache/2.2.22 (Ubuntu) (internal dummy connection)"
104.238.180.234 - - [11/Feb/2016:04:06:54 -0800] "GET / HTTP/1.1" 200 6976 "-" "Mozilla/5.0 (Windows NT 6.1; WOW64) AppleWebKit/537.36 (KHTML, like Gecko) Chrome/40.0.2214.115 Safari/537.36"
52.33.40.213 - - [11/Feb/2016:04:09:39 -0800] "GET /lib/reccapi.php?resort=49degreesnorth HTTP/1.1" 200 1054 "-" "node-superagent/1.4.0"
52.33.40.213 - - [11/Feb/2016:04:29:10 -0800] "GET /lib/reccapi.php?resort=keystone HTTP/1.1" 200 985 "-" "node-superagent/1.4.0"
52.33.40.213 - - [11/Feb/2016:04:31:40 -0800] "GET /lib/reccapi.php?resort=parkcity HTTP/1.1" 200 983 "-" "node-superagent/1.4.0"
52.33.40.213 - - [11/Feb/2016:04:33:00 -0800] "GET /lib/reccapi.php?resort=arapahoebasin HTTP/1.1" 200 996 "-" "node-superagent/1.4.0"
180.76.15.146 - - [11/Feb/2016:04:37:17 -0800] "GET / HTTP/1.1" 200 6995 "-" "Mozilla/5.0 (compatible; Baiduspider/2.0; +http://www.baidu.com/search/spider.html)"
180.76.15.26 - - [11/Feb/2016:04:38:23 -0800] "GET / HTTP/1.1" 200 6995 "-" "Mozilla/5.0 (compatible; Baiduspider/2.0; +http://www.baidu.com/search/spider.html)"
220.181.108.163 - - [11/Feb/2016:04:38:52 -0800] "GET / HTTP/1.1" 200 2578 "-" "Mozilla/5.0 (Windows NT 5.1; rv:6.0.2) Gecko/20100101 Firefox/6.0.2"
220.181.108.76 - - [11/Feb/2016:04:38:56 -0800] "GET / HTTP/1.1" 200 6995 "-" "Mozilla/5.0 (Windows NT 5.1; rv:6.0.2) Gecko/20100101 Firefox/6.0.2"
170.75.162.130 - - [11/Feb/2016:04:47:30 -0800] "GET /lib/reccapi.php?resort=brighton HTTP/1.1" 200 949 "-" "node-superagent/1.4.0"
52.33.40.213 - - [11/Feb/2016:04:51:21 -0800] "GET /lib/reccapi.php?resort=buttermilk HTTP/1.1" 200 944 "-" "node-superagent/1.4.0"
52.33.40.213 - - [11/Feb/2016:04:51:51 -0800] "GET /lib/reccapi.php?resort=snowmass HTTP/1.1" 200 938 "-" "node-superagent/1.4.0"
128.232.110.28 - - [11/Feb/2016:04:55:12 -0800] "GET / HTTP/1.1" 200 6976 "-" "Mozilla/5.0 zgrab/0.x"
170.75.162.130 - - [11/Feb/2016:05:06:12 -0800] "GET /lib/reccapi.php?resort=killington HTTP/1.1" 200 1050 "-" "node-superagent/1.4.0"
207.46.13.87 - - [11/Feb/2016:05:16:02 -0800] "GET / HTTP/1.1" 200 2615 "-" "Mozilla/5.0 (compatible; bingbot/2.0; +http://www.bing.com/bingbot.htm)"
52.33.40.213 - - [11/Feb/2016:05:18:33 -0800] "GET /lib/reccapi.php?resort=chinapeak HTTP/1.1" 200 991 "-" "node-superagent/1.4.0"
52.33.40.213 - - [11/Feb/2016:05:18:53 -0800] "GET /lib/reccapi.php?resort=mtrose HTTP/1.1" 200 959 "-" "node-superagent/1.4.0"
52.33.40.213 - - [11/Feb/2016:05:19:53 -0800] "GET /lib/reccapi.php?resort=homewoodmountain HTTP/1.1" 200 990 "-" "node-superagent/1.4.0"
52.33.40.213 - - [11/Feb/2016:05:23:53 -0800] "GET /lib/reccapi.php?resort=cannonmountain HTTP/1.1" 200 1056 "-" "node-superagent/1.4.0"
141.8.143.217 - - [11/Feb/2016:05:27:57 -0800] "GET /robots.txt HTTP/1.1" 200 375 "-" "Mozilla/5.0 (compatible; YandexBot/3.0; +http://yandex.com/bots)"
180.76.15.157 - - [11/Feb/2016:05:31:06 -0800] "GET / HTTP/1.1" 200 6995 "-" "Mozilla/5.0 (compatible; Baiduspider/2.0; +http://www.baidu.com/search/spider.html)"
99.72.232.107 - - [11/Feb/2016:05:31:20 -0800] "GET /images/wsis-logo-sm.png HTTP/1.1" 200 6108 "http://www.thebackcountry.net/" "Mozilla/5.0 (iPhone; CPU iPhone OS 9_2_1 like Mac OS X) AppleWebKit/601.1.46 (KHTML, like Gecko) Version/9.0 Mobile/13D15 Safari/601.1"
180.76.15.12 - - [11/Feb/2016:05:31:56 -0800] "GET / HTTP/1.1" 200 6995 "-" "Mozilla/5.0 (compatible; Baiduspider/2.0; +http://www.baidu.com/search/spider.html)"
170.75.162.130 - - [11/Feb/2016:05:33:56 -0800] "GET /lib/reccapi.php?resort=mountainhigh HTTP/1.1" 200 981 "-" "node-superagent/1.4.0"
141.8.143.217 - - [11/Feb/2016:05:36:06 -0800] "GET /images/loading.gif HTTP/1.1" 200 13882 "-" "Mozilla/5.0 (compatible; YandexImages/3.0; +http://yandex.com/bots)"
220.181.108.99 - - [11/Feb/2016:05:39:13 -0800] "GET / HTTP/1.1" 200 2578 "-" "Mozilla/5.0 (Windows NT 5.1; rv:6.0.2) Gecko/20100101 Firefox/6.0.2"
220.181.108.100 - - [11/Feb/2016:05:39:24 -0800] "GET / HTTP/1.1" 200 6995 "-" "Mozilla/5.0 (Windows NT 5.1; rv:6.0.2) Gecko/20100101 Firefox/6.0.2"
96.226.234.206 - - [11/Feb/2016:05:56:33 -0800] "GET /images/wsis-logo-sm.png HTTP/1.1" 200 6108 "http://www.thebackcountry.net/" "Mozilla/5.0 (Macintosh; Intel Mac OS X 10_10_5) AppleWebKit/537.36 (KHTML, like Gecko) Chrome/48.0.2564.103 Safari/537.36"
52.33.40.213 - - [11/Feb/2016:06:04:06 -0800] "GET /lib/reccapi.php?resort=kirkwood HTTP/1.1" 200 979 "-" "node-superagent/1.4.0"
52.33.40.213 - - [11/Feb/2016:06:04:06 -0800] "GET /lib/reccapi.php?resort=heavenly HTTP/1.1" 200 984 "-" "node-superagent/1.4.0"
170.75.162.130 - - [11/Feb/2016:06:21:52 -0800] "GET /lib/reccapi.php?resort=arapahoebasin HTTP/1.1" 200 995 "-" "node-superagent/1.4.0"
170.75.162.130 - - [11/Feb/2016:06:21:52 -0800] "GET /lib/reccapi.php?resort=heavenly HTTP/1.1" 200 984 "-" "node-superagent/1.4.0"
170.75.162.130 - - [11/Feb/2016:06:21:52 -0800] "GET /lib/reccapi.php?resort=kirkwood HTTP/1.1" 200 979 "-" "node-superagent/1.4.0"
170.75.162.130 - - [11/Feb/2016:06:21:53 -0800] "GET /lib/reccapi.php?resort=northstar-at-tahoe HTTP/1.1" 200 959 "-" "node-superagent/1.4.0"
170.75.162.130 - - [11/Feb/2016:06:21:53 -0800] "GET /lib/reccapi.php?resort=parkcity HTTP/1.1" 200 981 "-" "node-superagent/1.4.0"
172.99.68.9 - - [11/Feb/2016:06:28:38 -0800] "HEAD / HTTP/1.0" 200 310 "-" "-"
170.75.162.130 - - [11/Feb/2016:06:31:13 -0800] "GET /lib/reccapi.php?resort=mammothmountain HTTP/1.1" 200 982 "-" "node-superagent/1.4.0"
180.76.15.16 - - [11/Feb/2016:06:33:44 -0800] "GET / HTTP/1.1" 200 6995 "-" "Mozilla/5.0 (compatible; Baiduspider/2.0; +http://www.baidu.com/search/spider.html)"
180.76.15.144 - - [11/Feb/2016:06:34:40 -0800] "GET / HTTP/1.1" 200 6995 "-" "Mozilla/5.0 (compatible; Baiduspider/2.0; +http://www.baidu.com/search/spider.html)"
170.75.162.130 - - [11/Feb/2016:06:40:25 -0800] "GET /lib/reccapi.php?resort=alyeska HTTP/1.1" 200 1017 "-" "node-superagent/1.4.0"
52.33.40.213 - - [11/Feb/2016:06:42:19 -0800] "GET /lib/reccapi.php?resort=northstar-at-tahoe HTTP/1.1" 200 959 "-" "node-superagent/1.4.0"
52.33.40.213 - - [11/Feb/2016:06:42:49 -0800] "GET /lib/reccapi.php?resort=telluride HTTP/1.1" 200 967 "-" "node-superagent/1.4.0"
66.249.79.220 - - [11/Feb/2016:06:45:26 -0800] "GET /images/wsis-logo-sm.png HTTP/1.1" 304 187 "-" "Googlebot-Image/1.0"
66.249.79.220 - - [11/Feb/2016:06:45:37 -0800] "GET /images/viz-screenshot.png HTTP/1.1" 404 517 "-" "Googlebot-Image/1.0"
66.249.79.21 - - [11/Feb/2016:06:45:45 -0800] "GET / HTTP/1.1" 200 2615 "-" "Mozilla/5.0 (iPhone; CPU iPhone OS 8_3 like Mac OS X) AppleWebKit/600.1.4 (KHTML, like Gecko) Version/8.0 Mobile/12F70 Safari/600.1.4 (compatible; Googlebot/2.1; +http://www.google.com/bot.html)"
66.249.79.220 - - [11/Feb/2016:06:46:12 -0800] "GET /images/logo-square-white-sm.png HTTP/1.1" 304 186 "-" "Googlebot-Image/1.0"
66.249.79.220 - - [11/Feb/2016:06:46:21 -0800] "GET /images/logo-sm.png HTTP/1.1" 304 187 "-" "Googlebot-Image/1.0"
52.33.40.213 - - [11/Feb/2016:06:57:30 -0800] "GET /lib/reccapi.php?resort=brighton HTTP/1.1" 200 948 "-" "node-superagent/1.4.0"
52.33.40.213 - - [11/Feb/2016:06:59:30 -0800] "GET /lib/reccapi.php?resort=steamboat HTTP/1.1" 200 982 "-" "node-superagent/1.4.0"
170.75.162.130 - - [11/Feb/2016:06:59:37 -0800] "GET /lib/reccapi.php?resort=crystalmountain HTTP/1.1" 200 1033 "-" "node-superagent/1.4.0"
170.75.162.130 - - [11/Feb/2016:07:00:07 -0800] "GET /lib/reccapi.php?resort=squawvalleyusa HTTP/1.1" 200 975 "-" "node-superagent/1.4.0"
170.75.162.130 - - [11/Feb/2016:07:08:38 -0800] "GET /lib/reccapi.php?resort=cannonmountain HTTP/1.1" 200 1043 "-" "node-superagent/1.4.0"
170.75.162.130 - - [11/Feb/2016:07:17:19 -0800] "GET /lib/reccapi.php?resort=diamondpeak HTTP/1.1" 200 937 "-" "node-superagent/1.4.0"
170.75.162.130 - - [11/Feb/2016:07:17:20 -0800] "GET /lib/reccapi.php?resort=redlodge HTTP/1.1" 200 1006 "-" "node-superagent/1.4.0"
170.75.162.130 - - [11/Feb/2016:07:17:20 -0800] "GET /lib/reccapi.php?resort=mtrose HTTP/1.1" 200 958 "-" "node-superagent/1.4.0"
170.75.162.130 - - [11/Feb/2016:07:17:20 -0800] "GET /lib/reccapi.php?resort=bigsky HTTP/1.1" 200 961 "-" "node-superagent/1.4.0"
170.75.162.130 - - [11/Feb/2016:07:18:20 -0800] "GET /lib/reccapi.php?resort=mounthoodmeadows HTTP/1.1" 200 1060 "-" "node-superagent/1.4.0"
66.193.79.18 - - [11/Feb/2016:07:20:27 -0800] "GET /images/wsis-logo-sm.png HTTP/1.1" 200 6108 "http://www.thebackcountry.net/" "Mozilla/5.0 (Windows NT 6.1; WOW64; Trident/7.0; rv:11.0) like Gecko"
66.193.79.18 - - [11/Feb/2016:07:20:49 -0800] "-" 408 0 "-" "-"
180.76.15.153 - - [11/Feb/2016:07:33:34 -0800] "GET / HTTP/1.1" 200 6995 "-" "Mozilla/5.0 (compatible; Baiduspider/2.0; +http://www.baidu.com/search/spider.html)"
180.76.15.31 - - [11/Feb/2016:07:34:29 -0800] "GET / HTTP/1.1" 200 6995 "-" "Mozilla/5.0 (compatible; Baiduspider/2.0; +http://www.baidu.com/search/spider.html)"
170.75.162.130 - - [11/Feb/2016:07:34:42 -0800] "GET /lib/reccapi.php?resort=stevenspass HTTP/1.1" 200 1041 "-" "node-superagent/1.4.0"
170.75.162.130 - - [11/Feb/2016:07:46:33 -0800] "GET /lib/reccapi.php?resort=schweitzer HTTP/1.1" 200 1063 "-" "node-superagent/1.4.0"
170.75.162.130 - - [11/Feb/2016:07:48:14 -0800] "GET /lib/reccapi.php?resort=sunvalley HTTP/1.1" 200 1001 "-" "node-superagent/1.4.0"
170.75.162.130 - - [11/Feb/2016:07:56:15 -0800] "GET /lib/reccapi.php?resort=angelfire HTTP/1.1" 200 966 "-" "node-superagent/1.4.0"
170.75.162.130 - - [11/Feb/2016:07:56:24 -0800] "GET /lib/reccapi.php?resort=sierra-at-tahoe HTTP/1.1" 200 963 "-" "node-superagent/1.4.0"
52.33.40.213 - - [11/Feb/2016:07:56:35 -0800] "GET /lib/reccapi.php?resort=alpinemeadows HTTP/1.1" 200 968 "-" "node-superagent/1.4.0"
24.32.30.18 - - [11/Feb/2016:07:58:18 -0800] "GET /images/wsis-logo-sm.png HTTP/1.1" 200 6108 "http://www.thebackcountry.net/" "Mozilla/5.0 (Windows NT 6.0) AppleWebKit/537.36 (KHTML, like Gecko) Chrome/48.0.2564.109 Safari/537.36"
52.33.40.213 - - [11/Feb/2016:07:58:35 -0800] "GET /lib/reccapi.php?resort=squawvalleyusa HTTP/1.1" 200 974 "-" "node-superagent/1.4.0"
71.83.110.92 - - [11/Feb/2016:08:02:02 -0800] "GET /images/wsis-logo-sm.png HTTP/1.1" 200 6108 "http://www.thebackcountry.net/" "Mozilla/5.0 (X11; CrOS x86_64 7647.73.0) AppleWebKit/537.36 (KHTML, like Gecko) Chrome/48.0.2564.92 Safari/537.36"
67.180.199.168 - - [11/Feb/2016:08:03:36 -0800] "GET /images/wsis-logo-sm.png HTTP/1.1" 200 6108 "http://www.thebackcountry.net/" "Mozilla/5.0 (Macintosh; Intel Mac OS X 10.11; rv:43.0) Gecko/20100101 Firefox/43.0"
170.75.162.130 - - [11/Feb/2016:08:15:07 -0800] "GET /lib/reccapi.php?resort=brianhead HTTP/1.1" 200 990 "-" "node-superagent/1.4.0"
50.197.158.1 - - [11/Feb/2016:08:15:44 -0800] "GET /images/wsis-logo-sm.png HTTP/1.1" 200 6108 "http://thebackcountry.net/" "Mozilla/5.0 (Macintosh; Intel Mac OS X 10_8_5) AppleWebKit/537.36 (KHTML, like Gecko) Chrome/47.0.2526.111 Safari/537.36"
170.75.162.130 - - [11/Feb/2016:08:20:07 -0800] "GET /lib/reccapi.php?resort=wildcatmountain HTTP/1.1" 200 1057 "-" "node-superagent/1.4.0"
66.249.79.227 - - [11/Feb/2016:08:20:49 -0800] "GET /lib/reccapi.php?resort=eaglecrestskiarea&date=2016-01-12 HTTP/1.1" 200 696 "http://whereshouldiski.com/" "Mozilla/5.0 (compatible; Googlebot/2.1; +http://www.google.com/bot.html)"
24.10.14.100 - - [11/Feb/2016:08:28:29 -0800] "GET /images/wsis-logo-sm.png HTTP/1.1" 200 6108 "http://www.thebackcountry.net/" "Mozilla/5.0 (Macintosh; Intel Mac OS X 10_11_3) AppleWebKit/537.36 (KHTML, like Gecko) Chrome/48.0.2564.109 Safari/537.36"
24.10.14.100 - - [11/Feb/2016:08:30:01 -0800] "-" 408 0 "-" "-"
24.10.14.100 - - [11/Feb/2016:08:30:01 -0800] "-" 408 0 "-" "-"
24.10.14.100 - - [11/Feb/2016:08:30:01 -0800] "-" 408 0 "-" "-"
170.75.162.130 - - [11/Feb/2016:08:31:29 -0800] "GET /lib/reccapi.php?resort=mountspokane HTTP/1.1" 200 1017 "-" "node-superagent/1.4.0"
123.125.71.92 - - [11/Feb/2016:08:35:46 -0800] "-" 408 0 "-" "-"
180.76.15.142 - - [11/Feb/2016:08:36:12 -0800] "GET / HTTP/1.1" 200 6995 "-" "Mozilla/5.0 (compatible; Baiduspider/2.0; +http://www.baidu.com/search/spider.html)"
180.76.15.16 - - [11/Feb/2016:08:37:15 -0800] "GET / HTTP/1.1" 200 6995 "-" "Mozilla/5.0 (compatible; Baiduspider/2.0; +http://www.baidu.com/search/spider.html)"
50.168.72.40 - - [11/Feb/2016:08:40:33 -0800] "GET /images/wsis-logo-sm.png HTTP/1.1" 200 6108 "http://www.thebackcountry.net/" "Mozilla/5.0 (iPhone; CPU iPhone OS 9_2_1 like Mac OS X) AppleWebKit/601.1.46 (KHTML, like Gecko) Version/9.0 Mobile/13D15 Safari/601.1"
52.33.40.213 - - [11/Feb/2016:09:09:29 -0800] "GET /lib/reccapi.php?resort=madriverglen HTTP/1.1" 200 1063 "-" "node-superagent/1.4.0"
52.33.40.213 - - [11/Feb/2016:09:10:30 -0800] "GET /lib/reccapi.php?resort=taos HTTP/1.1" 200 927 "-" "node-superagent/1.4.0"
52.33.40.213 - - [11/Feb/2016:09:10:30 -0800] "GET /lib/reccapi.php?resort=grandtarghee HTTP/1.1" 200 986 "-" "node-superagent/1.4.0"
52.33.40.213 - - [11/Feb/2016:09:10:30 -0800] "GET /lib/reccapi.php?resort=snowbird HTTP/1.1" 200 955 "-" "node-superagent/1.4.0"
52.33.40.213 - - [11/Feb/2016:09:10:30 -0800] "GET /lib/reccapi.php?resort=stowe HTTP/1.1" 200 1037 "-" "node-superagent/1.4.0"
52.33.40.213 - - [11/Feb/2016:09:10:30 -0800] "GET /lib/reccapi.php?resort=killington HTTP/1.1" 200 1068 "-" "node-superagent/1.4.0"
52.33.40.213 - - [11/Feb/2016:09:10:30 -0800] "GET /lib/reccapi.php?resort=sunvalley HTTP/1.1" 200 1003 "-" "node-superagent/1.4.0"
52.33.40.213 - - [11/Feb/2016:09:10:30 -0800] "GET /lib/reccapi.php?resort=jacksonhole HTTP/1.1" 200 979 "-" "node-superagent/1.4.0"
52.33.40.213 - - [11/Feb/2016:09:10:30 -0800] "GET /lib/reccapi.php?resort=whistlerblackcomb HTTP/1.1" 200 931 "-" "node-superagent/1.4.0"
170.75.162.130 - - [11/Feb/2016:09:14:58 -0800] "GET /lib/reccapi.php?resort=snowbird HTTP/1.1" 200 955 "-" "node-superagent/1.4.0"
207.35.67.106 - - [11/Feb/2016:09:21:41 -0800] "GET /images/wsis-logo-sm.png HTTP/1.1" 200 6108 "http://thebackcountry.net/" "Mozilla/4.0 (compatible; MSIE 8.0; Windows NT 6.1; WOW64; Trident/4.0; SLCC2; .NET CLR 2.0.50727; .NET CLR 3.5.30729; .NET CLR 3.0.30729; Media Center PC 6.0)"
8.28.16.254 - - [11/Feb/2016:09:22:39 -0800] "GET / HTTP/1.1" 200 7032 "-" "Mozilla/4.0 (compatible; MSIE 7.0; Windows NT 5.1; InfoPath.1; .NET CLR 2.0.50727; .NET CLR 1.1.4322; MS-RTC LM 8; .NET CLR 3.0.4506.2152; .NET CLR 3.5.30729)"
73.140.236.18 - - [11/Feb/2016:09:28:50 -0800] "GET /images/wsis-logo-sm.png HTTP/1.1" 200 6108 "http://www.thebackcountry.net/" "Mozilla/5.0 (Macintosh; Intel Mac OS X 10_11_1) AppleWebKit/537.36 (KHTML, like Gecko) Chrome/45.0.2454.85 Safari/537.36"
180.76.15.140 - - [11/Feb/2016:09:30:28 -0800] "GET / HTTP/1.1" 200 6995 "-" "Mozilla/5.0 (compatible; Baiduspider/2.0; +http://www.baidu.com/search/spider.html)"
180.76.15.34 - - [11/Feb/2016:09:31:15 -0800] "GET / HTTP/1.1" 200 6995 "-" "Mozilla/5.0 (compatible; Baiduspider/2.0; +http://www.baidu.com/search/spider.html)"
98.232.231.171 - - [11/Feb/2016:09:31:43 -0800] "GET /images/wsis-logo-sm.png HTTP/1.1" 200 6108 "http://www.thebackcountry.net/" "Mozilla/5.0 (Macintosh; Intel Mac OS X 10.9; rv:43.0) Gecko/20100101 Firefox/43.0"
170.75.162.130 - - [11/Feb/2016:09:31:55 -0800] "GET /lib/reccapi.php?resort=alpinemeadows HTTP/1.1" 200 968 "-" "node-superagent/1.4.0"
170.75.162.130 - - [11/Feb/2016:09:32:45 -0800] "GET /lib/reccapi.php?resort=jacksonhole HTTP/1.1" 200 979 "-" "node-superagent/1.4.0"
170.75.162.130 - - [11/Feb/2016:09:37:06 -0800] "GET /lib/reccapi.php?resort=solitude HTTP/1.1" 200 948 "-" "node-superagent/1.4.0"
50.168.51.120 - - [11/Feb/2016:09:39:42 -0800] "GET /images/wsis-logo-sm.png HTTP/1.1" 200 6108 "http://www.thebackcountry.net/" "Mozilla/5.0 (iPhone; CPU iPhone OS 9_2_1 like Mac OS X) AppleWebKit/601.1.46 (KHTML, like Gecko) Version/9.0 Mobile/13D15 Safari/601.1"
170.75.162.130 - - [11/Feb/2016:09:40:26 -0800] "GET /lib/reccapi.php?resort=jaypeak HTTP/1.1" 200 1069 "-" "node-superagent/1.4.0"
38.99.9.130 - - [11/Feb/2016:09:41:58 -0800] "GET /images/wsis-logo-sm.png HTTP/1.1" 200 6108 "http://www.thebackcountry.net/" "Mozilla/5.0 (Windows NT 6.1) AppleWebKit/537.36 (KHTML, like Gecko) Chrome/48.0.2564.103 Safari/537.36"
66.249.64.8 - - [11/Feb/2016:09:43:16 -0800] "GET /resorts?resort=grandtarghee&date=2014-03-07 HTTP/1.1" 404 506 "-" "Mozilla/5.0 (iPhone; CPU iPhone OS 8_3 like Mac OS X) AppleWebKit/600.1.4 (KHTML, like Gecko) Version/8.0 Mobile/12F70 Safari/600.1.4 (compatible; Googlebot/2.1; +http://www.google.com/bot.html)"
66.249.64.2 - - [11/Feb/2016:09:47:34 -0800] "GET /resorts?resort=grandtarghee HTTP/1.1" 404 506 "-" "SAMSUNG-SGH-E250/1.0 Profile/MIDP-2.0 Configuration/CLDC-1.1 UP.Browser/6.2.3.3.c.1.101 (GUI) MMP/2.0 (compatible; Googlebot-Mobile/2.1; +http://www.google.com/bot.html)"
170.75.162.130 - - [11/Feb/2016:09:52:18 -0800] "GET /lib/reccapi.php?resort=taos HTTP/1.1" 200 927 "-" "node-superagent/1.4.0"
170.75.162.130 - - [11/Feb/2016:09:55:38 -0800] "GET /lib/reccapi.php?resort=aspenheights HTTP/1.1" 200 1001 "-" "node-superagent/1.4.0"
170.75.162.130 - - [11/Feb/2016:09:55:38 -0800] "GET /lib/reccapi.php?resort=buttermilk HTTP/1.1" 200 965 "-" "node-superagent/1.4.0"
170.75.162.130 - - [11/Feb/2016:09:55:38 -0800] "GET /lib/reccapi.php?resort=aspenmountain HTTP/1.1" 200 980 "-" "node-superagent/1.4.0"
170.75.162.130 - - [11/Feb/2016:09:55:38 -0800] "GET /lib/reccapi.php?resort=snowmass HTTP/1.1" 200 971 "-" "node-superagent/1.4.0"
199.116.75.76 - - [11/Feb/2016:09:55:54 -0800] "GET /images/wsis-logo-sm.png HTTP/1.1" 200 6108 "http://www.thebackcountry.net/" "Mozilla/5.0 (Macintosh; Intel Mac OS X 10_10_5) AppleWebKit/537.36 (KHTML, like Gecko) Chrome/47.0.2526.111 Safari/537.36"
170.75.162.130 - - [11/Feb/2016:09:57:58 -0800] "GET /lib/reccapi.php?resort=sugarloaf HTTP/1.1" 200 1027 "-" "node-superagent/1.4.0"
170.75.162.130 - - [11/Feb/2016:09:57:58 -0800] "GET /lib/reccapi.php?resort=sundayriver HTTP/1.1" 200 1038 "-" "node-superagent/1.4.0"
170.75.162.130 - - [11/Feb/2016:10:07:19 -0800] "GET /lib/reccapi.php?resort=49degreesnorth HTTP/1.1" 200 1064 "-" "node-superagent/1.4.0"
75.111.99.177 - - [11/Feb/2016:10:09:44 -0800] "GET /images/wsis-logo-sm.png HTTP/1.1" 200 6108 "http://www.thebackcountry.net/" "Mozilla/5.0 (Windows NT 10.0; WOW64) AppleWebKit/537.36 (KHTML, like Gecko) Chrome/48.0.2564.109 Safari/537.36"
24.6.201.64 - - [11/Feb/2016:10:10:37 -0800] "GET /images/wsis-logo-sm.png HTTP/1.1" 200 6108 "http://www.thebackcountry.net/" "Mozilla/5.0 (iPad; CPU OS 9_2_1 like Mac OS X) AppleWebKit/601.1.46 (KHTML, like Gecko) Version/9.0 Mobile/13D15 Safari/601.1"
72.87.236.91 - - [11/Feb/2016:10:11:16 -0800] "GET /images/wsis-logo-sm.png HTTP/1.1" 200 6108 "http://www.thebackcountry.net/" "Mozilla/5.0 (Windows NT 6.1; WOW64) AppleWebKit/537.36 (KHTML, like Gecko) Chrome/48.0.2564.103 Safari/537.36"
75.140.61.130 - - [11/Feb/2016:10:11:23 -0800] "GET /images/wsis-logo-sm.png HTTP/1.1" 200 6108 "http://www.thebackcountry.net/" "Mozilla/5.0 (Windows NT 6.1; WOW64) AppleWebKit/537.36 (KHTML, like Gecko) Chrome/48.0.2564.103 Safari/537.36"
208.68.247.153 - - [11/Feb/2016:10:13:47 -0800] "GET /images/wsis-logo-sm.png HTTP/1.1" 200 6052 "http://www.thebackcountry.net/" "Mozilla/5.0 (Windows NT 6.1; WOW64; rv:43.0) Gecko/20100101 Firefox/43.0"
170.75.162.130 - - [11/Feb/2016:10:17:40 -0800] "GET /lib/reccapi.php?resort=crestedbutte HTTP/1.1" 200 977 "-" "node-superagent/1.4.0"
170.75.162.130 - - [11/Feb/2016:10:17:40 -0800] "GET /lib/reccapi.php?resort=steamboat HTTP/1.1" 200 963 "-" "node-superagent/1.4.0"
170.75.162.130 - - [11/Feb/2016:10:17:40 -0800] "GET /lib/reccapi.php?resort=coppermountain HTTP/1.1" 200 1002 "-" "node-superagent/1.4.0"
170.75.162.130 - - [11/Feb/2016:10:17:40 -0800] "GET /lib/reccapi.php?resort=telluride HTTP/1.1" 200 955 "-" "node-superagent/1.4.0"
170.75.162.130 - - [11/Feb/2016:10:17:41 -0800] "GET /lib/reccapi.php?resort=loveland HTTP/1.1" 200 999 "-" "node-superagent/1.4.0"
70.214.46.4 - - [11/Feb/2016:10:24:53 -0800] "GET /images/wsis-logo-sm.png HTTP/1.1" 200 6108 "http://www.thebackcountry.net/" "Mozilla/5.0 (iPhone; CPU iPhone OS 8_3 like Mac OS X) AppleWebKit/600.1.4 (KHTML, like Gecko) Version/8.0 Mobile/12F70 Safari/600.1.4"
170.75.162.130 - - [11/Feb/2016:10:27:22 -0800] "GET /lib/reccapi.php?resort=whistlerblackcomb HTTP/1.1" 200 931 "-" "node-superagent/1.4.0"
70.213.1.238 - - [11/Feb/2016:10:28:59 -0800] "GET /images/wsis-logo-sm.png HTTP/1.1" 200 6108 "http://www.thebackcountry.net/" "Mozilla/5.0 (iPhone; CPU iPhone OS 9_1 like Mac OS X) AppleWebKit/601.1.46 (KHTML, like Gecko) Version/9.0 Mobile/13B143 Safari/601.1"
50.174.40.248 - - [11/Feb/2016:10:32:46 -0800] "GET /images/wsis-logo-sm.png HTTP/1.1" 200 6052 "-" "-"
50.174.40.248 - - [11/Feb/2016:10:33:46 -0800] "GET /images/wsis-logo-sm.png HTTP/1.1" 200 6108 "http://www.thebackcountry.net/" "Mozilla/5.0 (Macintosh; Intel Mac OS X 10_7_5) AppleWebKit/537.36 (KHTML, like Gecko) Chrome/47.0.2526.111 Safari/537.36"
170.75.162.130 - - [11/Feb/2016:10:34:22 -0800] "GET /lib/reccapi.php?resort=bigwhite HTTP/1.1" 200 913 "-" "node-superagent/1.4.0"
123.125.71.115 - - [11/Feb/2016:10:34:57 -0800] "-" 408 0 "-" "-"
180.76.15.160 - - [11/Feb/2016:10:35:07 -0800] "GET / HTTP/1.1" 200 6995 "-" "Mozilla/5.0 (compatible; Baiduspider/2.0; +http://www.baidu.com/search/spider.html)"
180.76.15.30 - - [11/Feb/2016:10:36:04 -0800] "GET / HTTP/1.1" 200 6995 "-" "Mozilla/5.0 (compatible; Baiduspider/2.0; +http://www.baidu.com/search/spider.html)"
170.75.162.130 - - [11/Feb/2016:10:38:53 -0800] "GET /lib/reccapi.php?resort=northstar-at-tahoe HTTP/1.1" 200 960 "-" "node-superagent/1.4.0"
220.181.108.139 - - [11/Feb/2016:10:41:39 -0800] "-" 408 0 "-" "-"
170.75.162.130 - - [11/Feb/2016:10:44:53 -0800] "GET /lib/reccapi.php?resort=alta HTTP/1.1" 200 948 "-" "node-superagent/1.4.0"
71.140.31.214 - - [11/Feb/2016:10:45:38 -0800] "GET /images/wsis-logo-sm.png HTTP/1.1" 200 6108 "http://thebackcountry.net/" "Mozilla/4.0 (compatible; MSIE 8.0; Windows NT 5.1; Trident/4.0; .NET CLR 2.0.50727; .NET CLR 3.0.4506.2152; .NET CLR 3.5.30729; 786908940603; Build/14.08001)"
170.75.162.130 - - [11/Feb/2016:10:55:35 -0800] "GET /lib/reccapi.php?resort=alyeska HTTP/1.1" 200 1029 "-" "node-superagent/1.4.0"
52.33.40.213 - - [11/Feb/2016:10:57:37 -0800] "GET /lib/reccapi.php?resort=winterpark HTTP/1.1" 200 981 "-" "node-superagent/1.4.0"
170.75.162.130 - - [11/Feb/2016:11:00:35 -0800] "GET /lib/reccapi.php?resort=crystalmountain HTTP/1.1" 200 1030 "-" "node-superagent/1.4.0"
61.135.190.223 - - [11/Feb/2016:11:03:09 -0800] "GET / HTTP/1.1" 200 2615 "http://m.baidu.com/s?wd=WhereShouldISki-WeatherData-DrivenRecommendationsforSkiing" "Mozilla/5.0 (iPhone; CPU iPhone OS 5_0 like Mac OS X) AppleWebKit/534.46 (KHTML, like Gecko) Version/5.1 Mobile/9A334 Safari/7534.48.3"
61.135.190.104 - - [11/Feb/2016:11:03:09 -0800] "GET /scripts/scripts/vendor/modernizr.js HTTP/1.1" 200 4903 "http://whereshouldiski.com/" "Mozilla/5.0 (iPhone; CPU iPhone OS 5_0 like Mac OS X) AppleWebKit/534.46 (KHTML, like Gecko) Version/5.1 Mobile/9A334 Safari/7534.48.3"
61.135.190.223 - - [11/Feb/2016:11:03:10 -0800] "GET /bower_components/requirejs/require.js HTTP/1.1" 200 6701 "http://whereshouldiski.com/" "Mozilla/5.0 (iPhone; CPU iPhone OS 5_0 like Mac OS X) AppleWebKit/534.46 (KHTML, like Gecko) Version/5.1 Mobile/9A334 Safari/7534.48.3"
61.135.190.223 - - [11/Feb/2016:11:03:10 -0800] "GET /scripts/fa48e319.main.js HTTP/1.1" 200 123455 "http://whereshouldiski.com/" "Mozilla/5.0 (iPhone; CPU iPhone OS 5_0 like Mac OS X) AppleWebKit/534.46 (KHTML, like Gecko) Version/5.1 Mobile/9A334 Safari/7534.48.3"
61.135.190.223 - - [11/Feb/2016:11:03:12 -0800] "GET /lib/reccapi.php?fields=t HTTP/1.1" 200 1908 "http://whereshouldiski.com/" "Mozilla/5.0 (iPhone; CPU iPhone OS 5_0 like Mac OS X) AppleWebKit/534.46 (KHTML, like Gecko) Version/5.1 Mobile/9A334 Safari/7534.48.3"
151.138.28.21 - - [11/Feb/2016:11:06:02 -0800] "GET /images/wsis-logo-sm.png HTTP/1.1" 200 6108 "http://www.thebackcountry.net/" "Mozilla/5.0 (Windows NT 6.1; Win64; x64) AppleWebKit/534.34 (KHTML, like Gecko) wkhtmltoimage Safari/534.34"
170.75.162.130 - - [11/Feb/2016:11:06:56 -0800] "GET /lib/reccapi.php?resort=heavenly HTTP/1.1" 200 983 "-" "node-superagent/1.4.0"
107.77.92.30 - - [11/Feb/2016:11:08:16 -0800] "GET /images/wsis-logo-sm.png HTTP/1.1" 200 6108 "http://www.thebackcountry.net/" "Mozilla/5.0 (iPhone; CPU iPhone OS 8_4 like Mac OS X) AppleWebKit/600.1.4 (KHTML, like Gecko) Version/8.0 Mobile/12H143 Safari/600.1.4"
107.77.75.24 - - [11/Feb/2016:11:09:03 -0800] "GET /images/wsis-logo-sm.png HTTP/1.1" 200 6108 "http://www.thebackcountry.net/" "Mozilla/5.0 (Linux; Android 5.0; SAMSUNG-SM-G870A Build/LRX21T) AppleWebKit/537.36 (KHTML, like Gecko) SamsungBrowser/2.1 Chrome/34.0.1847.76 Mobile Safari/537.36"
61.135.190.102 - - [11/Feb/2016:11:09:49 -0800] "GET / HTTP/1.1" 200 2615 "http://www.baidu.com/s?wd=WhereShouldISki-WeatherData-DrivenRecommendationsforSkiing" "Mozilla/5.0 (Windows NT 6.1; WOW64) AppleWebKit/537.36 (KHTML, like Gecko) Chrome/36.0.1985.143 Safari/537.36"
61.135.190.104 - - [11/Feb/2016:11:09:49 -0800] "GET /scripts/scripts/vendor/modernizr.js HTTP/1.1" 200 4903 "http://whereshouldiski.com/" "Mozilla/5.0 (Windows NT 6.1; WOW64) AppleWebKit/537.36 (KHTML, like Gecko) Chrome/36.0.1985.143 Safari/537.36"
61.135.190.102 - - [11/Feb/2016:11:09:50 -0800] "GET /bower_components/requirejs/require.js HTTP/1.1" 200 6701 "http://whereshouldiski.com/" "Mozilla/5.0 (Windows NT 6.1; WOW64) AppleWebKit/537.36 (KHTML, like Gecko) Chrome/36.0.1985.143 Safari/537.36"
61.135.190.102 - - [11/Feb/2016:11:09:50 -0800] "GET /scripts/fa48e319.main.js HTTP/1.1" 200 123455 "http://whereshouldiski.com/" "Mozilla/5.0 (Windows NT 6.1; WOW64) AppleWebKit/537.36 (KHTML, like Gecko) Chrome/36.0.1985.143 Safari/537.36"
61.135.190.102 - - [11/Feb/2016:11:09:51 -0800] "GET /lib/reccapi.php?fields=t HTTP/1.1" 200 1908 "http://whereshouldiski.com/" "Mozilla/5.0 (Windows NT 6.1; WOW64) AppleWebKit/537.36 (KHTML, like Gecko) Chrome/36.0.1985.143 Safari/537.36"
50.174.40.248 - - [11/Feb/2016:11:12:40 -0800] "GET /images/wsis-logo-sm.png HTTP/1.1" 304 187 "http://www.thebackcountry.net/" "Mozilla/5.0 (Macintosh; Intel Mac OS X 10_7_5) AppleWebKit/537.36 (KHTML, like Gecko) Chrome/47.0.2526.111 Safari/537.36"
75.0.7.99 - - [11/Feb/2016:11:13:04 -0800] "GET /images/wsis-logo-sm.png HTTP/1.1" 200 6108 "http://www.thebackcountry.net/" "Mozilla/5.0 (Windows NT 10.0; Win64; x64) AppleWebKit/537.36 (KHTML, like Gecko) Chrome/46.0.2486.0 Safari/537.36 Edge/13.10586"
75.0.7.99 - - [11/Feb/2016:11:13:26 -0800] "-" 408 0 "-" "-"
107.77.109.62 - - [11/Feb/2016:11:14:31 -0800] "GET /images/wsis-logo-sm.png HTTP/1.1" 200 6108 "http://www.thebackcountry.net/" "Mozilla/5.0 (iPhone; CPU iPhone OS 9_2_1 like Mac OS X) AppleWebKit/601.1.46 (KHTML, like Gecko) Version/9.0 Mobile/13D15 Safari/601.1"
69.30.215.130 - - [11/Feb/2016:11:14:50 -0800] "GET /robots.txt HTTP/1.0" 200 338 "-" "Mozilla/5.0 (compatible; MJ12bot/v1.4.5; http://www.majestic12.co.uk/bot.php?+)"
69.30.215.130 - - [11/Feb/2016:11:14:52 -0800] "GET /resorts?resort=arapahoebasin HTTP/1.0" 404 495 "-" "Mozilla/5.0 (compatible; MJ12bot/v1.4.5; http://www.majestic12.co.uk/bot.php?+)"
189.218.80.212 - - [11/Feb/2016:11:26:01 -0800] "GET / HTTP/1.0" 200 6995 "-" "Tcl http client package 1.0"
123.125.71.85 - - [11/Feb/2016:11:27:07 -0800] "GET /robots.txt HTTP/1.1" 200 382 "-" "Mozilla/5.0 (Windows NT 5.1; rv:6.0.2) Gecko/20100101 Firefox/6.0.2"
84.74.41.204 - - [11/Feb/2016:11:27:56 -0800] "GET / HTTP/1.1" 200 2615 "http://www.earnyourturns.com/" "Mozilla/5.0 (iPad; CPU OS 9_2_1 like Mac OS X) AppleWebKit/601.1.46 (KHTML, like Gecko) Version/9.0 Mobile/13D15 Safari/601.1"
84.74.41.204 - - [11/Feb/2016:11:27:57 -0800] "GET /styles/ee08faa9.main.css HTTP/1.1" 200 19446 "http://whereshouldiski.com/" "Mozilla/5.0 (iPad; CPU OS 9_2_1 like Mac OS X) AppleWebKit/601.1.46 (KHTML, like Gecko) Version/9.0 Mobile/13D15 Safari/601.1"
84.74.41.204 - - [11/Feb/2016:11:27:57 -0800] "GET /scripts/scripts/vendor/modernizr.js HTTP/1.1" 200 4903 "http://whereshouldiski.com/" "Mozilla/5.0 (iPad; CPU OS 9_2_1 like Mac OS X) AppleWebKit/601.1.46 (KHTML, like Gecko) Version/9.0 Mobile/13D15 Safari/601.1"
84.74.41.204 - - [11/Feb/2016:11:27:57 -0800] "GET /images/loading.gif HTTP/1.1" 200 13882 "http://whereshouldiski.com/" "Mozilla/5.0 (iPad; CPU OS 9_2_1 like Mac OS X) AppleWebKit/601.1.46 (KHTML, like Gecko) Version/9.0 Mobile/13D15 Safari/601.1"
84.74.41.204 - - [11/Feb/2016:11:27:57 -0800] "GET /bower_components/requirejs/require.js HTTP/1.1" 200 6702 "http://whereshouldiski.com/" "Mozilla/5.0 (iPad; CPU OS 9_2_1 like Mac OS X) AppleWebKit/601.1.46 (KHTML, like Gecko) Version/9.0 Mobile/13D15 Safari/601.1"
84.74.41.204 - - [11/Feb/2016:11:27:57 -0800] "GET /images/logo-square-white-sm.png HTTP/1.1" 200 1684 "http://whereshouldiski.com/" "Mozilla/5.0 (iPad; CPU OS 9_2_1 like Mac OS X) AppleWebKit/601.1.46 (KHTML, like Gecko) Version/9.0 Mobile/13D15 Safari/601.1"
84.74.41.204 - - [11/Feb/2016:11:27:57 -0800] "GET /scripts/fa48e319.main.js HTTP/1.1" 200 123455 "http://whereshouldiski.com/" "Mozilla/5.0 (iPad; CPU OS 9_2_1 like Mac OS X) AppleWebKit/601.1.46 (KHTML, like Gecko) Version/9.0 Mobile/13D15 Safari/601.1"
84.74.41.204 - - [11/Feb/2016:11:27:58 -0800] "GET /images/button.png HTTP/1.1" 200 598 "http://whereshouldiski.com/" "Mozilla/5.0 (iPad; CPU OS 9_2_1 like Mac OS X) AppleWebKit/601.1.46 (KHTML, like Gecko) Version/9.0 Mobile/13D15 Safari/601.1"
84.74.41.204 - - [11/Feb/2016:11:27:58 -0800] "GET /images/greyHeader.png HTTP/1.1" 200 508 "http://whereshouldiski.com/" "Mozilla/5.0 (iPad; CPU OS 9_2_1 like Mac OS X) AppleWebKit/601.1.46 (KHTML, like Gecko) Version/9.0 Mobile/13D15 Safari/601.1"
84.74.41.204 - - [11/Feb/2016:11:27:58 -0800] "GET /lib/reccapi.php?fields=t HTTP/1.1" 200 1908 "http://whereshouldiski.com/" "Mozilla/5.0 (iPad; CPU OS 9_2_1 like Mac OS X) AppleWebKit/601.1.46 (KHTML, like Gecko) Version/9.0 Mobile/13D15 Safari/601.1"
84.74.41.204 - - [11/Feb/2016:11:27:59 -0800] "GET /images/snowflake5.png HTTP/1.1" 200 2857 "http://whereshouldiski.com/" "Mozilla/5.0 (iPad; CPU OS 9_2_1 like Mac OS X) AppleWebKit/601.1.46 (KHTML, like Gecko) Version/9.0 Mobile/13D15 Safari/601.1"
84.74.41.204 - - [11/Feb/2016:11:27:59 -0800] "GET /images/star5.png HTTP/1.1" 200 1783 "http://whereshouldiski.com/" "Mozilla/5.0 (iPad; CPU OS 9_2_1 like Mac OS X) AppleWebKit/601.1.46 (KHTML, like Gecko) Version/9.0 Mobile/13D15 Safari/601.1"
84.74.41.204 - - [11/Feb/2016:11:27:59 -0800] "GET /images/bluebird5.png HTTP/1.1" 200 2177 "http://whereshouldiski.com/" "Mozilla/5.0 (iPad; CPU OS 9_2_1 like Mac OS X) AppleWebKit/601.1.46 (KHTML, like Gecko) Version/9.0 Mobile/13D15 Safari/601.1"
84.74.41.204 - - [11/Feb/2016:11:27:59 -0800] "GET /images/mtns-icon.png HTTP/1.1" 200 1096 "http://whereshouldiski.com/" "Mozilla/5.0 (iPad; CPU OS 9_2_1 like Mac OS X) AppleWebKit/601.1.46 (KHTML, like Gecko) Version/9.0 Mobile/13D15 Safari/601.1"
84.74.41.204 - - [11/Feb/2016:11:27:59 -0800] "GET /images/shading-icon.png HTTP/1.1" 200 536 "http://whereshouldiski.com/" "Mozilla/5.0 (iPad; CPU OS 9_2_1 like Mac OS X) AppleWebKit/601.1.46 (KHTML, like Gecko) Version/9.0 Mobile/13D15 Safari/601.1"
170.75.162.130 - - [11/Feb/2016:11:28:28 -0800] "GET /lib/reccapi.php?resort=stowe HTTP/1.1" 200 1037 "-" "node-superagent/1.4.0"
52.33.40.213 - - [11/Feb/2016:11:31:49 -0800] "GET /lib/reccapi.php?resort=sugarbush HTTP/1.1" 200 1071 "-" "node-superagent/1.4.0"
180.76.15.33 - - [11/Feb/2016:11:32:10 -0800] "GET / HTTP/1.1" 200 6995 "-" "Mozilla/5.0 (compatible; Baiduspider/2.0; +http://www.baidu.com/search/spider.html)"
52.33.40.213 - - [11/Feb/2016:11:32:39 -0800] "GET /lib/reccapi.php?resort=hoodoo HTTP/1.1" 200 1017 "-" "node-superagent/1.4.0"
180.76.15.137 - - [11/Feb/2016:11:33:03 -0800] "GET / HTTP/1.1" 200 6995 "-" "Mozilla/5.0 (compatible; Baiduspider/2.0; +http://www.baidu.com/search/spider.html)"
12.153.217.4 - - [11/Feb/2016:11:35:48 -0800] "GET /images/wsis-logo-sm.png HTTP/1.1" 200 6108 "http://www.thebackcountry.net/" "Mozilla/5.0 (iPhone; CPU iPhone OS 9_2_1 like Mac OS X) AppleWebKit/601.1.46 (KHTML, like Gecko) Version/9.0 Mobile/13D15 Safari/601.1"
76.218.126.1 - - [11/Feb/2016:11:38:25 -0800] "GET /images/wsis-logo-sm.png HTTP/1.1" 200 6108 "http://www.thebackcountry.net/" "Mozilla/5.0 (Windows NT 6.1; WOW64; Trident/7.0; rv:11.0) like Gecko"
76.218.126.1 - - [11/Feb/2016:11:38:46 -0800] "-" 408 0 "-" "-"
170.75.162.130 - - [11/Feb/2016:11:39:30 -0800] "GET /lib/reccapi.php?resort=redmountain HTTP/1.1" 200 902 "-" "node-superagent/1.4.0"
170.75.162.130 - - [11/Feb/2016:11:39:40 -0800] "GET /lib/reccapi.php?resort=diamondpeak HTTP/1.1" 200 936 "-" "node-superagent/1.4.0"
107.221.60.110 - - [11/Feb/2016:11:43:12 -0800] "GET /images/wsis-logo-sm.png HTTP/1.1" 200 6108 "http://www.thebackcountry.net/" "Mozilla/5.0 (Macintosh; Intel Mac OS X 10_11_2) AppleWebKit/537.36 (KHTML, like Gecko) Chrome/48.0.2564.109 Safari/537.36"
170.75.162.130 - - [11/Feb/2016:11:43:50 -0800] "GET /lib/reccapi.php?resort=devilshead HTTP/1.1" 200 960 "-" "node-superagent/1.4.0"
107.77.109.17 - - [11/Feb/2016:11:48:07 -0800] "GET /images/wsis-logo-sm.png HTTP/1.1" 200 6108 "http://www.thebackcountry.net/" "Mozilla/5.0 (iPhone; CPU iPhone OS 9_2 like Mac OS X) AppleWebKit/601.1.46 (KHTML, like Gecko) Version/9.0 Mobile/13C75 Safari/601.1"
107.77.109.17 - - [11/Feb/2016:11:48:10 -0800] "GET /images/wsis-logo-sm.png HTTP/1.1" 200 6108 "http://www.thebackcountry.net/" "Mozilla/5.0 (iPhone; CPU iPhone OS 9_2 like Mac OS X) AppleWebKit/601.1.46 (KHTML, like Gecko) Version/9.0 Mobile/13C75 Safari/601.1"
52.33.40.213 - - [11/Feb/2016:11:50:11 -0800] "GET /lib/reccapi.php?resort=bigwhite HTTP/1.1" 200 913 "-" "node-superagent/1.4.0"
52.33.40.213 - - [11/Feb/2016:11:51:31 -0800] "GET /lib/reccapi.php?resort=jaypeak HTTP/1.1" 200 1069 "-" "node-superagent/1.4.0"
52.33.40.213 - - [11/Feb/2016:11:51:31 -0800] "GET /lib/reccapi.php?resort=diamondpeak HTTP/1.1" 200 936 "-" "node-superagent/1.4.0"
52.33.40.213 - - [11/Feb/2016:11:51:31 -0800] "GET /lib/reccapi.php?resort=devilshead HTTP/1.1" 200 960 "-" "node-superagent/1.4.0"
52.33.40.213 - - [11/Feb/2016:11:51:31 -0800] "GET /lib/reccapi.php?resort=crestedbutte HTTP/1.1" 200 977 "-" "node-superagent/1.4.0"
52.33.40.213 - - [11/Feb/2016:11:52:01 -0800] "GET /lib/reccapi.php?resort=sugarbowl HTTP/1.1" 200 955 "-" "node-superagent/1.4.0"
52.33.40.213 - - [11/Feb/2016:11:52:41 -0800] "GET /lib/reccapi.php?resort=sundayriver HTTP/1.1" 200 1038 "-" "node-superagent/1.4.0"
52.33.40.213 - - [11/Feb/2016:11:52:41 -0800] "GET /lib/reccapi.php?resort=sunpeaksresort HTTP/1.1" 200 914 "-" "node-superagent/1.4.0"
52.33.40.213 - - [11/Feb/2016:11:53:01 -0800] "GET /lib/reccapi.php?resort=redmountain HTTP/1.1" 200 902 "-" "node-superagent/1.4.0"
52.33.40.213 - - [11/Feb/2016:11:53:01 -0800] "GET /lib/reccapi.php?resort=redlodge HTTP/1.1" 200 1008 "-" "node-superagent/1.4.0"
52.33.40.213 - - [11/Feb/2016:11:53:01 -0800] "GET /lib/reccapi.php?resort=mountainhigh HTTP/1.1" 200 980 "-" "node-superagent/1.4.0"
52.33.40.213 - - [11/Feb/2016:11:53:01 -0800] "GET /lib/reccapi.php?resort=loveland HTTP/1.1" 200 999 "-" "node-superagent/1.4.0"
52.33.40.213 - - [11/Feb/2016:11:53:11 -0800] "GET /lib/reccapi.php?resort=whitefacemountain HTTP/1.1" 200 1023 "-" "node-superagent/1.4.0"
69.1.122.254 - - [11/Feb/2016:11:53:13 -0800] "GET /images/wsis-logo-sm.png HTTP/1.1" 200 6108 "http://www.thebackcountry.net/" "Mozilla/5.0 (Windows NT 6.1; WOW64; Trident/7.0; rv:11.0) like Gecko"
52.33.40.213 - - [11/Feb/2016:11:53:21 -0800] "GET /lib/reccapi.php?resort=sierra-at-tahoe HTTP/1.1" 200 964 "-" "node-superagent/1.4.0"
52.33.40.213 - - [11/Feb/2016:11:53:21 -0800] "GET /lib/reccapi.php?resort=wildcatmountain HTTP/1.1" 200 1057 "-" "node-superagent/1.4.0"
69.1.122.254 - - [11/Feb/2016:11:53:34 -0800] "-" 408 0 "-" "-"
52.33.40.213 - - [11/Feb/2016:11:54:01 -0800] "GET /lib/reccapi.php?resort=silverstarmountain HTTP/1.1" 200 929 "-" "node-superagent/1.4.0"
52.33.40.213 - - [11/Feb/2016:11:54:01 -0800] "GET /lib/reccapi.php?resort=snowbasin HTTP/1.1" 200 947 "-" "node-superagent/1.4.0"
52.33.40.213 - - [11/Feb/2016:11:55:11 -0800] "GET /lib/reccapi.php?resort=bigsky HTTP/1.1" 200 962 "-" "node-superagent/1.4.0"
170.75.162.130 - - [11/Feb/2016:11:57:32 -0800] "GET /lib/reccapi.php?resort=stevenspass HTTP/1.1" 200 1041 "-" "node-superagent/1.4.0"
108.171.132.162 - - [11/Feb/2016:11:57:41 -0800] "GET / HTTP/1.1" 200 2615 "http://www.earnyourturns.com/22947/diy-mounting-ski-bindings/" "Mozilla/5.0 (Windows NT 6.1) AppleWebKit/537.36 (KHTML, like Gecko) Chrome/48.0.2564.97 Safari/537.36"
108.171.132.162 - - [11/Feb/2016:11:57:41 -0800] "GET /styles/ee08faa9.main.css HTTP/1.1" 200 19446 "http://whereshouldiski.com/" "Mozilla/5.0 (Windows NT 6.1) AppleWebKit/537.36 (KHTML, like Gecko) Chrome/48.0.2564.97 Safari/537.36"
108.171.132.162 - - [11/Feb/2016:11:57:42 -0800] "GET /bower_components/requirejs/require.js HTTP/1.1" 200 6702 "http://whereshouldiski.com/" "Mozilla/5.0 (Windows NT 6.1) AppleWebKit/537.36 (KHTML, like Gecko) Chrome/48.0.2564.97 Safari/537.36"
108.171.132.162 - - [11/Feb/2016:11:57:42 -0800] "GET /scripts/scripts/vendor/modernizr.js HTTP/1.1" 200 4903 "http://whereshouldiski.com/" "Mozilla/5.0 (Windows NT 6.1) AppleWebKit/537.36 (KHTML, like Gecko) Chrome/48.0.2564.97 Safari/537.36"
108.171.132.162 - - [11/Feb/2016:11:57:42 -0800] "GET /images/logo-square-white-sm.png HTTP/1.1" 200 1684 "http://whereshouldiski.com/" "Mozilla/5.0 (Windows NT 6.1) AppleWebKit/537.36 (KHTML, like Gecko) Chrome/48.0.2564.97 Safari/537.36"
