188.25.197.184 - - [12/Jun/2015:18:10:19 -0700] "GET /images/mtns-icon.png HTTP/1.1" 200 1096 "http://whereshouldiski.com/" "Mozilla/5.0 (Windows NT 6.1; WOW64) AppleWebKit/537.36 (KHTML, like Gecko) Chrome/36.0.1985.143 Safari/537.36"
188.25.197.184 - - [12/Jun/2015:18:10:19 -0700] "GET /images/shading-icon.png HTTP/1.1" 200 537 "http://whereshouldiski.com/" "Mozilla/5.0 (Windows NT 6.1; WOW64) AppleWebKit/537.36 (KHTML, like Gecko) Chrome/36.0.1985.143 Safari/537.36"
188.25.197.184 - - [12/Jun/2015:18:10:41 -0700] "-" 408 0 "-" "-"
188.25.197.184 - - [12/Jun/2015:18:10:41 -0700] "-" 408 0 "-" "-"
127.0.0.1 - - [12/Jun/2015:18:10:41 -0700] "OPTIONS * HTTP/1.0" 200 126 "-" "Apache/2.2.22 (Ubuntu) (internal dummy connection)"
54.224.83.111 - - [12/Jun/2015:18:18:37 -0700] "HEAD / HTTP/1.1" 200 291 "-" "Cloud mapping experiment. Contact research@pdrlabs.net"
80.15.161.21 - - [12/Jun/2015:18:19:12 -0700] "GET / HTTP/1.1" 200 6151 "-" "Mozilla/5.0 (X11; Ubuntu; Linux i686; rv:15.0) Gecko/20100101 Firefox/15.0.1"
80.15.161.21 - - [12/Jun/2015:18:19:13 -0700] "GET / HTTP/1.1" 200 6150 "-" "Mozilla/5.0 (X11; Ubuntu; Linux i686; rv:15.0) Gecko/20100101 Firefox/15.0.1"
170.75.162.130 - - [12/Jun/2015:18:19:55 -0700] "GET /lib/reccapi.php?resort=mountbachelor HTTP/1.1" 200 980 "-" "node-superagent/0.18.2"
170.75.162.130 - - [12/Jun/2015:18:19:55 -0700] "GET /lib/reccapi.php?resort=mounthoodmeadows HTTP/1.1" 200 997 "-" "node-superagent/0.18.2"
170.75.162.130 - - [12/Jun/2015:18:20:55 -0700] "GET /lib/reccapi.php?resort=jaypeak HTTP/1.1" 200 1003 "-" "node-superagent/0.18.2"
170.75.162.130 - - [12/Jun/2015:18:20:55 -0700] "GET /lib/reccapi.php?resort=killington HTTP/1.1" 200 957 "-" "node-superagent/0.18.2"
170.75.162.130 - - [12/Jun/2015:18:20:55 -0700] "GET /lib/reccapi.php?resort=madriverglen HTTP/1.1" 200 1020 "-" "node-superagent/0.18.2"
170.75.162.130 - - [12/Jun/2015:18:20:55 -0700] "GET /lib/reccapi.php?resort=smugglersnotch HTTP/1.1" 200 1028 "-" "node-superagent/0.18.2"
170.75.162.130 - - [12/Jun/2015:18:20:55 -0700] "GET /lib/reccapi.php?resort=stowe HTTP/1.1" 200 1016 "-" "node-superagent/0.18.2"
170.75.162.130 - - [12/Jun/2015:18:20:56 -0700] "GET /lib/reccapi.php?resort=sugarbush HTTP/1.1" 200 1005 "-" "node-superagent/0.18.2"
170.75.162.130 - - [12/Jun/2015:18:21:25 -0700] "GET /lib/reccapi.php?resort=silverstarmountain HTTP/1.1" 200 925 "-" "node-superagent/0.18.2"
170.75.162.130 - - [12/Jun/2015:18:21:35 -0700] "GET /lib/reccapi.php?resort=sunpeaksresort HTTP/1.1" 200 909 "-" "node-superagent/0.18.2"
170.75.162.130 - - [12/Jun/2015:18:22:36 -0700] "GET /lib/reccapi.php?resort=sunvalley HTTP/1.1" 200 986 "-" "node-superagent/0.18.2"
173.33.30.156 - - [12/Jun/2015:18:22:36 -0700] "GET /images/wsis-logo-sm.png HTTP/1.1" 200 6108 "http://www.thebackcountry.net/" "Mozilla/5.0 (Windows NT 5.1) AppleWebKit/537.36 (KHTML, like Gecko) Chrome/43.0.2357.124 Safari/537.36"
170.75.162.130 - - [12/Jun/2015:18:23:16 -0700] "GET /lib/reccapi.php?resort=whistlerblackcomb HTTP/1.1" 200 922 "-" "node-superagent/0.18.2"
70.211.67.22 - - [12/Jun/2015:18:44:03 -0700] "GET /images/wsis-logo-sm.png HTTP/1.1" 200 6108 "http://www.thebackcountry.net/" "Mozilla/5.0 (Linux; Android 5.0.1; SAMSUNG SCH-I545 4G Build/LRX22C) AppleWebKit/537.36 (KHTML, like Gecko) SamsungBrowser/2.1 Chrome/34.0.1847.76 Mobile Safari/537.36"
66.249.79.250 - - [12/Jun/2015:18:48:47 -0700] "GET /resorts?resort=diamondpeak&date=2013-12-25 HTTP/1.1" 404 506 "-" "Mozilla/5.0 (iPhone; CPU iPhone OS 6_0 like Mac OS X) AppleWebKit/536.26 (KHTML, like Gecko) Version/6.0 Mobile/10A5376e Safari/8536.25 (compatible; Googlebot/2.1; +http://www.google.com/bot.html)"
170.75.162.130 - - [12/Jun/2015:18:57:09 -0700] "GET /lib/reccapi.php?resort=sierra-at-tahoe HTTP/1.1" 200 958 "-" "node-superagent/0.18.2"
123.125.71.117 - - [12/Jun/2015:18:59:34 -0700] "-" 408 0 "-" "-"
220.181.108.184 - - [12/Jun/2015:19:06:42 -0700] "-" 408 0 "-" "-"
170.75.162.130 - - [12/Jun/2015:19:12:41 -0700] "GET /lib/reccapi.php?resort=sugarloaf HTTP/1.1" 200 954 "-" "node-superagent/0.18.2"
170.75.162.130 - - [12/Jun/2015:19:12:41 -0700] "GET /lib/reccapi.php?resort=sundayriver HTTP/1.1" 200 961 "-" "node-superagent/0.18.2"
162.211.122.43 - - [12/Jun/2015:19:18:50 -0700] "GET / HTTP/1.1" 200 2339 "http://www.whereshouldiski.com" "Mozilla/5.0 (Windows NT 6.1; WOW64; rv:34.0) Gecko/20100101 Firefox/34.0"
75.149.55.161 - - [12/Jun/2015:19:20:06 -0700] "GET /images/wsis-logo-sm.png HTTP/1.1" 200 6108 "http://thebackcountry.net/" "Mozilla/5.0 (Macintosh; Intel Mac OS X 10_10_3) AppleWebKit/600.6.3 (KHTML, like Gecko) Version/8.0.6 Safari/600.6.3"
54.183.153.209 - - [12/Jun/2015:19:23:08 -0700] "GET / HTTP/1.1" 200 2376 "-" "Mozilla/5.0 (compatible; Owler/0.4; +; )"
54.183.153.209 - - [12/Jun/2015:19:23:08 -0700] "GET /blog/feed/ HTTP/1.1" 404 506 "-" "Mozilla/5.0 (compatible; Owler/0.4; +; )"
54.183.153.209 - - [12/Jun/2015:19:23:08 -0700] "GET /blog/feed/ HTTP/1.1" 404 509 "-" "Mozilla/5.0 (compatible; Owler/0.4; +; )"
54.183.153.209 - - [12/Jun/2015:19:23:08 -0700] "GET /blog/rss/ HTTP/1.1" 404 506 "-" "Mozilla/5.0 (compatible; Owler/0.4; +; )"
54.183.153.209 - - [12/Jun/2015:19:23:08 -0700] "GET /blog/rss/ HTTP/1.1" 404 509 "-" "Mozilla/5.0 (compatible; Owler/0.4; +; )"
54.183.153.209 - - [12/Jun/2015:19:23:08 -0700] "GET /blogs/feed/ HTTP/1.1" 404 506 "-" "Mozilla/5.0 (compatible; Owler/0.4; +; )"
54.183.153.209 - - [12/Jun/2015:19:23:08 -0700] "GET /blogs/feed/ HTTP/1.1" 404 509 "-" "Mozilla/5.0 (compatible; Owler/0.4; +; )"
54.183.153.209 - - [12/Jun/2015:19:23:08 -0700] "GET /blogs/rss/ HTTP/1.1" 404 506 "-" "Mozilla/5.0 (compatible; Owler/0.4; +; )"
54.183.153.209 - - [12/Jun/2015:19:23:08 -0700] "GET /blogs/rss/ HTTP/1.1" 404 509 "-" "Mozilla/5.0 (compatible; Owler/0.4; +; )"
54.183.153.209 - - [12/Jun/2015:19:23:09 -0700] "GET /blogRSS.xml HTTP/1.1" 404 509 "-" "Mozilla/5.0 (compatible; Owler/0.4; +; )"
54.183.153.209 - - [12/Jun/2015:19:23:09 -0700] "GET /blogRSS.xml HTTP/1.1" 404 511 "-" "Mozilla/5.0 (compatible; Owler/0.4; +; )"
54.183.153.209 - - [12/Jun/2015:19:23:10 -0700] "GET /blog/rss.xml HTTP/1.1" 404 508 "-" "Mozilla/5.0 (compatible; Owler/0.4; +; )"
54.183.153.209 - - [12/Jun/2015:19:23:10 -0700] "GET /blog/rss.xml HTTP/1.1" 404 511 "-" "Mozilla/5.0 (compatible; Owler/0.4; +; )"
54.183.153.209 - - [12/Jun/2015:19:23:11 -0700] "GET /rss/blog HTTP/1.1" 404 506 "-" "Mozilla/5.0 (compatible; Owler/0.4; +; )"
54.183.153.209 - - [12/Jun/2015:19:23:11 -0700] "GET /rss/blog HTTP/1.1" 404 509 "-" "Mozilla/5.0 (compatible; Owler/0.4; +; )"
54.183.153.209 - - [12/Jun/2015:19:23:11 -0700] "GET /rss/blogs HTTP/1.1" 404 506 "-" "Mozilla/5.0 (compatible; Owler/0.4; +; )"
54.183.153.209 - - [12/Jun/2015:19:23:11 -0700] "GET /rss/blogs HTTP/1.1" 404 509 "-" "Mozilla/5.0 (compatible; Owler/0.4; +; )"
54.183.153.209 - - [12/Jun/2015:19:23:12 -0700] "GET / HTTP/1.1" 200 2376 "-" "Mozilla/5.0 (compatible; Owler/0.4; +; )"
54.183.153.209 - - [12/Jun/2015:19:23:12 -0700] "GET / HTTP/1.1" 200 2376 "-" "Mozilla/5.0 (compatible; Owler/0.4; +; )"
54.183.153.209 - - [12/Jun/2015:19:23:12 -0700] "GET / HTTP/1.1" 200 2376 "-" "Mozilla/5.0 (compatible; Owler/0.4; +; )"
127.0.0.1 - - [12/Jun/2015:19:23:15 -0700] "OPTIONS * HTTP/1.0" 200 126 "-" "Apache/2.2.22 (Ubuntu) (internal dummy connection)"
127.0.0.1 - - [12/Jun/2015:19:23:16 -0700] "OPTIONS * HTTP/1.0" 200 126 "-" "Apache/2.2.22 (Ubuntu) (internal dummy connection)"
127.0.0.1 - - [12/Jun/2015:19:23:17 -0700] "OPTIONS * HTTP/1.0" 200 126 "-" "Apache/2.2.22 (Ubuntu) (internal dummy connection)"
127.0.0.1 - - [12/Jun/2015:19:23:18 -0700] "OPTIONS * HTTP/1.0" 200 126 "-" "Apache/2.2.22 (Ubuntu) (internal dummy connection)"
127.0.0.1 - - [12/Jun/2015:19:23:19 -0700] "OPTIONS * HTTP/1.0" 200 126 "-" "Apache/2.2.22 (Ubuntu) (internal dummy connection)"
127.0.0.1 - - [12/Jun/2015:19:23:20 -0700] "OPTIONS * HTTP/1.0" 200 126 "-" "Apache/2.2.22 (Ubuntu) (internal dummy connection)"
127.0.0.1 - - [12/Jun/2015:19:23:21 -0700] "OPTIONS * HTTP/1.0" 200 126 "-" "Apache/2.2.22 (Ubuntu) (internal dummy connection)"
127.0.0.1 - - [12/Jun/2015:19:23:22 -0700] "OPTIONS * HTTP/1.0" 200 126 "-" "Apache/2.2.22 (Ubuntu) (internal dummy connection)"
127.0.0.1 - - [12/Jun/2015:19:23:23 -0700] "OPTIONS * HTTP/1.0" 200 126 "-" "Apache/2.2.22 (Ubuntu) (internal dummy connection)"
127.0.0.1 - - [12/Jun/2015:19:23:24 -0700] "OPTIONS * HTTP/1.0" 200 126 "-" "Apache/2.2.22 (Ubuntu) (internal dummy connection)"
127.0.0.1 - - [12/Jun/2015:19:23:25 -0700] "OPTIONS * HTTP/1.0" 200 126 "-" "Apache/2.2.22 (Ubuntu) (internal dummy connection)"
127.0.0.1 - - [12/Jun/2015:19:23:26 -0700] "OPTIONS * HTTP/1.0" 200 126 "-" "Apache/2.2.22 (Ubuntu) (internal dummy connection)"
127.0.0.1 - - [12/Jun/2015:19:23:27 -0700] "OPTIONS * HTTP/1.0" 200 126 "-" "Apache/2.2.22 (Ubuntu) (internal dummy connection)"
127.0.0.1 - - [12/Jun/2015:19:23:28 -0700] "OPTIONS * HTTP/1.0" 200 126 "-" "Apache/2.2.22 (Ubuntu) (internal dummy connection)"
127.0.0.1 - - [12/Jun/2015:19:23:29 -0700] "OPTIONS * HTTP/1.0" 200 126 "-" "Apache/2.2.22 (Ubuntu) (internal dummy connection)"
188.165.234.52 - - [12/Jun/2015:19:27:48 -0700] "GET /robots.txt HTTP/1.0" 200 338 "-" ""
188.165.234.52 - - [12/Jun/2015:19:27:49 -0700] "GET / HTTP/1.1" 206 6142 "-" "Mozilla/5.0 (X11; U; Linux i586; en-US) AppleWebKit/533.2 (KHTML, like Gecko) Chrome/5.0.342.1 Safari/533.2"
188.165.234.52 - - [12/Jun/2015:19:27:51 -0700] "GET /about HTTP/1.1" 404 480 "-" "Mozilla/5.0 (X11; U; Linux i586; en-US) AppleWebKit/533.2 (KHTML, like Gecko) Chrome/5.0.342.1 Safari/533.2"
123.125.71.47 - - [12/Jun/2015:19:51:21 -0700] "-" 408 0 "-" "-"
220.181.108.147 - - [12/Jun/2015:19:55:45 -0700] "GET / HTTP/1.1" 200 2339 "-" "Mozilla/5.0 (Windows NT 5.1; rv:6.0.2) Gecko/20100101 Firefox/6.0.2"
220.181.108.169 - - [12/Jun/2015:19:57:12 -0700] "-" 408 0 "-" "-"
186.219.0.136 - - [12/Jun/2015:19:58:00 -0700] "GET / HTTP/1.1" 200 2376 "http://100dollars-seo.com/try.php?u=http://whereshouldiski.com" "Mozilla/5.0 (Windows NT 6.1; WOW64) AppleWebKit/537.36 (KHTML, like Gecko) Chrome/32.0.1700.107 Safari/537.36"
186.219.0.136 - - [12/Jun/2015:19:58:00 -0700] "GET /styles/0fffd548.main.css HTTP/1.1" 200 19316 "http://whereshouldiski.com/" "Mozilla/5.0 (Windows NT 6.1; WOW64) AppleWebKit/537.36 (KHTML, like Gecko) Chrome/32.0.1700.107 Safari/537.36"
186.219.0.136 - - [12/Jun/2015:19:58:01 -0700] "GET /bower_components/requirejs/require.js HTTP/1.1" 200 6702 "http://whereshouldiski.com/" "Mozilla/5.0 (Windows NT 6.1; WOW64) AppleWebKit/537.36 (KHTML, like Gecko) Chrome/32.0.1700.107 Safari/537.36"
186.219.0.136 - - [12/Jun/2015:19:58:01 -0700] "GET /scripts/scripts/vendor/modernizr.js HTTP/1.1" 200 4903 "http://whereshouldiski.com/" "Mozilla/5.0 (Windows NT 6.1; WOW64) AppleWebKit/537.36 (KHTML, like Gecko) Chrome/32.0.1700.107 Safari/537.36"
186.219.0.136 - - [12/Jun/2015:19:58:02 -0700] "GET /images/logo-sm.png HTTP/1.1" 200 16737 "http://whereshouldiski.com/" "Mozilla/5.0 (Windows NT 6.1; WOW64) AppleWebKit/537.36 (KHTML, like Gecko) Chrome/32.0.1700.107 Safari/537.36"
186.219.0.136 - - [12/Jun/2015:19:58:02 -0700] "GET /scripts/fa48e319.main.js HTTP/1.1" 200 123455 "http://whereshouldiski.com/" "Mozilla/5.0 (Windows NT 6.1; WOW64) AppleWebKit/537.36 (KHTML, like Gecko) Chrome/32.0.1700.107 Safari/537.36"
186.219.0.136 - - [12/Jun/2015:19:58:03 -0700] "GET /images/loading.gif HTTP/1.1" 200 13881 "http://whereshouldiski.com/" "Mozilla/5.0 (Windows NT 6.1; WOW64) AppleWebKit/537.36 (KHTML, like Gecko) Chrome/32.0.1700.107 Safari/537.36"
186.219.0.136 - - [12/Jun/2015:19:58:04 -0700] "GET /lib/reccapi.php?fields=t HTTP/1.1" 200 1716 "http://whereshouldiski.com/" "Mozilla/5.0 (Windows NT 6.1; WOW64) AppleWebKit/537.36 (KHTML, like Gecko) Chrome/32.0.1700.107 Safari/537.36"
186.219.0.136 - - [12/Jun/2015:19:58:04 -0700] "GET /images/button.png HTTP/1.1" 200 598 "http://whereshouldiski.com/" "Mozilla/5.0 (Windows NT 6.1; WOW64) AppleWebKit/537.36 (KHTML, like Gecko) Chrome/32.0.1700.107 Safari/537.36"
186.219.0.136 - - [12/Jun/2015:19:58:04 -0700] "GET /images/greyHeader.png HTTP/1.1" 200 508 "http://whereshouldiski.com/" "Mozilla/5.0 (Windows NT 6.1; WOW64) AppleWebKit/537.36 (KHTML, like Gecko) Chrome/32.0.1700.107 Safari/537.36"
186.219.0.136 - - [12/Jun/2015:19:58:04 -0700] "GET /images/snowflake5.png HTTP/1.1" 200 2857 "http://whereshouldiski.com/" "Mozilla/5.0 (Windows NT 6.1; WOW64) AppleWebKit/537.36 (KHTML, like Gecko) Chrome/32.0.1700.107 Safari/537.36"
186.219.0.136 - - [12/Jun/2015:19:58:05 -0700] "GET /images/bluebird5.png HTTP/1.1" 200 2178 "http://whereshouldiski.com/" "Mozilla/5.0 (Windows NT 6.1; WOW64) AppleWebKit/537.36 (KHTML, like Gecko) Chrome/32.0.1700.107 Safari/537.36"
186.219.0.136 - - [12/Jun/2015:19:58:05 -0700] "GET /images/shading-icon.png HTTP/1.1" 200 536 "http://whereshouldiski.com/" "Mozilla/5.0 (Windows NT 6.1; WOW64) AppleWebKit/537.36 (KHTML, like Gecko) Chrome/32.0.1700.107 Safari/537.36"
186.219.0.136 - - [12/Jun/2015:19:58:05 -0700] "GET /images/star5.png HTTP/1.1" 200 1784 "http://whereshouldiski.com/" "Mozilla/5.0 (Windows NT 6.1; WOW64) AppleWebKit/537.36 (KHTML, like Gecko) Chrome/32.0.1700.107 Safari/537.36"
186.219.0.136 - - [12/Jun/2015:19:58:05 -0700] "GET /images/mtns-icon.png HTTP/1.1" 200 1097 "http://whereshouldiski.com/" "Mozilla/5.0 (Windows NT 6.1; WOW64) AppleWebKit/537.36 (KHTML, like Gecko) Chrome/32.0.1700.107 Safari/537.36"
127.0.0.1 - - [12/Jun/2015:19:58:10 -0700] "OPTIONS * HTTP/1.0" 200 126 "-" "Apache/2.2.22 (Ubuntu) (internal dummy connection)"
170.75.162.130 - - [12/Jun/2015:19:59:35 -0700] "GET /lib/reccapi.php?resort=whitefacemountain HTTP/1.1" 200 1085 "-" "node-superagent/0.18.2"
170.75.162.130 - - [12/Jun/2015:20:13:47 -0700] "GET /lib/reccapi.php?resort=mtrose HTTP/1.1" 200 931 "-" "node-superagent/0.18.2"
66.249.79.1 - - [12/Jun/2015:20:29:52 -0700] "GET /resorts?resort=brundage&date=2013-12-13 HTTP/1.1" 404 506 "-" "Mozilla/5.0 (iPhone; CPU iPhone OS 6_0 like Mac OS X) AppleWebKit/536.26 (KHTML, like Gecko) Version/6.0 Mobile/10A5376e Safari/8536.25 (compatible; Googlebot/2.1; +http://www.google.com/bot.html)"
91.200.12.127 - - [12/Jun/2015:20:33:32 -0700] "GET / HTTP/1.1" 200 6151 "-" "-"
91.200.12.127 - - [12/Jun/2015:20:33:32 -0700] "GET /xmlrpc.php HTTP/1.1" 404 476 "-" "-"
91.200.12.127 - - [12/Jun/2015:20:33:32 -0700] "GET /wp-login.php HTTP/1.1" 404 476 "-" "-"
69.109.9.101 - - [12/Jun/2015:20:42:28 -0700] "GET /images/wsis-logo-sm.png HTTP/1.1" 200 6108 "http://www.thebackcountry.net/" "Mozilla/5.0 (Windows NT 6.1; WOW64) AppleWebKit/537.36 (KHTML, like Gecko) Chrome/43.0.2357.124 Safari/537.36"
170.75.162.130 - - [12/Jun/2015:20:45:30 -0700] "GET /lib/reccapi.php?resort=bigwhite HTTP/1.1" 200 912 "-" "node-superagent/0.18.2"
123.125.71.94 - - [12/Jun/2015:20:54:23 -0700] "-" 408 0 "-" "-"
220.181.108.112 - - [12/Jun/2015:20:55:12 -0700] "-" 408 0 "-" "-"
170.75.162.130 - - [12/Jun/2015:20:58:41 -0700] "GET /lib/reccapi.php?resort=aspenheights HTTP/1.1" 200 1034 "-" "node-superagent/0.18.2"
50.143.138.223 - - [12/Jun/2015:21:04:28 -0700] "GET /images/wsis-logo-sm.png HTTP/1.1" 200 6108 "http://www.thebackcountry.net/" "Mozilla/5.0 (iPad; CPU OS 8_3 like Mac OS X) AppleWebKit/600.1.4 (KHTML, like Gecko) Version/8.0 Mobile/12F69 Safari/600.1.4"
170.75.162.130 - - [12/Jun/2015:21:04:51 -0700] "GET /lib/reccapi.php?resort=devilshead HTTP/1.1" 200 976 "-" "node-superagent/0.18.2"
66.249.79.1 - - [12/Jun/2015:21:09:47 -0700] "GET /resorts?resort=jaypeak HTTP/1.1" 404 506 "-" "Mozilla/5.0 (compatible; Googlebot/2.1; +http://www.google.com/bot.html)"
96.54.160.5 - - [12/Jun/2015:21:21:29 -0700] "GET /im/api.php?bib=296&r=0.16249604197219014&raceId=2147483756&raceName=victoria70.3&startTime=06:12:00 HTTP/1.1" 200 622 "http://ericfahsl.com/im/" "Mozilla/5.0 (Macintosh; Intel Mac OS X 10_10_3) AppleWebKit/537.36 (KHTML, like Gecko) Chrome/43.0.2357.124 Safari/537.36"
96.54.160.5 - - [12/Jun/2015:21:21:29 -0700] "GET /im/api.php?bib=1043&r=0.637706802925095&raceId=2147483756&raceName=victoria70.3&startTime=06:03:00 HTTP/1.1" 200 617 "http://ericfahsl.com/im/" "Mozilla/5.0 (Macintosh; Intel Mac OS X 10_10_3) AppleWebKit/537.36 (KHTML, like Gecko) Chrome/43.0.2357.124 Safari/537.36"
96.54.160.5 - - [12/Jun/2015:21:21:30 -0700] "GET /im/api.php?bib=324&r=0.9338996645528823&raceId=2147483756&raceName=victoria70.3&startTime=06:12:00 HTTP/1.1" 200 617 "http://ericfahsl.com/im/" "Mozilla/5.0 (Macintosh; Intel Mac OS X 10_10_3) AppleWebKit/537.36 (KHTML, like Gecko) Chrome/43.0.2357.124 Safari/537.36"
96.54.160.5 - - [12/Jun/2015:21:21:29 -0700] "GET /im/api.php?bib=95&r=0.814091234235093&raceId=2147483756&raceName=victoria70.3&startTime=06:15:00 HTTP/1.1" 200 620 "http://ericfahsl.com/im/" "Mozilla/5.0 (Macintosh; Intel Mac OS X 10_10_3) AppleWebKit/537.36 (KHTML, like Gecko) Chrome/43.0.2357.124 Safari/537.36"
96.54.160.5 - - [12/Jun/2015:21:21:29 -0700] "GET /im/api.php?bib=366&r=0.2423261769581586&raceId=2147483756&raceName=victoria70.3&startTime=06:12:00 HTTP/1.1" 200 616 "http://ericfahsl.com/im/" "Mozilla/5.0 (Macintosh; Intel Mac OS X 10_10_3) AppleWebKit/537.36 (KHTML, like Gecko) Chrome/43.0.2357.124 Safari/537.36"
96.54.160.5 - - [12/Jun/2015:21:21:30 -0700] "GET /im/api.php?bib=637&r=0.006001136265695095&raceId=2147483756&raceName=victoria70.3&startTime=06:15:00 HTTP/1.1" 200 619 "http://ericfahsl.com/im/" "Mozilla/5.0 (Macintosh; Intel Mac OS X 10_10_3) AppleWebKit/537.36 (KHTML, like Gecko) Chrome/43.0.2357.124 Safari/537.36"
96.54.160.5 - - [12/Jun/2015:21:21:30 -0700] "GET /im/api.php?bib=585&r=0.37360557238571346&raceId=2147483756&raceName=victoria70.3&startTime=06:15:00 HTTP/1.1" 200 617 "http://ericfahsl.com/im/" "Mozilla/5.0 (Macintosh; Intel Mac OS X 10_10_3) AppleWebKit/537.36 (KHTML, like Gecko) Chrome/43.0.2357.124 Safari/537.36"
96.54.160.5 - - [12/Jun/2015:21:21:30 -0700] "GET /im/api.php?bib=1209&r=0.14918470894917846&raceId=2147483756&raceName=victoria70.3&startTime=06:06:00 HTTP/1.1" 200 617 "http://ericfahsl.com/im/" "Mozilla/5.0 (Macintosh; Intel Mac OS X 10_10_3) AppleWebKit/537.36 (KHTML, like Gecko) Chrome/43.0.2357.124 Safari/537.36"
96.54.160.5 - - [12/Jun/2015:21:21:30 -0700] "GET /im/api.php?bib=973&r=0.22336724493652582&raceId=2147483756&raceName=victoria70.3&startTime=06:00:00 HTTP/1.1" 200 616 "http://ericfahsl.com/im/" "Mozilla/5.0 (Macintosh; Intel Mac OS X 10_10_3) AppleWebKit/537.36 (KHTML, like Gecko) Chrome/43.0.2357.124 Safari/537.36"
96.54.160.5 - - [12/Jun/2015:21:21:30 -0700] "GET /im/api.php?bib=1369&r=0.5951456460170448&raceId=2147483756&raceName=victoria70.3&startTime=06:21:00 HTTP/1.1" 200 621 "http://ericfahsl.com/im/" "Mozilla/5.0 (Macintosh; Intel Mac OS X 10_10_3) AppleWebKit/537.36 (KHTML, like Gecko) Chrome/43.0.2357.124 Safari/537.36"
127.0.0.1 - - [12/Jun/2015:21:21:39 -0700] "OPTIONS * HTTP/1.0" 200 126 "-" "Apache/2.2.22 (Ubuntu) (internal dummy connection)"
127.0.0.1 - - [12/Jun/2015:21:21:40 -0700] "OPTIONS * HTTP/1.0" 200 126 "-" "Apache/2.2.22 (Ubuntu) (internal dummy connection)"
127.0.0.1 - - [12/Jun/2015:21:21:41 -0700] "OPTIONS * HTTP/1.0" 200 126 "-" "Apache/2.2.22 (Ubuntu) (internal dummy connection)"
127.0.0.1 - - [12/Jun/2015:21:21:42 -0700] "OPTIONS * HTTP/1.0" 200 126 "-" "Apache/2.2.22 (Ubuntu) (internal dummy connection)"
127.0.0.1 - - [12/Jun/2015:21:21:45 -0700] "OPTIONS * HTTP/1.0" 200 126 "-" "Apache/2.2.22 (Ubuntu) (internal dummy connection)"
127.0.0.1 - - [12/Jun/2015:21:21:46 -0700] "OPTIONS * HTTP/1.0" 200 126 "-" "Apache/2.2.22 (Ubuntu) (internal dummy connection)"
127.0.0.1 - - [12/Jun/2015:21:21:47 -0700] "OPTIONS * HTTP/1.0" 200 126 "-" "Apache/2.2.22 (Ubuntu) (internal dummy connection)"
96.54.160.5 - - [12/Jun/2015:21:23:10 -0700] "GET /im/api.php?bib=637&r=0.3890877179801464&raceId=2147483756&raceName=victoria70.3&startTime=06:15:00 HTTP/1.1" 200 620 "http://ericfahsl.com/im/" "Mozilla/5.0 (Macintosh; Intel Mac OS X 10_10_3) AppleWebKit/537.36 (KHTML, like Gecko) Chrome/43.0.2357.124 Safari/537.36"
96.54.160.5 - - [12/Jun/2015:21:23:11 -0700] "GET /im/api.php?bib=1043&r=0.7784527624025941&raceId=2147483756&raceName=victoria70.3&startTime=06:03:00 HTTP/1.1" 200 616 "http://ericfahsl.com/im/" "Mozilla/5.0 (Macintosh; Intel Mac OS X 10_10_3) AppleWebKit/537.36 (KHTML, like Gecko) Chrome/43.0.2357.124 Safari/537.36"
96.54.160.5 - - [12/Jun/2015:21:23:12 -0700] "GET /im/api.php?bib=95&r=0.4175856064539403&raceId=2147483756&raceName=victoria70.3&startTime=06:15:00 HTTP/1.1" 200 620 "http://ericfahsl.com/im/" "Mozilla/5.0 (Macintosh; Intel Mac OS X 10_10_3) AppleWebKit/537.36 (KHTML, like Gecko) Chrome/43.0.2357.124 Safari/537.36"
96.54.160.5 - - [12/Jun/2015:21:23:12 -0700] "GET /im/api.php?bib=296&r=0.03770527942106128&raceId=2147483756&raceName=victoria70.3&startTime=06:12:00 HTTP/1.1" 200 621 "http://ericfahsl.com/im/" "Mozilla/5.0 (Macintosh; Intel Mac OS X 10_10_3) AppleWebKit/537.36 (KHTML, like Gecko) Chrome/43.0.2357.124 Safari/537.36"
96.54.160.5 - - [12/Jun/2015:21:23:12 -0700] "GET /im/api.php?bib=366&r=0.6762860449962318&raceId=2147483756&raceName=victoria70.3&startTime=06:12:00 HTTP/1.1" 200 615 "http://ericfahsl.com/im/" "Mozilla/5.0 (Macintosh; Intel Mac OS X 10_10_3) AppleWebKit/537.36 (KHTML, like Gecko) Chrome/43.0.2357.124 Safari/537.36"
96.54.160.5 - - [12/Jun/2015:21:23:12 -0700] "GET /im/api.php?bib=324&r=0.926452063024044&raceId=2147483756&raceName=victoria70.3&startTime=06:12:00 HTTP/1.1" 200 617 "http://ericfahsl.com/im/" "Mozilla/5.0 (Macintosh; Intel Mac OS X 10_10_3) AppleWebKit/537.36 (KHTML, like Gecko) Chrome/43.0.2357.124 Safari/537.36"
96.54.160.5 - - [12/Jun/2015:21:23:12 -0700] "GET /im/api.php?bib=585&r=0.6696327759418637&raceId=2147483756&raceName=victoria70.3&startTime=06:15:00 HTTP/1.1" 200 617 "http://ericfahsl.com/im/" "Mozilla/5.0 (Macintosh; Intel Mac OS X 10_10_3) AppleWebKit/537.36 (KHTML, like Gecko) Chrome/43.0.2357.124 Safari/537.36"
96.54.160.5 - - [12/Jun/2015:21:23:12 -0700] "GET /im/api.php?bib=657&r=0.6502645467408001&raceId=2147483756&raceName=victoria70.3&startTime=06:15:00 HTTP/1.1" 200 617 "http://ericfahsl.com/im/" "Mozilla/5.0 (Macintosh; Intel Mac OS X 10_10_3) AppleWebKit/537.36 (KHTML, like Gecko) Chrome/43.0.2357.124 Safari/537.36"
96.54.160.5 - - [12/Jun/2015:21:23:13 -0700] "GET /im/api.php?bib=1369&r=0.09479596512392163&raceId=2147483756&raceName=victoria70.3&startTime=06:21:00 HTTP/1.1" 200 622 "http://ericfahsl.com/im/" "Mozilla/5.0 (Macintosh; Intel Mac OS X 10_10_3) AppleWebKit/537.36 (KHTML, like Gecko) Chrome/43.0.2357.124 Safari/537.36"
96.54.160.5 - - [12/Jun/2015:21:23:13 -0700] "GET /im/api.php?bib=1209&r=0.3125957178417593&raceId=2147483756&raceName=victoria70.3&startTime=06:06:00 HTTP/1.1" 200 617 "http://ericfahsl.com/im/" "Mozilla/5.0 (Macintosh; Intel Mac OS X 10_10_3) AppleWebKit/537.36 (KHTML, like Gecko) Chrome/43.0.2357.124 Safari/537.36"
96.54.160.5 - - [12/Jun/2015:21:23:13 -0700] "GET /im/api.php?bib=973&r=0.25115318945609033&raceId=2147483756&raceName=victoria70.3&startTime=06:00:00 HTTP/1.1" 200 616 "http://ericfahsl.com/im/" "Mozilla/5.0 (Macintosh; Intel Mac OS X 10_10_3) AppleWebKit/537.36 (KHTML, like Gecko) Chrome/43.0.2357.124 Safari/537.36"
127.0.0.1 - - [12/Jun/2015:21:23:21 -0700] "OPTIONS * HTTP/1.0" 200 126 "-" "Apache/2.2.22 (Ubuntu) (internal dummy connection)"
127.0.0.1 - - [12/Jun/2015:21:23:25 -0700] "OPTIONS * HTTP/1.0" 200 126 "-" "Apache/2.2.22 (Ubuntu) (internal dummy connection)"
127.0.0.1 - - [12/Jun/2015:21:23:26 -0700] "OPTIONS * HTTP/1.0" 200 126 "-" "Apache/2.2.22 (Ubuntu) (internal dummy connection)"
127.0.0.1 - - [12/Jun/2015:21:23:27 -0700] "OPTIONS * HTTP/1.0" 200 126 "-" "Apache/2.2.22 (Ubuntu) (internal dummy connection)"
127.0.0.1 - - [12/Jun/2015:21:23:28 -0700] "OPTIONS * HTTP/1.0" 200 126 "-" "Apache/2.2.22 (Ubuntu) (internal dummy connection)"
127.0.0.1 - - [12/Jun/2015:21:23:29 -0700] "OPTIONS * HTTP/1.0" 200 126 "-" "Apache/2.2.22 (Ubuntu) (internal dummy connection)"
127.0.0.1 - - [12/Jun/2015:21:23:30 -0700] "OPTIONS * HTTP/1.0" 200 126 "-" "Apache/2.2.22 (Ubuntu) (internal dummy connection)"
170.75.162.130 - - [12/Jun/2015:21:23:33 -0700] "GET /lib/reccapi.php?resort=hoodoo HTTP/1.1" 200 961 "-" "node-superagent/0.18.2"
170.75.162.130 - - [12/Jun/2015:21:24:53 -0700] "GET /lib/reccapi.php?resort=winterpark HTTP/1.1" 200 1040 "-" "node-superagent/0.18.2"
67.183.12.183 - - [12/Jun/2015:21:26:47 -0700] "GET /im/api.php?bib=324&r=0.6352764558978379&raceId=2147483756&raceName=victoria70.3&startTime=06:12:00 HTTP/1.1" 200 616 "http://ericfahsl.com/im/" "Mozilla/5.0 (iPhone; CPU iPhone OS 8_3 like Mac OS X) AppleWebKit/600.1.4 (KHTML, like Gecko) Mobile/12F70 [FBAN/FBIOS;FBAV/28.0.0.10.10;FBBV/8930087;FBDV/iPhone7,2;FBMD/iPhone;FBSN/iPhone OS;FBSV/8.3;FBSS/2; FBCR/T-Mobile;FBID/phone;FBLC/en_US;FBOP/5]"
67.183.12.183 - - [12/Jun/2015:21:26:47 -0700] "GET /im/api.php?bib=1043&r=0.3823441753629595&raceId=2147483756&raceName=victoria70.3&startTime=06:03:00 HTTP/1.1" 200 617 "http://ericfahsl.com/im/" "Mozilla/5.0 (iPhone; CPU iPhone OS 8_3 like Mac OS X) AppleWebKit/600.1.4 (KHTML, like Gecko) Mobile/12F70 [FBAN/FBIOS;FBAV/28.0.0.10.10;FBBV/8930087;FBDV/iPhone7,2;FBMD/iPhone;FBSN/iPhone OS;FBSV/8.3;FBSS/2; FBCR/T-Mobile;FBID/phone;FBLC/en_US;FBOP/5]"
67.183.12.183 - - [12/Jun/2015:21:26:47 -0700] "GET /im/api.php?bib=95&r=0.34473118954338133&raceId=2147483756&raceName=victoria70.3&startTime=06:15:00 HTTP/1.1" 200 620 "http://ericfahsl.com/im/" "Mozilla/5.0 (iPhone; CPU iPhone OS 8_3 like Mac OS X) AppleWebKit/600.1.4 (KHTML, like Gecko) Mobile/12F70 [FBAN/FBIOS;FBAV/28.0.0.10.10;FBBV/8930087;FBDV/iPhone7,2;FBMD/iPhone;FBSN/iPhone OS;FBSV/8.3;FBSS/2; FBCR/T-Mobile;FBID/phone;FBLC/en_US;FBOP/5]"
67.183.12.183 - - [12/Jun/2015:21:26:47 -0700] "GET /im/api.php?bib=296&r=0.6848231332842261&raceId=2147483756&raceName=victoria70.3&startTime=06:12:00 HTTP/1.1" 200 621 "http://ericfahsl.com/im/" "Mozilla/5.0 (iPhone; CPU iPhone OS 8_3 like Mac OS X) AppleWebKit/600.1.4 (KHTML, like Gecko) Mobile/12F70 [FBAN/FBIOS;FBAV/28.0.0.10.10;FBBV/8930087;FBDV/iPhone7,2;FBMD/iPhone;FBSN/iPhone OS;FBSV/8.3;FBSS/2; FBCR/T-Mobile;FBID/phone;FBLC/en_US;FBOP/5]"
67.183.12.183 - - [12/Jun/2015:21:26:48 -0700] "GET /im/api.php?bib=1209&r=0.5857962998561561&raceId=2147483756&raceName=victoria70.3&startTime=06:06:00 HTTP/1.1" 200 617 "http://ericfahsl.com/im/" "Mozilla/5.0 (iPhone; CPU iPhone OS 8_3 like Mac OS X) AppleWebKit/600.1.4 (KHTML, like Gecko) Mobile/12F70 [FBAN/FBIOS;FBAV/28.0.0.10.10;FBBV/8930087;FBDV/iPhone7,2;FBMD/iPhone;FBSN/iPhone OS;FBSV/8.3;FBSS/2; FBCR/T-Mobile;FBID/phone;FBLC/en_US;FBOP/5]"
67.183.12.183 - - [12/Jun/2015:21:26:48 -0700] "GET /im/api.php?bib=366&r=0.1795029614586383&raceId=2147483756&raceName=victoria70.3&startTime=06:12:00 HTTP/1.1" 200 615 "http://ericfahsl.com/im/" "Mozilla/5.0 (iPhone; CPU iPhone OS 8_3 like Mac OS X) AppleWebKit/600.1.4 (KHTML, like Gecko) Mobile/12F70 [FBAN/FBIOS;FBAV/28.0.0.10.10;FBBV/8930087;FBDV/iPhone7,2;FBMD/iPhone;FBSN/iPhone OS;FBSV/8.3;FBSS/2; FBCR/T-Mobile;FBID/phone;FBLC/en_US;FBOP/5]"
67.183.12.183 - - [12/Jun/2015:21:26:49 -0700] "GET /im/api.php?bib=1369&r=0.03924659080803394&raceId=2147483756&raceName=victoria70.3&startTime=06:21:00 HTTP/1.1" 200 622 "http://ericfahsl.com/im/" "Mozilla/5.0 (iPhone; CPU iPhone OS 8_3 like Mac OS X) AppleWebKit/600.1.4 (KHTML, like Gecko) Mobile/12F70 [FBAN/FBIOS;FBAV/28.0.0.10.10;FBBV/8930087;FBDV/iPhone7,2;FBMD/iPhone;FBSN/iPhone OS;FBSV/8.3;FBSS/2; FBCR/T-Mobile;FBID/phone;FBLC/en_US;FBOP/5]"
67.183.12.183 - - [12/Jun/2015:21:26:49 -0700] "GET /im/api.php?bib=585&r=0.7872674008831382&raceId=2147483756&raceName=victoria70.3&startTime=06:15:00 HTTP/1.1" 200 615 "http://ericfahsl.com/im/" "Mozilla/5.0 (iPhone; CPU iPhone OS 8_3 like Mac OS X) AppleWebKit/600.1.4 (KHTML, like Gecko) Mobile/12F70 [FBAN/FBIOS;FBAV/28.0.0.10.10;FBBV/8930087;FBDV/iPhone7,2;FBMD/iPhone;FBSN/iPhone OS;FBSV/8.3;FBSS/2; FBCR/T-Mobile;FBID/phone;FBLC/en_US;FBOP/5]"
67.183.12.183 - - [12/Jun/2015:21:26:49 -0700] "GET /im/api.php?bib=657&r=0.024846199667081237&raceId=2147483756&raceName=victoria70.3&startTime=06:15:00 HTTP/1.1" 200 616 "http://ericfahsl.com/im/" "Mozilla/5.0 (iPhone; CPU iPhone OS 8_3 like Mac OS X) AppleWebKit/600.1.4 (KHTML, like Gecko) Mobile/12F70 [FBAN/FBIOS;FBAV/28.0.0.10.10;FBBV/8930087;FBDV/iPhone7,2;FBMD/iPhone;FBSN/iPhone OS;FBSV/8.3;FBSS/2; FBCR/T-Mobile;FBID/phone;FBLC/en_US;FBOP/5]"
67.183.12.183 - - [12/Jun/2015:21:26:50 -0700] "GET /im/api.php?bib=973&r=0.013837870210409164&raceId=2147483756&raceName=victoria70.3&startTime=06:00:00 HTTP/1.1" 200 616 "http://ericfahsl.com/im/" "Mozilla/5.0 (iPhone; CPU iPhone OS 8_3 like Mac OS X) AppleWebKit/600.1.4 (KHTML, like Gecko) Mobile/12F70 [FBAN/FBIOS;FBAV/28.0.0.10.10;FBBV/8930087;FBDV/iPhone7,2;FBMD/iPhone;FBSN/iPhone OS;FBSV/8.3;FBSS/2; FBCR/T-Mobile;FBID/phone;FBLC/en_US;FBOP/5]"
107.77.68.15 - - [12/Jun/2015:21:27:46 -0700] "GET /im/api.php?bib=296&r=0.40785222756676376&raceId=2147483756&raceName=victoria70.3&startTime=06:12:00 HTTP/1.1" 200 621 "http://ericfahsl.com/im/" "Mozilla/5.0 (iPhone; CPU iPhone OS 8_3 like Mac OS X) AppleWebKit/600.1.4 (KHTML, like Gecko) Mobile/12F70 [FBAN/FBIOS;FBAV/31.0.0.44.261;FBBV/10598108;FBDV/iPhone7,2;FBMD/iPhone;FBSN/iPhone OS;FBSV/8.3;FBSS/2; FBCR/AT&T;FBID/phone;FBLC/en_US;FBOP/5]"
107.77.68.15 - - [12/Jun/2015:21:27:46 -0700] "GET /im/api.php?bib=1043&r=0.39820262836292386&raceId=2147483756&raceName=victoria70.3&startTime=06:03:00 HTTP/1.1" 200 617 "http://ericfahsl.com/im/" "Mozilla/5.0 (iPhone; CPU iPhone OS 8_3 like Mac OS X) AppleWebKit/600.1.4 (KHTML, like Gecko) Mobile/12F70 [FBAN/FBIOS;FBAV/31.0.0.44.261;FBBV/10598108;FBDV/iPhone7,2;FBMD/iPhone;FBSN/iPhone OS;FBSV/8.3;FBSS/2; FBCR/AT&T;FBID/phone;FBLC/en_US;FBOP/5]"
107.77.68.15 - - [12/Jun/2015:21:27:46 -0700] "GET /im/api.php?bib=95&r=0.8762704888358712&raceId=2147483756&raceName=victoria70.3&startTime=06:15:00 HTTP/1.1" 200 620 "http://ericfahsl.com/im/" "Mozilla/5.0 (iPhone; CPU iPhone OS 8_3 like Mac OS X) AppleWebKit/600.1.4 (KHTML, like Gecko) Mobile/12F70 [FBAN/FBIOS;FBAV/31.0.0.44.261;FBBV/10598108;FBDV/iPhone7,2;FBMD/iPhone;FBSN/iPhone OS;FBSV/8.3;FBSS/2; FBCR/AT&T;FBID/phone;FBLC/en_US;FBOP/5]"
107.77.68.15 - - [12/Jun/2015:21:27:46 -0700] "GET /im/api.php?bib=324&r=0.5565267754718661&raceId=2147483756&raceName=victoria70.3&startTime=06:12:00 HTTP/1.1" 200 616 "http://ericfahsl.com/im/" "Mozilla/5.0 (iPhone; CPU iPhone OS 8_3 like Mac OS X) AppleWebKit/600.1.4 (KHTML, like Gecko) Mobile/12F70 [FBAN/FBIOS;FBAV/31.0.0.44.261;FBBV/10598108;FBDV/iPhone7,2;FBMD/iPhone;FBSN/iPhone OS;FBSV/8.3;FBSS/2; FBCR/AT&T;FBID/phone;FBLC/en_US;FBOP/5]"
107.77.68.15 - - [12/Jun/2015:21:27:47 -0700] "GET /im/api.php?bib=366&r=0.6482273282017559&raceId=2147483756&raceName=victoria70.3&startTime=06:12:00 HTTP/1.1" 200 614 "http://ericfahsl.com/im/" "Mozilla/5.0 (iPhone; CPU iPhone OS 8_3 like Mac OS X) AppleWebKit/600.1.4 (KHTML, like Gecko) Mobile/12F70 [FBAN/FBIOS;FBAV/31.0.0.44.261;FBBV/10598108;FBDV/iPhone7,2;FBMD/iPhone;FBSN/iPhone OS;FBSV/8.3;FBSS/2; FBCR/AT&T;FBID/phone;FBLC/en_US;FBOP/5]"
107.77.68.15 - - [12/Jun/2015:21:27:47 -0700] "GET /im/api.php?bib=1209&r=0.6275705571752042&raceId=2147483756&raceName=victoria70.3&startTime=06:06:00 HTTP/1.1" 200 616 "http://ericfahsl.com/im/" "Mozilla/5.0 (iPhone; CPU iPhone OS 8_3 like Mac OS X) AppleWebKit/600.1.4 (KHTML, like Gecko) Mobile/12F70 [FBAN/FBIOS;FBAV/31.0.0.44.261;FBBV/10598108;FBDV/iPhone7,2;FBMD/iPhone;FBSN/iPhone OS;FBSV/8.3;FBSS/2; FBCR/AT&T;FBID/phone;FBLC/en_US;FBOP/5]"
107.77.68.15 - - [12/Jun/2015:21:27:47 -0700] "GET /im/api.php?bib=585&r=0.9838797617703676&raceId=2147483756&raceName=victoria70.3&startTime=06:15:00 HTTP/1.1" 200 616 "http://ericfahsl.com/im/" "Mozilla/5.0 (iPhone; CPU iPhone OS 8_3 like Mac OS X) AppleWebKit/600.1.4 (KHTML, like Gecko) Mobile/12F70 [FBAN/FBIOS;FBAV/31.0.0.44.261;FBBV/10598108;FBDV/iPhone7,2;FBMD/iPhone;FBSN/iPhone OS;FBSV/8.3;FBSS/2; FBCR/AT&T;FBID/phone;FBLC/en_US;FBOP/5]"
107.77.68.15 - - [12/Jun/2015:21:27:48 -0700] "GET /im/api.php?bib=1369&r=0.569841074058786&raceId=2147483756&raceName=victoria70.3&startTime=06:21:00 HTTP/1.1" 200 622 "http://ericfahsl.com/im/" "Mozilla/5.0 (iPhone; CPU iPhone OS 8_3 like Mac OS X) AppleWebKit/600.1.4 (KHTML, like Gecko) Mobile/12F70 [FBAN/FBIOS;FBAV/31.0.0.44.261;FBBV/10598108;FBDV/iPhone7,2;FBMD/iPhone;FBSN/iPhone OS;FBSV/8.3;FBSS/2; FBCR/AT&T;FBID/phone;FBLC/en_US;FBOP/5]"
107.77.68.15 - - [12/Jun/2015:21:27:48 -0700] "GET /im/api.php?bib=657&r=0.2856509976554662&raceId=2147483756&raceName=victoria70.3&startTime=06:15:00 HTTP/1.1" 200 617 "http://ericfahsl.com/im/" "Mozilla/5.0 (iPhone; CPU iPhone OS 8_3 like Mac OS X) AppleWebKit/600.1.4 (KHTML, like Gecko) Mobile/12F70 [FBAN/FBIOS;FBAV/31.0.0.44.261;FBBV/10598108;FBDV/iPhone7,2;FBMD/iPhone;FBSN/iPhone OS;FBSV/8.3;FBSS/2; FBCR/AT&T;FBID/phone;FBLC/en_US;FBOP/5]"
107.77.68.15 - - [12/Jun/2015:21:27:48 -0700] "GET /im/api.php?bib=973&r=0.45100630703382194&raceId=2147483756&raceName=victoria70.3&startTime=06:00:00 HTTP/1.1" 200 616 "http://ericfahsl.com/im/" "Mozilla/5.0 (iPhone; CPU iPhone OS 8_3 like Mac OS X) AppleWebKit/600.1.4 (KHTML, like Gecko) Mobile/12F70 [FBAN/FBIOS;FBAV/31.0.0.44.261;FBBV/10598108;FBDV/iPhone7,2;FBMD/iPhone;FBSN/iPhone OS;FBSV/8.3;FBSS/2; FBCR/AT&T;FBID/phone;FBLC/en_US;FBOP/5]"
24.22.181.133 - - [12/Jun/2015:21:28:05 -0700] "GET /im/api.php?bib=585&r=0.30224953149445355&raceId=2147483756&raceName=victoria70.3&startTime=06:15:00 HTTP/1.1" 200 617 "http://ericfahsl.com/im/" "Mozilla/5.0 (Windows NT 10.0; WOW64) AppleWebKit/537.36 (KHTML, like Gecko) Chrome/43.0.2357.124 Safari/537.36"
24.22.181.133 - - [12/Jun/2015:21:28:05 -0700] "GET /im/api.php?bib=366&r=0.02049109386280179&raceId=2147483756&raceName=victoria70.3&startTime=06:12:00 HTTP/1.1" 200 616 "http://ericfahsl.com/im/" "Mozilla/5.0 (Windows NT 10.0; WOW64) AppleWebKit/537.36 (KHTML, like Gecko) Chrome/43.0.2357.124 Safari/537.36"
24.22.181.133 - - [12/Jun/2015:21:28:05 -0700] "GET /im/api.php?bib=95&r=0.7054806067608297&raceId=2147483756&raceName=victoria70.3&startTime=06:15:00 HTTP/1.1" 200 620 "http://ericfahsl.com/im/" "Mozilla/5.0 (Windows NT 10.0; WOW64) AppleWebKit/537.36 (KHTML, like Gecko) Chrome/43.0.2357.124 Safari/537.36"
24.22.181.133 - - [12/Jun/2015:21:28:05 -0700] "GET /im/api.php?bib=1043&r=0.4060276399832219&raceId=2147483756&raceName=victoria70.3&startTime=06:03:00 HTTP/1.1" 200 617 "http://ericfahsl.com/im/" "Mozilla/5.0 (Windows NT 10.0; WOW64) AppleWebKit/537.36 (KHTML, like Gecko) Chrome/43.0.2357.124 Safari/537.36"
24.22.181.133 - - [12/Jun/2015:21:28:05 -0700] "GET /im/api.php?bib=296&r=0.823306362843141&raceId=2147483756&raceName=victoria70.3&startTime=06:12:00 HTTP/1.1" 200 621 "http://ericfahsl.com/im/" "Mozilla/5.0 (Windows NT 10.0; WOW64) AppleWebKit/537.36 (KHTML, like Gecko) Chrome/43.0.2357.124 Safari/537.36"
24.22.181.133 - - [12/Jun/2015:21:28:05 -0700] "GET /im/api.php?bib=324&r=0.35118497768417&raceId=2147483756&raceName=victoria70.3&startTime=06:12:00 HTTP/1.1" 200 617 "http://ericfahsl.com/im/" "Mozilla/5.0 (Windows NT 10.0; WOW64) AppleWebKit/537.36 (KHTML, like Gecko) Chrome/43.0.2357.124 Safari/537.36"
24.22.181.133 - - [12/Jun/2015:21:28:06 -0700] "GET /im/api.php?bib=973&r=0.7786820153705776&raceId=2147483756&raceName=victoria70.3&startTime=06:00:00 HTTP/1.1" 200 616 "http://ericfahsl.com/im/" "Mozilla/5.0 (Windows NT 10.0; WOW64) AppleWebKit/537.36 (KHTML, like Gecko) Chrome/43.0.2357.124 Safari/537.36"
24.22.181.133 - - [12/Jun/2015:21:28:07 -0700] "GET /im/api.php?bib=1369&r=0.10629013320431113&raceId=2147483756&raceName=victoria70.3&startTime=06:21:00 HTTP/1.1" 200 622 "http://ericfahsl.com/im/" "Mozilla/5.0 (Windows NT 10.0; WOW64) AppleWebKit/537.36 (KHTML, like Gecko) Chrome/43.0.2357.124 Safari/537.36"
24.22.181.133 - - [12/Jun/2015:21:28:06 -0700] "GET /im/api.php?bib=657&r=0.5027081102598459&raceId=2147483756&raceName=victoria70.3&startTime=06:15:00 HTTP/1.1" 200 617 "http://ericfahsl.com/im/" "Mozilla/5.0 (Windows NT 10.0; WOW64) AppleWebKit/537.36 (KHTML, like Gecko) Chrome/43.0.2357.124 Safari/537.36"
24.22.181.133 - - [12/Jun/2015:21:28:06 -0700] "GET /im/api.php?bib=1209&r=0.5811939050909132&raceId=2147483756&raceName=victoria70.3&startTime=06:06:00 HTTP/1.1" 200 617 "http://ericfahsl.com/im/" "Mozilla/5.0 (Windows NT 10.0; WOW64) AppleWebKit/537.36 (KHTML, like Gecko) Chrome/43.0.2357.124 Safari/537.36"
127.0.0.1 - - [12/Jun/2015:21:28:15 -0700] "OPTIONS * HTTP/1.0" 200 126 "-" "Apache/2.2.22 (Ubuntu) (internal dummy connection)"
24.22.181.133 - - [12/Jun/2015:21:28:30 -0700] "GET /im/api.php?bib=95&r=0.829192625824362&raceId=2147483756&raceName=victoria70.3&startTime=06:15:00 HTTP/1.1" 200 620 "http://ericfahsl.com/im/" "Mozilla/5.0 (Windows NT 10.0; WOW64) AppleWebKit/537.36 (KHTML, like Gecko) Chrome/43.0.2357.124 Safari/537.36"
24.22.181.133 - - [12/Jun/2015:21:28:30 -0700] "GET /im/api.php?bib=585&r=0.6785782899241894&raceId=2147483756&raceName=victoria70.3&startTime=06:15:00 HTTP/1.1" 200 617 "http://ericfahsl.com/im/" "Mozilla/5.0 (Windows NT 10.0; WOW64) AppleWebKit/537.36 (KHTML, like Gecko) Chrome/43.0.2357.124 Safari/537.36"
24.22.181.133 - - [12/Jun/2015:21:28:30 -0700] "GET /im/api.php?bib=324&r=0.3752201027236879&raceId=2147483756&raceName=victoria70.3&startTime=06:12:00 HTTP/1.1" 200 618 "http://ericfahsl.com/im/" "Mozilla/5.0 (Windows NT 10.0; WOW64) AppleWebKit/537.36 (KHTML, like Gecko) Chrome/43.0.2357.124 Safari/537.36"
24.22.181.133 - - [12/Jun/2015:21:28:30 -0700] "GET /im/api.php?bib=1043&r=0.03056095913052559&raceId=2147483756&raceName=victoria70.3&startTime=06:03:00 HTTP/1.1" 200 617 "http://ericfahsl.com/im/" "Mozilla/5.0 (Windows NT 10.0; WOW64) AppleWebKit/537.36 (KHTML, like Gecko) Chrome/43.0.2357.124 Safari/537.36"
24.22.181.133 - - [12/Jun/2015:21:28:30 -0700] "GET /im/api.php?bib=296&r=0.08515522419475019&raceId=2147483756&raceName=victoria70.3&startTime=06:12:00 HTTP/1.1" 200 620 "http://ericfahsl.com/im/" "Mozilla/5.0 (Windows NT 10.0; WOW64) AppleWebKit/537.36 (KHTML, like Gecko) Chrome/43.0.2357.124 Safari/537.36"
24.22.181.133 - - [12/Jun/2015:21:28:30 -0700] "GET /im/api.php?bib=366&r=0.12505152635276318&raceId=2147483756&raceName=victoria70.3&startTime=06:12:00 HTTP/1.1" 200 616 "http://ericfahsl.com/im/" "Mozilla/5.0 (Windows NT 10.0; WOW64) AppleWebKit/537.36 (KHTML, like Gecko) Chrome/43.0.2357.124 Safari/537.36"
24.22.181.133 - - [12/Jun/2015:21:28:30 -0700] "GET /im/api.php?bib=657&r=0.7165621179156005&raceId=2147483756&raceName=victoria70.3&startTime=06:15:00 HTTP/1.1" 200 616 "http://ericfahsl.com/im/" "Mozilla/5.0 (Windows NT 10.0; WOW64) AppleWebKit/537.36 (KHTML, like Gecko) Chrome/43.0.2357.124 Safari/537.36"
24.22.181.133 - - [12/Jun/2015:21:28:31 -0700] "GET /im/api.php?bib=973&r=0.632486249320209&raceId=2147483756&raceName=victoria70.3&startTime=06:00:00 HTTP/1.1" 200 616 "http://ericfahsl.com/im/" "Mozilla/5.0 (Windows NT 10.0; WOW64) AppleWebKit/537.36 (KHTML, like Gecko) Chrome/43.0.2357.124 Safari/537.36"
24.22.181.133 - - [12/Jun/2015:21:28:31 -0700] "GET /im/api.php?bib=1369&r=0.9290437120944262&raceId=2147483756&raceName=victoria70.3&startTime=06:21:00 HTTP/1.1" 200 621 "http://ericfahsl.com/im/" "Mozilla/5.0 (Windows NT 10.0; WOW64) AppleWebKit/537.36 (KHTML, like Gecko) Chrome/43.0.2357.124 Safari/537.36"
24.22.181.133 - - [12/Jun/2015:21:28:31 -0700] "GET /im/api.php?bib=1209&r=0.753953164909035&raceId=2147483756&raceName=victoria70.3&startTime=06:06:00 HTTP/1.1" 200 617 "http://ericfahsl.com/im/" "Mozilla/5.0 (Windows NT 10.0; WOW64) AppleWebKit/537.36 (KHTML, like Gecko) Chrome/43.0.2357.124 Safari/537.36"
24.22.181.133 - - [12/Jun/2015:21:28:33 -0700] "GET /im/api.php?bib=324&r=0.8818075431045145&raceId=2147483756&raceName=victoria70.3&startTime=06:12:00 HTTP/1.1" 200 616 "http://ericfahsl.com/im/" "Mozilla/5.0 (Windows NT 10.0; WOW64) AppleWebKit/537.36 (KHTML, like Gecko) Chrome/43.0.2357.124 Safari/537.36"
24.22.181.133 - - [12/Jun/2015:21:28:33 -0700] "GET /im/api.php?bib=1043&r=0.6430581244640052&raceId=2147483756&raceName=victoria70.3&startTime=06:03:00 HTTP/1.1" 200 616 "http://ericfahsl.com/im/" "Mozilla/5.0 (Windows NT 10.0; WOW64) AppleWebKit/537.36 (KHTML, like Gecko) Chrome/43.0.2357.124 Safari/537.36"
24.22.181.133 - - [12/Jun/2015:21:28:33 -0700] "GET /im/api.php?bib=95&r=0.46777865453623235&raceId=2147483756&raceName=victoria70.3&startTime=06:15:00 HTTP/1.1" 200 619 "http://ericfahsl.com/im/" "Mozilla/5.0 (Windows NT 10.0; WOW64) AppleWebKit/537.36 (KHTML, like Gecko) Chrome/43.0.2357.124 Safari/537.36"
24.22.181.133 - - [12/Jun/2015:21:28:33 -0700] "GET /im/api.php?bib=296&r=0.1319899798836559&raceId=2147483756&raceName=victoria70.3&startTime=06:12:00 HTTP/1.1" 200 621 "http://ericfahsl.com/im/" "Mozilla/5.0 (Windows NT 10.0; WOW64) AppleWebKit/537.36 (KHTML, like Gecko) Chrome/43.0.2357.124 Safari/537.36"
24.22.181.133 - - [12/Jun/2015:21:28:33 -0700] "GET /im/api.php?bib=585&r=0.2765643622260541&raceId=2147483756&raceName=victoria70.3&startTime=06:15:00 HTTP/1.1" 200 616 "http://ericfahsl.com/im/" "Mozilla/5.0 (Windows NT 10.0; WOW64) AppleWebKit/537.36 (KHTML, like Gecko) Chrome/43.0.2357.124 Safari/537.36"
24.22.181.133 - - [12/Jun/2015:21:28:33 -0700] "GET /im/api.php?bib=366&r=0.9880233991425484&raceId=2147483756&raceName=victoria70.3&startTime=06:12:00 HTTP/1.1" 200 615 "http://ericfahsl.com/im/" "Mozilla/5.0 (Windows NT 10.0; WOW64) AppleWebKit/537.36 (KHTML, like Gecko) Chrome/43.0.2357.124 Safari/537.36"
24.22.181.133 - - [12/Jun/2015:21:28:34 -0700] "GET /im/api.php?bib=1209&r=0.13378747343085706&raceId=2147483756&raceName=victoria70.3&startTime=06:06:00 HTTP/1.1" 200 617 "http://ericfahsl.com/im/" "Mozilla/5.0 (Windows NT 10.0; WOW64) AppleWebKit/537.36 (KHTML, like Gecko) Chrome/43.0.2357.124 Safari/537.36"
24.22.181.133 - - [12/Jun/2015:21:28:34 -0700] "GET /im/api.php?bib=657&r=0.47360319877043366&raceId=2147483756&raceName=victoria70.3&startTime=06:15:00 HTTP/1.1" 200 616 "http://ericfahsl.com/im/" "Mozilla/5.0 (Windows NT 10.0; WOW64) AppleWebKit/537.36 (KHTML, like Gecko) Chrome/43.0.2357.124 Safari/537.36"
24.22.181.133 - - [12/Jun/2015:21:28:34 -0700] "GET /im/api.php?bib=973&r=0.12546332948841155&raceId=2147483756&raceName=victoria70.3&startTime=06:00:00 HTTP/1.1" 200 616 "http://ericfahsl.com/im/" "Mozilla/5.0 (Windows NT 10.0; WOW64) AppleWebKit/537.36 (KHTML, like Gecko) Chrome/43.0.2357.124 Safari/537.36"
24.22.181.133 - - [12/Jun/2015:21:28:34 -0700] "GET /im/api.php?bib=1369&r=0.9761994692962617&raceId=2147483756&raceName=victoria70.3&startTime=06:21:00 HTTP/1.1" 200 621 "http://ericfahsl.com/im/" "Mozilla/5.0 (Windows NT 10.0; WOW64) AppleWebKit/537.36 (KHTML, like Gecko) Chrome/43.0.2357.124 Safari/537.36"
127.0.0.1 - - [12/Jun/2015:21:28:42 -0700] "OPTIONS * HTTP/1.0" 200 126 "-" "Apache/2.2.22 (Ubuntu) (internal dummy connection)"
170.75.162.130 - - [12/Jun/2015:21:28:54 -0700] "GET /lib/reccapi.php?resort=solitude HTTP/1.1" 200 1002 "-" "node-superagent/0.18.2"
127.0.0.1 - - [12/Jun/2015:21:29:15 -0700] "OPTIONS * HTTP/1.0" 200 126 "-" "Apache/2.2.22 (Ubuntu) (internal dummy connection)"
96.54.160.5 - - [12/Jun/2015:21:29:18 -0700] "GET /im/api.php?bib=366&r=0.10512707848101854&raceId=2147483756&raceName=victoria70.3&startTime=06:12:00 HTTP/1.1" 200 616 "http://ericfahsl.com/im/" "Mozilla/5.0 (Macintosh; Intel Mac OS X 10_10_3) AppleWebKit/537.36 (KHTML, like Gecko) Chrome/43.0.2357.124 Safari/537.36"
96.54.160.5 - - [12/Jun/2015:21:29:19 -0700] "GET /im/api.php?bib=1209&r=0.5177366777788848&raceId=2147483756&raceName=victoria70.3&startTime=06:06:00 HTTP/1.1" 200 618 "http://ericfahsl.com/im/" "Mozilla/5.0 (Macintosh; Intel Mac OS X 10_10_3) AppleWebKit/537.36 (KHTML, like Gecko) Chrome/43.0.2357.124 Safari/537.36"
96.54.160.5 - - [12/Jun/2015:21:29:18 -0700] "GET /im/api.php?bib=1043&r=0.10229966323822737&raceId=2147483756&raceName=victoria70.3&startTime=06:03:00 HTTP/1.1" 200 617 "http://ericfahsl.com/im/" "Mozilla/5.0 (Macintosh; Intel Mac OS X 10_10_3) AppleWebKit/537.36 (KHTML, like Gecko) Chrome/43.0.2357.124 Safari/537.36"
96.54.160.5 - - [12/Jun/2015:21:29:18 -0700] "GET /im/api.php?bib=324&r=0.5603984699118882&raceId=2147483756&raceName=victoria70.3&startTime=06:12:00 HTTP/1.1" 200 617 "http://ericfahsl.com/im/" "Mozilla/5.0 (Macintosh; Intel Mac OS X 10_10_3) AppleWebKit/537.36 (KHTML, like Gecko) Chrome/43.0.2357.124 Safari/537.36"
96.54.160.5 - - [12/Jun/2015:21:29:18 -0700] "GET /im/api.php?bib=296&r=0.7129044928587973&raceId=2147483756&raceName=victoria70.3&startTime=06:12:00 HTTP/1.1" 200 622 "http://ericfahsl.com/im/" "Mozilla/5.0 (Macintosh; Intel Mac OS X 10_10_3) AppleWebKit/537.36 (KHTML, like Gecko) Chrome/43.0.2357.124 Safari/537.36"
96.54.160.5 - - [12/Jun/2015:21:29:18 -0700] "GET /im/api.php?bib=973&r=0.5099338577128947&raceId=2147483756&raceName=victoria70.3&startTime=06:00:00 HTTP/1.1" 200 616 "http://ericfahsl.com/im/" "Mozilla/5.0 (Macintosh; Intel Mac OS X 10_10_3) AppleWebKit/537.36 (KHTML, like Gecko) Chrome/43.0.2357.124 Safari/537.36"
96.54.160.5 - - [12/Jun/2015:21:29:19 -0700] "GET /im/api.php?bib=95&r=0.42807414615526795&raceId=2147483756&raceName=victoria70.3&startTime=06:15:00 HTTP/1.1" 200 619 "http://ericfahsl.com/im/" "Mozilla/5.0 (Macintosh; Intel Mac OS X 10_10_3) AppleWebKit/537.36 (KHTML, like Gecko) Chrome/43.0.2357.124 Safari/537.36"
96.54.160.5 - - [12/Jun/2015:21:29:19 -0700] "GET /im/api.php?bib=585&r=0.13224836043082178&raceId=2147483756&raceName=victoria70.3&startTime=06:15:00 HTTP/1.1" 200 616 "http://ericfahsl.com/im/" "Mozilla/5.0 (Macintosh; Intel Mac OS X 10_10_3) AppleWebKit/537.36 (KHTML, like Gecko) Chrome/43.0.2357.124 Safari/537.36"
96.54.160.5 - - [12/Jun/2015:21:29:19 -0700] "GET /im/api.php?bib=1369&r=0.8000637120567262&raceId=2147483756&raceName=victoria70.3&startTime=06:21:00 HTTP/1.1" 200 622 "http://ericfahsl.com/im/" "Mozilla/5.0 (Macintosh; Intel Mac OS X 10_10_3) AppleWebKit/537.36 (KHTML, like Gecko) Chrome/43.0.2357.124 Safari/537.36"
96.54.160.5 - - [12/Jun/2015:21:29:19 -0700] "GET /im/api.php?bib=657&r=0.5478605029638857&raceId=2147483756&raceName=victoria70.3&startTime=06:15:00 HTTP/1.1" 200 617 "http://ericfahsl.com/im/" "Mozilla/5.0 (Macintosh; Intel Mac OS X 10_10_3) AppleWebKit/537.36 (KHTML, like Gecko) Chrome/43.0.2357.124 Safari/537.36"
127.0.0.1 - - [12/Jun/2015:21:29:27 -0700] "OPTIONS * HTTP/1.0" 200 126 "-" "Apache/2.2.22 (Ubuntu) (internal dummy connection)"
127.0.0.1 - - [12/Jun/2015:21:29:28 -0700] "OPTIONS * HTTP/1.0" 200 126 "-" "Apache/2.2.22 (Ubuntu) (internal dummy connection)"
127.0.0.1 - - [12/Jun/2015:21:29:35 -0700] "OPTIONS * HTTP/1.0" 200 126 "-" "Apache/2.2.22 (Ubuntu) (internal dummy connection)"
127.0.0.1 - - [12/Jun/2015:21:29:36 -0700] "OPTIONS * HTTP/1.0" 200 126 "-" "Apache/2.2.22 (Ubuntu) (internal dummy connection)"
127.0.0.1 - - [12/Jun/2015:21:29:37 -0700] "OPTIONS * HTTP/1.0" 200 126 "-" "Apache/2.2.22 (Ubuntu) (internal dummy connection)"
127.0.0.1 - - [12/Jun/2015:21:29:38 -0700] "OPTIONS * HTTP/1.0" 200 126 "-" "Apache/2.2.22 (Ubuntu) (internal dummy connection)"
127.0.0.1 - - [12/Jun/2015:21:29:39 -0700] "OPTIONS * HTTP/1.0" 200 126 "-" "Apache/2.2.22 (Ubuntu) (internal dummy connection)"
96.54.160.5 - - [12/Jun/2015:21:30:57 -0700] "GET /im/api.php?bib=324&r=0.5218950917478651&raceId=2147483756&raceName=victoria70.3&startTime=06:12:00 HTTP/1.1" 200 617 "http://ericfahsl.com/im/" "Mozilla/5.0 (Macintosh; Intel Mac OS X 10_10_3) AppleWebKit/537.36 (KHTML, like Gecko) Chrome/43.0.2357.124 Safari/537.36"
96.54.160.5 - - [12/Jun/2015:21:30:57 -0700] "GET /im/api.php?bib=1209&r=0.8977677351795137&raceId=2147483756&raceName=victoria70.3&startTime=06:06:00 HTTP/1.1" 200 618 "http://ericfahsl.com/im/" "Mozilla/5.0 (Macintosh; Intel Mac OS X 10_10_3) AppleWebKit/537.36 (KHTML, like Gecko) Chrome/43.0.2357.124 Safari/537.36"
96.54.160.5 - - [12/Jun/2015:21:30:57 -0700] "GET /im/api.php?bib=296&r=0.9309171377681196&raceId=2147483756&raceName=victoria70.3&startTime=06:12:00 HTTP/1.1" 200 621 "http://ericfahsl.com/im/" "Mozilla/5.0 (Macintosh; Intel Mac OS X 10_10_3) AppleWebKit/537.36 (KHTML, like Gecko) Chrome/43.0.2357.124 Safari/537.36"
96.54.160.5 - - [12/Jun/2015:21:30:57 -0700] "GET /im/api.php?bib=973&r=0.1985988502856344&raceId=2147483756&raceName=victoria70.3&startTime=06:00:00 HTTP/1.1" 200 617 "http://ericfahsl.com/im/" "Mozilla/5.0 (Macintosh; Intel Mac OS X 10_10_3) AppleWebKit/537.36 (KHTML, like Gecko) Chrome/43.0.2357.124 Safari/537.36"
96.54.160.5 - - [12/Jun/2015:21:30:57 -0700] "GET /im/api.php?bib=366&r=0.7724002797622234&raceId=2147483756&raceName=victoria70.3&startTime=06:12:00 HTTP/1.1" 200 616 "http://ericfahsl.com/im/" "Mozilla/5.0 (Macintosh; Intel Mac OS X 10_10_3) AppleWebKit/537.36 (KHTML, like Gecko) Chrome/43.0.2357.124 Safari/537.36"
96.54.160.5 - - [12/Jun/2015:21:30:57 -0700] "GET /im/api.php?bib=1043&r=0.7556776166893542&raceId=2147483756&raceName=victoria70.3&startTime=06:03:00 HTTP/1.1" 200 616 "http://ericfahsl.com/im/" "Mozilla/5.0 (Macintosh; Intel Mac OS X 10_10_3) AppleWebKit/537.36 (KHTML, like Gecko) Chrome/43.0.2357.124 Safari/537.36"
96.54.160.5 - - [12/Jun/2015:21:30:58 -0700] "GET /im/api.php?bib=95&r=0.5138233453035355&raceId=2147483756&raceName=victoria70.3&startTime=06:15:00 HTTP/1.1" 200 617 "http://ericfahsl.com/im/" "Mozilla/5.0 (Macintosh; Intel Mac OS X 10_10_3) AppleWebKit/537.36 (KHTML, like Gecko) Chrome/43.0.2357.124 Safari/537.36"
96.54.160.5 - - [12/Jun/2015:21:30:58 -0700] "GET /im/api.php?bib=1369&r=0.9039400795008987&raceId=2147483756&raceName=victoria70.3&startTime=06:21:00 HTTP/1.1" 200 622 "http://ericfahsl.com/im/" "Mozilla/5.0 (Macintosh; Intel Mac OS X 10_10_3) AppleWebKit/537.36 (KHTML, like Gecko) Chrome/43.0.2357.124 Safari/537.36"
