91.121.112.142 - - [17/Dec/2015:05:49:15 -0800] "GET /resorts?resort=alpinemeadows HTTP/1.0" 404 469 "-" "Mozilla/5.0 (compatible; MJ12bot/v1.4.5; http://www.majestic12.co.uk/bot.php?+)"
91.121.112.142 - - [17/Dec/2015:05:49:17 -0800] "GET /resorts?resort=bigsky HTTP/1.0" 404 469 "-" "Mozilla/5.0 (compatible; MJ12bot/v1.4.5; http://www.majestic12.co.uk/bot.php?+)"
91.121.112.142 - - [17/Dec/2015:05:49:18 -0800] "GET /resorts?resort=bigwhite HTTP/1.0" 404 469 "-" "Mozilla/5.0 (compatible; MJ12bot/v1.4.5; http://www.majestic12.co.uk/bot.php?+)"
180.76.15.8 - - [17/Dec/2015:05:53:30 -0800] "GET / HTTP/1.1" 200 6098 "-" "Mozilla/5.0 (compatible; Baiduspider/2.0; +http://www.baidu.com/search/spider.html)"
170.75.162.130 - - [17/Dec/2015:05:54:17 -0800] "GET /lib/reccapi.php?resort=devilshead HTTP/1.1" 200 945 "-" "node-superagent/1.4.0"
180.76.15.156 - - [17/Dec/2015:05:54:35 -0800] "GET / HTTP/1.1" 200 6098 "-" "Mozilla/5.0 (compatible; Baiduspider/2.0; +http://www.baidu.com/search/spider.html)"
170.75.162.130 - - [17/Dec/2015:06:03:08 -0800] "GET /lib/reccapi.php?resort=schweitzer HTTP/1.1" 200 1002 "-" "node-superagent/1.4.0"
170.75.162.130 - - [17/Dec/2015:06:10:49 -0800] "GET /lib/reccapi.php?resort=taos HTTP/1.1" 200 985 "-" "node-superagent/1.4.0"
170.75.162.130 - - [17/Dec/2015:06:17:40 -0800] "GET /lib/reccapi.php?resort=redlodge HTTP/1.1" 200 1065 "-" "node-superagent/1.4.0"
170.75.162.130 - - [17/Dec/2015:06:17:40 -0800] "GET /lib/reccapi.php?resort=bigsky HTTP/1.1" 200 988 "-" "node-superagent/1.4.0"
170.75.162.130 - - [17/Dec/2015:06:25:31 -0800] "GET /lib/reccapi.php?resort=diamondpeak HTTP/1.1" 200 960 "-" "node-superagent/1.4.0"
170.75.162.130 - - [17/Dec/2015:06:25:51 -0800] "GET /lib/reccapi.php?resort=whitefacemountain HTTP/1.1" 200 1082 "-" "node-superagent/1.4.0"
170.75.162.130 - - [17/Dec/2015:06:33:32 -0800] "GET /lib/reccapi.php?resort=sierra-at-tahoe HTTP/1.1" 200 967 "-" "node-superagent/1.4.0"
180.76.15.22 - - [17/Dec/2015:06:51:16 -0800] "GET / HTTP/1.1" 200 6098 "-" "Mozilla/5.0 (compatible; Baiduspider/2.0; +http://www.baidu.com/search/spider.html)"
66.249.66.159 - - [17/Dec/2015:06:51:25 -0800] "GET / HTTP/1.1" 200 2367 "-" "Mozilla/5.0 (compatible; Googlebot/2.1; +http://www.google.com/bot.html)"
180.76.15.11 - - [17/Dec/2015:06:52:17 -0800] "GET / HTTP/1.1" 200 6098 "-" "Mozilla/5.0 (compatible; Baiduspider/2.0; +http://www.baidu.com/search/spider.html)"
71.140.31.214 - - [17/Dec/2015:07:07:59 -0800] "GET /images/wsis-logo-sm.png HTTP/1.1" 200 6108 "http://thebackcountry.net/" "Mozilla/4.0 (compatible; MSIE 8.0; Windows NT 5.1; Trident/4.0; .NET CLR 2.0.50727; .NET CLR 3.0.4506.2152; .NET CLR 3.5.30729; 786908940603; Build/14.08001)"
170.75.162.130 - - [17/Dec/2015:07:09:46 -0800] "GET /lib/reccapi.php?resort=whistlerblackcomb HTTP/1.1" 200 936 "-" "node-superagent/1.4.0"
170.75.162.130 - - [17/Dec/2015:07:12:06 -0800] "GET /lib/reccapi.php?resort=crystalmountain HTTP/1.1" 200 1027 "-" "node-superagent/1.4.0"
170.75.162.130 - - [17/Dec/2015:07:13:37 -0800] "GET /lib/reccapi.php?resort=mountbachelor HTTP/1.1" 200 1065 "-" "node-superagent/1.4.0"
170.75.162.130 - - [17/Dec/2015:07:13:37 -0800] "GET /lib/reccapi.php?resort=hoodoo HTTP/1.1" 200 1027 "-" "node-superagent/1.4.0"
50.37.14.234 - - [17/Dec/2015:07:17:02 -0800] "GET /images/wsis-logo-sm.png HTTP/1.1" 200 6108 "http://www.thebackcountry.net/" "Mozilla/5.0 (Macintosh; Intel Mac OS X 10.10; rv:42.0) Gecko/20100101 Firefox/42.0"
71.92.91.154 - - [17/Dec/2015:07:18:16 -0800] "GET /images/wsis-logo-sm.png HTTP/1.1" 200 6108 "http://www.thebackcountry.net/" "Mozilla/5.0 (iPhone; CPU iPhone OS 9_1 like Mac OS X) AppleWebKit/600.1.4 (KHTML, like Gecko) GSA/8.0.57838 Mobile/13B143 Safari/600.1.4"
172.56.17.55 - - [17/Dec/2015:07:26:43 -0800] "GET /images/wsis-logo-sm.png HTTP/1.1" 200 6108 "http://www.thebackcountry.net/" "Mozilla/5.0 (Linux; Android 4.4.2; 7040N Build/KVT49L) AppleWebKit/537.36 (KHTML, like Gecko) Chrome/46.0.2490.76 Mobile Safari/537.36"
170.75.162.130 - - [17/Dec/2015:07:28:39 -0800] "GET /lib/reccapi.php?resort=mountainhigh HTTP/1.1" 200 977 "-" "node-superagent/1.4.0"
66.249.66.155 - - [17/Dec/2015:07:32:19 -0800] "GET /resorts?resort=parkcity&date=2013-12-10 HTTP/1.1" 404 506 "-" "Mozilla/5.0 (iPhone; CPU iPhone OS 8_3 like Mac OS X) AppleWebKit/600.1.4 (KHTML, like Gecko) Version/8.0 Mobile/12F70 Safari/600.1.4 (compatible; Googlebot/2.1; +http://www.google.com/bot.html)"
68.67.87.205 - - [17/Dec/2015:07:37:17 -0800] "GET /images/wsis-logo-sm.png HTTP/1.1" 200 6108 "http://www.thebackcountry.net/" "Mozilla/5.0 (Macintosh; Intel Mac OS X 10_9_5) AppleWebKit/601.2.7 (KHTML, like Gecko) Version/9.0.1 Safari/537.86.2"
71.93.79.78 - - [17/Dec/2015:07:38:13 -0800] "GET /images/wsis-logo-sm.png HTTP/1.1" 200 6108 "http://thebackcountry.net/" "Mozilla/5.0 (Macintosh; Intel Mac OS X 10.9; rv:42.0) Gecko/20100101 Firefox/42.0"
123.125.71.55 - - [17/Dec/2015:07:38:20 -0800] "GET / HTTP/1.1" 200 2330 "-" "Mozilla/5.0 (Windows NT 5.1; rv:6.0.2) Gecko/20100101 Firefox/6.0.2"
123.125.71.40 - - [17/Dec/2015:07:38:21 -0800] "GET / HTTP/1.1" 200 6098 "-" "Mozilla/5.0 (Windows NT 5.1; rv:6.0.2) Gecko/20100101 Firefox/6.0.2"
180.76.15.33 - - [17/Dec/2015:07:42:42 -0800] "GET / HTTP/1.1" 200 6098 "-" "Mozilla/5.0 (compatible; Baiduspider/2.0; +http://www.baidu.com/search/spider.html)"
180.76.15.137 - - [17/Dec/2015:07:43:28 -0800] "GET / HTTP/1.1" 200 6098 "-" "Mozilla/5.0 (compatible; Baiduspider/2.0; +http://www.baidu.com/search/spider.html)"
220.181.108.160 - - [17/Dec/2015:07:45:17 -0800] "GET / HTTP/1.1" 200 2330 "-" "Mozilla/5.0 (Windows NT 5.1; rv:6.0.2) Gecko/20100101 Firefox/6.0.2"
220.181.108.177 - - [17/Dec/2015:07:45:19 -0800] "GET / HTTP/1.1" 200 6098 "-" "Mozilla/5.0 (Windows NT 5.1; rv:6.0.2) Gecko/20100101 Firefox/6.0.2"
170.75.162.130 - - [17/Dec/2015:07:50:21 -0800] "GET /lib/reccapi.php?resort=wildcatmountain HTTP/1.1" 200 1120 "-" "node-superagent/1.4.0"
107.77.111.115 - - [17/Dec/2015:07:57:00 -0800] "GET /images/wsis-logo-sm.png HTTP/1.1" 200 6108 "http://www.thebackcountry.net/" "Mozilla/5.0 (iPhone; CPU iPhone OS 9_2 like Mac OS X) AppleWebKit/600.1.4 (KHTML, like Gecko) GSA/11.0.65374 Mobile/13C75 Safari/600.1.4"
195.154.227.118 - - [17/Dec/2015:08:00:47 -0800] "HEAD /wp-trackback.php HTTP/" 404 182 "-" "Mozilla/4.0 (compatible; MSIE 6.0; Windows NT 5.1; SV1; .NET CLR 2.0.50727)"
24.156.10.21 - - [17/Dec/2015:08:02:36 -0800] "GET /images/wsis-logo-sm.png HTTP/1.1" 200 6108 "http://www.thebackcountry.net/" "Mozilla/5.0 (Macintosh; Intel Mac OS X 10_10_5) AppleWebKit/600.8.9 (KHTML, like Gecko) Version/8.0.8 Safari/600.8.9"
104.194.26.204 - - [17/Dec/2015:08:03:39 -0800] "GET /wp-login.php HTTP/1.1" 404 532 "-" "Mozilla/5.0 (compatible; MSIE 9.0; Windows NT 6.1; Trident/5.0)"
170.75.162.130 - - [17/Dec/2015:08:05:23 -0800] "GET /lib/reccapi.php?resort=sunvalley HTTP/1.1" 200 1077 "-" "node-superagent/1.4.0"
45.79.76.205 - - [17/Dec/2015:08:07:34 -0800] "GET /images/wsis-logo-sm.png HTTP/1.1" 200 6108 "http://www.thebackcountry.net/" "Mozilla/5.0 (Windows NT 5.1) AppleWebKit/537.36 (KHTML, like Gecko) Chrome/31.0.1650.63 Safari/537.36"
40.77.167.16 - - [17/Dec/2015:08:08:33 -0800] "GET /robots.txt HTTP/1.1" 200 375 "-" "Mozilla/5.0 (compatible; bingbot/2.0; +http://www.bing.com/bingbot.htm)"
40.77.167.16 - - [17/Dec/2015:08:08:44 -0800] "GET / HTTP/1.1" 200 2367 "-" "Mozilla/5.0 (compatible; bingbot/2.0; +http://www.bing.com/bingbot.htm)"
66.249.66.159 - - [17/Dec/2015:08:14:24 -0800] "GET / HTTP/1.1" 200 2367 "-" "Mozilla/5.0 (compatible; Googlebot/2.1; +http://www.google.com/bot.html)"
24.205.214.132 - - [17/Dec/2015:08:14:52 -0800] "GET /images/wsis-logo-sm.png HTTP/1.1" 200 6108 "http://www.thebackcountry.net/" "Mozilla/5.0 (Windows NT 10.0; WOW64; rv:42.0) Gecko/20100101 Firefox/42.0"
123.125.71.90 - - [17/Dec/2015:08:15:17 -0800] "GET /images/loading.gif HTTP/1.1" 200 13845 "-" "Baiduspider-image+(+http://www.baidu.com/search/spider.htm)"
170.75.162.130 - - [17/Dec/2015:08:16:35 -0800] "GET /lib/reccapi.php?resort=stevenspass HTTP/1.1" 200 1023 "-" "node-superagent/1.4.0"
172.10.207.105 - - [17/Dec/2015:08:33:59 -0800] "GET /images/wsis-logo-sm.png HTTP/1.1" 200 6108 "http://www.thebackcountry.net/" "Mozilla/5.0 (compatible; MSIE 10.0; Windows NT 6.1; Trident/6.0)"
70.36.195.17 - - [17/Dec/2015:08:37:07 -0800] "GET /images/wsis-logo-sm.png HTTP/1.1" 200 6108 "http://thebackcountry.net/" "Mozilla/5.0 (Windows NT 6.1; WOW64; rv:42.0) Gecko/20100101 Firefox/42.0"
50.1.20.242 - - [17/Dec/2015:08:37:11 -0800] "GET /images/wsis-logo-sm.png HTTP/1.1" 200 6108 "http://www.thebackcountry.net/" "Mozilla/5.0 (Macintosh; Intel Mac OS X 10_10_5) AppleWebKit/537.36 (KHTML, like Gecko) Chrome/47.0.2526.106 Safari/537.36"
180.76.15.140 - - [17/Dec/2015:08:37:23 -0800] "GET /robots.txt HTTP/1.1" 200 382 "-" "Mozilla/5.0 (Windows NT 5.1; rv:6.0.2) Gecko/20100101 Firefox/6.0.2"
180.76.15.21 - - [17/Dec/2015:08:38:17 -0800] "GET / HTTP/1.1" 200 2330 "-" "Mozilla/5.0 (compatible; Baiduspider/2.0; +http://www.baidu.com/search/spider.html)"
216.171.221.83 - - [17/Dec/2015:08:39:05 -0800] "GET /images/wsis-logo-sm.png HTTP/1.1" 200 6108 "http://www.thebackcountry.net/" "Mozilla/5.0 (Windows NT 10.0; WOW64) AppleWebKit/537.36 (KHTML, like Gecko) Chrome/47.0.2526.106 Safari/537.36"
40.77.167.16 - - [17/Dec/2015:08:40:46 -0800] "GET /robots.txt HTTP/1.1" 200 375 "-" "Mozilla/5.0 (compatible; bingbot/2.0; +http://www.bing.com/bingbot.htm)"
40.77.167.16 - - [17/Dec/2015:08:40:52 -0800] "GET / HTTP/1.1" 200 2367 "-" "Mozilla/5.0 (compatible; bingbot/2.0; +http://www.bing.com/bingbot.htm)"
170.75.162.130 - - [17/Dec/2015:08:44:48 -0800] "GET /lib/reccapi.php?resort=mammothmountain HTTP/1.1" 200 986 "-" "node-superagent/1.4.0"
180.76.15.160 - - [17/Dec/2015:08:47:50 -0800] "GET / HTTP/1.1" 200 6098 "-" "Mozilla/5.0 (compatible; Baiduspider/2.0; +http://www.baidu.com/search/spider.html)"
180.76.15.21 - - [17/Dec/2015:08:48:25 -0800] "GET / HTTP/1.1" 200 6098 "-" "Mozilla/5.0 (compatible; Baiduspider/2.0; +http://www.baidu.com/search/spider.html)"
73.170.226.103 - - [17/Dec/2015:08:51:28 -0800] "GET /images/wsis-logo-sm.png HTTP/1.1" 200 6108 "http://www.thebackcountry.net/" "Mozilla/5.0 (Macintosh; Intel Mac OS X 10_10_5) AppleWebKit/537.36 (KHTML, like Gecko) Chrome/46.0.2490.86 Safari/537.36"
170.75.162.130 - - [17/Dec/2015:09:00:50 -0800] "GET /lib/reccapi.php?resort=mounthoodmeadows HTTP/1.1" 200 1096 "-" "node-superagent/1.4.0"
75.111.96.129 - - [17/Dec/2015:09:02:38 -0800] "GET /images/wsis-logo-sm.png HTTP/1.1" 200 6108 "http://thebackcountry.net/" "Mozilla/5.0 (Windows NT 6.1; WOW64) AppleWebKit/537.36 (KHTML, like Gecko) Chrome/47.0.2526.106 Safari/537.36"
170.75.162.130 - - [17/Dec/2015:09:04:01 -0800] "GET /lib/reccapi.php?resort=heavenly HTTP/1.1" 200 1026 "-" "node-superagent/1.4.0"
170.75.162.130 - - [17/Dec/2015:09:04:21 -0800] "GET /lib/reccapi.php?resort=squawvalleyusa HTTP/1.1" 200 1014 "-" "node-superagent/1.4.0"
170.75.162.130 - - [17/Dec/2015:09:06:21 -0800] "GET /lib/reccapi.php?resort=snowbird HTTP/1.1" 200 1026 "-" "node-superagent/1.4.0"
170.75.162.130 - - [17/Dec/2015:09:06:21 -0800] "GET /lib/reccapi.php?resort=sugarbowl HTTP/1.1" 200 981 "-" "node-superagent/1.4.0"
170.75.162.130 - - [17/Dec/2015:09:06:31 -0800] "GET /lib/reccapi.php?resort=kirkwood HTTP/1.1" 200 989 "-" "node-superagent/1.4.0"
85.93.91.84 - - [17/Dec/2015:09:08:13 -0800] "GET /robots.txt HTTP/1.0" 200 338 "-" "Mozilla/5.0 (compatible; DeuSu/5.0.2; +https://deusu.de/robot.html)"
85.93.91.84 - - [17/Dec/2015:09:08:14 -0800] "GET /about HTTP/1.0" 404 495 "-" "Mozilla/5.0 (compatible; DeuSu/5.0.2; +https://deusu.de/robot.html)"
207.107.110.18 - - [17/Dec/2015:09:16:14 -0800] "-" 408 0 "-" "-"
207.107.110.18 - - [17/Dec/2015:09:16:15 -0800] "-" 408 0 "-" "-"
207.107.110.18 - - [17/Dec/2015:09:16:15 -0800] "-" 408 0 "-" "-"
148.107.2.60 - - [17/Dec/2015:09:17:15 -0800] "GET / HTTP/1.1" 200 2367 "-" "Mozilla/5.0 (Macintosh; Intel Mac OS X 10_10_5) AppleWebKit/537.36 (KHTML, like Gecko) Chrome/47.0.2526.80 Safari/537.36"
199.116.169.254 - - [17/Dec/2015:09:17:15 -0800] "GET / HTTP/1.1" 200 6135 "-" "Mozilla/5.0 (Macintosh; Intel Mac OS X 10_10_5) AppleWebKit/537.36 (KHTML, like Gecko) Chrome/47.0.2526.80 Safari/537.36"
148.107.2.60 - - [17/Dec/2015:09:17:16 -0800] "GET /styles/0fffd548.main.css HTTP/1.1" 200 19317 "http://whereshouldiski.com/" "Mozilla/5.0 (Macintosh; Intel Mac OS X 10_10_5) AppleWebKit/537.36 (KHTML, like Gecko) Chrome/47.0.2526.80 Safari/537.36"
148.107.2.60 - - [17/Dec/2015:09:17:16 -0800] "GET /scripts/scripts/vendor/modernizr.js HTTP/1.1" 200 4902 "http://whereshouldiski.com/" "Mozilla/5.0 (Macintosh; Intel Mac OS X 10_10_5) AppleWebKit/537.36 (KHTML, like Gecko) Chrome/47.0.2526.80 Safari/537.36"
148.107.2.60 - - [17/Dec/2015:09:17:16 -0800] "GET /images/logo-sm.png HTTP/1.1" 200 16738 "http://whereshouldiski.com/" "Mozilla/5.0 (Macintosh; Intel Mac OS X 10_10_5) AppleWebKit/537.36 (KHTML, like Gecko) Chrome/47.0.2526.80 Safari/537.36"
148.107.2.60 - - [17/Dec/2015:09:17:16 -0800] "GET /bower_components/requirejs/require.js HTTP/1.1" 200 6702 "http://whereshouldiski.com/" "Mozilla/5.0 (Macintosh; Intel Mac OS X 10_10_5) AppleWebKit/537.36 (KHTML, like Gecko) Chrome/47.0.2526.80 Safari/537.36"
148.107.2.60 - - [17/Dec/2015:09:17:16 -0800] "GET /images/loading.gif HTTP/1.1" 200 13881 "http://whereshouldiski.com/" "Mozilla/5.0 (Macintosh; Intel Mac OS X 10_10_5) AppleWebKit/537.36 (KHTML, like Gecko) Chrome/47.0.2526.80 Safari/537.36"
148.107.2.60 - - [17/Dec/2015:09:17:17 -0800] "GET /scripts/fa48e319.main.js HTTP/1.1" 200 123455 "http://whereshouldiski.com/" "Mozilla/5.0 (Macintosh; Intel Mac OS X 10_10_5) AppleWebKit/537.36 (KHTML, like Gecko) Chrome/47.0.2526.80 Safari/537.36"
148.107.2.60 - - [17/Dec/2015:09:17:17 -0800] "GET /images/greyHeader.png HTTP/1.1" 200 508 "http://whereshouldiski.com/styles/0fffd548.main.css" "Mozilla/5.0 (Macintosh; Intel Mac OS X 10_10_5) AppleWebKit/537.36 (KHTML, like Gecko) Chrome/47.0.2526.80 Safari/537.36"
148.107.2.60 - - [17/Dec/2015:09:17:17 -0800] "GET /images/button.png HTTP/1.1" 200 598 "http://whereshouldiski.com/styles/0fffd548.main.css" "Mozilla/5.0 (Macintosh; Intel Mac OS X 10_10_5) AppleWebKit/537.36 (KHTML, like Gecko) Chrome/47.0.2526.80 Safari/537.36"
148.107.2.60 - - [17/Dec/2015:09:17:17 -0800] "GET /lib/reccapi.php?fields=t HTTP/1.1" 200 1844 "http://whereshouldiski.com/" "Mozilla/5.0 (Macintosh; Intel Mac OS X 10_10_5) AppleWebKit/537.36 (KHTML, like Gecko) Chrome/47.0.2526.80 Safari/537.36"
199.116.169.254 - - [17/Dec/2015:09:17:17 -0800] "GET /lib/reccapi.php?fields=t HTTP/1.1" 200 12104 "-" "Mozilla/5.0 (Macintosh; Intel Mac OS X 10_10_5) AppleWebKit/537.36 (KHTML, like Gecko) Chrome/47.0.2526.80 Safari/537.36"
148.107.2.60 - - [17/Dec/2015:09:17:17 -0800] "GET /images/snowflake5.png HTTP/1.1" 200 2857 "http://whereshouldiski.com/styles/0fffd548.main.css" "Mozilla/5.0 (Macintosh; Intel Mac OS X 10_10_5) AppleWebKit/537.36 (KHTML, like Gecko) Chrome/47.0.2526.80 Safari/537.36"
148.107.2.60 - - [17/Dec/2015:09:17:17 -0800] "GET /images/star5.png HTTP/1.1" 200 1783 "http://whereshouldiski.com/styles/0fffd548.main.css" "Mozilla/5.0 (Macintosh; Intel Mac OS X 10_10_5) AppleWebKit/537.36 (KHTML, like Gecko) Chrome/47.0.2526.80 Safari/537.36"
148.107.2.60 - - [17/Dec/2015:09:17:17 -0800] "GET /images/bluebird5.png HTTP/1.1" 200 2177 "http://whereshouldiski.com/styles/0fffd548.main.css" "Mozilla/5.0 (Macintosh; Intel Mac OS X 10_10_5) AppleWebKit/537.36 (KHTML, like Gecko) Chrome/47.0.2526.80 Safari/537.36"
148.107.2.60 - - [17/Dec/2015:09:17:17 -0800] "GET /images/shading-icon.png HTTP/1.1" 200 536 "http://whereshouldiski.com/styles/0fffd548.main.css" "Mozilla/5.0 (Macintosh; Intel Mac OS X 10_10_5) AppleWebKit/537.36 (KHTML, like Gecko) Chrome/47.0.2526.80 Safari/537.36"
148.107.2.60 - - [17/Dec/2015:09:17:17 -0800] "GET /images/mtns-icon.png HTTP/1.1" 200 1097 "http://whereshouldiski.com/styles/0fffd548.main.css" "Mozilla/5.0 (Macintosh; Intel Mac OS X 10_10_5) AppleWebKit/537.36 (KHTML, like Gecko) Chrome/47.0.2526.80 Safari/537.36"
148.107.2.60 - - [17/Dec/2015:09:17:17 -0800] "GET /favicon.ico HTTP/1.1" 200 1476 "http://whereshouldiski.com/" "Mozilla/5.0 (Macintosh; Intel Mac OS X 10_10_5) AppleWebKit/537.36 (KHTML, like Gecko) Chrome/47.0.2526.80 Safari/537.36"
148.107.2.60 - - [17/Dec/2015:09:17:23 -0800] "GET /lib/reccapi.php?fields=t&coords=34.0519023,-118.2531884 HTTP/1.1" 200 2006 "http://whereshouldiski.com/" "Mozilla/5.0 (Macintosh; Intel Mac OS X 10_10_5) AppleWebKit/537.36 (KHTML, like Gecko) Chrome/47.0.2526.80 Safari/537.36"
127.0.0.1 - - [17/Dec/2015:09:17:30 -0800] "OPTIONS * HTTP/1.0" 200 126 "-" "Apache/2.2.22 (Ubuntu) (internal dummy connection)"
148.107.2.60 - - [17/Dec/2015:09:17:41 -0800] "GET /lib/reccapi.php?fields=t&coords=34.0519023,-118.2531884&date=2015-12-18 HTTP/1.1" 200 2132 "http://whereshouldiski.com/" "Mozilla/5.0 (Macintosh; Intel Mac OS X 10_10_5) AppleWebKit/537.36 (KHTML, like Gecko) Chrome/47.0.2526.80 Safari/537.36"
148.107.2.60 - - [17/Dec/2015:09:17:41 -0800] "GET /images/greenHeader.png HTTP/1.1" 200 508 "http://whereshouldiski.com/styles/0fffd548.main.css" "Mozilla/5.0 (Macintosh; Intel Mac OS X 10_10_5) AppleWebKit/537.36 (KHTML, like Gecko) Chrome/47.0.2526.80 Safari/537.36"
148.107.2.60 - - [17/Dec/2015:09:17:42 -0800] "GET /lib/reccapi.php?fields=t&coords=34.0519023,-118.2531884&date=2015-12-18&distance=100 HTTP/1.1" 200 842 "http://whereshouldiski.com/" "Mozilla/5.0 (Macintosh; Intel Mac OS X 10_10_5) AppleWebKit/537.36 (KHTML, like Gecko) Chrome/47.0.2526.80 Safari/537.36"
148.107.2.60 - - [17/Dec/2015:09:17:44 -0800] "GET /lib/reccapi.php?fields=t&coords=34.0519023,-118.2531884&date=2015-12-18 HTTP/1.1" 200 2131 "http://whereshouldiski.com/" "Mozilla/5.0 (Macintosh; Intel Mac OS X 10_10_5) AppleWebKit/537.36 (KHTML, like Gecko) Chrome/47.0.2526.80 Safari/537.36"
148.107.2.60 - - [17/Dec/2015:09:17:45 -0800] "GET /lib/reccapi.php?fields=t&coords=34.0519023,-118.2531884 HTTP/1.1" 200 2005 "http://whereshouldiski.com/" "Mozilla/5.0 (Macintosh; Intel Mac OS X 10_10_5) AppleWebKit/537.36 (KHTML, like Gecko) Chrome/47.0.2526.80 Safari/537.36"
148.107.2.60 - - [17/Dec/2015:09:17:46 -0800] "GET /lib/reccapi.php?fields=t&coords=34.0519023,-118.2531884&distance=100 HTTP/1.1" 200 1157 "http://whereshouldiski.com/" "Mozilla/5.0 (Macintosh; Intel Mac OS X 10_10_5) AppleWebKit/537.36 (KHTML, like Gecko) Chrome/47.0.2526.80 Safari/537.36"
148.107.2.60 - - [17/Dec/2015:09:17:49 -0800] "GET /lib/reccapi.php?resort=mountainhigh&date=2015-12-20 HTTP/1.1" 200 997 "http://whereshouldiski.com/" "Mozilla/5.0 (Macintosh; Intel Mac OS X 10_10_5) AppleWebKit/537.36 (KHTML, like Gecko) Chrome/47.0.2526.80 Safari/537.36"
148.107.2.60 - - [17/Dec/2015:09:17:49 -0800] "GET /lib/reccapi.php?fields=t&date=2015-12-20&coords=34.38%2C-117.71&size=7&sort=distance HTTP/1.1" 200 1335 "http://whereshouldiski.com/" "Mozilla/5.0 (Macintosh; Intel Mac OS X 10_10_5) AppleWebKit/537.36 (KHTML, like Gecko) Chrome/47.0.2526.80 Safari/537.36"
148.107.2.60 - - [17/Dec/2015:09:17:49 -0800] "GET /images/stars-med-5.png HTTP/1.1" 200 4124 "http://whereshouldiski.com/styles/0fffd548.main.css" "Mozilla/5.0 (Macintosh; Intel Mac OS X 10_10_5) AppleWebKit/537.36 (KHTML, like Gecko) Chrome/47.0.2526.80 Safari/537.36"
148.107.2.60 - - [17/Dec/2015:09:17:49 -0800] "GET /images/shading-53px.png HTTP/1.1" 200 548 "http://whereshouldiski.com/styles/0fffd548.main.css" "Mozilla/5.0 (Macintosh; Intel Mac OS X 10_10_5) AppleWebKit/537.36 (KHTML, like Gecko) Chrome/47.0.2526.80 Safari/537.36"
148.107.2.60 - - [17/Dec/2015:09:17:49 -0800] "GET /images/sun-med-5.png HTTP/1.1" 200 7627 "http://whereshouldiski.com/styles/0fffd548.main.css" "Mozilla/5.0 (Macintosh; Intel Mac OS X 10_10_5) AppleWebKit/537.36 (KHTML, like Gecko) Chrome/47.0.2526.80 Safari/537.36"
148.107.2.60 - - [17/Dec/2015:09:17:49 -0800] "GET /images/snowflake-med-5.png HTTP/1.1" 200 6157 "http://whereshouldiski.com/styles/0fffd548.main.css" "Mozilla/5.0 (Macintosh; Intel Mac OS X 10_10_5) AppleWebKit/537.36 (KHTML, like Gecko) Chrome/47.0.2526.80 Safari/537.36"
148.107.2.60 - - [17/Dec/2015:09:17:49 -0800] "GET /images/mtns-30px.png HTTP/1.1" 200 1202 "http://whereshouldiski.com/styles/0fffd548.main.css" "Mozilla/5.0 (Macintosh; Intel Mac OS X 10_10_5) AppleWebKit/537.36 (KHTML, like Gecko) Chrome/47.0.2526.80 Safari/537.36"
148.107.2.60 - - [17/Dec/2015:09:17:49 -0800] "GET /lib/resortDataSearchD3.php?size=7&sortDate=T&resort=mountainhigh&dateStart=2015-12-18 HTTP/1.1" 200 680 "http://whereshouldiski.com/" "Mozilla/5.0 (Macintosh; Intel Mac OS X 10_10_5) AppleWebKit/537.36 (KHTML, like Gecko) Chrome/47.0.2526.80 Safari/537.36"
148.107.2.60 - - [17/Dec/2015:09:17:49 -0800] "GET /images/opensnow_logo.png HTTP/1.1" 200 11776 "http://whereshouldiski.com/" "Mozilla/5.0 (Macintosh; Intel Mac OS X 10_10_5) AppleWebKit/537.36 (KHTML, like Gecko) Chrome/47.0.2526.80 Safari/537.36"
148.107.2.60 - - [17/Dec/2015:09:17:49 -0800] "GET /images/snowforecast-logo.jpg HTTP/1.1" 200 22988 "http://whereshouldiski.com/" "Mozilla/5.0 (Macintosh; Intel Mac OS X 10_10_5) AppleWebKit/537.36 (KHTML, like Gecko) Chrome/47.0.2526.80 Safari/537.36"
199.116.169.254 - - [17/Dec/2015:09:17:49 -0800] "GET /lib/resortDataSearchD3.php?size=7&sortDate=T&resort=mountainhigh&dateStart=2015-12-18 HTTP/1.1" 200 681 "-" "Mozilla/5.0 (Macintosh; Intel Mac OS X 10_10_5) AppleWebKit/537.36 (KHTML, like Gecko) Chrome/47.0.2526.80 Safari/537.36"
148.107.2.60 - - [17/Dec/2015:09:17:54 -0800] "GET /lib/reccapi.php?fields=t&coords=34.0519023,-118.2531884&distance=100 HTTP/1.1" 200 1158 "http://whereshouldiski.com/" "Mozilla/5.0 (Macintosh; Intel Mac OS X 10_10_5) AppleWebKit/537.36 (KHTML, like Gecko) Chrome/47.0.2526.80 Safari/537.36"
148.107.2.60 - - [17/Dec/2015:09:17:55 -0800] "GET /lib/reccapi.php?fields=t&coords=34.0519023,-118.2531884 HTTP/1.1" 200 2005 "http://whereshouldiski.com/" "Mozilla/5.0 (Macintosh; Intel Mac OS X 10_10_5) AppleWebKit/537.36 (KHTML, like Gecko) Chrome/47.0.2526.80 Safari/537.36"
127.0.0.1 - - [17/Dec/2015:09:18:02 -0800] "OPTIONS * HTTP/1.0" 200 126 "-" "Apache/2.2.22 (Ubuntu) (internal dummy connection)"
208.180.36.38 - - [17/Dec/2015:09:19:53 -0800] "GET /images/wsis-logo-sm.png HTTP/1.1" 200 6108 "http://www.thebackcountry.net/" "Mozilla/5.0 (Windows NT 6.1; WOW64) AppleWebKit/537.36 (KHTML, like Gecko) Chrome/47.0.2526.106 Safari/537.36"
27.120.109.18 - - [17/Dec/2015:09:35:17 -0800] "GET / HTTP/1.1" 200 6079 "-" "Mozilla/5.0 (Windows NT 6.3; WOW64; Trident/7.0; Touch; rv:11.0) like Gecko"
208.87.80.2 - - [17/Dec/2015:09:37:51 -0800] "GET /images/wsis-logo-sm.png HTTP/1.1" 200 6108 "http://www.thebackcountry.net/" "Mozilla/5.0 (Windows NT 6.1; WOW64) AppleWebKit/537.36 (KHTML, like Gecko) Chrome/47.0.2526.106 Safari/537.36"
75.111.109.87 - - [17/Dec/2015:09:45:52 -0800] "GET /images/wsis-logo-sm.png HTTP/1.1" 200 6108 "http://www.thebackcountry.net/" "Mozilla/5.0 (Windows NT 6.1; WOW64) AppleWebKit/537.36 (KHTML, like Gecko) Chrome/47.0.2526.106 Safari/537.36"
66.249.66.151 - - [17/Dec/2015:09:52:36 -0800] "GET / HTTP/1.1" 200 2367 "-" "Mozilla/5.0 (iPhone; CPU iPhone OS 8_3 like Mac OS X) AppleWebKit/600.1.4 (KHTML, like Gecko) Version/8.0 Mobile/12F70 Safari/600.1.4 (compatible; Googlebot/2.1; +http://www.google.com/bot.html)"
148.107.2.60 - - [17/Dec/2015:10:03:52 -0800] "GET /lib/reccapi.php?fields=t&coords=34.0519023,-118.2531884&state=CA HTTP/1.1" 200 1629 "http://whereshouldiski.com/" "Mozilla/5.0 (Macintosh; Intel Mac OS X 10_10_5) AppleWebKit/537.36 (KHTML, like Gecko) Chrome/47.0.2526.80 Safari/537.36"
148.107.2.60 - - [17/Dec/2015:10:03:56 -0800] "GET /lib/reccapi.php?fields=t&coords=34.0519023,-118.2531884&state=CA&date=2015-12-19 HTTP/1.1" 200 1323 "http://whereshouldiski.com/" "Mozilla/5.0 (Macintosh; Intel Mac OS X 10_10_5) AppleWebKit/537.36 (KHTML, like Gecko) Chrome/47.0.2526.80 Safari/537.36"
170.75.162.130 - - [17/Dec/2015:10:08:49 -0800] "GET /lib/reccapi.php?resort=angelfire HTTP/1.1" 200 1026 "-" "node-superagent/1.4.0"
66.249.66.155 - - [17/Dec/2015:10:11:45 -0800] "GET /lib/reccapi.php?resort=antelopebutte&date=2015-12-16 HTTP/1.1" 200 1122 "http://whereshouldiski.com/" "Mozilla/5.0 (compatible; Googlebot/2.1; +http://www.google.com/bot.html)"
66.249.66.151 - - [17/Dec/2015:10:11:46 -0800] "GET /lib/resortDataSearchD3.php?size=7&sortDate=T&resort=antelopebutte&dateStart=2015-12-14 HTTP/1.1" 200 876 "http://whereshouldiski.com/" "Mozilla/5.0 (compatible; Googlebot/2.1; +http://www.google.com/bot.html)"
66.249.66.151 - - [17/Dec/2015:10:11:46 -0800] "GET /lib/reccapi.php?fields=t&date=2015-12-16&coords=44.62%2C-107.51&size=7&sort=distance HTTP/1.1" 200 1358 "http://whereshouldiski.com/" "Mozilla/5.0 (compatible; Googlebot/2.1; +http://www.google.com/bot.html)"
98.207.251.68 - - [17/Dec/2015:10:14:33 -0800] "GET /images/wsis-logo-sm.png HTTP/1.1" 200 6108 "http://www.thebackcountry.net/" "Mozilla/5.0 (Macintosh; Intel Mac OS X 10_11_0) AppleWebKit/537.36 (KHTML, like Gecko) Chrome/47.0.2526.106 Safari/537.36"
98.207.251.68 - - [17/Dec/2015:10:14:55 -0800] "-" 408 0 "-" "-"
98.207.251.68 - - [17/Dec/2015:10:14:55 -0800] "-" 408 0 "-" "-"
50.56.73.39 - - [17/Dec/2015:10:17:01 -0800] "GET / HTTP/1.0" 200 6098 "-" "-"
77.173.167.250 - - [17/Dec/2015:10:20:27 -0800] "GET /images/wsis-logo-sm.png HTTP/1.1" 200 6108 "http://www.thebackcountry.net/" "Mozilla/5.0 (Windows NT 6.1; WOW64) AppleWebKit/537.36 (KHTML, like Gecko) Chrome/40.0.2214.111 Safari/537.36"
204.101.161.159 - - [17/Dec/2015:10:30:50 -0800] "GET /images/wsis-logo-sm.png HTTP/1.1" 200 6108 "bing.com" "Mozilla/5.0 (Windows; U; MSIE 6.0; Windows NT 5.1; SV1; .NET CLR 2.0.50727)"
86.57.255.92 - - [17/Dec/2015:10:35:34 -0800] "GET /images/viz-screenshot.png HTTP/1.1" 404 517 "http://ericfahsl.com/blog/35-creating-an-animated-javascript-heat-map-with-polymap" "Mozilla/5.0 (Macintosh; Intel Mac OS X 10_11_1) AppleWebKit/537.36 (KHTML, like Gecko) Chrome/47.0.2526.106 Safari/537.36"
86.57.255.92 - - [17/Dec/2015:10:35:36 -0800] "GET /images/viz-screenshot.png HTTP/1.1" 404 516 "http://ericfahsl.com/blog/35-creating-an-animated-javascript-heat-map-with-polymap" "Mozilla/5.0 (Macintosh; Intel Mac OS X 10_11_1) AppleWebKit/537.36 (KHTML, like Gecko) Chrome/47.0.2526.106 Safari/537.36"
70.214.39.136 - - [17/Dec/2015:10:44:28 -0800] "GET /images/wsis-logo-sm.png HTTP/1.1" 200 6108 "http://www.thebackcountry.net/" "Mozilla/5.0 (Linux; Android 5.0; SAMSUNG SM-N900V 4G Build/LRX21V) AppleWebKit/537.36 (KHTML, like Gecko) SamsungBrowser/2.1 Chrome/34.0.1847.76 Mobile Safari/537.36"
170.75.162.130 - - [17/Dec/2015:10:45:34 -0800] "GET /lib/reccapi.php?resort=northstar-at-tahoe HTTP/1.1" 200 989 "-" "node-superagent/1.4.0"
170.75.162.130 - - [17/Dec/2015:10:48:54 -0800] "GET /lib/reccapi.php?resort=sundayriver HTTP/1.1" 200 1020 "-" "node-superagent/1.4.0"
170.75.162.130 - - [17/Dec/2015:10:48:54 -0800] "GET /lib/reccapi.php?resort=cannonmountain HTTP/1.1" 200 1026 "-" "node-superagent/1.4.0"
65.208.151.118 - - [17/Dec/2015:10:52:01 -0800] "GET /images/wsis-logo-sm.png HTTP/1.1" 200 6071 "http://thebackcountry.net/" "Mozilla/4.0 (compatible; MSIE 6.0; Windows NT 5.1; SV1)"
204.101.161.159 - - [17/Dec/2015:10:58:41 -0800] "GET /images/wsis-logo-sm.png HTTP/1.1" 200 6108 "-" "Mozilla/5.0 (Windows; U; MSIE 6.0; Windows NT 5.1; SV1; .NET CLR 2.0.50727)"
170.75.162.130 - - [17/Dec/2015:10:58:55 -0800] "GET /lib/reccapi.php?resort=bigwhite HTTP/1.1" 200 920 "-" "node-superagent/1.4.0"
170.75.162.130 - - [17/Dec/2015:10:58:55 -0800] "GET /lib/reccapi.php?resort=redmountain HTTP/1.1" 200 904 "-" "node-superagent/1.4.0"
170.75.162.130 - - [17/Dec/2015:10:58:56 -0800] "GET /lib/reccapi.php?resort=silverstarmountain HTTP/1.1" 200 932 "-" "node-superagent/1.4.0"
170.75.162.130 - - [17/Dec/2015:10:58:56 -0800] "GET /lib/reccapi.php?resort=sunpeaksresort HTTP/1.1" 200 920 "-" "node-superagent/1.4.0"
170.75.162.130 - - [17/Dec/2015:11:01:26 -0800] "GET /lib/reccapi.php?resort=homewoodmountain HTTP/1.1" 200 1004 "-" "node-superagent/1.4.0"
170.75.162.130 - - [17/Dec/2015:11:01:26 -0800] "GET /lib/reccapi.php?resort=sierra-at-tahoe HTTP/1.1" 200 967 "-" "node-superagent/1.4.0"
108.221.230.211 - - [17/Dec/2015:11:02:28 -0800] "GET /images/wsis-logo-sm.png HTTP/1.1" 200 6108 "http://www.thebackcountry.net/" "Mozilla/5.0 (Windows NT 6.1; WOW64; Trident/7.0; rv:11.0) like Gecko"
108.221.230.211 - - [17/Dec/2015:11:02:55 -0800] "-" 408 0 "-" "-"
170.75.162.130 - - [17/Dec/2015:11:03:26 -0800] "GET /lib/reccapi.php?resort=alpinemeadows HTTP/1.1" 200 991 "-" "node-superagent/1.4.0"
108.221.230.211 - - [17/Dec/2015:11:05:45 -0800] "-" 408 0 "-" "-"
137.164.164.34 - - [17/Dec/2015:11:05:45 -0800] "-" 408 0 "-" "-"
137.164.164.34 - - [17/Dec/2015:11:05:45 -0800] "-" 408 0 "-" "-"
137.164.164.34 - - [17/Dec/2015:11:05:45 -0800] "-" 408 0 "-" "-"
75.101.65.201 - - [17/Dec/2015:11:10:28 -0800] "GET /images/wsis-logo-sm.png HTTP/1.1" 200 6108 "http://www.thebackcountry.net/" "Mozilla/5.0 (Windows NT 6.1; Trident/7.0; rv:11.0) like Gecko"
75.101.65.201 - - [17/Dec/2015:11:10:49 -0800] "-" 408 0 "-" "-"
75.111.105.59 - - [17/Dec/2015:11:10:59 -0800] "GET /images/wsis-logo-sm.png HTTP/1.1" 200 6108 "http://thebackcountry.net/" "Mozilla/5.0 (iPad; CPU OS 9_1 like Mac OS X) AppleWebKit/601.1.46 (KHTML, like Gecko) Version/9.0 Mobile/13B143 Safari/601.1"
170.75.162.130 - - [17/Dec/2015:11:17:38 -0800] "GET /lib/reccapi.php?resort=grandtarghee HTTP/1.1" 200 1121 "-" "node-superagent/1.4.0"
170.75.162.130 - - [17/Dec/2015:11:24:19 -0800] "GET /lib/reccapi.php?resort=jacksonhole HTTP/1.1" 200 1102 "-" "node-superagent/1.4.0"
170.75.162.130 - - [17/Dec/2015:11:25:09 -0800] "GET /lib/reccapi.php?resort=jaypeak HTTP/1.1" 200 1058 "-" "node-superagent/1.4.0"
137.164.164.34 - - [17/Dec/2015:11:25:36 -0800] "-" 408 0 "-" "-"
137.164.164.34 - - [17/Dec/2015:11:25:37 -0800] "-" 408 0 "-" "-"
66.201.46.38 - - [17/Dec/2015:11:28:56 -0800] "GET /images/wsis-logo-sm.png HTTP/1.1" 200 6108 "http://www.thebackcountry.net/" "Mozilla/5.0 (Macintosh; Intel Mac OS X 10_10_2) AppleWebKit/537.36 (KHTML, like Gecko) Chrome/47.0.2526.106 Safari/537.36"
99.167.200.153 - - [17/Dec/2015:11:32:02 -0800] "GET /images/wsis-logo-sm.png HTTP/1.1" 200 6108 "http://www.thebackcountry.net/" "Mozilla/5.0 (iPad; CPU OS 9_2 like Mac OS X) AppleWebKit/601.1.46 (KHTML, like Gecko) Version/9.0 Mobile/13C75 Safari/601.1"
50.202.108.86 - - [17/Dec/2015:11:32:38 -0800] "GET /images/wsis-logo-sm.png HTTP/1.1" 200 6108 "http://www.thebackcountry.net/" "Mozilla/5.0 (iPhone; CPU iPhone OS 8_1_3 like Mac OS X) AppleWebKit/600.1.4 (KHTML, like Gecko) Version/8.0 Mobile/12B466 Safari/600.1.4"
73.202.133.73 - - [17/Dec/2015:11:40:28 -0800] "GET /images/wsis-logo-sm.png HTTP/1.1" 200 6108 "http://www.thebackcountry.net/" "Mozilla/5.0 (Windows NT 6.1; Trident/7.0; EIE10;ENUSWOL; rv:11.0) like Gecko"
73.202.133.73 - - [17/Dec/2015:11:40:49 -0800] "-" 408 0 "-" "-"
73.202.133.73 - - [17/Dec/2015:11:41:51 -0800] "-" 408 0 "-" "-"
93.141.146.86 - - [17/Dec/2015:11:46:37 -0800] "GET / HTTP/1.1" 200 6135 "-" "-"
108.240.188.229 - - [17/Dec/2015:11:48:19 -0800] "GET /images/wsis-logo-sm.png HTTP/1.1" 200 6108 "http://www.thebackcountry.net/" "Mozilla/5.0 (Windows NT 6.1; WOW64; rv:42.0) Gecko/20100101 Firefox/42.0"
170.75.162.130 - - [17/Dec/2015:11:52:42 -0800] "GET /lib/reccapi.php?resort=whitefacemountain HTTP/1.1" 200 1081 "-" "node-superagent/1.4.0"
170.75.162.130 - - [17/Dec/2015:11:53:02 -0800] "GET /lib/reccapi.php?resort=bigsky HTTP/1.1" 200 994 "-" "node-superagent/1.4.0"
170.75.162.130 - - [17/Dec/2015:11:53:02 -0800] "GET /lib/reccapi.php?resort=redlodge HTTP/1.1" 200 1060 "-" "node-superagent/1.4.0"
170.75.162.130 - - [17/Dec/2015:11:53:12 -0800] "GET /lib/reccapi.php?resort=hoodoo HTTP/1.1" 200 1027 "-" "node-superagent/1.4.0"
170.75.162.130 - - [17/Dec/2015:11:53:12 -0800] "GET /lib/reccapi.php?resort=mountbachelor HTTP/1.1" 200 1066 "-" "node-superagent/1.4.0"
166.216.157.54 - - [17/Dec/2015:11:56:12 -0800] "GET /images/wsis-logo-sm.png HTTP/1.1" 200 6108 "http://www.thebackcountry.net/" "Mozilla/5.0 (iPhone; CPU iPhone OS 8_1_1 like Mac OS X) AppleWebKit/600.1.4 (KHTML, like Gecko) Version/8.0 Mobile/12B436 Safari/600.1.4"
162.210.108.214 - - [17/Dec/2015:11:56:18 -0800] "GET /images/wsis-logo-sm.png HTTP/1.1" 200 6108 "http://www.thebackcountry.net/" "Mozilla/5.0 (Windows NT 6.1; WOW64) AppleWebKit/537.36 (KHTML, like Gecko) Chrome/47.0.2526.106 Safari/537.36"
170.75.162.130 - - [17/Dec/2015:11:58:53 -0800] "GET /lib/reccapi.php?resort=chinapeak HTTP/1.1" 200 975 "-" "node-superagent/1.4.0"
170.75.162.130 - - [17/Dec/2015:11:58:53 -0800] "GET /lib/reccapi.php?resort=mountainhigh HTTP/1.1" 200 977 "-" "node-superagent/1.4.0"
170.75.162.130 - - [17/Dec/2015:11:59:33 -0800] "GET /lib/reccapi.php?resort=killington HTTP/1.1" 200 1029 "-" "node-superagent/1.4.0"
170.75.162.130 - - [17/Dec/2015:11:59:33 -0800] "GET /lib/reccapi.php?resort=alta HTTP/1.1" 200 1053 "-" "node-superagent/1.4.0"
170.75.162.130 - - [17/Dec/2015:11:59:33 -0800] "GET /lib/reccapi.php?resort=sugarloaf HTTP/1.1" 200 1019 "-" "node-superagent/1.4.0"
77.75.78.160 - - [17/Dec/2015:12:02:54 -0800] "GET /robots.txt HTTP/1.1" 200 419 "-" "Mozilla/5.0 (compatible; SeznamBot/3.2; +http://fulltext.sblog.cz/)"
77.75.78.160 - - [17/Dec/2015:12:02:56 -0800] "GET /resorts?resort=snowbasin HTTP/1.1" 404 506 "-" "Mozilla/5.0 (compatible; SeznamBot/3.2; +http://fulltext.sblog.cz/)"
137.164.164.37 - - [17/Dec/2015:12:03:30 -0800] "GET /images/wsis-logo-sm.png HTTP/1.1" 200 6108 "http://www.thebackcountry.net/" "Mozilla/5.0 (X11; CrOS x86_64 7390.68.0) AppleWebKit/537.36 (KHTML, like Gecko) Chrome/46.0.2490.82 Safari/537.36"
50.131.96.48 - - [17/Dec/2015:12:09:07 -0800] "GET /images/wsis-logo-sm.png HTTP/1.1" 200 6108 "http://www.thebackcountry.net/" "Mozilla/5.0 (Windows NT 6.3; WOW64; Trident/7.0; Touch; LCJB; rv:11.0) like Gecko"
170.75.162.130 - - [17/Dec/2015:12:09:25 -0800] "GET /lib/reccapi.php?resort=aspenheights HTTP/1.1" 200 1024 "-" "node-superagent/1.4.0"
170.75.162.130 - - [17/Dec/2015:12:09:25 -0800] "GET /lib/reccapi.php?resort=aspenmountain HTTP/1.1" 200 1018 "-" "node-superagent/1.4.0"
170.75.162.130 - - [17/Dec/2015:12:09:25 -0800] "GET /lib/reccapi.php?resort=arapahoebasin HTTP/1.1" 200 1143 "-" "node-superagent/1.4.0"
170.75.162.130 - - [17/Dec/2015:12:09:25 -0800] "GET /lib/reccapi.php?resort=buttermilk HTTP/1.1" 200 1008 "-" "node-superagent/1.4.0"
170.75.162.130 - - [17/Dec/2015:12:09:25 -0800] "GET /lib/reccapi.php?resort=crestedbutte HTTP/1.1" 200 1055 "-" "node-superagent/1.4.0"
170.75.162.130 - - [17/Dec/2015:12:09:25 -0800] "GET /lib/reccapi.php?resort=coppermountain HTTP/1.1" 200 1111 "-" "node-superagent/1.4.0"
170.75.162.130 - - [17/Dec/2015:12:09:25 -0800] "GET /lib/reccapi.php?resort=keystone HTTP/1.1" 200 1119 "-" "node-superagent/1.4.0"
170.75.162.130 - - [17/Dec/2015:12:09:25 -0800] "GET /lib/reccapi.php?resort=loveland HTTP/1.1" 200 1117 "-" "node-superagent/1.4.0"
170.75.162.130 - - [17/Dec/2015:12:09:25 -0800] "GET /lib/reccapi.php?resort=monarch HTTP/1.1" 200 1057 "-" "node-superagent/1.4.0"
170.75.162.130 - - [17/Dec/2015:12:09:25 -0800] "GET /lib/reccapi.php?resort=steamboat HTTP/1.1" 200 1064 "-" "node-superagent/1.4.0"
170.75.162.130 - - [17/Dec/2015:12:09:25 -0800] "GET /lib/reccapi.php?resort=snowmass HTTP/1.1" 200 1016 "-" "node-superagent/1.4.0"
170.75.162.130 - - [17/Dec/2015:12:09:25 -0800] "GET /lib/reccapi.php?resort=telluride HTTP/1.1" 200 1000 "-" "node-superagent/1.4.0"
50.131.96.48 - - [17/Dec/2015:12:09:28 -0800] "-" 408 0 "-" "-"
170.75.162.130 - - [17/Dec/2015:12:10:25 -0800] "GET /lib/reccapi.php?resort=winterpark HTTP/1.1" 200 1115 "-" "node-superagent/1.4.0"
50.131.96.48 - - [17/Dec/2015:12:10:39 -0800] "-" 408 0 "-" "-"
66.249.75.50 - - [17/Dec/2015:12:14:42 -0800] "GET /resorts?resort=pebblecreek&date=2012-12-22 HTTP/1.1" 404 506 "-" "Mozilla/5.0 (iPhone; CPU iPhone OS 8_3 like Mac OS X) AppleWebKit/600.1.4 (KHTML, like Gecko) Version/8.0 Mobile/12F70 Safari/600.1.4 (compatible; Googlebot/2.1; +http://www.google.com/bot.html)"
128.54.27.199 - - [17/Dec/2015:12:17:07 -0800] "GET /images/wsis-logo-sm.png HTTP/1.1" 200 6108 "http://www.thebackcountry.net/" "Mozilla/5.0 (Macintosh; Intel Mac OS X 10_11_2) AppleWebKit/537.36 (KHTML, like Gecko) Chrome/47.0.2526.106 Safari/537.36"
66.249.84.244 - - [17/Dec/2015:12:19:48 -0800] "GET / HTTP/1.1" 200 2367 "-" "Mozilla/5.0 (Windows NT 6.1; rv:6.0) Gecko/20110814 Firefox/6.0 Google Favicon"
66.249.84.244 - - [17/Dec/2015:12:19:48 -0800] "GET /favicon.ico HTTP/1.1" 200 1475 "-" "Mozilla/5.0 (Windows NT 6.1; rv:6.0) Gecko/20110814 Firefox/6.0 Google Favicon"
70.197.7.55 - - [17/Dec/2015:12:30:14 -0800] "GET /images/wsis-logo-sm.png HTTP/1.1" 200 6108 "http://www.thebackcountry.net/" "Mozilla/5.0 (Linux; Android 5.0; SM-G900V Build/LRX21T) AppleWebKit/537.36 (KHTML, like Gecko) Chrome/47.0.2526.83 Mobile Safari/537.36"
70.197.7.55 - - [17/Dec/2015:12:30:54 -0800] "-" 408 0 "-" "-"
70.197.7.55 - - [17/Dec/2015:12:30:55 -0800] "-" 408 0 "-" "-"
70.197.7.55 - - [17/Dec/2015:12:30:55 -0800] "-" 408 0 "-" "-"
162.205.1.78 - - [17/Dec/2015:12:39:11 -0800] "GET /images/wsis-logo-sm.png HTTP/1.1" 200 6108 "http://www.thebackcountry.net/" "Mozilla/5.0 (iPhone; CPU iPhone OS 9_2 like Mac OS X) AppleWebKit/601.1.46 (KHTML, like Gecko) Version/9.0 Mobile/13C75 Safari/601.1"
70.192.196.138 - - [17/Dec/2015:12:39:39 -0800] "GET /images/wsis-logo-sm.png HTTP/1.1" 200 6108 "http://www.thebackcountry.net/" "Mozilla/5.0 (iPhone; CPU iPhone OS 9_2 like Mac OS X) AppleWebKit/601.1.46 (KHTML, like Gecko) Version/9.0 Mobile/13C75 Safari/601.1"
166.216.157.89 - - [17/Dec/2015:12:39:59 -0800] "GET /images/wsis-logo-sm.png HTTP/1.1" 200 6108 "http://www.thebackcountry.net/" "Mozilla/5.0 (iPhone; CPU iPhone OS 8_1 like Mac OS X) AppleWebKit/600.1.4 (KHTML, like Gecko) Version/8.0 Mobile/12B411 Safari/600.1.4"
223.73.45.32 - - [17/Dec/2015:12:58:56 -0800] "GET / HTTP/1.1" 200 6135 "-" "-"
223.73.45.32 - - [17/Dec/2015:12:58:56 -0800] "GET /xmlrpc.php HTTP/1.1" 404 476 "-" "-"
223.73.45.32 - - [17/Dec/2015:12:58:56 -0800] "HEAD /wp-login.php HTTP/1.1" 404 163 "-" "-"
223.73.45.32 - - [17/Dec/2015:12:58:56 -0800] "GET /administrator/index.php HTTP/1.1" 404 476 "-" "-"
223.73.45.32 - - [17/Dec/2015:12:58:56 -0800] "GET /index.php?q=user HTTP/1.1" 404 476 "-" "-"
223.73.45.32 - - [17/Dec/2015:12:58:57 -0800] "HEAD /htaccess.txt HTTP/1.1" 404 163 "-" "-"
223.73.45.32 - - [17/Dec/2015:12:58:57 -0800] "HEAD /.htaccess HTTP/1.1" 403 163 "-" "-"
223.73.45.32 - - [17/Dec/2015:12:58:57 -0800] "HEAD /wp-content/themes/twentyten/images/wordpress.png HTTP/1.1" 404 163 "-" "-"
223.73.45.32 - - [17/Dec/2015:12:58:58 -0800] "HEAD /wp-includes/js/jquery/jquery.js HTTP/1.1" 404 163 "-" "-"
223.73.45.32 - - [17/Dec/2015:12:58:58 -0800] "HEAD /wp-admin/js/media-upload.dev.js HTTP/1.1" 404 163 "-" "-"
223.73.45.32 - - [17/Dec/2015:12:58:58 -0800] "HEAD /wp-admin/images/wordpress-logo.png HTTP/1.1" 404 163 "-" "-"
223.73.45.32 - - [17/Dec/2015:12:58:58 -0800] "HEAD /license.txt HTTP/1.1" 404 163 "-" "-"
223.73.45.32 - - [17/Dec/2015:12:58:59 -0800] "HEAD /wp-includes/css/buttons.min.css HTTP/1.1" 404 163 "-" "-"
223.73.45.32 - - [17/Dec/2015:12:58:59 -0800] "HEAD /wp-admin/css/login.min.css HTTP/1.1" 404 163 "-" "-"
223.73.45.32 - - [17/Dec/2015:12:58:59 -0800] "HEAD /themes/README.txt HTTP/1.1" 404 163 "-" "-"
223.73.45.32 - - [17/Dec/2015:12:58:59 -0800] "HEAD /robots.txt HTTP/1.1" 200 288 "-" "-"
223.73.45.32 - - [17/Dec/2015:12:58:59 -0800] "GET /robots.txt HTTP/1.1" 200 319 "-" "-"
223.73.45.32 - - [17/Dec/2015:12:59:00 -0800] "HEAD /README.txt HTTP/1.1" 404 163 "-" "-"
24.4.251.90 - - [17/Dec/2015:12:59:11 -0800] "GET /images/wsis-logo-sm.png HTTP/1.1" 200 6108 "http://www.thebackcountry.net/" "Mozilla/5.0 (Windows NT 6.1; Win64; x64; Trident/7.0; rv:11.0) like Gecko"
72.47.127.9 - - [17/Dec/2015:13:02:52 -0800] "GET /images/wsis-logo-sm.png HTTP/1.1" 200 6108 "http://www.thebackcountry.net/" "Mozilla/5.0 (iPhone; CPU iPhone OS 9_2 like Mac OS X) AppleWebKit/601.1.46 (KHTML, like Gecko) Version/9.0 Mobile/13C75 Safari/601.1"
70.197.8.61 - - [17/Dec/2015:13:08:38 -0800] "-" 408 0 "-" "-"
73.205.10.205 - - [17/Dec/2015:13:09:09 -0800] "GET /images/wsis-logo-sm.png HTTP/1.1" 200 6108 "http://www.thebackcountry.net/" "Mozilla/5.0 (Windows NT 10.0; WOW64) AppleWebKit/537.36 (KHTML, like Gecko) Chrome/47.0.2526.106 Safari/537.36"
170.75.162.130 - - [17/Dec/2015:13:09:13 -0800] "GET /lib/reccapi.php?resort=schweitzer HTTP/1.1" 200 999 "-" "node-superagent/1.4.0"
81.138.20.196 - - [17/Dec/2015:13:13:43 -0800] "GET /wp-login.php HTTP/1.1" 404 532 "-" "Mozilla/5.0 (Windows NT 5.1; rv:22.0) Gecko/20100101 Firefox/22.0 Paros/3.2.13"
199.187.241.236 - - [17/Dec/2015:13:22:52 -0800] "GET /images/wsis-logo-sm.png HTTP/1.1" 200 6108 "http://thebackcountry.net/" "Mozilla/5.0 (Windows NT 6.1; WOW64) AppleWebKit/537.36 (KHTML, like Gecko) Chrome/40.0.2214.111 Safari/537.36"
170.75.162.130 - - [17/Dec/2015:13:24:15 -0800] "GET /lib/reccapi.php?resort=snowbird HTTP/1.1" 200 1027 "-" "node-superagent/1.4.0"
206.29.176.53 - - [17/Dec/2015:13:24:31 -0800] "GET / HTTP/1.1" 200 2367 "-" "Mozilla/5.0 (Macintosh; Intel Mac OS X 10_10_5) AppleWebKit/537.36 (KHTML, like Gecko) Chrome/47.0.2526.80 Safari/537.36"
206.29.176.53 - - [17/Dec/2015:13:24:31 -0800] "GET / HTTP/1.1" 200 2366 "-" "Mozilla/5.0 (Macintosh; Intel Mac OS X 10_10_5) AppleWebKit/537.36 (KHTML, like Gecko) Chrome/47.0.2526.80 Safari/537.36"
206.29.176.53 - - [17/Dec/2015:13:24:31 -0800] "GET /scripts/scripts/vendor/modernizr.js HTTP/1.1" 200 4903 "http://whereshouldiski.com/" "Mozilla/5.0 (Macintosh; Intel Mac OS X 10_10_5) AppleWebKit/537.36 (KHTML, like Gecko) Chrome/47.0.2526.80 Safari/537.36"
206.29.176.53 - - [17/Dec/2015:13:24:31 -0800] "GET /images/logo-sm.png HTTP/1.1" 200 16738 "http://whereshouldiski.com/" "Mozilla/5.0 (Macintosh; Intel Mac OS X 10_10_5) AppleWebKit/537.36 (KHTML, like Gecko) Chrome/47.0.2526.80 Safari/537.36"
206.29.176.53 - - [17/Dec/2015:13:24:31 -0800] "GET /bower_components/requirejs/require.js HTTP/1.1" 200 6702 "http://whereshouldiski.com/" "Mozilla/5.0 (Macintosh; Intel Mac OS X 10_10_5) AppleWebKit/537.36 (KHTML, like Gecko) Chrome/47.0.2526.80 Safari/537.36"
206.29.176.53 - - [17/Dec/2015:13:24:31 -0800] "GET /styles/0fffd548.main.css HTTP/1.1" 200 19316 "http://whereshouldiski.com/" "Mozilla/5.0 (Macintosh; Intel Mac OS X 10_10_5) AppleWebKit/537.36 (KHTML, like Gecko) Chrome/47.0.2526.80 Safari/537.36"
206.29.176.53 - - [17/Dec/2015:13:24:31 -0800] "GET /images/loading.gif HTTP/1.1" 200 13881 "http://whereshouldiski.com/" "Mozilla/5.0 (Macintosh; Intel Mac OS X 10_10_5) AppleWebKit/537.36 (KHTML, like Gecko) Chrome/47.0.2526.80 Safari/537.36"
206.29.176.53 - - [17/Dec/2015:13:24:31 -0800] "GET /scripts/fa48e319.main.js HTTP/1.1" 200 123455 "http://whereshouldiski.com/" "Mozilla/5.0 (Macintosh; Intel Mac OS X 10_10_5) AppleWebKit/537.36 (KHTML, like Gecko) Chrome/47.0.2526.80 Safari/537.36"
206.29.176.53 - - [17/Dec/2015:13:24:32 -0800] "GET /images/greyHeader.png HTTP/1.1" 200 508 "http://whereshouldiski.com/styles/0fffd548.main.css" "Mozilla/5.0 (Macintosh; Intel Mac OS X 10_10_5) AppleWebKit/537.36 (KHTML, like Gecko) Chrome/47.0.2526.80 Safari/537.36"
206.29.176.53 - - [17/Dec/2015:13:24:32 -0800] "GET /images/button.png HTTP/1.1" 200 598 "http://whereshouldiski.com/styles/0fffd548.main.css" "Mozilla/5.0 (Macintosh; Intel Mac OS X 10_10_5) AppleWebKit/537.36 (KHTML, like Gecko) Chrome/47.0.2526.80 Safari/537.36"
206.29.176.53 - - [17/Dec/2015:13:24:32 -0800] "GET /lib/reccapi.php?fields=t&coords=47.5927015,-122.3056005 HTTP/1.1" 200 2030 "http://whereshouldiski.com/" "Mozilla/5.0 (Macintosh; Intel Mac OS X 10_10_5) AppleWebKit/537.36 (KHTML, like Gecko) Chrome/47.0.2526.80 Safari/537.36"
206.29.176.53 - - [17/Dec/2015:13:24:32 -0800] "GET /images/snowflake5.png HTTP/1.1" 200 2857 "http://whereshouldiski.com/styles/0fffd548.main.css" "Mozilla/5.0 (Macintosh; Intel Mac OS X 10_10_5) AppleWebKit/537.36 (KHTML, like Gecko) Chrome/47.0.2526.80 Safari/537.36"
206.29.176.53 - - [17/Dec/2015:13:24:32 -0800] "GET /images/star5.png HTTP/1.1" 200 1783 "http://whereshouldiski.com/styles/0fffd548.main.css" "Mozilla/5.0 (Macintosh; Intel Mac OS X 10_10_5) AppleWebKit/537.36 (KHTML, like Gecko) Chrome/47.0.2526.80 Safari/537.36"
206.29.176.53 - - [17/Dec/2015:13:24:32 -0800] "GET /images/bluebird5.png HTTP/1.1" 200 2177 "http://whereshouldiski.com/styles/0fffd548.main.css" "Mozilla/5.0 (Macintosh; Intel Mac OS X 10_10_5) AppleWebKit/537.36 (KHTML, like Gecko) Chrome/47.0.2526.80 Safari/537.36"
206.29.176.53 - - [17/Dec/2015:13:24:32 -0800] "GET /images/mtns-icon.png HTTP/1.1" 200 1096 "http://whereshouldiski.com/styles/0fffd548.main.css" "Mozilla/5.0 (Macintosh; Intel Mac OS X 10_10_5) AppleWebKit/537.36 (KHTML, like Gecko) Chrome/47.0.2526.80 Safari/537.36"
206.29.176.53 - - [17/Dec/2015:13:24:32 -0800] "GET /images/shading-icon.png HTTP/1.1" 200 537 "http://whereshouldiski.com/styles/0fffd548.main.css" "Mozilla/5.0 (Macintosh; Intel Mac OS X 10_10_5) AppleWebKit/537.36 (KHTML, like Gecko) Chrome/47.0.2526.80 Safari/537.36"
206.29.176.53 - - [17/Dec/2015:13:24:36 -0800] "GET /lib/reccapi.php?fields=t&coords=47.5927015,-122.3056005&state=ID HTTP/1.1" 200 1606 "http://whereshouldiski.com/" "Mozilla/5.0 (Macintosh; Intel Mac OS X 10_10_5) AppleWebKit/537.36 (KHTML, like Gecko) Chrome/47.0.2526.80 Safari/537.36"
206.29.176.53 - - [17/Dec/2015:13:24:36 -0800] "GET /images/greenHeader.png HTTP/1.1" 200 508 "http://whereshouldiski.com/styles/0fffd548.main.css" "Mozilla/5.0 (Macintosh; Intel Mac OS X 10_10_5) AppleWebKit/537.36 (KHTML, like Gecko) Chrome/47.0.2526.80 Safari/537.36"
206.29.176.53 - - [17/Dec/2015:13:24:44 -0800] "GET /lib/reccapi.php?fields=t&coords=47.5927015,-122.3056005&state=ID&date=2015-12-19 HTTP/1.1" 200 1163 "http://whereshouldiski.com/" "Mozilla/5.0 (Macintosh; Intel Mac OS X 10_10_5) AppleWebKit/537.36 (KHTML, like Gecko) Chrome/47.0.2526.80 Safari/537.36"
206.29.176.53 - - [17/Dec/2015:13:24:49 -0800] "GET /lib/reccapi.php?resort=sunvalley&date=2015-12-19 HTTP/1.1" 200 1069 "http://whereshouldiski.com/" "Mozilla/5.0 (Macintosh; Intel Mac OS X 10_10_5) AppleWebKit/537.36 (KHTML, like Gecko) Chrome/47.0.2526.80 Safari/537.36"
206.29.176.53 - - [17/Dec/2015:13:24:49 -0800] "GET /lib/reccapi.php?fields=t&coords=47.5927015,-122.3056005&date=2015-12-19&coords=43.67%2C-114.39&size=7&sort=distance HTTP/1.1" 200 1370 "http://whereshouldiski.com/" "Mozilla/5.0 (Macintosh; Intel Mac OS X 10_10_5) AppleWebKit/537.36 (KHTML, like Gecko) Chrome/47.0.2526.80 Safari/537.36"
206.29.176.53 - - [17/Dec/2015:13:24:49 -0800] "GET /images/snowflake-med-5.png HTTP/1.1" 200 6157 "http://whereshouldiski.com/styles/0fffd548.main.css" "Mozilla/5.0 (Macintosh; Intel Mac OS X 10_10_5) AppleWebKit/537.36 (KHTML, like Gecko) Chrome/47.0.2526.80 Safari/537.36"
206.29.176.53 - - [17/Dec/2015:13:24:49 -0800] "GET /images/stars-med-5.png HTTP/1.1" 200 4124 "http://whereshouldiski.com/styles/0fffd548.main.css" "Mozilla/5.0 (Macintosh; Intel Mac OS X 10_10_5) AppleWebKit/537.36 (KHTML, like Gecko) Chrome/47.0.2526.80 Safari/537.36"
206.29.176.53 - - [17/Dec/2015:13:24:49 -0800] "GET /images/sun-med-5.png HTTP/1.1" 200 7627 "http://whereshouldiski.com/styles/0fffd548.main.css" "Mozilla/5.0 (Macintosh; Intel Mac OS X 10_10_5) AppleWebKit/537.36 (KHTML, like Gecko) Chrome/47.0.2526.80 Safari/537.36"
206.29.176.53 - - [17/Dec/2015:13:24:49 -0800] "GET /lib/resortDataSearchD3.php?size=7&sortDate=T&resort=sunvalley&dateStart=2015-12-17 HTTP/1.1" 200 796 "http://whereshouldiski.com/" "Mozilla/5.0 (Macintosh; Intel Mac OS X 10_10_5) AppleWebKit/537.36 (KHTML, like Gecko) Chrome/47.0.2526.80 Safari/537.36"
206.29.176.53 - - [17/Dec/2015:13:24:49 -0800] "GET /images/mtns-30px.png HTTP/1.1" 200 1201 "http://whereshouldiski.com/styles/0fffd548.main.css" "Mozilla/5.0 (Macintosh; Intel Mac OS X 10_10_5) AppleWebKit/537.36 (KHTML, like Gecko) Chrome/47.0.2526.80 Safari/537.36"
206.29.176.53 - - [17/Dec/2015:13:24:49 -0800] "GET /images/shading-53px.png HTTP/1.1" 200 548 "http://whereshouldiski.com/styles/0fffd548.main.css" "Mozilla/5.0 (Macintosh; Intel Mac OS X 10_10_5) AppleWebKit/537.36 (KHTML, like Gecko) Chrome/47.0.2526.80 Safari/537.36"
206.29.176.53 - - [17/Dec/2015:13:24:49 -0800] "GET /images/snowforecast-logo.jpg HTTP/1.1" 200 22988 "http://whereshouldiski.com/" "Mozilla/5.0 (Macintosh; Intel Mac OS X 10_10_5) AppleWebKit/537.36 (KHTML, like Gecko) Chrome/47.0.2526.80 Safari/537.36"
206.29.176.53 - - [17/Dec/2015:13:24:49 -0800] "GET /images/opensnow_logo.png HTTP/1.1" 200 11776 "http://whereshouldiski.com/" "Mozilla/5.0 (Macintosh; Intel Mac OS X 10_10_5) AppleWebKit/537.36 (KHTML, like Gecko) Chrome/47.0.2526.80 Safari/537.36"
127.0.0.1 - - [17/Dec/2015:13:24:57 -0800] "OPTIONS * HTTP/1.0" 200 126 "-" "Apache/2.2.22 (Ubuntu) (internal dummy connection)"
50.184.161.92 - - [17/Dec/2015:13:28:13 -0800] "GET /images/wsis-logo-sm.png HTTP/1.1" 200 6108 "http://www.thebackcountry.net/" "Mozilla/5.0 (Macintosh; Intel Mac OS X 10_11_1) AppleWebKit/537.36 (KHTML, like Gecko) Chrome/47.0.2526.106 Safari/537.36"
192.111.155.178 - - [17/Dec/2015:13:28:19 -0800] "GET / HTTP/1.1" 200 6079 "-" "Mozilla/5.0 (Windows NT 6.2; WOW64) AppleWebKit/537.36 (KHTML like Gecko) Chrome/28.0.1469.0 Safari/537.36"
40.77.167.16 - - [17/Dec/2015:13:30:09 -0800] "GET /robots.txt HTTP/1.1" 200 375 "-" "Mozilla/5.0 (compatible; bingbot/2.0; +http://www.bing.com/bingbot.htm)"
40.77.167.16 - - [17/Dec/2015:13:30:22 -0800] "GET / HTTP/1.1" 200 2367 "-" "Mozilla/5.0 (compatible; bingbot/2.0; +http://www.bing.com/bingbot.htm)"
