170.75.162.130 - - [21/Dec/2015:05:19:46 -0800] "GET /lib/reccapi.php?resort=mammothmountain HTTP/1.1" 200 1074 "-" "node-superagent/1.4.0"
170.75.162.130 - - [21/Dec/2015:05:19:56 -0800] "GET /lib/reccapi.php?resort=mountbachelor HTTP/1.1" 200 1114 "-" "node-superagent/1.4.0"
170.75.162.130 - - [21/Dec/2015:05:20:06 -0800] "GET /lib/reccapi.php?resort=mounthoodmeadows HTTP/1.1" 200 1113 "-" "node-superagent/1.4.0"
170.75.162.130 - - [21/Dec/2015:05:20:16 -0800] "GET /lib/reccapi.php?resort=mountspokane HTTP/1.1" 200 1084 "-" "node-superagent/1.4.0"
170.75.162.130 - - [21/Dec/2015:05:20:17 -0800] "GET /lib/reccapi.php?resort=parkcity HTTP/1.1" 200 1071 "-" "node-superagent/1.4.0"
170.75.162.130 - - [21/Dec/2015:05:20:57 -0800] "GET /lib/reccapi.php?resort=sunvalley HTTP/1.1" 200 1093 "-" "node-superagent/1.4.0"
170.75.162.130 - - [21/Dec/2015:05:20:57 -0800] "GET /lib/reccapi.php?resort=schweitzer HTTP/1.1" 200 1031 "-" "node-superagent/1.4.0"
170.75.162.130 - - [21/Dec/2015:05:21:07 -0800] "GET /lib/reccapi.php?resort=whitefacemountain HTTP/1.1" 200 1059 "-" "node-superagent/1.4.0"
170.75.162.130 - - [21/Dec/2015:05:21:17 -0800] "GET /lib/reccapi.php?resort=snowbasin HTTP/1.1" 200 1069 "-" "node-superagent/1.4.0"
107.77.109.125 - - [21/Dec/2015:05:42:23 -0800] "GET /images/wsis-logo-sm.png HTTP/1.1" 200 6108 "http://www.thebackcountry.net/" "Mozilla/5.0 (iPhone; CPU iPhone OS 9_1 like Mac OS X) AppleWebKit/601.1.46 (KHTML, like Gecko) Version/9.0 Mobile/13B143 Safari/601.1"
170.75.162.130 - - [21/Dec/2015:05:54:21 -0800] "GET /lib/reccapi.php?resort=northstar-at-tahoe HTTP/1.1" 200 1048 "-" "node-superagent/1.4.0"
186.151.61.116 - - [21/Dec/2015:05:57:04 -0800] "GET /images/wsis-logo-sm.png HTTP/1.1" 200 6108 "http://www.thebackcountry.net/" "Mozilla/5.0 (Windows NT 10.0; WOW64) AppleWebKit/537.36 (KHTML, like Gecko) Chrome/47.0.2526.106 Safari/537.36"
64.139.122.28 - - [21/Dec/2015:06:20:50 -0800] "GET /images/wsis-logo-sm.png HTTP/1.1" 200 6108 "http://www.thebackcountry.net/" "Mozilla/5.0 (Macintosh; Intel Mac OS X 10.10; rv:43.0) Gecko/20100101 Firefox/43.0"
70.195.134.224 - - [21/Dec/2015:06:24:15 -0800] "GET /images/wsis-logo-sm.png HTTP/1.1" 200 6108 "http://www.thebackcountry.net/" "Mozilla/5.0 (Linux; Android 5.1.1; E6782 Build/LMY47V) AppleWebKit/537.36 (KHTML, like Gecko) Chrome/47.0.2526.83 Mobile Safari/537.36"
70.195.134.224 - - [21/Dec/2015:06:24:37 -0800] "-" 408 0 "-" "-"
170.75.162.130 - - [21/Dec/2015:06:30:15 -0800] "GET /lib/reccapi.php?resort=bigsky HTTP/1.1" 200 1082 "-" "node-superagent/1.4.0"
188.68.224.62 - - [21/Dec/2015:06:45:16 -0800] "GET http://51.254.206.142/httptest.php HTTP/1.1" 404 448 "-" "-"
66.249.74.56 - - [21/Dec/2015:06:45:42 -0800] "GET /robots.txt HTTP/1.1" 200 419 "-" "Mozilla/5.0 (compatible; Googlebot/2.1; +http://www.google.com/bot.html)"
66.249.74.58 - - [21/Dec/2015:06:45:42 -0800] "GET /styles/0fffd548.main.css HTTP/1.1" 200 19317 "-" "Mozilla/5.0 (compatible; Googlebot/2.1; +http://www.google.com/bot.html)"
170.75.162.130 - - [21/Dec/2015:06:51:28 -0800] "GET /lib/reccapi.php?resort=snowbird HTTP/1.1" 200 1049 "-" "node-superagent/1.4.0"
188.68.224.62 - - [21/Dec/2015:06:54:04 -0800] "GET http://51.254.206.142/httptest.php HTTP/1.1" 404 448 "-" "-"
157.55.39.116 - - [21/Dec/2015:07:08:58 -0800] "GET / HTTP/1.1" 200 2367 "-" "Mozilla/5.0 (compatible; bingbot/2.0; +http://www.bing.com/bingbot.htm)"
24.17.248.157 - - [21/Dec/2015:07:11:46 -0800] "GET / HTTP/1.1" 200 2367 "-" "Mozilla/5.0 (iPhone; CPU iPhone OS 8_4 like Mac OS X) AppleWebKit/600.1.4 (KHTML, like Gecko) Version/8.0 Mobile/12H143 Safari/600.1.4"
24.17.248.157 - - [21/Dec/2015:07:11:46 -0800] "GET /styles/0fffd548.main.css HTTP/1.1" 200 19316 "http://whereshouldiski.com/" "Mozilla/5.0 (iPhone; CPU iPhone OS 8_4 like Mac OS X) AppleWebKit/600.1.4 (KHTML, like Gecko) Version/8.0 Mobile/12H143 Safari/600.1.4"
24.17.248.157 - - [21/Dec/2015:07:11:46 -0800] "GET /scripts/scripts/vendor/modernizr.js HTTP/1.1" 200 4903 "http://whereshouldiski.com/" "Mozilla/5.0 (iPhone; CPU iPhone OS 8_4 like Mac OS X) AppleWebKit/600.1.4 (KHTML, like Gecko) Version/8.0 Mobile/12H143 Safari/600.1.4"
24.17.248.157 - - [21/Dec/2015:07:11:46 -0800] "GET /bower_components/requirejs/require.js HTTP/1.1" 200 6702 "http://whereshouldiski.com/" "Mozilla/5.0 (iPhone; CPU iPhone OS 8_4 like Mac OS X) AppleWebKit/600.1.4 (KHTML, like Gecko) Version/8.0 Mobile/12H143 Safari/600.1.4"
24.17.248.157 - - [21/Dec/2015:07:11:46 -0800] "GET /images/loading.gif HTTP/1.1" 200 13882 "http://whereshouldiski.com/" "Mozilla/5.0 (iPhone; CPU iPhone OS 8_4 like Mac OS X) AppleWebKit/600.1.4 (KHTML, like Gecko) Version/8.0 Mobile/12H143 Safari/600.1.4"
24.17.248.157 - - [21/Dec/2015:07:11:46 -0800] "GET /images/logo-sm.png HTTP/1.1" 200 16738 "http://whereshouldiski.com/" "Mozilla/5.0 (iPhone; CPU iPhone OS 8_4 like Mac OS X) AppleWebKit/600.1.4 (KHTML, like Gecko) Version/8.0 Mobile/12H143 Safari/600.1.4"
24.17.248.157 - - [21/Dec/2015:07:11:48 -0800] "GET /scripts/fa48e319.main.js HTTP/1.1" 200 123455 "http://whereshouldiski.com/" "Mozilla/5.0 (iPhone; CPU iPhone OS 8_4 like Mac OS X) AppleWebKit/600.1.4 (KHTML, like Gecko) Version/8.0 Mobile/12H143 Safari/600.1.4"
24.17.248.157 - - [21/Dec/2015:07:11:49 -0800] "GET /lib/reccapi.php?fields=t HTTP/1.1" 200 1832 "http://whereshouldiski.com/" "Mozilla/5.0 (iPhone; CPU iPhone OS 8_4 like Mac OS X) AppleWebKit/600.1.4 (KHTML, like Gecko) Version/8.0 Mobile/12H143 Safari/600.1.4"
24.17.248.157 - - [21/Dec/2015:07:11:50 -0800] "GET /images/button.png HTTP/1.1" 200 598 "http://whereshouldiski.com/" "Mozilla/5.0 (iPhone; CPU iPhone OS 8_4 like Mac OS X) AppleWebKit/600.1.4 (KHTML, like Gecko) Version/8.0 Mobile/12H143 Safari/600.1.4"
24.17.248.157 - - [21/Dec/2015:07:11:50 -0800] "GET /images/greyHeader.png HTTP/1.1" 200 508 "http://whereshouldiski.com/" "Mozilla/5.0 (iPhone; CPU iPhone OS 8_4 like Mac OS X) AppleWebKit/600.1.4 (KHTML, like Gecko) Version/8.0 Mobile/12H143 Safari/600.1.4"
24.17.248.157 - - [21/Dec/2015:07:11:50 -0800] "GET /images/snowflake5.png HTTP/1.1" 200 2857 "http://whereshouldiski.com/" "Mozilla/5.0 (iPhone; CPU iPhone OS 8_4 like Mac OS X) AppleWebKit/600.1.4 (KHTML, like Gecko) Version/8.0 Mobile/12H143 Safari/600.1.4"
24.17.248.157 - - [21/Dec/2015:07:11:50 -0800] "GET /images/star5.png HTTP/1.1" 200 1783 "http://whereshouldiski.com/" "Mozilla/5.0 (iPhone; CPU iPhone OS 8_4 like Mac OS X) AppleWebKit/600.1.4 (KHTML, like Gecko) Version/8.0 Mobile/12H143 Safari/600.1.4"
24.17.248.157 - - [21/Dec/2015:07:11:50 -0800] "GET /images/mtns-icon.png HTTP/1.1" 200 1096 "http://whereshouldiski.com/" "Mozilla/5.0 (iPhone; CPU iPhone OS 8_4 like Mac OS X) AppleWebKit/600.1.4 (KHTML, like Gecko) Version/8.0 Mobile/12H143 Safari/600.1.4"
24.17.248.157 - - [21/Dec/2015:07:11:50 -0800] "GET /images/bluebird5.png HTTP/1.1" 200 2177 "http://whereshouldiski.com/" "Mozilla/5.0 (iPhone; CPU iPhone OS 8_4 like Mac OS X) AppleWebKit/600.1.4 (KHTML, like Gecko) Version/8.0 Mobile/12H143 Safari/600.1.4"
24.17.248.157 - - [21/Dec/2015:07:11:50 -0800] "GET /images/shading-icon.png HTTP/1.1" 200 536 "http://whereshouldiski.com/" "Mozilla/5.0 (iPhone; CPU iPhone OS 8_4 like Mac OS X) AppleWebKit/600.1.4 (KHTML, like Gecko) Version/8.0 Mobile/12H143 Safari/600.1.4"
24.17.248.157 - - [21/Dec/2015:07:12:01 -0800] "GET /lib/reccapi.php?fields=t&sort=bluebird HTTP/1.1" 200 1686 "http://whereshouldiski.com/" "Mozilla/5.0 (iPhone; CPU iPhone OS 8_4 like Mac OS X) AppleWebKit/600.1.4 (KHTML, like Gecko) Version/8.0 Mobile/12H143 Safari/600.1.4"
24.17.248.157 - - [21/Dec/2015:07:12:15 -0800] "GET /lib/reccapi.php?fields=t&sort=bluebird&region=PacificNW HTTP/1.1" 200 1714 "http://whereshouldiski.com/" "Mozilla/5.0 (iPhone; CPU iPhone OS 8_4 like Mac OS X) AppleWebKit/600.1.4 (KHTML, like Gecko) Version/8.0 Mobile/12H143 Safari/600.1.4"
24.17.248.157 - - [21/Dec/2015:07:12:16 -0800] "GET /images/greenHeader.png HTTP/1.1" 200 508 "http://whereshouldiski.com/" "Mozilla/5.0 (iPhone; CPU iPhone OS 8_4 like Mac OS X) AppleWebKit/600.1.4 (KHTML, like Gecko) Version/8.0 Mobile/12H143 Safari/600.1.4"
24.17.248.157 - - [21/Dec/2015:07:13:38 -0800] "GET /lib/reccapi.php?fields=t&region=PacificNW&sort=quality HTTP/1.1" 200 1601 "http://whereshouldiski.com/" "Mozilla/5.0 (iPhone; CPU iPhone OS 8_4 like Mac OS X) AppleWebKit/600.1.4 (KHTML, like Gecko) Version/8.0 Mobile/12H143 Safari/600.1.4"
24.17.248.157 - - [21/Dec/2015:07:13:46 -0800] "GET /lib/reccapi.php?fields=t&region=PacificNW&sort=quality&date=2015-12-26 HTTP/1.1" 200 1317 "http://whereshouldiski.com/" "Mozilla/5.0 (iPhone; CPU iPhone OS 8_4 like Mac OS X) AppleWebKit/600.1.4 (KHTML, like Gecko) Version/8.0 Mobile/12H143 Safari/600.1.4"
24.17.248.157 - - [21/Dec/2015:07:14:20 -0800] "GET /about HTTP/1.1" 404 506 "http://whereshouldiski.com/" "Mozilla/5.0 (iPhone; CPU iPhone OS 8_4 like Mac OS X) AppleWebKit/600.1.4 (KHTML, like Gecko) Version/8.0 Mobile/12H143 Safari/600.1.4"
73.140.208.100 - - [21/Dec/2015:07:16:43 -0800] "GET /images/wsis-logo-sm.png HTTP/1.1" 200 6108 "http://www.thebackcountry.net/" "Mozilla/5.0 (Windows NT 6.3; ARM; Trident/7.0; Touch; rv:11.0) like Gecko"
24.32.26.89 - - [21/Dec/2015:07:26:46 -0800] "GET /images/wsis-logo-sm.png HTTP/1.1" 200 6108 "http://www.thebackcountry.net/" "Mozilla/5.0 (iPad; CPU OS 9_2 like Mac OS X) AppleWebKit/601.1.46 (KHTML, like Gecko) Version/9.0 Mobile/13C75 Safari/601.1"
40.77.167.1 - - [21/Dec/2015:07:36:27 -0800] "GET /robots.txt HTTP/1.1" 200 375 "-" "Mozilla/5.0 (compatible; bingbot/2.0; +http://www.bing.com/bingbot.htm)"
170.75.162.130 - - [21/Dec/2015:07:36:54 -0800] "GET /lib/reccapi.php?resort=devilshead HTTP/1.1" 200 1067 "-" "node-superagent/1.4.0"
170.75.162.130 - - [21/Dec/2015:07:37:14 -0800] "GET /lib/reccapi.php?resort=stevenspass HTTP/1.1" 200 1050 "-" "node-superagent/1.4.0"
70.210.146.40 - - [21/Dec/2015:07:40:55 -0800] "GET /images/wsis-logo-sm.png HTTP/1.1" 200 6108 "http://www.thebackcountry.net/" "Mozilla/5.0 (Linux; Android 5.1; XT1254 Build/SU4TL-44) AppleWebKit/537.36 (KHTML, like Gecko) Chrome/47.0.2526.83 Mobile Safari/537.36"
70.210.146.40 - - [21/Dec/2015:07:41:56 -0800] "-" 408 0 "-" "-"
70.210.146.40 - - [21/Dec/2015:07:41:56 -0800] "-" 408 0 "-" "-"
70.210.146.40 - - [21/Dec/2015:07:41:57 -0800] "-" 408 0 "-" "-"
188.68.224.62 - - [21/Dec/2015:08:02:29 -0800] "GET http://51.254.206.142/httptest.php HTTP/1.1" 404 448 "-" "-"
170.75.162.130 - - [21/Dec/2015:08:04:17 -0800] "GET /lib/reccapi.php?resort=killington HTTP/1.1" 200 1032 "-" "node-superagent/1.4.0"
170.75.162.130 - - [21/Dec/2015:08:04:18 -0800] "GET /lib/reccapi.php?resort=smugglersnotch HTTP/1.1" 200 1042 "-" "node-superagent/1.4.0"
170.75.162.130 - - [21/Dec/2015:08:15:18 -0800] "GET /lib/reccapi.php?resort=kirkwood HTTP/1.1" 200 1066 "-" "node-superagent/1.4.0"
170.75.162.130 - - [21/Dec/2015:08:21:49 -0800] "GET /lib/reccapi.php?resort=sierra-at-tahoe HTTP/1.1" 200 1054 "-" "node-superagent/1.4.0"
205.162.166.112 - - [21/Dec/2015:08:26:38 -0800] "GET /images/wsis-logo-sm.png HTTP/1.1" 200 6108 "http://www.thebackcountry.net/" "Mozilla/5.0 (Windows NT 6.1; WOW64) AppleWebKit/537.36 (KHTML, like Gecko) Chrome/47.0.2526.106 Safari/537.36"
170.75.162.130 - - [21/Dec/2015:08:32:21 -0800] "GET /lib/reccapi.php?resort=cannonmountain HTTP/1.1" 200 1044 "-" "node-superagent/1.4.0"
170.75.162.130 - - [21/Dec/2015:08:32:21 -0800] "GET /lib/reccapi.php?resort=jaypeak HTTP/1.1" 200 1077 "-" "node-superagent/1.4.0"
170.75.162.130 - - [21/Dec/2015:08:32:21 -0800] "GET /lib/reccapi.php?resort=madriverglen HTTP/1.1" 200 1052 "-" "node-superagent/1.4.0"
170.75.162.130 - - [21/Dec/2015:08:32:22 -0800] "GET /lib/reccapi.php?resort=stowe HTTP/1.1" 200 1036 "-" "node-superagent/1.4.0"
170.75.162.130 - - [21/Dec/2015:08:32:22 -0800] "GET /lib/reccapi.php?resort=sugarbush HTTP/1.1" 200 1055 "-" "node-superagent/1.4.0"
170.75.162.130 - - [21/Dec/2015:08:32:22 -0800] "GET /lib/reccapi.php?resort=sugarloaf HTTP/1.1" 200 997 "-" "node-superagent/1.4.0"
170.75.162.130 - - [21/Dec/2015:08:32:22 -0800] "GET /lib/reccapi.php?resort=sundayriver HTTP/1.1" 200 955 "-" "node-superagent/1.4.0"
170.75.162.130 - - [21/Dec/2015:08:32:22 -0800] "GET /lib/reccapi.php?resort=wildcatmountain HTTP/1.1" 200 997 "-" "node-superagent/1.4.0"
97.32.68.94 - - [21/Dec/2015:08:37:09 -0800] "GET /images/wsis-logo-sm.png HTTP/1.1" 200 6108 "http://www.thebackcountry.net/" "Mozilla/5.0 (Linux; Android 4.4.4; XT830C Build/KXC21.5-40) AppleWebKit/537.36 (KHTML, like Gecko) Chrome/47.0.2526.83 Mobile Safari/537.36"
108.247.176.181 - - [21/Dec/2015:08:43:49 -0800] "GET /images/wsis-logo-sm.png HTTP/1.1" 200 6108 "http://www.thebackcountry.net/" "Mozilla/5.0 (Windows NT 10.0; WOW64) AppleWebKit/537.36 (KHTML, like Gecko) Chrome/47.0.2526.106 Safari/537.36"
73.170.212.255 - - [21/Dec/2015:08:46:15 -0800] "GET /images/wsis-logo-sm.png HTTP/1.1" 200 6108 "http://thebackcountry.net/" "Mozilla/5.0 (Windows NT 6.3; ARM; Trident/7.0; Touch; rv:11.0) like Gecko"
73.170.212.255 - - [21/Dec/2015:08:46:36 -0800] "-" 408 0 "-" "-"
170.75.162.130 - - [21/Dec/2015:08:49:23 -0800] "GET /lib/reccapi.php?resort=squawvalleyusa HTTP/1.1" 200 1089 "-" "node-superagent/1.4.0"
66.249.79.227 - - [21/Dec/2015:09:04:17 -0800] "GET /robots.txt HTTP/1.1" 200 419 "-" "Mozilla/5.0 (compatible; Googlebot/2.1; +http://www.google.com/bot.html)"
66.249.79.220 - - [21/Dec/2015:09:04:17 -0800] "GET /lib/reccapi.php?resort=heavenly&date=2015-12-20 HTTP/1.1" 200 1126 "http://whereshouldiski.com/" "Mozilla/5.0 (compatible; Googlebot/2.1; +http://www.google.com/bot.html)"
66.249.79.220 - - [21/Dec/2015:09:04:18 -0800] "GET /lib/reccapi.php?fields=t&date=2015-12-20&coords=38.92%2C-119.93&size=7&sort=distance HTTP/1.1" 200 1396 "http://whereshouldiski.com/" "Mozilla/5.0 (compatible; Googlebot/2.1; +http://www.google.com/bot.html)"
66.249.79.220 - - [21/Dec/2015:09:04:19 -0800] "GET /lib/resortDataSearchD3.php?size=7&sortDate=T&resort=heavenly&dateStart=2015-12-18 HTTP/1.1" 200 870 "http://whereshouldiski.com/" "Mozilla/5.0 (compatible; Googlebot/2.1; +http://www.google.com/bot.html)"
73.170.7.163 - - [21/Dec/2015:09:13:56 -0800] "GET /images/wsis-logo-sm.png HTTP/1.1" 200 6108 "http://www.thebackcountry.net/" "Mozilla/5.0 (iPhone; CPU iPhone OS 9_1 like Mac OS X) AppleWebKit/601.1.46 (KHTML, like Gecko) Mobile/13B143"
71.209.47.64 - - [21/Dec/2015:09:19:28 -0800] "GET /images/wsis-logo-sm.png HTTP/1.1" 200 6108 "http://www.thebackcountry.net/" "Mozilla/5.0 (iPad; CPU OS 9_2 like Mac OS X) AppleWebKit/537.51.1 (KHTML, like Gecko) GSA/4.1.0.31802 Mobile/13C75 Safari/9537.53"
66.249.84.241 - - [21/Dec/2015:09:20:44 -0800] "GET / HTTP/1.1" 200 2367 "-" "Mozilla/5.0 (Windows NT 6.1; rv:6.0) Gecko/20110814 Firefox/6.0 Google Favicon"
66.249.84.241 - - [21/Dec/2015:09:20:44 -0800] "GET /favicon.ico HTTP/1.1" 200 1475 "-" "Mozilla/5.0 (Windows NT 6.1; rv:6.0) Gecko/20110814 Firefox/6.0 Google Favicon"
170.75.162.130 - - [21/Dec/2015:09:29:18 -0800] "GET /lib/reccapi.php?resort=alpinemeadows HTTP/1.1" 200 1060 "-" "node-superagent/1.4.0"
188.68.224.62 - - [21/Dec/2015:09:32:07 -0800] "GET http://51.254.206.142/httptest.php HTTP/1.1" 404 448 "-" "-"
170.75.162.130 - - [21/Dec/2015:09:37:59 -0800] "GET /lib/reccapi.php?resort=heavenly HTTP/1.1" 200 1073 "-" "node-superagent/1.4.0"
70.36.226.105 - - [21/Dec/2015:09:48:55 -0800] "GET /images/wsis-logo-sm.png HTTP/1.1" 200 6108 "http://www.thebackcountry.net/" "Mozilla/5.0 (Macintosh; Intel Mac OS X 10_11_2) AppleWebKit/537.36 (KHTML, like Gecko) Chrome/47.0.2526.80 Safari/537.36"
174.27.130.13 - - [21/Dec/2015:09:49:29 -0800] "GET /images/wsis-logo-sm.png HTTP/1.1" 200 6108 "http://www.thebackcountry.net/" "Mozilla/5.0 (iPhone; CPU iPhone OS 9_1 like Mac OS X) AppleWebKit/601.1.46 (KHTML, like Gecko) Version/9.0 Mobile/13B143 Safari/601.1"
170.75.162.130 - - [21/Dec/2015:09:50:21 -0800] "GET /lib/reccapi.php?resort=homewoodmountain HTTP/1.1" 200 1091 "-" "node-superagent/1.4.0"
170.75.162.130 - - [21/Dec/2015:09:50:21 -0800] "GET /lib/reccapi.php?resort=mtrose HTTP/1.1" 200 1064 "-" "node-superagent/1.4.0"
66.249.74.54 - - [21/Dec/2015:09:54:07 -0800] "GET / HTTP/1.1" 200 2367 "-" "Mozilla/5.0 (iPhone; CPU iPhone OS 8_3 like Mac OS X) AppleWebKit/600.1.4 (KHTML, like Gecko) Version/8.0 Mobile/12F70 Safari/600.1.4 (compatible; Googlebot/2.1; +http://www.google.com/bot.html)"
170.75.162.130 - - [21/Dec/2015:09:56:32 -0800] "GET /lib/reccapi.php?resort=redlodge HTTP/1.1" 200 1085 "-" "node-superagent/1.4.0"
174.34.204.148 - - [21/Dec/2015:09:58:19 -0800] "GET /images/wsis-logo-sm.png HTTP/1.1" 200 6108 "http://www.thebackcountry.net/" "Mozilla/5.0 (iPhone; CPU iPhone OS 9_2 like Mac OS X) AppleWebKit/601.1.46 (KHTML, like Gecko) Version/9.0 Mobile/13C75 Safari/601.1"
170.75.162.130 - - [21/Dec/2015:09:58:32 -0800] "GET /lib/reccapi.php?resort=crystalmountain HTTP/1.1" 200 1027 "-" "node-superagent/1.4.0"
170.75.162.130 - - [21/Dec/2015:09:59:42 -0800] "GET /lib/reccapi.php?resort=aspenmountain HTTP/1.1" 200 988 "-" "node-superagent/1.4.0"
76.14.160.226 - - [21/Dec/2015:10:01:19 -0800] "GET / HTTP/1.1" 200 2367 "http://thebackcountry.net/" "Mozilla/5.0 (Windows NT 6.1; WOW64) AppleWebKit/537.36 (KHTML, like Gecko) Chrome/47.0.2526.106 Safari/537.36"
76.14.160.226 - - [21/Dec/2015:10:01:19 -0800] "GET /scripts/scripts/vendor/modernizr.js HTTP/1.1" 200 4903 "http://whereshouldiski.com/" "Mozilla/5.0 (Windows NT 6.1; WOW64) AppleWebKit/537.36 (KHTML, like Gecko) Chrome/47.0.2526.106 Safari/537.36"
76.14.160.226 - - [21/Dec/2015:10:01:19 -0800] "GET /styles/0fffd548.main.css HTTP/1.1" 200 19316 "http://whereshouldiski.com/" "Mozilla/5.0 (Windows NT 6.1; WOW64) AppleWebKit/537.36 (KHTML, like Gecko) Chrome/47.0.2526.106 Safari/537.36"
76.14.160.226 - - [21/Dec/2015:10:01:19 -0800] "GET /bower_components/requirejs/require.js HTTP/1.1" 200 6702 "http://whereshouldiski.com/" "Mozilla/5.0 (Windows NT 6.1; WOW64) AppleWebKit/537.36 (KHTML, like Gecko) Chrome/47.0.2526.106 Safari/537.36"
76.14.160.226 - - [21/Dec/2015:10:01:19 -0800] "GET /images/logo-sm.png HTTP/1.1" 200 16738 "http://whereshouldiski.com/" "Mozilla/5.0 (Windows NT 6.1; WOW64) AppleWebKit/537.36 (KHTML, like Gecko) Chrome/47.0.2526.106 Safari/537.36"
76.14.160.226 - - [21/Dec/2015:10:01:19 -0800] "GET /images/loading.gif HTTP/1.1" 200 13881 "http://whereshouldiski.com/" "Mozilla/5.0 (Windows NT 6.1; WOW64) AppleWebKit/537.36 (KHTML, like Gecko) Chrome/47.0.2526.106 Safari/537.36"
76.14.160.226 - - [21/Dec/2015:10:01:20 -0800] "GET /scripts/fa48e319.main.js HTTP/1.1" 200 123455 "http://whereshouldiski.com/" "Mozilla/5.0 (Windows NT 6.1; WOW64) AppleWebKit/537.36 (KHTML, like Gecko) Chrome/47.0.2526.106 Safari/537.36"
76.14.160.226 - - [21/Dec/2015:10:01:20 -0800] "GET /images/button.png HTTP/1.1" 200 598 "http://whereshouldiski.com/styles/0fffd548.main.css" "Mozilla/5.0 (Windows NT 6.1; WOW64) AppleWebKit/537.36 (KHTML, like Gecko) Chrome/47.0.2526.106 Safari/537.36"
76.14.160.226 - - [21/Dec/2015:10:01:20 -0800] "GET /images/greyHeader.png HTTP/1.1" 200 508 "http://whereshouldiski.com/styles/0fffd548.main.css" "Mozilla/5.0 (Windows NT 6.1; WOW64) AppleWebKit/537.36 (KHTML, like Gecko) Chrome/47.0.2526.106 Safari/537.36"
76.14.160.226 - - [21/Dec/2015:10:01:20 -0800] "GET /favicon.ico HTTP/1.1" 200 1475 "http://whereshouldiski.com/" "Mozilla/5.0 (Windows NT 6.1; WOW64) AppleWebKit/537.36 (KHTML, like Gecko) Chrome/47.0.2526.106 Safari/537.36"
76.14.160.226 - - [21/Dec/2015:10:01:20 -0800] "GET /favicon.ico HTTP/1.1" 200 1475 "http://whereshouldiski.com/" "Mozilla/5.0 (Windows NT 6.1; WOW64) AppleWebKit/537.36 (KHTML, like Gecko) Chrome/47.0.2526.106 Safari/537.36"
76.14.160.226 - - [21/Dec/2015:10:01:20 -0800] "GET /favicon.ico HTTP/1.1" 200 1475 "http://whereshouldiski.com/" "Mozilla/5.0 (Windows NT 6.1; WOW64) AppleWebKit/537.36 (KHTML, like Gecko) Chrome/47.0.2526.106 Safari/537.36"
76.14.160.226 - - [21/Dec/2015:10:01:20 -0800] "GET /lib/reccapi.php?fields=t HTTP/1.1" 200 1832 "http://whereshouldiski.com/" "Mozilla/5.0 (Windows NT 6.1; WOW64) AppleWebKit/537.36 (KHTML, like Gecko) Chrome/47.0.2526.106 Safari/537.36"
76.14.160.226 - - [21/Dec/2015:10:01:20 -0800] "GET /images/snowflake5.png HTTP/1.1" 200 2857 "http://whereshouldiski.com/styles/0fffd548.main.css" "Mozilla/5.0 (Windows NT 6.1; WOW64) AppleWebKit/537.36 (KHTML, like Gecko) Chrome/47.0.2526.106 Safari/537.36"
76.14.160.226 - - [21/Dec/2015:10:01:20 -0800] "GET /images/star5.png HTTP/1.1" 200 1783 "http://whereshouldiski.com/styles/0fffd548.main.css" "Mozilla/5.0 (Windows NT 6.1; WOW64) AppleWebKit/537.36 (KHTML, like Gecko) Chrome/47.0.2526.106 Safari/537.36"
76.14.160.226 - - [21/Dec/2015:10:01:20 -0800] "GET /images/bluebird5.png HTTP/1.1" 200 2177 "http://whereshouldiski.com/styles/0fffd548.main.css" "Mozilla/5.0 (Windows NT 6.1; WOW64) AppleWebKit/537.36 (KHTML, like Gecko) Chrome/47.0.2526.106 Safari/537.36"
76.14.160.226 - - [21/Dec/2015:10:01:20 -0800] "GET /images/mtns-icon.png HTTP/1.1" 200 1096 "http://whereshouldiski.com/styles/0fffd548.main.css" "Mozilla/5.0 (Windows NT 6.1; WOW64) AppleWebKit/537.36 (KHTML, like Gecko) Chrome/47.0.2526.106 Safari/537.36"
76.14.160.226 - - [21/Dec/2015:10:01:20 -0800] "GET /images/shading-icon.png HTTP/1.1" 200 537 "http://whereshouldiski.com/styles/0fffd548.main.css" "Mozilla/5.0 (Windows NT 6.1; WOW64) AppleWebKit/537.36 (KHTML, like Gecko) Chrome/47.0.2526.106 Safari/537.36"
76.14.160.226 - - [21/Dec/2015:10:01:23 -0800] "GET /lib/reccapi.php?fields=t&coords=38.5701073,-121.5347144 HTTP/1.1" 200 2013 "http://whereshouldiski.com/" "Mozilla/5.0 (Windows NT 6.1; WOW64) AppleWebKit/537.36 (KHTML, like Gecko) Chrome/47.0.2526.106 Safari/537.36"
127.0.0.1 - - [21/Dec/2015:10:01:33 -0800] "OPTIONS * HTTP/1.0" 200 126 "-" "Apache/2.2.22 (Ubuntu) (internal dummy connection)"
199.83.221.162 - - [21/Dec/2015:10:05:15 -0800] "GET /images/wsis-logo-sm.png HTTP/1.1" 200 6108 "http://www.thebackcountry.net/" "Mozilla/5.0 (Macintosh; Intel Mac OS X 10_10_5) AppleWebKit/537.36 (KHTML, like Gecko) Chrome/45.0.2454.101 Safari/537.36"
45.79.87.95 - - [21/Dec/2015:10:09:56 -0800] "HEAD / HTTP/1.1" 200 371 "http://scripted.com/whereshouldiski.com" "Mozilla/5.0 (Windows NT 10.0; WOW64; Trident/7.0; rv:11.0) like Gecko"
107.77.94.82 - - [21/Dec/2015:10:13:42 -0800] "GET /images/wsis-logo-sm.png HTTP/1.1" 200 6108 "http://www.thebackcountry.net/" "Mozilla/5.0 (iPhone; CPU iPhone OS 9_1 like Mac OS X) AppleWebKit/601.1.46 (KHTML, like Gecko) Version/9.0 Mobile/13B143 Safari/601.1"
71.198.42.200 - - [21/Dec/2015:10:14:46 -0800] "GET /images/wsis-logo-sm.png HTTP/1.1" 200 6108 "http://www.thebackcountry.net/" "Mozilla/5.0 (Macintosh; Intel Mac OS X 10_11_2) AppleWebKit/537.36 (KHTML, like Gecko) Chrome/47.0.2526.80 Safari/537.36"
170.75.162.130 - - [21/Dec/2015:10:17:55 -0800] "GET /lib/reccapi.php?resort=buttermilk HTTP/1.1" 200 976 "-" "node-superagent/1.4.0"
17.142.156.117 - - [21/Dec/2015:10:18:32 -0800] "GET / HTTP/1.1" 200 2367 "-" "Mozilla/5.0 (Macintosh; Intel Mac OS X 10_10_1) AppleWebKit/600.2.5 (KHTML, like Gecko) Version/8.0.2 Safari/600.2.5 (Applebot/0.1; +http://www.apple.com/go/applebot)"
17.142.156.117 - - [21/Dec/2015:10:18:32 -0800] "GET / HTTP/1.1" 200 2366 "-" "Mozilla/5.0 (Macintosh; Intel Mac OS X 10_10_1) AppleWebKit/600.2.5 (KHTML, like Gecko) Version/8.0.2 Safari/600.2.5 (Applebot/0.1; +http://www.apple.com/go/applebot)"
17.142.156.117 - - [21/Dec/2015:10:18:32 -0800] "GET / HTTP/1.1" 200 2367 "-" "Mozilla/5.0 (iPhone; CPU iPhone OS 8_1 like Mac OS X) AppleWebKit/600.1.4 (KHTML, like Gecko) Version/8.0 Mobile/12B410 Safari/600.1.4 (Applebot/0.1; +http://www.apple.com/go/applebot)"
17.142.156.117 - - [21/Dec/2015:10:18:32 -0800] "GET /favicon.ico HTTP/1.1" 200 1475 "-" "Mozilla/5.0 (Macintosh; Intel Mac OS X 10_10_1) AppleWebKit/600.2.5 (KHTML, like Gecko) Version/8.0.2 Safari/600.2.5 (Applebot/0.1; +http://www.apple.com/go/applebot)"
17.142.156.117 - - [21/Dec/2015:10:18:32 -0800] "GET /apple-touch-icon.png HTTP/1.1" 404 512 "-" "Mozilla/5.0 (Macintosh; Intel Mac OS X 10_10_1) AppleWebKit/600.2.5 (KHTML, like Gecko) Version/8.0.2 Safari/600.2.5 (Applebot/0.1; +http://www.apple.com/go/applebot)"
17.142.156.117 - - [21/Dec/2015:10:18:32 -0800] "GET /apple-touch-icon-precomposed.png HTTP/1.1" 404 521 "-" "Mozilla/5.0 (Macintosh; Intel Mac OS X 10_10_1) AppleWebKit/600.2.5 (KHTML, like Gecko) Version/8.0.2 Safari/600.2.5 (Applebot/0.1; +http://www.apple.com/go/applebot)"
72.47.20.9 - - [21/Dec/2015:10:19:14 -0800] "GET /images/wsis-logo-sm.png HTTP/1.1" 200 6108 "http://www.thebackcountry.net/" "Mozilla/5.0 (Linux; Android 5.1.1; VS985 4G Build/LMY47V) AppleWebKit/537.36 (KHTML, like Gecko) Chrome/47.0.2526.83 Mobile Safari/537.36"
72.47.20.9 - - [21/Dec/2015:10:19:34 -0800] "-" 408 0 "-" "-"
170.75.162.130 - - [21/Dec/2015:10:22:05 -0800] "GET /lib/reccapi.php?resort=sugarbowl HTTP/1.1" 200 1036 "-" "node-superagent/1.4.0"
199.30.228.129 - - [21/Dec/2015:10:29:52 -0800] "GET /images/wsis-logo-sm.png HTTP/1.1" 200 6108 "http://thebackcountry.net/" "Mozilla/5.0 (X11; Linux i686) AppleWebKit/534.34 (KHTML, like Gecko) Qt/4.8.4 Safari/534.34"
70.88.54.253 - - [21/Dec/2015:10:30:59 -0800] "GET /images/wsis-logo-sm.png HTTP/1.1" 200 6108 "http://www.thebackcountry.net/" "Mozilla/5.0 (Windows NT 6.1; WOW64) AppleWebKit/537.36 (KHTML, like Gecko) Chrome/47.0.2526.80 Safari/537.36"
180.76.15.24 - - [21/Dec/2015:10:32:42 -0800] "GET /styles/0fffd548.main.css HTTP/1.1" 200 19280 "-" "Mozilla/5.0 (compatible; Baiduspider/2.0; +http://www.baidu.com/search/spider.html)"
75.111.102.42 - - [21/Dec/2015:10:32:49 -0800] "GET /images/wsis-logo-sm.png HTTP/1.1" 200 6108 "http://www.thebackcountry.net/" "Mozilla/5.0 (iPad; CPU OS 8_0_2 like Mac OS X) AppleWebKit/600.1.4 (KHTML, like Gecko) Version/8.0 Mobile/12A405 Safari/600.1.4"
220.181.108.185 - - [21/Dec/2015:10:47:45 -0800] "-" 408 0 "-" "-"
73.231.199.98 - - [21/Dec/2015:10:54:51 -0800] "GET /images/wsis-logo-sm.png HTTP/1.1" 200 6108 "http://www.thebackcountry.net/" "Mozilla/5.0 (Macintosh; Intel Mac OS X 10_10_5) AppleWebKit/537.36 (KHTML, like Gecko) Chrome/47.0.2526.106 Safari/537.36"
170.75.162.130 - - [21/Dec/2015:10:57:09 -0800] "GET /lib/reccapi.php?resort=jacksonhole HTTP/1.1" 200 1090 "-" "node-superagent/1.4.0"
170.75.162.130 - - [21/Dec/2015:10:57:09 -0800] "GET /lib/reccapi.php?resort=grandtarghee HTTP/1.1" 200 1103 "-" "node-superagent/1.4.0"
73.162.26.48 - - [21/Dec/2015:11:00:44 -0800] "GET /images/wsis-logo-sm.png HTTP/1.1" 200 6108 "http://www.thebackcountry.net/" "Mozilla/5.0 (Macintosh; Intel Mac OS X 10_10_5) AppleWebKit/537.36 (KHTML, like Gecko) Chrome/47.0.2526.106 Safari/537.36"
75.42.112.62 - - [21/Dec/2015:11:00:46 -0800] "GET /images/wsis-logo-sm.png HTTP/1.1" 200 6108 "http://www.thebackcountry.net/" "Mozilla/5.0 (Windows NT 6.1; WOW64) AppleWebKit/537.36 (KHTML, like Gecko) Chrome/47.0.2526.106 Safari/537.36"
76.88.107.5 - - [21/Dec/2015:11:01:14 -0800] "GET /images/wsis-logo-sm.png HTTP/1.1" 200 6108 "http://www.thebackcountry.net/" "Mozilla/5.0 (Windows NT 10.0; WOW64) AppleWebKit/537.36 (KHTML, like Gecko) Chrome/47.0.2526.106 Safari/537.36"
75.42.112.62 - - [21/Dec/2015:11:01:21 -0800] "-" 408 0 "-" "-"
75.42.112.62 - - [21/Dec/2015:11:01:21 -0800] "-" 408 0 "-" "-"
75.42.112.62 - - [21/Dec/2015:11:01:21 -0800] "-" 408 0 "-" "-"
127.0.0.1 - - [21/Dec/2015:11:01:24 -0800] "OPTIONS * HTTP/1.0" 200 126 "-" "Apache/2.2.22 (Ubuntu) (internal dummy connection)"
127.0.0.1 - - [21/Dec/2015:11:01:25 -0800] "OPTIONS * HTTP/1.0" 200 126 "-" "Apache/2.2.22 (Ubuntu) (internal dummy connection)"
66.249.79.227 - - [21/Dec/2015:11:01:45 -0800] "GET /styles/0fffd548.main.css HTTP/1.1" 200 19317 "-" "Mozilla/5.0 (compatible; Googlebot/2.1; +http://www.google.com/bot.html)"
170.75.162.130 - - [21/Dec/2015:11:02:10 -0800] "GET /lib/reccapi.php?resort=angelfire HTTP/1.1" 200 1059 "-" "node-superagent/1.4.0"
170.75.162.130 - - [21/Dec/2015:11:05:00 -0800] "GET /lib/reccapi.php?resort=snowbird HTTP/1.1" 200 1066 "-" "node-superagent/1.4.0"
69.30.213.202 - - [21/Dec/2015:11:06:59 -0800] "GET /robots.txt HTTP/1.0" 200 338 "-" "Mozilla/5.0 (compatible; MJ12bot/v1.4.5; http://www.majestic12.co.uk/bot.php?+)"
69.30.213.202 - - [21/Dec/2015:11:07:01 -0800] "GET /robots.txt HTTP/1.0" 200 338 "-" "Mozilla/5.0 (compatible; MJ12bot/v1.4.5; http://www.majestic12.co.uk/bot.php?+)"
209.33.83.249 - - [21/Dec/2015:11:08:43 -0800] "GET /images/wsis-logo-sm.png HTTP/1.1" 200 6108 "http://thebackcountry.net/" "Mozilla/5.0 (Windows NT 6.1; WOW64) AppleWebKit/537.36 (KHTML, like Gecko) Chrome/47.0.2526.106 Safari/537.36"
70.214.58.150 - - [21/Dec/2015:11:11:39 -0800] "GET /images/wsis-logo-sm.png HTTP/1.1" 200 6108 "http://www.thebackcountry.net/" "Mozilla/5.0 (Linux; Android 5.1; XT1254 Build/SU4TL-44) AppleWebKit/537.36 (KHTML, like Gecko) Chrome/47.0.2526.83 Mobile Safari/537.36"
70.214.58.150 - - [21/Dec/2015:11:12:01 -0800] "-" 408 0 "-" "-"
170.75.162.130 - - [21/Dec/2015:11:12:11 -0800] "GET /lib/reccapi.php?resort=diamondpeak HTTP/1.1" 200 1017 "-" "node-superagent/1.4.0"
166.216.157.84 - - [21/Dec/2015:11:13:36 -0800] "GET /images/wsis-logo-sm.png HTTP/1.1" 200 6108 "http://www.thebackcountry.net/" "Mozilla/5.0 (Macintosh; Intel Mac OS X 10.7; rv:42.0) Gecko/20100101 Firefox/42.0"
173.76.229.82 - - [21/Dec/2015:11:14:21 -0800] "GET /images/wsis-logo-sm.png HTTP/1.1" 200 6108 "http://thebackcountry.net/" "Mozilla/5.0 (Macintosh; Intel Mac OS X 10_11_2) AppleWebKit/601.3.9 (KHTML, like Gecko) Version/9.0.2 Safari/601.3.9"
24.32.27.110 - - [21/Dec/2015:11:15:42 -0800] "GET /images/wsis-logo-sm.png HTTP/1.1" 200 6108 "http://www.thebackcountry.net/" "Mozilla/5.0 (Macintosh; Intel Mac OS X 10_7_5) AppleWebKit/537.36 (KHTML, like Gecko) Chrome/47.0.2526.106 Safari/537.36"
72.67.103.60 - - [21/Dec/2015:11:21:54 -0800] "GET /images/wsis-logo-sm.png HTTP/1.1" 200 6108 "http://www.thebackcountry.net/" "Mozilla/5.0 (Macintosh; Intel Mac OS X 10_10_5) AppleWebKit/601.3.9 (KHTML, like Gecko) Version/9.0.2 Safari/601.3.9"
72.34.128.250 - - [21/Dec/2015:11:22:15 -0800] "GET /images/wsis-logo-sm.png HTTP/1.1" 200 6108 "http://www.thebackcountry.net/" "Mozilla/5.0 (Windows NT 6.1; WOW64; rv:43.0) Gecko/20100101 Firefox/43.0"
50.242.127.105 - - [21/Dec/2015:11:22:28 -0800] "GET /images/wsis-logo-sm.png HTTP/1.1" 200 6108 "http://www.thebackcountry.net/" "Mozilla/5.0 (Macintosh; Intel Mac OS X 10.10; rv:42.0) Gecko/20100101 Firefox/42.0"
162.209.76.242 - - [21/Dec/2015:11:22:58 -0800] "GET /images/wsis-logo-sm.png HTTP/1.1" 200 6108 "http://thebackcountry.net/" "Mozilla/5.0 (X11; Ubuntu; Linux x86_64; rv:42.0) Gecko/20100101 Firefox/42.0"
107.77.75.25 - - [21/Dec/2015:11:34:23 -0800] "GET /images/wsis-logo-sm.png HTTP/1.1" 200 6108 "http://www.thebackcountry.net/" "Mozilla/5.0 (Linux; Android 5.1; XT1097 Build/LPE23.32-21.2) AppleWebKit/537.36 (KHTML, like Gecko) Chrome/47.0.2526.83 Mobile Safari/537.36"
107.77.75.25 - - [21/Dec/2015:11:34:45 -0800] "-" 408 0 "-" "-"
172.56.39.206 - - [21/Dec/2015:11:37:57 -0800] "GET /images/wsis-logo-sm.png HTTP/1.1" 200 6108 "http://www.thebackcountry.net/" "Mozilla/5.0 (iPhone; CPU iPhone OS 9_2 like Mac OS X) AppleWebKit/601.1.46 (KHTML, like Gecko) Mobile/13C75"
172.56.38.87 - - [21/Dec/2015:11:39:37 -0800] "GET /images/wsis-logo-sm.png HTTP/1.1" 200 6108 "http://www.thebackcountry.net/" "Mozilla/5.0 (Linux; Android 5.0; SAMSUNG SM-N900T Build/LRX21V) AppleWebKit/537.36 (KHTML, like Gecko) SamsungBrowser/2.1 Chrome/34.0.1847.76 Mobile Safari/537.36"
24.205.103.126 - - [21/Dec/2015:11:40:05 -0800] "GET /images/wsis-logo-sm.png HTTP/1.1" 200 6108 "http://www.thebackcountry.net/" "Mozilla/5.0 (Macintosh; Intel Mac OS X 10_10_5) AppleWebKit/537.36 (KHTML, like Gecko) Chrome/40.0.2214.115 Safari/537.36"
162.210.196.100 - - [21/Dec/2015:11:50:55 -0800] "GET /robots.txt HTTP/1.0" 200 338 "-" "Mozilla/5.0 (compatible; MJ12bot/v1.4.5; http://www.majestic12.co.uk/bot.php?+)"
162.210.196.100 - - [21/Dec/2015:11:50:56 -0800] "GET / HTTP/1.0" 200 6098 "-" "Mozilla/5.0 (compatible; MJ12bot/v1.4.5; http://www.majestic12.co.uk/bot.php?+)"
66.249.79.234 - - [21/Dec/2015:11:55:43 -0800] "GET /resorts?resort=wildcatmountain&date=2012-12-18 HTTP/1.1" 404 506 "-" "Mozilla/5.0 (compatible; Googlebot/2.1; +http://www.google.com/bot.html)"
71.198.181.198 - - [21/Dec/2015:12:01:13 -0800] "GET /images/wsis-logo-sm.png HTTP/1.1" 200 6108 "http://thebackcountry.net/" "Mozilla/5.0 (Macintosh; Intel Mac OS X 10_10_5) AppleWebKit/601.3.9 (KHTML, like Gecko) Version/9.0.2 Safari/601.3.9"
75.111.99.87 - - [21/Dec/2015:12:03:49 -0800] "GET /images/wsis-logo-sm.png HTTP/1.1" 200 6108 "http://www.thebackcountry.net/" "Mozilla/5.0 (Windows NT 6.3; WOW64; rv:43.0) Gecko/20100101 Firefox/43.0"
70.211.66.30 - - [21/Dec/2015:12:05:28 -0800] "GET /images/wsis-logo-sm.png HTTP/1.1" 200 6108 "http://www.thebackcountry.net/" "Mozilla/5.0 (iPhone; CPU iPhone OS 9_2 like Mac OS X) AppleWebKit/601.1.46 (KHTML, like Gecko) Version/9.0 Mobile/13C75 Safari/601.1"
192.147.44.15 - - [21/Dec/2015:12:07:26 -0800] "GET /images/wsis-logo-sm.png HTTP/1.1" 200 6108 "http://www.thebackcountry.net/" "Mozilla/5.0 (iPhone; CPU iPhone OS 9_2 like Mac OS X) AppleWebKit/601.1.46 (KHTML, like Gecko) Version/9.0 Mobile/13C75 Safari/601.1"
162.193.241.141 - - [21/Dec/2015:12:10:36 -0800] "GET /images/wsis-logo-sm.png HTTP/1.1" 200 6108 "http://www.thebackcountry.net/" "Mozilla/5.0 (Macintosh; Intel Mac OS X 10_9_5) AppleWebKit/601.3.9 (KHTML, like Gecko) Version/9.0.2 Safari/537.86.3"
170.75.162.130 - - [21/Dec/2015:12:10:38 -0800] "GET /lib/reccapi.php?resort=alta HTTP/1.1" 200 1083 "-" "node-superagent/1.4.0"
162.193.241.141 - - [21/Dec/2015:12:10:42 -0800] "GET / HTTP/1.1" 200 2367 "http://www.thebackcountry.net/" "Mozilla/5.0 (Macintosh; Intel Mac OS X 10_9_5) AppleWebKit/601.3.9 (KHTML, like Gecko) Version/9.0.2 Safari/537.86.3"
162.193.241.141 - - [21/Dec/2015:12:10:42 -0800] "GET /styles/0fffd548.main.css HTTP/1.1" 200 19316 "http://whereshouldiski.com/" "Mozilla/5.0 (Macintosh; Intel Mac OS X 10_9_5) AppleWebKit/601.3.9 (KHTML, like Gecko) Version/9.0.2 Safari/537.86.3"
162.193.241.141 - - [21/Dec/2015:12:10:42 -0800] "GET /scripts/scripts/vendor/modernizr.js HTTP/1.1" 200 4903 "http://whereshouldiski.com/" "Mozilla/5.0 (Macintosh; Intel Mac OS X 10_9_5) AppleWebKit/601.3.9 (KHTML, like Gecko) Version/9.0.2 Safari/537.86.3"
162.193.241.141 - - [21/Dec/2015:12:10:42 -0800] "GET /bower_components/requirejs/require.js HTTP/1.1" 200 6702 "http://whereshouldiski.com/" "Mozilla/5.0 (Macintosh; Intel Mac OS X 10_9_5) AppleWebKit/601.3.9 (KHTML, like Gecko) Version/9.0.2 Safari/537.86.3"
162.193.241.141 - - [21/Dec/2015:12:10:43 -0800] "GET /images/logo-sm.png HTTP/1.1" 200 16737 "http://whereshouldiski.com/" "Mozilla/5.0 (Macintosh; Intel Mac OS X 10_9_5) AppleWebKit/601.3.9 (KHTML, like Gecko) Version/9.0.2 Safari/537.86.3"
162.193.241.141 - - [21/Dec/2015:12:10:43 -0800] "GET /images/loading.gif HTTP/1.1" 200 13881 "http://whereshouldiski.com/" "Mozilla/5.0 (Macintosh; Intel Mac OS X 10_9_5) AppleWebKit/601.3.9 (KHTML, like Gecko) Version/9.0.2 Safari/537.86.3"
162.193.241.141 - - [21/Dec/2015:12:10:44 -0800] "GET /scripts/fa48e319.main.js HTTP/1.1" 200 123455 "http://whereshouldiski.com/" "Mozilla/5.0 (Macintosh; Intel Mac OS X 10_9_5) AppleWebKit/601.3.9 (KHTML, like Gecko) Version/9.0.2 Safari/537.86.3"
162.193.241.141 - - [21/Dec/2015:12:10:44 -0800] "GET /images/button.png HTTP/1.1" 200 598 "http://whereshouldiski.com/" "Mozilla/5.0 (Macintosh; Intel Mac OS X 10_9_5) AppleWebKit/601.3.9 (KHTML, like Gecko) Version/9.0.2 Safari/537.86.3"
162.193.241.141 - - [21/Dec/2015:12:10:44 -0800] "GET /images/greyHeader.png HTTP/1.1" 200 508 "http://whereshouldiski.com/" "Mozilla/5.0 (Macintosh; Intel Mac OS X 10_9_5) AppleWebKit/601.3.9 (KHTML, like Gecko) Version/9.0.2 Safari/537.86.3"
162.193.241.141 - - [21/Dec/2015:12:10:44 -0800] "GET /lib/reccapi.php?fields=t HTTP/1.1" 200 1832 "http://whereshouldiski.com/" "Mozilla/5.0 (Macintosh; Intel Mac OS X 10_9_5) AppleWebKit/601.3.9 (KHTML, like Gecko) Version/9.0.2 Safari/537.86.3"
162.193.241.141 - - [21/Dec/2015:12:10:44 -0800] "GET /images/snowflake5.png HTTP/1.1" 200 2857 "http://whereshouldiski.com/" "Mozilla/5.0 (Macintosh; Intel Mac OS X 10_9_5) AppleWebKit/601.3.9 (KHTML, like Gecko) Version/9.0.2 Safari/537.86.3"
162.193.241.141 - - [21/Dec/2015:12:10:44 -0800] "GET /images/star5.png HTTP/1.1" 200 1783 "http://whereshouldiski.com/" "Mozilla/5.0 (Macintosh; Intel Mac OS X 10_9_5) AppleWebKit/601.3.9 (KHTML, like Gecko) Version/9.0.2 Safari/537.86.3"
162.193.241.141 - - [21/Dec/2015:12:10:44 -0800] "GET /images/bluebird5.png HTTP/1.1" 200 2177 "http://whereshouldiski.com/" "Mozilla/5.0 (Macintosh; Intel Mac OS X 10_9_5) AppleWebKit/601.3.9 (KHTML, like Gecko) Version/9.0.2 Safari/537.86.3"
162.193.241.141 - - [21/Dec/2015:12:10:44 -0800] "GET /images/mtns-icon.png HTTP/1.1" 200 1097 "http://whereshouldiski.com/" "Mozilla/5.0 (Macintosh; Intel Mac OS X 10_9_5) AppleWebKit/601.3.9 (KHTML, like Gecko) Version/9.0.2 Safari/537.86.3"
162.193.241.141 - - [21/Dec/2015:12:10:44 -0800] "GET /images/shading-icon.png HTTP/1.1" 200 537 "http://whereshouldiski.com/" "Mozilla/5.0 (Macintosh; Intel Mac OS X 10_9_5) AppleWebKit/601.3.9 (KHTML, like Gecko) Version/9.0.2 Safari/537.86.3"
162.193.241.141 - - [21/Dec/2015:12:10:45 -0800] "GET /favicon.ico HTTP/1.1" 200 1476 "http://whereshouldiski.com/" "Mozilla/5.0 (Macintosh; Intel Mac OS X 10_9_5) AppleWebKit/601.3.9 (KHTML, like Gecko) Version/9.0.2 Safari/537.86.3"
127.0.0.1 - - [21/Dec/2015:12:10:52 -0800] "OPTIONS * HTTP/1.0" 200 126 "-" "Apache/2.2.22 (Ubuntu) (internal dummy connection)"
170.75.162.130 - - [21/Dec/2015:12:11:28 -0800] "GET /lib/reccapi.php?resort=mammothmountain HTTP/1.1" 200 1077 "-" "node-superagent/1.4.0"
170.75.162.130 - - [21/Dec/2015:12:12:39 -0800] "GET /lib/reccapi.php?resort=stevenspass HTTP/1.1" 200 1050 "-" "node-superagent/1.4.0"
66.214.211.234 - - [21/Dec/2015:12:17:55 -0800] "GET /images/wsis-logo-sm.png HTTP/1.1" 200 6108 "http://www.thebackcountry.net/" "Mozilla/5.0 (Macintosh; Intel Mac OS X 10_10_5) AppleWebKit/537.36 (KHTML, like Gecko) Chrome/47.0.2526.106 Safari/537.36"
170.75.162.130 - - [21/Dec/2015:12:21:50 -0800] "GET /lib/reccapi.php?resort=chinapeak HTTP/1.1" 200 1032 "-" "node-superagent/1.4.0"
77.66.60.75 - - [21/Dec/2015:12:24:25 -0800] "GET /robots.txt HTTP/1.0" 200 382 "-" "Mozilla/5.0 (compatible; Findxbot/1.0; +http://www.findxbot.com)"
77.66.60.75 - - [21/Dec/2015:12:24:26 -0800] "GET /resorts?resort=homewoodmountain HTTP/1.0" 404 469 "-" "Mozilla/5.0 (compatible; Findxbot/1.0; +http://www.findxbot.com)"
77.66.60.75 - - [21/Dec/2015:12:25:03 -0800] "GET / HTTP/1.0" 200 2330 "-" "Mozilla/5.0 (compatible; Findxbot/1.0; +http://www.findxbot.com)"
162.193.241.141 - - [21/Dec/2015:12:26:06 -0800] "GET /lib/reccapi.php?resort=mountwashingtonalpine&date=2015-12-21 HTTP/1.1" 200 971 "http://whereshouldiski.com/" "Mozilla/5.0 (Macintosh; Intel Mac OS X 10_9_5) AppleWebKit/601.3.9 (KHTML, like Gecko) Version/9.0.2 Safari/537.86.3"
162.193.241.141 - - [21/Dec/2015:12:26:06 -0800] "GET /images/snowforecast-logo.jpg HTTP/1.1" 200 22988 "http://whereshouldiski.com/" "Mozilla/5.0 (Macintosh; Intel Mac OS X 10_9_5) AppleWebKit/601.3.9 (KHTML, like Gecko) Version/9.0.2 Safari/537.86.3"
162.193.241.141 - - [21/Dec/2015:12:26:06 -0800] "GET /images/opensnow_logo.png HTTP/1.1" 200 11777 "http://whereshouldiski.com/" "Mozilla/5.0 (Macintosh; Intel Mac OS X 10_9_5) AppleWebKit/601.3.9 (KHTML, like Gecko) Version/9.0.2 Safari/537.86.3"
162.193.241.141 - - [21/Dec/2015:12:26:06 -0800] "GET /images/snowflake-med-5.png HTTP/1.1" 200 6157 "http://whereshouldiski.com/" "Mozilla/5.0 (Macintosh; Intel Mac OS X 10_9_5) AppleWebKit/601.3.9 (KHTML, like Gecko) Version/9.0.2 Safari/537.86.3"
162.193.241.141 - - [21/Dec/2015:12:26:06 -0800] "GET /images/sun-med-5.png HTTP/1.1" 200 7627 "http://whereshouldiski.com/" "Mozilla/5.0 (Macintosh; Intel Mac OS X 10_9_5) AppleWebKit/601.3.9 (KHTML, like Gecko) Version/9.0.2 Safari/537.86.3"
162.193.241.141 - - [21/Dec/2015:12:26:06 -0800] "GET /images/stars-med-5.png HTTP/1.1" 200 4124 "http://whereshouldiski.com/" "Mozilla/5.0 (Macintosh; Intel Mac OS X 10_9_5) AppleWebKit/601.3.9 (KHTML, like Gecko) Version/9.0.2 Safari/537.86.3"
162.193.241.141 - - [21/Dec/2015:12:26:06 -0800] "GET /lib/reccapi.php?fields=t&date=2015-12-21&coords=49.7383%2C-125.299&size=7&sort=distance HTTP/1.1" 200 1400 "http://whereshouldiski.com/" "Mozilla/5.0 (Macintosh; Intel Mac OS X 10_9_5) AppleWebKit/601.3.9 (KHTML, like Gecko) Version/9.0.2 Safari/537.86.3"
162.193.241.141 - - [21/Dec/2015:12:26:06 -0800] "GET /images/mtns-30px.png HTTP/1.1" 200 1201 "http://whereshouldiski.com/" "Mozilla/5.0 (Macintosh; Intel Mac OS X 10_9_5) AppleWebKit/601.3.9 (KHTML, like Gecko) Version/9.0.2 Safari/537.86.3"
162.193.241.141 - - [21/Dec/2015:12:26:06 -0800] "GET /images/shading-53px.png HTTP/1.1" 200 547 "http://whereshouldiski.com/" "Mozilla/5.0 (Macintosh; Intel Mac OS X 10_9_5) AppleWebKit/601.3.9 (KHTML, like Gecko) Version/9.0.2 Safari/537.86.3"
162.193.241.141 - - [21/Dec/2015:12:26:06 -0800] "GET /lib/resortDataSearchD3.php?size=7&sortDate=T&resort=mountwashingtonalpine&dateStart=2015-12-19 HTTP/1.1" 200 869 "http://whereshouldiski.com/" "Mozilla/5.0 (Macintosh; Intel Mac OS X 10_9_5) AppleWebKit/601.3.9 (KHTML, like Gecko) Version/9.0.2 Safari/537.86.3"
127.0.0.1 - - [21/Dec/2015:12:26:14 -0800] "OPTIONS * HTTP/1.0" 200 126 "-" "Apache/2.2.22 (Ubuntu) (internal dummy connection)"
170.75.162.130 - - [21/Dec/2015:12:26:50 -0800] "GET /lib/reccapi.php?resort=killington HTTP/1.1" 200 1030 "-" "node-superagent/1.4.0"
170.75.162.130 - - [21/Dec/2015:12:27:00 -0800] "GET /lib/reccapi.php?resort=mounthoodmeadows HTTP/1.1" 200 1121 "-" "node-superagent/1.4.0"
162.193.241.141 - - [21/Dec/2015:12:27:48 -0800] "GET /lib/reccapi.php?fields=t HTTP/1.1" 200 1833 "http://whereshouldiski.com/" "Mozilla/5.0 (Macintosh; Intel Mac OS X 10_9_5) AppleWebKit/601.3.9 (KHTML, like Gecko) Version/9.0.2 Safari/537.86.3"
162.193.241.141 - - [21/Dec/2015:12:27:50 -0800] "GET /images/wsis-logo-sm.png HTTP/1.1" 200 6108 "http://www.thebackcountry.net/" "Mozilla/5.0 (Macintosh; Intel Mac OS X 10_9_5) AppleWebKit/601.3.9 (KHTML, like Gecko) Version/9.0.2 Safari/537.86.3"
162.193.241.141 - - [21/Dec/2015:12:27:54 -0800] "GET / HTTP/1.1" 200 2366 "-" "Mozilla/5.0 (Macintosh; Intel Mac OS X 10_9_5) AppleWebKit/601.3.9 (KHTML, like Gecko) Version/9.0.2 Safari/537.86.3"
162.193.241.141 - - [21/Dec/2015:12:27:54 -0800] "GET /styles/0fffd548.main.css HTTP/1.1" 200 19316 "http://whereshouldiski.com/" "Mozilla/5.0 (Macintosh; Intel Mac OS X 10_9_5) AppleWebKit/601.3.9 (KHTML, like Gecko) Version/9.0.2 Safari/537.86.3"
162.193.241.141 - - [21/Dec/2015:12:27:55 -0800] "GET /scripts/scripts/vendor/modernizr.js HTTP/1.1" 200 4903 "http://whereshouldiski.com/" "Mozilla/5.0 (Macintosh; Intel Mac OS X 10_9_5) AppleWebKit/601.3.9 (KHTML, like Gecko) Version/9.0.2 Safari/537.86.3"
162.193.241.141 - - [21/Dec/2015:12:27:55 -0800] "GET /bower_components/requirejs/require.js HTTP/1.1" 200 6702 "http://whereshouldiski.com/" "Mozilla/5.0 (Macintosh; Intel Mac OS X 10_9_5) AppleWebKit/601.3.9 (KHTML, like Gecko) Version/9.0.2 Safari/537.86.3"
162.193.241.141 - - [21/Dec/2015:12:27:55 -0800] "GET /images/logo-sm.png HTTP/1.1" 200 16737 "http://whereshouldiski.com/" "Mozilla/5.0 (Macintosh; Intel Mac OS X 10_9_5) AppleWebKit/601.3.9 (KHTML, like Gecko) Version/9.0.2 Safari/537.86.3"
162.193.241.141 - - [21/Dec/2015:12:27:55 -0800] "GET /images/loading.gif HTTP/1.1" 200 13881 "http://whereshouldiski.com/" "Mozilla/5.0 (Macintosh; Intel Mac OS X 10_9_5) AppleWebKit/601.3.9 (KHTML, like Gecko) Version/9.0.2 Safari/537.86.3"
162.193.241.141 - - [21/Dec/2015:12:27:56 -0800] "GET /scripts/fa48e319.main.js HTTP/1.1" 200 123455 "http://whereshouldiski.com/" "Mozilla/5.0 (Macintosh; Intel Mac OS X 10_9_5) AppleWebKit/601.3.9 (KHTML, like Gecko) Version/9.0.2 Safari/537.86.3"
162.193.241.141 - - [21/Dec/2015:12:27:57 -0800] "GET /images/button.png HTTP/1.1" 200 598 "http://whereshouldiski.com/" "Mozilla/5.0 (Macintosh; Intel Mac OS X 10_9_5) AppleWebKit/601.3.9 (KHTML, like Gecko) Version/9.0.2 Safari/537.86.3"
162.193.241.141 - - [21/Dec/2015:12:27:57 -0800] "GET /images/greyHeader.png HTTP/1.1" 200 508 "http://whereshouldiski.com/" "Mozilla/5.0 (Macintosh; Intel Mac OS X 10_9_5) AppleWebKit/601.3.9 (KHTML, like Gecko) Version/9.0.2 Safari/537.86.3"
162.193.241.141 - - [21/Dec/2015:12:27:57 -0800] "GET /lib/reccapi.php?fields=t HTTP/1.1" 200 1832 "http://whereshouldiski.com/" "Mozilla/5.0 (Macintosh; Intel Mac OS X 10_9_5) AppleWebKit/601.3.9 (KHTML, like Gecko) Version/9.0.2 Safari/537.86.3"
75.141.214.75 - - [21/Dec/2015:12:28:22 -0800] "GET /images/wsis-logo-sm.png HTTP/1.1" 200 6108 "http://thebackcountry.net/" "Mozilla/5.0 (Windows NT 6.3; WOW64) AppleWebKit/537.36 (KHTML, like Gecko) Chrome/47.0.2526.106 Safari/537.36"
24.17.248.157 - - [21/Dec/2015:12:32:56 -0800] "GET / HTTP/1.1" 200 2367 "-" "Mozilla/5.0 (iPhone; CPU iPhone OS 8_4 like Mac OS X) AppleWebKit/600.1.4 (KHTML, like Gecko) Version/8.0 Mobile/12H143 Safari/600.1.4"
24.17.248.157 - - [21/Dec/2015:12:33:03 -0800] "GET /lib/reccapi.php?fields=t&region=PacificNW&sort=quality&date=2015-12-26 HTTP/1.1" 200 1312 "http://whereshouldiski.com/" "Mozilla/5.0 (iPhone; CPU iPhone OS 8_4 like Mac OS X) AppleWebKit/600.1.4 (KHTML, like Gecko) Version/8.0 Mobile/12H143 Safari/600.1.4"
50.76.54.21 - - [21/Dec/2015:12:33:52 -0800] "GET /images/wsis-logo-sm.png HTTP/1.1" 200 6108 "http://www.thebackcountry.net/" "Mozilla/5.0 (Macintosh; Intel Mac OS X 10_10_2) AppleWebKit/537.36 (KHTML, like Gecko) Chrome/47.0.2526.106 Safari/537.36"
50.76.54.21 - - [21/Dec/2015:12:34:13 -0800] "-" 408 0 "-" "-"
50.76.54.21 - - [21/Dec/2015:12:38:52 -0800] "-" 408 0 "-" "-"
50.76.54.21 - - [21/Dec/2015:12:38:52 -0800] "-" 408 0 "-" "-"
50.76.54.21 - - [21/Dec/2015:12:38:52 -0800] "-" 408 0 "-" "-"
24.5.22.40 - - [21/Dec/2015:12:38:58 -0800] "GET /images/wsis-logo-sm.png HTTP/1.1" 200 6108 "http://www.thebackcountry.net/" "Mozilla/5.0 (Macintosh; Intel Mac OS X 10_10_3) AppleWebKit/600.5.17 (KHTML, like Gecko) Version/8.0.5 Safari/600.5.17"
73.48.168.206 - - [21/Dec/2015:12:58:38 -0800] "GET /images/wsis-logo-sm.png HTTP/1.1" 200 6108 "http://www.thebackcountry.net/" "Mozilla/5.0 (Windows NT 10.0; WOW64) AppleWebKit/537.36 (KHTML, like Gecko) Chrome/47.0.2526.106 Safari/537.36"
170.75.162.130 - - [21/Dec/2015:13:03:25 -0800] "GET /lib/reccapi.php?resort=aspenheights HTTP/1.1" 200 1039 "-" "node-superagent/1.4.0"
170.75.162.130 - - [21/Dec/2015:13:03:25 -0800] "GET /lib/reccapi.php?resort=coppermountain HTTP/1.1" 200 1072 "-" "node-superagent/1.4.0"
170.75.162.130 - - [21/Dec/2015:13:03:25 -0800] "GET /lib/reccapi.php?resort=crestedbutte HTTP/1.1" 200 1037 "-" "node-superagent/1.4.0"
170.75.162.130 - - [21/Dec/2015:13:03:25 -0800] "GET /lib/reccapi.php?resort=loveland HTTP/1.1" 200 1057 "-" "node-superagent/1.4.0"
170.75.162.130 - - [21/Dec/2015:13:03:25 -0800] "GET /lib/reccapi.php?resort=monarch HTTP/1.1" 200 1043 "-" "node-superagent/1.4.0"
170.75.162.130 - - [21/Dec/2015:13:03:25 -0800] "GET /lib/reccapi.php?resort=arapahoebasin HTTP/1.1" 200 1095 "-" "node-superagent/1.4.0"
170.75.162.130 - - [21/Dec/2015:13:03:25 -0800] "GET /lib/reccapi.php?resort=telluride HTTP/1.1" 200 989 "-" "node-superagent/1.4.0"
170.75.162.130 - - [21/Dec/2015:13:03:25 -0800] "GET /lib/reccapi.php?resort=snowmass HTTP/1.1" 200 1007 "-" "node-superagent/1.4.0"
170.75.162.130 - - [21/Dec/2015:13:03:25 -0800] "GET /lib/reccapi.php?resort=steamboat HTTP/1.1" 200 1045 "-" "node-superagent/1.4.0"
170.75.162.130 - - [21/Dec/2015:13:03:25 -0800] "GET /lib/reccapi.php?resort=keystone HTTP/1.1" 200 1084 "-" "node-superagent/1.4.0"
24.205.202.121 - - [21/Dec/2015:13:03:58 -0800] "GET /images/wsis-logo-sm.png HTTP/1.1" 200 6108 "http://www.thebackcountry.net/" "Mozilla/5.0 (Macintosh; Intel Mac OS X 10_10_5) AppleWebKit/601.1.56 (KHTML, like Gecko) Version/9.0 Safari/601.1.56"
170.75.162.130 - - [21/Dec/2015:13:04:25 -0800] "GET /lib/reccapi.php?resort=winterpark HTTP/1.1" 200 1083 "-" "node-superagent/1.4.0"
68.180.229.34 - - [21/Dec/2015:13:08:11 -0800] "GET /robots.txt HTTP/1.1" 200 319 "-" "Mozilla/5.0 (compatible; Yahoo! Slurp; http://help.yahoo.com/help/us/ysearch/slurp)"
68.180.229.34 - - [21/Dec/2015:13:08:11 -0800] "GET /blog/11-2012-2013-powder-rating-visualization HTTP/1.1" 404 450 "-" "Mozilla/5.0 (compatible; Yahoo! Slurp; http://help.yahoo.com/help/us/ysearch/slurp)"
68.180.229.34 - - [21/Dec/2015:13:08:11 -0800] "GET /viz/2012-2013-viz.php HTTP/1.1" 404 450 "-" "Mozilla/5.0 (compatible; Yahoo! Slurp; http://help.yahoo.com/help/us/ysearch/slurp)"
50.131.181.239 - - [21/Dec/2015:13:08:54 -0800] "GET /images/wsis-logo-sm.png HTTP/1.1" 200 6108 "http://www.thebackcountry.net/" "Mozilla/5.0 (Windows NT 6.1; WOW64) AppleWebKit/537.36 (KHTML, like Gecko) Chrome/47.0.2526.106 Safari/537.36"
170.75.162.130 - - [21/Dec/2015:13:12:06 -0800] "GET /lib/reccapi.php?resort=northstar-at-tahoe HTTP/1.1" 200 1049 "-" "node-superagent/1.4.0"
123.125.71.14 - - [21/Dec/2015:13:12:48 -0800] "GET /images/loading.gif HTTP/1.1" 200 13845 "-" "Baiduspider-image+(+http://www.baidu.com/search/spider.htm)"
50.184.243.180 - - [21/Dec/2015:13:17:20 -0800] "GET /images/wsis-logo-sm.png HTTP/1.1" 200 6108 "http://www.thebackcountry.net/" "Mozilla/5.0 (Macintosh; Intel Mac OS X 10_11_1) AppleWebKit/601.2.7 (KHTML, like Gecko) Version/9.0.1 Safari/601.2.7"
5.9.151.67 - - [21/Dec/2015:13:17:36 -0800] "GET / HTTP/1.1" 200 2311 "-" "Mozilla/5.0 (compatible; MegaIndex.ru/2.0; +http://megaindex.com/crawler)"
