66.249.64.127 - - [18/Jan/2016:23:16:53 -0800] "GET /lib/reccapi.php?fields=t&date=2015-12-22 HTTP/1.1" 200 1940 "http://whereshouldiski.com/" "Mozilla/5.0 (compatible; Googlebot/2.1; +http://www.google.com/bot.html)"
71.92.88.114 - - [18/Jan/2016:23:18:07 -0800] "GET /images/wsis-logo-sm.png HTTP/1.1" 200 6108 "http://thebackcountry.net/" "Mozilla/5.0 (iPad; CPU OS 9_2 like Mac OS X) AppleWebKit/601.1 (KHTML, like Gecko) CriOS/47.0.2526.107 Mobile/13C75 Safari/601.1.46"
94.23.27.166 - - [18/Jan/2016:23:19:17 -0800] "GET /robots.txt HTTP/1.0" 200 338 "-" ""
94.23.27.166 - - [18/Jan/2016:23:19:18 -0800] "GET / HTTP/1.1" 206 7023 "-" "Mozilla/5.0 (X11; Linux x86_64) AppleWebKit/534.30 (KHTML, like Gecko) Ubuntu/10.04 Chromium/12.0.742.112 Chrome/12.0.742.112 Safari/534.30"
94.23.27.166 - - [18/Jan/2016:23:19:20 -0800] "GET /about HTTP/1.1" 404 476 "-" "Mozilla/5.0 (X11; Linux x86_64) AppleWebKit/534.30 (KHTML, like Gecko) Ubuntu/10.04 Chromium/12.0.742.112 Chrome/12.0.742.112 Safari/534.30"
52.33.40.213 - - [18/Jan/2016:23:29:19 -0800] "GET /lib/reccapi.php?resort=hoodoo HTTP/1.1" 200 978 "-" "node-superagent/1.4.0"
47.208.182.72 - - [18/Jan/2016:23:30:58 -0800] "GET /images/wsis-logo-sm.png HTTP/1.1" 200 6108 "http://www.thebackcountry.net/" "Mozilla/5.0 (iPhone; CPU iPhone OS 9_2 like Mac OS X) AppleWebKit/601.1.46 (KHTML, like Gecko) Version/9.0 Mobile/13C75 Safari/601.1"
180.76.15.141 - - [18/Jan/2016:23:33:16 -0800] "GET / HTTP/1.1" 200 6995 "-" "Mozilla/5.0 (compatible; Baiduspider/2.0; +http://www.baidu.com/search/spider.html)"
180.76.15.23 - - [18/Jan/2016:23:34:12 -0800] "GET / HTTP/1.1" 200 6995 "-" "Mozilla/5.0 (compatible; Baiduspider/2.0; +http://www.baidu.com/search/spider.html)"
52.33.40.213 - - [18/Jan/2016:23:47:00 -0800] "GET /lib/reccapi.php?resort=brianhead HTTP/1.1" 200 1060 "-" "node-superagent/1.4.0"
52.33.40.213 - - [18/Jan/2016:23:47:00 -0800] "GET /lib/reccapi.php?resort=bigwhite HTTP/1.1" 200 927 "-" "node-superagent/1.4.0"
52.33.40.213 - - [18/Jan/2016:23:47:00 -0800] "GET /lib/reccapi.php?resort=buttermilk HTTP/1.1" 200 992 "-" "node-superagent/1.4.0"
52.33.40.213 - - [18/Jan/2016:23:47:00 -0800] "GET /lib/reccapi.php?resort=aspenmountain HTTP/1.1" 200 973 "-" "node-superagent/1.4.0"
52.33.40.213 - - [18/Jan/2016:23:47:00 -0800] "GET /lib/reccapi.php?resort=chinapeak HTTP/1.1" 200 1027 "-" "node-superagent/1.4.0"
52.33.40.213 - - [18/Jan/2016:23:48:00 -0800] "GET /lib/reccapi.php?resort=heavenly HTTP/1.1" 200 1049 "-" "node-superagent/1.4.0"
52.33.40.213 - - [18/Jan/2016:23:48:00 -0800] "GET /lib/reccapi.php?resort=devilshead HTTP/1.1" 200 942 "-" "node-superagent/1.4.0"
52.33.40.213 - - [18/Jan/2016:23:48:00 -0800] "GET /lib/reccapi.php?resort=crestedbutte HTTP/1.1" 200 1010 "-" "node-superagent/1.4.0"
52.33.40.213 - - [18/Jan/2016:23:48:00 -0800] "GET /lib/reccapi.php?resort=grandtarghee HTTP/1.1" 200 1061 "-" "node-superagent/1.4.0"
52.33.40.213 - - [18/Jan/2016:23:48:00 -0800] "GET /lib/reccapi.php?resort=jacksonhole HTTP/1.1" 200 1068 "-" "node-superagent/1.4.0"
52.33.40.213 - - [18/Jan/2016:23:48:00 -0800] "GET /lib/reccapi.php?resort=jaypeak HTTP/1.1" 200 1042 "-" "node-superagent/1.4.0"
52.33.40.213 - - [18/Jan/2016:23:48:00 -0800] "GET /lib/reccapi.php?resort=homewoodmountain HTTP/1.1" 200 1033 "-" "node-superagent/1.4.0"
52.33.40.213 - - [18/Jan/2016:23:48:00 -0800] "GET /lib/reccapi.php?resort=killington HTTP/1.1" 200 1067 "-" "node-superagent/1.4.0"
52.33.40.213 - - [18/Jan/2016:23:48:00 -0800] "GET /lib/reccapi.php?resort=keystone HTTP/1.1" 200 1026 "-" "node-superagent/1.4.0"
52.33.40.213 - - [18/Jan/2016:23:48:00 -0800] "GET /lib/reccapi.php?resort=diamondpeak HTTP/1.1" 200 1025 "-" "node-superagent/1.4.0"
52.33.40.213 - - [18/Jan/2016:23:48:00 -0800] "GET /lib/reccapi.php?resort=madriverglen HTTP/1.1" 200 1025 "-" "node-superagent/1.4.0"
52.33.40.213 - - [18/Jan/2016:23:48:00 -0800] "GET /lib/reccapi.php?resort=kirkwood HTTP/1.1" 200 1054 "-" "node-superagent/1.4.0"
52.33.40.213 - - [18/Jan/2016:23:49:00 -0800] "GET /lib/reccapi.php?resort=snowmass HTTP/1.1" 200 990 "-" "node-superagent/1.4.0"
52.33.40.213 - - [18/Jan/2016:23:49:00 -0800] "GET /lib/reccapi.php?resort=sugarbowl HTTP/1.1" 200 1005 "-" "node-superagent/1.4.0"
52.33.40.213 - - [18/Jan/2016:23:49:00 -0800] "GET /lib/reccapi.php?resort=mtrose HTTP/1.1" 200 1059 "-" "node-superagent/1.4.0"
52.33.40.213 - - [18/Jan/2016:23:49:00 -0800] "GET /lib/reccapi.php?resort=monarch HTTP/1.1" 200 959 "-" "node-superagent/1.4.0"
52.33.40.213 - - [18/Jan/2016:23:49:00 -0800] "GET /lib/reccapi.php?resort=steamboat HTTP/1.1" 200 999 "-" "node-superagent/1.4.0"
52.33.40.213 - - [18/Jan/2016:23:49:00 -0800] "GET /lib/reccapi.php?resort=solitude HTTP/1.1" 200 1038 "-" "node-superagent/1.4.0"
52.33.40.213 - - [18/Jan/2016:23:49:00 -0800] "GET /lib/reccapi.php?resort=sugarbush HTTP/1.1" 200 1027 "-" "node-superagent/1.4.0"
52.33.40.213 - - [18/Jan/2016:23:49:00 -0800] "GET /lib/reccapi.php?resort=sunpeaksresort HTTP/1.1" 200 924 "-" "node-superagent/1.4.0"
52.33.40.213 - - [18/Jan/2016:23:49:00 -0800] "GET /lib/reccapi.php?resort=sundayriver HTTP/1.1" 200 1049 "-" "node-superagent/1.4.0"
52.33.40.213 - - [18/Jan/2016:23:49:00 -0800] "GET /lib/reccapi.php?resort=sugarloaf HTTP/1.1" 200 1047 "-" "node-superagent/1.4.0"
52.33.40.213 - - [18/Jan/2016:23:49:00 -0800] "GET /lib/reccapi.php?resort=stowe HTTP/1.1" 200 1012 "-" "node-superagent/1.4.0"
52.33.40.213 - - [18/Jan/2016:23:50:00 -0800] "GET /lib/reccapi.php?resort=mountainhigh HTTP/1.1" 200 1014 "-" "node-superagent/1.4.0"
52.33.40.213 - - [18/Jan/2016:23:50:00 -0800] "GET /lib/reccapi.php?resort=loveland HTTP/1.1" 200 1021 "-" "node-superagent/1.4.0"
52.33.40.213 - - [18/Jan/2016:23:50:00 -0800] "GET /lib/reccapi.php?resort=northstar-at-tahoe HTTP/1.1" 200 1043 "-" "node-superagent/1.4.0"
52.33.40.213 - - [18/Jan/2016:23:50:00 -0800] "GET /lib/reccapi.php?resort=redmountain HTTP/1.1" 200 910 "-" "node-superagent/1.4.0"
52.33.40.213 - - [18/Jan/2016:23:50:00 -0800] "GET /lib/reccapi.php?resort=redlodge HTTP/1.1" 200 1133 "-" "node-superagent/1.4.0"
52.33.40.213 - - [18/Jan/2016:23:50:00 -0800] "GET /lib/reccapi.php?resort=mammothmountain HTTP/1.1" 200 1084 "-" "node-superagent/1.4.0"
52.33.40.213 - - [18/Jan/2016:23:50:00 -0800] "GET /lib/reccapi.php?resort=telluride HTTP/1.1" 200 984 "-" "node-superagent/1.4.0"
52.33.40.213 - - [18/Jan/2016:23:50:00 -0800] "GET /lib/reccapi.php?resort=sierra-at-tahoe HTTP/1.1" 200 1039 "-" "node-superagent/1.4.0"
52.33.40.213 - - [18/Jan/2016:23:50:00 -0800] "GET /lib/reccapi.php?resort=whitefacemountain HTTP/1.1" 200 1079 "-" "node-superagent/1.4.0"
52.33.40.213 - - [18/Jan/2016:23:50:00 -0800] "GET /lib/reccapi.php?resort=whistlerblackcomb HTTP/1.1" 200 933 "-" "node-superagent/1.4.0"
52.33.40.213 - - [18/Jan/2016:23:50:00 -0800] "GET /lib/reccapi.php?resort=winterpark HTTP/1.1" 200 994 "-" "node-superagent/1.4.0"
52.33.40.213 - - [18/Jan/2016:23:50:00 -0800] "GET /lib/reccapi.php?resort=wildcatmountain HTTP/1.1" 200 1038 "-" "node-superagent/1.4.0"
85.93.91.84 - - [18/Jan/2016:23:50:07 -0800] "GET /robots.txt HTTP/1.0" 200 338 "-" "Mozilla/5.0 (compatible; DeuSu/5.0.2; +https://deusu.de/robot.html)"
85.93.91.84 - - [18/Jan/2016:23:50:08 -0800] "GET / HTTP/1.0" 200 6995 "-" "Mozilla/5.0 (compatible; DeuSu/5.0.2; +https://deusu.de/robot.html)"
52.33.40.213 - - [18/Jan/2016:23:51:00 -0800] "GET /lib/reccapi.php?resort=smugglersnotch HTTP/1.1" 200 1047 "-" "node-superagent/1.4.0"
52.33.40.213 - - [18/Jan/2016:23:51:00 -0800] "GET /lib/reccapi.php?resort=snowbasin HTTP/1.1" 200 1020 "-" "node-superagent/1.4.0"
52.33.40.213 - - [18/Jan/2016:23:51:00 -0800] "GET /lib/reccapi.php?resort=silverstarmountain HTTP/1.1" 200 933 "-" "node-superagent/1.4.0"
52.33.40.213 - - [18/Jan/2016:23:51:00 -0800] "GET /lib/reccapi.php?resort=snowbird HTTP/1.1" 200 1043 "-" "node-superagent/1.4.0"
52.33.40.213 - - [19/Jan/2016:00:09:11 -0800] "GET /lib/reccapi.php?resort=coppermountain HTTP/1.1" 200 990 "-" "node-superagent/1.4.0"
52.33.40.213 - - [19/Jan/2016:00:09:41 -0800] "GET /lib/reccapi.php?resort=deervalley HTTP/1.1" 200 1001 "-" "node-superagent/1.4.0"
170.75.162.130 - - [19/Jan/2016:00:18:56 -0800] "GET /lib/reccapi.php?resort=squawvalleyusa HTTP/1.1" 200 978 "-" "node-superagent/1.4.0"
170.75.162.130 - - [19/Jan/2016:00:24:47 -0800] "GET /lib/reccapi.php?resort=mtrose HTTP/1.1" 200 982 "-" "node-superagent/1.4.0"
180.76.15.163 - - [19/Jan/2016:00:32:20 -0800] "GET / HTTP/1.1" 200 6995 "-" "Mozilla/5.0 (compatible; Baiduspider/2.0; +http://www.baidu.com/search/spider.html)"
180.76.15.25 - - [19/Jan/2016:00:33:11 -0800] "GET / HTTP/1.1" 200 6995 "-" "Mozilla/5.0 (compatible; Baiduspider/2.0; +http://www.baidu.com/search/spider.html)"
176.31.117.82 - - [19/Jan/2016:00:46:12 -0800] "GET / HTTP/1.1" 200 6995 "-" "Mozilla/5.0 (Windows NT 5.1) AppleWebKit/537.36 (KHTML, like Gecko) Chrome/46.0.2490.86 Safari/537.36"
38.84.70.114 - - [19/Jan/2016:00:51:21 -0800] "GET / HTTP/1.1" 200 6995 "-" "Mozilla/5.0 (Windows NT 5.1) AppleWebKit/537.36 (KHTML, like Gecko) Chrome/46.0.2490.86 Safari/537.36"
178.254.0.189 - - [19/Jan/2016:00:51:26 -0800] "GET / HTTP/1.1" 200 6995 "-" "Mozilla/5.0 (Windows NT 5.1) AppleWebKit/537.36 (KHTML, like Gecko) Chrome/46.0.2490.86 Safari/537.36"
220.181.108.88 - - [19/Jan/2016:00:52:23 -0800] "-" 408 0 "-" "-"
92.53.96.101 - - [19/Jan/2016:00:52:36 -0800] "GET / HTTP/1.1" 200 6995 "-" "Mozilla/5.0 (Windows NT 5.1) AppleWebKit/537.36 (KHTML, like Gecko) Chrome/46.0.2490.86 Safari/537.36"
93.89.225.10 - - [19/Jan/2016:00:52:48 -0800] "GET / HTTP/1.1" 200 6995 "-" "Mozilla/5.0 (Windows NT 5.1) AppleWebKit/537.36 (KHTML, like Gecko) Chrome/46.0.2490.86 Safari/537.36"
40.77.167.27 - - [19/Jan/2016:01:01:09 -0800] "GET /robots.txt HTTP/1.1" 200 375 "-" "Mozilla/5.0 (compatible; bingbot/2.0; +http://www.bing.com/bingbot.htm)"
170.75.162.130 - - [19/Jan/2016:01:03:52 -0800] "GET /lib/reccapi.php?resort=telluride HTTP/1.1" 200 978 "-" "node-superagent/1.4.0"
170.75.162.130 - - [19/Jan/2016:01:07:53 -0800] "GET /lib/reccapi.php?resort=alta HTTP/1.1" 200 1008 "-" "node-superagent/1.4.0"
170.75.162.130 - - [19/Jan/2016:01:07:53 -0800] "GET /lib/reccapi.php?resort=arapahoebasin HTTP/1.1" 200 989 "-" "node-superagent/1.4.0"
170.75.162.130 - - [19/Jan/2016:01:07:53 -0800] "GET /lib/reccapi.php?resort=alpinemeadows HTTP/1.1" 200 1024 "-" "node-superagent/1.4.0"
170.75.162.130 - - [19/Jan/2016:01:07:53 -0800] "GET /lib/reccapi.php?resort=alyeska HTTP/1.1" 200 1016 "-" "node-superagent/1.4.0"
170.75.162.130 - - [19/Jan/2016:01:07:53 -0800] "GET /lib/reccapi.php?resort=aspenheights HTTP/1.1" 200 998 "-" "node-superagent/1.4.0"
170.75.162.130 - - [19/Jan/2016:01:07:53 -0800] "GET /lib/reccapi.php?resort=buttermilk HTTP/1.1" 200 964 "-" "node-superagent/1.4.0"
170.75.162.130 - - [19/Jan/2016:01:07:53 -0800] "GET /lib/reccapi.php?resort=aspenmountain HTTP/1.1" 200 982 "-" "node-superagent/1.4.0"
170.75.162.130 - - [19/Jan/2016:01:07:53 -0800] "GET /lib/reccapi.php?resort=bigwhite HTTP/1.1" 200 925 "-" "node-superagent/1.4.0"
170.75.162.130 - - [19/Jan/2016:01:07:53 -0800] "GET /lib/reccapi.php?resort=angelfire HTTP/1.1" 200 985 "-" "node-superagent/1.4.0"
170.75.162.130 - - [19/Jan/2016:01:07:54 -0800] "GET /lib/reccapi.php?resort=cannonmountain HTTP/1.1" 200 960 "-" "node-superagent/1.4.0"
170.75.162.130 - - [19/Jan/2016:01:07:54 -0800] "GET /lib/reccapi.php?resort=brianhead HTTP/1.1" 200 979 "-" "node-superagent/1.4.0"
170.75.162.130 - - [19/Jan/2016:01:07:54 -0800] "GET /lib/reccapi.php?resort=brighton HTTP/1.1" 200 1012 "-" "node-superagent/1.4.0"
127.0.0.1 - - [19/Jan/2016:01:07:55 -0800] "OPTIONS * HTTP/1.0" 200 126 "-" "Apache/2.2.22 (Ubuntu) (internal dummy connection)"
170.75.162.130 - - [19/Jan/2016:01:08:28 -0800] "GET /lib/reccapi.php?resort=deervalley HTTP/1.1" 200 1001 "-" "node-superagent/1.4.0"
170.75.162.130 - - [19/Jan/2016:01:08:28 -0800] "GET /lib/reccapi.php?resort=diamondpeak HTTP/1.1" 200 993 "-" "node-superagent/1.4.0"
170.75.162.130 - - [19/Jan/2016:01:08:28 -0800] "GET /lib/reccapi.php?resort=devilshead HTTP/1.1" 200 965 "-" "node-superagent/1.4.0"
170.75.162.130 - - [19/Jan/2016:01:08:28 -0800] "GET /lib/reccapi.php?resort=crestedbutte HTTP/1.1" 200 999 "-" "node-superagent/1.4.0"
170.75.162.130 - - [19/Jan/2016:01:08:28 -0800] "GET /lib/reccapi.php?resort=keystone HTTP/1.1" 200 974 "-" "node-superagent/1.4.0"
170.75.162.130 - - [19/Jan/2016:01:08:28 -0800] "GET /lib/reccapi.php?resort=grandtarghee HTTP/1.1" 200 1042 "-" "node-superagent/1.4.0"
170.75.162.130 - - [19/Jan/2016:01:08:28 -0800] "GET /lib/reccapi.php?resort=heavenly HTTP/1.1" 200 1029 "-" "node-superagent/1.4.0"
170.75.162.130 - - [19/Jan/2016:01:08:32 -0800] "GET /lib/reccapi.php?resort=killington HTTP/1.1" 200 967 "-" "node-superagent/1.4.0"
170.75.162.130 - - [19/Jan/2016:01:08:37 -0800] "GET /lib/reccapi.php?resort=kirkwood HTTP/1.1" 200 1031 "-" "node-superagent/1.4.0"
170.75.162.130 - - [19/Jan/2016:01:08:42 -0800] "GET /lib/reccapi.php?resort=winterpark HTTP/1.1" 200 976 "-" "node-superagent/1.4.0"
170.75.162.130 - - [19/Jan/2016:01:08:47 -0800] "GET /lib/reccapi.php?resort=mountainhigh HTTP/1.1" 200 1014 "-" "node-superagent/1.4.0"
170.75.162.130 - - [19/Jan/2016:01:08:52 -0800] "GET /lib/reccapi.php?resort=redlodge HTTP/1.1" 200 1039 "-" "node-superagent/1.4.0"
170.75.162.130 - - [19/Jan/2016:01:08:57 -0800] "GET /lib/reccapi.php?resort=redmountain HTTP/1.1" 200 911 "-" "node-superagent/1.4.0"
170.75.162.130 - - [19/Jan/2016:01:09:02 -0800] "GET /lib/reccapi.php?resort=smugglersnotch HTTP/1.1" 200 1000 "-" "node-superagent/1.4.0"
170.75.162.130 - - [19/Jan/2016:01:09:07 -0800] "GET /lib/reccapi.php?resort=snowbasin HTTP/1.1" 200 1012 "-" "node-superagent/1.4.0"
170.75.162.130 - - [19/Jan/2016:01:09:12 -0800] "GET /lib/reccapi.php?resort=snowbird HTTP/1.1" 200 1014 "-" "node-superagent/1.4.0"
170.75.162.130 - - [19/Jan/2016:01:09:17 -0800] "GET /lib/reccapi.php?resort=northstar-at-tahoe HTTP/1.1" 200 1012 "-" "node-superagent/1.4.0"
170.75.162.130 - - [19/Jan/2016:01:09:22 -0800] "GET /lib/reccapi.php?resort=sugarloaf HTTP/1.1" 200 957 "-" "node-superagent/1.4.0"
170.75.162.130 - - [19/Jan/2016:01:09:27 -0800] "GET /lib/reccapi.php?resort=sunpeaksresort HTTP/1.1" 200 921 "-" "node-superagent/1.4.0"
170.75.162.130 - - [19/Jan/2016:01:09:32 -0800] "GET /lib/reccapi.php?resort=sundayriver HTTP/1.1" 200 944 "-" "node-superagent/1.4.0"
170.75.162.130 - - [19/Jan/2016:01:09:37 -0800] "GET /lib/reccapi.php?resort=taos HTTP/1.1" 200 948 "-" "node-superagent/1.4.0"
170.75.162.130 - - [19/Jan/2016:01:09:42 -0800] "GET /lib/reccapi.php?resort=telluride HTTP/1.1" 200 978 "-" "node-superagent/1.4.0"
170.75.162.130 - - [19/Jan/2016:01:09:47 -0800] "GET /lib/reccapi.php?resort=sugarbowl HTTP/1.1" 200 952 "-" "node-superagent/1.4.0"
170.75.162.130 - - [19/Jan/2016:01:09:52 -0800] "GET /lib/reccapi.php?resort=sugarbush HTTP/1.1" 200 992 "-" "node-superagent/1.4.0"
170.75.162.130 - - [19/Jan/2016:01:09:57 -0800] "GET /lib/reccapi.php?resort=whistlerblackcomb HTTP/1.1" 200 936 "-" "node-superagent/1.4.0"
170.75.162.130 - - [19/Jan/2016:01:10:02 -0800] "GET /lib/reccapi.php?resort=whitefacemountain HTTP/1.1" 200 1061 "-" "node-superagent/1.4.0"
170.75.162.130 - - [19/Jan/2016:01:10:07 -0800] "GET /lib/reccapi.php?resort=wildcatmountain HTTP/1.1" 200 963 "-" "node-superagent/1.4.0"
170.75.162.130 - - [19/Jan/2016:01:10:12 -0800] "GET /lib/reccapi.php?resort=parkcity HTTP/1.1" 200 992 "-" "node-superagent/1.4.0"
170.75.162.130 - - [19/Jan/2016:01:10:17 -0800] "GET /lib/reccapi.php?resort=sierra-at-tahoe HTTP/1.1" 200 1016 "-" "node-superagent/1.4.0"
170.75.162.130 - - [19/Jan/2016:01:10:22 -0800] "GET /lib/reccapi.php?resort=snowmass HTTP/1.1" 200 971 "-" "node-superagent/1.4.0"
170.75.162.130 - - [19/Jan/2016:01:10:27 -0800] "GET /lib/reccapi.php?resort=coppermountain HTTP/1.1" 200 990 "-" "node-superagent/1.4.0"
170.75.162.130 - - [19/Jan/2016:01:10:32 -0800] "GET /lib/reccapi.php?resort=solitude HTTP/1.1" 200 1012 "-" "node-superagent/1.4.0"
170.75.162.130 - - [19/Jan/2016:01:10:37 -0800] "GET /lib/reccapi.php?resort=squawvalleyusa HTTP/1.1" 200 978 "-" "node-superagent/1.4.0"
170.75.162.130 - - [19/Jan/2016:01:10:42 -0800] "GET /lib/reccapi.php?resort=steamboat HTTP/1.1" 200 987 "-" "node-superagent/1.4.0"
170.75.162.130 - - [19/Jan/2016:01:10:47 -0800] "GET /lib/reccapi.php?resort=stowe HTTP/1.1" 200 983 "-" "node-superagent/1.4.0"
170.75.162.130 - - [19/Jan/2016:01:10:52 -0800] "GET /lib/reccapi.php?resort=homewoodmountain HTTP/1.1" 200 976 "-" "node-superagent/1.4.0"
170.75.162.130 - - [19/Jan/2016:01:10:57 -0800] "GET /lib/reccapi.php?resort=jacksonhole HTTP/1.1" 200 1046 "-" "node-superagent/1.4.0"
170.75.162.130 - - [19/Jan/2016:01:11:02 -0800] "GET /lib/reccapi.php?resort=jaypeak HTTP/1.1" 200 1031 "-" "node-superagent/1.4.0"
170.75.162.130 - - [19/Jan/2016:01:11:07 -0800] "GET /lib/reccapi.php?resort=mtrose HTTP/1.1" 200 982 "-" "node-superagent/1.4.0"
170.75.162.130 - - [19/Jan/2016:01:11:12 -0800] "GET /lib/reccapi.php?resort=loveland HTTP/1.1" 200 984 "-" "node-superagent/1.4.0"
170.75.162.130 - - [19/Jan/2016:01:11:17 -0800] "GET /lib/reccapi.php?resort=madriverglen HTTP/1.1" 200 986 "-" "node-superagent/1.4.0"
170.75.162.130 - - [19/Jan/2016:01:11:22 -0800] "GET /lib/reccapi.php?resort=mammothmountain HTTP/1.1" 200 1037 "-" "node-superagent/1.4.0"
170.75.162.130 - - [19/Jan/2016:01:11:27 -0800] "GET /lib/reccapi.php?resort=chinapeak HTTP/1.1" 200 1090 "-" "node-superagent/1.4.0"
170.75.162.130 - - [19/Jan/2016:01:11:32 -0800] "GET /lib/reccapi.php?resort=monarch HTTP/1.1" 200 957 "-" "node-superagent/1.4.0"
170.75.162.130 - - [19/Jan/2016:01:11:37 -0800] "GET /lib/reccapi.php?resort=silverstarmountain HTTP/1.1" 200 934 "-" "node-superagent/1.4.0"
66.249.64.2 - - [19/Jan/2016:01:16:53 -0800] "GET / HTTP/1.1" 200 2615 "-" "DoCoMo/2.0 N905i(c100;TB;W24H16) (compatible; Googlebot-Mobile/2.1; +http://www.google.com/bot.html)"
173.8.165.46 - - [19/Jan/2016:01:17:45 -0800] "GET /images/wsis-logo-sm.png HTTP/1.1" 304 187 "-" "Mozilla/5.0 (Linux; Android 5.1.1; SM-G920P Build/LMY47X) AppleWebKit/537.36 (KHTML, like Gecko) Chrome/49.0.2619.0 Mobile Safari/537.36"
47.208.175.109 - - [19/Jan/2016:01:22:18 -0800] "GET /images/wsis-logo-sm.png HTTP/1.1" 200 6108 "http://www.thebackcountry.net/" "Mozilla/5.0 (iPhone; CPU iPhone OS 9_2 like Mac OS X) AppleWebKit/601.1.46 (KHTML, like Gecko) Version/9.0 Mobile/13C75 Safari/601.1"
66.249.64.16 - - [19/Jan/2016:01:32:27 -0800] "GET /robots.txt HTTP/1.1" 200 419 "-" "Mozilla/5.0 (compatible; Googlebot/2.1; +http://www.google.com/bot.html)"
66.249.64.16 - - [19/Jan/2016:01:32:27 -0800] "GET / HTTP/1.1" 200 2614 "-" "Mozilla/5.0 (iPhone; CPU iPhone OS 8_3 like Mac OS X) AppleWebKit/600.1.4 (KHTML, like Gecko) Version/8.0 Mobile/12F70 Safari/600.1.4 (compatible; Googlebot/2.1; +http://www.google.com/bot.html)"
180.76.15.11 - - [19/Jan/2016:01:33:15 -0800] "GET / HTTP/1.1" 200 6995 "-" "Mozilla/5.0 (compatible; Baiduspider/2.0; +http://www.baidu.com/search/spider.html)"
180.76.15.33 - - [19/Jan/2016:01:34:08 -0800] "GET / HTTP/1.1" 200 6995 "-" "Mozilla/5.0 (compatible; Baiduspider/2.0; +http://www.baidu.com/search/spider.html)"
170.75.162.130 - - [19/Jan/2016:01:55:28 -0800] "GET /lib/reccapi.php?resort=crystalmountain HTTP/1.1" 200 1026 "-" "node-superagent/1.4.0"
220.181.108.88 - - [19/Jan/2016:01:57:38 -0800] "GET / HTTP/1.1" 200 2578 "-" "Mozilla/5.0 (compatible; Baiduspider/2.0; +http://www.baidu.com/search/spider.html)"
66.249.64.2 - - [19/Jan/2016:02:01:19 -0800] "GET /lib/resortDataSearchD3.php?size=7&sortDate=T&resort=wildcatmountain&dateStart=2015-12-27 HTTP/1.1" 200 876 "http://whereshouldiski.com/" "Mozilla/5.0 (compatible; Googlebot/2.1; +http://www.google.com/bot.html)"
80.82.64.68 - - [19/Jan/2016:02:22:51 -0800] "GET /bismil.png HTTP/1.0" 404 493 "-" "-"
52.33.40.213 - - [19/Jan/2016:02:25:37 -0800] "GET /lib/reccapi.php?resort=brighton HTTP/1.1" 200 1012 "-" "node-superagent/1.4.0"
170.75.162.130 - - [19/Jan/2016:02:29:43 -0800] "GET /lib/reccapi.php?resort=bigwhite HTTP/1.1" 200 925 "-" "node-superagent/1.4.0"
170.75.162.130 - - [19/Jan/2016:02:29:43 -0800] "GET /lib/reccapi.php?resort=aspenmountain HTTP/1.1" 200 982 "-" "node-superagent/1.4.0"
170.75.162.130 - - [19/Jan/2016:02:29:43 -0800] "GET /lib/reccapi.php?resort=alta HTTP/1.1" 200 1008 "-" "node-superagent/1.4.0"
170.75.162.130 - - [19/Jan/2016:02:29:43 -0800] "GET /lib/reccapi.php?resort=alpinemeadows HTTP/1.1" 200 1024 "-" "node-superagent/1.4.0"
170.75.162.130 - - [19/Jan/2016:02:29:43 -0800] "GET /lib/reccapi.php?resort=aspenheights HTTP/1.1" 200 998 "-" "node-superagent/1.4.0"
170.75.162.130 - - [19/Jan/2016:02:29:43 -0800] "GET /lib/reccapi.php?resort=angelfire HTTP/1.1" 200 985 "-" "node-superagent/1.4.0"
170.75.162.130 - - [19/Jan/2016:02:29:43 -0800] "GET /lib/reccapi.php?resort=alyeska HTTP/1.1" 200 1016 "-" "node-superagent/1.4.0"
170.75.162.130 - - [19/Jan/2016:02:29:43 -0800] "GET /lib/reccapi.php?resort=arapahoebasin HTTP/1.1" 200 989 "-" "node-superagent/1.4.0"
170.75.162.130 - - [19/Jan/2016:02:29:43 -0800] "GET /lib/reccapi.php?resort=brianhead HTTP/1.1" 200 979 "-" "node-superagent/1.4.0"
170.75.162.130 - - [19/Jan/2016:02:29:43 -0800] "GET /lib/reccapi.php?resort=brighton HTTP/1.1" 200 1012 "-" "node-superagent/1.4.0"
170.75.162.130 - - [19/Jan/2016:02:29:43 -0800] "GET /lib/reccapi.php?resort=buttermilk HTTP/1.1" 200 964 "-" "node-superagent/1.4.0"
170.75.162.130 - - [19/Jan/2016:02:29:43 -0800] "GET /lib/reccapi.php?resort=cannonmountain HTTP/1.1" 200 960 "-" "node-superagent/1.4.0"
170.75.162.130 - - [19/Jan/2016:02:30:24 -0800] "GET /lib/reccapi.php?resort=coppermountain HTTP/1.1" 200 990 "-" "node-superagent/1.4.0"
170.75.162.130 - - [19/Jan/2016:02:30:24 -0800] "GET /lib/reccapi.php?resort=crestedbutte HTTP/1.1" 200 999 "-" "node-superagent/1.4.0"
170.75.162.130 - - [19/Jan/2016:02:30:24 -0800] "GET /lib/reccapi.php?resort=deervalley HTTP/1.1" 200 1001 "-" "node-superagent/1.4.0"
170.75.162.130 - - [19/Jan/2016:02:30:24 -0800] "GET /lib/reccapi.php?resort=crystalmountain HTTP/1.1" 200 1026 "-" "node-superagent/1.4.0"
170.75.162.130 - - [19/Jan/2016:02:30:24 -0800] "GET /lib/reccapi.php?resort=devilshead HTTP/1.1" 200 965 "-" "node-superagent/1.4.0"
170.75.162.130 - - [19/Jan/2016:02:30:24 -0800] "GET /lib/reccapi.php?resort=diamondpeak HTTP/1.1" 200 993 "-" "node-superagent/1.4.0"
170.75.162.130 - - [19/Jan/2016:02:30:24 -0800] "GET /lib/reccapi.php?resort=jacksonhole HTTP/1.1" 200 1046 "-" "node-superagent/1.4.0"
170.75.162.130 - - [19/Jan/2016:02:30:24 -0800] "GET /lib/reccapi.php?resort=grandtarghee HTTP/1.1" 200 1042 "-" "node-superagent/1.4.0"
170.75.162.130 - - [19/Jan/2016:02:30:28 -0800] "GET /lib/reccapi.php?resort=kirkwood HTTP/1.1" 200 1031 "-" "node-superagent/1.4.0"
170.75.162.130 - - [19/Jan/2016:02:30:33 -0800] "GET /lib/reccapi.php?resort=killington HTTP/1.1" 200 967 "-" "node-superagent/1.4.0"
170.75.162.130 - - [19/Jan/2016:02:30:38 -0800] "GET /lib/reccapi.php?resort=monarch HTTP/1.1" 200 957 "-" "node-superagent/1.4.0"
170.75.162.130 - - [19/Jan/2016:02:30:43 -0800] "GET /lib/reccapi.php?resort=redmountain HTTP/1.1" 200 911 "-" "node-superagent/1.4.0"
170.75.162.130 - - [19/Jan/2016:02:30:48 -0800] "GET /lib/reccapi.php?resort=sugarbowl HTTP/1.1" 200 952 "-" "node-superagent/1.4.0"
170.75.162.130 - - [19/Jan/2016:02:30:53 -0800] "GET /lib/reccapi.php?resort=sierra-at-tahoe HTTP/1.1" 200 1016 "-" "node-superagent/1.4.0"
170.75.162.130 - - [19/Jan/2016:02:30:58 -0800] "GET /lib/reccapi.php?resort=whitefacemountain HTTP/1.1" 200 1061 "-" "node-superagent/1.4.0"
170.75.162.130 - - [19/Jan/2016:02:31:03 -0800] "GET /lib/reccapi.php?resort=wildcatmountain HTTP/1.1" 200 963 "-" "node-superagent/1.4.0"
170.75.162.130 - - [19/Jan/2016:02:31:08 -0800] "GET /lib/reccapi.php?resort=winterpark HTTP/1.1" 200 976 "-" "node-superagent/1.4.0"
170.75.162.130 - - [19/Jan/2016:02:31:13 -0800] "GET /lib/reccapi.php?resort=chinapeak HTTP/1.1" 200 1090 "-" "node-superagent/1.4.0"
170.75.162.130 - - [19/Jan/2016:02:31:18 -0800] "GET /lib/reccapi.php?resort=heavenly HTTP/1.1" 200 1029 "-" "node-superagent/1.4.0"
170.75.162.130 - - [19/Jan/2016:02:31:23 -0800] "GET /lib/reccapi.php?resort=silverstarmountain HTTP/1.1" 200 934 "-" "node-superagent/1.4.0"
170.75.162.130 - - [19/Jan/2016:02:31:28 -0800] "GET /lib/reccapi.php?resort=keystone HTTP/1.1" 200 974 "-" "node-superagent/1.4.0"
170.75.162.130 - - [19/Jan/2016:02:31:33 -0800] "GET /lib/reccapi.php?resort=solitude HTTP/1.1" 200 1012 "-" "node-superagent/1.4.0"
170.75.162.130 - - [19/Jan/2016:02:31:38 -0800] "GET /lib/reccapi.php?resort=squawvalleyusa HTTP/1.1" 200 978 "-" "node-superagent/1.4.0"
170.75.162.130 - - [19/Jan/2016:02:31:43 -0800] "GET /lib/reccapi.php?resort=steamboat HTTP/1.1" 200 987 "-" "node-superagent/1.4.0"
170.75.162.130 - - [19/Jan/2016:02:31:48 -0800] "GET /lib/reccapi.php?resort=mtrose HTTP/1.1" 200 982 "-" "node-superagent/1.4.0"
170.75.162.130 - - [19/Jan/2016:02:31:53 -0800] "GET /lib/reccapi.php?resort=northstar-at-tahoe HTTP/1.1" 200 1012 "-" "node-superagent/1.4.0"
170.75.162.130 - - [19/Jan/2016:02:31:58 -0800] "GET /lib/reccapi.php?resort=parkcity HTTP/1.1" 200 992 "-" "node-superagent/1.4.0"
170.75.162.130 - - [19/Jan/2016:02:32:03 -0800] "GET /lib/reccapi.php?resort=snowbasin HTTP/1.1" 200 1012 "-" "node-superagent/1.4.0"
170.75.162.130 - - [19/Jan/2016:02:32:08 -0800] "GET /lib/reccapi.php?resort=snowbird HTTP/1.1" 200 1014 "-" "node-superagent/1.4.0"
170.75.162.130 - - [19/Jan/2016:02:32:13 -0800] "GET /lib/reccapi.php?resort=snowmass HTTP/1.1" 200 971 "-" "node-superagent/1.4.0"
170.75.162.130 - - [19/Jan/2016:02:32:18 -0800] "GET /lib/reccapi.php?resort=sugarbush HTTP/1.1" 200 992 "-" "node-superagent/1.4.0"
180.76.15.31 - - [19/Jan/2016:02:32:22 -0800] "GET / HTTP/1.1" 200 6995 "-" "Mozilla/5.0 (compatible; Baiduspider/2.0; +http://www.baidu.com/search/spider.html)"
170.75.162.130 - - [19/Jan/2016:02:32:23 -0800] "GET /lib/reccapi.php?resort=sunpeaksresort HTTP/1.1" 200 921 "-" "node-superagent/1.4.0"
170.75.162.130 - - [19/Jan/2016:02:32:28 -0800] "GET /lib/reccapi.php?resort=sundayriver HTTP/1.1" 200 944 "-" "node-superagent/1.4.0"
170.75.162.130 - - [19/Jan/2016:02:32:33 -0800] "GET /lib/reccapi.php?resort=taos HTTP/1.1" 200 948 "-" "node-superagent/1.4.0"
170.75.162.130 - - [19/Jan/2016:02:32:38 -0800] "GET /lib/reccapi.php?resort=telluride HTTP/1.1" 200 978 "-" "node-superagent/1.4.0"
170.75.162.130 - - [19/Jan/2016:02:32:43 -0800] "GET /lib/reccapi.php?resort=whistlerblackcomb HTTP/1.1" 200 936 "-" "node-superagent/1.4.0"
170.75.162.130 - - [19/Jan/2016:02:32:48 -0800] "GET /lib/reccapi.php?resort=homewoodmountain HTTP/1.1" 200 976 "-" "node-superagent/1.4.0"
170.75.162.130 - - [19/Jan/2016:02:32:53 -0800] "GET /lib/reccapi.php?resort=redlodge HTTP/1.1" 200 1039 "-" "node-superagent/1.4.0"
170.75.162.130 - - [19/Jan/2016:02:32:58 -0800] "GET /lib/reccapi.php?resort=stowe HTTP/1.1" 200 983 "-" "node-superagent/1.4.0"
170.75.162.130 - - [19/Jan/2016:02:33:03 -0800] "GET /lib/reccapi.php?resort=jaypeak HTTP/1.1" 200 1031 "-" "node-superagent/1.4.0"
170.75.162.130 - - [19/Jan/2016:02:33:08 -0800] "GET /lib/reccapi.php?resort=madriverglen HTTP/1.1" 200 986 "-" "node-superagent/1.4.0"
170.75.162.130 - - [19/Jan/2016:02:33:13 -0800] "GET /lib/reccapi.php?resort=loveland HTTP/1.1" 200 984 "-" "node-superagent/1.4.0"
180.76.15.8 - - [19/Jan/2016:02:33:15 -0800] "GET / HTTP/1.1" 200 6995 "-" "Mozilla/5.0 (compatible; Baiduspider/2.0; +http://www.baidu.com/search/spider.html)"
170.75.162.130 - - [19/Jan/2016:02:33:18 -0800] "GET /lib/reccapi.php?resort=mammothmountain HTTP/1.1" 200 1037 "-" "node-superagent/1.4.0"
170.75.162.130 - - [19/Jan/2016:02:33:23 -0800] "GET /lib/reccapi.php?resort=mountainhigh HTTP/1.1" 200 1014 "-" "node-superagent/1.4.0"
170.75.162.130 - - [19/Jan/2016:02:33:28 -0800] "GET /lib/reccapi.php?resort=smugglersnotch HTTP/1.1" 200 1000 "-" "node-superagent/1.4.0"
170.75.162.130 - - [19/Jan/2016:02:33:33 -0800] "GET /lib/reccapi.php?resort=sugarloaf HTTP/1.1" 200 957 "-" "node-superagent/1.4.0"
24.91.230.183 - - [19/Jan/2016:02:34:34 -0800] "GET /images/wsis-logo-sm.png HTTP/1.1" 200 6108 "http://www.thebackcountry.net/" "Mozilla/5.0 (compatible; MSIE 10.0; Windows Phone 8.0; Trident/6.0; IEMobile/10.0; ARM; Touch; NOKIA; Lumia 635)"
107.77.75.26 - - [19/Jan/2016:02:36:21 -0800] "GET /images/wsis-logo-sm.png HTTP/1.1" 200 6108 "http://www.thebackcountry.net/" "Mozilla/5.0 (iPhone; CPU iPhone OS 9_2 like Mac OS X) AppleWebKit/601.1.46 (KHTML, like Gecko) Version/9.0 Mobile/13C75 Safari/601.1"
52.33.40.213 - - [19/Jan/2016:02:51:18 -0800] "GET /lib/reccapi.php?resort=mountbachelor HTTP/1.1" 200 1082 "-" "node-superagent/1.4.0"
52.33.40.213 - - [19/Jan/2016:02:51:18 -0800] "GET /lib/reccapi.php?resort=mounthoodmeadows HTTP/1.1" 200 1063 "-" "node-superagent/1.4.0"
52.33.40.213 - - [19/Jan/2016:02:51:18 -0800] "GET /lib/reccapi.php?resort=mountspokane HTTP/1.1" 200 1058 "-" "node-superagent/1.4.0"
52.33.40.213 - - [19/Jan/2016:02:52:18 -0800] "GET /lib/reccapi.php?resort=schweitzer HTTP/1.1" 200 1023 "-" "node-superagent/1.4.0"
52.33.40.213 - - [19/Jan/2016:02:52:28 -0800] "GET /lib/reccapi.php?resort=stevenspass HTTP/1.1" 200 1031 "-" "node-superagent/1.4.0"
52.33.40.213 - - [19/Jan/2016:02:53:38 -0800] "GET /lib/reccapi.php?resort=taos HTTP/1.1" 200 948 "-" "node-superagent/1.4.0"
52.33.40.213 - - [19/Jan/2016:02:53:38 -0800] "GET /lib/reccapi.php?resort=sunvalley HTTP/1.1" 200 1053 "-" "node-superagent/1.4.0"
207.46.13.146 - - [19/Jan/2016:03:08:00 -0800] "GET / HTTP/1.1" 200 2615 "-" "Mozilla/5.0 (compatible; bingbot/2.0; +http://www.bing.com/bingbot.htm)"
113.204.53.134 - - [19/Jan/2016:03:20:52 -0800] "GET /web-console/ServerInfo.jsp HTTP/1.1" 404 487 "54.245.232.47:80/web-console/ServerInfo.jsp" "Mozilla/4.0 (compatible; MSIE 9.0; Windows NT 6.1; 2Pac; .NET CLR 2.0.50727; .NET CLR 3.0.04506.648; .NET CLR 3.5.21022)"
113.204.53.134 - - [19/Jan/2016:03:20:55 -0800] "GET /jmx-console/HtmlAdaptor?action=inspectMBean&name=jboss.system:type=ServerInfo HTTP/1.1" 404 470 "http://54.245.232.47:80/jmx-console/HtmlAdaptor?action=inspectMBean&name=jboss.system:type=ServerInfo" "Mozilla/4.0 (compatible; MSIE 9.0; Windows NT 6.1; 2Pac; .NET CLR 2.0.50727; .NET CLR 3.0.04506.648; .NET CLR 3.5.21022)"
113.204.53.134 - - [19/Jan/2016:03:20:59 -0800] "GET /invoker/JMXInvokerServlet HTTP/1.1" 404 470 "54.245.232.47:80/invoker/JMXInvokerServlet" "Mozilla/4.0 (compatible; MSIE 9.0; Windows NT 6.1; 2Pac; .NET CLR 2.0.50727; .NET CLR 3.0.04506.648; .NET CLR 3.5.21022)"
180.76.15.151 - - [19/Jan/2016:03:34:33 -0800] "GET / HTTP/1.1" 200 6995 "-" "Mozilla/5.0 (compatible; Baiduspider/2.0; +http://www.baidu.com/search/spider.html)"
180.76.15.21 - - [19/Jan/2016:03:35:29 -0800] "GET / HTTP/1.1" 200 6995 "-" "Mozilla/5.0 (compatible; Baiduspider/2.0; +http://www.baidu.com/search/spider.html)"
123.125.71.60 - - [19/Jan/2016:03:45:12 -0800] "-" 408 0 "-" "-"
52.33.40.213 - - [19/Jan/2016:04:06:02 -0800] "GET /lib/reccapi.php?resort=alpinemeadows HTTP/1.1" 200 1024 "-" "node-superagent/1.4.0"
180.76.15.27 - - [19/Jan/2016:04:06:42 -0800] "GET /resorts?resort=bigsky HTTP/1.1" 404 469 "-" "Mozilla/5.0 (compatible; Baiduspider/2.0; +http://www.baidu.com/search/spider.html)"
52.33.40.213 - - [19/Jan/2016:04:07:02 -0800] "GET /lib/reccapi.php?resort=49degreesnorth HTTP/1.1" 200 1056 "-" "node-superagent/1.4.0"
52.33.40.213 - - [19/Jan/2016:04:07:12 -0800] "GET /lib/reccapi.php?resort=alyeska HTTP/1.1" 200 1016 "-" "node-superagent/1.4.0"
192.99.34.25 - - [19/Jan/2016:04:17:33 -0800] "GET /administrator/index.php HTTP/1.1" 404 495 "-" "Mozilla/5.0 (Windows NT 5.1) AppleWebKit/537.36 (KHTML, like Gecko) Chrome/46.0.2490.86 Safari/537.36"
202.109.143.18 - - [19/Jan/2016:04:19:17 -0800] "GET /manager/html HTTP/1.1" 404 470 "-" "Mozilla/3.0 (compatible; Indy Library)"
170.75.162.130 - - [19/Jan/2016:04:20:57 -0800] "GET /lib/reccapi.php?resort=schweitzer HTTP/1.1" 200 1023 "-" "node-superagent/1.4.0"
170.75.162.130 - - [19/Jan/2016:04:20:57 -0800] "GET /lib/reccapi.php?resort=sunvalley HTTP/1.1" 200 1053 "-" "node-superagent/1.4.0"
66.249.64.2 - - [19/Jan/2016:04:30:56 -0800] "GET /robots.txt HTTP/1.1" 200 419 "-" "Mozilla/5.0 (compatible; Googlebot/2.1; +http://www.google.com/bot.html)"
66.249.64.2 - - [19/Jan/2016:04:30:56 -0800] "GET /resorts?resort=grandtarghee&date=2014-03-07 HTTP/1.1" 404 505 "-" "Mozilla/5.0 (iPhone; CPU iPhone OS 8_3 like Mac OS X) AppleWebKit/600.1.4 (KHTML, like Gecko) Version/8.0 Mobile/12F70 Safari/600.1.4 (compatible; Googlebot/2.1; +http://www.google.com/bot.html)"
170.75.162.130 - - [19/Jan/2016:04:32:28 -0800] "GET /lib/reccapi.php?resort=49degreesnorth HTTP/1.1" 200 1056 "-" "node-superagent/1.4.0"
66.249.64.8 - - [19/Jan/2016:04:35:40 -0800] "GET /lib/reccapi.php?fields=t&date=2016-01-21 HTTP/1.1" 200 1908 "http://whereshouldiski.com/" "Mozilla/5.0 (compatible; Googlebot/2.1; +http://www.google.com/bot.html)"
180.76.15.27 - - [19/Jan/2016:04:37:11 -0800] "GET / HTTP/1.1" 200 6995 "-" "Mozilla/5.0 (compatible; Baiduspider/2.0; +http://www.baidu.com/search/spider.html)"
180.76.15.32 - - [19/Jan/2016:04:38:16 -0800] "GET / HTTP/1.1" 200 6995 "-" "Mozilla/5.0 (compatible; Baiduspider/2.0; +http://www.baidu.com/search/spider.html)"
220.181.108.144 - - [19/Jan/2016:04:49:53 -0800] "GET / HTTP/1.1" 200 2578 "-" "Mozilla/5.0 (Windows NT 5.1; rv:6.0.2) Gecko/20100101 Firefox/6.0.2"
220.181.108.141 - - [19/Jan/2016:04:49:53 -0800] "GET / HTTP/1.1" 200 6995 "-" "Mozilla/5.0 (Windows NT 5.1; rv:6.0.2) Gecko/20100101 Firefox/6.0.2"
203.162.15.233 - - [19/Jan/2016:05:02:38 -0800] "POST /cgi-bin/php?%2D%64+%61%6C%6C%6F%77%5F%75%72%6C%5F%69%6E%63%6C%75%64%65%3D%6F%6E+%2D%64+%73%61%66%65%5F%6D%6F%64%65%3D%6F%66%66+%2D%64+%73%75%68%6F%73%69%6E%2E%73%69%6D%75%6C%61%74%69%6F%6E%3D%6F%6E+%2D%64+%64%69%73%61%62%6C%65%5F%66%75%6E%63%74%69%6F%6E%73%3D%22%22+%2D%64+%6F%70%65%6E%5F%62%61%73%65%64%69%72%3D%6E%6F%6E%65+%2D%64+%61%75%74%6F%5F%70%72%65%70%65%6E%64%5F%66%69%6C%65%3D%70%68%70%3A%2F%2F%69%6E%70%75%74+%2D%64+%63%67%69%2E%66%6F%72%63%65%5F%72%65%64%69%72%65%63%74%3D%30+%2D%64+%63%67%69%2E%72%65%64%69%72%65%63%74%5F%73%74%61%74%75%73%5F%65%6E%76%3D%30+%2D%6E HTTP/1.1" 404 491 "-" "Mozilla/5.0 (iPad; CPU OS 6_0 like Mac OS X) AppleWebKit/536.26(KHTML, like Gecko) Version/6.0 Mobile/10A5355d Safari/8536.25"
203.162.15.233 - - [19/Jan/2016:05:02:39 -0800] "POST /cgi-bin/php5?%2D%64+%61%6C%6C%6F%77%5F%75%72%6C%5F%69%6E%63%6C%75%64%65%3D%6F%6E+%2D%64+%73%61%66%65%5F%6D%6F%64%65%3D%6F%66%66+%2D%64+%73%75%68%6F%73%69%6E%2E%73%69%6D%75%6C%61%74%69%6F%6E%3D%6F%6E+%2D%64+%64%69%73%61%62%6C%65%5F%66%75%6E%63%74%69%6F%6E%73%3D%22%22+%2D%64+%6F%70%65%6E%5F%62%61%73%65%64%69%72%3D%6E%6F%6E%65+%2D%64+%61%75%74%6F%5F%70%72%65%70%65%6E%64%5F%66%69%6C%65%3D%70%68%70%3A%2F%2F%69%6E%70%75%74+%2D%64+%63%67%69%2E%66%6F%72%63%65%5F%72%65%64%69%72%65%63%74%3D%30+%2D%64+%63%67%69%2E%72%65%64%69%72%65%63%74%5F%73%74%61%74%75%73%5F%65%6E%76%3D%30+%2D%6E HTTP/1.1" 404 492 "-" "Mozilla/5.0 (iPad; CPU OS 6_0 like Mac OS X) AppleWebKit/536.26(KHTML, like Gecko) Version/6.0 Mobile/10A5355d Safari/8536.25"
203.162.15.233 - - [19/Jan/2016:05:02:39 -0800] "POST /cgi-bin/php-cgi?%2D%64+%61%6C%6C%6F%77%5F%75%72%6C%5F%69%6E%63%6C%75%64%65%3D%6F%6E+%2D%64+%73%61%66%65%5F%6D%6F%64%65%3D%6F%66%66+%2D%64+%73%75%68%6F%73%69%6E%2E%73%69%6D%75%6C%61%74%69%6F%6E%3D%6F%6E+%2D%64+%64%69%73%61%62%6C%65%5F%66%75%6E%63%74%69%6F%6E%73%3D%22%22+%2D%64+%6F%70%65%6E%5F%62%61%73%65%64%69%72%3D%6E%6F%6E%65+%2D%64+%61%75%74%6F%5F%70%72%65%70%65%6E%64%5F%66%69%6C%65%3D%70%68%70%3A%2F%2F%69%6E%70%75%74+%2D%64+%63%67%69%2E%66%6F%72%63%65%5F%72%65%64%69%72%65%63%74%3D%30+%2D%64+%63%67%69%2E%72%65%64%69%72%65%63%74%5F%73%74%61%74%75%73%5F%65%6E%76%3D%30+%2D%6E HTTP/1.1" 404 495 "-" "Mozilla/5.0 (iPad; CPU OS 6_0 like Mac OS X) AppleWebKit/536.26(KHTML, like Gecko) Version/6.0 Mobile/10A5355d Safari/8536.25"
203.162.15.233 - - [19/Jan/2016:05:02:40 -0800] "POST /cgi-bin/php.cgi?%2D%64+%61%6C%6C%6F%77%5F%75%72%6C%5F%69%6E%63%6C%75%64%65%3D%6F%6E+%2D%64+%73%61%66%65%5F%6D%6F%64%65%3D%6F%66%66+%2D%64+%73%75%68%6F%73%69%6E%2E%73%69%6D%75%6C%61%74%69%6F%6E%3D%6F%6E+%2D%64+%64%69%73%61%62%6C%65%5F%66%75%6E%63%74%69%6F%6E%73%3D%22%22+%2D%64+%6F%70%65%6E%5F%62%61%73%65%64%69%72%3D%6E%6F%6E%65+%2D%64+%61%75%74%6F%5F%70%72%65%70%65%6E%64%5F%66%69%6C%65%3D%70%68%70%3A%2F%2F%69%6E%70%75%74+%2D%64+%63%67%69%2E%66%6F%72%63%65%5F%72%65%64%69%72%65%63%74%3D%30+%2D%64+%63%67%69%2E%72%65%64%69%72%65%63%74%5F%73%74%61%74%75%73%5F%65%6E%76%3D%30+%2D%6E HTTP/1.1" 404 495 "-" "Mozilla/5.0 (iPad; CPU OS 6_0 like Mac OS X) AppleWebKit/536.26(KHTML, like Gecko) Version/6.0 Mobile/10A5355d Safari/8536.25"
203.162.15.233 - - [19/Jan/2016:05:02:40 -0800] "POST /cgi-bin/php4?%2D%64+%61%6C%6C%6F%77%5F%75%72%6C%5F%69%6E%63%6C%75%64%65%3D%6F%6E+%2D%64+%73%61%66%65%5F%6D%6F%64%65%3D%6F%66%66+%2D%64+%73%75%68%6F%73%69%6E%2E%73%69%6D%75%6C%61%74%69%6F%6E%3D%6F%6E+%2D%64+%64%69%73%61%62%6C%65%5F%66%75%6E%63%74%69%6F%6E%73%3D%22%22+%2D%64+%6F%70%65%6E%5F%62%61%73%65%64%69%72%3D%6E%6F%6E%65+%2D%64+%61%75%74%6F%5F%70%72%65%70%65%6E%64%5F%66%69%6C%65%3D%70%68%70%3A%2F%2F%69%6E%70%75%74+%2D%64+%63%67%69%2E%66%6F%72%63%65%5F%72%65%64%69%72%65%63%74%3D%30+%2D%64+%63%67%69%2E%72%65%64%69%72%65%63%74%5F%73%74%61%74%75%73%5F%65%6E%76%3D%30+%2D%6E HTTP/1.1" 404 492 "-" "Mozilla/5.0 (iPad; CPU OS 6_0 like Mac OS X) AppleWebKit/536.26(KHTML, like Gecko) Version/6.0 Mobile/10A5355d Safari/8536.25"
54.237.31.87 - - [19/Jan/2016:05:12:50 -0800] "GET / HTTP/1.1" 200 6995 "-" "Mozilla/4.0 (compatible; MSIE 6.0; Windows NT 5.1; SV1; InfoPath.2)"
180.76.15.158 - - [19/Jan/2016:05:13:41 -0800] "GET /#feedback HTTP/1.1" 200 2578 "-" "Mozilla/5.0 (compatible; Baiduspider/2.0; +http://www.baidu.com/search/spider.html)"
66.249.64.8 - - [19/Jan/2016:05:18:32 -0800] "GET /lib/reccapi.php?fields=t&powder=3 HTTP/1.1" 200 1429 "http://whereshouldiski.com/" "Mozilla/5.0 (compatible; Googlebot/2.1; +http://www.google.com/bot.html)"
180.76.15.5 - - [19/Jan/2016:05:31:07 -0800] "GET / HTTP/1.1" 200 6995 "-" "Mozilla/5.0 (compatible; Baiduspider/2.0; +http://www.baidu.com/search/spider.html)"
180.76.15.7 - - [19/Jan/2016:05:31:57 -0800] "GET / HTTP/1.1" 200 6995 "-" "Mozilla/5.0 (compatible; Baiduspider/2.0; +http://www.baidu.com/search/spider.html)"
66.249.64.2 - - [19/Jan/2016:05:35:18 -0800] "GET /lib/reccapi.php?fields=t&powder=4 HTTP/1.1" 200 964 "http://whereshouldiski.com/" "Mozilla/5.0 (compatible; Googlebot/2.1; +http://www.google.com/bot.html)"
180.76.15.28 - - [19/Jan/2016:05:37:28 -0800] "GET /resorts?resort=portillo&date=2014-09-29 HTTP/1.1" 404 472 "-" "Mozilla/5.0 (compatible; Baiduspider/2.0; +http://www.baidu.com/search/spider.html)"
66.249.64.127 - - [19/Jan/2016:05:47:13 -0800] "GET /lib/resortDataSearchD3.php?size=7&sortDate=T&resort=wildcatmountain&dateStart=2015-12-28 HTTP/1.1" 200 878 "http://whereshouldiski.com/" "Mozilla/5.0 (compatible; Googlebot/2.1; +http://www.google.com/bot.html)"
173.8.165.46 - - [19/Jan/2016:05:57:45 -0800] "GET /images/wsis-logo-sm.png HTTP/1.1" 304 187 "-" "Mozilla/5.0 (Linux; Android 5.1.1; SM-G920P Build/LMY47X) AppleWebKit/537.36 (KHTML, like Gecko) Chrome/49.0.2619.0 Mobile Safari/537.36"
170.75.162.130 - - [19/Jan/2016:06:30:42 -0800] "GET /lib/reccapi.php?resort=killington HTTP/1.1" 200 967 "-" "node-superagent/1.4.0"
66.227.249.209 - - [19/Jan/2016:06:31:14 -0800] "GET /images/wsis-logo-sm.png HTTP/1.1" 200 6108 "http://www.thebackcountry.net/" "Mozilla/5.0 (Macintosh; Intel Mac OS X 10_10_5) AppleWebKit/601.3.9 (KHTML, like Gecko) Version/9.0.2 Safari/601.3.9"
170.75.162.130 - - [19/Jan/2016:06:31:42 -0800] "GET /lib/reccapi.php?resort=squawvalleyusa HTTP/1.1" 200 978 "-" "node-superagent/1.4.0"
107.220.210.34 - - [19/Jan/2016:06:31:59 -0800] "GET /images/wsis-logo-sm.png HTTP/1.1" 200 6108 "http://www.thebackcountry.net/" "Mozilla/5.0 (Macintosh; Intel Mac OS X 10_11_2) AppleWebKit/601.3.9 (KHTML, like Gecko) Version/9.0.2 Safari/601.3.9"
170.75.162.130 - - [19/Jan/2016:06:33:43 -0800] "GET /lib/reccapi.php?resort=devilshead HTTP/1.1" 200 965 "-" "node-superagent/1.4.0"
180.76.15.152 - - [19/Jan/2016:06:34:05 -0800] "GET / HTTP/1.1" 200 6995 "-" "Mozilla/5.0 (compatible; Baiduspider/2.0; +http://www.baidu.com/search/spider.html)"
180.76.15.28 - - [19/Jan/2016:06:35:04 -0800] "GET / HTTP/1.1" 200 6995 "-" "Mozilla/5.0 (compatible; Baiduspider/2.0; +http://www.baidu.com/search/spider.html)"
169.229.3.91 - - [19/Jan/2016:06:36:45 -0800] "j\xa8;\xedbMr\xcd-\x15\xab9\x95W\xc4\x12\x9b\x06\xaf\xd6\x065(\x9epp1RAi^\xe5Pw\xda\xd5\xe6\xa9\xf3\xf9\x96\xed\x99\xe7w\x99I\xf4\r1\xbf\xbd" 400 334 "-" "-"
170.75.162.130 - - [19/Jan/2016:06:39:43 -0800] "GET /lib/reccapi.php?resort=bigsky HTTP/1.1" 200 1046 "-" "node-superagent/1.4.0"
52.33.40.213 - - [19/Jan/2016:06:47:09 -0800] "GET /lib/reccapi.php?resort=parkcity HTTP/1.1" 200 992 "-" "node-superagent/1.4.0"
170.75.162.130 - - [19/Jan/2016:06:47:14 -0800] "GET /lib/reccapi.php?resort=homewoodmountain HTTP/1.1" 200 976 "-" "node-superagent/1.4.0"
75.141.216.239 - - [19/Jan/2016:06:54:15 -0800] "GET /images/wsis-logo-sm.png HTTP/1.1" 200 6108 "http://www.thebackcountry.net/" "Mozilla/5.0 (Linux; Android 6.0.1; Nexus 5 Build/MMB29S) AppleWebKit/537.36 (KHTML, like Gecko) Chrome/47.0.2526.83 Mobile Safari/537.36"
170.75.162.130 - - [19/Jan/2016:06:54:25 -0800] "GET /lib/reccapi.php?resort=brianhead HTTP/1.1" 200 979 "-" "node-superagent/1.4.0"
209.155.83.190 - - [19/Jan/2016:07:00:14 -0800] "GET /images/wsis-logo-sm.png HTTP/1.1" 200 6108 "http://thebackcountry.net/" "Mozilla/5.0 (Linux; Android 5.1; XT1254 Build/SU4TL-44) AppleWebKit/537.36 (KHTML, like Gecko) Chrome/47.0.2526.83 Mobile Safari/537.36"
98.217.0.230 - - [19/Jan/2016:07:01:47 -0800] "GET /images/wsis-logo-sm.png HTTP/1.1" 200 6108 "http://www.thebackcountry.net/" "Mozilla/5.0 (Windows NT 6.3; ARM; Trident/7.0; Touch; rv:11.0) like Gecko"
98.217.0.230 - - [19/Jan/2016:07:02:08 -0800] "-" 408 0 "-" "-"
170.75.162.130 - - [19/Jan/2016:07:02:26 -0800] "GET /lib/reccapi.php?resort=alta HTTP/1.1" 200 1008 "-" "node-superagent/1.4.0"
170.75.162.130 - - [19/Jan/2016:07:02:26 -0800] "GET /lib/reccapi.php?resort=sugarloaf HTTP/1.1" 200 957 "-" "node-superagent/1.4.0"
98.217.0.230 - - [19/Jan/2016:07:05:20 -0800] "-" 408 0 "-" "-"
170.75.162.130 - - [19/Jan/2016:07:06:27 -0800] "GET /lib/reccapi.php?resort=stevenspass HTTP/1.1" 200 1031 "-" "node-superagent/1.4.0"
170.75.162.130 - - [19/Jan/2016:07:06:27 -0800] "GET /lib/reccapi.php?resort=mountspokane HTTP/1.1" 200 1058 "-" "node-superagent/1.4.0"
170.75.162.130 - - [19/Jan/2016:07:12:07 -0800] "GET /lib/reccapi.php?resort=heavenly HTTP/1.1" 200 1029 "-" "node-superagent/1.4.0"
170.75.162.130 - - [19/Jan/2016:07:15:58 -0800] "GET /lib/reccapi.php?resort=sierra-at-tahoe HTTP/1.1" 200 1016 "-" "node-superagent/1.4.0"
170.75.162.130 - - [19/Jan/2016:07:18:28 -0800] "GET /lib/reccapi.php?resort=loveland HTTP/1.1" 200 984 "-" "node-superagent/1.4.0"
66.249.65.69 - - [19/Jan/2016:07:23:31 -0800] "GET /lib/reccapi.php?resort=alyeska&date=2016-01-02 HTTP/1.1" 200 1045 "http://whereshouldiski.com/" "Mozilla/5.0 (compatible; Googlebot/2.1; +http://www.google.com/bot.html)"
66.249.65.66 - - [19/Jan/2016:07:23:32 -0800] "GET /lib/reccapi.php?fields=t&date=2016-01-02&coords=60.94%2C-148.95&size=7&sort=distance HTTP/1.1" 200 1291 "http://whereshouldiski.com/" "Mozilla/5.0 (compatible; Googlebot/2.1; +http://www.google.com/bot.html)"
66.249.65.66 - - [19/Jan/2016:07:23:33 -0800] "GET /lib/resortDataSearchD3.php?size=7&sortDate=T&resort=alyeska&dateStart=2015-12-31 HTTP/1.1" 200 872 "http://whereshouldiski.com/" "Mozilla/5.0 (compatible; Googlebot/2.1; +http://www.google.com/bot.html)"
170.75.162.130 - - [19/Jan/2016:07:28:09 -0800] "GET /lib/reccapi.php?resort=mountbachelor HTTP/1.1" 200 1082 "-" "node-superagent/1.4.0"
71.94.200.143 - - [19/Jan/2016:07:30:49 -0800] "GET /images/wsis-logo-sm.png HTTP/1.1" 200 6108 "http://www.thebackcountry.net/" "Mozilla/5.0 (Macintosh; Intel Mac OS X 10_11_2) AppleWebKit/601.3.9 (KHTML, like Gecko) Version/9.0.2 Safari/601.3.9"
180.76.15.152 - - [19/Jan/2016:07:33:17 -0800] "GET / HTTP/1.1" 200 6995 "-" "Mozilla/5.0 (compatible; Baiduspider/2.0; +http://www.baidu.com/search/spider.html)"
66.249.65.23 - - [19/Jan/2016:07:33:41 -0800] "GET / HTTP/1.1" 200 2615 "-" "Mozilla/5.0 (iPhone; CPU iPhone OS 8_3 like Mac OS X) AppleWebKit/600.1.4 (KHTML, like Gecko) Version/8.0 Mobile/12F70 Safari/600.1.4 (compatible; Googlebot/2.1; +http://www.google.com/bot.html)"
180.76.15.160 - - [19/Jan/2016:07:34:11 -0800] "GET / HTTP/1.1" 200 6995 "-" "Mozilla/5.0 (compatible; Baiduspider/2.0; +http://www.baidu.com/search/spider.html)"
170.75.162.130 - - [19/Jan/2016:07:34:30 -0800] "GET /lib/reccapi.php?resort=jaypeak HTTP/1.1" 200 1031 "-" "node-superagent/1.4.0"
170.75.162.130 - - [19/Jan/2016:07:34:30 -0800] "GET /lib/reccapi.php?resort=madriverglen HTTP/1.1" 200 986 "-" "node-superagent/1.4.0"
170.75.162.130 - - [19/Jan/2016:07:34:30 -0800] "GET /lib/reccapi.php?resort=smugglersnotch HTTP/1.1" 200 1000 "-" "node-superagent/1.4.0"
170.75.162.130 - - [19/Jan/2016:07:34:31 -0800] "GET /lib/reccapi.php?resort=stowe HTTP/1.1" 200 983 "-" "node-superagent/1.4.0"
170.75.162.130 - - [19/Jan/2016:07:34:31 -0800] "GET /lib/reccapi.php?resort=sugarbush HTTP/1.1" 200 992 "-" "node-superagent/1.4.0"
170.75.162.130 - - [19/Jan/2016:07:36:50 -0800] "GET /lib/reccapi.php?resort=mounthoodmeadows HTTP/1.1" 200 1063 "-" "node-superagent/1.4.0"
170.75.162.130 - - [19/Jan/2016:07:36:50 -0800] "GET /lib/reccapi.php?resort=hoodoo HTTP/1.1" 200 1059 "-" "node-superagent/1.4.0"
66.249.65.69 - - [19/Jan/2016:07:38:28 -0800] "GET /resorts?resort=bearmountain&date=2013-05-04 HTTP/1.1" 404 506 "-" "Mozilla/5.0 (iPhone; CPU iPhone OS 8_3 like Mac OS X) AppleWebKit/600.1.4 (KHTML, like Gecko) Version/8.0 Mobile/12F70 Safari/600.1.4 (compatible; Googlebot/2.1; +http://www.google.com/bot.html)"
206.218.223.151 - - [19/Jan/2016:07:42:34 -0800] "GET /images/wsis-logo-sm.png HTTP/1.1" 200 6108 "http://www.thebackcountry.net/" "Mozilla/5.0 (Windows NT 6.1; WOW64) AppleWebKit/537.36 (KHTML, like Gecko) Chrome/43.0.2357.124 Safari/537.36"
91.117.168.22 - - [19/Jan/2016:07:55:41 -0800] "GET /images/wsis-logo-sm.png HTTP/1.1" 200 6108 "http://www.thebackcountry.net/" "Mozilla/5.0 (Windows NT 10.0; WOW64) AppleWebKit/537.36 (KHTML, like Gecko) Chrome/47.0.2526.111 Safari/537.36"
52.33.40.213 - - [19/Jan/2016:07:58:43 -0800] "GET /lib/reccapi.php?resort=aspenheights HTTP/1.1" 200 998 "-" "node-superagent/1.4.0"
52.33.40.213 - - [19/Jan/2016:07:59:03 -0800] "GET /lib/reccapi.php?resort=arapahoebasin HTTP/1.1" 200 989 "-" "node-superagent/1.4.0"
52.33.40.213 - - [19/Jan/2016:08:00:33 -0800] "GET /lib/reccapi.php?resort=angelfire HTTP/1.1" 200 985 "-" "node-superagent/1.4.0"
170.75.162.130 - - [19/Jan/2016:08:17:06 -0800] "GET /lib/reccapi.php?resort=sunpeaksresort HTTP/1.1" 200 921 "-" "node-superagent/1.4.0"
52.33.40.213 - - [19/Jan/2016:08:22:14 -0800] "GET /lib/reccapi.php?resort=alta HTTP/1.1" 200 1008 "-" "node-superagent/1.4.0"
79.114.249.28 - - [19/Jan/2016:08:25:43 -0800] "GET / HTTP/1.1" 200 7032 "-" "Java/1.6.0_04"
79.114.249.28 - - [19/Jan/2016:08:25:43 -0800] "GET /about HTTP/1.1" 404 531 "-" "Java/1.6.0_04"
79.114.249.28 - - [19/Jan/2016:08:25:43 -0800] "GET /images/logo-square-white-sm.png HTTP/1.1" 200 1684 "-" "Java/1.6.0_04"
79.114.249.28 - - [19/Jan/2016:08:25:43 -0800] "GET //platform.twitter.com/widgets.js HTTP/1.1" 404 553 "-" "Java/1.6.0_04"
79.114.249.28 - - [19/Jan/2016:08:25:44 -0800] "GET /bower_components/requirejs/require.js HTTP/1.1" 200 17184 "-" "Java/1.6.0_04"
79.114.249.28 - - [19/Jan/2016:08:25:45 -0800] "GET /scripts/scripts/vendor/modernizr.js HTTP/1.1" 200 11434 "-" "Java/1.6.0_04"
79.114.249.28 - - [19/Jan/2016:08:25:45 -0800] "GET /scripts/scripts/vendor/)||!a.HTMLDataListElement)),E}( HTTP/1.1" 404 576 "-" "Java/1.6.0_04"
79.114.249.28 - - [19/Jan/2016:08:25:45 -0800] "GET /https://fonts.googleapis.com/css?family=Alegreya+Sans+SC|Permanent+Marker HTTP/1.1" 404 532 "-" "Java/1.6.0_04"
79.114.249.28 - - [19/Jan/2016:08:25:46 -0800] "GET /https://twitter.com/WhereShouldISki HTTP/1.1" 404 532 "-" "Java/1.6.0_04"
79.114.249.28 - - [19/Jan/2016:08:25:47 -0800] "GET /https://www.facebook.com/WhereShouldiSki HTTP/1.1" 404 532 "-" "Java/1.6.0_04"
79.114.249.28 - - [19/Jan/2016:08:25:47 -0800] "GET /bower_components/requirejs/\\nhttp://requirejs.org/docs/errors.html HTTP/1.1" 404 532 "-" "Java/1.6.0_04"
127.0.0.1 - - [19/Jan/2016:08:25:50 -0800] "OPTIONS * HTTP/1.0" 200 126 "-" "Apache/2.2.22 (Ubuntu) (internal dummy connection)"
127.0.0.1 - - [19/Jan/2016:08:25:51 -0800] "OPTIONS * HTTP/1.0" 200 126 "-" "Apache/2.2.22 (Ubuntu) (internal dummy connection)"
127.0.0.1 - - [19/Jan/2016:08:25:52 -0800] "OPTIONS * HTTP/1.0" 200 126 "-" "Apache/2.2.22 (Ubuntu) (internal dummy connection)"
91.196.50.33 - - [19/Jan/2016:08:33:13 -0800] "GET http://testp4.pospr.waw.pl/testproxy.php HTTP/1.1" 404 448 "-" "Mozilla/5.0 (Windows NT 5.1; rv:32.0) Gecko/20100101 Firefox/31.0"
180.76.15.15 - - [19/Jan/2016:08:36:01 -0800] "GET / HTTP/1.1" 200 6995 "-" "Mozilla/5.0 (compatible; Baiduspider/2.0; +http://www.baidu.com/search/spider.html)"
180.76.15.156 - - [19/Jan/2016:08:37:01 -0800] "GET / HTTP/1.1" 200 6995 "-" "Mozilla/5.0 (compatible; Baiduspider/2.0; +http://www.baidu.com/search/spider.html)"
212.251.211.240 - - [19/Jan/2016:08:40:12 -0800] "GET /images/wsis-logo-sm.png HTTP/1.1" 200 6108 "http://thebackcountry.net/" "Mozilla/5.0 (Windows NT 6.3; WOW64) AppleWebKit/537.36 (KHTML, like Gecko) Chrome/47.0.2526.111 Safari/537.36"
