67.188.104.204 - - [18/Jan/2016:11:27:02 -0800] "GET /images/stars-med-5.png HTTP/1.1" 200 4123 "http://whereshouldiski.com/" "Mozilla/5.0 (iPhone; CPU iPhone OS 9_2 like Mac OS X) AppleWebKit/601.1.46 (KHTML, like Gecko) Version/9.0 Mobile/13C75 Safari/601.1"
67.188.104.204 - - [18/Jan/2016:11:27:02 -0800] "GET /images/mtns-30px.png HTTP/1.1" 200 1201 "http://whereshouldiski.com/" "Mozilla/5.0 (iPhone; CPU iPhone OS 9_2 like Mac OS X) AppleWebKit/601.1.46 (KHTML, like Gecko) Version/9.0 Mobile/13C75 Safari/601.1"
67.188.104.204 - - [18/Jan/2016:11:27:02 -0800] "GET /images/shading-53px.png HTTP/1.1" 200 547 "http://whereshouldiski.com/" "Mozilla/5.0 (iPhone; CPU iPhone OS 9_2 like Mac OS X) AppleWebKit/601.1.46 (KHTML, like Gecko) Version/9.0 Mobile/13C75 Safari/601.1"
67.188.104.204 - - [18/Jan/2016:11:27:02 -0800] "GET /images/sun-med-5.png HTTP/1.1" 200 7627 "http://whereshouldiski.com/" "Mozilla/5.0 (iPhone; CPU iPhone OS 9_2 like Mac OS X) AppleWebKit/601.1.46 (KHTML, like Gecko) Version/9.0 Mobile/13C75 Safari/601.1"
67.188.104.204 - - [18/Jan/2016:11:27:08 -0800] "GET /lib/resortDataSearchD3.php?size=7&sortDate=T&resort=whistlerblackcomb&dateStart=2016-01-16 HTTP/1.1" 200 790 "http://whereshouldiski.com/" "Mozilla/5.0 (iPhone; CPU iPhone OS 9_2 like Mac OS X) AppleWebKit/601.1.46 (KHTML, like Gecko) Version/9.0 Mobile/13C75 Safari/601.1"
127.0.0.1 - - [18/Jan/2016:11:27:15 -0800] "OPTIONS * HTTP/1.0" 200 126 "-" "Apache/2.2.22 (Ubuntu) (internal dummy connection)"
67.188.104.204 - - [18/Jan/2016:11:28:07 -0800] "GET /lib/reccapi.php?fields=t&coords=37.794242629258434,-122.18560274619134 HTTP/1.1" 200 2080 "http://whereshouldiski.com/" "Mozilla/5.0 (iPhone; CPU iPhone OS 9_2 like Mac OS X) AppleWebKit/601.1.46 (KHTML, like Gecko) Version/9.0 Mobile/13C75 Safari/601.1"
67.188.104.204 - - [18/Jan/2016:11:28:15 -0800] "GET /scripts/server/resorts.json HTTP/1.1" 200 8662 "http://whereshouldiski.com/" "Mozilla/5.0 (iPhone; CPU iPhone OS 9_2 like Mac OS X) AppleWebKit/601.1.46 (KHTML, like Gecko) Version/9.0 Mobile/13C75 Safari/601.1"
67.188.104.204 - - [18/Jan/2016:11:28:21 -0800] "GET /lib/reccapi.php?resort=bearvalleymountain&date=2016-01-18 HTTP/1.1" 200 1094 "http://whereshouldiski.com/" "Mozilla/5.0 (iPhone; CPU iPhone OS 9_2 like Mac OS X) AppleWebKit/601.1.46 (KHTML, like Gecko) Version/9.0 Mobile/13C75 Safari/601.1"
67.188.104.204 - - [18/Jan/2016:11:28:21 -0800] "GET /lib/reccapi.php?fields=t&coords=37.794242629258434,-122.18560274619134&date=2016-01-18&coords=38.5%2C-120.06&size=7&sort=distance HTTP/1.1" 200 1364 "http://whereshouldiski.com/" "Mozilla/5.0 (iPhone; CPU iPhone OS 9_2 like Mac OS X) AppleWebKit/601.1.46 (KHTML, like Gecko) Version/9.0 Mobile/13C75 Safari/601.1"
67.188.104.204 - - [18/Jan/2016:11:28:21 -0800] "GET /lib/resortDataSearchD3.php?size=7&sortDate=T&resort=bearvalleymountain&dateStart=2016-01-16 HTTP/1.1" 200 786 "http://whereshouldiski.com/" "Mozilla/5.0 (iPhone; CPU iPhone OS 9_2 like Mac OS X) AppleWebKit/601.1.46 (KHTML, like Gecko) Version/9.0 Mobile/13C75 Safari/601.1"
52.33.40.213 - - [18/Jan/2016:11:29:15 -0800] "GET /lib/reccapi.php?resort=hoodoo HTTP/1.1" 200 1047 "-" "node-superagent/1.4.0"
24.205.197.40 - - [18/Jan/2016:11:29:51 -0800] "GET /images/wsis-logo-sm.png HTTP/1.1" 200 6108 "http://www.thebackcountry.net/" "Mozilla/5.0 (iPhone; CPU iPhone OS 9_2 like Mac OS X) AppleWebKit/601.1.46 (KHTML, like Gecko) Version/9.0 Mobile/13C75 Safari/601.1"
66.87.134.223 - - [18/Jan/2016:11:30:42 -0800] "GET /images/wsis-logo-sm.png HTTP/1.1" 200 6108 "http://www.thebackcountry.net/" "Mozilla/5.0 (iPhone; CPU iPhone OS 9_2 like Mac OS X) AppleWebKit/601.1.46 (KHTML, like Gecko) Version/9.0 Mobile/13C75 Safari/601.1"
66.249.64.2 - - [18/Jan/2016:11:32:33 -0800] "GET /lib/reccapi.php?resort=alyeska&date=2016-01-03 HTTP/1.1" 200 1054 "http://whereshouldiski.com/" "Mozilla/5.0 (compatible; Googlebot/2.1; +http://www.google.com/bot.html)"
66.249.64.127 - - [18/Jan/2016:11:32:34 -0800] "GET /lib/resortDataSearchD3.php?size=7&sortDate=T&resort=alyeska&dateStart=2016-01-01 HTTP/1.1" 200 878 "http://whereshouldiski.com/" "Mozilla/5.0 (compatible; Googlebot/2.1; +http://www.google.com/bot.html)"
66.249.64.127 - - [18/Jan/2016:11:32:34 -0800] "GET /lib/reccapi.php?fields=t&date=2016-01-03&coords=60.94%2C-148.95&size=7&sort=distance HTTP/1.1" 200 1281 "http://whereshouldiski.com/" "Mozilla/5.0 (compatible; Googlebot/2.1; +http://www.google.com/bot.html)"
180.76.15.150 - - [18/Jan/2016:11:34:32 -0800] "GET / HTTP/1.1" 200 6995 "-" "Mozilla/5.0 (compatible; Baiduspider/2.0; +http://www.baidu.com/search/spider.html)"
180.76.15.151 - - [18/Jan/2016:11:35:28 -0800] "GET / HTTP/1.1" 200 6995 "-" "Mozilla/5.0 (compatible; Baiduspider/2.0; +http://www.baidu.com/search/spider.html)"
66.249.64.8 - - [18/Jan/2016:11:38:30 -0800] "GET /lib/reccapi.php?resort=snowmass&date=2016-01-17 HTTP/1.1" 200 1063 "http://whereshouldiski.com/" "Mozilla/5.0 (compatible; Googlebot/2.1; +http://www.google.com/bot.html)"
66.249.64.127 - - [18/Jan/2016:11:38:31 -0800] "GET /lib/reccapi.php?fields=t&date=2016-01-17&coords=39.16%2C-106.91&size=7&sort=distance HTTP/1.1" 200 1342 "http://whereshouldiski.com/" "Mozilla/5.0 (compatible; Googlebot/2.1; +http://www.google.com/bot.html)"
66.249.64.127 - - [18/Jan/2016:11:38:31 -0800] "GET /lib/resortDataSearchD3.php?size=7&sortDate=T&resort=snowmass&dateStart=2016-01-15 HTTP/1.1" 200 873 "http://whereshouldiski.com/" "Mozilla/5.0 (compatible; Googlebot/2.1; +http://www.google.com/bot.html)"
71.210.55.84 - - [18/Jan/2016:11:40:56 -0800] "GET /images/wsis-logo-sm.png HTTP/1.1" 200 6108 "http://www.thebackcountry.net/" "Mozilla/5.0 (iPad; CPU OS 6_0_1 like Mac OS X) AppleWebKit/536.26 (KHTML, like Gecko) Version/6.0 Mobile/10A523 Safari/8536.25"
52.33.40.213 - - [18/Jan/2016:11:46:56 -0800] "GET /lib/reccapi.php?resort=brianhead HTTP/1.1" 200 1060 "-" "node-superagent/1.4.0"
52.33.40.213 - - [18/Jan/2016:11:46:56 -0800] "GET /lib/reccapi.php?resort=cannonmountain HTTP/1.1" 200 1026 "-" "node-superagent/1.4.0"
52.33.40.213 - - [18/Jan/2016:11:46:56 -0800] "GET /lib/reccapi.php?resort=chinapeak HTTP/1.1" 200 1027 "-" "node-superagent/1.4.0"
52.33.40.213 - - [18/Jan/2016:11:46:56 -0800] "GET /lib/reccapi.php?resort=bigwhite HTTP/1.1" 200 927 "-" "node-superagent/1.4.0"
52.33.40.213 - - [18/Jan/2016:11:46:56 -0800] "GET /lib/reccapi.php?resort=aspenmountain HTTP/1.1" 200 973 "-" "node-superagent/1.4.0"
52.33.40.213 - - [18/Jan/2016:11:46:56 -0800] "GET /lib/reccapi.php?resort=angelfire HTTP/1.1" 200 977 "-" "node-superagent/1.4.0"
52.33.40.213 - - [18/Jan/2016:11:46:56 -0800] "GET /lib/reccapi.php?resort=buttermilk HTTP/1.1" 200 992 "-" "node-superagent/1.4.0"
52.33.40.213 - - [18/Jan/2016:11:47:56 -0800] "GET /lib/reccapi.php?resort=crestedbutte HTTP/1.1" 200 1010 "-" "node-superagent/1.4.0"
52.33.40.213 - - [18/Jan/2016:11:47:56 -0800] "GET /lib/reccapi.php?resort=grandtarghee HTTP/1.1" 200 1061 "-" "node-superagent/1.4.0"
52.33.40.213 - - [18/Jan/2016:11:47:56 -0800] "GET /lib/reccapi.php?resort=jacksonhole HTTP/1.1" 200 1068 "-" "node-superagent/1.4.0"
52.33.40.213 - - [18/Jan/2016:11:47:56 -0800] "GET /lib/reccapi.php?resort=heavenly HTTP/1.1" 200 1049 "-" "node-superagent/1.4.0"
52.33.40.213 - - [18/Jan/2016:11:47:56 -0800] "GET /lib/reccapi.php?resort=diamondpeak HTTP/1.1" 200 1025 "-" "node-superagent/1.4.0"
52.33.40.213 - - [18/Jan/2016:11:47:56 -0800] "GET /lib/reccapi.php?resort=homewoodmountain HTTP/1.1" 200 1033 "-" "node-superagent/1.4.0"
52.33.40.213 - - [18/Jan/2016:11:47:56 -0800] "GET /lib/reccapi.php?resort=jaypeak HTTP/1.1" 200 1042 "-" "node-superagent/1.4.0"
52.33.40.213 - - [18/Jan/2016:11:47:56 -0800] "GET /lib/reccapi.php?resort=keystone HTTP/1.1" 200 1026 "-" "node-superagent/1.4.0"
52.33.40.213 - - [18/Jan/2016:11:47:56 -0800] "GET /lib/reccapi.php?resort=kirkwood HTTP/1.1" 200 1054 "-" "node-superagent/1.4.0"
52.33.40.213 - - [18/Jan/2016:11:47:56 -0800] "GET /lib/reccapi.php?resort=devilshead HTTP/1.1" 200 942 "-" "node-superagent/1.4.0"
52.33.40.213 - - [18/Jan/2016:11:47:56 -0800] "GET /lib/reccapi.php?resort=madriverglen HTTP/1.1" 200 1025 "-" "node-superagent/1.4.0"
52.33.40.213 - - [18/Jan/2016:11:47:56 -0800] "GET /lib/reccapi.php?resort=killington HTTP/1.1" 200 1067 "-" "node-superagent/1.4.0"
52.33.40.213 - - [18/Jan/2016:11:48:56 -0800] "GET /lib/reccapi.php?resort=squawvalleyusa HTTP/1.1" 200 1031 "-" "node-superagent/1.4.0"
52.33.40.213 - - [18/Jan/2016:11:48:56 -0800] "GET /lib/reccapi.php?resort=solitude HTTP/1.1" 200 1038 "-" "node-superagent/1.4.0"
52.33.40.213 - - [18/Jan/2016:11:48:56 -0800] "GET /lib/reccapi.php?resort=mtrose HTTP/1.1" 200 1059 "-" "node-superagent/1.4.0"
52.33.40.213 - - [18/Jan/2016:11:48:56 -0800] "GET /lib/reccapi.php?resort=snowmass HTTP/1.1" 200 990 "-" "node-superagent/1.4.0"
52.33.40.213 - - [18/Jan/2016:11:48:56 -0800] "GET /lib/reccapi.php?resort=steamboat HTTP/1.1" 200 999 "-" "node-superagent/1.4.0"
52.33.40.213 - - [18/Jan/2016:11:48:56 -0800] "GET /lib/reccapi.php?resort=sugarbush HTTP/1.1" 200 1027 "-" "node-superagent/1.4.0"
52.33.40.213 - - [18/Jan/2016:11:48:56 -0800] "GET /lib/reccapi.php?resort=sugarbowl HTTP/1.1" 200 1005 "-" "node-superagent/1.4.0"
52.33.40.213 - - [18/Jan/2016:11:48:56 -0800] "GET /lib/reccapi.php?resort=monarch HTTP/1.1" 200 959 "-" "node-superagent/1.4.0"
52.33.40.213 - - [18/Jan/2016:11:48:56 -0800] "GET /lib/reccapi.php?resort=sugarloaf HTTP/1.1" 200 1047 "-" "node-superagent/1.4.0"
52.33.40.213 - - [18/Jan/2016:11:48:56 -0800] "GET /lib/reccapi.php?resort=sundayriver HTTP/1.1" 200 1049 "-" "node-superagent/1.4.0"
52.33.40.213 - - [18/Jan/2016:11:48:56 -0800] "GET /lib/reccapi.php?resort=stowe HTTP/1.1" 200 1012 "-" "node-superagent/1.4.0"
52.33.40.213 - - [18/Jan/2016:11:48:56 -0800] "GET /lib/reccapi.php?resort=sunpeaksresort HTTP/1.1" 200 924 "-" "node-superagent/1.4.0"
69.62.238.46 - - [18/Jan/2016:11:49:30 -0800] "GET /images/wsis-logo-sm.png HTTP/1.1" 200 6108 "http://www.thebackcountry.net/" "Mozilla/5.0 (Linux; U; Android 4.4.2; en-us; SM-T310 Build/KOT49H) AppleWebKit/534.30 (KHTML, like Gecko) Version/4.0 Safari/534.30"
52.33.40.213 - - [18/Jan/2016:11:49:56 -0800] "GET /lib/reccapi.php?resort=whistlerblackcomb HTTP/1.1" 200 933 "-" "node-superagent/1.4.0"
52.33.40.213 - - [18/Jan/2016:11:49:56 -0800] "GET /lib/reccapi.php?resort=whitefacemountain HTTP/1.1" 200 1079 "-" "node-superagent/1.4.0"
52.33.40.213 - - [18/Jan/2016:11:49:56 -0800] "GET /lib/reccapi.php?resort=winterpark HTTP/1.1" 200 994 "-" "node-superagent/1.4.0"
52.33.40.213 - - [18/Jan/2016:11:49:56 -0800] "GET /lib/reccapi.php?resort=mountainhigh HTTP/1.1" 200 1014 "-" "node-superagent/1.4.0"
52.33.40.213 - - [18/Jan/2016:11:49:56 -0800] "GET /lib/reccapi.php?resort=telluride HTTP/1.1" 200 984 "-" "node-superagent/1.4.0"
52.33.40.213 - - [18/Jan/2016:11:49:56 -0800] "GET /lib/reccapi.php?resort=wildcatmountain HTTP/1.1" 200 1038 "-" "node-superagent/1.4.0"
52.33.40.213 - - [18/Jan/2016:11:49:56 -0800] "GET /lib/reccapi.php?resort=northstar-at-tahoe HTTP/1.1" 200 1043 "-" "node-superagent/1.4.0"
52.33.40.213 - - [18/Jan/2016:11:49:56 -0800] "GET /lib/reccapi.php?resort=redlodge HTTP/1.1" 200 1133 "-" "node-superagent/1.4.0"
52.33.40.213 - - [18/Jan/2016:11:49:56 -0800] "GET /lib/reccapi.php?resort=loveland HTTP/1.1" 200 1021 "-" "node-superagent/1.4.0"
52.33.40.213 - - [18/Jan/2016:11:49:56 -0800] "GET /lib/reccapi.php?resort=mammothmountain HTTP/1.1" 200 1084 "-" "node-superagent/1.4.0"
52.33.40.213 - - [18/Jan/2016:11:49:56 -0800] "GET /lib/reccapi.php?resort=redmountain HTTP/1.1" 200 910 "-" "node-superagent/1.4.0"
52.33.40.213 - - [18/Jan/2016:11:49:56 -0800] "GET /lib/reccapi.php?resort=sierra-at-tahoe HTTP/1.1" 200 1039 "-" "node-superagent/1.4.0"
52.33.40.213 - - [18/Jan/2016:11:50:06 -0800] "GET /lib/reccapi.php?resort=snowbasin HTTP/1.1" 200 1020 "-" "node-superagent/1.4.0"
52.33.40.213 - - [18/Jan/2016:11:50:06 -0800] "GET /lib/reccapi.php?resort=silverstarmountain HTTP/1.1" 200 933 "-" "node-superagent/1.4.0"
52.33.40.213 - - [18/Jan/2016:11:50:16 -0800] "GET /lib/reccapi.php?resort=smugglersnotch HTTP/1.1" 200 1047 "-" "node-superagent/1.4.0"
52.33.40.213 - - [18/Jan/2016:11:50:16 -0800] "GET /lib/reccapi.php?resort=snowbird HTTP/1.1" 200 1043 "-" "node-superagent/1.4.0"
170.75.162.130 - - [18/Jan/2016:11:52:04 -0800] "GET /lib/reccapi.php?resort=devilshead HTTP/1.1" 200 942 "-" "node-superagent/1.4.0"
170.75.162.130 - - [18/Jan/2016:11:53:34 -0800] "GET /lib/reccapi.php?resort=madriverglen HTTP/1.1" 200 1025 "-" "node-superagent/1.4.0"
170.75.162.130 - - [18/Jan/2016:11:54:24 -0800] "GET /lib/reccapi.php?resort=alpinemeadows HTTP/1.1" 200 1043 "-" "node-superagent/1.4.0"
170.75.162.130 - - [18/Jan/2016:11:57:25 -0800] "GET /lib/reccapi.php?resort=mounthoodmeadows HTTP/1.1" 200 1093 "-" "node-superagent/1.4.0"
170.75.162.130 - - [18/Jan/2016:12:01:15 -0800] "GET /lib/reccapi.php?resort=hoodoo HTTP/1.1" 200 1047 "-" "node-superagent/1.4.0"
66.249.64.2 - - [18/Jan/2016:12:03:01 -0800] "GET /lib/reccapi.php?resort=deervalley&date=2016-01-17 HTTP/1.1" 200 1083 "http://whereshouldiski.com/" "Mozilla/5.0 (compatible; Googlebot/2.1; +http://www.google.com/bot.html)"
66.249.64.127 - - [18/Jan/2016:12:03:02 -0800] "GET /lib/reccapi.php?fields=t&date=2016-01-17&coords=39.32%2C-111.09&size=7&sort=distance HTTP/1.1" 200 1308 "http://whereshouldiski.com/" "Mozilla/5.0 (compatible; Googlebot/2.1; +http://www.google.com/bot.html)"
66.249.64.127 - - [18/Jan/2016:12:03:02 -0800] "GET /lib/resortDataSearchD3.php?size=7&sortDate=T&resort=deervalley&dateStart=2016-01-15 HTTP/1.1" 200 885 "http://whereshouldiski.com/" "Mozilla/5.0 (compatible; Googlebot/2.1; +http://www.google.com/bot.html)"
52.33.40.213 - - [18/Jan/2016:12:05:17 -0800] "GET /lib/reccapi.php?resort=arapahoebasin HTTP/1.1" 200 1040 "-" "node-superagent/1.4.0"
172.3.77.34 - - [18/Jan/2016:12:06:30 -0800] "GET /images/wsis-logo-sm.png HTTP/1.1" 200 6108 "http://www.thebackcountry.net/" "Mozilla/5.0 (Macintosh; Intel Mac OS X 10_10_5) AppleWebKit/537.36 (KHTML, like Gecko) Chrome/47.0.2526.111 Safari/537.36"
172.3.77.34 - - [18/Jan/2016:12:06:51 -0800] "-" 408 0 "-" "-"
66.249.64.8 - - [18/Jan/2016:12:06:55 -0800] "GET /lib/reccapi.php?fields=t&date=2015-12-18 HTTP/1.1" 200 1944 "http://whereshouldiski.com/" "Mozilla/5.0 (compatible; Googlebot/2.1; +http://www.google.com/bot.html)"
52.33.40.213 - - [18/Jan/2016:12:09:07 -0800] "GET /lib/reccapi.php?resort=coppermountain HTTP/1.1" 200 1017 "-" "node-superagent/1.4.0"
54.158.138.247 - - [18/Jan/2016:12:09:14 -0800] "GET /robots.txt HTTP/1.1" 200 363 "-" "Googlebot (gocrawl v0.4)"
54.158.138.247 - - [18/Jan/2016:12:09:28 -0800] "GET / HTTP/1.1" 200 2559 "-" "Mozilla/5.0 (Windows NT 6.1; rv:15.0) Gecko/20120716 Firefox/15.0a2"
52.33.40.213 - - [18/Jan/2016:12:09:37 -0800] "GET /lib/reccapi.php?resort=deervalley HTTP/1.1" 200 1080 "-" "node-superagent/1.4.0"
66.249.64.127 - - [18/Jan/2016:12:14:31 -0800] "GET /lib/reccapi.php?fields=t&date=2015-12-19 HTTP/1.1" 200 1956 "http://whereshouldiski.com/" "Mozilla/5.0 (compatible; Googlebot/2.1; +http://www.google.com/bot.html)"
71.198.26.50 - - [18/Jan/2016:12:16:46 -0800] "GET /images/wsis-logo-sm.png HTTP/1.1" 200 6108 "http://www.thebackcountry.net/" "Mozilla/5.0 (Macintosh; Intel Mac OS X 10_11_2) AppleWebKit/537.36 (KHTML, like Gecko) Chrome/47.0.2526.106 Safari/537.36"
23.114.32.10 - - [18/Jan/2016:12:27:21 -0800] "GET /images/wsis-logo-sm.png HTTP/1.1" 200 6108 "http://www.thebackcountry.net/" "Mozilla/5.0 (Windows NT 10.0; WOW64; rv:44.0) Gecko/20100101 Firefox/44.0"
158.184.198.5 - - [18/Jan/2016:12:27:27 -0800] "GET /images/wsis-logo-sm.png HTTP/1.1" 200 6108 "http://thebackcountry.net/" "Mozilla/5.0 (Windows NT 6.1; WOW64) AppleWebKit/537.36 (KHTML, like Gecko) Chrome/47.0.2526.106 Safari/537.36"
76.14.75.243 - - [18/Jan/2016:12:28:18 -0800] "GET /images/wsis-logo-sm.png HTTP/1.1" 200 6108 "http://www.thebackcountry.net/" "Mozilla/5.0 (Macintosh; Intel Mac OS X 10_9_2) AppleWebKit/537.36 (KHTML, like Gecko) Chrome/47.0.2526.106 Safari/537.36"
180.76.15.23 - - [18/Jan/2016:12:33:24 -0800] "GET / HTTP/1.1" 200 6995 "-" "Mozilla/5.0 (compatible; Baiduspider/2.0; +http://www.baidu.com/search/spider.html)"
180.76.15.28 - - [18/Jan/2016:12:34:21 -0800] "GET / HTTP/1.1" 200 6995 "-" "Mozilla/5.0 (compatible; Baiduspider/2.0; +http://www.baidu.com/search/spider.html)"
170.75.162.130 - - [18/Jan/2016:12:36:20 -0800] "GET /lib/reccapi.php?resort=alta HTTP/1.1" 200 1037 "-" "node-superagent/1.4.0"
170.75.162.130 - - [18/Jan/2016:12:36:20 -0800] "GET /lib/reccapi.php?resort=killington HTTP/1.1" 200 1067 "-" "node-superagent/1.4.0"
170.75.162.130 - - [18/Jan/2016:12:36:20 -0800] "GET /lib/reccapi.php?resort=sugarloaf HTTP/1.1" 200 1047 "-" "node-superagent/1.4.0"
66.220.156.97 - - [18/Jan/2016:12:36:53 -0800] "GET /images/logo-square-white-sm.png HTTP/1.1" 200 1684 "-" "facebookexternalhit/1.1 (+http://www.facebook.com/externalhit_uatext.php)"
173.252.90.246 - - [18/Jan/2016:12:37:34 -0800] "GET /images/logo-square-white-sm.png HTTP/1.1" 200 1684 "-" "facebookexternalhit/1.1 (+http://www.facebook.com/externalhit_uatext.php)"
96.38.165.248 - - [18/Jan/2016:12:37:48 -0800] "-" 408 0 "-" "-"
96.38.165.248 - - [18/Jan/2016:12:37:48 -0800] "-" 408 0 "-" "-"
72.201.74.66 - - [18/Jan/2016:12:38:08 -0800] "GET / HTTP/1.1" 200 2615 "-" "Mozilla/5.0 (Macintosh; Intel Mac OS X 10_11_2) AppleWebKit/537.36 (KHTML, like Gecko) Chrome/47.0.2526.106 Safari/537.36"
72.201.74.66 - - [18/Jan/2016:12:38:09 -0800] "GET /scripts/scripts/vendor/modernizr.js HTTP/1.1" 200 4903 "http://whereshouldiski.com/" "Mozilla/5.0 (Macintosh; Intel Mac OS X 10_11_2) AppleWebKit/537.36 (KHTML, like Gecko) Chrome/47.0.2526.106 Safari/537.36"
72.201.74.66 - - [18/Jan/2016:12:38:09 -0800] "GET /styles/ee08faa9.main.css HTTP/1.1" 200 19446 "http://whereshouldiski.com/" "Mozilla/5.0 (Macintosh; Intel Mac OS X 10_11_2) AppleWebKit/537.36 (KHTML, like Gecko) Chrome/47.0.2526.106 Safari/537.36"
72.201.74.66 - - [18/Jan/2016:12:38:09 -0800] "GET /bower_components/requirejs/require.js HTTP/1.1" 200 6701 "http://whereshouldiski.com/" "Mozilla/5.0 (Macintosh; Intel Mac OS X 10_11_2) AppleWebKit/537.36 (KHTML, like Gecko) Chrome/47.0.2526.106 Safari/537.36"
72.201.74.66 - - [18/Jan/2016:12:38:09 -0800] "GET /images/logo-square-white-sm.png HTTP/1.1" 200 1684 "http://whereshouldiski.com/" "Mozilla/5.0 (Macintosh; Intel Mac OS X 10_11_2) AppleWebKit/537.36 (KHTML, like Gecko) Chrome/47.0.2526.106 Safari/537.36"
72.201.74.66 - - [18/Jan/2016:12:38:09 -0800] "GET /images/loading.gif HTTP/1.1" 200 13881 "http://whereshouldiski.com/" "Mozilla/5.0 (Macintosh; Intel Mac OS X 10_11_2) AppleWebKit/537.36 (KHTML, like Gecko) Chrome/47.0.2526.106 Safari/537.36"
72.201.74.66 - - [18/Jan/2016:12:38:09 -0800] "GET /scripts/fa48e319.main.js HTTP/1.1" 200 123455 "http://whereshouldiski.com/" "Mozilla/5.0 (Macintosh; Intel Mac OS X 10_11_2) AppleWebKit/537.36 (KHTML, like Gecko) Chrome/47.0.2526.106 Safari/537.36"
72.201.74.66 - - [18/Jan/2016:12:38:10 -0800] "GET /images/button.png HTTP/1.1" 200 598 "http://whereshouldiski.com/styles/ee08faa9.main.css" "Mozilla/5.0 (Macintosh; Intel Mac OS X 10_11_2) AppleWebKit/537.36 (KHTML, like Gecko) Chrome/47.0.2526.106 Safari/537.36"
72.201.74.66 - - [18/Jan/2016:12:38:10 -0800] "GET /images/greyHeader.png HTTP/1.1" 200 508 "http://whereshouldiski.com/styles/ee08faa9.main.css" "Mozilla/5.0 (Macintosh; Intel Mac OS X 10_11_2) AppleWebKit/537.36 (KHTML, like Gecko) Chrome/47.0.2526.106 Safari/537.36"
72.201.74.66 - - [18/Jan/2016:12:38:10 -0800] "GET /lib/reccapi.php?fields=t HTTP/1.1" 200 1917 "http://whereshouldiski.com/" "Mozilla/5.0 (Macintosh; Intel Mac OS X 10_11_2) AppleWebKit/537.36 (KHTML, like Gecko) Chrome/47.0.2526.106 Safari/537.36"
72.201.74.66 - - [18/Jan/2016:12:38:10 -0800] "GET /images/star5.png HTTP/1.1" 200 1783 "http://whereshouldiski.com/styles/ee08faa9.main.css" "Mozilla/5.0 (Macintosh; Intel Mac OS X 10_11_2) AppleWebKit/537.36 (KHTML, like Gecko) Chrome/47.0.2526.106 Safari/537.36"
72.201.74.66 - - [18/Jan/2016:12:38:10 -0800] "GET /images/mtns-icon.png HTTP/1.1" 200 1097 "http://whereshouldiski.com/styles/ee08faa9.main.css" "Mozilla/5.0 (Macintosh; Intel Mac OS X 10_11_2) AppleWebKit/537.36 (KHTML, like Gecko) Chrome/47.0.2526.106 Safari/537.36"
72.201.74.66 - - [18/Jan/2016:12:38:10 -0800] "GET /images/bluebird5.png HTTP/1.1" 200 2177 "http://whereshouldiski.com/styles/ee08faa9.main.css" "Mozilla/5.0 (Macintosh; Intel Mac OS X 10_11_2) AppleWebKit/537.36 (KHTML, like Gecko) Chrome/47.0.2526.106 Safari/537.36"
72.201.74.66 - - [18/Jan/2016:12:38:10 -0800] "GET /images/snowflake5.png HTTP/1.1" 200 2857 "http://whereshouldiski.com/styles/ee08faa9.main.css" "Mozilla/5.0 (Macintosh; Intel Mac OS X 10_11_2) AppleWebKit/537.36 (KHTML, like Gecko) Chrome/47.0.2526.106 Safari/537.36"
72.201.74.66 - - [18/Jan/2016:12:38:10 -0800] "GET /favicon.ico HTTP/1.1" 200 4613 "http://whereshouldiski.com/" "Mozilla/5.0 (Macintosh; Intel Mac OS X 10_11_2) AppleWebKit/537.36 (KHTML, like Gecko) Chrome/47.0.2526.106 Safari/537.36"
72.201.74.66 - - [18/Jan/2016:12:38:10 -0800] "GET /images/shading-icon.png HTTP/1.1" 200 537 "http://whereshouldiski.com/styles/ee08faa9.main.css" "Mozilla/5.0 (Macintosh; Intel Mac OS X 10_11_2) AppleWebKit/537.36 (KHTML, like Gecko) Chrome/47.0.2526.106 Safari/537.36"
127.0.0.1 - - [18/Jan/2016:12:38:18 -0800] "OPTIONS * HTTP/1.0" 200 126 "-" "Apache/2.2.22 (Ubuntu) (internal dummy connection)"
72.201.74.66 - - [18/Jan/2016:12:38:21 -0800] "GET /lib/reccapi.php?fields=t&region=Rockies HTTP/1.1" 200 1659 "http://whereshouldiski.com/" "Mozilla/5.0 (Macintosh; Intel Mac OS X 10_11_2) AppleWebKit/537.36 (KHTML, like Gecko) Chrome/47.0.2526.106 Safari/537.36"
72.201.74.66 - - [18/Jan/2016:12:38:21 -0800] "GET /images/greenHeader.png HTTP/1.1" 200 508 "http://whereshouldiski.com/styles/ee08faa9.main.css" "Mozilla/5.0 (Macintosh; Intel Mac OS X 10_11_2) AppleWebKit/537.36 (KHTML, like Gecko) Chrome/47.0.2526.106 Safari/537.36"
72.201.74.66 - - [18/Jan/2016:12:38:23 -0800] "GET /lib/reccapi.php?fields=t&coords=33.5073648,-112.0306043&region=Rockies HTTP/1.1" 200 1760 "http://whereshouldiski.com/" "Mozilla/5.0 (Macintosh; Intel Mac OS X 10_11_2) AppleWebKit/537.36 (KHTML, like Gecko) Chrome/47.0.2526.106 Safari/537.36"
72.201.74.66 - - [18/Jan/2016:12:38:25 -0800] "GET /lib/reccapi.php?fields=t&coords=33.5073648,-112.0306043&region=Rockies&state=CO HTTP/1.1" 200 1277 "http://whereshouldiski.com/" "Mozilla/5.0 (Macintosh; Intel Mac OS X 10_11_2) AppleWebKit/537.36 (KHTML, like Gecko) Chrome/47.0.2526.106 Safari/537.36"
72.201.74.66 - - [18/Jan/2016:12:38:42 -0800] "GET /lib/reccapi.php?fields=t&coords=33.5073648,-112.0306043&region=Rockies HTTP/1.1" 200 1761 "http://whereshouldiski.com/" "Mozilla/5.0 (Macintosh; Intel Mac OS X 10_11_2) AppleWebKit/537.36 (KHTML, like Gecko) Chrome/47.0.2526.106 Safari/537.36"
72.201.74.66 - - [18/Jan/2016:12:38:44 -0800] "GET /lib/reccapi.php?fields=t&coords=33.5073648,-112.0306043&region=Rockies&state=ID HTTP/1.1" 200 1522 "http://whereshouldiski.com/" "Mozilla/5.0 (Macintosh; Intel Mac OS X 10_11_2) AppleWebKit/537.36 (KHTML, like Gecko) Chrome/47.0.2526.106 Safari/537.36"
72.201.74.66 - - [18/Jan/2016:12:38:58 -0800] "GET /lib/reccapi.php?fields=t&coords=33.5073648,-112.0306043&region=Rockies HTTP/1.1" 200 1761 "http://whereshouldiski.com/" "Mozilla/5.0 (Macintosh; Intel Mac OS X 10_11_2) AppleWebKit/537.36 (KHTML, like Gecko) Chrome/47.0.2526.106 Safari/537.36"
72.201.74.66 - - [18/Jan/2016:12:39:00 -0800] "GET /lib/reccapi.php?fields=t&coords=33.5073648,-112.0306043&region=Rockies&state=UT HTTP/1.1" 200 1236 "http://whereshouldiski.com/" "Mozilla/5.0 (Macintosh; Intel Mac OS X 10_11_2) AppleWebKit/537.36 (KHTML, like Gecko) Chrome/47.0.2526.106 Safari/537.36"
72.201.74.66 - - [18/Jan/2016:12:39:08 -0800] "GET /lib/reccapi.php?fields=t&coords=33.5073648,-112.0306043&region=Rockies HTTP/1.1" 200 1761 "http://whereshouldiski.com/" "Mozilla/5.0 (Macintosh; Intel Mac OS X 10_11_2) AppleWebKit/537.36 (KHTML, like Gecko) Chrome/47.0.2526.106 Safari/537.36"
72.201.74.66 - - [18/Jan/2016:12:39:11 -0800] "GET /lib/reccapi.php?fields=t&coords=33.5073648,-112.0306043&region=Rockies&state=WY HTTP/1.1" 200 1390 "http://whereshouldiski.com/" "Mozilla/5.0 (Macintosh; Intel Mac OS X 10_11_2) AppleWebKit/537.36 (KHTML, like Gecko) Chrome/47.0.2526.106 Safari/537.36"
72.201.74.66 - - [18/Jan/2016:12:39:28 -0800] "GET /lib/reccapi.php?fields=t&coords=33.5073648,-112.0306043&state=WY HTTP/1.1" 200 1391 "http://whereshouldiski.com/" "Mozilla/5.0 (Macintosh; Intel Mac OS X 10_11_2) AppleWebKit/537.36 (KHTML, like Gecko) Chrome/47.0.2526.106 Safari/537.36"
72.201.74.66 - - [18/Jan/2016:12:39:32 -0800] "GET /lib/reccapi.php?fields=t&coords=33.5073648,-112.0306043 HTTP/1.1" 200 2074 "http://whereshouldiski.com/" "Mozilla/5.0 (Macintosh; Intel Mac OS X 10_11_2) AppleWebKit/537.36 (KHTML, like Gecko) Chrome/47.0.2526.106 Safari/537.36"
72.201.74.66 - - [18/Jan/2016:12:39:35 -0800] "GET /lib/reccapi.php?fields=t&coords=33.5073648,-112.0306043&region=PacificNW HTTP/1.1" 200 1636 "http://whereshouldiski.com/" "Mozilla/5.0 (Macintosh; Intel Mac OS X 10_11_2) AppleWebKit/537.36 (KHTML, like Gecko) Chrome/47.0.2526.106 Safari/537.36"
72.201.74.66 - - [18/Jan/2016:12:39:45 -0800] "GET /lib/reccapi.php?fields=t&coords=33.5073648,-112.0306043 HTTP/1.1" 200 2075 "http://whereshouldiski.com/" "Mozilla/5.0 (Macintosh; Intel Mac OS X 10_11_2) AppleWebKit/537.36 (KHTML, like Gecko) Chrome/47.0.2526.106 Safari/537.36"
72.201.74.66 - - [18/Jan/2016:12:40:19 -0800] "GET /lib/reccapi.php?resort=whistlerblackcomb&date=2016-01-18 HTTP/1.1" 200 970 "http://whereshouldiski.com/" "Mozilla/5.0 (Macintosh; Intel Mac OS X 10_11_2) AppleWebKit/537.36 (KHTML, like Gecko) Chrome/47.0.2526.106 Safari/537.36"
72.201.74.66 - - [18/Jan/2016:12:40:19 -0800] "GET /lib/reccapi.php?fields=t&date=2016-01-18&coords=50.1159%2C-122.949&size=7&sort=distance HTTP/1.1" 200 1441 "http://whereshouldiski.com/" "Mozilla/5.0 (Macintosh; Intel Mac OS X 10_11_2) AppleWebKit/537.36 (KHTML, like Gecko) Chrome/47.0.2526.106 Safari/537.36"
72.201.74.66 - - [18/Jan/2016:12:40:19 -0800] "GET /lib/resortDataSearchD3.php?size=7&sortDate=T&resort=whistlerblackcomb&dateStart=2016-01-16 HTTP/1.1" 200 789 "http://whereshouldiski.com/" "Mozilla/5.0 (Macintosh; Intel Mac OS X 10_11_2) AppleWebKit/537.36 (KHTML, like Gecko) Chrome/47.0.2526.106 Safari/537.36"
72.201.74.66 - - [18/Jan/2016:12:40:20 -0800] "GET /images/stars-med-5.png HTTP/1.1" 200 4124 "http://whereshouldiski.com/styles/ee08faa9.main.css" "Mozilla/5.0 (Macintosh; Intel Mac OS X 10_11_2) AppleWebKit/537.36 (KHTML, like Gecko) Chrome/47.0.2526.106 Safari/537.36"
72.201.74.66 - - [18/Jan/2016:12:40:20 -0800] "GET /images/snowflake-med-5.png HTTP/1.1" 200 6157 "http://whereshouldiski.com/styles/ee08faa9.main.css" "Mozilla/5.0 (Macintosh; Intel Mac OS X 10_11_2) AppleWebKit/537.36 (KHTML, like Gecko) Chrome/47.0.2526.106 Safari/537.36"
72.201.74.66 - - [18/Jan/2016:12:40:20 -0800] "GET /images/mtns-30px.png HTTP/1.1" 200 1202 "http://whereshouldiski.com/styles/ee08faa9.main.css" "Mozilla/5.0 (Macintosh; Intel Mac OS X 10_11_2) AppleWebKit/537.36 (KHTML, like Gecko) Chrome/47.0.2526.106 Safari/537.36"
72.201.74.66 - - [18/Jan/2016:12:40:20 -0800] "GET /images/sun-med-5.png HTTP/1.1" 200 7627 "http://whereshouldiski.com/styles/ee08faa9.main.css" "Mozilla/5.0 (Macintosh; Intel Mac OS X 10_11_2) AppleWebKit/537.36 (KHTML, like Gecko) Chrome/47.0.2526.106 Safari/537.36"
72.201.74.66 - - [18/Jan/2016:12:40:20 -0800] "GET /images/shading-53px.png HTTP/1.1" 200 548 "http://whereshouldiski.com/styles/ee08faa9.main.css" "Mozilla/5.0 (Macintosh; Intel Mac OS X 10_11_2) AppleWebKit/537.36 (KHTML, like Gecko) Chrome/47.0.2526.106 Safari/537.36"
72.201.74.66 - - [18/Jan/2016:12:40:20 -0800] "GET /images/snowforecast-logo.jpg HTTP/1.1" 200 22988 "http://whereshouldiski.com/" "Mozilla/5.0 (Macintosh; Intel Mac OS X 10_11_2) AppleWebKit/537.36 (KHTML, like Gecko) Chrome/47.0.2526.106 Safari/537.36"
72.201.74.66 - - [18/Jan/2016:12:40:20 -0800] "GET /images/opensnow_logo.png HTTP/1.1" 200 11776 "http://whereshouldiski.com/" "Mozilla/5.0 (Macintosh; Intel Mac OS X 10_11_2) AppleWebKit/537.36 (KHTML, like Gecko) Chrome/47.0.2526.106 Safari/537.36"
127.0.0.1 - - [18/Jan/2016:12:40:27 -0800] "OPTIONS * HTTP/1.0" 200 126 "-" "Apache/2.2.22 (Ubuntu) (internal dummy connection)"
66.249.64.2 - - [18/Jan/2016:12:41:44 -0800] "GET /lib/reccapi.php?fields=t&date=2015-12-17 HTTP/1.1" 200 1874 "http://whereshouldiski.com/" "Mozilla/5.0 (compatible; Googlebot/2.1; +http://www.google.com/bot.html)"
72.201.74.66 - - [18/Jan/2016:12:43:34 -0800] "GET /lib/reccapi.php?fields=t&coords=33.5073648,-112.0306043 HTTP/1.1" 200 2075 "http://whereshouldiski.com/" "Mozilla/5.0 (Macintosh; Intel Mac OS X 10_11_2) AppleWebKit/537.36 (KHTML, like Gecko) Chrome/47.0.2526.106 Safari/537.36"
72.201.74.66 - - [18/Jan/2016:12:43:38 -0800] "GET /lib/reccapi.php?resort=whistlerblackcomb&date=2016-01-19 HTTP/1.1" 200 972 "http://whereshouldiski.com/" "Mozilla/5.0 (Macintosh; Intel Mac OS X 10_11_2) AppleWebKit/537.36 (KHTML, like Gecko) Chrome/47.0.2526.106 Safari/537.36"
72.201.74.66 - - [18/Jan/2016:12:43:39 -0800] "GET /lib/reccapi.php?fields=t&coords=33.5073648,-112.0306043&date=2016-01-19&coords=50.1159%2C-122.949&size=7&sort=distance HTTP/1.1" 200 1419 "http://whereshouldiski.com/" "Mozilla/5.0 (Macintosh; Intel Mac OS X 10_11_2) AppleWebKit/537.36 (KHTML, like Gecko) Chrome/47.0.2526.106 Safari/537.36"
72.201.74.66 - - [18/Jan/2016:12:43:39 -0800] "GET /lib/resortDataSearchD3.php?size=7&sortDate=T&resort=whistlerblackcomb&dateStart=2016-01-17 HTTP/1.1" 200 703 "http://whereshouldiski.com/" "Mozilla/5.0 (Macintosh; Intel Mac OS X 10_11_2) AppleWebKit/537.36 (KHTML, like Gecko) Chrome/47.0.2526.106 Safari/537.36"
127.0.0.1 - - [18/Jan/2016:12:43:44 -0800] "OPTIONS * HTTP/1.0" 200 126 "-" "Apache/2.2.22 (Ubuntu) (internal dummy connection)"
170.75.162.130 - - [18/Jan/2016:12:44:41 -0800] "GET /lib/reccapi.php?resort=mountbachelor HTTP/1.1" 200 993 "-" "node-superagent/1.4.0"
220.181.108.123 - - [18/Jan/2016:12:46:43 -0800] "GET / HTTP/1.1" 200 2578 "-" "Mozilla/5.0 (Windows NT 5.1; rv:6.0.2) Gecko/20100101 Firefox/6.0.2"
66.249.64.127 - - [18/Jan/2016:12:46:57 -0800] "GET /lib/reccapi.php?resort=grandtarghee&date=2016-01-16 HTTP/1.1" 200 1108 "http://whereshouldiski.com/" "Mozilla/5.0 (compatible; Googlebot/2.1; +http://www.google.com/bot.html)"
66.249.64.127 - - [18/Jan/2016:12:46:58 -0800] "GET /lib/reccapi.php?fields=t&date=2016-01-16&coords=43.79%2C-110.95&size=7&sort=distance HTTP/1.1" 200 1405 "http://whereshouldiski.com/" "Mozilla/5.0 (compatible; Googlebot/2.1; +http://www.google.com/bot.html)"
66.249.64.127 - - [18/Jan/2016:12:46:59 -0800] "GET /lib/resortDataSearchD3.php?size=7&sortDate=T&resort=grandtarghee&dateStart=2016-01-14 HTTP/1.1" 200 879 "http://whereshouldiski.com/" "Mozilla/5.0 (compatible; Googlebot/2.1; +http://www.google.com/bot.html)"
24.205.197.40 - - [18/Jan/2016:12:47:59 -0800] "GET /images/wsis-logo-sm.png HTTP/1.1" 200 6108 "http://www.thebackcountry.net/" "Mozilla/5.0 (Macintosh; Intel Mac OS X 10_6_8) AppleWebKit/537.36 (KHTML, like Gecko) Chrome/47.0.2526.106 Safari/537.36"
24.205.197.40 - - [18/Jan/2016:12:48:24 -0800] "-" 408 0 "-" "-"
24.205.197.40 - - [18/Jan/2016:12:48:24 -0800] "-" 408 0 "-" "-"
73.222.249.242 - - [18/Jan/2016:12:51:40 -0800] "GET /images/wsis-logo-sm.png HTTP/1.1" 200 6108 "http://www.thebackcountry.net/" "Mozilla/5.0 (Macintosh; Intel Mac OS X 10_11_2) AppleWebKit/537.36 (KHTML, like Gecko) Chrome/47.0.2526.111 Safari/537.36"
66.249.64.127 - - [18/Jan/2016:12:56:41 -0800] "GET /lib/reccapi.php?resort=missionridge&date=2016-01-18 HTTP/1.1" 200 1093 "http://whereshouldiski.com/" "Mozilla/5.0 (compatible; Googlebot/2.1; +http://www.google.com/bot.html)"
66.249.64.127 - - [18/Jan/2016:12:56:42 -0800] "GET /lib/resortDataSearchD3.php?size=7&sortDate=T&resort=missionridge&dateStart=2016-01-16 HTTP/1.1" 200 882 "http://whereshouldiski.com/" "Mozilla/5.0 (compatible; Googlebot/2.1; +http://www.google.com/bot.html)"
66.249.64.127 - - [18/Jan/2016:12:56:42 -0800] "GET /lib/reccapi.php?fields=t&date=2016-01-18&coords=47.28%2C-120.39&size=7&sort=distance HTTP/1.1" 200 1436 "http://whereshouldiski.com/" "Mozilla/5.0 (compatible; Googlebot/2.1; +http://www.google.com/bot.html)"
170.75.162.130 - - [18/Jan/2016:12:57:12 -0800] "GET /lib/reccapi.php?resort=bigsky HTTP/1.1" 200 1088 "-" "node-superagent/1.4.0"
170.75.162.130 - - [18/Jan/2016:12:57:22 -0800] "GET /lib/reccapi.php?resort=sundayriver HTTP/1.1" 200 1049 "-" "node-superagent/1.4.0"
170.75.162.130 - - [18/Jan/2016:13:06:34 -0800] "GET /lib/reccapi.php?resort=homewoodmountain HTTP/1.1" 200 1033 "-" "node-superagent/1.4.0"
157.55.39.156 - - [18/Jan/2016:13:06:38 -0800] "GET / HTTP/1.1" 200 2615 "-" "Mozilla/5.0 (compatible; bingbot/2.0; +http://www.bing.com/bingbot.htm)"
24.182.22.55 - - [18/Jan/2016:13:08:34 -0800] "GET /images/wsis-logo-sm.png HTTP/1.1" 200 6108 "http://www.thebackcountry.net/" "Mozilla/5.0 (Windows NT 6.1) AppleWebKit/537.36 (KHTML, like Gecko) Chrome/47.0.2526.111 Safari/537.36"
170.75.162.130 - - [18/Jan/2016:13:10:24 -0800] "GET /lib/reccapi.php?resort=49degreesnorth HTTP/1.1" 200 1032 "-" "node-superagent/1.4.0"
170.75.162.130 - - [18/Jan/2016:13:10:24 -0800] "GET /lib/reccapi.php?resort=crystalmountain HTTP/1.1" 200 1062 "-" "node-superagent/1.4.0"
170.75.162.130 - - [18/Jan/2016:13:10:24 -0800] "GET /lib/reccapi.php?resort=stevenspass HTTP/1.1" 200 1060 "-" "node-superagent/1.4.0"
170.75.162.130 - - [18/Jan/2016:13:10:34 -0800] "GET /lib/reccapi.php?resort=kirkwood HTTP/1.1" 200 1054 "-" "node-superagent/1.4.0"
170.75.162.130 - - [18/Jan/2016:13:11:24 -0800] "GET /lib/reccapi.php?resort=squawvalleyusa HTTP/1.1" 200 1031 "-" "node-superagent/1.4.0"
170.75.162.130 - - [18/Jan/2016:13:14:35 -0800] "GET /lib/reccapi.php?resort=bigwhite HTTP/1.1" 200 927 "-" "node-superagent/1.4.0"
170.75.162.130 - - [18/Jan/2016:13:14:35 -0800] "GET /lib/reccapi.php?resort=redmountain HTTP/1.1" 200 910 "-" "node-superagent/1.4.0"
170.75.162.130 - - [18/Jan/2016:13:14:35 -0800] "GET /lib/reccapi.php?resort=silverstarmountain HTTP/1.1" 200 933 "-" "node-superagent/1.4.0"
170.75.162.130 - - [18/Jan/2016:13:14:35 -0800] "GET /lib/reccapi.php?resort=whistlerblackcomb HTTP/1.1" 200 933 "-" "node-superagent/1.4.0"
98.255.250.52 - - [18/Jan/2016:13:14:36 -0800] "GET /images/wsis-logo-sm.png HTTP/1.1" 200 6108 "http://thebackcountry.net/" "Mozilla/5.0 (Windows NT 10.0; WOW64) AppleWebKit/537.36 (KHTML, like Gecko) Chrome/47.0.2526.111 Safari/537.36"
170.75.162.130 - - [18/Jan/2016:13:23:46 -0800] "GET /lib/reccapi.php?resort=sierra-at-tahoe HTTP/1.1" 200 1039 "-" "node-superagent/1.4.0"
209.33.83.76 - - [18/Jan/2016:13:28:03 -0800] "GET /images/wsis-logo-sm.png HTTP/1.1" 200 6108 "http://www.thebackcountry.net/" "Mozilla/5.0 (Linux; Android 4.4; LGL34C Build/KRT16S.L34CV10c) AppleWebKit/537.36 (KHTML, like Gecko) Chrome/47.0.2526.83 Mobile Safari/537.36"
209.33.83.76 - - [18/Jan/2016:13:28:24 -0800] "-" 408 0 "-" "-"
107.77.92.45 - - [18/Jan/2016:13:32:28 -0800] "GET /images/wsis-logo-sm.png HTTP/1.1" 200 6108 "http://www.thebackcountry.net/" "Mozilla/5.0 (iPhone; CPU iPhone OS 6_1_6 like Mac OS X) AppleWebKit/536.26 (KHTML, like Gecko) Version/6.0 Mobile/10B500 Safari/8536.25"
180.76.15.25 - - [18/Jan/2016:13:34:45 -0800] "GET / HTTP/1.1" 200 6995 "-" "Mozilla/5.0 (compatible; Baiduspider/2.0; +http://www.baidu.com/search/spider.html)"
180.76.15.145 - - [18/Jan/2016:13:35:42 -0800] "GET / HTTP/1.1" 200 6995 "-" "Mozilla/5.0 (compatible; Baiduspider/2.0; +http://www.baidu.com/search/spider.html)"
170.75.162.130 - - [18/Jan/2016:13:39:38 -0800] "GET /lib/reccapi.php?resort=alyeska HTTP/1.1" 200 1004 "-" "node-superagent/1.4.0"
66.249.64.53 - - [18/Jan/2016:13:40:40 -0800] "GET /robots.txt HTTP/1.1" 200 419 "-" "Mozilla/5.0 (compatible; Googlebot/2.1; +http://www.google.com/bot.html)"
66.249.64.43 - - [18/Jan/2016:13:40:40 -0800] "GET / HTTP/1.1" 200 2615 "-" "Mozilla/5.0 (iPhone; CPU iPhone OS 8_3 like Mac OS X) AppleWebKit/600.1.4 (KHTML, like Gecko) Version/8.0 Mobile/12F70 Safari/600.1.4 (compatible; Googlebot/2.1; +http://www.google.com/bot.html)"
170.75.162.130 - - [18/Jan/2016:13:41:28 -0800] "GET /lib/reccapi.php?resort=snowbird HTTP/1.1" 200 1043 "-" "node-superagent/1.4.0"
170.75.162.130 - - [18/Jan/2016:13:44:28 -0800] "GET /lib/reccapi.php?resort=heavenly HTTP/1.1" 200 1049 "-" "node-superagent/1.4.0"
170.75.162.130 - - [18/Jan/2016:13:54:30 -0800] "GET /lib/reccapi.php?resort=sugarbowl HTTP/1.1" 200 1005 "-" "node-superagent/1.4.0"
172.0.129.151 - - [18/Jan/2016:13:57:20 -0800] "GET /images/wsis-logo-sm.png HTTP/1.1" 200 6108 "http://www.thebackcountry.net/" "Mozilla/5.0 (Windows NT 6.1; WOW64; Trident/7.0; rv:11.0) like Gecko"
172.0.129.151 - - [18/Jan/2016:13:57:41 -0800] "-" 408 0 "-" "-"
170.75.162.130 - - [18/Jan/2016:14:02:41 -0800] "GET /lib/reccapi.php?resort=deervalley HTTP/1.1" 200 1080 "-" "node-superagent/1.4.0"
170.75.162.130 - - [18/Jan/2016:14:02:41 -0800] "GET /lib/reccapi.php?resort=brighton HTTP/1.1" 200 1045 "-" "node-superagent/1.4.0"
170.75.162.130 - - [18/Jan/2016:14:02:41 -0800] "GET /lib/reccapi.php?resort=parkcity HTTP/1.1" 200 1044 "-" "node-superagent/1.4.0"
170.75.162.130 - - [18/Jan/2016:14:02:41 -0800] "GET /lib/reccapi.php?resort=snowbasin HTTP/1.1" 200 1020 "-" "node-superagent/1.4.0"
170.75.162.130 - - [18/Jan/2016:14:02:41 -0800] "GET /lib/reccapi.php?resort=solitude HTTP/1.1" 200 1038 "-" "node-superagent/1.4.0"
181.49.78.229 - - [18/Jan/2016:14:06:08 -0800] "GET /images/wsis-logo-sm.png HTTP/1.1" 200 6108 "-" "Mozilla/5.0 (Windows NT 6.3; WOW64; rv:43.0) Gecko/20100101 Firefox/43.0"
198.20.69.76 - - [18/Jan/2016:14:13:27 -0800] "GET / HTTP/1.1" 200 6976 "-" "-"
198.20.69.76 - - [18/Jan/2016:14:13:27 -0800] "GET /robots.txt HTTP/1.1" 200 319 "-" "-"
198.20.69.76 - - [18/Jan/2016:14:13:27 -0800] "GET /sitemap.xml HTTP/1.1" 404 472 "-" "-"
71.11.182.24 - - [18/Jan/2016:14:22:10 -0800] "GET /images/wsis-logo-sm.png HTTP/1.1" 200 6108 "http://www.thebackcountry.net/" "Mozilla/5.0 (Windows NT 6.1; WOW64) AppleWebKit/537.36 (KHTML, like Gecko) Chrome/47.0.2526.106 Safari/537.36"
66.249.64.2 - - [18/Jan/2016:14:23:07 -0800] "GET /lib/reccapi.php?fields=t&date=2015-12-20 HTTP/1.1" 200 1924 "http://whereshouldiski.com/" "Mozilla/5.0 (compatible; Googlebot/2.1; +http://www.google.com/bot.html)"
52.33.40.213 - - [18/Jan/2016:14:25:34 -0800] "GET /lib/reccapi.php?resort=brighton HTTP/1.1" 200 1045 "-" "node-superagent/1.4.0"
170.75.162.130 - - [18/Jan/2016:14:30:34 -0800] "GET /lib/reccapi.php?resort=diamondpeak HTTP/1.1" 200 1025 "-" "node-superagent/1.4.0"
170.75.162.130 - - [18/Jan/2016:14:30:34 -0800] "GET /lib/reccapi.php?resort=jaypeak HTTP/1.1" 200 1042 "-" "node-superagent/1.4.0"
170.75.162.130 - - [18/Jan/2016:14:31:04 -0800] "GET /lib/reccapi.php?resort=mtrose HTTP/1.1" 200 1059 "-" "node-superagent/1.4.0"
170.75.162.130 - - [18/Jan/2016:14:31:34 -0800] "GET /lib/reccapi.php?resort=sugarbush HTTP/1.1" 200 1027 "-" "node-superagent/1.4.0"
24.180.38.82 - - [18/Jan/2016:14:31:51 -0800] "GET /images/wsis-logo-sm.png HTTP/1.1" 200 6108 "http://www.thebackcountry.net/" "Mozilla/5.0 (Macintosh; Intel Mac OS X 10_11_2) AppleWebKit/537.36 (KHTML, like Gecko) Chrome/47.0.2526.106 Safari/537.36"
170.75.162.130 - - [18/Jan/2016:14:32:04 -0800] "GET /lib/reccapi.php?resort=whitefacemountain HTTP/1.1" 200 1079 "-" "node-superagent/1.4.0"
170.75.162.130 - - [18/Jan/2016:14:32:14 -0800] "GET /lib/reccapi.php?resort=chinapeak HTTP/1.1" 200 1027 "-" "node-superagent/1.4.0"
170.75.162.130 - - [18/Jan/2016:14:32:24 -0800] "GET /lib/reccapi.php?resort=mammothmountain HTTP/1.1" 200 1084 "-" "node-superagent/1.4.0"
170.75.162.130 - - [18/Jan/2016:14:32:45 -0800] "GET /lib/reccapi.php?resort=smugglersnotch HTTP/1.1" 200 1047 "-" "node-superagent/1.4.0"
170.75.162.130 - - [18/Jan/2016:14:32:55 -0800] "GET /lib/reccapi.php?resort=stowe HTTP/1.1" 200 1012 "-" "node-superagent/1.4.0"
170.75.162.130 - - [18/Jan/2016:14:33:15 -0800] "GET /lib/reccapi.php?resort=mountainhigh HTTP/1.1" 200 1014 "-" "node-superagent/1.4.0"
180.76.15.5 - - [18/Jan/2016:14:34:23 -0800] "GET / HTTP/1.1" 200 6995 "-" "Mozilla/5.0 (compatible; Baiduspider/2.0; +http://www.baidu.com/search/spider.html)"
24.180.38.82 - - [18/Jan/2016:14:35:10 -0800] "-" 408 0 "-" "-"
180.76.15.9 - - [18/Jan/2016:14:35:19 -0800] "GET / HTTP/1.1" 200 6995 "-" "Mozilla/5.0 (compatible; Baiduspider/2.0; +http://www.baidu.com/search/spider.html)"
24.180.38.82 - - [18/Jan/2016:14:35:55 -0800] "-" 408 0 "-" "-"
24.180.38.82 - - [18/Jan/2016:14:35:55 -0800] "-" 408 0 "-" "-"
66.249.88.135 - - [18/Jan/2016:14:39:19 -0800] "GET /images/wsis-logo-sm.png HTTP/1.1" 200 6108 "http://www.thebackcountry.net/" "Mozilla/5.0 (Linux; Android 4.2.1; en-us; Nexus 5 Build/JOP40D) AppleWebKit/535.19 (KHTML, like Gecko; googleweblight) Chrome/38.0.1025.166 Mobile Safari/535.19"
220.181.108.145 - - [18/Jan/2016:14:50:23 -0800] "-" 408 0 "-" "-"
52.33.40.213 - - [18/Jan/2016:14:51:15 -0800] "GET /lib/reccapi.php?resort=mountspokane HTTP/1.1" 200 1079 "-" "node-superagent/1.4.0"
52.33.40.213 - - [18/Jan/2016:14:51:15 -0800] "GET /lib/reccapi.php?resort=mountbachelor HTTP/1.1" 200 993 "-" "node-superagent/1.4.0"
52.33.40.213 - - [18/Jan/2016:14:51:15 -0800] "GET /lib/reccapi.php?resort=mounthoodmeadows HTTP/1.1" 200 1093 "-" "node-superagent/1.4.0"
52.33.40.213 - - [18/Jan/2016:14:52:15 -0800] "GET /lib/reccapi.php?resort=schweitzer HTTP/1.1" 200 1048 "-" "node-superagent/1.4.0"
52.33.40.213 - - [18/Jan/2016:14:52:25 -0800] "GET /lib/reccapi.php?resort=stevenspass HTTP/1.1" 200 1060 "-" "node-superagent/1.4.0"
107.77.109.18 - - [18/Jan/2016:14:53:20 -0800] "GET /images/wsis-logo-sm.png HTTP/1.1" 200 6108 "http://www.thebackcountry.net/" "Mozilla/5.0 (iPhone; CPU iPhone OS 8_2 like Mac OS X) AppleWebKit/600.1.4 (KHTML, like Gecko) Version/8.0 Mobile/12D508 Safari/600.1.4"
52.33.40.213 - - [18/Jan/2016:14:53:35 -0800] "GET /lib/reccapi.php?resort=sunvalley HTTP/1.1" 200 1085 "-" "node-superagent/1.4.0"
52.33.40.213 - - [18/Jan/2016:14:53:35 -0800] "GET /lib/reccapi.php?resort=taos HTTP/1.1" 200 938 "-" "node-superagent/1.4.0"
66.249.64.8 - - [18/Jan/2016:14:55:50 -0800] "GET /lib/reccapi.php?resort=alpinemeadows&date=2016-01-17 HTTP/1.1" 200 1099 "http://whereshouldiski.com/" "Mozilla/5.0 (compatible; Googlebot/2.1; +http://www.google.com/bot.html)"
66.249.64.127 - - [18/Jan/2016:14:55:51 -0800] "GET /lib/reccapi.php?fields=t&date=2016-01-17&coords=39.17%2C-120.25&size=7&sort=distance HTTP/1.1" 200 1408 "http://whereshouldiski.com/" "Mozilla/5.0 (compatible; Googlebot/2.1; +http://www.google.com/bot.html)"
66.249.64.127 - - [18/Jan/2016:14:55:51 -0800] "GET /lib/resortDataSearchD3.php?size=7&sortDate=T&resort=alpinemeadows&dateStart=2016-01-15 HTTP/1.1" 200 882 "http://whereshouldiski.com/" "Mozilla/5.0 (compatible; Googlebot/2.1; +http://www.google.com/bot.html)"
73.220.33.70 - - [18/Jan/2016:14:57:22 -0800] "GET /images/wsis-logo-sm.png HTTP/1.1" 200 6108 "http://www.thebackcountry.net/" "Mozilla/5.0 (iPad; CPU OS 9_2 like Mac OS X) AppleWebKit/601.1.46 (KHTML, like Gecko) Version/9.0 Mobile/13C75 Safari/601.1"
170.75.162.130 - - [18/Jan/2016:15:00:08 -0800] "GET /lib/reccapi.php?resort=sunpeaksresort HTTP/1.1" 200 924 "-" "node-superagent/1.4.0"
174.21.65.140 - - [18/Jan/2016:15:00:57 -0800] "GET /images/wsis-logo-sm.png HTTP/1.1" 200 6108 "http://www.thebackcountry.net/" "Mozilla/5.0 (Macintosh; Intel Mac OS X 10_6_8) AppleWebKit/537.36 (KHTML, like Gecko) Chrome/47.0.2526.111 Safari/537.36"
85.128.142.58 - - [18/Jan/2016:15:03:23 -0800] "GET / HTTP/1.1" 200 6995 "-" "Mozilla/5.0 (Windows NT 5.1) AppleWebKit/537.36 (KHTML, like Gecko) Chrome/46.0.2490.86 Safari/537.36"
202.112.51.96 - - [18/Jan/2016:15:15:38 -0800] "GET / HTTP/1.1" 200 6976 "-" "-"
66.87.134.72 - - [18/Jan/2016:15:18:06 -0800] "GET /images/wsis-logo-sm.png HTTP/1.1" 200 6108 "http://www.thebackcountry.net/" "Mozilla/5.0 (iPhone; CPU iPhone OS 9_2 like Mac OS X) AppleWebKit/601.1.46 (KHTML, like Gecko) Version/9.0 Mobile/13C75 Safari/601.1"
66.249.64.8 - - [18/Jan/2016:15:19:44 -0800] "GET /lib/reccapi.php?resort=missionridge&date=2016-01-06 HTTP/1.1" 200 1024 "http://whereshouldiski.com/" "Mozilla/5.0 (compatible; Googlebot/2.1; +http://www.google.com/bot.html)"
66.249.64.127 - - [18/Jan/2016:15:19:45 -0800] "GET /lib/resortDataSearchD3.php?size=7&sortDate=T&resort=missionridge&dateStart=2016-01-04 HTTP/1.1" 200 881 "http://whereshouldiski.com/" "Mozilla/5.0 (compatible; Googlebot/2.1; +http://www.google.com/bot.html)"
66.249.64.127 - - [18/Jan/2016:15:19:45 -0800] "GET /lib/reccapi.php?fields=t&date=2016-01-06&coords=47.28%2C-120.39&size=7&sort=distance HTTP/1.1" 200 1427 "http://whereshouldiski.com/" "Mozilla/5.0 (compatible; Googlebot/2.1; +http://www.google.com/bot.html)"
70.214.40.145 - - [18/Jan/2016:15:20:09 -0800] "GET /images/wsis-logo-sm.png HTTP/1.1" 200 6108 "http://www.thebackcountry.net/" "Mozilla/5.0 (Linux; Android 5.1.1; SM-G920V Build/LMY47X) AppleWebKit/537.36 (KHTML, like Gecko) Chrome/47.0.2526.83 Mobile Safari/537.36"
96.38.177.44 - - [18/Jan/2016:15:23:03 -0800] "GET /images/wsis-logo-sm.png HTTP/1.1" 200 6108 "http://www.thebackcountry.net/" "Mozilla/5.0 (Macintosh; Intel Mac OS X 10_9_4) AppleWebKit/537.36 (KHTML, like Gecko) Chrome/47.0.2526.111 Safari/537.36"
67.188.30.67 - - [18/Jan/2016:15:23:06 -0800] "GET /images/wsis-logo-sm.png HTTP/1.1" 200 6108 "http://www.thebackcountry.net/" "Mozilla/5.0 (Windows NT 10.0; Win64; x64) AppleWebKit/537.36 (KHTML, like Gecko) Chrome/47.0.2526.111 Safari/537.36"
96.38.177.44 - - [18/Jan/2016:15:23:24 -0800] "-" 408 0 "-" "-"
66.249.64.2 - - [18/Jan/2016:15:26:09 -0800] "GET /lib/reccapi.php?resort=grandtarghee&date=2016-01-17 HTTP/1.1" 200 1054 "http://whereshouldiski.com/" "Mozilla/5.0 (compatible; Googlebot/2.1; +http://www.google.com/bot.html)"
66.249.64.127 - - [18/Jan/2016:15:26:10 -0800] "GET /lib/reccapi.php?fields=t&date=2016-01-17&coords=43.79%2C-110.95&size=7&sort=distance HTTP/1.1" 200 1418 "http://whereshouldiski.com/" "Mozilla/5.0 (compatible; Googlebot/2.1; +http://www.google.com/bot.html)"
66.249.64.127 - - [18/Jan/2016:15:26:10 -0800] "GET /lib/resortDataSearchD3.php?size=7&sortDate=T&resort=grandtarghee&dateStart=2016-01-15 HTTP/1.1" 200 878 "http://whereshouldiski.com/" "Mozilla/5.0 (compatible; Googlebot/2.1; +http://www.google.com/bot.html)"
180.76.15.161 - - [18/Jan/2016:15:29:56 -0800] "GET / HTTP/1.1" 200 6995 "-" "Mozilla/5.0 (compatible; Baiduspider/2.0; +http://www.baidu.com/search/spider.html)"
180.76.15.140 - - [18/Jan/2016:15:30:43 -0800] "GET / HTTP/1.1" 200 6995 "-" "Mozilla/5.0 (compatible; Baiduspider/2.0; +http://www.baidu.com/search/spider.html)"
169.229.129.114 - - [18/Jan/2016:15:34:37 -0800] "GET /images/wsis-logo-sm.png HTTP/1.1" 200 6108 "http://www.thebackcountry.net/" "Mozilla/5.0 (Windows NT 6.1; WOW64) AppleWebKit/537.36 (KHTML, like Gecko) Chrome/47.0.2526.111 Safari/537.36"
66.249.64.2 - - [18/Jan/2016:15:34:50 -0800] "GET /lib/reccapi.php?resort=alpinemeadows&date=2016-01-09 HTTP/1.1" 200 1097 "http://whereshouldiski.com/" "Mozilla/5.0 (compatible; Googlebot/2.1; +http://www.google.com/bot.html)"
66.249.64.127 - - [18/Jan/2016:15:34:51 -0800] "GET /lib/resortDataSearchD3.php?size=7&sortDate=T&resort=alpinemeadows&dateStart=2016-01-07 HTTP/1.1" 200 868 "http://whereshouldiski.com/" "Mozilla/5.0 (compatible; Googlebot/2.1; +http://www.google.com/bot.html)"
66.249.64.127 - - [18/Jan/2016:15:34:51 -0800] "GET /lib/reccapi.php?fields=t&date=2016-01-09&coords=39.17%2C-120.25&size=7&sort=distance HTTP/1.1" 200 1394 "http://whereshouldiski.com/" "Mozilla/5.0 (compatible; Googlebot/2.1; +http://www.google.com/bot.html)"
73.162.238.148 - - [18/Jan/2016:15:35:26 -0800] "GET /images/wsis-logo-sm.png HTTP/1.1" 200 6108 "http://www.thebackcountry.net/" "Mozilla/5.0 (iPad; CPU OS 9_2 like Mac OS X) AppleWebKit/601.1.46 (KHTML, like Gecko) Version/9.0 Mobile/13C75 Safari/601.1"
162.135.0.56 - - [18/Jan/2016:15:39:39 -0800] "GET /images/wsis-logo-sm.png HTTP/1.1" 200 6108 "http://www.thebackcountry.net/" "Mozilla/5.0 (compatible; MSIE 9.0; Windows NT 6.1; WOW64; Trident/5.0)"
67.182.20.63 - - [18/Jan/2016:15:42:46 -0800] "GET /images/wsis-logo-sm.png HTTP/1.1" 200 6108 "http://www.thebackcountry.net/" "Mozilla/5.0 (Windows NT 10.0; WOW64) AppleWebKit/537.36 (KHTML, like Gecko) Chrome/47.0.2526.111 Safari/537.36"
47.208.176.144 - - [18/Jan/2016:15:50:07 -0800] "GET /images/wsis-logo-sm.png HTTP/1.1" 200 6108 "http://thebackcountry.net/" "Mozilla/5.0 (X11; Linux x86_64) AppleWebKit/537.36 (KHTML, like Gecko) Chrome/47.0.2526.111 Safari/537.36"
170.75.162.130 - - [18/Jan/2016:15:54:35 -0800] "GET /lib/reccapi.php?resort=arapahoebasin HTTP/1.1" 200 1040 "-" "node-superagent/1.4.0"
52.33.40.213 - - [18/Jan/2016:16:05:58 -0800] "GET /lib/reccapi.php?resort=alta HTTP/1.1" 200 1037 "-" "node-superagent/1.4.0"
52.33.40.213 - - [18/Jan/2016:16:05:58 -0800] "GET /lib/reccapi.php?resort=alpinemeadows HTTP/1.1" 200 1043 "-" "node-superagent/1.4.0"
52.33.40.213 - - [18/Jan/2016:16:06:58 -0800] "GET /lib/reccapi.php?resort=49degreesnorth HTTP/1.1" 200 1032 "-" "node-superagent/1.4.0"
52.33.40.213 - - [18/Jan/2016:16:07:08 -0800] "GET /lib/reccapi.php?resort=alyeska HTTP/1.1" 200 1004 "-" "node-superagent/1.4.0"
170.75.162.130 - - [18/Jan/2016:16:16:28 -0800] "GET /lib/reccapi.php?resort=alpinemeadows HTTP/1.1" 200 1043 "-" "node-superagent/1.4.0"
185.49.14.190 - - [18/Jan/2016:16:19:21 -0800] "GET http://testp4.pospr.waw.pl/testproxy.php HTTP/1.1" 404 448 "-" "Mozilla/5.0 (Windows NT 5.1; rv:32.0) Gecko/20100101 Firefox/31.0"
