189.34.152.207 - - [11/Sep/2015:06:56:45 -0700] "GET /images/logo-sm.png HTTP/1.1" 200 16737 "http://whereshouldiski.com/" "Mozilla/5.0 (Windows NT 6.1; WOW64) AppleWebKit/537.36 (KHTML, like Gecko) Chrome/36.0.1985.143 Safari/537.36"
189.34.152.207 - - [11/Sep/2015:06:56:45 -0700] "GET /images/loading.gif HTTP/1.1" 200 13881 "http://whereshouldiski.com/" "Mozilla/5.0 (Windows NT 6.1; WOW64) AppleWebKit/537.36 (KHTML, like Gecko) Chrome/36.0.1985.143 Safari/537.36"
189.34.152.207 - - [11/Sep/2015:06:56:45 -0700] "GET /scripts/fa48e319.main.js HTTP/1.1" 200 123455 "http://whereshouldiski.com/" "Mozilla/5.0 (Windows NT 6.1; WOW64) AppleWebKit/537.36 (KHTML, like Gecko) Chrome/36.0.1985.143 Safari/537.36"
189.34.152.207 - - [11/Sep/2015:06:56:48 -0700] "GET /images/button.png HTTP/1.1" 200 598 "http://whereshouldiski.com/" "Mozilla/5.0 (Windows NT 6.1; WOW64) AppleWebKit/537.36 (KHTML, like Gecko) Chrome/36.0.1985.143 Safari/537.36"
189.34.152.207 - - [11/Sep/2015:06:56:48 -0700] "GET /lib/reccapi.php?fields=t HTTP/1.1" 200 1730 "http://whereshouldiski.com/" "Mozilla/5.0 (Windows NT 6.1; WOW64) AppleWebKit/537.36 (KHTML, like Gecko) Chrome/36.0.1985.143 Safari/537.36"
189.34.152.207 - - [11/Sep/2015:06:56:48 -0700] "GET /images/greyHeader.png HTTP/1.1" 200 508 "http://whereshouldiski.com/" "Mozilla/5.0 (Windows NT 6.1; WOW64) AppleWebKit/537.36 (KHTML, like Gecko) Chrome/36.0.1985.143 Safari/537.36"
189.34.152.207 - - [11/Sep/2015:06:56:48 -0700] "GET /images/snowflake5.png HTTP/1.1" 200 2857 "http://whereshouldiski.com/" "Mozilla/5.0 (Windows NT 6.1; WOW64) AppleWebKit/537.36 (KHTML, like Gecko) Chrome/36.0.1985.143 Safari/537.36"
189.34.152.207 - - [11/Sep/2015:06:56:48 -0700] "GET /images/star5.png HTTP/1.1" 200 1783 "http://whereshouldiski.com/" "Mozilla/5.0 (Windows NT 6.1; WOW64) AppleWebKit/537.36 (KHTML, like Gecko) Chrome/36.0.1985.143 Safari/537.36"
189.34.152.207 - - [11/Sep/2015:06:56:49 -0700] "GET /images/bluebird5.png HTTP/1.1" 200 2177 "http://whereshouldiski.com/" "Mozilla/5.0 (Windows NT 6.1; WOW64) AppleWebKit/537.36 (KHTML, like Gecko) Chrome/36.0.1985.143 Safari/537.36"
189.34.152.207 - - [11/Sep/2015:06:56:49 -0700] "GET /images/shading-icon.png HTTP/1.1" 200 536 "http://whereshouldiski.com/" "Mozilla/5.0 (Windows NT 6.1; WOW64) AppleWebKit/537.36 (KHTML, like Gecko) Chrome/36.0.1985.143 Safari/537.36"
189.34.152.207 - - [11/Sep/2015:06:56:49 -0700] "GET /images/mtns-icon.png HTTP/1.1" 200 1097 "http://whereshouldiski.com/" "Mozilla/5.0 (Windows NT 6.1; WOW64) AppleWebKit/537.36 (KHTML, like Gecko) Chrome/36.0.1985.143 Safari/537.36"
189.34.152.207 - - [11/Sep/2015:06:57:10 -0700] "-" 408 0 "-" "-"
189.34.152.207 - - [11/Sep/2015:06:57:10 -0700] "-" 408 0 "-" "-"
127.0.0.1 - - [11/Sep/2015:06:57:11 -0700] "OPTIONS * HTTP/1.0" 200 126 "-" "Apache/2.2.22 (Ubuntu) (internal dummy connection)"
170.75.162.130 - - [11/Sep/2015:07:03:17 -0700] "GET /lib/reccapi.php?resort=whitefacemountain HTTP/1.1" 200 960 "-" "node-superagent/0.18.2"
123.125.71.107 - - [11/Sep/2015:07:04:04 -0700] "-" 408 0 "-" "-"
220.181.108.178 - - [11/Sep/2015:07:10:48 -0700] "-" 408 0 "-" "-"
24.143.115.216 - - [11/Sep/2015:07:12:20 -0700] "GET / HTTP/1.1" 200 2376 "-" "Mozilla/5.0 (Macintosh; Intel Mac OS X 10_10_5) AppleWebKit/537.36 (KHTML, like Gecko) Chrome/45.0.2454.85 Safari/537.36"
24.143.115.216 - - [11/Sep/2015:07:12:20 -0700] "GET /scripts/scripts/vendor/modernizr.js HTTP/1.1" 200 4903 "http://whereshouldiski.com/" "Mozilla/5.0 (Macintosh; Intel Mac OS X 10_10_5) AppleWebKit/537.36 (KHTML, like Gecko) Chrome/45.0.2454.85 Safari/537.36"
24.143.115.216 - - [11/Sep/2015:07:12:20 -0700] "GET /images/logo-sm.png HTTP/1.1" 200 16738 "http://whereshouldiski.com/" "Mozilla/5.0 (Macintosh; Intel Mac OS X 10_10_5) AppleWebKit/537.36 (KHTML, like Gecko) Chrome/45.0.2454.85 Safari/537.36"
24.143.115.216 - - [11/Sep/2015:07:12:20 -0700] "GET /styles/0fffd548.main.css HTTP/1.1" 200 19316 "http://whereshouldiski.com/" "Mozilla/5.0 (Macintosh; Intel Mac OS X 10_10_5) AppleWebKit/537.36 (KHTML, like Gecko) Chrome/45.0.2454.85 Safari/537.36"
24.143.115.216 - - [11/Sep/2015:07:12:21 -0700] "GET /bower_components/requirejs/require.js HTTP/1.1" 200 6702 "http://whereshouldiski.com/" "Mozilla/5.0 (Macintosh; Intel Mac OS X 10_10_5) AppleWebKit/537.36 (KHTML, like Gecko) Chrome/45.0.2454.85 Safari/537.36"
24.143.115.216 - - [11/Sep/2015:07:12:21 -0700] "GET /images/loading.gif HTTP/1.1" 200 13881 "http://whereshouldiski.com/" "Mozilla/5.0 (Macintosh; Intel Mac OS X 10_10_5) AppleWebKit/537.36 (KHTML, like Gecko) Chrome/45.0.2454.85 Safari/537.36"
24.143.115.216 - - [11/Sep/2015:07:12:21 -0700] "GET /scripts/fa48e319.main.js HTTP/1.1" 200 123455 "http://whereshouldiski.com/" "Mozilla/5.0 (Macintosh; Intel Mac OS X 10_10_5) AppleWebKit/537.36 (KHTML, like Gecko) Chrome/45.0.2454.85 Safari/537.36"
24.143.115.216 - - [11/Sep/2015:07:12:22 -0700] "GET /images/greyHeader.png HTTP/1.1" 200 508 "http://whereshouldiski.com/styles/0fffd548.main.css" "Mozilla/5.0 (Macintosh; Intel Mac OS X 10_10_5) AppleWebKit/537.36 (KHTML, like Gecko) Chrome/45.0.2454.85 Safari/537.36"
24.143.115.216 - - [11/Sep/2015:07:12:22 -0700] "GET /images/button.png HTTP/1.1" 200 598 "http://whereshouldiski.com/styles/0fffd548.main.css" "Mozilla/5.0 (Macintosh; Intel Mac OS X 10_10_5) AppleWebKit/537.36 (KHTML, like Gecko) Chrome/45.0.2454.85 Safari/537.36"
24.143.115.216 - - [11/Sep/2015:07:12:22 -0700] "GET /lib/reccapi.php?fields=t&coords=47.5927538,-122.30553839999997 HTTP/1.1" 200 1919 "http://whereshouldiski.com/" "Mozilla/5.0 (Macintosh; Intel Mac OS X 10_10_5) AppleWebKit/537.36 (KHTML, like Gecko) Chrome/45.0.2454.85 Safari/537.36"
24.143.115.216 - - [11/Sep/2015:07:12:22 -0700] "GET /images/snowflake5.png HTTP/1.1" 200 2857 "http://whereshouldiski.com/styles/0fffd548.main.css" "Mozilla/5.0 (Macintosh; Intel Mac OS X 10_10_5) AppleWebKit/537.36 (KHTML, like Gecko) Chrome/45.0.2454.85 Safari/537.36"
24.143.115.216 - - [11/Sep/2015:07:12:22 -0700] "GET /images/bluebird5.png HTTP/1.1" 200 2177 "http://whereshouldiski.com/styles/0fffd548.main.css" "Mozilla/5.0 (Macintosh; Intel Mac OS X 10_10_5) AppleWebKit/537.36 (KHTML, like Gecko) Chrome/45.0.2454.85 Safari/537.36"
24.143.115.216 - - [11/Sep/2015:07:12:22 -0700] "GET /images/mtns-icon.png HTTP/1.1" 200 1096 "http://whereshouldiski.com/styles/0fffd548.main.css" "Mozilla/5.0 (Macintosh; Intel Mac OS X 10_10_5) AppleWebKit/537.36 (KHTML, like Gecko) Chrome/45.0.2454.85 Safari/537.36"
24.143.115.216 - - [11/Sep/2015:07:12:22 -0700] "GET /images/star5.png HTTP/1.1" 200 1783 "http://whereshouldiski.com/styles/0fffd548.main.css" "Mozilla/5.0 (Macintosh; Intel Mac OS X 10_10_5) AppleWebKit/537.36 (KHTML, like Gecko) Chrome/45.0.2454.85 Safari/537.36"
24.143.115.216 - - [11/Sep/2015:07:12:22 -0700] "GET /images/shading-icon.png HTTP/1.1" 200 537 "http://whereshouldiski.com/styles/0fffd548.main.css" "Mozilla/5.0 (Macintosh; Intel Mac OS X 10_10_5) AppleWebKit/537.36 (KHTML, like Gecko) Chrome/45.0.2454.85 Safari/537.36"
24.143.115.216 - - [11/Sep/2015:07:12:32 -0700] "GET /scripts/templates/about.html HTTP/1.1" 200 1969 "http://whereshouldiski.com/" "Mozilla/5.0 (Macintosh; Intel Mac OS X 10_10_5) AppleWebKit/537.36 (KHTML, like Gecko) Chrome/45.0.2454.85 Safari/537.36"
24.143.115.216 - - [11/Sep/2015:07:12:32 -0700] "GET /images/profile-med.jpg HTTP/1.1" 200 24003 "http://whereshouldiski.com/" "Mozilla/5.0 (Macintosh; Intel Mac OS X 10_10_5) AppleWebKit/537.36 (KHTML, like Gecko) Chrome/45.0.2454.85 Safari/537.36"
24.143.115.216 - - [11/Sep/2015:07:12:39 -0700] "GET /lib/reccapi.php?fields=t&coords=47.5927538,-122.30553839999997 HTTP/1.1" 200 1920 "http://whereshouldiski.com/" "Mozilla/5.0 (Macintosh; Intel Mac OS X 10_10_5) AppleWebKit/537.36 (KHTML, like Gecko) Chrome/45.0.2454.85 Safari/537.36"
127.0.0.1 - - [11/Sep/2015:07:12:46 -0700] "OPTIONS * HTTP/1.0" 200 126 "-" "Apache/2.2.22 (Ubuntu) (internal dummy connection)"
180.76.15.20 - - [11/Sep/2015:07:13:06 -0700] "GET / HTTP/1.1" 200 2339 "-" "Mozilla/5.0 (compatible; Baiduspider/2.0; +http://www.baidu.com/search/spider.html)"
170.75.162.130 - - [11/Sep/2015:07:21:29 -0700] "GET /lib/reccapi.php?resort=killington HTTP/1.1" 200 1002 "-" "node-superagent/0.18.2"
104.197.33.0 - - [11/Sep/2015:07:32:00 -0700] "GET / HTTP/1.0" 200 6151 "-" "NerdyBot"
68.180.229.34 - - [11/Sep/2015:07:38:55 -0700] "GET /robots.txt HTTP/1.1" 200 319 "-" "Mozilla/5.0 (compatible; Yahoo! Slurp; http://help.yahoo.com/help/us/ysearch/slurp)"
68.180.229.34 - - [11/Sep/2015:07:38:55 -0700] "GET /resorts?resort=alta HTTP/1.1" 404 450 "-" "Mozilla/5.0 (compatible; Yahoo! Slurp; http://help.yahoo.com/help/us/ysearch/slurp)"
187.87.194.117 - - [11/Sep/2015:08:02:48 -0700] "GET /images/wsis-logo-sm.png HTTP/1.1" 200 6108 "http://thebackcountry.net/" "Mozilla/5.0 (Windows NT 6.1; WOW64) AppleWebKit/537.36 (KHTML, like Gecko) Chrome/35.0.1916.153 Safari/537.36"
123.125.71.71 - - [11/Sep/2015:08:14:28 -0700] "-" 408 0 "-" "-"
220.181.108.159 - - [11/Sep/2015:08:22:29 -0700] "-" 408 0 "-" "-"
170.75.162.130 - - [11/Sep/2015:08:22:44 -0700] "GET /lib/reccapi.php?resort=alpinemeadows HTTP/1.1" 200 977 "-" "node-superagent/0.18.2"
170.75.162.130 - - [11/Sep/2015:08:28:14 -0700] "GET /lib/reccapi.php?resort=devilshead HTTP/1.1" 200 972 "-" "node-superagent/0.18.2"
207.141.66.46 - - [11/Sep/2015:08:31:45 -0700] "GET /images/wsis-logo-sm.png HTTP/1.1" 200 6108 "http://www.thebackcountry.net/" "Mozilla/5.0 (Macintosh; Intel Mac OS X 10_9_4) AppleWebKit/537.77.4 (KHTML, like Gecko) Version/7.0.5 Safari/537.77.4"
180.76.15.152 - - [11/Sep/2015:08:39:56 -0700] "GET / HTTP/1.1" 200 6114 "-" "Mozilla/5.0 (compatible; Baiduspider/2.0; +http://www.baidu.com/search/spider.html)"
180.76.15.139 - - [11/Sep/2015:08:40:44 -0700] "GET / HTTP/1.1" 200 6114 "-" "Mozilla/5.0 (compatible; Baiduspider/2.0; +http://www.baidu.com/search/spider.html)"
67.168.171.124 - - [11/Sep/2015:08:42:49 -0700] "GET /images/wsis-logo-sm.png HTTP/1.1" 200 6108 "http://www.thebackcountry.net/" "Mozilla/5.0 (Macintosh; Intel Mac OS X 10_10_5) AppleWebKit/600.8.9 (KHTML, like Gecko) Version/8.0.8 Safari/600.8.9"
162.210.106.231 - - [11/Sep/2015:09:04:13 -0700] "GET /images/wsis-logo-sm.png HTTP/1.1" 200 6108 "http://www.thebackcountry.net/" "Mozilla/5.0 (Windows NT 6.1; WOW64; rv:40.0) Gecko/20100101 Firefox/40.0"
123.125.71.74 - - [11/Sep/2015:09:10:47 -0700] "-" 408 0 "-" "-"
220.181.108.186 - - [11/Sep/2015:09:18:01 -0700] "-" 408 0 "-" "-"
170.75.162.130 - - [11/Sep/2015:09:28:09 -0700] "GET /lib/reccapi.php?resort=aspenmountain HTTP/1.1" 200 985 "-" "node-superagent/0.18.2"
208.115.113.83 - - [11/Sep/2015:09:43:13 -0700] "GET /robots.txt HTTP/1.1" 200 319 "-" "Mozilla/5.0 (compatible; DotBot/1.1; http://www.opensiteexplorer.org/dotbot, help@moz.com)"
207.190.65.40 - - [11/Sep/2015:09:47:19 -0700] "GET /images/wsis-logo-sm.png HTTP/1.1" 200 6108 "http://www.thebackcountry.net/" "Mozilla/5.0 (Windows NT 6.1; Win64; x64) AppleWebKit/537.36 (KHTML, like Gecko) Chrome/45.0.2454.85 Safari/537.36"
180.76.15.14 - - [11/Sep/2015:09:47:48 -0700] "GET / HTTP/1.1" 200 6114 "-" "Mozilla/5.0 (compatible; Baiduspider/2.0; +http://www.baidu.com/search/spider.html)"
174.6.92.87 - - [11/Sep/2015:09:57:36 -0700] "GET /images/wsis-logo-sm.png HTTP/1.1" 200 6108 "http://www.thebackcountry.net/" "Mozilla/5.0 (Windows NT 6.3; WOW64; rv:40.0) Gecko/20100101 Firefox/40.0"
123.125.71.30 - - [11/Sep/2015:10:01:25 -0700] "-" 408 0 "-" "-"
220.181.108.155 - - [11/Sep/2015:10:06:28 -0700] "-" 408 0 "-" "-"
93.159.201.82 - - [11/Sep/2015:10:21:42 -0700] "GET /wordpress/wp-login.php HTTP/1.1" 404 476 "-" "Mozilla/5.0 (compatible; Googlebot/2.1; +http://www.google.com/bot.html)"
46.172.71.251 - - [11/Sep/2015:10:22:59 -0700] "GET /rom-0 HTTP/1.1" 404 489 "-" "Mozilla/5.0 (compatible; Googlebot/2.1; +http://www.google.com/bot.html)"
71.140.31.214 - - [11/Sep/2015:10:29:45 -0700] "GET /images/wsis-logo-sm.png HTTP/1.1" 200 6108 "http://thebackcountry.net/" "Mozilla/4.0 (compatible; MSIE 8.0; Windows NT 5.1; Trident/4.0; .NET CLR 2.0.50727; .NET CLR 3.0.4506.2152; .NET CLR 3.5.30729; 786908940603; Build/14.08001)"
93.159.201.82 - - [11/Sep/2015:10:31:25 -0700] "-" 408 0 "-" "-"
157.55.39.49 - - [11/Sep/2015:10:32:15 -0700] "GET /robots.txt HTTP/1.1" 200 375 "-" "Mozilla/5.0 (compatible; bingbot/2.0; +http://www.bing.com/bingbot.htm)"
37.9.53.133 - - [11/Sep/2015:10:33:21 -0700] "GET /index.php?option=com_myblog&task=ajaxupload HTTP/1.1" 404 532 "-" "Mozilla/5.0 (Windows NT 5.1; rv:22.0) Gecko/20100101 Firefox/22.0 Paros/3.2.13"
71.140.31.214 - - [11/Sep/2015:10:34:31 -0700] "GET /images/wsis-logo-sm.png HTTP/1.1" 200 6108 "http://thebackcountry.net/" "Mozilla/4.0 (compatible; MSIE 8.0; Windows NT 5.1; Trident/4.0; .NET CLR 2.0.50727; .NET CLR 3.0.4506.2152; .NET CLR 3.5.30729; 786908940603; Build/14.08001)"
208.115.113.83 - - [11/Sep/2015:10:36:15 -0700] "GET /resorts?resort=wolfcreek&date=2014-10-31 HTTP/1.1" 404 476 "-" "Mozilla/5.0 (compatible; DotBot/1.1; http://www.opensiteexplorer.org/dotbot, help@moz.com)"
66.214.212.167 - - [11/Sep/2015:10:39:57 -0700] "GET /images/wsis-logo-sm.png HTTP/1.1" 200 6108 "http://www.thebackcountry.net/" "Mozilla/5.0 (Macintosh; Intel Mac OS X 10_10_5) AppleWebKit/600.8.9 (KHTML, like Gecko) Version/8.0.8 Safari/600.8.9"
61.135.190.103 - - [11/Sep/2015:10:58:37 -0700] "GET / HTTP/1.1" 200 2376 "http://www.baidu.com/s?wd=WhereShouldISki-WeatherData-DrivenRecommendationsforSkiing" "Mozilla/5.0 (iPhone; CPU iPhone OS 5_0 like Mac OS X) AppleWebKit/534.46 (KHTML, like Gecko) Version/5.1 Mobile/9A334 Safari/7534.48.3"
61.135.190.219 - - [11/Sep/2015:10:58:37 -0700] "GET /scripts/scripts/vendor/modernizr.js HTTP/1.1" 200 4903 "http://www.whereshouldiski.com/" "Mozilla/5.0 (iPhone; CPU iPhone OS 5_0 like Mac OS X) AppleWebKit/534.46 (KHTML, like Gecko) Version/5.1 Mobile/9A334 Safari/7534.48.3"
61.135.190.103 - - [11/Sep/2015:10:58:37 -0700] "GET /bower_components/requirejs/require.js HTTP/1.1" 200 6701 "http://www.whereshouldiski.com/" "Mozilla/5.0 (iPhone; CPU iPhone OS 5_0 like Mac OS X) AppleWebKit/534.46 (KHTML, like Gecko) Version/5.1 Mobile/9A334 Safari/7534.48.3"
61.135.190.103 - - [11/Sep/2015:10:58:38 -0700] "GET /scripts/fa48e319.main.js HTTP/1.1" 200 123455 "http://www.whereshouldiski.com/" "Mozilla/5.0 (iPhone; CPU iPhone OS 5_0 like Mac OS X) AppleWebKit/534.46 (KHTML, like Gecko) Version/5.1 Mobile/9A334 Safari/7534.48.3"
61.135.190.219 - - [11/Sep/2015:10:58:44 -0700] "GET /lib/reccapi.php?fields=t HTTP/1.1" 200 1752 "http://www.whereshouldiski.com/" "Mozilla/5.0 (iPhone; CPU iPhone OS 5_0 like Mac OS X) AppleWebKit/534.46 (KHTML, like Gecko) Version/5.1 Mobile/9A334 Safari/7534.48.3"
61.135.190.103 - - [11/Sep/2015:10:58:50 -0700] "GET / HTTP/1.1" 200 2376 "http://www.baidu.com/s?wd=WhereShouldISki-WeatherData-DrivenRecommendationsforSkiing" "Mozilla/5.0 (Windows NT 6.1; WOW64) AppleWebKit/537.36 (KHTML, like Gecko) Chrome/36.0.1985.143 Safari/537.36"
71.140.31.214 - - [11/Sep/2015:10:59:32 -0700] "GET /images/wsis-logo-sm.png HTTP/1.1" 200 6108 "http://thebackcountry.net/" "Mozilla/4.0 (compatible; MSIE 8.0; Windows NT 5.1; Trident/4.0; .NET CLR 2.0.50727; .NET CLR 3.0.4506.2152; .NET CLR 3.5.30729; 786908940603; Build/14.08001)"
66.129.246.4 - - [11/Sep/2015:11:01:51 -0700] "GET /images/wsis-logo-sm.png HTTP/1.1" 200 6108 "http://www.thebackcountry.net/" "Mozilla/5.0 (Macintosh; Intel Mac OS X 10_8_5) AppleWebKit/537.36 (KHTML, like Gecko) Chrome/45.0.2454.85 Safari/537.36"
123.125.71.87 - - [11/Sep/2015:11:05:11 -0700] "-" 408 0 "-" "-"
207.46.13.126 - - [11/Sep/2015:11:05:14 -0700] "GET /about HTTP/1.1" 404 506 "-" "Mozilla/5.0 (compatible; bingbot/2.0; +http://www.bing.com/bingbot.htm)"
170.75.162.130 - - [11/Sep/2015:11:06:56 -0700] "GET /lib/reccapi.php?resort=arapahoebasin HTTP/1.1" 200 983 "-" "node-superagent/0.18.2"
170.75.162.130 - - [11/Sep/2015:11:06:56 -0700] "GET /lib/reccapi.php?resort=canyons HTTP/1.1" 200 945 "-" "node-superagent/0.18.2"
170.75.162.130 - - [11/Sep/2015:11:06:56 -0700] "GET /lib/reccapi.php?resort=heavenly HTTP/1.1" 200 976 "-" "node-superagent/0.18.2"
170.75.162.130 - - [11/Sep/2015:11:06:56 -0700] "GET /lib/reccapi.php?resort=keystone HTTP/1.1" 200 997 "-" "node-superagent/0.18.2"
170.75.162.130 - - [11/Sep/2015:11:06:57 -0700] "GET /lib/reccapi.php?resort=kirkwood HTTP/1.1" 200 991 "-" "node-superagent/0.18.2"
170.75.162.130 - - [11/Sep/2015:11:06:57 -0700] "GET /lib/reccapi.php?resort=northstar-at-tahoe HTTP/1.1" 200 991 "-" "node-superagent/0.18.2"
220.181.108.104 - - [11/Sep/2015:11:12:56 -0700] "-" 408 0 "-" "-"
107.77.92.36 - - [11/Sep/2015:11:15:04 -0700] "GET /images/wsis-logo-sm.png HTTP/1.1" 200 6108 "http://www.thebackcountry.net/" "Mozilla/5.0 (iPhone; CPU iPhone OS 7_1 like Mac OS X) AppleWebKit/537.51.2 (KHTML, like Gecko) Version/7.0 Mobile/11D167 Safari/9537.53"
170.75.162.130 - - [11/Sep/2015:11:25:38 -0700] "GET /lib/reccapi.php?resort=squawvalleyusa HTTP/1.1" 200 1006 "-" "node-superagent/0.18.2"
173.11.103.91 - - [11/Sep/2015:11:27:45 -0700] "GET / HTTP/1.1" 200 2376 "http://liftie.info/resort/heavenly" "Mozilla/5.0 (Macintosh; Intel Mac OS X 10_10_5) AppleWebKit/537.36 (KHTML, like Gecko) Chrome/45.0.2454.85 Safari/537.36"
173.11.103.91 - - [11/Sep/2015:11:27:45 -0700] "GET /styles/0fffd548.main.css HTTP/1.1" 200 19316 "http://whereshouldiski.com/" "Mozilla/5.0 (Macintosh; Intel Mac OS X 10_10_5) AppleWebKit/537.36 (KHTML, like Gecko) Chrome/45.0.2454.85 Safari/537.36"
173.11.103.91 - - [11/Sep/2015:11:27:45 -0700] "GET /scripts/scripts/vendor/modernizr.js HTTP/1.1" 200 4903 "http://whereshouldiski.com/" "Mozilla/5.0 (Macintosh; Intel Mac OS X 10_10_5) AppleWebKit/537.36 (KHTML, like Gecko) Chrome/45.0.2454.85 Safari/537.36"
173.11.103.91 - - [11/Sep/2015:11:27:45 -0700] "GET /bower_components/requirejs/require.js HTTP/1.1" 200 6702 "http://whereshouldiski.com/" "Mozilla/5.0 (Macintosh; Intel Mac OS X 10_10_5) AppleWebKit/537.36 (KHTML, like Gecko) Chrome/45.0.2454.85 Safari/537.36"
173.11.103.91 - - [11/Sep/2015:11:27:45 -0700] "GET /images/logo-sm.png HTTP/1.1" 200 16738 "http://whereshouldiski.com/" "Mozilla/5.0 (Macintosh; Intel Mac OS X 10_10_5) AppleWebKit/537.36 (KHTML, like Gecko) Chrome/45.0.2454.85 Safari/537.36"
173.11.103.91 - - [11/Sep/2015:11:27:45 -0700] "GET /images/loading.gif HTTP/1.1" 200 13881 "http://whereshouldiski.com/" "Mozilla/5.0 (Macintosh; Intel Mac OS X 10_10_5) AppleWebKit/537.36 (KHTML, like Gecko) Chrome/45.0.2454.85 Safari/537.36"
173.11.103.91 - - [11/Sep/2015:11:27:45 -0700] "GET /scripts/fa48e319.main.js HTTP/1.1" 200 123455 "http://whereshouldiski.com/" "Mozilla/5.0 (Macintosh; Intel Mac OS X 10_10_5) AppleWebKit/537.36 (KHTML, like Gecko) Chrome/45.0.2454.85 Safari/537.36"
173.11.103.91 - - [11/Sep/2015:11:27:46 -0700] "GET /favicon.ico HTTP/1.1" 200 1475 "http://whereshouldiski.com/" "Mozilla/5.0 (Macintosh; Intel Mac OS X 10_10_5) AppleWebKit/537.36 (KHTML, like Gecko) Chrome/45.0.2454.85 Safari/537.36"
173.11.103.91 - - [11/Sep/2015:11:27:46 -0700] "GET /lib/reccapi.php?resort=heavenly&date=2015-09-11 HTTP/1.1" 200 1012 "http://whereshouldiski.com/" "Mozilla/5.0 (Macintosh; Intel Mac OS X 10_10_5) AppleWebKit/537.36 (KHTML, like Gecko) Chrome/45.0.2454.85 Safari/537.36"
173.11.103.91 - - [11/Sep/2015:11:27:46 -0700] "GET /images/snowflake-med-5.png HTTP/1.1" 200 6156 "http://whereshouldiski.com/styles/0fffd548.main.css" "Mozilla/5.0 (Macintosh; Intel Mac OS X 10_10_5) AppleWebKit/537.36 (KHTML, like Gecko) Chrome/45.0.2454.85 Safari/537.36"
173.11.103.91 - - [11/Sep/2015:11:27:46 -0700] "GET /images/stars-med-5.png HTTP/1.1" 200 4123 "http://whereshouldiski.com/styles/0fffd548.main.css" "Mozilla/5.0 (Macintosh; Intel Mac OS X 10_10_5) AppleWebKit/537.36 (KHTML, like Gecko) Chrome/45.0.2454.85 Safari/537.36"
173.11.103.91 - - [11/Sep/2015:11:27:46 -0700] "GET /images/sun-med-5.png HTTP/1.1" 200 7626 "http://whereshouldiski.com/styles/0fffd548.main.css" "Mozilla/5.0 (Macintosh; Intel Mac OS X 10_10_5) AppleWebKit/537.36 (KHTML, like Gecko) Chrome/45.0.2454.85 Safari/537.36"
173.11.103.91 - - [11/Sep/2015:11:27:46 -0700] "GET /lib/reccapi.php?fields=t&date=2015-09-11&coords=38.92%2C-119.93&size=7&sort=distance HTTP/1.1" 200 1319 "http://whereshouldiski.com/" "Mozilla/5.0 (Macintosh; Intel Mac OS X 10_10_5) AppleWebKit/537.36 (KHTML, like Gecko) Chrome/45.0.2454.85 Safari/537.36"
173.11.103.91 - - [11/Sep/2015:11:27:46 -0700] "GET /images/mtns-30px.png HTTP/1.1" 200 1202 "http://whereshouldiski.com/styles/0fffd548.main.css" "Mozilla/5.0 (Macintosh; Intel Mac OS X 10_10_5) AppleWebKit/537.36 (KHTML, like Gecko) Chrome/45.0.2454.85 Safari/537.36"
173.11.103.91 - - [11/Sep/2015:11:27:46 -0700] "GET /images/shading-53px.png HTTP/1.1" 200 548 "http://whereshouldiski.com/styles/0fffd548.main.css" "Mozilla/5.0 (Macintosh; Intel Mac OS X 10_10_5) AppleWebKit/537.36 (KHTML, like Gecko) Chrome/45.0.2454.85 Safari/537.36"
173.11.103.91 - - [11/Sep/2015:11:27:46 -0700] "GET /images/snowforecast-logo.jpg HTTP/1.1" 200 22988 "http://whereshouldiski.com/" "Mozilla/5.0 (Macintosh; Intel Mac OS X 10_10_5) AppleWebKit/537.36 (KHTML, like Gecko) Chrome/45.0.2454.85 Safari/537.36"
173.11.103.91 - - [11/Sep/2015:11:27:46 -0700] "GET /images/opensnow_logo.png HTTP/1.1" 200 11776 "http://whereshouldiski.com/" "Mozilla/5.0 (Macintosh; Intel Mac OS X 10_10_5) AppleWebKit/537.36 (KHTML, like Gecko) Chrome/45.0.2454.85 Safari/537.36"
173.11.103.91 - - [11/Sep/2015:11:27:46 -0700] "GET /lib/resortDataSearchD3.php?size=7&sortDate=T&resort=heavenly&dateStart=2015-09-09 HTTP/1.1" 200 848 "http://whereshouldiski.com/" "Mozilla/5.0 (Macintosh; Intel Mac OS X 10_10_5) AppleWebKit/537.36 (KHTML, like Gecko) Chrome/45.0.2454.85 Safari/537.36"
173.11.103.91 - - [11/Sep/2015:11:27:46 -0700] "GET /images/snowflake5.png HTTP/1.1" 200 2857 "http://whereshouldiski.com/styles/0fffd548.main.css" "Mozilla/5.0 (Macintosh; Intel Mac OS X 10_10_5) AppleWebKit/537.36 (KHTML, like Gecko) Chrome/45.0.2454.85 Safari/537.36"
173.11.103.91 - - [11/Sep/2015:11:27:46 -0700] "GET /images/star5.png HTTP/1.1" 200 1783 "http://whereshouldiski.com/styles/0fffd548.main.css" "Mozilla/5.0 (Macintosh; Intel Mac OS X 10_10_5) AppleWebKit/537.36 (KHTML, like Gecko) Chrome/45.0.2454.85 Safari/537.36"
173.11.103.91 - - [11/Sep/2015:11:27:46 -0700] "GET /images/bluebird5.png HTTP/1.1" 200 2177 "http://whereshouldiski.com/styles/0fffd548.main.css" "Mozilla/5.0 (Macintosh; Intel Mac OS X 10_10_5) AppleWebKit/537.36 (KHTML, like Gecko) Chrome/45.0.2454.85 Safari/537.36"
173.11.103.91 - - [11/Sep/2015:11:27:46 -0700] "GET /images/mtns-icon.png HTTP/1.1" 200 1096 "http://whereshouldiski.com/styles/0fffd548.main.css" "Mozilla/5.0 (Macintosh; Intel Mac OS X 10_10_5) AppleWebKit/537.36 (KHTML, like Gecko) Chrome/45.0.2454.85 Safari/537.36"
173.11.103.91 - - [11/Sep/2015:11:27:46 -0700] "GET /images/shading-icon.png HTTP/1.1" 200 536 "http://whereshouldiski.com/styles/0fffd548.main.css" "Mozilla/5.0 (Macintosh; Intel Mac OS X 10_10_5) AppleWebKit/537.36 (KHTML, like Gecko) Chrome/45.0.2454.85 Safari/537.36"
127.0.0.1 - - [11/Sep/2015:11:27:54 -0700] "OPTIONS * HTTP/1.0" 200 126 "-" "Apache/2.2.22 (Ubuntu) (internal dummy connection)"
107.77.92.31 - - [11/Sep/2015:11:29:32 -0700] "GET /images/wsis-logo-sm.png HTTP/1.1" 200 6108 "http://www.thebackcountry.net/" "Mozilla/5.0 (iPhone; CPU iPhone OS 8_4_1 like Mac OS X) AppleWebKit/600.1.4 (KHTML, like Gecko) Mobile/12H321"
180.76.15.25 - - [11/Sep/2015:11:36:48 -0700] "GET / HTTP/1.1" 200 6114 "-" "Mozilla/5.0 (compatible; Baiduspider/2.0; +http://www.baidu.com/search/spider.html)"
180.76.15.18 - - [11/Sep/2015:11:37:17 -0700] "GET / HTTP/1.1" 200 6114 "-" "Mozilla/5.0 (compatible; Baiduspider/2.0; +http://www.baidu.com/search/spider.html)"
107.77.92.60 - - [11/Sep/2015:11:44:28 -0700] "GET /images/wsis-logo-sm.png HTTP/1.1" 200 6108 "http://www.thebackcountry.net/" "Mozilla/5.0 (iPhone; CPU iPhone OS 8_4_1 like Mac OS X) AppleWebKit/600.1.4 (KHTML, like Gecko) Mobile/12H321"
170.75.162.130 - - [11/Sep/2015:11:47:50 -0700] "GET /lib/reccapi.php?resort=killington HTTP/1.1" 200 953 "-" "node-superagent/0.18.2"
170.75.162.130 - - [11/Sep/2015:11:52:30 -0700] "GET /lib/reccapi.php?resort=crestedbutte HTTP/1.1" 200 986 "-" "node-superagent/0.18.2"
94.202.197.184 - - [11/Sep/2015:11:53:21 -0700] "GET /images/wsis-logo-sm.png HTTP/1.1" 200 6108 "http://www.thebackcountry.net/" "Mozilla/5.0 (iPad; CPU OS 8_4_1 like Mac OS X) AppleWebKit/600.1.4 (KHTML, like Gecko) Version/8.0 Mobile/12H321 Safari/600.1.4"
71.140.31.214 - - [11/Sep/2015:11:53:36 -0700] "GET /images/wsis-logo-sm.png HTTP/1.1" 200 6108 "http://thebackcountry.net/" "Mozilla/4.0 (compatible; MSIE 8.0; Windows NT 5.1; Trident/4.0; .NET CLR 2.0.50727; .NET CLR 3.0.4506.2152; .NET CLR 3.5.30729; 786908940603; Build/14.08001)"
142.54.165.138 - - [11/Sep/2015:11:55:49 -0700] "GET / HTTP/1.1" 200 6095 "-" "Mozilla/4.0 (compatible; MSIE 8.0; Windows NT 6.1; Trident/4.0; SLCC2; .NET CLR 2.0.50727; .NET CLR 3.5.30729; .NET CLR 3.0.30729; Media Center PC 6.0)"
80.82.65.82 - - [11/Sep/2015:11:58:34 -0700] "GET / HTTP/1.0" 200 6114 "http://whereshouldiski.com" "Mozilla/4.0 (compatible; MSIE 6.0; Windows NT 5.1; SV1; .NET CLR 2.0.50727)"
71.140.31.214 - - [11/Sep/2015:12:00:00 -0700] "GET /images/wsis-logo-sm.png HTTP/1.1" 200 6108 "http://thebackcountry.net/" "Mozilla/4.0 (compatible; MSIE 8.0; Windows NT 5.1; Trident/4.0; .NET CLR 2.0.50727; .NET CLR 3.0.4506.2152; .NET CLR 3.5.30729; 786908940603; Build/14.08001)"
71.140.31.214 - - [11/Sep/2015:12:02:09 -0700] "GET /images/wsis-logo-sm.png HTTP/1.1" 200 6108 "http://thebackcountry.net/" "Mozilla/4.0 (compatible; MSIE 8.0; Windows NT 5.1; Trident/4.0; .NET CLR 2.0.50727; .NET CLR 3.0.4506.2152; .NET CLR 3.5.30729; 786908940603; Build/14.08001)"
12.153.217.4 - - [11/Sep/2015:12:13:08 -0700] "GET /images/wsis-logo-sm.png HTTP/1.1" 200 6108 "http://www.thebackcountry.net/" "Mozilla/5.0 (iPhone; CPU iPhone OS 8_4_1 like Mac OS X) AppleWebKit/600.1.4 (KHTML, like Gecko) Version/8.0 Mobile/12H321 Safari/600.1.4"
123.125.71.110 - - [11/Sep/2015:12:19:28 -0700] "-" 408 0 "-" "-"
170.75.162.130 - - [11/Sep/2015:12:25:03 -0700] "GET /lib/reccapi.php?resort=wildcatmountain HTTP/1.1" 200 961 "-" "node-superagent/0.18.2"
14.63.217.97 - - [11/Sep/2015:12:28:45 -0700] "HEAD / HTTP/1.0" 200 310 "-" "-"
110.83.63.162 - - [11/Sep/2015:12:37:00 -0700] "GET / HTTP/1.0" 200 6114 "http://whereshouldiski.com" "Mozilla/4.0 (compatible; MSIE 6.0; Windows NT 5.1; SV1; .NET CLR 2.0.50727)"
170.75.162.130 - - [11/Sep/2015:12:48:14 -0700] "GET /lib/reccapi.php?resort=jaypeak HTTP/1.1" 200 966 "-" "node-superagent/0.18.2"
173.252.74.109 - - [11/Sep/2015:12:56:11 -0700] "GET /images/wsis-logo-sm.png HTTP/1.1" 206 6118 "http://www.thebackcountry.net/" "facebookexternalhit/1.1 (+http://www.facebook.com/externalhit_uatext.php)"
69.171.228.118 - - [11/Sep/2015:12:56:13 -0700] "GET /images/wsis-logo-sm.png HTTP/1.1" 200 6108 "-" "facebookexternalhit/1.1 (+http://www.facebook.com/externalhit_uatext.php)"
123.125.71.47 - - [11/Sep/2015:13:02:50 -0700] "GET / HTTP/1.1" 200 2339 "-" "Mozilla/5.0 (Windows NT 5.1; rv:6.0.2) Gecko/20100101 Firefox/6.0.2"
170.75.162.130 - - [11/Sep/2015:13:03:05 -0700] "GET /lib/reccapi.php?resort=49degreesnorth HTTP/1.1" 200 985 "-" "node-superagent/0.18.2"
157.55.39.48 - - [11/Sep/2015:13:04:47 -0700] "GET / HTTP/1.1" 200 2376 "-" "Mozilla/5.0 (compatible; bingbot/2.0; +http://www.bing.com/bingbot.htm)"
144.122.180.65 - - [11/Sep/2015:13:05:04 -0700] "GET /images/viz-screenshot.png HTTP/1.1" 404 517 "http://ericfahsl.com/blog/35-creating-an-animated-javascript-heat-map-with-polymap" "Mozilla/5.0 (X11; Linux x86_64) AppleWebKit/537.36 (KHTML, like Gecko) Chrome/45.0.2454.85 Safari/537.36"
144.122.180.65 - - [11/Sep/2015:13:05:05 -0700] "GET /images/viz-screenshot.png HTTP/1.1" 404 516 "http://ericfahsl.com/blog/35-creating-an-animated-javascript-heat-map-with-polymap" "Mozilla/5.0 (X11; Linux x86_64) AppleWebKit/537.36 (KHTML, like Gecko) Chrome/45.0.2454.85 Safari/537.36"
144.122.180.65 - - [11/Sep/2015:13:05:19 -0700] "GET /viz/2012-2013-viz.php HTTP/1.1" 404 506 "http://ericfahsl.com/blog/35-creating-an-animated-javascript-heat-map-with-polymap" "Mozilla/5.0 (X11; Linux x86_64) AppleWebKit/537.36 (KHTML, like Gecko) Chrome/45.0.2454.85 Safari/537.36"
144.122.180.65 - - [11/Sep/2015:13:05:19 -0700] "GET /favicon.ico HTTP/1.1" 200 1475 "http://whereshouldiski.com/viz/2012-2013-viz.php" "Mozilla/5.0 (X11; Linux x86_64) AppleWebKit/537.36 (KHTML, like Gecko) Chrome/45.0.2454.85 Safari/537.36"
170.75.162.130 - - [11/Sep/2015:13:08:16 -0700] "GET /lib/reccapi.php?resort=alyeska HTTP/1.1" 200 951 "-" "node-superagent/0.18.2"
170.75.162.130 - - [11/Sep/2015:13:08:46 -0700] "GET /lib/reccapi.php?resort=alta HTTP/1.1" 200 937 "-" "node-superagent/0.18.2"
170.75.162.130 - - [11/Sep/2015:13:08:46 -0700] "GET /lib/reccapi.php?resort=sugarloaf HTTP/1.1" 200 1028 "-" "node-superagent/0.18.2"
180.76.15.157 - - [11/Sep/2015:13:12:06 -0700] "GET / HTTP/1.1" 200 6114 "-" "Mozilla/5.0 (compatible; Baiduspider/2.0; +http://www.baidu.com/search/spider.html)"
180.76.15.9 - - [11/Sep/2015:13:13:12 -0700] "GET / HTTP/1.1" 200 6114 "-" "Mozilla/5.0 (compatible; Baiduspider/2.0; +http://www.baidu.com/search/spider.html)"
65.51.35.180 - - [11/Sep/2015:13:20:57 -0700] "GET /images/wsis-logo-sm.png HTTP/1.1" 200 6108 "http://thebackcountry.net/" "Mozilla/5.0 (Windows NT 6.1; WOW64) AppleWebKit/537.36 (KHTML, like Gecko) Chrome/45.0.2454.85 Safari/537.36"
70.197.7.77 - - [11/Sep/2015:13:49:33 -0700] "GET /images/wsis-logo-sm.png HTTP/1.1" 200 6108 "http://www.thebackcountry.net/" "Mozilla/5.0 (iPhone; CPU iPhone OS 7_1_2 like Mac OS X) AppleWebKit/537.51.2 (KHTML, like Gecko) GSA/8.0.57838 Mobile/11D257 Safari/9537.53"
205.251.233.54 - - [11/Sep/2015:13:51:29 -0700] "GET /images/wsis-logo-sm.png HTTP/1.1" 200 6108 "http://thebackcountry.net/" "Mozilla/5.0 (Windows NT 6.1; WOW64) AppleWebKit/537.36 (KHTML, like Gecko) Chrome/45.0.2454.85 Safari/537.36"
123.125.71.40 - - [11/Sep/2015:13:57:22 -0700] "-" 408 0 "-" "-"
220.181.108.101 - - [11/Sep/2015:14:03:48 -0700] "-" 408 0 "-" "-"
66.237.50.63 - - [11/Sep/2015:14:04:33 -0700] "GET /images/wsis-logo-sm.png HTTP/1.1" 200 6108 "http://www.thebackcountry.net/" "Mozilla/5.0 (Windows NT 6.3; WOW64) AppleWebKit/537.36 (KHTML, like Gecko) Chrome/45.0.2454.85 Safari/537.36"
170.75.162.130 - - [11/Sep/2015:14:05:30 -0700] "GET /lib/reccapi.php?resort=angelfire HTTP/1.1" 200 1047 "-" "node-superagent/0.18.2"
170.75.162.130 - - [11/Sep/2015:14:05:30 -0700] "GET /lib/reccapi.php?resort=cannonmountain HTTP/1.1" 200 953 "-" "node-superagent/0.18.2"
170.75.162.130 - - [11/Sep/2015:14:05:40 -0700] "GET /lib/reccapi.php?resort=smugglersnotch HTTP/1.1" 200 960 "-" "node-superagent/0.18.2"
170.75.162.130 - - [11/Sep/2015:14:05:40 -0700] "GET /lib/reccapi.php?resort=madriverglen HTTP/1.1" 200 949 "-" "node-superagent/0.18.2"
170.75.162.130 - - [11/Sep/2015:14:05:40 -0700] "GET /lib/reccapi.php?resort=sugarbush HTTP/1.1" 200 947 "-" "node-superagent/0.18.2"
170.75.162.130 - - [11/Sep/2015:14:05:40 -0700] "GET /lib/reccapi.php?resort=sundayriver HTTP/1.1" 200 970 "-" "node-superagent/0.18.2"
170.75.162.130 - - [11/Sep/2015:14:05:40 -0700] "GET /lib/reccapi.php?resort=stowe HTTP/1.1" 200 937 "-" "node-superagent/0.18.2"
170.75.162.130 - - [11/Sep/2015:14:06:20 -0700] "GET /lib/reccapi.php?resort=taos HTTP/1.1" 200 1009 "-" "node-superagent/0.18.2"
170.75.162.130 - - [11/Sep/2015:14:10:00 -0700] "GET /lib/reccapi.php?resort=brianhead HTTP/1.1" 200 965 "-" "node-superagent/0.18.2"
170.75.162.130 - - [11/Sep/2015:14:12:11 -0700] "GET /lib/reccapi.php?resort=mtrose HTTP/1.1" 200 952 "-" "node-superagent/0.18.2"
180.76.15.26 - - [11/Sep/2015:14:14:26 -0700] "GET / HTTP/1.1" 200 6114 "-" "Mozilla/5.0 (compatible; Baiduspider/2.0; +http://www.baidu.com/search/spider.html)"
180.76.15.29 - - [11/Sep/2015:14:15:41 -0700] "GET / HTTP/1.1" 200 6114 "-" "Mozilla/5.0 (compatible; Baiduspider/2.0; +http://www.baidu.com/search/spider.html)"
170.75.162.130 - - [11/Sep/2015:14:21:31 -0700] "GET /lib/reccapi.php?resort=sugarbowl HTTP/1.1" 200 991 "-" "node-superagent/0.18.2"
206.29.176.53 - - [11/Sep/2015:14:22:59 -0700] "GET / HTTP/1.1" 200 2376 "-" "Mozilla/5.0 (Macintosh; Intel Mac OS X 10_10_5) AppleWebKit/600.8.9 (KHTML, like Gecko) Version/8.0.8 Safari/600.8.9"
206.29.176.53 - - [11/Sep/2015:14:23:00 -0700] "GET /styles/0fffd548.main.css HTTP/1.1" 200 19316 "http://whereshouldiski.com/" "Mozilla/5.0 (Macintosh; Intel Mac OS X 10_10_5) AppleWebKit/600.8.9 (KHTML, like Gecko) Version/8.0.8 Safari/600.8.9"
206.29.176.53 - - [11/Sep/2015:14:23:00 -0700] "GET /bower_components/requirejs/require.js HTTP/1.1" 200 6702 "http://whereshouldiski.com/" "Mozilla/5.0 (Macintosh; Intel Mac OS X 10_10_5) AppleWebKit/600.8.9 (KHTML, like Gecko) Version/8.0.8 Safari/600.8.9"
206.29.176.53 - - [11/Sep/2015:14:23:00 -0700] "GET /scripts/scripts/vendor/modernizr.js HTTP/1.1" 200 4903 "http://whereshouldiski.com/" "Mozilla/5.0 (Macintosh; Intel Mac OS X 10_10_5) AppleWebKit/600.8.9 (KHTML, like Gecko) Version/8.0.8 Safari/600.8.9"
206.29.176.53 - - [11/Sep/2015:14:23:00 -0700] "GET /images/loading.gif HTTP/1.1" 200 13881 "http://whereshouldiski.com/" "Mozilla/5.0 (Macintosh; Intel Mac OS X 10_10_5) AppleWebKit/600.8.9 (KHTML, like Gecko) Version/8.0.8 Safari/600.8.9"
206.29.176.53 - - [11/Sep/2015:14:23:00 -0700] "GET /images/logo-sm.png HTTP/1.1" 200 16737 "http://whereshouldiski.com/" "Mozilla/5.0 (Macintosh; Intel Mac OS X 10_10_5) AppleWebKit/600.8.9 (KHTML, like Gecko) Version/8.0.8 Safari/600.8.9"
206.29.176.53 - - [11/Sep/2015:14:23:00 -0700] "GET /scripts/fa48e319.main.js HTTP/1.1" 200 123455 "http://whereshouldiski.com/" "Mozilla/5.0 (Macintosh; Intel Mac OS X 10_10_5) AppleWebKit/600.8.9 (KHTML, like Gecko) Version/8.0.8 Safari/600.8.9"
206.29.176.53 - - [11/Sep/2015:14:23:01 -0700] "GET /images/greyHeader.png HTTP/1.1" 200 508 "http://whereshouldiski.com/" "Mozilla/5.0 (Macintosh; Intel Mac OS X 10_10_5) AppleWebKit/600.8.9 (KHTML, like Gecko) Version/8.0.8 Safari/600.8.9"
206.29.176.53 - - [11/Sep/2015:14:23:01 -0700] "GET /images/button.png HTTP/1.1" 200 598 "http://whereshouldiski.com/" "Mozilla/5.0 (Macintosh; Intel Mac OS X 10_10_5) AppleWebKit/600.8.9 (KHTML, like Gecko) Version/8.0.8 Safari/600.8.9"
206.29.176.53 - - [11/Sep/2015:14:23:01 -0700] "GET /lib/reccapi.php?fields=t HTTP/1.1" 200 1751 "http://whereshouldiski.com/" "Mozilla/5.0 (Macintosh; Intel Mac OS X 10_10_5) AppleWebKit/600.8.9 (KHTML, like Gecko) Version/8.0.8 Safari/600.8.9"
206.29.176.53 - - [11/Sep/2015:14:23:01 -0700] "GET /images/bluebird5.png HTTP/1.1" 200 2177 "http://whereshouldiski.com/" "Mozilla/5.0 (Macintosh; Intel Mac OS X 10_10_5) AppleWebKit/600.8.9 (KHTML, like Gecko) Version/8.0.8 Safari/600.8.9"
206.29.176.53 - - [11/Sep/2015:14:23:01 -0700] "GET /images/star5.png HTTP/1.1" 200 1783 "http://whereshouldiski.com/" "Mozilla/5.0 (Macintosh; Intel Mac OS X 10_10_5) AppleWebKit/600.8.9 (KHTML, like Gecko) Version/8.0.8 Safari/600.8.9"
206.29.176.53 - - [11/Sep/2015:14:23:01 -0700] "GET /images/snowflake5.png HTTP/1.1" 200 2857 "http://whereshouldiski.com/" "Mozilla/5.0 (Macintosh; Intel Mac OS X 10_10_5) AppleWebKit/600.8.9 (KHTML, like Gecko) Version/8.0.8 Safari/600.8.9"
206.29.176.53 - - [11/Sep/2015:14:23:02 -0700] "GET /images/mtns-icon.png HTTP/1.1" 200 1097 "http://whereshouldiski.com/" "Mozilla/5.0 (Macintosh; Intel Mac OS X 10_10_5) AppleWebKit/600.8.9 (KHTML, like Gecko) Version/8.0.8 Safari/600.8.9"
206.29.176.53 - - [11/Sep/2015:14:23:02 -0700] "GET /images/shading-icon.png HTTP/1.1" 200 537 "http://whereshouldiski.com/" "Mozilla/5.0 (Macintosh; Intel Mac OS X 10_10_5) AppleWebKit/600.8.9 (KHTML, like Gecko) Version/8.0.8 Safari/600.8.9"
206.29.176.53 - - [11/Sep/2015:14:23:03 -0700] "GET /favicon.ico HTTP/1.1" 200 1476 "http://whereshouldiski.com/" "Mozilla/5.0 (Macintosh; Intel Mac OS X 10_10_5) AppleWebKit/600.8.9 (KHTML, like Gecko) Version/8.0.8 Safari/600.8.9"
206.29.176.53 - - [11/Sep/2015:14:23:05 -0700] "GET /lib/reccapi.php?fields=t&coords=47.578328173940584,-122.16510540092484 HTTP/1.1" 200 1941 "http://whereshouldiski.com/" "Mozilla/5.0 (Macintosh; Intel Mac OS X 10_10_5) AppleWebKit/600.8.9 (KHTML, like Gecko) Version/8.0.8 Safari/600.8.9"
206.29.176.53 - - [11/Sep/2015:14:23:10 -0700] "GET /lib/reccapi.php?fields=t&coords=47.578328173940584,-122.16510540092484&distance=100 HTTP/1.1" 200 1286 "http://whereshouldiski.com/" "Mozilla/5.0 (Macintosh; Intel Mac OS X 10_10_5) AppleWebKit/600.8.9 (KHTML, like Gecko) Version/8.0.8 Safari/600.8.9"
206.29.176.53 - - [11/Sep/2015:14:23:10 -0700] "GET /images/greenHeader.png HTTP/1.1" 200 508 "http://whereshouldiski.com/" "Mozilla/5.0 (Macintosh; Intel Mac OS X 10_10_5) AppleWebKit/600.8.9 (KHTML, like Gecko) Version/8.0.8 Safari/600.8.9"
206.29.176.53 - - [11/Sep/2015:14:23:14 -0700] "GET /lib/reccapi.php?fields=t&coords=47.578328173940584,-122.16510540092484 HTTP/1.1" 200 1941 "http://whereshouldiski.com/" "Mozilla/5.0 (Macintosh; Intel Mac OS X 10_10_5) AppleWebKit/600.8.9 (KHTML, like Gecko) Version/8.0.8 Safari/600.8.9"
216.218.147.198 - - [11/Sep/2015:14:23:15 -0700] "GET /robots.txt HTTP/1.0" 200 338 "-" "GigablastOpenSource/1.0"
216.218.147.198 - - [11/Sep/2015:14:23:16 -0700] "GET / HTTP/1.0" 200 6114 "-" "GigablastOpenSource/1.0"
206.29.176.53 - - [11/Sep/2015:14:23:16 -0700] "GET /lib/reccapi.php?fields=t&coords=47.578328173940584,-122.16510540092484&powder=3 HTTP/1.1" 200 717 "http://whereshouldiski.com/" "Mozilla/5.0 (Macintosh; Intel Mac OS X 10_10_5) AppleWebKit/600.8.9 (KHTML, like Gecko) Version/8.0.8 Safari/600.8.9"
206.29.176.53 - - [11/Sep/2015:14:23:17 -0700] "GET /lib/reccapi.php?fields=t&coords=47.578328173940584,-122.16510540092484 HTTP/1.1" 200 1941 "http://whereshouldiski.com/" "Mozilla/5.0 (Macintosh; Intel Mac OS X 10_10_5) AppleWebKit/600.8.9 (KHTML, like Gecko) Version/8.0.8 Safari/600.8.9"
127.0.0.1 - - [11/Sep/2015:14:23:25 -0700] "OPTIONS * HTTP/1.0" 200 126 "-" "Apache/2.2.22 (Ubuntu) (internal dummy connection)"
206.29.176.53 - - [11/Sep/2015:14:23:53 -0700] "GET / HTTP/1.1" 200 2376 "-" "Mozilla/5.0 (Macintosh; Intel Mac OS X 10_10_5) AppleWebKit/600.8.9 (KHTML, like Gecko) Version/8.0.8 Safari/600.8.9"
206.29.176.53 - - [11/Sep/2015:14:23:53 -0700] "GET /styles/0fffd548.main.css HTTP/1.1" 304 210 "http://whereshouldiski.com/" "Mozilla/5.0 (Macintosh; Intel Mac OS X 10_10_5) AppleWebKit/600.8.9 (KHTML, like Gecko) Version/8.0.8 Safari/600.8.9"
206.29.176.53 - - [11/Sep/2015:14:23:53 -0700] "GET /scripts/scripts/vendor/modernizr.js HTTP/1.1" 304 210 "http://whereshouldiski.com/" "Mozilla/5.0 (Macintosh; Intel Mac OS X 10_10_5) AppleWebKit/600.8.9 (KHTML, like Gecko) Version/8.0.8 Safari/600.8.9"
206.29.176.53 - - [11/Sep/2015:14:23:53 -0700] "GET /bower_components/requirejs/require.js HTTP/1.1" 304 210 "http://whereshouldiski.com/" "Mozilla/5.0 (Macintosh; Intel Mac OS X 10_10_5) AppleWebKit/600.8.9 (KHTML, like Gecko) Version/8.0.8 Safari/600.8.9"
206.29.176.53 - - [11/Sep/2015:14:23:53 -0700] "GET /images/logo-sm.png HTTP/1.1" 304 186 "http://whereshouldiski.com/" "Mozilla/5.0 (Macintosh; Intel Mac OS X 10_10_5) AppleWebKit/600.8.9 (KHTML, like Gecko) Version/8.0.8 Safari/600.8.9"
206.29.176.53 - - [11/Sep/2015:14:23:53 -0700] "GET /images/loading.gif HTTP/1.1" 304 186 "http://whereshouldiski.com/" "Mozilla/5.0 (Macintosh; Intel Mac OS X 10_10_5) AppleWebKit/600.8.9 (KHTML, like Gecko) Version/8.0.8 Safari/600.8.9"
206.29.176.53 - - [11/Sep/2015:14:23:53 -0700] "GET /scripts/fa48e319.main.js HTTP/1.1" 304 210 "http://whereshouldiski.com/" "Mozilla/5.0 (Macintosh; Intel Mac OS X 10_10_5) AppleWebKit/600.8.9 (KHTML, like Gecko) Version/8.0.8 Safari/600.8.9"
206.29.176.53 - - [11/Sep/2015:14:23:53 -0700] "GET /lib/reccapi.php?fields=t&coords=47.578328173940584,-122.16510540092484 HTTP/1.1" 200 1941 "http://whereshouldiski.com/" "Mozilla/5.0 (Macintosh; Intel Mac OS X 10_10_5) AppleWebKit/600.8.9 (KHTML, like Gecko) Version/8.0.8 Safari/600.8.9"
206.29.176.53 - - [11/Sep/2015:14:24:01 -0700] "GET /lib/reccapi.php?resort=mounthutt&date=2015-09-11 HTTP/1.1" 200 930 "http://whereshouldiski.com/" "Mozilla/5.0 (Macintosh; Intel Mac OS X 10_10_5) AppleWebKit/600.8.9 (KHTML, like Gecko) Version/8.0.8 Safari/600.8.9"
206.29.176.53 - - [11/Sep/2015:14:24:01 -0700] "GET /images/opensnow_logo.png HTTP/1.1" 200 11776 "http://whereshouldiski.com/" "Mozilla/5.0 (Macintosh; Intel Mac OS X 10_10_5) AppleWebKit/600.8.9 (KHTML, like Gecko) Version/8.0.8 Safari/600.8.9"
206.29.176.53 - - [11/Sep/2015:14:24:01 -0700] "GET /images/snowflake-med-5.png HTTP/1.1" 200 6157 "http://whereshouldiski.com/" "Mozilla/5.0 (Macintosh; Intel Mac OS X 10_10_5) AppleWebKit/600.8.9 (KHTML, like Gecko) Version/8.0.8 Safari/600.8.9"
206.29.176.53 - - [11/Sep/2015:14:24:01 -0700] "GET /images/snowforecast-logo.jpg HTTP/1.1" 200 22989 "http://whereshouldiski.com/" "Mozilla/5.0 (Macintosh; Intel Mac OS X 10_10_5) AppleWebKit/600.8.9 (KHTML, like Gecko) Version/8.0.8 Safari/600.8.9"
206.29.176.53 - - [11/Sep/2015:14:24:01 -0700] "GET /images/stars-med-5.png HTTP/1.1" 200 4124 "http://whereshouldiski.com/" "Mozilla/5.0 (Macintosh; Intel Mac OS X 10_10_5) AppleWebKit/600.8.9 (KHTML, like Gecko) Version/8.0.8 Safari/600.8.9"
206.29.176.53 - - [11/Sep/2015:14:24:01 -0700] "GET /images/sun-med-5.png HTTP/1.1" 200 7627 "http://whereshouldiski.com/" "Mozilla/5.0 (Macintosh; Intel Mac OS X 10_10_5) AppleWebKit/600.8.9 (KHTML, like Gecko) Version/8.0.8 Safari/600.8.9"
206.29.176.53 - - [11/Sep/2015:14:24:01 -0700] "GET /lib/reccapi.php?fields=t&coords=47.578328173940584,-122.16510540092484&date=2015-09-11&coords=-43.4667%2C171.533&size=7&sort=distance HTTP/1.1" 200 1298 "http://whereshouldiski.com/" "Mozilla/5.0 (Macintosh; Intel Mac OS X 10_10_5) AppleWebKit/600.8.9 (KHTML, like Gecko) Version/8.0.8 Safari/600.8.9"
206.29.176.53 - - [11/Sep/2015:14:24:01 -0700] "GET /lib/resortDataSearchD3.php?size=7&sortDate=T&resort=mounthutt&dateStart=2015-09-09 HTTP/1.1" 200 862 "http://whereshouldiski.com/" "Mozilla/5.0 (Macintosh; Intel Mac OS X 10_10_5) AppleWebKit/600.8.9 (KHTML, like Gecko) Version/8.0.8 Safari/600.8.9"
206.29.176.53 - - [11/Sep/2015:14:24:01 -0700] "GET /images/mtns-30px.png HTTP/1.1" 200 1201 "http://whereshouldiski.com/" "Mozilla/5.0 (Macintosh; Intel Mac OS X 10_10_5) AppleWebKit/600.8.9 (KHTML, like Gecko) Version/8.0.8 Safari/600.8.9"
206.29.176.53 - - [11/Sep/2015:14:24:01 -0700] "GET /images/shading-53px.png HTTP/1.1" 200 547 "http://whereshouldiski.com/" "Mozilla/5.0 (Macintosh; Intel Mac OS X 10_10_5) AppleWebKit/600.8.9 (KHTML, like Gecko) Version/8.0.8 Safari/600.8.9"
127.0.0.1 - - [11/Sep/2015:14:24:08 -0700] "OPTIONS * HTTP/1.0" 200 126 "-" "Apache/2.2.22 (Ubuntu) (internal dummy connection)"
206.29.176.53 - - [11/Sep/2015:14:24:19 -0700] "GET / HTTP/1.1" 200 2376 "-" "Mozilla/5.0 (Macintosh; Intel Mac OS X 10.10; rv:40.0) Gecko/20100101 Firefox/40.0"
206.29.176.53 - - [11/Sep/2015:14:24:19 -0700] "GET /bower_components/requirejs/require.js HTTP/1.1" 200 6702 "http://whereshouldiski.com/" "Mozilla/5.0 (Macintosh; Intel Mac OS X 10.10; rv:40.0) Gecko/20100101 Firefox/40.0"
206.29.176.53 - - [11/Sep/2015:14:24:19 -0700] "GET /scripts/scripts/vendor/modernizr.js HTTP/1.1" 200 4903 "http://whereshouldiski.com/" "Mozilla/5.0 (Macintosh; Intel Mac OS X 10.10; rv:40.0) Gecko/20100101 Firefox/40.0"
206.29.176.53 - - [11/Sep/2015:14:24:19 -0700] "GET /styles/0fffd548.main.css HTTP/1.1" 200 19316 "http://whereshouldiski.com/" "Mozilla/5.0 (Macintosh; Intel Mac OS X 10.10; rv:40.0) Gecko/20100101 Firefox/40.0"
206.29.176.53 - - [11/Sep/2015:14:24:20 -0700] "GET /images/logo-sm.png HTTP/1.1" 200 16737 "http://whereshouldiski.com/" "Mozilla/5.0 (Macintosh; Intel Mac OS X 10.10; rv:40.0) Gecko/20100101 Firefox/40.0"
206.29.176.53 - - [11/Sep/2015:14:24:20 -0700] "GET /images/loading.gif HTTP/1.1" 200 13881 "http://whereshouldiski.com/" "Mozilla/5.0 (Macintosh; Intel Mac OS X 10.10; rv:40.0) Gecko/20100101 Firefox/40.0"
206.29.176.53 - - [11/Sep/2015:14:24:20 -0700] "GET /scripts/fa48e319.main.js HTTP/1.1" 200 123455 "http://whereshouldiski.com/" "Mozilla/5.0 (Macintosh; Intel Mac OS X 10.10; rv:40.0) Gecko/20100101 Firefox/40.0"
206.29.176.53 - - [11/Sep/2015:14:24:21 -0700] "GET /lib/reccapi.php?resort=mounthutt&date=2015-09-11 HTTP/1.1" 200 929 "http://whereshouldiski.com/" "Mozilla/5.0 (Macintosh; Intel Mac OS X 10.10; rv:40.0) Gecko/20100101 Firefox/40.0"
206.29.176.53 - - [11/Sep/2015:14:24:22 -0700] "GET /images/opensnow_logo.png HTTP/1.1" 200 11776 "http://whereshouldiski.com/" "Mozilla/5.0 (Macintosh; Intel Mac OS X 10.10; rv:40.0) Gecko/20100101 Firefox/40.0"
206.29.176.53 - - [11/Sep/2015:14:24:22 -0700] "GET /images/snowforecast-logo.jpg HTTP/1.1" 200 22988 "http://whereshouldiski.com/" "Mozilla/5.0 (Macintosh; Intel Mac OS X 10.10; rv:40.0) Gecko/20100101 Firefox/40.0"
206.29.176.53 - - [11/Sep/2015:14:24:22 -0700] "GET /lib/reccapi.php?fields=t&date=2015-09-11&coords=-43.4667%2C171.533&size=7&sort=distance HTTP/1.1" 200 1297 "http://whereshouldiski.com/" "Mozilla/5.0 (Macintosh; Intel Mac OS X 10.10; rv:40.0) Gecko/20100101 Firefox/40.0"
206.29.176.53 - - [11/Sep/2015:14:24:22 -0700] "GET /images/stars-med-5.png HTTP/1.1" 200 4124 "http://whereshouldiski.com/styles/0fffd548.main.css" "Mozilla/5.0 (Macintosh; Intel Mac OS X 10.10; rv:40.0) Gecko/20100101 Firefox/40.0"
206.29.176.53 - - [11/Sep/2015:14:24:22 -0700] "GET /images/sun-med-5.png HTTP/1.1" 200 7627 "http://whereshouldiski.com/styles/0fffd548.main.css" "Mozilla/5.0 (Macintosh; Intel Mac OS X 10.10; rv:40.0) Gecko/20100101 Firefox/40.0"
206.29.176.53 - - [11/Sep/2015:14:24:22 -0700] "GET /images/mtns-30px.png HTTP/1.1" 200 1202 "http://whereshouldiski.com/styles/0fffd548.main.css" "Mozilla/5.0 (Macintosh; Intel Mac OS X 10.10; rv:40.0) Gecko/20100101 Firefox/40.0"
206.29.176.53 - - [11/Sep/2015:14:24:22 -0700] "GET /images/shading-53px.png HTTP/1.1" 200 547 "http://whereshouldiski.com/styles/0fffd548.main.css" "Mozilla/5.0 (Macintosh; Intel Mac OS X 10.10; rv:40.0) Gecko/20100101 Firefox/40.0"
206.29.176.53 - - [11/Sep/2015:14:24:22 -0700] "GET /images/snowflake-med-5.png HTTP/1.1" 200 6156 "http://whereshouldiski.com/styles/0fffd548.main.css" "Mozilla/5.0 (Macintosh; Intel Mac OS X 10.10; rv:40.0) Gecko/20100101 Firefox/40.0"
206.29.176.53 - - [11/Sep/2015:14:24:22 -0700] "GET /lib/resortDataSearchD3.php?size=7&sortDate=T&resort=mounthutt&dateStart=2015-09-09 HTTP/1.1" 200 862 "http://whereshouldiski.com/" "Mozilla/5.0 (Macintosh; Intel Mac OS X 10.10; rv:40.0) Gecko/20100101 Firefox/40.0"
206.29.176.53 - - [11/Sep/2015:14:24:22 -0700] "GET /images/snowflake5.png HTTP/1.1" 200 2857 "http://whereshouldiski.com/styles/0fffd548.main.css" "Mozilla/5.0 (Macintosh; Intel Mac OS X 10.10; rv:40.0) Gecko/20100101 Firefox/40.0"
206.29.176.53 - - [11/Sep/2015:14:24:22 -0700] "GET /images/star5.png HTTP/1.1" 200 1783 "http://whereshouldiski.com/styles/0fffd548.main.css" "Mozilla/5.0 (Macintosh; Intel Mac OS X 10.10; rv:40.0) Gecko/20100101 Firefox/40.0"
206.29.176.53 - - [11/Sep/2015:14:24:22 -0700] "GET /images/mtns-icon.png HTTP/1.1" 200 1096 "http://whereshouldiski.com/styles/0fffd548.main.css" "Mozilla/5.0 (Macintosh; Intel Mac OS X 10.10; rv:40.0) Gecko/20100101 Firefox/40.0"
206.29.176.53 - - [11/Sep/2015:14:24:22 -0700] "GET /images/bluebird5.png HTTP/1.1" 200 2177 "http://whereshouldiski.com/styles/0fffd548.main.css" "Mozilla/5.0 (Macintosh; Intel Mac OS X 10.10; rv:40.0) Gecko/20100101 Firefox/40.0"
206.29.176.53 - - [11/Sep/2015:14:24:22 -0700] "GET /images/shading-icon.png HTTP/1.1" 200 536 "http://whereshouldiski.com/styles/0fffd548.main.css" "Mozilla/5.0 (Macintosh; Intel Mac OS X 10.10; rv:40.0) Gecko/20100101 Firefox/40.0"
206.29.176.53 - - [11/Sep/2015:14:24:24 -0700] "GET /favicon.ico HTTP/1.1" 200 1475 "-" "Mozilla/5.0 (Macintosh; Intel Mac OS X 10.10; rv:40.0) Gecko/20100101 Firefox/40.0"
127.0.0.1 - - [11/Sep/2015:14:24:30 -0700] "OPTIONS * HTTP/1.0" 200 126 "-" "Apache/2.2.22 (Ubuntu) (internal dummy connection)"
206.29.176.53 - - [11/Sep/2015:14:24:58 -0700] "GET /images/greyHeader.png HTTP/1.1" 200 509 "http://whereshouldiski.com/styles/0fffd548.main.css" "Mozilla/5.0 (Macintosh; Intel Mac OS X 10.10; rv:40.0) Gecko/20100101 Firefox/40.0"
206.29.176.53 - - [11/Sep/2015:14:24:58 -0700] "GET /lib/reccapi.php?fields=t HTTP/1.1" 200 1752 "http://whereshouldiski.com/" "Mozilla/5.0 (Macintosh; Intel Mac OS X 10.10; rv:40.0) Gecko/20100101 Firefox/40.0"
206.29.176.53 - - [11/Sep/2015:14:25:00 -0700] "GET /lib/reccapi.php?resort=mounthutt&date=2015-09-11 HTTP/1.1" 200 929 "http://whereshouldiski.com/" "Mozilla/5.0 (Macintosh; Intel Mac OS X 10.10; rv:40.0) Gecko/20100101 Firefox/40.0"
206.29.176.53 - - [11/Sep/2015:14:25:00 -0700] "GET /lib/reccapi.php?fields=t&date=2015-09-11&coords=-43.4667%2C171.533&size=7&sort=distance HTTP/1.1" 200 1297 "http://whereshouldiski.com/" "Mozilla/5.0 (Macintosh; Intel Mac OS X 10.10; rv:40.0) Gecko/20100101 Firefox/40.0"
206.29.176.53 - - [11/Sep/2015:14:25:00 -0700] "GET /lib/resortDataSearchD3.php?size=7&sortDate=T&resort=mounthutt&dateStart=2015-09-09 HTTP/1.1" 200 862 "http://whereshouldiski.com/" "Mozilla/5.0 (Macintosh; Intel Mac OS X 10.10; rv:40.0) Gecko/20100101 Firefox/40.0"
206.29.176.53 - - [11/Sep/2015:14:25:59 -0700] "GET /lib/reccapi.php?fields=t HTTP/1.1" 200 1752 "http://whereshouldiski.com/" "Mozilla/5.0 (Macintosh; Intel Mac OS X 10.10; rv:40.0) Gecko/20100101 Firefox/40.0"
206.29.176.53 - - [11/Sep/2015:14:26:17 -0700] "GET /lib/reccapi.php?fields=t&date=2015-09-12 HTTP/1.1" 200 1631 "http://whereshouldiski.com/" "Mozilla/5.0 (Macintosh; Intel Mac OS X 10.10; rv:40.0) Gecko/20100101 Firefox/40.0"
