180.76.15.139 - - [14/Oct/2015:05:36:34 -0700] "GET / HTTP/1.1" 200 6114 "-" "Mozilla/5.0 (compatible; Baiduspider/2.0; +http://www.baidu.com/search/spider.html)"
216.216.68.43 - - [14/Oct/2015:05:41:51 -0700] "GET /images/wsis-logo-sm.png HTTP/1.1" 200 6108 "http://www.thebackcountry.net/" "Mozilla/5.0 (Windows NT 6.1; WOW64) AppleWebKit/537.36 (KHTML, like Gecko) Chrome/45.0.2454.101 Safari/537.36"
61.135.190.103 - - [14/Oct/2015:05:43:18 -0700] "GET / HTTP/1.1" 200 2376 "http://www.baidu.com/s?wd=WhereShouldISki-WeatherData-DrivenRecommendationsforSkiing" "Mozilla/5.0 (Windows NT 6.1; WOW64) AppleWebKit/537.36 (KHTML, like Gecko) Chrome/36.0.1985.143 Safari/537.36"
61.135.190.219 - - [14/Oct/2015:05:43:19 -0700] "GET /scripts/scripts/vendor/modernizr.js HTTP/1.1" 200 4903 "http://www.whereshouldiski.com/" "Mozilla/5.0 (Windows NT 6.1; WOW64) AppleWebKit/537.36 (KHTML, like Gecko) Chrome/36.0.1985.143 Safari/537.36"
61.135.190.103 - - [14/Oct/2015:05:43:19 -0700] "GET /bower_components/requirejs/require.js HTTP/1.1" 200 6701 "http://www.whereshouldiski.com/" "Mozilla/5.0 (Windows NT 6.1; WOW64) AppleWebKit/537.36 (KHTML, like Gecko) Chrome/36.0.1985.143 Safari/537.36"
61.135.190.103 - - [14/Oct/2015:05:43:19 -0700] "GET /scripts/fa48e319.main.js HTTP/1.1" 200 123455 "http://www.whereshouldiski.com/" "Mozilla/5.0 (Windows NT 6.1; WOW64) AppleWebKit/537.36 (KHTML, like Gecko) Chrome/36.0.1985.143 Safari/537.36"
61.135.190.219 - - [14/Oct/2015:05:43:22 -0700] "GET /lib/reccapi.php?fields=t HTTP/1.1" 200 1861 "http://www.whereshouldiski.com/" "Mozilla/5.0 (Windows NT 6.1; WOW64) AppleWebKit/537.36 (KHTML, like Gecko) Chrome/36.0.1985.143 Safari/537.36"
123.125.71.78 - - [14/Oct/2015:05:46:20 -0700] "-" 408 0 "-" "-"
170.75.162.130 - - [14/Oct/2015:05:47:08 -0700] "GET /lib/reccapi.php?resort=redmountain HTTP/1.1" 200 901 "-" "node-superagent/0.18.2"
220.181.108.150 - - [14/Oct/2015:05:47:59 -0700] "GET / HTTP/1.1" 200 2339 "-" "Mozilla/5.0 (Windows NT 5.1; rv:6.0.2) Gecko/20100101 Firefox/6.0.2"
220.181.108.151 - - [14/Oct/2015:05:48:01 -0700] "GET / HTTP/1.1" 200 6114 "-" "Mozilla/5.0 (Windows NT 5.1; rv:6.0.2) Gecko/20100101 Firefox/6.0.2"
101.165.3.207 - - [14/Oct/2015:05:56:36 -0700] "GET / HTTP/1.1" 200 2376 "http://rankings-analytics.com/try.php?u=http://whereshouldiski.com" "Mozilla/5.0 (Windows NT 6.1; WOW64) AppleWebKit/537.36 (KHTML, like Gecko) Chrome/36.0.1985.143 Safari/537.36"
101.165.3.207 - - [14/Oct/2015:05:56:36 -0700] "GET /styles/0fffd548.main.css HTTP/1.1" 200 19316 "http://whereshouldiski.com/" "Mozilla/5.0 (Windows NT 6.1; WOW64) AppleWebKit/537.36 (KHTML, like Gecko) Chrome/36.0.1985.143 Safari/537.36"
101.165.3.207 - - [14/Oct/2015:05:56:37 -0700] "GET /bower_components/requirejs/require.js HTTP/1.1" 200 6702 "http://whereshouldiski.com/" "Mozilla/5.0 (Windows NT 6.1; WOW64) AppleWebKit/537.36 (KHTML, like Gecko) Chrome/36.0.1985.143 Safari/537.36"
101.165.3.207 - - [14/Oct/2015:05:56:37 -0700] "GET /scripts/scripts/vendor/modernizr.js HTTP/1.1" 200 4903 "http://whereshouldiski.com/" "Mozilla/5.0 (Windows NT 6.1; WOW64) AppleWebKit/537.36 (KHTML, like Gecko) Chrome/36.0.1985.143 Safari/537.36"
101.165.3.207 - - [14/Oct/2015:05:56:37 -0700] "GET /images/logo-sm.png HTTP/1.1" 200 16737 "http://whereshouldiski.com/" "Mozilla/5.0 (Windows NT 6.1; WOW64) AppleWebKit/537.36 (KHTML, like Gecko) Chrome/36.0.1985.143 Safari/537.36"
101.165.3.207 - - [14/Oct/2015:05:56:37 -0700] "GET /images/loading.gif HTTP/1.1" 200 13881 "http://whereshouldiski.com/" "Mozilla/5.0 (Windows NT 6.1; WOW64) AppleWebKit/537.36 (KHTML, like Gecko) Chrome/36.0.1985.143 Safari/537.36"
101.165.3.207 - - [14/Oct/2015:05:56:37 -0700] "GET /scripts/fa48e319.main.js HTTP/1.1" 200 123455 "http://whereshouldiski.com/" "Mozilla/5.0 (Windows NT 6.1; WOW64) AppleWebKit/537.36 (KHTML, like Gecko) Chrome/36.0.1985.143 Safari/537.36"
101.165.3.207 - - [14/Oct/2015:05:56:39 -0700] "GET /lib/reccapi.php?fields=t HTTP/1.1" 200 1860 "http://whereshouldiski.com/" "Mozilla/5.0 (Windows NT 6.1; WOW64) AppleWebKit/537.36 (KHTML, like Gecko) Chrome/36.0.1985.143 Safari/537.36"
101.165.3.207 - - [14/Oct/2015:05:56:39 -0700] "GET /images/button.png HTTP/1.1" 200 598 "http://whereshouldiski.com/" "Mozilla/5.0 (Windows NT 6.1; WOW64) AppleWebKit/537.36 (KHTML, like Gecko) Chrome/36.0.1985.143 Safari/537.36"
101.165.3.207 - - [14/Oct/2015:05:56:39 -0700] "GET /images/greyHeader.png HTTP/1.1" 200 508 "http://whereshouldiski.com/" "Mozilla/5.0 (Windows NT 6.1; WOW64) AppleWebKit/537.36 (KHTML, like Gecko) Chrome/36.0.1985.143 Safari/537.36"
101.165.3.207 - - [14/Oct/2015:05:56:39 -0700] "GET /images/snowflake5.png HTTP/1.1" 200 2857 "http://whereshouldiski.com/" "Mozilla/5.0 (Windows NT 6.1; WOW64) AppleWebKit/537.36 (KHTML, like Gecko) Chrome/36.0.1985.143 Safari/537.36"
101.165.3.207 - - [14/Oct/2015:05:56:39 -0700] "GET /images/bluebird5.png HTTP/1.1" 200 2177 "http://whereshouldiski.com/" "Mozilla/5.0 (Windows NT 6.1; WOW64) AppleWebKit/537.36 (KHTML, like Gecko) Chrome/36.0.1985.143 Safari/537.36"
101.165.3.207 - - [14/Oct/2015:05:56:39 -0700] "GET /images/star5.png HTTP/1.1" 200 1783 "http://whereshouldiski.com/" "Mozilla/5.0 (Windows NT 6.1; WOW64) AppleWebKit/537.36 (KHTML, like Gecko) Chrome/36.0.1985.143 Safari/537.36"
101.165.3.207 - - [14/Oct/2015:05:56:40 -0700] "GET /images/shading-icon.png HTTP/1.1" 200 537 "http://whereshouldiski.com/" "Mozilla/5.0 (Windows NT 6.1; WOW64) AppleWebKit/537.36 (KHTML, like Gecko) Chrome/36.0.1985.143 Safari/537.36"
101.165.3.207 - - [14/Oct/2015:05:56:40 -0700] "GET /images/mtns-icon.png HTTP/1.1" 200 1096 "http://whereshouldiski.com/" "Mozilla/5.0 (Windows NT 6.1; WOW64) AppleWebKit/537.36 (KHTML, like Gecko) Chrome/36.0.1985.143 Safari/537.36"
101.165.3.207 - - [14/Oct/2015:05:57:01 -0700] "-" 408 0 "-" "-"
170.75.162.130 - - [14/Oct/2015:06:05:00 -0700] "GET /lib/reccapi.php?resort=stowe HTTP/1.1" 200 1015 "-" "node-superagent/0.18.2"
170.75.162.130 - - [14/Oct/2015:06:05:30 -0700] "GET /lib/reccapi.php?resort=sunvalley HTTP/1.1" 200 980 "-" "node-superagent/0.18.2"
208.115.113.83 - - [14/Oct/2015:06:06:11 -0700] "GET /robots.txt HTTP/1.1" 200 319 "-" "Mozilla/5.0 (compatible; DotBot/1.1; http://www.opensiteexplorer.org/dotbot, help@moz.com)"
170.75.162.130 - - [14/Oct/2015:06:08:31 -0700] "GET /lib/reccapi.php?resort=madriverglen HTTP/1.1" 200 1034 "-" "node-superagent/0.18.2"
85.93.91.84 - - [14/Oct/2015:06:15:16 -0700] "GET /robots.txt HTTP/1.0" 200 338 "-" ""
85.93.91.84 - - [14/Oct/2015:06:15:17 -0700] "GET / HTTP/1.0" 200 6114 "-" "Mozilla/5.0 (compatible; DeuSu/5.0.2; +https://deusu.de/robot.html)"
208.115.113.83 - - [14/Oct/2015:06:42:15 -0700] "GET /resorts?resort=schweitzer&date=2014-10-29 HTTP/1.1" 404 476 "-" "Mozilla/5.0 (compatible; DotBot/1.1; http://www.opensiteexplorer.org/dotbot, help@moz.com)"
208.115.113.83 - - [14/Oct/2015:06:44:27 -0700] "GET /resorts?resort=mtrose&date=2014-11-08 HTTP/1.1" 404 476 "-" "Mozilla/5.0 (compatible; DotBot/1.1; http://www.opensiteexplorer.org/dotbot, help@moz.com)"
123.125.71.84 - - [14/Oct/2015:06:44:34 -0700] "-" 408 0 "-" "-"
208.115.113.83 - - [14/Oct/2015:06:44:57 -0700] "GET /resorts?resort=stowe&date=2014-11-19 HTTP/1.1" 404 476 "-" "Mozilla/5.0 (compatible; DotBot/1.1; http://www.opensiteexplorer.org/dotbot, help@moz.com)"
208.115.113.83 - - [14/Oct/2015:06:45:04 -0700] "GET /resorts?resort=cannonmountain&date=2014-11-03 HTTP/1.1" 404 476 "-" "Mozilla/5.0 (compatible; DotBot/1.1; http://www.opensiteexplorer.org/dotbot, help@moz.com)"
220.181.108.176 - - [14/Oct/2015:06:45:54 -0700] "GET / HTTP/1.1" 200 2339 "-" "Mozilla/5.0 (Windows NT 5.1; rv:6.0.2) Gecko/20100101 Firefox/6.0.2"
220.181.108.139 - - [14/Oct/2015:06:45:55 -0700] "GET / HTTP/1.1" 200 6114 "-" "Mozilla/5.0 (Windows NT 5.1; rv:6.0.2) Gecko/20100101 Firefox/6.0.2"
208.115.113.83 - - [14/Oct/2015:06:46:18 -0700] "GET /resorts?resort=alta&date=2014-11-04 HTTP/1.1" 404 476 "-" "Mozilla/5.0 (compatible; DotBot/1.1; http://www.opensiteexplorer.org/dotbot, help@moz.com)"
208.115.113.83 - - [14/Oct/2015:06:47:01 -0700] "GET /resorts?resort=arapahoebasin&date=2014-06-19 HTTP/1.1" 404 476 "-" "Mozilla/5.0 (compatible; DotBot/1.1; http://www.opensiteexplorer.org/dotbot, help@moz.com)"
180.76.15.155 - - [14/Oct/2015:06:48:51 -0700] "GET / HTTP/1.1" 200 6114 "-" "Mozilla/5.0 (compatible; Baiduspider/2.0; +http://www.baidu.com/search/spider.html)"
180.76.15.140 - - [14/Oct/2015:06:49:56 -0700] "GET / HTTP/1.1" 200 6114 "-" "Mozilla/5.0 (compatible; Baiduspider/2.0; +http://www.baidu.com/search/spider.html)"
170.75.162.130 - - [14/Oct/2015:07:02:47 -0700] "GET /lib/reccapi.php?resort=kirkwood HTTP/1.1" 200 975 "-" "node-superagent/0.18.2"
170.75.162.130 - - [14/Oct/2015:07:04:57 -0700] "GET /lib/reccapi.php?resort=sugarbowl HTTP/1.1" 200 954 "-" "node-superagent/0.18.2"
162.247.72.202 - - [14/Oct/2015:07:18:44 -0700] "GET / HTTP/1.1" 200 2320 "http://hundejo.com/" "Mozilla/5.0 (X11; Linux x86_64) AppleWebKit/537.36 (KHTML, like Gecko) Chrome/37.0.2062.120 Safari/537.36"
170.75.162.130 - - [14/Oct/2015:07:19:29 -0700] "GET /lib/reccapi.php?resort=cannonmountain HTTP/1.1" 200 998 "-" "node-superagent/0.18.2"
170.75.162.130 - - [14/Oct/2015:07:22:40 -0700] "GET /lib/reccapi.php?resort=grandtarghee HTTP/1.1" 200 965 "-" "node-superagent/0.18.2"
170.75.162.130 - - [14/Oct/2015:07:43:42 -0700] "GET /lib/reccapi.php?resort=brianhead HTTP/1.1" 200 984 "-" "node-superagent/0.18.2"
180.76.15.13 - - [14/Oct/2015:07:49:32 -0700] "GET / HTTP/1.1" 200 6114 "-" "Mozilla/5.0 (compatible; Baiduspider/2.0; +http://www.baidu.com/search/spider.html)"
180.76.15.149 - - [14/Oct/2015:07:50:43 -0700] "GET / HTTP/1.1" 200 6114 "-" "Mozilla/5.0 (compatible; Baiduspider/2.0; +http://www.baidu.com/search/spider.html)"
170.75.162.130 - - [14/Oct/2015:07:57:14 -0700] "GET /lib/reccapi.php?resort=wildcatmountain HTTP/1.1" 200 992 "-" "node-superagent/0.18.2"
66.249.79.220 - - [14/Oct/2015:07:58:33 -0700] "GET /resorts?resort=snowbird&date=2014-02-19 HTTP/1.1" 404 506 "-" "Mozilla/5.0 (iPhone; CPU iPhone OS 8_3 like Mac OS X) AppleWebKit/600.1.4 (KHTML, like Gecko) Version/8.0 Mobile/12F70 Safari/600.1.4 (compatible; Googlebot/2.1; +http://www.google.com/bot.html)"
222.186.21.195 - - [14/Oct/2015:08:00:16 -0700] "GET /manager/html HTTP/1.1" 404 470 "-" "Mozilla/5.0 (compatible; MSIE 10.0; Windows NT 6.2; WOW64; Trident/6.0)"
66.249.79.227 - - [14/Oct/2015:08:11:59 -0700] "GET /resorts?resort=northstar-at-tahoe&date=2012-12-27 HTTP/1.1" 404 506 "-" "Mozilla/5.0 (iPhone; CPU iPhone OS 8_3 like Mac OS X) AppleWebKit/600.1.4 (KHTML, like Gecko) Version/8.0 Mobile/12F70 Safari/600.1.4 (compatible; Googlebot/2.1; +http://www.google.com/bot.html)"
170.75.162.130 - - [14/Oct/2015:08:13:56 -0700] "GET /lib/reccapi.php?resort=crestedbutte HTTP/1.1" 200 970 "-" "node-superagent/0.18.2"
170.75.162.130 - - [14/Oct/2015:08:13:56 -0700] "GET /lib/reccapi.php?resort=loveland HTTP/1.1" 200 970 "-" "node-superagent/0.18.2"
170.75.162.130 - - [14/Oct/2015:08:13:56 -0700] "GET /lib/reccapi.php?resort=steamboat HTTP/1.1" 200 972 "-" "node-superagent/0.18.2"
170.75.162.130 - - [14/Oct/2015:08:13:56 -0700] "GET /lib/reccapi.php?resort=aspenheights HTTP/1.1" 200 992 "-" "node-superagent/0.18.2"
170.75.162.130 - - [14/Oct/2015:08:13:56 -0700] "GET /lib/reccapi.php?resort=buttermilk HTTP/1.1" 200 969 "-" "node-superagent/0.18.2"
170.75.162.130 - - [14/Oct/2015:08:13:56 -0700] "GET /lib/reccapi.php?resort=telluride HTTP/1.1" 200 970 "-" "node-superagent/0.18.2"
170.75.162.130 - - [14/Oct/2015:08:14:56 -0700] "GET /lib/reccapi.php?resort=winterpark HTTP/1.1" 200 977 "-" "node-superagent/0.18.2"
170.75.162.130 - - [14/Oct/2015:08:19:06 -0700] "GET /lib/reccapi.php?resort=mtrose HTTP/1.1" 200 940 "-" "node-superagent/0.18.2"
170.75.162.130 - - [14/Oct/2015:08:20:06 -0700] "GET /lib/reccapi.php?resort=taos HTTP/1.1" 200 945 "-" "node-superagent/0.18.2"
170.75.162.130 - - [14/Oct/2015:08:20:06 -0700] "GET /lib/reccapi.php?resort=angelfire HTTP/1.1" 200 986 "-" "node-superagent/0.18.2"
208.115.111.66 - - [14/Oct/2015:08:23:18 -0700] "GET /robots.txt HTTP/1.1" 200 319 "-" "Mozilla/5.0 (compatible; DotBot/1.1; http://www.opensiteexplorer.org/dotbot, help@moz.com)"
170.75.162.130 - - [14/Oct/2015:08:23:47 -0700] "GET /lib/reccapi.php?resort=silverstarmountain HTTP/1.1" 200 926 "-" "node-superagent/0.18.2"
170.75.162.130 - - [14/Oct/2015:08:23:47 -0700] "GET /lib/reccapi.php?resort=redlodge HTTP/1.1" 200 1017 "-" "node-superagent/0.18.2"
208.115.113.83 - - [14/Oct/2015:08:29:55 -0700] "GET /robots.txt HTTP/1.1" 200 319 "-" "Mozilla/5.0 (compatible; DotBot/1.1; http://www.opensiteexplorer.org/dotbot, help@moz.com)"
170.75.162.130 - - [14/Oct/2015:08:33:48 -0700] "GET /lib/reccapi.php?resort=diamondpeak HTTP/1.1" 200 936 "-" "node-superagent/0.18.2"
152.216.11.5 - - [14/Oct/2015:08:40:40 -0700] "GET /images/wsis-logo-sm.png HTTP/1.1" 200 6108 "http://www.thebackcountry.net/" "Mozilla/5.0 (Windows NT 6.1; Trident/7.0; rv:11.0) like Gecko"
180.76.15.140 - - [14/Oct/2015:08:41:32 -0700] "GET / HTTP/1.1" 200 6114 "-" "Mozilla/5.0 (compatible; Baiduspider/2.0; +http://www.baidu.com/search/spider.html)"
180.76.15.157 - - [14/Oct/2015:08:42:24 -0700] "GET / HTTP/1.1" 200 6114 "-" "Mozilla/5.0 (compatible; Baiduspider/2.0; +http://www.baidu.com/search/spider.html)"
220.181.108.181 - - [14/Oct/2015:08:43:41 -0700] "GET / HTTP/1.1" 200 2339 "-" "Mozilla/5.0 (Windows NT 5.1; rv:6.0.2) Gecko/20100101 Firefox/6.0.2"
123.125.71.91 - - [14/Oct/2015:08:43:51 -0700] "-" 408 0 "-" "-"
177.66.167.54 - - [14/Oct/2015:08:52:14 -0700] "GET / HTTP/1.1" 200 2376 "http://rankings-analytics.com/try.php?u=http://whereshouldiski.com" "Mozilla/5.0 (Windows NT 6.1; WOW64) AppleWebKit/537.36 (KHTML, like Gecko) Chrome/36.0.1985.143 Safari/537.36"
177.66.167.54 - - [14/Oct/2015:08:52:14 -0700] "GET /styles/0fffd548.main.css HTTP/1.1" 200 19316 "http://whereshouldiski.com/" "Mozilla/5.0 (Windows NT 6.1; WOW64) AppleWebKit/537.36 (KHTML, like Gecko) Chrome/36.0.1985.143 Safari/537.36"
177.66.167.54 - - [14/Oct/2015:08:52:15 -0700] "GET /scripts/scripts/vendor/modernizr.js HTTP/1.1" 200 4903 "http://whereshouldiski.com/" "Mozilla/5.0 (Windows NT 6.1; WOW64) AppleWebKit/537.36 (KHTML, like Gecko) Chrome/36.0.1985.143 Safari/537.36"
177.66.167.54 - - [14/Oct/2015:08:52:15 -0700] "GET /bower_components/requirejs/require.js HTTP/1.1" 200 6702 "http://whereshouldiski.com/" "Mozilla/5.0 (Windows NT 6.1; WOW64) AppleWebKit/537.36 (KHTML, like Gecko) Chrome/36.0.1985.143 Safari/537.36"
177.66.167.54 - - [14/Oct/2015:08:52:15 -0700] "GET /images/logo-sm.png HTTP/1.1" 200 16737 "http://whereshouldiski.com/" "Mozilla/5.0 (Windows NT 6.1; WOW64) AppleWebKit/537.36 (KHTML, like Gecko) Chrome/36.0.1985.143 Safari/537.36"
177.66.167.54 - - [14/Oct/2015:08:52:15 -0700] "GET /images/loading.gif HTTP/1.1" 200 13881 "http://whereshouldiski.com/" "Mozilla/5.0 (Windows NT 6.1; WOW64) AppleWebKit/537.36 (KHTML, like Gecko) Chrome/36.0.1985.143 Safari/537.36"
177.66.167.54 - - [14/Oct/2015:08:52:16 -0700] "GET /scripts/fa48e319.main.js HTTP/1.1" 200 123455 "http://whereshouldiski.com/" "Mozilla/5.0 (Windows NT 6.1; WOW64) AppleWebKit/537.36 (KHTML, like Gecko) Chrome/36.0.1985.143 Safari/537.36"
177.66.167.54 - - [14/Oct/2015:08:52:17 -0700] "GET /lib/reccapi.php?fields=t HTTP/1.1" 200 1861 "http://whereshouldiski.com/" "Mozilla/5.0 (Windows NT 6.1; WOW64) AppleWebKit/537.36 (KHTML, like Gecko) Chrome/36.0.1985.143 Safari/537.36"
177.66.167.54 - - [14/Oct/2015:08:52:17 -0700] "GET /images/button.png HTTP/1.1" 200 598 "http://whereshouldiski.com/" "Mozilla/5.0 (Windows NT 6.1; WOW64) AppleWebKit/537.36 (KHTML, like Gecko) Chrome/36.0.1985.143 Safari/537.36"
177.66.167.54 - - [14/Oct/2015:08:52:17 -0700] "GET /images/greyHeader.png HTTP/1.1" 200 508 "http://whereshouldiski.com/" "Mozilla/5.0 (Windows NT 6.1; WOW64) AppleWebKit/537.36 (KHTML, like Gecko) Chrome/36.0.1985.143 Safari/537.36"
177.66.167.54 - - [14/Oct/2015:08:52:18 -0700] "GET /images/star5.png HTTP/1.1" 200 1783 "http://whereshouldiski.com/" "Mozilla/5.0 (Windows NT 6.1; WOW64) AppleWebKit/537.36 (KHTML, like Gecko) Chrome/36.0.1985.143 Safari/537.36"
177.66.167.54 - - [14/Oct/2015:08:52:18 -0700] "GET /images/snowflake5.png HTTP/1.1" 200 2857 "http://whereshouldiski.com/" "Mozilla/5.0 (Windows NT 6.1; WOW64) AppleWebKit/537.36 (KHTML, like Gecko) Chrome/36.0.1985.143 Safari/537.36"
177.66.167.54 - - [14/Oct/2015:08:52:18 -0700] "GET /images/shading-icon.png HTTP/1.1" 200 536 "http://whereshouldiski.com/" "Mozilla/5.0 (Windows NT 6.1; WOW64) AppleWebKit/537.36 (KHTML, like Gecko) Chrome/36.0.1985.143 Safari/537.36"
177.66.167.54 - - [14/Oct/2015:08:52:18 -0700] "GET /images/mtns-icon.png HTTP/1.1" 200 1097 "http://whereshouldiski.com/" "Mozilla/5.0 (Windows NT 6.1; WOW64) AppleWebKit/537.36 (KHTML, like Gecko) Chrome/36.0.1985.143 Safari/537.36"
177.66.167.54 - - [14/Oct/2015:08:52:18 -0700] "GET /images/bluebird5.png HTTP/1.1" 200 2178 "http://whereshouldiski.com/" "Mozilla/5.0 (Windows NT 6.1; WOW64) AppleWebKit/537.36 (KHTML, like Gecko) Chrome/36.0.1985.143 Safari/537.36"
68.180.229.34 - - [14/Oct/2015:08:58:58 -0700] "GET /robots.txt HTTP/1.1" 200 319 "-" "Mozilla/5.0 (compatible; Yahoo! Slurp; http://help.yahoo.com/help/us/ysearch/slurp)"
68.180.229.34 - - [14/Oct/2015:08:58:59 -0700] "GET /resorts?resort=redmountain HTTP/1.1" 404 450 "-" "Mozilla/5.0 (compatible; Yahoo! Slurp; http://help.yahoo.com/help/us/ysearch/slurp)"
170.75.162.130 - - [14/Oct/2015:09:00:31 -0700] "GET /lib/reccapi.php?resort=chinapeak HTTP/1.1" 200 1026 "-" "node-superagent/0.18.2"
208.115.113.83 - - [14/Oct/2015:09:10:33 -0700] "GET /resorts?resort=mtrose&date=2014-09-27 HTTP/1.1" 404 476 "-" "Mozilla/5.0 (compatible; DotBot/1.1; http://www.opensiteexplorer.org/dotbot, help@moz.com)"
208.115.113.83 - - [14/Oct/2015:09:12:33 -0700] "GET /resorts?resort=sugarbowl&date=2014-06-15 HTTP/1.1" 404 476 "-" "Mozilla/5.0 (compatible; DotBot/1.1; http://www.opensiteexplorer.org/dotbot, help@moz.com)"
208.115.113.83 - - [14/Oct/2015:09:13:04 -0700] "GET /resorts?resort=sundance&date=2014-06-11 HTTP/1.1" 404 476 "-" "Mozilla/5.0 (compatible; DotBot/1.1; http://www.opensiteexplorer.org/dotbot, help@moz.com)"
208.115.113.83 - - [14/Oct/2015:09:13:07 -0700] "GET /resorts?resort=alyeska&date=2014-11-18 HTTP/1.1" 404 476 "-" "Mozilla/5.0 (compatible; DotBot/1.1; http://www.opensiteexplorer.org/dotbot, help@moz.com)"
208.115.113.83 - - [14/Oct/2015:09:13:09 -0700] "GET /resorts?resort=kirkwood&date=2014-06-11 HTTP/1.1" 404 476 "-" "Mozilla/5.0 (compatible; DotBot/1.1; http://www.opensiteexplorer.org/dotbot, help@moz.com)"
208.115.113.83 - - [14/Oct/2015:09:13:10 -0700] "GET /resorts?resort=coppermountain&date=2014-06-19 HTTP/1.1" 404 476 "-" "Mozilla/5.0 (compatible; DotBot/1.1; http://www.opensiteexplorer.org/dotbot, help@moz.com)"
170.75.162.130 - - [14/Oct/2015:09:19:54 -0700] "GET /lib/reccapi.php?resort=mountbachelor HTTP/1.1" 200 966 "-" "node-superagent/0.18.2"
24.176.181.15 - - [14/Oct/2015:09:20:29 -0700] "GET /images/wsis-logo-sm.png HTTP/1.1" 200 6108 "http://thebackcountry.net/" "Mozilla/5.0 (Windows NT 6.3; WOW64; Trident/7.0; rv:11.0) like Gecko"
24.176.181.15 - - [14/Oct/2015:09:20:50 -0700] "-" 408 0 "-" "-"
208.115.111.66 - - [14/Oct/2015:09:23:03 -0700] "GET /resorts?resort=aspenmountain&date=2014-11-05 HTTP/1.1" 404 476 "-" "Mozilla/5.0 (compatible; DotBot/1.1; http://www.opensiteexplorer.org/dotbot, help@moz.com)"
38.80.229.70 - - [14/Oct/2015:09:23:39 -0700] "GET /images/wsis-logo-sm.png HTTP/1.1" 200 6108 "http://www.thebackcountry.net/" "Mozilla/5.0 (Macintosh; Intel Mac OS X 10_6_8) AppleWebKit/537.36 (KHTML, like Gecko) Chrome/45.0.2454.101 Safari/537.36"
208.115.111.66 - - [14/Oct/2015:09:25:36 -0700] "GET /resorts?resort=snowbird&date=2014-06-07 HTTP/1.1" 404 476 "-" "Mozilla/5.0 (compatible; DotBot/1.1; http://www.opensiteexplorer.org/dotbot, help@moz.com)"
67.138.229.242 - - [14/Oct/2015:09:25:55 -0700] "GET /images/wsis-logo-sm.png HTTP/1.1" 200 6108 "http://www.thebackcountry.net/" "Mozilla/5.0 (Windows NT 6.1; WOW64; rv:41.0) Gecko/20100101 Firefox/41.0"
24.176.181.15 - - [14/Oct/2015:09:26:37 -0700] "-" 408 0 "-" "-"
208.115.111.66 - - [14/Oct/2015:09:27:49 -0700] "GET /resorts?resort=taos&date=2014-06-14 HTTP/1.1" 404 476 "-" "Mozilla/5.0 (compatible; DotBot/1.1; http://www.opensiteexplorer.org/dotbot, help@moz.com)"
208.115.111.66 - - [14/Oct/2015:09:27:57 -0700] "GET /resorts?resort=sierra-at-tahoe&date=2014-06-23 HTTP/1.1" 404 476 "-" "Mozilla/5.0 (compatible; DotBot/1.1; http://www.opensiteexplorer.org/dotbot, help@moz.com)"
208.115.111.66 - - [14/Oct/2015:09:28:01 -0700] "GET /resorts?resort=alta&date=2014-11-03 HTTP/1.1" 404 476 "-" "Mozilla/5.0 (compatible; DotBot/1.1; http://www.opensiteexplorer.org/dotbot, help@moz.com)"
208.115.111.66 - - [14/Oct/2015:09:28:23 -0700] "GET /resorts?resort=eaglepoint&date=2014-06-13 HTTP/1.1" 404 476 "-" "Mozilla/5.0 (compatible; DotBot/1.1; http://www.opensiteexplorer.org/dotbot, help@moz.com)"
208.115.111.66 - - [14/Oct/2015:09:28:24 -0700] "GET /resorts?resort=solitude&date=2014-06-28 HTTP/1.1" 404 476 "-" "Mozilla/5.0 (compatible; DotBot/1.1; http://www.opensiteexplorer.org/dotbot, help@moz.com)"
123.125.71.77 - - [14/Oct/2015:09:43:18 -0700] "-" 408 0 "-" "-"
220.181.108.179 - - [14/Oct/2015:09:44:52 -0700] "GET / HTTP/1.1" 200 2339 "-" "Mozilla/5.0 (Windows NT 5.1; rv:6.0.2) Gecko/20100101 Firefox/6.0.2"
71.140.31.214 - - [14/Oct/2015:09:48:03 -0700] "GET /images/wsis-logo-sm.png HTTP/1.1" 200 6108 "http://thebackcountry.net/" "Mozilla/4.0 (compatible; MSIE 8.0; Windows NT 5.1; Trident/4.0; .NET CLR 2.0.50727; .NET CLR 3.0.4506.2152; .NET CLR 3.5.30729; 786908940603; Build/14.08001)"
192.99.44.141 - - [14/Oct/2015:09:55:41 -0700] "GET / HTTP/1.1" 200 6151 "-" "Mozilla/5.0 (compatible; Lipperhey-Kaus-Australis/5.0; +https://www.lipperhey.com/en/about/)"
192.99.44.141 - - [14/Oct/2015:09:55:50 -0700] "GET /robots.txt HTTP/1.1" 200 319 "-" "Mozilla/5.0 (compatible; Lipperhey-Kaus-Australis/5.0; +https://www.lipperhey.com/en/about/)"
192.99.44.141 - - [14/Oct/2015:09:55:50 -0700] "GET / HTTP/1.1" 200 6095 "-" "Mozilla/5.0 (compatible; Lipperhey-Kaus-Australis/5.0; +https://www.lipperhey.com/en/about/)"
192.99.44.141 - - [14/Oct/2015:09:55:51 -0700] "GET /about HTTP/1.1" 404 480 "-" "Mozilla/5.0 (compatible; Lipperhey-Kaus-Australis/5.0; +https://www.lipperhey.com/en/about/)"
192.99.44.141 - - [14/Oct/2015:09:55:52 -0700] "GET / HTTP/1.1" 200 6095 "-" "Mozilla/5.0 (Linux; Android 4.0.4; Galaxy Nexus Build/IMM76B) AppleWebKit/535.19 (KHTML, like Gecko) Chrome/18.0.1025.133 Mobile Safari/535.19"
180.76.15.163 - - [14/Oct/2015:09:58:29 -0700] "GET / HTTP/1.1" 200 6114 "-" "Mozilla/5.0 (compatible; Baiduspider/2.0; +http://www.baidu.com/search/spider.html)"
180.76.15.154 - - [14/Oct/2015:09:59:56 -0700] "GET / HTTP/1.1" 200 6114 "-" "Mozilla/5.0 (compatible; Baiduspider/2.0; +http://www.baidu.com/search/spider.html)"
180.76.15.150 - - [14/Oct/2015:10:10:13 -0700] "GET / HTTP/1.1" 200 2339 "-" "Mozilla/5.0 (Windows NT 5.1; rv:6.0.2) Gecko/20100101 Firefox/6.0.2"
141.212.122.160 - - [14/Oct/2015:10:10:42 -0700] "GET / HTTP/1.1" 200 6095 "-" "Mozilla/5.0 zgrab/0.x"
208.115.113.83 - - [14/Oct/2015:10:12:30 -0700] "GET /robots.txt HTTP/1.1" 200 319 "-" "Mozilla/5.0 (compatible; DotBot/1.1; http://www.opensiteexplorer.org/dotbot, help@moz.com)"
212.59.30.110 - - [14/Oct/2015:10:17:19 -0700] "GET /manager/html HTTP/1.1" 404 503 "-" "Mozilla/5.0 (Windows NT 5.1; rv:5.0) Gecko/20100101 Firefox/5.0"
180.76.15.23 - - [14/Oct/2015:10:21:33 -0700] "GET /resorts?resort=mounthoodmeadows&date=2014-02-06 HTTP/1.1" 404 472 "-" "Mozilla/5.0 (compatible; Baiduspider/2.0; +http://www.baidu.com/search/spider.html)"
170.75.162.130 - - [14/Oct/2015:10:38:33 -0700] "GET /lib/reccapi.php?resort=49degreesnorth HTTP/1.1" 200 994 "-" "node-superagent/0.18.2"
71.140.31.214 - - [14/Oct/2015:10:47:46 -0700] "GET /images/wsis-logo-sm.png HTTP/1.1" 200 6108 "http://thebackcountry.net/" "Mozilla/4.0 (compatible; MSIE 8.0; Windows NT 5.1; Trident/4.0; .NET CLR 2.0.50727; .NET CLR 3.0.4506.2152; .NET CLR 3.5.30729; 786908940603; Build/14.08001)"
208.115.113.83 - - [14/Oct/2015:10:47:50 -0700] "GET /resorts?resort=squawvalleyusa&date=2014-06-28 HTTP/1.1" 404 476 "-" "Mozilla/5.0 (compatible; DotBot/1.1; http://www.opensiteexplorer.org/dotbot, help@moz.com)"
170.75.162.130 - - [14/Oct/2015:10:50:15 -0700] "GET /lib/reccapi.php?resort=homewoodmountain HTTP/1.1" 200 974 "-" "node-superagent/0.18.2"
170.75.162.130 - - [14/Oct/2015:10:50:15 -0700] "GET /lib/reccapi.php?resort=aspenmountain HTTP/1.1" 200 961 "-" "node-superagent/0.18.2"
170.75.162.130 - - [14/Oct/2015:10:50:15 -0700] "GET /lib/reccapi.php?resort=coppermountain HTTP/1.1" 200 979 "-" "node-superagent/0.18.2"
170.75.162.130 - - [14/Oct/2015:10:50:15 -0700] "GET /lib/reccapi.php?resort=squawvalleyusa HTTP/1.1" 200 974 "-" "node-superagent/0.18.2"
170.75.162.130 - - [14/Oct/2015:10:50:26 -0700] "GET /lib/reccapi.php?resort=smugglersnotch HTTP/1.1" 200 1055 "-" "node-superagent/0.18.2"
170.75.162.130 - - [14/Oct/2015:10:51:15 -0700] "GET /lib/reccapi.php?resort=sugarbush HTTP/1.1" 200 1033 "-" "node-superagent/0.18.2"
208.115.113.83 - - [14/Oct/2015:10:53:39 -0700] "GET /resorts?resort=cannonmountain&date=2014-11-07 HTTP/1.1" 404 476 "-" "Mozilla/5.0 (compatible; DotBot/1.1; http://www.opensiteexplorer.org/dotbot, help@moz.com)"
170.75.162.130 - - [14/Oct/2015:11:04:26 -0700] "GET /lib/reccapi.php?resort=sundayriver HTTP/1.1" 200 981 "-" "node-superagent/0.18.2"
180.76.15.14 - - [14/Oct/2015:11:11:00 -0700] "GET / HTTP/1.1" 200 6114 "-" "Mozilla/5.0 (compatible; Baiduspider/2.0; +http://www.baidu.com/search/spider.html)"
170.75.162.130 - - [14/Oct/2015:11:11:37 -0700] "GET /lib/reccapi.php?resort=schweitzer HTTP/1.1" 200 965 "-" "node-superagent/0.18.2"
180.76.15.28 - - [14/Oct/2015:11:11:59 -0700] "GET / HTTP/1.1" 200 6114 "-" "Mozilla/5.0 (compatible; Baiduspider/2.0; +http://www.baidu.com/search/spider.html)"
170.75.162.130 - - [14/Oct/2015:11:19:08 -0700] "GET /lib/reccapi.php?resort=devilshead HTTP/1.1" 200 937 "-" "node-superagent/0.18.2"
170.75.162.130 - - [14/Oct/2015:11:23:09 -0700] "GET /lib/reccapi.php?resort=stevenspass HTTP/1.1" 200 960 "-" "node-superagent/0.18.2"
179.186.8.129 - - [14/Oct/2015:11:23:57 -0700] "GET /images/wsis-logo-sm.png HTTP/1.1" 200 6108 "http://thebackcountry.net/" "Mozilla/5.0 (Windows NT 6.1; WOW64) AppleWebKit/537.36 (KHTML, like Gecko) Chrome/36.0.1985.143 Safari/537.36"
50.134.136.80 - - [14/Oct/2015:11:24:20 -0700] "GET /images/wsis-logo-sm.png HTTP/1.1" 200 6108 "http://thebackcountry.net/" "Mozilla/5.0 (Macintosh; Intel Mac OS X 10_11_0) AppleWebKit/537.36 (KHTML, like Gecko) Chrome/46.0.2490.71 Safari/537.36"
180.76.15.146 - - [14/Oct/2015:11:37:15 -0700] "GET / HTTP/1.1" 200 6114 "-" "Mozilla/5.0 (compatible; Baiduspider/2.0; +http://www.baidu.com/search/spider.html)"
180.76.15.136 - - [14/Oct/2015:11:37:42 -0700] "GET / HTTP/1.1" 200 6114 "-" "Mozilla/5.0 (compatible; Baiduspider/2.0; +http://www.baidu.com/search/spider.html)"
180.76.15.145 - - [14/Oct/2015:11:38:00 -0700] "GET /resorts?resort=homewoodmountain&date=2014-04-20 HTTP/1.1" 404 472 "-" "Mozilla/5.0 (compatible; Baiduspider/2.0; +http://www.baidu.com/search/spider.html)"
170.75.162.130 - - [14/Oct/2015:11:41:51 -0700] "GET /lib/reccapi.php?resort=sierra-at-tahoe HTTP/1.1" 200 983 "-" "node-superagent/0.18.2"
208.115.111.66 - - [14/Oct/2015:11:43:30 -0700] "GET /resorts?resort=whitepine&date=2014-06-30 HTTP/1.1" 404 476 "-" "Mozilla/5.0 (compatible; DotBot/1.1; http://www.opensiteexplorer.org/dotbot, help@moz.com)"
123.125.71.15 - - [14/Oct/2015:11:43:51 -0700] "-" 408 0 "-" "-"
208.115.111.66 - - [14/Oct/2015:11:47:06 -0700] "GET /resorts?resort=sunpeaksresort&date=2014-11-02 HTTP/1.1" 404 476 "-" "Mozilla/5.0 (compatible; DotBot/1.1; http://www.opensiteexplorer.org/dotbot, help@moz.com)"
208.115.111.66 - - [14/Oct/2015:11:47:47 -0700] "GET /resorts?resort=sugarbowl&date=2014-11-04 HTTP/1.1" 404 476 "-" "Mozilla/5.0 (compatible; DotBot/1.1; http://www.opensiteexplorer.org/dotbot, help@moz.com)"
134.223.230.153 - - [14/Oct/2015:11:47:53 -0700] "GET /images/wsis-logo-sm.png HTTP/1.1" 200 6052 "http://www.thebackcountry.net/" "Mozilla/5.0 (compatible; MSIE 10.0; Windows NT 6.1; WOW64; Trident/6.0)"
220.181.108.84 - - [14/Oct/2015:11:49:16 -0700] "-" 408 0 "-" "-"
108.206.118.16 - - [14/Oct/2015:11:56:45 -0700] "GET /images/wsis-logo-sm.png HTTP/1.1" 200 6108 "http://www.thebackcountry.net/" "Mozilla/5.0 (Windows NT 6.3; WOW64) AppleWebKit/537.36 (KHTML, like Gecko) Chrome/45.0.2454.101 Safari/537.36"
170.75.162.130 - - [14/Oct/2015:11:59:23 -0700] "GET /lib/reccapi.php?resort=solitude HTTP/1.1" 200 940 "-" "node-superagent/0.18.2"
170.75.162.130 - - [14/Oct/2015:12:01:13 -0700] "GET /lib/reccapi.php?resort=mountspokane HTTP/1.1" 200 990 "-" "node-superagent/0.18.2"
170.75.162.130 - - [14/Oct/2015:12:08:54 -0700] "GET /lib/reccapi.php?resort=bigwhite HTTP/1.1" 200 912 "-" "node-superagent/0.18.2"
170.75.162.130 - - [14/Oct/2015:12:08:54 -0700] "GET /lib/reccapi.php?resort=alyeska HTTP/1.1" 200 964 "-" "node-superagent/0.18.2"
170.75.162.130 - - [14/Oct/2015:12:18:35 -0700] "GET /lib/reccapi.php?resort=killington HTTP/1.1" 200 1038 "-" "node-superagent/0.18.2"
170.75.162.130 - - [14/Oct/2015:12:18:36 -0700] "GET /lib/reccapi.php?resort=alta HTTP/1.1" 200 941 "-" "node-superagent/0.18.2"
170.75.162.130 - - [14/Oct/2015:12:18:36 -0700] "GET /lib/reccapi.php?resort=sugarloaf HTTP/1.1" 200 992 "-" "node-superagent/0.18.2"
170.75.162.130 - - [14/Oct/2015:12:19:36 -0700] "GET /lib/reccapi.php?resort=cannonmountain HTTP/1.1" 200 994 "-" "node-superagent/0.18.2"
170.75.162.130 - - [14/Oct/2015:12:19:36 -0700] "GET /lib/reccapi.php?resort=jaypeak HTTP/1.1" 200 1042 "-" "node-superagent/0.18.2"
170.75.162.130 - - [14/Oct/2015:12:19:37 -0700] "GET /lib/reccapi.php?resort=madriverglen HTTP/1.1" 200 1034 "-" "node-superagent/0.18.2"
170.75.162.130 - - [14/Oct/2015:12:19:37 -0700] "GET /lib/reccapi.php?resort=stowe HTTP/1.1" 200 1010 "-" "node-superagent/0.18.2"
170.75.162.130 - - [14/Oct/2015:12:19:38 -0700] "GET /lib/reccapi.php?resort=wildcatmountain HTTP/1.1" 200 990 "-" "node-superagent/0.18.2"
54.198.154.148 - - [14/Oct/2015:12:21:26 -0700] "HEAD / HTTP/1.1" 200 291 "-" "Cloud mapping experiment. Contact research@pdrlabs.net"
75.5.249.140 - - [14/Oct/2015:12:21:56 -0700] "GET /images/wsis-logo-sm.png HTTP/1.1" 200 6108 "http://www.thebackcountry.net/" "Mozilla/5.0 (iPhone; CPU iPhone OS 8_4 like Mac OS X) AppleWebKit/600.1.4 (KHTML, like Gecko) Version/8.0 Mobile/12H143 Safari/600.1.4"
208.115.113.83 - - [14/Oct/2015:12:23:36 -0700] "GET /robots.txt HTTP/1.1" 200 319 "-" "Mozilla/5.0 (compatible; DotBot/1.1; http://www.opensiteexplorer.org/dotbot, help@moz.com)"
170.75.162.130 - - [14/Oct/2015:12:25:47 -0700] "GET /lib/reccapi.php?resort=northstar-at-tahoe HTTP/1.1" 200 956 "-" "node-superagent/0.18.2"
70.214.40.39 - - [14/Oct/2015:12:33:54 -0700] "GET /images/wsis-logo-sm.png HTTP/1.1" 200 6108 "http://www.thebackcountry.net/" "Mozilla/5.0 (iPhone; CPU iPhone OS 8_3 like Mac OS X) AppleWebKit/600.1.4 (KHTML, like Gecko) CriOS/45.0.2454.89 Mobile/12F70 Safari/600.1.4"
176.97.116.171 - - [14/Oct/2015:12:43:03 -0700] "GET / HTTP/1.1" 200 2376 "-" "Mozilla/4.0 (compatible; MSIE 6.0; Windows NT 5.1; SV1; Mozilla/4.0 (compatible; MSIE 6.0; Windows NT 5.1; SV1) ; .NET CLR 2.0.50727 ; .NET CLR 4.0.30319)"
123.125.71.57 - - [14/Oct/2015:12:43:10 -0700] "-" 408 0 "-" "-"
76.79.116.19 - - [14/Oct/2015:12:47:00 -0700] "GET /images/wsis-logo-sm.png HTTP/1.1" 200 6108 "http://www.thebackcountry.net/" "Mozilla/5.0 (Macintosh; Intel Mac OS X 10_10_5) AppleWebKit/601.1.56 (KHTML, like Gecko) Version/9.0 Safari/601.1.56"
208.115.111.66 - - [14/Oct/2015:12:48:03 -0700] "GET /robots.txt HTTP/1.1" 200 319 "-" "Mozilla/5.0 (compatible; DotBot/1.1; http://www.opensiteexplorer.org/dotbot, help@moz.com)"
220.181.108.95 - - [14/Oct/2015:12:48:44 -0700] "-" 408 0 "-" "-"
137.164.164.35 - - [14/Oct/2015:13:02:11 -0700] "GET /images/wsis-logo-sm.png HTTP/1.1" 200 6108 "http://thebackcountry.net/" "Mozilla/5.0 (X11; CrOS x86_64 7262.52.0) AppleWebKit/537.36 (KHTML, like Gecko) Chrome/45.0.2454.86 Safari/537.36"
170.75.162.130 - - [14/Oct/2015:13:02:31 -0700] "GET /lib/reccapi.php?resort=hoodoo HTTP/1.1" 200 944 "-" "node-superagent/0.18.2"
208.115.113.83 - - [14/Oct/2015:13:05:27 -0700] "GET /resorts?resort=aspenmountain&date=2014-10-02 HTTP/1.1" 404 476 "-" "Mozilla/5.0 (compatible; DotBot/1.1; http://www.opensiteexplorer.org/dotbot, help@moz.com)"
208.115.113.83 - - [14/Oct/2015:13:06:19 -0700] "GET /resorts?resort=sugarbowl&date=2014-06-19 HTTP/1.1" 404 476 "-" "Mozilla/5.0 (compatible; DotBot/1.1; http://www.opensiteexplorer.org/dotbot, help@moz.com)"
208.115.113.83 - - [14/Oct/2015:13:06:24 -0700] "GET /resorts?resort=squawvalleyusa&date=2014-06-19 HTTP/1.1" 404 476 "-" "Mozilla/5.0 (compatible; DotBot/1.1; http://www.opensiteexplorer.org/dotbot, help@moz.com)"
208.115.113.83 - - [14/Oct/2015:13:06:26 -0700] "GET /resorts?resort=sunpeaksresort&date=2014-10-26 HTTP/1.1" 404 476 "-" "Mozilla/5.0 (compatible; DotBot/1.1; http://www.opensiteexplorer.org/dotbot, help@moz.com)"
208.115.113.83 - - [14/Oct/2015:13:06:41 -0700] "GET /resorts?resort=homewoodmountain&date=2014-07-02 HTTP/1.1" 404 476 "-" "Mozilla/5.0 (compatible; DotBot/1.1; http://www.opensiteexplorer.org/dotbot, help@moz.com)"
208.115.113.83 - - [14/Oct/2015:13:06:48 -0700] "GET /resorts?resort=parkcity&date=2014-09-28 HTTP/1.1" 404 476 "-" "Mozilla/5.0 (compatible; DotBot/1.1; http://www.opensiteexplorer.org/dotbot, help@moz.com)"
208.115.113.83 - - [14/Oct/2015:13:07:22 -0700] "GET /resorts?resort=aspenheights&date=2014-10-15 HTTP/1.1" 404 476 "-" "Mozilla/5.0 (compatible; DotBot/1.1; http://www.opensiteexplorer.org/dotbot, help@moz.com)"
208.115.113.83 - - [14/Oct/2015:13:07:23 -0700] "GET /resorts?resort=sierra-at-tahoe&date=2014-10-24 HTTP/1.1" 404 476 "-" "Mozilla/5.0 (compatible; DotBot/1.1; http://www.opensiteexplorer.org/dotbot, help@moz.com)"
180.76.15.157 - - [14/Oct/2015:13:13:12 -0700] "GET / HTTP/1.1" 200 6114 "-" "Mozilla/5.0 (compatible; Baiduspider/2.0; +http://www.baidu.com/search/spider.html)"
180.76.15.28 - - [14/Oct/2015:13:14:25 -0700] "GET / HTTP/1.1" 200 6114 "-" "Mozilla/5.0 (compatible; Baiduspider/2.0; +http://www.baidu.com/search/spider.html)"
172.79.70.89 - - [14/Oct/2015:13:18:51 -0700] "GET /images/wsis-logo-sm.png HTTP/1.1" 200 6108 "http://www.thebackcountry.net/" "Mozilla/5.0 (Macintosh; Intel Mac OS X 10_10_3) AppleWebKit/537.36 (KHTML, like Gecko) Chrome/45.0.2454.101 Safari/537.36"
24.216.39.220 - - [14/Oct/2015:13:25:49 -0700] "GET /images/wsis-logo-sm.png HTTP/1.1" 200 6108 "http://www.thebackcountry.net/" "Mozilla/5.0 (Windows NT 10.0; WOW64) AppleWebKit/537.36 (KHTML, like Gecko) Chrome/45.0.2454.101 Safari/537.36"
170.75.162.130 - - [14/Oct/2015:13:26:14 -0700] "GET /lib/reccapi.php?resort=crystalmountain HTTP/1.1" 200 978 "-" "node-superagent/0.18.2"
208.115.111.66 - - [14/Oct/2015:13:29:26 -0700] "GET /resorts?resort=sugarbowl&date=2014-06-05 HTTP/1.1" 404 476 "-" "Mozilla/5.0 (compatible; DotBot/1.1; http://www.opensiteexplorer.org/dotbot, help@moz.com)"
208.115.111.66 - - [14/Oct/2015:13:31:32 -0700] "GET /resorts?resort=smugglersnotch&date=2014-09-28 HTTP/1.1" 404 476 "-" "Mozilla/5.0 (compatible; DotBot/1.1; http://www.opensiteexplorer.org/dotbot, help@moz.com)"
208.115.111.66 - - [14/Oct/2015:13:32:14 -0700] "GET /resorts?resort=skisantafe&date=2014-07-02 HTTP/1.1" 404 476 "-" "Mozilla/5.0 (compatible; DotBot/1.1; http://www.opensiteexplorer.org/dotbot, help@moz.com)"
208.115.111.66 - - [14/Oct/2015:13:32:17 -0700] "GET /resorts?resort=sierra-at-tahoe&date=2014-06-27 HTTP/1.1" 404 476 "-" "Mozilla/5.0 (compatible; DotBot/1.1; http://www.opensiteexplorer.org/dotbot, help@moz.com)"
208.115.111.66 - - [14/Oct/2015:13:32:19 -0700] "GET /resorts?resort=missionridge&date=2014-06-17 HTTP/1.1" 404 476 "-" "Mozilla/5.0 (compatible; DotBot/1.1; http://www.opensiteexplorer.org/dotbot, help@moz.com)"
208.115.111.66 - - [14/Oct/2015:13:32:25 -0700] "GET /resorts?resort=monarch&date=2014-10-11 HTTP/1.1" 404 476 "-" "Mozilla/5.0 (compatible; DotBot/1.1; http://www.opensiteexplorer.org/dotbot, help@moz.com)"
208.115.111.66 - - [14/Oct/2015:13:32:51 -0700] "GET /resorts?resort=killington&date=2014-10-31 HTTP/1.1" 404 476 "-" "Mozilla/5.0 (compatible; DotBot/1.1; http://www.opensiteexplorer.org/dotbot, help@moz.com)"
208.115.111.66 - - [14/Oct/2015:13:32:59 -0700] "GET /resorts?resort=solitude&date=2014-06-24 HTTP/1.1" 404 476 "-" "Mozilla/5.0 (compatible; DotBot/1.1; http://www.opensiteexplorer.org/dotbot, help@moz.com)"
123.125.71.60 - - [14/Oct/2015:13:42:57 -0700] "-" 408 0 "-" "-"
66.249.74.12 - - [14/Oct/2015:13:52:00 -0700] "GET / HTTP/1.1" 200 2376 "-" "Mozilla/5.0 (iPhone; CPU iPhone OS 8_3 like Mac OS X) AppleWebKit/600.1.4 (KHTML, like Gecko) Version/8.0 Mobile/12F70 Safari/600.1.4 (compatible; Googlebot/2.1; +http://www.google.com/bot.html)"
66.249.79.227 - - [14/Oct/2015:14:01:32 -0700] "GET /robots.txt HTTP/1.1" 200 419 "-" "Mozilla/5.0 (compatible; Googlebot/2.1; +http://www.google.com/bot.html)"
66.249.79.220 - - [14/Oct/2015:14:01:32 -0700] "GET /viz/2012-2013-viz.php HTTP/1.1" 404 506 "-" "Mozilla/5.0 (compatible; Googlebot/2.1; +http://www.google.com/bot.html)"
180.76.15.137 - - [14/Oct/2015:14:02:27 -0700] "GET / HTTP/1.1" 200 6114 "-" "Mozilla/5.0 (compatible; Baiduspider/2.0; +http://www.baidu.com/search/spider.html)"
180.76.15.135 - - [14/Oct/2015:14:03:12 -0700] "GET / HTTP/1.1" 200 6114 "-" "Mozilla/5.0 (compatible; Baiduspider/2.0; +http://www.baidu.com/search/spider.html)"
66.249.79.234 - - [14/Oct/2015:14:03:30 -0700] "GET /blog/11-2012-2013-powder-rating-visualization HTTP/1.1" 404 506 "-" "Mozilla/5.0 (compatible; Googlebot/2.1; +http://www.google.com/bot.html)"
170.75.162.130 - - [14/Oct/2015:14:04:29 -0700] "GET /lib/reccapi.php?resort=sunpeaksresort HTTP/1.1" 200 910 "-" "node-superagent/0.18.2"
170.75.162.130 - - [14/Oct/2015:14:09:09 -0700] "GET /lib/reccapi.php?resort=monarch HTTP/1.1" 200 942 "-" "node-superagent/0.18.2"
170.75.162.130 - - [14/Oct/2015:14:09:19 -0700] "GET /lib/reccapi.php?resort=alpinemeadows HTTP/1.1" 200 1000 "-" "node-superagent/0.18.2"
172.56.16.163 - - [14/Oct/2015:14:16:17 -0700] "GET /images/wsis-logo-sm.png HTTP/1.1" 200 6108 "http://www.thebackcountry.net/" "Mozilla/5.0 (iPhone; CPU iPhone OS 8_3 like Mac OS X) AppleWebKit/600.1.4 (KHTML, like Gecko) Version/8.0 Mobile/12F70 Safari/600.1.4"
170.75.162.130 - - [14/Oct/2015:14:19:40 -0700] "GET /lib/reccapi.php?resort=arapahoebasin HTTP/1.1" 200 991 "-" "node-superagent/0.18.2"
170.75.162.130 - - [14/Oct/2015:14:19:40 -0700] "GET /lib/reccapi.php?resort=canyons HTTP/1.1" 200 960 "-" "node-superagent/0.18.2"
170.75.162.130 - - [14/Oct/2015:14:19:40 -0700] "GET /lib/reccapi.php?resort=keystone HTTP/1.1" 200 1004 "-" "node-superagent/0.18.2"
170.75.162.130 - - [14/Oct/2015:14:21:41 -0700] "GET /lib/reccapi.php?resort=kirkwood HTTP/1.1" 200 975 "-" "node-superagent/0.18.2"
170.75.162.130 - - [14/Oct/2015:14:22:31 -0700] "GET /lib/reccapi.php?resort=whistlerblackcomb HTTP/1.1" 200 922 "-" "node-superagent/0.18.2"
208.115.113.83 - - [14/Oct/2015:14:24:22 -0700] "GET /robots.txt HTTP/1.1" 200 319 "-" "Mozilla/5.0 (compatible; DotBot/1.1; http://www.opensiteexplorer.org/dotbot, help@moz.com)"
180.76.15.29 - - [14/Oct/2015:14:41:55 -0700] "GET / HTTP/1.1" 200 6114 "-" "Mozilla/5.0 (compatible; Baiduspider/2.0; +http://www.baidu.com/search/spider.html)"
180.76.15.134 - - [14/Oct/2015:14:42:42 -0700] "GET / HTTP/1.1" 200 6114 "-" "Mozilla/5.0 (compatible; Baiduspider/2.0; +http://www.baidu.com/search/spider.html)"
123.125.71.60 - - [14/Oct/2015:14:43:02 -0700] "-" 408 0 "-" "-"
74.96.255.60 - - [14/Oct/2015:14:44:17 -0700] "GET / HTTP/1.1" 200 2376 "http://rankings-analytics.com/try.php?u=http://whereshouldiski.com" "Mozilla/5.0 (Windows NT 6.1; WOW64) AppleWebKit/537.36 (KHTML, like Gecko) Chrome/36.0.1985.143 Safari/537.36"
74.96.255.60 - - [14/Oct/2015:14:44:17 -0700] "GET /styles/0fffd548.main.css HTTP/1.1" 200 19316 "http://whereshouldiski.com/" "Mozilla/5.0 (Windows NT 6.1; WOW64) AppleWebKit/537.36 (KHTML, like Gecko) Chrome/36.0.1985.143 Safari/537.36"
74.96.255.60 - - [14/Oct/2015:14:44:17 -0700] "GET /scripts/scripts/vendor/modernizr.js HTTP/1.1" 200 4903 "http://whereshouldiski.com/" "Mozilla/5.0 (Windows NT 6.1; WOW64) AppleWebKit/537.36 (KHTML, like Gecko) Chrome/36.0.1985.143 Safari/537.36"
74.96.255.60 - - [14/Oct/2015:14:44:17 -0700] "GET /bower_components/requirejs/require.js HTTP/1.1" 200 6702 "http://whereshouldiski.com/" "Mozilla/5.0 (Windows NT 6.1; WOW64) AppleWebKit/537.36 (KHTML, like Gecko) Chrome/36.0.1985.143 Safari/537.36"
74.96.255.60 - - [14/Oct/2015:14:44:18 -0700] "GET /images/logo-sm.png HTTP/1.1" 200 16737 "http://whereshouldiski.com/" "Mozilla/5.0 (Windows NT 6.1; WOW64) AppleWebKit/537.36 (KHTML, like Gecko) Chrome/36.0.1985.143 Safari/537.36"
74.96.255.60 - - [14/Oct/2015:14:44:18 -0700] "GET /images/loading.gif HTTP/1.1" 200 13881 "http://whereshouldiski.com/" "Mozilla/5.0 (Windows NT 6.1; WOW64) AppleWebKit/537.36 (KHTML, like Gecko) Chrome/36.0.1985.143 Safari/537.36"
74.96.255.60 - - [14/Oct/2015:14:44:18 -0700] "GET /scripts/fa48e319.main.js HTTP/1.1" 200 123455 "http://whereshouldiski.com/" "Mozilla/5.0 (Windows NT 6.1; WOW64) AppleWebKit/537.36 (KHTML, like Gecko) Chrome/36.0.1985.143 Safari/537.36"
74.96.255.60 - - [14/Oct/2015:14:44:18 -0700] "GET /images/button.png HTTP/1.1" 200 598 "http://whereshouldiski.com/" "Mozilla/5.0 (Windows NT 6.1; WOW64) AppleWebKit/537.36 (KHTML, like Gecko) Chrome/36.0.1985.143 Safari/537.36"
74.96.255.60 - - [14/Oct/2015:14:44:18 -0700] "GET /lib/reccapi.php?fields=t HTTP/1.1" 200 1843 "http://whereshouldiski.com/" "Mozilla/5.0 (Windows NT 6.1; WOW64) AppleWebKit/537.36 (KHTML, like Gecko) Chrome/36.0.1985.143 Safari/537.36"
74.96.255.60 - - [14/Oct/2015:14:44:19 -0700] "GET /images/greyHeader.png HTTP/1.1" 200 508 "http://whereshouldiski.com/" "Mozilla/5.0 (Windows NT 6.1; WOW64) AppleWebKit/537.36 (KHTML, like Gecko) Chrome/36.0.1985.143 Safari/537.36"
74.96.255.60 - - [14/Oct/2015:14:44:19 -0700] "GET /images/snowflake5.png HTTP/1.1" 200 2857 "http://whereshouldiski.com/" "Mozilla/5.0 (Windows NT 6.1; WOW64) AppleWebKit/537.36 (KHTML, like Gecko) Chrome/36.0.1985.143 Safari/537.36"
74.96.255.60 - - [14/Oct/2015:14:44:19 -0700] "GET /images/star5.png HTTP/1.1" 200 1783 "http://whereshouldiski.com/" "Mozilla/5.0 (Windows NT 6.1; WOW64) AppleWebKit/537.36 (KHTML, like Gecko) Chrome/36.0.1985.143 Safari/537.36"
74.96.255.60 - - [14/Oct/2015:14:44:19 -0700] "GET /images/bluebird5.png HTTP/1.1" 200 2177 "http://whereshouldiski.com/" "Mozilla/5.0 (Windows NT 6.1; WOW64) AppleWebKit/537.36 (KHTML, like Gecko) Chrome/36.0.1985.143 Safari/537.36"
74.96.255.60 - - [14/Oct/2015:14:44:19 -0700] "GET /images/mtns-icon.png HTTP/1.1" 200 1096 "http://whereshouldiski.com/" "Mozilla/5.0 (Windows NT 6.1; WOW64) AppleWebKit/537.36 (KHTML, like Gecko) Chrome/36.0.1985.143 Safari/537.36"
74.96.255.60 - - [14/Oct/2015:14:44:19 -0700] "GET /images/shading-icon.png HTTP/1.1" 200 537 "http://whereshouldiski.com/" "Mozilla/5.0 (Windows NT 6.1; WOW64) AppleWebKit/537.36 (KHTML, like Gecko) Chrome/36.0.1985.143 Safari/537.36"
220.181.108.92 - - [14/Oct/2015:14:48:43 -0700] "-" 408 0 "-" "-"
170.75.162.130 - - [14/Oct/2015:14:53:15 -0700] "GET /lib/reccapi.php?resort=sugarbowl HTTP/1.1" 200 953 "-" "node-superagent/0.18.2"
199.59.148.211 - - [14/Oct/2015:15:02:27 -0700] "GET /robots.txt HTTP/1.1" 200 363 "-" "Twitterbot/1.0"
199.59.148.211 - - [14/Oct/2015:15:02:27 -0700] "GET /recommendations HTTP/1.1" 404 450 "-" "Twitterbot/1.0"
50.173.181.234 - - [14/Oct/2015:15:03:32 -0700] "GET /images/wsis-logo-sm.png HTTP/1.1" 200 6108 "http://www.thebackcountry.net/" "Mozilla/5.0 (iPad; CPU OS 9_0_2 like Mac OS X) AppleWebKit/601.1.46 (KHTML, like Gecko) Version/9.0 Mobile/13A452 Safari/601.1"
208.115.113.83 - - [14/Oct/2015:15:04:49 -0700] "GET /resorts?resort=jaypeak&date=2014-07-01 HTTP/1.1" 404 476 "-" "Mozilla/5.0 (compatible; DotBot/1.1; http://www.opensiteexplorer.org/dotbot, help@moz.com)"
68.233.219.42 - - [14/Oct/2015:15:05:50 -0700] "GET /images/wsis-logo-sm.png HTTP/1.1" 200 6108 "http://www.thebackcountry.net/" "Mozilla/5.0 (Windows NT 6.1; WOW64) AppleWebKit/537.36 (KHTML, like Gecko) Chrome/45.0.2454.101 Safari/537.36"
208.115.113.83 - - [14/Oct/2015:15:09:38 -0700] "GET /resorts?resort=alta&date=2014-10-01 HTTP/1.1" 404 476 "-" "Mozilla/5.0 (compatible; DotBot/1.1; http://www.opensiteexplorer.org/dotbot, help@moz.com)"
208.115.113.83 - - [14/Oct/2015:15:10:20 -0700] "GET /resorts?resort=angelfire&date=2014-11-04 HTTP/1.1" 404 476 "-" "Mozilla/5.0 (compatible; DotBot/1.1; http://www.opensiteexplorer.org/dotbot, help@moz.com)"
208.115.111.66 - - [14/Oct/2015:15:18:25 -0700] "GET /robots.txt HTTP/1.1" 200 319 "-" "Mozilla/5.0 (compatible; DotBot/1.1; http://www.opensiteexplorer.org/dotbot, help@moz.com)"
96.33.169.176 - - [14/Oct/2015:15:25:46 -0700] "GET /images/wsis-logo-sm.png HTTP/1.1" 200 6108 "http://www.thebackcountry.net/" "Mozilla/5.0 (Macintosh; Intel Mac OS X 10_10_5) AppleWebKit/601.1.56 (KHTML, like Gecko) Version/9.0 Safari/601.1.56"
123.125.71.30 - - [14/Oct/2015:15:42:54 -0700] "-" 408 0 "-" "-"
52.0.89.236 - - [14/Oct/2015:15:43:58 -0700] "GET / HTTP/1.0" 200 6114 "-" "Mozilla/5.0 (X11; U; Linux i686; en-US; rv:1.7.5) Gecko/20041107 Firefox/1.0"
180.76.15.19 - - [14/Oct/2015:15:45:53 -0700] "GET / HTTP/1.1" 200 6114 "-" "Mozilla/5.0 (compatible; Baiduspider/2.0; +http://www.baidu.com/search/spider.html)"
208.115.111.66 - - [14/Oct/2015:15:46:31 -0700] "GET /resorts?resort=madriverglen&date=2014-11-10 HTTP/1.1" 404 476 "-" "Mozilla/5.0 (compatible; DotBot/1.1; http://www.opensiteexplorer.org/dotbot, help@moz.com)"
208.115.111.66 - - [14/Oct/2015:15:46:46 -0700] "GET /resorts?resort=sunpeaksresort&date=2014-11-06 HTTP/1.1" 404 476 "-" "Mozilla/5.0 (compatible; DotBot/1.1; http://www.opensiteexplorer.org/dotbot, help@moz.com)"
180.76.15.16 - - [14/Oct/2015:15:46:47 -0700] "GET / HTTP/1.1" 200 6114 "-" "Mozilla/5.0 (compatible; Baiduspider/2.0; +http://www.baidu.com/search/spider.html)"
208.115.111.66 - - [14/Oct/2015:15:46:49 -0700] "GET /resorts?resort=whistlerblackcomb&date=2014-10-28 HTTP/1.1" 404 476 "-" "Mozilla/5.0 (compatible; DotBot/1.1; http://www.opensiteexplorer.org/dotbot, help@moz.com)"
208.115.111.66 - - [14/Oct/2015:15:47:16 -0700] "GET /resorts?resort=solitude&date=2014-10-13 HTTP/1.1" 404 476 "-" "Mozilla/5.0 (compatible; DotBot/1.1; http://www.opensiteexplorer.org/dotbot, help@moz.com)"
208.115.111.66 - - [14/Oct/2015:15:47:38 -0700] "GET /resorts?resort=schweitzer&date=2014-10-10 HTTP/1.1" 404 476 "-" "Mozilla/5.0 (compatible; DotBot/1.1; http://www.opensiteexplorer.org/dotbot, help@moz.com)"
208.115.111.66 - - [14/Oct/2015:15:47:48 -0700] "GET /resorts?resort=winterpark&date=2014-06-18 HTTP/1.1" 404 476 "-" "Mozilla/5.0 (compatible; DotBot/1.1; http://www.opensiteexplorer.org/dotbot, help@moz.com)"
170.75.162.130 - - [14/Oct/2015:15:50:41 -0700] "GET /lib/reccapi.php?resort=mounthoodmeadows HTTP/1.1" 200 994 "-" "node-superagent/0.18.2"
170.75.162.130 - - [14/Oct/2015:15:50:41 -0700] "GET /lib/reccapi.php?resort=deervalley HTTP/1.1" 200 993 "-" "node-superagent/0.18.2"
170.75.162.130 - - [14/Oct/2015:15:51:41 -0700] "GET /lib/reccapi.php?resort=snowbird HTTP/1.1" 200 945 "-" "node-superagent/0.18.2"
170.75.162.130 - - [14/Oct/2015:15:52:11 -0700] "GET /lib/reccapi.php?resort=brighton HTTP/1.1" 200 944 "-" "node-superagent/0.18.2"
170.75.162.130 - - [14/Oct/2015:15:52:21 -0700] "GET /lib/reccapi.php?resort=snowbasin HTTP/1.1" 200 957 "-" "node-superagent/0.18.2"
170.75.162.130 - - [14/Oct/2015:15:53:11 -0700] "GET /lib/reccapi.php?resort=jacksonhole HTTP/1.1" 200 963 "-" "node-superagent/0.18.2"
170.75.162.130 - - [14/Oct/2015:15:53:51 -0700] "GET /lib/reccapi.php?resort=mountainhigh HTTP/1.1" 200 1019 "-" "node-superagent/0.18.2"
170.75.162.130 - - [14/Oct/2015:16:02:12 -0700] "GET /lib/reccapi.php?resort=steamboat HTTP/1.1" 200 950 "-" "node-superagent/0.18.2"
170.75.162.130 - - [14/Oct/2015:16:02:22 -0700] "GET /lib/reccapi.php?resort=taos HTTP/1.1" 200 946 "-" "node-superagent/0.18.2"
170.75.162.130 - - [14/Oct/2015:16:02:42 -0700] "GET /lib/reccapi.php?resort=brianhead HTTP/1.1" 200 987 "-" "node-superagent/0.18.2"
170.75.162.130 - - [14/Oct/2015:16:02:43 -0700] "GET /lib/reccapi.php?resort=parkcity HTTP/1.1" 200 987 "-" "node-superagent/0.18.2"
170.75.162.130 - - [14/Oct/2015:16:02:43 -0700] "GET /lib/reccapi.php?resort=solitude HTTP/1.1" 200 940 "-" "node-superagent/0.18.2"
180.76.15.5 - - [14/Oct/2015:16:03:17 -0700] "GET / HTTP/1.1" 200 2339 "-" "Mozilla/5.0 (Windows NT 5.1; rv:6.0.2) Gecko/20100101 Firefox/6.0.2"
170.75.162.130 - - [14/Oct/2015:16:18:55 -0700] "GET /lib/reccapi.php?resort=heavenly HTTP/1.1" 200 970 "-" "node-superagent/0.18.2"
66.249.79.220 - - [14/Oct/2015:16:23:11 -0700] "GET / HTTP/1.1" 200 2376 "-" "SAMSUNG-SGH-E250/1.0 Profile/MIDP-2.0 Configuration/CLDC-1.1 UP.Browser/6.2.3.3.c.1.101 (GUI) MMP/2.0 (compatible; Googlebot-Mobile/2.1; +http://www.google.com/bot.html)"
66.249.79.227 - - [14/Oct/2015:16:23:24 -0700] "GET / HTTP/1.1" 200 2376 "-" "DoCoMo/2.0 N905i(c100;TB;W24H16) (compatible; Googlebot-Mobile/2.1; +http://www.google.com/bot.html)"
177.170.240.200 - - [14/Oct/2015:16:25:27 -0700] "GET / HTTP/1.1" 200 2376 "http://rankings-analytics.com/try.php?u=http://whereshouldiski.com" "Mozilla/5.0 (Windows NT 6.1; WOW64) AppleWebKit/537.36 (KHTML, like Gecko) Chrome/36.0.1985.143 Safari/537.36"
