170.75.162.130 - - [14/Feb/2016:21:34:51 -0800] "GET /lib/reccapi.php?resort=mtrose HTTP/1.1" 200 959 "-" "node-superagent/1.4.0"
104.172.165.209 - - [14/Feb/2016:21:45:43 -0800] "GET /images/wsis-logo-sm.png HTTP/1.1" 200 6108 "http://www.thebackcountry.net/" "Mozilla/5.0 (Macintosh; Intel Mac OS X 10_11) AppleWebKit/601.1.56 (KHTML, like Gecko) Version/9.0 Safari/601.1.56"
75.5.251.236 - - [14/Feb/2016:21:51:58 -0800] "GET /images/wsis-logo-sm.png HTTP/1.1" 200 6108 "http://www.thebackcountry.net/" "Mozilla/5.0 (iPhone; CPU iPhone OS 9_2 like Mac OS X) AppleWebKit/601.1.46 (KHTML, like Gecko) Version/9.0 Mobile/13C75 Safari/601.1"
170.75.162.130 - - [14/Feb/2016:21:52:14 -0800] "GET /lib/reccapi.php?resort=winterpark HTTP/1.1" 200 1060 "-" "node-superagent/1.4.0"
24.121.221.36 - - [14/Feb/2016:22:10:58 -0800] "GET /images/wsis-logo-sm.png HTTP/1.1" 200 6108 "http://www.thebackcountry.net/" "Mozilla/5.0 (Macintosh; Intel Mac OS X 10_10_5) AppleWebKit/601.4.4 (KHTML, like Gecko) Version/9.0.3 Safari/601.4.4"
66.249.79.227 - - [14/Feb/2016:22:11:26 -0800] "GET /resorts?resort=bigsky&date=2013-12-31 HTTP/1.1" 404 506 "-" "Mozilla/5.0 (iPhone; CPU iPhone OS 8_3 like Mac OS X) AppleWebKit/600.1.4 (KHTML, like Gecko) Version/8.0 Mobile/12F70 Safari/600.1.4 (compatible; Googlebot/2.1; +http://www.google.com/bot.html)"
166.137.8.112 - - [14/Feb/2016:22:19:50 -0800] "GET /lib/reccapi.php?resort=sierra-at-tahoe HTTP/1.1" 200 1015 "-" "node-superagent/1.4.0"
166.137.8.112 - - [14/Feb/2016:22:19:55 -0800] "GET /lib/reccapi.php?resort=smugglersnotch HTTP/1.1" 200 1007 "-" "node-superagent/1.4.0"
166.137.8.112 - - [14/Feb/2016:22:20:00 -0800] "GET /lib/reccapi.php?resort=solitude HTTP/1.1" 200 1011 "-" "node-superagent/1.4.0"
166.137.8.112 - - [14/Feb/2016:22:20:05 -0800] "GET /lib/reccapi.php?resort=squawvalleyusa HTTP/1.1" 200 995 "-" "node-superagent/1.4.0"
166.137.8.112 - - [14/Feb/2016:22:20:10 -0800] "GET /lib/reccapi.php?resort=telluride HTTP/1.1" 200 981 "-" "node-superagent/1.4.0"
166.137.8.112 - - [14/Feb/2016:22:20:15 -0800] "GET /lib/reccapi.php?resort=whitefacemountain HTTP/1.1" 200 994 "-" "node-superagent/1.4.0"
166.137.8.112 - - [14/Feb/2016:22:20:20 -0800] "GET /lib/reccapi.php?resort=mountainhigh HTTP/1.1" 200 993 "-" "node-superagent/1.4.0"
166.137.8.112 - - [14/Feb/2016:22:20:25 -0800] "GET /lib/reccapi.php?resort=northstar-at-tahoe HTTP/1.1" 200 957 "-" "node-superagent/1.4.0"
166.137.8.112 - - [14/Feb/2016:22:20:30 -0800] "GET /lib/reccapi.php?resort=snowbasin HTTP/1.1" 200 1020 "-" "node-superagent/1.4.0"
166.137.8.112 - - [14/Feb/2016:22:20:35 -0800] "GET /lib/reccapi.php?resort=heavenly HTTP/1.1" 200 994 "-" "node-superagent/1.4.0"
166.137.8.112 - - [14/Feb/2016:22:20:40 -0800] "GET /lib/reccapi.php?resort=homewoodmountain HTTP/1.1" 200 997 "-" "node-superagent/1.4.0"
166.137.8.112 - - [14/Feb/2016:22:20:45 -0800] "GET /lib/reccapi.php?resort=jaypeak HTTP/1.1" 200 1001 "-" "node-superagent/1.4.0"
166.137.8.112 - - [14/Feb/2016:22:20:50 -0800] "GET /lib/reccapi.php?resort=mountbachelor HTTP/1.1" 200 1051 "-" "node-superagent/1.4.0"
166.137.8.112 - - [14/Feb/2016:22:20:55 -0800] "GET /lib/reccapi.php?resort=sugarbowl HTTP/1.1" 200 957 "-" "node-superagent/1.4.0"
166.137.8.112 - - [14/Feb/2016:22:21:00 -0800] "GET /lib/reccapi.php?resort=whistlerblackcomb HTTP/1.1" 200 934 "-" "node-superagent/1.4.0"
166.137.8.112 - - [14/Feb/2016:22:21:05 -0800] "GET /lib/reccapi.php?resort=wildcatmountain HTTP/1.1" 200 1013 "-" "node-superagent/1.4.0"
166.137.8.112 - - [14/Feb/2016:22:21:10 -0800] "GET /lib/reccapi.php?resort=redlodge HTTP/1.1" 200 1099 "-" "node-superagent/1.4.0"
166.137.8.112 - - [14/Feb/2016:22:21:15 -0800] "GET /lib/reccapi.php?resort=parkcity HTTP/1.1" 200 1044 "-" "node-superagent/1.4.0"
166.137.8.112 - - [14/Feb/2016:22:21:20 -0800] "GET /lib/reccapi.php?resort=schweitzer HTTP/1.1" 200 1024 "-" "node-superagent/1.4.0"
166.137.8.112 - - [14/Feb/2016:22:21:25 -0800] "GET /lib/reccapi.php?resort=steamboat HTTP/1.1" 200 1023 "-" "node-superagent/1.4.0"
166.137.8.112 - - [14/Feb/2016:22:21:30 -0800] "GET /lib/reccapi.php?resort=stowe HTTP/1.1" 200 962 "-" "node-superagent/1.4.0"
166.137.8.112 - - [14/Feb/2016:22:21:35 -0800] "GET /lib/reccapi.php?resort=monarch HTTP/1.1" 200 990 "-" "node-superagent/1.4.0"
166.137.8.112 - - [14/Feb/2016:22:21:40 -0800] "GET /lib/reccapi.php?resort=crystalmountain HTTP/1.1" 200 1066 "-" "node-superagent/1.4.0"
166.137.8.112 - - [14/Feb/2016:22:21:46 -0800] "GET /lib/reccapi.php?resort=snowbird HTTP/1.1" 200 1015 "-" "node-superagent/1.4.0"
166.137.8.112 - - [14/Feb/2016:22:21:50 -0800] "GET /lib/reccapi.php?resort=mountspokane HTTP/1.1" 200 1044 "-" "node-superagent/1.4.0"
166.137.8.112 - - [14/Feb/2016:22:21:55 -0800] "GET /lib/reccapi.php?resort=snowmass HTTP/1.1" 200 1015 "-" "node-superagent/1.4.0"
166.137.8.112 - - [14/Feb/2016:22:22:01 -0800] "GET /lib/reccapi.php?resort=stevenspass HTTP/1.1" 200 1045 "-" "node-superagent/1.4.0"
166.137.8.112 - - [14/Feb/2016:22:22:06 -0800] "GET /lib/reccapi.php?resort=sundayriver HTTP/1.1" 200 999 "-" "node-superagent/1.4.0"
166.137.8.112 - - [14/Feb/2016:22:22:11 -0800] "GET /lib/reccapi.php?resort=sunvalley HTTP/1.1" 200 1033 "-" "node-superagent/1.4.0"
166.137.8.112 - - [14/Feb/2016:22:22:16 -0800] "GET /lib/reccapi.php?resort=coppermountain HTTP/1.1" 200 1049 "-" "node-superagent/1.4.0"
166.137.8.112 - - [14/Feb/2016:22:22:20 -0800] "GET /lib/reccapi.php?resort=mammothmountain HTTP/1.1" 200 1004 "-" "node-superagent/1.4.0"
166.137.8.112 - - [14/Feb/2016:22:22:26 -0800] "GET /lib/reccapi.php?resort=sugarloaf HTTP/1.1" 200 1001 "-" "node-superagent/1.4.0"
166.137.8.112 - - [14/Feb/2016:22:22:31 -0800] "GET /lib/reccapi.php?resort=buttermilk HTTP/1.1" 200 1034 "-" "node-superagent/1.4.0"
166.137.8.112 - - [14/Feb/2016:22:22:36 -0800] "GET /lib/reccapi.php?resort=canyons HTTP/1.1" 200 1048 "-" "node-superagent/1.4.0"
166.137.8.112 - - [14/Feb/2016:22:22:40 -0800] "GET /lib/reccapi.php?resort=hoodoo HTTP/1.1" 200 1027 "-" "node-superagent/1.4.0"
166.137.8.112 - - [14/Feb/2016:22:22:45 -0800] "GET /lib/reccapi.php?resort=winterpark HTTP/1.1" 200 1060 "-" "node-superagent/1.4.0"
166.137.8.112 - - [14/Feb/2016:22:22:50 -0800] "GET /lib/reccapi.php?resort=redmountain HTTP/1.1" 200 911 "-" "node-superagent/1.4.0"
166.137.8.112 - - [14/Feb/2016:22:22:55 -0800] "GET /lib/reccapi.php?resort=cannonmountain HTTP/1.1" 200 1002 "-" "node-superagent/1.4.0"
166.137.8.112 - - [14/Feb/2016:22:23:00 -0800] "GET /lib/reccapi.php?resort=mtrose HTTP/1.1" 200 959 "-" "node-superagent/1.4.0"
159.203.137.195 - - [14/Feb/2016:22:24:51 -0800] "GET /robots.txt HTTP/1.1" 200 382 "-" "Mozilla/5.0 (compatible; spbot/5.0; +http://OpenLinkProfiler.org/bot )"
159.203.137.195 - - [14/Feb/2016:22:24:57 -0800] "GET / HTTP/1.1" 200 2578 "-" "Mozilla/5.0 (compatible; spbot/5.0; +http://OpenLinkProfiler.org/bot )"
159.203.137.195 - - [14/Feb/2016:22:24:58 -0800] "GET /about HTTP/1.1" 404 472 "http://www.whereshouldiski.com/" "Mozilla/5.0 (compatible; spbot/5.0; +http://OpenLinkProfiler.org/bot )"
180.76.15.21 - - [14/Feb/2016:22:35:03 -0800] "GET / HTTP/1.1" 200 6995 "-" "Mozilla/5.0 (compatible; Baiduspider/2.0; +http://www.baidu.com/search/spider.html)"
180.76.15.19 - - [14/Feb/2016:22:36:01 -0800] "GET / HTTP/1.1" 200 6995 "-" "Mozilla/5.0 (compatible; Baiduspider/2.0; +http://www.baidu.com/search/spider.html)"
162.210.196.98 - - [14/Feb/2016:22:46:55 -0800] "GET /robots.txt HTTP/1.0" 200 338 "-" "Mozilla/5.0 (compatible; MJ12bot/v1.4.5; http://www.majestic12.co.uk/bot.php?+)"
162.210.196.98 - - [14/Feb/2016:22:46:56 -0800] "GET / HTTP/1.0" 200 6995 "-" "Mozilla/5.0 (compatible; MJ12bot/v1.4.5; http://www.majestic12.co.uk/bot.php?+)"
170.75.162.130 - - [14/Feb/2016:22:49:43 -0800] "GET /lib/reccapi.php?resort=whistlerblackcomb HTTP/1.1" 200 934 "-" "node-superagent/1.4.0"
52.33.40.213 - - [14/Feb/2016:22:58:09 -0800] "GET /lib/reccapi.php?resort=winterpark HTTP/1.1" 200 1060 "-" "node-superagent/1.4.0"
104.220.175.87 - - [14/Feb/2016:23:02:35 -0800] "GET /images/wsis-logo-sm.png HTTP/1.1" 200 6108 "http://www.thebackcountry.net/" "Mozilla/5.0 (Windows NT 10.0; Win64; x64) AppleWebKit/537.36 (KHTML, like Gecko) Chrome/46.0.2486.0 Safari/537.36 Edge/13.10586"
104.220.175.87 - - [14/Feb/2016:23:02:56 -0800] "-" 408 0 "-" "-"
150.70.188.165 - - [14/Feb/2016:23:04:15 -0800] "GET / HTTP/1.1" 200 6976 "-" "Mozilla/4.0 (compatible; MSIE 8.0; Windows NT 5.1; Trident/4.0)"
170.75.162.130 - - [14/Feb/2016:23:07:17 -0800] "GET /lib/reccapi.php?resort=arapahoebasin HTTP/1.1" 200 1076 "-" "node-superagent/1.4.0"
170.75.162.130 - - [14/Feb/2016:23:07:17 -0800] "GET /lib/reccapi.php?resort=keystone HTTP/1.1" 200 1076 "-" "node-superagent/1.4.0"
170.75.162.130 - - [14/Feb/2016:23:07:17 -0800] "GET /lib/reccapi.php?resort=northstar-at-tahoe HTTP/1.1" 200 957 "-" "node-superagent/1.4.0"
66.249.79.21 - - [14/Feb/2016:23:16:52 -0800] "GET /lib/resortDataSearch.php?resort=timberline&dateStart=2013-01-13&dateMax=2013-01-27&size=30 HTTP/1.1" 200 331 "-" "Mozilla/5.0 (compatible; Googlebot/2.1; +http://www.google.com/bot.html)"
66.249.79.220 - - [14/Feb/2016:23:18:35 -0800] "GET /resorts?resort=mountspokane HTTP/1.1" 404 506 "-" "Mozilla/5.0 (compatible; Googlebot/2.1; +http://www.google.com/bot.html)"
66.249.79.220 - - [14/Feb/2016:23:21:12 -0800] "GET /blog/11-2012-2013-powder-rating-visualization HTTP/1.1" 404 506 "-" "Mozilla/5.0 (compatible; Googlebot/2.1; +http://www.google.com/bot.html)"
66.249.79.234 - - [14/Feb/2016:23:22:31 -0800] "GET /viz/2012-2013-viz.php HTTP/1.1" 404 506 "-" "Mozilla/5.0 (compatible; Googlebot/2.1; +http://www.google.com/bot.html)"
52.33.40.213 - - [14/Feb/2016:23:32:30 -0800] "GET /lib/reccapi.php?resort=sugarbush HTTP/1.1" 200 988 "-" "node-superagent/1.4.0"
180.76.15.148 - - [14/Feb/2016:23:32:43 -0800] "GET / HTTP/1.1" 200 6995 "-" "Mozilla/5.0 (compatible; Baiduspider/2.0; +http://www.baidu.com/search/spider.html)"
52.33.40.213 - - [14/Feb/2016:23:33:20 -0800] "GET /lib/reccapi.php?resort=hoodoo HTTP/1.1" 200 1027 "-" "node-superagent/1.4.0"
180.76.15.160 - - [14/Feb/2016:23:33:37 -0800] "GET / HTTP/1.1" 200 6995 "-" "Mozilla/5.0 (compatible; Baiduspider/2.0; +http://www.baidu.com/search/spider.html)"
52.33.40.213 - - [14/Feb/2016:23:46:51 -0800] "GET /lib/reccapi.php?resort=49degreesnorth HTTP/1.1" 200 1063 "-" "node-superagent/1.4.0"
220.181.108.75 - - [14/Feb/2016:23:48:31 -0800] "GET / HTTP/1.1" 200 2578 "-" "Mozilla/5.0 (Windows NT 5.1; rv:6.0.2) Gecko/20100101 Firefox/6.0.2"
220.181.108.115 - - [14/Feb/2016:23:48:40 -0800] "GET / HTTP/1.1" 200 6995 "-" "Mozilla/5.0 (Windows NT 5.1; rv:6.0.2) Gecko/20100101 Firefox/6.0.2"
170.75.162.130 - - [14/Feb/2016:23:49:46 -0800] "GET /lib/reccapi.php?resort=squawvalleyusa HTTP/1.1" 200 995 "-" "node-superagent/1.4.0"
52.33.40.213 - - [14/Feb/2016:23:50:31 -0800] "GET /lib/reccapi.php?resort=bigwhite HTTP/1.1" 200 926 "-" "node-superagent/1.4.0"
66.249.79.227 - - [14/Feb/2016:23:51:28 -0800] "GET /resorts?resort=heavenly&date=2014-02-24 HTTP/1.1" 404 506 "-" "Mozilla/5.0 (iPhone; CPU iPhone OS 8_3 like Mac OS X) AppleWebKit/600.1.4 (KHTML, like Gecko) Version/8.0 Mobile/12F70 Safari/600.1.4 (compatible; Googlebot/2.1; +http://www.google.com/bot.html)"
52.33.40.213 - - [14/Feb/2016:23:51:51 -0800] "GET /lib/reccapi.php?resort=jaypeak HTTP/1.1" 200 1001 "-" "node-superagent/1.4.0"
52.33.40.213 - - [14/Feb/2016:23:51:51 -0800] "GET /lib/reccapi.php?resort=diamondpeak HTTP/1.1" 200 937 "-" "node-superagent/1.4.0"
52.33.40.213 - - [14/Feb/2016:23:51:51 -0800] "GET /lib/reccapi.php?resort=devilshead HTTP/1.1" 200 995 "-" "node-superagent/1.4.0"
52.33.40.213 - - [14/Feb/2016:23:51:51 -0800] "GET /lib/reccapi.php?resort=crestedbutte HTTP/1.1" 200 1082 "-" "node-superagent/1.4.0"
52.33.40.213 - - [14/Feb/2016:23:52:21 -0800] "GET /lib/reccapi.php?resort=sugarbowl HTTP/1.1" 200 957 "-" "node-superagent/1.4.0"
52.33.40.213 - - [14/Feb/2016:23:53:01 -0800] "GET /lib/reccapi.php?resort=sunpeaksresort HTTP/1.1" 200 922 "-" "node-superagent/1.4.0"
52.33.40.213 - - [14/Feb/2016:23:53:01 -0800] "GET /lib/reccapi.php?resort=sundayriver HTTP/1.1" 200 999 "-" "node-superagent/1.4.0"
52.33.40.213 - - [14/Feb/2016:23:53:21 -0800] "GET /lib/reccapi.php?resort=mountainhigh HTTP/1.1" 200 993 "-" "node-superagent/1.4.0"
52.33.40.213 - - [14/Feb/2016:23:53:21 -0800] "GET /lib/reccapi.php?resort=redmountain HTTP/1.1" 200 911 "-" "node-superagent/1.4.0"
52.33.40.213 - - [14/Feb/2016:23:53:21 -0800] "GET /lib/reccapi.php?resort=loveland HTTP/1.1" 200 1057 "-" "node-superagent/1.4.0"
52.33.40.213 - - [14/Feb/2016:23:53:31 -0800] "GET /lib/reccapi.php?resort=whitefacemountain HTTP/1.1" 200 994 "-" "node-superagent/1.4.0"
52.33.40.213 - - [14/Feb/2016:23:54:01 -0800] "GET /lib/reccapi.php?resort=sierra-at-tahoe HTTP/1.1" 200 1015 "-" "node-superagent/1.4.0"
52.33.40.213 - - [14/Feb/2016:23:54:01 -0800] "GET /lib/reccapi.php?resort=wildcatmountain HTTP/1.1" 200 1013 "-" "node-superagent/1.4.0"
170.75.162.130 - - [14/Feb/2016:23:54:26 -0800] "GET /lib/reccapi.php?resort=killington HTTP/1.1" 200 978 "-" "node-superagent/1.4.0"
52.33.40.213 - - [14/Feb/2016:23:54:31 -0800] "GET /lib/reccapi.php?resort=silverstarmountain HTTP/1.1" 200 939 "-" "node-superagent/1.4.0"
52.33.40.213 - - [14/Feb/2016:23:54:31 -0800] "GET /lib/reccapi.php?resort=snowbasin HTTP/1.1" 200 1020 "-" "node-superagent/1.4.0"
52.33.40.213 - - [14/Feb/2016:23:55:42 -0800] "GET /lib/reccapi.php?resort=bigsky HTTP/1.1" 200 1037 "-" "node-superagent/1.4.0"
66.249.79.234 - - [14/Feb/2016:23:56:43 -0800] "GET /resorts?resort=grandtarghee&date=2014-03-07 HTTP/1.1" 404 506 "-" "Mozilla/5.0 (iPhone; CPU iPhone OS 8_3 like Mac OS X) AppleWebKit/600.1.4 (KHTML, like Gecko) Version/8.0 Mobile/12F70 Safari/600.1.4 (compatible; Googlebot/2.1; +http://www.google.com/bot.html)"
170.75.162.130 - - [14/Feb/2016:23:58:47 -0800] "GET /lib/reccapi.php?resort=coppermountain HTTP/1.1" 200 1049 "-" "node-superagent/1.4.0"
170.75.162.130 - - [15/Feb/2016:00:01:18 -0800] "GET /lib/reccapi.php?resort=sunvalley HTTP/1.1" 200 1069 "-" "node-superagent/1.4.0"
52.33.40.213 - - [15/Feb/2016:00:12:53 -0800] "GET /lib/reccapi.php?resort=coppermountain HTTP/1.1" 200 1091 "-" "node-superagent/1.4.0"
52.33.40.213 - - [15/Feb/2016:00:13:23 -0800] "GET /lib/reccapi.php?resort=deervalley HTTP/1.1" 200 992 "-" "node-superagent/1.4.0"
52.33.40.213 - - [15/Feb/2016:00:24:03 -0800] "GET /lib/reccapi.php?resort=smugglersnotch HTTP/1.1" 200 993 "-" "node-superagent/1.4.0"
52.33.40.213 - - [15/Feb/2016:00:24:03 -0800] "GET /lib/reccapi.php?resort=sugarloaf HTTP/1.1" 200 993 "-" "node-superagent/1.4.0"
180.76.15.149 - - [15/Feb/2016:00:31:11 -0800] "GET / HTTP/1.1" 200 6995 "-" "Mozilla/5.0 (compatible; Baiduspider/2.0; +http://www.baidu.com/search/spider.html)"
180.76.15.136 - - [15/Feb/2016:00:32:01 -0800] "GET / HTTP/1.1" 200 6995 "-" "Mozilla/5.0 (compatible; Baiduspider/2.0; +http://www.baidu.com/search/spider.html)"
52.33.40.213 - - [15/Feb/2016:00:38:44 -0800] "GET /lib/reccapi.php?resort=mammothmountain HTTP/1.1" 200 977 "-" "node-superagent/1.4.0"
52.33.40.213 - - [15/Feb/2016:00:38:44 -0800] "GET /lib/reccapi.php?resort=aspenmountain HTTP/1.1" 200 1044 "-" "node-superagent/1.4.0"
52.33.40.213 - - [15/Feb/2016:00:38:44 -0800] "GET /lib/reccapi.php?resort=alta HTTP/1.1" 200 1055 "-" "node-superagent/1.4.0"
170.75.162.130 - - [15/Feb/2016:00:41:44 -0800] "GET /lib/reccapi.php?resort=sierra-at-tahoe HTTP/1.1" 200 951 "-" "node-superagent/1.4.0"
170.75.162.130 - - [15/Feb/2016:00:46:45 -0800] "GET /lib/reccapi.php?resort=brianhead HTTP/1.1" 200 1012 "-" "node-superagent/1.4.0"
94.185.83.100 - - [15/Feb/2016:00:56:27 -0800] "GET http://testp3.pospr.waw.pl/testproxy.php HTTP/1.1" 404 449 "-" "Mozilla/5.0 (Windows NT 5.1; rv:32.0) Gecko/20100101 Firefox/31.0"
170.75.162.130 - - [15/Feb/2016:01:06:10 -0800] "GET /lib/reccapi.php?resort=aspenheights HTTP/1.1" 200 1061 "-" "node-superagent/1.4.0"
52.33.40.213 - - [15/Feb/2016:01:29:16 -0800] "GET /lib/reccapi.php?resort=solitude HTTP/1.1" 200 1048 "-" "node-superagent/1.4.0"
66.249.79.234 - - [15/Feb/2016:01:30:53 -0800] "GET /lib/reccapi.php?fields=t&date=2016-01-28 HTTP/1.1" 200 1907 "http://whereshouldiski.com/" "Mozilla/5.0 (compatible; Googlebot/2.1; +http://www.google.com/bot.html)"
180.76.15.136 - - [15/Feb/2016:01:33:09 -0800] "GET / HTTP/1.1" 200 6995 "-" "Mozilla/5.0 (compatible; Baiduspider/2.0; +http://www.baidu.com/search/spider.html)"
180.76.15.156 - - [15/Feb/2016:01:34:04 -0800] "GET / HTTP/1.1" 200 6995 "-" "Mozilla/5.0 (compatible; Baiduspider/2.0; +http://www.baidu.com/search/spider.html)"
66.249.79.234 - - [15/Feb/2016:01:35:02 -0800] "GET /lib/reccapi.php?fields=t&date=2016-01-29 HTTP/1.1" 200 1867 "http://whereshouldiski.com/" "Mozilla/5.0 (compatible; Googlebot/2.1; +http://www.google.com/bot.html)"
220.181.108.153 - - [15/Feb/2016:01:52:10 -0800] "GET / HTTP/1.1" 200 2578 "-" "Mozilla/5.0 (Windows NT 5.1; rv:6.0.2) Gecko/20100101 Firefox/6.0.2"
220.181.108.182 - - [15/Feb/2016:01:52:24 -0800] "GET / HTTP/1.1" 200 6995 "-" "Mozilla/5.0 (Windows NT 5.1; rv:6.0.2) Gecko/20100101 Firefox/6.0.2"
180.76.15.17 - - [15/Feb/2016:02:11:34 -0800] "GET /robots.txt HTTP/1.1" 200 382 "-" "Mozilla/5.0 (Windows NT 5.1; rv:6.0.2) Gecko/20100101 Firefox/6.0.2"
170.75.162.130 - - [15/Feb/2016:02:12:00 -0800] "GET /lib/reccapi.php?resort=hoodoo HTTP/1.1" 200 1007 "-" "node-superagent/1.4.0"
170.75.162.130 - - [15/Feb/2016:02:12:00 -0800] "GET /lib/reccapi.php?resort=mountbachelor HTTP/1.1" 200 1045 "-" "node-superagent/1.4.0"
170.75.162.130 - - [15/Feb/2016:02:12:00 -0800] "GET /lib/reccapi.php?resort=mounthoodmeadows HTTP/1.1" 200 1068 "-" "node-superagent/1.4.0"
180.76.15.158 - - [15/Feb/2016:02:12:54 -0800] "GET / HTTP/1.1" 200 2578 "-" "Mozilla/5.0 (compatible; Baiduspider/2.0; +http://www.baidu.com/search/spider.html)"
170.75.162.130 - - [15/Feb/2016:02:16:21 -0800] "GET /lib/reccapi.php?resort=alyeska HTTP/1.1" 200 1007 "-" "node-superagent/1.4.0"
170.75.162.130 - - [15/Feb/2016:02:16:21 -0800] "GET /lib/reccapi.php?resort=alta HTTP/1.1" 200 1055 "-" "node-superagent/1.4.0"
170.75.162.130 - - [15/Feb/2016:02:16:21 -0800] "GET /lib/reccapi.php?resort=aspenmountain HTTP/1.1" 200 1044 "-" "node-superagent/1.4.0"
170.75.162.130 - - [15/Feb/2016:02:16:21 -0800] "GET /lib/reccapi.php?resort=buttermilk HTTP/1.1" 200 1013 "-" "node-superagent/1.4.0"
170.75.162.130 - - [15/Feb/2016:02:16:21 -0800] "GET /lib/reccapi.php?resort=brighton HTTP/1.1" 200 1107 "-" "node-superagent/1.4.0"
170.75.162.130 - - [15/Feb/2016:02:16:21 -0800] "GET /lib/reccapi.php?resort=crestedbutte HTTP/1.1" 200 1015 "-" "node-superagent/1.4.0"
170.75.162.130 - - [15/Feb/2016:02:16:21 -0800] "GET /lib/reccapi.php?resort=cannonmountain HTTP/1.1" 200 1011 "-" "node-superagent/1.4.0"
170.75.162.130 - - [15/Feb/2016:02:16:21 -0800] "GET /lib/reccapi.php?resort=grandtarghee HTTP/1.1" 200 1057 "-" "node-superagent/1.4.0"
170.75.162.130 - - [15/Feb/2016:02:16:21 -0800] "GET /lib/reccapi.php?resort=deervalley HTTP/1.1" 200 992 "-" "node-superagent/1.4.0"
170.75.162.130 - - [15/Feb/2016:02:16:21 -0800] "GET /lib/reccapi.php?resort=jacksonhole HTTP/1.1" 200 1063 "-" "node-superagent/1.4.0"
170.75.162.130 - - [15/Feb/2016:02:17:21 -0800] "GET /lib/reccapi.php?resort=monarch HTTP/1.1" 200 981 "-" "node-superagent/1.4.0"
170.75.162.130 - - [15/Feb/2016:02:17:21 -0800] "GET /lib/reccapi.php?resort=loveland HTTP/1.1" 200 1066 "-" "node-superagent/1.4.0"
170.75.162.130 - - [15/Feb/2016:02:17:21 -0800] "GET /lib/reccapi.php?resort=schweitzer HTTP/1.1" 200 1078 "-" "node-superagent/1.4.0"
170.75.162.130 - - [15/Feb/2016:02:17:21 -0800] "GET /lib/reccapi.php?resort=snowmass HTTP/1.1" 200 1033 "-" "node-superagent/1.4.0"
170.75.162.130 - - [15/Feb/2016:02:17:21 -0800] "GET /lib/reccapi.php?resort=solitude HTTP/1.1" 200 1048 "-" "node-superagent/1.4.0"
170.75.162.130 - - [15/Feb/2016:02:17:21 -0800] "GET /lib/reccapi.php?resort=jaypeak HTTP/1.1" 200 996 "-" "node-superagent/1.4.0"
170.75.162.130 - - [15/Feb/2016:02:17:21 -0800] "GET /lib/reccapi.php?resort=snowbasin HTTP/1.1" 200 1043 "-" "node-superagent/1.4.0"
170.75.162.130 - - [15/Feb/2016:02:17:21 -0800] "GET /lib/reccapi.php?resort=steamboat HTTP/1.1" 200 1028 "-" "node-superagent/1.4.0"
170.75.162.130 - - [15/Feb/2016:02:17:21 -0800] "GET /lib/reccapi.php?resort=stowe HTTP/1.1" 200 983 "-" "node-superagent/1.4.0"
170.75.162.130 - - [15/Feb/2016:02:17:31 -0800] "GET /lib/reccapi.php?resort=snowbird HTTP/1.1" 200 1056 "-" "node-superagent/1.4.0"
170.75.162.130 - - [15/Feb/2016:02:17:41 -0800] "GET /lib/reccapi.php?resort=telluride HTTP/1.1" 200 984 "-" "node-superagent/1.4.0"
213.151.239.66 - - [15/Feb/2016:02:18:27 -0800] "GET /images/wsis-logo-sm.png HTTP/1.1" 200 6108 "http://www.thebackcountry.net/" "Mozilla/5.0 (Windows NT 6.1; WOW64) AppleWebKit/537.36 (KHTML, like Gecko) Chrome/48.0.2564.109 Safari/537.36"
71.93.71.129 - - [15/Feb/2016:02:27:17 -0800] "GET /images/wsis-logo-sm.png HTTP/1.1" 200 6108 "http://www.thebackcountry.net/" "Mozilla/5.0 (Windows NT 6.0) AppleWebKit/537.36 (KHTML, like Gecko) Chrome/48.0.2564.109 Safari/537.36"
180.76.15.6 - - [15/Feb/2016:02:32:06 -0800] "GET / HTTP/1.1" 200 6995 "-" "Mozilla/5.0 (compatible; Baiduspider/2.0; +http://www.baidu.com/search/spider.html)"
180.76.15.158 - - [15/Feb/2016:02:32:59 -0800] "GET / HTTP/1.1" 200 6995 "-" "Mozilla/5.0 (compatible; Baiduspider/2.0; +http://www.baidu.com/search/spider.html)"
170.75.162.130 - - [15/Feb/2016:02:42:30 -0800] "GET /lib/reccapi.php?resort=sugarbowl HTTP/1.1" 200 948 "-" "node-superagent/1.4.0"
52.33.40.213 - - [15/Feb/2016:02:54:40 -0800] "GET /lib/reccapi.php?resort=mountbachelor HTTP/1.1" 200 1045 "-" "node-superagent/1.4.0"
52.33.40.213 - - [15/Feb/2016:02:54:40 -0800] "GET /lib/reccapi.php?resort=mountspokane HTTP/1.1" 200 1071 "-" "node-superagent/1.4.0"
52.33.40.213 - - [15/Feb/2016:02:55:50 -0800] "GET /lib/reccapi.php?resort=schweitzer HTTP/1.1" 200 1078 "-" "node-superagent/1.4.0"
52.33.40.213 - - [15/Feb/2016:02:56:00 -0800] "GET /lib/reccapi.php?resort=stevenspass HTTP/1.1" 200 1019 "-" "node-superagent/1.4.0"
104.131.11.195 - - [15/Feb/2016:03:00:04 -0800] "GET / HTTP/1.0" 200 6995 "-" "Mozilla/5.0 (compatible; NetcraftSurveyAgent/1.0; +info@netcraft.com)"
66.249.79.234 - - [15/Feb/2016:03:11:21 -0800] "GET /robots.txt HTTP/1.1" 200 419 "-" "Mozilla/5.0 (compatible; Googlebot/2.1; +http://www.google.com/bot.html)"
66.249.79.220 - - [15/Feb/2016:03:11:21 -0800] "GET /resorts?resort=sierra-at-tahoe&date=2014-02-28 HTTP/1.1" 404 506 "-" "DoCoMo/2.0 N905i(c100;TB;W24H16) (compatible; Googlebot-Mobile/2.1; +http://www.google.com/bot.html)"
207.46.13.21 - - [15/Feb/2016:03:28:43 -0800] "GET /resorts?resort=portillo&date=2014-08-19 HTTP/1.1" 404 509 "-" "Mozilla/5.0 (compatible; bingbot/2.0; +http://www.bing.com/bingbot.htm)"
180.76.15.142 - - [15/Feb/2016:03:33:27 -0800] "GET / HTTP/1.1" 200 6995 "-" "Mozilla/5.0 (compatible; Baiduspider/2.0; +http://www.baidu.com/search/spider.html)"
180.76.15.17 - - [15/Feb/2016:03:34:22 -0800] "GET / HTTP/1.1" 200 6995 "-" "Mozilla/5.0 (compatible; Baiduspider/2.0; +http://www.baidu.com/search/spider.html)"
101.226.33.237 - - [15/Feb/2016:03:34:25 -0800] "GET / HTTP/1.1" 200 6995 "-" "Mozilla/5.0 (Linux; U; Android 4.4.2; zh-cn; GT-I9500 Build/KOT49H) AppleWebKit/537.36 (KHTML, like Gecko)Version/4.0 MQQBrowser/5.0 QQ-URL-Manager Mobile Safari/537.36"
40.77.167.46 - - [15/Feb/2016:03:38:40 -0800] "GET / HTTP/1.1" 200 2615 "-" "Mozilla/5.0 (compatible; bingbot/2.0; +http://www.bing.com/bingbot.htm)"
52.33.40.213 - - [15/Feb/2016:03:41:53 -0800] "GET /lib/reccapi.php?resort=whistlerblackcomb HTTP/1.1" 200 936 "-" "node-superagent/1.4.0"
52.33.40.213 - - [15/Feb/2016:03:52:13 -0800] "GET /lib/reccapi.php?resort=brianhead HTTP/1.1" 200 1012 "-" "node-superagent/1.4.0"
52.33.40.213 - - [15/Feb/2016:03:52:23 -0800] "GET /lib/reccapi.php?resort=angelfire HTTP/1.1" 200 975 "-" "node-superagent/1.4.0"
52.33.40.213 - - [15/Feb/2016:03:53:03 -0800] "GET /lib/reccapi.php?resort=crystalmountain HTTP/1.1" 200 1070 "-" "node-superagent/1.4.0"
52.33.40.213 - - [15/Feb/2016:03:53:13 -0800] "GET /lib/reccapi.php?resort=mounthoodmeadows HTTP/1.1" 200 1068 "-" "node-superagent/1.4.0"
52.33.40.213 - - [15/Feb/2016:03:53:23 -0800] "GET /lib/reccapi.php?resort=monarch HTTP/1.1" 200 981 "-" "node-superagent/1.4.0"
210.197.201.229 - - [15/Feb/2016:03:57:56 -0800] "GET /images/wsis-logo-sm.png HTTP/1.1" 200 6108 "http://www.thebackcountry.net/" "Mozilla/5.0 (Windows NT 6.0; rv:44.0) Gecko/20100101 Firefox/44.0"
52.33.40.213 - - [15/Feb/2016:03:58:23 -0800] "GET /lib/reccapi.php?resort=alyeska HTTP/1.1" 200 1007 "-" "node-superagent/1.4.0"
50.250.179.174 - - [15/Feb/2016:04:08:39 -0800] "GET /images/wsis-logo-sm.png HTTP/1.1" 200 6108 "http://www.thebackcountry.net/" "Mozilla/5.0 (Macintosh; Intel Mac OS X 10_11_3) AppleWebKit/601.4.4 (KHTML, like Gecko) Version/9.0.3 Safari/601.4.4"
66.249.79.234 - - [15/Feb/2016:04:09:00 -0800] "GET /lib/reccapi.php?resort=porcupine&date=2016-02-10 HTTP/1.1" 200 1080 "http://whereshouldiski.com/" "Mozilla/5.0 (compatible; Googlebot/2.1; +http://www.google.com/bot.html)"
66.249.79.227 - - [15/Feb/2016:04:09:01 -0800] "GET /lib/resortDataSearchD3.php?size=7&sortDate=T&resort=porcupine&dateStart=2016-02-08 HTTP/1.1" 200 878 "http://whereshouldiski.com/" "Mozilla/5.0 (compatible; Googlebot/2.1; +http://www.google.com/bot.html)"
66.249.79.234 - - [15/Feb/2016:04:09:02 -0800] "GET /lib/reccapi.php?fields=t&date=2016-02-10&coords=46.8183%2C-89.6504&size=7&sort=distance HTTP/1.1" 200 1357 "http://whereshouldiski.com/" "Mozilla/5.0 (compatible; Googlebot/2.1; +http://www.google.com/bot.html)"
170.75.162.130 - - [15/Feb/2016:04:12:03 -0800] "GET /lib/reccapi.php?resort=heavenly HTTP/1.1" 200 965 "-" "node-superagent/1.4.0"
170.75.162.130 - - [15/Feb/2016:04:12:03 -0800] "GET /lib/reccapi.php?resort=mtrose HTTP/1.1" 200 949 "-" "node-superagent/1.4.0"
170.75.162.130 - - [15/Feb/2016:04:12:03 -0800] "GET /lib/reccapi.php?resort=diamondpeak HTTP/1.1" 200 931 "-" "node-superagent/1.4.0"
170.75.162.130 - - [15/Feb/2016:04:17:04 -0800] "GET /lib/reccapi.php?resort=silverstarmountain HTTP/1.1" 200 937 "-" "node-superagent/1.4.0"
170.75.162.130 - - [15/Feb/2016:04:17:04 -0800] "GET /lib/reccapi.php?resort=sunpeaksresort HTTP/1.1" 200 922 "-" "node-superagent/1.4.0"
170.75.162.130 - - [15/Feb/2016:04:17:04 -0800] "GET /lib/reccapi.php?resort=bigwhite HTTP/1.1" 200 928 "-" "node-superagent/1.4.0"
170.75.162.130 - - [15/Feb/2016:04:17:04 -0800] "GET /lib/reccapi.php?resort=redmountain HTTP/1.1" 200 917 "-" "node-superagent/1.4.0"
52.33.40.213 - - [15/Feb/2016:04:32:25 -0800] "GET /lib/reccapi.php?resort=parkcity HTTP/1.1" 200 1048 "-" "node-superagent/1.4.0"
52.33.40.213 - - [15/Feb/2016:04:33:45 -0800] "GET /lib/reccapi.php?resort=arapahoebasin HTTP/1.1" 200 1083 "-" "node-superagent/1.4.0"
170.75.162.130 - - [15/Feb/2016:04:35:07 -0800] "GET /lib/reccapi.php?resort=kirkwood HTTP/1.1" 200 971 "-" "node-superagent/1.4.0"
180.76.15.138 - - [15/Feb/2016:04:36:47 -0800] "GET / HTTP/1.1" 200 6995 "-" "Mozilla/5.0 (compatible; Baiduspider/2.0; +http://www.baidu.com/search/spider.html)"
180.76.15.32 - - [15/Feb/2016:04:37:49 -0800] "GET / HTTP/1.1" 200 6995 "-" "Mozilla/5.0 (compatible; Baiduspider/2.0; +http://www.baidu.com/search/spider.html)"
134.156.105.30 - - [15/Feb/2016:04:38:34 -0800] "GET /images/wsis-logo-sm.png HTTP/1.1" 200 6052 "http://www.thebackcountry.net/" "Mozilla/5.0 (compatible; MSIE 10.0; Windows NT 6.1; Trident/6.0; BOIE9;ENUSMSCOM)"
123.125.71.70 - - [15/Feb/2016:04:44:47 -0800] "-" 408 0 "-" "-"
220.181.108.100 - - [15/Feb/2016:04:50:33 -0800] "GET / HTTP/1.1" 200 2578 "-" "Mozilla/5.0 (Windows NT 5.1; rv:6.0.2) Gecko/20100101 Firefox/6.0.2"
52.33.40.213 - - [15/Feb/2016:04:51:56 -0800] "GET /lib/reccapi.php?resort=buttermilk HTTP/1.1" 200 1013 "-" "node-superagent/1.4.0"
52.33.40.213 - - [15/Feb/2016:04:52:26 -0800] "GET /lib/reccapi.php?resort=snowmass HTTP/1.1" 200 1033 "-" "node-superagent/1.4.0"
170.75.162.130 - - [15/Feb/2016:04:53:49 -0800] "GET /lib/reccapi.php?resort=stevenspass HTTP/1.1" 200 1019 "-" "node-superagent/1.4.0"
66.249.79.220 - - [15/Feb/2016:04:59:26 -0800] "GET /images/mtns-small.png HTTP/1.1" 304 186 "-" "Googlebot-Image/1.0"
66.249.79.220 - - [15/Feb/2016:04:59:59 -0800] "GET /images/shading.png HTTP/1.1" 304 186 "-" "Googlebot-Image/1.0"
170.75.162.130 - - [15/Feb/2016:05:02:00 -0800] "GET /lib/reccapi.php?resort=sierra-at-tahoe HTTP/1.1" 200 951 "-" "node-superagent/1.4.0"
108.201.220.37 - - [15/Feb/2016:05:18:06 -0800] "GET /images/wsis-logo-sm.png HTTP/1.1" 200 6108 "http://www.thebackcountry.net/" "Mozilla/5.0 (iPhone; CPU iPhone OS 9_2_1 like Mac OS X) AppleWebKit/601.1.46 (KHTML, like Gecko) Version/9.0 Mobile/13D15 Safari/601.1"
52.33.40.213 - - [15/Feb/2016:05:19:17 -0800] "GET /lib/reccapi.php?resort=chinapeak HTTP/1.1" 200 979 "-" "node-superagent/1.4.0"
52.33.40.213 - - [15/Feb/2016:05:19:37 -0800] "GET /lib/reccapi.php?resort=mtrose HTTP/1.1" 200 953 "-" "node-superagent/1.4.0"
52.33.40.213 - - [15/Feb/2016:05:20:37 -0800] "GET /lib/reccapi.php?resort=homewoodmountain HTTP/1.1" 200 984 "-" "node-superagent/1.4.0"
52.33.40.213 - - [15/Feb/2016:05:24:38 -0800] "GET /lib/reccapi.php?resort=cannonmountain HTTP/1.1" 200 1063 "-" "node-superagent/1.4.0"
192.99.107.235 - - [15/Feb/2016:05:29:00 -0800] "GET /robots.txt HTTP/1.1" 200 363 "-" "Mozilla/5.0 (compatible; meanpathbot/1.0; +http://www.meanpath.com/meanpathbot.html)"
192.99.107.228 - - [15/Feb/2016:05:29:01 -0800] "GET / HTTP/1.1" 200 2559 "-" "Mozilla/5.0 (compatible; meanpathbot/1.0; +http://www.meanpath.com/meanpathbot.html)"
180.76.15.33 - - [15/Feb/2016:05:31:56 -0800] "GET / HTTP/1.1" 200 6995 "-" "Mozilla/5.0 (compatible; Baiduspider/2.0; +http://www.baidu.com/search/spider.html)"
180.76.15.139 - - [15/Feb/2016:05:32:48 -0800] "GET / HTTP/1.1" 200 6995 "-" "Mozilla/5.0 (compatible; Baiduspider/2.0; +http://www.baidu.com/search/spider.html)"
52.33.40.213 - - [15/Feb/2016:05:44:39 -0800] "GET /lib/reccapi.php?resort=redlodge HTTP/1.1" 200 1127 "-" "node-superagent/1.4.0"
170.75.162.130 - - [15/Feb/2016:05:45:36 -0800] "GET /lib/reccapi.php?resort=whitefacemountain HTTP/1.1" 200 1035 "-" "node-superagent/1.4.0"
170.75.162.130 - - [15/Feb/2016:05:50:27 -0800] "GET /lib/reccapi.php?resort=homewoodmountain HTTP/1.1" 200 984 "-" "node-superagent/1.4.0"
66.249.79.234 - - [15/Feb/2016:05:51:13 -0800] "GET /lib/reccapi.php?resort=porcupine&date=2016-02-11 HTTP/1.1" 200 1121 "http://whereshouldiski.com/" "Mozilla/5.0 (compatible; Googlebot/2.1; +http://www.google.com/bot.html)"
66.249.79.220 - - [15/Feb/2016:05:51:15 -0800] "GET /lib/reccapi.php?fields=t&date=2016-02-11&coords=46.8183%2C-89.6504&size=7&sort=distance HTTP/1.1" 200 1357 "http://whereshouldiski.com/" "Mozilla/5.0 (compatible; Googlebot/2.1; +http://www.google.com/bot.html)"
66.249.79.220 - - [15/Feb/2016:05:51:15 -0800] "GET /lib/resortDataSearchD3.php?size=7&sortDate=T&resort=porcupine&dateStart=2016-02-09 HTTP/1.1" 200 881 "http://whereshouldiski.com/" "Mozilla/5.0 (compatible; Googlebot/2.1; +http://www.google.com/bot.html)"
46.229.164.101 - - [15/Feb/2016:05:54:40 -0800] "GET /robots.txt HTTP/1.1" 200 382 "-" "Mozilla/5.0 (compatible; SemrushBot/1~bl; +http://www.semrush.com/bot.html)"
107.150.60.78 - - [15/Feb/2016:06:02:38 -0800] "GET / HTTP/1.1" 200 6976 "-" "Mozilla/4.0 (compatible; MSIE 8.0; Windows NT 6.1; Trident/4.0; SLCC2; .NET CLR 2.0.50727; .NET CLR 3.5.30729; .NET CLR 3.0.30729; Media Center PC 6.0)"
108.82.45.169 - - [15/Feb/2016:06:03:47 -0800] "GET /images/wsis-logo-sm.png HTTP/1.1" 200 6108 "http://www.thebackcountry.net/index.html" "Mozilla/5.0 (iPad; CPU OS 8_0 like Mac OS X) AppleWebKit/600.1.4 (KHTML, like Gecko) Version/8.0 Mobile/12A365 Safari/600.1.4"
52.33.40.213 - - [15/Feb/2016:06:04:30 -0800] "GET /lib/reccapi.php?resort=heavenly HTTP/1.1" 200 977 "-" "node-superagent/1.4.0"
52.33.40.213 - - [15/Feb/2016:06:04:30 -0800] "GET /lib/reccapi.php?resort=kirkwood HTTP/1.1" 200 991 "-" "node-superagent/1.4.0"
170.75.162.130 - - [15/Feb/2016:06:25:01 -0800] "GET /lib/reccapi.php?resort=devilshead HTTP/1.1" 200 962 "-" "node-superagent/1.4.0"
180.76.15.145 - - [15/Feb/2016:06:31:24 -0800] "GET / HTTP/1.1" 200 6995 "-" "Mozilla/5.0 (compatible; Baiduspider/2.0; +http://www.baidu.com/search/spider.html)"
180.76.15.162 - - [15/Feb/2016:06:32:17 -0800] "GET / HTTP/1.1" 200 6995 "-" "Mozilla/5.0 (compatible; Baiduspider/2.0; +http://www.baidu.com/search/spider.html)"
162.17.152.133 - - [15/Feb/2016:06:35:38 -0800] "GET /images/wsis-logo-sm.png HTTP/1.1" 200 6108 "http://www.thebackcountry.net/" "Mozilla/5.0 (Windows NT 6.1; WOW64; rv:44.0) Gecko/20100101 Firefox/44.0"
66.249.83.212 - - [15/Feb/2016:06:36:13 -0800] "GET /images/wsis-logo-sm.png HTTP/1.1" 200 6108 "http://www.thebackcountry.net/" "Mozilla/5.0 (Linux; Android 5.0; SM-G900V Build/LRX21T) AppleWebKit/537.36 (KHTML, like Gecko) Chrome/48.0.2564.95 Mobile Safari/537.36"
52.33.40.213 - - [15/Feb/2016:06:42:52 -0800] "GET /lib/reccapi.php?resort=northstar-at-tahoe HTTP/1.1" 200 953 "-" "node-superagent/1.4.0"
52.33.40.213 - - [15/Feb/2016:06:43:22 -0800] "GET /lib/reccapi.php?resort=telluride HTTP/1.1" 200 982 "-" "node-superagent/1.4.0"
52.33.40.213 - - [15/Feb/2016:06:57:52 -0800] "GET /lib/reccapi.php?resort=brighton HTTP/1.1" 200 1050 "-" "node-superagent/1.4.0"
52.33.40.213 - - [15/Feb/2016:06:59:52 -0800] "GET /lib/reccapi.php?resort=steamboat HTTP/1.1" 200 1068 "-" "node-superagent/1.4.0"
52.33.40.213 - - [15/Feb/2016:07:03:43 -0800] "GET /lib/reccapi.php?resort=aspenheights HTTP/1.1" 200 1068 "-" "node-superagent/1.4.0"
108.210.201.79 - - [15/Feb/2016:07:04:30 -0800] "GET /images/wsis-logo-sm.png HTTP/1.1" 200 6108 "http://www.thebackcountry.net/" "Mozilla/5.0 (Windows NT 6.3; WOW64) AppleWebKit/537.36 (KHTML, like Gecko) Chrome/48.0.2564.109 Safari/537.36"
98.246.164.21 - - [15/Feb/2016:07:07:36 -0800] "GET / HTTP/1.1" 200 2615 "-" "Mozilla/5.0 (Linux; Android 5.0; SAMSUNG SM-N900V 4G Build/LRX21V) AppleWebKit/537.36 (KHTML, like Gecko) SamsungBrowser/2.1 Chrome/34.0.1847.76 Mobile Safari/537.36"
98.246.164.21 - - [15/Feb/2016:07:07:36 -0800] "GET /styles/ee08faa9.main.css HTTP/1.1" 200 19446 "http://whereshouldiski.com/" "Mozilla/5.0 (Linux; Android 5.0; SAMSUNG SM-N900V 4G Build/LRX21V) AppleWebKit/537.36 (KHTML, like Gecko) SamsungBrowser/2.1 Chrome/34.0.1847.76 Mobile Safari/537.36"
98.246.164.21 - - [15/Feb/2016:07:07:36 -0800] "GET /scripts/scripts/vendor/modernizr.js HTTP/1.1" 200 4903 "http://whereshouldiski.com/" "Mozilla/5.0 (Linux; Android 5.0; SAMSUNG SM-N900V 4G Build/LRX21V) AppleWebKit/537.36 (KHTML, like Gecko) SamsungBrowser/2.1 Chrome/34.0.1847.76 Mobile Safari/537.36"
98.246.164.21 - - [15/Feb/2016:07:07:36 -0800] "GET /bower_components/requirejs/require.js HTTP/1.1" 200 6702 "http://whereshouldiski.com/" "Mozilla/5.0 (Linux; Android 5.0; SAMSUNG SM-N900V 4G Build/LRX21V) AppleWebKit/537.36 (KHTML, like Gecko) SamsungBrowser/2.1 Chrome/34.0.1847.76 Mobile Safari/537.36"
98.246.164.21 - - [15/Feb/2016:07:07:36 -0800] "GET /images/logo-square-white-sm.png HTTP/1.1" 200 1684 "http://whereshouldiski.com/" "Mozilla/5.0 (Linux; Android 5.0; SAMSUNG SM-N900V 4G Build/LRX21V) AppleWebKit/537.36 (KHTML, like Gecko) SamsungBrowser/2.1 Chrome/34.0.1847.76 Mobile Safari/537.36"
98.246.164.21 - - [15/Feb/2016:07:07:36 -0800] "GET /images/loading.gif HTTP/1.1" 200 13882 "http://whereshouldiski.com/" "Mozilla/5.0 (Linux; Android 5.0; SAMSUNG SM-N900V 4G Build/LRX21V) AppleWebKit/537.36 (KHTML, like Gecko) SamsungBrowser/2.1 Chrome/34.0.1847.76 Mobile Safari/537.36"
98.246.164.21 - - [15/Feb/2016:07:07:37 -0800] "GET /scripts/fa48e319.main.js HTTP/1.1" 200 123455 "http://whereshouldiski.com/" "Mozilla/5.0 (Linux; Android 5.0; SAMSUNG SM-N900V 4G Build/LRX21V) AppleWebKit/537.36 (KHTML, like Gecko) SamsungBrowser/2.1 Chrome/34.0.1847.76 Mobile Safari/537.36"
98.246.164.21 - - [15/Feb/2016:07:07:38 -0800] "GET /favicon.ico HTTP/1.1" 200 4612 "-" "Mozilla/5.0 (Linux; Android 5.0; SAMSUNG SM-N900V 4G Build/LRX21V) AppleWebKit/537.36 (KHTML, like Gecko) SamsungBrowser/2.1 Chrome/34.0.1847.76 Mobile Safari/537.36"
98.246.164.21 - - [15/Feb/2016:07:07:38 -0800] "GET /images/button.png HTTP/1.1" 200 598 "http://whereshouldiski.com/" "Mozilla/5.0 (Linux; Android 5.0; SAMSUNG SM-N900V 4G Build/LRX21V) AppleWebKit/537.36 (KHTML, like Gecko) SamsungBrowser/2.1 Chrome/34.0.1847.76 Mobile Safari/537.36"
98.246.164.21 - - [15/Feb/2016:07:07:38 -0800] "GET /lib/reccapi.php?fields=t&state=NM HTTP/1.1" 200 1183 "http://whereshouldiski.com/" "Mozilla/5.0 (Linux; Android 5.0; SAMSUNG SM-N900V 4G Build/LRX21V) AppleWebKit/537.36 (KHTML, like Gecko) SamsungBrowser/2.1 Chrome/34.0.1847.76 Mobile Safari/537.36"
98.246.164.21 - - [15/Feb/2016:07:07:38 -0800] "GET /images/greyHeader.png HTTP/1.1" 200 508 "http://whereshouldiski.com/" "Mozilla/5.0 (Linux; Android 5.0; SAMSUNG SM-N900V 4G Build/LRX21V) AppleWebKit/537.36 (KHTML, like Gecko) SamsungBrowser/2.1 Chrome/34.0.1847.76 Mobile Safari/537.36"
98.246.164.21 - - [15/Feb/2016:07:07:39 -0800] "GET /images/star5.png HTTP/1.1" 200 1783 "http://whereshouldiski.com/" "Mozilla/5.0 (Linux; Android 5.0; SAMSUNG SM-N900V 4G Build/LRX21V) AppleWebKit/537.36 (KHTML, like Gecko) SamsungBrowser/2.1 Chrome/34.0.1847.76 Mobile Safari/537.36"
98.246.164.21 - - [15/Feb/2016:07:07:39 -0800] "GET /images/bluebird5.png HTTP/1.1" 200 2177 "http://whereshouldiski.com/" "Mozilla/5.0 (Linux; Android 5.0; SAMSUNG SM-N900V 4G Build/LRX21V) AppleWebKit/537.36 (KHTML, like Gecko) SamsungBrowser/2.1 Chrome/34.0.1847.76 Mobile Safari/537.36"
98.246.164.21 - - [15/Feb/2016:07:07:39 -0800] "GET /images/snowflake5.png HTTP/1.1" 200 2857 "http://whereshouldiski.com/" "Mozilla/5.0 (Linux; Android 5.0; SAMSUNG SM-N900V 4G Build/LRX21V) AppleWebKit/537.36 (KHTML, like Gecko) SamsungBrowser/2.1 Chrome/34.0.1847.76 Mobile Safari/537.36"
98.246.164.21 - - [15/Feb/2016:07:07:39 -0800] "GET /images/shading-icon.png HTTP/1.1" 200 536 "http://whereshouldiski.com/" "Mozilla/5.0 (Linux; Android 5.0; SAMSUNG SM-N900V 4G Build/LRX21V) AppleWebKit/537.36 (KHTML, like Gecko) SamsungBrowser/2.1 Chrome/34.0.1847.76 Mobile Safari/537.36"
98.246.164.21 - - [15/Feb/2016:07:07:39 -0800] "GET /images/mtns-icon.png HTTP/1.1" 200 1096 "http://whereshouldiski.com/" "Mozilla/5.0 (Linux; Android 5.0; SAMSUNG SM-N900V 4G Build/LRX21V) AppleWebKit/537.36 (KHTML, like Gecko) SamsungBrowser/2.1 Chrome/34.0.1847.76 Mobile Safari/537.36"
98.246.164.21 - - [15/Feb/2016:07:07:39 -0800] "GET /images/greenHeader.png HTTP/1.1" 200 508 "http://whereshouldiski.com/" "Mozilla/5.0 (Linux; Android 5.0; SAMSUNG SM-N900V 4G Build/LRX21V) AppleWebKit/537.36 (KHTML, like Gecko) SamsungBrowser/2.1 Chrome/34.0.1847.76 Mobile Safari/537.36"
127.0.0.1 - - [15/Feb/2016:07:07:57 -0800] "OPTIONS * HTTP/1.0" 200 126 "-" "Apache/2.2.22 (Ubuntu) (internal dummy connection)"
98.246.164.21 - - [15/Feb/2016:07:08:44 -0800] "GET /lib/reccapi.php?fields=t HTTP/1.1" 200 1945 "http://whereshouldiski.com/" "Mozilla/5.0 (Linux; Android 5.0; SAMSUNG SM-N900V 4G Build/LRX21V) AppleWebKit/537.36 (KHTML, like Gecko) SamsungBrowser/2.1 Chrome/34.0.1847.76 Mobile Safari/537.36"
98.246.164.21 - - [15/Feb/2016:07:08:50 -0800] "GET /lib/reccapi.php?fields=t&sort=quality HTTP/1.1" 200 1964 "http://whereshouldiski.com/" "Mozilla/5.0 (Linux; Android 5.0; SAMSUNG SM-N900V 4G Build/LRX21V) AppleWebKit/537.36 (KHTML, like Gecko) SamsungBrowser/2.1 Chrome/34.0.1847.76 Mobile Safari/537.36"
98.246.164.21 - - [15/Feb/2016:07:09:06 -0800] "GET /lib/reccapi.php?fields=t&sort=fl HTTP/1.1" 200 1992 "http://whereshouldiski.com/" "Mozilla/5.0 (Linux; Android 5.0; SAMSUNG SM-N900V 4G Build/LRX21V) AppleWebKit/537.36 (KHTML, like Gecko) SamsungBrowser/2.1 Chrome/34.0.1847.76 Mobile Safari/537.36"
98.246.164.21 - - [15/Feb/2016:07:09:47 -0800] "GET /lib/reccapi.php?fields=t&sort=quality HTTP/1.1" 200 1964 "http://whereshouldiski.com/" "Mozilla/5.0 (Linux; Android 5.0; SAMSUNG SM-N900V 4G Build/LRX21V) AppleWebKit/537.36 (KHTML, like Gecko) SamsungBrowser/2.1 Chrome/34.0.1847.76 Mobile Safari/537.36"
66.249.79.234 - - [15/Feb/2016:07:10:16 -0800] "GET /lib/reccapi.php?resort=aspenheights&date=2016-02-14 HTTP/1.1" 200 1090 "http://whereshouldiski.com/" "Mozilla/5.0 (compatible; Googlebot/2.1; +http://www.google.com/bot.html)"
66.249.79.227 - - [15/Feb/2016:07:10:17 -0800] "GET /lib/reccapi.php?fields=t&date=2016-02-14&coords=39.14%2C-106.91&size=7&sort=distance HTTP/1.1" 200 1333 "http://whereshouldiski.com/" "Mozilla/5.0 (compatible; Googlebot/2.1; +http://www.google.com/bot.html)"
66.249.79.227 - - [15/Feb/2016:07:10:18 -0800] "GET /lib/resortDataSearchD3.php?size=7&sortDate=T&resort=aspenheights&dateStart=2016-02-12 HTTP/1.1" 200 855 "http://whereshouldiski.com/" "Mozilla/5.0 (compatible; Googlebot/2.1; +http://www.google.com/bot.html)"
98.246.164.21 - - [15/Feb/2016:07:10:50 -0800] "GET /lib/reccapi.php?fields=t&sort=quality&date=2016-02-15 HTTP/1.1" 200 2011 "http://whereshouldiski.com/" "Mozilla/5.0 (Linux; Android 5.0; SAMSUNG SM-N900V 4G Build/LRX21V) AppleWebKit/537.36 (KHTML, like Gecko) SamsungBrowser/2.1 Chrome/34.0.1847.76 Mobile Safari/537.36"
98.246.164.21 - - [15/Feb/2016:07:11:06 -0800] "GET /lib/reccapi.php?fields=t&date=2016-02-15&sort=powder HTTP/1.1" 200 2012 "http://whereshouldiski.com/" "Mozilla/5.0 (Linux; Android 5.0; SAMSUNG SM-N900V 4G Build/LRX21V) AppleWebKit/537.36 (KHTML, like Gecko) SamsungBrowser/2.1 Chrome/34.0.1847.76 Mobile Safari/537.36"
98.246.164.21 - - [15/Feb/2016:07:11:41 -0800] "GET /scripts/server/resorts.json HTTP/1.1" 200 8662 "http://whereshouldiski.com/" "Mozilla/5.0 (Linux; Android 5.0; SAMSUNG SM-N900V 4G Build/LRX21V) AppleWebKit/537.36 (KHTML, like Gecko) SamsungBrowser/2.1 Chrome/34.0.1847.76 Mobile Safari/537.36"
98.246.164.21 - - [15/Feb/2016:07:11:57 -0800] "GET /lib/reccapi.php?resort=taos&date=2016-02-15 HTTP/1.1" 200 972 "http://whereshouldiski.com/" "Mozilla/5.0 (Linux; Android 5.0; SAMSUNG SM-N900V 4G Build/LRX21V) AppleWebKit/537.36 (KHTML, like Gecko) SamsungBrowser/2.1 Chrome/34.0.1847.76 Mobile Safari/537.36"
98.246.164.21 - - [15/Feb/2016:07:11:57 -0800] "GET /images/snowforecast-logo.jpg HTTP/1.1" 200 22988 "http://whereshouldiski.com/" "Mozilla/5.0 (Linux; Android 5.0; SAMSUNG SM-N900V 4G Build/LRX21V) AppleWebKit/537.36 (KHTML, like Gecko) SamsungBrowser/2.1 Chrome/34.0.1847.76 Mobile Safari/537.36"
98.246.164.21 - - [15/Feb/2016:07:11:57 -0800] "GET /images/snowflake-med-5.png HTTP/1.1" 200 6157 "http://whereshouldiski.com/" "Mozilla/5.0 (Linux; Android 5.0; SAMSUNG SM-N900V 4G Build/LRX21V) AppleWebKit/537.36 (KHTML, like Gecko) SamsungBrowser/2.1 Chrome/34.0.1847.76 Mobile Safari/537.36"
98.246.164.21 - - [15/Feb/2016:07:11:57 -0800] "GET /images/opensnow_logo.png HTTP/1.1" 200 11777 "http://whereshouldiski.com/" "Mozilla/5.0 (Linux; Android 5.0; SAMSUNG SM-N900V 4G Build/LRX21V) AppleWebKit/537.36 (KHTML, like Gecko) SamsungBrowser/2.1 Chrome/34.0.1847.76 Mobile Safari/537.36"
98.246.164.21 - - [15/Feb/2016:07:11:57 -0800] "GET /images/stars-med-5.png HTTP/1.1" 200 4124 "http://whereshouldiski.com/" "Mozilla/5.0 (Linux; Android 5.0; SAMSUNG SM-N900V 4G Build/LRX21V) AppleWebKit/537.36 (KHTML, like Gecko) SamsungBrowser/2.1 Chrome/34.0.1847.76 Mobile Safari/537.36"
98.246.164.21 - - [15/Feb/2016:07:11:57 -0800] "GET /lib/reccapi.php?fields=t&date=2016-02-15&coords=36.58%2C-105.48&size=7&sort=distance HTTP/1.1" 200 1333 "http://whereshouldiski.com/" "Mozilla/5.0 (Linux; Android 5.0; SAMSUNG SM-N900V 4G Build/LRX21V) AppleWebKit/537.36 (KHTML, like Gecko) SamsungBrowser/2.1 Chrome/34.0.1847.76 Mobile Safari/537.36"
98.246.164.21 - - [15/Feb/2016:07:11:57 -0800] "GET /images/sun-med-5.png HTTP/1.1" 200 7627 "http://whereshouldiski.com/" "Mozilla/5.0 (Linux; Android 5.0; SAMSUNG SM-N900V 4G Build/LRX21V) AppleWebKit/537.36 (KHTML, like Gecko) SamsungBrowser/2.1 Chrome/34.0.1847.76 Mobile Safari/537.36"
98.246.164.21 - - [15/Feb/2016:07:11:57 -0800] "GET /images/mtns-30px.png HTTP/1.1" 200 1202 "http://whereshouldiski.com/" "Mozilla/5.0 (Linux; Android 5.0; SAMSUNG SM-N900V 4G Build/LRX21V) AppleWebKit/537.36 (KHTML, like Gecko) SamsungBrowser/2.1 Chrome/34.0.1847.76 Mobile Safari/537.36"
98.246.164.21 - - [15/Feb/2016:07:11:57 -0800] "GET /images/shading-53px.png HTTP/1.1" 200 548 "http://whereshouldiski.com/" "Mozilla/5.0 (Linux; Android 5.0; SAMSUNG SM-N900V 4G Build/LRX21V) AppleWebKit/537.36 (KHTML, like Gecko) SamsungBrowser/2.1 Chrome/34.0.1847.76 Mobile Safari/537.36"
98.246.164.21 - - [15/Feb/2016:07:11:57 -0800] "GET /lib/resortDataSearchD3.php?size=7&sortDate=T&resort=taos&dateStart=2016-02-13 HTTP/1.1" 200 853 "http://whereshouldiski.com/" "Mozilla/5.0 (Linux; Android 5.0; SAMSUNG SM-N900V 4G Build/LRX21V) AppleWebKit/537.36 (KHTML, like Gecko) SamsungBrowser/2.1 Chrome/34.0.1847.76 Mobile Safari/537.36"
127.0.0.1 - - [15/Feb/2016:07:12:05 -0800] "OPTIONS * HTTP/1.0" 200 126 "-" "Apache/2.2.22 (Ubuntu) (internal dummy connection)"
127.0.0.1 - - [15/Feb/2016:07:12:06 -0800] "OPTIONS * HTTP/1.0" 200 126 "-" "Apache/2.2.22 (Ubuntu) (internal dummy connection)"
127.0.0.1 - - [15/Feb/2016:07:12:07 -0800] "OPTIONS * HTTP/1.0" 200 126 "-" "Apache/2.2.22 (Ubuntu) (internal dummy connection)"
127.0.0.1 - - [15/Feb/2016:07:12:18 -0800] "OPTIONS * HTTP/1.0" 200 126 "-" "Apache/2.2.22 (Ubuntu) (internal dummy connection)"
98.246.164.21 - - [15/Feb/2016:07:12:29 -0800] "GET /lib/reccapi.php?resort=stevenspass&date=2016-02-15 HTTP/1.1" 200 1080 "http://whereshouldiski.com/" "Mozilla/5.0 (Linux; Android 5.0; SAMSUNG SM-N900V 4G Build/LRX21V) AppleWebKit/537.36 (KHTML, like Gecko) SamsungBrowser/2.1 Chrome/34.0.1847.76 Mobile Safari/537.36"
98.246.164.21 - - [15/Feb/2016:07:12:30 -0800] "GET /lib/reccapi.php?fields=t&date=2016-02-15&coords=47.73%2C-121.09&size=7&sort=distance HTTP/1.1" 200 1377 "http://whereshouldiski.com/" "Mozilla/5.0 (Linux; Android 5.0; SAMSUNG SM-N900V 4G Build/LRX21V) AppleWebKit/537.36 (KHTML, like Gecko) SamsungBrowser/2.1 Chrome/34.0.1847.76 Mobile Safari/537.36"
98.246.164.21 - - [15/Feb/2016:07:12:30 -0800] "GET /lib/resortDataSearchD3.php?size=7&sortDate=T&resort=stevenspass&dateStart=2016-02-13 HTTP/1.1" 200 878 "http://whereshouldiski.com/" "Mozilla/5.0 (Linux; Android 5.0; SAMSUNG SM-N900V 4G Build/LRX21V) AppleWebKit/537.36 (KHTML, like Gecko) SamsungBrowser/2.1 Chrome/34.0.1847.76 Mobile Safari/537.36"
98.246.164.21 - - [15/Feb/2016:07:13:27 -0800] "GET /lib/reccapi.php?fields=t&date=2016-02-15&sort=powder HTTP/1.1" 200 2012 "http://whereshouldiski.com/" "Mozilla/5.0 (Linux; Android 5.0; SAMSUNG SM-N900V 4G Build/LRX21V) AppleWebKit/537.36 (KHTML, like Gecko) SamsungBrowser/2.1 Chrome/34.0.1847.76 Mobile Safari/537.36"
170.75.162.130 - - [15/Feb/2016:07:19:27 -0800] "GET /lib/reccapi.php?resort=mounthoodmeadows HTTP/1.1" 200 1040 "-" "node-superagent/1.4.0"
170.75.162.130 - - [15/Feb/2016:07:19:28 -0800] "GET /lib/reccapi.php?resort=hoodoo HTTP/1.1" 200 992 "-" "node-superagent/1.4.0"
170.75.162.130 - - [15/Feb/2016:07:19:28 -0800] "GET /lib/reccapi.php?resort=mountbachelor HTTP/1.1" 200 987 "-" "node-superagent/1.4.0"
54.161.51.139 - - [15/Feb/2016:07:20:06 -0800] "HEAD / HTTP/1.1" 200 291 "-" "Cloud mapping experiment. Contact research@pdrlabs.net"
73.158.234.166 - - [15/Feb/2016:07:23:31 -0800] "GET /images/wsis-logo-sm.png HTTP/1.1" 200 6108 "http://www.thebackcountry.net/" "Mozilla/5.0 (iPhone; CPU iPhone OS 9_2_1 like Mac OS X) AppleWebKit/601.1.46 (KHTML, like Gecko) Version/9.0 Mobile/13D15 Safari/601.1"
180.76.15.24 - - [15/Feb/2016:07:33:41 -0800] "GET / HTTP/1.1" 200 6995 "-" "Mozilla/5.0 (compatible; Baiduspider/2.0; +http://www.baidu.com/search/spider.html)"
70.211.3.206 - - [15/Feb/2016:07:34:23 -0800] "GET /images/wsis-logo-sm.png HTTP/1.1" 200 6108 "http://www.thebackcountry.net/" "Mozilla/5.0 (iPhone; CPU iPhone OS 9_2_1 like Mac OS X) AppleWebKit/601.1.46 (KHTML, like Gecko) Version/9.0 Mobile/13D15 Safari/601.1"
180.76.15.160 - - [15/Feb/2016:07:34:37 -0800] "GET / HTTP/1.1" 200 6995 "-" "Mozilla/5.0 (compatible; Baiduspider/2.0; +http://www.baidu.com/search/spider.html)"
98.246.164.21 - - [15/Feb/2016:07:40:12 -0800] "GET /lib/reccapi.php?fields=t&date=2016-02-15&sort=powder HTTP/1.1" 200 2012 "http://whereshouldiski.com/" "Mozilla/5.0 (Linux; Android 5.0; SAMSUNG SM-N900V 4G Build/LRX21V) AppleWebKit/537.36 (KHTML, like Gecko) SamsungBrowser/2.1 Chrome/34.0.1847.76 Mobile Safari/537.36"
68.49.124.210 - - [15/Feb/2016:07:44:36 -0800] "GET /images/wsis-logo-sm.png HTTP/1.1" 200 6108 "http://www.thebackcountry.net/" "Mozilla/5.0 (Windows NT 10.0; WOW64) AppleWebKit/537.36 (KHTML, like Gecko) Chrome/48.0.2564.109 Safari/537.36"
86.27.246.96 - - [15/Feb/2016:07:48:44 -0800] "GET /images/wsis-logo-sm.png HTTP/1.1" 200 6108 "http://www.thebackcountry.net/" "Mozilla/5.0 (Macintosh; Intel Mac OS X 10_11_3) AppleWebKit/537.36 (KHTML, like Gecko) Chrome/48.0.2564.103 Safari/537.36"
170.75.162.130 - - [15/Feb/2016:07:50:00 -0800] "GET /lib/reccapi.php?resort=redlodge HTTP/1.1" 200 1122 "-" "node-superagent/1.4.0"
52.33.40.213 - - [15/Feb/2016:07:57:15 -0800] "GET /lib/reccapi.php?resort=alpinemeadows HTTP/1.1" 200 980 "-" "node-superagent/1.4.0"
66.249.79.220 - - [15/Feb/2016:07:57:27 -0800] "GET /lib/reccapi.php?resort=porcupine&date=2016-02-13 HTTP/1.1" 200 1096 "http://whereshouldiski.com/" "Mozilla/5.0 (compatible; Googlebot/2.1; +http://www.google.com/bot.html)"
66.249.79.227 - - [15/Feb/2016:07:57:28 -0800] "GET /lib/resortDataSearchD3.php?size=7&sortDate=T&resort=porcupine&dateStart=2016-02-11 HTTP/1.1" 200 879 "http://whereshouldiski.com/" "Mozilla/5.0 (compatible; Googlebot/2.1; +http://www.google.com/bot.html)"
