46.118.119.221 - - [20/Mar/2016:15:47:53 -0700] "GET / HTTP/1.1" 200 6976 "http://userequip.com/" "Mozilla/4.0 (compatible; MSIE 5.01; Windows 95; MSIECrawler)"
46.118.119.221 - - [20/Mar/2016:15:47:53 -0700] "GET / HTTP/1.1" 200 6976 "http://userequip.com/" "Mozilla/4.0 (compatible; MSIE 5.01; Windows 95; MSIECrawler)"
170.75.162.130 - - [20/Mar/2016:15:52:45 -0700] "GET /lib/reccapi.php?resort=mtrose HTTP/1.1" 200 1057 "-" "node-superagent/1.4.0"
64.113.101.252 - - [20/Mar/2016:15:54:07 -0700] "GET /images/wsis-logo-sm.png HTTP/1.1" 200 6108 "http://www.thebackcountry.net/" "Mozilla/5.0 (iPad; CPU OS 9_2_1 like Mac OS X) AppleWebKit/601.1.46 (KHTML, like Gecko) Version/9.0 Mobile/13D15 Safari/601.1"
69.137.145.41 - - [20/Mar/2016:15:57:59 -0700] "GET /images/wsis-logo-sm.png HTTP/1.1" 200 6108 "http://www.thebackcountry.net/" "Mozilla/5.0 (Macintosh; Intel Mac OS X 10_10_5) AppleWebKit/601.4.4 (KHTML, like Gecko) Version/9.0.3 Safari/601.4.4"
73.48.253.36 - - [20/Mar/2016:15:58:46 -0700] "GET /images/wsis-logo-sm.png HTTP/1.1" 200 6108 "http://www.thebackcountry.net/" "Mozilla/5.0 (iPad; CPU OS 9_2_1 like Mac OS X) AppleWebKit/601.1.46 (KHTML, like Gecko) Version/9.0 Mobile/13D15 Safari/601.1"
70.214.41.234 - - [20/Mar/2016:15:59:22 -0700] "GET /images/wsis-logo-sm.png HTTP/1.1" 200 6108 "http://www.thebackcountry.net/" "Mozilla/5.0 (iPhone; CPU iPhone OS 9_2_1 like Mac OS X) AppleWebKit/601.1.46 (KHTML, like Gecko) Version/9.0 Mobile/13D15 Safari/601.1"
52.33.40.213 - - [20/Mar/2016:16:00:04 -0700] "GET /lib/reccapi.php?resort=mountspokane HTTP/1.1" 200 1008 "-" "node-superagent/1.4.0"
52.33.40.213 - - [20/Mar/2016:16:00:04 -0700] "GET /lib/reccapi.php?resort=schweitzer HTTP/1.1" 200 998 "-" "node-superagent/1.4.0"
52.33.40.213 - - [20/Mar/2016:16:00:04 -0700] "GET /lib/reccapi.php?resort=mountbachelor HTTP/1.1" 200 1091 "-" "node-superagent/1.4.0"
52.33.40.213 - - [20/Mar/2016:16:01:04 -0700] "GET /lib/reccapi.php?resort=stevenspass HTTP/1.1" 200 1038 "-" "node-superagent/1.4.0"
170.75.162.130 - - [20/Mar/2016:16:02:06 -0700] "GET /lib/reccapi.php?resort=steamboat HTTP/1.1" 200 990 "-" "node-superagent/1.4.0"
52.33.40.213 - - [20/Mar/2016:16:05:24 -0700] "GET /lib/reccapi.php?resort=snowbird HTTP/1.1" 200 964 "-" "node-superagent/1.4.0"
50.152.157.163 - - [20/Mar/2016:16:15:31 -0700] "GET /images/wsis-logo-sm.png HTTP/1.1" 200 6108 "http://www.thebackcountry.net/" "Mozilla/5.0 (Windows NT 6.0; rv:39.0) Gecko/20100101 Firefox/39.0"
47.208.179.16 - - [20/Mar/2016:16:18:53 -0700] "GET /images/wsis-logo-sm.png HTTP/1.1" 200 6108 "http://www.thebackcountry.net/" "Mozilla/5.0 (Windows NT 6.1; WOW64) AppleWebKit/537.36 (KHTML, like Gecko) Chrome/49.0.2623.87 Safari/537.36"
170.75.162.130 - - [20/Mar/2016:16:25:19 -0700] "GET /lib/reccapi.php?resort=stowe HTTP/1.1" 200 929 "-" "node-superagent/1.4.0"
180.76.15.21 - - [20/Mar/2016:16:29:34 -0700] "GET / HTTP/1.1" 200 6995 "-" "Mozilla/5.0 (compatible; Baiduspider/2.0; +http://www.baidu.com/search/spider.html)"
180.76.15.154 - - [20/Mar/2016:16:30:22 -0700] "GET / HTTP/1.1" 200 6995 "-" "Mozilla/5.0 (compatible; Baiduspider/2.0; +http://www.baidu.com/search/spider.html)"
170.75.162.130 - - [20/Mar/2016:16:32:30 -0700] "GET /lib/reccapi.php?resort=devilshead HTTP/1.1" 200 967 "-" "node-superagent/1.4.0"
198.233.203.11 - - [20/Mar/2016:16:38:33 -0700] "GET / HTTP/1.1" 200 2615 "-" "Mozilla/5.0 (iPad; CPU OS 9_2 like Mac OS X) AppleWebKit/601.1.46 (KHTML, like Gecko) Version/9.0 Mobile/13C75 Safari/601.1"
198.233.203.11 - - [20/Mar/2016:16:38:33 -0700] "GET /styles/ee08faa9.main.css HTTP/1.1" 200 19446 "http://whereshouldiski.com/" "Mozilla/5.0 (iPad; CPU OS 9_2 like Mac OS X) AppleWebKit/601.1.46 (KHTML, like Gecko) Version/9.0 Mobile/13C75 Safari/601.1"
198.233.203.11 - - [20/Mar/2016:16:38:33 -0700] "GET /scripts/scripts/vendor/modernizr.js HTTP/1.1" 200 4903 "http://whereshouldiski.com/" "Mozilla/5.0 (iPad; CPU OS 9_2 like Mac OS X) AppleWebKit/601.1.46 (KHTML, like Gecko) Version/9.0 Mobile/13C75 Safari/601.1"
198.233.203.11 - - [20/Mar/2016:16:38:33 -0700] "GET /images/loading.gif HTTP/1.1" 200 13882 "http://whereshouldiski.com/" "Mozilla/5.0 (iPad; CPU OS 9_2 like Mac OS X) AppleWebKit/601.1.46 (KHTML, like Gecko) Version/9.0 Mobile/13C75 Safari/601.1"
198.233.203.11 - - [20/Mar/2016:16:38:33 -0700] "GET /images/logo-square-white-sm.png HTTP/1.1" 200 1684 "http://whereshouldiski.com/" "Mozilla/5.0 (iPad; CPU OS 9_2 like Mac OS X) AppleWebKit/601.1.46 (KHTML, like Gecko) Version/9.0 Mobile/13C75 Safari/601.1"
198.233.203.11 - - [20/Mar/2016:16:38:33 -0700] "GET /bower_components/requirejs/require.js HTTP/1.1" 200 6702 "http://whereshouldiski.com/" "Mozilla/5.0 (iPad; CPU OS 9_2 like Mac OS X) AppleWebKit/601.1.46 (KHTML, like Gecko) Version/9.0 Mobile/13C75 Safari/601.1"
198.233.203.11 - - [20/Mar/2016:16:38:36 -0700] "GET /scripts/fa48e319.main.js HTTP/1.1" 200 123455 "http://whereshouldiski.com/" "Mozilla/5.0 (iPad; CPU OS 9_2 like Mac OS X) AppleWebKit/601.1.46 (KHTML, like Gecko) Version/9.0 Mobile/13C75 Safari/601.1"
198.233.203.11 - - [20/Mar/2016:16:38:44 -0700] "GET /images/greyHeader.png HTTP/1.1" 200 509 "http://whereshouldiski.com/" "Mozilla/5.0 (iPad; CPU OS 9_2 like Mac OS X) AppleWebKit/601.1.46 (KHTML, like Gecko) Version/9.0 Mobile/13C75 Safari/601.1"
198.233.203.11 - - [20/Mar/2016:16:38:44 -0700] "GET /images/button.png HTTP/1.1" 200 599 "http://whereshouldiski.com/" "Mozilla/5.0 (iPad; CPU OS 9_2 like Mac OS X) AppleWebKit/601.1.46 (KHTML, like Gecko) Version/9.0 Mobile/13C75 Safari/601.1"
198.233.203.11 - - [20/Mar/2016:16:38:44 -0700] "GET /lib/reccapi.php?fields=t HTTP/1.1" 200 1957 "http://whereshouldiski.com/" "Mozilla/5.0 (iPad; CPU OS 9_2 like Mac OS X) AppleWebKit/601.1.46 (KHTML, like Gecko) Version/9.0 Mobile/13C75 Safari/601.1"
198.233.203.11 - - [20/Mar/2016:16:38:45 -0700] "GET /images/snowflake5.png HTTP/1.1" 200 2857 "http://whereshouldiski.com/" "Mozilla/5.0 (iPad; CPU OS 9_2 like Mac OS X) AppleWebKit/601.1.46 (KHTML, like Gecko) Version/9.0 Mobile/13C75 Safari/601.1"
198.233.203.11 - - [20/Mar/2016:16:38:45 -0700] "GET /images/star5.png HTTP/1.1" 200 1783 "http://whereshouldiski.com/" "Mozilla/5.0 (iPad; CPU OS 9_2 like Mac OS X) AppleWebKit/601.1.46 (KHTML, like Gecko) Version/9.0 Mobile/13C75 Safari/601.1"
198.233.203.11 - - [20/Mar/2016:16:38:45 -0700] "GET /images/bluebird5.png HTTP/1.1" 200 2177 "http://whereshouldiski.com/" "Mozilla/5.0 (iPad; CPU OS 9_2 like Mac OS X) AppleWebKit/601.1.46 (KHTML, like Gecko) Version/9.0 Mobile/13C75 Safari/601.1"
198.233.203.11 - - [20/Mar/2016:16:38:45 -0700] "GET /images/mtns-icon.png HTTP/1.1" 200 1097 "http://whereshouldiski.com/" "Mozilla/5.0 (iPad; CPU OS 9_2 like Mac OS X) AppleWebKit/601.1.46 (KHTML, like Gecko) Version/9.0 Mobile/13C75 Safari/601.1"
198.233.203.11 - - [20/Mar/2016:16:38:45 -0700] "GET /images/shading-icon.png HTTP/1.1" 200 537 "http://whereshouldiski.com/" "Mozilla/5.0 (iPad; CPU OS 9_2 like Mac OS X) AppleWebKit/601.1.46 (KHTML, like Gecko) Version/9.0 Mobile/13C75 Safari/601.1"
198.233.203.11 - - [20/Mar/2016:16:39:01 -0700] "GET /lib/reccapi.php?fields=t&coords=40.68708943488909,-111.55397320860644 HTTP/1.1" 200 2151 "http://whereshouldiski.com/" "Mozilla/5.0 (iPad; CPU OS 9_2 like Mac OS X) AppleWebKit/601.1.46 (KHTML, like Gecko) Version/9.0 Mobile/13C75 Safari/601.1"
198.233.203.11 - - [20/Mar/2016:16:39:14 -0700] "GET /lib/reccapi.php?fields=t&coords=40.68708943488909,-111.55397320860644&distance=100 HTTP/1.1" 200 1432 "http://whereshouldiski.com/" "Mozilla/5.0 (iPad; CPU OS 9_2 like Mac OS X) AppleWebKit/601.1.46 (KHTML, like Gecko) Version/9.0 Mobile/13C75 Safari/601.1"
198.233.203.11 - - [20/Mar/2016:16:39:15 -0700] "GET /images/greenHeader.png HTTP/1.1" 200 508 "http://whereshouldiski.com/" "Mozilla/5.0 (iPad; CPU OS 9_2 like Mac OS X) AppleWebKit/601.1.46 (KHTML, like Gecko) Version/9.0 Mobile/13C75 Safari/601.1"
198.233.203.11 - - [20/Mar/2016:16:39:28 -0700] "GET /lib/reccapi.php?fields=t&coords=40.68708943488909,-111.55397320860644&distance=100&sort=fl HTTP/1.1" 200 1460 "http://whereshouldiski.com/" "Mozilla/5.0 (iPad; CPU OS 9_2 like Mac OS X) AppleWebKit/601.1.46 (KHTML, like Gecko) Version/9.0 Mobile/13C75 Safari/601.1"
198.233.203.11 - - [20/Mar/2016:16:39:47 -0700] "GET /lib/reccapi.php?fields=t&coords=40.68708943488909,-111.55397320860644&distance=100&sort=quality HTTP/1.1" 200 1450 "http://whereshouldiski.com/" "Mozilla/5.0 (iPad; CPU OS 9_2 like Mac OS X) AppleWebKit/601.1.46 (KHTML, like Gecko) Version/9.0 Mobile/13C75 Safari/601.1"
52.33.40.213 - - [20/Mar/2016:16:57:17 -0700] "GET /lib/reccapi.php?resort=angelfire HTTP/1.1" 200 972 "-" "node-superagent/1.4.0"
52.33.40.213 - - [20/Mar/2016:16:58:57 -0700] "GET /lib/reccapi.php?resort=crystalmountain HTTP/1.1" 200 1035 "-" "node-superagent/1.4.0"
73.142.126.16 - - [20/Mar/2016:16:59:32 -0700] "GET /images/wsis-logo-sm.png HTTP/1.1" 200 6108 "http://thebackcountry.net/" "Mozilla/5.0 (iPhone; CPU iPhone OS 9_2_1 like Mac OS X) AppleWebKit/601.1.46 (KHTML, like Gecko) Version/9.0 Mobile/13D15 Safari/601.1"
170.75.162.130 - - [20/Mar/2016:17:01:23 -0700] "GET /lib/reccapi.php?resort=mounthoodmeadows HTTP/1.1" 200 1136 "-" "node-superagent/1.4.0"
52.33.40.213 - - [20/Mar/2016:17:03:17 -0700] "GET /lib/reccapi.php?resort=alyeska HTTP/1.1" 200 1028 "-" "node-superagent/1.4.0"
52.33.40.213 - - [20/Mar/2016:17:05:07 -0700] "GET /lib/reccapi.php?resort=whitefacemountain HTTP/1.1" 200 993 "-" "node-superagent/1.4.0"
66.249.79.135 - - [20/Mar/2016:17:06:38 -0700] "GET /lib/reccapi.php?resort=marquette&date=2016-03-25 HTTP/1.1" 200 974 "http://whereshouldiski.com/" "Mozilla/5.0 (compatible; Googlebot/2.1; +http://www.google.com/bot.html)"
66.249.79.241 - - [20/Mar/2016:17:06:39 -0700] "GET /lib/reccapi.php?fields=t&date=2016-03-25&coords=46.5083%2C-87.42&size=7&sort=distance HTTP/1.1" 200 1364 "http://whereshouldiski.com/" "Mozilla/5.0 (compatible; Googlebot/2.1; +http://www.google.com/bot.html)"
66.249.79.248 - - [20/Mar/2016:17:06:40 -0700] "GET /lib/resortDataSearchD3.php?size=7&sortDate=T&resort=marquette&dateStart=2016-03-23 HTTP/1.1" 200 533 "http://whereshouldiski.com/" "Mozilla/5.0 (compatible; Googlebot/2.1; +http://www.google.com/bot.html)"
99.148.183.172 - - [20/Mar/2016:17:08:56 -0700] "GET /images/wsis-logo-sm.png HTTP/1.1" 200 6108 "http://www.thebackcountry.net/" "Mozilla/5.0 (iPad; CPU OS 9_2_1 like Mac OS X) AppleWebKit/601.1.46 (KHTML, like Gecko) Version/9.0 Mobile/13D15 Safari/601.1"
170.75.162.130 - - [20/Mar/2016:17:12:45 -0700] "GET /lib/reccapi.php?resort=kirkwood HTTP/1.1" 200 1103 "-" "node-superagent/1.4.0"
170.75.162.130 - - [20/Mar/2016:17:14:25 -0700] "GET /lib/reccapi.php?resort=northstar-at-tahoe HTTP/1.1" 200 1022 "-" "node-superagent/1.4.0"
73.162.133.204 - - [20/Mar/2016:17:19:54 -0700] "GET /images/wsis-logo-sm.png HTTP/1.1" 200 6108 "http://www.thebackcountry.net/" "Mozilla/5.0 (Macintosh; Intel Mac OS X 10_10_2) AppleWebKit/537.36 (KHTML, like Gecko) Chrome/49.0.2623.87 Safari/537.36"
73.162.133.204 - - [20/Mar/2016:17:20:28 -0700] "-" 408 0 "-" "-"
73.162.133.204 - - [20/Mar/2016:17:20:28 -0700] "-" 408 0 "-" "-"
73.162.133.204 - - [20/Mar/2016:17:20:28 -0700] "-" 408 0 "-" "-"
108.201.223.183 - - [20/Mar/2016:17:21:15 -0700] "GET /images/wsis-logo-sm.png HTTP/1.1" 200 6108 "http://www.thebackcountry.net/" "Mozilla/5.0 (Macintosh; Intel Mac OS X 10_10_2) AppleWebKit/537.36 (KHTML, like Gecko) Chrome/48.0.2564.116 Safari/537.36"
170.75.162.130 - - [20/Mar/2016:17:28:06 -0700] "GET /lib/reccapi.php?resort=heavenly HTTP/1.1" 200 1050 "-" "node-superagent/1.4.0"
180.76.15.163 - - [20/Mar/2016:17:33:08 -0700] "GET / HTTP/1.1" 200 6995 "-" "Mozilla/5.0 (compatible; Baiduspider/2.0; +http://www.baidu.com/search/spider.html)"
180.76.15.141 - - [20/Mar/2016:17:34:07 -0700] "GET / HTTP/1.1" 200 6995 "-" "Mozilla/5.0 (compatible; Baiduspider/2.0; +http://www.baidu.com/search/spider.html)"
170.75.162.130 - - [20/Mar/2016:17:36:27 -0700] "GET /lib/reccapi.php?resort=taos HTTP/1.1" 200 927 "-" "node-superagent/1.4.0"
66.249.79.248 - - [20/Mar/2016:17:40:06 -0700] "GET /lib/reccapi.php?resort=sugarloaf&date=2016-01-01 HTTP/1.1" 200 701 "http://whereshouldiski.com/" "Mozilla/5.0 (compatible; Googlebot/2.1; +http://www.google.com/bot.html)"
136.243.33.181 - - [20/Mar/2016:17:40:23 -0700] "GET / HTTP/1.1" 200 6976 "-" "Mozilla/5.0 (Windows; U; Windows NT 5.1; en-US; rv:1.8.1.13) Gecko/20080311 Firefox/2.0.0.13"
199.16.156.126 - - [20/Mar/2016:17:43:43 -0700] "GET /robots.txt HTTP/1.1" 200 363 "-" "Twitterbot/1.0"
199.16.156.126 - - [20/Mar/2016:17:43:44 -0700] "GET /recommendations HTTP/1.1" 404 450 "-" "Twitterbot/1.0"
107.77.75.52 - - [20/Mar/2016:17:45:18 -0700] "GET /images/wsis-logo-sm.png HTTP/1.1" 200 6108 "http://www.thebackcountry.net/" "Mozilla/5.0 (iPhone; CPU iPhone OS 9_2_1 like Mac OS X) AppleWebKit/601.1.46 (KHTML, like Gecko) Version/9.0 Mobile/13D15 Safari/601.1"
170.75.162.130 - - [20/Mar/2016:17:46:08 -0700] "GET /lib/reccapi.php?resort=aspenheights HTTP/1.1" 200 999 "-" "node-superagent/1.4.0"
170.75.162.130 - - [20/Mar/2016:17:46:08 -0700] "GET /lib/reccapi.php?resort=arapahoebasin HTTP/1.1" 200 1021 "-" "node-superagent/1.4.0"
170.75.162.130 - - [20/Mar/2016:17:46:08 -0700] "GET /lib/reccapi.php?resort=aspenmountain HTTP/1.1" 200 991 "-" "node-superagent/1.4.0"
170.75.162.130 - - [20/Mar/2016:17:46:08 -0700] "GET /lib/reccapi.php?resort=buttermilk HTTP/1.1" 200 981 "-" "node-superagent/1.4.0"
170.75.162.130 - - [20/Mar/2016:17:46:08 -0700] "GET /lib/reccapi.php?resort=coppermountain HTTP/1.1" 200 1012 "-" "node-superagent/1.4.0"
170.75.162.130 - - [20/Mar/2016:17:46:08 -0700] "GET /lib/reccapi.php?resort=crestedbutte HTTP/1.1" 200 969 "-" "node-superagent/1.4.0"
170.75.162.130 - - [20/Mar/2016:17:46:08 -0700] "GET /lib/reccapi.php?resort=keystone HTTP/1.1" 200 1007 "-" "node-superagent/1.4.0"
170.75.162.130 - - [20/Mar/2016:17:46:09 -0700] "GET /lib/reccapi.php?resort=loveland HTTP/1.1" 200 1009 "-" "node-superagent/1.4.0"
170.75.162.130 - - [20/Mar/2016:17:46:09 -0700] "GET /lib/reccapi.php?resort=monarch HTTP/1.1" 200 950 "-" "node-superagent/1.4.0"
170.75.162.130 - - [20/Mar/2016:17:46:09 -0700] "GET /lib/reccapi.php?resort=snowmass HTTP/1.1" 200 942 "-" "node-superagent/1.4.0"
170.75.162.130 - - [20/Mar/2016:17:46:09 -0700] "GET /lib/reccapi.php?resort=telluride HTTP/1.1" 200 983 "-" "node-superagent/1.4.0"
170.75.162.130 - - [20/Mar/2016:17:46:09 -0700] "GET /lib/reccapi.php?resort=winterpark HTTP/1.1" 200 1004 "-" "node-superagent/1.4.0"
98.210.142.131 - - [20/Mar/2016:17:46:09 -0700] "GET /images/wsis-logo-sm.png HTTP/1.1" 200 6108 "http://www.thebackcountry.net/" "Mozilla/5.0 (Windows NT 10.0; WOW64) AppleWebKit/537.36 (KHTML, like Gecko) Chrome/49.0.2623.87 Safari/537.36"
170.75.162.130 - - [20/Mar/2016:17:47:08 -0700] "GET /lib/reccapi.php?resort=homewoodmountain HTTP/1.1" 200 1039 "-" "node-superagent/1.4.0"
98.210.142.131 - - [20/Mar/2016:17:49:54 -0700] "GET /images/wsis-logo-sm.png HTTP/1.1" 200 6108 "http://www.thebackcountry.net/" "Mozilla/5.0 (Macintosh; Intel Mac OS X 10.6; rv:43.0) Gecko/20100101 Firefox/43.0"
47.208.178.185 - - [20/Mar/2016:17:53:18 -0700] "GET /images/wsis-logo-sm.png HTTP/1.1" 200 6108 "http://www.thebackcountry.net/" "Mozilla/5.0 (iPhone; CPU iPhone OS 9_2_1 like Mac OS X) AppleWebKit/601.1.46 (KHTML, like Gecko) Version/9.0 Mobile/13D15 Safari/601.1"
52.33.40.213 - - [20/Mar/2016:17:53:39 -0700] "GET /lib/reccapi.php?resort=deervalley HTTP/1.1" 200 984 "-" "node-superagent/1.4.0"
144.172.148.109 - - [20/Mar/2016:17:55:30 -0700] "GET /images/wsis-logo-sm.png HTTP/1.1" 200 6108 "http://www.thebackcountry.net/" "Mozilla/5.0 (Windows NT 6.3; Win64; x64; Trident/7.0; rv:11.0) like Gecko"
144.172.148.109 - - [20/Mar/2016:17:55:51 -0700] "-" 408 0 "-" "-"
173.193.219.168 - - [20/Mar/2016:17:57:21 -0700] "GET /robots.txt HTTP/1.1" 200 375 "-" "Aboundex/0.3 (http://www.aboundex.com/crawler/)"
173.193.219.168 - - [20/Mar/2016:17:57:21 -0700] "GET / HTTP/1.1" 200 7031 "-" "Aboundex/0.3 (http://www.aboundex.com/crawler/)"
75.68.202.255 - - [20/Mar/2016:18:12:45 -0700] "GET /images/wsis-logo-sm.png HTTP/1.1" 200 6108 "http://www.thebackcountry.net/" "Mozilla/5.0 (Windows NT 6.1; WOW64) AppleWebKit/537.36 (KHTML, like Gecko) Chrome/48.0.2564.116 Safari/537.36"
50.184.187.5 - - [20/Mar/2016:18:18:20 -0700] "GET /images/wsis-logo-sm.png HTTP/1.1" 200 6108 "http://www.thebackcountry.net/" "Mozilla/5.0 (Macintosh; Intel Mac OS X 10_10_0) AppleWebKit/537.36 (KHTML, like Gecko) Chrome/48.0.2564.116 Safari/537.36"
52.33.40.213 - - [20/Mar/2016:18:24:31 -0700] "GET /lib/reccapi.php?resort=chinapeak HTTP/1.1" 200 979 "-" "node-superagent/1.4.0"
52.33.40.213 - - [20/Mar/2016:18:24:51 -0700] "GET /lib/reccapi.php?resort=mtrose HTTP/1.1" 200 1033 "-" "node-superagent/1.4.0"
52.33.40.213 - - [20/Mar/2016:18:26:01 -0700] "GET /lib/reccapi.php?resort=homewoodmountain HTTP/1.1" 200 1025 "-" "node-superagent/1.4.0"
180.76.15.154 - - [20/Mar/2016:18:29:32 -0700] "GET / HTTP/1.1" 200 6995 "-" "Mozilla/5.0 (compatible; Baiduspider/2.0; +http://www.baidu.com/search/spider.html)"
180.76.15.6 - - [20/Mar/2016:18:30:21 -0700] "GET / HTTP/1.1" 200 6995 "-" "Mozilla/5.0 (compatible; Baiduspider/2.0; +http://www.baidu.com/search/spider.html)"
71.89.244.118 - - [20/Mar/2016:18:37:38 -0700] "GET /images/wsis-logo-sm.png HTTP/1.1" 200 6108 "http://www.thebackcountry.net/" "Mozilla/5.0 (Macintosh; Intel Mac OS X 10_10_5) AppleWebKit/601.4.4 (KHTML, like Gecko) Version/9.0.3 Safari/601.4.4"
66.249.79.241 - - [20/Mar/2016:18:44:00 -0700] "GET /lib/resortDataSearchD3.php?size=7&sortDate=T&resort=alyeska&dateStart=2016-02-21 HTTP/1.1" 200 876 "http://whereshouldiski.com/" "Mozilla/5.0 (compatible; Googlebot/2.1; +http://www.google.com/bot.html)"
52.33.40.213 - - [20/Mar/2016:18:46:32 -0700] "GET /lib/reccapi.php?resort=killington HTTP/1.1" 200 945 "-" "node-superagent/1.4.0"
52.33.40.213 - - [20/Mar/2016:18:46:32 -0700] "GET /lib/reccapi.php?resort=mounthoodmeadows HTTP/1.1" 200 1054 "-" "node-superagent/1.4.0"
52.33.40.213 - - [20/Mar/2016:18:47:32 -0700] "GET /lib/reccapi.php?resort=buttermilk HTTP/1.1" 200 980 "-" "node-superagent/1.4.0"
52.33.40.213 - - [20/Mar/2016:18:47:32 -0700] "GET /lib/reccapi.php?resort=snowmass HTTP/1.1" 200 944 "-" "node-superagent/1.4.0"
52.33.40.213 - - [20/Mar/2016:18:47:32 -0700] "GET /lib/reccapi.php?resort=sierra-at-tahoe HTTP/1.1" 200 1047 "-" "node-superagent/1.4.0"
52.33.40.213 - - [20/Mar/2016:18:49:52 -0700] "GET /lib/reccapi.php?resort=redlodge HTTP/1.1" 200 1008 "-" "node-superagent/1.4.0"
170.75.162.130 - - [20/Mar/2016:18:52:45 -0700] "GET /lib/reccapi.php?resort=mountspokane HTTP/1.1" 200 1000 "-" "node-superagent/1.4.0"
71.11.183.194 - - [20/Mar/2016:19:03:33 -0700] "GET /images/wsis-logo-sm.png HTTP/1.1" 200 6108 "http://www.thebackcountry.net/" "Mozilla/5.0 (Windows NT 10.0; WOW64; rv:44.0) Gecko/20100101 Firefox/44.0"
170.75.162.130 - - [20/Mar/2016:19:03:46 -0700] "GET /lib/reccapi.php?resort=49degreesnorth HTTP/1.1" 200 1000 "-" "node-superagent/1.4.0"
170.75.162.130 - - [20/Mar/2016:19:04:46 -0700] "GET /lib/reccapi.php?resort=crystalmountain HTTP/1.1" 200 1035 "-" "node-superagent/1.4.0"
155.69.151.146 - - [20/Mar/2016:19:08:31 -0700] "GET /images/wsis-logo-sm.png HTTP/1.1" 200 6108 "http://thebackcountry.net/" "Mozilla/5.0 (Windows NT 6.1; Trident/7.0; rv:11.0) like Gecko"
155.69.151.146 - - [20/Mar/2016:19:08:52 -0700] "-" 408 0 "-" "-"
170.75.162.130 - - [20/Mar/2016:19:10:57 -0700] "GET /lib/reccapi.php?resort=angelfire HTTP/1.1" 200 973 "-" "node-superagent/1.4.0"
66.249.79.135 - - [20/Mar/2016:19:20:55 -0700] "GET /lib/reccapi.php?resort=kirkwood&date=2016-02-18 HTTP/1.1" 200 1131 "http://whereshouldiski.com/" "Mozilla/5.0 (compatible; Googlebot/2.1; +http://www.google.com/bot.html)"
66.249.79.241 - - [20/Mar/2016:19:20:56 -0700] "GET /lib/resortDataSearchD3.php?size=7&sortDate=T&resort=kirkwood&dateStart=2016-02-16 HTTP/1.1" 200 873 "http://whereshouldiski.com/" "Mozilla/5.0 (compatible; Googlebot/2.1; +http://www.google.com/bot.html)"
66.249.79.248 - - [20/Mar/2016:19:20:56 -0700] "GET /lib/reccapi.php?fields=t&date=2016-02-18&coords=38.68%2C-120&size=7&sort=distance HTTP/1.1" 200 1367 "http://whereshouldiski.com/" "Mozilla/5.0 (compatible; Googlebot/2.1; +http://www.google.com/bot.html)"
170.75.162.130 - - [20/Mar/2016:19:23:19 -0700] "GET /lib/reccapi.php?resort=squawvalleyusa HTTP/1.1" 200 1023 "-" "node-superagent/1.4.0"
52.33.40.213 - - [20/Mar/2016:19:24:34 -0700] "GET /lib/reccapi.php?resort=bigsky HTTP/1.1" 200 972 "-" "node-superagent/1.4.0"
184.99.97.120 - - [20/Mar/2016:19:24:42 -0700] "GET /images/wsis-logo-sm.png HTTP/1.1" 200 6108 "http://www.thebackcountry.net/" "Mozilla/5.0 (iPhone; CPU iPhone OS 9_2_1 like Mac OS X) AppleWebKit/601.1.46 (KHTML, like Gecko) Version/9.0 Mobile/13D15 Safari/601.1"
52.33.40.213 - - [20/Mar/2016:19:24:44 -0700] "GET /lib/reccapi.php?resort=jaypeak HTTP/1.1" 200 967 "-" "node-superagent/1.4.0"
170.75.162.130 - - [20/Mar/2016:19:24:59 -0700] "GET /lib/reccapi.php?resort=sunvalley HTTP/1.1" 200 977 "-" "node-superagent/1.4.0"
184.99.97.120 - - [20/Mar/2016:19:27:09 -0700] "GET /images/wsis-logo-sm.png HTTP/1.1" 200 6108 "http://www.thebackcountry.net/" "Mozilla/5.0 (iPhone; CPU iPhone OS 9_2_1 like Mac OS X) AppleWebKit/601.1.46 (KHTML, like Gecko) Version/9.0 Mobile/13D15 Safari/601.1"
170.75.162.130 - - [20/Mar/2016:19:27:19 -0700] "GET /lib/reccapi.php?resort=snowbasin HTTP/1.1" 200 963 "-" "node-superagent/1.4.0"
98.238.230.112 - - [20/Mar/2016:19:27:54 -0700] "GET /images/wsis-logo-sm.png HTTP/1.1" 200 6108 "http://www.thebackcountry.net/" "Mozilla/5.0 (Macintosh; Intel Mac OS X 10_10_5) AppleWebKit/601.4.4 (KHTML, like Gecko) Version/9.0.3 Safari/601.4.4"
180.76.15.143 - - [20/Mar/2016:19:28:48 -0700] "GET / HTTP/1.1" 200 6995 "-" "Mozilla/5.0 (compatible; Baiduspider/2.0; +http://www.baidu.com/search/spider.html)"
180.76.15.149 - - [20/Mar/2016:19:29:37 -0700] "GET / HTTP/1.1" 200 6995 "-" "Mozilla/5.0 (compatible; Baiduspider/2.0; +http://www.baidu.com/search/spider.html)"
52.33.40.213 - - [20/Mar/2016:19:32:14 -0700] "GET /lib/reccapi.php?resort=parkcity HTTP/1.1" 200 996 "-" "node-superagent/1.4.0"
52.33.40.213 - - [20/Mar/2016:19:32:34 -0700] "GET /lib/reccapi.php?resort=cannonmountain HTTP/1.1" 200 964 "-" "node-superagent/1.4.0"
170.75.162.130 - - [20/Mar/2016:19:33:40 -0700] "GET /lib/reccapi.php?resort=whitefacemountain HTTP/1.1" 200 992 "-" "node-superagent/1.4.0"
52.33.40.213 - - [20/Mar/2016:19:34:14 -0700] "GET /lib/reccapi.php?resort=squawvalleyusa HTTP/1.1" 200 1023 "-" "node-superagent/1.4.0"
170.75.162.130 - - [20/Mar/2016:19:40:20 -0700] "GET /lib/reccapi.php?resort=brianhead HTTP/1.1" 200 967 "-" "node-superagent/1.4.0"
170.75.162.130 - - [20/Mar/2016:19:40:20 -0700] "GET /lib/reccapi.php?resort=alta HTTP/1.1" 200 956 "-" "node-superagent/1.4.0"
170.75.162.130 - - [20/Mar/2016:19:40:20 -0700] "GET /lib/reccapi.php?resort=brighton HTTP/1.1" 200 966 "-" "node-superagent/1.4.0"
170.75.162.130 - - [20/Mar/2016:19:40:20 -0700] "GET /lib/reccapi.php?resort=deervalley HTTP/1.1" 200 983 "-" "node-superagent/1.4.0"
170.75.162.130 - - [20/Mar/2016:19:40:21 -0700] "GET /lib/reccapi.php?resort=parkcity HTTP/1.1" 200 996 "-" "node-superagent/1.4.0"
170.75.162.130 - - [20/Mar/2016:19:40:21 -0700] "GET /lib/reccapi.php?resort=snowbird HTTP/1.1" 200 964 "-" "node-superagent/1.4.0"
170.75.162.130 - - [20/Mar/2016:19:40:21 -0700] "GET /lib/reccapi.php?resort=solitude HTTP/1.1" 200 959 "-" "node-superagent/1.4.0"
216.93.231.206 - - [20/Mar/2016:19:43:24 -0700] "GET /images/wsis-logo-sm.png HTTP/1.1" 200 6108 "http://thebackcountry.net/" "Mozilla/5.0 (Linux; Android 5.0; SM-G900V Build/LRX21T) AppleWebKit/537.36 (KHTML, like Gecko) Chrome/49.0.2623.91 Mobile Safari/537.36"
216.93.231.206 - - [20/Mar/2016:19:45:46 -0700] "-" 408 0 "-" "-"
216.93.231.206 - - [20/Mar/2016:19:45:46 -0700] "-" 408 0 "-" "-"
216.93.231.206 - - [20/Mar/2016:19:45:46 -0700] "-" 408 0 "-" "-"
52.33.40.213 - - [20/Mar/2016:19:48:45 -0700] "GET /lib/reccapi.php?resort=telluride HTTP/1.1" 200 980 "-" "node-superagent/1.4.0"
52.33.40.213 - - [20/Mar/2016:19:48:55 -0700] "GET /lib/reccapi.php?resort=solitude HTTP/1.1" 200 959 "-" "node-superagent/1.4.0"
66.249.79.241 - - [20/Mar/2016:19:53:55 -0700] "GET /lib/reccapi.php?resort=alyeska&date=2016-02-13 HTTP/1.1" 200 1040 "http://whereshouldiski.com/" "Mozilla/5.0 (compatible; Googlebot/2.1; +http://www.google.com/bot.html)"
66.249.79.248 - - [20/Mar/2016:19:53:56 -0700] "GET /lib/reccapi.php?fields=t&date=2016-02-13&coords=60.94%2C-148.95&size=7&sort=distance HTTP/1.1" 200 1343 "http://whereshouldiski.com/" "Mozilla/5.0 (compatible; Googlebot/2.1; +http://www.google.com/bot.html)"
66.249.79.135 - - [20/Mar/2016:19:53:56 -0700] "GET /lib/resortDataSearchD3.php?size=7&sortDate=T&resort=alyeska&dateStart=2016-02-11 HTTP/1.1" 200 880 "http://whereshouldiski.com/" "Mozilla/5.0 (compatible; Googlebot/2.1; +http://www.google.com/bot.html)"
52.33.40.213 - - [20/Mar/2016:20:03:05 -0700] "GET /lib/reccapi.php?resort=brighton HTTP/1.1" 200 966 "-" "node-superagent/1.4.0"
170.75.162.130 - - [20/Mar/2016:20:03:23 -0700] "GET /lib/reccapi.php?resort=sugarbowl HTTP/1.1" 200 996 "-" "node-superagent/1.4.0"
52.33.40.213 - - [20/Mar/2016:20:05:05 -0700] "GET /lib/reccapi.php?resort=steamboat HTTP/1.1" 200 990 "-" "node-superagent/1.4.0"
170.75.162.130 - - [20/Mar/2016:20:07:23 -0700] "GET /lib/reccapi.php?resort=mtrose HTTP/1.1" 200 1033 "-" "node-superagent/1.4.0"
24.32.28.251 - - [20/Mar/2016:20:16:06 -0700] "GET /images/wsis-logo-sm.png HTTP/1.1" 200 6108 "http://www.thebackcountry.net/" "Mozilla/5.0 (iPad; CPU OS 9_1 like Mac OS X) AppleWebKit/601.1 (KHTML, like Gecko) CriOS/47.0.2526.70 Mobile/13B143 Safari/601.1.46"
5.39.222.159 - - [20/Mar/2016:20:18:44 -0700] "GET /rom-0 HTTP/1.1" 404 470 "-" "Mozilla/5.0 zgrab/0.x"
157.55.39.18 - - [20/Mar/2016:20:18:54 -0700] "GET /robots.txt HTTP/1.1" 200 375 "-" "Mozilla/5.0 (compatible; bingbot/2.0; +http://www.bing.com/bingbot.htm)"
104.53.89.104 - - [20/Mar/2016:20:20:09 -0700] "GET /images/wsis-logo-sm.png HTTP/1.1" 200 6108 "http://www.thebackcountry.net/" "Mozilla/5.0 (Windows NT 10.0; WOW64) AppleWebKit/537.36 (KHTML, like Gecko) Chrome/49.0.2623.87 Safari/537.36"
170.75.162.130 - - [20/Mar/2016:20:24:25 -0700] "GET /lib/reccapi.php?resort=diamondpeak HTTP/1.1" 200 1017 "-" "node-superagent/1.4.0"
222.186.30.71 - - [20/Mar/2016:20:25:06 -0700] "POST / HTTP/1.1" 200 7057 "-" "Mozilla/5.0"
180.76.15.160 - - [20/Mar/2016:20:33:27 -0700] "GET / HTTP/1.1" 200 6995 "-" "Mozilla/5.0 (compatible; Baiduspider/2.0; +http://www.baidu.com/search/spider.html)"
180.76.15.143 - - [20/Mar/2016:20:34:25 -0700] "GET / HTTP/1.1" 200 6995 "-" "Mozilla/5.0 (compatible; Baiduspider/2.0; +http://www.baidu.com/search/spider.html)"
76.103.26.163 - - [20/Mar/2016:20:43:18 -0700] "GET /images/wsis-logo-sm.png HTTP/1.1" 200 6108 "http://www.thebackcountry.net/" "Mozilla/5.0 (Macintosh; Intel Mac OS X 10_11_3) AppleWebKit/537.36 (KHTML, like Gecko) Chrome/48.0.2564.103 Safari/537.36"
76.103.26.163 - - [20/Mar/2016:20:43:40 -0700] "-" 408 0 "-" "-"
24.7.88.165 - - [20/Mar/2016:20:50:31 -0700] "GET /images/wsis-logo-sm.png HTTP/1.1" 200 6108 "http://www.thebackcountry.net/" "Mozilla/5.0 (iPhone; CPU iPhone OS 9_2_1 like Mac OS X) AppleWebKit/601.1.46 (KHTML, like Gecko) Version/9.0 Mobile/13D20 Safari/601.1"
24.5.100.62 - - [20/Mar/2016:20:50:36 -0700] "GET /images/wsis-logo-sm.png HTTP/1.1" 200 6108 "http://www.thebackcountry.net/" "Mozilla/5.0 (iPad; CPU OS 9_2_1 like Mac OS X) AppleWebKit/601.1.46 (KHTML, like Gecko) Version/9.0 Mobile/13D15 Safari/601.1"
170.75.162.130 - - [20/Mar/2016:20:51:38 -0700] "GET /lib/reccapi.php?resort=sugarloaf HTTP/1.1" 200 948 "-" "node-superagent/1.4.0"
98.210.218.56 - - [20/Mar/2016:20:51:51 -0700] "GET /images/wsis-logo-sm.png HTTP/1.1" 200 6108 "http://www.thebackcountry.net/" "Mozilla/5.0 (Macintosh; Intel Mac OS X 10_11_3) AppleWebKit/537.36 (KHTML, like Gecko) Chrome/50.0.2661.37 Safari/537.36"
192.241.194.48 - - [20/Mar/2016:20:53:26 -0700] "GET / HTTP/1.0" 200 6995 "-" "-"
192.241.194.48 - - [20/Mar/2016:20:53:27 -0700] "GET / HTTP/1.1" 200 2578 "-" "Mozilla/5.0 (Windows NT 6.3; WOW64) AppleWebKit/537.36 (KHTML, like Gecko) Chrome/47.0.2526.111 Safari/537.36"
192.241.194.48 - - [20/Mar/2016:20:53:28 -0700] "GET /CHANGELOG.txt HTTP/1.1" 404 470 "-" "Mozilla/5.0 (Windows NT 6.3; WOW64) AppleWebKit/537.36 (KHTML, like Gecko) Chrome/47.0.2526.111 Safari/537.36"
192.241.194.48 - - [20/Mar/2016:20:53:28 -0700] "GET / HTTP/1.1" 200 2578 "-" "Mozilla/5.0 (Macintosh; Intel Mac OS X 10_11_2) AppleWebKit/537.36 (KHTML, like Gecko) Chrome/48.0.2564.97 Safari/537.36"
192.241.194.48 - - [20/Mar/2016:20:53:29 -0700] "GET /readme.html HTTP/1.1" 404 466 "-" "Mozilla/5.0 (Macintosh; Intel Mac OS X 10_11_2) AppleWebKit/537.36 (KHTML, like Gecko) Chrome/48.0.2564.97 Safari/537.36"
178.137.87.242 - - [20/Mar/2016:20:56:02 -0700] "GET /robots.txt HTTP/1.1" 200 375 "-" "Mozilla/5.0 (Windows 10; WOW64; rv:41.0) Gecko/20100101 Firefox/41.0"
178.137.87.242 - - [20/Mar/2016:20:56:03 -0700] "GET / HTTP/1.1" 200 7031 "-" "Mozilla/5.0 (Windows 10; WOW64; rv:41.0) Gecko/20100101 Firefox/41.0"
178.137.87.242 - - [20/Mar/2016:20:56:03 -0700] "GET /xmlrpc.php?rsd HTTP/1.1" 404 531 "-" "Mozilla/5.0 (Windows 10; WOW64; rv:41.0) Gecko/20100101 Firefox/41.0"
178.137.87.242 - - [20/Mar/2016:20:56:03 -0700] "GET /blog/robots.txt HTTP/1.1" 404 537 "-" "Mozilla/5.0 (Windows 10; WOW64; rv:41.0) Gecko/20100101 Firefox/41.0"
178.137.87.242 - - [20/Mar/2016:20:56:03 -0700] "GET /blog/ HTTP/1.1" 404 531 "-" "Mozilla/5.0 (Windows 10; WOW64; rv:41.0) Gecko/20100101 Firefox/41.0"
178.137.87.242 - - [20/Mar/2016:20:56:03 -0700] "GET /wordpress/ HTTP/1.1" 404 531 "-" "Mozilla/5.0 (Windows 10; WOW64; rv:41.0) Gecko/20100101 Firefox/41.0"
178.137.87.242 - - [20/Mar/2016:20:56:04 -0700] "GET /wp/ HTTP/1.1" 404 531 "-" "Mozilla/5.0 (Windows 10; WOW64; rv:41.0) Gecko/20100101 Firefox/41.0"
66.249.79.241 - - [20/Mar/2016:20:58:06 -0700] "GET /lib/reccapi.php?resort=kirkwood&date=2016-03-22 HTTP/1.1" 200 1101 "http://whereshouldiski.com/" "Mozilla/5.0 (compatible; Googlebot/2.1; +http://www.google.com/bot.html)"
66.249.79.135 - - [20/Mar/2016:20:58:07 -0700] "GET /lib/resortDataSearchD3.php?size=7&sortDate=T&resort=kirkwood&dateStart=2016-03-20 HTTP/1.1" 200 782 "http://whereshouldiski.com/" "Mozilla/5.0 (compatible; Googlebot/2.1; +http://www.google.com/bot.html)"
66.249.79.241 - - [20/Mar/2016:20:58:07 -0700] "GET /lib/reccapi.php?fields=t&date=2016-03-22&coords=38.68%2C-120&size=7&sort=distance HTTP/1.1" 200 1350 "http://whereshouldiski.com/" "Mozilla/5.0 (compatible; Googlebot/2.1; +http://www.google.com/bot.html)"
170.75.162.130 - - [20/Mar/2016:20:59:09 -0700] "GET /lib/reccapi.php?resort=sierra-at-tahoe HTTP/1.1" 200 1047 "-" "node-superagent/1.4.0"
134.249.53.235 - - [20/Mar/2016:20:59:40 -0700] "GET / HTTP/1.1" 200 6976 "http://groupmoney.ru/" "Mozilla/4.0 (compatible; MSIE 6.0; Update a; AOL 6.0; Windows 98)"
134.249.53.235 - - [20/Mar/2016:20:59:40 -0700] "GET / HTTP/1.1" 200 6976 "http://gogps.me/" "Mozilla/4.0 (compatible; MSIE 6.0; Windows NT 5.1; SV1; Crazy Browser 2.0.0 Beta 1; .NET CLR 1.0.3705; .NET CLR 1.1.4322)"
134.249.53.235 - - [20/Mar/2016:20:59:41 -0700] "GET / HTTP/1.1" 200 6976 "http://groupmoney.ru/" "Mozilla/4.0 (compatible; MSIE 6.0; Update a; AOL 6.0; Windows 98)"
134.249.53.235 - - [20/Mar/2016:20:59:41 -0700] "GET / HTTP/1.1" 200 6976 "http://gogps.me/" "Mozilla/4.0 (compatible; MSIE 6.0; Windows NT 5.1; SV1; Crazy Browser 2.0.0 Beta 1; .NET CLR 1.0.3705; .NET CLR 1.1.4322)"
134.249.53.235 - - [20/Mar/2016:20:59:42 -0700] "GET / HTTP/1.1" 200 6976 "http://groupmoney.ru/" "Mozilla/4.0 (compatible; MSIE 6.0; Update a; AOL 6.0; Windows 98)"
134.249.53.235 - - [20/Mar/2016:20:59:42 -0700] "GET / HTTP/1.1" 200 6976 "http://gogps.me/" "Mozilla/4.0 (compatible; MSIE 6.0; Windows NT 5.1; SV1; Crazy Browser 2.0.0 Beta 1; .NET CLR 1.0.3705; .NET CLR 1.1.4322)"
170.75.162.130 - - [20/Mar/2016:21:04:39 -0700] "GET /lib/reccapi.php?resort=whistlerblackcomb HTTP/1.1" 200 932 "-" "node-superagent/1.4.0"
71.93.79.78 - - [20/Mar/2016:21:07:05 -0700] "GET /images/wsis-logo-sm.png HTTP/1.1" 200 6108 "http://thebackcountry.net/" "Mozilla/5.0 (Macintosh; Intel Mac OS X 10.9; rv:44.0) Gecko/20100101 Firefox/44.0"
107.77.109.52 - - [20/Mar/2016:21:07:33 -0700] "GET /images/wsis-logo-sm.png HTTP/1.1" 200 6108 "http://www.thebackcountry.net/" "Mozilla/5.0 (iPhone; CPU iPhone OS 9_2_1 like Mac OS X) AppleWebKit/600.1.4 (KHTML, like Gecko) GSA/13.1.72140 Mobile/13D15 Safari/600.1.4"
170.75.162.130 - - [20/Mar/2016:21:14:30 -0700] "GET /lib/reccapi.php?resort=northstar-at-tahoe HTTP/1.1" 200 1008 "-" "node-superagent/1.4.0"
66.249.79.248 - - [20/Mar/2016:21:17:18 -0700] "GET /lib/reccapi.php?resort=sugarbowl&date=2016-03-17 HTTP/1.1" 200 989 "http://whereshouldiski.com/" "Mozilla/5.0 (compatible; Googlebot/2.1; +http://www.google.com/bot.html)"
66.249.79.241 - - [20/Mar/2016:21:17:19 -0700] "GET /lib/resortDataSearchD3.php?size=7&sortDate=T&resort=sugarbowl&dateStart=2016-03-15 HTTP/1.1" 200 872 "http://whereshouldiski.com/" "Mozilla/5.0 (compatible; Googlebot/2.1; +http://www.google.com/bot.html)"
66.249.79.135 - - [20/Mar/2016:21:17:19 -0700] "GET /lib/reccapi.php?fields=t&date=2016-03-17&coords=39.32%2C-120.31&size=7&sort=distance HTTP/1.1" 200 1367 "http://whereshouldiski.com/" "Mozilla/5.0 (compatible; Googlebot/2.1; +http://www.google.com/bot.html)"
170.75.162.130 - - [20/Mar/2016:21:18:30 -0700] "GET /lib/reccapi.php?resort=bigsky HTTP/1.1" 200 972 "-" "node-superagent/1.4.0"
170.75.162.130 - - [20/Mar/2016:21:18:30 -0700] "GET /lib/reccapi.php?resort=bigwhite HTTP/1.1" 200 914 "-" "node-superagent/1.4.0"
170.75.162.130 - - [20/Mar/2016:21:18:30 -0700] "GET /lib/reccapi.php?resort=alpinemeadows HTTP/1.1" 200 1047 "-" "node-superagent/1.4.0"
170.75.162.130 - - [20/Mar/2016:21:18:30 -0700] "GET /lib/reccapi.php?resort=alyeska HTTP/1.1" 200 1014 "-" "node-superagent/1.4.0"
170.75.162.130 - - [20/Mar/2016:21:18:30 -0700] "GET /lib/reccapi.php?resort=cannonmountain HTTP/1.1" 200 964 "-" "node-superagent/1.4.0"
170.75.162.130 - - [20/Mar/2016:21:18:30 -0700] "GET /lib/reccapi.php?resort=chinapeak HTTP/1.1" 200 979 "-" "node-superagent/1.4.0"
170.75.162.130 - - [20/Mar/2016:21:19:20 -0700] "GET /lib/reccapi.php?resort=grandtarghee HTTP/1.1" 200 994 "-" "node-superagent/1.4.0"
170.75.162.130 - - [20/Mar/2016:21:19:20 -0700] "GET /lib/reccapi.php?resort=mountbachelor HTTP/1.1" 200 1070 "-" "node-superagent/1.4.0"
170.75.162.130 - - [20/Mar/2016:21:19:20 -0700] "GET /lib/reccapi.php?resort=hoodoo HTTP/1.1" 200 1031 "-" "node-superagent/1.4.0"
170.75.162.130 - - [20/Mar/2016:21:19:20 -0700] "GET /lib/reccapi.php?resort=mammothmountain HTTP/1.1" 200 1006 "-" "node-superagent/1.4.0"
170.75.162.130 - - [20/Mar/2016:21:19:20 -0700] "GET /lib/reccapi.php?resort=schweitzer HTTP/1.1" 200 971 "-" "node-superagent/1.4.0"
170.75.162.130 - - [20/Mar/2016:21:19:20 -0700] "GET /lib/reccapi.php?resort=mountainhigh HTTP/1.1" 200 981 "-" "node-superagent/1.4.0"
170.75.162.130 - - [20/Mar/2016:21:19:30 -0700] "GET /lib/reccapi.php?resort=wildcatmountain HTTP/1.1" 200 961 "-" "node-superagent/1.4.0"
170.75.162.130 - - [20/Mar/2016:21:19:50 -0700] "GET /lib/reccapi.php?resort=jacksonhole HTTP/1.1" 200 989 "-" "node-superagent/1.4.0"
170.75.162.130 - - [20/Mar/2016:21:20:10 -0700] "GET /lib/reccapi.php?resort=redmountain HTTP/1.1" 200 904 "-" "node-superagent/1.4.0"
170.75.162.130 - - [20/Mar/2016:21:20:20 -0700] "GET /lib/reccapi.php?resort=silverstarmountain HTTP/1.1" 200 928 "-" "node-superagent/1.4.0"
170.75.162.130 - - [20/Mar/2016:21:20:40 -0700] "GET /lib/reccapi.php?resort=sunpeaksresort HTTP/1.1" 200 916 "-" "node-superagent/1.4.0"
170.75.162.130 - - [20/Mar/2016:21:21:00 -0700] "GET /lib/reccapi.php?resort=redlodge HTTP/1.1" 200 1008 "-" "node-superagent/1.4.0"
52.33.40.213 - - [20/Mar/2016:21:21:19 -0700] "GET /lib/reccapi.php?resort=arapahoebasin HTTP/1.1" 200 1018 "-" "node-superagent/1.4.0"
52.33.40.213 - - [20/Mar/2016:21:21:39 -0700] "GET /lib/reccapi.php?resort=coppermountain HTTP/1.1" 200 1011 "-" "node-superagent/1.4.0"
52.33.40.213 - - [20/Mar/2016:21:24:59 -0700] "GET /lib/reccapi.php?resort=alta HTTP/1.1" 200 956 "-" "node-superagent/1.4.0"
52.33.40.213 - - [20/Mar/2016:21:30:39 -0700] "GET /lib/reccapi.php?resort=aspenmountain HTTP/1.1" 200 991 "-" "node-superagent/1.4.0"
52.33.40.213 - - [20/Mar/2016:21:32:20 -0700] "GET /lib/reccapi.php?resort=brianhead HTTP/1.1" 200 967 "-" "node-superagent/1.4.0"
180.76.15.163 - - [20/Mar/2016:21:34:39 -0700] "GET / HTTP/1.1" 200 6995 "-" "Mozilla/5.0 (compatible; Baiduspider/2.0; +http://www.baidu.com/search/spider.html)"
180.76.15.13 - - [20/Mar/2016:21:35:40 -0700] "GET / HTTP/1.1" 200 6995 "-" "Mozilla/5.0 (compatible; Baiduspider/2.0; +http://www.baidu.com/search/spider.html)"
52.33.40.213 - - [20/Mar/2016:21:39:30 -0700] "GET /lib/reccapi.php?resort=sugarbowl HTTP/1.1" 200 996 "-" "node-superagent/1.4.0"
66.249.79.241 - - [20/Mar/2016:21:57:12 -0700] "GET / HTTP/1.1" 200 2615 "-" "Mozilla/5.0 (compatible; Googlebot/2.1; +http://www.google.com/bot.html)"
66.249.79.241 - - [20/Mar/2016:21:59:13 -0700] "GET /about HTTP/1.1" 404 506 "-" "Mozilla/5.0 (compatible; Googlebot/2.1; +http://www.google.com/bot.html)"
157.55.39.18 - - [20/Mar/2016:22:02:00 -0700] "GET / HTTP/1.1" 200 2615 "-" "Mozilla/5.0 (compatible; bingbot/2.0; +http://www.bing.com/bingbot.htm)"
95.211.206.202 - - [20/Mar/2016:22:02:16 -0700] "GET /rom-0 HTTP/1.1" 404 470 "-" "Mozilla/5.0 zgrab/0.x"
170.75.162.130 - - [20/Mar/2016:22:09:24 -0700] "GET /lib/reccapi.php?resort=madriverglen HTTP/1.1" 200 956 "-" "node-superagent/1.4.0"
52.33.40.213 - - [20/Mar/2016:22:15:42 -0700] "GET /lib/reccapi.php?resort=sunvalley HTTP/1.1" 200 977 "-" "node-superagent/1.4.0"
52.33.40.213 - - [20/Mar/2016:22:15:42 -0700] "GET /lib/reccapi.php?resort=jacksonhole HTTP/1.1" 200 989 "-" "node-superagent/1.4.0"
52.33.40.213 - - [20/Mar/2016:22:15:42 -0700] "GET /lib/reccapi.php?resort=taos HTTP/1.1" 200 929 "-" "node-superagent/1.4.0"
52.33.40.213 - - [20/Mar/2016:22:15:42 -0700] "GET /lib/reccapi.php?resort=grandtarghee HTTP/1.1" 200 994 "-" "node-superagent/1.4.0"
52.33.40.213 - - [20/Mar/2016:22:22:42 -0700] "GET /lib/reccapi.php?resort=keystone HTTP/1.1" 200 1008 "-" "node-superagent/1.4.0"
170.75.162.130 - - [20/Mar/2016:22:25:35 -0700] "GET /lib/reccapi.php?resort=heavenly HTTP/1.1" 200 1015 "-" "node-superagent/1.4.0"
180.76.15.157 - - [20/Mar/2016:22:28:48 -0700] "GET / HTTP/1.1" 200 6995 "-" "Mozilla/5.0 (compatible; Baiduspider/2.0; +http://www.baidu.com/search/spider.html)"
180.76.15.33 - - [20/Mar/2016:22:29:33 -0700] "GET / HTTP/1.1" 200 6995 "-" "Mozilla/5.0 (compatible; Baiduspider/2.0; +http://www.baidu.com/search/spider.html)"
52.33.40.213 - - [20/Mar/2016:22:31:52 -0700] "GET /lib/reccapi.php?resort=sundayriver HTTP/1.1" 200 948 "-" "node-superagent/1.4.0"
73.170.4.226 - - [20/Mar/2016:22:39:01 -0700] "GET /images/wsis-logo-sm.png HTTP/1.1" 200 6108 "http://thebackcountry.net/" "Mozilla/5.0 (iPhone; CPU iPhone OS 9_2_1 like Mac OS X) AppleWebKit/600.1.4 (KHTML, like Gecko) CriOS/45.0.2454.89 Mobile/13D15 Safari/600.1.4"
170.75.162.130 - - [20/Mar/2016:22:41:37 -0700] "GET /lib/reccapi.php?resort=jaypeak HTTP/1.1" 200 967 "-" "node-superagent/1.4.0"
170.75.162.130 - - [20/Mar/2016:22:41:37 -0700] "GET /lib/reccapi.php?resort=killington HTTP/1.1" 200 945 "-" "node-superagent/1.4.0"
170.75.162.130 - - [20/Mar/2016:22:41:37 -0700] "GET /lib/reccapi.php?resort=sugarbush HTTP/1.1" 200 956 "-" "node-superagent/1.4.0"
170.75.162.130 - - [20/Mar/2016:22:41:37 -0700] "GET /lib/reccapi.php?resort=smugglersnotch HTTP/1.1" 200 950 "-" "node-superagent/1.4.0"
180.76.15.163 - - [20/Mar/2016:22:47:18 -0700] "GET /styles/ee08faa9.main.css HTTP/1.1" 200 19410 "-" "Mozilla/5.0 (compatible; Baiduspider/2.0; +http://www.baidu.com/search/spider.html)"
151.55.65.135 - - [20/Mar/2016:22:49:07 -0700] "HEAD / HTTP/1.0" 200 347 "" "Opera/9.80 (Windows NT 5.1; U; en) Presto/2.2.15 Version/10.10"
151.55.65.135 - - [20/Mar/2016:22:49:07 -0700] "GET / HTTP/1.0" 200 7031 "" "Opera/9.80 (Windows NT 5.1; U; en) Presto/2.2.15 Version/10.10"
170.75.162.130 - - [20/Mar/2016:22:49:17 -0700] "GET /lib/reccapi.php?resort=telluride HTTP/1.1" 200 980 "-" "node-superagent/1.4.0"
170.75.162.130 - - [20/Mar/2016:22:49:18 -0700] "GET /lib/reccapi.php?resort=winterpark HTTP/1.1" 200 1002 "-" "node-superagent/1.4.0"
52.33.40.213 - - [20/Mar/2016:22:57:24 -0700] "GET /lib/reccapi.php?resort=kirkwood HTTP/1.1" 200 1079 "-" "node-superagent/1.4.0"
52.33.40.213 - - [20/Mar/2016:22:57:24 -0700] "GET /lib/reccapi.php?resort=heavenly HTTP/1.1" 200 1015 "-" "node-superagent/1.4.0"
76.14.75.254 - - [20/Mar/2016:23:28:44 -0700] "GET /images/wsis-logo-sm.png HTTP/1.1" 200 6108 "http://www.thebackcountry.net/" "Mozilla/5.0 (iPhone; CPU iPhone OS 9_2_1 like Mac OS X) AppleWebKit/601.1 (KHTML, like Gecko) CriOS/49.0.2623.73 Mobile/13D15 Safari/601.1.46"
52.33.40.213 - - [20/Mar/2016:23:28:45 -0700] "GET /lib/reccapi.php?resort=mammothmountain HTTP/1.1" 200 1006 "-" "node-superagent/1.4.0"
76.14.75.254 - - [20/Mar/2016:23:28:47 -0700] "GET /images/wsis-logo-sm.png HTTP/1.1" 304 186 "http://www.thebackcountry.net/" "Mozilla/5.0 (iPhone; CPU iPhone OS 9_2_1 like Mac OS X) AppleWebKit/601.1 (KHTML, like Gecko) CriOS/49.0.2623.73 Mobile/13D15 Safari/601.1.46"
170.75.162.130 - - [20/Mar/2016:23:29:21 -0700] "GET /lib/reccapi.php?resort=steamboat HTTP/1.1" 200 990 "-" "node-superagent/1.4.0"
180.76.15.25 - - [20/Mar/2016:23:33:36 -0700] "GET / HTTP/1.1" 200 6995 "-" "Mozilla/5.0 (compatible; Baiduspider/2.0; +http://www.baidu.com/search/spider.html)"
180.76.15.33 - - [20/Mar/2016:23:34:36 -0700] "GET / HTTP/1.1" 200 6995 "-" "Mozilla/5.0 (compatible; Baiduspider/2.0; +http://www.baidu.com/search/spider.html)"
66.249.74.58 - - [20/Mar/2016:23:35:22 -0700] "GET /robots.txt HTTP/1.1" 200 419 "-" "Mozilla/5.0 (compatible; Googlebot/2.1; +http://www.google.com/bot.html)"
66.249.74.58 - - [20/Mar/2016:23:35:22 -0700] "GET / HTTP/1.1" 200 2614 "-" "Mozilla/5.0 (compatible; Googlebot/2.1; +http://www.google.com/bot.html)"
180.76.15.13 - - [20/Mar/2016:23:42:30 -0700] "GET /resorts?resort=sugarbowl HTTP/1.1" 404 469 "-" "Mozilla/5.0 (compatible; Baiduspider/2.0; +http://www.baidu.com/search/spider.html)"
66.249.79.241 - - [20/Mar/2016:23:54:06 -0700] "GET /lib/reccapi.php?resort=cannonmountain&date=2016-03-17 HTTP/1.1" 200 1150 "http://whereshouldiski.com/" "Mozilla/5.0 (compatible; Googlebot/2.1; +http://www.google.com/bot.html)"
66.249.79.135 - - [20/Mar/2016:23:54:07 -0700] "GET /lib/resortDataSearchD3.php?size=7&sortDate=T&resort=cannonmountain&dateStart=2016-03-15 HTTP/1.1" 200 868 "http://whereshouldiski.com/" "Mozilla/5.0 (compatible; Googlebot/2.1; +http://www.google.com/bot.html)"
66.249.79.241 - - [20/Mar/2016:23:54:07 -0700] "GET /lib/reccapi.php?fields=t&date=2016-03-17&coords=44.163%2C-71.698&size=7&sort=distance HTTP/1.1" 200 1342 "http://whereshouldiski.com/" "Mozilla/5.0 (compatible; Googlebot/2.1; +http://www.google.com/bot.html)"
180.76.15.154 - - [20/Mar/2016:23:54:17 -0700] "GET / HTTP/1.1" 200 2578 "-" "Mozilla/5.0 (compatible; Baiduspider/2.0; +http://www.baidu.com/search/spider.html)"
66.249.79.241 - - [21/Mar/2016:00:08:40 -0700] "GET /lib/reccapi.php?resort=coppermountain&date=2016-03-17 HTTP/1.1" 200 1087 "http://whereshouldiski.com/" "Mozilla/5.0 (compatible; Googlebot/2.1; +http://www.google.com/bot.html)"
66.249.79.248 - - [21/Mar/2016:00:08:41 -0700] "GET /lib/reccapi.php?fields=t&date=2016-03-17&coords=39.48%2C-106.17&size=7&sort=distance HTTP/1.1" 200 1387 "http://whereshouldiski.com/" "Mozilla/5.0 (compatible; Googlebot/2.1; +http://www.google.com/bot.html)"
66.249.79.241 - - [21/Mar/2016:00:08:42 -0700] "GET /lib/resortDataSearchD3.php?size=7&sortDate=T&resort=coppermountain&dateStart=2016-03-15 HTTP/1.1" 200 875 "http://whereshouldiski.com/" "Mozilla/5.0 (compatible; Googlebot/2.1; +http://www.google.com/bot.html)"
52.33.40.213 - - [21/Mar/2016:00:12:37 -0700] "GET /lib/reccapi.php?resort=northstar-at-tahoe HTTP/1.1" 200 1057 "-" "node-superagent/1.4.0"
52.33.40.213 - - [21/Mar/2016:00:23:07 -0700] "GET /lib/reccapi.php?resort=aspenheights HTTP/1.1" 200 995 "-" "node-superagent/1.4.0"
66.249.79.135 - - [21/Mar/2016:00:25:14 -0700] "GET /lib/reccapi.php?resort=sugarloaf&date=2015-12-30 HTTP/1.1" 200 703 "http://whereshouldiski.com/" "Mozilla/5.0 (compatible; Googlebot/2.1; +http://www.google.com/bot.html)"
52.33.40.213 - - [21/Mar/2016:00:25:48 -0700] "GET /lib/reccapi.php?resort=stowe HTTP/1.1" 200 982 "-" "node-superagent/1.4.0"
52.33.40.213 - - [21/Mar/2016:00:25:58 -0700] "GET /lib/reccapi.php?resort=sugarbush HTTP/1.1" 200 994 "-" "node-superagent/1.4.0"
52.33.40.213 - - [21/Mar/2016:00:25:58 -0700] "GET /lib/reccapi.php?resort=whistlerblackcomb HTTP/1.1" 200 936 "-" "node-superagent/1.4.0"
52.33.40.213 - - [21/Mar/2016:00:25:58 -0700] "GET /lib/reccapi.php?resort=winterpark HTTP/1.1" 200 996 "-" "node-superagent/1.4.0"
52.33.40.213 - - [21/Mar/2016:00:25:58 -0700] "GET /lib/reccapi.php?resort=sugarloaf HTTP/1.1" 200 987 "-" "node-superagent/1.4.0"
52.33.40.213 - - [21/Mar/2016:00:25:58 -0700] "GET /lib/reccapi.php?resort=madriverglen HTTP/1.1" 200 994 "-" "node-superagent/1.4.0"
180.76.15.156 - - [21/Mar/2016:00:30:18 -0700] "GET / HTTP/1.1" 200 6995 "-" "Mozilla/5.0 (compatible; Baiduspider/2.0; +http://www.baidu.com/search/spider.html)"
180.76.15.160 - - [21/Mar/2016:00:31:11 -0700] "GET / HTTP/1.1" 200 6995 "-" "Mozilla/5.0 (compatible; Baiduspider/2.0; +http://www.baidu.com/search/spider.html)"
170.75.162.130 - - [21/Mar/2016:00:33:08 -0700] "GET /lib/reccapi.php?resort=stevenspass HTTP/1.1" 200 1062 "-" "node-superagent/1.4.0"
52.33.40.213 - - [21/Mar/2016:00:38:38 -0700] "GET /lib/reccapi.php?resort=hoodoo HTTP/1.1" 200 1027 "-" "node-superagent/1.4.0"
180.76.15.29 - - [21/Mar/2016:00:49:29 -0700] "GET /#search/state=NY HTTP/1.1" 200 2578 "-" "Mozilla/5.0 (compatible; Baiduspider/2.0; +http://www.baidu.com/search/spider.html)"
52.33.40.213 - - [21/Mar/2016:00:51:29 -0700] "GET /lib/reccapi.php?resort=monarch HTTP/1.1" 200 976 "-" "node-superagent/1.4.0"
52.33.40.213 - - [21/Mar/2016:00:51:49 -0700] "GET /lib/reccapi.php?resort=49degreesnorth HTTP/1.1" 200 1102 "-" "node-superagent/1.4.0"
52.33.40.213 - - [21/Mar/2016:00:55:29 -0700] "GET /lib/reccapi.php?resort=bigwhite HTTP/1.1" 200 921 "-" "node-superagent/1.4.0"
170.75.162.130 - - [21/Mar/2016:00:56:20 -0700] "GET /lib/reccapi.php?resort=aspenheights HTTP/1.1" 200 995 "-" "node-superagent/1.4.0"
170.75.162.130 - - [21/Mar/2016:00:56:20 -0700] "GET /lib/reccapi.php?resort=aspenmountain HTTP/1.1" 200 982 "-" "node-superagent/1.4.0"
170.75.162.130 - - [21/Mar/2016:00:56:20 -0700] "GET /lib/reccapi.php?resort=buttermilk HTTP/1.1" 200 971 "-" "node-superagent/1.4.0"
170.75.162.130 - - [21/Mar/2016:00:56:21 -0700] "GET /lib/reccapi.php?resort=snowmass HTTP/1.1" 200 967 "-" "node-superagent/1.4.0"
52.33.40.213 - - [21/Mar/2016:00:56:39 -0700] "GET /lib/reccapi.php?resort=diamondpeak HTTP/1.1" 200 1053 "-" "node-superagent/1.4.0"
52.33.40.213 - - [21/Mar/2016:00:56:39 -0700] "GET /lib/reccapi.php?resort=crestedbutte HTTP/1.1" 200 986 "-" "node-superagent/1.4.0"
52.33.40.213 - - [21/Mar/2016:00:56:49 -0700] "GET /lib/reccapi.php?resort=devilshead HTTP/1.1" 200 969 "-" "node-superagent/1.4.0"
157.55.39.89 - - [21/Mar/2016:00:56:53 -0700] "GET / HTTP/1.1" 200 2615 "-" "Mozilla/5.0 (compatible; bingbot/2.0; +http://www.bing.com/bingbot.htm)"
141.8.143.217 - - [21/Mar/2016:00:57:01 -0700] "GET /robots.txt HTTP/1.1" 200 375 "-" "Mozilla/5.0 (compatible; YandexBot/3.0; +http://yandex.com/bots)"
199.21.99.203 - - [21/Mar/2016:00:57:01 -0700] "GET /robots.txt HTTP/1.1" 200 375 "-" "Mozilla/5.0 (compatible; YandexBot/3.0; +http://yandex.com/bots)"
141.8.143.217 - - [21/Mar/2016:00:57:01 -0700] "GET /robots.txt HTTP/1.1" 200 374 "-" "Mozilla/5.0 (compatible; YandexBot/3.0; +http://yandex.com/bots)"
141.8.143.217 - - [21/Mar/2016:00:57:04 -0700] "GET / HTTP/1.1" 200 2614 "-" "Mozilla/5.0 (compatible; YandexBot/3.0; +http://yandex.com/bots)"
141.8.143.217 - - [21/Mar/2016:00:57:05 -0700] "GET / HTTP/1.1" 200 2614 "-" "Mozilla/5.0 (compatible; YandexBot/3.0; +http://yandex.com/bots)"
199.21.99.203 - - [21/Mar/2016:00:57:05 -0700] "GET / HTTP/1.1" 200 2614 "-" "Mozilla/5.0 (compatible; YandexBot/3.0; +http://yandex.com/bots)"
141.8.143.217 - - [21/Mar/2016:00:57:08 -0700] "GET / HTTP/1.1" 200 2614 "-" "Mozilla/5.0 (compatible; YandexBot/3.0; +http://yandex.com/bots)"
199.21.99.203 - - [21/Mar/2016:00:57:08 -0700] "GET / HTTP/1.1" 200 2614 "-" "Mozilla/5.0 (compatible; YandexBot/3.0; +http://yandex.com/bots)"
141.8.143.217 - - [21/Mar/2016:00:57:09 -0700] "GET / HTTP/1.1" 200 2614 "-" "Mozilla/5.0 (compatible; YandexBot/3.0; +http://yandex.com/bots)"
52.33.40.213 - - [21/Mar/2016:00:58:09 -0700] "GET /lib/reccapi.php?resort=sunpeaksresort HTTP/1.1" 200 919 "-" "node-superagent/1.4.0"
52.33.40.213 - - [21/Mar/2016:00:58:19 -0700] "GET /lib/reccapi.php?resort=mountainhigh HTTP/1.1" 200 1003 "-" "node-superagent/1.4.0"
52.33.40.213 - - [21/Mar/2016:00:58:19 -0700] "GET /lib/reccapi.php?resort=redmountain HTTP/1.1" 200 910 "-" "node-superagent/1.4.0"
52.33.40.213 - - [21/Mar/2016:00:58:19 -0700] "GET /lib/reccapi.php?resort=loveland HTTP/1.1" 200 985 "-" "node-superagent/1.4.0"
52.33.40.213 - - [21/Mar/2016:00:59:09 -0700] "GET /lib/reccapi.php?resort=wildcatmountain HTTP/1.1" 200 1002 "-" "node-superagent/1.4.0"
52.33.40.213 - - [21/Mar/2016:00:59:39 -0700] "GET /lib/reccapi.php?resort=snowbasin HTTP/1.1" 200 1015 "-" "node-superagent/1.4.0"
