76.14.130.108 - - [04/Jan/2016:20:34:05 -0800] "GET /images/wsis-logo-sm.png HTTP/1.1" 200 6108 "http://www.thebackcountry.net/" "Mozilla/5.0 (Macintosh; Intel Mac OS X 10_10_5) AppleWebKit/537.36 (KHTML, like Gecko) Chrome/47.0.2526.106 Safari/537.36"
180.76.15.7 - - [04/Jan/2016:20:35:45 -0800] "GET / HTTP/1.1" 200 6995 "-" "Mozilla/5.0 (compatible; Baiduspider/2.0; +http://www.baidu.com/search/spider.html)"
180.76.15.153 - - [04/Jan/2016:20:36:43 -0800] "GET / HTTP/1.1" 200 6995 "-" "Mozilla/5.0 (compatible; Baiduspider/2.0; +http://www.baidu.com/search/spider.html)"
50.53.25.140 - - [04/Jan/2016:20:37:11 -0800] "GET /images/wsis-logo-sm.png HTTP/1.1" 200 6108 "http://www.thebackcountry.net/" "Mozilla/5.0 (Windows NT 10.0; WOW64) AppleWebKit/537.36 (KHTML, like Gecko) Chrome/47.0.2526.106 Safari/537.36"
37.187.56.76 - - [04/Jan/2016:20:40:41 -0800] "GET /robots.txt HTTP/1.0" 200 338 "-" ""
37.187.56.76 - - [04/Jan/2016:20:40:42 -0800] "GET / HTTP/1.1" 206 7023 "-" "Mozilla/5.0 (X11; Linux i686; rv:21.0) Gecko/20100101 Firefox/21.0"
37.187.56.76 - - [04/Jan/2016:20:40:44 -0800] "GET /about HTTP/1.1" 404 476 "-" "Mozilla/5.0 (X11; Linux i686; rv:21.0) Gecko/20100101 Firefox/21.0"
170.75.162.130 - - [04/Jan/2016:20:50:49 -0800] "GET /lib/reccapi.php?resort=sierra-at-tahoe HTTP/1.1" 200 1055 "-" "node-superagent/1.4.0"
170.75.162.130 - - [04/Jan/2016:20:54:19 -0800] "GET /lib/reccapi.php?resort=alyeska HTTP/1.1" 200 1014 "-" "node-superagent/1.4.0"
170.75.162.130 - - [04/Jan/2016:20:54:39 -0800] "GET /lib/reccapi.php?resort=bigsky HTTP/1.1" 200 981 "-" "node-superagent/1.4.0"
170.75.162.130 - - [04/Jan/2016:20:54:39 -0800] "GET /lib/reccapi.php?resort=bigwhite HTTP/1.1" 200 916 "-" "node-superagent/1.4.0"
170.75.162.130 - - [04/Jan/2016:20:55:29 -0800] "GET /lib/reccapi.php?resort=chinapeak HTTP/1.1" 200 1036 "-" "node-superagent/1.4.0"
170.75.162.130 - - [04/Jan/2016:20:55:39 -0800] "GET /lib/reccapi.php?resort=devilshead HTTP/1.1" 200 960 "-" "node-superagent/1.4.0"
170.75.162.130 - - [04/Jan/2016:20:55:39 -0800] "GET /lib/reccapi.php?resort=deervalley HTTP/1.1" 200 1041 "-" "node-superagent/1.4.0"
170.75.162.130 - - [04/Jan/2016:20:55:49 -0800] "GET /lib/reccapi.php?resort=grandtarghee HTTP/1.1" 200 1015 "-" "node-superagent/1.4.0"
170.75.162.130 - - [04/Jan/2016:20:56:09 -0800] "GET /lib/reccapi.php?resort=jacksonhole HTTP/1.1" 200 1007 "-" "node-superagent/1.4.0"
170.75.162.130 - - [04/Jan/2016:20:57:29 -0800] "GET /lib/reccapi.php?resort=mountainhigh HTTP/1.1" 200 1051 "-" "node-superagent/1.4.0"
170.75.162.130 - - [04/Jan/2016:20:57:50 -0800] "GET /lib/reccapi.php?resort=redlodge HTTP/1.1" 200 1008 "-" "node-superagent/1.4.0"
170.75.162.130 - - [04/Jan/2016:20:58:00 -0800] "GET /lib/reccapi.php?resort=redmountain HTTP/1.1" 200 907 "-" "node-superagent/1.4.0"
170.75.162.130 - - [04/Jan/2016:20:58:00 -0800] "GET /lib/reccapi.php?resort=schweitzer HTTP/1.1" 200 971 "-" "node-superagent/1.4.0"
170.75.162.130 - - [04/Jan/2016:20:58:30 -0800] "GET /lib/reccapi.php?resort=sunpeaksresort HTTP/1.1" 200 918 "-" "node-superagent/1.4.0"
170.75.162.130 - - [04/Jan/2016:20:58:40 -0800] "GET /lib/reccapi.php?resort=snowbasin HTTP/1.1" 200 954 "-" "node-superagent/1.4.0"
170.75.162.130 - - [04/Jan/2016:20:59:00 -0800] "GET /lib/reccapi.php?resort=solitude HTTP/1.1" 200 973 "-" "node-superagent/1.4.0"
170.75.162.130 - - [04/Jan/2016:20:59:10 -0800] "GET /lib/reccapi.php?resort=stevenspass HTTP/1.1" 200 1014 "-" "node-superagent/1.4.0"
66.249.79.220 - - [04/Jan/2016:20:59:15 -0800] "GET /robots.txt HTTP/1.1" 200 419 "-" "Mozilla/5.0 (compatible; Googlebot/2.1; +http://www.google.com/bot.html)"
66.249.79.227 - - [04/Jan/2016:20:59:15 -0800] "GET /lib/reccapi.php?fields=t&region=Midwest HTTP/1.1" 200 1325 "http://whereshouldiski.com/" "Mozilla/5.0 (compatible; Googlebot/2.1; +http://www.google.com/bot.html)"
170.75.162.130 - - [04/Jan/2016:20:59:20 -0800] "GET /lib/reccapi.php?resort=sugarloaf HTTP/1.1" 200 976 "-" "node-superagent/1.4.0"
170.75.162.130 - - [04/Jan/2016:20:59:30 -0800] "GET /lib/reccapi.php?resort=sundayriver HTTP/1.1" 200 980 "-" "node-superagent/1.4.0"
24.6.185.103 - - [04/Jan/2016:21:00:30 -0800] "GET /images/wsis-logo-sm.png HTTP/1.1" 200 6108 "http://www.thebackcountry.net/" "Mozilla/5.0 (Windows NT 6.1; WOW64) AppleWebKit/537.36 (KHTML, like Gecko) Chrome/47.0.2526.106 Safari/537.36"
71.94.26.178 - - [04/Jan/2016:21:01:32 -0800] "GET /images/wsis-logo-sm.png HTTP/1.1" 200 6108 "http://www.thebackcountry.net/" "Mozilla/5.0 (Macintosh; Intel Mac OS X 10_10_5) AppleWebKit/601.3.9 (KHTML, like Gecko) Version/9.0.2 Safari/601.3.9"
24.143.243.221 - - [04/Jan/2016:21:05:56 -0800] "GET /images/wsis-logo-sm.png HTTP/1.1" 200 6108 "http://www.thebackcountry.net/" "Mozilla/5.0 (Macintosh; Intel Mac OS X 10_10_5) AppleWebKit/600.8.9 (KHTML, like Gecko) Version/8.0.8 Safari/600.8.9"
107.17.169.56 - - [04/Jan/2016:21:06:34 -0800] "GET /images/wsis-logo-sm.png HTTP/1.1" 200 6108 "http://www.thebackcountry.net/" "Mozilla/5.0 (Windows NT 6.3; rv:43.0) Gecko/20100101 Firefox/43.0"
170.75.162.130 - - [04/Jan/2016:21:10:52 -0800] "GET /lib/reccapi.php?resort=jaypeak HTTP/1.1" 200 1001 "-" "node-superagent/1.4.0"
98.255.222.201 - - [04/Jan/2016:21:12:42 -0800] "GET /images/wsis-logo-sm.png HTTP/1.1" 200 6108 "http://www.thebackcountry.net/" "Mozilla/5.0 (Windows NT 6.3; WOW64) AppleWebKit/537.36 (KHTML, like Gecko) Chrome/47.0.2526.106 Safari/537.36"
66.249.79.234 - - [04/Jan/2016:21:15:39 -0800] "GET /lib/reccapi.php?fields=t&region=PacificNW HTTP/1.1" 200 1536 "http://whereshouldiski.com/" "Mozilla/5.0 (compatible; Googlebot/2.1; +http://www.google.com/bot.html)"
66.249.79.234 - - [04/Jan/2016:21:19:13 -0800] "GET /lib/reccapi.php?resort=mountbaker&date=2015-12-23 HTTP/1.1" 200 1067 "http://whereshouldiski.com/" "Mozilla/5.0 (compatible; Googlebot/2.1; +http://www.google.com/bot.html)"
66.249.79.220 - - [04/Jan/2016:21:19:14 -0800] "GET /lib/reccapi.php?fields=t&date=2015-12-23&coords=48.86%2C-121.68&size=7&sort=distance HTTP/1.1" 200 1431 "http://whereshouldiski.com/" "Mozilla/5.0 (compatible; Googlebot/2.1; +http://www.google.com/bot.html)"
66.249.79.220 - - [04/Jan/2016:21:19:15 -0800] "GET /lib/resortDataSearchD3.php?size=7&sortDate=T&resort=mountbaker&dateStart=2015-12-21 HTTP/1.1" 200 872 "http://whereshouldiski.com/" "Mozilla/5.0 (compatible; Googlebot/2.1; +http://www.google.com/bot.html)"
170.75.162.130 - - [04/Jan/2016:21:19:53 -0800] "GET /lib/reccapi.php?resort=alpinemeadows HTTP/1.1" 200 1042 "-" "node-superagent/1.4.0"
170.75.162.130 - - [04/Jan/2016:21:19:53 -0800] "GET /lib/reccapi.php?resort=homewoodmountain HTTP/1.1" 200 1065 "-" "node-superagent/1.4.0"
170.75.162.130 - - [04/Jan/2016:21:19:53 -0800] "GET /lib/reccapi.php?resort=mammothmountain HTTP/1.1" 200 1069 "-" "node-superagent/1.4.0"
170.75.162.130 - - [04/Jan/2016:21:20:33 -0800] "GET /lib/reccapi.php?resort=northstar-at-tahoe HTTP/1.1" 200 1029 "-" "node-superagent/1.4.0"
23.115.45.102 - - [04/Jan/2016:21:20:48 -0800] "GET /images/wsis-logo-sm.png HTTP/1.1" 200 6108 "http://www.thebackcountry.net/" "Mozilla/5.0 (Linux; U; Android 4.0.3; en-us; Transformer TF101 Build/IML74K) AppleWebKit/534.30 (KHTML, like Gecko) Version/4.0 Safari/534.30"
219.64.185.39 - - [04/Jan/2016:21:28:55 -0800] "GET /images/wsis-logo-sm.png HTTP/1.1" 200 6108 "http://thebackcountry.net/" "Mozilla/5.0 (Macintosh; Intel Mac OS X 10_11_2) AppleWebKit/537.36 (KHTML, like Gecko) Chrome/47.0.2526.80 Safari/537.36"
66.249.79.234 - - [04/Jan/2016:21:30:32 -0800] "GET /lib/reccapi.php?resort=whistlerblackcomb&date=2016-01-03 HTTP/1.1" 200 962 "http://whereshouldiski.com/" "Mozilla/5.0 (compatible; Googlebot/2.1; +http://www.google.com/bot.html)"
66.249.79.220 - - [04/Jan/2016:21:30:34 -0800] "GET /lib/resortDataSearchD3.php?size=7&sortDate=T&resort=whistlerblackcomb&dateStart=2016-01-01 HTTP/1.1" 200 845 "http://whereshouldiski.com/" "Mozilla/5.0 (compatible; Googlebot/2.1; +http://www.google.com/bot.html)"
66.249.79.220 - - [04/Jan/2016:21:30:35 -0800] "GET /lib/reccapi.php?fields=t&date=2016-01-03&coords=50.1159%2C-122.949&size=7&sort=distance HTTP/1.1" 200 1297 "http://whereshouldiski.com/" "Mozilla/5.0 (compatible; Googlebot/2.1; +http://www.google.com/bot.html)"
180.76.15.7 - - [04/Jan/2016:21:31:16 -0800] "GET / HTTP/1.1" 200 6995 "-" "Mozilla/5.0 (compatible; Baiduspider/2.0; +http://www.baidu.com/search/spider.html)"
66.249.79.220 - - [04/Jan/2016:21:31:22 -0800] "GET /lib/reccapi.php?resort=mt.shasta&date=2016-01-05 HTTP/1.1" 200 1054 "http://whereshouldiski.com/" "Mozilla/5.0 (compatible; Googlebot/2.1; +http://www.google.com/bot.html)"
66.249.79.220 - - [04/Jan/2016:21:31:23 -0800] "GET /lib/reccapi.php?fields=t&date=2016-01-05&coords=41.32%2C-122.21&size=7&sort=distance HTTP/1.1" 200 1364 "http://whereshouldiski.com/" "Mozilla/5.0 (compatible; Googlebot/2.1; +http://www.google.com/bot.html)"
66.249.79.220 - - [04/Jan/2016:21:31:24 -0800] "GET /lib/resortDataSearchD3.php?size=7&sortDate=T&resort=mt.shasta&dateStart=2016-01-03 HTTP/1.1" 200 871 "http://whereshouldiski.com/" "Mozilla/5.0 (compatible; Googlebot/2.1; +http://www.google.com/bot.html)"
180.76.15.152 - - [04/Jan/2016:21:32:03 -0800] "GET / HTTP/1.1" 200 6995 "-" "Mozilla/5.0 (compatible; Baiduspider/2.0; +http://www.baidu.com/search/spider.html)"
66.249.79.220 - - [04/Jan/2016:21:34:05 -0800] "GET /lib/reccapi.php?resort=mt.shasta&date=2016-01-03 HTTP/1.1" 200 1102 "http://whereshouldiski.com/" "Mozilla/5.0 (compatible; Googlebot/2.1; +http://www.google.com/bot.html)"
66.249.79.220 - - [04/Jan/2016:21:34:08 -0800] "GET /lib/reccapi.php?fields=t&date=2016-01-03&coords=41.32%2C-122.21&size=7&sort=distance HTTP/1.1" 200 1348 "http://whereshouldiski.com/" "Mozilla/5.0 (compatible; Googlebot/2.1; +http://www.google.com/bot.html)"
66.249.79.220 - - [04/Jan/2016:21:34:10 -0800] "GET /lib/resortDataSearchD3.php?size=7&sortDate=T&resort=mt.shasta&dateStart=2016-01-01 HTTP/1.1" 200 860 "http://whereshouldiski.com/" "Mozilla/5.0 (compatible; Googlebot/2.1; +http://www.google.com/bot.html)"
170.75.162.130 - - [04/Jan/2016:21:35:08 -0800] "GET /lib/reccapi.php?resort=sugarbowl HTTP/1.1" 200 1025 "-" "node-superagent/1.4.0"
75.111.102.216 - - [04/Jan/2016:21:45:39 -0800] "GET /images/wsis-logo-sm.png HTTP/1.1" 200 6108 "http://www.thebackcountry.net/" "Mozilla/5.0 (Macintosh; Intel Mac OS X 10.10; rv:43.0) Gecko/20100101 Firefox/43.0"
66.223.246.3 - - [04/Jan/2016:21:49:36 -0800] "GET / HTTP/1.1" 200 2615 "http://www.earnyourturns.com/24692/backcountry-ski-technique-meanderthal-mind-games/" "Mozilla/5.0 (Windows NT 6.1; WOW64) AppleWebKit/537.36 (KHTML, like Gecko) Chrome/47.0.2526.106 Safari/537.36"
66.223.246.3 - - [04/Jan/2016:21:49:37 -0800] "GET /styles/ee08faa9.main.css HTTP/1.1" 200 19446 "http://whereshouldiski.com/" "Mozilla/5.0 (Windows NT 6.1; WOW64) AppleWebKit/537.36 (KHTML, like Gecko) Chrome/47.0.2526.106 Safari/537.36"
66.223.246.3 - - [04/Jan/2016:21:49:37 -0800] "GET /scripts/scripts/vendor/modernizr.js HTTP/1.1" 200 4903 "http://whereshouldiski.com/" "Mozilla/5.0 (Windows NT 6.1; WOW64) AppleWebKit/537.36 (KHTML, like Gecko) Chrome/47.0.2526.106 Safari/537.36"
66.223.246.3 - - [04/Jan/2016:21:49:37 -0800] "GET /images/logo-square-white-sm.png HTTP/1.1" 200 1684 "http://whereshouldiski.com/" "Mozilla/5.0 (Windows NT 6.1; WOW64) AppleWebKit/537.36 (KHTML, like Gecko) Chrome/47.0.2526.106 Safari/537.36"
66.223.246.3 - - [04/Jan/2016:21:49:37 -0800] "GET /bower_components/requirejs/require.js HTTP/1.1" 200 6702 "http://whereshouldiski.com/" "Mozilla/5.0 (Windows NT 6.1; WOW64) AppleWebKit/537.36 (KHTML, like Gecko) Chrome/47.0.2526.106 Safari/537.36"
66.223.246.3 - - [04/Jan/2016:21:49:37 -0800] "GET /images/loading.gif HTTP/1.1" 200 13881 "http://whereshouldiski.com/" "Mozilla/5.0 (Windows NT 6.1; WOW64) AppleWebKit/537.36 (KHTML, like Gecko) Chrome/47.0.2526.106 Safari/537.36"
66.223.246.3 - - [04/Jan/2016:21:49:37 -0800] "GET /scripts/fa48e319.main.js HTTP/1.1" 200 123455 "http://whereshouldiski.com/" "Mozilla/5.0 (Windows NT 6.1; WOW64) AppleWebKit/537.36 (KHTML, like Gecko) Chrome/47.0.2526.106 Safari/537.36"
66.223.246.3 - - [04/Jan/2016:21:49:40 -0800] "GET /images/button.png HTTP/1.1" 200 598 "http://whereshouldiski.com/styles/ee08faa9.main.css" "Mozilla/5.0 (Windows NT 6.1; WOW64) AppleWebKit/537.36 (KHTML, like Gecko) Chrome/47.0.2526.106 Safari/537.36"
66.223.246.3 - - [04/Jan/2016:21:49:40 -0800] "GET /images/greyHeader.png HTTP/1.1" 200 508 "http://whereshouldiski.com/styles/ee08faa9.main.css" "Mozilla/5.0 (Windows NT 6.1; WOW64) AppleWebKit/537.36 (KHTML, like Gecko) Chrome/47.0.2526.106 Safari/537.36"
66.223.246.3 - - [04/Jan/2016:21:49:40 -0800] "GET /lib/reccapi.php?fields=t HTTP/1.1" 200 1875 "http://whereshouldiski.com/" "Mozilla/5.0 (Windows NT 6.1; WOW64) AppleWebKit/537.36 (KHTML, like Gecko) Chrome/47.0.2526.106 Safari/537.36"
66.223.246.3 - - [04/Jan/2016:21:49:40 -0800] "GET /images/snowflake5.png HTTP/1.1" 200 2857 "http://whereshouldiski.com/styles/ee08faa9.main.css" "Mozilla/5.0 (Windows NT 6.1; WOW64) AppleWebKit/537.36 (KHTML, like Gecko) Chrome/47.0.2526.106 Safari/537.36"
66.223.246.3 - - [04/Jan/2016:21:49:40 -0800] "GET /images/star5.png HTTP/1.1" 200 1783 "http://whereshouldiski.com/styles/ee08faa9.main.css" "Mozilla/5.0 (Windows NT 6.1; WOW64) AppleWebKit/537.36 (KHTML, like Gecko) Chrome/47.0.2526.106 Safari/537.36"
66.223.246.3 - - [04/Jan/2016:21:49:40 -0800] "GET /images/bluebird5.png HTTP/1.1" 200 2177 "http://whereshouldiski.com/styles/ee08faa9.main.css" "Mozilla/5.0 (Windows NT 6.1; WOW64) AppleWebKit/537.36 (KHTML, like Gecko) Chrome/47.0.2526.106 Safari/537.36"
66.223.246.3 - - [04/Jan/2016:21:49:40 -0800] "GET /images/mtns-icon.png HTTP/1.1" 200 1096 "http://whereshouldiski.com/styles/ee08faa9.main.css" "Mozilla/5.0 (Windows NT 6.1; WOW64) AppleWebKit/537.36 (KHTML, like Gecko) Chrome/47.0.2526.106 Safari/537.36"
66.223.246.3 - - [04/Jan/2016:21:49:41 -0800] "GET /images/shading-icon.png HTTP/1.1" 200 537 "http://whereshouldiski.com/styles/ee08faa9.main.css" "Mozilla/5.0 (Windows NT 6.1; WOW64) AppleWebKit/537.36 (KHTML, like Gecko) Chrome/47.0.2526.106 Safari/537.36"
66.223.246.3 - - [04/Jan/2016:21:49:41 -0800] "GET /favicon.ico HTTP/1.1" 200 4612 "http://whereshouldiski.com/" "Mozilla/5.0 (Windows NT 6.1; WOW64) AppleWebKit/537.36 (KHTML, like Gecko) Chrome/47.0.2526.106 Safari/537.36"
66.223.246.3 - - [04/Jan/2016:21:49:48 -0800] "GET /lib/reccapi.php?fields=t&state=AK HTTP/1.1" 200 1101 "http://whereshouldiski.com/" "Mozilla/5.0 (Windows NT 6.1; WOW64) AppleWebKit/537.36 (KHTML, like Gecko) Chrome/47.0.2526.106 Safari/537.36"
66.223.246.3 - - [04/Jan/2016:21:49:49 -0800] "GET /images/greenHeader.png HTTP/1.1" 200 508 "http://whereshouldiski.com/styles/ee08faa9.main.css" "Mozilla/5.0 (Windows NT 6.1; WOW64) AppleWebKit/537.36 (KHTML, like Gecko) Chrome/47.0.2526.106 Safari/537.36"
66.223.246.3 - - [04/Jan/2016:21:50:21 -0800] "GET /lib/reccapi.php?fields=t&coords=61.2189229,-149.8503728&state=AK HTTP/1.1" 200 1206 "http://whereshouldiski.com/" "Mozilla/5.0 (Windows NT 6.1; WOW64) AppleWebKit/537.36 (KHTML, like Gecko) Chrome/47.0.2526.106 Safari/537.36"
66.223.246.3 - - [04/Jan/2016:21:50:25 -0800] "GET /lib/reccapi.php?fields=t&coords=61.2189229,-149.8503728 HTTP/1.1" 200 1981 "http://whereshouldiski.com/" "Mozilla/5.0 (Windows NT 6.1; WOW64) AppleWebKit/537.36 (KHTML, like Gecko) Chrome/47.0.2526.106 Safari/537.36"
71.202.0.107 - - [04/Jan/2016:21:59:39 -0800] "GET /images/wsis-logo-sm.png HTTP/1.1" 200 6108 "http://www.thebackcountry.net/" "Mozilla/5.0 (iPad; CPU OS 9_2 like Mac OS X) AppleWebKit/601.1.46 (KHTML, like Gecko) Version/9.0 Mobile/13C75 Safari/601.1"
66.249.79.234 - - [04/Jan/2016:22:00:40 -0800] "GET /lib/reccapi.php?fields=t&region=Southwest HTTP/1.1" 200 1320 "http://whereshouldiski.com/" "Mozilla/5.0 (compatible; Googlebot/2.1; +http://www.google.com/bot.html)"
188.68.224.62 - - [04/Jan/2016:22:03:32 -0800] "GET http://dhg.pisz.pl/httptest.php HTTP/1.1" 404 444 "-" "-"
180.76.15.14 - - [04/Jan/2016:22:05:26 -0800] "GET /resorts?resort=laslenas&date=2014-08-28 HTTP/1.1" 404 469 "-" "Mozilla/5.0 (compatible; Baiduspider/2.0; +http://www.baidu.com/search/spider.html)"
72.47.22.22 - - [04/Jan/2016:22:10:51 -0800] "GET /images/wsis-logo-sm.png HTTP/1.1" 200 6108 "http://www.thebackcountry.net/" "Mozilla/5.0 (iPhone; CPU iPhone OS 9_2 like Mac OS X) AppleWebKit/601.1.46 (KHTML, like Gecko) Version/9.0 Mobile/13C75 Safari/601.1"
71.193.51.179 - - [04/Jan/2016:22:11:34 -0800] "GET /images/wsis-logo-sm.png HTTP/1.1" 200 6108 "http://www.thebackcountry.net/" "Mozilla/5.0 (Macintosh; Intel Mac OS X 10_10_1) AppleWebKit/600.2.5 (KHTML, like Gecko) Version/8.0.2 Safari/600.2.5"
66.249.79.220 - - [04/Jan/2016:22:21:29 -0800] "GET /lib/reccapi.php?resort=northstar-at-tahoe&date=2016-01-03 HTTP/1.1" 200 1001 "http://whereshouldiski.com/" "Mozilla/5.0 (compatible; Googlebot/2.1; +http://www.google.com/bot.html)"
66.249.79.220 - - [04/Jan/2016:22:21:31 -0800] "GET /lib/reccapi.php?fields=t&date=2016-01-03&coords=39.25%2C-120.15&size=7&sort=distance HTTP/1.1" 200 1349 "http://whereshouldiski.com/" "Mozilla/5.0 (compatible; Googlebot/2.1; +http://www.google.com/bot.html)"
66.249.79.220 - - [04/Jan/2016:22:21:31 -0800] "GET /lib/resortDataSearchD3.php?size=7&sortDate=T&resort=northstar-at-tahoe&dateStart=2016-01-01 HTTP/1.1" 200 854 "http://whereshouldiski.com/" "Mozilla/5.0 (compatible; Googlebot/2.1; +http://www.google.com/bot.html)"
170.75.162.130 - - [04/Jan/2016:22:23:40 -0800] "GET /lib/reccapi.php?resort=alta HTTP/1.1" 200 965 "-" "node-superagent/1.4.0"
170.75.162.130 - - [04/Jan/2016:22:23:41 -0800] "GET /lib/reccapi.php?resort=snowbird HTTP/1.1" 200 980 "-" "node-superagent/1.4.0"
170.75.162.130 - - [04/Jan/2016:22:23:41 -0800] "GET /lib/reccapi.php?resort=squawvalleyusa HTTP/1.1" 200 1049 "-" "node-superagent/1.4.0"
170.75.162.130 - - [04/Jan/2016:22:32:32 -0800] "GET /lib/reccapi.php?resort=brianhead HTTP/1.1" 200 1049 "-" "node-superagent/1.4.0"
180.76.15.151 - - [04/Jan/2016:22:34:57 -0800] "GET / HTTP/1.1" 200 6995 "-" "Mozilla/5.0 (compatible; Baiduspider/2.0; +http://www.baidu.com/search/spider.html)"
180.76.15.141 - - [04/Jan/2016:22:35:53 -0800] "GET / HTTP/1.1" 200 6995 "-" "Mozilla/5.0 (compatible; Baiduspider/2.0; +http://www.baidu.com/search/spider.html)"
73.223.150.203 - - [04/Jan/2016:22:38:49 -0800] "GET /images/wsis-logo-sm.png HTTP/1.1" 200 6108 "http://www.thebackcountry.net/" "Mozilla/5.0 (Macintosh; Intel Mac OS X 10_8_5) AppleWebKit/537.36 (KHTML, like Gecko) Chrome/45.0.2454.101 Safari/537.36"
188.68.224.62 - - [04/Jan/2016:22:45:33 -0800] "GET http://dhg.pisz.pl/httptest.php HTTP/1.1" 404 444 "-" "-"
66.249.79.227 - - [04/Jan/2016:22:52:57 -0800] "GET /lib/reccapi.php?resort=whitewater&date=2016-01-05 HTTP/1.1" 200 925 "http://whereshouldiski.com/" "Mozilla/5.0 (compatible; Googlebot/2.1; +http://www.google.com/bot.html)"
66.249.79.220 - - [04/Jan/2016:22:52:58 -0800] "GET /lib/reccapi.php?fields=t&date=2016-01-05&coords=49.444%2C-117.152&size=7&sort=distance HTTP/1.1" 200 1397 "http://whereshouldiski.com/" "Mozilla/5.0 (compatible; Googlebot/2.1; +http://www.google.com/bot.html)"
66.249.79.220 - - [04/Jan/2016:22:52:59 -0800] "GET /lib/resortDataSearchD3.php?size=7&sortDate=T&resort=whitewater&dateStart=2016-01-03 HTTP/1.1" 200 865 "http://whereshouldiski.com/" "Mozilla/5.0 (compatible; Googlebot/2.1; +http://www.google.com/bot.html)"
66.249.79.227 - - [04/Jan/2016:22:58:07 -0800] "GET /lib/reccapi.php?fields=t&region=East HTTP/1.1" 200 1408 "http://whereshouldiski.com/" "Mozilla/5.0 (compatible; Googlebot/2.1; +http://www.google.com/bot.html)"
66.249.79.220 - - [04/Jan/2016:22:58:39 -0800] "GET /lib/reccapi.php?resort=alpinemeadows&date=2016-01-06 HTTP/1.1" 200 1087 "http://whereshouldiski.com/" "Mozilla/5.0 (compatible; Googlebot/2.1; +http://www.google.com/bot.html)"
66.249.79.220 - - [04/Jan/2016:22:58:42 -0800] "GET /lib/reccapi.php?fields=t&date=2016-01-06&coords=39.17%2C-120.25&size=7&sort=distance HTTP/1.1" 200 1394 "http://whereshouldiski.com/" "Mozilla/5.0 (compatible; Googlebot/2.1; +http://www.google.com/bot.html)"
66.249.79.220 - - [04/Jan/2016:22:58:43 -0800] "GET /lib/resortDataSearchD3.php?size=7&sortDate=T&resort=alpinemeadows&dateStart=2016-01-04 HTTP/1.1" 200 771 "http://whereshouldiski.com/" "Mozilla/5.0 (compatible; Googlebot/2.1; +http://www.google.com/bot.html)"
170.75.162.130 - - [04/Jan/2016:23:05:56 -0800] "GET /lib/reccapi.php?resort=mtrose HTTP/1.1" 200 1020 "-" "node-superagent/1.4.0"
188.68.224.62 - - [04/Jan/2016:23:07:52 -0800] "GET http://dhg.pisz.pl/httptest.php HTTP/1.1" 404 444 "-" "-"
61.216.2.13 - - [04/Jan/2016:23:09:13 -0800] "-" 408 0 "-" "-"
66.249.79.234 - - [04/Jan/2016:23:11:40 -0800] "GET /lib/reccapi.php?fields=t&region=Rockies HTTP/1.1" 200 1541 "http://whereshouldiski.com/" "Mozilla/5.0 (compatible; Googlebot/2.1; +http://www.google.com/bot.html)"
1.65.129.247 - - [04/Jan/2016:23:14:38 -0800] "GET /robots.txt HTTP/1.1" 200 363 "-" "Mozilla/5.0 (X11; Linux x86_64) AppleWebKit/537.36 (KHTML, like Gecko) Chrome/44.0.2403.155 Safari/537.36"
1.65.129.247 - - [04/Jan/2016:23:14:38 -0800] "GET / HTTP/1.1" 200 2559 "-" "Mozilla/5.0 (X11; Linux x86_64) AppleWebKit/537.36 (KHTML, like Gecko) Chrome/44.0.2403.155 Safari/537.36"
76.126.56.144 - - [04/Jan/2016:23:20:47 -0800] "GET /images/wsis-logo-sm.png HTTP/1.1" 304 187 "http://www.thebackcountry.net/" "Mozilla/5.0 (iPhone; CPU iPhone OS 9_2 like Mac OS X) AppleWebKit/601.1.46 (KHTML, like Gecko) Version/9.0 Mobile/13C75 Safari/601.1"
76.126.56.144 - - [04/Jan/2016:23:20:50 -0800] "GET /images/wsis-logo-sm.png HTTP/1.1" 304 186 "http://www.thebackcountry.net/" "Mozilla/5.0 (iPhone; CPU iPhone OS 9_2 like Mac OS X) AppleWebKit/601.1.46 (KHTML, like Gecko) Version/9.0 Mobile/13C75 Safari/601.1"
170.75.162.130 - - [04/Jan/2016:23:22:07 -0800] "GET /lib/reccapi.php?resort=49degreesnorth HTTP/1.1" 200 1036 "-" "node-superagent/1.4.0"
170.75.162.130 - - [04/Jan/2016:23:22:08 -0800] "GET /lib/reccapi.php?resort=arapahoebasin HTTP/1.1" 200 985 "-" "node-superagent/1.4.0"
170.75.162.130 - - [04/Jan/2016:23:22:08 -0800] "GET /lib/reccapi.php?resort=angelfire HTTP/1.1" 200 974 "-" "node-superagent/1.4.0"
73.185.104.17 - - [04/Jan/2016:23:22:49 -0800] "GET /images/wsis-logo-sm.png HTTP/1.1" 200 6108 "http://www.thebackcountry.net/" "Mozilla/5.0 (Windows NT 10.0; Win64; x64) AppleWebKit/537.36 (KHTML, like Gecko) Chrome/46.0.2486.0 Safari/537.36 Edge/13.10586"
73.185.104.17 - - [04/Jan/2016:23:23:10 -0800] "-" 408 0 "-" "-"
73.185.104.17 - - [04/Jan/2016:23:24:13 -0800] "-" 408 0 "-" "-"
180.76.15.162 - - [04/Jan/2016:23:33:20 -0800] "GET / HTTP/1.1" 200 6995 "-" "Mozilla/5.0 (compatible; Baiduspider/2.0; +http://www.baidu.com/search/spider.html)"
180.76.15.156 - - [04/Jan/2016:23:34:14 -0800] "GET / HTTP/1.1" 200 6995 "-" "Mozilla/5.0 (compatible; Baiduspider/2.0; +http://www.baidu.com/search/spider.html)"
66.249.79.234 - - [04/Jan/2016:23:44:47 -0800] "GET / HTTP/1.1" 200 2615 "-" "Mozilla/5.0 (iPhone; CPU iPhone OS 8_3 like Mac OS X) AppleWebKit/600.1.4 (KHTML, like Gecko) Version/8.0 Mobile/12F70 Safari/600.1.4 (compatible; Googlebot/2.1; +http://www.google.com/bot.html)"
170.75.162.130 - - [04/Jan/2016:23:46:30 -0800] "GET /lib/reccapi.php?resort=mounthoodmeadows HTTP/1.1" 200 1053 "-" "node-superagent/1.4.0"
170.75.162.130 - - [04/Jan/2016:23:46:30 -0800] "GET /lib/reccapi.php?resort=hoodoo HTTP/1.1" 200 1019 "-" "node-superagent/1.4.0"
170.75.162.130 - - [04/Jan/2016:23:57:52 -0800] "GET /lib/reccapi.php?resort=whistlerblackcomb HTTP/1.1" 200 924 "-" "node-superagent/1.4.0"
170.75.162.130 - - [05/Jan/2016:00:19:54 -0800] "GET /lib/reccapi.php?resort=mountspokane HTTP/1.1" 200 1052 "-" "node-superagent/1.4.0"
66.249.79.227 - - [05/Jan/2016:00:20:45 -0800] "GET /lib/reccapi.php?resort=alpenglow&date=2015-12-27 HTTP/1.1" 200 1020 "http://whereshouldiski.com/" "Mozilla/5.0 (compatible; Googlebot/2.1; +http://www.google.com/bot.html)"
66.249.79.220 - - [05/Jan/2016:00:20:47 -0800] "GET /lib/resortDataSearchD3.php?size=7&sortDate=T&resort=alpenglow&dateStart=2015-12-25 HTTP/1.1" 200 880 "http://whereshouldiski.com/" "Mozilla/5.0 (compatible; Googlebot/2.1; +http://www.google.com/bot.html)"
66.249.79.220 - - [05/Jan/2016:00:20:47 -0800] "GET /lib/reccapi.php?fields=t&date=2015-12-27&coords=61.24%2C-149.5&size=7&sort=distance HTTP/1.1" 200 1327 "http://whereshouldiski.com/" "Mozilla/5.0 (compatible; Googlebot/2.1; +http://www.google.com/bot.html)"
170.75.162.130 - - [05/Jan/2016:00:23:45 -0800] "GET /lib/reccapi.php?resort=whitefacemountain HTTP/1.1" 200 1026 "-" "node-superagent/1.4.0"
76.103.244.148 - - [05/Jan/2016:00:26:12 -0800] "GET /images/wsis-logo-sm.png HTTP/1.1" 304 187 "http://www.thebackcountry.net/" "Mozilla/5.0 (iPhone; CPU iPhone OS 7_1 like Mac OS X) AppleWebKit/537.51.2 (KHTML, like Gecko) Version/7.0 Mobile/11D167 Safari/9537.53"
180.76.15.32 - - [05/Jan/2016:00:33:07 -0800] "GET / HTTP/1.1" 200 6995 "-" "Mozilla/5.0 (compatible; Baiduspider/2.0; +http://www.baidu.com/search/spider.html)"
180.76.15.15 - - [05/Jan/2016:00:34:00 -0800] "GET / HTTP/1.1" 200 6995 "-" "Mozilla/5.0 (compatible; Baiduspider/2.0; +http://www.baidu.com/search/spider.html)"
123.125.71.26 - - [05/Jan/2016:00:41:02 -0800] "GET / HTTP/1.1" 200 2578 "-" "Mozilla/5.0 (Windows NT 5.1; rv:6.0.2) Gecko/20100101 Firefox/6.0.2"
123.125.71.57 - - [05/Jan/2016:00:41:03 -0800] "GET / HTTP/1.1" 200 6995 "-" "Mozilla/5.0 (Windows NT 5.1; rv:6.0.2) Gecko/20100101 Firefox/6.0.2"
76.91.23.182 - - [05/Jan/2016:00:46:51 -0800] "GET /images/wsis-logo-sm.png HTTP/1.1" 200 6108 "http://www.thebackcountry.net/" "Mozilla/5.0 (iPhone; CPU iPhone OS 9_1 like Mac OS X) AppleWebKit/601.1.46 (KHTML, like Gecko) Version/9.0 Mobile/13B143 Safari/601.1"
66.249.79.227 - - [05/Jan/2016:00:50:46 -0800] "GET /lib/reccapi.php?fields=t&region=Chile HTTP/1.1" 200 712 "http://whereshouldiski.com/" "Mozilla/5.0 (compatible; Googlebot/2.1; +http://www.google.com/bot.html)"
157.55.39.40 - - [05/Jan/2016:00:53:04 -0800] "GET /robots.txt HTTP/1.1" 200 375 "-" "Mozilla/5.0 (compatible; bingbot/2.0; +http://www.bing.com/bingbot.htm)"
157.55.39.40 - - [05/Jan/2016:00:53:08 -0800] "GET / HTTP/1.1" 200 2615 "-" "Mozilla/5.0 (compatible; bingbot/2.0; +http://www.bing.com/bingbot.htm)"
188.68.224.62 - - [05/Jan/2016:00:56:59 -0800] "GET http://dhg.pisz.pl/httptest.php HTTP/1.1" 404 444 "-" "-"
61.216.2.13 - - [05/Jan/2016:01:04:41 -0800] "POST /404 HTTP/1.1" 200 3300 "-" "apache"
170.75.162.130 - - [05/Jan/2016:01:20:32 -0800] "GET /lib/reccapi.php?resort=mammothmountain HTTP/1.1" 200 1063 "-" "node-superagent/1.4.0"
75.111.102.45 - - [05/Jan/2016:01:24:46 -0800] "GET /images/wsis-logo-sm.png HTTP/1.1" 200 6108 "http://www.thebackcountry.net/" "Mozilla/5.0 (iPhone; CPU iPhone OS 9_2 like Mac OS X) AppleWebKit/601.1.46 (KHTML, like Gecko) Version/9.0 Mobile/13C75 Safari/601.1"
66.249.79.220 - - [05/Jan/2016:01:26:10 -0800] "GET /lib/reccapi.php?resort=parkcity&date=2016-01-04 HTTP/1.1" 200 1046 "http://whereshouldiski.com/" "Mozilla/5.0 (compatible; Googlebot/2.1; +http://www.google.com/bot.html)"
66.249.79.220 - - [05/Jan/2016:01:26:12 -0800] "GET /lib/reccapi.php?fields=t&date=2016-01-04&coords=40.63%2C-111.5&size=7&sort=distance HTTP/1.1" 200 1265 "http://whereshouldiski.com/" "Mozilla/5.0 (compatible; Googlebot/2.1; +http://www.google.com/bot.html)"
66.249.79.220 - - [05/Jan/2016:01:26:13 -0800] "GET /lib/resortDataSearchD3.php?size=7&sortDate=T&resort=parkcity&dateStart=2016-01-02 HTTP/1.1" 200 849 "http://whereshouldiski.com/" "Mozilla/5.0 (compatible; Googlebot/2.1; +http://www.google.com/bot.html)"
180.76.15.34 - - [05/Jan/2016:01:32:58 -0800] "GET / HTTP/1.1" 200 6995 "-" "Mozilla/5.0 (compatible; Baiduspider/2.0; +http://www.baidu.com/search/spider.html)"
180.76.15.28 - - [05/Jan/2016:01:33:48 -0800] "GET / HTTP/1.1" 200 6995 "-" "Mozilla/5.0 (compatible; Baiduspider/2.0; +http://www.baidu.com/search/spider.html)"
157.55.39.138 - - [05/Jan/2016:01:36:48 -0800] "GET /robots.txt HTTP/1.1" 200 375 "-" "Mozilla/5.0 (compatible; bingbot/2.0; +http://www.bing.com/bingbot.htm)"
157.55.39.138 - - [05/Jan/2016:01:36:52 -0800] "GET / HTTP/1.1" 200 2615 "-" "Mozilla/5.0 (compatible; bingbot/2.0; +http://www.bing.com/bingbot.htm)"
66.249.79.227 - - [05/Jan/2016:01:39:16 -0800] "GET /lib/reccapi.php?resort=mammothmountain&date=2016-01-04 HTTP/1.1" 200 1106 "http://whereshouldiski.com/" "Mozilla/5.0 (compatible; Googlebot/2.1; +http://www.google.com/bot.html)"
66.249.79.220 - - [05/Jan/2016:01:39:17 -0800] "GET /lib/resortDataSearchD3.php?size=7&sortDate=T&resort=mammothmountain&dateStart=2016-01-02 HTTP/1.1" 200 857 "http://whereshouldiski.com/" "Mozilla/5.0 (compatible; Googlebot/2.1; +http://www.google.com/bot.html)"
66.249.79.220 - - [05/Jan/2016:01:39:19 -0800] "GET /lib/reccapi.php?fields=t&date=2016-01-04&coords=37.63%2C-119.02&size=7&sort=distance HTTP/1.1" 200 1313 "http://whereshouldiski.com/" "Mozilla/5.0 (compatible; Googlebot/2.1; +http://www.google.com/bot.html)"
170.75.162.130 - - [05/Jan/2016:02:00:17 -0800] "GET /lib/reccapi.php?resort=bigwhite HTTP/1.1" 200 927 "-" "node-superagent/1.4.0"
170.75.162.130 - - [05/Jan/2016:02:00:17 -0800] "GET /lib/reccapi.php?resort=redmountain HTTP/1.1" 200 913 "-" "node-superagent/1.4.0"
170.75.162.130 - - [05/Jan/2016:02:00:17 -0800] "GET /lib/reccapi.php?resort=silverstarmountain HTTP/1.1" 200 940 "-" "node-superagent/1.4.0"
170.75.162.130 - - [05/Jan/2016:02:00:17 -0800] "GET /lib/reccapi.php?resort=sunpeaksresort HTTP/1.1" 200 924 "-" "node-superagent/1.4.0"
66.249.79.227 - - [05/Jan/2016:02:08:45 -0800] "GET /lib/reccapi.php?resort=alpinemeadows&date=2016-01-04 HTTP/1.1" 200 1079 "http://whereshouldiski.com/" "Mozilla/5.0 (compatible; Googlebot/2.1; +http://www.google.com/bot.html)"
66.249.79.220 - - [05/Jan/2016:02:08:46 -0800] "GET /lib/resortDataSearchD3.php?size=7&sortDate=T&resort=alpinemeadows&dateStart=2016-01-02 HTTP/1.1" 200 852 "http://whereshouldiski.com/" "Mozilla/5.0 (compatible; Googlebot/2.1; +http://www.google.com/bot.html)"
66.249.79.220 - - [05/Jan/2016:02:08:46 -0800] "GET /lib/reccapi.php?fields=t&date=2016-01-04&coords=39.17%2C-120.25&size=7&sort=distance HTTP/1.1" 200 1333 "http://whereshouldiski.com/" "Mozilla/5.0 (compatible; Googlebot/2.1; +http://www.google.com/bot.html)"
217.27.193.106 - - [05/Jan/2016:02:20:58 -0800] "GET /manager/html HTTP/1.1" 404 503 "-" "Mozilla/5.0 (Windows NT 5.1; rv:5.0) Gecko/20100101 Firefox/5.0"
51.254.141.216 - - [05/Jan/2016:02:21:29 -0800] "GET /robots.txt HTTP/1.0" 200 338 "-" "Mozilla/5.0 (compatible; MJ12bot/v1.4.5; http://www.majestic12.co.uk/bot.php?+)"
51.254.141.216 - - [05/Jan/2016:02:21:30 -0800] "GET / HTTP/1.0" 200 6995 "-" "Mozilla/5.0 (compatible; MJ12bot/v1.4.5; http://www.majestic12.co.uk/bot.php?+)"
170.75.162.130 - - [05/Jan/2016:02:32:05 -0800] "GET /lib/reccapi.php?resort=squawvalleyusa HTTP/1.1" 200 1052 "-" "node-superagent/1.4.0"
180.76.15.140 - - [05/Jan/2016:02:32:25 -0800] "GET / HTTP/1.1" 200 6995 "-" "Mozilla/5.0 (compatible; Baiduspider/2.0; +http://www.baidu.com/search/spider.html)"
180.76.15.10 - - [05/Jan/2016:02:33:18 -0800] "GET / HTTP/1.1" 200 6995 "-" "Mozilla/5.0 (compatible; Baiduspider/2.0; +http://www.baidu.com/search/spider.html)"
170.75.162.130 - - [05/Jan/2016:02:34:35 -0800] "GET /lib/reccapi.php?resort=schweitzer HTTP/1.1" 200 1018 "-" "node-superagent/1.4.0"
170.75.162.130 - - [05/Jan/2016:02:36:16 -0800] "GET /lib/reccapi.php?resort=coppermountain HTTP/1.1" 200 1024 "-" "node-superagent/1.4.0"
170.75.162.130 - - [05/Jan/2016:02:36:26 -0800] "GET /lib/reccapi.php?resort=kirkwood HTTP/1.1" 200 1078 "-" "node-superagent/1.4.0"
123.125.71.71 - - [05/Jan/2016:02:45:52 -0800] "-" 408 0 "-" "-"
170.75.162.130 - - [05/Jan/2016:02:51:17 -0800] "GET /lib/reccapi.php?resort=killington HTTP/1.1" 200 994 "-" "node-superagent/1.4.0"
170.75.162.130 - - [05/Jan/2016:02:51:17 -0800] "GET /lib/reccapi.php?resort=madriverglen HTTP/1.1" 200 992 "-" "node-superagent/1.4.0"
170.75.162.130 - - [05/Jan/2016:02:51:17 -0800] "GET /lib/reccapi.php?resort=smugglersnotch HTTP/1.1" 200 975 "-" "node-superagent/1.4.0"
188.68.224.62 - - [05/Jan/2016:02:51:25 -0800] "GET http://dhg.pisz.pl/httptest.php HTTP/1.1" 404 444 "-" "-"
170.75.162.130 - - [05/Jan/2016:03:01:59 -0800] "GET /lib/reccapi.php?resort=aspenheights HTTP/1.1" 200 1032 "-" "node-superagent/1.4.0"
170.75.162.130 - - [05/Jan/2016:03:01:59 -0800] "GET /lib/reccapi.php?resort=aspenmountain HTTP/1.1" 200 1043 "-" "node-superagent/1.4.0"
170.75.162.130 - - [05/Jan/2016:03:01:59 -0800] "GET /lib/reccapi.php?resort=buttermilk HTTP/1.1" 200 1047 "-" "node-superagent/1.4.0"
170.75.162.130 - - [05/Jan/2016:03:01:59 -0800] "GET /lib/reccapi.php?resort=crestedbutte HTTP/1.1" 200 999 "-" "node-superagent/1.4.0"
170.75.162.130 - - [05/Jan/2016:03:01:59 -0800] "GET /lib/reccapi.php?resort=keystone HTTP/1.1" 200 1001 "-" "node-superagent/1.4.0"
170.75.162.130 - - [05/Jan/2016:03:01:59 -0800] "GET /lib/reccapi.php?resort=loveland HTTP/1.1" 200 1022 "-" "node-superagent/1.4.0"
170.75.162.130 - - [05/Jan/2016:03:01:59 -0800] "GET /lib/reccapi.php?resort=monarch HTTP/1.1" 200 1001 "-" "node-superagent/1.4.0"
170.75.162.130 - - [05/Jan/2016:03:01:59 -0800] "GET /lib/reccapi.php?resort=snowmass HTTP/1.1" 200 992 "-" "node-superagent/1.4.0"
170.75.162.130 - - [05/Jan/2016:03:01:59 -0800] "GET /lib/reccapi.php?resort=steamboat HTTP/1.1" 200 1005 "-" "node-superagent/1.4.0"
170.75.162.130 - - [05/Jan/2016:03:01:59 -0800] "GET /lib/reccapi.php?resort=telluride HTTP/1.1" 200 1036 "-" "node-superagent/1.4.0"
170.75.162.130 - - [05/Jan/2016:03:02:00 -0800] "GET /lib/reccapi.php?resort=winterpark HTTP/1.1" 200 993 "-" "node-superagent/1.4.0"
188.68.224.62 - - [05/Jan/2016:03:09:31 -0800] "GET http://dhg.pisz.pl/httptest.php HTTP/1.1" 404 444 "-" "-"
66.249.79.227 - - [05/Jan/2016:03:10:01 -0800] "GET /lib/reccapi.php?resort=redmountain&date=2016-01-05 HTTP/1.1" 200 950 "http://whereshouldiski.com/" "Mozilla/5.0 (compatible; Googlebot/2.1; +http://www.google.com/bot.html)"
66.249.79.220 - - [05/Jan/2016:03:10:04 -0800] "GET /lib/resortDataSearchD3.php?size=7&sortDate=T&resort=redmountain&dateStart=2016-01-03 HTTP/1.1" 200 848 "http://whereshouldiski.com/" "Mozilla/5.0 (compatible; Googlebot/2.1; +http://www.google.com/bot.html)"
66.249.79.220 - - [05/Jan/2016:03:10:04 -0800] "GET /lib/reccapi.php?fields=t&date=2016-01-05&coords=49.1047%2C-117.817&size=7&sort=distance HTTP/1.1" 200 1395 "http://whereshouldiski.com/" "Mozilla/5.0 (compatible; Googlebot/2.1; +http://www.google.com/bot.html)"
170.75.162.130 - - [05/Jan/2016:03:30:12 -0800] "GET /lib/reccapi.php?resort=sunvalley HTTP/1.1" 200 1042 "-" "node-superagent/1.4.0"
180.76.15.29 - - [05/Jan/2016:03:33:58 -0800] "GET / HTTP/1.1" 200 6995 "-" "Mozilla/5.0 (compatible; Baiduspider/2.0; +http://www.baidu.com/search/spider.html)"
180.76.15.18 - - [05/Jan/2016:03:34:54 -0800] "GET / HTTP/1.1" 200 6995 "-" "Mozilla/5.0 (compatible; Baiduspider/2.0; +http://www.baidu.com/search/spider.html)"
170.75.162.130 - - [05/Jan/2016:03:36:33 -0800] "GET /lib/reccapi.php?resort=diamondpeak HTTP/1.1" 200 992 "-" "node-superagent/1.4.0"
170.75.162.130 - - [05/Jan/2016:03:59:56 -0800] "GET /lib/reccapi.php?resort=cannonmountain HTTP/1.1" 200 987 "-" "node-superagent/1.4.0"
170.75.162.130 - - [05/Jan/2016:03:59:56 -0800] "GET /lib/reccapi.php?resort=wildcatmountain HTTP/1.1" 200 982 "-" "node-superagent/1.4.0"
180.76.15.5 - - [05/Jan/2016:04:12:28 -0800] "GET /resorts?resort=smugglersnotch HTTP/1.1" 404 469 "-" "Mozilla/5.0 (compatible; Baiduspider/2.0; +http://www.baidu.com/search/spider.html)"
170.75.162.130 - - [05/Jan/2016:04:13:58 -0800] "GET /lib/reccapi.php?resort=sierra-at-tahoe HTTP/1.1" 200 1062 "-" "node-superagent/1.4.0"
170.75.162.130 - - [05/Jan/2016:04:17:08 -0800] "GET /lib/reccapi.php?resort=mountbachelor HTTP/1.1" 200 1070 "-" "node-superagent/1.4.0"
77.75.77.17 - - [05/Jan/2016:04:17:43 -0800] "GET /robots.txt HTTP/1.1" 200 419 "-" "Mozilla/5.0 (compatible; SeznamBot/3.2; +http://fulltext.sblog.cz/)"
77.75.77.17 - - [05/Jan/2016:04:17:45 -0800] "GET /resorts?resort=sugarloaf HTTP/1.1" 404 506 "-" "Mozilla/5.0 (compatible; SeznamBot/3.2; +http://fulltext.sblog.cz/)"
91.196.50.33 - - [05/Jan/2016:04:31:18 -0800] "GET http://testp3.pospr.waw.pl/testproxy.php HTTP/1.1" 404 449 "-" "Mozilla/5.0 (Windows NT 5.1; rv:32.0) Gecko/20100101 Firefox/31.0"
180.76.15.159 - - [05/Jan/2016:04:31:59 -0800] "GET / HTTP/1.1" 200 6995 "-" "Mozilla/5.0 (compatible; Baiduspider/2.0; +http://www.baidu.com/search/spider.html)"
180.76.15.17 - - [05/Jan/2016:04:32:51 -0800] "GET / HTTP/1.1" 200 6995 "-" "Mozilla/5.0 (compatible; Baiduspider/2.0; +http://www.baidu.com/search/spider.html)"
66.249.79.227 - - [05/Jan/2016:04:33:20 -0800] "GET /lib/reccapi.php?resort=alyeska&date=2015-12-27 HTTP/1.1" 200 1037 "http://whereshouldiski.com/" "Mozilla/5.0 (compatible; Googlebot/2.1; +http://www.google.com/bot.html)"
66.249.79.220 - - [05/Jan/2016:04:33:21 -0800] "GET /lib/resortDataSearchD3.php?size=7&sortDate=T&resort=alyeska&dateStart=2015-12-25 HTTP/1.1" 200 865 "http://whereshouldiski.com/" "Mozilla/5.0 (compatible; Googlebot/2.1; +http://www.google.com/bot.html)"
66.249.79.220 - - [05/Jan/2016:04:33:22 -0800] "GET /lib/reccapi.php?fields=t&date=2015-12-27&coords=60.94%2C-148.95&size=7&sort=distance HTTP/1.1" 200 1332 "http://whereshouldiski.com/" "Mozilla/5.0 (compatible; Googlebot/2.1; +http://www.google.com/bot.html)"
188.68.224.62 - - [05/Jan/2016:04:41:08 -0800] "GET http://dhg.pisz.pl/httptest.php HTTP/1.1" 404 444 "-" "-"
123.125.71.33 - - [05/Jan/2016:04:45:05 -0800] "-" 408 0 "-" "-"
170.75.162.130 - - [05/Jan/2016:04:48:02 -0800] "GET /lib/reccapi.php?resort=stowe HTTP/1.1" 200 980 "-" "node-superagent/1.4.0"
220.181.108.140 - - [05/Jan/2016:04:48:26 -0800] "GET / HTTP/1.1" 200 2578 "-" "Mozilla/5.0 (Windows NT 5.1; rv:6.0.2) Gecko/20100101 Firefox/6.0.2"
220.181.108.142 - - [05/Jan/2016:04:48:28 -0800] "GET / HTTP/1.1" 200 6995 "-" "Mozilla/5.0 (Windows NT 5.1; rv:6.0.2) Gecko/20100101 Firefox/6.0.2"
170.75.162.130 - - [05/Jan/2016:04:50:22 -0800] "GET /lib/reccapi.php?resort=crystalmountain HTTP/1.1" 200 1050 "-" "node-superagent/1.4.0"
66.249.79.227 - - [05/Jan/2016:05:01:16 -0800] "GET /lib/reccapi.php?resort=alyeska&date=2015-12-28 HTTP/1.1" 200 1033 "http://whereshouldiski.com/" "Mozilla/5.0 (compatible; Googlebot/2.1; +http://www.google.com/bot.html)"
66.249.79.220 - - [05/Jan/2016:05:01:20 -0800] "GET /lib/reccapi.php?fields=t&date=2015-12-28&coords=60.94%2C-148.95&size=7&sort=distance HTTP/1.1" 200 1348 "http://whereshouldiski.com/" "Mozilla/5.0 (compatible; Googlebot/2.1; +http://www.google.com/bot.html)"
66.249.79.220 - - [05/Jan/2016:05:01:20 -0800] "GET /lib/resortDataSearchD3.php?size=7&sortDate=T&resort=alyeska&dateStart=2015-12-26 HTTP/1.1" 200 869 "http://whereshouldiski.com/" "Mozilla/5.0 (compatible; Googlebot/2.1; +http://www.google.com/bot.html)"
170.75.162.130 - - [05/Jan/2016:05:23:56 -0800] "GET /lib/reccapi.php?resort=sugarbush HTTP/1.1" 200 981 "-" "node-superagent/1.4.0"
170.75.162.130 - - [05/Jan/2016:05:30:27 -0800] "GET /lib/reccapi.php?resort=alpinemeadows HTTP/1.1" 200 1065 "-" "node-superagent/1.4.0"
180.76.15.25 - - [05/Jan/2016:05:31:15 -0800] "GET / HTTP/1.1" 200 6995 "-" "Mozilla/5.0 (compatible; Baiduspider/2.0; +http://www.baidu.com/search/spider.html)"
180.76.15.163 - - [05/Jan/2016:05:32:02 -0800] "GET / HTTP/1.1" 200 6995 "-" "Mozilla/5.0 (compatible; Baiduspider/2.0; +http://www.baidu.com/search/spider.html)"
170.75.162.130 - - [05/Jan/2016:05:37:18 -0800] "GET /lib/reccapi.php?resort=homewoodmountain HTTP/1.1" 200 1058 "-" "node-superagent/1.4.0"
176.83.96.29 - - [05/Jan/2016:05:47:52 -0800] "GET /images/wsis-logo-sm.png HTTP/1.1" 200 6108 "http://thebackcountry.net/" "Mozilla/5.0 (iPhone; CPU iPhone OS 9_2 like Mac OS X) AppleWebKit/601.1.46 (KHTML, like Gecko) Version/9.0 Mobile/13C75 Safari/601.1"
180.76.15.160 - - [05/Jan/2016:06:01:09 -0800] "GET / HTTP/1.1" 304 173 "-" "Mozilla/5.0 (compatible; Baiduspider/2.0; +http://www.baidu.com/search/spider.html)"
91.196.50.33 - - [05/Jan/2016:06:03:43 -0800] "GET http://testp3.pospr.waw.pl/testproxy.php HTTP/1.1" 404 449 "-" "Mozilla/5.0 (Windows NT 5.1; rv:32.0) Gecko/20100101 Firefox/31.0"
185.25.148.240 - - [05/Jan/2016:06:15:06 -0800] "GET http://testp3.pospr.waw.pl/testproxy.php HTTP/1.1" 404 449 "-" "Mozilla/5.0 (Windows NT 5.1; rv:32.0) Gecko/20100101 Firefox/31.0"
50.37.28.101 - - [05/Jan/2016:06:18:25 -0800] "GET /images/wsis-logo-sm.png HTTP/1.1" 200 6108 "http://www.thebackcountry.net/" "Mozilla/5.0 (iPhone; CPU iPhone OS 9_2 like Mac OS X) AppleWebKit/601.1.46 (KHTML, like Gecko) Version/9.0 Mobile/13C75 Safari/601.1"
71.93.65.116 - - [05/Jan/2016:06:19:23 -0800] "GET /images/wsis-logo-sm.png HTTP/1.1" 200 6108 "http://www.thebackcountry.net/" "Mozilla/5.0 (Macintosh; Intel Mac OS X 10_9_5) AppleWebKit/601.3.9 (KHTML, like Gecko) Version/9.0.2 Safari/537.86.3"
66.249.79.220 - - [05/Jan/2016:06:24:28 -0800] "GET /lib/reccapi.php?resort=kirkwood&date=2016-01-07 HTTP/1.1" 200 1085 "http://whereshouldiski.com/" "Mozilla/5.0 (compatible; Googlebot/2.1; +http://www.google.com/bot.html)"
66.249.79.220 - - [05/Jan/2016:06:24:30 -0800] "GET /lib/resortDataSearchD3.php?size=7&sortDate=T&resort=kirkwood&dateStart=2016-01-05 HTTP/1.1" 200 785 "http://whereshouldiski.com/" "Mozilla/5.0 (compatible; Googlebot/2.1; +http://www.google.com/bot.html)"
66.249.79.220 - - [05/Jan/2016:06:24:32 -0800] "GET /lib/reccapi.php?fields=t&date=2016-01-07&coords=38.68%2C-120&size=7&sort=distance HTTP/1.1" 200 1369 "http://whereshouldiski.com/" "Mozilla/5.0 (compatible; Googlebot/2.1; +http://www.google.com/bot.html)"
180.76.15.139 - - [05/Jan/2016:06:30:29 -0800] "GET / HTTP/1.1" 200 6995 "-" "Mozilla/5.0 (compatible; Baiduspider/2.0; +http://www.baidu.com/search/spider.html)"
180.76.15.7 - - [05/Jan/2016:06:31:16 -0800] "GET / HTTP/1.1" 200 6995 "-" "Mozilla/5.0 (compatible; Baiduspider/2.0; +http://www.baidu.com/search/spider.html)"
204.14.103.209 - - [05/Jan/2016:06:41:04 -0800] "GET /images/wsis-logo-sm.png HTTP/1.1" 200 6108 "http://www.thebackcountry.net/" "Mozilla/5.0 (Windows NT 10.0; WOW64) AppleWebKit/537.36 (KHTML, like Gecko) Chrome/47.0.2526.106 Safari/537.36"
66.249.79.220 - - [05/Jan/2016:06:55:40 -0800] "GET /lib/reccapi.php?fields=t&state=AK HTTP/1.1" 200 1050 "http://whereshouldiski.com/" "Mozilla/5.0 (compatible; Googlebot/2.1; +http://www.google.com/bot.html)"
66.249.84.241 - - [05/Jan/2016:06:57:17 -0800] "GET / HTTP/1.1" 200 2615 "-" "Mozilla/5.0 (Windows NT 6.1; rv:6.0) Gecko/20110814 Firefox/6.0 Google Favicon"
66.249.84.241 - - [05/Jan/2016:06:57:17 -0800] "GET /favicon.ico HTTP/1.1" 200 4612 "-" "Mozilla/5.0 (Windows NT 6.1; rv:6.0) Gecko/20110814 Firefox/6.0 Google Favicon"
188.68.224.62 - - [05/Jan/2016:07:00:43 -0800] "GET http://dhg.pisz.pl/httptest.php HTTP/1.1" 404 444 "-" "-"
188.68.224.62 - - [05/Jan/2016:07:03:31 -0800] "GET http://dhg.pisz.pl/httptest.php HTTP/1.1" 404 444 "-" "-"
170.75.162.130 - - [05/Jan/2016:07:04:09 -0800] "GET /lib/reccapi.php?resort=mammothmountain HTTP/1.1" 200 1064 "-" "node-superagent/1.4.0"
66.249.79.220 - - [05/Jan/2016:07:04:25 -0800] "GET /lib/reccapi.php?fields=t&state=AR HTTP/1.1" 200 732 "http://whereshouldiski.com/" "Mozilla/5.0 (compatible; Googlebot/2.1; +http://www.google.com/bot.html)"
170.75.162.130 - - [05/Jan/2016:07:09:59 -0800] "GET /lib/reccapi.php?resort=taos HTTP/1.1" 200 979 "-" "node-superagent/1.4.0"
66.249.79.227 - - [05/Jan/2016:07:11:20 -0800] "GET /lib/reccapi.php?resort=dodgeridge&date=2015-12-27 HTTP/1.1" 200 1066 "http://whereshouldiski.com/" "Mozilla/5.0 (compatible; Googlebot/2.1; +http://www.google.com/bot.html)"
66.249.79.220 - - [05/Jan/2016:07:11:26 -0800] "GET /lib/reccapi.php?fields=t&date=2015-12-27&coords=38.18%2C-119.92&size=7&sort=distance HTTP/1.1" 200 1346 "http://whereshouldiski.com/" "Mozilla/5.0 (compatible; Googlebot/2.1; +http://www.google.com/bot.html)"
66.249.79.220 - - [05/Jan/2016:07:11:27 -0800] "GET /lib/resortDataSearchD3.php?size=7&sortDate=T&resort=dodgeridge&dateStart=2015-12-25 HTTP/1.1" 200 878 "http://whereshouldiski.com/" "Mozilla/5.0 (compatible; Googlebot/2.1; +http://www.google.com/bot.html)"
69.108.2.43 - - [05/Jan/2016:07:16:33 -0800] "GET /images/wsis-logo-sm.png HTTP/1.1" 200 6108 "http://www.thebackcountry.net/" "Mozilla/5.0 (Windows NT 10.0; WOW64) AppleWebKit/537.36 (KHTML, like Gecko) Chrome/47.0.2526.106 Safari/537.36"
207.46.13.170 - - [05/Jan/2016:07:17:43 -0800] "GET /robots.txt HTTP/1.1" 200 375 "-" "Mozilla/5.0 (compatible; bingbot/2.0; +http://www.bing.com/bingbot.htm)"
207.46.13.170 - - [05/Jan/2016:07:17:57 -0800] "GET / HTTP/1.1" 200 2615 "-" "Mozilla/5.0 (compatible; bingbot/2.0; +http://www.bing.com/bingbot.htm)"
188.68.224.62 - - [05/Jan/2016:07:28:09 -0800] "GET http://dhg.pisz.pl/httptest.php HTTP/1.1" 404 444 "-" "-"
170.75.162.130 - - [05/Jan/2016:07:30:32 -0800] "GET /lib/reccapi.php?resort=49degreesnorth HTTP/1.1" 200 1058 "-" "node-superagent/1.4.0"
170.75.162.130 - - [05/Jan/2016:07:30:32 -0800] "GET /lib/reccapi.php?resort=mountspokane HTTP/1.1" 200 1055 "-" "node-superagent/1.4.0"
170.75.162.130 - - [05/Jan/2016:07:30:32 -0800] "GET /lib/reccapi.php?resort=stevenspass HTTP/1.1" 200 1021 "-" "node-superagent/1.4.0"
66.249.79.234 - - [05/Jan/2016:07:30:32 -0800] "GET /lib/reccapi.php?resort=sierra-at-tahoe&date=2016-01-06 HTTP/1.1" 200 1054 "http://whereshouldiski.com/" "Mozilla/5.0 (compatible; Googlebot/2.1; +http://www.google.com/bot.html)"
66.249.79.220 - - [05/Jan/2016:07:30:33 -0800] "GET /lib/resortDataSearchD3.php?size=7&sortDate=T&resort=sierra-at-tahoe&dateStart=2016-01-04 HTTP/1.1" 200 872 "http://whereshouldiski.com/" "Mozilla/5.0 (compatible; Googlebot/2.1; +http://www.google.com/bot.html)"
66.249.79.220 - - [05/Jan/2016:07:30:34 -0800] "GET /lib/reccapi.php?fields=t&date=2016-01-06&coords=38.79%2C-120.07&size=7&sort=distance HTTP/1.1" 200 1355 "http://whereshouldiski.com/" "Mozilla/5.0 (compatible; Googlebot/2.1; +http://www.google.com/bot.html)"
170.75.162.130 - - [05/Jan/2016:07:33:02 -0800] "GET /lib/reccapi.php?resort=sugarbowl HTTP/1.1" 200 1009 "-" "node-superagent/1.4.0"
180.76.15.9 - - [05/Jan/2016:07:34:49 -0800] "GET / HTTP/1.1" 200 6995 "-" "Mozilla/5.0 (compatible; Baiduspider/2.0; +http://www.baidu.com/search/spider.html)"
180.76.15.158 - - [05/Jan/2016:07:35:50 -0800] "GET / HTTP/1.1" 200 6995 "-" "Mozilla/5.0 (compatible; Baiduspider/2.0; +http://www.baidu.com/search/spider.html)"
170.75.162.130 - - [05/Jan/2016:07:48:34 -0800] "GET /lib/reccapi.php?resort=kirkwood HTTP/1.1" 200 1071 "-" "node-superagent/1.4.0"
170.75.162.130 - - [05/Jan/2016:07:50:24 -0800] "GET /lib/reccapi.php?resort=bigsky HTTP/1.1" 200 1063 "-" "node-superagent/1.4.0"
170.75.162.130 - - [05/Jan/2016:07:51:14 -0800] "GET /lib/reccapi.php?resort=killington HTTP/1.1" 200 972 "-" "node-superagent/1.4.0"
207.192.250.70 - - [05/Jan/2016:07:52:10 -0800] "GET /images/wsis-logo-sm.png HTTP/1.1" 200 6108 "http://thebackcountry.net/" "Mozilla/5.0 (iPhone; CPU iPhone OS 9_2 like Mac OS X) AppleWebKit/601.1.46 (KHTML, like Gecko) Version/9.0 Mobile/13C75 Safari/601.1"
222.186.21.195 - - [05/Jan/2016:07:54:14 -0800] "GET /manager/html HTTP/1.1" 404 470 "-" "Mozilla/5.0 (compatible; MSIE 10.0; Windows NT 6.2; WOW64; Trident/6.0)"
170.75.162.130 - - [05/Jan/2016:07:54:15 -0800] "GET /lib/reccapi.php?resort=brighton HTTP/1.1" 200 1010 "-" "node-superagent/1.4.0"
216.239.45.71 - - [05/Jan/2016:07:57:14 -0800] "GET /images/wsis-logo-sm.png HTTP/1.1" 200 6108 "http://thebackcountry.net/" "Mozilla/5.0 (Windows NT 6.1; WOW64) AppleWebKit/537.36 (KHTML, like Gecko) Chrome/47.0.2526.106 Safari/537.36"
170.75.162.130 - - [05/Jan/2016:08:01:56 -0800] "GET /lib/reccapi.php?resort=heavenly HTTP/1.1" 200 1075 "-" "node-superagent/1.4.0"
170.75.162.130 - - [05/Jan/2016:08:01:56 -0800] "GET /lib/reccapi.php?resort=parkcity HTTP/1.1" 200 1060 "-" "node-superagent/1.4.0"
170.75.162.130 - - [05/Jan/2016:08:06:16 -0800] "GET /lib/reccapi.php?resort=whistlerblackcomb HTTP/1.1" 200 931 "-" "node-superagent/1.4.0"
50.136.239.205 - - [05/Jan/2016:08:08:23 -0800] "GET /images/wsis-logo-sm.png HTTP/1.1" 200 6108 "http://www.thebackcountry.net/" "Mozilla/5.0 (Macintosh; Intel Mac OS X 10_11_1) AppleWebKit/601.2.7 (KHTML, like Gecko) Version/9.0.1 Safari/601.2.7"
66.249.88.97 - - [05/Jan/2016:08:14:14 -0800] "GET /images/wsis-logo-sm.png HTTP/1.1" 200 6108 "http://thebackcountry.net/" "Mozilla/5.0 (Windows NT 6.1; WOW64; Trident/7.0; rv:11.0) like Gecko"
64.132.229.234 - - [05/Jan/2016:08:20:46 -0800] "GET /images/wsis-logo-sm.png HTTP/1.0" 200 6108 "http://www.thebackcountry.net/" "Mozilla/5.0 (Windows NT 6.1; WOW64) AppleWebKit/537.36 (KHTML, like Gecko) Chrome/47.0.2526.106 Safari/537.36"
75.142.46.70 - - [05/Jan/2016:08:26:37 -0800] "GET /images/wsis-logo-sm.png HTTP/1.1" 200 6108 "http://www.thebackcountry.net/" "Mozilla/5.0 (Macintosh; Intel Mac OS X 10_6_8) AppleWebKit/537.36 (KHTML, like Gecko) Chrome/47.0.2526.106 Safari/537.36"
216.239.45.78 - - [05/Jan/2016:08:35:45 -0800] "GET /images/wsis-logo-sm.png HTTP/1.1" 200 6108 "http://thebackcountry.net/" "Mozilla/5.0 (X11; Linux x86_64) AppleWebKit/537.36 (KHTML, like Gecko) Chrome/46.0.2490.86 Safari/537.36"
216.239.45.78 - - [05/Jan/2016:08:36:06 -0800] "-" 408 0 "-" "-"
180.76.15.150 - - [05/Jan/2016:08:36:24 -0800] "GET / HTTP/1.1" 200 6995 "-" "Mozilla/5.0 (compatible; Baiduspider/2.0; +http://www.baidu.com/search/spider.html)"
180.76.15.160 - - [05/Jan/2016:08:37:25 -0800] "GET / HTTP/1.1" 200 6995 "-" "Mozilla/5.0 (compatible; Baiduspider/2.0; +http://www.baidu.com/search/spider.html)"
