52.33.40.213 - - [25/Jan/2016:02:52:11 -0800] "GET /lib/reccapi.php?resort=mountbachelor HTTP/1.1" 200 997 "-" "node-superagent/1.4.0"
52.33.40.213 - - [25/Jan/2016:02:53:11 -0800] "GET /lib/reccapi.php?resort=schweitzer HTTP/1.1" 200 973 "-" "node-superagent/1.4.0"
52.33.40.213 - - [25/Jan/2016:02:53:21 -0800] "GET /lib/reccapi.php?resort=stevenspass HTTP/1.1" 200 990 "-" "node-superagent/1.4.0"
52.33.40.213 - - [25/Jan/2016:02:54:31 -0800] "GET /lib/reccapi.php?resort=sunvalley HTTP/1.1" 200 1008 "-" "node-superagent/1.4.0"
52.33.40.213 - - [25/Jan/2016:02:54:31 -0800] "GET /lib/reccapi.php?resort=taos HTTP/1.1" 200 1046 "-" "node-superagent/1.4.0"
69.30.211.2 - - [25/Jan/2016:02:56:48 -0800] "GET /robots.txt HTTP/1.0" 200 338 "-" "Mozilla/5.0 (compatible; MJ12bot/v1.4.5; http://www.majestic12.co.uk/bot.php?+)"
69.30.211.2 - - [25/Jan/2016:02:56:49 -0800] "GET /resorts?resort=redmountain HTTP/1.0" 404 495 "-" "Mozilla/5.0 (compatible; MJ12bot/v1.4.5; http://www.majestic12.co.uk/bot.php?+)"
69.30.211.2 - - [25/Jan/2016:02:56:51 -0800] "GET /resorts?resort=sunpeaksresort HTTP/1.0" 404 469 "-" "Mozilla/5.0 (compatible; MJ12bot/v1.4.5; http://www.majestic12.co.uk/bot.php?+)"
170.75.162.130 - - [25/Jan/2016:03:22:46 -0800] "GET /lib/reccapi.php?resort=devilshead HTTP/1.1" 200 1055 "-" "node-superagent/1.4.0"
66.249.79.220 - - [25/Jan/2016:03:22:56 -0800] "GET /lib/resortDataSearchD3.php?size=7&sortDate=T&resort=cascademountain&dateStart=2015-12-27 HTTP/1.1" 200 858 "http://whereshouldiski.com/" "Mozilla/5.0 (compatible; Googlebot/2.1; +http://www.google.com/bot.html)"
170.75.162.130 - - [25/Jan/2016:03:26:46 -0800] "GET /lib/reccapi.php?resort=arapahoebasin HTTP/1.1" 200 1083 "-" "node-superagent/1.4.0"
170.75.162.130 - - [25/Jan/2016:03:26:46 -0800] "GET /lib/reccapi.php?resort=heavenly HTTP/1.1" 200 1001 "-" "node-superagent/1.4.0"
170.75.162.130 - - [25/Jan/2016:03:26:46 -0800] "GET /lib/reccapi.php?resort=keystone HTTP/1.1" 200 1078 "-" "node-superagent/1.4.0"
170.75.162.130 - - [25/Jan/2016:03:26:46 -0800] "GET /lib/reccapi.php?resort=kirkwood HTTP/1.1" 200 993 "-" "node-superagent/1.4.0"
170.75.162.130 - - [25/Jan/2016:03:26:46 -0800] "GET /lib/reccapi.php?resort=northstar-at-tahoe HTTP/1.1" 200 971 "-" "node-superagent/1.4.0"
170.75.162.130 - - [25/Jan/2016:03:26:46 -0800] "GET /lib/reccapi.php?resort=parkcity HTTP/1.1" 200 1053 "-" "node-superagent/1.4.0"
170.75.162.130 - - [25/Jan/2016:03:27:06 -0800] "GET /lib/reccapi.php?resort=sundayriver HTTP/1.1" 200 991 "-" "node-superagent/1.4.0"
170.75.162.130 - - [25/Jan/2016:03:27:06 -0800] "GET /lib/reccapi.php?resort=sugarloaf HTTP/1.1" 200 1000 "-" "node-superagent/1.4.0"
170.75.162.130 - - [25/Jan/2016:03:27:06 -0800] "GET /lib/reccapi.php?resort=wildcatmountain HTTP/1.1" 200 1002 "-" "node-superagent/1.4.0"
180.76.15.22 - - [25/Jan/2016:03:33:59 -0800] "GET / HTTP/1.1" 200 6995 "-" "Mozilla/5.0 (compatible; Baiduspider/2.0; +http://www.baidu.com/search/spider.html)"
180.76.15.15 - - [25/Jan/2016:03:34:56 -0800] "GET / HTTP/1.1" 200 6995 "-" "Mozilla/5.0 (compatible; Baiduspider/2.0; +http://www.baidu.com/search/spider.html)"
66.249.79.234 - - [25/Jan/2016:03:41:46 -0800] "GET /lib/reccapi.php?resort=timberline&date=2016-01-22 HTTP/1.1" 200 1078 "http://whereshouldiski.com/" "Mozilla/5.0 (compatible; Googlebot/2.1; +http://www.google.com/bot.html)"
66.249.79.220 - - [25/Jan/2016:03:41:47 -0800] "GET /lib/resortDataSearchD3.php?size=7&sortDate=T&resort=timberline&dateStart=2016-01-20 HTTP/1.1" 200 879 "http://whereshouldiski.com/" "Mozilla/5.0 (compatible; Googlebot/2.1; +http://www.google.com/bot.html)"
66.249.79.220 - - [25/Jan/2016:03:41:47 -0800] "GET /lib/reccapi.php?fields=t&date=2016-01-22&coords=45.34%2C-121.72&size=7&sort=distance HTTP/1.1" 200 1398 "http://whereshouldiski.com/" "Mozilla/5.0 (compatible; Googlebot/2.1; +http://www.google.com/bot.html)"
170.75.162.130 - - [25/Jan/2016:03:44:48 -0800] "GET /lib/reccapi.php?resort=crestedbutte HTTP/1.1" 200 1053 "-" "node-superagent/1.4.0"
98.210.189.116 - - [25/Jan/2016:03:48:16 -0800] "GET /images/wsis-logo-sm.png HTTP/1.1" 304 187 "-" "Mozilla/5.0 (Linux; Android 5.1.1; SM-G920P Build/LMY47X) AppleWebKit/537.36 (KHTML, like Gecko) Chrome/50.0.2627.0 Mobile Safari/537.36"
170.75.162.130 - - [25/Jan/2016:03:50:39 -0800] "GET /lib/reccapi.php?resort=sunvalley HTTP/1.1" 200 1008 "-" "node-superagent/1.4.0"
52.33.40.213 - - [25/Jan/2016:04:07:44 -0800] "GET /lib/reccapi.php?resort=49degreesnorth HTTP/1.1" 200 987 "-" "node-superagent/1.4.0"
52.33.40.213 - - [25/Jan/2016:04:10:04 -0800] "GET /lib/reccapi.php?resort=snowmass HTTP/1.1" 200 1011 "-" "node-superagent/1.4.0"
151.80.31.143 - - [25/Jan/2016:04:11:33 -0800] "GET /robots.txt HTTP/1.1" 200 363 "-" "Mozilla/5.0 (compatible; AhrefsBot/5.0; +http://ahrefs.com/robot/)"
170.75.162.130 - - [25/Jan/2016:04:14:12 -0800] "GET /lib/reccapi.php?resort=monarch HTTP/1.1" 200 1070 "-" "node-superagent/1.4.0"
169.229.3.91 - - [25/Jan/2016:04:21:41 -0800] "!\xd7OI{\xb4v7\xa3e\xc1\xff\xde(\xb0\xb6C)\xc0_\xbb\x16I~C\xf7.^\x17BI\xf5\xae\x9f\x92BUT\xbe\x1eO/\xecG\xec\xc3[\x935\xe37\x8f\x9a\xc0^\xdc\x105C,#A" 501 382 "-" "-"
23.234.26.101 - - [25/Jan/2016:04:23:50 -0800] "GET /web-console/ServerInfo.jsp HTTP/1.1" 404 487 "54.245.232.47:80/web-console/ServerInfo.jsp" "Mozilla/4.0 (compatible; MSIE 9.0; Windows NT 6.1; 2Pac; .NET CLR 2.0.50727; .NET CLR 3.0.04506.648; .NET CLR 3.5.21022)"
23.234.26.101 - - [25/Jan/2016:04:23:50 -0800] "GET /jmx-console/HtmlAdaptor?action=inspectMBean&name=jboss.system:type=ServerInfo HTTP/1.1" 404 470 "http://54.245.232.47:80/jmx-console/HtmlAdaptor?action=inspectMBean&name=jboss.system:type=ServerInfo" "Mozilla/4.0 (compatible; MSIE 9.0; Windows NT 6.1; 2Pac; .NET CLR 2.0.50727; .NET CLR 3.0.04506.648; .NET CLR 3.5.21022)"
23.234.26.101 - - [25/Jan/2016:04:23:50 -0800] "GET /invoker/JMXInvokerServlet HTTP/1.1" 404 470 "54.245.232.47:80/invoker/JMXInvokerServlet" "Mozilla/4.0 (compatible; MSIE 9.0; Windows NT 6.1; 2Pac; .NET CLR 2.0.50727; .NET CLR 3.0.04506.648; .NET CLR 3.5.21022)"
66.249.79.220 - - [25/Jan/2016:04:26:10 -0800] "GET /lib/reccapi.php?fields=t&state=NZ HTTP/1.1" 200 984 "http://whereshouldiski.com/" "Mozilla/5.0 (compatible; Googlebot/2.1; +http://www.google.com/bot.html)"
180.76.15.154 - - [25/Jan/2016:04:31:21 -0800] "GET / HTTP/1.1" 200 6995 "-" "Mozilla/5.0 (compatible; Baiduspider/2.0; +http://www.baidu.com/search/spider.html)"
180.76.15.157 - - [25/Jan/2016:04:32:14 -0800] "GET / HTTP/1.1" 200 6995 "-" "Mozilla/5.0 (compatible; Baiduspider/2.0; +http://www.baidu.com/search/spider.html)"
52.33.40.213 - - [25/Jan/2016:04:46:06 -0800] "GET /lib/reccapi.php?resort=smugglersnotch HTTP/1.1" 200 962 "-" "node-superagent/1.4.0"
52.33.40.213 - - [25/Jan/2016:04:50:36 -0800] "GET /lib/reccapi.php?resort=sugarloaf HTTP/1.1" 200 1000 "-" "node-superagent/1.4.0"
52.33.40.213 - - [25/Jan/2016:04:52:06 -0800] "GET /lib/reccapi.php?resort=sugarbush HTTP/1.1" 200 1007 "-" "node-superagent/1.4.0"
52.33.40.213 - - [25/Jan/2016:04:57:56 -0800] "GET /lib/reccapi.php?resort=grandtarghee HTTP/1.1" 200 1045 "-" "node-superagent/1.4.0"
52.33.40.213 - - [25/Jan/2016:04:57:56 -0800] "GET /lib/reccapi.php?resort=heavenly HTTP/1.1" 200 1001 "-" "node-superagent/1.4.0"
52.33.40.213 - - [25/Jan/2016:04:58:16 -0800] "GET /lib/reccapi.php?resort=jacksonhole HTTP/1.1" 200 1051 "-" "node-superagent/1.4.0"
52.33.40.213 - - [25/Jan/2016:04:58:26 -0800] "GET /lib/reccapi.php?resort=killington HTTP/1.1" 200 968 "-" "node-superagent/1.4.0"
52.33.40.213 - - [25/Jan/2016:04:58:36 -0800] "GET /lib/reccapi.php?resort=kirkwood HTTP/1.1" 200 993 "-" "node-superagent/1.4.0"
52.33.40.213 - - [25/Jan/2016:04:59:06 -0800] "GET /lib/reccapi.php?resort=squawvalleyusa HTTP/1.1" 200 1004 "-" "node-superagent/1.4.0"
52.33.40.213 - - [25/Jan/2016:04:59:16 -0800] "GET /lib/reccapi.php?resort=stowe HTTP/1.1" 200 964 "-" "node-superagent/1.4.0"
52.33.40.213 - - [25/Jan/2016:04:59:36 -0800] "GET /lib/reccapi.php?resort=whistlerblackcomb HTTP/1.1" 200 937 "-" "node-superagent/1.4.0"
170.75.162.130 - - [25/Jan/2016:04:59:38 -0800] "GET /lib/reccapi.php?resort=snowmass HTTP/1.1" 200 1011 "-" "node-superagent/1.4.0"
170.75.162.130 - - [25/Jan/2016:05:01:58 -0800] "GET /lib/reccapi.php?resort=sunpeaksresort HTTP/1.1" 200 922 "-" "node-superagent/1.4.0"
170.75.162.130 - - [25/Jan/2016:05:04:48 -0800] "GET /lib/reccapi.php?resort=alta HTTP/1.1" 200 1038 "-" "node-superagent/1.4.0"
170.75.162.130 - - [25/Jan/2016:05:04:48 -0800] "GET /lib/reccapi.php?resort=killington HTTP/1.1" 200 968 "-" "node-superagent/1.4.0"
166.137.136.80 - - [25/Jan/2016:05:08:03 -0800] "GET /images/wsis-logo-sm.png HTTP/1.1" 200 6108 "http://www.thebackcountry.net/" "Mozilla/5.0 (iPhone; CPU iPhone OS 9_2_1 like Mac OS X) AppleWebKit/601.1.46 (KHTML, like Gecko) Version/9.0 Mobile/13D15 Safari/601.1"
188.220.63.106 - - [25/Jan/2016:05:32:14 -0800] "GET /images/wsis-logo-sm.png HTTP/1.1" 200 6108 "http://www.thebackcountry.net/" "Mozilla/5.0 (Macintosh; Intel Mac OS X 10_6_8) AppleWebKit/537.36 (KHTML, like Gecko) Chrome/47.0.2526.106 Safari/537.36"
180.76.15.144 - - [25/Jan/2016:05:32:34 -0800] "GET / HTTP/1.1" 200 6995 "-" "Mozilla/5.0 (compatible; Baiduspider/2.0; +http://www.baidu.com/search/spider.html)"
180.76.15.160 - - [25/Jan/2016:05:33:27 -0800] "GET / HTTP/1.1" 200 6995 "-" "Mozilla/5.0 (compatible; Baiduspider/2.0; +http://www.baidu.com/search/spider.html)"
170.75.162.130 - - [25/Jan/2016:05:34:42 -0800] "GET /lib/reccapi.php?resort=alpinemeadows HTTP/1.1" 200 1001 "-" "node-superagent/1.4.0"
170.75.162.130 - - [25/Jan/2016:05:36:02 -0800] "GET /lib/reccapi.php?resort=smugglersnotch HTTP/1.1" 200 979 "-" "node-superagent/1.4.0"
170.75.162.130 - - [25/Jan/2016:05:39:02 -0800] "GET /lib/reccapi.php?resort=aspenheights HTTP/1.1" 200 1049 "-" "node-superagent/1.4.0"
170.75.162.130 - - [25/Jan/2016:05:39:02 -0800] "GET /lib/reccapi.php?resort=aspenmountain HTTP/1.1" 200 1057 "-" "node-superagent/1.4.0"
170.75.162.130 - - [25/Jan/2016:05:39:02 -0800] "GET /lib/reccapi.php?resort=buttermilk HTTP/1.1" 200 1025 "-" "node-superagent/1.4.0"
73.249.216.250 - - [25/Jan/2016:05:43:34 -0800] "GET /images/wsis-logo-sm.png HTTP/1.1" 200 6108 "http://thebackcountry.net/" "Mozilla/5.0 (iPhone; CPU iPhone OS 9_2_1 like Mac OS X) AppleWebKit/601.1.46 (KHTML, like Gecko) Version/9.0 Mobile/13D15 Safari/601.1"
52.33.40.213 - - [25/Jan/2016:05:45:08 -0800] "GET /lib/reccapi.php?resort=parkcity HTTP/1.1" 200 1085 "-" "node-superagent/1.4.0"
52.33.40.213 - - [25/Jan/2016:05:50:59 -0800] "GET /lib/reccapi.php?resort=aspenmountain HTTP/1.1" 200 1057 "-" "node-superagent/1.4.0"
52.33.40.213 - - [25/Jan/2016:05:52:39 -0800] "GET /lib/reccapi.php?resort=mammothmountain HTTP/1.1" 200 1004 "-" "node-superagent/1.4.0"
184.183.115.119 - - [25/Jan/2016:06:01:54 -0800] "GET /images/wsis-logo-sm.png HTTP/1.1" 200 6108 "http://thebackcountry.net/" "Mozilla/5.0 (Macintosh; Intel Mac OS X 10_10_5) AppleWebKit/600.8.9 (KHTML, like Gecko) Version/8.0.8 Safari/600.8.9"
170.75.162.130 - - [25/Jan/2016:06:03:25 -0800] "GET /lib/reccapi.php?resort=sugarbowl HTTP/1.1" 200 986 "-" "node-superagent/1.4.0"
52.33.40.213 - - [25/Jan/2016:06:15:30 -0800] "GET /lib/reccapi.php?resort=alta HTTP/1.1" 200 1087 "-" "node-superagent/1.4.0"
52.33.40.213 - - [25/Jan/2016:06:15:30 -0800] "GET /lib/reccapi.php?resort=snowbird HTTP/1.1" 200 1072 "-" "node-superagent/1.4.0"
52.33.40.213 - - [25/Jan/2016:06:15:30 -0800] "GET /lib/reccapi.php?resort=aspenheights HTTP/1.1" 200 1049 "-" "node-superagent/1.4.0"
170.75.162.130 - - [25/Jan/2016:06:20:57 -0800] "GET /lib/reccapi.php?resort=mtrose HTTP/1.1" 200 993 "-" "node-superagent/1.4.0"
170.75.162.130 - - [25/Jan/2016:06:22:58 -0800] "GET /lib/reccapi.php?resort=winterpark HTTP/1.1" 200 1081 "-" "node-superagent/1.4.0"
170.75.162.130 - - [25/Jan/2016:06:24:08 -0800] "GET /lib/reccapi.php?resort=telluride HTTP/1.1" 200 1023 "-" "node-superagent/1.4.0"
180.76.15.25 - - [25/Jan/2016:06:31:11 -0800] "GET / HTTP/1.1" 200 6995 "-" "Mozilla/5.0 (compatible; Baiduspider/2.0; +http://www.baidu.com/search/spider.html)"
180.76.15.157 - - [25/Jan/2016:06:32:01 -0800] "GET / HTTP/1.1" 200 6995 "-" "Mozilla/5.0 (compatible; Baiduspider/2.0; +http://www.baidu.com/search/spider.html)"
157.55.39.66 - - [25/Jan/2016:06:41:25 -0800] "GET / HTTP/1.1" 200 2615 "-" "Mozilla/5.0 (compatible; bingbot/2.0; +http://www.bing.com/bingbot.htm)"
170.75.162.130 - - [25/Jan/2016:06:48:21 -0800] "GET /lib/reccapi.php?resort=madriverglen HTTP/1.1" 200 979 "-" "node-superagent/1.4.0"
45.32.129.1 - - [25/Jan/2016:06:50:08 -0800] "GET / HTTP/1.1" 200 6976 "-" "Mozilla/5.0 (Windows NT 6.1; WOW64) AppleWebKit/537.36 (KHTML, like Gecko) Chrome/40.0.2214.115 Safari/537.36"
52.33.40.213 - - [25/Jan/2016:06:57:32 -0800] "GET /lib/reccapi.php?resort=alyeska HTTP/1.1" 200 1018 "-" "node-superagent/1.4.0"
72.47.149.166 - - [25/Jan/2016:07:01:11 -0800] "GET /images/wsis-logo-sm.png HTTP/1.1" 200 6108 "http://thebackcountry.net/" "Mozilla/5.0 (Macintosh; Intel Mac OS X 10.7; rv:43.0) Gecko/20100101 Firefox/43.0"
52.33.40.213 - - [25/Jan/2016:07:07:22 -0800] "GET /lib/reccapi.php?resort=telluride HTTP/1.1" 200 1061 "-" "node-superagent/1.4.0"
170.75.162.130 - - [25/Jan/2016:07:10:54 -0800] "GET /lib/reccapi.php?resort=grandtarghee HTTP/1.1" 200 1069 "-" "node-superagent/1.4.0"
76.102.224.130 - - [25/Jan/2016:07:11:27 -0800] "GET /images/wsis-logo-sm.png HTTP/1.1" 200 6108 "http://www.thebackcountry.net/" "Mozilla/5.0 (Macintosh; Intel Mac OS X 10_10_5) AppleWebKit/601.3.9 (KHTML, like Gecko) Version/9.0.2 Safari/601.3.9"
107.77.97.28 - - [25/Jan/2016:07:22:34 -0800] "GET / HTTP/1.1" 200 2615 "-" "Mozilla/5.0 (iPhone; CPU iPhone OS 9_2_1 like Mac OS X) AppleWebKit/601.1.46 (KHTML, like Gecko) Version/9.0 Mobile/13D15 Safari/601.1"
107.77.97.28 - - [25/Jan/2016:07:22:34 -0800] "GET /styles/ee08faa9.main.css HTTP/1.1" 200 19446 "http://whereshouldiski.com/" "Mozilla/5.0 (iPhone; CPU iPhone OS 9_2_1 like Mac OS X) AppleWebKit/601.1.46 (KHTML, like Gecko) Version/9.0 Mobile/13D15 Safari/601.1"
107.77.97.28 - - [25/Jan/2016:07:22:34 -0800] "GET /images/logo-square-white-sm.png HTTP/1.1" 200 1684 "http://whereshouldiski.com/" "Mozilla/5.0 (iPhone; CPU iPhone OS 9_2_1 like Mac OS X) AppleWebKit/601.1.46 (KHTML, like Gecko) Version/9.0 Mobile/13D15 Safari/601.1"
107.77.97.28 - - [25/Jan/2016:07:22:34 -0800] "GET /scripts/scripts/vendor/modernizr.js HTTP/1.1" 200 4903 "http://whereshouldiski.com/" "Mozilla/5.0 (iPhone; CPU iPhone OS 9_2_1 like Mac OS X) AppleWebKit/601.1.46 (KHTML, like Gecko) Version/9.0 Mobile/13D15 Safari/601.1"
107.77.97.28 - - [25/Jan/2016:07:22:34 -0800] "GET /images/loading.gif HTTP/1.1" 304 187 "http://whereshouldiski.com/" "Mozilla/5.0 (iPhone; CPU iPhone OS 9_2_1 like Mac OS X) AppleWebKit/601.1.46 (KHTML, like Gecko) Version/9.0 Mobile/13D15 Safari/601.1"
107.77.97.28 - - [25/Jan/2016:07:22:34 -0800] "GET /bower_components/requirejs/require.js HTTP/1.1" 200 6702 "http://whereshouldiski.com/" "Mozilla/5.0 (iPhone; CPU iPhone OS 9_2_1 like Mac OS X) AppleWebKit/601.1.46 (KHTML, like Gecko) Version/9.0 Mobile/13D15 Safari/601.1"
107.77.97.28 - - [25/Jan/2016:07:22:35 -0800] "GET /scripts/fa48e319.main.js HTTP/1.1" 200 123455 "http://whereshouldiski.com/" "Mozilla/5.0 (iPhone; CPU iPhone OS 9_2_1 like Mac OS X) AppleWebKit/601.1.46 (KHTML, like Gecko) Version/9.0 Mobile/13D15 Safari/601.1"
107.77.97.28 - - [25/Jan/2016:07:22:36 -0800] "GET /lib/reccapi.php?fields=t HTTP/1.1" 200 1953 "http://whereshouldiski.com/" "Mozilla/5.0 (iPhone; CPU iPhone OS 9_2_1 like Mac OS X) AppleWebKit/601.1.46 (KHTML, like Gecko) Version/9.0 Mobile/13D15 Safari/601.1"
107.77.97.28 - - [25/Jan/2016:07:22:36 -0800] "GET /images/button.png HTTP/1.1" 304 185 "http://whereshouldiski.com/" "Mozilla/5.0 (iPhone; CPU iPhone OS 9_2_1 like Mac OS X) AppleWebKit/601.1.46 (KHTML, like Gecko) Version/9.0 Mobile/13D15 Safari/601.1"
107.77.97.28 - - [25/Jan/2016:07:22:36 -0800] "GET /images/greyHeader.png HTTP/1.1" 200 508 "http://whereshouldiski.com/" "Mozilla/5.0 (iPhone; CPU iPhone OS 9_2_1 like Mac OS X) AppleWebKit/601.1.46 (KHTML, like Gecko) Version/9.0 Mobile/13D15 Safari/601.1"
107.77.97.28 - - [25/Jan/2016:07:22:36 -0800] "GET /images/snowflake5.png HTTP/1.1" 200 2857 "http://whereshouldiski.com/" "Mozilla/5.0 (iPhone; CPU iPhone OS 9_2_1 like Mac OS X) AppleWebKit/601.1.46 (KHTML, like Gecko) Version/9.0 Mobile/13D15 Safari/601.1"
107.77.97.28 - - [25/Jan/2016:07:22:36 -0800] "GET /images/star5.png HTTP/1.1" 200 1784 "http://whereshouldiski.com/" "Mozilla/5.0 (iPhone; CPU iPhone OS 9_2_1 like Mac OS X) AppleWebKit/601.1.46 (KHTML, like Gecko) Version/9.0 Mobile/13D15 Safari/601.1"
107.77.97.28 - - [25/Jan/2016:07:22:36 -0800] "GET /images/bluebird5.png HTTP/1.1" 200 2178 "http://whereshouldiski.com/" "Mozilla/5.0 (iPhone; CPU iPhone OS 9_2_1 like Mac OS X) AppleWebKit/601.1.46 (KHTML, like Gecko) Version/9.0 Mobile/13D15 Safari/601.1"
107.77.97.28 - - [25/Jan/2016:07:22:36 -0800] "GET /images/shading-icon.png HTTP/1.1" 200 537 "http://whereshouldiski.com/" "Mozilla/5.0 (iPhone; CPU iPhone OS 9_2_1 like Mac OS X) AppleWebKit/601.1.46 (KHTML, like Gecko) Version/9.0 Mobile/13D15 Safari/601.1"
107.77.97.28 - - [25/Jan/2016:07:22:36 -0800] "GET /images/mtns-icon.png HTTP/1.1" 304 186 "http://whereshouldiski.com/" "Mozilla/5.0 (iPhone; CPU iPhone OS 9_2_1 like Mac OS X) AppleWebKit/601.1.46 (KHTML, like Gecko) Version/9.0 Mobile/13D15 Safari/601.1"
107.77.97.28 - - [25/Jan/2016:07:22:38 -0800] "GET /lib/reccapi.php?fields=t&coords=47.593273958791215,-122.30384612330336 HTTP/1.1" 200 2145 "http://whereshouldiski.com/" "Mozilla/5.0 (iPhone; CPU iPhone OS 9_2_1 like Mac OS X) AppleWebKit/601.1.46 (KHTML, like Gecko) Version/9.0 Mobile/13D15 Safari/601.1"
107.77.97.28 - - [25/Jan/2016:07:22:45 -0800] "GET /lib/reccapi.php?fields=t&coords=47.593273958791215,-122.30384612330336&distance=100 HTTP/1.1" 200 1546 "http://whereshouldiski.com/" "Mozilla/5.0 (iPhone; CPU iPhone OS 9_2_1 like Mac OS X) AppleWebKit/601.1.46 (KHTML, like Gecko) Version/9.0 Mobile/13D15 Safari/601.1"
107.77.97.28 - - [25/Jan/2016:07:22:46 -0800] "GET /images/greenHeader.png HTTP/1.1" 200 508 "http://whereshouldiski.com/" "Mozilla/5.0 (iPhone; CPU iPhone OS 9_2_1 like Mac OS X) AppleWebKit/601.1.46 (KHTML, like Gecko) Version/9.0 Mobile/13D15 Safari/601.1"
107.77.97.28 - - [25/Jan/2016:07:22:54 -0800] "GET /lib/reccapi.php?resort=snoqualmie-alpental&date=2016-01-30 HTTP/1.1" 200 1004 "http://whereshouldiski.com/" "Mozilla/5.0 (iPhone; CPU iPhone OS 9_2_1 like Mac OS X) AppleWebKit/601.1.46 (KHTML, like Gecko) Version/9.0 Mobile/13D15 Safari/601.1"
107.77.97.28 - - [25/Jan/2016:07:22:54 -0800] "GET /images/snowforecast-logo.jpg HTTP/1.1" 200 22988 "http://whereshouldiski.com/" "Mozilla/5.0 (iPhone; CPU iPhone OS 9_2_1 like Mac OS X) AppleWebKit/601.1.46 (KHTML, like Gecko) Version/9.0 Mobile/13D15 Safari/601.1"
107.77.97.28 - - [25/Jan/2016:07:22:54 -0800] "GET /images/stars-med-5.png HTTP/1.1" 200 4124 "http://whereshouldiski.com/" "Mozilla/5.0 (iPhone; CPU iPhone OS 9_2_1 like Mac OS X) AppleWebKit/601.1.46 (KHTML, like Gecko) Version/9.0 Mobile/13D15 Safari/601.1"
107.77.97.28 - - [25/Jan/2016:07:22:54 -0800] "GET /images/sun-med-5.png HTTP/1.1" 200 7627 "http://whereshouldiski.com/" "Mozilla/5.0 (iPhone; CPU iPhone OS 9_2_1 like Mac OS X) AppleWebKit/601.1.46 (KHTML, like Gecko) Version/9.0 Mobile/13D15 Safari/601.1"
107.77.97.28 - - [25/Jan/2016:07:22:54 -0800] "GET /images/mtns-30px.png HTTP/1.1" 200 1202 "http://whereshouldiski.com/" "Mozilla/5.0 (iPhone; CPU iPhone OS 9_2_1 like Mac OS X) AppleWebKit/601.1.46 (KHTML, like Gecko) Version/9.0 Mobile/13D15 Safari/601.1"
107.77.97.28 - - [25/Jan/2016:07:22:54 -0800] "GET /images/opensnow_logo.png HTTP/1.1" 200 11777 "http://whereshouldiski.com/" "Mozilla/5.0 (iPhone; CPU iPhone OS 9_2_1 like Mac OS X) AppleWebKit/601.1.46 (KHTML, like Gecko) Version/9.0 Mobile/13D15 Safari/601.1"
107.77.97.28 - - [25/Jan/2016:07:22:54 -0800] "GET /images/snowflake-med-5.png HTTP/1.1" 304 186 "http://whereshouldiski.com/" "Mozilla/5.0 (iPhone; CPU iPhone OS 9_2_1 like Mac OS X) AppleWebKit/601.1.46 (KHTML, like Gecko) Version/9.0 Mobile/13D15 Safari/601.1"
107.77.97.28 - - [25/Jan/2016:07:22:54 -0800] "GET /lib/reccapi.php?fields=t&date=2016-01-30&coords=47.44%2C-121.45&size=7&sort=distance HTTP/1.1" 200 1401 "http://whereshouldiski.com/" "Mozilla/5.0 (iPhone; CPU iPhone OS 9_2_1 like Mac OS X) AppleWebKit/601.1.46 (KHTML, like Gecko) Version/9.0 Mobile/13D15 Safari/601.1"
107.77.97.28 - - [25/Jan/2016:07:22:54 -0800] "GET /lib/resortDataSearchD3.php?size=7&sortDate=T&resort=snoqualmie-alpental&dateStart=2016-01-28 HTTP/1.1" 200 524 "http://whereshouldiski.com/" "Mozilla/5.0 (iPhone; CPU iPhone OS 9_2_1 like Mac OS X) AppleWebKit/601.1.46 (KHTML, like Gecko) Version/9.0 Mobile/13D15 Safari/601.1"
107.77.97.28 - - [25/Jan/2016:07:22:54 -0800] "GET /images/shading-53px.png HTTP/1.1" 200 547 "http://whereshouldiski.com/" "Mozilla/5.0 (iPhone; CPU iPhone OS 9_2_1 like Mac OS X) AppleWebKit/601.1.46 (KHTML, like Gecko) Version/9.0 Mobile/13D15 Safari/601.1"
127.0.0.1 - - [25/Jan/2016:07:22:57 -0800] "OPTIONS * HTTP/1.0" 200 126 "-" "Apache/2.2.22 (Ubuntu) (internal dummy connection)"
24.5.229.114 - - [25/Jan/2016:07:25:54 -0800] "GET /images/wsis-logo-sm.png HTTP/1.1" 200 6108 "http://www.thebackcountry.net/" "Mozilla/5.0 (Linux; Android 5.0; SM-G900V Build/LRX21T) AppleWebKit/537.36 (KHTML, like Gecko) Chrome/47.0.2526.83 Mobile Safari/537.36"
170.75.162.130 - - [25/Jan/2016:07:27:06 -0800] "GET /lib/reccapi.php?resort=snowbird HTTP/1.1" 200 1071 "-" "node-superagent/1.4.0"
180.76.15.153 - - [25/Jan/2016:07:33:10 -0800] "GET / HTTP/1.1" 200 6995 "-" "Mozilla/5.0 (compatible; Baiduspider/2.0; +http://www.baidu.com/search/spider.html)"
76.97.46.204 - - [25/Jan/2016:07:33:23 -0800] "GET /favicon.ico HTTP/1.1" 200 4613 "-" "Mozilla/5.0 (Windows NT 10.0; WOW64) AppleWebKit/537.36 (KHTML, like Gecko) Chrome/47.0.2526.111 Safari/537.36"
180.76.15.148 - - [25/Jan/2016:07:34:04 -0800] "GET / HTTP/1.1" 200 6995 "-" "Mozilla/5.0 (compatible; Baiduspider/2.0; +http://www.baidu.com/search/spider.html)"
170.75.162.130 - - [25/Jan/2016:07:35:27 -0800] "GET /lib/reccapi.php?resort=alyeska HTTP/1.1" 200 1027 "-" "node-superagent/1.4.0"
170.75.162.130 - - [25/Jan/2016:07:36:17 -0800] "GET /lib/reccapi.php?resort=jaypeak HTTP/1.1" 200 1000 "-" "node-superagent/1.4.0"
170.75.162.130 - - [25/Jan/2016:07:36:17 -0800] "GET /lib/reccapi.php?resort=sugarbush HTTP/1.1" 200 986 "-" "node-superagent/1.4.0"
66.249.79.234 - - [25/Jan/2016:07:50:28 -0800] "GET /lib/reccapi.php?resort=missionridge&date=2016-01-22 HTTP/1.1" 200 1108 "http://whereshouldiski.com/" "Mozilla/5.0 (compatible; Googlebot/2.1; +http://www.google.com/bot.html)"
184.12.137.208 - - [25/Jan/2016:07:50:29 -0800] "GET /images/wsis-logo-sm.png HTTP/1.1" 200 6108 "http://www.thebackcountry.net/" "Mozilla/5.0 (Macintosh; Intel Mac OS X 10_10_5) AppleWebKit/601.3.9 (KHTML, like Gecko) Version/9.0.2 Safari/601.3.9"
66.249.79.220 - - [25/Jan/2016:07:50:29 -0800] "GET /lib/reccapi.php?fields=t&date=2016-01-22&coords=47.28%2C-120.39&size=7&sort=distance HTTP/1.1" 200 1416 "http://whereshouldiski.com/" "Mozilla/5.0 (compatible; Googlebot/2.1; +http://www.google.com/bot.html)"
66.249.79.220 - - [25/Jan/2016:07:50:30 -0800] "GET /lib/resortDataSearchD3.php?size=7&sortDate=T&resort=missionridge&dateStart=2016-01-20 HTTP/1.1" 200 882 "http://whereshouldiski.com/" "Mozilla/5.0 (compatible; Googlebot/2.1; +http://www.google.com/bot.html)"
66.249.88.107 - - [25/Jan/2016:07:52:57 -0800] "GET / HTTP/1.1" 200 2615 "-" "Mozilla/5.0 (Windows NT 6.1; rv:6.0) Gecko/20110814 Firefox/6.0 Google Favicon"
66.249.88.107 - - [25/Jan/2016:07:52:57 -0800] "GET /favicon.ico HTTP/1.1" 200 4612 "-" "Mozilla/5.0 (Windows NT 6.1; rv:6.0) Gecko/20110814 Firefox/6.0 Google Favicon"
170.75.162.130 - - [25/Jan/2016:08:04:30 -0800] "GET /lib/reccapi.php?resort=squawvalleyusa HTTP/1.1" 200 1002 "-" "node-superagent/1.4.0"
170.75.162.130 - - [25/Jan/2016:08:07:00 -0800] "GET /lib/reccapi.php?resort=mammothmountain HTTP/1.1" 200 1007 "-" "node-superagent/1.4.0"
66.237.50.97 - - [25/Jan/2016:08:07:50 -0800] "GET /images/wsis-logo-sm.png HTTP/1.1" 200 6108 "http://www.thebackcountry.net/" "Mozilla/5.0 (Macintosh; Intel Mac OS X 10_11_3) AppleWebKit/601.4.4 (KHTML, like Gecko) Version/9.0.3 Safari/601.4.4"
170.75.162.130 - - [25/Jan/2016:08:08:10 -0800] "GET /lib/reccapi.php?resort=redmountain HTTP/1.1" 200 911 "-" "node-superagent/1.4.0"
66.249.74.58 - - [25/Jan/2016:08:08:47 -0800] "GET /styles/ee08faa9.main.css HTTP/1.1" 200 19447 "-" "Mozilla/5.0 (compatible; Googlebot/2.1; +http://www.google.com/bot.html)"
220.181.108.83 - - [25/Jan/2016:08:20:32 -0800] "GET / HTTP/1.1" 200 2578 "-" "Mozilla/5.0 (compatible; Baiduspider/2.0; +http://www.baidu.com/search/spider.html)"
66.249.79.220 - - [25/Jan/2016:08:24:45 -0800] "GET /lib/reccapi.php?fields=t&date=2016-01-14 HTTP/1.1" 200 481 "http://whereshouldiski.com/" "Mozilla/5.0 (compatible; Googlebot/2.1; +http://www.google.com/bot.html)"
66.249.79.227 - - [25/Jan/2016:08:30:59 -0800] "GET /lib/reccapi.php?resort=kirkwood&date=2016-01-06 HTTP/1.1" 200 723 "http://whereshouldiski.com/" "Mozilla/5.0 (compatible; Googlebot/2.1; +http://www.google.com/bot.html)"
66.249.79.227 - - [25/Jan/2016:08:30:59 -0800] "GET /robots.txt HTTP/1.1" 200 419 "-" "Mozilla/5.0 (compatible; Googlebot/2.1; +http://www.google.com/bot.html)"
98.189.0.161 - - [25/Jan/2016:08:32:28 -0800] "GET /images/wsis-logo-sm.png HTTP/1.1" 200 6108 "http://www.thebackcountry.net/" "Mozilla/5.0 (Windows NT 6.3; WOW64) AppleWebKit/537.36 (KHTML, like Gecko) Chrome/47.0.2526.111 Safari/537.36"
107.77.165.1 - - [25/Jan/2016:08:34:57 -0800] "GET /images/wsis-logo-sm.png HTTP/1.1" 200 6052 "http://www.thebackcountry.net/" "Mozilla/5.0 (Linux; Android 4.4.4; HUAWEI H891L Build/HuaweiH891L) AppleWebKit/537.36 (KHTML, like Gecko) Chrome/47.0.2526.83 Mobile Safari/537.36"
180.76.15.8 - - [25/Jan/2016:08:35:57 -0800] "GET / HTTP/1.1" 200 6995 "-" "Mozilla/5.0 (compatible; Baiduspider/2.0; +http://www.baidu.com/search/spider.html)"
180.76.15.14 - - [25/Jan/2016:08:36:59 -0800] "GET / HTTP/1.1" 200 6995 "-" "Mozilla/5.0 (compatible; Baiduspider/2.0; +http://www.baidu.com/search/spider.html)"
104.156.228.106 - - [25/Jan/2016:08:37:09 -0800] "GET /images/wsis-logo-sm.png HTTP/1.1" 200 6108 "http://www.thebackcountry.net/" "Mozilla/5.0 (Macintosh; Intel Mac OS X 10.11; rv:43.0) Gecko/20100101 Firefox/43.0"
107.77.164.45 - - [25/Jan/2016:08:41:46 -0800] "-" 408 0 "-" "-"
107.77.164.29 - - [25/Jan/2016:08:41:46 -0800] "-" 408 0 "-" "-"
170.75.162.130 - - [25/Jan/2016:08:58:17 -0800] "GET /lib/reccapi.php?resort=coppermountain HTTP/1.1" 200 1086 "-" "node-superagent/1.4.0"
170.75.162.130 - - [25/Jan/2016:08:58:17 -0800] "GET /lib/reccapi.php?resort=brighton HTTP/1.1" 200 1092 "-" "node-superagent/1.4.0"
170.75.162.130 - - [25/Jan/2016:08:58:17 -0800] "GET /lib/reccapi.php?resort=deervalley HTTP/1.1" 200 1012 "-" "node-superagent/1.4.0"
170.75.162.130 - - [25/Jan/2016:08:58:17 -0800] "GET /lib/reccapi.php?resort=brianhead HTTP/1.1" 200 1042 "-" "node-superagent/1.4.0"
170.75.162.130 - - [25/Jan/2016:08:59:17 -0800] "GET /lib/reccapi.php?resort=schweitzer HTTP/1.1" 200 973 "-" "node-superagent/1.4.0"
170.75.162.130 - - [25/Jan/2016:08:59:17 -0800] "GET /lib/reccapi.php?resort=loveland HTTP/1.1" 200 1077 "-" "node-superagent/1.4.0"
170.75.162.130 - - [25/Jan/2016:08:59:17 -0800] "GET /lib/reccapi.php?resort=snowbasin HTTP/1.1" 200 1012 "-" "node-superagent/1.4.0"
170.75.162.130 - - [25/Jan/2016:08:59:17 -0800] "GET /lib/reccapi.php?resort=solitude HTTP/1.1" 200 1068 "-" "node-superagent/1.4.0"
170.75.162.130 - - [25/Jan/2016:08:59:17 -0800] "GET /lib/reccapi.php?resort=steamboat HTTP/1.1" 200 1014 "-" "node-superagent/1.4.0"
173.164.231.49 - - [25/Jan/2016:08:59:22 -0800] "GET /images/wsis-logo-sm.png HTTP/1.1" 200 6108 "http://www.thebackcountry.net/" "Mozilla/5.0 (Macintosh; Intel Mac OS X 10.10; rv:43.0) Gecko/20100101 Firefox/43.0"
170.75.162.130 - - [25/Jan/2016:09:04:08 -0800] "GET /lib/reccapi.php?resort=angelfire HTTP/1.1" 200 1016 "-" "node-superagent/1.4.0"
170.75.162.130 - - [25/Jan/2016:09:04:38 -0800] "GET /lib/reccapi.php?resort=bigsky HTTP/1.1" 200 988 "-" "node-superagent/1.4.0"
52.33.40.213 - - [25/Jan/2016:09:07:08 -0800] "GET /lib/reccapi.php?resort=madriverglen HTTP/1.1" 200 976 "-" "node-superagent/1.4.0"
170.75.162.130 - - [25/Jan/2016:09:08:08 -0800] "GET /lib/reccapi.php?resort=diamondpeak HTTP/1.1" 200 966 "-" "node-superagent/1.4.0"
170.75.162.130 - - [25/Jan/2016:09:08:08 -0800] "GET /lib/reccapi.php?resort=homewoodmountain HTTP/1.1" 200 1008 "-" "node-superagent/1.4.0"
40.114.202.60 - - [25/Jan/2016:09:09:24 -0800] "GET /w00tw00t.at.blackhats.romanian.anti-sec:) HTTP/1.1" 404 488 "-" "ZmEu"
40.114.202.60 - - [25/Jan/2016:09:09:24 -0800] "GET /phpMyAdmin/scripts/setup.php HTTP/1.1" 404 466 "-" "ZmEu"
40.114.202.60 - - [25/Jan/2016:09:09:24 -0800] "GET /phpmyadmin/scripts/setup.php HTTP/1.1" 404 466 "-" "ZmEu"
40.114.202.60 - - [25/Jan/2016:09:09:25 -0800] "GET /pma/scripts/setup.php HTTP/1.1" 404 466 "-" "ZmEu"
40.114.202.60 - - [25/Jan/2016:09:09:25 -0800] "GET /myadmin/scripts/setup.php HTTP/1.1" 404 466 "-" "ZmEu"
40.114.202.60 - - [25/Jan/2016:09:09:25 -0800] "GET /MyAdmin/scripts/setup.php HTTP/1.1" 404 466 "-" "ZmEu"
52.33.40.213 - - [25/Jan/2016:09:12:08 -0800] "GET /lib/reccapi.php?resort=alpinemeadows HTTP/1.1" 200 1002 "-" "node-superagent/1.4.0"
170.75.162.130 - - [25/Jan/2016:09:13:49 -0800] "GET /lib/reccapi.php?resort=whitefacemountain HTTP/1.1" 200 966 "-" "node-superagent/1.4.0"
70.209.210.180 - - [25/Jan/2016:09:15:11 -0800] "GET /images/wsis-logo-sm.png HTTP/1.1" 200 6108 "http://www.thebackcountry.net/" "Mozilla/5.0 (iPhone; CPU iPhone OS 9_2_1 like Mac OS X) AppleWebKit/601.1.46 (KHTML, like Gecko) Version/9.0 Mobile/13D15 Safari/601.1"
136.152.142.5 - - [25/Jan/2016:09:23:08 -0800] "GET /images/wsis-logo-sm.png HTTP/1.1" 200 6108 "http://www.thebackcountry.net/" "Mozilla/5.0 (Macintosh; Intel Mac OS X 10_11_2) AppleWebKit/537.36 (KHTML, like Gecko) Chrome/47.0.2526.111 Safari/537.36"
47.208.176.144 - - [25/Jan/2016:09:25:04 -0800] "GET /images/wsis-logo-sm.png HTTP/1.1" 304 187 "http://thebackcountry.net/" "Mozilla/5.0 (X11; Linux x86_64) AppleWebKit/537.36 (KHTML, like Gecko) Chrome/48.0.2564.82 Safari/537.36"
180.76.15.156 - - [25/Jan/2016:09:32:12 -0800] "GET / HTTP/1.1" 200 6995 "-" "Mozilla/5.0 (compatible; Baiduspider/2.0; +http://www.baidu.com/search/spider.html)"
180.76.15.5 - - [25/Jan/2016:09:33:05 -0800] "GET / HTTP/1.1" 200 6995 "-" "Mozilla/5.0 (compatible; Baiduspider/2.0; +http://www.baidu.com/search/spider.html)"
170.75.162.130 - - [25/Jan/2016:09:37:12 -0800] "GET /lib/reccapi.php?resort=chinapeak HTTP/1.1" 200 999 "-" "node-superagent/1.4.0"
52.33.40.213 - - [25/Jan/2016:09:47:30 -0800] "GET /lib/reccapi.php?resort=bigsky HTTP/1.1" 200 989 "-" "node-superagent/1.4.0"
73.241.106.70 - - [25/Jan/2016:10:05:53 -0800] "GET /images/wsis-logo-sm.png HTTP/1.1" 200 6108 "http://www.thebackcountry.net/" "Mozilla/5.0 (iPhone; CPU iPhone OS 9_2_1 like Mac OS X) AppleWebKit/601.1.46 (KHTML, like Gecko) Version/9.0 Mobile/13D15 Safari/601.1"
192.146.1.12 - - [25/Jan/2016:10:08:27 -0800] "GET /images/wsis-logo-sm.png HTTP/1.1" 200 6108 "http://www.thebackcountry.net/" "Mozilla/5.0 (Windows NT 6.1; WOW64) AppleWebKit/537.36 (KHTML, like Gecko) Chrome/47.0.2526.111 Safari/537.36"
170.75.162.130 - - [25/Jan/2016:10:11:06 -0800] "GET /lib/reccapi.php?resort=alta HTTP/1.1" 200 1013 "-" "node-superagent/1.4.0"
108.228.150.67 - - [25/Jan/2016:10:13:20 -0800] "GET /images/wsis-logo-sm.png HTTP/1.1" 200 6108 "http://www.thebackcountry.net/" "Mozilla/5.0 (Macintosh; Intel Mac OS X 10_10_4) AppleWebKit/600.7.12 (KHTML, like Gecko) Version/8.0.7 Safari/600.7.12"
68.180.229.34 - - [25/Jan/2016:10:15:19 -0800] "GET /robots.txt HTTP/1.1" 200 319 "-" "Mozilla/5.0 (compatible; Yahoo! Slurp; http://help.yahoo.com/help/us/ysearch/slurp)"
68.180.229.34 - - [25/Jan/2016:10:15:19 -0800] "GET /resorts?resort=alta HTTP/1.1" 404 450 "-" "Mozilla/5.0 (compatible; Yahoo! Slurp; http://help.yahoo.com/help/us/ysearch/slurp)"
66.249.84.241 - - [25/Jan/2016:10:31:49 -0800] "GET / HTTP/1.1" 200 2615 "-" "Mozilla/5.0 (Windows NT 6.1; rv:6.0) Gecko/20110814 Firefox/6.0 Google Favicon"
66.249.84.244 - - [25/Jan/2016:10:31:49 -0800] "GET /favicon.ico HTTP/1.1" 200 4613 "-" "Mozilla/5.0 (Windows NT 6.1; rv:6.0) Gecko/20110814 Firefox/6.0 Google Favicon"
180.76.15.32 - - [25/Jan/2016:10:34:12 -0800] "GET / HTTP/1.1" 200 6995 "-" "Mozilla/5.0 (compatible; Baiduspider/2.0; +http://www.baidu.com/search/spider.html)"
180.76.15.146 - - [25/Jan/2016:10:34:59 -0800] "GET / HTTP/1.1" 200 2578 "-" "Mozilla/5.0 (compatible; Baiduspider/2.0; +http://www.baidu.com/search/spider.html)"
180.76.15.15 - - [25/Jan/2016:10:35:06 -0800] "GET / HTTP/1.1" 200 6995 "-" "Mozilla/5.0 (compatible; Baiduspider/2.0; +http://www.baidu.com/search/spider.html)"
170.75.162.130 - - [25/Jan/2016:10:35:19 -0800] "GET /lib/reccapi.php?resort=wildcatmountain HTTP/1.1" 200 962 "-" "node-superagent/1.4.0"
170.75.162.130 - - [25/Jan/2016:10:37:50 -0800] "GET /lib/reccapi.php?resort=sugarloaf HTTP/1.1" 200 956 "-" "node-superagent/1.4.0"
170.75.162.130 - - [25/Jan/2016:10:37:50 -0800] "GET /lib/reccapi.php?resort=sundayriver HTTP/1.1" 200 965 "-" "node-superagent/1.4.0"
66.249.79.234 - - [25/Jan/2016:10:45:36 -0800] "GET /lib/reccapi.php?resort=canyons&date=2015-12-17 HTTP/1.1" 200 691 "http://whereshouldiski.com/" "Mozilla/5.0 (compatible; Googlebot/2.1; +http://www.google.com/bot.html)"
206.29.176.52 - - [25/Jan/2016:10:47:19 -0800] "GET / HTTP/1.1" 200 2615 "-" "Mozilla/5.0 (Macintosh; Intel Mac OS X 10_10_5) AppleWebKit/600.8.9 (KHTML, like Gecko) WebClip/10601.4.2 Safari/10601.4.4"
206.29.176.52 - - [25/Jan/2016:10:47:19 -0800] "GET /styles/ee08faa9.main.css HTTP/1.1" 200 19446 "http://whereshouldiski.com/" "Mozilla/5.0 (Macintosh; Intel Mac OS X 10_10_5) AppleWebKit/600.8.9 (KHTML, like Gecko) WebClip/10601.4.2 Safari/10601.4.4"
206.29.176.52 - - [25/Jan/2016:10:47:19 -0800] "GET /scripts/scripts/vendor/modernizr.js HTTP/1.1" 200 4903 "http://whereshouldiski.com/" "Mozilla/5.0 (Macintosh; Intel Mac OS X 10_10_5) AppleWebKit/600.8.9 (KHTML, like Gecko) WebClip/10601.4.2 Safari/10601.4.4"
206.29.176.52 - - [25/Jan/2016:10:47:19 -0800] "GET /bower_components/requirejs/require.js HTTP/1.1" 200 6702 "http://whereshouldiski.com/" "Mozilla/5.0 (Macintosh; Intel Mac OS X 10_10_5) AppleWebKit/600.8.9 (KHTML, like Gecko) WebClip/10601.4.2 Safari/10601.4.4"
206.29.176.52 - - [25/Jan/2016:10:47:20 -0800] "GET /images/loading.gif HTTP/1.1" 200 13881 "http://whereshouldiski.com/" "Mozilla/5.0 (Macintosh; Intel Mac OS X 10_10_5) AppleWebKit/600.8.9 (KHTML, like Gecko) WebClip/10601.4.2 Safari/10601.4.4"
206.29.176.52 - - [25/Jan/2016:10:47:20 -0800] "GET /images/logo-square-white-sm.png HTTP/1.1" 200 1683 "http://whereshouldiski.com/" "Mozilla/5.0 (Macintosh; Intel Mac OS X 10_10_5) AppleWebKit/600.8.9 (KHTML, like Gecko) WebClip/10601.4.2 Safari/10601.4.4"
206.29.176.52 - - [25/Jan/2016:10:47:20 -0800] "GET /scripts/fa48e319.main.js HTTP/1.1" 200 123455 "http://whereshouldiski.com/" "Mozilla/5.0 (Macintosh; Intel Mac OS X 10_10_5) AppleWebKit/600.8.9 (KHTML, like Gecko) WebClip/10601.4.2 Safari/10601.4.4"
206.29.176.52 - - [25/Jan/2016:10:47:20 -0800] "GET /lib/reccapi.php?fields=t&powder=3&distance=100 HTTP/1.1" 200 349 "http://whereshouldiski.com/" "Mozilla/5.0 (Macintosh; Intel Mac OS X 10_10_5) AppleWebKit/600.8.9 (KHTML, like Gecko) WebClip/10601.4.2 Safari/10601.4.4"
206.29.176.52 - - [25/Jan/2016:10:47:20 -0800] "GET /images/button.png HTTP/1.1" 200 598 "http://whereshouldiski.com/" "Mozilla/5.0 (Macintosh; Intel Mac OS X 10_10_5) AppleWebKit/600.8.9 (KHTML, like Gecko) WebClip/10601.4.2 Safari/10601.4.4"
206.29.176.52 - - [25/Jan/2016:10:47:20 -0800] "GET /images/greyHeader.png HTTP/1.1" 200 508 "http://whereshouldiski.com/" "Mozilla/5.0 (Macintosh; Intel Mac OS X 10_10_5) AppleWebKit/600.8.9 (KHTML, like Gecko) WebClip/10601.4.2 Safari/10601.4.4"
206.29.176.52 - - [25/Jan/2016:10:48:43 -0800] "GET /lib/reccapi.php?fields=t&powder=3&distance=100 HTTP/1.1" 200 350 "http://whereshouldiski.com/" "Mozilla/5.0 (Macintosh; Intel Mac OS X 10_10_5) AppleWebKit/600.8.9 (KHTML, like Gecko) WebClip/10601.4.2 Safari/10601.4.4"
50.184.182.61 - - [25/Jan/2016:10:49:27 -0800] "GET /images/wsis-logo-sm.png HTTP/1.1" 200 6108 "http://www.thebackcountry.net/" "Mozilla/5.0 (Macintosh; Intel Mac OS X 10_11_2) AppleWebKit/537.36 (KHTML, like Gecko) Chrome/47.0.2526.111 Safari/537.36"
157.55.39.122 - - [25/Jan/2016:10:52:54 -0800] "GET /resorts?resort=portillo&date=2014-08-19 HTTP/1.1" 404 509 "-" "Mozilla/5.0 (compatible; bingbot/2.0; +http://www.bing.com/bingbot.htm)"
170.75.162.130 - - [25/Jan/2016:10:57:02 -0800] "GET /lib/reccapi.php?resort=aspenmountain HTTP/1.1" 200 1068 "-" "node-superagent/1.4.0"
170.75.162.130 - - [25/Jan/2016:10:57:42 -0800] "GET /lib/reccapi.php?resort=arapahoebasin HTTP/1.1" 200 1115 "-" "node-superagent/1.4.0"
52.33.40.213 - - [25/Jan/2016:10:58:33 -0800] "GET /lib/reccapi.php?resort=cannonmountain HTTP/1.1" 200 959 "-" "node-superagent/1.4.0"
52.33.40.213 - - [25/Jan/2016:11:02:53 -0800] "GET /lib/reccapi.php?resort=northstar-at-tahoe HTTP/1.1" 200 971 "-" "node-superagent/1.4.0"
170.75.162.130 - - [25/Jan/2016:11:05:03 -0800] "GET /lib/reccapi.php?resort=sierra-at-tahoe HTTP/1.1" 200 996 "-" "node-superagent/1.4.0"
71.197.72.239 - - [25/Jan/2016:11:13:38 -0800] "GET /images/wsis-logo-sm.png HTTP/1.1" 200 6108 "http://www.thebackcountry.net/" "Mozilla/5.0 (iPhone; CPU iPhone OS 9_2_1 like Mac OS X) AppleWebKit/601.1.46 (KHTML, like Gecko) Version/9.0 Mobile/13D15 Safari/601.1"
52.33.40.213 - - [25/Jan/2016:11:13:44 -0800] "GET /lib/reccapi.php?resort=crystalmountain HTTP/1.1" 200 984 "-" "node-superagent/1.4.0"
189.141.181.140 - - [25/Jan/2016:11:17:17 -0800] "GET /images/wsis-logo-sm.png HTTP/1.1" 200 6108 "http://www.thebackcountry.net/" "Mozilla/5.0 (iPhone; CPU iPhone OS 9_2 like Mac OS X) AppleWebKit/600.1.4 (KHTML, like Gecko) GSA/11.1.66360 Mobile/13C75 Safari/600.1.4"
50.156.1.0 - - [25/Jan/2016:11:17:57 -0800] "GET /images/wsis-logo-sm.png HTTP/1.1" 200 6108 "http://www.thebackcountry.net/" "Mozilla/5.0 (Macintosh; Intel Mac OS X 10_9_5) AppleWebKit/537.36 (KHTML, like Gecko) Chrome/47.0.2526.111 Safari/537.36"
170.110.255.128 - - [25/Jan/2016:11:18:37 -0800] "GET /images/wsis-logo-sm.png HTTP/1.1" 200 6108 "http://www.thebackcountry.net/" "Mozilla/5.0 (Windows NT 6.1) AppleWebKit/537.36 (KHTML, like Gecko) Chrome/47.0.2526.111 Safari/537.36"
173.228.4.28 - - [25/Jan/2016:11:26:21 -0800] "GET /images/wsis-logo-sm.png HTTP/1.1" 200 6108 "http://www.thebackcountry.net/" "Mozilla/5.0 (Macintosh; Intel Mac OS X 10_11_1) AppleWebKit/601.2.7 (KHTML, like Gecko) Version/9.0.1 Safari/601.2.7"
170.75.162.130 - - [25/Jan/2016:11:28:56 -0800] "GET /lib/reccapi.php?resort=taos HTTP/1.1" 200 1053 "-" "node-superagent/1.4.0"
52.33.40.213 - - [25/Jan/2016:11:30:14 -0800] "GET /lib/reccapi.php?resort=hoodoo HTTP/1.1" 200 967 "-" "node-superagent/1.4.0"
123.125.71.88 - - [25/Jan/2016:11:32:31 -0800] "GET / HTTP/1.1" 200 2578 "-" "Mozilla/5.0 (compatible; Baiduspider/2.0; +http://www.baidu.com/search/spider.html)"
180.76.15.32 - - [25/Jan/2016:11:34:49 -0800] "GET / HTTP/1.1" 200 6995 "-" "Mozilla/5.0 (compatible; Baiduspider/2.0; +http://www.baidu.com/search/spider.html)"
170.75.162.130 - - [25/Jan/2016:11:35:07 -0800] "GET /lib/reccapi.php?resort=mountainhigh HTTP/1.1" 200 996 "-" "node-superagent/1.4.0"
180.76.15.151 - - [25/Jan/2016:11:35:43 -0800] "GET / HTTP/1.1" 200 6995 "-" "Mozilla/5.0 (compatible; Baiduspider/2.0; +http://www.baidu.com/search/spider.html)"
183.250.164.156 - - [25/Jan/2016:11:36:48 -0800] "POST /loginAction!login.action HTTP/1.1" 404 566 "-" "Mozilla/5.0"
170.75.162.130 - - [25/Jan/2016:11:37:07 -0800] "GET /lib/reccapi.php?resort=stevenspass HTTP/1.1" 200 981 "-" "node-superagent/1.4.0"
66.249.79.234 - - [25/Jan/2016:11:40:29 -0800] "GET /lib/reccapi.php?resort=mountbaker&date=2016-01-14 HTTP/1.1" 200 711 "http://whereshouldiski.com/" "Mozilla/5.0 (compatible; Googlebot/2.1; +http://www.google.com/bot.html)"
52.33.40.213 - - [25/Jan/2016:11:47:55 -0800] "GET /lib/reccapi.php?resort=bigwhite HTTP/1.1" 200 925 "-" "node-superagent/1.4.0"
52.33.40.213 - - [25/Jan/2016:11:47:55 -0800] "GET /lib/reccapi.php?resort=buttermilk HTTP/1.1" 200 1049 "-" "node-superagent/1.4.0"
52.33.40.213 - - [25/Jan/2016:11:47:55 -0800] "GET /lib/reccapi.php?resort=chinapeak HTTP/1.1" 200 999 "-" "node-superagent/1.4.0"
52.33.40.213 - - [25/Jan/2016:11:47:55 -0800] "GET /lib/reccapi.php?resort=brianhead HTTP/1.1" 200 999 "-" "node-superagent/1.4.0"
52.33.40.213 - - [25/Jan/2016:11:49:15 -0800] "GET /lib/reccapi.php?resort=devilshead HTTP/1.1" 200 1108 "-" "node-superagent/1.4.0"
52.33.40.213 - - [25/Jan/2016:11:49:15 -0800] "GET /lib/reccapi.php?resort=keystone HTTP/1.1" 200 1104 "-" "node-superagent/1.4.0"
52.33.40.213 - - [25/Jan/2016:11:49:15 -0800] "GET /lib/reccapi.php?resort=jaypeak HTTP/1.1" 200 1000 "-" "node-superagent/1.4.0"
52.33.40.213 - - [25/Jan/2016:11:49:15 -0800] "GET /lib/reccapi.php?resort=homewoodmountain HTTP/1.1" 200 1008 "-" "node-superagent/1.4.0"
52.33.40.213 - - [25/Jan/2016:11:49:15 -0800] "GET /lib/reccapi.php?resort=diamondpeak HTTP/1.1" 200 966 "-" "node-superagent/1.4.0"
52.33.40.213 - - [25/Jan/2016:11:49:15 -0800] "GET /lib/reccapi.php?resort=crestedbutte HTTP/1.1" 200 1063 "-" "node-superagent/1.4.0"
52.33.40.213 - - [25/Jan/2016:11:49:45 -0800] "GET /lib/reccapi.php?resort=sugarbowl HTTP/1.1" 200 988 "-" "node-superagent/1.4.0"
52.33.40.213 - - [25/Jan/2016:11:49:55 -0800] "GET /lib/reccapi.php?resort=monarch HTTP/1.1" 200 1021 "-" "node-superagent/1.4.0"
52.33.40.213 - - [25/Jan/2016:11:49:55 -0800] "GET /lib/reccapi.php?resort=mtrose HTTP/1.1" 200 993 "-" "node-superagent/1.4.0"
52.33.40.213 - - [25/Jan/2016:11:49:55 -0800] "GET /lib/reccapi.php?resort=steamboat HTTP/1.1" 200 1026 "-" "node-superagent/1.4.0"
52.33.40.213 - - [25/Jan/2016:11:49:55 -0800] "GET /lib/reccapi.php?resort=solitude HTTP/1.1" 200 994 "-" "node-superagent/1.4.0"
52.33.40.213 - - [25/Jan/2016:11:50:15 -0800] "GET /lib/reccapi.php?resort=sundayriver HTTP/1.1" 200 965 "-" "node-superagent/1.4.0"
52.33.40.213 - - [25/Jan/2016:11:50:15 -0800] "GET /lib/reccapi.php?resort=sunpeaksresort HTTP/1.1" 200 924 "-" "node-superagent/1.4.0"
52.33.40.213 - - [25/Jan/2016:11:50:45 -0800] "GET /lib/reccapi.php?resort=redlodge HTTP/1.1" 200 1014 "-" "node-superagent/1.4.0"
52.33.40.213 - - [25/Jan/2016:11:50:45 -0800] "GET /lib/reccapi.php?resort=loveland HTTP/1.1" 200 1075 "-" "node-superagent/1.4.0"
52.33.40.213 - - [25/Jan/2016:11:50:45 -0800] "GET /lib/reccapi.php?resort=redmountain HTTP/1.1" 200 911 "-" "node-superagent/1.4.0"
52.33.40.213 - - [25/Jan/2016:11:50:45 -0800] "GET /lib/reccapi.php?resort=mountainhigh HTTP/1.1" 200 996 "-" "node-superagent/1.4.0"
52.33.40.213 - - [25/Jan/2016:11:50:55 -0800] "GET /lib/reccapi.php?resort=wildcatmountain HTTP/1.1" 200 962 "-" "node-superagent/1.4.0"
52.33.40.213 - - [25/Jan/2016:11:50:55 -0800] "GET /lib/reccapi.php?resort=sierra-at-tahoe HTTP/1.1" 200 996 "-" "node-superagent/1.4.0"
52.33.40.213 - - [25/Jan/2016:11:50:55 -0800] "GET /lib/reccapi.php?resort=whitefacemountain HTTP/1.1" 200 966 "-" "node-superagent/1.4.0"
52.33.40.213 - - [25/Jan/2016:11:50:55 -0800] "GET /lib/reccapi.php?resort=winterpark HTTP/1.1" 200 1028 "-" "node-superagent/1.4.0"
52.33.40.213 - - [25/Jan/2016:11:51:45 -0800] "GET /lib/reccapi.php?resort=snowbasin HTTP/1.1" 200 976 "-" "node-superagent/1.4.0"
52.33.40.213 - - [25/Jan/2016:11:51:45 -0800] "GET /lib/reccapi.php?resort=silverstarmountain HTTP/1.1" 200 932 "-" "node-superagent/1.4.0"
170.75.162.130 - - [25/Jan/2016:11:52:49 -0800] "GET /lib/reccapi.php?resort=mountbachelor HTTP/1.1" 200 995 "-" "node-superagent/1.4.0"
170.75.162.130 - - [25/Jan/2016:11:52:59 -0800] "GET /lib/reccapi.php?resort=mounthoodmeadows HTTP/1.1" 200 999 "-" "node-superagent/1.4.0"
170.75.162.130 - - [25/Jan/2016:11:53:59 -0800] "GET /lib/reccapi.php?resort=mountspokane HTTP/1.1" 200 976 "-" "node-superagent/1.4.0"
170.75.162.130 - - [25/Jan/2016:11:55:39 -0800] "GET /lib/reccapi.php?resort=redlodge HTTP/1.1" 200 1014 "-" "node-superagent/1.4.0"
173.228.4.28 - - [25/Jan/2016:11:56:46 -0800] "GET /images/wsis-logo-sm.png HTTP/1.1" 200 6108 "http://www.thebackcountry.net/" "Mozilla/5.0 (Macintosh; Intel Mac OS X 10_11_1) AppleWebKit/601.2.7 (KHTML, like Gecko) Version/9.0.1 Safari/601.2.7"
108.226.36.82 - - [25/Jan/2016:12:00:56 -0800] "GET /images/wsis-logo-sm.png HTTP/1.1" 200 6108 "http://www.thebackcountry.net/" "Mozilla/5.0 (Macintosh; Intel Mac OS X 10_8_5) AppleWebKit/600.8.9 (KHTML, like Gecko) Version/6.2.8 Safari/537.85.17"
52.33.40.213 - - [25/Jan/2016:12:10:06 -0800] "GET /lib/reccapi.php?resort=coppermountain HTTP/1.1" 200 1059 "-" "node-superagent/1.4.0"
52.33.40.213 - - [25/Jan/2016:12:10:36 -0800] "GET /lib/reccapi.php?resort=deervalley HTTP/1.1" 200 992 "-" "node-superagent/1.4.0"
170.75.162.130 - - [25/Jan/2016:12:14:12 -0800] "GET /lib/reccapi.php?resort=kirkwood HTTP/1.1" 200 1010 "-" "node-superagent/1.4.0"
170.75.162.130 - - [25/Jan/2016:12:22:53 -0800] "GET /lib/reccapi.php?resort=silverstarmountain HTTP/1.1" 200 932 "-" "node-superagent/1.4.0"
170.75.162.130 - - [25/Jan/2016:12:22:53 -0800] "GET /lib/reccapi.php?resort=whistlerblackcomb HTTP/1.1" 200 936 "-" "node-superagent/1.4.0"
170.75.162.130 - - [25/Jan/2016:12:22:53 -0800] "GET /lib/reccapi.php?resort=bigwhite HTTP/1.1" 200 925 "-" "node-superagent/1.4.0"
170.75.162.130 - - [25/Jan/2016:12:24:23 -0800] "GET /lib/reccapi.php?resort=hoodoo HTTP/1.1" 200 967 "-" "node-superagent/1.4.0"
170.75.162.130 - - [25/Jan/2016:12:30:24 -0800] "GET /lib/reccapi.php?resort=northstar-at-tahoe HTTP/1.1" 200 971 "-" "node-superagent/1.4.0"
52.33.40.213 - - [25/Jan/2016:12:30:27 -0800] "GET /lib/reccapi.php?resort=arapahoebasin HTTP/1.1" 200 1115 "-" "node-superagent/1.4.0"
52.33.40.213 - - [25/Jan/2016:12:30:37 -0800] "GET /lib/reccapi.php?resort=angelfire HTTP/1.1" 200 1016 "-" "node-superagent/1.4.0"
170.75.162.130 - - [25/Jan/2016:12:30:54 -0800] "GET /lib/reccapi.php?resort=jacksonhole HTTP/1.1" 200 1058 "-" "node-superagent/1.4.0"
52.33.40.213 - - [25/Jan/2016:12:33:17 -0800] "GET /lib/reccapi.php?resort=brighton HTTP/1.1" 200 1019 "-" "node-superagent/1.4.0"
180.76.15.157 - - [25/Jan/2016:12:33:21 -0800] "GET / HTTP/1.1" 200 6995 "-" "Mozilla/5.0 (compatible; Baiduspider/2.0; +http://www.baidu.com/search/spider.html)"
180.76.15.149 - - [25/Jan/2016:12:34:16 -0800] "GET / HTTP/1.1" 200 6995 "-" "Mozilla/5.0 (compatible; Baiduspider/2.0; +http://www.baidu.com/search/spider.html)"
73.70.57.184 - - [25/Jan/2016:12:35:03 -0800] "GET /images/wsis-logo-sm.png HTTP/1.1" 200 6108 "http://www.thebackcountry.net/" "Mozilla/5.0 (X11; CrOS x86_64 7520.67.0) AppleWebKit/537.36 (KHTML, like Gecko) Chrome/47.0.2526.110 Safari/537.36"
170.75.162.130 - - [25/Jan/2016:12:39:05 -0800] "GET /lib/reccapi.php?resort=sunvalley HTTP/1.1" 200 968 "-" "node-superagent/1.4.0"
66.249.79.220 - - [25/Jan/2016:12:42:52 -0800] "GET /lib/reccapi.php?resort=missionridge&date=2016-01-23 HTTP/1.1" 200 1108 "http://whereshouldiski.com/" "Mozilla/5.0 (compatible; Googlebot/2.1; +http://www.google.com/bot.html)"
66.249.79.220 - - [25/Jan/2016:12:42:53 -0800] "GET /lib/reccapi.php?fields=t&date=2016-01-23&coords=47.28%2C-120.39&size=7&sort=distance HTTP/1.1" 200 1407 "http://whereshouldiski.com/" "Mozilla/5.0 (compatible; Googlebot/2.1; +http://www.google.com/bot.html)"
66.249.79.220 - - [25/Jan/2016:12:42:53 -0800] "GET /lib/resortDataSearchD3.php?size=7&sortDate=T&resort=missionridge&dateStart=2016-01-21 HTTP/1.1" 200 880 "http://whereshouldiski.com/" "Mozilla/5.0 (compatible; Googlebot/2.1; +http://www.google.com/bot.html)"
180.76.15.21 - - [25/Jan/2016:12:44:46 -0800] "GET /resorts?resort=cannonmountain HTTP/1.1" 404 469 "-" "Mozilla/5.0 (compatible; Baiduspider/2.0; +http://www.baidu.com/search/spider.html)"
50.193.27.138 - - [25/Jan/2016:12:46:20 -0800] "GET /images/wsis-logo-sm.png HTTP/1.1" 200 6108 "http://www.thebackcountry.net/" "Mozilla/5.0 (Windows NT 6.1; WOW64) AppleWebKit/537.36 (KHTML, like Gecko) Chrome/47.0.2526.111 Safari/537.36"
157.55.39.169 - - [25/Jan/2016:12:47:57 -0800] "GET / HTTP/1.1" 200 2615 "-" "Mozilla/5.0 (compatible; bingbot/2.0; +http://www.bing.com/bingbot.htm)"
207.241.237.226 - - [25/Jan/2016:12:48:35 -0800] "GET /robots.txt HTTP/1.0" 200 338 "-" "Mozilla/5.0 (compatible; archive.org_bot +http://www.archive.org/details/archive.org_bot)"
207.241.237.226 - - [25/Jan/2016:12:48:38 -0800] "GET / HTTP/1.0" 200 6995 "http://backcountryturns.com/" "Mozilla/5.0 (compatible; archive.org_bot +http://www.archive.org/details/archive.org_bot)"
170.75.162.130 - - [25/Jan/2016:12:57:47 -0800] "GET /lib/reccapi.php?resort=sugarbush HTTP/1.1" 200 990 "-" "node-superagent/1.4.0"
73.231.79.34 - - [25/Jan/2016:13:00:18 -0800] "GET /images/wsis-logo-sm.png HTTP/1.1" 200 6108 "http://www.thebackcountry.net/" "Mozilla/5.0 (Macintosh; Intel Mac OS X 10_8_5) AppleWebKit/537.36 (KHTML, like Gecko) Chrome/47.0.2526.106 Safari/537.36"
170.75.162.130 - - [25/Jan/2016:13:00:58 -0800] "GET /lib/reccapi.php?resort=squawvalleyusa HTTP/1.1" 200 1002 "-" "node-superagent/1.4.0"
170.75.162.130 - - [25/Jan/2016:13:04:08 -0800] "GET /lib/reccapi.php?resort=stowe HTTP/1.1" 200 963 "-" "node-superagent/1.4.0"
