166.216.157.51 - - [28/Jun/2015:12:08:01 -0700] "GET /im/api.php?bib=1690&r=0.851896587992087&raceId=2147483690&raceName=cda&startTime=05:45:00 HTTP/1.1" 200 1246 "http://ericfahsl.com/im/" "Mozilla/5.0 (iPhone; CPU iPhone OS 8_3 like Mac OS X) AppleWebKit/600.1.4 (KHTML, like Gecko) Version/8.0 Mobile/12F70 Safari/600.1.4"
166.216.157.51 - - [28/Jun/2015:12:08:03 -0700] "GET /im/api.php?bib=1995&r=0.719700834248215&raceId=2147483690&raceName=cda&startTime=05:45:00 HTTP/1.1" 200 1279 "http://ericfahsl.com/im/" "Mozilla/5.0 (iPhone; CPU iPhone OS 8_3 like Mac OS X) AppleWebKit/600.1.4 (KHTML, like Gecko) Version/8.0 Mobile/12F70 Safari/600.1.4"
166.216.157.51 - - [28/Jun/2015:12:08:03 -0700] "GET /im/api.php?bib=2021&r=0.7175205640960485&raceId=2147483690&raceName=cda&startTime=05:45:00 HTTP/1.1" 200 1273 "http://ericfahsl.com/im/" "Mozilla/5.0 (iPhone; CPU iPhone OS 8_3 like Mac OS X) AppleWebKit/600.1.4 (KHTML, like Gecko) Version/8.0 Mobile/12F70 Safari/600.1.4"
127.0.0.1 - - [28/Jun/2015:12:08:06 -0700] "OPTIONS * HTTP/1.0" 200 126 "-" "Apache/2.2.22 (Ubuntu) (internal dummy connection)"
71.14.161.50 - - [28/Jun/2015:12:08:52 -0700] "GET /im/api.php?bib=1690&r=0.16891398606821895&raceId=2147483690&raceName=cda&startTime=05:45:00 HTTP/1.1" 200 1246 "http://ericfahsl.com/im/" "Mozilla/5.0 (Macintosh; Intel Mac OS X 10_6_8) AppleWebKit/537.36 (KHTML, like Gecko) Chrome/43.0.2357.124 Safari/537.36"
71.14.161.50 - - [28/Jun/2015:12:08:52 -0700] "GET /im/api.php?bib=773&r=0.3262683202046901&raceId=2147483690&raceName=cda&startTime=05:45:00 HTTP/1.1" 200 1254 "http://ericfahsl.com/im/" "Mozilla/5.0 (Macintosh; Intel Mac OS X 10_6_8) AppleWebKit/537.36 (KHTML, like Gecko) Chrome/43.0.2357.124 Safari/537.36"
71.14.161.50 - - [28/Jun/2015:12:08:53 -0700] "GET /im/api.php?bib=1786&r=0.5428533470258117&raceId=2147483690&raceName=cda&startTime=05:45:00 HTTP/1.1" 200 1262 "http://ericfahsl.com/im/" "Mozilla/5.0 (Macintosh; Intel Mac OS X 10_6_8) AppleWebKit/537.36 (KHTML, like Gecko) Chrome/43.0.2357.124 Safari/537.36"
71.14.161.50 - - [28/Jun/2015:12:08:53 -0700] "GET /im/api.php?bib=2012&r=0.6841222723014653&raceId=2147483690&raceName=cda&startTime=05:45:00 HTTP/1.1" 200 1265 "http://ericfahsl.com/im/" "Mozilla/5.0 (Macintosh; Intel Mac OS X 10_6_8) AppleWebKit/537.36 (KHTML, like Gecko) Chrome/43.0.2357.124 Safari/537.36"
71.14.161.50 - - [28/Jun/2015:12:08:53 -0700] "GET /im/api.php?bib=1780&r=0.5760652641765773&raceId=2147483690&raceName=cda&startTime=05:45:00 HTTP/1.1" 200 1253 "http://ericfahsl.com/im/" "Mozilla/5.0 (Macintosh; Intel Mac OS X 10_6_8) AppleWebKit/537.36 (KHTML, like Gecko) Chrome/43.0.2357.124 Safari/537.36"
71.14.161.50 - - [28/Jun/2015:12:08:53 -0700] "GET /im/api.php?bib=1358&r=0.6985974337439984&raceId=2147483690&raceName=cda&startTime=05:45:00 HTTP/1.1" 200 1262 "http://ericfahsl.com/im/" "Mozilla/5.0 (Macintosh; Intel Mac OS X 10_6_8) AppleWebKit/537.36 (KHTML, like Gecko) Chrome/43.0.2357.124 Safari/537.36"
71.14.161.50 - - [28/Jun/2015:12:08:53 -0700] "GET /im/api.php?bib=1995&r=0.8225112280342728&raceId=2147483690&raceName=cda&startTime=05:45:00 HTTP/1.1" 200 1279 "http://ericfahsl.com/im/" "Mozilla/5.0 (Macintosh; Intel Mac OS X 10_6_8) AppleWebKit/537.36 (KHTML, like Gecko) Chrome/43.0.2357.124 Safari/537.36"
71.14.161.50 - - [28/Jun/2015:12:08:53 -0700] "GET /im/api.php?bib=2021&r=0.043263008119538426&raceId=2147483690&raceName=cda&startTime=05:45:00 HTTP/1.1" 200 1273 "http://ericfahsl.com/im/" "Mozilla/5.0 (Macintosh; Intel Mac OS X 10_6_8) AppleWebKit/537.36 (KHTML, like Gecko) Chrome/43.0.2357.124 Safari/537.36"
127.0.0.1 - - [28/Jun/2015:12:09:00 -0700] "OPTIONS * HTTP/1.0" 200 126 "-" "Apache/2.2.22 (Ubuntu) (internal dummy connection)"
127.0.0.1 - - [28/Jun/2015:12:09:01 -0700] "OPTIONS * HTTP/1.0" 200 126 "-" "Apache/2.2.22 (Ubuntu) (internal dummy connection)"
127.0.0.1 - - [28/Jun/2015:12:09:02 -0700] "OPTIONS * HTTP/1.0" 200 126 "-" "Apache/2.2.22 (Ubuntu) (internal dummy connection)"
127.0.0.1 - - [28/Jun/2015:12:09:03 -0700] "OPTIONS * HTTP/1.0" 200 126 "-" "Apache/2.2.22 (Ubuntu) (internal dummy connection)"
127.0.0.1 - - [28/Jun/2015:12:09:04 -0700] "OPTIONS * HTTP/1.0" 200 126 "-" "Apache/2.2.22 (Ubuntu) (internal dummy connection)"
127.0.0.1 - - [28/Jun/2015:12:09:05 -0700] "OPTIONS * HTTP/1.0" 200 126 "-" "Apache/2.2.22 (Ubuntu) (internal dummy connection)"
127.0.0.1 - - [28/Jun/2015:12:09:06 -0700] "OPTIONS * HTTP/1.0" 200 126 "-" "Apache/2.2.22 (Ubuntu) (internal dummy connection)"
170.75.162.130 - - [28/Jun/2015:12:09:10 -0700] "GET /lib/reccapi.php?resort=stowe HTTP/1.1" 200 1039 "-" "node-superagent/0.18.2"
170.75.162.130 - - [28/Jun/2015:12:09:10 -0700] "GET /lib/reccapi.php?resort=sugarbush HTTP/1.1" 200 1057 "-" "node-superagent/0.18.2"
170.75.162.130 - - [28/Jun/2015:12:09:10 -0700] "GET /lib/reccapi.php?resort=jaypeak HTTP/1.1" 200 1068 "-" "node-superagent/0.18.2"
170.75.162.130 - - [28/Jun/2015:12:09:10 -0700] "GET /lib/reccapi.php?resort=smugglersnotch HTTP/1.1" 200 1050 "-" "node-superagent/0.18.2"
66.249.79.53 - - [28/Jun/2015:12:09:43 -0700] "GET /robots.txt HTTP/1.1" 200 419 "-" "Mozilla/5.0 (compatible; Googlebot/2.1; +http://www.google.com/bot.html)"
66.249.79.53 - - [28/Jun/2015:12:09:43 -0700] "GET /resorts?resort=bridgerbowl&date=2013-06-14 HTTP/1.1" 404 508 "-" "Mozilla/5.0 (iPhone; CPU iPhone OS 6_0 like Mac OS X) AppleWebKit/536.26 (KHTML, like Gecko) Version/6.0 Mobile/10A5376e Safari/8536.25 (compatible; Googlebot/2.1; +http://www.google.com/bot.html)"
170.75.162.130 - - [28/Jun/2015:12:13:20 -0700] "GET /lib/reccapi.php?resort=squawvalleyusa HTTP/1.1" 200 1039 "-" "node-superagent/0.18.2"
75.111.100.217 - - [28/Jun/2015:12:13:54 -0700] "GET /images/wsis-logo-sm.png HTTP/1.1" 200 6108 "http://www.thebackcountry.net/" "Mozilla/5.0 (Linux; Android 5.0; SAMSUNG SM-G900P Build/LRX21T) AppleWebKit/537.36 (KHTML, like Gecko) SamsungBrowser/2.1 Chrome/34.0.1847.76 Mobile Safari/537.36"
170.75.162.130 - - [28/Jun/2015:12:15:00 -0700] "GET /lib/reccapi.php?resort=hoodoo HTTP/1.1" 200 1038 "-" "node-superagent/0.18.2"
180.76.15.160 - - [28/Jun/2015:12:22:55 -0700] "GET /robots.txt HTTP/1.1" 200 382 "-" "Mozilla/5.0 (Windows NT 5.1; rv:6.0.2) Gecko/20100101 Firefox/6.0.2"
75.111.99.212 - - [28/Jun/2015:12:23:03 -0700] "GET /images/wsis-logo-sm.png HTTP/1.1" 200 6108 "http://www.thebackcountry.net/" "Mozilla/5.0 (Windows NT 6.3; WOW64) AppleWebKit/537.36 (KHTML, like Gecko) Chrome/43.0.2357.130 Safari/537.36"
66.249.83.129 - - [28/Jun/2015:12:25:09 -0700] "GET /images/wsis-logo-sm.png HTTP/1.1" 200 6108 "http://www.thebackcountry.net/" "Mozilla/5.0 (iPhone; CPU iPhone OS 8_3 like Mac OS X) AppleWebKit/600.1.4 (KHTML, like Gecko) CriOS/43.0.2357.61 Mobile/12F70 Safari/600.1.4"
24.143.77.191 - - [28/Jun/2015:12:28:33 -0700] "GET /im/api.php?bib=773&r=0.7428863535169512&raceId=2147483690&raceName=cda&startTime=05:45:00 HTTP/1.1" 200 1254 "http://ericfahsl.com/im/" "Mozilla/5.0 (iPhone; CPU iPhone OS 8_3 like Mac OS X) AppleWebKit/600.1.4 (KHTML, like Gecko) Version/8.0 Mobile/12F70 Safari/600.1.4"
24.143.77.191 - - [28/Jun/2015:12:28:33 -0700] "GET /im/api.php?bib=1786&r=0.2723354399204254&raceId=2147483690&raceName=cda&startTime=05:45:00 HTTP/1.1" 200 1262 "http://ericfahsl.com/im/" "Mozilla/5.0 (iPhone; CPU iPhone OS 8_3 like Mac OS X) AppleWebKit/600.1.4 (KHTML, like Gecko) Version/8.0 Mobile/12F70 Safari/600.1.4"
24.143.77.191 - - [28/Jun/2015:12:28:33 -0700] "GET /im/api.php?bib=1780&r=0.8755084439180791&raceId=2147483690&raceName=cda&startTime=05:45:00 HTTP/1.1" 200 1253 "http://ericfahsl.com/im/" "Mozilla/5.0 (iPhone; CPU iPhone OS 8_3 like Mac OS X) AppleWebKit/600.1.4 (KHTML, like Gecko) Version/8.0 Mobile/12F70 Safari/600.1.4"
24.143.77.191 - - [28/Jun/2015:12:28:33 -0700] "GET /im/api.php?bib=1690&r=0.02162796538323164&raceId=2147483690&raceName=cda&startTime=05:45:00 HTTP/1.1" 200 1246 "http://ericfahsl.com/im/" "Mozilla/5.0 (iPhone; CPU iPhone OS 8_3 like Mac OS X) AppleWebKit/600.1.4 (KHTML, like Gecko) Version/8.0 Mobile/12F70 Safari/600.1.4"
24.143.77.191 - - [28/Jun/2015:12:28:33 -0700] "GET /im/api.php?bib=1358&r=0.16956514795310795&raceId=2147483690&raceName=cda&startTime=05:45:00 HTTP/1.1" 200 1262 "http://ericfahsl.com/im/" "Mozilla/5.0 (iPhone; CPU iPhone OS 8_3 like Mac OS X) AppleWebKit/600.1.4 (KHTML, like Gecko) Version/8.0 Mobile/12F70 Safari/600.1.4"
24.143.77.191 - - [28/Jun/2015:12:28:33 -0700] "GET /im/api.php?bib=1995&r=0.01305258134379983&raceId=2147483690&raceName=cda&startTime=05:45:00 HTTP/1.1" 200 1281 "http://ericfahsl.com/im/" "Mozilla/5.0 (iPhone; CPU iPhone OS 8_3 like Mac OS X) AppleWebKit/600.1.4 (KHTML, like Gecko) Version/8.0 Mobile/12F70 Safari/600.1.4"
24.143.77.191 - - [28/Jun/2015:12:28:34 -0700] "GET /im/api.php?bib=2012&r=0.9986716858111322&raceId=2147483690&raceName=cda&startTime=05:45:00 HTTP/1.1" 200 1264 "http://ericfahsl.com/im/" "Mozilla/5.0 (iPhone; CPU iPhone OS 8_3 like Mac OS X) AppleWebKit/600.1.4 (KHTML, like Gecko) Version/8.0 Mobile/12F70 Safari/600.1.4"
24.143.77.191 - - [28/Jun/2015:12:28:35 -0700] "GET /im/api.php?bib=2021&r=0.8185374669265002&raceId=2147483690&raceName=cda&startTime=05:45:00 HTTP/1.1" 200 1273 "http://ericfahsl.com/im/" "Mozilla/5.0 (iPhone; CPU iPhone OS 8_3 like Mac OS X) AppleWebKit/600.1.4 (KHTML, like Gecko) Version/8.0 Mobile/12F70 Safari/600.1.4"
127.0.0.1 - - [28/Jun/2015:12:28:41 -0700] "OPTIONS * HTTP/1.0" 200 126 "-" "Apache/2.2.22 (Ubuntu) (internal dummy connection)"
24.143.77.191 - - [28/Jun/2015:12:31:04 -0700] "GET /im/api.php?bib=1690&r=0.12112348666414618&raceId=2147483690&raceName=cda&startTime=05:45:00 HTTP/1.1" 200 1268 "http://ericfahsl.com/im/" "Mozilla/5.0 (iPhone; CPU iPhone OS 8_3 like Mac OS X) AppleWebKit/600.1.4 (KHTML, like Gecko) Version/8.0 Mobile/12F70 Safari/600.1.4"
24.19.12.187 - - [28/Jun/2015:12:37:57 -0700] "GET /im/api.php?bib=1690&r=0.6292510666761687&raceId=2147483690&raceName=cda&startTime=05:45:00 HTTP/1.1" 200 1268 "http://ericfahsl.com/im/" "Mozilla/5.0 (Macintosh; Intel Mac OS X 10.10; rv:38.0) Gecko/20100101 Firefox/38.0"
24.19.12.187 - - [28/Jun/2015:12:37:57 -0700] "GET /im/api.php?bib=1358&r=0.19104113042355142&raceId=2147483690&raceName=cda&startTime=05:45:00 HTTP/1.1" 200 1262 "http://ericfahsl.com/im/" "Mozilla/5.0 (Macintosh; Intel Mac OS X 10.10; rv:38.0) Gecko/20100101 Firefox/38.0"
24.19.12.187 - - [28/Jun/2015:12:37:57 -0700] "GET /im/api.php?bib=1786&r=0.7400007236582241&raceId=2147483690&raceName=cda&startTime=05:45:00 HTTP/1.1" 200 1262 "http://ericfahsl.com/im/" "Mozilla/5.0 (Macintosh; Intel Mac OS X 10.10; rv:38.0) Gecko/20100101 Firefox/38.0"
24.19.12.187 - - [28/Jun/2015:12:37:57 -0700] "GET /im/api.php?bib=773&r=0.37861715240545835&raceId=2147483690&raceName=cda&startTime=05:45:00 HTTP/1.1" 200 1274 "http://ericfahsl.com/im/" "Mozilla/5.0 (Macintosh; Intel Mac OS X 10.10; rv:38.0) Gecko/20100101 Firefox/38.0"
24.19.12.187 - - [28/Jun/2015:12:37:57 -0700] "GET /im/api.php?bib=1780&r=0.44650231831511034&raceId=2147483690&raceName=cda&startTime=05:45:00 HTTP/1.1" 200 1253 "http://ericfahsl.com/im/" "Mozilla/5.0 (Macintosh; Intel Mac OS X 10.10; rv:38.0) Gecko/20100101 Firefox/38.0"
24.19.12.187 - - [28/Jun/2015:12:37:57 -0700] "GET /im/api.php?bib=2012&r=0.4516239003942011&raceId=2147483690&raceName=cda&startTime=05:45:00 HTTP/1.1" 200 1265 "http://ericfahsl.com/im/" "Mozilla/5.0 (Macintosh; Intel Mac OS X 10.10; rv:38.0) Gecko/20100101 Firefox/38.0"
24.19.12.187 - - [28/Jun/2015:12:37:58 -0700] "GET /im/api.php?bib=1995&r=0.9936279875079573&raceId=2147483690&raceName=cda&startTime=05:45:00 HTTP/1.1" 200 1279 "http://ericfahsl.com/im/" "Mozilla/5.0 (Macintosh; Intel Mac OS X 10.10; rv:38.0) Gecko/20100101 Firefox/38.0"
24.19.12.187 - - [28/Jun/2015:12:37:58 -0700] "GET /im/api.php?bib=2021&r=0.13421484614293278&raceId=2147483690&raceName=cda&startTime=05:45:00 HTTP/1.1" 200 1273 "http://ericfahsl.com/im/" "Mozilla/5.0 (Macintosh; Intel Mac OS X 10.10; rv:38.0) Gecko/20100101 Firefox/38.0"
127.0.0.1 - - [28/Jun/2015:12:38:04 -0700] "OPTIONS * HTTP/1.0" 200 126 "-" "Apache/2.2.22 (Ubuntu) (internal dummy connection)"
107.77.75.26 - - [28/Jun/2015:12:48:58 -0700] "GET /im/api.php?bib=1780&r=0.002950966591015458&raceId=2147483690&raceName=cda&startTime=05:45:00 HTTP/1.1" 200 1253 "http://ericfahsl.com/im/" "Mozilla/5.0 (iPhone; CPU iPhone OS 8_1_3 like Mac OS X) AppleWebKit/600.1.4 (KHTML, like Gecko) Mobile/12B466 [FBAN/FBIOS;FBAV/31.0.0.44.261;FBBV/10598108;FBDV/iPhone7,2;FBMD/iPhone;FBSN/iPhone OS;FBSV/8.1.3;FBSS/2; FBCR/AT&T;FBID/phone;FBLC/en_US;FBOP/5]"
107.77.75.26 - - [28/Jun/2015:12:48:58 -0700] "GET /im/api.php?bib=773&r=0.46253675874322653&raceId=2147483690&raceName=cda&startTime=05:45:00 HTTP/1.1" 200 1274 "http://ericfahsl.com/im/" "Mozilla/5.0 (iPhone; CPU iPhone OS 8_1_3 like Mac OS X) AppleWebKit/600.1.4 (KHTML, like Gecko) Mobile/12B466 [FBAN/FBIOS;FBAV/31.0.0.44.261;FBBV/10598108;FBDV/iPhone7,2;FBMD/iPhone;FBSN/iPhone OS;FBSV/8.1.3;FBSS/2; FBCR/AT&T;FBID/phone;FBLC/en_US;FBOP/5]"
107.77.75.26 - - [28/Jun/2015:12:48:58 -0700] "GET /im/api.php?bib=1690&r=0.6860310537740588&raceId=2147483690&raceName=cda&startTime=05:45:00 HTTP/1.1" 200 1267 "http://ericfahsl.com/im/" "Mozilla/5.0 (iPhone; CPU iPhone OS 8_1_3 like Mac OS X) AppleWebKit/600.1.4 (KHTML, like Gecko) Mobile/12B466 [FBAN/FBIOS;FBAV/31.0.0.44.261;FBBV/10598108;FBDV/iPhone7,2;FBMD/iPhone;FBSN/iPhone OS;FBSV/8.1.3;FBSS/2; FBCR/AT&T;FBID/phone;FBLC/en_US;FBOP/5]"
107.77.75.26 - - [28/Jun/2015:12:48:58 -0700] "GET /im/api.php?bib=1786&r=0.5914204332511872&raceId=2147483690&raceName=cda&startTime=05:45:00 HTTP/1.1" 200 1262 "http://ericfahsl.com/im/" "Mozilla/5.0 (iPhone; CPU iPhone OS 8_1_3 like Mac OS X) AppleWebKit/600.1.4 (KHTML, like Gecko) Mobile/12B466 [FBAN/FBIOS;FBAV/31.0.0.44.261;FBBV/10598108;FBDV/iPhone7,2;FBMD/iPhone;FBSN/iPhone OS;FBSV/8.1.3;FBSS/2; FBCR/AT&T;FBID/phone;FBLC/en_US;FBOP/5]"
107.77.75.26 - - [28/Jun/2015:12:48:59 -0700] "GET /im/api.php?bib=2012&r=0.11781688686460257&raceId=2147483690&raceName=cda&startTime=05:45:00 HTTP/1.1" 200 1264 "http://ericfahsl.com/im/" "Mozilla/5.0 (iPhone; CPU iPhone OS 8_1_3 like Mac OS X) AppleWebKit/600.1.4 (KHTML, like Gecko) Mobile/12B466 [FBAN/FBIOS;FBAV/31.0.0.44.261;FBBV/10598108;FBDV/iPhone7,2;FBMD/iPhone;FBSN/iPhone OS;FBSV/8.1.3;FBSS/2; FBCR/AT&T;FBID/phone;FBLC/en_US;FBOP/5]"
107.77.75.26 - - [28/Jun/2015:12:49:00 -0700] "GET /im/api.php?bib=1358&r=0.1536105559207499&raceId=2147483690&raceName=cda&startTime=05:45:00 HTTP/1.1" 200 1261 "http://ericfahsl.com/im/" "Mozilla/5.0 (iPhone; CPU iPhone OS 8_1_3 like Mac OS X) AppleWebKit/600.1.4 (KHTML, like Gecko) Mobile/12B466 [FBAN/FBIOS;FBAV/31.0.0.44.261;FBBV/10598108;FBDV/iPhone7,2;FBMD/iPhone;FBSN/iPhone OS;FBSV/8.1.3;FBSS/2; FBCR/AT&T;FBID/phone;FBLC/en_US;FBOP/5]"
107.77.75.26 - - [28/Jun/2015:12:49:00 -0700] "GET /im/api.php?bib=1995&r=0.08111692173406482&raceId=2147483690&raceName=cda&startTime=05:45:00 HTTP/1.1" 200 1279 "http://ericfahsl.com/im/" "Mozilla/5.0 (iPhone; CPU iPhone OS 8_1_3 like Mac OS X) AppleWebKit/600.1.4 (KHTML, like Gecko) Mobile/12B466 [FBAN/FBIOS;FBAV/31.0.0.44.261;FBBV/10598108;FBDV/iPhone7,2;FBMD/iPhone;FBSN/iPhone OS;FBSV/8.1.3;FBSS/2; FBCR/AT&T;FBID/phone;FBLC/en_US;FBOP/5]"
107.77.75.26 - - [28/Jun/2015:12:49:01 -0700] "GET /im/api.php?bib=2021&r=0.21942267869599164&raceId=2147483690&raceName=cda&startTime=05:45:00 HTTP/1.1" 200 1273 "http://ericfahsl.com/im/" "Mozilla/5.0 (iPhone; CPU iPhone OS 8_1_3 like Mac OS X) AppleWebKit/600.1.4 (KHTML, like Gecko) Mobile/12B466 [FBAN/FBIOS;FBAV/31.0.0.44.261;FBBV/10598108;FBDV/iPhone7,2;FBMD/iPhone;FBSN/iPhone OS;FBSV/8.1.3;FBSS/2; FBCR/AT&T;FBID/phone;FBLC/en_US;FBOP/5]"
172.56.33.82 - - [28/Jun/2015:12:49:50 -0700] "GET /im/api.php?bib=773&r=0.635783723089844&raceId=2147483690&raceName=cda&startTime=05:45:00 HTTP/1.1" 200 1274 "http://ericfahsl.com/im/" "Mozilla/5.0 (Linux; U; Android 4.3; en-us; SGH-T999 Build/JSS15J) AppleWebKit/534.30 (KHTML, like Gecko) Version/4.0 Mobile Safari/534.30"
172.56.33.82 - - [28/Jun/2015:12:50:16 -0700] "GET /im/api.php?bib=1690&r=0.6446691264864057&raceId=2147483690&raceName=cda&startTime=05:45:00 HTTP/1.1" 200 1267 "http://ericfahsl.com/im/" "Mozilla/5.0 (Linux; U; Android 4.3; en-us; SGH-T999 Build/JSS15J) AppleWebKit/534.30 (KHTML, like Gecko) Version/4.0 Mobile Safari/534.30"
172.56.33.82 - - [28/Jun/2015:12:50:17 -0700] "GET /im/api.php?bib=1358&r=0.2738668383099139&raceId=2147483690&raceName=cda&startTime=05:45:00 HTTP/1.1" 200 1263 "http://ericfahsl.com/im/" "Mozilla/5.0 (Linux; U; Android 4.3; en-us; SGH-T999 Build/JSS15J) AppleWebKit/534.30 (KHTML, like Gecko) Version/4.0 Mobile Safari/534.30"
172.56.33.82 - - [28/Jun/2015:12:50:16 -0700] "GET /im/api.php?bib=1780&r=0.6306022396311164&raceId=2147483690&raceName=cda&startTime=05:45:00 HTTP/1.1" 200 1253 "http://ericfahsl.com/im/" "Mozilla/5.0 (Linux; U; Android 4.3; en-us; SGH-T999 Build/JSS15J) AppleWebKit/534.30 (KHTML, like Gecko) Version/4.0 Mobile Safari/534.30"
172.56.33.82 - - [28/Jun/2015:12:50:17 -0700] "GET /im/api.php?bib=2012&r=0.4130842359736562&raceId=2147483690&raceName=cda&startTime=05:45:00 HTTP/1.1" 200 1265 "http://ericfahsl.com/im/" "Mozilla/5.0 (Linux; U; Android 4.3; en-us; SGH-T999 Build/JSS15J) AppleWebKit/534.30 (KHTML, like Gecko) Version/4.0 Mobile Safari/534.30"
172.56.33.82 - - [28/Jun/2015:12:50:16 -0700] "GET /im/api.php?bib=773&r=0.3577003867831081&raceId=2147483690&raceName=cda&startTime=05:45:00 HTTP/1.1" 200 1273 "http://ericfahsl.com/im/" "Mozilla/5.0 (Linux; U; Android 4.3; en-us; SGH-T999 Build/JSS15J) AppleWebKit/534.30 (KHTML, like Gecko) Version/4.0 Mobile Safari/534.30"
172.56.33.82 - - [28/Jun/2015:12:50:17 -0700] "GET /im/api.php?bib=2021&r=0.40955274272710085&raceId=2147483690&raceName=cda&startTime=05:45:00 HTTP/1.1" 200 1275 "http://ericfahsl.com/im/" "Mozilla/5.0 (Linux; U; Android 4.3; en-us; SGH-T999 Build/JSS15J) AppleWebKit/534.30 (KHTML, like Gecko) Version/4.0 Mobile Safari/534.30"
172.56.33.82 - - [28/Jun/2015:12:50:17 -0700] "GET /im/api.php?bib=1786&r=0.64692860445939&raceId=2147483690&raceName=cda&startTime=05:45:00 HTTP/1.1" 200 1263 "http://ericfahsl.com/im/" "Mozilla/5.0 (Linux; U; Android 4.3; en-us; SGH-T999 Build/JSS15J) AppleWebKit/534.30 (KHTML, like Gecko) Version/4.0 Mobile Safari/534.30"
172.56.33.82 - - [28/Jun/2015:12:50:17 -0700] "GET /im/api.php?bib=1995&r=0.3592036943882704&raceId=2147483690&raceName=cda&startTime=05:45:00 HTTP/1.1" 200 1280 "http://ericfahsl.com/im/" "Mozilla/5.0 (Linux; U; Android 4.3; en-us; SGH-T999 Build/JSS15J) AppleWebKit/534.30 (KHTML, like Gecko) Version/4.0 Mobile Safari/534.30"
127.0.0.1 - - [28/Jun/2015:12:50:21 -0700] "OPTIONS * HTTP/1.0" 200 126 "-" "Apache/2.2.22 (Ubuntu) (internal dummy connection)"
127.0.0.1 - - [28/Jun/2015:12:50:22 -0700] "OPTIONS * HTTP/1.0" 200 126 "-" "Apache/2.2.22 (Ubuntu) (internal dummy connection)"
127.0.0.1 - - [28/Jun/2015:12:50:23 -0700] "OPTIONS * HTTP/1.0" 200 126 "-" "Apache/2.2.22 (Ubuntu) (internal dummy connection)"
180.76.15.11 - - [28/Jun/2015:12:53:58 -0700] "GET / HTTP/1.1" 200 6114 "-" "Mozilla/5.0 (compatible; Baiduspider/2.0; +http://www.baidu.com/search/spider.html)"
180.76.15.157 - - [28/Jun/2015:12:55:00 -0700] "GET / HTTP/1.1" 200 6114 "-" "Mozilla/5.0 (compatible; Baiduspider/2.0; +http://www.baidu.com/search/spider.html)"
172.56.33.82 - - [28/Jun/2015:12:57:43 -0700] "GET /im/api.php?bib=1995&r=0.3605700237676501&raceId=2147483690&raceName=cda&startTime=05:45:00 HTTP/1.1" 200 1280 "http://ericfahsl.com/im/" "Mozilla/5.0 (Linux; U; Android 4.3; en-us; SGH-T999 Build/JSS15J) AppleWebKit/534.30 (KHTML, like Gecko) Version/4.0 Mobile Safari/534.30"
172.56.33.82 - - [28/Jun/2015:12:57:43 -0700] "GET /im/api.php?bib=1995&r=0.3429527534171939&raceId=2147483690&raceName=cda&startTime=05:45:00 HTTP/1.1" 200 1280 "http://ericfahsl.com/im/" "Mozilla/5.0 (Linux; U; Android 4.3; en-us; SGH-T999 Build/JSS15J) AppleWebKit/534.30 (KHTML, like Gecko) Version/4.0 Mobile Safari/534.30"
172.56.33.82 - - [28/Jun/2015:12:57:54 -0700] "GET /im/api.php?bib=1780&r=0.6138773942366242&raceId=2147483690&raceName=cda&startTime=05:45:00 HTTP/1.1" 200 1252 "http://ericfahsl.com/im/" "Mozilla/5.0 (Linux; U; Android 4.3; en-us; SGH-T999 Build/JSS15J) AppleWebKit/534.30 (KHTML, like Gecko) Version/4.0 Mobile Safari/534.30"
172.56.33.82 - - [28/Jun/2015:12:57:54 -0700] "GET /im/api.php?bib=1690&r=0.45325801335275173&raceId=2147483690&raceName=cda&startTime=05:45:00 HTTP/1.1" 200 1267 "http://ericfahsl.com/im/" "Mozilla/5.0 (Linux; U; Android 4.3; en-us; SGH-T999 Build/JSS15J) AppleWebKit/534.30 (KHTML, like Gecko) Version/4.0 Mobile Safari/534.30"
172.56.33.82 - - [28/Jun/2015:12:57:54 -0700] "GET /im/api.php?bib=773&r=0.10395950265228748&raceId=2147483690&raceName=cda&startTime=05:45:00 HTTP/1.1" 200 1273 "http://ericfahsl.com/im/" "Mozilla/5.0 (Linux; U; Android 4.3; en-us; SGH-T999 Build/JSS15J) AppleWebKit/534.30 (KHTML, like Gecko) Version/4.0 Mobile Safari/534.30"
172.56.33.82 - - [28/Jun/2015:12:57:54 -0700] "GET /im/api.php?bib=1358&r=0.8333196840249002&raceId=2147483690&raceName=cda&startTime=05:45:00 HTTP/1.1" 200 1261 "http://ericfahsl.com/im/" "Mozilla/5.0 (Linux; U; Android 4.3; en-us; SGH-T999 Build/JSS15J) AppleWebKit/534.30 (KHTML, like Gecko) Version/4.0 Mobile Safari/534.30"
172.56.33.82 - - [28/Jun/2015:12:57:54 -0700] "GET /im/api.php?bib=1995&r=0.546239634277299&raceId=2147483690&raceName=cda&startTime=05:45:00 HTTP/1.1" 200 1280 "http://ericfahsl.com/im/" "Mozilla/5.0 (Linux; U; Android 4.3; en-us; SGH-T999 Build/JSS15J) AppleWebKit/534.30 (KHTML, like Gecko) Version/4.0 Mobile Safari/534.30"
172.56.33.82 - - [28/Jun/2015:12:57:54 -0700] "GET /im/api.php?bib=2012&r=0.015934514114633203&raceId=2147483690&raceName=cda&startTime=05:45:00 HTTP/1.1" 200 1265 "http://ericfahsl.com/im/" "Mozilla/5.0 (Linux; U; Android 4.3; en-us; SGH-T999 Build/JSS15J) AppleWebKit/534.30 (KHTML, like Gecko) Version/4.0 Mobile Safari/534.30"
172.56.33.82 - - [28/Jun/2015:12:57:54 -0700] "GET /im/api.php?bib=1786&r=0.8217190122231841&raceId=2147483690&raceName=cda&startTime=05:45:00 HTTP/1.1" 200 1262 "http://ericfahsl.com/im/" "Mozilla/5.0 (Linux; U; Android 4.3; en-us; SGH-T999 Build/JSS15J) AppleWebKit/534.30 (KHTML, like Gecko) Version/4.0 Mobile Safari/534.30"
172.56.33.82 - - [28/Jun/2015:12:57:54 -0700] "GET /im/api.php?bib=2021&r=0.23213852825574577&raceId=2147483690&raceName=cda&startTime=05:45:00 HTTP/1.1" 200 1274 "http://ericfahsl.com/im/" "Mozilla/5.0 (Linux; U; Android 4.3; en-us; SGH-T999 Build/JSS15J) AppleWebKit/534.30 (KHTML, like Gecko) Version/4.0 Mobile Safari/534.30"
127.0.0.1 - - [28/Jun/2015:12:57:58 -0700] "OPTIONS * HTTP/1.0" 200 126 "-" "Apache/2.2.22 (Ubuntu) (internal dummy connection)"
127.0.0.1 - - [28/Jun/2015:12:57:59 -0700] "OPTIONS * HTTP/1.0" 200 126 "-" "Apache/2.2.22 (Ubuntu) (internal dummy connection)"
127.0.0.1 - - [28/Jun/2015:12:58:00 -0700] "OPTIONS * HTTP/1.0" 200 126 "-" "Apache/2.2.22 (Ubuntu) (internal dummy connection)"
123.125.71.111 - - [28/Jun/2015:13:01:32 -0700] "-" 408 0 "-" "-"
66.249.79.250 - - [28/Jun/2015:13:02:23 -0700] "GET /resorts?resort=jaypeak HTTP/1.1" 404 506 "-" "Mozilla/5.0 (compatible; Googlebot/2.1; +http://www.google.com/bot.html)"
170.75.162.130 - - [28/Jun/2015:13:02:25 -0700] "GET /lib/reccapi.php?resort=whitefacemountain HTTP/1.1" 200 1060 "-" "node-superagent/0.18.2"
172.56.33.82 - - [28/Jun/2015:13:03:54 -0700] "GET /im/api.php?bib=1995&r=0.2197056224104017&raceId=2147483690&raceName=cda&startTime=05:45:00 HTTP/1.1" 200 1307 "http://ericfahsl.com/im/" "Mozilla/5.0 (Linux; U; Android 4.3; en-us; SGH-T999 Build/JSS15J) AppleWebKit/534.30 (KHTML, like Gecko) Version/4.0 Mobile Safari/534.30"
172.56.33.82 - - [28/Jun/2015:13:03:54 -0700] "GET /im/api.php?bib=1995&r=0.8298605910968035&raceId=2147483690&raceName=cda&startTime=05:45:00 HTTP/1.1" 200 1308 "http://ericfahsl.com/im/" "Mozilla/5.0 (Linux; U; Android 4.3; en-us; SGH-T999 Build/JSS15J) AppleWebKit/534.30 (KHTML, like Gecko) Version/4.0 Mobile Safari/534.30"
166.216.157.51 - - [28/Jun/2015:13:04:22 -0700] "GET /im/api.php?bib=1690&r=0.9899229304865003&raceId=2147483690&raceName=cda&startTime=05:45:00 HTTP/1.1" 200 1267 "http://ericfahsl.com/im/" "Mozilla/5.0 (iPhone; CPU iPhone OS 8_3 like Mac OS X) AppleWebKit/600.1.4 (KHTML, like Gecko) Version/8.0 Mobile/12F70 Safari/600.1.4"
166.216.157.51 - - [28/Jun/2015:13:04:22 -0700] "GET /im/api.php?bib=773&r=0.9039901434443891&raceId=2147483690&raceName=cda&startTime=05:45:00 HTTP/1.1" 200 1273 "http://ericfahsl.com/im/" "Mozilla/5.0 (iPhone; CPU iPhone OS 8_3 like Mac OS X) AppleWebKit/600.1.4 (KHTML, like Gecko) Version/8.0 Mobile/12F70 Safari/600.1.4"
166.216.157.51 - - [28/Jun/2015:13:04:22 -0700] "GET /im/api.php?bib=1786&r=0.045786028262227774&raceId=2147483690&raceName=cda&startTime=05:45:00 HTTP/1.1" 200 1263 "http://ericfahsl.com/im/" "Mozilla/5.0 (iPhone; CPU iPhone OS 8_3 like Mac OS X) AppleWebKit/600.1.4 (KHTML, like Gecko) Version/8.0 Mobile/12F70 Safari/600.1.4"
166.216.157.51 - - [28/Jun/2015:13:04:22 -0700] "GET /im/api.php?bib=1780&r=0.11684738378971815&raceId=2147483690&raceName=cda&startTime=05:45:00 HTTP/1.1" 200 1253 "http://ericfahsl.com/im/" "Mozilla/5.0 (iPhone; CPU iPhone OS 8_3 like Mac OS X) AppleWebKit/600.1.4 (KHTML, like Gecko) Version/8.0 Mobile/12F70 Safari/600.1.4"
166.216.157.51 - - [28/Jun/2015:13:04:23 -0700] "GET /im/api.php?bib=2012&r=0.014575122622773051&raceId=2147483690&raceName=cda&startTime=05:45:00 HTTP/1.1" 200 1265 "http://ericfahsl.com/im/" "Mozilla/5.0 (iPhone; CPU iPhone OS 8_3 like Mac OS X) AppleWebKit/600.1.4 (KHTML, like Gecko) Version/8.0 Mobile/12F70 Safari/600.1.4"
166.216.157.51 - - [28/Jun/2015:13:04:23 -0700] "GET /im/api.php?bib=1358&r=0.5912377818021923&raceId=2147483690&raceName=cda&startTime=05:45:00 HTTP/1.1" 200 1263 "http://ericfahsl.com/im/" "Mozilla/5.0 (iPhone; CPU iPhone OS 8_3 like Mac OS X) AppleWebKit/600.1.4 (KHTML, like Gecko) Version/8.0 Mobile/12F70 Safari/600.1.4"
166.216.157.51 - - [28/Jun/2015:13:04:24 -0700] "GET /im/api.php?bib=1995&r=0.34651634516194463&raceId=2147483690&raceName=cda&startTime=05:45:00 HTTP/1.1" 200 1307 "http://ericfahsl.com/im/" "Mozilla/5.0 (iPhone; CPU iPhone OS 8_3 like Mac OS X) AppleWebKit/600.1.4 (KHTML, like Gecko) Version/8.0 Mobile/12F70 Safari/600.1.4"
166.216.157.51 - - [28/Jun/2015:13:04:24 -0700] "GET /im/api.php?bib=2021&r=0.6289573009125888&raceId=2147483690&raceName=cda&startTime=05:45:00 HTTP/1.1" 200 1272 "http://ericfahsl.com/im/" "Mozilla/5.0 (iPhone; CPU iPhone OS 8_3 like Mac OS X) AppleWebKit/600.1.4 (KHTML, like Gecko) Version/8.0 Mobile/12F70 Safari/600.1.4"
127.0.0.1 - - [28/Jun/2015:13:04:27 -0700] "OPTIONS * HTTP/1.0" 200 126 "-" "Apache/2.2.22 (Ubuntu) (internal dummy connection)"
166.216.157.51 - - [28/Jun/2015:13:04:46 -0700] "GET /im/api.php?bib=773&r=0.3083949857391417&raceId=2147483690&raceName=cda&startTime=05:45:00 HTTP/1.1" 200 1274 "http://ericfahsl.com/im/" "Mozilla/5.0 (iPhone; CPU iPhone OS 8_3 like Mac OS X) AppleWebKit/600.1.4 (KHTML, like Gecko) Version/8.0 Mobile/12F70 Safari/600.1.4"
166.216.157.51 - - [28/Jun/2015:13:04:56 -0700] "GET /im/api.php?bib=773&r=0.24489787290804088&raceId=2147483690&raceName=cda&startTime=05:45:00 HTTP/1.1" 200 1274 "http://ericfahsl.com/im/" "Mozilla/5.0 (iPhone; CPU iPhone OS 8_3 like Mac OS X) AppleWebKit/600.1.4 (KHTML, like Gecko) Version/8.0 Mobile/12F70 Safari/600.1.4"
166.216.157.51 - - [28/Jun/2015:13:05:46 -0700] "GET /im/api.php?bib=773&r=0.14300827798433602&raceId=2147483690&raceName=cda&startTime=05:45:00 HTTP/1.1" 200 1273 "http://ericfahsl.com/im/" "Mozilla/5.0 (iPhone; CPU iPhone OS 8_3 like Mac OS X) AppleWebKit/600.1.4 (KHTML, like Gecko) Version/8.0 Mobile/12F70 Safari/600.1.4"
170.75.162.130 - - [28/Jun/2015:13:08:15 -0700] "GET /lib/reccapi.php?resort=kirkwood HTTP/1.1" 200 1139 "-" "node-superagent/0.18.2"
220.181.108.122 - - [28/Jun/2015:13:08:47 -0700] "-" 408 0 "-" "-"
172.56.33.82 - - [28/Jun/2015:13:12:49 -0700] "GET /im/api.php?bib=1358&r=0.5312381400726736&raceId=2147483690&raceName=cda&startTime=05:45:00 HTTP/1.1" 200 1283 "http://ericfahsl.com/im/" "Mozilla/5.0 (Linux; U; Android 4.3; en-us; SGH-T999 Build/JSS15J) AppleWebKit/534.30 (KHTML, like Gecko) Version/4.0 Mobile Safari/534.30"
172.56.33.82 - - [28/Jun/2015:13:12:49 -0700] "GET /im/api.php?bib=1358&r=0.6916293543763459&raceId=2147483690&raceName=cda&startTime=05:45:00 HTTP/1.1" 200 1284 "http://ericfahsl.com/im/" "Mozilla/5.0 (Linux; U; Android 4.3; en-us; SGH-T999 Build/JSS15J) AppleWebKit/534.30 (KHTML, like Gecko) Version/4.0 Mobile Safari/534.30"
166.216.157.51 - - [28/Jun/2015:13:20:14 -0700] "GET /im/api.php?bib=773&r=0.2249323648866266&raceId=2147483690&raceName=cda&startTime=05:45:00 HTTP/1.1" 200 1273 "http://ericfahsl.com/im/" "Mozilla/5.0 (iPhone; CPU iPhone OS 8_3 like Mac OS X) AppleWebKit/600.1.4 (KHTML, like Gecko) Version/8.0 Mobile/12F70 Safari/600.1.4"
166.216.157.51 - - [28/Jun/2015:13:20:14 -0700] "GET /im/api.php?bib=1780&r=0.8164723948575556&raceId=2147483690&raceName=cda&startTime=05:45:00 HTTP/1.1" 200 1293 "http://ericfahsl.com/im/" "Mozilla/5.0 (iPhone; CPU iPhone OS 8_3 like Mac OS X) AppleWebKit/600.1.4 (KHTML, like Gecko) Version/8.0 Mobile/12F70 Safari/600.1.4"
166.216.157.51 - - [28/Jun/2015:13:20:14 -0700] "GET /im/api.php?bib=2012&r=0.5271225958131254&raceId=2147483690&raceName=cda&startTime=05:45:00 HTTP/1.1" 200 1279 "http://ericfahsl.com/im/" "Mozilla/5.0 (iPhone; CPU iPhone OS 8_3 like Mac OS X) AppleWebKit/600.1.4 (KHTML, like Gecko) Version/8.0 Mobile/12F70 Safari/600.1.4"
166.216.157.51 - - [28/Jun/2015:13:20:14 -0700] "GET /im/api.php?bib=1358&r=0.29940398619510233&raceId=2147483690&raceName=cda&startTime=05:45:00 HTTP/1.1" 200 1283 "http://ericfahsl.com/im/" "Mozilla/5.0 (iPhone; CPU iPhone OS 8_3 like Mac OS X) AppleWebKit/600.1.4 (KHTML, like Gecko) Version/8.0 Mobile/12F70 Safari/600.1.4"
166.216.157.51 - - [28/Jun/2015:13:20:14 -0700] "GET /im/api.php?bib=1786&r=0.8003579906653613&raceId=2147483690&raceName=cda&startTime=05:45:00 HTTP/1.1" 200 1280 "http://ericfahsl.com/im/" "Mozilla/5.0 (iPhone; CPU iPhone OS 8_3 like Mac OS X) AppleWebKit/600.1.4 (KHTML, like Gecko) Version/8.0 Mobile/12F70 Safari/600.1.4"
166.216.157.51 - - [28/Jun/2015:13:20:14 -0700] "GET /im/api.php?bib=1690&r=0.22500306484289467&raceId=2147483690&raceName=cda&startTime=05:45:00 HTTP/1.1" 200 1267 "http://ericfahsl.com/im/" "Mozilla/5.0 (iPhone; CPU iPhone OS 8_3 like Mac OS X) AppleWebKit/600.1.4 (KHTML, like Gecko) Version/8.0 Mobile/12F70 Safari/600.1.4"
166.216.157.51 - - [28/Jun/2015:13:20:15 -0700] "GET /im/api.php?bib=1995&r=0.8320045708678663&raceId=2147483690&raceName=cda&startTime=05:45:00 HTTP/1.1" 200 1311 "http://ericfahsl.com/im/" "Mozilla/5.0 (iPhone; CPU iPhone OS 8_3 like Mac OS X) AppleWebKit/600.1.4 (KHTML, like Gecko) Version/8.0 Mobile/12F70 Safari/600.1.4"
166.216.157.51 - - [28/Jun/2015:13:20:15 -0700] "GET /im/api.php?bib=2021&r=0.1759343829471618&raceId=2147483690&raceName=cda&startTime=05:45:00 HTTP/1.1" 200 1273 "http://ericfahsl.com/im/" "Mozilla/5.0 (iPhone; CPU iPhone OS 8_3 like Mac OS X) AppleWebKit/600.1.4 (KHTML, like Gecko) Version/8.0 Mobile/12F70 Safari/600.1.4"
127.0.0.1 - - [28/Jun/2015:13:20:18 -0700] "OPTIONS * HTTP/1.0" 200 126 "-" "Apache/2.2.22 (Ubuntu) (internal dummy connection)"
166.216.157.51 - - [28/Jun/2015:13:20:33 -0700] "GET /im/api.php?bib=773&r=0.6516996892169118&raceId=2147483690&raceName=cda&startTime=05:45:00 HTTP/1.1" 200 1274 "http://ericfahsl.com/im/" "Mozilla/5.0 (iPhone; CPU iPhone OS 8_3 like Mac OS X) AppleWebKit/600.1.4 (KHTML, like Gecko) Version/8.0 Mobile/12F70 Safari/600.1.4"
166.216.157.51 - - [28/Jun/2015:13:20:33 -0700] "GET /im/api.php?bib=773&r=0.13602318381890655&raceId=2147483690&raceName=cda&startTime=05:45:00 HTTP/1.1" 200 1274 "http://ericfahsl.com/im/" "Mozilla/5.0 (iPhone; CPU iPhone OS 8_3 like Mac OS X) AppleWebKit/600.1.4 (KHTML, like Gecko) Version/8.0 Mobile/12F70 Safari/600.1.4"
66.249.79.1 - - [28/Jun/2015:13:25:04 -0700] "GET /images/wsis-logo-sm.png HTTP/1.1" 304 187 "-" "Googlebot-Image/1.0"
70.199.166.15 - - [28/Jun/2015:13:25:46 -0700] "GET /im/api.php?bib=1690&r=0.6235603983514011&raceId=2147483690&raceName=cda&startTime=05:45:00 HTTP/1.1" 200 1268 "http://ericfahsl.com/im/" "Mozilla/5.0 (iPhone; CPU iPhone OS 8_3 like Mac OS X) AppleWebKit/600.1.4 (KHTML, like Gecko) Version/8.0 Mobile/12F70 Safari/600.1.4"
70.199.166.15 - - [28/Jun/2015:13:25:46 -0700] "GET /im/api.php?bib=773&r=0.8881737552583218&raceId=2147483690&raceName=cda&startTime=05:45:00 HTTP/1.1" 200 1273 "http://ericfahsl.com/im/" "Mozilla/5.0 (iPhone; CPU iPhone OS 8_3 like Mac OS X) AppleWebKit/600.1.4 (KHTML, like Gecko) Version/8.0 Mobile/12F70 Safari/600.1.4"
70.199.166.15 - - [28/Jun/2015:13:25:46 -0700] "GET /im/api.php?bib=1786&r=0.5744558603037149&raceId=2147483690&raceName=cda&startTime=05:45:00 HTTP/1.1" 200 1280 "http://ericfahsl.com/im/" "Mozilla/5.0 (iPhone; CPU iPhone OS 8_3 like Mac OS X) AppleWebKit/600.1.4 (KHTML, like Gecko) Version/8.0 Mobile/12F70 Safari/600.1.4"
70.199.166.15 - - [28/Jun/2015:13:25:46 -0700] "GET /im/api.php?bib=1780&r=0.47730980021879077&raceId=2147483690&raceName=cda&startTime=05:45:00 HTTP/1.1" 200 1293 "http://ericfahsl.com/im/" "Mozilla/5.0 (iPhone; CPU iPhone OS 8_3 like Mac OS X) AppleWebKit/600.1.4 (KHTML, like Gecko) Version/8.0 Mobile/12F70 Safari/600.1.4"
70.199.166.15 - - [28/Jun/2015:13:25:46 -0700] "GET /im/api.php?bib=2012&r=0.7131069286260754&raceId=2147483690&raceName=cda&startTime=05:45:00 HTTP/1.1" 200 1278 "http://ericfahsl.com/im/" "Mozilla/5.0 (iPhone; CPU iPhone OS 8_3 like Mac OS X) AppleWebKit/600.1.4 (KHTML, like Gecko) Version/8.0 Mobile/12F70 Safari/600.1.4"
70.199.166.15 - - [28/Jun/2015:13:25:46 -0700] "GET /im/api.php?bib=1358&r=0.06262954720295966&raceId=2147483690&raceName=cda&startTime=05:45:00 HTTP/1.1" 200 1283 "http://ericfahsl.com/im/" "Mozilla/5.0 (iPhone; CPU iPhone OS 8_3 like Mac OS X) AppleWebKit/600.1.4 (KHTML, like Gecko) Version/8.0 Mobile/12F70 Safari/600.1.4"
70.199.166.15 - - [28/Jun/2015:13:25:47 -0700] "GET /im/api.php?bib=1995&r=0.43958022352308035&raceId=2147483690&raceName=cda&startTime=05:45:00 HTTP/1.1" 200 1311 "http://ericfahsl.com/im/" "Mozilla/5.0 (iPhone; CPU iPhone OS 8_3 like Mac OS X) AppleWebKit/600.1.4 (KHTML, like Gecko) Version/8.0 Mobile/12F70 Safari/600.1.4"
70.199.166.15 - - [28/Jun/2015:13:25:47 -0700] "GET /im/api.php?bib=2021&r=0.718689514324069&raceId=2147483690&raceName=cda&startTime=05:45:00 HTTP/1.1" 200 1273 "http://ericfahsl.com/im/" "Mozilla/5.0 (iPhone; CPU iPhone OS 8_3 like Mac OS X) AppleWebKit/600.1.4 (KHTML, like Gecko) Version/8.0 Mobile/12F70 Safari/600.1.4"
127.0.0.1 - - [28/Jun/2015:13:25:51 -0700] "OPTIONS * HTTP/1.0" 200 126 "-" "Apache/2.2.22 (Ubuntu) (internal dummy connection)"
170.75.162.130 - - [28/Jun/2015:13:25:57 -0700] "GET /lib/reccapi.php?resort=loveland HTTP/1.1" 200 1046 "-" "node-superagent/0.18.2"
24.143.77.191 - - [28/Jun/2015:13:26:22 -0700] "GET /im/api.php?bib=1690&r=0.6082523793447763&raceId=2147483690&raceName=cda&startTime=05:45:00 HTTP/1.1" 200 1268 "http://ericfahsl.com/im/" "Mozilla/5.0 (Macintosh; Intel Mac OS X 10_10_3) AppleWebKit/537.36 (KHTML, like Gecko) Chrome/43.0.2357.130 Safari/537.36"
24.143.77.191 - - [28/Jun/2015:13:26:23 -0700] "GET /im/api.php?bib=1358&r=0.010880570625886321&raceId=2147483690&raceName=cda&startTime=05:45:00 HTTP/1.1" 200 1284 "http://ericfahsl.com/im/" "Mozilla/5.0 (Macintosh; Intel Mac OS X 10_10_3) AppleWebKit/537.36 (KHTML, like Gecko) Chrome/43.0.2357.130 Safari/537.36"
24.143.77.191 - - [28/Jun/2015:13:26:22 -0700] "GET /im/api.php?bib=773&r=0.6729040623176843&raceId=2147483690&raceName=cda&startTime=05:45:00 HTTP/1.1" 200 1274 "http://ericfahsl.com/im/" "Mozilla/5.0 (Macintosh; Intel Mac OS X 10_10_3) AppleWebKit/537.36 (KHTML, like Gecko) Chrome/43.0.2357.130 Safari/537.36"
24.143.77.191 - - [28/Jun/2015:13:26:23 -0700] "GET /im/api.php?bib=2012&r=0.6528622130863369&raceId=2147483690&raceName=cda&startTime=05:45:00 HTTP/1.1" 200 1279 "http://ericfahsl.com/im/" "Mozilla/5.0 (Macintosh; Intel Mac OS X 10_10_3) AppleWebKit/537.36 (KHTML, like Gecko) Chrome/43.0.2357.130 Safari/537.36"
24.143.77.191 - - [28/Jun/2015:13:26:23 -0700] "GET /im/api.php?bib=1780&r=0.5063601660076529&raceId=2147483690&raceName=cda&startTime=05:45:00 HTTP/1.1" 200 1293 "http://ericfahsl.com/im/" "Mozilla/5.0 (Macintosh; Intel Mac OS X 10_10_3) AppleWebKit/537.36 (KHTML, like Gecko) Chrome/43.0.2357.130 Safari/537.36"
24.143.77.191 - - [28/Jun/2015:13:26:23 -0700] "GET /im/api.php?bib=1786&r=0.6333754607476294&raceId=2147483690&raceName=cda&startTime=05:45:00 HTTP/1.1" 200 1280 "http://ericfahsl.com/im/" "Mozilla/5.0 (Macintosh; Intel Mac OS X 10_10_3) AppleWebKit/537.36 (KHTML, like Gecko) Chrome/43.0.2357.130 Safari/537.36"
24.143.77.191 - - [28/Jun/2015:13:26:23 -0700] "GET /im/api.php?bib=1995&r=0.3372992284130305&raceId=2147483690&raceName=cda&startTime=05:45:00 HTTP/1.1" 200 1312 "http://ericfahsl.com/im/" "Mozilla/5.0 (Macintosh; Intel Mac OS X 10_10_3) AppleWebKit/537.36 (KHTML, like Gecko) Chrome/43.0.2357.130 Safari/537.36"
24.143.77.191 - - [28/Jun/2015:13:26:24 -0700] "GET /im/api.php?bib=2021&r=0.4414392237085849&raceId=2147483690&raceName=cda&startTime=05:45:00 HTTP/1.1" 200 1273 "http://ericfahsl.com/im/" "Mozilla/5.0 (Macintosh; Intel Mac OS X 10_10_3) AppleWebKit/537.36 (KHTML, like Gecko) Chrome/43.0.2357.130 Safari/537.36"
127.0.0.1 - - [28/Jun/2015:13:26:32 -0700] "OPTIONS * HTTP/1.0" 200 126 "-" "Apache/2.2.22 (Ubuntu) (internal dummy connection)"
75.140.35.138 - - [28/Jun/2015:13:27:06 -0700] "GET /images/wsis-logo-sm.png HTTP/1.1" 200 6108 "http://www.thebackcountry.net/" "Mozilla/5.0 (Windows NT 6.1) AppleWebKit/537.36 (KHTML, like Gecko) Chrome/43.0.2357.130 Safari/537.36"
172.56.33.82 - - [28/Jun/2015:13:27:10 -0700] "GET /im/api.php?bib=1358&r=0.8300264591816813&raceId=2147483690&raceName=cda&startTime=05:45:00 HTTP/1.1" 200 1283 "http://ericfahsl.com/im/" "Mozilla/5.0 (Linux; U; Android 4.3; en-us; SGH-T999 Build/JSS15J) AppleWebKit/534.30 (KHTML, like Gecko) Version/4.0 Mobile Safari/534.30"
170.75.162.130 - - [28/Jun/2015:13:33:38 -0700] "GET /lib/reccapi.php?resort=sugarloaf HTTP/1.1" 200 1047 "-" "node-superagent/0.18.2"
107.77.75.26 - - [28/Jun/2015:13:33:56 -0700] "GET /im/api.php?bib=773&r=0.11285157478414476&raceId=2147483690&raceName=cda&startTime=05:45:00 HTTP/1.1" 200 1274 "http://ericfahsl.com/im/" "Mozilla/5.0 (iPhone; CPU iPhone OS 8_1_3 like Mac OS X) AppleWebKit/600.1.4 (KHTML, like Gecko) Mobile/12B466 [FBAN/FBIOS;FBAV/31.0.0.44.261;FBBV/10598108;FBDV/iPhone7,2;FBMD/iPhone;FBSN/iPhone OS;FBSV/8.1.3;FBSS/2; FBCR/AT&T;FBID/phone;FBLC/en_US;FBOP/5]"
107.77.75.26 - - [28/Jun/2015:13:33:56 -0700] "GET /im/api.php?bib=1786&r=0.026433487655594945&raceId=2147483690&raceName=cda&startTime=05:45:00 HTTP/1.1" 200 1282 "http://ericfahsl.com/im/" "Mozilla/5.0 (iPhone; CPU iPhone OS 8_1_3 like Mac OS X) AppleWebKit/600.1.4 (KHTML, like Gecko) Mobile/12B466 [FBAN/FBIOS;FBAV/31.0.0.44.261;FBBV/10598108;FBDV/iPhone7,2;FBMD/iPhone;FBSN/iPhone OS;FBSV/8.1.3;FBSS/2; FBCR/AT&T;FBID/phone;FBLC/en_US;FBOP/5]"
107.77.75.26 - - [28/Jun/2015:13:33:56 -0700] "GET /im/api.php?bib=1780&r=0.7588554308749735&raceId=2147483690&raceName=cda&startTime=05:45:00 HTTP/1.1" 200 1294 "http://ericfahsl.com/im/" "Mozilla/5.0 (iPhone; CPU iPhone OS 8_1_3 like Mac OS X) AppleWebKit/600.1.4 (KHTML, like Gecko) Mobile/12B466 [FBAN/FBIOS;FBAV/31.0.0.44.261;FBBV/10598108;FBDV/iPhone7,2;FBMD/iPhone;FBSN/iPhone OS;FBSV/8.1.3;FBSS/2; FBCR/AT&T;FBID/phone;FBLC/en_US;FBOP/5]"
107.77.75.26 - - [28/Jun/2015:13:33:56 -0700] "GET /im/api.php?bib=1690&r=0.44493572460487485&raceId=2147483690&raceName=cda&startTime=05:45:00 HTTP/1.1" 200 1267 "http://ericfahsl.com/im/" "Mozilla/5.0 (iPhone; CPU iPhone OS 8_1_3 like Mac OS X) AppleWebKit/600.1.4 (KHTML, like Gecko) Mobile/12B466 [FBAN/FBIOS;FBAV/31.0.0.44.261;FBBV/10598108;FBDV/iPhone7,2;FBMD/iPhone;FBSN/iPhone OS;FBSV/8.1.3;FBSS/2; FBCR/AT&T;FBID/phone;FBLC/en_US;FBOP/5]"
107.77.75.26 - - [28/Jun/2015:13:33:57 -0700] "GET /im/api.php?bib=2012&r=0.048384974244982004&raceId=2147483690&raceName=cda&startTime=05:45:00 HTTP/1.1" 200 1278 "http://ericfahsl.com/im/" "Mozilla/5.0 (iPhone; CPU iPhone OS 8_1_3 like Mac OS X) AppleWebKit/600.1.4 (KHTML, like Gecko) Mobile/12B466 [FBAN/FBIOS;FBAV/31.0.0.44.261;FBBV/10598108;FBDV/iPhone7,2;FBMD/iPhone;FBSN/iPhone OS;FBSV/8.1.3;FBSS/2; FBCR/AT&T;FBID/phone;FBLC/en_US;FBOP/5]"
107.77.75.26 - - [28/Jun/2015:13:33:57 -0700] "GET /im/api.php?bib=1358&r=0.7093954053707421&raceId=2147483690&raceName=cda&startTime=05:45:00 HTTP/1.1" 200 1283 "http://ericfahsl.com/im/" "Mozilla/5.0 (iPhone; CPU iPhone OS 8_1_3 like Mac OS X) AppleWebKit/600.1.4 (KHTML, like Gecko) Mobile/12B466 [FBAN/FBIOS;FBAV/31.0.0.44.261;FBBV/10598108;FBDV/iPhone7,2;FBMD/iPhone;FBSN/iPhone OS;FBSV/8.1.3;FBSS/2; FBCR/AT&T;FBID/phone;FBLC/en_US;FBOP/5]"
107.77.75.26 - - [28/Jun/2015:13:33:58 -0700] "GET /im/api.php?bib=1995&r=0.39841515477746725&raceId=2147483690&raceName=cda&startTime=05:45:00 HTTP/1.1" 200 1311 "http://ericfahsl.com/im/" "Mozilla/5.0 (iPhone; CPU iPhone OS 8_1_3 like Mac OS X) AppleWebKit/600.1.4 (KHTML, like Gecko) Mobile/12B466 [FBAN/FBIOS;FBAV/31.0.0.44.261;FBBV/10598108;FBDV/iPhone7,2;FBMD/iPhone;FBSN/iPhone OS;FBSV/8.1.3;FBSS/2; FBCR/AT&T;FBID/phone;FBLC/en_US;FBOP/5]"
107.77.75.26 - - [28/Jun/2015:13:33:58 -0700] "GET /im/api.php?bib=1690&r=0.014854691922664642&raceId=2147483690&raceName=cda&startTime=05:45:00 HTTP/1.1" 200 1266 "http://ericfahsl.com/im/" "Mozilla/5.0 (iPhone; CPU iPhone OS 8_1_3 like Mac OS X) AppleWebKit/600.1.4 (KHTML, like Gecko) Mobile/12B466 [FBAN/FBIOS;FBAV/31.0.0.44.261;FBBV/10598108;FBDV/iPhone7,2;FBMD/iPhone;FBSN/iPhone OS;FBSV/8.1.3;FBSS/2; FBCR/AT&T;FBID/phone;FBLC/en_US;FBOP/5]"
107.77.75.26 - - [28/Jun/2015:13:33:58 -0700] "GET /im/api.php?bib=773&r=0.7866005541291088&raceId=2147483690&raceName=cda&startTime=05:45:00 HTTP/1.1" 200 1273 "http://ericfahsl.com/im/" "Mozilla/5.0 (iPhone; CPU iPhone OS 8_1_3 like Mac OS X) AppleWebKit/600.1.4 (KHTML, like Gecko) Mobile/12B466 [FBAN/FBIOS;FBAV/31.0.0.44.261;FBBV/10598108;FBDV/iPhone7,2;FBMD/iPhone;FBSN/iPhone OS;FBSV/8.1.3;FBSS/2; FBCR/AT&T;FBID/phone;FBLC/en_US;FBOP/5]"
107.77.75.26 - - [28/Jun/2015:13:33:58 -0700] "GET /im/api.php?bib=1780&r=0.7100384456571192&raceId=2147483690&raceName=cda&startTime=05:45:00 HTTP/1.1" 200 1292 "http://ericfahsl.com/im/" "Mozilla/5.0 (iPhone; CPU iPhone OS 8_1_3 like Mac OS X) AppleWebKit/600.1.4 (KHTML, like Gecko) Mobile/12B466 [FBAN/FBIOS;FBAV/31.0.0.44.261;FBBV/10598108;FBDV/iPhone7,2;FBMD/iPhone;FBSN/iPhone OS;FBSV/8.1.3;FBSS/2; FBCR/AT&T;FBID/phone;FBLC/en_US;FBOP/5]"
107.77.75.26 - - [28/Jun/2015:13:33:58 -0700] "GET /im/api.php?bib=2021&r=0.39512268360704184&raceId=2147483690&raceName=cda&startTime=05:45:00 HTTP/1.1" 200 1273 "http://ericfahsl.com/im/" "Mozilla/5.0 (iPhone; CPU iPhone OS 8_1_3 like Mac OS X) AppleWebKit/600.1.4 (KHTML, like Gecko) Mobile/12B466 [FBAN/FBIOS;FBAV/31.0.0.44.261;FBBV/10598108;FBDV/iPhone7,2;FBMD/iPhone;FBSN/iPhone OS;FBSV/8.1.3;FBSS/2; FBCR/AT&T;FBID/phone;FBLC/en_US;FBOP/5]"
107.77.75.26 - - [28/Jun/2015:13:33:59 -0700] "GET /im/api.php?bib=1786&r=0.8457349028903991&raceId=2147483690&raceName=cda&startTime=05:45:00 HTTP/1.1" 200 1280 "http://ericfahsl.com/im/" "Mozilla/5.0 (iPhone; CPU iPhone OS 8_1_3 like Mac OS X) AppleWebKit/600.1.4 (KHTML, like Gecko) Mobile/12B466 [FBAN/FBIOS;FBAV/31.0.0.44.261;FBBV/10598108;FBDV/iPhone7,2;FBMD/iPhone;FBSN/iPhone OS;FBSV/8.1.3;FBSS/2; FBCR/AT&T;FBID/phone;FBLC/en_US;FBOP/5]"
107.77.75.26 - - [28/Jun/2015:13:33:59 -0700] "GET /im/api.php?bib=2012&r=0.6944931165780872&raceId=2147483690&raceName=cda&startTime=05:45:00 HTTP/1.1" 200 1278 "http://ericfahsl.com/im/" "Mozilla/5.0 (iPhone; CPU iPhone OS 8_1_3 like Mac OS X) AppleWebKit/600.1.4 (KHTML, like Gecko) Mobile/12B466 [FBAN/FBIOS;FBAV/31.0.0.44.261;FBBV/10598108;FBDV/iPhone7,2;FBMD/iPhone;FBSN/iPhone OS;FBSV/8.1.3;FBSS/2; FBCR/AT&T;FBID/phone;FBLC/en_US;FBOP/5]"
107.77.75.26 - - [28/Jun/2015:13:33:59 -0700] "GET /im/api.php?bib=2021&r=0.0916959319729358&raceId=2147483690&raceName=cda&startTime=05:45:00 HTTP/1.1" 200 1272 "http://ericfahsl.com/im/" "Mozilla/5.0 (iPhone; CPU iPhone OS 8_1_3 like Mac OS X) AppleWebKit/600.1.4 (KHTML, like Gecko) Mobile/12B466 [FBAN/FBIOS;FBAV/31.0.0.44.261;FBBV/10598108;FBDV/iPhone7,2;FBMD/iPhone;FBSN/iPhone OS;FBSV/8.1.3;FBSS/2; FBCR/AT&T;FBID/phone;FBLC/en_US;FBOP/5]"
107.77.75.26 - - [28/Jun/2015:13:33:59 -0700] "GET /im/api.php?bib=1358&r=0.6072761616669595&raceId=2147483690&raceName=cda&startTime=05:45:00 HTTP/1.1" 200 1283 "http://ericfahsl.com/im/" "Mozilla/5.0 (iPhone; CPU iPhone OS 8_1_3 like Mac OS X) AppleWebKit/600.1.4 (KHTML, like Gecko) Mobile/12B466 [FBAN/FBIOS;FBAV/31.0.0.44.261;FBBV/10598108;FBDV/iPhone7,2;FBMD/iPhone;FBSN/iPhone OS;FBSV/8.1.3;FBSS/2; FBCR/AT&T;FBID/phone;FBLC/en_US;FBOP/5]"
107.77.75.26 - - [28/Jun/2015:13:33:59 -0700] "GET /im/api.php?bib=1995&r=0.3641939368098974&raceId=2147483690&raceName=cda&startTime=05:45:00 HTTP/1.1" 200 1310 "http://ericfahsl.com/im/" "Mozilla/5.0 (iPhone; CPU iPhone OS 8_1_3 like Mac OS X) AppleWebKit/600.1.4 (KHTML, like Gecko) Mobile/12B466 [FBAN/FBIOS;FBAV/31.0.0.44.261;FBBV/10598108;FBDV/iPhone7,2;FBMD/iPhone;FBSN/iPhone OS;FBSV/8.1.3;FBSS/2; FBCR/AT&T;FBID/phone;FBLC/en_US;FBOP/5]"
172.56.33.82 - - [28/Jun/2015:13:34:52 -0700] "GET /im/api.php?bib=1690&r=0.32451161555945873&raceId=2147483690&raceName=cda&startTime=05:45:00 HTTP/1.1" 200 1267 "http://ericfahsl.com/im/" "Mozilla/5.0 (Linux; U; Android 4.3; en-us; SGH-T999 Build/JSS15J) AppleWebKit/534.30 (KHTML, like Gecko) Version/4.0 Mobile Safari/534.30"
172.56.33.82 - - [28/Jun/2015:13:34:52 -0700] "GET /im/api.php?bib=773&r=0.44949930254369974&raceId=2147483690&raceName=cda&startTime=05:45:00 HTTP/1.1" 200 1275 "http://ericfahsl.com/im/" "Mozilla/5.0 (Linux; U; Android 4.3; en-us; SGH-T999 Build/JSS15J) AppleWebKit/534.30 (KHTML, like Gecko) Version/4.0 Mobile Safari/534.30"
172.56.33.82 - - [28/Jun/2015:13:34:52 -0700] "GET /im/api.php?bib=1780&r=0.8061876012943685&raceId=2147483690&raceName=cda&startTime=05:45:00 HTTP/1.1" 200 1293 "http://ericfahsl.com/im/" "Mozilla/5.0 (Linux; U; Android 4.3; en-us; SGH-T999 Build/JSS15J) AppleWebKit/534.30 (KHTML, like Gecko) Version/4.0 Mobile Safari/534.30"
172.56.33.82 - - [28/Jun/2015:13:34:52 -0700] "GET /im/api.php?bib=1358&r=0.8557505887001753&raceId=2147483690&raceName=cda&startTime=05:45:00 HTTP/1.1" 200 1284 "http://ericfahsl.com/im/" "Mozilla/5.0 (Linux; U; Android 4.3; en-us; SGH-T999 Build/JSS15J) AppleWebKit/534.30 (KHTML, like Gecko) Version/4.0 Mobile Safari/534.30"
172.56.33.82 - - [28/Jun/2015:13:34:52 -0700] "GET /im/api.php?bib=2021&r=0.37170441122725606&raceId=2147483690&raceName=cda&startTime=05:45:00 HTTP/1.1" 200 1274 "http://ericfahsl.com/im/" "Mozilla/5.0 (Linux; U; Android 4.3; en-us; SGH-T999 Build/JSS15J) AppleWebKit/534.30 (KHTML, like Gecko) Version/4.0 Mobile Safari/534.30"
172.56.33.82 - - [28/Jun/2015:13:34:52 -0700] "GET /im/api.php?bib=2012&r=0.2816240843385458&raceId=2147483690&raceName=cda&startTime=05:45:00 HTTP/1.1" 200 1279 "http://ericfahsl.com/im/" "Mozilla/5.0 (Linux; U; Android 4.3; en-us; SGH-T999 Build/JSS15J) AppleWebKit/534.30 (KHTML, like Gecko) Version/4.0 Mobile Safari/534.30"
172.56.33.82 - - [28/Jun/2015:13:34:52 -0700] "GET /im/api.php?bib=1995&r=0.8399019020143896&raceId=2147483690&raceName=cda&startTime=05:45:00 HTTP/1.1" 200 1312 "http://ericfahsl.com/im/" "Mozilla/5.0 (Linux; U; Android 4.3; en-us; SGH-T999 Build/JSS15J) AppleWebKit/534.30 (KHTML, like Gecko) Version/4.0 Mobile Safari/534.30"
172.56.33.82 - - [28/Jun/2015:13:34:52 -0700] "GET /im/api.php?bib=1786&r=0.4759515372570604&raceId=2147483690&raceName=cda&startTime=05:45:00 HTTP/1.1" 200 1282 "http://ericfahsl.com/im/" "Mozilla/5.0 (Linux; U; Android 4.3; en-us; SGH-T999 Build/JSS15J) AppleWebKit/534.30 (KHTML, like Gecko) Version/4.0 Mobile Safari/534.30"
127.0.0.1 - - [28/Jun/2015:13:34:58 -0700] "OPTIONS * HTTP/1.0" 200 126 "-" "Apache/2.2.22 (Ubuntu) (internal dummy connection)"
127.0.0.1 - - [28/Jun/2015:13:34:59 -0700] "OPTIONS * HTTP/1.0" 200 126 "-" "Apache/2.2.22 (Ubuntu) (internal dummy connection)"
127.0.0.1 - - [28/Jun/2015:13:35:00 -0700] "OPTIONS * HTTP/1.0" 200 126 "-" "Apache/2.2.22 (Ubuntu) (internal dummy connection)"
166.216.157.51 - - [28/Jun/2015:13:35:47 -0700] "GET /im/api.php?bib=1780&r=0.05606046877801418&raceId=2147483690&raceName=cda&startTime=05:45:00 HTTP/1.1" 200 1294 "http://ericfahsl.com/im/" "Mozilla/5.0 (iPhone; CPU iPhone OS 8_3 like Mac OS X) AppleWebKit/600.1.4 (KHTML, like Gecko) Version/8.0 Mobile/12F70 Safari/600.1.4"
166.216.157.51 - - [28/Jun/2015:13:35:47 -0700] "GET /im/api.php?bib=773&r=0.12882640399038792&raceId=2147483690&raceName=cda&startTime=05:45:00 HTTP/1.1" 200 1274 "http://ericfahsl.com/im/" "Mozilla/5.0 (iPhone; CPU iPhone OS 8_3 like Mac OS X) AppleWebKit/600.1.4 (KHTML, like Gecko) Version/8.0 Mobile/12F70 Safari/600.1.4"
166.216.157.51 - - [28/Jun/2015:13:35:47 -0700] "GET /im/api.php?bib=1358&r=0.2601212365552783&raceId=2147483690&raceName=cda&startTime=05:45:00 HTTP/1.1" 200 1284 "http://ericfahsl.com/im/" "Mozilla/5.0 (iPhone; CPU iPhone OS 8_3 like Mac OS X) AppleWebKit/600.1.4 (KHTML, like Gecko) Version/8.0 Mobile/12F70 Safari/600.1.4"
166.216.157.51 - - [28/Jun/2015:13:35:47 -0700] "GET /im/api.php?bib=2012&r=0.5536962542682886&raceId=2147483690&raceName=cda&startTime=05:45:00 HTTP/1.1" 200 1278 "http://ericfahsl.com/im/" "Mozilla/5.0 (iPhone; CPU iPhone OS 8_3 like Mac OS X) AppleWebKit/600.1.4 (KHTML, like Gecko) Version/8.0 Mobile/12F70 Safari/600.1.4"
