64.237.227.56 - - [31/Jan/2016:16:04:15 -0800] "GET /images/wsis-logo-sm.png HTTP/1.1" 200 6108 "http://www.thebackcountry.net/" "Mozilla/5.0 (iPhone; CPU iPhone OS 9_2_1 like Mac OS X) AppleWebKit/601.1.46 (KHTML, like Gecko) Version/9.0 Mobile/13D15 Safari/601.1"
66.249.79.220 - - [31/Jan/2016:16:05:36 -0800] "GET /lib/reccapi.php?resort=skiapache&date=2016-01-27 HTTP/1.1" 200 1030 "http://whereshouldiski.com/" "Mozilla/5.0 (compatible; Googlebot/2.1; +http://www.google.com/bot.html)"
66.249.79.227 - - [31/Jan/2016:16:05:37 -0800] "GET /lib/reccapi.php?fields=t&date=2016-01-27&coords=33.4%2C-105.78&size=7&sort=distance HTTP/1.1" 200 1292 "http://whereshouldiski.com/" "Mozilla/5.0 (compatible; Googlebot/2.1; +http://www.google.com/bot.html)"
66.249.79.227 - - [31/Jan/2016:16:05:37 -0800] "GET /lib/resortDataSearchD3.php?size=7&sortDate=T&resort=skiapache&dateStart=2016-01-25 HTTP/1.1" 200 853 "http://whereshouldiski.com/" "Mozilla/5.0 (compatible; Googlebot/2.1; +http://www.google.com/bot.html)"
170.75.162.130 - - [31/Jan/2016:16:07:48 -0800] "GET /lib/reccapi.php?resort=killington HTTP/1.1" 200 1069 "-" "node-superagent/1.4.0"
52.33.40.213 - - [31/Jan/2016:16:08:32 -0800] "GET /lib/reccapi.php?resort=49degreesnorth HTTP/1.1" 200 1081 "-" "node-superagent/1.4.0"
170.75.162.130 - - [31/Jan/2016:16:10:39 -0800] "GET /lib/reccapi.php?resort=telluride HTTP/1.1" 200 1017 "-" "node-superagent/1.4.0"
170.75.162.130 - - [31/Jan/2016:16:11:09 -0800] "GET /lib/reccapi.php?resort=cannonmountain HTTP/1.1" 200 985 "-" "node-superagent/1.4.0"
170.75.162.130 - - [31/Jan/2016:16:12:09 -0800] "GET /lib/reccapi.php?resort=bigsky HTTP/1.1" 200 1075 "-" "node-superagent/1.4.0"
170.75.162.130 - - [31/Jan/2016:16:12:59 -0800] "GET /lib/reccapi.php?resort=snowbird HTTP/1.1" 200 1005 "-" "node-superagent/1.4.0"
170.75.162.130 - - [31/Jan/2016:16:13:59 -0800] "GET /lib/reccapi.php?resort=sunpeaksresort HTTP/1.1" 200 924 "-" "node-superagent/1.4.0"
66.249.79.234 - - [31/Jan/2016:16:15:36 -0800] "GET /resorts?resort=telluride HTTP/1.1" 404 506 "-" "Mozilla/5.0 (compatible; Googlebot/2.1; +http://www.google.com/bot.html)"
66.249.79.227 - - [31/Jan/2016:16:15:39 -0800] "GET /resorts?resort=cannonmountain HTTP/1.1" 404 506 "-" "Mozilla/5.0 (compatible; Googlebot/2.1; +http://www.google.com/bot.html)"
66.249.79.220 - - [31/Jan/2016:16:15:49 -0800] "GET /resorts?resort=sunpeaksresort HTTP/1.1" 404 506 "-" "Mozilla/5.0 (compatible; Googlebot/2.1; +http://www.google.com/bot.html)"
66.249.79.220 - - [31/Jan/2016:16:15:51 -0800] "GET /resorts?resort=snowbird HTTP/1.1" 404 505 "-" "Mozilla/5.0 (compatible; Googlebot/2.1; +http://www.google.com/bot.html)"
66.249.79.227 - - [31/Jan/2016:16:16:00 -0800] "GET /resorts?resort=sugarbowl HTTP/1.1" 404 506 "-" "Mozilla/5.0 (compatible; Googlebot/2.1; +http://www.google.com/bot.html)"
170.75.162.130 - - [31/Jan/2016:16:17:30 -0800] "GET /lib/reccapi.php?resort=jacksonhole HTTP/1.1" 200 1072 "-" "node-superagent/1.4.0"
52.33.40.213 - - [31/Jan/2016:16:27:43 -0800] "GET /lib/reccapi.php?resort=bigsky HTTP/1.1" 200 1075 "-" "node-superagent/1.4.0"
68.122.184.198 - - [31/Jan/2016:16:27:45 -0800] "GET /images/wsis-logo-sm.png HTTP/1.1" 200 6108 "http://www.thebackcountry.net/" "Mozilla/5.0 (Windows NT 10.0; Win64; x64) AppleWebKit/537.36 (KHTML, like Gecko) Chrome/42.0.2311.135 Safari/537.36 Edge/12.10240"
52.33.40.213 - - [31/Jan/2016:16:27:53 -0800] "GET /lib/reccapi.php?resort=keystone HTTP/1.1" 200 1018 "-" "node-superagent/1.4.0"
68.122.184.198 - - [31/Jan/2016:16:28:06 -0800] "-" 408 0 "-" "-"
170.75.162.130 - - [31/Jan/2016:16:30:32 -0800] "GET /lib/reccapi.php?resort=grandtarghee HTTP/1.1" 200 1086 "-" "node-superagent/1.4.0"
52.33.40.213 - - [31/Jan/2016:16:31:23 -0800] "GET /lib/reccapi.php?resort=arapahoebasin HTTP/1.1" 200 1062 "-" "node-superagent/1.4.0"
70.197.56.98 - - [31/Jan/2016:16:33:28 -0800] "GET /images/wsis-logo-sm.png HTTP/1.1" 200 6108 "http://www.thebackcountry.net/" "Mozilla/5.0 (iPhone; CPU iPhone OS 9_2_1 like Mac OS X) AppleWebKit/601.1.46 (KHTML, like Gecko) Version/9.0 Mobile/13D15 Safari/601.1"
24.23.180.227 - - [31/Jan/2016:16:34:29 -0800] "GET /images/wsis-logo-sm.png HTTP/1.1" 200 6108 "http://www.thebackcountry.net/" "Mozilla/5.0 (Windows NT 6.3; WOW64) AppleWebKit/537.36 (KHTML, like Gecko) Chrome/48.0.2564.97 Safari/537.36"
180.76.15.141 - - [31/Jan/2016:16:34:51 -0800] "GET / HTTP/1.1" 200 6995 "-" "Mozilla/5.0 (compatible; Baiduspider/2.0; +http://www.baidu.com/search/spider.html)"
180.76.15.151 - - [31/Jan/2016:16:35:50 -0800] "GET / HTTP/1.1" 200 6995 "-" "Mozilla/5.0 (compatible; Baiduspider/2.0; +http://www.baidu.com/search/spider.html)"
52.33.40.213 - - [31/Jan/2016:16:43:34 -0800] "GET /lib/reccapi.php?resort=whistlerblackcomb HTTP/1.1" 200 937 "-" "node-superagent/1.4.0"
52.33.40.213 - - [31/Jan/2016:16:45:34 -0800] "GET /lib/reccapi.php?resort=jacksonhole HTTP/1.1" 200 1072 "-" "node-superagent/1.4.0"
52.33.40.213 - - [31/Jan/2016:16:46:54 -0800] "GET /lib/reccapi.php?resort=smugglersnotch HTTP/1.1" 200 1004 "-" "node-superagent/1.4.0"
108.217.57.126 - - [31/Jan/2016:16:51:14 -0800] "GET /images/wsis-logo-sm.png HTTP/1.1" 200 6108 "http://www.thebackcountry.net/" "Mozilla/5.0 (iPad; CPU OS 9_2_1 like Mac OS X) AppleWebKit/600.1.4 (KHTML, like Gecko) GSA/11.1.66360 Mobile/13D15 Safari/600.1.4"
52.33.40.213 - - [31/Jan/2016:16:51:24 -0800] "GET /lib/reccapi.php?resort=sugarloaf HTTP/1.1" 200 958 "-" "node-superagent/1.4.0"
52.33.40.213 - - [31/Jan/2016:16:52:54 -0800] "GET /lib/reccapi.php?resort=sugarbush HTTP/1.1" 200 1061 "-" "node-superagent/1.4.0"
188.166.154.111 - - [31/Jan/2016:16:54:00 -0800] "GET /xmlrpc.php HTTP/1.1" 404 470 "-" "Mozilla/5.0 (Windows; U; Windows NT 5.1; en-US; rv:1.8.1.6) Gecko/20070725 Firefox/2.0.0.6"
52.33.40.213 - - [31/Jan/2016:16:58:45 -0800] "GET /lib/reccapi.php?resort=grandtarghee HTTP/1.1" 200 1086 "-" "node-superagent/1.4.0"
52.33.40.213 - - [31/Jan/2016:16:58:45 -0800] "GET /lib/reccapi.php?resort=heavenly HTTP/1.1" 200 1031 "-" "node-superagent/1.4.0"
52.33.40.213 - - [31/Jan/2016:16:59:15 -0800] "GET /lib/reccapi.php?resort=killington HTTP/1.1" 200 1069 "-" "node-superagent/1.4.0"
52.33.40.213 - - [31/Jan/2016:16:59:25 -0800] "GET /lib/reccapi.php?resort=kirkwood HTTP/1.1" 200 1086 "-" "node-superagent/1.4.0"
52.33.40.213 - - [31/Jan/2016:17:00:05 -0800] "GET /lib/reccapi.php?resort=stowe HTTP/1.1" 200 1030 "-" "node-superagent/1.4.0"
184.53.48.98 - - [31/Jan/2016:17:06:48 -0800] "GET /images/wsis-logo-sm.png HTTP/1.1" 200 6108 "http://www.thebackcountry.net/" "Mozilla/5.0 (iPhone; CPU iPhone OS 9_2 like Mac OS X) AppleWebKit/601.1.46 (KHTML, like Gecko) Version/9.0 Mobile/13C75 Safari/601.1"
73.202.196.149 - - [31/Jan/2016:17:08:50 -0800] "GET /images/wsis-logo-sm.png HTTP/1.1" 200 6108 "http://www.thebackcountry.net/" "Mozilla/5.0 (Macintosh; Intel Mac OS X 10_11_2) AppleWebKit/601.3.9 (KHTML, like Gecko) Version/9.0.2 Safari/601.3.9"
52.33.40.213 - - [31/Jan/2016:17:10:15 -0800] "GET /lib/reccapi.php?resort=snowmass HTTP/1.1" 200 1005 "-" "node-superagent/1.4.0"
52.33.40.213 - - [31/Jan/2016:17:12:55 -0800] "GET /lib/reccapi.php?resort=angelfire HTTP/1.1" 200 1049 "-" "node-superagent/1.4.0"
52.33.40.213 - - [31/Jan/2016:17:17:15 -0800] "GET /lib/reccapi.php?resort=chinapeak HTTP/1.1" 200 1036 "-" "node-superagent/1.4.0"
52.33.40.213 - - [31/Jan/2016:17:17:35 -0800] "GET /lib/reccapi.php?resort=mtrose HTTP/1.1" 200 1003 "-" "node-superagent/1.4.0"
52.33.40.213 - - [31/Jan/2016:17:18:35 -0800] "GET /lib/reccapi.php?resort=homewoodmountain HTTP/1.1" 200 1036 "-" "node-superagent/1.4.0"
50.46.172.103 - - [31/Jan/2016:17:22:26 -0800] "GET / HTTP/1.1" 200 2615 "-" "Mozilla/5.0 (iPhone; CPU iPhone OS 9_2_1 like Mac OS X) AppleWebKit/601.1.46 (KHTML, like Gecko) Version/9.0 Mobile/13D15 Safari/601.1"
50.46.172.103 - - [31/Jan/2016:17:22:26 -0800] "GET /styles/ee08faa9.main.css HTTP/1.1" 200 19446 "http://whereshouldiski.com/" "Mozilla/5.0 (iPhone; CPU iPhone OS 9_2_1 like Mac OS X) AppleWebKit/601.1.46 (KHTML, like Gecko) Version/9.0 Mobile/13D15 Safari/601.1"
50.46.172.103 - - [31/Jan/2016:17:22:26 -0800] "GET /scripts/scripts/vendor/modernizr.js HTTP/1.1" 200 4903 "http://whereshouldiski.com/" "Mozilla/5.0 (iPhone; CPU iPhone OS 9_2_1 like Mac OS X) AppleWebKit/601.1.46 (KHTML, like Gecko) Version/9.0 Mobile/13D15 Safari/601.1"
50.46.172.103 - - [31/Jan/2016:17:22:26 -0800] "GET /images/logo-square-white-sm.png HTTP/1.1" 200 1684 "http://whereshouldiski.com/" "Mozilla/5.0 (iPhone; CPU iPhone OS 9_2_1 like Mac OS X) AppleWebKit/601.1.46 (KHTML, like Gecko) Version/9.0 Mobile/13D15 Safari/601.1"
50.46.172.103 - - [31/Jan/2016:17:22:26 -0800] "GET /bower_components/requirejs/require.js HTTP/1.1" 200 6702 "http://whereshouldiski.com/" "Mozilla/5.0 (iPhone; CPU iPhone OS 9_2_1 like Mac OS X) AppleWebKit/601.1.46 (KHTML, like Gecko) Version/9.0 Mobile/13D15 Safari/601.1"
50.46.172.103 - - [31/Jan/2016:17:22:26 -0800] "GET /images/loading.gif HTTP/1.1" 200 13882 "http://whereshouldiski.com/" "Mozilla/5.0 (iPhone; CPU iPhone OS 9_2_1 like Mac OS X) AppleWebKit/601.1.46 (KHTML, like Gecko) Version/9.0 Mobile/13D15 Safari/601.1"
50.46.172.103 - - [31/Jan/2016:17:22:26 -0800] "GET /scripts/fa48e319.main.js HTTP/1.1" 200 123455 "http://whereshouldiski.com/" "Mozilla/5.0 (iPhone; CPU iPhone OS 9_2_1 like Mac OS X) AppleWebKit/601.1.46 (KHTML, like Gecko) Version/9.0 Mobile/13D15 Safari/601.1"
50.46.172.103 - - [31/Jan/2016:17:22:27 -0800] "GET /images/button.png HTTP/1.1" 200 598 "http://whereshouldiski.com/" "Mozilla/5.0 (iPhone; CPU iPhone OS 9_2_1 like Mac OS X) AppleWebKit/601.1.46 (KHTML, like Gecko) Version/9.0 Mobile/13D15 Safari/601.1"
50.46.172.103 - - [31/Jan/2016:17:22:27 -0800] "GET /lib/reccapi.php?fields=t HTTP/1.1" 200 1931 "http://whereshouldiski.com/" "Mozilla/5.0 (iPhone; CPU iPhone OS 9_2_1 like Mac OS X) AppleWebKit/601.1.46 (KHTML, like Gecko) Version/9.0 Mobile/13D15 Safari/601.1"
50.46.172.103 - - [31/Jan/2016:17:22:28 -0800] "GET /images/greyHeader.png HTTP/1.1" 200 508 "http://whereshouldiski.com/" "Mozilla/5.0 (iPhone; CPU iPhone OS 9_2_1 like Mac OS X) AppleWebKit/601.1.46 (KHTML, like Gecko) Version/9.0 Mobile/13D15 Safari/601.1"
50.46.172.103 - - [31/Jan/2016:17:22:28 -0800] "GET /images/snowflake5.png HTTP/1.1" 200 2857 "http://whereshouldiski.com/" "Mozilla/5.0 (iPhone; CPU iPhone OS 9_2_1 like Mac OS X) AppleWebKit/601.1.46 (KHTML, like Gecko) Version/9.0 Mobile/13D15 Safari/601.1"
50.46.172.103 - - [31/Jan/2016:17:22:28 -0800] "GET /images/star5.png HTTP/1.1" 200 1783 "http://whereshouldiski.com/" "Mozilla/5.0 (iPhone; CPU iPhone OS 9_2_1 like Mac OS X) AppleWebKit/601.1.46 (KHTML, like Gecko) Version/9.0 Mobile/13D15 Safari/601.1"
50.46.172.103 - - [31/Jan/2016:17:22:28 -0800] "GET /images/bluebird5.png HTTP/1.1" 200 2177 "http://whereshouldiski.com/" "Mozilla/5.0 (iPhone; CPU iPhone OS 9_2_1 like Mac OS X) AppleWebKit/601.1.46 (KHTML, like Gecko) Version/9.0 Mobile/13D15 Safari/601.1"
50.46.172.103 - - [31/Jan/2016:17:22:28 -0800] "GET /images/mtns-icon.png HTTP/1.1" 200 1096 "http://whereshouldiski.com/" "Mozilla/5.0 (iPhone; CPU iPhone OS 9_2_1 like Mac OS X) AppleWebKit/601.1.46 (KHTML, like Gecko) Version/9.0 Mobile/13D15 Safari/601.1"
50.46.172.103 - - [31/Jan/2016:17:22:28 -0800] "GET /images/shading-icon.png HTTP/1.1" 200 536 "http://whereshouldiski.com/" "Mozilla/5.0 (iPhone; CPU iPhone OS 9_2_1 like Mac OS X) AppleWebKit/601.1.46 (KHTML, like Gecko) Version/9.0 Mobile/13D15 Safari/601.1"
75.57.12.243 - - [31/Jan/2016:17:28:29 -0800] "GET / HTTP/1.1" 200 2615 "-" "Mozilla/5.0 (iPad; CPU OS 9_2 like Mac OS X) AppleWebKit/601.1.46 (KHTML, like Gecko) Version/9.0 Mobile/13C75 Safari/601.1"
75.57.12.243 - - [31/Jan/2016:17:28:30 -0800] "GET /styles/ee08faa9.main.css HTTP/1.1" 200 19446 "http://whereshouldiski.com/" "Mozilla/5.0 (iPad; CPU OS 9_2 like Mac OS X) AppleWebKit/601.1.46 (KHTML, like Gecko) Version/9.0 Mobile/13C75 Safari/601.1"
75.57.12.243 - - [31/Jan/2016:17:28:30 -0800] "GET /bower_components/requirejs/require.js HTTP/1.1" 200 6702 "http://whereshouldiski.com/" "Mozilla/5.0 (iPad; CPU OS 9_2 like Mac OS X) AppleWebKit/601.1.46 (KHTML, like Gecko) Version/9.0 Mobile/13C75 Safari/601.1"
75.57.12.243 - - [31/Jan/2016:17:28:30 -0800] "GET /images/loading.gif HTTP/1.1" 200 13882 "http://whereshouldiski.com/" "Mozilla/5.0 (iPad; CPU OS 9_2 like Mac OS X) AppleWebKit/601.1.46 (KHTML, like Gecko) Version/9.0 Mobile/13C75 Safari/601.1"
75.57.12.243 - - [31/Jan/2016:17:28:30 -0800] "GET /images/logo-square-white-sm.png HTTP/1.1" 200 1684 "http://whereshouldiski.com/" "Mozilla/5.0 (iPad; CPU OS 9_2 like Mac OS X) AppleWebKit/601.1.46 (KHTML, like Gecko) Version/9.0 Mobile/13C75 Safari/601.1"
75.57.12.243 - - [31/Jan/2016:17:28:30 -0800] "GET /scripts/scripts/vendor/modernizr.js HTTP/1.1" 200 4903 "http://whereshouldiski.com/" "Mozilla/5.0 (iPad; CPU OS 9_2 like Mac OS X) AppleWebKit/601.1.46 (KHTML, like Gecko) Version/9.0 Mobile/13C75 Safari/601.1"
75.57.12.243 - - [31/Jan/2016:17:28:30 -0800] "GET /scripts/fa48e319.main.js HTTP/1.1" 200 123455 "http://whereshouldiski.com/" "Mozilla/5.0 (iPad; CPU OS 9_2 like Mac OS X) AppleWebKit/601.1.46 (KHTML, like Gecko) Version/9.0 Mobile/13C75 Safari/601.1"
75.57.12.243 - - [31/Jan/2016:17:28:31 -0800] "GET /images/button.png HTTP/1.1" 200 598 "http://whereshouldiski.com/" "Mozilla/5.0 (iPad; CPU OS 9_2 like Mac OS X) AppleWebKit/601.1.46 (KHTML, like Gecko) Version/9.0 Mobile/13C75 Safari/601.1"
75.57.12.243 - - [31/Jan/2016:17:28:31 -0800] "GET /images/greyHeader.png HTTP/1.1" 200 508 "http://whereshouldiski.com/" "Mozilla/5.0 (iPad; CPU OS 9_2 like Mac OS X) AppleWebKit/601.1.46 (KHTML, like Gecko) Version/9.0 Mobile/13C75 Safari/601.1"
75.57.12.243 - - [31/Jan/2016:17:28:31 -0800] "GET /lib/reccapi.php?fields=t HTTP/1.1" 200 1931 "http://whereshouldiski.com/" "Mozilla/5.0 (iPad; CPU OS 9_2 like Mac OS X) AppleWebKit/601.1.46 (KHTML, like Gecko) Version/9.0 Mobile/13C75 Safari/601.1"
75.57.12.243 - - [31/Jan/2016:17:28:32 -0800] "GET /images/snowflake5.png HTTP/1.1" 200 2857 "http://whereshouldiski.com/" "Mozilla/5.0 (iPad; CPU OS 9_2 like Mac OS X) AppleWebKit/601.1.46 (KHTML, like Gecko) Version/9.0 Mobile/13C75 Safari/601.1"
75.57.12.243 - - [31/Jan/2016:17:28:32 -0800] "GET /images/star5.png HTTP/1.1" 200 1783 "http://whereshouldiski.com/" "Mozilla/5.0 (iPad; CPU OS 9_2 like Mac OS X) AppleWebKit/601.1.46 (KHTML, like Gecko) Version/9.0 Mobile/13C75 Safari/601.1"
75.57.12.243 - - [31/Jan/2016:17:28:32 -0800] "GET /images/bluebird5.png HTTP/1.1" 200 2177 "http://whereshouldiski.com/" "Mozilla/5.0 (iPad; CPU OS 9_2 like Mac OS X) AppleWebKit/601.1.46 (KHTML, like Gecko) Version/9.0 Mobile/13C75 Safari/601.1"
75.57.12.243 - - [31/Jan/2016:17:28:32 -0800] "GET /images/mtns-icon.png HTTP/1.1" 200 1096 "http://whereshouldiski.com/" "Mozilla/5.0 (iPad; CPU OS 9_2 like Mac OS X) AppleWebKit/601.1.46 (KHTML, like Gecko) Version/9.0 Mobile/13C75 Safari/601.1"
75.57.12.243 - - [31/Jan/2016:17:28:32 -0800] "GET /images/shading-icon.png HTTP/1.1" 200 536 "http://whereshouldiski.com/" "Mozilla/5.0 (iPad; CPU OS 9_2 like Mac OS X) AppleWebKit/601.1.46 (KHTML, like Gecko) Version/9.0 Mobile/13C75 Safari/601.1"
75.57.12.243 - - [31/Jan/2016:17:28:34 -0800] "GET /apple-touch-icon-152x152-precomposed.png HTTP/1.1" 404 527 "-" "MobileSafari/601.1 CFNetwork/758.2.8 Darwin/15.0.0"
75.57.12.243 - - [31/Jan/2016:17:28:34 -0800] "GET /apple-touch-icon-152x152.png HTTP/1.1" 404 519 "-" "MobileSafari/601.1 CFNetwork/758.2.8 Darwin/15.0.0"
75.57.12.243 - - [31/Jan/2016:17:28:34 -0800] "GET /apple-touch-icon.png HTTP/1.1" 404 512 "-" "MobileSafari/601.1 CFNetwork/758.2.8 Darwin/15.0.0"
75.57.12.243 - - [31/Jan/2016:17:28:34 -0800] "GET /apple-touch-icon.png HTTP/1.1" 404 512 "-" "MobileSafari/601.1 CFNetwork/758.2.8 Darwin/15.0.0"
75.57.12.243 - - [31/Jan/2016:17:28:34 -0800] "GET /apple-touch-icon-precomposed.png HTTP/1.1" 404 520 "-" "MobileSafari/601.1 CFNetwork/758.2.8 Darwin/15.0.0"
75.57.12.243 - - [31/Jan/2016:17:28:34 -0800] "GET /favicon.ico HTTP/1.1" 304 186 "-" "MobileSafari/601.1 CFNetwork/758.2.8 Darwin/15.0.0"
127.0.0.1 - - [31/Jan/2016:17:28:41 -0800] "OPTIONS * HTTP/1.0" 200 126 "-" "Apache/2.2.22 (Ubuntu) (internal dummy connection)"
24.143.115.216 - - [31/Jan/2016:17:29:44 -0800] "GET / HTTP/1.1" 200 2615 "-" "Mozilla/5.0 (Macintosh; Intel Mac OS X 10_10_5) AppleWebKit/537.36 (KHTML, like Gecko) Chrome/48.0.2564.97 Safari/537.36"
24.143.115.216 - - [31/Jan/2016:17:29:45 -0800] "GET /styles/ee08faa9.main.css HTTP/1.1" 200 19446 "http://whereshouldiski.com/" "Mozilla/5.0 (Macintosh; Intel Mac OS X 10_10_5) AppleWebKit/537.36 (KHTML, like Gecko) Chrome/48.0.2564.97 Safari/537.36"
24.143.115.216 - - [31/Jan/2016:17:29:45 -0800] "GET /scripts/scripts/vendor/modernizr.js HTTP/1.1" 200 4903 "http://whereshouldiski.com/" "Mozilla/5.0 (Macintosh; Intel Mac OS X 10_10_5) AppleWebKit/537.36 (KHTML, like Gecko) Chrome/48.0.2564.97 Safari/537.36"
24.143.115.216 - - [31/Jan/2016:17:29:45 -0800] "GET /images/logo-square-white-sm.png HTTP/1.1" 200 1684 "http://whereshouldiski.com/" "Mozilla/5.0 (Macintosh; Intel Mac OS X 10_10_5) AppleWebKit/537.36 (KHTML, like Gecko) Chrome/48.0.2564.97 Safari/537.36"
24.143.115.216 - - [31/Jan/2016:17:29:45 -0800] "GET /images/loading.gif HTTP/1.1" 200 13882 "http://whereshouldiski.com/" "Mozilla/5.0 (Macintosh; Intel Mac OS X 10_10_5) AppleWebKit/537.36 (KHTML, like Gecko) Chrome/48.0.2564.97 Safari/537.36"
24.143.115.216 - - [31/Jan/2016:17:29:45 -0800] "GET /bower_components/requirejs/require.js HTTP/1.1" 200 6701 "http://whereshouldiski.com/" "Mozilla/5.0 (Macintosh; Intel Mac OS X 10_10_5) AppleWebKit/537.36 (KHTML, like Gecko) Chrome/48.0.2564.97 Safari/537.36"
24.143.115.216 - - [31/Jan/2016:17:29:45 -0800] "GET /scripts/fa48e319.main.js HTTP/1.1" 200 123455 "http://whereshouldiski.com/" "Mozilla/5.0 (Macintosh; Intel Mac OS X 10_10_5) AppleWebKit/537.36 (KHTML, like Gecko) Chrome/48.0.2564.97 Safari/537.36"
24.143.115.216 - - [31/Jan/2016:17:29:45 -0800] "GET /images/button.png HTTP/1.1" 200 598 "http://whereshouldiski.com/styles/ee08faa9.main.css" "Mozilla/5.0 (Macintosh; Intel Mac OS X 10_10_5) AppleWebKit/537.36 (KHTML, like Gecko) Chrome/48.0.2564.97 Safari/537.36"
24.143.115.216 - - [31/Jan/2016:17:29:45 -0800] "GET /images/greyHeader.png HTTP/1.1" 200 508 "http://whereshouldiski.com/styles/ee08faa9.main.css" "Mozilla/5.0 (Macintosh; Intel Mac OS X 10_10_5) AppleWebKit/537.36 (KHTML, like Gecko) Chrome/48.0.2564.97 Safari/537.36"
24.143.115.216 - - [31/Jan/2016:17:29:45 -0800] "GET /lib/reccapi.php?fields=t HTTP/1.1" 200 1931 "http://whereshouldiski.com/" "Mozilla/5.0 (Macintosh; Intel Mac OS X 10_10_5) AppleWebKit/537.36 (KHTML, like Gecko) Chrome/48.0.2564.97 Safari/537.36"
24.143.115.216 - - [31/Jan/2016:17:29:46 -0800] "GET /images/star5.png HTTP/1.1" 200 1783 "http://whereshouldiski.com/styles/ee08faa9.main.css" "Mozilla/5.0 (Macintosh; Intel Mac OS X 10_10_5) AppleWebKit/537.36 (KHTML, like Gecko) Chrome/48.0.2564.97 Safari/537.36"
24.143.115.216 - - [31/Jan/2016:17:29:46 -0800] "GET /images/shading-icon.png HTTP/1.1" 200 537 "http://whereshouldiski.com/styles/ee08faa9.main.css" "Mozilla/5.0 (Macintosh; Intel Mac OS X 10_10_5) AppleWebKit/537.36 (KHTML, like Gecko) Chrome/48.0.2564.97 Safari/537.36"
24.143.115.216 - - [31/Jan/2016:17:29:46 -0800] "GET /images/bluebird5.png HTTP/1.1" 200 2177 "http://whereshouldiski.com/styles/ee08faa9.main.css" "Mozilla/5.0 (Macintosh; Intel Mac OS X 10_10_5) AppleWebKit/537.36 (KHTML, like Gecko) Chrome/48.0.2564.97 Safari/537.36"
24.143.115.216 - - [31/Jan/2016:17:29:46 -0800] "GET /images/snowflake5.png HTTP/1.1" 200 2857 "http://whereshouldiski.com/styles/ee08faa9.main.css" "Mozilla/5.0 (Macintosh; Intel Mac OS X 10_10_5) AppleWebKit/537.36 (KHTML, like Gecko) Chrome/48.0.2564.97 Safari/537.36"
24.143.115.216 - - [31/Jan/2016:17:29:46 -0800] "GET /images/mtns-icon.png HTTP/1.1" 200 1096 "http://whereshouldiski.com/styles/ee08faa9.main.css" "Mozilla/5.0 (Macintosh; Intel Mac OS X 10_10_5) AppleWebKit/537.36 (KHTML, like Gecko) Chrome/48.0.2564.97 Safari/537.36"
24.143.115.216 - - [31/Jan/2016:17:29:46 -0800] "GET /favicon.ico HTTP/1.1" 200 4612 "http://whereshouldiski.com/" "Mozilla/5.0 (Macintosh; Intel Mac OS X 10_10_5) AppleWebKit/537.36 (KHTML, like Gecko) Chrome/48.0.2564.97 Safari/537.36"
24.143.115.216 - - [31/Jan/2016:17:29:49 -0800] "GET /lib/reccapi.php?fields=t&coords=47.5926955,-122.30560419999999 HTTP/1.1" 200 2124 "http://whereshouldiski.com/" "Mozilla/5.0 (Macintosh; Intel Mac OS X 10_10_5) AppleWebKit/537.36 (KHTML, like Gecko) Chrome/48.0.2564.97 Safari/537.36"
24.143.115.216 - - [31/Jan/2016:17:29:50 -0800] "GET /styles/ee08faa9.main.css HTTP/1.1" 200 19446 "http://whereshouldiski.com/" "Mozilla/5.0 (Macintosh; Intel Mac OS X 10_10_5) AppleWebKit/537.36 (KHTML, like Gecko) Chrome/48.0.2564.97 Safari/537.36"
24.143.115.216 - - [31/Jan/2016:17:29:52 -0800] "GET /lib/reccapi.php?fields=t&coords=47.5926955,-122.30560419999999&date=2016-01-31 HTTP/1.1" 200 2067 "http://whereshouldiski.com/" "Mozilla/5.0 (Macintosh; Intel Mac OS X 10_10_5) AppleWebKit/537.36 (KHTML, like Gecko) Chrome/48.0.2564.97 Safari/537.36"
24.143.115.216 - - [31/Jan/2016:17:29:52 -0800] "GET /images/greenHeader.png HTTP/1.1" 200 508 "http://whereshouldiski.com/styles/ee08faa9.main.css" "Mozilla/5.0 (Macintosh; Intel Mac OS X 10_10_5) AppleWebKit/537.36 (KHTML, like Gecko) Chrome/48.0.2564.97 Safari/537.36"
24.143.115.216 - - [31/Jan/2016:17:29:53 -0800] "GET /lib/reccapi.php?fields=t&coords=47.5926955,-122.30560419999999 HTTP/1.1" 200 2124 "http://whereshouldiski.com/" "Mozilla/5.0 (Macintosh; Intel Mac OS X 10_10_5) AppleWebKit/537.36 (KHTML, like Gecko) Chrome/48.0.2564.97 Safari/537.36"
24.143.115.216 - - [31/Jan/2016:17:30:06 -0800] "-" 408 0 "-" "-"
127.0.0.1 - - [31/Jan/2016:17:30:08 -0800] "OPTIONS * HTTP/1.0" 200 126 "-" "Apache/2.2.22 (Ubuntu) (internal dummy connection)"
24.143.115.216 - - [31/Jan/2016:17:30:16 -0800] "GET /lib/reccapi.php?fields=t&coords=47.5926955,-122.30560419999999 HTTP/1.1" 200 2125 "-" "Mozilla/5.0 (Macintosh; Intel Mac OS X 10_10_5) AppleWebKit/537.36 (KHTML, like Gecko) Chrome/48.0.2564.97 Safari/537.36"
24.143.115.216 - - [31/Jan/2016:17:30:38 -0800] "-" 408 0 "-" "-"
24.143.115.216 - - [31/Jan/2016:17:30:38 -0800] "-" 408 0 "-" "-"
24.143.115.216 - - [31/Jan/2016:17:30:38 -0800] "-" 408 0 "-" "-"
24.143.115.216 - - [31/Jan/2016:17:30:38 -0800] "-" 408 0 "-" "-"
24.143.115.216 - - [31/Jan/2016:17:30:38 -0800] "-" 408 0 "-" "-"
127.0.0.1 - - [31/Jan/2016:17:30:39 -0800] "OPTIONS * HTTP/1.0" 200 126 "-" "Apache/2.2.22 (Ubuntu) (internal dummy connection)"
24.143.115.216 - - [31/Jan/2016:17:30:39 -0800] "GET /lib/reccapi.php?fields=t&coords=47.592720799999995,-122.30561399999999 HTTP/1.1" 200 2121 "http://54.201.130.224/" "Mozilla/5.0 (Macintosh; Intel Mac OS X 10_10_5) AppleWebKit/537.36 (KHTML, like Gecko) Chrome/48.0.2564.97 Safari/537.36"
180.76.15.23 - - [31/Jan/2016:17:31:03 -0800] "GET / HTTP/1.1" 200 6995 "-" "Mozilla/5.0 (compatible; Baiduspider/2.0; +http://www.baidu.com/search/spider.html)"
24.143.115.216 - - [31/Jan/2016:17:31:12 -0800] "-" 408 0 "-" "-"
24.143.115.216 - - [31/Jan/2016:17:31:13 -0800] "-" 408 0 "-" "-"
24.143.115.216 - - [31/Jan/2016:17:31:13 -0800] "-" 408 0 "-" "-"
180.76.15.8 - - [31/Jan/2016:17:31:53 -0800] "GET / HTTP/1.1" 200 6995 "-" "Mozilla/5.0 (compatible; Baiduspider/2.0; +http://www.baidu.com/search/spider.html)"
24.176.182.30 - - [31/Jan/2016:17:34:08 -0800] "GET /images/wsis-logo-sm.png HTTP/1.1" 200 6108 "http://www.thebackcountry.net/" "Mozilla/5.0 (Linux; Android 4.4.4; XT1030 Build/SU6-7.3) AppleWebKit/537.36 (KHTML, like Gecko) Chrome/47.0.2526.83 Mobile Safari/537.36"
170.75.162.130 - - [31/Jan/2016:17:38:52 -0800] "GET /lib/reccapi.php?resort=whistlerblackcomb HTTP/1.1" 200 937 "-" "node-superagent/1.4.0"
40.77.167.15 - - [31/Jan/2016:17:44:29 -0800] "GET / HTTP/1.1" 200 2615 "-" "Mozilla/5.0 (compatible; bingbot/2.0; +http://www.bing.com/bingbot.htm)"
66.249.84.250 - - [31/Jan/2016:17:48:21 -0800] "GET / HTTP/1.1" 200 2615 "-" "Mozilla/5.0 (Windows NT 6.1; rv:6.0) Gecko/20110814 Firefox/6.0 Google Favicon"
66.249.84.193 - - [31/Jan/2016:17:48:21 -0800] "GET /favicon.ico HTTP/1.1" 200 4613 "-" "Mozilla/5.0 (Windows NT 6.1; rv:6.0) Gecko/20110814 Firefox/6.0 Google Favicon"
45.48.185.184 - - [31/Jan/2016:17:54:11 -0800] "GET /images/wsis-logo-sm.png HTTP/1.1" 200 6108 "http://www.thebackcountry.net/" "Mozilla/5.0 (Macintosh; Intel Mac OS X 10_6_8) AppleWebKit/537.36 (KHTML, like Gecko) Chrome/47.0.2526.111 Safari/537.36"
45.48.185.184 - - [31/Jan/2016:17:55:39 -0800] "-" 408 0 "-" "-"
45.48.185.184 - - [31/Jan/2016:17:55:39 -0800] "-" 408 0 "-" "-"
45.48.185.184 - - [31/Jan/2016:17:55:39 -0800] "-" 408 0 "-" "-"
45.48.185.184 - - [31/Jan/2016:17:56:42 -0800] "-" 408 0 "-" "-"
45.48.185.184 - - [31/Jan/2016:17:56:42 -0800] "-" 408 0 "-" "-"
199.16.156.125 - - [31/Jan/2016:18:04:10 -0800] "GET /robots.txt HTTP/1.1" 200 363 "-" "Twitterbot/1.0"
199.16.156.125 - - [31/Jan/2016:18:04:10 -0800] "GET /recommendations HTTP/1.1" 404 450 "-" "Twitterbot/1.0"
24.143.115.216 - - [31/Jan/2016:18:07:50 -0800] "GET / HTTP/1.1" 304 210 "-" "Mozilla/5.0 (Macintosh; Intel Mac OS X 10_10_5) AppleWebKit/600.8.9 (KHTML, like Gecko) WebClip/10601.4.2 Safari/10601.4.4"
24.143.115.216 - - [31/Jan/2016:18:07:50 -0800] "GET /styles/ee08faa9.main.css HTTP/1.1" 304 210 "http://whereshouldiski.com/" "Mozilla/5.0 (Macintosh; Intel Mac OS X 10_10_5) AppleWebKit/600.8.9 (KHTML, like Gecko) WebClip/10601.4.2 Safari/10601.4.4"
24.143.115.216 - - [31/Jan/2016:18:07:50 -0800] "GET /bower_components/requirejs/require.js HTTP/1.1" 304 210 "http://whereshouldiski.com/" "Mozilla/5.0 (Macintosh; Intel Mac OS X 10_10_5) AppleWebKit/600.8.9 (KHTML, like Gecko) WebClip/10601.4.2 Safari/10601.4.4"
24.143.115.216 - - [31/Jan/2016:18:07:50 -0800] "GET /scripts/scripts/vendor/modernizr.js HTTP/1.1" 304 210 "http://whereshouldiski.com/" "Mozilla/5.0 (Macintosh; Intel Mac OS X 10_10_5) AppleWebKit/600.8.9 (KHTML, like Gecko) WebClip/10601.4.2 Safari/10601.4.4"
24.143.115.216 - - [31/Jan/2016:18:07:50 -0800] "GET /images/loading.gif HTTP/1.1" 304 186 "http://whereshouldiski.com/" "Mozilla/5.0 (Macintosh; Intel Mac OS X 10_10_5) AppleWebKit/600.8.9 (KHTML, like Gecko) WebClip/10601.4.2 Safari/10601.4.4"
24.143.115.216 - - [31/Jan/2016:18:07:50 -0800] "GET /images/logo-square-white-sm.png HTTP/1.1" 304 185 "http://whereshouldiski.com/" "Mozilla/5.0 (Macintosh; Intel Mac OS X 10_10_5) AppleWebKit/600.8.9 (KHTML, like Gecko) WebClip/10601.4.2 Safari/10601.4.4"
24.143.115.216 - - [31/Jan/2016:18:07:51 -0800] "GET /scripts/fa48e319.main.js HTTP/1.1" 304 210 "http://whereshouldiski.com/" "Mozilla/5.0 (Macintosh; Intel Mac OS X 10_10_5) AppleWebKit/600.8.9 (KHTML, like Gecko) WebClip/10601.4.2 Safari/10601.4.4"
24.143.115.216 - - [31/Jan/2016:18:07:51 -0800] "GET /lib/reccapi.php?fields=t&powder=3&distance=100 HTTP/1.1" 200 349 "http://whereshouldiski.com/" "Mozilla/5.0 (Macintosh; Intel Mac OS X 10_10_5) AppleWebKit/600.8.9 (KHTML, like Gecko) WebClip/10601.4.2 Safari/10601.4.4"
47.208.168.194 - - [31/Jan/2016:18:10:42 -0800] "GET /images/wsis-logo-sm.png HTTP/1.1" 200 6108 "http://www.thebackcountry.net/" "Mozilla/5.0 (Macintosh; Intel Mac OS X 10_9_5) AppleWebKit/537.36 (KHTML, like Gecko) Chrome/47.0.2526.111 Safari/537.36"
66.249.79.136 - - [31/Jan/2016:18:16:13 -0800] "GET /lib/reccapi.php?resort=crystalmountain&date=2015-12-28 HTTP/1.1" 200 715 "http://whereshouldiski.com/" "Mozilla/5.0 (compatible; Googlebot/2.1; +http://www.google.com/bot.html)"
66.249.79.136 - - [31/Jan/2016:18:16:16 -0800] "GET /lib/reccapi.php?resort=wildcatmountain&date=2015-12-29 HTTP/1.1" 200 705 "http://whereshouldiski.com/" "Mozilla/5.0 (compatible; Googlebot/2.1; +http://www.google.com/bot.html)"
70.197.55.187 - - [31/Jan/2016:18:20:30 -0800] "GET /images/wsis-logo-sm.png HTTP/1.1" 200 6108 "http://www.thebackcountry.net/" "Mozilla/5.0 (iPhone; CPU iPhone OS 9_2 like Mac OS X) AppleWebKit/601.1.46 (KHTML, like Gecko) Version/9.0 Mobile/13C75 Safari/601.1"
180.76.15.151 - - [31/Jan/2016:18:31:30 -0800] "GET / HTTP/1.1" 200 6995 "-" "Mozilla/5.0 (compatible; Baiduspider/2.0; +http://www.baidu.com/search/spider.html)"
180.76.15.145 - - [31/Jan/2016:18:32:23 -0800] "GET / HTTP/1.1" 200 6995 "-" "Mozilla/5.0 (compatible; Baiduspider/2.0; +http://www.baidu.com/search/spider.html)"
94.102.51.30 - - [31/Jan/2016:18:32:54 -0800] "GET /plugins/content/plugin_googlemap2_proxy.php?url= HTTP/1.1" 404 526 "-" "Mozilla/5.0 (compatible; Googlebot/2.1; +http://www.google.com/bot.html)"
94.102.51.30 - - [31/Jan/2016:18:32:54 -0800] "GET /plugins/system/plugin_googlemap2_proxy.php?url= HTTP/1.1" 404 525 "-" "Mozilla/5.0 (compatible; Googlebot/2.1; +http://www.google.com/bot.html)"
94.102.51.30 - - [31/Jan/2016:18:32:54 -0800] "GET /plugins/system/plugin_googlemap2/plugin_googlemap2_proxy.php?url= HTTP/1.1" 404 525 "-" "Mozilla/5.0 (compatible; Googlebot/2.1; +http://www.google.com/bot.html)"
94.102.51.30 - - [31/Jan/2016:18:32:54 -0800] "GET /plugins/system/plugin_googlemap3_proxy.php?url= HTTP/1.1" 404 525 "-" "Mozilla/5.0 (compatible; Googlebot/2.1; +http://www.google.com/bot.html)"
94.102.51.30 - - [31/Jan/2016:18:32:55 -0800] "GET /plugins/system/plugin_googlemap3/plugin_googlemap3_proxy.php?url= HTTP/1.1" 404 525 "-" "Mozilla/5.0 (compatible; Googlebot/2.1; +http://www.google.com/bot.html)"
170.75.162.130 - - [31/Jan/2016:18:36:30 -0800] "GET /lib/reccapi.php?resort=mountainhigh HTTP/1.1" 200 1079 "-" "node-superagent/1.4.0"
52.33.40.213 - - [31/Jan/2016:18:39:39 -0800] "GET /lib/reccapi.php?resort=mammothmountain HTTP/1.1" 200 1049 "-" "node-superagent/1.4.0"
170.75.162.130 - - [31/Jan/2016:18:45:31 -0800] "GET /lib/reccapi.php?resort=arapahoebasin HTTP/1.1" 200 1063 "-" "node-superagent/1.4.0"
170.75.162.130 - - [31/Jan/2016:18:45:31 -0800] "GET /lib/reccapi.php?resort=winterpark HTTP/1.1" 200 1032 "-" "node-superagent/1.4.0"
47.208.171.13 - - [31/Jan/2016:18:52:10 -0800] "GET /images/wsis-logo-sm.png HTTP/1.1" 200 6108 "http://thebackcountry.net/" "Mozilla/5.0 (Macintosh; Intel Mac OS X 10_10_5) AppleWebKit/537.36 (KHTML, like Gecko) Chrome/47.0.2526.111 Safari/537.36"
66.249.79.234 - - [31/Jan/2016:18:53:57 -0800] "GET /lib/reccapi.php?resort=alpenglow&date=2016-01-12 HTTP/1.1" 200 681 "http://whereshouldiski.com/" "Mozilla/5.0 (compatible; Googlebot/2.1; +http://www.google.com/bot.html)"
24.32.24.240 - - [31/Jan/2016:18:54:05 -0800] "GET /images/wsis-logo-sm.png HTTP/1.1" 200 6108 "http://www.thebackcountry.net/" "Mozilla/5.0 (Linux; Android 4.4.2; Nexus 7 Build/KOT49H) AppleWebKit/537.36 (KHTML, like Gecko) Chrome/31.0.1650.59 Safari/537.36"
107.1.97.225 - - [31/Jan/2016:18:54:28 -0800] "GET / HTTP/1.1" 200 2615 "-" "Mozilla/5.0 (Macintosh; Intel Mac OS X 10_11_1) AppleWebKit/601.2.7 (KHTML, like Gecko) Version/9.0.1 Safari/601.2.7"
107.1.97.225 - - [31/Jan/2016:18:54:28 -0800] "GET /scripts/scripts/vendor/modernizr.js HTTP/1.1" 200 4903 "http://whereshouldiski.com/" "Mozilla/5.0 (Macintosh; Intel Mac OS X 10_11_1) AppleWebKit/601.2.7 (KHTML, like Gecko) Version/9.0.1 Safari/601.2.7"
107.1.97.225 - - [31/Jan/2016:18:54:28 -0800] "GET /styles/ee08faa9.main.css HTTP/1.1" 200 19447 "http://whereshouldiski.com/" "Mozilla/5.0 (Macintosh; Intel Mac OS X 10_11_1) AppleWebKit/601.2.7 (KHTML, like Gecko) Version/9.0.1 Safari/601.2.7"
52.33.40.213 - - [31/Jan/2016:18:56:20 -0800] "GET /lib/reccapi.php?resort=brighton HTTP/1.1" 200 1021 "-" "node-superagent/1.4.0"
170.75.162.130 - - [31/Jan/2016:18:58:03 -0800] "GET /lib/reccapi.php?resort=brighton HTTP/1.1" 200 1021 "-" "node-superagent/1.4.0"
52.33.40.213 - - [31/Jan/2016:18:58:10 -0800] "GET /lib/reccapi.php?resort=steamboat HTTP/1.1" 200 1022 "-" "node-superagent/1.4.0"
170.75.162.130 - - [31/Jan/2016:19:00:03 -0800] "GET /lib/reccapi.php?resort=monarch HTTP/1.1" 200 1006 "-" "node-superagent/1.4.0"
170.75.162.130 - - [31/Jan/2016:19:04:54 -0800] "GET /lib/reccapi.php?resort=mountbachelor HTTP/1.1" 200 1050 "-" "node-superagent/1.4.0"
170.75.162.130 - - [31/Jan/2016:19:04:54 -0800] "GET /lib/reccapi.php?resort=snowmass HTTP/1.1" 200 1005 "-" "node-superagent/1.4.0"
52.33.40.213 - - [31/Jan/2016:19:08:20 -0800] "GET /lib/reccapi.php?resort=telluride HTTP/1.1" 200 1018 "-" "node-superagent/1.4.0"
24.130.24.230 - - [31/Jan/2016:19:08:21 -0800] "GET /images/wsis-logo-sm.png HTTP/1.1" 200 6108 "http://thebackcountry.net/" "Mozilla/5.0 (X11; Ubuntu; Linux x86_64; rv:44.0) Gecko/20100101 Firefox/44.0"
54.162.124.221 - - [31/Jan/2016:19:15:18 -0800] "HEAD / HTTP/1.1" 200 291 "-" "Cloud mapping experiment. Contact research@pdrlabs.net"
180.76.15.30 - - [31/Jan/2016:19:19:45 -0800] "GET / HTTP/1.1" 304 173 "-" "Mozilla/5.0 (compatible; Baiduspider/2.0; +http://www.baidu.com/search/spider.html)"
75.5.253.151 - - [31/Jan/2016:19:21:00 -0800] "GET /images/wsis-logo-sm.png HTTP/1.1" 200 6108 "http://thebackcountry.net/" "Mozilla/5.0 (iPad; CPU OS 9_1 like Mac OS X) AppleWebKit/601.1.46 (KHTML, like Gecko) Version/9.0 Mobile/13B143 Safari/601.1"
170.75.162.130 - - [31/Jan/2016:19:27:57 -0800] "GET /lib/reccapi.php?resort=deervalley HTTP/1.1" 200 1045 "-" "node-superagent/1.4.0"
52.71.53.178 - - [31/Jan/2016:19:28:54 -0800] "GET /robots.txt HTTP/1.0" 200 382 "-" "My Nutch Spider/Nutch-1.11"
52.71.53.178 - - [31/Jan/2016:19:28:54 -0800] "GET / HTTP/1.0" 200 2578 "-" "My Nutch Spider/Nutch-1.11"
180.76.15.154 - - [31/Jan/2016:19:35:17 -0800] "GET / HTTP/1.1" 200 6995 "-" "Mozilla/5.0 (compatible; Baiduspider/2.0; +http://www.baidu.com/search/spider.html)"
180.76.15.30 - - [31/Jan/2016:19:36:15 -0800] "GET / HTTP/1.1" 200 6995 "-" "Mozilla/5.0 (compatible; Baiduspider/2.0; +http://www.baidu.com/search/spider.html)"
162.192.0.137 - - [31/Jan/2016:19:39:06 -0800] "GET /images/wsis-logo-sm.png HTTP/1.1" 200 6108 "http://www.thebackcountry.net/" "Mozilla/5.0 (Windows NT 10.0; WOW64) AppleWebKit/537.36 (KHTML, like Gecko) Chrome/48.0.2564.97 Safari/537.36"
170.75.162.130 - - [31/Jan/2016:19:39:39 -0800] "GET /lib/reccapi.php?resort=chinapeak HTTP/1.1" 200 1036 "-" "node-superagent/1.4.0"
107.220.208.43 - - [31/Jan/2016:19:40:12 -0800] "GET /images/wsis-logo-sm.png HTTP/1.1" 200 6108 "http://thebackcountry.net/" "Mozilla/5.0 (Macintosh; Intel Mac OS X 10_10_3) AppleWebKit/600.5.17 (KHTML, like Gecko) Version/8.0.5 Safari/600.5.17"
66.249.79.227 - - [31/Jan/2016:19:41:47 -0800] "GET /lib/reccapi.php?fields=t&region=Chile HTTP/1.1" 200 733 "http://whereshouldiski.com/" "Mozilla/5.0 (compatible; Googlebot/2.1; +http://www.google.com/bot.html)"
220.181.108.84 - - [31/Jan/2016:19:49:30 -0800] "GET / HTTP/1.1" 200 2578 "-" "Mozilla/5.0 (Windows NT 5.1; rv:6.0.2) Gecko/20100101 Firefox/6.0.2"
220.181.108.90 - - [31/Jan/2016:19:49:36 -0800] "GET / HTTP/1.1" 200 6995 "-" "Mozilla/5.0 (Windows NT 5.1; rv:6.0.2) Gecko/20100101 Firefox/6.0.2"
50.93.201.50 - - [31/Jan/2016:19:53:50 -0800] "GET / HTTP/1.1" 200 7032 "-" "-"
50.93.201.50 - - [31/Jan/2016:19:53:50 -0800] "GET /xmlrpc.php HTTP/1.1" 404 476 "-" "-"
50.93.201.50 - - [31/Jan/2016:19:53:56 -0800] "HEAD /wp-login.php HTTP/1.1" 404 163 "-" "-"
52.33.40.213 - - [31/Jan/2016:19:55:12 -0800] "GET /lib/reccapi.php?resort=alpinemeadows HTTP/1.1" 200 1041 "-" "node-superagent/1.4.0"
24.176.182.30 - - [31/Jan/2016:20:21:33 -0800] "GET /images/wsis-logo-sm.png HTTP/1.1" 200 6108 "http://www.thebackcountry.net/" "Mozilla/5.0 (Windows NT 6.1; WOW64) AppleWebKit/537.36 (KHTML, like Gecko) Chrome/48.0.2564.97 Safari/537.36"
170.75.162.130 - - [31/Jan/2016:20:21:45 -0800] "GET /lib/reccapi.php?resort=alpinemeadows HTTP/1.1" 200 1041 "-" "node-superagent/1.4.0"
50.131.196.229 - - [31/Jan/2016:20:23:42 -0800] "GET /images/wsis-logo-sm.png HTTP/1.1" 200 6108 "http://www.thebackcountry.net/" "Mozilla/5.0 (iPhone; CPU iPhone OS 9_2_1 like Mac OS X) AppleWebKit/601.1.46 (KHTML, like Gecko) Version/9.0 Mobile/13D15 Safari/601.1"
217.147.86.109 - - [31/Jan/2016:20:27:47 -0800] "GET / HTTP/1.0" 200 6995 "-" "GoogleBot/1.1"
64.234.44.167 - - [31/Jan/2016:20:29:21 -0800] "GET /images/wsis-logo-sm.png HTTP/1.1" 200 6108 "http://www.thebackcountry.net/" "Mozilla/5.0 (Windows NT 6.3; WOW64) AppleWebKit/537.36 (KHTML, like Gecko) Chrome/48.0.2564.97 Safari/537.36"
66.249.79.227 - - [31/Jan/2016:20:33:56 -0800] "GET /lib/reccapi.php?resort=wildcatmountain&date=2016-01-01 HTTP/1.1" 200 707 "http://whereshouldiski.com/" "Mozilla/5.0 (compatible; Googlebot/2.1; +http://www.google.com/bot.html)"
180.76.15.28 - - [31/Jan/2016:20:35:53 -0800] "GET / HTTP/1.1" 200 6995 "-" "Mozilla/5.0 (compatible; Baiduspider/2.0; +http://www.baidu.com/search/spider.html)"
180.76.15.147 - - [31/Jan/2016:20:36:52 -0800] "GET / HTTP/1.1" 200 6995 "-" "Mozilla/5.0 (compatible; Baiduspider/2.0; +http://www.baidu.com/search/spider.html)"
170.75.162.130 - - [31/Jan/2016:20:37:17 -0800] "GET /lib/reccapi.php?resort=mtrose HTTP/1.1" 200 1004 "-" "node-superagent/1.4.0"
170.75.162.130 - - [31/Jan/2016:20:37:57 -0800] "GET /lib/reccapi.php?resort=whitefacemountain HTTP/1.1" 200 1075 "-" "node-superagent/1.4.0"
123.125.71.80 - - [31/Jan/2016:20:44:31 -0800] "-" 408 0 "-" "-"
170.75.162.130 - - [31/Jan/2016:20:50:29 -0800] "GET /lib/reccapi.php?resort=sunvalley HTTP/1.1" 200 1003 "-" "node-superagent/1.4.0"
173.228.54.41 - - [31/Jan/2016:20:52:18 -0800] "GET /images/wsis-logo-sm.png HTTP/1.1" 200 6108 "http://www.thebackcountry.net/" "Mozilla/5.0 (Windows NT 6.1; WOW64; rv:43.0) Gecko/20100101 Firefox/43.0"
99.114.196.74 - - [31/Jan/2016:20:52:20 -0800] "GET /images/wsis-logo-sm.png HTTP/1.1" 200 6108 "http://www.thebackcountry.net/" "Mozilla/5.0 (Macintosh; Intel Mac OS X 10_11_2) AppleWebKit/601.3.9 (KHTML, like Gecko) Version/9.0.2 Safari/601.3.9"
170.75.162.130 - - [31/Jan/2016:20:57:29 -0800] "GET /lib/reccapi.php?resort=alyeska HTTP/1.1" 200 953 "-" "node-superagent/1.4.0"
170.75.162.130 - - [31/Jan/2016:20:58:00 -0800] "GET /lib/reccapi.php?resort=aspenmountain HTTP/1.1" 200 1045 "-" "node-superagent/1.4.0"
170.75.162.130 - - [31/Jan/2016:20:58:10 -0800] "GET /lib/reccapi.php?resort=devilshead HTTP/1.1" 200 1013 "-" "node-superagent/1.4.0"
170.75.162.130 - - [31/Jan/2016:20:58:10 -0800] "GET /lib/reccapi.php?resort=hoodoo HTTP/1.1" 200 1020 "-" "node-superagent/1.4.0"
170.75.162.130 - - [31/Jan/2016:20:58:10 -0800] "GET /lib/reccapi.php?resort=brianhead HTTP/1.1" 200 1023 "-" "node-superagent/1.4.0"
170.75.162.130 - - [31/Jan/2016:20:58:10 -0800] "GET /lib/reccapi.php?resort=jaypeak HTTP/1.1" 200 1030 "-" "node-superagent/1.4.0"
170.75.162.130 - - [31/Jan/2016:20:58:10 -0800] "GET /lib/reccapi.php?resort=keystone HTTP/1.1" 200 1020 "-" "node-superagent/1.4.0"
170.75.162.130 - - [31/Jan/2016:20:58:10 -0800] "GET /lib/reccapi.php?resort=madriverglen HTTP/1.1" 200 1075 "-" "node-superagent/1.4.0"
170.75.162.130 - - [31/Jan/2016:20:58:10 -0800] "GET /lib/reccapi.php?resort=crystalmountain HTTP/1.1" 200 1043 "-" "node-superagent/1.4.0"
170.75.162.130 - - [31/Jan/2016:20:58:10 -0800] "GET /lib/reccapi.php?resort=mountspokane HTTP/1.1" 200 1077 "-" "node-superagent/1.4.0"
170.75.162.130 - - [31/Jan/2016:20:59:10 -0800] "GET /lib/reccapi.php?resort=parkcity HTTP/1.1" 200 1051 "-" "node-superagent/1.4.0"
170.75.162.130 - - [31/Jan/2016:20:59:10 -0800] "GET /lib/reccapi.php?resort=snowbasin HTTP/1.1" 200 973 "-" "node-superagent/1.4.0"
170.75.162.130 - - [31/Jan/2016:20:59:10 -0800] "GET /lib/reccapi.php?resort=smugglersnotch HTTP/1.1" 200 1004 "-" "node-superagent/1.4.0"
170.75.162.130 - - [31/Jan/2016:20:59:10 -0800] "GET /lib/reccapi.php?resort=stowe HTTP/1.1" 200 1030 "-" "node-superagent/1.4.0"
170.75.162.130 - - [31/Jan/2016:20:59:10 -0800] "GET /lib/reccapi.php?resort=solitude HTTP/1.1" 200 1017 "-" "node-superagent/1.4.0"
170.75.162.130 - - [31/Jan/2016:20:59:10 -0800] "GET /lib/reccapi.php?resort=sugarbush HTTP/1.1" 200 1061 "-" "node-superagent/1.4.0"
170.75.162.130 - - [31/Jan/2016:20:59:10 -0800] "GET /lib/reccapi.php?resort=wildcatmountain HTTP/1.1" 200 970 "-" "node-superagent/1.4.0"
52.33.40.213 - - [31/Jan/2016:21:08:05 -0800] "GET /lib/reccapi.php?resort=madriverglen HTTP/1.1" 200 1075 "-" "node-superagent/1.4.0"
108.60.41.39 - - [31/Jan/2016:21:22:33 -0800] "GET /images/wsis-logo-sm.png HTTP/1.1" 200 6108 "http://www.thebackcountry.net/" "Mozilla/5.0 (Macintosh; Intel Mac OS X 10_9_5) AppleWebKit/537.36 (KHTML, like Gecko) Chrome/47.0.2526.111 Safari/537.36"
174.5.182.55 - - [31/Jan/2016:21:26:05 -0800] "GET / HTTP/1.1" 200 2615 "http://www.earnyourturns.com/9240/sb-notes-on-tele-lite/" "Mozilla/5.0 (X11; Linux x86_64; rv:38.0) Gecko/20100101 Firefox/38.0 Iceweasel/38.5.0"
174.5.182.55 - - [31/Jan/2016:21:26:07 -0800] "GET /styles/ee08faa9.main.css HTTP/1.1" 200 19446 "http://whereshouldiski.com/" "Mozilla/5.0 (X11; Linux x86_64; rv:38.0) Gecko/20100101 Firefox/38.0 Iceweasel/38.5.0"
174.5.182.55 - - [31/Jan/2016:21:26:07 -0800] "GET /images/loading.gif HTTP/1.1" 200 13882 "http://whereshouldiski.com/" "Mozilla/5.0 (X11; Linux x86_64; rv:38.0) Gecko/20100101 Firefox/38.0 Iceweasel/38.5.0"
174.5.182.55 - - [31/Jan/2016:21:26:07 -0800] "GET /images/logo-square-white-sm.png HTTP/1.1" 200 1684 "http://whereshouldiski.com/" "Mozilla/5.0 (X11; Linux x86_64; rv:38.0) Gecko/20100101 Firefox/38.0 Iceweasel/38.5.0"
174.5.182.55 - - [31/Jan/2016:21:26:08 -0800] "GET /favicon.ico HTTP/1.1" 200 4612 "-" "Mozilla/5.0 (X11; Linux x86_64; rv:38.0) Gecko/20100101 Firefox/38.0 Iceweasel/38.5.0"
66.249.79.220 - - [31/Jan/2016:21:33:12 -0800] "GET /lib/reccapi.php?resort=wildcatmountain&date=2016-01-03 HTTP/1.1" 200 706 "http://whereshouldiski.com/" "Mozilla/5.0 (compatible; Googlebot/2.1; +http://www.google.com/bot.html)"
180.76.15.152 - - [31/Jan/2016:21:37:16 -0800] "GET / HTTP/1.1" 200 6995 "-" "Mozilla/5.0 (compatible; Baiduspider/2.0; +http://www.baidu.com/search/spider.html)"
75.25.137.46 - - [31/Jan/2016:21:37:43 -0800] "GET /images/wsis-logo-sm.png HTTP/1.1" 200 6108 "http://www.thebackcountry.net/" "Mozilla/5.0 (Macintosh; Intel Mac OS X 10_11_3) AppleWebKit/537.36 (KHTML, like Gecko) Chrome/48.0.2564.97 Safari/537.36"
180.76.15.11 - - [31/Jan/2016:21:38:12 -0800] "GET / HTTP/1.1" 200 6995 "-" "Mozilla/5.0 (compatible; Baiduspider/2.0; +http://www.baidu.com/search/spider.html)"
66.249.79.234 - - [31/Jan/2016:21:47:57 -0800] "GET /lib/reccapi.php?resort=wildcatmountain&date=2016-01-29 HTTP/1.1" 200 1115 "http://whereshouldiski.com/" "Mozilla/5.0 (compatible; Googlebot/2.1; +http://www.google.com/bot.html)"
66.249.79.234 - - [31/Jan/2016:21:47:58 -0800] "GET /lib/reccapi.php?fields=t&date=2016-01-29&coords=44.2604%2C-71.2034&size=7&sort=distance HTTP/1.1" 200 1320 "http://whereshouldiski.com/" "Mozilla/5.0 (compatible; Googlebot/2.1; +http://www.google.com/bot.html)"
66.249.79.227 - - [31/Jan/2016:21:47:58 -0800] "GET /lib/resortDataSearchD3.php?size=7&sortDate=T&resort=wildcatmountain&dateStart=2016-01-27 HTTP/1.1" 200 864 "http://whereshouldiski.com/" "Mozilla/5.0 (compatible; Googlebot/2.1; +http://www.google.com/bot.html)"
170.75.162.130 - - [31/Jan/2016:21:48:27 -0800] "GET /lib/reccapi.php?resort=taos HTTP/1.1" 200 1021 "-" "node-superagent/1.4.0"
205.137.126.10 - - [31/Jan/2016:21:59:33 -0800] "GET /images/wsis-logo-sm.png HTTP/1.1" 200 6108 "http://www.thebackcountry.net/" "Mozilla/5.0 (Windows NT 6.1; WOW64) AppleWebKit/537.36 (KHTML, like Gecko) Chrome/48.0.2564.97 Safari/537.36"
170.75.162.130 - - [31/Jan/2016:22:03:19 -0800] "GET /lib/reccapi.php?resort=redmountain HTTP/1.1" 200 912 "-" "node-superagent/1.4.0"
170.75.162.130 - - [31/Jan/2016:22:14:10 -0800] "GET /lib/reccapi.php?resort=redlodge HTTP/1.1" 200 1083 "-" "node-superagent/1.4.0"
108.80.57.174 - - [31/Jan/2016:22:14:55 -0800] "GET /images/wsis-logo-sm.png HTTP/1.1" 200 6108 "http://www.thebackcountry.net/" "Mozilla/5.0 (X11; CrOS x86_64 7262.57.0) AppleWebKit/537.36 (KHTML, like Gecko) Chrome/45.0.2454.98 Safari/537.36"
149.202.54.6 - - [31/Jan/2016:22:17:34 -0800] "GET /robots.txt HTTP/1.0" 200 338 "-" "Mozilla/5.0 (compatible; MJ12bot/v1.4.5; http://www.majestic12.co.uk/bot.php?+)"
149.202.54.6 - - [31/Jan/2016:22:17:35 -0800] "GET /robots.txt HTTP/1.0" 200 338 "-" "Mozilla/5.0 (compatible; MJ12bot/v1.4.5; http://www.majestic12.co.uk/bot.php?+)"
149.202.54.6 - - [31/Jan/2016:22:17:37 -0800] "GET /robots.txt HTTP/1.0" 200 338 "-" "Mozilla/5.0 (compatible; MJ12bot/v1.4.5; http://www.majestic12.co.uk/bot.php?+)"
149.202.54.6 - - [31/Jan/2016:22:17:38 -0800] "GET /robots.txt HTTP/1.0" 200 338 "-" "Mozilla/5.0 (compatible; MJ12bot/v1.4.5; http://www.majestic12.co.uk/bot.php?+)"
170.75.162.130 - - [31/Jan/2016:22:19:41 -0800] "GET /lib/reccapi.php?resort=sugarloaf HTTP/1.1" 200 958 "-" "node-superagent/1.4.0"
170.75.162.130 - - [31/Jan/2016:22:19:41 -0800] "GET /lib/reccapi.php?resort=sundayriver HTTP/1.1" 200 986 "-" "node-superagent/1.4.0"
170.75.162.130 - - [31/Jan/2016:22:19:51 -0800] "GET /lib/reccapi.php?resort=stevenspass HTTP/1.1" 200 1039 "-" "node-superagent/1.4.0"
170.75.162.130 - - [31/Jan/2016:22:20:31 -0800] "GET /lib/reccapi.php?resort=mounthoodmeadows HTTP/1.1" 200 1013 "-" "node-superagent/1.4.0"
170.75.162.130 - - [31/Jan/2016:22:22:01 -0800] "GET /lib/reccapi.php?resort=aspenheights HTTP/1.1" 200 1041 "-" "node-superagent/1.4.0"
170.75.162.130 - - [31/Jan/2016:22:22:01 -0800] "GET /lib/reccapi.php?resort=buttermilk HTTP/1.1" 200 1029 "-" "node-superagent/1.4.0"
170.75.162.130 - - [31/Jan/2016:22:22:01 -0800] "GET /lib/reccapi.php?resort=coppermountain HTTP/1.1" 200 1030 "-" "node-superagent/1.4.0"
170.75.162.130 - - [31/Jan/2016:22:22:01 -0800] "GET /lib/reccapi.php?resort=crestedbutte HTTP/1.1" 200 1042 "-" "node-superagent/1.4.0"
170.75.162.130 - - [31/Jan/2016:22:22:02 -0800] "GET /lib/reccapi.php?resort=loveland HTTP/1.1" 200 1021 "-" "node-superagent/1.4.0"
170.75.162.130 - - [31/Jan/2016:22:22:02 -0800] "GET /lib/reccapi.php?resort=steamboat HTTP/1.1" 200 1022 "-" "node-superagent/1.4.0"
170.75.162.130 - - [31/Jan/2016:22:22:03 -0800] "GET /lib/reccapi.php?resort=telluride HTTP/1.1" 200 1018 "-" "node-superagent/1.4.0"
170.75.162.130 - - [31/Jan/2016:22:23:11 -0800] "GET /lib/reccapi.php?resort=bigwhite HTTP/1.1" 200 922 "-" "node-superagent/1.4.0"
170.75.162.130 - - [31/Jan/2016:22:23:21 -0800] "GET /lib/reccapi.php?resort=mammothmountain HTTP/1.1" 200 1049 "-" "node-superagent/1.4.0"
170.75.162.130 - - [31/Jan/2016:22:24:01 -0800] "GET /lib/reccapi.php?resort=angelfire HTTP/1.1" 200 1052 "-" "node-superagent/1.4.0"
50.173.47.195 - - [31/Jan/2016:22:24:38 -0800] "GET /images/wsis-logo-sm.png HTTP/1.1" 200 6108 "http://www.thebackcountry.net/" "Mozilla/5.0 (iPhone; CPU iPhone OS 9_2 like Mac OS X) AppleWebKit/601.1.46 (KHTML, like Gecko) Version/9.0 Mobile/13C75 Safari/601.1"
52.33.40.213 - - [31/Jan/2016:22:25:19 -0800] "GET /lib/reccapi.php?resort=alta HTTP/1.1" 200 1010 "-" "node-superagent/1.4.0"
180.76.15.31 - - [31/Jan/2016:22:33:10 -0800] "GET / HTTP/1.1" 200 6995 "-" "Mozilla/5.0 (compatible; Baiduspider/2.0; +http://www.baidu.com/search/spider.html)"
180.76.15.13 - - [31/Jan/2016:22:34:04 -0800] "GET / HTTP/1.1" 200 6995 "-" "Mozilla/5.0 (compatible; Baiduspider/2.0; +http://www.baidu.com/search/spider.html)"
70.214.58.162 - - [31/Jan/2016:22:35:57 -0800] "GET /images/wsis-logo-sm.png HTTP/1.1" 200 6108 "http://www.thebackcountry.net/" "Mozilla/5.0 (Windows NT 6.3; WOW64) AppleWebKit/537.36 (KHTML, like Gecko) Chrome/48.0.2564.97 Safari/537.36"
76.21.3.3 - - [31/Jan/2016:22:40:22 -0800] "GET /images/wsis-logo-sm.png HTTP/1.1" 200 6108 "http://www.thebackcountry.net/" "Mozilla/5.0 (Windows NT 6.3; WOW64; rv:43.0) Gecko/20100101 Firefox/43.0"
52.33.40.213 - - [31/Jan/2016:22:56:20 -0800] "GET /lib/reccapi.php?resort=winterpark HTTP/1.1" 200 1032 "-" "node-superagent/1.4.0"
52.33.40.213 - - [31/Jan/2016:22:57:00 -0800] "GET /lib/reccapi.php?resort=taos HTTP/1.1" 200 1021 "-" "node-superagent/1.4.0"
52.33.40.213 - - [31/Jan/2016:22:57:00 -0800] "GET /lib/reccapi.php?resort=snowbird HTTP/1.1" 200 1005 "-" "node-superagent/1.4.0"
52.33.40.213 - - [31/Jan/2016:22:57:00 -0800] "GET /lib/reccapi.php?resort=aspenheights HTTP/1.1" 200 1041 "-" "node-superagent/1.4.0"
52.33.40.213 - - [31/Jan/2016:22:59:20 -0800] "GET /lib/reccapi.php?resort=cannonmountain HTTP/1.1" 200 986 "-" "node-superagent/1.4.0"
52.33.40.213 - - [31/Jan/2016:23:03:50 -0800] "GET /lib/reccapi.php?resort=northstar-at-tahoe HTTP/1.1" 200 1020 "-" "node-superagent/1.4.0"
52.33.40.213 - - [31/Jan/2016:23:14:41 -0800] "GET /lib/reccapi.php?resort=crystalmountain HTTP/1.1" 200 1043 "-" "node-superagent/1.4.0"
66.249.79.220 - - [31/Jan/2016:23:21:08 -0800] "GET / HTTP/1.1" 200 2615 "-" "SAMSUNG-SGH-E250/1.0 Profile/MIDP-2.0 Configuration/CLDC-1.1 UP.Browser/6.2.3.3.c.1.101 (GUI) MMP/2.0 (compatible; Googlebot-Mobile/2.1; +http://www.google.com/bot.html)"
40.77.167.39 - - [31/Jan/2016:23:21:50 -0800] "GET / HTTP/1.1" 200 2615 "-" "Mozilla/5.0 (compatible; bingbot/2.0; +http://www.bing.com/bingbot.htm)"
170.75.162.130 - - [31/Jan/2016:23:29:52 -0800] "GET /lib/reccapi.php?resort=heavenly HTTP/1.1" 200 1032 "-" "node-superagent/1.4.0"
52.33.40.213 - - [31/Jan/2016:23:31:11 -0800] "GET /lib/reccapi.php?resort=hoodoo HTTP/1.1" 200 1020 "-" "node-superagent/1.4.0"
180.76.15.140 - - [31/Jan/2016:23:33:01 -0800] "GET / HTTP/1.1" 200 6995 "-" "Mozilla/5.0 (compatible; Baiduspider/2.0; +http://www.baidu.com/search/spider.html)"
180.76.15.146 - - [31/Jan/2016:23:33:53 -0800] "GET / HTTP/1.1" 200 6995 "-" "Mozilla/5.0 (compatible; Baiduspider/2.0; +http://www.baidu.com/search/spider.html)"
66.249.79.220 - - [31/Jan/2016:23:34:03 -0800] "GET /resorts?resort=heavenly HTTP/1.1" 404 506 "-" "Mozilla/5.0 (compatible; Googlebot/2.1; +http://www.google.com/bot.html)"
