52.33.40.213 - - [16/Mar/2016:00:58:52 -0700] "GET /lib/reccapi.php?resort=silverstarmountain HTTP/1.1" 200 937 "-" "node-superagent/1.4.0"
170.75.162.130 - - [16/Mar/2016:01:14:58 -0700] "GET /lib/reccapi.php?resort=heavenly HTTP/1.1" 200 981 "-" "node-superagent/1.4.0"
52.33.40.213 - - [16/Mar/2016:01:26:44 -0700] "GET /lib/reccapi.php?resort=northstar-at-tahoe HTTP/1.1" 200 964 "-" "node-superagent/1.4.0"
180.76.15.161 - - [16/Mar/2016:01:30:12 -0700] "GET / HTTP/1.1" 200 6995 "-" "Mozilla/5.0 (compatible; Baiduspider/2.0; +http://www.baidu.com/search/spider.html)"
180.76.15.148 - - [16/Mar/2016:01:31:04 -0700] "GET / HTTP/1.1" 200 6995 "-" "Mozilla/5.0 (compatible; Baiduspider/2.0; +http://www.baidu.com/search/spider.html)"
170.75.162.130 - - [16/Mar/2016:01:34:10 -0700] "GET /lib/reccapi.php?resort=aspenheights HTTP/1.1" 200 1050 "-" "node-superagent/1.4.0"
170.75.162.130 - - [16/Mar/2016:01:42:31 -0700] "GET /lib/reccapi.php?resort=snowbird HTTP/1.1" 200 997 "-" "node-superagent/1.4.0"
170.75.162.130 - - [16/Mar/2016:01:44:22 -0700] "GET /lib/reccapi.php?resort=alpinemeadows HTTP/1.1" 200 975 "-" "node-superagent/1.4.0"
52.33.40.213 - - [16/Mar/2016:02:05:25 -0700] "GET /lib/reccapi.php?resort=alta HTTP/1.1" 200 988 "-" "node-superagent/1.4.0"
170.75.162.130 - - [16/Mar/2016:02:13:25 -0700] "GET /lib/reccapi.php?resort=sierra-at-tahoe HTTP/1.1" 200 967 "-" "node-superagent/1.4.0"
170.75.162.130 - - [16/Mar/2016:02:14:46 -0700] "GET /lib/reccapi.php?resort=crystalmountain HTTP/1.1" 200 1043 "-" "node-superagent/1.4.0"
170.75.162.130 - - [16/Mar/2016:02:15:26 -0700] "GET /lib/reccapi.php?resort=keystone HTTP/1.1" 200 1119 "-" "node-superagent/1.4.0"
52.33.40.213 - - [16/Mar/2016:02:21:26 -0700] "GET /lib/reccapi.php?resort=smugglersnotch HTTP/1.1" 200 1001 "-" "node-superagent/1.4.0"
207.46.13.133 - - [16/Mar/2016:02:21:37 -0700] "GET / HTTP/1.1" 200 2615 "-" "Mozilla/5.0 (compatible; bingbot/2.0; +http://www.bing.com/bingbot.htm)"
170.75.162.130 - - [16/Mar/2016:02:25:37 -0700] "GET /lib/reccapi.php?resort=diamondpeak HTTP/1.1" 200 945 "-" "node-superagent/1.4.0"
180.76.15.134 - - [16/Mar/2016:02:31:54 -0700] "GET / HTTP/1.1" 200 6995 "-" "Mozilla/5.0 (compatible; Baiduspider/2.0; +http://www.baidu.com/search/spider.html)"
180.76.15.150 - - [16/Mar/2016:02:32:49 -0700] "GET / HTTP/1.1" 200 6995 "-" "Mozilla/5.0 (compatible; Baiduspider/2.0; +http://www.baidu.com/search/spider.html)"
170.75.162.130 - - [16/Mar/2016:02:35:58 -0700] "GET /lib/reccapi.php?resort=mountspokane HTTP/1.1" 200 1018 "-" "node-superagent/1.4.0"
52.33.40.213 - - [16/Mar/2016:02:39:07 -0700] "GET /lib/reccapi.php?resort=alpinemeadows HTTP/1.1" 200 975 "-" "node-superagent/1.4.0"
52.33.40.213 - - [16/Mar/2016:02:39:07 -0700] "GET /lib/reccapi.php?resort=mounthoodmeadows HTTP/1.1" 200 1077 "-" "node-superagent/1.4.0"
180.76.15.162 - - [16/Mar/2016:02:58:13 -0700] "GET /resorts?resort=powderhorn HTTP/1.1" 404 469 "-" "Mozilla/5.0 (compatible; Baiduspider/2.0; +http://www.baidu.com/search/spider.html)"
170.75.162.130 - - [16/Mar/2016:03:04:22 -0700] "GET /lib/reccapi.php?resort=schweitzer HTTP/1.1" 200 1029 "-" "node-superagent/1.4.0"
170.75.162.130 - - [16/Mar/2016:03:13:43 -0700] "GET /lib/reccapi.php?resort=sugarbush HTTP/1.1" 200 975 "-" "node-superagent/1.4.0"
180.76.15.7 - - [16/Mar/2016:03:16:19 -0700] "GET / HTTP/1.1" 200 2578 "-" "Mozilla/5.0 (compatible; Baiduspider/2.0; +http://www.baidu.com/search/spider.html)"
170.75.162.130 - - [16/Mar/2016:03:19:34 -0700] "GET /lib/reccapi.php?resort=redlodge HTTP/1.1" 200 1109 "-" "node-superagent/1.4.0"
170.75.162.130 - - [16/Mar/2016:03:20:14 -0700] "GET /lib/reccapi.php?resort=homewoodmountain HTTP/1.1" 200 984 "-" "node-superagent/1.4.0"
170.75.162.130 - - [16/Mar/2016:03:20:14 -0700] "GET /lib/reccapi.php?resort=kirkwood HTTP/1.1" 200 985 "-" "node-superagent/1.4.0"
170.75.162.130 - - [16/Mar/2016:03:20:14 -0700] "GET /lib/reccapi.php?resort=mtrose HTTP/1.1" 200 939 "-" "node-superagent/1.4.0"
170.75.162.130 - - [16/Mar/2016:03:20:14 -0700] "GET /lib/reccapi.php?resort=northstar-at-tahoe HTTP/1.1" 200 964 "-" "node-superagent/1.4.0"
170.75.162.130 - - [16/Mar/2016:03:20:14 -0700] "GET /lib/reccapi.php?resort=squawvalleyusa HTTP/1.1" 200 980 "-" "node-superagent/1.4.0"
180.76.15.13 - - [16/Mar/2016:03:30:13 -0700] "GET / HTTP/1.1" 200 6995 "-" "Mozilla/5.0 (compatible; Baiduspider/2.0; +http://www.baidu.com/search/spider.html)"
66.249.69.95 - - [16/Mar/2016:03:30:58 -0700] "GET /robots.txt HTTP/1.1" 200 419 "-" "Mozilla/5.0 (compatible; Googlebot/2.1; +http://www.google.com/bot.html)"
66.249.69.95 - - [16/Mar/2016:03:30:58 -0700] "GET / HTTP/1.1" 200 2614 "-" "Mozilla/5.0 (compatible; Googlebot/2.1; +http://www.google.com/bot.html)"
180.76.15.34 - - [16/Mar/2016:03:31:03 -0700] "GET / HTTP/1.1" 200 6995 "-" "Mozilla/5.0 (compatible; Baiduspider/2.0; +http://www.baidu.com/search/spider.html)"
66.249.69.103 - - [16/Mar/2016:03:32:20 -0700] "GET /styles/ee08faa9.main.css HTTP/1.1" 200 19447 "-" "Mozilla/5.0 (compatible; Googlebot/2.1; +http://www.google.com/bot.html)"
170.75.162.130 - - [16/Mar/2016:03:34:31 -0700] "GET /lib/reccapi.php?resort=sunvalley HTTP/1.1" 200 1009 "-" "node-superagent/1.4.0"
170.75.162.130 - - [16/Mar/2016:03:35:11 -0700] "GET /lib/reccapi.php?resort=49degreesnorth HTTP/1.1" 200 1018 "-" "node-superagent/1.4.0"
170.75.162.130 - - [16/Mar/2016:03:44:12 -0700] "GET /lib/reccapi.php?resort=angelfire HTTP/1.1" 200 990 "-" "node-superagent/1.4.0"
170.75.162.130 - - [16/Mar/2016:03:56:14 -0700] "GET /lib/reccapi.php?resort=sugarbowl HTTP/1.1" 200 963 "-" "node-superagent/1.4.0"
52.33.40.213 - - [16/Mar/2016:03:59:21 -0700] "GET /lib/reccapi.php?resort=mountbachelor HTTP/1.1" 200 1024 "-" "node-superagent/1.4.0"
52.33.40.213 - - [16/Mar/2016:03:59:21 -0700] "GET /lib/reccapi.php?resort=schweitzer HTTP/1.1" 200 1029 "-" "node-superagent/1.4.0"
52.33.40.213 - - [16/Mar/2016:03:59:21 -0700] "GET /lib/reccapi.php?resort=mountspokane HTTP/1.1" 200 1018 "-" "node-superagent/1.4.0"
52.33.40.213 - - [16/Mar/2016:04:00:21 -0700] "GET /lib/reccapi.php?resort=stevenspass HTTP/1.1" 200 1061 "-" "node-superagent/1.4.0"
52.33.40.213 - - [16/Mar/2016:04:04:41 -0700] "GET /lib/reccapi.php?resort=snowbird HTTP/1.1" 200 997 "-" "node-superagent/1.4.0"
178.137.94.117 - - [16/Mar/2016:04:23:00 -0700] "GET / HTTP/1.1" 200 6976 "http://ring4rhino.com/" "Opera/9.00 (Windows NT 5.1; U; en)"
178.137.94.117 - - [16/Mar/2016:04:23:02 -0700] "GET / HTTP/1.1" 200 6976 "http://ring4rhino.com/" "Opera/9.00 (Windows NT 5.1; U; en)"
180.76.15.155 - - [16/Mar/2016:04:31:27 -0700] "GET / HTTP/1.1" 200 6995 "-" "Mozilla/5.0 (compatible; Baiduspider/2.0; +http://www.baidu.com/search/spider.html)"
180.76.15.30 - - [16/Mar/2016:04:32:21 -0700] "GET / HTTP/1.1" 200 6995 "-" "Mozilla/5.0 (compatible; Baiduspider/2.0; +http://www.baidu.com/search/spider.html)"
170.75.162.130 - - [16/Mar/2016:04:35:19 -0700] "GET /lib/reccapi.php?resort=jaypeak HTTP/1.1" 200 990 "-" "node-superagent/1.4.0"
66.249.65.66 - - [16/Mar/2016:04:48:54 -0700] "GET /robots.txt HTTP/1.1" 200 419 "-" "Mozilla/5.0 (compatible; Googlebot/2.1; +http://www.google.com/bot.html)"
66.249.65.72 - - [16/Mar/2016:04:48:54 -0700] "GET / HTTP/1.1" 200 2615 "-" "Mozilla/5.0 (compatible; Googlebot/2.1; +http://www.google.com/bot.html)"
52.33.40.213 - - [16/Mar/2016:04:56:24 -0700] "GET /lib/reccapi.php?resort=angelfire HTTP/1.1" 200 990 "-" "node-superagent/1.4.0"
52.33.40.213 - - [16/Mar/2016:04:58:04 -0700] "GET /lib/reccapi.php?resort=crystalmountain HTTP/1.1" 200 1043 "-" "node-superagent/1.4.0"
52.33.40.213 - - [16/Mar/2016:05:02:34 -0700] "GET /lib/reccapi.php?resort=alyeska HTTP/1.1" 200 1012 "-" "node-superagent/1.4.0"
52.33.40.213 - - [16/Mar/2016:05:04:24 -0700] "GET /lib/reccapi.php?resort=whitefacemountain HTTP/1.1" 200 1000 "-" "node-superagent/1.4.0"
185.25.151.159 - - [16/Mar/2016:05:24:14 -0700] "GET http://testp5.mielno.lubin.pl/testproxy.php HTTP/1.1" 404 452 "-" "Mozilla/5.0 (Windows NT 5.1; rv:32.0) Gecko/20100101 Firefox/31.0"
107.77.92.65 - - [16/Mar/2016:05:25:21 -0700] "GET /images/wsis-logo-sm.png HTTP/1.1" 200 6108 "http://thebackcountry.net/" "Mozilla/5.0 (iPhone; CPU iPhone OS 9_2_1 like Mac OS X) AppleWebKit/601.1.46 (KHTML, like Gecko) Version/9.0 Mobile/13D15 Safari/601.1"
180.76.15.154 - - [16/Mar/2016:05:34:49 -0700] "GET / HTTP/1.1" 200 6995 "-" "Mozilla/5.0 (compatible; Baiduspider/2.0; +http://www.baidu.com/search/spider.html)"
180.76.15.9 - - [16/Mar/2016:05:35:54 -0700] "GET / HTTP/1.1" 200 6995 "-" "Mozilla/5.0 (compatible; Baiduspider/2.0; +http://www.baidu.com/search/spider.html)"
83.15.96.157 - - [16/Mar/2016:05:39:10 -0700] "GET / HTTP/1.1" 200 2615 "http://www.earnyourturns.com/11416/at-boot-review-dynafits-tlt5-tfx/" "Mozilla/5.0 (Windows NT 6.3; WOW64) AppleWebKit/537.36 (KHTML, like Gecko) Chrome/49.0.2623.87 Safari/537.36"
83.15.96.157 - - [16/Mar/2016:05:39:10 -0700] "GET /scripts/scripts/vendor/modernizr.js HTTP/1.1" 200 4903 "http://whereshouldiski.com/" "Mozilla/5.0 (Windows NT 6.3; WOW64) AppleWebKit/537.36 (KHTML, like Gecko) Chrome/49.0.2623.87 Safari/537.36"
83.15.96.157 - - [16/Mar/2016:05:39:10 -0700] "GET /styles/ee08faa9.main.css HTTP/1.1" 200 19446 "http://whereshouldiski.com/" "Mozilla/5.0 (Windows NT 6.3; WOW64) AppleWebKit/537.36 (KHTML, like Gecko) Chrome/49.0.2623.87 Safari/537.36"
83.15.96.157 - - [16/Mar/2016:05:39:10 -0700] "GET /images/logo-square-white-sm.png HTTP/1.1" 200 1684 "http://whereshouldiski.com/" "Mozilla/5.0 (Windows NT 6.3; WOW64) AppleWebKit/537.36 (KHTML, like Gecko) Chrome/49.0.2623.87 Safari/537.36"
83.15.96.157 - - [16/Mar/2016:05:39:10 -0700] "GET /bower_components/requirejs/require.js HTTP/1.1" 200 6701 "http://whereshouldiski.com/" "Mozilla/5.0 (Windows NT 6.3; WOW64) AppleWebKit/537.36 (KHTML, like Gecko) Chrome/49.0.2623.87 Safari/537.36"
83.15.96.157 - - [16/Mar/2016:05:39:11 -0700] "GET /images/loading.gif HTTP/1.1" 200 13881 "http://whereshouldiski.com/" "Mozilla/5.0 (Windows NT 6.3; WOW64) AppleWebKit/537.36 (KHTML, like Gecko) Chrome/49.0.2623.87 Safari/537.36"
83.15.96.157 - - [16/Mar/2016:05:39:11 -0700] "GET /favicon.ico HTTP/1.1" 200 4612 "http://whereshouldiski.com/" "Mozilla/5.0 (Windows NT 6.3; WOW64) AppleWebKit/537.36 (KHTML, like Gecko) Chrome/49.0.2623.87 Safari/537.36"
83.15.96.157 - - [16/Mar/2016:05:39:11 -0700] "GET /scripts/fa48e319.main.js HTTP/1.1" 200 123455 "http://whereshouldiski.com/" "Mozilla/5.0 (Windows NT 6.3; WOW64) AppleWebKit/537.36 (KHTML, like Gecko) Chrome/49.0.2623.87 Safari/537.36"
83.15.96.157 - - [16/Mar/2016:05:39:13 -0700] "GET /lib/reccapi.php?fields=t HTTP/1.1" 200 1923 "http://whereshouldiski.com/" "Mozilla/5.0 (Windows NT 6.3; WOW64) AppleWebKit/537.36 (KHTML, like Gecko) Chrome/49.0.2623.87 Safari/537.36"
83.15.96.157 - - [16/Mar/2016:05:39:14 -0700] "GET /images/button.png HTTP/1.1" 200 598 "http://whereshouldiski.com/styles/ee08faa9.main.css" "Mozilla/5.0 (Windows NT 6.3; WOW64) AppleWebKit/537.36 (KHTML, like Gecko) Chrome/49.0.2623.87 Safari/537.36"
83.15.96.157 - - [16/Mar/2016:05:39:14 -0700] "GET /images/greyHeader.png HTTP/1.1" 200 508 "http://whereshouldiski.com/styles/ee08faa9.main.css" "Mozilla/5.0 (Windows NT 6.3; WOW64) AppleWebKit/537.36 (KHTML, like Gecko) Chrome/49.0.2623.87 Safari/537.36"
170.75.162.130 - - [16/Mar/2016:05:41:47 -0700] "GET /lib/reccapi.php?resort=aspenmountain HTTP/1.1" 200 1041 "-" "node-superagent/1.4.0"
170.75.162.130 - - [16/Mar/2016:05:43:28 -0700] "GET /lib/reccapi.php?resort=snowbird HTTP/1.1" 200 1042 "-" "node-superagent/1.4.0"
83.15.96.157 - - [16/Mar/2016:05:55:09 -0700] "GET /images/snowflake5.png HTTP/1.1" 200 2858 "http://whereshouldiski.com/styles/ee08faa9.main.css" "Mozilla/5.0 (Windows NT 6.3; WOW64) AppleWebKit/537.36 (KHTML, like Gecko) Chrome/49.0.2623.87 Safari/537.36"
83.15.96.157 - - [16/Mar/2016:05:55:09 -0700] "GET /images/star5.png HTTP/1.1" 200 1784 "http://whereshouldiski.com/styles/ee08faa9.main.css" "Mozilla/5.0 (Windows NT 6.3; WOW64) AppleWebKit/537.36 (KHTML, like Gecko) Chrome/49.0.2623.87 Safari/537.36"
83.15.96.157 - - [16/Mar/2016:05:55:09 -0700] "GET /images/bluebird5.png HTTP/1.1" 200 2178 "http://whereshouldiski.com/styles/ee08faa9.main.css" "Mozilla/5.0 (Windows NT 6.3; WOW64) AppleWebKit/537.36 (KHTML, like Gecko) Chrome/49.0.2623.87 Safari/537.36"
83.15.96.157 - - [16/Mar/2016:05:55:09 -0700] "GET /images/mtns-icon.png HTTP/1.1" 200 1097 "http://whereshouldiski.com/styles/ee08faa9.main.css" "Mozilla/5.0 (Windows NT 6.3; WOW64) AppleWebKit/537.36 (KHTML, like Gecko) Chrome/49.0.2623.87 Safari/537.36"
83.15.96.157 - - [16/Mar/2016:05:55:09 -0700] "GET /images/shading-icon.png HTTP/1.1" 200 537 "http://whereshouldiski.com/styles/ee08faa9.main.css" "Mozilla/5.0 (Windows NT 6.3; WOW64) AppleWebKit/537.36 (KHTML, like Gecko) Chrome/49.0.2623.87 Safari/537.36"
127.0.0.1 - - [16/Mar/2016:05:55:29 -0700] "OPTIONS * HTTP/1.0" 200 126 "-" "Apache/2.2.22 (Ubuntu) (internal dummy connection)"
170.75.162.130 - - [16/Mar/2016:06:03:50 -0700] "GET /lib/reccapi.php?resort=mountbachelor HTTP/1.1" 200 1090 "-" "node-superagent/1.4.0"
66.249.65.72 - - [16/Mar/2016:06:04:04 -0700] "GET /styles/ee08faa9.main.css HTTP/1.1" 200 19447 "-" "Mozilla/5.0 (compatible; Googlebot/2.1; +http://www.google.com/bot.html)"
66.249.65.19 - - [16/Mar/2016:06:14:53 -0700] "GET / HTTP/1.1" 200 2615 "-" "Mozilla/5.0 (compatible; Googlebot/2.1; +http://www.google.com/bot.html)"
170.75.162.130 - - [16/Mar/2016:06:15:51 -0700] "GET /lib/reccapi.php?resort=madriverglen HTTP/1.1" 200 1005 "-" "node-superagent/1.4.0"
170.75.162.130 - - [16/Mar/2016:06:15:51 -0700] "GET /lib/reccapi.php?resort=smugglersnotch HTTP/1.1" 200 1007 "-" "node-superagent/1.4.0"
170.75.162.130 - - [16/Mar/2016:06:15:52 -0700] "GET /lib/reccapi.php?resort=stowe HTTP/1.1" 200 996 "-" "node-superagent/1.4.0"
52.33.40.213 - - [16/Mar/2016:06:23:48 -0700] "GET /lib/reccapi.php?resort=chinapeak HTTP/1.1" 200 989 "-" "node-superagent/1.4.0"
52.33.40.213 - - [16/Mar/2016:06:24:08 -0700] "GET /lib/reccapi.php?resort=mtrose HTTP/1.1" 200 947 "-" "node-superagent/1.4.0"
52.33.40.213 - - [16/Mar/2016:06:25:18 -0700] "GET /lib/reccapi.php?resort=homewoodmountain HTTP/1.1" 200 982 "-" "node-superagent/1.4.0"
46.229.170.197 - - [16/Mar/2016:06:26:29 -0700] "GET / HTTP/1.1" 200 6976 "-" "Mozilla/5.0 (X11; Linux i686; rv:2.0.1) Gecko/20110518 Firefox/4.0.1"
180.76.15.140 - - [16/Mar/2016:06:29:39 -0700] "GET / HTTP/1.1" 200 6995 "-" "Mozilla/5.0 (compatible; Baiduspider/2.0; +http://www.baidu.com/search/spider.html)"
180.76.15.161 - - [16/Mar/2016:06:30:29 -0700] "GET / HTTP/1.1" 200 6995 "-" "Mozilla/5.0 (compatible; Baiduspider/2.0; +http://www.baidu.com/search/spider.html)"
123.125.71.78 - - [16/Mar/2016:06:31:06 -0700] "GET / HTTP/1.1" 200 2578 "-" "Mozilla/5.0 (Windows NT 5.1; rv:6.0.2) Gecko/20100101 Firefox/6.0.2"
123.125.71.86 - - [16/Mar/2016:06:31:06 -0700] "GET / HTTP/1.1" 200 6995 "-" "Mozilla/5.0 (Windows NT 5.1; rv:6.0.2) Gecko/20100101 Firefox/6.0.2"
170.75.162.130 - - [16/Mar/2016:06:31:33 -0700] "GET /lib/reccapi.php?resort=alyeska HTTP/1.1" 200 1012 "-" "node-superagent/1.4.0"
76.217.193.219 - - [16/Mar/2016:06:32:10 -0700] "GET /images/wsis-logo-sm.png HTTP/1.1" 200 6108 "http://www.thebackcountry.net/" "Mozilla/5.0 (Windows NT 10.0; WOW64) AppleWebKit/537.36 (KHTML, like Gecko) Chrome/49.0.2623.87 Safari/537.36"
170.75.162.130 - - [16/Mar/2016:06:32:13 -0700] "GET /lib/reccapi.php?resort=heavenly HTTP/1.1" 200 979 "-" "node-superagent/1.4.0"
170.75.162.130 - - [16/Mar/2016:06:32:33 -0700] "GET /lib/reccapi.php?resort=winterpark HTTP/1.1" 200 1099 "-" "node-superagent/1.4.0"
170.75.162.130 - - [16/Mar/2016:06:32:43 -0700] "GET /lib/reccapi.php?resort=killington HTTP/1.1" 200 1032 "-" "node-superagent/1.4.0"
170.75.162.130 - - [16/Mar/2016:06:33:24 -0700] "GET /lib/reccapi.php?resort=mammothmountain HTTP/1.1" 200 984 "-" "node-superagent/1.4.0"
170.75.162.130 - - [16/Mar/2016:06:33:34 -0700] "GET /lib/reccapi.php?resort=taos HTTP/1.1" 200 952 "-" "node-superagent/1.4.0"
170.75.162.130 - - [16/Mar/2016:06:35:24 -0700] "GET /lib/reccapi.php?resort=diamondpeak HTTP/1.1" 200 971 "-" "node-superagent/1.4.0"
52.33.40.213 - - [16/Mar/2016:06:45:39 -0700] "GET /lib/reccapi.php?resort=mounthoodmeadows HTTP/1.1" 200 1074 "-" "node-superagent/1.4.0"
52.33.40.213 - - [16/Mar/2016:06:45:39 -0700] "GET /lib/reccapi.php?resort=killington HTTP/1.1" 200 1032 "-" "node-superagent/1.4.0"
52.33.40.213 - - [16/Mar/2016:06:46:39 -0700] "GET /lib/reccapi.php?resort=snowmass HTTP/1.1" 200 1046 "-" "node-superagent/1.4.0"
52.33.40.213 - - [16/Mar/2016:06:46:39 -0700] "GET /lib/reccapi.php?resort=sierra-at-tahoe HTTP/1.1" 200 988 "-" "node-superagent/1.4.0"
52.33.40.213 - - [16/Mar/2016:06:46:39 -0700] "GET /lib/reccapi.php?resort=aspenheights HTTP/1.1" 200 1075 "-" "node-superagent/1.4.0"
52.33.40.213 - - [16/Mar/2016:06:46:39 -0700] "GET /lib/reccapi.php?resort=buttermilk HTTP/1.1" 200 1021 "-" "node-superagent/1.4.0"
66.249.65.66 - - [16/Mar/2016:06:47:58 -0700] "GET /lib/reccapi.php?resort=mammothmountain&date=2016-02-01 HTTP/1.1" 200 1050 "http://whereshouldiski.com/" "Mozilla/5.0 (compatible; Googlebot/2.1; +http://www.google.com/bot.html)"
66.249.65.69 - - [16/Mar/2016:06:48:00 -0700] "GET /lib/reccapi.php?fields=t&date=2016-02-01&coords=37.63%2C-119.02&size=7&sort=distance HTTP/1.1" 200 1400 "http://whereshouldiski.com/" "Mozilla/5.0 (compatible; Googlebot/2.1; +http://www.google.com/bot.html)"
66.249.65.69 - - [16/Mar/2016:06:48:00 -0700] "GET /lib/resortDataSearchD3.php?size=7&sortDate=T&resort=mammothmountain&dateStart=2016-01-30 HTTP/1.1" 200 880 "http://whereshouldiski.com/" "Mozilla/5.0 (compatible; Googlebot/2.1; +http://www.google.com/bot.html)"
52.33.40.213 - - [16/Mar/2016:06:49:09 -0700] "GET /lib/reccapi.php?resort=redlodge HTTP/1.1" 200 1112 "-" "node-superagent/1.4.0"
170.75.162.130 - - [16/Mar/2016:06:49:26 -0700] "GET /lib/reccapi.php?resort=jacksonhole HTTP/1.1" 200 1099 "-" "node-superagent/1.4.0"
170.75.162.130 - - [16/Mar/2016:07:04:08 -0700] "GET /lib/reccapi.php?resort=sierra-at-tahoe HTTP/1.1" 200 988 "-" "node-superagent/1.4.0"
153.175.48.188 - - [16/Mar/2016:07:06:36 -0700] "GET /images/wsis-logo-sm.png HTTP/1.1" 200 6108 "http://thebackcountry.net/" "Mozilla/4.0 (compatible; MSIE 8.0; Windows NT 5.1; Trident/4.0)"
209.23.142.194 - - [16/Mar/2016:07:12:08 -0700] "GET /images/wsis-logo-sm.png HTTP/1.1" 200 6108 "http://www.thebackcountry.net/" "Mozilla/5.0 (Windows NT 6.1) AppleWebKit/537.36 (KHTML, like Gecko) Chrome/49.0.2623.87 Safari/537.36"
24.6.201.64 - - [16/Mar/2016:07:19:34 -0700] "GET /images/wsis-logo-sm.png HTTP/1.1" 200 6108 "http://www.thebackcountry.net/" "Mozilla/5.0 (iPhone; CPU iPhone OS 9_2_1 like Mac OS X) AppleWebKit/601.1.46 (KHTML, like Gecko) Version/9.0 Mobile/13D15 Safari/601.1"
52.33.40.213 - - [16/Mar/2016:07:23:41 -0700] "GET /lib/reccapi.php?resort=bigsky HTTP/1.1" 200 1095 "-" "node-superagent/1.4.0"
172.56.7.62 - - [16/Mar/2016:07:23:49 -0700] "GET /images/wsis-logo-sm.png HTTP/1.1" 200 6108 "http://www.thebackcountry.net/" "Mozilla/5.0 (iPhone; CPU iPhone OS 9_2_1 like Mac OS X) AppleWebKit/601.1.46 (KHTML, like Gecko) Version/9.0 Mobile/13D15 Safari/601.1"
52.33.40.213 - - [16/Mar/2016:07:23:51 -0700] "GET /lib/reccapi.php?resort=jaypeak HTTP/1.1" 200 995 "-" "node-superagent/1.4.0"
180.76.15.5 - - [16/Mar/2016:07:29:17 -0700] "GET / HTTP/1.1" 200 6995 "-" "Mozilla/5.0 (compatible; Baiduspider/2.0; +http://www.baidu.com/search/spider.html)"
180.76.15.159 - - [16/Mar/2016:07:30:07 -0700] "GET / HTTP/1.1" 200 6995 "-" "Mozilla/5.0 (compatible; Baiduspider/2.0; +http://www.baidu.com/search/spider.html)"
52.33.40.213 - - [16/Mar/2016:07:30:52 -0700] "GET /lib/reccapi.php?resort=parkcity HTTP/1.1" 200 1069 "-" "node-superagent/1.4.0"
52.33.40.213 - - [16/Mar/2016:07:31:32 -0700] "GET /lib/reccapi.php?resort=cannonmountain HTTP/1.1" 200 961 "-" "node-superagent/1.4.0"
52.33.40.213 - - [16/Mar/2016:07:31:42 -0700] "GET /lib/reccapi.php?resort=deervalley HTTP/1.1" 200 995 "-" "node-superagent/1.4.0"
67.164.90.150 - - [16/Mar/2016:07:36:39 -0700] "GET /images/wsis-logo-sm.png HTTP/1.1" 200 6108 "http://www.thebackcountry.net/" "Mozilla/5.0 (Windows NT 6.1; WOW64) AppleWebKit/537.36 (KHTML, like Gecko) Chrome/49.0.2623.87 Safari/537.36"
220.181.108.88 - - [16/Mar/2016:07:41:10 -0700] "GET / HTTP/1.1" 200 2578 "-" "Mozilla/5.0 (Windows NT 5.1; rv:6.0.2) Gecko/20100101 Firefox/6.0.2"
220.181.108.111 - - [16/Mar/2016:07:41:36 -0700] "GET / HTTP/1.1" 200 6995 "-" "Mozilla/5.0 (Windows NT 5.1; rv:6.0.2) Gecko/20100101 Firefox/6.0.2"
170.75.162.130 - - [16/Mar/2016:07:43:23 -0700] "GET /lib/reccapi.php?resort=alta HTTP/1.1" 200 1033 "-" "node-superagent/1.4.0"
52.33.40.213 - - [16/Mar/2016:07:47:42 -0700] "GET /lib/reccapi.php?resort=telluride HTTP/1.1" 200 963 "-" "node-superagent/1.4.0"
52.33.40.213 - - [16/Mar/2016:07:48:02 -0700] "GET /lib/reccapi.php?resort=solitude HTTP/1.1" 200 1036 "-" "node-superagent/1.4.0"
170.75.162.130 - - [16/Mar/2016:07:49:33 -0700] "GET /lib/reccapi.php?resort=crystalmountain HTTP/1.1" 200 1018 "-" "node-superagent/1.4.0"
70.214.42.97 - - [16/Mar/2016:07:55:17 -0700] "GET /images/wsis-logo-sm.png HTTP/1.1" 200 6108 "http://www.thebackcountry.net/" "Mozilla/5.0 (iPhone; CPU iPhone OS 8_4 like Mac OS X) AppleWebKit/600.1.4 (KHTML, like Gecko) Mobile/12H143"
52.33.40.213 - - [16/Mar/2016:08:02:23 -0700] "GET /lib/reccapi.php?resort=brighton HTTP/1.1" 200 1061 "-" "node-superagent/1.4.0"
52.33.40.213 - - [16/Mar/2016:08:04:23 -0700] "GET /lib/reccapi.php?resort=steamboat HTTP/1.1" 200 1076 "-" "node-superagent/1.4.0"
180.76.15.9 - - [16/Mar/2016:08:10:18 -0700] "GET / HTTP/1.1" 304 173 "-" "Mozilla/5.0 (compatible; Baiduspider/2.0; +http://www.baidu.com/search/spider.html)"
170.75.162.130 - - [16/Mar/2016:08:12:36 -0700] "GET /lib/reccapi.php?resort=bigsky HTTP/1.1" 200 1095 "-" "node-superagent/1.4.0"
170.75.162.130 - - [16/Mar/2016:08:13:16 -0700] "GET /lib/reccapi.php?resort=aspenheights HTTP/1.1" 200 1072 "-" "node-superagent/1.4.0"
170.75.162.130 - - [16/Mar/2016:08:13:17 -0700] "GET /lib/reccapi.php?resort=arapahoebasin HTTP/1.1" 200 1119 "-" "node-superagent/1.4.0"
170.75.162.130 - - [16/Mar/2016:08:13:17 -0700] "GET /lib/reccapi.php?resort=buttermilk HTTP/1.1" 200 1024 "-" "node-superagent/1.4.0"
170.75.162.130 - - [16/Mar/2016:08:13:18 -0700] "GET /lib/reccapi.php?resort=coppermountain HTTP/1.1" 200 1117 "-" "node-superagent/1.4.0"
170.75.162.130 - - [16/Mar/2016:08:13:18 -0700] "GET /lib/reccapi.php?resort=crestedbutte HTTP/1.1" 200 1112 "-" "node-superagent/1.4.0"
170.75.162.130 - - [16/Mar/2016:08:13:19 -0700] "GET /lib/reccapi.php?resort=keystone HTTP/1.1" 200 1102 "-" "node-superagent/1.4.0"
170.75.162.130 - - [16/Mar/2016:08:13:19 -0700] "GET /lib/reccapi.php?resort=loveland HTTP/1.1" 200 1096 "-" "node-superagent/1.4.0"
170.75.162.130 - - [16/Mar/2016:08:13:21 -0700] "GET /lib/reccapi.php?resort=snowmass HTTP/1.1" 200 1049 "-" "node-superagent/1.4.0"
170.75.162.130 - - [16/Mar/2016:08:13:21 -0700] "GET /lib/reccapi.php?resort=monarch HTTP/1.1" 200 1073 "-" "node-superagent/1.4.0"
170.75.162.130 - - [16/Mar/2016:08:13:22 -0700] "GET /lib/reccapi.php?resort=steamboat HTTP/1.1" 200 1076 "-" "node-superagent/1.4.0"
170.75.162.130 - - [16/Mar/2016:08:13:22 -0700] "GET /lib/reccapi.php?resort=telluride HTTP/1.1" 200 963 "-" "node-superagent/1.4.0"
170.75.162.130 - - [16/Mar/2016:08:14:16 -0700] "GET /lib/reccapi.php?resort=chinapeak HTTP/1.1" 200 990 "-" "node-superagent/1.4.0"
170.75.162.130 - - [16/Mar/2016:08:14:16 -0700] "GET /lib/reccapi.php?resort=mountainhigh HTTP/1.1" 200 985 "-" "node-superagent/1.4.0"
207.46.13.133 - - [16/Mar/2016:08:22:18 -0700] "GET / HTTP/1.1" 200 2615 "-" "Mozilla/5.0 (compatible; bingbot/2.0; +http://www.bing.com/bingbot.htm)"
96.39.227.188 - - [16/Mar/2016:08:29:45 -0700] "GET /images/wsis-logo-sm.png HTTP/1.1" 200 6108 "http://www.thebackcountry.net/" "Mozilla/5.0 (Macintosh; Intel Mac OS X 10_11_3) AppleWebKit/537.36 (KHTML, like Gecko) Chrome/49.0.2623.87 Safari/537.36"
180.76.15.139 - - [16/Mar/2016:08:31:40 -0700] "GET / HTTP/1.1" 200 6995 "-" "Mozilla/5.0 (compatible; Baiduspider/2.0; +http://www.baidu.com/search/spider.html)"
180.76.15.136 - - [16/Mar/2016:08:32:35 -0700] "GET / HTTP/1.1" 200 6995 "-" "Mozilla/5.0 (compatible; Baiduspider/2.0; +http://www.baidu.com/search/spider.html)"
50.135.111.232 - - [16/Mar/2016:08:32:52 -0700] "GET / HTTP/1.1" 200 2615 "https://www.google.com/" "Mozilla/5.0 (iPhone; CPU iPhone OS 9_2_1 like Mac OS X) AppleWebKit/601.1.46 (KHTML, like Gecko) Version/9.0 Mobile/13D15 Safari/601.1"
50.135.111.232 - - [16/Mar/2016:08:32:52 -0700] "GET /styles/ee08faa9.main.css HTTP/1.1" 200 19446 "http://whereshouldiski.com/" "Mozilla/5.0 (iPhone; CPU iPhone OS 9_2_1 like Mac OS X) AppleWebKit/601.1.46 (KHTML, like Gecko) Version/9.0 Mobile/13D15 Safari/601.1"
50.135.111.232 - - [16/Mar/2016:08:32:52 -0700] "GET /scripts/scripts/vendor/modernizr.js HTTP/1.1" 200 4903 "http://whereshouldiski.com/" "Mozilla/5.0 (iPhone; CPU iPhone OS 9_2_1 like Mac OS X) AppleWebKit/601.1.46 (KHTML, like Gecko) Version/9.0 Mobile/13D15 Safari/601.1"
50.135.111.232 - - [16/Mar/2016:08:32:52 -0700] "GET /bower_components/requirejs/require.js HTTP/1.1" 200 6702 "http://whereshouldiski.com/" "Mozilla/5.0 (iPhone; CPU iPhone OS 9_2_1 like Mac OS X) AppleWebKit/601.1.46 (KHTML, like Gecko) Version/9.0 Mobile/13D15 Safari/601.1"
50.135.111.232 - - [16/Mar/2016:08:32:52 -0700] "GET /images/logo-square-white-sm.png HTTP/1.1" 200 1684 "http://whereshouldiski.com/" "Mozilla/5.0 (iPhone; CPU iPhone OS 9_2_1 like Mac OS X) AppleWebKit/601.1.46 (KHTML, like Gecko) Version/9.0 Mobile/13D15 Safari/601.1"
50.135.111.232 - - [16/Mar/2016:08:32:52 -0700] "GET /images/loading.gif HTTP/1.1" 200 13882 "http://whereshouldiski.com/" "Mozilla/5.0 (iPhone; CPU iPhone OS 9_2_1 like Mac OS X) AppleWebKit/601.1.46 (KHTML, like Gecko) Version/9.0 Mobile/13D15 Safari/601.1"
50.135.111.232 - - [16/Mar/2016:08:32:53 -0700] "GET /scripts/fa48e319.main.js HTTP/1.1" 200 123455 "http://whereshouldiski.com/" "Mozilla/5.0 (iPhone; CPU iPhone OS 9_2_1 like Mac OS X) AppleWebKit/601.1.46 (KHTML, like Gecko) Version/9.0 Mobile/13D15 Safari/601.1"
50.135.111.232 - - [16/Mar/2016:08:32:53 -0700] "GET /lib/reccapi.php?fields=t HTTP/1.1" 200 1934 "http://whereshouldiski.com/" "Mozilla/5.0 (iPhone; CPU iPhone OS 9_2_1 like Mac OS X) AppleWebKit/601.1.46 (KHTML, like Gecko) Version/9.0 Mobile/13D15 Safari/601.1"
50.135.111.232 - - [16/Mar/2016:08:32:53 -0700] "GET /images/button.png HTTP/1.1" 200 598 "http://whereshouldiski.com/" "Mozilla/5.0 (iPhone; CPU iPhone OS 9_2_1 like Mac OS X) AppleWebKit/601.1.46 (KHTML, like Gecko) Version/9.0 Mobile/13D15 Safari/601.1"
50.135.111.232 - - [16/Mar/2016:08:32:53 -0700] "GET /images/greyHeader.png HTTP/1.1" 200 508 "http://whereshouldiski.com/" "Mozilla/5.0 (iPhone; CPU iPhone OS 9_2_1 like Mac OS X) AppleWebKit/601.1.46 (KHTML, like Gecko) Version/9.0 Mobile/13D15 Safari/601.1"
50.135.111.232 - - [16/Mar/2016:08:32:54 -0700] "GET /images/star5.png HTTP/1.1" 200 1783 "http://whereshouldiski.com/" "Mozilla/5.0 (iPhone; CPU iPhone OS 9_2_1 like Mac OS X) AppleWebKit/601.1.46 (KHTML, like Gecko) Version/9.0 Mobile/13D15 Safari/601.1"
50.135.111.232 - - [16/Mar/2016:08:32:54 -0700] "GET /images/snowflake5.png HTTP/1.1" 200 2857 "http://whereshouldiski.com/" "Mozilla/5.0 (iPhone; CPU iPhone OS 9_2_1 like Mac OS X) AppleWebKit/601.1.46 (KHTML, like Gecko) Version/9.0 Mobile/13D15 Safari/601.1"
50.135.111.232 - - [16/Mar/2016:08:32:54 -0700] "GET /images/bluebird5.png HTTP/1.1" 200 2177 "http://whereshouldiski.com/" "Mozilla/5.0 (iPhone; CPU iPhone OS 9_2_1 like Mac OS X) AppleWebKit/601.1.46 (KHTML, like Gecko) Version/9.0 Mobile/13D15 Safari/601.1"
50.135.111.232 - - [16/Mar/2016:08:32:54 -0700] "GET /images/mtns-icon.png HTTP/1.1" 200 1096 "http://whereshouldiski.com/" "Mozilla/5.0 (iPhone; CPU iPhone OS 9_2_1 like Mac OS X) AppleWebKit/601.1.46 (KHTML, like Gecko) Version/9.0 Mobile/13D15 Safari/601.1"
50.135.111.232 - - [16/Mar/2016:08:32:54 -0700] "GET /images/shading-icon.png HTTP/1.1" 200 536 "http://whereshouldiski.com/" "Mozilla/5.0 (iPhone; CPU iPhone OS 9_2_1 like Mac OS X) AppleWebKit/601.1.46 (KHTML, like Gecko) Version/9.0 Mobile/13D15 Safari/601.1"
50.135.111.232 - - [16/Mar/2016:08:32:55 -0700] "GET /lib/reccapi.php?fields=t&coords=47.617211305239,-122.13520415676085 HTTP/1.1" 200 2126 "http://whereshouldiski.com/" "Mozilla/5.0 (iPhone; CPU iPhone OS 9_2_1 like Mac OS X) AppleWebKit/601.1.46 (KHTML, like Gecko) Version/9.0 Mobile/13D15 Safari/601.1"
66.249.65.19 - - [16/Mar/2016:08:33:18 -0700] "GET / HTTP/1.1" 200 2615 "-" "Mozilla/5.0 (compatible; Googlebot/2.1; +http://www.google.com/bot.html)"
50.135.111.232 - - [16/Mar/2016:08:33:57 -0700] "GET /lib/reccapi.php?fields=t&coords=47.617211305239,-122.13520415676085&sort=bluebird HTTP/1.1" 200 2098 "http://whereshouldiski.com/" "Mozilla/5.0 (iPhone; CPU iPhone OS 9_2_1 like Mac OS X) AppleWebKit/601.1.46 (KHTML, like Gecko) Version/9.0 Mobile/13D15 Safari/601.1"
170.75.162.130 - - [16/Mar/2016:08:40:10 -0700] "GET /lib/reccapi.php?resort=sugarbowl HTTP/1.1" 200 962 "-" "node-superagent/1.4.0"
107.77.109.126 - - [16/Mar/2016:08:48:17 -0700] "GET /images/wsis-logo-sm.png HTTP/1.1" 200 6108 "http://www.thebackcountry.net/" "Mozilla/5.0 (iPhone; CPU iPhone OS 9_2_1 like Mac OS X) AppleWebKit/601.1.46 (KHTML, like Gecko) Version/9.0 Mobile/13D15 Safari/601.1"
170.75.162.130 - - [16/Mar/2016:08:53:21 -0700] "GET /lib/reccapi.php?resort=devilshead HTTP/1.1" 200 1021 "-" "node-superagent/1.4.0"
170.75.162.130 - - [16/Mar/2016:08:53:41 -0700] "GET /lib/reccapi.php?resort=stevenspass HTTP/1.1" 200 1023 "-" "node-superagent/1.4.0"
170.75.162.130 - - [16/Mar/2016:08:54:31 -0700] "GET /lib/reccapi.php?resort=squawvalleyusa HTTP/1.1" 200 982 "-" "node-superagent/1.4.0"
38.100.21.64 - - [16/Mar/2016:09:01:36 -0700] "GET / HTTP/1.1" 200 7032 "-" "Mozilla/4.0 (compatible; MSIE 7.0; Windows NT 5.2)"
38.100.21.64 - - [16/Mar/2016:09:01:36 -0700] "GET /styles/ee08faa9.main.css HTTP/1.1" 200 109239 "-" "Mozilla/4.0 (compatible; MSIE 7.0; Windows NT 5.2)"
38.100.21.64 - - [16/Mar/2016:09:01:37 -0700] "GET /about HTTP/1.1" 404 535 "-" "Mozilla/4.0 (compatible; MSIE 7.0; Windows NT 5.2)"
170.75.162.130 - - [16/Mar/2016:09:02:32 -0700] "GET /lib/reccapi.php?resort=homewoodmountain HTTP/1.1" 200 982 "-" "node-superagent/1.4.0"
52.33.40.213 - - [16/Mar/2016:09:03:37 -0700] "GET /lib/reccapi.php?resort=squawvalleyusa HTTP/1.1" 200 982 "-" "node-superagent/1.4.0"
185.49.14.190 - - [16/Mar/2016:09:08:26 -0700] "GET http://testp4.pospr.waw.pl/testproxy.php HTTP/1.1" 404 448 "-" "Mozilla/5.0 (Windows NT 5.1; rv:32.0) Gecko/20100101 Firefox/31.0"
170.75.162.130 - - [16/Mar/2016:09:08:53 -0700] "GET /lib/reccapi.php?resort=alpinemeadows HTTP/1.1" 200 1008 "-" "node-superagent/1.4.0"
170.75.162.130 - - [16/Mar/2016:09:08:53 -0700] "GET /lib/reccapi.php?resort=mtrose HTTP/1.1" 200 940 "-" "node-superagent/1.4.0"
170.75.162.130 - - [16/Mar/2016:09:08:53 -0700] "GET /lib/reccapi.php?resort=kirkwood HTTP/1.1" 200 987 "-" "node-superagent/1.4.0"
170.75.162.130 - - [16/Mar/2016:09:08:54 -0700] "GET /lib/reccapi.php?resort=northstar-at-tahoe HTTP/1.1" 200 964 "-" "node-superagent/1.4.0"
170.75.162.130 - - [16/Mar/2016:09:09:33 -0700] "GET /lib/reccapi.php?resort=sundayriver HTTP/1.1" 200 970 "-" "node-superagent/1.4.0"
46.118.115.115 - - [16/Mar/2016:09:10:51 -0700] "GET / HTTP/1.1" 200 6976 "http://gogps.me/" "Opera/8.00 (Windows NT 5.1; U; en)"
46.118.115.115 - - [16/Mar/2016:09:10:51 -0700] "GET / HTTP/1.1" 200 6976 "http://krasnoyarsk.xrus.org/" "Mozilla/4.0 (compatible; MSIE 6.0; MSIE 5.5; Windows NT 5.0) Opera 7.02 Bork-edition [en]"
46.118.115.115 - - [16/Mar/2016:09:10:51 -0700] "GET / HTTP/1.1" 200 6976 "http://groupmoney.ru/" "Mozilla/4.0 (compatible; MSIE 5.0; Windows 95) Opera 6.01  [en]"
46.118.115.115 - - [16/Mar/2016:09:10:51 -0700] "GET / HTTP/1.1" 200 6976 "http://gogps.me/" "Opera/8.00 (Windows NT 5.1; U; en)"
46.118.115.115 - - [16/Mar/2016:09:10:51 -0700] "GET / HTTP/1.1" 200 6976 "http://groupmoney.ru/" "Mozilla/4.0 (compatible; MSIE 5.0; Windows 95) Opera 6.01  [en]"
46.118.115.115 - - [16/Mar/2016:09:10:52 -0700] "GET / HTTP/1.1" 200 6976 "http://krasnoyarsk.xrus.org/" "Mozilla/4.0 (compatible; MSIE 6.0; MSIE 5.5; Windows NT 5.0) Opera 7.02 Bork-edition [en]"
46.118.115.115 - - [16/Mar/2016:09:10:52 -0700] "GET / HTTP/1.1" 200 6976 "http://gogps.me/" "Opera/8.00 (Windows NT 5.1; U; en)"
46.118.115.115 - - [16/Mar/2016:09:10:52 -0700] "GET / HTTP/1.1" 200 6976 "http://groupmoney.ru/" "Mozilla/4.0 (compatible; MSIE 5.0; Windows 95) Opera 6.01  [en]"
46.118.115.115 - - [16/Mar/2016:09:10:53 -0700] "GET / HTTP/1.1" 200 6976 "http://krasnoyarsk.xrus.org/" "Mozilla/4.0 (compatible; MSIE 6.0; MSIE 5.5; Windows NT 5.0) Opera 7.02 Bork-edition [en]"
170.75.162.130 - - [16/Mar/2016:09:15:34 -0700] "GET /lib/reccapi.php?resort=cannonmountain HTTP/1.1" 200 964 "-" "node-superagent/1.4.0"
176.9.144.44 - - [16/Mar/2016:09:17:12 -0700] "GET /xmlrpc.php HTTP/1.1" 404 470 "-" "Mozilla/5.0 (Windows; U; Windows NT 5.1; en-US; rv:1.8.1.6) Gecko/20070725 Firefox/2.0.0.6"
176.9.144.44 - - [16/Mar/2016:09:17:58 -0700] "GET /xmlrpc.php HTTP/1.1" 404 470 "-" "Mozilla/5.0 (Windows; U; Windows NT 5.1; en-US; rv:1.8.1.6) Gecko/20070725 Firefox/2.0.0.6"
206.211.211.66 - - [16/Mar/2016:09:20:23 -0700] "GET /images/wsis-logo-sm.png HTTP/1.1" 200 6108 "http://www.thebackcountry.net/" "Mozilla/5.0 (Macintosh; U; PPC Mac OS X 10.5; en-US; rv:1.9.2.28) Gecko/20120306 Firefox/3.6.28"
52.33.40.213 - - [16/Mar/2016:09:20:48 -0700] "GET /lib/reccapi.php?resort=arapahoebasin HTTP/1.1" 200 1136 "-" "node-superagent/1.4.0"
52.33.40.213 - - [16/Mar/2016:09:21:08 -0700] "GET /lib/reccapi.php?resort=coppermountain HTTP/1.1" 200 1130 "-" "node-superagent/1.4.0"
52.33.40.213 - - [16/Mar/2016:09:29:58 -0700] "GET /lib/reccapi.php?resort=aspenmountain HTTP/1.1" 200 1018 "-" "node-superagent/1.4.0"
52.33.40.213 - - [16/Mar/2016:09:31:29 -0700] "GET /lib/reccapi.php?resort=brianhead HTTP/1.1" 200 968 "-" "node-superagent/1.4.0"
180.76.15.34 - - [16/Mar/2016:09:34:07 -0700] "GET / HTTP/1.1" 200 6995 "-" "Mozilla/5.0 (compatible; Baiduspider/2.0; +http://www.baidu.com/search/spider.html)"
180.76.15.159 - - [16/Mar/2016:09:35:08 -0700] "GET / HTTP/1.1" 200 6995 "-" "Mozilla/5.0 (compatible; Baiduspider/2.0; +http://www.baidu.com/search/spider.html)"
52.33.40.213 - - [16/Mar/2016:09:38:49 -0700] "GET /lib/reccapi.php?resort=sugarbowl HTTP/1.1" 200 963 "-" "node-superagent/1.4.0"
170.75.162.130 - - [16/Mar/2016:09:43:37 -0700] "GET /lib/reccapi.php?resort=snowbird HTTP/1.1" 200 1053 "-" "node-superagent/1.4.0"
108.206.118.164 - - [16/Mar/2016:09:45:41 -0700] "GET /images/wsis-logo-sm.png HTTP/1.1" 200 6108 "http://www.thebackcountry.net/" "Mozilla/5.0 (Windows NT 6.1; WOW64) AppleWebKit/537.36 (KHTML, like Gecko) Chrome/49.0.2623.87 Safari/537.36"
99.20.71.177 - - [16/Mar/2016:10:11:36 -0700] "GET /images/wsis-logo-sm.png HTTP/1.1" 200 6108 "http://www.thebackcountry.net/" "Mozilla/5.0 (Windows NT 6.1; WOW64) AppleWebKit/537.36 (KHTML, like Gecko) Chrome/49.0.2623.87 Safari/537.36"
52.33.40.213 - - [16/Mar/2016:10:15:01 -0700] "GET /lib/reccapi.php?resort=jacksonhole HTTP/1.1" 200 1079 "-" "node-superagent/1.4.0"
52.33.40.213 - - [16/Mar/2016:10:15:01 -0700] "GET /lib/reccapi.php?resort=taos HTTP/1.1" 200 951 "-" "node-superagent/1.4.0"
52.33.40.213 - - [16/Mar/2016:10:15:01 -0700] "GET /lib/reccapi.php?resort=sunvalley HTTP/1.1" 200 1022 "-" "node-superagent/1.4.0"
52.33.40.213 - - [16/Mar/2016:10:15:01 -0700] "GET /lib/reccapi.php?resort=grandtarghee HTTP/1.1" 200 1126 "-" "node-superagent/1.4.0"
52.33.40.213 - - [16/Mar/2016:10:22:02 -0700] "GET /lib/reccapi.php?resort=keystone HTTP/1.1" 200 1112 "-" "node-superagent/1.4.0"
46.118.235.150 - - [16/Mar/2016:10:29:48 -0700] "GET / HTTP/1.1" 200 6976 "http://womensterritory.ru/" "Mozilla/4.0 (compatible; MSIE 6.0; Windows XP)"
46.118.235.150 - - [16/Mar/2016:10:29:49 -0700] "GET / HTTP/1.1" 200 6976 "http://womensterritory.ru/" "Mozilla/4.0 (compatible; MSIE 6.0; Windows XP)"
46.118.235.150 - - [16/Mar/2016:10:29:49 -0700] "GET / HTTP/1.1" 200 6976 "http://womensterritory.ru/" "Mozilla/4.0 (compatible; MSIE 6.0; Windows XP)"
180.76.15.144 - - [16/Mar/2016:10:30:35 -0700] "GET / HTTP/1.1" 200 6995 "-" "Mozilla/5.0 (compatible; Baiduspider/2.0; +http://www.baidu.com/search/spider.html)"
52.33.40.213 - - [16/Mar/2016:10:31:22 -0700] "GET /lib/reccapi.php?resort=sundayriver HTTP/1.1" 200 970 "-" "node-superagent/1.4.0"
180.76.15.34 - - [16/Mar/2016:10:31:24 -0700] "GET / HTTP/1.1" 200 6995 "-" "Mozilla/5.0 (compatible; Baiduspider/2.0; +http://www.baidu.com/search/spider.html)"
65.78.146.173 - - [16/Mar/2016:10:34:07 -0700] "GET /images/wsis-logo-sm.png HTTP/1.1" 200 6108 "http://www.thebackcountry.net/" "Mozilla/5.0 (Macintosh; Intel Mac OS X 10_11_3) AppleWebKit/601.4.4 (KHTML, like Gecko) Version/9.0.3 Safari/601.4.4"
170.75.162.130 - - [16/Mar/2016:10:40:12 -0700] "GET /lib/reccapi.php?resort=redmountain HTTP/1.1" 200 913 "-" "node-superagent/1.4.0"
170.75.162.130 - - [16/Mar/2016:10:49:52 -0700] "GET /lib/reccapi.php?resort=parkcity HTTP/1.1" 200 1081 "-" "node-superagent/1.4.0"
170.75.162.130 - - [16/Mar/2016:10:49:52 -0700] "GET /lib/reccapi.php?resort=hoodoo HTTP/1.1" 200 1040 "-" "node-superagent/1.4.0"
170.75.162.130 - - [16/Mar/2016:10:49:54 -0700] "GET /lib/reccapi.php?resort=mounthoodmeadows HTTP/1.1" 200 1065 "-" "node-superagent/1.4.0"
170.75.162.130 - - [16/Mar/2016:10:50:42 -0700] "GET /lib/reccapi.php?resort=snowbasin HTTP/1.1" 200 1045 "-" "node-superagent/1.4.0"
170.75.162.130 - - [16/Mar/2016:10:50:42 -0700] "GET /lib/reccapi.php?resort=solitude HTTP/1.1" 200 1049 "-" "node-superagent/1.4.0"
170.75.162.130 - - [16/Mar/2016:10:50:42 -0700] "GET /lib/reccapi.php?resort=deervalley HTTP/1.1" 200 997 "-" "node-superagent/1.4.0"
52.33.40.213 - - [16/Mar/2016:10:56:43 -0700] "GET /lib/reccapi.php?resort=heavenly HTTP/1.1" 200 979 "-" "node-superagent/1.4.0"
52.33.40.213 - - [16/Mar/2016:10:56:43 -0700] "GET /lib/reccapi.php?resort=kirkwood HTTP/1.1" 200 987 "-" "node-superagent/1.4.0"
107.77.92.115 - - [16/Mar/2016:10:58:04 -0700] "GET /images/wsis-logo-sm.png HTTP/1.1" 200 6108 "http://www.thebackcountry.net/" "Mozilla/5.0 (iPhone; CPU iPhone OS 9_2_1 like Mac OS X) AppleWebKit/601.1.46 (KHTML, like Gecko) Version/9.0 Mobile/13D15 Safari/601.1"
75.140.60.138 - - [16/Mar/2016:11:03:20 -0700] "GET /images/wsis-logo-sm.png HTTP/1.1" 200 6108 "http://www.thebackcountry.net/" "Mozilla/5.0 (iPhone; CPU iPhone OS 9_2_1 like Mac OS X) AppleWebKit/601.1.46 (KHTML, like Gecko) Version/9.0 Mobile/13D15 Safari/601.1"
170.75.162.130 - - [16/Mar/2016:11:09:13 -0700] "GET /lib/reccapi.php?resort=heavenly HTTP/1.1" 200 979 "-" "node-superagent/1.4.0"
170.75.162.130 - - [16/Mar/2016:11:19:25 -0700] "GET /lib/reccapi.php?resort=whitefacemountain HTTP/1.1" 200 966 "-" "node-superagent/1.4.0"
52.33.40.213 - - [16/Mar/2016:11:28:06 -0700] "GET /lib/reccapi.php?resort=mammothmountain HTTP/1.1" 200 982 "-" "node-superagent/1.4.0"
170.75.162.130 - - [16/Mar/2016:11:29:26 -0700] "GET /lib/reccapi.php?resort=wildcatmountain HTTP/1.1" 200 977 "-" "node-superagent/1.4.0"
180.76.15.12 - - [16/Mar/2016:11:32:57 -0700] "GET / HTTP/1.1" 200 6995 "-" "Mozilla/5.0 (compatible; Baiduspider/2.0; +http://www.baidu.com/search/spider.html)"
180.76.15.160 - - [16/Mar/2016:11:33:55 -0700] "GET / HTTP/1.1" 200 6995 "-" "Mozilla/5.0 (compatible; Baiduspider/2.0; +http://www.baidu.com/search/spider.html)"
170.75.162.130 - - [16/Mar/2016:11:40:06 -0700] "GET /lib/reccapi.php?resort=brighton HTTP/1.1" 200 1056 "-" "node-superagent/1.4.0"
170.75.162.130 - - [16/Mar/2016:11:40:06 -0700] "GET /lib/reccapi.php?resort=brianhead HTTP/1.1" 200 968 "-" "node-superagent/1.4.0"
207.46.13.100 - - [16/Mar/2016:11:47:30 -0700] "GET /robots.txt HTTP/1.1" 200 375 "-" "Mozilla/5.0 (compatible; bingbot/2.0; +http://www.bing.com/bingbot.htm)"
199.30.24.20 - - [16/Mar/2016:11:47:30 -0700] "GET /images/wsis-logo-sm.png HTTP/1.1" 200 6052 "http://www.thebackcountry.net/" "Mozilla/5.0 (iPhone; CPU iPhone OS 7_0 like Mac OS X) AppleWebKit/537.51.1 (KHTML, like Gecko) Version/7.0 Mobile/11A465 Safari/9537.53 BingPreview/1.0b"
207.46.13.100 - - [16/Mar/2016:11:47:36 -0700] "GET /robots.txt HTTP/1.1" 200 419 "-" "Mozilla/5.0 (compatible; bingbot/2.0; +http://www.bing.com/bingbot.htm)"
170.75.162.130 - - [16/Mar/2016:11:53:17 -0700] "GET /lib/reccapi.php?resort=bigwhite HTTP/1.1" 200 927 "-" "node-superagent/1.4.0"
170.75.162.130 - - [16/Mar/2016:11:53:18 -0700] "GET /lib/reccapi.php?resort=mammothmountain HTTP/1.1" 200 982 "-" "node-superagent/1.4.0"
170.75.162.130 - - [16/Mar/2016:11:53:19 -0700] "GET /lib/reccapi.php?resort=sierra-at-tahoe HTTP/1.1" 200 987 "-" "node-superagent/1.4.0"
170.75.162.130 - - [16/Mar/2016:11:53:19 -0700] "GET /lib/reccapi.php?resort=silverstarmountain HTTP/1.1" 200 938 "-" "node-superagent/1.4.0"
170.75.162.130 - - [16/Mar/2016:11:53:19 -0700] "GET /lib/reccapi.php?resort=sunpeaksresort HTTP/1.1" 200 925 "-" "node-superagent/1.4.0"
170.75.162.130 - - [16/Mar/2016:11:53:20 -0700] "GET /lib/reccapi.php?resort=whistlerblackcomb HTTP/1.1" 200 936 "-" "node-superagent/1.4.0"
54.161.51.139 - - [16/Mar/2016:11:53:38 -0700] "HEAD / HTTP/1.1" 200 291 "-" "Cloud mapping experiment. Contact research@pdrlabs.net"
24.182.29.189 - - [16/Mar/2016:12:11:30 -0700] "GET /images/wsis-logo-sm.png HTTP/1.1" 200 6108 "http://www.thebackcountry.net/" "Mozilla/5.0 (Windows NT 6.1; WOW64; rv:44.0) Gecko/20100101 Firefox/44.0"
104.129.192.75 - - [16/Mar/2016:12:11:31 -0700] "GET /images/wsis-logo-sm.png HTTP/1.1" 200 6108 "http://www.thebackcountry.net/" "Mozilla/5.0 (Windows NT 6.1; WOW64) AppleWebKit/537.36 (KHTML, like Gecko) Chrome/49.0.2623.87 Safari/537.36"
93.113.125.12 - - [16/Mar/2016:12:12:59 -0700] "GET /we_are_looking_for_not_found_pages_we_are_looking_for_not_found_pages_we_are_looking_for_not_found_pages_we_are_looking_for_not_found_pages_we_are_looking_for_not_found_pages_we_are_looking_for_not_found_pages_we_are_looking_for_not_found_pages_we_are_looking_for_not_found_pages_we_are_looking_for_not_found_pages_we_are_looking_for_not_found_pages_we_are_looking_for_not_found_pages_we_are_looking_for_not_found_pages_we_are_looking_for_not_found_pages_we_are_looking_for_not_found_pages_we_are_looking_for_not_found_pages_we_are_looking_for_not_found_pages_we_are_looking_for_not_found_pages_we_are_looking_for_not_found_pages_we_are_looking_for_not_found_pages_we_are_looking_for_not_found_pages_we_are_looking_for_not_found_pages_we_are_looking_for_not_found_pages_we_are_looking_for_not_found_pages_we_are_looking_for_not_found_pages_we_are_looking_for_not_found_pages_we_are_looking_for_not_found_pages_we_are_looking_for_not_found_pages_we_are_looking_for_not_found_pages_we_are_looking_for_not_found_pages_we_are_looking_for_not_found_pages HTTP/1.0" 403 1563 "-" "\"nlpproject.info research\""
170.75.162.130 - - [16/Mar/2016:12:15:29 -0700] "GET /lib/reccapi.php?resort=sugarloaf HTTP/1.1" 200 963 "-" "node-superagent/1.4.0"
170.75.162.130 - - [16/Mar/2016:12:17:19 -0700] "GET /lib/reccapi.php?resort=steamboat HTTP/1.1" 200 1078 "-" "node-superagent/1.4.0"
170.75.162.130 - - [16/Mar/2016:12:18:59 -0700] "GET /lib/reccapi.php?resort=alyeska HTTP/1.1" 200 1011 "-" "node-superagent/1.4.0"
52.33.40.213 - - [16/Mar/2016:12:25:29 -0700] "GET /lib/reccapi.php?resort=winterpark HTTP/1.1" 200 1106 "-" "node-superagent/1.4.0"
52.33.40.213 - - [16/Mar/2016:12:25:29 -0700] "GET /lib/reccapi.php?resort=stowe HTTP/1.1" 200 938 "-" "node-superagent/1.4.0"
52.33.40.213 - - [16/Mar/2016:12:25:29 -0700] "GET /lib/reccapi.php?resort=sugarloaf HTTP/1.1" 200 963 "-" "node-superagent/1.4.0"
52.33.40.213 - - [16/Mar/2016:12:25:29 -0700] "GET /lib/reccapi.php?resort=madriverglen HTTP/1.1" 200 957 "-" "node-superagent/1.4.0"
52.33.40.213 - - [16/Mar/2016:12:25:29 -0700] "GET /lib/reccapi.php?resort=whistlerblackcomb HTTP/1.1" 200 936 "-" "node-superagent/1.4.0"
52.33.40.213 - - [16/Mar/2016:12:25:29 -0700] "GET /lib/reccapi.php?resort=sugarbush HTTP/1.1" 200 964 "-" "node-superagent/1.4.0"
180.76.15.163 - - [16/Mar/2016:12:31:16 -0700] "GET / HTTP/1.1" 200 6995 "-" "Mozilla/5.0 (compatible; Baiduspider/2.0; +http://www.baidu.com/search/spider.html)"
180.76.15.28 - - [16/Mar/2016:12:32:10 -0700] "GET / HTTP/1.1" 200 6995 "-" "Mozilla/5.0 (compatible; Baiduspider/2.0; +http://www.baidu.com/search/spider.html)"
220.181.108.111 - - [16/Mar/2016:12:36:02 -0700] "GET / HTTP/1.1" 304 173 "-" "Mozilla/5.0 (compatible; Baiduspider/2.0; +http://www.baidu.com/search/spider.html)"
52.33.40.213 - - [16/Mar/2016:12:37:49 -0700] "GET /lib/reccapi.php?resort=hoodoo HTTP/1.1" 200 1040 "-" "node-superagent/1.4.0"
170.75.162.130 - - [16/Mar/2016:12:44:41 -0700] "GET /lib/reccapi.php?resort=grandtarghee HTTP/1.1" 200 1126 "-" "node-superagent/1.4.0"
222.186.46.65 - - [16/Mar/2016:12:50:03 -0700] "GET /manager/html HTTP/1.1" 404 470 "-" "Mozilla/3.0 (compatible; Indy Library)"
52.33.40.213 - - [16/Mar/2016:12:50:42 -0700] "GET /lib/reccapi.php?resort=monarch HTTP/1.1" 200 1045 "-" "node-superagent/1.4.0"
52.33.40.213 - - [16/Mar/2016:12:51:02 -0700] "GET /lib/reccapi.php?resort=49degreesnorth HTTP/1.1" 200 1071 "-" "node-superagent/1.4.0"
52.33.40.213 - - [16/Mar/2016:12:54:42 -0700] "GET /lib/reccapi.php?resort=bigwhite HTTP/1.1" 200 927 "-" "node-superagent/1.4.0"
52.33.40.213 - - [16/Mar/2016:12:55:52 -0700] "GET /lib/reccapi.php?resort=diamondpeak HTTP/1.1" 200 945 "-" "node-superagent/1.4.0"
52.33.40.213 - - [16/Mar/2016:12:55:52 -0700] "GET /lib/reccapi.php?resort=crestedbutte HTTP/1.1" 200 1041 "-" "node-superagent/1.4.0"
52.33.40.213 - - [16/Mar/2016:12:56:02 -0700] "GET /lib/reccapi.php?resort=devilshead HTTP/1.1" 200 1029 "-" "node-superagent/1.4.0"
52.33.40.213 - - [16/Mar/2016:12:57:23 -0700] "GET /lib/reccapi.php?resort=sunpeaksresort HTTP/1.1" 200 925 "-" "node-superagent/1.4.0"
52.33.40.213 - - [16/Mar/2016:12:57:33 -0700] "GET /lib/reccapi.php?resort=redmountain HTTP/1.1" 200 913 "-" "node-superagent/1.4.0"
52.33.40.213 - - [16/Mar/2016:12:57:33 -0700] "GET /lib/reccapi.php?resort=mountainhigh HTTP/1.1" 200 983 "-" "node-superagent/1.4.0"
52.33.40.213 - - [16/Mar/2016:12:57:33 -0700] "GET /lib/reccapi.php?resort=loveland HTTP/1.1" 200 1108 "-" "node-superagent/1.4.0"
52.33.40.213 - - [16/Mar/2016:12:58:23 -0700] "GET /lib/reccapi.php?resort=wildcatmountain HTTP/1.1" 200 977 "-" "node-superagent/1.4.0"
72.34.128.250 - - [16/Mar/2016:12:58:34 -0700] "GET /images/wsis-logo-sm.png HTTP/1.1" 200 6108 "http://www.thebackcountry.net/" "Mozilla/5.0 (Windows NT 6.1; WOW64) AppleWebKit/537.36 (KHTML, like Gecko) Chrome/48.0.2564.116 Safari/537.36"
52.33.40.213 - - [16/Mar/2016:12:58:53 -0700] "GET /lib/reccapi.php?resort=snowbasin HTTP/1.1" 200 1045 "-" "node-superagent/1.4.0"
52.33.40.213 - - [16/Mar/2016:12:58:53 -0700] "GET /lib/reccapi.php?resort=silverstarmountain HTTP/1.1" 200 938 "-" "node-superagent/1.4.0"
170.75.162.130 - - [16/Mar/2016:12:59:14 -0700] "GET /lib/reccapi.php?resort=crystalmountain HTTP/1.1" 200 1018 "-" "node-superagent/1.4.0"
66.249.65.10 - - [16/Mar/2016:13:17:19 -0700] "GET /robots.txt HTTP/1.1" 200 419 "-" "Mozilla/5.0 (compatible; Googlebot/2.1; +http://www.google.com/bot.html)"
66.249.65.6 - - [16/Mar/2016:13:17:20 -0700] "GET / HTTP/1.1" 200 2615 "-" "Mozilla/5.0 (compatible; Googlebot/2.1; +http://www.google.com/bot.html)"
170.75.162.130 - - [16/Mar/2016:13:17:45 -0700] "GET /lib/reccapi.php?resort=sugarbowl HTTP/1.1" 200 963 "-" "node-superagent/1.4.0"
52.33.40.213 - - [16/Mar/2016:13:26:45 -0700] "GET /lib/reccapi.php?resort=northstar-at-tahoe HTTP/1.1" 200 964 "-" "node-superagent/1.4.0"
45.79.81.142 - - [16/Mar/2016:13:27:16 -0700] "HEAD / HTTP/1.1" 200 371 "http://uptime.com/whereshouldiski.com" "Mozilla/5.0 (compatible; Uptimebot/1.0; +http://www.uptime.com/uptimebot)"
206.29.176.51 - - [16/Mar/2016:13:27:51 -0700] "GET /lib/reccapi.php?fields=t&state=WA&powder=3 HTTP/1.1" 200 953 "http://whereshouldiski.com/" "Mozilla/5.0 (Macintosh; Intel Mac OS X 10_10_5) AppleWebKit/600.8.9 (KHTML, like Gecko) WebClip/10601.4.2 Safari/10601.4.4"
172.3.76.220 - - [16/Mar/2016:13:27:57 -0700] "GET /images/wsis-logo-sm.png HTTP/1.1" 304 187 "http://www.thebackcountry.net/" "Mozilla/5.0 (iPhone; CPU iPhone OS 9_2_1 like Mac OS X) AppleWebKit/601.1.46 (KHTML, like Gecko) Version/9.0 Mobile/13D20 Safari/601.1"
206.29.176.51 - - [16/Mar/2016:13:28:40 -0700] "GET /lib/reccapi.php?fields=t&state=WA&powder=3 HTTP/1.1" 200 953 "http://whereshouldiski.com/" "Mozilla/5.0 (Macintosh; Intel Mac OS X 10_10_5) AppleWebKit/600.8.9 (KHTML, like Gecko) WebClip/10601.4.2 Safari/10601.4.4"
77.75.79.11 - - [16/Mar/2016:13:32:24 -0700] "GET /robots.txt HTTP/1.1" 200 419 "-" "Mozilla/5.0 (compatible; SeznamBot/3.2; +http://fulltext.sblog.cz/)"
77.75.79.11 - - [16/Mar/2016:13:32:25 -0700] "GET /resorts?resort=mountainhigh HTTP/1.1" 404 506 "-" "Mozilla/5.0 (compatible; SeznamBot/3.2; +http://fulltext.sblog.cz/)"
180.76.15.139 - - [16/Mar/2016:13:32:35 -0700] "GET / HTTP/1.1" 200 6995 "-" "Mozilla/5.0 (compatible; Baiduspider/2.0; +http://www.baidu.com/search/spider.html)"
180.76.15.15 - - [16/Mar/2016:13:33:32 -0700] "GET / HTTP/1.1" 200 6995 "-" "Mozilla/5.0 (compatible; Baiduspider/2.0; +http://www.baidu.com/search/spider.html)"
170.75.162.130 - - [16/Mar/2016:13:35:15 -0700] "GET /lib/reccapi.php?resort=alta HTTP/1.1" 200 1048 "-" "node-superagent/1.4.0"
170.75.162.130 - - [16/Mar/2016:13:35:16 -0700] "GET /lib/reccapi.php?resort=killington HTTP/1.1" 200 962 "-" "node-superagent/1.4.0"
