50.148.149.72 - - [02/Jun/2015:16:42:41 -0700] "GET /images/wsis-logo-sm.png HTTP/1.1" 200 6108 "http://www.thebackcountry.net/" "Mozilla/5.0 (Macintosh; Intel Mac OS X 10_10_3) AppleWebKit/600.6.3 (KHTML, like Gecko) Version/8.0.6 Safari/600.6.3"
170.75.162.130 - - [02/Jun/2015:16:43:02 -0700] "GET /lib/reccapi.php?resort=bigsky HTTP/1.1" 200 1094 "-" "node-superagent/0.18.2"
69.181.161.245 - - [02/Jun/2015:16:50:23 -0700] "GET /images/wsis-logo-sm.png HTTP/1.1" 200 6108 "http://www.thebackcountry.net/" "Mozilla/5.0 (Macintosh; Intel Mac OS X 10_9_5) AppleWebKit/537.36 (KHTML, like Gecko) Chrome/43.0.2357.81 Safari/537.36"
66.249.79.66 - - [02/Jun/2015:16:56:55 -0700] "GET / HTTP/1.1" 200 2376 "-" "Mozilla/5.0 (compatible; Googlebot/2.1; +http://www.google.com/bot.html)"
123.125.71.117 - - [02/Jun/2015:16:59:32 -0700] "-" 408 0 "-" "-"
220.181.108.141 - - [02/Jun/2015:17:02:57 -0700] "-" 408 0 "-" "-"
170.75.162.130 - - [02/Jun/2015:17:09:54 -0700] "GET /lib/reccapi.php?resort=49degreesnorth HTTP/1.1" 200 1089 "-" "node-superagent/0.18.2"
170.75.162.130 - - [02/Jun/2015:17:09:54 -0700] "GET /lib/reccapi.php?resort=mountspokane HTTP/1.1" 200 1099 "-" "node-superagent/0.18.2"
170.75.162.130 - - [02/Jun/2015:17:09:54 -0700] "GET /lib/reccapi.php?resort=stevenspass HTTP/1.1" 200 1030 "-" "node-superagent/0.18.2"
170.75.162.130 - - [02/Jun/2015:17:09:54 -0700] "GET /lib/reccapi.php?resort=crystalmountain HTTP/1.1" 200 1018 "-" "node-superagent/0.18.2"
173.208.177.130 - - [02/Jun/2015:17:18:25 -0700] "GET /robots.txt HTTP/1.0" 200 338 "-" "Mozilla/5.0 (compatible; MJ12bot/v1.4.5; http://www.majestic12.co.uk/bot.php?+)"
173.208.177.130 - - [02/Jun/2015:17:18:26 -0700] "GET /resorts?resort=mountainhigh HTTP/1.0" 404 495 "-" "Mozilla/5.0 (compatible; MJ12bot/v1.4.5; http://www.majestic12.co.uk/bot.php?+)"
173.208.177.130 - - [02/Jun/2015:17:18:28 -0700] "GET /resorts?resort=mountbachelor HTTP/1.0" 404 469 "-" "Mozilla/5.0 (compatible; MJ12bot/v1.4.5; http://www.majestic12.co.uk/bot.php?+)"
173.208.177.130 - - [02/Jun/2015:17:18:30 -0700] "GET /resorts?resort=mounthoodmeadows HTTP/1.0" 404 469 "-" "Mozilla/5.0 (compatible; MJ12bot/v1.4.5; http://www.majestic12.co.uk/bot.php?+)"
173.208.177.130 - - [02/Jun/2015:17:18:32 -0700] "GET /resorts?resort=mountspokane HTTP/1.0" 404 469 "-" "Mozilla/5.0 (compatible; MJ12bot/v1.4.5; http://www.majestic12.co.uk/bot.php?+)"
173.208.177.130 - - [02/Jun/2015:17:18:34 -0700] "GET /resorts?resort=parkcity HTTP/1.0" 404 469 "-" "Mozilla/5.0 (compatible; MJ12bot/v1.4.5; http://www.majestic12.co.uk/bot.php?+)"
66.249.79.66 - - [02/Jun/2015:17:27:07 -0700] "GET / HTTP/1.1" 200 2376 "-" "Mozilla/5.0 (iPhone; CPU iPhone OS 6_0 like Mac OS X) AppleWebKit/536.26 (KHTML, like Gecko) Version/6.0 Mobile/10A5376e Safari/8536.25 (compatible; Googlebot/2.1; +http://www.google.com/bot.html)"
180.76.15.16 - - [02/Jun/2015:17:32:05 -0700] "GET /resorts?resort=jaypeak HTTP/1.1" 404 469 "-" "Mozilla/5.0 (compatible; Baiduspider/2.0; +http://www.baidu.com/search/spider.html)"
66.249.79.3 - - [02/Jun/2015:17:33:22 -0700] "GET / HTTP/1.1" 200 2376 "-" "Mozilla/5.0 (compatible; Googlebot/2.1; +http://www.google.com/bot.html)"
170.75.162.130 - - [02/Jun/2015:17:50:28 -0700] "GET /lib/reccapi.php?resort=madriverglen HTTP/1.1" 200 998 "-" "node-superagent/0.18.2"
76.14.121.173 - - [02/Jun/2015:17:58:54 -0700] "GET /images/wsis-logo-sm.png HTTP/1.1" 200 6108 "http://www.thebackcountry.net/" "Mozilla/5.0 (Macintosh; Intel Mac OS X 10_9_5) AppleWebKit/537.36 (KHTML, like Gecko) Chrome/43.0.2357.81 Safari/537.36"
170.75.162.130 - - [02/Jun/2015:17:59:39 -0700] "GET /lib/reccapi.php?resort=homewoodmountain HTTP/1.1" 200 969 "-" "node-superagent/0.18.2"
123.125.71.103 - - [02/Jun/2015:18:00:23 -0700] "-" 408 0 "-" "-"
170.75.162.130 - - [02/Jun/2015:18:02:49 -0700] "GET /lib/reccapi.php?resort=alpinemeadows HTTP/1.1" 200 981 "-" "node-superagent/0.18.2"
66.249.79.250 - - [02/Jun/2015:18:05:17 -0700] "GET /resorts?resort=homewoodmountain HTTP/1.1" 404 506 "-" "Mozilla/5.0 (compatible; Googlebot/2.1; +http://www.google.com/bot.html)"
70.211.77.180 - - [02/Jun/2015:18:06:21 -0700] "GET /images/wsis-logo-sm.png HTTP/1.1" 200 6108 "http://www.thebackcountry.net/" "Mozilla/5.0 (Linux; Android 4.4.2; VS890 4G Build/KOT49I.VS89022A) AppleWebKit/537.36 (KHTML, like Gecko) Chrome/41.0.2272.96 Mobile Safari/537.36"
220.181.108.141 - - [02/Jun/2015:18:07:41 -0700] "-" 408 0 "-" "-"
170.75.162.130 - - [02/Jun/2015:18:08:40 -0700] "GET /lib/reccapi.php?resort=heavenly HTTP/1.1" 200 967 "-" "node-superagent/0.18.2"
96.38.179.131 - - [02/Jun/2015:18:09:30 -0700] "GET /images/wsis-logo-sm.png HTTP/1.1" 200 6108 "http://www.thebackcountry.net/" "Mozilla/5.0 (Macintosh; Intel Mac OS X 10_10_3) AppleWebKit/600.6.3 (KHTML, like Gecko) Version/8.0.6 Safari/600.6.3"
170.75.162.130 - - [02/Jun/2015:18:15:00 -0700] "GET /lib/reccapi.php?resort=mammothmountain HTTP/1.1" 200 977 "-" "node-superagent/0.18.2"
99.153.228.9 - - [02/Jun/2015:18:18:45 -0700] "GET /images/wsis-logo-sm.png HTTP/1.1" 200 6108 "http://www.thebackcountry.net/" "Mozilla/5.0 (Windows NT 6.3; WOW64) AppleWebKit/537.36 (KHTML, like Gecko) Chrome/43.0.2357.81 Safari/537.36"
170.75.162.130 - - [02/Jun/2015:18:18:51 -0700] "GET /lib/reccapi.php?resort=chinapeak HTTP/1.1" 200 988 "-" "node-superagent/0.18.2"
170.75.162.130 - - [02/Jun/2015:18:18:51 -0700] "GET /lib/reccapi.php?resort=kirkwood HTTP/1.1" 200 998 "-" "node-superagent/0.18.2"
170.75.162.130 - - [02/Jun/2015:18:18:51 -0700] "GET /lib/reccapi.php?resort=mountainhigh HTTP/1.1" 200 983 "-" "node-superagent/0.18.2"
170.75.162.130 - - [02/Jun/2015:18:18:51 -0700] "GET /lib/reccapi.php?resort=northstar-at-tahoe HTTP/1.1" 200 955 "-" "node-superagent/0.18.2"
170.75.162.130 - - [02/Jun/2015:18:18:51 -0700] "GET /lib/reccapi.php?resort=sierra-at-tahoe HTTP/1.1" 200 980 "-" "node-superagent/0.18.2"
170.75.162.130 - - [02/Jun/2015:18:18:51 -0700] "GET /lib/reccapi.php?resort=squawvalleyusa HTTP/1.1" 200 966 "-" "node-superagent/0.18.2"
170.75.162.130 - - [02/Jun/2015:18:18:51 -0700] "GET /lib/reccapi.php?resort=sugarbowl HTTP/1.1" 200 950 "-" "node-superagent/0.18.2"
170.75.162.130 - - [02/Jun/2015:18:27:52 -0700] "GET /lib/reccapi.php?resort=sundayriver HTTP/1.1" 200 1016 "-" "node-superagent/0.18.2"
66.249.79.14 - - [02/Jun/2015:18:38:01 -0700] "GET / HTTP/1.1" 200 2376 "-" "Mozilla/5.0 (compatible; Googlebot/2.1; +http://www.google.com/bot.html)"
170.75.162.130 - - [02/Jun/2015:18:48:04 -0700] "GET /lib/reccapi.php?resort=redmountain HTTP/1.1" 200 901 "-" "node-superagent/0.18.2"
123.125.71.60 - - [02/Jun/2015:18:51:55 -0700] "-" 408 0 "-" "-"
170.75.162.130 - - [02/Jun/2015:18:54:25 -0700] "GET /lib/reccapi.php?resort=monarch HTTP/1.1" 200 995 "-" "node-superagent/0.18.2"
170.75.162.130 - - [02/Jun/2015:18:56:05 -0700] "GET /lib/reccapi.php?resort=aspenheights HTTP/1.1" 200 987 "-" "node-superagent/0.18.2"
220.181.108.186 - - [02/Jun/2015:18:57:56 -0700] "-" 408 0 "-" "-"
170.75.162.130 - - [02/Jun/2015:19:00:35 -0700] "GET /lib/reccapi.php?resort=sugarloaf HTTP/1.1" 200 1032 "-" "node-superagent/0.18.2"
170.75.162.130 - - [02/Jun/2015:19:03:55 -0700] "GET /lib/reccapi.php?resort=arapahoebasin HTTP/1.1" 200 995 "-" "node-superagent/0.18.2"
76.102.196.72 - - [02/Jun/2015:19:11:57 -0700] "GET /images/wsis-logo-sm.png HTTP/1.1" 200 6108 "http://www.thebackcountry.net/" "Mozilla/5.0 (Macintosh; Intel Mac OS X 10_9_5) AppleWebKit/600.6.3 (KHTML, like Gecko) Version/7.1.6 Safari/537.85.15"
170.75.162.130 - - [02/Jun/2015:19:17:16 -0700] "GET /lib/reccapi.php?resort=bigwhite HTTP/1.1" 200 912 "-" "node-superagent/0.18.2"
170.75.162.130 - - [02/Jun/2015:19:17:16 -0700] "GET /lib/reccapi.php?resort=silverstarmountain HTTP/1.1" 200 924 "-" "node-superagent/0.18.2"
170.75.162.130 - - [02/Jun/2015:19:17:17 -0700] "GET /lib/reccapi.php?resort=sunpeaksresort HTTP/1.1" 200 911 "-" "node-superagent/0.18.2"
208.115.113.83 - - [02/Jun/2015:19:18:46 -0700] "GET /robots.txt HTTP/1.1" 200 319 "-" "Mozilla/5.0 (compatible; DotBot/1.1; http://www.opensiteexplorer.org/dotbot, help@moz.com)"
157.55.39.14 - - [02/Jun/2015:19:23:32 -0700] "GET / HTTP/1.1" 200 2376 "-" "Mozilla/5.0 (compatible; bingbot/2.0; +http://www.bing.com/bingbot.htm)"
170.75.162.130 - - [02/Jun/2015:19:30:58 -0700] "GET /lib/reccapi.php?resort=diamondpeak HTTP/1.1" 200 934 "-" "node-superagent/0.18.2"
170.75.162.130 - - [02/Jun/2015:19:30:58 -0700] "GET /lib/reccapi.php?resort=mtrose HTTP/1.1" 200 937 "-" "node-superagent/0.18.2"
66.249.79.66 - - [02/Jun/2015:19:31:25 -0700] "GET / HTTP/1.1" 200 2376 "-" "Mozilla/5.0 (compatible; Googlebot/2.1; +http://www.google.com/bot.html)"
170.75.162.130 - - [02/Jun/2015:19:36:08 -0700] "GET /lib/reccapi.php?resort=brighton HTTP/1.1" 200 943 "-" "node-superagent/0.18.2"
170.75.162.130 - - [02/Jun/2015:19:45:09 -0700] "GET /lib/reccapi.php?resort=cannonmountain HTTP/1.1" 200 968 "-" "node-superagent/0.18.2"
170.75.162.130 - - [02/Jun/2015:19:45:09 -0700] "GET /lib/reccapi.php?resort=jaypeak HTTP/1.1" 200 1065 "-" "node-superagent/0.18.2"
170.75.162.130 - - [02/Jun/2015:19:45:09 -0700] "GET /lib/reccapi.php?resort=killington HTTP/1.1" 200 987 "-" "node-superagent/0.18.2"
170.75.162.130 - - [02/Jun/2015:19:45:10 -0700] "GET /lib/reccapi.php?resort=smugglersnotch HTTP/1.1" 200 979 "-" "node-superagent/0.18.2"
170.75.162.130 - - [02/Jun/2015:19:45:10 -0700] "GET /lib/reccapi.php?resort=stowe HTTP/1.1" 200 972 "-" "node-superagent/0.18.2"
170.75.162.130 - - [02/Jun/2015:19:45:10 -0700] "GET /lib/reccapi.php?resort=sugarbush HTTP/1.1" 200 986 "-" "node-superagent/0.18.2"
170.75.162.130 - - [02/Jun/2015:19:45:10 -0700] "GET /lib/reccapi.php?resort=wildcatmountain HTTP/1.1" 200 1015 "-" "node-superagent/0.18.2"
66.249.79.1 - - [02/Jun/2015:19:48:19 -0700] "GET / HTTP/1.1" 200 2376 "-" "Mozilla/5.0 (iPhone; CPU iPhone OS 6_0 like Mac OS X) AppleWebKit/536.26 (KHTML, like Gecko) Version/6.0 Mobile/10A5376e Safari/8536.25 (compatible; Googlebot/2.1; +http://www.google.com/bot.html)"
170.75.162.130 - - [02/Jun/2015:19:59:40 -0700] "GET /lib/reccapi.php?resort=hoodoo HTTP/1.1" 200 1001 "-" "node-superagent/0.18.2"
170.75.162.130 - - [02/Jun/2015:19:59:41 -0700] "GET /lib/reccapi.php?resort=mountbachelor HTTP/1.1" 200 1069 "-" "node-superagent/0.18.2"
170.75.162.130 - - [02/Jun/2015:19:59:41 -0700] "GET /lib/reccapi.php?resort=mounthoodmeadows HTTP/1.1" 200 1076 "-" "node-superagent/0.18.2"
123.125.71.78 - - [02/Jun/2015:20:06:00 -0700] "-" 408 0 "-" "-"
222.186.21.70 - - [02/Jun/2015:20:10:26 -0700] "CONNECT www.alipay.com:443 HTTP/1.0" 405 558 "-" "-"
220.181.108.170 - - [02/Jun/2015:20:11:51 -0700] "-" 408 0 "-" "-"
170.75.162.130 - - [02/Jun/2015:20:14:02 -0700] "GET /lib/reccapi.php?resort=alta HTTP/1.1" 200 935 "-" "node-superagent/0.18.2"
170.75.162.130 - - [02/Jun/2015:20:14:02 -0700] "GET /lib/reccapi.php?resort=brianhead HTTP/1.1" 200 966 "-" "node-superagent/0.18.2"
170.75.162.130 - - [02/Jun/2015:20:14:02 -0700] "GET /lib/reccapi.php?resort=canyons HTTP/1.1" 200 959 "-" "node-superagent/0.18.2"
170.75.162.130 - - [02/Jun/2015:20:14:02 -0700] "GET /lib/reccapi.php?resort=deervalley HTTP/1.1" 200 993 "-" "node-superagent/0.18.2"
170.75.162.130 - - [02/Jun/2015:20:14:02 -0700] "GET /lib/reccapi.php?resort=parkcity HTTP/1.1" 200 986 "-" "node-superagent/0.18.2"
170.75.162.130 - - [02/Jun/2015:20:14:02 -0700] "GET /lib/reccapi.php?resort=snowbasin HTTP/1.1" 200 969 "-" "node-superagent/0.18.2"
170.75.162.130 - - [02/Jun/2015:20:14:02 -0700] "GET /lib/reccapi.php?resort=snowbird HTTP/1.1" 200 939 "-" "node-superagent/0.18.2"
170.75.162.130 - - [02/Jun/2015:20:14:02 -0700] "GET /lib/reccapi.php?resort=solitude HTTP/1.1" 200 959 "-" "node-superagent/0.18.2"
170.75.162.130 - - [02/Jun/2015:20:21:33 -0700] "GET /lib/reccapi.php?resort=keystone HTTP/1.1" 200 980 "-" "node-superagent/0.18.2"
71.83.110.180 - - [02/Jun/2015:20:34:57 -0700] "GET /images/wsis-logo-sm.png HTTP/1.1" 200 6108 "http://www.thebackcountry.net/" "Mozilla/5.0 (Macintosh; Intel Mac OS X 10_10_2) AppleWebKit/600.3.18 (KHTML, like Gecko) Version/8.0.3 Safari/600.3.18"
170.75.162.130 - - [02/Jun/2015:20:35:54 -0700] "GET /lib/reccapi.php?resort=grandtarghee HTTP/1.1" 200 1071 "-" "node-superagent/0.18.2"
170.75.162.130 - - [02/Jun/2015:20:35:54 -0700] "GET /lib/reccapi.php?resort=jacksonhole HTTP/1.1" 200 1055 "-" "node-superagent/0.18.2"
170.75.162.130 - - [02/Jun/2015:20:41:55 -0700] "GET /lib/reccapi.php?resort=aspenmountain HTTP/1.1" 200 1008 "-" "node-superagent/0.18.2"
170.75.162.130 - - [02/Jun/2015:20:41:55 -0700] "GET /lib/reccapi.php?resort=buttermilk HTTP/1.1" 200 966 "-" "node-superagent/0.18.2"
170.75.162.130 - - [02/Jun/2015:20:41:55 -0700] "GET /lib/reccapi.php?resort=coppermountain HTTP/1.1" 200 979 "-" "node-superagent/0.18.2"
170.75.162.130 - - [02/Jun/2015:20:41:55 -0700] "GET /lib/reccapi.php?resort=crestedbutte HTTP/1.1" 200 971 "-" "node-superagent/0.18.2"
170.75.162.130 - - [02/Jun/2015:20:41:55 -0700] "GET /lib/reccapi.php?resort=loveland HTTP/1.1" 200 975 "-" "node-superagent/0.18.2"
170.75.162.130 - - [02/Jun/2015:20:41:55 -0700] "GET /lib/reccapi.php?resort=snowmass HTTP/1.1" 200 939 "-" "node-superagent/0.18.2"
170.75.162.130 - - [02/Jun/2015:20:41:55 -0700] "GET /lib/reccapi.php?resort=steamboat HTTP/1.1" 200 972 "-" "node-superagent/0.18.2"
170.75.162.130 - - [02/Jun/2015:20:41:55 -0700] "GET /lib/reccapi.php?resort=telluride HTTP/1.1" 200 979 "-" "node-superagent/0.18.2"
170.75.162.130 - - [02/Jun/2015:20:41:55 -0700] "GET /lib/reccapi.php?resort=winterpark HTTP/1.1" 200 978 "-" "node-superagent/0.18.2"
170.75.162.130 - - [02/Jun/2015:20:45:35 -0700] "GET /lib/reccapi.php?resort=whistlerblackcomb HTTP/1.1" 200 920 "-" "node-superagent/0.18.2"
170.75.162.130 - - [02/Jun/2015:20:48:45 -0700] "GET /lib/reccapi.php?resort=sunvalley HTTP/1.1" 200 1040 "-" "node-superagent/0.18.2"
66.249.79.29 - - [02/Jun/2015:20:49:59 -0700] "GET /lib/resortDataSearch.php?resort=sierra-at-tahoe&dateStart=2013-11-26&dateMax=2013-12-06&size=30 HTTP/1.1" 200 331 "-" "Mozilla/5.0 (compatible; Googlebot/2.1; +http://www.google.com/bot.html)"
170.75.162.130 - - [02/Jun/2015:20:52:16 -0700] "GET /lib/reccapi.php?resort=redlodge HTTP/1.1" 200 1032 "-" "node-superagent/0.18.2"
123.125.71.33 - - [02/Jun/2015:20:59:16 -0700] "-" 408 0 "-" "-"
220.181.108.167 - - [02/Jun/2015:21:03:34 -0700] "-" 408 0 "-" "-"
185.77.129.11 - - [02/Jun/2015:21:15:30 -0700] "GET / HTTP/1.1" 200 6151 "http://hvd-store.com/" "Mozilla/5.0 (X11; Linux x86_64) AppleWebKit/537.36 (KHTML, like Gecko) Chrome/37.0.2062.120 Safari/537.36"
68.104.206.103 - - [02/Jun/2015:21:39:17 -0700] "GET /images/wsis-logo-sm.png HTTP/1.1" 200 6108 "http://www.thebackcountry.net/" "Mozilla/5.0 (Macintosh; Intel Mac OS X 10_10_3) AppleWebKit/600.6.3 (KHTML, like Gecko) Version/8.0.6 Safari/600.6.3"
24.176.181.182 - - [02/Jun/2015:21:41:48 -0700] "GET /images/wsis-logo-sm.png HTTP/1.1" 200 6108 "http://www.thebackcountry.net/" "Mozilla/5.0 (Windows NT 6.1; WOW64) AppleWebKit/537.36 (KHTML, like Gecko) Chrome/43.0.2357.81 Safari/537.36"
66.249.79.14 - - [02/Jun/2015:21:42:04 -0700] "GET /lib/resortDataSearch.php?resort=sierra-at-tahoe&dateStart=2013-03-03&dateMax=2013-03-13&size=30 HTTP/1.1" 200 331 "-" "Mozilla/5.0 (compatible; Googlebot/2.1; +http://www.google.com/bot.html)"
170.75.162.130 - - [02/Jun/2015:21:46:41 -0700] "GET /lib/reccapi.php?resort=taos HTTP/1.1" 200 930 "-" "node-superagent/0.18.2"
170.75.162.130 - - [02/Jun/2015:21:51:01 -0700] "GET /lib/reccapi.php?resort=whitefacemountain HTTP/1.1" 200 1030 "-" "node-superagent/0.18.2"
113.249.80.226 - - [02/Jun/2015:21:52:50 -0700] "GET http://125.209.222.141 HTTP/1.1" 200 6151 "http://125.209.222.141" "Mozilla/4.0 (compatible; MSIE 6.0; Windows NT 5.1)"
123.125.71.52 - - [02/Jun/2015:21:55:29 -0700] "-" 408 0 "-" "-"
125.130.225.158 - - [02/Jun/2015:21:55:54 -0700] "GET / HTTP/1.1" 200 6151 "-" "-"
220.181.108.151 - - [02/Jun/2015:21:59:42 -0700] "-" 408 0 "-" "-"
24.176.181.18 - - [02/Jun/2015:22:06:57 -0700] "GET /images/wsis-logo-sm.png HTTP/1.1" 200 6108 "http://www.thebackcountry.net/" "Mozilla/5.0 (iPad; CPU OS 7_1_2 like Mac OS X) AppleWebKit/537.51.2 (KHTML, like Gecko) Version/7.0 Mobile/11D257 Safari/9537.53"
180.76.15.163 - - [02/Jun/2015:22:08:17 -0700] "GET / HTTP/1.1" 200 2339 "-" "Mozilla/5.0 (compatible; Baiduspider/2.0; +http://www.baidu.com/search/spider.html)"
66.249.79.16 - - [02/Jun/2015:22:08:59 -0700] "GET / HTTP/1.1" 200 2376 "-" "Mozilla/5.0 (iPhone; CPU iPhone OS 6_0 like Mac OS X) AppleWebKit/536.26 (KHTML, like Gecko) Version/6.0 Mobile/10A5376e Safari/8536.25 (compatible; Googlebot/2.1; +http://www.google.com/bot.html)"
208.115.113.83 - - [02/Jun/2015:22:10:31 -0700] "GET /about HTTP/1.1" 404 476 "-" "Mozilla/5.0 (compatible; DotBot/1.1; http://www.opensiteexplorer.org/dotbot, help@moz.com)"
170.75.162.130 - - [02/Jun/2015:22:14:03 -0700] "GET /lib/reccapi.php?resort=schweitzer HTTP/1.1" 200 1061 "-" "node-superagent/0.18.2"
170.75.162.130 - - [02/Jun/2015:22:14:23 -0700] "GET /lib/reccapi.php?resort=49degreesnorth HTTP/1.1" 200 1089 "-" "node-superagent/0.18.2"
170.75.162.130 - - [02/Jun/2015:22:14:23 -0700] "GET /lib/reccapi.php?resort=alpinemeadows HTTP/1.1" 200 980 "-" "node-superagent/0.18.2"
170.75.162.130 - - [02/Jun/2015:22:14:23 -0700] "GET /lib/reccapi.php?resort=alyeska HTTP/1.1" 200 968 "-" "node-superagent/0.18.2"
170.75.162.130 - - [02/Jun/2015:22:14:24 -0700] "GET /lib/reccapi.php?resort=angelfire HTTP/1.1" 200 970 "-" "node-superagent/0.18.2"
170.75.162.130 - - [02/Jun/2015:22:15:13 -0700] "GET /lib/reccapi.php?resort=devilshead HTTP/1.1" 200 937 "-" "node-superagent/0.18.2"
180.76.15.25 - - [02/Jun/2015:22:22:24 -0700] "GET /resorts?resort=mt.baldy&date=2014-01-12 HTTP/1.1" 404 469 "-" "Mozilla/5.0 (compatible; Baiduspider/2.0; +http://www.baidu.com/search/spider.html)"
217.123.48.127 - - [02/Jun/2015:22:35:01 -0700] "GET /images/wsis-logo-sm.png HTTP/1.1" 200 6108 "http://www.thebackcountry.net/" "Mozilla/5.0 (iPad; CPU OS 8_3 like Mac OS X) AppleWebKit/600.1.4 (KHTML, like Gecko) GSA/5.5.50480 Mobile/12F69 Safari/600.1.4"
66.249.79.3 - - [02/Jun/2015:22:40:47 -0700] "GET /lib/resortDataSearch.php?resort=bigwhite&dateStart=2013-11-19&dateMax=2013-11-29&size=30 HTTP/1.1" 200 331 "-" "Mozilla/5.0 (compatible; Googlebot/2.1; +http://www.google.com/bot.html)"
69.111.105.51 - - [02/Jun/2015:22:41:45 -0700] "GET /images/wsis-logo-sm.png HTTP/1.1" 200 6052 "http://www.thebackcountry.net/" "Mozilla/5.0 (Linux; U; Android 2.3.4; en-us; NOOK BNTV250A Build/GINGERBREAD 1.4.3) AppleWebKit/533.1 (KHTML, like Gecko) Version/4.0 Safari/533.1"
123.125.71.115 - - [02/Jun/2015:23:15:21 -0700] "-" 408 0 "-" "-"
220.181.108.84 - - [02/Jun/2015:23:19:20 -0700] "-" 408 0 "-" "-"
170.75.162.130 - - [02/Jun/2015:23:33:31 -0700] "GET /lib/reccapi.php?resort=arapahoebasin HTTP/1.1" 200 995 "-" "node-superagent/0.18.2"
113.29.169.47 - - [02/Jun/2015:23:36:31 -0700] "GET / HTTP/1.1" 200 2320 "http://search.daum.net" "Mozilla/5.0 (compatible; MSIE or Firefox mutant; not on Windows server;) Daumoa/4.0"
113.29.169.47 - - [02/Jun/2015:23:36:31 -0700] "GET / HTTP/1.1" 200 2320 "-" "Mozilla/5.0 (Macintosh; Intel Mac OS X 10.8; rv:21.0) Gecko/20100101 Firefox/21.0"
170.75.162.130 - - [02/Jun/2015:23:37:21 -0700] "GET /lib/reccapi.php?resort=chinapeak HTTP/1.1" 200 988 "-" "node-superagent/0.18.2"
66.249.79.14 - - [02/Jun/2015:23:39:57 -0700] "GET / HTTP/1.1" 200 2376 "-" "Mozilla/5.0 (compatible; Googlebot/2.1; +http://www.google.com/bot.html)"
64.246.165.10 - - [02/Jun/2015:23:53:04 -0700] "GET /robots.txt HTTP/1.0" 200 338 "-" "Mozilla/5.0 (Windows; U; Windows NT 5.1; en; rv:1.9.0.13) Gecko/2009073022 Firefox/3.5.2 (.NET CLR 3.5.30729) SurveyBot/2.3 (DomainTools)"
64.246.165.10 - - [02/Jun/2015:23:53:04 -0700] "GET / HTTP/1.1" 200 2339 "http://whois.domaintools.com/whereshouldiski.com" "Mozilla/5.0 (Windows; U; Windows NT 5.1; en; rv:1.9.0.13) Gecko/2009073022 Firefox/3.5.2 (.NET CLR 3.5.30729) SurveyBot/2.3 (DomainTools)"
123.125.71.31 - - [03/Jun/2015:00:03:58 -0700] "-" 408 0 "-" "-"
220.181.108.142 - - [03/Jun/2015:00:07:14 -0700] "-" 408 0 "-" "-"
66.249.79.40 - - [03/Jun/2015:00:37:15 -0700] "GET / HTTP/1.1" 200 2376 "-" "Mozilla/5.0 (compatible; Googlebot/2.1; +http://www.google.com/bot.html)"
68.180.228.182 - - [03/Jun/2015:00:42:45 -0700] "GET /robots.txt HTTP/1.1" 304 152 "-" "Mozilla/5.0 (compatible; Yahoo! Slurp; http://help.yahoo.com/help/us/ysearch/slurp)"
68.180.228.182 - - [03/Jun/2015:00:42:45 -0700] "GET /resorts?resort=snowbasin HTTP/1.1" 404 450 "-" "Mozilla/5.0 (compatible; Yahoo! Slurp; http://help.yahoo.com/help/us/ysearch/slurp)"
123.125.71.71 - - [03/Jun/2015:00:57:16 -0700] "-" 408 0 "-" "-"
73.209.126.22 - - [03/Jun/2015:00:59:22 -0700] "GET /images/wsis-logo-sm.png HTTP/1.1" 200 6108 "http://www.thebackcountry.net/" "Mozilla/5.0 (Windows NT 6.3; WOW64; rv:38.0) Gecko/20100101 Firefox/38.0"
170.75.162.130 - - [03/Jun/2015:01:21:21 -0700] "GET /lib/reccapi.php?resort=aspenheights HTTP/1.1" 200 1022 "-" "node-superagent/0.18.2"
170.75.162.130 - - [03/Jun/2015:01:21:21 -0700] "GET /lib/reccapi.php?resort=aspenmountain HTTP/1.1" 200 1014 "-" "node-superagent/0.18.2"
170.75.162.130 - - [03/Jun/2015:01:21:21 -0700] "GET /lib/reccapi.php?resort=coppermountain HTTP/1.1" 200 1034 "-" "node-superagent/0.18.2"
170.75.162.130 - - [03/Jun/2015:01:21:21 -0700] "GET /lib/reccapi.php?resort=crestedbutte HTTP/1.1" 200 974 "-" "node-superagent/0.18.2"
170.75.162.130 - - [03/Jun/2015:01:21:21 -0700] "GET /lib/reccapi.php?resort=buttermilk HTTP/1.1" 200 980 "-" "node-superagent/0.18.2"
170.75.162.130 - - [03/Jun/2015:01:21:21 -0700] "GET /lib/reccapi.php?resort=keystone HTTP/1.1" 200 1061 "-" "node-superagent/0.18.2"
170.75.162.130 - - [03/Jun/2015:01:21:21 -0700] "GET /lib/reccapi.php?resort=loveland HTTP/1.1" 200 1058 "-" "node-superagent/0.18.2"
170.75.162.130 - - [03/Jun/2015:01:21:21 -0700] "GET /lib/reccapi.php?resort=monarch HTTP/1.1" 200 951 "-" "node-superagent/0.18.2"
170.75.162.130 - - [03/Jun/2015:01:21:21 -0700] "GET /lib/reccapi.php?resort=snowmass HTTP/1.1" 200 952 "-" "node-superagent/0.18.2"
170.75.162.130 - - [03/Jun/2015:01:21:21 -0700] "GET /lib/reccapi.php?resort=steamboat HTTP/1.1" 200 1044 "-" "node-superagent/0.18.2"
170.75.162.130 - - [03/Jun/2015:01:21:21 -0700] "GET /lib/reccapi.php?resort=telluride HTTP/1.1" 200 952 "-" "node-superagent/0.18.2"
170.75.162.130 - - [03/Jun/2015:01:21:21 -0700] "GET /lib/reccapi.php?resort=winterpark HTTP/1.1" 200 1060 "-" "node-superagent/0.18.2"
66.249.79.53 - - [03/Jun/2015:01:36:07 -0700] "GET /robots.txt HTTP/1.1" 200 419 "-" "Mozilla/5.0 (compatible; Googlebot/2.1; +http://www.google.com/bot.html)"
66.249.79.40 - - [03/Jun/2015:01:36:07 -0700] "GET / HTTP/1.1" 200 2376 "-" "Mozilla/5.0 (compatible; Googlebot/2.1; +http://www.google.com/bot.html)"
117.213.218.223 - - [03/Jun/2015:01:52:10 -0700] "GET / HTTP/1.1" 200 2376 "http://best-seo-offer.com/try.php?u=http://whereshouldiski.com" "Mozilla/5.0 (Windows NT 6.1; WOW64) AppleWebKit/537.36 (KHTML, like Gecko) Chrome/36.0.1985.143 Safari/537.36"
117.213.218.223 - - [03/Jun/2015:01:52:10 -0700] "GET /styles/0fffd548.main.css HTTP/1.1" 200 19316 "http://whereshouldiski.com/" "Mozilla/5.0 (Windows NT 6.1; WOW64) AppleWebKit/537.36 (KHTML, like Gecko) Chrome/36.0.1985.143 Safari/537.36"
117.213.218.223 - - [03/Jun/2015:01:52:11 -0700] "GET /scripts/scripts/vendor/modernizr.js HTTP/1.1" 200 4903 "http://whereshouldiski.com/" "Mozilla/5.0 (Windows NT 6.1; WOW64) AppleWebKit/537.36 (KHTML, like Gecko) Chrome/36.0.1985.143 Safari/537.36"
117.213.218.223 - - [03/Jun/2015:01:52:11 -0700] "GET /bower_components/requirejs/require.js HTTP/1.1" 200 6702 "http://whereshouldiski.com/" "Mozilla/5.0 (Windows NT 6.1; WOW64) AppleWebKit/537.36 (KHTML, like Gecko) Chrome/36.0.1985.143 Safari/537.36"
117.213.218.223 - - [03/Jun/2015:01:52:12 -0700] "GET /images/logo-sm.png HTTP/1.1" 200 16737 "http://whereshouldiski.com/" "Mozilla/5.0 (Windows NT 6.1; WOW64) AppleWebKit/537.36 (KHTML, like Gecko) Chrome/36.0.1985.143 Safari/537.36"
117.213.218.223 - - [03/Jun/2015:01:52:12 -0700] "GET /images/loading.gif HTTP/1.1" 200 13881 "http://whereshouldiski.com/" "Mozilla/5.0 (Windows NT 6.1; WOW64) AppleWebKit/537.36 (KHTML, like Gecko) Chrome/36.0.1985.143 Safari/537.36"
117.213.218.223 - - [03/Jun/2015:01:52:12 -0700] "GET /scripts/fa48e319.main.js HTTP/1.1" 200 123455 "http://whereshouldiski.com/" "Mozilla/5.0 (Windows NT 6.1; WOW64) AppleWebKit/537.36 (KHTML, like Gecko) Chrome/36.0.1985.143 Safari/537.36"
117.213.218.223 - - [03/Jun/2015:01:52:18 -0700] "GET /lib/reccapi.php?fields=t HTTP/1.1" 200 1658 "http://whereshouldiski.com/" "Mozilla/5.0 (Windows NT 6.1; WOW64) AppleWebKit/537.36 (KHTML, like Gecko) Chrome/36.0.1985.143 Safari/537.36"
117.213.218.223 - - [03/Jun/2015:01:52:18 -0700] "GET /images/button.png HTTP/1.1" 200 599 "http://whereshouldiski.com/" "Mozilla/5.0 (Windows NT 6.1; WOW64) AppleWebKit/537.36 (KHTML, like Gecko) Chrome/36.0.1985.143 Safari/537.36"
117.213.218.223 - - [03/Jun/2015:01:52:18 -0700] "GET /images/greyHeader.png HTTP/1.1" 200 508 "http://whereshouldiski.com/" "Mozilla/5.0 (Windows NT 6.1; WOW64) AppleWebKit/537.36 (KHTML, like Gecko) Chrome/36.0.1985.143 Safari/537.36"
117.213.218.223 - - [03/Jun/2015:01:52:19 -0700] "GET /images/snowflake5.png HTTP/1.1" 200 2857 "http://whereshouldiski.com/" "Mozilla/5.0 (Windows NT 6.1; WOW64) AppleWebKit/537.36 (KHTML, like Gecko) Chrome/36.0.1985.143 Safari/537.36"
117.213.218.223 - - [03/Jun/2015:01:52:19 -0700] "GET /images/star5.png HTTP/1.1" 200 1784 "http://whereshouldiski.com/" "Mozilla/5.0 (Windows NT 6.1; WOW64) AppleWebKit/537.36 (KHTML, like Gecko) Chrome/36.0.1985.143 Safari/537.36"
117.213.218.223 - - [03/Jun/2015:01:52:19 -0700] "GET /images/mtns-icon.png HTTP/1.1" 200 1097 "http://whereshouldiski.com/" "Mozilla/5.0 (Windows NT 6.1; WOW64) AppleWebKit/537.36 (KHTML, like Gecko) Chrome/36.0.1985.143 Safari/537.36"
117.213.218.223 - - [03/Jun/2015:01:52:19 -0700] "GET /images/bluebird5.png HTTP/1.1" 200 2177 "http://whereshouldiski.com/" "Mozilla/5.0 (Windows NT 6.1; WOW64) AppleWebKit/537.36 (KHTML, like Gecko) Chrome/36.0.1985.143 Safari/537.36"
117.213.218.223 - - [03/Jun/2015:01:52:19 -0700] "GET /images/shading-icon.png HTTP/1.1" 200 537 "http://whereshouldiski.com/" "Mozilla/5.0 (Windows NT 6.1; WOW64) AppleWebKit/537.36 (KHTML, like Gecko) Chrome/36.0.1985.143 Safari/537.36"
117.213.218.223 - - [03/Jun/2015:01:52:40 -0700] "-" 408 0 "-" "-"
127.0.0.1 - - [03/Jun/2015:01:52:41 -0700] "OPTIONS * HTTP/1.0" 200 126 "-" "Apache/2.2.22 (Ubuntu) (internal dummy connection)"
170.75.162.130 - - [03/Jun/2015:02:06:25 -0700] "GET /lib/reccapi.php?resort=hoodoo HTTP/1.1" 200 973 "-" "node-superagent/0.18.2"
170.75.162.130 - - [03/Jun/2015:02:06:25 -0700] "GET /lib/reccapi.php?resort=mountbachelor HTTP/1.1" 200 1046 "-" "node-superagent/0.18.2"
170.75.162.130 - - [03/Jun/2015:02:06:25 -0700] "GET /lib/reccapi.php?resort=mounthoodmeadows HTTP/1.1" 200 1057 "-" "node-superagent/0.18.2"
123.125.71.111 - - [03/Jun/2015:02:08:16 -0700] "-" 408 0 "-" "-"
220.181.108.181 - - [03/Jun/2015:02:12:49 -0700] "-" 408 0 "-" "-"
108.247.36.217 - - [03/Jun/2015:02:45:01 -0700] "GET /images/wsis-logo-sm.png HTTP/1.1" 200 6108 "http://www.thebackcountry.net/" "Mozilla/5.0 (compatible; MSIE 9.0; Windows NT 6.0; Trident/5.0; BOIE9;ENUS)"
108.247.36.217 - - [03/Jun/2015:02:45:23 -0700] "-" 408 0 "-" "-"
123.125.71.96 - - [03/Jun/2015:02:54:26 -0700] "-" 408 0 "-" "-"
220.181.108.163 - - [03/Jun/2015:02:58:01 -0700] "-" 408 0 "-" "-"
157.55.39.15 - - [03/Jun/2015:03:06:54 -0700] "GET / HTTP/1.1" 200 2376 "-" "Mozilla/5.0 (compatible; bingbot/2.0; +http://www.bing.com/bingbot.htm)"
65.9.223.6 - - [03/Jun/2015:03:30:20 -0700] "GET /images/wsis-logo-sm.png HTTP/1.1" 200 6108 "http://www.thebackcountry.net/" "Mozilla/5.0 (iPad; CPU OS 8_1_2 like Mac OS X) AppleWebKit/600.1.4 (KHTML, like Gecko) GSA/5.5.50480 Mobile/12B440 Safari/600.1.4"
170.75.162.130 - - [03/Jun/2015:03:42:24 -0700] "GET /lib/reccapi.php?resort=sundayriver HTTP/1.1" 200 961 "-" "node-superagent/0.18.2"
170.75.162.130 - - [03/Jun/2015:03:42:24 -0700] "GET /lib/reccapi.php?resort=sugarloaf HTTP/1.1" 200 952 "-" "node-superagent/0.18.2"
123.125.71.107 - - [03/Jun/2015:03:59:29 -0700] "-" 408 0 "-" "-"
220.181.108.184 - - [03/Jun/2015:04:02:47 -0700] "-" 408 0 "-" "-"
178.255.215.81 - - [03/Jun/2015:04:20:07 -0700] "GET /robots.txt HTTP/1.1" 200 382 "-" "Mozilla/5.0 (compatible; Exabot/3.0; +http://www.exabot.com/go/robot)"
178.255.215.81 - - [03/Jun/2015:04:20:08 -0700] "GET /feedback HTTP/1.1" 404 469 "-" "Mozilla/5.0 (compatible; Exabot/3.0; +http://www.exabot.com/go/robot)"
170.75.162.130 - - [03/Jun/2015:04:43:10 -0700] "GET /lib/reccapi.php?resort=bigsky HTTP/1.1" 200 1020 "-" "node-superagent/0.18.2"
112.64.235.250 - - [03/Jun/2015:04:43:45 -0700] "GET / HTTP/1.1" 200 6114 "-" "Mozilla/5.0 (Linux; U; Android 4.4.2; zh-cn; GT-I9500 Build/KOT49H) AppleWebKit/537.36 (KHTML, like Gecko)Version/4.0 MQQBrowser/5.0 QQ-Manager Mobile Safari/537.36"
180.76.15.21 - - [03/Jun/2015:04:44:15 -0700] "GET / HTTP/1.1" 200 2339 "-" "Mozilla/5.0 (compatible; Baiduspider/2.0; +http://www.baidu.com/search/spider.html)"
162.211.122.43 - - [03/Jun/2015:04:47:56 -0700] "GET / HTTP/1.1" 200 2339 "http://www.whereshouldiski.com" "Mozilla/5.0 (Windows NT 6.1; WOW64; rv:34.0) Gecko/20100101 Firefox/34.0"
66.249.79.1 - - [03/Jun/2015:04:49:58 -0700] "GET / HTTP/1.1" 200 2376 "-" "Mozilla/5.0 (compatible; Googlebot/2.1; +http://www.google.com/bot.html)"
208.115.111.66 - - [03/Jun/2015:05:00:58 -0700] "GET /robots.txt HTTP/1.1" 200 319 "-" "Mozilla/5.0 (compatible; DotBot/1.1; http://www.opensiteexplorer.org/dotbot, help@moz.com)"
170.75.162.130 - - [03/Jun/2015:05:10:02 -0700] "GET /lib/reccapi.php?resort=crystalmountain HTTP/1.1" 200 1048 "-" "node-superagent/0.18.2"
170.75.162.130 - - [03/Jun/2015:05:10:02 -0700] "GET /lib/reccapi.php?resort=mountspokane HTTP/1.1" 200 1090 "-" "node-superagent/0.18.2"
170.75.162.130 - - [03/Jun/2015:05:10:02 -0700] "GET /lib/reccapi.php?resort=stevenspass HTTP/1.1" 200 990 "-" "node-superagent/0.18.2"
123.125.71.28 - - [03/Jun/2015:05:19:55 -0700] "-" 408 0 "-" "-"
220.181.108.143 - - [03/Jun/2015:05:24:07 -0700] "-" 408 0 "-" "-"
173.64.81.80 - - [03/Jun/2015:05:24:30 -0700] "GET /images/wsis-logo-sm.png HTTP/1.1" 200 6108 "http://www.thebackcountry.net/" "Mozilla/5.0 (Macintosh; Intel Mac OS X 10.10; rv:38.0) Gecko/20100101 Firefox/38.0"
170.75.162.130 - - [03/Jun/2015:05:33:44 -0700] "GET /lib/reccapi.php?resort=madriverglen HTTP/1.1" 200 976 "-" "node-superagent/0.18.2"
112.64.235.250 - - [03/Jun/2015:05:34:31 -0700] "GET /scripts/scripts/vendor/modernizr.js HTTP/1.1" 200 11398 "http://whereshouldiski.com/scripts/scripts/vendor/modernizr.js" "Mozilla/5.0 (Linux; U; Android 4.4.2; zh-cn; GT-I9500 Build/KOT49H) AppleWebKit/537.36 (KHTML, like Gecko)Version/4.0 MQQBrowser/5.0 QQ-Manager Mobile Safari/537.36"
112.64.235.250 - - [03/Jun/2015:05:34:31 -0700] "GET /bower_components/requirejs/require.js HTTP/1.1" 200 17147 "http://whereshouldiski.com/bower_components/requirejs/require.js" "Mozilla/5.0 (Linux; U; Android 4.4.2; zh-cn; GT-I9500 Build/KOT49H) AppleWebKit/537.36 (KHTML, like Gecko)Version/4.0 MQQBrowser/5.0 QQ-Manager Mobile Safari/537.36"
180.76.15.143 - - [03/Jun/2015:05:49:21 -0700] "GET /resorts?resort=loveland&date=2014-01-14 HTTP/1.1" 404 472 "-" "Mozilla/5.0 (compatible; Baiduspider/2.0; +http://www.baidu.com/search/spider.html)"
208.115.111.66 - - [03/Jun/2015:05:54:38 -0700] "GET /resorts?resort=taos&date=2014-06-18 HTTP/1.1" 404 476 "-" "Mozilla/5.0 (compatible; DotBot/1.1; http://www.opensiteexplorer.org/dotbot, help@moz.com)"
170.75.162.130 - - [03/Jun/2015:05:59:47 -0700] "GET /lib/reccapi.php?resort=homewoodmountain HTTP/1.1" 200 978 "-" "node-superagent/0.18.2"
66.249.79.53 - - [03/Jun/2015:06:04:56 -0700] "GET / HTTP/1.1" 200 2376 "-" "Mozilla/5.0 (compatible; Googlebot/2.1; +http://www.google.com/bot.html)"
170.75.162.130 - - [03/Jun/2015:06:08:48 -0700] "GET /lib/reccapi.php?resort=heavenly HTTP/1.1" 200 969 "-" "node-superagent/0.18.2"
170.75.162.130 - - [03/Jun/2015:06:15:08 -0700] "GET /lib/reccapi.php?resort=mammothmountain HTTP/1.1" 200 976 "-" "node-superagent/0.18.2"
170.75.162.130 - - [03/Jun/2015:06:18:58 -0700] "GET /lib/reccapi.php?resort=kirkwood HTTP/1.1" 200 1029 "-" "node-superagent/0.18.2"
170.75.162.130 - - [03/Jun/2015:06:18:58 -0700] "GET /lib/reccapi.php?resort=mountainhigh HTTP/1.1" 200 983 "-" "node-superagent/0.18.2"
170.75.162.130 - - [03/Jun/2015:06:18:58 -0700] "GET /lib/reccapi.php?resort=northstar-at-tahoe HTTP/1.1" 200 982 "-" "node-superagent/0.18.2"
170.75.162.130 - - [03/Jun/2015:06:18:58 -0700] "GET /lib/reccapi.php?resort=sierra-at-tahoe HTTP/1.1" 200 1008 "-" "node-superagent/0.18.2"
170.75.162.130 - - [03/Jun/2015:06:18:58 -0700] "GET /lib/reccapi.php?resort=squawvalleyusa HTTP/1.1" 200 976 "-" "node-superagent/0.18.2"
170.75.162.130 - - [03/Jun/2015:06:18:58 -0700] "GET /lib/reccapi.php?resort=sugarbowl HTTP/1.1" 200 981 "-" "node-superagent/0.18.2"
12.183.175.196 - - [03/Jun/2015:06:20:20 -0700] "GET /images/wsis-logo-sm.png HTTP/1.1" 200 6108 "http://www.thebackcountry.net/" "Mozilla/5.0 (iPad; CPU OS 8_3 like Mac OS X) AppleWebKit/600.1.4 (KHTML, like Gecko) Version/8.0 Mobile/12F69 Safari/600.1.4"
123.125.71.105 - - [03/Jun/2015:06:25:02 -0700] "-" 408 0 "-" "-"
67.161.74.24 - - [03/Jun/2015:06:38:52 -0700] "GET /images/wsis-logo-sm.png HTTP/1.1" 200 6108 "http://www.thebackcountry.net/" "Mozilla/5.0 (Macintosh; Intel Mac OS X 10_10_3) AppleWebKit/600.6.3 (KHTML, like Gecko) Version/8.0.6 Safari/600.6.3"
170.75.162.130 - - [03/Jun/2015:06:48:11 -0700] "GET /lib/reccapi.php?resort=redmountain HTTP/1.1" 200 898 "-" "node-superagent/0.18.2"
123.125.71.95 - - [03/Jun/2015:07:00:20 -0700] "-" 408 0 "-" "-"
66.249.79.3 - - [03/Jun/2015:07:00:58 -0700] "GET /robots.txt HTTP/1.1" 200 419 "-" "Mozilla/5.0 (compatible; Googlebot/2.1; +http://www.google.com/bot.html)"
66.249.79.29 - - [03/Jun/2015:07:00:58 -0700] "GET /lib/resortDataSearch.php?resort=bogusbasin&dateStart=2014-11-04&dateMax=2014-11-14&size=30 HTTP/1.1" 200 331 "-" "Mozilla/5.0 (compatible; Googlebot/2.1; +http://www.google.com/bot.html)"
208.115.111.66 - - [03/Jun/2015:07:03:04 -0700] "GET /robots.txt HTTP/1.1" 200 319 "-" "Mozilla/5.0 (compatible; DotBot/1.1; http://www.opensiteexplorer.org/dotbot, help@moz.com)"
220.181.108.109 - - [03/Jun/2015:07:04:45 -0700] "-" 408 0 "-" "-"
170.75.162.130 - - [03/Jun/2015:07:17:24 -0700] "GET /lib/reccapi.php?resort=sunpeaksresort HTTP/1.1" 200 908 "-" "node-superagent/0.18.2"
170.75.162.130 - - [03/Jun/2015:07:17:24 -0700] "GET /lib/reccapi.php?resort=bigwhite HTTP/1.1" 200 911 "-" "node-superagent/0.18.2"
170.75.162.130 - - [03/Jun/2015:07:17:24 -0700] "GET /lib/reccapi.php?resort=silverstarmountain HTTP/1.1" 200 927 "-" "node-superagent/0.18.2"
170.75.162.130 - - [03/Jun/2015:07:31:05 -0700] "GET /lib/reccapi.php?resort=brianhead HTTP/1.1" 200 965 "-" "node-superagent/0.18.2"
170.75.162.130 - - [03/Jun/2015:07:31:05 -0700] "GET /lib/reccapi.php?resort=alta HTTP/1.1" 200 1022 "-" "node-superagent/0.18.2"
170.75.162.130 - - [03/Jun/2015:07:31:05 -0700] "GET /lib/reccapi.php?resort=brighton HTTP/1.1" 200 1014 "-" "node-superagent/0.18.2"
170.75.162.130 - - [03/Jun/2015:07:31:05 -0700] "GET /lib/reccapi.php?resort=canyons HTTP/1.1" 200 974 "-" "node-superagent/0.18.2"
170.75.162.130 - - [03/Jun/2015:07:31:05 -0700] "GET /lib/reccapi.php?resort=diamondpeak HTTP/1.1" 200 957 "-" "node-superagent/0.18.2"
170.75.162.130 - - [03/Jun/2015:07:31:06 -0700] "GET /lib/reccapi.php?resort=mtrose HTTP/1.1" 200 949 "-" "node-superagent/0.18.2"
170.75.162.130 - - [03/Jun/2015:07:31:06 -0700] "GET /lib/reccapi.php?resort=deervalley HTTP/1.1" 200 1006 "-" "node-superagent/0.18.2"
170.75.162.130 - - [03/Jun/2015:07:31:06 -0700] "GET /lib/reccapi.php?resort=parkcity HTTP/1.1" 200 1055 "-" "node-superagent/0.18.2"
170.75.162.130 - - [03/Jun/2015:07:31:06 -0700] "GET /lib/reccapi.php?resort=snowbasin HTTP/1.1" 200 1021 "-" "node-superagent/0.18.2"
170.75.162.130 - - [03/Jun/2015:07:31:06 -0700] "GET /lib/reccapi.php?resort=snowbird HTTP/1.1" 200 1027 "-" "node-superagent/0.18.2"
170.75.162.130 - - [03/Jun/2015:07:31:06 -0700] "GET /lib/reccapi.php?resort=solitude HTTP/1.1" 200 1028 "-" "node-superagent/0.18.2"
70.214.34.226 - - [03/Jun/2015:07:42:29 -0700] "GET /images/wsis-logo-sm.png HTTP/1.1" 200 6108 "http://www.thebackcountry.net/" "Mozilla/5.0 (Linux; Android 5.0.2; SM-G925V Build/LRX22G) AppleWebKit/537.36 (KHTML, like Gecko) Chrome/43.0.2357.78 Mobile Safari/537.36"
170.75.162.130 - - [03/Jun/2015:07:45:17 -0700] "GET /lib/reccapi.php?resort=cannonmountain HTTP/1.1" 200 952 "-" "node-superagent/0.18.2"
170.75.162.130 - - [03/Jun/2015:07:45:17 -0700] "GET /lib/reccapi.php?resort=jaypeak HTTP/1.1" 200 986 "-" "node-superagent/0.18.2"
170.75.162.130 - - [03/Jun/2015:07:45:17 -0700] "GET /lib/reccapi.php?resort=killington HTTP/1.1" 200 969 "-" "node-superagent/0.18.2"
170.75.162.130 - - [03/Jun/2015:07:45:17 -0700] "GET /lib/reccapi.php?resort=smugglersnotch HTTP/1.1" 200 975 "-" "node-superagent/0.18.2"
170.75.162.130 - - [03/Jun/2015:07:45:17 -0700] "GET /lib/reccapi.php?resort=stowe HTTP/1.1" 200 926 "-" "node-superagent/0.18.2"
170.75.162.130 - - [03/Jun/2015:07:45:17 -0700] "GET /lib/reccapi.php?resort=wildcatmountain HTTP/1.1" 200 956 "-" "node-superagent/0.18.2"
170.75.162.130 - - [03/Jun/2015:07:45:17 -0700] "GET /lib/reccapi.php?resort=sugarbush HTTP/1.1" 200 972 "-" "node-superagent/0.18.2"
104.154.57.95 - - [03/Jun/2015:07:49:16 -0700] "GET / HTTP/1.0" 200 6151 "-" "NerdyBot"
65.255.58.214 - - [03/Jun/2015:07:50:53 -0700] "GET /images/wsis-logo-sm.png HTTP/1.1" 200 6108 "http://www.thebackcountry.net/" "Mozilla/5.0 (Macintosh; Intel Mac OS X 10_10_3) AppleWebKit/600.6.3 (KHTML, like Gecko) Version/8.0.6 Safari/600.6.3"
208.87.233.201 - - [03/Jun/2015:07:55:24 -0700] "GET /images/wsis-logo-sm.png HTTP/1.1" 200 6052 "http://www.thebackcountry.net/" "Mozilla/4.0 (compatible; MSIE 8.0; Windows NT 6.1; Trident/4.0; SLCC2; .NET CLR 2.0.50727; .NET CLR 3.5.30729; .NET CLR 3.0.30729; Media Center PC 6.0; .NET4.0C; .NET4.0E; InfoPath.3)"
208.115.111.66 - - [03/Jun/2015:07:56:58 -0700] "GET /resorts?resort=willamettepass&date=2014-06-19 HTTP/1.1" 404 476 "-" "Mozilla/5.0 (compatible; DotBot/1.1; http://www.opensiteexplorer.org/dotbot, help@moz.com)"
123.125.71.82 - - [03/Jun/2015:07:58:27 -0700] "-" 408 0 "-" "-"
66.249.79.250 - - [03/Jun/2015:08:00:21 -0700] "GET / HTTP/1.1" 200 2376 "-" "SAMSUNG-SGH-E250/1.0 Profile/MIDP-2.0 Configuration/CLDC-1.1 UP.Browser/6.2.3.3.c.1.101 (GUI) MMP/2.0 (compatible; Googlebot-Mobile/2.1; +http://www.google.com/bot.html)"
61.135.190.219 - - [03/Jun/2015:08:02:05 -0700] "GET / HTTP/1.1" 200 2376 "http://www.baidu.com/s?wd=WhereShouldISki-WeatherData-DrivenRecommendationsforSkiing" "Mozilla/5.0 (iPhone; CPU iPhone OS 8_0_2 like Mac OS X) (Windows NT 6.1; WOW64) AppleWebKit/600.1.4 (KHTML, like Gecko) Mobile/12A405 MicroMessenger/5.4.2 NetType/WIFI"
61.135.190.103 - - [03/Jun/2015:08:02:05 -0700] "GET /scripts/scripts/vendor/modernizr.js HTTP/1.1" 200 4903 "http://whereshouldiski.com/" "Mozilla/5.0 (iPhone; CPU iPhone OS 8_0_2 like Mac OS X) (Windows NT 6.1; WOW64) AppleWebKit/600.1.4 (KHTML, like Gecko) Mobile/12A405 MicroMessenger/5.4.2 NetType/WIFI"
61.135.190.219 - - [03/Jun/2015:08:02:05 -0700] "GET /bower_components/requirejs/require.js HTTP/1.1" 200 6701 "http://whereshouldiski.com/" "Mozilla/5.0 (iPhone; CPU iPhone OS 8_0_2 like Mac OS X) (Windows NT 6.1; WOW64) AppleWebKit/600.1.4 (KHTML, like Gecko) Mobile/12A405 MicroMessenger/5.4.2 NetType/WIFI"
61.135.190.219 - - [03/Jun/2015:08:02:06 -0700] "GET /scripts/fa48e319.main.js HTTP/1.1" 200 123455 "http://whereshouldiski.com/" "Mozilla/5.0 (iPhone; CPU iPhone OS 8_0_2 like Mac OS X) (Windows NT 6.1; WOW64) AppleWebKit/600.1.4 (KHTML, like Gecko) Mobile/12A405 MicroMessenger/5.4.2 NetType/WIFI"
61.135.190.219 - - [03/Jun/2015:08:02:08 -0700] "GET /lib/reccapi.php?fields=t HTTP/1.1" 200 1772 "http://whereshouldiski.com/" "Mozilla/5.0 (iPhone; CPU iPhone OS 8_0_2 like Mac OS X) (Windows NT 6.1; WOW64) AppleWebKit/600.1.4 (KHTML, like Gecko) Mobile/12A405 MicroMessenger/5.4.2 NetType/WIFI"
75.111.104.75 - - [03/Jun/2015:08:20:05 -0700] "GET /images/wsis-logo-sm.png HTTP/1.1" 200 6108 "http://www.thebackcountry.net/" "Mozilla/5.0 (Windows NT 6.3; WOW64) AppleWebKit/537.36 (KHTML, like Gecko) Chrome/43.0.2357.81 Safari/537.36"
66.249.79.53 - - [03/Jun/2015:08:23:49 -0700] "GET /lib/resortDataSearch.php?resort=bearmountain&dateStart=2013-09-30&dateMax=2013-10-14&size=30 HTTP/1.1" 200 331 "-" "Mozilla/5.0 (compatible; Googlebot/2.1; +http://www.google.com/bot.html)"
66.49.163.43 - - [03/Jun/2015:08:24:37 -0700] "GET /images/wsis-logo-sm.png HTTP/1.1" 200 6108 "http://www.thebackcountry.net/" "Mozilla/5.0 (Windows NT 6.1; WOW64; rv:38.0) Gecko/20100101 Firefox/38.0"
170.75.162.130 - - [03/Jun/2015:08:36:01 -0700] "GET /lib/reccapi.php?resort=grandtarghee HTTP/1.1" 200 1088 "-" "node-superagent/0.18.2"
170.75.162.130 - - [03/Jun/2015:08:36:01 -0700] "GET /lib/reccapi.php?resort=jacksonhole HTTP/1.1" 200 1085 "-" "node-superagent/0.18.2"
170.75.162.130 - - [03/Jun/2015:08:45:42 -0700] "GET /lib/reccapi.php?resort=whistlerblackcomb HTTP/1.1" 200 920 "-" "node-superagent/0.18.2"
170.75.162.130 - - [03/Jun/2015:08:48:53 -0700] "GET /lib/reccapi.php?resort=sunvalley HTTP/1.1" 200 1054 "-" "node-superagent/0.18.2"
170.75.162.130 - - [03/Jun/2015:08:52:23 -0700] "GET /lib/reccapi.php?resort=redlodge HTTP/1.1" 200 1070 "-" "node-superagent/0.18.2"
208.87.233.201 - - [03/Jun/2015:08:54:16 -0700] "GET /images/wsis-logo-sm.png HTTP/1.1" 304 131 "http://www.thebackcountry.net/" "Mozilla/4.0 (compatible; MSIE 8.0; Windows NT 6.1; Trident/4.0; SLCC2; .NET CLR 2.0.50727; .NET CLR 3.5.30729; .NET CLR 3.0.30729; Media Center PC 6.0; .NET4.0C; .NET4.0E; InfoPath.3)"
172.3.76.195 - - [03/Jun/2015:09:01:18 -0700] "GET /images/wsis-logo-sm.png HTTP/1.1" 200 6108 "http://www.thebackcountry.net/" "Mozilla/5.0 (Windows NT 6.3; WOW64) AppleWebKit/537.36 (KHTML, like Gecko) Chrome/43.0.2357.81 Safari/537.36"
170.75.162.130 - - [03/Jun/2015:09:06:34 -0700] "GET /lib/reccapi.php?resort=arapahoebasin HTTP/1.1" 200 1038 "-" "node-superagent/0.18.2"
170.75.162.130 - - [03/Jun/2015:09:06:34 -0700] "GET /lib/reccapi.php?resort=keystone HTTP/1.1" 200 1023 "-" "node-superagent/0.18.2"
123.125.71.54 - - [03/Jun/2015:09:09:38 -0700] "-" 408 0 "-" "-"
220.181.108.110 - - [03/Jun/2015:09:13:38 -0700] "-" 408 0 "-" "-"
12.33.9.122 - - [03/Jun/2015:09:20:38 -0700] "GET /images/wsis-logo-sm.png HTTP/1.1" 200 6108 "http://www.thebackcountry.net/" "Mozilla/5.0 (Windows NT 6.1; WOW64; Trident/7.0; rv:11.0) like Gecko"
12.33.9.122 - - [03/Jun/2015:09:21:28 -0700] "-" 408 0 "-" "-"
189.203.219.103 - - [03/Jun/2015:09:24:41 -0700] "GET /images/wsis-logo-sm.png HTTP/1.1" 200 6108 "http://www.thebackcountry.net/" "Mozilla/5.0 (Windows NT 6.1) AppleWebKit/537.36 (KHTML, like Gecko) Chrome/43.0.2357.81 Safari/537.36"
66.249.79.14 - - [03/Jun/2015:09:25:15 -0700] "GET /lib/resortDataSearch.php?resort=49degreesnorth&dateStart=2013-10-14&dateMax=2013-10-24&size=30 HTTP/1.1" 200 331 "-" "Mozilla/5.0 (compatible; Googlebot/2.1; +http://www.google.com/bot.html)"
131.89.129.236 - - [03/Jun/2015:09:39:05 -0700] "GET /images/wsis-logo-sm.png HTTP/1.1" 200 6052 "http://thebackcountry.net/" "Mozilla/5.0 (Windows NT 6.1; WOW64) AppleWebKit/537.36 (KHTML, like Gecko) Chrome/43.0.2357.81 Safari/537.36"
123.125.71.20 - - [03/Jun/2015:09:46:06 -0700] "-" 408 0 "-" "-"
170.75.162.130 - - [03/Jun/2015:09:46:48 -0700] "GET /lib/reccapi.php?resort=taos HTTP/1.1" 200 925 "-" "node-superagent/0.18.2"
66.183.218.196 - - [03/Jun/2015:09:49:05 -0700] "GET /images/wsis-logo-sm.png HTTP/1.1" 200 6108 "http://www.thebackcountry.net/" "Mozilla/5.0 (Windows NT 6.3; WOW64) AppleWebKit/537.36 (KHTML, like Gecko) Chrome/43.0.2357.81 Safari/537.36"
220.181.108.91 - - [03/Jun/2015:09:50:21 -0700] "-" 408 0 "-" "-"
71.155.150.201 - - [03/Jun/2015:09:50:53 -0700] "GET /images/wsis-logo-sm.png HTTP/1.1" 200 6108 "http://www.thebackcountry.net/" "Mozilla/5.0 (Windows NT 6.3; WOW64) AppleWebKit/537.36 (KHTML, like Gecko) Chrome/43.0.2357.81 Safari/537.36"
170.75.162.130 - - [03/Jun/2015:09:51:08 -0700] "GET /lib/reccapi.php?resort=whitefacemountain HTTP/1.1" 200 959 "-" "node-superagent/0.18.2"
170.75.162.130 - - [03/Jun/2015:09:53:29 -0700] "GET /lib/reccapi.php?resort=aspenheights HTTP/1.1" 200 1007 "-" "node-superagent/0.18.2"
170.75.162.130 - - [03/Jun/2015:09:53:29 -0700] "GET /lib/reccapi.php?resort=aspenmountain HTTP/1.1" 200 995 "-" "node-superagent/0.18.2"
170.75.162.130 - - [03/Jun/2015:09:53:29 -0700] "GET /lib/reccapi.php?resort=buttermilk HTTP/1.1" 200 981 "-" "node-superagent/0.18.2"
170.75.162.130 - - [03/Jun/2015:09:53:29 -0700] "GET /lib/reccapi.php?resort=coppermountain HTTP/1.1" 200 1032 "-" "node-superagent/0.18.2"
170.75.162.130 - - [03/Jun/2015:09:53:29 -0700] "GET /lib/reccapi.php?resort=crestedbutte HTTP/1.1" 200 996 "-" "node-superagent/0.18.2"
170.75.162.130 - - [03/Jun/2015:09:53:29 -0700] "GET /lib/reccapi.php?resort=hoodoo HTTP/1.1" 200 1011 "-" "node-superagent/0.18.2"
170.75.162.130 - - [03/Jun/2015:09:53:29 -0700] "GET /lib/reccapi.php?resort=loveland HTTP/1.1" 200 1023 "-" "node-superagent/0.18.2"
170.75.162.130 - - [03/Jun/2015:09:53:29 -0700] "GET /lib/reccapi.php?resort=monarch HTTP/1.1" 200 968 "-" "node-superagent/0.18.2"
170.75.162.130 - - [03/Jun/2015:09:53:29 -0700] "GET /lib/reccapi.php?resort=mountbachelor HTTP/1.1" 200 1041 "-" "node-superagent/0.18.2"
170.75.162.130 - - [03/Jun/2015:09:53:30 -0700] "GET /lib/reccapi.php?resort=mounthoodmeadows HTTP/1.1" 200 1063 "-" "node-superagent/0.18.2"
170.75.162.130 - - [03/Jun/2015:09:53:30 -0700] "GET /lib/reccapi.php?resort=snowmass HTTP/1.1" 200 969 "-" "node-superagent/0.18.2"
170.75.162.130 - - [03/Jun/2015:09:53:30 -0700] "GET /lib/reccapi.php?resort=steamboat HTTP/1.1" 200 990 "-" "node-superagent/0.18.2"
170.75.162.130 - - [03/Jun/2015:09:54:29 -0700] "GET /lib/reccapi.php?resort=winterpark HTTP/1.1" 200 1059 "-" "node-superagent/0.18.2"
170.75.162.130 - - [03/Jun/2015:09:54:29 -0700] "GET /lib/reccapi.php?resort=telluride HTTP/1.1" 200 971 "-" "node-superagent/0.18.2"
123.125.71.25 - - [03/Jun/2015:09:56:17 -0700] "GET /robots.txt HTTP/1.1" 200 382 "-" "Mozilla/5.0 (Windows NT 5.1; rv:6.0.2) Gecko/20100101 Firefox/6.0.2"
170.75.162.130 - - [03/Jun/2015:09:57:19 -0700] "GET /lib/reccapi.php?resort=49degreesnorth HTTP/1.1" 200 1091 "-" "node-superagent/0.18.2"
170.75.162.130 - - [03/Jun/2015:09:57:19 -0700] "GET /lib/reccapi.php?resort=crystalmountain HTTP/1.1" 200 1027 "-" "node-superagent/0.18.2"
170.75.162.130 - - [03/Jun/2015:09:57:19 -0700] "GET /lib/reccapi.php?resort=mountspokane HTTP/1.1" 200 1108 "-" "node-superagent/0.18.2"
170.75.162.130 - - [03/Jun/2015:09:57:19 -0700] "GET /lib/reccapi.php?resort=stevenspass HTTP/1.1" 200 1047 "-" "node-superagent/0.18.2"
220.181.108.173 - - [03/Jun/2015:09:59:19 -0700] "GET / HTTP/1.1" 200 2339 "-" "Mozilla/5.0 (compatible; Baiduspider/2.0; +http://www.baidu.com/search/spider.html)"
149.142.62.112 - - [03/Jun/2015:10:06:52 -0700] "GET /images/wsis-logo-sm.png HTTP/1.1" 200 6108 "http://www.thebackcountry.net/" "Mozilla/5.0 (Windows NT 6.1; WOW64) AppleWebKit/537.36 (KHTML, like Gecko) Chrome/43.0.2357.81 Safari/537.36"
170.75.162.130 - - [03/Jun/2015:10:14:11 -0700] "GET /lib/reccapi.php?resort=schweitzer HTTP/1.1" 200 1068 "-" "node-superagent/0.18.2"
170.75.162.130 - - [03/Jun/2015:10:14:31 -0700] "GET /lib/reccapi.php?resort=angelfire HTTP/1.1" 200 965 "-" "node-superagent/0.18.2"
170.75.162.130 - - [03/Jun/2015:10:14:31 -0700] "GET /lib/reccapi.php?resort=alyeska HTTP/1.1" 200 953 "-" "node-superagent/0.18.2"
170.75.162.130 - - [03/Jun/2015:10:14:31 -0700] "GET /lib/reccapi.php?resort=alpinemeadows HTTP/1.1" 200 985 "-" "node-superagent/0.18.2"
170.75.162.130 - - [03/Jun/2015:10:15:21 -0700] "GET /lib/reccapi.php?resort=devilshead HTTP/1.1" 200 942 "-" "node-superagent/0.18.2"
107.77.75.76 - - [03/Jun/2015:10:28:09 -0700] "GET /images/wsis-logo-sm.png HTTP/1.1" 200 6108 "http://thebackcountry.net/" "Mozilla/5.0 (iPhone; CPU iPhone OS 8_3 like Mac OS X) AppleWebKit/600.1.4 (KHTML, like Gecko) Version/8.0 Mobile/12F70 Safari/600.1.4"
174.240.33.2 - - [03/Jun/2015:10:38:39 -0700] "GET /images/wsis-logo-sm.png HTTP/1.1" 200 6108 "http://www.thebackcountry.net/" "Mozilla/5.0 (iPad; CPU OS 8_1_2 like Mac OS X) AppleWebKit/600.1.4 (KHTML, like Gecko) Version/8.0 Mobile/12B440 Safari/600.1.4"
46.249.43.105 - - [03/Jun/2015:10:42:55 -0700] "GET / HTTP/1.0" 200 6114 "-" "-"
46.249.43.105 - - [03/Jun/2015:10:42:56 -0700] "GET /wp-login.php HTTP/1.0" 404 495 "-" "-"
46.249.43.105 - - [03/Jun/2015:10:42:56 -0700] "GET /administrator/index.php HTTP/1.0" 404 495 "-" "-"
46.249.43.105 - - [03/Jun/2015:10:42:57 -0700] "GET /user HTTP/1.0" 404 495 "-" "-"
46.249.43.105 - - [03/Jun/2015:10:42:57 -0700] "GET /admin.php HTTP/1.0" 404 495 "-" "-"
46.249.43.105 - - [03/Jun/2015:10:42:57 -0700] "GET /about HTTP/1.0" 404 495 "-" "-"
75.111.105.223 - - [03/Jun/2015:10:47:34 -0700] "GET /images/wsis-logo-sm.png HTTP/1.1" 200 6108 "http://thebackcountry.net/" "Mozilla/5.0 (Windows NT 6.1; WOW64) AppleWebKit/537.36 (KHTML, like Gecko) Chrome/43.0.2357.81 Safari/537.36"
75.111.105.223 - - [03/Jun/2015:10:51:00 -0700] "GET / HTTP/1.1" 200 2376 "http://thebackcountry.net/" "Mozilla/5.0 (Windows NT 6.1; WOW64) AppleWebKit/537.36 (KHTML, like Gecko) Chrome/43.0.2357.81 Safari/537.36"
