127.0.0.1 - - [26/Apr/2015:06:26:52 -0700] "OPTIONS * HTTP/1.0" 200 126 "-" "Apache/2.2.22 (Ubuntu) (internal dummy connection)"
127.0.0.1 - - [26/Apr/2015:06:26:52 -0700] "OPTIONS * HTTP/1.0" 200 126 "-" "Apache/2.2.22 (Ubuntu) (internal dummy connection)"
127.0.0.1 - - [26/Apr/2015:06:26:52 -0700] "OPTIONS * HTTP/1.0" 200 126 "-" "Apache/2.2.22 (Ubuntu) (internal dummy connection)"
170.75.162.130 - - [26/Apr/2015:06:27:46 -0700] "GET /lib/reccapi.php?resort=alta HTTP/1.1" 200 1038 "-" "node-superagent/0.18.2"
170.75.162.130 - - [26/Apr/2015:06:27:46 -0700] "GET /lib/reccapi.php?resort=killington HTTP/1.1" 200 996 "-" "node-superagent/0.18.2"
162.242.212.121 - - [26/Apr/2015:06:31:42 -0700] "GET //myadmin/scripts/setup.php HTTP/1.1" 404 466 "-" "-"
162.242.212.121 - - [26/Apr/2015:06:31:45 -0700] "GET //pma/scripts/setup.php HTTP/1.1" 404 466 "-" "-"
162.242.212.121 - - [26/Apr/2015:06:31:46 -0700] "GET //mysql/scripts/setup.php HTTP/1.1" 404 466 "-" "-"
162.242.212.121 - - [26/Apr/2015:06:31:50 -0700] "GET //websql/scripts/setup.php HTTP/1.1" 404 466 "-" "-"
162.242.212.121 - - [26/Apr/2015:06:32:03 -0700] "GET //pMA/scripts/setup.php HTTP/1.1" 404 466 "-" "-"
162.242.212.121 - - [26/Apr/2015:06:32:16 -0700] "GET //pHpMyAdMiN/scripts/setup.php HTTP/1.1" 404 466 "-" "-"
162.242.212.121 - - [26/Apr/2015:06:32:16 -0700] "GET //sql/scripts/setup.php HTTP/1.1" 404 466 "-" "-"
123.125.71.74 - - [26/Apr/2015:06:41:13 -0700] "-" 408 0 "-" "-"
220.181.108.151 - - [26/Apr/2015:06:45:17 -0700] "-" 408 0 "-" "-"
178.239.176.25 - - [26/Apr/2015:07:12:42 -0700] "GET / HTTP/1.0" 200 6114 "-" "-"
178.239.176.25 - - [26/Apr/2015:07:12:42 -0700] "GET /wp-login.php HTTP/1.0" 404 495 "-" "-"
178.239.176.25 - - [26/Apr/2015:07:12:42 -0700] "GET /administrator/index.php HTTP/1.0" 404 495 "-" "-"
178.239.176.25 - - [26/Apr/2015:07:12:43 -0700] "GET /user HTTP/1.0" 404 495 "-" "-"
178.239.176.25 - - [26/Apr/2015:07:12:43 -0700] "GET /admin.php HTTP/1.0" 404 495 "-" "-"
178.239.176.25 - - [26/Apr/2015:07:12:44 -0700] "GET /about HTTP/1.0" 404 495 "-" "-"
24.143.77.191 - - [26/Apr/2015:07:33:43 -0700] "GET /im/api.php?bib=1&r=0.8861551433801651&raceId=2147483655&raceName=lonestar70.3&startTime=07:00:00 HTTP/1.1" 200 746 "http://ericfahsl.com/im/" "Mozilla/5.0 (iPad; CPU OS 8_1_2 like Mac OS X) AppleWebKit/600.1.4 (KHTML, like Gecko) CriOS/42.0.2311.47 Mobile/12B440 Safari/600.1.4"
24.143.77.191 - - [26/Apr/2015:07:33:43 -0700] "GET /im/api.php?bib=301&r=0.6218314841389656&raceId=2147483655&raceName=lonestar70.3&startTime=08:00:00 HTTP/1.1" 200 750 "http://ericfahsl.com/im/" "Mozilla/5.0 (iPad; CPU OS 8_1_2 like Mac OS X) AppleWebKit/600.1.4 (KHTML, like Gecko) CriOS/42.0.2311.47 Mobile/12B440 Safari/600.1.4"
24.143.77.191 - - [26/Apr/2015:07:33:43 -0700] "GET /im/api.php?bib=2&r=0.3514347218442708&raceId=2147483655&raceName=lonestar70.3&startTime=07:00:00 HTTP/1.1" 200 848 "http://ericfahsl.com/im/" "Mozilla/5.0 (iPad; CPU OS 8_1_2 like Mac OS X) AppleWebKit/600.1.4 (KHTML, like Gecko) CriOS/42.0.2311.47 Mobile/12B440 Safari/600.1.4"
24.143.77.191 - - [26/Apr/2015:07:33:43 -0700] "GET /im/api.php?bib=3&r=0.26531550800427794&raceId=2147483655&raceName=lonestar70.3&startTime=07:00:00 HTTP/1.1" 200 852 "http://ericfahsl.com/im/" "Mozilla/5.0 (iPad; CPU OS 8_1_2 like Mac OS X) AppleWebKit/600.1.4 (KHTML, like Gecko) CriOS/42.0.2311.47 Mobile/12B440 Safari/600.1.4"
24.143.77.191 - - [26/Apr/2015:07:33:43 -0700] "GET /im/api.php?bib=1896&r=0.8746803712565452&raceId=2147483655&raceName=lonestar70.3&startTime=07:52:00 HTTP/1.1" 500 328 "http://ericfahsl.com/im/" "Mozilla/5.0 (iPad; CPU OS 8_1_2 like Mac OS X) AppleWebKit/600.1.4 (KHTML, like Gecko) CriOS/42.0.2311.47 Mobile/12B440 Safari/600.1.4"
24.143.77.191 - - [26/Apr/2015:07:33:43 -0700] "GET /im/api.php?bib=1914&r=0.45403073844499886&raceId=2147483655&raceName=lonestar70.3&startTime=07:52:00 HTTP/1.1" 500 328 "http://ericfahsl.com/im/" "Mozilla/5.0 (iPad; CPU OS 8_1_2 like Mac OS X) AppleWebKit/600.1.4 (KHTML, like Gecko) CriOS/42.0.2311.47 Mobile/12B440 Safari/600.1.4"
24.143.77.191 - - [26/Apr/2015:07:33:44 -0700] "GET /im/api.php?bib=2486&r=0.36525500915013254&raceId=2147483655&raceName=lonestar70.3&startTime=08:08:00 HTTP/1.1" 200 750 "http://ericfahsl.com/im/" "Mozilla/5.0 (iPad; CPU OS 8_1_2 like Mac OS X) AppleWebKit/600.1.4 (KHTML, like Gecko) CriOS/42.0.2311.47 Mobile/12B440 Safari/600.1.4"
24.143.77.191 - - [26/Apr/2015:07:33:44 -0700] "GET /im/api.php?bib=2501&r=0.7864968276116997&raceId=2147483655&raceName=lonestar70.3&startTime=08:08:00 HTTP/1.1" 200 750 "http://ericfahsl.com/im/" "Mozilla/5.0 (iPad; CPU OS 8_1_2 like Mac OS X) AppleWebKit/600.1.4 (KHTML, like Gecko) CriOS/42.0.2311.47 Mobile/12B440 Safari/600.1.4"
24.143.77.191 - - [26/Apr/2015:07:33:44 -0700] "GET /im/api.php?bib=2480&r=0.21371912071481347&raceId=2147483655&raceName=lonestar70.3&startTime=08:08:00 HTTP/1.1" 200 747 "http://ericfahsl.com/im/" "Mozilla/5.0 (iPad; CPU OS 8_1_2 like Mac OS X) AppleWebKit/600.1.4 (KHTML, like Gecko) CriOS/42.0.2311.47 Mobile/12B440 Safari/600.1.4"
170.75.162.130 - - [26/Apr/2015:07:33:52 -0700] "GET /lib/reccapi.php?resort=arapahoebasin HTTP/1.1" 200 1088 "-" "node-superagent/0.18.2"
170.75.162.130 - - [26/Apr/2015:07:33:52 -0700] "GET /lib/reccapi.php?resort=canyons HTTP/1.1" 200 1126 "-" "node-superagent/0.18.2"
170.75.162.130 - - [26/Apr/2015:07:33:52 -0700] "GET /lib/reccapi.php?resort=kirkwood HTTP/1.1" 200 1008 "-" "node-superagent/0.18.2"
170.75.162.130 - - [26/Apr/2015:07:33:52 -0700] "GET /lib/reccapi.php?resort=heavenly HTTP/1.1" 200 997 "-" "node-superagent/0.18.2"
170.75.162.130 - - [26/Apr/2015:07:33:52 -0700] "GET /lib/reccapi.php?resort=northstar-at-tahoe HTTP/1.1" 200 983 "-" "node-superagent/0.18.2"
24.143.77.191 - - [26/Apr/2015:07:34:16 -0700] "GET /im/api.php?bib=1&r=0.07681478001177311&raceId=2147483655&raceName=lonestar70.3&startTime=07:00:00 HTTP/1.1" 200 745 "http://ericfahsl.com/im/" "Mozilla/5.0 (iPad; CPU OS 8_1_2 like Mac OS X) AppleWebKit/600.1.4 (KHTML, like Gecko) CriOS/42.0.2311.47 Mobile/12B440 Safari/600.1.4"
24.143.77.191 - - [26/Apr/2015:07:34:16 -0700] "GET /im/api.php?bib=2&r=0.430947222514078&raceId=2147483655&raceName=lonestar70.3&startTime=07:00:00 HTTP/1.1" 200 858 "http://ericfahsl.com/im/" "Mozilla/5.0 (iPad; CPU OS 8_1_2 like Mac OS X) AppleWebKit/600.1.4 (KHTML, like Gecko) CriOS/42.0.2311.47 Mobile/12B440 Safari/600.1.4"
24.143.77.191 - - [26/Apr/2015:07:34:16 -0700] "GET /im/api.php?bib=3&r=0.28565167961642146&raceId=2147483655&raceName=lonestar70.3&startTime=07:00:00 HTTP/1.1" 200 861 "http://ericfahsl.com/im/" "Mozilla/5.0 (iPad; CPU OS 8_1_2 like Mac OS X) AppleWebKit/600.1.4 (KHTML, like Gecko) CriOS/42.0.2311.47 Mobile/12B440 Safari/600.1.4"
24.143.77.191 - - [26/Apr/2015:07:34:16 -0700] "GET /im/api.php?bib=2480&r=0.28838776028715074&raceId=2147483655&raceName=lonestar70.3&startTime=08:08:00 HTTP/1.1" 200 747 "http://ericfahsl.com/im/" "Mozilla/5.0 (iPad; CPU OS 8_1_2 like Mac OS X) AppleWebKit/600.1.4 (KHTML, like Gecko) CriOS/42.0.2311.47 Mobile/12B440 Safari/600.1.4"
24.143.77.191 - - [26/Apr/2015:07:34:17 -0700] "GET /im/api.php?bib=2486&r=0.5653742416761816&raceId=2147483655&raceName=lonestar70.3&startTime=08:08:00 HTTP/1.1" 200 751 "http://ericfahsl.com/im/" "Mozilla/5.0 (iPad; CPU OS 8_1_2 like Mac OS X) AppleWebKit/600.1.4 (KHTML, like Gecko) CriOS/42.0.2311.47 Mobile/12B440 Safari/600.1.4"
24.143.77.191 - - [26/Apr/2015:07:34:16 -0700] "GET /im/api.php?bib=301&r=0.48260180139914155&raceId=2147483655&raceName=lonestar70.3&startTime=08:00:00 HTTP/1.1" 200 750 "http://ericfahsl.com/im/" "Mozilla/5.0 (iPad; CPU OS 8_1_2 like Mac OS X) AppleWebKit/600.1.4 (KHTML, like Gecko) CriOS/42.0.2311.47 Mobile/12B440 Safari/600.1.4"
24.143.77.191 - - [26/Apr/2015:07:34:17 -0700] "GET /im/api.php?bib=2501&r=0.7167970214504749&raceId=2147483655&raceName=lonestar70.3&startTime=08:08:00 HTTP/1.1" 200 751 "http://ericfahsl.com/im/" "Mozilla/5.0 (iPad; CPU OS 8_1_2 like Mac OS X) AppleWebKit/600.1.4 (KHTML, like Gecko) CriOS/42.0.2311.47 Mobile/12B440 Safari/600.1.4"
127.0.0.1 - - [26/Apr/2015:07:34:25 -0700] "OPTIONS * HTTP/1.0" 200 126 "-" "Apache/2.2.22 (Ubuntu) (internal dummy connection)"
24.143.77.191 - - [26/Apr/2015:07:36:44 -0700] "GET /im/api.php?bib=2&r=0.07689164159819484&raceId=2147483655&raceName=lonestar70.3&startTime=07:00:00 HTTP/1.1" 200 862 "http://ericfahsl.com/im/" "Mozilla/5.0 (iPad; CPU OS 8_1_2 like Mac OS X) AppleWebKit/600.1.4 (KHTML, like Gecko) CriOS/42.0.2311.47 Mobile/12B440 Safari/600.1.4"
24.143.77.191 - - [26/Apr/2015:07:37:07 -0700] "GET /im/api.php?bib=3&r=0.31479951995424926&raceId=2147483655&raceName=lonestar70.3&startTime=07:00:00 HTTP/1.1" 200 864 "http://ericfahsl.com/im/" "Mozilla/5.0 (iPad; CPU OS 8_1_2 like Mac OS X) AppleWebKit/600.1.4 (KHTML, like Gecko) CriOS/42.0.2311.47 Mobile/12B440 Safari/600.1.4"
123.125.71.52 - - [26/Apr/2015:07:41:33 -0700] "GET / HTTP/1.1" 200 2339 "-" "Mozilla/5.0 (Windows NT 5.1; rv:6.0.2) Gecko/20100101 Firefox/6.0.2"
24.143.77.191 - - [26/Apr/2015:07:42:15 -0700] "GET /im/api.php?bib=3&r=0.16031861235387623&raceId=2147483655&raceName=lonestar70.3&startTime=07:00:00 HTTP/1.1" 200 1129 "http://ericfahsl.com/im/" "Mozilla/5.0 (iPad; CPU OS 8_1_2 like Mac OS X) AppleWebKit/600.1.4 (KHTML, like Gecko) CriOS/42.0.2311.47 Mobile/12B440 Safari/600.1.4"
123.125.71.34 - - [26/Apr/2015:07:42:16 -0700] "GET / HTTP/1.1" 200 6114 "-" "Mozilla/5.0 (Windows NT 5.1; rv:6.0.2) Gecko/20100101 Firefox/6.0.2"
24.143.77.191 - - [26/Apr/2015:07:42:26 -0700] "GET /im/api.php?bib=2&r=0.2598743694834411&raceId=2147483655&raceName=lonestar70.3&startTime=07:00:00 HTTP/1.1" 200 1120 "http://ericfahsl.com/im/" "Mozilla/5.0 (iPad; CPU OS 8_1_2 like Mac OS X) AppleWebKit/600.1.4 (KHTML, like Gecko) CriOS/42.0.2311.47 Mobile/12B440 Safari/600.1.4"
24.143.77.191 - - [26/Apr/2015:07:43:01 -0700] "GET /im/api.php?bib=1&r=0.00584950135089457&raceId=2147483655&raceName=lonestar70.3&startTime=07:00:00 HTTP/1.1" 200 1104 "http://ericfahsl.com/im/" "Mozilla/5.0 (iPad; CPU OS 8_1_2 like Mac OS X) AppleWebKit/600.1.4 (KHTML, like Gecko) CriOS/42.0.2311.47 Mobile/12B440 Safari/600.1.4"
170.75.162.130 - - [26/Apr/2015:07:43:23 -0700] "GET /lib/reccapi.php?resort=snowmass HTTP/1.1" 200 1063 "-" "node-superagent/0.18.2"
220.181.108.107 - - [26/Apr/2015:07:45:17 -0700] "-" 408 0 "-" "-"
24.143.77.191 - - [26/Apr/2015:07:45:28 -0700] "GET /im/api.php?bib=2&r=0.2379371919669211&raceId=2147483655&raceName=lonestar70.3&startTime=07:00:00 HTTP/1.1" 200 1123 "http://ericfahsl.com/im/" "Mozilla/5.0 (iPad; CPU OS 8_1_2 like Mac OS X) AppleWebKit/600.1.4 (KHTML, like Gecko) CriOS/42.0.2311.47 Mobile/12B440 Safari/600.1.4"
24.143.77.191 - - [26/Apr/2015:07:45:43 -0700] "GET /im/api.php?bib=1&r=0.5747701372019947&raceId=2147483655&raceName=lonestar70.3&startTime=07:00:00 HTTP/1.1" 200 1104 "http://ericfahsl.com/im/" "Mozilla/5.0 (iPad; CPU OS 8_1_2 like Mac OS X) AppleWebKit/600.1.4 (KHTML, like Gecko) CriOS/42.0.2311.47 Mobile/12B440 Safari/600.1.4"
24.143.77.191 - - [26/Apr/2015:07:46:13 -0700] "GET /im/api.php?bib=1&r=0.833444339921698&raceId=2147483655&raceName=lonestar70.3&startTime=07:00:00 HTTP/1.1" 200 1104 "http://ericfahsl.com/im/" "Mozilla/5.0 (iPad; CPU OS 8_1_2 like Mac OS X) AppleWebKit/600.1.4 (KHTML, like Gecko) CriOS/42.0.2311.47 Mobile/12B440 Safari/600.1.4"
24.143.77.191 - - [26/Apr/2015:07:46:26 -0700] "GET /im/api.php?bib=2&r=0.13944206526502967&raceId=2147483655&raceName=lonestar70.3&startTime=07:00:00 HTTP/1.1" 200 1122 "http://ericfahsl.com/im/" "Mozilla/5.0 (iPad; CPU OS 8_1_2 like Mac OS X) AppleWebKit/600.1.4 (KHTML, like Gecko) CriOS/42.0.2311.47 Mobile/12B440 Safari/600.1.4"
24.143.77.191 - - [26/Apr/2015:07:46:55 -0700] "GET /im/api.php?bib=2&r=0.14580164151266217&raceId=2147483655&raceName=lonestar70.3&startTime=07:00:00 HTTP/1.1" 200 1121 "http://ericfahsl.com/im/" "Mozilla/5.0 (iPad; CPU OS 8_1_2 like Mac OS X) AppleWebKit/600.1.4 (KHTML, like Gecko) CriOS/42.0.2311.47 Mobile/12B440 Safari/600.1.4"
24.143.77.191 - - [26/Apr/2015:07:47:05 -0700] "GET /im/api.php?bib=2&r=0.07279234495945275&raceId=2147483655&raceName=lonestar70.3&startTime=07:00:00 HTTP/1.1" 200 1122 "http://ericfahsl.com/im/" "Mozilla/5.0 (iPad; CPU OS 8_1_2 like Mac OS X) AppleWebKit/600.1.4 (KHTML, like Gecko) CriOS/42.0.2311.47 Mobile/12B440 Safari/600.1.4"
24.143.77.191 - - [26/Apr/2015:07:47:21 -0700] "GET /im/api.php?bib=2&r=0.4083246646914631&raceId=2147483655&raceName=lonestar70.3&startTime=07:00:00 HTTP/1.1" 200 1121 "http://ericfahsl.com/im/" "Mozilla/5.0 (iPad; CPU OS 8_1_2 like Mac OS X) AppleWebKit/600.1.4 (KHTML, like Gecko) CriOS/42.0.2311.47 Mobile/12B440 Safari/600.1.4"
24.143.77.191 - - [26/Apr/2015:07:47:49 -0700] "GET /im/api.php?bib=2&r=0.26276040612719953&raceId=2147483655&raceName=lonestar70.3&startTime=07:00:00 HTTP/1.1" 200 1122 "http://ericfahsl.com/im/" "Mozilla/5.0 (iPad; CPU OS 8_1_2 like Mac OS X) AppleWebKit/600.1.4 (KHTML, like Gecko) CriOS/42.0.2311.47 Mobile/12B440 Safari/600.1.4"
24.143.77.191 - - [26/Apr/2015:07:47:53 -0700] "GET /im/api.php?bib=3&r=0.8262693237047642&raceId=2147483655&raceName=lonestar70.3&startTime=07:00:00 HTTP/1.1" 200 1128 "http://ericfahsl.com/im/" "Mozilla/5.0 (iPad; CPU OS 8_1_2 like Mac OS X) AppleWebKit/600.1.4 (KHTML, like Gecko) CriOS/42.0.2311.47 Mobile/12B440 Safari/600.1.4"
24.143.77.191 - - [26/Apr/2015:07:48:00 -0700] "GET /im/api.php?bib=1&r=0.7729696091264486&raceId=2147483655&raceName=lonestar70.3&startTime=07:00:00 HTTP/1.1" 200 1176 "http://ericfahsl.com/im/" "Mozilla/5.0 (iPad; CPU OS 8_1_2 like Mac OS X) AppleWebKit/600.1.4 (KHTML, like Gecko) CriOS/42.0.2311.47 Mobile/12B440 Safari/600.1.4"
108.59.84.80 - - [26/Apr/2015:07:48:07 -0700] "GET / HTTP/1.0" 200 6151 "-" "NerdyBot"
24.143.77.191 - - [26/Apr/2015:07:48:23 -0700] "GET /im/api.php?bib=2&r=0.4958438004832715&raceId=2147483655&raceName=lonestar70.3&startTime=07:00:00 HTTP/1.1" 200 1121 "http://ericfahsl.com/im/" "Mozilla/5.0 (iPad; CPU OS 8_1_2 like Mac OS X) AppleWebKit/600.1.4 (KHTML, like Gecko) CriOS/42.0.2311.47 Mobile/12B440 Safari/600.1.4"
24.143.77.191 - - [26/Apr/2015:07:48:42 -0700] "GET /im/api.php?bib=3&r=0.2746881330385804&raceId=2147483655&raceName=lonestar70.3&startTime=07:00:00 HTTP/1.1" 200 1129 "http://ericfahsl.com/im/" "Mozilla/5.0 (iPad; CPU OS 8_1_2 like Mac OS X) AppleWebKit/600.1.4 (KHTML, like Gecko) CriOS/42.0.2311.47 Mobile/12B440 Safari/600.1.4"
24.143.77.191 - - [26/Apr/2015:07:48:48 -0700] "GET /im/api.php?bib=2&r=0.8915512361563742&raceId=2147483655&raceName=lonestar70.3&startTime=07:00:00 HTTP/1.1" 200 1145 "http://ericfahsl.com/im/" "Mozilla/5.0 (iPad; CPU OS 8_1_2 like Mac OS X) AppleWebKit/600.1.4 (KHTML, like Gecko) CriOS/42.0.2311.47 Mobile/12B440 Safari/600.1.4"
170.75.162.130 - - [26/Apr/2015:07:49:43 -0700] "GET /lib/reccapi.php?resort=bigsky HTTP/1.1" 200 1028 "-" "node-superagent/0.18.2"
24.208.244.187 - - [26/Apr/2015:07:56:01 -0700] "GET /images/wsis-logo-sm.png HTTP/1.1" 200 6108 "http://www.thebackcountry.net/" "Mozilla/5.0 (Windows NT 6.3; WOW64) AppleWebKit/537.36 (KHTML, like Gecko) Chrome/42.0.2311.90 Safari/537.36"
70.192.137.130 - - [26/Apr/2015:08:01:19 -0700] "GET /images/wsis-logo-sm.png HTTP/1.1" 200 6108 "http://www.thebackcountry.net/" "Mozilla/5.0 (iPhone; CPU iPhone OS 8_0_2 like Mac OS X) AppleWebKit/600.1.4 (KHTML, like Gecko) Version/8.0 Mobile/12A405 Safari/600.1.4"
180.76.4.109 - - [26/Apr/2015:08:04:27 -0700] "GET / HTTP/1.1" 200 6114 "-" "Mozilla/4.0 (compatible; MSIE 7.0; Windows NT 6.0)"
24.143.77.191 - - [26/Apr/2015:08:05:30 -0700] "GET /im/api.php?bib=1&r=0.950766934780404&raceId=2147483655&raceName=lonestar70.3&startTime=07:00:00 HTTP/1.1" 200 1176 "http://ericfahsl.com/im/" "Mozilla/5.0 (iPhone; CPU iPhone OS 8_1_2 like Mac OS X) AppleWebKit/600.1.4 (KHTML, like Gecko) Version/8.0 Mobile/12B440 Safari/600.1.4"
24.143.77.191 - - [26/Apr/2015:08:05:30 -0700] "GET /im/api.php?bib=2480&r=0.11134566203691065&raceId=2147483655&raceName=lonestar70.3&startTime=08:08:00 HTTP/1.1" 200 747 "http://ericfahsl.com/im/" "Mozilla/5.0 (iPhone; CPU iPhone OS 8_1_2 like Mac OS X) AppleWebKit/600.1.4 (KHTML, like Gecko) Version/8.0 Mobile/12B440 Safari/600.1.4"
24.143.77.191 - - [26/Apr/2015:08:05:30 -0700] "GET /im/api.php?bib=2&r=0.518292672932148&raceId=2147483655&raceName=lonestar70.3&startTime=07:00:00 HTTP/1.1" 200 1199 "http://ericfahsl.com/im/" "Mozilla/5.0 (iPhone; CPU iPhone OS 8_1_2 like Mac OS X) AppleWebKit/600.1.4 (KHTML, like Gecko) Version/8.0 Mobile/12B440 Safari/600.1.4"
24.143.77.191 - - [26/Apr/2015:08:05:30 -0700] "GET /im/api.php?bib=301&r=0.20284018805250525&raceId=2147483655&raceName=lonestar70.3&startTime=08:00:00 HTTP/1.1" 200 750 "http://ericfahsl.com/im/" "Mozilla/5.0 (iPhone; CPU iPhone OS 8_1_2 like Mac OS X) AppleWebKit/600.1.4 (KHTML, like Gecko) Version/8.0 Mobile/12B440 Safari/600.1.4"
24.143.77.191 - - [26/Apr/2015:08:05:30 -0700] "GET /im/api.php?bib=3&r=0.4033542594406754&raceId=2147483655&raceName=lonestar70.3&startTime=07:00:00 HTTP/1.1" 200 1182 "http://ericfahsl.com/im/" "Mozilla/5.0 (iPhone; CPU iPhone OS 8_1_2 like Mac OS X) AppleWebKit/600.1.4 (KHTML, like Gecko) Version/8.0 Mobile/12B440 Safari/600.1.4"
24.143.77.191 - - [26/Apr/2015:08:05:30 -0700] "GET /im/api.php?bib=1896&r=0.5154948213603348&raceId=2147483655&raceName=lonestar70.3&startTime=07:52:00 HTTP/1.1" 500 328 "http://ericfahsl.com/im/" "Mozilla/5.0 (iPhone; CPU iPhone OS 8_1_2 like Mac OS X) AppleWebKit/600.1.4 (KHTML, like Gecko) Version/8.0 Mobile/12B440 Safari/600.1.4"
24.143.77.191 - - [26/Apr/2015:08:05:31 -0700] "GET /im/api.php?bib=1914&r=0.16504287533462048&raceId=2147483655&raceName=lonestar70.3&startTime=07:52:00 HTTP/1.1" 500 328 "http://ericfahsl.com/im/" "Mozilla/5.0 (iPhone; CPU iPhone OS 8_1_2 like Mac OS X) AppleWebKit/600.1.4 (KHTML, like Gecko) Version/8.0 Mobile/12B440 Safari/600.1.4"
24.143.77.191 - - [26/Apr/2015:08:05:32 -0700] "GET /im/api.php?bib=2501&r=0.339851388707757&raceId=2147483655&raceName=lonestar70.3&startTime=08:08:00 HTTP/1.1" 200 751 "http://ericfahsl.com/im/" "Mozilla/5.0 (iPhone; CPU iPhone OS 8_1_2 like Mac OS X) AppleWebKit/600.1.4 (KHTML, like Gecko) Version/8.0 Mobile/12B440 Safari/600.1.4"
24.143.77.191 - - [26/Apr/2015:08:05:32 -0700] "GET /im/api.php?bib=2486&r=0.12211982603184879&raceId=2147483655&raceName=lonestar70.3&startTime=08:08:00 HTTP/1.1" 200 750 "http://ericfahsl.com/im/" "Mozilla/5.0 (iPhone; CPU iPhone OS 8_1_2 like Mac OS X) AppleWebKit/600.1.4 (KHTML, like Gecko) Version/8.0 Mobile/12B440 Safari/600.1.4"
127.0.0.1 - - [26/Apr/2015:08:05:39 -0700] "OPTIONS * HTTP/1.0" 200 126 "-" "Apache/2.2.22 (Ubuntu) (internal dummy connection)"
24.143.77.191 - - [26/Apr/2015:08:05:44 -0700] "GET /im/api.php?bib=3&r=0.9353976279962808&raceId=2147483655&raceName=lonestar70.3&startTime=07:00:00 HTTP/1.1" 200 1182 "http://ericfahsl.com/im/" "Mozilla/5.0 (iPhone; CPU iPhone OS 8_1_2 like Mac OS X) AppleWebKit/600.1.4 (KHTML, like Gecko) Version/8.0 Mobile/12B440 Safari/600.1.4"
24.143.77.191 - - [26/Apr/2015:08:06:37 -0700] "GET /im/api.php?bib=2&r=0.5891423560678959&raceId=2147483655&raceName=lonestar70.3&startTime=07:00:00 HTTP/1.1" 200 1199 "http://ericfahsl.com/im/" "Mozilla/5.0 (iPhone; CPU iPhone OS 8_1_2 like Mac OS X) AppleWebKit/600.1.4 (KHTML, like Gecko) Version/8.0 Mobile/12B440 Safari/600.1.4"
75.111.97.182 - - [26/Apr/2015:08:18:51 -0700] "GET /images/wsis-logo-sm.png HTTP/1.1" 200 6108 "http://www.thebackcountry.net/" "Mozilla/5.0 (iPad; CPU OS 8_3 like Mac OS X) AppleWebKit/600.1.4 (KHTML, like Gecko) CriOS/42.0.2311.47 Mobile/12F69 Safari/600.1.4"
50.170.133.228 - - [26/Apr/2015:08:20:54 -0700] "GET /images/wsis-logo-sm.png HTTP/1.1" 200 6108 "http://www.thebackcountry.net/" "Mozilla/5.0 (Windows NT 6.1; WOW64) AppleWebKit/537.36 (KHTML, like Gecko) Chrome/42.0.2311.90 Safari/537.36"
24.143.77.191 - - [26/Apr/2015:08:32:01 -0700] "GET /im/api.php?bib=1&r=0.5234378126915544&raceId=2147483655&raceName=lonestar70.3&startTime=07:00:00 HTTP/1.1" 200 1176 "http://ericfahsl.com/im/" "Mozilla/5.0 (iPad; CPU OS 8_1_2 like Mac OS X) AppleWebKit/600.1.4 (KHTML, like Gecko) CriOS/42.0.2311.47 Mobile/12B440 Safari/600.1.4"
24.143.77.191 - - [26/Apr/2015:08:32:04 -0700] "GET /im/api.php?bib=2&r=0.36554981814697385&raceId=2147483655&raceName=lonestar70.3&startTime=07:00:00 HTTP/1.1" 200 1256 "http://ericfahsl.com/im/" "Mozilla/5.0 (iPad; CPU OS 8_1_2 like Mac OS X) AppleWebKit/600.1.4 (KHTML, like Gecko) CriOS/42.0.2311.47 Mobile/12B440 Safari/600.1.4"
24.143.77.191 - - [26/Apr/2015:08:32:14 -0700] "GET /im/api.php?bib=3&r=0.38348675332963467&raceId=2147483655&raceName=lonestar70.3&startTime=07:00:00 HTTP/1.1" 200 1256 "http://ericfahsl.com/im/" "Mozilla/5.0 (iPad; CPU OS 8_1_2 like Mac OS X) AppleWebKit/600.1.4 (KHTML, like Gecko) CriOS/42.0.2311.47 Mobile/12B440 Safari/600.1.4"
24.143.77.191 - - [26/Apr/2015:08:35:26 -0700] "GET /im/api.php?bib=301&r=0.28195791132748127&raceId=2147483655&raceName=lonestar70.3&startTime=08:00:00 HTTP/1.1" 200 750 "http://ericfahsl.com/im/" "Mozilla/5.0 (iPad; CPU OS 8_1_2 like Mac OS X) AppleWebKit/600.1.4 (KHTML, like Gecko) CriOS/42.0.2311.47 Mobile/12B440 Safari/600.1.4"
24.143.77.191 - - [26/Apr/2015:08:35:29 -0700] "GET /im/api.php?bib=2&r=0.7697248202748597&raceId=2147483655&raceName=lonestar70.3&startTime=07:00:00 HTTP/1.1" 200 1255 "http://ericfahsl.com/im/" "Mozilla/5.0 (iPad; CPU OS 8_1_2 like Mac OS X) AppleWebKit/600.1.4 (KHTML, like Gecko) CriOS/42.0.2311.47 Mobile/12B440 Safari/600.1.4"
24.143.77.191 - - [26/Apr/2015:08:35:59 -0700] "GET /im/api.php?bib=2&r=0.8316018586046994&raceId=2147483655&raceName=lonestar70.3&startTime=07:00:00 HTTP/1.1" 200 1257 "http://ericfahsl.com/im/" "Mozilla/5.0 (iPad; CPU OS 8_1_2 like Mac OS X) AppleWebKit/600.1.4 (KHTML, like Gecko) CriOS/42.0.2311.47 Mobile/12B440 Safari/600.1.4"
24.143.77.191 - - [26/Apr/2015:08:36:05 -0700] "GET /im/api.php?bib=3&r=0.8367886457126588&raceId=2147483655&raceName=lonestar70.3&startTime=07:00:00 HTTP/1.1" 200 1257 "http://ericfahsl.com/im/" "Mozilla/5.0 (iPad; CPU OS 8_1_2 like Mac OS X) AppleWebKit/600.1.4 (KHTML, like Gecko) CriOS/42.0.2311.47 Mobile/12B440 Safari/600.1.4"
24.143.77.191 - - [26/Apr/2015:08:36:22 -0700] "GET /im/api.php?bib=3&r=0.5948572778142989&raceId=2147483655&raceName=lonestar70.3&startTime=07:00:00 HTTP/1.1" 200 1256 "http://ericfahsl.com/im/" "Mozilla/5.0 (iPad; CPU OS 8_1_2 like Mac OS X) AppleWebKit/600.1.4 (KHTML, like Gecko) CriOS/42.0.2311.47 Mobile/12B440 Safari/600.1.4"
162.195.68.236 - - [26/Apr/2015:08:37:12 -0700] "GET /images/wsis-logo-sm.png HTTP/1.1" 200 6108 "http://www.thebackcountry.net/" "Mozilla/5.0 (Macintosh; Intel Mac OS X 10_6_8) AppleWebKit/534.59.10 (KHTML, like Gecko) Version/5.1.9 Safari/534.59.10"
24.143.77.191 - - [26/Apr/2015:08:39:11 -0700] "GET /im/api.php?bib=3&r=0.9755842771846801&raceId=2147483655&raceName=lonestar70.3&startTime=07:00:00 HTTP/1.1" 200 1277 "http://ericfahsl.com/im/" "Mozilla/5.0 (iPad; CPU OS 8_1_2 like Mac OS X) AppleWebKit/600.1.4 (KHTML, like Gecko) CriOS/42.0.2311.47 Mobile/12B440 Safari/600.1.4"
24.143.77.191 - - [26/Apr/2015:08:39:18 -0700] "GET /im/api.php?bib=2&r=0.2758051010314375&raceId=2147483655&raceName=lonestar70.3&startTime=07:00:00 HTTP/1.1" 200 1256 "http://ericfahsl.com/im/" "Mozilla/5.0 (iPad; CPU OS 8_1_2 like Mac OS X) AppleWebKit/600.1.4 (KHTML, like Gecko) CriOS/42.0.2311.47 Mobile/12B440 Safari/600.1.4"
24.143.77.191 - - [26/Apr/2015:08:39:33 -0700] "GET /im/api.php?bib=1&r=0.8235111455433071&raceId=2147483655&raceName=lonestar70.3&startTime=07:00:00 HTTP/1.1" 200 1176 "http://ericfahsl.com/im/" "Mozilla/5.0 (iPad; CPU OS 8_1_2 like Mac OS X) AppleWebKit/600.1.4 (KHTML, like Gecko) CriOS/42.0.2311.47 Mobile/12B440 Safari/600.1.4"
24.143.77.191 - - [26/Apr/2015:08:40:17 -0700] "GET /im/api.php?bib=2&r=0.11036377819254994&raceId=2147483655&raceName=lonestar70.3&startTime=07:00:00 HTTP/1.1" 200 1274 "http://ericfahsl.com/im/" "Mozilla/5.0 (iPad; CPU OS 8_1_2 like Mac OS X) AppleWebKit/600.1.4 (KHTML, like Gecko) CriOS/42.0.2311.47 Mobile/12B440 Safari/600.1.4"
123.125.71.19 - - [26/Apr/2015:08:41:51 -0700] "GET / HTTP/1.1" 200 2339 "-" "Mozilla/5.0 (Windows NT 5.1; rv:6.0.2) Gecko/20100101 Firefox/6.0.2"
123.125.71.57 - - [26/Apr/2015:08:42:48 -0700] "GET / HTTP/1.1" 200 6114 "-" "Mozilla/5.0 (Windows NT 5.1; rv:6.0.2) Gecko/20100101 Firefox/6.0.2"
220.181.108.92 - - [26/Apr/2015:08:45:24 -0700] "-" 408 0 "-" "-"
24.143.77.191 - - [26/Apr/2015:08:52:18 -0700] "GET /im/api.php?bib=3&r=0.5803469277452677&raceId=2147483655&raceName=lonestar70.3&startTime=07:00:00 HTTP/1.1" 200 1295 "http://ericfahsl.com/im/" "Mozilla/5.0 (Macintosh; Intel Mac OS X 10_10_3) AppleWebKit/537.36 (KHTML, like Gecko) Chrome/42.0.2311.90 Safari/537.36"
24.143.77.191 - - [26/Apr/2015:08:52:18 -0700] "GET /im/api.php?bib=1&r=0.7615143340080976&raceId=2147483655&raceName=lonestar70.3&startTime=07:00:00 HTTP/1.1" 200 1175 "http://ericfahsl.com/im/" "Mozilla/5.0 (Macintosh; Intel Mac OS X 10_10_3) AppleWebKit/537.36 (KHTML, like Gecko) Chrome/42.0.2311.90 Safari/537.36"
24.143.77.191 - - [26/Apr/2015:08:52:18 -0700] "GET /im/api.php?bib=301&r=0.752388461958617&raceId=2147483655&raceName=lonestar70.3&startTime=08:00:00 HTTP/1.1" 200 750 "http://ericfahsl.com/im/" "Mozilla/5.0 (Macintosh; Intel Mac OS X 10_10_3) AppleWebKit/537.36 (KHTML, like Gecko) Chrome/42.0.2311.90 Safari/537.36"
24.143.77.191 - - [26/Apr/2015:08:52:18 -0700] "GET /im/api.php?bib=2&r=0.9698523059487343&raceId=2147483655&raceName=lonestar70.3&startTime=07:00:00 HTTP/1.1" 200 1296 "http://ericfahsl.com/im/" "Mozilla/5.0 (Macintosh; Intel Mac OS X 10_10_3) AppleWebKit/537.36 (KHTML, like Gecko) Chrome/42.0.2311.90 Safari/537.36"
24.143.77.191 - - [26/Apr/2015:08:52:18 -0700] "GET /im/api.php?bib=1914&r=0.9228416900150478&raceId=2147483655&raceName=lonestar70.3&startTime=07:52:00 HTTP/1.1" 500 328 "http://ericfahsl.com/im/" "Mozilla/5.0 (Macintosh; Intel Mac OS X 10_10_3) AppleWebKit/537.36 (KHTML, like Gecko) Chrome/42.0.2311.90 Safari/537.36"
24.143.77.191 - - [26/Apr/2015:08:52:18 -0700] "GET /im/api.php?bib=1896&r=0.577757234685123&raceId=2147483655&raceName=lonestar70.3&startTime=07:52:00 HTTP/1.1" 500 328 "http://ericfahsl.com/im/" "Mozilla/5.0 (Macintosh; Intel Mac OS X 10_10_3) AppleWebKit/537.36 (KHTML, like Gecko) Chrome/42.0.2311.90 Safari/537.36"
24.143.77.191 - - [26/Apr/2015:08:52:19 -0700] "GET /im/api.php?bib=2480&r=0.8974982651416212&raceId=2147483655&raceName=lonestar70.3&startTime=08:08:00 HTTP/1.1" 200 746 "http://ericfahsl.com/im/" "Mozilla/5.0 (Macintosh; Intel Mac OS X 10_10_3) AppleWebKit/537.36 (KHTML, like Gecko) Chrome/42.0.2311.90 Safari/537.36"
24.143.77.191 - - [26/Apr/2015:08:52:19 -0700] "GET /im/api.php?bib=2501&r=0.5854860725812614&raceId=2147483655&raceName=lonestar70.3&startTime=08:08:00 HTTP/1.1" 200 751 "http://ericfahsl.com/im/" "Mozilla/5.0 (Macintosh; Intel Mac OS X 10_10_3) AppleWebKit/537.36 (KHTML, like Gecko) Chrome/42.0.2311.90 Safari/537.36"
24.143.77.191 - - [26/Apr/2015:08:52:19 -0700] "GET /im/api.php?bib=2486&r=0.024820306105539203&raceId=2147483655&raceName=lonestar70.3&startTime=08:08:00 HTTP/1.1" 200 750 "http://ericfahsl.com/im/" "Mozilla/5.0 (Macintosh; Intel Mac OS X 10_10_3) AppleWebKit/537.36 (KHTML, like Gecko) Chrome/42.0.2311.90 Safari/537.36"
127.0.0.1 - - [26/Apr/2015:08:52:27 -0700] "OPTIONS * HTTP/1.0" 200 126 "-" "Apache/2.2.22 (Ubuntu) (internal dummy connection)"
127.0.0.1 - - [26/Apr/2015:08:52:28 -0700] "OPTIONS * HTTP/1.0" 200 126 "-" "Apache/2.2.22 (Ubuntu) (internal dummy connection)"
127.0.0.1 - - [26/Apr/2015:08:52:29 -0700] "OPTIONS * HTTP/1.0" 200 126 "-" "Apache/2.2.22 (Ubuntu) (internal dummy connection)"
127.0.0.1 - - [26/Apr/2015:08:52:37 -0700] "OPTIONS * HTTP/1.0" 200 126 "-" "Apache/2.2.22 (Ubuntu) (internal dummy connection)"
127.0.0.1 - - [26/Apr/2015:08:52:38 -0700] "OPTIONS * HTTP/1.0" 200 126 "-" "Apache/2.2.22 (Ubuntu) (internal dummy connection)"
127.0.0.1 - - [26/Apr/2015:08:52:39 -0700] "OPTIONS * HTTP/1.0" 200 126 "-" "Apache/2.2.22 (Ubuntu) (internal dummy connection)"
24.143.77.191 - - [26/Apr/2015:08:53:13 -0700] "GET /im/api.php?bib=1&r=0.20647931355051696&raceId=1143240080&raceName=stgeorge70.3&startTime=06:40:00 HTTP/1.1" 200 1140 "http://ericfahsl.com/im/" "Mozilla/5.0 (Macintosh; Intel Mac OS X 10_10_3) AppleWebKit/537.36 (KHTML, like Gecko) Chrome/42.0.2311.90 Safari/537.36"
24.143.77.191 - - [26/Apr/2015:08:53:13 -0700] "GET /im/api.php?bib=1&r=0.7552244947291911&raceId=1143240080&raceName=stgeorge70.3&startTime=07:00:00 HTTP/1.1" 200 1131 "http://ericfahsl.com/im/" "Mozilla/5.0 (Macintosh; Intel Mac OS X 10_10_3) AppleWebKit/537.36 (KHTML, like Gecko) Chrome/42.0.2311.90 Safari/537.36"
24.143.77.191 - - [26/Apr/2015:08:53:13 -0700] "GET /im/api.php?bib=1&r=0.6464584858622402&raceId=1143240080&raceName=stgeorge70.3 HTTP/1.1" 200 1131 "http://ericfahsl.com/im/" "Mozilla/5.0 (Macintosh; Intel Mac OS X 10_10_3) AppleWebKit/537.36 (KHTML, like Gecko) Chrome/42.0.2311.90 Safari/537.36"
170.75.162.130 - - [26/Apr/2015:08:55:19 -0700] "GET /lib/reccapi.php?resort=49degreesnorth HTTP/1.1" 200 1010 "-" "node-superagent/0.18.2"
170.75.162.130 - - [26/Apr/2015:08:55:19 -0700] "GET /lib/reccapi.php?resort=mountspokane HTTP/1.1" 200 997 "-" "node-superagent/0.18.2"
170.75.162.130 - - [26/Apr/2015:08:55:19 -0700] "GET /lib/reccapi.php?resort=crystalmountain HTTP/1.1" 200 1003 "-" "node-superagent/0.18.2"
170.75.162.130 - - [26/Apr/2015:08:55:19 -0700] "GET /lib/reccapi.php?resort=stevenspass HTTP/1.1" 200 1007 "-" "node-superagent/0.18.2"
75.140.35.138 - - [26/Apr/2015:08:57:01 -0700] "GET /images/wsis-logo-sm.png HTTP/1.1" 200 6108 "http://www.thebackcountry.net/" "Mozilla/5.0 (Windows NT 6.1) AppleWebKit/537.36 (KHTML, like Gecko) Chrome/42.0.2311.90 Safari/537.36"
123.125.71.105 - - [26/Apr/2015:09:43:49 -0700] "-" 408 0 "-" "-"
220.181.108.144 - - [26/Apr/2015:09:48:47 -0700] "-" 408 0 "-" "-"
108.248.28.93 - - [26/Apr/2015:09:52:50 -0700] "GET /images/wsis-logo-sm.png HTTP/1.1" 200 6108 "http://www.thebackcountry.net/" "Mozilla/5.0 (iPhone; CPU iPhone OS 8_3 like Mac OS X) AppleWebKit/600.1.4 (KHTML, like Gecko) Version/8.0 Mobile/12F70 Safari/600.1.4"
68.180.228.182 - - [26/Apr/2015:09:54:04 -0700] "GET /resorts?resort=turnermountain&date=2014-10-11 HTTP/1.1" 404 450 "-" "Mozilla/5.0 (compatible; Yahoo! Slurp; http://help.yahoo.com/help/us/ysearch/slurp)"
170.75.162.130 - - [26/Apr/2015:10:00:44 -0700] "GET /lib/reccapi.php?resort=sierra-at-tahoe HTTP/1.1" 200 985 "-" "node-superagent/0.18.2"
180.76.4.143 - - [26/Apr/2015:10:04:15 -0700] "GET / HTTP/1.1" 200 6114 "-" "Mozilla/4.0 (compatible; MSIE 7.0; Windows NT 6.0)"
2.85.19.67 - - [26/Apr/2015:10:11:17 -0700] "GET /images/wsis-logo-sm.png HTTP/1.1" 200 6108 "http://www.thebackcountry.net/" "Mozilla/5.0 (Windows NT 5.1; rv:37.0) Gecko/20100101 Firefox/37.0"
170.75.162.130 - - [26/Apr/2015:10:11:45 -0700] "GET /lib/reccapi.php?resort=alyeska HTTP/1.1" 200 964 "-" "node-superagent/0.18.2"
108.206.119.23 - - [26/Apr/2015:10:18:23 -0700] "GET /images/wsis-logo-sm.png HTTP/1.1" 200 6108 "http://www.thebackcountry.net/" "Mozilla/5.0 (Windows NT 6.3; Win64; x64; Trident/7.0; rv:11.0) like Gecko"
68.180.228.182 - - [26/Apr/2015:10:18:36 -0700] "GET /resorts?resort=treblecone&date=2014-10-21 HTTP/1.1" 404 450 "-" "Mozilla/5.0 (compatible; Yahoo! Slurp; http://help.yahoo.com/help/us/ysearch/slurp)"
108.206.119.23 - - [26/Apr/2015:10:18:45 -0700] "-" 408 0 "-" "-"
24.7.128.40 - - [26/Apr/2015:10:29:30 -0700] "GET /images/wsis-logo-sm.png HTTP/1.1" 200 6108 "http://thebackcountry.net/" "Mozilla/5.0 (iPad; CPU OS 8_3 like Mac OS X) AppleWebKit/600.1.4 (KHTML, like Gecko) Version/8.0 Mobile/12F69 Safari/600.1.4"
69.171.230.115 - - [26/Apr/2015:10:48:26 -0700] "GET /images/logo.png HTTP/1.1" 200 33278 "-" "facebookexternalhit/1.1 (+http://www.facebook.com/externalhit_uatext.php)"
67.170.233.185 - - [26/Apr/2015:10:49:26 -0700] "GET /images/wsis-logo-sm.png HTTP/1.1" 200 6108 "http://thebackcountry.net/" "Mozilla/5.0 (X11; Linux x86_64) AppleWebKit/537.36 (KHTML, like Gecko) Chrome/41.0.2272.118 Safari/537.36"
157.55.39.76 - - [26/Apr/2015:10:50:01 -0700] "GET /robots.txt HTTP/1.1" 200 375 "-" "Mozilla/5.0 (compatible; bingbot/2.0; +http://www.bing.com/bingbot.htm)"
157.55.39.76 - - [26/Apr/2015:10:50:19 -0700] "GET / HTTP/1.1" 200 2376 "-" "Mozilla/5.0 (compatible; bingbot/2.0; +http://www.bing.com/bingbot.htm)"
170.75.162.130 - - [26/Apr/2015:10:50:48 -0700] "GET /lib/reccapi.php?resort=whistlerblackcomb HTTP/1.1" 200 932 "-" "node-superagent/0.18.2"
108.204.253.89 - - [26/Apr/2015:10:51:36 -0700] "GET /images/wsis-logo-sm.png HTTP/1.1" 200 6108 "http://www.thebackcountry.net/" "Mozilla/5.0 (Windows NT 6.1; WOW64; Trident/7.0; rv:11.0) like Gecko"
108.204.253.89 - - [26/Apr/2015:10:51:58 -0700] "-" 408 0 "-" "-"
24.143.77.191 - - [26/Apr/2015:10:52:58 -0700] "GET /im/api.php?bib=301&r=0.39484997536055744&raceId=2147483655&raceName=lonestar70.3&startTime=08:00:00 HTTP/1.1" 200 1295 "http://ericfahsl.com/im/" "Mozilla/5.0 (iPad; CPU OS 8_1_2 like Mac OS X) AppleWebKit/600.1.4 (KHTML, like Gecko) CriOS/42.0.2311.47 Mobile/12B440 Safari/600.1.4"
123.125.71.74 - - [26/Apr/2015:10:53:04 -0700] "GET / HTTP/1.1" 200 2339 "-" "Mozilla/5.0 (Windows NT 5.1; rv:6.0.2) Gecko/20100101 Firefox/6.0.2"
24.143.77.191 - - [26/Apr/2015:10:53:18 -0700] "GET /im/api.php?bib=1&r=0.8771218941546977&raceId=2147483655&raceName=lonestar70.3&startTime=07:00:00 HTTP/1.1" 200 1198 "http://ericfahsl.com/im/" "Mozilla/5.0 (iPad; CPU OS 8_1_2 like Mac OS X) AppleWebKit/600.1.4 (KHTML, like Gecko) CriOS/42.0.2311.47 Mobile/12B440 Safari/600.1.4"
24.143.77.191 - - [26/Apr/2015:10:53:19 -0700] "GET /im/api.php?bib=2&r=0.9267212401609868&raceId=2147483655&raceName=lonestar70.3&startTime=07:00:00 HTTP/1.1" 200 1315 "http://ericfahsl.com/im/" "Mozilla/5.0 (iPad; CPU OS 8_1_2 like Mac OS X) AppleWebKit/600.1.4 (KHTML, like Gecko) CriOS/42.0.2311.47 Mobile/12B440 Safari/600.1.4"
24.143.77.191 - - [26/Apr/2015:10:53:19 -0700] "GET /im/api.php?bib=301&r=0.4451443699654192&raceId=2147483655&raceName=lonestar70.3&startTime=08:00:00 HTTP/1.1" 200 1294 "http://ericfahsl.com/im/" "Mozilla/5.0 (iPad; CPU OS 8_1_2 like Mac OS X) AppleWebKit/600.1.4 (KHTML, like Gecko) CriOS/42.0.2311.47 Mobile/12B440 Safari/600.1.4"
24.143.77.191 - - [26/Apr/2015:10:53:19 -0700] "GET /im/api.php?bib=2486&r=0.26185904280282557&raceId=2147483655&raceName=lonestar70.3&startTime=08:08:00 HTTP/1.1" 200 1158 "http://ericfahsl.com/im/" "Mozilla/5.0 (iPad; CPU OS 8_1_2 like Mac OS X) AppleWebKit/600.1.4 (KHTML, like Gecko) CriOS/42.0.2311.47 Mobile/12B440 Safari/600.1.4"
24.143.77.191 - - [26/Apr/2015:10:53:19 -0700] "GET /im/api.php?bib=3&r=0.39618310518562794&raceId=2147483655&raceName=lonestar70.3&startTime=07:00:00 HTTP/1.1" 200 1330 "http://ericfahsl.com/im/" "Mozilla/5.0 (iPad; CPU OS 8_1_2 like Mac OS X) AppleWebKit/600.1.4 (KHTML, like Gecko) CriOS/42.0.2311.47 Mobile/12B440 Safari/600.1.4"
24.143.77.191 - - [26/Apr/2015:10:53:19 -0700] "GET /im/api.php?bib=2480&r=0.6157380952499807&raceId=2147483655&raceName=lonestar70.3&startTime=08:08:00 HTTP/1.1" 200 1211 "http://ericfahsl.com/im/" "Mozilla/5.0 (iPad; CPU OS 8_1_2 like Mac OS X) AppleWebKit/600.1.4 (KHTML, like Gecko) CriOS/42.0.2311.47 Mobile/12B440 Safari/600.1.4"
24.143.77.191 - - [26/Apr/2015:10:53:19 -0700] "GET /im/api.php?bib=2501&r=0.706131509039551&raceId=2147483655&raceName=lonestar70.3&startTime=08:08:00 HTTP/1.1" 200 913 "http://ericfahsl.com/im/" "Mozilla/5.0 (iPad; CPU OS 8_1_2 like Mac OS X) AppleWebKit/600.1.4 (KHTML, like Gecko) CriOS/42.0.2311.47 Mobile/12B440 Safari/600.1.4"
108.204.253.89 - - [26/Apr/2015:10:53:21 -0700] "-" 408 0 "-" "-"
127.0.0.1 - - [26/Apr/2015:10:53:27 -0700] "OPTIONS * HTTP/1.0" 200 126 "-" "Apache/2.2.22 (Ubuntu) (internal dummy connection)"
127.0.0.1 - - [26/Apr/2015:10:53:28 -0700] "OPTIONS * HTTP/1.0" 200 126 "-" "Apache/2.2.22 (Ubuntu) (internal dummy connection)"
127.0.0.1 - - [26/Apr/2015:10:53:29 -0700] "OPTIONS * HTTP/1.0" 200 126 "-" "Apache/2.2.22 (Ubuntu) (internal dummy connection)"
170.75.162.130 - - [26/Apr/2015:10:53:49 -0700] "GET /lib/reccapi.php?resort=redmountain HTTP/1.1" 200 909 "-" "node-superagent/0.18.2"
123.125.71.110 - - [26/Apr/2015:10:54:05 -0700] "-" 408 0 "-" "-"
24.143.77.191 - - [26/Apr/2015:10:55:07 -0700] "GET /im/api.php?bib=301&r=0.25261708721518517&raceId=2147483655&raceName=lonestar70.3&startTime=08:00:00 HTTP/1.1" 200 1295 "http://ericfahsl.com/im/" "Mozilla/5.0 (iPad; CPU OS 8_1_2 like Mac OS X) AppleWebKit/600.1.4 (KHTML, like Gecko) CriOS/42.0.2311.47 Mobile/12B440 Safari/600.1.4"
220.181.108.121 - - [26/Apr/2015:10:56:31 -0700] "-" 408 0 "-" "-"
24.143.77.191 - - [26/Apr/2015:11:01:01 -0700] "GET /im/api.php?bib=2&r=0.2877533498685807&raceId=2147483655&raceName=lonestar70.3&startTime=07:00:00 HTTP/1.1" 200 1315 "http://localhost:9000/" "Mozilla/5.0 (Macintosh; Intel Mac OS X 10_10_3) AppleWebKit/537.36 (KHTML, like Gecko) Chrome/42.0.2311.90 Safari/537.36"
24.143.77.191 - - [26/Apr/2015:11:01:01 -0700] "GET /im/api.php?bib=3&r=0.35442891041748226&raceId=2147483655&raceName=lonestar70.3&startTime=07:00:00 HTTP/1.1" 200 1330 "http://localhost:9000/" "Mozilla/5.0 (Macintosh; Intel Mac OS X 10_10_3) AppleWebKit/537.36 (KHTML, like Gecko) Chrome/42.0.2311.90 Safari/537.36"
24.143.77.191 - - [26/Apr/2015:11:01:01 -0700] "GET /im/api.php?bib=1&r=0.7906421129591763&raceId=2147483655&raceName=lonestar70.3&startTime=07:00:00 HTTP/1.1" 200 1198 "http://localhost:9000/" "Mozilla/5.0 (Macintosh; Intel Mac OS X 10_10_3) AppleWebKit/537.36 (KHTML, like Gecko) Chrome/42.0.2311.90 Safari/537.36"
24.143.77.191 - - [26/Apr/2015:11:01:01 -0700] "GET /im/api.php?bib=301&r=0.1977291104849428&raceId=2147483655&raceName=lonestar70.3&startTime=08:00:00 HTTP/1.1" 200 1313 "http://localhost:9000/" "Mozilla/5.0 (Macintosh; Intel Mac OS X 10_10_3) AppleWebKit/537.36 (KHTML, like Gecko) Chrome/42.0.2311.90 Safari/537.36"
24.143.77.191 - - [26/Apr/2015:11:01:01 -0700] "GET /im/api.php?bib=1914&r=0.18593419692479074&raceId=2147483655&raceName=lonestar70.3&startTime=07:52:00 HTTP/1.1" 500 328 "http://localhost:9000/" "Mozilla/5.0 (Macintosh; Intel Mac OS X 10_10_3) AppleWebKit/537.36 (KHTML, like Gecko) Chrome/42.0.2311.90 Safari/537.36"
24.143.77.191 - - [26/Apr/2015:11:01:01 -0700] "GET /im/api.php?bib=1896&r=0.05020587332546711&raceId=2147483655&raceName=lonestar70.3&startTime=07:52:00 HTTP/1.1" 500 328 "http://localhost:9000/" "Mozilla/5.0 (Macintosh; Intel Mac OS X 10_10_3) AppleWebKit/537.36 (KHTML, like Gecko) Chrome/42.0.2311.90 Safari/537.36"
24.143.77.191 - - [26/Apr/2015:11:01:02 -0700] "GET /im/api.php?bib=2480&r=0.30187794333323836&raceId=2147483655&raceName=lonestar70.3&startTime=08:08:00 HTTP/1.1" 200 1230 "http://localhost:9000/" "Mozilla/5.0 (Macintosh; Intel Mac OS X 10_10_3) AppleWebKit/537.36 (KHTML, like Gecko) Chrome/42.0.2311.90 Safari/537.36"
24.143.77.191 - - [26/Apr/2015:11:01:02 -0700] "GET /im/api.php?bib=2486&r=0.6703223455697298&raceId=2147483655&raceName=lonestar70.3&startTime=08:08:00 HTTP/1.1" 200 1198 "http://localhost:9000/" "Mozilla/5.0 (Macintosh; Intel Mac OS X 10_10_3) AppleWebKit/537.36 (KHTML, like Gecko) Chrome/42.0.2311.90 Safari/537.36"
24.143.77.191 - - [26/Apr/2015:11:01:02 -0700] "GET /im/api.php?bib=2501&r=0.9274710468016565&raceId=2147483655&raceName=lonestar70.3&startTime=08:08:00 HTTP/1.1" 200 915 "http://localhost:9000/" "Mozilla/5.0 (Macintosh; Intel Mac OS X 10_10_3) AppleWebKit/537.36 (KHTML, like Gecko) Chrome/42.0.2311.90 Safari/537.36"
127.0.0.1 - - [26/Apr/2015:11:01:10 -0700] "OPTIONS * HTTP/1.0" 200 126 "-" "Apache/2.2.22 (Ubuntu) (internal dummy connection)"
127.0.0.1 - - [26/Apr/2015:11:01:11 -0700] "OPTIONS * HTTP/1.0" 200 126 "-" "Apache/2.2.22 (Ubuntu) (internal dummy connection)"
127.0.0.1 - - [26/Apr/2015:11:01:12 -0700] "OPTIONS * HTTP/1.0" 200 126 "-" "Apache/2.2.22 (Ubuntu) (internal dummy connection)"
127.0.0.1 - - [26/Apr/2015:11:01:13 -0700] "OPTIONS * HTTP/1.0" 200 126 "-" "Apache/2.2.22 (Ubuntu) (internal dummy connection)"
127.0.0.1 - - [26/Apr/2015:11:01:14 -0700] "OPTIONS * HTTP/1.0" 200 126 "-" "Apache/2.2.22 (Ubuntu) (internal dummy connection)"
127.0.0.1 - - [26/Apr/2015:11:01:20 -0700] "OPTIONS * HTTP/1.0" 200 126 "-" "Apache/2.2.22 (Ubuntu) (internal dummy connection)"
127.0.0.1 - - [26/Apr/2015:11:01:21 -0700] "OPTIONS * HTTP/1.0" 200 126 "-" "Apache/2.2.22 (Ubuntu) (internal dummy connection)"
170.75.162.130 - - [26/Apr/2015:11:01:49 -0700] "GET /lib/reccapi.php?resort=monarch HTTP/1.1" 200 1044 "-" "node-superagent/0.18.2"
24.143.77.191 - - [26/Apr/2015:11:02:57 -0700] "GET /im/api.php?bib=301&r=0.29493759432807565&raceId=2147483655&raceName=lonestar70.3&startTime=08:00:00 HTTP/1.1" 200 1313 "http://localhost:9000/" "Mozilla/5.0 (Macintosh; Intel Mac OS X 10_10_3) AppleWebKit/537.36 (KHTML, like Gecko) Chrome/42.0.2311.90 Safari/537.36"
24.143.77.191 - - [26/Apr/2015:11:02:57 -0700] "GET /im/api.php?bib=2486&r=0.7316357577219605&raceId=2147483655&raceName=lonestar70.3&startTime=08:08:00 HTTP/1.1" 200 1198 "http://localhost:9000/" "Mozilla/5.0 (Macintosh; Intel Mac OS X 10_10_3) AppleWebKit/537.36 (KHTML, like Gecko) Chrome/42.0.2311.90 Safari/537.36"
24.143.77.191 - - [26/Apr/2015:11:02:57 -0700] "GET /im/api.php?bib=2480&r=0.8545664227567613&raceId=2147483655&raceName=lonestar70.3&startTime=08:08:00 HTTP/1.1" 200 1230 "http://localhost:9000/" "Mozilla/5.0 (Macintosh; Intel Mac OS X 10_10_3) AppleWebKit/537.36 (KHTML, like Gecko) Chrome/42.0.2311.90 Safari/537.36"
24.143.77.191 - - [26/Apr/2015:11:02:57 -0700] "GET /im/api.php?bib=2501&r=0.4954718763474375&raceId=2147483655&raceName=lonestar70.3&startTime=08:08:00 HTTP/1.1" 200 917 "http://localhost:9000/" "Mozilla/5.0 (Macintosh; Intel Mac OS X 10_10_3) AppleWebKit/537.36 (KHTML, like Gecko) Chrome/42.0.2311.90 Safari/537.36"
24.143.77.191 - - [26/Apr/2015:11:02:57 -0700] "GET /im/api.php?bib=1914&r=0.4981000206898898&raceId=2147483655&raceName=lonestar70.3&startTime=07:52:00 HTTP/1.1" 500 328 "http://localhost:9000/" "Mozilla/5.0 (Macintosh; Intel Mac OS X 10_10_3) AppleWebKit/537.36 (KHTML, like Gecko) Chrome/42.0.2311.90 Safari/537.36"
24.143.77.191 - - [26/Apr/2015:11:02:57 -0700] "GET /im/api.php?bib=1896&r=0.8871128577739&raceId=2147483655&raceName=lonestar70.3&startTime=07:52:00 HTTP/1.1" 500 328 "http://localhost:9000/" "Mozilla/5.0 (Macintosh; Intel Mac OS X 10_10_3) AppleWebKit/537.36 (KHTML, like Gecko) Chrome/42.0.2311.90 Safari/537.36"
127.0.0.1 - - [26/Apr/2015:11:03:05 -0700] "OPTIONS * HTTP/1.0" 200 126 "-" "Apache/2.2.22 (Ubuntu) (internal dummy connection)"
24.143.77.191 - - [26/Apr/2015:11:05:37 -0700] "GET /im/api.php?bib=1914&r=0.6565129929222167&raceId=2147483655&raceName=lonestar70.3&startTime=07:52:00 HTTP/1.1" 500 328 "http://localhost:9000/" "Mozilla/5.0 (Macintosh; Intel Mac OS X 10_10_3) AppleWebKit/537.36 (KHTML, like Gecko) Chrome/42.0.2311.90 Safari/537.36"
24.143.77.191 - - [26/Apr/2015:11:05:37 -0700] "GET /im/api.php?bib=2480&r=0.06424954673275352&raceId=2147483655&raceName=lonestar70.3&startTime=08:08:00 HTTP/1.1" 200 1231 "http://localhost:9000/" "Mozilla/5.0 (Macintosh; Intel Mac OS X 10_10_3) AppleWebKit/537.36 (KHTML, like Gecko) Chrome/42.0.2311.90 Safari/537.36"
24.143.77.191 - - [26/Apr/2015:11:05:37 -0700] "GET /im/api.php?bib=2501&r=0.6758559215813875&raceId=2147483655&raceName=lonestar70.3&startTime=08:08:00 HTTP/1.1" 200 1170 "http://localhost:9000/" "Mozilla/5.0 (Macintosh; Intel Mac OS X 10_10_3) AppleWebKit/537.36 (KHTML, like Gecko) Chrome/42.0.2311.90 Safari/537.36"
24.143.77.191 - - [26/Apr/2015:11:05:37 -0700] "GET /im/api.php?bib=301&r=0.591663517523557&raceId=2147483655&raceName=lonestar70.3&startTime=08:00:00 HTTP/1.1" 200 1313 "http://localhost:9000/" "Mozilla/5.0 (Macintosh; Intel Mac OS X 10_10_3) AppleWebKit/537.36 (KHTML, like Gecko) Chrome/42.0.2311.90 Safari/537.36"
24.143.77.191 - - [26/Apr/2015:11:05:37 -0700] "GET /im/api.php?bib=2486&r=0.4188480954617262&raceId=2147483655&raceName=lonestar70.3&startTime=08:08:00 HTTP/1.1" 200 1199 "http://localhost:9000/" "Mozilla/5.0 (Macintosh; Intel Mac OS X 10_10_3) AppleWebKit/537.36 (KHTML, like Gecko) Chrome/42.0.2311.90 Safari/537.36"
24.143.77.191 - - [26/Apr/2015:11:05:37 -0700] "GET /im/api.php?bib=1896&r=0.7261587725952268&raceId=2147483655&raceName=lonestar70.3&startTime=07:52:00 HTTP/1.1" 500 328 "http://localhost:9000/" "Mozilla/5.0 (Macintosh; Intel Mac OS X 10_10_3) AppleWebKit/537.36 (KHTML, like Gecko) Chrome/42.0.2311.90 Safari/537.36"
127.0.0.1 - - [26/Apr/2015:11:05:45 -0700] "OPTIONS * HTTP/1.0" 200 126 "-" "Apache/2.2.22 (Ubuntu) (internal dummy connection)"
24.143.77.191 - - [26/Apr/2015:11:07:09 -0700] "GET /im/api.php?bib=2501&r=0.8025803852360696&raceId=2147483655&raceName=lonestar70.3&startTime=08:08:00 HTTP/1.1" 200 1170 "http://localhost:9000/" "Mozilla/5.0 (Macintosh; Intel Mac OS X 10_10_3) AppleWebKit/537.36 (KHTML, like Gecko) Chrome/42.0.2311.90 Safari/537.36"
24.143.77.191 - - [26/Apr/2015:11:07:09 -0700] "GET /im/api.php?bib=2480&r=0.3618019132409245&raceId=2147483655&raceName=lonestar70.3&startTime=08:08:00 HTTP/1.1" 200 1259 "http://localhost:9000/" "Mozilla/5.0 (Macintosh; Intel Mac OS X 10_10_3) AppleWebKit/537.36 (KHTML, like Gecko) Chrome/42.0.2311.90 Safari/537.36"
24.143.77.191 - - [26/Apr/2015:11:07:09 -0700] "GET /im/api.php?bib=2486&r=0.4313306724652648&raceId=2147483655&raceName=lonestar70.3&startTime=08:08:00 HTTP/1.1" 200 1199 "http://localhost:9000/" "Mozilla/5.0 (Macintosh; Intel Mac OS X 10_10_3) AppleWebKit/537.36 (KHTML, like Gecko) Chrome/42.0.2311.90 Safari/537.36"
24.143.77.191 - - [26/Apr/2015:11:07:09 -0700] "GET /im/api.php?bib=1914&r=0.5693455373402685&raceId=2147483655&raceName=lonestar70.3&startTime=07:52:00 HTTP/1.1" 500 328 "http://localhost:9000/" "Mozilla/5.0 (Macintosh; Intel Mac OS X 10_10_3) AppleWebKit/537.36 (KHTML, like Gecko) Chrome/42.0.2311.90 Safari/537.36"
24.143.77.191 - - [26/Apr/2015:11:07:09 -0700] "GET /im/api.php?bib=301&r=0.7509013214148581&raceId=2147483655&raceName=lonestar70.3&startTime=08:00:00 HTTP/1.1" 200 1312 "http://localhost:9000/" "Mozilla/5.0 (Macintosh; Intel Mac OS X 10_10_3) AppleWebKit/537.36 (KHTML, like Gecko) Chrome/42.0.2311.90 Safari/537.36"
24.143.77.191 - - [26/Apr/2015:11:07:09 -0700] "GET /im/api.php?bib=1896&r=0.8536679262761027&raceId=2147483655&raceName=lonestar70.3&startTime=07:52:00 HTTP/1.1" 500 328 "http://localhost:9000/" "Mozilla/5.0 (Macintosh; Intel Mac OS X 10_10_3) AppleWebKit/537.36 (KHTML, like Gecko) Chrome/42.0.2311.90 Safari/537.36"
127.0.0.1 - - [26/Apr/2015:11:07:16 -0700] "OPTIONS * HTTP/1.0" 200 126 "-" "Apache/2.2.22 (Ubuntu) (internal dummy connection)"
24.143.77.191 - - [26/Apr/2015:11:07:35 -0700] "GET /im/api.php?bib=2480&r=0.10602448810823262&raceId=2147483655&raceName=lonestar70.3&startTime=08:08:00 HTTP/1.1" 200 1259 "http://localhost:9000/" "Mozilla/5.0 (Macintosh; Intel Mac OS X 10_10_3) AppleWebKit/537.36 (KHTML, like Gecko) Chrome/42.0.2311.90 Safari/537.36"
24.143.77.191 - - [26/Apr/2015:11:07:35 -0700] "GET /im/api.php?bib=2501&r=0.7541974517516792&raceId=2147483655&raceName=lonestar70.3&startTime=08:08:00 HTTP/1.1" 200 1170 "http://localhost:9000/" "Mozilla/5.0 (Macintosh; Intel Mac OS X 10_10_3) AppleWebKit/537.36 (KHTML, like Gecko) Chrome/42.0.2311.90 Safari/537.36"
24.143.77.191 - - [26/Apr/2015:11:07:35 -0700] "GET /im/api.php?bib=2486&r=0.5493617970496416&raceId=2147483655&raceName=lonestar70.3&startTime=08:08:00 HTTP/1.1" 200 1198 "http://localhost:9000/" "Mozilla/5.0 (Macintosh; Intel Mac OS X 10_10_3) AppleWebKit/537.36 (KHTML, like Gecko) Chrome/42.0.2311.90 Safari/537.36"
24.143.77.191 - - [26/Apr/2015:11:07:35 -0700] "GET /im/api.php?bib=301&r=0.8039202489890158&raceId=2147483655&raceName=lonestar70.3&startTime=08:00:00 HTTP/1.1" 200 1313 "http://localhost:9000/" "Mozilla/5.0 (Macintosh; Intel Mac OS X 10_10_3) AppleWebKit/537.36 (KHTML, like Gecko) Chrome/42.0.2311.90 Safari/537.36"
24.143.77.191 - - [26/Apr/2015:11:07:35 -0700] "GET /im/api.php?bib=1896&r=0.7318893789779395&raceId=2147483655&raceName=lonestar70.3&startTime=07:52:00 HTTP/1.1" 500 328 "http://localhost:9000/" "Mozilla/5.0 (Macintosh; Intel Mac OS X 10_10_3) AppleWebKit/537.36 (KHTML, like Gecko) Chrome/42.0.2311.90 Safari/537.36"
24.143.77.191 - - [26/Apr/2015:11:07:35 -0700] "GET /im/api.php?bib=1914&r=0.15852108737453818&raceId=2147483655&raceName=lonestar70.3&startTime=07:52:00 HTTP/1.1" 500 328 "http://localhost:9000/" "Mozilla/5.0 (Macintosh; Intel Mac OS X 10_10_3) AppleWebKit/537.36 (KHTML, like Gecko) Chrome/42.0.2311.90 Safari/537.36"
127.0.0.1 - - [26/Apr/2015:11:07:43 -0700] "OPTIONS * HTTP/1.0" 200 126 "-" "Apache/2.2.22 (Ubuntu) (internal dummy connection)"
24.143.77.191 - - [26/Apr/2015:11:08:19 -0700] "GET /im/api.php?bib=2480&r=0.7539512964431196&raceId=2147483655&raceName=lonestar70.3&startTime=08:08:00 HTTP/1.1" 200 1259 "http://localhost:9000/" "Mozilla/5.0 (Macintosh; Intel Mac OS X 10_10_3) AppleWebKit/537.36 (KHTML, like Gecko) Chrome/42.0.2311.90 Safari/537.36"
24.143.77.191 - - [26/Apr/2015:11:08:19 -0700] "GET /im/api.php?bib=2486&r=0.7441415037028491&raceId=2147483655&raceName=lonestar70.3&startTime=08:08:00 HTTP/1.1" 200 1198 "http://localhost:9000/" "Mozilla/5.0 (Macintosh; Intel Mac OS X 10_10_3) AppleWebKit/537.36 (KHTML, like Gecko) Chrome/42.0.2311.90 Safari/537.36"
24.143.77.191 - - [26/Apr/2015:11:08:19 -0700] "GET /im/api.php?bib=301&r=0.013829090865328908&raceId=2147483655&raceName=lonestar70.3&startTime=08:00:00 HTTP/1.1" 200 1313 "http://localhost:9000/" "Mozilla/5.0 (Macintosh; Intel Mac OS X 10_10_3) AppleWebKit/537.36 (KHTML, like Gecko) Chrome/42.0.2311.90 Safari/537.36"
