127.0.0.1 - - [25/Oct/2015:06:49:05 -0700] "OPTIONS * HTTP/1.0" 200 126 "-" "Apache/2.2.22 (Ubuntu) (internal dummy connection)"
220.181.108.151 - - [25/Oct/2015:06:50:01 -0700] "-" 408 0 "-" "-"
180.76.15.149 - - [25/Oct/2015:06:53:17 -0700] "GET / HTTP/1.1" 200 6114 "-" "Mozilla/5.0 (compatible; Baiduspider/2.0; +http://www.baidu.com/search/spider.html)"
180.76.15.147 - - [25/Oct/2015:06:54:25 -0700] "GET / HTTP/1.1" 200 6114 "-" "Mozilla/5.0 (compatible; Baiduspider/2.0; +http://www.baidu.com/search/spider.html)"
170.75.162.130 - - [25/Oct/2015:07:03:30 -0700] "GET /lib/reccapi.php?resort=sugarbowl HTTP/1.1" 200 1003 "-" "node-superagent/0.18.2"
170.75.162.130 - - [25/Oct/2015:07:14:52 -0700] "GET /lib/reccapi.php?resort=solitude HTTP/1.1" 200 945 "-" "node-superagent/0.18.2"
170.75.162.130 - - [25/Oct/2015:07:28:13 -0700] "GET /lib/reccapi.php?resort=snowbasin HTTP/1.1" 200 947 "-" "node-superagent/0.18.2"
170.75.162.130 - - [25/Oct/2015:07:41:19 -0700] "GET /lib/reccapi.php?resort=angelfire HTTP/1.1" 200 971 "-" "node-superagent/0.18.2"
180.76.15.18 - - [25/Oct/2015:07:49:24 -0700] "GET / HTTP/1.1" 200 6114 "-" "Mozilla/5.0 (compatible; Baiduspider/2.0; +http://www.baidu.com/search/spider.html)"
220.181.108.113 - - [25/Oct/2015:07:49:31 -0700] "-" 408 0 "-" "-"
180.76.15.140 - - [25/Oct/2015:07:50:29 -0700] "GET / HTTP/1.1" 200 6114 "-" "Mozilla/5.0 (compatible; Baiduspider/2.0; +http://www.baidu.com/search/spider.html)"
71.155.144.65 - - [25/Oct/2015:08:02:07 -0700] "GET /images/wsis-logo-sm.png HTTP/1.1" 200 6108 "http://www.thebackcountry.net/?buylocalRequestId=3355298&buylocal=1300364&utm_source=WTB-BuyLocalNow&utm_medium=BuyLocalNow&utm_campaign=BuyLocalNow" "Mozilla/5.0 (Windows NT 6.1; WOW64; Trident/7.0; rv:11.0) like Gecko"
71.155.144.65 - - [25/Oct/2015:08:02:28 -0700] "-" 408 0 "-" "-"
170.75.162.130 - - [25/Oct/2015:08:02:51 -0700] "GET /lib/reccapi.php?resort=sierra-at-tahoe HTTP/1.1" 200 974 "-" "node-superagent/0.18.2"
180.76.15.156 - - [25/Oct/2015:08:13:48 -0700] "GET /resorts?resort=tamarack&date=2014-05-20 HTTP/1.1" 404 472 "-" "Mozilla/5.0 (compatible; Baiduspider/2.0; +http://www.baidu.com/search/spider.html)"
70.33.14.78 - - [25/Oct/2015:08:16:56 -0700] "GET / HTTP/1.1" 200 2376 "http://www.earnyourturns.com/32757/tele-gear-for-newbies/" "Mozilla/5.0 (Macintosh; Intel Mac OS X 10_6_8) AppleWebKit/537.36 (KHTML, like Gecko) Chrome/46.0.2490.80 Safari/537.36"
70.33.14.78 - - [25/Oct/2015:08:16:56 -0700] "GET /styles/0fffd548.main.css HTTP/1.1" 200 19316 "http://whereshouldiski.com/" "Mozilla/5.0 (Macintosh; Intel Mac OS X 10_6_8) AppleWebKit/537.36 (KHTML, like Gecko) Chrome/46.0.2490.80 Safari/537.36"
70.33.14.78 - - [25/Oct/2015:08:16:56 -0700] "GET /scripts/scripts/vendor/modernizr.js HTTP/1.1" 200 4903 "http://whereshouldiski.com/" "Mozilla/5.0 (Macintosh; Intel Mac OS X 10_6_8) AppleWebKit/537.36 (KHTML, like Gecko) Chrome/46.0.2490.80 Safari/537.36"
70.33.14.78 - - [25/Oct/2015:08:16:56 -0700] "GET /bower_components/requirejs/require.js HTTP/1.1" 200 6702 "http://whereshouldiski.com/" "Mozilla/5.0 (Macintosh; Intel Mac OS X 10_6_8) AppleWebKit/537.36 (KHTML, like Gecko) Chrome/46.0.2490.80 Safari/537.36"
70.33.14.78 - - [25/Oct/2015:08:16:56 -0700] "GET /images/logo-sm.png HTTP/1.1" 200 16738 "http://whereshouldiski.com/" "Mozilla/5.0 (Macintosh; Intel Mac OS X 10_6_8) AppleWebKit/537.36 (KHTML, like Gecko) Chrome/46.0.2490.80 Safari/537.36"
70.33.14.78 - - [25/Oct/2015:08:16:56 -0700] "GET /images/loading.gif HTTP/1.1" 200 13881 "http://whereshouldiski.com/" "Mozilla/5.0 (Macintosh; Intel Mac OS X 10_6_8) AppleWebKit/537.36 (KHTML, like Gecko) Chrome/46.0.2490.80 Safari/537.36"
70.33.14.78 - - [25/Oct/2015:08:16:56 -0700] "GET /favicon.ico HTTP/1.1" 200 1475 "http://whereshouldiski.com/" "Mozilla/5.0 (Macintosh; Intel Mac OS X 10_6_8) AppleWebKit/537.36 (KHTML, like Gecko) Chrome/46.0.2490.80 Safari/537.36"
70.33.14.78 - - [25/Oct/2015:08:16:57 -0700] "GET /scripts/fa48e319.main.js HTTP/1.1" 200 123455 "http://whereshouldiski.com/" "Mozilla/5.0 (Macintosh; Intel Mac OS X 10_6_8) AppleWebKit/537.36 (KHTML, like Gecko) Chrome/46.0.2490.80 Safari/537.36"
70.33.14.78 - - [25/Oct/2015:08:16:58 -0700] "GET /lib/reccapi.php?fields=t HTTP/1.1" 200 1888 "http://whereshouldiski.com/" "Mozilla/5.0 (Macintosh; Intel Mac OS X 10_6_8) AppleWebKit/537.36 (KHTML, like Gecko) Chrome/46.0.2490.80 Safari/537.36"
70.33.14.78 - - [25/Oct/2015:08:16:59 -0700] "GET /images/button.png HTTP/1.1" 200 598 "http://whereshouldiski.com/styles/0fffd548.main.css" "Mozilla/5.0 (Macintosh; Intel Mac OS X 10_6_8) AppleWebKit/537.36 (KHTML, like Gecko) Chrome/46.0.2490.80 Safari/537.36"
70.33.14.78 - - [25/Oct/2015:08:16:59 -0700] "GET /images/greyHeader.png HTTP/1.1" 200 508 "http://whereshouldiski.com/styles/0fffd548.main.css" "Mozilla/5.0 (Macintosh; Intel Mac OS X 10_6_8) AppleWebKit/537.36 (KHTML, like Gecko) Chrome/46.0.2490.80 Safari/537.36"
70.33.14.78 - - [25/Oct/2015:08:16:59 -0700] "GET /images/snowflake5.png HTTP/1.1" 200 2857 "http://whereshouldiski.com/styles/0fffd548.main.css" "Mozilla/5.0 (Macintosh; Intel Mac OS X 10_6_8) AppleWebKit/537.36 (KHTML, like Gecko) Chrome/46.0.2490.80 Safari/537.36"
70.33.14.78 - - [25/Oct/2015:08:16:59 -0700] "GET /images/star5.png HTTP/1.1" 200 1783 "http://whereshouldiski.com/styles/0fffd548.main.css" "Mozilla/5.0 (Macintosh; Intel Mac OS X 10_6_8) AppleWebKit/537.36 (KHTML, like Gecko) Chrome/46.0.2490.80 Safari/537.36"
70.33.14.78 - - [25/Oct/2015:08:16:59 -0700] "GET /images/bluebird5.png HTTP/1.1" 200 2177 "http://whereshouldiski.com/styles/0fffd548.main.css" "Mozilla/5.0 (Macintosh; Intel Mac OS X 10_6_8) AppleWebKit/537.36 (KHTML, like Gecko) Chrome/46.0.2490.80 Safari/537.36"
70.33.14.78 - - [25/Oct/2015:08:16:59 -0700] "GET /images/mtns-icon.png HTTP/1.1" 200 1096 "http://whereshouldiski.com/styles/0fffd548.main.css" "Mozilla/5.0 (Macintosh; Intel Mac OS X 10_6_8) AppleWebKit/537.36 (KHTML, like Gecko) Chrome/46.0.2490.80 Safari/537.36"
70.33.14.78 - - [25/Oct/2015:08:16:59 -0700] "GET /images/shading-icon.png HTTP/1.1" 200 536 "http://whereshouldiski.com/styles/0fffd548.main.css" "Mozilla/5.0 (Macintosh; Intel Mac OS X 10_6_8) AppleWebKit/537.36 (KHTML, like Gecko) Chrome/46.0.2490.80 Safari/537.36"
170.75.162.130 - - [25/Oct/2015:08:21:04 -0700] "GET /lib/reccapi.php?resort=redmountain HTTP/1.1" 200 900 "-" "node-superagent/0.18.2"
170.75.162.130 - - [25/Oct/2015:08:21:04 -0700] "GET /lib/reccapi.php?resort=whistlerblackcomb HTTP/1.1" 200 922 "-" "node-superagent/0.18.2"
170.75.162.130 - - [25/Oct/2015:08:23:04 -0700] "GET /lib/reccapi.php?resort=mtrose HTTP/1.1" 200 989 "-" "node-superagent/0.18.2"
72.47.22.36 - - [25/Oct/2015:08:29:37 -0700] "GET /images/wsis-logo-sm.png HTTP/1.1" 200 6108 "http://www.thebackcountry.net/" "Mozilla/5.0 (iPhone; CPU iPhone OS 9_1 like Mac OS X) AppleWebKit/601.1.46 (KHTML, like Gecko) Version/9.0 Mobile/13B143 Safari/601.1"
123.125.71.112 - - [25/Oct/2015:08:44:22 -0700] "-" 408 0 "-" "-"
180.76.15.141 - - [25/Oct/2015:08:48:42 -0700] "GET / HTTP/1.1" 200 6114 "-" "Mozilla/5.0 (compatible; Baiduspider/2.0; +http://www.baidu.com/search/spider.html)"
180.76.15.33 - - [25/Oct/2015:08:49:34 -0700] "GET / HTTP/1.1" 200 6114 "-" "Mozilla/5.0 (compatible; Baiduspider/2.0; +http://www.baidu.com/search/spider.html)"
220.181.108.184 - - [25/Oct/2015:08:49:56 -0700] "-" 408 0 "-" "-"
108.78.251.91 - - [25/Oct/2015:08:50:24 -0700] "GET /images/wsis-logo-sm.png HTTP/1.1" 200 6108 "http://www.thebackcountry.net/" "Mozilla/5.0 (Macintosh; Intel Mac OS X 10_11_0) AppleWebKit/537.36 (KHTML, like Gecko) Chrome/46.0.2490.71 Safari/537.36"
170.75.162.130 - - [25/Oct/2015:08:50:47 -0700] "GET /lib/reccapi.php?resort=homewoodmountain HTTP/1.1" 200 998 "-" "node-superagent/0.18.2"
104.177.110.182 - - [25/Oct/2015:08:57:23 -0700] "GET /images/wsis-logo-sm.png HTTP/1.1" 200 6108 "http://www.thebackcountry.net/" "Mozilla/5.0 (Macintosh; Intel Mac OS X 10_10_4) AppleWebKit/537.36 (KHTML, like Gecko) Chrome/45.0.2454.101 Safari/537.36"
151.25.238.78 - - [25/Oct/2015:09:03:18 -0700] "GET /images/wsis-logo-sm.png HTTP/1.1" 200 6108 "http://www.thebackcountry.net/" "Mozilla/5.0 (Macintosh; Intel Mac OS X 10_9_5) AppleWebKit/537.78.2 (KHTML, like Gecko) Version/7.0.6 Safari/537.78.2"
170.75.162.130 - - [25/Oct/2015:09:12:20 -0700] "GET /lib/reccapi.php?resort=crestedbutte HTTP/1.1" 200 981 "-" "node-superagent/0.18.2"
170.75.162.130 - - [25/Oct/2015:09:16:30 -0700] "GET /lib/reccapi.php?resort=mammothmountain HTTP/1.1" 200 1027 "-" "node-superagent/0.18.2"
170.75.162.130 - - [25/Oct/2015:09:16:30 -0700] "GET /lib/reccapi.php?resort=chinapeak HTTP/1.1" 200 991 "-" "node-superagent/0.18.2"
75.111.105.192 - - [25/Oct/2015:09:19:37 -0700] "GET /images/wsis-logo-sm.png HTTP/1.1" 200 6108 "http://thebackcountry.net/" "Mozilla/5.0 (Linux; Android 4.4.4; XT830C Build/KXC21.5-40) AppleWebKit/537.36 (KHTML, like Gecko) Chrome/46.0.2490.76 Mobile Safari/537.36"
170.75.162.130 - - [25/Oct/2015:09:19:50 -0700] "GET /lib/reccapi.php?resort=alpinemeadows HTTP/1.1" 200 988 "-" "node-superagent/0.18.2"
170.75.162.130 - - [25/Oct/2015:09:19:51 -0700] "GET /lib/reccapi.php?resort=heavenly HTTP/1.1" 200 1026 "-" "node-superagent/0.18.2"
170.75.162.130 - - [25/Oct/2015:09:19:51 -0700] "GET /lib/reccapi.php?resort=mountainhigh HTTP/1.1" 200 1006 "-" "node-superagent/0.18.2"
170.75.162.130 - - [25/Oct/2015:09:30:52 -0700] "GET /lib/reccapi.php?resort=arapahoebasin HTTP/1.1" 200 1000 "-" "node-superagent/0.18.2"
170.75.162.130 - - [25/Oct/2015:09:41:13 -0700] "GET /lib/reccapi.php?resort=hoodoo HTTP/1.1" 200 1048 "-" "node-superagent/0.18.2"
170.75.162.130 - - [25/Oct/2015:09:41:13 -0700] "GET /lib/reccapi.php?resort=mountbachelor HTTP/1.1" 200 1038 "-" "node-superagent/0.18.2"
170.75.162.130 - - [25/Oct/2015:09:41:13 -0700] "GET /lib/reccapi.php?resort=mounthoodmeadows HTTP/1.1" 200 1066 "-" "node-superagent/0.18.2"
123.125.71.70 - - [25/Oct/2015:09:43:43 -0700] "-" 408 0 "-" "-"
180.76.15.5 - - [25/Oct/2015:09:48:55 -0700] "GET / HTTP/1.1" 200 6114 "-" "Mozilla/5.0 (compatible; Baiduspider/2.0; +http://www.baidu.com/search/spider.html)"
220.181.108.154 - - [25/Oct/2015:09:49:18 -0700] "-" 408 0 "-" "-"
180.76.15.18 - - [25/Oct/2015:09:49:50 -0700] "GET / HTTP/1.1" 200 6114 "-" "Mozilla/5.0 (compatible; Baiduspider/2.0; +http://www.baidu.com/search/spider.html)"
170.75.162.130 - - [25/Oct/2015:09:54:04 -0700] "GET /lib/reccapi.php?resort=stevenspass HTTP/1.1" 200 990 "-" "node-superagent/0.18.2"
170.75.162.130 - - [25/Oct/2015:09:57:25 -0700] "GET /lib/reccapi.php?resort=alta HTTP/1.1" 200 939 "-" "node-superagent/0.18.2"
170.75.162.130 - - [25/Oct/2015:09:57:25 -0700] "GET /lib/reccapi.php?resort=alyeska HTTP/1.1" 200 983 "-" "node-superagent/0.18.2"
170.75.162.130 - - [25/Oct/2015:09:57:25 -0700] "GET /lib/reccapi.php?resort=aspenheights HTTP/1.1" 200 986 "-" "node-superagent/0.18.2"
170.75.162.130 - - [25/Oct/2015:09:57:35 -0700] "GET /lib/reccapi.php?resort=brighton HTTP/1.1" 200 950 "-" "node-superagent/0.18.2"
170.75.162.130 - - [25/Oct/2015:09:57:35 -0700] "GET /lib/reccapi.php?resort=cannonmountain HTTP/1.1" 200 1046 "-" "node-superagent/0.18.2"
170.75.162.130 - - [25/Oct/2015:09:57:35 -0700] "GET /lib/reccapi.php?resort=canyons HTTP/1.1" 200 963 "-" "node-superagent/0.18.2"
170.75.162.130 - - [25/Oct/2015:09:57:35 -0700] "GET /lib/reccapi.php?resort=crystalmountain HTTP/1.1" 200 1044 "-" "node-superagent/0.18.2"
170.75.162.130 - - [25/Oct/2015:09:57:36 -0700] "GET /lib/reccapi.php?resort=jaypeak HTTP/1.1" 200 1051 "-" "node-superagent/0.18.2"
170.75.162.130 - - [25/Oct/2015:09:57:36 -0700] "GET /lib/reccapi.php?resort=keystone HTTP/1.1" 200 997 "-" "node-superagent/0.18.2"
170.75.162.130 - - [25/Oct/2015:09:57:36 -0700] "GET /lib/reccapi.php?resort=killington HTTP/1.1" 200 1060 "-" "node-superagent/0.18.2"
170.75.162.130 - - [25/Oct/2015:09:57:36 -0700] "GET /lib/reccapi.php?resort=kirkwood HTTP/1.1" 200 1021 "-" "node-superagent/0.18.2"
170.75.162.130 - - [25/Oct/2015:09:57:36 -0700] "GET /lib/reccapi.php?resort=madriverglen HTTP/1.1" 200 1000 "-" "node-superagent/0.18.2"
170.75.162.130 - - [25/Oct/2015:09:58:25 -0700] "GET /lib/reccapi.php?resort=northstar-at-tahoe HTTP/1.1" 200 1008 "-" "node-superagent/0.18.2"
170.75.162.130 - - [25/Oct/2015:09:58:25 -0700] "GET /lib/reccapi.php?resort=whitefacemountain HTTP/1.1" 200 1046 "-" "node-superagent/0.18.2"
170.75.162.130 - - [25/Oct/2015:09:58:25 -0700] "GET /lib/reccapi.php?resort=stowe HTTP/1.1" 200 977 "-" "node-superagent/0.18.2"
170.75.162.130 - - [25/Oct/2015:09:58:25 -0700] "GET /lib/reccapi.php?resort=snowbird HTTP/1.1" 200 944 "-" "node-superagent/0.18.2"
170.75.162.130 - - [25/Oct/2015:09:58:25 -0700] "GET /lib/reccapi.php?resort=snowmass HTTP/1.1" 200 957 "-" "node-superagent/0.18.2"
170.75.162.130 - - [25/Oct/2015:09:58:25 -0700] "GET /lib/reccapi.php?resort=sugarbush HTTP/1.1" 200 1000 "-" "node-superagent/0.18.2"
170.75.162.130 - - [25/Oct/2015:09:58:25 -0700] "GET /lib/reccapi.php?resort=diamondpeak HTTP/1.1" 200 985 "-" "node-superagent/0.18.2"
170.75.162.130 - - [25/Oct/2015:09:58:25 -0700] "GET /lib/reccapi.php?resort=wildcatmountain HTTP/1.1" 200 1038 "-" "node-superagent/0.18.2"
170.75.162.130 - - [25/Oct/2015:09:58:25 -0700] "GET /lib/reccapi.php?resort=taos HTTP/1.1" 200 932 "-" "node-superagent/0.18.2"
170.75.162.130 - - [25/Oct/2015:09:58:25 -0700] "GET /lib/reccapi.php?resort=sugarloaf HTTP/1.1" 200 1033 "-" "node-superagent/0.18.2"
170.75.162.130 - - [25/Oct/2015:09:58:25 -0700] "GET /lib/reccapi.php?resort=schweitzer HTTP/1.1" 200 963 "-" "node-superagent/0.18.2"
170.75.162.130 - - [25/Oct/2015:09:58:25 -0700] "GET /lib/reccapi.php?resort=sundayriver HTTP/1.1" 200 1034 "-" "node-superagent/0.18.2"
170.75.162.130 - - [25/Oct/2015:09:58:30 -0700] "GET /lib/reccapi.php?resort=mountspokane HTTP/1.1" 200 990 "-" "node-superagent/0.18.2"
170.75.162.130 - - [25/Oct/2015:09:58:35 -0700] "GET /lib/reccapi.php?resort=parkcity HTTP/1.1" 200 973 "-" "node-superagent/0.18.2"
170.75.162.130 - - [25/Oct/2015:09:58:40 -0700] "GET /lib/reccapi.php?resort=smugglersnotch HTTP/1.1" 200 993 "-" "node-superagent/0.18.2"
170.75.162.130 - - [25/Oct/2015:09:58:45 -0700] "GET /lib/reccapi.php?resort=buttermilk HTTP/1.1" 200 980 "-" "node-superagent/0.18.2"
170.75.162.130 - - [25/Oct/2015:09:58:50 -0700] "GET /lib/reccapi.php?resort=monarch HTTP/1.1" 200 962 "-" "node-superagent/0.18.2"
170.75.162.130 - - [25/Oct/2015:09:58:55 -0700] "GET /lib/reccapi.php?resort=squawvalleyusa HTTP/1.1" 200 997 "-" "node-superagent/0.18.2"
170.75.162.130 - - [25/Oct/2015:09:59:00 -0700] "GET /lib/reccapi.php?resort=steamboat HTTP/1.1" 200 982 "-" "node-superagent/0.18.2"
170.75.162.130 - - [25/Oct/2015:09:59:05 -0700] "GET /lib/reccapi.php?resort=sunpeaksresort HTTP/1.1" 200 911 "-" "node-superagent/0.18.2"
170.75.162.130 - - [25/Oct/2015:09:59:10 -0700] "GET /lib/reccapi.php?resort=sunvalley HTTP/1.1" 200 970 "-" "node-superagent/0.18.2"
170.75.162.130 - - [25/Oct/2015:09:59:15 -0700] "GET /lib/reccapi.php?resort=redlodge HTTP/1.1" 200 1049 "-" "node-superagent/0.18.2"
170.75.162.130 - - [25/Oct/2015:09:59:20 -0700] "GET /lib/reccapi.php?resort=silverstarmountain HTTP/1.1" 200 929 "-" "node-superagent/0.18.2"
170.75.162.130 - - [25/Oct/2015:09:59:25 -0700] "GET /lib/reccapi.php?resort=telluride HTTP/1.1" 200 982 "-" "node-superagent/0.18.2"
123.125.71.74 - - [25/Oct/2015:10:45:57 -0700] "-" 408 0 "-" "-"
220.181.108.158 - - [25/Oct/2015:10:52:19 -0700] "-" 408 0 "-" "-"
69.30.200.44 - - [25/Oct/2015:10:53:14 -0700] "GET / HTTP/1.1" 200 2339 "http://www.whereshouldiski.com" "Mozilla/5.0 (Windows NT 6.1; WOW64; rv:34.0) Gecko/20100101 Firefox/34.0"
180.76.15.139 - - [25/Oct/2015:11:08:27 -0700] "GET /resorts?resort=keystone&date=2014-05-04 HTTP/1.1" 404 472 "-" "Mozilla/5.0 (compatible; Baiduspider/2.0; +http://www.baidu.com/search/spider.html)"
98.238.149.45 - - [25/Oct/2015:11:12:19 -0700] "GET /images/wsis-logo-sm.png HTTP/1.1" 200 6108 "http://www.thebackcountry.net/" "Mozilla/5.0 (Macintosh; Intel Mac OS X 10.10; rv:41.0) Gecko/20100101 Firefox/41.0"
137.226.113.7 - - [25/Oct/2015:11:26:40 -0700] "GET / HTTP/1.1" 200 6151 "-" "Scanning for research (researchscan.comsys.rwth-aachen.de)"
137.226.113.7 - - [25/Oct/2015:11:26:40 -0700] "GET / HTTP/1.1" 200 6150 "-" "Scanning for research (researchscan.comsys.rwth-aachen.de)"
66.249.79.234 - - [25/Oct/2015:11:34:28 -0700] "GET /robots.txt HTTP/1.1" 200 419 "-" "Mozilla/5.0 (compatible; Googlebot/2.1; +http://www.google.com/bot.html)"
66.249.79.227 - - [25/Oct/2015:11:34:28 -0700] "GET /resorts?resort=silverstarmountain HTTP/1.1" 404 506 "-" "Mozilla/5.0 (compatible; Googlebot/2.1; +http://www.google.com/bot.html)"
180.76.15.137 - - [25/Oct/2015:11:39:30 -0700] "GET / HTTP/1.1" 200 6114 "-" "Mozilla/5.0 (compatible; Baiduspider/2.0; +http://www.baidu.com/search/spider.html)"
180.76.15.32 - - [25/Oct/2015:11:39:55 -0700] "GET / HTTP/1.1" 200 6114 "-" "Mozilla/5.0 (compatible; Baiduspider/2.0; +http://www.baidu.com/search/spider.html)"
170.75.162.130 - - [25/Oct/2015:11:52:38 -0700] "GET /lib/reccapi.php?resort=winterpark HTTP/1.1" 200 995 "-" "node-superagent/0.18.2"
66.249.79.220 - - [25/Oct/2015:11:54:42 -0700] "GET /resorts?resort=winterpark HTTP/1.1" 404 506 "-" "Mozilla/5.0 (compatible; Googlebot/2.1; +http://www.google.com/bot.html)"
170.75.162.130 - - [25/Oct/2015:12:05:09 -0700] "GET /lib/reccapi.php?resort=sugarbowl HTTP/1.1" 200 1005 "-" "node-superagent/0.18.2"
123.125.71.20 - - [25/Oct/2015:12:36:07 -0700] "GET / HTTP/1.1" 200 2339 "-" "Mozilla/5.0 (Windows NT 5.1; rv:6.0.2) Gecko/20100101 Firefox/6.0.2"
123.125.71.26 - - [25/Oct/2015:12:36:09 -0700] "GET / HTTP/1.1" 200 6114 "-" "Mozilla/5.0 (Windows NT 5.1; rv:6.0.2) Gecko/20100101 Firefox/6.0.2"
170.75.162.130 - - [25/Oct/2015:12:48:04 -0700] "GET /lib/reccapi.php?resort=angelfire HTTP/1.1" 200 970 "-" "node-superagent/0.18.2"
220.181.108.162 - - [25/Oct/2015:12:48:56 -0700] "-" 408 0 "-" "-"
75.142.251.76 - - [25/Oct/2015:12:51:49 -0700] "GET /images/wsis-logo-sm.png HTTP/1.1" 200 6108 "http://www.thebackcountry.net/" "Mozilla/5.0 (Macintosh; Intel Mac OS X 10_10_5) AppleWebKit/537.36 (KHTML, like Gecko) Chrome/46.0.2490.71 Safari/537.36"
75.142.251.76 - - [25/Oct/2015:12:53:58 -0700] "-" 408 0 "-" "-"
75.142.251.76 - - [25/Oct/2015:12:53:58 -0700] "-" 408 0 "-" "-"
75.142.251.76 - - [25/Oct/2015:12:53:58 -0700] "-" 408 0 "-" "-"
180.76.15.158 - - [25/Oct/2015:13:12:20 -0700] "GET / HTTP/1.1" 200 6114 "-" "Mozilla/5.0 (compatible; Baiduspider/2.0; +http://www.baidu.com/search/spider.html)"
180.76.15.149 - - [25/Oct/2015:13:13:35 -0700] "GET / HTTP/1.1" 200 6114 "-" "Mozilla/5.0 (compatible; Baiduspider/2.0; +http://www.baidu.com/search/spider.html)"
170.75.162.130 - - [25/Oct/2015:13:14:48 -0700] "GET /lib/reccapi.php?resort=aspenmountain HTTP/1.1" 200 995 "-" "node-superagent/0.18.2"
170.75.162.130 - - [25/Oct/2015:13:14:48 -0700] "GET /lib/reccapi.php?resort=coppermountain HTTP/1.1" 200 983 "-" "node-superagent/0.18.2"
170.75.162.130 - - [25/Oct/2015:13:14:48 -0700] "GET /lib/reccapi.php?resort=crestedbutte HTTP/1.1" 200 981 "-" "node-superagent/0.18.2"
170.75.162.130 - - [25/Oct/2015:13:14:48 -0700] "GET /lib/reccapi.php?resort=homewoodmountain HTTP/1.1" 200 999 "-" "node-superagent/0.18.2"
170.75.162.130 - - [25/Oct/2015:13:14:49 -0700] "GET /lib/reccapi.php?resort=loveland HTTP/1.1" 200 1011 "-" "node-superagent/0.18.2"
170.75.162.130 - - [25/Oct/2015:13:14:49 -0700] "GET /lib/reccapi.php?resort=sierra-at-tahoe HTTP/1.1" 200 975 "-" "node-superagent/0.18.2"
144.76.7.107 - - [25/Oct/2015:13:20:34 -0700] "GET /robots.txt HTTP/1.0" 200 338 "-" "Mozilla/5.0 (compatible; MJ12bot/v1.4.5; http://www.majestic12.co.uk/bot.php?+)"
144.76.7.107 - - [25/Oct/2015:13:20:36 -0700] "GET /about HTTP/1.0" 404 495 "-" "Mozilla/5.0 (compatible; MJ12bot/v1.4.5; http://www.majestic12.co.uk/bot.php?+)"
144.76.7.107 - - [25/Oct/2015:13:20:38 -0700] "GET /resorts?resort=mountainhigh HTTP/1.0" 404 469 "-" "Mozilla/5.0 (compatible; MJ12bot/v1.4.5; http://www.majestic12.co.uk/bot.php?+)"
144.76.7.107 - - [25/Oct/2015:13:20:39 -0700] "GET /resorts?resort=mountbachelor HTTP/1.0" 404 469 "-" "Mozilla/5.0 (compatible; MJ12bot/v1.4.5; http://www.majestic12.co.uk/bot.php?+)"
144.76.7.107 - - [25/Oct/2015:13:20:41 -0700] "GET /resorts?resort=winterpark HTTP/1.0" 404 469 "-" "Mozilla/5.0 (compatible; MJ12bot/v1.4.5; http://www.majestic12.co.uk/bot.php?+)"
144.76.7.107 - - [25/Oct/2015:13:20:42 -0700] "GET /robots.txt HTTP/1.0" 200 338 "-" "Mozilla/5.0 (compatible; MJ12bot/v1.4.5; http://www.majestic12.co.uk/bot.php?+)"
144.76.7.107 - - [25/Oct/2015:13:20:44 -0700] "GET /about HTTP/1.0" 404 499 "-" "Mozilla/5.0 (compatible; MJ12bot/v1.4.5; http://www.majestic12.co.uk/bot.php?+)"
157.55.39.42 - - [25/Oct/2015:13:21:15 -0700] "GET /robots.txt HTTP/1.1" 200 375 "-" "Mozilla/5.0 (compatible; bingbot/2.0; +http://www.bing.com/bingbot.htm)"
157.55.39.42 - - [25/Oct/2015:13:21:19 -0700] "GET /resorts?resort=portillo&date=2014-08-19 HTTP/1.1" 404 509 "-" "Mozilla/5.0 (compatible; bingbot/2.0; +http://www.bing.com/bingbot.htm)"
96.38.186.77 - - [25/Oct/2015:13:39:02 -0700] "GET /images/wsis-logo-sm.png HTTP/1.1" 200 6108 "http://www.thebackcountry.net/" "Mozilla/5.0 (Windows NT 6.1; WOW64) AppleWebKit/537.36 (KHTML, like Gecko) Chrome/46.0.2490.71 Safari/537.36"
123.125.71.113 - - [25/Oct/2015:13:43:54 -0700] "-" 408 0 "-" "-"
220.181.108.183 - - [25/Oct/2015:13:50:23 -0700] "-" 408 0 "-" "-"
180.76.15.142 - - [25/Oct/2015:13:57:38 -0700] "GET / HTTP/1.1" 200 6114 "-" "Mozilla/5.0 (compatible; Baiduspider/2.0; +http://www.baidu.com/search/spider.html)"
180.76.15.11 - - [25/Oct/2015:13:58:49 -0700] "GET / HTTP/1.1" 200 6114 "-" "Mozilla/5.0 (compatible; Baiduspider/2.0; +http://www.baidu.com/search/spider.html)"
170.75.162.130 - - [25/Oct/2015:14:15:14 -0700] "GET /lib/reccapi.php?resort=heavenly HTTP/1.1" 200 1026 "-" "node-superagent/0.18.2"
107.150.42.186 - - [25/Oct/2015:14:24:17 -0700] "GET / HTTP/1.1" 200 2376 "-" "Mozilla/5.0 (Windows NT 6.1; Trident/7.0; rv:11.0) like Gecko"
68.65.167.165 - - [25/Oct/2015:14:29:43 -0700] "GET /images/wsis-logo-sm.png HTTP/1.1" 200 6108 "http://thebackcountry.net/" "Mozilla/5.0 (Macintosh; Intel Mac OS X 10.9; rv:41.0) Gecko/20100101 Firefox/41.0"
170.75.162.130 - - [25/Oct/2015:14:39:17 -0700] "GET /lib/reccapi.php?resort=mountbachelor HTTP/1.1" 200 1038 "-" "node-superagent/0.18.2"
170.75.162.130 - - [25/Oct/2015:14:42:37 -0700] "GET /lib/reccapi.php?resort=crystalmountain HTTP/1.1" 200 1044 "-" "node-superagent/0.18.2"
170.75.162.130 - - [25/Oct/2015:14:42:57 -0700] "GET /lib/reccapi.php?resort=stevenspass HTTP/1.1" 200 990 "-" "node-superagent/0.18.2"
108.59.8.70 - - [25/Oct/2015:14:44:06 -0700] "GET /robots.txt HTTP/1.0" 200 338 "-" "Mozilla/5.0 (compatible; MJ12bot/v1.4.5; http://www.majestic12.co.uk/bot.php?+)"
108.59.8.70 - - [25/Oct/2015:14:44:08 -0700] "GET /robots.txt HTTP/1.0" 200 338 "-" "Mozilla/5.0 (compatible; MJ12bot/v1.4.5; http://www.majestic12.co.uk/bot.php?+)"
123.125.71.70 - - [25/Oct/2015:14:44:22 -0700] "-" 408 0 "-" "-"
180.76.15.20 - - [25/Oct/2015:14:44:48 -0700] "GET / HTTP/1.1" 200 6114 "-" "Mozilla/5.0 (compatible; Baiduspider/2.0; +http://www.baidu.com/search/spider.html)"
180.76.15.142 - - [25/Oct/2015:14:45:33 -0700] "GET / HTTP/1.1" 200 6114 "-" "Mozilla/5.0 (compatible; Baiduspider/2.0; +http://www.baidu.com/search/spider.html)"
220.181.108.156 - - [25/Oct/2015:14:50:56 -0700] "-" 408 0 "-" "-"
170.75.162.130 - - [25/Oct/2015:14:50:58 -0700] "GET /lib/reccapi.php?resort=parkcity HTTP/1.1" 200 973 "-" "node-superagent/0.18.2"
68.180.229.34 - - [25/Oct/2015:14:51:42 -0700] "GET /robots.txt HTTP/1.1" 200 319 "-" "Mozilla/5.0 (compatible; Yahoo! Slurp; http://help.yahoo.com/help/us/ysearch/slurp)"
68.180.229.34 - - [25/Oct/2015:14:51:42 -0700] "GET /resorts?resort=crystalmountain HTTP/1.1" 404 450 "-" "Mozilla/5.0 (compatible; Yahoo! Slurp; http://help.yahoo.com/help/us/ysearch/slurp)"
170.75.162.130 - - [25/Oct/2015:14:57:59 -0700] "GET /lib/reccapi.php?resort=steamboat HTTP/1.1" 200 982 "-" "node-superagent/0.18.2"
170.75.162.130 - - [25/Oct/2015:15:06:30 -0700] "GET /lib/reccapi.php?resort=mtrose HTTP/1.1" 200 987 "-" "node-superagent/0.18.2"
73.153.4.112 - - [25/Oct/2015:15:11:24 -0700] "GET /images/wsis-logo-sm.png HTTP/1.1" 200 6108 "http://www.thebackcountry.net/" "Mozilla/5.0 (iPhone; CPU iPhone OS 9_1 like Mac OS X) AppleWebKit/601.1.46 (KHTML, like Gecko) Version/9.0 Mobile/13B143 Safari/601.1"
185.25.148.240 - - [25/Oct/2015:15:16:28 -0700] "GET http://testp2.czar.bielawa.pl/testproxy.php HTTP/1.1" 404 452 "-" "Mozilla/5.0 (Windows NT 5.1; rv:32.0) Gecko/20100101 Firefox/31.0"
66.102.9.97 - - [25/Oct/2015:15:16:54 -0700] "GET /images/wsis-logo-sm.png HTTP/1.1" 200 6108 "http://thebackcountry.net/" "Mozilla/5.0 (X11; Linux x86_64) AppleWebKit/537.36 (KHTML, like Gecko; Google Web Preview) Chrome/27.0.1453 Safari/537.36"
170.75.162.130 - - [25/Oct/2015:15:31:03 -0700] "GET /lib/reccapi.php?resort=alyeska HTTP/1.1" 200 985 "-" "node-superagent/0.18.2"
170.75.162.130 - - [25/Oct/2015:15:31:03 -0700] "GET /lib/reccapi.php?resort=aspenheights HTTP/1.1" 200 988 "-" "node-superagent/0.18.2"
170.75.162.130 - - [25/Oct/2015:15:31:03 -0700] "GET /lib/reccapi.php?resort=buttermilk HTTP/1.1" 200 979 "-" "node-superagent/0.18.2"
170.75.162.130 - - [25/Oct/2015:15:31:04 -0700] "GET /lib/reccapi.php?resort=snowmass HTTP/1.1" 200 957 "-" "node-superagent/0.18.2"
170.75.162.130 - - [25/Oct/2015:15:31:13 -0700] "GET /lib/reccapi.php?resort=arapahoebasin HTTP/1.1" 200 1001 "-" "node-superagent/0.18.2"
170.75.162.130 - - [25/Oct/2015:15:31:13 -0700] "GET /lib/reccapi.php?resort=alpinemeadows HTTP/1.1" 200 987 "-" "node-superagent/0.18.2"
170.75.162.130 - - [25/Oct/2015:15:31:13 -0700] "GET /lib/reccapi.php?resort=bigwhite HTTP/1.1" 200 910 "-" "node-superagent/0.18.2"
170.75.162.130 - - [25/Oct/2015:15:31:13 -0700] "GET /lib/reccapi.php?resort=chinapeak HTTP/1.1" 200 991 "-" "node-superagent/0.18.2"
170.75.162.130 - - [25/Oct/2015:15:31:14 -0700] "GET /lib/reccapi.php?resort=diamondpeak HTTP/1.1" 200 955 "-" "node-superagent/0.18.2"
170.75.162.130 - - [25/Oct/2015:15:31:14 -0700] "GET /lib/reccapi.php?resort=keystone HTTP/1.1" 200 997 "-" "node-superagent/0.18.2"
170.75.162.130 - - [25/Oct/2015:15:31:14 -0700] "GET /lib/reccapi.php?resort=kirkwood HTTP/1.1" 200 1021 "-" "node-superagent/0.18.2"
170.75.162.130 - - [25/Oct/2015:15:31:14 -0700] "GET /lib/reccapi.php?resort=mammothmountain HTTP/1.1" 200 999 "-" "node-superagent/0.18.2"
170.75.162.130 - - [25/Oct/2015:15:32:03 -0700] "GET /lib/reccapi.php?resort=northstar-at-tahoe HTTP/1.1" 200 976 "-" "node-superagent/0.18.2"
170.75.162.130 - - [25/Oct/2015:15:32:03 -0700] "GET /lib/reccapi.php?resort=monarch HTTP/1.1" 200 963 "-" "node-superagent/0.18.2"
170.75.162.130 - - [25/Oct/2015:15:32:03 -0700] "GET /lib/reccapi.php?resort=mountainhigh HTTP/1.1" 200 1005 "-" "node-superagent/0.18.2"
170.75.162.130 - - [25/Oct/2015:15:32:03 -0700] "GET /lib/reccapi.php?resort=redmountain HTTP/1.1" 200 899 "-" "node-superagent/0.18.2"
170.75.162.130 - - [25/Oct/2015:15:32:03 -0700] "GET /lib/reccapi.php?resort=schweitzer HTTP/1.1" 200 964 "-" "node-superagent/0.18.2"
170.75.162.130 - - [25/Oct/2015:15:32:03 -0700] "GET /lib/reccapi.php?resort=silverstarmountain HTTP/1.1" 200 927 "-" "node-superagent/0.18.2"
170.75.162.130 - - [25/Oct/2015:15:32:03 -0700] "GET /lib/reccapi.php?resort=squawvalleyusa HTTP/1.1" 200 991 "-" "node-superagent/0.18.2"
170.75.162.130 - - [25/Oct/2015:15:32:03 -0700] "GET /lib/reccapi.php?resort=sunpeaksresort HTTP/1.1" 200 913 "-" "node-superagent/0.18.2"
170.75.162.130 - - [25/Oct/2015:15:32:03 -0700] "GET /lib/reccapi.php?resort=telluride HTTP/1.1" 200 983 "-" "node-superagent/0.18.2"
170.75.162.130 - - [25/Oct/2015:15:32:03 -0700] "GET /lib/reccapi.php?resort=sunvalley HTTP/1.1" 200 972 "-" "node-superagent/0.18.2"
170.75.162.130 - - [25/Oct/2015:15:32:03 -0700] "GET /lib/reccapi.php?resort=bigsky HTTP/1.1" 200 1020 "-" "node-superagent/0.18.2"
170.75.162.130 - - [25/Oct/2015:15:32:03 -0700] "GET /lib/reccapi.php?resort=whistlerblackcomb HTTP/1.1" 200 921 "-" "node-superagent/0.18.2"
170.75.162.130 - - [25/Oct/2015:15:32:08 -0700] "GET /lib/reccapi.php?resort=killington HTTP/1.1" 200 1062 "-" "node-superagent/0.18.2"
170.75.162.130 - - [25/Oct/2015:15:32:13 -0700] "GET /lib/reccapi.php?resort=madriverglen HTTP/1.1" 200 1000 "-" "node-superagent/0.18.2"
170.75.162.130 - - [25/Oct/2015:15:32:18 -0700] "GET /lib/reccapi.php?resort=smugglersnotch HTTP/1.1" 200 995 "-" "node-superagent/0.18.2"
170.75.162.130 - - [25/Oct/2015:15:32:23 -0700] "GET /lib/reccapi.php?resort=stowe HTTP/1.1" 200 977 "-" "node-superagent/0.18.2"
170.75.162.130 - - [25/Oct/2015:15:32:28 -0700] "GET /lib/reccapi.php?resort=sugarbush HTTP/1.1" 200 1002 "-" "node-superagent/0.18.2"
170.75.162.130 - - [25/Oct/2015:15:32:33 -0700] "GET /lib/reccapi.php?resort=sugarloaf HTTP/1.1" 200 1034 "-" "node-superagent/0.18.2"
170.75.162.130 - - [25/Oct/2015:15:32:38 -0700] "GET /lib/reccapi.php?resort=wildcatmountain HTTP/1.1" 200 1039 "-" "node-superagent/0.18.2"
170.75.162.130 - - [25/Oct/2015:15:32:43 -0700] "GET /lib/reccapi.php?resort=hoodoo HTTP/1.1" 200 1029 "-" "node-superagent/0.18.2"
170.75.162.130 - - [25/Oct/2015:15:32:48 -0700] "GET /lib/reccapi.php?resort=mounthoodmeadows HTTP/1.1" 200 1059 "-" "node-superagent/0.18.2"
170.75.162.130 - - [25/Oct/2015:15:32:53 -0700] "GET /lib/reccapi.php?resort=taos HTTP/1.1" 200 932 "-" "node-superagent/0.18.2"
170.75.162.130 - - [25/Oct/2015:15:32:58 -0700] "GET /lib/reccapi.php?resort=whitefacemountain HTTP/1.1" 200 1048 "-" "node-superagent/0.18.2"
170.75.162.130 - - [25/Oct/2015:15:33:03 -0700] "GET /lib/reccapi.php?resort=49degreesnorth HTTP/1.1" 200 988 "-" "node-superagent/0.18.2"
170.75.162.130 - - [25/Oct/2015:15:33:08 -0700] "GET /lib/reccapi.php?resort=alta HTTP/1.1" 200 940 "-" "node-superagent/0.18.2"
170.75.162.130 - - [25/Oct/2015:15:33:13 -0700] "GET /lib/reccapi.php?resort=canyons HTTP/1.1" 200 964 "-" "node-superagent/0.18.2"
170.75.162.130 - - [25/Oct/2015:15:33:18 -0700] "GET /lib/reccapi.php?resort=deervalley HTTP/1.1" 200 996 "-" "node-superagent/0.18.2"
170.75.162.130 - - [25/Oct/2015:15:33:23 -0700] "GET /lib/reccapi.php?resort=devilshead HTTP/1.1" 200 944 "-" "node-superagent/0.18.2"
170.75.162.130 - - [25/Oct/2015:15:33:28 -0700] "GET /lib/reccapi.php?resort=snowbird HTTP/1.1" 200 945 "-" "node-superagent/0.18.2"
170.75.162.130 - - [25/Oct/2015:15:33:33 -0700] "GET /lib/reccapi.php?resort=solitude HTTP/1.1" 200 941 "-" "node-superagent/0.18.2"
208.59.143.49 - - [25/Oct/2015:15:33:36 -0700] "GET / HTTP/1.1" 200 2376 "-" "Mozilla/5.0 (iPhone; CPU iPhone OS 9_1 like Mac OS X) AppleWebKit/601.1.46 (KHTML, like Gecko) Version/9.0 Mobile/13B143 Safari/601.1"
208.59.143.49 - - [25/Oct/2015:15:33:36 -0700] "GET /styles/0fffd548.main.css HTTP/1.1" 200 19316 "http://whereshouldiski.com/" "Mozilla/5.0 (iPhone; CPU iPhone OS 9_1 like Mac OS X) AppleWebKit/601.1.46 (KHTML, like Gecko) Version/9.0 Mobile/13B143 Safari/601.1"
208.59.143.49 - - [25/Oct/2015:15:33:36 -0700] "GET /scripts/scripts/vendor/modernizr.js HTTP/1.1" 200 4903 "http://whereshouldiski.com/" "Mozilla/5.0 (iPhone; CPU iPhone OS 9_1 like Mac OS X) AppleWebKit/601.1.46 (KHTML, like Gecko) Version/9.0 Mobile/13B143 Safari/601.1"
208.59.143.49 - - [25/Oct/2015:15:33:36 -0700] "GET /images/loading.gif HTTP/1.1" 200 13882 "http://whereshouldiski.com/" "Mozilla/5.0 (iPhone; CPU iPhone OS 9_1 like Mac OS X) AppleWebKit/601.1.46 (KHTML, like Gecko) Version/9.0 Mobile/13B143 Safari/601.1"
208.59.143.49 - - [25/Oct/2015:15:33:36 -0700] "GET /bower_components/requirejs/require.js HTTP/1.1" 200 6702 "http://whereshouldiski.com/" "Mozilla/5.0 (iPhone; CPU iPhone OS 9_1 like Mac OS X) AppleWebKit/601.1.46 (KHTML, like Gecko) Version/9.0 Mobile/13B143 Safari/601.1"
208.59.143.49 - - [25/Oct/2015:15:33:36 -0700] "GET /images/logo-sm.png HTTP/1.1" 200 16738 "http://whereshouldiski.com/" "Mozilla/5.0 (iPhone; CPU iPhone OS 9_1 like Mac OS X) AppleWebKit/601.1.46 (KHTML, like Gecko) Version/9.0 Mobile/13B143 Safari/601.1"
208.59.143.49 - - [25/Oct/2015:15:33:37 -0700] "GET /scripts/fa48e319.main.js HTTP/1.1" 200 79456 "http://whereshouldiski.com/" "Mozilla/5.0 (iPhone; CPU iPhone OS 9_1 like Mac OS X) AppleWebKit/601.1.46 (KHTML, like Gecko) Version/9.0 Mobile/13B143 Safari/601.1"
170.75.162.130 - - [25/Oct/2015:15:33:38 -0700] "GET /lib/reccapi.php?resort=grandtarghee HTTP/1.1" 200 1024 "-" "node-superagent/0.18.2"
170.75.162.130 - - [25/Oct/2015:15:33:43 -0700] "GET /lib/reccapi.php?resort=jacksonhole HTTP/1.1" 200 1008 "-" "node-superagent/0.18.2"
170.75.162.130 - - [25/Oct/2015:15:33:48 -0700] "GET /lib/reccapi.php?resort=redlodge HTTP/1.1" 200 1029 "-" "node-superagent/0.18.2"
170.75.162.130 - - [25/Oct/2015:15:33:53 -0700] "GET /lib/reccapi.php?resort=sundayriver HTTP/1.1" 200 1034 "-" "node-superagent/0.18.2"
170.75.162.130 - - [25/Oct/2015:15:33:58 -0700] "GET /lib/reccapi.php?resort=brianhead HTTP/1.1" 200 1032 "-" "node-superagent/0.18.2"
170.75.162.130 - - [25/Oct/2015:15:34:03 -0700] "GET /lib/reccapi.php?resort=brighton HTTP/1.1" 200 950 "-" "node-superagent/0.18.2"
170.75.162.130 - - [25/Oct/2015:15:34:08 -0700] "GET /lib/reccapi.php?resort=cannonmountain HTTP/1.1" 200 1044 "-" "node-superagent/0.18.2"
170.75.162.130 - - [25/Oct/2015:15:34:13 -0700] "GET /lib/reccapi.php?resort=jaypeak HTTP/1.1" 200 1054 "-" "node-superagent/0.18.2"
170.75.162.130 - - [25/Oct/2015:15:34:18 -0700] "GET /lib/reccapi.php?resort=mountspokane HTTP/1.1" 200 989 "-" "node-superagent/0.18.2"
170.75.162.130 - - [25/Oct/2015:15:34:23 -0700] "GET /lib/reccapi.php?resort=snowbasin HTTP/1.1" 200 951 "-" "node-superagent/0.18.2"
180.76.15.163 - - [25/Oct/2015:15:35:26 -0700] "GET /robots.txt HTTP/1.1" 200 382 "-" "Mozilla/5.0 (Windows NT 5.1; rv:6.0.2) Gecko/20100101 Firefox/6.0.2"
195.154.200.68 - - [25/Oct/2015:15:46:39 -0700] "GET /robots.txt HTTP/1.0" 200 375 "-" "Mozilla/5.0 (compatible; MJ12bot/v1.4.5; http://www.majestic12.co.uk/bot.php?+)"
195.154.200.68 - - [25/Oct/2015:15:47:05 -0700] "GET / HTTP/1.1" 200 6095 "-" "Mozilla/5.0 (compatible; MJ12bot/v1.4.5; http://www.majestic12.co.uk/bot.php?+)"
70.214.33.176 - - [25/Oct/2015:15:57:57 -0700] "GET /images/wsis-logo-sm.png HTTP/1.1" 200 6108 "http://www.thebackcountry.net/" "Mozilla/5.0 (iPhone; CPU iPhone OS 7_0_4 like Mac OS X) AppleWebKit/537.51.1 (KHTML, like Gecko) Version/7.0 Mobile/11B554a Safari/9537.53"
170.75.162.130 - - [25/Oct/2015:16:09:38 -0700] "GET /lib/reccapi.php?resort=winterpark HTTP/1.1" 200 994 "-" "node-superagent/0.18.2"
37.29.74.162 - - [25/Oct/2015:16:11:43 -0700] "GET / HTTP/1.1" 200 2320 "-" "Mozilla/5.0 (Windows NT 6.1; WOW64) AppleWebKit/537.36 (KHTML, like Gecko) Chrome/39.0.2171.95  Safari/537.36"
73.34.26.5 - - [25/Oct/2015:16:24:50 -0700] "GET /images/wsis-logo-sm.png HTTP/1.1" 200 6108 "http://www.thebackcountry.net/" "Mozilla/5.0 (Macintosh; Intel Mac OS X 10_11) AppleWebKit/601.1.56 (KHTML, like Gecko) Version/9.0 Safari/601.1.56"
75.111.105.93 - - [25/Oct/2015:16:29:17 -0700] "GET /images/wsis-logo-sm.png HTTP/1.1" 200 6108 "http://www.thebackcountry.net/" "Mozilla/5.0 (Linux; Android 4.4.2; SM-G900T Build/KOT49H) AppleWebKit/537.36 (KHTML, like Gecko) Chrome/45.0.2454.94 Mobile Safari/537.36"
123.125.71.74 - - [25/Oct/2015:16:43:00 -0700] "-" 408 0 "-" "-"
66.249.74.15 - - [25/Oct/2015:16:43:38 -0700] "GET /robots.txt HTTP/1.1" 200 419 "-" "Mozilla/5.0 (compatible; Googlebot/2.1; +http://www.google.com/bot.html)"
66.249.74.9 - - [25/Oct/2015:16:43:38 -0700] "GET / HTTP/1.1" 200 2376 "-" "Mozilla/5.0 (iPhone; CPU iPhone OS 8_3 like Mac OS X) AppleWebKit/600.1.4 (KHTML, like Gecko) Version/8.0 Mobile/12F70 Safari/600.1.4 (compatible; Googlebot/2.1; +http://www.google.com/bot.html)"
207.255.190.112 - - [25/Oct/2015:16:44:07 -0700] "GET /images/wsis-logo-sm.png HTTP/1.1" 200 6108 "http://www.thebackcountry.net/" "Mozilla/5.0 (Windows NT 6.1; WOW64) AppleWebKit/537.36 (KHTML, like Gecko) Chrome/45.0.2454.101 Safari/537.36"
220.181.108.159 - - [25/Oct/2015:16:48:15 -0700] "-" 408 0 "-" "-"
180.76.15.160 - - [25/Oct/2015:16:57:56 -0700] "GET / HTTP/1.1" 200 6114 "-" "Mozilla/5.0 (compatible; Baiduspider/2.0; +http://www.baidu.com/search/spider.html)"
180.76.15.156 - - [25/Oct/2015:16:59:25 -0700] "GET / HTTP/1.1" 200 6114 "-" "Mozilla/5.0 (compatible; Baiduspider/2.0; +http://www.baidu.com/search/spider.html)"
170.75.162.130 - - [25/Oct/2015:17:10:45 -0700] "GET /lib/reccapi.php?resort=sugarbowl HTTP/1.1" 200 967 "-" "node-superagent/0.18.2"
5.9.111.70 - - [25/Oct/2015:17:11:13 -0700] "GET /robots.txt HTTP/1.0" 200 338 "-" "Mozilla/5.0 (compatible; MJ12bot/v1.4.5; http://www.majestic12.co.uk/bot.php?+)"
5.9.111.70 - - [25/Oct/2015:17:11:15 -0700] "GET /about HTTP/1.0" 404 495 "-" "Mozilla/5.0 (compatible; MJ12bot/v1.4.5; http://www.majestic12.co.uk/bot.php?+)"
180.76.15.149 - - [25/Oct/2015:17:34:17 -0700] "GET / HTTP/1.1" 200 6114 "-" "Mozilla/5.0 (compatible; Baiduspider/2.0; +http://www.baidu.com/search/spider.html)"
180.76.15.158 - - [25/Oct/2015:17:34:48 -0700] "GET / HTTP/1.1" 200 6114 "-" "Mozilla/5.0 (compatible; Baiduspider/2.0; +http://www.baidu.com/search/spider.html)"
123.125.71.71 - - [25/Oct/2015:17:44:04 -0700] "-" 408 0 "-" "-"
173.219.119.217 - - [25/Oct/2015:17:47:17 -0700] "GET /images/wsis-logo-sm.png HTTP/1.1" 200 6108 "http://www.thebackcountry.net/" "Mozilla/5.0 (Macintosh; Intel Mac OS X 10_8_5) AppleWebKit/600.8.9 (KHTML, like Gecko) Version/6.2.8 Safari/537.85.17"
66.234.204.108 - - [25/Oct/2015:17:47:49 -0700] "GET /images/wsis-logo-sm.png HTTP/1.1" 200 6108 "http://www.thebackcountry.net/" "Mozilla/5.0 (Macintosh; Intel Mac OS X 10_10_5) AppleWebKit/601.2.7 (KHTML, like Gecko) Version/9.0.1 Safari/601.2.7"
220.181.108.185 - - [25/Oct/2015:17:50:33 -0700] "-" 408 0 "-" "-"
180.76.15.32 - - [25/Oct/2015:18:08:01 -0700] "GET /resorts?resort=killington HTTP/1.1" 404 469 "-" "Mozilla/5.0 (compatible; Baiduspider/2.0; +http://www.baidu.com/search/spider.html)"
123.125.71.69 - - [25/Oct/2015:18:44:15 -0700] "-" 408 0 "-" "-"
180.76.15.155 - - [25/Oct/2015:18:50:45 -0700] "GET / HTTP/1.1" 200 6114 "-" "Mozilla/5.0 (compatible; Baiduspider/2.0; +http://www.baidu.com/search/spider.html)"
220.181.108.150 - - [25/Oct/2015:18:50:49 -0700] "-" 408 0 "-" "-"
180.76.15.156 - - [25/Oct/2015:18:51:57 -0700] "GET / HTTP/1.1" 200 6114 "-" "Mozilla/5.0 (compatible; Baiduspider/2.0; +http://www.baidu.com/search/spider.html)"
75.142.251.76 - - [25/Oct/2015:19:04:17 -0700] "GET /images/wsis-logo-sm.png HTTP/1.1" 200 6108 "http://www.thebackcountry.net/" "Mozilla/5.0 (Macintosh; Intel Mac OS X 10_10_5) AppleWebKit/537.36 (KHTML, like Gecko) Chrome/46.0.2490.71 Safari/537.36"
75.142.251.76 - - [25/Oct/2015:19:05:56 -0700] "-" 408 0 "-" "-"
75.142.251.76 - - [25/Oct/2015:19:05:56 -0700] "-" 408 0 "-" "-"
75.142.251.76 - - [25/Oct/2015:19:07:21 -0700] "-" 408 0 "-" "-"
75.142.251.76 - - [25/Oct/2015:19:07:21 -0700] "-" 408 0 "-" "-"
178.202.133.84 - - [25/Oct/2015:19:12:15 -0700] "GET /robots.txt HTTP/1.0" 200 338 "-" "Mozilla/5.0 (compatible; MJ12bot/v1.4.5; http://www.majestic12.co.uk/bot.php?+)"
178.202.133.84 - - [25/Oct/2015:19:12:16 -0700] "GET /resorts?resort=monarch HTTP/1.0" 404 495 "-" "Mozilla/5.0 (compatible; MJ12bot/v1.4.5; http://www.majestic12.co.uk/bot.php?+)"
192.0.83.17 - - [25/Oct/2015:19:14:27 -0700] "GET /images/wsis-logo-sm.png HTTP/1.1" 200 6108 "http://www.thebackcountry.net/" "Mozilla/5.0 (X11; Linux x86_64; rv:10.0.12) Gecko/20100101 Firefox/21.0 WordPress.com mShots"
170.75.162.130 - - [25/Oct/2015:19:23:41 -0700] "GET /lib/reccapi.php?resort=stevenspass HTTP/1.1" 200 977 "-" "node-superagent/0.18.2"
170.75.162.130 - - [25/Oct/2015:19:27:12 -0700] "GET /lib/reccapi.php?resort=crystalmountain HTTP/1.1" 200 1030 "-" "node-superagent/0.18.2"
180.76.15.135 - - [25/Oct/2015:19:48:43 -0700] "GET / HTTP/1.1" 200 6114 "-" "Mozilla/5.0 (compatible; Baiduspider/2.0; +http://www.baidu.com/search/spider.html)"
180.76.15.145 - - [25/Oct/2015:19:49:49 -0700] "GET / HTTP/1.1" 200 6114 "-" "Mozilla/5.0 (compatible; Baiduspider/2.0; +http://www.baidu.com/search/spider.html)"
220.181.108.115 - - [25/Oct/2015:19:50:58 -0700] "-" 408 0 "-" "-"
170.75.162.130 - - [25/Oct/2015:19:54:05 -0700] "GET /lib/reccapi.php?resort=arapahoebasin HTTP/1.1" 200 1000 "-" "node-superagent/0.18.2"
170.75.162.130 - - [25/Oct/2015:19:54:05 -0700] "GET /lib/reccapi.php?resort=49degreesnorth HTTP/1.1" 200 989 "-" "node-superagent/0.18.2"
170.75.162.130 - - [25/Oct/2015:19:54:05 -0700] "GET /lib/reccapi.php?resort=alpinemeadows HTTP/1.1" 200 987 "-" "node-superagent/0.18.2"
170.75.162.130 - - [25/Oct/2015:19:54:05 -0700] "GET /lib/reccapi.php?resort=alta HTTP/1.1" 200 939 "-" "node-superagent/0.18.2"
170.75.162.130 - - [25/Oct/2015:19:54:05 -0700] "GET /lib/reccapi.php?resort=alyeska HTTP/1.1" 200 983 "-" "node-superagent/0.18.2"
170.75.162.130 - - [25/Oct/2015:19:54:05 -0700] "GET /lib/reccapi.php?resort=angelfire HTTP/1.1" 200 968 "-" "node-superagent/0.18.2"
170.75.162.130 - - [25/Oct/2015:19:54:05 -0700] "GET /lib/reccapi.php?resort=aspenheights HTTP/1.1" 200 987 "-" "node-superagent/0.18.2"
170.75.162.130 - - [25/Oct/2015:19:54:05 -0700] "GET /lib/reccapi.php?resort=aspenmountain HTTP/1.1" 200 995 "-" "node-superagent/0.18.2"
170.75.162.130 - - [25/Oct/2015:19:54:05 -0700] "GET /lib/reccapi.php?resort=bigsky HTTP/1.1" 200 1021 "-" "node-superagent/0.18.2"
170.75.162.130 - - [25/Oct/2015:19:54:06 -0700] "GET /lib/reccapi.php?resort=bigwhite HTTP/1.1" 200 912 "-" "node-superagent/0.18.2"
170.75.162.130 - - [25/Oct/2015:19:54:06 -0700] "GET /lib/reccapi.php?resort=brianhead HTTP/1.1" 200 1030 "-" "node-superagent/0.18.2"
170.75.162.130 - - [25/Oct/2015:20:10:27 -0700] "GET /lib/reccapi.php?resort=snowbasin HTTP/1.1" 200 951 "-" "node-superagent/0.18.2"
66.249.79.220 - - [25/Oct/2015:20:33:37 -0700] "GET / HTTP/1.1" 200 2376 "-" "Mozilla/5.0 (iPhone; CPU iPhone OS 8_3 like Mac OS X) AppleWebKit/600.1.4 (KHTML, like Gecko) Version/8.0 Mobile/12F70 Safari/600.1.4 (compatible; Googlebot/2.1; +http://www.google.com/bot.html)"
123.125.71.70 - - [25/Oct/2015:20:38:01 -0700] "GET / HTTP/1.1" 200 2339 "-" "Mozilla/5.0 (Windows NT 5.1; rv:6.0.2) Gecko/20100101 Firefox/6.0.2"
170.75.162.130 - - [25/Oct/2015:20:41:41 -0700] "GET /lib/reccapi.php?resort=cannonmountain HTTP/1.1" 200 1043 "-" "node-superagent/0.18.2"
170.75.162.130 - - [25/Oct/2015:20:41:41 -0700] "GET /lib/reccapi.php?resort=wildcatmountain HTTP/1.1" 200 1040 "-" "node-superagent/0.18.2"
180.76.15.32 - - [25/Oct/2015:20:43:32 -0700] "GET / HTTP/1.1" 200 6114 "-" "Mozilla/5.0 (compatible; Baiduspider/2.0; +http://www.baidu.com/search/spider.html)"
66.249.79.234 - - [25/Oct/2015:20:43:53 -0700] "GET /styles/0fffd548.main.css HTTP/1.1" 200 19317 "-" "Mozilla/5.0 (compatible; Googlebot/2.1; +http://www.google.com/bot.html)"
180.76.15.160 - - [25/Oct/2015:20:44:24 -0700] "GET / HTTP/1.1" 200 6114 "-" "Mozilla/5.0 (compatible; Baiduspider/2.0; +http://www.baidu.com/search/spider.html)"
220.181.108.93 - - [25/Oct/2015:20:44:38 -0700] "GET / HTTP/1.1" 200 2339 "-" "Mozilla/5.0 (Windows NT 5.1; rv:6.0.2) Gecko/20100101 Firefox/6.0.2"
220.181.108.84 - - [25/Oct/2015:20:44:39 -0700] "GET / HTTP/1.1" 200 6114 "-" "Mozilla/5.0 (Windows NT 5.1; rv:6.0.2) Gecko/20100101 Firefox/6.0.2"
70.214.16.69 - - [25/Oct/2015:20:47:42 -0700] "GET /images/wsis-logo-sm.png HTTP/1.1" 200 6108 "http://www.thebackcountry.net/" "Mozilla/5.0 (iPhone; CPU iPhone OS 9_0_2 like Mac OS X) AppleWebKit/601.1.46 (KHTML, like Gecko) Version/9.0 Mobile/13A452 Safari/601.1"
172.56.39.50 - - [25/Oct/2015:20:54:39 -0700] "GET /images/wsis-logo-sm.png HTTP/1.1" 200 6108 "http://www.thebackcountry.net/" "Mozilla/5.0 (iPhone; CPU iPhone OS 8_1_2 like Mac OS X) AppleWebKit/600.1.4 (KHTML, like Gecko) Version/8.0 Mobile/12B440 Safari/600.1.4"
207.244.182.173 - - [25/Oct/2015:21:04:23 -0700] "GET /images/wsis-logo-sm.png HTTP/1.1" 200 6108 "http://www.thebackcountry.net/" "Mozilla/5.0 (Macintosh; Intel Mac OS X 10_10_2) AppleWebKit/600.4.10 (KHTML, like Gecko) Version/8.0.4 Safari/600.4.10"
142.91.231.106 - - [25/Oct/2015:21:06:16 -0700] "GET /wp-login.php HTTP/1.1" 404 532 "-" "Mozilla/5.0 (compatible; MSIE 9.0; Windows NT 6.1; Trident/5.0)"
24.32.28.46 - - [25/Oct/2015:21:11:37 -0700] "GET /images/wsis-logo-sm.png HTTP/1.1" 200 6108 "http://www.thebackcountry.net/" "Mozilla/5.0 (Windows NT 6.1; WOW64) AppleWebKit/537.36 (KHTML, like Gecko) Chrome/46.0.2490.71 Safari/537.36"
64.246.165.50 - - [25/Oct/2015:21:39:38 -0700] "GET /robots.txt HTTP/1.0" 200 338 "-" "Mozilla/5.0 (Windows; U; Windows NT 5.1; en; rv:1.9.0.13) Gecko/2009073022 Firefox/3.5.2 (.NET CLR 3.5.30729) SurveyBot/2.3 (DomainTools)"
64.246.165.50 - - [25/Oct/2015:21:39:38 -0700] "GET / HTTP/1.1" 200 2339 "http://whois.domaintools.com/whereshouldiski.com" "Mozilla/5.0 (Windows; U; Windows NT 5.1; en; rv:1.9.0.13) Gecko/2009073022 Firefox/3.5.2 (.NET CLR 3.5.30729) SurveyBot/2.3 (DomainTools)"
123.125.71.74 - - [25/Oct/2015:21:40:39 -0700] "GET / HTTP/1.1" 200 2339 "-" "Mozilla/5.0 (Windows NT 5.1; rv:6.0.2) Gecko/20100101 Firefox/6.0.2"
123.125.71.109 - - [25/Oct/2015:21:40:40 -0700] "GET / HTTP/1.1" 200 6114 "-" "Mozilla/5.0 (Windows NT 5.1; rv:6.0.2) Gecko/20100101 Firefox/6.0.2"
220.181.108.113 - - [25/Oct/2015:21:46:46 -0700] "GET / HTTP/1.1" 200 2339 "-" "Mozilla/5.0 (Windows NT 5.1; rv:6.0.2) Gecko/20100101 Firefox/6.0.2"
220.181.108.115 - - [25/Oct/2015:21:46:46 -0700] "GET / HTTP/1.1" 200 6114 "-" "Mozilla/5.0 (Windows NT 5.1; rv:6.0.2) Gecko/20100101 Firefox/6.0.2"
170.75.162.130 - - [25/Oct/2015:21:52:19 -0700] "GET /lib/reccapi.php?resort=diamondpeak HTTP/1.1" 200 955 "-" "node-superagent/0.18.2"
170.75.162.130 - - [25/Oct/2015:21:57:40 -0700] "GET /lib/reccapi.php?resort=heavenly HTTP/1.1" 200 989 "-" "node-superagent/0.18.2"
170.75.162.130 - - [25/Oct/2015:21:57:40 -0700] "GET /lib/reccapi.php?resort=homewoodmountain HTTP/1.1" 200 994 "-" "node-superagent/0.18.2"
170.75.162.130 - - [25/Oct/2015:21:57:40 -0700] "GET /lib/reccapi.php?resort=kirkwood HTTP/1.1" 200 1021 "-" "node-superagent/0.18.2"
170.75.162.130 - - [25/Oct/2015:21:57:40 -0700] "GET /lib/reccapi.php?resort=mtrose HTTP/1.1" 200 958 "-" "node-superagent/0.18.2"
170.75.162.130 - - [25/Oct/2015:21:57:41 -0700] "GET /lib/reccapi.php?resort=northstar-at-tahoe HTTP/1.1" 200 976 "-" "node-superagent/0.18.2"
170.75.162.130 - - [25/Oct/2015:21:57:41 -0700] "GET /lib/reccapi.php?resort=squawvalleyusa HTTP/1.1" 200 989 "-" "node-superagent/0.18.2"
170.75.162.130 - - [25/Oct/2015:21:57:41 -0700] "GET /lib/reccapi.php?resort=sierra-at-tahoe HTTP/1.1" 200 974 "-" "node-superagent/0.18.2"
170.75.162.130 - - [25/Oct/2015:21:57:41 -0700] "GET /lib/reccapi.php?resort=sugarbowl HTTP/1.1" 200 966 "-" "node-superagent/0.18.2"
180.76.15.154 - - [25/Oct/2015:22:00:30 -0700] "GET / HTTP/1.1" 200 6114 "-" "Mozilla/5.0 (compatible; Baiduspider/2.0; +http://www.baidu.com/search/spider.html)"
180.76.15.18 - - [25/Oct/2015:22:01:54 -0700] "GET / HTTP/1.1" 200 6114 "-" "Mozilla/5.0 (compatible; Baiduspider/2.0; +http://www.baidu.com/search/spider.html)"
180.76.15.16 - - [25/Oct/2015:22:28:56 -0700] "GET / HTTP/1.1" 200 2339 "-" "Mozilla/5.0 (compatible; Baiduspider/2.0; +http://www.baidu.com/search/spider.html)"
170.75.162.130 - - [25/Oct/2015:22:29:54 -0700] "GET /lib/reccapi.php?resort=whitefacemountain HTTP/1.1" 200 1048 "-" "node-superagent/0.18.2"
123.125.71.72 - - [25/Oct/2015:22:40:33 -0700] "GET / HTTP/1.1" 200 2339 "-" "Mozilla/5.0 (Windows NT 5.1; rv:6.0.2) Gecko/20100101 Firefox/6.0.2"
123.125.71.85 - - [25/Oct/2015:22:40:34 -0700] "GET / HTTP/1.1" 200 6114 "-" "Mozilla/5.0 (Windows NT 5.1; rv:6.0.2) Gecko/20100101 Firefox/6.0.2"
220.181.108.107 - - [25/Oct/2015:22:45:57 -0700] "GET / HTTP/1.1" 200 2339 "-" "Mozilla/5.0 (Windows NT 5.1; rv:6.0.2) Gecko/20100101 Firefox/6.0.2"
220.181.108.97 - - [25/Oct/2015:22:45:59 -0700] "GET / HTTP/1.1" 200 6114 "-" "Mozilla/5.0 (Windows NT 5.1; rv:6.0.2) Gecko/20100101 Firefox/6.0.2"
180.76.15.138 - - [25/Oct/2015:22:47:52 -0700] "GET /resorts?resort=turnermountain&date=2014-04-06 HTTP/1.1" 404 469 "-" "Mozilla/5.0 (compatible; Baiduspider/2.0; +http://www.baidu.com/search/spider.html)"
75.111.101.224 - - [25/Oct/2015:22:48:07 -0700] "GET /images/wsis-logo-sm.png HTTP/1.1" 200 6108 "http://www.thebackcountry.net/" "Mozilla/5.0 (Macintosh; Intel Mac OS X 10_10_5) AppleWebKit/600.8.9 (KHTML, like Gecko) Version/8.0.8 Safari/600.8.9"
170.75.162.130 - - [25/Oct/2015:22:52:47 -0700] "GET /lib/reccapi.php?resort=devilshead HTTP/1.1" 200 945 "-" "node-superagent/0.18.2"
170.75.162.130 - - [25/Oct/2015:23:03:58 -0700] "GET /lib/reccapi.php?resort=whistlerblackcomb HTTP/1.1" 200 923 "-" "node-superagent/0.18.2"
176.97.116.171 - - [25/Oct/2015:23:21:34 -0700] "GET / HTTP/1.1" 200 2376 "-" "Mozilla/4.0 (compatible; MSIE 6.0; Windows NT 5.1)"
170.75.162.130 - - [25/Oct/2015:23:33:03 -0700] "GET /lib/reccapi.php?resort=chinapeak HTTP/1.1" 200 993 "-" "node-superagent/0.18.2"
170.75.162.130 - - [25/Oct/2015:23:33:03 -0700] "GET /lib/reccapi.php?resort=mammothmountain HTTP/1.1" 200 997 "-" "node-superagent/0.18.2"
170.75.162.130 - - [25/Oct/2015:23:33:03 -0700] "GET /lib/reccapi.php?resort=mountainhigh HTTP/1.1" 200 1004 "-" "node-superagent/0.18.2"
180.76.15.160 - - [25/Oct/2015:23:43:22 -0700] "GET / HTTP/1.1" 200 6114 "-" "Mozilla/5.0 (compatible; Baiduspider/2.0; +http://www.baidu.com/search/spider.html)"
180.76.15.147 - - [25/Oct/2015:23:43:57 -0700] "GET / HTTP/1.1" 200 6114 "-" "Mozilla/5.0 (compatible; Baiduspider/2.0; +http://www.baidu.com/search/spider.html)"
123.125.71.39 - - [25/Oct/2015:23:44:50 -0700] "-" 408 0 "-" "-"
