24.143.77.191 - - [26/Apr/2015:11:08:19 -0700] "GET /im/api.php?bib=1896&r=0.47128091496415436&raceId=2147483655&raceName=lonestar70.3&startTime=07:52:00 HTTP/1.1" 500 328 "http://localhost:9000/" "Mozilla/5.0 (Macintosh; Intel Mac OS X 10_10_3) AppleWebKit/537.36 (KHTML, like Gecko) Chrome/42.0.2311.90 Safari/537.36"
24.143.77.191 - - [26/Apr/2015:11:08:19 -0700] "GET /im/api.php?bib=1914&r=0.9604479691479355&raceId=2147483655&raceName=lonestar70.3&startTime=07:52:00 HTTP/1.1" 500 328 "http://localhost:9000/" "Mozilla/5.0 (Macintosh; Intel Mac OS X 10_10_3) AppleWebKit/537.36 (KHTML, like Gecko) Chrome/42.0.2311.90 Safari/537.36"
24.143.77.191 - - [26/Apr/2015:11:08:19 -0700] "GET /im/api.php?bib=2501&r=0.06288846931420267&raceId=2147483655&raceName=lonestar70.3&startTime=08:08:00 HTTP/1.1" 200 1170 "http://localhost:9000/" "Mozilla/5.0 (Macintosh; Intel Mac OS X 10_10_3) AppleWebKit/537.36 (KHTML, like Gecko) Chrome/42.0.2311.90 Safari/537.36"
127.0.0.1 - - [26/Apr/2015:11:08:26 -0700] "OPTIONS * HTTP/1.0" 200 126 "-" "Apache/2.2.22 (Ubuntu) (internal dummy connection)"
24.143.77.191 - - [26/Apr/2015:11:08:55 -0700] "GET /im/api.php?bib=1896&r=0.7703484063968062&raceId=2147483655&raceName=lonestar70.3&startTime=07:52:00 HTTP/1.1" 500 328 "http://localhost:9000/" "Mozilla/5.0 (Macintosh; Intel Mac OS X 10_10_3) AppleWebKit/537.36 (KHTML, like Gecko) Chrome/42.0.2311.90 Safari/537.36"
24.143.77.191 - - [26/Apr/2015:11:08:55 -0700] "GET /im/api.php?bib=2480&r=0.6361685723531991&raceId=2147483655&raceName=lonestar70.3&startTime=08:08:00 HTTP/1.1" 200 1259 "http://localhost:9000/" "Mozilla/5.0 (Macintosh; Intel Mac OS X 10_10_3) AppleWebKit/537.36 (KHTML, like Gecko) Chrome/42.0.2311.90 Safari/537.36"
24.143.77.191 - - [26/Apr/2015:11:08:55 -0700] "GET /im/api.php?bib=2486&r=0.9249053234234452&raceId=2147483655&raceName=lonestar70.3&startTime=08:08:00 HTTP/1.1" 200 1199 "http://localhost:9000/" "Mozilla/5.0 (Macintosh; Intel Mac OS X 10_10_3) AppleWebKit/537.36 (KHTML, like Gecko) Chrome/42.0.2311.90 Safari/537.36"
24.143.77.191 - - [26/Apr/2015:11:08:55 -0700] "GET /im/api.php?bib=2501&r=0.05421884497627616&raceId=2147483655&raceName=lonestar70.3&startTime=08:08:00 HTTP/1.1" 200 1170 "http://localhost:9000/" "Mozilla/5.0 (Macintosh; Intel Mac OS X 10_10_3) AppleWebKit/537.36 (KHTML, like Gecko) Chrome/42.0.2311.90 Safari/537.36"
24.143.77.191 - - [26/Apr/2015:11:08:55 -0700] "GET /im/api.php?bib=301&r=0.026061330689117312&raceId=2147483655&raceName=lonestar70.3&startTime=08:00:00 HTTP/1.1" 200 1313 "http://localhost:9000/" "Mozilla/5.0 (Macintosh; Intel Mac OS X 10_10_3) AppleWebKit/537.36 (KHTML, like Gecko) Chrome/42.0.2311.90 Safari/537.36"
24.143.77.191 - - [26/Apr/2015:11:08:55 -0700] "GET /im/api.php?bib=1914&r=0.2367457717191428&raceId=2147483655&raceName=lonestar70.3&startTime=07:52:00 HTTP/1.1" 500 328 "http://localhost:9000/" "Mozilla/5.0 (Macintosh; Intel Mac OS X 10_10_3) AppleWebKit/537.36 (KHTML, like Gecko) Chrome/42.0.2311.90 Safari/537.36"
24.143.77.191 - - [26/Apr/2015:11:09:00 -0700] "GET /im/api.php?bib=2480&r=0.7414972588885576&raceId=2147483655&raceName=lonestar70.3&startTime=08:08:00 HTTP/1.1" 200 1258 "http://localhost:9000/" "Mozilla/5.0 (Macintosh; Intel Mac OS X 10_10_3) AppleWebKit/537.36 (KHTML, like Gecko) Chrome/42.0.2311.90 Safari/537.36"
127.0.0.1 - - [26/Apr/2015:11:09:08 -0700] "OPTIONS * HTTP/1.0" 200 126 "-" "Apache/2.2.22 (Ubuntu) (internal dummy connection)"
24.143.77.191 - - [26/Apr/2015:11:09:22 -0700] "GET /im/api.php?bib=301&r=0.17440858343616128&raceId=2147483655&raceName=lonestar70.3&startTime=08:00:00 HTTP/1.1" 200 1313 "http://localhost:9000/" "Mozilla/5.0 (Macintosh; Intel Mac OS X 10_10_3) AppleWebKit/537.36 (KHTML, like Gecko) Chrome/42.0.2311.90 Safari/537.36"
24.143.77.191 - - [26/Apr/2015:11:09:22 -0700] "GET /im/api.php?bib=2501&r=0.5935925929807127&raceId=2147483655&raceName=lonestar70.3&startTime=08:08:00 HTTP/1.1" 200 1170 "http://localhost:9000/" "Mozilla/5.0 (Macintosh; Intel Mac OS X 10_10_3) AppleWebKit/537.36 (KHTML, like Gecko) Chrome/42.0.2311.90 Safari/537.36"
24.143.77.191 - - [26/Apr/2015:11:09:22 -0700] "GET /im/api.php?bib=2480&r=0.46777226496487856&raceId=2147483655&raceName=lonestar70.3&startTime=08:08:00 HTTP/1.1" 200 1259 "http://localhost:9000/" "Mozilla/5.0 (Macintosh; Intel Mac OS X 10_10_3) AppleWebKit/537.36 (KHTML, like Gecko) Chrome/42.0.2311.90 Safari/537.36"
24.143.77.191 - - [26/Apr/2015:11:09:22 -0700] "GET /im/api.php?bib=2486&r=0.8967075585387647&raceId=2147483655&raceName=lonestar70.3&startTime=08:08:00 HTTP/1.1" 200 1198 "http://localhost:9000/" "Mozilla/5.0 (Macintosh; Intel Mac OS X 10_10_3) AppleWebKit/537.36 (KHTML, like Gecko) Chrome/42.0.2311.90 Safari/537.36"
24.143.77.191 - - [26/Apr/2015:11:09:22 -0700] "GET /im/api.php?bib=1896&r=0.8374805746134371&raceId=2147483655&raceName=lonestar70.3&startTime=07:52:00 HTTP/1.1" 500 328 "http://localhost:9000/" "Mozilla/5.0 (Macintosh; Intel Mac OS X 10_10_3) AppleWebKit/537.36 (KHTML, like Gecko) Chrome/42.0.2311.90 Safari/537.36"
24.143.77.191 - - [26/Apr/2015:11:09:22 -0700] "GET /im/api.php?bib=1914&r=0.7878233194351196&raceId=2147483655&raceName=lonestar70.3&startTime=07:52:00 HTTP/1.1" 500 328 "http://localhost:9000/" "Mozilla/5.0 (Macintosh; Intel Mac OS X 10_10_3) AppleWebKit/537.36 (KHTML, like Gecko) Chrome/42.0.2311.90 Safari/537.36"
127.0.0.1 - - [26/Apr/2015:11:09:30 -0700] "OPTIONS * HTTP/1.0" 200 126 "-" "Apache/2.2.22 (Ubuntu) (internal dummy connection)"
24.143.77.191 - - [26/Apr/2015:11:09:33 -0700] "GET /im/api.php?bib=2480&r=0.5329218546394259&raceId=2147483655&raceName=lonestar70.3&startTime=08:08:00 HTTP/1.1" 200 1258 "http://localhost:9000/" "Mozilla/5.0 (Macintosh; Intel Mac OS X 10_10_3) AppleWebKit/537.36 (KHTML, like Gecko) Chrome/42.0.2311.90 Safari/537.36"
24.143.77.191 - - [26/Apr/2015:11:10:12 -0700] "GET /im/api.php?bib=301&r=0.8980737722013146&raceId=2147483655&raceName=lonestar70.3&startTime=08:00:00 HTTP/1.1" 200 1312 "http://localhost:9000/" "Mozilla/5.0 (iPhone; CPU iPhone OS 7_0 like Mac OS X; en-us) AppleWebKit/537.51.1 (KHTML, like Gecko) Version/7.0 Mobile/11A465 Safari/9537.53"
24.143.77.191 - - [26/Apr/2015:11:10:12 -0700] "GET /im/api.php?bib=2501&r=0.4530926193110645&raceId=2147483655&raceName=lonestar70.3&startTime=08:08:00 HTTP/1.1" 200 1170 "http://localhost:9000/" "Mozilla/5.0 (iPhone; CPU iPhone OS 7_0 like Mac OS X; en-us) AppleWebKit/537.51.1 (KHTML, like Gecko) Version/7.0 Mobile/11A465 Safari/9537.53"
24.143.77.191 - - [26/Apr/2015:11:10:12 -0700] "GET /im/api.php?bib=2486&r=0.16463019652292132&raceId=2147483655&raceName=lonestar70.3&startTime=08:08:00 HTTP/1.1" 200 1198 "http://localhost:9000/" "Mozilla/5.0 (iPhone; CPU iPhone OS 7_0 like Mac OS X; en-us) AppleWebKit/537.51.1 (KHTML, like Gecko) Version/7.0 Mobile/11A465 Safari/9537.53"
24.143.77.191 - - [26/Apr/2015:11:10:12 -0700] "GET /im/api.php?bib=2480&r=0.8248127626720816&raceId=2147483655&raceName=lonestar70.3&startTime=08:08:00 HTTP/1.1" 200 1259 "http://localhost:9000/" "Mozilla/5.0 (iPhone; CPU iPhone OS 7_0 like Mac OS X; en-us) AppleWebKit/537.51.1 (KHTML, like Gecko) Version/7.0 Mobile/11A465 Safari/9537.53"
24.143.77.191 - - [26/Apr/2015:11:10:12 -0700] "GET /im/api.php?bib=1896&r=0.3612888485658914&raceId=2147483655&raceName=lonestar70.3&startTime=07:52:00 HTTP/1.1" 500 328 "http://localhost:9000/" "Mozilla/5.0 (iPhone; CPU iPhone OS 7_0 like Mac OS X; en-us) AppleWebKit/537.51.1 (KHTML, like Gecko) Version/7.0 Mobile/11A465 Safari/9537.53"
24.143.77.191 - - [26/Apr/2015:11:10:12 -0700] "GET /im/api.php?bib=1914&r=0.1678181786555797&raceId=2147483655&raceName=lonestar70.3&startTime=07:52:00 HTTP/1.1" 500 328 "http://localhost:9000/" "Mozilla/5.0 (iPhone; CPU iPhone OS 7_0 like Mac OS X; en-us) AppleWebKit/537.51.1 (KHTML, like Gecko) Version/7.0 Mobile/11A465 Safari/9537.53"
24.143.77.191 - - [26/Apr/2015:11:10:20 -0700] "GET /im/api.php?bib=2480&r=0.06369277648627758&raceId=2147483655&raceName=lonestar70.3&startTime=08:08:00 HTTP/1.1" 200 1259 "http://localhost:9000/" "Mozilla/5.0 (iPhone; CPU iPhone OS 7_0 like Mac OS X; en-us) AppleWebKit/537.51.1 (KHTML, like Gecko) Version/7.0 Mobile/11A465 Safari/9537.53"
127.0.0.1 - - [26/Apr/2015:11:10:27 -0700] "OPTIONS * HTTP/1.0" 200 126 "-" "Apache/2.2.22 (Ubuntu) (internal dummy connection)"
24.143.77.191 - - [26/Apr/2015:11:13:10 -0700] "GET /im/api.php?bib=2480&r=0.7925548115745187&raceId=2147483655&raceName=lonestar70.3&startTime=08:08:00 HTTP/1.1" 200 1259 "http://localhost:9000/" "Mozilla/5.0 (Macintosh; Intel Mac OS X 10_10_3) AppleWebKit/537.36 (KHTML, like Gecko) Chrome/42.0.2311.90 Safari/537.36"
24.143.77.191 - - [26/Apr/2015:11:13:10 -0700] "GET /im/api.php?bib=2501&r=0.32674030656926334&raceId=2147483655&raceName=lonestar70.3&startTime=08:08:00 HTTP/1.1" 200 1190 "http://localhost:9000/" "Mozilla/5.0 (Macintosh; Intel Mac OS X 10_10_3) AppleWebKit/537.36 (KHTML, like Gecko) Chrome/42.0.2311.90 Safari/537.36"
24.143.77.191 - - [26/Apr/2015:11:13:10 -0700] "GET /im/api.php?bib=2486&r=0.6656239388976246&raceId=2147483655&raceName=lonestar70.3&startTime=08:08:00 HTTP/1.1" 200 1218 "http://localhost:9000/" "Mozilla/5.0 (Macintosh; Intel Mac OS X 10_10_3) AppleWebKit/537.36 (KHTML, like Gecko) Chrome/42.0.2311.90 Safari/537.36"
24.143.77.191 - - [26/Apr/2015:11:13:10 -0700] "GET /im/api.php?bib=301&r=0.13518456602469087&raceId=2147483655&raceName=lonestar70.3&startTime=08:00:00 HTTP/1.1" 200 1339 "http://localhost:9000/" "Mozilla/5.0 (Macintosh; Intel Mac OS X 10_10_3) AppleWebKit/537.36 (KHTML, like Gecko) Chrome/42.0.2311.90 Safari/537.36"
24.143.77.191 - - [26/Apr/2015:11:13:10 -0700] "GET /im/api.php?bib=1896&r=0.3131865842733532&raceId=2147483655&raceName=lonestar70.3&startTime=07:52:00 HTTP/1.1" 500 328 "http://localhost:9000/" "Mozilla/5.0 (Macintosh; Intel Mac OS X 10_10_3) AppleWebKit/537.36 (KHTML, like Gecko) Chrome/42.0.2311.90 Safari/537.36"
24.143.77.191 - - [26/Apr/2015:11:13:10 -0700] "GET /im/api.php?bib=1914&r=0.5173019133508205&raceId=2147483655&raceName=lonestar70.3&startTime=07:52:00 HTTP/1.1" 500 328 "http://localhost:9000/" "Mozilla/5.0 (Macintosh; Intel Mac OS X 10_10_3) AppleWebKit/537.36 (KHTML, like Gecko) Chrome/42.0.2311.90 Safari/537.36"
127.0.0.1 - - [26/Apr/2015:11:13:19 -0700] "OPTIONS * HTTP/1.0" 200 126 "-" "Apache/2.2.22 (Ubuntu) (internal dummy connection)"
127.0.0.1 - - [26/Apr/2015:11:13:40 -0700] "OPTIONS * HTTP/1.0" 200 126 "-" "Apache/2.2.22 (Ubuntu) (internal dummy connection)"
24.143.77.191 - - [26/Apr/2015:11:16:10 -0700] "GET /im/api.php?bib=301&r=0.2577625142876059&raceId=2147483655&raceName=lonestar70.3&startTime=08:00:00 HTTP/1.1" 200 1339 "http://localhost:9000/" "Mozilla/5.0 (Macintosh; Intel Mac OS X 10_10_3) AppleWebKit/537.36 (KHTML, like Gecko) Chrome/42.0.2311.90 Safari/537.36"
24.143.77.191 - - [26/Apr/2015:11:16:10 -0700] "GET /im/api.php?bib=2501&r=0.10884821601212025&raceId=2147483655&raceName=lonestar70.3&startTime=08:08:00 HTTP/1.1" 200 1191 "http://localhost:9000/" "Mozilla/5.0 (Macintosh; Intel Mac OS X 10_10_3) AppleWebKit/537.36 (KHTML, like Gecko) Chrome/42.0.2311.90 Safari/537.36"
24.143.77.191 - - [26/Apr/2015:11:16:10 -0700] "GET /im/api.php?bib=2480&r=0.8653188438620418&raceId=2147483655&raceName=lonestar70.3&startTime=08:08:00 HTTP/1.1" 200 1281 "http://localhost:9000/" "Mozilla/5.0 (Macintosh; Intel Mac OS X 10_10_3) AppleWebKit/537.36 (KHTML, like Gecko) Chrome/42.0.2311.90 Safari/537.36"
24.143.77.191 - - [26/Apr/2015:11:16:10 -0700] "GET /im/api.php?bib=2486&r=0.7001067460514605&raceId=2147483655&raceName=lonestar70.3&startTime=08:08:00 HTTP/1.1" 200 1216 "http://localhost:9000/" "Mozilla/5.0 (Macintosh; Intel Mac OS X 10_10_3) AppleWebKit/537.36 (KHTML, like Gecko) Chrome/42.0.2311.90 Safari/537.36"
24.143.77.191 - - [26/Apr/2015:11:16:10 -0700] "GET /im/api.php?bib=1896&r=0.47629748377949&raceId=2147483655&raceName=lonestar70.3&startTime=07:52:00 HTTP/1.1" 500 328 "http://localhost:9000/" "Mozilla/5.0 (Macintosh; Intel Mac OS X 10_10_3) AppleWebKit/537.36 (KHTML, like Gecko) Chrome/42.0.2311.90 Safari/537.36"
24.143.77.191 - - [26/Apr/2015:11:16:10 -0700] "GET /im/api.php?bib=1914&r=0.5406953073106706&raceId=2147483655&raceName=lonestar70.3&startTime=07:52:00 HTTP/1.1" 500 328 "http://localhost:9000/" "Mozilla/5.0 (Macintosh; Intel Mac OS X 10_10_3) AppleWebKit/537.36 (KHTML, like Gecko) Chrome/42.0.2311.90 Safari/537.36"
127.0.0.1 - - [26/Apr/2015:11:16:19 -0700] "OPTIONS * HTTP/1.0" 200 126 "-" "Apache/2.2.22 (Ubuntu) (internal dummy connection)"
24.143.77.191 - - [26/Apr/2015:11:18:35 -0700] "GET /im/api.php?bib=1914&r=0.2299046239349991&raceId=2147483655&raceName=lonestar70.3&startTime=07:52:00 HTTP/1.1" 500 328 "http://localhost:9000/" "Mozilla/5.0 (Macintosh; Intel Mac OS X 10_10_3) AppleWebKit/537.36 (KHTML, like Gecko) Chrome/42.0.2311.90 Safari/537.36"
24.143.77.191 - - [26/Apr/2015:11:18:35 -0700] "GET /im/api.php?bib=2501&r=0.15579096507281065&raceId=2147483655&raceName=lonestar70.3&startTime=08:08:00 HTTP/1.1" 200 1191 "http://localhost:9000/" "Mozilla/5.0 (Macintosh; Intel Mac OS X 10_10_3) AppleWebKit/537.36 (KHTML, like Gecko) Chrome/42.0.2311.90 Safari/537.36"
24.143.77.191 - - [26/Apr/2015:11:18:35 -0700] "GET /im/api.php?bib=301&r=0.6477772428188473&raceId=2147483655&raceName=lonestar70.3&startTime=08:00:00 HTTP/1.1" 200 1339 "http://localhost:9000/" "Mozilla/5.0 (Macintosh; Intel Mac OS X 10_10_3) AppleWebKit/537.36 (KHTML, like Gecko) Chrome/42.0.2311.90 Safari/537.36"
24.143.77.191 - - [26/Apr/2015:11:18:35 -0700] "GET /im/api.php?bib=2486&r=0.20189924305304885&raceId=2147483655&raceName=lonestar70.3&startTime=08:08:00 HTTP/1.1" 200 1217 "http://localhost:9000/" "Mozilla/5.0 (Macintosh; Intel Mac OS X 10_10_3) AppleWebKit/537.36 (KHTML, like Gecko) Chrome/42.0.2311.90 Safari/537.36"
24.143.77.191 - - [26/Apr/2015:11:18:35 -0700] "GET /im/api.php?bib=2480&r=0.3504877402447164&raceId=2147483655&raceName=lonestar70.3&startTime=08:08:00 HTTP/1.1" 200 1278 "http://localhost:9000/" "Mozilla/5.0 (Macintosh; Intel Mac OS X 10_10_3) AppleWebKit/537.36 (KHTML, like Gecko) Chrome/42.0.2311.90 Safari/537.36"
71.94.91.25 - - [26/Apr/2015:11:19:35 -0700] "GET /images/wsis-logo-sm.png HTTP/1.1" 200 6108 "http://www.thebackcountry.net/" "Mozilla/5.0 (Windows NT 6.1; WOW64) AppleWebKit/537.36 (KHTML, like Gecko) Chrome/42.0.2311.90 Safari/537.36"
24.143.77.191 - - [26/Apr/2015:11:19:35 -0700] "GET /im/api.php?bib=2501&r=0.18491946975700557&raceId=2147483655&raceName=lonestar70.3&startTime=08:08:00 HTTP/1.1" 200 1191 "http://localhost:9000/" "Mozilla/5.0 (Macintosh; Intel Mac OS X 10_10_3) AppleWebKit/537.36 (KHTML, like Gecko) Chrome/42.0.2311.90 Safari/537.36"
24.143.77.191 - - [26/Apr/2015:11:19:35 -0700] "GET /im/api.php?bib=301&r=0.19272905820980668&raceId=2147483655&raceName=lonestar70.3&startTime=08:00:00 HTTP/1.1" 200 1339 "http://localhost:9000/" "Mozilla/5.0 (Macintosh; Intel Mac OS X 10_10_3) AppleWebKit/537.36 (KHTML, like Gecko) Chrome/42.0.2311.90 Safari/537.36"
24.143.77.191 - - [26/Apr/2015:11:19:35 -0700] "GET /im/api.php?bib=2480&r=0.9572215729858726&raceId=2147483655&raceName=lonestar70.3&startTime=08:08:00 HTTP/1.1" 200 1281 "http://localhost:9000/" "Mozilla/5.0 (Macintosh; Intel Mac OS X 10_10_3) AppleWebKit/537.36 (KHTML, like Gecko) Chrome/42.0.2311.90 Safari/537.36"
24.143.77.191 - - [26/Apr/2015:11:19:35 -0700] "GET /im/api.php?bib=2486&r=0.6278532922733575&raceId=2147483655&raceName=lonestar70.3&startTime=08:08:00 HTTP/1.1" 200 1216 "http://localhost:9000/" "Mozilla/5.0 (Macintosh; Intel Mac OS X 10_10_3) AppleWebKit/537.36 (KHTML, like Gecko) Chrome/42.0.2311.90 Safari/537.36"
170.75.162.130 - - [26/Apr/2015:11:19:41 -0700] "GET /lib/reccapi.php?resort=aspenheights HTTP/1.1" 200 1079 "-" "node-superagent/0.18.2"
170.75.162.130 - - [26/Apr/2015:11:19:41 -0700] "GET /lib/reccapi.php?resort=buttermilk HTTP/1.1" 200 1062 "-" "node-superagent/0.18.2"
170.75.162.130 - - [26/Apr/2015:11:19:41 -0700] "GET /lib/reccapi.php?resort=aspenmountain HTTP/1.1" 200 1021 "-" "node-superagent/0.18.2"
170.75.162.130 - - [26/Apr/2015:11:19:41 -0700] "GET /lib/reccapi.php?resort=crestedbutte HTTP/1.1" 200 1066 "-" "node-superagent/0.18.2"
170.75.162.130 - - [26/Apr/2015:11:19:41 -0700] "GET /lib/reccapi.php?resort=jacksonhole HTTP/1.1" 200 1047 "-" "node-superagent/0.18.2"
170.75.162.130 - - [26/Apr/2015:11:19:41 -0700] "GET /lib/reccapi.php?resort=loveland HTTP/1.1" 200 1056 "-" "node-superagent/0.18.2"
170.75.162.130 - - [26/Apr/2015:11:20:01 -0700] "GET /lib/reccapi.php?resort=sugarloaf HTTP/1.1" 200 1031 "-" "node-superagent/0.18.2"
24.143.77.191 - - [26/Apr/2015:11:20:29 -0700] "GET /im/api.php?bib=301&r=0.6012155830394477&raceId=2147483655&raceName=lonestar70.3&startTime=08:00:00 HTTP/1.1" 200 1339 "http://localhost:9000/" "Mozilla/5.0 (Macintosh; Intel Mac OS X 10_10_3) AppleWebKit/537.36 (KHTML, like Gecko) Chrome/42.0.2311.90 Safari/537.36"
24.143.77.191 - - [26/Apr/2015:11:20:29 -0700] "GET /im/api.php?bib=2501&r=0.48417741479352117&raceId=2147483655&raceName=lonestar70.3&startTime=08:08:00 HTTP/1.1" 200 1191 "http://localhost:9000/" "Mozilla/5.0 (Macintosh; Intel Mac OS X 10_10_3) AppleWebKit/537.36 (KHTML, like Gecko) Chrome/42.0.2311.90 Safari/537.36"
24.143.77.191 - - [26/Apr/2015:11:20:29 -0700] "GET /im/api.php?bib=2480&r=0.9411995986010879&raceId=2147483655&raceName=lonestar70.3&startTime=08:08:00 HTTP/1.1" 200 1281 "http://localhost:9000/" "Mozilla/5.0 (Macintosh; Intel Mac OS X 10_10_3) AppleWebKit/537.36 (KHTML, like Gecko) Chrome/42.0.2311.90 Safari/537.36"
24.143.77.191 - - [26/Apr/2015:11:20:29 -0700] "GET /im/api.php?bib=2486&r=0.8684549031313509&raceId=2147483655&raceName=lonestar70.3&startTime=08:08:00 HTTP/1.1" 200 1216 "http://localhost:9000/" "Mozilla/5.0 (Macintosh; Intel Mac OS X 10_10_3) AppleWebKit/537.36 (KHTML, like Gecko) Chrome/42.0.2311.90 Safari/537.36"
170.75.162.130 - - [26/Apr/2015:11:20:31 -0700] "GET /lib/reccapi.php?resort=schweitzer HTTP/1.1" 200 1018 "-" "node-superagent/0.18.2"
170.75.162.130 - - [26/Apr/2015:11:20:31 -0700] "GET /lib/reccapi.php?resort=angelfire HTTP/1.1" 200 1079 "-" "node-superagent/0.18.2"
24.143.77.191 - - [26/Apr/2015:11:20:32 -0700] "GET /im/api.php?bib=1&r=0.21296645305119455&raceId=1143240080&raceName=stgeorge70.3 HTTP/1.1" 200 1130 "http://localhost:9000/" "Mozilla/5.0 (Macintosh; Intel Mac OS X 10_10_3) AppleWebKit/537.36 (KHTML, like Gecko) Chrome/42.0.2311.90 Safari/537.36"
24.143.77.191 - - [26/Apr/2015:11:20:32 -0700] "GET /im/api.php?bib=1&r=0.9436724856495857&raceId=1143240080&raceName=stgeorge70.3&startTime=06:40:00 HTTP/1.1" 200 1139 "http://localhost:9000/" "Mozilla/5.0 (Macintosh; Intel Mac OS X 10_10_3) AppleWebKit/537.36 (KHTML, like Gecko) Chrome/42.0.2311.90 Safari/537.36"
24.143.77.191 - - [26/Apr/2015:11:20:32 -0700] "GET /im/api.php?bib=1&r=0.4050541815813631&raceId=1143240080&raceName=stgeorge70.3&startTime=07:00:00 HTTP/1.1" 200 1130 "http://localhost:9000/" "Mozilla/5.0 (Macintosh; Intel Mac OS X 10_10_3) AppleWebKit/537.36 (KHTML, like Gecko) Chrome/42.0.2311.90 Safari/537.36"
170.75.162.130 - - [26/Apr/2015:11:20:41 -0700] "GET /lib/reccapi.php?resort=steamboat HTTP/1.1" 200 1039 "-" "node-superagent/0.18.2"
170.75.162.130 - - [26/Apr/2015:11:20:41 -0700] "GET /lib/reccapi.php?resort=stowe HTTP/1.1" 200 1022 "-" "node-superagent/0.18.2"
170.75.162.130 - - [26/Apr/2015:11:20:41 -0700] "GET /lib/reccapi.php?resort=sunvalley HTTP/1.1" 200 1015 "-" "node-superagent/0.18.2"
170.75.162.130 - - [26/Apr/2015:11:20:41 -0700] "GET /lib/reccapi.php?resort=sugarbowl HTTP/1.1" 200 959 "-" "node-superagent/0.18.2"
170.75.162.130 - - [26/Apr/2015:11:20:41 -0700] "GET /lib/reccapi.php?resort=wildcatmountain HTTP/1.1" 200 1053 "-" "node-superagent/0.18.2"
170.75.162.130 - - [26/Apr/2015:11:20:41 -0700] "GET /lib/reccapi.php?resort=telluride HTTP/1.1" 200 1095 "-" "node-superagent/0.18.2"
170.75.162.130 - - [26/Apr/2015:11:20:41 -0700] "GET /lib/reccapi.php?resort=winterpark HTTP/1.1" 200 1098 "-" "node-superagent/0.18.2"
24.143.77.191 - - [26/Apr/2015:11:20:54 -0700] "GET /im/api.php?bib=1&r=0.27206273027695715&raceId=1143240080&raceName=stgeorge70.3&startTime=07:00:00 HTTP/1.1" 200 1131 "http://localhost:9000/" "Mozilla/5.0 (Macintosh; Intel Mac OS X 10_10_3) AppleWebKit/537.36 (KHTML, like Gecko) Chrome/42.0.2311.90 Safari/537.36"
24.143.77.191 - - [26/Apr/2015:11:20:54 -0700] "GET /im/api.php?bib=1&r=0.21547941956669092&raceId=1143240080&raceName=stgeorge70.3 HTTP/1.1" 200 1131 "http://localhost:9000/" "Mozilla/5.0 (Macintosh; Intel Mac OS X 10_10_3) AppleWebKit/537.36 (KHTML, like Gecko) Chrome/42.0.2311.90 Safari/537.36"
24.143.77.191 - - [26/Apr/2015:11:20:54 -0700] "GET /im/api.php?bib=1&r=0.6284711067564785&raceId=1143240080&raceName=stgeorge70.3&startTime=06:40:00 HTTP/1.1" 200 1141 "http://localhost:9000/" "Mozilla/5.0 (Macintosh; Intel Mac OS X 10_10_3) AppleWebKit/537.36 (KHTML, like Gecko) Chrome/42.0.2311.90 Safari/537.36"
24.143.77.191 - - [26/Apr/2015:11:21:00 -0700] "GET /im/api.php?bib=2501&r=0.07103132922202349&raceId=2147483655&raceName=lonestar70.3&startTime=08:08:00 HTTP/1.1" 200 1190 "http://localhost:9000/" "Mozilla/5.0 (Macintosh; Intel Mac OS X 10_10_3) AppleWebKit/537.36 (KHTML, like Gecko) Chrome/42.0.2311.90 Safari/537.36"
24.143.77.191 - - [26/Apr/2015:11:21:00 -0700] "GET /im/api.php?bib=2486&r=0.5949599193409085&raceId=2147483655&raceName=lonestar70.3&startTime=08:08:00 HTTP/1.1" 200 1218 "http://localhost:9000/" "Mozilla/5.0 (Macintosh; Intel Mac OS X 10_10_3) AppleWebKit/537.36 (KHTML, like Gecko) Chrome/42.0.2311.90 Safari/537.36"
24.143.77.191 - - [26/Apr/2015:11:21:00 -0700] "GET /im/api.php?bib=301&r=0.9874264481477439&raceId=2147483655&raceName=lonestar70.3&startTime=08:00:00 HTTP/1.1" 200 1339 "http://localhost:9000/" "Mozilla/5.0 (Macintosh; Intel Mac OS X 10_10_3) AppleWebKit/537.36 (KHTML, like Gecko) Chrome/42.0.2311.90 Safari/537.36"
24.143.77.191 - - [26/Apr/2015:11:21:00 -0700] "GET /im/api.php?bib=2480&r=0.08859429904259741&raceId=2147483655&raceName=lonestar70.3&startTime=08:08:00 HTTP/1.1" 200 1281 "http://localhost:9000/" "Mozilla/5.0 (Macintosh; Intel Mac OS X 10_10_3) AppleWebKit/537.36 (KHTML, like Gecko) Chrome/42.0.2311.90 Safari/537.36"
24.143.77.191 - - [26/Apr/2015:11:21:25 -0700] "GET /im/api.php?bib=301&r=0.761291328817606&raceId=2147483655&raceName=lonestar70.3&startTime=08:00:00 HTTP/1.1" 200 1338 "http://localhost:9000/" "Mozilla/5.0 (Macintosh; Intel Mac OS X 10_10_3) AppleWebKit/537.36 (KHTML, like Gecko) Chrome/42.0.2311.90 Safari/537.36"
24.143.77.191 - - [26/Apr/2015:11:21:25 -0700] "GET /im/api.php?bib=2501&r=0.3875210345722735&raceId=2147483655&raceName=lonestar70.3&startTime=08:08:00 HTTP/1.1" 200 1190 "http://localhost:9000/" "Mozilla/5.0 (Macintosh; Intel Mac OS X 10_10_3) AppleWebKit/537.36 (KHTML, like Gecko) Chrome/42.0.2311.90 Safari/537.36"
24.143.77.191 - - [26/Apr/2015:11:21:25 -0700] "GET /im/api.php?bib=2486&r=0.6609217098448426&raceId=2147483655&raceName=lonestar70.3&startTime=08:08:00 HTTP/1.1" 200 1218 "http://localhost:9000/" "Mozilla/5.0 (Macintosh; Intel Mac OS X 10_10_3) AppleWebKit/537.36 (KHTML, like Gecko) Chrome/42.0.2311.90 Safari/537.36"
24.143.77.191 - - [26/Apr/2015:11:21:25 -0700] "GET /im/api.php?bib=2480&r=0.052830593660473824&raceId=2147483655&raceName=lonestar70.3&startTime=08:08:00 HTTP/1.1" 200 1281 "http://localhost:9000/" "Mozilla/5.0 (Macintosh; Intel Mac OS X 10_10_3) AppleWebKit/537.36 (KHTML, like Gecko) Chrome/42.0.2311.90 Safari/537.36"
24.143.77.191 - - [26/Apr/2015:11:21:27 -0700] "GET /im/api.php?bib=1&r=0.4111814310308546&raceId=1143240080&raceName=stgeorge70.3&startTime=07:00:00 HTTP/1.1" 200 1129 "http://localhost:9000/" "Mozilla/5.0 (Macintosh; Intel Mac OS X 10_10_3) AppleWebKit/537.36 (KHTML, like Gecko) Chrome/42.0.2311.90 Safari/537.36"
24.143.77.191 - - [26/Apr/2015:11:21:27 -0700] "GET /im/api.php?bib=1&r=0.02692356798797846&raceId=1143240080&raceName=stgeorge70.3&startTime=06:40:00 HTTP/1.1" 200 1139 "http://localhost:9000/" "Mozilla/5.0 (Macintosh; Intel Mac OS X 10_10_3) AppleWebKit/537.36 (KHTML, like Gecko) Chrome/42.0.2311.90 Safari/537.36"
24.143.77.191 - - [26/Apr/2015:11:21:27 -0700] "GET /im/api.php?bib=1&r=0.5573617001064122&raceId=1143240080&raceName=stgeorge70.3 HTTP/1.1" 200 1130 "http://localhost:9000/" "Mozilla/5.0 (Macintosh; Intel Mac OS X 10_10_3) AppleWebKit/537.36 (KHTML, like Gecko) Chrome/42.0.2311.90 Safari/537.36"
24.143.77.191 - - [26/Apr/2015:11:21:57 -0700] "GET /im/api.php?bib=1&r=0.0034635215997695923&raceId=1143240080&raceName=stgeorge70.3 HTTP/1.1" 200 1130 "http://localhost:9000/" "Mozilla/5.0 (Macintosh; Intel Mac OS X 10_10_3) AppleWebKit/537.36 (KHTML, like Gecko) Chrome/42.0.2311.90 Safari/537.36"
24.143.77.191 - - [26/Apr/2015:11:21:57 -0700] "GET /im/api.php?bib=1&r=0.9326678495854139&raceId=1143240080&raceName=stgeorge70.3&startTime=06:40:00 HTTP/1.1" 200 1140 "http://localhost:9000/" "Mozilla/5.0 (Macintosh; Intel Mac OS X 10_10_3) AppleWebKit/537.36 (KHTML, like Gecko) Chrome/42.0.2311.90 Safari/537.36"
24.143.77.191 - - [26/Apr/2015:11:21:57 -0700] "GET /im/api.php?bib=1&r=0.1081484283786267&raceId=1143240080&raceName=stgeorge70.3&startTime=07:00:00 HTTP/1.1" 200 1130 "http://localhost:9000/" "Mozilla/5.0 (Macintosh; Intel Mac OS X 10_10_3) AppleWebKit/537.36 (KHTML, like Gecko) Chrome/42.0.2311.90 Safari/537.36"
24.143.77.191 - - [26/Apr/2015:11:21:59 -0700] "GET /im/api.php?bib=2501&r=0.027142583625391126&raceId=2147483655&raceName=lonestar70.3&startTime=08:08:00 HTTP/1.1" 200 1190 "http://localhost:9000/" "Mozilla/5.0 (Macintosh; Intel Mac OS X 10_10_3) AppleWebKit/537.36 (KHTML, like Gecko) Chrome/42.0.2311.90 Safari/537.36"
24.143.77.191 - - [26/Apr/2015:11:21:59 -0700] "GET /im/api.php?bib=2480&r=0.5162716864142567&raceId=2147483655&raceName=lonestar70.3&startTime=08:08:00 HTTP/1.1" 200 1280 "http://localhost:9000/" "Mozilla/5.0 (Macintosh; Intel Mac OS X 10_10_3) AppleWebKit/537.36 (KHTML, like Gecko) Chrome/42.0.2311.90 Safari/537.36"
24.143.77.191 - - [26/Apr/2015:11:21:59 -0700] "GET /im/api.php?bib=301&r=0.20597547991201282&raceId=2147483655&raceName=lonestar70.3&startTime=08:00:00 HTTP/1.1" 200 1338 "http://localhost:9000/" "Mozilla/5.0 (Macintosh; Intel Mac OS X 10_10_3) AppleWebKit/537.36 (KHTML, like Gecko) Chrome/42.0.2311.90 Safari/537.36"
24.143.77.191 - - [26/Apr/2015:11:21:59 -0700] "GET /im/api.php?bib=2486&r=0.33028486906550825&raceId=2147483655&raceName=lonestar70.3&startTime=08:08:00 HTTP/1.1" 200 1215 "http://localhost:9000/" "Mozilla/5.0 (Macintosh; Intel Mac OS X 10_10_3) AppleWebKit/537.36 (KHTML, like Gecko) Chrome/42.0.2311.90 Safari/537.36"
24.143.77.191 - - [26/Apr/2015:11:22:15 -0700] "GET /im/api.php?bib=2480&r=0.0009234650060534477&raceId=2147483655&raceName=lonestar70.3&startTime=08:08:00 HTTP/1.1" 200 1278 "http://localhost:9000/" "Mozilla/5.0 (Macintosh; Intel Mac OS X 10_10_3) AppleWebKit/537.36 (KHTML, like Gecko) Chrome/42.0.2311.90 Safari/537.36"
24.143.77.191 - - [26/Apr/2015:11:22:15 -0700] "GET /im/api.php?bib=301&r=0.704998763743788&raceId=2147483655&raceName=lonestar70.3&startTime=08:00:00 HTTP/1.1" 200 1338 "http://localhost:9000/" "Mozilla/5.0 (Macintosh; Intel Mac OS X 10_10_3) AppleWebKit/537.36 (KHTML, like Gecko) Chrome/42.0.2311.90 Safari/537.36"
24.143.77.191 - - [26/Apr/2015:11:22:15 -0700] "GET /im/api.php?bib=2486&r=0.7009250179398805&raceId=2147483655&raceName=lonestar70.3&startTime=08:08:00 HTTP/1.1" 200 1216 "http://localhost:9000/" "Mozilla/5.0 (Macintosh; Intel Mac OS X 10_10_3) AppleWebKit/537.36 (KHTML, like Gecko) Chrome/42.0.2311.90 Safari/537.36"
24.143.77.191 - - [26/Apr/2015:11:22:15 -0700] "GET /im/api.php?bib=2501&r=0.4521928923204541&raceId=2147483655&raceName=lonestar70.3&startTime=08:08:00 HTTP/1.1" 200 1191 "http://localhost:9000/" "Mozilla/5.0 (Macintosh; Intel Mac OS X 10_10_3) AppleWebKit/537.36 (KHTML, like Gecko) Chrome/42.0.2311.90 Safari/537.36"
24.143.77.191 - - [26/Apr/2015:11:22:18 -0700] "GET /im/api.php?bib=1&r=0.48411329579539597&raceId=1143240080&raceName=stgeorge70.3 HTTP/1.1" 200 1129 "http://localhost:9000/" "Mozilla/5.0 (Macintosh; Intel Mac OS X 10_10_3) AppleWebKit/537.36 (KHTML, like Gecko) Chrome/42.0.2311.90 Safari/537.36"
24.143.77.191 - - [26/Apr/2015:11:22:18 -0700] "GET /im/api.php?bib=1&r=0.9793948323931545&raceId=1143240080&raceName=stgeorge70.3&startTime=06:40:00 HTTP/1.1" 200 1140 "http://localhost:9000/" "Mozilla/5.0 (Macintosh; Intel Mac OS X 10_10_3) AppleWebKit/537.36 (KHTML, like Gecko) Chrome/42.0.2311.90 Safari/537.36"
24.143.77.191 - - [26/Apr/2015:11:22:18 -0700] "GET /im/api.php?bib=1&r=0.44272651663050056&raceId=1143240080&raceName=stgeorge70.3&startTime=07:00:00 HTTP/1.1" 200 1129 "http://localhost:9000/" "Mozilla/5.0 (Macintosh; Intel Mac OS X 10_10_3) AppleWebKit/537.36 (KHTML, like Gecko) Chrome/42.0.2311.90 Safari/537.36"
24.143.77.191 - - [26/Apr/2015:11:22:25 -0700] "GET /im/api.php?bib=2501&r=0.6515423059463501&raceId=2147483655&raceName=lonestar70.3&startTime=08:08:00 HTTP/1.1" 200 1191 "http://localhost:9000/" "Mozilla/5.0 (Macintosh; Intel Mac OS X 10_10_3) AppleWebKit/537.36 (KHTML, like Gecko) Chrome/42.0.2311.90 Safari/537.36"
24.143.77.191 - - [26/Apr/2015:11:22:25 -0700] "GET /im/api.php?bib=2480&r=0.9104752871207893&raceId=2147483655&raceName=lonestar70.3&startTime=08:08:00 HTTP/1.1" 200 1281 "http://localhost:9000/" "Mozilla/5.0 (Macintosh; Intel Mac OS X 10_10_3) AppleWebKit/537.36 (KHTML, like Gecko) Chrome/42.0.2311.90 Safari/537.36"
24.143.77.191 - - [26/Apr/2015:11:22:25 -0700] "GET /im/api.php?bib=2486&r=0.7435668802354485&raceId=2147483655&raceName=lonestar70.3&startTime=08:08:00 HTTP/1.1" 200 1216 "http://localhost:9000/" "Mozilla/5.0 (Macintosh; Intel Mac OS X 10_10_3) AppleWebKit/537.36 (KHTML, like Gecko) Chrome/42.0.2311.90 Safari/537.36"
24.143.77.191 - - [26/Apr/2015:11:22:25 -0700] "GET /im/api.php?bib=301&r=0.4509620473254472&raceId=2147483655&raceName=lonestar70.3&startTime=08:00:00 HTTP/1.1" 200 1338 "http://localhost:9000/" "Mozilla/5.0 (Macintosh; Intel Mac OS X 10_10_3) AppleWebKit/537.36 (KHTML, like Gecko) Chrome/42.0.2311.90 Safari/537.36"
170.75.162.130 - - [26/Apr/2015:11:24:32 -0700] "GET /lib/reccapi.php?resort=coppermountain HTTP/1.1" 200 1093 "-" "node-superagent/0.18.2"
170.75.162.130 - - [26/Apr/2015:11:24:32 -0700] "GET /lib/reccapi.php?resort=keystone HTTP/1.1" 200 1101 "-" "node-superagent/0.18.2"
170.75.162.130 - - [26/Apr/2015:11:41:13 -0700] "GET /lib/reccapi.php?resort=alta HTTP/1.1" 200 1021 "-" "node-superagent/0.18.2"
170.75.162.130 - - [26/Apr/2015:11:41:13 -0700] "GET /lib/reccapi.php?resort=killington HTTP/1.1" 200 991 "-" "node-superagent/0.18.2"
23.92.26.73 - - [26/Apr/2015:11:43:13 -0700] "GET   / HTTP/1.1" 200 6114 "http://www.domain2008.com/domains/www.whereshouldiski.com" "Mozilla/5.0 (compatible; MSIE 9.0; Windows NT 6.1; WOW64; Trident/5.0)"
180.76.4.207 - - [26/Apr/2015:11:51:03 -0700] "GET / HTTP/1.1" 200 6114 "-" "Mozilla/4.0 (compatible; MSIE 7.0; Windows NT 6.0)"
24.143.77.191 - - [26/Apr/2015:11:51:07 -0700] "GET /im/api.php?bib=2501&r=0.39624311961233616&raceId=2147483655&raceName=lonestar70.3&startTime=08:08:00 HTTP/1.1" 200 1262 "http://localhost:9000/" "Mozilla/5.0 (Macintosh; Intel Mac OS X 10_10_3) AppleWebKit/537.36 (KHTML, like Gecko) Chrome/42.0.2311.90 Safari/537.36"
24.143.77.191 - - [26/Apr/2015:11:51:07 -0700] "GET /im/api.php?bib=2486&r=0.4717279060278088&raceId=2147483655&raceName=lonestar70.3&startTime=08:08:00 HTTP/1.1" 200 1279 "http://localhost:9000/" "Mozilla/5.0 (Macintosh; Intel Mac OS X 10_10_3) AppleWebKit/537.36 (KHTML, like Gecko) Chrome/42.0.2311.90 Safari/537.36"
24.143.77.191 - - [26/Apr/2015:11:51:07 -0700] "GET /im/api.php?bib=2480&r=0.6765681419055909&raceId=2147483655&raceName=lonestar70.3&startTime=08:08:00 HTTP/1.1" 200 1312 "http://localhost:9000/" "Mozilla/5.0 (Macintosh; Intel Mac OS X 10_10_3) AppleWebKit/537.36 (KHTML, like Gecko) Chrome/42.0.2311.90 Safari/537.36"
24.143.77.191 - - [26/Apr/2015:11:51:07 -0700] "GET /im/api.php?bib=301&r=0.3812296169344336&raceId=2147483655&raceName=lonestar70.3&startTime=08:00:00 HTTP/1.1" 200 1354 "http://localhost:9000/" "Mozilla/5.0 (Macintosh; Intel Mac OS X 10_10_3) AppleWebKit/537.36 (KHTML, like Gecko) Chrome/42.0.2311.90 Safari/537.36"
170.75.162.130 - - [26/Apr/2015:11:52:34 -0700] "GET /lib/reccapi.php?resort=madriverglen HTTP/1.1" 200 985 "-" "node-superagent/0.18.2"
170.75.162.130 - - [26/Apr/2015:11:52:34 -0700] "GET /lib/reccapi.php?resort=sugarbush HTTP/1.1" 200 987 "-" "node-superagent/0.18.2"
170.75.162.130 - - [26/Apr/2015:11:52:34 -0700] "GET /lib/reccapi.php?resort=smugglersnotch HTTP/1.1" 200 1046 "-" "node-superagent/0.18.2"
123.125.71.58 - - [26/Apr/2015:11:58:22 -0700] "-" 408 0 "-" "-"
220.181.108.76 - - [26/Apr/2015:12:03:03 -0700] "GET / HTTP/1.1" 200 2339 "-" "Mozilla/5.0 (Windows NT 5.1; rv:6.0.2) Gecko/20100101 Firefox/6.0.2"
220.181.108.114 - - [26/Apr/2015:12:03:59 -0700] "-" 408 0 "-" "-"
12.183.161.50 - - [26/Apr/2015:12:08:28 -0700] "GET /images/wsis-logo-sm.png HTTP/1.1" 200 6108 "http://www.thebackcountry.net/" "Mozilla/5.0 (Windows NT 6.1; WOW64) AppleWebKit/537.36 (KHTML, like Gecko) Chrome/42.0.2311.90 Safari/537.36"
24.180.42.102 - - [26/Apr/2015:12:10:57 -0700] "GET /images/wsis-logo-sm.png HTTP/1.1" 200 6108 "http://thebackcountry.net/" "Mozilla/5.0 (iPhone; CPU iPhone OS 8_3 like Mac OS X) AppleWebKit/600.1.4 (KHTML, like Gecko) Version/8.0 Mobile/12F70 Safari/600.1.4"
170.75.162.130 - - [26/Apr/2015:12:16:26 -0700] "GET /lib/reccapi.php?resort=brianhead HTTP/1.1" 200 1072 "-" "node-superagent/0.18.2"
170.75.162.130 - - [26/Apr/2015:12:16:26 -0700] "GET /lib/reccapi.php?resort=brighton HTTP/1.1" 200 1027 "-" "node-superagent/0.18.2"
170.75.162.130 - - [26/Apr/2015:12:16:26 -0700] "GET /lib/reccapi.php?resort=deervalley HTTP/1.1" 200 1159 "-" "node-superagent/0.18.2"
170.75.162.130 - - [26/Apr/2015:12:16:26 -0700] "GET /lib/reccapi.php?resort=canyons HTTP/1.1" 200 1126 "-" "node-superagent/0.18.2"
170.75.162.130 - - [26/Apr/2015:12:16:27 -0700] "GET /lib/reccapi.php?resort=parkcity HTTP/1.1" 200 1058 "-" "node-superagent/0.18.2"
170.75.162.130 - - [26/Apr/2015:12:16:27 -0700] "GET /lib/reccapi.php?resort=snowbasin HTTP/1.1" 200 1032 "-" "node-superagent/0.18.2"
170.75.162.130 - - [26/Apr/2015:12:16:27 -0700] "GET /lib/reccapi.php?resort=snowbird HTTP/1.1" 200 1015 "-" "node-superagent/0.18.2"
170.75.162.130 - - [26/Apr/2015:12:16:27 -0700] "GET /lib/reccapi.php?resort=solitude HTTP/1.1" 200 1009 "-" "node-superagent/0.18.2"
170.75.162.130 - - [26/Apr/2015:12:16:27 -0700] "GET /lib/reccapi.php?resort=whitefacemountain HTTP/1.1" 200 1048 "-" "node-superagent/0.18.2"
170.75.162.130 - - [26/Apr/2015:12:16:36 -0700] "GET /lib/reccapi.php?resort=alpinemeadows HTTP/1.1" 200 1012 "-" "node-superagent/0.18.2"
170.75.162.130 - - [26/Apr/2015:12:16:36 -0700] "GET /lib/reccapi.php?resort=chinapeak HTTP/1.1" 200 969 "-" "node-superagent/0.18.2"
170.75.162.130 - - [26/Apr/2015:12:16:36 -0700] "GET /lib/reccapi.php?resort=diamondpeak HTTP/1.1" 200 955 "-" "node-superagent/0.18.2"
170.75.162.130 - - [26/Apr/2015:12:17:26 -0700] "GET /lib/reccapi.php?resort=mountbachelor HTTP/1.1" 200 1003 "-" "node-superagent/0.18.2"
170.75.162.130 - - [26/Apr/2015:12:17:26 -0700] "GET /lib/reccapi.php?resort=mounthoodmeadows HTTP/1.1" 200 1059 "-" "node-superagent/0.18.2"
170.75.162.130 - - [26/Apr/2015:12:17:26 -0700] "GET /lib/reccapi.php?resort=hoodoo HTTP/1.1" 200 989 "-" "node-superagent/0.18.2"
170.75.162.130 - - [26/Apr/2015:12:17:26 -0700] "GET /lib/reccapi.php?resort=northstar-at-tahoe HTTP/1.1" 200 959 "-" "node-superagent/0.18.2"
170.75.162.130 - - [26/Apr/2015:12:17:26 -0700] "GET /lib/reccapi.php?resort=silverstarmountain HTTP/1.1" 200 936 "-" "node-superagent/0.18.2"
170.75.162.130 - - [26/Apr/2015:12:17:26 -0700] "GET /lib/reccapi.php?resort=heavenly HTTP/1.1" 200 995 "-" "node-superagent/0.18.2"
170.75.162.130 - - [26/Apr/2015:12:17:26 -0700] "GET /lib/reccapi.php?resort=kirkwood HTTP/1.1" 200 1008 "-" "node-superagent/0.18.2"
170.75.162.130 - - [26/Apr/2015:12:17:26 -0700] "GET /lib/reccapi.php?resort=mammothmountain HTTP/1.1" 200 1004 "-" "node-superagent/0.18.2"
170.75.162.130 - - [26/Apr/2015:12:17:26 -0700] "GET /lib/reccapi.php?resort=homewoodmountain HTTP/1.1" 200 1005 "-" "node-superagent/0.18.2"
170.75.162.130 - - [26/Apr/2015:12:17:26 -0700] "GET /lib/reccapi.php?resort=mountainhigh HTTP/1.1" 200 1027 "-" "node-superagent/0.18.2"
170.75.162.130 - - [26/Apr/2015:12:17:26 -0700] "GET /lib/reccapi.php?resort=squawvalleyusa HTTP/1.1" 200 999 "-" "node-superagent/0.18.2"
170.75.162.130 - - [26/Apr/2015:12:17:26 -0700] "GET /lib/reccapi.php?resort=mtrose HTTP/1.1" 200 963 "-" "node-superagent/0.18.2"
170.75.162.130 - - [26/Apr/2015:12:17:56 -0700] "GET /lib/reccapi.php?resort=grandtarghee HTTP/1.1" 200 1043 "-" "node-superagent/0.18.2"
170.75.162.130 - - [26/Apr/2015:12:18:06 -0700] "GET /lib/reccapi.php?resort=bigsky HTTP/1.1" 200 1032 "-" "node-superagent/0.18.2"
170.75.162.130 - - [26/Apr/2015:12:25:17 -0700] "GET /lib/reccapi.php?resort=sunpeaksresort HTTP/1.1" 200 923 "-" "node-superagent/0.18.2"
170.75.162.130 - - [26/Apr/2015:12:34:18 -0700] "GET /lib/reccapi.php?resort=bigwhite HTTP/1.1" 200 925 "-" "node-superagent/0.18.2"
170.75.162.130 - - [26/Apr/2015:12:35:18 -0700] "GET /lib/reccapi.php?resort=jaypeak HTTP/1.1" 200 1044 "-" "node-superagent/0.18.2"
68.180.228.182 - - [26/Apr/2015:12:37:04 -0700] "GET /resorts?resort=bearvalleymountain&date=2014-10-16 HTTP/1.1" 404 450 "-" "Mozilla/5.0 (compatible; Yahoo! Slurp; http://help.yahoo.com/help/us/ysearch/slurp)"
123.125.71.113 - - [26/Apr/2015:12:40:09 -0700] "-" 408 0 "-" "-"
220.181.108.81 - - [26/Apr/2015:12:43:13 -0700] "-" 408 0 "-" "-"
170.75.162.130 - - [26/Apr/2015:12:45:29 -0700] "GET /lib/reccapi.php?resort=snowmass HTTP/1.1" 200 1045 "-" "node-superagent/0.18.2"
170.75.162.130 - - [26/Apr/2015:12:56:50 -0700] "GET /lib/reccapi.php?resort=sundayriver HTTP/1.1" 200 1048 "-" "node-superagent/0.18.2"
222.186.21.166 - - [26/Apr/2015:13:16:06 -0700] "GET /manager/html HTTP/1.1" 404 470 "-" "Mozilla/5.0 (compatible; MSIE 10.0; Windows NT 6.2; WOW64; Trident/6.0)"
66.249.75.48 - - [26/Apr/2015:13:21:46 -0700] "GET /robots.txt HTTP/1.1" 200 419 "-" "Mozilla/5.0 (compatible; Googlebot/2.1; +http://www.google.com/bot.html)"
66.249.75.40 - - [26/Apr/2015:13:21:47 -0700] "GET / HTTP/1.1" 200 2376 "-" "SAMSUNG-SGH-E250/1.0 Profile/MIDP-2.0 Configuration/CLDC-1.1 UP.Browser/6.2.3.3.c.1.101 (GUI) MMP/2.0 (compatible; Googlebot-Mobile/2.1; +http://www.google.com/bot.html)"
170.75.162.130 - - [26/Apr/2015:13:24:22 -0700] "GET /lib/reccapi.php?resort=taos HTTP/1.1" 200 1037 "-" "node-superagent/0.18.2"
66.249.75.48 - - [26/Apr/2015:13:25:06 -0700] "GET / HTTP/1.1" 200 2376 "-" "DoCoMo/2.0 N905i(c100;TB;W24H16) (compatible; Googlebot-Mobile/2.1; +http://www.google.com/bot.html)"
170.75.162.130 - - [26/Apr/2015:13:26:32 -0700] "GET /lib/reccapi.php?resort=redlodge HTTP/1.1" 200 1050 "-" "node-superagent/0.18.2"
170.75.162.130 - - [26/Apr/2015:13:33:33 -0700] "GET /lib/reccapi.php?resort=cannonmountain HTTP/1.1" 200 1052 "-" "node-superagent/0.18.2"
123.125.71.41 - - [26/Apr/2015:13:48:43 -0700] "-" 408 0 "-" "-"
220.181.108.174 - - [26/Apr/2015:13:53:28 -0700] "-" 408 0 "-" "-"
180.76.4.68 - - [26/Apr/2015:13:58:27 -0700] "GET / HTTP/1.1" 200 6114 "-" "Mozilla/4.0 (compatible; MSIE 7.0; Windows NT 6.0)"
146.90.81.230 - - [26/Apr/2015:14:04:14 -0700] "GET /images/viz-screenshot.png HTTP/1.1" 404 517 "http://ericfahsl.com/blog/35-creating-an-animated-javascript-heat-map-with-polymap" "Mozilla/5.0 (Macintosh; Intel Mac OS X 10_10_2) AppleWebKit/537.36 (KHTML, like Gecko) Chrome/42.0.2311.90 Safari/537.36"
146.90.81.230 - - [26/Apr/2015:14:04:16 -0700] "GET /images/viz-screenshot.png HTTP/1.1" 404 516 "http://ericfahsl.com/blog/35-creating-an-animated-javascript-heat-map-with-polymap" "Mozilla/5.0 (Macintosh; Intel Mac OS X 10_10_2) AppleWebKit/537.36 (KHTML, like Gecko) Chrome/42.0.2311.90 Safari/537.36"
146.90.81.230 - - [26/Apr/2015:14:04:25 -0700] "GET /viz/2012-2013-viz.php HTTP/1.1" 404 506 "http://ericfahsl.com/blog/35-creating-an-animated-javascript-heat-map-with-polymap" "Mozilla/5.0 (Macintosh; Intel Mac OS X 10_10_2) AppleWebKit/537.36 (KHTML, like Gecko) Chrome/42.0.2311.90 Safari/537.36"
146.90.81.230 - - [26/Apr/2015:14:04:25 -0700] "GET /favicon.ico HTTP/1.1" 200 1475 "http://whereshouldiski.com/viz/2012-2013-viz.php" "Mozilla/5.0 (Macintosh; Intel Mac OS X 10_10_2) AppleWebKit/537.36 (KHTML, like Gecko) Chrome/42.0.2311.90 Safari/537.36"
170.75.162.130 - - [26/Apr/2015:14:07:06 -0700] "GET /lib/reccapi.php?resort=sierra-at-tahoe HTTP/1.1" 200 985 "-" "node-superagent/0.18.2"
170.75.162.130 - - [26/Apr/2015:14:10:06 -0700] "GET /lib/reccapi.php?resort=49degreesnorth HTTP/1.1" 200 1011 "-" "node-superagent/0.18.2"
170.75.162.130 - - [26/Apr/2015:14:10:06 -0700] "GET /lib/reccapi.php?resort=arapahoebasin HTTP/1.1" 200 1088 "-" "node-superagent/0.18.2"
146.185.239.100 - - [26/Apr/2015:14:35:29 -0700] "GET http://24x7-allrequestsallowed.com/?PHPSESSID=a45ad01b00143TVMVRS_EAFFP%40 HTTP/1.1" 200 6095 "-" "-"
24.32.24.152 - - [26/Apr/2015:14:37:59 -0700] "GET /images/wsis-logo-sm.png HTTP/1.1" 200 6108 "http://www.thebackcountry.net/" "Mozilla/5.0 (Windows NT 6.3; WOW64) AppleWebKit/537.36 (KHTML, like Gecko) Chrome/42.0.2311.90 Safari/537.36"
123.125.71.103 - - [26/Apr/2015:14:53:49 -0700] "GET / HTTP/1.1" 200 2339 "-" "Mozilla/5.0 (Windows NT 5.1; rv:6.0.2) Gecko/20100101 Firefox/6.0.2"
123.125.71.95 - - [26/Apr/2015:14:54:37 -0700] "GET / HTTP/1.1" 200 6114 "-" "Mozilla/5.0 (Windows NT 5.1; rv:6.0.2) Gecko/20100101 Firefox/6.0.2"
220.181.108.79 - - [26/Apr/2015:14:58:28 -0700] "GET / HTTP/1.1" 200 2339 "-" "Mozilla/5.0 (Windows NT 5.1; rv:6.0.2) Gecko/20100101 Firefox/6.0.2"
220.181.108.156 - - [26/Apr/2015:14:59:29 -0700] "GET / HTTP/1.1" 200 6114 "-" "Mozilla/5.0 (Windows NT 5.1; rv:6.0.2) Gecko/20100101 Firefox/6.0.2"
180.76.6.14 - - [26/Apr/2015:15:07:45 -0700] "GET /styles/0fffd548.main.css HTTP/1.1" 200 19280 "-" "Mozilla/5.0 (compatible; Baiduspider/2.0; +http://www.baidu.com/search/spider.html)"
182.118.53.138 - - [26/Apr/2015:15:09:44 -0700] "GET / HTTP/1.1" 200 2320 "-" "Mozilla/5.0 (Macintosh; Intel Mac OS X 10_10_1) AppleWebKit/537.36 (KHTML, like Gecko) Chrome/41.0.2251.0 Safari/537.36"
209.33.83.76 - - [26/Apr/2015:15:19:16 -0700] "GET /images/wsis-logo-sm.png HTTP/1.1" 200 6108 "http://www.thebackcountry.net/" "Mozilla/5.0 (Windows NT 6.1; WOW64; Trident/7.0; rv:11.0) like Gecko"
209.33.83.76 - - [26/Apr/2015:15:19:38 -0700] "-" 408 0 "-" "-"
209.33.83.76 - - [26/Apr/2015:15:24:08 -0700] "-" 408 0 "-" "-"
80.82.65.82 - - [26/Apr/2015:15:38:41 -0700] "GET / HTTP/1.0" 200 6114 "http://whereshouldiski.com" "Mozilla/4.0 (compatible; MSIE 6.0; Windows NT 5.1; SV1; .NET CLR 2.0.50727)"
123.125.71.54 - - [26/Apr/2015:15:45:37 -0700] "-" 408 0 "-" "-"
220.181.108.180 - - [26/Apr/2015:15:49:00 -0700] "-" 408 0 "-" "-"
170.75.162.130 - - [26/Apr/2015:15:49:05 -0700] "GET /lib/reccapi.php?resort=alyeska HTTP/1.1" 200 965 "-" "node-superagent/0.18.2"
170.75.162.130 - - [26/Apr/2015:15:49:05 -0700] "GET /lib/reccapi.php?resort=alta HTTP/1.1" 200 1023 "-" "node-superagent/0.18.2"
170.75.162.130 - - [26/Apr/2015:15:49:05 -0700] "GET /lib/reccapi.php?resort=aspenmountain HTTP/1.1" 200 1027 "-" "node-superagent/0.18.2"
170.75.162.130 - - [26/Apr/2015:15:49:05 -0700] "GET /lib/reccapi.php?resort=aspenheights HTTP/1.1" 200 1080 "-" "node-superagent/0.18.2"
170.75.162.130 - - [26/Apr/2015:15:49:05 -0700] "GET /lib/reccapi.php?resort=buttermilk HTTP/1.1" 200 1063 "-" "node-superagent/0.18.2"
170.75.162.130 - - [26/Apr/2015:15:49:06 -0700] "GET /lib/reccapi.php?resort=crystalmountain HTTP/1.1" 200 1007 "-" "node-superagent/0.18.2"
170.75.162.130 - - [26/Apr/2015:15:49:06 -0700] "GET /lib/reccapi.php?resort=devilshead HTTP/1.1" 200 938 "-" "node-superagent/0.18.2"
170.75.162.130 - - [26/Apr/2015:15:49:06 -0700] "GET /lib/reccapi.php?resort=killington HTTP/1.1" 200 991 "-" "node-superagent/0.18.2"
170.75.162.130 - - [26/Apr/2015:15:49:07 -0700] "GET /lib/reccapi.php?resort=monarch HTTP/1.1" 200 1043 "-" "node-superagent/0.18.2"
170.75.162.130 - - [26/Apr/2015:15:49:09 -0700] "GET /lib/reccapi.php?resort=stowe HTTP/1.1" 200 1025 "-" "node-superagent/0.18.2"
170.75.162.130 - - [26/Apr/2015:15:49:09 -0700] "GET /lib/reccapi.php?resort=sugarbowl HTTP/1.1" 200 955 "-" "node-superagent/0.18.2"
170.75.162.130 - - [26/Apr/2015:15:49:09 -0700] "GET /lib/reccapi.php?resort=sugarloaf HTTP/1.1" 200 1034 "-" "node-superagent/0.18.2"
170.75.162.130 - - [26/Apr/2015:15:50:05 -0700] "GET /lib/reccapi.php?resort=winterpark HTTP/1.1" 200 1099 "-" "node-superagent/0.18.2"
75.111.96.78 - - [26/Apr/2015:15:55:20 -0700] "GET /images/wsis-logo-sm.png HTTP/1.1" 200 6108 "http://www.thebackcountry.net/" "Mozilla/5.0 (iPhone; CPU iPhone OS 8_3 like Mac OS X) AppleWebKit/600.1.4 (KHTML, like Gecko) Version/8.0 Mobile/12F70 Safari/600.1.4"
180.76.4.117 - - [26/Apr/2015:15:59:20 -0700] "GET / HTTP/1.1" 200 6114 "-" "Mozilla/4.0 (compatible; MSIE 7.0; Windows NT 6.0)"
66.249.75.48 - - [26/Apr/2015:16:14:46 -0700] "GET / HTTP/1.1" 200 2376 "-" "Mozilla/5.0 (iPhone; CPU iPhone OS 6_0 like Mac OS X) AppleWebKit/536.26 (KHTML, like Gecko) Version/6.0 Mobile/10A5376e Safari/8536.25 (compatible; Googlebot/2.1; +http://www.google.com/bot.html)"
75.111.103.12 - - [26/Apr/2015:16:14:58 -0700] "GET /images/wsis-logo-sm.png HTTP/1.1" 200 6108 "http://www.thebackcountry.net/" "Mozilla/5.0 (iPhone; CPU iPhone OS 8_2 like Mac OS X) AppleWebKit/600.1.4 (KHTML, like Gecko) Version/8.0 Mobile/12D508 Safari/600.1.4"
170.75.162.130 - - [26/Apr/2015:16:30:58 -0700] "GET /lib/reccapi.php?resort=diamondpeak HTTP/1.1" 200 955 "-" "node-superagent/0.18.2"
170.75.162.130 - - [26/Apr/2015:16:31:49 -0700] "GET /lib/reccapi.php?resort=schweitzer HTTP/1.1" 200 1013 "-" "node-superagent/0.18.2"
157.55.39.76 - - [26/Apr/2015:16:44:00 -0700] "GET / HTTP/1.1" 200 2376 "-" "Mozilla/5.0 (compatible; bingbot/2.0; +http://www.bing.com/bingbot.htm)"
123.125.71.57 - - [26/Apr/2015:16:48:04 -0700] "-" 408 0 "-" "-"
170.75.162.130 - - [26/Apr/2015:16:49:00 -0700] "GET /lib/reccapi.php?resort=whitefacemountain HTTP/1.1" 200 1049 "-" "node-superagent/0.18.2"
220.181.108.115 - - [26/Apr/2015:16:51:28 -0700] "-" 408 0 "-" "-"
98.224.100.19 - - [26/Apr/2015:17:08:12 -0700] "GET /images/wsis-logo-sm.png HTTP/1.1" 200 6108 "http://www.thebackcountry.net/" "Mozilla/5.0 (iPad; CPU OS 8_2 like Mac OS X) AppleWebKit/600.1.4 (KHTML, like Gecko) Version/8.0 Mobile/12D508 Safari/600.1.4"
94.102.53.195 - - [26/Apr/2015:17:24:21 -0700] "GET /includes/templates/error.tpl HTTP/1.1" 404 489 "-" "Mozilla/5.0 (Windows NT 6.1; WOW64; rv:8.0) Gecko/20100101 Firefox/8.0"
170.75.162.130 - - [26/Apr/2015:17:32:54 -0700] "GET /lib/reccapi.php?resort=smugglersnotch HTTP/1.1" 200 1047 "-" "node-superagent/0.18.2"
123.125.71.97 - - [26/Apr/2015:17:48:21 -0700] "-" 408 0 "-" "-"
220.181.108.184 - - [26/Apr/2015:17:52:39 -0700] "-" 408 0 "-" "-"
96.41.121.85 - - [26/Apr/2015:17:54:28 -0700] "GET /images/wsis-logo-sm.png HTTP/1.1" 200 6108 "http://www.thebackcountry.net/" "Mozilla/5.0 (Windows NT 6.3; WOW64) AppleWebKit/537.36 (KHTML, like Gecko) Chrome/42.0.2311.90 Safari/537.36"
170.75.162.130 - - [26/Apr/2015:17:58:46 -0700] "GET /lib/reccapi.php?resort=coppermountain HTTP/1.1" 200 1096 "-" "node-superagent/0.18.2"
108.215.193.24 - - [26/Apr/2015:18:04:00 -0700] "GET /images/wsis-logo-sm.png HTTP/1.1" 200 6108 "http://www.thebackcountry.net/" "Mozilla/5.0 (Windows NT 6.1; WOW64; Trident/7.0; rv:11.0) like Gecko"
108.215.193.24 - - [26/Apr/2015:18:04:21 -0700] "-" 408 0 "-" "-"
180.76.4.113 - - [26/Apr/2015:18:07:31 -0700] "GET / HTTP/1.1" 200 6114 "-" "Mozilla/4.0 (compatible; MSIE 7.0; Windows NT 6.0)"
75.13.86.173 - - [26/Apr/2015:18:12:16 -0700] "GET /images/wsis-logo-sm.png HTTP/1.1" 200 6108 "http://www.thebackcountry.net/" "Mozilla/5.0 (X11; Linux x86_64) AppleWebKit/537.36 (KHTML, like Gecko) Chrome/41.0.2272.118 Safari/537.36"
170.75.162.130 - - [26/Apr/2015:18:15:48 -0700] "GET /lib/reccapi.php?resort=alpinemeadows HTTP/1.1" 200 1012 "-" "node-superagent/0.18.2"
24.143.77.191 - - [26/Apr/2015:18:21:10 -0700] "GET /im/api.php?bib=2480&r=0.9771512213628739&raceId=2147483655&raceName=lonestar70.3&startTime=08:08:00 HTTP/1.1" 200 1367 "http://localhost:9000/" "Mozilla/5.0 (Macintosh; Intel Mac OS X 10_10_3) AppleWebKit/537.36 (KHTML, like Gecko) Chrome/42.0.2311.90 Safari/537.36"
24.143.77.191 - - [26/Apr/2015:18:21:10 -0700] "GET /im/api.php?bib=301&r=0.3412085634190589&raceId=2147483655&raceName=lonestar70.3&startTime=08:00:00 HTTP/1.1" 200 1355 "http://localhost:9000/" "Mozilla/5.0 (Macintosh; Intel Mac OS X 10_10_3) AppleWebKit/537.36 (KHTML, like Gecko) Chrome/42.0.2311.90 Safari/537.36"
24.143.77.191 - - [26/Apr/2015:18:21:10 -0700] "GET /im/api.php?bib=2501&r=0.8668788885697722&raceId=2147483655&raceName=lonestar70.3&startTime=08:08:00 HTTP/1.1" 200 1379 "http://localhost:9000/" "Mozilla/5.0 (Macintosh; Intel Mac OS X 10_10_3) AppleWebKit/537.36 (KHTML, like Gecko) Chrome/42.0.2311.90 Safari/537.36"
24.143.77.191 - - [26/Apr/2015:18:21:10 -0700] "GET /im/api.php?bib=2486&r=0.9701476246118546&raceId=2147483655&raceName=lonestar70.3&startTime=08:08:00 HTTP/1.1" 200 1378 "http://localhost:9000/" "Mozilla/5.0 (Macintosh; Intel Mac OS X 10_10_3) AppleWebKit/537.36 (KHTML, like Gecko) Chrome/42.0.2311.90 Safari/537.36"
68.101.227.154 - - [26/Apr/2015:18:25:04 -0700] "GET /images/wsis-logo-sm.png HTTP/1.1" 200 6108 "http://www.thebackcountry.net/" "Mozilla/5.0 (iPhone; CPU iPhone OS 8_3 like Mac OS X) AppleWebKit/600.1.4 (KHTML, like Gecko) Version/8.0 Mobile/12F70 Safari/600.1.4"
