142.54.184.90 - - [15/Feb/2016:14:38:14 -0800] "GET /robots.txt HTTP/1.0" 200 338 "-" "Mozilla/5.0 (compatible; MJ12bot/v1.4.5; http://www.majestic12.co.uk/bot.php?+)"
142.54.184.90 - - [15/Feb/2016:14:38:15 -0800] "GET /resorts?resort=alpinemeadows HTTP/1.0" 404 495 "-" "Mozilla/5.0 (compatible; MJ12bot/v1.4.5; http://www.majestic12.co.uk/bot.php?+)"
142.54.184.90 - - [15/Feb/2016:14:38:16 -0800] "GET /resorts?resort=aspenmountain HTTP/1.0" 404 469 "-" "Mozilla/5.0 (compatible; MJ12bot/v1.4.5; http://www.majestic12.co.uk/bot.php?+)"
142.54.184.90 - - [15/Feb/2016:14:38:18 -0800] "GET /resorts?resort=buttermilk HTTP/1.0" 404 469 "-" "Mozilla/5.0 (compatible; MJ12bot/v1.4.5; http://www.majestic12.co.uk/bot.php?+)"
107.77.97.34 - - [15/Feb/2016:14:46:30 -0800] "GET /images/wsis-logo-sm.png HTTP/1.1" 200 6108 "http://www.thebackcountry.net/" "Mozilla/5.0 (iPhone; CPU iPhone OS 8_2 like Mac OS X) AppleWebKit/600.1.4 (KHTML, like Gecko) Version/8.0 Mobile/12D508 Safari/600.1.4"
71.140.31.214 - - [15/Feb/2016:14:50:01 -0800] "GET /images/wsis-logo-sm.png HTTP/1.1" 200 6108 "http://www.thebackcountry.net/" "Mozilla/5.0 (Windows NT 6.2; WOW64) AppleWebKit/537.36 (KHTML, like Gecko) Chrome/48.0.2564.109 Safari/537.36"
52.33.40.213 - - [15/Feb/2016:14:54:46 -0800] "GET /lib/reccapi.php?resort=mountspokane HTTP/1.1" 200 1055 "-" "node-superagent/1.4.0"
52.33.40.213 - - [15/Feb/2016:14:54:46 -0800] "GET /lib/reccapi.php?resort=mountbachelor HTTP/1.1" 200 985 "-" "node-superagent/1.4.0"
52.33.40.213 - - [15/Feb/2016:14:55:56 -0800] "GET /lib/reccapi.php?resort=schweitzer HTTP/1.1" 200 1049 "-" "node-superagent/1.4.0"
52.33.40.213 - - [15/Feb/2016:14:56:06 -0800] "GET /lib/reccapi.php?resort=stevenspass HTTP/1.1" 200 1046 "-" "node-superagent/1.4.0"
170.75.162.130 - - [15/Feb/2016:14:56:16 -0800] "GET /lib/reccapi.php?resort=devilshead HTTP/1.1" 200 942 "-" "node-superagent/1.4.0"
66.249.75.41 - - [15/Feb/2016:14:56:51 -0800] "GET /lib/reccapi.php?fields=t&date=2016-01-31 HTTP/1.1" 200 1861 "http://whereshouldiski.com/" "Mozilla/5.0 (compatible; Googlebot/2.1; +http://www.google.com/bot.html)"
73.19.107.188 - - [15/Feb/2016:14:59:27 -0800] "GET /images/wsis-logo-sm.png HTTP/1.1" 200 6108 "http://www.thebackcountry.net/" "Mozilla/5.0 (Windows NT 6.1; WOW64; rv:44.0) Gecko/20100101 Firefox/44.0"
66.249.75.59 - - [15/Feb/2016:15:08:18 -0800] "GET /resorts?resort=devilshead&date=2013-03-01 HTTP/1.1" 404 506 "-" "DoCoMo/2.0 N905i(c100;TB;W24H16) (compatible; Googlebot-Mobile/2.1; +http://www.google.com/bot.html)"
73.252.219.162 - - [15/Feb/2016:15:13:37 -0800] "GET /images/wsis-logo-sm.png HTTP/1.1" 200 6108 "http://thebackcountry.net/" "Mozilla/5.0 (Macintosh; Intel Mac OS X 10_10_5) AppleWebKit/601.4.4 (KHTML, like Gecko) Version/9.0.3 Safari/601.4.4"
40.77.167.7 - - [15/Feb/2016:15:22:41 -0800] "GET / HTTP/1.1" 200 2615 "-" "Mozilla/5.0 (compatible; bingbot/2.0; +http://www.bing.com/bingbot.htm)"
180.76.15.145 - - [15/Feb/2016:15:30:30 -0800] "GET / HTTP/1.1" 200 6995 "-" "Mozilla/5.0 (compatible; Baiduspider/2.0; +http://www.baidu.com/search/spider.html)"
180.76.15.157 - - [15/Feb/2016:15:31:17 -0800] "GET / HTTP/1.1" 200 6995 "-" "Mozilla/5.0 (compatible; Baiduspider/2.0; +http://www.baidu.com/search/spider.html)"
75.84.178.220 - - [15/Feb/2016:15:35:01 -0800] "GET /images/wsis-logo-sm.png HTTP/1.1" 200 6108 "http://www.thebackcountry.net/" "Mozilla/5.0 (Windows NT 10.0; WOW64) AppleWebKit/537.36 (KHTML, like Gecko) Chrome/48.0.2564.103 Safari/537.36"
170.75.162.130 - - [15/Feb/2016:15:40:13 -0800] "GET /lib/reccapi.php?resort=killington HTTP/1.1" 200 1073 "-" "node-superagent/1.4.0"
170.75.162.130 - - [15/Feb/2016:15:40:23 -0800] "GET /lib/reccapi.php?resort=kirkwood HTTP/1.1" 200 991 "-" "node-superagent/1.4.0"
70.214.38.72 - - [15/Feb/2016:15:40:24 -0800] "GET /images/wsis-logo-sm.png HTTP/1.1" 200 6108 "http://www.thebackcountry.net/" "Mozilla/5.0 (Linux; Android 5.0.1; HTC6525LVW Build/LRX22C) AppleWebKit/537.36 (KHTML, like Gecko) Chrome/47.0.2526.83 Mobile Safari/537.36"
70.214.38.72 - - [15/Feb/2016:15:41:13 -0800] "-" 408 0 "-" "-"
70.214.38.72 - - [15/Feb/2016:15:41:13 -0800] "-" 408 0 "-" "-"
70.214.38.72 - - [15/Feb/2016:15:41:13 -0800] "-" 408 0 "-" "-"
127.0.0.1 - - [15/Feb/2016:15:41:23 -0800] "OPTIONS * HTTP/1.0" 200 126 "-" "Apache/2.2.22 (Ubuntu) (internal dummy connection)"
52.33.40.213 - - [15/Feb/2016:15:41:58 -0800] "GET /lib/reccapi.php?resort=whistlerblackcomb HTTP/1.1" 200 935 "-" "node-superagent/1.4.0"
107.77.109.32 - - [15/Feb/2016:15:43:24 -0800] "GET /images/wsis-logo-sm.png HTTP/1.1" 200 6108 "http://www.thebackcountry.net/" "Mozilla/5.0 (iPhone; CPU iPhone OS 9_2_1 like Mac OS X) AppleWebKit/601.1.46 (KHTML, like Gecko) Version/9.0 Mobile/13D15 Safari/601.1"
73.12.208.97 - - [15/Feb/2016:15:49:58 -0800] "GET /images/wsis-logo-sm.png HTTP/1.1" 200 6108 "http://www.thebackcountry.net/" "Mozilla/5.0 (Windows NT 6.3; WOW64; Trident/7.0; Touch; rv:11.0) like Gecko"
73.12.208.97 - - [15/Feb/2016:15:50:19 -0800] "-" 408 0 "-" "-"
52.33.40.213 - - [15/Feb/2016:15:52:19 -0800] "GET /lib/reccapi.php?resort=brianhead HTTP/1.1" 200 1018 "-" "node-superagent/1.4.0"
52.33.40.213 - - [15/Feb/2016:15:52:29 -0800] "GET /lib/reccapi.php?resort=angelfire HTTP/1.1" 200 975 "-" "node-superagent/1.4.0"
52.33.40.213 - - [15/Feb/2016:15:53:09 -0800] "GET /lib/reccapi.php?resort=crystalmountain HTTP/1.1" 200 1047 "-" "node-superagent/1.4.0"
52.33.40.213 - - [15/Feb/2016:15:53:19 -0800] "GET /lib/reccapi.php?resort=mounthoodmeadows HTTP/1.1" 200 1033 "-" "node-superagent/1.4.0"
52.33.40.213 - - [15/Feb/2016:15:53:29 -0800] "GET /lib/reccapi.php?resort=monarch HTTP/1.1" 200 985 "-" "node-superagent/1.4.0"
70.214.38.72 - - [15/Feb/2016:15:54:57 -0800] "-" 408 0 "-" "-"
70.214.38.72 - - [15/Feb/2016:15:54:57 -0800] "-" 408 0 "-" "-"
52.33.40.213 - - [15/Feb/2016:15:58:29 -0800] "GET /lib/reccapi.php?resort=alyeska HTTP/1.1" 200 996 "-" "node-superagent/1.4.0"
166.137.8.21 - - [15/Feb/2016:16:00:04 -0800] "GET /images/wsis-logo-sm.png HTTP/1.1" 200 6108 "http://thebackcountry.net/" "Mozilla/5.0 (iPhone; CPU iPhone OS 9_2_1 like Mac OS X) AppleWebKit/601.1.46 (KHTML, like Gecko) Version/9.0 Mobile/13D15 Safari/601.1"
170.75.162.130 - - [15/Feb/2016:16:03:57 -0800] "GET /lib/reccapi.php?resort=bigwhite HTTP/1.1" 200 926 "-" "node-superagent/1.4.0"
66.220.103.111 - - [15/Feb/2016:16:12:27 -0800] "GET /images/wsis-logo-sm.png HTTP/1.1" 200 6108 "http://www.thebackcountry.net/" "Mozilla/5.0 (Windows NT 10.0; WOW64) AppleWebKit/537.36 (KHTML, like Gecko) Chrome/48.0.2564.109 Safari/537.36"
170.75.162.130 - - [15/Feb/2016:16:17:09 -0800] "GET /lib/reccapi.php?resort=silverstarmountain HTTP/1.1" 200 937 "-" "node-superagent/1.4.0"
47.208.178.50 - - [15/Feb/2016:16:18:11 -0800] "GET /images/wsis-logo-sm.png HTTP/1.1" 200 6108 "http://www.thebackcountry.net/" "Mozilla/5.0 (iPad; CPU OS 7_1_1 like Mac OS X) AppleWebKit/537.51.2 (KHTML, like Gecko) Version/7.0 Mobile/11D201 Safari/9537.53"
170.75.162.130 - - [15/Feb/2016:16:24:00 -0800] "GET /lib/reccapi.php?resort=angelfire HTTP/1.1" 200 975 "-" "node-superagent/1.4.0"
170.75.162.130 - - [15/Feb/2016:16:24:00 -0800] "GET /lib/reccapi.php?resort=taos HTTP/1.1" 200 932 "-" "node-superagent/1.4.0"
52.33.40.213 - - [15/Feb/2016:16:32:31 -0800] "GET /lib/reccapi.php?resort=parkcity HTTP/1.1" 200 1067 "-" "node-superagent/1.4.0"
75.0.1.113 - - [15/Feb/2016:16:33:18 -0800] "GET /images/wsis-logo-sm.png HTTP/1.1" 200 6108 "http://www.thebackcountry.net/" "Mozilla/5.0 (Windows NT 6.1; WOW64) AppleWebKit/537.36 (KHTML, like Gecko) Chrome/48.0.2564.109 Safari/537.36"
52.33.40.213 - - [15/Feb/2016:16:33:51 -0800] "GET /lib/reccapi.php?resort=arapahoebasin HTTP/1.1" 200 1061 "-" "node-superagent/1.4.0"
180.76.15.29 - - [15/Feb/2016:16:34:36 -0800] "GET / HTTP/1.1" 200 6995 "-" "Mozilla/5.0 (compatible; Baiduspider/2.0; +http://www.baidu.com/search/spider.html)"
180.76.15.146 - - [15/Feb/2016:16:35:35 -0800] "GET / HTTP/1.1" 200 6995 "-" "Mozilla/5.0 (compatible; Baiduspider/2.0; +http://www.baidu.com/search/spider.html)"
46.229.170.197 - - [15/Feb/2016:16:43:26 -0800] "GET / HTTP/1.1" 200 6976 "-" "Mozilla/5.0 (Macintosh; U; Intel Mac OS X 10.6;en-US; rv:1.9.2.9) Gecko/20100824 Firefox/3.6.9"
70.199.2.88 - - [15/Feb/2016:16:46:31 -0800] "GET /images/wsis-logo-sm.png HTTP/1.1" 200 6108 "http://thebackcountry.net/" "Mozilla/5.0 (iPhone; CPU iPhone OS 9_2_1 like Mac OS X) AppleWebKit/601.1.46 (KHTML, like Gecko) Version/9.0 Mobile/13D15 Safari/601.1"
70.199.2.88 - - [15/Feb/2016:16:46:38 -0800] "GET /images/wsis-logo-sm.png HTTP/1.1" 304 187 "http://thebackcountry.net/" "Mozilla/5.0 (iPhone; CPU iPhone OS 9_2_1 like Mac OS X) AppleWebKit/601.1.46 (KHTML, like Gecko) Version/9.0 Mobile/13D15 Safari/601.1"
52.33.40.213 - - [15/Feb/2016:16:52:02 -0800] "GET /lib/reccapi.php?resort=buttermilk HTTP/1.1" 200 1018 "-" "node-superagent/1.4.0"
52.33.40.213 - - [15/Feb/2016:16:52:32 -0800] "GET /lib/reccapi.php?resort=snowmass HTTP/1.1" 200 977 "-" "node-superagent/1.4.0"
40.77.167.34 - - [15/Feb/2016:16:55:29 -0800] "GET /about HTTP/1.1" 404 506 "-" "Mozilla/5.0 (compatible; bingbot/2.0; +http://www.bing.com/bingbot.htm)"
170.75.162.130 - - [15/Feb/2016:17:02:05 -0800] "GET /lib/reccapi.php?resort=sierra-at-tahoe HTTP/1.1" 200 986 "-" "node-superagent/1.4.0"
170.75.162.130 - - [15/Feb/2016:17:04:36 -0800] "GET /lib/reccapi.php?resort=smugglersnotch HTTP/1.1" 200 993 "-" "node-superagent/1.4.0"
185.25.151.159 - - [15/Feb/2016:17:09:47 -0800] "GET http://testp5.mielno.lubin.pl/testproxy.php HTTP/1.1" 404 452 "-" "Mozilla/5.0 (Windows NT 5.1; rv:32.0) Gecko/20100101 Firefox/31.0"
52.33.40.213 - - [15/Feb/2016:17:19:23 -0800] "GET /lib/reccapi.php?resort=chinapeak HTTP/1.1" 200 980 "-" "node-superagent/1.4.0"
52.33.40.213 - - [15/Feb/2016:17:19:43 -0800] "GET /lib/reccapi.php?resort=mtrose HTTP/1.1" 200 936 "-" "node-superagent/1.4.0"
52.33.40.213 - - [15/Feb/2016:17:20:43 -0800] "GET /lib/reccapi.php?resort=homewoodmountain HTTP/1.1" 200 971 "-" "node-superagent/1.4.0"
75.111.101.123 - - [15/Feb/2016:17:22:33 -0800] "GET /images/wsis-logo-sm.png HTTP/1.1" 200 6108 "http://www.thebackcountry.net/" "Mozilla/5.0 (Linux; Android 5.1; XT1254 Build/SU4TL-44) AppleWebKit/537.36 (KHTML, like Gecko) Chrome/48.0.2564.95 Mobile Safari/537.36"
107.77.109.75 - - [15/Feb/2016:17:23:00 -0800] "GET /images/wsis-logo-sm.png HTTP/1.1" 200 6108 "http://thebackcountry.net/" "Mozilla/5.0 (iPhone; CPU iPhone OS 9_1 like Mac OS X) AppleWebKit/601.1.46 (KHTML, like Gecko) Version/9.0 Mobile/13B143 Safari/601.1"
75.111.101.123 - - [15/Feb/2016:17:24:14 -0800] "-" 408 0 "-" "-"
75.111.101.123 - - [15/Feb/2016:17:24:14 -0800] "-" 408 0 "-" "-"
75.111.101.123 - - [15/Feb/2016:17:24:14 -0800] "-" 408 0 "-" "-"
75.111.101.123 - - [15/Feb/2016:17:24:39 -0800] "-" 408 0 "-" "-"
75.111.101.123 - - [15/Feb/2016:17:24:40 -0800] "-" 408 0 "-" "-"
52.33.40.213 - - [15/Feb/2016:17:24:43 -0800] "GET /lib/reccapi.php?resort=cannonmountain HTTP/1.1" 200 1037 "-" "node-superagent/1.4.0"
170.75.162.130 - - [15/Feb/2016:17:26:29 -0800] "GET /lib/reccapi.php?resort=diamondpeak HTTP/1.1" 200 932 "-" "node-superagent/1.4.0"
199.115.117.243 - - [15/Feb/2016:17:29:05 -0800] "GET /images/wsis-logo-sm.png HTTP/1.1" 200 6108 "http://www.thebackcountry.net/" "Mozilla/5.0 (Windows NT 5.1; rv:45.0) Gecko/20100101 Firefox/45.0"
180.76.15.156 - - [15/Feb/2016:17:30:44 -0800] "GET / HTTP/1.1" 200 6995 "-" "Mozilla/5.0 (compatible; Baiduspider/2.0; +http://www.baidu.com/search/spider.html)"
180.76.15.6 - - [15/Feb/2016:17:31:33 -0800] "GET / HTTP/1.1" 200 6995 "-" "Mozilla/5.0 (compatible; Baiduspider/2.0; +http://www.baidu.com/search/spider.html)"
104.177.110.131 - - [15/Feb/2016:17:34:14 -0800] "GET /images/wsis-logo-sm.png HTTP/1.1" 200 6108 "http://www.thebackcountry.net/" "Mozilla/5.0 (Macintosh; Intel Mac OS X 10_10_4) AppleWebKit/600.7.12 (KHTML, like Gecko) Version/8.0.7 Safari/600.7.12"
76.254.36.135 - - [15/Feb/2016:17:36:17 -0800] "GET /images/wsis-logo-sm.png HTTP/1.1" 200 6108 "http://www.thebackcountry.net/" "Mozilla/5.0 (Windows NT 5.1) AppleWebKit/537.36 (KHTML, like Gecko) Chrome/48.0.2564.109 Safari/537.36"
70.214.38.224 - - [15/Feb/2016:17:38:22 -0800] "GET /images/wsis-logo-sm.png HTTP/1.1" 200 6108 "http://www.thebackcountry.net/" "Mozilla/5.0 (iPhone; CPU iPhone OS 9_2_1 like Mac OS X) AppleWebKit/601.1.46 (KHTML, like Gecko) Mobile/13D15"
50.174.40.88 - - [15/Feb/2016:17:38:33 -0800] "GET /images/wsis-logo-sm.png HTTP/1.1" 200 6108 "http://www.thebackcountry.net/" "Mozilla/5.0 (iPad; CPU OS 9_2_1 like Mac OS X) AppleWebKit/601.1.46 (KHTML, like Gecko) Version/9.0 Mobile/13D15 Safari/601.1"
76.247.118.130 - - [15/Feb/2016:17:38:40 -0800] "GET /images/wsis-logo-sm.png HTTP/1.1" 200 6108 "http://www.thebackcountry.net/" "Mozilla/5.0 (Windows NT 6.3; WOW64) AppleWebKit/537.36 (KHTML, like Gecko) Chrome/48.0.2564.109 Safari/537.36"
52.33.40.213 - - [15/Feb/2016:17:44:44 -0800] "GET /lib/reccapi.php?resort=redlodge HTTP/1.1" 200 1065 "-" "node-superagent/1.4.0"
170.75.162.130 - - [15/Feb/2016:17:50:33 -0800] "GET /lib/reccapi.php?resort=homewoodmountain HTTP/1.1" 200 971 "-" "node-superagent/1.4.0"
47.208.171.47 - - [15/Feb/2016:17:52:28 -0800] "GET /images/wsis-logo-sm.png HTTP/1.1" 200 6108 "http://www.thebackcountry.net/" "Mozilla/5.0 (Macintosh; Intel Mac OS X 10_10_5) AppleWebKit/601.3.9 (KHTML, like Gecko) Version/9.0.2 Safari/601.3.9"
24.121.221.36 - - [15/Feb/2016:17:53:46 -0800] "GET /images/wsis-logo-sm.png HTTP/1.1" 200 6108 "http://thebackcountry.net/" "Mozilla/5.0 (Macintosh; Intel Mac OS X 10_10_5) AppleWebKit/601.4.4 (KHTML, like Gecko) Version/9.0.3 Safari/601.4.4"
170.75.162.130 - - [15/Feb/2016:17:54:34 -0800] "GET /lib/reccapi.php?resort=heavenly HTTP/1.1" 200 966 "-" "node-superagent/1.4.0"
50.161.4.180 - - [15/Feb/2016:17:55:59 -0800] "GET /images/wsis-logo-sm.png HTTP/1.1" 200 6108 "http://www.thebackcountry.net/" "Mozilla/5.0 (iPad; CPU OS 9_2_1 like Mac OS X) AppleWebKit/601.1.46 (KHTML, like Gecko) Mobile/13D15"
52.33.40.213 - - [15/Feb/2016:18:04:35 -0800] "GET /lib/reccapi.php?resort=kirkwood HTTP/1.1" 200 991 "-" "node-superagent/1.4.0"
52.33.40.213 - - [15/Feb/2016:18:04:35 -0800] "GET /lib/reccapi.php?resort=heavenly HTTP/1.1" 200 966 "-" "node-superagent/1.4.0"
47.208.173.142 - - [15/Feb/2016:18:13:47 -0800] "GET /images/wsis-logo-sm.png HTTP/1.1" 200 6108 "http://www.thebackcountry.net/" "Mozilla/5.0 (Macintosh; Intel Mac OS X 10_10_5) AppleWebKit/601.4.4 (KHTML, like Gecko) Version/9.0.3 Safari/601.4.4"
170.75.162.130 - - [15/Feb/2016:18:18:17 -0800] "GET /lib/reccapi.php?resort=squawvalleyusa HTTP/1.1" 200 968 "-" "node-superagent/1.4.0"
69.30.213.82 - - [15/Feb/2016:18:26:45 -0800] "GET /robots.txt HTTP/1.0" 200 338 "-" "Mozilla/5.0 (compatible; MJ12bot/v1.4.5; http://www.majestic12.co.uk/bot.php?+)"
69.30.213.82 - - [15/Feb/2016:18:26:47 -0800] "GET /resorts?resort=aspenheights HTTP/1.0" 404 495 "-" "Mozilla/5.0 (compatible; MJ12bot/v1.4.5; http://www.majestic12.co.uk/bot.php?+)"
69.30.213.82 - - [15/Feb/2016:18:26:48 -0800] "GET /resorts?resort=aspenmountain HTTP/1.0" 404 469 "-" "Mozilla/5.0 (compatible; MJ12bot/v1.4.5; http://www.majestic12.co.uk/bot.php?+)"
69.30.213.82 - - [15/Feb/2016:18:26:49 -0800] "GET /resorts?resort=buttermilk HTTP/1.0" 404 469 "-" "Mozilla/5.0 (compatible; MJ12bot/v1.4.5; http://www.majestic12.co.uk/bot.php?+)"
69.30.213.82 - - [15/Feb/2016:18:26:51 -0800] "GET /resorts?resort=killington HTTP/1.0" 404 469 "-" "Mozilla/5.0 (compatible; MJ12bot/v1.4.5; http://www.majestic12.co.uk/bot.php?+)"
180.76.15.160 - - [15/Feb/2016:18:31:13 -0800] "GET / HTTP/1.1" 200 6995 "-" "Mozilla/5.0 (compatible; Baiduspider/2.0; +http://www.baidu.com/search/spider.html)"
180.76.15.16 - - [15/Feb/2016:18:32:06 -0800] "GET / HTTP/1.1" 200 6995 "-" "Mozilla/5.0 (compatible; Baiduspider/2.0; +http://www.baidu.com/search/spider.html)"
52.33.40.213 - - [15/Feb/2016:18:42:57 -0800] "GET /lib/reccapi.php?resort=northstar-at-tahoe HTTP/1.1" 200 951 "-" "node-superagent/1.4.0"
52.33.40.213 - - [15/Feb/2016:18:43:27 -0800] "GET /lib/reccapi.php?resort=telluride HTTP/1.1" 200 986 "-" "node-superagent/1.4.0"
72.47.175.53 - - [15/Feb/2016:18:45:42 -0800] "GET /images/wsis-logo-sm.png HTTP/1.1" 200 6108 "http://www.thebackcountry.net/" "Mozilla/5.0 (Linux; Android 5.1.1; SM-G920V Build/LMY47X) AppleWebKit/537.36 (KHTML, like Gecko) Chrome/48.0.2564.95 Mobile Safari/537.36"
169.230.67.154 - - [15/Feb/2016:18:45:59 -0800] "GET /images/wsis-logo-sm.png HTTP/1.1" 200 6108 "http://www.thebackcountry.net/" "Mozilla/5.0 (Windows NT 6.1) AppleWebKit/537.36 (KHTML, like Gecko) Chrome/48.0.2564.109 Safari/537.36"
158.69.201.229 - - [15/Feb/2016:18:53:23 -0800] "GET / HTTP/1.1" 200 2559 "http://hvd-store.com/" "Mozilla/5.0 (X11; Linux x86_64) AppleWebKit/537.36 (KHTML, like Gecko) Chrome/37.0.2062.120 Safari/537.36"
52.33.40.213 - - [15/Feb/2016:18:57:58 -0800] "GET /lib/reccapi.php?resort=brighton HTTP/1.1" 200 1047 "-" "node-superagent/1.4.0"
52.33.40.213 - - [15/Feb/2016:18:59:58 -0800] "GET /lib/reccapi.php?resort=steamboat HTTP/1.1" 200 1036 "-" "node-superagent/1.4.0"
52.33.40.213 - - [15/Feb/2016:19:03:48 -0800] "GET /lib/reccapi.php?resort=aspenheights HTTP/1.1" 200 1003 "-" "node-superagent/1.4.0"
180.76.15.144 - - [15/Feb/2016:19:07:53 -0800] "GET /resorts?resort=anthonylakes&date=2014-10-01 HTTP/1.1" 404 469 "-" "Mozilla/5.0 (compatible; Baiduspider/2.0; +http://www.baidu.com/search/spider.html)"
108.185.79.54 - - [15/Feb/2016:19:19:12 -0800] "GET /images/wsis-logo-sm.png HTTP/1.1" 200 6108 "http://www.thebackcountry.net/" "Mozilla/5.0 (iPhone; CPU iPhone OS 9_2 like Mac OS X) AppleWebKit/601.1.46 (KHTML, like Gecko) Version/9.0 Mobile/13C75 Safari/601.1"
50.148.145.252 - - [15/Feb/2016:19:25:24 -0800] "GET /images/wsis-logo-sm.png HTTP/1.1" 200 6108 "http://webcache.googleusercontent.com/search?q=cache:9KEzixfsKVgJ:www.thebackcountry.net/+&cd=1&hl=en&ct=clnk&gl=us" "Mozilla/5.0 (Macintosh; Intel Mac OS X 10_7_5) AppleWebKit/537.36 (KHTML, like Gecko) Chrome/48.0.2564.109 Safari/537.36"
67.169.13.134 - - [15/Feb/2016:19:28:33 -0800] "GET /images/wsis-logo-sm.png HTTP/1.1" 200 6108 "http://www.thebackcountry.net/" "Mozilla/5.0 (Macintosh; Intel Mac OS X 10_9_5) AppleWebKit/537.36 (KHTML, like Gecko) Chrome/48.0.2564.97 Safari/537.36"
180.76.15.151 - - [15/Feb/2016:19:34:44 -0800] "GET / HTTP/1.1" 200 6995 "-" "Mozilla/5.0 (compatible; Baiduspider/2.0; +http://www.baidu.com/search/spider.html)"
180.76.15.141 - - [15/Feb/2016:19:35:44 -0800] "GET / HTTP/1.1" 200 6995 "-" "Mozilla/5.0 (compatible; Baiduspider/2.0; +http://www.baidu.com/search/spider.html)"
104.177.109.223 - - [15/Feb/2016:19:43:30 -0800] "GET /images/wsis-logo-sm.png HTTP/1.1" 200 6108 "http://www.thebackcountry.net/" "Mozilla/5.0 (Macintosh; Intel Mac OS X 10_11_1) AppleWebKit/601.2.7 (KHTML, like Gecko) Version/9.0.1 Safari/601.2.7"
71.155.151.188 - - [15/Feb/2016:19:45:49 -0800] "GET /images/wsis-logo-sm.png HTTP/1.1" 200 6108 "http://www.thebackcountry.net/" "Mozilla/5.0 (iPad; CPU OS 9_2_1 like Mac OS X) AppleWebKit/601.1.46 (KHTML, like Gecko) Version/9.0 Mobile/13D15 Safari/601.1"
170.75.162.130 - - [15/Feb/2016:19:50:02 -0800] "GET /lib/reccapi.php?resort=redlodge HTTP/1.1" 200 1061 "-" "node-superagent/1.4.0"
75.111.106.213 - - [15/Feb/2016:19:55:37 -0800] "GET /images/wsis-logo-sm.png HTTP/1.1" 200 6108 "http://www.thebackcountry.net/" "Mozilla/5.0 (Macintosh; Intel Mac OS X 10_6_8) AppleWebKit/537.36 (KHTML, like Gecko) Chrome/47.0.2526.111 Safari/537.36"
75.111.106.213 - - [15/Feb/2016:19:55:58 -0800] "-" 408 0 "-" "-"
75.111.106.213 - - [15/Feb/2016:19:55:58 -0800] "-" 408 0 "-" "-"
52.33.40.213 - - [15/Feb/2016:19:57:20 -0800] "GET /lib/reccapi.php?resort=alpinemeadows HTTP/1.1" 200 980 "-" "node-superagent/1.4.0"
50.174.118.155 - - [15/Feb/2016:19:58:05 -0800] "GET /images/wsis-logo-sm.png HTTP/1.1" 200 6108 "http://www.thebackcountry.net/" "Mozilla/5.0 (Windows NT 10.0; WOW64) AppleWebKit/537.36 (KHTML, like Gecko) Chrome/48.0.2564.109 Safari/537.36"
52.33.40.213 - - [15/Feb/2016:19:59:21 -0800] "GET /lib/reccapi.php?resort=squawvalleyusa HTTP/1.1" 200 968 "-" "node-superagent/1.4.0"
170.75.162.130 - - [15/Feb/2016:20:02:14 -0800] "GET /lib/reccapi.php?resort=wildcatmountain HTTP/1.1" 200 1016 "-" "node-superagent/1.4.0"
170.75.162.130 - - [15/Feb/2016:20:02:34 -0800] "GET /lib/reccapi.php?resort=mountspokane HTTP/1.1" 200 1060 "-" "node-superagent/1.4.0"
170.75.162.130 - - [15/Feb/2016:20:02:34 -0800] "GET /lib/reccapi.php?resort=49degreesnorth HTTP/1.1" 200 1065 "-" "node-superagent/1.4.0"
73.35.195.207 - - [15/Feb/2016:20:08:16 -0800] "GET /images/wsis-logo-sm.png HTTP/1.1" 200 6108 "http://www.thebackcountry.net/" "Mozilla/5.0 (iPad; CPU OS 9_2_1 like Mac OS X) AppleWebKit/601.1.46 (KHTML, like Gecko) Version/9.0 Mobile/13D15 Safari/601.1"
75.111.108.158 - - [15/Feb/2016:20:28:58 -0800] "GET /images/wsis-logo-sm.png HTTP/1.1" 200 6108 "http://www.thebackcountry.net/" "Mozilla/5.0 (iPhone; CPU iPhone OS 9_1 like Mac OS X) AppleWebKit/601.1.46 (KHTML, like Gecko) Version/9.0 Mobile/13B143 Safari/601.1"
180.76.15.136 - - [15/Feb/2016:20:35:19 -0800] "GET / HTTP/1.1" 200 6995 "-" "Mozilla/5.0 (compatible; Baiduspider/2.0; +http://www.baidu.com/search/spider.html)"
180.76.15.32 - - [15/Feb/2016:20:36:20 -0800] "GET / HTTP/1.1" 200 6995 "-" "Mozilla/5.0 (compatible; Baiduspider/2.0; +http://www.baidu.com/search/spider.html)"
170.75.162.130 - - [15/Feb/2016:20:55:04 -0800] "GET /lib/reccapi.php?resort=northstar-at-tahoe HTTP/1.1" 200 951 "-" "node-superagent/1.4.0"
170.75.162.130 - - [15/Feb/2016:20:58:25 -0800] "GET /lib/reccapi.php?resort=chinapeak HTTP/1.1" 200 980 "-" "node-superagent/1.4.0"
170.75.162.130 - - [15/Feb/2016:20:58:25 -0800] "GET /lib/reccapi.php?resort=sugarbush HTTP/1.1" 200 1065 "-" "node-superagent/1.4.0"
170.75.162.130 - - [15/Feb/2016:20:58:45 -0800] "GET /lib/reccapi.php?resort=crestedbutte HTTP/1.1" 200 1002 "-" "node-superagent/1.4.0"
170.75.162.130 - - [15/Feb/2016:20:58:45 -0800] "GET /lib/reccapi.php?resort=mountainhigh HTTP/1.1" 200 1025 "-" "node-superagent/1.4.0"
170.75.162.130 - - [15/Feb/2016:20:58:55 -0800] "GET /lib/reccapi.php?resort=sundayriver HTTP/1.1" 200 984 "-" "node-superagent/1.4.0"
170.75.162.130 - - [15/Feb/2016:20:59:35 -0800] "GET /lib/reccapi.php?resort=sugarloaf HTTP/1.1" 200 985 "-" "node-superagent/1.4.0"
170.75.162.130 - - [15/Feb/2016:20:59:45 -0800] "GET /lib/reccapi.php?resort=madriverglen HTTP/1.1" 200 1055 "-" "node-superagent/1.4.0"
170.75.162.130 - - [15/Feb/2016:21:05:16 -0800] "GET /lib/reccapi.php?resort=parkcity HTTP/1.1" 200 1069 "-" "node-superagent/1.4.0"
96.18.191.162 - - [15/Feb/2016:21:07:17 -0800] "GET /images/wsis-logo-sm.png HTTP/1.1" 200 6108 "http://www.thebackcountry.net/" "Mozilla/5.0 (Windows NT 6.1; WOW64) AppleWebKit/537.36 (KHTML, like Gecko) Chrome/48.0.2564.109 Safari/537.36"
170.75.162.130 - - [15/Feb/2016:21:07:47 -0800] "GET /lib/reccapi.php?resort=deervalley HTTP/1.1" 200 1008 "-" "node-superagent/1.4.0"
52.33.40.213 - - [15/Feb/2016:21:10:04 -0800] "GET /lib/reccapi.php?resort=madriverglen HTTP/1.1" 200 1055 "-" "node-superagent/1.4.0"
66.249.75.50 - - [15/Feb/2016:21:10:15 -0800] "GET /resorts?resort=stowe&date=2014-02-11 HTTP/1.1" 404 506 "-" "DoCoMo/2.0 N905i(c100;TB;W24H16) (compatible; Googlebot-Mobile/2.1; +http://www.google.com/bot.html)"
170.75.162.130 - - [15/Feb/2016:21:10:17 -0800] "GET /lib/reccapi.php?resort=alpinemeadows HTTP/1.1" 200 980 "-" "node-superagent/1.4.0"
170.75.162.130 - - [15/Feb/2016:21:10:17 -0800] "GET /lib/reccapi.php?resort=kirkwood HTTP/1.1" 200 991 "-" "node-superagent/1.4.0"
170.75.162.130 - - [15/Feb/2016:21:10:17 -0800] "GET /lib/reccapi.php?resort=mammothmountain HTTP/1.1" 200 979 "-" "node-superagent/1.4.0"
170.75.162.130 - - [15/Feb/2016:21:10:18 -0800] "GET /lib/reccapi.php?resort=sierra-at-tahoe HTTP/1.1" 200 985 "-" "node-superagent/1.4.0"
170.75.162.130 - - [15/Feb/2016:21:10:18 -0800] "GET /lib/reccapi.php?resort=sugarbowl HTTP/1.1" 200 946 "-" "node-superagent/1.4.0"
52.33.40.213 - - [15/Feb/2016:21:11:04 -0800] "GET /lib/reccapi.php?resort=snowbird HTTP/1.1" 200 1038 "-" "node-superagent/1.4.0"
52.33.40.213 - - [15/Feb/2016:21:11:04 -0800] "GET /lib/reccapi.php?resort=killington HTTP/1.1" 200 1071 "-" "node-superagent/1.4.0"
52.33.40.213 - - [15/Feb/2016:21:11:04 -0800] "GET /lib/reccapi.php?resort=grandtarghee HTTP/1.1" 200 1060 "-" "node-superagent/1.4.0"
52.33.40.213 - - [15/Feb/2016:21:11:04 -0800] "GET /lib/reccapi.php?resort=jacksonhole HTTP/1.1" 200 1072 "-" "node-superagent/1.4.0"
52.33.40.213 - - [15/Feb/2016:21:11:04 -0800] "GET /lib/reccapi.php?resort=sunvalley HTTP/1.1" 200 1083 "-" "node-superagent/1.4.0"
52.33.40.213 - - [15/Feb/2016:21:11:04 -0800] "GET /lib/reccapi.php?resort=stowe HTTP/1.1" 200 984 "-" "node-superagent/1.4.0"
52.33.40.213 - - [15/Feb/2016:21:11:04 -0800] "GET /lib/reccapi.php?resort=taos HTTP/1.1" 200 933 "-" "node-superagent/1.4.0"
52.33.40.213 - - [15/Feb/2016:21:18:14 -0800] "GET /lib/reccapi.php?resort=keystone HTTP/1.1" 200 1053 "-" "node-superagent/1.4.0"
170.75.162.130 - - [15/Feb/2016:21:20:49 -0800] "GET /lib/reccapi.php?resort=mtrose HTTP/1.1" 200 935 "-" "node-superagent/1.4.0"
107.77.109.22 - - [15/Feb/2016:21:24:49 -0800] "GET /images/wsis-logo-sm.png HTTP/1.1" 200 6108 "http://www.thebackcountry.net/" "Mozilla/5.0 (iPhone; CPU iPhone OS 9_2_1 like Mac OS X) AppleWebKit/601.1.46 (KHTML, like Gecko) Version/9.0 Mobile/13D15 Safari/601.1"
180.76.15.137 - - [15/Feb/2016:21:32:59 -0800] "GET / HTTP/1.1" 200 6995 "-" "Mozilla/5.0 (compatible; Baiduspider/2.0; +http://www.baidu.com/search/spider.html)"
180.76.15.5 - - [15/Feb/2016:21:33:46 -0800] "GET / HTTP/1.1" 200 6995 "-" "Mozilla/5.0 (compatible; Baiduspider/2.0; +http://www.baidu.com/search/spider.html)"
66.214.100.142 - - [15/Feb/2016:21:38:33 -0800] "GET /images/wsis-logo-sm.png HTTP/1.1" 200 6108 "http://thebackcountry.net/" "Mozilla/5.0 (iPhone; CPU iPhone OS 9_2_1 like Mac OS X) AppleWebKit/601.1.46 (KHTML, like Gecko) Version/9.0 Mobile/13D15 Safari/601.1"
71.93.66.238 - - [15/Feb/2016:21:41:13 -0800] "GET /images/wsis-logo-sm.png HTTP/1.1" 200 6108 "http://www.thebackcountry.net/" "Mozilla/5.0 (Macintosh; Intel Mac OS X 10_11) AppleWebKit/601.1.56 (KHTML, like Gecko) Version/9.0 Safari/601.1.56"
69.41.14.160 - - [15/Feb/2016:21:41:29 -0800] "GET /images/wsis-logo-sm.png HTTP/1.1" 200 6052 "-" "Mozilla/5.0 (Windows; U; Windows NT 5.1; en-US; rv:1.9.0.1) Gecko/2008070208 Firefox/3.0.1"
172.79.253.172 - - [15/Feb/2016:21:46:08 -0800] "GET /images/wsis-logo-sm.png HTTP/1.1" 200 6108 "http://thebackcountry.net/" "Mozilla/5.0 (Macintosh; Intel Mac OS X 10_7_5) AppleWebKit/537.78.2 (KHTML, like Gecko) Version/6.1.6 Safari/537.78.2"
170.75.162.130 - - [15/Feb/2016:21:52:24 -0800] "GET /lib/reccapi.php?resort=winterpark HTTP/1.1" 200 1054 "-" "node-superagent/1.4.0"
71.137.192.77 - - [15/Feb/2016:21:54:19 -0800] "GET /images/wsis-logo-sm.png HTTP/1.1" 200 6108 "http://www.thebackcountry.net/" "Mozilla/5.0 (iPhone; CPU iPhone OS 7_1_2 like Mac OS X) AppleWebKit/537.51.2 (KHTML, like Gecko) Version/7.0 Mobile/11D257 Safari/9537.53"
170.75.162.130 - - [15/Feb/2016:21:56:24 -0800] "GET /lib/reccapi.php?resort=whistlerblackcomb HTTP/1.1" 200 934 "-" "node-superagent/1.4.0"
70.213.1.110 - - [15/Feb/2016:21:56:43 -0800] "GET /images/wsis-logo-sm.png HTTP/1.1" 200 6108 "http://www.thebackcountry.net/" "Mozilla/5.0 (iPhone; CPU iPhone OS 9_2_1 like Mac OS X) AppleWebKit/601.1.46 (KHTML, like Gecko) Version/9.0 Mobile/13D15 Safari/601.1"
76.246.34.188 - - [15/Feb/2016:22:03:36 -0800] "GET /images/wsis-logo-sm.png HTTP/1.1" 200 6108 "http://www.thebackcountry.net/" "Mozilla/5.0 (Macintosh; Intel Mac OS X 10_10_4) AppleWebKit/600.7.12 (KHTML, like Gecko) Version/8.0.7 Safari/600.7.12"
66.249.75.41 - - [15/Feb/2016:22:05:40 -0800] "GET /lib/reccapi.php?resort=grandtarghee&date=2016-02-07 HTTP/1.1" 200 1053 "http://whereshouldiski.com/" "Mozilla/5.0 (compatible; Googlebot/2.1; +http://www.google.com/bot.html)"
66.249.75.50 - - [15/Feb/2016:22:05:41 -0800] "GET /lib/resortDataSearchD3.php?size=7&sortDate=T&resort=grandtarghee&dateStart=2016-02-05 HTTP/1.1" 200 873 "http://whereshouldiski.com/" "Mozilla/5.0 (compatible; Googlebot/2.1; +http://www.google.com/bot.html)"
66.249.75.59 - - [15/Feb/2016:22:05:42 -0800] "GET /lib/reccapi.php?fields=t&date=2016-02-07&coords=43.79%2C-110.95&size=7&sort=distance HTTP/1.1" 200 1385 "http://whereshouldiski.com/" "Mozilla/5.0 (compatible; Googlebot/2.1; +http://www.google.com/bot.html)"
68.180.229.34 - - [15/Feb/2016:22:09:28 -0800] "GET /robots.txt HTTP/1.1" 200 319 "-" "Mozilla/5.0 (compatible; Yahoo! Slurp; http://help.yahoo.com/help/us/ysearch/slurp)"
68.180.229.34 - - [15/Feb/2016:22:09:28 -0800] "GET /resorts?resort=mtrose HTTP/1.1" 404 450 "-" "Mozilla/5.0 (compatible; Yahoo! Slurp; http://help.yahoo.com/help/us/ysearch/slurp)"
66.249.75.41 - - [15/Feb/2016:22:15:47 -0800] "GET /lib/reccapi.php?resort=grandtarghee&date=2016-02-14 HTTP/1.1" 200 1083 "http://whereshouldiski.com/" "Mozilla/5.0 (compatible; Googlebot/2.1; +http://www.google.com/bot.html)"
66.249.75.59 - - [15/Feb/2016:22:15:49 -0800] "GET /lib/reccapi.php?fields=t&date=2016-02-14&coords=43.79%2C-110.95&size=7&sort=distance HTTP/1.1" 200 1386 "http://whereshouldiski.com/" "Mozilla/5.0 (compatible; Googlebot/2.1; +http://www.google.com/bot.html)"
66.249.75.41 - - [15/Feb/2016:22:15:49 -0800] "GET /lib/resortDataSearchD3.php?size=7&sortDate=T&resort=grandtarghee&dateStart=2016-02-12 HTTP/1.1" 200 873 "http://whereshouldiski.com/" "Mozilla/5.0 (compatible; Googlebot/2.1; +http://www.google.com/bot.html)"
108.210.201.79 - - [15/Feb/2016:22:22:10 -0800] "GET /images/wsis-logo-sm.png HTTP/1.1" 200 6108 "http://www.thebackcountry.net/" "Mozilla/5.0 (Windows NT 6.1) AppleWebKit/537.36 (KHTML, like Gecko) Chrome/48.0.2564.109 Safari/537.36"
170.75.162.130 - - [15/Feb/2016:22:29:39 -0800] "GET /lib/reccapi.php?resort=killington HTTP/1.1" 200 1071 "-" "node-superagent/1.4.0"
166.137.242.127 - - [15/Feb/2016:22:31:15 -0800] "GET /images/wsis-logo-sm.png HTTP/1.1" 200 6108 "http://www.thebackcountry.net/" "Mozilla/5.0 (iPhone; CPU iPhone OS 9_1 like Mac OS X) AppleWebKit/601.1.46 (KHTML, like Gecko) Version/9.0 Mobile/13B143 Safari/601.1"
180.76.15.32 - - [15/Feb/2016:22:34:02 -0800] "GET / HTTP/1.1" 200 6995 "-" "Mozilla/5.0 (compatible; Baiduspider/2.0; +http://www.baidu.com/search/spider.html)"
180.76.15.12 - - [15/Feb/2016:22:34:59 -0800] "GET / HTTP/1.1" 200 6995 "-" "Mozilla/5.0 (compatible; Baiduspider/2.0; +http://www.baidu.com/search/spider.html)"
40.77.167.7 - - [15/Feb/2016:22:44:43 -0800] "GET / HTTP/1.1" 200 2615 "-" "Mozilla/5.0 (compatible; bingbot/2.0; +http://www.bing.com/bingbot.htm)"
170.75.162.130 - - [15/Feb/2016:22:49:52 -0800] "GET /lib/reccapi.php?resort=stevenspass HTTP/1.1" 200 1026 "-" "node-superagent/1.4.0"
108.202.208.100 - - [15/Feb/2016:22:55:27 -0800] "GET /images/wsis-logo-sm.png HTTP/1.1" 200 6108 "http://www.thebackcountry.net/" "Mozilla/5.0 (Windows NT 6.1; WOW64; rv:44.0) Gecko/20100101 Firefox/44.0"
170.75.162.130 - - [15/Feb/2016:22:55:53 -0800] "GET /lib/reccapi.php?resort=heavenly HTTP/1.1" 200 965 "-" "node-superagent/1.4.0"
52.33.40.213 - - [15/Feb/2016:22:58:19 -0800] "GET /lib/reccapi.php?resort=winterpark HTTP/1.1" 200 1054 "-" "node-superagent/1.4.0"
76.126.116.164 - - [15/Feb/2016:22:58:32 -0800] "GET /images/wsis-logo-sm.png HTTP/1.1" 200 6108 "http://www.thebackcountry.net/" "Mozilla/5.0 (Windows NT 10.0; Win64; x64) AppleWebKit/537.36 (KHTML, like Gecko) Chrome/49.0.2623.47 Safari/537.36"
199.201.64.138 - - [15/Feb/2016:22:58:54 -0800] "GET /images/wsis-logo-sm.png HTTP/1.1" 200 6108 "http://www.thebackcountry.net/" "Mozilla/5.0 (Macintosh; Intel Mac OS X 10_10_5) AppleWebKit/537.36 (KHTML, like Gecko) Chrome/48.0.2564.109 Safari/537.36"
170.75.162.130 - - [15/Feb/2016:23:00:24 -0800] "GET /lib/reccapi.php?resort=alyeska HTTP/1.1" 200 1005 "-" "node-superagent/1.4.0"
66.249.75.187 - - [15/Feb/2016:23:00:31 -0800] "GET /robots.txt HTTP/1.1" 200 419 "-" "Mozilla/5.0 (compatible; Googlebot/2.1; +http://www.google.com/bot.html)"
66.249.75.192 - - [15/Feb/2016:23:00:31 -0800] "GET /lib/resortDataSearch.php?resort=skibluewood&dateStart=2012-12-26&dateMax=2013-01-09&size=30 HTTP/1.1" 200 331 "-" "Mozilla/5.0 (compatible; Googlebot/2.1; +http://www.google.com/bot.html)"
66.249.75.50 - - [15/Feb/2016:23:03:04 -0800] "GET /lib/reccapi.php?resort=heavenly&date=2016-02-14 HTTP/1.1" 200 1031 "http://whereshouldiski.com/" "Mozilla/5.0 (compatible; Googlebot/2.1; +http://www.google.com/bot.html)"
66.249.75.41 - - [15/Feb/2016:23:03:05 -0800] "GET /lib/reccapi.php?fields=t&date=2016-02-14&coords=38.92%2C-119.93&size=7&sort=distance HTTP/1.1" 200 1344 "http://whereshouldiski.com/" "Mozilla/5.0 (compatible; Googlebot/2.1; +http://www.google.com/bot.html)"
66.249.75.41 - - [15/Feb/2016:23:03:06 -0800] "GET /lib/resortDataSearchD3.php?size=7&sortDate=T&resort=heavenly&dateStart=2016-02-12 HTTP/1.1" 200 852 "http://whereshouldiski.com/" "Mozilla/5.0 (compatible; Googlebot/2.1; +http://www.google.com/bot.html)"
170.75.162.130 - - [15/Feb/2016:23:07:35 -0800] "GET /lib/reccapi.php?resort=arapahoebasin HTTP/1.1" 200 1061 "-" "node-superagent/1.4.0"
170.75.162.130 - - [15/Feb/2016:23:07:45 -0800] "GET /lib/reccapi.php?resort=keystone HTTP/1.1" 200 1053 "-" "node-superagent/1.4.0"
75.141.237.29 - - [15/Feb/2016:23:11:47 -0800] "GET /images/wsis-logo-sm.png HTTP/1.1" 200 6108 "http://thebackcountry.net/" "Mozilla/5.0 (iPad; CPU OS 9_2_1 like Mac OS X) AppleWebKit/601.1.46 (KHTML, like Gecko) Version/9.0 Mobile/13D15 Safari/601.1"
170.75.162.130 - - [15/Feb/2016:23:27:28 -0800] "GET /lib/reccapi.php?resort=whitefacemountain HTTP/1.1" 200 1037 "-" "node-superagent/1.4.0"
52.33.40.213 - - [15/Feb/2016:23:32:41 -0800] "GET /lib/reccapi.php?resort=sugarbush HTTP/1.1" 200 1065 "-" "node-superagent/1.4.0"
180.76.15.11 - - [15/Feb/2016:23:32:51 -0800] "GET / HTTP/1.1" 200 6995 "-" "Mozilla/5.0 (compatible; Baiduspider/2.0; +http://www.baidu.com/search/spider.html)"
52.33.40.213 - - [15/Feb/2016:23:33:31 -0800] "GET /lib/reccapi.php?resort=hoodoo HTTP/1.1" 200 990 "-" "node-superagent/1.4.0"
180.76.15.142 - - [15/Feb/2016:23:33:45 -0800] "GET / HTTP/1.1" 200 6995 "-" "Mozilla/5.0 (compatible; Baiduspider/2.0; +http://www.baidu.com/search/spider.html)"
170.75.162.130 - - [15/Feb/2016:23:34:19 -0800] "GET /lib/reccapi.php?resort=sunpeaksresort HTTP/1.1" 200 923 "-" "node-superagent/1.4.0"
199.30.25.46 - - [15/Feb/2016:23:42:19 -0800] "GET /images/wsis-logo-sm.png HTTP/1.1" 200 6052 "http://www.thebackcountry.net/" "Mozilla/5.0 (iPhone; CPU iPhone OS 7_0 like Mac OS X) AppleWebKit/537.51.1 (KHTML, like Gecko) Version/7.0 Mobile/11A465 Safari/9537.53 BingPreview/1.0b"
40.77.167.30 - - [15/Feb/2016:23:42:19 -0800] "GET /robots.txt HTTP/1.1" 200 375 "-" "Mozilla/5.0 (compatible; bingbot/2.0; +http://www.bing.com/bingbot.htm)"
40.77.167.30 - - [15/Feb/2016:23:42:23 -0800] "GET /robots.txt HTTP/1.1" 200 419 "-" "Mozilla/5.0 (compatible; bingbot/2.0; +http://www.bing.com/bingbot.htm)"
170.75.162.130 - - [15/Feb/2016:23:44:01 -0800] "GET /lib/reccapi.php?resort=aspenheights HTTP/1.1" 200 1003 "-" "node-superagent/1.4.0"
170.75.162.130 - - [15/Feb/2016:23:44:01 -0800] "GET /lib/reccapi.php?resort=buttermilk HTTP/1.1" 200 1017 "-" "node-superagent/1.4.0"
170.75.162.130 - - [15/Feb/2016:23:44:01 -0800] "GET /lib/reccapi.php?resort=snowmass HTTP/1.1" 200 976 "-" "node-superagent/1.4.0"
170.75.162.130 - - [15/Feb/2016:23:44:01 -0800] "GET /lib/reccapi.php?resort=aspenmountain HTTP/1.1" 200 1006 "-" "node-superagent/1.4.0"
52.33.40.213 - - [15/Feb/2016:23:47:01 -0800] "GET /lib/reccapi.php?resort=49degreesnorth HTTP/1.1" 200 1065 "-" "node-superagent/1.4.0"
52.33.40.213 - - [15/Feb/2016:23:50:42 -0800] "GET /lib/reccapi.php?resort=bigwhite HTTP/1.1" 200 925 "-" "node-superagent/1.4.0"
52.33.40.213 - - [15/Feb/2016:23:52:02 -0800] "GET /lib/reccapi.php?resort=diamondpeak HTTP/1.1" 200 930 "-" "node-superagent/1.4.0"
52.33.40.213 - - [15/Feb/2016:23:52:02 -0800] "GET /lib/reccapi.php?resort=devilshead HTTP/1.1" 200 944 "-" "node-superagent/1.4.0"
52.33.40.213 - - [15/Feb/2016:23:52:02 -0800] "GET /lib/reccapi.php?resort=jaypeak HTTP/1.1" 200 992 "-" "node-superagent/1.4.0"
52.33.40.213 - - [15/Feb/2016:23:52:02 -0800] "GET /lib/reccapi.php?resort=crestedbutte HTTP/1.1" 200 1002 "-" "node-superagent/1.4.0"
170.75.162.130 - - [15/Feb/2016:23:52:02 -0800] "GET /lib/reccapi.php?resort=alta HTTP/1.1" 200 1038 "-" "node-superagent/1.4.0"
170.75.162.130 - - [15/Feb/2016:23:52:02 -0800] "GET /lib/reccapi.php?resort=angelfire HTTP/1.1" 200 976 "-" "node-superagent/1.4.0"
170.75.162.130 - - [15/Feb/2016:23:52:12 -0800] "GET /lib/reccapi.php?resort=bigsky HTTP/1.1" 200 1057 "-" "node-superagent/1.4.0"
170.75.162.130 - - [15/Feb/2016:23:52:12 -0800] "GET /lib/reccapi.php?resort=bigwhite HTTP/1.1" 200 925 "-" "node-superagent/1.4.0"
170.75.162.130 - - [15/Feb/2016:23:52:22 -0800] "GET /lib/reccapi.php?resort=brianhead HTTP/1.1" 200 1022 "-" "node-superagent/1.4.0"
170.75.162.130 - - [15/Feb/2016:23:52:22 -0800] "GET /lib/reccapi.php?resort=brighton HTTP/1.1" 200 1047 "-" "node-superagent/1.4.0"
52.33.40.213 - - [15/Feb/2016:23:52:32 -0800] "GET /lib/reccapi.php?resort=sugarbowl HTTP/1.1" 200 946 "-" "node-superagent/1.4.0"
170.75.162.130 - - [15/Feb/2016:23:52:32 -0800] "GET /lib/reccapi.php?resort=cannonmountain HTTP/1.1" 200 1040 "-" "node-superagent/1.4.0"
170.75.162.130 - - [15/Feb/2016:23:52:32 -0800] "GET /lib/reccapi.php?resort=coppermountain HTTP/1.1" 200 1062 "-" "node-superagent/1.4.0"
170.75.162.130 - - [15/Feb/2016:23:52:42 -0800] "GET /lib/reccapi.php?resort=crystalmountain HTTP/1.1" 200 1044 "-" "node-superagent/1.4.0"
170.75.162.130 - - [15/Feb/2016:23:52:43 -0800] "GET /lib/reccapi.php?resort=devilshead HTTP/1.1" 200 944 "-" "node-superagent/1.4.0"
170.75.162.130 - - [15/Feb/2016:23:52:43 -0800] "GET /lib/reccapi.php?resort=diamondpeak HTTP/1.1" 200 930 "-" "node-superagent/1.4.0"
170.75.162.130 - - [15/Feb/2016:23:52:53 -0800] "GET /lib/reccapi.php?resort=homewoodmountain HTTP/1.1" 200 970 "-" "node-superagent/1.4.0"
170.75.162.130 - - [15/Feb/2016:23:53:02 -0800] "GET /lib/reccapi.php?resort=hoodoo HTTP/1.1" 200 990 "-" "node-superagent/1.4.0"
170.75.162.130 - - [15/Feb/2016:23:53:03 -0800] "GET /lib/reccapi.php?resort=jacksonhole HTTP/1.1" 200 1072 "-" "node-superagent/1.4.0"
170.75.162.130 - - [15/Feb/2016:23:53:03 -0800] "GET /lib/reccapi.php?resort=jaypeak HTTP/1.1" 200 992 "-" "node-superagent/1.4.0"
52.33.40.213 - - [15/Feb/2016:23:53:12 -0800] "GET /lib/reccapi.php?resort=sundayriver HTTP/1.1" 200 984 "-" "node-superagent/1.4.0"
52.33.40.213 - - [15/Feb/2016:23:53:12 -0800] "GET /lib/reccapi.php?resort=sunpeaksresort HTTP/1.1" 200 923 "-" "node-superagent/1.4.0"
170.75.162.130 - - [15/Feb/2016:23:53:13 -0800] "GET /lib/reccapi.php?resort=loveland HTTP/1.1" 200 1047 "-" "node-superagent/1.4.0"
170.75.162.130 - - [15/Feb/2016:23:53:23 -0800] "GET /lib/reccapi.php?resort=monarch HTTP/1.1" 200 988 "-" "node-superagent/1.4.0"
52.33.40.213 - - [15/Feb/2016:23:53:32 -0800] "GET /lib/reccapi.php?resort=mountainhigh HTTP/1.1" 200 1025 "-" "node-superagent/1.4.0"
52.33.40.213 - - [15/Feb/2016:23:53:32 -0800] "GET /lib/reccapi.php?resort=redmountain HTTP/1.1" 200 915 "-" "node-superagent/1.4.0"
52.33.40.213 - - [15/Feb/2016:23:53:32 -0800] "GET /lib/reccapi.php?resort=loveland HTTP/1.1" 200 1047 "-" "node-superagent/1.4.0"
170.75.162.130 - - [15/Feb/2016:23:53:33 -0800] "GET /lib/reccapi.php?resort=mountbachelor HTTP/1.1" 200 990 "-" "node-superagent/1.4.0"
170.75.162.130 - - [15/Feb/2016:23:53:33 -0800] "GET /lib/reccapi.php?resort=mounthoodmeadows HTTP/1.1" 200 1034 "-" "node-superagent/1.4.0"
52.33.40.213 - - [15/Feb/2016:23:53:42 -0800] "GET /lib/reccapi.php?resort=whitefacemountain HTTP/1.1" 200 1037 "-" "node-superagent/1.4.0"
170.75.162.130 - - [15/Feb/2016:23:53:43 -0800] "GET /lib/reccapi.php?resort=redlodge HTTP/1.1" 200 1061 "-" "node-superagent/1.4.0"
170.75.162.130 - - [15/Feb/2016:23:53:43 -0800] "GET /lib/reccapi.php?resort=redmountain HTTP/1.1" 200 915 "-" "node-superagent/1.4.0"
170.75.162.130 - - [15/Feb/2016:23:53:53 -0800] "GET /lib/reccapi.php?resort=schweitzer HTTP/1.1" 200 986 "-" "node-superagent/1.4.0"
170.75.162.130 - - [15/Feb/2016:23:54:03 -0800] "GET /lib/reccapi.php?resort=smugglersnotch HTTP/1.1" 200 994 "-" "node-superagent/1.4.0"
170.75.162.130 - - [15/Feb/2016:23:54:03 -0800] "GET /lib/reccapi.php?resort=snowbasin HTTP/1.1" 200 1039 "-" "node-superagent/1.4.0"
170.75.162.130 - - [15/Feb/2016:23:54:03 -0800] "GET /lib/reccapi.php?resort=snowbird HTTP/1.1" 200 1038 "-" "node-superagent/1.4.0"
170.75.162.130 - - [15/Feb/2016:23:54:03 -0800] "GET /lib/reccapi.php?resort=solitude HTTP/1.1" 200 1039 "-" "node-superagent/1.4.0"
52.33.40.213 - - [15/Feb/2016:23:54:12 -0800] "GET /lib/reccapi.php?resort=sierra-at-tahoe HTTP/1.1" 200 985 "-" "node-superagent/1.4.0"
52.33.40.213 - - [15/Feb/2016:23:54:12 -0800] "GET /lib/reccapi.php?resort=wildcatmountain HTTP/1.1" 200 1016 "-" "node-superagent/1.4.0"
170.75.162.130 - - [15/Feb/2016:23:54:13 -0800] "GET /lib/reccapi.php?resort=squawvalleyusa HTTP/1.1" 200 968 "-" "node-superagent/1.4.0"
170.75.162.130 - - [15/Feb/2016:23:54:13 -0800] "GET /lib/reccapi.php?resort=steamboat HTTP/1.1" 200 1036 "-" "node-superagent/1.4.0"
170.75.162.130 - - [15/Feb/2016:23:54:13 -0800] "GET /lib/reccapi.php?resort=stowe HTTP/1.1" 200 984 "-" "node-superagent/1.4.0"
170.75.162.130 - - [15/Feb/2016:23:54:23 -0800] "GET /lib/reccapi.php?resort=sunvalley HTTP/1.1" 200 1083 "-" "node-superagent/1.4.0"
170.75.162.130 - - [15/Feb/2016:23:54:33 -0800] "GET /lib/reccapi.php?resort=taos HTTP/1.1" 200 933 "-" "node-superagent/1.4.0"
170.75.162.130 - - [15/Feb/2016:23:54:33 -0800] "GET /lib/reccapi.php?resort=telluride HTTP/1.1" 200 986 "-" "node-superagent/1.4.0"
52.33.40.213 - - [15/Feb/2016:23:54:42 -0800] "GET /lib/reccapi.php?resort=snowbasin HTTP/1.1" 200 1039 "-" "node-superagent/1.4.0"
52.33.40.213 - - [15/Feb/2016:23:54:42 -0800] "GET /lib/reccapi.php?resort=silverstarmountain HTTP/1.1" 200 938 "-" "node-superagent/1.4.0"
170.75.162.130 - - [15/Feb/2016:23:55:04 -0800] "GET /lib/reccapi.php?resort=silverstarmountain HTTP/1.1" 200 938 "-" "node-superagent/1.4.0"
170.75.162.130 - - [15/Feb/2016:23:55:34 -0800] "GET /lib/reccapi.php?resort=grandtarghee HTTP/1.1" 200 1060 "-" "node-superagent/1.4.0"
52.33.40.213 - - [15/Feb/2016:23:55:52 -0800] "GET /lib/reccapi.php?resort=bigsky HTTP/1.1" 200 1057 "-" "node-superagent/1.4.0"
52.33.40.213 - - [16/Feb/2016:00:13:03 -0800] "GET /lib/reccapi.php?resort=coppermountain HTTP/1.1" 200 1027 "-" "node-superagent/1.4.0"
52.33.40.213 - - [16/Feb/2016:00:13:33 -0800] "GET /lib/reccapi.php?resort=deervalley HTTP/1.1" 200 980 "-" "node-superagent/1.4.0"
52.33.40.213 - - [16/Feb/2016:00:24:13 -0800] "GET /lib/reccapi.php?resort=sugarloaf HTTP/1.1" 200 1080 "-" "node-superagent/1.4.0"
52.33.40.213 - - [16/Feb/2016:00:24:13 -0800] "GET /lib/reccapi.php?resort=smugglersnotch HTTP/1.1" 200 1129 "-" "node-superagent/1.4.0"
180.76.15.145 - - [16/Feb/2016:00:32:04 -0800] "GET / HTTP/1.1" 200 6995 "-" "Mozilla/5.0 (compatible; Baiduspider/2.0; +http://www.baidu.com/search/spider.html)"
180.76.15.6 - - [16/Feb/2016:00:32:57 -0800] "GET / HTTP/1.1" 200 6995 "-" "Mozilla/5.0 (compatible; Baiduspider/2.0; +http://www.baidu.com/search/spider.html)"
173.208.206.204 - - [16/Feb/2016:00:34:47 -0800] "GET / HTTP/1.1" 200 6976 "-" "Mozilla/4.0 (compatible; MSIE 8.0; Windows NT 6.1; Trident/4.0; SLCC2; .NET CLR 2.0.50727; .NET CLR 3.5.30729; .NET CLR 3.0.30729; Media Center PC 6.0)"
52.33.40.213 - - [16/Feb/2016:00:38:54 -0800] "GET /lib/reccapi.php?resort=alta HTTP/1.1" 200 951 "-" "node-superagent/1.4.0"
52.33.40.213 - - [16/Feb/2016:00:38:54 -0800] "GET /lib/reccapi.php?resort=mammothmountain HTTP/1.1" 200 977 "-" "node-superagent/1.4.0"
52.33.40.213 - - [16/Feb/2016:00:38:54 -0800] "GET /lib/reccapi.php?resort=aspenmountain HTTP/1.1" 200 1004 "-" "node-superagent/1.4.0"
73.231.49.181 - - [16/Feb/2016:00:41:50 -0800] "GET /images/wsis-logo-sm.png HTTP/1.1" 200 6108 "http://www.thebackcountry.net/" "Mozilla/5.0 (Linux; Android 6.0.1; Nexus 7 Build/MMB29Q) AppleWebKit/537.36 (KHTML, like Gecko) Chrome/48.0.2564.95 Safari/537.36"
24.6.252.60 - - [16/Feb/2016:00:52:49 -0800] "GET /images/wsis-logo-sm.png HTTP/1.1" 200 6108 "http://www.thebackcountry.net/" "Mozilla/5.0 (Macintosh; Intel Mac OS X 10_10_5) AppleWebKit/537.36 (KHTML, like Gecko) Chrome/48.0.2564.109 Safari/537.36"
40.77.167.34 - - [16/Feb/2016:01:04:42 -0800] "GET /robots.txt HTTP/1.1" 200 375 "-" "Mozilla/5.0 (compatible; bingbot/2.0; +http://www.bing.com/bingbot.htm)"
40.77.167.34 - - [16/Feb/2016:01:05:13 -0800] "GET /about HTTP/1.1" 404 509 "-" "Mozilla/5.0 (compatible; bingbot/2.0; +http://www.bing.com/bingbot.htm)"
54.198.69.245 - - [16/Feb/2016:01:13:44 -0800] "GET / HTTP/1.1" 200 6995 "-" "Mozilla/4.0 (compatible; MSIE 6.0; Windows NT 5.1; SV1; InfoPath.2)"
66.249.75.41 - - [16/Feb/2016:01:14:23 -0800] "GET /lib/reccapi.php?resort=holimont&date=2016-02-13 HTTP/1.1" 200 1085 "http://whereshouldiski.com/" "Mozilla/5.0 (compatible; Googlebot/2.1; +http://www.google.com/bot.html)"
66.249.75.50 - - [16/Feb/2016:01:14:25 -0800] "GET /lib/resortDataSearchD3.php?size=7&sortDate=T&resort=holimont&dateStart=2016-02-11 HTTP/1.1" 200 874 "http://whereshouldiski.com/" "Mozilla/5.0 (compatible; Googlebot/2.1; +http://www.google.com/bot.html)"
66.249.75.50 - - [16/Feb/2016:01:14:29 -0800] "GET /lib/reccapi.php?fields=t&date=2016-02-13&coords=42.2732%2C-78.6888&size=7&sort=distance HTTP/1.1" 200 1302 "http://whereshouldiski.com/" "Mozilla/5.0 (compatible; Googlebot/2.1; +http://www.google.com/bot.html)"
144.76.12.75 - - [16/Feb/2016:01:23:32 -0800] "GET /robots.txt HTTP/1.0" 200 338 "-" "Mozilla/5.0 (compatible; MJ12bot/v1.4.5; http://www.majestic12.co.uk/bot.php?+)"
144.76.12.75 - - [16/Feb/2016:01:23:33 -0800] "GET / HTTP/1.0" 200 6995 "-" "Mozilla/5.0 (compatible; MJ12bot/v1.4.5; http://www.majestic12.co.uk/bot.php?+)"
52.33.40.213 - - [16/Feb/2016:01:29:26 -0800] "GET /lib/reccapi.php?resort=solitude HTTP/1.1" 200 950 "-" "node-superagent/1.4.0"
180.76.15.144 - - [16/Feb/2016:01:33:16 -0800] "GET / HTTP/1.1" 200 6995 "-" "Mozilla/5.0 (compatible; Baiduspider/2.0; +http://www.baidu.com/search/spider.html)"
180.76.15.24 - - [16/Feb/2016:01:34:09 -0800] "GET / HTTP/1.1" 200 6995 "-" "Mozilla/5.0 (compatible; Baiduspider/2.0; +http://www.baidu.com/search/spider.html)"
170.75.162.130 - - [16/Feb/2016:01:35:04 -0800] "GET /lib/reccapi.php?resort=sugarbowl HTTP/1.1" 200 949 "-" "node-superagent/1.4.0"
66.249.75.50 - - [16/Feb/2016:01:43:26 -0800] "GET /lib/reccapi.php?resort=huntermountain&date=2015-12-29 HTTP/1.1" 200 689 "http://whereshouldiski.com/" "Mozilla/5.0 (compatible; Googlebot/2.1; +http://www.google.com/bot.html)"
170.75.162.130 - - [16/Feb/2016:01:53:06 -0800] "GET /lib/reccapi.php?resort=northstar-at-tahoe HTTP/1.1" 200 956 "-" "node-superagent/1.4.0"
66.249.75.50 - - [16/Feb/2016:02:24:06 -0800] "GET /lib/reccapi.php?resort=huntermountain&date=2016-02-11 HTTP/1.1" 200 1085 "http://whereshouldiski.com/" "Mozilla/5.0 (compatible; Googlebot/2.1; +http://www.google.com/bot.html)"
66.249.75.59 - - [16/Feb/2016:02:24:08 -0800] "GET /lib/resortDataSearchD3.php?size=7&sortDate=T&resort=huntermountain&dateStart=2016-02-09 HTTP/1.1" 200 866 "http://whereshouldiski.com/" "Mozilla/5.0 (compatible; Googlebot/2.1; +http://www.google.com/bot.html)"
66.249.75.59 - - [16/Feb/2016:02:24:08 -0800] "GET /lib/reccapi.php?fields=t&date=2016-02-11&coords=42.2003%2C-74.2303&size=7&sort=distance HTTP/1.1" 200 1323 "http://whereshouldiski.com/" "Mozilla/5.0 (compatible; Googlebot/2.1; +http://www.google.com/bot.html)"
37.187.56.76 - - [16/Feb/2016:02:30:29 -0800] "GET /robots.txt HTTP/1.0" 200 338 "-" ""
37.187.56.76 - - [16/Feb/2016:02:30:30 -0800] "GET / HTTP/1.1" 206 7023 "-" "Mozilla/5.0 (X11; Linux i686; rv:21.0) Gecko/20100101 Firefox/21.0"
37.187.56.76 - - [16/Feb/2016:02:30:32 -0800] "GET /about HTTP/1.1" 404 476 "-" "Mozilla/5.0 (X11; Linux i686; rv:21.0) Gecko/20100101 Firefox/21.0"
180.76.15.24 - - [16/Feb/2016:02:32:27 -0800] "GET / HTTP/1.1" 200 6995 "-" "Mozilla/5.0 (compatible; Baiduspider/2.0; +http://www.baidu.com/search/spider.html)"
180.76.15.31 - - [16/Feb/2016:02:33:19 -0800] "GET / HTTP/1.1" 200 6995 "-" "Mozilla/5.0 (compatible; Baiduspider/2.0; +http://www.baidu.com/search/spider.html)"
78.180.175.16 - - [16/Feb/2016:02:35:35 -0800] "GET /images/wsis-logo-sm.png HTTP/1.1" 200 6108 "http://www.thebackcountry.net/" "Mozilla/5.0 (Macintosh; Intel Mac OS X 10_11_2) AppleWebKit/537.36 (KHTML, like Gecko) Chrome/49.0.2623.47 Safari/537.36"
51.254.215.130 - - [16/Feb/2016:02:38:03 -0800] "GET /robots.txt HTTP/1.0" 200 338 "-" "Mozilla/5.0 (compatible; MJ12bot/v1.4.5; http://www.majestic12.co.uk/bot.php?+)"
51.254.215.130 - - [16/Feb/2016:02:38:05 -0800] "GET /about HTTP/1.0" 404 495 "-" "Mozilla/5.0 (compatible; MJ12bot/v1.4.5; http://www.majestic12.co.uk/bot.php?+)"
51.254.215.130 - - [16/Feb/2016:02:38:07 -0800] "GET /resorts?resort=alpinemeadows HTTP/1.0" 404 469 "-" "Mozilla/5.0 (compatible; MJ12bot/v1.4.5; http://www.majestic12.co.uk/bot.php?+)"
51.254.215.130 - - [16/Feb/2016:02:38:08 -0800] "GET /resorts?resort=aspenmountain HTTP/1.0" 404 469 "-" "Mozilla/5.0 (compatible; MJ12bot/v1.4.5; http://www.majestic12.co.uk/bot.php?+)"
51.254.215.130 - - [16/Feb/2016:02:38:10 -0800] "GET /resorts?resort=buttermilk HTTP/1.0" 404 469 "-" "Mozilla/5.0 (compatible; MJ12bot/v1.4.5; http://www.majestic12.co.uk/bot.php?+)"
