170.75.162.130 - - [05/Jan/2016:22:23:51 -0800] "GET /lib/reccapi.php?resort=alta HTTP/1.1" 200 1001 "-" "node-superagent/1.4.0"
170.75.162.130 - - [05/Jan/2016:22:23:51 -0800] "GET /lib/reccapi.php?resort=snowbird HTTP/1.1" 200 1008 "-" "node-superagent/1.4.0"
66.249.79.220 - - [05/Jan/2016:22:32:30 -0800] "GET /lib/reccapi.php?fields=t&state=CL HTTP/1.1" 200 737 "http://whereshouldiski.com/" "Mozilla/5.0 (compatible; Googlebot/2.1; +http://www.google.com/bot.html)"
170.75.162.130 - - [05/Jan/2016:22:32:42 -0800] "GET /lib/reccapi.php?resort=brianhead HTTP/1.1" 200 1042 "-" "node-superagent/1.4.0"
72.47.126.106 - - [05/Jan/2016:22:33:10 -0800] "GET /images/wsis-logo-sm.png HTTP/1.1" 304 187 "http://thebackcountry.net/" "Mozilla/5.0 (X11; Linux x86_64) AppleWebKit/537.36 (KHTML, like Gecko) Chrome/47.0.2526.106 Safari/537.36"
180.76.15.149 - - [05/Jan/2016:22:35:44 -0800] "GET / HTTP/1.1" 200 6995 "-" "Mozilla/5.0 (compatible; Baiduspider/2.0; +http://www.baidu.com/search/spider.html)"
180.76.15.5 - - [05/Jan/2016:22:36:44 -0800] "GET / HTTP/1.1" 200 6995 "-" "Mozilla/5.0 (compatible; Baiduspider/2.0; +http://www.baidu.com/search/spider.html)"
142.254.47.60 - - [05/Jan/2016:23:05:26 -0800] "GET /images/wsis-logo-sm.png HTTP/1.1" 200 6108 "http://www.thebackcountry.net/" "Mozilla/5.0 (iPhone; CPU iPhone OS 9_2 like Mac OS X) AppleWebKit/601.1.46 (KHTML, like Gecko) Version/9.0 Mobile/13C75 Safari/601.1"
170.75.162.130 - - [05/Jan/2016:23:05:26 -0800] "GET /lib/reccapi.php?resort=mammothmountain HTTP/1.1" 200 1069 "-" "node-superagent/1.4.0"
66.249.79.234 - - [05/Jan/2016:23:06:01 -0800] "GET /lib/reccapi.php?resort=aspenmountain&date=2016-01-05 HTTP/1.1" 200 1012 "http://whereshouldiski.com/" "Mozilla/5.0 (compatible; Googlebot/2.1; +http://www.google.com/bot.html)"
66.249.79.220 - - [05/Jan/2016:23:06:03 -0800] "GET /lib/reccapi.php?fields=t&date=2016-01-05&coords=39.17%2C-106.8&size=7&sort=distance HTTP/1.1" 200 1305 "http://whereshouldiski.com/" "Mozilla/5.0 (compatible; Googlebot/2.1; +http://www.google.com/bot.html)"
66.249.79.220 - - [05/Jan/2016:23:06:04 -0800] "GET /lib/resortDataSearchD3.php?size=7&sortDate=T&resort=aspenmountain&dateStart=2016-01-03 HTTP/1.1" 200 854 "http://whereshouldiski.com/" "Mozilla/5.0 (compatible; Googlebot/2.1; +http://www.google.com/bot.html)"
170.75.162.130 - - [05/Jan/2016:23:06:06 -0800] "GET /lib/reccapi.php?resort=mtrose HTTP/1.1" 200 1024 "-" "node-superagent/1.4.0"
73.25.139.32 - - [05/Jan/2016:23:10:19 -0800] "GET /images/wsis-logo-sm.png HTTP/1.1" 200 6108 "http://www.thebackcountry.net/" "Mozilla/5.0 (iPhone; CPU iPhone OS 9_2 like Mac OS X) AppleWebKit/601.1.46 (KHTML, like Gecko) Version/9.0 Mobile/13C75 Safari/601.1"
157.55.39.9 - - [05/Jan/2016:23:11:32 -0800] "GET /robots.txt HTTP/1.1" 200 375 "-" "Mozilla/5.0 (compatible; bingbot/2.0; +http://www.bing.com/bingbot.htm)"
66.249.79.220 - - [05/Jan/2016:23:12:22 -0800] "GET /lib/reccapi.php?resort=heavenly&date=2016-01-05 HTTP/1.1" 200 1091 "http://whereshouldiski.com/" "Mozilla/5.0 (compatible; Googlebot/2.1; +http://www.google.com/bot.html)"
66.249.79.220 - - [05/Jan/2016:23:12:23 -0800] "GET /lib/resortDataSearchD3.php?size=7&sortDate=T&resort=heavenly&dateStart=2016-01-03 HTTP/1.1" 200 866 "http://whereshouldiski.com/" "Mozilla/5.0 (compatible; Googlebot/2.1; +http://www.google.com/bot.html)"
66.249.79.220 - - [05/Jan/2016:23:12:24 -0800] "GET /lib/reccapi.php?fields=t&date=2016-01-05&coords=38.92%2C-119.93&size=7&sort=distance HTTP/1.1" 200 1370 "http://whereshouldiski.com/" "Mozilla/5.0 (compatible; Googlebot/2.1; +http://www.google.com/bot.html)"
170.75.162.130 - - [05/Jan/2016:23:13:07 -0800] "GET /lib/reccapi.php?resort=crystalmountain HTTP/1.1" 200 1050 "-" "node-superagent/1.4.0"
157.55.39.9 - - [05/Jan/2016:23:13:45 -0800] "GET /about HTTP/1.1" 404 509 "-" "Mozilla/5.0 (compatible; bingbot/2.0; +http://www.bing.com/bingbot.htm)"
74.202.55.3 - - [05/Jan/2016:23:14:22 -0800] "GET /images/wsis-logo-sm.png HTTP/1.1" 200 6108 "http://www.thebackcountry.net/" "Mozilla/5.0 (Windows NT 5.1) AppleWebKit/537.36 (KHTML, like Gecko) Chrome/34.0.1847.131 Safari/537.36"
207.46.13.170 - - [05/Jan/2016:23:16:50 -0800] "GET /resorts HTTP/1.1" 404 506 "-" "Mozilla/5.0 (compatible; bingbot/2.0; +http://www.bing.com/bingbot.htm)"
66.249.79.227 - - [05/Jan/2016:23:19:46 -0800] "GET /lib/reccapi.php?fields=t&state=CO HTTP/1.1" 200 1416 "http://whereshouldiski.com/" "Mozilla/5.0 (compatible; Googlebot/2.1; +http://www.google.com/bot.html)"
180.76.15.162 - - [05/Jan/2016:23:33:08 -0800] "GET / HTTP/1.1" 200 6995 "-" "Mozilla/5.0 (compatible; Baiduspider/2.0; +http://www.baidu.com/search/spider.html)"
180.76.15.5 - - [05/Jan/2016:23:34:03 -0800] "GET / HTTP/1.1" 200 6995 "-" "Mozilla/5.0 (compatible; Baiduspider/2.0; +http://www.baidu.com/search/spider.html)"
166.137.8.122 - - [05/Jan/2016:23:34:47 -0800] "GET / HTTP/1.1" 304 210 "-" "Mozilla/5.0 (iPhone; CPU iPhone OS 9_2 like Mac OS X) AppleWebKit/601.1.46 (KHTML, like Gecko) Version/9.0 Mobile/13C75 Safari/601.1"
166.137.8.122 - - [05/Jan/2016:23:34:48 -0800] "GET /styles/ee08faa9.main.css HTTP/1.1" 304 210 "http://whereshouldiski.com/" "Mozilla/5.0 (iPhone; CPU iPhone OS 9_2 like Mac OS X) AppleWebKit/601.1.46 (KHTML, like Gecko) Version/9.0 Mobile/13C75 Safari/601.1"
166.137.8.122 - - [05/Jan/2016:23:34:48 -0800] "GET /images/logo-square-white-sm.png HTTP/1.1" 304 186 "http://whereshouldiski.com/" "Mozilla/5.0 (iPhone; CPU iPhone OS 9_2 like Mac OS X) AppleWebKit/601.1.46 (KHTML, like Gecko) Version/9.0 Mobile/13C75 Safari/601.1"
166.137.8.122 - - [05/Jan/2016:23:34:48 -0800] "GET /images/loading.gif HTTP/1.1" 304 187 "http://whereshouldiski.com/" "Mozilla/5.0 (iPhone; CPU iPhone OS 9_2 like Mac OS X) AppleWebKit/601.1.46 (KHTML, like Gecko) Version/9.0 Mobile/13C75 Safari/601.1"
166.137.8.122 - - [05/Jan/2016:23:34:48 -0800] "GET /scripts/scripts/vendor/modernizr.js HTTP/1.1" 304 210 "http://whereshouldiski.com/" "Mozilla/5.0 (iPhone; CPU iPhone OS 9_2 like Mac OS X) AppleWebKit/601.1.46 (KHTML, like Gecko) Version/9.0 Mobile/13C75 Safari/601.1"
166.137.8.122 - - [05/Jan/2016:23:34:48 -0800] "GET /bower_components/requirejs/require.js HTTP/1.1" 304 210 "http://whereshouldiski.com/" "Mozilla/5.0 (iPhone; CPU iPhone OS 9_2 like Mac OS X) AppleWebKit/601.1.46 (KHTML, like Gecko) Version/9.0 Mobile/13C75 Safari/601.1"
166.137.8.122 - - [05/Jan/2016:23:34:48 -0800] "GET /scripts/fa48e319.main.js HTTP/1.1" 304 210 "http://whereshouldiski.com/" "Mozilla/5.0 (iPhone; CPU iPhone OS 9_2 like Mac OS X) AppleWebKit/601.1.46 (KHTML, like Gecko) Version/9.0 Mobile/13C75 Safari/601.1"
166.137.8.122 - - [05/Jan/2016:23:34:49 -0800] "GET /lib/reccapi.php?fields=t HTTP/1.1" 200 1953 "http://whereshouldiski.com/" "Mozilla/5.0 (iPhone; CPU iPhone OS 9_2 like Mac OS X) AppleWebKit/601.1.46 (KHTML, like Gecko) Version/9.0 Mobile/13C75 Safari/601.1"
166.137.8.122 - - [05/Jan/2016:23:34:49 -0800] "GET /images/star5.png HTTP/1.1" 304 185 "http://whereshouldiski.com/" "Mozilla/5.0 (iPhone; CPU iPhone OS 9_2 like Mac OS X) AppleWebKit/601.1.46 (KHTML, like Gecko) Version/9.0 Mobile/13C75 Safari/601.1"
166.137.8.122 - - [05/Jan/2016:23:34:49 -0800] "GET /images/snowflake5.png HTTP/1.1" 304 185 "http://whereshouldiski.com/" "Mozilla/5.0 (iPhone; CPU iPhone OS 9_2 like Mac OS X) AppleWebKit/601.1.46 (KHTML, like Gecko) Version/9.0 Mobile/13C75 Safari/601.1"
166.137.8.122 - - [05/Jan/2016:23:34:49 -0800] "GET /images/bluebird5.png HTTP/1.1" 304 185 "http://whereshouldiski.com/" "Mozilla/5.0 (iPhone; CPU iPhone OS 9_2 like Mac OS X) AppleWebKit/601.1.46 (KHTML, like Gecko) Version/9.0 Mobile/13C75 Safari/601.1"
166.137.8.122 - - [05/Jan/2016:23:34:49 -0800] "GET /images/shading-icon.png HTTP/1.1" 304 184 "http://whereshouldiski.com/" "Mozilla/5.0 (iPhone; CPU iPhone OS 9_2 like Mac OS X) AppleWebKit/601.1.46 (KHTML, like Gecko) Version/9.0 Mobile/13C75 Safari/601.1"
166.137.8.122 - - [05/Jan/2016:23:34:52 -0800] "GET /lib/reccapi.php?fields=t&coords=33.501163739995036,-112.0300326799934 HTTP/1.1" 200 2116 "http://whereshouldiski.com/" "Mozilla/5.0 (iPhone; CPU iPhone OS 9_2 like Mac OS X) AppleWebKit/601.1.46 (KHTML, like Gecko) Version/9.0 Mobile/13C75 Safari/601.1"
107.77.109.87 - - [05/Jan/2016:23:34:55 -0800] "GET /images/wsis-logo-sm.png HTTP/1.1" 304 187 "http://www.thebackcountry.net/" "Mozilla/5.0 (iPhone; CPU iPhone OS 7_1 like Mac OS X) AppleWebKit/537.51.2 (KHTML, like Gecko) Version/7.0 Mobile/11D167 Safari/9537.53"
166.137.8.122 - - [05/Jan/2016:23:38:29 -0800] "GET /lib/reccapi.php?fields=t&coords=33.501163739995036,-112.0300326799934&region=Southwest HTTP/1.1" 200 1518 "http://whereshouldiski.com/" "Mozilla/5.0 (iPhone; CPU iPhone OS 9_2 like Mac OS X) AppleWebKit/601.1.46 (KHTML, like Gecko) Version/9.0 Mobile/13C75 Safari/601.1"
166.137.8.122 - - [05/Jan/2016:23:38:29 -0800] "GET /images/greenHeader.png HTTP/1.1" 200 508 "http://whereshouldiski.com/" "Mozilla/5.0 (iPhone; CPU iPhone OS 9_2 like Mac OS X) AppleWebKit/601.1.46 (KHTML, like Gecko) Version/9.0 Mobile/13C75 Safari/601.1"
166.137.8.122 - - [05/Jan/2016:23:39:17 -0800] "GET /lib/reccapi.php?fields=t&coords=33.501163739995036,-112.0300326799934 HTTP/1.1" 200 2116 "http://whereshouldiski.com/" "Mozilla/5.0 (iPhone; CPU iPhone OS 9_2 like Mac OS X) AppleWebKit/601.1.46 (KHTML, like Gecko) Version/9.0 Mobile/13C75 Safari/601.1"
166.137.8.122 - - [05/Jan/2016:23:39:37 -0800] "GET /lib/reccapi.php?fields=t&coords=33.501163739995036,-112.0300326799934&state=AZ HTTP/1.1" 200 1441 "http://whereshouldiski.com/" "Mozilla/5.0 (iPhone; CPU iPhone OS 9_2 like Mac OS X) AppleWebKit/601.1.46 (KHTML, like Gecko) Version/9.0 Mobile/13C75 Safari/601.1"
66.249.79.227 - - [05/Jan/2016:23:39:46 -0800] "GET /lib/reccapi.php?resort=missionridge&date=2016-01-05 HTTP/1.1" 200 1072 "http://whereshouldiski.com/" "Mozilla/5.0 (compatible; Googlebot/2.1; +http://www.google.com/bot.html)"
66.249.79.220 - - [05/Jan/2016:23:39:48 -0800] "GET /lib/resortDataSearchD3.php?size=7&sortDate=T&resort=missionridge&dateStart=2016-01-03 HTTP/1.1" 200 873 "http://whereshouldiski.com/" "Mozilla/5.0 (compatible; Googlebot/2.1; +http://www.google.com/bot.html)"
66.249.79.220 - - [05/Jan/2016:23:39:49 -0800] "GET /lib/reccapi.php?fields=t&date=2016-01-05&coords=47.28%2C-120.39&size=7&sort=distance HTTP/1.1" 200 1415 "http://whereshouldiski.com/" "Mozilla/5.0 (compatible; Googlebot/2.1; +http://www.google.com/bot.html)"
66.249.79.227 - - [05/Jan/2016:23:43:00 -0800] "GET /lib/reccapi.php?resort=homewoodmountain&date=2016-01-05 HTTP/1.1" 200 1100 "http://whereshouldiski.com/" "Mozilla/5.0 (compatible; Googlebot/2.1; +http://www.google.com/bot.html)"
66.249.79.220 - - [05/Jan/2016:23:43:01 -0800] "GET /lib/reccapi.php?fields=t&date=2016-01-05&coords=39.17%2C-120.22&size=7&sort=distance HTTP/1.1" 200 1384 "http://whereshouldiski.com/" "Mozilla/5.0 (compatible; Googlebot/2.1; +http://www.google.com/bot.html)"
66.249.79.220 - - [05/Jan/2016:23:43:02 -0800] "GET /lib/resortDataSearchD3.php?size=7&sortDate=T&resort=homewoodmountain&dateStart=2016-01-03 HTTP/1.1" 200 866 "http://whereshouldiski.com/" "Mozilla/5.0 (compatible; Googlebot/2.1; +http://www.google.com/bot.html)"
66.249.79.220 - - [05/Jan/2016:23:43:51 -0800] "GET /lib/reccapi.php?resort=bearvalleymountain&date=2015-12-25 HTTP/1.1" 200 1117 "http://whereshouldiski.com/" "Mozilla/5.0 (compatible; Googlebot/2.1; +http://www.google.com/bot.html)"
66.249.79.220 - - [05/Jan/2016:23:43:53 -0800] "GET /lib/reccapi.php?fields=t&date=2015-12-25&coords=38.5%2C-120.06&size=7&sort=distance HTTP/1.1" 200 1389 "http://whereshouldiski.com/" "Mozilla/5.0 (compatible; Googlebot/2.1; +http://www.google.com/bot.html)"
66.249.79.220 - - [05/Jan/2016:23:43:54 -0800] "GET /lib/resortDataSearchD3.php?size=7&sortDate=T&resort=bearvalleymountain&dateStart=2015-12-23 HTTP/1.1" 200 882 "http://whereshouldiski.com/" "Mozilla/5.0 (compatible; Googlebot/2.1; +http://www.google.com/bot.html)"
166.137.8.122 - - [05/Jan/2016:23:44:08 -0800] "GET / HTTP/1.1" 304 210 "-" "Mozilla/5.0 (iPhone; CPU iPhone OS 9_2 like Mac OS X) AppleWebKit/601.1.46 (KHTML, like Gecko) Version/9.0 Mobile/13C75 Safari/601.1"
166.137.8.122 - - [05/Jan/2016:23:44:09 -0800] "GET /styles/ee08faa9.main.css HTTP/1.1" 304 210 "http://whereshouldiski.com/" "Mozilla/5.0 (iPhone; CPU iPhone OS 9_2 like Mac OS X) AppleWebKit/601.1.46 (KHTML, like Gecko) Version/9.0 Mobile/13C75 Safari/601.1"
166.137.8.122 - - [05/Jan/2016:23:44:09 -0800] "GET /scripts/scripts/vendor/modernizr.js HTTP/1.1" 304 210 "http://whereshouldiski.com/" "Mozilla/5.0 (iPhone; CPU iPhone OS 9_2 like Mac OS X) AppleWebKit/601.1.46 (KHTML, like Gecko) Version/9.0 Mobile/13C75 Safari/601.1"
166.137.8.122 - - [05/Jan/2016:23:44:09 -0800] "GET /bower_components/requirejs/require.js HTTP/1.1" 304 210 "http://whereshouldiski.com/" "Mozilla/5.0 (iPhone; CPU iPhone OS 9_2 like Mac OS X) AppleWebKit/601.1.46 (KHTML, like Gecko) Version/9.0 Mobile/13C75 Safari/601.1"
166.137.8.122 - - [05/Jan/2016:23:44:09 -0800] "GET /images/logo-square-white-sm.png HTTP/1.1" 304 186 "http://whereshouldiski.com/" "Mozilla/5.0 (iPhone; CPU iPhone OS 9_2 like Mac OS X) AppleWebKit/601.1.46 (KHTML, like Gecko) Version/9.0 Mobile/13C75 Safari/601.1"
166.137.8.122 - - [05/Jan/2016:23:44:09 -0800] "GET /images/loading.gif HTTP/1.1" 304 187 "http://whereshouldiski.com/" "Mozilla/5.0 (iPhone; CPU iPhone OS 9_2 like Mac OS X) AppleWebKit/601.1.46 (KHTML, like Gecko) Version/9.0 Mobile/13C75 Safari/601.1"
166.137.8.122 - - [05/Jan/2016:23:44:09 -0800] "GET /scripts/fa48e319.main.js HTTP/1.1" 304 210 "http://whereshouldiski.com/" "Mozilla/5.0 (iPhone; CPU iPhone OS 9_2 like Mac OS X) AppleWebKit/601.1.46 (KHTML, like Gecko) Version/9.0 Mobile/13C75 Safari/601.1"
166.137.8.122 - - [05/Jan/2016:23:44:09 -0800] "GET /lib/reccapi.php?fields=t&coords=33.501163739995036,-112.0300326799934 HTTP/1.1" 200 2115 "http://whereshouldiski.com/" "Mozilla/5.0 (iPhone; CPU iPhone OS 9_2 like Mac OS X) AppleWebKit/601.1.46 (KHTML, like Gecko) Version/9.0 Mobile/13C75 Safari/601.1"
166.137.8.122 - - [05/Jan/2016:23:44:09 -0800] "GET /images/snowflake5.png HTTP/1.1" 304 185 "http://whereshouldiski.com/" "Mozilla/5.0 (iPhone; CPU iPhone OS 9_2 like Mac OS X) AppleWebKit/601.1.46 (KHTML, like Gecko) Version/9.0 Mobile/13C75 Safari/601.1"
166.137.8.122 - - [05/Jan/2016:23:44:09 -0800] "GET /images/star5.png HTTP/1.1" 304 185 "http://whereshouldiski.com/" "Mozilla/5.0 (iPhone; CPU iPhone OS 9_2 like Mac OS X) AppleWebKit/601.1.46 (KHTML, like Gecko) Version/9.0 Mobile/13C75 Safari/601.1"
166.137.8.122 - - [05/Jan/2016:23:44:09 -0800] "GET /images/bluebird5.png HTTP/1.1" 304 185 "http://whereshouldiski.com/" "Mozilla/5.0 (iPhone; CPU iPhone OS 9_2 like Mac OS X) AppleWebKit/601.1.46 (KHTML, like Gecko) Version/9.0 Mobile/13C75 Safari/601.1"
166.137.8.122 - - [05/Jan/2016:23:44:09 -0800] "GET /images/shading-icon.png HTTP/1.1" 304 184 "http://whereshouldiski.com/" "Mozilla/5.0 (iPhone; CPU iPhone OS 9_2 like Mac OS X) AppleWebKit/601.1.46 (KHTML, like Gecko) Version/9.0 Mobile/13C75 Safari/601.1"
170.75.162.130 - - [05/Jan/2016:23:46:43 -0800] "GET /lib/reccapi.php?resort=mounthoodmeadows HTTP/1.1" 200 1086 "-" "node-superagent/1.4.0"
170.75.162.130 - - [05/Jan/2016:23:46:43 -0800] "GET /lib/reccapi.php?resort=hoodoo HTTP/1.1" 200 1038 "-" "node-superagent/1.4.0"
66.249.79.227 - - [05/Jan/2016:23:47:36 -0800] "GET /lib/reccapi.php?resort=missionridge&date=2016-01-04 HTTP/1.1" 200 1077 "http://whereshouldiski.com/" "Mozilla/5.0 (compatible; Googlebot/2.1; +http://www.google.com/bot.html)"
66.249.79.220 - - [05/Jan/2016:23:47:37 -0800] "GET /lib/reccapi.php?fields=t&date=2016-01-04&coords=47.28%2C-120.39&size=7&sort=distance HTTP/1.1" 200 1370 "http://whereshouldiski.com/" "Mozilla/5.0 (compatible; Googlebot/2.1; +http://www.google.com/bot.html)"
66.249.79.220 - - [05/Jan/2016:23:47:38 -0800] "GET /lib/resortDataSearchD3.php?size=7&sortDate=T&resort=missionridge&dateStart=2016-01-02 HTTP/1.1" 200 867 "http://whereshouldiski.com/" "Mozilla/5.0 (compatible; Googlebot/2.1; +http://www.google.com/bot.html)"
66.249.79.220 - - [05/Jan/2016:23:53:31 -0800] "GET /resorts?resort=boyne&date=2013-12-19 HTTP/1.1" 404 506 "-" "Mozilla/5.0 (iPhone; CPU iPhone OS 8_3 like Mac OS X) AppleWebKit/600.1.4 (KHTML, like Gecko) Version/8.0 Mobile/12F70 Safari/600.1.4 (compatible; Googlebot/2.1; +http://www.google.com/bot.html)"
170.75.162.130 - - [06/Jan/2016:00:06:16 -0800] "GET /lib/reccapi.php?resort=bigwhite HTTP/1.1" 200 925 "-" "node-superagent/1.4.0"
61.216.2.13 - - [06/Jan/2016:00:06:25 -0800] "-" 408 0 "-" "-"
66.249.79.234 - - [06/Jan/2016:00:11:55 -0800] "GET /lib/reccapi.php?resort=sugarbowl&date=2016-01-05 HTTP/1.1" 200 1052 "http://whereshouldiski.com/" "Mozilla/5.0 (compatible; Googlebot/2.1; +http://www.google.com/bot.html)"
66.249.79.220 - - [06/Jan/2016:00:11:57 -0800] "GET /lib/reccapi.php?fields=t&date=2016-01-05&coords=39.32%2C-120.31&size=7&sort=distance HTTP/1.1" 200 1385 "http://whereshouldiski.com/" "Mozilla/5.0 (compatible; Googlebot/2.1; +http://www.google.com/bot.html)"
66.249.79.220 - - [06/Jan/2016:00:11:58 -0800] "GET /lib/resortDataSearchD3.php?size=7&sortDate=T&resort=sugarbowl&dateStart=2016-01-03 HTTP/1.1" 200 863 "http://whereshouldiski.com/" "Mozilla/5.0 (compatible; Googlebot/2.1; +http://www.google.com/bot.html)"
66.249.79.220 - - [06/Jan/2016:00:16:15 -0800] "GET /lib/reccapi.php?resort=mounthutt&date=2015-12-17 HTTP/1.1" 200 934 "http://whereshouldiski.com/" "Mozilla/5.0 (compatible; Googlebot/2.1; +http://www.google.com/bot.html)"
66.249.79.220 - - [06/Jan/2016:00:16:16 -0800] "GET /lib/resortDataSearchD3.php?size=7&sortDate=T&resort=mounthutt&dateStart=2015-12-15 HTTP/1.1" 200 874 "http://whereshouldiski.com/" "Mozilla/5.0 (compatible; Googlebot/2.1; +http://www.google.com/bot.html)"
66.249.79.220 - - [06/Jan/2016:00:16:17 -0800] "GET /lib/reccapi.php?fields=t&date=2015-12-17&coords=-43.4667%2C171.533&size=7&sort=distance HTTP/1.1" 200 1327 "http://whereshouldiski.com/" "Mozilla/5.0 (compatible; Googlebot/2.1; +http://www.google.com/bot.html)"
66.249.79.227 - - [06/Jan/2016:00:17:03 -0800] "GET /lib/reccapi.php?fields=t&state=ME HTTP/1.1" 200 860 "http://whereshouldiski.com/" "Mozilla/5.0 (compatible; Googlebot/2.1; +http://www.google.com/bot.html)"
66.249.79.234 - - [06/Jan/2016:00:21:59 -0800] "GET /lib/reccapi.php?fields=t&state=MI HTTP/1.1" 200 1035 "http://whereshouldiski.com/" "Mozilla/5.0 (compatible; Googlebot/2.1; +http://www.google.com/bot.html)"
170.75.162.130 - - [06/Jan/2016:00:23:18 -0800] "GET /lib/reccapi.php?resort=heavenly HTTP/1.1" 200 1077 "-" "node-superagent/1.4.0"
170.75.162.130 - - [06/Jan/2016:00:23:49 -0800] "GET /lib/reccapi.php?resort=whitefacemountain HTTP/1.1" 200 998 "-" "node-superagent/1.4.0"
170.75.162.130 - - [06/Jan/2016:00:25:49 -0800] "GET /lib/reccapi.php?resort=aspenmountain HTTP/1.1" 200 1067 "-" "node-superagent/1.4.0"
180.76.15.156 - - [06/Jan/2016:00:32:49 -0800] "GET / HTTP/1.1" 200 6995 "-" "Mozilla/5.0 (compatible; Baiduspider/2.0; +http://www.baidu.com/search/spider.html)"
180.76.15.151 - - [06/Jan/2016:00:33:42 -0800] "GET / HTTP/1.1" 200 6995 "-" "Mozilla/5.0 (compatible; Baiduspider/2.0; +http://www.baidu.com/search/spider.html)"
66.249.79.227 - - [06/Jan/2016:00:33:52 -0800] "GET /lib/reccapi.php?fields=t&state=ID HTTP/1.1" 200 1225 "http://whereshouldiski.com/" "Mozilla/5.0 (compatible; Googlebot/2.1; +http://www.google.com/bot.html)"
170.75.162.130 - - [06/Jan/2016:00:37:32 -0800] "GET /lib/reccapi.php?resort=49degreesnorth HTTP/1.1" 200 1059 "-" "node-superagent/1.4.0"
68.180.229.34 - - [06/Jan/2016:00:50:50 -0800] "GET /robots.txt HTTP/1.1" 200 319 "-" "Mozilla/5.0 (compatible; Yahoo! Slurp; http://help.yahoo.com/help/us/ysearch/slurp)"
68.180.229.34 - - [06/Jan/2016:00:50:51 -0800] "GET /resorts?resort=bigwhite HTTP/1.1" 404 450 "-" "Mozilla/5.0 (compatible; Yahoo! Slurp; http://help.yahoo.com/help/us/ysearch/slurp)"
66.249.79.220 - - [06/Jan/2016:00:53:26 -0800] "GET /lib/reccapi.php?resort=hoodoo&date=2016-01-05 HTTP/1.1" 200 1075 "http://whereshouldiski.com/" "Mozilla/5.0 (compatible; Googlebot/2.1; +http://www.google.com/bot.html)"
66.249.79.220 - - [06/Jan/2016:00:53:27 -0800] "GET /lib/reccapi.php?fields=t&date=2016-01-05&coords=44.42%2C-121.89&size=7&sort=distance HTTP/1.1" 200 1360 "http://whereshouldiski.com/" "Mozilla/5.0 (compatible; Googlebot/2.1; +http://www.google.com/bot.html)"
66.249.79.220 - - [06/Jan/2016:00:53:27 -0800] "GET /lib/resortDataSearchD3.php?size=7&sortDate=T&resort=hoodoo&dateStart=2016-01-03 HTTP/1.1" 200 866 "http://whereshouldiski.com/" "Mozilla/5.0 (compatible; Googlebot/2.1; +http://www.google.com/bot.html)"
123.125.71.56 - - [06/Jan/2016:00:54:03 -0800] "GET /robots.txt HTTP/1.1" 200 382 "-" "Mozilla/5.0 (Windows NT 5.1; rv:6.0.2) Gecko/20100101 Firefox/6.0.2"
170.75.162.130 - - [06/Jan/2016:00:56:34 -0800] "GET /lib/reccapi.php?resort=chinapeak HTTP/1.1" 200 1040 "-" "node-superagent/1.4.0"
66.249.79.234 - - [06/Jan/2016:01:01:09 -0800] "GET /lib/reccapi.php?resort=bearvalleymountain&date=2015-12-26 HTTP/1.1" 200 1040 "http://whereshouldiski.com/" "Mozilla/5.0 (compatible; Googlebot/2.1; +http://www.google.com/bot.html)"
66.249.79.220 - - [06/Jan/2016:01:01:11 -0800] "GET /lib/resortDataSearchD3.php?size=7&sortDate=T&resort=bearvalleymountain&dateStart=2015-12-24 HTTP/1.1" 200 880 "http://whereshouldiski.com/" "Mozilla/5.0 (compatible; Googlebot/2.1; +http://www.google.com/bot.html)"
66.249.79.220 - - [06/Jan/2016:01:01:11 -0800] "GET /lib/reccapi.php?fields=t&date=2015-12-26&coords=38.5%2C-120.06&size=7&sort=distance HTTP/1.1" 200 1363 "http://whereshouldiski.com/" "Mozilla/5.0 (compatible; Googlebot/2.1; +http://www.google.com/bot.html)"
40.77.167.69 - - [06/Jan/2016:01:02:42 -0800] "GET /robots.txt HTTP/1.1" 200 375 "-" "Mozilla/5.0 (compatible; bingbot/2.0; +http://www.bing.com/bingbot.htm)"
40.77.167.69 - - [06/Jan/2016:01:03:24 -0800] "GET / HTTP/1.1" 200 2615 "-" "Mozilla/5.0 (compatible; bingbot/2.0; +http://www.bing.com/bingbot.htm)"
142.254.47.60 - - [06/Jan/2016:01:06:32 -0800] "GET /images/wsis-logo-sm.png HTTP/1.1" 200 6108 "http://www.thebackcountry.net/" "Mozilla/5.0 (Macintosh; Intel Mac OS X 10_11_2) AppleWebKit/601.3.9 (KHTML, like Gecko) Version/9.0.2 Safari/601.3.9"
185.106.92.44 - - [06/Jan/2016:01:07:42 -0800] "HEAD / HTTP/1.1" 200 291 "-" "curl/7.38.0"
24.32.25.227 - - [06/Jan/2016:01:15:56 -0800] "GET /images/wsis-logo-sm.png HTTP/1.1" 200 6108 "http://www.thebackcountry.net/" "Mozilla/5.0 (iPad; CPU OS 8_4_1 like Mac OS X) AppleWebKit/600.1.4 (KHTML, like Gecko) Version/8.0 Mobile/12H321 Safari/600.1.4"
180.76.15.155 - - [06/Jan/2016:01:33:52 -0800] "GET / HTTP/1.1" 200 6995 "-" "Mozilla/5.0 (compatible; Baiduspider/2.0; +http://www.baidu.com/search/spider.html)"
180.76.15.163 - - [06/Jan/2016:01:34:47 -0800] "GET / HTTP/1.1" 200 6995 "-" "Mozilla/5.0 (compatible; Baiduspider/2.0; +http://www.baidu.com/search/spider.html)"
66.249.79.234 - - [06/Jan/2016:01:46:39 -0800] "GET /lib/reccapi.php?fields=t&state=MN HTTP/1.1" 200 998 "http://whereshouldiski.com/" "Mozilla/5.0 (compatible; Googlebot/2.1; +http://www.google.com/bot.html)"
170.75.162.130 - - [06/Jan/2016:01:49:01 -0800] "GET /lib/reccapi.php?resort=devilshead HTTP/1.1" 200 944 "-" "node-superagent/1.4.0"
170.75.162.130 - - [06/Jan/2016:01:50:51 -0800] "GET /lib/reccapi.php?resort=wildcatmountain HTTP/1.1" 200 981 "-" "node-superagent/1.4.0"
170.75.162.130 - - [06/Jan/2016:01:51:01 -0800] "GET /lib/reccapi.php?resort=homewoodmountain HTTP/1.1" 200 1056 "-" "node-superagent/1.4.0"
170.75.162.130 - - [06/Jan/2016:01:52:31 -0800] "GET /lib/reccapi.php?resort=winterpark HTTP/1.1" 200 1061 "-" "node-superagent/1.4.0"
170.75.162.130 - - [06/Jan/2016:02:00:22 -0800] "GET /lib/reccapi.php?resort=redmountain HTTP/1.1" 200 916 "-" "node-superagent/1.4.0"
170.75.162.130 - - [06/Jan/2016:02:00:22 -0800] "GET /lib/reccapi.php?resort=sunpeaksresort HTTP/1.1" 200 927 "-" "node-superagent/1.4.0"
170.75.162.130 - - [06/Jan/2016:02:00:22 -0800] "GET /lib/reccapi.php?resort=silverstarmountain HTTP/1.1" 200 934 "-" "node-superagent/1.4.0"
123.125.71.108 - - [06/Jan/2016:02:01:17 -0800] "GET / HTTP/1.1" 200 2578 "-" "Mozilla/5.0 (compatible; Baiduspider/2.0; +http://www.baidu.com/search/spider.html)"
66.249.79.220 - - [06/Jan/2016:02:04:02 -0800] "GET /lib/reccapi.php?resort=missionridge&date=2016-01-06 HTTP/1.1" 200 1037 "http://whereshouldiski.com/" "Mozilla/5.0 (compatible; Googlebot/2.1; +http://www.google.com/bot.html)"
66.249.79.220 - - [06/Jan/2016:02:04:06 -0800] "GET /lib/reccapi.php?fields=t&date=2016-01-06&coords=47.28%2C-120.39&size=7&sort=distance HTTP/1.1" 200 1425 "http://whereshouldiski.com/" "Mozilla/5.0 (compatible; Googlebot/2.1; +http://www.google.com/bot.html)"
66.249.79.220 - - [06/Jan/2016:02:04:06 -0800] "GET /lib/resortDataSearchD3.php?size=7&sortDate=T&resort=missionridge&dateStart=2016-01-04 HTTP/1.1" 200 876 "http://whereshouldiski.com/" "Mozilla/5.0 (compatible; Googlebot/2.1; +http://www.google.com/bot.html)"
76.103.244.148 - - [06/Jan/2016:02:06:55 -0800] "GET /images/wsis-logo-sm.png HTTP/1.1" 200 6108 "http://www.thebackcountry.net/" "Mozilla/5.0 (Macintosh; Intel Mac OS X 10_8_5) AppleWebKit/537.36 (KHTML, like Gecko) Chrome/47.0.2526.106 Safari/537.36"
173.252.79.112 - - [06/Jan/2016:02:10:11 -0800] "GET /images/wsis-logo-sm.png HTTP/1.1" 200 6108 "-" "facebookexternalhit/1.1 (+http://www.facebook.com/externalhit_uatext.php)"
170.75.162.130 - - [06/Jan/2016:02:15:04 -0800] "GET /lib/reccapi.php?resort=snowmass HTTP/1.1" 200 1042 "-" "node-superagent/1.4.0"
66.249.79.220 - - [06/Jan/2016:02:27:35 -0800] "GET /lib/reccapi.php?resort=bearvalleymountain&date=2015-12-27 HTTP/1.1" 200 1050 "http://whereshouldiski.com/" "Mozilla/5.0 (compatible; Googlebot/2.1; +http://www.google.com/bot.html)"
66.249.79.220 - - [06/Jan/2016:02:27:37 -0800] "GET /lib/reccapi.php?fields=t&date=2015-12-27&coords=38.5%2C-120.06&size=7&sort=distance HTTP/1.1" 200 1362 "http://whereshouldiski.com/" "Mozilla/5.0 (compatible; Googlebot/2.1; +http://www.google.com/bot.html)"
66.249.79.220 - - [06/Jan/2016:02:27:39 -0800] "GET /lib/resortDataSearchD3.php?size=7&sortDate=T&resort=bearvalleymountain&dateStart=2015-12-25 HTTP/1.1" 200 879 "http://whereshouldiski.com/" "Mozilla/5.0 (compatible; Googlebot/2.1; +http://www.google.com/bot.html)"
66.249.79.227 - - [06/Jan/2016:02:28:28 -0800] "GET /lib/reccapi.php?resort=mounthutt&date=2015-12-18 HTTP/1.1" 200 944 "http://whereshouldiski.com/" "Mozilla/5.0 (compatible; Googlebot/2.1; +http://www.google.com/bot.html)"
66.249.79.220 - - [06/Jan/2016:02:28:30 -0800] "GET /lib/resortDataSearchD3.php?size=7&sortDate=T&resort=mounthutt&dateStart=2015-12-16 HTTP/1.1" 200 874 "http://whereshouldiski.com/" "Mozilla/5.0 (compatible; Googlebot/2.1; +http://www.google.com/bot.html)"
66.249.79.220 - - [06/Jan/2016:02:28:32 -0800] "GET /lib/reccapi.php?fields=t&date=2015-12-18&coords=-43.4667%2C171.533&size=7&sort=distance HTTP/1.1" 200 1334 "http://whereshouldiski.com/" "Mozilla/5.0 (compatible; Googlebot/2.1; +http://www.google.com/bot.html)"
170.75.162.130 - - [06/Jan/2016:02:31:11 -0800] "GET /lib/reccapi.php?resort=sugarbowl HTTP/1.1" 200 1013 "-" "node-superagent/1.4.0"
170.75.162.130 - - [06/Jan/2016:02:31:30 -0800] "GET /lib/reccapi.php?resort=stevenspass HTTP/1.1" 200 1035 "-" "node-superagent/1.4.0"
180.76.15.149 - - [06/Jan/2016:02:32:40 -0800] "GET / HTTP/1.1" 200 6995 "-" "Mozilla/5.0 (compatible; Baiduspider/2.0; +http://www.baidu.com/search/spider.html)"
180.76.15.153 - - [06/Jan/2016:02:33:30 -0800] "GET / HTTP/1.1" 200 6995 "-" "Mozilla/5.0 (compatible; Baiduspider/2.0; +http://www.baidu.com/search/spider.html)"
100.43.90.13 - - [06/Jan/2016:02:35:55 -0800] "GET /robots.txt HTTP/1.1" 200 375 "-" "Mozilla/5.0 (compatible; YandexBot/3.0; +http://yandex.com/bots)"
100.43.90.8 - - [06/Jan/2016:02:35:55 -0800] "GET /robots.txt HTTP/1.1" 200 375 "-" "Mozilla/5.0 (compatible; YandexBot/3.0; +http://yandex.com/bots)"
100.43.90.13 - - [06/Jan/2016:02:35:59 -0800] "GET / HTTP/1.1" 200 2615 "-" "Mozilla/5.0 (compatible; YandexBot/3.0; +http://yandex.com/bots)"
100.43.90.8 - - [06/Jan/2016:02:35:59 -0800] "GET / HTTP/1.1" 200 2615 "-" "Mozilla/5.0 (compatible; YandexBot/3.0; +http://yandex.com/bots)"
100.43.90.13 - - [06/Jan/2016:02:36:00 -0800] "GET /robots.txt HTTP/1.1" 200 375 "-" "Mozilla/5.0 (compatible; YandexBot/3.0; +http://yandex.com/bots)"
170.75.162.130 - - [06/Jan/2016:02:36:31 -0800] "GET /lib/reccapi.php?resort=coppermountain HTTP/1.1" 200 1061 "-" "node-superagent/1.4.0"
66.249.79.234 - - [06/Jan/2016:02:40:24 -0800] "GET /lib/reccapi.php?resort=mountainhigh&date=2016-01-05 HTTP/1.1" 200 1138 "http://whereshouldiski.com/" "Mozilla/5.0 (compatible; Googlebot/2.1; +http://www.google.com/bot.html)"
66.249.79.220 - - [06/Jan/2016:02:40:26 -0800] "GET /lib/reccapi.php?fields=t&date=2016-01-05&coords=34.38%2C-117.71&size=7&sort=distance HTTP/1.1" 200 1342 "http://whereshouldiski.com/" "Mozilla/5.0 (compatible; Googlebot/2.1; +http://www.google.com/bot.html)"
66.249.79.220 - - [06/Jan/2016:02:40:27 -0800] "GET /lib/resortDataSearchD3.php?size=7&sortDate=T&resort=mountainhigh&dateStart=2016-01-03 HTTP/1.1" 200 857 "http://whereshouldiski.com/" "Mozilla/5.0 (compatible; Googlebot/2.1; +http://www.google.com/bot.html)"
170.75.162.130 - - [06/Jan/2016:02:42:21 -0800] "GET /lib/reccapi.php?resort=bigsky HTTP/1.1" 200 1015 "-" "node-superagent/1.4.0"
170.75.162.130 - - [06/Jan/2016:02:51:33 -0800] "GET /lib/reccapi.php?resort=madriverglen HTTP/1.1" 200 988 "-" "node-superagent/1.4.0"
170.75.162.130 - - [06/Jan/2016:02:51:33 -0800] "GET /lib/reccapi.php?resort=smugglersnotch HTTP/1.1" 200 971 "-" "node-superagent/1.4.0"
170.75.162.130 - - [06/Jan/2016:03:02:14 -0800] "GET /lib/reccapi.php?resort=buttermilk HTTP/1.1" 200 1051 "-" "node-superagent/1.4.0"
170.75.162.130 - - [06/Jan/2016:03:02:14 -0800] "GET /lib/reccapi.php?resort=crestedbutte HTTP/1.1" 200 1049 "-" "node-superagent/1.4.0"
170.75.162.130 - - [06/Jan/2016:03:02:14 -0800] "GET /lib/reccapi.php?resort=aspenheights HTTP/1.1" 200 1070 "-" "node-superagent/1.4.0"
170.75.162.130 - - [06/Jan/2016:03:02:14 -0800] "GET /lib/reccapi.php?resort=loveland HTTP/1.1" 200 1055 "-" "node-superagent/1.4.0"
170.75.162.130 - - [06/Jan/2016:03:02:14 -0800] "GET /lib/reccapi.php?resort=steamboat HTTP/1.1" 200 1042 "-" "node-superagent/1.4.0"
170.75.162.130 - - [06/Jan/2016:03:02:14 -0800] "GET /lib/reccapi.php?resort=monarch HTTP/1.1" 200 1029 "-" "node-superagent/1.4.0"
66.249.79.227 - - [06/Jan/2016:03:08:59 -0800] "GET / HTTP/1.1" 200 2615 "-" "SAMSUNG-SGH-E250/1.0 Profile/MIDP-2.0 Configuration/CLDC-1.1 UP.Browser/6.2.3.3.c.1.101 (GUI) MMP/2.0 (compatible; Googlebot-Mobile/2.1; +http://www.google.com/bot.html)"
170.75.162.130 - - [06/Jan/2016:03:09:15 -0800] "GET /lib/reccapi.php?resort=jaypeak HTTP/1.1" 200 993 "-" "node-superagent/1.4.0"
66.249.79.227 - - [06/Jan/2016:03:09:40 -0800] "GET / HTTP/1.1" 200 2615 "-" "DoCoMo/2.0 N905i(c100;TB;W24H16) (compatible; Googlebot-Mobile/2.1; +http://www.google.com/bot.html)"
170.75.162.130 - - [06/Jan/2016:03:13:35 -0800] "GET /lib/reccapi.php?resort=crystalmountain HTTP/1.1" 200 1013 "-" "node-superagent/1.4.0"
66.249.79.220 - - [06/Jan/2016:03:16:18 -0800] "GET /lib/reccapi.php?fields=t&state=MT HTTP/1.1" 200 1290 "http://whereshouldiski.com/" "Mozilla/5.0 (compatible; Googlebot/2.1; +http://www.google.com/bot.html)"
170.75.162.130 - - [06/Jan/2016:03:22:26 -0800] "GET /lib/reccapi.php?resort=diamondpeak HTTP/1.1" 200 1022 "-" "node-superagent/1.4.0"
180.76.15.143 - - [06/Jan/2016:03:33:55 -0800] "GET / HTTP/1.1" 200 6995 "-" "Mozilla/5.0 (compatible; Baiduspider/2.0; +http://www.baidu.com/search/spider.html)"
180.76.15.154 - - [06/Jan/2016:03:34:51 -0800] "GET / HTTP/1.1" 200 6995 "-" "Mozilla/5.0 (compatible; Baiduspider/2.0; +http://www.baidu.com/search/spider.html)"
170.75.162.130 - - [06/Jan/2016:03:37:38 -0800] "GET /lib/reccapi.php?resort=grandtarghee HTTP/1.1" 200 1070 "-" "node-superagent/1.4.0"
170.75.162.130 - - [06/Jan/2016:03:37:38 -0800] "GET /lib/reccapi.php?resort=jacksonhole HTTP/1.1" 200 1034 "-" "node-superagent/1.4.0"
118.70.212.142 - - [06/Jan/2016:03:40:39 -0800] "GET / HTTP/1.1" 200 2615 "-" "Mozilla/5.0 (Windows NT 6.1) AppleWebKit/537.36 (KHTML, like Gecko) Chrome/41.0.2228.0 Safari/537.36"
118.70.212.142 - - [06/Jan/2016:03:40:40 -0800] "GET /styles/ee08faa9.main.css HTTP/1.1" 200 19446 "http://whereshouldiski.com/" "Mozilla/5.0 (Windows NT 6.1) AppleWebKit/537.36 (KHTML, like Gecko) Chrome/41.0.2228.0 Safari/537.36"
118.70.212.142 - - [06/Jan/2016:03:40:40 -0800] "GET /scripts/scripts/vendor/modernizr.js HTTP/1.1" 200 4903 "http://whereshouldiski.com/" "Mozilla/5.0 (Windows NT 6.1) AppleWebKit/537.36 (KHTML, like Gecko) Chrome/41.0.2228.0 Safari/537.36"
118.70.212.142 - - [06/Jan/2016:03:40:40 -0800] "GET /bower_components/requirejs/require.js HTTP/1.1" 200 6701 "http://whereshouldiski.com/" "Mozilla/5.0 (Windows NT 6.1) AppleWebKit/537.36 (KHTML, like Gecko) Chrome/41.0.2228.0 Safari/537.36"
118.70.212.142 - - [06/Jan/2016:03:40:40 -0800] "GET /images/logo-square-white-sm.png HTTP/1.1" 200 1683 "http://whereshouldiski.com/" "Mozilla/5.0 (Windows NT 6.1) AppleWebKit/537.36 (KHTML, like Gecko) Chrome/41.0.2228.0 Safari/537.36"
118.70.212.142 - - [06/Jan/2016:03:40:40 -0800] "GET /images/loading.gif HTTP/1.1" 200 13882 "http://whereshouldiski.com/" "Mozilla/5.0 (Windows NT 6.1) AppleWebKit/537.36 (KHTML, like Gecko) Chrome/41.0.2228.0 Safari/537.36"
118.70.212.142 - - [06/Jan/2016:03:40:40 -0800] "GET /scripts/fa48e319.main.js HTTP/1.1" 200 123455 "http://whereshouldiski.com/" "Mozilla/5.0 (Windows NT 6.1) AppleWebKit/537.36 (KHTML, like Gecko) Chrome/41.0.2228.0 Safari/537.36"
181.164.210.74 - - [06/Jan/2016:03:44:00 -0800] "GET /images/wsis-logo-sm.png HTTP/1.1" 200 6108 "http://www.thebackcountry.net/" "Mozilla/5.0 (Macintosh; Intel Mac OS X 10_10_5) AppleWebKit/601.3.9 (KHTML, like Gecko) Version/9.0.2 Safari/601.3.9"
66.249.79.220 - - [06/Jan/2016:03:46:57 -0800] "GET /lib/reccapi.php?fields=t&state=NH HTTP/1.1" 200 878 "http://whereshouldiski.com/" "Mozilla/5.0 (compatible; Googlebot/2.1; +http://www.google.com/bot.html)"
66.249.79.227 - - [06/Jan/2016:03:58:55 -0800] "GET /lib/reccapi.php?resort=jaypeak&date=2016-01-05 HTTP/1.1" 200 1030 "http://whereshouldiski.com/" "Mozilla/5.0 (compatible; Googlebot/2.1; +http://www.google.com/bot.html)"
66.249.79.220 - - [06/Jan/2016:03:58:58 -0800] "GET /lib/resortDataSearchD3.php?size=7&sortDate=T&resort=jaypeak&dateStart=2016-01-03 HTTP/1.1" 200 852 "http://whereshouldiski.com/" "Mozilla/5.0 (compatible; Googlebot/2.1; +http://www.google.com/bot.html)"
66.249.79.220 - - [06/Jan/2016:03:58:59 -0800] "GET /lib/reccapi.php?fields=t&date=2016-01-05&coords=44.9162%2C-72.5383&size=7&sort=distance HTTP/1.1" 200 1335 "http://whereshouldiski.com/" "Mozilla/5.0 (compatible; Googlebot/2.1; +http://www.google.com/bot.html)"
170.75.162.130 - - [06/Jan/2016:04:00:01 -0800] "GET /lib/reccapi.php?resort=cannonmountain HTTP/1.1" 200 994 "-" "node-superagent/1.4.0"
166.216.194.62 - - [06/Jan/2016:04:00:05 -0800] "GET /images/wsis-logo-sm.png HTTP/1.1" 200 6052 "http://www.thebackcountry.net/" "Mozilla/5.0 (Linux; U; Android 2.3.6; en-us; Huawei-U8665 Build/HuaweiU8665B037) AppleWebKit/533.1 (KHTML, like Gecko) Version/4.0 Mobile Safari/533.1"
170.75.162.130 - - [06/Jan/2016:04:17:13 -0800] "GET /lib/reccapi.php?resort=mountbachelor HTTP/1.1" 200 1019 "-" "node-superagent/1.4.0"
66.249.79.227 - - [06/Jan/2016:04:19:28 -0800] "GET /lib/reccapi.php?fields=t&state=NM HTTP/1.1" 200 1313 "http://whereshouldiski.com/" "Mozilla/5.0 (compatible; Googlebot/2.1; +http://www.google.com/bot.html)"
170.75.162.130 - - [06/Jan/2016:04:28:14 -0800] "GET /lib/reccapi.php?resort=sugarloaf HTTP/1.1" 200 989 "-" "node-superagent/1.4.0"
112.198.242.58 - - [06/Jan/2016:04:34:30 -0800] "GET /images/wsis-logo-sm.png HTTP/1.1" 200 6108 "http://thebackcountry.net/" "Mozilla/5.0 (Windows NT 6.1; WOW64) AppleWebKit/537.36 (KHTML, like Gecko) Chrome/32.0.1700.107 Safari/537.36"
180.76.15.163 - - [06/Jan/2016:04:37:15 -0800] "GET / HTTP/1.1" 200 6995 "-" "Mozilla/5.0 (compatible; Baiduspider/2.0; +http://www.baidu.com/search/spider.html)"
180.76.15.145 - - [06/Jan/2016:04:38:21 -0800] "GET / HTTP/1.1" 200 6995 "-" "Mozilla/5.0 (compatible; Baiduspider/2.0; +http://www.baidu.com/search/spider.html)"
46.165.197.142 - - [06/Jan/2016:04:39:17 -0800] "GET /robots.txt HTTP/1.0" 200 338 "-" "Mozilla/5.0 (compatible; MJ12bot/v1.4.5; http://www.majestic12.co.uk/bot.php?+)"
46.165.197.142 - - [06/Jan/2016:04:39:19 -0800] "GET / HTTP/1.0" 200 6995 "-" "Mozilla/5.0 (compatible; MJ12bot/v1.4.5; http://www.majestic12.co.uk/bot.php?+)"
123.125.71.78 - - [06/Jan/2016:04:47:28 -0800] "GET /robots.txt HTTP/1.1" 200 382 "-" "Mozilla/5.0 (Windows NT 5.1; rv:6.0.2) Gecko/20100101 Firefox/6.0.2"
170.75.162.130 - - [06/Jan/2016:04:48:06 -0800] "GET /lib/reccapi.php?resort=stowe HTTP/1.1" 200 969 "-" "node-superagent/1.4.0"
170.75.162.130 - - [06/Jan/2016:04:57:58 -0800] "GET /lib/reccapi.php?resort=arapahoebasin HTTP/1.1" 200 1075 "-" "node-superagent/1.4.0"
170.75.162.130 - - [06/Jan/2016:05:08:29 -0800] "GET /lib/reccapi.php?resort=sundayriver HTTP/1.1" 200 965 "-" "node-superagent/1.4.0"
170.75.162.130 - - [06/Jan/2016:05:24:01 -0800] "GET /lib/reccapi.php?resort=sugarbush HTTP/1.1" 200 975 "-" "node-superagent/1.4.0"
170.75.162.130 - - [06/Jan/2016:05:24:21 -0800] "GET /lib/reccapi.php?resort=mounthoodmeadows HTTP/1.1" 200 1036 "-" "node-superagent/1.4.0"
66.249.79.227 - - [06/Jan/2016:05:24:40 -0800] "GET /lib/reccapi.php?fields=t&state=NV HTTP/1.1" 200 1128 "http://whereshouldiski.com/" "Mozilla/5.0 (compatible; Googlebot/2.1; +http://www.google.com/bot.html)"
180.76.15.156 - - [06/Jan/2016:05:30:49 -0800] "GET / HTTP/1.1" 200 6995 "-" "Mozilla/5.0 (compatible; Baiduspider/2.0; +http://www.baidu.com/search/spider.html)"
180.76.15.155 - - [06/Jan/2016:05:31:40 -0800] "GET / HTTP/1.1" 200 6995 "-" "Mozilla/5.0 (compatible; Baiduspider/2.0; +http://www.baidu.com/search/spider.html)"
66.249.79.227 - - [06/Jan/2016:05:35:39 -0800] "GET /lib/reccapi.php?fields=t&state=NY HTTP/1.1" 200 1234 "http://whereshouldiski.com/" "Mozilla/5.0 (compatible; Googlebot/2.1; +http://www.google.com/bot.html)"
66.249.79.220 - - [06/Jan/2016:05:39:27 -0800] "GET /lib/reccapi.php?resort=mountwashingtonalpine&date=2015-12-15 HTTP/1.1" 200 970 "http://whereshouldiski.com/" "Mozilla/5.0 (compatible; Googlebot/2.1; +http://www.google.com/bot.html)"
66.249.79.220 - - [06/Jan/2016:05:39:30 -0800] "GET /lib/resortDataSearchD3.php?size=7&sortDate=T&resort=mountwashingtonalpine&dateStart=2015-12-13 HTTP/1.1" 200 876 "http://whereshouldiski.com/" "Mozilla/5.0 (compatible; Googlebot/2.1; +http://www.google.com/bot.html)"
66.249.79.220 - - [06/Jan/2016:05:39:31 -0800] "GET /lib/reccapi.php?fields=t&date=2015-12-15&coords=49.7383%2C-125.299&size=7&sort=distance HTTP/1.1" 200 1381 "http://whereshouldiski.com/" "Mozilla/5.0 (compatible; Googlebot/2.1; +http://www.google.com/bot.html)"
66.249.79.220 - - [06/Jan/2016:05:40:12 -0800] "GET /lib/reccapi.php?fields=t&state=NZ HTTP/1.1" 200 1059 "http://whereshouldiski.com/" "Mozilla/5.0 (compatible; Googlebot/2.1; +http://www.google.com/bot.html)"
76.103.26.163 - - [06/Jan/2016:05:47:39 -0800] "GET /images/wsis-logo-sm.png HTTP/1.1" 200 6108 "http://www.thebackcountry.net/" "Mozilla/5.0 (iPhone; CPU iPhone OS 9_2 like Mac OS X) AppleWebKit/601.1.46 (KHTML, like Gecko) Version/9.0 Mobile/13C75 Safari/601.1"
141.8.143.217 - - [06/Jan/2016:05:53:08 -0800] "GET /robots.txt HTTP/1.1" 200 375 "-" "Mozilla/5.0 (compatible; YandexBot/3.0; +http://yandex.com/bots)"
170.75.162.130 - - [06/Jan/2016:05:53:44 -0800] "GET /lib/reccapi.php?resort=telluride HTTP/1.1" 200 1036 "-" "node-superagent/1.4.0"
68.180.229.34 - - [06/Jan/2016:05:54:12 -0800] "GET /resorts?resort=homewoodmountain HTTP/1.1" 404 450 "-" "Mozilla/5.0 (compatible; Yahoo! Slurp; http://help.yahoo.com/help/us/ysearch/slurp)"
66.249.79.220 - - [06/Jan/2016:05:56:12 -0800] "GET /lib/reccapi.php?fields=t&state=UT HTTP/1.1" 200 1429 "http://whereshouldiski.com/" "Mozilla/5.0 (compatible; Googlebot/2.1; +http://www.google.com/bot.html)"
24.31.130.63 - - [06/Jan/2016:05:59:26 -0800] "GET /images/wsis-logo-sm.png HTTP/1.1" 200 6108 "http://www.thebackcountry.net/" "Mozilla/5.0 (Macintosh; Intel Mac OS X 10_9_5) AppleWebKit/601.3.9 (KHTML, like Gecko) Version/9.0.2 Safari/537.86.3"
170.75.162.130 - - [06/Jan/2016:06:04:36 -0800] "GET /lib/reccapi.php?resort=whistlerblackcomb HTTP/1.1" 200 936 "-" "node-superagent/1.4.0"
169.253.194.1 - - [06/Jan/2016:06:10:35 -0800] "GET /images/wsis-logo-sm.png HTTP/1.1" 200 6108 "http://www.thebackcountry.net/" "Mozilla/5.0 (Windows NT 6.1; WOW64) AppleWebKit/537.36 (KHTML, like Gecko) Chrome/35.0.1916.153 Safari/537.36"
54.169.235.177 - - [06/Jan/2016:06:11:12 -0800] "GET / HTTP/1.1" 200 6995 "-" "Mozilla/4.0 (compatible; MSIE 6.0; Windows NT 5.1; SV1; InfoPath.2)"
66.249.79.220 - - [06/Jan/2016:06:15:49 -0800] "GET /lib/reccapi.php?resort=angelfire&date=2016-01-05 HTTP/1.1" 200 1056 "http://whereshouldiski.com/" "Mozilla/5.0 (compatible; Googlebot/2.1; +http://www.google.com/bot.html)"
66.249.79.220 - - [06/Jan/2016:06:15:51 -0800] "GET /lib/reccapi.php?fields=t&date=2016-01-05&coords=36.39%2C-105.27&size=7&sort=distance HTTP/1.1" 200 1347 "http://whereshouldiski.com/" "Mozilla/5.0 (compatible; Googlebot/2.1; +http://www.google.com/bot.html)"
66.249.79.220 - - [06/Jan/2016:06:15:52 -0800] "GET /lib/resortDataSearchD3.php?size=7&sortDate=T&resort=angelfire&dateStart=2016-01-03 HTTP/1.1" 200 851 "http://whereshouldiski.com/" "Mozilla/5.0 (compatible; Googlebot/2.1; +http://www.google.com/bot.html)"
141.8.143.217 - - [06/Jan/2016:06:16:40 -0800] "GET / HTTP/1.1" 200 2615 "-" "Mozilla/5.0 (compatible; YandexBot/3.0; +http://yandex.com/bots)"
31.204.150.138 - - [06/Jan/2016:06:17:08 -0800] "GET /index.php/admin/ HTTP/1.1" 404 539 "-" "Opera/9.80 (Windows NT 5.1; U; ru) Presto/2.9.168 Version/11.50"
170.75.162.130 - - [06/Jan/2016:06:18:27 -0800] "GET /lib/reccapi.php?resort=angelfire HTTP/1.1" 200 1052 "-" "node-superagent/1.4.0"
170.75.162.130 - - [06/Jan/2016:06:18:37 -0800] "GET /lib/reccapi.php?resort=mountainhigh HTTP/1.1" 200 1084 "-" "node-superagent/1.4.0"
66.249.79.234 - - [06/Jan/2016:06:21:24 -0800] "GET /lib/reccapi.php?resort=mountwashingtonalpine&date=2015-12-19 HTTP/1.1" 200 973 "http://whereshouldiski.com/" "Mozilla/5.0 (compatible; Googlebot/2.1; +http://www.google.com/bot.html)"
66.249.79.220 - - [06/Jan/2016:06:21:27 -0800] "GET /lib/resortDataSearchD3.php?size=7&sortDate=T&resort=mountwashingtonalpine&dateStart=2015-12-17 HTTP/1.1" 200 869 "http://whereshouldiski.com/" "Mozilla/5.0 (compatible; Googlebot/2.1; +http://www.google.com/bot.html)"
66.249.79.220 - - [06/Jan/2016:06:21:27 -0800] "GET /lib/reccapi.php?fields=t&date=2015-12-19&coords=49.7383%2C-125.299&size=7&sort=distance HTTP/1.1" 200 1413 "http://whereshouldiski.com/" "Mozilla/5.0 (compatible; Googlebot/2.1; +http://www.google.com/bot.html)"
85.96.59.242 - - [06/Jan/2016:06:23:00 -0800] "GET /images/wsis-logo-sm.png HTTP/1.1" 200 6108 "http://thebackcountry.net/" "Mozilla/5.0 (Macintosh; Intel Mac OS X 10_11_2) AppleWebKit/537.36 (KHTML, like Gecko) Chrome/47.0.2526.106 Safari/537.36"
85.96.59.242 - - [06/Jan/2016:06:23:21 -0800] "-" 408 0 "-" "-"
170.75.162.130 - - [06/Jan/2016:06:27:08 -0800] "GET /lib/reccapi.php?resort=northstar-at-tahoe HTTP/1.1" 200 1052 "-" "node-superagent/1.4.0"
180.76.15.140 - - [06/Jan/2016:06:31:45 -0800] "GET / HTTP/1.1" 200 6995 "-" "Mozilla/5.0 (compatible; Baiduspider/2.0; +http://www.baidu.com/search/spider.html)"
66.249.79.227 - - [06/Jan/2016:06:32:12 -0800] "GET /lib/resortDataSearchD3.php?size=7&sortDate=T&resort=antelopebutte&dateStart=2015-12-14 HTTP/1.1" 200 883 "http://whereshouldiski.com/" "Mozilla/5.0 (compatible; Googlebot/2.1; +http://www.google.com/bot.html)"
66.249.79.220 - - [06/Jan/2016:06:32:13 -0800] "GET /lib/reccapi.php?fields=t&date=2015-12-16&coords=44.62%2C-107.51&size=7&sort=distance HTTP/1.1" 200 1370 "http://whereshouldiski.com/" "Mozilla/5.0 (compatible; Googlebot/2.1; +http://www.google.com/bot.html)"
180.76.15.16 - - [06/Jan/2016:06:32:36 -0800] "GET / HTTP/1.1" 200 6995 "-" "Mozilla/5.0 (compatible; Baiduspider/2.0; +http://www.baidu.com/search/spider.html)"
40.77.167.69 - - [06/Jan/2016:06:33:58 -0800] "GET /robots.txt HTTP/1.1" 200 375 "-" "Mozilla/5.0 (compatible; bingbot/2.0; +http://www.bing.com/bingbot.htm)"
40.77.167.69 - - [06/Jan/2016:06:34:07 -0800] "GET / HTTP/1.1" 200 2615 "-" "Mozilla/5.0 (compatible; bingbot/2.0; +http://www.bing.com/bingbot.htm)"
170.75.162.130 - - [06/Jan/2016:06:37:09 -0800] "GET /lib/reccapi.php?resort=sierra-at-tahoe HTTP/1.1" 200 1034 "-" "node-superagent/1.4.0"
170.75.162.130 - - [06/Jan/2016:06:39:50 -0800] "GET /lib/reccapi.php?resort=deervalley HTTP/1.1" 200 1053 "-" "node-superagent/1.4.0"
170.75.162.130 - - [06/Jan/2016:06:40:00 -0800] "GET /lib/reccapi.php?resort=snowmass HTTP/1.1" 200 1019 "-" "node-superagent/1.4.0"
173.245.66.28 - - [06/Jan/2016:06:48:44 -0800] "GET /images/wsis-logo-sm.png HTTP/1.1" 200 6071 "http://www.thebackcountry.net/" "Mozilla/5.0 (Windows NT 6.1; WOW64) AppleWebKit/537.36 (KHTML, like Gecko) Chrome/47.0.2526.106 Safari/537.36"
66.249.64.2 - - [06/Jan/2016:06:52:32 -0800] "GET /lib/reccapi.php?fields=t&state=OR HTTP/1.1" 200 1488 "http://whereshouldiski.com/" "Mozilla/5.0 (compatible; Googlebot/2.1; +http://www.google.com/bot.html)"
170.75.162.130 - - [06/Jan/2016:06:56:02 -0800] "GET /lib/reccapi.php?resort=mammothmountain HTTP/1.1" 200 1102 "-" "node-superagent/1.4.0"
170.75.162.130 - - [06/Jan/2016:06:57:32 -0800] "GET /lib/reccapi.php?resort=mtrose HTTP/1.1" 200 1012 "-" "node-superagent/1.4.0"
170.75.162.130 - - [06/Jan/2016:06:58:22 -0800] "GET /lib/reccapi.php?resort=killington HTTP/1.1" 200 998 "-" "node-superagent/1.4.0"
170.75.162.130 - - [06/Jan/2016:06:58:22 -0800] "GET /lib/reccapi.php?resort=madriverglen HTTP/1.1" 200 973 "-" "node-superagent/1.4.0"
170.75.162.130 - - [06/Jan/2016:06:58:23 -0800] "GET /lib/reccapi.php?resort=smugglersnotch HTTP/1.1" 200 960 "-" "node-superagent/1.4.0"
170.75.162.130 - - [06/Jan/2016:06:58:23 -0800] "GET /lib/reccapi.php?resort=wildcatmountain HTTP/1.1" 200 976 "-" "node-superagent/1.4.0"
66.249.64.127 - - [06/Jan/2016:06:59:16 -0800] "GET /lib/reccapi.php?fields=t&state=VT HTTP/1.1" 200 1211 "http://whereshouldiski.com/" "Mozilla/5.0 (compatible; Googlebot/2.1; +http://www.google.com/bot.html)"
170.75.162.130 - - [06/Jan/2016:07:00:42 -0800] "GET /lib/reccapi.php?resort=schweitzer HTTP/1.1" 200 1017 "-" "node-superagent/1.4.0"
170.75.162.130 - - [06/Jan/2016:07:00:42 -0800] "GET /lib/reccapi.php?resort=sunvalley HTTP/1.1" 200 1054 "-" "node-superagent/1.4.0"
170.75.162.130 - - [06/Jan/2016:07:10:03 -0800] "GET /lib/reccapi.php?resort=taos HTTP/1.1" 200 999 "-" "node-superagent/1.4.0"
96.89.154.41 - - [06/Jan/2016:07:14:50 -0800] "GET /images/wsis-logo-sm.png HTTP/1.1" 200 6108 "http://www.thebackcountry.net/" "Mozilla/5.0 (Windows NT 6.1; WOW64) AppleWebKit/537.36 (KHTML, like Gecko) Chrome/47.0.2526.106 Safari/537.36"
170.75.162.130 - - [06/Jan/2016:07:30:36 -0800] "GET /lib/reccapi.php?resort=mountspokane HTTP/1.1" 200 1043 "-" "node-superagent/1.4.0"
180.76.15.161 - - [06/Jan/2016:07:31:46 -0800] "GET / HTTP/1.1" 200 2578 "-" "Mozilla/5.0 (compatible; Baiduspider/2.0; +http://www.baidu.com/search/spider.html)"
66.249.64.127 - - [06/Jan/2016:07:34:54 -0800] "GET /lib/reccapi.php?resort=mountwashingtonalpine&date=2015-12-20 HTTP/1.1" 200 971 "http://whereshouldiski.com/" "Mozilla/5.0 (compatible; Googlebot/2.1; +http://www.google.com/bot.html)"
66.249.64.127 - - [06/Jan/2016:07:34:58 -0800] "GET /lib/resortDataSearchD3.php?size=7&sortDate=T&resort=mountwashingtonalpine&dateStart=2015-12-18 HTTP/1.1" 200 868 "http://whereshouldiski.com/" "Mozilla/5.0 (compatible; Googlebot/2.1; +http://www.google.com/bot.html)"
66.249.64.127 - - [06/Jan/2016:07:34:59 -0800] "GET /lib/reccapi.php?fields=t&date=2015-12-20&coords=49.7383%2C-125.299&size=7&sort=distance HTTP/1.1" 200 1399 "http://whereshouldiski.com/" "Mozilla/5.0 (compatible; Googlebot/2.1; +http://www.google.com/bot.html)"
170.75.162.130 - - [06/Jan/2016:07:40:37 -0800] "GET /lib/reccapi.php?resort=bigwhite HTTP/1.1" 200 925 "-" "node-superagent/1.4.0"
170.75.162.130 - - [06/Jan/2016:07:40:37 -0800] "GET /lib/reccapi.php?resort=redmountain HTTP/1.1" 200 911 "-" "node-superagent/1.4.0"
170.75.162.130 - - [06/Jan/2016:07:40:37 -0800] "GET /lib/reccapi.php?resort=silverstarmountain HTTP/1.1" 200 932 "-" "node-superagent/1.4.0"
170.75.162.130 - - [06/Jan/2016:07:40:38 -0800] "GET /lib/reccapi.php?resort=sunpeaksresort HTTP/1.1" 200 924 "-" "node-superagent/1.4.0"
66.249.64.127 - - [06/Jan/2016:07:41:07 -0800] "GET /lib/reccapi.php?resort=mountwashingtonalpine&date=2015-12-21 HTTP/1.1" 200 968 "http://whereshouldiski.com/" "Mozilla/5.0 (compatible; Googlebot/2.1; +http://www.google.com/bot.html)"
66.249.64.127 - - [06/Jan/2016:07:41:10 -0800] "GET /lib/reccapi.php?fields=t&date=2015-12-21&coords=49.7383%2C-125.299&size=7&sort=distance HTTP/1.1" 200 1402 "http://whereshouldiski.com/" "Mozilla/5.0 (compatible; Googlebot/2.1; +http://www.google.com/bot.html)"
66.249.64.127 - - [06/Jan/2016:07:41:10 -0800] "GET /lib/resortDataSearchD3.php?size=7&sortDate=T&resort=mountwashingtonalpine&dateStart=2015-12-19 HTTP/1.1" 200 866 "http://whereshouldiski.com/" "Mozilla/5.0 (compatible; Googlebot/2.1; +http://www.google.com/bot.html)"
