52.33.40.213 - - [02/Mar/2016:21:13:03 -0800] "GET /lib/reccapi.php?resort=grandtarghee HTTP/1.1" 200 1076 "-" "node-superagent/1.4.0"
73.15.111.208 - - [02/Mar/2016:21:13:55 -0800] "GET /images/wsis-logo-sm.png HTTP/1.1" 200 6108 "http://www.thebackcountry.net/" "Mozilla/5.0 (iPhone; CPU iPhone OS 9_2_1 like Mac OS X) AppleWebKit/601.1.46 (KHTML, like Gecko) Version/9.0 Mobile/13D15 Safari/601.1"
170.75.162.130 - - [02/Mar/2016:21:19:43 -0800] "GET /lib/reccapi.php?resort=loveland HTTP/1.1" 200 1028 "-" "node-superagent/1.4.0"
52.33.40.213 - - [02/Mar/2016:21:19:53 -0800] "GET /lib/reccapi.php?resort=keystone HTTP/1.1" 200 1026 "-" "node-superagent/1.4.0"
71.83.112.250 - - [02/Mar/2016:21:20:08 -0800] "GET /images/wsis-logo-sm.png HTTP/1.1" 200 6108 "http://thebackcountry.net/" "Mozilla/5.0 (Windows NT 6.2; WOW64) AppleWebKit/537.36 (KHTML, like Gecko) Chrome/48.0.2564.116 Safari/537.36"
180.76.15.140 - - [02/Mar/2016:21:34:13 -0800] "GET / HTTP/1.1" 200 6995 "-" "Mozilla/5.0 (compatible; Baiduspider/2.0; +http://www.baidu.com/search/spider.html)"
180.76.15.160 - - [02/Mar/2016:21:35:08 -0800] "GET / HTTP/1.1" 200 6995 "-" "Mozilla/5.0 (compatible; Baiduspider/2.0; +http://www.baidu.com/search/spider.html)"
67.180.247.73 - - [02/Mar/2016:21:53:56 -0800] "GET /images/wsis-logo-sm.png HTTP/1.1" 200 6108 "http://www.thebackcountry.net/" "Mozilla/5.0 (Windows NT 6.0) AppleWebKit/537.36 (KHTML, like Gecko) Chrome/48.0.2564.116 Safari/537.36"
23.80.147.64 - - [02/Mar/2016:21:56:11 -0800] "GET / HTTP/1.1" 200 7032 "-" "Mozilla/5.0 (compatible; MSIE 10.0; Windows NT 6.1; WOW64; Trident/6.0)"
50.21.204.68 - - [02/Mar/2016:21:57:46 -0800] "GET /scripts/scripts/vendor/modernizr.js HTTP/1.1" 200 4903 "https://www.google.com/" "Mozilla/5.0 (Linux; Android 4.4.4; XT1080 Build/SU6-7.3) AppleWebKit/537.36 (KHTML, like Gecko) Chrome/48.0.2564.95 Mobile Safari/537.36"
50.21.204.68 - - [02/Mar/2016:21:57:46 -0800] "GET /styles/ee08faa9.main.css HTTP/1.1" 200 19447 "https://www.google.com/" "Mozilla/5.0 (Linux; Android 4.4.4; XT1080 Build/SU6-7.3) AppleWebKit/537.36 (KHTML, like Gecko) Chrome/48.0.2564.95 Mobile Safari/537.36"
50.21.204.68 - - [02/Mar/2016:21:57:46 -0800] "GET / HTTP/1.1" 200 2614 "https://www.google.com/" "Mozilla/5.0 (Linux; Android 4.4.4; XT1080 Build/SU6-7.3) AppleWebKit/537.36 (KHTML, like Gecko) Chrome/48.0.2564.95 Mobile Safari/537.36"
50.21.204.68 - - [02/Mar/2016:21:57:46 -0800] "GET /images/logo-square-white-sm.png HTTP/1.1" 200 1683 "http://whereshouldiski.com/" "Mozilla/5.0 (Linux; Android 4.4.4; XT1080 Build/SU6-7.3) AppleWebKit/537.36 (KHTML, like Gecko) Chrome/48.0.2564.95 Mobile Safari/537.36"
50.21.204.68 - - [02/Mar/2016:21:57:46 -0800] "GET /bower_components/requirejs/require.js HTTP/1.1" 200 6701 "http://whereshouldiski.com/" "Mozilla/5.0 (Linux; Android 4.4.4; XT1080 Build/SU6-7.3) AppleWebKit/537.36 (KHTML, like Gecko) Chrome/48.0.2564.95 Mobile Safari/537.36"
50.21.204.68 - - [02/Mar/2016:21:57:46 -0800] "GET /images/loading.gif HTTP/1.1" 200 13881 "http://whereshouldiski.com/" "Mozilla/5.0 (Linux; Android 4.4.4; XT1080 Build/SU6-7.3) AppleWebKit/537.36 (KHTML, like Gecko) Chrome/48.0.2564.95 Mobile Safari/537.36"
50.21.204.68 - - [02/Mar/2016:21:57:47 -0800] "GET /scripts/fa48e319.main.js HTTP/1.1" 200 123455 "http://whereshouldiski.com/" "Mozilla/5.0 (Linux; Android 4.4.4; XT1080 Build/SU6-7.3) AppleWebKit/537.36 (KHTML, like Gecko) Chrome/48.0.2564.95 Mobile Safari/537.36"
50.21.204.68 - - [02/Mar/2016:21:57:49 -0800] "GET /images/button.png HTTP/1.1" 200 598 "http://whereshouldiski.com/styles/ee08faa9.main.css" "Mozilla/5.0 (Linux; Android 4.4.4; XT1080 Build/SU6-7.3) AppleWebKit/537.36 (KHTML, like Gecko) Chrome/48.0.2564.95 Mobile Safari/537.36"
50.21.204.68 - - [02/Mar/2016:21:57:49 -0800] "GET /lib/reccapi.php?fields=t HTTP/1.1" 200 1886 "http://whereshouldiski.com/" "Mozilla/5.0 (Linux; Android 4.4.4; XT1080 Build/SU6-7.3) AppleWebKit/537.36 (KHTML, like Gecko) Chrome/48.0.2564.95 Mobile Safari/537.36"
50.21.204.68 - - [02/Mar/2016:21:57:49 -0800] "GET /images/greyHeader.png HTTP/1.1" 200 508 "http://whereshouldiski.com/styles/ee08faa9.main.css" "Mozilla/5.0 (Linux; Android 4.4.4; XT1080 Build/SU6-7.3) AppleWebKit/537.36 (KHTML, like Gecko) Chrome/48.0.2564.95 Mobile Safari/537.36"
50.21.204.68 - - [02/Mar/2016:21:57:50 -0800] "GET /images/star5.png HTTP/1.1" 200 1783 "http://whereshouldiski.com/styles/ee08faa9.main.css" "Mozilla/5.0 (Linux; Android 4.4.4; XT1080 Build/SU6-7.3) AppleWebKit/537.36 (KHTML, like Gecko) Chrome/48.0.2564.95 Mobile Safari/537.36"
50.21.204.68 - - [02/Mar/2016:21:57:50 -0800] "GET /images/bluebird5.png HTTP/1.1" 200 2178 "http://whereshouldiski.com/styles/ee08faa9.main.css" "Mozilla/5.0 (Linux; Android 4.4.4; XT1080 Build/SU6-7.3) AppleWebKit/537.36 (KHTML, like Gecko) Chrome/48.0.2564.95 Mobile Safari/537.36"
50.21.204.68 - - [02/Mar/2016:21:57:50 -0800] "GET /images/snowflake5.png HTTP/1.1" 200 2857 "http://whereshouldiski.com/styles/ee08faa9.main.css" "Mozilla/5.0 (Linux; Android 4.4.4; XT1080 Build/SU6-7.3) AppleWebKit/537.36 (KHTML, like Gecko) Chrome/48.0.2564.95 Mobile Safari/537.36"
50.21.204.68 - - [02/Mar/2016:21:57:50 -0800] "GET /images/shading-icon.png HTTP/1.1" 200 536 "http://whereshouldiski.com/styles/ee08faa9.main.css" "Mozilla/5.0 (Linux; Android 4.4.4; XT1080 Build/SU6-7.3) AppleWebKit/537.36 (KHTML, like Gecko) Chrome/48.0.2564.95 Mobile Safari/537.36"
50.21.204.68 - - [02/Mar/2016:21:57:50 -0800] "GET /images/mtns-icon.png HTTP/1.1" 200 1097 "http://whereshouldiski.com/styles/ee08faa9.main.css" "Mozilla/5.0 (Linux; Android 4.4.4; XT1080 Build/SU6-7.3) AppleWebKit/537.36 (KHTML, like Gecko) Chrome/48.0.2564.95 Mobile Safari/537.36"
50.21.204.68 - - [02/Mar/2016:21:57:51 -0800] "GET /favicon.ico HTTP/1.1" 200 4612 "http://whereshouldiski.com/" "Mozilla/5.0 (Linux; Android 4.4.4; XT1080 Build/SU6-7.3) AppleWebKit/537.36 (KHTML, like Gecko) Chrome/48.0.2564.95 Mobile Safari/537.36"
50.21.204.68 - - [02/Mar/2016:21:58:11 -0800] "-" 408 0 "-" "-"
50.21.204.68 - - [02/Mar/2016:21:58:16 -0800] "GET /scripts/server/resorts.json HTTP/1.1" 200 8662 "http://whereshouldiski.com/" "Mozilla/5.0 (Linux; Android 4.4.4; XT1080 Build/SU6-7.3) AppleWebKit/537.36 (KHTML, like Gecko) Chrome/48.0.2564.95 Mobile Safari/537.36"
50.21.204.68 - - [02/Mar/2016:21:58:21 -0800] "GET /lib/reccapi.php?resort=arapahoebasin&date=2016-03-02 HTTP/1.1" 200 1084 "http://whereshouldiski.com/" "Mozilla/5.0 (Linux; Android 4.4.4; XT1080 Build/SU6-7.3) AppleWebKit/537.36 (KHTML, like Gecko) Chrome/48.0.2564.95 Mobile Safari/537.36"
50.21.204.68 - - [02/Mar/2016:21:58:21 -0800] "GET /lib/reccapi.php?fields=t&date=2016-03-02&coords=39.68%2C-105.88&size=7&sort=distance HTTP/1.1" 200 1347 "http://whereshouldiski.com/" "Mozilla/5.0 (Linux; Android 4.4.4; XT1080 Build/SU6-7.3) AppleWebKit/537.36 (KHTML, like Gecko) Chrome/48.0.2564.95 Mobile Safari/537.36"
50.21.204.68 - - [02/Mar/2016:21:58:21 -0800] "GET /images/snowflake-med-5.png HTTP/1.1" 200 6157 "http://whereshouldiski.com/styles/ee08faa9.main.css" "Mozilla/5.0 (Linux; Android 4.4.4; XT1080 Build/SU6-7.3) AppleWebKit/537.36 (KHTML, like Gecko) Chrome/48.0.2564.95 Mobile Safari/537.36"
50.21.204.68 - - [02/Mar/2016:21:58:21 -0800] "GET /images/stars-med-5.png HTTP/1.1" 200 4124 "http://whereshouldiski.com/styles/ee08faa9.main.css" "Mozilla/5.0 (Linux; Android 4.4.4; XT1080 Build/SU6-7.3) AppleWebKit/537.36 (KHTML, like Gecko) Chrome/48.0.2564.95 Mobile Safari/537.36"
50.21.204.68 - - [02/Mar/2016:21:58:21 -0800] "GET /lib/resortDataSearchD3.php?size=7&sortDate=T&resort=arapahoebasin&dateStart=2016-02-29 HTTP/1.1" 200 853 "http://whereshouldiski.com/" "Mozilla/5.0 (Linux; Android 4.4.4; XT1080 Build/SU6-7.3) AppleWebKit/537.36 (KHTML, like Gecko) Chrome/48.0.2564.95 Mobile Safari/537.36"
50.21.204.68 - - [02/Mar/2016:21:58:21 -0800] "GET /images/mtns-30px.png HTTP/1.1" 200 1202 "http://whereshouldiski.com/styles/ee08faa9.main.css" "Mozilla/5.0 (Linux; Android 4.4.4; XT1080 Build/SU6-7.3) AppleWebKit/537.36 (KHTML, like Gecko) Chrome/48.0.2564.95 Mobile Safari/537.36"
50.21.204.68 - - [02/Mar/2016:21:58:21 -0800] "GET /images/shading-53px.png HTTP/1.1" 200 548 "http://whereshouldiski.com/styles/ee08faa9.main.css" "Mozilla/5.0 (Linux; Android 4.4.4; XT1080 Build/SU6-7.3) AppleWebKit/537.36 (KHTML, like Gecko) Chrome/48.0.2564.95 Mobile Safari/537.36"
50.21.204.68 - - [02/Mar/2016:21:58:21 -0800] "GET /images/sun-med-5.png HTTP/1.1" 200 7626 "http://whereshouldiski.com/styles/ee08faa9.main.css" "Mozilla/5.0 (Linux; Android 4.4.4; XT1080 Build/SU6-7.3) AppleWebKit/537.36 (KHTML, like Gecko) Chrome/48.0.2564.95 Mobile Safari/537.36"
50.21.204.68 - - [02/Mar/2016:21:58:21 -0800] "GET /images/snowforecast-logo.jpg HTTP/1.1" 200 22988 "http://whereshouldiski.com/" "Mozilla/5.0 (Linux; Android 4.4.4; XT1080 Build/SU6-7.3) AppleWebKit/537.36 (KHTML, like Gecko) Chrome/48.0.2564.95 Mobile Safari/537.36"
50.21.204.68 - - [02/Mar/2016:21:58:21 -0800] "GET /images/opensnow_logo.png HTTP/1.1" 200 11776 "http://whereshouldiski.com/" "Mozilla/5.0 (Linux; Android 4.4.4; XT1080 Build/SU6-7.3) AppleWebKit/537.36 (KHTML, like Gecko) Chrome/48.0.2564.95 Mobile Safari/537.36"
127.0.0.1 - - [02/Mar/2016:21:58:43 -0800] "OPTIONS * HTTP/1.0" 200 126 "-" "Apache/2.2.22 (Ubuntu) (internal dummy connection)"
50.21.204.68 - - [02/Mar/2016:21:58:45 -0800] "GET /lib/reccapi.php?resort=arapahoebasin&date=2016-03-03 HTTP/1.1" 200 1042 "http://whereshouldiski.com/" "Mozilla/5.0 (Linux; Android 4.4.4; XT1080 Build/SU6-7.3) AppleWebKit/537.36 (KHTML, like Gecko) Chrome/48.0.2564.95 Mobile Safari/537.36"
50.21.204.68 - - [02/Mar/2016:21:58:45 -0800] "GET /lib/reccapi.php?fields=t&date=2016-03-03&coords=39.68%2C-105.88&size=7&sort=distance HTTP/1.1" 200 1368 "http://whereshouldiski.com/" "Mozilla/5.0 (Linux; Android 4.4.4; XT1080 Build/SU6-7.3) AppleWebKit/537.36 (KHTML, like Gecko) Chrome/48.0.2564.95 Mobile Safari/537.36"
50.21.204.68 - - [02/Mar/2016:21:58:45 -0800] "GET /lib/resortDataSearchD3.php?size=7&sortDate=T&resort=arapahoebasin&dateStart=2016-03-01 HTTP/1.1" 200 854 "http://whereshouldiski.com/" "Mozilla/5.0 (Linux; Android 4.4.4; XT1080 Build/SU6-7.3) AppleWebKit/537.36 (KHTML, like Gecko) Chrome/48.0.2564.95 Mobile Safari/537.36"
50.21.204.68 - - [02/Mar/2016:21:59:06 -0800] "-" 408 0 "-" "-"
170.75.162.130 - - [02/Mar/2016:21:59:58 -0800] "GET /lib/reccapi.php?resort=crystalmountain HTTP/1.1" 200 1083 "-" "node-superagent/1.4.0"
50.21.204.68 - - [02/Mar/2016:22:01:14 -0800] "GET /lib/reccapi.php?resort=arapahoebasin&date=2016-03-02 HTTP/1.1" 200 1085 "http://whereshouldiski.com/" "Mozilla/5.0 (Linux; Android 4.4.4; XT1080 Build/SU6-7.3) AppleWebKit/537.36 (KHTML, like Gecko) Chrome/48.0.2564.95 Mobile Safari/537.36"
50.21.204.68 - - [02/Mar/2016:22:01:14 -0800] "GET /lib/reccapi.php?fields=t&date=2016-03-02&coords=39.68%2C-105.88&size=7&sort=distance HTTP/1.1" 200 1347 "http://whereshouldiski.com/" "Mozilla/5.0 (Linux; Android 4.4.4; XT1080 Build/SU6-7.3) AppleWebKit/537.36 (KHTML, like Gecko) Chrome/48.0.2564.95 Mobile Safari/537.36"
50.21.204.68 - - [02/Mar/2016:22:01:15 -0800] "GET /lib/resortDataSearchD3.php?size=7&sortDate=T&resort=arapahoebasin&dateStart=2016-02-29 HTTP/1.1" 200 853 "http://whereshouldiski.com/" "Mozilla/5.0 (Linux; Android 4.4.4; XT1080 Build/SU6-7.3) AppleWebKit/537.36 (KHTML, like Gecko) Chrome/48.0.2564.95 Mobile Safari/537.36"
127.0.0.1 - - [02/Mar/2016:22:01:31 -0800] "OPTIONS * HTTP/1.0" 200 126 "-" "Apache/2.2.22 (Ubuntu) (internal dummy connection)"
127.0.0.1 - - [02/Mar/2016:22:01:56 -0800] "OPTIONS * HTTP/1.0" 200 126 "-" "Apache/2.2.22 (Ubuntu) (internal dummy connection)"
170.75.162.130 - - [02/Mar/2016:22:05:39 -0800] "GET /lib/reccapi.php?resort=brighton HTTP/1.1" 200 1002 "-" "node-superagent/1.4.0"
170.75.162.130 - - [02/Mar/2016:22:05:40 -0800] "GET /lib/reccapi.php?resort=snowbasin HTTP/1.1" 200 973 "-" "node-superagent/1.4.0"
170.75.162.130 - - [02/Mar/2016:22:05:40 -0800] "GET /lib/reccapi.php?resort=snowbird HTTP/1.1" 200 1001 "-" "node-superagent/1.4.0"
170.75.162.130 - - [02/Mar/2016:22:05:49 -0800] "GET /lib/reccapi.php?resort=sunvalley HTTP/1.1" 200 1017 "-" "node-superagent/1.4.0"
170.75.162.130 - - [02/Mar/2016:22:05:49 -0800] "GET /lib/reccapi.php?resort=schweitzer HTTP/1.1" 200 1031 "-" "node-superagent/1.4.0"
170.75.162.130 - - [02/Mar/2016:22:05:59 -0800] "GET /lib/reccapi.php?resort=alyeska HTTP/1.1" 200 962 "-" "node-superagent/1.4.0"
170.75.162.130 - - [02/Mar/2016:22:05:59 -0800] "GET /lib/reccapi.php?resort=sugarloaf HTTP/1.1" 200 1020 "-" "node-superagent/1.4.0"
170.75.162.130 - - [02/Mar/2016:22:06:00 -0800] "GET /lib/reccapi.php?resort=sundayriver HTTP/1.1" 200 1008 "-" "node-superagent/1.4.0"
170.75.162.130 - - [02/Mar/2016:22:06:09 -0800] "GET /lib/reccapi.php?resort=diamondpeak HTTP/1.1" 200 941 "-" "node-superagent/1.4.0"
170.75.162.130 - - [02/Mar/2016:22:06:09 -0800] "GET /lib/reccapi.php?resort=heavenly HTTP/1.1" 200 992 "-" "node-superagent/1.4.0"
170.75.162.130 - - [02/Mar/2016:22:06:09 -0800] "GET /lib/reccapi.php?resort=mtrose HTTP/1.1" 200 987 "-" "node-superagent/1.4.0"
170.75.162.130 - - [02/Mar/2016:22:06:19 -0800] "GET /lib/reccapi.php?resort=mountbachelor HTTP/1.1" 200 1041 "-" "node-superagent/1.4.0"
170.75.162.130 - - [02/Mar/2016:22:06:39 -0800] "GET /lib/reccapi.php?resort=madriverglen HTTP/1.1" 200 1072 "-" "node-superagent/1.4.0"
170.75.162.130 - - [02/Mar/2016:22:06:39 -0800] "GET /lib/reccapi.php?resort=jaypeak HTTP/1.1" 200 1085 "-" "node-superagent/1.4.0"
170.75.162.130 - - [02/Mar/2016:22:06:39 -0800] "GET /lib/reccapi.php?resort=sugarbush HTTP/1.1" 200 1075 "-" "node-superagent/1.4.0"
170.75.162.130 - - [02/Mar/2016:22:06:39 -0800] "GET /lib/reccapi.php?resort=stowe HTTP/1.1" 200 1061 "-" "node-superagent/1.4.0"
170.75.162.130 - - [02/Mar/2016:22:06:39 -0800] "GET /lib/reccapi.php?resort=smugglersnotch HTTP/1.1" 200 1080 "-" "node-superagent/1.4.0"
170.75.162.130 - - [02/Mar/2016:22:06:50 -0800] "GET /lib/reccapi.php?resort=jacksonhole HTTP/1.1" 200 1068 "-" "node-superagent/1.4.0"
170.75.162.130 - - [02/Mar/2016:22:07:20 -0800] "GET /lib/reccapi.php?resort=arapahoebasin HTTP/1.1" 200 1048 "-" "node-superagent/1.4.0"
170.75.162.130 - - [02/Mar/2016:22:07:20 -0800] "GET /lib/reccapi.php?resort=coppermountain HTTP/1.1" 200 1025 "-" "node-superagent/1.4.0"
170.75.162.130 - - [02/Mar/2016:22:07:20 -0800] "GET /lib/reccapi.php?resort=crestedbutte HTTP/1.1" 200 1035 "-" "node-superagent/1.4.0"
170.75.162.130 - - [02/Mar/2016:22:07:20 -0800] "GET /lib/reccapi.php?resort=keystone HTTP/1.1" 200 1026 "-" "node-superagent/1.4.0"
170.75.162.130 - - [02/Mar/2016:22:07:20 -0800] "GET /lib/reccapi.php?resort=monarch HTTP/1.1" 200 1010 "-" "node-superagent/1.4.0"
170.75.162.130 - - [02/Mar/2016:22:07:20 -0800] "GET /lib/reccapi.php?resort=steamboat HTTP/1.1" 200 1021 "-" "node-superagent/1.4.0"
170.75.162.130 - - [02/Mar/2016:22:07:20 -0800] "GET /lib/reccapi.php?resort=telluride HTTP/1.1" 200 959 "-" "node-superagent/1.4.0"
170.75.162.130 - - [02/Mar/2016:22:07:20 -0800] "GET /lib/reccapi.php?resort=winterpark HTTP/1.1" 200 1016 "-" "node-superagent/1.4.0"
170.75.162.130 - - [02/Mar/2016:22:07:30 -0800] "GET /lib/reccapi.php?resort=whitefacemountain HTTP/1.1" 200 1064 "-" "node-superagent/1.4.0"
170.75.162.130 - - [02/Mar/2016:22:07:40 -0800] "GET /lib/reccapi.php?resort=cannonmountain HTTP/1.1" 200 1075 "-" "node-superagent/1.4.0"
170.75.162.130 - - [02/Mar/2016:22:07:50 -0800] "GET /lib/reccapi.php?resort=devilshead HTTP/1.1" 200 953 "-" "node-superagent/1.4.0"
170.75.162.130 - - [02/Mar/2016:22:07:50 -0800] "GET /lib/reccapi.php?resort=kirkwood HTTP/1.1" 200 994 "-" "node-superagent/1.4.0"
170.75.162.130 - - [02/Mar/2016:22:07:50 -0800] "GET /lib/reccapi.php?resort=northstar-at-tahoe HTTP/1.1" 200 976 "-" "node-superagent/1.4.0"
170.75.162.130 - - [02/Mar/2016:22:08:00 -0800] "GET /lib/reccapi.php?resort=mountainhigh HTTP/1.1" 200 1016 "-" "node-superagent/1.4.0"
170.75.162.130 - - [02/Mar/2016:22:08:10 -0800] "GET /lib/reccapi.php?resort=alpinemeadows HTTP/1.1" 200 984 "-" "node-superagent/1.4.0"
170.75.162.130 - - [02/Mar/2016:22:08:50 -0800] "GET /lib/reccapi.php?resort=mountspokane HTTP/1.1" 200 1030 "-" "node-superagent/1.4.0"
170.75.162.130 - - [02/Mar/2016:22:09:00 -0800] "GET /lib/reccapi.php?resort=homewoodmountain HTTP/1.1" 200 995 "-" "node-superagent/1.4.0"
170.75.162.130 - - [02/Mar/2016:22:09:00 -0800] "GET /lib/reccapi.php?resort=sugarbowl HTTP/1.1" 200 972 "-" "node-superagent/1.4.0"
170.75.162.130 - - [02/Mar/2016:22:09:40 -0800] "GET /lib/reccapi.php?resort=chinapeak HTTP/1.1" 200 986 "-" "node-superagent/1.4.0"
170.75.162.130 - - [02/Mar/2016:22:09:40 -0800] "GET /lib/reccapi.php?resort=mammothmountain HTTP/1.1" 200 996 "-" "node-superagent/1.4.0"
170.75.162.130 - - [02/Mar/2016:22:11:31 -0800] "GET /lib/reccapi.php?resort=wildcatmountain HTTP/1.1" 200 1070 "-" "node-superagent/1.4.0"
170.75.162.130 - - [02/Mar/2016:22:12:11 -0800] "GET /lib/reccapi.php?resort=bigwhite HTTP/1.1" 200 927 "-" "node-superagent/1.4.0"
170.75.162.130 - - [02/Mar/2016:22:13:21 -0800] "GET /lib/reccapi.php?resort=buttermilk HTTP/1.1" 200 1022 "-" "node-superagent/1.4.0"
170.75.162.130 - - [02/Mar/2016:22:16:01 -0800] "GET /lib/reccapi.php?resort=redmountain HTTP/1.1" 200 916 "-" "node-superagent/1.4.0"
170.75.162.130 - - [02/Mar/2016:22:16:01 -0800] "GET /lib/reccapi.php?resort=silverstarmountain HTTP/1.1" 200 939 "-" "node-superagent/1.4.0"
170.75.162.130 - - [02/Mar/2016:22:16:01 -0800] "GET /lib/reccapi.php?resort=sunpeaksresort HTTP/1.1" 200 928 "-" "node-superagent/1.4.0"
172.5.249.230 - - [02/Mar/2016:22:20:03 -0800] "GET /images/wsis-logo-sm.png HTTP/1.1" 200 6108 "http://www.thebackcountry.net/" "Mozilla/5.0 (Windows NT 6.3; WOW64; rv:38.0) Gecko/20100101 Firefox/38.0"
52.33.40.213 - - [02/Mar/2016:22:28:48 -0800] "GET /lib/reccapi.php?resort=heavenly HTTP/1.1" 200 992 "-" "node-superagent/1.4.0"
52.33.40.213 - - [02/Mar/2016:22:28:58 -0800] "GET /lib/reccapi.php?resort=kirkwood HTTP/1.1" 200 994 "-" "node-superagent/1.4.0"
180.76.15.32 - - [02/Mar/2016:22:31:58 -0800] "GET / HTTP/1.1" 200 6995 "-" "Mozilla/5.0 (compatible; Baiduspider/2.0; +http://www.baidu.com/search/spider.html)"
180.76.15.137 - - [02/Mar/2016:22:32:55 -0800] "GET / HTTP/1.1" 200 6995 "-" "Mozilla/5.0 (compatible; Baiduspider/2.0; +http://www.baidu.com/search/spider.html)"
151.1.247.55 - - [02/Mar/2016:22:35:09 -0800] "GET /shop/js/mage/cookies.js HTTP/1.1" 404 490 "whereshouldiski.com/shop" "Mozilla/5.0 (Windows; U; Windows NT 5.1; en-US) AppleWebKit/533.4 (KHTML, like Gecko) Chrome/5.0.375.99 Safari/533.4"
172.6.66.142 - - [02/Mar/2016:22:44:08 -0800] "GET /images/wsis-logo-sm.png HTTP/1.1" 200 6108 "http://www.thebackcountry.net/" "Mozilla/5.0 (Windows NT 6.1; WOW64; Trident/7.0; rv:11.0) like Gecko"
172.6.66.142 - - [02/Mar/2016:22:44:29 -0800] "-" 408 0 "-" "-"
170.75.162.130 - - [02/Mar/2016:22:49:16 -0800] "GET /lib/reccapi.php?resort=whistlerblackcomb HTTP/1.1" 200 935 "-" "node-superagent/1.4.0"
170.75.162.130 - - [02/Mar/2016:22:53:57 -0800] "GET /lib/reccapi.php?resort=sierra-at-tahoe HTTP/1.1" 200 978 "-" "node-superagent/1.4.0"
52.33.40.213 - - [02/Mar/2016:22:55:40 -0800] "GET /lib/reccapi.php?resort=mammothmountain HTTP/1.1" 200 996 "-" "node-superagent/1.4.0"
52.33.40.213 - - [02/Mar/2016:22:55:40 -0800] "GET /lib/reccapi.php?resort=aspenheights HTTP/1.1" 200 1042 "-" "node-superagent/1.4.0"
52.33.40.213 - - [02/Mar/2016:22:55:50 -0800] "GET /lib/reccapi.php?resort=snowbird HTTP/1.1" 200 1001 "-" "node-superagent/1.4.0"
207.166.3.52 - - [02/Mar/2016:23:08:26 -0800] "GET /images/wsis-logo-sm.png HTTP/1.1" 200 6108 "http://www.thebackcountry.net/" "Mozilla/5.0 (X11; CrOS x86_64 7520.67.0) AppleWebKit/537.36 (KHTML, like Gecko) Chrome/47.0.2526.110 Safari/537.36"
66.249.75.8 - - [02/Mar/2016:23:22:47 -0800] "GET /lib/reccapi.php?resort=grandtarghee&date=2016-01-21 HTTP/1.1" 200 1021 "http://whereshouldiski.com/" "Mozilla/5.0 (compatible; Googlebot/2.1; +http://www.google.com/bot.html)"
66.249.75.114 - - [02/Mar/2016:23:22:49 -0800] "GET /lib/resortDataSearchD3.php?size=7&sortDate=T&resort=grandtarghee&dateStart=2016-01-19 HTTP/1.1" 200 883 "http://whereshouldiski.com/" "Mozilla/5.0 (compatible; Googlebot/2.1; +http://www.google.com/bot.html)"
66.249.75.8 - - [02/Mar/2016:23:22:49 -0800] "GET /lib/reccapi.php?fields=t&date=2016-01-21&coords=43.79%2C-110.95&size=7&sort=distance HTTP/1.1" 200 1384 "http://whereshouldiski.com/" "Mozilla/5.0 (compatible; Googlebot/2.1; +http://www.google.com/bot.html)"
52.33.40.213 - - [02/Mar/2016:23:23:42 -0800] "GET /lib/reccapi.php?resort=sugarbush HTTP/1.1" 200 1075 "-" "node-superagent/1.4.0"
52.33.40.213 - - [02/Mar/2016:23:23:42 -0800] "GET /lib/reccapi.php?resort=sundayriver HTTP/1.1" 200 1008 "-" "node-superagent/1.4.0"
52.33.40.213 - - [02/Mar/2016:23:23:42 -0800] "GET /lib/reccapi.php?resort=cannonmountain HTTP/1.1" 200 1075 "-" "node-superagent/1.4.0"
52.33.40.213 - - [02/Mar/2016:23:23:42 -0800] "GET /lib/reccapi.php?resort=whistlerblackcomb HTTP/1.1" 200 935 "-" "node-superagent/1.4.0"
52.33.40.213 - - [02/Mar/2016:23:23:42 -0800] "GET /lib/reccapi.php?resort=madriverglen HTTP/1.1" 200 1072 "-" "node-superagent/1.4.0"
52.33.40.213 - - [02/Mar/2016:23:23:42 -0800] "GET /lib/reccapi.php?resort=sugarloaf HTTP/1.1" 200 1020 "-" "node-superagent/1.4.0"
52.33.40.213 - - [02/Mar/2016:23:23:42 -0800] "GET /lib/reccapi.php?resort=stowe HTTP/1.1" 200 1061 "-" "node-superagent/1.4.0"
52.33.40.213 - - [02/Mar/2016:23:23:42 -0800] "GET /lib/reccapi.php?resort=winterpark HTTP/1.1" 200 1016 "-" "node-superagent/1.4.0"
170.75.162.130 - - [02/Mar/2016:23:24:41 -0800] "GET /lib/reccapi.php?resort=killington HTTP/1.1" 200 1067 "-" "node-superagent/1.4.0"
170.75.162.130 - - [02/Mar/2016:23:31:02 -0800] "GET /lib/reccapi.php?resort=hoodoo HTTP/1.1" 200 977 "-" "node-superagent/1.4.0"
180.76.15.23 - - [02/Mar/2016:23:31:14 -0800] "GET / HTTP/1.1" 200 6995 "-" "Mozilla/5.0 (compatible; Baiduspider/2.0; +http://www.baidu.com/search/spider.html)"
180.76.15.138 - - [02/Mar/2016:23:32:08 -0800] "GET / HTTP/1.1" 200 6995 "-" "Mozilla/5.0 (compatible; Baiduspider/2.0; +http://www.baidu.com/search/spider.html)"
52.33.40.213 - - [02/Mar/2016:23:35:43 -0800] "GET /lib/reccapi.php?resort=hoodoo HTTP/1.1" 200 977 "-" "node-superagent/1.4.0"
66.249.75.121 - - [02/Mar/2016:23:39:56 -0800] "GET /lib/reccapi.php?resort=grandtarghee&date=2016-01-26 HTTP/1.1" 200 1030 "http://whereshouldiski.com/" "Mozilla/5.0 (compatible; Googlebot/2.1; +http://www.google.com/bot.html)"
66.249.75.8 - - [02/Mar/2016:23:39:58 -0800] "GET /lib/reccapi.php?fields=t&date=2016-01-26&coords=43.79%2C-110.95&size=7&sort=distance HTTP/1.1" 200 1377 "http://whereshouldiski.com/" "Mozilla/5.0 (compatible; Googlebot/2.1; +http://www.google.com/bot.html)"
66.249.75.114 - - [02/Mar/2016:23:39:58 -0800] "GET /lib/resortDataSearchD3.php?size=7&sortDate=T&resort=grandtarghee&dateStart=2016-01-24 HTTP/1.1" 200 870 "http://whereshouldiski.com/" "Mozilla/5.0 (compatible; Googlebot/2.1; +http://www.google.com/bot.html)"
52.33.40.213 - - [02/Mar/2016:23:49:24 -0800] "GET /lib/reccapi.php?resort=49degreesnorth HTTP/1.1" 200 1062 "-" "node-superagent/1.4.0"
52.33.40.213 - - [02/Mar/2016:23:53:04 -0800] "GET /lib/reccapi.php?resort=bigwhite HTTP/1.1" 200 927 "-" "node-superagent/1.4.0"
52.33.40.213 - - [02/Mar/2016:23:54:14 -0800] "GET /lib/reccapi.php?resort=diamondpeak HTTP/1.1" 200 941 "-" "node-superagent/1.4.0"
52.33.40.213 - - [02/Mar/2016:23:54:14 -0800] "GET /lib/reccapi.php?resort=crestedbutte HTTP/1.1" 200 1035 "-" "node-superagent/1.4.0"
52.33.40.213 - - [02/Mar/2016:23:54:24 -0800] "GET /lib/reccapi.php?resort=devilshead HTTP/1.1" 200 953 "-" "node-superagent/1.4.0"
52.33.40.213 - - [02/Mar/2016:23:55:24 -0800] "GET /lib/reccapi.php?resort=sunpeaksresort HTTP/1.1" 200 928 "-" "node-superagent/1.4.0"
52.33.40.213 - - [02/Mar/2016:23:55:44 -0800] "GET /lib/reccapi.php?resort=loveland HTTP/1.1" 200 1028 "-" "node-superagent/1.4.0"
52.33.40.213 - - [02/Mar/2016:23:55:44 -0800] "GET /lib/reccapi.php?resort=redmountain HTTP/1.1" 200 916 "-" "node-superagent/1.4.0"
52.33.40.213 - - [02/Mar/2016:23:55:44 -0800] "GET /lib/reccapi.php?resort=mountainhigh HTTP/1.1" 200 1016 "-" "node-superagent/1.4.0"
52.33.40.213 - - [02/Mar/2016:23:56:34 -0800] "GET /lib/reccapi.php?resort=sierra-at-tahoe HTTP/1.1" 200 978 "-" "node-superagent/1.4.0"
52.33.40.213 - - [02/Mar/2016:23:56:34 -0800] "GET /lib/reccapi.php?resort=wildcatmountain HTTP/1.1" 200 1070 "-" "node-superagent/1.4.0"
52.33.40.213 - - [02/Mar/2016:23:57:04 -0800] "GET /lib/reccapi.php?resort=snowbasin HTTP/1.1" 200 973 "-" "node-superagent/1.4.0"
52.33.40.213 - - [02/Mar/2016:23:57:04 -0800] "GET /lib/reccapi.php?resort=silverstarmountain HTTP/1.1" 200 939 "-" "node-superagent/1.4.0"
172.91.124.157 - - [03/Mar/2016:00:06:47 -0800] "GET / HTTP/1.1" 200 2615 "http://www.earnyourturns.com/" "Mozilla/5.0 (Macintosh; Intel Mac OS X 10_7_5) AppleWebKit/537.36 (KHTML, like Gecko) Chrome/48.0.2564.116 Safari/537.36"
172.91.124.157 - - [03/Mar/2016:00:06:47 -0800] "GET /styles/ee08faa9.main.css HTTP/1.1" 200 19446 "http://whereshouldiski.com/" "Mozilla/5.0 (Macintosh; Intel Mac OS X 10_7_5) AppleWebKit/537.36 (KHTML, like Gecko) Chrome/48.0.2564.116 Safari/537.36"
172.91.124.157 - - [03/Mar/2016:00:06:47 -0800] "GET /scripts/scripts/vendor/modernizr.js HTTP/1.1" 200 4903 "http://whereshouldiski.com/" "Mozilla/5.0 (Macintosh; Intel Mac OS X 10_7_5) AppleWebKit/537.36 (KHTML, like Gecko) Chrome/48.0.2564.116 Safari/537.36"
172.91.124.157 - - [03/Mar/2016:00:06:47 -0800] "GET /bower_components/requirejs/require.js HTTP/1.1" 200 6702 "http://whereshouldiski.com/" "Mozilla/5.0 (Macintosh; Intel Mac OS X 10_7_5) AppleWebKit/537.36 (KHTML, like Gecko) Chrome/48.0.2564.116 Safari/537.36"
172.91.124.157 - - [03/Mar/2016:00:06:47 -0800] "GET /images/logo-square-white-sm.png HTTP/1.1" 200 1684 "http://whereshouldiski.com/" "Mozilla/5.0 (Macintosh; Intel Mac OS X 10_7_5) AppleWebKit/537.36 (KHTML, like Gecko) Chrome/48.0.2564.116 Safari/537.36"
172.91.124.157 - - [03/Mar/2016:00:06:47 -0800] "GET /images/loading.gif HTTP/1.1" 200 13881 "http://whereshouldiski.com/" "Mozilla/5.0 (Macintosh; Intel Mac OS X 10_7_5) AppleWebKit/537.36 (KHTML, like Gecko) Chrome/48.0.2564.116 Safari/537.36"
172.91.124.157 - - [03/Mar/2016:00:06:48 -0800] "GET /scripts/fa48e319.main.js HTTP/1.1" 200 123455 "http://whereshouldiski.com/" "Mozilla/5.0 (Macintosh; Intel Mac OS X 10_7_5) AppleWebKit/537.36 (KHTML, like Gecko) Chrome/48.0.2564.116 Safari/537.36"
172.91.124.157 - - [03/Mar/2016:00:06:48 -0800] "GET /images/button.png HTTP/1.1" 200 598 "http://whereshouldiski.com/styles/ee08faa9.main.css" "Mozilla/5.0 (Macintosh; Intel Mac OS X 10_7_5) AppleWebKit/537.36 (KHTML, like Gecko) Chrome/48.0.2564.116 Safari/537.36"
172.91.124.157 - - [03/Mar/2016:00:06:48 -0800] "GET /images/greyHeader.png HTTP/1.1" 200 508 "http://whereshouldiski.com/styles/ee08faa9.main.css" "Mozilla/5.0 (Macintosh; Intel Mac OS X 10_7_5) AppleWebKit/537.36 (KHTML, like Gecko) Chrome/48.0.2564.116 Safari/537.36"
172.91.124.157 - - [03/Mar/2016:00:06:48 -0800] "GET /lib/reccapi.php?fields=t HTTP/1.1" 200 1768 "http://whereshouldiski.com/" "Mozilla/5.0 (Macintosh; Intel Mac OS X 10_7_5) AppleWebKit/537.36 (KHTML, like Gecko) Chrome/48.0.2564.116 Safari/537.36"
172.91.124.157 - - [03/Mar/2016:00:06:48 -0800] "GET /images/snowflake5.png HTTP/1.1" 200 2857 "http://whereshouldiski.com/styles/ee08faa9.main.css" "Mozilla/5.0 (Macintosh; Intel Mac OS X 10_7_5) AppleWebKit/537.36 (KHTML, like Gecko) Chrome/48.0.2564.116 Safari/537.36"
172.91.124.157 - - [03/Mar/2016:00:06:48 -0800] "GET /images/bluebird5.png HTTP/1.1" 200 2177 "http://whereshouldiski.com/styles/ee08faa9.main.css" "Mozilla/5.0 (Macintosh; Intel Mac OS X 10_7_5) AppleWebKit/537.36 (KHTML, like Gecko) Chrome/48.0.2564.116 Safari/537.36"
172.91.124.157 - - [03/Mar/2016:00:06:48 -0800] "GET /images/star5.png HTTP/1.1" 200 1783 "http://whereshouldiski.com/styles/ee08faa9.main.css" "Mozilla/5.0 (Macintosh; Intel Mac OS X 10_7_5) AppleWebKit/537.36 (KHTML, like Gecko) Chrome/48.0.2564.116 Safari/537.36"
172.91.124.157 - - [03/Mar/2016:00:06:48 -0800] "GET /images/mtns-icon.png HTTP/1.1" 200 1096 "http://whereshouldiski.com/styles/ee08faa9.main.css" "Mozilla/5.0 (Macintosh; Intel Mac OS X 10_7_5) AppleWebKit/537.36 (KHTML, like Gecko) Chrome/48.0.2564.116 Safari/537.36"
172.91.124.157 - - [03/Mar/2016:00:06:48 -0800] "GET /images/shading-icon.png HTTP/1.1" 200 536 "http://whereshouldiski.com/styles/ee08faa9.main.css" "Mozilla/5.0 (Macintosh; Intel Mac OS X 10_7_5) AppleWebKit/537.36 (KHTML, like Gecko) Chrome/48.0.2564.116 Safari/537.36"
172.91.124.157 - - [03/Mar/2016:00:06:49 -0800] "GET /favicon.ico HTTP/1.1" 200 4612 "http://whereshouldiski.com/" "Mozilla/5.0 (Macintosh; Intel Mac OS X 10_7_5) AppleWebKit/537.36 (KHTML, like Gecko) Chrome/48.0.2564.116 Safari/537.36"
172.91.124.157 - - [03/Mar/2016:00:07:09 -0800] "-" 408 0 "-" "-"
66.249.75.121 - - [03/Mar/2016:00:07:14 -0800] "GET /lib/reccapi.php?resort=grandtarghee&date=2016-02-07 HTTP/1.1" 200 1053 "http://whereshouldiski.com/" "Mozilla/5.0 (compatible; Googlebot/2.1; +http://www.google.com/bot.html)"
66.249.75.121 - - [03/Mar/2016:00:07:15 -0800] "GET /lib/resortDataSearchD3.php?size=7&sortDate=T&resort=grandtarghee&dateStart=2016-02-05 HTTP/1.1" 200 872 "http://whereshouldiski.com/" "Mozilla/5.0 (compatible; Googlebot/2.1; +http://www.google.com/bot.html)"
66.249.75.8 - - [03/Mar/2016:00:07:16 -0800] "GET /lib/reccapi.php?fields=t&date=2016-02-07&coords=43.79%2C-110.95&size=7&sort=distance HTTP/1.1" 200 1385 "http://whereshouldiski.com/" "Mozilla/5.0 (compatible; Googlebot/2.1; +http://www.google.com/bot.html)"
66.249.75.8 - - [03/Mar/2016:00:11:01 -0800] "GET /lib/reccapi.php?resort=grandtarghee&date=2016-02-21 HTTP/1.1" 200 1042 "http://whereshouldiski.com/" "Mozilla/5.0 (compatible; Googlebot/2.1; +http://www.google.com/bot.html)"
66.249.75.121 - - [03/Mar/2016:00:11:03 -0800] "GET /lib/resortDataSearchD3.php?size=7&sortDate=T&resort=grandtarghee&dateStart=2016-02-19 HTTP/1.1" 200 892 "http://whereshouldiski.com/" "Mozilla/5.0 (compatible; Googlebot/2.1; +http://www.google.com/bot.html)"
66.249.75.121 - - [03/Mar/2016:00:11:05 -0800] "GET /lib/reccapi.php?fields=t&date=2016-02-21&coords=43.79%2C-110.95&size=7&sort=distance HTTP/1.1" 200 1409 "http://whereshouldiski.com/" "Mozilla/5.0 (compatible; Googlebot/2.1; +http://www.google.com/bot.html)"
52.33.40.213 - - [03/Mar/2016:00:14:36 -0800] "GET /lib/reccapi.php?resort=snowmass HTTP/1.1" 200 959 "-" "node-superagent/1.4.0"
66.249.75.121 - - [03/Mar/2016:00:19:25 -0800] "GET /lib/reccapi.php?resort=grandtarghee&date=2016-02-29 HTTP/1.1" 200 1105 "http://whereshouldiski.com/" "Mozilla/5.0 (compatible; Googlebot/2.1; +http://www.google.com/bot.html)"
66.249.75.8 - - [03/Mar/2016:00:19:27 -0800] "GET /lib/reccapi.php?fields=t&date=2016-02-29&coords=43.79%2C-110.95&size=7&sort=distance HTTP/1.1" 200 1386 "http://whereshouldiski.com/" "Mozilla/5.0 (compatible; Googlebot/2.1; +http://www.google.com/bot.html)"
66.249.75.121 - - [03/Mar/2016:00:19:28 -0800] "GET /lib/resortDataSearchD3.php?size=7&sortDate=T&resort=grandtarghee&dateStart=2016-02-27 HTTP/1.1" 200 872 "http://whereshouldiski.com/" "Mozilla/5.0 (compatible; Googlebot/2.1; +http://www.google.com/bot.html)"
180.76.15.15 - - [03/Mar/2016:00:30:07 -0800] "GET / HTTP/1.1" 200 6995 "-" "Mozilla/5.0 (compatible; Baiduspider/2.0; +http://www.baidu.com/search/spider.html)"
66.249.75.121 - - [03/Mar/2016:00:30:24 -0800] "GET /lib/reccapi.php?resort=heavenly&date=2016-02-29 HTTP/1.1" 200 1009 "http://whereshouldiski.com/" "Mozilla/5.0 (compatible; Googlebot/2.1; +http://www.google.com/bot.html)"
66.249.75.114 - - [03/Mar/2016:00:30:25 -0800] "GET /lib/resortDataSearchD3.php?size=7&sortDate=T&resort=heavenly&dateStart=2016-02-27 HTTP/1.1" 200 850 "http://whereshouldiski.com/" "Mozilla/5.0 (compatible; Googlebot/2.1; +http://www.google.com/bot.html)"
66.249.75.114 - - [03/Mar/2016:00:30:26 -0800] "GET /lib/reccapi.php?fields=t&date=2016-02-29&coords=38.92%2C-119.93&size=7&sort=distance HTTP/1.1" 200 1347 "http://whereshouldiski.com/" "Mozilla/5.0 (compatible; Googlebot/2.1; +http://www.google.com/bot.html)"
180.76.15.150 - - [03/Mar/2016:00:31:01 -0800] "GET / HTTP/1.1" 200 6995 "-" "Mozilla/5.0 (compatible; Baiduspider/2.0; +http://www.baidu.com/search/spider.html)"
180.76.15.142 - - [03/Mar/2016:00:32:36 -0800] "GET / HTTP/1.1" 200 2578 "-" "Mozilla/5.0 (compatible; Baiduspider/2.0; +http://www.baidu.com/search/spider.html)"
97.93.189.253 - - [03/Mar/2016:00:34:38 -0800] "GET /images/wsis-logo-sm.png HTTP/1.1" 200 6108 "http://www.thebackcountry.net/" "Mozilla/5.0 (Linux; Android 4.4.2; VS415PP Build/KOT49I.VS415PP2) AppleWebKit/537.36 (KHTML, like Gecko) Chrome/48.0.2564.95 Mobile Safari/537.36"
66.249.75.8 - - [03/Mar/2016:00:35:44 -0800] "GET /lib/reccapi.php?resort=holimont&date=2016-02-13 HTTP/1.1" 200 1085 "http://whereshouldiski.com/" "Mozilla/5.0 (compatible; Googlebot/2.1; +http://www.google.com/bot.html)"
66.249.75.121 - - [03/Mar/2016:00:35:46 -0800] "GET /lib/resortDataSearchD3.php?size=7&sortDate=T&resort=holimont&dateStart=2016-02-11 HTTP/1.1" 200 874 "http://whereshouldiski.com/" "Mozilla/5.0 (compatible; Googlebot/2.1; +http://www.google.com/bot.html)"
66.249.75.121 - - [03/Mar/2016:00:35:46 -0800] "GET /lib/reccapi.php?fields=t&date=2016-02-13&coords=42.2732%2C-78.6888&size=7&sort=distance HTTP/1.1" 200 1302 "http://whereshouldiski.com/" "Mozilla/5.0 (compatible; Googlebot/2.1; +http://www.google.com/bot.html)"
76.126.213.69 - - [03/Mar/2016:00:38:09 -0800] "GET /images/wsis-logo-sm.png HTTP/1.1" 200 6108 "http://www.thebackcountry.net/" "Mozilla/5.0 (iPhone; CPU iPhone OS 9_1 like Mac OS X) AppleWebKit/601.1.46 (KHTML, like Gecko) Version/9.0 Mobile/13B143 Safari/601.1"
207.46.13.98 - - [03/Mar/2016:00:52:22 -0800] "GET / HTTP/1.1" 200 2615 "-" "Mozilla/5.0 (compatible; bingbot/2.0; +http://www.bing.com/bingbot.htm)"
54.166.171.183 - - [03/Mar/2016:00:54:12 -0800] "GET /images/wsis-logo-sm.png HTTP/1.1" 200 6108 "http://www.thebackcountry.net/" "Mozilla/5.0 (Windows NT 5.1; rv:17.0) Gecko/20100101 Firefox/17.0"
54.166.171.183 - - [03/Mar/2016:00:54:21 -0800] "GET /images/wsis-logo-sm.png HTTP/1.1" 200 6108 "http://www.thebackcountry.net/" "Mozilla/5.0 (Windows NT 5.1; rv:17.0) Gecko/20100101 Firefox/17.0"
170.75.162.130 - - [03/Mar/2016:00:57:14 -0800] "GET /lib/reccapi.php?resort=aspenmountain HTTP/1.1" 200 973 "-" "node-superagent/1.4.0"
185.25.151.159 - - [03/Mar/2016:00:58:37 -0800] "GET http://testp1.piwo.pila.pl/testproxy.php HTTP/1.1" 404 448 "-" "Mozilla/5.0 (Windows NT 5.1; rv:32.0) Gecko/20100101 Firefox/31.0"
170.75.162.130 - - [03/Mar/2016:01:12:06 -0800] "GET /lib/reccapi.php?resort=alta HTTP/1.1" 200 950 "-" "node-superagent/1.4.0"
52.33.40.213 - - [03/Mar/2016:01:19:30 -0800] "GET /lib/reccapi.php?resort=smugglersnotch HTTP/1.1" 200 992 "-" "node-superagent/1.4.0"
180.76.15.27 - - [03/Mar/2016:01:30:24 -0800] "GET / HTTP/1.1" 200 6995 "-" "Mozilla/5.0 (compatible; Baiduspider/2.0; +http://www.baidu.com/search/spider.html)"
180.76.15.17 - - [03/Mar/2016:01:31:17 -0800] "GET / HTTP/1.1" 200 6995 "-" "Mozilla/5.0 (compatible; Baiduspider/2.0; +http://www.baidu.com/search/spider.html)"
52.33.40.213 - - [03/Mar/2016:01:31:31 -0800] "GET /lib/reccapi.php?resort=buttermilk HTTP/1.1" 200 986 "-" "node-superagent/1.4.0"
66.249.75.121 - - [03/Mar/2016:01:39:47 -0800] "GET /lib/reccapi.php?resort=huntermountain&date=2016-02-11 HTTP/1.1" 200 1085 "http://whereshouldiski.com/" "Mozilla/5.0 (compatible; Googlebot/2.1; +http://www.google.com/bot.html)"
66.249.75.8 - - [03/Mar/2016:01:39:49 -0800] "GET /lib/reccapi.php?fields=t&date=2016-02-11&coords=42.2003%2C-74.2303&size=7&sort=distance HTTP/1.1" 200 1324 "http://whereshouldiski.com/" "Mozilla/5.0 (compatible; Googlebot/2.1; +http://www.google.com/bot.html)"
66.249.75.121 - - [03/Mar/2016:01:39:49 -0800] "GET /lib/resortDataSearchD3.php?size=7&sortDate=T&resort=huntermountain&dateStart=2016-02-09 HTTP/1.1" 200 865 "http://whereshouldiski.com/" "Mozilla/5.0 (compatible; Googlebot/2.1; +http://www.google.com/bot.html)"
69.30.211.2 - - [03/Mar/2016:01:49:50 -0800] "GET /robots.txt HTTP/1.0" 200 338 "-" "Mozilla/5.0 (compatible; MJ12bot/v1.4.5; http://www.majestic12.co.uk/bot.php?+)"
69.30.211.2 - - [03/Mar/2016:01:49:52 -0800] "GET /robots.txt HTTP/1.0" 200 338 "-" "Mozilla/5.0 (compatible; MJ12bot/v1.4.5; http://www.majestic12.co.uk/bot.php?+)"
69.30.211.2 - - [03/Mar/2016:01:49:53 -0800] "GET /robots.txt HTTP/1.0" 200 338 "-" "Mozilla/5.0 (compatible; MJ12bot/v1.4.5; http://www.majestic12.co.uk/bot.php?+)"
69.30.211.2 - - [03/Mar/2016:01:49:55 -0800] "GET /robots.txt HTTP/1.0" 200 338 "-" "Mozilla/5.0 (compatible; MJ12bot/v1.4.5; http://www.majestic12.co.uk/bot.php?+)"
66.249.75.121 - - [03/Mar/2016:01:56:21 -0800] "GET /lib/reccapi.php?resort=huntermountain&date=2016-02-12 HTTP/1.1" 200 1007 "http://whereshouldiski.com/" "Mozilla/5.0 (compatible; Googlebot/2.1; +http://www.google.com/bot.html)"
66.249.75.114 - - [03/Mar/2016:01:56:24 -0800] "GET /lib/reccapi.php?fields=t&date=2016-02-12&coords=42.2003%2C-74.2303&size=7&sort=distance HTTP/1.1" 200 1340 "http://whereshouldiski.com/" "Mozilla/5.0 (compatible; Googlebot/2.1; +http://www.google.com/bot.html)"
66.249.75.114 - - [03/Mar/2016:01:56:24 -0800] "GET /lib/resortDataSearchD3.php?size=7&sortDate=T&resort=huntermountain&dateStart=2016-02-10 HTTP/1.1" 200 864 "http://whereshouldiski.com/" "Mozilla/5.0 (compatible; Googlebot/2.1; +http://www.google.com/bot.html)"
170.75.162.130 - - [03/Mar/2016:02:00:13 -0800] "GET /lib/reccapi.php?resort=stevenspass HTTP/1.1" 200 1078 "-" "node-superagent/1.4.0"
66.249.75.8 - - [03/Mar/2016:02:02:45 -0800] "GET /lib/reccapi.php?resort=hurricaneridge&date=2016-03-05 HTTP/1.1" 200 1054 "http://whereshouldiski.com/" "Mozilla/5.0 (compatible; Googlebot/2.1; +http://www.google.com/bot.html)"
66.249.75.121 - - [03/Mar/2016:02:02:47 -0800] "GET /lib/reccapi.php?fields=t&date=2016-03-05&coords=47.97%2C-123.51&size=7&sort=distance HTTP/1.1" 200 1396 "http://whereshouldiski.com/" "Mozilla/5.0 (compatible; Googlebot/2.1; +http://www.google.com/bot.html)"
66.249.75.8 - - [03/Mar/2016:02:02:47 -0800] "GET /lib/resortDataSearchD3.php?size=7&sortDate=T&resort=hurricaneridge&dateStart=2016-03-03 HTTP/1.1" 200 690 "http://whereshouldiski.com/" "Mozilla/5.0 (compatible; Googlebot/2.1; +http://www.google.com/bot.html)"
170.75.162.130 - - [03/Mar/2016:02:10:24 -0800] "GET /lib/reccapi.php?resort=49degreesnorth HTTP/1.1" 200 1094 "-" "node-superagent/1.4.0"
66.249.75.114 - - [03/Mar/2016:02:20:45 -0800] "GET /lib/reccapi.php?resort=jacksonhole&date=2016-01-26 HTTP/1.1" 200 1020 "http://whereshouldiski.com/" "Mozilla/5.0 (compatible; Googlebot/2.1; +http://www.google.com/bot.html)"
66.249.75.114 - - [03/Mar/2016:02:20:47 -0800] "GET /lib/reccapi.php?fields=t&date=2016-01-26&coords=43.61%2C-110.86&size=7&sort=distance HTTP/1.1" 200 1379 "http://whereshouldiski.com/" "Mozilla/5.0 (compatible; Googlebot/2.1; +http://www.google.com/bot.html)"
66.249.75.8 - - [03/Mar/2016:02:20:47 -0800] "GET /lib/resortDataSearchD3.php?size=7&sortDate=T&resort=jacksonhole&dateStart=2016-01-24 HTTP/1.1" 200 873 "http://whereshouldiski.com/" "Mozilla/5.0 (compatible; Googlebot/2.1; +http://www.google.com/bot.html)"
180.76.15.163 - - [03/Mar/2016:02:29:54 -0800] "GET / HTTP/1.1" 200 6995 "-" "Mozilla/5.0 (compatible; Baiduspider/2.0; +http://www.baidu.com/search/spider.html)"
170.75.162.130 - - [03/Mar/2016:02:30:16 -0800] "GET /lib/reccapi.php?resort=redlodge HTTP/1.1" 200 1000 "-" "node-superagent/1.4.0"
180.76.15.153 - - [03/Mar/2016:02:30:43 -0800] "GET / HTTP/1.1" 200 6995 "-" "Mozilla/5.0 (compatible; Baiduspider/2.0; +http://www.baidu.com/search/spider.html)"
170.75.162.130 - - [03/Mar/2016:02:31:36 -0800] "GET /lib/reccapi.php?resort=kirkwood HTTP/1.1" 200 1060 "-" "node-superagent/1.4.0"
123.125.71.52 - - [03/Mar/2016:02:36:23 -0800] "-" 408 0 "-" "-"
77.221.171.26 - - [03/Mar/2016:02:36:54 -0800] "GET /lib/reccapi.php?resort=alpinemeadows HTTP/1.1" 200 1064 "-" "node-superagent/1.4.0"
77.221.171.26 - - [03/Mar/2016:02:36:54 -0800] "GET /lib/reccapi.php?resort=arapahoebasin HTTP/1.1" 200 1005 "-" "node-superagent/1.4.0"
77.221.171.26 - - [03/Mar/2016:02:36:54 -0800] "GET /lib/reccapi.php?resort=49degreesnorth HTTP/1.1" 200 1094 "-" "node-superagent/1.4.0"
77.221.171.26 - - [03/Mar/2016:02:36:54 -0800] "GET /lib/reccapi.php?resort=alta HTTP/1.1" 200 950 "-" "node-superagent/1.4.0"
77.221.171.26 - - [03/Mar/2016:02:36:54 -0800] "GET /lib/reccapi.php?resort=alyeska HTTP/1.1" 200 950 "-" "node-superagent/1.4.0"
77.221.171.26 - - [03/Mar/2016:02:36:54 -0800] "GET /lib/reccapi.php?resort=aspenheights HTTP/1.1" 200 989 "-" "node-superagent/1.4.0"
77.221.171.26 - - [03/Mar/2016:02:36:54 -0800] "GET /lib/reccapi.php?resort=angelfire HTTP/1.1" 200 969 "-" "node-superagent/1.4.0"
77.221.171.26 - - [03/Mar/2016:02:36:54 -0800] "GET /lib/reccapi.php?resort=aspenmountain HTTP/1.1" 200 973 "-" "node-superagent/1.4.0"
77.221.171.26 - - [03/Mar/2016:02:36:54 -0800] "GET /lib/reccapi.php?resort=bigsky HTTP/1.1" 200 1056 "-" "node-superagent/1.4.0"
77.221.171.26 - - [03/Mar/2016:02:36:54 -0800] "GET /lib/reccapi.php?resort=bigwhite HTTP/1.1" 200 927 "-" "node-superagent/1.4.0"
77.221.171.26 - - [03/Mar/2016:02:36:54 -0800] "GET /lib/reccapi.php?resort=brianhead HTTP/1.1" 200 991 "-" "node-superagent/1.4.0"
77.221.171.26 - - [03/Mar/2016:02:36:54 -0800] "GET /lib/reccapi.php?resort=brighton HTTP/1.1" 200 960 "-" "node-superagent/1.4.0"
127.0.0.1 - - [03/Mar/2016:02:36:55 -0800] "OPTIONS * HTTP/1.0" 200 126 "-" "Apache/2.2.22 (Ubuntu) (internal dummy connection)"
170.75.162.130 - - [03/Mar/2016:02:49:59 -0800] "GET /lib/reccapi.php?resort=whistlerblackcomb HTTP/1.1" 200 933 "-" "node-superagent/1.4.0"
66.249.75.8 - - [03/Mar/2016:02:53:16 -0800] "GET /lib/reccapi.php?resort=eldora&date=2016-02-24 HTTP/1.1" 200 1015 "http://whereshouldiski.com/" "Mozilla/5.0 (compatible; Googlebot/2.1; +http://www.google.com/bot.html)"
66.249.75.114 - - [03/Mar/2016:02:53:18 -0800] "GET /lib/resortDataSearchD3.php?size=7&sortDate=T&resort=eldora&dateStart=2016-02-22 HTTP/1.1" 200 866 "http://whereshouldiski.com/" "Mozilla/5.0 (compatible; Googlebot/2.1; +http://www.google.com/bot.html)"
66.249.75.8 - - [03/Mar/2016:02:53:18 -0800] "GET /lib/reccapi.php?fields=t&date=2016-02-24&coords=39.94%2C-105.59&size=7&sort=distance HTTP/1.1" 200 1330 "http://whereshouldiski.com/" "Mozilla/5.0 (compatible; Googlebot/2.1; +http://www.google.com/bot.html)"
52.33.40.213 - - [03/Mar/2016:02:57:07 -0800] "GET /lib/reccapi.php?resort=mountspokane HTTP/1.1" 200 1085 "-" "node-superagent/1.4.0"
52.33.40.213 - - [03/Mar/2016:02:57:07 -0800] "GET /lib/reccapi.php?resort=mountbachelor HTTP/1.1" 200 1085 "-" "node-superagent/1.4.0"
52.33.40.213 - - [03/Mar/2016:02:58:17 -0800] "GET /lib/reccapi.php?resort=schweitzer HTTP/1.1" 200 1049 "-" "node-superagent/1.4.0"
52.33.40.213 - - [03/Mar/2016:02:58:27 -0800] "GET /lib/reccapi.php?resort=stevenspass HTTP/1.1" 200 1078 "-" "node-superagent/1.4.0"
42.156.136.24 - - [03/Mar/2016:03:00:28 -0800] "GET / HTTP/1.1" 200 2615 "-" "YisouSpider"
170.75.162.130 - - [03/Mar/2016:03:24:43 -0800] "GET /lib/reccapi.php?resort=killington HTTP/1.1" 200 978 "-" "node-superagent/1.4.0"
180.76.15.150 - - [03/Mar/2016:03:30:59 -0800] "GET / HTTP/1.1" 200 6995 "-" "Mozilla/5.0 (compatible; Baiduspider/2.0; +http://www.baidu.com/search/spider.html)"
68.180.229.34 - - [03/Mar/2016:03:31:36 -0800] "GET /robots.txt HTTP/1.1" 200 319 "-" "Mozilla/5.0 (compatible; Yahoo! Slurp; http://help.yahoo.com/help/us/ysearch/slurp)"
68.180.229.34 - - [03/Mar/2016:03:31:36 -0800] "GET /resorts?resort=aspenheights HTTP/1.1" 404 450 "-" "Mozilla/5.0 (compatible; Yahoo! Slurp; http://help.yahoo.com/help/us/ysearch/slurp)"
180.76.15.19 - - [03/Mar/2016:03:31:52 -0800] "GET / HTTP/1.1" 200 6995 "-" "Mozilla/5.0 (compatible; Baiduspider/2.0; +http://www.baidu.com/search/spider.html)"
52.33.40.213 - - [03/Mar/2016:03:54:41 -0800] "GET /lib/reccapi.php?resort=angelfire HTTP/1.1" 200 969 "-" "node-superagent/1.4.0"
52.33.40.213 - - [03/Mar/2016:03:56:11 -0800] "GET /lib/reccapi.php?resort=crystalmountain HTTP/1.1" 200 1066 "-" "node-superagent/1.4.0"
52.33.40.213 - - [03/Mar/2016:03:56:11 -0800] "GET /lib/reccapi.php?resort=monarch HTTP/1.1" 200 957 "-" "node-superagent/1.4.0"
212.113.47.89 - - [03/Mar/2016:03:58:42 -0800] "GET /robots.txt HTTP/1.0" 200 375 "-" "Mozilla/5.0 (compatible; MJ12bot/v1.4.5; http://www.majestic12.co.uk/bot.php?+)"
212.113.47.89 - - [03/Mar/2016:03:58:43 -0800] "GET /about HTTP/1.1" 404 476 "-" "Mozilla/5.0 (compatible; MJ12bot/v1.4.5; http://www.majestic12.co.uk/bot.php?+)"
52.33.40.213 - - [03/Mar/2016:04:00:41 -0800] "GET /lib/reccapi.php?resort=alyeska HTTP/1.1" 200 950 "-" "node-superagent/1.4.0"
52.33.40.213 - - [03/Mar/2016:04:02:11 -0800] "GET /lib/reccapi.php?resort=whitefacemountain HTTP/1.1" 200 1016 "-" "node-superagent/1.4.0"
173.208.136.114 - - [03/Mar/2016:04:11:56 -0800] "GET /wp-login.php HTTP/1.1" 404 506 "-" "Mozilla/5.0 (Windows NT 6.1; Trident/7.0; rv:11.0) like Gecko"
180.76.15.143 - - [03/Mar/2016:04:34:38 -0800] "GET / HTTP/1.1" 200 6995 "-" "Mozilla/5.0 (compatible; Baiduspider/2.0; +http://www.baidu.com/search/spider.html)"
123.125.71.14 - - [03/Mar/2016:04:35:31 -0800] "-" 408 0 "-" "-"
180.76.15.152 - - [03/Mar/2016:04:35:43 -0800] "GET / HTTP/1.1" 200 6995 "-" "Mozilla/5.0 (compatible; Baiduspider/2.0; +http://www.baidu.com/search/spider.html)"
52.33.40.213 - - [03/Mar/2016:04:55:45 -0800] "GET /lib/reccapi.php?resort=aspenmountain HTTP/1.1" 200 973 "-" "node-superagent/1.4.0"
52.33.40.213 - - [03/Mar/2016:05:05:36 -0800] "GET /lib/reccapi.php?resort=parkcity HTTP/1.1" 200 1007 "-" "node-superagent/1.4.0"
170.75.162.130 - - [03/Mar/2016:05:14:48 -0800] "GET /lib/reccapi.php?resort=monarch HTTP/1.1" 200 1009 "-" "node-superagent/1.4.0"
170.75.162.130 - - [03/Mar/2016:05:16:59 -0800] "GET /lib/reccapi.php?resort=crestedbutte HTTP/1.1" 200 986 "-" "node-superagent/1.4.0"
52.33.40.213 - - [03/Mar/2016:05:21:47 -0800] "GET /lib/reccapi.php?resort=chinapeak HTTP/1.1" 200 980 "-" "node-superagent/1.4.0"
52.33.40.213 - - [03/Mar/2016:05:22:07 -0800] "GET /lib/reccapi.php?resort=mtrose HTTP/1.1" 200 1024 "-" "node-superagent/1.4.0"
52.33.40.213 - - [03/Mar/2016:05:23:17 -0800] "GET /lib/reccapi.php?resort=homewoodmountain HTTP/1.1" 200 1073 "-" "node-superagent/1.4.0"
180.76.15.135 - - [03/Mar/2016:05:28:01 -0800] "GET / HTTP/1.1" 304 173 "-" "Mozilla/5.0 (compatible; Baiduspider/2.0; +http://www.baidu.com/search/spider.html)"
180.76.15.11 - - [03/Mar/2016:05:28:57 -0800] "GET / HTTP/1.1" 200 6995 "-" "Mozilla/5.0 (compatible; Baiduspider/2.0; +http://www.baidu.com/search/spider.html)"
180.76.15.11 - - [03/Mar/2016:05:29:45 -0800] "GET / HTTP/1.1" 200 6995 "-" "Mozilla/5.0 (compatible; Baiduspider/2.0; +http://www.baidu.com/search/spider.html)"
170.75.162.130 - - [03/Mar/2016:05:32:00 -0800] "GET /lib/reccapi.php?resort=hoodoo HTTP/1.1" 200 1086 "-" "node-superagent/1.4.0"
170.75.162.130 - - [03/Mar/2016:05:32:01 -0800] "GET /lib/reccapi.php?resort=mountbachelor HTTP/1.1" 200 1081 "-" "node-superagent/1.4.0"
170.75.162.130 - - [03/Mar/2016:05:32:01 -0800] "GET /lib/reccapi.php?resort=mounthoodmeadows HTTP/1.1" 200 1086 "-" "node-superagent/1.4.0"
66.162.13.119 - - [03/Mar/2016:05:35:04 -0800] "GET /images/wsis-logo-sm.png HTTP/1.1" 200 6108 "http://www.thebackcountry.net/" "Mozilla/5.0 (Windows NT 6.1; WOW64) AppleWebKit/537.36 (KHTML, like Gecko) Chrome/48.0.2564.116 Safari/537.36"
220.181.108.107 - - [03/Mar/2016:05:44:17 -0800] "-" 408 0 "-" "-"
52.33.40.213 - - [03/Mar/2016:05:46:59 -0800] "GET /lib/reccapi.php?resort=redlodge HTTP/1.1" 200 1002 "-" "node-superagent/1.4.0"
98.207.66.75 - - [03/Mar/2016:05:53:35 -0800] "GET /images/wsis-logo-sm.png HTTP/1.1" 200 6108 "http://thebackcountry.net/" "Mozilla/5.0 (iPhone; CPU iPhone OS 9_2_1 like Mac OS X) AppleWebKit/601.1.46 (KHTML, like Gecko) Version/9.0 Mobile/13D15 Safari/601.1"
170.75.162.130 - - [03/Mar/2016:06:00:05 -0800] "GET /lib/reccapi.php?resort=sierra-at-tahoe HTTP/1.1" 200 1064 "-" "node-superagent/1.4.0"
170.75.162.130 - - [03/Mar/2016:06:10:56 -0800] "GET /lib/reccapi.php?resort=solitude HTTP/1.1" 200 946 "-" "node-superagent/1.4.0"
52.33.40.213 - - [03/Mar/2016:06:21:41 -0800] "GET /lib/reccapi.php?resort=bigsky HTTP/1.1" 200 1077 "-" "node-superagent/1.4.0"
52.33.40.213 - - [03/Mar/2016:06:21:51 -0800] "GET /lib/reccapi.php?resort=jaypeak HTTP/1.1" 200 994 "-" "node-superagent/1.4.0"
207.46.13.98 - - [03/Mar/2016:06:25:36 -0800] "GET / HTTP/1.1" 200 2615 "-" "Mozilla/5.0 (compatible; bingbot/2.0; +http://www.bing.com/bingbot.htm)"
62.4.22.54 - - [03/Mar/2016:06:28:48 -0800] "GET / HTTP/1.1" 200 2615 "-" "Stratagems Kumo"
62.4.22.54 - - [03/Mar/2016:06:28:48 -0800] "GET /robots.txt HTTP/1.1" 200 419 "-" "Stratagems Kumo"
180.76.15.150 - - [03/Mar/2016:06:29:22 -0800] "GET / HTTP/1.1" 200 6995 "-" "Mozilla/5.0 (compatible; Baiduspider/2.0; +http://www.baidu.com/search/spider.html)"
170.75.162.130 - - [03/Mar/2016:06:29:58 -0800] "GET /lib/reccapi.php?resort=redmountain HTTP/1.1" 200 917 "-" "node-superagent/1.4.0"
170.75.162.130 - - [03/Mar/2016:06:29:58 -0800] "GET /lib/reccapi.php?resort=bigwhite HTTP/1.1" 200 926 "-" "node-superagent/1.4.0"
170.75.162.130 - - [03/Mar/2016:06:29:58 -0800] "GET /lib/reccapi.php?resort=silverstarmountain HTTP/1.1" 200 942 "-" "node-superagent/1.4.0"
170.75.162.130 - - [03/Mar/2016:06:29:58 -0800] "GET /lib/reccapi.php?resort=sunpeaksresort HTTP/1.1" 200 926 "-" "node-superagent/1.4.0"
