208.115.113.83 - - [12/May/2015:03:52:45 -0700] "GET /resorts?resort=montanasnowbowl&date=2014-06-17 HTTP/1.1" 404 476 "-" "Mozilla/5.0 (compatible; DotBot/1.1; http://www.opensiteexplorer.org/dotbot, help@moz.com)"
208.115.113.83 - - [12/May/2015:03:52:46 -0700] "GET /resorts?resort=mountashland&date=2014-10-09 HTTP/1.1" 404 476 "-" "Mozilla/5.0 (compatible; DotBot/1.1; http://www.opensiteexplorer.org/dotbot, help@moz.com)"
208.115.113.83 - - [12/May/2015:03:52:47 -0700] "GET /resorts?resort=mountbohemia&date=2014-06-14 HTTP/1.1" 404 476 "-" "Mozilla/5.0 (compatible; DotBot/1.1; http://www.opensiteexplorer.org/dotbot, help@moz.com)"
208.115.113.83 - - [12/May/2015:03:52:47 -0700] "GET /resorts?resort=mounthoodmeadows&date=2014-11-13 HTTP/1.1" 404 476 "-" "Mozilla/5.0 (compatible; DotBot/1.1; http://www.opensiteexplorer.org/dotbot, help@moz.com)"
208.115.113.83 - - [12/May/2015:03:52:48 -0700] "GET /resorts?resort=pajaritomountain&date=2014-06-30 HTTP/1.1" 404 476 "-" "Mozilla/5.0 (compatible; DotBot/1.1; http://www.opensiteexplorer.org/dotbot, help@moz.com)"
208.115.113.83 - - [12/May/2015:03:52:49 -0700] "GET /resorts?resort=purgatory&date=2014-10-24 HTTP/1.1" 404 476 "-" "Mozilla/5.0 (compatible; DotBot/1.1; http://www.opensiteexplorer.org/dotbot, help@moz.com)"
208.115.113.83 - - [12/May/2015:03:52:50 -0700] "GET /resorts?resort=schweitzer&date=2014-10-13 HTTP/1.1" 404 476 "-" "Mozilla/5.0 (compatible; DotBot/1.1; http://www.opensiteexplorer.org/dotbot, help@moz.com)"
208.115.113.83 - - [12/May/2015:03:52:51 -0700] "GET /resorts?resort=showdown&date=2014-10-10 HTTP/1.1" 404 476 "-" "Mozilla/5.0 (compatible; DotBot/1.1; http://www.opensiteexplorer.org/dotbot, help@moz.com)"
208.115.113.83 - - [12/May/2015:03:52:52 -0700] "GET /resorts?resort=solitude&date=2014-10-10 HTTP/1.1" 404 476 "-" "Mozilla/5.0 (compatible; DotBot/1.1; http://www.opensiteexplorer.org/dotbot, help@moz.com)"
208.115.113.83 - - [12/May/2015:03:52:52 -0700] "GET /resorts?resort=titusmountain&date=2014-09-29 HTTP/1.1" 404 476 "-" "Mozilla/5.0 (compatible; DotBot/1.1; http://www.opensiteexplorer.org/dotbot, help@moz.com)"
208.115.113.83 - - [12/May/2015:03:52:55 -0700] "GET /resorts?resort=turnermountain&date=2014-10-10 HTTP/1.1" 404 476 "-" "Mozilla/5.0 (compatible; DotBot/1.1; http://www.opensiteexplorer.org/dotbot, help@moz.com)"
208.115.113.83 - - [12/May/2015:03:52:56 -0700] "GET /resorts?resort=whitewater&date=2014-10-17 HTTP/1.1" 404 476 "-" "Mozilla/5.0 (compatible; DotBot/1.1; http://www.opensiteexplorer.org/dotbot, help@moz.com)"
208.115.113.83 - - [12/May/2015:03:52:56 -0700] "GET /resorts?resort=willamettepass&date=2014-10-18 HTTP/1.1" 404 476 "-" "Mozilla/5.0 (compatible; DotBot/1.1; http://www.opensiteexplorer.org/dotbot, help@moz.com)"
123.125.71.58 - - [12/May/2015:03:54:57 -0700] "-" 408 0 "-" "-"
170.75.162.130 - - [12/May/2015:03:58:24 -0700] "GET /lib/reccapi.php?resort=heavenly HTTP/1.1" 200 998 "-" "node-superagent/0.18.2"
180.76.4.161 - - [12/May/2015:03:59:25 -0700] "GET / HTTP/1.1" 200 6114 "-" "Mozilla/4.0 (compatible; MSIE 7.0; Windows NT 6.0)"
220.181.108.122 - - [12/May/2015:04:00:55 -0700] "-" 408 0 "-" "-"
208.115.111.66 - - [12/May/2015:04:06:42 -0700] "GET /robots.txt HTTP/1.1" 200 319 "-" "Mozilla/5.0 (compatible; DotBot/1.1; http://www.opensiteexplorer.org/dotbot, help@moz.com)"
170.75.162.130 - - [12/May/2015:04:17:26 -0700] "GET /lib/reccapi.php?resort=kirkwood HTTP/1.1" 200 1051 "-" "node-superagent/0.18.2"
170.75.162.130 - - [12/May/2015:04:21:56 -0700] "GET /lib/reccapi.php?resort=49degreesnorth HTTP/1.1" 200 1103 "-" "node-superagent/0.18.2"
170.75.162.130 - - [12/May/2015:04:38:07 -0700] "GET /lib/reccapi.php?resort=whistlerblackcomb HTTP/1.1" 200 919 "-" "node-superagent/0.18.2"
136.243.5.219 - - [12/May/2015:04:38:39 -0700] "GET /robots.txt HTTP/1.0" 200 338 "-" "Mozilla/5.0 (compatible; MJ12bot/v1.4.5; http://www.majestic12.co.uk/bot.php?+)"
136.243.5.219 - - [12/May/2015:04:38:55 -0700] "GET /resorts?resort=monarch HTTP/1.0" 404 495 "-" "Mozilla/5.0 (compatible; MJ12bot/v1.4.5; http://www.majestic12.co.uk/bot.php?+)"
136.243.5.219 - - [12/May/2015:04:39:06 -0700] "GET /resorts?resort=mountbachelor HTTP/1.0" 404 469 "-" "Mozilla/5.0 (compatible; MJ12bot/v1.4.5; http://www.majestic12.co.uk/bot.php?+)"
136.243.5.219 - - [12/May/2015:04:39:21 -0700] "GET /resorts?resort=mounthoodmeadows HTTP/1.0" 404 469 "-" "Mozilla/5.0 (compatible; MJ12bot/v1.4.5; http://www.majestic12.co.uk/bot.php?+)"
136.243.5.219 - - [12/May/2015:04:39:28 -0700] "GET /resorts?resort=redmountain HTTP/1.0" 404 469 "-" "Mozilla/5.0 (compatible; MJ12bot/v1.4.5; http://www.majestic12.co.uk/bot.php?+)"
136.243.5.219 - - [12/May/2015:04:39:34 -0700] "GET /resorts?resort=silverstarmountain HTTP/1.0" 404 469 "-" "Mozilla/5.0 (compatible; MJ12bot/v1.4.5; http://www.majestic12.co.uk/bot.php?+)"
136.243.5.219 - - [12/May/2015:04:40:23 -0700] "GET /resorts?resort=snowmass HTTP/1.0" 404 469 "-" "Mozilla/5.0 (compatible; MJ12bot/v1.4.5; http://www.majestic12.co.uk/bot.php?+)"
136.243.5.219 - - [12/May/2015:04:40:30 -0700] "GET /resorts?resort=stevenspass HTTP/1.0" 404 469 "-" "Mozilla/5.0 (compatible; MJ12bot/v1.4.5; http://www.majestic12.co.uk/bot.php?+)"
136.243.5.219 - - [12/May/2015:04:40:38 -0700] "GET /resorts?resort=stowe HTTP/1.0" 404 469 "-" "Mozilla/5.0 (compatible; MJ12bot/v1.4.5; http://www.majestic12.co.uk/bot.php?+)"
136.243.5.219 - - [12/May/2015:04:40:42 -0700] "GET /resorts?resort=sundayriver HTTP/1.0" 404 469 "-" "Mozilla/5.0 (compatible; MJ12bot/v1.4.5; http://www.majestic12.co.uk/bot.php?+)"
136.243.5.219 - - [12/May/2015:04:40:57 -0700] "GET /resorts?resort=sunvalley HTTP/1.0" 404 469 "-" "Mozilla/5.0 (compatible; MJ12bot/v1.4.5; http://www.majestic12.co.uk/bot.php?+)"
136.243.5.219 - - [12/May/2015:04:41:02 -0700] "GET /resorts?resort=taos HTTP/1.0" 404 469 "-" "Mozilla/5.0 (compatible; MJ12bot/v1.4.5; http://www.majestic12.co.uk/bot.php?+)"
136.243.5.219 - - [12/May/2015:04:41:07 -0700] "GET /resorts?resort=wildcatmountain HTTP/1.0" 404 469 "-" "Mozilla/5.0 (compatible; MJ12bot/v1.4.5; http://www.majestic12.co.uk/bot.php?+)"
136.243.5.219 - - [12/May/2015:04:41:56 -0700] "GET /resorts?resort=winterpark HTTP/1.0" 404 469 "-" "Mozilla/5.0 (compatible; MJ12bot/v1.4.5; http://www.majestic12.co.uk/bot.php?+)"
112.64.235.251 - - [12/May/2015:04:42:05 -0700] "GET / HTTP/1.1" 200 6114 "-" "Mozilla/5.0 (Linux; U; Android 4.4.2; zh-cn; GT-I9500 Build/KOT49H) AppleWebKit/537.36 (KHTML, like Gecko)Version/4.0 MQQBrowser/5.0 QQ-Manager Mobile Safari/537.36"
170.75.162.130 - - [12/May/2015:04:44:38 -0700] "GET /lib/reccapi.php?resort=stevenspass HTTP/1.1" 200 974 "-" "node-superagent/0.18.2"
170.75.162.130 - - [12/May/2015:04:44:38 -0700] "GET /lib/reccapi.php?resort=bigwhite HTTP/1.1" 200 912 "-" "node-superagent/0.18.2"
170.75.162.130 - - [12/May/2015:04:44:38 -0700] "GET /lib/reccapi.php?resort=redmountain HTTP/1.1" 200 900 "-" "node-superagent/0.18.2"
170.75.162.130 - - [12/May/2015:04:45:28 -0700] "GET /lib/reccapi.php?resort=taos HTTP/1.1" 200 997 "-" "node-superagent/0.18.2"
123.125.71.104 - - [12/May/2015:05:01:03 -0700] "-" 408 0 "-" "-"
170.75.162.130 - - [12/May/2015:05:01:19 -0700] "GET /lib/reccapi.php?resort=killington HTTP/1.1" 200 1047 "-" "node-superagent/0.18.2"
112.64.235.251 - - [12/May/2015:05:01:28 -0700] "GET /scripts/scripts/vendor/modernizr.js HTTP/1.1" 200 11398 "http://whereshouldiski.com/scripts/scripts/vendor/modernizr.js" "Mozilla/5.0 (Linux; U; Android 4.4.2; zh-cn; GT-I9500 Build/KOT49H) AppleWebKit/537.36 (KHTML, like Gecko)Version/4.0 MQQBrowser/5.0 QQ-Manager Mobile Safari/537.36"
112.64.235.251 - - [12/May/2015:05:01:28 -0700] "GET /bower_components/requirejs/require.js HTTP/1.1" 200 17147 "http://whereshouldiski.com/bower_components/requirejs/require.js" "Mozilla/5.0 (Linux; U; Android 4.4.2; zh-cn; GT-I9500 Build/KOT49H) AppleWebKit/537.36 (KHTML, like Gecko)Version/4.0 MQQBrowser/5.0 QQ-Manager Mobile Safari/537.36"
220.181.108.162 - - [12/May/2015:05:05:45 -0700] "-" 408 0 "-" "-"
74.136.84.228 - - [12/May/2015:05:10:45 -0700] "GET /images/wsis-logo-sm.png HTTP/1.1" 200 6108 "http://thebackcountry.net/" "Mozilla/5.0 (Macintosh; Intel Mac OS X 10_10_3) AppleWebKit/537.36 (KHTML, like Gecko) Chrome/42.0.2311.135 Safari/537.36"
170.75.162.130 - - [12/May/2015:05:13:20 -0700] "GET /lib/reccapi.php?resort=devilshead HTTP/1.1" 200 988 "-" "node-superagent/0.18.2"
100.43.91.4 - - [12/May/2015:05:19:30 -0700] "GET /resorts?resort=brighton HTTP/1.1" 404 506 "-" "Mozilla/5.0 (compatible; YandexBot/3.0; +http://yandex.com/bots)"
208.115.111.66 - - [12/May/2015:05:22:52 -0700] "GET /resorts?resort=homewoodmountain&date=2014-11-07 HTTP/1.1" 404 476 "-" "Mozilla/5.0 (compatible; DotBot/1.1; http://www.opensiteexplorer.org/dotbot, help@moz.com)"
208.115.111.66 - - [12/May/2015:05:22:57 -0700] "GET /resorts?resort=grandtarghee&date=2014-11-12 HTTP/1.1" 404 476 "-" "Mozilla/5.0 (compatible; DotBot/1.1; http://www.opensiteexplorer.org/dotbot, help@moz.com)"
208.115.111.66 - - [12/May/2015:05:22:59 -0700] "GET /resorts?resort=snowbasin&date=2014-10-24 HTTP/1.1" 404 476 "-" "Mozilla/5.0 (compatible; DotBot/1.1; http://www.opensiteexplorer.org/dotbot, help@moz.com)"
208.115.111.66 - - [12/May/2015:05:23:02 -0700] "GET /resorts?resort=keystone&date=2014-10-31 HTTP/1.1" 404 476 "-" "Mozilla/5.0 (compatible; DotBot/1.1; http://www.opensiteexplorer.org/dotbot, help@moz.com)"
208.115.111.66 - - [12/May/2015:05:23:04 -0700] "GET /resorts?resort=snowbasin&date=2014-11-14 HTTP/1.1" 404 476 "-" "Mozilla/5.0 (compatible; DotBot/1.1; http://www.opensiteexplorer.org/dotbot, help@moz.com)"
170.75.162.130 - - [12/May/2015:05:27:12 -0700] "GET /lib/reccapi.php?resort=mtrose HTTP/1.1" 200 993 "-" "node-superagent/0.18.2"
170.75.162.130 - - [12/May/2015:05:45:23 -0700] "GET /lib/reccapi.php?resort=brianhead HTTP/1.1" 200 1031 "-" "node-superagent/0.18.2"
170.75.162.130 - - [12/May/2015:05:45:24 -0700] "GET /lib/reccapi.php?resort=brighton HTTP/1.1" 200 1023 "-" "node-superagent/0.18.2"
208.115.111.66 - - [12/May/2015:05:49:45 -0700] "GET /resorts?resort=ferniealpine&date=2014-06-14 HTTP/1.1" 404 476 "-" "Mozilla/5.0 (compatible; DotBot/1.1; http://www.opensiteexplorer.org/dotbot, help@moz.com)"
208.115.111.66 - - [12/May/2015:05:49:45 -0700] "GET /resorts?resort=ferniealpine&date=2014-10-22 HTTP/1.1" 404 476 "-" "Mozilla/5.0 (compatible; DotBot/1.1; http://www.opensiteexplorer.org/dotbot, help@moz.com)"
208.115.111.66 - - [12/May/2015:05:49:46 -0700] "GET /resorts?resort=gore&date=2014-10-01 HTTP/1.1" 404 476 "-" "Mozilla/5.0 (compatible; DotBot/1.1; http://www.opensiteexplorer.org/dotbot, help@moz.com)"
208.115.111.66 - - [12/May/2015:05:49:47 -0700] "GET /resorts?resort=greekpeak&date=2014-10-06 HTTP/1.1" 404 476 "-" "Mozilla/5.0 (compatible; DotBot/1.1; http://www.opensiteexplorer.org/dotbot, help@moz.com)"
208.115.111.66 - - [12/May/2015:05:49:47 -0700] "GET /resorts?resort=hyland&date=2014-10-10 HTTP/1.1" 404 476 "-" "Mozilla/5.0 (compatible; DotBot/1.1; http://www.opensiteexplorer.org/dotbot, help@moz.com)"
208.115.111.66 - - [12/May/2015:05:49:50 -0700] "GET /resorts?resort=jaypeak&date=2014-10-11 HTTP/1.1" 404 476 "-" "Mozilla/5.0 (compatible; DotBot/1.1; http://www.opensiteexplorer.org/dotbot, help@moz.com)"
208.115.111.66 - - [12/May/2015:05:49:59 -0700] "GET /resorts?resort=killington&date=2014-10-24 HTTP/1.1" 404 476 "-" "Mozilla/5.0 (compatible; DotBot/1.1; http://www.opensiteexplorer.org/dotbot, help@moz.com)"
208.115.111.66 - - [12/May/2015:05:49:59 -0700] "GET /resorts?resort=lookoutpass&date=2014-10-14 HTTP/1.1" 404 476 "-" "Mozilla/5.0 (compatible; DotBot/1.1; http://www.opensiteexplorer.org/dotbot, help@moz.com)"
208.115.111.66 - - [12/May/2015:05:50:00 -0700] "GET /resorts?resort=mountainhigh&date=2014-10-23 HTTP/1.1" 404 476 "-" "Mozilla/5.0 (compatible; DotBot/1.1; http://www.opensiteexplorer.org/dotbot, help@moz.com)"
208.115.111.66 - - [12/May/2015:05:50:01 -0700] "GET /resorts?resort=mountbaker&date=2014-10-05 HTTP/1.1" 404 476 "-" "Mozilla/5.0 (compatible; DotBot/1.1; http://www.opensiteexplorer.org/dotbot, help@moz.com)"
208.115.111.66 - - [12/May/2015:05:50:01 -0700] "GET /resorts?resort=mtlemmonskivalley&date=2014-06-06 HTTP/1.1" 404 476 "-" "Mozilla/5.0 (compatible; DotBot/1.1; http://www.opensiteexplorer.org/dotbot, help@moz.com)"
208.115.111.66 - - [12/May/2015:05:50:02 -0700] "GET /resorts?resort=pebblecreek&date=2014-06-05 HTTP/1.1" 404 476 "-" "Mozilla/5.0 (compatible; DotBot/1.1; http://www.opensiteexplorer.org/dotbot, help@moz.com)"
208.115.111.66 - - [12/May/2015:05:50:03 -0700] "GET /resorts?resort=redriver&date=2014-10-07 HTTP/1.1" 404 476 "-" "Mozilla/5.0 (compatible; DotBot/1.1; http://www.opensiteexplorer.org/dotbot, help@moz.com)"
208.115.111.66 - - [12/May/2015:05:50:04 -0700] "GET /resorts?resort=schweitzer&date=2014-11-10 HTTP/1.1" 404 476 "-" "Mozilla/5.0 (compatible; DotBot/1.1; http://www.opensiteexplorer.org/dotbot, help@moz.com)"
208.115.111.66 - - [12/May/2015:05:50:05 -0700] "GET /resorts?resort=skicooper&date=2014-11-04 HTTP/1.1" 404 476 "-" "Mozilla/5.0 (compatible; DotBot/1.1; http://www.opensiteexplorer.org/dotbot, help@moz.com)"
208.115.111.66 - - [12/May/2015:05:50:06 -0700] "GET /resorts?resort=sleepinggiant&date=2014-07-02 HTTP/1.1" 404 476 "-" "Mozilla/5.0 (compatible; DotBot/1.1; http://www.opensiteexplorer.org/dotbot, help@moz.com)"
208.115.111.66 - - [12/May/2015:05:50:07 -0700] "GET /resorts?resort=sundance&date=2014-10-05 HTTP/1.1" 404 476 "-" "Mozilla/5.0 (compatible; DotBot/1.1; http://www.opensiteexplorer.org/dotbot, help@moz.com)"
208.115.111.66 - - [12/May/2015:05:50:08 -0700] "GET /resorts?resort=sunlight&date=2014-11-02 HTTP/1.1" 404 476 "-" "Mozilla/5.0 (compatible; DotBot/1.1; http://www.opensiteexplorer.org/dotbot, help@moz.com)"
208.115.111.66 - - [12/May/2015:05:50:08 -0700] "GET /resorts?resort=arapahoebasin&date=2014-06-07 HTTP/1.1" 404 476 "-" "Mozilla/5.0 (compatible; DotBot/1.1; http://www.opensiteexplorer.org/dotbot, help@moz.com)"
208.115.111.66 - - [12/May/2015:05:50:09 -0700] "GET /resorts?resort=cascademountain&date=2014-06-30 HTTP/1.1" 404 476 "-" "Mozilla/5.0 (compatible; DotBot/1.1; http://www.opensiteexplorer.org/dotbot, help@moz.com)"
208.115.111.66 - - [12/May/2015:05:50:10 -0700] "GET /resorts?resort=cascademountain&date=2014-10-18 HTTP/1.1" 404 476 "-" "Mozilla/5.0 (compatible; DotBot/1.1; http://www.opensiteexplorer.org/dotbot, help@moz.com)"
180.76.4.161 - - [12/May/2015:05:53:46 -0700] "GET / HTTP/1.1" 200 6114 "-" "Mozilla/4.0 (compatible; MSIE 7.0; Windows NT 6.0)"
170.75.162.130 - - [12/May/2015:06:02:45 -0700] "GET /lib/reccapi.php?resort=stowe HTTP/1.1" 200 1055 "-" "node-superagent/0.18.2"
170.75.162.130 - - [12/May/2015:06:03:05 -0700] "GET /lib/reccapi.php?resort=mounthoodmeadows HTTP/1.1" 200 1055 "-" "node-superagent/0.18.2"
170.75.162.130 - - [12/May/2015:06:03:15 -0700] "GET /lib/reccapi.php?resort=coppermountain HTTP/1.1" 200 1051 "-" "node-superagent/0.18.2"
170.75.162.130 - - [12/May/2015:06:03:35 -0700] "GET /lib/reccapi.php?resort=arapahoebasin HTTP/1.1" 200 1060 "-" "node-superagent/0.18.2"
170.75.162.130 - - [12/May/2015:06:03:55 -0700] "GET /lib/reccapi.php?resort=mountainhigh HTTP/1.1" 200 995 "-" "node-superagent/0.18.2"
170.75.162.130 - - [12/May/2015:06:04:55 -0700] "GET /lib/reccapi.php?resort=loveland HTTP/1.1" 200 1039 "-" "node-superagent/0.18.2"
170.75.162.130 - - [12/May/2015:06:06:15 -0700] "GET /lib/reccapi.php?resort=mountbachelor HTTP/1.1" 200 1064 "-" "node-superagent/0.18.2"
170.75.162.130 - - [12/May/2015:06:06:35 -0700] "GET /lib/reccapi.php?resort=buttermilk HTTP/1.1" 200 1026 "-" "node-superagent/0.18.2"
170.75.162.130 - - [12/May/2015:06:06:55 -0700] "GET /lib/reccapi.php?resort=schweitzer HTTP/1.1" 200 1047 "-" "node-superagent/0.18.2"
66.249.79.14 - - [12/May/2015:06:07:24 -0700] "GET /robots.txt HTTP/1.1" 200 419 "-" "Mozilla/5.0 (compatible; Googlebot/2.1; +http://www.google.com/bot.html)"
66.249.79.1 - - [12/May/2015:06:07:25 -0700] "GET /resorts?resort=stevenspass HTTP/1.1" 404 506 "-" "Mozilla/5.0 (compatible; Googlebot/2.1; +http://www.google.com/bot.html)"
66.249.79.250 - - [12/May/2015:06:07:26 -0700] "GET /resorts?resort=heavenly HTTP/1.1" 404 506 "-" "Mozilla/5.0 (compatible; Googlebot/2.1; +http://www.google.com/bot.html)"
66.249.79.14 - - [12/May/2015:06:07:26 -0700] "GET /resorts?resort=schweitzer HTTP/1.1" 404 505 "-" "Mozilla/5.0 (compatible; Googlebot/2.1; +http://www.google.com/bot.html)"
66.249.79.1 - - [12/May/2015:06:07:27 -0700] "GET /resorts?resort=homewoodmountain HTTP/1.1" 404 505 "-" "Mozilla/5.0 (compatible; Googlebot/2.1; +http://www.google.com/bot.html)"
66.249.79.14 - - [12/May/2015:06:07:27 -0700] "GET /resorts?resort=bigwhite HTTP/1.1" 404 505 "-" "Mozilla/5.0 (compatible; Googlebot/2.1; +http://www.google.com/bot.html)"
66.249.79.250 - - [12/May/2015:06:07:28 -0700] "GET /resorts?resort=loveland HTTP/1.1" 404 505 "-" "Mozilla/5.0 (compatible; Googlebot/2.1; +http://www.google.com/bot.html)"
66.249.79.250 - - [12/May/2015:06:07:28 -0700] "GET /resorts?resort=mountainhigh HTTP/1.1" 404 505 "-" "Mozilla/5.0 (compatible; Googlebot/2.1; +http://www.google.com/bot.html)"
66.249.79.14 - - [12/May/2015:06:07:29 -0700] "GET /resorts?resort=coppermountain HTTP/1.1" 404 505 "-" "Mozilla/5.0 (compatible; Googlebot/2.1; +http://www.google.com/bot.html)"
66.249.79.1 - - [12/May/2015:06:07:30 -0700] "GET /resorts?resort=stowe HTTP/1.1" 404 505 "-" "Mozilla/5.0 (compatible; Googlebot/2.1; +http://www.google.com/bot.html)"
66.249.79.14 - - [12/May/2015:06:07:30 -0700] "GET /resorts?resort=mounthoodmeadows HTTP/1.1" 404 505 "-" "Mozilla/5.0 (compatible; Googlebot/2.1; +http://www.google.com/bot.html)"
66.249.79.250 - - [12/May/2015:06:07:31 -0700] "GET /resorts?resort=arapahoebasin HTTP/1.1" 404 505 "-" "Mozilla/5.0 (compatible; Googlebot/2.1; +http://www.google.com/bot.html)"
66.249.79.1 - - [12/May/2015:06:07:36 -0700] "GET /resorts?resort=buttermilk HTTP/1.1" 404 506 "-" "Mozilla/5.0 (compatible; Googlebot/2.1; +http://www.google.com/bot.html)"
66.249.79.1 - - [12/May/2015:06:07:36 -0700] "GET /resorts?resort=mountbachelor HTTP/1.1" 404 505 "-" "Mozilla/5.0 (compatible; Googlebot/2.1; +http://www.google.com/bot.html)"
208.115.113.83 - - [12/May/2015:06:07:50 -0700] "GET /robots.txt HTTP/1.1" 200 319 "-" "Mozilla/5.0 (compatible; DotBot/1.1; http://www.opensiteexplorer.org/dotbot, help@moz.com)"
170.75.162.130 - - [12/May/2015:06:15:56 -0700] "GET /lib/reccapi.php?resort=telluride HTTP/1.1" 200 1025 "-" "node-superagent/0.18.2"
170.75.162.130 - - [12/May/2015:06:54:19 -0700] "GET /lib/reccapi.php?resort=snowmass HTTP/1.1" 200 1030 "-" "node-superagent/0.18.2"
170.75.162.130 - - [12/May/2015:06:56:29 -0700] "GET /lib/reccapi.php?resort=sunvalley HTTP/1.1" 200 1094 "-" "node-superagent/0.18.2"
170.75.162.130 - - [12/May/2015:06:58:10 -0700] "GET /lib/reccapi.php?resort=wildcatmountain HTTP/1.1" 200 1110 "-" "node-superagent/0.18.2"
170.75.162.130 - - [12/May/2015:06:59:20 -0700] "GET /lib/reccapi.php?resort=chinapeak HTTP/1.1" 200 1019 "-" "node-superagent/0.18.2"
170.75.162.130 - - [12/May/2015:07:01:20 -0700] "GET /lib/reccapi.php?resort=alta HTTP/1.1" 200 1015 "-" "node-superagent/0.18.2"
170.75.162.130 - - [12/May/2015:07:01:20 -0700] "GET /lib/reccapi.php?resort=parkcity HTTP/1.1" 200 1030 "-" "node-superagent/0.18.2"
170.75.162.130 - - [12/May/2015:07:01:20 -0700] "GET /lib/reccapi.php?resort=snowbasin HTTP/1.1" 200 1021 "-" "node-superagent/0.18.2"
170.75.162.130 - - [12/May/2015:07:01:20 -0700] "GET /lib/reccapi.php?resort=snowbird HTTP/1.1" 200 1024 "-" "node-superagent/0.18.2"
170.75.162.130 - - [12/May/2015:07:01:20 -0700] "GET /lib/reccapi.php?resort=solitude HTTP/1.1" 200 1015 "-" "node-superagent/0.18.2"
123.125.71.82 - - [12/May/2015:07:12:45 -0700] "-" 408 0 "-" "-"
220.181.108.108 - - [12/May/2015:07:17:44 -0700] "-" 408 0 "-" "-"
172.3.78.218 - - [12/May/2015:07:20:56 -0700] "GET /images/wsis-logo-sm.png HTTP/1.1" 200 6108 "http://www.thebackcountry.net/" "Mozilla/5.0 (Windows NT 6.3; WOW64; Trident/7.0; Touch; TNJB; rv:11.0) like Gecko"
172.3.78.218 - - [12/May/2015:07:21:17 -0700] "-" 408 0 "-" "-"
172.3.78.218 - - [12/May/2015:07:22:37 -0700] "-" 408 0 "-" "-"
208.115.113.83 - - [12/May/2015:07:22:42 -0700] "GET /resorts?resort=sleepinggiant&date=2014-06-24 HTTP/1.1" 404 476 "-" "Mozilla/5.0 (compatible; DotBot/1.1; http://www.opensiteexplorer.org/dotbot, help@moz.com)"
208.115.113.83 - - [12/May/2015:07:22:47 -0700] "GET /resorts?resort=whistlerblackcomb&date=2014-10-25 HTTP/1.1" 404 476 "-" "Mozilla/5.0 (compatible; DotBot/1.1; http://www.opensiteexplorer.org/dotbot, help@moz.com)"
208.115.113.83 - - [12/May/2015:07:22:49 -0700] "GET /resorts?resort=redmountain&date=2014-11-07 HTTP/1.1" 404 476 "-" "Mozilla/5.0 (compatible; DotBot/1.1; http://www.opensiteexplorer.org/dotbot, help@moz.com)"
208.115.113.83 - - [12/May/2015:07:22:51 -0700] "GET /resorts?resort=sugarbowl&date=2014-11-03 HTTP/1.1" 404 476 "-" "Mozilla/5.0 (compatible; DotBot/1.1; http://www.opensiteexplorer.org/dotbot, help@moz.com)"
208.115.113.83 - - [12/May/2015:07:22:54 -0700] "GET /resorts?resort=grandtarghee&date=2014-06-10 HTTP/1.1" 404 476 "-" "Mozilla/5.0 (compatible; DotBot/1.1; http://www.opensiteexplorer.org/dotbot, help@moz.com)"
208.115.113.83 - - [12/May/2015:07:22:56 -0700] "GET /resorts?resort=mammothmountain&date=2014-06-29 HTTP/1.1" 404 476 "-" "Mozilla/5.0 (compatible; DotBot/1.1; http://www.opensiteexplorer.org/dotbot, help@moz.com)"
208.115.113.83 - - [12/May/2015:07:22:58 -0700] "GET /resorts?resort=canyons&date=2014-10-19 HTTP/1.1" 404 476 "-" "Mozilla/5.0 (compatible; DotBot/1.1; http://www.opensiteexplorer.org/dotbot, help@moz.com)"
123.125.71.114 - - [12/May/2015:07:41:15 -0700] "-" 408 0 "-" "-"
220.181.108.111 - - [12/May/2015:07:46:18 -0700] "-" 408 0 "-" "-"
108.59.80.14 - - [12/May/2015:07:47:48 -0700] "GET / HTTP/1.0" 200 6151 "-" "NerdyBot"
208.115.113.83 - - [12/May/2015:07:53:58 -0700] "GET /resorts?resort=killington&date=2014-10-08 HTTP/1.1" 404 476 "-" "Mozilla/5.0 (compatible; DotBot/1.1; http://www.opensiteexplorer.org/dotbot, help@moz.com)"
208.115.113.83 - - [12/May/2015:07:53:58 -0700] "GET /resorts?resort=kirkwood&date=2014-10-05 HTTP/1.1" 404 476 "-" "Mozilla/5.0 (compatible; DotBot/1.1; http://www.opensiteexplorer.org/dotbot, help@moz.com)"
208.115.113.83 - - [12/May/2015:07:53:59 -0700] "GET /resorts?resort=lutsen&date=2014-10-23 HTTP/1.1" 404 476 "-" "Mozilla/5.0 (compatible; DotBot/1.1; http://www.opensiteexplorer.org/dotbot, help@moz.com)"
208.115.113.83 - - [12/May/2015:07:54:00 -0700] "GET /resorts?resort=moonlightbasin&date=2014-10-13 HTTP/1.1" 404 476 "-" "Mozilla/5.0 (compatible; DotBot/1.1; http://www.opensiteexplorer.org/dotbot, help@moz.com)"
208.115.113.83 - - [12/May/2015:07:54:01 -0700] "GET /resorts?resort=mountbohemia&date=2014-06-10 HTTP/1.1" 404 476 "-" "Mozilla/5.0 (compatible; DotBot/1.1; http://www.opensiteexplorer.org/dotbot, help@moz.com)"
208.115.113.83 - - [12/May/2015:07:54:02 -0700] "GET /resorts?resort=mtlemmonskivalley&date=2014-10-28 HTTP/1.1" 404 476 "-" "Mozilla/5.0 (compatible; DotBot/1.1; http://www.opensiteexplorer.org/dotbot, help@moz.com)"
208.115.113.83 - - [12/May/2015:07:54:02 -0700] "GET /resorts?resort=portillo HTTP/1.1" 404 476 "-" "Mozilla/5.0 (compatible; DotBot/1.1; http://www.opensiteexplorer.org/dotbot, help@moz.com)"
208.115.113.83 - - [12/May/2015:07:54:03 -0700] "GET /resorts?resort=showdown&date=2014-10-14 HTTP/1.1" 404 476 "-" "Mozilla/5.0 (compatible; DotBot/1.1; http://www.opensiteexplorer.org/dotbot, help@moz.com)"
208.115.113.83 - - [12/May/2015:07:54:04 -0700] "GET /resorts?resort=sipapu&date=2014-06-30 HTTP/1.1" 404 476 "-" "Mozilla/5.0 (compatible; DotBot/1.1; http://www.opensiteexplorer.org/dotbot, help@moz.com)"
208.115.113.83 - - [12/May/2015:07:54:05 -0700] "GET /resorts?resort=smugglersnotch&date=2014-10-22 HTTP/1.1" 404 476 "-" "Mozilla/5.0 (compatible; DotBot/1.1; http://www.opensiteexplorer.org/dotbot, help@moz.com)"
208.115.113.83 - - [12/May/2015:07:54:05 -0700] "GET /resorts?resort=snoqualmie-alpental&date=2014-10-05 HTTP/1.1" 404 476 "-" "Mozilla/5.0 (compatible; DotBot/1.1; http://www.opensiteexplorer.org/dotbot, help@moz.com)"
208.115.113.83 - - [12/May/2015:07:54:06 -0700] "GET /resorts?resort=solitude&date=2014-10-14 HTTP/1.1" 404 476 "-" "Mozilla/5.0 (compatible; DotBot/1.1; http://www.opensiteexplorer.org/dotbot, help@moz.com)"
208.115.113.83 - - [12/May/2015:07:54:07 -0700] "GET /resorts?resort=sunpeaksresort&date=2014-06-17 HTTP/1.1" 404 476 "-" "Mozilla/5.0 (compatible; DotBot/1.1; http://www.opensiteexplorer.org/dotbot, help@moz.com)"
208.115.113.83 - - [12/May/2015:07:54:08 -0700] "GET /resorts?resort=telluride&date=2014-11-04 HTTP/1.1" 404 476 "-" "Mozilla/5.0 (compatible; DotBot/1.1; http://www.opensiteexplorer.org/dotbot, help@moz.com)"
208.115.113.83 - - [12/May/2015:07:54:08 -0700] "GET /resorts?resort=turnermountain&date=2014-10-14 HTTP/1.1" 404 476 "-" "Mozilla/5.0 (compatible; DotBot/1.1; http://www.opensiteexplorer.org/dotbot, help@moz.com)"
208.115.113.83 - - [12/May/2015:07:54:09 -0700] "GET /resorts?resort=whitefishmountain&date=2014-06-26 HTTP/1.1" 404 476 "-" "Mozilla/5.0 (compatible; DotBot/1.1; http://www.opensiteexplorer.org/dotbot, help@moz.com)"
208.115.113.83 - - [12/May/2015:07:54:10 -0700] "GET /resorts?resort=crystalmountain&date=2014-11-04 HTTP/1.1" 404 476 "-" "Mozilla/5.0 (compatible; DotBot/1.1; http://www.opensiteexplorer.org/dotbot, help@moz.com)"
208.115.113.83 - - [12/May/2015:07:54:10 -0700] "GET /resorts?resort=greekpeak&date=2014-09-29 HTTP/1.1" 404 476 "-" "Mozilla/5.0 (compatible; DotBot/1.1; http://www.opensiteexplorer.org/dotbot, help@moz.com)"
208.115.113.83 - - [12/May/2015:07:54:11 -0700] "GET /resorts?resort=holidayvalley&date=2014-06-27 HTTP/1.1" 404 476 "-" "Mozilla/5.0 (compatible; DotBot/1.1; http://www.opensiteexplorer.org/dotbot, help@moz.com)"
208.115.113.83 - - [12/May/2015:07:54:12 -0700] "GET /resorts?resort=jacksonhole&date=2014-10-18 HTTP/1.1" 404 476 "-" "Mozilla/5.0 (compatible; DotBot/1.1; http://www.opensiteexplorer.org/dotbot, help@moz.com)"
208.115.113.83 - - [12/May/2015:07:54:13 -0700] "GET /resorts?resort=kellycanyon&date=2014-09-30 HTTP/1.1" 404 476 "-" "Mozilla/5.0 (compatible; DotBot/1.1; http://www.opensiteexplorer.org/dotbot, help@moz.com)"
208.115.113.83 - - [12/May/2015:07:54:15 -0700] "GET /resorts?resort=kickinghorsemountain&date=2014-10-22 HTTP/1.1" 404 476 "-" "Mozilla/5.0 (compatible; DotBot/1.1; http://www.opensiteexplorer.org/dotbot, help@moz.com)"
170.75.162.130 - - [12/May/2015:07:57:35 -0700] "GET /lib/reccapi.php?resort=crystalmountain HTTP/1.1" 200 1066 "-" "node-superagent/0.18.2"
75.157.45.140 - - [12/May/2015:08:05:47 -0700] "GET /images/wsis-logo-sm.png HTTP/1.1" 200 6108 "http://thebackcountry.net/" "Mozilla/5.0 (Macintosh; Intel Mac OS X 10_10_3) AppleWebKit/600.6.3 (KHTML, like Gecko) Version/8.0.6 Safari/600.6.3"
180.76.4.157 - - [12/May/2015:08:05:54 -0700] "GET / HTTP/1.1" 200 6114 "-" "Mozilla/4.0 (compatible; MSIE 7.0; Windows NT 6.0)"
170.75.162.130 - - [12/May/2015:08:06:45 -0700] "GET /lib/reccapi.php?resort=keystone HTTP/1.1" 200 1048 "-" "node-superagent/0.18.2"
208.115.111.66 - - [12/May/2015:08:07:20 -0700] "GET /robots.txt HTTP/1.1" 200 319 "-" "Mozilla/5.0 (compatible; DotBot/1.1; http://www.opensiteexplorer.org/dotbot, help@moz.com)"
170.75.162.130 - - [12/May/2015:08:09:56 -0700] "GET /lib/reccapi.php?resort=mountspokane HTTP/1.1" 200 1106 "-" "node-superagent/0.18.2"
170.75.162.130 - - [12/May/2015:08:10:36 -0700] "GET /lib/reccapi.php?resort=redlodge HTTP/1.1" 200 1092 "-" "node-superagent/0.18.2"
170.75.162.130 - - [12/May/2015:08:11:06 -0700] "GET /lib/reccapi.php?resort=silverstarmountain HTTP/1.1" 200 927 "-" "node-superagent/0.18.2"
170.75.162.130 - - [12/May/2015:08:11:06 -0700] "GET /lib/reccapi.php?resort=smugglersnotch HTTP/1.1" 200 1087 "-" "node-superagent/0.18.2"
170.75.162.130 - - [12/May/2015:08:11:26 -0700] "GET /lib/reccapi.php?resort=steamboat HTTP/1.1" 200 1030 "-" "node-superagent/0.18.2"
170.75.162.130 - - [12/May/2015:08:12:06 -0700] "GET /lib/reccapi.php?resort=sugarbush HTTP/1.1" 200 1119 "-" "node-superagent/0.18.2"
170.75.162.130 - - [12/May/2015:08:12:16 -0700] "GET /lib/reccapi.php?resort=sunpeaksresort HTTP/1.1" 200 911 "-" "node-superagent/0.18.2"
170.75.162.130 - - [12/May/2015:08:12:56 -0700] "GET /lib/reccapi.php?resort=whitefacemountain HTTP/1.1" 200 1058 "-" "node-superagent/0.18.2"
24.180.42.102 - - [12/May/2015:08:17:09 -0700] "GET /images/wsis-logo-sm.png HTTP/1.1" 200 6108 "http://www.thebackcountry.net/" "Mozilla/5.0 (Windows NT 6.3; WOW64; Trident/7.0; rv:11.0) like Gecko"
24.180.42.102 - - [12/May/2015:08:17:30 -0700] "-" 408 0 "-" "-"
24.180.42.102 - - [12/May/2015:08:22:50 -0700] "-" 408 0 "-" "-"
170.75.162.130 - - [12/May/2015:08:25:57 -0700] "GET /lib/reccapi.php?resort=mammothmountain HTTP/1.1" 200 1027 "-" "node-superagent/0.18.2"
31.221.4.254 - - [12/May/2015:08:30:51 -0700] "GET /images/wsis-logo-sm.png HTTP/1.1" 200 6108 "http://www.thebackcountry.net/" "Mozilla/5.0 (Windows NT 6.1; WOW64) AppleWebKit/537.36 (KHTML, like Gecko) Chrome/42.0.2311.135 Safari/537.36"
5.189.144.88 - - [12/May/2015:08:32:22 -0700] "GET / HTTP/1.1" 200 6095 "-" "Mozilla/5.0 (compatible; PageAnalyzer/1.5;)"
165.83.210.201 - - [12/May/2015:08:39:19 -0700] "GET /images/wsis-logo-sm.png HTTP/1.1" 200 6108 "http://www.thebackcountry.net/" "Mozilla/5.0 (Windows NT 6.1) AppleWebKit/537.36 (KHTML, like Gecko) Chrome/42.0.2311.135 Safari/537.36"
8.28.16.254 - - [12/May/2015:08:39:23 -0700] "GET / HTTP/1.1" 200 6151 "-" "Mozilla/4.0 (compatible; MSIE 7.0; Windows NT 5.1; InfoPath.1; .NET CLR 2.0.50727; .NET CLR 1.1.4322; MS-RTC LM 8; .NET CLR 3.0.4506.2152; .NET CLR 3.5.30729)"
123.125.71.92 - - [12/May/2015:08:56:45 -0700] "GET / HTTP/1.1" 200 2339 "-" "Mozilla/5.0 (Windows NT 5.1; rv:6.0.2) Gecko/20100101 Firefox/6.0.2"
123.125.71.71 - - [12/May/2015:08:57:56 -0700] "-" 408 0 "-" "-"
220.181.108.104 - - [12/May/2015:09:02:21 -0700] "-" 408 0 "-" "-"
68.190.184.109 - - [12/May/2015:09:08:27 -0700] "GET /images/wsis-logo-sm.png HTTP/1.1" 200 6108 "http://www.thebackcountry.net/" "Mozilla/5.0 (Windows NT 6.1; Trident/7.0; rv:11.0) like Gecko"
108.230.92.68 - - [12/May/2015:09:08:27 -0700] "GET /images/wsis-logo-sm.png HTTP/1.1" 200 6108 "https://www.bing.com/local/?lid=YN134x2270847&id=YN134x2270847&q=The+Backcountry+Truckee+CA&cp=39.32611~-120.21&mkt=en-US&setlang=en-US" "Mozilla/5.0 (Windows Phone 8.1; ARM; Trident/7.0; Touch; rv:11.0; IEMobile/11.0; NOKIA; Lumia 635) like Gecko"
68.190.184.109 - - [12/May/2015:09:08:48 -0700] "-" 408 0 "-" "-"
108.230.92.68 - - [12/May/2015:09:08:51 -0700] "-" 408 0 "-" "-"
220.181.108.174 - - [12/May/2015:09:12:49 -0700] "GET / HTTP/1.1" 200 2339 "-" "Mozilla/5.0 (compatible; Baiduspider/2.0; +http://www.baidu.com/search/spider.html)"
208.115.111.66 - - [12/May/2015:09:22:49 -0700] "GET /resorts?resort=killington&date=2014-07-01 HTTP/1.1" 404 476 "-" "Mozilla/5.0 (compatible; DotBot/1.1; http://www.opensiteexplorer.org/dotbot, help@moz.com)"
208.115.111.66 - - [12/May/2015:09:22:55 -0700] "GET /resorts?resort=snowmass&date=2014-10-02 HTTP/1.1" 404 476 "-" "Mozilla/5.0 (compatible; DotBot/1.1; http://www.opensiteexplorer.org/dotbot, help@moz.com)"
208.115.111.66 - - [12/May/2015:09:22:57 -0700] "GET /resorts?resort=mountbachelor&date=2014-11-05 HTTP/1.1" 404 476 "-" "Mozilla/5.0 (compatible; DotBot/1.1; http://www.opensiteexplorer.org/dotbot, help@moz.com)"
208.115.111.66 - - [12/May/2015:09:22:59 -0700] "GET /resorts?resort=schweitzer&date=2014-06-29 HTTP/1.1" 404 476 "-" "Mozilla/5.0 (compatible; DotBot/1.1; http://www.opensiteexplorer.org/dotbot, help@moz.com)"
208.115.111.66 - - [12/May/2015:09:23:01 -0700] "GET /resorts?resort=cannonmountain&date=2014-06-17 HTTP/1.1" 404 476 "-" "Mozilla/5.0 (compatible; DotBot/1.1; http://www.opensiteexplorer.org/dotbot, help@moz.com)"
208.115.111.66 - - [12/May/2015:09:23:03 -0700] "GET /resorts?resort=sugarloaf&date=2014-11-07 HTTP/1.1" 404 476 "-" "Mozilla/5.0 (compatible; DotBot/1.1; http://www.opensiteexplorer.org/dotbot, help@moz.com)"
208.115.111.66 - - [12/May/2015:09:23:05 -0700] "GET /resorts?resort=snowbasin&date=2014-11-24 HTTP/1.1" 404 476 "-" "Mozilla/5.0 (compatible; DotBot/1.1; http://www.opensiteexplorer.org/dotbot, help@moz.com)"
207.192.249.45 - - [12/May/2015:09:23:31 -0700] "GET /images/wsis-logo-sm.png HTTP/1.1" 200 6108 "http://www.thebackcountry.net/" "Mozilla/5.0 (Macintosh; Intel Mac OS X 10_9_5) AppleWebKit/600.5.17 (KHTML, like Gecko) Version/7.1.5 Safari/537.85.14"
208.115.111.66 - - [12/May/2015:09:48:57 -0700] "GET /recommendations?sort=bluebird HTTP/1.1" 404 476 "-" "Mozilla/5.0 (compatible; DotBot/1.1; http://www.opensiteexplorer.org/dotbot, help@moz.com)"
208.115.111.66 - - [12/May/2015:09:48:58 -0700] "GET /resorts?resort=alta&date=2014-06-16 HTTP/1.1" 404 476 "-" "Mozilla/5.0 (compatible; DotBot/1.1; http://www.opensiteexplorer.org/dotbot, help@moz.com)"
208.115.111.66 - - [12/May/2015:09:48:59 -0700] "GET /resorts?resort=belleayre&date=2014-10-15 HTTP/1.1" 404 476 "-" "Mozilla/5.0 (compatible; DotBot/1.1; http://www.opensiteexplorer.org/dotbot, help@moz.com)"
208.115.111.66 - - [12/May/2015:09:48:59 -0700] "GET /resorts?resort=bigwhite&date=2014-11-11 HTTP/1.1" 404 476 "-" "Mozilla/5.0 (compatible; DotBot/1.1; http://www.opensiteexplorer.org/dotbot, help@moz.com)"
208.115.111.66 - - [12/May/2015:09:49:00 -0700] "GET /resorts?resort=ferniealpine&date=2014-10-16 HTTP/1.1" 404 476 "-" "Mozilla/5.0 (compatible; DotBot/1.1; http://www.opensiteexplorer.org/dotbot, help@moz.com)"
208.115.111.66 - - [12/May/2015:09:49:01 -0700] "GET /resorts?resort=granitepeak&date=2014-06-09 HTTP/1.1" 404 476 "-" "Mozilla/5.0 (compatible; DotBot/1.1; http://www.opensiteexplorer.org/dotbot, help@moz.com)"
208.115.111.66 - - [12/May/2015:09:49:01 -0700] "GET /resorts?resort=kimberleyalpine&date=2014-06-14 HTTP/1.1" 404 476 "-" "Mozilla/5.0 (compatible; DotBot/1.1; http://www.opensiteexplorer.org/dotbot, help@moz.com)"
208.115.111.66 - - [12/May/2015:09:49:03 -0700] "GET /resorts?resort=louploupskibowl&date=2014-10-10 HTTP/1.1" 404 476 "-" "Mozilla/5.0 (compatible; DotBot/1.1; http://www.opensiteexplorer.org/dotbot, help@moz.com)"
208.115.111.66 - - [12/May/2015:09:49:04 -0700] "GET /resorts?resort=mountainhigh&date=2014-06-27 HTTP/1.1" 404 476 "-" "Mozilla/5.0 (compatible; DotBot/1.1; http://www.opensiteexplorer.org/dotbot, help@moz.com)"
208.115.111.66 - - [12/May/2015:09:49:05 -0700] "GET /resorts?resort=mounthoodmeadows&date=2014-10-09 HTTP/1.1" 404 476 "-" "Mozilla/5.0 (compatible; DotBot/1.1; http://www.opensiteexplorer.org/dotbot, help@moz.com)"
208.115.111.66 - - [12/May/2015:09:49:05 -0700] "GET /resorts?resort=powdermountain&date=2014-06-09 HTTP/1.1" 404 476 "-" "Mozilla/5.0 (compatible; DotBot/1.1; http://www.opensiteexplorer.org/dotbot, help@moz.com)"
208.115.111.66 - - [12/May/2015:09:49:06 -0700] "GET /resorts?resort=powderridge&date=2014-10-13 HTTP/1.1" 404 476 "-" "Mozilla/5.0 (compatible; DotBot/1.1; http://www.opensiteexplorer.org/dotbot, help@moz.com)"
208.115.111.66 - - [12/May/2015:09:49:07 -0700] "GET /resorts?resort=sandiapeak&date=2014-11-05 HTTP/1.1" 404 476 "-" "Mozilla/5.0 (compatible; DotBot/1.1; http://www.opensiteexplorer.org/dotbot, help@moz.com)"
208.115.111.66 - - [12/May/2015:09:49:07 -0700] "GET /resorts?resort=sipapu&date=2014-06-16 HTTP/1.1" 404 476 "-" "Mozilla/5.0 (compatible; DotBot/1.1; http://www.opensiteexplorer.org/dotbot, help@moz.com)"
208.115.111.66 - - [12/May/2015:09:49:08 -0700] "GET /resorts?resort=skicooper&date=2014-10-04 HTTP/1.1" 404 476 "-" "Mozilla/5.0 (compatible; DotBot/1.1; http://www.opensiteexplorer.org/dotbot, help@moz.com)"
208.115.111.66 - - [12/May/2015:09:49:09 -0700] "GET /resorts?resort=snoqualmie-alpental&date=2014-06-06 HTTP/1.1" 404 476 "-" "Mozilla/5.0 (compatible; DotBot/1.1; http://www.opensiteexplorer.org/dotbot, help@moz.com)"
208.115.111.66 - - [12/May/2015:09:49:09 -0700] "GET /resorts?resort=snowking&date=2014-06-20 HTTP/1.1" 404 476 "-" "Mozilla/5.0 (compatible; DotBot/1.1; http://www.opensiteexplorer.org/dotbot, help@moz.com)"
208.115.111.66 - - [12/May/2015:09:49:10 -0700] "GET /resorts?resort=steamboat&date=2014-07-02 HTTP/1.1" 404 476 "-" "Mozilla/5.0 (compatible; DotBot/1.1; http://www.opensiteexplorer.org/dotbot, help@moz.com)"
208.115.111.66 - - [12/May/2015:09:49:11 -0700] "GET /resorts?resort=whitewater&date=2014-06-25 HTTP/1.1" 404 476 "-" "Mozilla/5.0 (compatible; DotBot/1.1; http://www.opensiteexplorer.org/dotbot, help@moz.com)"
208.115.111.66 - - [12/May/2015:09:49:12 -0700] "GET /resorts?resort=winterpark&date=2014-07-01 HTTP/1.1" 404 476 "-" "Mozilla/5.0 (compatible; DotBot/1.1; http://www.opensiteexplorer.org/dotbot, help@moz.com)"
123.125.71.32 - - [12/May/2015:09:49:12 -0700] "-" 408 0 "-" "-"
23.24.213.205 - - [12/May/2015:09:52:38 -0700] "GET /images/wsis-logo-sm.png HTTP/1.1" 200 6108 "http://www.thebackcountry.net/" "Mozilla/5.0 (Windows NT 6.3; WOW64) AppleWebKit/537.36 (KHTML, like Gecko) Chrome/42.0.2311.135 Safari/537.36"
157.55.39.52 - - [12/May/2015:09:52:54 -0700] "GET /about HTTP/1.1" 404 506 "-" "Mozilla/5.0 (compatible; bingbot/2.0; +http://www.bing.com/bingbot.htm)"
107.77.97.61 - - [12/May/2015:09:53:35 -0700] "GET /images/wsis-logo-sm.png HTTP/1.1" 200 6108 "http://www.thebackcountry.net/" "Mozilla/5.0 (iPhone; CPU iPhone OS 7_1_1 like Mac OS X) AppleWebKit/537.51.2 (KHTML, like Gecko) Version/7.0 Mobile/11D201 Safari/9537.53"
220.181.108.115 - - [12/May/2015:09:54:20 -0700] "-" 408 0 "-" "-"
170.75.162.130 - - [12/May/2015:09:57:35 -0700] "GET /lib/reccapi.php?resort=jaypeak HTTP/1.1" 200 988 "-" "node-superagent/0.18.2"
170.75.162.130 - - [12/May/2015:09:57:35 -0700] "GET /lib/reccapi.php?resort=madriverglen HTTP/1.1" 200 953 "-" "node-superagent/0.18.2"
170.75.162.130 - - [12/May/2015:10:00:55 -0700] "GET /lib/reccapi.php?resort=sundayriver HTTP/1.1" 200 1091 "-" "node-superagent/0.18.2"
170.75.162.130 - - [12/May/2015:10:00:55 -0700] "GET /lib/reccapi.php?resort=cannonmountain HTTP/1.1" 200 1108 "-" "node-superagent/0.18.2"
180.76.4.231 - - [12/May/2015:10:03:46 -0700] "GET / HTTP/1.1" 200 6114 "-" "Mozilla/4.0 (compatible; MSIE 7.0; Windows NT 6.0)"
170.75.162.130 - - [12/May/2015:10:05:46 -0700] "GET /lib/reccapi.php?resort=mtrose HTTP/1.1" 200 988 "-" "node-superagent/0.18.2"
208.115.113.83 - - [12/May/2015:10:08:04 -0700] "GET /robots.txt HTTP/1.1" 200 319 "-" "Mozilla/5.0 (compatible; DotBot/1.1; http://www.opensiteexplorer.org/dotbot, help@moz.com)"
170.75.162.130 - - [12/May/2015:10:12:56 -0700] "GET /lib/reccapi.php?resort=mountainhigh HTTP/1.1" 200 997 "-" "node-superagent/0.18.2"
107.208.13.226 - - [12/May/2015:10:15:14 -0700] "GET /images/wsis-logo-sm.png HTTP/1.1" 200 6108 "http://thebackcountry.net/" "Mozilla/5.0 (Windows NT 6.1) AppleWebKit/537.36 (KHTML, like Gecko) Chrome/42.0.2311.135 Safari/537.36"
169.230.84.124 - - [12/May/2015:10:20:49 -0700] "GET /images/wsis-logo-sm.png HTTP/1.1" 200 6108 "http://www.thebackcountry.net/" "Mozilla/5.0 (Macintosh; Intel Mac OS X 10_9_5) AppleWebKit/600.2.5 (KHTML, like Gecko) Version/7.1.2 Safari/537.85.11"
170.75.162.130 - - [12/May/2015:10:24:47 -0700] "GET /lib/reccapi.php?resort=aspenmountain HTTP/1.1" 200 1042 "-" "node-superagent/0.18.2"
170.75.162.130 - - [12/May/2015:10:24:48 -0700] "GET /lib/reccapi.php?resort=crestedbutte HTTP/1.1" 200 1101 "-" "node-superagent/0.18.2"
170.75.162.130 - - [12/May/2015:10:24:48 -0700] "GET /lib/reccapi.php?resort=monarch HTTP/1.1" 200 1075 "-" "node-superagent/0.18.2"
170.75.162.130 - - [12/May/2015:10:24:48 -0700] "GET /lib/reccapi.php?resort=winterpark HTTP/1.1" 200 1044 "-" "node-superagent/0.18.2"
170.75.162.130 - - [12/May/2015:10:24:48 -0700] "GET /lib/reccapi.php?resort=aspenheights HTTP/1.1" 200 1054 "-" "node-superagent/0.18.2"
209.58.227.82 - - [12/May/2015:10:43:01 -0700] "GET /images/wsis-logo-sm.png HTTP/1.1" 200 6108 "http://www.thebackcountry.net/" "Mozilla/5.0 (compatible; MSIE 9.0; Windows NT 6.1; WOW64; Trident/5.0)"
209.58.227.82 - - [12/May/2015:10:43:22 -0700] "-" 408 0 "-" "-"
75.111.96.81 - - [12/May/2015:10:43:24 -0700] "GET /images/wsis-logo-sm.png HTTP/1.1" 304 187 "http://thebackcountry.net/" "Mozilla/5.0 (X11; Linux x86_64) AppleWebKit/537.36 (KHTML, like Gecko) Chrome/40.0.2214.115 Safari/537.36"
122.155.190.240 - - [12/May/2015:10:44:45 -0700] "POST /%70%68%70%70%61%74%68/%70%68%70?%2D%64+%61%6C%6C%6F%77%5F%75%72%6C%5F%69%6E%63%6C%75%64%65%3D%6F%6E+%2D%64+%73%61%66%65%5F%6D%6F%64%65%3D%6F%66%66+%2D%64+%73%75%68%6F%73%69%6E%2E%73%69%6D%75%6C%61%74%69%6F%6E%3D%6F%6E+%2D%64+%64%69%73%61%62%6C%65%5F%66%75%6E%63%74%69%6F%6E%73%3D%22%22+%2D%64+%6F%70%65%6E%5F%62%61%73%65%64%69%72%3D%6E%6F%6E%65+%2D%64+%61%75%74%6F%5F%70%72%65%70%65%6E%64%5F%66%69%6C%65%3D%70%68%70%3A%2F%2F%69%6E%70%75%74+%2D%6E HTTP/1.1" 404 470 "-" "-"
201.3.86.32 - - [12/May/2015:10:47:15 -0700] "GET / HTTP/1.1" 200 2376 "http://best-seo-offer.com/try.php?u=http://whereshouldiski.com" "Mozilla/5.0 (Windows NT 6.1; WOW64) AppleWebKit/537.36 (KHTML, like Gecko) Chrome/36.0.1985.143 Safari/537.36"
201.3.86.32 - - [12/May/2015:10:47:15 -0700] "GET /styles/0fffd548.main.css HTTP/1.1" 200 19316 "http://whereshouldiski.com/" "Mozilla/5.0 (Windows NT 6.1; WOW64) AppleWebKit/537.36 (KHTML, like Gecko) Chrome/36.0.1985.143 Safari/537.36"
201.3.86.32 - - [12/May/2015:10:47:16 -0700] "GET /scripts/scripts/vendor/modernizr.js HTTP/1.1" 200 4903 "http://whereshouldiski.com/" "Mozilla/5.0 (Windows NT 6.1; WOW64) AppleWebKit/537.36 (KHTML, like Gecko) Chrome/36.0.1985.143 Safari/537.36"
201.3.86.32 - - [12/May/2015:10:47:16 -0700] "GET /bower_components/requirejs/require.js HTTP/1.1" 200 6702 "http://whereshouldiski.com/" "Mozilla/5.0 (Windows NT 6.1; WOW64) AppleWebKit/537.36 (KHTML, like Gecko) Chrome/36.0.1985.143 Safari/537.36"
201.3.86.32 - - [12/May/2015:10:47:16 -0700] "GET /images/logo-sm.png HTTP/1.1" 200 16737 "http://whereshouldiski.com/" "Mozilla/5.0 (Windows NT 6.1; WOW64) AppleWebKit/537.36 (KHTML, like Gecko) Chrome/36.0.1985.143 Safari/537.36"
201.3.86.32 - - [12/May/2015:10:47:16 -0700] "GET /images/loading.gif HTTP/1.1" 200 13881 "http://whereshouldiski.com/" "Mozilla/5.0 (Windows NT 6.1; WOW64) AppleWebKit/537.36 (KHTML, like Gecko) Chrome/36.0.1985.143 Safari/537.36"
201.3.86.32 - - [12/May/2015:10:47:16 -0700] "GET /scripts/fa48e319.main.js HTTP/1.1" 200 123455 "http://whereshouldiski.com/" "Mozilla/5.0 (Windows NT 6.1; WOW64) AppleWebKit/537.36 (KHTML, like Gecko) Chrome/36.0.1985.143 Safari/537.36"
201.3.86.32 - - [12/May/2015:10:47:18 -0700] "GET /images/button.png HTTP/1.1" 200 598 "http://whereshouldiski.com/" "Mozilla/5.0 (Windows NT 6.1; WOW64) AppleWebKit/537.36 (KHTML, like Gecko) Chrome/36.0.1985.143 Safari/537.36"
201.3.86.32 - - [12/May/2015:10:47:18 -0700] "GET /lib/reccapi.php?fields=t HTTP/1.1" 200 1910 "http://whereshouldiski.com/" "Mozilla/5.0 (Windows NT 6.1; WOW64) AppleWebKit/537.36 (KHTML, like Gecko) Chrome/36.0.1985.143 Safari/537.36"
201.3.86.32 - - [12/May/2015:10:47:19 -0700] "GET /images/greyHeader.png HTTP/1.1" 200 508 "http://whereshouldiski.com/" "Mozilla/5.0 (Windows NT 6.1; WOW64) AppleWebKit/537.36 (KHTML, like Gecko) Chrome/36.0.1985.143 Safari/537.36"
201.3.86.32 - - [12/May/2015:10:47:19 -0700] "GET /images/snowflake5.png HTTP/1.1" 200 2857 "http://whereshouldiski.com/" "Mozilla/5.0 (Windows NT 6.1; WOW64) AppleWebKit/537.36 (KHTML, like Gecko) Chrome/36.0.1985.143 Safari/537.36"
201.3.86.32 - - [12/May/2015:10:47:19 -0700] "GET /images/star5.png HTTP/1.1" 200 1783 "http://whereshouldiski.com/" "Mozilla/5.0 (Windows NT 6.1; WOW64) AppleWebKit/537.36 (KHTML, like Gecko) Chrome/36.0.1985.143 Safari/537.36"
201.3.86.32 - - [12/May/2015:10:47:19 -0700] "GET /images/bluebird5.png HTTP/1.1" 200 2177 "http://whereshouldiski.com/" "Mozilla/5.0 (Windows NT 6.1; WOW64) AppleWebKit/537.36 (KHTML, like Gecko) Chrome/36.0.1985.143 Safari/537.36"
201.3.86.32 - - [12/May/2015:10:47:19 -0700] "GET /images/mtns-icon.png HTTP/1.1" 200 1097 "http://whereshouldiski.com/" "Mozilla/5.0 (Windows NT 6.1; WOW64) AppleWebKit/537.36 (KHTML, like Gecko) Chrome/36.0.1985.143 Safari/537.36"
201.3.86.32 - - [12/May/2015:10:47:19 -0700] "GET /images/shading-icon.png HTTP/1.1" 200 536 "http://whereshouldiski.com/" "Mozilla/5.0 (Windows NT 6.1; WOW64) AppleWebKit/537.36 (KHTML, like Gecko) Chrome/36.0.1985.143 Safari/537.36"
201.3.86.32 - - [12/May/2015:10:47:40 -0700] "-" 408 0 "-" "-"
201.3.86.32 - - [12/May/2015:10:47:40 -0700] "-" 408 0 "-" "-"
127.0.0.1 - - [12/May/2015:10:47:42 -0700] "OPTIONS * HTTP/1.0" 200 126 "-" "Apache/2.2.22 (Ubuntu) (internal dummy connection)"
72.130.222.54 - - [12/May/2015:10:51:33 -0700] "GET /images/wsis-logo-sm.png HTTP/1.1" 200 6108 "http://www.thebackcountry.net/" "Mozilla/5.0 (Windows NT 6.3; WOW64; Trident/7.0; MDDCJS; rv:11.0) like Gecko"
72.130.222.54 - - [12/May/2015:10:51:55 -0700] "-" 408 0 "-" "-"
100.43.91.4 - - [12/May/2015:10:57:21 -0700] "GET /robots.txt HTTP/1.1" 200 375 "-" "Mozilla/5.0 (compatible; YandexBot/3.0; +http://yandex.com/bots)"
24.180.42.102 - - [12/May/2015:11:16:15 -0700] "GET /images/wsis-logo-sm.png HTTP/1.1" 200 6108 "http://www.thebackcountry.net/" "Mozilla/5.0 (Windows NT 6.3; WOW64; Trident/7.0; rv:11.0) like Gecko"
24.180.42.102 - - [12/May/2015:11:16:36 -0700] "-" 408 0 "-" "-"
170.75.162.130 - - [12/May/2015:11:18:22 -0700] "GET /lib/reccapi.php?resort=hoodoo HTTP/1.1" 200 1031 "-" "node-superagent/0.18.2"
174.31.20.228 - - [12/May/2015:11:20:18 -0700] "GET /browserconfig.xml HTTP/1.1" 404 514 "-" "Mozilla/5.0 (Windows NT 6.3; Win64; x64; Trident/7.0; TNJB; rv:11.0) like Gecko"
174.31.20.228 - - [12/May/2015:11:20:40 -0700] "-" 408 0 "-" "-"
123.125.71.74 - - [12/May/2015:11:22:55 -0700] "-" 408 0 "-" "-"
24.180.42.102 - - [12/May/2015:11:27:19 -0700] "-" 408 0 "-" "-"
72.130.222.54 - - [12/May/2015:11:28:32 -0700] "-" 408 0 "-" "-"
220.181.108.155 - - [12/May/2015:11:28:56 -0700] "-" 408 0 "-" "-"
170.75.162.130 - - [12/May/2015:11:29:13 -0700] "GET /lib/reccapi.php?resort=devilshead HTTP/1.1" 200 1008 "-" "node-superagent/0.18.2"
12.183.164.226 - - [12/May/2015:11:29:27 -0700] "GET /images/wsis-logo-sm.png HTTP/1.1" 200 6108 "http://www.thebackcountry.net/" "Mozilla/5.0 (Windows NT 6.1; WOW64; rv:37.0) Gecko/20100101 Firefox/37.0"
66.249.79.1 - - [12/May/2015:11:32:41 -0700] "GET /resorts?resort=devilshead HTTP/1.1" 404 506 "-" "Mozilla/5.0 (compatible; Googlebot/2.1; +http://www.google.com/bot.html)"
66.249.79.14 - - [12/May/2015:11:32:46 -0700] "GET /resorts?resort=mammothmountain HTTP/1.1" 404 506 "-" "Mozilla/5.0 (compatible; Googlebot/2.1; +http://www.google.com/bot.html)"
170.75.162.130 - - [12/May/2015:11:35:14 -0700] "GET /lib/reccapi.php?resort=brighton HTTP/1.1" 200 1063 "-" "node-superagent/0.18.2"
100.43.91.4 - - [12/May/2015:11:36:53 -0700] "GET /resorts?resort=silverstarmountain HTTP/1.1" 404 506 "-" "Mozilla/5.0 (compatible; YandexBot/3.0; +http://yandex.com/bots)"
208.115.113.83 - - [12/May/2015:11:52:45 -0700] "GET /resorts?resort=willamettepass&date=2014-06-24 HTTP/1.1" 404 476 "-" "Mozilla/5.0 (compatible; DotBot/1.1; http://www.opensiteexplorer.org/dotbot, help@moz.com)"
157.55.39.63 - - [12/May/2015:11:58:27 -0700] "GET / HTTP/1.1" 200 2376 "-" "Mozilla/5.0 (compatible; bingbot/2.0; +http://www.bing.com/bingbot.htm)"
123.125.71.111 - - [12/May/2015:12:00:38 -0700] "-" 408 0 "-" "-"
170.75.162.130 - - [12/May/2015:12:03:26 -0700] "GET /lib/reccapi.php?resort=grandtarghee HTTP/1.1" 200 1091 "-" "node-superagent/0.18.2"
220.181.108.181 - - [12/May/2015:12:05:22 -0700] "-" 408 0 "-" "-"
208.115.111.66 - - [12/May/2015:12:06:16 -0700] "GET /robots.txt HTTP/1.1" 200 319 "-" "Mozilla/5.0 (compatible; DotBot/1.1; http://www.opensiteexplorer.org/dotbot, help@moz.com)"
174.135.70.213 - - [12/May/2015:12:07:29 -0700] "GET /images/wsis-logo-sm.png HTTP/1.1" 200 6108 "http://www.thebackcountry.net/" "Mozilla/5.0 (Windows NT 6.3; WOW64) AppleWebKit/537.36 (KHTML, like Gecko) Chrome/42.0.2311.135 Safari/537.36"
180.76.4.147 - - [12/May/2015:12:10:06 -0700] "GET / HTTP/1.1" 200 6114 "-" "Mozilla/4.0 (compatible; MSIE 7.0; Windows NT 6.0)"
66.249.79.250 - - [12/May/2015:12:12:29 -0700] "GET /resorts?resort=grandtarghee HTTP/1.1" 404 506 "-" "Mozilla/5.0 (compatible; Googlebot/2.1; +http://www.google.com/bot.html)"
71.196.171.65 - - [12/May/2015:12:25:06 -0700] "GET /images/wsis-logo-sm.png HTTP/1.1" 200 6108 "http://www.thebackcountry.net/" "Mozilla/5.0 (iPad; CPU OS 7_0_4 like Mac OS X) AppleWebKit/537.51.1 (KHTML, like Gecko) CriOS/42.0.2311.47 Mobile/11B554a Safari/9537.53"
5.189.144.88 - - [12/May/2015:12:28:56 -0700] "GET / HTTP/1.1" 200 6095 "-" "Mozilla/5.0 (compatible; PageAnalyzer/1.5;)"
136.243.5.87 - - [12/May/2015:12:38:00 -0700] "GET /robots.txt HTTP/1.0" 200 338 "-" "Mozilla/5.0 (compatible; MJ12bot/v1.4.5; http://www.majestic12.co.uk/bot.php?+)"
136.243.5.87 - - [12/May/2015:12:38:09 -0700] "GET /resorts?resort=mountainhigh HTTP/1.0" 404 495 "-" "Mozilla/5.0 (compatible; MJ12bot/v1.4.5; http://www.majestic12.co.uk/bot.php?+)"
136.243.5.87 - - [12/May/2015:12:38:30 -0700] "GET /robots.txt HTTP/1.0" 200 338 "-" "Mozilla/5.0 (compatible; MJ12bot/v1.4.5; http://www.majestic12.co.uk/bot.php?+)"
136.243.5.87 - - [12/May/2015:12:38:41 -0700] "GET /resorts?resort=mountspokane HTTP/1.0" 404 495 "-" "Mozilla/5.0 (compatible; MJ12bot/v1.4.5; http://www.majestic12.co.uk/bot.php?+)"
136.243.5.87 - - [12/May/2015:12:39:03 -0700] "GET /robots.txt HTTP/1.0" 200 338 "-" "Mozilla/5.0 (compatible; MJ12bot/v1.4.5; http://www.majestic12.co.uk/bot.php?+)"
