24.143.77.191 - - [22/Apr/2015:22:33:34 -0700] "GET /im/api.php?bib=1&r=0.9348268895410001&raceId=2278373444&raceName=taiwan HTTP/1.1" 200 1143 "http://localhost:9000/" "Mozilla/5.0 (Macintosh; Intel Mac OS X 10_10_3) AppleWebKit/537.36 (KHTML, like Gecko) Chrome/42.0.2311.90 Safari/537.36"
24.143.77.191 - - [22/Apr/2015:22:33:34 -0700] "GET /im/api.php?bib=2&r=0.023231626488268375&raceId=2147483665&raceName=neworleans70.3 HTTP/1.1" 200 796 "http://localhost:9000/" "Mozilla/5.0 (Macintosh; Intel Mac OS X 10_10_3) AppleWebKit/537.36 (KHTML, like Gecko) Chrome/42.0.2311.90 Safari/537.36"
24.143.77.191 - - [22/Apr/2015:22:33:36 -0700] "GET /im/api.php?bib=1&r=0.9515326917171478&raceId=2278373444&raceName=taiwan HTTP/1.1" 200 1142 "http://localhost:9000/" "Mozilla/5.0 (Macintosh; Intel Mac OS X 10_10_3) AppleWebKit/537.36 (KHTML, like Gecko) Chrome/42.0.2311.90 Safari/537.36"
24.143.77.191 - - [22/Apr/2015:22:34:07 -0700] "GET /im/api.php?bib=2&r=0.5492414941545576&raceId=2147483665&raceName=neworleans70.3 HTTP/1.1" 200 796 "http://localhost:9000/" "Mozilla/5.0 (Macintosh; Intel Mac OS X 10_10_3) AppleWebKit/537.36 (KHTML, like Gecko) Chrome/42.0.2311.90 Safari/537.36"
24.143.77.191 - - [22/Apr/2015:22:34:07 -0700] "GET /im/api.php?bib=1&r=0.47628520894795656&raceId=2278373444&raceName=taiwan HTTP/1.1" 200 1143 "http://localhost:9000/" "Mozilla/5.0 (Macintosh; Intel Mac OS X 10_10_3) AppleWebKit/537.36 (KHTML, like Gecko) Chrome/42.0.2311.90 Safari/537.36"
24.143.77.191 - - [22/Apr/2015:22:34:07 -0700] "GET /im/api.php?bib=443&r=0.29188037128187716&raceId=2278373444&raceName=taiwan HTTP/1.1" 200 1178 "http://localhost:9000/" "Mozilla/5.0 (Macintosh; Intel Mac OS X 10_10_3) AppleWebKit/537.36 (KHTML, like Gecko) Chrome/42.0.2311.90 Safari/537.36"
24.143.77.191 - - [22/Apr/2015:22:35:42 -0700] "GET /im/api.php?bib=1&r=0.8795215680729598&raceId=2278373444&raceName=taiwan HTTP/1.1" 200 1143 "http://localhost:9000/" "Mozilla/5.0 (Macintosh; Intel Mac OS X 10_10_3) AppleWebKit/537.36 (KHTML, like Gecko) Chrome/42.0.2311.90 Safari/537.36"
24.143.77.191 - - [22/Apr/2015:22:35:45 -0700] "GET /im/api.php?bib=443&r=0.8354326558765024&raceId=2278373444&raceName=taiwan HTTP/1.1" 200 1177 "http://localhost:9000/" "Mozilla/5.0 (Macintosh; Intel Mac OS X 10_10_3) AppleWebKit/537.36 (KHTML, like Gecko) Chrome/42.0.2311.90 Safari/537.36"
24.143.77.191 - - [22/Apr/2015:22:35:49 -0700] "GET /im/api.php?bib=443&r=0.8411506244447082&raceId=2278373444&raceName=taiwan HTTP/1.1" 200 1177 "http://localhost:9000/" "Mozilla/5.0 (Macintosh; Intel Mac OS X 10_10_3) AppleWebKit/537.36 (KHTML, like Gecko) Chrome/42.0.2311.90 Safari/537.36"
24.143.77.191 - - [22/Apr/2015:22:35:50 -0700] "GET /im/api.php?bib=443&r=0.9975040033459663&raceId=2278373444&raceName=taiwan HTTP/1.1" 200 1177 "http://localhost:9000/" "Mozilla/5.0 (Macintosh; Intel Mac OS X 10_10_3) AppleWebKit/537.36 (KHTML, like Gecko) Chrome/42.0.2311.90 Safari/537.36"
24.143.77.191 - - [22/Apr/2015:22:35:53 -0700] "GET /im/api.php?bib=2&r=0.11239186557941139&raceId=2147483665&raceName=neworleans70.3 HTTP/1.1" 200 795 "http://localhost:9000/" "Mozilla/5.0 (Macintosh; Intel Mac OS X 10_10_3) AppleWebKit/537.36 (KHTML, like Gecko) Chrome/42.0.2311.90 Safari/537.36"
24.143.77.191 - - [22/Apr/2015:22:36:03 -0700] "GET /im/api.php?bib=2&r=0.5035297016147524&raceId=2147483665&raceName=neworleans70.3 HTTP/1.1" 200 796 "http://localhost:9000/" "Mozilla/5.0 (Macintosh; Intel Mac OS X 10_10_3) AppleWebKit/537.36 (KHTML, like Gecko) Chrome/42.0.2311.90 Safari/537.36"
24.143.77.191 - - [22/Apr/2015:22:36:10 -0700] "GET /im/api.php?bib=443&r=0.267067254986614&raceId=2278373444&raceName=taiwan HTTP/1.1" 200 1178 "http://localhost:9000/" "Mozilla/5.0 (Macintosh; Intel Mac OS X 10_10_3) AppleWebKit/537.36 (KHTML, like Gecko) Chrome/42.0.2311.90 Safari/537.36"
24.143.77.191 - - [22/Apr/2015:22:36:10 -0700] "GET /im/api.php?bib=2&r=0.23996587516739964&raceId=2147483665&raceName=neworleans70.3 HTTP/1.1" 200 796 "http://localhost:9000/" "Mozilla/5.0 (Macintosh; Intel Mac OS X 10_10_3) AppleWebKit/537.36 (KHTML, like Gecko) Chrome/42.0.2311.90 Safari/537.36"
24.143.77.191 - - [22/Apr/2015:22:36:10 -0700] "GET /im/api.php?bib=1&r=0.5827153015416116&raceId=2278373444&raceName=taiwan HTTP/1.1" 200 1143 "http://localhost:9000/" "Mozilla/5.0 (Macintosh; Intel Mac OS X 10_10_3) AppleWebKit/537.36 (KHTML, like Gecko) Chrome/42.0.2311.90 Safari/537.36"
24.143.77.191 - - [22/Apr/2015:22:36:26 -0700] "GET /im/api.php?bib=443&r=0.5471770567819476&raceId=2278373444&raceName=taiwan HTTP/1.1" 200 1178 "http://localhost:9000/" "Mozilla/5.0 (Macintosh; Intel Mac OS X 10_10_3) AppleWebKit/537.36 (KHTML, like Gecko) Chrome/42.0.2311.90 Safari/537.36"
24.143.77.191 - - [22/Apr/2015:22:40:18 -0700] "GET /im/api.php?bib=443&r=0.5915578757412732&raceId=2278373444&raceName=taiwan HTTP/1.1" 200 1178 "http://localhost:9000/" "Mozilla/5.0 (Macintosh; Intel Mac OS X 10_10_3) AppleWebKit/537.36 (KHTML, like Gecko) Chrome/42.0.2311.90 Safari/537.36"
24.143.77.191 - - [22/Apr/2015:22:40:18 -0700] "GET /im/api.php?bib=2&r=0.7809702430386096&raceId=2147483665&raceName=neworleans70.3 HTTP/1.1" 200 796 "http://localhost:9000/" "Mozilla/5.0 (Macintosh; Intel Mac OS X 10_10_3) AppleWebKit/537.36 (KHTML, like Gecko) Chrome/42.0.2311.90 Safari/537.36"
24.143.77.191 - - [22/Apr/2015:22:40:18 -0700] "GET /im/api.php?bib=1&r=0.3095746855251491&raceId=2278373444&raceName=taiwan HTTP/1.1" 200 1143 "http://localhost:9000/" "Mozilla/5.0 (Macintosh; Intel Mac OS X 10_10_3) AppleWebKit/537.36 (KHTML, like Gecko) Chrome/42.0.2311.90 Safari/537.36"
24.143.77.191 - - [22/Apr/2015:22:40:22 -0700] "GET /im/api.php?bib=1&r=0.8730456021148711&raceId=2278373444&raceName=taiwan HTTP/1.1" 200 1142 "http://localhost:9000/" "Mozilla/5.0 (Macintosh; Intel Mac OS X 10_10_3) AppleWebKit/537.36 (KHTML, like Gecko) Chrome/42.0.2311.90 Safari/537.36"
24.143.77.191 - - [22/Apr/2015:22:40:52 -0700] "GET /im/api.php?bib=2&r=0.491525772260502&raceId=2147483665&raceName=neworleans70.3 HTTP/1.1" 200 796 "http://localhost:9000/" "Mozilla/5.0 (Macintosh; Intel Mac OS X 10_10_3) AppleWebKit/537.36 (KHTML, like Gecko) Chrome/42.0.2311.90 Safari/537.36"
24.143.77.191 - - [22/Apr/2015:22:40:52 -0700] "GET /im/api.php?bib=1&r=0.013020806713029742&raceId=2278373444&raceName=taiwan HTTP/1.1" 200 1143 "http://localhost:9000/" "Mozilla/5.0 (Macintosh; Intel Mac OS X 10_10_3) AppleWebKit/537.36 (KHTML, like Gecko) Chrome/42.0.2311.90 Safari/537.36"
24.143.77.191 - - [22/Apr/2015:22:40:52 -0700] "GET /im/api.php?bib=443&r=0.8503968387376517&raceId=2278373444&raceName=taiwan HTTP/1.1" 200 1178 "http://localhost:9000/" "Mozilla/5.0 (Macintosh; Intel Mac OS X 10_10_3) AppleWebKit/537.36 (KHTML, like Gecko) Chrome/42.0.2311.90 Safari/537.36"
24.143.77.191 - - [22/Apr/2015:22:40:58 -0700] "GET /im/api.php?bib=1&r=0.26947206375189126&raceId=2278373444&raceName=taiwan HTTP/1.1" 200 1143 "http://localhost:9000/" "Mozilla/5.0 (Macintosh; Intel Mac OS X 10_10_3) AppleWebKit/537.36 (KHTML, like Gecko) Chrome/42.0.2311.90 Safari/537.36"
24.143.77.191 - - [22/Apr/2015:22:41:08 -0700] "GET /im/api.php?bib=443&r=0.6832106390502304&raceId=2278373444&raceName=taiwan HTTP/1.1" 200 1178 "http://localhost:9000/" "Mozilla/5.0 (Macintosh; Intel Mac OS X 10_10_3) AppleWebKit/537.36 (KHTML, like Gecko) Chrome/42.0.2311.90 Safari/537.36"
24.143.77.191 - - [22/Apr/2015:22:41:18 -0700] "GET /im/api.php?bib=2&r=0.11643542675301433&raceId=2147483665&raceName=neworleans70.3 HTTP/1.1" 200 796 "http://localhost:9000/" "Mozilla/5.0 (Macintosh; Intel Mac OS X 10_10_3) AppleWebKit/537.36 (KHTML, like Gecko) Chrome/42.0.2311.90 Safari/537.36"
24.143.77.191 - - [22/Apr/2015:22:41:45 -0700] "GET /im/api.php?bib=443&r=0.615684489486739&raceId=2278373444&raceName=taiwan HTTP/1.1" 200 1178 "http://localhost:9000/" "Mozilla/5.0 (Macintosh; Intel Mac OS X 10_10_3) AppleWebKit/537.36 (KHTML, like Gecko) Chrome/42.0.2311.90 Safari/537.36"
24.143.77.191 - - [22/Apr/2015:22:41:45 -0700] "GET /im/api.php?bib=2&r=0.8819247407373041&raceId=2147483665&raceName=neworleans70.3 HTTP/1.1" 200 796 "http://localhost:9000/" "Mozilla/5.0 (Macintosh; Intel Mac OS X 10_10_3) AppleWebKit/537.36 (KHTML, like Gecko) Chrome/42.0.2311.90 Safari/537.36"
24.143.77.191 - - [22/Apr/2015:22:41:45 -0700] "GET /im/api.php?bib=1&r=0.827933898428455&raceId=2278373444&raceName=taiwan HTTP/1.1" 200 1143 "http://localhost:9000/" "Mozilla/5.0 (Macintosh; Intel Mac OS X 10_10_3) AppleWebKit/537.36 (KHTML, like Gecko) Chrome/42.0.2311.90 Safari/537.36"
24.143.77.191 - - [22/Apr/2015:22:41:47 -0700] "GET /im/api.php?bib=443&r=0.04691770556382835&raceId=2278373444&raceName=taiwan HTTP/1.1" 200 1177 "http://localhost:9000/" "Mozilla/5.0 (Macintosh; Intel Mac OS X 10_10_3) AppleWebKit/537.36 (KHTML, like Gecko) Chrome/42.0.2311.90 Safari/537.36"
24.143.77.191 - - [22/Apr/2015:22:41:49 -0700] "GET /im/api.php?bib=443&r=0.9491198561154306&raceId=2278373444&raceName=taiwan HTTP/1.1" 200 1177 "http://localhost:9000/" "Mozilla/5.0 (Macintosh; Intel Mac OS X 10_10_3) AppleWebKit/537.36 (KHTML, like Gecko) Chrome/42.0.2311.90 Safari/537.36"
24.143.77.191 - - [22/Apr/2015:22:41:53 -0700] "GET /im/api.php?bib=1&r=0.5011491251643747&raceId=2278373444&raceName=taiwan HTTP/1.1" 200 1142 "http://localhost:9000/" "Mozilla/5.0 (Macintosh; Intel Mac OS X 10_10_3) AppleWebKit/537.36 (KHTML, like Gecko) Chrome/42.0.2311.90 Safari/537.36"
24.143.77.191 - - [22/Apr/2015:22:42:29 -0700] "GET /im/api.php?bib=2&r=0.12330441479571164&raceId=2147483665&raceName=neworleans70.3 HTTP/1.1" 200 796 "http://localhost:9000/" "Mozilla/5.0 (Macintosh; Intel Mac OS X 10_10_3) AppleWebKit/537.36 (KHTML, like Gecko) Chrome/42.0.2311.90 Safari/537.36"
24.143.77.191 - - [22/Apr/2015:22:42:29 -0700] "GET /im/api.php?bib=443&r=0.7647396554239094&raceId=2278373444&raceName=taiwan HTTP/1.1" 200 1178 "http://localhost:9000/" "Mozilla/5.0 (Macintosh; Intel Mac OS X 10_10_3) AppleWebKit/537.36 (KHTML, like Gecko) Chrome/42.0.2311.90 Safari/537.36"
24.143.77.191 - - [22/Apr/2015:22:42:29 -0700] "GET /im/api.php?bib=1&r=0.4957596000749618&raceId=2278373444&raceName=taiwan HTTP/1.1" 200 1143 "http://localhost:9000/" "Mozilla/5.0 (Macintosh; Intel Mac OS X 10_10_3) AppleWebKit/537.36 (KHTML, like Gecko) Chrome/42.0.2311.90 Safari/537.36"
24.143.77.191 - - [22/Apr/2015:22:42:31 -0700] "GET /im/api.php?bib=443&r=0.14740093471482396&raceId=2278373444&raceName=taiwan HTTP/1.1" 200 1177 "http://localhost:9000/" "Mozilla/5.0 (Macintosh; Intel Mac OS X 10_10_3) AppleWebKit/537.36 (KHTML, like Gecko) Chrome/42.0.2311.90 Safari/537.36"
24.143.77.191 - - [22/Apr/2015:22:42:46 -0700] "GET /im/api.php?bib=2&r=0.5678814800921828&raceId=2147483665&raceName=neworleans70.3 HTTP/1.1" 200 796 "http://localhost:9000/" "Mozilla/5.0 (Macintosh; Intel Mac OS X 10_10_3) AppleWebKit/537.36 (KHTML, like Gecko) Chrome/42.0.2311.90 Safari/537.36"
24.143.77.191 - - [22/Apr/2015:22:42:46 -0700] "GET /im/api.php?bib=443&r=0.40629900293424726&raceId=2278373444&raceName=taiwan HTTP/1.1" 200 1178 "http://localhost:9000/" "Mozilla/5.0 (Macintosh; Intel Mac OS X 10_10_3) AppleWebKit/537.36 (KHTML, like Gecko) Chrome/42.0.2311.90 Safari/537.36"
24.143.77.191 - - [22/Apr/2015:22:42:46 -0700] "GET /im/api.php?bib=1&r=0.2000217493623495&raceId=2278373444&raceName=taiwan HTTP/1.1" 200 1143 "http://localhost:9000/" "Mozilla/5.0 (Macintosh; Intel Mac OS X 10_10_3) AppleWebKit/537.36 (KHTML, like Gecko) Chrome/42.0.2311.90 Safari/537.36"
24.143.77.191 - - [22/Apr/2015:22:42:48 -0700] "GET /im/api.php?bib=443&r=0.6209195735864341&raceId=2278373444&raceName=taiwan HTTP/1.1" 200 1177 "http://localhost:9000/" "Mozilla/5.0 (Macintosh; Intel Mac OS X 10_10_3) AppleWebKit/537.36 (KHTML, like Gecko) Chrome/42.0.2311.90 Safari/537.36"
24.143.77.191 - - [22/Apr/2015:22:42:48 -0700] "GET /im/api.php?bib=2&r=0.2466034651733935&raceId=2147483665&raceName=neworleans70.3 HTTP/1.1" 200 795 "http://localhost:9000/" "Mozilla/5.0 (Macintosh; Intel Mac OS X 10_10_3) AppleWebKit/537.36 (KHTML, like Gecko) Chrome/42.0.2311.90 Safari/537.36"
24.143.77.191 - - [22/Apr/2015:22:42:48 -0700] "GET /im/api.php?bib=1&r=0.8275932786054909&raceId=2278373444&raceName=taiwan HTTP/1.1" 200 1142 "http://localhost:9000/" "Mozilla/5.0 (Macintosh; Intel Mac OS X 10_10_3) AppleWebKit/537.36 (KHTML, like Gecko) Chrome/42.0.2311.90 Safari/537.36"
24.143.77.191 - - [22/Apr/2015:22:42:51 -0700] "GET /im/api.php?bib=443&r=0.31996838259510696&raceId=2278373444&raceName=taiwan HTTP/1.1" 200 1177 "http://localhost:9000/" "Mozilla/5.0 (Macintosh; Intel Mac OS X 10_10_3) AppleWebKit/537.36 (KHTML, like Gecko) Chrome/42.0.2311.90 Safari/537.36"
24.143.77.191 - - [22/Apr/2015:22:42:58 -0700] "GET /im/api.php?bib=2&r=0.9745551692321897&raceId=2147483665&raceName=neworleans70.3 HTTP/1.1" 200 796 "http://localhost:9000/" "Mozilla/5.0 (Macintosh; Intel Mac OS X 10_10_3) AppleWebKit/537.36 (KHTML, like Gecko) Chrome/42.0.2311.90 Safari/537.36"
24.143.77.191 - - [22/Apr/2015:22:43:01 -0700] "GET /im/api.php?bib=2&r=0.1945876709651202&raceId=2147483665&raceName=neworleans70.3 HTTP/1.1" 200 795 "http://localhost:9000/" "Mozilla/5.0 (Macintosh; Intel Mac OS X 10_10_3) AppleWebKit/537.36 (KHTML, like Gecko) Chrome/42.0.2311.90 Safari/537.36"
68.180.228.182 - - [22/Apr/2015:22:43:33 -0700] "GET /resorts?resort=skibluewood&date=2014-10-08 HTTP/1.1" 404 450 "-" "Mozilla/5.0 (compatible; Yahoo! Slurp; http://help.yahoo.com/help/us/ysearch/slurp)"
24.143.77.191 - - [22/Apr/2015:22:43:56 -0700] "GET /im/api.php?bib=2&r=0.13608278916217387&raceId=2147483665&raceName=neworleans70.3 HTTP/1.1" 200 796 "http://localhost:9000/" "Mozilla/5.0 (Macintosh; Intel Mac OS X 10_10_3) AppleWebKit/537.36 (KHTML, like Gecko) Chrome/42.0.2311.90 Safari/537.36"
24.143.77.191 - - [22/Apr/2015:22:43:56 -0700] "GET /im/api.php?bib=443&r=0.6113222579006106&raceId=2278373444&raceName=taiwan HTTP/1.1" 200 1178 "http://localhost:9000/" "Mozilla/5.0 (Macintosh; Intel Mac OS X 10_10_3) AppleWebKit/537.36 (KHTML, like Gecko) Chrome/42.0.2311.90 Safari/537.36"
24.143.77.191 - - [22/Apr/2015:22:43:56 -0700] "GET /im/api.php?bib=1&r=0.600147012155503&raceId=2278373444&raceName=taiwan HTTP/1.1" 200 1143 "http://localhost:9000/" "Mozilla/5.0 (Macintosh; Intel Mac OS X 10_10_3) AppleWebKit/537.36 (KHTML, like Gecko) Chrome/42.0.2311.90 Safari/537.36"
24.143.77.191 - - [22/Apr/2015:22:43:58 -0700] "GET /im/api.php?bib=443&r=0.34547889581881464&raceId=2278373444&raceName=taiwan HTTP/1.1" 200 1177 "http://localhost:9000/" "Mozilla/5.0 (Macintosh; Intel Mac OS X 10_10_3) AppleWebKit/537.36 (KHTML, like Gecko) Chrome/42.0.2311.90 Safari/537.36"
24.143.77.191 - - [22/Apr/2015:22:43:58 -0700] "GET /im/api.php?bib=1&r=0.6523770920466632&raceId=2278373444&raceName=taiwan HTTP/1.1" 200 1142 "http://localhost:9000/" "Mozilla/5.0 (Macintosh; Intel Mac OS X 10_10_3) AppleWebKit/537.36 (KHTML, like Gecko) Chrome/42.0.2311.90 Safari/537.36"
24.143.77.191 - - [22/Apr/2015:22:43:58 -0700] "GET /im/api.php?bib=2&r=0.08008664147928357&raceId=2147483665&raceName=neworleans70.3 HTTP/1.1" 200 795 "http://localhost:9000/" "Mozilla/5.0 (Macintosh; Intel Mac OS X 10_10_3) AppleWebKit/537.36 (KHTML, like Gecko) Chrome/42.0.2311.90 Safari/537.36"
24.143.77.191 - - [22/Apr/2015:22:44:00 -0700] "GET /im/api.php?bib=443&r=0.9036544994451106&raceId=2278373444&raceName=taiwan HTTP/1.1" 200 1177 "http://localhost:9000/" "Mozilla/5.0 (Macintosh; Intel Mac OS X 10_10_3) AppleWebKit/537.36 (KHTML, like Gecko) Chrome/42.0.2311.90 Safari/537.36"
24.143.77.191 - - [22/Apr/2015:22:44:06 -0700] "GET /im/api.php?bib=1&r=0.6646968654822558&raceId=2278373444&raceName=taiwan HTTP/1.1" 200 1143 "http://localhost:9000/" "Mozilla/5.0 (Macintosh; Intel Mac OS X 10_10_3) AppleWebKit/537.36 (KHTML, like Gecko) Chrome/42.0.2311.90 Safari/537.36"
24.143.77.191 - - [22/Apr/2015:22:44:24 -0700] "GET /im/api.php?bib=1&r=0.5752325807698071&raceId=2278373444&raceName=taiwan HTTP/1.1" 200 1143 "http://localhost:9000/" "Mozilla/5.0 (Macintosh; Intel Mac OS X 10_10_3) AppleWebKit/537.36 (KHTML, like Gecko) Chrome/42.0.2311.90 Safari/537.36"
24.143.77.191 - - [22/Apr/2015:22:44:53 -0700] "GET /im/api.php?bib=2&r=0.5193131875712425&raceId=2147483665&raceName=neworleans70.3 HTTP/1.1" 200 796 "http://localhost:9000/" "Mozilla/5.0 (Macintosh; Intel Mac OS X 10_10_3) AppleWebKit/537.36 (KHTML, like Gecko) Chrome/42.0.2311.90 Safari/537.36"
24.143.77.191 - - [22/Apr/2015:22:44:53 -0700] "GET /im/api.php?bib=443&r=0.7503825149033219&raceId=2278373444&raceName=taiwan HTTP/1.1" 200 1178 "http://localhost:9000/" "Mozilla/5.0 (Macintosh; Intel Mac OS X 10_10_3) AppleWebKit/537.36 (KHTML, like Gecko) Chrome/42.0.2311.90 Safari/537.36"
24.143.77.191 - - [22/Apr/2015:22:44:53 -0700] "GET /im/api.php?bib=1&r=0.5140198597218841&raceId=2278373444&raceName=taiwan HTTP/1.1" 200 1143 "http://localhost:9000/" "Mozilla/5.0 (Macintosh; Intel Mac OS X 10_10_3) AppleWebKit/537.36 (KHTML, like Gecko) Chrome/42.0.2311.90 Safari/537.36"
24.32.30.235 - - [22/Apr/2015:22:47:26 -0700] "GET /images/wsis-logo-sm.png HTTP/1.1" 200 6108 "http://www.thebackcountry.net/" "Mozilla/5.0 (Macintosh; Intel Mac OS X 10_10_2) AppleWebKit/537.36 (KHTML, like Gecko) Chrome/42.0.2311.90 Safari/537.36"
148.186.4.106 - - [22/Apr/2015:22:50:17 -0700] "GET /images/wsis-logo-sm.png HTTP/1.1" 200 6108 "http://www.thebackcountry.net/" "Mozilla/5.0 (compatible; MSIE 10.0; Windows NT 6.1; WOW64; Trident/6.0)"
66.249.65.6 - - [22/Apr/2015:22:50:28 -0700] "GET / HTTP/1.1" 200 2376 "-" "Mozilla/5.0 (compatible; Googlebot/2.1; +http://www.google.com/bot.html)"
170.75.162.130 - - [22/Apr/2015:22:52:28 -0700] "GET /lib/reccapi.php?resort=cannonmountain HTTP/1.1" 200 1049 "-" "node-superagent/0.18.2"
203.133.169.104 - - [22/Apr/2015:22:53:56 -0700] "GET / HTTP/1.1" 200 2376 "-" "Mozilla/5.0 (compatible; MSIE or Firefox mutant; not on Windows server;) Daumoa/4.0"
220.181.108.158 - - [22/Apr/2015:22:54:02 -0700] "GET /about HTTP/1.1" 404 472 "-" "Mozilla/5.0 (compatible; Baiduspider/2.0; +http://www.baidu.com/search/spider.html)"
170.75.162.130 - - [22/Apr/2015:23:14:39 -0700] "GET /lib/reccapi.php?resort=sundayriver HTTP/1.1" 200 1039 "-" "node-superagent/0.18.2"
170.75.162.130 - - [22/Apr/2015:23:14:40 -0700] "GET /lib/reccapi.php?resort=sugarloaf HTTP/1.1" 200 1025 "-" "node-superagent/0.18.2"
49.199.22.191 - - [22/Apr/2015:23:18:25 -0700] "GET /images/wsis-logo-sm.png HTTP/1.1" 200 6108 "http://www.thebackcountry.net/" "Mozilla/5.0 (iPhone; CPU iPhone OS 8_3 like Mac OS X) AppleWebKit/600.1.4 (KHTML, like Gecko) GSA/5.2.43972 Mobile/12F70 Safari/600.1.4"
123.125.71.54 - - [22/Apr/2015:23:20:24 -0700] "GET / HTTP/1.1" 200 2339 "-" "Mozilla/5.0 (Windows NT 5.1; rv:6.0.2) Gecko/20100101 Firefox/6.0.2"
123.125.71.46 - - [22/Apr/2015:23:21:12 -0700] "GET / HTTP/1.1" 200 6114 "-" "Mozilla/5.0 (Windows NT 5.1; rv:6.0.2) Gecko/20100101 Firefox/6.0.2"
66.249.65.135 - - [22/Apr/2015:23:21:42 -0700] "GET /lib/resortDataSearch.php?resort=bearmountain&dateStart=2013-09-30&dateMax=2013-10-14&size=30 HTTP/1.1" 200 331 "-" "Mozilla/5.0 (iPhone; CPU iPhone OS 6_0 like Mac OS X) AppleWebKit/536.26 (KHTML, like Gecko) Version/6.0 Mobile/10A5376e Safari/8536.25 (compatible; Googlebot/2.1; +http://www.google.com/bot.html)"
208.115.113.83 - - [22/Apr/2015:23:22:43 -0700] "GET /resorts?resort=crystalmountain HTTP/1.1" 404 476 "-" "Mozilla/5.0 (compatible; DotBot/1.1; http://www.opensiteexplorer.org/dotbot, help@moz.com)"
220.181.108.105 - - [22/Apr/2015:23:24:30 -0700] "GET / HTTP/1.1" 200 2339 "-" "Mozilla/5.0 (Windows NT 5.1; rv:6.0.2) Gecko/20100101 Firefox/6.0.2"
220.181.108.106 - - [22/Apr/2015:23:25:38 -0700] "-" 408 0 "-" "-"
61.160.247.137 - - [22/Apr/2015:23:29:49 -0700] "GET /manager/html HTTP/1.1" 404 470 "-" "Mozilla/5.0 (compatible; MSIE 10.0; Windows NT 6.2; WOW64; Trident/6.0)"
208.54.5.229 - - [22/Apr/2015:23:30:43 -0700] "GET /images/wsis-logo-sm.png HTTP/1.1" 200 6108 "http://www.thebackcountry.net/" "Mozilla/5.0 (iPhone; CPU iPhone OS 7_0_6 like Mac OS X) AppleWebKit/537.51.1 (KHTML, like Gecko) Version/7.0 Mobile/11B651 Safari/9537.53"
170.75.162.130 - - [22/Apr/2015:23:36:01 -0700] "GET /lib/reccapi.php?resort=grandtarghee HTTP/1.1" 200 1013 "-" "node-superagent/0.18.2"
170.75.162.130 - - [22/Apr/2015:23:36:02 -0700] "GET /lib/reccapi.php?resort=jacksonhole HTTP/1.1" 200 1003 "-" "node-superagent/0.18.2"
180.76.4.105 - - [22/Apr/2015:23:50:14 -0700] "GET / HTTP/1.1" 200 6114 "-" "Mozilla/4.0 (compatible; MSIE 7.0; Windows NT 6.0)"
170.75.162.130 - - [23/Apr/2015:00:00:34 -0700] "GET /lib/reccapi.php?resort=stevenspass HTTP/1.1" 200 1016 "-" "node-superagent/0.18.2"
170.75.162.130 - - [23/Apr/2015:00:00:34 -0700] "GET /lib/reccapi.php?resort=mountspokane HTTP/1.1" 200 991 "-" "node-superagent/0.18.2"
170.75.162.130 - - [23/Apr/2015:00:00:34 -0700] "GET /lib/reccapi.php?resort=49degreesnorth HTTP/1.1" 200 978 "-" "node-superagent/0.18.2"
123.125.71.29 - - [23/Apr/2015:00:02:20 -0700] "-" 408 0 "-" "-"
170.75.162.130 - - [23/Apr/2015:00:07:05 -0700] "GET /lib/reccapi.php?resort=aspenheights HTTP/1.1" 200 1061 "-" "node-superagent/0.18.2"
170.75.162.130 - - [23/Apr/2015:00:07:05 -0700] "GET /lib/reccapi.php?resort=alta HTTP/1.1" 200 1061 "-" "node-superagent/0.18.2"
170.75.162.130 - - [23/Apr/2015:00:07:05 -0700] "GET /lib/reccapi.php?resort=arapahoebasin HTTP/1.1" 200 1116 "-" "node-superagent/0.18.2"
170.75.162.130 - - [23/Apr/2015:00:07:05 -0700] "GET /lib/reccapi.php?resort=angelfire HTTP/1.1" 200 1044 "-" "node-superagent/0.18.2"
220.181.108.168 - - [23/Apr/2015:00:07:41 -0700] "GET / HTTP/1.1" 200 2339 "-" "Mozilla/5.0 (Windows NT 5.1; rv:6.0.2) Gecko/20100101 Firefox/6.0.2"
220.181.108.168 - - [23/Apr/2015:00:08:46 -0700] "-" 408 0 "-" "-"
104.207.141.65 - - [23/Apr/2015:00:09:25 -0700] "GET / HTTP/1.0" 200 6114 "-" "-"
68.180.228.182 - - [23/Apr/2015:00:10:27 -0700] "GET /robots.txt HTTP/1.1" 304 152 "-" "Mozilla/5.0 (compatible; Yahoo! Slurp; http://help.yahoo.com/help/us/ysearch/slurp)"
68.180.228.182 - - [23/Apr/2015:00:10:27 -0700] "GET /resorts?resort=hurricaneridge&date=2014-11-21 HTTP/1.1" 404 450 "-" "Mozilla/5.0 (compatible; Yahoo! Slurp; http://help.yahoo.com/help/us/ysearch/slurp)"
66.249.65.184 - - [23/Apr/2015:00:10:30 -0700] "GET / HTTP/1.1" 200 2376 "-" "Mozilla/5.0 (compatible; Googlebot/2.1; +http://www.google.com/bot.html)"
98.238.168.216 - - [23/Apr/2015:00:11:35 -0700] "GET /images/wsis-logo-sm.png HTTP/1.1" 200 6108 "http://www.thebackcountry.net/" "Mozilla/5.0 (Macintosh; Intel Mac OS X 10_10_3) AppleWebKit/537.36 (KHTML, like Gecko) Chrome/42.0.2311.90 Safari/537.36"
71.202.223.187 - - [23/Apr/2015:00:14:43 -0700] "GET /images/wsis-logo-sm.png HTTP/1.1" 200 6108 "http://www.thebackcountry.net/" "Mozilla/5.0 (Macintosh; Intel Mac OS X 10_10_0) AppleWebKit/537.36 (KHTML, like Gecko) Chrome/42.0.2311.90 Safari/537.36"
170.75.162.130 - - [23/Apr/2015:00:14:45 -0700] "GET /lib/reccapi.php?resort=buttermilk HTTP/1.1" 200 1030 "-" "node-superagent/0.18.2"
170.75.162.130 - - [23/Apr/2015:00:14:45 -0700] "GET /lib/reccapi.php?resort=loveland HTTP/1.1" 200 1104 "-" "node-superagent/0.18.2"
170.75.162.130 - - [23/Apr/2015:00:14:45 -0700] "GET /lib/reccapi.php?resort=snowmass HTTP/1.1" 200 1032 "-" "node-superagent/0.18.2"
170.75.162.130 - - [23/Apr/2015:00:14:45 -0700] "GET /lib/reccapi.php?resort=snowbasin HTTP/1.1" 200 1058 "-" "node-superagent/0.18.2"
170.75.162.130 - - [23/Apr/2015:00:18:45 -0700] "GET /lib/reccapi.php?resort=keystone HTTP/1.1" 200 1033 "-" "node-superagent/0.18.2"
170.75.162.130 - - [23/Apr/2015:00:18:46 -0700] "GET /lib/reccapi.php?resort=winterpark HTTP/1.1" 200 1016 "-" "node-superagent/0.18.2"
170.75.162.130 - - [23/Apr/2015:00:18:46 -0700] "GET /lib/reccapi.php?resort=telluride HTTP/1.1" 200 1033 "-" "node-superagent/0.18.2"
170.75.162.130 - - [23/Apr/2015:00:19:25 -0700] "GET /lib/reccapi.php?resort=mounthoodmeadows HTTP/1.1" 200 1071 "-" "node-superagent/0.18.2"
170.75.162.130 - - [23/Apr/2015:00:19:25 -0700] "GET /lib/reccapi.php?resort=mountbachelor HTTP/1.1" 200 1010 "-" "node-superagent/0.18.2"
170.75.162.130 - - [23/Apr/2015:00:19:25 -0700] "GET /lib/reccapi.php?resort=wildcatmountain HTTP/1.1" 200 1080 "-" "node-superagent/0.18.2"
170.75.162.130 - - [23/Apr/2015:00:19:25 -0700] "GET /lib/reccapi.php?resort=hoodoo HTTP/1.1" 200 1047 "-" "node-superagent/0.18.2"
170.75.162.130 - - [23/Apr/2015:00:24:56 -0700] "GET /lib/reccapi.php?resort=sunpeaksresort HTTP/1.1" 200 925 "-" "node-superagent/0.18.2"
68.180.228.182 - - [23/Apr/2015:00:31:02 -0700] "GET /resorts?resort=canyons&date=2014-11-14 HTTP/1.1" 404 450 "-" "Mozilla/5.0 (compatible; Yahoo! Slurp; http://help.yahoo.com/help/us/ysearch/slurp)"
207.192.248.172 - - [23/Apr/2015:00:37:07 -0700] "GET /images/wsis-logo-sm.png HTTP/1.1" 200 6108 "http://www.thebackcountry.net/" "Mozilla/5.0 (iPhone; CPU iPhone OS 7_1_2 like Mac OS X) AppleWebKit/537.51.2 (KHTML, like Gecko) Version/7.0 Mobile/11D257 Safari/9537.53"
220.241.45.142 - - [23/Apr/2015:00:47:15 -0700] "GET /robots.txt HTTP/1.0" 200 338 "-" "Mozilla/5.0 (compatible; MJ12bot/v1.4.5; http://www.majestic12.co.uk/bot.php?+)"
220.241.45.142 - - [23/Apr/2015:00:47:16 -0700] "GET /resorts?resort=mammothmountain HTTP/1.0" 404 495 "-" "Mozilla/5.0 (compatible; MJ12bot/v1.4.5; http://www.majestic12.co.uk/bot.php?+)"
220.241.45.142 - - [23/Apr/2015:00:47:31 -0700] "GET /robots.txt HTTP/1.0" 200 338 "-" "Mozilla/5.0 (compatible; MJ12bot/v1.4.5; http://www.majestic12.co.uk/bot.php?+)"
220.241.45.142 - - [23/Apr/2015:00:47:33 -0700] "GET /resorts?resort=parkcity HTTP/1.0" 404 495 "-" "Mozilla/5.0 (compatible; MJ12bot/v1.4.5; http://www.majestic12.co.uk/bot.php?+)"
220.241.45.142 - - [23/Apr/2015:00:47:35 -0700] "GET /resorts?resort=snowbasin HTTP/1.0" 404 469 "-" "Mozilla/5.0 (compatible; MJ12bot/v1.4.5; http://www.majestic12.co.uk/bot.php?+)"
220.241.45.142 - - [23/Apr/2015:00:47:37 -0700] "GET /resorts?resort=snowbird HTTP/1.0" 404 469 "-" "Mozilla/5.0 (compatible; MJ12bot/v1.4.5; http://www.majestic12.co.uk/bot.php?+)"
220.241.45.142 - - [23/Apr/2015:00:47:38 -0700] "GET /robots.txt HTTP/1.0" 200 338 "-" "Mozilla/5.0 (compatible; MJ12bot/v1.4.5; http://www.majestic12.co.uk/bot.php?+)"
220.241.45.142 - - [23/Apr/2015:00:47:40 -0700] "GET /resorts?resort=solitude HTTP/1.0" 404 495 "-" "Mozilla/5.0 (compatible; MJ12bot/v1.4.5; http://www.majestic12.co.uk/bot.php?+)"
220.241.45.142 - - [23/Apr/2015:00:47:42 -0700] "GET /resorts?resort=taos HTTP/1.0" 404 469 "-" "Mozilla/5.0 (compatible; MJ12bot/v1.4.5; http://www.majestic12.co.uk/bot.php?+)"
220.241.45.142 - - [23/Apr/2015:00:47:44 -0700] "GET /robots.txt HTTP/1.0" 200 338 "-" "Mozilla/5.0 (compatible; MJ12bot/v1.4.5; http://www.majestic12.co.uk/bot.php?+)"
220.241.45.142 - - [23/Apr/2015:00:47:46 -0700] "GET /about HTTP/1.0" 404 499 "-" "Mozilla/5.0 (compatible; MJ12bot/v1.4.5; http://www.majestic12.co.uk/bot.php?+)"
52.1.4.182 - - [23/Apr/2015:00:48:15 -0700] "HEAD / HTTP/1.1" 200 334 "-" "Mozilla/5.0 (Windows NT 6.1; compatible; BDCbot/1.0; +http://ecommerce.bigdatacorp.com.br/faq.aspx) ppleWebKit/537.36 (KHTML, like Gecko) Chrome/41.0.2272.118 Safari/537.36"
52.1.4.182 - - [23/Apr/2015:00:48:17 -0700] "GET / HTTP/1.1" 200 2339 "-" "Mozilla/5.0 (Windows NT 6.1; compatible; BDCbot/1.0; +http://ecommerce.bigdatacorp.com.br/faq.aspx) ppleWebKit/537.36 (KHTML, like Gecko) Chrome/41.0.2272.118 Safari/537.36"
52.1.4.182 - - [23/Apr/2015:00:48:20 -0700] "GET /robots.txt HTTP/1.1" 200 382 "-" "Mozilla/5.0 (Windows NT 6.1; compatible; BDCbot/1.0; +http://ecommerce.bigdatacorp.com.br/faq.aspx) ppleWebKit/537.36 (KHTML, like Gecko) Chrome/41.0.2272.118 Safari/537.36"
52.1.4.182 - - [23/Apr/2015:00:48:23 -0700] "HEAD /scripts/scripts/vendor/modernizr.js HTTP/1.1" 200 347 "-" "Mozilla/5.0 (Windows NT 6.1; compatible; BDCbot/1.0; +http://ecommerce.bigdatacorp.com.br/faq.aspx) ppleWebKit/537.36 (KHTML, like Gecko) Chrome/41.0.2272.118 Safari/537.36"
52.1.4.182 - - [23/Apr/2015:00:48:26 -0700] "GET /scripts/scripts/vendor/modernizr.js HTTP/1.1" 200 4866 "http://www.whereshouldiski.com/" "Mozilla/5.0 (Windows NT 6.1; compatible; BDCbot/1.0; +http://ecommerce.bigdatacorp.com.br/faq.aspx) ppleWebKit/537.36 (KHTML, like Gecko) Chrome/41.0.2272.118 Safari/537.36"
52.1.4.182 - - [23/Apr/2015:00:48:26 -0700] "HEAD /about HTTP/1.1" 404 226 "-" "Mozilla/5.0 (Windows NT 6.1; compatible; BDCbot/1.0; +http://ecommerce.bigdatacorp.com.br/faq.aspx) ppleWebKit/537.36 (KHTML, like Gecko) Chrome/41.0.2272.118 Safari/537.36"
52.1.4.182 - - [23/Apr/2015:00:48:26 -0700] "HEAD /about HTTP/1.1" 404 226 "-" "Mozilla/5.0 (Windows NT 6.1; compatible; BDCbot/1.0; +http://ecommerce.bigdatacorp.com.br/faq.aspx) ppleWebKit/537.36 (KHTML, like Gecko) Chrome/41.0.2272.118 Safari/537.36"
52.1.4.182 - - [23/Apr/2015:00:48:28 -0700] "GET /about HTTP/1.1" 404 472 "http://www.whereshouldiski.com/" "Mozilla/5.0 (Windows NT 6.1; compatible; BDCbot/1.0; +http://ecommerce.bigdatacorp.com.br/faq.aspx) ppleWebKit/537.36 (KHTML, like Gecko) Chrome/41.0.2272.118 Safari/537.36"
52.1.4.182 - - [23/Apr/2015:00:48:30 -0700] "GET /about HTTP/1.1" 404 469 "http://www.whereshouldiski.com/" "Mozilla/5.0 (Windows NT 6.1; compatible; BDCbot/1.0; +http://ecommerce.bigdatacorp.com.br/faq.aspx) ppleWebKit/537.36 (KHTML, like Gecko) Chrome/41.0.2272.118 Safari/537.36"
52.1.4.182 - - [23/Apr/2015:00:48:31 -0700] "HEAD /bower_components/requirejs/require.js HTTP/1.1" 200 347 "-" "Mozilla/5.0 (Windows NT 6.1; compatible; BDCbot/1.0; +http://ecommerce.bigdatacorp.com.br/faq.aspx) ppleWebKit/537.36 (KHTML, like Gecko) Chrome/41.0.2272.118 Safari/537.36"
52.1.4.182 - - [23/Apr/2015:00:48:33 -0700] "GET /bower_components/requirejs/require.js HTTP/1.1" 200 6665 "http://www.whereshouldiski.com/" "Mozilla/5.0 (Windows NT 6.1; compatible; BDCbot/1.0; +http://ecommerce.bigdatacorp.com.br/faq.aspx) ppleWebKit/537.36 (KHTML, like Gecko) Chrome/41.0.2272.118 Safari/537.36"
216.52.242.14 - - [23/Apr/2015:00:48:37 -0700] "GET /images/viz-screenshot.png HTTP/1.1" 404 480 "-" "LinkedInBot/1.0 (compatible; Mozilla/5.0; Jakarta Commons-HttpClient/4.3 +http://www.linkedin.com)"
123.125.71.28 - - [23/Apr/2015:01:03:58 -0700] "GET / HTTP/1.1" 200 2339 "-" "Mozilla/5.0 (Windows NT 5.1; rv:6.0.2) Gecko/20100101 Firefox/6.0.2"
123.125.71.58 - - [23/Apr/2015:01:04:48 -0700] "GET / HTTP/1.1" 200 6114 "-" "Mozilla/5.0 (Windows NT 5.1; rv:6.0.2) Gecko/20100101 Firefox/6.0.2"
170.75.162.130 - - [23/Apr/2015:01:07:30 -0700] "GET /lib/reccapi.php?resort=squawvalleyusa HTTP/1.1" 200 1057 "-" "node-superagent/0.18.2"
220.181.108.141 - - [23/Apr/2015:01:08:22 -0700] "GET / HTTP/1.1" 200 2339 "-" "Mozilla/5.0 (Windows NT 5.1; rv:6.0.2) Gecko/20100101 Firefox/6.0.2"
220.181.108.172 - - [23/Apr/2015:01:09:22 -0700] "-" 408 0 "-" "-"
170.75.162.130 - - [23/Apr/2015:01:11:30 -0700] "GET /lib/reccapi.php?resort=killington HTTP/1.1" 200 1071 "-" "node-superagent/0.18.2"
66.249.65.184 - - [23/Apr/2015:01:12:25 -0700] "GET / HTTP/1.1" 200 2376 "-" "Mozilla/5.0 (compatible; Googlebot/2.1; +http://www.google.com/bot.html)"
194.6.233.33 - - [23/Apr/2015:01:17:57 -0700] "GET / HTTP/1.1" 200 6151 "-" "Mozilla/5.0 (Windows NT 6.0) AppleWebKit/537.1 (KHTML, like Gecko) Chrome/23.0.1271.6 Safari/537.11"
194.6.233.33 - - [23/Apr/2015:01:17:57 -0700] "GET /index.php?option=com_myblog&category=aca%27%20/*!union*//**//*!select*/%20group_concat(username,0x3a,password,0x3a,usertype)%20from%20jos_users%20where%20usertype=%27Super%20Administrator%27%20--%20%27 HTTP/1.1" 404 535 "-" "Mozilla/5.0 (Windows NT 6.0) AppleWebKit/537.1 (KHTML, like Gecko) Chrome/23.0.1271.6 Safari/537.11"
194.6.233.33 - - [23/Apr/2015:01:17:58 -0700] "GET /index.php?option=com_tag&controller=tag&task=add&tmpl=component&article_id=9876543210+union+select+concat_ws(0x3a,username,password,usertype)+from+jos_users+where%20usertype=0x53757065722041646d696e6973747261746f72 HTTP/1.1" 404 535 "-" "Mozilla/5.0 (Windows NT 6.0) AppleWebKit/537.1 (KHTML, like Gecko) Chrome/23.0.1271.6 Safari/537.11"
194.6.233.33 - - [23/Apr/2015:01:17:59 -0700] "GET /index.php?option=com_aist&view=vacancylist&contact_id=1+union+select+1,2,3,4,group_concat(username,0x3a,password,0x3a,usertype),6,7,8,9,10,11,12,13,14,15,16,17,18,19,20,21,22,23,24,25,26,27,28,29,30,31,32,33,34,35,36+from+jos_users-- HTTP/1.1" 404 535 "-" "Mozilla/5.0 (Windows NT 6.0) AppleWebKit/537.1 (KHTML, like Gecko) Chrome/23.0.1271.6 Safari/537.11"
170.75.162.130 - - [23/Apr/2015:01:25:41 -0700] "GET /lib/reccapi.php?resort=kirkwood HTTP/1.1" 200 1103 "-" "node-superagent/0.18.2"
180.76.6.154 - - [23/Apr/2015:01:26:27 -0700] "GET /resorts?resort=bigwhite&date=2014-01-09 HTTP/1.1" 404 472 "-" "Mozilla/5.0 (compatible; Baiduspider/2.0; +http://www.baidu.com/search/spider.html)"
170.75.162.130 - - [23/Apr/2015:01:49:23 -0700] "GET /lib/reccapi.php?resort=heavenly HTTP/1.1" 200 1089 "-" "node-superagent/0.18.2"
170.75.162.130 - - [23/Apr/2015:01:49:23 -0700] "GET /lib/reccapi.php?resort=canyons HTTP/1.1" 200 1074 "-" "node-superagent/0.18.2"
123.125.71.48 - - [23/Apr/2015:02:02:13 -0700] "GET / HTTP/1.1" 200 2339 "-" "Mozilla/5.0 (Windows NT 5.1; rv:6.0.2) Gecko/20100101 Firefox/6.0.2"
123.125.71.54 - - [23/Apr/2015:02:03:06 -0700] "GET / HTTP/1.1" 200 6114 "-" "Mozilla/5.0 (Windows NT 5.1; rv:6.0.2) Gecko/20100101 Firefox/6.0.2"
66.249.65.192 - - [23/Apr/2015:02:05:18 -0700] "GET / HTTP/1.1" 200 2376 "-" "Mozilla/5.0 (compatible; Googlebot/2.1; +http://www.google.com/bot.html)"
170.75.162.130 - - [23/Apr/2015:02:06:15 -0700] "GET /lib/reccapi.php?resort=brianhead HTTP/1.1" 200 1068 "-" "node-superagent/0.18.2"
220.181.108.78 - - [23/Apr/2015:02:06:17 -0700] "-" 408 0 "-" "-"
180.76.4.249 - - [23/Apr/2015:02:08:40 -0700] "GET / HTTP/1.1" 200 6114 "-" "Mozilla/4.0 (compatible; MSIE 7.0; Windows NT 6.0)"
104.207.141.65 - - [23/Apr/2015:02:11:52 -0700] "GET / HTTP/1.0" 200 6114 "-" "-"
146.185.239.100 - - [23/Apr/2015:02:14:47 -0700] "GET http://24x7-allrequestsallowed.com/?PHPSESSID=a77ad01b00143TVMVRS_EAFFP%40 HTTP/1.1" 200 6095 "-" "-"
68.180.228.182 - - [23/Apr/2015:02:16:14 -0700] "GET /resorts?resort=lutsen&date=2014-11-22 HTTP/1.1" 404 450 "-" "Mozilla/5.0 (compatible; Yahoo! Slurp; http://help.yahoo.com/help/us/ysearch/slurp)"
170.75.162.130 - - [23/Apr/2015:02:16:26 -0700] "GET /lib/reccapi.php?resort=alpinemeadows HTTP/1.1" 200 1103 "-" "node-superagent/0.18.2"
66.249.65.4 - - [23/Apr/2015:02:16:42 -0700] "GET /lib/resortDataSearch.php?resort=bogusbasin&dateStart=2014-11-04&dateMax=2014-11-14&size=30 HTTP/1.1" 200 331 "-" "Mozilla/5.0 (iPhone; CPU iPhone OS 6_0 like Mac OS X) AppleWebKit/536.26 (KHTML, like Gecko) Version/6.0 Mobile/10A5376e Safari/8536.25 (compatible; Googlebot/2.1; +http://www.google.com/bot.html)"
170.75.162.130 - - [23/Apr/2015:02:17:06 -0700] "GET /lib/reccapi.php?resort=devilshead HTTP/1.1" 200 939 "-" "node-superagent/0.18.2"
46.151.53.31 - - [23/Apr/2015:02:30:19 -0700] "GET / HTTP/1.0" 200 6114 "http://whereshouldiski.com/" "Mozilla/5.0 (Windows NT 5.1) AppleWebKit/537.36 (KHTML, like Gecko) Chrome/39.0.2171.65 Safari/537.36"
46.151.53.31 - - [23/Apr/2015:02:30:20 -0700] "GET / HTTP/1.0" 200 6114 "http://whereshouldiski.com/" "Mozilla/5.0 (Windows NT 5.1) AppleWebKit/537.36 (KHTML, like Gecko) Chrome/39.0.2171.65 Safari/537.36"
170.75.162.130 - - [23/Apr/2015:02:30:47 -0700] "GET /lib/reccapi.php?resort=deervalley HTTP/1.1" 200 1102 "-" "node-superagent/0.18.2"
170.75.162.130 - - [23/Apr/2015:02:40:48 -0700] "GET /lib/reccapi.php?resort=mtrose HTTP/1.1" 200 1066 "-" "node-superagent/0.18.2"
66.249.65.184 - - [23/Apr/2015:02:41:32 -0700] "GET /robots.txt HTTP/1.1" 200 419 "-" "Mozilla/5.0 (compatible; Googlebot/2.1; +http://www.google.com/bot.html)"
66.249.65.192 - - [23/Apr/2015:02:41:32 -0700] "GET / HTTP/1.1" 200 2376 "-" "Mozilla/5.0 (iPhone; CPU iPhone OS 6_0 like Mac OS X) AppleWebKit/536.26 (KHTML, like Gecko) Version/6.0 Mobile/10A5376e Safari/8536.25 (compatible; Googlebot/2.1; +http://www.google.com/bot.html)"
66.249.65.192 - - [23/Apr/2015:02:41:32 -0700] "GET /bower_components/requirejs/require.js HTTP/1.1" 200 6702 "http://whereshouldiski.com/" "Mozilla/5.0 (iPhone; CPU iPhone OS 6_0 like Mac OS X) AppleWebKit/536.26 (KHTML, like Gecko) Version/6.0 Mobile/10A5376e Safari/8536.25 (compatible; Googlebot/2.1; +http://www.google.com/bot.html)"
66.249.65.188 - - [23/Apr/2015:02:41:33 -0700] "GET /styles/0fffd548.main.css HTTP/1.1" 200 19317 "http://whereshouldiski.com/" "Mozilla/5.0 (iPhone; CPU iPhone OS 6_0 like Mac OS X) AppleWebKit/536.26 (KHTML, like Gecko) Version/6.0 Mobile/10A5376e Safari/8536.25 (compatible; Googlebot/2.1; +http://www.google.com/bot.html)"
66.249.65.188 - - [23/Apr/2015:02:41:33 -0700] "GET /scripts/scripts/vendor/modernizr.js HTTP/1.1" 200 4902 "http://whereshouldiski.com/" "Mozilla/5.0 (iPhone; CPU iPhone OS 6_0 like Mac OS X) AppleWebKit/536.26 (KHTML, like Gecko) Version/6.0 Mobile/10A5376e Safari/8536.25 (compatible; Googlebot/2.1; +http://www.google.com/bot.html)"
66.249.65.184 - - [23/Apr/2015:02:41:34 -0700] "GET /images/loading.gif HTTP/1.1" 200 13882 "http://whereshouldiski.com/" "Mozilla/5.0 (iPhone; CPU iPhone OS 6_0 like Mac OS X) AppleWebKit/536.26 (KHTML, like Gecko) Version/6.0 Mobile/10A5376e Safari/8536.25 (compatible; Googlebot/2.1; +http://www.google.com/bot.html)"
66.249.65.184 - - [23/Apr/2015:02:41:34 -0700] "GET /images/logo-sm.png HTTP/1.1" 200 16738 "http://whereshouldiski.com/" "Mozilla/5.0 (iPhone; CPU iPhone OS 6_0 like Mac OS X) AppleWebKit/536.26 (KHTML, like Gecko) Version/6.0 Mobile/10A5376e Safari/8536.25 (compatible; Googlebot/2.1; +http://www.google.com/bot.html)"
66.249.65.192 - - [23/Apr/2015:02:41:36 -0700] "GET /scripts/fa48e319.main.js HTTP/1.1" 200 123456 "http://whereshouldiski.com/" "Mozilla/5.0 (iPhone; CPU iPhone OS 6_0 like Mac OS X) AppleWebKit/536.26 (KHTML, like Gecko) Version/6.0 Mobile/10A5376e Safari/8536.25 (compatible; Googlebot/2.1; +http://www.google.com/bot.html)"
66.249.65.184 - - [23/Apr/2015:02:41:36 -0700] "GET /images/button.png HTTP/1.1" 200 599 "http://whereshouldiski.com/" "Mozilla/5.0 (iPhone; CPU iPhone OS 6_0 like Mac OS X) AppleWebKit/536.26 (KHTML, like Gecko) Version/6.0 Mobile/10A5376e Safari/8536.25 (compatible; Googlebot/2.1; +http://www.google.com/bot.html)"
66.249.65.184 - - [23/Apr/2015:02:41:37 -0700] "GET /lib/reccapi.php?fields=t HTTP/1.1" 200 1781 "http://whereshouldiski.com/" "Mozilla/5.0 (iPhone; CPU iPhone OS 6_0 like Mac OS X) AppleWebKit/536.26 (KHTML, like Gecko) Version/6.0 Mobile/10A5376e Safari/8536.25 (compatible; Googlebot/2.1; +http://www.google.com/bot.html)"
66.249.65.184 - - [23/Apr/2015:02:41:37 -0700] "GET /images/mtns-icon.png HTTP/1.1" 200 1097 "http://whereshouldiski.com/" "Mozilla/5.0 (iPhone; CPU iPhone OS 6_0 like Mac OS X) AppleWebKit/536.26 (KHTML, like Gecko) Version/6.0 Mobile/10A5376e Safari/8536.25 (compatible; Googlebot/2.1; +http://www.google.com/bot.html)"
66.249.65.188 - - [23/Apr/2015:02:41:38 -0700] "GET /images/bluebird5.png HTTP/1.1" 200 2178 "http://whereshouldiski.com/" "Mozilla/5.0 (iPhone; CPU iPhone OS 6_0 like Mac OS X) AppleWebKit/536.26 (KHTML, like Gecko) Version/6.0 Mobile/10A5376e Safari/8536.25 (compatible; Googlebot/2.1; +http://www.google.com/bot.html)"
66.249.65.184 - - [23/Apr/2015:02:41:38 -0700] "GET /images/star5.png HTTP/1.1" 200 1784 "http://whereshouldiski.com/" "Mozilla/5.0 (iPhone; CPU iPhone OS 6_0 like Mac OS X) AppleWebKit/536.26 (KHTML, like Gecko) Version/6.0 Mobile/10A5376e Safari/8536.25 (compatible; Googlebot/2.1; +http://www.google.com/bot.html)"
66.249.65.184 - - [23/Apr/2015:02:41:39 -0700] "GET /images/shading-icon.png HTTP/1.1" 200 536 "http://whereshouldiski.com/" "Mozilla/5.0 (iPhone; CPU iPhone OS 6_0 like Mac OS X) AppleWebKit/536.26 (KHTML, like Gecko) Version/6.0 Mobile/10A5376e Safari/8536.25 (compatible; Googlebot/2.1; +http://www.google.com/bot.html)"
66.249.65.192 - - [23/Apr/2015:02:41:39 -0700] "GET /images/snowflake5.png HTTP/1.1" 200 2858 "http://whereshouldiski.com/" "Mozilla/5.0 (iPhone; CPU iPhone OS 6_0 like Mac OS X) AppleWebKit/536.26 (KHTML, like Gecko) Version/6.0 Mobile/10A5376e Safari/8536.25 (compatible; Googlebot/2.1; +http://www.google.com/bot.html)"
66.249.65.188 - - [23/Apr/2015:02:41:40 -0700] "GET /images/greyHeader.png HTTP/1.1" 200 508 "http://whereshouldiski.com/" "Mozilla/5.0 (iPhone; CPU iPhone OS 6_0 like Mac OS X) AppleWebKit/536.26 (KHTML, like Gecko) Version/6.0 Mobile/10A5376e Safari/8536.25 (compatible; Googlebot/2.1; +http://www.google.com/bot.html)"
170.75.162.130 - - [23/Apr/2015:02:48:08 -0700] "GET /lib/reccapi.php?resort=mammothmountain HTTP/1.1" 200 1103 "-" "node-superagent/0.18.2"
123.125.71.55 - - [23/Apr/2015:02:48:46 -0700] "GET / HTTP/1.1" 200 2339 "-" "Mozilla/5.0 (Windows NT 5.1; rv:6.0.2) Gecko/20100101 Firefox/6.0.2"
123.125.71.45 - - [23/Apr/2015:02:49:29 -0700] "-" 408 0 "-" "-"
207.46.13.131 - - [23/Apr/2015:02:51:52 -0700] "GET / HTTP/1.1" 200 2376 "-" "Mozilla/5.0 (compatible; bingbot/2.0; +http://www.bing.com/bingbot.htm)"
220.181.108.161 - - [23/Apr/2015:02:53:46 -0700] "-" 408 0 "-" "-"
66.249.65.188 - - [23/Apr/2015:03:00:45 -0700] "GET / HTTP/1.1" 200 2376 "-" "Mozilla/5.0 (compatible; Googlebot/2.1; +http://www.google.com/bot.html)"
170.75.162.130 - - [23/Apr/2015:03:12:41 -0700] "GET /lib/reccapi.php?resort=taos HTTP/1.1" 200 1004 "-" "node-superagent/0.18.2"
170.75.162.130 - - [23/Apr/2015:03:12:41 -0700] "GET /lib/reccapi.php?resort=whitefacemountain HTTP/1.1" 200 1039 "-" "node-superagent/0.18.2"
170.75.162.130 - - [23/Apr/2015:03:12:41 -0700] "GET /lib/reccapi.php?resort=silverstarmountain HTTP/1.1" 200 930 "-" "node-superagent/0.18.2"
123.125.71.101 - - [23/Apr/2015:03:28:00 -0700] "GET /images/wsis-logo-sm.png HTTP/1.1" 200 6071 "-" "Baiduspider-image+(+http://www.baidu.com/search/spider.htm)"
170.75.162.130 - - [23/Apr/2015:03:29:32 -0700] "GET /lib/reccapi.php?resort=sierra-at-tahoe HTTP/1.1" 200 1096 "-" "node-superagent/0.18.2"
170.75.162.130 - - [23/Apr/2015:03:45:19 -0700] "GET /lib/reccapi.php?resort=brighton HTTP/1.1" 200 1068 "-" "node-superagent/0.18.2"
123.125.71.113 - - [23/Apr/2015:03:50:13 -0700] "GET / HTTP/1.1" 200 2339 "-" "Mozilla/5.0 (Windows NT 5.1; rv:6.0.2) Gecko/20100101 Firefox/6.0.2"
123.125.71.74 - - [23/Apr/2015:03:51:01 -0700] "GET / HTTP/1.1" 200 6114 "-" "Mozilla/5.0 (Windows NT 5.1; rv:6.0.2) Gecko/20100101 Firefox/6.0.2"
170.75.162.130 - - [23/Apr/2015:03:54:59 -0700] "GET /lib/reccapi.php?resort=chinapeak HTTP/1.1" 200 1054 "-" "node-superagent/0.18.2"
220.181.108.78 - - [23/Apr/2015:03:55:04 -0700] "-" 408 0 "-" "-"
170.75.162.130 - - [23/Apr/2015:03:55:09 -0700] "GET /lib/reccapi.php?resort=whistlerblackcomb HTTP/1.1" 200 939 "-" "node-superagent/0.18.2"
170.75.162.130 - - [23/Apr/2015:03:55:39 -0700] "GET /lib/reccapi.php?resort=jaypeak HTTP/1.1" 200 1077 "-" "node-superagent/0.18.2"
170.75.162.130 - - [23/Apr/2015:03:55:39 -0700] "GET /lib/reccapi.php?resort=parkcity HTTP/1.1" 200 1082 "-" "node-superagent/0.18.2"
170.75.162.130 - - [23/Apr/2015:03:55:59 -0700] "GET /lib/reccapi.php?resort=snowbird HTTP/1.1" 200 1067 "-" "node-superagent/0.18.2"
170.75.162.130 - - [23/Apr/2015:03:55:59 -0700] "GET /lib/reccapi.php?resort=steamboat HTTP/1.1" 200 1074 "-" "node-superagent/0.18.2"
170.75.162.130 - - [23/Apr/2015:03:55:59 -0700] "GET /lib/reccapi.php?resort=stowe HTTP/1.1" 200 1040 "-" "node-superagent/0.18.2"
170.75.162.130 - - [23/Apr/2015:03:55:59 -0700] "GET /lib/reccapi.php?resort=solitude HTTP/1.1" 200 1060 "-" "node-superagent/0.18.2"
170.75.162.130 - - [23/Apr/2015:03:56:00 -0700] "GET /lib/reccapi.php?resort=schweitzer HTTP/1.1" 200 1002 "-" "node-superagent/0.18.2"
170.75.162.130 - - [23/Apr/2015:04:10:11 -0700] "GET /lib/reccapi.php?resort=sugarbush HTTP/1.1" 200 1080 "-" "node-superagent/0.18.2"
170.75.162.130 - - [23/Apr/2015:04:10:51 -0700] "GET /lib/reccapi.php?resort=crystalmountain HTTP/1.1" 200 1033 "-" "node-superagent/0.18.2"
66.249.65.184 - - [23/Apr/2015:04:16:31 -0700] "GET / HTTP/1.1" 200 2376 "-" "Mozilla/5.0 (compatible; Googlebot/2.1; +http://www.google.com/bot.html)"
170.75.162.130 - - [23/Apr/2015:04:27:02 -0700] "GET /lib/reccapi.php?resort=snowbasin HTTP/1.1" 200 1058 "-" "node-superagent/0.18.2"
123.125.71.54 - - [23/Apr/2015:04:49:31 -0700] "GET / HTTP/1.1" 200 2339 "-" "Mozilla/5.0 (Windows NT 5.1; rv:6.0.2) Gecko/20100101 Firefox/6.0.2"
123.125.71.55 - - [23/Apr/2015:04:50:25 -0700] "-" 408 0 "-" "-"
170.75.162.130 - - [23/Apr/2015:04:52:45 -0700] "GET /lib/reccapi.php?resort=mountainhigh HTTP/1.1" 200 1066 "-" "node-superagent/0.18.2"
220.181.108.158 - - [23/Apr/2015:04:53:40 -0700] "-" 408 0 "-" "-"
66.249.65.184 - - [23/Apr/2015:04:55:41 -0700] "GET / HTTP/1.1" 200 2376 "-" "Mozilla/5.0 (compatible; Googlebot/2.1; +http://www.google.com/bot.html)"
170.75.162.130 - - [23/Apr/2015:05:15:26 -0700] "GET /lib/reccapi.php?resort=redlodge HTTP/1.1" 200 1079 "-" "node-superagent/0.18.2"
170.75.162.130 - - [23/Apr/2015:05:15:27 -0700] "GET /lib/reccapi.php?resort=bigsky HTTP/1.1" 200 1056 "-" "node-superagent/0.18.2"
170.75.162.130 - - [23/Apr/2015:05:18:47 -0700] "GET /lib/reccapi.php?resort=bigwhite HTTP/1.1" 200 923 "-" "node-superagent/0.18.2"
170.75.162.130 - - [23/Apr/2015:05:20:57 -0700] "GET /lib/reccapi.php?resort=alyeska HTTP/1.1" 200 975 "-" "node-superagent/0.18.2"
54.204.74.52 - - [23/Apr/2015:05:25:22 -0700] "GET / HTTP/1.1" 200 6151 "-" "Mozilla/5.0 (Windows; U; Windows NT 6.0; en-US; rv:1.9.2.3) Gecko/20100401 Firefox/3.6.3 GTB6 (.NET CLR 3.5.30729)"
199.59.148.209 - - [23/Apr/2015:05:27:56 -0700] "GET /robots.txt HTTP/1.1" 200 363 "-" "Twitterbot/1.0"
199.59.148.209 - - [23/Apr/2015:05:27:56 -0700] "GET / HTTP/1.1" 200 2320 "-" "Twitterbot/1.0"
170.75.162.130 - - [23/Apr/2015:05:47:59 -0700] "GET /lib/reccapi.php?resort=aspenmountain HTTP/1.1" 200 1036 "-" "node-superagent/0.18.2"
202.46.50.161 - - [23/Apr/2015:05:49:43 -0700] "GET /robots.txt HTTP/1.1" 200 382 "-" "Mozilla/5.0 (Windows NT 5.1; rv:6.0.2) Gecko/20100101 Firefox/6.0.2"
66.249.65.184 - - [23/Apr/2015:05:52:02 -0700] "GET / HTTP/1.1" 200 2376 "-" "Mozilla/5.0 (compatible; Googlebot/2.1; +http://www.google.com/bot.html)"
170.75.162.130 - - [23/Apr/2015:05:53:10 -0700] "GET /lib/reccapi.php?resort=sunvalley HTTP/1.1" 200 1021 "-" "node-superagent/0.18.2"
180.76.4.55 - - [23/Apr/2015:05:53:14 -0700] "GET / HTTP/1.1" 200 6114 "-" "Mozilla/4.0 (compatible; MSIE 7.0; Windows NT 6.0)"
46.151.53.43 - - [23/Apr/2015:05:54:08 -0700] "GET /resorts?resort=cannonmountain HTTP/1.0" 404 495 "http://whereshouldiski.com/resorts?resort=cannonmountain" "Mozilla/5.0 (Windows NT 6.1) AppleWebKit/537.36 (KHTML, like Gecko) Chrome/39.0.2171.71 Safari/537.36"
46.151.53.43 - - [23/Apr/2015:05:54:08 -0700] "GET / HTTP/1.0" 200 6114 "http://whereshouldiski.com/" "Mozilla/5.0 (Windows NT 6.1) AppleWebKit/537.36 (KHTML, like Gecko) Chrome/39.0.2171.71 Safari/537.36"
170.75.162.130 - - [23/Apr/2015:06:00:10 -0700] "GET /lib/reccapi.php?resort=monarch HTTP/1.1" 200 1072 "-" "node-superagent/0.18.2"
24.4.86.132 - - [23/Apr/2015:06:04:03 -0700] "GET /images/wsis-logo-sm.png HTTP/1.1" 200 6108 "http://www.thebackcountry.net/" "Mozilla/5.0 (Windows NT 6.0) AppleWebKit/537.36 (KHTML, like Gecko) Chrome/42.0.2311.90 Safari/537.36"
75.111.104.101 - - [23/Apr/2015:06:05:15 -0700] "GET /images/wsis-logo-sm.png HTTP/1.1" 200 6108 "http://www.thebackcountry.net/" "Mozilla/5.0 (Macintosh; Intel Mac OS X 10_8_5) AppleWebKit/537.22 (KHTML, like Gecko) Chrome/25.0.1364.172 Safari/537.22"
170.75.162.130 - - [23/Apr/2015:06:05:31 -0700] "GET /lib/reccapi.php?resort=wildcatmountain HTTP/1.1" 200 991 "-" "node-superagent/0.18.2"
98.255.253.74 - - [23/Apr/2015:06:20:29 -0700] "GET /images/wsis-logo-sm.png HTTP/1.1" 200 6108 "http://www.thebackcountry.net/" "Mozilla/5.0 (Windows NT 5.1) AppleWebKit/537.36 (KHTML, like Gecko) Chrome/42.0.2311.90 Safari/537.36"
199.38.155.10 - - [23/Apr/2015:06:22:15 -0700] "GET /images/wsis-logo-sm.png HTTP/1.1" 200 6108 "http://www.thebackcountry.net/" "Mozilla/5.0 (Windows NT 6.1; WOW64) AppleWebKit/537.36 (KHTML, like Gecko) Chrome/34.0.1847.131 Safari/537.36"
170.75.162.130 - - [23/Apr/2015:06:23:12 -0700] "GET /lib/reccapi.php?resort=redmountain HTTP/1.1" 200 903 "-" "node-superagent/0.18.2"
123.125.71.113 - - [23/Apr/2015:06:24:20 -0700] "-" 408 0 "-" "-"
220.181.108.186 - - [23/Apr/2015:06:28:41 -0700] "-" 408 0 "-" "-"
170.75.162.130 - - [23/Apr/2015:06:36:14 -0700] "GET /lib/reccapi.php?resort=canyons HTTP/1.1" 200 1077 "-" "node-superagent/0.18.2"
123.125.71.56 - - [23/Apr/2015:06:53:40 -0700] "GET / HTTP/1.1" 200 2339 "-" "Mozilla/5.0 (Windows NT 5.1; rv:6.0.2) Gecko/20100101 Firefox/6.0.2"
123.125.71.51 - - [23/Apr/2015:06:54:32 -0700] "GET / HTTP/1.1" 200 6114 "-" "Mozilla/5.0 (Windows NT 5.1; rv:6.0.2) Gecko/20100101 Firefox/6.0.2"
220.181.108.153 - - [23/Apr/2015:06:58:19 -0700] "-" 408 0 "-" "-"
136.243.36.87 - - [23/Apr/2015:07:08:48 -0700] "GET /robots.txt HTTP/1.1" 200 419 "-" "Mozilla/5.0 (compatible; BLEXBot/1.0; +http://webmeup-crawler.com/)"
136.243.36.87 - - [23/Apr/2015:07:08:49 -0700] "GET /robots.txt HTTP/1.1" 200 419 "-" "Mozilla/5.0 (compatible; BLEXBot/1.0; +http://webmeup-crawler.com/)"
136.243.36.87 - - [23/Apr/2015:07:08:49 -0700] "GET / HTTP/1.1" 200 2376 "-" "Mozilla/5.0 (compatible; BLEXBot/1.0; +http://webmeup-crawler.com/)"
136.243.36.87 - - [23/Apr/2015:07:08:54 -0700] "GET /blog/11-2012-2013-powder-rating-visualization HTTP/1.1" 404 506 "-" "Mozilla/5.0 (compatible; BLEXBot/1.0; +http://webmeup-crawler.com/)"
136.243.36.87 - - [23/Apr/2015:07:09:17 -0700] "GET /viz/2012-2013-viz.php HTTP/1.1" 404 506 "-" "Mozilla/5.0 (compatible; BLEXBot/1.0; +http://webmeup-crawler.com/)"
170.75.162.130 - - [23/Apr/2015:07:21:28 -0700] "GET /lib/reccapi.php?resort=homewoodmountain HTTP/1.1" 200 1058 "-" "node-superagent/0.18.2"
