66.238.18.243 - - [04/Apr/2016:13:17:53 -0700] "GET /images/wsis-logo-sm.png HTTP/1.1" 200 6108 "http://www.thebackcountry.net/" "Mozilla/5.0 (Macintosh; Intel Mac OS X 10_11_3) AppleWebKit/537.36 (KHTML, like Gecko) Chrome/49.0.2623.87 Safari/537.36"
170.75.162.130 - - [04/Apr/2016:13:19:49 -0700] "GET /lib/reccapi.php?resort=kirkwood HTTP/1.1" 200 979 "-" "node-superagent/1.4.0"
170.75.162.130 - - [04/Apr/2016:13:21:59 -0700] "GET /lib/reccapi.php?resort=heavenly HTTP/1.1" 200 987 "-" "node-superagent/1.4.0"
63.192.114.116 - - [04/Apr/2016:13:30:57 -0700] "GET /images/wsis-logo-sm.png HTTP/1.1" 200 6108 "http://www.thebackcountry.net/" "Mozilla/5.0 (Windows NT 6.1; WOW64; Trident/7.0; rv:11.0) like Gecko"
180.76.15.28 - - [04/Apr/2016:13:31:31 -0700] "GET / HTTP/1.1" 200 6995 "-" "Mozilla/5.0 (compatible; Baiduspider/2.0; +http://www.baidu.com/search/spider.html)"
180.76.15.161 - - [04/Apr/2016:13:32:26 -0700] "GET / HTTP/1.1" 200 6995 "-" "Mozilla/5.0 (compatible; Baiduspider/2.0; +http://www.baidu.com/search/spider.html)"
207.46.13.37 - - [04/Apr/2016:13:41:26 -0700] "GET / HTTP/1.1" 200 2615 "-" "Mozilla/5.0 (compatible; bingbot/2.0; +http://www.bing.com/bingbot.htm)"
206.29.176.53 - - [04/Apr/2016:13:42:46 -0700] "GET / HTTP/1.1" 200 2615 "-" "Mozilla/5.0 (Macintosh; Intel Mac OS X 10_10_5) AppleWebKit/537.36 (KHTML, like Gecko) Chrome/49.0.2623.87 Safari/537.36"
206.29.176.53 - - [04/Apr/2016:13:42:46 -0700] "GET /styles/ee08faa9.main.css HTTP/1.1" 200 19446 "http://whereshouldiski.com/" "Mozilla/5.0 (Macintosh; Intel Mac OS X 10_10_5) AppleWebKit/537.36 (KHTML, like Gecko) Chrome/49.0.2623.87 Safari/537.36"
206.29.176.53 - - [04/Apr/2016:13:42:47 -0700] "GET /images/logo-square-white-sm.png HTTP/1.1" 200 1683 "http://whereshouldiski.com/" "Mozilla/5.0 (Macintosh; Intel Mac OS X 10_10_5) AppleWebKit/537.36 (KHTML, like Gecko) Chrome/49.0.2623.87 Safari/537.36"
206.29.176.53 - - [04/Apr/2016:13:42:47 -0700] "GET /images/loading.gif HTTP/1.1" 200 13881 "http://whereshouldiski.com/" "Mozilla/5.0 (Macintosh; Intel Mac OS X 10_10_5) AppleWebKit/537.36 (KHTML, like Gecko) Chrome/49.0.2623.87 Safari/537.36"
206.29.176.53 - - [04/Apr/2016:13:42:47 -0700] "GET /scripts/fa48e319.main.js HTTP/1.1" 200 123455 "http://whereshouldiski.com/" "Mozilla/5.0 (Macintosh; Intel Mac OS X 10_10_5) AppleWebKit/537.36 (KHTML, like Gecko) Chrome/49.0.2623.87 Safari/537.36"
206.29.176.53 - - [04/Apr/2016:13:42:47 -0700] "GET /images/button.png HTTP/1.1" 200 599 "http://whereshouldiski.com/styles/ee08faa9.main.css" "Mozilla/5.0 (Macintosh; Intel Mac OS X 10_10_5) AppleWebKit/537.36 (KHTML, like Gecko) Chrome/49.0.2623.87 Safari/537.36"
206.29.176.53 - - [04/Apr/2016:13:42:47 -0700] "GET /images/greyHeader.png HTTP/1.1" 200 509 "http://whereshouldiski.com/styles/ee08faa9.main.css" "Mozilla/5.0 (Macintosh; Intel Mac OS X 10_10_5) AppleWebKit/537.36 (KHTML, like Gecko) Chrome/49.0.2623.87 Safari/537.36"
206.29.176.53 - - [04/Apr/2016:13:42:47 -0700] "GET /lib/reccapi.php?fields=t HTTP/1.1" 200 1821 "http://whereshouldiski.com/" "Mozilla/5.0 (Macintosh; Intel Mac OS X 10_10_5) AppleWebKit/537.36 (KHTML, like Gecko) Chrome/49.0.2623.87 Safari/537.36"
206.29.176.53 - - [04/Apr/2016:13:42:47 -0700] "GET /images/snowflake5.png HTTP/1.1" 200 2857 "http://whereshouldiski.com/styles/ee08faa9.main.css" "Mozilla/5.0 (Macintosh; Intel Mac OS X 10_10_5) AppleWebKit/537.36 (KHTML, like Gecko) Chrome/49.0.2623.87 Safari/537.36"
206.29.176.53 - - [04/Apr/2016:13:42:47 -0700] "GET /images/bluebird5.png HTTP/1.1" 200 2177 "http://whereshouldiski.com/styles/ee08faa9.main.css" "Mozilla/5.0 (Macintosh; Intel Mac OS X 10_10_5) AppleWebKit/537.36 (KHTML, like Gecko) Chrome/49.0.2623.87 Safari/537.36"
206.29.176.53 - - [04/Apr/2016:13:42:47 -0700] "GET /images/star5.png HTTP/1.1" 200 1783 "http://whereshouldiski.com/styles/ee08faa9.main.css" "Mozilla/5.0 (Macintosh; Intel Mac OS X 10_10_5) AppleWebKit/537.36 (KHTML, like Gecko) Chrome/49.0.2623.87 Safari/537.36"
206.29.176.53 - - [04/Apr/2016:13:42:47 -0700] "GET /images/mtns-icon.png HTTP/1.1" 200 1097 "http://whereshouldiski.com/styles/ee08faa9.main.css" "Mozilla/5.0 (Macintosh; Intel Mac OS X 10_10_5) AppleWebKit/537.36 (KHTML, like Gecko) Chrome/49.0.2623.87 Safari/537.36"
206.29.176.53 - - [04/Apr/2016:13:42:47 -0700] "GET /images/shading-icon.png HTTP/1.1" 200 537 "http://whereshouldiski.com/styles/ee08faa9.main.css" "Mozilla/5.0 (Macintosh; Intel Mac OS X 10_10_5) AppleWebKit/537.36 (KHTML, like Gecko) Chrome/49.0.2623.87 Safari/537.36"
206.29.176.53 - - [04/Apr/2016:13:42:48 -0700] "GET /favicon.ico HTTP/1.1" 200 4612 "http://whereshouldiski.com/" "Mozilla/5.0 (Macintosh; Intel Mac OS X 10_10_5) AppleWebKit/537.36 (KHTML, like Gecko) Chrome/49.0.2623.87 Safari/537.36"
206.29.176.53 - - [04/Apr/2016:13:42:51 -0700] "GET /lib/reccapi.php?fields=t&coords=47.578218199999995,-122.16530639999999 HTTP/1.1" 200 2011 "http://whereshouldiski.com/" "Mozilla/5.0 (Macintosh; Intel Mac OS X 10_10_5) AppleWebKit/537.36 (KHTML, like Gecko) Chrome/49.0.2623.87 Safari/537.36"
206.29.176.53 - - [04/Apr/2016:13:42:53 -0700] "GET /lib/reccapi.php?fields=t&coords=47.578218199999995,-122.16530639999999&powder=2 HTTP/1.1" 200 1446 "http://whereshouldiski.com/" "Mozilla/5.0 (Macintosh; Intel Mac OS X 10_10_5) AppleWebKit/537.36 (KHTML, like Gecko) Chrome/49.0.2623.87 Safari/537.36"
206.29.176.53 - - [04/Apr/2016:13:42:53 -0700] "GET /images/greenHeader.png HTTP/1.1" 200 508 "http://whereshouldiski.com/styles/ee08faa9.main.css" "Mozilla/5.0 (Macintosh; Intel Mac OS X 10_10_5) AppleWebKit/537.36 (KHTML, like Gecko) Chrome/49.0.2623.87 Safari/537.36"
206.29.176.53 - - [04/Apr/2016:13:42:54 -0700] "GET /lib/reccapi.php?fields=t&coords=47.578218199999995,-122.16530639999999 HTTP/1.1" 200 2011 "http://whereshouldiski.com/" "Mozilla/5.0 (Macintosh; Intel Mac OS X 10_10_5) AppleWebKit/537.36 (KHTML, like Gecko) Chrome/49.0.2623.87 Safari/537.36"
206.29.176.53 - - [04/Apr/2016:13:42:56 -0700] "GET /lib/reccapi.php?fields=t&coords=47.578218199999995,-122.16530639999999&distance=100 HTTP/1.1" 200 1516 "http://whereshouldiski.com/" "Mozilla/5.0 (Macintosh; Intel Mac OS X 10_10_5) AppleWebKit/537.36 (KHTML, like Gecko) Chrome/49.0.2623.87 Safari/537.36"
170.249.7.88 - - [04/Apr/2016:13:58:38 -0700] "GET / HTTP/1.1" 200 2615 "-" "Mozilla/5.0 (iPhone; CPU iPhone OS 9_2_1 like Mac OS X) AppleWebKit/601.1.46 (KHTML, like Gecko) Version/9.0 Mobile/13D15 Safari/601.1"
170.249.7.88 - - [04/Apr/2016:13:58:39 -0700] "GET /styles/ee08faa9.main.css HTTP/1.1" 200 19446 "http://whereshouldiski.com/" "Mozilla/5.0 (iPhone; CPU iPhone OS 9_2_1 like Mac OS X) AppleWebKit/601.1.46 (KHTML, like Gecko) Version/9.0 Mobile/13D15 Safari/601.1"
170.249.7.88 - - [04/Apr/2016:13:58:39 -0700] "GET /scripts/scripts/vendor/modernizr.js HTTP/1.1" 200 4903 "http://whereshouldiski.com/" "Mozilla/5.0 (iPhone; CPU iPhone OS 9_2_1 like Mac OS X) AppleWebKit/601.1.46 (KHTML, like Gecko) Version/9.0 Mobile/13D15 Safari/601.1"
170.249.7.88 - - [04/Apr/2016:13:58:39 -0700] "GET /bower_components/requirejs/require.js HTTP/1.1" 200 6702 "http://whereshouldiski.com/" "Mozilla/5.0 (iPhone; CPU iPhone OS 9_2_1 like Mac OS X) AppleWebKit/601.1.46 (KHTML, like Gecko) Version/9.0 Mobile/13D15 Safari/601.1"
170.249.7.88 - - [04/Apr/2016:13:58:39 -0700] "GET /images/logo-square-white-sm.png HTTP/1.1" 200 1684 "http://whereshouldiski.com/" "Mozilla/5.0 (iPhone; CPU iPhone OS 9_2_1 like Mac OS X) AppleWebKit/601.1.46 (KHTML, like Gecko) Version/9.0 Mobile/13D15 Safari/601.1"
170.249.7.88 - - [04/Apr/2016:13:58:39 -0700] "GET /images/loading.gif HTTP/1.1" 200 13882 "http://whereshouldiski.com/" "Mozilla/5.0 (iPhone; CPU iPhone OS 9_2_1 like Mac OS X) AppleWebKit/601.1.46 (KHTML, like Gecko) Version/9.0 Mobile/13D15 Safari/601.1"
170.249.7.88 - - [04/Apr/2016:13:58:39 -0700] "GET /scripts/fa48e319.main.js HTTP/1.1" 200 123455 "http://whereshouldiski.com/" "Mozilla/5.0 (iPhone; CPU iPhone OS 9_2_1 like Mac OS X) AppleWebKit/601.1.46 (KHTML, like Gecko) Version/9.0 Mobile/13D15 Safari/601.1"
170.249.7.88 - - [04/Apr/2016:13:58:40 -0700] "GET /images/button.png HTTP/1.1" 200 598 "http://whereshouldiski.com/" "Mozilla/5.0 (iPhone; CPU iPhone OS 9_2_1 like Mac OS X) AppleWebKit/601.1.46 (KHTML, like Gecko) Version/9.0 Mobile/13D15 Safari/601.1"
170.249.7.88 - - [04/Apr/2016:13:58:40 -0700] "GET /lib/reccapi.php?fields=t HTTP/1.1" 200 1821 "http://whereshouldiski.com/" "Mozilla/5.0 (iPhone; CPU iPhone OS 9_2_1 like Mac OS X) AppleWebKit/601.1.46 (KHTML, like Gecko) Version/9.0 Mobile/13D15 Safari/601.1"
170.249.7.88 - - [04/Apr/2016:13:58:40 -0700] "GET /images/greyHeader.png HTTP/1.1" 200 508 "http://whereshouldiski.com/" "Mozilla/5.0 (iPhone; CPU iPhone OS 9_2_1 like Mac OS X) AppleWebKit/601.1.46 (KHTML, like Gecko) Version/9.0 Mobile/13D15 Safari/601.1"
170.249.7.88 - - [04/Apr/2016:13:58:40 -0700] "GET /images/snowflake5.png HTTP/1.1" 200 2857 "http://whereshouldiski.com/" "Mozilla/5.0 (iPhone; CPU iPhone OS 9_2_1 like Mac OS X) AppleWebKit/601.1.46 (KHTML, like Gecko) Version/9.0 Mobile/13D15 Safari/601.1"
170.249.7.88 - - [04/Apr/2016:13:58:40 -0700] "GET /images/star5.png HTTP/1.1" 200 1783 "http://whereshouldiski.com/" "Mozilla/5.0 (iPhone; CPU iPhone OS 9_2_1 like Mac OS X) AppleWebKit/601.1.46 (KHTML, like Gecko) Version/9.0 Mobile/13D15 Safari/601.1"
170.249.7.88 - - [04/Apr/2016:13:58:40 -0700] "GET /images/bluebird5.png HTTP/1.1" 200 2177 "http://whereshouldiski.com/" "Mozilla/5.0 (iPhone; CPU iPhone OS 9_2_1 like Mac OS X) AppleWebKit/601.1.46 (KHTML, like Gecko) Version/9.0 Mobile/13D15 Safari/601.1"
170.249.7.88 - - [04/Apr/2016:13:58:40 -0700] "GET /images/mtns-icon.png HTTP/1.1" 200 1096 "http://whereshouldiski.com/" "Mozilla/5.0 (iPhone; CPU iPhone OS 9_2_1 like Mac OS X) AppleWebKit/601.1.46 (KHTML, like Gecko) Version/9.0 Mobile/13D15 Safari/601.1"
170.249.7.88 - - [04/Apr/2016:13:58:40 -0700] "GET /images/shading-icon.png HTTP/1.1" 200 536 "http://whereshouldiski.com/" "Mozilla/5.0 (iPhone; CPU iPhone OS 9_2_1 like Mac OS X) AppleWebKit/601.1.46 (KHTML, like Gecko) Version/9.0 Mobile/13D15 Safari/601.1"
170.249.7.88 - - [04/Apr/2016:13:58:41 -0700] "GET /lib/reccapi.php?fields=t&coords=41.934506849144725,-88.3135265383625 HTTP/1.1" 200 1995 "http://whereshouldiski.com/" "Mozilla/5.0 (iPhone; CPU iPhone OS 9_2_1 like Mac OS X) AppleWebKit/601.1.46 (KHTML, like Gecko) Version/9.0 Mobile/13D15 Safari/601.1"
170.249.7.88 - - [04/Apr/2016:13:58:49 -0700] "GET /scripts/server/resorts.json HTTP/1.1" 200 8662 "http://whereshouldiski.com/" "Mozilla/5.0 (iPhone; CPU iPhone OS 9_2_1 like Mac OS X) AppleWebKit/601.1.46 (KHTML, like Gecko) Version/9.0 Mobile/13D15 Safari/601.1"
170.249.7.88 - - [04/Apr/2016:13:59:06 -0700] "GET /lib/reccapi.php?fields=t&coords=41.934506849144725,-88.3135265383625 HTTP/1.1" 200 1996 "http://whereshouldiski.com/" "Mozilla/5.0 (iPhone; CPU iPhone OS 9_2_1 like Mac OS X) AppleWebKit/601.1.46 (KHTML, like Gecko) Version/9.0 Mobile/13D15 Safari/601.1"
170.249.7.88 - - [04/Apr/2016:13:59:12 -0700] "GET /scripts/templates/about.html HTTP/1.1" 200 1969 "http://whereshouldiski.com/" "Mozilla/5.0 (iPhone; CPU iPhone OS 9_2_1 like Mac OS X) AppleWebKit/601.1.46 (KHTML, like Gecko) Version/9.0 Mobile/13D15 Safari/601.1"
170.249.7.88 - - [04/Apr/2016:13:59:12 -0700] "GET /images/profile-med.jpg HTTP/1.1" 200 24003 "http://whereshouldiski.com/" "Mozilla/5.0 (iPhone; CPU iPhone OS 9_2_1 like Mac OS X) AppleWebKit/601.1.46 (KHTML, like Gecko) Version/9.0 Mobile/13D15 Safari/601.1"
170.249.7.88 - - [04/Apr/2016:13:59:16 -0700] "GET /lib/reccapi.php?fields=t&coords=41.934506849144725,-88.3135265383625 HTTP/1.1" 200 1995 "http://whereshouldiski.com/" "Mozilla/5.0 (iPhone; CPU iPhone OS 9_2_1 like Mac OS X) AppleWebKit/601.1.46 (KHTML, like Gecko) Version/9.0 Mobile/13D15 Safari/601.1"
64.204.8.214 - - [04/Apr/2016:14:00:17 -0700] "GET /images/wsis-logo-sm.png HTTP/1.1" 200 6108 "http://www.thebackcountry.net/" "Mozilla/5.0 (Macintosh; Intel Mac OS X 10_10_5) AppleWebKit/537.36 (KHTML, like Gecko) Chrome/49.0.2623.110 Safari/537.36"
172.3.77.34 - - [04/Apr/2016:14:02:50 -0700] "GET /images/wsis-logo-sm.png HTTP/1.1" 200 6108 "http://www.thebackcountry.net/" "Mozilla/5.0 (Macintosh; Intel Mac OS X 10_9_5) AppleWebKit/537.36 (KHTML, like Gecko) Chrome/49.0.2623.110 Safari/537.36"
189.224.177.220 - - [04/Apr/2016:14:03:34 -0700] "GET /images/wsis-logo-sm.png HTTP/1.1" 200 6108 "http://www.thebackcountry.net/" "Mozilla/5.0 (Windows NT 6.3; WOW64) AppleWebKit/537.36 (KHTML, like Gecko) Chrome/49.0.2623.110 Safari/537.36"
220.181.108.87 - - [04/Apr/2016:14:04:43 -0700] "GET / HTTP/1.1" 200 2578 "-" "Mozilla/5.0 (compatible; Baiduspider/2.0; +http://www.baidu.com/search/spider.html)"
50.141.62.79 - - [04/Apr/2016:14:06:21 -0700] "GET /images/wsis-logo-sm.png HTTP/1.1" 200 6108 "http://www.thebackcountry.net/" "Mozilla/5.0 (Macintosh; Intel Mac OS X 10_10_5) AppleWebKit/537.36 (KHTML, like Gecko) Chrome/49.0.2623.110 Safari/537.36"
70.214.41.238 - - [04/Apr/2016:14:09:49 -0700] "GET /images/wsis-logo-sm.png HTTP/1.1" 200 6108 "http://www.thebackcountry.net/" "Mozilla/5.0 (Linux; Android 5.0; SM-G900V Build/LRX21T) AppleWebKit/537.36 (KHTML, like Gecko) Chrome/47.0.2526.83 Mobile Safari/537.36"
75.141.214.101 - - [04/Apr/2016:14:14:53 -0700] "GET /images/wsis-logo-sm.png HTTP/1.1" 200 6108 "http://www.thebackcountry.net/" "Mozilla/5.0 (Windows NT 10.0; WOW64; Trident/7.0; Touch; rv:11.0) like Gecko"
75.141.214.101 - - [04/Apr/2016:14:15:14 -0700] "-" 408 0 "-" "-"
170.75.162.130 - - [04/Apr/2016:14:17:37 -0700] "GET /lib/reccapi.php?resort=brianhead HTTP/1.1" 200 969 "-" "node-superagent/1.4.0"
170.75.162.130 - - [04/Apr/2016:14:17:37 -0700] "GET /lib/reccapi.php?resort=deervalley HTTP/1.1" 200 1046 "-" "node-superagent/1.4.0"
170.75.162.130 - - [04/Apr/2016:14:17:37 -0700] "GET /lib/reccapi.php?resort=brighton HTTP/1.1" 200 1088 "-" "node-superagent/1.4.0"
170.75.162.130 - - [04/Apr/2016:14:17:37 -0700] "GET /lib/reccapi.php?resort=parkcity HTTP/1.1" 200 1113 "-" "node-superagent/1.4.0"
170.75.162.130 - - [04/Apr/2016:14:21:57 -0700] "GET /lib/reccapi.php?resort=49degreesnorth HTTP/1.1" 200 1080 "-" "node-superagent/1.4.0"
170.75.162.130 - - [04/Apr/2016:14:29:18 -0700] "GET /lib/reccapi.php?resort=devilshead HTTP/1.1" 200 949 "-" "node-superagent/1.4.0"
170.75.162.130 - - [04/Apr/2016:14:32:39 -0700] "GET /lib/reccapi.php?resort=jacksonhole HTTP/1.1" 200 1115 "-" "node-superagent/1.4.0"
170.75.162.130 - - [04/Apr/2016:14:32:39 -0700] "GET /lib/reccapi.php?resort=grandtarghee HTTP/1.1" 200 1120 "-" "node-superagent/1.4.0"
180.76.15.148 - - [04/Apr/2016:14:32:47 -0700] "GET / HTTP/1.1" 200 6995 "-" "Mozilla/5.0 (compatible; Baiduspider/2.0; +http://www.baidu.com/search/spider.html)"
180.76.15.31 - - [04/Apr/2016:14:33:44 -0700] "GET / HTTP/1.1" 200 6995 "-" "Mozilla/5.0 (compatible; Baiduspider/2.0; +http://www.baidu.com/search/spider.html)"
170.75.162.130 - - [04/Apr/2016:14:36:59 -0700] "GET /lib/reccapi.php?resort=homewoodmountain HTTP/1.1" 200 992 "-" "node-superagent/1.4.0"
66.249.79.135 - - [04/Apr/2016:14:38:50 -0700] "GET /lib/reccapi.php?resort=crestedbutte&date=2016-04-02 HTTP/1.1" 200 1046 "http://whereshouldiski.com/" "Mozilla/5.0 (compatible; Googlebot/2.1; +http://www.google.com/bot.html)"
66.249.79.234 - - [04/Apr/2016:14:38:51 -0700] "GET /lib/reccapi.php?fields=t&date=2016-04-02&coords=38.9%2C-106.94&size=7&sort=distance HTTP/1.1" 200 1330 "http://whereshouldiski.com/" "Mozilla/5.0 (compatible; Googlebot/2.1; +http://www.google.com/bot.html)"
66.249.79.248 - - [04/Apr/2016:14:38:52 -0700] "GET /lib/resortDataSearchD3.php?size=7&sortDate=T&resort=crestedbutte&dateStart=2016-03-31 HTTP/1.1" 200 863 "http://whereshouldiski.com/" "Mozilla/5.0 (compatible; Googlebot/2.1; +http://www.google.com/bot.html)"
73.223.105.91 - - [04/Apr/2016:14:41:13 -0700] "GET /images/wsis-logo-sm.png HTTP/1.1" 200 6108 "http://www.thebackcountry.net/" "Mozilla/5.0 (Macintosh; Intel Mac OS X 10_11_4) AppleWebKit/537.36 (KHTML, like Gecko) Chrome/49.0.2623.110 Safari/537.36"
66.214.222.249 - - [04/Apr/2016:15:00:20 -0700] "GET /images/wsis-logo-sm.png HTTP/1.1" 200 6108 "http://thebackcountry.net/" "Mozilla/5.0 (Windows NT 10.0; WOW64) AppleWebKit/537.36 (KHTML, like Gecko) Chrome/49.0.2623.110 Safari/537.36"
104.53.89.21 - - [04/Apr/2016:15:00:34 -0700] "GET /images/wsis-logo-sm.png HTTP/1.1" 200 6108 "http://www.thebackcountry.net/" "Mozilla/5.0 (Windows NT 6.1; WOW64; Trident/7.0; rv:11.0) like Gecko"
104.53.89.21 - - [04/Apr/2016:15:00:55 -0700] "-" 408 0 "-" "-"
66.249.79.248 - - [04/Apr/2016:15:01:42 -0700] "GET /lib/reccapi.php?resort=bigwhite&date=2015-12-28 HTTP/1.1" 200 715 "http://whereshouldiski.com/" "Mozilla/5.0 (compatible; Googlebot/2.1; +http://www.google.com/bot.html)"
170.75.162.130 - - [04/Apr/2016:15:20:45 -0700] "GET /lib/reccapi.php?resort=squawvalleyusa HTTP/1.1" 200 982 "-" "node-superagent/1.4.0"
141.8.143.217 - - [04/Apr/2016:15:24:03 -0700] "GET /robots.txt HTTP/1.1" 200 375 "-" "Mozilla/5.0 (compatible; YandexBot/3.0; +http://yandex.com/bots)"
199.21.99.203 - - [04/Apr/2016:15:24:03 -0700] "GET /robots.txt HTTP/1.1" 200 375 "-" "Mozilla/5.0 (compatible; YandexBot/3.0; +http://yandex.com/bots)"
141.8.143.217 - - [04/Apr/2016:15:24:04 -0700] "GET /robots.txt HTTP/1.1" 200 375 "-" "Mozilla/5.0 (compatible; YandexBot/3.0; +http://yandex.com/bots)"
141.8.143.217 - - [04/Apr/2016:15:24:07 -0700] "GET /images/wsis-logo-sm.png HTTP/1.1" 200 6107 "-" "Mozilla/5.0 (compatible; YandexImages/3.0; +http://yandex.com/bots)"
141.8.143.217 - - [04/Apr/2016:15:24:07 -0700] "GET / HTTP/1.1" 200 2614 "-" "Mozilla/5.0 (compatible; YandexBot/3.0; +http://yandex.com/bots)"
199.21.99.203 - - [04/Apr/2016:15:24:07 -0700] "GET / HTTP/1.1" 200 2614 "-" "Mozilla/5.0 (compatible; YandexBot/3.0; +http://yandex.com/bots)"
141.8.143.217 - - [04/Apr/2016:15:24:11 -0700] "GET / HTTP/1.1" 200 2614 "-" "Mozilla/5.0 (compatible; YandexBot/3.0; +http://yandex.com/bots)"
199.21.99.203 - - [04/Apr/2016:15:24:11 -0700] "GET / HTTP/1.1" 200 2614 "-" "Mozilla/5.0 (compatible; YandexBot/3.0; +http://yandex.com/bots)"
141.8.143.217 - - [04/Apr/2016:15:24:11 -0700] "GET / HTTP/1.1" 200 2614 "-" "Mozilla/5.0 (compatible; YandexBot/3.0; +http://yandex.com/bots)"
141.8.143.217 - - [04/Apr/2016:15:24:15 -0700] "GET / HTTP/1.1" 200 2614 "-" "Mozilla/5.0 (compatible; YandexBot/3.0; +http://yandex.com/bots)"
185.49.14.190 - - [04/Apr/2016:15:25:03 -0700] "GET http://testp1.piwo.pila.pl/testproxy.php HTTP/1.1" 404 448 "-" "Mozilla/5.0 (Windows NT 5.1; rv:32.0) Gecko/20100101 Firefox/31.0"
77.75.78.163 - - [04/Apr/2016:15:31:37 -0700] "GET /robots.txt HTTP/1.1" 200 419 "-" "Mozilla/5.0 (compatible; SeznamBot/3.2; +http://fulltext.sblog.cz/)"
77.75.78.163 - - [04/Apr/2016:15:31:39 -0700] "GET /resorts?resort=brianhead HTTP/1.1" 404 506 "-" "Mozilla/5.0 (compatible; SeznamBot/3.2; +http://fulltext.sblog.cz/)"
180.76.15.19 - - [04/Apr/2016:15:31:55 -0700] "GET / HTTP/1.1" 200 6995 "-" "Mozilla/5.0 (compatible; Baiduspider/2.0; +http://www.baidu.com/search/spider.html)"
180.76.15.141 - - [04/Apr/2016:15:32:50 -0700] "GET / HTTP/1.1" 200 6995 "-" "Mozilla/5.0 (compatible; Baiduspider/2.0; +http://www.baidu.com/search/spider.html)"
5.9.28.226 - - [04/Apr/2016:15:33:31 -0700] "GET /robots.txt HTTP/1.0" 200 338 "-" "Mozilla/5.0 (compatible; MJ12bot/v1.4.5; http://www.majestic12.co.uk/bot.php?+)"
5.9.28.226 - - [04/Apr/2016:15:33:34 -0700] "GET /resorts?resort=whitefacemountain HTTP/1.0" 404 495 "-" "Mozilla/5.0 (compatible; MJ12bot/v1.4.5; http://www.majestic12.co.uk/bot.php?+)"
96.251.139.219 - - [04/Apr/2016:15:37:17 -0700] "GET /images/wsis-logo-sm.png HTTP/1.1" 200 6108 "http://www.thebackcountry.net/" "Mozilla/5.0 (Macintosh; Intel Mac OS X 10_11_3) AppleWebKit/601.4.4 (KHTML, like Gecko) Version/9.0.3 Safari/601.4.4"
64.60.170.98 - - [04/Apr/2016:15:47:24 -0700] "GET /images/wsis-logo-sm.png HTTP/1.1" 200 6108 "http://thebackcountry.net/" "Mozilla/5.0 (Macintosh; Intel Mac OS X 10_9_5) AppleWebKit/537.36 (KHTML, like Gecko) Chrome/49.0.2623.110 Safari/537.36"
66.249.79.234 - - [04/Apr/2016:15:50:29 -0700] "GET / HTTP/1.1" 200 2615 "-" "SAMSUNG-SGH-E250/1.0 Profile/MIDP-2.0 Configuration/CLDC-1.1 UP.Browser/6.2.3.3.c.1.101 (GUI) MMP/2.0 (compatible; Googlebot-Mobile/2.1; +http://www.google.com/bot.html)"
170.75.162.130 - - [04/Apr/2016:15:52:00 -0700] "GET /lib/reccapi.php?resort=bigwhite HTTP/1.1" 200 922 "-" "node-superagent/1.4.0"
75.151.83.13 - - [04/Apr/2016:15:59:19 -0700] "GET /images/wsis-logo-sm.png HTTP/1.1" 200 6108 "http://www.thebackcountry.net/" "Mozilla/5.0 (Windows NT 6.1; WOW64) AppleWebKit/537.36 (KHTML, like Gecko) Chrome/49.0.2623.110 Safari/537.36"
192.77.239.134 - - [04/Apr/2016:16:12:12 -0700] "GET /images/wsis-logo-sm.png HTTP/1.1" 200 6108 "http://www.thebackcountry.net/" "Mozilla/5.0 (Windows NT 6.1; WOW64) AppleWebKit/537.36 (KHTML, like Gecko) Chrome/49.0.2623.110 Safari/537.36"
170.75.162.130 - - [04/Apr/2016:16:22:44 -0700] "GET /lib/reccapi.php?resort=sugarbush HTTP/1.1" 200 1070 "-" "node-superagent/1.4.0"
170.75.162.130 - - [04/Apr/2016:16:25:54 -0700] "GET /lib/reccapi.php?resort=stevenspass HTTP/1.1" 200 1021 "-" "node-superagent/1.4.0"
198.217.64.23 - - [04/Apr/2016:16:26:19 -0700] "GET /images/wsis-logo-sm.png HTTP/1.1" 200 6052 "http://www.thebackcountry.net/" "Mozilla/5.0 (Windows NT 6.1; WOW64; Trident/7.0; rv:11.0) like Gecko"
180.76.15.143 - - [04/Apr/2016:16:28:40 -0700] "GET / HTTP/1.1" 200 6995 "-" "Mozilla/5.0 (compatible; Baiduspider/2.0; +http://www.baidu.com/search/spider.html)"
180.76.15.19 - - [04/Apr/2016:16:29:27 -0700] "GET / HTTP/1.1" 200 6995 "-" "Mozilla/5.0 (compatible; Baiduspider/2.0; +http://www.baidu.com/search/spider.html)"
66.249.79.91 - - [04/Apr/2016:16:32:39 -0700] "GET /lib/reccapi.php?resort=chinapeak&date=2016-02-01 HTTP/1.1" 200 1035 "http://whereshouldiski.com/" "Mozilla/5.0 (compatible; Googlebot/2.1; +http://www.google.com/bot.html)"
66.249.79.91 - - [04/Apr/2016:16:32:40 -0700] "GET /lib/reccapi.php?fields=t&date=2016-02-01&coords=37.22%2C-119.19&size=7&sort=distance HTTP/1.1" 200 1407 "http://whereshouldiski.com/" "Mozilla/5.0 (compatible; Googlebot/2.1; +http://www.google.com/bot.html)"
66.249.79.95 - - [04/Apr/2016:16:32:41 -0700] "GET /lib/resortDataSearchD3.php?size=7&sortDate=T&resort=chinapeak&dateStart=2016-01-30 HTTP/1.1" 200 871 "http://whereshouldiski.com/" "Mozilla/5.0 (compatible; Googlebot/2.1; +http://www.google.com/bot.html)"
198.91.121.210 - - [04/Apr/2016:16:42:13 -0700] "GET /images/wsis-logo-sm.png HTTP/1.1" 200 6108 "http://www.thebackcountry.net/" "Mozilla/5.0 (Windows NT 6.3; WOW64) AppleWebKit/537.36 (KHTML, like Gecko) Chrome/49.0.2623.87 Safari/537.36"
97.92.97.86 - - [04/Apr/2016:16:47:09 -0700] "GET /images/wsis-logo-sm.png HTTP/1.1" 200 6108 "http://www.thebackcountry.net/" "Mozilla/5.0 (Windows NT 6.1; WOW64) AppleWebKit/537.36 (KHTML, like Gecko) Chrome/49.0.2623.87 Safari/537.36"
206.29.176.51 - - [04/Apr/2016:17:01:57 -0700] "GET /lib/reccapi.php?fields=t&state=WA&powder=3 HTTP/1.1" 200 471 "http://whereshouldiski.com/" "Mozilla/5.0 (Macintosh; Intel Mac OS X 10_10_5) AppleWebKit/600.8.9 (KHTML, like Gecko) WebClip/10601.5.17 Safari/10601.5.17.4"
77.75.78.167 - - [04/Apr/2016:17:13:34 -0700] "GET /robots.txt HTTP/1.1" 200 419 "-" "Mozilla/5.0 (compatible; SeznamBot/3.2; +http://fulltext.sblog.cz/)"
77.75.78.167 - - [04/Apr/2016:17:13:35 -0700] "GET /images/loading.gif HTTP/1.1" 200 13882 "-" "Mozilla/5.0 (compatible; SeznamBot/3.2; +http://fulltext.sblog.cz/)"
62.210.107.201 - - [04/Apr/2016:17:15:47 -0700] "GET /robots.txt HTTP/1.0" 200 338 "-" "Mozilla/5.0 (compatible; MJ12bot/v1.4.5; http://www.majestic12.co.uk/bot.php?+)"
62.210.107.201 - - [04/Apr/2016:17:15:50 -0700] "GET /about HTTP/1.0" 404 495 "-" "Mozilla/5.0 (compatible; MJ12bot/v1.4.5; http://www.majestic12.co.uk/bot.php?+)"
166.170.14.115 - - [04/Apr/2016:17:18:05 -0700] "GET /images/wsis-logo-sm.png HTTP/1.1" 200 6108 "http://www.thebackcountry.net/" "Mozilla/5.0 (iPhone; CPU iPhone OS 9_3 like Mac OS X) AppleWebKit/601.1.46 (KHTML, like Gecko) Version/9.0 Mobile/13E233 Safari/601.1"
180.76.15.140 - - [04/Apr/2016:17:23:29 -0700] "GET /styles/ee08faa9.main.css HTTP/1.1" 200 19410 "-" "Mozilla/5.0 (compatible; Baiduspider/2.0; +http://www.baidu.com/search/spider.html)"
180.76.15.141 - - [04/Apr/2016:17:33:05 -0700] "GET / HTTP/1.1" 200 6995 "-" "Mozilla/5.0 (compatible; Baiduspider/2.0; +http://www.baidu.com/search/spider.html)"
180.76.15.150 - - [04/Apr/2016:17:34:04 -0700] "GET / HTTP/1.1" 200 6995 "-" "Mozilla/5.0 (compatible; Baiduspider/2.0; +http://www.baidu.com/search/spider.html)"
170.75.162.130 - - [04/Apr/2016:17:36:43 -0700] "GET /lib/reccapi.php?resort=loveland HTTP/1.1" 200 979 "-" "node-superagent/1.4.0"
170.75.162.130 - - [04/Apr/2016:17:38:24 -0700] "GET /lib/reccapi.php?resort=heavenly HTTP/1.1" 200 983 "-" "node-superagent/1.4.0"
66.249.79.93 - - [04/Apr/2016:17:47:53 -0700] "GET /lib/reccapi.php?resort=alyeska&date=2016-01-03 HTTP/1.1" 200 691 "http://whereshouldiski.com/" "Mozilla/5.0 (compatible; Googlebot/2.1; +http://www.google.com/bot.html)"
170.75.162.130 - - [04/Apr/2016:17:48:35 -0700] "GET /lib/reccapi.php?resort=monarch HTTP/1.1" 200 976 "-" "node-superagent/1.4.0"
91.196.50.33 - - [04/Apr/2016:17:51:49 -0700] "GET http://testp1.piwo.pila.pl/testproxy.php HTTP/1.1" 404 448 "-" "Mozilla/5.0 (Windows NT 5.1; rv:32.0) Gecko/20100101 Firefox/31.0"
170.75.162.130 - - [04/Apr/2016:17:53:15 -0700] "GET /lib/reccapi.php?resort=mountspokane HTTP/1.1" 200 1093 "-" "node-superagent/1.4.0"
170.75.162.130 - - [04/Apr/2016:17:54:35 -0700] "GET /lib/reccapi.php?resort=mtrose HTTP/1.1" 200 959 "-" "node-superagent/1.4.0"
170.75.162.130 - - [04/Apr/2016:18:01:16 -0700] "GET /lib/reccapi.php?resort=sierra-at-tahoe HTTP/1.1" 200 979 "-" "node-superagent/1.4.0"
170.75.162.130 - - [04/Apr/2016:18:09:48 -0700] "GET /lib/reccapi.php?resort=alyeska HTTP/1.1" 200 973 "-" "node-superagent/1.4.0"
170.75.162.130 - - [04/Apr/2016:18:17:09 -0700] "GET /lib/reccapi.php?resort=chinapeak HTTP/1.1" 200 998 "-" "node-superagent/1.4.0"
170.75.162.130 - - [04/Apr/2016:18:29:20 -0700] "GET /lib/reccapi.php?resort=mountbachelor HTTP/1.1" 200 1035 "-" "node-superagent/1.4.0"
180.76.15.147 - - [04/Apr/2016:18:29:41 -0700] "GET / HTTP/1.1" 200 6995 "-" "Mozilla/5.0 (compatible; Baiduspider/2.0; +http://www.baidu.com/search/spider.html)"
180.76.15.10 - - [04/Apr/2016:18:30:31 -0700] "GET / HTTP/1.1" 200 6995 "-" "Mozilla/5.0 (compatible; Baiduspider/2.0; +http://www.baidu.com/search/spider.html)"
98.210.234.118 - - [04/Apr/2016:18:36:51 -0700] "GET /images/wsis-logo-sm.png HTTP/1.1" 200 6108 "http://www.thebackcountry.net/" "Mozilla/5.0 (Macintosh; Intel Mac OS X 10_11_1) AppleWebKit/537.36 (KHTML, like Gecko) Chrome/49.0.2623.110 Safari/537.36"
207.46.13.37 - - [04/Apr/2016:18:38:01 -0700] "GET /images/wsis-logo-sm.png HTTP/1.1" 200 6108 "-" "Mozilla/5.0 (compatible; bingbot/2.0; +http://www.bing.com/bingbot.htm)"
107.216.245.122 - - [04/Apr/2016:18:40:37 -0700] "GET /images/wsis-logo-sm.png HTTP/1.1" 200 6108 "http://www.thebackcountry.net/" "Mozilla/5.0 (Windows NT 6.3; WOW64; rv:45.0) Gecko/20100101 Firefox/45.0"
170.75.162.130 - - [04/Apr/2016:18:53:23 -0700] "GET /lib/reccapi.php?resort=schweitzer HTTP/1.1" 200 1075 "-" "node-superagent/1.4.0"
170.75.162.130 - - [04/Apr/2016:18:55:04 -0700] "GET /lib/reccapi.php?resort=homewoodmountain HTTP/1.1" 200 987 "-" "node-superagent/1.4.0"
170.75.162.130 - - [04/Apr/2016:18:56:04 -0700] "GET /lib/reccapi.php?resort=sugarbowl HTTP/1.1" 200 954 "-" "node-superagent/1.4.0"
170.75.162.130 - - [04/Apr/2016:18:58:44 -0700] "GET /lib/reccapi.php?resort=snowmass HTTP/1.1" 200 1001 "-" "node-superagent/1.4.0"
170.75.162.130 - - [04/Apr/2016:19:07:05 -0700] "GET /lib/reccapi.php?resort=diamondpeak HTTP/1.1" 200 948 "-" "node-superagent/1.4.0"
170.75.162.130 - - [04/Apr/2016:19:08:25 -0700] "GET /lib/reccapi.php?resort=northstar-at-tahoe HTTP/1.1" 200 956 "-" "node-superagent/1.4.0"
170.75.162.130 - - [04/Apr/2016:19:13:16 -0700] "GET /lib/reccapi.php?resort=whistlerblackcomb HTTP/1.1" 200 932 "-" "node-superagent/1.4.0"
170.75.162.130 - - [04/Apr/2016:19:14:36 -0700] "GET /lib/reccapi.php?resort=alpinemeadows HTTP/1.1" 200 970 "-" "node-superagent/1.4.0"
170.75.162.130 - - [04/Apr/2016:19:14:36 -0700] "GET /lib/reccapi.php?resort=aspenheights HTTP/1.1" 200 1024 "-" "node-superagent/1.4.0"
170.75.162.130 - - [04/Apr/2016:19:16:36 -0700] "GET /lib/reccapi.php?resort=deervalley HTTP/1.1" 200 1041 "-" "node-superagent/1.4.0"
170.75.162.130 - - [04/Apr/2016:19:16:46 -0700] "GET /lib/reccapi.php?resort=steamboat HTTP/1.1" 200 1023 "-" "node-superagent/1.4.0"
170.75.162.130 - - [04/Apr/2016:19:19:17 -0700] "GET /lib/reccapi.php?resort=snowbasin HTTP/1.1" 200 1006 "-" "node-superagent/1.4.0"
170.75.162.130 - - [04/Apr/2016:19:21:57 -0700] "GET /lib/reccapi.php?resort=sundayriver HTTP/1.1" 200 952 "-" "node-superagent/1.4.0"
180.76.15.155 - - [04/Apr/2016:19:28:58 -0700] "GET / HTTP/1.1" 200 6995 "-" "Mozilla/5.0 (compatible; Baiduspider/2.0; +http://www.baidu.com/search/spider.html)"
180.76.15.32 - - [04/Apr/2016:19:29:47 -0700] "GET / HTTP/1.1" 200 6995 "-" "Mozilla/5.0 (compatible; Baiduspider/2.0; +http://www.baidu.com/search/spider.html)"
170.75.162.130 - - [04/Apr/2016:19:32:49 -0700] "GET /lib/reccapi.php?resort=madriverglen HTTP/1.1" 200 1049 "-" "node-superagent/1.4.0"
170.75.162.130 - - [04/Apr/2016:19:32:49 -0700] "GET /lib/reccapi.php?resort=killington HTTP/1.1" 200 1062 "-" "node-superagent/1.4.0"
207.46.13.37 - - [04/Apr/2016:19:36:06 -0700] "GET / HTTP/1.1" 200 2615 "-" "Mozilla/5.0 (compatible; bingbot/2.0; +http://www.bing.com/bingbot.htm)"
170.75.162.130 - - [04/Apr/2016:19:39:10 -0700] "GET /lib/reccapi.php?resort=redmountain HTTP/1.1" 200 911 "-" "node-superagent/1.4.0"
170.75.162.130 - - [04/Apr/2016:19:41:50 -0700] "GET /lib/reccapi.php?resort=mountainhigh HTTP/1.1" 200 973 "-" "node-superagent/1.4.0"
170.75.162.130 - - [04/Apr/2016:19:47:51 -0700] "GET /lib/reccapi.php?resort=smugglersnotch HTTP/1.1" 200 991 "-" "node-superagent/1.4.0"
170.75.162.130 - - [04/Apr/2016:19:50:31 -0700] "GET /lib/reccapi.php?resort=solitude HTTP/1.1" 200 1039 "-" "node-superagent/1.4.0"
170.75.162.130 - - [04/Apr/2016:19:53:11 -0700] "GET /lib/reccapi.php?resort=stowe HTTP/1.1" 200 968 "-" "node-superagent/1.4.0"
170.75.162.130 - - [04/Apr/2016:19:59:12 -0700] "GET /lib/reccapi.php?resort=wildcatmountain HTTP/1.1" 200 999 "-" "node-superagent/1.4.0"
179.252.239.196 - - [04/Apr/2016:20:00:46 -0700] "GET /images/wsis-logo-sm.png HTTP/1.1" 200 6108 "http://www.thebackcountry.net/" "Mozilla/5.0 (Windows NT 6.1) AppleWebKit/537.36 (KHTML, like Gecko) Chrome/49.0.2623.110 Safari/537.36"
170.75.162.130 - - [04/Apr/2016:20:01:02 -0700] "GET /lib/reccapi.php?resort=angelfire HTTP/1.1" 200 992 "-" "node-superagent/1.4.0"
170.75.162.130 - - [04/Apr/2016:20:01:12 -0700] "GET /lib/reccapi.php?resort=brighton HTTP/1.1" 200 1053 "-" "node-superagent/1.4.0"
170.75.162.130 - - [04/Apr/2016:20:01:12 -0700] "GET /lib/reccapi.php?resort=cannonmountain HTTP/1.1" 200 1009 "-" "node-superagent/1.4.0"
170.75.162.130 - - [04/Apr/2016:20:01:13 -0700] "GET /lib/reccapi.php?resort=crystalmountain HTTP/1.1" 200 1022 "-" "node-superagent/1.4.0"
170.75.162.130 - - [04/Apr/2016:20:01:22 -0700] "GET /lib/reccapi.php?resort=devilshead HTTP/1.1" 200 947 "-" "node-superagent/1.4.0"
170.75.162.130 - - [04/Apr/2016:20:01:23 -0700] "GET /lib/reccapi.php?resort=hoodoo HTTP/1.1" 200 1045 "-" "node-superagent/1.4.0"
170.75.162.130 - - [04/Apr/2016:20:01:23 -0700] "GET /lib/reccapi.php?resort=jaypeak HTTP/1.1" 200 970 "-" "node-superagent/1.4.0"
170.75.162.130 - - [04/Apr/2016:20:01:32 -0700] "GET /lib/reccapi.php?resort=snowbird HTTP/1.1" 200 1054 "-" "node-superagent/1.4.0"
170.75.162.130 - - [04/Apr/2016:20:01:52 -0700] "GET /lib/reccapi.php?resort=sunvalley HTTP/1.1" 200 1043 "-" "node-superagent/1.4.0"
170.75.162.130 - - [04/Apr/2016:20:07:13 -0700] "GET /lib/reccapi.php?resort=redlodge HTTP/1.1" 200 1043 "-" "node-superagent/1.4.0"
66.249.79.95 - - [04/Apr/2016:20:09:04 -0700] "GET /lib/reccapi.php?resort=steamboat&date=2016-04-02 HTTP/1.1" 200 1036 "http://whereshouldiski.com/" "Mozilla/5.0 (compatible; Googlebot/2.1; +http://www.google.com/bot.html)"
66.249.79.93 - - [04/Apr/2016:20:09:06 -0700] "GET /lib/resortDataSearchD3.php?size=7&sortDate=T&resort=steamboat&dateStart=2016-03-31 HTTP/1.1" 200 860 "http://whereshouldiski.com/" "Mozilla/5.0 (compatible; Googlebot/2.1; +http://www.google.com/bot.html)"
66.249.79.95 - - [04/Apr/2016:20:09:06 -0700] "GET /lib/reccapi.php?fields=t&date=2016-04-02&coords=40.46%2C-106.77&size=7&sort=distance HTTP/1.1" 200 1342 "http://whereshouldiski.com/" "Mozilla/5.0 (compatible; Googlebot/2.1; +http://www.google.com/bot.html)"
170.75.162.130 - - [04/Apr/2016:20:13:14 -0700] "GET /lib/reccapi.php?resort=whitefacemountain HTTP/1.1" 200 1017 "-" "node-superagent/1.4.0"
107.199.69.62 - - [04/Apr/2016:20:16:05 -0700] "GET /images/wsis-logo-sm.png HTTP/1.1" 200 6108 "http://www.thebackcountry.net/" "Mozilla/5.0 (Macintosh; Intel Mac OS X 10_10_5) AppleWebKit/601.4.4 (KHTML, like Gecko) Version/9.0.3 Safari/601.4.4"
170.75.162.130 - - [04/Apr/2016:20:16:34 -0700] "GET /lib/reccapi.php?resort=kirkwood HTTP/1.1" 200 978 "-" "node-superagent/1.4.0"
107.77.109.31 - - [04/Apr/2016:20:20:05 -0700] "GET /images/wsis-logo-sm.png HTTP/1.1" 200 6108 "http://www.thebackcountry.net/" "Mozilla/5.0 (iPhone; CPU iPhone OS 9_2 like Mac OS X) AppleWebKit/601.1.46 (KHTML, like Gecko) Version/9.0 Mobile/13C75 Safari/601.1"
71.11.183.194 - - [04/Apr/2016:20:23:57 -0700] "GET /images/wsis-logo-sm.png HTTP/1.1" 200 6108 "http://www.thebackcountry.net/" "Mozilla/5.0 (Windows NT 10.0; WOW64; rv:45.0) Gecko/20100101 Firefox/45.0"
71.9.103.101 - - [04/Apr/2016:20:24:59 -0700] "GET /images/wsis-logo-sm.png HTTP/1.1" 200 6108 "http://www.thebackcountry.net/" "Mozilla/5.0 (Macintosh; Intel Mac OS X 10_7_5) AppleWebKit/537.78.2 (KHTML, like Gecko) Version/6.1.6 Safari/537.78.2"
159.203.168.99 - - [04/Apr/2016:20:28:51 -0700] "HEAD / HTTP/1.1" 200 310 "http://www.netcraft.com/survey/" "Mozilla/4.0 (compatible; Netcraft Web Server Survey)"
66.249.79.95 - - [04/Apr/2016:20:32:07 -0700] "GET /lib/reccapi.php?resort=mountbaker&date=2016-03-16 HTTP/1.1" 200 1102 "http://whereshouldiski.com/" "Mozilla/5.0 (compatible; Googlebot/2.1; +http://www.google.com/bot.html)"
66.249.79.93 - - [04/Apr/2016:20:32:08 -0700] "GET /lib/resortDataSearchD3.php?size=7&sortDate=T&resort=mountbaker&dateStart=2016-03-14 HTTP/1.1" 200 866 "http://whereshouldiski.com/" "Mozilla/5.0 (compatible; Googlebot/2.1; +http://www.google.com/bot.html)"
66.249.79.95 - - [04/Apr/2016:20:32:08 -0700] "GET /lib/reccapi.php?fields=t&date=2016-03-16&coords=48.86%2C-121.68&size=7&sort=distance HTTP/1.1" 200 1447 "http://whereshouldiski.com/" "Mozilla/5.0 (compatible; Googlebot/2.1; +http://www.google.com/bot.html)"
180.76.15.11 - - [04/Apr/2016:20:33:43 -0700] "GET / HTTP/1.1" 200 6995 "-" "Mozilla/5.0 (compatible; Baiduspider/2.0; +http://www.baidu.com/search/spider.html)"
180.76.15.34 - - [04/Apr/2016:20:34:43 -0700] "GET / HTTP/1.1" 200 6995 "-" "Mozilla/5.0 (compatible; Baiduspider/2.0; +http://www.baidu.com/search/spider.html)"
170.75.162.130 - - [04/Apr/2016:20:47:28 -0700] "GET /lib/reccapi.php?resort=jacksonhole HTTP/1.1" 200 1082 "-" "node-superagent/1.4.0"
170.75.162.130 - - [04/Apr/2016:21:10:31 -0700] "GET /lib/reccapi.php?resort=buttermilk HTTP/1.1" 200 954 "-" "node-superagent/1.4.0"
170.75.162.130 - - [04/Apr/2016:21:10:31 -0700] "GET /lib/reccapi.php?resort=aspenmountain HTTP/1.1" 200 967 "-" "node-superagent/1.4.0"
170.75.162.130 - - [04/Apr/2016:21:15:52 -0700] "GET /lib/reccapi.php?resort=silverstarmountain HTTP/1.1" 200 932 "-" "node-superagent/1.4.0"
170.75.162.130 - - [04/Apr/2016:21:15:52 -0700] "GET /lib/reccapi.php?resort=sunpeaksresort HTTP/1.1" 200 918 "-" "node-superagent/1.4.0"
104.175.126.128 - - [04/Apr/2016:21:18:20 -0700] "GET /images/wsis-logo-sm.png HTTP/1.1" 200 6108 "http://www.thebackcountry.net/" "Mozilla/5.0 (iPhone; CPU iPhone OS 9_3_1 like Mac OS X) AppleWebKit/601.1.46 (KHTML, like Gecko) Version/9.0 Mobile/13E238 Safari/601.1"
170.75.162.130 - - [04/Apr/2016:21:18:32 -0700] "GET /lib/reccapi.php?resort=mammothmountain HTTP/1.1" 200 1024 "-" "node-superagent/1.4.0"
170.75.162.130 - - [04/Apr/2016:21:21:12 -0700] "GET /lib/reccapi.php?resort=arapahoebasin HTTP/1.1" 200 995 "-" "node-superagent/1.4.0"
170.75.162.130 - - [04/Apr/2016:21:21:12 -0700] "GET /lib/reccapi.php?resort=crestedbutte HTTP/1.1" 200 1036 "-" "node-superagent/1.4.0"
170.75.162.130 - - [04/Apr/2016:21:21:12 -0700] "GET /lib/reccapi.php?resort=keystone HTTP/1.1" 200 986 "-" "node-superagent/1.4.0"
170.75.162.130 - - [04/Apr/2016:21:21:12 -0700] "GET /lib/reccapi.php?resort=coppermountain HTTP/1.1" 200 988 "-" "node-superagent/1.4.0"
170.75.162.130 - - [04/Apr/2016:21:21:12 -0700] "GET /lib/reccapi.php?resort=winterpark HTTP/1.1" 200 975 "-" "node-superagent/1.4.0"
170.75.162.130 - - [04/Apr/2016:21:21:12 -0700] "GET /lib/reccapi.php?resort=telluride HTTP/1.1" 200 979 "-" "node-superagent/1.4.0"
40.77.167.38 - - [04/Apr/2016:21:28:19 -0700] "GET /about HTTP/1.1" 404 509 "-" "Mozilla/5.0 (compatible; bingbot/2.0; +http://www.bing.com/bingbot.htm)"
180.76.15.33 - - [04/Apr/2016:21:33:20 -0700] "GET / HTTP/1.1" 200 6995 "-" "Mozilla/5.0 (compatible; Baiduspider/2.0; +http://www.baidu.com/search/spider.html)"
180.76.15.147 - - [04/Apr/2016:21:34:18 -0700] "GET / HTTP/1.1" 200 6995 "-" "Mozilla/5.0 (compatible; Baiduspider/2.0; +http://www.baidu.com/search/spider.html)"
170.75.162.130 - - [04/Apr/2016:21:38:04 -0700] "GET /lib/reccapi.php?resort=bigwhite HTTP/1.1" 200 920 "-" "node-superagent/1.4.0"
170.75.162.130 - - [04/Apr/2016:21:40:04 -0700] "GET /lib/reccapi.php?resort=bigsky HTTP/1.1" 200 1036 "-" "node-superagent/1.4.0"
159.203.164.73 - - [04/Apr/2016:21:42:07 -0700] "HEAD / HTTP/1.1" 200 310 "http://www.netcraft.com/survey/" "Mozilla/4.0 (compatible; Netcraft Web Server Survey)"
66.249.84.173 - - [04/Apr/2016:21:42:21 -0700] "GET /images/wsis-logo-sm.png HTTP/1.1" 200 6108 "http://www.thebackcountry.net/" "Mozilla/5.0 (Linux; Android 5.1.1; SM-P600 Build/LMY47X) AppleWebKit/537.36 (KHTML, like Gecko) Chrome/49.0.2623.105 Safari/537.36"
178.63.86.11 - - [04/Apr/2016:21:43:03 -0700] "GET /robots.txt HTTP/1.0" 200 338 "-" "Mozilla/5.0 (compatible; MJ12bot/v1.4.5; http://www.majestic12.co.uk/bot.php?+)"
178.63.86.11 - - [04/Apr/2016:21:43:04 -0700] "GET / HTTP/1.0" 200 6995 "-" "Mozilla/5.0 (compatible; MJ12bot/v1.4.5; http://www.majestic12.co.uk/bot.php?+)"
47.208.184.64 - - [04/Apr/2016:21:44:23 -0700] "GET /images/wsis-logo-sm.png HTTP/1.1" 200 6108 "http://www.thebackcountry.net/" "Mozilla/5.0 (Windows NT 10.0) AppleWebKit/537.36 (KHTML, like Gecko) Chrome/49.0.2623.110 Safari/537.36"
170.75.162.130 - - [04/Apr/2016:21:50:36 -0700] "GET /lib/reccapi.php?resort=taos HTTP/1.1" 200 960 "-" "node-superagent/1.4.0"
142.254.126.205 - - [04/Apr/2016:21:52:25 -0700] "GET /images/wsis-logo-sm.png HTTP/1.1" 200 6108 "http://www.thebackcountry.net/" "Mozilla/5.0 (Windows NT 6.1; WOW64; rv:45.0) Gecko/20100101 Firefox/45.0"
170.75.162.130 - - [04/Apr/2016:21:56:16 -0700] "GET /lib/reccapi.php?resort=mounthoodmeadows HTTP/1.1" 200 1084 "-" "node-superagent/1.4.0"
73.252.219.162 - - [04/Apr/2016:22:24:45 -0700] "GET /images/wsis-logo-sm.png HTTP/1.1" 200 6108 "http://thebackcountry.net/" "Mozilla/5.0 (Macintosh; Intel Mac OS X 10_10_5) AppleWebKit/601.4.4 (KHTML, like Gecko) Version/9.0.3 Safari/601.4.4"
47.208.175.224 - - [04/Apr/2016:22:27:27 -0700] "GET /images/wsis-logo-sm.png HTTP/1.1" 200 6108 "http://www.thebackcountry.net/" "Mozilla/5.0 (Macintosh; Intel Mac OS X 10_11_3) AppleWebKit/601.4.4 (KHTML, like Gecko) Version/9.0.3 Safari/601.4.4"
180.76.15.149 - - [04/Apr/2016:22:33:55 -0700] "GET / HTTP/1.1" 200 6995 "-" "Mozilla/5.0 (compatible; Baiduspider/2.0; +http://www.baidu.com/search/spider.html)"
180.76.15.22 - - [04/Apr/2016:22:34:54 -0700] "GET / HTTP/1.1" 200 6995 "-" "Mozilla/5.0 (compatible; Baiduspider/2.0; +http://www.baidu.com/search/spider.html)"
66.249.79.95 - - [04/Apr/2016:22:38:36 -0700] "GET /resorts?resort=snowbird&date=2014-02-19 HTTP/1.1" 404 506 "-" "Mozilla/5.0 (iPhone; CPU iPhone OS 8_3 like Mac OS X) AppleWebKit/600.1.4 (KHTML, like Gecko) Version/8.0 Mobile/12F70 Safari/600.1.4 (compatible; Googlebot/2.1; +http://www.google.com/bot.html)"
86.123.244.196 - - [04/Apr/2016:22:41:26 -0700] "GET / HTTP/1.1" 200 7032 "-" "Java/1.6.0_04"
86.123.244.196 - - [04/Apr/2016:22:41:27 -0700] "GET /about HTTP/1.1" 404 531 "-" "Java/1.6.0_04"
86.123.244.196 - - [04/Apr/2016:22:41:27 -0700] "GET /images/logo-square-white-sm.png HTTP/1.1" 200 1684 "-" "Java/1.6.0_04"
86.123.244.196 - - [04/Apr/2016:22:41:27 -0700] "GET //platform.twitter.com/widgets.js HTTP/1.1" 404 553 "-" "Java/1.6.0_04"
86.123.244.196 - - [04/Apr/2016:22:41:28 -0700] "GET /bower_components/requirejs/require.js HTTP/1.1" 200 17184 "-" "Java/1.6.0_04"
86.123.244.196 - - [04/Apr/2016:22:41:29 -0700] "GET /scripts/scripts/vendor/modernizr.js HTTP/1.1" 200 11435 "-" "Java/1.6.0_04"
86.123.244.196 - - [04/Apr/2016:22:41:29 -0700] "GET /scripts/scripts/vendor/)||!a.HTMLDataListElement)),E}( HTTP/1.1" 404 576 "-" "Java/1.6.0_04"
86.123.244.196 - - [04/Apr/2016:22:41:30 -0700] "GET /https://fonts.googleapis.com/css?family=Alegreya+Sans+SC|Permanent+Marker HTTP/1.1" 404 532 "-" "Java/1.6.0_04"
86.123.244.196 - - [04/Apr/2016:22:41:30 -0700] "GET /https://twitter.com/WhereShouldISki HTTP/1.1" 404 531 "-" "Java/1.6.0_04"
86.123.244.196 - - [04/Apr/2016:22:41:30 -0700] "GET /https://www.facebook.com/WhereShouldiSki HTTP/1.1" 404 532 "-" "Java/1.6.0_04"
86.123.244.196 - - [04/Apr/2016:22:41:31 -0700] "GET /bower_components/requirejs/\\nhttp://requirejs.org/docs/errors.html HTTP/1.1" 404 532 "-" "Java/1.6.0_04"
77.75.78.164 - - [04/Apr/2016:22:45:55 -0700] "GET /robots.txt HTTP/1.1" 200 419 "-" "Mozilla/5.0 (compatible; SeznamBot/3.2; +http://fulltext.sblog.cz/)"
77.75.78.164 - - [04/Apr/2016:22:45:57 -0700] "GET /resorts?resort=homewoodmountain HTTP/1.1" 404 506 "-" "Mozilla/5.0 (compatible; SeznamBot/3.2; +http://fulltext.sblog.cz/)"
170.75.162.130 - - [04/Apr/2016:22:47:52 -0700] "GET /lib/reccapi.php?resort=heavenly HTTP/1.1" 200 983 "-" "node-superagent/1.4.0"
170.75.162.130 - - [04/Apr/2016:22:47:53 -0700] "GET /lib/reccapi.php?resort=parkcity HTTP/1.1" 200 1032 "-" "node-superagent/1.4.0"
170.75.162.130 - - [04/Apr/2016:22:55:13 -0700] "GET /lib/reccapi.php?resort=alta HTTP/1.1" 200 1050 "-" "node-superagent/1.4.0"
170.75.162.130 - - [04/Apr/2016:22:55:13 -0700] "GET /lib/reccapi.php?resort=sugarloaf HTTP/1.1" 200 956 "-" "node-superagent/1.4.0"
107.131.122.182 - - [04/Apr/2016:23:00:18 -0700] "GET /images/wsis-logo-sm.png HTTP/1.1" 200 6108 "http://www.thebackcountry.net/" "Mozilla/5.0 (Macintosh; Intel Mac OS X 10_6_8) AppleWebKit/537.36 (KHTML, like Gecko) Chrome/49.0.2623.110 Safari/537.36"
73.223.27.179 - - [04/Apr/2016:23:02:06 -0700] "GET /images/wsis-logo-sm.png HTTP/1.1" 200 6108 "http://thebackcountry.net/" "Mozilla/5.0 (X11; Linux x86_64) AppleWebKit/537.36 (KHTML, like Gecko) Ubuntu Chromium/48.0.2564.82 Chrome/48.0.2564.82 Safari/537.36"
46.4.123.172 - - [04/Apr/2016:23:03:54 -0700] "GET /robots.txt HTTP/1.0" 200 338 "-" "Mozilla/5.0 (compatible; MJ12bot/v1.4.5; http://www.majestic12.co.uk/bot.php?+)"
46.4.123.172 - - [04/Apr/2016:23:03:56 -0700] "GET /resorts?resort=aspenheights HTTP/1.0" 404 495 "-" "Mozilla/5.0 (compatible; MJ12bot/v1.4.5; http://www.majestic12.co.uk/bot.php?+)"
46.4.123.172 - - [04/Apr/2016:23:03:59 -0700] "GET /resorts?resort=aspenmountain HTTP/1.0" 404 469 "-" "Mozilla/5.0 (compatible; MJ12bot/v1.4.5; http://www.majestic12.co.uk/bot.php?+)"
46.4.123.172 - - [04/Apr/2016:23:04:01 -0700] "GET /resorts?resort=buttermilk HTTP/1.0" 404 469 "-" "Mozilla/5.0 (compatible; MJ12bot/v1.4.5; http://www.majestic12.co.uk/bot.php?+)"
46.4.123.172 - - [04/Apr/2016:23:04:04 -0700] "GET /resorts?resort=killington HTTP/1.0" 404 469 "-" "Mozilla/5.0 (compatible; MJ12bot/v1.4.5; http://www.majestic12.co.uk/bot.php?+)"
24.5.30.250 - - [04/Apr/2016:23:20:29 -0700] "GET /images/wsis-logo-sm.png HTTP/1.1" 200 6108 "http://www.thebackcountry.net/" "Mozilla/5.0 (iPhone; CPU iPhone OS 9_3 like Mac OS X) AppleWebKit/601.1.46 (KHTML, like Gecko) Version/9.0 Mobile/13E233 Safari/601.1"
104.236.88.91 - - [04/Apr/2016:23:22:46 -0700] "HEAD / HTTP/1.1" 200 310 "http://www.netcraft.com/survey/" "Mozilla/4.0 (compatible; Netcraft Web Server Survey)"
180.76.15.22 - - [04/Apr/2016:23:32:20 -0700] "GET / HTTP/1.1" 200 6995 "-" "Mozilla/5.0 (compatible; Baiduspider/2.0; +http://www.baidu.com/search/spider.html)"
180.76.15.155 - - [04/Apr/2016:23:33:15 -0700] "GET / HTTP/1.1" 200 6995 "-" "Mozilla/5.0 (compatible; Baiduspider/2.0; +http://www.baidu.com/search/spider.html)"
64.16.209.152 - - [04/Apr/2016:23:48:35 -0700] "GET /phpmyadmin/scripts/setup.php HTTP/1.0" 404 518 "-" "-"
180.76.15.154 - - [05/Apr/2016:00:04:22 -0700] "GET / HTTP/1.1" 200 2578 "-" "Mozilla/5.0 (compatible; Baiduspider/2.0; +http://www.baidu.com/search/spider.html)"
66.249.79.91 - - [05/Apr/2016:00:08:16 -0700] "GET /robots.txt HTTP/1.1" 200 419 "-" "Mozilla/5.0 (compatible; Googlebot/2.1; +http://www.google.com/bot.html)"
66.249.79.91 - - [05/Apr/2016:00:08:16 -0700] "GET /lib/reccapi.php?resort=kirkwood&date=2016-03-22 HTTP/1.1" 200 1092 "http://whereshouldiski.com/" "Mozilla/5.0 (compatible; Googlebot/2.1; +http://www.google.com/bot.html)"
66.249.79.93 - - [05/Apr/2016:00:08:17 -0700] "GET /lib/reccapi.php?fields=t&date=2016-03-22&coords=38.68%2C-120&size=7&sort=distance HTTP/1.1" 200 1343 "http://whereshouldiski.com/" "Mozilla/5.0 (compatible; Googlebot/2.1; +http://www.google.com/bot.html)"
66.249.79.95 - - [05/Apr/2016:00:08:17 -0700] "GET /lib/resortDataSearchD3.php?size=7&sortDate=T&resort=kirkwood&dateStart=2016-03-20 HTTP/1.1" 200 869 "http://whereshouldiski.com/" "Mozilla/5.0 (compatible; Googlebot/2.1; +http://www.google.com/bot.html)"
170.75.162.130 - - [05/Apr/2016:00:21:33 -0700] "GET /lib/reccapi.php?resort=alpinemeadows HTTP/1.1" 200 987 "-" "node-superagent/1.4.0"
180.76.15.149 - - [05/Apr/2016:00:31:00 -0700] "GET / HTTP/1.1" 200 6995 "-" "Mozilla/5.0 (compatible; Baiduspider/2.0; +http://www.baidu.com/search/spider.html)"
180.76.15.23 - - [05/Apr/2016:00:31:52 -0700] "GET / HTTP/1.1" 200 6995 "-" "Mozilla/5.0 (compatible; Baiduspider/2.0; +http://www.baidu.com/search/spider.html)"
170.75.162.130 - - [05/Apr/2016:00:39:35 -0700] "GET /lib/reccapi.php?resort=killington HTTP/1.1" 200 987 "-" "node-superagent/1.4.0"
170.75.162.130 - - [05/Apr/2016:01:02:08 -0700] "GET /lib/reccapi.php?resort=angelfire HTTP/1.1" 200 1020 "-" "node-superagent/1.4.0"
207.46.13.37 - - [05/Apr/2016:01:10:11 -0700] "GET / HTTP/1.1" 200 2615 "-" "Mozilla/5.0 (compatible; bingbot/2.0; +http://www.bing.com/bingbot.htm)"
170.75.162.130 - - [05/Apr/2016:01:13:19 -0700] "GET /lib/reccapi.php?resort=49degreesnorth HTTP/1.1" 200 998 "-" "node-superagent/1.4.0"
170.75.162.130 - - [05/Apr/2016:01:13:19 -0700] "GET /lib/reccapi.php?resort=crystalmountain HTTP/1.1" 200 1055 "-" "node-superagent/1.4.0"
170.75.162.130 - - [05/Apr/2016:01:13:19 -0700] "GET /lib/reccapi.php?resort=jaypeak HTTP/1.1" 200 990 "-" "node-superagent/1.4.0"
170.75.162.130 - - [05/Apr/2016:01:13:20 -0700] "GET /lib/reccapi.php?resort=kirkwood HTTP/1.1" 200 990 "-" "node-superagent/1.4.0"
170.75.162.130 - - [05/Apr/2016:01:13:20 -0700] "GET /lib/reccapi.php?resort=madriverglen HTTP/1.1" 200 982 "-" "node-superagent/1.4.0"
170.75.162.130 - - [05/Apr/2016:01:13:20 -0700] "GET /lib/reccapi.php?resort=mountspokane HTTP/1.1" 200 989 "-" "node-superagent/1.4.0"
170.75.162.130 - - [05/Apr/2016:01:13:20 -0700] "GET /lib/reccapi.php?resort=northstar-at-tahoe HTTP/1.1" 200 952 "-" "node-superagent/1.4.0"
170.75.162.130 - - [05/Apr/2016:01:13:20 -0700] "GET /lib/reccapi.php?resort=smugglersnotch HTTP/1.1" 200 960 "-" "node-superagent/1.4.0"
170.75.162.130 - - [05/Apr/2016:01:13:20 -0700] "GET /lib/reccapi.php?resort=stevenspass HTTP/1.1" 200 1026 "-" "node-superagent/1.4.0"
170.75.162.130 - - [05/Apr/2016:01:13:20 -0700] "GET /lib/reccapi.php?resort=stowe HTTP/1.1" 200 963 "-" "node-superagent/1.4.0"
170.75.162.130 - - [05/Apr/2016:01:13:21 -0700] "GET /lib/reccapi.php?resort=sugarbush HTTP/1.1" 200 977 "-" "node-superagent/1.4.0"
180.76.15.26 - - [05/Apr/2016:01:30:44 -0700] "GET / HTTP/1.1" 200 6995 "-" "Mozilla/5.0 (compatible; Baiduspider/2.0; +http://www.baidu.com/search/spider.html)"
180.76.15.148 - - [05/Apr/2016:01:31:36 -0700] "GET / HTTP/1.1" 200 6995 "-" "Mozilla/5.0 (compatible; Baiduspider/2.0; +http://www.baidu.com/search/spider.html)"
170.75.162.130 - - [05/Apr/2016:01:42:12 -0700] "GET /lib/reccapi.php?resort=alyeska HTTP/1.1" 200 978 "-" "node-superagent/1.4.0"
66.249.79.91 - - [05/Apr/2016:01:42:34 -0700] "GET /lib/reccapi.php?resort=stevenspass&date=2016-04-02 HTTP/1.1" 200 996 "http://whereshouldiski.com/" "Mozilla/5.0 (compatible; Googlebot/2.1; +http://www.google.com/bot.html)"
66.249.79.95 - - [05/Apr/2016:01:42:36 -0700] "GET /lib/resortDataSearchD3.php?size=7&sortDate=T&resort=stevenspass&dateStart=2016-03-31 HTTP/1.1" 200 852 "http://whereshouldiski.com/" "Mozilla/5.0 (compatible; Googlebot/2.1; +http://www.google.com/bot.html)"
66.249.79.93 - - [05/Apr/2016:01:42:36 -0700] "GET /lib/reccapi.php?fields=t&date=2016-04-02&coords=47.73%2C-121.09&size=7&sort=distance HTTP/1.1" 200 1325 "http://whereshouldiski.com/" "Mozilla/5.0 (compatible; Googlebot/2.1; +http://www.google.com/bot.html)"
