127.0.0.1 - - [27/Mar/2016:06:40:43 -0700] "OPTIONS * HTTP/1.0" 200 126 "-" "Apache/2.2.22 (Ubuntu) (internal dummy connection)"
170.75.162.130 - - [27/Mar/2016:06:50:20 -0700] "GET /lib/reccapi.php?resort=mounthoodmeadows HTTP/1.1" 200 1062 "-" "node-superagent/1.4.0"
170.75.162.130 - - [27/Mar/2016:06:53:11 -0700] "GET /lib/reccapi.php?resort=schweitzer HTTP/1.1" 200 1046 "-" "node-superagent/1.4.0"
170.75.162.130 - - [27/Mar/2016:06:53:11 -0700] "GET /lib/reccapi.php?resort=sunvalley HTTP/1.1" 200 1079 "-" "node-superagent/1.4.0"
123.125.71.91 - - [27/Mar/2016:06:58:18 -0700] "GET / HTTP/1.1" 200 2578 "-" "Mozilla/5.0 (compatible; Baiduspider/2.0; +http://www.baidu.com/search/spider.html)"
66.249.69.103 - - [27/Mar/2016:07:01:25 -0700] "GET / HTTP/1.1" 200 2615 "-" "Mozilla/5.0 (compatible; Googlebot/2.1; +http://www.google.com/bot.html)"
170.75.162.130 - - [27/Mar/2016:07:01:52 -0700] "GET /lib/reccapi.php?resort=aspenheights HTTP/1.1" 200 1009 "-" "node-superagent/1.4.0"
118.107.132.5 - - [27/Mar/2016:07:04:14 -0700] "GET /xmlrpc.php HTTP/1.1" 404 532 "-" "Mozilla/5.0 (X11; Linux i686; rv:2.0.1) Gecko/20100101 Firefox/4.0.1"
66.249.75.114 - - [27/Mar/2016:07:12:12 -0700] "GET /lib/reccapi.php?resort=arapahoebasin&date=2016-03-24 HTTP/1.1" 200 1085 "http://whereshouldiski.com/" "Mozilla/5.0 (compatible; Googlebot/2.1; +http://www.google.com/bot.html)"
66.249.75.8 - - [27/Mar/2016:07:12:13 -0700] "GET /lib/reccapi.php?fields=t&date=2016-03-24&coords=39.68%2C-105.88&size=7&sort=distance HTTP/1.1" 200 1373 "http://whereshouldiski.com/" "Mozilla/5.0 (compatible; Googlebot/2.1; +http://www.google.com/bot.html)"
66.249.75.121 - - [27/Mar/2016:07:12:14 -0700] "GET /lib/resortDataSearchD3.php?size=7&sortDate=T&resort=arapahoebasin&dateStart=2016-03-22 HTTP/1.1" 200 874 "http://whereshouldiski.com/" "Mozilla/5.0 (compatible; Googlebot/2.1; +http://www.google.com/bot.html)"
108.69.253.63 - - [27/Mar/2016:07:16:42 -0700] "GET /images/wsis-logo-sm.png HTTP/1.1" 200 6108 "http://thebackcountry.net/" "Mozilla/5.0 (Windows NT 6.1; WOW64; rv:45.0) Gecko/20100101 Firefox/45.0"
180.76.15.29 - - [27/Mar/2016:07:28:48 -0700] "GET / HTTP/1.1" 200 6995 "-" "Mozilla/5.0 (compatible; Baiduspider/2.0; +http://www.baidu.com/search/spider.html)"
180.76.15.10 - - [27/Mar/2016:07:29:37 -0700] "GET / HTTP/1.1" 200 6995 "-" "Mozilla/5.0 (compatible; Baiduspider/2.0; +http://www.baidu.com/search/spider.html)"
170.75.162.130 - - [27/Mar/2016:07:31:46 -0700] "GET /lib/reccapi.php?resort=madriverglen HTTP/1.1" 200 953 "-" "node-superagent/1.4.0"
170.75.162.130 - - [27/Mar/2016:07:37:17 -0700] "GET /lib/reccapi.php?resort=grandtarghee HTTP/1.1" 200 1068 "-" "node-superagent/1.4.0"
157.55.39.4 - - [27/Mar/2016:07:48:14 -0700] "GET / HTTP/1.1" 200 2615 "-" "Mozilla/5.0 (compatible; bingbot/2.0; +http://www.bing.com/bingbot.htm)"
67.164.183.217 - - [27/Mar/2016:07:51:00 -0700] "GET /images/wsis-logo-sm.png HTTP/1.1" 200 6108 "http://www.thebackcountry.net/" "Mozilla/5.0 (Macintosh; Intel Mac OS X 10_10_5) AppleWebKit/601.4.4 (KHTML, like Gecko) Version/9.0.3 Safari/601.4.4"
170.75.162.130 - - [27/Mar/2016:07:53:39 -0700] "GET /lib/reccapi.php?resort=alpinemeadows HTTP/1.1" 200 1070 "-" "node-superagent/1.4.0"
71.9.251.220 - - [27/Mar/2016:07:56:14 -0700] "GET /images/wsis-logo-sm.png HTTP/1.1" 200 6108 "http://www.thebackcountry.net/" "Mozilla/5.0 (iPhone; CPU iPhone OS 9_3 like Mac OS X) AppleWebKit/601.1.46 (KHTML, like Gecko) Version/9.0 Mobile/13E234 Safari/601.1"
75.111.110.158 - - [27/Mar/2016:07:56:38 -0700] "GET /images/wsis-logo-sm.png HTTP/1.1" 200 6108 "http://www.thebackcountry.net/" "Mozilla/5.0 (Macintosh; Intel Mac OS X 10_10_5) AppleWebKit/537.36 (KHTML, like Gecko) Chrome/49.0.2623.75 Safari/537.36"
66.249.75.114 - - [27/Mar/2016:07:59:42 -0700] "GET /lib/reccapi.php?resort=timberline&date=2016-01-17 HTTP/1.1" 200 706 "http://whereshouldiski.com/" "Mozilla/5.0 (compatible; Googlebot/2.1; +http://www.google.com/bot.html)"
170.75.162.130 - - [27/Mar/2016:08:05:41 -0700] "GET /lib/reccapi.php?resort=whitefacemountain HTTP/1.1" 200 962 "-" "node-superagent/1.4.0"
71.140.31.214 - - [27/Mar/2016:08:09:07 -0700] "GET /images/wsis-logo-sm.png HTTP/1.1" 304 187 "http://www.thebackcountry.net/" "Mozilla/5.0 (Windows NT 5.1) AppleWebKit/537.36 (KHTML, like Gecko) Chrome/49.0.2623.87 Safari/537.36"
75.142.253.85 - - [27/Mar/2016:08:10:24 -0700] "GET /images/wsis-logo-sm.png HTTP/1.1" 200 6108 "http://www.thebackcountry.net/" "Mozilla/5.0 (Macintosh; Intel Mac OS X 10.7; rv:45.0) Gecko/20100101 Firefox/45.0"
75.45.97.207 - - [27/Mar/2016:08:13:39 -0700] "GET /images/wsis-logo-sm.png HTTP/1.1" 200 6108 "http://www.thebackcountry.net/" "Mozilla/5.0 (Macintosh; Intel Mac OS X 10_6_8) AppleWebKit/537.36 (KHTML, like Gecko) Chrome/49.0.2623.87 Safari/537.36"
104.10.60.196 - - [27/Mar/2016:08:22:57 -0700] "GET /images/wsis-logo-sm.png HTTP/1.1" 200 6108 "http://www.thebackcountry.net/" "Mozilla/5.0 (Macintosh; Intel Mac OS X 10_10_2) AppleWebKit/537.36 (KHTML, like Gecko) Chrome/49.0.2623.87 Safari/537.36"
24.121.100.53 - - [27/Mar/2016:08:25:37 -0700] "GET /images/wsis-logo-sm.png HTTP/1.1" 200 6108 "http://www.thebackcountry.net/" "Mozilla/5.0 (Windows NT 10.0; WOW64) AppleWebKit/537.36 (KHTML, like Gecko) Chrome/49.0.2623.87 Safari/537.36"
180.76.15.33 - - [27/Mar/2016:08:32:37 -0700] "GET / HTTP/1.1" 200 6995 "-" "Mozilla/5.0 (compatible; Baiduspider/2.0; +http://www.baidu.com/search/spider.html)"
180.76.15.154 - - [27/Mar/2016:08:33:35 -0700] "GET / HTTP/1.1" 200 6995 "-" "Mozilla/5.0 (compatible; Baiduspider/2.0; +http://www.baidu.com/search/spider.html)"
75.111.111.138 - - [27/Mar/2016:08:40:25 -0700] "GET /images/wsis-logo-sm.png HTTP/1.1" 200 6108 "http://www.thebackcountry.net/" "Mozilla/5.0 (Macintosh; Intel Mac OS X 10.11; rv:44.0) Gecko/20100101 Firefox/44.0"
75.111.101.110 - - [27/Mar/2016:08:48:57 -0700] "GET /images/wsis-logo-sm.png HTTP/1.1" 200 6108 "http://thebackcountry.net/" "Mozilla/5.0 (Macintosh; Intel Mac OS X 10_11_3) AppleWebKit/601.4.4 (KHTML, like Gecko) Version/9.0.3 Safari/601.4.4"
66.249.84.253 - - [27/Mar/2016:09:04:59 -0700] "GET /images/wsis-logo-sm.png HTTP/1.1" 200 6108 "http://thebackcountry.net/" "Mozilla/5.0 (Linux; Android 5.1.1; SM-G925V Build/LMY47X) AppleWebKit/537.36 (KHTML, like Gecko) Chrome/49.0.2623.91 Mobile Safari/537.36"
75.111.104.14 - - [27/Mar/2016:09:05:04 -0700] "GET /images/wsis-logo-sm.png HTTP/1.1" 200 6108 "http://thebackcountry.net/" "Mozilla/5.0 (iPad; CPU OS 9_1 like Mac OS X) AppleWebKit/601.1.46 (KHTML, like Gecko) Version/9.0 Mobile/13B143 Safari/601.1"
67.248.147.77 - - [27/Mar/2016:09:06:33 -0700] "GET /images/wsis-logo-sm.png HTTP/1.1" 200 6108 "http://www.thebackcountry.net/" "Mozilla/5.0 (iPad; CPU OS 8_3 like Mac OS X) AppleWebKit/600.1.4 (KHTML, like Gecko) Version/8.0 Mobile/12F69 Safari/600.1.4"
75.111.98.72 - - [27/Mar/2016:09:14:17 -0700] "GET /images/wsis-logo-sm.png HTTP/1.1" 200 6108 "http://www.thebackcountry.net/" "Mozilla/5.0 (Linux; Android 6.0.1; Nexus 6P Build/MHC19I) AppleWebKit/537.36 (KHTML, like Gecko) Chrome/49.0.2623.105 Mobile Safari/537.36"
75.111.98.72 - - [27/Mar/2016:09:16:18 -0700] "GET /images/wsis-logo-sm.png HTTP/1.1" 200 6108 "http://www.thebackcountry.net/" "Mozilla/5.0 (iPhone; CPU iPhone OS 9_2_1 like Mac OS X) AppleWebKit/601.1.46 (KHTML, like Gecko) Version/9.0 Mobile/13D15 Safari/601.1"
62.212.73.211 - - [27/Mar/2016:09:16:53 -0700] "GET /robots.txt HTTP/1.0" 200 338 "-" "Mozilla/5.0 (compatible; MJ12bot/v1.4.5; http://www.majestic12.co.uk/bot.php?+)"
62.212.73.211 - - [27/Mar/2016:09:16:54 -0700] "GET / HTTP/1.0" 200 6995 "-" "Mozilla/5.0 (compatible; MJ12bot/v1.4.5; http://www.majestic12.co.uk/bot.php?+)"
170.75.162.130 - - [27/Mar/2016:09:19:21 -0700] "GET /lib/reccapi.php?resort=crestedbutte HTTP/1.1" 200 1028 "-" "node-superagent/1.4.0"
170.75.162.130 - - [27/Mar/2016:09:19:21 -0700] "GET /lib/reccapi.php?resort=arapahoebasin HTTP/1.1" 200 1035 "-" "node-superagent/1.4.0"
170.75.162.130 - - [27/Mar/2016:09:19:21 -0700] "GET /lib/reccapi.php?resort=loveland HTTP/1.1" 200 993 "-" "node-superagent/1.4.0"
170.75.162.130 - - [27/Mar/2016:09:19:21 -0700] "GET /lib/reccapi.php?resort=monarch HTTP/1.1" 200 963 "-" "node-superagent/1.4.0"
170.75.162.130 - - [27/Mar/2016:09:19:21 -0700] "GET /lib/reccapi.php?resort=telluride HTTP/1.1" 200 985 "-" "node-superagent/1.4.0"
170.75.162.130 - - [27/Mar/2016:09:19:21 -0700] "GET /lib/reccapi.php?resort=steamboat HTTP/1.1" 200 997 "-" "node-superagent/1.4.0"
170.75.162.130 - - [27/Mar/2016:09:19:41 -0700] "GET /lib/reccapi.php?resort=winterpark HTTP/1.1" 200 1011 "-" "node-superagent/1.4.0"
47.208.176.216 - - [27/Mar/2016:09:19:52 -0700] "GET /images/wsis-logo-sm.png HTTP/1.1" 200 6108 "http://www.thebackcountry.net/" "Mozilla/5.0 (iPhone; CPU iPhone OS 9_2_1 like Mac OS X) AppleWebKit/601.1 (KHTML, like Gecko) CriOS/47.0.2526.107 Mobile/13D15 Safari/601.1.46"
128.177.161.160 - - [27/Mar/2016:09:23:31 -0700] "GET /images/wsis-logo-sm.png HTTP/1.1" 200 6108 "http://www.thebackcountry.net/" "Mozilla/5.0 (Linux; Android 5.0.2; LG-D800 Build/LRX22G) AppleWebKit/537.36 (KHTML, like Gecko) Chrome/48.0.2564.95 Mobile Safari/537.36"
141.8.143.217 - - [27/Mar/2016:09:27:29 -0700] "GET /robots.txt HTTP/1.1" 200 375 "-" "Mozilla/5.0 (compatible; YandexBot/3.0; +http://yandex.com/bots)"
180.76.15.9 - - [27/Mar/2016:09:34:34 -0700] "GET / HTTP/1.1" 200 6995 "-" "Mozilla/5.0 (compatible; Baiduspider/2.0; +http://www.baidu.com/search/spider.html)"
180.76.15.135 - - [27/Mar/2016:09:35:34 -0700] "GET / HTTP/1.1" 200 6995 "-" "Mozilla/5.0 (compatible; Baiduspider/2.0; +http://www.baidu.com/search/spider.html)"
66.249.75.8 - - [27/Mar/2016:09:44:26 -0700] "GET /lib/reccapi.php?resort=aspenheights&date=2016-03-24 HTTP/1.1" 200 1085 "http://whereshouldiski.com/" "Mozilla/5.0 (compatible; Googlebot/2.1; +http://www.google.com/bot.html)"
66.249.75.8 - - [27/Mar/2016:09:44:27 -0700] "GET /lib/reccapi.php?fields=t&date=2016-03-24&coords=39.14%2C-106.91&size=7&sort=distance HTTP/1.1" 200 1384 "http://whereshouldiski.com/" "Mozilla/5.0 (compatible; Googlebot/2.1; +http://www.google.com/bot.html)"
66.249.75.114 - - [27/Mar/2016:09:44:28 -0700] "GET /lib/resortDataSearchD3.php?size=7&sortDate=T&resort=aspenheights&dateStart=2016-03-22 HTTP/1.1" 200 882 "http://whereshouldiski.com/" "Mozilla/5.0 (compatible; Googlebot/2.1; +http://www.google.com/bot.html)"
79.129.255.150 - - [27/Mar/2016:09:46:44 -0700] "GET /images/wsis-logo-sm.png HTTP/1.1" 200 6108 "http://www.thebackcountry.net/" "Mozilla/5.0 (Windows NT 6.3; WOW64) AppleWebKit/537.36 (KHTML, like Gecko) Chrome/31.0.1650.63 Safari/537.36"
170.75.162.130 - - [27/Mar/2016:09:48:44 -0700] "GET /lib/reccapi.php?resort=aspenmountain HTTP/1.1" 200 1002 "-" "node-superagent/1.4.0"
170.75.162.130 - - [27/Mar/2016:09:55:25 -0700] "GET /lib/reccapi.php?resort=stowe HTTP/1.1" 200 931 "-" "node-superagent/1.4.0"
170.75.162.130 - - [27/Mar/2016:09:55:25 -0700] "GET /lib/reccapi.php?resort=sugarbush HTTP/1.1" 200 949 "-" "node-superagent/1.4.0"
170.75.162.130 - - [27/Mar/2016:09:55:25 -0700] "GET /lib/reccapi.php?resort=smugglersnotch HTTP/1.1" 200 984 "-" "node-superagent/1.4.0"
170.75.162.130 - - [27/Mar/2016:09:56:55 -0700] "GET /lib/reccapi.php?resort=alta HTTP/1.1" 200 967 "-" "node-superagent/1.4.0"
170.75.162.130 - - [27/Mar/2016:09:56:55 -0700] "GET /lib/reccapi.php?resort=alyeska HTTP/1.1" 200 997 "-" "node-superagent/1.4.0"
170.75.162.130 - - [27/Mar/2016:09:56:55 -0700] "GET /lib/reccapi.php?resort=angelfire HTTP/1.1" 200 981 "-" "node-superagent/1.4.0"
170.75.162.130 - - [27/Mar/2016:09:57:15 -0700] "GET /lib/reccapi.php?resort=49degreesnorth HTTP/1.1" 200 1076 "-" "node-superagent/1.4.0"
170.75.162.130 - - [27/Mar/2016:09:57:15 -0700] "GET /lib/reccapi.php?resort=bigsky HTTP/1.1" 200 1026 "-" "node-superagent/1.4.0"
170.75.162.130 - - [27/Mar/2016:09:57:15 -0700] "GET /lib/reccapi.php?resort=bigwhite HTTP/1.1" 200 927 "-" "node-superagent/1.4.0"
170.75.162.130 - - [27/Mar/2016:09:57:35 -0700] "GET /lib/reccapi.php?resort=brighton HTTP/1.1" 200 976 "-" "node-superagent/1.4.0"
170.75.162.130 - - [27/Mar/2016:09:57:35 -0700] "GET /lib/reccapi.php?resort=brianhead HTTP/1.1" 200 1001 "-" "node-superagent/1.4.0"
170.75.162.130 - - [27/Mar/2016:09:57:36 -0700] "GET /lib/reccapi.php?resort=buttermilk HTTP/1.1" 200 984 "-" "node-superagent/1.4.0"
170.75.162.130 - - [27/Mar/2016:09:57:36 -0700] "GET /lib/reccapi.php?resort=cannonmountain HTTP/1.1" 200 957 "-" "node-superagent/1.4.0"
170.75.162.130 - - [27/Mar/2016:09:57:36 -0700] "GET /lib/reccapi.php?resort=chinapeak HTTP/1.1" 200 986 "-" "node-superagent/1.4.0"
170.75.162.130 - - [27/Mar/2016:09:57:36 -0700] "GET /lib/reccapi.php?resort=coppermountain HTTP/1.1" 200 1000 "-" "node-superagent/1.4.0"
170.75.162.130 - - [27/Mar/2016:09:57:55 -0700] "GET /lib/reccapi.php?resort=hoodoo HTTP/1.1" 200 1033 "-" "node-superagent/1.4.0"
170.75.162.130 - - [27/Mar/2016:09:57:55 -0700] "GET /lib/reccapi.php?resort=mountbachelor HTTP/1.1" 200 1131 "-" "node-superagent/1.4.0"
170.75.162.130 - - [27/Mar/2016:09:57:55 -0700] "GET /lib/reccapi.php?resort=mountainhigh HTTP/1.1" 200 981 "-" "node-superagent/1.4.0"
170.75.162.130 - - [27/Mar/2016:09:57:55 -0700] "GET /lib/reccapi.php?resort=parkcity HTTP/1.1" 200 994 "-" "node-superagent/1.4.0"
170.75.162.130 - - [27/Mar/2016:09:57:55 -0700] "GET /lib/reccapi.php?resort=diamondpeak HTTP/1.1" 200 990 "-" "node-superagent/1.4.0"
170.75.162.130 - - [27/Mar/2016:09:57:55 -0700] "GET /lib/reccapi.php?resort=jacksonhole HTTP/1.1" 200 1029 "-" "node-superagent/1.4.0"
170.75.162.130 - - [27/Mar/2016:09:57:55 -0700] "GET /lib/reccapi.php?resort=snowbasin HTTP/1.1" 200 962 "-" "node-superagent/1.4.0"
170.75.162.130 - - [27/Mar/2016:09:57:55 -0700] "GET /lib/reccapi.php?resort=kirkwood HTTP/1.1" 200 999 "-" "node-superagent/1.4.0"
170.75.162.130 - - [27/Mar/2016:09:57:55 -0700] "GET /lib/reccapi.php?resort=mammothmountain HTTP/1.1" 200 991 "-" "node-superagent/1.4.0"
170.75.162.130 - - [27/Mar/2016:09:57:55 -0700] "GET /lib/reccapi.php?resort=sugarloaf HTTP/1.1" 200 974 "-" "node-superagent/1.4.0"
170.75.162.130 - - [27/Mar/2016:09:58:00 -0700] "GET /lib/reccapi.php?resort=taos HTTP/1.1" 200 962 "-" "node-superagent/1.4.0"
170.75.162.130 - - [27/Mar/2016:09:58:05 -0700] "GET /lib/reccapi.php?resort=crystalmountain HTTP/1.1" 200 1059 "-" "node-superagent/1.4.0"
170.75.162.130 - - [27/Mar/2016:09:58:10 -0700] "GET /lib/reccapi.php?resort=homewoodmountain HTTP/1.1" 200 1023 "-" "node-superagent/1.4.0"
170.75.162.130 - - [27/Mar/2016:09:58:15 -0700] "GET /lib/reccapi.php?resort=keystone HTTP/1.1" 200 991 "-" "node-superagent/1.4.0"
170.75.162.130 - - [27/Mar/2016:09:58:20 -0700] "GET /lib/reccapi.php?resort=mountspokane HTTP/1.1" 200 1081 "-" "node-superagent/1.4.0"
170.75.162.130 - - [27/Mar/2016:09:58:25 -0700] "GET /lib/reccapi.php?resort=mtrose HTTP/1.1" 200 990 "-" "node-superagent/1.4.0"
170.75.162.130 - - [27/Mar/2016:09:58:30 -0700] "GET /lib/reccapi.php?resort=redmountain HTTP/1.1" 200 913 "-" "node-superagent/1.4.0"
170.75.162.130 - - [27/Mar/2016:09:58:35 -0700] "GET /lib/reccapi.php?resort=solitude HTTP/1.1" 200 953 "-" "node-superagent/1.4.0"
170.75.162.130 - - [27/Mar/2016:09:58:40 -0700] "GET /lib/reccapi.php?resort=sunpeaksresort HTTP/1.1" 200 924 "-" "node-superagent/1.4.0"
170.75.162.130 - - [27/Mar/2016:09:58:45 -0700] "GET /lib/reccapi.php?resort=redlodge HTTP/1.1" 200 1041 "-" "node-superagent/1.4.0"
170.75.162.130 - - [27/Mar/2016:09:58:50 -0700] "GET /lib/reccapi.php?resort=silverstarmountain HTTP/1.1" 200 939 "-" "node-superagent/1.4.0"
170.75.162.130 - - [27/Mar/2016:09:58:55 -0700] "GET /lib/reccapi.php?resort=snowbird HTTP/1.1" 200 974 "-" "node-superagent/1.4.0"
170.75.162.130 - - [27/Mar/2016:09:59:00 -0700] "GET /lib/reccapi.php?resort=sugarbowl HTTP/1.1" 200 1000 "-" "node-superagent/1.4.0"
170.75.162.130 - - [27/Mar/2016:09:59:05 -0700] "GET /lib/reccapi.php?resort=whistlerblackcomb HTTP/1.1" 200 937 "-" "node-superagent/1.4.0"
170.75.162.130 - - [27/Mar/2016:09:59:10 -0700] "GET /lib/reccapi.php?resort=wildcatmountain HTTP/1.1" 200 961 "-" "node-superagent/1.4.0"
170.75.162.130 - - [27/Mar/2016:09:59:15 -0700] "GET /lib/reccapi.php?resort=deervalley HTTP/1.1" 200 986 "-" "node-superagent/1.4.0"
170.75.162.130 - - [27/Mar/2016:09:59:20 -0700] "GET /lib/reccapi.php?resort=snowmass HTTP/1.1" 200 979 "-" "node-superagent/1.4.0"
170.75.162.130 - - [27/Mar/2016:09:59:25 -0700] "GET /lib/reccapi.php?resort=sierra-at-tahoe HTTP/1.1" 200 978 "-" "node-superagent/1.4.0"
170.75.162.130 - - [27/Mar/2016:09:59:30 -0700] "GET /lib/reccapi.php?resort=northstar-at-tahoe HTTP/1.1" 200 1007 "-" "node-superagent/1.4.0"
170.75.162.130 - - [27/Mar/2016:09:59:35 -0700] "GET /lib/reccapi.php?resort=squawvalleyusa HTTP/1.1" 200 1024 "-" "node-superagent/1.4.0"
170.75.162.130 - - [27/Mar/2016:09:59:40 -0700] "GET /lib/reccapi.php?resort=devilshead HTTP/1.1" 200 1008 "-" "node-superagent/1.4.0"
170.75.162.130 - - [27/Mar/2016:09:59:45 -0700] "GET /lib/reccapi.php?resort=jaypeak HTTP/1.1" 200 971 "-" "node-superagent/1.4.0"
170.75.162.130 - - [27/Mar/2016:09:59:50 -0700] "GET /lib/reccapi.php?resort=killington HTTP/1.1" 200 949 "-" "node-superagent/1.4.0"
170.75.162.130 - - [27/Mar/2016:09:59:55 -0700] "GET /lib/reccapi.php?resort=heavenly HTTP/1.1" 200 1021 "-" "node-superagent/1.4.0"
66.249.75.114 - - [27/Mar/2016:10:05:58 -0700] "GET /lib/reccapi.php?resort=alyeska&date=2016-01-01 HTTP/1.1" 200 692 "http://whereshouldiski.com/" "Mozilla/5.0 (compatible; Googlebot/2.1; +http://www.google.com/bot.html)"
75.111.97.249 - - [27/Mar/2016:10:10:07 -0700] "GET /images/wsis-logo-sm.png HTTP/1.1" 200 6108 "http://www.thebackcountry.net/" "Mozilla/5.0 (iPhone; CPU iPhone OS 9_2_1 like Mac OS X) AppleWebKit/601.1.46 (KHTML, like Gecko) Version/9.0 Mobile/13D15 Safari/601.1"
75.53.92.212 - - [27/Mar/2016:10:20:15 -0700] "GET /images/wsis-logo-sm.png HTTP/1.1" 200 6108 "http://www.thebackcountry.net/" "Mozilla/5.0 (Linux; Android 6.0.1; Nexus 5 Build/MMB29V) AppleWebKit/537.36 (KHTML, like Gecko) Chrome/49.0.2623.105 Mobile Safari/537.36"
73.53.106.233 - - [27/Mar/2016:10:22:41 -0700] "GET /images/wsis-logo-sm.png HTTP/1.1" 200 6108 "http://www.thebackcountry.net/" "Mozilla/5.0 (Linux; Android 4.4.2; SM-G900T Build/KOT49H) AppleWebKit/537.36 (KHTML, like Gecko) Chrome/45.0.2454.84 Mobile Safari/537.36"
75.53.92.212 - - [27/Mar/2016:10:25:26 -0700] "GET /images/wsis-logo-sm.png HTTP/1.1" 200 6108 "http://thebackcountry.net/" "Mozilla/5.0 (Windows NT 10.0; WOW64) AppleWebKit/537.36 (KHTML, like Gecko) Chrome/49.0.2623.87 Safari/537.36"
180.76.15.143 - - [27/Mar/2016:10:29:40 -0700] "GET / HTTP/1.1" 200 6995 "-" "Mozilla/5.0 (compatible; Baiduspider/2.0; +http://www.baidu.com/search/spider.html)"
180.76.15.156 - - [27/Mar/2016:10:30:26 -0700] "GET / HTTP/1.1" 200 6995 "-" "Mozilla/5.0 (compatible; Baiduspider/2.0; +http://www.baidu.com/search/spider.html)"
24.32.24.174 - - [27/Mar/2016:10:34:19 -0700] "GET /images/wsis-logo-sm.png HTTP/1.1" 200 6108 "http://www.thebackcountry.net/" "Mozilla/5.0 (Windows NT 10.0; WOW64; Trident/7.0; ASU2JS; rv:11.0) like Gecko"
24.32.24.174 - - [27/Mar/2016:10:34:40 -0700] "-" 408 0 "-" "-"
75.142.251.177 - - [27/Mar/2016:10:34:43 -0700] "GET /images/wsis-logo-sm.png HTTP/1.1" 200 6108 "http://thebackcountry.net/" "Mozilla/5.0 (Macintosh; Intel Mac OS X 10_11_3) AppleWebKit/537.36 (KHTML, like Gecko) Chrome/49.0.2623.87 Safari/537.36"
141.8.143.217 - - [27/Mar/2016:10:43:33 -0700] "GET /images/wsis-logo-sm.png HTTP/1.1" 200 6108 "-" "Mozilla/5.0 (compatible; YandexImages/3.0; +http://yandex.com/bots)"
47.208.182.254 - - [27/Mar/2016:11:04:34 -0700] "GET /images/wsis-logo-sm.png HTTP/1.1" 200 6108 "http://www.thebackcountry.net/" "Mozilla/5.0 (Windows NT 6.1; WOW64) AppleWebKit/537.36 (KHTML, like Gecko) Chrome/49.0.2623.87 Safari/537.36"
46.105.61.142 - - [27/Mar/2016:11:09:43 -0700] "GET / HTTP/1.1" 200 2559 "http://pizza-tycoon.com/" "Mozilla/5.0 (X11; Linux x86_64) AppleWebKit/537.36 (KHTML, like Gecko) Chrome/37.0.2062.120 Safari/537.36"
85.73.113.24 - - [27/Mar/2016:11:09:58 -0700] "GET /images/wsis-logo-sm.png HTTP/1.1" 200 6108 "http://www.thebackcountry.net/" "Mozilla/5.0 (Windows NT 6.1; WOW64) AppleWebKit/537.36 (KHTML, like Gecko) Chrome/49.0.2623.87 Safari/537.36"
71.198.42.30 - - [27/Mar/2016:11:11:03 -0700] "GET /images/wsis-logo-sm.png HTTP/1.1" 200 6108 "http://www.thebackcountry.net/" "Mozilla/5.0 (Macintosh; Intel Mac OS X 10_10_5) AppleWebKit/537.36 (KHTML, like Gecko) Chrome/49.0.2623.87 Safari/537.36"
70.213.10.60 - - [27/Mar/2016:11:21:41 -0700] "GET /images/wsis-logo-sm.png HTTP/1.1" 200 6108 "http://www.thebackcountry.net/" "Mozilla/5.0 (iPhone; CPU iPhone OS 9_3 like Mac OS X) AppleWebKit/601.1.46 (KHTML, like Gecko) Version/9.0 Mobile/13E234 Safari/601.1"
216.53.141.131 - - [27/Mar/2016:11:27:10 -0700] "GET /images/wsis-logo-sm.png HTTP/1.1" 200 6108 "http://www.thebackcountry.net/" "Mozilla/5.0 (iPhone; CPU iPhone OS 8_4 like Mac OS X) AppleWebKit/600.1.4 (KHTML, like Gecko) Version/8.0 Mobile/12H143 Safari/600.1.4"
174.51.197.80 - - [27/Mar/2016:11:31:35 -0700] "GET /images/wsis-logo-sm.png HTTP/1.1" 200 6108 "http://www.thebackcountry.net/" "Mozilla/5.0 (Macintosh; Intel Mac OS X 10.7; rv:38.0) Gecko/20100101 Firefox/38.0"
180.76.15.145 - - [27/Mar/2016:11:31:40 -0700] "GET / HTTP/1.1" 200 6995 "-" "Mozilla/5.0 (compatible; Baiduspider/2.0; +http://www.baidu.com/search/spider.html)"
180.76.15.157 - - [27/Mar/2016:11:32:33 -0700] "GET / HTTP/1.1" 200 6995 "-" "Mozilla/5.0 (compatible; Baiduspider/2.0; +http://www.baidu.com/search/spider.html)"
75.111.101.19 - - [27/Mar/2016:11:33:41 -0700] "GET /images/wsis-logo-sm.png HTTP/1.1" 200 6108 "http://thebackcountry.net/" "Mozilla/5.0 (Windows NT 10.0; WOW64) AppleWebKit/537.36 (KHTML, like Gecko) Chrome/49.0.2623.87 Safari/537.36"
107.77.75.17 - - [27/Mar/2016:11:35:22 -0700] "GET /images/wsis-logo-sm.png HTTP/1.1" 200 6108 "http://www.thebackcountry.net/" "Mozilla/5.0 (iPhone; CPU iPhone OS 9_2_1 like Mac OS X) AppleWebKit/601.1.46 (KHTML, like Gecko) Version/9.0 Mobile/13D15 Safari/601.1"
216.53.141.131 - - [27/Mar/2016:11:39:31 -0700] "GET /images/wsis-logo-sm.png HTTP/1.1" 200 6108 "http://www.thebackcountry.net/" "Mozilla/5.0 (iPhone; CPU iPhone OS 8_4 like Mac OS X) AppleWebKit/600.1.4 (KHTML, like Gecko) Version/8.0 Mobile/12H143 Safari/600.1.4"
180.76.15.14 - - [27/Mar/2016:11:51:07 -0700] "GET /about HTTP/1.1" 404 469 "-" "Mozilla/5.0 (compatible; Baiduspider/2.0; +http://www.baidu.com/search/spider.html)"
185.25.151.159 - - [27/Mar/2016:11:55:10 -0700] "GET http://testp1.piwo.pila.pl/testproxy.php HTTP/1.1" 404 448 "-" "Mozilla/5.0 (Windows NT 5.1; rv:32.0) Gecko/20100101 Firefox/31.0"
104.174.26.108 - - [27/Mar/2016:11:58:18 -0700] "GET / HTTP/1.1" 200 2615 "http://www.earnyourturns.com/25021/technique-getting-the-right-volume-boot/" "Mozilla/5.0 (iPad; CPU OS 9_3 like Mac OS X) AppleWebKit/601.1.46 (KHTML, like Gecko) Version/9.0 Mobile/13E233 Safari/601.1"
104.174.26.108 - - [27/Mar/2016:11:58:18 -0700] "GET /styles/ee08faa9.main.css HTTP/1.1" 200 19446 "http://whereshouldiski.com/" "Mozilla/5.0 (iPad; CPU OS 9_3 like Mac OS X) AppleWebKit/601.1.46 (KHTML, like Gecko) Version/9.0 Mobile/13E233 Safari/601.1"
104.174.26.108 - - [27/Mar/2016:11:58:18 -0700] "GET /scripts/scripts/vendor/modernizr.js HTTP/1.1" 200 4903 "http://whereshouldiski.com/" "Mozilla/5.0 (iPad; CPU OS 9_3 like Mac OS X) AppleWebKit/601.1.46 (KHTML, like Gecko) Version/9.0 Mobile/13E233 Safari/601.1"
104.174.26.108 - - [27/Mar/2016:11:58:18 -0700] "GET /images/loading.gif HTTP/1.1" 200 13882 "http://whereshouldiski.com/" "Mozilla/5.0 (iPad; CPU OS 9_3 like Mac OS X) AppleWebKit/601.1.46 (KHTML, like Gecko) Version/9.0 Mobile/13E233 Safari/601.1"
104.174.26.108 - - [27/Mar/2016:11:58:18 -0700] "GET /bower_components/requirejs/require.js HTTP/1.1" 200 6702 "http://whereshouldiski.com/" "Mozilla/5.0 (iPad; CPU OS 9_3 like Mac OS X) AppleWebKit/601.1.46 (KHTML, like Gecko) Version/9.0 Mobile/13E233 Safari/601.1"
104.174.26.108 - - [27/Mar/2016:11:58:18 -0700] "GET /images/logo-square-white-sm.png HTTP/1.1" 200 1684 "http://whereshouldiski.com/" "Mozilla/5.0 (iPad; CPU OS 9_3 like Mac OS X) AppleWebKit/601.1.46 (KHTML, like Gecko) Version/9.0 Mobile/13E233 Safari/601.1"
104.174.26.108 - - [27/Mar/2016:11:58:18 -0700] "GET /scripts/fa48e319.main.js HTTP/1.1" 200 123455 "http://whereshouldiski.com/" "Mozilla/5.0 (iPad; CPU OS 9_3 like Mac OS X) AppleWebKit/601.1.46 (KHTML, like Gecko) Version/9.0 Mobile/13E233 Safari/601.1"
104.174.26.108 - - [27/Mar/2016:11:58:22 -0700] "GET /images/button.png HTTP/1.1" 200 598 "http://whereshouldiski.com/" "Mozilla/5.0 (iPad; CPU OS 9_3 like Mac OS X) AppleWebKit/601.1.46 (KHTML, like Gecko) Version/9.0 Mobile/13E233 Safari/601.1"
104.174.26.108 - - [27/Mar/2016:11:58:22 -0700] "GET /lib/reccapi.php?fields=t HTTP/1.1" 200 1958 "http://whereshouldiski.com/" "Mozilla/5.0 (iPad; CPU OS 9_3 like Mac OS X) AppleWebKit/601.1.46 (KHTML, like Gecko) Version/9.0 Mobile/13E233 Safari/601.1"
170.75.162.130 - - [27/Mar/2016:12:05:51 -0700] "GET /lib/reccapi.php?resort=stevenspass HTTP/1.1" 200 1047 "-" "node-superagent/1.4.0"
180.76.15.25 - - [27/Mar/2016:12:24:36 -0700] "GET /resorts?resort=alpenglow HTTP/1.1" 404 469 "-" "Mozilla/5.0 (compatible; Baiduspider/2.0; +http://www.baidu.com/search/spider.html)"
180.76.15.152 - - [27/Mar/2016:12:32:09 -0700] "GET / HTTP/1.1" 200 6995 "-" "Mozilla/5.0 (compatible; Baiduspider/2.0; +http://www.baidu.com/search/spider.html)"
180.76.15.6 - - [27/Mar/2016:12:33:05 -0700] "GET / HTTP/1.1" 200 6995 "-" "Mozilla/5.0 (compatible; Baiduspider/2.0; +http://www.baidu.com/search/spider.html)"
66.112.58.106 - - [27/Mar/2016:12:34:38 -0700] "GET /images/wsis-logo-sm.png HTTP/1.1" 200 6108 "http://www.thebackcountry.net/" "Mozilla/5.0 (Windows NT 6.1) AppleWebKit/537.36 (KHTML, like Gecko) Chrome/49.0.2623.108 Safari/537.36"
71.243.201.252 - - [27/Mar/2016:12:41:41 -0700] "GET /images/wsis-logo-sm.png HTTP/1.1" 200 6108 "http://www.thebackcountry.net/" "Mozilla/5.0 (iPhone; CPU iPhone OS 9_2_1 like Mac OS X) AppleWebKit/601.1.46 (KHTML, like Gecko) Version/9.0 Mobile/13D15 Safari/601.1"
66.249.75.121 - - [27/Mar/2016:13:03:55 -0700] "GET / HTTP/1.1" 200 2615 "-" "Mozilla/5.0 (iPhone; CPU iPhone OS 8_3 like Mac OS X) AppleWebKit/600.1.4 (KHTML, like Gecko) Version/8.0 Mobile/12F70 Safari/600.1.4 (compatible; Googlebot/2.1; +http://www.google.com/bot.html)"
66.249.75.114 - - [27/Mar/2016:13:13:33 -0700] "GET /resorts?resort=mountspokane&date=2014-02-11 HTTP/1.1" 404 506 "-" "Mozilla/5.0 (iPhone; CPU iPhone OS 8_3 like Mac OS X) AppleWebKit/600.1.4 (KHTML, like Gecko) Version/8.0 Mobile/12F70 Safari/600.1.4 (compatible; Googlebot/2.1; +http://www.google.com/bot.html)"
76.25.2.159 - - [27/Mar/2016:13:13:37 -0700] "GET /images/wsis-logo-sm.png HTTP/1.1" 200 6108 "http://www.thebackcountry.net/" "Mozilla/5.0 (X11; CrOS x86_64 7834.60.0) AppleWebKit/537.36 (KHTML, like Gecko) Chrome/49.0.2623.95 Safari/537.36"
201.250.161.234 - - [27/Mar/2016:13:15:36 -0700] "GET /images/wsis-logo-sm.png HTTP/1.1" 200 6108 "http://www.thebackcountry.net/" "Mozilla/5.0 (Linux; Android 4.4.4; HUAWEI Y550 Build/HuaweiY550-L03) AppleWebKit/537.36 (KHTML, like Gecko) Chrome/47.0.2526.83 Mobile Safari/537.36"
40.77.167.73 - - [27/Mar/2016:13:22:42 -0700] "GET / HTTP/1.1" 200 2615 "-" "Mozilla/5.0 (compatible; bingbot/2.0; +http://www.bing.com/bingbot.htm)"
180.76.15.6 - - [27/Mar/2016:13:31:52 -0700] "GET / HTTP/1.1" 200 6995 "-" "Mozilla/5.0 (compatible; Baiduspider/2.0; +http://www.baidu.com/search/spider.html)"
180.76.15.18 - - [27/Mar/2016:13:32:47 -0700] "GET / HTTP/1.1" 200 6995 "-" "Mozilla/5.0 (compatible; Baiduspider/2.0; +http://www.baidu.com/search/spider.html)"
170.75.162.130 - - [27/Mar/2016:13:40:43 -0700] "GET /lib/reccapi.php?resort=alpinemeadows HTTP/1.1" 200 1074 "-" "node-superagent/1.4.0"
170.75.162.130 - - [27/Mar/2016:13:40:43 -0700] "GET /lib/reccapi.php?resort=aspenheights HTTP/1.1" 200 1009 "-" "node-superagent/1.4.0"
170.75.162.130 - - [27/Mar/2016:13:40:45 -0700] "GET /lib/reccapi.php?resort=madriverglen HTTP/1.1" 200 953 "-" "node-superagent/1.4.0"
85.21.233.180 - - [27/Mar/2016:13:50:58 -0700] "GET / HTTP/1.1" 200 2615 "-" "SpuhexBot+(+http://www.spuhex.com)"
71.9.240.126 - - [27/Mar/2016:13:56:25 -0700] "GET /images/wsis-logo-sm.png HTTP/1.1" 200 6108 "http://thebackcountry.net/" "Mozilla/5.0 (Macintosh; Intel Mac OS X 10_10_5) AppleWebKit/601.5.17 (KHTML, like Gecko) Version/9.1 Safari/601.5.17"
170.75.162.130 - - [27/Mar/2016:13:57:36 -0700] "GET /lib/reccapi.php?resort=bigwhite HTTP/1.1" 200 927 "-" "node-superagent/1.4.0"
170.75.162.130 - - [27/Mar/2016:13:57:36 -0700] "GET /lib/reccapi.php?resort=alta HTTP/1.1" 200 967 "-" "node-superagent/1.4.0"
170.75.162.130 - - [27/Mar/2016:13:57:46 -0700] "GET /lib/reccapi.php?resort=brianhead HTTP/1.1" 200 1001 "-" "node-superagent/1.4.0"
170.75.162.130 - - [27/Mar/2016:13:57:46 -0700] "GET /lib/reccapi.php?resort=coppermountain HTTP/1.1" 200 1000 "-" "node-superagent/1.4.0"
170.75.162.130 - - [27/Mar/2016:13:58:36 -0700] "GET /lib/reccapi.php?resort=keystone HTTP/1.1" 200 991 "-" "node-superagent/1.4.0"
170.75.162.130 - - [27/Mar/2016:13:58:36 -0700] "GET /lib/reccapi.php?resort=homewoodmountain HTTP/1.1" 200 1023 "-" "node-superagent/1.4.0"
170.75.162.130 - - [27/Mar/2016:13:58:36 -0700] "GET /lib/reccapi.php?resort=mtrose HTTP/1.1" 200 990 "-" "node-superagent/1.4.0"
170.75.162.130 - - [27/Mar/2016:13:58:36 -0700] "GET /lib/reccapi.php?resort=crystalmountain HTTP/1.1" 200 1059 "-" "node-superagent/1.4.0"
170.75.162.130 - - [27/Mar/2016:13:58:36 -0700] "GET /lib/reccapi.php?resort=sugarloaf HTTP/1.1" 200 974 "-" "node-superagent/1.4.0"
170.75.162.130 - - [27/Mar/2016:13:58:46 -0700] "GET /lib/reccapi.php?resort=sunpeaksresort HTTP/1.1" 200 924 "-" "node-superagent/1.4.0"
170.75.162.130 - - [27/Mar/2016:13:59:56 -0700] "GET /lib/reccapi.php?resort=heavenly HTTP/1.1" 200 1021 "-" "node-superagent/1.4.0"
170.75.162.130 - - [27/Mar/2016:13:59:56 -0700] "GET /lib/reccapi.php?resort=killington HTTP/1.1" 200 949 "-" "node-superagent/1.4.0"
66.249.75.121 - - [27/Mar/2016:14:20:02 -0700] "GET /robots.txt HTTP/1.1" 200 419 "-" "Mozilla/5.0 (compatible; Googlebot/2.1; +http://www.google.com/bot.html)"
66.249.75.121 - - [27/Mar/2016:14:20:02 -0700] "GET /lib/reccapi.php?resort=kirkwood&date=2016-03-07 HTTP/1.1" 200 1094 "http://whereshouldiski.com/" "Mozilla/5.0 (compatible; Googlebot/2.1; +http://www.google.com/bot.html)"
66.249.75.114 - - [27/Mar/2016:14:20:03 -0700] "GET /lib/reccapi.php?fields=t&date=2016-03-07&coords=38.68%2C-120&size=7&sort=distance HTTP/1.1" 200 1374 "http://whereshouldiski.com/" "Mozilla/5.0 (compatible; Googlebot/2.1; +http://www.google.com/bot.html)"
66.249.75.121 - - [27/Mar/2016:14:20:03 -0700] "GET /lib/resortDataSearchD3.php?size=7&sortDate=T&resort=kirkwood&dateStart=2016-03-05 HTTP/1.1" 200 875 "http://whereshouldiski.com/" "Mozilla/5.0 (compatible; Googlebot/2.1; +http://www.google.com/bot.html)"
170.75.162.130 - - [27/Mar/2016:14:30:47 -0700] "GET /lib/reccapi.php?resort=bigwhite HTTP/1.1" 200 927 "-" "node-superagent/1.4.0"
170.75.162.130 - - [27/Mar/2016:14:30:47 -0700] "GET /lib/reccapi.php?resort=madriverglen HTTP/1.1" 200 953 "-" "node-superagent/1.4.0"
170.75.162.130 - - [27/Mar/2016:14:30:47 -0700] "GET /lib/reccapi.php?resort=killington HTTP/1.1" 200 949 "-" "node-superagent/1.4.0"
170.75.162.130 - - [27/Mar/2016:14:30:47 -0700] "GET /lib/reccapi.php?resort=sunpeaksresort HTTP/1.1" 200 924 "-" "node-superagent/1.4.0"
170.75.162.130 - - [27/Mar/2016:14:30:47 -0700] "GET /lib/reccapi.php?resort=sugarloaf HTTP/1.1" 200 974 "-" "node-superagent/1.4.0"
170.75.162.130 - - [27/Mar/2016:14:30:47 -0700] "GET /lib/reccapi.php?resort=mtrose HTTP/1.1" 200 990 "-" "node-superagent/1.4.0"
180.76.15.5 - - [27/Mar/2016:14:32:07 -0700] "GET / HTTP/1.1" 200 6995 "-" "Mozilla/5.0 (compatible; Baiduspider/2.0; +http://www.baidu.com/search/spider.html)"
180.76.15.33 - - [27/Mar/2016:14:33:00 -0700] "GET / HTTP/1.1" 200 6995 "-" "Mozilla/5.0 (compatible; Baiduspider/2.0; +http://www.baidu.com/search/spider.html)"
170.75.162.130 - - [27/Mar/2016:14:45:39 -0700] "GET /lib/reccapi.php?resort=squawvalleyusa HTTP/1.1" 200 1024 "-" "node-superagent/1.4.0"
170.75.162.130 - - [27/Mar/2016:14:48:50 -0700] "GET /lib/reccapi.php?resort=49degreesnorth HTTP/1.1" 200 1076 "-" "node-superagent/1.4.0"
170.75.162.130 - - [27/Mar/2016:14:48:50 -0700] "GET /lib/reccapi.php?resort=mountspokane HTTP/1.1" 200 1081 "-" "node-superagent/1.4.0"
14.133.215.90 - - [27/Mar/2016:14:50:13 -0700] "GET /images/wsis-logo-sm.png HTTP/1.1" 200 6108 "http://www.thebackcountry.net/" "Mozilla/5.0 (Macintosh; Intel Mac OS X 10_6_8) AppleWebKit/534.59.10 (KHTML, like Gecko) Version/5.1.9 Safari/534.59.10"
67.247.1.27 - - [27/Mar/2016:15:00:49 -0700] "GET /images/wsis-logo-sm.png HTTP/1.1" 200 6108 "http://www.thebackcountry.net/" "Mozilla/5.0 (Macintosh; Intel Mac OS X 10_10_5) AppleWebKit/537.36 (KHTML, like Gecko) Chrome/48.0.2564.116 Safari/537.36"
185.25.151.159 - - [27/Mar/2016:15:07:56 -0700] "GET http://testp5.mielno.lubin.pl/testproxy.php HTTP/1.1" 404 452 "-" "Mozilla/5.0 (Windows NT 5.1; rv:32.0) Gecko/20100101 Firefox/31.0"
170.75.162.130 - - [27/Mar/2016:15:14:24 -0700] "GET /lib/reccapi.php?resort=mammothmountain HTTP/1.1" 200 991 "-" "node-superagent/1.4.0"
170.75.162.130 - - [27/Mar/2016:15:16:54 -0700] "GET /lib/reccapi.php?resort=sierra-at-tahoe HTTP/1.1" 200 978 "-" "node-superagent/1.4.0"
170.75.162.130 - - [27/Mar/2016:15:18:25 -0700] "GET /lib/reccapi.php?resort=angelfire HTTP/1.1" 200 982 "-" "node-superagent/1.4.0"
170.75.162.130 - - [27/Mar/2016:15:18:25 -0700] "GET /lib/reccapi.php?resort=taos HTTP/1.1" 200 962 "-" "node-superagent/1.4.0"
180.76.15.24 - - [27/Mar/2016:15:31:51 -0700] "GET / HTTP/1.1" 200 6995 "-" "Mozilla/5.0 (compatible; Baiduspider/2.0; +http://www.baidu.com/search/spider.html)"
180.76.15.149 - - [27/Mar/2016:15:32:47 -0700] "GET / HTTP/1.1" 200 6995 "-" "Mozilla/5.0 (compatible; Baiduspider/2.0; +http://www.baidu.com/search/spider.html)"
47.208.175.238 - - [27/Mar/2016:15:33:07 -0700] "GET /images/wsis-logo-sm.png HTTP/1.1" 200 6108 "http://www.thebackcountry.net/" "Mozilla/5.0 (iPad; CPU OS 9_1 like Mac OS X) AppleWebKit/601.1.46 (KHTML, like Gecko) Version/9.0 Mobile/13B143 Safari/601.1"
71.204.142.38 - - [27/Mar/2016:15:51:36 -0700] "GET /images/wsis-logo-sm.png HTTP/1.1" 200 6108 "http://www.thebackcountry.net/" "Mozilla/5.0 (Macintosh; Intel Mac OS X 10_11_2) AppleWebKit/601.3.9 (KHTML, like Gecko) Version/9.0.2 Safari/601.3.9"
71.92.83.200 - - [27/Mar/2016:16:14:07 -0700] "GET /images/wsis-logo-sm.png HTTP/1.1" 200 6108 "http://www.thebackcountry.net/" "Mozilla/5.0 (Macintosh; Intel Mac OS X 10_11_4) AppleWebKit/601.5.17 (KHTML, like Gecko) Version/9.1 Safari/601.5.17"
66.249.75.114 - - [27/Mar/2016:16:15:57 -0700] "GET /lib/reccapi.php?resort=alyeska&date=2016-01-04 HTTP/1.1" 200 691 "http://whereshouldiski.com/" "Mozilla/5.0 (compatible; Googlebot/2.1; +http://www.google.com/bot.html)"
71.9.103.101 - - [27/Mar/2016:16:29:09 -0700] "GET /images/wsis-logo-sm.png HTTP/1.1" 200 6108 "http://www.thebackcountry.net/" "Mozilla/5.0 (Macintosh; Intel Mac OS X 10_7_5) AppleWebKit/537.78.2 (KHTML, like Gecko) Version/6.1.6 Safari/537.78.2"
180.76.15.10 - - [27/Mar/2016:16:29:15 -0700] "GET / HTTP/1.1" 200 6995 "-" "Mozilla/5.0 (compatible; Baiduspider/2.0; +http://www.baidu.com/search/spider.html)"
180.76.15.141 - - [27/Mar/2016:16:30:03 -0700] "GET / HTTP/1.1" 200 6995 "-" "Mozilla/5.0 (compatible; Baiduspider/2.0; +http://www.baidu.com/search/spider.html)"
170.75.162.130 - - [27/Mar/2016:16:30:56 -0700] "GET /lib/reccapi.php?resort=alyeska HTTP/1.1" 200 999 "-" "node-superagent/1.4.0"
170.75.162.130 - - [27/Mar/2016:16:31:06 -0700] "GET /lib/reccapi.php?resort=brighton HTTP/1.1" 200 978 "-" "node-superagent/1.4.0"
85.76.242.171 - - [27/Mar/2016:16:46:08 -0700] "GET / HTTP/1.0" 200 6995 "-" "-"
85.76.242.171 - - [27/Mar/2016:16:46:09 -0700] "GET / HTTP/1.1" 200 2578 "-" "Mozilla/5.0 (Windows NT 6.1; WOW64; rv:43.0) Gecko/20100101 Firefox/43.0"
85.76.242.171 - - [27/Mar/2016:16:46:11 -0700] "GET / HTTP/1.1" 200 2578 "-" "Mozilla/5.0 (Windows NT 6.3; WOW64) AppleWebKit/537.36 (KHTML, like Gecko) Chrome/48.0.2564.103 Safari/537.36"
66.249.75.114 - - [27/Mar/2016:16:57:57 -0700] "GET /resorts?resort=whistlerblackcomb HTTP/1.1" 404 506 "-" "DoCoMo/2.0 N905i(c100;TB;W24H16) (compatible; Googlebot-Mobile/2.1; +http://www.google.com/bot.html)"
66.249.75.121 - - [27/Mar/2016:17:00:19 -0700] "GET / HTTP/1.1" 200 2615 "-" "SAMSUNG-SGH-E250/1.0 Profile/MIDP-2.0 Configuration/CLDC-1.1 UP.Browser/6.2.3.3.c.1.101 (GUI) MMP/2.0 (compatible; Googlebot-Mobile/2.1; +http://www.google.com/bot.html)"
66.249.75.8 - - [27/Mar/2016:17:02:17 -0700] "GET /lib/reccapi.php?resort=chinapeak&date=2016-03-24 HTTP/1.1" 200 1011 "http://whereshouldiski.com/" "Mozilla/5.0 (compatible; Googlebot/2.1; +http://www.google.com/bot.html)"
66.249.75.121 - - [27/Mar/2016:17:02:19 -0700] "GET /lib/resortDataSearchD3.php?size=7&sortDate=T&resort=chinapeak&dateStart=2016-03-22 HTTP/1.1" 200 861 "http://whereshouldiski.com/" "Mozilla/5.0 (compatible; Googlebot/2.1; +http://www.google.com/bot.html)"
66.249.75.114 - - [27/Mar/2016:17:02:19 -0700] "GET /lib/reccapi.php?fields=t&date=2016-03-24&coords=37.22%2C-119.19&size=7&sort=distance HTTP/1.1" 200 1384 "http://whereshouldiski.com/" "Mozilla/5.0 (compatible; Googlebot/2.1; +http://www.google.com/bot.html)"
64.246.161.30 - - [27/Mar/2016:17:21:44 -0700] "GET /robots.txt HTTP/1.0" 200 338 "-" "Mozilla/5.0 (Windows; U; Windows NT 5.1; en; rv:1.9.0.13) Gecko/2009073022 Firefox/3.5.2 (.NET CLR 3.5.30729) SurveyBot/2.3 (DomainTools)"
64.246.161.30 - - [27/Mar/2016:17:21:44 -0700] "GET / HTTP/1.1" 200 2578 "http://whois.domaintools.com/whereshouldiski.com" "Mozilla/5.0 (Windows; U; Windows NT 5.1; en; rv:1.9.0.13) Gecko/2009073022 Firefox/3.5.2 (.NET CLR 3.5.30729) SurveyBot/2.3 (DomainTools)"
73.170.32.27 - - [27/Mar/2016:17:27:37 -0700] "GET /images/wsis-logo-sm.png HTTP/1.1" 200 6108 "http://www.thebackcountry.net/" "Mozilla/5.0 (iPhone; CPU iPhone OS 8_4 like Mac OS X) AppleWebKit/600.1.4 (KHTML, like Gecko) Version/8.0 Mobile/12H143 Safari/600.1.4"
108.20.113.53 - - [27/Mar/2016:17:28:25 -0700] "GET / HTTP/1.1" 200 2615 "http://www.earnyourturns.com/category/gear/bindings/alpine-bind/" "Mozilla/5.0 (Windows NT 10.0; WOW64) AppleWebKit/537.36 (KHTML, like Gecko) Chrome/49.0.2623.87 Safari/537.36"
108.20.113.53 - - [27/Mar/2016:17:28:25 -0700] "GET /styles/ee08faa9.main.css HTTP/1.1" 200 19446 "http://whereshouldiski.com/" "Mozilla/5.0 (Windows NT 10.0; WOW64) AppleWebKit/537.36 (KHTML, like Gecko) Chrome/49.0.2623.87 Safari/537.36"
108.20.113.53 - - [27/Mar/2016:17:28:25 -0700] "GET /scripts/scripts/vendor/modernizr.js HTTP/1.1" 200 4903 "http://whereshouldiski.com/" "Mozilla/5.0 (Windows NT 10.0; WOW64) AppleWebKit/537.36 (KHTML, like Gecko) Chrome/49.0.2623.87 Safari/537.36"
108.20.113.53 - - [27/Mar/2016:17:28:26 -0700] "GET /bower_components/requirejs/require.js HTTP/1.1" 200 6702 "http://whereshouldiski.com/" "Mozilla/5.0 (Windows NT 10.0; WOW64) AppleWebKit/537.36 (KHTML, like Gecko) Chrome/49.0.2623.87 Safari/537.36"
108.20.113.53 - - [27/Mar/2016:17:28:26 -0700] "GET /images/logo-square-white-sm.png HTTP/1.1" 200 1684 "http://whereshouldiski.com/" "Mozilla/5.0 (Windows NT 10.0; WOW64) AppleWebKit/537.36 (KHTML, like Gecko) Chrome/49.0.2623.87 Safari/537.36"
108.20.113.53 - - [27/Mar/2016:17:28:26 -0700] "GET /images/loading.gif HTTP/1.1" 200 13881 "http://whereshouldiski.com/" "Mozilla/5.0 (Windows NT 10.0; WOW64) AppleWebKit/537.36 (KHTML, like Gecko) Chrome/49.0.2623.87 Safari/537.36"
108.20.113.53 - - [27/Mar/2016:17:28:26 -0700] "GET /scripts/fa48e319.main.js HTTP/1.1" 200 123455 "http://whereshouldiski.com/" "Mozilla/5.0 (Windows NT 10.0; WOW64) AppleWebKit/537.36 (KHTML, like Gecko) Chrome/49.0.2623.87 Safari/537.36"
108.20.113.53 - - [27/Mar/2016:17:28:27 -0700] "GET /images/button.png HTTP/1.1" 200 598 "http://whereshouldiski.com/styles/ee08faa9.main.css" "Mozilla/5.0 (Windows NT 10.0; WOW64) AppleWebKit/537.36 (KHTML, like Gecko) Chrome/49.0.2623.87 Safari/537.36"
108.20.113.53 - - [27/Mar/2016:17:28:27 -0700] "GET /images/greyHeader.png HTTP/1.1" 200 508 "http://whereshouldiski.com/styles/ee08faa9.main.css" "Mozilla/5.0 (Windows NT 10.0; WOW64) AppleWebKit/537.36 (KHTML, like Gecko) Chrome/49.0.2623.87 Safari/537.36"
108.20.113.53 - - [27/Mar/2016:17:28:27 -0700] "GET /lib/reccapi.php?fields=t HTTP/1.1" 200 1973 "http://whereshouldiski.com/" "Mozilla/5.0 (Windows NT 10.0; WOW64) AppleWebKit/537.36 (KHTML, like Gecko) Chrome/49.0.2623.87 Safari/537.36"
108.20.113.53 - - [27/Mar/2016:17:28:27 -0700] "GET /favicon.ico HTTP/1.1" 200 4612 "http://whereshouldiski.com/" "Mozilla/5.0 (Windows NT 10.0; WOW64) AppleWebKit/537.36 (KHTML, like Gecko) Chrome/49.0.2623.87 Safari/537.36"
108.20.113.53 - - [27/Mar/2016:17:28:27 -0700] "GET /images/snowflake5.png HTTP/1.1" 200 2857 "http://whereshouldiski.com/styles/ee08faa9.main.css" "Mozilla/5.0 (Windows NT 10.0; WOW64) AppleWebKit/537.36 (KHTML, like Gecko) Chrome/49.0.2623.87 Safari/537.36"
108.20.113.53 - - [27/Mar/2016:17:28:27 -0700] "GET /images/star5.png HTTP/1.1" 200 1783 "http://whereshouldiski.com/styles/ee08faa9.main.css" "Mozilla/5.0 (Windows NT 10.0; WOW64) AppleWebKit/537.36 (KHTML, like Gecko) Chrome/49.0.2623.87 Safari/537.36"
108.20.113.53 - - [27/Mar/2016:17:28:27 -0700] "GET /images/bluebird5.png HTTP/1.1" 200 2177 "http://whereshouldiski.com/styles/ee08faa9.main.css" "Mozilla/5.0 (Windows NT 10.0; WOW64) AppleWebKit/537.36 (KHTML, like Gecko) Chrome/49.0.2623.87 Safari/537.36"
108.20.113.53 - - [27/Mar/2016:17:28:27 -0700] "GET /images/mtns-icon.png HTTP/1.1" 200 1096 "http://whereshouldiski.com/styles/ee08faa9.main.css" "Mozilla/5.0 (Windows NT 10.0; WOW64) AppleWebKit/537.36 (KHTML, like Gecko) Chrome/49.0.2623.87 Safari/537.36"
108.20.113.53 - - [27/Mar/2016:17:28:27 -0700] "GET /images/shading-icon.png HTTP/1.1" 200 537 "http://whereshouldiski.com/styles/ee08faa9.main.css" "Mozilla/5.0 (Windows NT 10.0; WOW64) AppleWebKit/537.36 (KHTML, like Gecko) Chrome/49.0.2623.87 Safari/537.36"
180.76.15.157 - - [27/Mar/2016:17:32:47 -0700] "GET / HTTP/1.1" 200 6995 "-" "Mozilla/5.0 (compatible; Baiduspider/2.0; +http://www.baidu.com/search/spider.html)"
180.76.15.144 - - [27/Mar/2016:17:33:43 -0700] "GET / HTTP/1.1" 200 6995 "-" "Mozilla/5.0 (compatible; Baiduspider/2.0; +http://www.baidu.com/search/spider.html)"
108.20.113.53 - - [27/Mar/2016:17:34:46 -0700] "GET /lib/reccapi.php?fields=t HTTP/1.1" 200 1974 "http://whereshouldiski.com/" "Mozilla/5.0 (Windows NT 10.0; WOW64) AppleWebKit/537.36 (KHTML, like Gecko) Chrome/49.0.2623.87 Safari/537.36"
108.20.113.53 - - [27/Mar/2016:17:35:44 -0700] "GET /lib/reccapi.php?fields=t&region=Rockies HTTP/1.1" 200 1670 "http://whereshouldiski.com/" "Mozilla/5.0 (Windows NT 10.0; WOW64) AppleWebKit/537.36 (KHTML, like Gecko) Chrome/49.0.2623.87 Safari/537.36"
108.20.113.53 - - [27/Mar/2016:17:35:45 -0700] "GET /images/greenHeader.png HTTP/1.1" 200 508 "http://whereshouldiski.com/styles/ee08faa9.main.css" "Mozilla/5.0 (Windows NT 10.0; WOW64) AppleWebKit/537.36 (KHTML, like Gecko) Chrome/49.0.2623.87 Safari/537.36"
108.20.113.53 - - [27/Mar/2016:17:35:52 -0700] "GET /lib/reccapi.php?fields=t&region=Rockies&state=CO HTTP/1.1" 200 1499 "http://whereshouldiski.com/" "Mozilla/5.0 (Windows NT 10.0; WOW64) AppleWebKit/537.36 (KHTML, like Gecko) Chrome/49.0.2623.87 Safari/537.36"
66.249.75.121 - - [27/Mar/2016:17:35:54 -0700] "GET /lib/reccapi.php?resort=whistlerblackcomb&date=2015-12-18 HTTP/1.1" 200 725 "http://whereshouldiski.com/" "Mozilla/5.0 (compatible; Googlebot/2.1; +http://www.google.com/bot.html)"
170.75.162.130 - - [27/Mar/2016:17:36:25 -0700] "GET /lib/reccapi.php?resort=northstar-at-tahoe HTTP/1.1" 200 1030 "-" "node-superagent/1.4.0"
189.221.37.237 - - [27/Mar/2016:17:51:29 -0700] "GET /images/wsis-logo-sm.png HTTP/1.1" 200 6108 "http://www.thebackcountry.net/" "Mozilla/5.0 (Windows NT 6.3; WOW64) AppleWebKit/537.36 (KHTML, like Gecko) Chrome/47.0.2526.106 Safari/537.36"
170.75.162.130 - - [27/Mar/2016:17:53:57 -0700] "GET /lib/reccapi.php?resort=bigsky HTTP/1.1" 200 1020 "-" "node-superagent/1.4.0"
66.249.75.114 - - [27/Mar/2016:17:55:51 -0700] "GET /lib/reccapi.php?resort=alyeska&date=2016-03-24 HTTP/1.1" 200 1027 "http://whereshouldiski.com/" "Mozilla/5.0 (compatible; Googlebot/2.1; +http://www.google.com/bot.html)"
66.249.75.114 - - [27/Mar/2016:17:55:52 -0700] "GET /lib/resortDataSearchD3.php?size=7&sortDate=T&resort=alyeska&dateStart=2016-03-22 HTTP/1.1" 200 875 "http://whereshouldiski.com/" "Mozilla/5.0 (compatible; Googlebot/2.1; +http://www.google.com/bot.html)"
66.249.75.121 - - [27/Mar/2016:17:55:52 -0700] "GET /lib/reccapi.php?fields=t&date=2016-03-24&coords=60.94%2C-148.95&size=7&sort=distance HTTP/1.1" 200 1357 "http://whereshouldiski.com/" "Mozilla/5.0 (compatible; Googlebot/2.1; +http://www.google.com/bot.html)"
170.75.162.130 - - [27/Mar/2016:18:07:29 -0700] "GET /lib/reccapi.php?resort=sundayriver HTTP/1.1" 200 973 "-" "node-superagent/1.4.0"
66.249.75.114 - - [27/Mar/2016:18:08:47 -0700] "GET /lib/reccapi.php?resort=timberline&date=2016-01-23 HTTP/1.1" 200 1069 "http://whereshouldiski.com/" "Mozilla/5.0 (compatible; Googlebot/2.1; +http://www.google.com/bot.html)"
66.249.75.8 - - [27/Mar/2016:18:08:49 -0700] "GET /lib/reccapi.php?fields=t&date=2016-01-23&coords=45.34%2C-121.72&size=7&sort=distance HTTP/1.1" 200 1381 "http://whereshouldiski.com/" "Mozilla/5.0 (compatible; Googlebot/2.1; +http://www.google.com/bot.html)"
66.249.75.114 - - [27/Mar/2016:18:08:50 -0700] "GET /lib/resortDataSearchD3.php?size=7&sortDate=T&resort=timberline&dateStart=2016-01-21 HTTP/1.1" 200 879 "http://whereshouldiski.com/" "Mozilla/5.0 (compatible; Googlebot/2.1; +http://www.google.com/bot.html)"
24.32.29.37 - - [27/Mar/2016:18:09:01 -0700] "GET /images/wsis-logo-sm.png HTTP/1.1" 200 6108 "http://www.thebackcountry.net/" "Mozilla/5.0 (iPhone; CPU iPhone OS 9_3 like Mac OS X) AppleWebKit/601.1.46 (KHTML, like Gecko) Version/9.0 Mobile/13E233 Safari/601.1"
71.93.70.217 - - [27/Mar/2016:18:09:24 -0700] "GET /images/wsis-logo-sm.png HTTP/1.1" 200 6108 "http://www.thebackcountry.net/" "Mozilla/5.0 (Windows NT 6.1) AppleWebKit/537.36 (KHTML, like Gecko) Chrome/48.0.2564.109 Safari/537.36"
193.169.234.5 - - [27/Mar/2016:18:09:30 -0700] "GET /robots.txt HTTP/1.1" 200 338 "-" "Openstat/0.1"
193.169.234.5 - - [27/Mar/2016:18:10:00 -0700] "GET / HTTP/1.1" 200 6995 "-" "Openstat/0.1"
170.75.162.130 - - [27/Mar/2016:18:21:21 -0700] "GET /lib/reccapi.php?resort=stevenspass HTTP/1.1" 200 1050 "-" "node-superagent/1.4.0"
180.76.15.33 - - [27/Mar/2016:18:29:31 -0700] "GET / HTTP/1.1" 200 6995 "-" "Mozilla/5.0 (compatible; Baiduspider/2.0; +http://www.baidu.com/search/spider.html)"
180.76.15.29 - - [27/Mar/2016:18:30:21 -0700] "GET / HTTP/1.1" 200 6995 "-" "Mozilla/5.0 (compatible; Baiduspider/2.0; +http://www.baidu.com/search/spider.html)"
170.75.162.130 - - [27/Mar/2016:18:50:25 -0700] "GET /lib/reccapi.php?resort=mounthoodmeadows HTTP/1.1" 200 1083 "-" "node-superagent/1.4.0"
170.75.162.130 - - [27/Mar/2016:18:53:05 -0700] "GET /lib/reccapi.php?resort=alta HTTP/1.1" 200 972 "-" "node-superagent/1.4.0"
170.75.162.130 - - [27/Mar/2016:18:53:05 -0700] "GET /lib/reccapi.php?resort=killington HTTP/1.1" 200 949 "-" "node-superagent/1.4.0"
170.75.162.130 - - [27/Mar/2016:18:53:05 -0700] "GET /lib/reccapi.php?resort=sugarloaf HTTP/1.1" 200 974 "-" "node-superagent/1.4.0"
170.75.162.130 - - [27/Mar/2016:18:53:15 -0700] "GET /lib/reccapi.php?resort=sunvalley HTTP/1.1" 200 1057 "-" "node-superagent/1.4.0"
170.75.162.130 - - [27/Mar/2016:18:53:15 -0700] "GET /lib/reccapi.php?resort=schweitzer HTTP/1.1" 200 1051 "-" "node-superagent/1.4.0"
66.249.75.121 - - [27/Mar/2016:18:58:38 -0700] "GET /resorts?resort=angelfire&date=2014-02-02 HTTP/1.1" 404 506 "-" "Mozilla/5.0 (iPhone; CPU iPhone OS 8_3 like Mac OS X) AppleWebKit/600.1.4 (KHTML, like Gecko) Version/8.0 Mobile/12F70 Safari/600.1.4 (compatible; Googlebot/2.1; +http://www.google.com/bot.html)"
73.189.184.172 - - [27/Mar/2016:19:00:54 -0700] "GET /images/wsis-logo-sm.png HTTP/1.1" 200 6108 "http://www.thebackcountry.net/" "Mozilla/5.0 (iPad; CPU OS 9_2_1 like Mac OS X) AppleWebKit/601.1.46 (KHTML, like Gecko) Version/9.0 Mobile/13D15 Safari/601.1"
24.32.29.37 - - [27/Mar/2016:19:01:08 -0700] "GET /images/wsis-logo-sm.png HTTP/1.1" 304 187 "http://www.thebackcountry.net/" "Mozilla/5.0 (iPhone; CPU iPhone OS 9_3 like Mac OS X) AppleWebKit/601.1.46 (KHTML, like Gecko) Version/9.0 Mobile/13E233 Safari/601.1"
170.75.162.130 - - [27/Mar/2016:19:04:47 -0700] "GET /lib/reccapi.php?resort=heavenly HTTP/1.1" 200 1035 "-" "node-superagent/1.4.0"
66.249.75.8 - - [27/Mar/2016:19:06:25 -0700] "GET /lib/reccapi.php?resort=alyeska&date=2016-01-12 HTTP/1.1" 200 691 "http://whereshouldiski.com/" "Mozilla/5.0 (compatible; Googlebot/2.1; +http://www.google.com/bot.html)"
211.89.227.49 - - [27/Mar/2016:19:13:33 -0700] "GET / HTTP/1.0" 200 6995 "-" "Mozilla/5.0 (compatible; heritrix/3.1.1 +http://www.baidu.com)"
180.76.15.151 - - [27/Mar/2016:19:29:10 -0700] "GET / HTTP/1.1" 200 6995 "-" "Mozilla/5.0 (compatible; Baiduspider/2.0; +http://www.baidu.com/search/spider.html)"
180.76.15.145 - - [27/Mar/2016:19:30:01 -0700] "GET / HTTP/1.1" 200 6995 "-" "Mozilla/5.0 (compatible; Baiduspider/2.0; +http://www.baidu.com/search/spider.html)"
