170.75.162.130 - - [25/Nov/2015:08:47:38 -0800] "GET /lib/reccapi.php?resort=sugarloaf HTTP/1.1" 200 947 "-" "node-superagent/1.4.0"
180.76.15.136 - - [25/Nov/2015:08:50:48 -0800] "GET / HTTP/1.1" 200 6114 "-" "Mozilla/5.0 (compatible; Baiduspider/2.0; +http://www.baidu.com/search/spider.html)"
123.125.71.70 - - [25/Nov/2015:08:51:09 -0800] "-" 408 0 "-" "-"
180.76.15.32 - - [25/Nov/2015:08:51:41 -0800] "GET / HTTP/1.1" 200 6114 "-" "Mozilla/5.0 (compatible; Baiduspider/2.0; +http://www.baidu.com/search/spider.html)"
96.92.103.130 - - [25/Nov/2015:08:56:36 -0800] "GET /images/wsis-logo-sm.png HTTP/1.1" 200 6108 "http://www.thebackcountry.net/" "Mozilla/5.0 (compatible; MSIE 9.0; Windows NT 6.1; WOW64; Trident/5.0)"
96.92.103.130 - - [25/Nov/2015:08:56:57 -0800] "-" 408 0 "-" "-"
220.181.108.90 - - [25/Nov/2015:08:58:09 -0800] "-" 408 0 "-" "-"
170.75.162.130 - - [25/Nov/2015:08:59:39 -0800] "GET /lib/reccapi.php?resort=heavenly HTTP/1.1" 200 1055 "-" "node-superagent/1.4.0"
207.192.253.92 - - [25/Nov/2015:09:00:37 -0800] "GET /images/wsis-logo-sm.png HTTP/1.1" 200 6108 "http://www.thebackcountry.net/" "Mozilla/5.0 (Macintosh; Intel Mac OS X 10_10_5) AppleWebKit/537.36 (KHTML, like Gecko) Chrome/46.0.2490.86 Safari/537.36"
170.75.162.130 - - [25/Nov/2015:09:05:20 -0800] "GET /lib/reccapi.php?resort=homewoodmountain HTTP/1.1" 200 1048 "-" "node-superagent/1.4.0"
159.189.213.48 - - [25/Nov/2015:09:07:29 -0800] "GET / HTTP/1.1" 304 210 "-" "Mozilla/5.0 (Windows NT 6.1; WOW64) AppleWebKit/537.36 (KHTML, like Gecko) Chrome/45.0.2454.85 Safari/537.36"
159.189.213.48 - - [25/Nov/2015:09:07:29 -0800] "GET /styles/0fffd548.main.css HTTP/1.1" 304 210 "http://whereshouldiski.com/" "Mozilla/5.0 (Windows NT 6.1; WOW64) AppleWebKit/537.36 (KHTML, like Gecko) Chrome/45.0.2454.85 Safari/537.36"
159.189.213.48 - - [25/Nov/2015:09:07:29 -0800] "GET /images/logo-sm.png HTTP/1.1" 304 187 "http://whereshouldiski.com/" "Mozilla/5.0 (Windows NT 6.1; WOW64) AppleWebKit/537.36 (KHTML, like Gecko) Chrome/45.0.2454.85 Safari/537.36"
159.189.213.48 - - [25/Nov/2015:09:07:30 -0800] "GET /images/button.png HTTP/1.1" 304 185 "http://whereshouldiski.com/styles/0fffd548.main.css" "Mozilla/5.0 (Windows NT 6.1; WOW64) AppleWebKit/537.36 (KHTML, like Gecko) Chrome/45.0.2454.85 Safari/537.36"
159.189.213.48 - - [25/Nov/2015:09:07:30 -0800] "GET /images/greyHeader.png HTTP/1.1" 304 185 "http://whereshouldiski.com/styles/0fffd548.main.css" "Mozilla/5.0 (Windows NT 6.1; WOW64) AppleWebKit/537.36 (KHTML, like Gecko) Chrome/45.0.2454.85 Safari/537.36"
159.189.213.48 - - [25/Nov/2015:09:07:30 -0800] "GET /lib/reccapi.php?fields=t HTTP/1.1" 200 1889 "http://whereshouldiski.com/" "Mozilla/5.0 (Windows NT 6.1; WOW64) AppleWebKit/537.36 (KHTML, like Gecko) Chrome/45.0.2454.85 Safari/537.36"
159.189.213.48 - - [25/Nov/2015:09:07:30 -0800] "GET /images/bluebird5.png HTTP/1.1" 304 185 "http://whereshouldiski.com/styles/0fffd548.main.css" "Mozilla/5.0 (Windows NT 6.1; WOW64) AppleWebKit/537.36 (KHTML, like Gecko) Chrome/45.0.2454.85 Safari/537.36"
159.189.213.48 - - [25/Nov/2015:09:07:30 -0800] "GET /images/star5.png HTTP/1.1" 304 185 "http://whereshouldiski.com/styles/0fffd548.main.css" "Mozilla/5.0 (Windows NT 6.1; WOW64) AppleWebKit/537.36 (KHTML, like Gecko) Chrome/45.0.2454.85 Safari/537.36"
159.189.213.48 - - [25/Nov/2015:09:07:30 -0800] "GET /images/snowflake5.png HTTP/1.1" 304 185 "http://whereshouldiski.com/styles/0fffd548.main.css" "Mozilla/5.0 (Windows NT 6.1; WOW64) AppleWebKit/537.36 (KHTML, like Gecko) Chrome/45.0.2454.85 Safari/537.36"
159.189.213.48 - - [25/Nov/2015:09:07:30 -0800] "GET /images/mtns-icon.png HTTP/1.1" 304 186 "http://whereshouldiski.com/styles/0fffd548.main.css" "Mozilla/5.0 (Windows NT 6.1; WOW64) AppleWebKit/537.36 (KHTML, like Gecko) Chrome/45.0.2454.85 Safari/537.36"
159.189.213.48 - - [25/Nov/2015:09:07:30 -0800] "GET /images/shading-icon.png HTTP/1.1" 304 185 "http://whereshouldiski.com/styles/0fffd548.main.css" "Mozilla/5.0 (Windows NT 6.1; WOW64) AppleWebKit/537.36 (KHTML, like Gecko) Chrome/45.0.2454.85 Safari/537.36"
159.189.213.48 - - [25/Nov/2015:09:07:40 -0800] "GET /lib/reccapi.php?fields=t&region=Rockies HTTP/1.1" 200 1597 "http://whereshouldiski.com/" "Mozilla/5.0 (Windows NT 6.1; WOW64) AppleWebKit/537.36 (KHTML, like Gecko) Chrome/45.0.2454.85 Safari/537.36"
159.189.213.48 - - [25/Nov/2015:09:07:40 -0800] "GET /images/greenHeader.png HTTP/1.1" 304 184 "http://whereshouldiski.com/styles/0fffd548.main.css" "Mozilla/5.0 (Windows NT 6.1; WOW64) AppleWebKit/537.36 (KHTML, like Gecko) Chrome/45.0.2454.85 Safari/537.36"
198.251.46.97 - - [25/Nov/2015:09:11:21 -0800] "GET /images/wsis-logo-sm.png HTTP/1.1" 200 6108 "http://www.thebackcountry.net/" "Mozilla/4.0 (compatible; MSIE 8.0; Windows NT 6.1; WOW64; Trident/4.0; GTB7.5; SLCC2; .NET CLR 2.0.50727; .NET CLR 3.5.30729; .NET CLR 3.0.30729; Media Center PC 6.0; .NET4.0C; .NET4.0E)"
70.214.39.255 - - [25/Nov/2015:09:28:38 -0800] "GET /images/wsis-logo-sm.png HTTP/1.1" 200 6108 "http://www.thebackcountry.net/" "Mozilla/5.0 (iPhone; CPU iPhone OS 9_1 like Mac OS X) AppleWebKit/601.1.46 (KHTML, like Gecko) Version/9.0 Mobile/13B143 Safari/601.1"
96.92.103.130 - - [25/Nov/2015:09:32:06 -0800] "GET /images/wsis-logo-sm.png HTTP/1.1" 200 6108 "http://www.thebackcountry.net/" "Mozilla/5.0 (compatible; MSIE 9.0; Windows NT 6.1; WOW64; Trident/5.0)"
170.75.162.130 - - [25/Nov/2015:09:44:35 -0800] "GET /lib/reccapi.php?resort=coppermountain HTTP/1.1" 200 988 "-" "node-superagent/1.4.0"
152.79.209.41 - - [25/Nov/2015:09:45:53 -0800] "GET /images/wsis-logo-sm.png HTTP/1.1" 200 6108 "http://www.thebackcountry.net/" "Mozilla/4.0 (compatible; MSIE 8.0; Windows NT 6.1; WOW64; Trident/4.0; SLCC2; .NET CLR 2.0.50727; .NET CLR 3.5.30729; .NET CLR 3.0.30729; .NET4.0C; .NET4.0E)"
75.111.104.118 - - [25/Nov/2015:09:49:09 -0800] "GET /images/wsis-logo-sm.png HTTP/1.1" 200 6108 "http://www.thebackcountry.net/" "Mozilla/5.0 (Macintosh; Intel Mac OS X 10_10_5) AppleWebKit/601.2.7 (KHTML, like Gecko) Version/9.0.1 Safari/601.2.7"
152.79.209.41 - - [25/Nov/2015:09:50:58 -0800] "GET /images/wsis-logo-sm.png HTTP/1.1" 304 187 "http://www.thebackcountry.net/" "Mozilla/4.0 (compatible; MSIE 8.0; Windows NT 6.1; WOW64; Trident/4.0; SLCC2; .NET CLR 2.0.50727; .NET CLR 3.5.30729; .NET CLR 3.0.30729; .NET4.0C; .NET4.0E)"
123.125.71.18 - - [25/Nov/2015:09:52:00 -0800] "-" 408 0 "-" "-"
170.75.162.130 - - [25/Nov/2015:09:54:36 -0800] "GET /lib/reccapi.php?resort=alpinemeadows HTTP/1.1" 200 1063 "-" "node-superagent/1.4.0"
108.171.131.189 - - [25/Nov/2015:10:05:28 -0800] "GET /images/wsis-logo-sm.png HTTP/1.1" 200 6108 "http://www.thebackcountry.net/" "Mozilla/5.0 (Windows NT 6.1; WOW64; Trident/7.0; rv:11.0) like Gecko"
170.75.162.130 - - [25/Nov/2015:10:08:28 -0800] "GET /lib/reccapi.php?resort=aspenheights HTTP/1.1" 200 1000 "-" "node-superagent/1.4.0"
170.75.162.130 - - [25/Nov/2015:10:23:09 -0800] "GET /lib/reccapi.php?resort=angelfire HTTP/1.1" 200 972 "-" "node-superagent/1.4.0"
170.75.162.130 - - [25/Nov/2015:10:31:11 -0800] "GET /lib/reccapi.php?resort=cannonmountain HTTP/1.1" 200 956 "-" "node-superagent/1.4.0"
170.75.162.130 - - [25/Nov/2015:10:31:11 -0800] "GET /lib/reccapi.php?resort=jaypeak HTTP/1.1" 200 971 "-" "node-superagent/1.4.0"
170.75.162.130 - - [25/Nov/2015:10:31:12 -0800] "GET /lib/reccapi.php?resort=stowe HTTP/1.1" 200 945 "-" "node-superagent/1.4.0"
170.75.162.130 - - [25/Nov/2015:10:31:12 -0800] "GET /lib/reccapi.php?resort=sugarbush HTTP/1.1" 200 964 "-" "node-superagent/1.4.0"
170.75.162.130 - - [25/Nov/2015:10:31:12 -0800] "GET /lib/reccapi.php?resort=sundayriver HTTP/1.1" 200 951 "-" "node-superagent/1.4.0"
170.75.162.130 - - [25/Nov/2015:10:31:12 -0800] "GET /lib/reccapi.php?resort=wildcatmountain HTTP/1.1" 200 958 "-" "node-superagent/1.4.0"
199.187.122.91 - - [25/Nov/2015:10:37:52 -0800] "GET /robots.txt HTTP/1.1" 200 375 "-" "Mozilla/4.0 (compatible; MSIE 6.0; Windows NT 5.1; SV1; .NET CLR 2.0.50727)"
199.187.122.91 - - [25/Nov/2015:10:37:52 -0800] "GET /blog/11-2012-2013-powder-rating-visualization HTTP/1.1" 404 531 "-" "Mozilla/4.0 (compatible; MSIE 6.0; Windows NT 5.1; SV1; .NET CLR 2.0.50727)"
199.187.122.91 - - [25/Nov/2015:10:37:54 -0800] "GET /viz/2012-2013-viz.php HTTP/1.1" 404 532 "-" "Mozilla/4.0 (compatible; MSIE 6.0; Windows NT 5.1; SV1; .NET CLR 2.0.50727)"
199.187.122.91 - - [25/Nov/2015:10:37:55 -0800] "GET / HTTP/1.1" 200 6151 "-" "Mozilla/4.0 (compatible; MSIE 6.0; Windows NT 5.1; SV1; .NET CLR 2.0.50727)"
199.187.122.91 - - [25/Nov/2015:10:37:56 -0800] "GET /blog HTTP/1.1" 404 531 "-" "Mozilla/4.0 (compatible; MSIE 6.0; Windows NT 5.1; SV1; .NET CLR 2.0.50727)"
199.187.122.91 - - [25/Nov/2015:10:37:57 -0800] "GET /recommendations?sort=bluebird HTTP/1.1" 404 532 "-" "Mozilla/4.0 (compatible; MSIE 6.0; Windows NT 5.1; SV1; .NET CLR 2.0.50727)"
199.187.122.91 - - [25/Nov/2015:10:37:59 -0800] "GET /recommendations?sort=distance HTTP/1.1" 404 532 "-" "Mozilla/4.0 (compatible; MSIE 6.0; Windows NT 5.1; SV1; .NET CLR 2.0.50727)"
170.75.162.130 - - [25/Nov/2015:10:39:32 -0800] "GET /lib/reccapi.php?resort=sierra-at-tahoe HTTP/1.1" 200 1043 "-" "node-superagent/1.4.0"
170.75.162.130 - - [25/Nov/2015:10:48:33 -0800] "GET /lib/reccapi.php?resort=sugarbowl HTTP/1.1" 200 1041 "-" "node-superagent/1.4.0"
123.125.71.77 - - [25/Nov/2015:10:48:47 -0800] "-" 408 0 "-" "-"
220.181.108.122 - - [25/Nov/2015:10:52:31 -0800] "-" 408 0 "-" "-"
170.75.162.130 - - [25/Nov/2015:10:58:34 -0800] "GET /lib/reccapi.php?resort=crystalmountain HTTP/1.1" 200 967 "-" "node-superagent/1.4.0"
71.93.65.153 - - [25/Nov/2015:11:04:25 -0800] "GET /images/wsis-logo-sm.png HTTP/1.1" 200 6108 "http://www.thebackcountry.net/" "Mozilla/5.0 (Windows NT 6.3; WOW64) AppleWebKit/537.36 (KHTML, like Gecko) Chrome/46.0.2490.86 Safari/537.36"
170.75.162.130 - - [25/Nov/2015:11:14:06 -0800] "GET /lib/reccapi.php?resort=bigsky HTTP/1.1" 200 1095 "-" "node-superagent/1.4.0"
70.198.203.41 - - [25/Nov/2015:11:17:26 -0800] "GET /images/wsis-logo-sm.png HTTP/1.1" 200 6108 "http://www.thebackcountry.net/" "Mozilla/5.0 (iPhone; CPU iPhone OS 9_1 like Mac OS X) AppleWebKit/601.1.46 (KHTML, like Gecko) Version/9.0 Mobile/13B143 Safari/601.1"
170.75.162.130 - - [25/Nov/2015:11:21:17 -0800] "GET /lib/reccapi.php?resort=kirkwood HTTP/1.1" 200 1069 "-" "node-superagent/1.4.0"
207.46.13.42 - - [25/Nov/2015:11:24:08 -0800] "GET /robots.txt HTTP/1.1" 200 375 "-" "Mozilla/5.0 (compatible; bingbot/2.0; +http://www.bing.com/bingbot.htm)"
207.46.13.42 - - [25/Nov/2015:11:24:21 -0800] "GET / HTTP/1.1" 200 2376 "-" "Mozilla/5.0 (compatible; bingbot/2.0; +http://www.bing.com/bingbot.htm)"
170.75.162.130 - - [25/Nov/2015:11:25:07 -0800] "GET /lib/reccapi.php?resort=snowbird HTTP/1.1" 200 1066 "-" "node-superagent/1.4.0"
172.56.31.29 - - [25/Nov/2015:11:28:19 -0800] "GET /images/wsis-logo-sm.png HTTP/1.1" 200 6108 "http://www.thebackcountry.net/" "Mozilla/5.0 (Linux; Android 5.1; XT1032 Build/LPB23.13-56) AppleWebKit/537.36 (KHTML, like Gecko) Chrome/44.0.2403.133 Mobile Safari/537.36"
72.47.126.186 - - [25/Nov/2015:11:34:28 -0800] "GET /images/wsis-logo-sm.png HTTP/1.1" 200 6108 "http://www.thebackcountry.net/" "Mozilla/5.0 (Windows NT 10.0; WOW64) AppleWebKit/537.36 (KHTML, like Gecko) Chrome/46.0.2490.86 Safari/537.36"
170.75.162.130 - - [25/Nov/2015:11:34:38 -0800] "GET /lib/reccapi.php?resort=deervalley HTTP/1.1" 200 1077 "-" "node-superagent/1.4.0"
166.216.157.55 - - [25/Nov/2015:11:40:29 -0800] "GET /images/wsis-logo-sm.png HTTP/1.1" 200 6108 "http://www.thebackcountry.net/" "Mozilla/5.0 (iPhone; CPU iPhone OS 8_4 like Mac OS X) AppleWebKit/600.1.4 (KHTML, like Gecko) Version/8.0 Mobile/12H143 Safari/600.1.4"
170.75.162.130 - - [25/Nov/2015:11:40:48 -0800] "GET /lib/reccapi.php?resort=49degreesnorth HTTP/1.1" 200 998 "-" "node-superagent/1.4.0"
170.75.162.130 - - [25/Nov/2015:11:40:48 -0800] "GET /lib/reccapi.php?resort=buttermilk HTTP/1.1" 200 963 "-" "node-superagent/1.4.0"
170.75.162.130 - - [25/Nov/2015:11:40:49 -0800] "GET /lib/reccapi.php?resort=snowmass HTTP/1.1" 200 955 "-" "node-superagent/1.4.0"
170.75.162.130 - - [25/Nov/2015:11:40:49 -0800] "GET /lib/reccapi.php?resort=aspenmountain HTTP/1.1" 200 968 "-" "node-superagent/1.4.0"
170.75.162.130 - - [25/Nov/2015:11:41:48 -0800] "GET /lib/reccapi.php?resort=stevenspass HTTP/1.1" 200 965 "-" "node-superagent/1.4.0"
107.77.75.80 - - [25/Nov/2015:11:51:23 -0800] "GET /images/wsis-logo-sm.png HTTP/1.1" 200 6108 "http://www.thebackcountry.net/" "Mozilla/5.0 (iPhone; CPU iPhone OS 9_1 like Mac OS X) AppleWebKit/601.1.46 (KHTML, like Gecko) Version/9.0 Mobile/13B143 Safari/601.1"
123.125.71.90 - - [25/Nov/2015:11:52:19 -0800] "-" 408 0 "-" "-"
220.181.108.119 - - [25/Nov/2015:11:56:37 -0800] "-" 408 0 "-" "-"
76.103.112.217 - - [25/Nov/2015:12:09:14 -0800] "GET /images/wsis-logo-sm.png HTTP/1.1" 200 6108 "http://www.thebackcountry.net/" "Mozilla/5.0 (Windows NT 6.1; WOW64; Trident/7.0; rv:11.0) like Gecko"
76.103.112.217 - - [25/Nov/2015:12:09:35 -0800] "-" 408 0 "-" "-"
50.247.111.201 - - [25/Nov/2015:12:11:54 -0800] "GET /images/wsis-logo-sm.png HTTP/1.1" 200 6108 "http://www.thebackcountry.net/" "Mozilla/5.0 (Windows NT 6.1; WOW64; rv:42.0) Gecko/20100101 Firefox/42.0"
218.94.149.187 - - [25/Nov/2015:12:20:34 -0800] "POST /toindex.action HTTP/1.1" 404 556 "-" "Mozilla/5.0"
218.94.149.187 - - [25/Nov/2015:12:20:52 -0800] "POST /toindex.do HTTP/1.1" 404 552 "-" "Mozilla/5.0"
180.76.15.15 - - [25/Nov/2015:12:22:13 -0800] "GET / HTTP/1.1" 200 6114 "-" "Mozilla/5.0 (compatible; Baiduspider/2.0; +http://www.baidu.com/search/spider.html)"
180.76.15.141 - - [25/Nov/2015:12:22:58 -0800] "GET / HTTP/1.1" 200 6114 "-" "Mozilla/5.0 (compatible; Baiduspider/2.0; +http://www.baidu.com/search/spider.html)"
180.76.15.31 - - [25/Nov/2015:12:23:09 -0800] "GET /resorts?resort=brundage&date=2014-01-18 HTTP/1.1" 404 472 "-" "Mozilla/5.0 (compatible; Baiduspider/2.0; +http://www.baidu.com/search/spider.html)"
218.94.149.187 - - [25/Nov/2015:12:23:38 -0800] "POST /main.action HTTP/1.1" 404 553 "-" "Mozilla/5.0"
170.75.162.130 - - [25/Nov/2015:12:33:32 -0800] "GET /lib/reccapi.php?resort=mtrose HTTP/1.1" 200 1030 "-" "node-superagent/1.4.0"
170.75.162.130 - - [25/Nov/2015:12:33:32 -0800] "GET /lib/reccapi.php?resort=diamondpeak HTTP/1.1" 200 988 "-" "node-superagent/1.4.0"
170.75.162.130 - - [25/Nov/2015:12:38:53 -0800] "GET /lib/reccapi.php?resort=bigwhite HTTP/1.1" 200 919 "-" "node-superagent/1.4.0"
207.166.3.52 - - [25/Nov/2015:12:38:58 -0800] "GET /images/wsis-logo-sm.png HTTP/1.1" 200 6108 "http://www.thebackcountry.net/" "Mozilla/5.0 (Macintosh; Intel Mac OS X 10_9_5) AppleWebKit/537.78.2 (KHTML, like Gecko) Version/7.0.6 Safari/537.78.2"
170.75.162.130 - - [25/Nov/2015:12:40:13 -0800] "GET /lib/reccapi.php?resort=loveland HTTP/1.1" 200 976 "-" "node-superagent/1.4.0"
123.125.71.86 - - [25/Nov/2015:12:47:16 -0800] "GET / HTTP/1.1" 200 2339 "-" "Mozilla/5.0 (Windows NT 5.1; rv:6.0.2) Gecko/20100101 Firefox/6.0.2"
123.125.71.111 - - [25/Nov/2015:12:47:16 -0800] "GET / HTTP/1.1" 200 6114 "-" "Mozilla/5.0 (Windows NT 5.1; rv:6.0.2) Gecko/20100101 Firefox/6.0.2"
170.75.162.130 - - [25/Nov/2015:12:53:24 -0800] "GET /lib/reccapi.php?resort=sunpeaksresort HTTP/1.1" 200 922 "-" "node-superagent/1.4.0"
170.75.162.130 - - [25/Nov/2015:12:53:24 -0800] "GET /lib/reccapi.php?resort=silverstarmountain HTTP/1.1" 200 930 "-" "node-superagent/1.4.0"
170.75.162.130 - - [25/Nov/2015:12:53:24 -0800] "GET /lib/reccapi.php?resort=redmountain HTTP/1.1" 200 903 "-" "node-superagent/1.4.0"
170.75.162.130 - - [25/Nov/2015:12:53:24 -0800] "GET /lib/reccapi.php?resort=mountainhigh HTTP/1.1" 200 1032 "-" "node-superagent/1.4.0"
170.75.162.130 - - [25/Nov/2015:12:55:14 -0800] "GET /lib/reccapi.php?resort=parkcity HTTP/1.1" 200 1070 "-" "node-superagent/1.4.0"
76.20.55.200 - - [25/Nov/2015:12:55:27 -0800] "GET /images/wsis-logo-sm.png HTTP/1.1" 200 6108 "http://www.thebackcountry.net/" "Mozilla/5.0 (Windows NT 6.3; WOW64; Trident/7.0; TNJB; rv:11.0) like Gecko"
76.20.55.200 - - [25/Nov/2015:12:55:48 -0800] "-" 408 0 "-" "-"
220.181.108.144 - - [25/Nov/2015:13:00:14 -0800] "-" 408 0 "-" "-"
166.216.157.36 - - [25/Nov/2015:13:05:18 -0800] "GET /images/wsis-logo-sm.png HTTP/1.1" 200 6108 "http://www.thebackcountry.net/" "Mozilla/5.0 (iPhone; CPU iPhone OS 9_1 like Mac OS X) AppleWebKit/601.1.46 (KHTML, like Gecko) Version/9.0 Mobile/13B143 Safari/601.1"
99.66.149.225 - - [25/Nov/2015:13:09:30 -0800] "GET /images/wsis-logo-sm.png HTTP/1.1" 200 6108 "http://www.thebackcountry.net/" "Mozilla/5.0 (Windows NT 6.1; WOW64; Trident/7.0; rv:11.0) like Gecko"
99.66.149.225 - - [25/Nov/2015:13:09:51 -0800] "-" 408 0 "-" "-"
180.76.15.134 - - [25/Nov/2015:13:13:52 -0800] "GET / HTTP/1.1" 200 6114 "-" "Mozilla/5.0 (compatible; Baiduspider/2.0; +http://www.baidu.com/search/spider.html)"
131.212.249.116 - - [25/Nov/2015:13:24:39 -0800] "GET /images/wsis-logo-sm.png HTTP/1.1" 200 6108 "http://www.thebackcountry.net/" "Mozilla/5.0 (Macintosh; Intel Mac OS X 10_7_5) AppleWebKit/537.36 (KHTML, like Gecko) Chrome/46.0.2490.86 Safari/537.36"
67.164.92.73 - - [25/Nov/2015:13:24:52 -0800] "GET /images/wsis-logo-sm.png HTTP/1.1" 200 6108 "http://www.thebackcountry.net/" "Mozilla/5.0 (Macintosh; Intel Mac OS X 10_10_5) AppleWebKit/537.36 (KHTML, like Gecko) Chrome/46.0.2490.80 Safari/537.36"
12.197.154.11 - - [25/Nov/2015:13:32:10 -0800] "GET /images/wsis-logo-sm.png HTTP/1.1" 200 6052 "http://www.thebackcountry.net/" "Mozilla/5.0 (Macintosh; Intel Mac OS X 10_10_4) AppleWebKit/600.7.12 (KHTML, like Gecko) Version/8.0.7 Safari/600.7.12"
180.76.15.145 - - [25/Nov/2015:13:46:55 -0800] "GET / HTTP/1.1" 200 6114 "-" "Mozilla/5.0 (compatible; Baiduspider/2.0; +http://www.baidu.com/search/spider.html)"
64.251.27.99 - - [25/Nov/2015:13:47:26 -0800] "GET /robots.txt HTTP/1.0" 200 338 "-" "Mozilla/4.0 (compatible; MSIE 5.01; Windows NT)"
180.76.15.34 - - [25/Nov/2015:13:47:40 -0800] "GET / HTTP/1.1" 200 6114 "-" "Mozilla/5.0 (compatible; Baiduspider/2.0; +http://www.baidu.com/search/spider.html)"
70.211.68.202 - - [25/Nov/2015:13:50:30 -0800] "GET /images/wsis-logo-sm.png HTTP/1.1" 200 6108 "http://www.thebackcountry.net/" "Mozilla/5.0 (iPhone; CPU iPhone OS 8_4 like Mac OS X) AppleWebKit/600.1.4 (KHTML, like Gecko) Version/8.0 Mobile/12H143 Safari/600.1.4"
123.125.71.110 - - [25/Nov/2015:13:50:59 -0800] "-" 408 0 "-" "-"
170.75.162.130 - - [25/Nov/2015:13:58:19 -0800] "GET /lib/reccapi.php?resort=mounthoodmeadows HTTP/1.1" 200 1024 "-" "node-superagent/1.4.0"
170.75.162.130 - - [25/Nov/2015:13:58:19 -0800] "GET /lib/reccapi.php?resort=northstar-at-tahoe HTTP/1.1" 200 1044 "-" "node-superagent/1.4.0"
208.65.183.165 - - [25/Nov/2015:13:58:45 -0800] "GET /images/wsis-logo-sm.png HTTP/1.1" 200 6108 "http://www.thebackcountry.net/" "Mozilla/5.0 (Windows NT 6.1; WOW64; Trident/7.0; rv:11.0) like Gecko"
208.65.183.165 - - [25/Nov/2015:13:59:06 -0800] "-" 408 0 "-" "-"
220.181.108.112 - - [25/Nov/2015:13:59:44 -0800] "-" 408 0 "-" "-"
5.9.73.227 - - [25/Nov/2015:14:04:23 -0800] "GET /robots.txt HTTP/1.0" 200 338 "-" "Mozilla/5.0 (compatible; MJ12bot/v1.4.5; http://www.majestic12.co.uk/bot.php?+)"
5.9.73.227 - - [25/Nov/2015:14:04:25 -0800] "GET /robots.txt HTTP/1.0" 200 338 "-" "Mozilla/5.0 (compatible; MJ12bot/v1.4.5; http://www.majestic12.co.uk/bot.php?+)"
159.203.118.35 - - [25/Nov/2015:14:11:48 -0800] "GET / HTTP/1.1" 200 2339 "-" "Go-http-client/1.1"
180.76.15.143 - - [25/Nov/2015:14:12:30 -0800] "GET / HTTP/1.1" 200 2339 "-" "Mozilla/5.0 (Windows NT 5.1; rv:6.0.2) Gecko/20100101 Firefox/6.0.2"
170.75.162.130 - - [25/Nov/2015:14:12:40 -0800] "GET /lib/reccapi.php?resort=coppermountain HTTP/1.1" 200 988 "-" "node-superagent/1.4.0"
170.75.162.130 - - [25/Nov/2015:14:13:00 -0800] "GET /lib/reccapi.php?resort=grandtarghee HTTP/1.1" 200 1151 "-" "node-superagent/1.4.0"
70.196.231.128 - - [25/Nov/2015:14:14:53 -0800] "GET / HTTP/1.1" 200 2376 "-" "Mozilla/5.0 (iPhone; CPU iPhone OS 9_1 like Mac OS X) AppleWebKit/601.1.46 (KHTML, like Gecko) Version/9.0 Mobile/13B143 Safari/601.1"
170.75.162.130 - - [25/Nov/2015:14:22:21 -0800] "GET /lib/reccapi.php?resort=crestedbutte HTTP/1.1" 200 1014 "-" "node-superagent/1.4.0"
170.75.162.130 - - [25/Nov/2015:14:22:21 -0800] "GET /lib/reccapi.php?resort=jacksonhole HTTP/1.1" 200 1054 "-" "node-superagent/1.4.0"
170.75.162.130 - - [25/Nov/2015:14:22:21 -0800] "GET /lib/reccapi.php?resort=devilshead HTTP/1.1" 200 980 "-" "node-superagent/1.4.0"
170.75.162.130 - - [25/Nov/2015:14:22:21 -0800] "GET /lib/reccapi.php?resort=monarch HTTP/1.1" 200 970 "-" "node-superagent/1.4.0"
170.75.162.130 - - [25/Nov/2015:14:22:21 -0800] "GET /lib/reccapi.php?resort=brianhead HTTP/1.1" 200 1144 "-" "node-superagent/1.4.0"
170.75.162.130 - - [25/Nov/2015:14:23:21 -0800] "GET /lib/reccapi.php?resort=solitude HTTP/1.1" 200 1037 "-" "node-superagent/1.4.0"
170.75.162.130 - - [25/Nov/2015:14:23:21 -0800] "GET /lib/reccapi.php?resort=sunvalley HTTP/1.1" 200 1043 "-" "node-superagent/1.4.0"
170.75.162.130 - - [25/Nov/2015:14:28:31 -0800] "GET /lib/reccapi.php?resort=alyeska HTTP/1.1" 200 1025 "-" "node-superagent/1.4.0"
170.75.162.130 - - [25/Nov/2015:14:28:31 -0800] "GET /lib/reccapi.php?resort=telluride HTTP/1.1" 200 975 "-" "node-superagent/1.4.0"
207.46.13.78 - - [25/Nov/2015:14:30:03 -0800] "GET /robots.txt HTTP/1.1" 200 375 "-" "Mozilla/5.0 (compatible; bingbot/2.0; +http://www.bing.com/bingbot.htm)"
207.46.13.78 - - [25/Nov/2015:14:30:12 -0800] "GET /robots.txt HTTP/1.1" 200 419 "-" "Mozilla/5.0 (compatible; bingbot/2.0; +http://www.bing.com/bingbot.htm)"
207.46.13.78 - - [25/Nov/2015:14:30:12 -0800] "GET /robots.txt HTTP/1.1" 200 418 "-" "Mozilla/5.0 (compatible; bingbot/2.0; +http://www.bing.com/bingbot.htm)"
4.15.77.155 - - [25/Nov/2015:14:30:16 -0800] "GET /images/wsis-logo-sm.png HTTP/1.1" 200 6108 "http://www.thebackcountry.net/" "Mozilla/5.0 (iPhone; CPU iPhone OS 9_1 like Mac OS X) AppleWebKit/600.1.4 (KHTML, like Gecko) CriOS/46.0.2490.85 Mobile/13B143 Safari/600.1.4"
108.65.175.23 - - [25/Nov/2015:14:32:03 -0800] "GET /images/wsis-logo-sm.png HTTP/1.1" 200 6108 "http://www.thebackcountry.net/" "Mozilla/5.0 (Macintosh; Intel Mac OS X 10_9_5) AppleWebKit/537.78.2 (KHTML, like Gecko) Version/7.0.6 Safari/537.78.2"
207.46.13.94 - - [25/Nov/2015:14:32:24 -0800] "GET /robots.txt HTTP/1.1" 200 375 "-" "Mozilla/5.0 (compatible; bingbot/2.0; +http://www.bing.com/bingbot.htm)"
170.75.162.130 - - [25/Nov/2015:14:42:23 -0800] "GET /lib/reccapi.php?resort=alta HTTP/1.1" 200 1100 "-" "node-superagent/1.4.0"
170.75.162.130 - - [25/Nov/2015:14:42:23 -0800] "GET /lib/reccapi.php?resort=killington HTTP/1.1" 200 962 "-" "node-superagent/1.4.0"
170.75.162.130 - - [25/Nov/2015:14:42:23 -0800] "GET /lib/reccapi.php?resort=sugarloaf HTTP/1.1" 200 949 "-" "node-superagent/1.4.0"
134.197.154.254 - - [25/Nov/2015:14:46:10 -0800] "GET /images/wsis-logo-sm.png HTTP/1.1" 200 6108 "http://www.thebackcountry.net/" "Mozilla/5.0 (Windows NT 6.1; WOW64) AppleWebKit/537.36 (KHTML, like Gecko) Chrome/41.0.2272.101 Safari/537.36"
123.125.71.81 - - [25/Nov/2015:14:51:37 -0800] "-" 408 0 "-" "-"
107.150.42.186 - - [25/Nov/2015:14:58:20 -0800] "GET / HTTP/1.1" 200 2376 "-" "Mozilla/5.0 (Windows NT 6.1; Trident/7.0; rv:11.0) like Gecko"
180.76.15.143 - - [25/Nov/2015:15:01:46 -0800] "GET / HTTP/1.1" 200 6114 "-" "Mozilla/5.0 (compatible; Baiduspider/2.0; +http://www.baidu.com/search/spider.html)"
220.181.108.76 - - [25/Nov/2015:15:02:01 -0800] "-" 408 0 "-" "-"
199.30.24.130 - - [25/Nov/2015:15:02:18 -0800] "GET /images/wsis-logo-sm.png HTTP/1.1" 200 6052 "http://www.thebackcountry.net/index.html" "Mozilla/5.0 (Windows NT 6.1; WOW64) AppleWebKit/534+ (KHTML, like Gecko) BingPreview/1.0b"
180.76.15.18 - - [25/Nov/2015:15:02:38 -0800] "GET / HTTP/1.1" 200 6114 "-" "Mozilla/5.0 (compatible; Baiduspider/2.0; +http://www.baidu.com/search/spider.html)"
207.46.13.94 - - [25/Nov/2015:15:09:23 -0800] "GET /robots.txt HTTP/1.1" 200 375 "-" "Mozilla/5.0 (compatible; bingbot/2.0; +http://www.bing.com/bingbot.htm)"
207.46.13.94 - - [25/Nov/2015:15:09:46 -0800] "GET /resorts?resort=sugarbush HTTP/1.1" 404 506 "-" "Mozilla/5.0 (compatible; bingbot/2.0; +http://www.bing.com/bingbot.htm)"
207.46.13.94 - - [25/Nov/2015:15:09:46 -0800] "GET /resorts?resort=killington HTTP/1.1" 404 505 "-" "Mozilla/5.0 (compatible; bingbot/2.0; +http://www.bing.com/bingbot.htm)"
96.50.245.158 - - [25/Nov/2015:15:10:06 -0800] "GET /images/wsis-logo-sm.png HTTP/1.1" 200 6108 "http://www.thebackcountry.net/" "Mozilla/5.0 (Windows NT 6.1; WOW64) AppleWebKit/537.36 (KHTML, like Gecko) Chrome/46.0.2490.86 Safari/537.36"
207.46.13.42 - - [25/Nov/2015:15:11:38 -0800] "GET /robots.txt HTTP/1.1" 200 375 "-" "Mozilla/5.0 (compatible; bingbot/2.0; +http://www.bing.com/bingbot.htm)"
207.46.13.42 - - [25/Nov/2015:15:12:21 -0800] "GET /resorts?resort=sierra-at-tahoe&date=2014-11-20 HTTP/1.1" 404 506 "-" "Mozilla/5.0 (compatible; bingbot/2.0; +http://www.bing.com/bingbot.htm)"
207.46.13.42 - - [25/Nov/2015:15:12:21 -0800] "GET / HTTP/1.1" 200 2375 "-" "Mozilla/5.0 (compatible; bingbot/2.0; +http://www.bing.com/bingbot.htm)"
173.252.88.91 - - [25/Nov/2015:15:13:19 -0800] "GET /images/wsis-logo-sm.png HTTP/1.1" 206 6118 "http://www.thebackcountry.net/" "facebookexternalhit/1.1 (+http://www.facebook.com/externalhit_uatext.php)"
173.252.75.116 - - [25/Nov/2015:15:13:20 -0800] "GET /images/wsis-logo-sm.png HTTP/1.1" 200 6108 "-" "facebookexternalhit/1.1 (+http://www.facebook.com/externalhit_uatext.php)"
24.5.179.93 - - [25/Nov/2015:15:15:48 -0800] "GET /images/wsis-logo-sm.png HTTP/1.1" 200 6108 "http://www.thebackcountry.net/" "Mozilla/5.0 (Windows NT 6.1; WOW64) AppleWebKit/537.36 (KHTML, like Gecko) Chrome/46.0.2490.86 Safari/537.36"
170.75.162.130 - - [25/Nov/2015:15:18:56 -0800] "GET /lib/reccapi.php?resort=brighton HTTP/1.1" 200 1045 "-" "node-superagent/1.4.0"
170.75.162.130 - - [25/Nov/2015:15:18:56 -0800] "GET /lib/reccapi.php?resort=canyons HTTP/1.1" 200 1022 "-" "node-superagent/1.4.0"
170.75.162.130 - - [25/Nov/2015:15:18:56 -0800] "GET /lib/reccapi.php?resort=snowbasin HTTP/1.1" 200 1021 "-" "node-superagent/1.4.0"
175.156.83.248 - - [25/Nov/2015:15:20:32 -0800] "POST /tmUnblock.cgi HTTP/1.1" 404 474 "-" "-"
170.75.162.130 - - [25/Nov/2015:15:21:26 -0800] "GET /lib/reccapi.php?resort=kirkwood HTTP/1.1" 200 1047 "-" "node-superagent/1.4.0"
66.249.79.227 - - [25/Nov/2015:15:27:01 -0800] "GET / HTTP/1.1" 200 2376 "-" "Mozilla/5.0 (compatible; Googlebot/2.1; +http://www.google.com/bot.html)"
75.111.107.29 - - [25/Nov/2015:15:37:32 -0800] "GET /images/wsis-logo-sm.png HTTP/1.1" 200 6108 "http://www.thebackcountry.net/" "Mozilla/5.0 (iPhone; CPU iPhone OS 9_1 like Mac OS X) AppleWebKit/601.1.46 (KHTML, like Gecko) Version/9.0 Mobile/13B143 Safari/601.1"
66.220.246.157 - - [25/Nov/2015:15:56:32 -0800] "GET /lib/reccapi.php?resort=aspenmountain HTTP/1.1" 200 971 "-" "node-superagent/1.4.0"
66.220.246.157 - - [25/Nov/2015:15:56:32 -0800] "GET /lib/reccapi.php?resort=buttermilk HTTP/1.1" 200 962 "-" "node-superagent/1.4.0"
66.220.246.157 - - [25/Nov/2015:15:56:32 -0800] "GET /lib/reccapi.php?resort=aspenheights HTTP/1.1" 200 1000 "-" "node-superagent/1.4.0"
66.220.246.157 - - [25/Nov/2015:15:56:32 -0800] "GET /lib/reccapi.php?resort=snowmass HTTP/1.1" 200 953 "-" "node-superagent/1.4.0"
220.181.108.154 - - [25/Nov/2015:15:56:57 -0800] "GET / HTTP/1.1" 200 2339 "-" "Mozilla/5.0 (Windows NT 5.1; rv:6.0.2) Gecko/20100101 Firefox/6.0.2"
220.181.108.147 - - [25/Nov/2015:15:56:58 -0800] "GET / HTTP/1.1" 200 6114 "-" "Mozilla/5.0 (Windows NT 5.1; rv:6.0.2) Gecko/20100101 Firefox/6.0.2"
170.75.162.130 - - [25/Nov/2015:15:57:19 -0800] "GET /lib/reccapi.php?resort=mammothmountain HTTP/1.1" 200 1036 "-" "node-superagent/1.4.0"
170.75.162.130 - - [25/Nov/2015:15:57:19 -0800] "GET /lib/reccapi.php?resort=keystone HTTP/1.1" 200 977 "-" "node-superagent/1.4.0"
170.75.162.130 - - [25/Nov/2015:15:57:19 -0800] "GET /lib/reccapi.php?resort=arapahoebasin HTTP/1.1" 200 1032 "-" "node-superagent/1.4.0"
170.75.162.130 - - [25/Nov/2015:15:58:19 -0800] "GET /lib/reccapi.php?resort=steamboat HTTP/1.1" 200 967 "-" "node-superagent/1.4.0"
170.75.162.130 - - [25/Nov/2015:15:58:19 -0800] "GET /lib/reccapi.php?resort=winterpark HTTP/1.1" 200 1023 "-" "node-superagent/1.4.0"
180.76.15.9 - - [25/Nov/2015:16:02:24 -0800] "GET / HTTP/1.1" 200 6114 "-" "Mozilla/5.0 (compatible; Baiduspider/2.0; +http://www.baidu.com/search/spider.html)"
180.76.15.152 - - [25/Nov/2015:16:03:56 -0800] "GET / HTTP/1.1" 200 6114 "-" "Mozilla/5.0 (compatible; Baiduspider/2.0; +http://www.baidu.com/search/spider.html)"
71.227.175.56 - - [25/Nov/2015:16:07:42 -0800] "GET / HTTP/1.1" 200 2376 "http://www.earnyourturns.com/category/gear/skis/lo-fat/" "Mozilla/5.0 (Macintosh; Intel Mac OS X 10_6_8) AppleWebKit/537.36 (KHTML, like Gecko) Chrome/46.0.2490.86 Safari/537.36"
71.227.175.56 - - [25/Nov/2015:16:07:42 -0800] "GET /styles/0fffd548.main.css HTTP/1.1" 200 19316 "http://whereshouldiski.com/" "Mozilla/5.0 (Macintosh; Intel Mac OS X 10_6_8) AppleWebKit/537.36 (KHTML, like Gecko) Chrome/46.0.2490.86 Safari/537.36"
71.227.175.56 - - [25/Nov/2015:16:07:42 -0800] "GET /scripts/scripts/vendor/modernizr.js HTTP/1.1" 200 4903 "http://whereshouldiski.com/" "Mozilla/5.0 (Macintosh; Intel Mac OS X 10_6_8) AppleWebKit/537.36 (KHTML, like Gecko) Chrome/46.0.2490.86 Safari/537.36"
71.227.175.56 - - [25/Nov/2015:16:07:42 -0800] "GET /bower_components/requirejs/require.js HTTP/1.1" 200 6702 "http://whereshouldiski.com/" "Mozilla/5.0 (Macintosh; Intel Mac OS X 10_6_8) AppleWebKit/537.36 (KHTML, like Gecko) Chrome/46.0.2490.86 Safari/537.36"
71.227.175.56 - - [25/Nov/2015:16:07:42 -0800] "GET /images/logo-sm.png HTTP/1.1" 200 16738 "http://whereshouldiski.com/" "Mozilla/5.0 (Macintosh; Intel Mac OS X 10_6_8) AppleWebKit/537.36 (KHTML, like Gecko) Chrome/46.0.2490.86 Safari/537.36"
71.227.175.56 - - [25/Nov/2015:16:07:42 -0800] "GET /images/loading.gif HTTP/1.1" 200 13881 "http://whereshouldiski.com/" "Mozilla/5.0 (Macintosh; Intel Mac OS X 10_6_8) AppleWebKit/537.36 (KHTML, like Gecko) Chrome/46.0.2490.86 Safari/537.36"
71.227.175.56 - - [25/Nov/2015:16:07:42 -0800] "GET /scripts/fa48e319.main.js HTTP/1.1" 200 123455 "http://whereshouldiski.com/" "Mozilla/5.0 (Macintosh; Intel Mac OS X 10_6_8) AppleWebKit/537.36 (KHTML, like Gecko) Chrome/46.0.2490.86 Safari/537.36"
71.227.175.56 - - [25/Nov/2015:16:07:43 -0800] "GET /images/greyHeader.png HTTP/1.1" 200 508 "http://whereshouldiski.com/styles/0fffd548.main.css" "Mozilla/5.0 (Macintosh; Intel Mac OS X 10_6_8) AppleWebKit/537.36 (KHTML, like Gecko) Chrome/46.0.2490.86 Safari/537.36"
71.227.175.56 - - [25/Nov/2015:16:07:43 -0800] "GET /images/button.png HTTP/1.1" 200 598 "http://whereshouldiski.com/styles/0fffd548.main.css" "Mozilla/5.0 (Macintosh; Intel Mac OS X 10_6_8) AppleWebKit/537.36 (KHTML, like Gecko) Chrome/46.0.2490.86 Safari/537.36"
71.227.175.56 - - [25/Nov/2015:16:07:43 -0800] "GET /lib/reccapi.php?fields=t HTTP/1.1" 200 1890 "http://whereshouldiski.com/" "Mozilla/5.0 (Macintosh; Intel Mac OS X 10_6_8) AppleWebKit/537.36 (KHTML, like Gecko) Chrome/46.0.2490.86 Safari/537.36"
71.227.175.56 - - [25/Nov/2015:16:07:44 -0800] "GET /images/snowflake5.png HTTP/1.1" 200 2857 "http://whereshouldiski.com/styles/0fffd548.main.css" "Mozilla/5.0 (Macintosh; Intel Mac OS X 10_6_8) AppleWebKit/537.36 (KHTML, like Gecko) Chrome/46.0.2490.86 Safari/537.36"
71.227.175.56 - - [25/Nov/2015:16:07:44 -0800] "GET /images/bluebird5.png HTTP/1.1" 200 2177 "http://whereshouldiski.com/styles/0fffd548.main.css" "Mozilla/5.0 (Macintosh; Intel Mac OS X 10_6_8) AppleWebKit/537.36 (KHTML, like Gecko) Chrome/46.0.2490.86 Safari/537.36"
71.227.175.56 - - [25/Nov/2015:16:07:44 -0800] "GET /images/star5.png HTTP/1.1" 200 1783 "http://whereshouldiski.com/styles/0fffd548.main.css" "Mozilla/5.0 (Macintosh; Intel Mac OS X 10_6_8) AppleWebKit/537.36 (KHTML, like Gecko) Chrome/46.0.2490.86 Safari/537.36"
71.227.175.56 - - [25/Nov/2015:16:07:44 -0800] "GET /images/mtns-icon.png HTTP/1.1" 200 1096 "http://whereshouldiski.com/styles/0fffd548.main.css" "Mozilla/5.0 (Macintosh; Intel Mac OS X 10_6_8) AppleWebKit/537.36 (KHTML, like Gecko) Chrome/46.0.2490.86 Safari/537.36"
71.227.175.56 - - [25/Nov/2015:16:07:44 -0800] "GET /images/shading-icon.png HTTP/1.1" 200 536 "http://whereshouldiski.com/styles/0fffd548.main.css" "Mozilla/5.0 (Macintosh; Intel Mac OS X 10_6_8) AppleWebKit/537.36 (KHTML, like Gecko) Chrome/46.0.2490.86 Safari/537.36"
71.227.175.56 - - [25/Nov/2015:16:07:45 -0800] "GET /favicon.ico HTTP/1.1" 200 1475 "http://whereshouldiski.com/" "Mozilla/5.0 (Macintosh; Intel Mac OS X 10_6_8) AppleWebKit/537.36 (KHTML, like Gecko) Chrome/46.0.2490.86 Safari/537.36"
71.227.175.56 - - [25/Nov/2015:16:08:33 -0800] "GET /lib/reccapi.php?fields=t&state=ID HTTP/1.1" 200 1483 "http://whereshouldiski.com/" "Mozilla/5.0 (Macintosh; Intel Mac OS X 10_6_8) AppleWebKit/537.36 (KHTML, like Gecko) Chrome/46.0.2490.86 Safari/537.36"
71.227.175.56 - - [25/Nov/2015:16:08:33 -0800] "GET /images/greenHeader.png HTTP/1.1" 200 508 "http://whereshouldiski.com/styles/0fffd548.main.css" "Mozilla/5.0 (Macintosh; Intel Mac OS X 10_6_8) AppleWebKit/537.36 (KHTML, like Gecko) Chrome/46.0.2490.86 Safari/537.36"
71.227.175.56 - - [25/Nov/2015:16:08:58 -0800] "GET /lib/reccapi.php?fields=t HTTP/1.1" 200 1891 "http://whereshouldiski.com/" "Mozilla/5.0 (Macintosh; Intel Mac OS X 10_6_8) AppleWebKit/537.36 (KHTML, like Gecko) Chrome/46.0.2490.86 Safari/537.36"
127.0.0.1 - - [25/Nov/2015:16:09:09 -0800] "OPTIONS * HTTP/1.0" 200 126 "-" "Apache/2.2.22 (Ubuntu) (internal dummy connection)"
94.102.48.195 - - [25/Nov/2015:16:16:44 -0800] "GET / HTTP/1.0" 200 6114 "-" "masscan/1.0 (https://github.com/robertdavidgraham/masscan)"
66.220.246.157 - - [25/Nov/2015:16:16:48 -0800] "GET /lib/reccapi.php?resort=telluride HTTP/1.1" 200 975 "-" "node-superagent/1.4.0"
66.220.246.157 - - [25/Nov/2015:16:16:48 -0800] "GET /lib/reccapi.php?resort=monarch HTTP/1.1" 200 970 "-" "node-superagent/1.4.0"
66.220.246.157 - - [25/Nov/2015:16:16:48 -0800] "GET /lib/reccapi.php?resort=steamboat HTTP/1.1" 200 967 "-" "node-superagent/1.4.0"
66.220.246.157 - - [25/Nov/2015:16:16:48 -0800] "GET /lib/reccapi.php?resort=loveland HTTP/1.1" 200 1013 "-" "node-superagent/1.4.0"
66.220.246.157 - - [25/Nov/2015:16:16:48 -0800] "GET /lib/reccapi.php?resort=winterpark HTTP/1.1" 200 1023 "-" "node-superagent/1.4.0"
66.220.246.157 - - [25/Nov/2015:16:16:48 -0800] "GET /lib/reccapi.php?resort=crestedbutte HTTP/1.1" 200 1012 "-" "node-superagent/1.4.0"
66.220.246.157 - - [25/Nov/2015:16:16:48 -0800] "GET /lib/reccapi.php?resort=coppermountain HTTP/1.1" 200 987 "-" "node-superagent/1.4.0"
66.220.246.157 - - [25/Nov/2015:16:16:48 -0800] "GET /lib/reccapi.php?resort=keystone HTTP/1.1" 200 977 "-" "node-superagent/1.4.0"
66.220.246.157 - - [25/Nov/2015:16:16:48 -0800] "GET /lib/reccapi.php?resort=arapahoebasin HTTP/1.1" 200 1032 "-" "node-superagent/1.4.0"
127.0.0.1 - - [25/Nov/2015:16:16:49 -0800] "OPTIONS * HTTP/1.0" 200 126 "-" "Apache/2.2.22 (Ubuntu) (internal dummy connection)"
66.220.246.157 - - [25/Nov/2015:16:16:58 -0800] "GET /lib/reccapi.php?resort=brianhead HTTP/1.1" 200 1097 "-" "node-superagent/1.4.0"
66.220.246.157 - - [25/Nov/2015:16:16:58 -0800] "GET /lib/reccapi.php?resort=angelfire HTTP/1.1" 200 972 "-" "node-superagent/1.4.0"
66.220.246.157 - - [25/Nov/2015:16:16:58 -0800] "GET /lib/reccapi.php?resort=alta HTTP/1.1" 200 1047 "-" "node-superagent/1.4.0"
66.220.246.157 - - [25/Nov/2015:16:17:48 -0800] "GET /lib/reccapi.php?resort=crystalmountain HTTP/1.1" 200 966 "-" "node-superagent/1.4.0"
66.220.246.157 - - [25/Nov/2015:16:17:48 -0800] "GET /lib/reccapi.php?resort=mtrose HTTP/1.1" 200 1032 "-" "node-superagent/1.4.0"
66.220.246.157 - - [25/Nov/2015:16:17:48 -0800] "GET /lib/reccapi.php?resort=mountbachelor HTTP/1.1" 200 1063 "-" "node-superagent/1.4.0"
66.220.246.157 - - [25/Nov/2015:16:17:48 -0800] "GET /lib/reccapi.php?resort=sugarbush HTTP/1.1" 200 962 "-" "node-superagent/1.4.0"
66.220.246.157 - - [25/Nov/2015:16:17:48 -0800] "GET /lib/reccapi.php?resort=cannonmountain HTTP/1.1" 200 955 "-" "node-superagent/1.4.0"
66.220.246.157 - - [25/Nov/2015:16:17:48 -0800] "GET /lib/reccapi.php?resort=mountainhigh HTTP/1.1" 200 1031 "-" "node-superagent/1.4.0"
66.220.246.157 - - [25/Nov/2015:16:17:48 -0800] "GET /lib/reccapi.php?resort=sunvalley HTTP/1.1" 200 1045 "-" "node-superagent/1.4.0"
66.220.246.157 - - [25/Nov/2015:16:17:48 -0800] "GET /lib/reccapi.php?resort=grandtarghee HTTP/1.1" 200 1079 "-" "node-superagent/1.4.0"
66.220.246.157 - - [25/Nov/2015:16:17:48 -0800] "GET /lib/reccapi.php?resort=devilshead HTTP/1.1" 200 962 "-" "node-superagent/1.4.0"
66.220.246.157 - - [25/Nov/2015:16:17:48 -0800] "GET /lib/reccapi.php?resort=jaypeak HTTP/1.1" 200 973 "-" "node-superagent/1.4.0"
66.220.246.157 - - [25/Nov/2015:16:17:48 -0800] "GET /lib/reccapi.php?resort=jacksonhole HTTP/1.1" 200 1065 "-" "node-superagent/1.4.0"
66.220.246.157 - - [25/Nov/2015:16:17:48 -0800] "GET /lib/reccapi.php?resort=chinapeak HTTP/1.1" 200 1001 "-" "node-superagent/1.4.0"
107.77.92.75 - - [25/Nov/2015:16:22:59 -0800] "GET /images/wsis-logo-sm.png HTTP/1.1" 200 6108 "http://www.thebackcountry.net/" "Mozilla/5.0 (iPhone; CPU iPhone OS 8_4 like Mac OS X) AppleWebKit/600.1.4 (KHTML, like Gecko) Version/8.0 Mobile/12H143 Safari/600.1.4"
170.75.162.130 - - [25/Nov/2015:16:25:51 -0800] "GET /lib/reccapi.php?resort=squawvalleyusa HTTP/1.1" 200 1039 "-" "node-superagent/1.4.0"
204.154.93.2 - - [25/Nov/2015:16:31:47 -0800] "GET /images/wsis-logo-sm.png HTTP/1.1" 200 6108 "http://www.thebackcountry.net/" "Mozilla/5.0 (Windows NT 6.1; WOW64) AppleWebKit/537.36 (KHTML, like Gecko) Chrome/46.0.2490.86 Safari/537.36"
180.76.15.12 - - [25/Nov/2015:16:37:57 -0800] "GET / HTTP/1.1" 200 6114 "-" "Mozilla/5.0 (compatible; Baiduspider/2.0; +http://www.baidu.com/search/spider.html)"
180.76.15.159 - - [25/Nov/2015:16:38:27 -0800] "GET / HTTP/1.1" 200 6114 "-" "Mozilla/5.0 (compatible; Baiduspider/2.0; +http://www.baidu.com/search/spider.html)"
170.75.162.130 - - [25/Nov/2015:16:40:32 -0800] "GET /lib/reccapi.php?resort=stowe HTTP/1.1" 200 946 "-" "node-superagent/1.4.0"
66.249.74.56 - - [25/Nov/2015:16:40:41 -0800] "GET / HTTP/1.1" 200 2376 "-" "Mozilla/5.0 (compatible; Googlebot/2.1; +http://www.google.com/bot.html)"
123.125.71.72 - - [25/Nov/2015:16:45:32 -0800] "GET / HTTP/1.1" 200 2339 "-" "Mozilla/5.0 (Windows NT 5.1; rv:6.0.2) Gecko/20100101 Firefox/6.0.2"
123.125.71.70 - - [25/Nov/2015:16:45:33 -0800] "GET / HTTP/1.1" 200 6114 "-" "Mozilla/5.0 (Windows NT 5.1; rv:6.0.2) Gecko/20100101 Firefox/6.0.2"
207.151.46.44 - - [25/Nov/2015:16:55:44 -0800] "GET /images/wsis-logo-sm.png HTTP/1.1" 200 6108 "http://www.thebackcountry.net/" "Mozilla/5.0 (Windows NT 6.1) AppleWebKit/537.36 (KHTML, like Gecko) Chrome/46.0.2490.86 Safari/537.36"
220.181.108.159 - - [25/Nov/2015:16:57:20 -0800] "GET / HTTP/1.1" 200 2339 "-" "Mozilla/5.0 (Windows NT 5.1; rv:6.0.2) Gecko/20100101 Firefox/6.0.2"
220.181.108.157 - - [25/Nov/2015:16:57:25 -0800] "GET / HTTP/1.1" 200 6114 "-" "Mozilla/5.0 (Windows NT 5.1; rv:6.0.2) Gecko/20100101 Firefox/6.0.2"
70.90.174.1 - - [25/Nov/2015:16:59:52 -0800] "GET /images/wsis-logo-sm.png HTTP/1.1" 200 6108 "http://www.thebackcountry.net/" "Mozilla/5.0 (Windows NT 6.1; WOW64) AppleWebKit/537.36 (KHTML, like Gecko) Chrome/46.0.2490.86 Safari/537.36"
66.249.79.220 - - [25/Nov/2015:17:03:03 -0800] "GET / HTTP/1.1" 200 2376 "-" "Mozilla/5.0 (iPhone; CPU iPhone OS 8_3 like Mac OS X) AppleWebKit/600.1.4 (KHTML, like Gecko) Version/8.0 Mobile/12F70 Safari/600.1.4 (compatible; Googlebot/2.1; +http://www.google.com/bot.html)"
66.249.79.220 - - [25/Nov/2015:17:03:07 -0800] "GET /lib/reccapi.php?resort=smugglersnotch&date=2015-11-25 HTTP/1.1" 200 1023 "http://whereshouldiski.com/" "Mozilla/5.0 (compatible; Googlebot/2.1; +http://www.google.com/bot.html)"
66.249.79.220 - - [25/Nov/2015:17:03:08 -0800] "GET /lib/resortDataSearchD3.php?size=7&sortDate=T&resort=smugglersnotch&dateStart=2015-11-23 HTTP/1.1" 200 849 "http://whereshouldiski.com/" "Mozilla/5.0 (compatible; Googlebot/2.1; +http://www.google.com/bot.html)"
66.249.79.220 - - [25/Nov/2015:17:03:08 -0800] "GET /lib/reccapi.php?fields=t&date=2015-11-25&coords=44.5051%2C-72.7682&size=7&sort=distance HTTP/1.1" 200 1316 "http://whereshouldiski.com/" "Mozilla/5.0 (compatible; Googlebot/2.1; +http://www.google.com/bot.html)"
66.249.79.220 - - [25/Nov/2015:17:03:12 -0800] "GET /lib/reccapi.php?resort=mountashland&date=2015-11-25 HTTP/1.1" 200 1106 "http://whereshouldiski.com/" "Mozilla/5.0 (compatible; Googlebot/2.1; +http://www.google.com/bot.html)"
66.249.79.220 - - [25/Nov/2015:17:03:13 -0800] "GET /lib/reccapi.php?fields=t&date=2015-11-25&coords=42.09%2C-122.72&size=7&sort=distance HTTP/1.1" 200 1339 "http://whereshouldiski.com/" "Mozilla/5.0 (compatible; Googlebot/2.1; +http://www.google.com/bot.html)"
66.249.79.220 - - [25/Nov/2015:17:03:13 -0800] "GET /lib/resortDataSearchD3.php?size=7&sortDate=T&resort=mountashland&dateStart=2015-11-23 HTTP/1.1" 200 868 "http://whereshouldiski.com/" "Mozilla/5.0 (compatible; Googlebot/2.1; +http://www.google.com/bot.html)"
66.249.79.220 - - [25/Nov/2015:17:03:17 -0800] "GET /lib/reccapi.php?resort=antelopebutte&date=2015-11-22 HTTP/1.1" 200 1005 "http://whereshouldiski.com/" "Mozilla/5.0 (compatible; Googlebot/2.1; +http://www.google.com/bot.html)"
66.249.79.220 - - [25/Nov/2015:17:03:18 -0800] "GET /lib/reccapi.php?fields=t&date=2015-11-22&coords=44.62%2C-107.51&size=7&sort=distance HTTP/1.1" 200 1346 "http://whereshouldiski.com/" "Mozilla/5.0 (compatible; Googlebot/2.1; +http://www.google.com/bot.html)"
66.249.79.220 - - [25/Nov/2015:17:03:19 -0800] "GET /lib/resortDataSearchD3.php?size=7&sortDate=T&resort=antelopebutte&dateStart=2015-11-20 HTTP/1.1" 200 878 "http://whereshouldiski.com/" "Mozilla/5.0 (compatible; Googlebot/2.1; +http://www.google.com/bot.html)"
66.249.79.220 - - [25/Nov/2015:17:03:22 -0800] "GET /lib/reccapi.php?resort=bigwhite&date=2015-11-25 HTTP/1.1" 200 954 "http://whereshouldiski.com/" "Mozilla/5.0 (compatible; Googlebot/2.1; +http://www.google.com/bot.html)"
66.249.79.220 - - [25/Nov/2015:17:03:23 -0800] "GET /lib/reccapi.php?fields=t&date=2015-11-25&coords=49.7219%2C-118.929&size=7&sort=distance HTTP/1.1" 200 1365 "http://whereshouldiski.com/" "Mozilla/5.0 (compatible; Googlebot/2.1; +http://www.google.com/bot.html)"
66.249.79.220 - - [25/Nov/2015:17:03:24 -0800] "GET /lib/resortDataSearchD3.php?size=7&sortDate=T&resort=bigwhite&dateStart=2015-11-23 HTTP/1.1" 200 858 "http://whereshouldiski.com/" "Mozilla/5.0 (compatible; Googlebot/2.1; +http://www.google.com/bot.html)"
66.249.79.220 - - [25/Nov/2015:17:03:27 -0800] "GET /lib/reccapi.php?resort=antelopebutte&date=2015-11-23 HTTP/1.1" 200 1004 "http://whereshouldiski.com/" "Mozilla/5.0 (compatible; Googlebot/2.1; +http://www.google.com/bot.html)"
66.249.79.220 - - [25/Nov/2015:17:03:29 -0800] "GET /lib/reccapi.php?fields=t&date=2015-11-23&coords=44.62%2C-107.51&size=7&sort=distance HTTP/1.1" 200 1319 "http://whereshouldiski.com/" "Mozilla/5.0 (compatible; Googlebot/2.1; +http://www.google.com/bot.html)"
66.249.79.220 - - [25/Nov/2015:17:03:29 -0800] "GET /lib/resortDataSearchD3.php?size=7&sortDate=T&resort=antelopebutte&dateStart=2015-11-21 HTTP/1.1" 200 877 "http://whereshouldiski.com/" "Mozilla/5.0 (compatible; Googlebot/2.1; +http://www.google.com/bot.html)"
66.249.79.220 - - [25/Nov/2015:17:03:32 -0800] "GET /lib/reccapi.php?resort=whitefacemountain&date=2015-11-25 HTTP/1.1" 200 1028 "http://whereshouldiski.com/" "Mozilla/5.0 (compatible; Googlebot/2.1; +http://www.google.com/bot.html)"
66.249.79.220 - - [25/Nov/2015:17:03:33 -0800] "GET /lib/resortDataSearchD3.php?size=7&sortDate=T&resort=whitefacemountain&dateStart=2015-11-23 HTTP/1.1" 200 854 "http://whereshouldiski.com/" "Mozilla/5.0 (compatible; Googlebot/2.1; +http://www.google.com/bot.html)"
66.249.79.220 - - [25/Nov/2015:17:03:33 -0800] "GET /lib/reccapi.php?fields=t&date=2015-11-25&coords=44.3671%2C-73.8868&size=7&sort=distance HTTP/1.1" 200 1329 "http://whereshouldiski.com/" "Mozilla/5.0 (compatible; Googlebot/2.1; +http://www.google.com/bot.html)"
66.249.79.220 - - [25/Nov/2015:17:03:35 -0800] "GET /lib/reccapi.php?resort=alpenglow&date=2015-11-22 HTTP/1.1" 200 1044 "http://whereshouldiski.com/" "Mozilla/5.0 (compatible; Googlebot/2.1; +http://www.google.com/bot.html)"
66.249.79.220 - - [25/Nov/2015:17:03:36 -0800] "GET /lib/reccapi.php?fields=t&date=2015-11-22&coords=61.24%2C-149.5&size=7&sort=distance HTTP/1.1" 200 1300 "http://whereshouldiski.com/" "Mozilla/5.0 (compatible; Googlebot/2.1; +http://www.google.com/bot.html)"
66.249.79.220 - - [25/Nov/2015:17:03:37 -0800] "GET /lib/resortDataSearchD3.php?size=7&sortDate=T&resort=alpenglow&dateStart=2015-11-20 HTTP/1.1" 200 879 "http://whereshouldiski.com/" "Mozilla/5.0 (compatible; Googlebot/2.1; +http://www.google.com/bot.html)"
66.249.79.220 - - [25/Nov/2015:17:03:40 -0800] "GET /lib/reccapi.php?resort=sunpeaksresort&date=2015-11-24 HTTP/1.1" 200 962 "http://whereshouldiski.com/" "Mozilla/5.0 (compatible; Googlebot/2.1; +http://www.google.com/bot.html)"
66.249.79.220 - - [25/Nov/2015:17:03:41 -0800] "GET /lib/reccapi.php?fields=t&date=2015-11-24&coords=50.8939%2C-119.893&size=7&sort=distance HTTP/1.1" 200 1361 "http://whereshouldiski.com/" "Mozilla/5.0 (compatible; Googlebot/2.1; +http://www.google.com/bot.html)"
66.249.79.220 - - [25/Nov/2015:17:03:42 -0800] "GET /lib/resortDataSearchD3.php?size=7&sortDate=T&resort=sunpeaksresort&dateStart=2015-11-22 HTTP/1.1" 200 864 "http://whereshouldiski.com/" "Mozilla/5.0 (compatible; Googlebot/2.1; +http://www.google.com/bot.html)"
66.249.79.220 - - [25/Nov/2015:17:03:45 -0800] "GET /lib/reccapi.php?resort=winterpark&date=2015-11-25 HTTP/1.1" 200 1059 "http://whereshouldiski.com/" "Mozilla/5.0 (compatible; Googlebot/2.1; +http://www.google.com/bot.html)"
66.249.79.220 - - [25/Nov/2015:17:03:46 -0800] "GET /lib/resortDataSearchD3.php?size=7&sortDate=T&resort=winterpark&dateStart=2015-11-23 HTTP/1.1" 200 862 "http://whereshouldiski.com/" "Mozilla/5.0 (compatible; Googlebot/2.1; +http://www.google.com/bot.html)"
66.249.79.220 - - [25/Nov/2015:17:03:47 -0800] "GET /lib/reccapi.php?fields=t&date=2015-11-25&coords=39.88%2C-105.78&size=7&sort=distance HTTP/1.1" 200 1289 "http://whereshouldiski.com/" "Mozilla/5.0 (compatible; Googlebot/2.1; +http://www.google.com/bot.html)"
66.249.79.234 - - [25/Nov/2015:17:03:49 -0800] "GET /lib/reccapi.php?resort=silverstarmountain&date=2015-11-25 HTTP/1.1" 200 967 "http://whereshouldiski.com/" "Mozilla/5.0 (compatible; Googlebot/2.1; +http://www.google.com/bot.html)"
66.249.79.220 - - [25/Nov/2015:17:03:50 -0800] "GET /lib/reccapi.php?fields=t&date=2015-11-25&coords=50.3694%2C-119.064&size=7&sort=distance HTTP/1.1" 200 1363 "http://whereshouldiski.com/" "Mozilla/5.0 (compatible; Googlebot/2.1; +http://www.google.com/bot.html)"
66.249.79.220 - - [25/Nov/2015:17:03:51 -0800] "GET /lib/resortDataSearchD3.php?size=7&sortDate=T&resort=silverstarmountain&dateStart=2015-11-23 HTTP/1.1" 200 853 "http://whereshouldiski.com/" "Mozilla/5.0 (compatible; Googlebot/2.1; +http://www.google.com/bot.html)"
66.249.79.220 - - [25/Nov/2015:17:03:54 -0800] "GET /lib/reccapi.php?resort=cannonmountain&date=2015-11-25 HTTP/1.1" 200 991 "http://whereshouldiski.com/" "Mozilla/5.0 (compatible; Googlebot/2.1; +http://www.google.com/bot.html)"
66.249.79.220 - - [25/Nov/2015:17:03:55 -0800] "GET /lib/reccapi.php?fields=t&date=2015-11-25&coords=44.163%2C-71.698&size=7&sort=distance HTTP/1.1" 200 1302 "http://whereshouldiski.com/" "Mozilla/5.0 (compatible; Googlebot/2.1; +http://www.google.com/bot.html)"
66.249.79.220 - - [25/Nov/2015:17:03:56 -0800] "GET /lib/resortDataSearchD3.php?size=7&sortDate=T&resort=cannonmountain&dateStart=2015-11-23 HTTP/1.1" 200 850 "http://whereshouldiski.com/" "Mozilla/5.0 (compatible; Googlebot/2.1; +http://www.google.com/bot.html)"
66.249.79.220 - - [25/Nov/2015:17:03:58 -0800] "GET /lib/reccapi.php?resort=eaglecrestskiarea&date=2015-11-22 HTTP/1.1" 200 1067 "http://whereshouldiski.com/" "Mozilla/5.0 (compatible; Googlebot/2.1; +http://www.google.com/bot.html)"
66.249.79.220 - - [25/Nov/2015:17:04:00 -0800] "GET /lib/reccapi.php?fields=t&date=2015-11-22&coords=58.27%2C-134.52&size=7&sort=distance HTTP/1.1" 200 1276 "http://whereshouldiski.com/" "Mozilla/5.0 (compatible; Googlebot/2.1; +http://www.google.com/bot.html)"
66.249.79.220 - - [25/Nov/2015:17:04:01 -0800] "GET /lib/resortDataSearchD3.php?size=7&sortDate=T&resort=eaglecrestskiarea&dateStart=2015-11-20 HTTP/1.1" 200 865 "http://whereshouldiski.com/" "Mozilla/5.0 (compatible; Googlebot/2.1; +http://www.google.com/bot.html)"
66.249.79.220 - - [25/Nov/2015:17:04:04 -0800] "GET /lib/reccapi.php?resort=grandtarghee&date=2015-11-21 HTTP/1.1" 200 1024 "http://whereshouldiski.com/" "Mozilla/5.0 (compatible; Googlebot/2.1; +http://www.google.com/bot.html)"
66.249.79.220 - - [25/Nov/2015:17:04:05 -0800] "GET /lib/reccapi.php?fields=t&date=2015-11-21&coords=43.79%2C-110.95&size=7&sort=distance HTTP/1.1" 200 1368 "http://whereshouldiski.com/" "Mozilla/5.0 (compatible; Googlebot/2.1; +http://www.google.com/bot.html)"
66.249.79.220 - - [25/Nov/2015:17:04:06 -0800] "GET /lib/resortDataSearchD3.php?size=7&sortDate=T&resort=grandtarghee&dateStart=2015-11-19 HTTP/1.1" 200 859 "http://whereshouldiski.com/" "Mozilla/5.0 (compatible; Googlebot/2.1; +http://www.google.com/bot.html)"
66.249.79.220 - - [25/Nov/2015:17:04:09 -0800] "GET /lib/reccapi.php?resort=crestedbutte&date=2015-11-25 HTTP/1.1" 200 1048 "http://whereshouldiski.com/" "Mozilla/5.0 (compatible; Googlebot/2.1; +http://www.google.com/bot.html)"
