201.80.85.117 - - [08/Mar/2016:04:49:43 -0800] "GET /images/wsis-logo-sm.png HTTP/1.1" 200 6108 "http://thebackcountry.net/" "Mozilla/5.0 (Windows NT 6.1; WOW64) AppleWebKit/537.36 (KHTML, like Gecko) Chrome/47.0.2526.111 Safari/537.36"
52.33.40.213 - - [08/Mar/2016:04:56:23 -0800] "GET /lib/reccapi.php?resort=aspenmountain HTTP/1.1" 200 1050 "-" "node-superagent/1.4.0"
170.75.162.130 - - [08/Mar/2016:05:02:03 -0800] "GET /lib/reccapi.php?resort=bigwhite HTTP/1.1" 200 929 "-" "node-superagent/1.4.0"
52.33.40.213 - - [08/Mar/2016:05:06:34 -0800] "GET /lib/reccapi.php?resort=parkcity HTTP/1.1" 200 1021 "-" "node-superagent/1.4.0"
170.75.162.130 - - [08/Mar/2016:05:12:45 -0800] "GET /lib/reccapi.php?resort=alyeska HTTP/1.1" 200 998 "-" "node-superagent/1.4.0"
66.249.79.234 - - [08/Mar/2016:05:14:35 -0800] "GET /lib/reccapi.php?resort=kickinghorsemountain&date=2016-02-16 HTTP/1.1" 200 978 "http://whereshouldiski.com/" "Mozilla/5.0 (compatible; Googlebot/2.1; +http://www.google.com/bot.html)"
66.249.79.227 - - [08/Mar/2016:05:14:37 -0800] "GET /lib/reccapi.php?fields=t&date=2016-02-16&coords=51.2892%2C-117.059&size=7&sort=distance HTTP/1.1" 200 1391 "http://whereshouldiski.com/" "Mozilla/5.0 (compatible; Googlebot/2.1; +http://www.google.com/bot.html)"
66.249.79.234 - - [08/Mar/2016:05:14:37 -0800] "GET /lib/resortDataSearchD3.php?size=7&sortDate=T&resort=kickinghorsemountain&dateStart=2016-02-14 HTTP/1.1" 200 877 "http://whereshouldiski.com/" "Mozilla/5.0 (compatible; Googlebot/2.1; +http://www.google.com/bot.html)"
66.249.79.234 - - [08/Mar/2016:05:19:50 -0800] "GET / HTTP/1.1" 200 2615 "-" "Mozilla/5.0 (iPhone; CPU iPhone OS 8_3 like Mac OS X) AppleWebKit/600.1.4 (KHTML, like Gecko) Version/8.0 Mobile/12F70 Safari/600.1.4 (compatible; Googlebot/2.1; +http://www.google.com/bot.html)"
50.232.245.98 - - [08/Mar/2016:05:22:25 -0800] "GET /images/wsis-logo-sm.png HTTP/1.1" 200 6108 "http://www.thebackcountry.net/" "Mozilla/5.0 (Macintosh; Intel Mac OS X 10_10_5) AppleWebKit/537.36 (KHTML, like Gecko) Chrome/48.0.2564.116 Safari/537.36"
52.33.40.213 - - [08/Mar/2016:05:22:34 -0800] "GET /lib/reccapi.php?resort=chinapeak HTTP/1.1" 200 985 "-" "node-superagent/1.4.0"
52.33.40.213 - - [08/Mar/2016:05:22:54 -0800] "GET /lib/reccapi.php?resort=mtrose HTTP/1.1" 200 998 "-" "node-superagent/1.4.0"
52.33.40.213 - - [08/Mar/2016:05:24:04 -0800] "GET /lib/reccapi.php?resort=homewoodmountain HTTP/1.1" 200 1069 "-" "node-superagent/1.4.0"
170.75.162.130 - - [08/Mar/2016:05:24:56 -0800] "GET /lib/reccapi.php?resort=brianhead HTTP/1.1" 200 982 "-" "node-superagent/1.4.0"
66.249.79.227 - - [08/Mar/2016:05:25:05 -0800] "GET /lib/reccapi.php?resort=kickinghorsemountain&date=2016-02-08 HTTP/1.1" 200 975 "http://whereshouldiski.com/" "Mozilla/5.0 (compatible; Googlebot/2.1; +http://www.google.com/bot.html)"
66.249.79.227 - - [08/Mar/2016:05:25:06 -0800] "GET /lib/resortDataSearchD3.php?size=7&sortDate=T&resort=kickinghorsemountain&dateStart=2016-02-06 HTTP/1.1" 200 864 "http://whereshouldiski.com/" "Mozilla/5.0 (compatible; Googlebot/2.1; +http://www.google.com/bot.html)"
66.249.79.227 - - [08/Mar/2016:05:25:07 -0800] "GET /lib/reccapi.php?fields=t&date=2016-02-08&coords=51.2892%2C-117.059&size=7&sort=distance HTTP/1.1" 200 1359 "http://whereshouldiski.com/" "Mozilla/5.0 (compatible; Googlebot/2.1; +http://www.google.com/bot.html)"
66.249.79.220 - - [08/Mar/2016:05:25:07 -0800] "GET /lib/reccapi.php?resort=kickinghorsemountain&date=2016-02-15 HTTP/1.1" 200 976 "http://whereshouldiski.com/" "Mozilla/5.0 (compatible; Googlebot/2.1; +http://www.google.com/bot.html)"
66.249.79.220 - - [08/Mar/2016:05:25:09 -0800] "GET /lib/reccapi.php?fields=t&date=2016-02-15&coords=51.2892%2C-117.059&size=7&sort=distance HTTP/1.1" 200 1381 "http://whereshouldiski.com/" "Mozilla/5.0 (compatible; Googlebot/2.1; +http://www.google.com/bot.html)"
66.249.79.220 - - [08/Mar/2016:05:25:09 -0800] "GET /lib/resortDataSearchD3.php?size=7&sortDate=T&resort=kickinghorsemountain&dateStart=2016-02-13 HTTP/1.1" 200 876 "http://whereshouldiski.com/" "Mozilla/5.0 (compatible; Googlebot/2.1; +http://www.google.com/bot.html)"
180.76.15.31 - - [08/Mar/2016:05:29:10 -0800] "GET / HTTP/1.1" 200 6995 "-" "Mozilla/5.0 (compatible; Baiduspider/2.0; +http://www.baidu.com/search/spider.html)"
170.75.162.130 - - [08/Mar/2016:05:29:36 -0800] "GET /lib/reccapi.php?resort=coppermountain HTTP/1.1" 200 1074 "-" "node-superagent/1.4.0"
180.76.15.135 - - [08/Mar/2016:05:29:57 -0800] "GET / HTTP/1.1" 200 6995 "-" "Mozilla/5.0 (compatible; Baiduspider/2.0; +http://www.baidu.com/search/spider.html)"
66.249.79.220 - - [08/Mar/2016:05:34:13 -0800] "GET /lib/reccapi.php?resort=diamondpeak&date=2016-03-05 HTTP/1.1" 200 1076 "http://whereshouldiski.com/" "Mozilla/5.0 (compatible; Googlebot/2.1; +http://www.google.com/bot.html)"
66.249.79.234 - - [08/Mar/2016:05:34:14 -0800] "GET /lib/resortDataSearchD3.php?size=7&sortDate=T&resort=diamondpeak&dateStart=2016-03-03 HTTP/1.1" 200 861 "http://whereshouldiski.com/" "Mozilla/5.0 (compatible; Googlebot/2.1; +http://www.google.com/bot.html)"
66.249.79.227 - - [08/Mar/2016:05:34:14 -0800] "GET /lib/reccapi.php?fields=t&date=2016-03-05&coords=39.254%2C-119.924&size=7&sort=distance HTTP/1.1" 200 1378 "http://whereshouldiski.com/" "Mozilla/5.0 (compatible; Googlebot/2.1; +http://www.google.com/bot.html)"
69.84.207.246 - - [08/Mar/2016:05:37:45 -0800] "GET / HTTP/1.1" 200 7032 "-" "Mozilla/5.0 (Windows; U; MSIE 9.0; Windows NT 9.0; en-US"
69.84.207.246 - - [08/Mar/2016:05:37:45 -0800] "GET / HTTP/1.1" 200 7032 "-" "Mozilla/5.0 (Windows; U; MSIE 9.0; Windows NT 9.0; en-US"
69.84.207.246 - - [08/Mar/2016:05:37:45 -0800] "GET /about HTTP/1.1" 404 536 "-" "Mozilla/5.0 (Windows; U; MSIE 9.0; Windows NT 9.0; en-US"
52.33.40.213 - - [08/Mar/2016:05:47:46 -0800] "GET /lib/reccapi.php?resort=redlodge HTTP/1.1" 200 1098 "-" "node-superagent/1.4.0"
170.75.162.130 - - [08/Mar/2016:05:52:39 -0800] "GET /lib/reccapi.php?resort=crestedbutte HTTP/1.1" 200 1056 "-" "node-superagent/1.4.0"
170.75.162.130 - - [08/Mar/2016:05:54:39 -0800] "GET /lib/reccapi.php?resort=mountspokane HTTP/1.1" 200 1019 "-" "node-superagent/1.4.0"
170.75.162.130 - - [08/Mar/2016:06:04:40 -0800] "GET /lib/reccapi.php?resort=schweitzer HTTP/1.1" 200 1040 "-" "node-superagent/1.4.0"
170.75.162.130 - - [08/Mar/2016:06:06:51 -0800] "GET /lib/reccapi.php?resort=brighton HTTP/1.1" 200 985 "-" "node-superagent/1.4.0"
170.75.162.130 - - [08/Mar/2016:06:07:20 -0800] "GET /lib/reccapi.php?resort=parkcity HTTP/1.1" 200 1021 "-" "node-superagent/1.4.0"
73.202.180.42 - - [08/Mar/2016:06:07:48 -0800] "GET /images/wsis-logo-sm.png HTTP/1.1" 200 6108 "http://www.thebackcountry.net/" "Mozilla/5.0 (iPhone; CPU iPhone OS 9_2_1 like Mac OS X) AppleWebKit/601.1.46 (KHTML, like Gecko) Version/9.0 Mobile/13D15 Safari/601.1"
217.215.125.4 - - [08/Mar/2016:06:10:30 -0800] "GET /images/wsis-logo-sm.png HTTP/1.1" 200 6108 "http://www.thebackcountry.net/" "Mozilla/5.0 (Macintosh; Intel Mac OS X 10_11_2) AppleWebKit/601.3.9 (KHTML, like Gecko) Version/9.0.2 Safari/601.3.9"
170.75.162.130 - - [08/Mar/2016:06:16:21 -0800] "GET /lib/reccapi.php?resort=snowbird HTTP/1.1" 200 992 "-" "node-superagent/1.4.0"
170.75.162.130 - - [08/Mar/2016:06:18:01 -0800] "GET /lib/reccapi.php?resort=jaypeak HTTP/1.1" 200 983 "-" "node-superagent/1.4.0"
170.75.162.130 - - [08/Mar/2016:06:18:02 -0800] "GET /lib/reccapi.php?resort=madriverglen HTTP/1.1" 200 995 "-" "node-superagent/1.4.0"
170.75.162.130 - - [08/Mar/2016:06:18:02 -0800] "GET /lib/reccapi.php?resort=stowe HTTP/1.1" 200 1001 "-" "node-superagent/1.4.0"
170.75.162.130 - - [08/Mar/2016:06:18:02 -0800] "GET /lib/reccapi.php?resort=sugarbush HTTP/1.1" 200 1014 "-" "node-superagent/1.4.0"
170.75.162.130 - - [08/Mar/2016:06:18:02 -0800] "GET /lib/reccapi.php?resort=wildcatmountain HTTP/1.1" 200 969 "-" "node-superagent/1.4.0"
170.75.162.130 - - [08/Mar/2016:06:18:02 -0800] "GET /lib/reccapi.php?resort=cannonmountain HTTP/1.1" 200 961 "-" "node-superagent/1.4.0"
170.75.162.130 - - [08/Mar/2016:06:20:12 -0800] "GET /lib/reccapi.php?resort=arapahoebasin HTTP/1.1" 200 1099 "-" "node-superagent/1.4.0"
170.75.162.130 - - [08/Mar/2016:06:20:12 -0800] "GET /lib/reccapi.php?resort=grandtarghee HTTP/1.1" 200 1089 "-" "node-superagent/1.4.0"
170.75.162.130 - - [08/Mar/2016:06:20:12 -0800] "GET /lib/reccapi.php?resort=aspenmountain HTTP/1.1" 200 1108 "-" "node-superagent/1.4.0"
170.75.162.130 - - [08/Mar/2016:06:20:12 -0800] "GET /lib/reccapi.php?resort=aspenheights HTTP/1.1" 200 1077 "-" "node-superagent/1.4.0"
170.75.162.130 - - [08/Mar/2016:06:20:12 -0800] "GET /lib/reccapi.php?resort=jacksonhole HTTP/1.1" 200 1089 "-" "node-superagent/1.4.0"
170.75.162.130 - - [08/Mar/2016:06:20:13 -0800] "GET /lib/reccapi.php?resort=monarch HTTP/1.1" 200 1025 "-" "node-superagent/1.4.0"
170.75.162.130 - - [08/Mar/2016:06:20:13 -0800] "GET /lib/reccapi.php?resort=loveland HTTP/1.1" 200 1093 "-" "node-superagent/1.4.0"
170.75.162.130 - - [08/Mar/2016:06:21:12 -0800] "GET /lib/reccapi.php?resort=snowbasin HTTP/1.1" 200 1015 "-" "node-superagent/1.4.0"
170.75.162.130 - - [08/Mar/2016:06:21:12 -0800] "GET /lib/reccapi.php?resort=snowmass HTTP/1.1" 200 1048 "-" "node-superagent/1.4.0"
170.75.162.130 - - [08/Mar/2016:06:21:12 -0800] "GET /lib/reccapi.php?resort=solitude HTTP/1.1" 200 984 "-" "node-superagent/1.4.0"
170.75.162.130 - - [08/Mar/2016:06:21:12 -0800] "GET /lib/reccapi.php?resort=stevenspass HTTP/1.1" 200 1058 "-" "node-superagent/1.4.0"
170.75.162.130 - - [08/Mar/2016:06:21:13 -0800] "GET /lib/reccapi.php?resort=telluride HTTP/1.1" 200 1057 "-" "node-superagent/1.4.0"
52.33.40.213 - - [08/Mar/2016:06:22:27 -0800] "GET /lib/reccapi.php?resort=bigsky HTTP/1.1" 200 1074 "-" "node-superagent/1.4.0"
52.33.40.213 - - [08/Mar/2016:06:22:37 -0800] "GET /lib/reccapi.php?resort=jaypeak HTTP/1.1" 200 983 "-" "node-superagent/1.4.0"
170.75.162.130 - - [08/Mar/2016:06:24:42 -0800] "GET /lib/reccapi.php?resort=crystalmountain HTTP/1.1" 200 1065 "-" "node-superagent/1.4.0"
66.249.79.234 - - [08/Mar/2016:06:25:59 -0800] "GET /scripts/scripts/vendor/modernizr.js HTTP/1.1" 200 4903 "http://whereshouldiski.com/" "Mozilla/5.0 (compatible; Googlebot/2.1; +http://www.google.com/bot.html)"
66.249.79.234 - - [08/Mar/2016:06:26:01 -0800] "GET /lib/reccapi.php?resort=crystalmountain&date=2016-03-11 HTTP/1.1" 200 1006 "http://whereshouldiski.com/" "Mozilla/5.0 (compatible; Googlebot/2.1; +http://www.google.com/bot.html)"
66.249.79.220 - - [08/Mar/2016:06:26:02 -0800] "GET /lib/reccapi.php?fields=t&date=2016-03-11&coords=46.92%2C-121.49&size=7&sort=distance HTTP/1.1" 200 1398 "http://whereshouldiski.com/" "Mozilla/5.0 (compatible; Googlebot/2.1; +http://www.google.com/bot.html)"
66.249.79.227 - - [08/Mar/2016:06:26:03 -0800] "GET /lib/resortDataSearchD3.php?size=7&sortDate=T&resort=crystalmountain&dateStart=2016-03-09 HTTP/1.1" 200 701 "http://whereshouldiski.com/" "Mozilla/5.0 (compatible; Googlebot/2.1; +http://www.google.com/bot.html)"
50.137.194.137 - - [08/Mar/2016:06:28:00 -0800] "GET /images/wsis-logo-sm.png HTTP/1.1" 200 6108 "http://www.thebackcountry.net/" "Mozilla/5.0 (Windows NT 5.1; rv:44.0) Gecko/20100101 Firefox/44.0"
180.76.15.149 - - [08/Mar/2016:06:28:55 -0800] "GET / HTTP/1.1" 200 6995 "-" "Mozilla/5.0 (compatible; Baiduspider/2.0; +http://www.baidu.com/search/spider.html)"
180.76.15.13 - - [08/Mar/2016:06:29:46 -0800] "GET / HTTP/1.1" 200 6995 "-" "Mozilla/5.0 (compatible; Baiduspider/2.0; +http://www.baidu.com/search/spider.html)"
170.75.162.130 - - [08/Mar/2016:06:31:04 -0800] "GET /lib/reccapi.php?resort=silverstarmountain HTTP/1.1" 200 936 "-" "node-superagent/1.4.0"
157.55.39.189 - - [08/Mar/2016:06:44:11 -0800] "GET / HTTP/1.1" 200 2615 "-" "Mozilla/5.0 (compatible; bingbot/2.0; +http://www.bing.com/bingbot.htm)"
54.159.78.53 - - [08/Mar/2016:06:45:56 -0800] "HEAD / HTTP/1.1" 200 291 "-" "Cloud mapping experiment. Contact research@pdrlabs.net"
52.33.40.213 - - [08/Mar/2016:06:45:58 -0800] "GET /lib/reccapi.php?resort=northstar-at-tahoe HTTP/1.1" 200 1043 "-" "node-superagent/1.4.0"
52.33.40.213 - - [08/Mar/2016:06:46:28 -0800] "GET /lib/reccapi.php?resort=telluride HTTP/1.1" 200 1057 "-" "node-superagent/1.4.0"
52.33.40.213 - - [08/Mar/2016:06:46:28 -0800] "GET /lib/reccapi.php?resort=sierra-at-tahoe HTTP/1.1" 200 1033 "-" "node-superagent/1.4.0"
52.33.40.213 - - [08/Mar/2016:06:46:28 -0800] "GET /lib/reccapi.php?resort=snowmass HTTP/1.1" 200 1048 "-" "node-superagent/1.4.0"
52.33.40.213 - - [08/Mar/2016:06:46:28 -0800] "GET /lib/reccapi.php?resort=buttermilk HTTP/1.1" 200 1083 "-" "node-superagent/1.4.0"
52.33.40.213 - - [08/Mar/2016:06:46:28 -0800] "GET /lib/reccapi.php?resort=aspenheights HTTP/1.1" 200 1077 "-" "node-superagent/1.4.0"
52.33.40.213 - - [08/Mar/2016:06:46:48 -0800] "GET /lib/reccapi.php?resort=solitude HTTP/1.1" 200 984 "-" "node-superagent/1.4.0"
52.33.40.213 - - [08/Mar/2016:06:46:48 -0800] "GET /lib/reccapi.php?resort=deervalley HTTP/1.1" 200 985 "-" "node-superagent/1.4.0"
52.33.40.213 - - [08/Mar/2016:07:00:59 -0800] "GET /lib/reccapi.php?resort=brighton HTTP/1.1" 200 985 "-" "node-superagent/1.4.0"
52.33.40.213 - - [08/Mar/2016:07:02:59 -0800] "GET /lib/reccapi.php?resort=steamboat HTTP/1.1" 200 1041 "-" "node-superagent/1.4.0"
170.75.162.130 - - [08/Mar/2016:07:03:38 -0800] "GET /lib/reccapi.php?resort=mountbachelor HTTP/1.1" 200 1069 "-" "node-superagent/1.4.0"
71.140.31.214 - - [08/Mar/2016:07:08:08 -0800] "GET /images/wsis-logo-sm.png HTTP/1.1" 200 6108 "http://thebackcountry.net/" "Mozilla/4.0 (compatible; MSIE 8.0; Windows NT 5.1; Trident/4.0; .NET CLR 2.0.50727; .NET CLR 3.0.4506.2152; .NET CLR 3.5.30729; 786908940603; Build/14.08001)"
66.249.79.220 - - [08/Mar/2016:07:09:57 -0800] "GET /styles/ee08faa9.main.css HTTP/1.1" 200 19447 "-" "Mozilla/5.0 (compatible; Googlebot/2.1; +http://www.google.com/bot.html)"
66.249.79.220 - - [08/Mar/2016:07:10:00 -0800] "GET /bower_components/requirejs/require.js HTTP/1.1" 200 6701 "-" "Mozilla/5.0 (compatible; Googlebot/2.1; +http://www.google.com/bot.html)"
66.249.79.227 - - [08/Mar/2016:07:10:03 -0800] "GET /lib/reccapi.php?resort=alpenglow&date=2016-01-28 HTTP/1.1" 200 1002 "http://whereshouldiski.com/" "Mozilla/5.0 (compatible; Googlebot/2.1; +http://www.google.com/bot.html)"
66.249.79.227 - - [08/Mar/2016:07:10:04 -0800] "GET /lib/resortDataSearchD3.php?size=7&sortDate=T&resort=alpenglow&dateStart=2016-01-26 HTTP/1.1" 200 880 "http://whereshouldiski.com/" "Mozilla/5.0 (compatible; Googlebot/2.1; +http://www.google.com/bot.html)"
66.249.79.227 - - [08/Mar/2016:07:10:04 -0800] "GET /lib/reccapi.php?fields=t&date=2016-01-28&coords=61.24%2C-149.5&size=7&sort=distance HTTP/1.1" 200 1357 "http://whereshouldiski.com/" "Mozilla/5.0 (compatible; Googlebot/2.1; +http://www.google.com/bot.html)"
185.25.151.159 - - [08/Mar/2016:07:15:42 -0800] "GET http://testp1.piwo.pila.pl/testproxy.php HTTP/1.1" 404 448 "-" "Mozilla/5.0 (Windows NT 5.1; rv:32.0) Gecko/20100101 Firefox/31.0"
170.75.162.130 - - [08/Mar/2016:07:16:38 -0800] "GET /lib/reccapi.php?resort=buttermilk HTTP/1.1" 200 1086 "-" "node-superagent/1.4.0"
170.75.162.130 - - [08/Mar/2016:07:17:28 -0800] "GET /lib/reccapi.php?resort=mounthoodmeadows HTTP/1.1" 200 1065 "-" "node-superagent/1.4.0"
178.137.86.150 - - [08/Mar/2016:07:26:59 -0800] "GET / HTTP/1.1" 200 6976 "http://bio.trade-jp.net/" "Mozilla/4.61 [en] (X11; U; ) - BrowseX (2.0.0 Windows)"
178.137.86.150 - - [08/Mar/2016:07:27:00 -0800] "GET / HTTP/1.1" 200 6976 "http://bio.trade-jp.net/" "Mozilla/4.61 [en] (X11; U; ) - BrowseX (2.0.0 Windows)"
180.76.15.31 - - [08/Mar/2016:07:31:32 -0800] "GET / HTTP/1.1" 200 6995 "-" "Mozilla/5.0 (compatible; Baiduspider/2.0; +http://www.baidu.com/search/spider.html)"
180.76.15.23 - - [08/Mar/2016:07:32:31 -0800] "GET / HTTP/1.1" 200 6995 "-" "Mozilla/5.0 (compatible; Baiduspider/2.0; +http://www.baidu.com/search/spider.html)"
66.249.79.227 - - [08/Mar/2016:07:34:29 -0800] "GET /lib/reccapi.php?resort=crystalmountain&date=2016-03-05 HTTP/1.1" 200 1101 "http://whereshouldiski.com/" "Mozilla/5.0 (compatible; Googlebot/2.1; +http://www.google.com/bot.html)"
66.249.79.220 - - [08/Mar/2016:07:34:30 -0800] "GET /lib/resortDataSearchD3.php?size=7&sortDate=T&resort=crystalmountain&dateStart=2016-03-03 HTTP/1.1" 200 877 "http://whereshouldiski.com/" "Mozilla/5.0 (compatible; Googlebot/2.1; +http://www.google.com/bot.html)"
66.249.79.220 - - [08/Mar/2016:07:34:34 -0800] "GET /lib/reccapi.php?fields=t&date=2016-03-05&coords=46.92%2C-121.49&size=7&sort=distance HTTP/1.1" 200 1362 "http://whereshouldiski.com/" "Mozilla/5.0 (compatible; Googlebot/2.1; +http://www.google.com/bot.html)"
52.33.40.213 - - [08/Mar/2016:08:00:12 -0800] "GET /lib/reccapi.php?resort=alpinemeadows HTTP/1.1" 200 1056 "-" "node-superagent/1.4.0"
188.42.225.214 - - [08/Mar/2016:08:00:31 -0800] "HEAD / HTTP/1.0" 200 310 "-" "-"
52.11.197.45 - - [08/Mar/2016:08:01:25 -0800] "GET / HTTP/1.1" 200 2578 "-" "WWW-Mechanize/1.73"
52.11.197.45 - - [08/Mar/2016:08:01:25 -0800] "GET / HTTP/1.1" 200 2578 "http://www.ccigruppe.com/dokumente/sverige.html" "Mozilla/5.0 (X11; Ubuntu; Linux x86_64; rv:20.0) Gecko/20100101 Firefox/20.0"
52.11.197.45 - - [08/Mar/2016:08:01:25 -0800] "GET /about HTTP/1.1" 404 472 "http://www.whereshouldiski.com" "Mozilla/5.0 (X11; Ubuntu; Linux x86_64; rv:20.0) Gecko/20100101 Firefox/20.0"
52.11.197.45 - - [08/Mar/2016:08:01:25 -0800] "GET /about HTTP/1.1" 404 472 "http://www.whereshouldiski.com" "Mozilla/5.0 (X11; Ubuntu; Linux x86_64; rv:20.0) Gecko/20100101 Firefox/20.0"
52.33.40.213 - - [08/Mar/2016:08:02:12 -0800] "GET /lib/reccapi.php?resort=squawvalleyusa HTTP/1.1" 200 1040 "-" "node-superagent/1.4.0"
170.75.162.130 - - [08/Mar/2016:08:06:24 -0800] "GET /lib/reccapi.php?resort=sunvalley HTTP/1.1" 200 1064 "-" "node-superagent/1.4.0"
170.75.162.130 - - [08/Mar/2016:08:09:05 -0800] "GET /lib/reccapi.php?resort=taos HTTP/1.1" 200 1054 "-" "node-superagent/1.4.0"
170.75.162.130 - - [08/Mar/2016:08:09:05 -0800] "GET /lib/reccapi.php?resort=angelfire HTTP/1.1" 200 1069 "-" "node-superagent/1.4.0"
170.75.162.130 - - [08/Mar/2016:08:10:24 -0800] "GET /lib/reccapi.php?resort=squawvalleyusa HTTP/1.1" 200 1040 "-" "node-superagent/1.4.0"
52.33.40.213 - - [08/Mar/2016:08:19:33 -0800] "GET /lib/reccapi.php?resort=arapahoebasin HTTP/1.1" 200 1100 "-" "node-superagent/1.4.0"
52.33.40.213 - - [08/Mar/2016:08:19:53 -0800] "GET /lib/reccapi.php?resort=coppermountain HTTP/1.1" 200 1075 "-" "node-superagent/1.4.0"
99.161.172.92 - - [08/Mar/2016:08:21:02 -0800] "GET /images/wsis-logo-sm.png HTTP/1.1" 200 6108 "http://www.thebackcountry.net/" "Mozilla/5.0 (iPhone; CPU iPhone OS 8_3 like Mac OS X) AppleWebKit/600.1.4 (KHTML, like Gecko) Version/8.0 Mobile/12F70 Safari/600.1.4"
61.161.130.241 - - [08/Mar/2016:08:24:36 -0800] "GET /manager/html HTTP/1.1" 404 470 "-" "Mozilla/5.0 (compatible; MSIE 10.0; Windows NT 6.2; WOW64; Trident/6.0)"
180.76.15.18 - - [08/Mar/2016:08:28:04 -0800] "GET / HTTP/1.1" 200 6995 "-" "Mozilla/5.0 (compatible; Baiduspider/2.0; +http://www.baidu.com/search/spider.html)"
180.76.15.155 - - [08/Mar/2016:08:28:53 -0800] "GET / HTTP/1.1" 200 6995 "-" "Mozilla/5.0 (compatible; Baiduspider/2.0; +http://www.baidu.com/search/spider.html)"
209.204.153.236 - - [08/Mar/2016:08:31:17 -0800] "GET /images/wsis-logo-sm.png HTTP/1.1" 200 6108 "http://www.thebackcountry.net/" "Mozilla/5.0 (Windows NT 6.1; Trident/7.0; rv:11.0) like Gecko"
52.33.40.213 - - [08/Mar/2016:08:33:24 -0800] "GET /lib/reccapi.php?resort=alta HTTP/1.1" 200 981 "-" "node-superagent/1.4.0"
170.75.162.130 - - [08/Mar/2016:08:35:17 -0800] "GET /lib/reccapi.php?resort=killington HTTP/1.1" 200 1010 "-" "node-superagent/1.4.0"
52.33.40.213 - - [08/Mar/2016:08:37:34 -0800] "GET /lib/reccapi.php?resort=sugarbowl HTTP/1.1" 200 1022 "-" "node-superagent/1.4.0"
97.93.189.235 - - [08/Mar/2016:08:37:59 -0800] "GET /images/wsis-logo-sm.png HTTP/1.1" 200 6108 "http://thebackcountry.net/" "Mozilla/5.0 (iPhone; CPU iPhone OS 9_2_1 like Mac OS X) AppleWebKit/601.1.46 (KHTML, like Gecko) Version/9.0 Mobile/13D15 Safari/601.1"
52.33.40.213 - - [08/Mar/2016:08:40:14 -0800] "GET /lib/reccapi.php?resort=mounthoodmeadows HTTP/1.1" 200 1065 "-" "node-superagent/1.4.0"
52.33.40.213 - - [08/Mar/2016:08:41:14 -0800] "GET /lib/reccapi.php?resort=brianhead HTTP/1.1" 200 983 "-" "node-superagent/1.4.0"
50.137.194.137 - - [08/Mar/2016:08:41:52 -0800] "GET /images/wsis-logo-sm.png HTTP/1.1" 200 6108 "http://www.thebackcountry.net/" "Mozilla/5.0 (Windows NT 5.1; rv:44.0) Gecko/20100101 Firefox/44.0"
170.75.162.130 - - [08/Mar/2016:08:46:20 -0800] "GET /lib/reccapi.php?resort=homewoodmountain HTTP/1.1" 200 1069 "-" "node-superagent/1.4.0"
71.83.111.235 - - [08/Mar/2016:08:58:31 -0800] "GET /images/wsis-logo-sm.png HTTP/1.1" 200 6108 "http://www.thebackcountry.net/" "Mozilla/5.0 (Windows NT 6.3; WOW64) AppleWebKit/537.36 (KHTML, like Gecko) Chrome/48.0.2564.116 Safari/537.36"
71.140.31.214 - - [08/Mar/2016:08:59:23 -0800] "GET /images/wsis-logo-sm.png HTTP/1.1" 200 6108 "http://thebackcountry.net/" "Mozilla/4.0 (compatible; MSIE 8.0; Windows NT 5.1; Trident/4.0; .NET CLR 2.0.50727; .NET CLR 3.0.4506.2152; .NET CLR 3.5.30729; 786908940603; Build/14.08001)"
52.33.40.213 - - [08/Mar/2016:09:10:56 -0800] "GET /lib/reccapi.php?resort=killington HTTP/1.1" 200 1011 "-" "node-superagent/1.4.0"
52.33.40.213 - - [08/Mar/2016:09:13:46 -0800] "GET /lib/reccapi.php?resort=taos HTTP/1.1" 200 1053 "-" "node-superagent/1.4.0"
52.33.40.213 - - [08/Mar/2016:09:13:46 -0800] "GET /lib/reccapi.php?resort=grandtarghee HTTP/1.1" 200 1096 "-" "node-superagent/1.4.0"
52.33.40.213 - - [08/Mar/2016:09:13:46 -0800] "GET /lib/reccapi.php?resort=jacksonhole HTTP/1.1" 200 1120 "-" "node-superagent/1.4.0"
52.33.40.213 - - [08/Mar/2016:09:13:46 -0800] "GET /lib/reccapi.php?resort=sunvalley HTTP/1.1" 200 1064 "-" "node-superagent/1.4.0"
75.111.111.120 - - [08/Mar/2016:09:15:02 -0800] "GET /images/wsis-logo-sm.png HTTP/1.1" 200 6108 "http://www.thebackcountry.net/" "Mozilla/5.0 (Macintosh; Intel Mac OS X 10_11_3) AppleWebKit/537.36 (KHTML, like Gecko) Chrome/48.0.2564.116 Safari/537.36"
75.111.111.120 - - [08/Mar/2016:09:15:23 -0800] "-" 408 0 "-" "-"
38.107.217.2 - - [08/Mar/2016:09:16:35 -0800] "GET /images/wsis-logo-sm.png HTTP/1.1" 200 6108 "http://www.thebackcountry.net/" "Mozilla/5.0 (iPad; CPU OS 9_2_1 like Mac OS X) AppleWebKit/601.1 (KHTML, like Gecko) CriOS/48.0.2564.104 Mobile/13D15 Safari/601.1.46"
38.122.132.210 - - [08/Mar/2016:09:19:14 -0800] "GET /images/wsis-logo-sm.png HTTP/1.1" 200 6108 "http://www.thebackcountry.net/" "Mozilla/5.0 (Macintosh; Intel Mac OS X 10.11; rv:44.0) Gecko/20100101 Firefox/44.0"
52.33.40.213 - - [08/Mar/2016:09:20:46 -0800] "GET /lib/reccapi.php?resort=keystone HTTP/1.1" 200 1049 "-" "node-superagent/1.4.0"
201.77.77.156 - - [08/Mar/2016:09:25:40 -0800] "GET /images/wsis-logo-sm.png HTTP/1.1" 200 6108 "http://www.thebackcountry.net/" "Mozilla/5.0 (Linux; Android 5.0.2; SAMSUNG SM-A500M Build/LRX22G) AppleWebKit/537.36 (KHTML, like Gecko) SamsungBrowser/3.3 Chrome/38.0.2125.102 Mobile Safari/537.36"
180.76.15.30 - - [08/Mar/2016:09:29:36 -0800] "GET / HTTP/1.1" 200 6995 "-" "Mozilla/5.0 (compatible; Baiduspider/2.0; +http://www.baidu.com/search/spider.html)"
66.249.79.234 - - [08/Mar/2016:09:30:07 -0800] "GET /scripts/fa48e319.main.js HTTP/1.1" 200 123456 "-" "Mozilla/5.0 (compatible; Googlebot/2.1; +http://www.google.com/bot.html)"
66.249.79.220 - - [08/Mar/2016:09:30:09 -0800] "GET /lib/reccapi.php?resort=alpenglow&date=2016-01-29 HTTP/1.1" 200 1009 "http://whereshouldiski.com/" "Mozilla/5.0 (compatible; Googlebot/2.1; +http://www.google.com/bot.html)"
66.249.79.220 - - [08/Mar/2016:09:30:11 -0800] "GET /lib/resortDataSearchD3.php?size=7&sortDate=T&resort=alpenglow&dateStart=2016-01-27 HTTP/1.1" 200 875 "http://whereshouldiski.com/" "Mozilla/5.0 (compatible; Googlebot/2.1; +http://www.google.com/bot.html)"
66.249.79.220 - - [08/Mar/2016:09:30:12 -0800] "GET /lib/reccapi.php?fields=t&date=2016-01-29&coords=61.24%2C-149.5&size=7&sort=distance HTTP/1.1" 200 1341 "http://whereshouldiski.com/" "Mozilla/5.0 (compatible; Googlebot/2.1; +http://www.google.com/bot.html)"
180.76.15.5 - - [08/Mar/2016:09:30:26 -0800] "GET / HTTP/1.1" 200 6995 "-" "Mozilla/5.0 (compatible; Baiduspider/2.0; +http://www.baidu.com/search/spider.html)"
123.125.71.52 - - [08/Mar/2016:09:31:00 -0800] "GET / HTTP/1.1" 200 2578 "-" "Mozilla/5.0 (Windows NT 5.1; rv:6.0.2) Gecko/20100101 Firefox/6.0.2"
123.125.71.56 - - [08/Mar/2016:09:31:01 -0800] "GET / HTTP/1.1" 200 6995 "-" "Mozilla/5.0 (Windows NT 5.1; rv:6.0.2) Gecko/20100101 Firefox/6.0.2"
199.16.156.125 - - [08/Mar/2016:09:31:41 -0800] "GET /robots.txt HTTP/1.1" 200 363 "-" "Twitterbot/1.0"
199.16.156.125 - - [08/Mar/2016:09:31:41 -0800] "GET / HTTP/1.1" 200 2559 "-" "Twitterbot/1.0"
199.16.156.126 - - [08/Mar/2016:09:31:42 -0800] "GET /recommendations HTTP/1.1" 404 450 "-" "Twitterbot/1.0"
180.76.15.150 - - [08/Mar/2016:09:33:26 -0800] "GET /#/resort/catamount/2016-02-11 HTTP/1.1" 200 2578 "-" "Mozilla/5.0 (compatible; Baiduspider/2.0; +http://www.baidu.com/search/spider.html)"
79.116.28.250 - - [08/Mar/2016:09:33:28 -0800] "GET / HTTP/1.1" 200 7032 "-" "Java/1.6.0_04"
79.116.28.250 - - [08/Mar/2016:09:33:28 -0800] "GET /about HTTP/1.1" 404 531 "-" "Java/1.6.0_04"
79.116.28.250 - - [08/Mar/2016:09:33:28 -0800] "GET /images/logo-square-white-sm.png HTTP/1.1" 200 1684 "-" "Java/1.6.0_04"
79.116.28.250 - - [08/Mar/2016:09:33:29 -0800] "GET //platform.twitter.com/widgets.js HTTP/1.1" 404 553 "-" "Java/1.6.0_04"
79.116.28.250 - - [08/Mar/2016:09:33:29 -0800] "GET /bower_components/requirejs/require.js HTTP/1.1" 200 17184 "-" "Java/1.6.0_04"
79.116.28.250 - - [08/Mar/2016:09:33:30 -0800] "GET /scripts/scripts/vendor/modernizr.js HTTP/1.1" 200 11434 "-" "Java/1.6.0_04"
79.116.28.250 - - [08/Mar/2016:09:33:30 -0800] "GET /scripts/scripts/vendor/)||!a.HTMLDataListElement)),E}( HTTP/1.1" 404 576 "-" "Java/1.6.0_04"
79.116.28.250 - - [08/Mar/2016:09:33:30 -0800] "GET /https://fonts.googleapis.com/css?family=Alegreya+Sans+SC|Permanent+Marker HTTP/1.1" 404 532 "-" "Java/1.6.0_04"
79.116.28.250 - - [08/Mar/2016:09:33:31 -0800] "GET /https://twitter.com/WhereShouldISki HTTP/1.1" 404 532 "-" "Java/1.6.0_04"
79.116.28.250 - - [08/Mar/2016:09:33:31 -0800] "GET /https://www.facebook.com/WhereShouldiSki HTTP/1.1" 404 532 "-" "Java/1.6.0_04"
79.116.28.250 - - [08/Mar/2016:09:33:32 -0800] "GET /bower_components/requirejs/\\nhttp://requirejs.org/docs/errors.html HTTP/1.1" 404 532 "-" "Java/1.6.0_04"
127.0.0.1 - - [08/Mar/2016:09:33:37 -0800] "OPTIONS * HTTP/1.0" 200 126 "-" "Apache/2.2.22 (Ubuntu) (internal dummy connection)"
127.0.0.1 - - [08/Mar/2016:09:33:38 -0800] "OPTIONS * HTTP/1.0" 200 126 "-" "Apache/2.2.22 (Ubuntu) (internal dummy connection)"
127.0.0.1 - - [08/Mar/2016:09:33:39 -0800] "OPTIONS * HTTP/1.0" 200 126 "-" "Apache/2.2.22 (Ubuntu) (internal dummy connection)"
209.33.83.171 - - [08/Mar/2016:09:35:15 -0800] "GET /images/wsis-logo-sm.png HTTP/1.1" 200 6108 "http://www.thebackcountry.net/" "Mozilla/5.0 (Windows NT 6.1; WOW64; Trident/7.0; rv:11.0) like Gecko"
199.188.233.5 - - [08/Mar/2016:09:45:53 -0800] "GET /images/wsis-logo-sm.png HTTP/1.1" 200 6108 "http://www.thebackcountry.net/" "Mozilla/5.0 (Windows NT 6.1; WOW64) AppleWebKit/537.36 (KHTML, like Gecko) Chrome/48.0.2564.116 Safari/537.36"
52.33.40.213 - - [08/Mar/2016:09:54:17 -0800] "GET /lib/reccapi.php?resort=aspenmountain HTTP/1.1" 200 1086 "-" "node-superagent/1.4.0"
52.33.40.213 - - [08/Mar/2016:09:54:17 -0800] "GET /lib/reccapi.php?resort=mammothmountain HTTP/1.1" 200 1016 "-" "node-superagent/1.4.0"
52.33.40.213 - - [08/Mar/2016:09:54:18 -0800] "GET /lib/reccapi.php?resort=snowbird HTTP/1.1" 200 991 "-" "node-superagent/1.4.0"
170.75.162.130 - - [08/Mar/2016:09:55:01 -0800] "GET /lib/reccapi.php?resort=northstar-at-tahoe HTTP/1.1" 200 1012 "-" "node-superagent/1.4.0"
52.33.40.213 - - [08/Mar/2016:09:55:28 -0800] "GET /lib/reccapi.php?resort=heavenly HTTP/1.1" 200 1004 "-" "node-superagent/1.4.0"
52.33.40.213 - - [08/Mar/2016:09:55:28 -0800] "GET /lib/reccapi.php?resort=kirkwood HTTP/1.1" 200 1041 "-" "node-superagent/1.4.0"
170.75.162.130 - - [08/Mar/2016:10:08:27 -0800] "GET /lib/reccapi.php?resort=sierra-at-tahoe HTTP/1.1" 200 1032 "-" "node-superagent/1.4.0"
79.25.175.203 - - [08/Mar/2016:10:15:03 -0800] "GET /images/wsis-logo-sm.png HTTP/1.1" 200 6108 "http://www.thebackcountry.net/" "Mozilla/5.0 (Windows NT 10.0; WOW64) AppleWebKit/537.36 (KHTML, like Gecko) Chrome/48.0.2564.116 Safari/537.36"
24.180.38.26 - - [08/Mar/2016:10:18:58 -0800] "GET /images/wsis-logo-sm.png HTTP/1.1" 200 6108 "http://www.thebackcountry.net/" "Mozilla/5.0 (Macintosh; Intel Mac OS X 10_11_3) AppleWebKit/601.4.4 (KHTML, like Gecko) Version/9.0.3 Safari/601.4.4"
216.128.234.137 - - [08/Mar/2016:10:23:22 -0800] "GET /images/wsis-logo-sm.png HTTP/1.1" 200 6108 "http://www.thebackcountry.net/" "Mozilla/5.0 (Windows NT 10.0; WOW64) AppleWebKit/537.36 (KHTML, like Gecko) Chrome/48.0.2564.116 Safari/537.36"
199.168.243.192 - - [08/Mar/2016:10:26:11 -0800] "GET /images/wsis-logo-sm.png HTTP/1.1" 200 6052 "http://www.thebackcountry.net/" "Mozilla/5.0 (Windows NT 6.1; WOW64; Trident/7.0; rv:11.0) like Gecko"
170.75.162.130 - - [08/Mar/2016:10:27:09 -0800] "GET /lib/reccapi.php?resort=hoodoo HTTP/1.1" 200 1042 "-" "node-superagent/1.4.0"
209.136.235.138 - - [08/Mar/2016:10:28:32 -0800] "GET /images/wsis-logo-sm.png HTTP/1.1" 200 6108 "http://www.thebackcountry.net/" "Mozilla/5.0 (Windows NT 6.1; WOW64) AppleWebKit/537.36 (KHTML, like Gecko) Chrome/48.0.2564.116 Safari/537.36"
71.140.31.214 - - [08/Mar/2016:10:29:30 -0800] "GET /images/wsis-logo-sm.png HTTP/1.1" 200 6108 "http://thebackcountry.net/" "Mozilla/4.0 (compatible; MSIE 8.0; Windows NT 5.1; Trident/4.0; .NET CLR 2.0.50727; .NET CLR 3.0.4506.2152; .NET CLR 3.5.30729; 786908940603; Build/14.08001)"
180.76.15.16 - - [08/Mar/2016:10:31:23 -0800] "GET / HTTP/1.1" 200 6995 "-" "Mozilla/5.0 (compatible; Baiduspider/2.0; +http://www.baidu.com/search/spider.html)"
24.205.97.187 - - [08/Mar/2016:10:31:43 -0800] "GET /images/wsis-logo-sm.png HTTP/1.1" 200 6108 "http://www.thebackcountry.net/" "Mozilla/5.0 (Windows NT 6.1; WOW64) AppleWebKit/537.36 (KHTML, like Gecko) Chrome/48.0.2564.116 Safari/537.36"
180.76.15.21 - - [08/Mar/2016:10:32:17 -0800] "GET / HTTP/1.1" 200 6995 "-" "Mozilla/5.0 (compatible; Baiduspider/2.0; +http://www.baidu.com/search/spider.html)"
170.75.162.130 - - [08/Mar/2016:10:34:40 -0800] "GET /lib/reccapi.php?resort=deervalley HTTP/1.1" 200 985 "-" "node-superagent/1.4.0"
170.75.162.130 - - [08/Mar/2016:10:35:20 -0800] "GET /lib/reccapi.php?resort=whistlerblackcomb HTTP/1.1" 200 939 "-" "node-superagent/1.4.0"
170.75.162.130 - - [08/Mar/2016:10:35:40 -0800] "GET /lib/reccapi.php?resort=steamboat HTTP/1.1" 200 1031 "-" "node-superagent/1.4.0"
170.75.162.130 - - [08/Mar/2016:10:35:40 -0800] "GET /lib/reccapi.php?resort=diamondpeak HTTP/1.1" 200 953 "-" "node-superagent/1.4.0"
170.75.162.130 - - [08/Mar/2016:10:35:41 -0800] "GET /lib/reccapi.php?resort=mtrose HTTP/1.1" 200 975 "-" "node-superagent/1.4.0"
170.75.162.130 - - [08/Mar/2016:10:35:50 -0800] "GET /lib/reccapi.php?resort=sundayriver HTTP/1.1" 200 968 "-" "node-superagent/1.4.0"
66.249.85.193 - - [08/Mar/2016:10:37:47 -0800] "GET / HTTP/1.1" 200 2615 "-" "Mozilla/5.0 (Windows NT 6.1; rv:6.0) Gecko/20110814 Firefox/6.0 Google Favicon"
66.249.85.193 - - [08/Mar/2016:10:37:47 -0800] "GET /favicon.ico HTTP/1.1" 200 4612 "-" "Mozilla/5.0 (Windows NT 6.1; rv:6.0) Gecko/20110814 Firefox/6.0 Google Favicon"
108.252.138.32 - - [08/Mar/2016:10:38:31 -0800] "GET /images/wsis-logo-sm.png HTTP/1.1" 200 6108 "http://www.thebackcountry.net/" "Mozilla/5.0 (Macintosh; Intel Mac OS X 10_10_5) AppleWebKit/601.4.4 (KHTML, like Gecko) Version/9.0.3 Safari/601.4.4"
220.181.108.149 - - [08/Mar/2016:10:42:54 -0800] "GET / HTTP/1.1" 200 2578 "-" "Mozilla/5.0 (Windows NT 5.1; rv:6.0.2) Gecko/20100101 Firefox/6.0.2"
220.181.108.152 - - [08/Mar/2016:10:42:56 -0800] "GET / HTTP/1.1" 200 6995 "-" "Mozilla/5.0 (Windows NT 5.1; rv:6.0.2) Gecko/20100101 Firefox/6.0.2"
170.75.162.130 - - [08/Mar/2016:10:46:31 -0800] "GET /lib/reccapi.php?resort=snowbird HTTP/1.1" 200 991 "-" "node-superagent/1.4.0"
170.75.162.130 - - [08/Mar/2016:10:49:22 -0800] "GET /lib/reccapi.php?resort=sunpeaksresort HTTP/1.1" 200 924 "-" "node-superagent/1.4.0"
170.75.162.130 - - [08/Mar/2016:10:50:22 -0800] "GET /lib/reccapi.php?resort=mountainhigh HTTP/1.1" 200 1004 "-" "node-superagent/1.4.0"
170.75.162.130 - - [08/Mar/2016:10:52:12 -0800] "GET /lib/reccapi.php?resort=bigsky HTTP/1.1" 200 1076 "-" "node-superagent/1.4.0"
170.75.162.130 - - [08/Mar/2016:10:53:13 -0800] "GET /lib/reccapi.php?resort=stevenspass HTTP/1.1" 200 1059 "-" "node-superagent/1.4.0"
209.131.50.54 - - [08/Mar/2016:10:55:33 -0800] "GET /images/wsis-logo-sm.png HTTP/1.1" 200 6108 "http://www.thebackcountry.net/" "Mozilla/5.0 (Macintosh; Intel Mac OS X 10_11_3) AppleWebKit/537.36 (KHTML, like Gecko) Chrome/49.0.2623.75 Safari/537.36"
66.249.84.241 - - [08/Mar/2016:10:55:34 -0800] "GET / HTTP/1.1" 200 2615 "-" "Mozilla/5.0 (Windows NT 6.1; rv:6.0) Gecko/20110814 Firefox/6.0 Google Favicon"
66.249.84.247 - - [08/Mar/2016:10:55:34 -0800] "GET /favicon.ico HTTP/1.1" 200 4613 "-" "Mozilla/5.0 (Windows NT 6.1; rv:6.0) Gecko/20110814 Firefox/6.0 Google Favicon"
67.169.93.129 - - [08/Mar/2016:11:02:46 -0800] "GET /images/wsis-logo-sm.png HTTP/1.1" 200 6108 "http://www.thebackcountry.net/" "Mozilla/5.0 (Windows NT 6.3; WOW64) AppleWebKit/537.36 (KHTML, like Gecko) Chrome/48.0.2564.116 Safari/537.36"
46.119.123.182 - - [08/Mar/2016:11:21:50 -0800] "GET / HTTP/1.1" 200 6976 "http://likesdesign.com/top-30-girls-shoot-fails-you-will-never-guess-what-a-beautiful-girl-is-ready-to-do-to-get-this-photo/" "Mozilla/4.0 (compatible; MSIE 6.0; Windows NT 5.1; Crazy Browser 1.0.5)"
46.119.123.182 - - [08/Mar/2016:11:21:51 -0800] "GET / HTTP/1.1" 200 6976 "http://likesdesign.com/top-30-girls-shoot-fails-you-will-never-guess-what-a-beautiful-girl-is-ready-to-do-to-get-this-photo/" "Mozilla/4.0 (compatible; MSIE 6.0; Windows NT 5.1; Crazy Browser 1.0.5)"
76.254.71.154 - - [08/Mar/2016:11:22:44 -0800] "GET /images/wsis-logo-sm.png HTTP/1.1" 200 6108 "http://www.thebackcountry.net/" "Mozilla/5.0 (Macintosh; Intel Mac OS X 10_10_5) AppleWebKit/601.4.4 (KHTML, like Gecko) Version/9.0.3 Safari/601.4.4"
52.33.40.213 - - [08/Mar/2016:11:24:32 -0800] "GET /lib/reccapi.php?resort=stowe HTTP/1.1" 200 965 "-" "node-superagent/1.4.0"
52.33.40.213 - - [08/Mar/2016:11:24:32 -0800] "GET /lib/reccapi.php?resort=winterpark HTTP/1.1" 200 1042 "-" "node-superagent/1.4.0"
52.33.40.213 - - [08/Mar/2016:11:24:32 -0800] "GET /lib/reccapi.php?resort=cannonmountain HTTP/1.1" 200 961 "-" "node-superagent/1.4.0"
52.33.40.213 - - [08/Mar/2016:11:24:32 -0800] "GET /lib/reccapi.php?resort=madriverglen HTTP/1.1" 200 979 "-" "node-superagent/1.4.0"
52.33.40.213 - - [08/Mar/2016:11:24:32 -0800] "GET /lib/reccapi.php?resort=sundayriver HTTP/1.1" 200 968 "-" "node-superagent/1.4.0"
52.33.40.213 - - [08/Mar/2016:11:24:32 -0800] "GET /lib/reccapi.php?resort=whistlerblackcomb HTTP/1.1" 200 939 "-" "node-superagent/1.4.0"
52.33.40.213 - - [08/Mar/2016:11:24:32 -0800] "GET /lib/reccapi.php?resort=sugarbush HTTP/1.1" 200 985 "-" "node-superagent/1.4.0"
52.33.40.213 - - [08/Mar/2016:11:24:32 -0800] "GET /lib/reccapi.php?resort=sugarloaf HTTP/1.1" 200 958 "-" "node-superagent/1.4.0"
50.174.40.248 - - [08/Mar/2016:11:30:26 -0800] "GET /images/wsis-logo-sm.png HTTP/1.1" 200 6108 "http://www.thebackcountry.net/" "Mozilla/5.0 (Macintosh; Intel Mac OS X 10_7_5) AppleWebKit/537.36 (KHTML, like Gecko) Chrome/48.0.2564.116 Safari/537.36"
180.76.15.27 - - [08/Mar/2016:11:31:30 -0800] "GET / HTTP/1.1" 200 6995 "-" "Mozilla/5.0 (compatible; Baiduspider/2.0; +http://www.baidu.com/search/spider.html)"
180.76.15.161 - - [08/Mar/2016:11:32:24 -0800] "GET / HTTP/1.1" 200 6995 "-" "Mozilla/5.0 (compatible; Baiduspider/2.0; +http://www.baidu.com/search/spider.html)"
52.33.40.213 - - [08/Mar/2016:11:36:43 -0800] "GET /lib/reccapi.php?resort=hoodoo HTTP/1.1" 200 1042 "-" "node-superagent/1.4.0"
71.50.5.182 - - [08/Mar/2016:11:41:43 -0800] "GET /lib/reccapi.php?fields=t HTTP/1.1" 200 1934 "http://whereshouldiski.com/" "Mozilla/5.0 (Windows NT 6.1; WOW64) AppleWebKit/537.36 (KHTML, like Gecko) Chrome/48.0.2564.109 Safari/537.36"
71.50.5.182 - - [08/Mar/2016:11:41:43 -0800] "GET /favicon.ico HTTP/1.1" 200 4613 "http://whereshouldiski.com/" "Mozilla/5.0 (Windows NT 6.1; WOW64) AppleWebKit/537.36 (KHTML, like Gecko) Chrome/48.0.2564.109 Safari/537.36"
71.50.5.182 - - [08/Mar/2016:11:41:49 -0800] "GET /lib/reccapi.php?fields=t&region=PacificNW HTTP/1.1" 200 1602 "http://whereshouldiski.com/" "Mozilla/5.0 (Windows NT 6.1; WOW64) AppleWebKit/537.36 (KHTML, like Gecko) Chrome/48.0.2564.109 Safari/537.36"
127.0.0.1 - - [08/Mar/2016:11:42:02 -0800] "OPTIONS * HTTP/1.0" 200 126 "-" "Apache/2.2.22 (Ubuntu) (internal dummy connection)"
170.75.162.130 - - [08/Mar/2016:11:44:08 -0800] "GET /lib/reccapi.php?resort=redlodge HTTP/1.1" 200 1102 "-" "node-superagent/1.4.0"
170.75.162.130 - - [08/Mar/2016:11:49:39 -0800] "GET /lib/reccapi.php?resort=crystalmountain HTTP/1.1" 200 1067 "-" "node-superagent/1.4.0"
52.33.40.213 - - [08/Mar/2016:11:50:03 -0800] "GET /lib/reccapi.php?resort=49degreesnorth HTTP/1.1" 200 1027 "-" "node-superagent/1.4.0"
52.33.40.213 - - [08/Mar/2016:11:53:43 -0800] "GET /lib/reccapi.php?resort=bigwhite HTTP/1.1" 200 926 "-" "node-superagent/1.4.0"
52.33.40.213 - - [08/Mar/2016:11:54:53 -0800] "GET /lib/reccapi.php?resort=diamondpeak HTTP/1.1" 200 953 "-" "node-superagent/1.4.0"
52.33.40.213 - - [08/Mar/2016:11:54:53 -0800] "GET /lib/reccapi.php?resort=crestedbutte HTTP/1.1" 200 1043 "-" "node-superagent/1.4.0"
52.33.40.213 - - [08/Mar/2016:11:55:04 -0800] "GET /lib/reccapi.php?resort=devilshead HTTP/1.1" 200 1031 "-" "node-superagent/1.4.0"
52.33.40.213 - - [08/Mar/2016:11:56:14 -0800] "GET /lib/reccapi.php?resort=sunpeaksresort HTTP/1.1" 200 924 "-" "node-superagent/1.4.0"
52.33.40.213 - - [08/Mar/2016:11:56:34 -0800] "GET /lib/reccapi.php?resort=redmountain HTTP/1.1" 200 914 "-" "node-superagent/1.4.0"
52.33.40.213 - - [08/Mar/2016:11:56:34 -0800] "GET /lib/reccapi.php?resort=mountainhigh HTTP/1.1" 200 1004 "-" "node-superagent/1.4.0"
52.33.40.213 - - [08/Mar/2016:11:56:34 -0800] "GET /lib/reccapi.php?resort=loveland HTTP/1.1" 200 1030 "-" "node-superagent/1.4.0"
96.38.143.112 - - [08/Mar/2016:11:56:49 -0800] "GET /images/wsis-logo-sm.png HTTP/1.1" 200 6108 "http://www.thebackcountry.net/" "Mozilla/5.0 (Windows NT 10.0; WOW64) AppleWebKit/537.36 (KHTML, like Gecko) Chrome/48.0.2564.116 Safari/537.36"
52.33.40.213 - - [08/Mar/2016:11:57:24 -0800] "GET /lib/reccapi.php?resort=wildcatmountain HTTP/1.1" 200 969 "-" "node-superagent/1.4.0"
52.33.40.213 - - [08/Mar/2016:11:57:54 -0800] "GET /lib/reccapi.php?resort=snowbasin HTTP/1.1" 200 1017 "-" "node-superagent/1.4.0"
52.33.40.213 - - [08/Mar/2016:11:57:54 -0800] "GET /lib/reccapi.php?resort=silverstarmountain HTTP/1.1" 200 935 "-" "node-superagent/1.4.0"
204.14.152.66 - - [08/Mar/2016:12:07:16 -0800] "GET /images/wsis-logo-sm.png HTTP/1.1" 200 6108 "http://www.thebackcountry.net/" "Mozilla/5.0 (Macintosh; Intel Mac OS X 10_10_5) AppleWebKit/537.36 (KHTML, like Gecko) Chrome/48.0.2564.116 Safari/537.36"
158.184.198.6 - - [08/Mar/2016:12:08:10 -0800] "GET /images/wsis-logo-sm.png HTTP/1.1" 200 6108 "http://www.thebackcountry.net/" "Mozilla/5.0 (Windows NT 6.1; WOW64) AppleWebKit/537.36 (KHTML, like Gecko) Chrome/48.0.2564.116 Safari/537.36"
184.23.1.210 - - [08/Mar/2016:12:17:07 -0800] "GET /images/wsis-logo-sm.png HTTP/1.1" 200 6108 "http://www.thebackcountry.net/" "Mozilla/5.0 (Macintosh; Intel Mac OS X 10_10_5) AppleWebKit/537.36 (KHTML, like Gecko) Chrome/48.0.2564.116 Safari/537.36"
157.55.39.189 - - [08/Mar/2016:12:18:44 -0800] "GET / HTTP/1.1" 200 2615 "-" "Mozilla/5.0 (compatible; bingbot/2.0; +http://www.bing.com/bingbot.htm)"
189.45.128.100 - - [08/Mar/2016:12:24:58 -0800] "GET /images/wsis-logo-sm.png HTTP/1.1" 200 6108 "http://thebackcountry.net/" "Mozilla/5.0 (Windows NT 6.1; WOW64) AppleWebKit/537.36 (KHTML, like Gecko) Chrome/47.0.2526.111 Safari/537.36"
180.76.15.20 - - [08/Mar/2016:12:31:37 -0800] "GET / HTTP/1.1" 200 6995 "-" "Mozilla/5.0 (compatible; Baiduspider/2.0; +http://www.baidu.com/search/spider.html)"
180.76.15.142 - - [08/Mar/2016:12:32:33 -0800] "GET / HTTP/1.1" 200 6995 "-" "Mozilla/5.0 (compatible; Baiduspider/2.0; +http://www.baidu.com/search/spider.html)"
128.12.53.10 - - [08/Mar/2016:12:32:43 -0800] "GET /images/wsis-logo-sm.png HTTP/1.1" 200 6108 "http://www.thebackcountry.net/" "Mozilla/5.0 (Macintosh; Intel Mac OS X 10_11_3) AppleWebKit/601.4.4 (KHTML, like Gecko) Version/9.0.3 Safari/601.4.4"
107.77.109.81 - - [08/Mar/2016:12:36:37 -0800] "GET /images/wsis-logo-sm.png HTTP/1.1" 200 6108 "http://www.thebackcountry.net/" "Mozilla/5.0 (iPhone; CPU iPhone OS 9_2_1 like Mac OS X) AppleWebKit/601.1 (KHTML, like Gecko) CriOS/48.0.2564.104 Mobile/13D15 Safari/601.1.46"
70.213.8.123 - - [08/Mar/2016:12:36:50 -0800] "GET /images/wsis-logo-sm.png HTTP/1.1" 200 6108 "http://www.thebackcountry.net/" "Mozilla/5.0 (Linux; Android 5.1.1; SM-G920V Build/LMY47X) AppleWebKit/537.36 (KHTML, like Gecko) Chrome/48.0.2564.95 Mobile Safari/537.36"
70.100.35.122 - - [08/Mar/2016:12:54:08 -0800] "GET /images/wsis-logo-sm.png HTTP/1.1" 200 6108 "http://www.thebackcountry.net/" "Mozilla/5.0 (Windows NT 6.3; WOW64; Trident/7.0; rv:11.0) like Gecko"
170.75.162.130 - - [08/Mar/2016:12:54:48 -0800] "GET /lib/reccapi.php?resort=snowmass HTTP/1.1" 200 1046 "-" "node-superagent/1.4.0"
170.75.162.130 - - [08/Mar/2016:13:18:11 -0800] "GET /lib/reccapi.php?resort=winterpark HTTP/1.1" 200 1042 "-" "node-superagent/1.4.0"
52.33.40.213 - - [08/Mar/2016:13:20:28 -0800] "GET /lib/reccapi.php?resort=smugglersnotch HTTP/1.1" 200 959 "-" "node-superagent/1.4.0"
108.252.138.32 - - [08/Mar/2016:13:25:38 -0800] "GET /images/wsis-logo-sm.png HTTP/1.1" 200 6108 "http://www.thebackcountry.net/" "Mozilla/5.0 (Macintosh; Intel Mac OS X 10_10_5) AppleWebKit/601.4.4 (KHTML, like Gecko) Version/9.0.3 Safari/601.4.4"
180.76.15.17 - - [08/Mar/2016:13:31:47 -0800] "GET / HTTP/1.1" 200 6995 "-" "Mozilla/5.0 (compatible; Baiduspider/2.0; +http://www.baidu.com/search/spider.html)"
108.236.72.78 - - [08/Mar/2016:13:32:14 -0800] "GET /images/wsis-logo-sm.png HTTP/1.1" 200 6108 "http://www.thebackcountry.net/" "Mozilla/5.0 (Macintosh; Intel Mac OS X 10_11_3) AppleWebKit/537.36 (KHTML, like Gecko) Chrome/48.0.2564.116 Safari/537.36"
108.236.72.78 - - [08/Mar/2016:13:32:36 -0800] "-" 408 0 "-" "-"
180.76.15.135 - - [08/Mar/2016:13:32:42 -0800] "GET / HTTP/1.1" 200 6995 "-" "Mozilla/5.0 (compatible; Baiduspider/2.0; +http://www.baidu.com/search/spider.html)"
71.92.88.117 - - [08/Mar/2016:13:33:01 -0800] "GET /images/wsis-logo-sm.png HTTP/1.1" 200 6108 "http://www.thebackcountry.net/" "Mozilla/5.0 (iPhone; CPU iPhone OS 9_2_1 like Mac OS X) AppleWebKit/601.1.46 (KHTML, like Gecko) Version/9.0 Mobile/13D15 Safari/601.1"
67.77.206.5 - - [08/Mar/2016:13:35:42 -0800] "GET /images/wsis-logo-sm.png HTTP/1.1" 200 6108 "http://www.thebackcountry.net/" "Mozilla/5.0 (Windows NT 10.0; WOW64; rv:44.0) Gecko/20100101 Firefox/44.0"
46.235.9.240 - - [08/Mar/2016:13:41:57 -0800] "POST /xmlrpc.php HTTP/1.1" 404 526 "-" "Mozilla/5.0 (Macintosh; U; Intel Mac OS X 10.6; fr; rv:1.9.2.8) Gecko/20100722 Firefox/3.6.8"
46.235.9.240 - - [08/Mar/2016:13:41:57 -0800] "POST /blog/xmlrpc.php HTTP/1.1" 404 526 "-" "Mozilla/5.0 (Macintosh; U; Intel Mac OS X 10.6; fr; rv:1.9.2.8) Gecko/20100722 Firefox/3.6.8"
198.128.205.46 - - [08/Mar/2016:13:49:24 -0800] "GET /images/wsis-logo-sm.png HTTP/1.1" 200 6108 "http://www.thebackcountry.net/" "Mozilla/5.0 (Windows NT 6.1; WOW64) AppleWebKit/537.36 (KHTML, like Gecko) Chrome/48.0.2564.116 Safari/537.36"
66.249.79.227 - - [08/Mar/2016:13:53:49 -0800] "GET /scripts/fa48e319.main.js HTTP/1.1" 200 123456 "-" "Mozilla/5.0 (compatible; Googlebot/2.1; +http://www.google.com/bot.html)"
66.249.79.234 - - [08/Mar/2016:13:53:50 -0800] "GET /styles/ee08faa9.main.css HTTP/1.1" 200 19447 "-" "Mozilla/5.0 (compatible; Googlebot/2.1; +http://www.google.com/bot.html)"
66.249.79.220 - - [08/Mar/2016:13:53:51 -0800] "GET /bower_components/requirejs/require.js HTTP/1.1" 200 6702 "-" "Mozilla/5.0 (compatible; Googlebot/2.1; +http://www.google.com/bot.html)"
66.249.79.220 - - [08/Mar/2016:13:53:51 -0800] "GET /scripts/scripts/vendor/modernizr.js HTTP/1.1" 200 4902 "-" "Mozilla/5.0 (compatible; Googlebot/2.1; +http://www.google.com/bot.html)"
66.249.79.220 - - [08/Mar/2016:13:53:53 -0800] "GET /lib/reccapi.php?resort=antelopebutte&date=2016-01-26 HTTP/1.1" 200 1008 "http://whereshouldiski.com/" "Mozilla/5.0 (compatible; Googlebot/2.1; +http://www.google.com/bot.html)"
66.249.79.220 - - [08/Mar/2016:13:53:54 -0800] "GET /lib/reccapi.php?fields=t&date=2016-01-26&coords=44.62%2C-107.51&size=7&sort=distance HTTP/1.1" 200 1369 "http://whereshouldiski.com/" "Mozilla/5.0 (compatible; Googlebot/2.1; +http://www.google.com/bot.html)"
66.249.79.227 - - [08/Mar/2016:13:53:55 -0800] "GET /lib/resortDataSearchD3.php?size=7&sortDate=T&resort=antelopebutte&dateStart=2016-01-24 HTTP/1.1" 200 873 "http://whereshouldiski.com/" "Mozilla/5.0 (compatible; Googlebot/2.1; +http://www.google.com/bot.html)"
170.75.162.130 - - [08/Mar/2016:13:54:37 -0800] "GET /lib/reccapi.php?resort=alpinemeadows HTTP/1.1" 200 1055 "-" "node-superagent/1.4.0"
170.75.162.130 - - [08/Mar/2016:13:54:37 -0800] "GET /lib/reccapi.php?resort=chinapeak HTTP/1.1" 200 1007 "-" "node-superagent/1.4.0"
170.75.162.130 - - [08/Mar/2016:13:54:37 -0800] "GET /lib/reccapi.php?resort=heavenly HTTP/1.1" 200 1004 "-" "node-superagent/1.4.0"
170.75.162.130 - - [08/Mar/2016:13:54:37 -0800] "GET /lib/reccapi.php?resort=kirkwood HTTP/1.1" 200 1041 "-" "node-superagent/1.4.0"
170.75.162.130 - - [08/Mar/2016:13:54:37 -0800] "GET /lib/reccapi.php?resort=mammothmountain HTTP/1.1" 200 1016 "-" "node-superagent/1.4.0"
170.75.162.130 - - [08/Mar/2016:13:54:37 -0800] "GET /lib/reccapi.php?resort=sugarbowl HTTP/1.1" 200 1025 "-" "node-superagent/1.4.0"
66.249.79.234 - - [08/Mar/2016:13:57:34 -0800] "GET /lib/reccapi.php?resort=belleayre&date=2016-02-11 HTTP/1.1" 200 1082 "http://whereshouldiski.com/" "Mozilla/5.0 (compatible; Googlebot/2.1; +http://www.google.com/bot.html)"
66.249.79.227 - - [08/Mar/2016:13:57:36 -0800] "GET /lib/resortDataSearchD3.php?size=7&sortDate=T&resort=belleayre&dateStart=2016-02-09 HTTP/1.1" 200 870 "http://whereshouldiski.com/" "Mozilla/5.0 (compatible; Googlebot/2.1; +http://www.google.com/bot.html)"
66.249.79.234 - - [08/Mar/2016:13:57:36 -0800] "GET /lib/reccapi.php?fields=t&date=2016-02-11&coords=42.1422%2C-74.5108&size=7&sort=distance HTTP/1.1" 200 1326 "http://whereshouldiski.com/" "Mozilla/5.0 (compatible; Googlebot/2.1; +http://www.google.com/bot.html)"
170.75.162.130 - - [08/Mar/2016:14:00:18 -0800] "GET /lib/reccapi.php?resort=parkcity HTTP/1.1" 200 1021 "-" "node-superagent/1.4.0"
170.75.162.130 - - [08/Mar/2016:14:00:48 -0800] "GET /lib/reccapi.php?resort=49degreesnorth HTTP/1.1" 200 1027 "-" "node-superagent/1.4.0"
108.252.138.32 - - [08/Mar/2016:14:05:01 -0800] "GET /images/wsis-logo-sm.png HTTP/1.1" 200 6108 "http://www.thebackcountry.net/" "Mozilla/5.0 (Macintosh; Intel Mac OS X 10_10_5) AppleWebKit/601.4.4 (KHTML, like Gecko) Version/9.0.3 Safari/601.4.4"
206.29.176.52 - - [08/Mar/2016:14:14:04 -0800] "GET /lib/reccapi.php?fields=t&state=WA&powder=3 HTTP/1.1" 200 853 "http://whereshouldiski.com/" "Mozilla/5.0 (Macintosh; Intel Mac OS X 10_10_5) AppleWebKit/600.8.9 (KHTML, like Gecko) WebClip/10601.4.2 Safari/10601.4.4"
170.75.162.130 - - [08/Mar/2016:14:15:00 -0800] "GET /lib/reccapi.php?resort=redmountain HTTP/1.1" 200 914 "-" "node-superagent/1.4.0"
185.130.5.238 - - [08/Mar/2016:14:21:12 -0800] "HEAD / HTTP/1.1" 200 291 "-" "curl/7.38.0"
180.76.15.7 - - [08/Mar/2016:14:28:07 -0800] "GET / HTTP/1.1" 200 6995 "-" "Mozilla/5.0 (compatible; Baiduspider/2.0; +http://www.baidu.com/search/spider.html)"
187.14.61.65 - - [08/Mar/2016:14:28:46 -0800] "GET /images/wsis-logo-sm.png HTTP/1.1" 200 6108 "http://thebackcountry.net/" "Mozilla/5.0 (Windows NT 6.1; WOW64) AppleWebKit/537.36 (KHTML, like Gecko) Chrome/36.0.1985.143 Safari/537.36"
180.76.15.31 - - [08/Mar/2016:14:28:53 -0800] "GET / HTTP/1.1" 200 6995 "-" "Mozilla/5.0 (compatible; Baiduspider/2.0; +http://www.baidu.com/search/spider.html)"
170.75.162.130 - - [08/Mar/2016:14:32:03 -0800] "GET /lib/reccapi.php?resort=keystone HTTP/1.1" 200 1049 "-" "node-superagent/1.4.0"
170.75.162.130 - - [08/Mar/2016:14:35:53 -0800] "GET /lib/reccapi.php?resort=alta HTTP/1.1" 200 981 "-" "node-superagent/1.4.0"
170.75.162.130 - - [08/Mar/2016:14:35:53 -0800] "GET /lib/reccapi.php?resort=brianhead HTTP/1.1" 200 982 "-" "node-superagent/1.4.0"
170.75.162.130 - - [08/Mar/2016:14:35:53 -0800] "GET /lib/reccapi.php?resort=brighton HTTP/1.1" 200 985 "-" "node-superagent/1.4.0"
170.75.162.130 - - [08/Mar/2016:14:35:54 -0800] "GET /lib/reccapi.php?resort=deervalley HTTP/1.1" 200 985 "-" "node-superagent/1.4.0"
170.75.162.130 - - [08/Mar/2016:14:35:54 -0800] "GET /lib/reccapi.php?resort=snowbasin HTTP/1.1" 200 1017 "-" "node-superagent/1.4.0"
170.75.162.130 - - [08/Mar/2016:14:35:54 -0800] "GET /lib/reccapi.php?resort=solitude HTTP/1.1" 200 984 "-" "node-superagent/1.4.0"
170.75.162.130 - - [08/Mar/2016:14:44:04 -0800] "GET /lib/reccapi.php?resort=devilshead HTTP/1.1" 200 1031 "-" "node-superagent/1.4.0"
52.33.40.213 - - [08/Mar/2016:14:58:12 -0800] "GET /lib/reccapi.php?resort=mountbachelor HTTP/1.1" 200 1085 "-" "node-superagent/1.4.0"
