208.115.111.66 - - [11/May/2015:17:45:56 -0700] "GET /resorts?resort=skisantafe&date=2014-06-10 HTTP/1.1" 404 476 "-" "Mozilla/5.0 (compatible; DotBot/1.1; http://www.opensiteexplorer.org/dotbot, help@moz.com)"
208.115.111.66 - - [11/May/2015:17:45:56 -0700] "GET /resorts?resort=sipapu&date=2014-06-12 HTTP/1.1" 404 476 "-" "Mozilla/5.0 (compatible; DotBot/1.1; http://www.opensiteexplorer.org/dotbot, help@moz.com)"
208.115.111.66 - - [11/May/2015:17:45:57 -0700] "GET /resorts?resort=silvermountain&date=2014-11-03 HTTP/1.1" 404 476 "-" "Mozilla/5.0 (compatible; DotBot/1.1; http://www.opensiteexplorer.org/dotbot, help@moz.com)"
208.115.111.66 - - [11/May/2015:17:45:58 -0700] "GET /resorts?resort=redmountain&date=2014-07-01 HTTP/1.1" 404 476 "-" "Mozilla/5.0 (compatible; DotBot/1.1; http://www.opensiteexplorer.org/dotbot, help@moz.com)"
208.115.111.66 - - [11/May/2015:17:45:58 -0700] "GET /resorts?resort=powderridge&date=2014-10-17 HTTP/1.1" 404 476 "-" "Mozilla/5.0 (compatible; DotBot/1.1; http://www.opensiteexplorer.org/dotbot, help@moz.com)"
208.115.111.66 - - [11/May/2015:17:45:59 -0700] "GET /resorts?resort=mountwashingtonalpine&date=2014-10-28 HTTP/1.1" 404 476 "-" "Mozilla/5.0 (compatible; DotBot/1.1; http://www.opensiteexplorer.org/dotbot, help@moz.com)"
208.115.111.66 - - [11/May/2015:17:46:00 -0700] "GET /resorts?resort=lutsen&date=2014-10-01 HTTP/1.1" 404 476 "-" "Mozilla/5.0 (compatible; DotBot/1.1; http://www.opensiteexplorer.org/dotbot, help@moz.com)"
208.115.111.66 - - [11/May/2015:17:46:01 -0700] "GET /resorts?resort=kimberleyalpine&date=2014-06-10 HTTP/1.1" 404 476 "-" "Mozilla/5.0 (compatible; DotBot/1.1; http://www.opensiteexplorer.org/dotbot, help@moz.com)"
123.125.71.79 - - [11/May/2015:17:47:21 -0700] "GET / HTTP/1.1" 200 2339 "-" "Mozilla/5.0 (Windows NT 5.1; rv:6.0.2) Gecko/20100101 Firefox/6.0.2"
123.125.71.104 - - [11/May/2015:17:48:28 -0700] "GET / HTTP/1.1" 200 6114 "-" "Mozilla/5.0 (Windows NT 5.1; rv:6.0.2) Gecko/20100101 Firefox/6.0.2"
220.181.108.99 - - [11/May/2015:17:53:15 -0700] "-" 408 0 "-" "-"
180.76.4.56 - - [11/May/2015:18:09:02 -0700] "GET / HTTP/1.1" 200 6114 "-" "Mozilla/4.0 (compatible; MSIE 7.0; Windows NT 6.0)"
208.115.113.83 - - [11/May/2015:18:09:15 -0700] "GET /robots.txt HTTP/1.1" 200 319 "-" "Mozilla/5.0 (compatible; DotBot/1.1; http://www.opensiteexplorer.org/dotbot, help@moz.com)"
69.164.172.242 - - [11/May/2015:18:15:08 -0700] "GET /images/wsis-logo-sm.png HTTP/1.1" 200 6108 "http://www.thebackcountry.net/" "Mozilla/5.0 (compatible; MSIE 9.0; Windows NT 6.1; WOW64; Trident/5.0)"
69.164.172.242 - - [11/May/2015:18:15:29 -0700] "-" 408 0 "-" "-"
66.189.159.57 - - [11/May/2015:18:15:55 -0700] "GET /images/wsis-logo-sm.png HTTP/1.1" 200 6108 "http://www.thebackcountry.net/" "Mozilla/5.0 (Windows NT 6.3; WOW64) AppleWebKit/537.36 (KHTML, like Gecko) Chrome/42.0.2311.135 Safari/537.36"
70.214.40.66 - - [11/May/2015:18:19:37 -0700] "GET /images/wsis-logo-sm.png HTTP/1.1" 200 6108 "http://www.thebackcountry.net/" "Mozilla/5.0 (iPhone; CPU iPhone OS 8_3 like Mac OS X) AppleWebKit/600.1.4 (KHTML, like Gecko) Version/8.0 Mobile/12F70 Safari/600.1.4"
170.75.162.130 - - [11/May/2015:18:37:00 -0700] "GET /lib/reccapi.php?resort=buttermilk HTTP/1.1" 200 1023 "-" "node-superagent/0.18.2"
62.210.38.226 - - [11/May/2015:18:37:37 -0700] "HEAD / HTTP/1.0" 200 310 "-" "-"
123.125.71.110 - - [11/May/2015:18:49:33 -0700] "-" 408 0 "-" "-"
170.75.162.130 - - [11/May/2015:18:54:12 -0700] "GET /lib/reccapi.php?resort=snowmass HTTP/1.1" 200 1020 "-" "node-superagent/0.18.2"
104.129.192.71 - - [11/May/2015:18:55:06 -0700] "GET /images/wsis-logo-sm.png HTTP/1.1" 200 6108 "http://www.thebackcountry.net/" "Mozilla/5.0 (compatible; MSIE 9.0; Windows NT 6.1; WOW64; Trident/5.0)"
220.181.108.156 - - [11/May/2015:18:55:49 -0700] "-" 408 0 "-" "-"
170.75.162.130 - - [11/May/2015:18:56:22 -0700] "GET /lib/reccapi.php?resort=sunvalley HTTP/1.1" 200 1016 "-" "node-superagent/0.18.2"
170.75.162.130 - - [11/May/2015:18:58:02 -0700] "GET /lib/reccapi.php?resort=wildcatmountain HTTP/1.1" 200 1062 "-" "node-superagent/0.18.2"
170.75.162.130 - - [11/May/2015:18:59:12 -0700] "GET /lib/reccapi.php?resort=chinapeak HTTP/1.1" 200 973 "-" "node-superagent/0.18.2"
99.40.7.18 - - [11/May/2015:19:02:28 -0700] "GET /images/wsis-logo-sm.png HTTP/1.1" 200 6108 "http://www.thebackcountry.net/" "Mozilla/5.0 (Windows NT 6.1; WOW64; Trident/7.0; rv:11.0) like Gecko"
99.40.7.18 - - [11/May/2015:19:02:49 -0700] "-" 408 0 "-" "-"
174.68.110.207 - - [11/May/2015:19:15:19 -0700] "GET /images/wsis-logo-sm.png HTTP/1.1" 200 6108 "http://www.thebackcountry.net/" "Mozilla/5.0 (iPad; CPU OS 8_3 like Mac OS X) AppleWebKit/600.1.4 (KHTML, like Gecko) Version/8.0 Mobile/12F69 Safari/600.1.4"
208.115.113.83 - - [11/May/2015:19:22:46 -0700] "GET /resorts?resort=snowmass&date=2014-06-24 HTTP/1.1" 404 476 "-" "Mozilla/5.0 (compatible; DotBot/1.1; http://www.opensiteexplorer.org/dotbot, help@moz.com)"
208.115.113.83 - - [11/May/2015:19:22:48 -0700] "GET /resorts?resort=monarch&date=2014-10-02 HTTP/1.1" 404 476 "-" "Mozilla/5.0 (compatible; DotBot/1.1; http://www.opensiteexplorer.org/dotbot, help@moz.com)"
208.115.113.83 - - [11/May/2015:19:22:50 -0700] "GET /resorts?resort=snowbasin&date=2014-06-12 HTTP/1.1" 404 476 "-" "Mozilla/5.0 (compatible; DotBot/1.1; http://www.opensiteexplorer.org/dotbot, help@moz.com)"
208.115.113.83 - - [11/May/2015:19:22:52 -0700] "GET /resorts?resort=bigwhite&date=2014-10-24 HTTP/1.1" 404 476 "-" "Mozilla/5.0 (compatible; DotBot/1.1; http://www.opensiteexplorer.org/dotbot, help@moz.com)"
185.75.56.53 - - [11/May/2015:19:23:35 -0700] "GET /administrator/components/com_joomlaupdate/restore.php HTTP/1.1" 404 532 "-" "-"
64.113.101.252 - - [11/May/2015:19:47:45 -0700] "GET /images/wsis-logo-sm.png HTTP/1.1" 304 187 "http://www.thebackcountry.net/" "Mozilla/5.0 (Macintosh; Intel Mac OS X 10_7_5) AppleWebKit/537.78.2 (KHTML, like Gecko) Version/6.1.6 Safari/537.78.2"
208.115.113.83 - - [11/May/2015:19:49:27 -0700] "GET /resorts?resort=wolfcreek&date=2014-06-10 HTTP/1.1" 404 476 "-" "Mozilla/5.0 (compatible; DotBot/1.1; http://www.opensiteexplorer.org/dotbot, help@moz.com)"
208.115.113.83 - - [11/May/2015:19:49:28 -0700] "GET /resorts?resort=willamettepass&date=2014-10-14 HTTP/1.1" 404 476 "-" "Mozilla/5.0 (compatible; DotBot/1.1; http://www.opensiteexplorer.org/dotbot, help@moz.com)"
208.115.113.83 - - [11/May/2015:19:49:29 -0700] "GET /resorts?resort=whistlerblackcomb&date=2014-07-04 HTTP/1.1" 404 476 "-" "Mozilla/5.0 (compatible; DotBot/1.1; http://www.opensiteexplorer.org/dotbot, help@moz.com)"
208.115.113.83 - - [11/May/2015:19:49:30 -0700] "GET /resorts?resort=silverstarmountain&date=2014-11-14 HTTP/1.1" 404 476 "-" "Mozilla/5.0 (compatible; DotBot/1.1; http://www.opensiteexplorer.org/dotbot, help@moz.com)"
208.115.113.83 - - [11/May/2015:19:49:31 -0700] "GET /resorts?resort=mtlemmonskivalley&date=2014-10-16 HTTP/1.1" 404 476 "-" "Mozilla/5.0 (compatible; DotBot/1.1; http://www.opensiteexplorer.org/dotbot, help@moz.com)"
208.115.113.83 - - [11/May/2015:19:49:38 -0700] "GET /resorts?resort=mounthoodskibowl&date=2014-10-04 HTTP/1.1" 404 476 "-" "Mozilla/5.0 (compatible; DotBot/1.1; http://www.opensiteexplorer.org/dotbot, help@moz.com)"
208.115.113.83 - - [11/May/2015:19:49:42 -0700] "GET /resorts?resort=mountbohemia&date=2014-10-17 HTTP/1.1" 404 476 "-" "Mozilla/5.0 (compatible; DotBot/1.1; http://www.opensiteexplorer.org/dotbot, help@moz.com)"
208.115.113.83 - - [11/May/2015:19:49:43 -0700] "GET /resorts?resort=mountbohemia&date=2014-06-18 HTTP/1.1" 404 476 "-" "Mozilla/5.0 (compatible; DotBot/1.1; http://www.opensiteexplorer.org/dotbot, help@moz.com)"
208.115.113.83 - - [11/May/2015:19:49:44 -0700] "GET /resorts?resort=hurricaneridge&date=2014-10-19 HTTP/1.1" 404 476 "-" "Mozilla/5.0 (compatible; DotBot/1.1; http://www.opensiteexplorer.org/dotbot, help@moz.com)"
208.115.113.83 - - [11/May/2015:19:49:44 -0700] "GET /resorts?resort=hoodoo&date=2014-11-01 HTTP/1.1" 404 476 "-" "Mozilla/5.0 (compatible; DotBot/1.1; http://www.opensiteexplorer.org/dotbot, help@moz.com)"
208.115.113.83 - - [11/May/2015:19:49:45 -0700] "GET /resorts?resort=chinapeak&date=2014-11-15 HTTP/1.1" 404 476 "-" "Mozilla/5.0 (compatible; DotBot/1.1; http://www.opensiteexplorer.org/dotbot, help@moz.com)"
208.115.113.83 - - [11/May/2015:19:49:46 -0700] "GET /resorts?resort=canyons&date=2014-10-11 HTTP/1.1" 404 476 "-" "Mozilla/5.0 (compatible; DotBot/1.1; http://www.opensiteexplorer.org/dotbot, help@moz.com)"
208.115.113.83 - - [11/May/2015:19:49:47 -0700] "GET /resorts?resort=bridgerbowl HTTP/1.1" 404 476 "-" "Mozilla/5.0 (compatible; DotBot/1.1; http://www.opensiteexplorer.org/dotbot, help@moz.com)"
208.115.113.83 - - [11/May/2015:19:49:48 -0700] "GET /resorts?resort=bearvalleymountain&date=2014-06-17 HTTP/1.1" 404 476 "-" "Mozilla/5.0 (compatible; DotBot/1.1; http://www.opensiteexplorer.org/dotbot, help@moz.com)"
208.115.113.83 - - [11/May/2015:19:49:48 -0700] "GET /resorts?resort=alpinevalley&date=2014-11-04 HTTP/1.1" 404 476 "-" "Mozilla/5.0 (compatible; DotBot/1.1; http://www.opensiteexplorer.org/dotbot, help@moz.com)"
123.125.71.90 - - [11/May/2015:19:50:41 -0700] "-" 408 0 "-" "-"
71.142.212.6 - - [11/May/2015:19:59:51 -0700] "GET /images/wsis-logo-sm.png HTTP/1.1" 200 6108 "http://www.thebackcountry.net/" "Mozilla/4.0 (compatible; MSIE 8.0; Windows NT 5.1; Trident/4.0)"
180.76.4.65 - - [11/May/2015:20:02:55 -0700] "GET / HTTP/1.1" 200 6114 "-" "Mozilla/4.0 (compatible; MSIE 7.0; Windows NT 6.0)"
170.75.162.130 - - [11/May/2015:20:06:38 -0700] "GET /lib/reccapi.php?resort=keystone HTTP/1.1" 200 1030 "-" "node-superagent/0.18.2"
208.115.111.66 - - [11/May/2015:20:06:59 -0700] "GET /robots.txt HTTP/1.1" 200 319 "-" "Mozilla/5.0 (compatible; DotBot/1.1; http://www.opensiteexplorer.org/dotbot, help@moz.com)"
170.75.162.130 - - [11/May/2015:20:09:48 -0700] "GET /lib/reccapi.php?resort=mountspokane HTTP/1.1" 200 989 "-" "node-superagent/0.18.2"
170.75.162.130 - - [11/May/2015:20:09:48 -0700] "GET /lib/reccapi.php?resort=mountbachelor HTTP/1.1" 200 1102 "-" "node-superagent/0.18.2"
170.75.162.130 - - [11/May/2015:20:09:48 -0700] "GET /lib/reccapi.php?resort=mountainhigh HTTP/1.1" 200 997 "-" "node-superagent/0.18.2"
170.75.162.130 - - [11/May/2015:20:09:58 -0700] "GET /lib/reccapi.php?resort=mounthoodmeadows HTTP/1.1" 200 1080 "-" "node-superagent/0.18.2"
170.75.162.130 - - [11/May/2015:20:09:58 -0700] "GET /lib/reccapi.php?resort=parkcity HTTP/1.1" 200 984 "-" "node-superagent/0.18.2"
170.75.162.130 - - [11/May/2015:20:10:28 -0700] "GET /lib/reccapi.php?resort=redlodge HTTP/1.1" 200 1012 "-" "node-superagent/0.18.2"
170.75.162.130 - - [11/May/2015:20:10:52 -0700] "GET /lib/reccapi.php?resort=schweitzer HTTP/1.1" 200 965 "-" "node-superagent/0.18.2"
170.75.162.130 - - [11/May/2015:20:11:02 -0700] "GET /lib/reccapi.php?resort=silverstarmountain HTTP/1.1" 200 926 "-" "node-superagent/0.18.2"
170.75.162.130 - - [11/May/2015:20:11:02 -0700] "GET /lib/reccapi.php?resort=smugglersnotch HTTP/1.1" 200 1060 "-" "node-superagent/0.18.2"
170.75.162.130 - - [11/May/2015:20:11:12 -0700] "GET /lib/reccapi.php?resort=snowbasin HTTP/1.1" 200 994 "-" "node-superagent/0.18.2"
170.75.162.130 - - [11/May/2015:20:11:12 -0700] "GET /lib/reccapi.php?resort=snowbird HTTP/1.1" 200 963 "-" "node-superagent/0.18.2"
170.75.162.130 - - [11/May/2015:20:11:22 -0700] "GET /lib/reccapi.php?resort=solitude HTTP/1.1" 200 954 "-" "node-superagent/0.18.2"
170.75.162.130 - - [11/May/2015:20:11:22 -0700] "GET /lib/reccapi.php?resort=steamboat HTTP/1.1" 200 974 "-" "node-superagent/0.18.2"
170.75.162.130 - - [11/May/2015:20:11:22 -0700] "GET /lib/reccapi.php?resort=stowe HTTP/1.1" 200 1040 "-" "node-superagent/0.18.2"
170.75.162.130 - - [11/May/2015:20:12:02 -0700] "GET /lib/reccapi.php?resort=sugarbush HTTP/1.1" 200 1085 "-" "node-superagent/0.18.2"
170.75.162.130 - - [11/May/2015:20:12:02 -0700] "GET /lib/reccapi.php?resort=sugarloaf HTTP/1.1" 200 1027 "-" "node-superagent/0.18.2"
170.75.162.130 - - [11/May/2015:20:12:12 -0700] "GET /lib/reccapi.php?resort=sunpeaksresort HTTP/1.1" 200 909 "-" "node-superagent/0.18.2"
170.75.162.130 - - [11/May/2015:20:12:32 -0700] "GET /lib/reccapi.php?resort=telluride HTTP/1.1" 200 994 "-" "node-superagent/0.18.2"
170.75.162.130 - - [11/May/2015:20:12:52 -0700] "GET /lib/reccapi.php?resort=whistlerblackcomb HTTP/1.1" 200 920 "-" "node-superagent/0.18.2"
170.75.162.130 - - [11/May/2015:20:12:52 -0700] "GET /lib/reccapi.php?resort=whitefacemountain HTTP/1.1" 200 1105 "-" "node-superagent/0.18.2"
170.75.162.130 - - [11/May/2015:20:23:53 -0700] "GET /lib/reccapi.php?resort=sugarbowl HTTP/1.1" 200 979 "-" "node-superagent/0.18.2"
170.75.162.130 - - [11/May/2015:20:25:54 -0700] "GET /lib/reccapi.php?resort=mammothmountain HTTP/1.1" 200 1006 "-" "node-superagent/0.18.2"
24.9.48.140 - - [11/May/2015:20:27:20 -0700] "GET /images/wsis-logo-sm.png HTTP/1.1" 200 6108 "http://thebackcountry.net/" "Mozilla/5.0 (Macintosh; Intel Mac OS X 10_10_2) AppleWebKit/600.3.18 (KHTML, like Gecko) Version/8.0.3 Safari/600.3.18"
75.54.224.223 - - [11/May/2015:20:38:25 -0700] "GET /images/wsis-logo-sm.png HTTP/1.1" 200 6108 "http://www.thebackcountry.net/" "Mozilla/5.0 (iPad; CPU OS 8_3 like Mac OS X) AppleWebKit/600.1.4 (KHTML, like Gecko) Version/8.0 Mobile/12F69 Safari/600.1.4"
123.125.71.95 - - [11/May/2015:20:44:30 -0700] "-" 408 0 "-" "-"
75.42.73.137 - - [11/May/2015:20:48:01 -0700] "GET /images/wsis-logo-sm.png HTTP/1.1" 200 6108 "http://www.thebackcountry.net/" "Mozilla/5.0 (Macintosh; Intel Mac OS X 10_9_5) AppleWebKit/600.2.5 (KHTML, like Gecko) Version/7.1.2 Safari/537.85.11"
220.181.108.145 - - [11/May/2015:20:48:47 -0700] "-" 408 0 "-" "-"
70.214.15.209 - - [11/May/2015:20:51:22 -0700] "GET /images/wsis-logo-sm.png HTTP/1.1" 200 6108 "http://www.thebackcountry.net/" "Mozilla/5.0 (Windows NT 6.1; rv:37.0) Gecko/20100101 Firefox/37.0"
170.75.162.130 - - [11/May/2015:21:07:07 -0700] "GET /lib/reccapi.php?resort=arapahoebasin HTTP/1.1" 200 1058 "-" "node-superagent/0.18.2"
24.180.42.102 - - [11/May/2015:21:10:30 -0700] "-" 408 0 "-" "-"
208.115.111.66 - - [11/May/2015:21:22:52 -0700] "GET /resorts?resort=parkcity&date=2014-06-07 HTTP/1.1" 404 476 "-" "Mozilla/5.0 (compatible; DotBot/1.1; http://www.opensiteexplorer.org/dotbot, help@moz.com)"
208.115.111.66 - - [11/May/2015:21:22:54 -0700] "GET /resorts?resort=mtrose&date=2014-07-01 HTTP/1.1" 404 476 "-" "Mozilla/5.0 (compatible; DotBot/1.1; http://www.opensiteexplorer.org/dotbot, help@moz.com)"
208.115.111.66 - - [11/May/2015:21:22:57 -0700] "GET /resorts?resort=jaypeak&date=2014-06-05 HTTP/1.1" 404 476 "-" "Mozilla/5.0 (compatible; DotBot/1.1; http://www.opensiteexplorer.org/dotbot, help@moz.com)"
46.51.133.253 - - [11/May/2015:21:23:00 -0700] "GET /images/prop1-phone.png HTTP/1.1" 200 8407 "-" "Embedly +support@embed.ly"
208.115.111.66 - - [11/May/2015:21:23:00 -0700] "GET /resorts?resort=sunpeaksresort&date=2014-06-07 HTTP/1.1" 404 476 "-" "Mozilla/5.0 (compatible; DotBot/1.1; http://www.opensiteexplorer.org/dotbot, help@moz.com)"
208.115.111.66 - - [11/May/2015:21:23:02 -0700] "GET /resorts?resort=deervalley&date=2014-06-04 HTTP/1.1" 404 476 "-" "Mozilla/5.0 (compatible; DotBot/1.1; http://www.opensiteexplorer.org/dotbot, help@moz.com)"
23.120.110.137 - - [11/May/2015:21:27:11 -0700] "GET /images/wsis-logo-sm.png HTTP/1.1" 200 6108 "http://www.thebackcountry.net/" "Mozilla/5.0 (iPhone; CPU iPhone OS 8_3 like Mac OS X) AppleWebKit/600.1.4 (KHTML, like Gecko) Version/8.0 Mobile/12F70 Safari/600.1.4"
96.38.182.197 - - [11/May/2015:21:41:49 -0700] "GET /images/wsis-logo-sm.png HTTP/1.1" 200 6108 "http://www.thebackcountry.net/" "Mozilla/5.0 (Linux; Android 5.0.1; SAMSUNG-SGH-I337 Build/LRX22C) AppleWebKit/537.36 (KHTML, like Gecko) Chrome/42.0.2311.111 Mobile Safari/537.36"
123.125.71.43 - - [11/May/2015:21:45:14 -0700] "GET / HTTP/1.1" 200 2339 "-" "Mozilla/5.0 (Windows NT 5.1; rv:6.0.2) Gecko/20100101 Firefox/6.0.2"
123.125.71.25 - - [11/May/2015:21:46:28 -0700] "GET / HTTP/1.1" 200 6114 "-" "Mozilla/5.0 (Windows NT 5.1; rv:6.0.2) Gecko/20100101 Firefox/6.0.2"
208.115.111.66 - - [11/May/2015:21:49:08 -0700] "GET /resorts?resort=49degreesnorth&date=2014-06-25 HTTP/1.1" 404 476 "-" "Mozilla/5.0 (compatible; DotBot/1.1; http://www.opensiteexplorer.org/dotbot, help@moz.com)"
208.115.111.66 - - [11/May/2015:21:49:09 -0700] "GET /resorts?resort=alpenglow&date=2014-07-02 HTTP/1.1" 404 476 "-" "Mozilla/5.0 (compatible; DotBot/1.1; http://www.opensiteexplorer.org/dotbot, help@moz.com)"
208.115.111.66 - - [11/May/2015:21:49:10 -0700] "GET /resorts?resort=alyeska&date=2014-10-03 HTTP/1.1" 404 476 "-" "Mozilla/5.0 (compatible; DotBot/1.1; http://www.opensiteexplorer.org/dotbot, help@moz.com)"
208.115.111.66 - - [11/May/2015:21:49:11 -0700] "GET /resorts?resort=belleayre&date=2014-10-20 HTTP/1.1" 404 476 "-" "Mozilla/5.0 (compatible; DotBot/1.1; http://www.opensiteexplorer.org/dotbot, help@moz.com)"
208.115.111.66 - - [11/May/2015:21:49:12 -0700] "GET /resorts?resort=bogusbasin&date=2014-06-29 HTTP/1.1" 404 476 "-" "Mozilla/5.0 (compatible; DotBot/1.1; http://www.opensiteexplorer.org/dotbot, help@moz.com)"
208.115.111.66 - - [11/May/2015:21:49:12 -0700] "GET /resorts?resort=bogusbasin&date=2014-10-13 HTTP/1.1" 404 476 "-" "Mozilla/5.0 (compatible; DotBot/1.1; http://www.opensiteexplorer.org/dotbot, help@moz.com)"
208.115.111.66 - - [11/May/2015:21:49:13 -0700] "GET /resorts?resort=boyne&date=2014-10-13 HTTP/1.1" 404 476 "-" "Mozilla/5.0 (compatible; DotBot/1.1; http://www.opensiteexplorer.org/dotbot, help@moz.com)"
208.115.111.66 - - [11/May/2015:21:49:14 -0700] "GET /resorts?resort=gore&date=2014-10-09 HTTP/1.1" 404 476 "-" "Mozilla/5.0 (compatible; DotBot/1.1; http://www.opensiteexplorer.org/dotbot, help@moz.com)"
208.115.111.66 - - [11/May/2015:21:49:15 -0700] "GET /resorts?resort=holidayvalley&date=2014-06-17 HTTP/1.1" 404 476 "-" "Mozilla/5.0 (compatible; DotBot/1.1; http://www.opensiteexplorer.org/dotbot, help@moz.com)"
208.115.111.66 - - [11/May/2015:21:49:16 -0700] "GET /resorts?resort=monarch&date=2014-07-07 HTTP/1.1" 404 476 "-" "Mozilla/5.0 (compatible; DotBot/1.1; http://www.opensiteexplorer.org/dotbot, help@moz.com)"
208.115.111.66 - - [11/May/2015:21:49:16 -0700] "GET /resorts?resort=snowbasin&date=2014-06-28 HTTP/1.1" 404 476 "-" "Mozilla/5.0 (compatible; DotBot/1.1; http://www.opensiteexplorer.org/dotbot, help@moz.com)"
208.115.111.66 - - [11/May/2015:21:49:17 -0700] "GET /resorts?resort=sugarbush&date=2014-10-15 HTTP/1.1" 404 476 "-" "Mozilla/5.0 (compatible; DotBot/1.1; http://www.opensiteexplorer.org/dotbot, help@moz.com)"
208.115.111.66 - - [11/May/2015:21:49:18 -0700] "GET /resorts?resort=tamarack&date=2014-07-03 HTTP/1.1" 404 476 "-" "Mozilla/5.0 (compatible; DotBot/1.1; http://www.opensiteexplorer.org/dotbot, help@moz.com)"
208.115.111.66 - - [11/May/2015:21:49:20 -0700] "GET /resorts?resort=whistlerblackcomb&date=2014-06-18 HTTP/1.1" 404 476 "-" "Mozilla/5.0 (compatible; DotBot/1.1; http://www.opensiteexplorer.org/dotbot, help@moz.com)"
220.181.108.175 - - [11/May/2015:21:50:09 -0700] "GET / HTTP/1.1" 200 2339 "-" "Mozilla/5.0 (Windows NT 5.1; rv:6.0.2) Gecko/20100101 Firefox/6.0.2"
220.181.108.79 - - [11/May/2015:21:51:17 -0700] "GET / HTTP/1.1" 200 6114 "-" "Mozilla/5.0 (Windows NT 5.1; rv:6.0.2) Gecko/20100101 Firefox/6.0.2"
66.238.70.164 - - [11/May/2015:21:54:26 -0700] "GET /images/wsis-logo-sm.png HTTP/1.1" 200 6108 "http://www.thebackcountry.net/" "Mozilla/5.0 (Macintosh; Intel Mac OS X 10_9_5) AppleWebKit/537.36 (KHTML, like Gecko) Chrome/42.0.2311.135 Safari/537.36"
170.75.162.130 - - [11/May/2015:21:57:31 -0700] "GET /lib/reccapi.php?resort=jaypeak HTTP/1.1" 200 1074 "-" "node-superagent/0.18.2"
170.75.162.130 - - [11/May/2015:21:57:31 -0700] "GET /lib/reccapi.php?resort=killington HTTP/1.1" 200 1116 "-" "node-superagent/0.18.2"
170.75.162.130 - - [11/May/2015:21:57:31 -0700] "GET /lib/reccapi.php?resort=madriverglen HTTP/1.1" 200 1087 "-" "node-superagent/0.18.2"
71.83.119.22 - - [11/May/2015:21:59:57 -0700] "GET /images/wsis-logo-sm.png HTTP/1.1" 200 6108 "http://www.thebackcountry.net/" "Mozilla/5.0 (Macintosh; Intel Mac OS X 10_8_5) AppleWebKit/537.74.9 (KHTML, like Gecko) Version/6.1.2 Safari/537.74.9"
170.75.162.130 - - [11/May/2015:22:00:52 -0700] "GET /lib/reccapi.php?resort=cannonmountain HTTP/1.1" 200 1068 "-" "node-superagent/0.18.2"
170.75.162.130 - - [11/May/2015:22:00:53 -0700] "GET /lib/reccapi.php?resort=sundayriver HTTP/1.1" 200 1027 "-" "node-superagent/0.18.2"
180.76.4.73 - - [11/May/2015:22:03:49 -0700] "GET / HTTP/1.1" 200 6114 "-" "Mozilla/4.0 (compatible; MSIE 7.0; Windows NT 6.0)"
208.115.113.83 - - [11/May/2015:22:08:05 -0700] "GET /robots.txt HTTP/1.1" 200 319 "-" "Mozilla/5.0 (compatible; DotBot/1.1; http://www.opensiteexplorer.org/dotbot, help@moz.com)"
173.209.212.147 - - [11/May/2015:22:17:03 -0700] "GET /images/wsis-logo-sm.png HTTP/1.1" 200 6108 "https://www.google.com/" "Mozilla/5.0 (Linux; U; Android 4.4; en-us; LGL34C/V100 Build/KRT16S.L34CV10c) AppleWebKit/537.36 (KHTML, like Gecko) Version/4.2 Chrome/30.0.1599.103 Mobile Safari/537.36"
61.160.223.78 - - [11/May/2015:22:19:53 -0700] "POST /user.action HTTP/1.1" 404 553 "-" "Mozilla/5.0"
170.75.162.130 - - [11/May/2015:22:24:44 -0700] "GET /lib/reccapi.php?resort=aspenheights HTTP/1.1" 200 1054 "-" "node-superagent/0.18.2"
170.75.162.130 - - [11/May/2015:22:24:44 -0700] "GET /lib/reccapi.php?resort=aspenmountain HTTP/1.1" 200 1036 "-" "node-superagent/0.18.2"
170.75.162.130 - - [11/May/2015:22:24:44 -0700] "GET /lib/reccapi.php?resort=coppermountain HTTP/1.1" 200 1033 "-" "node-superagent/0.18.2"
170.75.162.130 - - [11/May/2015:22:24:44 -0700] "GET /lib/reccapi.php?resort=crestedbutte HTTP/1.1" 200 1058 "-" "node-superagent/0.18.2"
170.75.162.130 - - [11/May/2015:22:24:44 -0700] "GET /lib/reccapi.php?resort=loveland HTTP/1.1" 200 1033 "-" "node-superagent/0.18.2"
170.75.162.130 - - [11/May/2015:22:24:44 -0700] "GET /lib/reccapi.php?resort=monarch HTTP/1.1" 200 999 "-" "node-superagent/0.18.2"
170.75.162.130 - - [11/May/2015:22:24:44 -0700] "GET /lib/reccapi.php?resort=winterpark HTTP/1.1" 200 1044 "-" "node-superagent/0.18.2"
63.141.227.74 - - [11/May/2015:22:33:15 -0700] "GET / HTTP/1.1" 200 2376 "-" "Mozilla/4.0 (compatible; MSIE 6.0; Windows NT 5.1; SV1; Mozilla/4.0 (compatible; MSIE 6.0; Windows NT 5.1; SV1) )"
170.75.162.130 - - [11/May/2015:22:43:35 -0700] "GET /lib/reccapi.php?resort=heavenly HTTP/1.1" 200 993 "-" "node-superagent/0.18.2"
123.125.71.16 - - [11/May/2015:22:58:01 -0700] "-" 408 0 "-" "-"
220.181.108.183 - - [11/May/2015:23:02:51 -0700] "-" 408 0 "-" "-"
100.43.91.4 - - [11/May/2015:23:11:34 -0700] "GET /robots.txt HTTP/1.1" 200 375 "-" "Mozilla/5.0 (compatible; YandexBot/3.0; +http://yandex.com/bots)"
157.55.39.63 - - [11/May/2015:23:16:48 -0700] "GET / HTTP/1.1" 200 2376 "-" "Mozilla/5.0 (compatible; bingbot/2.0; +http://www.bing.com/bingbot.htm)"
170.75.162.130 - - [11/May/2015:23:18:18 -0700] "GET /lib/reccapi.php?resort=hoodoo HTTP/1.1" 200 1009 "-" "node-superagent/0.18.2"
208.115.113.83 - - [11/May/2015:23:22:43 -0700] "GET /resorts?resort=keystone&date=2014-06-29 HTTP/1.1" 404 476 "-" "Mozilla/5.0 (compatible; DotBot/1.1; http://www.opensiteexplorer.org/dotbot, help@moz.com)"
208.115.113.83 - - [11/May/2015:23:22:49 -0700] "GET /resorts?resort=smugglersnotch&date=2014-06-30 HTTP/1.1" 404 476 "-" "Mozilla/5.0 (compatible; DotBot/1.1; http://www.opensiteexplorer.org/dotbot, help@moz.com)"
208.115.113.83 - - [11/May/2015:23:22:51 -0700] "GET /resorts?resort=buttermilk&date=2014-06-23 HTTP/1.1" 404 476 "-" "Mozilla/5.0 (compatible; DotBot/1.1; http://www.opensiteexplorer.org/dotbot, help@moz.com)"
208.115.113.83 - - [11/May/2015:23:22:52 -0700] "GET /resorts?resort=killington&date=2014-10-06 HTTP/1.1" 404 476 "-" "Mozilla/5.0 (compatible; DotBot/1.1; http://www.opensiteexplorer.org/dotbot, help@moz.com)"
208.115.113.83 - - [11/May/2015:23:22:53 -0700] "GET /resorts?resort=buttermilk&date=2014-10-15 HTTP/1.1" 404 476 "-" "Mozilla/5.0 (compatible; DotBot/1.1; http://www.opensiteexplorer.org/dotbot, help@moz.com)"
208.115.113.83 - - [11/May/2015:23:22:55 -0700] "GET /resorts?resort=snowbasin&date=2014-10-06 HTTP/1.1" 404 476 "-" "Mozilla/5.0 (compatible; DotBot/1.1; http://www.opensiteexplorer.org/dotbot, help@moz.com)"
208.115.113.83 - - [11/May/2015:23:22:57 -0700] "GET /resorts?resort=mammothmountain&date=2014-11-02 HTTP/1.1" 404 476 "-" "Mozilla/5.0 (compatible; DotBot/1.1; http://www.opensiteexplorer.org/dotbot, help@moz.com)"
24.5.238.43 - - [11/May/2015:23:34:29 -0700] "GET /images/wsis-logo-sm.png HTTP/1.1" 200 6108 "http://www.thebackcountry.net/" "Mozilla/5.0 (Windows NT 6.3; WOW64) AppleWebKit/537.36 (KHTML, like Gecko) Chrome/42.0.2311.135 Safari/537.36"
66.75.83.94 - - [11/May/2015:23:37:10 -0700] "GET /images/wsis-logo-sm.png HTTP/1.1" 200 6108 "http://www.thebackcountry.net/" "Mozilla/5.0 (Windows NT 6.1; WOW64; rv:37.0) Gecko/20100101 Firefox/37.0"
208.115.113.83 - - [11/May/2015:23:51:42 -0700] "GET /resorts?resort=alpenglow&date=2014-06-14 HTTP/1.1" 404 476 "-" "Mozilla/5.0 (compatible; DotBot/1.1; http://www.opensiteexplorer.org/dotbot, help@moz.com)"
208.115.113.83 - - [11/May/2015:23:51:43 -0700] "GET /resorts?resort=bridgerbowl&date=2014-10-29 HTTP/1.1" 404 476 "-" "Mozilla/5.0 (compatible; DotBot/1.1; http://www.opensiteexplorer.org/dotbot, help@moz.com)"
208.115.113.83 - - [11/May/2015:23:51:43 -0700] "GET /resorts?resort=canyons&date=2014-06-18 HTTP/1.1" 404 476 "-" "Mozilla/5.0 (compatible; DotBot/1.1; http://www.opensiteexplorer.org/dotbot, help@moz.com)"
208.115.113.83 - - [11/May/2015:23:51:44 -0700] "GET /resorts?resort=canyons&date=2014-10-17 HTTP/1.1" 404 476 "-" "Mozilla/5.0 (compatible; DotBot/1.1; http://www.opensiteexplorer.org/dotbot, help@moz.com)"
208.115.113.83 - - [11/May/2015:23:51:45 -0700] "GET /resorts?resort=chinapeak&date=2014-06-29 HTTP/1.1" 404 476 "-" "Mozilla/5.0 (compatible; DotBot/1.1; http://www.opensiteexplorer.org/dotbot, help@moz.com)"
208.115.113.83 - - [11/May/2015:23:51:47 -0700] "GET /resorts?resort=crystalmountain&date=2014-10-03 HTTP/1.1" 404 476 "-" "Mozilla/5.0 (compatible; DotBot/1.1; http://www.opensiteexplorer.org/dotbot, help@moz.com)"
208.115.113.83 - - [11/May/2015:23:51:48 -0700] "GET /resorts?resort=deervalley&date=2014-06-18 HTTP/1.1" 404 476 "-" "Mozilla/5.0 (compatible; DotBot/1.1; http://www.opensiteexplorer.org/dotbot, help@moz.com)"
208.115.113.83 - - [11/May/2015:23:51:49 -0700] "GET /resorts?resort=dodgeridge&date=2014-10-05 HTTP/1.1" 404 476 "-" "Mozilla/5.0 (compatible; DotBot/1.1; http://www.opensiteexplorer.org/dotbot, help@moz.com)"
66.249.79.250 - - [11/May/2015:23:51:49 -0700] "GET / HTTP/1.1" 200 2376 "-" "Mozilla/5.0 (iPhone; CPU iPhone OS 6_0 like Mac OS X) AppleWebKit/536.26 (KHTML, like Gecko) Version/6.0 Mobile/10A5376e Safari/8536.25 (compatible; Googlebot/2.1; +http://www.google.com/bot.html)"
208.115.113.83 - - [11/May/2015:23:51:49 -0700] "GET /resorts?resort=greekpeak&date=2014-10-24 HTTP/1.1" 404 476 "-" "Mozilla/5.0 (compatible; DotBot/1.1; http://www.opensiteexplorer.org/dotbot, help@moz.com)"
208.115.113.83 - - [11/May/2015:23:51:50 -0700] "GET /resorts?resort=hoodoo&date=2014-09-30 HTTP/1.1" 404 476 "-" "Mozilla/5.0 (compatible; DotBot/1.1; http://www.opensiteexplorer.org/dotbot, help@moz.com)"
208.115.113.83 - - [11/May/2015:23:51:51 -0700] "GET /resorts?resort=jaypeak&date=2014-11-07 HTTP/1.1" 404 476 "-" "Mozilla/5.0 (compatible; DotBot/1.1; http://www.opensiteexplorer.org/dotbot, help@moz.com)"
208.115.113.83 - - [11/May/2015:23:51:52 -0700] "GET /resorts?resort=kirkwood&date=2014-11-02 HTTP/1.1" 404 476 "-" "Mozilla/5.0 (compatible; DotBot/1.1; http://www.opensiteexplorer.org/dotbot, help@moz.com)"
208.115.113.83 - - [11/May/2015:23:51:52 -0700] "GET /resorts?resort=maverickmountain&date=2014-10-22 HTTP/1.1" 404 476 "-" "Mozilla/5.0 (compatible; DotBot/1.1; http://www.opensiteexplorer.org/dotbot, help@moz.com)"
208.115.113.83 - - [11/May/2015:23:51:53 -0700] "GET /resorts?resort=missionridge&date=2014-10-02 HTTP/1.1" 404 476 "-" "Mozilla/5.0 (compatible; DotBot/1.1; http://www.opensiteexplorer.org/dotbot, help@moz.com)"
208.115.113.83 - - [11/May/2015:23:51:54 -0700] "GET /resorts?resort=pebblecreek&date=2014-06-27 HTTP/1.1" 404 476 "-" "Mozilla/5.0 (compatible; DotBot/1.1; http://www.opensiteexplorer.org/dotbot, help@moz.com)"
208.115.113.83 - - [11/May/2015:23:51:54 -0700] "GET /resorts?resort=purgatory&date=2014-06-05 HTTP/1.1" 404 476 "-" "Mozilla/5.0 (compatible; DotBot/1.1; http://www.opensiteexplorer.org/dotbot, help@moz.com)"
208.115.113.83 - - [11/May/2015:23:51:55 -0700] "GET /resorts?resort=redmountain&date=2014-06-30 HTTP/1.1" 404 476 "-" "Mozilla/5.0 (compatible; DotBot/1.1; http://www.opensiteexplorer.org/dotbot, help@moz.com)"
208.115.113.83 - - [11/May/2015:23:51:56 -0700] "GET /resorts?resort=soldiermountain&date=2014-06-18 HTTP/1.1" 404 476 "-" "Mozilla/5.0 (compatible; DotBot/1.1; http://www.opensiteexplorer.org/dotbot, help@moz.com)"
208.115.113.83 - - [11/May/2015:23:51:57 -0700] "GET /resorts?resort=sunvalley&date=2014-06-28 HTTP/1.1" 404 476 "-" "Mozilla/5.0 (compatible; DotBot/1.1; http://www.opensiteexplorer.org/dotbot, help@moz.com)"
208.115.113.83 - - [11/May/2015:23:51:57 -0700] "GET /resorts?resort=tamarack&date=2014-10-28 HTTP/1.1" 404 476 "-" "Mozilla/5.0 (compatible; DotBot/1.1; http://www.opensiteexplorer.org/dotbot, help@moz.com)"
208.115.113.83 - - [11/May/2015:23:51:58 -0700] "GET /resorts?resort=whitecapmountain&date=2014-06-05 HTTP/1.1" 404 476 "-" "Mozilla/5.0 (compatible; DotBot/1.1; http://www.opensiteexplorer.org/dotbot, help@moz.com)"
208.115.113.83 - - [11/May/2015:23:51:59 -0700] "GET /resorts?resort=whitewater&date=2014-09-27 HTTP/1.1" 404 476 "-" "Mozilla/5.0 (compatible; DotBot/1.1; http://www.opensiteexplorer.org/dotbot, help@moz.com)"
180.76.4.219 - - [11/May/2015:23:52:12 -0700] "GET / HTTP/1.1" 200 6114 "-" "Mozilla/4.0 (compatible; MSIE 7.0; Windows NT 6.0)"
123.125.71.117 - - [11/May/2015:23:57:10 -0700] "-" 408 0 "-" "-"
66.249.79.53 - - [11/May/2015:23:58:43 -0700] "GET / HTTP/1.1" 200 2376 "-" "Mozilla/5.0 (iPhone; CPU iPhone OS 6_0 like Mac OS X) AppleWebKit/536.26 (KHTML, like Gecko) Version/6.0 Mobile/10A5376e Safari/8536.25 (compatible; Googlebot/2.1; +http://www.google.com/bot.html)"
220.181.108.173 - - [12/May/2015:00:02:32 -0700] "-" 408 0 "-" "-"
170.75.162.130 - - [12/May/2015:00:03:42 -0700] "GET /lib/reccapi.php?resort=49degreesnorth HTTP/1.1" 200 1103 "-" "node-superagent/0.18.2"
208.115.111.66 - - [12/May/2015:00:06:07 -0700] "GET /robots.txt HTTP/1.1" 200 319 "-" "Mozilla/5.0 (compatible; DotBot/1.1; http://www.opensiteexplorer.org/dotbot, help@moz.com)"
75.42.77.76 - - [12/May/2015:00:22:40 -0700] "GET /images/wsis-logo-sm.png HTTP/1.1" 200 6108 "http://www.thebackcountry.net/" "Mozilla/5.0 (Macintosh; Intel Mac OS X 10_9_5) AppleWebKit/537.36 (KHTML, like Gecko) Chrome/42.0.2311.135 Safari/537.36"
170.75.162.130 - - [12/May/2015:00:22:44 -0700] "GET /lib/reccapi.php?resort=whistlerblackcomb HTTP/1.1" 200 919 "-" "node-superagent/0.18.2"
180.76.5.17 - - [12/May/2015:00:31:28 -0700] "GET / HTTP/1.1" 200 2339 "-" "Mozilla/5.0 (compatible; Baiduspider/2.0; +http://www.baidu.com/search/spider.html)"
199.16.156.124 - - [12/May/2015:00:38:53 -0700] "GET /robots.txt HTTP/1.1" 200 363 "-" "Twitterbot/1.0"
199.16.156.124 - - [12/May/2015:00:38:53 -0700] "GET / HTTP/1.1" 200 2320 "-" "Twitterbot/1.0"
72.130.222.54 - - [12/May/2015:00:54:37 -0700] "GET /images/wsis-logo-sm.png HTTP/1.1" 200 6108 "http://www.thebackcountry.net/" "Mozilla/5.0 (iPhone; CPU iPhone OS 8_3 like Mac OS X) AppleWebKit/600.1.4 (KHTML, like Gecko) Version/8.0 Mobile/12F70 Safari/600.1.4"
170.75.162.130 - - [12/May/2015:00:59:47 -0700] "GET /lib/reccapi.php?resort=sugarbowl HTTP/1.1" 200 965 "-" "node-superagent/0.18.2"
14.152.90.8 - - [12/May/2015:01:00:48 -0700] "HEAD / HTTP/1.1" 200 291 "-" "-"
14.152.90.8 - - [12/May/2015:01:00:49 -0700] "GET / HTTP/1.1" 200 6095 "-" "-"
123.125.71.110 - - [12/May/2015:01:10:36 -0700] "-" 408 0 "-" "-"
220.181.108.144 - - [12/May/2015:01:14:57 -0700] "GET / HTTP/1.1" 200 2339 "-" "Mozilla/5.0 (Windows NT 5.1; rv:6.0.2) Gecko/20100101 Firefox/6.0.2"
220.181.108.142 - - [12/May/2015:01:16:21 -0700] "GET / HTTP/1.1" 200 6114 "-" "Mozilla/5.0 (Windows NT 5.1; rv:6.0.2) Gecko/20100101 Firefox/6.0.2"
170.75.162.130 - - [12/May/2015:01:19:48 -0700] "GET /lib/reccapi.php?resort=grandtarghee HTTP/1.1" 200 1077 "-" "node-superagent/0.18.2"
170.75.162.130 - - [12/May/2015:01:19:48 -0700] "GET /lib/reccapi.php?resort=jacksonhole HTTP/1.1" 200 1064 "-" "node-superagent/0.18.2"
208.115.111.66 - - [12/May/2015:01:22:50 -0700] "GET /resorts?resort=angelfire&date=2014-11-18 HTTP/1.1" 404 476 "-" "Mozilla/5.0 (compatible; DotBot/1.1; http://www.opensiteexplorer.org/dotbot, help@moz.com)"
208.115.111.66 - - [12/May/2015:01:22:54 -0700] "GET /resorts?resort=stowe&date=2014-11-20 HTTP/1.1" 404 476 "-" "Mozilla/5.0 (compatible; DotBot/1.1; http://www.opensiteexplorer.org/dotbot, help@moz.com)"
208.115.111.66 - - [12/May/2015:01:22:57 -0700] "GET /resorts?resort=redlodge&date=2014-11-12 HTTP/1.1" 404 476 "-" "Mozilla/5.0 (compatible; DotBot/1.1; http://www.opensiteexplorer.org/dotbot, help@moz.com)"
208.115.111.66 - - [12/May/2015:01:22:58 -0700] "GET /resorts?resort=aspenmountain&date=2014-07-03 HTTP/1.1" 404 476 "-" "Mozilla/5.0 (compatible; DotBot/1.1; http://www.opensiteexplorer.org/dotbot, help@moz.com)"
208.115.111.66 - - [12/May/2015:01:23:00 -0700] "GET /resorts?resort=whitepass&date=2014-06-17 HTTP/1.1" 404 476 "-" "Mozilla/5.0 (compatible; DotBot/1.1; http://www.opensiteexplorer.org/dotbot, help@moz.com)"
208.115.111.66 - - [12/May/2015:01:23:03 -0700] "GET /resorts?resort=sundayriver&date=2014-10-30 HTTP/1.1" 404 476 "-" "Mozilla/5.0 (compatible; DotBot/1.1; http://www.opensiteexplorer.org/dotbot, help@moz.com)"
208.115.111.66 - - [12/May/2015:01:23:04 -0700] "GET /resorts?resort=buttermilk&date=2014-06-05 HTTP/1.1" 404 476 "-" "Mozilla/5.0 (compatible; DotBot/1.1; http://www.opensiteexplorer.org/dotbot, help@moz.com)"
208.115.111.66 - - [12/May/2015:01:23:06 -0700] "GET /resorts?resort=grandtarghee&date=2014-11-16 HTTP/1.1" 404 476 "-" "Mozilla/5.0 (compatible; DotBot/1.1; http://www.opensiteexplorer.org/dotbot, help@moz.com)"
170.75.162.130 - - [12/May/2015:01:30:49 -0700] "GET /lib/reccapi.php?resort=angelfire HTTP/1.1" 200 1034 "-" "node-superagent/0.18.2"
208.115.111.66 - - [12/May/2015:01:44:16 -0700] "GET /resorts?resort=bogusbasin&date=2014-10-17 HTTP/1.1" 404 476 "-" "Mozilla/5.0 (compatible; DotBot/1.1; http://www.opensiteexplorer.org/dotbot, help@moz.com)"
208.115.111.66 - - [12/May/2015:01:44:16 -0700] "GET /resorts?resort=cannonmountain&date=2014-09-29 HTTP/1.1" 404 476 "-" "Mozilla/5.0 (compatible; DotBot/1.1; http://www.opensiteexplorer.org/dotbot, help@moz.com)"
208.115.111.66 - - [12/May/2015:01:44:17 -0700] "GET /resorts?resort=deervalley&date=2014-10-12 HTTP/1.1" 404 476 "-" "Mozilla/5.0 (compatible; DotBot/1.1; http://www.opensiteexplorer.org/dotbot, help@moz.com)"
208.115.111.66 - - [12/May/2015:01:44:18 -0700] "GET /resorts?resort=gore&date=2014-10-05 HTTP/1.1" 404 476 "-" "Mozilla/5.0 (compatible; DotBot/1.1; http://www.opensiteexplorer.org/dotbot, help@moz.com)"
208.115.111.66 - - [12/May/2015:01:44:19 -0700] "GET /resorts?resort=greekpeak&date=2014-10-02 HTTP/1.1" 404 476 "-" "Mozilla/5.0 (compatible; DotBot/1.1; http://www.opensiteexplorer.org/dotbot, help@moz.com)"
208.115.111.66 - - [12/May/2015:01:44:19 -0700] "GET /resorts?resort=jaypeak&date=2014-10-15 HTTP/1.1" 404 476 "-" "Mozilla/5.0 (compatible; DotBot/1.1; http://www.opensiteexplorer.org/dotbot, help@moz.com)"
208.115.111.66 - - [12/May/2015:01:44:20 -0700] "GET /resorts?resort=kickinghorsemountain&date=2014-10-14 HTTP/1.1" 404 476 "-" "Mozilla/5.0 (compatible; DotBot/1.1; http://www.opensiteexplorer.org/dotbot, help@moz.com)"
208.115.111.66 - - [12/May/2015:01:44:21 -0700] "GET /resorts?resort=lookoutpass&date=2014-10-10 HTTP/1.1" 404 476 "-" "Mozilla/5.0 (compatible; DotBot/1.1; http://www.opensiteexplorer.org/dotbot, help@moz.com)"
208.115.111.66 - - [12/May/2015:01:44:22 -0700] "GET /resorts?resort=lutsen&date=2014-11-03 HTTP/1.1" 404 476 "-" "Mozilla/5.0 (compatible; DotBot/1.1; http://www.opensiteexplorer.org/dotbot, help@moz.com)"
208.115.111.66 - - [12/May/2015:01:44:22 -0700] "GET /resorts?resort=marquette&date=2014-11-09 HTTP/1.1" 404 476 "-" "Mozilla/5.0 (compatible; DotBot/1.1; http://www.opensiteexplorer.org/dotbot, help@moz.com)"
208.115.111.66 - - [12/May/2015:01:44:23 -0700] "GET /resorts?resort=mountashland&date=2014-07-02 HTTP/1.1" 404 476 "-" "Mozilla/5.0 (compatible; DotBot/1.1; http://www.opensiteexplorer.org/dotbot, help@moz.com)"
208.115.111.66 - - [12/May/2015:01:44:24 -0700] "GET /resorts?resort=mountwashingtonalpine&date=2014-10-15 HTTP/1.1" 404 476 "-" "Mozilla/5.0 (compatible; DotBot/1.1; http://www.opensiteexplorer.org/dotbot, help@moz.com)"
208.115.111.66 - - [12/May/2015:01:44:24 -0700] "GET /resorts?resort=parkcity&date=2014-11-16 HTTP/1.1" 404 476 "-" "Mozilla/5.0 (compatible; DotBot/1.1; http://www.opensiteexplorer.org/dotbot, help@moz.com)"
208.115.111.66 - - [12/May/2015:01:44:25 -0700] "GET /resorts?resort=redriver&date=2014-10-03 HTTP/1.1" 404 476 "-" "Mozilla/5.0 (compatible; DotBot/1.1; http://www.opensiteexplorer.org/dotbot, help@moz.com)"
208.115.111.66 - - [12/May/2015:01:44:26 -0700] "GET /resorts?resort=silverstarmountain&date=2014-10-27 HTTP/1.1" 404 476 "-" "Mozilla/5.0 (compatible; DotBot/1.1; http://www.opensiteexplorer.org/dotbot, help@moz.com)"
208.115.111.66 - - [12/May/2015:01:44:27 -0700] "GET /resorts?resort=snowbasin&date=2014-10-20 HTTP/1.1" 404 476 "-" "Mozilla/5.0 (compatible; DotBot/1.1; http://www.opensiteexplorer.org/dotbot, help@moz.com)"
208.115.111.66 - - [12/May/2015:01:44:27 -0700] "GET /resorts?resort=aftonalps&date=2014-09-29 HTTP/1.1" 404 476 "-" "Mozilla/5.0 (compatible; DotBot/1.1; http://www.opensiteexplorer.org/dotbot, help@moz.com)"
208.115.111.66 - - [12/May/2015:01:44:28 -0700] "GET /resorts?resort=alpinemeadows&date=2014-10-16 HTTP/1.1" 404 476 "-" "Mozilla/5.0 (compatible; DotBot/1.1; http://www.opensiteexplorer.org/dotbot, help@moz.com)"
170.75.162.130 - - [12/May/2015:01:47:00 -0700] "GET /lib/reccapi.php?resort=alta HTTP/1.1" 200 997 "-" "node-superagent/0.18.2"
170.75.162.130 - - [12/May/2015:01:47:00 -0700] "GET /lib/reccapi.php?resort=sugarloaf HTTP/1.1" 200 1088 "-" "node-superagent/0.18.2"
170.75.162.130 - - [12/May/2015:01:59:01 -0700] "GET /lib/reccapi.php?resort=diamondpeak HTTP/1.1" 200 958 "-" "node-superagent/0.18.2"
123.125.71.17 - - [12/May/2015:01:59:13 -0700] "-" 408 0 "-" "-"
220.181.108.179 - - [12/May/2015:02:04:02 -0700] "-" 408 0 "-" "-"
157.55.39.63 - - [12/May/2015:02:06:16 -0700] "GET / HTTP/1.1" 200 2376 "-" "Mozilla/5.0 (compatible; bingbot/2.0; +http://www.bing.com/bingbot.htm)"
208.115.113.83 - - [12/May/2015:02:07:36 -0700] "GET /robots.txt HTTP/1.1" 200 319 "-" "Mozilla/5.0 (compatible; DotBot/1.1; http://www.opensiteexplorer.org/dotbot, help@moz.com)"
180.76.4.240 - - [12/May/2015:02:08:20 -0700] "GET / HTTP/1.1" 200 6114 "-" "Mozilla/4.0 (compatible; MSIE 7.0; Windows NT 6.0)"
144.76.29.162 - - [12/May/2015:02:30:11 -0700] "GET /robots.txt HTTP/1.0" 200 338 "-" "Mozilla/5.0 (compatible; MJ12bot/v1.4.5; http://www.majestic12.co.uk/bot.php?+)"
144.76.29.162 - - [12/May/2015:02:30:13 -0700] "GET /resorts?resort=49degreesnorth HTTP/1.0" 404 495 "-" "Mozilla/5.0 (compatible; MJ12bot/v1.4.5; http://www.majestic12.co.uk/bot.php?+)"
144.76.29.162 - - [12/May/2015:02:30:15 -0700] "GET /resorts?resort=alta HTTP/1.0" 404 469 "-" "Mozilla/5.0 (compatible; MJ12bot/v1.4.5; http://www.majestic12.co.uk/bot.php?+)"
144.76.29.162 - - [12/May/2015:02:30:16 -0700] "GET /resorts?resort=alyeska HTTP/1.0" 404 469 "-" "Mozilla/5.0 (compatible; MJ12bot/v1.4.5; http://www.majestic12.co.uk/bot.php?+)"
144.76.29.162 - - [12/May/2015:02:30:18 -0700] "GET /resorts?resort=angelfire HTTP/1.0" 404 469 "-" "Mozilla/5.0 (compatible; MJ12bot/v1.4.5; http://www.majestic12.co.uk/bot.php?+)"
144.76.29.162 - - [12/May/2015:02:30:20 -0700] "GET /resorts?resort=arapahoebasin HTTP/1.0" 404 469 "-" "Mozilla/5.0 (compatible; MJ12bot/v1.4.5; http://www.majestic12.co.uk/bot.php?+)"
144.76.29.162 - - [12/May/2015:02:30:22 -0700] "GET /resorts?resort=aspenheights HTTP/1.0" 404 469 "-" "Mozilla/5.0 (compatible; MJ12bot/v1.4.5; http://www.majestic12.co.uk/bot.php?+)"
144.76.29.162 - - [12/May/2015:02:30:24 -0700] "GET /resorts?resort=aspenmountain HTTP/1.0" 404 469 "-" "Mozilla/5.0 (compatible; MJ12bot/v1.4.5; http://www.majestic12.co.uk/bot.php?+)"
144.76.29.162 - - [12/May/2015:02:30:25 -0700] "GET /resorts?resort=bigsky HTTP/1.0" 404 469 "-" "Mozilla/5.0 (compatible; MJ12bot/v1.4.5; http://www.majestic12.co.uk/bot.php?+)"
144.76.29.162 - - [12/May/2015:02:30:27 -0700] "GET /resorts?resort=bigwhite HTTP/1.0" 404 469 "-" "Mozilla/5.0 (compatible; MJ12bot/v1.4.5; http://www.majestic12.co.uk/bot.php?+)"
144.76.29.162 - - [12/May/2015:02:30:29 -0700] "GET /resorts?resort=brianhead HTTP/1.0" 404 469 "-" "Mozilla/5.0 (compatible; MJ12bot/v1.4.5; http://www.majestic12.co.uk/bot.php?+)"
144.76.29.162 - - [12/May/2015:02:30:31 -0700] "GET /resorts?resort=brighton HTTP/1.0" 404 469 "-" "Mozilla/5.0 (compatible; MJ12bot/v1.4.5; http://www.majestic12.co.uk/bot.php?+)"
144.76.29.162 - - [12/May/2015:02:30:32 -0700] "GET /resorts?resort=buttermilk HTTP/1.0" 404 469 "-" "Mozilla/5.0 (compatible; MJ12bot/v1.4.5; http://www.majestic12.co.uk/bot.php?+)"
144.76.29.162 - - [12/May/2015:02:30:34 -0700] "GET /resorts?resort=cannonmountain HTTP/1.0" 404 469 "-" "Mozilla/5.0 (compatible; MJ12bot/v1.4.5; http://www.majestic12.co.uk/bot.php?+)"
144.76.29.162 - - [12/May/2015:02:30:36 -0700] "GET /resorts?resort=canyons HTTP/1.0" 404 469 "-" "Mozilla/5.0 (compatible; MJ12bot/v1.4.5; http://www.majestic12.co.uk/bot.php?+)"
144.76.29.162 - - [12/May/2015:02:30:38 -0700] "GET /resorts?resort=chinapeak HTTP/1.0" 404 469 "-" "Mozilla/5.0 (compatible; MJ12bot/v1.4.5; http://www.majestic12.co.uk/bot.php?+)"
144.76.29.162 - - [12/May/2015:02:30:40 -0700] "GET /resorts?resort=coppermountain HTTP/1.0" 404 469 "-" "Mozilla/5.0 (compatible; MJ12bot/v1.4.5; http://www.majestic12.co.uk/bot.php?+)"
144.76.29.162 - - [12/May/2015:02:30:42 -0700] "GET /resorts?resort=crestedbutte HTTP/1.0" 404 469 "-" "Mozilla/5.0 (compatible; MJ12bot/v1.4.5; http://www.majestic12.co.uk/bot.php?+)"
144.76.29.162 - - [12/May/2015:02:30:43 -0700] "GET /resorts?resort=crystalmountain HTTP/1.0" 404 469 "-" "Mozilla/5.0 (compatible; MJ12bot/v1.4.5; http://www.majestic12.co.uk/bot.php?+)"
144.76.29.162 - - [12/May/2015:02:30:45 -0700] "GET /resorts?resort=deervalley HTTP/1.0" 404 469 "-" "Mozilla/5.0 (compatible; MJ12bot/v1.4.5; http://www.majestic12.co.uk/bot.php?+)"
144.76.29.162 - - [12/May/2015:02:30:47 -0700] "GET /resorts?resort=devilshead HTTP/1.0" 404 469 "-" "Mozilla/5.0 (compatible; MJ12bot/v1.4.5; http://www.majestic12.co.uk/bot.php?+)"
144.76.29.162 - - [12/May/2015:02:30:48 -0700] "GET /resorts?resort=grandtarghee HTTP/1.0" 404 469 "-" "Mozilla/5.0 (compatible; MJ12bot/v1.4.5; http://www.majestic12.co.uk/bot.php?+)"
144.76.29.162 - - [12/May/2015:02:30:50 -0700] "GET /resorts?resort=hoodoo HTTP/1.0" 404 469 "-" "Mozilla/5.0 (compatible; MJ12bot/v1.4.5; http://www.majestic12.co.uk/bot.php?+)"
144.76.29.162 - - [12/May/2015:02:30:51 -0700] "GET /resorts?resort=jacksonhole HTTP/1.0" 404 469 "-" "Mozilla/5.0 (compatible; MJ12bot/v1.4.5; http://www.majestic12.co.uk/bot.php?+)"
144.76.29.162 - - [12/May/2015:02:30:53 -0700] "GET /resorts?resort=jaypeak HTTP/1.0" 404 469 "-" "Mozilla/5.0 (compatible; MJ12bot/v1.4.5; http://www.majestic12.co.uk/bot.php?+)"
144.76.29.162 - - [12/May/2015:02:30:56 -0700] "GET /resorts?resort=keystone HTTP/1.0" 404 469 "-" "Mozilla/5.0 (compatible; MJ12bot/v1.4.5; http://www.majestic12.co.uk/bot.php?+)"
144.76.29.162 - - [12/May/2015:02:30:57 -0700] "GET /resorts?resort=killington HTTP/1.0" 404 469 "-" "Mozilla/5.0 (compatible; MJ12bot/v1.4.5; http://www.majestic12.co.uk/bot.php?+)"
144.76.29.162 - - [12/May/2015:02:30:59 -0700] "GET /resorts?resort=loveland HTTP/1.0" 404 469 "-" "Mozilla/5.0 (compatible; MJ12bot/v1.4.5; http://www.majestic12.co.uk/bot.php?+)"
144.76.29.162 - - [12/May/2015:02:31:01 -0700] "GET /resorts?resort=madriverglen HTTP/1.0" 404 469 "-" "Mozilla/5.0 (compatible; MJ12bot/v1.4.5; http://www.majestic12.co.uk/bot.php?+)"
144.76.29.162 - - [12/May/2015:02:31:03 -0700] "GET /resorts?resort=mammothmountain HTTP/1.0" 404 469 "-" "Mozilla/5.0 (compatible; MJ12bot/v1.4.5; http://www.majestic12.co.uk/bot.php?+)"
144.76.29.162 - - [12/May/2015:02:31:05 -0700] "GET /resorts?resort=monarch HTTP/1.0" 404 469 "-" "Mozilla/5.0 (compatible; MJ12bot/v1.4.5; http://www.majestic12.co.uk/bot.php?+)"
176.104.37.122 - - [12/May/2015:02:33:04 -0700] "GET /robots.txt HTTP/1.0" 200 338 "-" "Mozilla/5.0 (compatible; MJ12bot/v1.4.5; http://www.majestic12.co.uk/bot.php?+)"
176.104.37.122 - - [12/May/2015:02:33:06 -0700] "GET /resorts?resort=homewoodmountain HTTP/1.0" 404 495 "-" "Mozilla/5.0 (compatible; MJ12bot/v1.4.5; http://www.majestic12.co.uk/bot.php?+)"
176.104.37.122 - - [12/May/2015:02:33:09 -0700] "GET /resorts?resort=kirkwood HTTP/1.0" 404 469 "-" "Mozilla/5.0 (compatible; MJ12bot/v1.4.5; http://www.majestic12.co.uk/bot.php?+)"
82.80.249.222 - - [12/May/2015:02:43:08 -0700] "GET /images/viz-screenshot.png HTTP/1.1" 404 517 "-" "Mozilla/5.0 (Windows NT 5.1; rv:25.0) Gecko/20100101 Firefox/25.0"
66.215.208.62 - - [12/May/2015:02:54:24 -0700] "GET /images/wsis-logo-sm.png HTTP/1.1" 200 6108 "http://thebackcountry.net/" "Mozilla/5.0 (Macintosh; Intel Mac OS X 10_10_3) AppleWebKit/600.6.3 (KHTML, like Gecko) Version/8.0.6 Safari/600.6.3"
123.125.71.105 - - [12/May/2015:03:08:27 -0700] "-" 408 0 "-" "-"
220.181.108.119 - - [12/May/2015:03:13:42 -0700] "-" 408 0 "-" "-"
222.186.31.160 - - [12/May/2015:03:19:25 -0700] "POST / HTTP/1.1" 200 6176 "-" "Mozilla/5.0"
170.75.162.130 - - [12/May/2015:03:22:08 -0700] "GET /lib/reccapi.php?resort=sierra-at-tahoe HTTP/1.1" 200 1037 "-" "node-superagent/0.18.2"
208.115.113.83 - - [12/May/2015:03:22:42 -0700] "GET /resorts?resort=solitude&date=2014-06-11 HTTP/1.1" 404 476 "-" "Mozilla/5.0 (compatible; DotBot/1.1; http://www.opensiteexplorer.org/dotbot, help@moz.com)"
208.115.113.83 - - [12/May/2015:03:22:48 -0700] "GET /resorts?resort=madriverglen&date=2014-11-11 HTTP/1.1" 404 476 "-" "Mozilla/5.0 (compatible; DotBot/1.1; http://www.opensiteexplorer.org/dotbot, help@moz.com)"
208.115.113.83 - - [12/May/2015:03:22:49 -0700] "GET /resorts?resort=sunpeaksresort&date=2014-11-07 HTTP/1.1" 404 476 "-" "Mozilla/5.0 (compatible; DotBot/1.1; http://www.opensiteexplorer.org/dotbot, help@moz.com)"
208.115.113.83 - - [12/May/2015:03:22:50 -0700] "GET /resorts?resort=snowmass&date=2014-06-20 HTTP/1.1" 404 476 "-" "Mozilla/5.0 (compatible; DotBot/1.1; http://www.opensiteexplorer.org/dotbot, help@moz.com)"
208.115.113.83 - - [12/May/2015:03:22:53 -0700] "GET /resorts?resort=buttermilk&date=2014-06-29 HTTP/1.1" 404 476 "-" "Mozilla/5.0 (compatible; DotBot/1.1; http://www.opensiteexplorer.org/dotbot, help@moz.com)"
208.115.113.83 - - [12/May/2015:03:22:56 -0700] "GET /resorts?resort=whitefacemountain&date=2014-10-31 HTTP/1.1" 404 476 "-" "Mozilla/5.0 (compatible; DotBot/1.1; http://www.opensiteexplorer.org/dotbot, help@moz.com)"
208.115.113.83 - - [12/May/2015:03:22:58 -0700] "GET /resorts?resort=sunvalley&date=2014-10-20 HTTP/1.1" 404 476 "-" "Mozilla/5.0 (compatible; DotBot/1.1; http://www.opensiteexplorer.org/dotbot, help@moz.com)"
170.75.162.130 - - [12/May/2015:03:31:51 -0700] "GET /lib/reccapi.php?resort=bigsky HTTP/1.1" 200 1092 "-" "node-superagent/0.18.2"
170.75.162.130 - - [12/May/2015:03:31:51 -0700] "GET /lib/reccapi.php?resort=alyeska HTTP/1.1" 200 948 "-" "node-superagent/0.18.2"
170.75.162.130 - - [12/May/2015:03:31:51 -0700] "GET /lib/reccapi.php?resort=canyons HTTP/1.1" 200 971 "-" "node-superagent/0.18.2"
170.75.162.130 - - [12/May/2015:03:31:51 -0700] "GET /lib/reccapi.php?resort=deervalley HTTP/1.1" 200 1006 "-" "node-superagent/0.18.2"
170.75.162.130 - - [12/May/2015:03:31:51 -0700] "GET /lib/reccapi.php?resort=alpinemeadows HTTP/1.1" 200 991 "-" "node-superagent/0.18.2"
170.75.162.130 - - [12/May/2015:03:31:51 -0700] "GET /lib/reccapi.php?resort=crystalmountain HTTP/1.1" 200 1028 "-" "node-superagent/0.18.2"
170.75.162.130 - - [12/May/2015:03:33:51 -0700] "GET /lib/reccapi.php?resort=homewoodmountain HTTP/1.1" 200 993 "-" "node-superagent/0.18.2"
170.75.162.130 - - [12/May/2015:03:34:01 -0700] "GET /lib/reccapi.php?resort=squawvalleyusa HTTP/1.1" 200 998 "-" "node-superagent/0.18.2"
170.75.162.130 - - [12/May/2015:03:47:13 -0700] "GET /lib/reccapi.php?resort=northstar-at-tahoe HTTP/1.1" 200 979 "-" "node-superagent/0.18.2"
157.55.39.63 - - [12/May/2015:03:52:16 -0700] "GET / HTTP/1.1" 200 2376 "-" "Mozilla/5.0 (compatible; bingbot/2.0; +http://www.bing.com/bingbot.htm)"
208.115.113.83 - - [12/May/2015:03:52:42 -0700] "GET /resorts?resort=49degreesnorth&date=2014-07-01 HTTP/1.1" 404 476 "-" "Mozilla/5.0 (compatible; DotBot/1.1; http://www.opensiteexplorer.org/dotbot, help@moz.com)"
208.115.113.83 - - [12/May/2015:03:52:43 -0700] "GET /resorts?resort=alpenglow&date=2014-10-27 HTTP/1.1" 404 476 "-" "Mozilla/5.0 (compatible; DotBot/1.1; http://www.opensiteexplorer.org/dotbot, help@moz.com)"
208.115.113.83 - - [12/May/2015:03:52:44 -0700] "GET /resorts?resort=lookoutpass&date=2014-07-03 HTTP/1.1" 404 476 "-" "Mozilla/5.0 (compatible; DotBot/1.1; http://www.opensiteexplorer.org/dotbot, help@moz.com)"
