208.87.232.180 - - [30/Apr/2015:16:35:56 -0700] "GET /images/wsis-logo-sm.png HTTP/1.1" 200 6052 "http://www.thebackcountry.net/" "Mozilla/5.0 (Windows NT 6.1; WOW64) AppleWebKit/537.36 (KHTML, like Gecko) Chrome/42.0.2311.90 Safari/537.36"
180.76.6.149 - - [30/Apr/2015:16:36:43 -0700] "GET /robots.txt HTTP/1.1" 200 382 "-" "Mozilla/5.0 (Windows NT 5.1; rv:6.0.2) Gecko/20100101 Firefox/6.0.2"
66.249.79.8 - - [30/Apr/2015:16:42:56 -0700] "GET /resorts?resort=snowbird&date=2014-02-20 HTTP/1.1" 404 506 "-" "Mozilla/5.0 (iPhone; CPU iPhone OS 6_0 like Mac OS X) AppleWebKit/536.26 (KHTML, like Gecko) Version/6.0 Mobile/10A5376e Safari/8536.25 (compatible; Googlebot/2.1; +http://www.google.com/bot.html)"
123.125.71.53 - - [30/Apr/2015:16:43:57 -0700] "GET / HTTP/1.1" 200 2339 "-" "Mozilla/5.0 (Windows NT 5.1; rv:6.0.2) Gecko/20100101 Firefox/6.0.2"
123.125.71.39 - - [30/Apr/2015:16:44:54 -0700] "-" 408 0 "-" "-"
170.75.162.130 - - [30/Apr/2015:16:48:27 -0700] "GET /lib/reccapi.php?resort=kirkwood HTTP/1.1" 200 1064 "-" "node-superagent/0.18.2"
220.181.108.145 - - [30/Apr/2015:16:49:18 -0700] "-" 408 0 "-" "-"
66.249.79.18 - - [30/Apr/2015:16:51:14 -0700] "GET /resorts?resort=snoqualmie-alpental&date=2013-01-16 HTTP/1.1" 404 509 "-" "Mozilla/5.0 (iPhone; CPU iPhone OS 6_0 like Mac OS X) AppleWebKit/536.26 (KHTML, like Gecko) Version/6.0 Mobile/10A5376e Safari/8536.25 (compatible; Googlebot/2.1; +http://www.google.com/bot.html)"
170.75.162.130 - - [30/Apr/2015:16:52:08 -0700] "GET /lib/reccapi.php?resort=snowmass HTTP/1.1" 200 1019 "-" "node-superagent/0.18.2"
170.75.162.130 - - [30/Apr/2015:16:52:08 -0700] "GET /lib/reccapi.php?resort=aspenmountain HTTP/1.1" 200 1026 "-" "node-superagent/0.18.2"
66.249.79.160 - - [30/Apr/2015:16:59:31 -0700] "GET /resorts?resort=gore&date=2014-02-22 HTTP/1.1" 404 506 "-" "Mozilla/5.0 (iPhone; CPU iPhone OS 6_0 like Mac OS X) AppleWebKit/536.26 (KHTML, like Gecko) Version/6.0 Mobile/10A5376e Safari/8536.25 (compatible; Googlebot/2.1; +http://www.google.com/bot.html)"
66.249.79.16 - - [30/Apr/2015:16:59:48 -0700] "GET /resorts?resort=brundage&date=2013-12-13 HTTP/1.1" 404 506 "-" "Mozilla/5.0 (iPhone; CPU iPhone OS 6_0 like Mac OS X) AppleWebKit/536.26 (KHTML, like Gecko) Version/6.0 Mobile/10A5376e Safari/8536.25 (compatible; Googlebot/2.1; +http://www.google.com/bot.html)"
66.249.79.8 - - [30/Apr/2015:17:07:51 -0700] "GET /resorts?resort=parkcity&date=2013-12-10 HTTP/1.1" 404 506 "-" "Mozilla/5.0 (iPhone; CPU iPhone OS 6_0 like Mac OS X) AppleWebKit/536.26 (KHTML, like Gecko) Version/6.0 Mobile/10A5376e Safari/8536.25 (compatible; Googlebot/2.1; +http://www.google.com/bot.html)"
98.248.158.21 - - [30/Apr/2015:17:11:31 -0700] "GET /images/wsis-logo-sm.png HTTP/1.1" 200 6108 "http://www.thebackcountry.net/" "Mozilla/5.0 (iPhone; CPU iPhone OS 8_3 like Mac OS X) AppleWebKit/600.1.4 (KHTML, like Gecko) Version/8.0 Mobile/12F70 Safari/600.1.4"
66.249.79.8 - - [30/Apr/2015:17:16:08 -0700] "GET /resorts?resort=purgatory&date=2013-02-18 HTTP/1.1" 404 506 "-" "Mozilla/5.0 (iPhone; CPU iPhone OS 6_0 like Mac OS X) AppleWebKit/536.26 (KHTML, like Gecko) Version/6.0 Mobile/10A5376e Safari/8536.25 (compatible; Googlebot/2.1; +http://www.google.com/bot.html)"
73.170.73.185 - - [30/Apr/2015:17:19:37 -0700] "GET /images/wsis-logo-sm.png HTTP/1.1" 200 6108 "http://www.thebackcountry.net/" "Mozilla/5.0 (Windows NT 6.1; WOW64) AppleWebKit/537.36 (KHTML, like Gecko) Chrome/42.0.2311.135 Safari/537.36"
66.249.79.8 - - [30/Apr/2015:17:24:24 -0700] "GET /resorts?resort=snowmass&date=2014-02-02 HTTP/1.1" 404 506 "-" "Mozilla/5.0 (iPhone; CPU iPhone OS 6_0 like Mac OS X) AppleWebKit/536.26 (KHTML, like Gecko) Version/6.0 Mobile/10A5376e Safari/8536.25 (compatible; Googlebot/2.1; +http://www.google.com/bot.html)"
66.249.79.8 - - [30/Apr/2015:17:32:41 -0700] "GET /resorts?resort=arapahoebasin&date=2014-02-03 HTTP/1.1" 404 506 "-" "Mozilla/5.0 (iPhone; CPU iPhone OS 6_0 like Mac OS X) AppleWebKit/536.26 (KHTML, like Gecko) Version/6.0 Mobile/10A5376e Safari/8536.25 (compatible; Googlebot/2.1; +http://www.google.com/bot.html)"
170.75.162.130 - - [30/Apr/2015:17:38:12 -0700] "GET /lib/reccapi.php?resort=mountbachelor HTTP/1.1" 200 966 "-" "node-superagent/0.18.2"
66.249.79.160 - - [30/Apr/2015:17:40:59 -0700] "GET /resorts?resort=cascademountain&date=2014-02-05 HTTP/1.1" 404 506 "-" "Mozilla/5.0 (iPhone; CPU iPhone OS 6_0 like Mac OS X) AppleWebKit/536.26 (KHTML, like Gecko) Version/6.0 Mobile/10A5376e Safari/8536.25 (compatible; Googlebot/2.1; +http://www.google.com/bot.html)"
123.125.71.102 - - [30/Apr/2015:17:45:31 -0700] "-" 408 0 "-" "-"
71.204.87.174 - - [30/Apr/2015:17:45:49 -0700] "GET /images/wsis-logo-sm.png HTTP/1.1" 200 6108 "http://www.thebackcountry.net/" "Mozilla/5.0 (iPhone; CPU iPhone OS 8_3 like Mac OS X) AppleWebKit/600.1.4 (KHTML, like Gecko) Version/8.0 Mobile/12F70 Safari/600.1.4"
65.208.210.98 - - [30/Apr/2015:17:48:17 -0700] "GET /images/wsis-logo-sm.png HTTP/1.1" 200 6108 "http://www.thebackcountry.net/" "Mozilla/4.0 (compatible; MSIE 8.0; Windows NT 6.1; WOW64; Trident/4.0; SLCC2; .NET CLR 2.0.50727; .NET CLR 3.5.30729; .NET CLR 3.0.30729; Media Center PC 6.0; .NET4.0C; .NET4.0E; MS-RTC LM 8; InfoPath.3)"
66.249.79.16 - - [30/Apr/2015:17:49:16 -0700] "GET /resorts?resort=mountspokane&date=2014-02-11 HTTP/1.1" 404 506 "-" "Mozilla/5.0 (iPhone; CPU iPhone OS 6_0 like Mac OS X) AppleWebKit/536.26 (KHTML, like Gecko) Version/6.0 Mobile/10A5376e Safari/8536.25 (compatible; Googlebot/2.1; +http://www.google.com/bot.html)"
220.181.108.176 - - [30/Apr/2015:17:50:06 -0700] "GET / HTTP/1.1" 200 2339 "-" "Mozilla/5.0 (Windows NT 5.1; rv:6.0.2) Gecko/20100101 Firefox/6.0.2"
170.75.162.130 - - [30/Apr/2015:17:50:43 -0700] "GET /lib/reccapi.php?resort=silverstarmountain HTTP/1.1" 200 927 "-" "node-superagent/0.18.2"
220.181.108.185 - - [30/Apr/2015:17:51:02 -0700] "-" 408 0 "-" "-"
66.249.79.160 - - [30/Apr/2015:17:57:37 -0700] "GET /resorts?resort=winterpark&date=2014-02-02 HTTP/1.1" 404 506 "-" "Mozilla/5.0 (iPhone; CPU iPhone OS 6_0 like Mac OS X) AppleWebKit/536.26 (KHTML, like Gecko) Version/6.0 Mobile/10A5376e Safari/8536.25 (compatible; Googlebot/2.1; +http://www.google.com/bot.html)"
180.76.4.156 - - [30/Apr/2015:18:01:25 -0700] "GET / HTTP/1.1" 200 6114 "-" "Mozilla/4.0 (compatible; MSIE 7.0; Windows NT 6.0)"
66.249.79.31 - - [30/Apr/2015:18:05:53 -0700] "GET /resorts?resort=bridgerbowl&date=2013-06-14 HTTP/1.1" 404 509 "-" "Mozilla/5.0 (iPhone; CPU iPhone OS 6_0 like Mac OS X) AppleWebKit/536.26 (KHTML, like Gecko) Version/6.0 Mobile/10A5376e Safari/8536.25 (compatible; Googlebot/2.1; +http://www.google.com/bot.html)"
66.249.79.8 - - [30/Apr/2015:18:14:09 -0700] "GET /resorts?resort=loveland&date=2014-02-18 HTTP/1.1" 404 506 "-" "Mozilla/5.0 (iPhone; CPU iPhone OS 6_0 like Mac OS X) AppleWebKit/536.26 (KHTML, like Gecko) Version/6.0 Mobile/10A5376e Safari/8536.25 (compatible; Googlebot/2.1; +http://www.google.com/bot.html)"
66.249.79.160 - - [30/Apr/2015:18:22:26 -0700] "GET /resorts?resort=beavermountain&date=2013-04-06 HTTP/1.1" 404 506 "-" "Mozilla/5.0 (iPhone; CPU iPhone OS 6_0 like Mac OS X) AppleWebKit/536.26 (KHTML, like Gecko) Version/6.0 Mobile/10A5376e Safari/8536.25 (compatible; Googlebot/2.1; +http://www.google.com/bot.html)"
66.249.79.8 - - [30/Apr/2015:18:30:44 -0700] "GET /resorts?resort=bigsky&date=2013-12-31 HTTP/1.1" 404 506 "-" "Mozilla/5.0 (iPhone; CPU iPhone OS 6_0 like Mac OS X) AppleWebKit/536.26 (KHTML, like Gecko) Version/6.0 Mobile/10A5376e Safari/8536.25 (compatible; Googlebot/2.1; +http://www.google.com/bot.html)"
157.55.39.198 - - [30/Apr/2015:18:35:18 -0700] "GET / HTTP/1.1" 200 2376 "-" "Mozilla/5.0 (compatible; bingbot/2.0; +http://www.bing.com/bingbot.htm)"
66.249.79.16 - - [30/Apr/2015:18:39:04 -0700] "GET /resorts?resort=whitepine&date=2014-02-10 HTTP/1.1" 404 506 "-" "Mozilla/5.0 (iPhone; CPU iPhone OS 6_0 like Mac OS X) AppleWebKit/536.26 (KHTML, like Gecko) Version/6.0 Mobile/10A5376e Safari/8536.25 (compatible; Googlebot/2.1; +http://www.google.com/bot.html)"
123.125.71.16 - - [30/Apr/2015:18:43:38 -0700] "-" 408 0 "-" "-"
66.249.79.16 - - [30/Apr/2015:18:47:22 -0700] "GET /resorts?resort=sleepinggiant&date=2014-01-09 HTTP/1.1" 404 506 "-" "Mozilla/5.0 (iPhone; CPU iPhone OS 6_0 like Mac OS X) AppleWebKit/536.26 (KHTML, like Gecko) Version/6.0 Mobile/10A5376e Safari/8536.25 (compatible; Googlebot/2.1; +http://www.google.com/bot.html)"
220.181.108.111 - - [30/Apr/2015:18:48:12 -0700] "-" 408 0 "-" "-"
66.249.79.160 - - [30/Apr/2015:18:57:04 -0700] "GET /resorts?resort=hyland&date=2014-02-17 HTTP/1.1" 404 506 "-" "Mozilla/5.0 (iPhone; CPU iPhone OS 6_0 like Mac OS X) AppleWebKit/536.26 (KHTML, like Gecko) Version/6.0 Mobile/10A5376e Safari/8536.25 (compatible; Googlebot/2.1; +http://www.google.com/bot.html)"
66.249.79.8 - - [30/Apr/2015:19:03:53 -0700] "GET /resorts?resort=schweitzer&date=2014-01-03 HTTP/1.1" 404 506 "-" "Mozilla/5.0 (iPhone; CPU iPhone OS 6_0 like Mac OS X) AppleWebKit/536.26 (KHTML, like Gecko) Version/6.0 Mobile/10A5376e Safari/8536.25 (compatible; Googlebot/2.1; +http://www.google.com/bot.html)"
170.75.162.130 - - [30/Apr/2015:19:05:59 -0700] "GET /lib/reccapi.php?resort=mammothmountain HTTP/1.1" 200 1039 "-" "node-superagent/0.18.2"
70.211.78.241 - - [30/Apr/2015:19:09:04 -0700] "GET /images/wsis-logo-sm.png HTTP/1.1" 200 6108 "http://www.thebackcountry.net/" "Mozilla/5.0 (Linux; U; Android 4.4.2; en-us; SCH-I605 Build/KOT49H) AppleWebKit/534.30 (KHTML, like Gecko) Version/4.0 Mobile Safari/534.30"
66.249.79.160 - - [30/Apr/2015:19:12:11 -0700] "GET /resorts?resort=whitefacemountain&date=2014-02-09 HTTP/1.1" 404 506 "-" "Mozilla/5.0 (iPhone; CPU iPhone OS 6_0 like Mac OS X) AppleWebKit/536.26 (KHTML, like Gecko) Version/6.0 Mobile/10A5376e Safari/8536.25 (compatible; Googlebot/2.1; +http://www.google.com/bot.html)"
170.75.162.130 - - [30/Apr/2015:19:18:20 -0700] "GET /lib/reccapi.php?resort=bigwhite HTTP/1.1" 200 915 "-" "node-superagent/0.18.2"
66.249.79.8 - - [30/Apr/2015:19:20:29 -0700] "GET /resorts?resort=powderridge&date=2013-12-17 HTTP/1.1" 404 506 "-" "Mozilla/5.0 (iPhone; CPU iPhone OS 6_0 like Mac OS X) AppleWebKit/536.26 (KHTML, like Gecko) Version/6.0 Mobile/10A5376e Safari/8536.25 (compatible; Googlebot/2.1; +http://www.google.com/bot.html)"
180.76.6.230 - - [30/Apr/2015:19:27:32 -0700] "GET / HTTP/1.1" 200 2339 "-" "Mozilla/5.0 (compatible; Baiduspider/2.0; +http://www.baidu.com/search/spider.html)"
66.249.79.8 - - [30/Apr/2015:19:28:50 -0700] "GET /resorts?resort=timberline&date=2014-02-20 HTTP/1.1" 404 506 "-" "Mozilla/5.0 (iPhone; CPU iPhone OS 6_0 like Mac OS X) AppleWebKit/536.26 (KHTML, like Gecko) Version/6.0 Mobile/10A5376e Safari/8536.25 (compatible; Googlebot/2.1; +http://www.google.com/bot.html)"
170.75.162.130 - - [30/Apr/2015:19:31:11 -0700] "GET /lib/reccapi.php?resort=jacksonhole HTTP/1.1" 200 1050 "-" "node-superagent/0.18.2"
170.75.162.130 - - [30/Apr/2015:19:31:21 -0700] "GET /lib/reccapi.php?resort=grandtarghee HTTP/1.1" 200 1041 "-" "node-superagent/0.18.2"
66.249.79.160 - - [30/Apr/2015:19:37:07 -0700] "GET /resorts?resort=whitewater&date=2013-12-07 HTTP/1.1" 404 506 "-" "Mozilla/5.0 (iPhone; CPU iPhone OS 6_0 like Mac OS X) AppleWebKit/536.26 (KHTML, like Gecko) Version/6.0 Mobile/10A5376e Safari/8536.25 (compatible; Googlebot/2.1; +http://www.google.com/bot.html)"
170.75.162.130 - - [30/Apr/2015:19:40:02 -0700] "GET /lib/reccapi.php?resort=alta HTTP/1.1" 200 997 "-" "node-superagent/0.18.2"
66.249.79.8 - - [30/Apr/2015:19:45:22 -0700] "GET /resorts?resort=skicooper&date=2014-02-02 HTTP/1.1" 404 506 "-" "Mozilla/5.0 (iPhone; CPU iPhone OS 6_0 like Mac OS X) AppleWebKit/536.26 (KHTML, like Gecko) Version/6.0 Mobile/10A5376e Safari/8536.25 (compatible; Googlebot/2.1; +http://www.google.com/bot.html)"
170.75.162.130 - - [30/Apr/2015:19:49:53 -0700] "GET /lib/reccapi.php?resort=mounthoodmeadows HTTP/1.1" 200 975 "-" "node-superagent/0.18.2"
170.75.162.130 - - [30/Apr/2015:19:49:53 -0700] "GET /lib/reccapi.php?resort=hoodoo HTTP/1.1" 200 969 "-" "node-superagent/0.18.2"
123.125.71.106 - - [30/Apr/2015:19:50:40 -0700] "GET / HTTP/1.1" 200 2339 "-" "Mozilla/5.0 (Windows NT 5.1; rv:6.0.2) Gecko/20100101 Firefox/6.0.2"
123.125.71.88 - - [30/Apr/2015:19:51:29 -0700] "-" 408 0 "-" "-"
64.113.101.252 - - [30/Apr/2015:19:52:07 -0700] "GET /images/wsis-logo-sm.png HTTP/1.1" 200 6108 "http://www.thebackcountry.net/" "Mozilla/5.0 (iPad; CPU OS 8_3 like Mac OS X) AppleWebKit/600.1.4 (KHTML, like Gecko) Version/8.0 Mobile/12F69 Safari/600.1.4"
220.181.108.107 - - [30/Apr/2015:19:55:37 -0700] "-" 408 0 "-" "-"
170.75.162.130 - - [30/Apr/2015:19:58:34 -0700] "GET /lib/reccapi.php?resort=sugarbowl HTTP/1.1" 200 967 "-" "node-superagent/0.18.2"
170.75.162.130 - - [30/Apr/2015:20:00:54 -0700] "GET /lib/reccapi.php?resort=redmountain HTTP/1.1" 200 902 "-" "node-superagent/0.18.2"
170.75.162.130 - - [30/Apr/2015:20:00:54 -0700] "GET /lib/reccapi.php?resort=sunpeaksresort HTTP/1.1" 200 909 "-" "node-superagent/0.18.2"
170.75.162.130 - - [30/Apr/2015:20:00:54 -0700] "GET /lib/reccapi.php?resort=whistlerblackcomb HTTP/1.1" 200 929 "-" "node-superagent/0.18.2"
180.76.4.191 - - [30/Apr/2015:20:00:55 -0700] "GET / HTTP/1.1" 200 6114 "-" "Mozilla/4.0 (compatible; MSIE 7.0; Windows NT 6.0)"
66.249.79.16 - - [30/Apr/2015:20:10:13 -0700] "GET /resorts?resort=keystone&date=2014-02-02 HTTP/1.1" 404 506 "-" "Mozilla/5.0 (iPhone; CPU iPhone OS 6_0 like Mac OS X) AppleWebKit/536.26 (KHTML, like Gecko) Version/6.0 Mobile/10A5376e Safari/8536.25 (compatible; Googlebot/2.1; +http://www.google.com/bot.html)"
50.186.11.136 - - [30/Apr/2015:20:16:38 -0700] "GET /images/wsis-logo-sm.png HTTP/1.1" 200 6108 "http://www.thebackcountry.net/" "Mozilla/5.0 (Macintosh; Intel Mac OS X 10.9; rv:37.0) Gecko/20100101 Firefox/37.0"
66.249.79.8 - - [30/Apr/2015:20:18:35 -0700] "GET /resorts?resort=sugarbush&date=2014-01-07 HTTP/1.1" 404 506 "-" "Mozilla/5.0 (iPhone; CPU iPhone OS 6_0 like Mac OS X) AppleWebKit/536.26 (KHTML, like Gecko) Version/6.0 Mobile/10A5376e Safari/8536.25 (compatible; Googlebot/2.1; +http://www.google.com/bot.html)"
170.75.162.130 - - [30/Apr/2015:20:18:45 -0700] "GET /lib/reccapi.php?resort=smugglersnotch HTTP/1.1" 200 964 "-" "node-superagent/0.18.2"
54.158.67.241 - - [30/Apr/2015:20:23:31 -0700] "GET / HTTP/1.1" 200 2376 "-" "Hivemind"
66.249.79.16 - - [30/Apr/2015:20:26:52 -0700] "GET /resorts?resort=moonlightbasin&date=2014-02-09 HTTP/1.1" 404 506 "-" "Mozilla/5.0 (iPhone; CPU iPhone OS 6_0 like Mac OS X) AppleWebKit/536.26 (KHTML, like Gecko) Version/6.0 Mobile/10A5376e Safari/8536.25 (compatible; Googlebot/2.1; +http://www.google.com/bot.html)"
170.75.162.130 - - [30/Apr/2015:20:32:06 -0700] "GET /lib/reccapi.php?resort=sierra-at-tahoe HTTP/1.1" 200 1048 "-" "node-superagent/0.18.2"
66.249.79.16 - - [30/Apr/2015:20:35:07 -0700] "GET /resorts?resort=louploupskibowl&date=2013-12-07 HTTP/1.1" 404 506 "-" "Mozilla/5.0 (iPhone; CPU iPhone OS 6_0 like Mac OS X) AppleWebKit/536.26 (KHTML, like Gecko) Version/6.0 Mobile/10A5376e Safari/8536.25 (compatible; Googlebot/2.1; +http://www.google.com/bot.html)"
66.249.79.8 - - [30/Apr/2015:20:43:23 -0700] "GET /resorts?resort=silvermountain&date=2014-01-02 HTTP/1.1" 404 506 "-" "Mozilla/5.0 (iPhone; CPU iPhone OS 6_0 like Mac OS X) AppleWebKit/536.26 (KHTML, like Gecko) Version/6.0 Mobile/10A5376e Safari/8536.25 (compatible; Googlebot/2.1; +http://www.google.com/bot.html)"
70.214.12.30 - - [30/Apr/2015:20:44:29 -0700] "GET /images/wsis-logo-sm.png HTTP/1.1" 200 6108 "http://thebackcountry.net/" "Mozilla/5.0 (Linux; Android 4.4.4; XT1254 Build/SU2-12) AppleWebKit/537.36 (KHTML, like Gecko) Chrome/42.0.2311.111 Mobile Safari/537.36"
123.125.71.79 - - [30/Apr/2015:20:44:35 -0700] "-" 408 0 "-" "-"
220.181.108.142 - - [30/Apr/2015:20:49:12 -0700] "-" 408 0 "-" "-"
66.249.79.8 - - [30/Apr/2015:20:51:41 -0700] "GET /resorts?resort=49degreesnorth&date=2014-01-08 HTTP/1.1" 404 506 "-" "Mozilla/5.0 (iPhone; CPU iPhone OS 6_0 like Mac OS X) AppleWebKit/536.26 (KHTML, like Gecko) Version/6.0 Mobile/10A5376e Safari/8536.25 (compatible; Googlebot/2.1; +http://www.google.com/bot.html)"
66.249.79.16 - - [30/Apr/2015:20:54:35 -0700] "GET /resorts?resort=maverickmountain&date=2013-12-19 HTTP/1.1" 404 506 "-" "Mozilla/5.0 (iPhone; CPU iPhone OS 6_0 like Mac OS X) AppleWebKit/536.26 (KHTML, like Gecko) Version/6.0 Mobile/10A5376e Safari/8536.25 (compatible; Googlebot/2.1; +http://www.google.com/bot.html)"
170.75.162.130 - - [30/Apr/2015:20:56:28 -0700] "GET /lib/reccapi.php?resort=brianhead HTTP/1.1" 200 1044 "-" "node-superagent/0.18.2"
170.75.162.130 - - [30/Apr/2015:20:56:28 -0700] "GET /lib/reccapi.php?resort=crestedbutte HTTP/1.1" 200 1048 "-" "node-superagent/0.18.2"
170.75.162.130 - - [30/Apr/2015:20:56:28 -0700] "GET /lib/reccapi.php?resort=arapahoebasin HTTP/1.1" 200 1031 "-" "node-superagent/0.18.2"
170.75.162.130 - - [30/Apr/2015:20:57:28 -0700] "GET /lib/reccapi.php?resort=solitude HTTP/1.1" 200 997 "-" "node-superagent/0.18.2"
170.75.162.130 - - [30/Apr/2015:20:57:28 -0700] "GET /lib/reccapi.php?resort=snowbird HTTP/1.1" 200 1002 "-" "node-superagent/0.18.2"
170.75.162.130 - - [30/Apr/2015:20:57:28 -0700] "GET /lib/reccapi.php?resort=brighton HTTP/1.1" 200 1004 "-" "node-superagent/0.18.2"
170.75.162.130 - - [30/Apr/2015:20:57:28 -0700] "GET /lib/reccapi.php?resort=whitefacemountain HTTP/1.1" 200 960 "-" "node-superagent/0.18.2"
170.75.162.130 - - [30/Apr/2015:20:57:48 -0700] "GET /lib/reccapi.php?resort=keystone HTTP/1.1" 200 1018 "-" "node-superagent/0.18.2"
170.75.162.130 - - [30/Apr/2015:20:58:39 -0700] "GET /lib/reccapi.php?resort=cannonmountain HTTP/1.1" 200 983 "-" "node-superagent/0.18.2"
170.75.162.130 - - [30/Apr/2015:20:58:49 -0700] "GET /lib/reccapi.php?resort=chinapeak HTTP/1.1" 200 979 "-" "node-superagent/0.18.2"
66.249.79.8 - - [30/Apr/2015:20:59:58 -0700] "GET /resorts?resort=pajaritomountain&date=2014-01-15 HTTP/1.1" 404 506 "-" "Mozilla/5.0 (iPhone; CPU iPhone OS 6_0 like Mac OS X) AppleWebKit/536.26 (KHTML, like Gecko) Version/6.0 Mobile/10A5376e Safari/8536.25 (compatible; Googlebot/2.1; +http://www.google.com/bot.html)"
23.92.26.73 - - [30/Apr/2015:21:05:53 -0700] "GET   / HTTP/1.1" 200 6114 "http://www.domain2008.com/domains/www.whereshouldiski.com" "Mozilla/5.0 (compatible; MSIE 9.0; Windows NT 6.1; WOW64; Trident/5.0)"
66.249.79.16 - - [30/Apr/2015:21:08:20 -0700] "GET /resorts?resort=arapahoebasin&date=2014-02-09 HTTP/1.1" 404 506 "-" "Mozilla/5.0 (iPhone; CPU iPhone OS 6_0 like Mac OS X) AppleWebKit/536.26 (KHTML, like Gecko) Version/6.0 Mobile/10A5376e Safari/8536.25 (compatible; Googlebot/2.1; +http://www.google.com/bot.html)"
66.249.79.160 - - [30/Apr/2015:21:16:37 -0700] "GET /resorts?resort=boyne&date=2013-12-19 HTTP/1.1" 404 506 "-" "Mozilla/5.0 (iPhone; CPU iPhone OS 6_0 like Mac OS X) AppleWebKit/536.26 (KHTML, like Gecko) Version/6.0 Mobile/10A5376e Safari/8536.25 (compatible; Googlebot/2.1; +http://www.google.com/bot.html)"
170.75.162.130 - - [30/Apr/2015:21:20:11 -0700] "GET /lib/reccapi.php?resort=aspenheights HTTP/1.1" 200 1047 "-" "node-superagent/0.18.2"
108.249.89.109 - - [30/Apr/2015:21:23:39 -0700] "GET /images/wsis-logo-sm.png HTTP/1.1" 200 6108 "http://www.thebackcountry.net/" "Mozilla/5.0 (iPhone; CPU iPhone OS 8_3 like Mac OS X) AppleWebKit/600.1.4 (KHTML, like Gecko) Version/8.0 Mobile/12F70 Safari/600.1.4"
66.249.79.160 - - [30/Apr/2015:21:24:52 -0700] "GET /resorts?resort=mountbaker&date=2014-03-05 HTTP/1.1" 404 506 "-" "Mozilla/5.0 (iPhone; CPU iPhone OS 6_0 like Mac OS X) AppleWebKit/536.26 (KHTML, like Gecko) Version/6.0 Mobile/10A5376e Safari/8536.25 (compatible; Googlebot/2.1; +http://www.google.com/bot.html)"
222.186.31.160 - - [30/Apr/2015:21:26:46 -0700] "POST / HTTP/1.1" 200 6176 "-" "Mozilla/5.0"
170.75.162.130 - - [30/Apr/2015:21:28:51 -0700] "GET /lib/reccapi.php?resort=sunvalley HTTP/1.1" 200 990 "-" "node-superagent/0.18.2"
216.52.242.14 - - [30/Apr/2015:21:29:27 -0700] "GET /images/viz-screenshot.png HTTP/1.1" 404 480 "-" "LinkedInBot/1.0 (compatible; Mozilla/5.0; Jakarta Commons-HttpClient/4.3 +http://www.linkedin.com)"
50.46.101.251 - - [30/Apr/2015:21:29:47 -0700] "GET / HTTP/1.1" 200 2376 "http://www.google.com/url?sa=t&rct=j&q=&esrc=s&frm=1&source=web&cd=1&ved=0CB8QFjAA&url=http%3A%2F%2Fwhereshouldiski.com%2F&ei=jgFDVZC8N8nboAT4mICYCw&usg=AFQjCNF9Y_iY3YsCbRx2olN6GaOlshME8g&sig2=OV0ZVAJLFr7dtSiWgHwf8w" "Mozilla/5.0 (compatible; MSIE 9.0; Windows NT 6.1; WOW64; Trident/5.0; managedpc)"
50.46.101.251 - - [30/Apr/2015:21:29:47 -0700] "GET /scripts/scripts/vendor/modernizr.js HTTP/1.1" 200 4902 "http://whereshouldiski.com/" "Mozilla/5.0 (compatible; MSIE 9.0; Windows NT 6.1; WOW64; Trident/5.0; managedpc)"
50.46.101.251 - - [30/Apr/2015:21:29:47 -0700] "GET /styles/0fffd548.main.css HTTP/1.1" 200 19317 "http://whereshouldiski.com/" "Mozilla/5.0 (compatible; MSIE 9.0; Windows NT 6.1; WOW64; Trident/5.0; managedpc)"
50.46.101.251 - - [30/Apr/2015:21:29:47 -0700] "GET /images/loading.gif HTTP/1.1" 200 13882 "http://whereshouldiski.com/" "Mozilla/5.0 (compatible; MSIE 9.0; Windows NT 6.1; WOW64; Trident/5.0; managedpc)"
50.46.101.251 - - [30/Apr/2015:21:29:47 -0700] "GET /images/logo-sm.png HTTP/1.1" 200 16738 "http://whereshouldiski.com/" "Mozilla/5.0 (compatible; MSIE 9.0; Windows NT 6.1; WOW64; Trident/5.0; managedpc)"
50.46.101.251 - - [30/Apr/2015:21:29:47 -0700] "GET /bower_components/requirejs/require.js HTTP/1.1" 200 6702 "http://whereshouldiski.com/" "Mozilla/5.0 (compatible; MSIE 9.0; Windows NT 6.1; WOW64; Trident/5.0; managedpc)"
50.46.101.251 - - [30/Apr/2015:21:29:47 -0700] "GET /images/greyHeader.png HTTP/1.1" 200 508 "http://whereshouldiski.com/" "Mozilla/5.0 (compatible; MSIE 9.0; Windows NT 6.1; WOW64; Trident/5.0; managedpc)"
50.46.101.251 - - [30/Apr/2015:21:29:47 -0700] "GET /images/button.png HTTP/1.1" 200 598 "http://whereshouldiski.com/" "Mozilla/5.0 (compatible; MSIE 9.0; Windows NT 6.1; WOW64; Trident/5.0; managedpc)"
50.46.101.251 - - [30/Apr/2015:21:29:47 -0700] "GET /scripts/fa48e319.main.js HTTP/1.1" 200 123455 "http://whereshouldiski.com/" "Mozilla/5.0 (compatible; MSIE 9.0; Windows NT 6.1; WOW64; Trident/5.0; managedpc)"
50.46.101.251 - - [30/Apr/2015:21:29:48 -0700] "GET /favicon.ico HTTP/1.1" 200 1476 "-" "Mozilla/5.0 (compatible; MSIE 9.0; Windows NT 6.1; WOW64; Trident/5.0; managedpc)"
50.46.101.251 - - [30/Apr/2015:21:29:48 -0700] "GET /lib/reccapi.php?fields=t HTTP/1.1" 200 1845 "http://whereshouldiski.com/" "Mozilla/5.0 (compatible; MSIE 9.0; Windows NT 6.1; WOW64; Trident/5.0; managedpc)"
50.46.101.251 - - [30/Apr/2015:21:29:48 -0700] "GET /images/shading-icon.png HTTP/1.1" 200 536 "http://whereshouldiski.com/" "Mozilla/5.0 (compatible; MSIE 9.0; Windows NT 6.1; WOW64; Trident/5.0; managedpc)"
50.46.101.251 - - [30/Apr/2015:21:29:48 -0700] "GET /images/mtns-icon.png HTTP/1.1" 200 1096 "http://whereshouldiski.com/" "Mozilla/5.0 (compatible; MSIE 9.0; Windows NT 6.1; WOW64; Trident/5.0; managedpc)"
50.46.101.251 - - [30/Apr/2015:21:29:48 -0700] "GET /images/bluebird5.png HTTP/1.1" 200 2177 "http://whereshouldiski.com/" "Mozilla/5.0 (compatible; MSIE 9.0; Windows NT 6.1; WOW64; Trident/5.0; managedpc)"
50.46.101.251 - - [30/Apr/2015:21:29:48 -0700] "GET /images/snowflake5.png HTTP/1.1" 200 2857 "http://whereshouldiski.com/" "Mozilla/5.0 (compatible; MSIE 9.0; Windows NT 6.1; WOW64; Trident/5.0; managedpc)"
50.46.101.251 - - [30/Apr/2015:21:29:48 -0700] "GET /images/star5.png HTTP/1.1" 200 1783 "http://whereshouldiski.com/" "Mozilla/5.0 (compatible; MSIE 9.0; Windows NT 6.1; WOW64; Trident/5.0; managedpc)"
127.0.0.1 - - [30/Apr/2015:21:29:56 -0700] "OPTIONS * HTTP/1.0" 200 126 "-" "Apache/2.2.22 (Ubuntu) (internal dummy connection)"
50.46.101.251 - - [30/Apr/2015:21:30:06 -0700] "GET /lib/reccapi.php?fields=t&region=PacificNW HTTP/1.1" 200 1398 "http://whereshouldiski.com/#search/region=PacificNW" "Mozilla/5.0 (compatible; MSIE 9.0; Windows NT 6.1; WOW64; Trident/5.0; managedpc)"
50.46.101.251 - - [30/Apr/2015:21:30:06 -0700] "GET /images/greenHeader.png HTTP/1.1" 200 509 "http://whereshouldiski.com/" "Mozilla/5.0 (compatible; MSIE 9.0; Windows NT 6.1; WOW64; Trident/5.0; managedpc)"
50.46.101.251 - - [30/Apr/2015:21:30:39 -0700] "GET /about HTTP/1.1" 404 506 "http://whereshouldiski.com/" "Mozilla/5.0 (compatible; MSIE 9.0; Windows NT 6.1; WOW64; Trident/5.0; managedpc)"
50.46.101.251 - - [30/Apr/2015:21:30:45 -0700] "GET /about HTTP/1.1" 404 506 "http://whereshouldiski.com/" "Mozilla/5.0 (compatible; MSIE 9.0; Windows NT 6.1; WOW64; Trident/5.0; managedpc)"
50.46.101.251 - - [30/Apr/2015:21:30:49 -0700] "GET /lib/reccapi.php?resort=crystalmountain&date=2015-04-30 HTTP/1.1" 200 1041 "http://whereshouldiski.com/#/resort/crystalmountain/2015-04-30" "Mozilla/5.0 (compatible; MSIE 9.0; Windows NT 6.1; WOW64; Trident/5.0; managedpc)"
50.46.101.251 - - [30/Apr/2015:21:30:49 -0700] "GET /images/snowforecast-logo.jpg HTTP/1.1" 200 22989 "http://whereshouldiski.com/" "Mozilla/5.0 (compatible; MSIE 9.0; Windows NT 6.1; WOW64; Trident/5.0; managedpc)"
50.46.101.251 - - [30/Apr/2015:21:30:49 -0700] "GET /lib/reccapi.php?fields=t&date=2015-04-30&coords=46.92%2C-121.49&size=7&sort=distance HTTP/1.1" 200 1335 "http://whereshouldiski.com/#/resort/crystalmountain/2015-04-30" "Mozilla/5.0 (compatible; MSIE 9.0; Windows NT 6.1; WOW64; Trident/5.0; managedpc)"
50.46.101.251 - - [30/Apr/2015:21:30:49 -0700] "GET /images/stars-med-5.png HTTP/1.1" 200 4123 "http://whereshouldiski.com/" "Mozilla/5.0 (compatible; MSIE 9.0; Windows NT 6.1; WOW64; Trident/5.0; managedpc)"
50.46.101.251 - - [30/Apr/2015:21:30:49 -0700] "GET /images/snowflake-med-5.png HTTP/1.1" 200 6157 "http://whereshouldiski.com/" "Mozilla/5.0 (compatible; MSIE 9.0; Windows NT 6.1; WOW64; Trident/5.0; managedpc)"
50.46.101.251 - - [30/Apr/2015:21:30:49 -0700] "GET /images/mtns-30px.png HTTP/1.1" 200 1202 "http://whereshouldiski.com/" "Mozilla/5.0 (compatible; MSIE 9.0; Windows NT 6.1; WOW64; Trident/5.0; managedpc)"
50.46.101.251 - - [30/Apr/2015:21:30:49 -0700] "GET /images/shading-53px.png HTTP/1.1" 200 548 "http://whereshouldiski.com/" "Mozilla/5.0 (compatible; MSIE 9.0; Windows NT 6.1; WOW64; Trident/5.0; managedpc)"
50.46.101.251 - - [30/Apr/2015:21:30:49 -0700] "GET /images/sun-med-5.png HTTP/1.1" 200 7627 "http://whereshouldiski.com/" "Mozilla/5.0 (compatible; MSIE 9.0; Windows NT 6.1; WOW64; Trident/5.0; managedpc)"
50.46.101.251 - - [30/Apr/2015:21:30:49 -0700] "GET /lib/resortDataSearchD3.php?size=7&sortDate=T&resort=crystalmountain&dateStart=2015-04-28 HTTP/1.1" 200 854 "http://whereshouldiski.com/#/resort/crystalmountain/2015-04-30" "Mozilla/5.0 (compatible; MSIE 9.0; Windows NT 6.1; WOW64; Trident/5.0; managedpc)"
50.46.101.251 - - [30/Apr/2015:21:30:49 -0700] "GET /images/opensnow_logo.png HTTP/1.1" 200 11776 "http://whereshouldiski.com/" "Mozilla/5.0 (compatible; MSIE 9.0; Windows NT 6.1; WOW64; Trident/5.0; managedpc)"
127.0.0.1 - - [30/Apr/2015:21:30:56 -0700] "OPTIONS * HTTP/1.0" 200 126 "-" "Apache/2.2.22 (Ubuntu) (internal dummy connection)"
127.0.0.1 - - [30/Apr/2015:21:30:57 -0700] "OPTIONS * HTTP/1.0" 200 126 "-" "Apache/2.2.22 (Ubuntu) (internal dummy connection)"
127.0.0.1 - - [30/Apr/2015:21:30:58 -0700] "OPTIONS * HTTP/1.0" 200 126 "-" "Apache/2.2.22 (Ubuntu) (internal dummy connection)"
71.140.31.214 - - [30/Apr/2015:21:32:37 -0700] "GET /images/wsis-logo-sm.png HTTP/1.1" 200 6108 "http://thebackcountry.net/" "Mozilla/5.0 (Windows NT 6.1; WOW64; Trident/7.0; rv:11.0) like Gecko"
71.140.31.214 - - [30/Apr/2015:21:32:59 -0700] "-" 408 0 "-" "-"
66.249.79.16 - - [30/Apr/2015:21:33:08 -0700] "GET /resorts?resort=antelopebutte&date=2014-02-09 HTTP/1.1" 404 506 "-" "Mozilla/5.0 (iPhone; CPU iPhone OS 6_0 like Mac OS X) AppleWebKit/536.26 (KHTML, like Gecko) Version/6.0 Mobile/10A5376e Safari/8536.25 (compatible; Googlebot/2.1; +http://www.google.com/bot.html)"
170.75.162.130 - - [30/Apr/2015:21:35:12 -0700] "GET /lib/reccapi.php?resort=loveland HTTP/1.1" 200 1027 "-" "node-superagent/0.18.2"
71.140.31.214 - - [30/Apr/2015:21:40:19 -0700] "-" 408 0 "-" "-"
66.249.79.160 - - [30/Apr/2015:21:41:26 -0700] "GET /resorts?resort=bigsky&date=2014-01-02 HTTP/1.1" 404 506 "-" "Mozilla/5.0 (iPhone; CPU iPhone OS 6_0 like Mac OS X) AppleWebKit/536.26 (KHTML, like Gecko) Version/6.0 Mobile/10A5376e Safari/8536.25 (compatible; Googlebot/2.1; +http://www.google.com/bot.html)"
170.75.162.130 - - [30/Apr/2015:21:41:32 -0700] "GET /lib/reccapi.php?resort=mountainhigh HTTP/1.1" 200 989 "-" "node-superagent/0.18.2"
170.75.162.130 - - [30/Apr/2015:21:42:02 -0700] "GET /lib/reccapi.php?resort=49degreesnorth HTTP/1.1" 200 986 "-" "node-superagent/0.18.2"
170.75.162.130 - - [30/Apr/2015:21:42:02 -0700] "GET /lib/reccapi.php?resort=crystalmountain HTTP/1.1" 200 1004 "-" "node-superagent/0.18.2"
170.75.162.130 - - [30/Apr/2015:21:42:03 -0700] "GET /lib/reccapi.php?resort=stevenspass HTTP/1.1" 200 1046 "-" "node-superagent/0.18.2"
170.75.162.130 - - [30/Apr/2015:21:42:03 -0700] "GET /lib/reccapi.php?resort=mountspokane HTTP/1.1" 200 984 "-" "node-superagent/0.18.2"
123.125.71.111 - - [30/Apr/2015:21:43:49 -0700] "-" 408 0 "-" "-"
220.181.108.116 - - [30/Apr/2015:21:48:09 -0700] "-" 408 0 "-" "-"
66.249.79.160 - - [30/Apr/2015:21:49:43 -0700] "GET /resorts?resort=turnermountain&date=2012-12-18 HTTP/1.1" 404 506 "-" "Mozilla/5.0 (iPhone; CPU iPhone OS 6_0 like Mac OS X) AppleWebKit/536.26 (KHTML, like Gecko) Version/6.0 Mobile/10A5376e Safari/8536.25 (compatible; Googlebot/2.1; +http://www.google.com/bot.html)"
66.249.79.8 - - [30/Apr/2015:21:58:06 -0700] "GET /resorts?resort=pomerelle&date=2012-12-22 HTTP/1.1" 404 506 "-" "Mozilla/5.0 (iPhone; CPU iPhone OS 6_0 like Mac OS X) AppleWebKit/536.26 (KHTML, like Gecko) Version/6.0 Mobile/10A5376e Safari/8536.25 (compatible; Googlebot/2.1; +http://www.google.com/bot.html)"
180.76.4.226 - - [30/Apr/2015:22:01:48 -0700] "GET / HTTP/1.1" 200 6114 "-" "Mozilla/4.0 (compatible; MSIE 7.0; Windows NT 6.0)"
66.249.79.16 - - [30/Apr/2015:22:06:22 -0700] "GET /resorts?resort=bigsky&date=2014-02-07 HTTP/1.1" 404 506 "-" "Mozilla/5.0 (iPhone; CPU iPhone OS 6_0 like Mac OS X) AppleWebKit/536.26 (KHTML, like Gecko) Version/6.0 Mobile/10A5376e Safari/8536.25 (compatible; Googlebot/2.1; +http://www.google.com/bot.html)"
66.249.79.16 - - [30/Apr/2015:22:14:35 -0700] "GET /resorts?resort=buttermilk&date=2014-02-15 HTTP/1.1" 404 506 "-" "Mozilla/5.0 (iPhone; CPU iPhone OS 6_0 like Mac OS X) AppleWebKit/536.26 (KHTML, like Gecko) Version/6.0 Mobile/10A5376e Safari/8536.25 (compatible; Googlebot/2.1; +http://www.google.com/bot.html)"
52.24.15.99 - - [30/Apr/2015:22:16:19 -0700] "GET / HTTP/1.1" 200 6114 "-" "Mozilla/4.0 (compatible; MSIE 6.0; Windows NT 5.1; SV1; InfoPath.2)"
66.249.79.8 - - [30/Apr/2015:22:22:53 -0700] "GET /resorts?resort=redriver&date=2014-02-02 HTTP/1.1" 404 506 "-" "Mozilla/5.0 (iPhone; CPU iPhone OS 6_0 like Mac OS X) AppleWebKit/536.26 (KHTML, like Gecko) Version/6.0 Mobile/10A5376e Safari/8536.25 (compatible; Googlebot/2.1; +http://www.google.com/bot.html)"
66.249.79.16 - - [30/Apr/2015:22:31:10 -0700] "GET /resorts?resort=49degreesnorth&date=2014-02-03 HTTP/1.1" 404 506 "-" "Mozilla/5.0 (iPhone; CPU iPhone OS 6_0 like Mac OS X) AppleWebKit/536.26 (KHTML, like Gecko) Version/6.0 Mobile/10A5376e Safari/8536.25 (compatible; Googlebot/2.1; +http://www.google.com/bot.html)"
100.43.91.4 - - [30/Apr/2015:22:31:55 -0700] "GET /robots.txt HTTP/1.1" 200 375 "-" "Mozilla/5.0 (compatible; YandexBot/3.0; +http://yandex.com/bots)"
199.21.99.216 - - [30/Apr/2015:22:31:55 -0700] "GET /robots.txt HTTP/1.1" 200 375 "-" "Mozilla/5.0 (compatible; YandexBot/3.0; +http://yandex.com/bots)"
100.43.91.4 - - [30/Apr/2015:22:31:55 -0700] "GET /robots.txt HTTP/1.1" 200 374 "-" "Mozilla/5.0 (compatible; YandexBot/3.0; +http://yandex.com/bots)"
199.21.99.216 - - [30/Apr/2015:22:31:57 -0700] "GET / HTTP/1.1" 200 2375 "-" "Mozilla/5.0 (compatible; YandexBot/3.0; +http://yandex.com/bots)"
100.43.91.4 - - [30/Apr/2015:22:31:57 -0700] "GET / HTTP/1.1" 200 2375 "-" "Mozilla/5.0 (compatible; YandexBot/3.0; +http://yandex.com/bots)"
199.21.99.216 - - [30/Apr/2015:22:31:57 -0700] "GET / HTTP/1.1" 200 2375 "-" "Mozilla/5.0 (compatible; YandexBot/3.0; +http://yandex.com/bots)"
100.43.91.4 - - [30/Apr/2015:22:32:02 -0700] "GET / HTTP/1.1" 200 2375 "-" "Mozilla/5.0 (compatible; YandexBot/3.0; +http://yandex.com/bots)"
199.21.99.216 - - [30/Apr/2015:22:32:02 -0700] "GET / HTTP/1.1" 200 2375 "-" "Mozilla/5.0 (compatible; YandexBot/3.0; +http://yandex.com/bots)"
100.43.91.4 - - [30/Apr/2015:22:32:03 -0700] "GET / HTTP/1.1" 200 2375 "-" "Mozilla/5.0 (compatible; YandexBot/3.0; +http://yandex.com/bots)"
170.75.162.130 - - [30/Apr/2015:22:37:37 -0700] "GET /lib/reccapi.php?resort=aspenmountain HTTP/1.1" 200 1026 "-" "node-superagent/0.18.2"
170.75.162.130 - - [30/Apr/2015:22:37:37 -0700] "GET /lib/reccapi.php?resort=buttermilk HTTP/1.1" 200 1007 "-" "node-superagent/0.18.2"
170.75.162.130 - - [30/Apr/2015:22:37:37 -0700] "GET /lib/reccapi.php?resort=snowmass HTTP/1.1" 200 1019 "-" "node-superagent/0.18.2"
66.249.79.8 - - [30/Apr/2015:22:39:28 -0700] "GET /resorts?resort=silvermountain&date=2014-01-04 HTTP/1.1" 404 506 "-" "Mozilla/5.0 (iPhone; CPU iPhone OS 6_0 like Mac OS X) AppleWebKit/536.26 (KHTML, like Gecko) Version/6.0 Mobile/10A5376e Safari/8536.25 (compatible; Googlebot/2.1; +http://www.google.com/bot.html)"
170.75.162.130 - - [30/Apr/2015:22:43:48 -0700] "GET /lib/reccapi.php?resort=mtrose HTTP/1.1" 200 943 "-" "node-superagent/0.18.2"
66.249.79.160 - - [30/Apr/2015:22:47:52 -0700] "GET /resorts?resort=snowbird&date=2014-01-29 HTTP/1.1" 404 506 "-" "Mozilla/5.0 (iPhone; CPU iPhone OS 6_0 like Mac OS X) AppleWebKit/536.26 (KHTML, like Gecko) Version/6.0 Mobile/10A5376e Safari/8536.25 (compatible; Googlebot/2.1; +http://www.google.com/bot.html)"
66.249.79.8 - - [30/Apr/2015:22:51:10 -0700] "GET /resorts?resort=belleayre&date=2014-02-05 HTTP/1.1" 404 506 "-" "Mozilla/5.0 (iPhone; CPU iPhone OS 6_0 like Mac OS X) AppleWebKit/536.26 (KHTML, like Gecko) Version/6.0 Mobile/10A5376e Safari/8536.25 (compatible; Googlebot/2.1; +http://www.google.com/bot.html)"
66.249.79.16 - - [30/Apr/2015:22:56:07 -0700] "GET /resorts?resort=coppermountain&date=2014-02-02 HTTP/1.1" 404 506 "-" "Mozilla/5.0 (iPhone; CPU iPhone OS 6_0 like Mac OS X) AppleWebKit/536.26 (KHTML, like Gecko) Version/6.0 Mobile/10A5376e Safari/8536.25 (compatible; Googlebot/2.1; +http://www.google.com/bot.html)"
123.125.71.71 - - [30/Apr/2015:23:02:10 -0700] "GET / HTTP/1.1" 200 2339 "-" "Mozilla/5.0 (Windows NT 5.1; rv:6.0.2) Gecko/20100101 Firefox/6.0.2"
123.125.71.78 - - [30/Apr/2015:23:03:03 -0700] "GET / HTTP/1.1" 200 6114 "-" "Mozilla/5.0 (Windows NT 5.1; rv:6.0.2) Gecko/20100101 Firefox/6.0.2"
66.249.79.8 - - [30/Apr/2015:23:04:21 -0700] "GET /resorts?resort=whitefishmountain&date=2013-12-29 HTTP/1.1" 404 506 "-" "Mozilla/5.0 (iPhone; CPU iPhone OS 6_0 like Mac OS X) AppleWebKit/536.26 (KHTML, like Gecko) Version/6.0 Mobile/10A5376e Safari/8536.25 (compatible; Googlebot/2.1; +http://www.google.com/bot.html)"
123.125.71.99 - - [30/Apr/2015:23:04:54 -0700] "GET /robots.txt HTTP/1.1" 200 382 "-" "Mozilla/5.0 (Windows NT 5.1; rv:6.0.2) Gecko/20100101 Firefox/6.0.2"
123.125.71.106 - - [30/Apr/2015:23:05:51 -0700] "GET /images/loading.gif HTTP/1.1" 200 13845 "-" "Baiduspider-image+(+http://www.baidu.com/search/spider.htm)"
222.141.64.65 - - [30/Apr/2015:23:06:31 -0700] "GET /muieblackcat HTTP/1.1" 404 466 "-" "-"
222.141.64.65 - - [30/Apr/2015:23:06:32 -0700] "GET //phpMyAdmin/scripts/setup.php HTTP/1.1" 404 466 "-" "-"
222.141.64.65 - - [30/Apr/2015:23:06:33 -0700] "GET //phpmyadmin/scripts/setup.php HTTP/1.1" 404 466 "-" "-"
222.141.64.65 - - [30/Apr/2015:23:06:33 -0700] "GET //myadmin/scripts/setup.php HTTP/1.1" 404 466 "-" "-"
222.141.64.65 - - [30/Apr/2015:23:06:34 -0700] "GET //mysqladmin/scripts/setup.php HTTP/1.1" 404 466 "-" "-"
222.141.64.65 - - [30/Apr/2015:23:06:35 -0700] "GET //pma/scripts/setup.php HTTP/1.1" 404 466 "-" "-"
222.141.64.65 - - [30/Apr/2015:23:06:35 -0700] "GET //mysql/scripts/setup.php HTTP/1.1" 404 466 "-" "-"
222.141.64.65 - - [30/Apr/2015:23:06:36 -0700] "GET //web/scripts/setup.php HTTP/1.1" 404 466 "-" "-"
222.141.64.65 - - [30/Apr/2015:23:06:36 -0700] "GET //websql/scripts/setup.php HTTP/1.1" 404 466 "-" "-"
222.141.64.65 - - [30/Apr/2015:23:06:37 -0700] "GET //phpadmin/scripts/setup.php HTTP/1.1" 404 466 "-" "-"
222.141.64.65 - - [30/Apr/2015:23:06:37 -0700] "GET //websql/scripts/setup.php HTTP/1.1" 404 466 "-" "-"
222.141.64.65 - - [30/Apr/2015:23:06:38 -0700] "GET //web/scripts/setup.php HTTP/1.1" 404 466 "-" "-"
222.141.64.65 - - [30/Apr/2015:23:06:39 -0700] "GET //MyAdmin/scripts/setup.php HTTP/1.1" 404 466 "-" "-"
222.141.64.65 - - [30/Apr/2015:23:06:39 -0700] "GET //phpAdmin/scripts/setup.php HTTP/1.1" 404 466 "-" "-"
222.141.64.65 - - [30/Apr/2015:23:06:40 -0700] "GET //PHPMYADMIN/scripts/setup.php HTTP/1.1" 404 466 "-" "-"
222.141.64.65 - - [30/Apr/2015:23:06:40 -0700] "GET //pMA/scripts/setup.php HTTP/1.1" 404 466 "-" "-"
222.141.64.65 - - [30/Apr/2015:23:06:41 -0700] "GET //PMA/scripts/setup.php HTTP/1.1" 404 466 "-" "-"
222.141.64.65 - - [30/Apr/2015:23:06:41 -0700] "GET //SQL/scripts/setup.php HTTP/1.1" 404 466 "-" "-"
222.141.64.65 - - [30/Apr/2015:23:06:42 -0700] "GET //db/scripts/setup.php HTTP/1.1" 404 466 "-" "-"
222.141.64.65 - - [30/Apr/2015:23:06:42 -0700] "GET //dbadmin/scripts/setup.php HTTP/1.1" 404 466 "-" "-"
222.141.64.65 - - [30/Apr/2015:23:06:44 -0700] "GET //pHpMyAdMiN/scripts/setup.php HTTP/1.1" 404 466 "-" "-"
222.141.64.65 - - [30/Apr/2015:23:06:45 -0700] "GET //sql/scripts/setup.php HTTP/1.1" 404 466 "-" "-"
220.181.108.106 - - [30/Apr/2015:23:07:36 -0700] "GET / HTTP/1.1" 200 2339 "-" "Mozilla/5.0 (Windows NT 5.1; rv:6.0.2) Gecko/20100101 Firefox/6.0.2"
220.181.108.111 - - [30/Apr/2015:23:08:27 -0700] "GET / HTTP/1.1" 200 6114 "-" "Mozilla/5.0 (Windows NT 5.1; rv:6.0.2) Gecko/20100101 Firefox/6.0.2"
66.249.79.16 - - [30/Apr/2015:23:20:55 -0700] "GET /resorts?resort=showdown&date=2014-01-31 HTTP/1.1" 404 506 "-" "Mozilla/5.0 (iPhone; CPU iPhone OS 6_0 like Mac OS X) AppleWebKit/536.26 (KHTML, like Gecko) Version/6.0 Mobile/10A5376e Safari/8536.25 (compatible; Googlebot/2.1; +http://www.google.com/bot.html)"
66.249.79.160 - - [30/Apr/2015:23:29:13 -0700] "GET /resorts?resort=diamondpeak&date=2013-12-25 HTTP/1.1" 404 506 "-" "Mozilla/5.0 (iPhone; CPU iPhone OS 6_0 like Mac OS X) AppleWebKit/536.26 (KHTML, like Gecko) Version/6.0 Mobile/10A5376e Safari/8536.25 (compatible; Googlebot/2.1; +http://www.google.com/bot.html)"
170.75.162.130 - - [30/Apr/2015:23:33:32 -0700] "GET /lib/reccapi.php?resort=killington HTTP/1.1" 200 960 "-" "node-superagent/0.18.2"
170.75.162.130 - - [30/Apr/2015:23:33:42 -0700] "GET /lib/reccapi.php?resort=canyons HTTP/1.1" 200 1016 "-" "node-superagent/0.18.2"
170.75.162.130 - - [30/Apr/2015:23:35:02 -0700] "GET /lib/reccapi.php?resort=jaypeak HTTP/1.1" 200 970 "-" "node-superagent/0.18.2"
170.75.162.130 - - [30/Apr/2015:23:35:12 -0700] "GET /lib/reccapi.php?resort=heavenly HTTP/1.1" 200 983 "-" "node-superagent/0.18.2"
170.75.162.130 - - [30/Apr/2015:23:35:32 -0700] "GET /lib/reccapi.php?resort=devilshead HTTP/1.1" 200 942 "-" "node-superagent/0.18.2"
45.18.84.136 - - [30/Apr/2015:23:36:24 -0700] "GET /images/wsis-logo-sm.png HTTP/1.1" 200 6108 "http://www.thebackcountry.net/" "Mozilla/5.0 (iPhone; CPU iPhone OS 8_1_3 like Mac OS X) AppleWebKit/600.1.4 (KHTML, like Gecko) GSA/5.2.43972 Mobile/12B466 Safari/600.1.4"
66.249.79.8 - - [30/Apr/2015:23:37:38 -0700] "GET /resorts?resort=aspenheights&date=2014-02-01 HTTP/1.1" 404 506 "-" "Mozilla/5.0 (iPhone; CPU iPhone OS 6_0 like Mac OS X) AppleWebKit/536.26 (KHTML, like Gecko) Version/6.0 Mobile/10A5376e Safari/8536.25 (compatible; Googlebot/2.1; +http://www.google.com/bot.html)"
66.249.79.160 - - [30/Apr/2015:23:45:53 -0700] "GET /resorts?resort=porcupine&date=2013-12-29 HTTP/1.1" 404 506 "-" "Mozilla/5.0 (iPhone; CPU iPhone OS 6_0 like Mac OS X) AppleWebKit/536.26 (KHTML, like Gecko) Version/6.0 Mobile/10A5376e Safari/8536.25 (compatible; Googlebot/2.1; +http://www.google.com/bot.html)"
123.125.71.55 - - [30/Apr/2015:23:51:47 -0700] "GET / HTTP/1.1" 200 2339 "-" "Mozilla/5.0 (Windows NT 5.1; rv:6.0.2) Gecko/20100101 Firefox/6.0.2"
180.76.4.154 - - [30/Apr/2015:23:52:30 -0700] "GET / HTTP/1.1" 200 6114 "-" "Mozilla/4.0 (compatible; MSIE 7.0; Windows NT 6.0)"
123.125.71.17 - - [30/Apr/2015:23:52:37 -0700] "GET / HTTP/1.1" 200 6114 "-" "Mozilla/5.0 (Windows NT 5.1; rv:6.0.2) Gecko/20100101 Firefox/6.0.2"
66.249.79.16 - - [30/Apr/2015:23:54:06 -0700] "GET /resorts?resort=treblecone&date=2014-07-13 HTTP/1.1" 404 506 "-" "Mozilla/5.0 (iPhone; CPU iPhone OS 6_0 like Mac OS X) AppleWebKit/536.26 (KHTML, like Gecko) Version/6.0 Mobile/10A5376e Safari/8536.25 (compatible; Googlebot/2.1; +http://www.google.com/bot.html)"
220.181.108.139 - - [30/Apr/2015:23:56:39 -0700] "-" 408 0 "-" "-"
46.229.164.111 - - [01/May/2015:00:01:54 -0700] "GET /resorts?resort=redmountain HTTP/1.1" 404 469 "-" "Mozilla/5.0 (compatible; SemrushBot/0.98~bl; +http://www.semrush.com/bot.html)"
66.249.79.16 - - [01/May/2015:00:02:24 -0700] "GET /resorts?resort=taos&date=2013-12-15 HTTP/1.1" 404 506 "-" "Mozilla/5.0 (iPhone; CPU iPhone OS 6_0 like Mac OS X) AppleWebKit/536.26 (KHTML, like Gecko) Version/6.0 Mobile/10A5376e Safari/8536.25 (compatible; Googlebot/2.1; +http://www.google.com/bot.html)"
113.160.142.239 - - [01/May/2015:00:05:50 -0700] "GET //wp-login.php HTTP/1.1" 404 489 "-" "Mozilla/5.0 (X11; U; Linux i686; pt-BR; rv:1.9.0.15) Gecko/2009102815 Ubuntu/9.04 (jaunty) Firefox/3.0.15"
113.160.142.239 - - [01/May/2015:00:05:50 -0700] "GET /blog//wp-login.php HTTP/1.1" 404 489 "-" "Mozilla/5.0 (X11; U; Linux i686; pt-BR; rv:1.9.0.15) Gecko/2009102815 Ubuntu/9.04 (jaunty) Firefox/3.0.15"
113.160.142.239 - - [01/May/2015:00:05:51 -0700] "GET /wordpress//wp-login.php HTTP/1.1" 404 489 "-" "Mozilla/5.0 (X11; U; Linux i686; pt-BR; rv:1.9.0.15) Gecko/2009102815 Ubuntu/9.04 (jaunty) Firefox/3.0.15"
113.160.142.239 - - [01/May/2015:00:05:51 -0700] "GET /wp//wp-login.php HTTP/1.1" 404 489 "-" "Mozilla/5.0 (X11; U; Linux i686; pt-BR; rv:1.9.0.15) Gecko/2009102815 Ubuntu/9.04 (jaunty) Firefox/3.0.15"
170.75.162.130 - - [01/May/2015:00:08:15 -0700] "GET /lib/reccapi.php?resort=madriverglen HTTP/1.1" 200 977 "-" "node-superagent/0.18.2"
170.75.162.130 - - [01/May/2015:00:08:15 -0700] "GET /lib/reccapi.php?resort=stowe HTTP/1.1" 200 964 "-" "node-superagent/0.18.2"
170.75.162.130 - - [01/May/2015:00:08:15 -0700] "GET /lib/reccapi.php?resort=sugarbush HTTP/1.1" 200 1007 "-" "node-superagent/0.18.2"
66.249.79.8 - - [01/May/2015:00:18:43 -0700] "GET /resorts?resort=mounthoodskibowl&date=2014-01-03 HTTP/1.1" 404 506 "-" "Mozilla/5.0 (iPhone; CPU iPhone OS 6_0 like Mac OS X) AppleWebKit/536.26 (KHTML, like Gecko) Version/6.0 Mobile/10A5376e Safari/8536.25 (compatible; Googlebot/2.1; +http://www.google.com/bot.html)"
170.75.162.130 - - [01/May/2015:00:22:36 -0700] "GET /lib/reccapi.php?resort=bigsky HTTP/1.1" 200 975 "-" "node-superagent/0.18.2"
66.249.79.16 - - [01/May/2015:00:25:57 -0700] "GET /resorts?resort=bigsky&date=2013-12-15 HTTP/1.1" 404 506 "-" "Mozilla/5.0 (iPhone; CPU iPhone OS 6_0 like Mac OS X) AppleWebKit/536.26 (KHTML, like Gecko) Version/6.0 Mobile/10A5376e Safari/8536.25 (compatible; Googlebot/2.1; +http://www.google.com/bot.html)"
170.75.162.130 - - [01/May/2015:00:27:56 -0700] "GET /lib/reccapi.php?resort=alpinemeadows HTTP/1.1" 200 1083 "-" "node-superagent/0.18.2"
170.75.162.130 - - [01/May/2015:00:27:56 -0700] "GET /lib/reccapi.php?resort=angelfire HTTP/1.1" 200 1065 "-" "node-superagent/0.18.2"
71.140.31.214 - - [01/May/2015:00:28:50 -0700] "GET /images/wsis-logo-sm.png HTTP/1.1" 200 6108 "http://www.thebackcountry.net/" "Mozilla/5.0 (Windows NT 5.1) AppleWebKit/537.36 (KHTML, like Gecko) Chrome/42.0.2311.135 Safari/537.36"
66.249.79.160 - - [01/May/2015:00:34:14 -0700] "GET /resorts?resort=devilshead&date=2014-02-05 HTTP/1.1" 404 506 "-" "Mozilla/5.0 (iPhone; CPU iPhone OS 6_0 like Mac OS X) AppleWebKit/536.26 (KHTML, like Gecko) Version/6.0 Mobile/10A5376e Safari/8536.25 (compatible; Googlebot/2.1; +http://www.google.com/bot.html)"
46.229.164.102 - - [01/May/2015:00:42:31 -0700] "GET /resorts?resort=monarch HTTP/1.1" 404 469 "-" "Mozilla/5.0 (compatible; SemrushBot/0.98~bl; +http://www.semrush.com/bot.html)"
66.249.79.8 - - [01/May/2015:00:42:47 -0700] "GET /resorts?resort=aspenmountain&date=2014-02-01 HTTP/1.1" 404 506 "-" "Mozilla/5.0 (iPhone; CPU iPhone OS 6_0 like Mac OS X) AppleWebKit/536.26 (KHTML, like Gecko) Version/6.0 Mobile/10A5376e Safari/8536.25 (compatible; Googlebot/2.1; +http://www.google.com/bot.html)"
170.75.162.130 - - [01/May/2015:00:43:47 -0700] "GET /lib/reccapi.php?resort=northstar-at-tahoe HTTP/1.1" 200 1034 "-" "node-superagent/0.18.2"
66.249.79.160 - - [01/May/2015:00:49:07 -0700] "GET /resorts?resort=snowmass&date=2014-01-31 HTTP/1.1" 404 506 "-" "Mozilla/5.0 (iPhone; CPU iPhone OS 6_0 like Mac OS X) AppleWebKit/536.26 (KHTML, like Gecko) Version/6.0 Mobile/10A5376e Safari/8536.25 (compatible; Googlebot/2.1; +http://www.google.com/bot.html)"
180.76.5.22 - - [01/May/2015:00:50:29 -0700] "GET /resorts?resort=smugglersnotch&date=2014-02-07 HTTP/1.1" 404 472 "-" "Mozilla/5.0 (compatible; Baiduspider/2.0; +http://www.baidu.com/search/spider.html)"
170.75.162.130 - - [01/May/2015:00:57:29 -0700] "GET /lib/reccapi.php?resort=wildcatmountain HTTP/1.1" 200 962 "-" "node-superagent/0.18.2"
66.249.79.16 - - [01/May/2015:00:59:32 -0700] "GET /resorts?resort=maverickmountain&date=2014-01-01 HTTP/1.1" 404 506 "-" "Mozilla/5.0 (iPhone; CPU iPhone OS 6_0 like Mac OS X) AppleWebKit/536.26 (KHTML, like Gecko) Version/6.0 Mobile/10A5376e Safari/8536.25 (compatible; Googlebot/2.1; +http://www.google.com/bot.html)"
170.75.162.130 - - [01/May/2015:01:01:29 -0700] "GET /lib/reccapi.php?resort=telluride HTTP/1.1" 200 1034 "-" "node-superagent/0.18.2"
66.249.79.8 - - [01/May/2015:01:07:55 -0700] "GET /resorts?resort=northstar-at-tahoe&date=2012-12-27 HTTP/1.1" 404 506 "-" "Mozilla/5.0 (iPhone; CPU iPhone OS 6_0 like Mac OS X) AppleWebKit/536.26 (KHTML, like Gecko) Version/6.0 Mobile/10A5376e Safari/8536.25 (compatible; Googlebot/2.1; +http://www.google.com/bot.html)"
170.75.162.130 - - [01/May/2015:01:08:10 -0700] "GET /lib/reccapi.php?resort=schweitzer HTTP/1.1" 200 969 "-" "node-superagent/0.18.2"
170.75.162.130 - - [01/May/2015:01:08:20 -0700] "GET /lib/reccapi.php?resort=snowbasin HTTP/1.1" 200 1019 "-" "node-superagent/0.18.2"
123.125.71.91 - - [01/May/2015:01:10:28 -0700] "-" 408 0 "-" "-"
146.185.239.100 - - [01/May/2015:01:14:39 -0700] "GET http://24x7-allrequestsallowed.com/?PHPSESSID=a45ad01b00143TVMVRS_EAFFP%40 HTTP/1.1" 200 6095 "-" "-"
220.181.108.149 - - [01/May/2015:01:15:23 -0700] "GET / HTTP/1.1" 200 2339 "-" "Mozilla/5.0 (Windows NT 5.1; rv:6.0.2) Gecko/20100101 Firefox/6.0.2"
66.249.79.8 - - [01/May/2015:01:16:18 -0700] "GET /resorts?resort=alta&date=2014-01-30 HTTP/1.1" 404 506 "-" "Mozilla/5.0 (iPhone; CPU iPhone OS 6_0 like Mac OS X) AppleWebKit/536.26 (KHTML, like Gecko) Version/6.0 Mobile/10A5376e Safari/8536.25 (compatible; Googlebot/2.1; +http://www.google.com/bot.html)"
220.181.108.140 - - [01/May/2015:01:16:30 -0700] "-" 408 0 "-" "-"
170.75.162.130 - - [01/May/2015:01:20:41 -0700] "GET /lib/reccapi.php?resort=monarch HTTP/1.1" 200 1043 "-" "node-superagent/0.18.2"
66.249.79.8 - - [01/May/2015:01:24:41 -0700] "GET /resorts?resort=snowbird&date=2014-02-19 HTTP/1.1" 404 506 "-" "Mozilla/5.0 (iPhone; CPU iPhone OS 6_0 like Mac OS X) AppleWebKit/536.26 (KHTML, like Gecko) Version/6.0 Mobile/10A5376e Safari/8536.25 (compatible; Googlebot/2.1; +http://www.google.com/bot.html)"
66.249.79.160 - - [01/May/2015:01:33:04 -0700] "GET /resorts?resort=tetonpass&date=2013-12-19 HTTP/1.1" 404 506 "-" "Mozilla/5.0 (iPhone; CPU iPhone OS 6_0 like Mac OS X) AppleWebKit/536.26 (KHTML, like Gecko) Version/6.0 Mobile/10A5376e Safari/8536.25 (compatible; Googlebot/2.1; +http://www.google.com/bot.html)"
123.125.71.114 - - [01/May/2015:01:38:43 -0700] "GET / HTTP/1.1" 200 2339 "-" "Mozilla/5.0 (Windows NT 5.1; rv:6.0.2) Gecko/20100101 Firefox/6.0.2"
123.125.71.107 - - [01/May/2015:01:39:36 -0700] "-" 408 0 "-" "-"
66.249.79.16 - - [01/May/2015:01:41:28 -0700] "GET /resorts?resort=snowking&date=2014-01-19 HTTP/1.1" 404 506 "-" "Mozilla/5.0 (iPhone; CPU iPhone OS 6_0 like Mac OS X) AppleWebKit/536.26 (KHTML, like Gecko) Version/6.0 Mobile/10A5376e Safari/8536.25 (compatible; Googlebot/2.1; +http://www.google.com/bot.html)"
220.181.108.167 - - [01/May/2015:01:44:23 -0700] "GET / HTTP/1.1" 200 2339 "-" "Mozilla/5.0 (Windows NT 5.1; rv:6.0.2) Gecko/20100101 Firefox/6.0.2"
220.181.108.176 - - [01/May/2015:01:45:32 -0700] "-" 408 0 "-" "-"
170.75.162.130 - - [01/May/2015:01:46:23 -0700] "GET /lib/reccapi.php?resort=winterpark HTTP/1.1" 200 1079 "-" "node-superagent/0.18.2"
66.249.79.8 - - [01/May/2015:01:49:52 -0700] "GET /resorts?resort=tetonpass&date=2014-01-05 HTTP/1.1" 404 506 "-" "Mozilla/5.0 (iPhone; CPU iPhone OS 6_0 like Mac OS X) AppleWebKit/536.26 (KHTML, like Gecko) Version/6.0 Mobile/10A5376e Safari/8536.25 (compatible; Googlebot/2.1; +http://www.google.com/bot.html)"
180.76.4.247 - - [01/May/2015:01:57:05 -0700] "GET / HTTP/1.1" 200 6114 "-" "Mozilla/4.0 (compatible; MSIE 7.0; Windows NT 6.0)"
66.249.79.16 - - [01/May/2015:01:58:16 -0700] "GET /resorts?resort=bearmountain&date=2013-05-04 HTTP/1.1" 404 506 "-" "Mozilla/5.0 (iPhone; CPU iPhone OS 6_0 like Mac OS X) AppleWebKit/536.26 (KHTML, like Gecko) Version/6.0 Mobile/10A5376e Safari/8536.25 (compatible; Googlebot/2.1; +http://www.google.com/bot.html)"
