75.111.98.24 - - [27/Dec/2015:21:02:09 -0800] "GET /scripts/fa48e319.main.js HTTP/1.1" 200 123455 "http://whereshouldiski.com/" "Mozilla/5.0 (Windows NT 6.1; rv:43.0) Gecko/20100101 Firefox/43.0"
75.111.98.24 - - [27/Dec/2015:21:02:11 -0800] "GET /images/greyHeader.png HTTP/1.1" 200 508 "http://whereshouldiski.com/styles/ee08faa9.main.css" "Mozilla/5.0 (Windows NT 6.1; rv:43.0) Gecko/20100101 Firefox/43.0"
75.111.98.24 - - [27/Dec/2015:21:02:11 -0800] "GET /lib/reccapi.php?fields=t HTTP/1.1" 200 1990 "http://whereshouldiski.com/" "Mozilla/5.0 (Windows NT 6.1; rv:43.0) Gecko/20100101 Firefox/43.0"
75.111.98.24 - - [27/Dec/2015:21:02:12 -0800] "GET /images/star5.png HTTP/1.1" 200 1783 "http://whereshouldiski.com/styles/ee08faa9.main.css" "Mozilla/5.0 (Windows NT 6.1; rv:43.0) Gecko/20100101 Firefox/43.0"
75.111.98.24 - - [27/Dec/2015:21:02:12 -0800] "GET /images/snowflake5.png HTTP/1.1" 200 2857 "http://whereshouldiski.com/styles/ee08faa9.main.css" "Mozilla/5.0 (Windows NT 6.1; rv:43.0) Gecko/20100101 Firefox/43.0"
75.111.98.24 - - [27/Dec/2015:21:02:12 -0800] "GET /images/bluebird5.png HTTP/1.1" 200 2177 "http://whereshouldiski.com/styles/ee08faa9.main.css" "Mozilla/5.0 (Windows NT 6.1; rv:43.0) Gecko/20100101 Firefox/43.0"
75.111.98.24 - - [27/Dec/2015:21:02:12 -0800] "GET /images/mtns-icon.png HTTP/1.1" 200 1097 "http://whereshouldiski.com/styles/ee08faa9.main.css" "Mozilla/5.0 (Windows NT 6.1; rv:43.0) Gecko/20100101 Firefox/43.0"
75.111.98.24 - - [27/Dec/2015:21:02:12 -0800] "GET /images/shading-icon.png HTTP/1.1" 200 537 "http://whereshouldiski.com/styles/ee08faa9.main.css" "Mozilla/5.0 (Windows NT 6.1; rv:43.0) Gecko/20100101 Firefox/43.0"
75.111.98.24 - - [27/Dec/2015:21:02:13 -0800] "GET /favicon.ico HTTP/1.1" 200 4612 "-" "Mozilla/5.0 (Windows NT 6.1; rv:43.0) Gecko/20100101 Firefox/43.0"
71.204.14.220 - - [27/Dec/2015:21:08:03 -0800] "GET /images/wsis-logo-sm.png HTTP/1.1" 200 6108 "http://www.thebackcountry.net/" "Mozilla/5.0 (Windows NT 10.0; WOW64; rv:42.0) Gecko/20100101 Firefox/42.0"
24.176.178.98 - - [27/Dec/2015:21:13:04 -0800] "GET /images/wsis-logo-sm.png HTTP/1.1" 200 6108 "http://thebackcountry.net/" "Mozilla/5.0 (Windows NT 6.1; WOW64) AppleWebKit/537.36 (KHTML, like Gecko) Chrome/47.0.2526.106 Safari/537.36"
24.32.27.46 - - [27/Dec/2015:21:14:54 -0800] "GET /images/wsis-logo-sm.png HTTP/1.1" 200 6108 "http://www.thebackcountry.net/" "Mozilla/5.0 (iPhone; CPU iPhone OS 9_2 like Mac OS X) AppleWebKit/601.1.46 (KHTML, like Gecko) Version/9.0 Mobile/13C75 Safari/601.1"
172.56.16.4 - - [27/Dec/2015:21:16:11 -0800] "GET /images/wsis-logo-sm.png HTTP/1.1" 200 6108 "http://www.thebackcountry.net/" "Mozilla/5.0 (iPhone; CPU iPhone OS 8_3 like Mac OS X) AppleWebKit/600.1.4 (KHTML, like Gecko) Version/8.0 Mobile/12F70 Safari/600.1.4"
71.80.215.235 - - [27/Dec/2015:21:19:10 -0800] "GET /images/wsis-logo-sm.png HTTP/1.1" 200 6108 "http://www.thebackcountry.net/" "Mozilla/5.0 (iPhone; CPU iPhone OS 9_2 like Mac OS X) AppleWebKit/601.1.46 (KHTML, like Gecko) Version/9.0 Mobile/13C75 Safari/601.1"
107.77.75.108 - - [27/Dec/2015:21:22:29 -0800] "GET /images/wsis-logo-sm.png HTTP/1.1" 200 6108 "http://www.thebackcountry.net/" "Mozilla/5.0 (iPhone; CPU iPhone OS 9_2 like Mac OS X) AppleWebKit/601.1.46 (KHTML, like Gecko) Version/9.0 Mobile/13C75 Safari/601.1"
66.249.79.227 - - [27/Dec/2015:21:23:15 -0800] "GET /lib/reccapi.php?resort=snoqualmie-alpental&date=2015-12-23 HTTP/1.1" 200 1065 "http://whereshouldiski.com/" "Mozilla/5.0 (compatible; Googlebot/2.1; +http://www.google.com/bot.html)"
66.249.79.220 - - [27/Dec/2015:21:23:16 -0800] "GET /lib/reccapi.php?fields=t&date=2015-12-23&coords=47.44%2C-121.45&size=7&sort=distance HTTP/1.1" 200 1424 "http://whereshouldiski.com/" "Mozilla/5.0 (compatible; Googlebot/2.1; +http://www.google.com/bot.html)"
66.249.79.220 - - [27/Dec/2015:21:23:17 -0800] "GET /lib/resortDataSearchD3.php?size=7&sortDate=T&resort=snoqualmie-alpental&dateStart=2015-12-21 HTTP/1.1" 200 880 "http://whereshouldiski.com/" "Mozilla/5.0 (compatible; Googlebot/2.1; +http://www.google.com/bot.html)"
71.83.112.6 - - [27/Dec/2015:21:24:17 -0800] "GET /images/wsis-logo-sm.png HTTP/1.1" 200 6108 "http://www.thebackcountry.net/" "Mozilla/5.0 (Macintosh; Intel Mac OS X 10_11_1) AppleWebKit/537.36 (KHTML, like Gecko) Chrome/47.0.2526.106 Safari/537.36"
64.21.215.7 - - [27/Dec/2015:21:27:29 -0800] "GET /images/wsis-logo-sm.png HTTP/1.1" 200 6108 "http://www.thebackcountry.net/" "Mozilla/5.0 (Linux; Android 4.4.2; en-gb; SAMSUNG SM-G900F Build/KOT49H) AppleWebKit/537.36 (KHTML, like Gecko) Version/1.6 Chrome/28.0.1500.94 Mobile Safari/537.36"
46.101.78.44 - - [27/Dec/2015:21:28:04 -0800] "GET /images/wsis-logo-sm.png HTTP/1.1" 200 6108 "http://www.thebackcountry.net/" "Mozilla/5.0 (iPhone; CPU iPhone OS 9_1 like Mac OS X) AppleWebKit/601.1.46 (KHTML, like Gecko) Version/9.0 Mobile/13B143 Safari/601.1"
180.76.15.14 - - [27/Dec/2015:21:30:38 -0800] "GET / HTTP/1.1" 200 6995 "-" "Mozilla/5.0 (compatible; Baiduspider/2.0; +http://www.baidu.com/search/spider.html)"
180.76.15.30 - - [27/Dec/2015:21:31:24 -0800] "GET / HTTP/1.1" 200 6995 "-" "Mozilla/5.0 (compatible; Baiduspider/2.0; +http://www.baidu.com/search/spider.html)"
75.42.64.61 - - [27/Dec/2015:21:36:01 -0800] "GET /images/wsis-logo-sm.png HTTP/1.1" 200 6108 "http://www.thebackcountry.net/" "Mozilla/5.0 (iPhone; CPU iPhone OS 9_2 like Mac OS X) AppleWebKit/601.1.46 (KHTML, like Gecko) Version/9.0 Mobile/13C75 Safari/601.1"
45.18.84.6 - - [27/Dec/2015:21:45:54 -0800] "GET /images/wsis-logo-sm.png HTTP/1.1" 200 6108 "http://www.thebackcountry.net/" "Mozilla/5.0 (Macintosh; Intel Mac OS X 10_9_5) AppleWebKit/601.3.9 (KHTML, like Gecko) Version/9.0.2 Safari/537.86.3"
75.111.108.130 - - [27/Dec/2015:21:45:55 -0800] "GET / HTTP/1.1" 200 2615 "-" "Mozilla/5.0 (iPhone; CPU iPhone OS 9_1 like Mac OS X) AppleWebKit/601.1.46 (KHTML, like Gecko) Version/9.0 Mobile/13B143 Safari/601.1"
75.111.108.130 - - [27/Dec/2015:21:45:55 -0800] "GET /styles/ee08faa9.main.css HTTP/1.1" 200 19446 "http://whereshouldiski.com/" "Mozilla/5.0 (iPhone; CPU iPhone OS 9_1 like Mac OS X) AppleWebKit/601.1.46 (KHTML, like Gecko) Version/9.0 Mobile/13B143 Safari/601.1"
45.18.84.6 - - [27/Dec/2015:21:46:07 -0800] "GET / HTTP/1.1" 200 2615 "http://www.thebackcountry.net/" "Mozilla/5.0 (Macintosh; Intel Mac OS X 10_9_5) AppleWebKit/601.3.9 (KHTML, like Gecko) Version/9.0.2 Safari/537.86.3"
45.18.84.6 - - [27/Dec/2015:21:46:07 -0800] "GET /bower_components/requirejs/require.js HTTP/1.1" 200 6701 "http://whereshouldiski.com/" "Mozilla/5.0 (Macintosh; Intel Mac OS X 10_9_5) AppleWebKit/601.3.9 (KHTML, like Gecko) Version/9.0.2 Safari/537.86.3"
45.18.84.6 - - [27/Dec/2015:21:46:07 -0800] "GET /styles/ee08faa9.main.css HTTP/1.1" 200 19447 "http://whereshouldiski.com/" "Mozilla/5.0 (Macintosh; Intel Mac OS X 10_9_5) AppleWebKit/601.3.9 (KHTML, like Gecko) Version/9.0.2 Safari/537.86.3"
45.18.84.6 - - [27/Dec/2015:21:46:07 -0800] "GET /scripts/scripts/vendor/modernizr.js HTTP/1.1" 200 4903 "http://whereshouldiski.com/" "Mozilla/5.0 (Macintosh; Intel Mac OS X 10_9_5) AppleWebKit/601.3.9 (KHTML, like Gecko) Version/9.0.2 Safari/537.86.3"
45.18.84.6 - - [27/Dec/2015:21:46:08 -0800] "GET /images/logo-square-white-sm.png HTTP/1.1" 200 1683 "http://whereshouldiski.com/" "Mozilla/5.0 (Macintosh; Intel Mac OS X 10_9_5) AppleWebKit/601.3.9 (KHTML, like Gecko) Version/9.0.2 Safari/537.86.3"
45.18.84.6 - - [27/Dec/2015:21:46:08 -0800] "GET /images/loading.gif HTTP/1.1" 200 13881 "http://whereshouldiski.com/" "Mozilla/5.0 (Macintosh; Intel Mac OS X 10_9_5) AppleWebKit/601.3.9 (KHTML, like Gecko) Version/9.0.2 Safari/537.86.3"
45.18.84.6 - - [27/Dec/2015:21:46:08 -0800] "GET /scripts/fa48e319.main.js HTTP/1.1" 200 123455 "http://whereshouldiski.com/" "Mozilla/5.0 (Macintosh; Intel Mac OS X 10_9_5) AppleWebKit/601.3.9 (KHTML, like Gecko) Version/9.0.2 Safari/537.86.3"
45.18.84.6 - - [27/Dec/2015:21:46:09 -0800] "GET /images/button.png HTTP/1.1" 200 598 "http://whereshouldiski.com/" "Mozilla/5.0 (Macintosh; Intel Mac OS X 10_9_5) AppleWebKit/601.3.9 (KHTML, like Gecko) Version/9.0.2 Safari/537.86.3"
45.18.84.6 - - [27/Dec/2015:21:46:09 -0800] "GET /images/greyHeader.png HTTP/1.1" 200 508 "http://whereshouldiski.com/" "Mozilla/5.0 (Macintosh; Intel Mac OS X 10_9_5) AppleWebKit/601.3.9 (KHTML, like Gecko) Version/9.0.2 Safari/537.86.3"
45.18.84.6 - - [27/Dec/2015:21:46:09 -0800] "GET /lib/reccapi.php?fields=t HTTP/1.1" 200 1990 "http://whereshouldiski.com/" "Mozilla/5.0 (Macintosh; Intel Mac OS X 10_9_5) AppleWebKit/601.3.9 (KHTML, like Gecko) Version/9.0.2 Safari/537.86.3"
45.18.84.6 - - [27/Dec/2015:21:46:09 -0800] "GET /images/snowflake5.png HTTP/1.1" 200 2857 "http://whereshouldiski.com/" "Mozilla/5.0 (Macintosh; Intel Mac OS X 10_9_5) AppleWebKit/601.3.9 (KHTML, like Gecko) Version/9.0.2 Safari/537.86.3"
45.18.84.6 - - [27/Dec/2015:21:46:09 -0800] "GET /images/star5.png HTTP/1.1" 200 1783 "http://whereshouldiski.com/" "Mozilla/5.0 (Macintosh; Intel Mac OS X 10_9_5) AppleWebKit/601.3.9 (KHTML, like Gecko) Version/9.0.2 Safari/537.86.3"
45.18.84.6 - - [27/Dec/2015:21:46:09 -0800] "GET /images/bluebird5.png HTTP/1.1" 200 2177 "http://whereshouldiski.com/" "Mozilla/5.0 (Macintosh; Intel Mac OS X 10_9_5) AppleWebKit/601.3.9 (KHTML, like Gecko) Version/9.0.2 Safari/537.86.3"
45.18.84.6 - - [27/Dec/2015:21:46:09 -0800] "GET /images/shading-icon.png HTTP/1.1" 200 537 "http://whereshouldiski.com/" "Mozilla/5.0 (Macintosh; Intel Mac OS X 10_9_5) AppleWebKit/601.3.9 (KHTML, like Gecko) Version/9.0.2 Safari/537.86.3"
45.18.84.6 - - [27/Dec/2015:21:46:09 -0800] "GET /images/mtns-icon.png HTTP/1.1" 200 1097 "http://whereshouldiski.com/" "Mozilla/5.0 (Macintosh; Intel Mac OS X 10_9_5) AppleWebKit/601.3.9 (KHTML, like Gecko) Version/9.0.2 Safari/537.86.3"
45.18.84.6 - - [27/Dec/2015:21:46:10 -0800] "GET /favicon.ico HTTP/1.1" 200 4613 "http://whereshouldiski.com/" "Mozilla/5.0 (Macintosh; Intel Mac OS X 10_9_5) AppleWebKit/601.3.9 (KHTML, like Gecko) Version/9.0.2 Safari/537.86.3"
127.0.0.1 - - [27/Dec/2015:21:46:18 -0800] "OPTIONS * HTTP/1.0" 200 126 "-" "Apache/2.2.22 (Ubuntu) (internal dummy connection)"
45.18.84.6 - - [27/Dec/2015:21:46:25 -0800] "GET /lib/reccapi.php?fields=t&date=2015-12-28 HTTP/1.1" 200 1867 "http://whereshouldiski.com/" "Mozilla/5.0 (Macintosh; Intel Mac OS X 10_9_5) AppleWebKit/601.3.9 (KHTML, like Gecko) Version/9.0.2 Safari/537.86.3"
45.18.84.6 - - [27/Dec/2015:21:46:26 -0800] "GET /images/greenHeader.png HTTP/1.1" 200 508 "http://whereshouldiski.com/" "Mozilla/5.0 (Macintosh; Intel Mac OS X 10_9_5) AppleWebKit/601.3.9 (KHTML, like Gecko) Version/9.0.2 Safari/537.86.3"
45.18.84.6 - - [27/Dec/2015:21:46:41 -0800] "GET /lib/reccapi.php?fields=t HTTP/1.1" 200 1991 "http://whereshouldiski.com/" "Mozilla/5.0 (Macintosh; Intel Mac OS X 10_9_5) AppleWebKit/601.3.9 (KHTML, like Gecko) Version/9.0.2 Safari/537.86.3"
45.18.84.6 - - [27/Dec/2015:21:50:47 -0800] "GET / HTTP/1.1" 200 2615 "-" "Mozilla/5.0 (Macintosh; Intel Mac OS X 10_9_5) AppleWebKit/601.3.9 (KHTML, like Gecko) Version/9.0.2 Safari/537.86.3"
45.18.84.6 - - [27/Dec/2015:21:50:47 -0800] "GET /bower_components/requirejs/require.js HTTP/1.1" 200 6701 "http://whereshouldiski.com/" "Mozilla/5.0 (Macintosh; Intel Mac OS X 10_9_5) AppleWebKit/601.3.9 (KHTML, like Gecko) Version/9.0.2 Safari/537.86.3"
45.18.84.6 - - [27/Dec/2015:21:50:47 -0800] "GET /styles/ee08faa9.main.css HTTP/1.1" 200 19447 "http://whereshouldiski.com/" "Mozilla/5.0 (Macintosh; Intel Mac OS X 10_9_5) AppleWebKit/601.3.9 (KHTML, like Gecko) Version/9.0.2 Safari/537.86.3"
45.18.84.6 - - [27/Dec/2015:21:50:47 -0800] "GET /scripts/scripts/vendor/modernizr.js HTTP/1.1" 200 4903 "http://whereshouldiski.com/" "Mozilla/5.0 (Macintosh; Intel Mac OS X 10_9_5) AppleWebKit/601.3.9 (KHTML, like Gecko) Version/9.0.2 Safari/537.86.3"
45.18.84.6 - - [27/Dec/2015:21:50:47 -0800] "GET /images/logo-square-white-sm.png HTTP/1.1" 200 1683 "http://whereshouldiski.com/" "Mozilla/5.0 (Macintosh; Intel Mac OS X 10_9_5) AppleWebKit/601.3.9 (KHTML, like Gecko) Version/9.0.2 Safari/537.86.3"
45.18.84.6 - - [27/Dec/2015:21:50:47 -0800] "GET /images/loading.gif HTTP/1.1" 200 13881 "http://whereshouldiski.com/" "Mozilla/5.0 (Macintosh; Intel Mac OS X 10_9_5) AppleWebKit/601.3.9 (KHTML, like Gecko) Version/9.0.2 Safari/537.86.3"
45.18.84.6 - - [27/Dec/2015:21:50:48 -0800] "GET /scripts/fa48e319.main.js HTTP/1.1" 200 123455 "http://whereshouldiski.com/" "Mozilla/5.0 (Macintosh; Intel Mac OS X 10_9_5) AppleWebKit/601.3.9 (KHTML, like Gecko) Version/9.0.2 Safari/537.86.3"
24.32.27.13 - - [27/Dec/2015:21:51:29 -0800] "GET /images/wsis-logo-sm.png HTTP/1.1" 200 6108 "http://www.thebackcountry.net/" "Mozilla/5.0 (iPhone; CPU iPhone OS 9_2 like Mac OS X) AppleWebKit/601.1.46 (KHTML, like Gecko) Version/9.0 Mobile/13C75 Safari/601.1"
73.162.98.101 - - [27/Dec/2015:21:55:00 -0800] "GET /images/wsis-logo-sm.png HTTP/1.1" 200 6108 "http://www.thebackcountry.net/" "Mozilla/5.0 (Macintosh; Intel Mac OS X 10_10_5) AppleWebKit/537.36 (KHTML, like Gecko) Chrome/47.0.2526.106 Safari/537.36"
166.216.157.114 - - [27/Dec/2015:21:56:22 -0800] "GET /images/wsis-logo-sm.png HTTP/1.1" 200 6108 "http://thebackcountry.net/" "Mozilla/5.0 (iPhone; CPU iPhone OS 9_2 like Mac OS X) AppleWebKit/601.1 (KHTML, like Gecko) CriOS/47.0.2526.107 Mobile/13C75 Safari/601.1.46"
166.216.157.114 - - [27/Dec/2015:21:56:43 -0800] "-" 408 0 "-" "-"
73.184.240.252 - - [27/Dec/2015:22:06:55 -0800] "GET /images/wsis-logo-sm.png HTTP/1.1" 200 6108 "http://thebackcountry.net/" "Mozilla/5.0 (Macintosh; Intel Mac OS X 10_10_5) AppleWebKit/601.3.9 (KHTML, like Gecko) Version/9.0.2 Safari/601.3.9"
73.184.240.252 - - [27/Dec/2015:22:08:11 -0800] "GET /images/wsis-logo-sm.png HTTP/1.1" 304 187 "http://thebackcountry.net/" "Mozilla/5.0 (Macintosh; Intel Mac OS X 10_10_5) AppleWebKit/601.3.9 (KHTML, like Gecko) Version/9.0.2 Safari/601.3.9"
73.151.69.194 - - [27/Dec/2015:22:14:44 -0800] "GET /images/wsis-logo-sm.png HTTP/1.1" 200 6108 "http://www.thebackcountry.net/" "Mozilla/5.0 (iPad; CPU OS 9_1 like Mac OS X) AppleWebKit/601.1.46 (KHTML, like Gecko) Version/9.0 Mobile/13B143 Safari/601.1"
107.77.92.81 - - [27/Dec/2015:22:15:47 -0800] "GET /images/wsis-logo-sm.png HTTP/1.1" 200 6108 "http://www.thebackcountry.net/" "Mozilla/5.0 (Windows NT 6.3; WOW64) AppleWebKit/537.36 (KHTML, like Gecko) Chrome/47.0.2526.80 Safari/537.36"
170.75.162.130 - - [27/Dec/2015:22:32:53 -0800] "GET /lib/reccapi.php?resort=alta HTTP/1.1" 200 997 "-" "node-superagent/1.4.0"
170.75.162.130 - - [27/Dec/2015:22:32:53 -0800] "GET /lib/reccapi.php?resort=killington HTTP/1.1" 200 1096 "-" "node-superagent/1.4.0"
170.75.162.130 - - [27/Dec/2015:22:32:53 -0800] "GET /lib/reccapi.php?resort=sugarloaf HTTP/1.1" 200 1070 "-" "node-superagent/1.4.0"
180.76.15.146 - - [27/Dec/2015:22:35:07 -0800] "GET / HTTP/1.1" 200 6995 "-" "Mozilla/5.0 (compatible; Baiduspider/2.0; +http://www.baidu.com/search/spider.html)"
180.76.15.18 - - [27/Dec/2015:22:36:05 -0800] "GET / HTTP/1.1" 200 6995 "-" "Mozilla/5.0 (compatible; Baiduspider/2.0; +http://www.baidu.com/search/spider.html)"
65.78.152.164 - - [27/Dec/2015:22:37:57 -0800] "GET /images/wsis-logo-sm.png HTTP/1.1" 200 6108 "http://www.thebackcountry.net/" "Mozilla/5.0 (Macintosh; PPC Mac OS X 10_5_8) AppleWebKit/534.50.2 (KHTML, like Gecko) Version/5.0.6 Safari/533.22.3"
62.210.141.4 - - [27/Dec/2015:22:42:26 -0800] "GET / HTTP/1.0" 200 7032 "-" "Mozilla/5.0 (Windows NT 6.1) AppleWebKit/537.36 (KHTML, like Gecko) Chrome/41.0.2228.0 Safari/537.36"
71.11.184.35 - - [27/Dec/2015:23:07:42 -0800] "GET /images/wsis-logo-sm.png HTTP/1.1" 200 6108 "http://www.thebackcountry.net/" "Mozilla/5.0 (Windows NT 6.1; WOW64; rv:43.0) Gecko/20100101 Firefox/43.0"
180.76.15.14 - - [27/Dec/2015:23:32:16 -0800] "GET / HTTP/1.1" 200 6995 "-" "Mozilla/5.0 (compatible; Baiduspider/2.0; +http://www.baidu.com/search/spider.html)"
180.76.15.137 - - [27/Dec/2015:23:33:09 -0800] "GET / HTTP/1.1" 200 6995 "-" "Mozilla/5.0 (compatible; Baiduspider/2.0; +http://www.baidu.com/search/spider.html)"
65.115.72.130 - - [27/Dec/2015:23:47:39 -0800] "GET /images/wsis-logo-sm.png HTTP/1.1" 200 6108 "http://www.thebackcountry.net/" "Mozilla/5.0 (Linux; Android 5.0.2; SAMSUNG SM-T700 Build/LRX22G) AppleWebKit/537.36 (KHTML, like Gecko) SamsungBrowser/3.0 Chrome/38.0.2125.102 Safari/537.36"
73.222.1.201 - - [27/Dec/2015:23:52:07 -0800] "GET /images/wsis-logo-sm.png HTTP/1.1" 200 6108 "http://www.thebackcountry.net/" "Mozilla/5.0 (Macintosh; Intel Mac OS X 10_10_1) AppleWebKit/600.1.25 (KHTML, like Gecko) Version/8.0 Safari/600.1.25"
72.47.174.201 - - [27/Dec/2015:23:53:31 -0800] "GET /images/wsis-logo-sm.png HTTP/1.1" 200 6108 "http://www.thebackcountry.net/" "Mozilla/5.0 (iPhone; CPU iPhone OS 9_2 like Mac OS X) AppleWebKit/601.1.46 (KHTML, like Gecko) Version/9.0 Mobile/13C75 Safari/601.1"
170.75.162.130 - - [27/Dec/2015:23:55:40 -0800] "GET /lib/reccapi.php?resort=heavenly HTTP/1.1" 200 980 "-" "node-superagent/1.4.0"
170.75.162.130 - - [27/Dec/2015:23:55:50 -0800] "GET /lib/reccapi.php?resort=alpinemeadows HTTP/1.1" 200 1053 "-" "node-superagent/1.4.0"
170.75.162.130 - - [27/Dec/2015:23:57:10 -0800] "GET /lib/reccapi.php?resort=squawvalleyusa HTTP/1.1" 200 987 "-" "node-superagent/1.4.0"
50.141.110.246 - - [27/Dec/2015:23:59:25 -0800] "GET /resorts HTTP/1.1" 404 506 "-" "Mozilla/5.0 (Macintosh; Intel Mac OS X 10_10_2) AppleWebKit/600.3.18 (KHTML, like Gecko) Version/8.0.3 Safari/600.3.18"
50.141.110.246 - - [27/Dec/2015:23:59:25 -0800] "GET /favicon.ico HTTP/1.1" 200 4612 "http://whereshouldiski.com/resorts" "Mozilla/5.0 (Macintosh; Intel Mac OS X 10_10_2) AppleWebKit/600.3.18 (KHTML, like Gecko) Version/8.0.3 Safari/600.3.18"
50.141.110.246 - - [27/Dec/2015:23:59:25 -0800] "GET /resorts HTTP/1.1" 404 505 "-" "Mozilla/5.0 (iPhone; CPU iPhone OS 8_1 like Mac OS X) AppleWebKit/600.1.4 (KHTML, like Gecko) Version/8.0 Mobile/12B410 Safari/600.1.4"
50.141.110.246 - - [27/Dec/2015:23:59:25 -0800] "GET /apple-touch-icon-precomposed.png HTTP/1.1" 404 521 "-" "com.apple.WebKit.WebContent/10600.3.18 CFNetwork/720.2.4 Darwin/14.1.0 (x86_64)"
50.141.110.246 - - [27/Dec/2015:23:59:25 -0800] "GET /apple-touch-icon.png HTTP/1.1" 404 512 "-" "com.apple.WebKit.WebContent/10600.3.18 CFNetwork/720.2.4 Darwin/14.1.0 (x86_64)"
184.100.226.253 - - [28/Dec/2015:00:05:52 -0800] "GET /images/wsis-logo-sm.png HTTP/1.1" 200 6108 "http://www.thebackcountry.net/" "Mozilla/5.0 (Windows NT 6.1; WOW64; Trident/7.0; QwestIE8x64; rv:11.0) like Gecko"
184.100.226.253 - - [28/Dec/2015:00:06:13 -0800] "-" 408 0 "-" "-"
65.208.151.118 - - [28/Dec/2015:00:09:17 -0800] "GET /images/wsis-logo-sm.png HTTP/1.1" 200 6071 "http://thebackcountry.net/" "Mozilla/4.0 (compatible; MSIE 6.0; Windows NT 5.1; SV1)"
61.216.2.15 - - [28/Dec/2015:00:12:51 -0800] "-" 408 0 "-" "-"
65.208.151.117 - - [28/Dec/2015:00:13:27 -0800] "GET / HTTP/1.1" 200 2578 "http://thebackcountry.net/" "Mozilla/4.0 (compatible; MSIE 6.0; Windows NT 5.1; SV1)"
180.76.15.154 - - [28/Dec/2015:00:31:34 -0800] "GET / HTTP/1.1" 200 6995 "-" "Mozilla/5.0 (compatible; Baiduspider/2.0; +http://www.baidu.com/search/spider.html)"
180.76.15.160 - - [28/Dec/2015:00:32:26 -0800] "GET / HTTP/1.1" 200 6995 "-" "Mozilla/5.0 (compatible; Baiduspider/2.0; +http://www.baidu.com/search/spider.html)"
203.133.171.78 - - [28/Dec/2015:00:43:21 -0800] "GET / HTTP/1.1" 200 2615 "-" "Mozilla/5.0 (compatible; MSIE or Firefox mutant; not on Windows server;) Daum 4.1"
66.249.79.15 - - [28/Dec/2015:00:45:06 -0800] "GET /robots.txt HTTP/1.1" 200 419 "-" "Mozilla/5.0 (compatible; Googlebot/2.1; +http://www.google.com/bot.html)"
66.249.79.15 - - [28/Dec/2015:00:45:06 -0800] "GET /about HTTP/1.1" 404 508 "-" "Mozilla/5.0 (compatible; Googlebot/2.1; +http://www.google.com/bot.html)"
65.208.151.119 - - [28/Dec/2015:01:08:00 -0800] "GET /images/wsis-logo-sm.png HTTP/1.1" 200 6071 "http://thebackcountry.net/index.html" "Mozilla/4.0 (compatible; MSIE 6.0; Windows NT 5.1; SV1)"
65.208.151.114 - - [28/Dec/2015:01:08:12 -0800] "GET / HTTP/1.1" 200 2578 "http://thebackcountry.net/index.html" "Mozilla/4.0 (compatible; MSIE 6.0; Windows NT 5.1; SV1)"
65.208.151.114 - - [28/Dec/2015:01:21:11 -0800] "GET /images/wsis-logo-sm.png HTTP/1.1" 200 6071 "http://www.thebackcountry.net/" "Mozilla/4.0 (compatible; MSIE 6.0; Windows NT 5.1; SV1)"
170.75.162.130 - - [28/Dec/2015:01:26:07 -0800] "GET /lib/reccapi.php?resort=bigsky HTTP/1.1" 200 1042 "-" "node-superagent/1.4.0"
180.76.15.30 - - [28/Dec/2015:01:32:35 -0800] "GET / HTTP/1.1" 200 6995 "-" "Mozilla/5.0 (compatible; Baiduspider/2.0; +http://www.baidu.com/search/spider.html)"
180.76.15.18 - - [28/Dec/2015:01:33:29 -0800] "GET / HTTP/1.1" 200 6995 "-" "Mozilla/5.0 (compatible; Baiduspider/2.0; +http://www.baidu.com/search/spider.html)"
40.77.167.37 - - [28/Dec/2015:01:34:00 -0800] "GET /robots.txt HTTP/1.1" 200 375 "-" "Mozilla/5.0 (compatible; bingbot/2.0; +http://www.bing.com/bingbot.htm)"
170.75.162.130 - - [28/Dec/2015:01:38:09 -0800] "GET /lib/reccapi.php?resort=sugarbowl HTTP/1.1" 200 1049 "-" "node-superagent/1.4.0"
65.208.151.115 - - [28/Dec/2015:01:58:28 -0800] "GET /images/wsis-logo-sm.png HTTP/1.1" 200 6071 "http://www.thebackcountry.net/index.html" "Mozilla/4.0 (compatible; MSIE 6.0; Windows NT 5.1; SV1)"
65.208.151.113 - - [28/Dec/2015:01:59:38 -0800] "GET / HTTP/1.1" 200 2578 "http://www.thebackcountry.net/index.html" "Mozilla/4.0 (compatible; MSIE 6.0; Windows NT 5.1; SV1)"
170.75.162.130 - - [28/Dec/2015:02:01:21 -0800] "GET /lib/reccapi.php?resort=grandtarghee HTTP/1.1" 200 1086 "-" "node-superagent/1.4.0"
170.75.162.130 - - [28/Dec/2015:02:02:11 -0800] "GET /lib/reccapi.php?resort=parkcity HTTP/1.1" 200 1068 "-" "node-superagent/1.4.0"
66.249.79.220 - - [28/Dec/2015:02:03:45 -0800] "GET / HTTP/1.1" 200 2615 "-" "Mozilla/5.0 (iPhone; CPU iPhone OS 8_3 like Mac OS X) AppleWebKit/600.1.4 (KHTML, like Gecko) Version/8.0 Mobile/12F70 Safari/600.1.4 (compatible; Googlebot/2.1; +http://www.google.com/bot.html)"
170.75.162.130 - - [28/Dec/2015:02:11:52 -0800] "GET /lib/reccapi.php?resort=wildcatmountain HTTP/1.1" 200 998 "-" "node-superagent/1.4.0"
170.75.162.130 - - [28/Dec/2015:02:18:03 -0800] "GET /lib/reccapi.php?resort=taos HTTP/1.1" 200 970 "-" "node-superagent/1.4.0"
170.75.162.130 - - [28/Dec/2015:02:30:53 -0800] "GET /lib/reccapi.php?resort=arapahoebasin HTTP/1.1" 200 1029 "-" "node-superagent/1.4.0"
170.75.162.130 - - [28/Dec/2015:02:30:53 -0800] "GET /lib/reccapi.php?resort=aspenheights HTTP/1.1" 200 1032 "-" "node-superagent/1.4.0"
170.75.162.130 - - [28/Dec/2015:02:30:53 -0800] "GET /lib/reccapi.php?resort=brighton HTTP/1.1" 200 1022 "-" "node-superagent/1.4.0"
170.75.162.130 - - [28/Dec/2015:02:30:53 -0800] "GET /lib/reccapi.php?resort=buttermilk HTTP/1.1" 200 1010 "-" "node-superagent/1.4.0"
170.75.162.130 - - [28/Dec/2015:02:30:53 -0800] "GET /lib/reccapi.php?resort=coppermountain HTTP/1.1" 200 1012 "-" "node-superagent/1.4.0"
170.75.162.130 - - [28/Dec/2015:02:30:53 -0800] "GET /lib/reccapi.php?resort=devilshead HTTP/1.1" 200 1061 "-" "node-superagent/1.4.0"
170.75.162.130 - - [28/Dec/2015:02:30:53 -0800] "GET /lib/reccapi.php?resort=jaypeak HTTP/1.1" 200 1027 "-" "node-superagent/1.4.0"
170.75.162.130 - - [28/Dec/2015:02:30:53 -0800] "GET /lib/reccapi.php?resort=keystone HTTP/1.1" 200 1011 "-" "node-superagent/1.4.0"
170.75.162.130 - - [28/Dec/2015:02:30:53 -0800] "GET /lib/reccapi.php?resort=loveland HTTP/1.1" 200 1007 "-" "node-superagent/1.4.0"
170.75.162.130 - - [28/Dec/2015:02:30:53 -0800] "GET /lib/reccapi.php?resort=madriverglen HTTP/1.1" 200 1108 "-" "node-superagent/1.4.0"
170.75.162.130 - - [28/Dec/2015:02:30:53 -0800] "GET /lib/reccapi.php?resort=schweitzer HTTP/1.1" 200 1025 "-" "node-superagent/1.4.0"
170.75.162.130 - - [28/Dec/2015:02:30:53 -0800] "GET /lib/reccapi.php?resort=snowbasin HTTP/1.1" 200 1024 "-" "node-superagent/1.4.0"
180.76.15.141 - - [28/Dec/2015:02:31:38 -0800] "GET / HTTP/1.1" 200 6995 "-" "Mozilla/5.0 (compatible; Baiduspider/2.0; +http://www.baidu.com/search/spider.html)"
170.75.162.130 - - [28/Dec/2015:02:31:52 -0800] "GET /lib/reccapi.php?resort=snowmass HTTP/1.1" 200 981 "-" "node-superagent/1.4.0"
170.75.162.130 - - [28/Dec/2015:02:31:53 -0800] "GET /lib/reccapi.php?resort=solitude HTTP/1.1" 200 1017 "-" "node-superagent/1.4.0"
170.75.162.130 - - [28/Dec/2015:02:31:53 -0800] "GET /lib/reccapi.php?resort=steamboat HTTP/1.1" 200 1003 "-" "node-superagent/1.4.0"
170.75.162.130 - - [28/Dec/2015:02:31:53 -0800] "GET /lib/reccapi.php?resort=stowe HTTP/1.1" 200 1079 "-" "node-superagent/1.4.0"
170.75.162.130 - - [28/Dec/2015:02:31:53 -0800] "GET /lib/reccapi.php?resort=sugarbush HTTP/1.1" 200 1106 "-" "node-superagent/1.4.0"
170.75.162.130 - - [28/Dec/2015:02:31:53 -0800] "GET /lib/reccapi.php?resort=winterpark HTTP/1.1" 200 1009 "-" "node-superagent/1.4.0"
170.75.162.130 - - [28/Dec/2015:02:31:53 -0800] "GET /lib/reccapi.php?resort=sunvalley HTTP/1.1" 200 1038 "-" "node-superagent/1.4.0"
180.76.15.14 - - [28/Dec/2015:02:32:30 -0800] "GET / HTTP/1.1" 200 6995 "-" "Mozilla/5.0 (compatible; Baiduspider/2.0; +http://www.baidu.com/search/spider.html)"
66.249.79.220 - - [28/Dec/2015:02:42:09 -0800] "GET /lib/reccapi.php?resort=mountashland&date=2015-12-26 HTTP/1.1" 200 1040 "http://whereshouldiski.com/" "Mozilla/5.0 (compatible; Googlebot/2.1; +http://www.google.com/bot.html)"
66.249.79.220 - - [28/Dec/2015:02:42:10 -0800] "GET /lib/resortDataSearchD3.php?size=7&sortDate=T&resort=mountashland&dateStart=2015-12-24 HTTP/1.1" 200 883 "http://whereshouldiski.com/" "Mozilla/5.0 (compatible; Googlebot/2.1; +http://www.google.com/bot.html)"
66.249.79.220 - - [28/Dec/2015:02:42:10 -0800] "GET /lib/reccapi.php?fields=t&date=2015-12-26&coords=42.09%2C-122.72&size=7&sort=distance HTTP/1.1" 200 1351 "http://whereshouldiski.com/" "Mozilla/5.0 (compatible; Googlebot/2.1; +http://www.google.com/bot.html)"
40.77.167.31 - - [28/Dec/2015:02:43:39 -0800] "GET /robots.txt HTTP/1.1" 200 375 "-" "Mozilla/5.0 (compatible; bingbot/2.0; +http://www.bing.com/bingbot.htm)"
40.77.167.31 - - [28/Dec/2015:02:43:44 -0800] "GET / HTTP/1.1" 200 2615 "-" "Mozilla/5.0 (compatible; bingbot/2.0; +http://www.bing.com/bingbot.htm)"
65.208.151.119 - - [28/Dec/2015:02:43:58 -0800] "GET / HTTP/1.1" 200 2578 "http://www.thebackcountry.net/" "Mozilla/4.0 (compatible; MSIE 6.0; Windows NT 5.1; SV1)"
40.77.167.31 - - [28/Dec/2015:02:58:31 -0800] "GET /robots.txt HTTP/1.1" 200 375 "-" "Mozilla/5.0 (compatible; bingbot/2.0; +http://www.bing.com/bingbot.htm)"
40.77.167.31 - - [28/Dec/2015:02:58:41 -0800] "GET / HTTP/1.1" 200 2615 "-" "Mozilla/5.0 (compatible; bingbot/2.0; +http://www.bing.com/bingbot.htm)"
180.76.15.136 - - [28/Dec/2015:03:33:55 -0800] "GET / HTTP/1.1" 200 6995 "-" "Mozilla/5.0 (compatible; Baiduspider/2.0; +http://www.baidu.com/search/spider.html)"
180.76.15.161 - - [28/Dec/2015:03:34:53 -0800] "GET / HTTP/1.1" 200 6995 "-" "Mozilla/5.0 (compatible; Baiduspider/2.0; +http://www.baidu.com/search/spider.html)"
123.125.71.92 - - [28/Dec/2015:03:39:07 -0800] "GET / HTTP/1.1" 200 2578 "-" "Mozilla/5.0 (Windows NT 5.1; rv:6.0.2) Gecko/20100101 Firefox/6.0.2"
123.125.71.73 - - [28/Dec/2015:03:39:11 -0800] "GET / HTTP/1.1" 200 6995 "-" "Mozilla/5.0 (Windows NT 5.1; rv:6.0.2) Gecko/20100101 Firefox/6.0.2"
170.75.162.130 - - [28/Dec/2015:03:57:43 -0800] "GET /lib/reccapi.php?resort=heavenly HTTP/1.1" 200 1095 "-" "node-superagent/1.4.0"
65.208.151.116 - - [28/Dec/2015:04:09:44 -0800] "GET /images/wsis-logo-sm.png HTTP/1.1" 200 6071 "http://thebackcountry.net/" "Mozilla/4.0 (compatible; MSIE 6.0; Windows NT 5.1; SV1)"
65.208.151.119 - - [28/Dec/2015:04:11:43 -0800] "GET / HTTP/1.1" 200 2578 "http://thebackcountry.net/" "Mozilla/4.0 (compatible; MSIE 6.0; Windows NT 5.1; SV1)"
66.249.79.227 - - [28/Dec/2015:04:27:28 -0800] "GET /lib/reccapi.php?resort=solitude&date=2015-12-17 HTTP/1.1" 200 993 "http://whereshouldiski.com/" "Mozilla/5.0 (compatible; Googlebot/2.1; +http://www.google.com/bot.html)"
66.249.79.220 - - [28/Dec/2015:04:27:29 -0800] "GET /lib/reccapi.php?fields=t&date=2015-12-17&coords=40.63%2C-111.59&size=7&sort=distance HTTP/1.1" 200 1322 "http://whereshouldiski.com/" "Mozilla/5.0 (compatible; Googlebot/2.1; +http://www.google.com/bot.html)"
66.249.79.220 - - [28/Dec/2015:04:27:30 -0800] "GET /lib/resortDataSearchD3.php?size=7&sortDate=T&resort=solitude&dateStart=2015-12-15 HTTP/1.1" 200 886 "http://whereshouldiski.com/" "Mozilla/5.0 (compatible; Googlebot/2.1; +http://www.google.com/bot.html)"
66.249.79.220 - - [28/Dec/2015:04:29:13 -0800] "GET /resorts?resort=grandtarghee HTTP/1.1" 404 506 "-" "DoCoMo/2.0 N905i(c100;TB;W24H16) (compatible; Googlebot-Mobile/2.1; +http://www.google.com/bot.html)"
65.208.151.119 - - [28/Dec/2015:04:34:00 -0800] "GET /images/wsis-logo-sm.png HTTP/1.1" 200 6071 "http://thebackcountry.net/index.html" "Mozilla/4.0 (compatible; MSIE 6.0; Windows NT 5.1; SV1)"
180.76.15.162 - - [28/Dec/2015:04:36:26 -0800] "GET / HTTP/1.1" 200 6995 "-" "Mozilla/5.0 (compatible; Baiduspider/2.0; +http://www.baidu.com/search/spider.html)"
180.76.15.12 - - [28/Dec/2015:04:37:26 -0800] "GET / HTTP/1.1" 200 6995 "-" "Mozilla/5.0 (compatible; Baiduspider/2.0; +http://www.baidu.com/search/spider.html)"
65.208.151.117 - - [28/Dec/2015:04:43:08 -0800] "GET /images/wsis-logo-sm.png HTTP/1.1" 200 6071 "http://www.thebackcountry.net/" "Mozilla/4.0 (compatible; MSIE 6.0; Windows NT 5.1; SV1)"
65.208.151.116 - - [28/Dec/2015:04:44:27 -0800] "GET / HTTP/1.1" 200 2578 "http://www.thebackcountry.net/" "Mozilla/4.0 (compatible; MSIE 6.0; Windows NT 5.1; SV1)"
170.75.162.130 - - [28/Dec/2015:04:48:10 -0800] "GET /lib/reccapi.php?resort=sundayriver HTTP/1.1" 200 955 "-" "node-superagent/1.4.0"
66.249.79.220 - - [28/Dec/2015:04:50:01 -0800] "GET /lib/reccapi.php?resort=snowbird&date=2015-12-23 HTTP/1.1" 200 1126 "http://whereshouldiski.com/" "Mozilla/5.0 (compatible; Googlebot/2.1; +http://www.google.com/bot.html)"
66.249.79.220 - - [28/Dec/2015:04:50:02 -0800] "GET /lib/reccapi.php?fields=t&date=2015-12-23&coords=40.57%2C-111.67&size=7&sort=distance HTTP/1.1" 200 1338 "http://whereshouldiski.com/" "Mozilla/5.0 (compatible; Googlebot/2.1; +http://www.google.com/bot.html)"
66.249.79.220 - - [28/Dec/2015:04:50:03 -0800] "GET /lib/resortDataSearchD3.php?size=7&sortDate=T&resort=snowbird&dateStart=2015-12-21 HTTP/1.1" 200 881 "http://whereshouldiski.com/" "Mozilla/5.0 (compatible; Googlebot/2.1; +http://www.google.com/bot.html)"
220.181.108.110 - - [28/Dec/2015:04:53:48 -0800] "-" 408 0 "-" "-"
180.76.15.8 - - [28/Dec/2015:04:54:19 -0800] "GET /resorts?resort=parkcity HTTP/1.1" 404 469 "-" "Mozilla/5.0 (compatible; Baiduspider/2.0; +http://www.baidu.com/search/spider.html)"
170.75.162.130 - - [28/Dec/2015:04:57:21 -0800] "GET /lib/reccapi.php?resort=sugarloaf HTTP/1.1" 200 987 "-" "node-superagent/1.4.0"
66.249.79.234 - - [28/Dec/2015:05:02:37 -0800] "GET /lib/reccapi.php?resort=solitude&date=2015-12-23 HTTP/1.1" 200 1132 "http://whereshouldiski.com/" "Mozilla/5.0 (compatible; Googlebot/2.1; +http://www.google.com/bot.html)"
66.249.79.220 - - [28/Dec/2015:05:02:38 -0800] "GET /lib/reccapi.php?fields=t&date=2015-12-23&coords=40.63%2C-111.59&size=7&sort=distance HTTP/1.1" 200 1339 "http://whereshouldiski.com/" "Mozilla/5.0 (compatible; Googlebot/2.1; +http://www.google.com/bot.html)"
66.249.79.220 - - [28/Dec/2015:05:02:39 -0800] "GET /lib/resortDataSearchD3.php?size=7&sortDate=T&resort=solitude&dateStart=2015-12-21 HTTP/1.1" 200 890 "http://whereshouldiski.com/" "Mozilla/5.0 (compatible; Googlebot/2.1; +http://www.google.com/bot.html)"
65.208.151.116 - - [28/Dec/2015:05:03:24 -0800] "GET /images/wsis-logo-sm.png HTTP/1.1" 200 6071 "http://www.thebackcountry.net/index.html" "Mozilla/4.0 (compatible; MSIE 6.0; Windows NT 5.1; SV1)"
195.154.146.225 - - [28/Dec/2015:05:05:02 -0800] "HEAD /wp-trackback.php HTTP/" 404 182 "-" "Mozilla/4.0 (compatible; MSIE 6.0; Windows NT 5.1; SV1; .NET CLR 2.0.50727)"
141.212.122.112 - - [28/Dec/2015:05:08:00 -0800] "CONNECT proxytest.zmap.io:80 HTTP/1.1" 405 541 "-" "Mozilla/5.0 zgrab/0.x"
65.208.151.119 - - [28/Dec/2015:05:12:50 -0800] "GET / HTTP/1.1" 200 2578 "http://thebackcountry.net/index.html" "Mozilla/4.0 (compatible; MSIE 6.0; Windows NT 5.1; SV1)"
170.75.162.130 - - [28/Dec/2015:05:14:33 -0800] "GET /lib/reccapi.php?resort=deervalley HTTP/1.1" 200 1013 "-" "node-superagent/1.4.0"
170.75.162.130 - - [28/Dec/2015:05:15:43 -0800] "GET /lib/reccapi.php?resort=brianhead HTTP/1.1" 200 1002 "-" "node-superagent/1.4.0"
72.104.191.130 - - [28/Dec/2015:05:18:27 -0800] "GET / HTTP/1.1" 200 2615 "-" "Opera/9.80 (Macintosh; Intel Mac OS X 10.6.8) Presto/2.12.388 Version/12.16"
72.104.191.130 - - [28/Dec/2015:05:18:27 -0800] "GET /images/logo-square-white-sm.png HTTP/1.1" 200 1683 "-" "Opera/9.80 (Macintosh; Intel Mac OS X 10.6.8) Presto/2.12.388 Version/12.16"
72.104.191.130 - - [28/Dec/2015:05:18:27 -0800] "GET /bower_components/requirejs/require.js HTTP/1.1" 200 6702 "-" "Opera/9.80 (Macintosh; Intel Mac OS X 10.6.8) Presto/2.12.388 Version/12.16"
72.104.191.130 - - [28/Dec/2015:05:18:27 -0800] "GET /styles/ee08faa9.main.css HTTP/1.1" 200 19446 "-" "Opera/9.80 (Macintosh; Intel Mac OS X 10.6.8) Presto/2.12.388 Version/12.16"
72.104.191.130 - - [28/Dec/2015:05:18:27 -0800] "GET /scripts/scripts/vendor/modernizr.js HTTP/1.1" 200 4902 "-" "Opera/9.80 (Macintosh; Intel Mac OS X 10.6.8) Presto/2.12.388 Version/12.16"
72.104.191.130 - - [28/Dec/2015:05:18:27 -0800] "GET /bower_components/sass-bootstrap/fonts/glyphicons-halflings-regular.woff HTTP/1.1" 404 548 "-" "Opera/9.80 (Macintosh; Intel Mac OS X 10.6.8) Presto/2.12.388 Version/12.16"
72.104.191.130 - - [28/Dec/2015:05:18:27 -0800] "GET /images/loading.gif HTTP/1.1" 200 13882 "-" "Opera/9.80 (Macintosh; Intel Mac OS X 10.6.8) Presto/2.12.388 Version/12.16"
72.104.191.130 - - [28/Dec/2015:05:18:27 -0800] "GET /bower_components/sass-bootstrap/fonts/glyphicons-halflings-regular.ttf HTTP/1.1" 404 547 "-" "Opera/9.80 (Macintosh; Intel Mac OS X 10.6.8) Presto/2.12.388 Version/12.16"
72.104.191.130 - - [28/Dec/2015:05:18:27 -0800] "GET /bower_components/sass-bootstrap/fonts/glyphicons-halflings-regular.svg HTTP/1.1" 404 547 "-" "Opera/9.80 (Macintosh; Intel Mac OS X 10.6.8) Presto/2.12.388 Version/12.16"
72.104.191.130 - - [28/Dec/2015:05:18:28 -0800] "GET /scripts/fa48e319.main.js HTTP/1.1" 200 123455 "-" "Opera/9.80 (Macintosh; Intel Mac OS X 10.6.8) Presto/2.12.388 Version/12.16"
72.104.191.130 - - [28/Dec/2015:05:18:29 -0800] "GET /images/greyHeader.png HTTP/1.1" 200 508 "-" "Opera/9.80 (Macintosh; Intel Mac OS X 10.6.8) Presto/2.12.388 Version/12.16"
72.104.191.130 - - [28/Dec/2015:05:18:29 -0800] "GET /lib/reccapi.php?fields=t HTTP/1.1" 200 2002 "-" "Opera/9.80 (Macintosh; Intel Mac OS X 10.6.8) Presto/2.12.388 Version/12.16"
72.104.191.130 - - [28/Dec/2015:05:18:29 -0800] "GET /images/star5.png HTTP/1.1" 200 1783 "-" "Opera/9.80 (Macintosh; Intel Mac OS X 10.6.8) Presto/2.12.388 Version/12.16"
72.104.191.130 - - [28/Dec/2015:05:18:29 -0800] "GET /images/snowflake5.png HTTP/1.1" 200 2857 "-" "Opera/9.80 (Macintosh; Intel Mac OS X 10.6.8) Presto/2.12.388 Version/12.16"
72.104.191.130 - - [28/Dec/2015:05:18:29 -0800] "GET /images/bluebird5.png HTTP/1.1" 200 2178 "-" "Opera/9.80 (Macintosh; Intel Mac OS X 10.6.8) Presto/2.12.388 Version/12.16"
72.104.191.130 - - [28/Dec/2015:05:18:29 -0800] "GET /images/mtns-icon.png HTTP/1.1" 200 1097 "-" "Opera/9.80 (Macintosh; Intel Mac OS X 10.6.8) Presto/2.12.388 Version/12.16"
72.104.191.130 - - [28/Dec/2015:05:18:29 -0800] "GET /images/shading-icon.png HTTP/1.1" 200 537 "-" "Opera/9.80 (Macintosh; Intel Mac OS X 10.6.8) Presto/2.12.388 Version/12.16"
72.104.191.130 - - [28/Dec/2015:05:18:58 -0800] "GET /lib/reccapi.php?fields=t&region=PacificNW HTTP/1.1" 200 1458 "-" "Opera/9.80 (Macintosh; Intel Mac OS X 10.6.8) Presto/2.12.388 Version/12.16"
72.104.191.130 - - [28/Dec/2015:05:18:58 -0800] "GET /images/greenHeader.png HTTP/1.1" 200 508 "-" "Opera/9.80 (Macintosh; Intel Mac OS X 10.6.8) Presto/2.12.388 Version/12.16"
65.208.151.118 - - [28/Dec/2015:05:21:41 -0800] "GET / HTTP/1.1" 200 2578 "http://www.thebackcountry.net/index.html" "Mozilla/4.0 (compatible; MSIE 6.0; Windows NT 5.1; SV1)"
157.55.39.66 - - [28/Dec/2015:05:24:20 -0800] "GET /robots.txt HTTP/1.1" 200 375 "-" "Mozilla/5.0 (compatible; bingbot/2.0; +http://www.bing.com/bingbot.htm)"
157.55.39.66 - - [28/Dec/2015:05:24:23 -0800] "GET /about HTTP/1.1" 404 506 "-" "Mozilla/5.0 (compatible; bingbot/2.0; +http://www.bing.com/bingbot.htm)"
46.165.242.203 - - [28/Dec/2015:05:24:59 -0800] "GET / HTTP/1.1" 200 6976 "-" "Mozilla/5.0 (Windows NT 6.1) AppleWebKit/537.36 (KHTML, like Gecko) Chrome/41.0.2228.0 Safari/537.36"
180.76.15.7 - - [28/Dec/2015:05:32:17 -0800] "GET / HTTP/1.1" 200 6995 "-" "Mozilla/5.0 (compatible; Baiduspider/2.0; +http://www.baidu.com/search/spider.html)"
180.76.15.25 - - [28/Dec/2015:05:33:06 -0800] "GET / HTTP/1.1" 200 6995 "-" "Mozilla/5.0 (compatible; Baiduspider/2.0; +http://www.baidu.com/search/spider.html)"
170.75.162.130 - - [28/Dec/2015:05:33:25 -0800] "GET /lib/reccapi.php?resort=mtrose HTTP/1.1" 200 1031 "-" "node-superagent/1.4.0"
170.75.162.130 - - [28/Dec/2015:05:39:36 -0800] "GET /lib/reccapi.php?resort=jacksonhole HTTP/1.1" 200 1037 "-" "node-superagent/1.4.0"
170.75.162.130 - - [28/Dec/2015:05:41:46 -0800] "GET /lib/reccapi.php?resort=bigsky HTTP/1.1" 200 1073 "-" "node-superagent/1.4.0"
66.249.79.220 - - [28/Dec/2015:05:45:29 -0800] "GET /lib/reccapi.php?resort=sugarbowl&date=2015-12-27 HTTP/1.1" 200 1008 "http://whereshouldiski.com/" "Mozilla/5.0 (compatible; Googlebot/2.1; +http://www.google.com/bot.html)"
66.249.79.220 - - [28/Dec/2015:05:45:30 -0800] "GET /lib/reccapi.php?fields=t&date=2015-12-27&coords=39.32%2C-120.31&size=7&sort=distance HTTP/1.1" 200 1387 "http://whereshouldiski.com/" "Mozilla/5.0 (compatible; Googlebot/2.1; +http://www.google.com/bot.html)"
66.249.79.220 - - [28/Dec/2015:05:45:31 -0800] "GET /lib/resortDataSearchD3.php?size=7&sortDate=T&resort=sugarbowl&dateStart=2015-12-25 HTTP/1.1" 200 878 "http://whereshouldiski.com/" "Mozilla/5.0 (compatible; Googlebot/2.1; +http://www.google.com/bot.html)"
170.75.162.130 - - [28/Dec/2015:05:46:17 -0800] "GET /lib/reccapi.php?resort=49degreesnorth HTTP/1.1" 200 1047 "-" "node-superagent/1.4.0"
170.75.162.130 - - [28/Dec/2015:05:46:17 -0800] "GET /lib/reccapi.php?resort=crystalmountain HTTP/1.1" 200 1095 "-" "node-superagent/1.4.0"
170.75.162.130 - - [28/Dec/2015:05:46:17 -0800] "GET /lib/reccapi.php?resort=stevenspass HTTP/1.1" 200 1027 "-" "node-superagent/1.4.0"
170.75.162.130 - - [28/Dec/2015:05:46:17 -0800] "GET /lib/reccapi.php?resort=mountspokane HTTP/1.1" 200 1085 "-" "node-superagent/1.4.0"
66.249.79.234 - - [28/Dec/2015:05:52:43 -0800] "GET /lib/reccapi.php?resort=bigwhite&date=2015-12-28 HTTP/1.1" 200 962 "http://whereshouldiski.com/" "Mozilla/5.0 (compatible; Googlebot/2.1; +http://www.google.com/bot.html)"
66.249.79.220 - - [28/Dec/2015:05:52:44 -0800] "GET /lib/reccapi.php?fields=t&date=2015-12-28&coords=49.7219%2C-118.929&size=7&sort=distance HTTP/1.1" 200 1398 "http://whereshouldiski.com/" "Mozilla/5.0 (compatible; Googlebot/2.1; +http://www.google.com/bot.html)"
66.249.79.220 - - [28/Dec/2015:05:52:45 -0800] "GET /lib/resortDataSearchD3.php?size=7&sortDate=T&resort=bigwhite&dateStart=2015-12-26 HTTP/1.1" 200 863 "http://whereshouldiski.com/" "Mozilla/5.0 (compatible; Googlebot/2.1; +http://www.google.com/bot.html)"
66.249.79.227 - - [28/Dec/2015:06:00:04 -0800] "GET /lib/reccapi.php?resort=sundance&date=2015-12-16 HTTP/1.1" 200 1079 "http://whereshouldiski.com/" "Mozilla/5.0 (compatible; Googlebot/2.1; +http://www.google.com/bot.html)"
66.249.79.220 - - [28/Dec/2015:06:00:07 -0800] "GET /lib/reccapi.php?fields=t&date=2015-12-16&coords=40.41%2C-111.58&size=7&sort=distance HTTP/1.1" 200 1300 "http://whereshouldiski.com/" "Mozilla/5.0 (compatible; Googlebot/2.1; +http://www.google.com/bot.html)"
66.249.79.220 - - [28/Dec/2015:06:00:07 -0800] "GET /lib/resortDataSearchD3.php?size=7&sortDate=T&resort=sundance&dateStart=2015-12-14 HTTP/1.1" 200 882 "http://whereshouldiski.com/" "Mozilla/5.0 (compatible; Googlebot/2.1; +http://www.google.com/bot.html)"
75.111.102.45 - - [28/Dec/2015:06:00:31 -0800] "GET /images/wsis-logo-sm.png HTTP/1.1" 304 187 "http://www.thebackcountry.net/" "Mozilla/5.0 (iPhone; CPU iPhone OS 9_2 like Mac OS X) AppleWebKit/601.1.46 (KHTML, like Gecko) Version/9.0 Mobile/13C75 Safari/601.1"
170.75.162.130 - - [28/Dec/2015:06:10:50 -0800] "GET /lib/reccapi.php?resort=squawvalleyusa HTTP/1.1" 200 1083 "-" "node-superagent/1.4.0"
66.249.79.227 - - [28/Dec/2015:06:17:04 -0800] "GET /lib/reccapi.php?resort=sundance&date=2015-12-17 HTTP/1.1" 200 997 "http://whereshouldiski.com/" "Mozilla/5.0 (compatible; Googlebot/2.1; +http://www.google.com/bot.html)"
66.249.79.220 - - [28/Dec/2015:06:17:05 -0800] "GET /lib/reccapi.php?fields=t&date=2015-12-17&coords=40.41%2C-111.58&size=7&sort=distance HTTP/1.1" 200 1314 "http://whereshouldiski.com/" "Mozilla/5.0 (compatible; Googlebot/2.1; +http://www.google.com/bot.html)"
66.249.79.220 - - [28/Dec/2015:06:17:06 -0800] "GET /lib/resortDataSearchD3.php?size=7&sortDate=T&resort=sundance&dateStart=2015-12-15 HTTP/1.1" 200 882 "http://whereshouldiski.com/" "Mozilla/5.0 (compatible; Googlebot/2.1; +http://www.google.com/bot.html)"
170.75.162.130 - - [28/Dec/2015:06:27:32 -0800] "GET /lib/reccapi.php?resort=silverstarmountain HTTP/1.1" 200 937 "-" "node-superagent/1.4.0"
170.75.162.130 - - [28/Dec/2015:06:27:32 -0800] "GET /lib/reccapi.php?resort=bigwhite HTTP/1.1" 200 925 "-" "node-superagent/1.4.0"
170.75.162.130 - - [28/Dec/2015:06:27:32 -0800] "GET /lib/reccapi.php?resort=sunpeaksresort HTTP/1.1" 200 923 "-" "node-superagent/1.4.0"
170.75.162.130 - - [28/Dec/2015:06:27:32 -0800] "GET /lib/reccapi.php?resort=redmountain HTTP/1.1" 200 909 "-" "node-superagent/1.4.0"
170.75.162.130 - - [28/Dec/2015:06:27:32 -0800] "GET /lib/reccapi.php?resort=whistlerblackcomb HTTP/1.1" 200 935 "-" "node-superagent/1.4.0"
180.76.15.160 - - [28/Dec/2015:06:30:56 -0800] "GET / HTTP/1.1" 200 6995 "-" "Mozilla/5.0 (compatible; Baiduspider/2.0; +http://www.baidu.com/search/spider.html)"
180.76.15.151 - - [28/Dec/2015:06:31:46 -0800] "GET / HTTP/1.1" 200 6995 "-" "Mozilla/5.0 (compatible; Baiduspider/2.0; +http://www.baidu.com/search/spider.html)"
66.249.85.193 - - [28/Dec/2015:06:34:26 -0800] "GET / HTTP/1.1" 200 2615 "-" "Mozilla/5.0 (Windows NT 6.1; rv:6.0) Gecko/20110814 Firefox/6.0 Google Favicon"
66.249.85.193 - - [28/Dec/2015:06:34:26 -0800] "GET /favicon.ico HTTP/1.1" 200 4612 "-" "Mozilla/5.0 (Windows NT 6.1; rv:6.0) Gecko/20110814 Firefox/6.0 Google Favicon"
123.125.71.81 - - [28/Dec/2015:06:38:10 -0800] "GET /images/loading.gif HTTP/1.1" 200 13845 "-" "Baiduspider-image+(+http://www.baidu.com/search/spider.htm)"
170.75.162.130 - - [28/Dec/2015:06:41:34 -0800] "GET /lib/reccapi.php?resort=mammothmountain HTTP/1.1" 200 1110 "-" "node-superagent/1.4.0"
170.75.162.130 - - [28/Dec/2015:06:41:34 -0800] "GET /lib/reccapi.php?resort=chinapeak HTTP/1.1" 200 1080 "-" "node-superagent/1.4.0"
170.75.162.130 - - [28/Dec/2015:06:41:34 -0800] "GET /lib/reccapi.php?resort=mountainhigh HTTP/1.1" 200 1056 "-" "node-superagent/1.4.0"
170.75.162.130 - - [28/Dec/2015:06:41:34 -0800] "GET /lib/reccapi.php?resort=northstar-at-tahoe HTTP/1.1" 200 1052 "-" "node-superagent/1.4.0"
170.75.162.130 - - [28/Dec/2015:06:43:54 -0800] "GET /lib/reccapi.php?resort=hoodoo HTTP/1.1" 200 1010 "-" "node-superagent/1.4.0"
220.181.108.96 - - [28/Dec/2015:06:49:13 -0800] "GET / HTTP/1.1" 200 2578 "-" "Mozilla/5.0 (Windows NT 5.1; rv:6.0.2) Gecko/20100101 Firefox/6.0.2"
220.181.108.87 - - [28/Dec/2015:06:49:17 -0800] "GET / HTTP/1.1" 200 6995 "-" "Mozilla/5.0 (Windows NT 5.1; rv:6.0.2) Gecko/20100101 Firefox/6.0.2"
65.249.133.91 - - [28/Dec/2015:07:15:24 -0800] "GET /images/wsis-logo-sm.png HTTP/1.1" 200 6108 "http://www.thebackcountry.net/" "Mozilla/5.0 (Windows NT 6.1; WOW64) AppleWebKit/537.36 (KHTML, like Gecko) Chrome/47.0.2526.106 Safari/537.36"
170.75.162.130 - - [28/Dec/2015:07:15:28 -0800] "GET /lib/reccapi.php?resort=kirkwood HTTP/1.1" 200 1108 "-" "node-superagent/1.4.0"
54.147.193.214 - - [28/Dec/2015:07:16:03 -0800] "GET /robots.txt HTTP/1.1" 200 363 "-" "Googlebot (gocrawl v0.4)"
170.75.162.130 - - [28/Dec/2015:07:22:19 -0800] "GET /lib/reccapi.php?resort=keystone HTTP/1.1" 200 1005 "-" "node-superagent/1.4.0"
54.161.152.63 - - [28/Dec/2015:07:27:54 -0800] "GET /robots.txt HTTP/1.1" 200 363 "-" "Googlebot (gocrawl v0.4)"
54.161.152.63 - - [28/Dec/2015:07:28:05 -0800] "GET / HTTP/1.1" 200 2559 "-" "Mozilla/5.0 (Windows NT 6.1; rv:15.0) Gecko/20120716 Firefox/15.0a2"
54.161.152.63 - - [28/Dec/2015:07:28:17 -0800] "GET /about HTTP/1.1" 404 450 "-" "Mozilla/5.0 (Windows NT 6.1; rv:15.0) Gecko/20120716 Firefox/15.0a2"
170.75.162.130 - - [28/Dec/2015:07:30:50 -0800] "GET /lib/reccapi.php?resort=sierra-at-tahoe HTTP/1.1" 200 1080 "-" "node-superagent/1.4.0"
170.75.162.130 - - [28/Dec/2015:07:30:50 -0800] "GET /lib/reccapi.php?resort=diamondpeak HTTP/1.1" 200 1039 "-" "node-superagent/1.4.0"
170.75.162.130 - - [28/Dec/2015:07:31:30 -0800] "GET /lib/reccapi.php?resort=redlodge HTTP/1.1" 200 1001 "-" "node-superagent/1.4.0"
170.75.162.130 - - [28/Dec/2015:07:31:40 -0800] "GET /lib/reccapi.php?resort=mountbachelor HTTP/1.1" 200 1105 "-" "node-superagent/1.4.0"
170.75.162.130 - - [28/Dec/2015:07:31:40 -0800] "GET /lib/reccapi.php?resort=mounthoodmeadows HTTP/1.1" 200 1065 "-" "node-superagent/1.4.0"
180.76.15.16 - - [28/Dec/2015:07:32:56 -0800] "GET / HTTP/1.1" 200 6995 "-" "Mozilla/5.0 (compatible; Baiduspider/2.0; +http://www.baidu.com/search/spider.html)"
180.76.15.142 - - [28/Dec/2015:07:33:54 -0800] "GET / HTTP/1.1" 200 6995 "-" "Mozilla/5.0 (compatible; Baiduspider/2.0; +http://www.baidu.com/search/spider.html)"
170.75.162.130 - - [28/Dec/2015:07:38:41 -0800] "GET /lib/reccapi.php?resort=monarch HTTP/1.1" 200 987 "-" "node-superagent/1.4.0"
170.75.162.130 - - [28/Dec/2015:07:38:51 -0800] "GET /lib/reccapi.php?resort=aspenmountain HTTP/1.1" 200 996 "-" "node-superagent/1.4.0"
8.28.16.254 - - [28/Dec/2015:07:39:49 -0800] "GET / HTTP/1.1" 200 7032 "-" "Mozilla/5.0 (Windows NT 6.1; WOW64) AppleWebKit/537.36 (KHTML, like Gecko) Chrome/47.0.2526.106 Safari/537.36"
216.152.96.22 - - [28/Dec/2015:07:39:49 -0800] "GET / HTTP/1.1" 200 2615 "-" "Mozilla/5.0 (Windows NT 6.1; WOW64) AppleWebKit/537.36 (KHTML, like Gecko) Chrome/47.0.2526.106 Safari/537.36"
216.152.96.22 - - [28/Dec/2015:07:39:49 -0800] "GET /scripts/scripts/vendor/modernizr.js HTTP/1.1" 200 4902 "http://whereshouldiski.com/" "Mozilla/5.0 (Windows NT 6.1; WOW64) AppleWebKit/537.36 (KHTML, like Gecko) Chrome/47.0.2526.106 Safari/537.36"
216.152.96.22 - - [28/Dec/2015:07:39:49 -0800] "GET /styles/ee08faa9.main.css HTTP/1.1" 200 19447 "http://whereshouldiski.com/" "Mozilla/5.0 (Windows NT 6.1; WOW64) AppleWebKit/537.36 (KHTML, like Gecko) Chrome/47.0.2526.106 Safari/537.36"
216.152.96.22 - - [28/Dec/2015:07:39:49 -0800] "GET /images/logo-square-white-sm.png HTTP/1.1" 200 1684 "http://whereshouldiski.com/" "Mozilla/5.0 (Windows NT 6.1; WOW64) AppleWebKit/537.36 (KHTML, like Gecko) Chrome/47.0.2526.106 Safari/537.36"
216.152.96.22 - - [28/Dec/2015:07:39:49 -0800] "GET /bower_components/requirejs/require.js HTTP/1.1" 200 6702 "http://whereshouldiski.com/" "Mozilla/5.0 (Windows NT 6.1; WOW64) AppleWebKit/537.36 (KHTML, like Gecko) Chrome/47.0.2526.106 Safari/537.36"
216.152.96.22 - - [28/Dec/2015:07:39:50 -0800] "GET /images/loading.gif HTTP/1.1" 200 13881 "http://whereshouldiski.com/" "Mozilla/5.0 (Windows NT 6.1; WOW64) AppleWebKit/537.36 (KHTML, like Gecko) Chrome/47.0.2526.106 Safari/537.36"
216.152.96.22 - - [28/Dec/2015:07:39:50 -0800] "GET /scripts/fa48e319.main.js HTTP/1.1" 200 123455 "http://whereshouldiski.com/" "Mozilla/5.0 (Windows NT 6.1; WOW64) AppleWebKit/537.36 (KHTML, like Gecko) Chrome/47.0.2526.106 Safari/537.36"
216.152.96.22 - - [28/Dec/2015:07:39:51 -0800] "GET /images/greyHeader.png HTTP/1.1" 200 508 "http://whereshouldiski.com/styles/ee08faa9.main.css" "Mozilla/5.0 (Windows NT 6.1; WOW64) AppleWebKit/537.36 (KHTML, like Gecko) Chrome/47.0.2526.106 Safari/537.36"
216.152.96.22 - - [28/Dec/2015:07:39:51 -0800] "GET /images/button.png HTTP/1.1" 200 598 "http://whereshouldiski.com/styles/ee08faa9.main.css" "Mozilla/5.0 (Windows NT 6.1; WOW64) AppleWebKit/537.36 (KHTML, like Gecko) Chrome/47.0.2526.106 Safari/537.36"
8.28.16.254 - - [28/Dec/2015:07:39:51 -0800] "GET /lib/reccapi.php?fields=t HTTP/1.1" 200 11975 "-" "Mozilla/5.0 (Windows NT 6.1; WOW64) AppleWebKit/537.36 (KHTML, like Gecko) Chrome/47.0.2526.106 Safari/537.36"
216.152.96.22 - - [28/Dec/2015:07:39:52 -0800] "GET /lib/reccapi.php?fields=t HTTP/1.1" 200 2001 "http://whereshouldiski.com/" "Mozilla/5.0 (Windows NT 6.1; WOW64) AppleWebKit/537.36 (KHTML, like Gecko) Chrome/47.0.2526.106 Safari/537.36"
216.152.96.22 - - [28/Dec/2015:07:39:52 -0800] "GET /images/star5.png HTTP/1.1" 200 1783 "http://whereshouldiski.com/styles/ee08faa9.main.css" "Mozilla/5.0 (Windows NT 6.1; WOW64) AppleWebKit/537.36 (KHTML, like Gecko) Chrome/47.0.2526.106 Safari/537.36"
216.152.96.22 - - [28/Dec/2015:07:39:52 -0800] "GET /images/snowflake5.png HTTP/1.1" 200 2857 "http://whereshouldiski.com/styles/ee08faa9.main.css" "Mozilla/5.0 (Windows NT 6.1; WOW64) AppleWebKit/537.36 (KHTML, like Gecko) Chrome/47.0.2526.106 Safari/537.36"
216.152.96.22 - - [28/Dec/2015:07:39:52 -0800] "GET /images/bluebird5.png HTTP/1.1" 200 2177 "http://whereshouldiski.com/styles/ee08faa9.main.css" "Mozilla/5.0 (Windows NT 6.1; WOW64) AppleWebKit/537.36 (KHTML, like Gecko) Chrome/47.0.2526.106 Safari/537.36"
