66.249.79.234 - - [13/Oct/2015:20:07:36 -0700] "GET /resorts?resort=cannonmountain&date=2014-04-10 HTTP/1.1" 404 506 "-" "Mozilla/5.0 (compatible; Googlebot/2.1; +http://www.google.com/bot.html)"
66.249.74.12 - - [13/Oct/2015:20:10:56 -0700] "GET /robots.txt HTTP/1.1" 200 419 "-" "Mozilla/5.0 (compatible; Googlebot/2.1; +http://www.google.com/bot.html)"
66.249.74.12 - - [13/Oct/2015:20:10:56 -0700] "GET / HTTP/1.1" 200 2375 "-" "Mozilla/5.0 (iPhone; CPU iPhone OS 8_3 like Mac OS X) AppleWebKit/600.1.4 (KHTML, like Gecko) Version/8.0 Mobile/12F70 Safari/600.1.4 (compatible; Googlebot/2.1; +http://www.google.com/bot.html)"
170.75.162.130 - - [13/Oct/2015:20:13:56 -0700] "GET /lib/reccapi.php?resort=loveland HTTP/1.1" 200 972 "-" "node-superagent/0.18.2"
170.75.162.130 - - [13/Oct/2015:20:13:56 -0700] "GET /lib/reccapi.php?resort=buttermilk HTTP/1.1" 200 969 "-" "node-superagent/0.18.2"
170.75.162.130 - - [13/Oct/2015:20:13:56 -0700] "GET /lib/reccapi.php?resort=aspenheights HTTP/1.1" 200 993 "-" "node-superagent/0.18.2"
170.75.162.130 - - [13/Oct/2015:20:13:56 -0700] "GET /lib/reccapi.php?resort=telluride HTTP/1.1" 200 978 "-" "node-superagent/0.18.2"
170.75.162.130 - - [13/Oct/2015:20:13:56 -0700] "GET /lib/reccapi.php?resort=steamboat HTTP/1.1" 200 980 "-" "node-superagent/0.18.2"
170.75.162.130 - - [13/Oct/2015:20:13:56 -0700] "GET /lib/reccapi.php?resort=monarch HTTP/1.1" 200 949 "-" "node-superagent/0.18.2"
170.75.162.130 - - [13/Oct/2015:20:13:56 -0700] "GET /lib/reccapi.php?resort=crestedbutte HTTP/1.1" 200 969 "-" "node-superagent/0.18.2"
170.75.162.130 - - [13/Oct/2015:20:14:56 -0700] "GET /lib/reccapi.php?resort=winterpark HTTP/1.1" 200 978 "-" "node-superagent/0.18.2"
208.115.113.83 - - [13/Oct/2015:20:15:25 -0700] "GET /robots.txt HTTP/1.1" 200 319 "-" "Mozilla/5.0 (compatible; DotBot/1.1; http://www.opensiteexplorer.org/dotbot, help@moz.com)"
170.75.162.130 - - [13/Oct/2015:20:20:06 -0700] "GET /lib/reccapi.php?resort=taos HTTP/1.1" 200 924 "-" "node-superagent/0.18.2"
170.75.162.130 - - [13/Oct/2015:20:20:06 -0700] "GET /lib/reccapi.php?resort=angelfire HTTP/1.1" 200 963 "-" "node-superagent/0.18.2"
170.75.162.130 - - [13/Oct/2015:20:23:37 -0700] "GET /lib/reccapi.php?resort=bigsky HTTP/1.1" 200 968 "-" "node-superagent/0.18.2"
170.75.162.130 - - [13/Oct/2015:20:23:37 -0700] "GET /lib/reccapi.php?resort=redlodge HTTP/1.1" 200 989 "-" "node-superagent/0.18.2"
170.75.162.130 - - [13/Oct/2015:20:23:47 -0700] "GET /lib/reccapi.php?resort=silverstarmountain HTTP/1.1" 200 926 "-" "node-superagent/0.18.2"
66.249.79.227 - - [13/Oct/2015:20:28:15 -0700] "GET /sitemap.xml HTTP/1.1" 404 507 "-" "Mozilla/5.0 (compatible; Googlebot/2.1; +http://www.google.com/bot.html)"
66.249.79.234 - - [13/Oct/2015:20:29:25 -0700] "GET /resorts?resort=cannonmountain&date=2014-04-03 HTTP/1.1" 404 506 "-" "Mozilla/5.0 (compatible; Googlebot/2.1; +http://www.google.com/bot.html)"
208.115.111.66 - - [13/Oct/2015:20:30:03 -0700] "GET /robots.txt HTTP/1.1" 200 319 "-" "Mozilla/5.0 (compatible; DotBot/1.1; http://www.opensiteexplorer.org/dotbot, help@moz.com)"
76.126.106.159 - - [13/Oct/2015:20:41:32 -0700] "GET /images/wsis-logo-sm.png HTTP/1.1" 200 6108 "http://www.thebackcountry.net/" "Mozilla/5.0 (iPad; CPU OS 8_2 like Mac OS X) AppleWebKit/600.1.4 (KHTML, like Gecko) Version/8.0 Mobile/12D508 Safari/600.1.4"
69.144.162.21 - - [13/Oct/2015:20:42:31 -0700] "GET /images/wsis-logo-sm.png HTTP/1.1" 200 6108 "http://www.thebackcountry.net/" "Mozilla/5.0 (iPhone; CPU iPhone OS 9_0_2 like Mac OS X) AppleWebKit/601.1.46 (KHTML, like Gecko) Version/9.0 Mobile/13A452 Safari/601.1"
180.76.15.147 - - [13/Oct/2015:20:43:26 -0700] "GET / HTTP/1.1" 200 6114 "-" "Mozilla/5.0 (compatible; Baiduspider/2.0; +http://www.baidu.com/search/spider.html)"
180.76.15.144 - - [13/Oct/2015:20:44:18 -0700] "GET / HTTP/1.1" 200 6114 "-" "Mozilla/5.0 (compatible; Baiduspider/2.0; +http://www.baidu.com/search/spider.html)"
180.76.15.30 - - [13/Oct/2015:20:55:27 -0700] "GET /resorts?resort=sunpeaksresort&date=2014-05-05 HTTP/1.1" 404 472 "-" "Mozilla/5.0 (compatible; Baiduspider/2.0; +http://www.baidu.com/search/spider.html)"
170.75.162.130 - - [13/Oct/2015:21:00:21 -0700] "GET /lib/reccapi.php?resort=chinapeak HTTP/1.1" 200 981 "-" "node-superagent/0.18.2"
208.115.113.83 - - [13/Oct/2015:21:01:16 -0700] "GET /resorts?resort=sugarbush&date=2014-11-02 HTTP/1.1" 404 476 "-" "Mozilla/5.0 (compatible; DotBot/1.1; http://www.opensiteexplorer.org/dotbot, help@moz.com)"
66.249.79.220 - - [13/Oct/2015:21:02:08 -0700] "GET /resorts?resort=cannonmountain&date=2014-04-26 HTTP/1.1" 404 506 "-" "Mozilla/5.0 (compatible; Googlebot/2.1; +http://www.google.com/bot.html)"
208.115.113.83 - - [13/Oct/2015:21:02:15 -0700] "GET /resorts?resort=jaypeak&date=2014-06-24 HTTP/1.1" 404 476 "-" "Mozilla/5.0 (compatible; DotBot/1.1; http://www.opensiteexplorer.org/dotbot, help@moz.com)"
66.249.79.220 - - [13/Oct/2015:21:13:03 -0700] "GET /resorts?resort=cannonmountain&date=2014-04-17 HTTP/1.1" 404 506 "-" "Mozilla/5.0 (compatible; Googlebot/2.1; +http://www.google.com/bot.html)"
170.75.162.130 - - [13/Oct/2015:21:19:54 -0700] "GET /lib/reccapi.php?resort=mountbachelor HTTP/1.1" 200 963 "-" "node-superagent/0.18.2"
45.32.130.87 - - [13/Oct/2015:21:20:47 -0700] "GET / HTTP/1.1" 200 6095 "-" "Mozilla/5.0 (Windows NT 6.1; WOW64) AppleWebKit/537.36 (KHTML, like Gecko) Chrome/40.0.2214.115 Safari/537.36"
66.249.79.227 - - [13/Oct/2015:21:23:58 -0700] "GET /resorts?resort=cannonmountain&date=2014-05-18 HTTP/1.1" 404 506 "-" "Mozilla/5.0 (compatible; Googlebot/2.1; +http://www.google.com/bot.html)"
208.115.111.66 - - [13/Oct/2015:21:24:21 -0700] "GET /resorts?resort=mammothmountain HTTP/1.1" 404 476 "-" "Mozilla/5.0 (compatible; DotBot/1.1; http://www.opensiteexplorer.org/dotbot, help@moz.com)"
208.115.111.66 - - [13/Oct/2015:21:27:58 -0700] "GET /resorts?resort=sugarloaf&date=2014-06-29 HTTP/1.1" 404 476 "-" "Mozilla/5.0 (compatible; DotBot/1.1; http://www.opensiteexplorer.org/dotbot, help@moz.com)"
208.115.111.66 - - [13/Oct/2015:21:28:26 -0700] "GET /resorts?resort=mountainhigh&date=2014-11-08 HTTP/1.1" 404 476 "-" "Mozilla/5.0 (compatible; DotBot/1.1; http://www.opensiteexplorer.org/dotbot, help@moz.com)"
170.75.162.130 - - [13/Oct/2015:21:31:56 -0700] "GET /lib/reccapi.php?resort=diamondpeak HTTP/1.1" 200 930 "-" "node-superagent/0.18.2"
66.249.79.234 - - [13/Oct/2015:21:34:52 -0700] "GET /resorts?resort=cannonmountain&date=2014-06-17 HTTP/1.1" 404 506 "-" "Mozilla/5.0 (compatible; Googlebot/2.1; +http://www.google.com/bot.html)"
66.249.79.227 - - [13/Oct/2015:21:45:47 -0700] "GET /resorts?resort=cannonmountain&date=2014-07-02 HTTP/1.1" 404 506 "-" "Mozilla/5.0 (compatible; Googlebot/2.1; +http://www.google.com/bot.html)"
208.115.113.83 - - [13/Oct/2015:21:51:48 -0700] "GET /robots.txt HTTP/1.1" 200 319 "-" "Mozilla/5.0 (compatible; DotBot/1.1; http://www.opensiteexplorer.org/dotbot, help@moz.com)"
66.249.79.227 - - [13/Oct/2015:21:56:41 -0700] "GET /resorts?resort=cannonmountain&date=2014-01-21 HTTP/1.1" 404 506 "-" "Mozilla/5.0 (compatible; Googlebot/2.1; +http://www.google.com/bot.html)"
180.76.15.162 - - [13/Oct/2015:22:04:01 -0700] "GET / HTTP/1.1" 200 6114 "-" "Mozilla/5.0 (compatible; Baiduspider/2.0; +http://www.baidu.com/search/spider.html)"
180.76.15.143 - - [13/Oct/2015:22:04:29 -0700] "GET / HTTP/1.1" 200 6114 "-" "Mozilla/5.0 (compatible; Baiduspider/2.0; +http://www.baidu.com/search/spider.html)"
121.73.124.227 - - [13/Oct/2015:22:08:49 -0700] "GET /images/wsis-logo-sm.png HTTP/1.1" 200 6108 "http://www.thebackcountry.net/" "Mozilla/5.0 (Windows NT 6.3; WOW64) AppleWebKit/537.36 (KHTML, like Gecko) Chrome/45.0.2454.101 Safari/537.36"
46.151.52.233 - - [13/Oct/2015:22:10:27 -0700] "GET /resorts?resort=cannonmountain HTTP/1.0" 404 495 "http://whereshouldiski.com/resorts?resort=cannonmountain" "Mozilla/5.0 (Windows NT 6.1; WOW64; rv:36.0) Gecko/20100101 Firefox/36.0"
46.151.52.233 - - [13/Oct/2015:22:10:28 -0700] "GET / HTTP/1.0" 200 6114 "http://whereshouldiski.com/" "Mozilla/5.0 (Windows NT 6.1; WOW64; rv:36.0) Gecko/20100101 Firefox/36.0"
208.115.113.83 - - [13/Oct/2015:22:36:39 -0700] "GET /resorts?resort=redmountain&date=2014-11-25 HTTP/1.1" 404 476 "-" "Mozilla/5.0 (compatible; DotBot/1.1; http://www.opensiteexplorer.org/dotbot, help@moz.com)"
66.249.79.220 - - [13/Oct/2015:22:37:17 -0700] "GET /resorts?resort=cannonmountain&date=2014-03-16 HTTP/1.1" 404 506 "-" "Mozilla/5.0 (compatible; Googlebot/2.1; +http://www.google.com/bot.html)"
208.115.113.83 - - [13/Oct/2015:22:37:26 -0700] "GET /resorts?resort=alpinemeadows&date=2014-10-26 HTTP/1.1" 404 476 "-" "Mozilla/5.0 (compatible; DotBot/1.1; http://www.opensiteexplorer.org/dotbot, help@moz.com)"
170.75.162.130 - - [13/Oct/2015:22:38:28 -0700] "GET /lib/reccapi.php?resort=49degreesnorth HTTP/1.1" 200 978 "-" "node-superagent/0.18.2"
208.115.113.83 - - [13/Oct/2015:22:39:23 -0700] "GET /resorts?resort=squawvalleyusa&date=2014-10-28 HTTP/1.1" 404 476 "-" "Mozilla/5.0 (compatible; DotBot/1.1; http://www.opensiteexplorer.org/dotbot, help@moz.com)"
208.115.113.83 - - [13/Oct/2015:22:40:25 -0700] "GET /resorts?resort=solitude&date=2014-11-02 HTTP/1.1" 404 476 "-" "Mozilla/5.0 (compatible; DotBot/1.1; http://www.opensiteexplorer.org/dotbot, help@moz.com)"
93.34.93.52 - - [13/Oct/2015:22:45:51 -0700] "GET /images/wsis-logo-sm.png HTTP/1.1" 200 6108 "http://thebackcountry.net/" "Mozilla/5.0 (Windows NT 6.1; WOW64) AppleWebKit/537.36 (KHTML, like Gecko) Chrome/36.0.1985.143 Safari/537.36"
170.75.162.130 - - [13/Oct/2015:22:50:09 -0700] "GET /lib/reccapi.php?resort=homewoodmountain HTTP/1.1" 200 973 "-" "node-superagent/0.18.2"
170.75.162.130 - - [13/Oct/2015:22:50:09 -0700] "GET /lib/reccapi.php?resort=coppermountain HTTP/1.1" 200 980 "-" "node-superagent/0.18.2"
170.75.162.130 - - [13/Oct/2015:22:50:10 -0700] "GET /lib/reccapi.php?resort=squawvalleyusa HTTP/1.1" 200 971 "-" "node-superagent/0.18.2"
170.75.162.130 - - [13/Oct/2015:22:50:10 -0700] "GET /lib/reccapi.php?resort=aspenmountain HTTP/1.1" 200 981 "-" "node-superagent/0.18.2"
170.75.162.130 - - [13/Oct/2015:22:50:10 -0700] "GET /lib/reccapi.php?resort=kirkwood HTTP/1.1" 200 989 "-" "node-superagent/0.18.2"
170.75.162.130 - - [13/Oct/2015:22:50:19 -0700] "GET /lib/reccapi.php?resort=smugglersnotch HTTP/1.1" 200 1048 "-" "node-superagent/0.18.2"
170.75.162.130 - - [13/Oct/2015:22:50:20 -0700] "GET /lib/reccapi.php?resort=stowe HTTP/1.1" 200 1020 "-" "node-superagent/0.18.2"
170.75.162.130 - - [13/Oct/2015:22:51:10 -0700] "GET /lib/reccapi.php?resort=sugarbush HTTP/1.1" 200 1037 "-" "node-superagent/0.18.2"
180.76.15.156 - - [13/Oct/2015:22:53:45 -0700] "GET /resorts?resort=redlodge&date=2014-03-23 HTTP/1.1" 404 472 "-" "Mozilla/5.0 (compatible; Baiduspider/2.0; +http://www.baidu.com/search/spider.html)"
66.249.79.220 - - [13/Oct/2015:23:00:56 -0700] "GET /resorts?resort=heavenly&date=2014-02-24 HTTP/1.1" 404 506 "-" "Mozilla/5.0 (iPhone; CPU iPhone OS 8_3 like Mac OS X) AppleWebKit/600.1.4 (KHTML, like Gecko) Version/8.0 Mobile/12F70 Safari/600.1.4 (compatible; Googlebot/2.1; +http://www.google.com/bot.html)"
170.75.162.130 - - [13/Oct/2015:23:04:21 -0700] "GET /lib/reccapi.php?resort=sundayriver HTTP/1.1" 200 1038 "-" "node-superagent/0.18.2"
66.249.79.227 - - [13/Oct/2015:23:04:47 -0700] "GET /resorts?resort=cannonmountain&date=2014-03-28 HTTP/1.1" 404 506 "-" "Mozilla/5.0 (compatible; Googlebot/2.1; +http://www.google.com/bot.html)"
12.183.175.196 - - [13/Oct/2015:23:06:30 -0700] "GET /images/wsis-logo-sm.png HTTP/1.1" 200 6108 "http://www.thebackcountry.net/" "Mozilla/5.0 (iPhone; CPU iPhone OS 9_0_2 like Mac OS X) AppleWebKit/601.1.46 (KHTML, like Gecko) Version/9.0 Mobile/13A452 Safari/601.1"
170.75.162.130 - - [13/Oct/2015:23:11:32 -0700] "GET /lib/reccapi.php?resort=schweitzer HTTP/1.1" 200 948 "-" "node-superagent/0.18.2"
170.75.162.130 - - [13/Oct/2015:23:11:32 -0700] "GET /lib/reccapi.php?resort=sunvalley HTTP/1.1" 200 975 "-" "node-superagent/0.18.2"
178.202.133.84 - - [13/Oct/2015:23:14:23 -0700] "GET /robots.txt HTTP/1.0" 200 338 "-" "Mozilla/5.0 (compatible; MJ12bot/v1.4.5; http://www.majestic12.co.uk/bot.php?+)"
178.202.133.84 - - [13/Oct/2015:23:14:26 -0700] "GET /resorts?resort=alyeska HTTP/1.0" 404 495 "-" "Mozilla/5.0 (compatible; MJ12bot/v1.4.5; http://www.majestic12.co.uk/bot.php?+)"
178.202.133.84 - - [13/Oct/2015:23:14:28 -0700] "GET /resorts?resort=arapahoebasin HTTP/1.0" 404 469 "-" "Mozilla/5.0 (compatible; MJ12bot/v1.4.5; http://www.majestic12.co.uk/bot.php?+)"
178.202.133.84 - - [13/Oct/2015:23:14:29 -0700] "GET /resorts?resort=aspenheights HTTP/1.0" 404 469 "-" "Mozilla/5.0 (compatible; MJ12bot/v1.4.5; http://www.majestic12.co.uk/bot.php?+)"
178.202.133.84 - - [13/Oct/2015:23:14:31 -0700] "GET /resorts?resort=aspenmountain HTTP/1.0" 404 469 "-" "Mozilla/5.0 (compatible; MJ12bot/v1.4.5; http://www.majestic12.co.uk/bot.php?+)"
178.202.133.84 - - [13/Oct/2015:23:14:33 -0700] "GET /resorts?resort=bigsky HTTP/1.0" 404 469 "-" "Mozilla/5.0 (compatible; MJ12bot/v1.4.5; http://www.majestic12.co.uk/bot.php?+)"
178.202.133.84 - - [13/Oct/2015:23:14:35 -0700] "GET /resorts?resort=bigwhite HTTP/1.0" 404 469 "-" "Mozilla/5.0 (compatible; MJ12bot/v1.4.5; http://www.majestic12.co.uk/bot.php?+)"
178.202.133.84 - - [13/Oct/2015:23:14:36 -0700] "GET /resorts?resort=brianhead HTTP/1.0" 404 469 "-" "Mozilla/5.0 (compatible; MJ12bot/v1.4.5; http://www.majestic12.co.uk/bot.php?+)"
178.202.133.84 - - [13/Oct/2015:23:14:38 -0700] "GET /resorts?resort=brighton HTTP/1.0" 404 469 "-" "Mozilla/5.0 (compatible; MJ12bot/v1.4.5; http://www.majestic12.co.uk/bot.php?+)"
178.202.133.84 - - [13/Oct/2015:23:14:40 -0700] "GET /resorts?resort=buttermilk HTTP/1.0" 404 469 "-" "Mozilla/5.0 (compatible; MJ12bot/v1.4.5; http://www.majestic12.co.uk/bot.php?+)"
178.202.133.84 - - [13/Oct/2015:23:14:42 -0700] "GET /resorts?resort=canyons HTTP/1.0" 404 469 "-" "Mozilla/5.0 (compatible; MJ12bot/v1.4.5; http://www.majestic12.co.uk/bot.php?+)"
178.202.133.84 - - [13/Oct/2015:23:14:44 -0700] "GET /resorts?resort=chinapeak HTTP/1.0" 404 469 "-" "Mozilla/5.0 (compatible; MJ12bot/v1.4.5; http://www.majestic12.co.uk/bot.php?+)"
178.202.133.84 - - [13/Oct/2015:23:14:46 -0700] "GET /resorts?resort=coppermountain HTTP/1.0" 404 469 "-" "Mozilla/5.0 (compatible; MJ12bot/v1.4.5; http://www.majestic12.co.uk/bot.php?+)"
178.202.133.84 - - [13/Oct/2015:23:14:48 -0700] "GET /resorts?resort=crestedbutte HTTP/1.0" 404 469 "-" "Mozilla/5.0 (compatible; MJ12bot/v1.4.5; http://www.majestic12.co.uk/bot.php?+)"
178.202.133.84 - - [13/Oct/2015:23:14:50 -0700] "GET /resorts?resort=crystalmountain HTTP/1.0" 404 469 "-" "Mozilla/5.0 (compatible; MJ12bot/v1.4.5; http://www.majestic12.co.uk/bot.php?+)"
178.202.133.84 - - [13/Oct/2015:23:14:51 -0700] "GET /resorts?resort=deervalley HTTP/1.0" 404 469 "-" "Mozilla/5.0 (compatible; MJ12bot/v1.4.5; http://www.majestic12.co.uk/bot.php?+)"
178.202.133.84 - - [13/Oct/2015:23:14:53 -0700] "GET /resorts?resort=devilshead HTTP/1.0" 404 469 "-" "Mozilla/5.0 (compatible; MJ12bot/v1.4.5; http://www.majestic12.co.uk/bot.php?+)"
178.202.133.84 - - [13/Oct/2015:23:14:55 -0700] "GET /resorts?resort=diamondpeak HTTP/1.0" 404 469 "-" "Mozilla/5.0 (compatible; MJ12bot/v1.4.5; http://www.majestic12.co.uk/bot.php?+)"
178.202.133.84 - - [13/Oct/2015:23:14:57 -0700] "GET /resorts?resort=grandtarghee HTTP/1.0" 404 469 "-" "Mozilla/5.0 (compatible; MJ12bot/v1.4.5; http://www.majestic12.co.uk/bot.php?+)"
178.202.133.84 - - [13/Oct/2015:23:14:58 -0700] "GET /resorts?resort=heavenly HTTP/1.0" 404 469 "-" "Mozilla/5.0 (compatible; MJ12bot/v1.4.5; http://www.majestic12.co.uk/bot.php?+)"
178.202.133.84 - - [13/Oct/2015:23:15:00 -0700] "GET /resorts?resort=hoodoo HTTP/1.0" 404 469 "-" "Mozilla/5.0 (compatible; MJ12bot/v1.4.5; http://www.majestic12.co.uk/bot.php?+)"
178.202.133.84 - - [13/Oct/2015:23:15:02 -0700] "GET /resorts?resort=jacksonhole HTTP/1.0" 404 469 "-" "Mozilla/5.0 (compatible; MJ12bot/v1.4.5; http://www.majestic12.co.uk/bot.php?+)"
178.202.133.84 - - [13/Oct/2015:23:15:06 -0700] "GET /resorts?resort=keystone HTTP/1.0" 404 469 "-" "Mozilla/5.0 (compatible; MJ12bot/v1.4.5; http://www.majestic12.co.uk/bot.php?+)"
178.202.133.84 - - [13/Oct/2015:23:15:08 -0700] "GET /resorts?resort=kirkwood HTTP/1.0" 404 469 "-" "Mozilla/5.0 (compatible; MJ12bot/v1.4.5; http://www.majestic12.co.uk/bot.php?+)"
178.202.133.84 - - [13/Oct/2015:23:15:10 -0700] "GET /resorts?resort=loveland HTTP/1.0" 404 469 "-" "Mozilla/5.0 (compatible; MJ12bot/v1.4.5; http://www.majestic12.co.uk/bot.php?+)"
178.202.133.84 - - [13/Oct/2015:23:15:12 -0700] "GET /resorts?resort=mammothmountain HTTP/1.0" 404 469 "-" "Mozilla/5.0 (compatible; MJ12bot/v1.4.5; http://www.majestic12.co.uk/bot.php?+)"
178.202.133.84 - - [13/Oct/2015:23:15:14 -0700] "GET /resorts?resort=redlodge HTTP/1.0" 404 469 "-" "Mozilla/5.0 (compatible; MJ12bot/v1.4.5; http://www.majestic12.co.uk/bot.php?+)"
178.202.133.84 - - [13/Oct/2015:23:15:17 -0700] "GET /resorts?resort=redmountain HTTP/1.0" 404 469 "-" "Mozilla/5.0 (compatible; MJ12bot/v1.4.5; http://www.majestic12.co.uk/bot.php?+)"
178.202.133.84 - - [13/Oct/2015:23:15:18 -0700] "GET /resorts?resort=schweitzer HTTP/1.0" 404 469 "-" "Mozilla/5.0 (compatible; MJ12bot/v1.4.5; http://www.majestic12.co.uk/bot.php?+)"
178.202.133.84 - - [13/Oct/2015:23:15:20 -0700] "GET /resorts?resort=snowmass HTTP/1.0" 404 469 "-" "Mozilla/5.0 (compatible; MJ12bot/v1.4.5; http://www.majestic12.co.uk/bot.php?+)"
178.202.133.84 - - [13/Oct/2015:23:15:22 -0700] "GET /resorts?resort=solitude HTTP/1.0" 404 469 "-" "Mozilla/5.0 (compatible; MJ12bot/v1.4.5; http://www.majestic12.co.uk/bot.php?+)"
178.202.133.84 - - [13/Oct/2015:23:15:24 -0700] "GET /resorts?resort=steamboat HTTP/1.0" 404 469 "-" "Mozilla/5.0 (compatible; MJ12bot/v1.4.5; http://www.majestic12.co.uk/bot.php?+)"
178.202.133.84 - - [13/Oct/2015:23:15:26 -0700] "GET /resorts?resort=stevenspass HTTP/1.0" 404 469 "-" "Mozilla/5.0 (compatible; MJ12bot/v1.4.5; http://www.majestic12.co.uk/bot.php?+)"
178.202.133.84 - - [13/Oct/2015:23:15:27 -0700] "GET /resorts?resort=stowe HTTP/1.0" 404 469 "-" "Mozilla/5.0 (compatible; MJ12bot/v1.4.5; http://www.majestic12.co.uk/bot.php?+)"
178.202.133.84 - - [13/Oct/2015:23:15:29 -0700] "GET /resorts?resort=sugarloaf HTTP/1.0" 404 469 "-" "Mozilla/5.0 (compatible; MJ12bot/v1.4.5; http://www.majestic12.co.uk/bot.php?+)"
178.202.133.84 - - [13/Oct/2015:23:15:32 -0700] "GET /resorts?resort=sundayriver HTTP/1.0" 404 469 "-" "Mozilla/5.0 (compatible; MJ12bot/v1.4.5; http://www.majestic12.co.uk/bot.php?+)"
178.202.133.84 - - [13/Oct/2015:23:15:34 -0700] "GET /resorts?resort=sunpeaksresort HTTP/1.0" 404 469 "-" "Mozilla/5.0 (compatible; MJ12bot/v1.4.5; http://www.majestic12.co.uk/bot.php?+)"
178.202.133.84 - - [13/Oct/2015:23:15:35 -0700] "GET /resorts?resort=sunvalley HTTP/1.0" 404 469 "-" "Mozilla/5.0 (compatible; MJ12bot/v1.4.5; http://www.majestic12.co.uk/bot.php?+)"
178.202.133.84 - - [13/Oct/2015:23:15:40 -0700] "GET /resorts?resort=taos HTTP/1.0" 404 469 "-" "Mozilla/5.0 (compatible; MJ12bot/v1.4.5; http://www.majestic12.co.uk/bot.php?+)"
178.202.133.84 - - [13/Oct/2015:23:15:42 -0700] "GET /resorts?resort=telluride HTTP/1.0" 404 469 "-" "Mozilla/5.0 (compatible; MJ12bot/v1.4.5; http://www.majestic12.co.uk/bot.php?+)"
178.202.133.84 - - [13/Oct/2015:23:15:43 -0700] "GET /resorts?resort=whitefacemountain HTTP/1.0" 404 469 "-" "Mozilla/5.0 (compatible; MJ12bot/v1.4.5; http://www.majestic12.co.uk/bot.php?+)"
178.202.133.84 - - [13/Oct/2015:23:15:45 -0700] "GET /resorts?resort=wildcatmountain HTTP/1.0" 404 469 "-" "Mozilla/5.0 (compatible; MJ12bot/v1.4.5; http://www.majestic12.co.uk/bot.php?+)"
178.202.133.84 - - [13/Oct/2015:23:15:48 -0700] "GET /viz/2012-2013-viz.php HTTP/1.0" 404 469 "-" "Mozilla/5.0 (compatible; MJ12bot/v1.4.5; http://www.majestic12.co.uk/bot.php?+)"
170.75.162.130 - - [13/Oct/2015:23:19:03 -0700] "GET /lib/reccapi.php?resort=devilshead HTTP/1.1" 200 968 "-" "node-superagent/0.18.2"
130.185.139.213 - - [13/Oct/2015:23:19:54 -0700] "GET / HTTP/1.0" 200 2339 "-" "Mozilla/5.0 (Windows NT 6.3; WOW64) AppleWebKit/537.36 (KHTML, like Gecko) Chrome/36.0.1985.143 Safari/537.36"
170.75.162.130 - - [13/Oct/2015:23:23:04 -0700] "GET /lib/reccapi.php?resort=stevenspass HTTP/1.1" 200 1016 "-" "node-superagent/0.18.2"
66.249.79.220 - - [13/Oct/2015:23:28:59 -0700] "GET /resorts?resort=cannonmountain&date=2014-01-07 HTTP/1.1" 404 506 "-" "Mozilla/5.0 (compatible; Googlebot/2.1; +http://www.google.com/bot.html)"
170.75.162.130 - - [13/Oct/2015:23:29:24 -0700] "GET /lib/reccapi.php?resort=heavenly HTTP/1.1" 200 972 "-" "node-superagent/0.18.2"
188.110.95.241 - - [13/Oct/2015:23:36:51 -0700] "GET /images/wsis-logo-sm.png HTTP/1.1" 200 6108 "http://thebackcountry.net/" "Mozilla/5.0 (Windows NT 6.1; WOW64) AppleWebKit/537.36 (KHTML, like Gecko) Chrome/36.0.1985.143 Safari/537.36"
76.176.164.19 - - [13/Oct/2015:23:42:55 -0700] "-" 408 0 "-" "-"
46.151.52.33 - - [13/Oct/2015:23:45:10 -0700] "GET /resorts?resort=cannonmountain HTTP/1.0" 404 495 "http://whereshouldiski.com/resorts?resort=cannonmountain" "Mozilla/5.0 (Windows NT 6.3; WOW64; rv:36.0) Gecko/20100101 Firefox/36.0"
46.151.52.33 - - [13/Oct/2015:23:45:11 -0700] "GET / HTTP/1.0" 200 6114 "http://whereshouldiski.com/" "Mozilla/5.0 (Windows NT 6.3; WOW64; rv:36.0) Gecko/20100101 Firefox/36.0"
180.76.15.23 - - [13/Oct/2015:23:57:39 -0700] "GET / HTTP/1.1" 200 6114 "-" "Mozilla/5.0 (compatible; Baiduspider/2.0; +http://www.baidu.com/search/spider.html)"
180.76.15.13 - - [13/Oct/2015:23:58:49 -0700] "GET / HTTP/1.1" 200 6114 "-" "Mozilla/5.0 (compatible; Baiduspider/2.0; +http://www.baidu.com/search/spider.html)"
170.75.162.130 - - [13/Oct/2015:23:59:18 -0700] "GET /lib/reccapi.php?resort=solitude HTTP/1.1" 200 966 "-" "node-superagent/0.18.2"
170.75.162.130 - - [14/Oct/2015:00:01:08 -0700] "GET /lib/reccapi.php?resort=mountspokane HTTP/1.1" 200 991 "-" "node-superagent/0.18.2"
170.75.162.130 - - [14/Oct/2015:00:08:49 -0700] "GET /lib/reccapi.php?resort=bigwhite HTTP/1.1" 200 911 "-" "node-superagent/0.18.2"
170.75.162.130 - - [14/Oct/2015:00:08:49 -0700] "GET /lib/reccapi.php?resort=alyeska HTTP/1.1" 200 990 "-" "node-superagent/0.18.2"
130.185.139.213 - - [14/Oct/2015:00:09:47 -0700] "GET / HTTP/1.0" 200 2339 "-" "Mozilla/5.0 (Windows NT 6.3; WOW64) AppleWebKit/537.36 (KHTML, like Gecko) Chrome/36.0.1985.143 Safari/537.36"
170.75.162.130 - - [14/Oct/2015:00:10:40 -0700] "GET /lib/reccapi.php?resort=sierra-at-tahoe HTTP/1.1" 200 988 "-" "node-superagent/0.18.2"
170.75.162.130 - - [14/Oct/2015:00:18:31 -0700] "GET /lib/reccapi.php?resort=alta HTTP/1.1" 200 935 "-" "node-superagent/0.18.2"
170.75.162.130 - - [14/Oct/2015:00:18:31 -0700] "GET /lib/reccapi.php?resort=killington HTTP/1.1" 200 1043 "-" "node-superagent/0.18.2"
170.75.162.130 - - [14/Oct/2015:00:18:31 -0700] "GET /lib/reccapi.php?resort=sugarloaf HTTP/1.1" 200 954 "-" "node-superagent/0.18.2"
208.115.113.83 - - [14/Oct/2015:00:20:15 -0700] "GET /robots.txt HTTP/1.1" 200 319 "-" "Mozilla/5.0 (compatible; DotBot/1.1; http://www.opensiteexplorer.org/dotbot, help@moz.com)"
99.48.77.126 - - [14/Oct/2015:00:21:24 -0700] "GET / HTTP/1.1" 200 6114 "-" "Mozilla/4.0 (compatible; MSIE 5.0; Windows NT; DigExt; DTS Agent"
208.115.111.66 - - [14/Oct/2015:00:22:24 -0700] "GET /robots.txt HTTP/1.1" 200 319 "-" "Mozilla/5.0 (compatible; DotBot/1.1; http://www.opensiteexplorer.org/dotbot, help@moz.com)"
170.75.162.130 - - [14/Oct/2015:00:25:41 -0700] "GET /lib/reccapi.php?resort=northstar-at-tahoe HTTP/1.1" 200 958 "-" "node-superagent/0.18.2"
69.30.213.82 - - [14/Oct/2015:00:32:04 -0700] "GET /robots.txt HTTP/1.0" 200 338 "-" "Mozilla/5.0 (compatible; MJ12bot/v1.4.5; http://www.majestic12.co.uk/bot.php?+)"
69.30.213.82 - - [14/Oct/2015:00:32:06 -0700] "GET / HTTP/1.0" 200 6114 "-" "Mozilla/5.0 (compatible; MJ12bot/v1.4.5; http://www.majestic12.co.uk/bot.php?+)"
180.76.15.150 - - [14/Oct/2015:00:36:47 -0700] "GET /resorts?resort=skibluewood&date=2014-04-09 HTTP/1.1" 404 472 "-" "Mozilla/5.0 (compatible; Baiduspider/2.0; +http://www.baidu.com/search/spider.html)"
170.75.162.130 - - [14/Oct/2015:00:44:44 -0700] "GET /lib/reccapi.php?resort=jaypeak HTTP/1.1" 200 1035 "-" "node-superagent/0.18.2"
24.182.59.151 - - [14/Oct/2015:00:45:03 -0700] "GET /images/wsis-logo-sm.png HTTP/1.1" 200 6108 "http://www.thebackcountry.net/" "Mozilla/5.0 (Macintosh; Intel Mac OS X 10_9_5) AppleWebKit/600.5.17 (KHTML, like Gecko) Version/7.1.5 Safari/537.85.14"
180.76.15.5 - - [14/Oct/2015:00:55:04 -0700] "GET / HTTP/1.1" 200 6114 "-" "Mozilla/5.0 (compatible; Baiduspider/2.0; +http://www.baidu.com/search/spider.html)"
180.76.15.32 - - [14/Oct/2015:00:56:18 -0700] "GET / HTTP/1.1" 200 6114 "-" "Mozilla/5.0 (compatible; Baiduspider/2.0; +http://www.baidu.com/search/spider.html)"
208.115.113.83 - - [14/Oct/2015:00:57:26 -0700] "GET /resorts?resort=sleepinggiant&date=2014-06-11 HTTP/1.1" 404 476 "-" "Mozilla/5.0 (compatible; DotBot/1.1; http://www.opensiteexplorer.org/dotbot, help@moz.com)"
176.97.116.171 - - [14/Oct/2015:01:01:31 -0700] "GET / HTTP/1.1" 200 2376 "-" "Mozilla/4.0 (compatible; MSIE 6.0; Windows NT 5.1; SV1; Mozilla/4.0 (compatible; MSIE 6.0; Windows NT 5.1; SV1) )"
208.115.113.83 - - [14/Oct/2015:01:02:06 -0700] "GET /resorts?resort=sunpeaksresort&date=2014-06-26 HTTP/1.1" 404 476 "-" "Mozilla/5.0 (compatible; DotBot/1.1; http://www.opensiteexplorer.org/dotbot, help@moz.com)"
170.75.162.130 - - [14/Oct/2015:01:02:26 -0700] "GET /lib/reccapi.php?resort=hoodoo HTTP/1.1" 200 946 "-" "node-superagent/0.18.2"
208.115.113.83 - - [14/Oct/2015:01:02:45 -0700] "GET /resorts?resort=homewoodmountain&date=2014-06-08 HTTP/1.1" 404 476 "-" "Mozilla/5.0 (compatible; DotBot/1.1; http://www.opensiteexplorer.org/dotbot, help@moz.com)"
208.115.113.83 - - [14/Oct/2015:01:02:47 -0700] "GET /resorts?resort=crestedbutte&date=2014-11-13 HTTP/1.1" 404 476 "-" "Mozilla/5.0 (compatible; DotBot/1.1; http://www.opensiteexplorer.org/dotbot, help@moz.com)"
208.115.113.83 - - [14/Oct/2015:01:02:49 -0700] "GET /resorts?resort=brighton&date=2014-06-10 HTTP/1.1" 404 476 "-" "Mozilla/5.0 (compatible; DotBot/1.1; http://www.opensiteexplorer.org/dotbot, help@moz.com)"
208.115.113.83 - - [14/Oct/2015:01:02:57 -0700] "GET /resorts?resort=angelfire&date=2014-10-12 HTTP/1.1" 404 476 "-" "Mozilla/5.0 (compatible; DotBot/1.1; http://www.opensiteexplorer.org/dotbot, help@moz.com)"
208.115.111.66 - - [14/Oct/2015:01:24:24 -0700] "GET /resorts?resort=chinapeak&date=2014-06-12 HTTP/1.1" 404 476 "-" "Mozilla/5.0 (compatible; DotBot/1.1; http://www.opensiteexplorer.org/dotbot, help@moz.com)"
208.115.111.66 - - [14/Oct/2015:01:25:11 -0700] "GET /resorts?resort=moonlightbasin&date=2014-06-05 HTTP/1.1" 404 476 "-" "Mozilla/5.0 (compatible; DotBot/1.1; http://www.opensiteexplorer.org/dotbot, help@moz.com)"
208.115.111.66 - - [14/Oct/2015:01:26:06 -0700] "GET /resorts?resort=mtrose&date=2014-11-03 HTTP/1.1" 404 476 "-" "Mozilla/5.0 (compatible; DotBot/1.1; http://www.opensiteexplorer.org/dotbot, help@moz.com)"
170.75.162.130 - - [14/Oct/2015:01:26:09 -0700] "GET /lib/reccapi.php?resort=crystalmountain HTTP/1.1" 200 985 "-" "node-superagent/0.18.2"
208.115.111.66 - - [14/Oct/2015:01:27:38 -0700] "GET /resorts?resort=stowe&date=2014-06-26 HTTP/1.1" 404 476 "-" "Mozilla/5.0 (compatible; DotBot/1.1; http://www.opensiteexplorer.org/dotbot, help@moz.com)"
208.115.111.66 - - [14/Oct/2015:01:27:45 -0700] "GET /resorts?resort=kirkwood&date=2014-06-22 HTTP/1.1" 404 476 "-" "Mozilla/5.0 (compatible; DotBot/1.1; http://www.opensiteexplorer.org/dotbot, help@moz.com)"
208.115.111.66 - - [14/Oct/2015:01:27:51 -0700] "GET /resorts?resort=sundayriver&date=2014-10-25 HTTP/1.1" 404 476 "-" "Mozilla/5.0 (compatible; DotBot/1.1; http://www.opensiteexplorer.org/dotbot, help@moz.com)"
122.115.75.91 - - [14/Oct/2015:01:28:11 -0700] "GET /images/wsis-logo-sm.png HTTP/1.1" 200 6108 "http://www.thebackcountry.net/" "Mozilla/5.0 (Windows NT 6.1; WOW64) AppleWebKit/537.36 (KHTML, like Gecko) Chrome/31.0.1650.63 Safari/537.36"
91.81.233.245 - - [14/Oct/2015:01:34:44 -0700] "GET / HTTP/1.1" 200 2376 "http://buttons-for-website.com" "Mozilla/5.0 (Windows NT 6.1; WOW64) AppleWebKit/537.36 (KHTML, like Gecko) Chrome/36.0.1985.143 Safari/537.36"
91.81.233.245 - - [14/Oct/2015:01:34:44 -0700] "GET /styles/0fffd548.main.css HTTP/1.1" 200 19316 "http://whereshouldiski.com/" "Mozilla/5.0 (Windows NT 6.1; WOW64) AppleWebKit/537.36 (KHTML, like Gecko) Chrome/36.0.1985.143 Safari/537.36"
91.81.233.245 - - [14/Oct/2015:01:34:45 -0700] "GET /scripts/scripts/vendor/modernizr.js HTTP/1.1" 200 4903 "http://whereshouldiski.com/" "Mozilla/5.0 (Windows NT 6.1; WOW64) AppleWebKit/537.36 (KHTML, like Gecko) Chrome/36.0.1985.143 Safari/537.36"
91.81.233.245 - - [14/Oct/2015:01:34:45 -0700] "GET /bower_components/requirejs/require.js HTTP/1.1" 200 6702 "http://whereshouldiski.com/" "Mozilla/5.0 (Windows NT 6.1; WOW64) AppleWebKit/537.36 (KHTML, like Gecko) Chrome/36.0.1985.143 Safari/537.36"
91.81.233.245 - - [14/Oct/2015:01:34:45 -0700] "GET /images/logo-sm.png HTTP/1.1" 200 16737 "http://whereshouldiski.com/" "Mozilla/5.0 (Windows NT 6.1; WOW64) AppleWebKit/537.36 (KHTML, like Gecko) Chrome/36.0.1985.143 Safari/537.36"
91.81.233.245 - - [14/Oct/2015:01:34:45 -0700] "GET /images/loading.gif HTTP/1.1" 200 13881 "http://whereshouldiski.com/" "Mozilla/5.0 (Windows NT 6.1; WOW64) AppleWebKit/537.36 (KHTML, like Gecko) Chrome/36.0.1985.143 Safari/537.36"
91.81.233.245 - - [14/Oct/2015:01:34:45 -0700] "GET /scripts/fa48e319.main.js HTTP/1.1" 200 123455 "http://whereshouldiski.com/" "Mozilla/5.0 (Windows NT 6.1; WOW64) AppleWebKit/537.36 (KHTML, like Gecko) Chrome/36.0.1985.143 Safari/537.36"
91.81.233.245 - - [14/Oct/2015:01:34:50 -0700] "GET /images/button.png HTTP/1.1" 200 599 "http://whereshouldiski.com/" "Mozilla/5.0 (Windows NT 6.1; WOW64) AppleWebKit/537.36 (KHTML, like Gecko) Chrome/36.0.1985.143 Safari/537.36"
91.81.233.245 - - [14/Oct/2015:01:34:50 -0700] "GET /lib/reccapi.php?fields=t HTTP/1.1" 200 1709 "http://whereshouldiski.com/" "Mozilla/5.0 (Windows NT 6.1; WOW64) AppleWebKit/537.36 (KHTML, like Gecko) Chrome/36.0.1985.143 Safari/537.36"
91.81.233.245 - - [14/Oct/2015:01:34:51 -0700] "GET /images/greyHeader.png HTTP/1.1" 200 508 "http://whereshouldiski.com/" "Mozilla/5.0 (Windows NT 6.1; WOW64) AppleWebKit/537.36 (KHTML, like Gecko) Chrome/36.0.1985.143 Safari/537.36"
91.81.233.245 - - [14/Oct/2015:01:34:51 -0700] "GET /images/snowflake5.png HTTP/1.1" 200 2857 "http://whereshouldiski.com/" "Mozilla/5.0 (Windows NT 6.1; WOW64) AppleWebKit/537.36 (KHTML, like Gecko) Chrome/36.0.1985.143 Safari/537.36"
91.81.233.245 - - [14/Oct/2015:01:34:51 -0700] "GET /images/star5.png HTTP/1.1" 200 1784 "http://whereshouldiski.com/" "Mozilla/5.0 (Windows NT 6.1; WOW64) AppleWebKit/537.36 (KHTML, like Gecko) Chrome/36.0.1985.143 Safari/537.36"
91.81.233.245 - - [14/Oct/2015:01:34:51 -0700] "GET /images/bluebird5.png HTTP/1.1" 200 2178 "http://whereshouldiski.com/" "Mozilla/5.0 (Windows NT 6.1; WOW64) AppleWebKit/537.36 (KHTML, like Gecko) Chrome/36.0.1985.143 Safari/537.36"
91.81.233.245 - - [14/Oct/2015:01:34:51 -0700] "GET /images/mtns-icon.png HTTP/1.1" 200 1097 "http://whereshouldiski.com/" "Mozilla/5.0 (Windows NT 6.1; WOW64) AppleWebKit/537.36 (KHTML, like Gecko) Chrome/36.0.1985.143 Safari/537.36"
91.81.233.245 - - [14/Oct/2015:01:34:51 -0700] "GET /images/shading-icon.png HTTP/1.1" 200 537 "http://whereshouldiski.com/" "Mozilla/5.0 (Windows NT 6.1; WOW64) AppleWebKit/537.36 (KHTML, like Gecko) Chrome/36.0.1985.143 Safari/537.36"
127.0.0.1 - - [14/Oct/2015:01:34:57 -0700] "OPTIONS * HTTP/1.0" 200 126 "-" "Apache/2.2.22 (Ubuntu) (internal dummy connection)"
180.76.15.8 - - [14/Oct/2015:01:52:50 -0700] "GET / HTTP/1.1" 200 6114 "-" "Mozilla/5.0 (compatible; Baiduspider/2.0; +http://www.baidu.com/search/spider.html)"
180.76.15.8 - - [14/Oct/2015:01:53:59 -0700] "GET / HTTP/1.1" 200 6114 "-" "Mozilla/5.0 (compatible; Baiduspider/2.0; +http://www.baidu.com/search/spider.html)"
83.61.183.184 - - [14/Oct/2015:01:57:15 -0700] "GET /images/wsis-logo-sm.png HTTP/1.1" 200 6108 "http://www.thebackcountry.net/" "Mozilla/5.0 (Windows NT 6.1; WOW64) AppleWebKit/537.36 (KHTML, like Gecko) Chrome/45.0.2454.101 Safari/537.36"
66.249.79.227 - - [14/Oct/2015:01:57:31 -0700] "GET / HTTP/1.1" 200 2376 "-" "Mozilla/5.0 (iPhone; CPU iPhone OS 8_3 like Mac OS X) AppleWebKit/600.1.4 (KHTML, like Gecko) Version/8.0 Mobile/12F70 Safari/600.1.4 (compatible; Googlebot/2.1; +http://www.google.com/bot.html)"
72.46.139.154 - - [14/Oct/2015:01:57:40 -0700] "GET / HTTP/1.1" 200 2320 "-" "Go 1.1 package http"
72.46.139.154 - - [14/Oct/2015:01:57:40 -0700] "GET /components/com_mailto/views/sent/metadata.xml HTTP/1.1" 404 473 "-" "Go 1.1 package http"
72.46.139.154 - - [14/Oct/2015:01:57:40 -0700] "GET /components/com_mailto/views/sent/metadata.xml HTTP/1.1" 404 473 "-" "Go 1.1 package http"
72.46.139.154 - - [14/Oct/2015:01:57:41 -0700] "GET /htaccess.txt HTTP/1.1" 404 451 "-" "Go 1.1 package http"
72.46.139.154 - - [14/Oct/2015:01:57:41 -0700] "GET /libraries/joomla/filesystem/meta/language/en-GB/en-GB.lib_joomla_filesystem_patcher.ini HTTP/1.1" 404 495 "-" "Go 1.1 package http"
72.46.139.154 - - [14/Oct/2015:01:57:41 -0700] "GET /CONTRIBUTING.md HTTP/1.1" 404 455 "-" "Go 1.1 package http"
72.46.139.154 - - [14/Oct/2015:01:57:41 -0700] "GET /phpunit.xml.dist HTTP/1.1" 404 454 "-" "Go 1.1 package http"
72.46.139.154 - - [14/Oct/2015:01:57:41 -0700] "GET /robots.txt HTTP/1.1" 200 363 "-" "Go 1.1 package http"
72.46.139.154 - - [14/Oct/2015:01:57:41 -0700] "GET /joomla.xml HTTP/1.1" 404 451 "-" "Go 1.1 package http"
72.46.139.154 - - [14/Oct/2015:01:57:41 -0700] "GET /README.txt HTTP/1.1" 404 451 "-" "Go 1.1 package http"
72.46.139.154 - - [14/Oct/2015:01:57:41 -0700] "GET /robots.txt.dist HTTP/1.1" 404 453 "-" "Go 1.1 package http"
72.46.139.154 - - [14/Oct/2015:01:57:41 -0700] "GET /web.config.txt HTTP/1.1" 404 453 "-" "Go 1.1 package http"
72.46.139.154 - - [14/Oct/2015:01:57:41 -0700] "GET /installation/CHANGELOG HTTP/1.1" 404 450 "-" "Go 1.1 package http"
72.46.139.154 - - [14/Oct/2015:01:57:41 -0700] "GET /administrator/components/com_login/login.xml HTTP/1.1" 404 471 "-" "Go 1.1 package http"
72.46.139.154 - - [14/Oct/2015:01:57:41 -0700] "GET /components/com_wrapper/wrapper.xml HTTP/1.1" 404 462 "-" "Go 1.1 package http"
72.46.139.154 - - [14/Oct/2015:01:57:41 -0700] "GET /installation/language/en-GB/en-GB.ini HTTP/1.1" 404 467 "-" "Go 1.1 package http"
72.46.139.154 - - [14/Oct/2015:01:57:41 -0700] "GET /installation/language/en-US/en-US.ini HTTP/1.1" 404 466 "-" "Go 1.1 package http"
72.46.139.154 - - [14/Oct/2015:01:57:41 -0700] "GET /installation/language/zh-CN/zh-CN.ini HTTP/1.1" 404 467 "-" "Go 1.1 package http"
72.46.139.154 - - [14/Oct/2015:01:57:41 -0700] "GET /installation/template/js/installation.js HTTP/1.1" 404 464 "-" "Go 1.1 package http"
72.46.139.154 - - [14/Oct/2015:01:57:41 -0700] "GET /language/en-GB/en-GB.com_contact.ini HTTP/1.1" 404 467 "-" "Go 1.1 package http"
72.46.139.154 - - [14/Oct/2015:01:57:41 -0700] "GET /libraries/joomla/html/language/en-GB/en-GB.jhtmldate.ini HTTP/1.1" 404 476 "-" "Go 1.1 package http"
72.46.139.154 - - [14/Oct/2015:01:57:41 -0700] "GET /media/com_finder/js/indexer.js HTTP/1.1" 404 463 "-" "Go 1.1 package http"
72.46.139.154 - - [14/Oct/2015:01:57:41 -0700] "GET /media/com_joomlaupdate/default.js HTTP/1.1" 404 467 "-" "Go 1.1 package http"
72.46.139.154 - - [14/Oct/2015:01:57:41 -0700] "GET /media/editors/tinymce/templates/template_list.js HTTP/1.1" 404 471 "-" "Go 1.1 package http"
72.46.139.154 - - [14/Oct/2015:01:57:41 -0700] "GET /media/jui/css/chosen.css HTTP/1.1" 404 458 "-" "Go 1.1 package http"
72.46.139.154 - - [14/Oct/2015:01:57:42 -0700] "GET /modules/mod_banners/mod_banners.xml HTTP/1.1" 404 460 "-" "Go 1.1 package http"
72.46.139.154 - - [14/Oct/2015:01:57:42 -0700] "GET /plugins/authentication/joomla/joomla.xml HTTP/1.1" 404 468 "-" "Go 1.1 package http"
72.46.139.154 - - [14/Oct/2015:01:57:42 -0700] "GET /wp-login.php HTTP/1.1" 404 450 "-" "Go 1.1 package http"
72.46.139.154 - - [14/Oct/2015:01:57:42 -0700] "GET /license.txt HTTP/1.1" 404 451 "-" "Go 1.1 package http"
72.46.139.154 - - [14/Oct/2015:01:57:42 -0700] "GET /license.txt HTTP/1.1" 404 451 "-" "Go 1.1 package http"
72.46.139.154 - - [14/Oct/2015:01:57:42 -0700] "GET /robots.txt HTTP/1.1" 200 363 "-" "Go 1.1 package http"
72.46.139.154 - - [14/Oct/2015:01:57:42 -0700] "GET /license.txt HTTP/1.1" 404 451 "-" "Go 1.1 package http"
72.46.139.154 - - [14/Oct/2015:01:57:42 -0700] "GET /wp-content/themes/twentyten/images/wordpress.png HTTP/1.1" 404 473 "-" "Go 1.1 package http"
72.46.139.154 - - [14/Oct/2015:01:57:42 -0700] "GET /wp-admin/images/wp-logo-2x.png HTTP/1.1" 404 463 "-" "Go 1.1 package http"
72.46.139.154 - - [14/Oct/2015:01:57:42 -0700] "GET /readme.txt HTTP/1.1" 404 450 "-" "Go 1.1 package http"
72.46.139.154 - - [14/Oct/2015:01:57:42 -0700] "GET /help.txt HTTP/1.1" 404 448 "-" "Go 1.1 package http"
72.46.139.154 - - [14/Oct/2015:01:57:42 -0700] "GET /readme.html HTTP/1.1" 404 450 "-" "Go 1.1 package http"
72.46.139.154 - - [14/Oct/2015:01:57:42 -0700] "GET /readme.htm HTTP/1.1" 404 450 "-" "Go 1.1 package http"
72.46.139.154 - - [14/Oct/2015:01:57:42 -0700] "GET /wp-admin/css/colors-classic.css HTTP/1.1" 404 464 "-" "Go 1.1 package http"
72.46.139.154 - - [14/Oct/2015:01:57:42 -0700] "GET /wp-admin/js/media-upload.dev.js HTTP/1.1" 404 465 "-" "Go 1.1 package http"
72.46.139.154 - - [14/Oct/2015:01:57:42 -0700] "GET /wp-content/plugins/akismet/akismet.js HTTP/1.1" 404 466 "-" "Go 1.1 package http"
72.46.139.154 - - [14/Oct/2015:01:57:42 -0700] "GET /wp-content/themes/classic/rtl.css HTTP/1.1" 404 465 "-" "Go 1.1 package http"
72.46.139.154 - - [14/Oct/2015:01:57:42 -0700] "GET /wp-content/themes/twentyeleven/readme.txt HTTP/1.1" 404 470 "-" "Go 1.1 package http"
72.46.139.154 - - [14/Oct/2015:01:57:42 -0700] "GET /wp-content/themes/twentyten/style.css HTTP/1.1" 404 466 "-" "Go 1.1 package http"
72.46.139.154 - - [14/Oct/2015:01:57:42 -0700] "GET /wp-includes/css/buttons.css HTTP/1.1" 404 461 "-" "Go 1.1 package http"
72.46.139.154 - - [14/Oct/2015:01:57:42 -0700] "GET /wp-includes/js/scriptaculous/wp-scriptaculous.js HTTP/1.1" 404 469 "-" "Go 1.1 package http"
72.46.139.154 - - [14/Oct/2015:01:57:42 -0700] "GET /wp-includes/js/tinymce/langs/wp-langs-en.js HTTP/1.1" 404 470 "-" "Go 1.1 package http"
72.46.139.154 - - [14/Oct/2015:01:57:42 -0700] "GET /wp-includes/js/tinymce/wp-tinymce.js HTTP/1.1" 404 464 "-" "Go 1.1 package http"
170.75.162.130 - - [14/Oct/2015:02:04:23 -0700] "GET /lib/reccapi.php?resort=sunpeaksresort HTTP/1.1" 200 911 "-" "node-superagent/0.18.2"
170.75.162.130 - - [14/Oct/2015:02:09:04 -0700] "GET /lib/reccapi.php?resort=monarch HTTP/1.1" 200 949 "-" "node-superagent/0.18.2"
170.75.162.130 - - [14/Oct/2015:02:09:14 -0700] "GET /lib/reccapi.php?resort=alpinemeadows HTTP/1.1" 200 990 "-" "node-superagent/0.18.2"
157.55.39.185 - - [14/Oct/2015:02:14:26 -0700] "GET /robots.txt HTTP/1.1" 200 419 "-" "Mozilla/5.0 (compatible; bingbot/2.0; +http://www.bing.com/bingbot.htm)"
170.75.162.130 - - [14/Oct/2015:02:19:35 -0700] "GET /lib/reccapi.php?resort=arapahoebasin HTTP/1.1" 200 994 "-" "node-superagent/0.18.2"
170.75.162.130 - - [14/Oct/2015:02:19:35 -0700] "GET /lib/reccapi.php?resort=canyons HTTP/1.1" 200 965 "-" "node-superagent/0.18.2"
170.75.162.130 - - [14/Oct/2015:02:19:35 -0700] "GET /lib/reccapi.php?resort=keystone HTTP/1.1" 200 975 "-" "node-superagent/0.18.2"
170.75.162.130 - - [14/Oct/2015:02:22:25 -0700] "GET /lib/reccapi.php?resort=whistlerblackcomb HTTP/1.1" 200 922 "-" "node-superagent/0.18.2"
208.115.113.83 - - [14/Oct/2015:02:22:52 -0700] "GET /robots.txt HTTP/1.1" 200 319 "-" "Mozilla/5.0 (compatible; DotBot/1.1; http://www.opensiteexplorer.org/dotbot, help@moz.com)"
180.76.15.134 - - [14/Oct/2015:02:42:11 -0700] "GET / HTTP/1.1" 200 6114 "-" "Mozilla/5.0 (compatible; Baiduspider/2.0; +http://www.baidu.com/search/spider.html)"
180.76.15.159 - - [14/Oct/2015:02:42:58 -0700] "GET / HTTP/1.1" 200 6114 "-" "Mozilla/5.0 (compatible; Baiduspider/2.0; +http://www.baidu.com/search/spider.html)"
208.115.113.83 - - [14/Oct/2015:03:02:52 -0700] "GET /resorts?resort=bigsky&date=2014-10-02 HTTP/1.1" 404 476 "-" "Mozilla/5.0 (compatible; DotBot/1.1; http://www.opensiteexplorer.org/dotbot, help@moz.com)"
208.115.113.83 - - [14/Oct/2015:03:04:41 -0700] "GET /resorts?resort=mtrose&date=2014-09-30 HTTP/1.1" 404 476 "-" "Mozilla/5.0 (compatible; DotBot/1.1; http://www.opensiteexplorer.org/dotbot, help@moz.com)"
208.115.113.83 - - [14/Oct/2015:03:04:51 -0700] "GET /resorts?resort=aspenmountain&date=2014-11-06 HTTP/1.1" 404 476 "-" "Mozilla/5.0 (compatible; DotBot/1.1; http://www.opensiteexplorer.org/dotbot, help@moz.com)"
208.115.113.83 - - [14/Oct/2015:03:05:48 -0700] "GET /resorts?resort=sierra-at-tahoe&date=2014-06-20 HTTP/1.1" 404 476 "-" "Mozilla/5.0 (compatible; DotBot/1.1; http://www.opensiteexplorer.org/dotbot, help@moz.com)"
208.115.113.83 - - [14/Oct/2015:03:06:43 -0700] "GET /resorts?resort=aspenheights&date=2014-06-12 HTTP/1.1" 404 476 "-" "Mozilla/5.0 (compatible; DotBot/1.1; http://www.opensiteexplorer.org/dotbot, help@moz.com)"
208.115.113.83 - - [14/Oct/2015:03:07:08 -0700] "GET /resorts?resort=redmountain&date=2014-06-26 HTTP/1.1" 404 476 "-" "Mozilla/5.0 (compatible; DotBot/1.1; http://www.opensiteexplorer.org/dotbot, help@moz.com)"
208.115.113.83 - - [14/Oct/2015:03:07:31 -0700] "GET /resorts?resort=crestedbutte&date=2014-11-04 HTTP/1.1" 404 476 "-" "Mozilla/5.0 (compatible; DotBot/1.1; http://www.opensiteexplorer.org/dotbot, help@moz.com)"
80.82.65.82 - - [14/Oct/2015:03:10:45 -0700] "GET / HTTP/1.1" 200 2376 "-" "Mozilla/5.0 (Windows NT 6.1; Trident/7.0; rv:11.0) like Gecko"
130.185.139.213 - - [14/Oct/2015:03:19:37 -0700] "GET / HTTP/1.0" 200 2339 "-" "Mozilla/5.0 (Windows NT 6.3; WOW64) AppleWebKit/537.36 (KHTML, like Gecko) Chrome/36.0.1985.143 Safari/537.36"
93.125.99.18 - - [14/Oct/2015:03:31:03 -0700] "GET /js/mage/cookies.js HTTP/1.1" 404 485 "http://whereshouldiski.com" "Mozilla/5.0 (Windows; U; Windows NT 5.1; en-US) AppleWebKit/533.4 (KHTML, like Gecko) Chrome/5.0.375.99 Safari/533.4"
141.212.122.112 - - [14/Oct/2015:03:36:19 -0700] "CONNECT proxytest.zmap.io:80 HTTP/1.1" 405 541 "-" "Mozilla/5.0 zgrab/0.x"
180.76.15.26 - - [14/Oct/2015:03:48:12 -0700] "GET /about HTTP/1.1" 404 472 "-" "Mozilla/5.0 (compatible; Baiduspider/2.0; +http://www.baidu.com/search/spider.html)"
170.75.162.130 - - [14/Oct/2015:03:50:34 -0700] "GET /lib/reccapi.php?resort=deervalley HTTP/1.1" 200 996 "-" "node-superagent/0.18.2"
170.75.162.130 - - [14/Oct/2015:03:50:34 -0700] "GET /lib/reccapi.php?resort=mounthoodmeadows HTTP/1.1" 200 991 "-" "node-superagent/0.18.2"
170.75.162.130 - - [14/Oct/2015:03:51:34 -0700] "GET /lib/reccapi.php?resort=snowbird HTTP/1.1" 200 963 "-" "node-superagent/0.18.2"
170.75.162.130 - - [14/Oct/2015:03:52:04 -0700] "GET /lib/reccapi.php?resort=brighton HTTP/1.1" 200 948 "-" "node-superagent/0.18.2"
170.75.162.130 - - [14/Oct/2015:03:52:14 -0700] "GET /lib/reccapi.php?resort=snowbasin HTTP/1.1" 200 960 "-" "node-superagent/0.18.2"
170.75.162.130 - - [14/Oct/2015:03:53:04 -0700] "GET /lib/reccapi.php?resort=jacksonhole HTTP/1.1" 200 971 "-" "node-superagent/0.18.2"
170.75.162.130 - - [14/Oct/2015:03:53:44 -0700] "GET /lib/reccapi.php?resort=mountainhigh HTTP/1.1" 200 1046 "-" "node-superagent/0.18.2"
180.76.15.148 - - [14/Oct/2015:04:02:58 -0700] "GET / HTTP/1.1" 200 6114 "-" "Mozilla/5.0 (compatible; Baiduspider/2.0; +http://www.baidu.com/search/spider.html)"
180.76.15.159 - - [14/Oct/2015:04:04:37 -0700] "GET / HTTP/1.1" 200 6114 "-" "Mozilla/5.0 (compatible; Baiduspider/2.0; +http://www.baidu.com/search/spider.html)"
157.55.39.46 - - [14/Oct/2015:04:13:27 -0700] "GET /robots.txt HTTP/1.1" 200 375 "-" "Mozilla/5.0 (compatible; bingbot/2.0; +http://www.bing.com/bingbot.htm)"
157.55.39.54 - - [14/Oct/2015:04:13:39 -0700] "GET / HTTP/1.1" 200 2376 "-" "Mozilla/5.0 (compatible; bingbot/2.0; +http://www.bing.com/bingbot.htm)"
170.75.162.130 - - [14/Oct/2015:04:18:47 -0700] "GET /lib/reccapi.php?resort=heavenly HTTP/1.1" 200 971 "-" "node-superagent/0.18.2"
170.75.162.130 - - [14/Oct/2015:04:18:47 -0700] "GET /lib/reccapi.php?resort=diamondpeak HTTP/1.1" 200 937 "-" "node-superagent/0.18.2"
170.75.162.130 - - [14/Oct/2015:04:18:47 -0700] "GET /lib/reccapi.php?resort=mtrose HTTP/1.1" 200 939 "-" "node-superagent/0.18.2"
208.115.113.83 - - [14/Oct/2015:04:21:20 -0700] "GET /robots.txt HTTP/1.1" 200 319 "-" "Mozilla/5.0 (compatible; DotBot/1.1; http://www.opensiteexplorer.org/dotbot, help@moz.com)"
208.115.111.66 - - [14/Oct/2015:04:25:13 -0700] "GET /robots.txt HTTP/1.1" 200 319 "-" "Mozilla/5.0 (compatible; DotBot/1.1; http://www.opensiteexplorer.org/dotbot, help@moz.com)"
180.153.206.16 - - [14/Oct/2015:04:32:00 -0700] "GET / HTTP/1.1" 200 6114 "-" "Mozilla/5.0 (Linux; U; Android 4.4.2; zh-cn; GT-I9500 Build/KOT49H) AppleWebKit/537.36 (KHTML, like Gecko)Version/4.0 MQQBrowser/5.0 QQ-Manager Mobile Safari/537.36"
170.75.162.130 - - [14/Oct/2015:04:51:41 -0700] "GET /lib/reccapi.php?resort=parkcity HTTP/1.1" 200 993 "-" "node-superagent/0.18.2"
170.75.162.130 - - [14/Oct/2015:04:51:41 -0700] "GET /lib/reccapi.php?resort=mammothmountain HTTP/1.1" 200 1021 "-" "node-superagent/0.18.2"
66.249.79.21 - - [14/Oct/2015:04:53:22 -0700] "GET /robots.txt HTTP/1.1" 200 419 "-" "Mozilla/5.0 (compatible; Googlebot/2.1; +http://www.google.com/bot.html)"
66.249.79.18 - - [14/Oct/2015:04:53:22 -0700] "GET / HTTP/1.1" 200 2376 "-" "Mozilla/5.0 (iPhone; CPU iPhone OS 8_3 like Mac OS X) AppleWebKit/600.1.4 (KHTML, like Gecko) Version/8.0 Mobile/12F70 Safari/600.1.4 (compatible; Googlebot/2.1; +http://www.google.com/bot.html)"
170.75.162.130 - - [14/Oct/2015:04:57:22 -0700] "GET /lib/reccapi.php?resort=whitefacemountain HTTP/1.1" 200 1038 "-" "node-superagent/0.18.2"
208.115.113.83 - - [14/Oct/2015:05:01:28 -0700] "GET /resorts?resort=stowe&date=2014-06-30 HTTP/1.1" 404 476 "-" "Mozilla/5.0 (compatible; DotBot/1.1; http://www.opensiteexplorer.org/dotbot, help@moz.com)"
180.76.15.27 - - [14/Oct/2015:05:02:11 -0700] "GET / HTTP/1.1" 200 6114 "-" "Mozilla/5.0 (compatible; Baiduspider/2.0; +http://www.baidu.com/search/spider.html)"
185.49.14.190 - - [14/Oct/2015:05:02:44 -0700] "GET http://testp4.pospr.waw.pl/testproxy.php HTTP/1.1" 404 448 "-" "Mozilla/5.0 (Windows NT 5.1; rv:32.0) Gecko/20100101 Firefox/31.0"
180.76.15.31 - - [14/Oct/2015:05:03:43 -0700] "GET / HTTP/1.1" 200 6114 "-" "Mozilla/5.0 (compatible; Baiduspider/2.0; +http://www.baidu.com/search/spider.html)"
208.115.113.83 - - [14/Oct/2015:05:05:42 -0700] "GET /resorts?resort=madriverglen&date=2014-10-03 HTTP/1.1" 404 476 "-" "Mozilla/5.0 (compatible; DotBot/1.1; http://www.opensiteexplorer.org/dotbot, help@moz.com)"
208.115.113.83 - - [14/Oct/2015:05:06:31 -0700] "GET /resorts?resort=sunlight&date=2014-06-29 HTTP/1.1" 404 476 "-" "Mozilla/5.0 (compatible; DotBot/1.1; http://www.opensiteexplorer.org/dotbot, help@moz.com)"
208.115.113.83 - - [14/Oct/2015:05:06:41 -0700] "GET /resorts?resort=sugarbowl&date=2014-06-11 HTTP/1.1" 404 476 "-" "Mozilla/5.0 (compatible; DotBot/1.1; http://www.opensiteexplorer.org/dotbot, help@moz.com)"
208.115.113.83 - - [14/Oct/2015:05:06:54 -0700] "GET /resorts?resort=sierra-at-tahoe&date=2014-11-21 HTTP/1.1" 404 476 "-" "Mozilla/5.0 (compatible; DotBot/1.1; http://www.opensiteexplorer.org/dotbot, help@moz.com)"
208.115.113.83 - - [14/Oct/2015:05:07:13 -0700] "GET /resorts?resort=northstar-at-tahoe&date=2014-11-03 HTTP/1.1" 404 476 "-" "Mozilla/5.0 (compatible; DotBot/1.1; http://www.opensiteexplorer.org/dotbot, help@moz.com)"
170.75.162.130 - - [14/Oct/2015:05:17:55 -0700] "GET /lib/reccapi.php?resort=bigsky HTTP/1.1" 200 967 "-" "node-superagent/0.18.2"
76.20.21.107 - - [14/Oct/2015:05:17:59 -0700] "GET /images/wsis-logo-sm.png HTTP/1.1" 200 6108 "http://www.thebackcountry.net/" "Mozilla/5.0 (iPad; CPU OS 9_0_2 like Mac OS X) AppleWebKit/601.1.46 (KHTML, like Gecko) Version/9.0 Mobile/13A452 Safari/601.1"
170.75.162.130 - - [14/Oct/2015:05:23:25 -0700] "GET /lib/reccapi.php?resort=snowmass HTTP/1.1" 200 959 "-" "node-superagent/0.18.2"
208.115.111.66 - - [14/Oct/2015:05:26:30 -0700] "GET /resorts?resort=mtrose&date=2014-11-07 HTTP/1.1" 404 476 "-" "Mozilla/5.0 (compatible; DotBot/1.1; http://www.opensiteexplorer.org/dotbot, help@moz.com)"
208.115.111.66 - - [14/Oct/2015:05:26:52 -0700] "GET /resorts?resort=squawvalleyusa&date=2014-10-27 HTTP/1.1" 404 476 "-" "Mozilla/5.0 (compatible; DotBot/1.1; http://www.opensiteexplorer.org/dotbot, help@moz.com)"
208.115.111.66 - - [14/Oct/2015:05:27:50 -0700] "GET /resorts?resort=heavenly&date=2014-09-27 HTTP/1.1" 404 476 "-" "Mozilla/5.0 (compatible; DotBot/1.1; http://www.opensiteexplorer.org/dotbot, help@moz.com)"
208.115.111.66 - - [14/Oct/2015:05:28:01 -0700] "GET /resorts?resort=solitude&date=2014-11-07 HTTP/1.1" 404 476 "-" "Mozilla/5.0 (compatible; DotBot/1.1; http://www.opensiteexplorer.org/dotbot, help@moz.com)"
208.115.111.66 - - [14/Oct/2015:05:28:21 -0700] "GET /resorts?resort=crestedbutte&date=2014-11-03 HTTP/1.1" 404 476 "-" "Mozilla/5.0 (compatible; DotBot/1.1; http://www.opensiteexplorer.org/dotbot, help@moz.com)"
208.115.111.66 - - [14/Oct/2015:05:28:26 -0700] "GET /resorts?resort=mammothmountain&date=2014-07-03 HTTP/1.1" 404 476 "-" "Mozilla/5.0 (compatible; DotBot/1.1; http://www.opensiteexplorer.org/dotbot, help@moz.com)"
180.76.15.13 - - [14/Oct/2015:05:36:00 -0700] "GET / HTTP/1.1" 200 6114 "-" "Mozilla/5.0 (compatible; Baiduspider/2.0; +http://www.baidu.com/search/spider.html)"
