24.143.115.216 - - [06/Dec/2015:21:23:15 -0800] "GET /lib/reccapi.php?fields=t&coords=47.59273432030997,-122.30556548098834 HTTP/1.1" 200 2054 "http://10.0.1.24:9000/" "Mozilla/5.0 (iPhone; CPU iPhone OS 9_1 like Mac OS X) AppleWebKit/601.1.46 (KHTML, like Gecko) Version/9.0 Mobile/13B143 Safari/601.1"
170.75.162.130 - - [06/Dec/2015:21:35:16 -0800] "GET /lib/reccapi.php?resort=devilshead HTTP/1.1" 200 981 "-" "node-superagent/1.4.0"
174.62.76.108 - - [06/Dec/2015:21:40:04 -0800] "GET /images/wsis-logo-sm.png HTTP/1.1" 200 6108 "http://www.thebackcountry.net/" "Mozilla/5.0 (Macintosh; Intel Mac OS X 10_10_5) AppleWebKit/537.36 (KHTML, like Gecko) Chrome/47.0.2526.73 Safari/537.36"
123.125.71.38 - - [06/Dec/2015:21:41:13 -0800] "GET / HTTP/1.1" 200 2339 "-" "Mozilla/5.0 (Windows NT 5.1; rv:6.0.2) Gecko/20100101 Firefox/6.0.2"
123.125.71.21 - - [06/Dec/2015:21:41:14 -0800] "GET / HTTP/1.1" 200 6114 "-" "Mozilla/5.0 (Windows NT 5.1; rv:6.0.2) Gecko/20100101 Firefox/6.0.2"
62.4.22.54 - - [06/Dec/2015:21:47:52 -0800] "GET / HTTP/1.1" 200 2376 "-" "Stratagems Kumo"
62.4.22.54 - - [06/Dec/2015:21:47:52 -0800] "GET /robots.txt HTTP/1.1" 200 419 "-" "Stratagems Kumo"
220.181.108.92 - - [06/Dec/2015:21:56:20 -0800] "-" 408 0 "-" "-"
123.125.71.70 - - [06/Dec/2015:22:06:48 -0800] "GET / HTTP/1.1" 200 2339 "-" "Mozilla/5.0 (compatible; Baiduspider/2.0; +http://www.baidu.com/search/spider.html)"
170.75.162.130 - - [06/Dec/2015:22:11:50 -0800] "GET /lib/reccapi.php?resort=squawvalleyusa HTTP/1.1" 200 1081 "-" "node-superagent/1.4.0"
104.53.89.104 - - [06/Dec/2015:22:15:47 -0800] "GET /images/wsis-logo-sm.png HTTP/1.1" 200 6108 "http://www.thebackcountry.net/" "Mozilla/5.0 (Linux; Android 5.0.2; SAMSUNG-SM-G850A Build/LRX22G) AppleWebKit/537.36 (KHTML, like Gecko) Chrome/46.0.2490.76 Mobile Safari/537.36"
62.210.88.201 - - [06/Dec/2015:22:26:30 -0800] "GET http://51.254.206.142/httptest.php HTTP/1.1" 404 448 "-" "-"
123.125.71.112 - - [06/Dec/2015:22:39:18 -0800] "GET / HTTP/1.1" 200 2339 "-" "Mozilla/5.0 (Windows NT 5.1; rv:6.0.2) Gecko/20100101 Firefox/6.0.2"
123.125.71.76 - - [06/Dec/2015:22:39:19 -0800] "GET / HTTP/1.1" 200 6114 "-" "Mozilla/5.0 (Windows NT 5.1; rv:6.0.2) Gecko/20100101 Firefox/6.0.2"
50.131.40.66 - - [06/Dec/2015:22:39:56 -0800] "GET /images/wsis-logo-sm.png HTTP/1.1" 200 6108 "http://www.thebackcountry.net/" "Mozilla/5.0 (X11; CrOS armv7l 7520.55.0) AppleWebKit/537.36 (KHTML, like Gecko) Chrome/47.0.2526.74 Safari/537.36"
198.204.211.157 - - [06/Dec/2015:22:41:12 -0800] "GET /images/wsis-logo-sm.png HTTP/1.1" 200 6108 "http://www.thebackcountry.net/" "Mozilla/5.0 (iPad; CPU OS 9_1 like Mac OS X) AppleWebKit/601.1.46 (KHTML, like Gecko) Version/9.0 Mobile/13B143 Safari/601.1"
170.75.162.130 - - [06/Dec/2015:22:43:54 -0800] "GET /lib/reccapi.php?resort=solitude HTTP/1.1" 200 955 "-" "node-superagent/1.4.0"
170.75.162.130 - - [06/Dec/2015:22:45:14 -0800] "GET /lib/reccapi.php?resort=bigsky HTTP/1.1" 200 985 "-" "node-superagent/1.4.0"
220.181.108.112 - - [06/Dec/2015:22:56:18 -0800] "-" 408 0 "-" "-"
170.75.162.130 - - [06/Dec/2015:22:56:26 -0800] "GET /lib/reccapi.php?resort=stevenspass HTTP/1.1" 200 1037 "-" "node-superagent/1.4.0"
62.210.88.201 - - [06/Dec/2015:23:06:08 -0800] "GET http://51.254.206.142/httptest.php HTTP/1.1" 404 448 "-" "-"
170.75.162.130 - - [06/Dec/2015:23:10:28 -0800] "GET /lib/reccapi.php?resort=winterpark HTTP/1.1" 200 1004 "-" "node-superagent/1.4.0"
170.75.162.130 - - [06/Dec/2015:23:11:28 -0800] "GET /lib/reccapi.php?resort=deervalley HTTP/1.1" 200 982 "-" "node-superagent/1.4.0"
62.212.73.49 - - [06/Dec/2015:23:11:49 -0800] "GET / HTTP/1.1" 200 2376 "http://whereshouldiski.com/" "Mozilla/5.0 (Windows NT 6.1; WOW64) AppleWebKit/537.36 (KHTML, like Gecko) Chrome/44.0.2403.125 Safari/537.36"
170.75.162.130 - - [06/Dec/2015:23:12:38 -0800] "GET /lib/reccapi.php?resort=jaypeak HTTP/1.1" 200 991 "-" "node-superagent/1.4.0"
170.75.162.130 - - [06/Dec/2015:23:13:58 -0800] "GET /lib/reccapi.php?resort=angelfire HTTP/1.1" 200 997 "-" "node-superagent/1.4.0"
170.75.162.130 - - [06/Dec/2015:23:23:09 -0800] "GET /lib/reccapi.php?resort=mammothmountain HTTP/1.1" 200 1003 "-" "node-superagent/1.4.0"
180.76.15.20 - - [06/Dec/2015:23:23:22 -0800] "GET / HTTP/1.1" 200 6114 "-" "Mozilla/5.0 (compatible; Baiduspider/2.0; +http://www.baidu.com/search/spider.html)"
180.76.15.140 - - [06/Dec/2015:23:24:19 -0800] "GET / HTTP/1.1" 200 6114 "-" "Mozilla/5.0 (compatible; Baiduspider/2.0; +http://www.baidu.com/search/spider.html)"
71.93.79.78 - - [06/Dec/2015:23:33:30 -0800] "GET /images/wsis-logo-sm.png HTTP/1.1" 200 6108 "http://www.thebackcountry.net/" "Mozilla/5.0 (Macintosh; Intel Mac OS X 10.9; rv:42.0) Gecko/20100101 Firefox/42.0"
123.125.71.74 - - [06/Dec/2015:23:40:47 -0800] "GET / HTTP/1.1" 200 2339 "-" "Mozilla/5.0 (Windows NT 5.1; rv:6.0.2) Gecko/20100101 Firefox/6.0.2"
123.125.71.92 - - [06/Dec/2015:23:40:48 -0800] "GET / HTTP/1.1" 200 6114 "-" "Mozilla/5.0 (Windows NT 5.1; rv:6.0.2) Gecko/20100101 Firefox/6.0.2"
98.255.19.120 - - [06/Dec/2015:23:47:47 -0800] "GET /images/wsis-logo-sm.png HTTP/1.1" 200 6108 "http://www.thebackcountry.net/" "Mozilla/5.0 (Macintosh; Intel Mac OS X 10_11_1) AppleWebKit/537.36 (KHTML, like Gecko) Chrome/46.0.2490.86 Safari/537.36"
64.113.107.171 - - [06/Dec/2015:23:52:27 -0800] "GET /images/wsis-logo-sm.png HTTP/1.1" 200 6108 "http://www.thebackcountry.net/" "Mozilla/5.0 (iPad; CPU OS 8_1_2 like Mac OS X) AppleWebKit/600.1.4 (KHTML, like Gecko) Version/8.0 Mobile/12B440 Safari/600.1.4"
220.181.108.96 - - [06/Dec/2015:23:57:43 -0800] "-" 408 0 "-" "-"
62.210.250.66 - - [07/Dec/2015:00:02:35 -0800] "HEAD /wp-includes/images/rss.png HTTP/1.1" 404 219 "http://whereshouldiski.com/" "Mozilla/5.0 (Windows NT 10.0; WOW64) AppleWebKit/537.36 (KHTML, like Gecko) Chrome/46.0.2490.86 Safari/537.36"
180.76.15.150 - - [07/Dec/2015:00:07:59 -0800] "GET / HTTP/1.1" 200 6114 "-" "Mozilla/5.0 (compatible; Baiduspider/2.0; +http://www.baidu.com/search/spider.html)"
180.76.15.33 - - [07/Dec/2015:00:08:22 -0800] "GET / HTTP/1.1" 200 6114 "-" "Mozilla/5.0 (compatible; Baiduspider/2.0; +http://www.baidu.com/search/spider.html)"
195.154.226.90 - - [07/Dec/2015:00:34:44 -0800] "HEAD /wp-content/ HTTP/" 404 182 "-" "Mozilla/4.0 (compatible; MSIE 6.0; Windows NT 5.1; SV1; .NET CLR 2.0.50727)"
170.75.162.130 - - [07/Dec/2015:00:35:29 -0800] "GET /lib/reccapi.php?resort=sunvalley HTTP/1.1" 200 1049 "-" "node-superagent/1.4.0"
123.125.71.88 - - [07/Dec/2015:00:40:36 -0800] "GET / HTTP/1.1" 200 2339 "-" "Mozilla/5.0 (Windows NT 5.1; rv:6.0.2) Gecko/20100101 Firefox/6.0.2"
123.125.71.112 - - [07/Dec/2015:00:40:41 -0800] "GET / HTTP/1.1" 200 6114 "-" "Mozilla/5.0 (Windows NT 5.1; rv:6.0.2) Gecko/20100101 Firefox/6.0.2"
69.50.61.48 - - [07/Dec/2015:00:53:22 -0800] "GET /images/wsis-logo-sm.png HTTP/1.1" 200 6108 "http://www.thebackcountry.net/" "Mozilla/5.0 (Windows NT 5.2; WOW64; rv:42.0) Gecko/20100101 Firefox/42.0"
170.75.162.130 - - [07/Dec/2015:00:55:11 -0800] "GET /lib/reccapi.php?resort=homewoodmountain HTTP/1.1" 200 998 "-" "node-superagent/1.4.0"
220.181.108.95 - - [07/Dec/2015:00:59:11 -0800] "-" 408 0 "-" "-"
170.75.162.130 - - [07/Dec/2015:00:59:42 -0800] "GET /lib/reccapi.php?resort=crestedbutte HTTP/1.1" 200 974 "-" "node-superagent/1.4.0"
180.76.15.18 - - [07/Dec/2015:01:16:34 -0800] "GET / HTTP/1.1" 200 6114 "-" "Mozilla/5.0 (compatible; Baiduspider/2.0; +http://www.baidu.com/search/spider.html)"
180.76.15.142 - - [07/Dec/2015:01:17:40 -0800] "GET / HTTP/1.1" 200 6114 "-" "Mozilla/5.0 (compatible; Baiduspider/2.0; +http://www.baidu.com/search/spider.html)"
170.75.162.130 - - [07/Dec/2015:01:34:56 -0800] "GET /lib/reccapi.php?resort=mtrose HTTP/1.1" 200 957 "-" "node-superagent/1.4.0"
170.75.162.130 - - [07/Dec/2015:01:35:06 -0800] "GET /lib/reccapi.php?resort=hoodoo HTTP/1.1" 200 1048 "-" "node-superagent/1.4.0"
170.75.162.130 - - [07/Dec/2015:01:35:06 -0800] "GET /lib/reccapi.php?resort=mounthoodmeadows HTTP/1.1" 200 1118 "-" "node-superagent/1.4.0"
170.75.162.130 - - [07/Dec/2015:01:35:46 -0800] "GET /lib/reccapi.php?resort=redlodge HTTP/1.1" 200 1025 "-" "node-superagent/1.4.0"
170.75.162.130 - - [07/Dec/2015:01:36:16 -0800] "GET /lib/reccapi.php?resort=coppermountain HTTP/1.1" 200 987 "-" "node-superagent/1.4.0"
170.75.162.130 - - [07/Dec/2015:01:38:27 -0800] "GET /lib/reccapi.php?resort=mountspokane HTTP/1.1" 200 1115 "-" "node-superagent/1.4.0"
66.249.65.66 - - [07/Dec/2015:01:40:46 -0800] "GET / HTTP/1.1" 200 2376 "-" "Mozilla/5.0 (compatible; Googlebot/2.1; +http://www.google.com/bot.html)"
180.76.15.147 - - [07/Dec/2015:01:44:57 -0800] "GET / HTTP/1.1" 200 6114 "-" "Mozilla/5.0 (compatible; Baiduspider/2.0; +http://www.baidu.com/search/spider.html)"
170.75.162.130 - - [07/Dec/2015:01:45:18 -0800] "GET /lib/reccapi.php?resort=redmountain HTTP/1.1" 200 917 "-" "node-superagent/1.4.0"
180.76.15.19 - - [07/Dec/2015:01:45:44 -0800] "GET / HTTP/1.1" 200 6114 "-" "Mozilla/5.0 (compatible; Baiduspider/2.0; +http://www.baidu.com/search/spider.html)"
188.116.183.23 - - [07/Dec/2015:01:48:28 -0800] "GET /index.php HTTP/1.1" 404 532 "-" "Mozilla/5.0 (Windows NT 5.1; rv:22.0) Gecko/20100101 Firefox/22.0 Paros/3.2.13"
220.181.108.160 - - [07/Dec/2015:01:52:43 -0800] "GET / HTTP/1.1" 200 2339 "-" "Mozilla/5.0 (Windows NT 5.1; rv:6.0.2) Gecko/20100101 Firefox/6.0.2"
220.181.108.176 - - [07/Dec/2015:01:52:45 -0800] "GET / HTTP/1.1" 200 6114 "-" "Mozilla/5.0 (Windows NT 5.1; rv:6.0.2) Gecko/20100101 Firefox/6.0.2"
170.75.162.130 - - [07/Dec/2015:01:56:19 -0800] "GET /lib/reccapi.php?resort=heavenly HTTP/1.1" 200 991 "-" "node-superagent/1.4.0"
170.75.162.130 - - [07/Dec/2015:01:56:29 -0800] "GET /lib/reccapi.php?resort=diamondpeak HTTP/1.1" 200 941 "-" "node-superagent/1.4.0"
170.75.162.130 - - [07/Dec/2015:01:56:39 -0800] "GET /lib/reccapi.php?resort=kirkwood HTTP/1.1" 200 986 "-" "node-superagent/1.4.0"
170.75.162.130 - - [07/Dec/2015:01:56:39 -0800] "GET /lib/reccapi.php?resort=sierra-at-tahoe HTTP/1.1" 200 967 "-" "node-superagent/1.4.0"
170.75.162.130 - - [07/Dec/2015:01:56:39 -0800] "GET /lib/reccapi.php?resort=northstar-at-tahoe HTTP/1.1" 200 965 "-" "node-superagent/1.4.0"
170.75.162.130 - - [07/Dec/2015:01:56:49 -0800] "GET /lib/reccapi.php?resort=sugarbowl HTTP/1.1" 200 964 "-" "node-superagent/1.4.0"
170.75.162.130 - - [07/Dec/2015:02:00:10 -0800] "GET /lib/reccapi.php?resort=sugarloaf HTTP/1.1" 200 978 "-" "node-superagent/1.4.0"
170.75.162.130 - - [07/Dec/2015:02:00:10 -0800] "GET /lib/reccapi.php?resort=sundayriver HTTP/1.1" 200 997 "-" "node-superagent/1.4.0"
50.141.29.56 - - [07/Dec/2015:02:00:34 -0800] "GET /images/wsis-logo-sm.png HTTP/1.1" 200 6108 "http://www.thebackcountry.net/" "Mozilla/5.0 (Macintosh; Intel Mac OS X 10_10_2) AppleWebKit/537.36 (KHTML, like Gecko) Chrome/46.0.2490.80 Safari/537.36"
170.75.162.130 - - [07/Dec/2015:02:02:40 -0800] "GET /lib/reccapi.php?resort=whitefacemountain HTTP/1.1" 200 967 "-" "node-superagent/1.4.0"
193.109.135.100 - - [07/Dec/2015:02:02:48 -0800] "GET /images/wsis-logo-sm.png HTTP/1.1" 200 6108 "http://www.thebackcountry.net/" "Mozilla/5.0 (Windows NT 6.1; WOW64) AppleWebKit/537.36 (KHTML, like Gecko) Chrome/47.0.2526.73 Safari/537.36"
170.75.162.130 - - [07/Dec/2015:02:03:20 -0800] "GET /lib/reccapi.php?resort=alpinemeadows HTTP/1.1" 200 980 "-" "node-superagent/1.4.0"
170.75.162.130 - - [07/Dec/2015:02:26:33 -0800] "GET /lib/reccapi.php?resort=devilshead HTTP/1.1" 200 987 "-" "node-superagent/1.4.0"
170.75.162.130 - - [07/Dec/2015:02:31:23 -0800] "GET /lib/reccapi.php?resort=bigwhite HTTP/1.1" 200 929 "-" "node-superagent/1.4.0"
170.75.162.130 - - [07/Dec/2015:02:31:23 -0800] "GET /lib/reccapi.php?resort=silverstarmountain HTTP/1.1" 200 939 "-" "node-superagent/1.4.0"
170.75.162.130 - - [07/Dec/2015:02:31:23 -0800] "GET /lib/reccapi.php?resort=sunpeaksresort HTTP/1.1" 200 925 "-" "node-superagent/1.4.0"
170.75.162.130 - - [07/Dec/2015:02:31:23 -0800] "GET /lib/reccapi.php?resort=whistlerblackcomb HTTP/1.1" 200 933 "-" "node-superagent/1.4.0"
45.51.82.26 - - [07/Dec/2015:02:34:04 -0800] "GET /images/wsis-logo-sm.png HTTP/1.1" 200 6108 "http://www.thebackcountry.net/" "Mozilla/5.0 (iPhone; CPU iPhone OS 8_3 like Mac OS X) AppleWebKit/600.1.4 (KHTML, like Gecko) Version/8.0 Mobile/12F70 Safari/600.1.4"
170.75.162.130 - - [07/Dec/2015:02:42:45 -0800] "GET /lib/reccapi.php?resort=49degreesnorth HTTP/1.1" 200 1105 "-" "node-superagent/1.4.0"
170.75.162.130 - - [07/Dec/2015:02:42:45 -0800] "GET /lib/reccapi.php?resort=arapahoebasin HTTP/1.1" 200 995 "-" "node-superagent/1.4.0"
170.75.162.130 - - [07/Dec/2015:02:43:25 -0800] "GET /lib/reccapi.php?resort=killington HTTP/1.1" 200 969 "-" "node-superagent/1.4.0"
170.75.162.130 - - [07/Dec/2015:02:43:25 -0800] "GET /lib/reccapi.php?resort=madriverglen HTTP/1.1" 200 960 "-" "node-superagent/1.4.0"
170.75.162.130 - - [07/Dec/2015:02:43:25 -0800] "GET /lib/reccapi.php?resort=smugglersnotch HTTP/1.1" 200 979 "-" "node-superagent/1.4.0"
170.75.162.130 - - [07/Dec/2015:02:43:25 -0800] "GET /lib/reccapi.php?resort=stowe HTTP/1.1" 200 963 "-" "node-superagent/1.4.0"
170.75.162.130 - - [07/Dec/2015:02:43:25 -0800] "GET /lib/reccapi.php?resort=sugarbush HTTP/1.1" 200 955 "-" "node-superagent/1.4.0"
123.125.71.88 - - [07/Dec/2015:02:44:24 -0800] "-" 408 0 "-" "-"
180.76.15.144 - - [07/Dec/2015:02:46:21 -0800] "GET / HTTP/1.1" 200 6114 "-" "Mozilla/5.0 (compatible; Baiduspider/2.0; +http://www.baidu.com/search/spider.html)"
180.76.15.7 - - [07/Dec/2015:02:47:08 -0800] "GET / HTTP/1.1" 200 6114 "-" "Mozilla/5.0 (compatible; Baiduspider/2.0; +http://www.baidu.com/search/spider.html)"
170.75.162.130 - - [07/Dec/2015:02:48:46 -0800] "GET /lib/reccapi.php?resort=bigsky HTTP/1.1" 200 1044 "-" "node-superagent/1.4.0"
170.75.162.130 - - [07/Dec/2015:02:56:26 -0800] "GET /lib/reccapi.php?resort=snowmass HTTP/1.1" 200 980 "-" "node-superagent/1.4.0"
220.181.108.104 - - [07/Dec/2015:02:56:42 -0800] "-" 408 0 "-" "-"
94.185.83.100 - - [07/Dec/2015:03:04:10 -0800] "GET http://testp2.czar.bielawa.pl/testproxy.php HTTP/1.1" 404 452 "-" "Mozilla/5.0 (Windows NT 5.1; rv:32.0) Gecko/20100101 Firefox/31.0"
170.75.162.130 - - [07/Dec/2015:03:19:00 -0800] "GET /lib/reccapi.php?resort=crystalmountain HTTP/1.1" 200 1039 "-" "node-superagent/1.4.0"
45.35.2.224 - - [07/Dec/2015:03:27:12 -0800] "GET /manager/html HTTP/1.1" 404 470 "-" "Mozilla/5.0 (compatible; MSIE 10.0; Windows NT 6.2; WOW64; Trident/6.0)"
170.75.162.130 - - [07/Dec/2015:03:28:41 -0800] "GET /lib/reccapi.php?resort=keystone HTTP/1.1" 200 985 "-" "node-superagent/1.4.0"
170.75.162.130 - - [07/Dec/2015:03:28:41 -0800] "GET /lib/reccapi.php?resort=parkcity HTTP/1.1" 200 980 "-" "node-superagent/1.4.0"
101.226.66.180 - - [07/Dec/2015:03:33:36 -0800] "GET / HTTP/1.1" 200 6114 "-" "Mozilla/5.0 (Linux; U; Android 4.4.2; zh-cn; GT-I9500 Build/KOT49H) AppleWebKit/537.36 (KHTML, like Gecko)Version/4.0 MQQBrowser/5.0 QQ-URL-Manager Mobile Safari/537.36"
123.125.71.74 - - [07/Dec/2015:03:44:52 -0800] "-" 408 0 "-" "-"
101.226.66.180 - - [07/Dec/2015:03:55:51 -0800] "GET /scripts/scripts/vendor/modernizr.js HTTP/1.1" 200 11398 "http://whereshouldiski.com/scripts/scripts/vendor/modernizr.js" "Mozilla/5.0 (Linux; U; Android 4.4.2; zh-cn; GT-I9500 Build/KOT49H) AppleWebKit/537.36 (KHTML, like Gecko)Version/4.0 MQQBrowser/5.0 QQ-URL-Manager Mobile Safari/537.36"
101.226.66.180 - - [07/Dec/2015:03:56:00 -0800] "GET /bower_components/requirejs/require.js HTTP/1.1" 200 17147 "http://whereshouldiski.com/bower_components/requirejs/require.js" "Mozilla/5.0 (Linux; U; Android 4.4.2; zh-cn; GT-I9500 Build/KOT49H) AppleWebKit/537.36 (KHTML, like Gecko)Version/4.0 MQQBrowser/5.0 QQ-URL-Manager Mobile Safari/537.36"
220.181.108.89 - - [07/Dec/2015:03:57:25 -0800] "-" 408 0 "-" "-"
180.76.15.5 - - [07/Dec/2015:04:06:04 -0800] "GET / HTTP/1.1" 200 6114 "-" "Mozilla/5.0 (compatible; Baiduspider/2.0; +http://www.baidu.com/search/spider.html)"
180.76.15.156 - - [07/Dec/2015:04:07:43 -0800] "GET / HTTP/1.1" 200 6114 "-" "Mozilla/5.0 (compatible; Baiduspider/2.0; +http://www.baidu.com/search/spider.html)"
61.216.2.14 - - [07/Dec/2015:04:09:13 -0800] "-" 408 0 "-" "-"
170.75.162.130 - - [07/Dec/2015:04:12:37 -0800] "GET /lib/reccapi.php?resort=snowbasin HTTP/1.1" 200 957 "-" "node-superagent/1.4.0"
170.75.162.130 - - [07/Dec/2015:04:16:17 -0800] "GET /lib/reccapi.php?resort=cannonmountain HTTP/1.1" 200 958 "-" "node-superagent/1.4.0"
170.75.162.130 - - [07/Dec/2015:04:18:58 -0800] "GET /lib/reccapi.php?resort=aspenheights HTTP/1.1" 200 1010 "-" "node-superagent/1.4.0"
170.75.162.130 - - [07/Dec/2015:04:21:48 -0800] "GET /lib/reccapi.php?resort=brighton HTTP/1.1" 200 962 "-" "node-superagent/1.4.0"
170.75.162.130 - - [07/Dec/2015:04:22:48 -0800] "GET /lib/reccapi.php?resort=schweitzer HTTP/1.1" 200 1044 "-" "node-superagent/1.4.0"
170.75.162.130 - - [07/Dec/2015:04:22:48 -0800] "GET /lib/reccapi.php?resort=loveland HTTP/1.1" 200 981 "-" "node-superagent/1.4.0"
170.75.162.130 - - [07/Dec/2015:04:24:38 -0800] "GET /lib/reccapi.php?resort=aspenmountain HTTP/1.1" 200 996 "-" "node-superagent/1.4.0"
170.75.162.130 - - [07/Dec/2015:04:25:08 -0800] "GET /lib/reccapi.php?resort=chinapeak HTTP/1.1" 200 983 "-" "node-superagent/1.4.0"
170.75.162.130 - - [07/Dec/2015:04:25:08 -0800] "GET /lib/reccapi.php?resort=mountbachelor HTTP/1.1" 200 1103 "-" "node-superagent/1.4.0"
170.75.162.130 - - [07/Dec/2015:04:25:08 -0800] "GET /lib/reccapi.php?resort=mountainhigh HTTP/1.1" 200 997 "-" "node-superagent/1.4.0"
170.75.162.130 - - [07/Dec/2015:04:26:39 -0800] "GET /lib/reccapi.php?resort=grandtarghee HTTP/1.1" 200 1064 "-" "node-superagent/1.4.0"
170.75.162.130 - - [07/Dec/2015:04:26:49 -0800] "GET /lib/reccapi.php?resort=buttermilk HTTP/1.1" 200 985 "-" "node-superagent/1.4.0"
170.75.162.130 - - [07/Dec/2015:04:28:19 -0800] "GET /lib/reccapi.php?resort=jacksonhole HTTP/1.1" 200 1039 "-" "node-superagent/1.4.0"
170.75.162.130 - - [07/Dec/2015:04:32:09 -0800] "GET /lib/reccapi.php?resort=wildcatmountain HTTP/1.1" 200 954 "-" "node-superagent/1.4.0"
170.75.162.130 - - [07/Dec/2015:04:32:39 -0800] "GET /lib/reccapi.php?resort=snowbird HTTP/1.1" 200 959 "-" "node-superagent/1.4.0"
170.75.162.130 - - [07/Dec/2015:04:36:00 -0800] "GET /lib/reccapi.php?resort=steamboat HTTP/1.1" 200 970 "-" "node-superagent/1.4.0"
170.75.162.130 - - [07/Dec/2015:04:36:30 -0800] "GET /lib/reccapi.php?resort=telluride HTTP/1.1" 200 973 "-" "node-superagent/1.4.0"
167.88.12.199 - - [07/Dec/2015:04:37:23 -0800] "GET / HTTP/1.1" 200 6095 "-" "Mozilla/4.0 (compatible; MSIE 8.0; Windows NT 6.1; Trident/4.0; SLCC2; .NET CLR 2.0.50727; .NET CLR 3.5.30729; .NET CLR 3.0.30729; Media Center PC 6.0)"
170.75.162.130 - - [07/Dec/2015:04:38:10 -0800] "GET /lib/reccapi.php?resort=taos HTTP/1.1" 200 935 "-" "node-superagent/1.4.0"
180.76.15.143 - - [07/Dec/2015:04:39:22 -0800] "GET / HTTP/1.1" 200 6114 "-" "Mozilla/5.0 (compatible; Baiduspider/2.0; +http://www.baidu.com/search/spider.html)"
180.76.15.32 - - [07/Dec/2015:04:39:55 -0800] "GET / HTTP/1.1" 200 6114 "-" "Mozilla/5.0 (compatible; Baiduspider/2.0; +http://www.baidu.com/search/spider.html)"
123.125.71.88 - - [07/Dec/2015:04:46:00 -0800] "-" 408 0 "-" "-"
220.181.108.163 - - [07/Dec/2015:04:58:18 -0800] "-" 408 0 "-" "-"
180.76.15.14 - - [07/Dec/2015:05:11:32 -0800] "GET /resorts?resort=magicmountain&date=2014-04-19 HTTP/1.1" 404 472 "-" "Mozilla/5.0 (compatible; Baiduspider/2.0; +http://www.baidu.com/search/spider.html)"
170.75.162.130 - - [07/Dec/2015:05:13:05 -0800] "GET /lib/reccapi.php?resort=squawvalleyusa HTTP/1.1" 200 999 "-" "node-superagent/1.4.0"
123.125.71.89 - - [07/Dec/2015:05:41:55 -0800] "GET / HTTP/1.1" 200 2339 "-" "Mozilla/5.0 (Windows NT 5.1; rv:6.0.2) Gecko/20100101 Firefox/6.0.2"
180.76.15.30 - - [07/Dec/2015:05:53:04 -0800] "GET / HTTP/1.1" 200 6114 "-" "Mozilla/5.0 (compatible; Baiduspider/2.0; +http://www.baidu.com/search/spider.html)"
180.76.15.6 - - [07/Dec/2015:05:54:17 -0800] "GET / HTTP/1.1" 200 6114 "-" "Mozilla/5.0 (compatible; Baiduspider/2.0; +http://www.baidu.com/search/spider.html)"
220.181.108.176 - - [07/Dec/2015:05:54:19 -0800] "GET / HTTP/1.1" 200 2339 "-" "Mozilla/5.0 (Windows NT 5.1; rv:6.0.2) Gecko/20100101 Firefox/6.0.2"
220.181.108.176 - - [07/Dec/2015:05:54:24 -0800] "GET / HTTP/1.1" 200 6114 "-" "Mozilla/5.0 (Windows NT 5.1; rv:6.0.2) Gecko/20100101 Firefox/6.0.2"
170.75.162.130 - - [07/Dec/2015:06:07:21 -0800] "GET /lib/reccapi.php?resort=monarch HTTP/1.1" 200 954 "-" "node-superagent/1.4.0"
68.180.229.34 - - [07/Dec/2015:06:08:52 -0800] "GET /about HTTP/1.1" 404 450 "-" "Mozilla/5.0 (compatible; Yahoo! Slurp; http://help.yahoo.com/help/us/ysearch/slurp)"
92.20.126.211 - - [07/Dec/2015:06:18:22 -0800] "GET /images/wsis-logo-sm.png HTTP/1.1" 200 6108 "http://www.thebackcountry.net/" "Mozilla/5.0 (Windows NT 10.0; WOW64) AppleWebKit/537.36 (KHTML, like Gecko) Chrome/47.0.2526.73 Safari/537.36"
108.233.160.49 - - [07/Dec/2015:06:32:42 -0800] "GET /images/wsis-logo-sm.png HTTP/1.1" 200 6108 "http://www.thebackcountry.net/" "Mozilla/5.0 (Macintosh; Intel Mac OS X 10_11_1) AppleWebKit/537.36 (KHTML, like Gecko) Chrome/47.0.2526.73 Safari/537.36"
207.192.251.44 - - [07/Dec/2015:06:32:43 -0800] "GET /images/wsis-logo-sm.png HTTP/1.1" 200 6108 "http://www.thebackcountry.net/" "Mozilla/5.0 (Macintosh; Intel Mac OS X 10_9_5) AppleWebKit/537.36 (KHTML, like Gecko) Chrome/46.0.2490.80 Safari/537.36"
108.233.160.49 - - [07/Dec/2015:06:32:55 -0800] "GET / HTTP/1.1" 200 2376 "http://www.thebackcountry.net/" "Mozilla/5.0 (Macintosh; Intel Mac OS X 10_11_1) AppleWebKit/537.36 (KHTML, like Gecko) Chrome/47.0.2526.73 Safari/537.36"
108.233.160.49 - - [07/Dec/2015:06:32:55 -0800] "GET /styles/0fffd548.main.css HTTP/1.1" 200 19316 "http://whereshouldiski.com/" "Mozilla/5.0 (Macintosh; Intel Mac OS X 10_11_1) AppleWebKit/537.36 (KHTML, like Gecko) Chrome/47.0.2526.73 Safari/537.36"
108.233.160.49 - - [07/Dec/2015:06:32:55 -0800] "GET /scripts/scripts/vendor/modernizr.js HTTP/1.1" 200 4903 "http://whereshouldiski.com/" "Mozilla/5.0 (Macintosh; Intel Mac OS X 10_11_1) AppleWebKit/537.36 (KHTML, like Gecko) Chrome/47.0.2526.73 Safari/537.36"
108.233.160.49 - - [07/Dec/2015:06:32:55 -0800] "GET /bower_components/requirejs/require.js HTTP/1.1" 200 6702 "http://whereshouldiski.com/" "Mozilla/5.0 (Macintosh; Intel Mac OS X 10_11_1) AppleWebKit/537.36 (KHTML, like Gecko) Chrome/47.0.2526.73 Safari/537.36"
108.233.160.49 - - [07/Dec/2015:06:32:55 -0800] "GET /images/logo-sm.png HTTP/1.1" 200 16738 "http://whereshouldiski.com/" "Mozilla/5.0 (Macintosh; Intel Mac OS X 10_11_1) AppleWebKit/537.36 (KHTML, like Gecko) Chrome/47.0.2526.73 Safari/537.36"
108.233.160.49 - - [07/Dec/2015:06:32:55 -0800] "GET /images/loading.gif HTTP/1.1" 200 13881 "http://whereshouldiski.com/" "Mozilla/5.0 (Macintosh; Intel Mac OS X 10_11_1) AppleWebKit/537.36 (KHTML, like Gecko) Chrome/47.0.2526.73 Safari/537.36"
108.233.160.49 - - [07/Dec/2015:06:32:55 -0800] "GET /scripts/fa48e319.main.js HTTP/1.1" 200 123455 "http://whereshouldiski.com/" "Mozilla/5.0 (Macintosh; Intel Mac OS X 10_11_1) AppleWebKit/537.36 (KHTML, like Gecko) Chrome/47.0.2526.73 Safari/537.36"
108.233.160.49 - - [07/Dec/2015:06:32:56 -0800] "GET /images/greyHeader.png HTTP/1.1" 200 508 "http://whereshouldiski.com/styles/0fffd548.main.css" "Mozilla/5.0 (Macintosh; Intel Mac OS X 10_11_1) AppleWebKit/537.36 (KHTML, like Gecko) Chrome/47.0.2526.73 Safari/537.36"
108.233.160.49 - - [07/Dec/2015:06:32:56 -0800] "GET /images/button.png HTTP/1.1" 200 598 "http://whereshouldiski.com/styles/0fffd548.main.css" "Mozilla/5.0 (Macintosh; Intel Mac OS X 10_11_1) AppleWebKit/537.36 (KHTML, like Gecko) Chrome/47.0.2526.73 Safari/537.36"
108.233.160.49 - - [07/Dec/2015:06:32:56 -0800] "GET /lib/reccapi.php?fields=t HTTP/1.1" 200 1846 "http://whereshouldiski.com/" "Mozilla/5.0 (Macintosh; Intel Mac OS X 10_11_1) AppleWebKit/537.36 (KHTML, like Gecko) Chrome/47.0.2526.73 Safari/537.36"
108.233.160.49 - - [07/Dec/2015:06:32:56 -0800] "GET /images/snowflake5.png HTTP/1.1" 200 2857 "http://whereshouldiski.com/styles/0fffd548.main.css" "Mozilla/5.0 (Macintosh; Intel Mac OS X 10_11_1) AppleWebKit/537.36 (KHTML, like Gecko) Chrome/47.0.2526.73 Safari/537.36"
108.233.160.49 - - [07/Dec/2015:06:32:56 -0800] "GET /images/star5.png HTTP/1.1" 200 1783 "http://whereshouldiski.com/styles/0fffd548.main.css" "Mozilla/5.0 (Macintosh; Intel Mac OS X 10_11_1) AppleWebKit/537.36 (KHTML, like Gecko) Chrome/47.0.2526.73 Safari/537.36"
108.233.160.49 - - [07/Dec/2015:06:32:56 -0800] "GET /images/bluebird5.png HTTP/1.1" 200 2177 "http://whereshouldiski.com/styles/0fffd548.main.css" "Mozilla/5.0 (Macintosh; Intel Mac OS X 10_11_1) AppleWebKit/537.36 (KHTML, like Gecko) Chrome/47.0.2526.73 Safari/537.36"
108.233.160.49 - - [07/Dec/2015:06:32:56 -0800] "GET /images/mtns-icon.png HTTP/1.1" 200 1096 "http://whereshouldiski.com/styles/0fffd548.main.css" "Mozilla/5.0 (Macintosh; Intel Mac OS X 10_11_1) AppleWebKit/537.36 (KHTML, like Gecko) Chrome/47.0.2526.73 Safari/537.36"
108.233.160.49 - - [07/Dec/2015:06:32:56 -0800] "GET /images/shading-icon.png HTTP/1.1" 200 536 "http://whereshouldiski.com/styles/0fffd548.main.css" "Mozilla/5.0 (Macintosh; Intel Mac OS X 10_11_1) AppleWebKit/537.36 (KHTML, like Gecko) Chrome/47.0.2526.73 Safari/537.36"
108.233.160.49 - - [07/Dec/2015:06:32:57 -0800] "GET /favicon.ico HTTP/1.1" 200 1475 "http://whereshouldiski.com/" "Mozilla/5.0 (Macintosh; Intel Mac OS X 10_11_1) AppleWebKit/537.36 (KHTML, like Gecko) Chrome/47.0.2526.73 Safari/537.36"
108.233.160.49 - - [07/Dec/2015:06:33:03 -0800] "GET /lib/reccapi.php?fields=t&coords=39.5213414,-119.88742859999999 HTTP/1.1" 200 2028 "http://whereshouldiski.com/" "Mozilla/5.0 (Macintosh; Intel Mac OS X 10_11_1) AppleWebKit/537.36 (KHTML, like Gecko) Chrome/47.0.2526.73 Safari/537.36"
127.0.0.1 - - [07/Dec/2015:06:33:11 -0800] "OPTIONS * HTTP/1.0" 200 126 "-" "Apache/2.2.22 (Ubuntu) (internal dummy connection)"
108.233.160.49 - - [07/Dec/2015:06:33:19 -0800] "GET /lib/reccapi.php?fields=t&coords=39.5213414,-119.88742859999999&state=CA HTTP/1.1" 200 1654 "http://whereshouldiski.com/" "Mozilla/5.0 (Macintosh; Intel Mac OS X 10_11_1) AppleWebKit/537.36 (KHTML, like Gecko) Chrome/47.0.2526.73 Safari/537.36"
108.233.160.49 - - [07/Dec/2015:06:33:19 -0800] "GET /images/greenHeader.png HTTP/1.1" 200 508 "http://whereshouldiski.com/styles/0fffd548.main.css" "Mozilla/5.0 (Macintosh; Intel Mac OS X 10_11_1) AppleWebKit/537.36 (KHTML, like Gecko) Chrome/47.0.2526.73 Safari/537.36"
108.233.160.49 - - [07/Dec/2015:06:33:47 -0800] "GET /lib/reccapi.php?fields=t&coords=39.5213414,-119.88742859999999 HTTP/1.1" 200 2028 "http://whereshouldiski.com/" "Mozilla/5.0 (Macintosh; Intel Mac OS X 10_11_1) AppleWebKit/537.36 (KHTML, like Gecko) Chrome/47.0.2526.73 Safari/537.36"
127.0.0.1 - - [07/Dec/2015:06:34:00 -0800] "OPTIONS * HTTP/1.0" 200 126 "-" "Apache/2.2.22 (Ubuntu) (internal dummy connection)"
170.75.162.130 - - [07/Dec/2015:06:34:45 -0800] "GET /lib/reccapi.php?resort=homewoodmountain HTTP/1.1" 200 996 "-" "node-superagent/1.4.0"
170.75.162.130 - - [07/Dec/2015:06:37:45 -0800] "GET /lib/reccapi.php?resort=northstar-at-tahoe HTTP/1.1" 200 964 "-" "node-superagent/1.4.0"
62.210.88.201 - - [07/Dec/2015:06:40:30 -0800] "GET http://51.254.206.142/httptest.php HTTP/1.1" 404 448 "-" "-"
170.75.162.130 - - [07/Dec/2015:06:43:26 -0800] "GET /lib/reccapi.php?resort=alpinemeadows HTTP/1.1" 200 993 "-" "node-superagent/1.4.0"
170.75.162.130 - - [07/Dec/2015:06:43:26 -0800] "GET /lib/reccapi.php?resort=heavenly HTTP/1.1" 200 990 "-" "node-superagent/1.4.0"
170.75.162.130 - - [07/Dec/2015:06:43:26 -0800] "GET /lib/reccapi.php?resort=kirkwood HTTP/1.1" 200 1001 "-" "node-superagent/1.4.0"
170.75.162.130 - - [07/Dec/2015:06:43:26 -0800] "GET /lib/reccapi.php?resort=mammothmountain HTTP/1.1" 200 1006 "-" "node-superagent/1.4.0"
170.75.162.130 - - [07/Dec/2015:06:43:26 -0800] "GET /lib/reccapi.php?resort=sierra-at-tahoe HTTP/1.1" 200 981 "-" "node-superagent/1.4.0"
170.75.162.130 - - [07/Dec/2015:06:43:27 -0800] "GET /lib/reccapi.php?resort=sugarbowl HTTP/1.1" 200 965 "-" "node-superagent/1.4.0"
123.125.71.113 - - [07/Dec/2015:06:46:38 -0800] "-" 408 0 "-" "-"
157.55.39.100 - - [07/Dec/2015:06:47:46 -0800] "GET /robots.txt HTTP/1.1" 200 375 "-" "Mozilla/5.0 (compatible; bingbot/2.0; +http://www.bing.com/bingbot.htm)"
157.55.39.100 - - [07/Dec/2015:06:48:11 -0800] "GET / HTTP/1.1" 200 2376 "-" "Mozilla/5.0 (compatible; bingbot/2.0; +http://www.bing.com/bingbot.htm)"
180.76.15.19 - - [07/Dec/2015:06:49:24 -0800] "GET / HTTP/1.1" 200 6114 "-" "Mozilla/5.0 (compatible; Baiduspider/2.0; +http://www.baidu.com/search/spider.html)"
180.76.15.17 - - [07/Dec/2015:06:50:26 -0800] "GET / HTTP/1.1" 200 6114 "-" "Mozilla/5.0 (compatible; Baiduspider/2.0; +http://www.baidu.com/search/spider.html)"
220.181.108.83 - - [07/Dec/2015:06:59:16 -0800] "-" 408 0 "-" "-"
85.176.180.0 - - [07/Dec/2015:07:07:38 -0800] "GET /images/wsis-logo-sm.png HTTP/1.1" 200 6108 "http://www.thebackcountry.net/" "Mozilla/5.0 (iPad; CPU OS 8_4 like Mac OS X) AppleWebKit/600.1.4 (KHTML, like Gecko) Version/8.0 Mobile/12H143 Safari/600.1.4"
68.67.81.219 - - [07/Dec/2015:07:17:21 -0800] "GET /images/wsis-logo-sm.png HTTP/1.1" 200 6108 "http://www.thebackcountry.net/" "Mozilla/5.0 (iPhone; CPU iPhone OS 8_4 like Mac OS X) AppleWebKit/600.1.4 (KHTML, like Gecko) Version/8.0 Mobile/12H143 Safari/600.1.4"
170.75.162.130 - - [07/Dec/2015:07:21:51 -0800] "GET /lib/reccapi.php?resort=bigsky HTTP/1.1" 200 1055 "-" "node-superagent/1.4.0"
170.75.162.130 - - [07/Dec/2015:07:21:51 -0800] "GET /lib/reccapi.php?resort=redlodge HTTP/1.1" 200 1073 "-" "node-superagent/1.4.0"
192.0.100.114 - - [07/Dec/2015:07:29:14 -0800] "GET /images/wsis-logo-sm.png HTTP/1.1" 200 6108 "http://www.thebackcountry.net/" "Mozilla/5.0 (X11; Linux x86_64; rv:10.0.12) Gecko/20100101 Firefox/21.0 WordPress.com mShots"
170.75.162.130 - - [07/Dec/2015:07:31:22 -0800] "GET /lib/reccapi.php?resort=brianhead HTTP/1.1" 200 974 "-" "node-superagent/1.4.0"
108.69.252.137 - - [07/Dec/2015:07:44:10 -0800] "GET /images/wsis-logo-sm.png HTTP/1.1" 200 6108 "http://www.thebackcountry.net/" "Mozilla/5.0 (Macintosh; Intel Mac OS X 10_10_5) AppleWebKit/601.2.7 (KHTML, like Gecko) Version/9.0.1 Safari/601.2.7"
180.76.15.18 - - [07/Dec/2015:07:45:45 -0800] "GET / HTTP/1.1" 200 6114 "-" "Mozilla/5.0 (compatible; Baiduspider/2.0; +http://www.baidu.com/search/spider.html)"
123.125.71.91 - - [07/Dec/2015:07:46:27 -0800] "-" 408 0 "-" "-"
180.76.15.144 - - [07/Dec/2015:07:46:36 -0800] "GET / HTTP/1.1" 200 6114 "-" "Mozilla/5.0 (compatible; Baiduspider/2.0; +http://www.baidu.com/search/spider.html)"
75.42.67.143 - - [07/Dec/2015:07:47:15 -0800] "GET /images/wsis-logo-sm.png HTTP/1.1" 200 6108 "http://www.thebackcountry.net/" "Mozilla/5.0 (Macintosh; Intel Mac OS X 10_10_5) AppleWebKit/601.2.7 (KHTML, like Gecko) Version/9.0.1 Safari/601.2.7"
198.245.49.180 - - [07/Dec/2015:07:57:13 -0800] "GET /robots.txt HTTP/1.0" 200 338 "-" "Mozilla/5.0 (compatible; MJ12bot/v1.4.5; http://www.majestic12.co.uk/bot.php?+)"
198.245.49.180 - - [07/Dec/2015:07:57:19 -0800] "GET /robots.txt HTTP/1.0" 200 338 "-" "Mozilla/5.0 (compatible; MJ12bot/v1.4.5; http://www.majestic12.co.uk/bot.php?+)"
170.75.162.130 - - [07/Dec/2015:07:57:35 -0800] "GET /lib/reccapi.php?resort=diamondpeak HTTP/1.1" 200 941 "-" "node-superagent/1.4.0"
5.18.103.5 - - [07/Dec/2015:07:58:22 -0800] "GET / HTTP/1.1" 200 2339 "-" "Mozilla/5.0 (Windows NT 6.1; WOW64; rv:36.0) Gecko/20100101 Firefox/36.0"
220.181.108.95 - - [07/Dec/2015:07:58:58 -0800] "-" 408 0 "-" "-"
73.223.117.84 - - [07/Dec/2015:08:00:26 -0800] "GET /images/wsis-logo-sm.png HTTP/1.1" 200 6108 "http://thebackcountry.net/" "Mozilla/5.0 (Windows NT 10.0; WOW64) AppleWebKit/537.36 (KHTML, like Gecko) Chrome/47.0.2526.73 Safari/537.36"
170.75.162.130 - - [07/Dec/2015:08:00:56 -0800] "GET /lib/reccapi.php?resort=whitefacemountain HTTP/1.1" 200 981 "-" "node-superagent/1.4.0"
170.75.162.130 - - [07/Dec/2015:08:01:06 -0800] "GET /lib/reccapi.php?resort=bigwhite HTTP/1.1" 200 924 "-" "node-superagent/1.4.0"
71.140.31.214 - - [07/Dec/2015:08:06:59 -0800] "GET /images/wsis-logo-sm.png HTTP/1.1" 200 6108 "http://thebackcountry.net/" "Mozilla/4.0 (compatible; MSIE 8.0; Windows NT 5.1; Trident/4.0; .NET CLR 2.0.50727; .NET CLR 3.0.4506.2152; .NET CLR 3.5.30729; 786908940603; Build/14.08001)"
66.249.79.220 - - [07/Dec/2015:08:10:43 -0800] "GET /resorts?resort=buttermilk HTTP/1.1" 404 506 "-" "Mozilla/5.0 (compatible; Googlebot/2.1; +http://www.google.com/bot.html)"
66.249.79.227 - - [07/Dec/2015:08:11:14 -0800] "GET /resorts?resort=belleayre&date=2014-02-05 HTTP/1.1" 404 506 "-" "Mozilla/5.0 (iPhone; CPU iPhone OS 8_3 like Mac OS X) AppleWebKit/600.1.4 (KHTML, like Gecko) Version/8.0 Mobile/12F70 Safari/600.1.4 (compatible; Googlebot/2.1; +http://www.google.com/bot.html)"
71.202.88.192 - - [07/Dec/2015:08:37:19 -0800] "GET /images/wsis-logo-sm.png HTTP/1.1" 200 6108 "http://www.thebackcountry.net/" "Mozilla/5.0 (Macintosh; Intel Mac OS X 10_6_8) AppleWebKit/534.59.10 (KHTML, like Gecko) Version/5.1.9 Safari/534.59.10"
170.75.162.130 - - [07/Dec/2015:08:41:31 -0800] "GET /lib/reccapi.php?resort=alta HTTP/1.1" 200 949 "-" "node-superagent/1.4.0"
170.75.162.130 - - [07/Dec/2015:08:41:31 -0800] "GET /lib/reccapi.php?resort=killington HTTP/1.1" 200 950 "-" "node-superagent/1.4.0"
170.75.162.130 - - [07/Dec/2015:08:41:31 -0800] "GET /lib/reccapi.php?resort=sugarloaf HTTP/1.1" 200 947 "-" "node-superagent/1.4.0"
123.125.71.72 - - [07/Dec/2015:08:44:41 -0800] "-" 408 0 "-" "-"
71.84.112.139 - - [07/Dec/2015:08:46:11 -0800] "GET /images/wsis-logo-sm.png HTTP/1.1" 200 6108 "http://www.thebackcountry.net/" "Mozilla/5.0 (Macintosh; Intel Mac OS X 10_9_5) AppleWebKit/600.8.9 (KHTML, like Gecko) Version/7.1.8 Safari/537.85.17"
71.83.109.180 - - [07/Dec/2015:08:47:19 -0800] "GET /images/wsis-logo-sm.png HTTP/1.1" 200 6108 "http://thebackcountry.net/" "Mozilla/5.0 (iPad; CPU OS 8_3 like Mac OS X) AppleWebKit/600.1.4 (KHTML, like Gecko) CriOS/41.0.2272.56 Mobile/12F69 Safari/600.1.4"
180.76.15.17 - - [07/Dec/2015:08:48:06 -0800] "GET / HTTP/1.1" 200 6114 "-" "Mozilla/5.0 (compatible; Baiduspider/2.0; +http://www.baidu.com/search/spider.html)"
180.76.15.11 - - [07/Dec/2015:08:49:00 -0800] "GET / HTTP/1.1" 200 6114 "-" "Mozilla/5.0 (compatible; Baiduspider/2.0; +http://www.baidu.com/search/spider.html)"
170.75.162.130 - - [07/Dec/2015:08:51:22 -0800] "GET /lib/reccapi.php?resort=crystalmountain HTTP/1.1" 200 1030 "-" "node-superagent/1.4.0"
75.141.195.110 - - [07/Dec/2015:08:54:46 -0800] "GET /images/wsis-logo-sm.png HTTP/1.1" 200 6108 "http://www.thebackcountry.net/" "Mozilla/5.0 (Windows NT 6.1) AppleWebKit/537.36 (KHTML, like Gecko) Chrome/47.0.2526.73 Safari/537.36"
62.210.88.201 - - [07/Dec/2015:08:55:18 -0800] "GET http://51.254.206.142/httptest.php HTTP/1.1" 404 448 "-" "-"
66.249.84.244 - - [07/Dec/2015:08:55:48 -0800] "GET / HTTP/1.1" 200 2376 "-" "Google favicon"
66.249.84.247 - - [07/Dec/2015:08:55:48 -0800] "GET /favicon.ico HTTP/1.1" 200 1476 "-" "Google favicon"
50.174.40.248 - - [07/Dec/2015:09:00:46 -0800] "GET /images/wsis-logo-sm.png HTTP/1.1" 200 6108 "http://www.thebackcountry.net/" "Mozilla/5.0 (Macintosh; Intel Mac OS X 10_7_5) AppleWebKit/537.36 (KHTML, like Gecko) Chrome/46.0.2490.86 Safari/537.36"
50.174.40.248 - - [07/Dec/2015:09:01:28 -0800] "-" 408 0 "-" "-"
50.174.40.248 - - [07/Dec/2015:09:01:28 -0800] "-" 408 0 "-" "-"
50.174.40.248 - - [07/Dec/2015:09:01:28 -0800] "-" 408 0 "-" "-"
170.75.162.130 - - [07/Dec/2015:09:07:14 -0800] "GET /lib/reccapi.php?resort=49degreesnorth HTTP/1.1" 200 1112 "-" "node-superagent/1.4.0"
206.29.176.51 - - [07/Dec/2015:09:07:58 -0800] "GET / HTTP/1.1" 200 2376 "-" "Mozilla/5.0 (Macintosh; Intel Mac OS X 10_11_1) AppleWebKit/537.36 (KHTML, like Gecko) Chrome/47.0.2526.73 Safari/537.36"
206.29.176.51 - - [07/Dec/2015:09:07:58 -0800] "GET /styles/0fffd548.main.css HTTP/1.1" 200 19316 "http://whereshouldiski.com/" "Mozilla/5.0 (Macintosh; Intel Mac OS X 10_11_1) AppleWebKit/537.36 (KHTML, like Gecko) Chrome/47.0.2526.73 Safari/537.36"
206.29.176.51 - - [07/Dec/2015:09:07:58 -0800] "GET /scripts/scripts/vendor/modernizr.js HTTP/1.1" 200 4903 "http://whereshouldiski.com/" "Mozilla/5.0 (Macintosh; Intel Mac OS X 10_11_1) AppleWebKit/537.36 (KHTML, like Gecko) Chrome/47.0.2526.73 Safari/537.36"
206.29.176.51 - - [07/Dec/2015:09:07:58 -0800] "GET /bower_components/requirejs/require.js HTTP/1.1" 200 6701 "http://whereshouldiski.com/" "Mozilla/5.0 (Macintosh; Intel Mac OS X 10_11_1) AppleWebKit/537.36 (KHTML, like Gecko) Chrome/47.0.2526.73 Safari/537.36"
206.29.176.51 - - [07/Dec/2015:09:07:58 -0800] "GET /images/logo-sm.png HTTP/1.1" 200 16738 "http://whereshouldiski.com/" "Mozilla/5.0 (Macintosh; Intel Mac OS X 10_11_1) AppleWebKit/537.36 (KHTML, like Gecko) Chrome/47.0.2526.73 Safari/537.36"
206.29.176.51 - - [07/Dec/2015:09:07:58 -0800] "GET /images/loading.gif HTTP/1.1" 200 13881 "http://whereshouldiski.com/" "Mozilla/5.0 (Macintosh; Intel Mac OS X 10_11_1) AppleWebKit/537.36 (KHTML, like Gecko) Chrome/47.0.2526.73 Safari/537.36"
206.29.176.51 - - [07/Dec/2015:09:07:58 -0800] "GET /scripts/fa48e319.main.js HTTP/1.1" 200 123455 "http://whereshouldiski.com/" "Mozilla/5.0 (Macintosh; Intel Mac OS X 10_11_1) AppleWebKit/537.36 (KHTML, like Gecko) Chrome/47.0.2526.73 Safari/537.36"
206.29.176.51 - - [07/Dec/2015:09:07:58 -0800] "GET /images/button.png HTTP/1.1" 200 598 "http://whereshouldiski.com/styles/0fffd548.main.css" "Mozilla/5.0 (Macintosh; Intel Mac OS X 10_11_1) AppleWebKit/537.36 (KHTML, like Gecko) Chrome/47.0.2526.73 Safari/537.36"
206.29.176.51 - - [07/Dec/2015:09:07:58 -0800] "GET /images/greyHeader.png HTTP/1.1" 200 508 "http://whereshouldiski.com/styles/0fffd548.main.css" "Mozilla/5.0 (Macintosh; Intel Mac OS X 10_11_1) AppleWebKit/537.36 (KHTML, like Gecko) Chrome/47.0.2526.73 Safari/537.36"
206.29.176.51 - - [07/Dec/2015:09:07:58 -0800] "GET /lib/reccapi.php?fields=t HTTP/1.1" 200 1842 "http://whereshouldiski.com/" "Mozilla/5.0 (Macintosh; Intel Mac OS X 10_11_1) AppleWebKit/537.36 (KHTML, like Gecko) Chrome/47.0.2526.73 Safari/537.36"
206.29.176.51 - - [07/Dec/2015:09:07:59 -0800] "GET /images/snowflake5.png HTTP/1.1" 200 2857 "http://whereshouldiski.com/styles/0fffd548.main.css" "Mozilla/5.0 (Macintosh; Intel Mac OS X 10_11_1) AppleWebKit/537.36 (KHTML, like Gecko) Chrome/47.0.2526.73 Safari/537.36"
206.29.176.51 - - [07/Dec/2015:09:07:59 -0800] "GET /images/star5.png HTTP/1.1" 200 1783 "http://whereshouldiski.com/styles/0fffd548.main.css" "Mozilla/5.0 (Macintosh; Intel Mac OS X 10_11_1) AppleWebKit/537.36 (KHTML, like Gecko) Chrome/47.0.2526.73 Safari/537.36"
206.29.176.51 - - [07/Dec/2015:09:07:59 -0800] "GET /images/bluebird5.png HTTP/1.1" 200 2177 "http://whereshouldiski.com/styles/0fffd548.main.css" "Mozilla/5.0 (Macintosh; Intel Mac OS X 10_11_1) AppleWebKit/537.36 (KHTML, like Gecko) Chrome/47.0.2526.73 Safari/537.36"
206.29.176.51 - - [07/Dec/2015:09:07:59 -0800] "GET /images/mtns-icon.png HTTP/1.1" 200 1097 "http://whereshouldiski.com/styles/0fffd548.main.css" "Mozilla/5.0 (Macintosh; Intel Mac OS X 10_11_1) AppleWebKit/537.36 (KHTML, like Gecko) Chrome/47.0.2526.73 Safari/537.36"
206.29.176.51 - - [07/Dec/2015:09:07:59 -0800] "GET /images/shading-icon.png HTTP/1.1" 200 536 "http://whereshouldiski.com/styles/0fffd548.main.css" "Mozilla/5.0 (Macintosh; Intel Mac OS X 10_11_1) AppleWebKit/537.36 (KHTML, like Gecko) Chrome/47.0.2526.73 Safari/537.36"
206.29.176.51 - - [07/Dec/2015:09:07:59 -0800] "GET /favicon.ico HTTP/1.1" 200 1475 "http://whereshouldiski.com/" "Mozilla/5.0 (Macintosh; Intel Mac OS X 10_11_1) AppleWebKit/537.36 (KHTML, like Gecko) Chrome/47.0.2526.73 Safari/537.36"
206.29.176.51 - - [07/Dec/2015:09:08:10 -0800] "GET /lib/reccapi.php?fields=t&coords=47.5783871,-122.1649591 HTTP/1.1" 200 2032 "http://whereshouldiski.com/" "Mozilla/5.0 (Macintosh; Intel Mac OS X 10_11_1) AppleWebKit/537.36 (KHTML, like Gecko) Chrome/47.0.2526.73 Safari/537.36"
206.29.176.51 - - [07/Dec/2015:09:08:14 -0800] "GET /lib/reccapi.php?fields=t&coords=47.5783871,-122.1649591&distance=100 HTTP/1.1" 200 1607 "http://whereshouldiski.com/" "Mozilla/5.0 (Macintosh; Intel Mac OS X 10_11_1) AppleWebKit/537.36 (KHTML, like Gecko) Chrome/47.0.2526.73 Safari/537.36"
206.29.176.51 - - [07/Dec/2015:09:08:14 -0800] "GET /images/greenHeader.png HTTP/1.1" 200 508 "http://whereshouldiski.com/styles/0fffd548.main.css" "Mozilla/5.0 (Macintosh; Intel Mac OS X 10_11_1) AppleWebKit/537.36 (KHTML, like Gecko) Chrome/47.0.2526.73 Safari/537.36"
206.29.176.51 - - [07/Dec/2015:09:08:39 -0800] "GET /lib/reccapi.php?resort=crystalmountain&date=2015-12-12 HTTP/1.1" 200 1002 "http://whereshouldiski.com/" "Mozilla/5.0 (Macintosh; Intel Mac OS X 10_11_1) AppleWebKit/537.36 (KHTML, like Gecko) Chrome/47.0.2526.73 Safari/537.36"
206.29.176.51 - - [07/Dec/2015:09:08:39 -0800] "GET /lib/reccapi.php?fields=t&date=2015-12-12&coords=46.92%2C-121.49&size=7&sort=distance HTTP/1.1" 200 1401 "http://whereshouldiski.com/" "Mozilla/5.0 (Macintosh; Intel Mac OS X 10_11_1) AppleWebKit/537.36 (KHTML, like Gecko) Chrome/47.0.2526.73 Safari/537.36"
206.29.176.51 - - [07/Dec/2015:09:08:39 -0800] "GET /images/snowflake-med-5.png HTTP/1.1" 200 6157 "http://whereshouldiski.com/styles/0fffd548.main.css" "Mozilla/5.0 (Macintosh; Intel Mac OS X 10_11_1) AppleWebKit/537.36 (KHTML, like Gecko) Chrome/47.0.2526.73 Safari/537.36"
206.29.176.51 - - [07/Dec/2015:09:08:39 -0800] "GET /images/sun-med-5.png HTTP/1.1" 200 7627 "http://whereshouldiski.com/styles/0fffd548.main.css" "Mozilla/5.0 (Macintosh; Intel Mac OS X 10_11_1) AppleWebKit/537.36 (KHTML, like Gecko) Chrome/47.0.2526.73 Safari/537.36"
206.29.176.51 - - [07/Dec/2015:09:08:39 -0800] "GET /images/shading-53px.png HTTP/1.1" 200 547 "http://whereshouldiski.com/styles/0fffd548.main.css" "Mozilla/5.0 (Macintosh; Intel Mac OS X 10_11_1) AppleWebKit/537.36 (KHTML, like Gecko) Chrome/47.0.2526.73 Safari/537.36"
206.29.176.51 - - [07/Dec/2015:09:08:39 -0800] "GET /images/stars-med-5.png HTTP/1.1" 200 4124 "http://whereshouldiski.com/styles/0fffd548.main.css" "Mozilla/5.0 (Macintosh; Intel Mac OS X 10_11_1) AppleWebKit/537.36 (KHTML, like Gecko) Chrome/47.0.2526.73 Safari/537.36"
206.29.176.51 - - [07/Dec/2015:09:08:39 -0800] "GET /images/mtns-30px.png HTTP/1.1" 200 1202 "http://whereshouldiski.com/styles/0fffd548.main.css" "Mozilla/5.0 (Macintosh; Intel Mac OS X 10_11_1) AppleWebKit/537.36 (KHTML, like Gecko) Chrome/47.0.2526.73 Safari/537.36"
206.29.176.51 - - [07/Dec/2015:09:08:39 -0800] "GET /lib/resortDataSearchD3.php?size=7&sortDate=T&resort=crystalmountain&dateStart=2015-12-10 HTTP/1.1" 200 530 "http://whereshouldiski.com/" "Mozilla/5.0 (Macintosh; Intel Mac OS X 10_11_1) AppleWebKit/537.36 (KHTML, like Gecko) Chrome/47.0.2526.73 Safari/537.36"
206.29.176.51 - - [07/Dec/2015:09:08:40 -0800] "GET /images/snowforecast-logo.jpg HTTP/1.1" 200 22988 "http://whereshouldiski.com/" "Mozilla/5.0 (Macintosh; Intel Mac OS X 10_11_1) AppleWebKit/537.36 (KHTML, like Gecko) Chrome/47.0.2526.73 Safari/537.36"
206.29.176.51 - - [07/Dec/2015:09:08:40 -0800] "GET /images/opensnow_logo.png HTTP/1.1" 200 11776 "http://whereshouldiski.com/" "Mozilla/5.0 (Macintosh; Intel Mac OS X 10_11_1) AppleWebKit/537.36 (KHTML, like Gecko) Chrome/47.0.2526.73 Safari/537.36"
127.0.0.1 - - [07/Dec/2015:09:08:47 -0800] "OPTIONS * HTTP/1.0" 200 126 "-" "Apache/2.2.22 (Ubuntu) (internal dummy connection)"
206.29.176.51 - - [07/Dec/2015:09:09:39 -0800] "GET /lib/reccapi.php?fields=t&coords=47.5783871,-122.1649591&distance=100 HTTP/1.1" 200 1608 "http://whereshouldiski.com/" "Mozilla/5.0 (Macintosh; Intel Mac OS X 10_11_1) AppleWebKit/537.36 (KHTML, like Gecko) Chrome/47.0.2526.73 Safari/537.36"
206.29.176.51 - - [07/Dec/2015:09:09:42 -0800] "GET /lib/reccapi.php?resort=stevenspass&date=2015-12-11 HTTP/1.1" 200 1001 "http://whereshouldiski.com/" "Mozilla/5.0 (Macintosh; Intel Mac OS X 10_11_1) AppleWebKit/537.36 (KHTML, like Gecko) Chrome/47.0.2526.73 Safari/537.36"
206.29.176.51 - - [07/Dec/2015:09:09:42 -0800] "GET /lib/resortDataSearchD3.php?size=7&sortDate=T&resort=stevenspass&dateStart=2015-12-09 HTTP/1.1" 200 613 "http://whereshouldiski.com/" "Mozilla/5.0 (Macintosh; Intel Mac OS X 10_11_1) AppleWebKit/537.36 (KHTML, like Gecko) Chrome/47.0.2526.73 Safari/537.36"
206.29.176.51 - - [07/Dec/2015:09:09:42 -0800] "GET /lib/reccapi.php?fields=t&coords=47.5783871,-122.1649591&date=2015-12-11&coords=47.73%2C-121.09&size=7&sort=distance HTTP/1.1" 200 1412 "http://whereshouldiski.com/" "Mozilla/5.0 (Macintosh; Intel Mac OS X 10_11_1) AppleWebKit/537.36 (KHTML, like Gecko) Chrome/47.0.2526.73 Safari/537.36"
206.29.176.51 - - [07/Dec/2015:09:10:00 -0800] "-" 408 0 "-" "-"
206.29.176.51 - - [07/Dec/2015:09:10:00 -0800] "-" 408 0 "-" "-"
206.29.176.51 - - [07/Dec/2015:09:10:00 -0800] "-" 408 0 "-" "-"
206.29.176.51 - - [07/Dec/2015:09:10:00 -0800] "-" 408 0 "-" "-"
127.0.0.1 - - [07/Dec/2015:09:10:03 -0800] "OPTIONS * HTTP/1.0" 200 126 "-" "Apache/2.2.22 (Ubuntu) (internal dummy connection)"
206.29.176.51 - - [07/Dec/2015:09:10:18 -0800] "GET /lib/reccapi.php?resort=missionridge&date=2015-12-11 HTTP/1.1" 200 1030 "http://whereshouldiski.com/" "Mozilla/5.0 (Macintosh; Intel Mac OS X 10_11_1) AppleWebKit/537.36 (KHTML, like Gecko) Chrome/47.0.2526.73 Safari/537.36"
206.29.176.51 - - [07/Dec/2015:09:10:18 -0800] "GET /lib/reccapi.php?fields=t&coords=47.5783871,-122.1649591&date=2015-12-11&coords=47.28%2C-120.39&size=7&sort=distance HTTP/1.1" 200 1416 "http://whereshouldiski.com/" "Mozilla/5.0 (Macintosh; Intel Mac OS X 10_11_1) AppleWebKit/537.36 (KHTML, like Gecko) Chrome/47.0.2526.73 Safari/537.36"
206.29.176.51 - - [07/Dec/2015:09:10:18 -0800] "GET /lib/resortDataSearchD3.php?size=7&sortDate=T&resort=missionridge&dateStart=2015-12-09 HTTP/1.1" 200 617 "http://whereshouldiski.com/" "Mozilla/5.0 (Macintosh; Intel Mac OS X 10_11_1) AppleWebKit/537.36 (KHTML, like Gecko) Chrome/47.0.2526.73 Safari/537.36"
206.29.176.51 - - [07/Dec/2015:09:10:27 -0800] "GET /lib/reccapi.php?resort=mountbaker&date=2015-12-11 HTTP/1.1" 200 1002 "http://whereshouldiski.com/" "Mozilla/5.0 (Macintosh; Intel Mac OS X 10_11_1) AppleWebKit/537.36 (KHTML, like Gecko) Chrome/47.0.2526.73 Safari/537.36"
206.29.176.51 - - [07/Dec/2015:09:10:28 -0800] "GET /lib/reccapi.php?fields=t&coords=47.5783871,-122.1649591&date=2015-12-11&coords=48.86%2C-121.68&size=7&sort=distance HTTP/1.1" 200 1425 "http://whereshouldiski.com/" "Mozilla/5.0 (Macintosh; Intel Mac OS X 10_11_1) AppleWebKit/537.36 (KHTML, like Gecko) Chrome/47.0.2526.73 Safari/537.36"
206.29.176.51 - - [07/Dec/2015:09:10:28 -0800] "GET /lib/resortDataSearchD3.php?size=7&sortDate=T&resort=mountbaker&dateStart=2015-12-09 HTTP/1.1" 200 617 "http://whereshouldiski.com/" "Mozilla/5.0 (Macintosh; Intel Mac OS X 10_11_1) AppleWebKit/537.36 (KHTML, like Gecko) Chrome/47.0.2526.73 Safari/537.36"
206.29.176.51 - - [07/Dec/2015:09:10:42 -0800] "GET /lib/reccapi.php?fields=t&coords=47.5783871,-122.1649591 HTTP/1.1" 200 2032 "http://whereshouldiski.com/" "Mozilla/5.0 (Macintosh; Intel Mac OS X 10_11_1) AppleWebKit/537.36 (KHTML, like Gecko) Chrome/47.0.2526.73 Safari/537.36"
206.29.176.51 - - [07/Dec/2015:09:10:54 -0800] "GET /lib/reccapi.php?fields=t&coords=47.5783871,-122.1649591&region=East HTTP/1.1" 200 1330 "http://whereshouldiski.com/" "Mozilla/5.0 (Macintosh; Intel Mac OS X 10_11_1) AppleWebKit/537.36 (KHTML, like Gecko) Chrome/47.0.2526.73 Safari/537.36"
206.29.176.51 - - [07/Dec/2015:09:11:00 -0800] "GET /lib/reccapi.php?fields=t&coords=47.5783871,-122.1649591 HTTP/1.1" 200 2032 "http://whereshouldiski.com/" "Mozilla/5.0 (Macintosh; Intel Mac OS X 10_11_1) AppleWebKit/537.36 (KHTML, like Gecko) Chrome/47.0.2526.73 Safari/537.36"
206.29.176.51 - - [07/Dec/2015:09:11:21 -0800] "-" 408 0 "-" "-"
206.29.176.51 - - [07/Dec/2015:09:11:22 -0800] "-" 408 0 "-" "-"
206.29.176.51 - - [07/Dec/2015:09:11:22 -0800] "-" 408 0 "-" "-"
206.29.176.51 - - [07/Dec/2015:09:11:22 -0800] "-" 408 0 "-" "-"
206.29.176.51 - - [07/Dec/2015:09:11:22 -0800] "-" 408 0 "-" "-"
206.29.176.51 - - [07/Dec/2015:09:11:22 -0800] "GET /lib/reccapi.php?fields=t&coords=47.5783871,-122.1649591&region=PacificNW HTTP/1.1" 200 1806 "http://whereshouldiski.com/" "Mozilla/5.0 (Macintosh; Intel Mac OS X 10_11_1) AppleWebKit/537.36 (KHTML, like Gecko) Chrome/47.0.2526.73 Safari/537.36"
127.0.0.1 - - [07/Dec/2015:09:11:30 -0800] "OPTIONS * HTTP/1.0" 200 126 "-" "Apache/2.2.22 (Ubuntu) (internal dummy connection)"
169.244.30.223 - - [07/Dec/2015:09:11:44 -0800] "GET /images/wsis-logo-sm.png HTTP/1.1" 200 6108 "http://www.thebackcountry.net/" "Mozilla/5.0 (Macintosh; Intel Mac OS X 10_10_2) AppleWebKit/537.36 (KHTML, like Gecko) Chrome/47.0.2526.73 Safari/537.36"
206.29.176.51 - - [07/Dec/2015:09:12:36 -0800] "GET /scripts/server/resorts.json HTTP/1.1" 200 8662 "http://whereshouldiski.com/" "Mozilla/5.0 (Macintosh; Intel Mac OS X 10_11_1) AppleWebKit/537.36 (KHTML, like Gecko) Chrome/47.0.2526.73 Safari/537.36"
206.29.176.51 - - [07/Dec/2015:09:12:40 -0800] "GET /lib/reccapi.php?resort=huntermountain&date=2015-12-07 HTTP/1.1" 200 976 "http://whereshouldiski.com/" "Mozilla/5.0 (Macintosh; Intel Mac OS X 10_11_1) AppleWebKit/537.36 (KHTML, like Gecko) Chrome/47.0.2526.73 Safari/537.36"
206.29.176.51 - - [07/Dec/2015:09:12:40 -0800] "GET /lib/reccapi.php?fields=t&coords=47.5783871,-122.1649591&date=2015-12-07&coords=42.2003%2C-74.2303&size=7&sort=distance HTTP/1.1" 200 1314 "http://whereshouldiski.com/" "Mozilla/5.0 (Macintosh; Intel Mac OS X 10_11_1) AppleWebKit/537.36 (KHTML, like Gecko) Chrome/47.0.2526.73 Safari/537.36"
