66.249.79.40 - - [24/Jun/2015:16:16:46 -0700] "GET /resorts?resort=bridgerbowl&date=2013-06-14 HTTP/1.1" 404 509 "-" "Mozilla/5.0 (iPhone; CPU iPhone OS 6_0 like Mac OS X) AppleWebKit/536.26 (KHTML, like Gecko) Version/6.0 Mobile/10A5376e Safari/8536.25 (compatible; Googlebot/2.1; +http://www.google.com/bot.html)"
71.6.6.3 - - [24/Jun/2015:16:22:47 -0700] "GET /images/wsis-logo-sm.png HTTP/1.1" 200 6108 "http://www.thebackcountry.net/" "Mozilla/5.0 (Windows NT 6.1; WOW64; rv:38.0) Gecko/20100101 Firefox/38.0"
66.249.79.66 - - [24/Jun/2015:16:28:18 -0700] "GET / HTTP/1.1" 200 2376 "-" "Mozilla/5.0 (compatible; Googlebot/2.1; +http://www.google.com/bot.html)"
66.98.99.155 - - [24/Jun/2015:16:36:14 -0700] "GET /images/wsis-logo-sm.png HTTP/1.1" 200 6052 "http://www.thebackcountry.net/" "Mozilla/5.0 (Windows NT 6.1; WOW64) AppleWebKit/537.36 (KHTML, like Gecko) Chrome/43.0.2357.130 Safari/537.36"
170.75.162.130 - - [24/Jun/2015:16:37:17 -0700] "GET /lib/reccapi.php?resort=alpinemeadows HTTP/1.1" 200 989 "-" "node-superagent/0.18.2"
170.75.162.130 - - [24/Jun/2015:16:37:17 -0700] "GET /lib/reccapi.php?resort=diamondpeak HTTP/1.1" 200 930 "-" "node-superagent/0.18.2"
170.75.162.130 - - [24/Jun/2015:16:37:17 -0700] "GET /lib/reccapi.php?resort=heavenly HTTP/1.1" 200 960 "-" "node-superagent/0.18.2"
170.75.162.130 - - [24/Jun/2015:16:37:18 -0700] "GET /lib/reccapi.php?resort=homewoodmountain HTTP/1.1" 200 968 "-" "node-superagent/0.18.2"
170.75.162.130 - - [24/Jun/2015:16:37:18 -0700] "GET /lib/reccapi.php?resort=kirkwood HTTP/1.1" 200 1012 "-" "node-superagent/0.18.2"
170.75.162.130 - - [24/Jun/2015:16:37:18 -0700] "GET /lib/reccapi.php?resort=mtrose HTTP/1.1" 200 935 "-" "node-superagent/0.18.2"
207.46.13.81 - - [24/Jun/2015:16:37:18 -0700] "GET /about HTTP/1.1" 404 506 "-" "Mozilla/5.0 (compatible; bingbot/2.0; +http://www.bing.com/bingbot.htm)"
170.75.162.130 - - [24/Jun/2015:16:37:18 -0700] "GET /lib/reccapi.php?resort=northstar-at-tahoe HTTP/1.1" 200 953 "-" "node-superagent/0.18.2"
170.75.162.130 - - [24/Jun/2015:16:37:18 -0700] "GET /lib/reccapi.php?resort=sierra-at-tahoe HTTP/1.1" 200 1009 "-" "node-superagent/0.18.2"
170.75.162.130 - - [24/Jun/2015:16:37:18 -0700] "GET /lib/reccapi.php?resort=squawvalleyusa HTTP/1.1" 200 987 "-" "node-superagent/0.18.2"
170.75.162.130 - - [24/Jun/2015:16:37:18 -0700] "GET /lib/reccapi.php?resort=sugarbowl HTTP/1.1" 200 976 "-" "node-superagent/0.18.2"
170.75.162.130 - - [24/Jun/2015:16:39:58 -0700] "GET /lib/reccapi.php?resort=49degreesnorth HTTP/1.1" 200 975 "-" "node-superagent/0.18.2"
180.76.15.5 - - [24/Jun/2015:16:46:39 -0700] "GET / HTTP/1.1" 200 6114 "-" "Mozilla/5.0 (compatible; Baiduspider/2.0; +http://www.baidu.com/search/spider.html)"
170.75.162.130 - - [24/Jun/2015:16:47:18 -0700] "GET /lib/reccapi.php?resort=silverstarmountain HTTP/1.1" 200 928 "-" "node-superagent/0.18.2"
180.76.15.9 - - [24/Jun/2015:16:47:55 -0700] "GET / HTTP/1.1" 200 6114 "-" "Mozilla/5.0 (compatible; Baiduspider/2.0; +http://www.baidu.com/search/spider.html)"
182.118.45.228 - - [24/Jun/2015:16:50:04 -0700] "GET / HTTP/1.1" 200 2320 "-" "Mozilla/5.0 (Macintosh; Intel Mac OS X 10_10_1) AppleWebKit/537.36 (KHTML, like Gecko) Chrome/41.0.2251.0 Safari/537.36"
170.75.162.130 - - [24/Jun/2015:16:52:49 -0700] "GET /lib/reccapi.php?resort=sundayriver HTTP/1.1" 200 949 "-" "node-superagent/0.18.2"
123.125.71.77 - - [24/Jun/2015:17:01:17 -0700] "-" 408 0 "-" "-"
24.114.55.62 - - [24/Jun/2015:17:01:38 -0700] "GET /images/wsis-logo-sm.png HTTP/1.1" 200 6108 "http://www.thebackcountry.net/" "Mozilla/5.0 (Linux; Android 4.4.2; SM-G870W Build/KOT49H) AppleWebKit/537.36 (KHTML, like Gecko) Chrome/35.0.1916.141 Mobile Safari/537.36"
12.139.153.2 - - [24/Jun/2015:17:04:38 -0700] "GET /images/wsis-logo-sm.png HTTP/1.1" 200 6108 "http://www.thebackcountry.net/" "Mozilla/5.0 (iPhone; CPU iPhone OS 8_3 like Mac OS X) AppleWebKit/600.1.4 (KHTML, like Gecko) Version/8.0 Mobile/12F70 Safari/600.1.4"
220.181.108.177 - - [24/Jun/2015:17:06:42 -0700] "-" 408 0 "-" "-"
182.118.55.250 - - [24/Jun/2015:17:08:24 -0700] "GET / HTTP/1.1" 200 2320 "-" "Mozilla/5.0 (Macintosh; Intel Mac OS X 10_10_1) AppleWebKit/537.36 (KHTML, like Gecko) Chrome/41.0.2251.0 Safari/537.36"
166.216.157.94 - - [24/Jun/2015:17:14:33 -0700] "GET /images/wsis-logo-sm.png HTTP/1.1" 200 6108 "http://www.thebackcountry.net/" "Mozilla/5.0 (iPhone; CPU iPhone OS 8_3 like Mac OS X) AppleWebKit/600.1.4 (KHTML, like Gecko) Version/8.0 Mobile/12F70 Safari/600.1.4"
170.75.162.130 - - [24/Jun/2015:17:19:51 -0700] "GET /lib/reccapi.php?resort=bigwhite HTTP/1.1" 200 913 "-" "node-superagent/0.18.2"
180.76.15.153 - - [24/Jun/2015:17:26:14 -0700] "GET / HTTP/1.1" 200 6114 "-" "Mozilla/5.0 (compatible; Baiduspider/2.0; +http://www.baidu.com/search/spider.html)"
180.76.15.140 - - [24/Jun/2015:17:26:40 -0700] "GET / HTTP/1.1" 200 6114 "-" "Mozilla/5.0 (compatible; Baiduspider/2.0; +http://www.baidu.com/search/spider.html)"
73.202.53.22 - - [24/Jun/2015:17:41:39 -0700] "GET /images/wsis-logo-sm.png HTTP/1.1" 200 6108 "http://www.thebackcountry.net/" "Mozilla/5.0 (Macintosh; Intel Mac OS X 10_7_5) AppleWebKit/537.36 (KHTML, like Gecko) Chrome/43.0.2357.130 Safari/537.36"
80.82.65.82 - - [24/Jun/2015:17:42:21 -0700] "GET / HTTP/1.0" 200 6114 "http://whereshouldiski.com" "Mozilla/4.0 (compatible; MSIE 6.0; Windows NT 5.1; SV1; .NET CLR 2.0.50727)"
46.105.126.165 - - [24/Jun/2015:17:49:11 -0700] "GET /?x=() { :; }; echo Content-type:text/plain;echo;echo;echo M`expr 1330 + 7`H;/bin/uname -a;echo @ HTTP/1.0" 200 6114 "() { :; }; echo Content-type:text/plain;echo;echo;echo M`expr 1330 + 7`H;/bin/uname -a;echo @" "() { :; }; echo Content-type:text/plain;echo;echo;echo M`expr 1330 + 7`H;/bin/uname -a;echo @"
170.75.162.130 - - [24/Jun/2015:17:50:45 -0700] "GET /lib/reccapi.php?resort=sugarloaf HTTP/1.1" 200 955 "-" "node-superagent/0.18.2"
123.125.71.42 - - [24/Jun/2015:17:56:03 -0700] "-" 408 0 "-" "-"
170.75.162.130 - - [24/Jun/2015:17:58:05 -0700] "GET /lib/reccapi.php?resort=whistlerblackcomb HTTP/1.1" 200 922 "-" "node-superagent/0.18.2"
220.181.108.122 - - [24/Jun/2015:18:02:09 -0700] "-" 408 0 "-" "-"
66.249.79.14 - - [24/Jun/2015:18:17:38 -0700] "GET /resorts?resort=soldiermountain&date=2014-04-16 HTTP/1.1" 404 506 "-" "Mozilla/5.0 (compatible; Googlebot/2.1; +http://www.google.com/bot.html)"
170.75.162.130 - - [24/Jun/2015:18:22:48 -0700] "GET /lib/reccapi.php?resort=whitefacemountain HTTP/1.1" 200 972 "-" "node-superagent/0.18.2"
180.76.15.147 - - [24/Jun/2015:18:24:46 -0700] "GET /styles/0fffd548.main.css HTTP/1.1" 200 19280 "-" "Mozilla/5.0 (compatible; Baiduspider/2.0; +http://www.baidu.com/search/spider.html)"
76.224.208.97 - - [24/Jun/2015:18:38:22 -0700] "GET /images/wsis-logo-sm.png HTTP/1.1" 200 6108 "http://www.thebackcountry.net/" "Mozilla/5.0 (iPhone; CPU iPhone OS 8_2 like Mac OS X) AppleWebKit/600.1.4 (KHTML, like Gecko) Version/8.0 Mobile/12D508 Safari/600.1.4"
180.76.15.15 - - [24/Jun/2015:18:41:22 -0700] "GET / HTTP/1.1" 200 6114 "-" "Mozilla/5.0 (compatible; Baiduspider/2.0; +http://www.baidu.com/search/spider.html)"
180.76.15.143 - - [24/Jun/2015:18:42:21 -0700] "GET / HTTP/1.1" 200 6114 "-" "Mozilla/5.0 (compatible; Baiduspider/2.0; +http://www.baidu.com/search/spider.html)"
168.105.86.152 - - [24/Jun/2015:18:51:52 -0700] "GET /images/wsis-logo-sm.png HTTP/1.1" 200 6108 "http://www.thebackcountry.net/" "Mozilla/5.0 (Macintosh; Intel Mac OS X 10.8; rv:38.0) Gecko/20100101 Firefox/38.0"
123.125.71.102 - - [24/Jun/2015:19:00:20 -0700] "-" 408 0 "-" "-"
220.181.108.85 - - [24/Jun/2015:19:07:30 -0700] "-" 408 0 "-" "-"
170.75.162.130 - - [24/Jun/2015:19:12:52 -0700] "GET /lib/reccapi.php?resort=crystalmountain HTTP/1.1" 200 1001 "-" "node-superagent/0.18.2"
69.62.238.224 - - [24/Jun/2015:19:16:08 -0700] "GET /images/wsis-logo-sm.png HTTP/1.1" 200 6108 "http://www.thebackcountry.net/" "Mozilla/5.0 (Macintosh; Intel Mac OS X 10_10_3) AppleWebKit/600.6.3 (KHTML, like Gecko) Version/8.0.6 Safari/600.6.3"
65.129.4.76 - - [24/Jun/2015:19:18:11 -0700] "GET /images/wsis-logo-sm.png HTTP/1.1" 200 6108 "http://www.thebackcountry.net/" "Mozilla/5.0 (Windows NT 6.3; WOW64) AppleWebKit/537.36 (KHTML, like Gecko) Chrome/43.0.2357.124 Safari/537.36"
107.77.75.121 - - [24/Jun/2015:19:20:18 -0700] "GET /images/wsis-logo-sm.png HTTP/1.1" 200 6108 "http://www.thebackcountry.net/" "Mozilla/5.0 (iPhone; CPU iPhone OS 8_3 like Mac OS X) AppleWebKit/600.1.4 (KHTML, like Gecko) Version/8.0 Mobile/12F70 Safari/600.1.4"
99.148.181.51 - - [24/Jun/2015:19:32:46 -0700] "GET /images/wsis-logo-sm.png HTTP/1.1" 200 6108 "http://www.thebackcountry.net/" "Mozilla/5.0 (Windows NT 6.1; WOW64; Trident/7.0; rv:11.0) like Gecko"
99.148.181.51 - - [24/Jun/2015:19:33:07 -0700] "-" 408 0 "-" "-"
180.76.15.155 - - [24/Jun/2015:19:37:47 -0700] "GET / HTTP/1.1" 200 6114 "-" "Mozilla/5.0 (compatible; Baiduspider/2.0; +http://www.baidu.com/search/spider.html)"
180.76.15.19 - - [24/Jun/2015:19:38:46 -0700] "GET / HTTP/1.1" 200 6114 "-" "Mozilla/5.0 (compatible; Baiduspider/2.0; +http://www.baidu.com/search/spider.html)"
24.5.161.188 - - [24/Jun/2015:19:42:40 -0700] "GET /images/wsis-logo-sm.png HTTP/1.1" 200 6108 "http://www.thebackcountry.net/" "Mozilla/5.0 (iPad; CPU OS 8_3 like Mac OS X) AppleWebKit/600.1.4 (KHTML, like Gecko) CriOS/43.0.2357.61 Mobile/12F69 Safari/600.1.4"
188.162.36.15 - - [24/Jun/2015:19:46:15 -0700] "GET /images/wsis-logo-sm.png HTTP/1.1" 200 6108 "http://www.thebackcountry.net/" "Mozilla/5.0 (X11; Ubuntu; Linux x86_64; rv:37.0) Gecko/20100101 Firefox/37.0"
107.184.136.92 - - [24/Jun/2015:19:56:04 -0700] "GET /images/wsis-logo-sm.png HTTP/1.1" 200 6108 "http://www.thebackcountry.net/" "Mozilla/5.0 (Macintosh; Intel Mac OS X 10_10_3) AppleWebKit/537.36 (KHTML, like Gecko) Chrome/43.0.2357.130 Safari/537.36"
123.125.71.109 - - [24/Jun/2015:20:00:28 -0700] "-" 408 0 "-" "-"
104.5.2.156 - - [24/Jun/2015:20:00:51 -0700] "GET /images/wsis-logo-sm.png HTTP/1.1" 200 6108 "http://www.thebackcountry.net/" "Mozilla/5.0 (Macintosh; Intel Mac OS X 10_6_8) AppleWebKit/534.59.10 (KHTML, like Gecko) Version/5.1.9 Safari/534.59.10"
220.181.108.170 - - [24/Jun/2015:20:06:42 -0700] "-" 408 0 "-" "-"
170.75.162.130 - - [24/Jun/2015:20:15:38 -0700] "GET /lib/reccapi.php?resort=parkcity HTTP/1.1" 200 1003 "-" "node-superagent/0.18.2"
104.53.217.247 - - [24/Jun/2015:20:22:21 -0700] "GET /images/wsis-logo-sm.png HTTP/1.1" 200 6108 "http://www.thebackcountry.net/" "Mozilla/5.0 (X11; CrOS i686 6946.58.0) AppleWebKit/537.36 (KHTML, like Gecko) Chrome/43.0.2357.125 Safari/537.36"
166.137.242.76 - - [24/Jun/2015:20:23:31 -0700] "GET /images/wsis-logo-sm.png HTTP/1.1" 200 6108 "http://www.thebackcountry.net/" "Mozilla/5.0 (iPhone; CPU iPhone OS 8_1_1 like Mac OS X) AppleWebKit/600.1.4 (KHTML, like Gecko) Mobile/12B436"
180.76.15.13 - - [24/Jun/2015:20:34:50 -0700] "GET / HTTP/1.1" 200 6114 "-" "Mozilla/5.0 (compatible; Baiduspider/2.0; +http://www.baidu.com/search/spider.html)"
180.76.15.25 - - [24/Jun/2015:20:35:37 -0700] "GET / HTTP/1.1" 200 6114 "-" "Mozilla/5.0 (compatible; Baiduspider/2.0; +http://www.baidu.com/search/spider.html)"
170.75.162.130 - - [24/Jun/2015:20:50:32 -0700] "GET /lib/reccapi.php?resort=canyons HTTP/1.1" 200 963 "-" "node-superagent/0.18.2"
123.125.71.12 - - [24/Jun/2015:20:53:38 -0700] "-" 408 0 "-" "-"
118.200.34.150 - - [24/Jun/2015:20:54:06 -0700] "GET /images/viz-screenshot.png HTTP/1.1" 404 517 "http://ericfahsl.com/blog/35-creating-an-animated-javascript-heat-map-with-polymap" "Mozilla/5.0 (Macintosh; Intel Mac OS X 10.10; rv:38.0) Gecko/20100101 Firefox/38.0"
174.240.8.6 - - [24/Jun/2015:20:56:27 -0700] "GET /images/wsis-logo-sm.png HTTP/1.1" 200 6108 "http://www.thebackcountry.net/" "Mozilla/5.0 (iPhone; CPU iPhone OS 8_3 like Mac OS X) AppleWebKit/600.1.4 (KHTML, like Gecko) Mobile/12F70"
170.75.162.130 - - [24/Jun/2015:20:57:53 -0700] "GET /lib/reccapi.php?resort=hoodoo HTTP/1.1" 200 974 "-" "node-superagent/0.18.2"
180.76.15.158 - - [24/Jun/2015:20:58:45 -0700] "GET /resorts?resort=powderhorn&date=2014-04-15 HTTP/1.1" 404 472 "-" "Mozilla/5.0 (compatible; Baiduspider/2.0; +http://www.baidu.com/search/spider.html)"
220.181.108.167 - - [24/Jun/2015:21:00:35 -0700] "-" 408 0 "-" "-"
170.75.162.130 - - [24/Jun/2015:21:07:34 -0700] "GET /lib/reccapi.php?resort=sunpeaksresort HTTP/1.1" 200 910 "-" "node-superagent/0.18.2"
170.75.162.130 - - [24/Jun/2015:21:28:45 -0700] "GET /lib/reccapi.php?resort=sugarbush HTTP/1.1" 200 954 "-" "node-superagent/0.18.2"
180.76.15.30 - - [24/Jun/2015:21:36:15 -0700] "GET / HTTP/1.1" 200 6114 "-" "Mozilla/5.0 (compatible; Baiduspider/2.0; +http://www.baidu.com/search/spider.html)"
170.75.162.130 - - [24/Jun/2015:21:36:56 -0700] "GET /lib/reccapi.php?resort=smugglersnotch HTTP/1.1" 200 955 "-" "node-superagent/0.18.2"
180.76.15.153 - - [24/Jun/2015:21:36:58 -0700] "GET /resorts?resort=diamondpeak&date=2014-01-20 HTTP/1.1" 404 469 "-" "Mozilla/5.0 (compatible; Baiduspider/2.0; +http://www.baidu.com/search/spider.html)"
180.76.15.7 - - [24/Jun/2015:21:37:04 -0700] "GET / HTTP/1.1" 200 6114 "-" "Mozilla/5.0 (compatible; Baiduspider/2.0; +http://www.baidu.com/search/spider.html)"
67.159.136.95 - - [24/Jun/2015:21:45:24 -0700] "GET /images/wsis-logo-sm.png HTTP/1.1" 200 6108 "http://www.thebackcountry.net/" "Mozilla/5.0 (Windows NT 6.3; WOW64) AppleWebKit/537.36 (KHTML, like Gecko) Chrome/43.0.2357.130 Safari/537.36"
170.75.162.130 - - [24/Jun/2015:21:45:47 -0700] "GET /lib/reccapi.php?resort=chinapeak HTTP/1.1" 200 962 "-" "node-superagent/0.18.2"
208.115.113.83 - - [24/Jun/2015:21:50:28 -0700] "GET /robots.txt HTTP/1.1" 200 319 "-" "Mozilla/5.0 (compatible; DotBot/1.1; http://www.opensiteexplorer.org/dotbot, help@moz.com)"
170.75.162.130 - - [24/Jun/2015:21:55:28 -0700] "GET /lib/reccapi.php?resort=sundayriver HTTP/1.1" 200 948 "-" "node-superagent/0.18.2"
170.75.162.130 - - [24/Jun/2015:21:55:28 -0700] "GET /lib/reccapi.php?resort=sugarloaf HTTP/1.1" 200 954 "-" "node-superagent/0.18.2"
123.125.71.102 - - [24/Jun/2015:21:59:18 -0700] "-" 408 0 "-" "-"
85.218.161.123 - - [24/Jun/2015:21:59:42 -0700] "GET /tmUnblock.cgi HTTP/1.1" 400 539 "-" "-"
85.218.161.123 - - [24/Jun/2015:21:59:46 -0700] "GET / HTTP/1.1" 400 539 "-" "-"
50.156.16.231 - - [24/Jun/2015:22:12:11 -0700] "GET /images/wsis-logo-sm.png HTTP/1.1" 200 6108 "http://www.thebackcountry.net/" "Mozilla/5.0 (iPhone; CPU iPhone OS 7_0_4 like Mac OS X) AppleWebKit/537.51.1 (KHTML, like Gecko) Version/7.0 Mobile/11B554a Safari/9537.53"
170.75.162.130 - - [24/Jun/2015:22:15:00 -0700] "GET /lib/reccapi.php?resort=brianhead HTTP/1.1" 200 1045 "-" "node-superagent/0.18.2"
170.75.162.130 - - [24/Jun/2015:22:15:00 -0700] "GET /lib/reccapi.php?resort=brighton HTTP/1.1" 200 955 "-" "node-superagent/0.18.2"
170.75.162.130 - - [24/Jun/2015:22:15:10 -0700] "GET /lib/reccapi.php?resort=cannonmountain HTTP/1.1" 200 958 "-" "node-superagent/0.18.2"
170.75.162.130 - - [24/Jun/2015:22:16:00 -0700] "GET /lib/reccapi.php?resort=alpinemeadows HTTP/1.1" 200 991 "-" "node-superagent/0.18.2"
170.75.162.130 - - [24/Jun/2015:22:16:00 -0700] "GET /lib/reccapi.php?resort=deervalley HTTP/1.1" 200 994 "-" "node-superagent/0.18.2"
170.75.162.130 - - [24/Jun/2015:22:16:00 -0700] "GET /lib/reccapi.php?resort=heavenly HTTP/1.1" 200 960 "-" "node-superagent/0.18.2"
170.75.162.130 - - [24/Jun/2015:22:16:00 -0700] "GET /lib/reccapi.php?resort=homewoodmountain HTTP/1.1" 200 970 "-" "node-superagent/0.18.2"
170.75.162.130 - - [24/Jun/2015:22:16:00 -0700] "GET /lib/reccapi.php?resort=jacksonhole HTTP/1.1" 200 956 "-" "node-superagent/0.18.2"
170.75.162.130 - - [24/Jun/2015:22:16:00 -0700] "GET /lib/reccapi.php?resort=kirkwood HTTP/1.1" 200 1012 "-" "node-superagent/0.18.2"
170.75.162.130 - - [24/Jun/2015:22:16:00 -0700] "GET /lib/reccapi.php?resort=mammothmountain HTTP/1.1" 200 974 "-" "node-superagent/0.18.2"
170.75.162.130 - - [24/Jun/2015:22:16:00 -0700] "GET /lib/reccapi.php?resort=mountainhigh HTTP/1.1" 200 983 "-" "node-superagent/0.18.2"
170.75.162.130 - - [24/Jun/2015:22:16:00 -0700] "GET /lib/reccapi.php?resort=northstar-at-tahoe HTTP/1.1" 200 953 "-" "node-superagent/0.18.2"
170.75.162.130 - - [24/Jun/2015:22:16:01 -0700] "GET /lib/reccapi.php?resort=sierra-at-tahoe HTTP/1.1" 200 1010 "-" "node-superagent/0.18.2"
170.75.162.130 - - [24/Jun/2015:22:16:01 -0700] "GET /lib/reccapi.php?resort=snowbird HTTP/1.1" 200 955 "-" "node-superagent/0.18.2"
170.75.162.130 - - [24/Jun/2015:22:16:01 -0700] "GET /lib/reccapi.php?resort=solitude HTTP/1.1" 200 972 "-" "node-superagent/0.18.2"
170.75.162.130 - - [24/Jun/2015:22:17:00 -0700] "GET /lib/reccapi.php?resort=squawvalleyusa HTTP/1.1" 200 986 "-" "node-superagent/0.18.2"
170.75.162.130 - - [24/Jun/2015:22:17:00 -0700] "GET /lib/reccapi.php?resort=sugarbowl HTTP/1.1" 200 977 "-" "node-superagent/0.18.2"
170.75.162.130 - - [24/Jun/2015:22:17:00 -0700] "GET /lib/reccapi.php?resort=snowbasin HTTP/1.1" 200 963 "-" "node-superagent/0.18.2"
170.75.162.130 - - [24/Jun/2015:22:17:30 -0700] "GET /lib/reccapi.php?resort=bigsky HTTP/1.1" 200 981 "-" "node-superagent/0.18.2"
170.75.162.130 - - [24/Jun/2015:22:21:01 -0700] "GET /lib/reccapi.php?resort=grandtarghee HTTP/1.1" 200 971 "-" "node-superagent/0.18.2"
170.75.162.130 - - [24/Jun/2015:22:21:11 -0700] "GET /lib/reccapi.php?resort=jaypeak HTTP/1.1" 200 962 "-" "node-superagent/0.18.2"
72.47.20.114 - - [24/Jun/2015:22:33:20 -0700] "GET /images/wsis-logo-sm.png HTTP/1.1" 200 6108 "http://www.thebackcountry.net/" "Mozilla/5.0 (iPhone; CPU iPhone OS 8_3 like Mac OS X) AppleWebKit/600.1.4 (KHTML, like Gecko) Version/8.0 Mobile/12F70 Safari/600.1.4"
170.75.162.130 - - [24/Jun/2015:22:34:32 -0700] "GET /lib/reccapi.php?resort=sunvalley HTTP/1.1" 200 989 "-" "node-superagent/0.18.2"
170.75.162.130 - - [24/Jun/2015:22:37:42 -0700] "GET /lib/reccapi.php?resort=arapahoebasin HTTP/1.1" 200 1037 "-" "node-superagent/0.18.2"
68.3.92.254 - - [24/Jun/2015:22:37:52 -0700] "GET /images/wsis-logo-sm.png HTTP/1.1" 200 6108 "http://www.thebackcountry.net/" "Mozilla/5.0 (Macintosh; Intel Mac OS X 10.7; rv:38.0) Gecko/20100101 Firefox/38.0"
207.46.13.20 - - [24/Jun/2015:22:41:00 -0700] "GET / HTTP/1.1" 200 2376 "-" "Mozilla/5.0 (compatible; bingbot/2.0; +http://www.bing.com/bingbot.htm)"
208.115.113.83 - - [24/Jun/2015:22:49:33 -0700] "GET /resorts?resort=snoqualmie-alpental&date=2014-06-23 HTTP/1.1" 404 476 "-" "Mozilla/5.0 (compatible; DotBot/1.1; http://www.opensiteexplorer.org/dotbot, help@moz.com)"
170.75.162.130 - - [24/Jun/2015:22:50:53 -0700] "GET /lib/reccapi.php?resort=buttermilk HTTP/1.1" 200 1069 "-" "node-superagent/0.18.2"
170.75.162.130 - - [24/Jun/2015:22:51:23 -0700] "GET /lib/reccapi.php?resort=aspenheights HTTP/1.1" 200 1094 "-" "node-superagent/0.18.2"
180.76.15.151 - - [24/Jun/2015:22:57:06 -0700] "GET / HTTP/1.1" 200 6114 "-" "Mozilla/5.0 (compatible; Baiduspider/2.0; +http://www.baidu.com/search/spider.html)"
180.76.15.6 - - [24/Jun/2015:22:58:20 -0700] "GET / HTTP/1.1" 200 6114 "-" "Mozilla/5.0 (compatible; Baiduspider/2.0; +http://www.baidu.com/search/spider.html)"
165.21.21.38 - - [24/Jun/2015:22:59:46 -0700] "GET /images/viz-screenshot.png HTTP/1.1" 404 517 "http://www.ericfahsl.com/blog/35-creating-an-animated-javascript-heat-map-with-polymap" "Mozilla/5.0 (Macintosh; Intel Mac OS X 10.10; rv:38.0) Gecko/20100101 Firefox/38.0"
170.75.162.130 - - [24/Jun/2015:23:00:04 -0700] "GET /lib/reccapi.php?resort=devilshead HTTP/1.1" 200 946 "-" "node-superagent/0.18.2"
66.249.79.14 - - [24/Jun/2015:23:00:51 -0700] "GET /images/logo-sm.png HTTP/1.1" 304 187 "-" "Googlebot-Image/1.0"
170.75.162.130 - - [24/Jun/2015:23:04:15 -0700] "GET /lib/reccapi.php?resort=steamboat HTTP/1.1" 200 1051 "-" "node-superagent/0.18.2"
170.75.162.130 - - [24/Jun/2015:23:04:15 -0700] "GET /lib/reccapi.php?resort=stowe HTTP/1.1" 200 932 "-" "node-superagent/0.18.2"
170.75.162.130 - - [24/Jun/2015:23:04:15 -0700] "GET /lib/reccapi.php?resort=stevenspass HTTP/1.1" 200 979 "-" "node-superagent/0.18.2"
170.75.162.130 - - [24/Jun/2015:23:05:05 -0700] "GET /lib/reccapi.php?resort=taos HTTP/1.1" 200 993 "-" "node-superagent/0.18.2"
170.75.162.130 - - [24/Jun/2015:23:05:05 -0700] "GET /lib/reccapi.php?resort=wildcatmountain HTTP/1.1" 200 966 "-" "node-superagent/0.18.2"
170.75.162.130 - - [24/Jun/2015:23:05:05 -0700] "GET /lib/reccapi.php?resort=telluride HTTP/1.1" 200 1064 "-" "node-superagent/0.18.2"
170.75.162.130 - - [24/Jun/2015:23:07:05 -0700] "GET /lib/reccapi.php?resort=madriverglen HTTP/1.1" 200 957 "-" "node-superagent/0.18.2"
170.75.162.130 - - [24/Jun/2015:23:07:15 -0700] "GET /lib/reccapi.php?resort=mounthoodmeadows HTTP/1.1" 200 975 "-" "node-superagent/0.18.2"
170.75.162.130 - - [24/Jun/2015:23:07:15 -0700] "GET /lib/reccapi.php?resort=mountbachelor HTTP/1.1" 200 995 "-" "node-superagent/0.18.2"
170.75.162.130 - - [24/Jun/2015:23:08:25 -0700] "GET /lib/reccapi.php?resort=winterpark HTTP/1.1" 200 1024 "-" "node-superagent/0.18.2"
123.125.71.30 - - [24/Jun/2015:23:14:22 -0700] "-" 408 0 "-" "-"
220.181.108.178 - - [24/Jun/2015:23:18:54 -0700] "-" 408 0 "-" "-"
98.238.242.173 - - [24/Jun/2015:23:21:04 -0700] "GET /images/wsis-logo-sm.png HTTP/1.1" 200 6108 "http://www.thebackcountry.net/" "Mozilla/5.0 (Macintosh; Intel Mac OS X 10_10_3) AppleWebKit/537.36 (KHTML, like Gecko) Chrome/43.0.2357.124 Safari/537.36"
180.76.15.11 - - [24/Jun/2015:23:31:46 -0700] "GET /resorts?resort=diamondpeak&date=2014-01-29 HTTP/1.1" 404 472 "-" "Mozilla/5.0 (compatible; Baiduspider/2.0; +http://www.baidu.com/search/spider.html)"
222.186.31.57 - - [24/Jun/2015:23:39:33 -0700] "POST / HTTP/1.1" 200 6176 "-" "Mozilla/5.0"
180.76.15.141 - - [24/Jun/2015:23:44:45 -0700] "GET / HTTP/1.1" 200 6114 "-" "Mozilla/5.0 (compatible; Baiduspider/2.0; +http://www.baidu.com/search/spider.html)"
180.76.15.146 - - [24/Jun/2015:23:45:48 -0700] "GET / HTTP/1.1" 200 6114 "-" "Mozilla/5.0 (compatible; Baiduspider/2.0; +http://www.baidu.com/search/spider.html)"
180.76.15.21 - - [24/Jun/2015:23:57:32 -0700] "GET /resorts?resort=pomerelle&date=2014-04-05 HTTP/1.1" 404 469 "-" "Mozilla/5.0 (compatible; Baiduspider/2.0; +http://www.baidu.com/search/spider.html)"
123.125.71.23 - - [24/Jun/2015:23:59:53 -0700] "-" 408 0 "-" "-"
69.106.74.155 - - [25/Jun/2015:00:03:46 -0700] "GET /images/wsis-logo-sm.png HTTP/1.1" 200 6108 "http://www.thebackcountry.net/" "Mozilla/5.0 (Macintosh; Intel Mac OS X 10.10; rv:38.0) Gecko/20100101 Firefox/38.0"
220.181.108.185 - - [25/Jun/2015:00:05:30 -0700] "-" 408 0 "-" "-"
165.21.21.38 - - [25/Jun/2015:00:13:58 -0700] "GET /images/viz-screenshot.png HTTP/1.1" 404 517 "http://ericfahsl.com/blog/35-creating-an-animated-javascript-heat-map-with-polymap" "Mozilla/5.0 (Macintosh; Intel Mac OS X 10.10; rv:38.0) Gecko/20100101 Firefox/38.0"
165.21.21.38 - - [25/Jun/2015:00:14:11 -0700] "GET /blog/11-2012-2013-powder-rating-visualization HTTP/1.1" 404 506 "http://www.ericfahsl.com/blog/35-creating-an-animated-javascript-heat-map-with-polymap" "Mozilla/5.0 (Macintosh; Intel Mac OS X 10.10; rv:38.0) Gecko/20100101 Firefox/38.0"
165.21.21.38 - - [25/Jun/2015:00:14:11 -0700] "GET /favicon.ico HTTP/1.1" 200 1475 "-" "Mozilla/5.0 (Macintosh; Intel Mac OS X 10.10; rv:38.0) Gecko/20100101 Firefox/38.0"
165.21.21.38 - - [25/Jun/2015:00:14:17 -0700] "GET /viz/2012-2013-viz.php HTTP/1.1" 404 506 "http://www.ericfahsl.com/blog/35-creating-an-animated-javascript-heat-map-with-polymap" "Mozilla/5.0 (Macintosh; Intel Mac OS X 10.10; rv:38.0) Gecko/20100101 Firefox/38.0"
180.76.15.28 - - [25/Jun/2015:00:46:46 -0700] "GET / HTTP/1.1" 200 6114 "-" "Mozilla/5.0 (compatible; Baiduspider/2.0; +http://www.baidu.com/search/spider.html)"
180.76.15.163 - - [25/Jun/2015:00:47:51 -0700] "GET / HTTP/1.1" 200 6114 "-" "Mozilla/5.0 (compatible; Baiduspider/2.0; +http://www.baidu.com/search/spider.html)"
123.125.71.97 - - [25/Jun/2015:00:57:41 -0700] "-" 408 0 "-" "-"
220.181.108.80 - - [25/Jun/2015:01:02:39 -0700] "-" 408 0 "-" "-"
170.75.162.130 - - [25/Jun/2015:01:20:11 -0700] "GET /lib/reccapi.php?resort=mountspokane HTTP/1.1" 200 978 "-" "node-superagent/0.18.2"
170.75.162.130 - - [25/Jun/2015:01:20:31 -0700] "GET /lib/reccapi.php?resort=redlodge HTTP/1.1" 200 1036 "-" "node-superagent/0.18.2"
180.76.15.34 - - [25/Jun/2015:01:31:29 -0700] "GET /resorts?resort=mounthutt&date=2014-07-10 HTTP/1.1" 404 472 "-" "Mozilla/5.0 (compatible; Baiduspider/2.0; +http://www.baidu.com/search/spider.html)"
180.76.15.152 - - [25/Jun/2015:01:41:51 -0700] "GET / HTTP/1.1" 200 6114 "-" "Mozilla/5.0 (compatible; Baiduspider/2.0; +http://www.baidu.com/search/spider.html)"
180.76.15.140 - - [25/Jun/2015:01:42:54 -0700] "GET / HTTP/1.1" 200 6114 "-" "Mozilla/5.0 (compatible; Baiduspider/2.0; +http://www.baidu.com/search/spider.html)"
123.125.71.82 - - [25/Jun/2015:02:04:24 -0700] "-" 408 0 "-" "-"
220.181.108.184 - - [25/Jun/2015:02:11:11 -0700] "-" 408 0 "-" "-"
170.75.162.130 - - [25/Jun/2015:02:15:26 -0700] "GET /lib/reccapi.php?resort=alta HTTP/1.1" 200 965 "-" "node-superagent/0.18.2"
170.75.162.130 - - [25/Jun/2015:02:15:26 -0700] "GET /lib/reccapi.php?resort=killington HTTP/1.1" 200 960 "-" "node-superagent/0.18.2"
54.146.18.189 - - [25/Jun/2015:02:15:58 -0700] "HEAD / HTTP/1.1" 200 291 "-" "Cloud mapping experiment. Contact research@pdrlabs.net"
207.46.13.20 - - [25/Jun/2015:02:18:56 -0700] "GET / HTTP/1.1" 200 2376 "-" "Mozilla/5.0 (compatible; bingbot/2.0; +http://www.bing.com/bingbot.htm)"
170.75.162.130 - - [25/Jun/2015:02:26:27 -0700] "GET /lib/reccapi.php?resort=coppermountain HTTP/1.1" 200 1034 "-" "node-superagent/0.18.2"
170.75.162.130 - - [25/Jun/2015:02:26:27 -0700] "GET /lib/reccapi.php?resort=keystone HTTP/1.1" 200 1058 "-" "node-superagent/0.18.2"
170.75.162.130 - - [25/Jun/2015:02:26:27 -0700] "GET /lib/reccapi.php?resort=crestedbutte HTTP/1.1" 200 1043 "-" "node-superagent/0.18.2"
170.75.162.130 - - [25/Jun/2015:02:26:27 -0700] "GET /lib/reccapi.php?resort=aspenmountain HTTP/1.1" 200 1050 "-" "node-superagent/0.18.2"
170.75.162.130 - - [25/Jun/2015:02:26:27 -0700] "GET /lib/reccapi.php?resort=loveland HTTP/1.1" 200 1029 "-" "node-superagent/0.18.2"
170.75.162.130 - - [25/Jun/2015:02:26:27 -0700] "GET /lib/reccapi.php?resort=snowmass HTTP/1.1" 200 1037 "-" "node-superagent/0.18.2"
170.75.162.130 - - [25/Jun/2015:02:26:27 -0700] "GET /lib/reccapi.php?resort=monarch HTTP/1.1" 200 1011 "-" "node-superagent/0.18.2"
180.76.15.5 - - [25/Jun/2015:02:31:47 -0700] "GET / HTTP/1.1" 200 6114 "-" "Mozilla/5.0 (compatible; Baiduspider/2.0; +http://www.baidu.com/search/spider.html)"
180.76.15.135 - - [25/Jun/2015:02:32:29 -0700] "GET / HTTP/1.1" 200 6114 "-" "Mozilla/5.0 (compatible; Baiduspider/2.0; +http://www.baidu.com/search/spider.html)"
220.181.158.37 - - [25/Jun/2015:02:35:02 -0700] "GET / HTTP/1.1" 200 2320 "-" "Mozilla/5.0 (Windows NT 6.1) AppleWebKit/537.1 (KHTML, like Gecko) Chrome/21.0.1180.89 Safari/537.1"
62.210.136.117 - - [25/Jun/2015:02:39:13 -0700] "HEAD /administrator/components/com_simplephotogallery/lib/uploadFile.php HTTP/1.1" 404 263 "-" "Mozilla/5.0 (Macintosh; U; Intel Mac OS X 10.6; en-US; rv:1.9.2) Gecko/20100115 Firefox/3.6"
170.75.162.130 - - [25/Jun/2015:02:45:49 -0700] "GET /lib/reccapi.php?resort=sugarloaf HTTP/1.1" 200 950 "-" "node-superagent/0.18.2"
170.75.162.130 - - [25/Jun/2015:02:45:49 -0700] "GET /lib/reccapi.php?resort=sundayriver HTTP/1.1" 200 952 "-" "node-superagent/0.18.2"
170.75.162.130 - - [25/Jun/2015:02:46:39 -0700] "GET /lib/reccapi.php?resort=angelfire HTTP/1.1" 200 1077 "-" "node-superagent/0.18.2"
123.125.71.117 - - [25/Jun/2015:02:57:55 -0700] "-" 408 0 "-" "-"
220.181.108.85 - - [25/Jun/2015:03:03:41 -0700] "-" 408 0 "-" "-"
170.75.162.130 - - [25/Jun/2015:03:04:21 -0700] "GET /lib/reccapi.php?resort=redmountain HTTP/1.1" 200 901 "-" "node-superagent/0.18.2"
170.75.162.130 - - [25/Jun/2015:03:12:12 -0700] "GET /lib/reccapi.php?resort=silverstarmountain HTTP/1.1" 200 925 "-" "node-superagent/0.18.2"
170.75.162.130 - - [25/Jun/2015:03:25:53 -0700] "GET /lib/reccapi.php?resort=alyeska HTTP/1.1" 200 989 "-" "node-superagent/0.18.2"
180.76.15.141 - - [25/Jun/2015:03:33:41 -0700] "GET / HTTP/1.1" 200 6114 "-" "Mozilla/5.0 (compatible; Baiduspider/2.0; +http://www.baidu.com/search/spider.html)"
180.76.15.145 - - [25/Jun/2015:03:34:21 -0700] "GET / HTTP/1.1" 200 6114 "-" "Mozilla/5.0 (compatible; Baiduspider/2.0; +http://www.baidu.com/search/spider.html)"
170.75.162.130 - - [25/Jun/2015:03:41:41 -0700] "GET /lib/reccapi.php?resort=brianhead HTTP/1.1" 200 997 "-" "node-superagent/0.18.2"
170.75.162.130 - - [25/Jun/2015:03:53:02 -0700] "GET /lib/reccapi.php?resort=jacksonhole HTTP/1.1" 200 969 "-" "node-superagent/0.18.2"
170.75.162.130 - - [25/Jun/2015:04:02:33 -0700] "GET /lib/reccapi.php?resort=snowbird HTTP/1.1" 200 964 "-" "node-superagent/0.18.2"
123.125.71.44 - - [25/Jun/2015:04:04:31 -0700] "-" 408 0 "-" "-"
220.181.108.76 - - [25/Jun/2015:04:11:32 -0700] "-" 408 0 "-" "-"
170.75.162.130 - - [25/Jun/2015:04:14:54 -0700] "GET /lib/reccapi.php?resort=schweitzer HTTP/1.1" 200 949 "-" "node-superagent/0.18.2"
220.181.108.177 - - [25/Jun/2015:04:16:19 -0700] "GET / HTTP/1.1" 200 2339 "-" "Mozilla/5.0 (compatible; Baiduspider/2.0; +http://www.baidu.com/search/spider.html)"
170.75.162.130 - - [25/Jun/2015:04:22:25 -0700] "GET /lib/reccapi.php?resort=snowbasin HTTP/1.1" 200 964 "-" "node-superagent/0.18.2"
64.134.180.250 - - [25/Jun/2015:04:29:45 -0700] "GET /images/wsis-logo-sm.png HTTP/1.1" 200 6108 "http://www.thebackcountry.net/" "Mozilla/5.0 (Macintosh; Intel Mac OS X 10_10_3) AppleWebKit/600.6.3 (KHTML, like Gecko) Version/8.0.6 Safari/600.6.3"
170.75.162.130 - - [25/Jun/2015:04:37:26 -0700] "GET /lib/reccapi.php?resort=mtrose HTTP/1.1" 200 929 "-" "node-superagent/0.18.2"
170.75.162.130 - - [25/Jun/2015:04:37:26 -0700] "GET /lib/reccapi.php?resort=diamondpeak HTTP/1.1" 200 949 "-" "node-superagent/0.18.2"
170.75.162.130 - - [25/Jun/2015:04:40:06 -0700] "GET /lib/reccapi.php?resort=49degreesnorth HTTP/1.1" 200 997 "-" "node-superagent/0.18.2"
180.76.15.32 - - [25/Jun/2015:04:49:21 -0700] "GET / HTTP/1.1" 200 6114 "-" "Mozilla/5.0 (compatible; Baiduspider/2.0; +http://www.baidu.com/search/spider.html)"
180.76.15.158 - - [25/Jun/2015:04:50:41 -0700] "GET / HTTP/1.1" 200 6114 "-" "Mozilla/5.0 (compatible; Baiduspider/2.0; +http://www.baidu.com/search/spider.html)"
170.75.162.130 - - [25/Jun/2015:04:52:47 -0700] "GET /lib/reccapi.php?resort=arapahoebasin HTTP/1.1" 200 1041 "-" "node-superagent/0.18.2"
170.75.162.130 - - [25/Jun/2015:04:52:48 -0700] "GET /lib/reccapi.php?resort=aspenheights HTTP/1.1" 200 1069 "-" "node-superagent/0.18.2"
170.75.162.130 - - [25/Jun/2015:04:52:48 -0700] "GET /lib/reccapi.php?resort=brighton HTTP/1.1" 200 948 "-" "node-superagent/0.18.2"
170.75.162.130 - - [25/Jun/2015:04:52:48 -0700] "GET /lib/reccapi.php?resort=buttermilk HTTP/1.1" 200 1046 "-" "node-superagent/0.18.2"
170.75.162.130 - - [25/Jun/2015:04:52:48 -0700] "GET /lib/reccapi.php?resort=cannonmountain HTTP/1.1" 200 963 "-" "node-superagent/0.18.2"
170.75.162.130 - - [25/Jun/2015:04:52:48 -0700] "GET /lib/reccapi.php?resort=canyons HTTP/1.1" 200 1011 "-" "node-superagent/0.18.2"
170.75.162.130 - - [25/Jun/2015:04:52:48 -0700] "GET /lib/reccapi.php?resort=deervalley HTTP/1.1" 200 1039 "-" "node-superagent/0.18.2"
170.75.162.130 - - [25/Jun/2015:04:52:48 -0700] "GET /lib/reccapi.php?resort=grandtarghee HTTP/1.1" 200 981 "-" "node-superagent/0.18.2"
170.75.162.130 - - [25/Jun/2015:04:52:49 -0700] "GET /lib/reccapi.php?resort=jaypeak HTTP/1.1" 200 969 "-" "node-superagent/0.18.2"
170.75.162.130 - - [25/Jun/2015:04:52:49 -0700] "GET /lib/reccapi.php?resort=mammothmountain HTTP/1.1" 200 986 "-" "node-superagent/0.18.2"
170.75.162.130 - - [25/Jun/2015:04:52:49 -0700] "GET /lib/reccapi.php?resort=parkcity HTTP/1.1" 200 991 "-" "node-superagent/0.18.2"
170.75.162.130 - - [25/Jun/2015:04:52:49 -0700] "GET /lib/reccapi.php?resort=sierra-at-tahoe HTTP/1.1" 200 982 "-" "node-superagent/0.18.2"
170.75.162.130 - - [25/Jun/2015:04:53:48 -0700] "GET /lib/reccapi.php?resort=solitude HTTP/1.1" 200 958 "-" "node-superagent/0.18.2"
170.75.162.130 - - [25/Jun/2015:04:53:48 -0700] "GET /lib/reccapi.php?resort=steamboat HTTP/1.1" 200 983 "-" "node-superagent/0.18.2"
170.75.162.130 - - [25/Jun/2015:04:53:48 -0700] "GET /lib/reccapi.php?resort=telluride HTTP/1.1" 200 1045 "-" "node-superagent/0.18.2"
170.75.162.130 - - [25/Jun/2015:04:53:48 -0700] "GET /lib/reccapi.php?resort=winterpark HTTP/1.1" 200 1039 "-" "node-superagent/0.18.2"
170.75.162.130 - - [25/Jun/2015:04:53:48 -0700] "GET /lib/reccapi.php?resort=stevenspass HTTP/1.1" 200 983 "-" "node-superagent/0.18.2"
170.75.162.130 - - [25/Jun/2015:04:53:48 -0700] "GET /lib/reccapi.php?resort=squawvalleyusa HTTP/1.1" 200 987 "-" "node-superagent/0.18.2"
170.75.162.130 - - [25/Jun/2015:04:53:48 -0700] "GET /lib/reccapi.php?resort=stowe HTTP/1.1" 200 941 "-" "node-superagent/0.18.2"
170.75.162.130 - - [25/Jun/2015:04:53:48 -0700] "GET /lib/reccapi.php?resort=wildcatmountain HTTP/1.1" 200 964 "-" "node-superagent/0.18.2"
66.249.79.250 - - [25/Jun/2015:04:59:46 -0700] "GET / HTTP/1.1" 200 2376 "-" "SAMSUNG-SGH-E250/1.0 Profile/MIDP-2.0 Configuration/CLDC-1.1 UP.Browser/6.2.3.3.c.1.101 (GUI) MMP/2.0 (compatible; Googlebot-Mobile/2.1; +http://www.google.com/bot.html)"
66.249.79.250 - - [25/Jun/2015:05:00:53 -0700] "GET / HTTP/1.1" 200 2376 "-" "DoCoMo/2.0 N905i(c100;TB;W24H16) (compatible; Googlebot-Mobile/2.1; +http://www.google.com/bot.html)"
123.125.71.87 - - [25/Jun/2015:05:02:00 -0700] "-" 408 0 "-" "-"
174.238.32.12 - - [25/Jun/2015:05:07:31 -0700] "GET /images/wsis-logo-sm.png HTTP/1.1" 200 6108 "http://www.thebackcountry.net/" "Mozilla/5.0 (iPhone; CPU iPhone OS 7_1_1 like Mac OS X) AppleWebKit/537.51.2 (KHTML, like Gecko) Version/7.0 Mobile/11D201 Safari/9537.53"
220.181.108.142 - - [25/Jun/2015:05:08:23 -0700] "-" 408 0 "-" "-"
170.75.162.130 - - [25/Jun/2015:05:20:00 -0700] "GET /lib/reccapi.php?resort=bigwhite HTTP/1.1" 200 911 "-" "node-superagent/0.18.2"
180.76.15.141 - - [25/Jun/2015:05:28:45 -0700] "GET / HTTP/1.1" 200 6114 "-" "Mozilla/5.0 (compatible; Baiduspider/2.0; +http://www.baidu.com/search/spider.html)"
180.76.15.135 - - [25/Jun/2015:05:29:19 -0700] "GET / HTTP/1.1" 200 6114 "-" "Mozilla/5.0 (compatible; Baiduspider/2.0; +http://www.baidu.com/search/spider.html)"
83.165.238.83 - - [25/Jun/2015:05:46:02 -0700] "GET /images/wsis-logo-sm.png HTTP/1.1" 200 6108 "http://www.thebackcountry.net/" "Mozilla/5.0 (Windows NT 6.1) AppleWebKit/537.36 (KHTML, like Gecko) Chrome/43.0.2357.130 Safari/537.36"
170.75.162.130 - - [25/Jun/2015:05:58:14 -0700] "GET /lib/reccapi.php?resort=whistlerblackcomb HTTP/1.1" 200 922 "-" "node-superagent/0.18.2"
62.210.136.117 - - [25/Jun/2015:05:59:34 -0700] "HEAD /components/com_hdflvplayer/hdflvplayer/download.php?f=../../../configuration.php HTTP/1.1" 404 263 "-" "Mozilla/5.0 (Macintosh; U; Intel Mac OS X 10.6; en-US; rv:1.9.2) Gecko/20100115 Firefox/3.6"
121.199.43.106 - - [25/Jun/2015:06:02:42 -0700] "GET / HTTP/1.1" 200 2320 "-" "Go 1.1 package http"
121.199.43.106 - - [25/Jun/2015:06:02:43 -0700] "GET /images/admina/sitmap0.png HTTP/1.1" 404 460 "-" "Go 1.1 package http"
121.199.43.106 - - [25/Jun/2015:06:02:43 -0700] "GET /images/admina/logo.png HTTP/1.1" 404 458 "-" "Go 1.1 package http"
121.199.43.106 - - [25/Jun/2015:06:02:44 -0700] "GET /install/templates/images/link_bg.gif HTTP/1.1" 404 470 "-" "Go 1.1 package http"
121.199.43.106 - - [25/Jun/2015:06:02:44 -0700] "GET /admin/images/admin_submit.jpg HTTP/1.1" 404 462 "-" "Go 1.1 package http"
121.199.43.106 - - [25/Jun/2015:06:02:45 -0700] "GET /include/payment/logo/remittance.gif HTTP/1.1" 404 468 "-" "Go 1.1 package http"
121.199.43.106 - - [25/Jun/2015:06:02:45 -0700] "GET /admin/images/login_06.jpg HTTP/1.1" 404 463 "-" "Go 1.1 package http"
121.199.43.106 - - [25/Jun/2015:06:02:46 -0700] "GET /images/qq/qqkf2/Kf_bg03_03.gif HTTP/1.1" 404 467 "-" "Go 1.1 package http"
121.199.43.106 - - [25/Jun/2015:06:02:47 -0700] "GET /js/close.gif HTTP/1.1" 404 453 "-" "Go 1.1 package http"
121.199.43.106 - - [25/Jun/2015:06:02:47 -0700] "GET /apply/_notes/dwsync.xml HTTP/1.1" 404 460 "-" "Go 1.1 package http"
121.199.43.106 - - [25/Jun/2015:06:02:48 -0700] "GET /install/ HTTP/1.1" 404 450 "-" "Go 1.1 package http"
121.199.43.106 - - [25/Jun/2015:06:02:48 -0700] "GET /about/_notes/dwsync.xml HTTP/1.1" 404 460 "-" "Go 1.1 package http"
121.199.43.106 - - [25/Jun/2015:06:02:49 -0700] "GET /admin/_Style/_notes/dwsync.xml HTTP/1.1" 404 465 "-" "Go 1.1 package http"
121.199.43.106 - - [25/Jun/2015:06:02:49 -0700] "GET /config/_notes/dwsync.xml HTTP/1.1" 404 461 "-" "Go 1.1 package http"
121.199.43.106 - - [25/Jun/2015:06:02:50 -0700] "GET /fckeditor/fckconfig.js HTTP/1.1" 404 458 "-" "Go 1.1 package http"
121.199.43.106 - - [25/Jun/2015:06:02:51 -0700] "GET /gbook/_notes/dwsync.xml HTTP/1.1" 404 461 "-" "Go 1.1 package http"
121.199.43.106 - - [25/Jun/2015:06:02:51 -0700] "GET /inc/_notes/dwsync.xml HTTP/1.1" 404 459 "-" "Go 1.1 package http"
121.199.43.106 - - [25/Jun/2015:06:02:52 -0700] "GET /3rdparty/openinviter/images/ers.gif HTTP/1.1" 404 468 "-" "Go 1.1 package http"
121.199.43.106 - - [25/Jun/2015:06:02:52 -0700] "GET /administrator/ajax/loading.gif HTTP/1.1" 404 464 "-" "Go 1.1 package http"
121.199.43.106 - - [25/Jun/2015:06:02:53 -0700] "GET /administrator/gfx/buttons/but_add_p.gif HTTP/1.1" 404 470 "-" "Go 1.1 package http"
121.199.43.106 - - [25/Jun/2015:06:02:53 -0700] "GET /administrator/includes/page_default.txt HTTP/1.1" 404 471 "-" "Go 1.1 package http"
121.199.43.106 - - [25/Jun/2015:06:02:54 -0700] "GET /ajax/loading.gif HTTP/1.1" 404 456 "-" "Go 1.1 package http"
121.199.43.106 - - [25/Jun/2015:06:02:55 -0700] "GET /classes/phpmailer/phpdoc/media/banner.css HTTP/1.1" 404 468 "-" "Go 1.1 package http"
121.199.43.106 - - [25/Jun/2015:06:02:55 -0700] "GET /install/data/includes/sbicons/blinklist.png HTTP/1.1" 404 472 "-" "Go 1.1 package http"
121.199.43.106 - - [25/Jun/2015:06:02:56 -0700] "GET /install/data/themes/handshakes_neo/gfx/boxes/blueTop/top.gif HTTP/1.1" 404 485 "-" "Go 1.1 package http"
121.199.43.106 - - [25/Jun/2015:06:02:56 -0700] "GET /data/index.html HTTP/1.1" 404 450 "-" "Go 1.1 package http"
121.199.43.106 - - [25/Jun/2015:06:02:57 -0700] "GET /data/js/index.html HTTP/1.1" 404 450 "-" "Go 1.1 package http"
121.199.43.106 - - [25/Jun/2015:06:02:57 -0700] "GET /data/mytag/index.html HTTP/1.1" 404 450 "-" "Go 1.1 package http"
121.199.43.106 - - [25/Jun/2015:06:02:58 -0700] "GET /data/sessions/index.html HTTP/1.1" 404 450 "-" "Go 1.1 package http"
121.199.43.106 - - [25/Jun/2015:06:02:59 -0700] "GET /data/textdata/index.html HTTP/1.1" 404 450 "-" "Go 1.1 package http"
121.199.43.106 - - [25/Jun/2015:06:02:59 -0700] "GET /dede/action/css_body.css HTTP/1.1" 404 458 "-" "Go 1.1 package http"
121.199.43.106 - - [25/Jun/2015:06:03:00 -0700] "GET /dede/css_body.css HTTP/1.1" 404 453 "-" "Go 1.1 package http"
121.199.43.106 - - [25/Jun/2015:06:03:00 -0700] "GET /include/alert.htm HTTP/1.1" 404 450 "-" "Go 1.1 package http"
121.199.43.106 - - [25/Jun/2015:06:03:01 -0700] "GET /member/js/box.js HTTP/1.1" 404 455 "-" "Go 1.1 package http"
121.199.43.106 - - [25/Jun/2015:06:03:02 -0700] "GET /php/modpage/readme.txt HTTP/1.1" 404 457 "-" "Go 1.1 package http"
121.199.43.106 - - [25/Jun/2015:06:03:02 -0700] "GET /plus/sitemap.html HTTP/1.1" 404 450 "-" "Go 1.1 package http"
121.199.43.106 - - [25/Jun/2015:06:03:03 -0700] "GET /setup/license.html HTTP/1.1" 404 450 "-" "Go 1.1 package http"
121.199.43.106 - - [25/Jun/2015:06:03:04 -0700] "GET /special/index.html HTTP/1.1" 404 450 "-" "Go 1.1 package http"
121.199.43.106 - - [25/Jun/2015:06:03:04 -0700] "GET /favicon.ico HTTP/1.1" 200 1420 "-" "Go 1.1 package http"
121.199.43.106 - - [25/Jun/2015:06:03:05 -0700] "GET /favicon.ico HTTP/1.1" 200 1420 "-" "Go 1.1 package http"
121.199.43.106 - - [25/Jun/2015:06:03:05 -0700] "GET /plus/img/wbg.gif HTTP/1.1" 404 455 "-" "Go 1.1 package http"
121.199.43.106 - - [25/Jun/2015:06:03:06 -0700] "GET /data/admin/ver.txt HTTP/1.1" 404 454 "-" "Go 1.1 package http"
121.199.43.106 - - [25/Jun/2015:06:03:06 -0700] "GET /data/admin/ver.txt HTTP/1.1" 404 454 "-" "Go 1.1 package http"
121.199.43.106 - - [25/Jun/2015:06:03:07 -0700] "GET /dede/img/admin_top_logo.gif HTTP/1.1" 404 463 "-" "Go 1.1 package http"
121.199.43.106 - - [25/Jun/2015:06:03:08 -0700] "GET /member/images/base.css HTTP/1.1" 404 457 "-" "Go 1.1 package http"
121.199.43.106 - - [25/Jun/2015:06:03:08 -0700] "GET /member/images/member.gif HTTP/1.1" 404 456 "-" "Go 1.1 package http"
121.199.43.106 - - [25/Jun/2015:06:03:09 -0700] "GET /member/templets/images/login_logo.gif HTTP/1.1" 404 469 "-" "Go 1.1 package http"
121.199.43.106 - - [25/Jun/2015:06:03:09 -0700] "GET /houtai/img/admin_top_logo.gif HTTP/1.1" 404 464 "-" "Go 1.1 package http"
121.199.43.106 - - [25/Jun/2015:06:03:10 -0700] "GET /dede/templets/article_coonepage_rule.htm HTTP/1.1" 404 450 "-" "Go 1.1 package http"
121.199.43.106 - - [25/Jun/2015:06:03:10 -0700] "GET /data/admin/allowurl.txt HTTP/1.1" 404 458 "-" "Go 1.1 package http"
121.199.43.106 - - [25/Jun/2015:06:03:11 -0700] "GET /data/admin/allowurl.txt HTTP/1.1" 404 458 "-" "Go 1.1 package http"
121.199.43.106 - - [25/Jun/2015:06:03:12 -0700] "GET /templets/default/style/dedecms.css HTTP/1.1" 404 465 "-" "Go 1.1 package http"
121.199.43.106 - - [25/Jun/2015:06:03:12 -0700] "GET /templets/default/style/dedecms.css HTTP/1.1" 404 465 "-" "Go 1.1 package http"
121.199.43.106 - - [25/Jun/2015:06:03:13 -0700] "GET /member/images/dzh_logo.gif HTTP/1.1" 404 463 "-" "Go 1.1 package http"
121.199.43.106 - - [25/Jun/2015:06:03:13 -0700] "GET /data/admin/allowurl.txt HTTP/1.1" 404 458 "-" "Go 1.1 package http"
121.199.43.106 - - [25/Jun/2015:06:03:14 -0700] "GET /templets/default/style/dedecms.css HTTP/1.1" 404 465 "-" "Go 1.1 package http"
121.199.43.106 - - [25/Jun/2015:06:03:15 -0700] "GET /robots.txt HTTP/1.1" 200 363 "-" "Go 1.1 package http"
121.199.43.106 - - [25/Jun/2015:06:03:15 -0700] "GET /favicon.ico HTTP/1.1" 200 1420 "-" "Go 1.1 package http"
121.199.43.106 - - [25/Jun/2015:06:03:16 -0700] "GET /static/image/admincp/logo.gif HTTP/1.1" 404 463 "-" "Go 1.1 package http"
121.199.43.106 - - [25/Jun/2015:06:03:16 -0700] "GET /favicon.ico HTTP/1.1" 200 1420 "-" "Go 1.1 package http"
121.199.43.106 - - [25/Jun/2015:06:03:17 -0700] "GET /admin/discuzfiles.md5 HTTP/1.1" 404 458 "-" "Go 1.1 package http"
121.199.43.106 - - [25/Jun/2015:06:03:17 -0700] "GET /favicon.ico HTTP/1.1" 200 1420 "-" "Go 1.1 package http"
121.199.43.106 - - [25/Jun/2015:06:03:18 -0700] "GET /robots.txt HTTP/1.1" 200 363 "-" "Go 1.1 package http"
121.199.43.106 - - [25/Jun/2015:06:03:19 -0700] "GET /favicon.ico HTTP/1.1" 200 1420 "-" "Go 1.1 package http"
121.199.43.106 - - [25/Jun/2015:06:03:19 -0700] "GET /static/image/admincp/logo.gif HTTP/1.1" 404 463 "-" "Go 1.1 package http"
121.199.43.106 - - [25/Jun/2015:06:03:20 -0700] "GET /static/image/admincp/bg_repno.gif HTTP/1.1" 404 468 "-" "Go 1.1 package http"
121.199.43.106 - - [25/Jun/2015:06:03:20 -0700] "GET /static/image/admincp/ajax_loader.gif HTTP/1.1" 404 470 "-" "Go 1.1 package http"
121.199.43.106 - - [25/Jun/2015:06:03:21 -0700] "GET /robots.txt HTTP/1.1" 200 363 "-" "Go 1.1 package http"
121.199.43.106 - - [25/Jun/2015:06:03:21 -0700] "GET /bbcode.js HTTP/1.1" 404 450 "-" "Go 1.1 package http"
121.199.43.106 - - [25/Jun/2015:06:03:22 -0700] "GET /newsfader.js HTTP/1.1" 404 450 "-" "Go 1.1 package http"
121.199.43.106 - - [25/Jun/2015:06:03:23 -0700] "GET /templates.cdb HTTP/1.1" 404 452 "-" "Go 1.1 package http"
121.199.43.106 - - [25/Jun/2015:06:03:23 -0700] "GET /u2upopup.js HTTP/1.1" 404 451 "-" "Go 1.1 package http"
121.199.43.106 - - [25/Jun/2015:06:03:24 -0700] "GET /admin/discuzfiles.md5 HTTP/1.1" 404 458 "-" "Go 1.1 package http"
121.199.43.106 - - [25/Jun/2015:06:03:24 -0700] "GET /api/manyou/cloud_channel.htm HTTP/1.1" 404 450 "-" "Go 1.1 package http"
121.199.43.106 - - [25/Jun/2015:06:03:25 -0700] "GET /images/admincp/admincp.js HTTP/1.1" 404 457 "-" "Go 1.1 package http"
121.199.43.106 - - [25/Jun/2015:06:03:25 -0700] "GET /include/javascript/ajax.js HTTP/1.1" 404 462 "-" "Go 1.1 package http"
121.199.43.106 - - [25/Jun/2015:06:03:26 -0700] "GET /mspace/default/style.ini HTTP/1.1" 404 459 "-" "Go 1.1 package http"
121.199.43.106 - - [25/Jun/2015:06:03:27 -0700] "GET /plugins/manyou/discuz_plugin_manyou.xml HTTP/1.1" 404 468 "-" "Go 1.1 package http"
121.199.43.106 - - [25/Jun/2015:06:03:27 -0700] "GET /source/plugin/myapp/discuz_plugin_myapp.xml HTTP/1.1" 404 471 "-" "Go 1.1 package http"
121.199.43.106 - - [25/Jun/2015:06:03:28 -0700] "GET /static/js/admincp.js HTTP/1.1" 404 456 "-" "Go 1.1 package http"
121.199.43.106 - - [25/Jun/2015:06:03:28 -0700] "GET /template/default/common/common.css HTTP/1.1" 404 463 "-" "Go 1.1 package http"
121.199.43.106 - - [25/Jun/2015:06:03:29 -0700] "GET /uc_server/view/default/admin_frame_main.htm HTTP/1.1" 404 450 "-" "Go 1.1 package http"
121.199.43.106 - - [25/Jun/2015:06:03:30 -0700] "GET /mspace/default1/style.ini HTTP/1.1" 404 460 "-" "Go 1.1 package http"
121.199.43.106 - - [25/Jun/2015:06:03:30 -0700] "GET /themes/README.txt HTTP/1.1" 404 455 "-" "Go 1.1 package http"
121.199.43.106 - - [25/Jun/2015:06:03:31 -0700] "GET /themes/README.txt HTTP/1.1" 404 455 "-" "Go 1.1 package http"
121.199.43.106 - - [25/Jun/2015:06:03:31 -0700] "GET /README.txt HTTP/1.1" 404 451 "-" "Go 1.1 package http"
121.199.43.106 - - [25/Jun/2015:06:03:32 -0700] "GET /README.txt HTTP/1.1" 404 451 "-" "Go 1.1 package http"
121.199.43.106 - - [25/Jun/2015:06:03:32 -0700] "GET /themes/garland/images/menu-expanded.gif HTTP/1.1" 404 470 "-" "Go 1.1 package http"
121.199.43.106 - - [25/Jun/2015:06:03:33 -0700] "GET /themes/garland/images/task-list.png HTTP/1.1" 404 467 "-" "Go 1.1 package http"
121.199.43.106 - - [25/Jun/2015:06:03:34 -0700] "GET /.htaccess HTTP/1.1" 403 449 "-" "Go 1.1 package http"
121.199.43.106 - - [25/Jun/2015:06:03:34 -0700] "GET /sites/all/themes/README.txt HTTP/1.1" 404 461 "-" "Go 1.1 package http"
121.199.43.106 - - [25/Jun/2015:06:03:35 -0700] "GET /.htaccess HTTP/1.1" 403 449 "-" "Go 1.1 package http"
121.199.43.106 - - [25/Jun/2015:06:03:35 -0700] "GET /INSTALL HTTP/1.1" 404 450 "-" "Go 1.1 package http"
121.199.43.106 - - [25/Jun/2015:06:03:36 -0700] "GET /MAINTAINERS HTTP/1.1" 404 450 "-" "Go 1.1 package http"
121.199.43.106 - - [25/Jun/2015:06:03:36 -0700] "GET /.gitattributes HTTP/1.1" 404 452 "-" "Go 1.1 package http"
121.199.43.106 - - [25/Jun/2015:06:03:37 -0700] "GET /example.gitignore HTTP/1.1" 404 456 "-" "Go 1.1 package http"
121.199.43.106 - - [25/Jun/2015:06:03:38 -0700] "GET /README.txt HTTP/1.1" 404 451 "-" "Go 1.1 package http"
121.199.43.106 - - [25/Jun/2015:06:03:38 -0700] "GET /themes/README.txt HTTP/1.1" 404 455 "-" "Go 1.1 package http"
121.199.43.106 - - [25/Jun/2015:06:03:39 -0700] "GET /sites/README.txt HTTP/1.1" 404 455 "-" "Go 1.1 package http"
121.199.43.106 - - [25/Jun/2015:06:03:39 -0700] "GET /profiles/README.txt HTTP/1.1" 404 457 "-" "Go 1.1 package http"
121.199.43.106 - - [25/Jun/2015:06:03:40 -0700] "GET /modules/README.txt HTTP/1.1" 404 474 "-" "Go 1.1 package http"
121.199.43.106 - - [25/Jun/2015:06:03:41 -0700] "GET /core/CHANGELOG.txt HTTP/1.1" 404 456 "-" "Go 1.1 package http"
121.199.43.106 - - [25/Jun/2015:06:03:42 -0700] "GET /core/vendor/README.txt HTTP/1.1" 404 459 "-" "Go 1.1 package http"
121.199.43.106 - - [25/Jun/2015:06:03:42 -0700] "GET /.editorconfig HTTP/1.1" 404 453 "-" "Go 1.1 package http"
121.199.43.106 - - [25/Jun/2015:06:03:43 -0700] "GET /CHANGELOG.txt HTTP/1.1" 404 454 "-" "Go 1.1 package http"
121.199.43.106 - - [25/Jun/2015:06:03:43 -0700] "GET /COPYRIGHT.txt HTTP/1.1" 404 454 "-" "Go 1.1 package http"
121.199.43.106 - - [25/Jun/2015:06:03:44 -0700] "GET /INSTALL.mysql.txt HTTP/1.1" 404 456 "-" "Go 1.1 package http"
121.199.43.106 - - [25/Jun/2015:06:03:44 -0700] "GET /INSTALL.pgsql.txt HTTP/1.1" 404 457 "-" "Go 1.1 package http"
121.199.43.106 - - [25/Jun/2015:06:03:45 -0700] "GET /INSTALL.sqlite.txt HTTP/1.1" 404 456 "-" "Go 1.1 package http"
121.199.43.106 - - [25/Jun/2015:06:03:46 -0700] "GET /INSTALL.txt HTTP/1.1" 404 452 "-" "Go 1.1 package http"
121.199.43.106 - - [25/Jun/2015:06:03:46 -0700] "GET /MAINTAINERS.txt HTTP/1.1" 404 454 "-" "Go 1.1 package http"
121.199.43.106 - - [25/Jun/2015:06:03:47 -0700] "GET /UPGRADE.txt HTTP/1.1" 404 452 "-" "Go 1.1 package http"
121.199.43.106 - - [25/Jun/2015:06:03:47 -0700] "GET /themes/bartik/color/preview.js HTTP/1.1" 404 463 "-" "Go 1.1 package http"
121.199.43.106 - - [25/Jun/2015:06:03:48 -0700] "GET /sites/all/modules/README.txt HTTP/1.1" 404 462 "-" "Go 1.1 package http"
121.199.43.106 - - [25/Jun/2015:06:03:48 -0700] "GET /scripts/test.script HTTP/1.1" 404 451 "-" "Go 1.1 package http"
121.199.43.106 - - [25/Jun/2015:06:03:49 -0700] "GET /modules/user/user.info HTTP/1.1" 404 455 "-" "Go 1.1 package http"
121.199.43.106 - - [25/Jun/2015:06:03:50 -0700] "GET /misc/ajax.js HTTP/1.1" 404 453 "-" "Go 1.1 package http"
121.199.43.106 - - [25/Jun/2015:06:03:50 -0700] "GET /themes/tests/README.txt HTTP/1.1" 404 459 "-" "Go 1.1 package http"
121.199.43.106 - - [25/Jun/2015:06:03:51 -0700] "GET /sites/all/README.txt HTTP/1.1" 404 457 "-" "Go 1.1 package http"
121.199.43.106 - - [25/Jun/2015:06:03:51 -0700] "GET /Admin/images/admin.js HTTP/1.1" 404 457 "-" "Go 1.1 package http"
121.199.43.106 - - [25/Jun/2015:06:03:52 -0700] "GET /admin/inc/admin.js HTTP/1.1" 404 453 "-" "Go 1.1 package http"
121.199.43.106 - - [25/Jun/2015:06:03:52 -0700] "GET /admin/left.htm HTTP/1.1" 404 450 "-" "Go 1.1 package http"
121.199.43.106 - - [25/Jun/2015:06:03:53 -0700] "GET /boke/CacheFile/System.config HTTP/1.1" 404 462 "-" "Go 1.1 package http"
