24.143.115.216 - - [23/Mar/2016:22:49:53 -0700] "GET /images/button.png HTTP/1.1" 304 185 "http://whereshouldiski.com/" "Mozilla/5.0 (iPad; CPU OS 9_2_1 like Mac OS X) AppleWebKit/601.1.46 (KHTML, like Gecko) Version/9.0 Mobile/13D15 Safari/601.1"
24.143.115.216 - - [23/Mar/2016:22:49:53 -0700] "GET /lib/reccapi.php?fields=t HTTP/1.1" 200 1927 "http://whereshouldiski.com/" "Mozilla/5.0 (iPad; CPU OS 9_2_1 like Mac OS X) AppleWebKit/601.1.46 (KHTML, like Gecko) Version/9.0 Mobile/13D15 Safari/601.1"
24.143.115.216 - - [23/Mar/2016:22:49:53 -0700] "GET /images/snowflake5.png HTTP/1.1" 200 2857 "http://whereshouldiski.com/" "Mozilla/5.0 (iPad; CPU OS 9_2_1 like Mac OS X) AppleWebKit/601.1.46 (KHTML, like Gecko) Version/9.0 Mobile/13D15 Safari/601.1"
24.143.115.216 - - [23/Mar/2016:22:49:53 -0700] "GET /images/mtns-icon.png HTTP/1.1" 200 1096 "http://whereshouldiski.com/" "Mozilla/5.0 (iPad; CPU OS 9_2_1 like Mac OS X) AppleWebKit/601.1.46 (KHTML, like Gecko) Version/9.0 Mobile/13D15 Safari/601.1"
24.143.115.216 - - [23/Mar/2016:22:49:53 -0700] "GET /images/bluebird5.png HTTP/1.1" 304 185 "http://whereshouldiski.com/" "Mozilla/5.0 (iPad; CPU OS 9_2_1 like Mac OS X) AppleWebKit/601.1.46 (KHTML, like Gecko) Version/9.0 Mobile/13D15 Safari/601.1"
24.143.115.216 - - [23/Mar/2016:22:49:53 -0700] "GET /images/star5.png HTTP/1.1" 304 185 "http://whereshouldiski.com/" "Mozilla/5.0 (iPad; CPU OS 9_2_1 like Mac OS X) AppleWebKit/601.1.46 (KHTML, like Gecko) Version/9.0 Mobile/13D15 Safari/601.1"
24.143.115.216 - - [23/Mar/2016:22:49:53 -0700] "GET /images/shading-icon.png HTTP/1.1" 304 184 "http://whereshouldiski.com/" "Mozilla/5.0 (iPad; CPU OS 9_2_1 like Mac OS X) AppleWebKit/601.1.46 (KHTML, like Gecko) Version/9.0 Mobile/13D15 Safari/601.1"
24.143.115.216 - - [23/Mar/2016:22:49:54 -0700] "GET /lib/reccapi.php?fields=t&coords=47.598601946476734,-122.29840307134387 HTTP/1.1" 200 2117 "http://whereshouldiski.com/" "Mozilla/5.0 (iPad; CPU OS 9_2_1 like Mac OS X) AppleWebKit/601.1.46 (KHTML, like Gecko) Version/9.0 Mobile/13D15 Safari/601.1"
24.143.115.216 - - [23/Mar/2016:22:49:58 -0700] "GET /lib/reccapi.php?fields=t&coords=47.598601946476734,-122.29840307134387&distance=100 HTTP/1.1" 200 1654 "http://whereshouldiski.com/" "Mozilla/5.0 (iPad; CPU OS 9_2_1 like Mac OS X) AppleWebKit/601.1.46 (KHTML, like Gecko) Version/9.0 Mobile/13D15 Safari/601.1"
24.143.115.216 - - [23/Mar/2016:22:49:58 -0700] "GET /images/greenHeader.png HTTP/1.1" 200 508 "http://whereshouldiski.com/" "Mozilla/5.0 (iPad; CPU OS 9_2_1 like Mac OS X) AppleWebKit/601.1.46 (KHTML, like Gecko) Version/9.0 Mobile/13D15 Safari/601.1"
24.143.115.216 - - [23/Mar/2016:22:50:04 -0700] "GET /lib/reccapi.php?resort=snoqualmie-alpental&date=2016-03-26 HTTP/1.1" 200 992 "http://whereshouldiski.com/" "Mozilla/5.0 (iPad; CPU OS 9_2_1 like Mac OS X) AppleWebKit/601.1.46 (KHTML, like Gecko) Version/9.0 Mobile/13D15 Safari/601.1"
24.143.115.216 - - [23/Mar/2016:22:50:04 -0700] "GET /images/snowforecast-logo.jpg HTTP/1.1" 200 22988 "http://whereshouldiski.com/" "Mozilla/5.0 (iPad; CPU OS 9_2_1 like Mac OS X) AppleWebKit/601.1.46 (KHTML, like Gecko) Version/9.0 Mobile/13D15 Safari/601.1"
24.143.115.216 - - [23/Mar/2016:22:50:04 -0700] "GET /images/snowflake-med-5.png HTTP/1.1" 200 6157 "http://whereshouldiski.com/" "Mozilla/5.0 (iPad; CPU OS 9_2_1 like Mac OS X) AppleWebKit/601.1.46 (KHTML, like Gecko) Version/9.0 Mobile/13D15 Safari/601.1"
24.143.115.216 - - [23/Mar/2016:22:50:04 -0700] "GET /images/mtns-30px.png HTTP/1.1" 200 1201 "http://whereshouldiski.com/" "Mozilla/5.0 (iPad; CPU OS 9_2_1 like Mac OS X) AppleWebKit/601.1.46 (KHTML, like Gecko) Version/9.0 Mobile/13D15 Safari/601.1"
24.143.115.216 - - [23/Mar/2016:22:50:04 -0700] "GET /images/shading-53px.png HTTP/1.1" 200 547 "http://whereshouldiski.com/" "Mozilla/5.0 (iPad; CPU OS 9_2_1 like Mac OS X) AppleWebKit/601.1.46 (KHTML, like Gecko) Version/9.0 Mobile/13D15 Safari/601.1"
24.143.115.216 - - [23/Mar/2016:22:50:04 -0700] "GET /lib/reccapi.php?fields=t&date=2016-03-26&coords=47.44%2C-121.45&size=7&sort=distance HTTP/1.1" 200 1398 "http://whereshouldiski.com/" "Mozilla/5.0 (iPad; CPU OS 9_2_1 like Mac OS X) AppleWebKit/601.1.46 (KHTML, like Gecko) Version/9.0 Mobile/13D15 Safari/601.1"
24.143.115.216 - - [23/Mar/2016:22:50:04 -0700] "GET /lib/resortDataSearchD3.php?size=7&sortDate=T&resort=snoqualmie-alpental&dateStart=2016-03-24 HTTP/1.1" 200 707 "http://whereshouldiski.com/" "Mozilla/5.0 (iPad; CPU OS 9_2_1 like Mac OS X) AppleWebKit/601.1.46 (KHTML, like Gecko) Version/9.0 Mobile/13D15 Safari/601.1"
24.143.115.216 - - [23/Mar/2016:22:50:04 -0700] "GET /images/stars-med-5.png HTTP/1.1" 200 4124 "http://whereshouldiski.com/" "Mozilla/5.0 (iPad; CPU OS 9_2_1 like Mac OS X) AppleWebKit/601.1.46 (KHTML, like Gecko) Version/9.0 Mobile/13D15 Safari/601.1"
24.143.115.216 - - [23/Mar/2016:22:50:04 -0700] "GET /images/opensnow_logo.png HTTP/1.1" 200 11777 "http://whereshouldiski.com/" "Mozilla/5.0 (iPad; CPU OS 9_2_1 like Mac OS X) AppleWebKit/601.1.46 (KHTML, like Gecko) Version/9.0 Mobile/13D15 Safari/601.1"
24.143.115.216 - - [23/Mar/2016:22:50:04 -0700] "GET /images/sun-med-5.png HTTP/1.1" 200 7627 "http://whereshouldiski.com/" "Mozilla/5.0 (iPad; CPU OS 9_2_1 like Mac OS X) AppleWebKit/601.1.46 (KHTML, like Gecko) Version/9.0 Mobile/13D15 Safari/601.1"
127.0.0.1 - - [23/Mar/2016:22:50:10 -0700] "OPTIONS * HTTP/1.0" 200 126 "-" "Apache/2.2.22 (Ubuntu) (internal dummy connection)"
24.143.115.216 - - [23/Mar/2016:22:50:11 -0700] "GET /lib/reccapi.php?fields=t&coords=47.598601946476734,-122.29840307134387&distance=100 HTTP/1.1" 200 1655 "http://whereshouldiski.com/" "Mozilla/5.0 (iPad; CPU OS 9_2_1 like Mac OS X) AppleWebKit/601.1.46 (KHTML, like Gecko) Version/9.0 Mobile/13D15 Safari/601.1"
24.143.115.216 - - [23/Mar/2016:22:50:15 -0700] "GET /lib/reccapi.php?resort=snoqualmie-alpental&date=2016-03-26 HTTP/1.1" 200 991 "http://whereshouldiski.com/" "Mozilla/5.0 (iPad; CPU OS 9_2_1 like Mac OS X) AppleWebKit/601.1.46 (KHTML, like Gecko) Version/9.0 Mobile/13D15 Safari/601.1"
24.143.115.216 - - [23/Mar/2016:22:50:15 -0700] "GET /lib/reccapi.php?fields=t&coords=47.598601946476734,-122.29840307134387&date=2016-03-26&coords=47.44%2C-121.45&size=7&sort=distance HTTP/1.1" 200 1397 "http://whereshouldiski.com/" "Mozilla/5.0 (iPad; CPU OS 9_2_1 like Mac OS X) AppleWebKit/601.1.46 (KHTML, like Gecko) Version/9.0 Mobile/13D15 Safari/601.1"
24.143.115.216 - - [23/Mar/2016:22:50:15 -0700] "GET /lib/resortDataSearchD3.php?size=7&sortDate=T&resort=snoqualmie-alpental&dateStart=2016-03-24 HTTP/1.1" 200 708 "http://whereshouldiski.com/" "Mozilla/5.0 (iPad; CPU OS 9_2_1 like Mac OS X) AppleWebKit/601.1.46 (KHTML, like Gecko) Version/9.0 Mobile/13D15 Safari/601.1"
52.33.40.213 - - [23/Mar/2016:22:57:47 -0700] "GET /lib/reccapi.php?resort=kirkwood HTTP/1.1" 200 998 "-" "node-superagent/1.4.0"
50.152.131.147 - - [23/Mar/2016:23:00:24 -0700] "GET /images/wsis-logo-sm.png HTTP/1.1" 200 6108 "http://www.thebackcountry.net/" "Mozilla/5.0 (Windows NT 6.1; WOW64) AppleWebKit/537.36 (KHTML, like Gecko) Chrome/48.0.2564.116 Safari/537.36"
170.75.162.130 - - [23/Mar/2016:23:09:54 -0700] "GET /lib/reccapi.php?resort=snowmass HTTP/1.1" 200 1012 "-" "node-superagent/1.4.0"
66.249.79.93 - - [23/Mar/2016:23:18:20 -0700] "GET /lib/reccapi.php?resort=alpenglow&date=2016-03-20 HTTP/1.1" 200 1018 "http://whereshouldiski.com/" "Mozilla/5.0 (compatible; Googlebot/2.1; +http://www.google.com/bot.html)"
66.249.79.91 - - [23/Mar/2016:23:18:21 -0700] "GET /lib/resortDataSearchD3.php?size=7&sortDate=T&resort=alpenglow&dateStart=2016-03-18 HTTP/1.1" 200 878 "http://whereshouldiski.com/" "Mozilla/5.0 (compatible; Googlebot/2.1; +http://www.google.com/bot.html)"
66.249.79.91 - - [23/Mar/2016:23:18:22 -0700] "GET /lib/reccapi.php?fields=t&date=2016-03-20&coords=61.24%2C-149.5&size=7&sort=distance HTTP/1.1" 200 1311 "http://whereshouldiski.com/" "Mozilla/5.0 (compatible; Googlebot/2.1; +http://www.google.com/bot.html)"
66.249.74.54 - - [23/Mar/2016:23:19:15 -0700] "GET /robots.txt HTTP/1.1" 200 419 "-" "Mozilla/5.0 (compatible; Googlebot/2.1; +http://www.google.com/bot.html)"
66.249.74.58 - - [23/Mar/2016:23:19:15 -0700] "GET /scripts/fa48e319.main.js HTTP/1.1" 200 123456 "-" "Mozilla/5.0 (compatible; Googlebot/2.1; +http://www.google.com/bot.html)"
66.249.74.56 - - [23/Mar/2016:23:19:16 -0700] "GET /bower_components/requirejs/require.js HTTP/1.1" 200 6702 "-" "Mozilla/5.0 (compatible; Googlebot/2.1; +http://www.google.com/bot.html)"
66.249.74.56 - - [23/Mar/2016:23:19:16 -0700] "GET /styles/ee08faa9.main.css HTTP/1.1" 200 19446 "-" "Mozilla/5.0 (compatible; Googlebot/2.1; +http://www.google.com/bot.html)"
66.249.74.56 - - [23/Mar/2016:23:19:17 -0700] "GET /scripts/scripts/vendor/modernizr.js HTTP/1.1" 200 4902 "-" "Mozilla/5.0 (compatible; Googlebot/2.1; +http://www.google.com/bot.html)"
66.249.79.95 - - [23/Mar/2016:23:19:27 -0700] "GET /lib/reccapi.php?fields=t HTTP/1.1" 200 1928 "http://www.whereshouldiski.com/" "Mozilla/5.0 (compatible; Googlebot/2.1; +http://www.google.com/bot.html)"
170.75.162.130 - - [23/Mar/2016:23:27:46 -0700] "GET /lib/reccapi.php?resort=sierra-at-tahoe HTTP/1.1" 200 973 "-" "node-superagent/1.4.0"
52.33.40.213 - - [23/Mar/2016:23:29:12 -0700] "GET /lib/reccapi.php?resort=mammothmountain HTTP/1.1" 200 988 "-" "node-superagent/1.4.0"
180.76.15.8 - - [23/Mar/2016:23:32:58 -0700] "GET / HTTP/1.1" 200 6995 "-" "Mozilla/5.0 (compatible; Baiduspider/2.0; +http://www.baidu.com/search/spider.html)"
180.76.15.134 - - [23/Mar/2016:23:33:57 -0700] "GET / HTTP/1.1" 200 6995 "-" "Mozilla/5.0 (compatible; Baiduspider/2.0; +http://www.baidu.com/search/spider.html)"
170.75.162.130 - - [23/Mar/2016:23:44:38 -0700] "GET /lib/reccapi.php?resort=monarch HTTP/1.1" 200 1051 "-" "node-superagent/1.4.0"
170.75.162.130 - - [23/Mar/2016:23:44:38 -0700] "GET /lib/reccapi.php?resort=winterpark HTTP/1.1" 200 927 "-" "node-superagent/1.4.0"
170.75.162.130 - - [23/Mar/2016:23:44:38 -0700] "GET /lib/reccapi.php?resort=aspenheights HTTP/1.1" 200 1043 "-" "node-superagent/1.4.0"
170.75.162.130 - - [23/Mar/2016:23:44:38 -0700] "GET /lib/reccapi.php?resort=buttermilk HTTP/1.1" 200 1020 "-" "node-superagent/1.4.0"
170.75.162.130 - - [23/Mar/2016:23:44:48 -0700] "GET /lib/reccapi.php?resort=steamboat HTTP/1.1" 200 1045 "-" "node-superagent/1.4.0"
170.75.162.130 - - [23/Mar/2016:23:47:19 -0700] "GET /lib/reccapi.php?resort=jaypeak HTTP/1.1" 200 1076 "-" "node-superagent/1.4.0"
170.75.162.130 - - [23/Mar/2016:23:47:19 -0700] "GET /lib/reccapi.php?resort=killington HTTP/1.1" 200 1079 "-" "node-superagent/1.4.0"
170.75.162.130 - - [23/Mar/2016:23:47:19 -0700] "GET /lib/reccapi.php?resort=madriverglen HTTP/1.1" 200 1041 "-" "node-superagent/1.4.0"
170.75.162.130 - - [23/Mar/2016:23:47:19 -0700] "GET /lib/reccapi.php?resort=smugglersnotch HTTP/1.1" 200 1074 "-" "node-superagent/1.4.0"
170.75.162.130 - - [23/Mar/2016:23:47:19 -0700] "GET /lib/reccapi.php?resort=stowe HTTP/1.1" 200 1057 "-" "node-superagent/1.4.0"
170.75.162.130 - - [23/Mar/2016:23:47:20 -0700] "GET /lib/reccapi.php?resort=sugarbush HTTP/1.1" 200 1034 "-" "node-superagent/1.4.0"
52.33.40.213 - - [23/Mar/2016:23:50:05 -0700] "GET /lib/reccapi.php?resort=aspenheights HTTP/1.1" 200 1043 "-" "node-superagent/1.4.0"
170.75.162.130 - - [24/Mar/2016:00:07:51 -0700] "GET /lib/reccapi.php?resort=alyeska HTTP/1.1" 200 1011 "-" "node-superagent/1.4.0"
52.33.40.213 - - [24/Mar/2016:00:26:16 -0700] "GET /lib/reccapi.php?resort=stowe HTTP/1.1" 200 1030 "-" "node-superagent/1.4.0"
52.33.40.213 - - [24/Mar/2016:00:26:26 -0700] "GET /lib/reccapi.php?resort=sugarbush HTTP/1.1" 200 1079 "-" "node-superagent/1.4.0"
52.33.40.213 - - [24/Mar/2016:00:26:26 -0700] "GET /lib/reccapi.php?resort=whistlerblackcomb HTTP/1.1" 200 934 "-" "node-superagent/1.4.0"
52.33.40.213 - - [24/Mar/2016:00:26:26 -0700] "GET /lib/reccapi.php?resort=madriverglen HTTP/1.1" 200 1089 "-" "node-superagent/1.4.0"
52.33.40.213 - - [24/Mar/2016:00:26:26 -0700] "GET /lib/reccapi.php?resort=sugarloaf HTTP/1.1" 200 1021 "-" "node-superagent/1.4.0"
66.249.79.95 - - [24/Mar/2016:00:27:59 -0700] "GET /lib/reccapi.php?resort=49degreesnorth&date=2016-03-21 HTTP/1.1" 200 1077 "http://whereshouldiski.com/" "Mozilla/5.0 (compatible; Googlebot/2.1; +http://www.google.com/bot.html)"
66.249.79.91 - - [24/Mar/2016:00:28:00 -0700] "GET /lib/resortDataSearchD3.php?size=7&sortDate=T&resort=49degreesnorth&dateStart=2016-03-19 HTTP/1.1" 200 872 "http://whereshouldiski.com/" "Mozilla/5.0 (compatible; Googlebot/2.1; +http://www.google.com/bot.html)"
66.249.79.93 - - [24/Mar/2016:00:28:02 -0700] "GET /lib/reccapi.php?fields=t&date=2016-03-21&coords=48.28%2C-117.56&size=7&sort=distance HTTP/1.1" 200 1348 "http://whereshouldiski.com/" "Mozilla/5.0 (compatible; Googlebot/2.1; +http://www.google.com/bot.html)"
180.76.15.30 - - [24/Mar/2016:00:32:00 -0700] "GET / HTTP/1.1" 200 6995 "-" "Mozilla/5.0 (compatible; Baiduspider/2.0; +http://www.baidu.com/search/spider.html)"
180.76.15.5 - - [24/Mar/2016:00:32:57 -0700] "GET / HTTP/1.1" 200 6995 "-" "Mozilla/5.0 (compatible; Baiduspider/2.0; +http://www.baidu.com/search/spider.html)"
170.75.162.130 - - [24/Mar/2016:00:34:55 -0700] "GET /lib/reccapi.php?resort=sunvalley HTTP/1.1" 200 1078 "-" "node-superagent/1.4.0"
170.75.162.130 - - [24/Mar/2016:00:34:55 -0700] "GET /lib/reccapi.php?resort=schweitzer HTTP/1.1" 200 1025 "-" "node-superagent/1.4.0"
170.75.162.130 - - [24/Mar/2016:00:35:25 -0700] "GET /lib/reccapi.php?resort=bigwhite HTTP/1.1" 200 922 "-" "node-superagent/1.4.0"
50.184.5.63 - - [24/Mar/2016:00:37:43 -0700] "GET /images/wsis-logo-sm.png HTTP/1.1" 200 6108 "http://www.thebackcountry.net/" "Mozilla/5.0 (Macintosh; Intel Mac OS X 10_11_4) AppleWebKit/601.5.17 (KHTML, like Gecko) Version/9.1 Safari/601.5.17"
52.33.40.213 - - [24/Mar/2016:00:39:07 -0700] "GET /lib/reccapi.php?resort=hoodoo HTTP/1.1" 200 1044 "-" "node-superagent/1.4.0"
170.75.162.130 - - [24/Mar/2016:00:40:56 -0700] "GET /lib/reccapi.php?resort=heavenly HTTP/1.1" 200 991 "-" "node-superagent/1.4.0"
66.249.79.93 - - [24/Mar/2016:00:50:18 -0700] "GET /lib/reccapi.php?resort=jaypeak&date=2016-01-02 HTTP/1.1" 200 721 "http://whereshouldiski.com/" "Mozilla/5.0 (compatible; Googlebot/2.1; +http://www.google.com/bot.html)"
52.33.40.213 - - [24/Mar/2016:00:51:56 -0700] "GET /lib/reccapi.php?resort=monarch HTTP/1.1" 200 968 "-" "node-superagent/1.4.0"
52.33.40.213 - - [24/Mar/2016:00:52:16 -0700] "GET /lib/reccapi.php?resort=49degreesnorth HTTP/1.1" 200 1083 "-" "node-superagent/1.4.0"
52.33.40.213 - - [24/Mar/2016:00:55:57 -0700] "GET /lib/reccapi.php?resort=bigwhite HTTP/1.1" 200 922 "-" "node-superagent/1.4.0"
52.33.40.213 - - [24/Mar/2016:00:57:07 -0700] "GET /lib/reccapi.php?resort=diamondpeak HTTP/1.1" 200 941 "-" "node-superagent/1.4.0"
52.33.40.213 - - [24/Mar/2016:00:57:17 -0700] "GET /lib/reccapi.php?resort=devilshead HTTP/1.1" 200 1093 "-" "node-superagent/1.4.0"
52.33.40.213 - - [24/Mar/2016:00:58:37 -0700] "GET /lib/reccapi.php?resort=sunpeaksresort HTTP/1.1" 200 922 "-" "node-superagent/1.4.0"
52.33.40.213 - - [24/Mar/2016:00:58:47 -0700] "GET /lib/reccapi.php?resort=loveland HTTP/1.1" 200 1083 "-" "node-superagent/1.4.0"
52.33.40.213 - - [24/Mar/2016:00:58:47 -0700] "GET /lib/reccapi.php?resort=redmountain HTTP/1.1" 200 913 "-" "node-superagent/1.4.0"
52.33.40.213 - - [24/Mar/2016:00:58:47 -0700] "GET /lib/reccapi.php?resort=mountainhigh HTTP/1.1" 200 1018 "-" "node-superagent/1.4.0"
52.33.40.213 - - [24/Mar/2016:00:59:37 -0700] "GET /lib/reccapi.php?resort=wildcatmountain HTTP/1.1" 200 1090 "-" "node-superagent/1.4.0"
52.33.40.213 - - [24/Mar/2016:01:00:07 -0700] "GET /lib/reccapi.php?resort=snowbasin HTTP/1.1" 200 1035 "-" "node-superagent/1.4.0"
52.33.40.213 - - [24/Mar/2016:01:00:07 -0700] "GET /lib/reccapi.php?resort=silverstarmountain HTTP/1.1" 200 938 "-" "node-superagent/1.4.0"
170.75.162.130 - - [24/Mar/2016:01:06:19 -0700] "GET /lib/reccapi.php?resort=homewoodmountain HTTP/1.1" 200 999 "-" "node-superagent/1.4.0"
170.75.162.130 - - [24/Mar/2016:01:23:42 -0700] "GET /lib/reccapi.php?resort=parkcity HTTP/1.1" 200 1040 "-" "node-superagent/1.4.0"
180.76.15.20 - - [24/Mar/2016:01:30:40 -0700] "GET / HTTP/1.1" 200 6995 "-" "Mozilla/5.0 (compatible; Baiduspider/2.0; +http://www.baidu.com/search/spider.html)"
170.75.162.130 - - [24/Mar/2016:01:30:43 -0700] "GET /lib/reccapi.php?resort=redlodge HTTP/1.1" 200 1099 "-" "node-superagent/1.4.0"
180.76.15.136 - - [24/Mar/2016:01:31:33 -0700] "GET / HTTP/1.1" 200 6995 "-" "Mozilla/5.0 (compatible; Baiduspider/2.0; +http://www.baidu.com/search/spider.html)"
170.75.162.130 - - [24/Mar/2016:01:31:43 -0700] "GET /lib/reccapi.php?resort=loveland HTTP/1.1" 200 1083 "-" "node-superagent/1.4.0"
170.75.162.130 - - [24/Mar/2016:01:34:13 -0700] "GET /lib/reccapi.php?resort=angelfire HTTP/1.1" 200 979 "-" "node-superagent/1.4.0"
170.75.162.130 - - [24/Mar/2016:01:34:13 -0700] "GET /lib/reccapi.php?resort=taos HTTP/1.1" 200 959 "-" "node-superagent/1.4.0"
170.75.162.130 - - [24/Mar/2016:01:40:04 -0700] "GET /lib/reccapi.php?resort=redmountain HTTP/1.1" 200 913 "-" "node-superagent/1.4.0"
170.75.162.130 - - [24/Mar/2016:01:40:04 -0700] "GET /lib/reccapi.php?resort=silverstarmountain HTTP/1.1" 200 938 "-" "node-superagent/1.4.0"
170.75.162.130 - - [24/Mar/2016:01:40:04 -0700] "GET /lib/reccapi.php?resort=sunpeaksresort HTTP/1.1" 200 922 "-" "node-superagent/1.4.0"
170.75.162.130 - - [24/Mar/2016:01:40:04 -0700] "GET /lib/reccapi.php?resort=whistlerblackcomb HTTP/1.1" 200 934 "-" "node-superagent/1.4.0"
170.75.162.130 - - [24/Mar/2016:01:50:35 -0700] "GET /lib/reccapi.php?resort=northstar-at-tahoe HTTP/1.1" 200 965 "-" "node-superagent/1.4.0"
170.75.162.130 - - [24/Mar/2016:01:53:46 -0700] "GET /lib/reccapi.php?resort=squawvalleyusa HTTP/1.1" 200 990 "-" "node-superagent/1.4.0"
66.249.79.93 - - [24/Mar/2016:02:07:22 -0700] "GET /resorts?resort=skicooper&date=2014-02-02 HTTP/1.1" 404 506 "-" "Mozilla/5.0 (iPhone; CPU iPhone OS 8_3 like Mac OS X) AppleWebKit/600.1.4 (KHTML, like Gecko) Version/8.0 Mobile/12F70 Safari/600.1.4 (compatible; Googlebot/2.1; +http://www.google.com/bot.html)"
170.75.162.130 - - [24/Mar/2016:02:17:49 -0700] "GET /lib/reccapi.php?resort=cannonmountain HTTP/1.1" 200 1044 "-" "node-superagent/1.4.0"
118.193.162.96 - - [24/Mar/2016:02:21:16 -0700] "GET / HTTP/1.1" 200 7032 "-" "-"
52.33.40.213 - - [24/Mar/2016:02:22:34 -0700] "GET /lib/reccapi.php?resort=smugglersnotch HTTP/1.1" 200 1064 "-" "node-superagent/1.4.0"
66.249.79.95 - - [24/Mar/2016:02:23:24 -0700] "GET /resorts?resort=belleayre&date=2014-02-05 HTTP/1.1" 404 506 "-" "Mozilla/5.0 (iPhone; CPU iPhone OS 8_3 like Mac OS X) AppleWebKit/600.1.4 (KHTML, like Gecko) Version/8.0 Mobile/12F70 Safari/600.1.4 (compatible; Googlebot/2.1; +http://www.google.com/bot.html)"
170.75.162.130 - - [24/Mar/2016:02:23:50 -0700] "GET /lib/reccapi.php?resort=alta HTTP/1.1" 200 1022 "-" "node-superagent/1.4.0"
170.75.162.130 - - [24/Mar/2016:02:23:50 -0700] "GET /lib/reccapi.php?resort=sugarloaf HTTP/1.1" 200 1021 "-" "node-superagent/1.4.0"
141.8.143.217 - - [24/Mar/2016:02:24:14 -0700] "GET /robots.txt HTTP/1.1" 200 375 "-" "Mozilla/5.0 (compatible; YandexBot/3.0; +http://yandex.com/bots)"
180.76.15.154 - - [24/Mar/2016:02:31:05 -0700] "GET / HTTP/1.1" 200 6995 "-" "Mozilla/5.0 (compatible; Baiduspider/2.0; +http://www.baidu.com/search/spider.html)"
180.76.15.20 - - [24/Mar/2016:02:32:00 -0700] "GET / HTTP/1.1" 200 6995 "-" "Mozilla/5.0 (compatible; Baiduspider/2.0; +http://www.baidu.com/search/spider.html)"
170.75.162.130 - - [24/Mar/2016:02:37:41 -0700] "GET /lib/reccapi.php?resort=snowbird HTTP/1.1" 200 1034 "-" "node-superagent/1.4.0"
170.75.162.130 - - [24/Mar/2016:02:48:43 -0700] "GET /lib/reccapi.php?resort=mountainhigh HTTP/1.1" 200 1018 "-" "node-superagent/1.4.0"
170.75.162.130 - - [24/Mar/2016:02:52:43 -0700] "GET /lib/reccapi.php?resort=alpinemeadows HTTP/1.1" 200 1023 "-" "node-superagent/1.4.0"
170.75.162.130 - - [24/Mar/2016:02:52:43 -0700] "GET /lib/reccapi.php?resort=mammothmountain HTTP/1.1" 200 996 "-" "node-superagent/1.4.0"
170.75.162.130 - - [24/Mar/2016:02:52:43 -0700] "GET /lib/reccapi.php?resort=chinapeak HTTP/1.1" 200 983 "-" "node-superagent/1.4.0"
170.75.162.130 - - [24/Mar/2016:02:57:54 -0700] "GET /lib/reccapi.php?resort=stevenspass HTTP/1.1" 200 1022 "-" "node-superagent/1.4.0"
68.180.230.94 - - [24/Mar/2016:03:01:10 -0700] "GET /robots.txt HTTP/1.1" 200 319 "-" "Mozilla/5.0 (compatible; Yahoo! Slurp; http://help.yahoo.com/help/us/ysearch/slurp)"
68.180.230.94 - - [24/Mar/2016:03:01:10 -0700] "GET / HTTP/1.1" 200 2559 "-" "Mozilla/5.0 (compatible; Yahoo! Slurp; http://help.yahoo.com/help/us/ysearch/slurp)"
170.75.162.130 - - [24/Mar/2016:03:02:05 -0700] "GET /lib/reccapi.php?resort=49degreesnorth HTTP/1.1" 200 1083 "-" "node-superagent/1.4.0"
66.249.79.93 - - [24/Mar/2016:03:30:41 -0700] "GET /lib/reccapi.php?resort=jaypeak&date=2016-01-04 HTTP/1.1" 200 721 "http://whereshouldiski.com/" "Mozilla/5.0 (compatible; Googlebot/2.1; +http://www.google.com/bot.html)"
180.76.15.150 - - [24/Mar/2016:03:31:11 -0700] "GET / HTTP/1.1" 200 6995 "-" "Mozilla/5.0 (compatible; Baiduspider/2.0; +http://www.baidu.com/search/spider.html)"
180.76.15.151 - - [24/Mar/2016:03:32:06 -0700] "GET / HTTP/1.1" 200 6995 "-" "Mozilla/5.0 (compatible; Baiduspider/2.0; +http://www.baidu.com/search/spider.html)"
180.76.15.142 - - [24/Mar/2016:03:32:40 -0700] "GET /resorts?resort=whitepine HTTP/1.1" 404 469 "-" "Mozilla/5.0 (compatible; Baiduspider/2.0; +http://www.baidu.com/search/spider.html)"
170.75.162.130 - - [24/Mar/2016:03:37:15 -0700] "GET /lib/reccapi.php?resort=whitefacemountain HTTP/1.1" 200 1087 "-" "node-superagent/1.4.0"
52.33.40.213 - - [24/Mar/2016:04:00:43 -0700] "GET /lib/reccapi.php?resort=schweitzer HTTP/1.1" 200 1025 "-" "node-superagent/1.4.0"
52.33.40.213 - - [24/Mar/2016:04:00:43 -0700] "GET /lib/reccapi.php?resort=mountspokane HTTP/1.1" 200 1057 "-" "node-superagent/1.4.0"
52.33.40.213 - - [24/Mar/2016:04:00:43 -0700] "GET /lib/reccapi.php?resort=mountbachelor HTTP/1.1" 200 1086 "-" "node-superagent/1.4.0"
52.33.40.213 - - [24/Mar/2016:04:01:43 -0700] "GET /lib/reccapi.php?resort=stevenspass HTTP/1.1" 200 1022 "-" "node-superagent/1.4.0"
52.33.40.213 - - [24/Mar/2016:04:06:03 -0700] "GET /lib/reccapi.php?resort=snowbird HTTP/1.1" 200 1034 "-" "node-superagent/1.4.0"
170.75.162.130 - - [24/Mar/2016:04:10:19 -0700] "GET /lib/reccapi.php?resort=killington HTTP/1.1" 200 1053 "-" "node-superagent/1.4.0"
180.76.15.14 - - [24/Mar/2016:04:14:55 -0700] "GET / HTTP/1.1" 200 2578 "-" "Mozilla/5.0 (compatible; Baiduspider/2.0; +http://www.baidu.com/search/spider.html)"
180.76.15.158 - - [24/Mar/2016:04:31:29 -0700] "GET / HTTP/1.1" 200 6995 "-" "Mozilla/5.0 (compatible; Baiduspider/2.0; +http://www.baidu.com/search/spider.html)"
180.76.15.159 - - [24/Mar/2016:04:32:23 -0700] "GET / HTTP/1.1" 200 6995 "-" "Mozilla/5.0 (compatible; Baiduspider/2.0; +http://www.baidu.com/search/spider.html)"
71.9.106.223 - - [24/Mar/2016:04:38:20 -0700] "GET /images/wsis-logo-sm.png HTTP/1.1" 200 6108 "http://www.thebackcountry.net/" "Mozilla/5.0 (Windows NT 10.0; WOW64) AppleWebKit/537.36 (KHTML, like Gecko) Chrome/49.0.2623.87 Safari/537.36"
180.76.15.30 - - [24/Mar/2016:04:39:38 -0700] "GET /resorts?resort=taos HTTP/1.1" 404 469 "-" "Mozilla/5.0 (compatible; Baiduspider/2.0; +http://www.baidu.com/search/spider.html)"
170.75.162.130 - - [24/Mar/2016:04:43:34 -0700] "GET /lib/reccapi.php?resort=diamondpeak HTTP/1.1" 200 941 "-" "node-superagent/1.4.0"
170.75.162.130 - - [24/Mar/2016:04:43:34 -0700] "GET /lib/reccapi.php?resort=heavenly HTTP/1.1" 200 991 "-" "node-superagent/1.4.0"
170.75.162.130 - - [24/Mar/2016:04:43:34 -0700] "GET /lib/reccapi.php?resort=kirkwood HTTP/1.1" 200 980 "-" "node-superagent/1.4.0"
170.75.162.130 - - [24/Mar/2016:04:43:34 -0700] "GET /lib/reccapi.php?resort=mtrose HTTP/1.1" 200 962 "-" "node-superagent/1.4.0"
170.75.162.130 - - [24/Mar/2016:04:43:34 -0700] "GET /lib/reccapi.php?resort=sierra-at-tahoe HTTP/1.1" 200 959 "-" "node-superagent/1.4.0"
170.75.162.130 - - [24/Mar/2016:04:43:34 -0700] "GET /lib/reccapi.php?resort=sugarbowl HTTP/1.1" 200 956 "-" "node-superagent/1.4.0"
170.75.162.130 - - [24/Mar/2016:04:57:05 -0700] "GET /lib/reccapi.php?resort=monarch HTTP/1.1" 200 968 "-" "node-superagent/1.4.0"
141.8.143.217 - - [24/Mar/2016:05:12:59 -0700] "GET /images/wsis-logo-sm.png HTTP/1.1" 200 6108 "-" "Mozilla/5.0 (compatible; YandexImages/3.0; +http://yandex.com/bots)"
144.76.4.148 - - [24/Mar/2016:05:21:39 -0700] "GET /robots.txt HTTP/1.0" 200 338 "-" "Mozilla/5.0 (compatible; MJ12bot/v1.4.5; http://www.majestic12.co.uk/bot.php?+)"
144.76.4.148 - - [24/Mar/2016:05:21:40 -0700] "GET /resorts?resort=stowe HTTP/1.0" 404 495 "-" "Mozilla/5.0 (compatible; MJ12bot/v1.4.5; http://www.majestic12.co.uk/bot.php?+)"
144.76.4.148 - - [24/Mar/2016:05:21:42 -0700] "GET /resorts?resort=sugarloaf HTTP/1.0" 404 469 "-" "Mozilla/5.0 (compatible; MJ12bot/v1.4.5; http://www.majestic12.co.uk/bot.php?+)"
144.76.4.148 - - [24/Mar/2016:05:21:44 -0700] "GET /resorts?resort=whitefacemountain HTTP/1.0" 404 469 "-" "Mozilla/5.0 (compatible; MJ12bot/v1.4.5; http://www.majestic12.co.uk/bot.php?+)"
144.76.4.148 - - [24/Mar/2016:05:21:46 -0700] "GET /resorts?resort=wildcatmountain HTTP/1.0" 404 469 "-" "Mozilla/5.0 (compatible; MJ12bot/v1.4.5; http://www.majestic12.co.uk/bot.php?+)"
180.76.15.13 - - [24/Mar/2016:05:35:50 -0700] "GET / HTTP/1.1" 200 6995 "-" "Mozilla/5.0 (compatible; Baiduspider/2.0; +http://www.baidu.com/search/spider.html)"
180.76.15.27 - - [24/Mar/2016:05:36:55 -0700] "GET / HTTP/1.1" 200 6995 "-" "Mozilla/5.0 (compatible; Baiduspider/2.0; +http://www.baidu.com/search/spider.html)"
200.178.96.86 - - [24/Mar/2016:05:37:38 -0700] "POST /cgi-bin/php?%2D%64+%61%6C%6C%6F%77%5F%75%72%6C%5F%69%6E%63%6C%75%64%65%3D%6F%6E+%2D%64+%73%61%66%65%5F%6D%6F%64%65%3D%6F%66%66+%2D%64+%73%75%68%6F%73%69%6E%2E%73%69%6D%75%6C%61%74%69%6F%6E%3D%6F%6E+%2D%64+%64%69%73%61%62%6C%65%5F%66%75%6E%63%74%69%6F%6E%73%3D%22%22+%2D%64+%6F%70%65%6E%5F%62%61%73%65%64%69%72%3D%6E%6F%6E%65+%2D%64+%61%75%74%6F%5F%70%72%65%70%65%6E%64%5F%66%69%6C%65%3D%70%68%70%3A%2F%2F%69%6E%70%75%74+%2D%64+%63%67%69%2E%66%6F%72%63%65%5F%72%65%64%69%72%65%63%74%3D%30+%2D%64+%63%67%69%2E%72%65%64%69%72%65%63%74%5F%73%74%61%74%75%73%5F%65%6E%76%3D%30+%2D%6E HTTP/1.1" 404 491 "-" "Mozilla/5.0 (iPad; CPU OS 6_0 like Mac OS X) AppleWebKit/536.26(KHTML, like Gecko) Version/6.0 Mobile/10A5355d Safari/8536.25"
200.178.96.86 - - [24/Mar/2016:05:37:39 -0700] "POST /cgi-bin/php5?%2D%64+%61%6C%6C%6F%77%5F%75%72%6C%5F%69%6E%63%6C%75%64%65%3D%6F%6E+%2D%64+%73%61%66%65%5F%6D%6F%64%65%3D%6F%66%66+%2D%64+%73%75%68%6F%73%69%6E%2E%73%69%6D%75%6C%61%74%69%6F%6E%3D%6F%6E+%2D%64+%64%69%73%61%62%6C%65%5F%66%75%6E%63%74%69%6F%6E%73%3D%22%22+%2D%64+%6F%70%65%6E%5F%62%61%73%65%64%69%72%3D%6E%6F%6E%65+%2D%64+%61%75%74%6F%5F%70%72%65%70%65%6E%64%5F%66%69%6C%65%3D%70%68%70%3A%2F%2F%69%6E%70%75%74+%2D%64+%63%67%69%2E%66%6F%72%63%65%5F%72%65%64%69%72%65%63%74%3D%30+%2D%64+%63%67%69%2E%72%65%64%69%72%65%63%74%5F%73%74%61%74%75%73%5F%65%6E%76%3D%30+%2D%6E HTTP/1.1" 404 492 "-" "Mozilla/5.0 (iPad; CPU OS 6_0 like Mac OS X) AppleWebKit/536.26(KHTML, like Gecko) Version/6.0 Mobile/10A5355d Safari/8536.25"
200.178.96.86 - - [24/Mar/2016:05:37:39 -0700] "POST /cgi-bin/php-cgi?%2D%64+%61%6C%6C%6F%77%5F%75%72%6C%5F%69%6E%63%6C%75%64%65%3D%6F%6E+%2D%64+%73%61%66%65%5F%6D%6F%64%65%3D%6F%66%66+%2D%64+%73%75%68%6F%73%69%6E%2E%73%69%6D%75%6C%61%74%69%6F%6E%3D%6F%6E+%2D%64+%64%69%73%61%62%6C%65%5F%66%75%6E%63%74%69%6F%6E%73%3D%22%22+%2D%64+%6F%70%65%6E%5F%62%61%73%65%64%69%72%3D%6E%6F%6E%65+%2D%64+%61%75%74%6F%5F%70%72%65%70%65%6E%64%5F%66%69%6C%65%3D%70%68%70%3A%2F%2F%69%6E%70%75%74+%2D%64+%63%67%69%2E%66%6F%72%63%65%5F%72%65%64%69%72%65%63%74%3D%30+%2D%64+%63%67%69%2E%72%65%64%69%72%65%63%74%5F%73%74%61%74%75%73%5F%65%6E%76%3D%30+%2D%6E HTTP/1.1" 404 495 "-" "Mozilla/5.0 (iPad; CPU OS 6_0 like Mac OS X) AppleWebKit/536.26(KHTML, like Gecko) Version/6.0 Mobile/10A5355d Safari/8536.25"
200.178.96.86 - - [24/Mar/2016:05:37:40 -0700] "POST /cgi-bin/php.cgi?%2D%64+%61%6C%6C%6F%77%5F%75%72%6C%5F%69%6E%63%6C%75%64%65%3D%6F%6E+%2D%64+%73%61%66%65%5F%6D%6F%64%65%3D%6F%66%66+%2D%64+%73%75%68%6F%73%69%6E%2E%73%69%6D%75%6C%61%74%69%6F%6E%3D%6F%6E+%2D%64+%64%69%73%61%62%6C%65%5F%66%75%6E%63%74%69%6F%6E%73%3D%22%22+%2D%64+%6F%70%65%6E%5F%62%61%73%65%64%69%72%3D%6E%6F%6E%65+%2D%64+%61%75%74%6F%5F%70%72%65%70%65%6E%64%5F%66%69%6C%65%3D%70%68%70%3A%2F%2F%69%6E%70%75%74+%2D%64+%63%67%69%2E%66%6F%72%63%65%5F%72%65%64%69%72%65%63%74%3D%30+%2D%64+%63%67%69%2E%72%65%64%69%72%65%63%74%5F%73%74%61%74%75%73%5F%65%6E%76%3D%30+%2D%6E HTTP/1.1" 404 495 "-" "Mozilla/5.0 (iPad; CPU OS 6_0 like Mac OS X) AppleWebKit/536.26(KHTML, like Gecko) Version/6.0 Mobile/10A5355d Safari/8536.25"
200.178.96.86 - - [24/Mar/2016:05:37:40 -0700] "POST /cgi-bin/php4?%2D%64+%61%6C%6C%6F%77%5F%75%72%6C%5F%69%6E%63%6C%75%64%65%3D%6F%6E+%2D%64+%73%61%66%65%5F%6D%6F%64%65%3D%6F%66%66+%2D%64+%73%75%68%6F%73%69%6E%2E%73%69%6D%75%6C%61%74%69%6F%6E%3D%6F%6E+%2D%64+%64%69%73%61%62%6C%65%5F%66%75%6E%63%74%69%6F%6E%73%3D%22%22+%2D%64+%6F%70%65%6E%5F%62%61%73%65%64%69%72%3D%6E%6F%6E%65+%2D%64+%61%75%74%6F%5F%70%72%65%70%65%6E%64%5F%66%69%6C%65%3D%70%68%70%3A%2F%2F%69%6E%70%75%74+%2D%64+%63%67%69%2E%66%6F%72%63%65%5F%72%65%64%69%72%65%63%74%3D%30+%2D%64+%63%67%69%2E%72%65%64%69%72%65%63%74%5F%73%74%61%74%75%73%5F%65%6E%76%3D%30+%2D%6E HTTP/1.1" 404 492 "-" "Mozilla/5.0 (iPad; CPU OS 6_0 like Mac OS X) AppleWebKit/536.26(KHTML, like Gecko) Version/6.0 Mobile/10A5355d Safari/8536.25"
157.55.39.137 - - [24/Mar/2016:05:42:57 -0700] "GET / HTTP/1.1" 200 2615 "-" "Mozilla/5.0 (compatible; bingbot/2.0; +http://www.bing.com/bingbot.htm)"
75.75.209.80 - - [24/Mar/2016:05:57:32 -0700] "GET /images/wsis-logo-sm.png HTTP/1.1" 200 6108 "http://www.thebackcountry.net/" "Mozilla/5.0 (Windows NT 6.1) AppleWebKit/537.36 (KHTML, like Gecko) Chrome/49.0.2623.87 Safari/537.36"
170.75.162.130 - - [24/Mar/2016:06:08:25 -0700] "GET /lib/reccapi.php?resort=bigsky HTTP/1.1" 200 1049 "-" "node-superagent/1.4.0"
66.249.79.164 - - [24/Mar/2016:06:17:20 -0700] "GET /lib/resortDataSearchD3.php?size=7&sortDate=T&resort=kickinghorsemountain&dateStart=2016-02-13 HTTP/1.1" 200 877 "http://whereshouldiski.com/" "Mozilla/5.0 (compatible; Googlebot/2.1; +http://www.google.com/bot.html)"
5.9.151.22 - - [24/Mar/2016:06:21:42 -0700] "GET /robots.txt HTTP/1.0" 200 338 "-" "Mozilla/5.0 (compatible; MJ12bot/v1.4.5; http://www.majestic12.co.uk/bot.php?+)"
5.9.151.22 - - [24/Mar/2016:06:21:44 -0700] "GET /robots.txt HTTP/1.0" 200 338 "-" "Mozilla/5.0 (compatible; MJ12bot/v1.4.5; http://www.majestic12.co.uk/bot.php?+)"
5.9.151.22 - - [24/Mar/2016:06:21:45 -0700] "GET /robots.txt HTTP/1.0" 200 338 "-" "Mozilla/5.0 (compatible; MJ12bot/v1.4.5; http://www.majestic12.co.uk/bot.php?+)"
5.9.151.22 - - [24/Mar/2016:06:21:47 -0700] "GET /robots.txt HTTP/1.0" 200 338 "-" "Mozilla/5.0 (compatible; MJ12bot/v1.4.5; http://www.majestic12.co.uk/bot.php?+)"
89.163.148.58 - - [24/Mar/2016:06:24:42 -0700] "GET /robots.txt HTTP/1.0" 200 338 "-" "Mozilla/5.0 (compatible; MJ12bot/v1.4.5; http://www.majestic12.co.uk/bot.php?+)"
89.163.148.58 - - [24/Mar/2016:06:24:44 -0700] "GET /about HTTP/1.0" 404 495 "-" "Mozilla/5.0 (compatible; MJ12bot/v1.4.5; http://www.majestic12.co.uk/bot.php?+)"
89.163.148.58 - - [24/Mar/2016:06:24:46 -0700] "GET /resorts?resort=alpinemeadows HTTP/1.0" 404 469 "-" "Mozilla/5.0 (compatible; MJ12bot/v1.4.5; http://www.majestic12.co.uk/bot.php?+)"
89.163.148.58 - - [24/Mar/2016:06:24:47 -0700] "GET /resorts?resort=aspenmountain HTTP/1.0" 404 469 "-" "Mozilla/5.0 (compatible; MJ12bot/v1.4.5; http://www.majestic12.co.uk/bot.php?+)"
89.163.148.58 - - [24/Mar/2016:06:24:49 -0700] "GET /resorts?resort=buttermilk HTTP/1.0" 404 469 "-" "Mozilla/5.0 (compatible; MJ12bot/v1.4.5; http://www.majestic12.co.uk/bot.php?+)"
89.163.148.58 - - [24/Mar/2016:06:24:50 -0700] "GET /resorts?resort=grandtarghee HTTP/1.0" 404 469 "-" "Mozilla/5.0 (compatible; MJ12bot/v1.4.5; http://www.majestic12.co.uk/bot.php?+)"
170.75.162.130 - - [24/Mar/2016:06:30:18 -0700] "GET /lib/reccapi.php?resort=keystone HTTP/1.1" 200 1072 "-" "node-superagent/1.4.0"
180.76.15.6 - - [24/Mar/2016:06:30:34 -0700] "GET / HTTP/1.1" 200 2578 "-" "Mozilla/5.0 (compatible; Baiduspider/2.0; +http://www.baidu.com/search/spider.html)"
47.208.183.190 - - [24/Mar/2016:06:34:03 -0700] "GET /images/wsis-logo-sm.png HTTP/1.1" 200 6108 "http://www.thebackcountry.net/" "Mozilla/5.0 (Macintosh; Intel Mac OS X 10_10_5) AppleWebKit/601.3.9 (KHTML, like Gecko) Version/9.0.2 Safari/601.3.9"
119.57.133.42 - - [24/Mar/2016:06:36:40 -0700] "GET / HTTP/1.1" 200 2578 "-" "Mozilla/4.0 (compatible; MSIE 8.0; Windows NT 6.1; Trident/4.0; SLCC2; .NET CLR 2.0.50727; .NET CLR 3.5.30729; .NET CLR 3.0.30729; Media Center PC 6.0; InfoPath.2; .NET4.0C; .NET4.0E)"
71.89.235.75 - - [24/Mar/2016:06:46:32 -0700] "GET /images/wsis-logo-sm.png HTTP/1.1" 200 6108 "http://www.thebackcountry.net/" "Mozilla/5.0 (iPhone; CPU iPhone OS 9_3 like Mac OS X) AppleWebKit/601.1.46 (KHTML, like Gecko) Version/9.0 Mobile/13E234 Safari/601.1"
66.249.79.185 - - [24/Mar/2016:06:50:48 -0700] "GET /lib/reccapi.php?resort=mountbaker&date=2016-03-03 HTTP/1.1" 200 1107 "http://whereshouldiski.com/" "Mozilla/5.0 (compatible; Googlebot/2.1; +http://www.google.com/bot.html)"
66.249.79.171 - - [24/Mar/2016:06:50:50 -0700] "GET /lib/reccapi.php?fields=t&date=2016-03-03&coords=48.86%2C-121.68&size=7&sort=distance HTTP/1.1" 200 1432 "http://whereshouldiski.com/" "Mozilla/5.0 (compatible; Googlebot/2.1; +http://www.google.com/bot.html)"
66.249.79.171 - - [24/Mar/2016:06:50:50 -0700] "GET /lib/resortDataSearchD3.php?size=7&sortDate=T&resort=mountbaker&dateStart=2016-03-01 HTTP/1.1" 200 867 "http://whereshouldiski.com/" "Mozilla/5.0 (compatible; Googlebot/2.1; +http://www.google.com/bot.html)"
159.189.213.48 - - [24/Mar/2016:06:54:11 -0700] "GET /lib/reccapi.php?fields=t HTTP/1.1" 200 1932 "http://whereshouldiski.com/" "Mozilla/5.0 (Windows NT 6.1; WOW64) AppleWebKit/537.36 (KHTML, like Gecko) Chrome/48.0.2564.109 Safari/537.36"
159.189.213.48 - - [24/Mar/2016:06:54:30 -0700] "GET /lib/reccapi.php?fields=t&region=PacificNW HTTP/1.1" 200 1638 "http://whereshouldiski.com/" "Mozilla/5.0 (Windows NT 6.1; WOW64) AppleWebKit/537.36 (KHTML, like Gecko) Chrome/48.0.2564.109 Safari/537.36"
159.189.213.48 - - [24/Mar/2016:06:54:30 -0700] "GET /images/greenHeader.png HTTP/1.1" 304 184 "http://whereshouldiski.com/styles/ee08faa9.main.css" "Mozilla/5.0 (Windows NT 6.1; WOW64) AppleWebKit/537.36 (KHTML, like Gecko) Chrome/48.0.2564.109 Safari/537.36"
66.249.79.164 - - [24/Mar/2016:06:54:46 -0700] "GET /lib/reccapi.php?resort=jaypeak&date=2016-03-21 HTTP/1.1" 200 1067 "http://whereshouldiski.com/" "Mozilla/5.0 (compatible; Googlebot/2.1; +http://www.google.com/bot.html)"
66.249.79.164 - - [24/Mar/2016:06:54:47 -0700] "GET /lib/reccapi.php?fields=t&date=2016-03-21&coords=44.9162%2C-72.5383&size=7&sort=distance HTTP/1.1" 200 1324 "http://whereshouldiski.com/" "Mozilla/5.0 (compatible; Googlebot/2.1; +http://www.google.com/bot.html)"
66.249.79.171 - - [24/Mar/2016:06:54:48 -0700] "GET /lib/resortDataSearchD3.php?size=7&sortDate=T&resort=jaypeak&dateStart=2016-03-19 HTTP/1.1" 200 869 "http://whereshouldiski.com/" "Mozilla/5.0 (compatible; Googlebot/2.1; +http://www.google.com/bot.html)"
220.181.108.162 - - [24/Mar/2016:07:00:21 -0700] "GET / HTTP/1.1" 200 2578 "-" "Mozilla/5.0 (compatible; Baiduspider/2.0; +http://www.baidu.com/search/spider.html)"
134.249.53.235 - - [24/Mar/2016:07:00:57 -0700] "GET / HTTP/1.1" 200 6976 "http://www.outshop.ru/" "Opera/8.01 (Windows NT 5.1)"
134.249.53.235 - - [24/Mar/2016:07:00:57 -0700] "GET / HTTP/1.1" 200 6976 "http://www.outshop.ru/" "Opera/8.01 (Windows NT 5.1)"
134.249.53.235 - - [24/Mar/2016:07:00:58 -0700] "GET / HTTP/1.1" 200 6976 "http://www.outshop.ru/" "Opera/8.01 (Windows NT 5.1)"
73.241.239.234 - - [24/Mar/2016:07:03:24 -0700] "GET /images/wsis-logo-sm.png HTTP/1.1" 200 6108 "http://www.thebackcountry.net/" "Mozilla/5.0 (iPad; CPU OS 7_1_1 like Mac OS X) AppleWebKit/537.51.2 (KHTML, like Gecko) Version/7.0 Mobile/11D201 Safari/9537.53"
70.89.192.201 - - [24/Mar/2016:07:08:12 -0700] "GET /images/wsis-logo-sm.png HTTP/1.1" 200 6108 "http://thebackcountry.net/" "Mozilla/5.0 (Windows NT 10.0; WOW64) AppleWebKit/537.36 (KHTML, like Gecko) Chrome/49.0.2623.75 Safari/537.36 OPR/36.0.2130.32"
216.171.220.157 - - [24/Mar/2016:07:18:38 -0700] "GET /images/wsis-logo-sm.png HTTP/1.1" 200 6108 "http://thebackcountry.net/" "Mozilla/5.0 (Macintosh; Intel Mac OS X 10_11_4) AppleWebKit/537.36 (KHTML, like Gecko) Chrome/49.0.2623.87 Safari/537.36"
170.75.162.130 - - [24/Mar/2016:07:25:14 -0700] "GET /lib/reccapi.php?resort=crystalmountain HTTP/1.1" 200 1030 "-" "node-superagent/1.4.0"
180.76.15.10 - - [24/Mar/2016:07:28:14 -0700] "GET / HTTP/1.1" 200 6995 "-" "Mozilla/5.0 (compatible; Baiduspider/2.0; +http://www.baidu.com/search/spider.html)"
180.76.15.8 - - [24/Mar/2016:07:29:03 -0700] "GET / HTTP/1.1" 200 6995 "-" "Mozilla/5.0 (compatible; Baiduspider/2.0; +http://www.baidu.com/search/spider.html)"
170.75.162.130 - - [24/Mar/2016:07:35:46 -0700] "GET /lib/reccapi.php?resort=crestedbutte HTTP/1.1" 200 1020 "-" "node-superagent/1.4.0"
170.75.162.130 - - [24/Mar/2016:07:35:55 -0700] "GET /lib/reccapi.php?resort=hoodoo HTTP/1.1" 200 1026 "-" "node-superagent/1.4.0"
170.75.162.130 - - [24/Mar/2016:07:35:56 -0700] "GET /lib/reccapi.php?resort=mounthoodmeadows HTTP/1.1" 200 1065 "-" "node-superagent/1.4.0"
170.75.162.130 - - [24/Mar/2016:07:35:56 -0700] "GET /lib/reccapi.php?resort=devilshead HTTP/1.1" 200 1046 "-" "node-superagent/1.4.0"
170.75.162.130 - - [24/Mar/2016:07:36:46 -0700] "GET /lib/reccapi.php?resort=grandtarghee HTTP/1.1" 200 1094 "-" "node-superagent/1.4.0"
170.75.162.130 - - [24/Mar/2016:07:36:46 -0700] "GET /lib/reccapi.php?resort=mountspokane HTTP/1.1" 200 1079 "-" "node-superagent/1.4.0"
170.75.162.130 - - [24/Mar/2016:07:36:46 -0700] "GET /lib/reccapi.php?resort=sundayriver HTTP/1.1" 200 1094 "-" "node-superagent/1.4.0"
170.75.162.130 - - [24/Mar/2016:07:36:46 -0700] "GET /lib/reccapi.php?resort=brianhead HTTP/1.1" 200 981 "-" "node-superagent/1.4.0"
170.75.162.130 - - [24/Mar/2016:07:36:46 -0700] "GET /lib/reccapi.php?resort=coppermountain HTTP/1.1" 200 1079 "-" "node-superagent/1.4.0"
203.162.15.233 - - [24/Mar/2016:07:45:30 -0700] "POST /cgi-bin/php?%2D%64+%61%6C%6C%6F%77%5F%75%72%6C%5F%69%6E%63%6C%75%64%65%3D%6F%6E+%2D%64+%73%61%66%65%5F%6D%6F%64%65%3D%6F%66%66+%2D%64+%73%75%68%6F%73%69%6E%2E%73%69%6D%75%6C%61%74%69%6F%6E%3D%6F%6E+%2D%64+%64%69%73%61%62%6C%65%5F%66%75%6E%63%74%69%6F%6E%73%3D%22%22+%2D%64+%6F%70%65%6E%5F%62%61%73%65%64%69%72%3D%6E%6F%6E%65+%2D%64+%61%75%74%6F%5F%70%72%65%70%65%6E%64%5F%66%69%6C%65%3D%70%68%70%3A%2F%2F%69%6E%70%75%74+%2D%64+%63%67%69%2E%66%6F%72%63%65%5F%72%65%64%69%72%65%63%74%3D%30+%2D%64+%63%67%69%2E%72%65%64%69%72%65%63%74%5F%73%74%61%74%75%73%5F%65%6E%76%3D%30+%2D%6E HTTP/1.1" 404 491 "-" "Mozilla/5.0 (iPad; CPU OS 6_0 like Mac OS X) AppleWebKit/536.26(KHTML, like Gecko) Version/6.0 Mobile/10A5355d Safari/8536.25"
203.162.15.233 - - [24/Mar/2016:07:45:31 -0700] "POST /cgi-bin/php5?%2D%64+%61%6C%6C%6F%77%5F%75%72%6C%5F%69%6E%63%6C%75%64%65%3D%6F%6E+%2D%64+%73%61%66%65%5F%6D%6F%64%65%3D%6F%66%66+%2D%64+%73%75%68%6F%73%69%6E%2E%73%69%6D%75%6C%61%74%69%6F%6E%3D%6F%6E+%2D%64+%64%69%73%61%62%6C%65%5F%66%75%6E%63%74%69%6F%6E%73%3D%22%22+%2D%64+%6F%70%65%6E%5F%62%61%73%65%64%69%72%3D%6E%6F%6E%65+%2D%64+%61%75%74%6F%5F%70%72%65%70%65%6E%64%5F%66%69%6C%65%3D%70%68%70%3A%2F%2F%69%6E%70%75%74+%2D%64+%63%67%69%2E%66%6F%72%63%65%5F%72%65%64%69%72%65%63%74%3D%30+%2D%64+%63%67%69%2E%72%65%64%69%72%65%63%74%5F%73%74%61%74%75%73%5F%65%6E%76%3D%30+%2D%6E HTTP/1.1" 404 492 "-" "Mozilla/5.0 (iPad; CPU OS 6_0 like Mac OS X) AppleWebKit/536.26(KHTML, like Gecko) Version/6.0 Mobile/10A5355d Safari/8536.25"
203.162.15.233 - - [24/Mar/2016:07:45:31 -0700] "POST /cgi-bin/php-cgi?%2D%64+%61%6C%6C%6F%77%5F%75%72%6C%5F%69%6E%63%6C%75%64%65%3D%6F%6E+%2D%64+%73%61%66%65%5F%6D%6F%64%65%3D%6F%66%66+%2D%64+%73%75%68%6F%73%69%6E%2E%73%69%6D%75%6C%61%74%69%6F%6E%3D%6F%6E+%2D%64+%64%69%73%61%62%6C%65%5F%66%75%6E%63%74%69%6F%6E%73%3D%22%22+%2D%64+%6F%70%65%6E%5F%62%61%73%65%64%69%72%3D%6E%6F%6E%65+%2D%64+%61%75%74%6F%5F%70%72%65%70%65%6E%64%5F%66%69%6C%65%3D%70%68%70%3A%2F%2F%69%6E%70%75%74+%2D%64+%63%67%69%2E%66%6F%72%63%65%5F%72%65%64%69%72%65%63%74%3D%30+%2D%64+%63%67%69%2E%72%65%64%69%72%65%63%74%5F%73%74%61%74%75%73%5F%65%6E%76%3D%30+%2D%6E HTTP/1.1" 404 495 "-" "Mozilla/5.0 (iPad; CPU OS 6_0 like Mac OS X) AppleWebKit/536.26(KHTML, like Gecko) Version/6.0 Mobile/10A5355d Safari/8536.25"
203.162.15.233 - - [24/Mar/2016:07:45:32 -0700] "POST /cgi-bin/php.cgi?%2D%64+%61%6C%6C%6F%77%5F%75%72%6C%5F%69%6E%63%6C%75%64%65%3D%6F%6E+%2D%64+%73%61%66%65%5F%6D%6F%64%65%3D%6F%66%66+%2D%64+%73%75%68%6F%73%69%6E%2E%73%69%6D%75%6C%61%74%69%6F%6E%3D%6F%6E+%2D%64+%64%69%73%61%62%6C%65%5F%66%75%6E%63%74%69%6F%6E%73%3D%22%22+%2D%64+%6F%70%65%6E%5F%62%61%73%65%64%69%72%3D%6E%6F%6E%65+%2D%64+%61%75%74%6F%5F%70%72%65%70%65%6E%64%5F%66%69%6C%65%3D%70%68%70%3A%2F%2F%69%6E%70%75%74+%2D%64+%63%67%69%2E%66%6F%72%63%65%5F%72%65%64%69%72%65%63%74%3D%30+%2D%64+%63%67%69%2E%72%65%64%69%72%65%63%74%5F%73%74%61%74%75%73%5F%65%6E%76%3D%30+%2D%6E HTTP/1.1" 404 495 "-" "Mozilla/5.0 (iPad; CPU OS 6_0 like Mac OS X) AppleWebKit/536.26(KHTML, like Gecko) Version/6.0 Mobile/10A5355d Safari/8536.25"
203.162.15.233 - - [24/Mar/2016:07:45:32 -0700] "POST /cgi-bin/php4?%2D%64+%61%6C%6C%6F%77%5F%75%72%6C%5F%69%6E%63%6C%75%64%65%3D%6F%6E+%2D%64+%73%61%66%65%5F%6D%6F%64%65%3D%6F%66%66+%2D%64+%73%75%68%6F%73%69%6E%2E%73%69%6D%75%6C%61%74%69%6F%6E%3D%6F%6E+%2D%64+%64%69%73%61%62%6C%65%5F%66%75%6E%63%74%69%6F%6E%73%3D%22%22+%2D%64+%6F%70%65%6E%5F%62%61%73%65%64%69%72%3D%6E%6F%6E%65+%2D%64+%61%75%74%6F%5F%70%72%65%70%65%6E%64%5F%66%69%6C%65%3D%70%68%70%3A%2F%2F%69%6E%70%75%74+%2D%64+%63%67%69%2E%66%6F%72%63%65%5F%72%65%64%69%72%65%63%74%3D%30+%2D%64+%63%67%69%2E%72%65%64%69%72%65%63%74%5F%73%74%61%74%75%73%5F%65%6E%76%3D%30+%2D%6E HTTP/1.1" 404 492 "-" "Mozilla/5.0 (iPad; CPU OS 6_0 like Mac OS X) AppleWebKit/536.26(KHTML, like Gecko) Version/6.0 Mobile/10A5355d Safari/8536.25"
66.249.79.241 - - [24/Mar/2016:07:51:07 -0700] "GET /lib/resortDataSearchD3.php?size=7&sortDate=T&resort=kickinghorsemountain&dateStart=2016-02-14 HTTP/1.1" 200 878 "http://whereshouldiski.com/" "Mozilla/5.0 (compatible; Googlebot/2.1; +http://www.google.com/bot.html)"
170.75.162.130 - - [24/Mar/2016:07:51:38 -0700] "GET /lib/reccapi.php?resort=telluride HTTP/1.1" 200 992 "-" "node-superagent/1.4.0"
99.148.185.30 - - [24/Mar/2016:08:05:28 -0700] "GET /images/wsis-logo-sm.png HTTP/1.1" 200 6108 "http://www.thebackcountry.net/" "Mozilla/5.0 (Windows NT 10.0; WOW64) AppleWebKit/537.36 (KHTML, like Gecko) Chrome/49.0.2623.87 Safari/537.36"
170.75.162.130 - - [24/Mar/2016:08:08:20 -0700] "GET /lib/reccapi.php?resort=mountbachelor HTTP/1.1" 200 1081 "-" "node-superagent/1.4.0"
27.251.83.216 - - [24/Mar/2016:08:11:43 -0700] "GET / HTTP/1.1" 200 2615 "https://www.google.co.in/" "Mozilla/5.0 (Windows NT 6.1) AppleWebKit/537.36 (KHTML, like Gecko) Chrome/49.0.2623.87 Safari/537.36"
27.251.83.216 - - [24/Mar/2016:08:11:44 -0700] "GET /styles/ee08faa9.main.css HTTP/1.1" 200 19446 "http://whereshouldiski.com/" "Mozilla/5.0 (Windows NT 6.1) AppleWebKit/537.36 (KHTML, like Gecko) Chrome/49.0.2623.87 Safari/537.36"
27.251.83.216 - - [24/Mar/2016:08:11:44 -0700] "GET /images/logo-square-white-sm.png HTTP/1.1" 200 1684 "http://whereshouldiski.com/" "Mozilla/5.0 (Windows NT 6.1) AppleWebKit/537.36 (KHTML, like Gecko) Chrome/49.0.2623.87 Safari/537.36"
27.251.83.215 - - [24/Mar/2016:08:11:44 -0700] "GET /images/loading.gif HTTP/1.1" 200 13882 "http://whereshouldiski.com/" "Mozilla/5.0 (Windows NT 6.1) AppleWebKit/537.36 (KHTML, like Gecko) Chrome/49.0.2623.87 Safari/537.36"
27.251.83.217 - - [24/Mar/2016:08:11:44 -0700] "GET /scripts/scripts/vendor/modernizr.js HTTP/1.1" 200 4903 "http://whereshouldiski.com/" "Mozilla/5.0 (Windows NT 6.1) AppleWebKit/537.36 (KHTML, like Gecko) Chrome/49.0.2623.87 Safari/537.36"
27.251.83.217 - - [24/Mar/2016:08:11:44 -0700] "GET /bower_components/requirejs/require.js HTTP/1.1" 200 6702 "http://whereshouldiski.com/" "Mozilla/5.0 (Windows NT 6.1) AppleWebKit/537.36 (KHTML, like Gecko) Chrome/49.0.2623.87 Safari/537.36"
27.251.83.216 - - [24/Mar/2016:08:11:45 -0700] "GET /scripts/fa48e319.main.js HTTP/1.1" 200 123455 "http://whereshouldiski.com/" "Mozilla/5.0 (Windows NT 6.1) AppleWebKit/537.36 (KHTML, like Gecko) Chrome/49.0.2623.87 Safari/537.36"
27.251.83.216 - - [24/Mar/2016:08:11:48 -0700] "GET /favicon.ico HTTP/1.1" 200 4612 "http://whereshouldiski.com/" "Mozilla/5.0 (Windows NT 6.1) AppleWebKit/537.36 (KHTML, like Gecko) Chrome/49.0.2623.87 Safari/537.36"
27.251.83.216 - - [24/Mar/2016:08:11:49 -0700] "GET /lib/reccapi.php?fields=t HTTP/1.1" 200 1901 "http://whereshouldiski.com/" "Mozilla/5.0 (Windows NT 6.1) AppleWebKit/537.36 (KHTML, like Gecko) Chrome/49.0.2623.87 Safari/537.36"
27.251.83.216 - - [24/Mar/2016:08:11:49 -0700] "GET /images/button.png HTTP/1.1" 200 598 "http://whereshouldiski.com/styles/ee08faa9.main.css" "Mozilla/5.0 (Windows NT 6.1) AppleWebKit/537.36 (KHTML, like Gecko) Chrome/49.0.2623.87 Safari/537.36"
27.251.83.216 - - [24/Mar/2016:08:11:50 -0700] "GET /images/greyHeader.png HTTP/1.1" 200 509 "http://whereshouldiski.com/styles/ee08faa9.main.css" "Mozilla/5.0 (Windows NT 6.1) AppleWebKit/537.36 (KHTML, like Gecko) Chrome/49.0.2623.87 Safari/537.36"
170.75.162.130 - - [24/Mar/2016:08:17:31 -0700] "GET /lib/reccapi.php?resort=snowbasin HTTP/1.1" 200 1034 "-" "node-superagent/1.4.0"
170.75.162.130 - - [24/Mar/2016:08:17:31 -0700] "GET /lib/reccapi.php?resort=deervalley HTTP/1.1" 200 998 "-" "node-superagent/1.4.0"
170.75.162.130 - - [24/Mar/2016:08:17:31 -0700] "GET /lib/reccapi.php?resort=solitude HTTP/1.1" 200 1037 "-" "node-superagent/1.4.0"
170.75.162.130 - - [24/Mar/2016:08:17:31 -0700] "GET /lib/reccapi.php?resort=brighton HTTP/1.1" 200 1041 "-" "node-superagent/1.4.0"
170.75.162.130 - - [24/Mar/2016:08:19:01 -0700] "GET /lib/reccapi.php?resort=wildcatmountain HTTP/1.1" 200 1098 "-" "node-superagent/1.4.0"
170.75.162.130 - - [24/Mar/2016:08:24:42 -0700] "GET /lib/reccapi.php?resort=killington HTTP/1.1" 200 1078 "-" "node-superagent/1.4.0"
75.111.106.99 - - [24/Mar/2016:08:30:15 -0700] "GET /images/wsis-logo-sm.png HTTP/1.1" 200 6108 "http://thebackcountry.net/" "Mozilla/5.0 (iPad; CPU OS 9_2 like Mac OS X) AppleWebKit/601.1.46 (KHTML, like Gecko) Version/9.0 Mobile/13C75 Safari/601.1"
129.63.253.24 - - [24/Mar/2016:08:32:03 -0700] "GET /images/wsis-logo-sm.png HTTP/1.1" 200 6108 "http://www.thebackcountry.net/" "Mozilla/5.0 (Windows NT 6.1; WOW64) AppleWebKit/537.36 (KHTML, like Gecko) Chrome/49.0.2623.87 Safari/537.36"
180.76.15.138 - - [24/Mar/2016:08:32:08 -0700] "GET / HTTP/1.1" 200 6995 "-" "Mozilla/5.0 (compatible; Baiduspider/2.0; +http://www.baidu.com/search/spider.html)"
180.76.15.16 - - [24/Mar/2016:08:33:05 -0700] "GET / HTTP/1.1" 200 6995 "-" "Mozilla/5.0 (compatible; Baiduspider/2.0; +http://www.baidu.com/search/spider.html)"
170.75.162.130 - - [24/Mar/2016:08:35:43 -0700] "GET /lib/reccapi.php?resort=parkcity HTTP/1.1" 200 1025 "-" "node-superagent/1.4.0"
46.118.119.221 - - [24/Mar/2016:08:36:20 -0700] "GET / HTTP/1.1" 200 6976 "http://www.drugstoreforyou.com/" "Mozilla/4.7 (compatible; OffByOne; Windows 2000) Webster Pro V3.4"
46.118.119.221 - - [24/Mar/2016:08:36:21 -0700] "GET / HTTP/1.1" 200 6976 "http://www.drugstoreforyou.com/" "Mozilla/4.7 (compatible; OffByOne; Windows 2000) Webster Pro V3.4"
46.118.119.221 - - [24/Mar/2016:08:36:22 -0700] "GET / HTTP/1.1" 200 6976 "http://www.drugstoreforyou.com/" "Mozilla/4.7 (compatible; OffByOne; Windows 2000) Webster Pro V3.4"
199.59.148.211 - - [24/Mar/2016:08:38:57 -0700] "GET /robots.txt HTTP/1.1" 200 363 "-" "Twitterbot/1.0"
199.59.148.211 - - [24/Mar/2016:08:38:58 -0700] "GET / HTTP/1.1" 200 2559 "-" "Twitterbot/1.0"
199.59.148.209 - - [24/Mar/2016:08:38:58 -0700] "GET /recommendations HTTP/1.1" 404 450 "-" "Twitterbot/1.0"
170.75.162.130 - - [24/Mar/2016:08:43:45 -0700] "GET /lib/reccapi.php?resort=sugarbowl HTTP/1.1" 200 960 "-" "node-superagent/1.4.0"
54.213.108.12 - - [24/Mar/2016:08:48:12 -0700] "GET /about HTTP/1.1" 404 495 "-" "Mozilla/5.0 (Macintosh; Intel Mac OS X 10.10; rv:39.0) Gecko/20100101 Firefox/39.0"
54.213.108.12 - - [24/Mar/2016:08:48:12 -0700] "GET / HTTP/1.1" 200 6995 "-" "Mozilla/5.0 (Macintosh; Intel Mac OS X 10.10; rv:39.0) Gecko/20100101 Firefox/39.0"
54.213.108.12 - - [24/Mar/2016:08:48:12 -0700] "GET / HTTP/1.1" 200 6995 "-" "Mozilla/5.0 (Macintosh; Intel Mac OS X 10.10; rv:39.0) Gecko/20100101 Firefox/39.0"
54.213.108.12 - - [24/Mar/2016:08:48:12 -0700] "GET / HTTP/1.1" 200 6995 "-" "Mozilla/5.0 (Macintosh; Intel Mac OS X 10.10; rv:39.0) Gecko/20100101 Firefox/39.0"
54.213.108.12 - - [24/Mar/2016:08:48:13 -0700] "GET / HTTP/1.1" 200 6995 "-" "Mozilla/5.0 (Macintosh; Intel Mac OS X 10.10; rv:39.0) Gecko/20100101 Firefox/39.0"
54.213.108.12 - - [24/Mar/2016:08:48:13 -0700] "GET / HTTP/1.1" 200 6995 "-" "Mozilla/5.0 (Macintosh; Intel Mac OS X 10.10; rv:39.0) Gecko/20100101 Firefox/39.0"
54.213.108.12 - - [24/Mar/2016:08:48:13 -0700] "GET / HTTP/1.1" 200 6995 "-" "Mozilla/5.0 (Macintosh; Intel Mac OS X 10.10; rv:39.0) Gecko/20100101 Firefox/39.0"
54.213.108.12 - - [24/Mar/2016:08:48:13 -0700] "GET / HTTP/1.1" 200 6995 "-" "Mozilla/5.0 (Macintosh; Intel Mac OS X 10.10; rv:39.0) Gecko/20100101 Firefox/39.0"
