141.8.143.217 - - [08/Apr/2016:21:33:26 -0700] "GET / HTTP/1.1" 200 2615 "-" "Mozilla/5.0 (compatible; YandexBot/3.0; +http://yandex.com/bots)"
141.8.143.217 - - [08/Apr/2016:21:33:26 -0700] "GET /robots.txt HTTP/1.1" 200 375 "-" "Mozilla/5.0 (compatible; YandexBot/3.0; +http://yandex.com/bots)"
199.21.99.203 - - [08/Apr/2016:21:33:26 -0700] "GET /robots.txt HTTP/1.1" 200 375 "-" "Mozilla/5.0 (compatible; YandexBot/3.0; +http://yandex.com/bots)"
141.8.143.217 - - [08/Apr/2016:21:33:30 -0700] "GET / HTTP/1.1" 200 2614 "-" "Mozilla/5.0 (compatible; YandexBot/3.0; +http://yandex.com/bots)"
199.21.99.203 - - [08/Apr/2016:21:33:30 -0700] "GET / HTTP/1.1" 200 2614 "-" "Mozilla/5.0 (compatible; YandexBot/3.0; +http://yandex.com/bots)"
141.8.143.217 - - [08/Apr/2016:21:33:30 -0700] "GET / HTTP/1.1" 200 2614 "-" "Mozilla/5.0 (compatible; YandexBot/3.0; +http://yandex.com/bots)"
141.8.143.217 - - [08/Apr/2016:21:33:34 -0700] "GET / HTTP/1.1" 200 2614 "-" "Mozilla/5.0 (compatible; YandexBot/3.0; +http://yandex.com/bots)"
141.8.143.217 - - [08/Apr/2016:21:33:34 -0700] "GET / HTTP/1.1" 200 2614 "-" "Mozilla/5.0 (compatible; YandexBot/3.0; +http://yandex.com/bots)"
180.76.15.32 - - [08/Apr/2016:21:34:03 -0700] "GET / HTTP/1.1" 200 6995 "-" "Mozilla/5.0 (compatible; Baiduspider/2.0; +http://www.baidu.com/search/spider.html)"
170.75.162.130 - - [08/Apr/2016:21:34:16 -0700] "GET /lib/reccapi.php?resort=cannonmountain HTTP/1.1" 200 1077 "-" "node-superagent/1.4.0"
170.75.162.130 - - [08/Apr/2016:21:34:26 -0700] "GET /lib/reccapi.php?resort=deervalley HTTP/1.1" 200 1019 "-" "node-superagent/1.4.0"
170.75.162.130 - - [08/Apr/2016:21:34:56 -0700] "GET /lib/reccapi.php?resort=loveland HTTP/1.1" 200 1040 "-" "node-superagent/1.4.0"
170.75.162.130 - - [08/Apr/2016:21:34:56 -0700] "GET /lib/reccapi.php?resort=madriverglen HTTP/1.1" 200 1030 "-" "node-superagent/1.4.0"
180.76.15.142 - - [08/Apr/2016:21:35:02 -0700] "GET / HTTP/1.1" 200 6995 "-" "Mozilla/5.0 (compatible; Baiduspider/2.0; +http://www.baidu.com/search/spider.html)"
170.75.162.130 - - [08/Apr/2016:21:35:46 -0700] "GET /lib/reccapi.php?resort=stowe HTTP/1.1" 200 1032 "-" "node-superagent/1.4.0"
170.75.162.130 - - [08/Apr/2016:21:35:46 -0700] "GET /lib/reccapi.php?resort=smugglersnotch HTTP/1.1" 200 1084 "-" "node-superagent/1.4.0"
170.75.162.130 - - [08/Apr/2016:21:35:46 -0700] "GET /lib/reccapi.php?resort=sugarbush HTTP/1.1" 200 1032 "-" "node-superagent/1.4.0"
170.75.162.130 - - [08/Apr/2016:21:35:56 -0700] "GET /lib/reccapi.php?resort=wildcatmountain HTTP/1.1" 200 1019 "-" "node-superagent/1.4.0"
170.75.162.130 - - [08/Apr/2016:21:38:46 -0700] "GET /lib/reccapi.php?resort=mountainhigh HTTP/1.1" 200 1042 "-" "node-superagent/1.4.0"
177.184.140.253 - - [08/Apr/2016:21:44:42 -0700] "GET /images/wsis-logo-sm.png HTTP/1.1" 200 6108 "http://www.thebackcountry.net/" "Mozilla/5.0 (Windows NT 6.3; WOW64) AppleWebKit/537.36 (KHTML, like Gecko) Chrome/49.0.2623.110 Safari/537.36"
66.249.79.134 - - [08/Apr/2016:21:45:35 -0700] "GET /recommendations HTTP/1.1" 404 509 "-" "Mozilla/5.0 (compatible; Googlebot/2.1; +http://www.google.com/bot.html)"
107.219.147.15 - - [08/Apr/2016:21:46:57 -0700] "GET /images/wsis-logo-sm.png HTTP/1.1" 200 6108 "http://thebackcountry.net/" "Mozilla/5.0 (Macintosh; Intel Mac OS X 10.9; rv:43.0) Gecko/20100101 Firefox/43.0"
170.75.162.130 - - [08/Apr/2016:21:53:38 -0700] "GET /lib/reccapi.php?resort=snowbasin HTTP/1.1" 200 966 "-" "node-superagent/1.4.0"
170.75.162.130 - - [08/Apr/2016:22:07:10 -0700] "GET /lib/reccapi.php?resort=snowmass HTTP/1.1" 200 990 "-" "node-superagent/1.4.0"
170.75.162.130 - - [08/Apr/2016:22:07:50 -0700] "GET /lib/reccapi.php?resort=alpinemeadows HTTP/1.1" 200 1074 "-" "node-superagent/1.4.0"
66.249.79.135 - - [08/Apr/2016:22:08:02 -0700] "GET /resorts?resort=snowmass HTTP/1.1" 404 506 "-" "Mozilla/5.0 (compatible; Googlebot/2.1; +http://www.google.com/bot.html)"
170.75.162.130 - - [08/Apr/2016:22:10:00 -0700] "GET /lib/reccapi.php?resort=bigsky HTTP/1.1" 200 960 "-" "node-superagent/1.4.0"
66.249.79.248 - - [08/Apr/2016:22:15:06 -0700] "GET /resorts?resort=bigsky HTTP/1.1" 404 506 "-" "Mozilla/5.0 (compatible; Googlebot/2.1; +http://www.google.com/bot.html)"
52.26.138.175 - - [08/Apr/2016:22:15:30 -0700] "GET / HTTP/1.1" 200 2615 "-" "Mozilla/5.0 (Macintosh; Intel Mac OS X 10_11_3) AppleWebKit/601.4.4 (KHTML, like Gecko) Version/9.0.3 Safari/601.4.4"
52.26.138.175 - - [08/Apr/2016:22:15:30 -0700] "GET /scripts/scripts/vendor/modernizr.js HTTP/1.1" 200 4903 "http://whereshouldiski.com/" "Mozilla/5.0 (Macintosh; Intel Mac OS X 10_11_3) AppleWebKit/601.4.4 (KHTML, like Gecko) Version/9.0.3 Safari/601.4.4"
52.26.138.175 - - [08/Apr/2016:22:15:30 -0700] "GET /bower_components/requirejs/require.js HTTP/1.1" 200 6702 "http://whereshouldiski.com/" "Mozilla/5.0 (Macintosh; Intel Mac OS X 10_11_3) AppleWebKit/601.4.4 (KHTML, like Gecko) Version/9.0.3 Safari/601.4.4"
52.26.138.175 - - [08/Apr/2016:22:15:30 -0700] "GET /styles/ee08faa9.main.css HTTP/1.1" 200 19446 "http://whereshouldiski.com/" "Mozilla/5.0 (Macintosh; Intel Mac OS X 10_11_3) AppleWebKit/601.4.4 (KHTML, like Gecko) Version/9.0.3 Safari/601.4.4"
52.26.138.175 - - [08/Apr/2016:22:15:30 -0700] "GET /images/loading.gif HTTP/1.1" 200 13881 "http://whereshouldiski.com/" "Mozilla/5.0 (Macintosh; Intel Mac OS X 10_11_3) AppleWebKit/601.4.4 (KHTML, like Gecko) Version/9.0.3 Safari/601.4.4"
52.26.138.175 - - [08/Apr/2016:22:15:30 -0700] "GET /images/logo-square-white-sm.png HTTP/1.1" 200 1683 "http://whereshouldiski.com/" "Mozilla/5.0 (Macintosh; Intel Mac OS X 10_11_3) AppleWebKit/601.4.4 (KHTML, like Gecko) Version/9.0.3 Safari/601.4.4"
52.26.138.175 - - [08/Apr/2016:22:15:30 -0700] "GET /scripts/fa48e319.main.js HTTP/1.1" 200 123455 "http://whereshouldiski.com/" "Mozilla/5.0 (Macintosh; Intel Mac OS X 10_11_3) AppleWebKit/601.4.4 (KHTML, like Gecko) Version/9.0.3 Safari/601.4.4"
52.26.138.175 - - [08/Apr/2016:22:15:30 -0700] "GET /images/button.png HTTP/1.1" 200 598 "http://whereshouldiski.com/" "Mozilla/5.0 (Macintosh; Intel Mac OS X 10_11_3) AppleWebKit/601.4.4 (KHTML, like Gecko) Version/9.0.3 Safari/601.4.4"
52.26.138.175 - - [08/Apr/2016:22:15:30 -0700] "GET /images/greyHeader.png HTTP/1.1" 200 508 "http://whereshouldiski.com/" "Mozilla/5.0 (Macintosh; Intel Mac OS X 10_11_3) AppleWebKit/601.4.4 (KHTML, like Gecko) Version/9.0.3 Safari/601.4.4"
52.26.138.175 - - [08/Apr/2016:22:15:30 -0700] "GET /lib/reccapi.php?fields=t HTTP/1.1" 200 1890 "http://whereshouldiski.com/" "Mozilla/5.0 (Macintosh; Intel Mac OS X 10_11_3) AppleWebKit/601.4.4 (KHTML, like Gecko) Version/9.0.3 Safari/601.4.4"
52.26.138.175 - - [08/Apr/2016:22:15:30 -0700] "GET /images/snowflake5.png HTTP/1.1" 200 2857 "http://whereshouldiski.com/" "Mozilla/5.0 (Macintosh; Intel Mac OS X 10_11_3) AppleWebKit/601.4.4 (KHTML, like Gecko) Version/9.0.3 Safari/601.4.4"
52.26.138.175 - - [08/Apr/2016:22:15:30 -0700] "GET /images/star5.png HTTP/1.1" 200 1783 "http://whereshouldiski.com/" "Mozilla/5.0 (Macintosh; Intel Mac OS X 10_11_3) AppleWebKit/601.4.4 (KHTML, like Gecko) Version/9.0.3 Safari/601.4.4"
52.26.138.175 - - [08/Apr/2016:22:15:30 -0700] "GET /images/bluebird5.png HTTP/1.1" 200 2177 "http://whereshouldiski.com/" "Mozilla/5.0 (Macintosh; Intel Mac OS X 10_11_3) AppleWebKit/601.4.4 (KHTML, like Gecko) Version/9.0.3 Safari/601.4.4"
52.26.138.175 - - [08/Apr/2016:22:15:30 -0700] "GET /images/mtns-icon.png HTTP/1.1" 200 1096 "http://whereshouldiski.com/" "Mozilla/5.0 (Macintosh; Intel Mac OS X 10_11_3) AppleWebKit/601.4.4 (KHTML, like Gecko) Version/9.0.3 Safari/601.4.4"
52.26.138.175 - - [08/Apr/2016:22:15:30 -0700] "GET /images/shading-icon.png HTTP/1.1" 200 536 "http://whereshouldiski.com/" "Mozilla/5.0 (Macintosh; Intel Mac OS X 10_11_3) AppleWebKit/601.4.4 (KHTML, like Gecko) Version/9.0.3 Safari/601.4.4"
5.9.28.226 - - [08/Apr/2016:22:16:40 -0700] "GET /robots.txt HTTP/1.0" 200 338 "-" "Mozilla/5.0 (compatible; MJ12bot/v1.4.5; http://www.majestic12.co.uk/bot.php?+)"
5.9.28.226 - - [08/Apr/2016:22:17:08 -0700] "GET /robots.txt HTTP/1.0" 200 338 "-" "Mozilla/5.0 (compatible; MJ12bot/v1.4.5; http://www.majestic12.co.uk/bot.php?+)"
5.9.28.226 - - [08/Apr/2016:22:17:16 -0700] "GET /robots.txt HTTP/1.0" 200 338 "-" "Mozilla/5.0 (compatible; MJ12bot/v1.4.5; http://www.majestic12.co.uk/bot.php?+)"
5.9.28.226 - - [08/Apr/2016:22:17:17 -0700] "GET /robots.txt HTTP/1.0" 200 338 "-" "Mozilla/5.0 (compatible; MJ12bot/v1.4.5; http://www.majestic12.co.uk/bot.php?+)"
170.75.162.130 - - [08/Apr/2016:22:25:52 -0700] "GET /lib/reccapi.php?resort=diamondpeak HTTP/1.1" 200 959 "-" "node-superagent/1.4.0"
170.75.162.130 - - [08/Apr/2016:22:27:13 -0700] "GET /lib/reccapi.php?resort=kirkwood HTTP/1.1" 200 1060 "-" "node-superagent/1.4.0"
170.75.162.130 - - [08/Apr/2016:22:28:23 -0700] "GET /lib/reccapi.php?resort=homewoodmountain HTTP/1.1" 200 1006 "-" "node-superagent/1.4.0"
170.75.162.130 - - [08/Apr/2016:22:28:23 -0700] "GET /lib/reccapi.php?resort=telluride HTTP/1.1" 200 995 "-" "node-superagent/1.4.0"
180.76.15.26 - - [08/Apr/2016:22:28:46 -0700] "GET / HTTP/1.1" 200 6995 "-" "Mozilla/5.0 (compatible; Baiduspider/2.0; +http://www.baidu.com/search/spider.html)"
180.76.15.11 - - [08/Apr/2016:22:29:28 -0700] "GET / HTTP/1.1" 200 6995 "-" "Mozilla/5.0 (compatible; Baiduspider/2.0; +http://www.baidu.com/search/spider.html)"
66.249.79.135 - - [08/Apr/2016:22:32:52 -0700] "GET /resorts?resort=wildcatmountain HTTP/1.1" 404 506 "-" "Mozilla/5.0 (compatible; Googlebot/2.1; +http://www.google.com/bot.html)"
5.39.85.81 - - [08/Apr/2016:22:47:08 -0700] "GET /robots.txt HTTP/1.0" 200 338 "-" ""
5.39.85.81 - - [08/Apr/2016:22:47:09 -0700] "GET / HTTP/1.1" 206 7023 "-" "Mozilla/5.0 (X11; Linux x86_64) AppleWebKit/534.24 (KHTML, like Gecko) Chrome/11.0.696.3 Safari/534.24"
5.39.85.81 - - [08/Apr/2016:22:47:11 -0700] "GET /about HTTP/1.1" 404 480 "-" "Mozilla/5.0 (X11; Linux x86_64) AppleWebKit/534.24 (KHTML, like Gecko) Chrome/11.0.696.3 Safari/534.24"
123.125.71.73 - - [08/Apr/2016:23:03:20 -0700] "GET / HTTP/1.1" 304 173 "-" "Mozilla/5.0 (compatible; Baiduspider/2.0; +http://www.baidu.com/search/spider.html)"
66.249.79.135 - - [08/Apr/2016:23:06:07 -0700] "GET /lib/reccapi.php?resort=alpenglow&date=2016-03-20 HTTP/1.1" 200 1018 "http://whereshouldiski.com/" "Mozilla/5.0 (compatible; Googlebot/2.1; +http://www.google.com/bot.html)"
66.249.79.248 - - [08/Apr/2016:23:06:09 -0700] "GET /lib/resortDataSearchD3.php?size=7&sortDate=T&resort=alpenglow&dateStart=2016-03-18 HTTP/1.1" 200 878 "http://whereshouldiski.com/" "Mozilla/5.0 (compatible; Googlebot/2.1; +http://www.google.com/bot.html)"
66.249.79.248 - - [08/Apr/2016:23:06:14 -0700] "GET /lib/reccapi.php?fields=t&date=2016-03-20&coords=61.24%2C-149.5&size=7&sort=distance HTTP/1.1" 200 1312 "http://whereshouldiski.com/" "Mozilla/5.0 (compatible; Googlebot/2.1; +http://www.google.com/bot.html)"
66.249.79.135 - - [08/Apr/2016:23:10:16 -0700] "GET /lib/reccapi.php?resort=mountwashingtonalpine&date=2016-02-01 HTTP/1.1" 200 974 "http://whereshouldiski.com/" "Mozilla/5.0 (compatible; Googlebot/2.1; +http://www.google.com/bot.html)"
66.249.79.248 - - [08/Apr/2016:23:10:17 -0700] "GET /lib/reccapi.php?fields=t&date=2016-02-01&coords=49.7383%2C-125.299&size=7&sort=distance HTTP/1.1" 200 1403 "http://whereshouldiski.com/" "Mozilla/5.0 (compatible; Googlebot/2.1; +http://www.google.com/bot.html)"
66.249.79.234 - - [08/Apr/2016:23:10:18 -0700] "GET /lib/resortDataSearchD3.php?size=7&sortDate=T&resort=mountwashingtonalpine&dateStart=2016-01-30 HTTP/1.1" 200 860 "http://whereshouldiski.com/" "Mozilla/5.0 (compatible; Googlebot/2.1; +http://www.google.com/bot.html)"
169.229.3.90 - - [08/Apr/2016:23:14:42 -0700] "GET /ts.php HTTP/1.1" 404 489 "-" "-"
66.249.79.234 - - [08/Apr/2016:23:27:29 -0700] "GET /robots.txt HTTP/1.1" 200 419 "-" "Mozilla/5.0 (compatible; Googlebot/2.1; +http://www.google.com/bot.html)"
66.249.79.129 - - [08/Apr/2016:23:27:29 -0700] "GET /styles/ee08faa9.main.css HTTP/1.1" 200 19447 "http://beta.whereshouldiski.com/" "Mozilla/5.0 (compatible; Googlebot/2.1; +http://www.google.com/bot.html)"
180.76.15.148 - - [08/Apr/2016:23:30:43 -0700] "GET / HTTP/1.1" 200 6995 "-" "Mozilla/5.0 (compatible; Baiduspider/2.0; +http://www.baidu.com/search/spider.html)"
180.76.15.14 - - [08/Apr/2016:23:31:35 -0700] "GET / HTTP/1.1" 200 6995 "-" "Mozilla/5.0 (compatible; Baiduspider/2.0; +http://www.baidu.com/search/spider.html)"
157.55.39.135 - - [08/Apr/2016:23:32:17 -0700] "GET /robots.txt HTTP/1.1" 200 375 "-" "Mozilla/5.0 (compatible; bingbot/2.0; +http://www.bing.com/bingbot.htm)"
173.255.243.26 - - [08/Apr/2016:23:35:13 -0700] "HEAD / HTTP/1.1" 200 371 "http://uptime.com/whereshouldiski.com" "Mozilla/5.0 (compatible; Uptimebot/1.0; +http://www.uptime.com/uptimebot)"
157.55.39.135 - - [08/Apr/2016:23:37:27 -0700] "GET /robots.txt HTTP/1.1" 200 419 "-" "Mozilla/5.0 (compatible; bingbot/2.0; +http://www.bing.com/bingbot.htm)"
170.75.162.130 - - [08/Apr/2016:23:39:52 -0700] "GET /lib/reccapi.php?resort=keystone HTTP/1.1" 200 1018 "-" "node-superagent/1.4.0"
170.75.162.130 - - [08/Apr/2016:23:46:13 -0700] "GET /lib/reccapi.php?resort=sunvalley HTTP/1.1" 200 979 "-" "node-superagent/1.4.0"
66.249.79.248 - - [08/Apr/2016:23:48:04 -0700] "GET /resorts?resort=sunvalley HTTP/1.1" 404 506 "-" "Mozilla/5.0 (compatible; Googlebot/2.1; +http://www.google.com/bot.html)"
170.75.162.130 - - [08/Apr/2016:23:52:23 -0700] "GET /lib/reccapi.php?resort=crestedbutte HTTP/1.1" 200 1015 "-" "node-superagent/1.4.0"
170.75.162.130 - - [08/Apr/2016:23:53:23 -0700] "GET /lib/reccapi.php?resort=buttermilk HTTP/1.1" 200 997 "-" "node-superagent/1.4.0"
170.75.162.130 - - [08/Apr/2016:23:53:23 -0700] "GET /lib/reccapi.php?resort=aspenheights HTTP/1.1" 200 1017 "-" "node-superagent/1.4.0"
170.75.162.130 - - [08/Apr/2016:23:53:24 -0700] "GET /lib/reccapi.php?resort=coppermountain HTTP/1.1" 200 1027 "-" "node-superagent/1.4.0"
170.75.162.130 - - [08/Apr/2016:23:58:04 -0700] "GET /lib/reccapi.php?resort=stevenspass HTTP/1.1" 200 972 "-" "node-superagent/1.4.0"
170.75.162.130 - - [08/Apr/2016:23:58:44 -0700] "GET /lib/reccapi.php?resort=silverstarmountain HTTP/1.1" 200 928 "-" "node-superagent/1.4.0"
180.76.15.20 - - [09/Apr/2016:00:02:42 -0700] "GET / HTTP/1.1" 200 2578 "-" "Mozilla/5.0 (compatible; Baiduspider/2.0; +http://www.baidu.com/search/spider.html)"
66.249.79.234 - - [09/Apr/2016:00:02:52 -0700] "GET /resorts?resort=silverstarmountain HTTP/1.1" 404 506 "-" "Mozilla/5.0 (compatible; Googlebot/2.1; +http://www.google.com/bot.html)"
170.75.162.130 - - [09/Apr/2016:00:05:35 -0700] "GET /lib/reccapi.php?resort=alta HTTP/1.1" 200 1039 "-" "node-superagent/1.4.0"
170.75.162.130 - - [09/Apr/2016:00:05:35 -0700] "GET /lib/reccapi.php?resort=sugarloaf HTTP/1.1" 200 956 "-" "node-superagent/1.4.0"
170.75.162.130 - - [09/Apr/2016:00:14:16 -0700] "GET /lib/reccapi.php?resort=brighton HTTP/1.1" 200 1049 "-" "node-superagent/1.4.0"
170.75.162.130 - - [09/Apr/2016:00:23:38 -0700] "GET /lib/reccapi.php?resort=redlodge HTTP/1.1" 200 1041 "-" "node-superagent/1.4.0"
180.76.15.29 - - [09/Apr/2016:00:30:14 -0700] "GET / HTTP/1.1" 200 6995 "-" "Mozilla/5.0 (compatible; Baiduspider/2.0; +http://www.baidu.com/search/spider.html)"
180.76.15.22 - - [09/Apr/2016:00:31:04 -0700] "GET / HTTP/1.1" 200 6995 "-" "Mozilla/5.0 (compatible; Baiduspider/2.0; +http://www.baidu.com/search/spider.html)"
66.249.79.234 - - [09/Apr/2016:00:38:07 -0700] "GET /resorts?resort=deervalley HTTP/1.1" 404 506 "-" "Mozilla/5.0 (compatible; Googlebot/2.1; +http://www.google.com/bot.html)"
170.75.162.130 - - [09/Apr/2016:00:51:41 -0700] "GET /lib/reccapi.php?resort=devilshead HTTP/1.1" 200 965 "-" "node-superagent/1.4.0"
170.75.162.130 - - [09/Apr/2016:01:03:43 -0700] "GET /lib/reccapi.php?resort=sunpeaksresort HTTP/1.1" 200 913 "-" "node-superagent/1.4.0"
170.75.162.130 - - [09/Apr/2016:01:05:03 -0700] "GET /lib/reccapi.php?resort=chinapeak HTTP/1.1" 200 1061 "-" "node-superagent/1.4.0"
170.75.162.130 - - [09/Apr/2016:01:06:03 -0700] "GET /lib/reccapi.php?resort=hoodoo HTTP/1.1" 200 954 "-" "node-superagent/1.4.0"
170.75.162.130 - - [09/Apr/2016:01:06:13 -0700] "GET /lib/reccapi.php?resort=whistlerblackcomb HTTP/1.1" 200 925 "-" "node-superagent/1.4.0"
123.125.71.42 - - [09/Apr/2016:01:21:37 -0700] "GET /robots.txt HTTP/1.1" 200 382 "-" "Mozilla/5.0 (compatible; Baiduspider/2.0; +http://www.baidu.com/search/spider.html)"
123.125.71.38 - - [09/Apr/2016:01:23:26 -0700] "GET /about HTTP/1.1" 404 472 "-" "Mozilla/5.0 (compatible; Baiduspider/2.0; +http://www.baidu.com/search/spider.html)"
170.75.162.130 - - [09/Apr/2016:01:27:56 -0700] "GET /lib/reccapi.php?resort=schweitzer HTTP/1.1" 200 950 "-" "node-superagent/1.4.0"
170.75.162.130 - - [09/Apr/2016:01:31:16 -0700] "GET /lib/reccapi.php?resort=49degreesnorth HTTP/1.1" 200 967 "-" "node-superagent/1.4.0"
170.75.162.130 - - [09/Apr/2016:01:31:16 -0700] "GET /lib/reccapi.php?resort=crystalmountain HTTP/1.1" 200 959 "-" "node-superagent/1.4.0"
170.75.162.130 - - [09/Apr/2016:01:31:16 -0700] "GET /lib/reccapi.php?resort=mountspokane HTTP/1.1" 200 966 "-" "node-superagent/1.4.0"
180.76.15.5 - - [09/Apr/2016:01:31:18 -0700] "GET / HTTP/1.1" 200 6995 "-" "Mozilla/5.0 (compatible; Baiduspider/2.0; +http://www.baidu.com/search/spider.html)"
180.76.15.158 - - [09/Apr/2016:01:32:11 -0700] "GET / HTTP/1.1" 200 6995 "-" "Mozilla/5.0 (compatible; Baiduspider/2.0; +http://www.baidu.com/search/spider.html)"
170.75.162.130 - - [09/Apr/2016:01:35:47 -0700] "GET /lib/reccapi.php?resort=solitude HTTP/1.1" 200 1039 "-" "node-superagent/1.4.0"
66.249.79.147 - - [09/Apr/2016:01:42:38 -0700] "GET / HTTP/1.1" 200 2615 "-" "Mozilla/5.0 (compatible; Googlebot/2.1; +http://www.google.com/bot.html)"
170.75.162.130 - - [09/Apr/2016:01:46:08 -0700] "GET /lib/reccapi.php?resort=squawvalleyusa HTTP/1.1" 200 1027 "-" "node-superagent/1.4.0"
66.249.79.248 - - [09/Apr/2016:01:50:27 -0700] "GET /resorts?resort=squawvalleyusa HTTP/1.1" 404 506 "-" "Mozilla/5.0 (compatible; Googlebot/2.1; +http://www.google.com/bot.html)"
174.34.135.242 - - [09/Apr/2016:02:02:26 -0700] "GET /robots.txt HTTP/1.0" 200 338 "-" "Mozilla/5.0 (compatible; MJ12bot/v1.4.5; http://www.majestic12.co.uk/bot.php?+)"
174.34.135.242 - - [09/Apr/2016:02:02:28 -0700] "GET /about HTTP/1.0" 404 495 "-" "Mozilla/5.0 (compatible; MJ12bot/v1.4.5; http://www.majestic12.co.uk/bot.php?+)"
170.75.162.130 - - [09/Apr/2016:02:04:40 -0700] "GET /lib/reccapi.php?resort=bigwhite HTTP/1.1" 200 913 "-" "node-superagent/1.4.0"
54.153.33.145 - - [09/Apr/2016:02:11:28 -0700] "GET / HTTP/1.1" 200 6976 "-" "Mozilla/5.0 (Windows NT 6.1) AppleWebKit/537.36 (KHTML, like Gecko) Chrome/41.0.2228.0 Safari/537.36"
66.249.79.135 - - [09/Apr/2016:02:15:22 -0700] "GET /lib/reccapi.php?resort=bigwhite&date=2016-01-07 HTTP/1.1" 200 715 "http://whereshouldiski.com/" "Mozilla/5.0 (compatible; Googlebot/2.1; +http://www.google.com/bot.html)"
69.30.198.202 - - [09/Apr/2016:02:15:37 -0700] "GET /robots.txt HTTP/1.0" 200 338 "-" "Mozilla/5.0 (compatible; MJ12bot/v1.4.5; http://www.majestic12.co.uk/bot.php?+)"
69.30.198.202 - - [09/Apr/2016:02:15:39 -0700] "GET /about HTTP/1.0" 404 495 "-" "Mozilla/5.0 (compatible; MJ12bot/v1.4.5; http://www.majestic12.co.uk/bot.php?+)"
69.30.198.202 - - [09/Apr/2016:02:15:40 -0700] "GET /resorts?resort=alpinemeadows HTTP/1.0" 404 469 "-" "Mozilla/5.0 (compatible; MJ12bot/v1.4.5; http://www.majestic12.co.uk/bot.php?+)"
69.30.198.202 - - [09/Apr/2016:02:15:41 -0700] "GET /resorts?resort=aspenmountain HTTP/1.0" 404 469 "-" "Mozilla/5.0 (compatible; MJ12bot/v1.4.5; http://www.majestic12.co.uk/bot.php?+)"
69.30.198.202 - - [09/Apr/2016:02:15:43 -0700] "GET /resorts?resort=buttermilk HTTP/1.0" 404 469 "-" "Mozilla/5.0 (compatible; MJ12bot/v1.4.5; http://www.majestic12.co.uk/bot.php?+)"
69.30.198.202 - - [09/Apr/2016:02:15:44 -0700] "GET /resorts?resort=grandtarghee HTTP/1.0" 404 469 "-" "Mozilla/5.0 (compatible; MJ12bot/v1.4.5; http://www.majestic12.co.uk/bot.php?+)"
66.249.79.234 - - [09/Apr/2016:02:20:29 -0700] "GET /lib/reccapi.php?resort=mountbaker&date=2016-03-24 HTTP/1.1" 200 1068 "http://whereshouldiski.com/" "Mozilla/5.0 (compatible; Googlebot/2.1; +http://www.google.com/bot.html)"
66.249.79.248 - - [09/Apr/2016:02:20:30 -0700] "GET /lib/reccapi.php?fields=t&date=2016-03-24&coords=48.86%2C-121.68&size=7&sort=distance HTTP/1.1" 200 1450 "http://whereshouldiski.com/" "Mozilla/5.0 (compatible; Googlebot/2.1; +http://www.google.com/bot.html)"
66.249.79.135 - - [09/Apr/2016:02:20:31 -0700] "GET /lib/resortDataSearchD3.php?size=7&sortDate=T&resort=mountbaker&dateStart=2016-03-22 HTTP/1.1" 200 876 "http://whereshouldiski.com/" "Mozilla/5.0 (compatible; Googlebot/2.1; +http://www.google.com/bot.html)"
170.75.162.130 - - [09/Apr/2016:02:20:42 -0700] "GET /lib/reccapi.php?resort=madriverglen HTTP/1.1" 200 989 "-" "node-superagent/1.4.0"
170.75.162.130 - - [09/Apr/2016:02:24:23 -0700] "GET /lib/reccapi.php?resort=mounthoodmeadows HTTP/1.1" 200 990 "-" "node-superagent/1.4.0"
180.76.15.9 - - [09/Apr/2016:02:30:28 -0700] "GET / HTTP/1.1" 200 6995 "-" "Mozilla/5.0 (compatible; Baiduspider/2.0; +http://www.baidu.com/search/spider.html)"
180.76.15.160 - - [09/Apr/2016:02:31:18 -0700] "GET / HTTP/1.1" 200 6995 "-" "Mozilla/5.0 (compatible; Baiduspider/2.0; +http://www.baidu.com/search/spider.html)"
170.75.162.130 - - [09/Apr/2016:02:40:15 -0700] "GET /lib/reccapi.php?resort=arapahoebasin HTTP/1.1" 200 1100 "-" "node-superagent/1.4.0"
170.75.162.130 - - [09/Apr/2016:02:44:16 -0700] "GET /lib/reccapi.php?resort=winterpark HTTP/1.1" 200 1119 "-" "node-superagent/1.4.0"
170.75.162.130 - - [09/Apr/2016:02:47:16 -0700] "GET /lib/reccapi.php?resort=alpinemeadows HTTP/1.1" 200 1063 "-" "node-superagent/1.4.0"
170.75.162.130 - - [09/Apr/2016:02:47:16 -0700] "GET /lib/reccapi.php?resort=heavenly HTTP/1.1" 200 1027 "-" "node-superagent/1.4.0"
170.75.162.130 - - [09/Apr/2016:02:47:16 -0700] "GET /lib/reccapi.php?resort=homewoodmountain HTTP/1.1" 200 1032 "-" "node-superagent/1.4.0"
170.75.162.130 - - [09/Apr/2016:02:47:16 -0700] "GET /lib/reccapi.php?resort=kirkwood HTTP/1.1" 200 1097 "-" "node-superagent/1.4.0"
170.75.162.130 - - [09/Apr/2016:02:47:16 -0700] "GET /lib/reccapi.php?resort=mammothmountain HTTP/1.1" 200 1037 "-" "node-superagent/1.4.0"
170.75.162.130 - - [09/Apr/2016:02:47:17 -0700] "GET /lib/reccapi.php?resort=mountainhigh HTTP/1.1" 200 1054 "-" "node-superagent/1.4.0"
170.75.162.130 - - [09/Apr/2016:02:47:17 -0700] "GET /lib/reccapi.php?resort=northstar-at-tahoe HTTP/1.1" 200 1009 "-" "node-superagent/1.4.0"
170.75.162.130 - - [09/Apr/2016:02:47:17 -0700] "GET /lib/reccapi.php?resort=sierra-at-tahoe HTTP/1.1" 200 1043 "-" "node-superagent/1.4.0"
170.75.162.130 - - [09/Apr/2016:02:47:17 -0700] "GET /lib/reccapi.php?resort=sugarbowl HTTP/1.1" 200 1008 "-" "node-superagent/1.4.0"
207.46.13.27 - - [09/Apr/2016:02:59:38 -0700] "GET / HTTP/1.1" 200 2615 "-" "Mozilla/5.0 (compatible; bingbot/2.0; +http://www.bing.com/bingbot.htm)"
170.75.162.130 - - [09/Apr/2016:03:05:09 -0700] "GET /lib/reccapi.php?resort=jaypeak HTTP/1.1" 200 1018 "-" "node-superagent/1.4.0"
170.75.162.130 - - [09/Apr/2016:03:05:09 -0700] "GET /lib/reccapi.php?resort=killington HTTP/1.1" 200 973 "-" "node-superagent/1.4.0"
170.75.162.130 - - [09/Apr/2016:03:05:10 -0700] "GET /lib/reccapi.php?resort=parkcity HTTP/1.1" 200 1090 "-" "node-superagent/1.4.0"
170.75.162.130 - - [09/Apr/2016:03:05:10 -0700] "GET /lib/reccapi.php?resort=smugglersnotch HTTP/1.1" 200 985 "-" "node-superagent/1.4.0"
170.75.162.130 - - [09/Apr/2016:03:05:10 -0700] "GET /lib/reccapi.php?resort=stowe HTTP/1.1" 200 986 "-" "node-superagent/1.4.0"
170.75.162.130 - - [09/Apr/2016:03:05:10 -0700] "GET /lib/reccapi.php?resort=sugarbush HTTP/1.1" 200 988 "-" "node-superagent/1.4.0"
180.76.15.22 - - [09/Apr/2016:03:06:13 -0700] "GET /about HTTP/1.1" 404 469 "-" "Mozilla/5.0 (compatible; Baiduspider/2.0; +http://www.baidu.com/search/spider.html)"
198.54.90.200 - - [09/Apr/2016:03:09:06 -0700] "GET / HTTP/1.1" 200 6995 "-" "Mozilla/5.0 (compatible; +http://servernfo.com/)"
80.82.64.37 - - [09/Apr/2016:03:26:09 -0700] "GET / HTTP/1.0" 200 6995 "-" "Mozilla/5.0 (Windows NT 6.1; rv:31.0) Gecko/20100101 Firefox/31.0"
180.76.15.154 - - [09/Apr/2016:03:31:45 -0700] "GET / HTTP/1.1" 200 6995 "-" "Mozilla/5.0 (compatible; Baiduspider/2.0; +http://www.baidu.com/search/spider.html)"
180.76.15.17 - - [09/Apr/2016:03:32:39 -0700] "GET / HTTP/1.1" 200 6995 "-" "Mozilla/5.0 (compatible; Baiduspider/2.0; +http://www.baidu.com/search/spider.html)"
66.249.79.248 - - [09/Apr/2016:03:38:06 -0700] "GET /resorts?resort=whistlerblackcomb HTTP/1.1" 404 506 "-" "Mozilla/5.0 (compatible; Googlebot/2.1; +http://www.google.com/bot.html)"
66.249.79.234 - - [09/Apr/2016:03:38:06 -0700] "GET /robots.txt HTTP/1.1" 200 419 "-" "Mozilla/5.0 (compatible; Googlebot/2.1; +http://www.google.com/bot.html)"
66.249.79.234 - - [09/Apr/2016:03:45:00 -0700] "GET /lib/reccapi.php?resort=coppermountain&date=2016-03-27 HTTP/1.1" 200 1035 "http://whereshouldiski.com/" "Mozilla/5.0 (compatible; Googlebot/2.1; +http://www.google.com/bot.html)"
66.249.79.135 - - [09/Apr/2016:03:45:01 -0700] "GET /lib/resortDataSearchD3.php?size=7&sortDate=T&resort=coppermountain&dateStart=2016-03-25 HTTP/1.1" 200 879 "http://whereshouldiski.com/" "Mozilla/5.0 (compatible; Googlebot/2.1; +http://www.google.com/bot.html)"
66.249.79.234 - - [09/Apr/2016:03:45:02 -0700] "GET /lib/reccapi.php?fields=t&date=2016-03-27&coords=39.48%2C-106.17&size=7&sort=distance HTTP/1.1" 200 1368 "http://whereshouldiski.com/" "Mozilla/5.0 (compatible; Googlebot/2.1; +http://www.google.com/bot.html)"
170.75.162.130 - - [09/Apr/2016:04:00:40 -0700] "GET /lib/reccapi.php?resort=whitefacemountain HTTP/1.1" 200 986 "-" "node-superagent/1.4.0"
66.249.79.134 - - [09/Apr/2016:04:07:45 -0700] "GET / HTTP/1.1" 200 2615 "-" "Mozilla/5.0 (compatible; Googlebot/2.1; +http://www.google.com/bot.html)"
66.249.88.129 - - [09/Apr/2016:04:30:01 -0700] "GET /images/wsis-logo-sm.png HTTP/1.1" 200 6108 "http://www.thebackcountry.net/" "Mozilla/5.0 (X11; Linux x86_64) AppleWebKit/537.36 (KHTML, like Gecko; Google Page Speed Insights) Chrome/27.0.1453 Safari/537.36"
180.76.15.10 - - [09/Apr/2016:04:31:44 -0700] "GET / HTTP/1.1" 200 6995 "-" "Mozilla/5.0 (compatible; Baiduspider/2.0; +http://www.baidu.com/search/spider.html)"
180.76.15.5 - - [09/Apr/2016:04:32:34 -0700] "GET / HTTP/1.1" 200 6995 "-" "Mozilla/5.0 (compatible; Baiduspider/2.0; +http://www.baidu.com/search/spider.html)"
66.249.65.72 - - [09/Apr/2016:04:48:01 -0700] "GET /resorts?resort=smugglersnotch HTTP/1.1" 404 506 "-" "Mozilla/5.0 (compatible; Googlebot/2.1; +http://www.google.com/bot.html)"
170.75.162.130 - - [09/Apr/2016:04:59:57 -0700] "GET /lib/reccapi.php?resort=steamboat HTTP/1.1" 200 1067 "-" "node-superagent/1.4.0"
66.249.65.69 - - [09/Apr/2016:05:03:27 -0700] "GET /recommendations?sort=distance HTTP/1.1" 404 506 "-" "Mozilla/5.0 (compatible; Googlebot/2.1; +http://www.google.com/bot.html)"
170.75.162.130 - - [09/Apr/2016:05:12:09 -0700] "GET /lib/reccapi.php?resort=telluride HTTP/1.1" 200 1093 "-" "node-superagent/1.4.0"
170.75.162.130 - - [09/Apr/2016:05:15:09 -0700] "GET /lib/reccapi.php?resort=grandtarghee HTTP/1.1" 200 1094 "-" "node-superagent/1.4.0"
180.76.15.160 - - [09/Apr/2016:05:34:20 -0700] "GET / HTTP/1.1" 200 6995 "-" "Mozilla/5.0 (compatible; Baiduspider/2.0; +http://www.baidu.com/search/spider.html)"
180.76.15.154 - - [09/Apr/2016:05:35:21 -0700] "GET / HTTP/1.1" 200 6995 "-" "Mozilla/5.0 (compatible; Baiduspider/2.0; +http://www.baidu.com/search/spider.html)"
170.75.162.130 - - [09/Apr/2016:05:39:52 -0700] "GET /lib/reccapi.php?resort=crystalmountain HTTP/1.1" 200 955 "-" "node-superagent/1.4.0"
170.75.162.130 - - [09/Apr/2016:05:49:14 -0700] "GET /lib/reccapi.php?resort=aspenheights HTTP/1.1" 200 1115 "-" "node-superagent/1.4.0"
169.229.3.91 - - [09/Apr/2016:05:51:37 -0700] "\x82A\x93\x18\xf9{\xbb\xcaG\xbb\xf0\xd3}\xbel\xe7\xbe\\\xcb\xc0\x94\xa6O\xe3H \xa1\x8c(\x83D\xd4\x83&1\x04\xe6I\xd7\x14\xfd\x1e\xbd\x01\xb9r\xed p\xdc\x8307\\\xd7\x15[`\x14" 400 539 "-" "-"
170.75.162.130 - - [09/Apr/2016:05:55:24 -0700] "GET /lib/reccapi.php?resort=alta HTTP/1.1" 200 1055 "-" "node-superagent/1.4.0"
170.75.162.130 - - [09/Apr/2016:05:58:25 -0700] "GET /lib/reccapi.php?resort=aspenmountain HTTP/1.1" 200 1049 "-" "node-superagent/1.4.0"
185.106.92.47 - - [09/Apr/2016:06:02:22 -0700] "GET /muieblackcat HTTP/1.1" 404 466 "-" "-"
185.106.92.47 - - [09/Apr/2016:06:02:23 -0700] "GET //phpMyAdmin/scripts/setup.php HTTP/1.1" 404 466 "-" "-"
185.106.92.47 - - [09/Apr/2016:06:02:23 -0700] "GET //phpmyadmin/scripts/setup.php HTTP/1.1" 404 466 "-" "-"
185.106.92.47 - - [09/Apr/2016:06:02:27 -0700] "GET //myadmin/scripts/setup.php HTTP/1.1" 404 466 "-" "-"
185.106.92.47 - - [09/Apr/2016:06:02:28 -0700] "GET //MyAdmin/scripts/setup.php HTTP/1.1" 404 466 "-" "-"
170.75.162.130 - - [09/Apr/2016:06:06:26 -0700] "GET /lib/reccapi.php?resort=mountbachelor HTTP/1.1" 200 974 "-" "node-superagent/1.4.0"
220.181.108.103 - - [09/Apr/2016:06:08:30 -0700] "GET /images/wsis-logo-sm.png HTTP/1.1" 200 6071 "-" "Baiduspider-image+(+http://www.baidu.com/search/spider.htm)"
170.75.162.130 - - [09/Apr/2016:06:08:46 -0700] "GET /lib/reccapi.php?resort=taos HTTP/1.1" 200 1069 "-" "node-superagent/1.4.0"
170.75.162.130 - - [09/Apr/2016:06:16:47 -0700] "GET /lib/reccapi.php?resort=angelfire HTTP/1.1" 200 1060 "-" "node-superagent/1.4.0"
170.75.162.130 - - [09/Apr/2016:06:19:48 -0700] "GET /lib/reccapi.php?resort=bigwhite HTTP/1.1" 200 912 "-" "node-superagent/1.4.0"
66.249.65.66 - - [09/Apr/2016:06:20:34 -0700] "GET /resorts?resort=heavenly HTTP/1.1" 404 506 "-" "Mozilla/5.0 (compatible; Googlebot/2.1; +http://www.google.com/bot.html)"
66.249.65.69 - - [09/Apr/2016:06:20:35 -0700] "GET /resorts?resort=alpinemeadows HTTP/1.1" 404 506 "-" "Mozilla/5.0 (compatible; Googlebot/2.1; +http://www.google.com/bot.html)"
66.249.65.66 - - [09/Apr/2016:06:20:35 -0700] "GET /resorts?resort=killington HTTP/1.1" 404 505 "-" "Mozilla/5.0 (compatible; Googlebot/2.1; +http://www.google.com/bot.html)"
66.249.65.66 - - [09/Apr/2016:06:20:36 -0700] "GET /resorts?resort=winterpark HTTP/1.1" 404 505 "-" "Mozilla/5.0 (compatible; Googlebot/2.1; +http://www.google.com/bot.html)"
47.208.181.205 - - [09/Apr/2016:06:24:43 -0700] "GET /images/wsis-logo-sm.png HTTP/1.1" 200 6108 "http://www.thebackcountry.net/" "Mozilla/5.0 (Macintosh; Intel Mac OS X 10_10_5) AppleWebKit/600.8.9 (KHTML, like Gecko) Version/8.0.8 Safari/600.8.9"
180.76.15.142 - - [09/Apr/2016:06:29:45 -0700] "GET / HTTP/1.1" 200 6995 "-" "Mozilla/5.0 (compatible; Baiduspider/2.0; +http://www.baidu.com/search/spider.html)"
180.76.15.160 - - [09/Apr/2016:06:30:34 -0700] "GET / HTTP/1.1" 200 6995 "-" "Mozilla/5.0 (compatible; Baiduspider/2.0; +http://www.baidu.com/search/spider.html)"
170.75.162.130 - - [09/Apr/2016:06:38:20 -0700] "GET /lib/reccapi.php?resort=monarch HTTP/1.1" 200 1017 "-" "node-superagent/1.4.0"
66.249.65.69 - - [09/Apr/2016:06:48:08 -0700] "GET /resorts?resort=moonlightbasin&date=2014-02-09 HTTP/1.1" 404 506 "-" "Mozilla/5.0 (iPhone; CPU iPhone OS 8_3 like Mac OS X) AppleWebKit/600.1.4 (KHTML, like Gecko) Version/8.0 Mobile/12F70 Safari/600.1.4 (compatible; Googlebot/2.1; +http://www.google.com/bot.html)"
66.249.65.72 - - [09/Apr/2016:06:54:14 -0700] "GET /resorts?resort=hyland&date=2014-02-17 HTTP/1.1" 404 506 "-" "Mozilla/5.0 (iPhone; CPU iPhone OS 8_3 like Mac OS X) AppleWebKit/600.1.4 (KHTML, like Gecko) Version/8.0 Mobile/12F70 Safari/600.1.4 (compatible; Googlebot/2.1; +http://www.google.com/bot.html)"
170.75.162.130 - - [09/Apr/2016:06:55:12 -0700] "GET /lib/reccapi.php?resort=redlodge HTTP/1.1" 200 1032 "-" "node-superagent/1.4.0"
66.249.65.66 - - [09/Apr/2016:07:04:40 -0700] "GET /styles/ee08faa9.main.css HTTP/1.1" 200 19447 "-" "Mozilla/5.0 (compatible; Googlebot/2.1; +http://www.google.com/bot.html)"
66.249.65.72 - - [09/Apr/2016:07:04:42 -0700] "GET /lib/reccapi.php?resort=mountbaker&date=2016-03-06 HTTP/1.1" 200 1094 "http://whereshouldiski.com/" "Mozilla/5.0 (compatible; Googlebot/2.1; +http://www.google.com/bot.html)"
66.249.65.66 - - [09/Apr/2016:07:04:43 -0700] "GET /lib/reccapi.php?fields=t&date=2016-03-06&coords=48.86%2C-121.68&size=7&sort=distance HTTP/1.1" 200 1432 "http://whereshouldiski.com/" "Mozilla/5.0 (compatible; Googlebot/2.1; +http://www.google.com/bot.html)"
66.249.65.69 - - [09/Apr/2016:07:04:43 -0700] "GET /lib/resortDataSearchD3.php?size=7&sortDate=T&resort=mountbaker&dateStart=2016-03-04 HTTP/1.1" 200 880 "http://whereshouldiski.com/" "Mozilla/5.0 (compatible; Googlebot/2.1; +http://www.google.com/bot.html)"
170.75.162.130 - - [09/Apr/2016:07:17:54 -0700] "GET /lib/reccapi.php?resort=sugarloaf HTTP/1.1" 200 993 "-" "node-superagent/1.4.0"
170.75.162.130 - - [09/Apr/2016:07:20:34 -0700] "GET /lib/reccapi.php?resort=killington HTTP/1.1" 200 1035 "-" "node-superagent/1.4.0"
66.249.65.72 - - [09/Apr/2016:07:23:05 -0700] "GET /resorts?resort=sugarloaf HTTP/1.1" 404 506 "-" "Mozilla/5.0 (compatible; Googlebot/2.1; +http://www.google.com/bot.html)"
170.75.162.130 - - [09/Apr/2016:07:24:34 -0700] "GET /lib/reccapi.php?resort=snowbird HTTP/1.1" 200 1060 "-" "node-superagent/1.4.0"
180.76.15.155 - - [09/Apr/2016:07:29:16 -0700] "GET / HTTP/1.1" 200 6995 "-" "Mozilla/5.0 (compatible; Baiduspider/2.0; +http://www.baidu.com/search/spider.html)"
180.76.15.148 - - [09/Apr/2016:07:30:07 -0700] "GET / HTTP/1.1" 200 6995 "-" "Mozilla/5.0 (compatible; Baiduspider/2.0; +http://www.baidu.com/search/spider.html)"
170.75.162.130 - - [09/Apr/2016:07:31:45 -0700] "GET /lib/reccapi.php?resort=brianhead HTTP/1.1" 200 1057 "-" "node-superagent/1.4.0"
75.71.223.87 - - [09/Apr/2016:07:33:00 -0700] "GET /favicon.ico HTTP/1.1" 200 4613 "-" "Mozilla/5.0 (Windows NT 6.1; WOW64; rv:45.0) Gecko/20100101 Firefox/45.0"
66.249.65.66 - - [09/Apr/2016:07:33:02 -0700] "GET /resorts?resort=brianhead HTTP/1.1" 404 506 "-" "Mozilla/5.0 (compatible; Googlebot/2.1; +http://www.google.com/bot.html)"
66.249.65.6 - - [09/Apr/2016:07:39:59 -0700] "GET / HTTP/1.1" 200 2615 "-" "Mozilla/5.0 (compatible; Googlebot/2.1; +http://www.google.com/bot.html)"
180.76.15.159 - - [09/Apr/2016:07:50:47 -0700] "GET / HTTP/1.1" 200 2578 "-" "Mozilla/5.0 (compatible; Baiduspider/2.0; +http://www.baidu.com/search/spider.html)"
166.137.242.29 - - [09/Apr/2016:07:55:53 -0700] "GET /images/wsis-logo-sm.png HTTP/1.1" 200 6108 "http://www.thebackcountry.net/" "Mozilla/5.0 (iPhone; CPU iPhone OS 8_1_1 like Mac OS X) AppleWebKit/600.1.4 (KHTML, like Gecko) Version/8.0 Mobile/12B435 Safari/600.1.4"
170.75.162.130 - - [09/Apr/2016:08:07:28 -0700] "GET /lib/reccapi.php?resort=sundayriver HTTP/1.1" 200 994 "-" "node-superagent/1.4.0"
170.75.162.130 - - [09/Apr/2016:08:11:28 -0700] "GET /lib/reccapi.php?resort=redmountain HTTP/1.1" 200 899 "-" "node-superagent/1.4.0"
170.75.162.130 - - [09/Apr/2016:08:17:28 -0700] "GET /lib/reccapi.php?resort=whistlerblackcomb HTTP/1.1" 200 926 "-" "node-superagent/1.4.0"
66.249.65.69 - - [09/Apr/2016:08:18:46 -0700] "GET /lib/reccapi.php?resort=monarch&date=2016-04-04 HTTP/1.1" 200 1015 "http://whereshouldiski.com/" "Mozilla/5.0 (compatible; Googlebot/2.1; +http://www.google.com/bot.html)"
66.249.65.69 - - [09/Apr/2016:08:18:48 -0700] "GET /lib/reccapi.php?fields=t&date=2016-04-04&coords=38.51%2C-106.35&size=7&sort=distance HTTP/1.1" 200 1313 "http://whereshouldiski.com/" "Mozilla/5.0 (compatible; Googlebot/2.1; +http://www.google.com/bot.html)"
66.249.65.69 - - [09/Apr/2016:08:18:49 -0700] "GET /lib/resortDataSearchD3.php?size=7&sortDate=T&resort=monarch&dateStart=2016-04-02 HTTP/1.1" 200 856 "http://whereshouldiski.com/" "Mozilla/5.0 (compatible; Googlebot/2.1; +http://www.google.com/bot.html)"
170.75.162.130 - - [09/Apr/2016:08:22:29 -0700] "GET /lib/reccapi.php?resort=mtrose HTTP/1.1" 200 1018 "-" "node-superagent/1.4.0"
170.75.162.130 - - [09/Apr/2016:08:30:50 -0700] "GET /lib/reccapi.php?resort=alyeska HTTP/1.1" 200 1015 "-" "node-superagent/1.4.0"
180.76.15.33 - - [09/Apr/2016:08:32:21 -0700] "GET / HTTP/1.1" 200 6995 "-" "Mozilla/5.0 (compatible; Baiduspider/2.0; +http://www.baidu.com/search/spider.html)"
170.75.162.130 - - [09/Apr/2016:08:32:50 -0700] "GET /lib/reccapi.php?resort=sugarbush HTTP/1.1" 200 1054 "-" "node-superagent/1.4.0"
180.76.15.31 - - [09/Apr/2016:08:33:16 -0700] "GET / HTTP/1.1" 200 6995 "-" "Mozilla/5.0 (compatible; Baiduspider/2.0; +http://www.baidu.com/search/spider.html)"
75.100.41.55 - - [09/Apr/2016:08:35:22 -0700] "GET /images/wsis-logo-sm.png HTTP/1.1" 200 6108 "http://www.thebackcountry.net/" "Mozilla/5.0 (Linux; Android 4.4.4; XT1080 Build/SU6-7.3) AppleWebKit/537.36 (KHTML, like Gecko) Chrome/48.0.2564.95 Mobile Safari/537.36"
170.75.162.130 - - [09/Apr/2016:08:36:00 -0700] "GET /lib/reccapi.php?resort=diamondpeak HTTP/1.1" 200 989 "-" "node-superagent/1.4.0"
170.75.162.130 - - [09/Apr/2016:08:36:20 -0700] "GET /lib/reccapi.php?resort=devilshead HTTP/1.1" 200 962 "-" "node-superagent/1.4.0"
207.46.13.27 - - [09/Apr/2016:08:38:05 -0700] "GET / HTTP/1.1" 200 2615 "-" "Mozilla/5.0 (compatible; bingbot/2.0; +http://www.bing.com/bingbot.htm)"
166.216.157.121 - - [09/Apr/2016:08:38:38 -0700] "GET /images/wsis-logo-sm.png HTTP/1.1" 200 6108 "http://www.thebackcountry.net/" "Mozilla/5.0 (iPhone; CPU iPhone OS 9_3_1 like Mac OS X) AppleWebKit/601.1.46 (KHTML, like Gecko) Version/9.0 Mobile/13E238 Safari/601.1"
170.75.162.130 - - [09/Apr/2016:08:40:31 -0700] "GET /lib/reccapi.php?resort=sierra-at-tahoe HTTP/1.1" 200 1045 "-" "node-superagent/1.4.0"
170.75.162.130 - - [09/Apr/2016:08:43:21 -0700] "GET /lib/reccapi.php?resort=jacksonhole HTTP/1.1" 200 1080 "-" "node-superagent/1.4.0"
170.75.162.130 - - [09/Apr/2016:08:47:51 -0700] "GET /lib/reccapi.php?resort=hoodoo HTTP/1.1" 200 955 "-" "node-superagent/1.4.0"
170.75.162.130 - - [09/Apr/2016:08:47:51 -0700] "GET /lib/reccapi.php?resort=mounthoodmeadows HTTP/1.1" 200 974 "-" "node-superagent/1.4.0"
166.216.157.111 - - [09/Apr/2016:09:06:33 -0700] "GET /images/wsis-logo-sm.png HTTP/1.1" 200 6108 "http://www.thebackcountry.net/" "Mozilla/5.0 (iPhone; CPU iPhone OS 9_3 like Mac OS X) AppleWebKit/601.1.46 (KHTML, like Gecko) Version/9.0 Mobile/13E233 Safari/601.1"
170.75.162.130 - - [09/Apr/2016:09:10:23 -0700] "GET /lib/reccapi.php?resort=buttermilk HTTP/1.1" 200 1086 "-" "node-superagent/1.4.0"
170.75.162.130 - - [09/Apr/2016:09:10:23 -0700] "GET /lib/reccapi.php?resort=snowmass HTTP/1.1" 200 1061 "-" "node-superagent/1.4.0"
170.75.162.130 - - [09/Apr/2016:09:14:43 -0700] "GET /lib/reccapi.php?resort=squawvalleyusa HTTP/1.1" 200 1024 "-" "node-superagent/1.4.0"
170.75.162.130 - - [09/Apr/2016:09:34:05 -0700] "GET /lib/reccapi.php?resort=sunvalley HTTP/1.1" 200 1028 "-" "node-superagent/1.4.0"
170.75.162.130 - - [09/Apr/2016:09:34:25 -0700] "GET /lib/reccapi.php?resort=cannonmountain HTTP/1.1" 200 974 "-" "node-superagent/1.4.0"
170.75.162.130 - - [09/Apr/2016:09:34:35 -0700] "GET /lib/reccapi.php?resort=deervalley HTTP/1.1" 200 1108 "-" "node-superagent/1.4.0"
170.75.162.130 - - [09/Apr/2016:09:35:05 -0700] "GET /lib/reccapi.php?resort=loveland HTTP/1.1" 200 1095 "-" "node-superagent/1.4.0"
170.75.162.130 - - [09/Apr/2016:09:36:05 -0700] "GET /lib/reccapi.php?resort=wildcatmountain HTTP/1.1" 200 966 "-" "node-superagent/1.4.0"
170.75.162.130 - - [09/Apr/2016:09:39:56 -0700] "GET /lib/reccapi.php?resort=schweitzer HTTP/1.1" 200 967 "-" "node-superagent/1.4.0"
170.75.162.130 - - [09/Apr/2016:09:53:47 -0700] "GET /lib/reccapi.php?resort=snowbasin HTTP/1.1" 200 1010 "-" "node-superagent/1.4.0"
75.111.105.11 - - [09/Apr/2016:10:09:57 -0700] "GET /images/wsis-logo-sm.png HTTP/1.1" 200 6108 "http://www.thebackcountry.net/" "Mozilla/5.0 (Windows NT 10.0; WOW64) AppleWebKit/537.36 (KHTML, like Gecko) Chrome/49.0.2623.110 Safari/537.36"
170.75.162.130 - - [09/Apr/2016:10:10:08 -0700] "GET /lib/reccapi.php?resort=bigsky HTTP/1.1" 200 1014 "-" "node-superagent/1.4.0"
45.79.81.142 - - [09/Apr/2016:10:16:38 -0700] "HEAD / HTTP/1.1" 200 371 "http://uptime.com/whereshouldiski.com" "Mozilla/5.0 (compatible; Uptimebot/1.0; +http://www.uptime.com/uptimebot)"
12.146.19.131 - - [09/Apr/2016:10:20:31 -0700] "GET /images/wsis-logo-sm.png HTTP/1.1" 200 6108 "http://www.thebackcountry.net/" "Mozilla/5.0 (Windows NT 6.1) AppleWebKit/537.36 (KHTML, like Gecko) Chrome/49.0.2623.110 Safari/537.36"
170.75.162.130 - - [09/Apr/2016:10:22:39 -0700] "GET /lib/reccapi.php?resort=kirkwood HTTP/1.1" 200 1078 "-" "node-superagent/1.4.0"
66.249.65.69 - - [09/Apr/2016:10:22:55 -0700] "GET /sitemap.xml HTTP/1.1" 404 507 "-" "Mozilla/5.0 (compatible; Googlebot/2.1; +http://www.google.com/bot.html)"
170.75.162.130 - - [09/Apr/2016:10:24:30 -0700] "GET /lib/reccapi.php?resort=stevenspass HTTP/1.1" 200 947 "-" "node-superagent/1.4.0"
180.76.15.20 - - [09/Apr/2016:10:32:05 -0700] "GET / HTTP/1.1" 200 6995 "-" "Mozilla/5.0 (compatible; Baiduspider/2.0; +http://www.baidu.com/search/spider.html)"
180.76.15.140 - - [09/Apr/2016:10:32:59 -0700] "GET / HTTP/1.1" 200 6995 "-" "Mozilla/5.0 (compatible; Baiduspider/2.0; +http://www.baidu.com/search/spider.html)"
71.93.79.78 - - [09/Apr/2016:10:34:16 -0700] "GET /images/wsis-logo-sm.png HTTP/1.1" 200 6108 "http://thebackcountry.net/" "Mozilla/5.0 (Macintosh; Intel Mac OS X 10.9; rv:45.0) Gecko/20100101 Firefox/45.0"
173.252.122.117 - - [09/Apr/2016:10:37:07 -0700] "GET /images/wsis-logo-sm.png HTTP/1.1" 200 6108 "-" "facebookexternalhit/1.1 (+http://www.facebook.com/externalhit_uatext.php)"
66.249.65.69 - - [09/Apr/2016:10:38:38 -0700] "GET /lib/reccapi.php?resort=crystalmountain&date=2016-01-30 HTTP/1.1" 200 1076 "http://whereshouldiski.com/" "Mozilla/5.0 (compatible; Googlebot/2.1; +http://www.google.com/bot.html)"
66.249.65.69 - - [09/Apr/2016:10:38:39 -0700] "GET /lib/resortDataSearchD3.php?size=7&sortDate=T&resort=crystalmountain&dateStart=2016-01-28 HTTP/1.1" 200 874 "http://whereshouldiski.com/" "Mozilla/5.0 (compatible; Googlebot/2.1; +http://www.google.com/bot.html)"
66.249.65.69 - - [09/Apr/2016:10:38:39 -0700] "GET /lib/reccapi.php?fields=t&date=2016-01-30&coords=46.92%2C-121.49&size=7&sort=distance HTTP/1.1" 200 1389 "http://whereshouldiski.com/" "Mozilla/5.0 (compatible; Googlebot/2.1; +http://www.google.com/bot.html)"
174.34.135.242 - - [09/Apr/2016:10:39:16 -0700] "GET /robots.txt HTTP/1.0" 200 338 "-" "Mozilla/5.0 (compatible; MJ12bot/v1.4.5; http://www.majestic12.co.uk/bot.php?+)"
174.34.135.242 - - [09/Apr/2016:10:39:18 -0700] "GET /resorts?resort=whitefacemountain HTTP/1.0" 404 495 "-" "Mozilla/5.0 (compatible; MJ12bot/v1.4.5; http://www.majestic12.co.uk/bot.php?+)"
170.75.162.130 - - [09/Apr/2016:10:43:51 -0700] "GET /lib/reccapi.php?resort=taos HTTP/1.1" 200 1064 "-" "node-superagent/1.4.0"
172.56.17.142 - - [09/Apr/2016:10:48:20 -0700] "GET /images/wsis-logo-sm.png HTTP/1.1" 200 6108 "http://www.thebackcountry.net/" "Mozilla/5.0 (iPhone; CPU iPhone OS 9_2_1 like Mac OS X) AppleWebKit/601.1.46 (KHTML, like Gecko) Version/9.0 Mobile/13D15 Safari/601.1"
198.189.128.3 - - [09/Apr/2016:10:50:06 -0700] "GET /images/wsis-logo-sm.png HTTP/1.1" 200 6108 "http://thebackcountry.net/" "Mozilla/5.0 (Windows NT 6.1; WOW64; rv:43.0) Gecko/20100101 Firefox/43.0"
67.188.212.82 - - [09/Apr/2016:10:57:12 -0700] "GET /images/wsis-logo-sm.png HTTP/1.1" 200 6108 "http://www.thebackcountry.net/" "Mozilla/5.0 (Macintosh; Intel Mac OS X 10_11_4) AppleWebKit/537.36 (KHTML, like Gecko) Chrome/49.0.2623.87 Safari/537.36"
104.178.158.57 - - [09/Apr/2016:11:01:06 -0700] "GET /images/wsis-logo-sm.png HTTP/1.1" 200 6108 "http://www.thebackcountry.net/" "Mozilla/5.0 (Windows NT 10.0; WOW64) AppleWebKit/537.36 (KHTML, like Gecko) Chrome/49.0.2623.110 Safari/537.36"
74.91.20.195 - - [09/Apr/2016:11:03:14 -0700] "GET / HTTP/1.1" 200 6976 "-" "Mozilla/4.0 (compatible; MSIE 8.0; Windows NT 6.1; Trident/4.0; SLCC2; .NET CLR 2.0.50727; .NET CLR 3.5.30729; .NET CLR 3.0.30729; Media Center PC 6.0)"
68.180.230.94 - - [09/Apr/2016:11:21:05 -0700] "GET /robots.txt HTTP/1.1" 200 319 "-" "Mozilla/5.0 (compatible; Yahoo! Slurp; http://help.yahoo.com/help/us/ysearch/slurp)"
68.180.230.94 - - [09/Apr/2016:11:21:05 -0700] "GET /resorts?resort=redmountain HTTP/1.1" 404 450 "-" "Mozilla/5.0 (compatible; Yahoo! Slurp; http://help.yahoo.com/help/us/ysearch/slurp)"
71.155.145.134 - - [09/Apr/2016:11:27:29 -0700] "GET /images/wsis-logo-sm.png HTTP/1.1" 200 6108 "http://www.thebackcountry.net/" "Mozilla/5.0 (Macintosh; Intel Mac OS X 10_9_4) AppleWebKit/537.36 (KHTML, like Gecko) Chrome/49.0.2623.87 Safari/537.36"
71.155.145.134 - - [09/Apr/2016:11:27:53 -0700] "-" 408 0 "-" "-"
50.203.49.6 - - [09/Apr/2016:11:28:51 -0700] "GET /images/wsis-logo-sm.png HTTP/1.1" 200 6108 "http://www.thebackcountry.net/" "Mozilla/5.0 (Windows NT 6.1; WOW64) AppleWebKit/537.36 (KHTML, like Gecko) Chrome/49.0.2623.110 Safari/537.36"
66.249.65.23 - - [09/Apr/2016:11:32:17 -0700] "GET /robots.txt HTTP/1.1" 200 419 "-" "Mozilla/5.0 (compatible; Googlebot/2.1; +http://www.google.com/bot.html)"
66.249.65.19 - - [09/Apr/2016:11:32:17 -0700] "GET /styles/ee08faa9.main.css HTTP/1.1" 200 19447 "http://www.whereshouldiski.com/" "Mozilla/5.0 (compatible; Googlebot/2.1; +http://www.google.com/bot.html)"
180.76.15.32 - - [09/Apr/2016:11:32:29 -0700] "GET / HTTP/1.1" 200 6995 "-" "Mozilla/5.0 (compatible; Baiduspider/2.0; +http://www.baidu.com/search/spider.html)"
180.76.15.163 - - [09/Apr/2016:11:33:28 -0700] "GET / HTTP/1.1" 200 6995 "-" "Mozilla/5.0 (compatible; Baiduspider/2.0; +http://www.baidu.com/search/spider.html)"
170.75.162.130 - - [09/Apr/2016:11:39:56 -0700] "GET /lib/reccapi.php?resort=keystone HTTP/1.1" 200 1082 "-" "node-superagent/1.4.0"
170.75.162.130 - - [09/Apr/2016:11:40:36 -0700] "GET /lib/reccapi.php?resort=homewoodmountain HTTP/1.1" 200 1045 "-" "node-superagent/1.4.0"
91.196.50.33 - - [09/Apr/2016:11:44:55 -0700] "GET http://testp1.piwo.pila.pl/testproxy.php HTTP/1.1" 404 448 "-" "Mozilla/5.0 (Windows NT 5.1; rv:32.0) Gecko/20100101 Firefox/31.0"
12.220.13.20 - - [09/Apr/2016:11:48:04 -0700] "GET /images/wsis-logo-sm.png HTTP/1.1" 200 6108 "http://thebackcountry.net/" "Mozilla/5.0 (iPad; CPU OS 8_4 like Mac OS X) AppleWebKit/600.1.4 (KHTML, like Gecko) Version/8.0 Mobile/12H143 Safari/600.1.4"
75.111.107.162 - - [09/Apr/2016:11:49:39 -0700] "GET /images/wsis-logo-sm.png HTTP/1.1" 200 6108 "http://www.thebackcountry.net/" "Mozilla/5.0 (Macintosh; Intel Mac OS X 10_10_4) AppleWebKit/537.36 (KHTML, like Gecko) Chrome/49.0.2623.87 Safari/537.36"
170.75.162.130 - - [09/Apr/2016:11:49:57 -0700] "GET /lib/reccapi.php?resort=jaypeak HTTP/1.1" 200 1010 "-" "node-superagent/1.4.0"
170.75.162.130 - - [09/Apr/2016:11:49:57 -0700] "GET /lib/reccapi.php?resort=killington HTTP/1.1" 200 961 "-" "node-superagent/1.4.0"
170.75.162.130 - - [09/Apr/2016:11:49:57 -0700] "GET /lib/reccapi.php?resort=madriverglen HTTP/1.1" 200 964 "-" "node-superagent/1.4.0"
170.75.162.130 - - [09/Apr/2016:11:49:57 -0700] "GET /lib/reccapi.php?resort=stowe HTTP/1.1" 200 945 "-" "node-superagent/1.4.0"
170.75.162.130 - - [09/Apr/2016:11:50:02 -0700] "GET /lib/reccapi.php?resort=smugglersnotch HTTP/1.1" 200 969 "-" "node-superagent/1.4.0"
170.75.162.130 - - [09/Apr/2016:11:52:27 -0700] "GET /lib/reccapi.php?resort=crestedbutte HTTP/1.1" 200 1087 "-" "node-superagent/1.4.0"
170.75.162.130 - - [09/Apr/2016:11:53:27 -0700] "GET /lib/reccapi.php?resort=coppermountain HTTP/1.1" 200 1112 "-" "node-superagent/1.4.0"
66.249.65.66 - - [09/Apr/2016:11:54:06 -0700] "GET /lib/reccapi.php?resort=mountbaker&date=2015-12-22 HTTP/1.1" 200 711 "http://whereshouldiski.com/" "Mozilla/5.0 (compatible; Googlebot/2.1; +http://www.google.com/bot.html)"
170.75.162.130 - - [09/Apr/2016:11:58:47 -0700] "GET /lib/reccapi.php?resort=silverstarmountain HTTP/1.1" 200 927 "-" "node-superagent/1.4.0"
47.33.19.227 - - [09/Apr/2016:12:10:27 -0700] "GET /images/wsis-logo-sm.png HTTP/1.1" 200 6108 "http://www.thebackcountry.net/" "Mozilla/5.0 (Windows NT 6.1; WOW64) AppleWebKit/537.36 (KHTML, like Gecko) Chrome/49.0.2623.87 Safari/537.36"
170.75.162.130 - - [09/Apr/2016:12:14:19 -0700] "GET /lib/reccapi.php?resort=brighton HTTP/1.1" 200 1063 "-" "node-superagent/1.4.0"
47.208.171.70 - - [09/Apr/2016:12:27:24 -0700] "GET /images/wsis-logo-sm.png HTTP/1.1" 200 6108 "http://www.thebackcountry.net/" "Mozilla/5.0 (Windows NT 6.1; WOW64) AppleWebKit/537.36 (KHTML, like Gecko) Chrome/49.0.2623.110 Safari/537.36"
123.125.71.43 - - [09/Apr/2016:12:30:22 -0700] "GET / HTTP/1.1" 200 2578 "-" "Mozilla/5.0 (compatible; Baiduspider/2.0; +http://www.baidu.com/search/spider.html)"
180.76.15.159 - - [09/Apr/2016:12:31:37 -0700] "GET / HTTP/1.1" 200 6995 "-" "Mozilla/5.0 (compatible; Baiduspider/2.0; +http://www.baidu.com/search/spider.html)"
180.76.15.24 - - [09/Apr/2016:12:32:30 -0700] "GET / HTTP/1.1" 200 6995 "-" "Mozilla/5.0 (compatible; Baiduspider/2.0; +http://www.baidu.com/search/spider.html)"
71.198.205.248 - - [09/Apr/2016:12:34:39 -0700] "GET /images/wsis-logo-sm.png HTTP/1.1" 200 6108 "http://www.thebackcountry.net/" "Mozilla/5.0 (Windows NT 6.0) AppleWebKit/537.36 (KHTML, like Gecko) Chrome/49.0.2623.87 Safari/537.36"
46.24.245.126 - - [09/Apr/2016:12:39:13 -0700] "GET / HTTP/1.1" 200 2615 "http://www.earnyourturns.com/" "Mozilla/5.0 (Windows NT 6.0; rv:45.0) Gecko/20100101 Firefox/45.0"
46.24.245.126 - - [09/Apr/2016:12:39:14 -0700] "GET /styles/ee08faa9.main.css HTTP/1.1" 200 19446 "http://whereshouldiski.com/" "Mozilla/5.0 (Windows NT 6.0; rv:45.0) Gecko/20100101 Firefox/45.0"
46.24.245.126 - - [09/Apr/2016:12:39:14 -0700] "GET /scripts/scripts/vendor/modernizr.js HTTP/1.1" 200 4903 "http://whereshouldiski.com/" "Mozilla/5.0 (Windows NT 6.0; rv:45.0) Gecko/20100101 Firefox/45.0"
