177.56.157.72 - - [09/Jun/2015:16:36:09 -0700] "GET /images/star5.png HTTP/1.1" 200 1784 "http://whereshouldiski.com/" "Mozilla/5.0 (Windows NT 6.1; WOW64) AppleWebKit/537.36 (KHTML, like Gecko) Chrome/32.0.1700.107 Safari/537.36"
177.56.157.72 - - [09/Jun/2015:16:36:09 -0700] "GET /images/bluebird5.png HTTP/1.1" 200 2178 "http://whereshouldiski.com/" "Mozilla/5.0 (Windows NT 6.1; WOW64) AppleWebKit/537.36 (KHTML, like Gecko) Chrome/32.0.1700.107 Safari/537.36"
177.56.157.72 - - [09/Jun/2015:16:36:09 -0700] "GET /images/mtns-icon.png HTTP/1.1" 200 1097 "http://whereshouldiski.com/" "Mozilla/5.0 (Windows NT 6.1; WOW64) AppleWebKit/537.36 (KHTML, like Gecko) Chrome/32.0.1700.107 Safari/537.36"
177.56.157.72 - - [09/Jun/2015:16:36:09 -0700] "GET /images/greyHeader.png HTTP/1.1" 200 509 "http://whereshouldiski.com/" "Mozilla/5.0 (Windows NT 6.1; WOW64) AppleWebKit/537.36 (KHTML, like Gecko) Chrome/32.0.1700.107 Safari/537.36"
177.56.157.72 - - [09/Jun/2015:16:36:09 -0700] "GET /images/shading-icon.png HTTP/1.1" 200 536 "http://whereshouldiski.com/" "Mozilla/5.0 (Windows NT 6.1; WOW64) AppleWebKit/537.36 (KHTML, like Gecko) Chrome/32.0.1700.107 Safari/537.36"
127.0.0.1 - - [09/Jun/2015:16:36:15 -0700] "OPTIONS * HTTP/1.0" 200 126 "-" "Apache/2.2.22 (Ubuntu) (internal dummy connection)"
170.75.162.130 - - [09/Jun/2015:16:38:11 -0700] "GET /lib/reccapi.php?resort=whitefacemountain HTTP/1.1" 200 1070 "-" "node-superagent/0.18.2"
123.125.71.56 - - [09/Jun/2015:16:56:10 -0700] "-" 408 0 "-" "-"
220.181.108.94 - - [09/Jun/2015:16:58:20 -0700] "-" 408 0 "-" "-"
66.249.79.14 - - [09/Jun/2015:17:08:28 -0700] "GET / HTTP/1.1" 200 2376 "-" "Mozilla/5.0 (compatible; Googlebot/2.1; +http://www.google.com/bot.html)"
170.75.162.130 - - [09/Jun/2015:17:10:14 -0700] "GET /lib/reccapi.php?resort=schweitzer HTTP/1.1" 200 941 "-" "node-superagent/0.18.2"
170.75.162.130 - - [09/Jun/2015:17:24:46 -0700] "GET /lib/reccapi.php?resort=redlodge HTTP/1.1" 200 1046 "-" "node-superagent/0.18.2"
170.75.162.130 - - [09/Jun/2015:17:27:16 -0700] "GET /lib/reccapi.php?resort=coppermountain HTTP/1.1" 200 1028 "-" "node-superagent/0.18.2"
180.76.15.11 - - [09/Jun/2015:17:27:16 -0700] "GET /resorts?resort=powdermountain&date=2014-04-16 HTTP/1.1" 404 472 "-" "Mozilla/5.0 (compatible; Baiduspider/2.0; +http://www.baidu.com/search/spider.html)"
151.80.31.154 - - [09/Jun/2015:17:46:16 -0700] "GET /blog/11-2012-2013-powder-rating-visualization HTTP/1.1" 404 450 "-" "Mozilla/5.0 (compatible; AhrefsBot/5.0; +http://ahrefs.com/robot/)"
70.214.35.38 - - [09/Jun/2015:17:48:46 -0700] "GET /images/wsis-logo-sm.png HTTP/1.1" 200 6108 "http://www.thebackcountry.net/" "Mozilla/5.0 (iPhone; CPU iPhone OS 8_3 like Mac OS X) AppleWebKit/600.1.4 (KHTML, like Gecko) Version/8.0 Mobile/12F70 Safari/600.1.4"
170.75.162.130 - - [09/Jun/2015:17:54:58 -0700] "GET /lib/reccapi.php?resort=mountainhigh HTTP/1.1" 200 1038 "-" "node-superagent/0.18.2"
123.125.71.73 - - [09/Jun/2015:17:56:08 -0700] "-" 408 0 "-" "-"
71.140.31.214 - - [09/Jun/2015:17:57:02 -0700] "GET /images/wsis-logo-sm.png HTTP/1.1" 200 6108 "http://thebackcountry.net/" "Mozilla/4.0 (compatible; MSIE 8.0; Windows NT 5.1; Trident/4.0; .NET CLR 2.0.50727; .NET CLR 3.0.4506.2152; .NET CLR 3.5.30729; 786908940603; Build/14.08001)"
66.249.79.1 - - [09/Jun/2015:17:57:18 -0700] "GET / HTTP/1.1" 200 2376 "-" "Mozilla/5.0 (compatible; Googlebot/2.1; +http://www.google.com/bot.html)"
220.181.108.103 - - [09/Jun/2015:17:58:45 -0700] "-" 408 0 "-" "-"
170.75.162.130 - - [09/Jun/2015:18:02:19 -0700] "GET /lib/reccapi.php?resort=jaypeak HTTP/1.1" 200 1076 "-" "node-superagent/0.18.2"
170.75.162.130 - - [09/Jun/2015:18:17:20 -0700] "GET /lib/reccapi.php?resort=grandtarghee HTTP/1.1" 200 1056 "-" "node-superagent/0.18.2"
170.75.162.130 - - [09/Jun/2015:18:19:21 -0700] "GET /lib/reccapi.php?resort=alpinemeadows HTTP/1.1" 200 1081 "-" "node-superagent/0.18.2"
170.75.162.130 - - [09/Jun/2015:18:19:21 -0700] "GET /lib/reccapi.php?resort=alyeska HTTP/1.1" 200 975 "-" "node-superagent/0.18.2"
170.75.162.130 - - [09/Jun/2015:18:19:21 -0700] "GET /lib/reccapi.php?resort=hoodoo HTTP/1.1" 200 952 "-" "node-superagent/0.18.2"
170.75.162.130 - - [09/Jun/2015:18:19:21 -0700] "GET /lib/reccapi.php?resort=mountbachelor HTTP/1.1" 200 1039 "-" "node-superagent/0.18.2"
170.75.162.130 - - [09/Jun/2015:18:19:21 -0700] "GET /lib/reccapi.php?resort=solitude HTTP/1.1" 200 1015 "-" "node-superagent/0.18.2"
170.75.162.130 - - [09/Jun/2015:18:19:21 -0700] "GET /lib/reccapi.php?resort=mounthoodmeadows HTTP/1.1" 200 976 "-" "node-superagent/0.18.2"
170.75.162.130 - - [09/Jun/2015:18:19:31 -0700] "GET /lib/reccapi.php?resort=bigsky HTTP/1.1" 200 999 "-" "node-superagent/0.18.2"
170.75.162.130 - - [09/Jun/2015:18:20:21 -0700] "GET /lib/reccapi.php?resort=cannonmountain HTTP/1.1" 200 1096 "-" "node-superagent/0.18.2"
170.75.162.130 - - [09/Jun/2015:18:20:21 -0700] "GET /lib/reccapi.php?resort=keystone HTTP/1.1" 200 1008 "-" "node-superagent/0.18.2"
170.75.162.130 - - [09/Jun/2015:18:20:21 -0700] "GET /lib/reccapi.php?resort=deervalley HTTP/1.1" 200 980 "-" "node-superagent/0.18.2"
170.75.162.130 - - [09/Jun/2015:18:20:21 -0700] "GET /lib/reccapi.php?resort=chinapeak HTTP/1.1" 200 1008 "-" "node-superagent/0.18.2"
170.75.162.130 - - [09/Jun/2015:18:20:21 -0700] "GET /lib/reccapi.php?resort=madriverglen HTTP/1.1" 200 1066 "-" "node-superagent/0.18.2"
170.75.162.130 - - [09/Jun/2015:18:20:21 -0700] "GET /lib/reccapi.php?resort=northstar-at-tahoe HTTP/1.1" 200 1039 "-" "node-superagent/0.18.2"
170.75.162.130 - - [09/Jun/2015:18:20:21 -0700] "GET /lib/reccapi.php?resort=kirkwood HTTP/1.1" 200 1095 "-" "node-superagent/0.18.2"
66.102.7.236 - - [09/Jun/2015:18:20:37 -0700] "GET /images/wsis-logo-sm.png HTTP/1.1" 200 6108 "http://www.thebackcountry.net/" "Mozilla/5.0 (Linux; Android 5.0.2; D5803 Build/23.1.A.1.28) AppleWebKit/537.36 (KHTML, like Gecko) Chrome/43.0.2357.92 Mobile Safari/537.36"
170.75.162.130 - - [09/Jun/2015:18:20:41 -0700] "GET /lib/reccapi.php?resort=monarch HTTP/1.1" 200 1009 "-" "node-superagent/0.18.2"
170.75.162.130 - - [09/Jun/2015:18:20:51 -0700] "GET /lib/reccapi.php?resort=silverstarmountain HTTP/1.1" 200 926 "-" "node-superagent/0.18.2"
170.75.162.130 - - [09/Jun/2015:18:20:51 -0700] "GET /lib/reccapi.php?resort=snowbasin HTTP/1.1" 200 1020 "-" "node-superagent/0.18.2"
170.75.162.130 - - [09/Jun/2015:18:21:01 -0700] "GET /lib/reccapi.php?resort=redmountain HTTP/1.1" 200 898 "-" "node-superagent/0.18.2"
170.75.162.130 - - [09/Jun/2015:18:21:01 -0700] "GET /lib/reccapi.php?resort=sunpeaksresort HTTP/1.1" 200 910 "-" "node-superagent/0.18.2"
170.75.162.130 - - [09/Jun/2015:18:21:21 -0700] "GET /lib/reccapi.php?resort=winterpark HTTP/1.1" 200 1032 "-" "node-superagent/0.18.2"
170.75.162.130 - - [09/Jun/2015:18:21:21 -0700] "GET /lib/reccapi.php?resort=loveland HTTP/1.1" 200 1008 "-" "node-superagent/0.18.2"
170.75.162.130 - - [09/Jun/2015:18:21:21 -0700] "GET /lib/reccapi.php?resort=stowe HTTP/1.1" 200 1049 "-" "node-superagent/0.18.2"
170.75.162.130 - - [09/Jun/2015:18:21:31 -0700] "GET /lib/reccapi.php?resort=brighton HTTP/1.1" 200 993 "-" "node-superagent/0.18.2"
170.75.162.130 - - [09/Jun/2015:18:21:31 -0700] "GET /lib/reccapi.php?resort=crestedbutte HTTP/1.1" 200 1029 "-" "node-superagent/0.18.2"
170.75.162.130 - - [09/Jun/2015:18:21:41 -0700] "GET /lib/reccapi.php?resort=steamboat HTTP/1.1" 200 1021 "-" "node-superagent/0.18.2"
170.75.162.130 - - [09/Jun/2015:18:21:51 -0700] "GET /lib/reccapi.php?resort=stevenspass HTTP/1.1" 200 951 "-" "node-superagent/0.18.2"
170.75.162.130 - - [09/Jun/2015:18:21:51 -0700] "GET /lib/reccapi.php?resort=sugarbowl HTTP/1.1" 200 1027 "-" "node-superagent/0.18.2"
170.75.162.130 - - [09/Jun/2015:18:22:02 -0700] "GET /lib/reccapi.php?resort=sugarbush HTTP/1.1" 200 1067 "-" "node-superagent/0.18.2"
170.75.162.130 - - [09/Jun/2015:18:22:02 -0700] "GET /lib/reccapi.php?resort=sunvalley HTTP/1.1" 200 1041 "-" "node-superagent/0.18.2"
170.75.162.130 - - [09/Jun/2015:18:22:11 -0700] "GET /lib/reccapi.php?resort=taos HTTP/1.1" 200 995 "-" "node-superagent/0.18.2"
170.75.162.130 - - [09/Jun/2015:18:22:11 -0700] "GET /lib/reccapi.php?resort=wildcatmountain HTTP/1.1" 200 1099 "-" "node-superagent/0.18.2"
170.75.162.130 - - [09/Jun/2015:18:22:21 -0700] "GET /lib/reccapi.php?resort=bigwhite HTTP/1.1" 200 910 "-" "node-superagent/0.18.2"
170.75.162.130 - - [09/Jun/2015:18:22:21 -0700] "GET /lib/reccapi.php?resort=devilshead HTTP/1.1" 200 943 "-" "node-superagent/0.18.2"
170.75.162.130 - - [09/Jun/2015:18:22:31 -0700] "GET /lib/reccapi.php?resort=crystalmountain HTTP/1.1" 200 967 "-" "node-superagent/0.18.2"
170.75.162.130 - - [09/Jun/2015:18:22:31 -0700] "GET /lib/reccapi.php?resort=canyons HTTP/1.1" 200 949 "-" "node-superagent/0.18.2"
170.75.162.130 - - [09/Jun/2015:18:22:41 -0700] "GET /lib/reccapi.php?resort=whistlerblackcomb HTTP/1.1" 200 923 "-" "node-superagent/0.18.2"
170.75.162.130 - - [09/Jun/2015:18:22:41 -0700] "GET /lib/reccapi.php?resort=parkcity HTTP/1.1" 200 1018 "-" "node-superagent/0.18.2"
170.75.162.130 - - [09/Jun/2015:18:22:51 -0700] "GET /lib/reccapi.php?resort=snowbird HTTP/1.1" 200 1013 "-" "node-superagent/0.18.2"
170.75.162.130 - - [09/Jun/2015:18:22:51 -0700] "GET /lib/reccapi.php?resort=mammothmountain HTTP/1.1" 200 1042 "-" "node-superagent/0.18.2"
50.136.4.159 - - [09/Jun/2015:18:22:58 -0700] "GET /images/wsis-logo-sm.png HTTP/1.1" 200 6108 "http://www.thebackcountry.net/" "Mozilla/5.0 (Windows NT 6.1; WOW64; rv:37.0) Gecko/20100101 Firefox/37.0"
170.75.162.130 - - [09/Jun/2015:18:23:01 -0700] "GET /lib/reccapi.php?resort=squawvalleyusa HTTP/1.1" 200 1040 "-" "node-superagent/0.18.2"
123.125.71.77 - - [09/Jun/2015:18:52:09 -0700] "-" 408 0 "-" "-"
220.181.108.92 - - [09/Jun/2015:18:54:00 -0700] "-" 408 0 "-" "-"
66.249.79.1 - - [09/Jun/2015:18:58:49 -0700] "GET / HTTP/1.1" 200 2376 "-" "Mozilla/5.0 (compatible; Googlebot/2.1; +http://www.google.com/bot.html)"
108.253.37.41 - - [09/Jun/2015:19:06:46 -0700] "GET /images/wsis-logo-sm.png HTTP/1.1" 200 6108 "http://www.thebackcountry.net/" "Mozilla/5.0 (Linux; Android 5.1.1; Nexus 5 Build/LMY48B) AppleWebKit/537.36 (KHTML, like Gecko) Chrome/43.0.2357.92 Mobile Safari/537.36"
170.75.162.130 - - [09/Jun/2015:19:16:06 -0700] "GET /lib/reccapi.php?resort=homewoodmountain HTTP/1.1" 200 1043 "-" "node-superagent/0.18.2"
170.75.162.130 - - [09/Jun/2015:19:27:27 -0700] "GET /lib/reccapi.php?resort=sugarloaf HTTP/1.1" 200 1080 "-" "node-superagent/0.18.2"
66.249.79.66 - - [09/Jun/2015:19:27:53 -0700] "GET /robots.txt HTTP/1.1" 200 419 "-" "Mozilla/5.0 (compatible; Googlebot/2.1; +http://www.google.com/bot.html)"
66.249.79.53 - - [09/Jun/2015:19:27:53 -0700] "GET /resorts?resort=bridgerbowl&date=2013-06-14 HTTP/1.1" 404 509 "-" "Mozilla/5.0 (iPhone; CPU iPhone OS 6_0 like Mac OS X) AppleWebKit/536.26 (KHTML, like Gecko) Version/6.0 Mobile/10A5376e Safari/8536.25 (compatible; Googlebot/2.1; +http://www.google.com/bot.html)"
206.174.14.178 - - [09/Jun/2015:19:33:15 -0700] "GET /images/wsis-logo-sm.png HTTP/1.1" 200 6108 "http://thebackcountry.net/" "Mozilla/5.0 (Windows NT 6.1; WOW64) AppleWebKit/537.36 (KHTML, like Gecko) Chrome/43.0.2357.81 Safari/537.36"
24.176.181.18 - - [09/Jun/2015:19:34:52 -0700] "GET /images/wsis-logo-sm.png HTTP/1.1" 200 6108 "http://www.thebackcountry.net/" "Mozilla/5.0 (iPad; CPU OS 7_1_2 like Mac OS X) AppleWebKit/537.51.2 (KHTML, like Gecko) Version/7.0 Mobile/11D257 Safari/9537.53"
123.125.71.47 - - [09/Jun/2015:19:51:30 -0700] "-" 408 0 "-" "-"
66.249.79.250 - - [09/Jun/2015:19:52:31 -0700] "GET / HTTP/1.1" 200 2376 "-" "Mozilla/5.0 (compatible; Googlebot/2.1; +http://www.google.com/bot.html)"
24.6.178.44 - - [09/Jun/2015:19:53:07 -0700] "GET /images/wsis-logo-sm.png HTTP/1.1" 200 6108 "http://www.thebackcountry.net/" "Mozilla/5.0 (Macintosh; Intel Mac OS X 10_6_8) AppleWebKit/534.59.10 (KHTML, like Gecko) Version/5.1.9 Safari/534.59.10"
220.181.108.85 - - [09/Jun/2015:19:53:28 -0700] "-" 408 0 "-" "-"
170.75.162.130 - - [09/Jun/2015:20:14:01 -0700] "GET /lib/reccapi.php?resort=alta HTTP/1.1" 200 988 "-" "node-superagent/0.18.2"
170.75.162.130 - - [09/Jun/2015:20:14:01 -0700] "GET /lib/reccapi.php?resort=killington HTTP/1.1" 200 1069 "-" "node-superagent/0.18.2"
73.170.174.6 - - [09/Jun/2015:20:15:05 -0700] "GET /images/wsis-logo-sm.png HTTP/1.1" 200 6108 "http://www.thebackcountry.net/" "Mozilla/5.0 (Macintosh; Intel Mac OS X 10_10_2) AppleWebKit/537.36 (KHTML, like Gecko) Chrome/43.0.2357.81 Safari/537.36"
23.95.138.84 - - [09/Jun/2015:20:24:07 -0700] "GET / HTTP/1.1" 200 2376 "http://google.co.uk" "Mozilla/5.0 (Windows NT 6.1) AppleWebKit/537.36 (KHTML, like Gecko) Chrome/41.0.2228.0 Safari/537.36"
166.170.14.17 - - [09/Jun/2015:20:31:35 -0700] "GET /images/wsis-logo-sm.png HTTP/1.1" 200 6108 "http://www.thebackcountry.net/" "Mozilla/5.0 (Linux; Android 5.0; SAMSUNG-SM-G900A Build/LRX21T) AppleWebKit/537.36 (KHTML, like Gecko) Chrome/43.0.2357.92 Mobile Safari/537.36"
94.102.53.195 - - [09/Jun/2015:20:36:01 -0700] "GET /html/30/theme/failed.png HTTP/1.1" 404 485 "-" "Mozilla/5.0 (Windows NT 6.1; WOW64; rv:8.0) Gecko/20100101 Firefox/8.0"
66.249.79.14 - - [09/Jun/2015:20:53:36 -0700] "GET / HTTP/1.1" 200 2376 "-" "Mozilla/5.0 (compatible; Googlebot/2.1; +http://www.google.com/bot.html)"
123.125.71.114 - - [09/Jun/2015:21:00:35 -0700] "-" 408 0 "-" "-"
220.181.108.185 - - [09/Jun/2015:21:03:19 -0700] "-" 408 0 "-" "-"
67.181.75.166 - - [09/Jun/2015:21:26:42 -0700] "GET /images/wsis-logo-sm.png HTTP/1.1" 200 6108 "http://www.thebackcountry.net/" "Mozilla/5.0 (Macintosh; Intel Mac OS X 10_10_3) AppleWebKit/600.6.3 (KHTML, like Gecko) Version/8.0.6 Safari/600.6.3"
67.180.134.126 - - [09/Jun/2015:21:31:48 -0700] "GET /images/wsis-logo-sm.png HTTP/1.1" 200 6108 "http://www.thebackcountry.net/" "Mozilla/5.0 (Macintosh; Intel Mac OS X 10.9; rv:38.0) Gecko/20100101 Firefox/38.0"
180.76.15.138 - - [09/Jun/2015:21:35:21 -0700] "GET /resorts?resort=sandiapeak&date=2014-10-04 HTTP/1.1" 404 469 "-" "Mozilla/5.0 (compatible; Baiduspider/2.0; +http://www.baidu.com/search/spider.html)"
66.249.79.53 - - [09/Jun/2015:21:48:21 -0700] "GET / HTTP/1.1" 200 2376 "-" "Mozilla/5.0 (compatible; Googlebot/2.1; +http://www.google.com/bot.html)"
123.125.71.25 - - [09/Jun/2015:21:55:05 -0700] "-" 408 0 "-" "-"
220.181.108.185 - - [09/Jun/2015:21:59:32 -0700] "-" 408 0 "-" "-"
50.173.131.88 - - [09/Jun/2015:22:02:23 -0700] "GET /images/wsis-logo-sm.png HTTP/1.1" 200 6108 "http://www.thebackcountry.net/" "Mozilla/5.0 (Macintosh; Intel Mac OS X 10_10_3) AppleWebKit/537.36 (KHTML, like Gecko) Chrome/43.0.2357.124 Safari/537.36"
62.210.37.113 - - [09/Jun/2015:22:03:00 -0700] "GET / HTTP/1.1" 200 2376 "-" "Mozilla/5.0 (Windows NT 6.1; rv:34.0) Gecko/20100101 Firefox/34.0"
94.23.217.201 - - [09/Jun/2015:22:04:02 -0700] "GET / HTTP/1.1" 200 2376 "-" "Mozilla/5.0 (Windows NT 6.1; rv:34.0) Gecko/20100101 Firefox/34.0"
71.9.97.80 - - [09/Jun/2015:22:15:08 -0700] "GET /images/wsis-logo-sm.png HTTP/1.1" 200 6108 "http://www.thebackcountry.net/" "Mozilla/5.0 (iPad; CPU OS 8_1_3 like Mac OS X) AppleWebKit/600.1.4 (KHTML, like Gecko) Version/8.0 Mobile/12B466 Safari/600.1.4"
207.192.251.73 - - [09/Jun/2015:22:17:03 -0700] "GET /images/wsis-logo-sm.png HTTP/1.1" 200 6108 "http://www.thebackcountry.net/" "Mozilla/5.0 (Macintosh; Intel Mac OS X 10_8_5) AppleWebKit/600.6.3 (KHTML, like Gecko) Version/6.2.6 Safari/537.85.15"
170.75.162.130 - - [09/Jun/2015:22:30:23 -0700] "GET /lib/reccapi.php?resort=taos HTTP/1.1" 200 995 "-" "node-superagent/0.18.2"
170.75.162.130 - - [09/Jun/2015:22:30:33 -0700] "GET /lib/reccapi.php?resort=steamboat HTTP/1.1" 200 1021 "-" "node-superagent/0.18.2"
73.2.58.58 - - [09/Jun/2015:22:30:50 -0700] "GET /images/wsis-logo-sm.png HTTP/1.1" 200 6108 "http://thebackcountry.net/" "Mozilla/5.0 (Linux; Android 5.0; SM-N900V Build/LRX21V) AppleWebKit/537.36 (KHTML, like Gecko) Chrome/42.0.2311.109 Mobile Safari/537.36"
222.186.21.179 - - [09/Jun/2015:22:40:35 -0700] "GET /manager/html HTTP/1.1" 404 464 "-" "Mozilla/4.0 (compatible; MSIE 8.0; Windows NT 5.1; Trident/4.0; .NET CLR 1.1.4322; .NET CLR 2.0.50727; .NET4.0C; .NET4.0E; .NET CLR 3.0.4506.2152; .NET CLR 3.5.30729)"
89.123.52.125 - - [09/Jun/2015:22:42:27 -0700] "GET / HTTP/1.1" 200 6151 "-" "Java/1.6.0_04"
89.123.52.125 - - [09/Jun/2015:22:42:28 -0700] "GET /about HTTP/1.1" 404 531 "-" "Java/1.6.0_04"
89.123.52.125 - - [09/Jun/2015:22:42:30 -0700] "GET /images/logo-sm.png HTTP/1.1" 200 16738 "-" "Java/1.6.0_04"
89.123.52.125 - - [09/Jun/2015:22:42:30 -0700] "GET //platform.twitter.com/widgets.js HTTP/1.1" 404 553 "-" "Java/1.6.0_04"
89.123.52.125 - - [09/Jun/2015:22:42:31 -0700] "GET /bower_components/requirejs/require.js HTTP/1.1" 200 17184 "-" "Java/1.6.0_04"
89.123.52.125 - - [09/Jun/2015:22:42:34 -0700] "GET /scripts/scripts/vendor/modernizr.js HTTP/1.1" 200 11434 "-" "Java/1.6.0_04"
89.123.52.125 - - [09/Jun/2015:22:42:45 -0700] "GET /scripts/scripts/vendor/)||!a.HTMLDataListElement)),E}( HTTP/1.1" 404 577 "-" "Java/1.6.0_04"
89.123.52.125 - - [09/Jun/2015:22:42:46 -0700] "GET /https://twitter.com/WhereShouldISki HTTP/1.1" 404 532 "-" "Java/1.6.0_04"
89.123.52.125 - - [09/Jun/2015:22:42:54 -0700] "GET /https://www.facebook.com/WhereShouldiSki HTTP/1.1" 404 532 "-" "Java/1.6.0_04"
89.123.52.125 - - [09/Jun/2015:22:42:54 -0700] "GET /bower_components/requirejs/\\nhttp://requirejs.org/docs/errors.html HTTP/1.1" 404 532 "-" "Java/1.6.0_04"
166.137.246.17 - - [09/Jun/2015:22:45:19 -0700] "GET /images/wsis-logo-sm.png HTTP/1.1" 200 6108 "http://www.thebackcountry.net/" "Mozilla/5.0 (iPhone; CPU iPhone OS 7_1_2 like Mac OS X) AppleWebKit/537.51.2 (KHTML, like Gecko) Version/7.0 Mobile/11D257 Safari/9537.53"
66.249.79.1 - - [09/Jun/2015:22:52:18 -0700] "GET / HTTP/1.1" 200 2376 "-" "Mozilla/5.0 (compatible; Googlebot/2.1; +http://www.google.com/bot.html)"
170.75.162.130 - - [09/Jun/2015:22:54:56 -0700] "GET /lib/reccapi.php?resort=heavenly HTTP/1.1" 200 1050 "-" "node-superagent/0.18.2"
75.42.17.116 - - [09/Jun/2015:22:55:49 -0700] "GET /images/wsis-logo-sm.png HTTP/1.1" 200 6108 "http://www.thebackcountry.net/" "Mozilla/5.0 (iPhone; CPU iPhone OS 8_3 like Mac OS X) AppleWebKit/600.1.4 (KHTML, like Gecko) Version/8.0 Mobile/12F70 Safari/600.1.4"
66.249.79.66 - - [09/Jun/2015:22:57:37 -0700] "GET / HTTP/1.1" 200 2376 "-" "Mozilla/5.0 (iPhone; CPU iPhone OS 6_0 like Mac OS X) AppleWebKit/536.26 (KHTML, like Gecko) Version/6.0 Mobile/10A5376e Safari/8536.25 (compatible; Googlebot/2.1; +http://www.google.com/bot.html)"
71.6.135.131 - - [09/Jun/2015:23:02:54 -0700] "GET / HTTP/1.1" 200 6095 "-" "-"
170.75.162.130 - - [09/Jun/2015:23:04:16 -0700] "GET /lib/reccapi.php?resort=jacksonhole HTTP/1.1" 200 1050 "-" "node-superagent/0.18.2"
123.125.71.46 - - [09/Jun/2015:23:04:45 -0700] "-" 408 0 "-" "-"
220.181.108.161 - - [09/Jun/2015:23:08:44 -0700] "-" 408 0 "-" "-"
170.75.162.130 - - [09/Jun/2015:23:13:37 -0700] "GET /lib/reccapi.php?resort=mountspokane HTTP/1.1" 200 983 "-" "node-superagent/0.18.2"
166.216.157.63 - - [09/Jun/2015:23:17:32 -0700] "GET /images/wsis-logo-sm.png HTTP/1.1" 200 6108 "http://www.thebackcountry.net/" "Mozilla/5.0 (iPhone; CPU iPhone OS 7_0_4 like Mac OS X) AppleWebKit/537.51.1 (KHTML, like Gecko) Version/7.0 Mobile/11B554a Safari/9537.53"
170.75.162.130 - - [09/Jun/2015:23:40:10 -0700] "GET /lib/reccapi.php?resort=diamondpeak HTTP/1.1" 200 1018 "-" "node-superagent/0.18.2"
162.202.162.133 - - [09/Jun/2015:23:44:59 -0700] "GET /images/wsis-logo-sm.png HTTP/1.1" 200 6108 "http://thebackcountry.net/" "Mozilla/5.0 (Macintosh; Intel Mac OS X 10_10_3) AppleWebKit/600.5.17 (KHTML, like Gecko) Version/8.0.5 Safari/600.5.17"
66.249.79.14 - - [09/Jun/2015:23:49:32 -0700] "GET /robots.txt HTTP/1.1" 200 419 "-" "Mozilla/5.0 (compatible; Googlebot/2.1; +http://www.google.com/bot.html)"
66.249.79.1 - - [09/Jun/2015:23:49:32 -0700] "GET / HTTP/1.1" 200 2376 "-" "Mozilla/5.0 (compatible; Googlebot/2.1; +http://www.google.com/bot.html)"
170.75.162.130 - - [10/Jun/2015:00:08:42 -0700] "GET /lib/reccapi.php?resort=telluride HTTP/1.1" 200 1040 "-" "node-superagent/0.18.2"
123.125.71.111 - - [10/Jun/2015:00:09:45 -0700] "-" 408 0 "-" "-"
170.75.162.130 - - [10/Jun/2015:00:12:02 -0700] "GET /lib/reccapi.php?resort=sugarloaf HTTP/1.1" 200 1078 "-" "node-superagent/0.18.2"
170.75.162.130 - - [10/Jun/2015:00:12:02 -0700] "GET /lib/reccapi.php?resort=sundayriver HTTP/1.1" 200 1033 "-" "node-superagent/0.18.2"
109.194.217.68 - - [10/Jun/2015:00:12:08 -0700] "GET /configuration.php.bak HTTP/1.0" 404 507 "-" "Mozilla/4.0 (compatible; MSIE 6.0; Windows NT 5.1; .NET CLR 1.1.4322; .NET CLR 1.0.3705)"
220.181.108.175 - - [10/Jun/2015:00:12:56 -0700] "-" 408 0 "-" "-"
54.225.5.40 - - [10/Jun/2015:00:16:30 -0700] "HEAD / HTTP/1.1" 200 291 "-" "Cloud mapping experiment. Contact research@pdrlabs.net"
75.98.36.146 - - [10/Jun/2015:00:16:51 -0700] "GET /admin/bootstrap.inc.php?mgp=danc3Uf@t&c= HTTP/1.1" 404 470 "-" "-"
66.249.79.250 - - [10/Jun/2015:00:50:37 -0700] "GET / HTTP/1.1" 200 2376 "-" "Mozilla/5.0 (compatible; Googlebot/2.1; +http://www.google.com/bot.html)"
123.125.71.107 - - [10/Jun/2015:01:01:49 -0700] "-" 408 0 "-" "-"
170.75.162.130 - - [10/Jun/2015:01:03:47 -0700] "GET /lib/reccapi.php?resort=aspenheights HTTP/1.1" 200 1092 "-" "node-superagent/0.18.2"
220.181.108.84 - - [10/Jun/2015:01:07:29 -0700] "-" 408 0 "-" "-"
170.75.162.130 - - [10/Jun/2015:01:07:58 -0700] "GET /lib/reccapi.php?resort=arapahoebasin HTTP/1.1" 200 1103 "-" "node-superagent/0.18.2"
110.170.169.18 - - [10/Jun/2015:01:08:21 -0700] "GET /images/wsis-logo-sm.png HTTP/1.1" 200 6108 "http://thebackcountry.net/" "Mozilla/5.0 (Windows NT 6.1; WOW64) AppleWebKit/537.36 (KHTML, like Gecko) Chrome/36.0.1985.143 Safari/537.36"
170.75.162.130 - - [10/Jun/2015:01:46:22 -0700] "GET /lib/reccapi.php?resort=brianhead HTTP/1.1" 200 1062 "-" "node-superagent/0.18.2"
170.75.162.130 - - [10/Jun/2015:01:49:52 -0700] "GET /lib/reccapi.php?resort=smugglersnotch HTTP/1.1" 200 988 "-" "node-superagent/0.18.2"
180.76.15.163 - - [10/Jun/2015:01:50:09 -0700] "GET /resorts?resort=brighton&date=2014-05-06 HTTP/1.1" 404 472 "-" "Mozilla/5.0 (compatible; Baiduspider/2.0; +http://www.baidu.com/search/spider.html)"
123.125.71.13 - - [10/Jun/2015:01:59:27 -0700] "-" 408 0 "-" "-"
66.249.79.14 - - [10/Jun/2015:01:59:49 -0700] "GET / HTTP/1.1" 200 2376 "-" "Mozilla/5.0 (compatible; Googlebot/2.1; +http://www.google.com/bot.html)"
220.181.108.100 - - [10/Jun/2015:02:05:14 -0700] "-" 408 0 "-" "-"
207.46.13.65 - - [10/Jun/2015:02:21:54 -0700] "GET /robots.txt HTTP/1.1" 200 375 "-" "Mozilla/5.0 (compatible; bingbot/2.0; +http://www.bing.com/bingbot.htm)"
207.46.13.65 - - [10/Jun/2015:02:35:09 -0700] "GET / HTTP/1.1" 200 2376 "-" "Mozilla/5.0 (compatible; bingbot/2.0; +http://www.bing.com/bingbot.htm)"
66.249.79.250 - - [10/Jun/2015:02:38:32 -0700] "GET / HTTP/1.1" 200 2376 "-" "Mozilla/5.0 (iPhone; CPU iPhone OS 6_0 like Mac OS X) AppleWebKit/536.26 (KHTML, like Gecko) Version/6.0 Mobile/10A5376e Safari/8536.25 (compatible; Googlebot/2.1; +http://www.google.com/bot.html)"
170.75.162.130 - - [10/Jun/2015:02:41:36 -0700] "GET /lib/reccapi.php?resort=sierra-at-tahoe HTTP/1.1" 200 1067 "-" "node-superagent/0.18.2"
170.75.162.130 - - [10/Jun/2015:02:44:06 -0700] "GET /lib/reccapi.php?resort=angelfire HTTP/1.1" 200 1038 "-" "node-superagent/0.18.2"
170.75.162.130 - - [10/Jun/2015:02:44:07 -0700] "GET /lib/reccapi.php?resort=49degreesnorth HTTP/1.1" 200 989 "-" "node-superagent/0.18.2"
123.125.71.29 - - [10/Jun/2015:02:58:40 -0700] "-" 408 0 "-" "-"
66.249.79.1 - - [10/Jun/2015:03:00:15 -0700] "GET / HTTP/1.1" 200 2376 "-" "Mozilla/5.0 (compatible; Googlebot/2.1; +http://www.google.com/bot.html)"
170.75.162.130 - - [10/Jun/2015:03:03:38 -0700] "GET /lib/reccapi.php?resort=mtrose HTTP/1.1" 200 1099 "-" "node-superagent/0.18.2"
170.75.162.130 - - [10/Jun/2015:03:45:49 -0700] "GET /lib/reccapi.php?resort=alpinemeadows HTTP/1.1" 200 1092 "-" "node-superagent/0.18.2"
66.249.79.66 - - [10/Jun/2015:03:55:01 -0700] "GET / HTTP/1.1" 200 2376 "-" "Mozilla/5.0 (compatible; Googlebot/2.1; +http://www.google.com/bot.html)"
123.125.71.72 - - [10/Jun/2015:04:00:01 -0700] "-" 408 0 "-" "-"
220.181.108.172 - - [10/Jun/2015:04:04:24 -0700] "-" 408 0 "-" "-"
170.75.162.130 - - [10/Jun/2015:04:05:31 -0700] "GET /lib/reccapi.php?resort=aspenmountain HTTP/1.1" 200 1101 "-" "node-superagent/0.18.2"
170.75.162.130 - - [10/Jun/2015:04:05:31 -0700] "GET /lib/reccapi.php?resort=buttermilk HTTP/1.1" 200 1096 "-" "node-superagent/0.18.2"
170.75.162.130 - - [10/Jun/2015:04:05:31 -0700] "GET /lib/reccapi.php?resort=snowmass HTTP/1.1" 200 1083 "-" "node-superagent/0.18.2"
170.75.162.130 - - [10/Jun/2015:04:09:31 -0700] "GET /lib/reccapi.php?resort=taos HTTP/1.1" 200 1001 "-" "node-superagent/0.18.2"
54.166.140.153 - - [10/Jun/2015:04:16:27 -0700] "HEAD / HTTP/1.1" 200 291 "-" "Cloud mapping experiment. Contact research@pdrlabs.net"
83.233.207.74 - - [10/Jun/2015:04:24:18 -0700] "GET /robots.txt HTTP/1.1" 200 419 "-" "Mozilla/5.0 (Windows NT 5.1; rv:8.0) Gecko/20100101 Firefox/8.0"
83.233.207.74 - - [10/Jun/2015:04:24:18 -0700] "GET / HTTP/1.1" 200 2375 "-" "Mozilla/5.0 (Windows NT 5.1; rv:8.0) Gecko/20100101 Firefox/8.0"
83.233.207.74 - - [10/Jun/2015:04:24:19 -0700] "GET /about HTTP/1.1" 404 505 "-" "Mozilla/5.0 (Windows NT 5.1; rv:8.0) Gecko/20100101 Firefox/8.0"
199.47.203.34 - - [10/Jun/2015:04:36:08 -0700] "GET / HTTP/1.1" 200 2376 "http://www.earnyourturns.com/" "Mozilla/5.0 (Macintosh; Intel Mac OS X 10.6; rv:38.0) Gecko/20100101 Firefox/38.0"
199.47.203.34 - - [10/Jun/2015:04:36:09 -0700] "GET /styles/0fffd548.main.css HTTP/1.1" 200 19316 "http://whereshouldiski.com/" "Mozilla/5.0 (Macintosh; Intel Mac OS X 10.6; rv:38.0) Gecko/20100101 Firefox/38.0"
199.47.203.34 - - [10/Jun/2015:04:36:09 -0700] "GET /scripts/scripts/vendor/modernizr.js HTTP/1.1" 200 4903 "http://whereshouldiski.com/" "Mozilla/5.0 (Macintosh; Intel Mac OS X 10.6; rv:38.0) Gecko/20100101 Firefox/38.0"
199.47.203.34 - - [10/Jun/2015:04:36:09 -0700] "GET /bower_components/requirejs/require.js HTTP/1.1" 200 6702 "http://whereshouldiski.com/" "Mozilla/5.0 (Macintosh; Intel Mac OS X 10.6; rv:38.0) Gecko/20100101 Firefox/38.0"
199.47.203.34 - - [10/Jun/2015:04:36:09 -0700] "GET /images/logo-sm.png HTTP/1.1" 200 16737 "http://whereshouldiski.com/" "Mozilla/5.0 (Macintosh; Intel Mac OS X 10.6; rv:38.0) Gecko/20100101 Firefox/38.0"
199.47.203.34 - - [10/Jun/2015:04:36:09 -0700] "GET /images/loading.gif HTTP/1.1" 200 13881 "http://whereshouldiski.com/" "Mozilla/5.0 (Macintosh; Intel Mac OS X 10.6; rv:38.0) Gecko/20100101 Firefox/38.0"
199.47.203.34 - - [10/Jun/2015:04:36:09 -0700] "GET /scripts/fa48e319.main.js HTTP/1.1" 200 123455 "http://whereshouldiski.com/" "Mozilla/5.0 (Macintosh; Intel Mac OS X 10.6; rv:38.0) Gecko/20100101 Firefox/38.0"
199.47.203.34 - - [10/Jun/2015:04:36:11 -0700] "GET /images/greyHeader.png HTTP/1.1" 200 508 "http://whereshouldiski.com/styles/0fffd548.main.css" "Mozilla/5.0 (Macintosh; Intel Mac OS X 10.6; rv:38.0) Gecko/20100101 Firefox/38.0"
199.47.203.34 - - [10/Jun/2015:04:36:11 -0700] "GET /lib/reccapi.php?fields=t HTTP/1.1" 200 1655 "http://whereshouldiski.com/" "Mozilla/5.0 (Macintosh; Intel Mac OS X 10.6; rv:38.0) Gecko/20100101 Firefox/38.0"
199.47.203.34 - - [10/Jun/2015:04:36:11 -0700] "GET /images/snowflake5.png HTTP/1.1" 200 2857 "http://whereshouldiski.com/styles/0fffd548.main.css" "Mozilla/5.0 (Macintosh; Intel Mac OS X 10.6; rv:38.0) Gecko/20100101 Firefox/38.0"
199.47.203.34 - - [10/Jun/2015:04:36:11 -0700] "GET /images/star5.png HTTP/1.1" 200 1783 "http://whereshouldiski.com/styles/0fffd548.main.css" "Mozilla/5.0 (Macintosh; Intel Mac OS X 10.6; rv:38.0) Gecko/20100101 Firefox/38.0"
199.47.203.34 - - [10/Jun/2015:04:36:11 -0700] "GET /images/bluebird5.png HTTP/1.1" 200 2177 "http://whereshouldiski.com/styles/0fffd548.main.css" "Mozilla/5.0 (Macintosh; Intel Mac OS X 10.6; rv:38.0) Gecko/20100101 Firefox/38.0"
199.47.203.34 - - [10/Jun/2015:04:36:11 -0700] "GET /images/mtns-icon.png HTTP/1.1" 200 1097 "http://whereshouldiski.com/styles/0fffd548.main.css" "Mozilla/5.0 (Macintosh; Intel Mac OS X 10.6; rv:38.0) Gecko/20100101 Firefox/38.0"
199.47.203.34 - - [10/Jun/2015:04:36:11 -0700] "GET /images/shading-icon.png HTTP/1.1" 200 537 "http://whereshouldiski.com/styles/0fffd548.main.css" "Mozilla/5.0 (Macintosh; Intel Mac OS X 10.6; rv:38.0) Gecko/20100101 Firefox/38.0"
199.47.203.34 - - [10/Jun/2015:04:36:11 -0700] "GET /favicon.ico HTTP/1.1" 200 1475 "-" "Mozilla/5.0 (Macintosh; Intel Mac OS X 10.6; rv:38.0) Gecko/20100101 Firefox/38.0"
170.75.162.130 - - [10/Jun/2015:04:38:14 -0700] "GET /lib/reccapi.php?resort=whitefacemountain HTTP/1.1" 200 968 "-" "node-superagent/0.18.2"
101.226.66.177 - - [10/Jun/2015:04:42:52 -0700] "GET / HTTP/1.1" 200 6114 "-" "Mozilla/5.0 (Linux; U; Android 4.4.2; zh-cn; GT-I9500 Build/KOT49H) AppleWebKit/537.36 (KHTML, like Gecko)Version/4.0 MQQBrowser/5.0 QQ-Manager Mobile Safari/537.36"
66.249.79.250 - - [10/Jun/2015:04:45:33 -0700] "GET / HTTP/1.1" 200 2376 "-" "Mozilla/5.0 (compatible; Googlebot/2.1; +http://www.google.com/bot.html)"
123.125.71.48 - - [10/Jun/2015:04:56:47 -0700] "-" 408 0 "-" "-"
220.181.108.173 - - [10/Jun/2015:05:00:39 -0700] "-" 408 0 "-" "-"
36.81.11.215 - - [10/Jun/2015:05:01:47 -0700] "GET /images/wsis-logo-sm.png HTTP/1.1" 200 6108 "http://thebackcountry.net/" "Mozilla/5.0 (Linux; Android 4.4.2; SM-T231 Build/KOT49H) AppleWebKit/537.36 (KHTML, like Gecko) Chrome/43.0.2357.92 Safari/537.36"
170.75.162.130 - - [10/Jun/2015:05:10:17 -0700] "GET /lib/reccapi.php?resort=schweitzer HTTP/1.1" 200 957 "-" "node-superagent/0.18.2"
95.72.47.224 - - [10/Jun/2015:05:10:39 -0700] "GET / HTTP/1.1" 200 6151 "-" "-"
170.75.162.130 - - [10/Jun/2015:05:24:48 -0700] "GET /lib/reccapi.php?resort=redlodge HTTP/1.1" 200 1063 "-" "node-superagent/0.18.2"
170.75.162.130 - - [10/Jun/2015:05:27:18 -0700] "GET /lib/reccapi.php?resort=coppermountain HTTP/1.1" 200 1019 "-" "node-superagent/0.18.2"
97.121.220.144 - - [10/Jun/2015:05:46:28 -0700] "GET / HTTP/1.1" 200 2376 "http://www.earnyourturns.com/" "Mozilla/5.0 (Windows NT 6.1; WOW64; Trident/7.0; rv:11.0) like Gecko"
97.121.220.144 - - [10/Jun/2015:05:46:28 -0700] "GET /scripts/scripts/vendor/modernizr.js HTTP/1.1" 200 4903 "http://whereshouldiski.com/" "Mozilla/5.0 (Windows NT 6.1; WOW64; Trident/7.0; rv:11.0) like Gecko"
97.121.220.144 - - [10/Jun/2015:05:46:28 -0700] "GET /styles/0fffd548.main.css HTTP/1.1" 200 19316 "http://whereshouldiski.com/" "Mozilla/5.0 (Windows NT 6.1; WOW64; Trident/7.0; rv:11.0) like Gecko"
97.121.220.144 - - [10/Jun/2015:05:46:28 -0700] "GET /images/logo-sm.png HTTP/1.1" 200 16737 "http://whereshouldiski.com/" "Mozilla/5.0 (Windows NT 6.1; WOW64; Trident/7.0; rv:11.0) like Gecko"
97.121.220.144 - - [10/Jun/2015:05:46:28 -0700] "GET /images/loading.gif HTTP/1.1" 200 13882 "http://whereshouldiski.com/" "Mozilla/5.0 (Windows NT 6.1; WOW64; Trident/7.0; rv:11.0) like Gecko"
97.121.220.144 - - [10/Jun/2015:05:46:28 -0700] "GET /bower_components/requirejs/require.js HTTP/1.1" 200 6702 "http://whereshouldiski.com/" "Mozilla/5.0 (Windows NT 6.1; WOW64; Trident/7.0; rv:11.0) like Gecko"
97.121.220.144 - - [10/Jun/2015:05:46:28 -0700] "GET /images/button.png HTTP/1.1" 200 598 "http://whereshouldiski.com/" "Mozilla/5.0 (Windows NT 6.1; WOW64; Trident/7.0; rv:11.0) like Gecko"
97.121.220.144 - - [10/Jun/2015:05:46:28 -0700] "GET /scripts/fa48e319.main.js HTTP/1.1" 200 123455 "http://whereshouldiski.com/" "Mozilla/5.0 (Windows NT 6.1; WOW64; Trident/7.0; rv:11.0) like Gecko"
97.121.220.144 - - [10/Jun/2015:05:46:30 -0700] "GET /images/greyHeader.png HTTP/1.1" 200 508 "http://whereshouldiski.com/" "Mozilla/5.0 (Windows NT 6.1; WOW64; Trident/7.0; rv:11.0) like Gecko"
97.121.220.144 - - [10/Jun/2015:05:46:29 -0700] "GET /lib/reccapi.php?fields=t HTTP/1.1" 200 1769 "http://whereshouldiski.com/" "Mozilla/5.0 (Windows NT 6.1; WOW64; Trident/7.0; rv:11.0) like Gecko"
97.121.220.144 - - [10/Jun/2015:05:46:30 -0700] "GET /favicon.ico HTTP/1.1" 200 1476 "-" "Mozilla/5.0 (Windows NT 6.1; Win64; x64; Trident/7.0; rv:11.0) like Gecko"
97.121.220.144 - - [10/Jun/2015:05:46:30 -0700] "GET /images/snowflake5.png HTTP/1.1" 200 2857 "http://whereshouldiski.com/" "Mozilla/5.0 (Windows NT 6.1; WOW64; Trident/7.0; rv:11.0) like Gecko"
97.121.220.144 - - [10/Jun/2015:05:46:30 -0700] "GET /images/star5.png HTTP/1.1" 200 1783 "http://whereshouldiski.com/" "Mozilla/5.0 (Windows NT 6.1; WOW64; Trident/7.0; rv:11.0) like Gecko"
97.121.220.144 - - [10/Jun/2015:05:46:30 -0700] "GET /images/bluebird5.png HTTP/1.1" 200 2177 "http://whereshouldiski.com/" "Mozilla/5.0 (Windows NT 6.1; WOW64; Trident/7.0; rv:11.0) like Gecko"
97.121.220.144 - - [10/Jun/2015:05:46:30 -0700] "GET /images/mtns-icon.png HTTP/1.1" 200 1096 "http://whereshouldiski.com/" "Mozilla/5.0 (Windows NT 6.1; WOW64; Trident/7.0; rv:11.0) like Gecko"
97.121.220.144 - - [10/Jun/2015:05:46:30 -0700] "GET /images/shading-icon.png HTTP/1.1" 200 537 "http://whereshouldiski.com/" "Mozilla/5.0 (Windows NT 6.1; WOW64; Trident/7.0; rv:11.0) like Gecko"
127.0.0.1 - - [10/Jun/2015:05:46:37 -0700] "OPTIONS * HTTP/1.0" 200 126 "-" "Apache/2.2.22 (Ubuntu) (internal dummy connection)"
127.0.0.1 - - [10/Jun/2015:05:46:38 -0700] "OPTIONS * HTTP/1.0" 200 126 "-" "Apache/2.2.22 (Ubuntu) (internal dummy connection)"
97.121.220.144 - - [10/Jun/2015:05:46:51 -0700] "-" 408 0 "-" "-"
127.0.0.1 - - [10/Jun/2015:05:46:53 -0700] "OPTIONS * HTTP/1.0" 200 126 "-" "Apache/2.2.22 (Ubuntu) (internal dummy connection)"
97.121.220.144 - - [10/Jun/2015:05:46:55 -0700] "GET /lib/reccapi.php?fields=t&state=MT HTTP/1.1" 200 1195 "http://whereshouldiski.com/#search/state=MT" "Mozilla/5.0 (Windows NT 6.1; WOW64; Trident/7.0; rv:11.0) like Gecko"
97.121.220.144 - - [10/Jun/2015:05:46:55 -0700] "GET /images/greenHeader.png HTTP/1.1" 200 508 "http://whereshouldiski.com/" "Mozilla/5.0 (Windows NT 6.1; WOW64; Trident/7.0; rv:11.0) like Gecko"
66.249.79.250 - - [10/Jun/2015:05:46:57 -0700] "GET / HTTP/1.1" 200 2376 "-" "Mozilla/5.0 (compatible; Googlebot/2.1; +http://www.google.com/bot.html)"
97.121.220.144 - - [10/Jun/2015:05:47:16 -0700] "-" 408 0 "-" "-"
97.121.220.144 - - [10/Jun/2015:05:47:29 -0700] "GET /lib/reccapi.php?resort=losttrailpowdermountain&date=2015-06-13 HTTP/1.1" 200 980 "http://whereshouldiski.com/#/resort/losttrailpowdermountain/2015-06-13" "Mozilla/5.0 (Windows NT 6.1; WOW64; Trident/7.0; rv:11.0) like Gecko"
97.121.220.144 - - [10/Jun/2015:05:47:29 -0700] "GET /images/snowforecast-logo.jpg HTTP/1.1" 200 22988 "http://whereshouldiski.com/" "Mozilla/5.0 (Windows NT 6.1; WOW64; Trident/7.0; rv:11.0) like Gecko"
97.121.220.144 - - [10/Jun/2015:05:47:29 -0700] "GET /images/opensnow_logo.png HTTP/1.1" 200 11777 "http://whereshouldiski.com/" "Mozilla/5.0 (Windows NT 6.1; WOW64; Trident/7.0; rv:11.0) like Gecko"
97.121.220.144 - - [10/Jun/2015:05:47:29 -0700] "GET /lib/reccapi.php?fields=t&date=2015-06-13&coords=45.7%2C-113.94&size=7&sort=distance HTTP/1.1" 200 1291 "http://whereshouldiski.com/#/resort/losttrailpowdermountain/2015-06-13" "Mozilla/5.0 (Windows NT 6.1; WOW64; Trident/7.0; rv:11.0) like Gecko"
97.121.220.144 - - [10/Jun/2015:05:47:29 -0700] "GET /lib/resortDataSearchD3.php?size=7&sortDate=T&resort=losttrailpowdermountain&dateStart=2015-06-11 HTTP/1.1" 200 679 "http://whereshouldiski.com/#/resort/losttrailpowdermountain/2015-06-13" "Mozilla/5.0 (Windows NT 6.1; WOW64; Trident/7.0; rv:11.0) like Gecko"
97.121.220.144 - - [10/Jun/2015:05:47:29 -0700] "GET /images/snowflake-med-5.png HTTP/1.1" 200 6156 "http://whereshouldiski.com/" "Mozilla/5.0 (Windows NT 6.1; WOW64; Trident/7.0; rv:11.0) like Gecko"
97.121.220.144 - - [10/Jun/2015:05:47:29 -0700] "GET /images/stars-med-5.png HTTP/1.1" 200 4124 "http://whereshouldiski.com/" "Mozilla/5.0 (Windows NT 6.1; WOW64; Trident/7.0; rv:11.0) like Gecko"
97.121.220.144 - - [10/Jun/2015:05:47:29 -0700] "GET /images/sun-med-5.png HTTP/1.1" 200 7627 "http://whereshouldiski.com/" "Mozilla/5.0 (Windows NT 6.1; WOW64; Trident/7.0; rv:11.0) like Gecko"
97.121.220.144 - - [10/Jun/2015:05:47:29 -0700] "GET /images/mtns-30px.png HTTP/1.1" 200 1201 "http://whereshouldiski.com/" "Mozilla/5.0 (Windows NT 6.1; WOW64; Trident/7.0; rv:11.0) like Gecko"
97.121.220.144 - - [10/Jun/2015:05:47:29 -0700] "GET /images/shading-53px.png HTTP/1.1" 200 547 "http://whereshouldiski.com/" "Mozilla/5.0 (Windows NT 6.1; WOW64; Trident/7.0; rv:11.0) like Gecko"
127.0.0.1 - - [10/Jun/2015:05:47:36 -0700] "OPTIONS * HTTP/1.0" 200 126 "-" "Apache/2.2.22 (Ubuntu) (internal dummy connection)"
97.121.220.144 - - [10/Jun/2015:05:48:01 -0700] "GET /lib/reccapi.php?resort=whitefishmountain&date=2015-06-12 HTTP/1.1" 200 1003 "http://whereshouldiski.com/#/resort/whitefishmountain/2015-06-12" "Mozilla/5.0 (Windows NT 6.1; WOW64; Trident/7.0; rv:11.0) like Gecko"
97.121.220.144 - - [10/Jun/2015:05:48:01 -0700] "GET /lib/reccapi.php?fields=t&date=2015-06-12&coords=48.51%2C-114.34&size=7&sort=distance HTTP/1.1" 200 1321 "http://whereshouldiski.com/#/resort/whitefishmountain/2015-06-12" "Mozilla/5.0 (Windows NT 6.1; WOW64; Trident/7.0; rv:11.0) like Gecko"
97.121.220.144 - - [10/Jun/2015:05:48:01 -0700] "GET /lib/resortDataSearchD3.php?size=7&sortDate=T&resort=whitefishmountain&dateStart=2015-06-10 HTTP/1.1" 200 762 "http://whereshouldiski.com/#/resort/whitefishmountain/2015-06-12" "Mozilla/5.0 (Windows NT 6.1; WOW64; Trident/7.0; rv:11.0) like Gecko"
170.75.162.130 - - [10/Jun/2015:05:55:01 -0700] "GET /lib/reccapi.php?resort=mountainhigh HTTP/1.1" 200 1031 "-" "node-superagent/0.18.2"
99.102.142.175 - - [10/Jun/2015:05:58:44 -0700] "GET /images/wsis-logo-sm.png HTTP/1.1" 200 6108 "http://www.thebackcountry.net/" "Mozilla/5.0 (Windows NT 6.3; WOW64) AppleWebKit/537.36 (KHTML, like Gecko) Chrome/43.0.2357.81 Safari/537.36"
170.75.162.130 - - [10/Jun/2015:06:02:21 -0700] "GET /lib/reccapi.php?resort=jaypeak HTTP/1.1" 200 972 "-" "node-superagent/0.18.2"
109.193.252.11 - - [10/Jun/2015:06:05:36 -0700] "GET /images/viz-screenshot.png HTTP/1.1" 404 517 "http://ericfahsl.com/blog/35-creating-an-animated-javascript-heat-map-with-polymap" "Mozilla/5.0 (Windows NT 6.1; WOW64) AppleWebKit/537.36 (KHTML, like Gecko) Chrome/43.0.2357.81 Safari/537.36"
109.193.252.11 - - [10/Jun/2015:06:05:37 -0700] "GET /images/viz-screenshot.png HTTP/1.1" 404 516 "http://ericfahsl.com/blog/35-creating-an-animated-javascript-heat-map-with-polymap" "Mozilla/5.0 (Windows NT 6.1; WOW64) AppleWebKit/537.36 (KHTML, like Gecko) Chrome/43.0.2357.81 Safari/537.36"
123.125.71.33 - - [10/Jun/2015:06:06:50 -0700] "-" 408 0 "-" "-"
203.133.169.76 - - [10/Jun/2015:06:09:05 -0700] "GET / HTTP/1.1" 200 2376 "-" "Mozilla/5.0 (compatible; MSIE or Firefox mutant; not on Windows server;) Daumoa/4.0"
220.181.108.166 - - [10/Jun/2015:06:12:23 -0700] "-" 408 0 "-" "-"
170.75.162.130 - - [10/Jun/2015:06:17:23 -0700] "GET /lib/reccapi.php?resort=grandtarghee HTTP/1.1" 200 1135 "-" "node-superagent/0.18.2"
170.75.162.130 - - [10/Jun/2015:06:19:23 -0700] "GET /lib/reccapi.php?resort=alyeska HTTP/1.1" 200 964 "-" "node-superagent/0.18.2"
170.75.162.130 - - [10/Jun/2015:06:19:23 -0700] "GET /lib/reccapi.php?resort=hoodoo HTTP/1.1" 200 965 "-" "node-superagent/0.18.2"
170.75.162.130 - - [10/Jun/2015:06:19:23 -0700] "GET /lib/reccapi.php?resort=solitude HTTP/1.1" 200 1063 "-" "node-superagent/0.18.2"
170.75.162.130 - - [10/Jun/2015:06:19:23 -0700] "GET /lib/reccapi.php?resort=mountbachelor HTTP/1.1" 200 969 "-" "node-superagent/0.18.2"
170.75.162.130 - - [10/Jun/2015:06:19:23 -0700] "GET /lib/reccapi.php?resort=mounthoodmeadows HTTP/1.1" 200 989 "-" "node-superagent/0.18.2"
170.75.162.130 - - [10/Jun/2015:06:19:33 -0700] "GET /lib/reccapi.php?resort=bigsky HTTP/1.1" 200 1058 "-" "node-superagent/0.18.2"
54.80.78.133 - - [10/Jun/2015:06:19:57 -0700] "HEAD / HTTP/1.1" 200 291 "-" "Cloud mapping experiment. Contact research@pdrlabs.net"
170.75.162.130 - - [10/Jun/2015:06:20:23 -0700] "GET /lib/reccapi.php?resort=keystone HTTP/1.1" 200 1040 "-" "node-superagent/0.18.2"
170.75.162.130 - - [10/Jun/2015:06:20:23 -0700] "GET /lib/reccapi.php?resort=chinapeak HTTP/1.1" 200 1045 "-" "node-superagent/0.18.2"
170.75.162.130 - - [10/Jun/2015:06:20:23 -0700] "GET /lib/reccapi.php?resort=deervalley HTTP/1.1" 200 1053 "-" "node-superagent/0.18.2"
170.75.162.130 - - [10/Jun/2015:06:20:23 -0700] "GET /lib/reccapi.php?resort=cannonmountain HTTP/1.1" 200 958 "-" "node-superagent/0.18.2"
170.75.162.130 - - [10/Jun/2015:06:20:23 -0700] "GET /lib/reccapi.php?resort=kirkwood HTTP/1.1" 200 1074 "-" "node-superagent/0.18.2"
170.75.162.130 - - [10/Jun/2015:06:20:23 -0700] "GET /lib/reccapi.php?resort=madriverglen HTTP/1.1" 200 976 "-" "node-superagent/0.18.2"
170.75.162.130 - - [10/Jun/2015:06:20:23 -0700] "GET /lib/reccapi.php?resort=northstar-at-tahoe HTTP/1.1" 200 1084 "-" "node-superagent/0.18.2"
170.75.162.130 - - [10/Jun/2015:06:20:43 -0700] "GET /lib/reccapi.php?resort=monarch HTTP/1.1" 200 1065 "-" "node-superagent/0.18.2"
170.75.162.130 - - [10/Jun/2015:06:20:53 -0700] "GET /lib/reccapi.php?resort=silverstarmountain HTTP/1.1" 200 925 "-" "node-superagent/0.18.2"
170.75.162.130 - - [10/Jun/2015:06:20:53 -0700] "GET /lib/reccapi.php?resort=snowbasin HTTP/1.1" 200 1001 "-" "node-superagent/0.18.2"
170.75.162.130 - - [10/Jun/2015:06:21:03 -0700] "GET /lib/reccapi.php?resort=redmountain HTTP/1.1" 200 899 "-" "node-superagent/0.18.2"
170.75.162.130 - - [10/Jun/2015:06:21:03 -0700] "GET /lib/reccapi.php?resort=sunpeaksresort HTTP/1.1" 200 910 "-" "node-superagent/0.18.2"
170.75.162.130 - - [10/Jun/2015:06:21:23 -0700] "GET /lib/reccapi.php?resort=winterpark HTTP/1.1" 200 1045 "-" "node-superagent/0.18.2"
170.75.162.130 - - [10/Jun/2015:06:21:23 -0700] "GET /lib/reccapi.php?resort=stowe HTTP/1.1" 200 939 "-" "node-superagent/0.18.2"
170.75.162.130 - - [10/Jun/2015:06:21:23 -0700] "GET /lib/reccapi.php?resort=loveland HTTP/1.1" 200 1032 "-" "node-superagent/0.18.2"
170.75.162.130 - - [10/Jun/2015:06:21:33 -0700] "GET /lib/reccapi.php?resort=crestedbutte HTTP/1.1" 200 1029 "-" "node-superagent/0.18.2"
170.75.162.130 - - [10/Jun/2015:06:21:33 -0700] "GET /lib/reccapi.php?resort=brighton HTTP/1.1" 200 1055 "-" "node-superagent/0.18.2"
170.75.162.130 - - [10/Jun/2015:06:21:53 -0700] "GET /lib/reccapi.php?resort=stevenspass HTTP/1.1" 200 950 "-" "node-superagent/0.18.2"
170.75.162.130 - - [10/Jun/2015:06:21:53 -0700] "GET /lib/reccapi.php?resort=sugarbowl HTTP/1.1" 200 1069 "-" "node-superagent/0.18.2"
170.75.162.130 - - [10/Jun/2015:06:22:03 -0700] "GET /lib/reccapi.php?resort=sugarbush HTTP/1.1" 200 981 "-" "node-superagent/0.18.2"
170.75.162.130 - - [10/Jun/2015:06:22:03 -0700] "GET /lib/reccapi.php?resort=sunvalley HTTP/1.1" 200 1103 "-" "node-superagent/0.18.2"
170.75.162.130 - - [10/Jun/2015:06:22:13 -0700] "GET /lib/reccapi.php?resort=wildcatmountain HTTP/1.1" 200 959 "-" "node-superagent/0.18.2"
170.75.162.130 - - [10/Jun/2015:06:22:23 -0700] "GET /lib/reccapi.php?resort=devilshead HTTP/1.1" 200 936 "-" "node-superagent/0.18.2"
170.75.162.130 - - [10/Jun/2015:06:22:23 -0700] "GET /lib/reccapi.php?resort=bigwhite HTTP/1.1" 200 911 "-" "node-superagent/0.18.2"
170.75.162.130 - - [10/Jun/2015:06:22:33 -0700] "GET /lib/reccapi.php?resort=canyons HTTP/1.1" 200 1022 "-" "node-superagent/0.18.2"
170.75.162.130 - - [10/Jun/2015:06:22:33 -0700] "GET /lib/reccapi.php?resort=crystalmountain HTTP/1.1" 200 962 "-" "node-superagent/0.18.2"
170.75.162.130 - - [10/Jun/2015:06:22:43 -0700] "GET /lib/reccapi.php?resort=parkcity HTTP/1.1" 200 1097 "-" "node-superagent/0.18.2"
170.75.162.130 - - [10/Jun/2015:06:22:43 -0700] "GET /lib/reccapi.php?resort=whistlerblackcomb HTTP/1.1" 200 922 "-" "node-superagent/0.18.2"
170.75.162.130 - - [10/Jun/2015:06:22:53 -0700] "GET /lib/reccapi.php?resort=mammothmountain HTTP/1.1" 200 1076 "-" "node-superagent/0.18.2"
170.75.162.130 - - [10/Jun/2015:06:22:53 -0700] "GET /lib/reccapi.php?resort=snowbird HTTP/1.1" 200 1047 "-" "node-superagent/0.18.2"
170.75.162.130 - - [10/Jun/2015:06:23:03 -0700] "GET /lib/reccapi.php?resort=squawvalleyusa HTTP/1.1" 200 1098 "-" "node-superagent/0.18.2"
66.249.79.16 - - [10/Jun/2015:06:29:09 -0700] "GET /robots.txt HTTP/1.1" 200 419 "-" "Mozilla/5.0 (compatible; Googlebot/2.1; +http://www.google.com/bot.html)"
66.249.79.3 - - [10/Jun/2015:06:29:09 -0700] "GET /resorts?resort=snoqualmie-alpental&date=2013-01-16 HTTP/1.1" 404 509 "-" "Mozilla/5.0 (iPhone; CPU iPhone OS 6_0 like Mac OS X) AppleWebKit/536.26 (KHTML, like Gecko) Version/6.0 Mobile/10A5376e Safari/8536.25 (compatible; Googlebot/2.1; +http://www.google.com/bot.html)"
66.249.79.250 - - [10/Jun/2015:06:47:39 -0700] "GET / HTTP/1.1" 200 2376 "-" "Mozilla/5.0 (compatible; Googlebot/2.1; +http://www.google.com/bot.html)"
70.214.41.143 - - [10/Jun/2015:07:01:20 -0700] "GET /images/wsis-logo-sm.png HTTP/1.1" 200 6108 "http://www.thebackcountry.net/" "Mozilla/5.0 (Linux; Android 4.4.4; XT1080 Build/SU6-7.2) AppleWebKit/537.36 (KHTML, like Gecko) Chrome/43.0.2357.78 Mobile Safari/537.36"
123.125.71.83 - - [10/Jun/2015:07:04:21 -0700] "-" 408 0 "-" "-"
220.181.108.178 - - [10/Jun/2015:07:11:43 -0700] "-" 408 0 "-" "-"
170.75.162.130 - - [10/Jun/2015:07:11:58 -0700] "GET /lib/reccapi.php?resort=sugarloaf HTTP/1.1" 200 951 "-" "node-superagent/0.18.2"
170.75.162.130 - - [10/Jun/2015:07:11:58 -0700] "GET /lib/reccapi.php?resort=sundayriver HTTP/1.1" 200 956 "-" "node-superagent/0.18.2"
170.75.162.130 - - [10/Jun/2015:07:16:08 -0700] "GET /lib/reccapi.php?resort=homewoodmountain HTTP/1.1" 200 1084 "-" "node-superagent/0.18.2"
96.232.115.212 - - [10/Jun/2015:07:21:06 -0700] "GET /images/wsis-logo-sm.png HTTP/1.1" 200 6108 "http://www.thebackcountry.net/" "Mozilla/5.0 (Macintosh; Intel Mac OS X 10_7_5) AppleWebKit/537.78.2 (KHTML, like Gecko) Version/6.1.6 Safari/537.78.2"
170.75.162.130 - - [10/Jun/2015:07:21:59 -0700] "GET /lib/reccapi.php?resort=killington HTTP/1.1" 200 959 "-" "node-superagent/0.18.2"
170.75.162.130 - - [10/Jun/2015:07:22:00 -0700] "GET /lib/reccapi.php?resort=smugglersnotch HTTP/1.1" 200 965 "-" "node-superagent/0.18.2"
207.46.13.65 - - [10/Jun/2015:07:25:27 -0700] "GET /robots.txt HTTP/1.1" 200 375 "-" "Mozilla/5.0 (compatible; bingbot/2.0; +http://www.bing.com/bingbot.htm)"
66.249.79.1 - - [10/Jun/2015:07:36:43 -0700] "GET / HTTP/1.1" 200 2376 "-" "Mozilla/5.0 (compatible; Googlebot/2.1; +http://www.google.com/bot.html)"
130.211.183.134 - - [10/Jun/2015:07:49:13 -0700] "GET / HTTP/1.0" 200 6151 "-" "NerdyBot"
104.5.2.156 - - [10/Jun/2015:07:50:43 -0700] "GET /images/wsis-logo-sm.png HTTP/1.1" 200 6108 "http://www.thebackcountry.net/" "Mozilla/5.0 (Macintosh; Intel Mac OS X 10_6_8) AppleWebKit/534.59.10 (KHTML, like Gecko) Version/5.1.9 Safari/534.59.10"
180.76.15.141 - - [10/Jun/2015:07:51:21 -0700] "GET /resorts?resort=skicooper&date=2014-02-07 HTTP/1.1" 404 469 "-" "Mozilla/5.0 (compatible; Baiduspider/2.0; +http://www.baidu.com/search/spider.html)"
123.125.71.115 - - [10/Jun/2015:08:01:23 -0700] "-" 408 0 "-" "-"
68.72.217.77 - - [10/Jun/2015:08:02:03 -0700] "GET /images/wsis-logo-sm.png HTTP/1.1" 200 6108 "http://www.thebackcountry.net/" "Mozilla/5.0 (Windows NT 6.1; WOW64) AppleWebKit/537.36 (KHTML, like Gecko) Chrome/43.0.2357.124 Safari/537.36"
220.181.108.177 - - [10/Jun/2015:08:06:39 -0700] "-" 408 0 "-" "-"
170.75.162.130 - - [10/Jun/2015:08:14:03 -0700] "GET /lib/reccapi.php?resort=alta HTTP/1.1" 200 1046 "-" "node-superagent/0.18.2"
71.140.31.214 - - [10/Jun/2015:08:14:23 -0700] "GET /images/wsis-logo-sm.png HTTP/1.1" 200 6108 "http://thebackcountry.net/" "Mozilla/4.0 (compatible; MSIE 7.0; Windows NT 5.1; Trident/4.0; .NET CLR 2.0.50727; .NET CLR 3.0.4506.2152; .NET CLR 3.5.30729; 786908940603; Build/14.08001)"
162.211.122.43 - - [10/Jun/2015:08:17:18 -0700] "GET / HTTP/1.1" 200 2339 "http://www.whereshouldiski.com" "Mozilla/5.0 (Windows NT 6.1; WOW64; rv:34.0) Gecko/20100101 Firefox/34.0"
54.81.116.72 - - [10/Jun/2015:08:17:53 -0700] "HEAD / HTTP/1.1" 200 291 "-" "Cloud mapping experiment. Contact research@pdrlabs.net"
93.43.170.161 - - [10/Jun/2015:08:30:23 -0700] "GET /images/wsis-logo-sm.png HTTP/1.1" 200 6108 "http://thebackcountry.net/" "Mozilla/5.0 (Windows NT 6.1; WOW64) AppleWebKit/537.36 (KHTML, like Gecko) Chrome/36.0.1985.143 Safari/537.36"
12.183.175.196 - - [10/Jun/2015:08:37:06 -0700] "GET /images/wsis-logo-sm.png HTTP/1.1" 200 6108 "http://thebackcountry.net/" "Mozilla/5.0 (iPhone; CPU iPhone OS 7_1_2 like Mac OS X) AppleWebKit/537.51.2 (KHTML, like Gecko) Version/7.0 Mobile/11D257 Safari/9537.53"
66.249.79.1 - - [10/Jun/2015:08:39:11 -0700] "GET / HTTP/1.1" 200 2376 "-" "Mozilla/5.0 (compatible; Googlebot/2.1; +http://www.google.com/bot.html)"
71.140.31.214 - - [10/Jun/2015:08:53:48 -0700] "GET /images/wsis-logo-sm.png HTTP/1.1" 304 187 "http://thebackcountry.net/" "Mozilla/4.0 (compatible; MSIE 8.0; Windows NT 5.1; Trident/4.0; .NET CLR 2.0.50727; .NET CLR 3.0.4506.2152; .NET CLR 3.5.30729; 786908940603; Build/14.08001)"
12.183.175.196 - - [10/Jun/2015:08:57:48 -0700] "GET /images/wsis-logo-sm.png HTTP/1.1" 200 6108 "http://thebackcountry.net/" "Mozilla/5.0 (iPhone; CPU iPhone OS 7_1_2 like Mac OS X) AppleWebKit/537.51.2 (KHTML, like Gecko) Version/7.0 Mobile/11D257 Safari/9537.53"
170.75.162.130 - - [10/Jun/2015:08:59:47 -0700] "GET /lib/reccapi.php?resort=diamondpeak HTTP/1.1" 200 1064 "-" "node-superagent/0.18.2"
75.111.97.57 - - [10/Jun/2015:09:04:19 -0700] "GET /images/wsis-logo-sm.png HTTP/1.1" 200 6108 "http://www.thebackcountry.net/" "Mozilla/5.0 (Macintosh; Intel Mac OS X 10_10_3) AppleWebKit/600.6.3 (KHTML, like Gecko) Version/8.0.6 Safari/600.6.3"
123.125.71.60 - - [10/Jun/2015:09:07:02 -0700] "-" 408 0 "-" "-"
