12.13.85.114 - - [21/Feb/2016:17:39:53 -0800] "GET /images/wsis-logo-sm.png HTTP/1.1" 200 6108 "http://www.thebackcountry.net/" "Mozilla/5.0 (Windows NT 6.1; WOW64) AppleWebKit/537.36 (KHTML, like Gecko) Chrome/48.0.2564.116 Safari/537.36"
52.33.40.213 - - [21/Feb/2016:17:45:36 -0800] "GET /lib/reccapi.php?resort=redlodge HTTP/1.1" 200 1000 "-" "node-superagent/1.4.0"
220.181.108.78 - - [21/Feb/2016:17:46:05 -0800] "GET / HTTP/1.1" 200 2578 "-" "Mozilla/5.0 (Windows NT 5.1; rv:6.0.2) Gecko/20100101 Firefox/6.0.2"
220.181.108.88 - - [21/Feb/2016:17:46:11 -0800] "GET / HTTP/1.1" 200 6995 "-" "Mozilla/5.0 (Windows NT 5.1; rv:6.0.2) Gecko/20100101 Firefox/6.0.2"
170.75.162.130 - - [21/Feb/2016:17:47:06 -0800] "GET /lib/reccapi.php?resort=northstar-at-tahoe HTTP/1.1" 200 963 "-" "node-superagent/1.4.0"
52.33.40.213 - - [21/Feb/2016:18:14:27 -0800] "GET /lib/reccapi.php?resort=snowbird HTTP/1.1" 200 989 "-" "node-superagent/1.4.0"
52.33.40.213 - - [21/Feb/2016:18:20:17 -0800] "GET /lib/reccapi.php?resort=bigsky HTTP/1.1" 200 976 "-" "node-superagent/1.4.0"
52.33.40.213 - - [21/Feb/2016:18:20:27 -0800] "GET /lib/reccapi.php?resort=jaypeak HTTP/1.1" 200 1053 "-" "node-superagent/1.4.0"
170.75.162.130 - - [21/Feb/2016:18:20:31 -0800] "GET /lib/reccapi.php?resort=sunvalley HTTP/1.1" 200 1007 "-" "node-superagent/1.4.0"
17.142.156.117 - - [21/Feb/2016:18:25:58 -0800] "GET /favicon.ico HTTP/1.1" 200 4613 "-" "Mozilla/5.0 (Macintosh; Intel Mac OS X 10_10_1) AppleWebKit/600.2.5 (KHTML, like Gecko) Version/8.0.2 Safari/600.2.5 (Applebot/0.1; +http://www.apple.com/go/applebot)"
64.192.133.129 - - [21/Feb/2016:18:27:48 -0800] "GET /images/wsis-logo-sm.png HTTP/1.1" 200 6108 "http://www.thebackcountry.net/" "Mozilla/5.0 (Windows NT 6.1; WOW64; Trident/7.0; rv:11.0) like Gecko"
180.76.15.29 - - [21/Feb/2016:18:30:30 -0800] "GET / HTTP/1.1" 200 6995 "-" "Mozilla/5.0 (compatible; Baiduspider/2.0; +http://www.baidu.com/search/spider.html)"
180.76.15.143 - - [21/Feb/2016:18:31:21 -0800] "GET / HTTP/1.1" 200 6995 "-" "Mozilla/5.0 (compatible; Baiduspider/2.0; +http://www.baidu.com/search/spider.html)"
170.75.162.130 - - [21/Feb/2016:18:35:13 -0800] "GET /lib/reccapi.php?resort=sugarbush HTTP/1.1" 200 1066 "-" "node-superagent/1.4.0"
66.249.79.227 - - [21/Feb/2016:18:40:08 -0800] "GET /resorts?resort=maverickmountain&date=2013-12-19 HTTP/1.1" 404 506 "-" "Mozilla/5.0 (iPhone; CPU iPhone OS 8_3 like Mac OS X) AppleWebKit/600.1.4 (KHTML, like Gecko) Version/8.0 Mobile/12F70 Safari/600.1.4 (compatible; Googlebot/2.1; +http://www.google.com/bot.html)"
52.33.40.213 - - [21/Feb/2016:18:43:48 -0800] "GET /lib/reccapi.php?resort=northstar-at-tahoe HTTP/1.1" 200 963 "-" "node-superagent/1.4.0"
52.33.40.213 - - [21/Feb/2016:18:44:18 -0800] "GET /lib/reccapi.php?resort=telluride HTTP/1.1" 200 977 "-" "node-superagent/1.4.0"
52.33.40.213 - - [21/Feb/2016:18:44:38 -0800] "GET /lib/reccapi.php?resort=deervalley HTTP/1.1" 200 1014 "-" "node-superagent/1.4.0"
52.33.40.213 - - [21/Feb/2016:18:44:38 -0800] "GET /lib/reccapi.php?resort=alta HTTP/1.1" 200 976 "-" "node-superagent/1.4.0"
52.33.40.213 - - [21/Feb/2016:18:44:38 -0800] "GET /lib/reccapi.php?resort=parkcity HTTP/1.1" 200 1015 "-" "node-superagent/1.4.0"
52.33.40.213 - - [21/Feb/2016:18:44:38 -0800] "GET /lib/reccapi.php?resort=solitude HTTP/1.1" 200 980 "-" "node-superagent/1.4.0"
170.75.162.130 - - [21/Feb/2016:18:45:25 -0800] "GET /lib/reccapi.php?resort=silverstarmountain HTTP/1.1" 200 935 "-" "node-superagent/1.4.0"
68.180.229.34 - - [21/Feb/2016:18:45:48 -0800] "GET /robots.txt HTTP/1.1" 200 319 "-" "Mozilla/5.0 (compatible; Yahoo! Slurp; http://help.yahoo.com/help/us/ysearch/slurp)"
68.180.229.34 - - [21/Feb/2016:18:45:48 -0800] "GET /resorts?resort=heavenly HTTP/1.1" 404 450 "-" "Mozilla/5.0 (compatible; Yahoo! Slurp; http://help.yahoo.com/help/us/ysearch/slurp)"
60.166.5.234 - - [21/Feb/2016:18:48:11 -0800] "GET /administrator/index.php HTTP/1.1" 404 489 "-" "Mozilla/4.0 (compatible; MSIE 6.0; Windows NT 5.1"
170.75.162.130 - - [21/Feb/2016:18:55:46 -0800] "GET /lib/reccapi.php?resort=kirkwood HTTP/1.1" 200 979 "-" "node-superagent/1.4.0"
52.33.40.213 - - [21/Feb/2016:18:58:59 -0800] "GET /lib/reccapi.php?resort=brighton HTTP/1.1" 200 980 "-" "node-superagent/1.4.0"
170.75.162.130 - - [21/Feb/2016:19:00:17 -0800] "GET /lib/reccapi.php?resort=heavenly HTTP/1.1" 200 991 "-" "node-superagent/1.4.0"
52.33.40.213 - - [21/Feb/2016:19:00:59 -0800] "GET /lib/reccapi.php?resort=steamboat HTTP/1.1" 200 966 "-" "node-superagent/1.4.0"
24.18.224.132 - - [21/Feb/2016:19:03:52 -0800] "GET / HTTP/1.1" 200 2615 "-" "Mozilla/5.0 (iPhone; CPU iPhone OS 9_2 like Mac OS X) AppleWebKit/601.1.46 (KHTML, like Gecko) Version/9.0 Mobile/13C75 Safari/601.1"
170.75.162.130 - - [21/Feb/2016:19:04:27 -0800] "GET /lib/reccapi.php?resort=redlodge HTTP/1.1" 200 1002 "-" "node-superagent/1.4.0"
52.33.40.213 - - [21/Feb/2016:19:05:29 -0800] "GET /lib/reccapi.php?resort=aspenheights HTTP/1.1" 200 988 "-" "node-superagent/1.4.0"
199.59.148.210 - - [21/Feb/2016:19:06:57 -0800] "GET /robots.txt HTTP/1.1" 200 363 "-" "Twitterbot/1.0"
199.59.148.210 - - [21/Feb/2016:19:06:57 -0800] "GET /robots.txt HTTP/1.1" 200 363 "-" "Twitterbot/1.0"
199.59.148.210 - - [21/Feb/2016:19:06:57 -0800] "GET / HTTP/1.1" 200 2559 "-" "Twitterbot/1.0"
199.59.148.211 - - [21/Feb/2016:19:06:57 -0800] "GET /recommendations HTTP/1.1" 404 450 "-" "Twitterbot/1.0"
73.170.199.124 - - [21/Feb/2016:19:12:49 -0800] "GET /images/wsis-logo-sm.png HTTP/1.1" 200 6108 "http://www.thebackcountry.net/" "Mozilla/5.0 (Macintosh; Intel Mac OS X 10_10_5) AppleWebKit/601.4.4 (KHTML, like Gecko) Version/9.0.3 Safari/601.4.4"
170.75.162.130 - - [21/Feb/2016:19:22:30 -0800] "GET /lib/reccapi.php?resort=diamondpeak HTTP/1.1" 200 938 "-" "node-superagent/1.4.0"
52.33.40.213 - - [21/Feb/2016:19:25:20 -0800] "GET /lib/reccapi.php?resort=whitefacemountain HTTP/1.1" 200 1059 "-" "node-superagent/1.4.0"
52.33.40.213 - - [21/Feb/2016:19:28:10 -0800] "GET /lib/reccapi.php?resort=smugglersnotch HTTP/1.1" 200 1069 "-" "node-superagent/1.4.0"
75.109.243.27 - - [21/Feb/2016:19:33:07 -0800] "GET /images/wsis-logo-sm.png HTTP/1.1" 200 6108 "http://www.thebackcountry.net/" "Mozilla/5.0 (Macintosh; Intel Mac OS X 10_11_3) AppleWebKit/601.4.4 (KHTML, like Gecko) Version/9.0.3 Safari/601.4.4"
70.214.36.54 - - [21/Feb/2016:19:33:20 -0800] "GET /images/wsis-logo-sm.png HTTP/1.1" 200 6108 "http://www.thebackcountry.net/" "Mozilla/5.0 (iPhone; CPU iPhone OS 9_2_1 like Mac OS X) AppleWebKit/601.1.46 (KHTML, like Gecko) Version/9.0 Mobile/13D15 Safari/601.1"
180.76.15.147 - - [21/Feb/2016:19:34:07 -0800] "GET / HTTP/1.1" 200 6995 "-" "Mozilla/5.0 (compatible; Baiduspider/2.0; +http://www.baidu.com/search/spider.html)"
180.76.15.11 - - [21/Feb/2016:19:35:07 -0800] "GET / HTTP/1.1" 200 6995 "-" "Mozilla/5.0 (compatible; Baiduspider/2.0; +http://www.baidu.com/search/spider.html)"
50.205.125.2 - - [21/Feb/2016:19:47:18 -0800] "GET /images/wsis-logo-sm.png HTTP/1.1" 200 6108 "http://www.thebackcountry.net/" "Mozilla/5.0 (Windows NT 6.3; WOW64) AppleWebKit/537.36 (KHTML, like Gecko) Chrome/48.0.2564.116 Safari/537.36"
98.208.3.49 - - [21/Feb/2016:19:47:21 -0800] "GET /images/wsis-logo-sm.png HTTP/1.1" 200 6108 "http://www.thebackcountry.net/" "Mozilla/5.0 (iPad; CPU OS 8_1 like Mac OS X) AppleWebKit/600.1.4 (KHTML, like Gecko) Version/8.0 Mobile/12B410 Safari/600.1.4"
157.55.39.30 - - [21/Feb/2016:19:48:19 -0800] "GET /robots.txt HTTP/1.1" 200 375 "-" "Mozilla/5.0 (compatible; bingbot/2.0; +http://www.bing.com/bingbot.htm)"
157.55.39.30 - - [21/Feb/2016:19:49:33 -0800] "GET / HTTP/1.1" 200 2615 "-" "Mozilla/5.0 (compatible; bingbot/2.0; +http://www.bing.com/bingbot.htm)"
99.178.132.69 - - [21/Feb/2016:19:54:31 -0800] "GET /images/wsis-logo-sm.png HTTP/1.1" 200 6108 "http://www.thebackcountry.net/" "Mozilla/5.0 (iPhone; CPU iPhone OS 9_2_1 like Mac OS X) AppleWebKit/601.1.46 (KHTML, like Gecko) Version/9.0 Mobile/13D15 Safari/601.1"
52.33.40.213 - - [21/Feb/2016:19:57:52 -0800] "GET /lib/reccapi.php?resort=alpinemeadows HTTP/1.1" 200 974 "-" "node-superagent/1.4.0"
52.33.40.213 - - [21/Feb/2016:19:59:52 -0800] "GET /lib/reccapi.php?resort=squawvalleyusa HTTP/1.1" 200 994 "-" "node-superagent/1.4.0"
74.112.164.130 - - [21/Feb/2016:20:00:54 -0800] "GET /images/wsis-logo-sm.png HTTP/1.1" 200 6108 "http://thebackcountry.net/" "Mozilla/4.0 (compatible; MSIE 8.0; Windows NT 6.1; WOW64; Trident/4.0; SLCC2; .NET CLR 2.0.50727; .NET CLR 3.5.30729; .NET CLR 3.0.30729; Media Center PC 6.0; .NET CLR 1.1.4322; .NET4.0C; .NET4.0E; InfoPath.3)"
170.75.162.130 - - [21/Feb/2016:20:04:46 -0800] "GET /lib/reccapi.php?resort=devilshead HTTP/1.1" 200 975 "-" "node-superagent/1.4.0"
66.249.79.234 - - [21/Feb/2016:20:08:14 -0800] "GET /resorts?resort=pajaritomountain&date=2014-01-15 HTTP/1.1" 404 506 "-" "Mozilla/5.0 (iPhone; CPU iPhone OS 8_3 like Mac OS X) AppleWebKit/600.1.4 (KHTML, like Gecko) Version/8.0 Mobile/12F70 Safari/600.1.4 (compatible; Googlebot/2.1; +http://www.google.com/bot.html)"
24.22.176.98 - - [21/Feb/2016:20:10:35 -0800] "GET /images/wsis-logo-sm.png HTTP/1.1" 200 6108 "http://www.thebackcountry.net/" "Mozilla/5.0 (Windows NT 6.0; WOW64) AppleWebKit/537.36 (KHTML, like Gecko) Chrome/48.0.2564.116 Safari/537.36"
170.75.162.130 - - [21/Feb/2016:20:12:47 -0800] "GET /lib/reccapi.php?resort=angelfire HTTP/1.1" 200 973 "-" "node-superagent/1.4.0"
170.75.162.130 - - [21/Feb/2016:20:12:48 -0800] "GET /lib/reccapi.php?resort=taos HTTP/1.1" 200 936 "-" "node-superagent/1.4.0"
66.249.79.227 - - [21/Feb/2016:20:14:15 -0800] "GET / HTTP/1.1" 200 2615 "-" "SAMSUNG-SGH-E250/1.0 Profile/MIDP-2.0 Configuration/CLDC-1.1 UP.Browser/6.2.3.3.c.1.101 (GUI) MMP/2.0 (compatible; Googlebot-Mobile/2.1; +http://www.google.com/bot.html)"
170.75.162.130 - - [21/Feb/2016:20:14:18 -0800] "GET /lib/reccapi.php?resort=bigwhite HTTP/1.1" 200 924 "-" "node-superagent/1.4.0"
170.75.162.130 - - [21/Feb/2016:20:16:58 -0800] "GET /lib/reccapi.php?resort=killington HTTP/1.1" 200 1071 "-" "node-superagent/1.4.0"
170.75.162.130 - - [21/Feb/2016:20:16:58 -0800] "GET /lib/reccapi.php?resort=madriverglen HTTP/1.1" 200 1061 "-" "node-superagent/1.4.0"
170.75.162.130 - - [21/Feb/2016:20:16:59 -0800] "GET /lib/reccapi.php?resort=smugglersnotch HTTP/1.1" 200 1069 "-" "node-superagent/1.4.0"
170.75.162.130 - - [21/Feb/2016:20:16:59 -0800] "GET /lib/reccapi.php?resort=sundayriver HTTP/1.1" 200 968 "-" "node-superagent/1.4.0"
170.75.162.130 - - [21/Feb/2016:20:16:59 -0800] "GET /lib/reccapi.php?resort=sugarloaf HTTP/1.1" 200 1005 "-" "node-superagent/1.4.0"
66.249.79.234 - - [21/Feb/2016:20:17:00 -0800] "GET /resorts?resort=silverstarmountain&date=2014-01-03 HTTP/1.1" 404 506 "-" "DoCoMo/2.0 N905i(c100;TB;W24H16) (compatible; Googlebot-Mobile/2.1; +http://www.google.com/bot.html)"
96.38.139.235 - - [21/Feb/2016:20:17:44 -0800] "GET /images/wsis-logo-sm.png HTTP/1.1" 200 6108 "http://www.thebackcountry.net/" "Mozilla/5.0 (iPad; CPU OS 9_2_1 like Mac OS X) AppleWebKit/601.1 (KHTML, like Gecko) CriOS/48.0.2564.104 Mobile/13D15 Safari/601.1.46"
66.249.79.220 - - [21/Feb/2016:20:17:45 -0800] "GET /resorts?resort=squawvalleyusa&date=2014-03-29 HTTP/1.1" 404 506 "-" "SAMSUNG-SGH-E250/1.0 Profile/MIDP-2.0 Configuration/CLDC-1.1 UP.Browser/6.2.3.3.c.1.101 (GUI) MMP/2.0 (compatible; Googlebot-Mobile/2.1; +http://www.google.com/bot.html)"
68.180.229.34 - - [21/Feb/2016:20:18:01 -0800] "GET /robots.txt HTTP/1.1" 200 319 "-" "Mozilla/5.0 (compatible; Yahoo! Slurp; http://help.yahoo.com/help/us/ysearch/slurp)"
68.180.229.34 - - [21/Feb/2016:20:18:01 -0800] "GET /resorts?resort=mountainhigh HTTP/1.1" 404 450 "-" "Mozilla/5.0 (compatible; Yahoo! Slurp; http://help.yahoo.com/help/us/ysearch/slurp)"
170.75.162.130 - - [21/Feb/2016:20:25:00 -0800] "GET /lib/reccapi.php?resort=sugarbowl HTTP/1.1" 200 957 "-" "node-superagent/1.4.0"
94.185.83.100 - - [21/Feb/2016:20:25:07 -0800] "GET http://testp2.czar.bielawa.pl/testproxy.php HTTP/1.1" 404 452 "-" "Mozilla/5.0 (Windows NT 5.1; rv:32.0) Gecko/20100101 Firefox/31.0"
24.18.224.132 - - [21/Feb/2016:20:29:22 -0800] "GET / HTTP/1.1" 200 2615 "-" "Mozilla/5.0 (iPad; CPU OS 9_2 like Mac OS X) AppleWebKit/601.1.46 (KHTML, like Gecko) Version/9.0 Mobile/13C75 Safari/601.1"
24.18.224.132 - - [21/Feb/2016:20:29:23 -0800] "GET /styles/ee08faa9.main.css HTTP/1.1" 200 19446 "http://whereshouldiski.com/" "Mozilla/5.0 (iPad; CPU OS 9_2 like Mac OS X) AppleWebKit/601.1.46 (KHTML, like Gecko) Version/9.0 Mobile/13C75 Safari/601.1"
180.76.15.23 - - [21/Feb/2016:20:35:29 -0800] "GET / HTTP/1.1" 200 6995 "-" "Mozilla/5.0 (compatible; Baiduspider/2.0; +http://www.baidu.com/search/spider.html)"
180.76.15.141 - - [21/Feb/2016:20:36:29 -0800] "GET / HTTP/1.1" 200 6995 "-" "Mozilla/5.0 (compatible; Baiduspider/2.0; +http://www.baidu.com/search/spider.html)"
52.33.40.213 - - [21/Feb/2016:20:38:04 -0800] "GET /lib/reccapi.php?resort=mounthoodmeadows HTTP/1.1" 200 1067 "-" "node-superagent/1.4.0"
52.33.40.213 - - [21/Feb/2016:20:39:04 -0800] "GET /lib/reccapi.php?resort=brianhead HTTP/1.1" 200 985 "-" "node-superagent/1.4.0"
170.75.162.130 - - [21/Feb/2016:20:40:52 -0800] "GET /lib/reccapi.php?resort=alta HTTP/1.1" 200 976 "-" "node-superagent/1.4.0"
70.214.40.86 - - [21/Feb/2016:20:46:05 -0800] "GET /images/wsis-logo-sm.png HTTP/1.1" 200 6108 "http://www.thebackcountry.net/" "Mozilla/5.0 (iPhone; CPU iPhone OS 9_2_1 like Mac OS X) AppleWebKit/601.1.46 (KHTML, like Gecko) Version/9.0 Mobile/13D15 Safari/601.1"
170.75.162.130 - - [21/Feb/2016:20:58:05 -0800] "GET /lib/reccapi.php?resort=redmountain HTTP/1.1" 200 910 "-" "node-superagent/1.4.0"
170.75.162.130 - - [21/Feb/2016:20:58:45 -0800] "GET /lib/reccapi.php?resort=whitefacemountain HTTP/1.1" 200 1059 "-" "node-superagent/1.4.0"
170.75.162.130 - - [21/Feb/2016:20:58:45 -0800] "GET /lib/reccapi.php?resort=whistlerblackcomb HTTP/1.1" 200 937 "-" "node-superagent/1.4.0"
170.75.162.130 - - [21/Feb/2016:20:58:45 -0800] "GET /lib/reccapi.php?resort=sunpeaksresort HTTP/1.1" 200 923 "-" "node-superagent/1.4.0"
73.220.230.216 - - [21/Feb/2016:21:02:16 -0800] "GET /images/wsis-logo-sm.png HTTP/1.1" 200 6108 "http://www.thebackcountry.net/" "Mozilla/5.0 (Macintosh; Intel Mac OS X 10_7_5) AppleWebKit/537.36 (KHTML, like Gecko) Chrome/47.0.2526.106 Safari/537.36"
52.33.40.213 - - [21/Feb/2016:21:11:55 -0800] "GET /lib/reccapi.php?resort=sunvalley HTTP/1.1" 200 1007 "-" "node-superagent/1.4.0"
52.33.40.213 - - [21/Feb/2016:21:11:55 -0800] "GET /lib/reccapi.php?resort=jacksonhole HTTP/1.1" 200 986 "-" "node-superagent/1.4.0"
52.33.40.213 - - [21/Feb/2016:21:11:55 -0800] "GET /lib/reccapi.php?resort=grandtarghee HTTP/1.1" 200 1005 "-" "node-superagent/1.4.0"
52.33.40.213 - - [21/Feb/2016:21:11:55 -0800] "GET /lib/reccapi.php?resort=taos HTTP/1.1" 200 936 "-" "node-superagent/1.4.0"
66.249.79.18 - - [21/Feb/2016:21:12:55 -0800] "GET /lib/resortDataSearch.php?resort=mountashland&dateStart=2013-01-25&dateMax=2013-02-08&size=30 HTTP/1.1" 200 331 "-" "Mozilla/5.0 (compatible; Googlebot/2.1; +http://www.google.com/bot.html)"
72.47.175.241 - - [21/Feb/2016:21:15:17 -0800] "GET /images/wsis-logo-sm.png HTTP/1.1" 200 6108 "http://thebackcountry.net/" "Mozilla/5.0 (iPhone; CPU iPhone OS 7_1_2 like Mac OS X) AppleWebKit/537.51.2 (KHTML, like Gecko) Version/7.0 Mobile/11D257 Safari/9537.53"
81.140.170.194 - - [21/Feb/2016:21:18:08 -0800] "GET /images/wsis-logo-sm.png HTTP/1.1" 200 6108 "http://www.thebackcountry.net/" "Mozilla/5.0 (Linux; U; Android 4.4.4; en-gb; GT-I9305 Build/KTU84P) AppleWebKit/534.30 (KHTML, like Gecko) Version/4.0 Mobile Safari/534.30"
52.33.40.213 - - [21/Feb/2016:21:18:55 -0800] "GET /lib/reccapi.php?resort=keystone HTTP/1.1" 200 979 "-" "node-superagent/1.4.0"
180.76.15.5 - - [21/Feb/2016:21:35:29 -0800] "GET / HTTP/1.1" 200 6995 "-" "Mozilla/5.0 (compatible; Baiduspider/2.0; +http://www.baidu.com/search/spider.html)"
180.76.15.155 - - [21/Feb/2016:21:36:28 -0800] "GET / HTTP/1.1" 200 6995 "-" "Mozilla/5.0 (compatible; Baiduspider/2.0; +http://www.baidu.com/search/spider.html)"
123.125.71.45 - - [21/Feb/2016:21:40:33 -0800] "GET / HTTP/1.1" 200 2578 "-" "Mozilla/5.0 (compatible; Baiduspider/2.0; +http://www.baidu.com/search/spider.html)"
24.205.201.166 - - [21/Feb/2016:21:43:23 -0800] "GET /images/wsis-logo-sm.png HTTP/1.1" 200 6108 "http://www.thebackcountry.net/" "Mozilla/5.0 (Macintosh; Intel Mac OS X 10_10_5) AppleWebKit/601.4.4 (KHTML, like Gecko) Version/9.0.3 Safari/601.4.4"
222.186.34.70 - - [21/Feb/2016:21:44:02 -0800] "GET /manager/html HTTP/1.1" 404 470 "-" "Mozilla/5.0 (compatible; MSIE 10.0; Windows NT 6.2; WOW64; Trident/6.0)"
170.75.162.130 - - [21/Feb/2016:21:53:13 -0800] "GET /lib/reccapi.php?resort=parkcity HTTP/1.1" 200 1015 "-" "node-superagent/1.4.0"
108.236.73.107 - - [21/Feb/2016:22:10:29 -0800] "GET /images/wsis-logo-sm.png HTTP/1.1" 200 6108 "http://www.thebackcountry.net/" "Mozilla/5.0 (Windows NT 10.0; WOW64) AppleWebKit/537.36 (KHTML, like Gecko) Chrome/48.0.2564.116 Safari/537.36"
70.211.64.53 - - [21/Feb/2016:22:22:35 -0800] "GET /images/wsis-logo-sm.png HTTP/1.1" 200 6108 "http://www.thebackcountry.net/" "Mozilla/5.0 (Linux; Android 4.4.4; XT1080 Build/SU6-7.3) AppleWebKit/537.36 (KHTML, like Gecko) Chrome/47.0.2526.83 Mobile Safari/537.36"
70.211.64.53 - - [21/Feb/2016:22:23:23 -0800] "-" 408 0 "-" "-"
70.211.64.53 - - [21/Feb/2016:22:23:23 -0800] "-" 408 0 "-" "-"
70.211.64.53 - - [21/Feb/2016:22:23:23 -0800] "-" 408 0 "-" "-"
52.33.40.213 - - [21/Feb/2016:22:27:39 -0800] "GET /lib/reccapi.php?resort=heavenly HTTP/1.1" 200 991 "-" "node-superagent/1.4.0"
52.33.40.213 - - [21/Feb/2016:22:27:49 -0800] "GET /lib/reccapi.php?resort=kirkwood HTTP/1.1" 200 979 "-" "node-superagent/1.4.0"
170.75.162.130 - - [21/Feb/2016:22:32:29 -0800] "GET /lib/reccapi.php?resort=winterpark HTTP/1.1" 200 997 "-" "node-superagent/1.4.0"
180.76.15.151 - - [21/Feb/2016:22:34:12 -0800] "GET / HTTP/1.1" 200 6995 "-" "Mozilla/5.0 (compatible; Baiduspider/2.0; +http://www.baidu.com/search/spider.html)"
76.21.60.69 - - [21/Feb/2016:22:34:37 -0800] "GET /images/wsis-logo-sm.png HTTP/1.1" 200 6108 "http://www.thebackcountry.net/" "Mozilla/5.0 (Macintosh; Intel Mac OS X 10_11_2) AppleWebKit/537.36 (KHTML, like Gecko) Chrome/48.0.2564.109 Safari/537.36"
180.76.15.142 - - [21/Feb/2016:22:35:13 -0800] "GET / HTTP/1.1" 200 6995 "-" "Mozilla/5.0 (compatible; Baiduspider/2.0; +http://www.baidu.com/search/spider.html)"
76.21.1.142 - - [21/Feb/2016:22:37:09 -0800] "GET /images/wsis-logo-sm.png HTTP/1.1" 200 6108 "http://www.thebackcountry.net/" "Mozilla/5.0 (Macintosh; Intel Mac OS X 10_11_1) AppleWebKit/537.36 (KHTML, like Gecko) Chrome/48.0.2564.109 Safari/537.36"
50.0.193.43 - - [21/Feb/2016:22:39:11 -0800] "GET /images/wsis-logo-sm.png HTTP/1.1" 200 6108 "http://www.thebackcountry.net/" "Mozilla/5.0 (Macintosh; Intel Mac OS X 10_11_3) AppleWebKit/537.36 (KHTML, like Gecko) Chrome/48.0.2564.109 Safari/537.36"
50.0.193.43 - - [21/Feb/2016:22:39:33 -0800] "-" 408 0 "-" "-"
170.75.162.130 - - [21/Feb/2016:22:40:30 -0800] "GET /lib/reccapi.php?resort=alpinemeadows HTTP/1.1" 200 974 "-" "node-superagent/1.4.0"
50.0.193.43 - - [21/Feb/2016:22:40:36 -0800] "-" 408 0 "-" "-"
50.0.193.43 - - [21/Feb/2016:22:40:36 -0800] "-" 408 0 "-" "-"
50.0.193.43 - - [21/Feb/2016:22:40:36 -0800] "-" 408 0 "-" "-"
24.32.28.88 - - [21/Feb/2016:22:56:20 -0800] "GET /images/wsis-logo-sm.png HTTP/1.1" 200 6108 "http://www.thebackcountry.net/" "Mozilla/5.0 (iPhone; CPU iPhone OS 9_2_1 like Mac OS X) AppleWebKit/601.1 (KHTML, like Gecko) CriOS/48.0.2564.104 Mobile/13D15 Safari/601.1.46"
170.75.162.130 - - [21/Feb/2016:23:02:43 -0800] "GET /lib/reccapi.php?resort=silverstarmountain HTTP/1.1" 200 935 "-" "node-superagent/1.4.0"
104.214.145.133 - - [21/Feb/2016:23:13:13 -0800] "GET /w00tw00t.at.blackhats.romanian.anti-sec:) HTTP/1.1" 404 488 "-" "ZmEu"
104.214.145.133 - - [21/Feb/2016:23:13:14 -0800] "GET /phpMyAdmin/scripts/setup.php HTTP/1.1" 404 466 "-" "ZmEu"
104.214.145.133 - - [21/Feb/2016:23:13:14 -0800] "GET /phpmyadmin/scripts/setup.php HTTP/1.1" 404 466 "-" "ZmEu"
104.214.145.133 - - [21/Feb/2016:23:13:14 -0800] "GET /pma/scripts/setup.php HTTP/1.1" 404 466 "-" "ZmEu"
104.214.145.133 - - [21/Feb/2016:23:13:15 -0800] "GET /myadmin/scripts/setup.php HTTP/1.1" 404 466 "-" "ZmEu"
104.214.145.133 - - [21/Feb/2016:23:13:15 -0800] "GET /MyAdmin/scripts/setup.php HTTP/1.1" 404 466 "-" "ZmEu"
180.76.15.23 - - [21/Feb/2016:23:32:18 -0800] "GET / HTTP/1.1" 200 6995 "-" "Mozilla/5.0 (compatible; Baiduspider/2.0; +http://www.baidu.com/search/spider.html)"
180.76.15.149 - - [21/Feb/2016:23:33:12 -0800] "GET / HTTP/1.1" 200 6995 "-" "Mozilla/5.0 (compatible; Baiduspider/2.0; +http://www.baidu.com/search/spider.html)"
76.102.3.150 - - [21/Feb/2016:23:33:54 -0800] "GET /images/wsis-logo-sm.png HTTP/1.1" 200 6108 "http://www.thebackcountry.net/" "Mozilla/5.0 (Linux; Android 6.0.1; Nexus 5X Build/MMB29Q) AppleWebKit/537.36 (KHTML, like Gecko) Chrome/48.0.2564.95 Mobile Safari/537.36"
52.33.40.213 - - [21/Feb/2016:23:34:22 -0800] "GET /lib/reccapi.php?resort=hoodoo HTTP/1.1" 200 1063 "-" "node-superagent/1.4.0"
76.102.3.150 - - [21/Feb/2016:23:35:09 -0800] "-" 408 0 "-" "-"
76.102.3.150 - - [21/Feb/2016:23:35:09 -0800] "-" 408 0 "-" "-"
76.102.3.150 - - [21/Feb/2016:23:35:09 -0800] "-" 408 0 "-" "-"
170.75.162.130 - - [21/Feb/2016:23:39:59 -0800] "GET /lib/reccapi.php?resort=crestedbutte HTTP/1.1" 200 977 "-" "node-superagent/1.4.0"
170.75.162.130 - - [21/Feb/2016:23:43:19 -0800] "GET /lib/reccapi.php?resort=alyeska HTTP/1.1" 200 996 "-" "node-superagent/1.4.0"
123.125.71.108 - - [21/Feb/2016:23:44:27 -0800] "-" 408 0 "-" "-"
38.122.189.10 - - [21/Feb/2016:23:44:57 -0800] "GET /set_prov.htm HTTP/1.1" 404 526 "-" "Mozilla/5.0 (Windows; U; Windows NT 6.0; en-US; rv:1.9.0.6) Gecko/2009011913 Firefox/3.0.6"
52.33.40.213 - - [21/Feb/2016:23:48:02 -0800] "GET /lib/reccapi.php?resort=49degreesnorth HTTP/1.1" 200 1051 "-" "node-superagent/1.4.0"
52.33.40.213 - - [21/Feb/2016:23:51:42 -0800] "GET /lib/reccapi.php?resort=bigwhite HTTP/1.1" 200 924 "-" "node-superagent/1.4.0"
52.33.40.213 - - [21/Feb/2016:23:53:03 -0800] "GET /lib/reccapi.php?resort=diamondpeak HTTP/1.1" 200 938 "-" "node-superagent/1.4.0"
52.33.40.213 - - [21/Feb/2016:23:53:03 -0800] "GET /lib/reccapi.php?resort=crestedbutte HTTP/1.1" 200 977 "-" "node-superagent/1.4.0"
52.33.40.213 - - [21/Feb/2016:23:53:03 -0800] "GET /lib/reccapi.php?resort=devilshead HTTP/1.1" 200 975 "-" "node-superagent/1.4.0"
52.33.40.213 - - [21/Feb/2016:23:53:43 -0800] "GET /lib/reccapi.php?resort=sugarbowl HTTP/1.1" 200 957 "-" "node-superagent/1.4.0"
52.33.40.213 - - [21/Feb/2016:23:54:13 -0800] "GET /lib/reccapi.php?resort=sunpeaksresort HTTP/1.1" 200 923 "-" "node-superagent/1.4.0"
52.33.40.213 - - [21/Feb/2016:23:54:33 -0800] "GET /lib/reccapi.php?resort=redmountain HTTP/1.1" 200 910 "-" "node-superagent/1.4.0"
52.33.40.213 - - [21/Feb/2016:23:54:33 -0800] "GET /lib/reccapi.php?resort=mountainhigh HTTP/1.1" 200 984 "-" "node-superagent/1.4.0"
52.33.40.213 - - [21/Feb/2016:23:54:33 -0800] "GET /lib/reccapi.php?resort=loveland HTTP/1.1" 200 1059 "-" "node-superagent/1.4.0"
52.33.40.213 - - [21/Feb/2016:23:55:13 -0800] "GET /lib/reccapi.php?resort=wildcatmountain HTTP/1.1" 200 1023 "-" "node-superagent/1.4.0"
52.33.40.213 - - [21/Feb/2016:23:55:13 -0800] "GET /lib/reccapi.php?resort=sierra-at-tahoe HTTP/1.1" 200 963 "-" "node-superagent/1.4.0"
52.33.40.213 - - [21/Feb/2016:23:55:43 -0800] "GET /lib/reccapi.php?resort=snowbasin HTTP/1.1" 200 979 "-" "node-superagent/1.4.0"
52.33.40.213 - - [21/Feb/2016:23:55:43 -0800] "GET /lib/reccapi.php?resort=silverstarmountain HTTP/1.1" 200 935 "-" "node-superagent/1.4.0"
68.180.229.34 - - [22/Feb/2016:00:00:46 -0800] "GET /about HTTP/1.1" 404 450 "-" "Mozilla/5.0 (compatible; Yahoo! Slurp; http://help.yahoo.com/help/us/ysearch/slurp)"
54.164.104.125 - - [22/Feb/2016:00:06:38 -0800] "GET /robots.txt HTTP/1.1" 200 375 "-" ""
54.164.104.125 - - [22/Feb/2016:00:07:00 -0800] "GET / HTTP/1.0" 200 6995 "-" "ltx71 - (http://ltx71.com/)"
170.75.162.130 - - [22/Feb/2016:00:07:43 -0800] "GET /lib/reccapi.php?resort=loveland HTTP/1.1" 200 1080 "-" "node-superagent/1.4.0"
170.75.162.130 - - [22/Feb/2016:00:07:43 -0800] "GET /lib/reccapi.php?resort=schweitzer HTTP/1.1" 200 1053 "-" "node-superagent/1.4.0"
170.75.162.130 - - [22/Feb/2016:00:09:03 -0800] "GET /lib/reccapi.php?resort=arapahoebasin HTTP/1.1" 200 1105 "-" "node-superagent/1.4.0"
170.75.162.130 - - [22/Feb/2016:00:09:03 -0800] "GET /lib/reccapi.php?resort=heavenly HTTP/1.1" 200 985 "-" "node-superagent/1.4.0"
170.75.162.130 - - [22/Feb/2016:00:09:03 -0800] "GET /lib/reccapi.php?resort=keystone HTTP/1.1" 200 1066 "-" "node-superagent/1.4.0"
170.75.162.130 - - [22/Feb/2016:00:09:03 -0800] "GET /lib/reccapi.php?resort=kirkwood HTTP/1.1" 200 975 "-" "node-superagent/1.4.0"
170.75.162.130 - - [22/Feb/2016:00:09:03 -0800] "GET /lib/reccapi.php?resort=northstar-at-tahoe HTTP/1.1" 200 953 "-" "node-superagent/1.4.0"
52.33.40.213 - - [22/Feb/2016:00:14:04 -0800] "GET /lib/reccapi.php?resort=coppermountain HTTP/1.1" 200 1068 "-" "node-superagent/1.4.0"
170.75.162.130 - - [22/Feb/2016:00:24:56 -0800] "GET /lib/reccapi.php?resort=buttermilk HTTP/1.1" 200 1067 "-" "node-superagent/1.4.0"
180.76.15.135 - - [22/Feb/2016:00:30:57 -0800] "GET / HTTP/1.1" 200 6995 "-" "Mozilla/5.0 (compatible; Baiduspider/2.0; +http://www.baidu.com/search/spider.html)"
180.76.15.24 - - [22/Feb/2016:00:31:47 -0800] "GET / HTTP/1.1" 200 6995 "-" "Mozilla/5.0 (compatible; Baiduspider/2.0; +http://www.baidu.com/search/spider.html)"
52.33.40.213 - - [22/Feb/2016:00:40:25 -0800] "GET /lib/reccapi.php?resort=aspenmountain HTTP/1.1" 200 1078 "-" "node-superagent/1.4.0"
52.33.40.213 - - [22/Feb/2016:00:40:25 -0800] "GET /lib/reccapi.php?resort=mammothmountain HTTP/1.1" 200 997 "-" "node-superagent/1.4.0"
170.75.162.130 - - [22/Feb/2016:00:44:18 -0800] "GET /lib/reccapi.php?resort=devilshead HTTP/1.1" 200 985 "-" "node-superagent/1.4.0"
36.7.67.195 - - [22/Feb/2016:00:47:20 -0800] "GET /images/wsis-logo-sm.png HTTP/1.1" 200 6108 "http://www.thebackcountry.net/" "Mozilla/5.0 (Windows NT 6.1; Trident/7.0; rv:11.0) like Gecko"
170.75.162.130 - - [22/Feb/2016:00:49:09 -0800] "GET /lib/reccapi.php?resort=steamboat HTTP/1.1" 200 1019 "-" "node-superagent/1.4.0"
170.75.162.130 - - [22/Feb/2016:00:59:41 -0800] "GET /lib/reccapi.php?resort=chinapeak HTTP/1.1" 200 1010 "-" "node-superagent/1.4.0"
170.75.162.130 - - [22/Feb/2016:00:59:41 -0800] "GET /lib/reccapi.php?resort=homewoodmountain HTTP/1.1" 200 994 "-" "node-superagent/1.4.0"
170.75.162.130 - - [22/Feb/2016:00:59:41 -0800] "GET /lib/reccapi.php?resort=mammothmountain HTTP/1.1" 200 997 "-" "node-superagent/1.4.0"
170.75.162.130 - - [22/Feb/2016:00:59:41 -0800] "GET /lib/reccapi.php?resort=mountainhigh HTTP/1.1" 200 994 "-" "node-superagent/1.4.0"
170.75.162.130 - - [22/Feb/2016:00:59:41 -0800] "GET /lib/reccapi.php?resort=sierra-at-tahoe HTTP/1.1" 200 970 "-" "node-superagent/1.4.0"
170.75.162.130 - - [22/Feb/2016:00:59:42 -0800] "GET /lib/reccapi.php?resort=squawvalleyusa HTTP/1.1" 200 971 "-" "node-superagent/1.4.0"
170.75.162.130 - - [22/Feb/2016:00:59:42 -0800] "GET /lib/reccapi.php?resort=sugarbowl HTTP/1.1" 200 956 "-" "node-superagent/1.4.0"
70.211.71.211 - - [22/Feb/2016:01:02:37 -0800] "GET /images/wsis-logo-sm.png HTTP/1.1" 200 6108 "http://www.thebackcountry.net/" "Mozilla/5.0 (Linux; Android 5.0; SM-G900V Build/LRX21T) AppleWebKit/537.36 (KHTML, like Gecko) Chrome/48.0.2564.95 Mobile Safari/537.36"
157.55.39.135 - - [22/Feb/2016:01:26:44 -0800] "GET / HTTP/1.1" 200 2615 "-" "Mozilla/5.0 (compatible; bingbot/2.0; +http://www.bing.com/bingbot.htm)"
180.76.15.159 - - [22/Feb/2016:01:32:58 -0800] "GET / HTTP/1.1" 200 6995 "-" "Mozilla/5.0 (compatible; Baiduspider/2.0; +http://www.baidu.com/search/spider.html)"
180.76.15.146 - - [22/Feb/2016:01:33:51 -0800] "GET / HTTP/1.1" 200 6995 "-" "Mozilla/5.0 (compatible; Baiduspider/2.0; +http://www.baidu.com/search/spider.html)"
66.249.79.234 - - [22/Feb/2016:02:03:47 -0800] "GET /robots.txt HTTP/1.1" 200 419 "-" "Mozilla/5.0 (compatible; Googlebot/2.1; +http://www.google.com/bot.html)"
66.249.79.220 - - [22/Feb/2016:02:03:47 -0800] "GET /images/wsis-logo-sm.png HTTP/1.1" 304 187 "-" "Googlebot-Image/1.0"
66.249.79.227 - - [22/Feb/2016:02:04:22 -0800] "GET /images/shading.png HTTP/1.1" 304 186 "-" "Googlebot-Image/1.0"
66.249.79.220 - - [22/Feb/2016:02:04:24 -0800] "GET /images/logo-square-white-sm.png HTTP/1.1" 304 186 "-" "Googlebot-Image/1.0"
66.249.79.234 - - [22/Feb/2016:02:11:06 -0800] "GET /favicon.ico HTTP/1.1" 304 187 "-" "Googlebot-Image/1.0"
170.75.162.130 - - [22/Feb/2016:02:15:23 -0800] "GET /lib/reccapi.php?resort=crystalmountain HTTP/1.1" 200 1089 "-" "node-superagent/1.4.0"
170.75.162.130 - - [22/Feb/2016:02:25:05 -0800] "GET /lib/reccapi.php?resort=alta HTTP/1.1" 200 1010 "-" "node-superagent/1.4.0"
170.75.162.130 - - [22/Feb/2016:02:25:05 -0800] "GET /lib/reccapi.php?resort=killington HTTP/1.1" 200 978 "-" "node-superagent/1.4.0"
170.75.162.130 - - [22/Feb/2016:02:25:05 -0800] "GET /lib/reccapi.php?resort=sugarloaf HTTP/1.1" 200 975 "-" "node-superagent/1.4.0"
170.75.162.130 - - [22/Feb/2016:02:28:06 -0800] "GET /lib/reccapi.php?resort=angelfire HTTP/1.1" 200 1022 "-" "node-superagent/1.4.0"
170.75.162.130 - - [22/Feb/2016:02:28:26 -0800] "GET /lib/reccapi.php?resort=smugglersnotch HTTP/1.1" 200 981 "-" "node-superagent/1.4.0"
180.76.15.149 - - [22/Feb/2016:02:31:30 -0800] "GET / HTTP/1.1" 200 6995 "-" "Mozilla/5.0 (compatible; Baiduspider/2.0; +http://www.baidu.com/search/spider.html)"
180.76.15.15 - - [22/Feb/2016:02:32:23 -0800] "GET / HTTP/1.1" 200 6995 "-" "Mozilla/5.0 (compatible; Baiduspider/2.0; +http://www.baidu.com/search/spider.html)"
170.75.162.130 - - [22/Feb/2016:02:35:24 -0800] "GET /lib/reccapi.php?resort=diamondpeak HTTP/1.1" 200 950 "-" "node-superagent/1.4.0"
170.75.162.130 - - [22/Feb/2016:02:35:44 -0800] "GET /lib/reccapi.php?resort=bigsky HTTP/1.1" 200 1058 "-" "node-superagent/1.4.0"
208.100.26.230 - - [22/Feb/2016:02:46:43 -0800] "GET / HTTP/1.0" 200 6995 "-" "-"
208.100.26.230 - - [22/Feb/2016:02:48:17 -0800] "HEAD / HTTP/1.1" 200 310 "-" "Mozilla/5.0 (compatible; Nmap Scripting Engine; http://nmap.org/book/nse.html)"
50.161.62.21 - - [22/Feb/2016:02:54:22 -0800] "GET /images/wsis-logo-sm.png HTTP/1.1" 200 6108 "http://www.thebackcountry.net/" "Mozilla/5.0 (iPhone; CPU iPhone OS 9_2_1 like Mac OS X) AppleWebKit/601.1.46 (KHTML, like Gecko) Version/9.0 Mobile/13D15 Safari/601.1"
52.33.40.213 - - [22/Feb/2016:02:55:51 -0800] "GET /lib/reccapi.php?resort=mountbachelor HTTP/1.1" 200 988 "-" "node-superagent/1.4.0"
52.33.40.213 - - [22/Feb/2016:02:55:51 -0800] "GET /lib/reccapi.php?resort=mountspokane HTTP/1.1" 200 1026 "-" "node-superagent/1.4.0"
52.33.40.213 - - [22/Feb/2016:02:57:01 -0800] "GET /lib/reccapi.php?resort=schweitzer HTTP/1.1" 200 1053 "-" "node-superagent/1.4.0"
52.33.40.213 - - [22/Feb/2016:02:57:11 -0800] "GET /lib/reccapi.php?resort=stevenspass HTTP/1.1" 200 1051 "-" "node-superagent/1.4.0"
170.75.162.130 - - [22/Feb/2016:03:00:57 -0800] "GET /lib/reccapi.php?resort=brianhead HTTP/1.1" 200 1048 "-" "node-superagent/1.4.0"
170.75.162.130 - - [22/Feb/2016:03:03:28 -0800] "GET /lib/reccapi.php?resort=coppermountain HTTP/1.1" 200 1068 "-" "node-superagent/1.4.0"
66.249.79.227 - - [22/Feb/2016:03:11:56 -0800] "GET / HTTP/1.1" 200 2615 "-" "Mozilla/5.0 (compatible; Googlebot/2.1; +http://www.google.com/bot.html)"
66.249.79.227 - - [22/Feb/2016:03:12:32 -0800] "GET /lib/reccapi.php?fields=t HTTP/1.1" 200 1703 "http://whereshouldiski.com/" "Mozilla/5.0 (compatible; Googlebot/2.1; +http://www.google.com/bot.html)"
170.75.162.130 - - [22/Feb/2016:03:21:20 -0800] "GET /lib/reccapi.php?resort=silverstarmountain HTTP/1.1" 200 936 "-" "node-superagent/1.4.0"
180.76.15.153 - - [22/Feb/2016:03:33:11 -0800] "GET / HTTP/1.1" 200 6995 "-" "Mozilla/5.0 (compatible; Baiduspider/2.0; +http://www.baidu.com/search/spider.html)"
66.249.74.56 - - [22/Feb/2016:03:33:36 -0800] "GET /robots.txt HTTP/1.1" 200 419 "-" "Mozilla/5.0 (compatible; Googlebot/2.1; +http://www.google.com/bot.html)"
66.249.74.54 - - [22/Feb/2016:03:33:36 -0800] "GET / HTTP/1.1" 200 2615 "-" "Mozilla/5.0 (compatible; Googlebot/2.1; +http://www.google.com/bot.html)"
66.249.74.56 - - [22/Feb/2016:03:33:51 -0800] "GET /styles/ee08faa9.main.css HTTP/1.1" 200 19447 "-" "Mozilla/5.0 (compatible; Googlebot/2.1; +http://www.google.com/bot.html)"
180.76.15.26 - - [22/Feb/2016:03:34:06 -0800] "GET / HTTP/1.1" 200 6995 "-" "Mozilla/5.0 (compatible; Baiduspider/2.0; +http://www.baidu.com/search/spider.html)"
157.55.39.128 - - [22/Feb/2016:03:34:13 -0800] "GET /legal.aspx HTTP/1.1" 404 507 "-" "Mozilla/5.0 (compatible; bingbot/2.0; +http://www.bing.com/bingbot.htm)"
79.181.115.176 - - [22/Feb/2016:03:39:03 -0800] "GET / HTTP/1.1" 200 2615 "-" "Experibot_v1 [goo.gl/n6zrAf]"
52.33.40.213 - - [22/Feb/2016:03:42:33 -0800] "GET /lib/reccapi.php?resort=whistlerblackcomb HTTP/1.1" 200 936 "-" "node-superagent/1.4.0"
52.33.40.213 - - [22/Feb/2016:03:46:43 -0800] "GET /lib/reccapi.php?resort=killington HTTP/1.1" 200 978 "-" "node-superagent/1.4.0"
52.33.40.213 - - [22/Feb/2016:03:46:43 -0800] "GET /lib/reccapi.php?resort=madriverglen HTTP/1.1" 200 982 "-" "node-superagent/1.4.0"
52.33.40.213 - - [22/Feb/2016:03:46:43 -0800] "GET /lib/reccapi.php?resort=cannonmountain HTTP/1.1" 200 990 "-" "node-superagent/1.4.0"
52.33.40.213 - - [22/Feb/2016:03:46:43 -0800] "GET /lib/reccapi.php?resort=stowe HTTP/1.1" 200 964 "-" "node-superagent/1.4.0"
52.33.40.213 - - [22/Feb/2016:03:46:43 -0800] "GET /lib/reccapi.php?resort=sundayriver HTTP/1.1" 200 979 "-" "node-superagent/1.4.0"
52.33.40.213 - - [22/Feb/2016:03:46:43 -0800] "GET /lib/reccapi.php?resort=sugarloaf HTTP/1.1" 200 975 "-" "node-superagent/1.4.0"
52.33.40.213 - - [22/Feb/2016:03:46:43 -0800] "GET /lib/reccapi.php?resort=sugarbush HTTP/1.1" 200 981 "-" "node-superagent/1.4.0"
52.33.40.213 - - [22/Feb/2016:03:46:44 -0800] "GET /lib/reccapi.php?resort=winterpark HTTP/1.1" 200 1069 "-" "node-superagent/1.4.0"
52.33.40.213 - - [22/Feb/2016:03:52:54 -0800] "GET /lib/reccapi.php?resort=arapahoebasin HTTP/1.1" 200 1105 "-" "node-superagent/1.4.0"
52.33.40.213 - - [22/Feb/2016:03:53:14 -0800] "GET /lib/reccapi.php?resort=angelfire HTTP/1.1" 200 1022 "-" "node-superagent/1.4.0"
52.33.40.213 - - [22/Feb/2016:03:53:54 -0800] "GET /lib/reccapi.php?resort=crystalmountain HTTP/1.1" 200 1089 "-" "node-superagent/1.4.0"
52.33.40.213 - - [22/Feb/2016:03:54:14 -0800] "GET /lib/reccapi.php?resort=monarch HTTP/1.1" 200 1060 "-" "node-superagent/1.4.0"
170.75.162.130 - - [22/Feb/2016:03:56:45 -0800] "GET /lib/reccapi.php?resort=hoodoo HTTP/1.1" 200 965 "-" "node-superagent/1.4.0"
52.33.40.213 - - [22/Feb/2016:03:59:14 -0800] "GET /lib/reccapi.php?resort=alyeska HTTP/1.1" 200 1009 "-" "node-superagent/1.4.0"
205.234.157.111 - - [22/Feb/2016:03:59:54 -0800] "GET /images/wsis-logo-sm.png HTTP/1.1" 200 6108 "http://www.thebackcountry.net/" "Mozilla/5.0 (X11; Ubuntu; Linux i686; rv:43.0) Gecko/20100101 Firefox/43.0"
170.75.162.130 - - [22/Feb/2016:04:02:25 -0800] "GET /lib/reccapi.php?resort=mtrose HTTP/1.1" 200 960 "-" "node-superagent/1.4.0"
66.249.79.15 - - [22/Feb/2016:04:10:33 -0800] "GET / HTTP/1.1" 200 2615 "-" "Mozilla/5.0 (compatible; Googlebot/2.1; +http://www.google.com/bot.html)"
66.249.79.15 - - [22/Feb/2016:04:10:52 -0800] "GET /bower_components/requirejs/require.js HTTP/1.1" 200 6702 "-" "Mozilla/5.0 (compatible; Googlebot/2.1; +http://www.google.com/bot.html)"
66.249.79.18 - - [22/Feb/2016:04:10:52 -0800] "GET /scripts/scripts/vendor/modernizr.js HTTP/1.1" 200 4903 "-" "Mozilla/5.0 (compatible; Googlebot/2.1; +http://www.google.com/bot.html)"
66.249.79.15 - - [22/Feb/2016:04:10:59 -0800] "GET /scripts/fa48e319.main.js HTTP/1.1" 200 123456 "-" "Mozilla/5.0 (compatible; Googlebot/2.1; +http://www.google.com/bot.html)"
66.249.79.15 - - [22/Feb/2016:04:11:06 -0800] "GET /styles/ee08faa9.main.css HTTP/1.1" 200 19447 "-" "Mozilla/5.0 (compatible; Googlebot/2.1; +http://www.google.com/bot.html)"
66.249.79.220 - - [22/Feb/2016:04:11:13 -0800] "GET /images/logo-sm.png HTTP/1.1" 304 187 "-" "Googlebot-Image/1.0"
66.249.79.234 - - [22/Feb/2016:04:13:22 -0800] "GET /resorts?resort=stevenspass&date=2014-01-21 HTTP/1.1" 404 506 "-" "DoCoMo/2.0 N905i(c100;TB;W24H16) (compatible; Googlebot-Mobile/2.1; +http://www.google.com/bot.html)"
159.203.75.194 - - [22/Feb/2016:04:15:43 -0800] "GET / HTTP/1.1" 200 6976 "-" "Mozilla/5.0 (Macintosh; Intel Mac OS X 10.10; rv:43.0) Gecko/20100101 Firefox/43.0"
170.75.162.130 - - [22/Feb/2016:04:18:07 -0800] "GET /lib/reccapi.php?resort=bigwhite HTTP/1.1" 200 923 "-" "node-superagent/1.4.0"
170.75.162.130 - - [22/Feb/2016:04:28:49 -0800] "GET /lib/reccapi.php?resort=redmountain HTTP/1.1" 200 916 "-" "node-superagent/1.4.0"
170.75.162.130 - - [22/Feb/2016:04:29:29 -0800] "GET /lib/reccapi.php?resort=arapahoebasin HTTP/1.1" 200 1105 "-" "node-superagent/1.4.0"
170.75.162.130 - - [22/Feb/2016:04:29:29 -0800] "GET /lib/reccapi.php?resort=aspenheights HTTP/1.1" 200 1062 "-" "node-superagent/1.4.0"
170.75.162.130 - - [22/Feb/2016:04:29:29 -0800] "GET /lib/reccapi.php?resort=aspenmountain HTTP/1.1" 200 1078 "-" "node-superagent/1.4.0"
170.75.162.130 - - [22/Feb/2016:04:29:29 -0800] "GET /lib/reccapi.php?resort=buttermilk HTTP/1.1" 200 1067 "-" "node-superagent/1.4.0"
170.75.162.130 - - [22/Feb/2016:04:29:29 -0800] "GET /lib/reccapi.php?resort=crestedbutte HTTP/1.1" 200 1043 "-" "node-superagent/1.4.0"
170.75.162.130 - - [22/Feb/2016:04:29:29 -0800] "GET /lib/reccapi.php?resort=keystone HTTP/1.1" 200 1066 "-" "node-superagent/1.4.0"
170.75.162.130 - - [22/Feb/2016:04:29:29 -0800] "GET /lib/reccapi.php?resort=monarch HTTP/1.1" 200 1060 "-" "node-superagent/1.4.0"
170.75.162.130 - - [22/Feb/2016:04:29:29 -0800] "GET /lib/reccapi.php?resort=loveland HTTP/1.1" 200 1080 "-" "node-superagent/1.4.0"
170.75.162.130 - - [22/Feb/2016:04:29:29 -0800] "GET /lib/reccapi.php?resort=snowmass HTTP/1.1" 200 1006 "-" "node-superagent/1.4.0"
170.75.162.130 - - [22/Feb/2016:04:29:29 -0800] "GET /lib/reccapi.php?resort=telluride HTTP/1.1" 200 1061 "-" "node-superagent/1.4.0"
170.75.162.130 - - [22/Feb/2016:04:29:30 -0800] "GET /lib/reccapi.php?resort=winterpark HTTP/1.1" 200 1069 "-" "node-superagent/1.4.0"
180.76.15.19 - - [22/Feb/2016:04:34:26 -0800] "GET /resorts?resort=smugglersnotch HTTP/1.1" 404 469 "-" "Mozilla/5.0 (compatible; Baiduspider/2.0; +http://www.baidu.com/search/spider.html)"
180.76.15.153 - - [22/Feb/2016:04:35:27 -0800] "GET / HTTP/1.1" 200 6995 "-" "Mozilla/5.0 (compatible; Baiduspider/2.0; +http://www.baidu.com/search/spider.html)"
180.76.15.24 - - [22/Feb/2016:04:36:28 -0800] "GET / HTTP/1.1" 200 6995 "-" "Mozilla/5.0 (compatible; Baiduspider/2.0; +http://www.baidu.com/search/spider.html)"
52.33.40.213 - - [22/Feb/2016:04:52:46 -0800] "GET /lib/reccapi.php?resort=buttermilk HTTP/1.1" 200 1067 "-" "node-superagent/1.4.0"
52.33.40.213 - - [22/Feb/2016:04:53:16 -0800] "GET /lib/reccapi.php?resort=snowmass HTTP/1.1" 200 1006 "-" "node-superagent/1.4.0"
170.75.162.130 - - [22/Feb/2016:05:01:23 -0800] "GET /lib/reccapi.php?resort=mountspokane HTTP/1.1" 200 1026 "-" "node-superagent/1.4.0"
170.75.162.130 - - [22/Feb/2016:05:02:33 -0800] "GET /lib/reccapi.php?resort=mountbachelor HTTP/1.1" 200 988 "-" "node-superagent/1.4.0"
170.75.162.130 - - [22/Feb/2016:05:03:33 -0800] "GET /lib/reccapi.php?resort=mammothmountain HTTP/1.1" 200 997 "-" "node-superagent/1.4.0"
170.75.162.130 - - [22/Feb/2016:05:03:43 -0800] "GET /lib/reccapi.php?resort=mounthoodmeadows HTTP/1.1" 200 1038 "-" "node-superagent/1.4.0"
52.33.40.213 - - [22/Feb/2016:05:20:18 -0800] "GET /lib/reccapi.php?resort=chinapeak HTTP/1.1" 200 958 "-" "node-superagent/1.4.0"
52.33.40.213 - - [22/Feb/2016:05:20:38 -0800] "GET /lib/reccapi.php?resort=mtrose HTTP/1.1" 200 960 "-" "node-superagent/1.4.0"
52.33.40.213 - - [22/Feb/2016:05:21:38 -0800] "GET /lib/reccapi.php?resort=homewoodmountain HTTP/1.1" 200 990 "-" "node-superagent/1.4.0"
170.75.162.130 - - [22/Feb/2016:05:21:56 -0800] "GET /lib/reccapi.php?resort=brighton HTTP/1.1" 200 1092 "-" "node-superagent/1.4.0"
170.75.162.130 - - [22/Feb/2016:05:21:56 -0800] "GET /lib/reccapi.php?resort=deervalley HTTP/1.1" 200 1094 "-" "node-superagent/1.4.0"
170.75.162.130 - - [22/Feb/2016:05:21:56 -0800] "GET /lib/reccapi.php?resort=cannonmountain HTTP/1.1" 200 988 "-" "node-superagent/1.4.0"
170.75.162.130 - - [22/Feb/2016:05:21:56 -0800] "GET /lib/reccapi.php?resort=49degreesnorth HTTP/1.1" 200 1006 "-" "node-superagent/1.4.0"
170.75.162.130 - - [22/Feb/2016:05:22:56 -0800] "GET /lib/reccapi.php?resort=jacksonhole HTTP/1.1" 200 1111 "-" "node-superagent/1.4.0"
170.75.162.130 - - [22/Feb/2016:05:22:56 -0800] "GET /lib/reccapi.php?resort=grandtarghee HTTP/1.1" 200 1124 "-" "node-superagent/1.4.0"
170.75.162.130 - - [22/Feb/2016:05:22:56 -0800] "GET /lib/reccapi.php?resort=jaypeak HTTP/1.1" 200 994 "-" "node-superagent/1.4.0"
170.75.162.130 - - [22/Feb/2016:05:22:56 -0800] "GET /lib/reccapi.php?resort=snowbird HTTP/1.1" 200 1060 "-" "node-superagent/1.4.0"
170.75.162.130 - - [22/Feb/2016:05:22:56 -0800] "GET /lib/reccapi.php?resort=stowe HTTP/1.1" 200 963 "-" "node-superagent/1.4.0"
170.75.162.130 - - [22/Feb/2016:05:22:56 -0800] "GET /lib/reccapi.php?resort=wildcatmountain HTTP/1.1" 200 991 "-" "node-superagent/1.4.0"
170.75.162.130 - - [22/Feb/2016:05:23:16 -0800] "GET /lib/reccapi.php?resort=stevenspass HTTP/1.1" 200 1055 "-" "node-superagent/1.4.0"
170.75.162.130 - - [22/Feb/2016:05:23:36 -0800] "GET /lib/reccapi.php?resort=solitude HTTP/1.1" 200 1048 "-" "node-superagent/1.4.0"
170.75.162.130 - - [22/Feb/2016:05:23:37 -0800] "GET /lib/reccapi.php?resort=snowbasin HTTP/1.1" 200 1060 "-" "node-superagent/1.4.0"
107.191.1.189 - - [22/Feb/2016:05:27:03 -0800] "GET / HTTP/1.1" 200 2615 "http://www.earnyourturns.com/category/gear/skis/waxless-metal-edged/" "Mozilla/5.0 (iPad; CPU OS 9_2_1 like Mac OS X) AppleWebKit/601.1.46 (KHTML, like Gecko) Version/9.0 Mobile/13D15 Safari/601.1"
107.191.1.189 - - [22/Feb/2016:05:27:04 -0800] "GET /styles/ee08faa9.main.css HTTP/1.1" 200 19446 "http://whereshouldiski.com/" "Mozilla/5.0 (iPad; CPU OS 9_2_1 like Mac OS X) AppleWebKit/601.1.46 (KHTML, like Gecko) Version/9.0 Mobile/13D15 Safari/601.1"
107.191.1.189 - - [22/Feb/2016:05:27:04 -0800] "GET /images/logo-square-white-sm.png HTTP/1.1" 200 1684 "http://whereshouldiski.com/" "Mozilla/5.0 (iPad; CPU OS 9_2_1 like Mac OS X) AppleWebKit/601.1.46 (KHTML, like Gecko) Version/9.0 Mobile/13D15 Safari/601.1"
107.191.1.189 - - [22/Feb/2016:05:27:04 -0800] "GET /images/loading.gif HTTP/1.1" 200 13882 "http://whereshouldiski.com/" "Mozilla/5.0 (iPad; CPU OS 9_2_1 like Mac OS X) AppleWebKit/601.1.46 (KHTML, like Gecko) Version/9.0 Mobile/13D15 Safari/601.1"
107.191.1.189 - - [22/Feb/2016:05:27:04 -0800] "GET /scripts/scripts/vendor/modernizr.js HTTP/1.1" 200 4903 "http://whereshouldiski.com/" "Mozilla/5.0 (iPad; CPU OS 9_2_1 like Mac OS X) AppleWebKit/601.1.46 (KHTML, like Gecko) Version/9.0 Mobile/13D15 Safari/601.1"
107.191.1.189 - - [22/Feb/2016:05:27:04 -0800] "GET /bower_components/requirejs/require.js HTTP/1.1" 200 6702 "http://whereshouldiski.com/" "Mozilla/5.0 (iPad; CPU OS 9_2_1 like Mac OS X) AppleWebKit/601.1.46 (KHTML, like Gecko) Version/9.0 Mobile/13D15 Safari/601.1"
107.191.1.189 - - [22/Feb/2016:05:27:04 -0800] "GET /scripts/fa48e319.main.js HTTP/1.1" 200 123455 "http://whereshouldiski.com/" "Mozilla/5.0 (iPad; CPU OS 9_2_1 like Mac OS X) AppleWebKit/601.1.46 (KHTML, like Gecko) Version/9.0 Mobile/13D15 Safari/601.1"
107.191.1.189 - - [22/Feb/2016:05:27:06 -0800] "GET /lib/reccapi.php?fields=t HTTP/1.1" 200 1860 "http://whereshouldiski.com/" "Mozilla/5.0 (iPad; CPU OS 9_2_1 like Mac OS X) AppleWebKit/601.1.46 (KHTML, like Gecko) Version/9.0 Mobile/13D15 Safari/601.1"
107.191.1.189 - - [22/Feb/2016:05:27:06 -0800] "GET /images/button.png HTTP/1.1" 200 598 "http://whereshouldiski.com/" "Mozilla/5.0 (iPad; CPU OS 9_2_1 like Mac OS X) AppleWebKit/601.1.46 (KHTML, like Gecko) Version/9.0 Mobile/13D15 Safari/601.1"
107.191.1.189 - - [22/Feb/2016:05:27:06 -0800] "GET /images/greyHeader.png HTTP/1.1" 200 508 "http://whereshouldiski.com/" "Mozilla/5.0 (iPad; CPU OS 9_2_1 like Mac OS X) AppleWebKit/601.1.46 (KHTML, like Gecko) Version/9.0 Mobile/13D15 Safari/601.1"
107.191.1.189 - - [22/Feb/2016:05:27:06 -0800] "GET /images/snowflake5.png HTTP/1.1" 200 2857 "http://whereshouldiski.com/" "Mozilla/5.0 (iPad; CPU OS 9_2_1 like Mac OS X) AppleWebKit/601.1.46 (KHTML, like Gecko) Version/9.0 Mobile/13D15 Safari/601.1"
107.191.1.189 - - [22/Feb/2016:05:27:06 -0800] "GET /images/star5.png HTTP/1.1" 200 1783 "http://whereshouldiski.com/" "Mozilla/5.0 (iPad; CPU OS 9_2_1 like Mac OS X) AppleWebKit/601.1.46 (KHTML, like Gecko) Version/9.0 Mobile/13D15 Safari/601.1"
107.191.1.189 - - [22/Feb/2016:05:27:06 -0800] "GET /images/bluebird5.png HTTP/1.1" 200 2177 "http://whereshouldiski.com/" "Mozilla/5.0 (iPad; CPU OS 9_2_1 like Mac OS X) AppleWebKit/601.1.46 (KHTML, like Gecko) Version/9.0 Mobile/13D15 Safari/601.1"
107.191.1.189 - - [22/Feb/2016:05:27:06 -0800] "GET /images/mtns-icon.png HTTP/1.1" 200 1096 "http://whereshouldiski.com/" "Mozilla/5.0 (iPad; CPU OS 9_2_1 like Mac OS X) AppleWebKit/601.1.46 (KHTML, like Gecko) Version/9.0 Mobile/13D15 Safari/601.1"
107.191.1.189 - - [22/Feb/2016:05:27:06 -0800] "GET /images/shading-icon.png HTTP/1.1" 200 536 "http://whereshouldiski.com/" "Mozilla/5.0 (iPad; CPU OS 9_2_1 like Mac OS X) AppleWebKit/601.1.46 (KHTML, like Gecko) Version/9.0 Mobile/13D15 Safari/601.1"
180.76.15.20 - - [22/Feb/2016:05:31:26 -0800] "GET / HTTP/1.1" 200 6995 "-" "Mozilla/5.0 (compatible; Baiduspider/2.0; +http://www.baidu.com/search/spider.html)"
180.76.15.33 - - [22/Feb/2016:05:32:19 -0800] "GET / HTTP/1.1" 200 6995 "-" "Mozilla/5.0 (compatible; Baiduspider/2.0; +http://www.baidu.com/search/spider.html)"
52.33.40.213 - - [22/Feb/2016:05:45:39 -0800] "GET /lib/reccapi.php?resort=redlodge HTTP/1.1" 200 1080 "-" "node-superagent/1.4.0"
108.30.233.226 - - [22/Feb/2016:05:47:55 -0800] "GET /images/wsis-logo-sm.png HTTP/1.1" 200 6108 "http://www.thebackcountry.net/" "Mozilla/5.0 (iPad; CPU OS 8_3 like Mac OS X) AppleWebKit/600.1.4 (KHTML, like Gecko) Version/8.0 Mobile/12F69 Safari/600.1.4"
52.33.40.213 - - [22/Feb/2016:06:14:30 -0800] "GET /lib/reccapi.php?resort=snowbird HTTP/1.1" 200 1060 "-" "node-superagent/1.4.0"
66.249.79.234 - - [22/Feb/2016:06:16:34 -0800] "GET /images/viz-screenshot.png HTTP/1.1" 404 517 "-" "Googlebot-Image/1.0"
52.33.40.213 - - [22/Feb/2016:06:20:21 -0800] "GET /lib/reccapi.php?resort=bigsky HTTP/1.1" 200 1080 "-" "node-superagent/1.4.0"
52.33.40.213 - - [22/Feb/2016:06:20:31 -0800] "GET /lib/reccapi.php?resort=jaypeak HTTP/1.1" 200 994 "-" "node-superagent/1.4.0"
170.75.162.130 - - [22/Feb/2016:06:20:34 -0800] "GET /lib/reccapi.php?resort=sunvalley HTTP/1.1" 200 1021 "-" "node-superagent/1.4.0"
180.76.15.24 - - [22/Feb/2016:06:29:50 -0800] "GET / HTTP/1.1" 200 6995 "-" "Mozilla/5.0 (compatible; Baiduspider/2.0; +http://www.baidu.com/search/spider.html)"
180.76.15.15 - - [22/Feb/2016:06:30:41 -0800] "GET / HTTP/1.1" 200 6995 "-" "Mozilla/5.0 (compatible; Baiduspider/2.0; +http://www.baidu.com/search/spider.html)"
107.150.33.61 - - [22/Feb/2016:06:32:14 -0800] "GET / HTTP/1.1" 200 6976 "-" "Mozilla/4.0 (compatible; MSIE 8.0; Windows NT 6.1; Trident/4.0; SLCC2; .NET CLR 2.0.50727; .NET CLR 3.5.30729; .NET CLR 3.0.30729; Media Center PC 6.0)"
170.75.162.130 - - [22/Feb/2016:06:34:46 -0800] "GET /lib/reccapi.php?resort=alpinemeadows HTTP/1.1" 200 964 "-" "node-superagent/1.4.0"
170.75.162.130 - - [22/Feb/2016:06:34:46 -0800] "GET /lib/reccapi.php?resort=heavenly HTTP/1.1" 200 1017 "-" "node-superagent/1.4.0"
170.75.162.130 - - [22/Feb/2016:06:34:46 -0800] "GET /lib/reccapi.php?resort=homewoodmountain HTTP/1.1" 200 990 "-" "node-superagent/1.4.0"
170.75.162.130 - - [22/Feb/2016:06:34:46 -0800] "GET /lib/reccapi.php?resort=kirkwood HTTP/1.1" 200 972 "-" "node-superagent/1.4.0"
170.75.162.130 - - [22/Feb/2016:06:34:46 -0800] "GET /lib/reccapi.php?resort=northstar-at-tahoe HTTP/1.1" 200 954 "-" "node-superagent/1.4.0"
170.75.162.130 - - [22/Feb/2016:06:34:46 -0800] "GET /lib/reccapi.php?resort=sierra-at-tahoe HTTP/1.1" 200 956 "-" "node-superagent/1.4.0"
170.75.162.130 - - [22/Feb/2016:06:34:47 -0800] "GET /lib/reccapi.php?resort=squawvalleyusa HTTP/1.1" 200 987 "-" "node-superagent/1.4.0"
170.75.162.130 - - [22/Feb/2016:06:34:47 -0800] "GET /lib/reccapi.php?resort=sugarbowl HTTP/1.1" 200 952 "-" "node-superagent/1.4.0"
170.75.162.130 - - [22/Feb/2016:06:35:16 -0800] "GET /lib/reccapi.php?resort=sugarbush HTTP/1.1" 200 1010 "-" "node-superagent/1.4.0"
170.75.162.130 - - [22/Feb/2016:06:42:17 -0800] "GET /lib/reccapi.php?resort=killington HTTP/1.1" 200 976 "-" "node-superagent/1.4.0"
170.75.162.130 - - [22/Feb/2016:06:42:17 -0800] "GET /lib/reccapi.php?resort=madriverglen HTTP/1.1" 200 1008 "-" "node-superagent/1.4.0"
170.75.162.130 - - [22/Feb/2016:06:42:18 -0800] "GET /lib/reccapi.php?resort=smugglersnotch HTTP/1.1" 200 981 "-" "node-superagent/1.4.0"
52.33.40.213 - - [22/Feb/2016:06:43:51 -0800] "GET /lib/reccapi.php?resort=northstar-at-tahoe HTTP/1.1" 200 954 "-" "node-superagent/1.4.0"
52.33.40.213 - - [22/Feb/2016:06:44:21 -0800] "GET /lib/reccapi.php?resort=telluride HTTP/1.1" 200 1080 "-" "node-superagent/1.4.0"
52.33.40.213 - - [22/Feb/2016:06:44:42 -0800] "GET /lib/reccapi.php?resort=parkcity HTTP/1.1" 200 1067 "-" "node-superagent/1.4.0"
52.33.40.213 - - [22/Feb/2016:06:44:42 -0800] "GET /lib/reccapi.php?resort=solitude HTTP/1.1" 200 1048 "-" "node-superagent/1.4.0"
