127.0.0.1 - - [07/Feb/2016:06:49:07 -0800] "OPTIONS * HTTP/1.0" 200 126 "-" "Apache/2.2.22 (Ubuntu) (internal dummy connection)"
127.0.0.1 - - [07/Feb/2016:06:49:07 -0800] "OPTIONS * HTTP/1.0" 200 126 "-" "Apache/2.2.22 (Ubuntu) (internal dummy connection)"
127.0.0.1 - - [07/Feb/2016:06:49:07 -0800] "OPTIONS * HTTP/1.0" 200 126 "-" "Apache/2.2.22 (Ubuntu) (internal dummy connection)"
52.33.40.213 - - [07/Feb/2016:06:56:59 -0800] "GET /lib/reccapi.php?resort=brighton HTTP/1.1" 200 986 "-" "node-superagent/1.4.0"
52.33.40.213 - - [07/Feb/2016:06:58:59 -0800] "GET /lib/reccapi.php?resort=steamboat HTTP/1.1" 200 1031 "-" "node-superagent/1.4.0"
66.249.65.66 - - [07/Feb/2016:07:08:56 -0800] "GET /resorts?resort=mountashland HTTP/1.1" 404 506 "-" "SAMSUNG-SGH-E250/1.0 Profile/MIDP-2.0 Configuration/CLDC-1.1 UP.Browser/6.2.3.3.c.1.101 (GUI) MMP/2.0 (compatible; Googlebot-Mobile/2.1; +http://www.google.com/bot.html)"
178.24.113.244 - - [07/Feb/2016:07:11:28 -0800] "GET /robots.txt HTTP/1.0" 200 338 "-" "Mozilla/5.0 (compatible; MJ12bot/v1.4.5; http://www.majestic12.co.uk/bot.php?+)"
178.24.113.244 - - [07/Feb/2016:07:11:31 -0800] "GET / HTTP/1.0" 200 6995 "-" "Mozilla/5.0 (compatible; MJ12bot/v1.4.5; http://www.majestic12.co.uk/bot.php?+)"
66.249.65.69 - - [07/Feb/2016:07:13:33 -0800] "GET /resorts?resort=mountbachelor HTTP/1.1" 404 506 "-" "DoCoMo/2.0 N905i(c100;TB;W24H16) (compatible; Googlebot-Mobile/2.1; +http://www.google.com/bot.html)"
73.141.247.214 - - [07/Feb/2016:07:17:23 -0800] "GET /images/wsis-logo-sm.png HTTP/1.1" 200 6108 "http://www.thebackcountry.net/" "Mozilla/5.0 (Windows NT 10.0; WOW64; Trident/7.0; BOIE9;ENUS; rv:11.0) like Gecko"
73.141.247.214 - - [07/Feb/2016:07:17:44 -0800] "-" 408 0 "-" "-"
24.180.37.162 - - [07/Feb/2016:07:22:49 -0800] "GET /images/wsis-logo-sm.png HTTP/1.1" 200 6108 "http://www.thebackcountry.net/" "Mozilla/5.0 (Windows NT 10.0; WOW64; rv:43.0) Gecko/20100101 Firefox/43.0"
170.75.162.130 - - [07/Feb/2016:07:24:21 -0800] "GET /lib/reccapi.php?resort=crystalmountain HTTP/1.1" 200 976 "-" "node-superagent/1.4.0"
96.38.183.191 - - [07/Feb/2016:07:26:44 -0800] "GET /images/wsis-logo-sm.png HTTP/1.1" 200 6108 "http://www.thebackcountry.net/" "Mozilla/5.0 (iPhone; CPU iPhone OS 9_2_1 like Mac OS X) AppleWebKit/601.1.46 (KHTML, like Gecko) Version/9.0 Mobile/13D15 Safari/601.1"
170.75.162.130 - - [07/Feb/2016:07:28:31 -0800] "GET /lib/reccapi.php?resort=sugarloaf HTTP/1.1" 200 999 "-" "node-superagent/1.4.0"
180.76.15.29 - - [07/Feb/2016:07:35:53 -0800] "GET / HTTP/1.1" 200 6995 "-" "Mozilla/5.0 (compatible; Baiduspider/2.0; +http://www.baidu.com/search/spider.html)"
180.76.15.157 - - [07/Feb/2016:07:36:53 -0800] "GET / HTTP/1.1" 200 6995 "-" "Mozilla/5.0 (compatible; Baiduspider/2.0; +http://www.baidu.com/search/spider.html)"
64.55.107.3 - - [07/Feb/2016:07:40:08 -0800] "GET /images/wsis-logo-sm.png HTTP/1.1" 200 6108 "http://www.thebackcountry.net/" "Mozilla/5.0 (iPhone; CPU iPhone OS 8_4 like Mac OS X) AppleWebKit/600.1.4 (KHTML, like Gecko) Version/8.0 Mobile/12H143 Safari/600.1.4"
70.214.35.221 - - [07/Feb/2016:07:48:17 -0800] "GET /images/wsis-logo-sm.png HTTP/1.1" 200 6108 "http://www.thebackcountry.net/" "Mozilla/5.0 (Linux; Android 5.1.1; SM-G920V Build/LMY47X) AppleWebKit/537.36 (KHTML, like Gecko) Chrome/48.0.2564.95 Mobile Safari/537.36"
107.77.75.23 - - [07/Feb/2016:07:52:52 -0800] "GET /images/wsis-logo-sm.png HTTP/1.1" 200 6108 "http://www.thebackcountry.net/" "Mozilla/5.0 (iPhone; CPU iPhone OS 9_2_1 like Mac OS X) AppleWebKit/601.1.46 (KHTML, like Gecko) Version/9.0 Mobile/13D15 Safari/601.1"
172.56.39.0 - - [07/Feb/2016:07:52:57 -0800] "GET /images/wsis-logo-sm.png HTTP/1.1" 200 6108 "http://www.thebackcountry.net/" "Mozilla/5.0 (iPhone; CPU iPhone OS 9_1 like Mac OS X) AppleWebKit/601.1.46 (KHTML, like Gecko) Version/9.0 Mobile/13B143 Safari/601.1"
100.6.8.242 - - [07/Feb/2016:07:53:07 -0800] "GET /images/wsis-logo-sm.png HTTP/1.1" 200 6108 "http://www.thebackcountry.net/" "Mozilla/5.0 (iPhone; CPU iPhone OS 8_2 like Mac OS X) AppleWebKit/600.1.4 (KHTML, like Gecko) Version/8.0 Mobile/12D508 Safari/600.1.4"
52.33.40.213 - - [07/Feb/2016:07:56:02 -0800] "GET /lib/reccapi.php?resort=alpinemeadows HTTP/1.1" 200 974 "-" "node-superagent/1.4.0"
71.80.218.4 - - [07/Feb/2016:07:56:03 -0800] "GET /images/wsis-logo-sm.png HTTP/1.1" 200 6108 "http://www.thebackcountry.net/" "Mozilla/5.0 (iPhone; CPU iPhone OS 9_2_1 like Mac OS X) AppleWebKit/601.1.46 (KHTML, like Gecko) Version/9.0 Mobile/13D15 Safari/601.1"
170.75.162.130 - - [07/Feb/2016:07:56:34 -0800] "GET /lib/reccapi.php?resort=brianhead HTTP/1.1" 200 997 "-" "node-superagent/1.4.0"
52.33.40.213 - - [07/Feb/2016:07:58:02 -0800] "GET /lib/reccapi.php?resort=squawvalleyusa HTTP/1.1" 200 965 "-" "node-superagent/1.4.0"
170.75.162.130 - - [07/Feb/2016:07:59:45 -0800] "GET /lib/reccapi.php?resort=squawvalleyusa HTTP/1.1" 200 965 "-" "node-superagent/1.4.0"
170.75.162.130 - - [07/Feb/2016:08:01:55 -0800] "GET /lib/reccapi.php?resort=alta HTTP/1.1" 200 994 "-" "node-superagent/1.4.0"
71.9.241.219 - - [07/Feb/2016:08:05:44 -0800] "GET /images/wsis-logo-sm.png HTTP/1.1" 200 6108 "http://www.thebackcountry.net/" "Mozilla/5.0 (Windows NT 10.0; WOW64) AppleWebKit/537.36 (KHTML, like Gecko) Chrome/48.0.2564.97 Safari/537.36"
73.158.44.45 - - [07/Feb/2016:08:18:20 -0800] "GET /images/wsis-logo-sm.png HTTP/1.1" 200 6108 "http://www.thebackcountry.net/" "Mozilla/5.0 (iPhone; CPU iPhone OS 9_2_1 like Mac OS X) AppleWebKit/601.1.46 (KHTML, like Gecko) Mobile/13D15 MicroMessenger/6.3.9 NetType/WIFI Language/en"
70.211.66.68 - - [07/Feb/2016:08:18:52 -0800] "GET /images/wsis-logo-sm.png HTTP/1.1" 200 6108 "http://www.thebackcountry.net/" "Mozilla/5.0 (Linux; Android 4.4.4; SM-G360V Build/KTU84P) AppleWebKit/537.36 (KHTML, like Gecko) Chrome/47.0.2526.83 Mobile Safari/537.36"
66.249.65.66 - - [07/Feb/2016:08:19:14 -0800] "GET /lib/reccapi.php?fields=t&date=2016-01-06 HTTP/1.1" 200 480 "http://whereshouldiski.com/" "Mozilla/5.0 (compatible; Googlebot/2.1; +http://www.google.com/bot.html)"
67.54.216.108 - - [07/Feb/2016:08:19:25 -0800] "GET /images/wsis-logo-sm.png HTTP/1.1" 200 6071 "http://www.thebackcountry.net/" "Mozilla/5.0 (iPhone; CPU iPhone OS 9_2_1 like Mac OS X) AppleWebKit/601.1.46 (KHTML, like Gecko) Version/9.0 Mobile/13D15 Safari/601.1"
107.139.35.45 - - [07/Feb/2016:08:22:41 -0800] "GET /images/wsis-logo-sm.png HTTP/1.1" 200 6108 "http://www.thebackcountry.net/" "Mozilla/5.0 (iPhone; CPU iPhone OS 8_4 like Mac OS X) AppleWebKit/600.1.4 (KHTML, like Gecko) Version/8.0 Mobile/12H143 Safari/600.1.4"
66.249.65.66 - - [07/Feb/2016:08:24:15 -0800] "GET /resorts?resort=alpenglow HTTP/1.1" 404 506 "-" "SAMSUNG-SGH-E250/1.0 Profile/MIDP-2.0 Configuration/CLDC-1.1 UP.Browser/6.2.3.3.c.1.101 (GUI) MMP/2.0 (compatible; Googlebot-Mobile/2.1; +http://www.google.com/bot.html)"
66.249.65.66 - - [07/Feb/2016:08:25:06 -0800] "GET /lib/reccapi.php?fields=t&date=2016-01-10 HTTP/1.1" 200 480 "http://whereshouldiski.com/" "Mozilla/5.0 (compatible; Googlebot/2.1; +http://www.google.com/bot.html)"
71.83.111.152 - - [07/Feb/2016:08:27:31 -0800] "GET /images/wsis-logo-sm.png HTTP/1.1" 200 6108 "http://www.thebackcountry.net/" "Mozilla/5.0 (Windows NT 6.3; Win64; x64) AppleWebKit/537.36 (KHTML, like Gecko) Chrome/48.0.2564.97 Safari/537.36"
71.93.86.98 - - [07/Feb/2016:08:29:16 -0800] "GET /images/wsis-logo-sm.png HTTP/1.1" 200 6108 "http://www.thebackcountry.net/" "Mozilla/5.0 (iPad; CPU OS 8_2 like Mac OS X) AppleWebKit/600.1.4 (KHTML, like Gecko) Version/8.0 Mobile/12D508 Safari/600.1.4"
70.211.66.68 - - [07/Feb/2016:08:32:39 -0800] "-" 408 0 "-" "-"
70.211.66.68 - - [07/Feb/2016:08:32:39 -0800] "-" 408 0 "-" "-"
66.249.65.72 - - [07/Feb/2016:08:33:22 -0800] "GET /images/logo-sm.png HTTP/1.1" 304 187 "-" "Googlebot-Image/1.0"
180.76.15.163 - - [07/Feb/2016:08:36:35 -0800] "GET / HTTP/1.1" 200 6995 "-" "Mozilla/5.0 (compatible; Baiduspider/2.0; +http://www.baidu.com/search/spider.html)"
180.76.15.13 - - [07/Feb/2016:08:37:38 -0800] "GET / HTTP/1.1" 200 6995 "-" "Mozilla/5.0 (compatible; Baiduspider/2.0; +http://www.baidu.com/search/spider.html)"
173.201.196.32 - - [07/Feb/2016:08:39:00 -0800] "POST /wsdl.php HTTP/1.1" 404 495 "-" "Mozilla/5.0 (Windows NT 6.0; rv:16.0) Firefox/12.0"
173.201.196.32 - - [07/Feb/2016:08:39:01 -0800] "POST /wp_stkkn.php HTTP/1.1" 404 495 "-" "Mozilla/5.0 (Windows NT 6.0; rv:16.0) Firefox/12.0"
173.201.196.32 - - [07/Feb/2016:08:39:01 -0800] "POST /sql.php HTTP/1.1" 404 495 "-" "Mozilla/5.0 (Windows NT 6.0; rv:16.0) Firefox/12.0"
173.201.196.32 - - [07/Feb/2016:08:39:01 -0800] "GET /privacy.php?youfindit=1 HTTP/1.1" 404 495 "-" "Mozilla/5.0 (Windows NT 6.0; rv:16.0) Firefox/12.0"
173.201.196.32 - - [07/Feb/2016:08:39:01 -0800] "POST /post.php HTTP/1.1" 404 495 "-" "Mozilla/5.0 (Windows NT 6.0; rv:16.0) Firefox/12.0"
173.201.196.32 - - [07/Feb/2016:08:39:01 -0800] "GET /indexs.php HTTP/1.1" 404 495 "-" "Mozilla/5.0 (Windows NT 6.0; rv:16.0) Firefox/12.0"
173.201.196.32 - - [07/Feb/2016:08:39:01 -0800] "GET /green.php HTTP/1.1" 404 495 "-" "Mozilla/5.0 (Windows NT 6.0; rv:16.0) Firefox/12.0"
173.201.196.32 - - [07/Feb/2016:08:39:01 -0800] "GET /cookietest.php HTTP/1.1" 404 495 "-" "Mozilla/5.0 (Windows NT 6.0; rv:16.0) Firefox/12.0"
173.201.196.32 - - [07/Feb/2016:08:39:01 -0800] "POST /conns.php HTTP/1.1" 404 495 "-" "Mozilla/5.0 (Windows NT 6.0; rv:16.0) Firefox/12.0"
137.117.108.84 - - [07/Feb/2016:08:40:21 -0800] "GET /CFIDE/administrator/ HTTP/1.1" 404 526 "-" "-"
170.75.162.130 - - [07/Feb/2016:08:43:08 -0800] "GET /lib/reccapi.php?resort=diamondpeak HTTP/1.1" 200 948 "-" "node-superagent/1.4.0"
220.181.108.144 - - [07/Feb/2016:08:46:49 -0800] "GET / HTTP/1.1" 200 2578 "-" "Mozilla/5.0 (Windows NT 5.1; rv:6.0.2) Gecko/20100101 Firefox/6.0.2"
220.181.108.182 - - [07/Feb/2016:08:46:49 -0800] "GET / HTTP/1.1" 200 6995 "-" "Mozilla/5.0 (Windows NT 5.1; rv:6.0.2) Gecko/20100101 Firefox/6.0.2"
170.75.162.130 - - [07/Feb/2016:08:57:09 -0800] "GET /lib/reccapi.php?resort=alyeska HTTP/1.1" 200 1018 "-" "node-superagent/1.4.0"
170.75.162.130 - - [07/Feb/2016:08:57:29 -0800] "GET /lib/reccapi.php?resort=49degreesnorth HTTP/1.1" 200 1048 "-" "node-superagent/1.4.0"
170.75.162.130 - - [07/Feb/2016:08:57:30 -0800] "GET /lib/reccapi.php?resort=alpinemeadows HTTP/1.1" 200 974 "-" "node-superagent/1.4.0"
170.75.162.130 - - [07/Feb/2016:08:57:40 -0800] "GET /lib/reccapi.php?resort=bigsky HTTP/1.1" 200 1009 "-" "node-superagent/1.4.0"
170.75.162.130 - - [07/Feb/2016:08:57:40 -0800] "GET /lib/reccapi.php?resort=bigwhite HTTP/1.1" 200 923 "-" "node-superagent/1.4.0"
75.111.97.97 - - [07/Feb/2016:08:57:41 -0800] "GET /images/wsis-logo-sm.png HTTP/1.1" 200 6108 "http://www.thebackcountry.net/" "Mozilla/5.0 (Windows NT 6.1; WOW64) AppleWebKit/537.36 (KHTML, like Gecko) Chrome/48.0.2564.103 Safari/537.36"
170.75.162.130 - - [07/Feb/2016:08:57:50 -0800] "GET /lib/reccapi.php?resort=aspenmountain HTTP/1.1" 200 998 "-" "node-superagent/1.4.0"
170.75.162.130 - - [07/Feb/2016:08:57:50 -0800] "GET /lib/reccapi.php?resort=brighton HTTP/1.1" 200 984 "-" "node-superagent/1.4.0"
170.75.162.130 - - [07/Feb/2016:08:57:50 -0800] "GET /lib/reccapi.php?resort=cannonmountain HTTP/1.1" 200 1017 "-" "node-superagent/1.4.0"
170.75.162.130 - - [07/Feb/2016:08:57:50 -0800] "GET /lib/reccapi.php?resort=deervalley HTTP/1.1" 200 984 "-" "node-superagent/1.4.0"
170.75.162.130 - - [07/Feb/2016:08:57:50 -0800] "GET /lib/reccapi.php?resort=devilshead HTTP/1.1" 200 944 "-" "node-superagent/1.4.0"
170.75.162.130 - - [07/Feb/2016:08:57:50 -0800] "GET /lib/reccapi.php?resort=heavenly HTTP/1.1" 200 961 "-" "node-superagent/1.4.0"
170.75.162.130 - - [07/Feb/2016:08:57:51 -0800] "GET /lib/reccapi.php?resort=jaypeak HTTP/1.1" 200 1061 "-" "node-superagent/1.4.0"
170.75.162.130 - - [07/Feb/2016:08:58:09 -0800] "GET /lib/reccapi.php?resort=northstar-at-tahoe HTTP/1.1" 200 951 "-" "node-superagent/1.4.0"
170.75.162.130 - - [07/Feb/2016:08:58:09 -0800] "GET /lib/reccapi.php?resort=whistlerblackcomb HTTP/1.1" 200 936 "-" "node-superagent/1.4.0"
170.75.162.130 - - [07/Feb/2016:08:58:09 -0800] "GET /lib/reccapi.php?resort=solitude HTTP/1.1" 200 989 "-" "node-superagent/1.4.0"
170.75.162.130 - - [07/Feb/2016:08:58:09 -0800] "GET /lib/reccapi.php?resort=smugglersnotch HTTP/1.1" 200 1011 "-" "node-superagent/1.4.0"
170.75.162.130 - - [07/Feb/2016:08:58:09 -0800] "GET /lib/reccapi.php?resort=redmountain HTTP/1.1" 200 913 "-" "node-superagent/1.4.0"
170.75.162.130 - - [07/Feb/2016:08:58:09 -0800] "GET /lib/reccapi.php?resort=kirkwood HTTP/1.1" 200 981 "-" "node-superagent/1.4.0"
170.75.162.130 - - [07/Feb/2016:08:58:09 -0800] "GET /lib/reccapi.php?resort=chinapeak HTTP/1.1" 200 958 "-" "node-superagent/1.4.0"
170.75.162.130 - - [07/Feb/2016:08:58:10 -0800] "GET /lib/reccapi.php?resort=schweitzer HTTP/1.1" 200 1046 "-" "node-superagent/1.4.0"
170.75.162.130 - - [07/Feb/2016:08:58:10 -0800] "GET /lib/reccapi.php?resort=mtrose HTTP/1.1" 200 952 "-" "node-superagent/1.4.0"
170.75.162.130 - - [07/Feb/2016:08:58:15 -0800] "GET /lib/reccapi.php?resort=loveland HTTP/1.1" 200 998 "-" "node-superagent/1.4.0"
170.75.162.130 - - [07/Feb/2016:08:58:20 -0800] "GET /lib/reccapi.php?resort=parkcity HTTP/1.1" 200 1005 "-" "node-superagent/1.4.0"
170.75.162.130 - - [07/Feb/2016:08:58:25 -0800] "GET /lib/reccapi.php?resort=mountspokane HTTP/1.1" 200 1020 "-" "node-superagent/1.4.0"
170.75.162.130 - - [07/Feb/2016:08:58:30 -0800] "GET /lib/reccapi.php?resort=monarch HTTP/1.1" 200 999 "-" "node-superagent/1.4.0"
170.75.162.130 - - [07/Feb/2016:08:58:35 -0800] "GET /lib/reccapi.php?resort=steamboat HTTP/1.1" 200 1030 "-" "node-superagent/1.4.0"
170.75.162.130 - - [07/Feb/2016:08:58:40 -0800] "GET /lib/reccapi.php?resort=sugarbowl HTTP/1.1" 200 945 "-" "node-superagent/1.4.0"
170.75.162.130 - - [07/Feb/2016:08:58:45 -0800] "GET /lib/reccapi.php?resort=sundayriver HTTP/1.1" 200 999 "-" "node-superagent/1.4.0"
170.75.162.130 - - [07/Feb/2016:08:58:50 -0800] "GET /lib/reccapi.php?resort=silverstarmountain HTTP/1.1" 200 928 "-" "node-superagent/1.4.0"
170.75.162.130 - - [07/Feb/2016:08:58:55 -0800] "GET /lib/reccapi.php?resort=snowmass HTTP/1.1" 200 971 "-" "node-superagent/1.4.0"
170.75.162.130 - - [07/Feb/2016:08:59:00 -0800] "GET /lib/reccapi.php?resort=sunvalley HTTP/1.1" 200 1038 "-" "node-superagent/1.4.0"
170.75.162.130 - - [07/Feb/2016:08:59:05 -0800] "GET /lib/reccapi.php?resort=snowbasin HTTP/1.1" 200 976 "-" "node-superagent/1.4.0"
170.75.162.130 - - [07/Feb/2016:08:59:10 -0800] "GET /lib/reccapi.php?resort=stowe HTTP/1.1" 200 982 "-" "node-superagent/1.4.0"
170.75.162.130 - - [07/Feb/2016:08:59:15 -0800] "GET /lib/reccapi.php?resort=sugarbush HTTP/1.1" 200 975 "-" "node-superagent/1.4.0"
170.75.162.130 - - [07/Feb/2016:08:59:20 -0800] "GET /lib/reccapi.php?resort=telluride HTTP/1.1" 200 971 "-" "node-superagent/1.4.0"
170.75.162.130 - - [07/Feb/2016:08:59:25 -0800] "GET /lib/reccapi.php?resort=winterpark HTTP/1.1" 200 1007 "-" "node-superagent/1.4.0"
170.75.162.130 - - [07/Feb/2016:08:59:30 -0800] "GET /lib/reccapi.php?resort=madriverglen HTTP/1.1" 200 972 "-" "node-superagent/1.4.0"
170.75.162.130 - - [07/Feb/2016:08:59:35 -0800] "GET /lib/reccapi.php?resort=wildcatmountain HTTP/1.1" 200 1003 "-" "node-superagent/1.4.0"
66.249.79.234 - - [07/Feb/2016:08:59:35 -0800] "GET /resorts?resort=powderridge HTTP/1.1" 404 506 "-" "DoCoMo/2.0 N905i(c100;TB;W24H16) (compatible; Googlebot-Mobile/2.1; +http://www.google.com/bot.html)"
170.75.162.130 - - [07/Feb/2016:08:59:40 -0800] "GET /lib/reccapi.php?resort=mountainhigh HTTP/1.1" 200 994 "-" "node-superagent/1.4.0"
170.75.162.130 - - [07/Feb/2016:08:59:45 -0800] "GET /lib/reccapi.php?resort=sierra-at-tahoe HTTP/1.1" 200 965 "-" "node-superagent/1.4.0"
170.75.162.130 - - [07/Feb/2016:08:59:50 -0800] "GET /lib/reccapi.php?resort=crestedbutte HTTP/1.1" 200 988 "-" "node-superagent/1.4.0"
170.75.162.130 - - [07/Feb/2016:08:59:55 -0800] "GET /lib/reccapi.php?resort=homewoodmountain HTTP/1.1" 200 968 "-" "node-superagent/1.4.0"
170.75.162.130 - - [07/Feb/2016:09:00:00 -0800] "GET /lib/reccapi.php?resort=sunpeaksresort HTTP/1.1" 200 927 "-" "node-superagent/1.4.0"
170.75.162.130 - - [07/Feb/2016:09:00:05 -0800] "GET /lib/reccapi.php?resort=redlodge HTTP/1.1" 200 1071 "-" "node-superagent/1.4.0"
170.75.162.130 - - [07/Feb/2016:09:00:10 -0800] "GET /lib/reccapi.php?resort=coppermountain HTTP/1.1" 200 1011 "-" "node-superagent/1.4.0"
170.75.162.130 - - [07/Feb/2016:09:00:15 -0800] "GET /lib/reccapi.php?resort=buttermilk HTTP/1.1" 200 986 "-" "node-superagent/1.4.0"
71.9.249.226 - - [07/Feb/2016:09:01:30 -0800] "GET /images/wsis-logo-sm.png HTTP/1.1" 200 6108 "http://www.thebackcountry.net/" "Mozilla/5.0 (Macintosh; Intel Mac OS X 10_11_3) AppleWebKit/601.4.4 (KHTML, like Gecko) Version/9.0.3 Safari/601.4.4"
52.33.40.213 - - [07/Feb/2016:09:08:55 -0800] "GET /lib/reccapi.php?resort=madriverglen HTTP/1.1" 200 972 "-" "node-superagent/1.4.0"
195.1.111.141 - - [07/Feb/2016:09:09:59 -0800] "GET /robots.txt HTTP/1.0" 200 375 "-" "Mozilla/5.0 (compatible; MJ12bot/v1.4.5; http://www.majestic12.co.uk/bot.php?+)"
195.1.111.141 - - [07/Feb/2016:09:10:01 -0800] "GET /about HTTP/1.1" 404 476 "-" "Mozilla/5.0 (compatible; MJ12bot/v1.4.5; http://www.majestic12.co.uk/bot.php?+)"
195.1.111.141 - - [07/Feb/2016:09:10:03 -0800] "GET /resorts?resort=alpinemeadows HTTP/1.1" 404 450 "-" "Mozilla/5.0 (compatible; MJ12bot/v1.4.5; http://www.majestic12.co.uk/bot.php?+)"
195.1.111.141 - - [07/Feb/2016:09:10:04 -0800] "GET /resorts?resort=aspenmountain HTTP/1.1" 404 450 "-" "Mozilla/5.0 (compatible; MJ12bot/v1.4.5; http://www.majestic12.co.uk/bot.php?+)"
195.1.111.141 - - [07/Feb/2016:09:10:06 -0800] "GET /resorts?resort=buttermilk HTTP/1.1" 404 450 "-" "Mozilla/5.0 (compatible; MJ12bot/v1.4.5; http://www.majestic12.co.uk/bot.php?+)"
195.1.111.141 - - [07/Feb/2016:09:10:08 -0800] "GET /resorts?resort=grandtarghee HTTP/1.1" 404 450 "-" "Mozilla/5.0 (compatible; MJ12bot/v1.4.5; http://www.majestic12.co.uk/bot.php?+)"
82.116.120.3 - - [07/Feb/2016:09:13:12 -0800] "GET / HTTP/1.1" 200 2559 "http://pizza-tycoon.com/" "Mozilla/5.0 (X11; Linux x86_64) AppleWebKit/537.36 (KHTML, like Gecko) Chrome/37.0.2062.120 Safari/537.36"
180.76.15.19 - - [07/Feb/2016:09:32:26 -0800] "GET / HTTP/1.1" 200 6995 "-" "Mozilla/5.0 (compatible; Baiduspider/2.0; +http://www.baidu.com/search/spider.html)"
180.76.15.13 - - [07/Feb/2016:09:33:15 -0800] "GET / HTTP/1.1" 200 6995 "-" "Mozilla/5.0 (compatible; Baiduspider/2.0; +http://www.baidu.com/search/spider.html)"
71.83.116.21 - - [07/Feb/2016:09:34:26 -0800] "GET /images/wsis-logo-sm.png HTTP/1.1" 200 6108 "http://www.thebackcountry.net/" "Mozilla/5.0 (Macintosh; Intel Mac OS X 10_11_3) AppleWebKit/601.4.4 (KHTML, like Gecko) Version/9.0.3 Safari/601.4.4"
52.33.40.213 - - [07/Feb/2016:09:36:06 -0800] "GET /lib/reccapi.php?resort=alta HTTP/1.1" 200 994 "-" "node-superagent/1.4.0"
52.33.40.213 - - [07/Feb/2016:09:36:06 -0800] "GET /lib/reccapi.php?resort=aspenheights HTTP/1.1" 200 985 "-" "node-superagent/1.4.0"
52.33.40.213 - - [07/Feb/2016:09:36:06 -0800] "GET /lib/reccapi.php?resort=aspenmountain HTTP/1.1" 200 998 "-" "node-superagent/1.4.0"
52.33.40.213 - - [07/Feb/2016:09:36:06 -0800] "GET /lib/reccapi.php?resort=mammothmountain HTTP/1.1" 200 975 "-" "node-superagent/1.4.0"
172.15.96.72 - - [07/Feb/2016:09:36:49 -0800] "GET /images/wsis-logo-sm.png HTTP/1.1" 200 6108 "http://www.thebackcountry.net/" "Mozilla/5.0 (Macintosh; Intel Mac OS X 10_10_5) AppleWebKit/601.3.9 (KHTML, like Gecko) Version/9.0.2 Safari/601.3.9"
66.249.79.227 - - [07/Feb/2016:09:39:34 -0800] "GET /resorts?resort=snowyrange HTTP/1.1" 404 506 "-" "SAMSUNG-SGH-E250/1.0 Profile/MIDP-2.0 Configuration/CLDC-1.1 UP.Browser/6.2.3.3.c.1.101 (GUI) MMP/2.0 (compatible; Googlebot-Mobile/2.1; +http://www.google.com/bot.html)"
66.214.212.102 - - [07/Feb/2016:09:46:18 -0800] "GET /images/wsis-logo-sm.png HTTP/1.1" 200 6108 "http://www.thebackcountry.net/" "Mozilla/5.0 (Macintosh; Intel Mac OS X 10_9_5) AppleWebKit/537.36 (KHTML, like Gecko) Chrome/48.0.2564.103 Safari/537.36"
173.11.86.33 - - [07/Feb/2016:09:47:29 -0800] "GET /images/wsis-logo-sm.png HTTP/1.1" 200 6108 "http://www.thebackcountry.net/" "Mozilla/5.0 (Macintosh; Intel Mac OS X 10_11_3) AppleWebKit/537.36 (KHTML, like Gecko) Chrome/48.0.2564.103 Safari/537.36"
94.185.83.100 - - [07/Feb/2016:09:52:15 -0800] "GET http://testp4.pospr.waw.pl/testproxy.php HTTP/1.1" 404 448 "-" "Mozilla/5.0 (Windows NT 5.1; rv:32.0) Gecko/20100101 Firefox/31.0"
66.249.79.227 - - [07/Feb/2016:09:52:48 -0800] "GET /resorts?resort=pebblecreek HTTP/1.1" 404 506 "-" "DoCoMo/2.0 N905i(c100;TB;W24H16) (compatible; Googlebot-Mobile/2.1; +http://www.google.com/bot.html)"
166.137.242.111 - - [07/Feb/2016:09:53:52 -0800] "GET /images/wsis-logo-sm.png HTTP/1.1" 200 6108 "http://www.thebackcountry.net/" "Mozilla/5.0 (iPhone; CPU iPhone OS 9_2_1 like Mac OS X) AppleWebKit/601.1.46 (KHTML, like Gecko) Version/9.0 Mobile/13D15 Safari/601.1"
66.249.74.54 - - [07/Feb/2016:09:54:51 -0800] "GET /robots.txt HTTP/1.1" 200 419 "-" "Mozilla/5.0 (compatible; Googlebot/2.1; +http://www.google.com/bot.html)"
66.249.74.58 - - [07/Feb/2016:09:54:51 -0800] "GET / HTTP/1.1" 200 2615 "-" "Mozilla/5.0 (iPhone; CPU iPhone OS 8_3 like Mac OS X) AppleWebKit/600.1.4 (KHTML, like Gecko) Version/8.0 Mobile/12F70 Safari/600.1.4 (compatible; Googlebot/2.1; +http://www.google.com/bot.html)"
52.33.40.213 - - [07/Feb/2016:10:03:07 -0800] "GET /lib/reccapi.php?resort=heavenly HTTP/1.1" 200 961 "-" "node-superagent/1.4.0"
52.33.40.213 - - [07/Feb/2016:10:03:48 -0800] "GET /lib/reccapi.php?resort=kirkwood HTTP/1.1" 200 981 "-" "node-superagent/1.4.0"
67.54.216.108 - - [07/Feb/2016:10:05:33 -0800] "GET /images/wsis-logo-sm.png HTTP/1.1" 304 150 "-" "Mozilla/5.0 (iPhone; CPU iPhone OS 9_2_1 like Mac OS X) AppleWebKit/601.1.46 (KHTML, like Gecko) Version/9.0 Mobile/13D15 Safari/601.1"
67.172.176.76 - - [07/Feb/2016:10:15:11 -0800] "GET /images/wsis-logo-sm.png HTTP/1.1" 200 6108 "http://www.thebackcountry.net/" "Mozilla/5.0 (iPad; CPU OS 7_0_4 like Mac OS X) AppleWebKit/537.51.1 (KHTML, like Gecko) Version/7.0 Mobile/11B554a Safari/9537.53"
67.180.147.28 - - [07/Feb/2016:10:18:46 -0800] "GET /images/wsis-logo-sm.png HTTP/1.1" 200 6108 "http://www.thebackcountry.net/" "Mozilla/5.0 (Macintosh; Intel Mac OS X 10_10_4) AppleWebKit/600.7.12 (KHTML, like Gecko) Version/8.0.7 Safari/600.7.12"
71.80.221.132 - - [07/Feb/2016:10:26:41 -0800] "GET /images/wsis-logo-sm.png HTTP/1.1" 200 6108 "http://www.thebackcountry.net/" "Mozilla/5.0 (Macintosh; Intel Mac OS X 10_8_5) AppleWebKit/600.8.9 (KHTML, like Gecko) Version/6.2.8 Safari/537.85.17"
72.47.174.5 - - [07/Feb/2016:10:29:43 -0800] "GET /images/wsis-logo-sm.png HTTP/1.1" 200 6108 "http://www.thebackcountry.net/" "Mozilla/5.0 (iPad; CPU OS 9_2_1 like Mac OS X) AppleWebKit/601.1.46 (KHTML, like Gecko) Mobile/13D15"
180.76.15.141 - - [07/Feb/2016:10:33:09 -0800] "GET / HTTP/1.1" 200 6995 "-" "Mozilla/5.0 (compatible; Baiduspider/2.0; +http://www.baidu.com/search/spider.html)"
180.76.15.136 - - [07/Feb/2016:10:34:04 -0800] "GET / HTTP/1.1" 200 6995 "-" "Mozilla/5.0 (compatible; Baiduspider/2.0; +http://www.baidu.com/search/spider.html)"
66.249.79.227 - - [07/Feb/2016:10:45:38 -0800] "GET /resorts?resort=redriver HTTP/1.1" 404 506 "-" "DoCoMo/2.0 N905i(c100;TB;W24H16) (compatible; Googlebot-Mobile/2.1; +http://www.google.com/bot.html)"
207.46.13.87 - - [07/Feb/2016:10:49:46 -0800] "GET / HTTP/1.1" 200 2615 "-" "Mozilla/5.0 (compatible; bingbot/2.0; +http://www.bing.com/bingbot.htm)"
66.249.79.234 - - [07/Feb/2016:10:54:54 -0800] "GET /resorts?resort=timberline HTTP/1.1" 404 506 "-" "SAMSUNG-SGH-E250/1.0 Profile/MIDP-2.0 Configuration/CLDC-1.1 UP.Browser/6.2.3.3.c.1.101 (GUI) MMP/2.0 (compatible; Googlebot-Mobile/2.1; +http://www.google.com/bot.html)"
208.180.36.34 - - [07/Feb/2016:10:55:20 -0800] "GET /images/wsis-logo-sm.png HTTP/1.1" 200 6108 "http://www.thebackcountry.net/" "Mozilla/5.0 (Macintosh; Intel Mac OS X 10_11_3) AppleWebKit/537.36 (KHTML, like Gecko) Chrome/48.0.2564.103 Safari/537.36"
75.111.99.237 - - [07/Feb/2016:10:56:11 -0800] "GET /images/wsis-logo-sm.png HTTP/1.1" 200 6108 "http://www.thebackcountry.net/" "Mozilla/5.0 (Windows NT 10.0; WOW64; rv:43.0) Gecko/20100101 Firefox/43.0"
108.69.209.149 - - [07/Feb/2016:10:56:20 -0800] "GET /images/wsis-logo-sm.png HTTP/1.1" 200 6108 "http://www.thebackcountry.net/" "Mozilla/5.0 (iPad; CPU OS 9_2_1 like Mac OS X) AppleWebKit/601.1.46 (KHTML, like Gecko) Version/9.0 Mobile/13D15 Safari/601.1"
52.33.40.213 - - [07/Feb/2016:10:57:00 -0800] "GET /lib/reccapi.php?resort=winterpark HTTP/1.1" 200 1007 "-" "node-superagent/1.4.0"
170.75.162.130 - - [07/Feb/2016:11:01:00 -0800] "GET /lib/reccapi.php?resort=arapahoebasin HTTP/1.1" 200 1015 "-" "node-superagent/1.4.0"
170.75.162.130 - - [07/Feb/2016:11:01:00 -0800] "GET /lib/reccapi.php?resort=angelfire HTTP/1.1" 200 974 "-" "node-superagent/1.4.0"
170.75.162.130 - - [07/Feb/2016:11:01:00 -0800] "GET /lib/reccapi.php?resort=aspenheights HTTP/1.1" 200 985 "-" "node-superagent/1.4.0"
170.75.162.130 - - [07/Feb/2016:11:01:00 -0800] "GET /lib/reccapi.php?resort=jacksonhole HTTP/1.1" 200 1011 "-" "node-superagent/1.4.0"
170.75.162.130 - - [07/Feb/2016:11:01:00 -0800] "GET /lib/reccapi.php?resort=grandtarghee HTTP/1.1" 200 1036 "-" "node-superagent/1.4.0"
170.75.162.130 - - [07/Feb/2016:11:01:00 -0800] "GET /lib/reccapi.php?resort=keystone HTTP/1.1" 200 1002 "-" "node-superagent/1.4.0"
170.75.162.130 - - [07/Feb/2016:11:01:01 -0800] "GET /lib/reccapi.php?resort=killington HTTP/1.1" 200 983 "-" "node-superagent/1.4.0"
170.75.162.130 - - [07/Feb/2016:11:01:01 -0800] "GET /lib/reccapi.php?resort=snowbird HTTP/1.1" 200 975 "-" "node-superagent/1.4.0"
170.75.162.130 - - [07/Feb/2016:11:01:01 -0800] "GET /lib/reccapi.php?resort=stevenspass HTTP/1.1" 200 996 "-" "node-superagent/1.4.0"
75.111.105.194 - - [07/Feb/2016:11:01:48 -0800] "GET /images/wsis-logo-sm.png HTTP/1.1" 200 6108 "http://www.thebackcountry.net/" "Mozilla/5.0 (Macintosh; Intel Mac OS X 10_11_3) AppleWebKit/601.4.4 (KHTML, like Gecko) Version/9.0.3 Safari/601.4.4"
170.75.162.130 - - [07/Feb/2016:11:07:30 -0800] "GET /lib/reccapi.php?resort=whitefacemountain HTTP/1.1" 200 1033 "-" "node-superagent/1.4.0"
207.46.13.86 - - [07/Feb/2016:11:09:36 -0800] "GET /resorts?resort=taos HTTP/1.1" 404 506 "-" "Mozilla/5.0 (compatible; bingbot/2.0; +http://www.bing.com/bingbot.htm)"
207.46.13.87 - - [07/Feb/2016:11:09:40 -0800] "GET / HTTP/1.1" 200 2615 "-" "Mozilla/5.0 (compatible; bingbot/2.0; +http://www.bing.com/bingbot.htm)"
207.46.13.87 - - [07/Feb/2016:11:09:40 -0800] "GET /resorts?resort=keystone HTTP/1.1" 404 505 "-" "Mozilla/5.0 (compatible; bingbot/2.0; +http://www.bing.com/bingbot.htm)"
70.214.41.68 - - [07/Feb/2016:11:13:23 -0800] "GET /images/wsis-logo-sm.png HTTP/1.1" 200 6108 "http://www.thebackcountry.net/" "Mozilla/5.0 (iPhone; CPU iPhone OS 9_2_1 like Mac OS X) AppleWebKit/601.1.46 (KHTML, like Gecko) Version/9.0 Mobile/13D15 Safari/601.1"
70.214.41.68 - - [07/Feb/2016:11:14:07 -0800] "GET /images/wsis-logo-sm.png HTTP/1.1" 200 6108 "http://www.thebackcountry.net/" "Mozilla/5.0 (iPhone; CPU iPhone OS 9_2_1 like Mac OS X) AppleWebKit/601.1.46 (KHTML, like Gecko) Version/9.0 Mobile/13D15 Safari/601.1"
52.33.40.213 - - [07/Feb/2016:11:31:11 -0800] "GET /lib/reccapi.php?resort=sugarbush HTTP/1.1" 200 975 "-" "node-superagent/1.4.0"
52.33.40.213 - - [07/Feb/2016:11:32:01 -0800] "GET /lib/reccapi.php?resort=hoodoo HTTP/1.1" 200 995 "-" "node-superagent/1.4.0"
180.76.15.144 - - [07/Feb/2016:11:34:33 -0800] "GET / HTTP/1.1" 200 6995 "-" "Mozilla/5.0 (compatible; Baiduspider/2.0; +http://www.baidu.com/search/spider.html)"
180.76.15.157 - - [07/Feb/2016:11:35:28 -0800] "GET / HTTP/1.1" 200 6995 "-" "Mozilla/5.0 (compatible; Baiduspider/2.0; +http://www.baidu.com/search/spider.html)"
66.249.79.234 - - [07/Feb/2016:11:38:28 -0800] "GET /resorts?resort=snowking HTTP/1.1" 404 506 "-" "DoCoMo/2.0 N905i(c100;TB;W24H16) (compatible; Googlebot-Mobile/2.1; +http://www.google.com/bot.html)"
104.236.93.127 - - [07/Feb/2016:11:41:32 -0800] "GET / HTTP/1.0" 200 6995 "-" "Mozilla/5.0 (compatible; NetcraftSurveyAgent/1.0; +info@netcraft.com)"
75.111.99.20 - - [07/Feb/2016:11:48:13 -0800] "GET /images/wsis-logo-sm.png HTTP/1.1" 200 6108 "http://www.thebackcountry.net/" "Mozilla/5.0 (Windows NT 6.1; WOW64) AppleWebKit/537.36 (KHTML, like Gecko) Chrome/47.0.2526.106 Safari/537.36"
52.33.40.213 - - [07/Feb/2016:11:49:32 -0800] "GET /lib/reccapi.php?resort=bigwhite HTTP/1.1" 200 923 "-" "node-superagent/1.4.0"
52.33.40.213 - - [07/Feb/2016:11:50:52 -0800] "GET /lib/reccapi.php?resort=jaypeak HTTP/1.1" 200 1061 "-" "node-superagent/1.4.0"
52.33.40.213 - - [07/Feb/2016:11:50:52 -0800] "GET /lib/reccapi.php?resort=diamondpeak HTTP/1.1" 200 948 "-" "node-superagent/1.4.0"
52.33.40.213 - - [07/Feb/2016:11:50:52 -0800] "GET /lib/reccapi.php?resort=devilshead HTTP/1.1" 200 944 "-" "node-superagent/1.4.0"
52.33.40.213 - - [07/Feb/2016:11:50:52 -0800] "GET /lib/reccapi.php?resort=crestedbutte HTTP/1.1" 200 988 "-" "node-superagent/1.4.0"
52.33.40.213 - - [07/Feb/2016:11:51:22 -0800] "GET /lib/reccapi.php?resort=sugarbowl HTTP/1.1" 200 945 "-" "node-superagent/1.4.0"
52.33.40.213 - - [07/Feb/2016:11:52:02 -0800] "GET /lib/reccapi.php?resort=sundayriver HTTP/1.1" 200 999 "-" "node-superagent/1.4.0"
52.33.40.213 - - [07/Feb/2016:11:52:02 -0800] "GET /lib/reccapi.php?resort=sunpeaksresort HTTP/1.1" 200 927 "-" "node-superagent/1.4.0"
52.33.40.213 - - [07/Feb/2016:11:52:22 -0800] "GET /lib/reccapi.php?resort=redlodge HTTP/1.1" 200 1071 "-" "node-superagent/1.4.0"
52.33.40.213 - - [07/Feb/2016:11:52:22 -0800] "GET /lib/reccapi.php?resort=redmountain HTTP/1.1" 200 913 "-" "node-superagent/1.4.0"
52.33.40.213 - - [07/Feb/2016:11:52:22 -0800] "GET /lib/reccapi.php?resort=mountainhigh HTTP/1.1" 200 994 "-" "node-superagent/1.4.0"
52.33.40.213 - - [07/Feb/2016:11:52:22 -0800] "GET /lib/reccapi.php?resort=loveland HTTP/1.1" 200 998 "-" "node-superagent/1.4.0"
52.33.40.213 - - [07/Feb/2016:11:52:32 -0800] "GET /lib/reccapi.php?resort=whitefacemountain HTTP/1.1" 200 1033 "-" "node-superagent/1.4.0"
52.33.40.213 - - [07/Feb/2016:11:52:42 -0800] "GET /lib/reccapi.php?resort=sierra-at-tahoe HTTP/1.1" 200 965 "-" "node-superagent/1.4.0"
52.33.40.213 - - [07/Feb/2016:11:52:42 -0800] "GET /lib/reccapi.php?resort=wildcatmountain HTTP/1.1" 200 1003 "-" "node-superagent/1.4.0"
52.33.40.213 - - [07/Feb/2016:11:53:22 -0800] "GET /lib/reccapi.php?resort=snowbasin HTTP/1.1" 200 976 "-" "node-superagent/1.4.0"
52.33.40.213 - - [07/Feb/2016:11:53:22 -0800] "GET /lib/reccapi.php?resort=silverstarmountain HTTP/1.1" 200 928 "-" "node-superagent/1.4.0"
107.15.203.204 - - [07/Feb/2016:11:54:46 -0800] "GET /images/wsis-logo-sm.png HTTP/1.1" 200 6108 "http://www.thebackcountry.net/" "Mozilla/5.0 (Linux; Android 5.0.1; SAMSUNG SCH-I545 4G Build/LRX22C) AppleWebKit/537.36 (KHTML, like Gecko) SamsungBrowser/2.1 Chrome/34.0.1847.76 Mobile Safari/537.36"
75.111.99.92 - - [07/Feb/2016:11:59:11 -0800] "GET /images/wsis-logo-sm.png HTTP/1.1" 200 6108 "http://www.thebackcountry.net/" "Mozilla/5.0 (iPhone; CPU iPhone OS 7_1_1 like Mac OS X) AppleWebKit/537.51.2 (KHTML, like Gecko) Version/7.0 Mobile/11D201 Safari/9537.53"
170.75.162.130 - - [07/Feb/2016:12:05:27 -0800] "GET /lib/reccapi.php?resort=alta HTTP/1.1" 200 994 "-" "node-superagent/1.4.0"
170.75.162.130 - - [07/Feb/2016:12:05:27 -0800] "GET /lib/reccapi.php?resort=brianhead HTTP/1.1" 200 997 "-" "node-superagent/1.4.0"
170.75.162.130 - - [07/Feb/2016:12:05:27 -0800] "GET /lib/reccapi.php?resort=mammothmountain HTTP/1.1" 200 975 "-" "node-superagent/1.4.0"
170.75.162.130 - - [07/Feb/2016:12:05:28 -0800] "GET /lib/reccapi.php?resort=squawvalleyusa HTTP/1.1" 200 965 "-" "node-superagent/1.4.0"
195.154.226.90 - - [07/Feb/2016:12:09:37 -0800] "HEAD /wp-trackback.php HTTP/" 404 182 "-" "Mozilla/4.0 (compatible; MSIE 6.0; Windows NT 5.1; SV1; .NET CLR 2.0.50727)"
66.249.79.234 - - [07/Feb/2016:12:10:14 -0800] "GET /resorts?resort=magicmountain HTTP/1.1" 404 506 "-" "SAMSUNG-SGH-E250/1.0 Profile/MIDP-2.0 Configuration/CLDC-1.1 UP.Browser/6.2.3.3.c.1.101 (GUI) MMP/2.0 (compatible; Googlebot-Mobile/2.1; +http://www.google.com/bot.html)"
52.33.40.213 - - [07/Feb/2016:12:11:43 -0800] "GET /lib/reccapi.php?resort=coppermountain HTTP/1.1" 200 1011 "-" "node-superagent/1.4.0"
52.33.40.213 - - [07/Feb/2016:12:12:13 -0800] "GET /lib/reccapi.php?resort=deervalley HTTP/1.1" 200 984 "-" "node-superagent/1.4.0"
195.154.226.90 - - [07/Feb/2016:12:14:13 -0800] "HEAD /wp-trackback.php HTTP/" 404 182 "-" "Mozilla/4.0 (compatible; MSIE 6.0; Windows NT 5.1; SV1; .NET CLR 2.0.50727)"
162.197.210.61 - - [07/Feb/2016:12:16:25 -0800] "GET /images/wsis-logo-sm.png HTTP/1.1" 200 6108 "http://www.thebackcountry.net/" "Mozilla/5.0 (Windows NT 6.0) AppleWebKit/537.36 (KHTML, like Gecko) Chrome/48.0.2564.103 Safari/537.36"
66.249.79.234 - - [07/Feb/2016:12:19:50 -0800] "GET /resorts?resort=bearvalleymountain HTTP/1.1" 404 506 "-" "DoCoMo/2.0 N905i(c100;TB;W24H16) (compatible; Googlebot-Mobile/2.1; +http://www.google.com/bot.html)"
66.249.79.234 - - [07/Feb/2016:12:27:36 -0800] "GET /lib/reccapi.php?resort=eaglecrestskiarea&date=2016-01-02 HTTP/1.1" 200 697 "http://whereshouldiski.com/" "Mozilla/5.0 (compatible; Googlebot/2.1; +http://www.google.com/bot.html)"
170.75.162.130 - - [07/Feb/2016:12:28:30 -0800] "GET /lib/reccapi.php?resort=sugarloaf HTTP/1.1" 200 999 "-" "node-superagent/1.4.0"
104.183.5.187 - - [07/Feb/2016:12:31:42 -0800] "GET /images/wsis-logo-sm.png HTTP/1.1" 200 6108 "http://www.thebackcountry.net/" "Mozilla/5.0 (Macintosh; Intel Mac OS X 10_10_5) AppleWebKit/600.8.9 (KHTML, like Gecko) Version/8.0.8 Safari/600.8.9"
66.249.79.227 - - [07/Feb/2016:12:31:44 -0800] "GET /resorts?resort=bigsky&date=2014-04-02 HTTP/1.1" 404 506 "-" "DoCoMo/2.0 N905i(c100;TB;W24H16) (compatible; Googlebot-Mobile/2.1; +http://www.google.com/bot.html)"
180.76.15.141 - - [07/Feb/2016:12:33:35 -0800] "GET / HTTP/1.1" 200 6995 "-" "Mozilla/5.0 (compatible; Baiduspider/2.0; +http://www.baidu.com/search/spider.html)"
180.76.15.159 - - [07/Feb/2016:12:34:30 -0800] "GET / HTTP/1.1" 200 6995 "-" "Mozilla/5.0 (compatible; Baiduspider/2.0; +http://www.baidu.com/search/spider.html)"
72.47.149.127 - - [07/Feb/2016:12:34:52 -0800] "GET /images/wsis-logo-sm.png HTTP/1.1" 200 6108 "http://www.thebackcountry.net/" "Mozilla/5.0 (iPhone; CPU iPhone OS 9_2_1 like Mac OS X) AppleWebKit/601.1.46 (KHTML, like Gecko) Version/9.0 Mobile/13D15 Safari/601.1"
66.249.79.15 - - [07/Feb/2016:12:43:09 -0800] "GET / HTTP/1.1" 200 2615 "-" "Mozilla/5.0 (compatible; Googlebot/2.1; +http://www.google.com/bot.html)"
170.75.162.130 - - [07/Feb/2016:13:11:55 -0800] "GET /lib/reccapi.php?resort=mtrose HTTP/1.1" 200 952 "-" "node-superagent/1.4.0"
66.249.79.220 - - [07/Feb/2016:13:24:32 -0800] "GET /resorts?resort=silverstarmountain HTTP/1.1" 404 506 "-" "DoCoMo/2.0 N905i(c100;TB;W24H16) (compatible; Googlebot-Mobile/2.1; +http://www.google.com/bot.html)"
66.249.79.234 - - [07/Feb/2016:13:25:36 -0800] "GET /resorts?resort=sunvalley HTTP/1.1" 404 506 "-" "SAMSUNG-SGH-E250/1.0 Profile/MIDP-2.0 Configuration/CLDC-1.1 UP.Browser/6.2.3.3.c.1.101 (GUI) MMP/2.0 (compatible; Googlebot-Mobile/2.1; +http://www.google.com/bot.html)"
52.33.40.213 - - [07/Feb/2016:13:27:56 -0800] "GET /lib/reccapi.php?resort=sugarloaf HTTP/1.1" 200 999 "-" "node-superagent/1.4.0"
52.33.40.213 - - [07/Feb/2016:13:27:56 -0800] "GET /lib/reccapi.php?resort=smugglersnotch HTTP/1.1" 200 1011 "-" "node-superagent/1.4.0"
52.33.40.213 - - [07/Feb/2016:13:28:06 -0800] "GET /lib/reccapi.php?resort=solitude HTTP/1.1" 200 989 "-" "node-superagent/1.4.0"
170.75.162.130 - - [07/Feb/2016:13:33:37 -0800] "GET /lib/reccapi.php?resort=redlodge HTTP/1.1" 200 1071 "-" "node-superagent/1.4.0"
180.76.15.151 - - [07/Feb/2016:13:34:54 -0800] "GET / HTTP/1.1" 200 6995 "-" "Mozilla/5.0 (compatible; Baiduspider/2.0; +http://www.baidu.com/search/spider.html)"
180.76.15.159 - - [07/Feb/2016:13:35:51 -0800] "GET / HTTP/1.1" 200 6995 "-" "Mozilla/5.0 (compatible; Baiduspider/2.0; +http://www.baidu.com/search/spider.html)"
170.75.162.130 - - [07/Feb/2016:13:35:58 -0800] "GET /lib/reccapi.php?resort=mounthoodmeadows HTTP/1.1" 200 1014 "-" "node-superagent/1.4.0"
216.171.221.229 - - [07/Feb/2016:13:38:57 -0800] "GET /images/wsis-logo-sm.png HTTP/1.1" 200 6108 "http://www.thebackcountry.net/" "Mozilla/5.0 (iPhone; CPU iPhone OS 9_2_1 like Mac OS X) AppleWebKit/601.1.46 (KHTML, like Gecko) Version/9.0 Mobile/13D15 Safari/601.1"
170.75.162.130 - - [07/Feb/2016:13:43:39 -0800] "GET /lib/reccapi.php?resort=alpinemeadows HTTP/1.1" 200 974 "-" "node-superagent/1.4.0"
170.75.162.130 - - [07/Feb/2016:13:43:39 -0800] "GET /lib/reccapi.php?resort=diamondpeak HTTP/1.1" 200 948 "-" "node-superagent/1.4.0"
170.75.162.130 - - [07/Feb/2016:13:43:39 -0800] "GET /lib/reccapi.php?resort=heavenly HTTP/1.1" 200 961 "-" "node-superagent/1.4.0"
170.75.162.130 - - [07/Feb/2016:13:43:39 -0800] "GET /lib/reccapi.php?resort=homewoodmountain HTTP/1.1" 200 968 "-" "node-superagent/1.4.0"
170.75.162.130 - - [07/Feb/2016:13:43:39 -0800] "GET /lib/reccapi.php?resort=kirkwood HTTP/1.1" 200 981 "-" "node-superagent/1.4.0"
170.75.162.130 - - [07/Feb/2016:13:43:39 -0800] "GET /lib/reccapi.php?resort=northstar-at-tahoe HTTP/1.1" 200 951 "-" "node-superagent/1.4.0"
170.75.162.130 - - [07/Feb/2016:13:43:39 -0800] "GET /lib/reccapi.php?resort=sierra-at-tahoe HTTP/1.1" 200 965 "-" "node-superagent/1.4.0"
170.75.162.130 - - [07/Feb/2016:13:43:39 -0800] "GET /lib/reccapi.php?resort=sugarbowl HTTP/1.1" 200 945 "-" "node-superagent/1.4.0"
47.33.6.101 - - [07/Feb/2016:13:53:58 -0800] "GET /images/wsis-logo-sm.png HTTP/1.1" 200 6108 "http://www.thebackcountry.net/" "Mozilla/5.0 (Macintosh; Intel Mac OS X 10_9_5) AppleWebKit/537.36 (KHTML, like Gecko) Chrome/48.0.2564.103 Safari/537.36"
170.75.162.130 - - [07/Feb/2016:13:54:40 -0800] "GET /lib/reccapi.php?resort=mountspokane HTTP/1.1" 200 1020 "-" "node-superagent/1.4.0"
170.75.162.130 - - [07/Feb/2016:13:56:30 -0800] "GET /lib/reccapi.php?resort=chinapeak HTTP/1.1" 200 958 "-" "node-superagent/1.4.0"
66.249.79.227 - - [07/Feb/2016:13:57:12 -0800] "GET /resorts?resort=powderridge&date=2013-12-17 HTTP/1.1" 404 506 "-" "Mozilla/5.0 (iPhone; CPU iPhone OS 8_3 like Mac OS X) AppleWebKit/600.1.4 (KHTML, like Gecko) Version/8.0 Mobile/12F70 Safari/600.1.4 (compatible; Googlebot/2.1; +http://www.google.com/bot.html)"
66.249.79.227 - - [07/Feb/2016:14:06:58 -0800] "GET /lib/reccapi.php?resort=chinapeak&date=2016-01-31 HTTP/1.1" 200 1073 "http://whereshouldiski.com/" "Mozilla/5.0 (compatible; Googlebot/2.1; +http://www.google.com/bot.html)"
66.249.79.234 - - [07/Feb/2016:14:06:59 -0800] "GET /lib/resortDataSearchD3.php?size=7&sortDate=T&resort=chinapeak&dateStart=2016-01-29 HTTP/1.1" 200 870 "http://whereshouldiski.com/" "Mozilla/5.0 (compatible; Googlebot/2.1; +http://www.google.com/bot.html)"
66.249.79.234 - - [07/Feb/2016:14:06:59 -0800] "GET /lib/reccapi.php?fields=t&date=2016-01-31&coords=37.22%2C-119.19&size=7&sort=distance HTTP/1.1" 200 1399 "http://whereshouldiski.com/" "Mozilla/5.0 (compatible; Googlebot/2.1; +http://www.google.com/bot.html)"
170.75.162.130 - - [07/Feb/2016:14:07:01 -0800] "GET /lib/reccapi.php?resort=parkcity HTTP/1.1" 200 1005 "-" "node-superagent/1.4.0"
70.213.6.121 - - [07/Feb/2016:14:07:15 -0800] "GET /images/wsis-logo-sm.png HTTP/1.1" 200 6108 "http://www.thebackcountry.net/" "Mozilla/5.0 (iPhone; CPU iPhone OS 9_2_1 like Mac OS X) AppleWebKit/601.1.46 (KHTML, like Gecko) Version/9.0 Mobile/13D15 Safari/601.1"
52.33.40.213 - - [07/Feb/2016:14:14:58 -0800] "GET /lib/reccapi.php?resort=snowbird HTTP/1.1" 200 975 "-" "node-superagent/1.4.0"
66.249.79.234 - - [07/Feb/2016:14:17:52 -0800] "GET /resorts?resort=mtlemmonskivalley HTTP/1.1" 404 506 "-" "DoCoMo/2.0 N905i(c100;TB;W24H16) (compatible; Googlebot-Mobile/2.1; +http://www.google.com/bot.html)"
184.23.210.83 - - [07/Feb/2016:14:25:05 -0800] "GET /images/wsis-logo-sm.png HTTP/1.1" 200 6108 "http://www.thebackcountry.net/" "Mozilla/5.0 (iPhone; CPU iPhone OS 8_3 like Mac OS X) AppleWebKit/600.1.4 (KHTML, like Gecko) Version/8.0 Mobile/12F70 Safari/600.1.4"
180.76.15.19 - - [07/Feb/2016:14:33:24 -0800] "GET / HTTP/1.1" 200 6995 "-" "Mozilla/5.0 (compatible; Baiduspider/2.0; +http://www.baidu.com/search/spider.html)"
180.76.15.11 - - [07/Feb/2016:14:34:19 -0800] "GET / HTTP/1.1" 200 6995 "-" "Mozilla/5.0 (compatible; Baiduspider/2.0; +http://www.baidu.com/search/spider.html)"
52.33.40.213 - - [07/Feb/2016:14:38:00 -0800] "GET /lib/reccapi.php?resort=parkcity HTTP/1.1" 200 1005 "-" "node-superagent/1.4.0"
66.249.79.220 - - [07/Feb/2016:14:40:58 -0800] "GET /resorts?resort=cannonmountain&date=2013-03-04 HTTP/1.1" 404 506 "-" "SAMSUNG-SGH-E250/1.0 Profile/MIDP-2.0 Configuration/CLDC-1.1 UP.Browser/6.2.3.3.c.1.101 (GUI) MMP/2.0 (compatible; Googlebot-Mobile/2.1; +http://www.google.com/bot.html)"
68.107.122.232 - - [07/Feb/2016:14:42:52 -0800] "GET /images/wsis-logo-sm.png HTTP/1.1" 200 6108 "http://www.thebackcountry.net/" "Mozilla/5.0 (Macintosh; Intel Mac OS X 10_11_3) AppleWebKit/601.4.4 (KHTML, like Gecko) Version/9.0.3 Safari/601.4.4"
52.33.40.213 - - [07/Feb/2016:14:53:40 -0800] "GET /lib/reccapi.php?resort=mountspokane HTTP/1.1" 200 1020 "-" "node-superagent/1.4.0"
52.33.40.213 - - [07/Feb/2016:14:53:40 -0800] "GET /lib/reccapi.php?resort=mountbachelor HTTP/1.1" 200 982 "-" "node-superagent/1.4.0"
52.33.40.213 - - [07/Feb/2016:14:54:40 -0800] "GET /lib/reccapi.php?resort=schweitzer HTTP/1.1" 200 1046 "-" "node-superagent/1.4.0"
52.33.40.213 - - [07/Feb/2016:14:54:50 -0800] "GET /lib/reccapi.php?resort=stevenspass HTTP/1.1" 200 996 "-" "node-superagent/1.4.0"
52.33.40.213 - - [07/Feb/2016:14:56:00 -0800] "GET /lib/reccapi.php?resort=sunvalley HTTP/1.1" 200 1038 "-" "node-superagent/1.4.0"
170.75.162.130 - - [07/Feb/2016:15:08:20 -0800] "GET /lib/reccapi.php?resort=arapahoebasin HTTP/1.1" 200 1016 "-" "node-superagent/1.4.0"
170.75.162.130 - - [07/Feb/2016:15:08:21 -0800] "GET /lib/reccapi.php?resort=keystone HTTP/1.1" 200 1002 "-" "node-superagent/1.4.0"
66.249.79.234 - - [07/Feb/2016:15:10:37 -0800] "GET /resorts?resort=kellycanyon HTTP/1.1" 404 506 "-" "DoCoMo/2.0 N905i(c100;TB;W24H16) (compatible; Googlebot-Mobile/2.1; +http://www.google.com/bot.html)"
123.125.71.45 - - [07/Feb/2016:15:16:24 -0800] "GET /robots.txt HTTP/1.1" 200 382 "-" "Mozilla/5.0 (Windows NT 5.1; rv:6.0.2) Gecko/20100101 Firefox/6.0.2"
70.196.195.123 - - [07/Feb/2016:15:21:02 -0800] "GET / HTTP/1.1" 200 2615 "-" "Mozilla/5.0 (iPhone; CPU iPhone OS 9_2 like Mac OS X) AppleWebKit/601.1.46 (KHTML, like Gecko) Version/9.0 Mobile/13C75 Safari/601.1"
70.196.195.123 - - [07/Feb/2016:15:21:02 -0800] "GET /styles/ee08faa9.main.css HTTP/1.1" 200 19446 "http://whereshouldiski.com/" "Mozilla/5.0 (iPhone; CPU iPhone OS 9_2 like Mac OS X) AppleWebKit/601.1.46 (KHTML, like Gecko) Version/9.0 Mobile/13C75 Safari/601.1"
70.196.195.123 - - [07/Feb/2016:15:21:02 -0800] "GET /images/logo-square-white-sm.png HTTP/1.1" 200 1684 "http://whereshouldiski.com/" "Mozilla/5.0 (iPhone; CPU iPhone OS 9_2 like Mac OS X) AppleWebKit/601.1.46 (KHTML, like Gecko) Version/9.0 Mobile/13C75 Safari/601.1"
172.5.126.3 - - [07/Feb/2016:15:23:51 -0800] "GET /images/wsis-logo-sm.png HTTP/1.1" 200 6108 "http://www.thebackcountry.net/" "Mozilla/5.0 (Windows NT 6.1; WOW64) AppleWebKit/537.36 (KHTML, like Gecko) Chrome/48.0.2564.103 Safari/537.36"
180.76.15.19 - - [07/Feb/2016:15:31:25 -0800] "GET / HTTP/1.1" 200 6995 "-" "Mozilla/5.0 (compatible; Baiduspider/2.0; +http://www.baidu.com/search/spider.html)"
180.76.15.16 - - [07/Feb/2016:15:32:13 -0800] "GET / HTTP/1.1" 200 6995 "-" "Mozilla/5.0 (compatible; Baiduspider/2.0; +http://www.baidu.com/search/spider.html)"
52.33.40.213 - - [07/Feb/2016:15:51:03 -0800] "GET /lib/reccapi.php?resort=brianhead HTTP/1.1" 200 999 "-" "node-superagent/1.4.0"
52.33.40.213 - - [07/Feb/2016:15:51:13 -0800] "GET /lib/reccapi.php?resort=angelfire HTTP/1.1" 200 973 "-" "node-superagent/1.4.0"
52.33.40.213 - - [07/Feb/2016:15:51:53 -0800] "GET /lib/reccapi.php?resort=crystalmountain HTTP/1.1" 200 977 "-" "node-superagent/1.4.0"
52.33.40.213 - - [07/Feb/2016:15:52:03 -0800] "GET /lib/reccapi.php?resort=mounthoodmeadows HTTP/1.1" 200 1015 "-" "node-superagent/1.4.0"
52.33.40.213 - - [07/Feb/2016:15:52:13 -0800] "GET /lib/reccapi.php?resort=monarch HTTP/1.1" 200 998 "-" "node-superagent/1.4.0"
47.208.169.78 - - [07/Feb/2016:15:56:21 -0800] "GET /images/wsis-logo-sm.png HTTP/1.1" 200 6108 "http://www.thebackcountry.net/" "Mozilla/5.0 (Linux; Android 5.1.1; SM-G920V Build/LMY47X) AppleWebKit/537.36 (KHTML, like Gecko) Chrome/48.0.2564.95 Mobile Safari/537.36"
66.249.79.234 - - [07/Feb/2016:15:56:22 -0800] "GET /resorts?resort=parkcity HTTP/1.1" 404 506 "-" "SAMSUNG-SGH-E250/1.0 Profile/MIDP-2.0 Configuration/CLDC-1.1 UP.Browser/6.2.3.3.c.1.101 (GUI) MMP/2.0 (compatible; Googlebot-Mobile/2.1; +http://www.google.com/bot.html)"
47.208.169.78 - - [07/Feb/2016:15:56:42 -0800] "-" 408 0 "-" "-"
52.33.40.213 - - [07/Feb/2016:15:57:13 -0800] "GET /lib/reccapi.php?resort=alyeska HTTP/1.1" 200 1006 "-" "node-superagent/1.4.0"
47.208.169.78 - - [07/Feb/2016:15:58:18 -0800] "-" 408 0 "-" "-"
47.208.169.78 - - [07/Feb/2016:15:58:18 -0800] "-" 408 0 "-" "-"
47.208.169.78 - - [07/Feb/2016:15:58:18 -0800] "-" 408 0 "-" "-"
170.75.162.130 - - [07/Feb/2016:16:01:28 -0800] "GET /lib/reccapi.php?resort=mountainhigh HTTP/1.1" 200 992 "-" "node-superagent/1.4.0"
66.249.79.220 - - [07/Feb/2016:16:01:28 -0800] "GET /lib/reccapi.php?resort=49degreesnorth&date=2016-02-06 HTTP/1.1" 200 1079 "http://whereshouldiski.com/" "Mozilla/5.0 (compatible; Googlebot/2.1; +http://www.google.com/bot.html)"
66.249.79.234 - - [07/Feb/2016:16:01:30 -0800] "GET /lib/reccapi.php?fields=t&date=2016-02-06&coords=48.28%2C-117.56&size=7&sort=distance HTTP/1.1" 200 1416 "http://whereshouldiski.com/" "Mozilla/5.0 (compatible; Googlebot/2.1; +http://www.google.com/bot.html)"
66.249.79.227 - - [07/Feb/2016:16:01:30 -0800] "GET /lib/resortDataSearchD3.php?size=7&sortDate=T&resort=49degreesnorth&dateStart=2016-02-04 HTTP/1.1" 200 856 "http://whereshouldiski.com/" "Mozilla/5.0 (compatible; Googlebot/2.1; +http://www.google.com/bot.html)"
73.252.173.251 - - [07/Feb/2016:16:02:43 -0800] "GET /images/wsis-logo-sm.png HTTP/1.1" 200 6108 "http://www.thebackcountry.net/" "Mozilla/5.0 (Windows NT 6.3; WOW64) AppleWebKit/537.36 (KHTML, like Gecko) Chrome/48.0.2564.103 Safari/537.36"
66.249.79.220 - - [07/Feb/2016:16:03:21 -0800] "GET /resorts?resort=elkridge HTTP/1.1" 404 506 "-" "DoCoMo/2.0 N905i(c100;TB;W24H16) (compatible; Googlebot-Mobile/2.1; +http://www.google.com/bot.html)"
52.33.40.213 - - [07/Feb/2016:16:09:14 -0800] "GET /lib/reccapi.php?resort=49degreesnorth HTTP/1.1" 200 1044 "-" "node-superagent/1.4.0"
170.75.162.130 - - [07/Feb/2016:16:12:20 -0800] "GET /lib/reccapi.php?resort=devilshead HTTP/1.1" 200 945 "-" "node-superagent/1.4.0"
72.234.157.103 - - [07/Feb/2016:16:17:37 -0800] "GET /images/wsis-logo-sm.png HTTP/1.1" 200 6108 "http://thebackcountry.net/" "Mozilla/5.0 (Macintosh; Intel Mac OS X 10_5_8) AppleWebKit/534.50.2 (KHTML, like Gecko) Version/5.0.6 Safari/533.22.3"
94.185.83.100 - - [07/Feb/2016:16:23:02 -0800] "GET http://testp3.pospr.waw.pl/testproxy.php HTTP/1.1" 404 449 "-" "Mozilla/5.0 (Windows NT 5.1; rv:32.0) Gecko/20100101 Firefox/31.0"
66.249.79.220 - - [07/Feb/2016:16:25:00 -0800] "GET /images/wsis-logo-sm.png HTTP/1.1" 304 187 "-" "Googlebot-Image/1.0"
66.249.79.220 - - [07/Feb/2016:16:25:00 -0800] "GET /robots.txt HTTP/1.1" 200 418 "-" "Mozilla/5.0 (compatible; Googlebot/2.1; +http://www.google.com/bot.html)"
66.249.79.234 - - [07/Feb/2016:16:25:04 -0800] "GET /images/viz-screenshot.png HTTP/1.1" 404 517 "-" "Googlebot-Image/1.0"
66.249.79.220 - - [07/Feb/2016:16:25:43 -0800] "GET /images/logo-square-white-sm.png HTTP/1.1" 304 186 "-" "Googlebot-Image/1.0"
52.33.40.213 - - [07/Feb/2016:16:28:34 -0800] "GET /lib/reccapi.php?resort=bigsky HTTP/1.1" 200 1006 "-" "node-superagent/1.4.0"
52.33.40.213 - - [07/Feb/2016:16:28:44 -0800] "GET /lib/reccapi.php?resort=keystone HTTP/1.1" 200 1002 "-" "node-superagent/1.4.0"
52.33.40.213 - - [07/Feb/2016:16:32:35 -0800] "GET /lib/reccapi.php?resort=arapahoebasin HTTP/1.1" 200 1016 "-" "node-superagent/1.4.0"
73.189.6.150 - - [07/Feb/2016:16:33:54 -0800] "GET /images/wsis-logo-sm.png HTTP/1.1" 200 6108 "http://www.thebackcountry.net/" "Mozilla/5.0 (Macintosh; Intel Mac OS X 10_10_5) AppleWebKit/537.36 (KHTML, like Gecko) Chrome/47.0.2526.106 Safari/537.36"
180.76.15.160 - - [07/Feb/2016:16:34:45 -0800] "GET / HTTP/1.1" 200 6995 "-" "Mozilla/5.0 (compatible; Baiduspider/2.0; +http://www.baidu.com/search/spider.html)"
180.76.15.136 - - [07/Feb/2016:16:35:44 -0800] "GET / HTTP/1.1" 200 6995 "-" "Mozilla/5.0 (compatible; Baiduspider/2.0; +http://www.baidu.com/search/spider.html)"
52.33.40.213 - - [07/Feb/2016:16:40:15 -0800] "GET /lib/reccapi.php?resort=taos HTTP/1.1" 200 927 "-" "node-superagent/1.4.0"
66.249.79.227 - - [07/Feb/2016:16:41:02 -0800] "GET /lib/reccapi.php?resort=chinapeak&date=2016-02-01 HTTP/1.1" 200 1035 "http://whereshouldiski.com/" "Mozilla/5.0 (compatible; Googlebot/2.1; +http://www.google.com/bot.html)"
66.249.79.234 - - [07/Feb/2016:16:41:03 -0800] "GET /lib/resortDataSearchD3.php?size=7&sortDate=T&resort=chinapeak&dateStart=2016-01-30 HTTP/1.1" 200 871 "http://whereshouldiski.com/" "Mozilla/5.0 (compatible; Googlebot/2.1; +http://www.google.com/bot.html)"
