54.145.252.132 - - [29/Feb/2016:13:33:30 -0800] "GET /robots.txt HTTP/1.1" 200 363 "-" "Googlebot (gocrawl v0.4)"
54.145.252.132 - - [29/Feb/2016:13:33:41 -0800] "GET / HTTP/1.1" 200 2559 "-" "Mozilla/5.0 (Windows NT 6.1; rv:15.0) Gecko/20120716 Firefox/15.0a2"
180.76.15.160 - - [29/Feb/2016:13:33:44 -0800] "GET / HTTP/1.1" 200 6995 "-" "Mozilla/5.0 (compatible; Baiduspider/2.0; +http://www.baidu.com/search/spider.html)"
123.125.71.47 - - [29/Feb/2016:13:39:06 -0800] "-" 408 0 "-" "-"
207.46.13.192 - - [29/Feb/2016:13:39:39 -0800] "GET /robots.txt HTTP/1.1" 200 375 "-" "Mozilla/5.0 (compatible; bingbot/2.0; +http://www.bing.com/bingbot.htm)"
207.46.13.192 - - [29/Feb/2016:13:39:43 -0800] "GET / HTTP/1.1" 200 2615 "-" "Mozilla/5.0 (compatible; bingbot/2.0; +http://www.bing.com/bingbot.htm)"
131.179.15.27 - - [29/Feb/2016:13:39:59 -0800] "GET / HTTP/1.1" 200 2615 "https://www.google.com/" "Mozilla/5.0 (Macintosh; Intel Mac OS X 10_11_2) AppleWebKit/537.36 (KHTML, like Gecko) Chrome/48.0.2564.116 Safari/537.36"
131.179.15.27 - - [29/Feb/2016:13:39:59 -0800] "GET /styles/ee08faa9.main.css HTTP/1.1" 200 19446 "http://whereshouldiski.com/" "Mozilla/5.0 (Macintosh; Intel Mac OS X 10_11_2) AppleWebKit/537.36 (KHTML, like Gecko) Chrome/48.0.2564.116 Safari/537.36"
131.179.15.27 - - [29/Feb/2016:13:39:59 -0800] "GET /scripts/scripts/vendor/modernizr.js HTTP/1.1" 200 4903 "http://whereshouldiski.com/" "Mozilla/5.0 (Macintosh; Intel Mac OS X 10_11_2) AppleWebKit/537.36 (KHTML, like Gecko) Chrome/48.0.2564.116 Safari/537.36"
131.179.15.27 - - [29/Feb/2016:13:39:59 -0800] "GET /images/logo-square-white-sm.png HTTP/1.1" 200 1683 "http://whereshouldiski.com/" "Mozilla/5.0 (Macintosh; Intel Mac OS X 10_11_2) AppleWebKit/537.36 (KHTML, like Gecko) Chrome/48.0.2564.116 Safari/537.36"
131.179.15.27 - - [29/Feb/2016:13:39:59 -0800] "GET /images/loading.gif HTTP/1.1" 200 13881 "http://whereshouldiski.com/" "Mozilla/5.0 (Macintosh; Intel Mac OS X 10_11_2) AppleWebKit/537.36 (KHTML, like Gecko) Chrome/48.0.2564.116 Safari/537.36"
131.179.15.27 - - [29/Feb/2016:13:39:59 -0800] "GET /bower_components/requirejs/require.js HTTP/1.1" 200 6701 "http://whereshouldiski.com/" "Mozilla/5.0 (Macintosh; Intel Mac OS X 10_11_2) AppleWebKit/537.36 (KHTML, like Gecko) Chrome/48.0.2564.116 Safari/537.36"
131.179.15.27 - - [29/Feb/2016:13:39:59 -0800] "GET /favicon.ico HTTP/1.1" 200 4612 "http://whereshouldiski.com/" "Mozilla/5.0 (Macintosh; Intel Mac OS X 10_11_2) AppleWebKit/537.36 (KHTML, like Gecko) Chrome/48.0.2564.116 Safari/537.36"
131.179.15.27 - - [29/Feb/2016:13:40:00 -0800] "GET /scripts/fa48e319.main.js HTTP/1.1" 200 123455 "http://whereshouldiski.com/" "Mozilla/5.0 (Macintosh; Intel Mac OS X 10_11_2) AppleWebKit/537.36 (KHTML, like Gecko) Chrome/48.0.2564.116 Safari/537.36"
131.179.15.27 - - [29/Feb/2016:13:40:00 -0800] "GET /images/button.png HTTP/1.1" 200 598 "http://whereshouldiski.com/styles/ee08faa9.main.css" "Mozilla/5.0 (Macintosh; Intel Mac OS X 10_11_2) AppleWebKit/537.36 (KHTML, like Gecko) Chrome/48.0.2564.116 Safari/537.36"
131.179.15.27 - - [29/Feb/2016:13:40:00 -0800] "GET /lib/reccapi.php?fields=t HTTP/1.1" 200 1890 "http://whereshouldiski.com/" "Mozilla/5.0 (Macintosh; Intel Mac OS X 10_11_2) AppleWebKit/537.36 (KHTML, like Gecko) Chrome/48.0.2564.116 Safari/537.36"
131.179.15.27 - - [29/Feb/2016:13:40:00 -0800] "GET /images/greyHeader.png HTTP/1.1" 200 509 "http://whereshouldiski.com/styles/ee08faa9.main.css" "Mozilla/5.0 (Macintosh; Intel Mac OS X 10_11_2) AppleWebKit/537.36 (KHTML, like Gecko) Chrome/48.0.2564.116 Safari/537.36"
131.179.15.27 - - [29/Feb/2016:13:40:00 -0800] "GET /images/star5.png HTTP/1.1" 200 1783 "http://whereshouldiski.com/styles/ee08faa9.main.css" "Mozilla/5.0 (Macintosh; Intel Mac OS X 10_11_2) AppleWebKit/537.36 (KHTML, like Gecko) Chrome/48.0.2564.116 Safari/537.36"
131.179.15.27 - - [29/Feb/2016:13:40:00 -0800] "GET /images/snowflake5.png HTTP/1.1" 200 2857 "http://whereshouldiski.com/styles/ee08faa9.main.css" "Mozilla/5.0 (Macintosh; Intel Mac OS X 10_11_2) AppleWebKit/537.36 (KHTML, like Gecko) Chrome/48.0.2564.116 Safari/537.36"
131.179.15.27 - - [29/Feb/2016:13:40:00 -0800] "GET /images/bluebird5.png HTTP/1.1" 200 2177 "http://whereshouldiski.com/styles/ee08faa9.main.css" "Mozilla/5.0 (Macintosh; Intel Mac OS X 10_11_2) AppleWebKit/537.36 (KHTML, like Gecko) Chrome/48.0.2564.116 Safari/537.36"
131.179.15.27 - - [29/Feb/2016:13:40:00 -0800] "GET /images/mtns-icon.png HTTP/1.1" 200 1097 "http://whereshouldiski.com/styles/ee08faa9.main.css" "Mozilla/5.0 (Macintosh; Intel Mac OS X 10_11_2) AppleWebKit/537.36 (KHTML, like Gecko) Chrome/48.0.2564.116 Safari/537.36"
131.179.15.27 - - [29/Feb/2016:13:40:00 -0800] "GET /images/shading-icon.png HTTP/1.1" 200 537 "http://whereshouldiski.com/styles/ee08faa9.main.css" "Mozilla/5.0 (Macintosh; Intel Mac OS X 10_11_2) AppleWebKit/537.36 (KHTML, like Gecko) Chrome/48.0.2564.116 Safari/537.36"
131.179.15.27 - - [29/Feb/2016:13:40:04 -0800] "GET /lib/reccapi.php?fields=t&coords=34.0693506,-118.4434944 HTTP/1.1" 200 2052 "http://whereshouldiski.com/" "Mozilla/5.0 (Macintosh; Intel Mac OS X 10_11_2) AppleWebKit/537.36 (KHTML, like Gecko) Chrome/48.0.2564.116 Safari/537.36"
131.179.15.27 - - [29/Feb/2016:13:40:10 -0800] "GET /lib/reccapi.php?fields=t&coords=34.0693506,-118.4434944&region=Rockies HTTP/1.1" 200 1693 "http://whereshouldiski.com/" "Mozilla/5.0 (Macintosh; Intel Mac OS X 10_11_2) AppleWebKit/537.36 (KHTML, like Gecko) Chrome/48.0.2564.116 Safari/537.36"
131.179.15.27 - - [29/Feb/2016:13:40:10 -0800] "GET /images/greenHeader.png HTTP/1.1" 200 508 "http://whereshouldiski.com/styles/ee08faa9.main.css" "Mozilla/5.0 (Macintosh; Intel Mac OS X 10_11_2) AppleWebKit/537.36 (KHTML, like Gecko) Chrome/48.0.2564.116 Safari/537.36"
131.179.15.27 - - [29/Feb/2016:13:40:16 -0800] "GET /lib/reccapi.php?fields=t&coords=34.0693506,-118.4434944&region=Rockies&state=UT HTTP/1.1" 200 1314 "http://whereshouldiski.com/" "Mozilla/5.0 (Macintosh; Intel Mac OS X 10_11_2) AppleWebKit/537.36 (KHTML, like Gecko) Chrome/48.0.2564.116 Safari/537.36"
127.0.0.1 - - [29/Feb/2016:13:40:24 -0800] "OPTIONS * HTTP/1.0" 200 126 "-" "Apache/2.2.22 (Ubuntu) (internal dummy connection)"
131.179.15.27 - - [29/Feb/2016:13:40:29 -0800] "GET /lib/reccapi.php?fields=t&coords=34.0693506,-118.4434944&region=Rockies&state=UT&date=2016-03-01 HTTP/1.1" 200 1009 "http://whereshouldiski.com/" "Mozilla/5.0 (Macintosh; Intel Mac OS X 10_11_2) AppleWebKit/537.36 (KHTML, like Gecko) Chrome/48.0.2564.116 Safari/537.36"
131.179.15.27 - - [29/Feb/2016:13:40:34 -0800] "GET /lib/reccapi.php?fields=t&coords=34.0693506,-118.4434944&region=Rockies&state=UT HTTP/1.1" 200 1313 "http://whereshouldiski.com/" "Mozilla/5.0 (Macintosh; Intel Mac OS X 10_11_2) AppleWebKit/537.36 (KHTML, like Gecko) Chrome/48.0.2564.116 Safari/537.36"
131.179.15.27 - - [29/Feb/2016:13:40:36 -0800] "GET /lib/reccapi.php?fields=t&coords=34.0693506,-118.4434944&region=Rockies&state=UT&date=2016-03-05 HTTP/1.1" 200 995 "http://whereshouldiski.com/" "Mozilla/5.0 (Macintosh; Intel Mac OS X 10_11_2) AppleWebKit/537.36 (KHTML, like Gecko) Chrome/48.0.2564.116 Safari/537.36"
131.179.15.27 - - [29/Feb/2016:13:40:39 -0800] "GET /lib/reccapi.php?fields=t&coords=34.0693506,-118.4434944&region=Rockies&state=UT HTTP/1.1" 200 1313 "http://whereshouldiski.com/" "Mozilla/5.0 (Macintosh; Intel Mac OS X 10_11_2) AppleWebKit/537.36 (KHTML, like Gecko) Chrome/48.0.2564.116 Safari/537.36"
66.249.75.8 - - [29/Feb/2016:13:43:14 -0800] "GET /lib/reccapi.php?resort=crystalmountain&date=2016-02-06 HTTP/1.1" 200 1099 "http://whereshouldiski.com/" "Mozilla/5.0 (compatible; Googlebot/2.1; +http://www.google.com/bot.html)"
66.249.75.114 - - [29/Feb/2016:13:43:16 -0800] "GET /lib/resortDataSearchD3.php?size=7&sortDate=T&resort=crystalmountain&dateStart=2016-02-04 HTTP/1.1" 200 878 "http://whereshouldiski.com/" "Mozilla/5.0 (compatible; Googlebot/2.1; +http://www.google.com/bot.html)"
66.249.75.8 - - [29/Feb/2016:13:43:16 -0800] "GET /lib/reccapi.php?fields=t&date=2016-02-06&coords=46.92%2C-121.49&size=7&sort=distance HTTP/1.1" 200 1418 "http://whereshouldiski.com/" "Mozilla/5.0 (compatible; Googlebot/2.1; +http://www.google.com/bot.html)"
199.21.87.210 - - [29/Feb/2016:13:45:22 -0800] "GET /images/wsis-logo-sm.png HTTP/1.1" 200 6108 "http://www.thebackcountry.net/" "Mozilla/5.0 (Macintosh; Intel Mac OS X 10_11_3) AppleWebKit/537.36 (KHTML, like Gecko) Chrome/49.0.2623.63 Safari/537.36"
66.209.91.254 - - [29/Feb/2016:13:46:08 -0800] "GET /images/wsis-logo-sm.png HTTP/1.1" 200 6108 "http://www.thebackcountry.net/" "Mozilla/5.0 (Macintosh; Intel Mac OS X 10_11_2) AppleWebKit/537.36 (KHTML, like Gecko) Chrome/48.0.2564.97 Safari/537.36"
84.108.77.68 - - [29/Feb/2016:14:00:00 -0800] "GET /images/wsis-logo-sm.png HTTP/1.1" 200 6108 "http://www.thebackcountry.net/" "Mozilla/5.0 (Macintosh; Intel Mac OS X 10_11_3) AppleWebKit/537.36 (KHTML, like Gecko) Chrome/48.0.2564.116 Safari/537.36"
170.75.162.130 - - [29/Feb/2016:14:00:59 -0800] "GET /lib/reccapi.php?resort=homewoodmountain HTTP/1.1" 200 974 "-" "node-superagent/1.4.0"
71.83.112.218 - - [29/Feb/2016:14:02:01 -0800] "GET /images/wsis-logo-sm.png HTTP/1.1" 200 6108 "http://www.thebackcountry.net/" "Mozilla/5.0 (Macintosh; Intel Mac OS X 10_10_5) AppleWebKit/601.4.4 (KHTML, like Gecko) Version/9.0.3 Safari/601.4.4"
66.249.75.114 - - [29/Feb/2016:14:05:54 -0800] "GET /lib/reccapi.php?resort=crystalmountain&date=2016-02-08 HTTP/1.1" 200 1014 "http://whereshouldiski.com/" "Mozilla/5.0 (compatible; Googlebot/2.1; +http://www.google.com/bot.html)"
66.249.75.8 - - [29/Feb/2016:14:05:56 -0800] "GET /lib/reccapi.php?fields=t&date=2016-02-08&coords=46.92%2C-121.49&size=7&sort=distance HTTP/1.1" 200 1351 "http://whereshouldiski.com/" "Mozilla/5.0 (compatible; Googlebot/2.1; +http://www.google.com/bot.html)"
66.249.75.121 - - [29/Feb/2016:14:05:56 -0800] "GET /lib/resortDataSearchD3.php?size=7&sortDate=T&resort=crystalmountain&dateStart=2016-02-06 HTTP/1.1" 200 867 "http://whereshouldiski.com/" "Mozilla/5.0 (compatible; Googlebot/2.1; +http://www.google.com/bot.html)"
170.75.162.130 - - [29/Feb/2016:14:11:51 -0800] "GET /lib/reccapi.php?resort=telluride HTTP/1.1" 200 1020 "-" "node-superagent/1.4.0"
123.125.71.89 - - [29/Feb/2016:14:18:45 -0800] "GET /robots.txt HTTP/1.1" 200 382 "-" "Mozilla/5.0 (compatible; Baiduspider/2.0; +http://www.baidu.com/search/spider.html)"
66.249.75.121 - - [29/Feb/2016:14:22:25 -0800] "GET /lib/reccapi.php?resort=crystalmountain&date=2016-02-14 HTTP/1.1" 200 1103 "http://whereshouldiski.com/" "Mozilla/5.0 (compatible; Googlebot/2.1; +http://www.google.com/bot.html)"
66.249.75.8 - - [29/Feb/2016:14:22:27 -0800] "GET /lib/reccapi.php?fields=t&date=2016-02-14&coords=46.92%2C-121.49&size=7&sort=distance HTTP/1.1" 200 1379 "http://whereshouldiski.com/" "Mozilla/5.0 (compatible; Googlebot/2.1; +http://www.google.com/bot.html)"
66.249.75.121 - - [29/Feb/2016:14:22:27 -0800] "GET /lib/resortDataSearchD3.php?size=7&sortDate=T&resort=crystalmountain&dateStart=2016-02-12 HTTP/1.1" 200 883 "http://whereshouldiski.com/" "Mozilla/5.0 (compatible; Googlebot/2.1; +http://www.google.com/bot.html)"
206.29.176.52 - - [29/Feb/2016:14:22:57 -0800] "GET /lib/reccapi.php?fields=t&state=WA&powder=3 HTTP/1.1" 200 951 "http://whereshouldiski.com/" "Mozilla/5.0 (Macintosh; Intel Mac OS X 10_10_5) AppleWebKit/600.8.9 (KHTML, like Gecko) WebClip/10601.4.2 Safari/10601.4.4"
170.75.162.130 - - [29/Feb/2016:14:23:12 -0800] "GET /lib/reccapi.php?resort=bigwhite HTTP/1.1" 200 927 "-" "node-superagent/1.4.0"
170.75.162.130 - - [29/Feb/2016:14:23:12 -0800] "GET /lib/reccapi.php?resort=alpinemeadows HTTP/1.1" 200 967 "-" "node-superagent/1.4.0"
170.75.162.130 - - [29/Feb/2016:14:23:12 -0800] "GET /lib/reccapi.php?resort=alyeska HTTP/1.1" 200 1014 "-" "node-superagent/1.4.0"
170.75.162.130 - - [29/Feb/2016:14:23:12 -0800] "GET /lib/reccapi.php?resort=chinapeak HTTP/1.1" 200 984 "-" "node-superagent/1.4.0"
170.75.162.130 - - [29/Feb/2016:14:24:12 -0800] "GET /lib/reccapi.php?resort=mountainhigh HTTP/1.1" 200 989 "-" "node-superagent/1.4.0"
170.75.162.130 - - [29/Feb/2016:14:24:12 -0800] "GET /lib/reccapi.php?resort=mammothmountain HTTP/1.1" 200 984 "-" "node-superagent/1.4.0"
170.75.162.130 - - [29/Feb/2016:14:24:12 -0800] "GET /lib/reccapi.php?resort=sunpeaksresort HTTP/1.1" 200 928 "-" "node-superagent/1.4.0"
170.75.162.130 - - [29/Feb/2016:14:24:12 -0800] "GET /lib/reccapi.php?resort=redmountain HTTP/1.1" 200 907 "-" "node-superagent/1.4.0"
170.75.162.130 - - [29/Feb/2016:14:24:12 -0800] "GET /lib/reccapi.php?resort=whistlerblackcomb HTTP/1.1" 200 935 "-" "node-superagent/1.4.0"
170.75.162.130 - - [29/Feb/2016:14:24:22 -0800] "GET /lib/reccapi.php?resort=silverstarmountain HTTP/1.1" 200 934 "-" "node-superagent/1.4.0"
170.75.162.130 - - [29/Feb/2016:14:24:22 -0800] "GET /lib/reccapi.php?resort=steamboat HTTP/1.1" 200 1075 "-" "node-superagent/1.4.0"
99.26.253.9 - - [29/Feb/2016:14:26:30 -0800] "GET /images/wsis-logo-sm.png HTTP/1.1" 200 6108 "http://thebackcountry.net/" "Mozilla/5.0 (Windows NT 6.1) AppleWebKit/537.36 (KHTML, like Gecko) Chrome/48.0.2564.116 Safari/537.36"
91.236.213.78 - - [29/Feb/2016:14:28:20 -0800] "GET /administrator/index.php HTTP/1.0" 404 532 "-" "Mozilla/5.0 (Windows NT 6.1; rv:19.0) Gecko/20100101 Firefox/19.0"
159.189.213.48 - - [29/Feb/2016:14:31:44 -0800] "GET / HTTP/1.1" 304 210 "-" "Mozilla/5.0 (Windows NT 6.1; WOW64) AppleWebKit/537.36 (KHTML, like Gecko) Chrome/47.0.2526.80 Safari/537.36"
159.189.213.48 - - [29/Feb/2016:14:31:44 -0800] "GET /lib/reccapi.php?fields=t HTTP/1.1" 200 1890 "http://whereshouldiski.com/" "Mozilla/5.0 (Windows NT 6.1; WOW64) AppleWebKit/537.36 (KHTML, like Gecko) Chrome/47.0.2526.80 Safari/537.36"
159.189.213.48 - - [29/Feb/2016:14:31:48 -0800] "GET /lib/reccapi.php?fields=t&region=Rockies HTTP/1.1" 200 1641 "http://whereshouldiski.com/" "Mozilla/5.0 (Windows NT 6.1; WOW64) AppleWebKit/537.36 (KHTML, like Gecko) Chrome/47.0.2526.80 Safari/537.36"
180.76.15.142 - - [29/Feb/2016:14:31:55 -0800] "GET / HTTP/1.1" 200 6995 "-" "Mozilla/5.0 (compatible; Baiduspider/2.0; +http://www.baidu.com/search/spider.html)"
159.189.213.48 - - [29/Feb/2016:14:31:58 -0800] "GET /lib/reccapi.php?fields=t&region=Rockies&state=UT HTTP/1.1" 200 1258 "http://whereshouldiski.com/" "Mozilla/5.0 (Windows NT 6.1; WOW64) AppleWebKit/537.36 (KHTML, like Gecko) Chrome/47.0.2526.80 Safari/537.36"
159.189.213.48 - - [29/Feb/2016:14:32:02 -0800] "GET /lib/reccapi.php?fields=t&region=Rockies HTTP/1.1" 200 1641 "http://whereshouldiski.com/" "Mozilla/5.0 (Windows NT 6.1; WOW64) AppleWebKit/537.36 (KHTML, like Gecko) Chrome/47.0.2526.80 Safari/537.36"
159.189.213.48 - - [29/Feb/2016:14:32:04 -0800] "GET /lib/reccapi.php?fields=t&region=Rockies&state=MT HTTP/1.1" 200 1410 "http://whereshouldiski.com/" "Mozilla/5.0 (Windows NT 6.1; WOW64) AppleWebKit/537.36 (KHTML, like Gecko) Chrome/47.0.2526.80 Safari/537.36"
159.189.213.48 - - [29/Feb/2016:14:32:06 -0800] "GET /lib/reccapi.php?fields=t&region=Rockies HTTP/1.1" 200 1641 "http://whereshouldiski.com/" "Mozilla/5.0 (Windows NT 6.1; WOW64) AppleWebKit/537.36 (KHTML, like Gecko) Chrome/47.0.2526.80 Safari/537.36"
159.189.213.48 - - [29/Feb/2016:14:32:10 -0800] "GET /lib/reccapi.php?fields=t HTTP/1.1" 200 1890 "http://whereshouldiski.com/" "Mozilla/5.0 (Windows NT 6.1; WOW64) AppleWebKit/537.36 (KHTML, like Gecko) Chrome/47.0.2526.80 Safari/537.36"
159.189.213.48 - - [29/Feb/2016:14:32:12 -0800] "GET /lib/reccapi.php?fields=t&region=BritishColumbia HTTP/1.1" 200 1586 "http://whereshouldiski.com/" "Mozilla/5.0 (Windows NT 6.1; WOW64) AppleWebKit/537.36 (KHTML, like Gecko) Chrome/47.0.2526.80 Safari/537.36"
180.76.15.22 - - [29/Feb/2016:14:32:53 -0800] "GET / HTTP/1.1" 200 6995 "-" "Mozilla/5.0 (compatible; Baiduspider/2.0; +http://www.baidu.com/search/spider.html)"
66.249.75.114 - - [29/Feb/2016:14:41:12 -0800] "GET /lib/reccapi.php?resort=crystalmountain&date=2016-02-05 HTTP/1.1" 200 1114 "http://whereshouldiski.com/" "Mozilla/5.0 (compatible; Googlebot/2.1; +http://www.google.com/bot.html)"
66.249.75.8 - - [29/Feb/2016:14:41:13 -0800] "GET /lib/reccapi.php?fields=t&date=2016-02-05&coords=46.92%2C-121.49&size=7&sort=distance HTTP/1.1" 200 1400 "http://whereshouldiski.com/" "Mozilla/5.0 (compatible; Googlebot/2.1; +http://www.google.com/bot.html)"
66.249.75.121 - - [29/Feb/2016:14:41:14 -0800] "GET /lib/resortDataSearchD3.php?size=7&sortDate=T&resort=crystalmountain&dateStart=2016-02-03 HTTP/1.1" 200 882 "http://whereshouldiski.com/" "Mozilla/5.0 (compatible; Googlebot/2.1; +http://www.google.com/bot.html)"
73.189.109.120 - - [29/Feb/2016:14:48:11 -0800] "GET /images/wsis-logo-sm.png HTTP/1.1" 200 6108 "http://www.thebackcountry.net/" "Mozilla/5.0 (Macintosh; Intel Mac OS X 10_11_3) AppleWebKit/601.4.4 (KHTML, like Gecko) Version/9.0.3 Safari/601.4.4"
68.190.187.126 - - [29/Feb/2016:14:48:43 -0800] "GET /images/wsis-logo-sm.png HTTP/1.1" 200 6108 "http://www.thebackcountry.net/" "Mozilla/5.0 (Macintosh; Intel Mac OS X 10_11_3) AppleWebKit/601.4.4 (KHTML, like Gecko) Version/9.0.3 Safari/601.4.4"
74.95.14.206 - - [29/Feb/2016:14:48:44 -0800] "GET /images/wsis-logo-sm.png HTTP/1.1" 200 6108 "http://www.thebackcountry.net/" "Mozilla/5.0 (Windows NT 6.1; WOW64; Trident/7.0; rv:11.0) like Gecko"
12.13.85.114 - - [29/Feb/2016:14:48:48 -0800] "GET /images/wsis-logo-sm.png HTTP/1.1" 200 6108 "http://www.thebackcountry.net/" "Mozilla/5.0 (Windows NT 6.1; WOW64; Trident/7.0; rv:11.0) like Gecko"
74.95.14.206 - - [29/Feb/2016:14:49:06 -0800] "-" 408 0 "-" "-"
12.13.85.114 - - [29/Feb/2016:14:49:10 -0800] "-" 408 0 "-" "-"
50.46.172.103 - - [29/Feb/2016:14:51:19 -0800] "GET / HTTP/1.1" 200 2615 "-" "Mozilla/5.0 (Windows NT 6.1; WOW64) AppleWebKit/537.36 (KHTML, like Gecko) Chrome/48.0.2564.116 Safari/537.36"
50.46.172.103 - - [29/Feb/2016:14:51:19 -0800] "GET /scripts/scripts/vendor/modernizr.js HTTP/1.1" 200 4903 "http://whereshouldiski.com/" "Mozilla/5.0 (Windows NT 6.1; WOW64) AppleWebKit/537.36 (KHTML, like Gecko) Chrome/48.0.2564.116 Safari/537.36"
50.46.172.103 - - [29/Feb/2016:14:51:19 -0800] "GET /styles/ee08faa9.main.css HTTP/1.1" 200 19446 "http://whereshouldiski.com/" "Mozilla/5.0 (Windows NT 6.1; WOW64) AppleWebKit/537.36 (KHTML, like Gecko) Chrome/48.0.2564.116 Safari/537.36"
50.46.172.103 - - [29/Feb/2016:14:51:19 -0800] "GET /bower_components/requirejs/require.js HTTP/1.1" 200 6701 "http://whereshouldiski.com/" "Mozilla/5.0 (Windows NT 6.1; WOW64) AppleWebKit/537.36 (KHTML, like Gecko) Chrome/48.0.2564.116 Safari/537.36"
50.46.172.103 - - [29/Feb/2016:14:51:19 -0800] "GET /images/logo-square-white-sm.png HTTP/1.1" 200 1684 "http://whereshouldiski.com/" "Mozilla/5.0 (Windows NT 6.1; WOW64) AppleWebKit/537.36 (KHTML, like Gecko) Chrome/48.0.2564.116 Safari/537.36"
50.46.172.103 - - [29/Feb/2016:14:51:19 -0800] "GET /images/loading.gif HTTP/1.1" 200 13881 "http://whereshouldiski.com/" "Mozilla/5.0 (Windows NT 6.1; WOW64) AppleWebKit/537.36 (KHTML, like Gecko) Chrome/48.0.2564.116 Safari/537.36"
50.46.172.103 - - [29/Feb/2016:14:51:19 -0800] "GET /scripts/fa48e319.main.js HTTP/1.1" 200 123455 "http://whereshouldiski.com/" "Mozilla/5.0 (Windows NT 6.1; WOW64) AppleWebKit/537.36 (KHTML, like Gecko) Chrome/48.0.2564.116 Safari/537.36"
50.46.172.103 - - [29/Feb/2016:14:51:20 -0800] "GET /images/button.png HTTP/1.1" 200 598 "http://whereshouldiski.com/styles/ee08faa9.main.css" "Mozilla/5.0 (Windows NT 6.1; WOW64) AppleWebKit/537.36 (KHTML, like Gecko) Chrome/48.0.2564.116 Safari/537.36"
50.46.172.103 - - [29/Feb/2016:14:51:20 -0800] "GET /images/greyHeader.png HTTP/1.1" 200 508 "http://whereshouldiski.com/styles/ee08faa9.main.css" "Mozilla/5.0 (Windows NT 6.1; WOW64) AppleWebKit/537.36 (KHTML, like Gecko) Chrome/48.0.2564.116 Safari/537.36"
50.46.172.103 - - [29/Feb/2016:14:51:20 -0800] "GET /lib/reccapi.php?fields=t HTTP/1.1" 200 1890 "http://whereshouldiski.com/" "Mozilla/5.0 (Windows NT 6.1; WOW64) AppleWebKit/537.36 (KHTML, like Gecko) Chrome/48.0.2564.116 Safari/537.36"
50.46.172.103 - - [29/Feb/2016:14:51:20 -0800] "GET /images/snowflake5.png HTTP/1.1" 200 2857 "http://whereshouldiski.com/styles/ee08faa9.main.css" "Mozilla/5.0 (Windows NT 6.1; WOW64) AppleWebKit/537.36 (KHTML, like Gecko) Chrome/48.0.2564.116 Safari/537.36"
50.46.172.103 - - [29/Feb/2016:14:51:20 -0800] "GET /images/star5.png HTTP/1.1" 200 1783 "http://whereshouldiski.com/styles/ee08faa9.main.css" "Mozilla/5.0 (Windows NT 6.1; WOW64) AppleWebKit/537.36 (KHTML, like Gecko) Chrome/48.0.2564.116 Safari/537.36"
50.46.172.103 - - [29/Feb/2016:14:51:20 -0800] "GET /images/bluebird5.png HTTP/1.1" 200 2177 "http://whereshouldiski.com/styles/ee08faa9.main.css" "Mozilla/5.0 (Windows NT 6.1; WOW64) AppleWebKit/537.36 (KHTML, like Gecko) Chrome/48.0.2564.116 Safari/537.36"
50.46.172.103 - - [29/Feb/2016:14:51:20 -0800] "GET /images/mtns-icon.png HTTP/1.1" 200 1097 "http://whereshouldiski.com/styles/ee08faa9.main.css" "Mozilla/5.0 (Windows NT 6.1; WOW64) AppleWebKit/537.36 (KHTML, like Gecko) Chrome/48.0.2564.116 Safari/537.36"
50.46.172.103 - - [29/Feb/2016:14:51:20 -0800] "GET /images/shading-icon.png HTTP/1.1" 200 536 "http://whereshouldiski.com/styles/ee08faa9.main.css" "Mozilla/5.0 (Windows NT 6.1; WOW64) AppleWebKit/537.36 (KHTML, like Gecko) Chrome/48.0.2564.116 Safari/537.36"
50.46.172.103 - - [29/Feb/2016:14:51:20 -0800] "GET /favicon.ico HTTP/1.1" 200 4612 "http://whereshouldiski.com/" "Mozilla/5.0 (Windows NT 6.1; WOW64) AppleWebKit/537.36 (KHTML, like Gecko) Chrome/48.0.2564.116 Safari/537.36"
50.46.172.103 - - [29/Feb/2016:14:51:23 -0800] "GET /lib/reccapi.php?fields=t&coords=47.8701261,-122.2109888 HTTP/1.1" 200 2077 "http://whereshouldiski.com/" "Mozilla/5.0 (Windows NT 6.1; WOW64) AppleWebKit/537.36 (KHTML, like Gecko) Chrome/48.0.2564.116 Safari/537.36"
74.95.14.206 - - [29/Feb/2016:14:51:26 -0800] "-" 408 0 "-" "-"
50.46.172.103 - - [29/Feb/2016:14:51:29 -0800] "GET /lib/reccapi.php?fields=t&coords=47.8701261,-122.2109888&date=2016-03-05 HTTP/1.1" 200 2111 "http://whereshouldiski.com/" "Mozilla/5.0 (Windows NT 6.1; WOW64) AppleWebKit/537.36 (KHTML, like Gecko) Chrome/48.0.2564.116 Safari/537.36"
50.46.172.103 - - [29/Feb/2016:14:51:32 -0800] "GET /images/greenHeader.png HTTP/1.1" 200 508 "http://whereshouldiski.com/styles/ee08faa9.main.css" "Mozilla/5.0 (Windows NT 6.1; WOW64) AppleWebKit/537.36 (KHTML, like Gecko) Chrome/48.0.2564.116 Safari/537.36"
52.33.40.213 - - [29/Feb/2016:14:56:47 -0800] "GET /lib/reccapi.php?resort=mountbachelor HTTP/1.1" 200 984 "-" "node-superagent/1.4.0"
52.33.40.213 - - [29/Feb/2016:14:56:47 -0800] "GET /lib/reccapi.php?resort=mountspokane HTTP/1.1" 200 989 "-" "node-superagent/1.4.0"
52.33.40.213 - - [29/Feb/2016:14:57:57 -0800] "GET /lib/reccapi.php?resort=schweitzer HTTP/1.1" 200 1004 "-" "node-superagent/1.4.0"
52.33.40.213 - - [29/Feb/2016:14:58:07 -0800] "GET /lib/reccapi.php?resort=stevenspass HTTP/1.1" 200 1051 "-" "node-superagent/1.4.0"
69.129.6.94 - - [29/Feb/2016:15:02:46 -0800] "GET /images/wsis-logo-sm.png HTTP/1.1" 200 6108 "http://www.thebackcountry.net/" "Mozilla/5.0 (Windows NT 10.0) AppleWebKit/537.36 (KHTML, like Gecko) Chrome/48.0.2564.116 Safari/537.36"
74.95.14.206 - - [29/Feb/2016:15:05:51 -0800] "GET /images/wsis-logo-sm.png HTTP/1.1" 200 6108 "http://www.thebackcountry.net/" "Mozilla/5.0 (Windows NT 6.1; WOW64; Trident/7.0; rv:11.0) like Gecko"
74.95.14.206 - - [29/Feb/2016:15:06:13 -0800] "-" 408 0 "-" "-"
192.42.110.36 - - [29/Feb/2016:15:07:32 -0800] "GET /images/wsis-logo-sm.png HTTP/1.1" 200 6108 "http://thebackcountry.net/" "Mozilla/5.0 (Windows NT 6.1) AppleWebKit/537.36 (KHTML, like Gecko) Chrome/48.0.2564.116 Safari/537.36"
43.255.106.183 - - [29/Feb/2016:15:07:48 -0800] "GET / HTTP/1.1" 200 6976 "-" "Mozilla/5.0 (Macintosh; Intel Mac OS X 10.9; rv:28.0) Gecko/20100101 Firefox/28.0"
66.249.75.114 - - [29/Feb/2016:15:10:26 -0800] "GET /lib/reccapi.php?resort=crystalmountain&date=2016-02-19 HTTP/1.1" 200 1070 "http://whereshouldiski.com/" "Mozilla/5.0 (compatible; Googlebot/2.1; +http://www.google.com/bot.html)"
66.249.75.114 - - [29/Feb/2016:15:10:28 -0800] "GET /lib/resortDataSearchD3.php?size=7&sortDate=T&resort=crystalmountain&dateStart=2016-02-17 HTTP/1.1" 200 888 "http://whereshouldiski.com/" "Mozilla/5.0 (compatible; Googlebot/2.1; +http://www.google.com/bot.html)"
66.249.75.8 - - [29/Feb/2016:15:10:28 -0800] "GET /lib/reccapi.php?fields=t&date=2016-02-19&coords=46.92%2C-121.49&size=7&sort=distance HTTP/1.1" 200 1430 "http://whereshouldiski.com/" "Mozilla/5.0 (compatible; Googlebot/2.1; +http://www.google.com/bot.html)"
73.2.112.140 - - [29/Feb/2016:15:12:35 -0800] "GET /images/wsis-logo-sm.png HTTP/1.1" 200 6108 "http://www.thebackcountry.net/" "Mozilla/5.0 (Macintosh; Intel Mac OS X 10_7_5) AppleWebKit/537.36 (KHTML, like Gecko) Chrome/48.0.2564.116 Safari/537.36"
74.95.14.206 - - [29/Feb/2016:15:13:56 -0800] "GET /images/wsis-logo-sm.png HTTP/1.1" 200 6108 "http://www.thebackcountry.net/" "Mozilla/5.0 (Windows NT 6.1; WOW64; Trident/7.0; rv:11.0) like Gecko"
74.95.14.206 - - [29/Feb/2016:15:14:17 -0800] "-" 408 0 "-" "-"
64.55.107.3 - - [29/Feb/2016:15:18:06 -0800] "GET /images/wsis-logo-sm.png HTTP/1.1" 200 6108 "http://www.thebackcountry.net/" "Mozilla/5.0 (Macintosh; Intel Mac OS X 10_10_5) AppleWebKit/601.2.7 (KHTML, like Gecko) Version/9.0.1 Safari/601.2.7"
180.76.15.16 - - [29/Feb/2016:15:28:11 -0800] "GET / HTTP/1.1" 200 6995 "-" "Mozilla/5.0 (compatible; Baiduspider/2.0; +http://www.baidu.com/search/spider.html)"
180.76.15.5 - - [29/Feb/2016:15:28:59 -0800] "GET / HTTP/1.1" 200 6995 "-" "Mozilla/5.0 (compatible; Baiduspider/2.0; +http://www.baidu.com/search/spider.html)"
112.198.102.242 - - [29/Feb/2016:15:34:57 -0800] "GET /images/wsis-logo-sm.png HTTP/1.1" 200 6108 "http://www.thebackcountry.net/" "Mozilla/5.0 (Macintosh; Intel Mac OS X 10_10_5) AppleWebKit/601.4.4 (KHTML, like Gecko) Version/9.0.3 Safari/601.4.4"
24.130.46.151 - - [29/Feb/2016:15:50:51 -0800] "GET /images/wsis-logo-sm.png HTTP/1.1" 200 6108 "http://www.thebackcountry.net/" "Mozilla/5.0 (Windows NT 10.0; WOW64) AppleWebKit/537.36 (KHTML, like Gecko) Chrome/48.0.2564.116 Safari/537.36"
52.33.40.213 - - [29/Feb/2016:15:54:00 -0800] "GET /lib/reccapi.php?resort=arapahoebasin HTTP/1.1" 200 1063 "-" "node-superagent/1.4.0"
52.33.40.213 - - [29/Feb/2016:15:54:20 -0800] "GET /lib/reccapi.php?resort=angelfire HTTP/1.1" 200 975 "-" "node-superagent/1.4.0"
184.166.79.60 - - [29/Feb/2016:15:55:07 -0800] "GET /images/wsis-logo-sm.png HTTP/1.1" 200 6108 "http://thebackcountry.net/" "Mozilla/5.0 (Macintosh; Intel Mac OS X 10_11_3) AppleWebKit/537.36 (KHTML, like Gecko) Chrome/48.0.2564.116 Safari/537.36"
52.33.40.213 - - [29/Feb/2016:15:55:50 -0800] "GET /lib/reccapi.php?resort=crystalmountain HTTP/1.1" 200 1050 "-" "node-superagent/1.4.0"
52.33.40.213 - - [29/Feb/2016:15:55:50 -0800] "GET /lib/reccapi.php?resort=monarch HTTP/1.1" 200 992 "-" "node-superagent/1.4.0"
134.197.42.181 - - [29/Feb/2016:15:56:07 -0800] "GET /images/wsis-logo-sm.png HTTP/1.1" 200 6108 "http://www.thebackcountry.net/" "Mozilla/5.0 (Windows NT 6.1; WOW64) AppleWebKit/537.36 (KHTML, like Gecko) Chrome/48.0.2564.116 Safari/537.36"
52.33.40.213 - - [29/Feb/2016:16:00:20 -0800] "GET /lib/reccapi.php?resort=alyeska HTTP/1.1" 200 1012 "-" "node-superagent/1.4.0"
52.33.40.213 - - [29/Feb/2016:16:01:50 -0800] "GET /lib/reccapi.php?resort=parkcity HTTP/1.1" 200 1082 "-" "node-superagent/1.4.0"
52.33.40.213 - - [29/Feb/2016:16:01:50 -0800] "GET /lib/reccapi.php?resort=whitefacemountain HTTP/1.1" 200 1127 "-" "node-superagent/1.4.0"
71.140.31.214 - - [29/Feb/2016:16:14:43 -0800] "GET /images/wsis-logo-sm.png HTTP/1.1" 200 6108 "http://thebackcountry.net/" "Mozilla/4.0 (compatible; MSIE 8.0; Windows NT 5.1; Trident/4.0; .NET CLR 2.0.50727; .NET CLR 3.0.4506.2152; .NET CLR 3.5.30729; 786908940603; Build/14.08001)"
170.75.162.130 - - [29/Feb/2016:16:17:08 -0800] "GET /lib/reccapi.php?resort=aspenmountain HTTP/1.1" 200 1053 "-" "node-superagent/1.4.0"
170.75.162.130 - - [29/Feb/2016:16:17:38 -0800] "GET /lib/reccapi.php?resort=bigsky HTTP/1.1" 200 1044 "-" "node-superagent/1.4.0"
72.87.236.91 - - [29/Feb/2016:16:17:50 -0800] "GET /images/wsis-logo-sm.png HTTP/1.1" 200 6108 "http://www.thebackcountry.net/" "Mozilla/5.0 (Windows NT 6.3; WOW64) AppleWebKit/537.36 (KHTML, like Gecko) Chrome/48.0.2564.116 Safari/537.36"
66.249.75.114 - - [29/Feb/2016:16:19:09 -0800] "GET /lib/reccapi.php?resort=crystalmountain&date=2016-02-20 HTTP/1.1" 200 1093 "http://whereshouldiski.com/" "Mozilla/5.0 (compatible; Googlebot/2.1; +http://www.google.com/bot.html)"
66.249.75.121 - - [29/Feb/2016:16:19:10 -0800] "GET /lib/resortDataSearchD3.php?size=7&sortDate=T&resort=crystalmountain&dateStart=2016-02-18 HTTP/1.1" 200 890 "http://whereshouldiski.com/" "Mozilla/5.0 (compatible; Googlebot/2.1; +http://www.google.com/bot.html)"
66.249.75.8 - - [29/Feb/2016:16:19:11 -0800] "GET /lib/reccapi.php?fields=t&date=2016-02-20&coords=46.92%2C-121.49&size=7&sort=distance HTTP/1.1" 200 1404 "http://whereshouldiski.com/" "Mozilla/5.0 (compatible; Googlebot/2.1; +http://www.google.com/bot.html)"
107.77.109.108 - - [29/Feb/2016:16:19:54 -0800] "GET /images/wsis-logo-sm.png HTTP/1.1" 200 6108 "http://www.thebackcountry.net/" "Mozilla/5.0 (iPhone; CPU iPhone OS 9_2_1 like Mac OS X) AppleWebKit/601.1.46 (KHTML, like Gecko) Version/9.0 Mobile/13D15 Safari/601.1"
180.76.15.136 - - [29/Feb/2016:16:32:44 -0800] "GET / HTTP/1.1" 200 6995 "-" "Mozilla/5.0 (compatible; Baiduspider/2.0; +http://www.baidu.com/search/spider.html)"
180.76.15.143 - - [29/Feb/2016:16:33:41 -0800] "GET / HTTP/1.1" 200 6995 "-" "Mozilla/5.0 (compatible; Baiduspider/2.0; +http://www.baidu.com/search/spider.html)"
206.29.176.52 - - [29/Feb/2016:16:36:05 -0800] "GET /lib/reccapi.php?fields=t&state=WA&powder=3 HTTP/1.1" 200 987 "http://whereshouldiski.com/" "Mozilla/5.0 (Macintosh; Intel Mac OS X 10_10_5) AppleWebKit/600.8.9 (KHTML, like Gecko) WebClip/10601.4.2 Safari/10601.4.4"
170.75.162.130 - - [29/Feb/2016:16:40:31 -0800] "GET /lib/reccapi.php?resort=taos HTTP/1.1" 200 1000 "-" "node-superagent/1.4.0"
24.182.22.176 - - [29/Feb/2016:16:41:02 -0800] "GET /images/wsis-logo-sm.png HTTP/1.1" 200 6108 "http://www.thebackcountry.net/" "Mozilla/5.0 (Macintosh; Intel Mac OS X 10.11; rv:44.0) Gecko/20100101 Firefox/44.0"
220.181.108.147 - - [29/Feb/2016:16:43:19 -0800] "GET / HTTP/1.1" 200 2578 "-" "Mozilla/5.0 (Windows NT 5.1; rv:6.0.2) Gecko/20100101 Firefox/6.0.2"
220.181.108.162 - - [29/Feb/2016:16:43:19 -0800] "GET / HTTP/1.1" 200 6995 "-" "Mozilla/5.0 (Windows NT 5.1; rv:6.0.2) Gecko/20100101 Firefox/6.0.2"
52.33.40.213 - - [29/Feb/2016:16:53:42 -0800] "GET /lib/reccapi.php?resort=buttermilk HTTP/1.1" 200 1039 "-" "node-superagent/1.4.0"
52.33.40.213 - - [29/Feb/2016:16:55:22 -0800] "GET /lib/reccapi.php?resort=aspenmountain HTTP/1.1" 200 1053 "-" "node-superagent/1.4.0"
170.75.162.130 - - [29/Feb/2016:16:56:04 -0800] "GET /lib/reccapi.php?resort=squawvalleyusa HTTP/1.1" 200 973 "-" "node-superagent/1.4.0"
67.42.216.137 - - [29/Feb/2016:17:02:08 -0800] "GET /images/wsis-logo-sm.png HTTP/1.1" 200 6108 "http://www.thebackcountry.net/" "Mozilla/5.0 (iPhone; CPU iPhone OS 9_2 like Mac OS X) AppleWebKit/601.1.46 (KHTML, like Gecko) Version/9.0 Mobile/13C75 Safari/601.1"
180.76.15.138 - - [29/Feb/2016:17:11:55 -0800] "GET / HTTP/1.1" 304 173 "-" "Mozilla/5.0 (compatible; Baiduspider/2.0; +http://www.baidu.com/search/spider.html)"
50.174.62.190 - - [29/Feb/2016:17:13:39 -0800] "GET /images/wsis-logo-sm.png HTTP/1.1" 200 6108 "http://www.thebackcountry.net/" "Mozilla/5.0 (Macintosh; Intel Mac OS X 10_10_5) AppleWebKit/537.36 (KHTML, like Gecko) Chrome/48.0.2564.116 Safari/537.36"
170.75.162.130 - - [29/Feb/2016:17:20:57 -0800] "GET /lib/reccapi.php?resort=deervalley HTTP/1.1" 200 1034 "-" "node-superagent/1.4.0"
170.75.162.130 - - [29/Feb/2016:17:21:07 -0800] "GET /lib/reccapi.php?resort=stevenspass HTTP/1.1" 200 1048 "-" "node-superagent/1.4.0"
170.75.162.130 - - [29/Feb/2016:17:21:17 -0800] "GET /lib/reccapi.php?resort=crystalmountain HTTP/1.1" 200 1050 "-" "node-superagent/1.4.0"
52.33.40.213 - - [29/Feb/2016:17:21:24 -0800] "GET /lib/reccapi.php?resort=chinapeak HTTP/1.1" 200 983 "-" "node-superagent/1.4.0"
52.33.40.213 - - [29/Feb/2016:17:21:44 -0800] "GET /lib/reccapi.php?resort=mtrose HTTP/1.1" 200 944 "-" "node-superagent/1.4.0"
52.33.40.213 - - [29/Feb/2016:17:22:54 -0800] "GET /lib/reccapi.php?resort=homewoodmountain HTTP/1.1" 200 972 "-" "node-superagent/1.4.0"
220.181.108.86 - - [29/Feb/2016:17:23:41 -0800] "GET / HTTP/1.1" 200 2578 "-" "Mozilla/5.0 (compatible; Baiduspider/2.0; +http://www.baidu.com/search/spider.html)"
180.76.15.134 - - [29/Feb/2016:17:28:36 -0800] "GET / HTTP/1.1" 200 6995 "-" "Mozilla/5.0 (compatible; Baiduspider/2.0; +http://www.baidu.com/search/spider.html)"
180.76.15.139 - - [29/Feb/2016:17:29:24 -0800] "GET / HTTP/1.1" 200 6995 "-" "Mozilla/5.0 (compatible; Baiduspider/2.0; +http://www.baidu.com/search/spider.html)"
24.115.136.148 - - [29/Feb/2016:17:38:45 -0800] "GET /images/wsis-logo-sm.png HTTP/1.1" 200 6108 "http://www.thebackcountry.net/" "Mozilla/5.0 (Windows NT 6.1; WOW64) AppleWebKit/537.36 (KHTML, like Gecko) Chrome/48.0.2564.116 Safari/537.36"
187.114.176.174 - - [29/Feb/2016:17:38:57 -0800] "GET /images/wsis-logo-sm.png HTTP/1.1" 200 6108 "http://thebackcountry.net/" "Mozilla/5.0 (Windows NT 6.1; WOW64) AppleWebKit/537.36 (KHTML, like Gecko) Chrome/36.0.1985.143 Safari/537.36"
52.33.40.213 - - [29/Feb/2016:17:46:35 -0800] "GET /lib/reccapi.php?resort=redlodge HTTP/1.1" 200 1110 "-" "node-superagent/1.4.0"
76.102.178.50 - - [29/Feb/2016:17:49:12 -0800] "GET /images/wsis-logo-sm.png HTTP/1.1" 200 6108 "http://www.thebackcountry.net/" "Mozilla/5.0 (iPhone; CPU iPhone OS 9_2_1 like Mac OS X) AppleWebKit/601.1.46 (KHTML, like Gecko) Version/9.0 Mobile/13D15 Safari/601.1"
66.249.75.121 - - [29/Feb/2016:17:57:19 -0800] "GET /lib/reccapi.php?resort=crystalmountain&date=2016-02-29 HTTP/1.1" 200 1087 "http://whereshouldiski.com/" "Mozilla/5.0 (compatible; Googlebot/2.1; +http://www.google.com/bot.html)"
66.249.75.8 - - [29/Feb/2016:17:57:20 -0800] "GET /lib/resortDataSearchD3.php?size=7&sortDate=T&resort=crystalmountain&dateStart=2016-02-27 HTTP/1.1" 200 878 "http://whereshouldiski.com/" "Mozilla/5.0 (compatible; Googlebot/2.1; +http://www.google.com/bot.html)"
66.249.75.121 - - [29/Feb/2016:17:57:21 -0800] "GET /lib/reccapi.php?fields=t&date=2016-02-29&coords=46.92%2C-121.49&size=7&sort=distance HTTP/1.1" 200 1421 "http://whereshouldiski.com/" "Mozilla/5.0 (compatible; Googlebot/2.1; +http://www.google.com/bot.html)"
66.249.75.8 - - [29/Feb/2016:17:58:21 -0800] "GET /lib/reccapi.php?resort=crystalmountain&date=2016-02-26 HTTP/1.1" 200 1074 "http://whereshouldiski.com/" "Mozilla/5.0 (compatible; Googlebot/2.1; +http://www.google.com/bot.html)"
66.249.75.114 - - [29/Feb/2016:17:58:22 -0800] "GET /lib/reccapi.php?fields=t&date=2016-02-26&coords=46.92%2C-121.49&size=7&sort=distance HTTP/1.1" 200 1297 "http://whereshouldiski.com/" "Mozilla/5.0 (compatible; Googlebot/2.1; +http://www.google.com/bot.html)"
66.249.75.8 - - [29/Feb/2016:17:58:22 -0800] "GET /lib/resortDataSearchD3.php?size=7&sortDate=T&resort=crystalmountain&dateStart=2016-02-24 HTTP/1.1" 200 864 "http://whereshouldiski.com/" "Mozilla/5.0 (compatible; Googlebot/2.1; +http://www.google.com/bot.html)"
75.68.182.48 - - [29/Feb/2016:18:20:07 -0800] "GET /images/wsis-logo-sm.png HTTP/1.1" 200 6108 "http://www.thebackcountry.net/" "Mozilla/5.0 (Windows NT 6.1; WOW64) AppleWebKit/537.36 (KHTML, like Gecko) Chrome/48.0.2564.116 Safari/537.36"
52.33.40.213 - - [29/Feb/2016:18:21:26 -0800] "GET /lib/reccapi.php?resort=bigsky HTTP/1.1" 200 1045 "-" "node-superagent/1.4.0"
52.33.40.213 - - [29/Feb/2016:18:21:36 -0800] "GET /lib/reccapi.php?resort=jaypeak HTTP/1.1" 200 1135 "-" "node-superagent/1.4.0"
209.52.88.81 - - [29/Feb/2016:18:38:22 -0800] "GET / HTTP/1.1" 200 2559 "http://www.earnyourturns.com/date/2011/11/" "Mozilla/5.0 (iPhone; CPU iPhone OS 9_2 like Mac OS X) AppleWebKit/601.1.46 (KHTML, like Gecko) Mobile/13C75 [FBAN/FBIOS;FBAV/48.0.0.64.162;FBBV/21316239;FBDV/iPhone7,2;FBMD/iPhone;FBSN/iPhone OS;FBSV/9.2;FBSS/2; FBCR/TELUS;FBID/phone;FBLC/en_US;FBOP/5]"
209.52.88.81 - - [29/Feb/2016:18:38:22 -0800] "GET /styles/ee08faa9.main.css HTTP/1.1" 200 19391 "http://whereshouldiski.com/" "Mozilla/5.0 (iPhone; CPU iPhone OS 9_2 like Mac OS X) AppleWebKit/601.1.46 (KHTML, like Gecko) Mobile/13C75 [FBAN/FBIOS;FBAV/48.0.0.64.162;FBBV/21316239;FBDV/iPhone7,2;FBMD/iPhone;FBSN/iPhone OS;FBSV/9.2;FBSS/2; FBCR/TELUS;FBID/phone;FBLC/en_US;FBOP/5]"
209.52.88.81 - - [29/Feb/2016:18:38:22 -0800] "GET /images/logo-square-white-sm.png HTTP/1.1" 200 1628 "http://whereshouldiski.com/" "Mozilla/5.0 (iPhone; CPU iPhone OS 9_2 like Mac OS X) AppleWebKit/601.1.46 (KHTML, like Gecko) Mobile/13C75 [FBAN/FBIOS;FBAV/48.0.0.64.162;FBBV/21316239;FBDV/iPhone7,2;FBMD/iPhone;FBSN/iPhone OS;FBSV/9.2;FBSS/2; FBCR/TELUS;FBID/phone;FBLC/en_US;FBOP/5]"
209.52.88.81 - - [29/Feb/2016:18:38:22 -0800] "GET /images/loading.gif HTTP/1.1" 200 13826 "http://whereshouldiski.com/" "Mozilla/5.0 (iPhone; CPU iPhone OS 9_2 like Mac OS X) AppleWebKit/601.1.46 (KHTML, like Gecko) Mobile/13C75 [FBAN/FBIOS;FBAV/48.0.0.64.162;FBBV/21316239;FBDV/iPhone7,2;FBMD/iPhone;FBSN/iPhone OS;FBSV/9.2;FBSS/2; FBCR/TELUS;FBID/phone;FBLC/en_US;FBOP/5]"
209.52.88.81 - - [29/Feb/2016:18:38:22 -0800] "GET /bower_components/requirejs/require.js HTTP/1.1" 200 6646 "http://whereshouldiski.com/" "Mozilla/5.0 (iPhone; CPU iPhone OS 9_2 like Mac OS X) AppleWebKit/601.1.46 (KHTML, like Gecko) Mobile/13C75 [FBAN/FBIOS;FBAV/48.0.0.64.162;FBBV/21316239;FBDV/iPhone7,2;FBMD/iPhone;FBSN/iPhone OS;FBSV/9.2;FBSS/2; FBCR/TELUS;FBID/phone;FBLC/en_US;FBOP/5]"
209.52.88.81 - - [29/Feb/2016:18:38:22 -0800] "GET /scripts/scripts/vendor/modernizr.js HTTP/1.1" 200 4847 "http://whereshouldiski.com/" "Mozilla/5.0 (iPhone; CPU iPhone OS 9_2 like Mac OS X) AppleWebKit/601.1.46 (KHTML, like Gecko) Mobile/13C75 [FBAN/FBIOS;FBAV/48.0.0.64.162;FBBV/21316239;FBDV/iPhone7,2;FBMD/iPhone;FBSN/iPhone OS;FBSV/9.2;FBSS/2; FBCR/TELUS;FBID/phone;FBLC/en_US;FBOP/5]"
209.52.88.81 - - [29/Feb/2016:18:38:23 -0800] "GET /scripts/fa48e319.main.js HTTP/1.1" 200 123400 "http://whereshouldiski.com/" "Mozilla/5.0 (iPhone; CPU iPhone OS 9_2 like Mac OS X) AppleWebKit/601.1.46 (KHTML, like Gecko) Mobile/13C75 [FBAN/FBIOS;FBAV/48.0.0.64.162;FBBV/21316239;FBDV/iPhone7,2;FBMD/iPhone;FBSN/iPhone OS;FBSV/9.2;FBSS/2; FBCR/TELUS;FBID/phone;FBLC/en_US;FBOP/5]"
209.52.88.81 - - [29/Feb/2016:18:38:23 -0800] "GET /lib/reccapi.php?fields=t HTTP/1.1" 200 1843 "http://whereshouldiski.com/" "Mozilla/5.0 (iPhone; CPU iPhone OS 9_2 like Mac OS X) AppleWebKit/601.1.46 (KHTML, like Gecko) Mobile/13C75 [FBAN/FBIOS;FBAV/48.0.0.64.162;FBBV/21316239;FBDV/iPhone7,2;FBMD/iPhone;FBSN/iPhone OS;FBSV/9.2;FBSS/2; FBCR/TELUS;FBID/phone;FBLC/en_US;FBOP/5]"
209.52.88.81 - - [29/Feb/2016:18:38:23 -0800] "GET /images/button.png HTTP/1.1" 200 543 "http://whereshouldiski.com/" "Mozilla/5.0 (iPhone; CPU iPhone OS 9_2 like Mac OS X) AppleWebKit/601.1.46 (KHTML, like Gecko) Mobile/13C75 [FBAN/FBIOS;FBAV/48.0.0.64.162;FBBV/21316239;FBDV/iPhone7,2;FBMD/iPhone;FBSN/iPhone OS;FBSV/9.2;FBSS/2; FBCR/TELUS;FBID/phone;FBLC/en_US;FBOP/5]"
209.52.88.81 - - [29/Feb/2016:18:38:23 -0800] "GET /images/greyHeader.png HTTP/1.1" 200 453 "http://whereshouldiski.com/" "Mozilla/5.0 (iPhone; CPU iPhone OS 9_2 like Mac OS X) AppleWebKit/601.1.46 (KHTML, like Gecko) Mobile/13C75 [FBAN/FBIOS;FBAV/48.0.0.64.162;FBBV/21316239;FBDV/iPhone7,2;FBMD/iPhone;FBSN/iPhone OS;FBSV/9.2;FBSS/2; FBCR/TELUS;FBID/phone;FBLC/en_US;FBOP/5]"
209.52.88.81 - - [29/Feb/2016:18:38:23 -0800] "GET /images/snowflake5.png HTTP/1.1" 200 2802 "http://whereshouldiski.com/" "Mozilla/5.0 (iPhone; CPU iPhone OS 9_2 like Mac OS X) AppleWebKit/601.1.46 (KHTML, like Gecko) Mobile/13C75 [FBAN/FBIOS;FBAV/48.0.0.64.162;FBBV/21316239;FBDV/iPhone7,2;FBMD/iPhone;FBSN/iPhone OS;FBSV/9.2;FBSS/2; FBCR/TELUS;FBID/phone;FBLC/en_US;FBOP/5]"
209.52.88.81 - - [29/Feb/2016:18:38:23 -0800] "GET /images/bluebird5.png HTTP/1.1" 200 2122 "http://whereshouldiski.com/" "Mozilla/5.0 (iPhone; CPU iPhone OS 9_2 like Mac OS X) AppleWebKit/601.1.46 (KHTML, like Gecko) Mobile/13C75 [FBAN/FBIOS;FBAV/48.0.0.64.162;FBBV/21316239;FBDV/iPhone7,2;FBMD/iPhone;FBSN/iPhone OS;FBSV/9.2;FBSS/2; FBCR/TELUS;FBID/phone;FBLC/en_US;FBOP/5]"
209.52.88.81 - - [29/Feb/2016:18:38:23 -0800] "GET /images/shading-icon.png HTTP/1.1" 200 481 "http://whereshouldiski.com/" "Mozilla/5.0 (iPhone; CPU iPhone OS 9_2 like Mac OS X) AppleWebKit/601.1.46 (KHTML, like Gecko) Mobile/13C75 [FBAN/FBIOS;FBAV/48.0.0.64.162;FBBV/21316239;FBDV/iPhone7,2;FBMD/iPhone;FBSN/iPhone OS;FBSV/9.2;FBSS/2; FBCR/TELUS;FBID/phone;FBLC/en_US;FBOP/5]"
209.52.88.81 - - [29/Feb/2016:18:38:23 -0800] "GET /images/star5.png HTTP/1.1" 200 1728 "http://whereshouldiski.com/" "Mozilla/5.0 (iPhone; CPU iPhone OS 9_2 like Mac OS X) AppleWebKit/601.1.46 (KHTML, like Gecko) Mobile/13C75 [FBAN/FBIOS;FBAV/48.0.0.64.162;FBBV/21316239;FBDV/iPhone7,2;FBMD/iPhone;FBSN/iPhone OS;FBSV/9.2;FBSS/2; FBCR/TELUS;FBID/phone;FBLC/en_US;FBOP/5]"
209.52.88.81 - - [29/Feb/2016:18:38:23 -0800] "GET /images/mtns-icon.png HTTP/1.1" 200 1041 "http://whereshouldiski.com/" "Mozilla/5.0 (iPhone; CPU iPhone OS 9_2 like Mac OS X) AppleWebKit/601.1.46 (KHTML, like Gecko) Mobile/13C75 [FBAN/FBIOS;FBAV/48.0.0.64.162;FBBV/21316239;FBDV/iPhone7,2;FBMD/iPhone;FBSN/iPhone OS;FBSV/9.2;FBSS/2; FBCR/TELUS;FBID/phone;FBLC/en_US;FBOP/5]"
170.75.162.130 - - [29/Feb/2016:18:40:27 -0800] "GET /lib/reccapi.php?resort=heavenly HTTP/1.1" 200 972 "-" "node-superagent/1.4.0"
107.77.75.15 - - [29/Feb/2016:18:41:28 -0800] "GET /images/wsis-logo-sm.png HTTP/1.1" 200 6108 "http://www.thebackcountry.net/" "Mozilla/5.0 (iPhone; CPU iPhone OS 9_2_1 like Mac OS X) AppleWebKit/601.1.46 (KHTML, like Gecko) Version/9.0 Mobile/13D15 Safari/601.1"
220.181.108.152 - - [29/Feb/2016:18:44:43 -0800] "GET / HTTP/1.1" 200 2578 "-" "Mozilla/5.0 (Windows NT 5.1; rv:6.0.2) Gecko/20100101 Firefox/6.0.2"
52.33.40.213 - - [29/Feb/2016:18:44:58 -0800] "GET /lib/reccapi.php?resort=northstar-at-tahoe HTTP/1.1" 200 955 "-" "node-superagent/1.4.0"
220.181.108.139 - - [29/Feb/2016:18:45:06 -0800] "GET / HTTP/1.1" 200 6995 "-" "Mozilla/5.0 (Windows NT 5.1; rv:6.0.2) Gecko/20100101 Firefox/6.0.2"
52.33.40.213 - - [29/Feb/2016:18:45:28 -0800] "GET /lib/reccapi.php?resort=telluride HTTP/1.1" 200 974 "-" "node-superagent/1.4.0"
52.33.40.213 - - [29/Feb/2016:18:45:48 -0800] "GET /lib/reccapi.php?resort=deervalley HTTP/1.1" 200 1037 "-" "node-superagent/1.4.0"
52.33.40.213 - - [29/Feb/2016:18:45:48 -0800] "GET /lib/reccapi.php?resort=solitude HTTP/1.1" 200 1099 "-" "node-superagent/1.4.0"
71.83.111.92 - - [29/Feb/2016:18:47:26 -0800] "GET /images/wsis-logo-sm.png HTTP/1.1" 200 6108 "http://www.thebackcountry.net/" "Mozilla/5.0 (iPhone; CPU iPhone OS 9_2_1 like Mac OS X) AppleWebKit/601.1.46 (KHTML, like Gecko) Version/9.0 Mobile/13D15 Safari/601.1"
170.75.162.130 - - [29/Feb/2016:18:55:19 -0800] "GET /lib/reccapi.php?resort=sierra-at-tahoe HTTP/1.1" 200 981 "-" "node-superagent/1.4.0"
52.33.40.213 - - [29/Feb/2016:18:59:58 -0800] "GET /lib/reccapi.php?resort=brighton HTTP/1.1" 200 1085 "-" "node-superagent/1.4.0"
52.33.40.213 - - [29/Feb/2016:19:01:58 -0800] "GET /lib/reccapi.php?resort=steamboat HTTP/1.1" 200 1035 "-" "node-superagent/1.4.0"
174.62.89.123 - - [29/Feb/2016:19:09:53 -0800] "GET /images/wsis-logo-sm.png HTTP/1.1" 200 6108 "http://www.thebackcountry.net/" "Mozilla/5.0 (iPhone; CPU iPhone OS 9_2_1 like Mac OS X) AppleWebKit/601.1.46 (KHTML, like Gecko) Version/9.0 Mobile/13D15 Safari/601.1"
98.207.234.232 - - [29/Feb/2016:19:18:30 -0800] "GET /images/wsis-logo-sm.png HTTP/1.1" 200 6108 "http://www.thebackcountry.net/" "Mozilla/5.0 (iPhone; CPU iPhone OS 9_2_1 like Mac OS X) AppleWebKit/601.1.46 (KHTML, like Gecko) Version/9.0 Mobile/13D15 Safari/601.1"
66.249.75.114 - - [29/Feb/2016:19:21:38 -0800] "GET /lib/reccapi.php?resort=crystalmountain&date=2016-03-01 HTTP/1.1" 200 1084 "http://whereshouldiski.com/" "Mozilla/5.0 (compatible; Googlebot/2.1; +http://www.google.com/bot.html)"
66.249.75.8 - - [29/Feb/2016:19:21:39 -0800] "GET /lib/resortDataSearchD3.php?size=7&sortDate=T&resort=crystalmountain&dateStart=2016-02-28 HTTP/1.1" 200 879 "http://whereshouldiski.com/" "Mozilla/5.0 (compatible; Googlebot/2.1; +http://www.google.com/bot.html)"
66.249.75.8 - - [29/Feb/2016:19:21:40 -0800] "GET /lib/reccapi.php?fields=t&date=2016-03-01&coords=46.92%2C-121.49&size=7&sort=distance HTTP/1.1" 200 1395 "http://whereshouldiski.com/" "Mozilla/5.0 (compatible; Googlebot/2.1; +http://www.google.com/bot.html)"
73.71.74.57 - - [29/Feb/2016:19:23:15 -0800] "GET /images/wsis-logo-sm.png HTTP/1.1" 200 6108 "http://www.thebackcountry.net/" "Mozilla/5.0 (iPhone; CPU iPhone OS 9_2 like Mac OS X) AppleWebKit/601.1.46 (KHTML, like Gecko) Version/9.0 Mobile/13C75 Safari/601.1"
180.76.15.25 - - [29/Feb/2016:19:32:12 -0800] "GET / HTTP/1.1" 200 6995 "-" "Mozilla/5.0 (compatible; Baiduspider/2.0; +http://www.baidu.com/search/spider.html)"
180.76.15.160 - - [29/Feb/2016:19:33:13 -0800] "GET / HTTP/1.1" 200 6995 "-" "Mozilla/5.0 (compatible; Baiduspider/2.0; +http://www.baidu.com/search/spider.html)"
66.249.75.114 - - [29/Feb/2016:19:35:57 -0800] "GET / HTTP/1.1" 200 2615 "-" "Mozilla/5.0 (iPhone; CPU iPhone OS 8_3 like Mac OS X) AppleWebKit/600.1.4 (KHTML, like Gecko) Version/8.0 Mobile/12F70 Safari/600.1.4 (compatible; Googlebot/2.1; +http://www.google.com/bot.html)"
73.162.158.60 - - [29/Feb/2016:19:37:59 -0800] "GET /images/wsis-logo-sm.png HTTP/1.1" 200 6108 "http://www.thebackcountry.net/" "Mozilla/5.0 (Macintosh; Intel Mac OS X 10_10_5) AppleWebKit/537.36 (KHTML, like Gecko) Chrome/48.0.2564.97 Safari/537.36"
207.46.13.192 - - [29/Feb/2016:19:38:33 -0800] "GET / HTTP/1.1" 200 2615 "-" "Mozilla/5.0 (compatible; bingbot/2.0; +http://www.bing.com/bingbot.htm)"
170.75.162.130 - - [29/Feb/2016:19:39:16 -0800] "GET /lib/reccapi.php?resort=hoodoo HTTP/1.1" 200 1016 "-" "node-superagent/1.4.0"
170.75.162.130 - - [29/Feb/2016:19:39:16 -0800] "GET /lib/reccapi.php?resort=mountspokane HTTP/1.1" 200 987 "-" "node-superagent/1.4.0"
170.75.162.130 - - [29/Feb/2016:19:39:16 -0800] "GET /lib/reccapi.php?resort=parkcity HTTP/1.1" 200 1079 "-" "node-superagent/1.4.0"
170.75.162.130 - - [29/Feb/2016:19:39:26 -0800] "GET /lib/reccapi.php?resort=redlodge HTTP/1.1" 200 1107 "-" "node-superagent/1.4.0"
170.75.162.130 - - [29/Feb/2016:19:39:26 -0800] "GET /lib/reccapi.php?resort=sugarloaf HTTP/1.1" 200 1065 "-" "node-superagent/1.4.0"
170.75.162.130 - - [29/Feb/2016:19:39:26 -0800] "GET /lib/reccapi.php?resort=sundayriver HTTP/1.1" 200 1055 "-" "node-superagent/1.4.0"
73.162.158.60 - - [29/Feb/2016:19:41:17 -0800] "-" 408 0 "-" "-"
73.162.158.60 - - [29/Feb/2016:19:41:17 -0800] "-" 408 0 "-" "-"
47.208.180.32 - - [29/Feb/2016:19:45:22 -0800] "GET /images/wsis-logo-sm.png HTTP/1.1" 200 6108 "http://www.thebackcountry.net/" "Mozilla/5.0 (Macintosh; Intel Mac OS X 10_11_1) AppleWebKit/601.2.7 (KHTML, like Gecko) Version/9.0.1 Safari/601.2.7"
170.75.162.130 - - [29/Feb/2016:19:49:57 -0800] "GET /lib/reccapi.php?resort=whitefacemountain HTTP/1.1" 200 1124 "-" "node-superagent/1.4.0"
52.33.40.213 - - [29/Feb/2016:19:59:01 -0800] "GET /lib/reccapi.php?resort=alpinemeadows HTTP/1.1" 200 966 "-" "node-superagent/1.4.0"
76.14.25.230 - - [29/Feb/2016:19:59:21 -0800] "GET /images/wsis-logo-sm.png HTTP/1.1" 200 6108 "http://www.thebackcountry.net/" "Mozilla/5.0 (Macintosh; Intel Mac OS X 10_11_2) AppleWebKit/601.3.9 (KHTML, like Gecko) Version/9.0.2 Safari/601.3.9"
52.33.40.213 - - [29/Feb/2016:20:01:01 -0800] "GET /lib/reccapi.php?resort=squawvalleyusa HTTP/1.1" 200 972 "-" "node-superagent/1.4.0"
67.142.166.21 - - [29/Feb/2016:20:04:37 -0800] "GET /images/wsis-logo-sm.png HTTP/1.1" 200 6108 "http://www.thebackcountry.net/" "Mozilla/5.0 (Macintosh; Intel Mac OS X 10_6_8) AppleWebKit/534.59.10 (KHTML, like Gecko) Version/5.1.9 Safari/534.59.10"
67.142.166.21 - - [29/Feb/2016:20:04:41 -0800] "GET /images/wsis-logo-sm.png HTTP/1.1" 200 6071 "http://www.thebackcountry.net/" "Mozilla/5.0 (Macintosh; Intel Mac OS X 10_6_8) AppleWebKit/534.59.10 (KHTML, like Gecko) Version/5.1.9 Safari/534.59.10"
52.33.40.213 - - [29/Feb/2016:20:18:32 -0800] "GET /lib/reccapi.php?resort=arapahoebasin HTTP/1.1" 200 1062 "-" "node-superagent/1.4.0"
52.33.40.213 - - [29/Feb/2016:20:18:52 -0800] "GET /lib/reccapi.php?resort=coppermountain HTTP/1.1" 200 1054 "-" "node-superagent/1.4.0"
170.75.162.130 - - [29/Feb/2016:20:32:13 -0800] "GET /lib/reccapi.php?resort=sugarbowl HTTP/1.1" 200 951 "-" "node-superagent/1.4.0"
180.76.15.163 - - [29/Feb/2016:20:33:27 -0800] "GET / HTTP/1.1" 200 6995 "-" "Mozilla/5.0 (compatible; Baiduspider/2.0; +http://www.baidu.com/search/spider.html)"
180.76.15.8 - - [29/Feb/2016:20:34:24 -0800] "GET / HTTP/1.1" 200 6995 "-" "Mozilla/5.0 (compatible; Baiduspider/2.0; +http://www.baidu.com/search/spider.html)"
52.33.40.213 - - [29/Feb/2016:20:39:03 -0800] "GET /lib/reccapi.php?resort=mounthoodmeadows HTTP/1.1" 200 1009 "-" "node-superagent/1.4.0"
52.33.40.213 - - [29/Feb/2016:20:40:03 -0800] "GET /lib/reccapi.php?resort=brianhead HTTP/1.1" 200 981 "-" "node-superagent/1.4.0"
170.75.162.130 - - [29/Feb/2016:21:00:07 -0800] "GET /lib/reccapi.php?resort=killington HTTP/1.1" 200 1070 "-" "node-superagent/1.4.0"
170.75.162.130 - - [29/Feb/2016:21:02:17 -0800] "GET /lib/reccapi.php?resort=angelfire HTTP/1.1" 200 975 "-" "node-superagent/1.4.0"
170.75.162.130 - - [29/Feb/2016:21:02:57 -0800] "GET /lib/reccapi.php?resort=devilshead HTTP/1.1" 200 1003 "-" "node-superagent/1.4.0"
