71.9.17.19 - - [23/Feb/2016:11:25:15 -0800] "GET /images/wsis-logo-sm.png HTTP/1.1" 200 6108 "http://www.thebackcountry.net/" "Mozilla/5.0 (iPad; CPU OS 9_2_1 like Mac OS X) AppleWebKit/601.1.46 (KHTML, like Gecko) Version/9.0 Mobile/13D15 Safari/601.1"
180.76.15.147 - - [23/Feb/2016:11:32:20 -0800] "GET / HTTP/1.1" 200 6995 "-" "Mozilla/5.0 (compatible; Baiduspider/2.0; +http://www.baidu.com/search/spider.html)"
73.222.170.120 - - [23/Feb/2016:11:32:28 -0800] "GET /images/wsis-logo-sm.png HTTP/1.1" 200 6108 "http://thebackcountry.net/" "Mozilla/5.0 (Macintosh; Intel Mac OS X 10_11_2) AppleWebKit/537.36 (KHTML, like Gecko) Chrome/48.0.2564.109 Safari/537.36"
180.76.15.135 - - [23/Feb/2016:11:33:14 -0800] "GET / HTTP/1.1" 200 6995 "-" "Mozilla/5.0 (compatible; Baiduspider/2.0; +http://www.baidu.com/search/spider.html)"
52.33.40.213 - - [23/Feb/2016:11:34:30 -0800] "GET /lib/reccapi.php?resort=hoodoo HTTP/1.1" 200 971 "-" "node-superagent/1.4.0"
52.33.40.213 - - [23/Feb/2016:11:48:11 -0800] "GET /lib/reccapi.php?resort=49degreesnorth HTTP/1.1" 200 998 "-" "node-superagent/1.4.0"
170.75.162.130 - - [23/Feb/2016:11:49:41 -0800] "GET /lib/reccapi.php?resort=sugarbowl HTTP/1.1" 200 955 "-" "node-superagent/1.4.0"
52.33.40.213 - - [23/Feb/2016:11:51:51 -0800] "GET /lib/reccapi.php?resort=bigwhite HTTP/1.1" 200 922 "-" "node-superagent/1.4.0"
52.33.40.213 - - [23/Feb/2016:11:53:11 -0800] "GET /lib/reccapi.php?resort=crestedbutte HTTP/1.1" 200 1074 "-" "node-superagent/1.4.0"
52.33.40.213 - - [23/Feb/2016:11:53:11 -0800] "GET /lib/reccapi.php?resort=devilshead HTTP/1.1" 200 942 "-" "node-superagent/1.4.0"
52.33.40.213 - - [23/Feb/2016:11:53:11 -0800] "GET /lib/reccapi.php?resort=diamondpeak HTTP/1.1" 200 938 "-" "node-superagent/1.4.0"
52.33.40.213 - - [23/Feb/2016:11:53:51 -0800] "GET /lib/reccapi.php?resort=sugarbowl HTTP/1.1" 200 955 "-" "node-superagent/1.4.0"
52.33.40.213 - - [23/Feb/2016:11:54:21 -0800] "GET /lib/reccapi.php?resort=sunpeaksresort HTTP/1.1" 200 924 "-" "node-superagent/1.4.0"
52.33.40.213 - - [23/Feb/2016:11:54:41 -0800] "GET /lib/reccapi.php?resort=redmountain HTTP/1.1" 200 908 "-" "node-superagent/1.4.0"
52.33.40.213 - - [23/Feb/2016:11:54:41 -0800] "GET /lib/reccapi.php?resort=mountainhigh HTTP/1.1" 200 995 "-" "node-superagent/1.4.0"
52.33.40.213 - - [23/Feb/2016:11:54:41 -0800] "GET /lib/reccapi.php?resort=loveland HTTP/1.1" 200 1053 "-" "node-superagent/1.4.0"
52.33.40.213 - - [23/Feb/2016:11:55:21 -0800] "GET /lib/reccapi.php?resort=wildcatmountain HTTP/1.1" 200 973 "-" "node-superagent/1.4.0"
52.33.40.213 - - [23/Feb/2016:11:55:21 -0800] "GET /lib/reccapi.php?resort=sierra-at-tahoe HTTP/1.1" 200 979 "-" "node-superagent/1.4.0"
52.33.40.213 - - [23/Feb/2016:11:55:51 -0800] "GET /lib/reccapi.php?resort=silverstarmountain HTTP/1.1" 200 928 "-" "node-superagent/1.4.0"
52.33.40.213 - - [23/Feb/2016:11:55:51 -0800] "GET /lib/reccapi.php?resort=snowbasin HTTP/1.1" 200 945 "-" "node-superagent/1.4.0"
170.75.162.130 - - [23/Feb/2016:12:05:33 -0800] "GET /lib/reccapi.php?resort=stevenspass HTTP/1.1" 200 968 "-" "node-superagent/1.4.0"
123.125.71.32 - - [23/Feb/2016:12:12:25 -0800] "GET /robots.txt HTTP/1.1" 200 382 "-" "Mozilla/5.0 (compatible; Baiduspider/2.0; +http://www.baidu.com/search/spider.html)"
208.80.68.154 - - [23/Feb/2016:12:13:06 -0800] "GET /images/wsis-logo-sm.png HTTP/1.1" 200 6108 "http://www.thebackcountry.net/" "Mozilla/5.0 (Macintosh; Intel Mac OS X 10_10_5) AppleWebKit/537.36 (KHTML, like Gecko) Chrome/48.0.2564.116 Safari/537.36"
52.33.40.213 - - [23/Feb/2016:12:14:12 -0800] "GET /lib/reccapi.php?resort=coppermountain HTTP/1.1" 200 1095 "-" "node-superagent/1.4.0"
71.94.194.209 - - [23/Feb/2016:12:16:43 -0800] "GET /images/wsis-logo-sm.png HTTP/1.1" 200 6108 "http://www.thebackcountry.net/" "Mozilla/5.0 (Windows NT 6.1; WOW64) AppleWebKit/537.36 (KHTML, like Gecko) Chrome/48.0.2564.116 Safari/537.36"
199.106.174.8 - - [23/Feb/2016:12:17:40 -0800] "GET /images/wsis-logo-sm.png HTTP/1.1" 200 6108 "http://www.thebackcountry.net/" "Mozilla/5.0 (Windows NT 10.0; WOW64; Trident/7.0; Touch; rv:11.0) like Gecko"
199.106.174.8 - - [23/Feb/2016:12:18:01 -0800] "-" 408 0 "-" "-"
199.106.174.8 - - [23/Feb/2016:12:19:25 -0800] "-" 408 0 "-" "-"
12.23.56.25 - - [23/Feb/2016:12:19:44 -0800] "GET /images/wsis-logo-sm.png HTTP/1.1" 200 6108 "http://www.thebackcountry.net/" "Mozilla/5.0 (Windows NT 6.1; WOW64) AppleWebKit/537.36 (KHTML, like Gecko) Chrome/48.0.2564.116 Safari/537.36"
72.87.236.91 - - [23/Feb/2016:12:27:30 -0800] "GET /images/wsis-logo-sm.png HTTP/1.1" 200 6108 "http://www.thebackcountry.net/" "Mozilla/5.0 (Windows NT 6.1; WOW64) AppleWebKit/537.36 (KHTML, like Gecko) Chrome/48.0.2564.116 Safari/537.36"
87.216.84.8 - - [23/Feb/2016:12:30:28 -0800] "GET /images/wsis-logo-sm.png HTTP/1.1" 200 6108 "http://www.thebackcountry.net/" "Mozilla/5.0 (Windows NT 6.1; WOW64) AppleWebKit/537.36 (KHTML, like Gecko) Chrome/48.0.2564.116 Safari/537.36"
180.76.15.159 - - [23/Feb/2016:12:30:59 -0800] "GET / HTTP/1.1" 200 6995 "-" "Mozilla/5.0 (compatible; Baiduspider/2.0; +http://www.baidu.com/search/spider.html)"
180.76.15.5 - - [23/Feb/2016:12:31:53 -0800] "GET / HTTP/1.1" 200 6995 "-" "Mozilla/5.0 (compatible; Baiduspider/2.0; +http://www.baidu.com/search/spider.html)"
123.125.71.76 - - [23/Feb/2016:12:32:09 -0800] "GET / HTTP/1.1" 200 2578 "-" "Mozilla/5.0 (Windows NT 5.1; rv:6.0.2) Gecko/20100101 Firefox/6.0.2"
123.125.71.109 - - [23/Feb/2016:12:32:11 -0800] "GET / HTTP/1.1" 200 6995 "-" "Mozilla/5.0 (Windows NT 5.1; rv:6.0.2) Gecko/20100101 Firefox/6.0.2"
170.75.162.130 - - [23/Feb/2016:12:35:16 -0800] "GET /lib/reccapi.php?resort=homewoodmountain HTTP/1.1" 200 995 "-" "node-superagent/1.4.0"
170.75.162.130 - - [23/Feb/2016:12:36:06 -0800] "GET /lib/reccapi.php?resort=redmountain HTTP/1.1" 200 908 "-" "node-superagent/1.4.0"
69.59.217.42 - - [23/Feb/2016:12:38:46 -0800] "GET /images/wsis-logo-sm.png HTTP/1.1" 200 6108 "http://www.thebackcountry.net/" "Mozilla/5.0 (Macintosh; Intel Mac OS X 10_10_5) AppleWebKit/537.36 (KHTML, like Gecko) Chrome/48.0.2564.103 Safari/537.36"
52.33.40.213 - - [23/Feb/2016:12:40:33 -0800] "GET /lib/reccapi.php?resort=aspenmountain HTTP/1.1" 200 1072 "-" "node-superagent/1.4.0"
52.33.40.213 - - [23/Feb/2016:12:40:33 -0800] "GET /lib/reccapi.php?resort=mammothmountain HTTP/1.1" 200 986 "-" "node-superagent/1.4.0"
107.150.60.78 - - [23/Feb/2016:12:44:28 -0800] "GET /forum.php HTTP/1.1" 404 472 "-" "Mozilla/4.0 (compatible; MSIE 8.0; Windows NT 6.1; Trident/4.0; SLCC2; .NET CLR 2.0.50727; .NET CLR 3.5.30729; .NET CLR 3.0.30729; Media Center PC 6.0)"
163.150.226.215 - - [23/Feb/2016:12:51:43 -0800] "GET /images/wsis-logo-sm.png HTTP/1.1" 200 6108 "http://www.thebackcountry.net/" "Mozilla/5.0 (Macintosh; Intel Mac OS X 10_10_5) AppleWebKit/537.36 (KHTML, like Gecko) Chrome/48.0.2564.116 Safari/537.36"
216.84.87.162 - - [23/Feb/2016:13:01:29 -0800] "GET / HTTP/1.1" 200 2615 "-" "Mozilla/5.0 (Macintosh; Intel Mac OS X 10_11_3) AppleWebKit/537.36 (KHTML, like Gecko) Chrome/48.0.2564.116 Safari/537.36"
216.84.87.162 - - [23/Feb/2016:13:01:29 -0800] "GET /styles/ee08faa9.main.css HTTP/1.1" 200 19446 "http://whereshouldiski.com/" "Mozilla/5.0 (Macintosh; Intel Mac OS X 10_11_3) AppleWebKit/537.36 (KHTML, like Gecko) Chrome/48.0.2564.116 Safari/537.36"
216.84.87.162 - - [23/Feb/2016:13:01:29 -0800] "GET /scripts/scripts/vendor/modernizr.js HTTP/1.1" 200 4903 "http://whereshouldiski.com/" "Mozilla/5.0 (Macintosh; Intel Mac OS X 10_11_3) AppleWebKit/537.36 (KHTML, like Gecko) Chrome/48.0.2564.116 Safari/537.36"
216.84.87.162 - - [23/Feb/2016:13:01:29 -0800] "GET /bower_components/requirejs/require.js HTTP/1.1" 200 6702 "http://whereshouldiski.com/" "Mozilla/5.0 (Macintosh; Intel Mac OS X 10_11_3) AppleWebKit/537.36 (KHTML, like Gecko) Chrome/48.0.2564.116 Safari/537.36"
216.84.87.162 - - [23/Feb/2016:13:01:29 -0800] "GET /images/logo-square-white-sm.png HTTP/1.1" 200 1684 "http://whereshouldiski.com/" "Mozilla/5.0 (Macintosh; Intel Mac OS X 10_11_3) AppleWebKit/537.36 (KHTML, like Gecko) Chrome/48.0.2564.116 Safari/537.36"
216.84.87.162 - - [23/Feb/2016:13:01:29 -0800] "GET /images/loading.gif HTTP/1.1" 200 13881 "http://whereshouldiski.com/" "Mozilla/5.0 (Macintosh; Intel Mac OS X 10_11_3) AppleWebKit/537.36 (KHTML, like Gecko) Chrome/48.0.2564.116 Safari/537.36"
216.84.87.162 - - [23/Feb/2016:13:01:29 -0800] "GET /scripts/fa48e319.main.js HTTP/1.1" 200 123455 "http://whereshouldiski.com/" "Mozilla/5.0 (Macintosh; Intel Mac OS X 10_11_3) AppleWebKit/537.36 (KHTML, like Gecko) Chrome/48.0.2564.116 Safari/537.36"
216.84.87.162 - - [23/Feb/2016:13:01:30 -0800] "GET /images/greyHeader.png HTTP/1.1" 200 508 "http://whereshouldiski.com/styles/ee08faa9.main.css" "Mozilla/5.0 (Macintosh; Intel Mac OS X 10_11_3) AppleWebKit/537.36 (KHTML, like Gecko) Chrome/48.0.2564.116 Safari/537.36"
216.84.87.162 - - [23/Feb/2016:13:01:30 -0800] "GET /images/button.png HTTP/1.1" 200 598 "http://whereshouldiski.com/styles/ee08faa9.main.css" "Mozilla/5.0 (Macintosh; Intel Mac OS X 10_11_3) AppleWebKit/537.36 (KHTML, like Gecko) Chrome/48.0.2564.116 Safari/537.36"
216.84.87.162 - - [23/Feb/2016:13:01:30 -0800] "GET /lib/reccapi.php?fields=t HTTP/1.1" 200 1850 "http://whereshouldiski.com/" "Mozilla/5.0 (Macintosh; Intel Mac OS X 10_11_3) AppleWebKit/537.36 (KHTML, like Gecko) Chrome/48.0.2564.116 Safari/537.36"
216.84.87.162 - - [23/Feb/2016:13:01:30 -0800] "GET /images/snowflake5.png HTTP/1.1" 200 2857 "http://whereshouldiski.com/styles/ee08faa9.main.css" "Mozilla/5.0 (Macintosh; Intel Mac OS X 10_11_3) AppleWebKit/537.36 (KHTML, like Gecko) Chrome/48.0.2564.116 Safari/537.36"
216.84.87.162 - - [23/Feb/2016:13:01:30 -0800] "GET /images/bluebird5.png HTTP/1.1" 200 2177 "http://whereshouldiski.com/styles/ee08faa9.main.css" "Mozilla/5.0 (Macintosh; Intel Mac OS X 10_11_3) AppleWebKit/537.36 (KHTML, like Gecko) Chrome/48.0.2564.116 Safari/537.36"
216.84.87.162 - - [23/Feb/2016:13:01:30 -0800] "GET /images/star5.png HTTP/1.1" 200 1783 "http://whereshouldiski.com/styles/ee08faa9.main.css" "Mozilla/5.0 (Macintosh; Intel Mac OS X 10_11_3) AppleWebKit/537.36 (KHTML, like Gecko) Chrome/48.0.2564.116 Safari/537.36"
216.84.87.162 - - [23/Feb/2016:13:01:30 -0800] "GET /images/mtns-icon.png HTTP/1.1" 200 1096 "http://whereshouldiski.com/styles/ee08faa9.main.css" "Mozilla/5.0 (Macintosh; Intel Mac OS X 10_11_3) AppleWebKit/537.36 (KHTML, like Gecko) Chrome/48.0.2564.116 Safari/537.36"
216.84.87.162 - - [23/Feb/2016:13:01:30 -0800] "GET /favicon.ico HTTP/1.1" 200 4612 "http://whereshouldiski.com/" "Mozilla/5.0 (Macintosh; Intel Mac OS X 10_11_3) AppleWebKit/537.36 (KHTML, like Gecko) Chrome/48.0.2564.116 Safari/537.36"
216.84.87.162 - - [23/Feb/2016:13:01:30 -0800] "GET /images/shading-icon.png HTTP/1.1" 200 537 "http://whereshouldiski.com/styles/ee08faa9.main.css" "Mozilla/5.0 (Macintosh; Intel Mac OS X 10_11_3) AppleWebKit/537.36 (KHTML, like Gecko) Chrome/48.0.2564.116 Safari/537.36"
216.84.87.162 - - [23/Feb/2016:13:01:38 -0800] "GET /lib/reccapi.php?fields=t&coords=33.105018799999996,-96.8253165 HTTP/1.1" 200 1905 "http://whereshouldiski.com/" "Mozilla/5.0 (Macintosh; Intel Mac OS X 10_11_3) AppleWebKit/537.36 (KHTML, like Gecko) Chrome/48.0.2564.116 Safari/537.36"
127.0.0.1 - - [23/Feb/2016:13:01:45 -0800] "OPTIONS * HTTP/1.0" 200 126 "-" "Apache/2.2.22 (Ubuntu) (internal dummy connection)"
216.84.87.162 - - [23/Feb/2016:13:01:50 -0800] "GET /lib/reccapi.php?fields=t&coords=33.105018799999996,-96.8253165&date=2016-02-25 HTTP/1.1" 200 1801 "http://whereshouldiski.com/" "Mozilla/5.0 (Macintosh; Intel Mac OS X 10_11_3) AppleWebKit/537.36 (KHTML, like Gecko) Chrome/48.0.2564.116 Safari/537.36"
216.84.87.162 - - [23/Feb/2016:13:01:50 -0800] "GET /images/greenHeader.png HTTP/1.1" 200 508 "http://whereshouldiski.com/styles/ee08faa9.main.css" "Mozilla/5.0 (Macintosh; Intel Mac OS X 10_11_3) AppleWebKit/537.36 (KHTML, like Gecko) Chrome/48.0.2564.116 Safari/537.36"
216.84.87.162 - - [23/Feb/2016:13:01:53 -0800] "GET /lib/reccapi.php?fields=t&coords=33.105018799999996,-96.8253165&date=2016-02-25&region=PacificNW HTTP/1.1" 200 1186 "http://whereshouldiski.com/" "Mozilla/5.0 (Macintosh; Intel Mac OS X 10_11_3) AppleWebKit/537.36 (KHTML, like Gecko) Chrome/48.0.2564.116 Safari/537.36"
216.84.87.162 - - [23/Feb/2016:13:01:55 -0800] "GET /lib/reccapi.php?fields=t&coords=33.105018799999996,-96.8253165&region=PacificNW HTTP/1.1" 200 1561 "http://whereshouldiski.com/" "Mozilla/5.0 (Macintosh; Intel Mac OS X 10_11_3) AppleWebKit/537.36 (KHTML, like Gecko) Chrome/48.0.2564.116 Safari/537.36"
216.84.87.162 - - [23/Feb/2016:13:01:56 -0800] "GET /lib/reccapi.php?fields=t&coords=33.105018799999996,-96.8253165 HTTP/1.1" 200 1904 "http://whereshouldiski.com/" "Mozilla/5.0 (Macintosh; Intel Mac OS X 10_11_3) AppleWebKit/537.36 (KHTML, like Gecko) Chrome/48.0.2564.116 Safari/537.36"
12.204.99.62 - - [23/Feb/2016:13:08:43 -0800] "GET /images/wsis-logo-sm.png HTTP/1.1" 200 6108 "http://www.thebackcountry.net/" "Mozilla/5.0 (Windows NT 6.3; WOW64) AppleWebKit/537.36 (KHTML, like Gecko) Chrome/48.0.2564.116 Safari/537.36"
216.84.87.162 - - [23/Feb/2016:13:12:19 -0800] "GET / HTTP/1.1" 200 2615 "-" "Mozilla/5.0 (Macintosh; Intel Mac OS X 10_10_5) AppleWebKit/537.36 (KHTML, like Gecko) Chrome/48.0.2564.116 Safari/537.36"
216.84.87.162 - - [23/Feb/2016:13:12:19 -0800] "GET /styles/ee08faa9.main.css HTTP/1.1" 200 19446 "http://whereshouldiski.com/" "Mozilla/5.0 (Macintosh; Intel Mac OS X 10_10_5) AppleWebKit/537.36 (KHTML, like Gecko) Chrome/48.0.2564.116 Safari/537.36"
216.84.87.162 - - [23/Feb/2016:13:12:19 -0800] "GET /scripts/scripts/vendor/modernizr.js HTTP/1.1" 200 4903 "http://whereshouldiski.com/" "Mozilla/5.0 (Macintosh; Intel Mac OS X 10_10_5) AppleWebKit/537.36 (KHTML, like Gecko) Chrome/48.0.2564.116 Safari/537.36"
216.84.87.162 - - [23/Feb/2016:13:12:19 -0800] "GET /images/logo-square-white-sm.png HTTP/1.1" 200 1684 "http://whereshouldiski.com/" "Mozilla/5.0 (Macintosh; Intel Mac OS X 10_10_5) AppleWebKit/537.36 (KHTML, like Gecko) Chrome/48.0.2564.116 Safari/537.36"
216.84.87.162 - - [23/Feb/2016:13:12:19 -0800] "GET /bower_components/requirejs/require.js HTTP/1.1" 200 6701 "http://whereshouldiski.com/" "Mozilla/5.0 (Macintosh; Intel Mac OS X 10_10_5) AppleWebKit/537.36 (KHTML, like Gecko) Chrome/48.0.2564.116 Safari/537.36"
216.84.87.162 - - [23/Feb/2016:13:12:20 -0800] "GET /images/loading.gif HTTP/1.1" 200 13881 "http://whereshouldiski.com/" "Mozilla/5.0 (Macintosh; Intel Mac OS X 10_10_5) AppleWebKit/537.36 (KHTML, like Gecko) Chrome/48.0.2564.116 Safari/537.36"
216.84.87.162 - - [23/Feb/2016:13:12:20 -0800] "GET /scripts/fa48e319.main.js HTTP/1.1" 200 123455 "http://whereshouldiski.com/" "Mozilla/5.0 (Macintosh; Intel Mac OS X 10_10_5) AppleWebKit/537.36 (KHTML, like Gecko) Chrome/48.0.2564.116 Safari/537.36"
216.84.87.162 - - [23/Feb/2016:13:12:21 -0800] "GET /images/button.png HTTP/1.1" 200 598 "http://whereshouldiski.com/styles/ee08faa9.main.css" "Mozilla/5.0 (Macintosh; Intel Mac OS X 10_10_5) AppleWebKit/537.36 (KHTML, like Gecko) Chrome/48.0.2564.116 Safari/537.36"
216.84.87.162 - - [23/Feb/2016:13:12:21 -0800] "GET /lib/reccapi.php?fields=t HTTP/1.1" 200 1850 "http://whereshouldiski.com/" "Mozilla/5.0 (Macintosh; Intel Mac OS X 10_10_5) AppleWebKit/537.36 (KHTML, like Gecko) Chrome/48.0.2564.116 Safari/537.36"
216.84.87.162 - - [23/Feb/2016:13:12:22 -0800] "GET /images/star5.png HTTP/1.1" 200 1783 "http://whereshouldiski.com/styles/ee08faa9.main.css" "Mozilla/5.0 (Macintosh; Intel Mac OS X 10_10_5) AppleWebKit/537.36 (KHTML, like Gecko) Chrome/48.0.2564.116 Safari/537.36"
216.84.87.162 - - [23/Feb/2016:13:12:22 -0800] "GET /images/snowflake5.png HTTP/1.1" 200 2857 "http://whereshouldiski.com/styles/ee08faa9.main.css" "Mozilla/5.0 (Macintosh; Intel Mac OS X 10_10_5) AppleWebKit/537.36 (KHTML, like Gecko) Chrome/48.0.2564.116 Safari/537.36"
216.84.87.162 - - [23/Feb/2016:13:12:22 -0800] "GET /images/bluebird5.png HTTP/1.1" 200 2178 "http://whereshouldiski.com/styles/ee08faa9.main.css" "Mozilla/5.0 (Macintosh; Intel Mac OS X 10_10_5) AppleWebKit/537.36 (KHTML, like Gecko) Chrome/48.0.2564.116 Safari/537.36"
216.84.87.162 - - [23/Feb/2016:13:12:22 -0800] "GET /images/mtns-icon.png HTTP/1.1" 200 1097 "http://whereshouldiski.com/styles/ee08faa9.main.css" "Mozilla/5.0 (Macintosh; Intel Mac OS X 10_10_5) AppleWebKit/537.36 (KHTML, like Gecko) Chrome/48.0.2564.116 Safari/537.36"
216.84.87.162 - - [23/Feb/2016:13:12:22 -0800] "GET /images/greyHeader.png HTTP/1.1" 200 508 "http://whereshouldiski.com/styles/ee08faa9.main.css" "Mozilla/5.0 (Macintosh; Intel Mac OS X 10_10_5) AppleWebKit/537.36 (KHTML, like Gecko) Chrome/48.0.2564.116 Safari/537.36"
216.84.87.162 - - [23/Feb/2016:13:12:22 -0800] "GET /images/shading-icon.png HTTP/1.1" 200 537 "http://whereshouldiski.com/styles/ee08faa9.main.css" "Mozilla/5.0 (Macintosh; Intel Mac OS X 10_10_5) AppleWebKit/537.36 (KHTML, like Gecko) Chrome/48.0.2564.116 Safari/537.36"
216.84.87.162 - - [23/Feb/2016:13:12:23 -0800] "GET /favicon.ico HTTP/1.1" 200 4612 "http://whereshouldiski.com/" "Mozilla/5.0 (Macintosh; Intel Mac OS X 10_10_5) AppleWebKit/537.36 (KHTML, like Gecko) Chrome/48.0.2564.116 Safari/537.36"
216.84.87.162 - - [23/Feb/2016:13:12:25 -0800] "GET /lib/reccapi.php?fields=t&date=2016-02-23 HTTP/1.1" 200 1809 "http://whereshouldiski.com/" "Mozilla/5.0 (Macintosh; Intel Mac OS X 10_10_5) AppleWebKit/537.36 (KHTML, like Gecko) Chrome/48.0.2564.116 Safari/537.36"
216.84.87.162 - - [23/Feb/2016:13:12:26 -0800] "GET /images/greenHeader.png HTTP/1.1" 200 508 "http://whereshouldiski.com/styles/ee08faa9.main.css" "Mozilla/5.0 (Macintosh; Intel Mac OS X 10_10_5) AppleWebKit/537.36 (KHTML, like Gecko) Chrome/48.0.2564.116 Safari/537.36"
216.84.87.162 - - [23/Feb/2016:13:12:26 -0800] "GET /lib/reccapi.php?fields=t HTTP/1.1" 200 1850 "http://whereshouldiski.com/" "Mozilla/5.0 (Macintosh; Intel Mac OS X 10_10_5) AppleWebKit/537.36 (KHTML, like Gecko) Chrome/48.0.2564.116 Safari/537.36"
216.84.87.162 - - [23/Feb/2016:13:12:33 -0800] "GET /lib/reccapi.php?fields=t&coords=33.1050259,-96.8253539 HTTP/1.1" 200 1905 "http://whereshouldiski.com/" "Mozilla/5.0 (Macintosh; Intel Mac OS X 10_10_5) AppleWebKit/537.36 (KHTML, like Gecko) Chrome/48.0.2564.116 Safari/537.36"
127.0.0.1 - - [23/Feb/2016:13:12:41 -0800] "OPTIONS * HTTP/1.0" 200 126 "-" "Apache/2.2.22 (Ubuntu) (internal dummy connection)"
216.84.87.162 - - [23/Feb/2016:13:13:28 -0800] "GET /lib/reccapi.php?fields=t&coords=33.1050259,-96.8253539&date=2016-02-26 HTTP/1.1" 200 1781 "http://whereshouldiski.com/" "Mozilla/5.0 (Macintosh; Intel Mac OS X 10_10_5) AppleWebKit/537.36 (KHTML, like Gecko) Chrome/48.0.2564.116 Safari/537.36"
216.84.87.162 - - [23/Feb/2016:13:13:31 -0800] "GET /lib/reccapi.php?fields=t&coords=33.1050259,-96.8253539 HTTP/1.1" 200 1904 "http://whereshouldiski.com/" "Mozilla/5.0 (Macintosh; Intel Mac OS X 10_10_5) AppleWebKit/537.36 (KHTML, like Gecko) Chrome/48.0.2564.116 Safari/537.36"
170.75.162.130 - - [23/Feb/2016:13:17:31 -0800] "GET /lib/reccapi.php?resort=brighton HTTP/1.1" 200 963 "-" "node-superagent/1.4.0"
170.75.162.130 - - [23/Feb/2016:13:21:21 -0800] "GET /lib/reccapi.php?resort=bigsky HTTP/1.1" 200 1004 "-" "node-superagent/1.4.0"
170.75.162.130 - - [23/Feb/2016:13:21:22 -0800] "GET /lib/reccapi.php?resort=bigwhite HTTP/1.1" 200 922 "-" "node-superagent/1.4.0"
170.75.162.130 - - [23/Feb/2016:13:21:22 -0800] "GET /lib/reccapi.php?resort=brianhead HTTP/1.1" 200 997 "-" "node-superagent/1.4.0"
170.75.162.130 - - [23/Feb/2016:13:22:22 -0800] "GET /lib/reccapi.php?resort=angelfire HTTP/1.1" 200 1052 "-" "node-superagent/1.4.0"
170.75.162.130 - - [23/Feb/2016:13:24:32 -0800] "GET /lib/reccapi.php?resort=heavenly HTTP/1.1" 200 1005 "-" "node-superagent/1.4.0"
170.75.162.130 - - [23/Feb/2016:13:26:32 -0800] "GET /lib/reccapi.php?resort=aspenheights HTTP/1.1" 200 1093 "-" "node-superagent/1.4.0"
170.75.162.130 - - [23/Feb/2016:13:26:32 -0800] "GET /lib/reccapi.php?resort=aspenmountain HTTP/1.1" 200 1072 "-" "node-superagent/1.4.0"
170.75.162.130 - - [23/Feb/2016:13:26:32 -0800] "GET /lib/reccapi.php?resort=snowmass HTTP/1.1" 200 1060 "-" "node-superagent/1.4.0"
170.75.162.130 - - [23/Feb/2016:13:26:32 -0800] "GET /lib/reccapi.php?resort=buttermilk HTTP/1.1" 200 1051 "-" "node-superagent/1.4.0"
207.46.13.42 - - [23/Feb/2016:13:26:46 -0800] "GET / HTTP/1.1" 200 2615 "-" "Mozilla/5.0 (compatible; bingbot/2.0; +http://www.bing.com/bingbot.htm)"
180.76.15.6 - - [23/Feb/2016:13:31:21 -0800] "GET / HTTP/1.1" 200 6995 "-" "Mozilla/5.0 (compatible; Baiduspider/2.0; +http://www.baidu.com/search/spider.html)"
180.76.15.160 - - [23/Feb/2016:13:32:16 -0800] "GET / HTTP/1.1" 200 6995 "-" "Mozilla/5.0 (compatible; Baiduspider/2.0; +http://www.baidu.com/search/spider.html)"
220.181.108.160 - - [23/Feb/2016:13:41:03 -0800] "GET / HTTP/1.1" 200 2578 "-" "Mozilla/5.0 (Windows NT 5.1; rv:6.0.2) Gecko/20100101 Firefox/6.0.2"
220.181.108.184 - - [23/Feb/2016:13:41:05 -0800] "GET / HTTP/1.1" 200 6995 "-" "Mozilla/5.0 (Windows NT 5.1; rv:6.0.2) Gecko/20100101 Firefox/6.0.2"
170.75.162.130 - - [23/Feb/2016:13:58:16 -0800] "GET /lib/reccapi.php?resort=mtrose HTTP/1.1" 200 988 "-" "node-superagent/1.4.0"
68.180.229.34 - - [23/Feb/2016:13:59:50 -0800] "GET /robots.txt HTTP/1.1" 200 319 "-" "Mozilla/5.0 (compatible; Yahoo! Slurp; http://help.yahoo.com/help/us/ysearch/slurp)"
68.180.229.34 - - [23/Feb/2016:13:59:50 -0800] "GET /resorts?resort=sugarloaf HTTP/1.1" 404 450 "-" "Mozilla/5.0 (compatible; Yahoo! Slurp; http://help.yahoo.com/help/us/ysearch/slurp)"
132.188.64.212 - - [23/Feb/2016:14:01:01 -0800] "GET /images/wsis-logo-sm.png HTTP/1.1" 200 6108 "http://www.thebackcountry.net/" "Mozilla/5.0 (Macintosh; Intel Mac OS X 10_11_3) AppleWebKit/537.36 (KHTML, like Gecko) Chrome/48.0.2564.116 Safari/537.36"
24.176.255.246 - - [23/Feb/2016:14:01:29 -0800] "GET /images/wsis-logo-sm.png HTTP/1.1" 200 6108 "http://www.thebackcountry.net/" "Mozilla/5.0 (Windows NT 6.1; WOW64) AppleWebKit/537.36 (KHTML, like Gecko) Chrome/48.0.2564.116 Safari/537.36"
209.188.200.126 - - [23/Feb/2016:14:02:25 -0800] "GET /images/wsis-logo-sm.png HTTP/1.1" 200 6108 "http://www.thebackcountry.net/" "Mozilla/5.0 (X11; Linux x86_64; rv:24.0) Gecko/20100101 Firefox/24.0"
70.194.131.153 - - [23/Feb/2016:14:06:21 -0800] "GET /images/wsis-logo-sm.png HTTP/1.1" 200 6108 "http://www.thebackcountry.net/" "Mozilla/5.0 (iPhone; CPU iPhone OS 9_2_1 like Mac OS X) AppleWebKit/601.1.46 (KHTML, like Gecko) Version/9.0 Mobile/13D15 Safari/601.1"
216.84.87.162 - - [23/Feb/2016:14:08:41 -0800] "GET /lib/reccapi.php?fields=t&state=WA&powder=3 HTTP/1.1" 200 471 "http://whereshouldiski.com/" "Mozilla/5.0 (Macintosh; Intel Mac OS X 10_10_5) AppleWebKit/600.8.9 (KHTML, like Gecko) WebClip/10601.4.2 Safari/10601.4.4"
156.39.0.199 - - [23/Feb/2016:14:18:45 -0800] "GET /images/wsis-logo-sm.png HTTP/1.1" 200 6108 "http://www.thebackcountry.net/" "Mozilla/5.0 (Windows NT 6.1; Trident/7.0; rv:11.0) like Gecko"
156.39.0.199 - - [23/Feb/2016:14:19:06 -0800] "-" 408 0 "-" "-"
180.76.15.30 - - [23/Feb/2016:14:31:44 -0800] "GET / HTTP/1.1" 200 6995 "-" "Mozilla/5.0 (compatible; Baiduspider/2.0; +http://www.baidu.com/search/spider.html)"
180.76.15.32 - - [23/Feb/2016:14:32:39 -0800] "GET / HTTP/1.1" 200 6995 "-" "Mozilla/5.0 (compatible; Baiduspider/2.0; +http://www.baidu.com/search/spider.html)"
24.2.54.147 - - [23/Feb/2016:14:40:04 -0800] "GET /images/wsis-logo-sm.png HTTP/1.1" 200 6108 "http://www.thebackcountry.net/" "Mozilla/5.0 (Windows NT 6.1; WOW64; rv:44.0) Gecko/20100101 Firefox/44.0"
170.75.162.130 - - [23/Feb/2016:14:42:51 -0800] "GET /lib/reccapi.php?resort=sunvalley HTTP/1.1" 200 1004 "-" "node-superagent/1.4.0"
108.201.220.38 - - [23/Feb/2016:14:45:07 -0800] "GET /images/wsis-logo-sm.png HTTP/1.1" 200 6108 "http://www.thebackcountry.net/" "Mozilla/5.0 (Macintosh; Intel Mac OS X 10_11_3) AppleWebKit/601.4.4 (KHTML, like Gecko) Version/9.0.3 Safari/601.4.4"
5.9.151.67 - - [23/Feb/2016:14:47:57 -0800] "GET / HTTP/1.1" 200 2559 "-" "Mozilla/5.0 (compatible; MegaIndex.ru/2.0; +http://megaindex.com/crawler)"
5.9.151.67 - - [23/Feb/2016:14:48:00 -0800] "GET /robots.txt HTTP/1.1" 200 363 "-" "Mozilla/5.0 (compatible; MegaIndex.ru/2.0; +http://megaindex.com/crawler)"
5.9.151.67 - - [23/Feb/2016:14:48:01 -0800] "GET /about HTTP/1.1" 404 450 "-" "Mozilla/5.0 (compatible; MegaIndex.ru/2.0; +http://megaindex.com/crawler)"
52.33.40.213 - - [23/Feb/2016:14:55:59 -0800] "GET /lib/reccapi.php?resort=mountbachelor HTTP/1.1" 200 987 "-" "node-superagent/1.4.0"
52.33.40.213 - - [23/Feb/2016:14:55:59 -0800] "GET /lib/reccapi.php?resort=mountspokane HTTP/1.1" 200 994 "-" "node-superagent/1.4.0"
166.137.139.83 - - [23/Feb/2016:14:56:01 -0800] "GET /images/wsis-logo-sm.png HTTP/1.1" 200 6108 "http://www.thebackcountry.net/" "Mozilla/5.0 (iPhone; CPU iPhone OS 9_2_1 like Mac OS X) AppleWebKit/601.1.46 (KHTML, like Gecko) Version/9.0 Mobile/13D15 Safari/601.1"
52.33.40.213 - - [23/Feb/2016:14:57:10 -0800] "GET /lib/reccapi.php?resort=schweitzer HTTP/1.1" 200 943 "-" "node-superagent/1.4.0"
52.33.40.213 - - [23/Feb/2016:14:57:20 -0800] "GET /lib/reccapi.php?resort=stevenspass HTTP/1.1" 200 968 "-" "node-superagent/1.4.0"
170.75.162.130 - - [23/Feb/2016:14:57:32 -0800] "GET /lib/reccapi.php?resort=crestedbutte HTTP/1.1" 200 1074 "-" "node-superagent/1.4.0"
170.75.162.130 - - [23/Feb/2016:15:05:33 -0800] "GET /lib/reccapi.php?resort=sugarloaf HTTP/1.1" 200 955 "-" "node-superagent/1.4.0"
66.249.64.8 - - [23/Feb/2016:15:08:09 -0800] "GET /resorts?resort=bridgerbowl HTTP/1.1" 404 506 "-" "SAMSUNG-SGH-E250/1.0 Profile/MIDP-2.0 Configuration/CLDC-1.1 UP.Browser/6.2.3.3.c.1.101 (GUI) MMP/2.0 (compatible; Googlebot-Mobile/2.1; +http://www.google.com/bot.html)"
24.223.122.163 - - [23/Feb/2016:15:09:29 -0800] "GET /images/wsis-logo-sm.png HTTP/1.1" 200 6108 "http://www.thebackcountry.net/" "Mozilla/5.0 (Windows NT 6.1; WOW64) AppleWebKit/537.36 (KHTML, like Gecko) Chrome/48.0.2564.116 Safari/537.36"
50.242.66.198 - - [23/Feb/2016:15:10:01 -0800] "GET /images/wsis-logo-sm.png HTTP/1.1" 200 6108 "http://www.thebackcountry.net/" "Mozilla/5.0 (Windows NT 6.1; WOW64) AppleWebKit/537.36 (KHTML, like Gecko) Chrome/48.0.2564.116 Safari/537.36"
170.75.162.130 - - [23/Feb/2016:15:10:34 -0800] "GET /lib/reccapi.php?resort=kirkwood HTTP/1.1" 200 997 "-" "node-superagent/1.4.0"
66.249.64.8 - - [23/Feb/2016:15:12:01 -0800] "GET /resorts?resort=bridgerbowl HTTP/1.1" 404 506 "-" "DoCoMo/2.0 N905i(c100;TB;W24H16) (compatible; Googlebot-Mobile/2.1; +http://www.google.com/bot.html)"
192.31.105.136 - - [23/Feb/2016:15:13:06 -0800] "GET /images/wsis-logo-sm.png HTTP/1.1" 200 6108 "http://www.thebackcountry.net/" "Mozilla/5.0 (Macintosh; Intel Mac OS X 10_10_3) AppleWebKit/537.36 (KHTML, like Gecko) Chrome/48.0.2564.109 Safari/537.36"
170.75.162.130 - - [23/Feb/2016:15:17:24 -0800] "GET /lib/reccapi.php?resort=loveland HTTP/1.1" 200 1053 "-" "node-superagent/1.4.0"
170.75.162.130 - - [23/Feb/2016:15:23:05 -0800] "GET /lib/reccapi.php?resort=crystalmountain HTTP/1.1" 200 979 "-" "node-superagent/1.4.0"
170.75.162.130 - - [23/Feb/2016:15:24:05 -0800] "GET /lib/reccapi.php?resort=sundayriver HTTP/1.1" 200 968 "-" "node-superagent/1.4.0"
52.33.40.213 - - [23/Feb/2016:15:27:21 -0800] "GET /lib/reccapi.php?resort=aspenheights HTTP/1.1" 200 1093 "-" "node-superagent/1.4.0"
52.33.40.213 - - [23/Feb/2016:15:27:21 -0800] "GET /lib/reccapi.php?resort=alta HTTP/1.1" 200 954 "-" "node-superagent/1.4.0"
180.76.15.16 - - [23/Feb/2016:15:28:44 -0800] "GET / HTTP/1.1" 200 6995 "-" "Mozilla/5.0 (compatible; Baiduspider/2.0; +http://www.baidu.com/search/spider.html)"
67.60.130.162 - - [23/Feb/2016:15:29:27 -0800] "GET /images/wsis-logo-sm.png HTTP/1.1" 200 6108 "http://thebackcountry.net/" "Mozilla/5.0 (Macintosh; Intel Mac OS X 10_10_5) AppleWebKit/601.4.4 (KHTML, like Gecko) Version/9.0.3 Safari/601.4.4"
180.76.15.13 - - [23/Feb/2016:15:29:31 -0800] "GET / HTTP/1.1" 200 6995 "-" "Mozilla/5.0 (compatible; Baiduspider/2.0; +http://www.baidu.com/search/spider.html)"
170.75.162.130 - - [23/Feb/2016:15:32:16 -0800] "GET /lib/reccapi.php?resort=solitude HTTP/1.1" 200 970 "-" "node-superagent/1.4.0"
72.48.159.147 - - [23/Feb/2016:15:34:40 -0800] "GET /lib/reccapi.php?fields=t&coords=33.1050259,-96.8253539 HTTP/1.1" 200 1905 "http://whereshouldiski.com/" "Mozilla/5.0 (Macintosh; Intel Mac OS X 10_10_5) AppleWebKit/537.36 (KHTML, like Gecko) Chrome/48.0.2564.116 Safari/537.36"
72.48.159.147 - - [23/Feb/2016:15:34:46 -0800] "GET /lib/reccapi.php?fields=t&coords=33.1050259,-96.8253539&state=WA HTTP/1.1" 200 1457 "http://whereshouldiski.com/" "Mozilla/5.0 (Macintosh; Intel Mac OS X 10_10_5) AppleWebKit/537.36 (KHTML, like Gecko) Chrome/48.0.2564.116 Safari/537.36"
72.48.159.147 - - [23/Feb/2016:15:34:59 -0800] "GET /lib/reccapi.php?fields=t&coords=33.1050259,-96.8253539&state=WA&date=2016-02-27 HTTP/1.1" 200 1069 "http://whereshouldiski.com/" "Mozilla/5.0 (Macintosh; Intel Mac OS X 10_10_5) AppleWebKit/537.36 (KHTML, like Gecko) Chrome/48.0.2564.116 Safari/537.36"
72.48.159.147 - - [23/Feb/2016:15:35:01 -0800] "GET /lib/reccapi.php?resort=snoqualmie-alpental&date=2016-02-27 HTTP/1.1" 200 995 "http://whereshouldiski.com/" "Mozilla/5.0 (Macintosh; Intel Mac OS X 10_10_5) AppleWebKit/537.36 (KHTML, like Gecko) Chrome/48.0.2564.116 Safari/537.36"
72.48.159.147 - - [23/Feb/2016:15:35:01 -0800] "GET /lib/reccapi.php?fields=t&coords=33.1050259,-96.8253539&date=2016-02-27&coords=47.44%2C-121.45&size=7&sort=distance HTTP/1.1" 200 1362 "http://whereshouldiski.com/" "Mozilla/5.0 (Macintosh; Intel Mac OS X 10_10_5) AppleWebKit/537.36 (KHTML, like Gecko) Chrome/48.0.2564.116 Safari/537.36"
72.48.159.147 - - [23/Feb/2016:15:35:01 -0800] "GET /lib/resortDataSearchD3.php?size=7&sortDate=T&resort=snoqualmie-alpental&dateStart=2016-02-25 HTTP/1.1" 200 608 "http://whereshouldiski.com/" "Mozilla/5.0 (Macintosh; Intel Mac OS X 10_10_5) AppleWebKit/537.36 (KHTML, like Gecko) Chrome/48.0.2564.116 Safari/537.36"
72.48.159.147 - - [23/Feb/2016:15:35:01 -0800] "GET /images/sun-med-5.png HTTP/1.1" 200 7627 "http://whereshouldiski.com/styles/ee08faa9.main.css" "Mozilla/5.0 (Macintosh; Intel Mac OS X 10_10_5) AppleWebKit/537.36 (KHTML, like Gecko) Chrome/48.0.2564.116 Safari/537.36"
72.48.159.147 - - [23/Feb/2016:15:35:01 -0800] "GET /images/stars-med-5.png HTTP/1.1" 200 4124 "http://whereshouldiski.com/styles/ee08faa9.main.css" "Mozilla/5.0 (Macintosh; Intel Mac OS X 10_10_5) AppleWebKit/537.36 (KHTML, like Gecko) Chrome/48.0.2564.116 Safari/537.36"
72.48.159.147 - - [23/Feb/2016:15:35:01 -0800] "GET /images/shading-53px.png HTTP/1.1" 200 548 "http://whereshouldiski.com/styles/ee08faa9.main.css" "Mozilla/5.0 (Macintosh; Intel Mac OS X 10_10_5) AppleWebKit/537.36 (KHTML, like Gecko) Chrome/48.0.2564.116 Safari/537.36"
72.48.159.147 - - [23/Feb/2016:15:35:01 -0800] "GET /images/mtns-30px.png HTTP/1.1" 200 1202 "http://whereshouldiski.com/styles/ee08faa9.main.css" "Mozilla/5.0 (Macintosh; Intel Mac OS X 10_10_5) AppleWebKit/537.36 (KHTML, like Gecko) Chrome/48.0.2564.116 Safari/537.36"
72.48.159.147 - - [23/Feb/2016:15:35:01 -0800] "GET /images/snowflake-med-5.png HTTP/1.1" 200 6157 "http://whereshouldiski.com/styles/ee08faa9.main.css" "Mozilla/5.0 (Macintosh; Intel Mac OS X 10_10_5) AppleWebKit/537.36 (KHTML, like Gecko) Chrome/48.0.2564.116 Safari/537.36"
72.48.159.147 - - [23/Feb/2016:15:35:01 -0800] "GET /images/snowforecast-logo.jpg HTTP/1.1" 200 22988 "http://whereshouldiski.com/" "Mozilla/5.0 (Macintosh; Intel Mac OS X 10_10_5) AppleWebKit/537.36 (KHTML, like Gecko) Chrome/48.0.2564.116 Safari/537.36"
72.48.159.147 - - [23/Feb/2016:15:35:01 -0800] "GET /images/opensnow_logo.png HTTP/1.1" 200 11776 "http://whereshouldiski.com/" "Mozilla/5.0 (Macintosh; Intel Mac OS X 10_10_5) AppleWebKit/537.36 (KHTML, like Gecko) Chrome/48.0.2564.116 Safari/537.36"
72.48.159.147 - - [23/Feb/2016:15:35:04 -0800] "GET /lib/reccapi.php?fields=t&coords=33.1050259,-96.8253539&state=WA&date=2016-02-27 HTTP/1.1" 200 1068 "http://whereshouldiski.com/" "Mozilla/5.0 (Macintosh; Intel Mac OS X 10_10_5) AppleWebKit/537.36 (KHTML, like Gecko) Chrome/48.0.2564.116 Safari/537.36"
127.0.0.1 - - [23/Feb/2016:15:35:11 -0800] "OPTIONS * HTTP/1.0" 200 126 "-" "Apache/2.2.22 (Ubuntu) (internal dummy connection)"
173.252.80.113 - - [23/Feb/2016:15:38:58 -0800] "GET /images/wsis-logo-sm.png HTTP/1.1" 200 6108 "-" "facebookexternalhit/1.1 (+http://www.facebook.com/externalhit_uatext.php)"
166.137.242.93 - - [23/Feb/2016:15:43:41 -0800] "GET /images/wsis-logo-sm.png HTTP/1.1" 200 6108 "http://www.thebackcountry.net/" "Mozilla/5.0 (iPhone; CPU iPhone OS 9_2_1 like Mac OS X) AppleWebKit/601.1.46 (KHTML, like Gecko) Version/9.0 Mobile/13D15 Safari/601.1"
170.75.162.130 - - [23/Feb/2016:15:43:48 -0800] "GET /lib/reccapi.php?resort=whistlerblackcomb HTTP/1.1" 200 936 "-" "node-superagent/1.4.0"
170.75.162.130 - - [23/Feb/2016:15:44:38 -0800] "GET /lib/reccapi.php?resort=madriverglen HTTP/1.1" 200 986 "-" "node-superagent/1.4.0"
107.138.90.136 - - [23/Feb/2016:15:48:11 -0800] "GET /images/wsis-logo-sm.png HTTP/1.1" 200 6108 "http://www.thebackcountry.net/" "Mozilla/5.0 (Macintosh; Intel Mac OS X 10_10_5) AppleWebKit/601.4.4 (KHTML, like Gecko) Version/9.0.3 Safari/601.4.4"
170.75.162.130 - - [23/Feb/2016:15:49:08 -0800] "GET /lib/reccapi.php?resort=grandtarghee HTTP/1.1" 200 1033 "-" "node-superagent/1.4.0"
170.75.162.130 - - [23/Feb/2016:15:49:08 -0800] "GET /lib/reccapi.php?resort=jacksonhole HTTP/1.1" 200 1000 "-" "node-superagent/1.4.0"
170.75.162.130 - - [23/Feb/2016:15:51:18 -0800] "GET /lib/reccapi.php?resort=squawvalleyusa HTTP/1.1" 200 1021 "-" "node-superagent/1.4.0"
52.33.40.213 - - [23/Feb/2016:15:53:02 -0800] "GET /lib/reccapi.php?resort=arapahoebasin HTTP/1.1" 200 1086 "-" "node-superagent/1.4.0"
52.33.40.213 - - [23/Feb/2016:15:53:22 -0800] "GET /lib/reccapi.php?resort=angelfire HTTP/1.1" 200 1052 "-" "node-superagent/1.4.0"
180.76.15.160 - - [23/Feb/2016:15:53:51 -0800] "GET /blog/11-2012-2013-powder-rating-visualization HTTP/1.1" 404 469 "-" "Mozilla/5.0 (compatible; Baiduspider/2.0; +http://www.baidu.com/search/spider.html)"
70.211.65.7 - - [23/Feb/2016:15:53:59 -0800] "GET /images/wsis-logo-sm.png HTTP/1.1" 200 6108 "http://www.thebackcountry.net/" "Mozilla/5.0 (iPhone; CPU iPhone OS 9_1 like Mac OS X) AppleWebKit/601.1.46 (KHTML, like Gecko) Version/9.0 Mobile/13B143 Safari/601.1"
52.33.40.213 - - [23/Feb/2016:15:54:02 -0800] "GET /lib/reccapi.php?resort=crystalmountain HTTP/1.1" 200 979 "-" "node-superagent/1.4.0"
52.33.40.213 - - [23/Feb/2016:15:54:22 -0800] "GET /lib/reccapi.php?resort=monarch HTTP/1.1" 200 1060 "-" "node-superagent/1.4.0"
62.212.73.49 - - [23/Feb/2016:15:56:47 -0800] "GET / HTTP/1.1" 200 2615 "http://whereshouldiski.com/" "Mozilla/5.0 (Windows NT 6.1; WOW64) AppleWebKit/537.36 (KHTML, like Gecko) Chrome/44.0.2403.125 Safari/537.36"
170.75.162.130 - - [23/Feb/2016:15:58:29 -0800] "GET /lib/reccapi.php?resort=telluride HTTP/1.1" 200 1042 "-" "node-superagent/1.4.0"
52.33.40.213 - - [23/Feb/2016:15:59:22 -0800] "GET /lib/reccapi.php?resort=alyeska HTTP/1.1" 200 1032 "-" "node-superagent/1.4.0"
170.75.162.130 - - [23/Feb/2016:15:59:30 -0800] "GET /lib/reccapi.php?resort=parkcity HTTP/1.1" 200 1004 "-" "node-superagent/1.4.0"
174.7.224.91 - - [23/Feb/2016:16:06:11 -0800] "GET /images/wsis-logo-sm.png HTTP/1.1" 200 6108 "http://www.thebackcountry.net/" "Mozilla/5.0 (Windows NT 10.0; WOW64) AppleWebKit/537.36 (KHTML, like Gecko) Chrome/48.0.2564.116 Safari/537.36"
170.75.162.130 - - [23/Feb/2016:16:12:41 -0800] "GET /lib/reccapi.php?resort=silverstarmountain HTTP/1.1" 200 928 "-" "node-superagent/1.4.0"
170.75.162.130 - - [23/Feb/2016:16:12:41 -0800] "GET /lib/reccapi.php?resort=sunpeaksresort HTTP/1.1" 200 924 "-" "node-superagent/1.4.0"
170.75.162.130 - - [23/Feb/2016:16:14:51 -0800] "GET /lib/reccapi.php?resort=mammothmountain HTTP/1.1" 200 986 "-" "node-superagent/1.4.0"
167.154.47.179 - - [23/Feb/2016:16:15:13 -0800] "GET /images/wsis-logo-sm.png HTTP/1.1" 200 6108 "http://www.thebackcountry.net/" "Mozilla/5.0 (Windows NT 6.1; WOW64; Trident/7.0; rv:11.0) like Gecko"
167.154.47.179 - - [23/Feb/2016:16:15:34 -0800] "-" 408 0 "-" "-"
170.75.162.130 - - [23/Feb/2016:16:20:12 -0800] "GET /lib/reccapi.php?resort=northstar-at-tahoe HTTP/1.1" 200 979 "-" "node-superagent/1.4.0"
170.75.162.130 - - [23/Feb/2016:16:22:22 -0800] "GET /lib/reccapi.php?resort=alta HTTP/1.1" 200 954 "-" "node-superagent/1.4.0"
170.75.162.130 - - [23/Feb/2016:16:22:23 -0800] "GET /lib/reccapi.php?resort=killington HTTP/1.1" 200 960 "-" "node-superagent/1.4.0"
170.75.162.130 - - [23/Feb/2016:16:26:43 -0800] "GET /lib/reccapi.php?resort=snowbird HTTP/1.1" 200 974 "-" "node-superagent/1.4.0"
170.75.162.130 - - [23/Feb/2016:16:26:43 -0800] "GET /lib/reccapi.php?resort=snowbasin HTTP/1.1" 200 945 "-" "node-superagent/1.4.0"
180.76.15.134 - - [23/Feb/2016:16:32:10 -0800] "GET / HTTP/1.1" 200 6995 "-" "Mozilla/5.0 (compatible; Baiduspider/2.0; +http://www.baidu.com/search/spider.html)"
66.108.90.153 - - [23/Feb/2016:16:32:47 -0800] "GET /images/wsis-logo-sm.png HTTP/1.1" 200 6108 "http://www.thebackcountry.net/" "Mozilla/5.0 (Macintosh; Intel Mac OS X 10_11_1) AppleWebKit/537.36 (KHTML, like Gecko) Chrome/47.0.2526.80 Safari/537.36"
180.76.15.28 - - [23/Feb/2016:16:33:05 -0800] "GET / HTTP/1.1" 200 6995 "-" "Mozilla/5.0 (compatible; Baiduspider/2.0; +http://www.baidu.com/search/spider.html)"
170.75.162.130 - - [23/Feb/2016:16:34:54 -0800] "GET /lib/reccapi.php?resort=stevenspass HTTP/1.1" 200 968 "-" "node-superagent/1.4.0"
170.75.162.130 - - [23/Feb/2016:16:35:54 -0800] "GET /lib/reccapi.php?resort=smugglersnotch HTTP/1.1" 200 969 "-" "node-superagent/1.4.0"
170.75.162.130 - - [23/Feb/2016:16:44:55 -0800] "GET /lib/reccapi.php?resort=homewoodmountain HTTP/1.1" 200 995 "-" "node-superagent/1.4.0"
52.33.40.213 - - [23/Feb/2016:16:52:55 -0800] "GET /lib/reccapi.php?resort=buttermilk HTTP/1.1" 200 1051 "-" "node-superagent/1.4.0"
52.33.40.213 - - [23/Feb/2016:16:53:25 -0800] "GET /lib/reccapi.php?resort=snowmass HTTP/1.1" 200 1060 "-" "node-superagent/1.4.0"
47.208.184.64 - - [23/Feb/2016:16:57:04 -0800] "GET /images/wsis-logo-sm.png HTTP/1.1" 200 6108 "http://www.thebackcountry.net/" "Mozilla/5.0 (Windows NT 10.0) AppleWebKit/537.36 (KHTML, like Gecko) Chrome/48.0.2564.116 Safari/537.36"
12.192.225.226 - - [23/Feb/2016:16:59:48 -0800] "GET /images/wsis-logo-sm.png HTTP/1.1" 200 6108 "http://www.thebackcountry.net/" "Mozilla/5.0 (Windows NT 6.1; WOW64) AppleWebKit/537.36 (KHTML, like Gecko) Chrome/48.0.2564.116 Safari/537.36"
142.254.104.40 - - [23/Feb/2016:17:00:53 -0800] "GET /images/wsis-logo-sm.png HTTP/1.1" 200 6108 "http://www.thebackcountry.net/" "Mozilla/5.0 (Windows NT 10.0; Win64; x64) AppleWebKit/537.36 (KHTML, like Gecko) Chrome/47.0.2526.111 Safari/537.36"
172.3.76.182 - - [23/Feb/2016:17:00:59 -0800] "GET /images/wsis-logo-sm.png HTTP/1.1" 200 6108 "http://www.thebackcountry.net/" "Mozilla/5.0 (Windows NT 6.1; WOW64; Trident/7.0; rv:11.0) like Gecko"
172.3.76.182 - - [23/Feb/2016:17:01:20 -0800] "-" 408 0 "-" "-"
162.205.4.213 - - [23/Feb/2016:17:07:35 -0800] "GET /images/wsis-logo-sm.png HTTP/1.1" 200 6108 "http://www.thebackcountry.net/" "Mozilla/5.0 (iPhone; CPU iPhone OS 9_2_1 like Mac OS X) AppleWebKit/601.1.46 (KHTML, like Gecko) Version/9.0 Mobile/13D15 Safari/601.1"
170.75.162.130 - - [23/Feb/2016:17:10:09 -0800] "GET /lib/reccapi.php?resort=diamondpeak HTTP/1.1" 200 938 "-" "node-superagent/1.4.0"
170.75.162.130 - - [23/Feb/2016:17:10:49 -0800] "GET /lib/reccapi.php?resort=whitefacemountain HTTP/1.1" 200 986 "-" "node-superagent/1.4.0"
170.75.162.130 - - [23/Feb/2016:17:10:59 -0800] "GET /lib/reccapi.php?resort=taos HTTP/1.1" 200 1031 "-" "node-superagent/1.4.0"
170.75.162.130 - - [23/Feb/2016:17:11:29 -0800] "GET /lib/reccapi.php?resort=sierra-at-tahoe HTTP/1.1" 200 979 "-" "node-superagent/1.4.0"
170.75.162.130 - - [23/Feb/2016:17:12:59 -0800] "GET /lib/reccapi.php?resort=winterpark HTTP/1.1" 200 1070 "-" "node-superagent/1.4.0"
170.75.162.130 - - [23/Feb/2016:17:18:00 -0800] "GET /lib/reccapi.php?resort=monarch HTTP/1.1" 200 1060 "-" "node-superagent/1.4.0"
52.33.40.213 - - [23/Feb/2016:17:20:26 -0800] "GET /lib/reccapi.php?resort=chinapeak HTTP/1.1" 200 977 "-" "node-superagent/1.4.0"
52.33.40.213 - - [23/Feb/2016:17:20:46 -0800] "GET /lib/reccapi.php?resort=mtrose HTTP/1.1" 200 988 "-" "node-superagent/1.4.0"
52.33.40.213 - - [23/Feb/2016:17:21:46 -0800] "GET /lib/reccapi.php?resort=homewoodmountain HTTP/1.1" 200 995 "-" "node-superagent/1.4.0"
180.76.15.29 - - [23/Feb/2016:17:29:36 -0800] "GET / HTTP/1.1" 200 6995 "-" "Mozilla/5.0 (compatible; Baiduspider/2.0; +http://www.baidu.com/search/spider.html)"
170.75.162.130 - - [23/Feb/2016:17:29:41 -0800] "GET /lib/reccapi.php?resort=sugarbowl HTTP/1.1" 200 955 "-" "node-superagent/1.4.0"
180.76.15.6 - - [23/Feb/2016:17:30:26 -0800] "GET / HTTP/1.1" 200 6995 "-" "Mozilla/5.0 (compatible; Baiduspider/2.0; +http://www.baidu.com/search/spider.html)"
75.48.78.72 - - [23/Feb/2016:17:39:37 -0800] "GET /images/wsis-logo-sm.png HTTP/1.1" 200 6108 "http://www.thebackcountry.net/" "Mozilla/5.0 (iPad; CPU OS 9_2_1 like Mac OS X) AppleWebKit/601.1.46 (KHTML, like Gecko) Version/9.0 Mobile/13D15 Safari/601.1"
23.114.32.169 - - [23/Feb/2016:17:41:53 -0800] "GET /images/wsis-logo-sm.png HTTP/1.1" 200 6108 "http://www.thebackcountry.net/" "Mozilla/5.0 (Macintosh; Intel Mac OS X 10_9_5) AppleWebKit/601.4.4 (KHTML, like Gecko) Version/9.0.3 Safari/537.86.4"
50.197.158.1 - - [23/Feb/2016:17:44:00 -0800] "GET /images/wsis-logo-sm.png HTTP/1.1" 200 6108 "http://thebackcountry.net/" "Mozilla/5.0 (Windows NT 6.1; WOW64) AppleWebKit/537.36 (KHTML, like Gecko) Chrome/48.0.2564.116 Safari/537.36"
52.33.40.213 - - [23/Feb/2016:17:45:47 -0800] "GET /lib/reccapi.php?resort=redlodge HTTP/1.1" 200 1006 "-" "node-superagent/1.4.0"
97.92.103.169 - - [23/Feb/2016:17:46:21 -0800] "GET /images/wsis-logo-sm.png HTTP/1.1" 200 6108 "http://www.thebackcountry.net/" "Mozilla/5.0 (iPhone; CPU iPhone OS 9_2_1 like Mac OS X) AppleWebKit/601.1 (KHTML, like Gecko) CriOS/48.0.2564.104 Mobile/13D15 Safari/601.1.46"
170.75.162.130 - - [23/Feb/2016:18:09:57 -0800] "GET /lib/reccapi.php?resort=cannonmountain HTTP/1.1" 200 963 "-" "node-superagent/1.4.0"
170.75.162.130 - - [23/Feb/2016:18:09:57 -0800] "GET /lib/reccapi.php?resort=wildcatmountain HTTP/1.1" 200 974 "-" "node-superagent/1.4.0"
52.33.40.213 - - [23/Feb/2016:18:14:38 -0800] "GET /lib/reccapi.php?resort=snowbird HTTP/1.1" 200 977 "-" "node-superagent/1.4.0"
52.33.40.213 - - [23/Feb/2016:18:20:29 -0800] "GET /lib/reccapi.php?resort=bigsky HTTP/1.1" 200 1006 "-" "node-superagent/1.4.0"
52.33.40.213 - - [23/Feb/2016:18:20:39 -0800] "GET /lib/reccapi.php?resort=jaypeak HTTP/1.1" 200 994 "-" "node-superagent/1.4.0"
180.76.15.155 - - [23/Feb/2016:18:28:41 -0800] "GET / HTTP/1.1" 200 6995 "-" "Mozilla/5.0 (compatible; Baiduspider/2.0; +http://www.baidu.com/search/spider.html)"
180.76.15.27 - - [23/Feb/2016:18:29:32 -0800] "GET / HTTP/1.1" 200 6995 "-" "Mozilla/5.0 (compatible; Baiduspider/2.0; +http://www.baidu.com/search/spider.html)"
170.75.162.130 - - [23/Feb/2016:18:31:40 -0800] "GET /lib/reccapi.php?resort=stowe HTTP/1.1" 200 964 "-" "node-superagent/1.4.0"
170.75.162.130 - - [23/Feb/2016:18:33:40 -0800] "GET /lib/reccapi.php?resort=jaypeak HTTP/1.1" 200 994 "-" "node-superagent/1.4.0"
170.75.162.130 - - [23/Feb/2016:18:33:40 -0800] "GET /lib/reccapi.php?resort=sugarbush HTTP/1.1" 200 984 "-" "node-superagent/1.4.0"
170.75.162.130 - - [23/Feb/2016:18:36:20 -0800] "GET /lib/reccapi.php?resort=49degreesnorth HTTP/1.1" 200 997 "-" "node-superagent/1.4.0"
170.75.162.130 - - [23/Feb/2016:18:36:20 -0800] "GET /lib/reccapi.php?resort=mountspokane HTTP/1.1" 200 995 "-" "node-superagent/1.4.0"
52.33.40.213 - - [23/Feb/2016:18:44:00 -0800] "GET /lib/reccapi.php?resort=northstar-at-tahoe HTTP/1.1" 200 980 "-" "node-superagent/1.4.0"
52.33.40.213 - - [23/Feb/2016:18:44:30 -0800] "GET /lib/reccapi.php?resort=telluride HTTP/1.1" 200 1041 "-" "node-superagent/1.4.0"
52.33.40.213 - - [23/Feb/2016:18:44:50 -0800] "GET /lib/reccapi.php?resort=solitude HTTP/1.1" 200 974 "-" "node-superagent/1.4.0"
52.33.40.213 - - [23/Feb/2016:18:44:50 -0800] "GET /lib/reccapi.php?resort=parkcity HTTP/1.1" 200 1007 "-" "node-superagent/1.4.0"
52.33.40.213 - - [23/Feb/2016:18:44:50 -0800] "GET /lib/reccapi.php?resort=deervalley HTTP/1.1" 200 982 "-" "node-superagent/1.4.0"
68.190.177.103 - - [23/Feb/2016:18:57:42 -0800] "GET /images/wsis-logo-sm.png HTTP/1.1" 200 6108 "http://www.thebackcountry.net/index.html" "Mozilla/5.0 (iPhone; CPU iPhone OS 9_2_1 like Mac OS X) AppleWebKit/601.1.46 (KHTML, like Gecko) Version/9.0 Mobile/13D15 Safari/601.1"
52.33.40.213 - - [23/Feb/2016:18:59:10 -0800] "GET /lib/reccapi.php?resort=brighton HTTP/1.1" 200 963 "-" "node-superagent/1.4.0"
52.33.40.213 - - [23/Feb/2016:19:01:10 -0800] "GET /lib/reccapi.php?resort=steamboat HTTP/1.1" 200 1025 "-" "node-superagent/1.4.0"
70.98.52.14 - - [23/Feb/2016:19:01:12 -0800] "GET /images/wsis-logo-sm.png HTTP/1.1" 200 6108 "http://www.thebackcountry.net/" "Mozilla/5.0 (iPhone; CPU iPhone OS 9_2_1 like Mac OS X) AppleWebKit/601.1.46 (KHTML, like Gecko) Version/9.0 Mobile/13D15 Safari/601.1"
24.241.134.18 - - [23/Feb/2016:19:15:51 -0800] "GET /images/wsis-logo-sm.png HTTP/1.1" 200 6108 "http://www.thebackcountry.net/" "Mozilla/5.0 (Macintosh; Intel Mac OS X 10.11; rv:43.0) Gecko/20100101 Firefox/43.0"
52.33.40.213 - - [23/Feb/2016:19:25:32 -0800] "GET /lib/reccapi.php?resort=whitefacemountain HTTP/1.1" 200 984 "-" "node-superagent/1.4.0"
170.75.162.130 - - [23/Feb/2016:19:26:07 -0800] "GET /lib/reccapi.php?resort=crystalmountain HTTP/1.1" 200 980 "-" "node-superagent/1.4.0"
52.33.40.213 - - [23/Feb/2016:19:28:22 -0800] "GET /lib/reccapi.php?resort=smugglersnotch HTTP/1.1" 200 971 "-" "node-superagent/1.4.0"
170.75.162.130 - - [23/Feb/2016:19:28:27 -0800] "GET /lib/reccapi.php?resort=deervalley HTTP/1.1" 200 982 "-" "node-superagent/1.4.0"
170.75.162.130 - - [23/Feb/2016:19:30:37 -0800] "GET /lib/reccapi.php?resort=alyeska HTTP/1.1" 200 1004 "-" "node-superagent/1.4.0"
180.76.15.29 - - [23/Feb/2016:19:32:58 -0800] "GET / HTTP/1.1" 200 6995 "-" "Mozilla/5.0 (compatible; Baiduspider/2.0; +http://www.baidu.com/search/spider.html)"
180.76.15.151 - - [23/Feb/2016:19:33:57 -0800] "GET / HTTP/1.1" 200 6995 "-" "Mozilla/5.0 (compatible; Baiduspider/2.0; +http://www.baidu.com/search/spider.html)"
70.88.54.89 - - [23/Feb/2016:19:35:00 -0800] "GET /images/wsis-logo-sm.png HTTP/1.1" 200 6108 "http://www.thebackcountry.net/" "Mozilla/5.0 (Windows NT 6.1; WOW64; Trident/7.0; rv:11.0) like Gecko"
70.88.54.89 - - [23/Feb/2016:19:35:21 -0800] "-" 408 0 "-" "-"
123.125.71.72 - - [23/Feb/2016:19:41:12 -0800] "-" 408 0 "-" "-"
157.55.39.162 - - [23/Feb/2016:19:48:36 -0800] "GET /robots.txt HTTP/1.1" 200 375 "-" "Mozilla/5.0 (compatible; bingbot/2.0; +http://www.bing.com/bingbot.htm)"
107.77.161.10 - - [23/Feb/2016:19:52:08 -0800] "GET /images/wsis-logo-sm.png HTTP/1.1" 200 6052 "http://www.thebackcountry.net/" "Mozilla/5.0 (Windows Phone 8.1; ARM; Trident/7.0; Touch; rv:11.0; IEMobile/11.0; NOKIA; Lumia 635) like Gecko"
107.77.160.18 - - [23/Feb/2016:19:52:32 -0800] "-" 408 0 "-" "-"
170.75.162.130 - - [23/Feb/2016:19:53:20 -0800] "GET /lib/reccapi.php?resort=heavenly HTTP/1.1" 200 1006 "-" "node-superagent/1.4.0"
170.75.162.130 - - [23/Feb/2016:19:56:51 -0800] "GET /lib/reccapi.php?resort=devilshead HTTP/1.1" 200 942 "-" "node-superagent/1.4.0"
52.33.40.213 - - [23/Feb/2016:19:58:03 -0800] "GET /lib/reccapi.php?resort=alpinemeadows HTTP/1.1" 200 996 "-" "node-superagent/1.4.0"
170.75.162.130 - - [23/Feb/2016:19:59:31 -0800] "GET /lib/reccapi.php?resort=solitude HTTP/1.1" 200 974 "-" "node-superagent/1.4.0"
66.249.64.8 - - [23/Feb/2016:19:59:46 -0800] "GET / HTTP/1.1" 200 2615 "-" "DoCoMo/2.0 N905i(c100;TB;W24H16) (compatible; Googlebot-Mobile/2.1; +http://www.google.com/bot.html)"
52.33.40.213 - - [23/Feb/2016:20:00:03 -0800] "GET /lib/reccapi.php?resort=squawvalleyusa HTTP/1.1" 200 1022 "-" "node-superagent/1.4.0"
170.75.162.130 - - [23/Feb/2016:20:04:02 -0800] "GET /lib/reccapi.php?resort=mountbachelor HTTP/1.1" 200 989 "-" "node-superagent/1.4.0"
170.75.162.130 - - [23/Feb/2016:20:12:53 -0800] "GET /lib/reccapi.php?resort=snowmass HTTP/1.1" 200 1061 "-" "node-superagent/1.4.0"
170.75.162.130 - - [23/Feb/2016:20:24:54 -0800] "GET /lib/reccapi.php?resort=mounthoodmeadows HTTP/1.1" 200 1025 "-" "node-superagent/1.4.0"
180.76.15.23 - - [23/Feb/2016:20:32:44 -0800] "GET / HTTP/1.1" 200 6995 "-" "Mozilla/5.0 (compatible; Baiduspider/2.0; +http://www.baidu.com/search/spider.html)"
180.76.15.151 - - [23/Feb/2016:20:33:41 -0800] "GET / HTTP/1.1" 200 6995 "-" "Mozilla/5.0 (compatible; Baiduspider/2.0; +http://www.baidu.com/search/spider.html)"
170.75.162.130 - - [23/Feb/2016:20:35:56 -0800] "GET /lib/reccapi.php?resort=squawvalleyusa HTTP/1.1" 200 1022 "-" "node-superagent/1.4.0"
52.33.40.213 - - [23/Feb/2016:20:38:15 -0800] "GET /lib/reccapi.php?resort=mounthoodmeadows HTTP/1.1" 200 1025 "-" "node-superagent/1.4.0"
52.33.40.213 - - [23/Feb/2016:20:39:15 -0800] "GET /lib/reccapi.php?resort=brianhead HTTP/1.1" 200 996 "-" "node-superagent/1.4.0"
180.76.15.136 - - [23/Feb/2016:20:40:26 -0800] "GET / HTTP/1.1" 304 173 "-" "Mozilla/5.0 (compatible; Baiduspider/2.0; +http://www.baidu.com/search/spider.html)"
77.75.127.31 - - [23/Feb/2016:20:45:25 -0800] "GET / HTTP/1.1" 200 2559 "-" "Scrapy/1.0.3 (+http://scrapy.org)"
170.75.162.130 - - [23/Feb/2016:20:46:08 -0800] "GET /lib/reccapi.php?resort=arapahoebasin HTTP/1.1" 200 1082 "-" "node-superagent/1.4.0"
170.75.162.130 - - [23/Feb/2016:20:46:48 -0800] "GET /lib/reccapi.php?resort=stevenspass HTTP/1.1" 200 966 "-" "node-superagent/1.4.0"
