180.76.5.170 - - [14/Apr/2015:06:29:34 -0700] "GET /resorts?resort=sugarbowl&date=2014-01-03 HTTP/1.1" 404 469 "-" "Mozilla/5.0 (compatible; Baiduspider/2.0; +http://www.baidu.com/search/spider.html)"
151.24.105.200 - - [14/Apr/2015:06:34:09 -0700] "GET /images/wsis-logo-sm.png HTTP/1.1" 200 6108 "http://thebackcountry.net/" "Mozilla/5.0 (Windows NT 6.1; WOW64) AppleWebKit/537.36 (KHTML, like Gecko) Chrome/36.0.1985.143 Safari/537.36"
123.125.71.23 - - [14/Apr/2015:06:44:57 -0700] "-" 408 0 "-" "-"
220.181.108.165 - - [14/Apr/2015:06:47:45 -0700] "-" 408 0 "-" "-"
170.75.162.130 - - [14/Apr/2015:06:51:35 -0700] "GET /lib/reccapi.php?resort=hoodoo HTTP/1.1" 200 1033 "-" "node-superagent/0.18.2"
170.75.162.130 - - [14/Apr/2015:07:03:26 -0700] "GET /lib/reccapi.php?resort=mountbachelor HTTP/1.1" 200 1105 "-" "node-superagent/0.18.2"
68.180.228.182 - - [14/Apr/2015:07:16:43 -0700] "GET /resorts?resort=pebblecreek&date=2014-10-07 HTTP/1.1" 404 450 "-" "Mozilla/5.0 (compatible; Yahoo! Slurp; http://help.yahoo.com/help/us/ysearch/slurp)"
68.180.228.182 - - [14/Apr/2015:07:21:30 -0700] "GET /resorts?resort=brighton&date=2014-11-13 HTTP/1.1" 404 450 "-" "Mozilla/5.0 (compatible; Yahoo! Slurp; http://help.yahoo.com/help/us/ysearch/slurp)"
170.75.162.130 - - [14/Apr/2015:07:43:56 -0700] "GET /lib/reccapi.php?resort=parkcity HTTP/1.1" 200 1156 "-" "node-superagent/0.18.2"
108.204.252.169 - - [14/Apr/2015:07:45:41 -0700] "GET /images/wsis-logo-sm.png HTTP/1.1" 200 6108 "http://www.thebackcountry.net/" "Mozilla/5.0 (Windows NT 6.1; WOW64; Trident/7.0; rv:11.0) like Gecko"
108.204.252.169 - - [14/Apr/2015:07:46:02 -0700] "-" 408 0 "-" "-"
123.125.71.105 - - [14/Apr/2015:07:46:53 -0700] "GET / HTTP/1.1" 200 2339 "-" "Mozilla/5.0 (Windows NT 5.1; rv:6.0.2) Gecko/20100101 Firefox/6.0.2"
66.249.79.47 - - [14/Apr/2015:07:47:26 -0700] "GET /robots.txt HTTP/1.1" 200 419 "-" "Mozilla/5.0 (compatible; Googlebot/2.1; +http://www.google.com/bot.html)"
66.249.79.39 - - [14/Apr/2015:07:47:26 -0700] "GET / HTTP/1.1" 200 2376 "-" "Mozilla/5.0 (iPhone; CPU iPhone OS 6_0 like Mac OS X) AppleWebKit/536.26 (KHTML, like Gecko) Version/6.0 Mobile/10A5376e Safari/8536.25 (compatible; Googlebot/2.1; +http://www.google.com/bot.html)"
123.125.71.80 - - [14/Apr/2015:07:47:38 -0700] "GET / HTTP/1.1" 200 6114 "-" "Mozilla/5.0 (Windows NT 5.1; rv:6.0.2) Gecko/20100101 Firefox/6.0.2"
104.154.79.42 - - [14/Apr/2015:07:48:42 -0700] "GET / HTTP/1.0" 200 6151 "-" "NerdyBot"
66.249.79.39 - - [14/Apr/2015:07:49:01 -0700] "GET /styles/0fffd548.main.css HTTP/1.1" 200 19317 "-" "Mozilla/5.0 (compatible; Googlebot/2.1; +http://www.google.com/bot.html)"
66.249.79.160 - - [14/Apr/2015:07:49:02 -0700] "GET /lib/reccapi.php?fields=t HTTP/1.1" 200 1950 "http://www.whereshouldiski.com/" "Mozilla/5.0 (compatible; Googlebot/2.1; +http://www.google.com/bot.html)"
220.181.108.185 - - [14/Apr/2015:07:51:36 -0700] "-" 408 0 "-" "-"
66.249.79.47 - - [14/Apr/2015:07:59:17 -0700] "GET /resorts?resort=bridgerbowl&date=2013-06-14 HTTP/1.1" 404 509 "-" "Mozilla/5.0 (iPhone; CPU iPhone OS 6_0 like Mac OS X) AppleWebKit/536.26 (KHTML, like Gecko) Version/6.0 Mobile/10A5376e Safari/8536.25 (compatible; Googlebot/2.1; +http://www.google.com/bot.html)"
99.120.144.218 - - [14/Apr/2015:07:59:53 -0700] "GET /images/wsis-logo-sm.png HTTP/1.1" 200 6108 "http://www.thebackcountry.net/" "Mozilla/5.0 (Macintosh; Intel Mac OS X 10_8_5) AppleWebKit/537.36 (KHTML, like Gecko) Chrome/41.0.2272.118 Safari/537.36"
180.76.4.224 - - [14/Apr/2015:08:04:11 -0700] "GET / HTTP/1.1" 200 6114 "-" "Mozilla/4.0 (compatible; MSIE 7.0; Windows NT 6.0)"
208.115.111.66 - - [14/Apr/2015:08:06:04 -0700] "GET /robots.txt HTTP/1.1" 200 319 "-" "Mozilla/5.0 (compatible; DotBot/1.1; http://www.opensiteexplorer.org/dotbot, help@moz.com)"
66.249.79.10 - - [14/Apr/2015:08:11:24 -0700] "GET /robots.txt HTTP/1.1" 200 419 "-" "Mozilla/5.0 (compatible; Googlebot/2.1; +http://www.google.com/bot.html)"
66.249.79.2 - - [14/Apr/2015:08:11:24 -0700] "GET /resorts?resort=snoqualmie-alpental&date=2013-01-16 HTTP/1.1" 404 509 "-" "Mozilla/5.0 (iPhone; CPU iPhone OS 6_0 like Mac OS X) AppleWebKit/536.26 (KHTML, like Gecko) Version/6.0 Mobile/10A5376e Safari/8536.25 (compatible; Googlebot/2.1; +http://www.google.com/bot.html)"
24.180.42.102 - - [14/Apr/2015:08:16:56 -0700] "GET /images/wsis-logo-sm.png HTTP/1.1" 200 6108 "http://www.thebackcountry.net/" "Mozilla/5.0 (Windows NT 6.3; WOW64; Trident/7.0; rv:11.0) like Gecko"
24.180.42.102 - - [14/Apr/2015:08:17:18 -0700] "-" 408 0 "-" "-"
170.75.162.130 - - [14/Apr/2015:08:25:48 -0700] "GET /lib/reccapi.php?resort=keystone HTTP/1.1" 200 1048 "-" "node-superagent/0.18.2"
217.69.133.224 - - [14/Apr/2015:08:27:07 -0700] "GET /robots.txt HTTP/1.0" 200 338 "-" "Mozilla/5.0 (compatible; Linux x86_64; Mail.RU_Bot/2.0; +http://go.mail.ru/help/robots)"
217.69.133.221 - - [14/Apr/2015:08:27:09 -0700] "GET / HTTP/1.1" 200 2339 "-" "Mozilla/5.0 (compatible; Linux x86_64; Mail.RU_Bot/2.0; +http://go.mail.ru/help/robots)"
68.180.228.182 - - [14/Apr/2015:08:28:40 -0700] "GET /resorts?resort=windham&date=2014-10-11 HTTP/1.1" 404 450 "-" "Mozilla/5.0 (compatible; Yahoo! Slurp; http://help.yahoo.com/help/us/ysearch/slurp)"
123.125.71.45 - - [14/Apr/2015:08:42:28 -0700] "-" 408 0 "-" "-"
187.6.130.237 - - [14/Apr/2015:08:42:45 -0700] "GET /images/wsis-logo-sm.png HTTP/1.1" 200 6108 "http://thebackcountry.net/" "Mozilla/5.0 (Windows NT 6.1; WOW64) AppleWebKit/537.36 (KHTML, like Gecko) Chrome/32.0.1700.107 Safari/537.36"
220.181.108.176 - - [14/Apr/2015:08:45:34 -0700] "GET / HTTP/1.1" 200 2339 "-" "Mozilla/5.0 (Windows NT 5.1; rv:6.0.2) Gecko/20100101 Firefox/6.0.2"
220.181.108.149 - - [14/Apr/2015:08:46:13 -0700] "GET / HTTP/1.1" 200 6114 "-" "Mozilla/5.0 (Windows NT 5.1; rv:6.0.2) Gecko/20100101 Firefox/6.0.2"
170.75.162.130 - - [14/Apr/2015:09:07:52 -0700] "GET /lib/reccapi.php?resort=arapahoebasin HTTP/1.1" 200 1068 "-" "node-superagent/0.18.2"
170.75.162.130 - - [14/Apr/2015:09:07:52 -0700] "GET /lib/reccapi.php?resort=heavenly HTTP/1.1" 200 1065 "-" "node-superagent/0.18.2"
170.75.162.130 - - [14/Apr/2015:09:07:52 -0700] "GET /lib/reccapi.php?resort=kirkwood HTTP/1.1" 200 1074 "-" "node-superagent/0.18.2"
170.75.162.130 - - [14/Apr/2015:09:07:52 -0700] "GET /lib/reccapi.php?resort=northstar-at-tahoe HTTP/1.1" 200 1048 "-" "node-superagent/0.18.2"
104.129.192.50 - - [14/Apr/2015:09:08:45 -0700] "GET /images/wsis-logo-sm.png HTTP/1.1" 200 6108 "http://thebackcountry.net/" "Mozilla/5.0 (Windows NT 6.1; WOW64; rv:37.0) Gecko/20100101 Firefox/37.0"
208.115.111.66 - - [14/Apr/2015:09:22:59 -0700] "GET /resorts?resort=sunpeaksresort HTTP/1.1" 404 476 "-" "Mozilla/5.0 (compatible; DotBot/1.1; http://www.opensiteexplorer.org/dotbot, help@moz.com)"
208.115.111.66 - - [14/Apr/2015:09:23:04 -0700] "GET /resorts?resort=mountainhigh HTTP/1.1" 404 476 "-" "Mozilla/5.0 (compatible; DotBot/1.1; http://www.opensiteexplorer.org/dotbot, help@moz.com)"
75.142.43.84 - - [14/Apr/2015:09:28:59 -0700] "GET /images/wsis-logo-sm.png HTTP/1.1" 200 6108 "http://www.thebackcountry.net/" "Mozilla/5.0 (Windows NT 6.1; WOW64) AppleWebKit/537.36 (KHTML, like Gecko) Chrome/41.0.2272.118 Safari/537.36"
70.183.105.212 - - [14/Apr/2015:09:32:49 -0700] "GET /images/wsis-logo-sm.png HTTP/1.1" 200 6108 "http://thebackcountry.net/" "Mozilla/5.0 (Windows NT 6.1; WOW64; rv:37.0) Gecko/20100101 Firefox/37.0"
170.75.162.130 - - [14/Apr/2015:09:37:05 -0700] "GET /lib/reccapi.php?resort=jaypeak HTTP/1.1" 200 1019 "-" "node-superagent/0.18.2"
170.75.162.130 - - [14/Apr/2015:09:37:05 -0700] "GET /lib/reccapi.php?resort=killington HTTP/1.1" 200 955 "-" "node-superagent/0.18.2"
170.75.162.130 - - [14/Apr/2015:09:37:05 -0700] "GET /lib/reccapi.php?resort=madriverglen HTTP/1.1" 200 957 "-" "node-superagent/0.18.2"
170.75.162.130 - - [14/Apr/2015:09:37:05 -0700] "GET /lib/reccapi.php?resort=smugglersnotch HTTP/1.1" 200 961 "-" "node-superagent/0.18.2"
170.75.162.130 - - [14/Apr/2015:09:37:05 -0700] "GET /lib/reccapi.php?resort=stowe HTTP/1.1" 200 937 "-" "node-superagent/0.18.2"
170.75.162.130 - - [14/Apr/2015:09:37:05 -0700] "GET /lib/reccapi.php?resort=sugarbush HTTP/1.1" 200 958 "-" "node-superagent/0.18.2"
166.137.242.35 - - [14/Apr/2015:09:42:04 -0700] "GET /images/wsis-logo-sm.png HTTP/1.1" 200 6108 "http://thebackcountry.net/" "Mozilla/5.0 (Android; Mobile; rv:34.0) Gecko/34.0 Firefox/34.0"
123.125.71.19 - - [14/Apr/2015:09:43:30 -0700] "-" 408 0 "-" "-"
220.181.108.163 - - [14/Apr/2015:09:46:54 -0700] "-" 408 0 "-" "-"
70.183.105.212 - - [14/Apr/2015:09:49:00 -0700] "GET /images/wsis-logo-sm.png HTTP/1.1" 200 6108 "http://thebackcountry.net/" "Mozilla/5.0 (Windows NT 6.1; WOW64; rv:37.0) Gecko/20100101 Firefox/37.0"
180.76.4.122 - - [14/Apr/2015:10:03:55 -0700] "GET / HTTP/1.1" 200 6114 "-" "Mozilla/4.0 (compatible; MSIE 7.0; Windows NT 6.0)"
170.75.162.130 - - [14/Apr/2015:10:04:58 -0700] "GET /lib/reccapi.php?resort=49degreesnorth HTTP/1.1" 200 1072 "-" "node-superagent/0.18.2"
170.75.162.130 - - [14/Apr/2015:10:04:58 -0700] "GET /lib/reccapi.php?resort=crystalmountain HTTP/1.1" 200 1062 "-" "node-superagent/0.18.2"
170.75.162.130 - - [14/Apr/2015:10:04:58 -0700] "GET /lib/reccapi.php?resort=mountspokane HTTP/1.1" 200 1068 "-" "node-superagent/0.18.2"
170.75.162.130 - - [14/Apr/2015:10:04:58 -0700] "GET /lib/reccapi.php?resort=stevenspass HTTP/1.1" 200 1064 "-" "node-superagent/0.18.2"
24.37.11.162 - - [14/Apr/2015:10:05:21 -0700] "GET /images/wsis-logo-sm.png HTTP/1.1" 200 6108 "http://www.thebackcountry.net/" "Mozilla/5.0 (Macintosh; Intel Mac OS X 10.10; rv:37.0) Gecko/20100101 Firefox/37.0"
170.75.162.130 - - [14/Apr/2015:10:08:28 -0700] "GET /lib/reccapi.php?resort=brighton HTTP/1.1" 200 1112 "-" "node-superagent/0.18.2"
70.196.202.207 - - [14/Apr/2015:10:13:54 -0700] "GET /images/wsis-logo-sm.png HTTP/1.1" 304 187 "http://www.thebackcountry.net/" "Mozilla/5.0 (iPhone; CPU iPhone OS 8_0_2 like Mac OS X) AppleWebKit/600.1.4 (KHTML, like Gecko) Version/8.0 Mobile/12A405 Safari/600.1.4"
50.37.17.62 - - [14/Apr/2015:10:14:24 -0700] "GET /images/wsis-logo-sm.png HTTP/1.1" 200 6108 "http://www.thebackcountry.net/" "Mozilla/5.0 (Windows NT 6.0) AppleWebKit/537.36 (KHTML, like Gecko) Chrome/41.0.2272.118 Safari/537.36"
170.75.162.130 - - [14/Apr/2015:10:15:29 -0700] "GET /lib/reccapi.php?resort=deervalley HTTP/1.1" 200 1123 "-" "node-superagent/0.18.2"
170.75.162.130 - - [14/Apr/2015:10:15:29 -0700] "GET /lib/reccapi.php?resort=solitude HTTP/1.1" 200 1121 "-" "node-superagent/0.18.2"
170.75.162.130 - - [14/Apr/2015:10:17:19 -0700] "GET /lib/reccapi.php?resort=coppermountain HTTP/1.1" 200 1104 "-" "node-superagent/0.18.2"
170.75.162.130 - - [14/Apr/2015:10:17:19 -0700] "GET /lib/reccapi.php?resort=monarch HTTP/1.1" 200 1047 "-" "node-superagent/0.18.2"
170.75.162.130 - - [14/Apr/2015:10:21:50 -0700] "GET /lib/reccapi.php?resort=bigwhite HTTP/1.1" 200 927 "-" "node-superagent/0.18.2"
170.75.162.130 - - [14/Apr/2015:10:26:20 -0700] "GET /lib/reccapi.php?resort=sunpeaksresort HTTP/1.1" 200 922 "-" "node-superagent/0.18.2"
71.140.31.214 - - [14/Apr/2015:10:38:11 -0700] "GET /images/wsis-logo-sm.png HTTP/1.1" 200 6108 "http://thebackcountry.net/" "Mozilla/4.0 (compatible; MSIE 8.0; Windows NT 5.1; Trident/4.0; .NET CLR 2.0.50727; .NET CLR 3.0.4506.2152; .NET CLR 3.5.30729; 786908940603; Build/14.08001)"
68.180.228.182 - - [14/Apr/2015:10:42:09 -0700] "GET /resorts?resort=skiapache&date=2014-10-09 HTTP/1.1" 404 450 "-" "Mozilla/5.0 (compatible; Yahoo! Slurp; http://help.yahoo.com/help/us/ysearch/slurp)"
207.34.120.71 - - [14/Apr/2015:10:48:55 -0700] "GET /images/wsis-logo-sm.png HTTP/1.1" 200 6108 "http://www.thebackcountry.net/" "Mozilla/5.0 (Windows NT 6.1; WOW64) AppleWebKit/537.36 (KHTML, like Gecko) Chrome/41.0.2272.118 Safari/537.36"
170.75.162.130 - - [14/Apr/2015:10:51:42 -0700] "GET /lib/reccapi.php?resort=mammothmountain HTTP/1.1" 200 1020 "-" "node-superagent/0.18.2"
170.75.162.130 - - [14/Apr/2015:10:57:03 -0700] "GET /lib/reccapi.php?resort=whitefacemountain HTTP/1.1" 200 964 "-" "node-superagent/0.18.2"
170.75.162.130 - - [14/Apr/2015:10:59:13 -0700] "GET /lib/reccapi.php?resort=alyeska HTTP/1.1" 200 1001 "-" "node-superagent/0.18.2"
170.75.162.130 - - [14/Apr/2015:11:01:23 -0700] "GET /lib/reccapi.php?resort=devilshead HTTP/1.1" 200 949 "-" "node-superagent/0.18.2"
157.55.39.247 - - [14/Apr/2015:11:04:31 -0700] "GET /robots.txt HTTP/1.1" 200 375 "-" "Mozilla/5.0 (compatible; bingbot/2.0; +http://www.bing.com/bingbot.htm)"
157.55.39.247 - - [14/Apr/2015:11:05:42 -0700] "GET / HTTP/1.1" 200 2376 "-" "Mozilla/5.0 (compatible; bingbot/2.0; +http://www.bing.com/bingbot.htm)"
123.125.71.99 - - [14/Apr/2015:11:11:48 -0700] "GET / HTTP/1.1" 200 2339 "-" "Mozilla/5.0 (Windows NT 5.1; rv:6.0.2) Gecko/20100101 Firefox/6.0.2"
123.125.71.92 - - [14/Apr/2015:11:12:26 -0700] "GET / HTTP/1.1" 200 6114 "-" "Mozilla/5.0 (Windows NT 5.1; rv:6.0.2) Gecko/20100101 Firefox/6.0.2"
95.0.163.35 - - [14/Apr/2015:11:15:46 -0700] "GET /images/viz-screenshot.png HTTP/1.1" 404 517 "http://ericfahsl.com/blog/35-creating-an-animated-javascript-heat-map-with-polymap" "Mozilla/5.0 (X11; Ubuntu; Linux x86_64; rv:37.0) Gecko/20100101 Firefox/37.0"
220.181.108.94 - - [14/Apr/2015:11:16:06 -0700] "-" 408 0 "-" "-"
207.46.13.62 - - [14/Apr/2015:11:23:44 -0700] "GET /resorts?resort=49degreesnorth HTTP/1.1" 404 509 "-" "Mozilla/5.0 (compatible; bingbot/2.0; +http://www.bing.com/bingbot.htm)"
207.46.13.62 - - [14/Apr/2015:11:23:44 -0700] "GET /resorts HTTP/1.1" 404 508 "-" "Mozilla/5.0 (compatible; bingbot/2.0; +http://www.bing.com/bingbot.htm)"
157.55.39.70 - - [14/Apr/2015:11:23:51 -0700] "GET /legal.aspx HTTP/1.1" 404 509 "-" "Mozilla/5.0 (compatible; bingbot/2.0; +http://www.bing.com/bingbot.htm)"
157.55.39.247 - - [14/Apr/2015:11:24:34 -0700] "GET /blog/11-2012-2013-powder-rating-visualization HTTP/1.1" 404 509 "-" "Mozilla/5.0 (compatible; bingbot/2.0; +http://www.bing.com/bingbot.htm)"
157.55.39.247 - - [14/Apr/2015:11:24:34 -0700] "GET /blog/7-creation HTTP/1.1" 404 508 "-" "Mozilla/5.0 (compatible; bingbot/2.0; +http://www.bing.com/bingbot.htm)"
170.75.162.130 - - [14/Apr/2015:11:31:06 -0700] "GET /lib/reccapi.php?resort=grandtarghee HTTP/1.1" 200 1101 "-" "node-superagent/0.18.2"
170.75.162.130 - - [14/Apr/2015:11:31:06 -0700] "GET /lib/reccapi.php?resort=jacksonhole HTTP/1.1" 200 1150 "-" "node-superagent/0.18.2"
68.180.228.182 - - [14/Apr/2015:11:33:19 -0700] "GET /resorts?resort=cannonmountain&date=2014-10-31 HTTP/1.1" 404 450 "-" "Mozilla/5.0 (compatible; Yahoo! Slurp; http://help.yahoo.com/help/us/ysearch/slurp)"
170.75.162.130 - - [14/Apr/2015:11:37:07 -0700] "GET /lib/reccapi.php?resort=buttermilk HTTP/1.1" 200 1058 "-" "node-superagent/0.18.2"
170.75.162.130 - - [14/Apr/2015:11:37:07 -0700] "GET /lib/reccapi.php?resort=aspenmountain HTTP/1.1" 200 1070 "-" "node-superagent/0.18.2"
170.75.162.130 - - [14/Apr/2015:11:37:07 -0700] "GET /lib/reccapi.php?resort=aspenheights HTTP/1.1" 200 1072 "-" "node-superagent/0.18.2"
170.75.162.130 - - [14/Apr/2015:11:37:07 -0700] "GET /lib/reccapi.php?resort=snowmass HTTP/1.1" 200 1046 "-" "node-superagent/0.18.2"
71.140.31.214 - - [14/Apr/2015:11:37:40 -0700] "GET /images/wsis-logo-sm.png HTTP/1.1" 200 6108 "http://thebackcountry.net/" "Mozilla/4.0 (compatible; MSIE 8.0; Windows NT 5.1; Trident/4.0; .NET CLR 2.0.50727; .NET CLR 3.0.4506.2152; .NET CLR 3.5.30729; 786908940603; Build/14.08001)"
71.140.31.214 - - [14/Apr/2015:11:38:14 -0700] "GET /images/wsis-logo-sm.png HTTP/1.1" 304 187 "http://thebackcountry.net/" "Mozilla/4.0 (compatible; MSIE 8.0; Windows NT 5.1; Trident/4.0; .NET CLR 2.0.50727; .NET CLR 3.0.4506.2152; .NET CLR 3.5.30729; 786908940603; Build/14.08001)"
37.115.32.145 - - [14/Apr/2015:11:48:10 -0700] "GET /administrator/index.php HTTP/1.1" 404 532 "-" "Mozilla/5.0 (Windows NT 5.1; rv:29.0) Gecko/20100101 Firefox/29.0"
71.140.31.214 - - [14/Apr/2015:11:51:22 -0700] "GET /images/wsis-logo-sm.png HTTP/1.1" 200 6108 "http://thebackcountry.net/" "Mozilla/4.0 (compatible; MSIE 8.0; Windows NT 5.1; Trident/4.0; .NET CLR 2.0.50727; .NET CLR 3.0.4506.2152; .NET CLR 3.5.30729; 786908940603; Build/14.08001)"
71.140.31.214 - - [14/Apr/2015:11:52:41 -0700] "GET /images/wsis-logo-sm.png HTTP/1.1" 200 6108 "http://thebackcountry.net/" "Mozilla/4.0 (compatible; MSIE 8.0; Windows NT 5.1; Trident/4.0; .NET CLR 2.0.50727; .NET CLR 3.0.4506.2152; .NET CLR 3.5.30729; 786908940603; Build/14.08001)"
203.151.27.95 - - [14/Apr/2015:11:56:36 -0700] "GET /" 200 5804 "-" "-"
66.249.79.16 - - [14/Apr/2015:11:58:47 -0700] "GET / HTTP/1.1" 200 2376 "-" "Mozilla/5.0 (iPhone; CPU iPhone OS 6_0 like Mac OS X) AppleWebKit/536.26 (KHTML, like Gecko) Version/6.0 Mobile/10A5376e Safari/8536.25 (compatible; Googlebot/2.1; +http://www.google.com/bot.html)"
123.125.71.51 - - [14/Apr/2015:12:03:55 -0700] "-" 408 0 "-" "-"
50.161.79.71 - - [14/Apr/2015:12:05:55 -0700] "GET /images/wsis-logo-sm.png HTTP/1.1" 200 6108 "http://www.thebackcountry.net/" "Mozilla/5.0 (Macintosh; Intel Mac OS X 10_9_5) AppleWebKit/600.4.10 (KHTML, like Gecko) Version/7.1.4 Safari/537.85.13"
208.115.111.66 - - [14/Apr/2015:12:06:39 -0700] "GET /robots.txt HTTP/1.1" 200 319 "-" "Mozilla/5.0 (compatible; DotBot/1.1; http://www.opensiteexplorer.org/dotbot, help@moz.com)"
220.181.108.82 - - [14/Apr/2015:12:08:45 -0700] "-" 408 0 "-" "-"
180.76.4.179 - - [14/Apr/2015:12:08:47 -0700] "GET / HTTP/1.1" 200 6114 "-" "Mozilla/4.0 (compatible; MSIE 7.0; Windows NT 6.0)"
66.249.79.8 - - [14/Apr/2015:12:09:04 -0700] "GET /styles/0fffd548.main.css HTTP/1.1" 200 19317 "-" "Mozilla/5.0 (compatible; Googlebot/2.1; +http://www.google.com/bot.html)"
170.75.162.130 - - [14/Apr/2015:12:11:41 -0700] "GET /lib/reccapi.php?resort=sundayriver HTTP/1.1" 200 964 "-" "node-superagent/0.18.2"
170.75.162.130 - - [14/Apr/2015:12:11:41 -0700] "GET /lib/reccapi.php?resort=sugarloaf HTTP/1.1" 200 951 "-" "node-superagent/0.18.2"
170.75.162.130 - - [14/Apr/2015:12:13:11 -0700] "GET /lib/reccapi.php?resort=brianhead HTTP/1.1" 200 991 "-" "node-superagent/0.18.2"
170.75.162.130 - - [14/Apr/2015:12:13:11 -0700] "GET /lib/reccapi.php?resort=alta HTTP/1.1" 200 1129 "-" "node-superagent/0.18.2"
170.75.162.130 - - [14/Apr/2015:12:13:11 -0700] "GET /lib/reccapi.php?resort=snowbasin HTTP/1.1" 200 1097 "-" "node-superagent/0.18.2"
170.75.162.130 - - [14/Apr/2015:12:13:11 -0700] "GET /lib/reccapi.php?resort=snowbird HTTP/1.1" 200 1121 "-" "node-superagent/0.18.2"
170.75.162.130 - - [14/Apr/2015:12:13:31 -0700] "GET /lib/reccapi.php?resort=telluride HTTP/1.1" 200 1074 "-" "node-superagent/0.18.2"
170.75.162.130 - - [14/Apr/2015:12:14:31 -0700] "GET /lib/reccapi.php?resort=chinapeak HTTP/1.1" 200 970 "-" "node-superagent/0.18.2"
170.75.162.130 - - [14/Apr/2015:12:14:31 -0700] "GET /lib/reccapi.php?resort=mountainhigh HTTP/1.1" 200 1027 "-" "node-superagent/0.18.2"
170.75.162.130 - - [14/Apr/2015:12:15:11 -0700] "GET /lib/reccapi.php?resort=winterpark HTTP/1.1" 200 1046 "-" "node-superagent/0.18.2"
79.116.29.69 - - [14/Apr/2015:12:18:52 -0700] "GET / HTTP/1.1" 200 6151 "-" "Java/1.6.0_04"
79.116.29.69 - - [14/Apr/2015:12:18:52 -0700] "GET /about HTTP/1.1" 404 531 "-" "Java/1.6.0_04"
79.116.29.69 - - [14/Apr/2015:12:18:53 -0700] "GET /images/logo-sm.png HTTP/1.1" 200 16738 "-" "Java/1.6.0_04"
79.116.29.69 - - [14/Apr/2015:12:18:53 -0700] "GET //platform.twitter.com/widgets.js HTTP/1.1" 404 553 "-" "Java/1.6.0_04"
79.116.29.69 - - [14/Apr/2015:12:18:54 -0700] "GET /bower_components/requirejs/require.js HTTP/1.1" 200 17184 "-" "Java/1.6.0_04"
79.116.29.69 - - [14/Apr/2015:12:18:54 -0700] "GET /scripts/scripts/vendor/modernizr.js HTTP/1.1" 200 11434 "-" "Java/1.6.0_04"
79.116.29.69 - - [14/Apr/2015:12:18:55 -0700] "GET /scripts/scripts/vendor/)||!a.HTMLDataListElement)),E}( HTTP/1.1" 404 576 "-" "Java/1.6.0_04"
79.116.29.69 - - [14/Apr/2015:12:18:56 -0700] "GET /https://twitter.com/WhereShouldISki HTTP/1.1" 404 532 "-" "Java/1.6.0_04"
79.116.29.69 - - [14/Apr/2015:12:18:56 -0700] "GET /https://www.facebook.com/WhereShouldiSki HTTP/1.1" 404 532 "-" "Java/1.6.0_04"
79.116.29.69 - - [14/Apr/2015:12:18:57 -0700] "GET /bower_components/requirejs/\\nhttp://requirejs.org/docs/errors.html HTTP/1.1" 404 532 "-" "Java/1.6.0_04"
127.0.0.1 - - [14/Apr/2015:12:19:05 -0700] "OPTIONS * HTTP/1.0" 200 126 "-" "Apache/2.2.22 (Ubuntu) (internal dummy connection)"
170.75.162.130 - - [14/Apr/2015:12:22:12 -0700] "GET /lib/reccapi.php?resort=redmountain HTTP/1.1" 200 908 "-" "node-superagent/0.18.2"
170.75.162.130 - - [14/Apr/2015:12:22:12 -0700] "GET /lib/reccapi.php?resort=whistlerblackcomb HTTP/1.1" 200 935 "-" "node-superagent/0.18.2"
170.75.162.130 - - [14/Apr/2015:12:22:12 -0700] "GET /lib/reccapi.php?resort=silverstarmountain HTTP/1.1" 200 934 "-" "node-superagent/0.18.2"
91.217.90.49 - - [14/Apr/2015:12:39:07 -0700] "GET /rom-0 HTTP/1.1" 404 489 "-" "Mozilla/5.0 (compatible; Googlebot/2.1; +http://www.google.com/bot.html)"
123.125.71.34 - - [14/Apr/2015:12:44:52 -0700] "GET / HTTP/1.1" 200 2339 "-" "Mozilla/5.0 (Windows NT 5.1; rv:6.0.2) Gecko/20100101 Firefox/6.0.2"
68.180.228.182 - - [14/Apr/2015:12:45:17 -0700] "GET /resorts?resort=powderhorn&date=2014-10-03 HTTP/1.1" 404 450 "-" "Mozilla/5.0 (compatible; Yahoo! Slurp; http://help.yahoo.com/help/us/ysearch/slurp)"
123.125.71.20 - - [14/Apr/2015:12:45:25 -0700] "GET / HTTP/1.1" 200 6114 "-" "Mozilla/5.0 (Windows NT 5.1; rv:6.0.2) Gecko/20100101 Firefox/6.0.2"
68.180.228.182 - - [14/Apr/2015:12:46:06 -0700] "GET /resorts?resort=smugglersnotch&date=2014-11-21 HTTP/1.1" 404 450 "-" "Mozilla/5.0 (compatible; Yahoo! Slurp; http://help.yahoo.com/help/us/ysearch/slurp)"
70.211.66.214 - - [14/Apr/2015:12:47:30 -0700] "GET /images/wsis-logo-sm.png HTTP/1.1" 200 6108 "http://www.thebackcountry.net/" "Mozilla/5.0 (iPhone; CPU iPhone OS 7_0_4 like Mac OS X) AppleWebKit/537.51.1 (KHTML, like Gecko) Version/7.0 Mobile/11B554a Safari/9537.53"
220.181.108.140 - - [14/Apr/2015:12:47:48 -0700] "GET / HTTP/1.1" 200 2339 "-" "Mozilla/5.0 (Windows NT 5.1; rv:6.0.2) Gecko/20100101 Firefox/6.0.2"
220.181.108.155 - - [14/Apr/2015:12:48:38 -0700] "-" 408 0 "-" "-"
170.75.162.130 - - [14/Apr/2015:12:48:44 -0700] "GET /lib/reccapi.php?resort=bigsky HTTP/1.1" 200 1106 "-" "node-superagent/0.18.2"
170.75.162.130 - - [14/Apr/2015:13:04:16 -0700] "GET /lib/reccapi.php?resort=loveland HTTP/1.1" 200 1101 "-" "node-superagent/0.18.2"
180.76.5.189 - - [14/Apr/2015:13:08:53 -0700] "GET /about HTTP/1.1" 404 469 "-" "Mozilla/5.0 (compatible; Baiduspider/2.0; +http://www.baidu.com/search/spider.html)"
170.75.162.130 - - [14/Apr/2015:13:14:57 -0700] "GET /lib/reccapi.php?resort=alpinemeadows HTTP/1.1" 200 1125 "-" "node-superagent/0.18.2"
170.75.162.130 - - [14/Apr/2015:13:22:18 -0700] "GET /lib/reccapi.php?resort=sierra-at-tahoe HTTP/1.1" 200 1062 "-" "node-superagent/0.18.2"
170.75.162.130 - - [14/Apr/2015:13:22:18 -0700] "GET /lib/reccapi.php?resort=sugarbowl HTTP/1.1" 200 1039 "-" "node-superagent/0.18.2"
170.75.162.130 - - [14/Apr/2015:13:22:18 -0700] "GET /lib/reccapi.php?resort=homewoodmountain HTTP/1.1" 200 1066 "-" "node-superagent/0.18.2"
170.75.162.130 - - [14/Apr/2015:13:22:18 -0700] "GET /lib/reccapi.php?resort=squawvalleyusa HTTP/1.1" 200 1065 "-" "node-superagent/0.18.2"
208.115.111.66 - - [14/Apr/2015:13:23:00 -0700] "GET /resorts?resort=madriverglen HTTP/1.1" 404 476 "-" "Mozilla/5.0 (compatible; DotBot/1.1; http://www.opensiteexplorer.org/dotbot, help@moz.com)"
198.0.217.249 - - [14/Apr/2015:13:32:20 -0700] "GET /images/wsis-logo-sm.png HTTP/1.1" 200 6108 "http://www.thebackcountry.net/" "Mozilla/5.0 (Windows NT 6.3; WOW64) AppleWebKit/537.36 (KHTML, like Gecko) Chrome/41.0.2272.118 Safari/537.36"
166.137.242.111 - - [14/Apr/2015:13:45:41 -0700] "GET /images/wsis-logo-sm.png HTTP/1.1" 200 6108 "http://www.thebackcountry.net/" "Mozilla/5.0 (iPhone; CPU iPhone OS 8_2 like Mac OS X) AppleWebKit/600.1.4 (KHTML, like Gecko) Version/8.0 Mobile/12D508 Safari/600.1.4"
170.75.162.130 - - [14/Apr/2015:13:51:21 -0700] "GET /lib/reccapi.php?resort=crestedbutte HTTP/1.1" 200 1096 "-" "node-superagent/0.18.2"
170.75.162.130 - - [14/Apr/2015:13:51:21 -0700] "GET /lib/reccapi.php?resort=steamboat HTTP/1.1" 200 1058 "-" "node-superagent/0.18.2"
180.76.4.28 - - [14/Apr/2015:13:57:57 -0700] "GET / HTTP/1.1" 200 6114 "-" "Mozilla/4.0 (compatible; MSIE 7.0; Windows NT 6.0)"
24.32.31.9 - - [14/Apr/2015:13:58:19 -0700] "GET /images/wsis-logo-sm.png HTTP/1.1" 200 6108 "http://www.thebackcountry.net/" "Mozilla/5.0 (Windows NT 6.3; WOW64; rv:37.0) Gecko/20100101 Firefox/37.0"
123.125.71.101 - - [14/Apr/2015:14:03:55 -0700] "GET / HTTP/1.1" 200 2339 "-" "Mozilla/5.0 (Windows NT 5.1; rv:6.0.2) Gecko/20100101 Firefox/6.0.2"
123.125.71.71 - - [14/Apr/2015:14:04:30 -0700] "-" 408 0 "-" "-"
220.181.108.170 - - [14/Apr/2015:14:07:19 -0700] "-" 408 0 "-" "-"
177.35.112.240 - - [14/Apr/2015:14:07:52 -0700] "GET /images/wsis-logo-sm.png HTTP/1.1" 200 6108 "http://thebackcountry.net/" "Mozilla/5.0 (Windows NT 6.1; WOW64) AppleWebKit/537.36 (KHTML, like Gecko) Chrome/36.0.1985.143 Safari/537.36"
170.75.162.130 - - [14/Apr/2015:14:16:53 -0700] "GET /lib/reccapi.php?resort=schweitzer HTTP/1.1" 200 1032 "-" "node-superagent/0.18.2"
170.75.162.130 - - [14/Apr/2015:14:16:53 -0700] "GET /lib/reccapi.php?resort=sunvalley HTTP/1.1" 200 1093 "-" "node-superagent/0.18.2"
170.75.162.130 - - [14/Apr/2015:14:38:05 -0700] "GET /lib/reccapi.php?resort=angelfire HTTP/1.1" 200 1014 "-" "node-superagent/0.18.2"
152.3.43.152 - - [14/Apr/2015:14:43:02 -0700] "GET /images/wsis-logo-sm.png HTTP/1.1" 200 6108 "http://www.thebackcountry.net/" "Mozilla/5.0 (Macintosh; Intel Mac OS X 10_10_3) AppleWebKit/537.36 (KHTML, like Gecko) Chrome/41.0.2272.118 Safari/537.36"
182.118.53.194 - - [14/Apr/2015:14:47:52 -0700] "GET / HTTP/1.1" 200 2320 "-" "Mozilla/5.0 (Macintosh; Intel Mac OS X 10_10_1) AppleWebKit/537.36 (KHTML, like Gecko) Chrome/41.0.2251.0 Safari/537.36"
170.75.162.130 - - [14/Apr/2015:14:52:57 -0700] "GET /lib/reccapi.php?resort=diamondpeak HTTP/1.1" 200 1029 "-" "node-superagent/0.18.2"
66.249.79.160 - - [14/Apr/2015:15:06:41 -0700] "GET / HTTP/1.1" 200 2376 "-" "SAMSUNG-SGH-E250/1.0 Profile/MIDP-2.0 Configuration/CLDC-1.1 UP.Browser/6.2.3.3.c.1.101 (GUI) MMP/2.0 (compatible; Googlebot-Mobile/2.1; +http://www.google.com/bot.html)"
66.249.79.8 - - [14/Apr/2015:15:07:11 -0700] "GET / HTTP/1.1" 200 2376 "-" "DoCoMo/2.0 N905i(c100;TB;W24H16) (compatible; Googlebot-Mobile/2.1; +http://www.google.com/bot.html)"
123.125.71.23 - - [14/Apr/2015:15:12:11 -0700] "-" 408 0 "-" "-"
220.181.108.118 - - [14/Apr/2015:15:15:44 -0700] "-" 408 0 "-" "-"
71.80.216.216 - - [14/Apr/2015:15:15:48 -0700] "GET /images/wsis-logo-sm.png HTTP/1.1" 200 6108 "http://www.thebackcountry.net/" "Mozilla/5.0 (Macintosh; Intel Mac OS X 10_10_2) AppleWebKit/537.36 (KHTML, like Gecko) Chrome/41.0.2272.118 Safari/537.36"
108.230.95.8 - - [14/Apr/2015:15:16:30 -0700] "GET /images/wsis-logo-sm.png HTTP/1.1" 200 6108 "http://thebackcountry.net/" "Mozilla/5.0 (Windows NT 6.1; WOW64; rv:37.0) Gecko/20100101 Firefox/37.0"
170.75.162.130 - - [14/Apr/2015:15:16:40 -0700] "GET /lib/reccapi.php?resort=heavenly HTTP/1.1" 200 994 "-" "node-superagent/0.18.2"
170.75.162.130 - - [14/Apr/2015:15:16:40 -0700] "GET /lib/reccapi.php?resort=killington HTTP/1.1" 200 954 "-" "node-superagent/0.18.2"
170.75.162.130 - - [14/Apr/2015:15:27:31 -0700] "GET /lib/reccapi.php?resort=49degreesnorth HTTP/1.1" 200 1075 "-" "node-superagent/0.18.2"
170.75.162.130 - - [14/Apr/2015:15:27:31 -0700] "GET /lib/reccapi.php?resort=arapahoebasin HTTP/1.1" 200 1068 "-" "node-superagent/0.18.2"
170.75.162.130 - - [14/Apr/2015:15:27:31 -0700] "GET /lib/reccapi.php?resort=alyeska HTTP/1.1" 200 1001 "-" "node-superagent/0.18.2"
170.75.162.130 - - [14/Apr/2015:15:27:31 -0700] "GET /lib/reccapi.php?resort=brighton HTTP/1.1" 200 1115 "-" "node-superagent/0.18.2"
170.75.162.130 - - [14/Apr/2015:15:27:31 -0700] "GET /lib/reccapi.php?resort=cannonmountain HTTP/1.1" 200 959 "-" "node-superagent/0.18.2"
170.75.162.130 - - [14/Apr/2015:15:27:31 -0700] "GET /lib/reccapi.php?resort=canyons HTTP/1.1" 200 1096 "-" "node-superagent/0.18.2"
170.75.162.130 - - [14/Apr/2015:15:27:31 -0700] "GET /lib/reccapi.php?resort=coppermountain HTTP/1.1" 200 1104 "-" "node-superagent/0.18.2"
170.75.162.130 - - [14/Apr/2015:15:27:31 -0700] "GET /lib/reccapi.php?resort=deervalley HTTP/1.1" 200 1122 "-" "node-superagent/0.18.2"
170.75.162.130 - - [14/Apr/2015:15:27:31 -0700] "GET /lib/reccapi.php?resort=jaypeak HTTP/1.1" 200 1017 "-" "node-superagent/0.18.2"
170.75.162.130 - - [14/Apr/2015:15:27:31 -0700] "GET /lib/reccapi.php?resort=keystone HTTP/1.1" 200 1072 "-" "node-superagent/0.18.2"
170.75.162.130 - - [14/Apr/2015:15:27:32 -0700] "GET /lib/reccapi.php?resort=mammothmountain HTTP/1.1" 200 998 "-" "node-superagent/0.18.2"
170.75.162.130 - - [14/Apr/2015:15:27:32 -0700] "GET /lib/reccapi.php?resort=monarch HTTP/1.1" 200 1049 "-" "node-superagent/0.18.2"
170.75.162.130 - - [14/Apr/2015:15:28:31 -0700] "GET /lib/reccapi.php?resort=stevenspass HTTP/1.1" 200 1064 "-" "node-superagent/0.18.2"
170.75.162.130 - - [14/Apr/2015:15:28:31 -0700] "GET /lib/reccapi.php?resort=parkcity HTTP/1.1" 200 1159 "-" "node-superagent/0.18.2"
170.75.162.130 - - [14/Apr/2015:15:28:31 -0700] "GET /lib/reccapi.php?resort=mtrose HTTP/1.1" 200 964 "-" "node-superagent/0.18.2"
170.75.162.130 - - [14/Apr/2015:15:28:31 -0700] "GET /lib/reccapi.php?resort=solitude HTTP/1.1" 200 1123 "-" "node-superagent/0.18.2"
170.75.162.130 - - [14/Apr/2015:15:28:31 -0700] "GET /lib/reccapi.php?resort=wildcatmountain HTTP/1.1" 200 962 "-" "node-superagent/0.18.2"
170.75.162.130 - - [14/Apr/2015:15:28:31 -0700] "GET /lib/reccapi.php?resort=stowe HTTP/1.1" 200 939 "-" "node-superagent/0.18.2"
202.46.48.64 - - [14/Apr/2015:15:35:41 -0700] "GET /resorts?resort=sugarbush&date=2014-04-20 HTTP/1.1" 404 472 "-" "Mozilla/5.0 (Windows NT 6.1; WOW64) AppleWebKit/537.36 (KHTML, like Gecko) Chrome/36.0.1985.125 Safari/537.36"
66.249.79.10 - - [14/Apr/2015:15:44:06 -0700] "GET / HTTP/1.1" 200 2376 "-" "Mozilla/5.0 (iPhone; CPU iPhone OS 6_0 like Mac OS X) AppleWebKit/536.26 (KHTML, like Gecko) Version/6.0 Mobile/10A5376e Safari/8536.25 (compatible; Googlebot/2.1; +http://www.google.com/bot.html)"
148.186.4.108 - - [14/Apr/2015:15:47:54 -0700] "GET /images/wsis-logo-sm.png HTTP/1.1" 200 6108 "http://www.thebackcountry.net/" "Mozilla/5.0 (compatible; MSIE 10.0; Windows NT 6.1; WOW64; Trident/6.0)"
66.249.79.18 - - [14/Apr/2015:15:48:58 -0700] "GET /styles/0fffd548.main.css HTTP/1.1" 200 19317 "-" "Mozilla/5.0 (compatible; Googlebot/2.1; +http://www.google.com/bot.html)"
202.46.54.172 - - [14/Apr/2015:15:52:21 -0700] "GET /resorts?resort=sugarbush&date=2014-04-20 HTTP/1.1" 404 472 "-" "Mozilla/5.0 (Windows NT 6.1; WOW64) AppleWebKit/537.36 (KHTML, like Gecko) Chrome/36.0.1985.125 Safari/537.36"
180.76.4.186 - - [14/Apr/2015:15:59:27 -0700] "GET / HTTP/1.1" 200 6114 "-" "Mozilla/4.0 (compatible; MSIE 7.0; Windows NT 6.0)"
208.115.111.66 - - [14/Apr/2015:16:07:07 -0700] "GET /robots.txt HTTP/1.1" 200 319 "-" "Mozilla/5.0 (compatible; DotBot/1.1; http://www.opensiteexplorer.org/dotbot, help@moz.com)"
76.14.181.212 - - [14/Apr/2015:16:09:06 -0700] "GET /images/wsis-logo-sm.png HTTP/1.1" 200 6108 "http://www.thebackcountry.net/" "Mozilla/5.0 (Macintosh; Intel Mac OS X 10_10_3) AppleWebKit/600.5.17 (KHTML, like Gecko) Version/8.0.5 Safari/600.5.17"
67.188.145.124 - - [14/Apr/2015:16:09:45 -0700] "GET /images/wsis-logo-sm.png HTTP/1.1" 200 6108 "http://www.thebackcountry.net/" "Mozilla/5.0 (Windows NT 6.1; WOW64) AppleWebKit/537.36 (KHTML, like Gecko) Chrome/41.0.2272.118 Safari/537.36"
170.75.162.130 - - [14/Apr/2015:16:14:16 -0700] "GET /lib/reccapi.php?resort=aspenheights HTTP/1.1" 200 1074 "-" "node-superagent/0.18.2"
170.75.162.130 - - [14/Apr/2015:16:14:16 -0700] "GET /lib/reccapi.php?resort=aspenmountain HTTP/1.1" 200 1071 "-" "node-superagent/0.18.2"
170.75.162.130 - - [14/Apr/2015:16:14:16 -0700] "GET /lib/reccapi.php?resort=brianhead HTTP/1.1" 200 991 "-" "node-superagent/0.18.2"
170.75.162.130 - - [14/Apr/2015:16:14:16 -0700] "GET /lib/reccapi.php?resort=buttermilk HTTP/1.1" 200 1058 "-" "node-superagent/0.18.2"
170.75.162.130 - - [14/Apr/2015:16:14:16 -0700] "GET /lib/reccapi.php?resort=hoodoo HTTP/1.1" 200 1030 "-" "node-superagent/0.18.2"
170.75.162.130 - - [14/Apr/2015:16:14:16 -0700] "GET /lib/reccapi.php?resort=madriverglen HTTP/1.1" 200 956 "-" "node-superagent/0.18.2"
170.75.162.130 - - [14/Apr/2015:16:14:16 -0700] "GET /lib/reccapi.php?resort=mounthoodmeadows HTTP/1.1" 200 1073 "-" "node-superagent/0.18.2"
170.75.162.130 - - [14/Apr/2015:16:14:16 -0700] "GET /lib/reccapi.php?resort=mountbachelor HTTP/1.1" 200 1105 "-" "node-superagent/0.18.2"
170.75.162.130 - - [14/Apr/2015:16:14:16 -0700] "GET /lib/reccapi.php?resort=smugglersnotch HTTP/1.1" 200 959 "-" "node-superagent/0.18.2"
170.75.162.130 - - [14/Apr/2015:16:14:17 -0700] "GET /lib/reccapi.php?resort=snowbird HTTP/1.1" 200 1125 "-" "node-superagent/0.18.2"
170.75.162.130 - - [14/Apr/2015:16:14:17 -0700] "GET /lib/reccapi.php?resort=snowmass HTTP/1.1" 200 1048 "-" "node-superagent/0.18.2"
170.75.162.130 - - [14/Apr/2015:16:14:17 -0700] "GET /lib/reccapi.php?resort=sugarloaf HTTP/1.1" 200 951 "-" "node-superagent/0.18.2"
204.108.79.158 - - [14/Apr/2015:16:14:21 -0700] "GET /images/wsis-logo-sm.png HTTP/1.1" 200 6108 "http://www.thebackcountry.net/" "Mozilla/5.0 (Windows NT 6.1; WOW64; rv:37.0) Gecko/20100101 Firefox/37.0"
170.75.162.130 - - [14/Apr/2015:16:15:15 -0700] "GET /lib/reccapi.php?resort=alta HTTP/1.1" 200 1131 "-" "node-superagent/0.18.2"
170.75.162.130 - - [14/Apr/2015:16:15:15 -0700] "GET /lib/reccapi.php?resort=crystalmountain HTTP/1.1" 200 1065 "-" "node-superagent/0.18.2"
170.75.162.130 - - [14/Apr/2015:16:15:15 -0700] "GET /lib/reccapi.php?resort=bigwhite HTTP/1.1" 200 926 "-" "node-superagent/0.18.2"
170.75.162.130 - - [14/Apr/2015:16:15:15 -0700] "GET /lib/reccapi.php?resort=telluride HTTP/1.1" 200 1075 "-" "node-superagent/0.18.2"
170.75.162.130 - - [14/Apr/2015:16:15:15 -0700] "GET /lib/reccapi.php?resort=devilshead HTTP/1.1" 200 947 "-" "node-superagent/0.18.2"
170.75.162.130 - - [14/Apr/2015:16:15:15 -0700] "GET /lib/reccapi.php?resort=northstar-at-tahoe HTTP/1.1" 200 958 "-" "node-superagent/0.18.2"
170.75.162.130 - - [14/Apr/2015:16:15:15 -0700] "GET /lib/reccapi.php?resort=snowbasin HTTP/1.1" 200 1097 "-" "node-superagent/0.18.2"
170.75.162.130 - - [14/Apr/2015:16:15:15 -0700] "GET /lib/reccapi.php?resort=sundayriver HTTP/1.1" 200 963 "-" "node-superagent/0.18.2"
170.75.162.130 - - [14/Apr/2015:16:15:15 -0700] "GET /lib/reccapi.php?resort=sugarbush HTTP/1.1" 200 956 "-" "node-superagent/0.18.2"
170.75.162.130 - - [14/Apr/2015:16:15:15 -0700] "GET /lib/reccapi.php?resort=grandtarghee HTTP/1.1" 200 1080 "-" "node-superagent/0.18.2"
170.75.162.130 - - [14/Apr/2015:16:15:15 -0700] "GET /lib/reccapi.php?resort=sunpeaksresort HTTP/1.1" 200 920 "-" "node-superagent/0.18.2"
170.75.162.130 - - [14/Apr/2015:16:15:16 -0700] "GET /lib/reccapi.php?resort=jacksonhole HTTP/1.1" 200 1086 "-" "node-superagent/0.18.2"
170.75.162.130 - - [14/Apr/2015:16:15:20 -0700] "GET /lib/reccapi.php?resort=taos HTTP/1.1" 200 978 "-" "node-superagent/0.18.2"
170.75.162.130 - - [14/Apr/2015:16:15:25 -0700] "GET /lib/reccapi.php?resort=whitefacemountain HTTP/1.1" 200 962 "-" "node-superagent/0.18.2"
170.75.162.130 - - [14/Apr/2015:16:15:30 -0700] "GET /lib/reccapi.php?resort=kirkwood HTTP/1.1" 200 1072 "-" "node-superagent/0.18.2"
170.75.162.130 - - [14/Apr/2015:16:15:35 -0700] "GET /lib/reccapi.php?resort=redlodge HTTP/1.1" 200 1052 "-" "node-superagent/0.18.2"
170.75.162.130 - - [14/Apr/2015:16:15:40 -0700] "GET /lib/reccapi.php?resort=chinapeak HTTP/1.1" 200 970 "-" "node-superagent/0.18.2"
170.75.162.130 - - [14/Apr/2015:16:15:45 -0700] "GET /lib/reccapi.php?resort=mountspokane HTTP/1.1" 200 1064 "-" "node-superagent/0.18.2"
170.75.162.130 - - [14/Apr/2015:16:15:50 -0700] "GET /lib/reccapi.php?resort=mountainhigh HTTP/1.1" 200 1027 "-" "node-superagent/0.18.2"
170.75.162.130 - - [14/Apr/2015:16:15:55 -0700] "GET /lib/reccapi.php?resort=winterpark HTTP/1.1" 200 1046 "-" "node-superagent/0.18.2"
5.9.151.67 - - [14/Apr/2015:16:23:42 -0700] "GET / HTTP/1.1" 200 2320 "-" "Mozilla/5.0 (compatible; MegaIndex.ru/2.0; +https://www.megaindex.ru/?tab=linkAnalyze)"
5.9.151.67 - - [14/Apr/2015:16:23:47 -0700] "GET /robots.txt HTTP/1.1" 200 363 "-" "Mozilla/5.0 (compatible; MegaIndex.ru/2.0; +https://www.megaindex.ru/?tab=linkAnalyze)"
5.9.151.67 - - [14/Apr/2015:16:23:47 -0700] "GET /about HTTP/1.1" 404 450 "-" "Mozilla/5.0 (compatible; MegaIndex.ru/2.0; +https://www.megaindex.ru/?tab=linkAnalyze)"
50.131.140.185 - - [14/Apr/2015:16:23:50 -0700] "GET /images/wsis-logo-sm.png HTTP/1.1" 200 6108 "http://www.thebackcountry.net/" "Mozilla/5.0 (Macintosh; Intel Mac OS X 10_7_5) AppleWebKit/537.36 (KHTML, like Gecko) Chrome/41.0.2272.118 Safari/537.36"
71.140.31.214 - - [14/Apr/2015:16:26:23 -0700] "GET /images/wsis-logo-sm.png HTTP/1.1" 200 6108 "http://thebackcountry.net/" "Mozilla/4.0 (compatible; MSIE 8.0; Windows NT 5.1; Trident/4.0; .NET CLR 2.0.50727; .NET CLR 3.0.4506.2152; .NET CLR 3.5.30729; 786908940603; Build/14.08001)"
166.216.157.83 - - [14/Apr/2015:16:34:24 -0700] "GET /images/wsis-logo-sm.png HTTP/1.1" 200 6108 "http://thebackcountry.net/" "Mozilla/5.0 (iPhone; CPU iPhone OS 8_1_3 like Mac OS X) AppleWebKit/600.1.4 (KHTML, like Gecko) Version/8.0 Mobile/12B466 Safari/600.1.4"
67.170.199.150 - - [14/Apr/2015:16:40:07 -0700] "GET /images/wsis-logo-sm.png HTTP/1.1" 200 6108 "http://www.thebackcountry.net/" "Mozilla/5.0 (Windows NT 6.1; WOW64) AppleWebKit/537.36 (KHTML, like Gecko) Chrome/41.0.2272.118 Safari/537.36"
123.125.71.84 - - [14/Apr/2015:16:44:23 -0700] "-" 408 0 "-" "-"
220.181.108.105 - - [14/Apr/2015:16:48:09 -0700] "-" 408 0 "-" "-"
170.75.162.130 - - [14/Apr/2015:16:52:10 -0700] "GET /lib/reccapi.php?resort=bigsky HTTP/1.1" 200 1105 "-" "node-superagent/0.18.2"
68.190.180.210 - - [14/Apr/2015:17:11:02 -0700] "GET /images/wsis-logo-sm.png HTTP/1.1" 200 6108 "http://www.thebackcountry.net/" "Mozilla/5.0 (iPad; CPU OS 8_3 like Mac OS X) AppleWebKit/600.1.4 (KHTML, like Gecko) Version/8.0 Mobile/12F69 Safari/600.1.4"
99.119.65.100 - - [14/Apr/2015:17:13:44 -0700] "GET /images/wsis-logo-sm.png HTTP/1.1" 200 6108 "http://thebackcountry.net/" "Mozilla/5.0 (Macintosh; Intel Mac OS X 10_10_2) AppleWebKit/537.36 (KHTML, like Gecko) Chrome/41.0.2272.118 Safari/537.36"
208.115.111.66 - - [14/Apr/2015:17:22:59 -0700] "GET /resorts?resort=cannonmountain HTTP/1.1" 404 476 "-" "Mozilla/5.0 (compatible; DotBot/1.1; http://www.opensiteexplorer.org/dotbot, help@moz.com)"
124.168.159.9 - - [14/Apr/2015:17:23:17 -0700] "GET /lib/reccapi.php?resort=arapahoebasin HTTP/1.1" 200 1068 "-" "node-superagent/0.18.2"
124.168.159.9 - - [14/Apr/2015:17:23:17 -0700] "GET /lib/reccapi.php?resort=49degreesnorth HTTP/1.1" 200 1075 "-" "node-superagent/0.18.2"
124.168.159.9 - - [14/Apr/2015:17:23:17 -0700] "GET /lib/reccapi.php?resort=alpinemeadows HTTP/1.1" 200 1127 "-" "node-superagent/0.18.2"
124.168.159.9 - - [14/Apr/2015:17:23:18 -0700] "GET /lib/reccapi.php?resort=alta HTTP/1.1" 200 1131 "-" "node-superagent/0.18.2"
124.168.159.9 - - [14/Apr/2015:17:23:18 -0700] "GET /lib/reccapi.php?resort=alyeska HTTP/1.1" 200 1001 "-" "node-superagent/0.18.2"
124.168.159.9 - - [14/Apr/2015:17:23:18 -0700] "GET /lib/reccapi.php?resort=angelfire HTTP/1.1" 200 1017 "-" "node-superagent/0.18.2"
124.168.159.9 - - [14/Apr/2015:17:23:18 -0700] "GET /lib/reccapi.php?resort=aspenheights HTTP/1.1" 200 1074 "-" "node-superagent/0.18.2"
124.168.159.9 - - [14/Apr/2015:17:23:18 -0700] "GET /lib/reccapi.php?resort=aspenmountain HTTP/1.1" 200 1071 "-" "node-superagent/0.18.2"
124.168.159.9 - - [14/Apr/2015:17:23:18 -0700] "GET /lib/reccapi.php?resort=bigsky HTTP/1.1" 200 1105 "-" "node-superagent/0.18.2"
124.168.159.9 - - [14/Apr/2015:17:23:18 -0700] "GET /lib/reccapi.php?resort=bigwhite HTTP/1.1" 200 926 "-" "node-superagent/0.18.2"
124.168.159.9 - - [14/Apr/2015:17:23:18 -0700] "GET /lib/reccapi.php?resort=brianhead HTTP/1.1" 200 991 "-" "node-superagent/0.18.2"
124.168.159.9 - - [14/Apr/2015:17:23:18 -0700] "GET /lib/reccapi.php?resort=brighton HTTP/1.1" 200 1115 "-" "node-superagent/0.18.2"
127.0.0.1 - - [14/Apr/2015:17:23:19 -0700] "OPTIONS * HTTP/1.0" 200 126 "-" "Apache/2.2.22 (Ubuntu) (internal dummy connection)"
150.70.173.53 - - [14/Apr/2015:17:23:54 -0700] "GET /lib/reccapi.php?resort=angelfire HTTP/1.1" 200 1814 "-" "Mozilla/4.0 (compatible; MSIE 8.0; Windows NT 5.1; Trident/4.0)"
150.70.173.43 - - [14/Apr/2015:17:23:54 -0700] "GET /lib/reccapi.php?resort=alyeska HTTP/1.1" 200 1784 "-" "Mozilla/4.0 (compatible; MSIE 8.0; Windows NT 5.1; Trident/4.0)"
150.70.173.6 - - [14/Apr/2015:17:24:00 -0700] "GET /lib/reccapi.php?resort=arapahoebasin HTTP/1.1" 200 1944 "-" "Mozilla/4.0 (compatible; MSIE 8.0; Windows NT 5.1; Trident/4.0)"
150.70.173.12 - - [14/Apr/2015:17:24:07 -0700] "GET /lib/reccapi.php?resort=alta HTTP/1.1" 200 1967 "-" "Mozilla/4.0 (compatible; MSIE 8.0; Windows NT 5.1; Trident/4.0)"
150.70.173.7 - - [14/Apr/2015:17:24:09 -0700] "GET /lib/reccapi.php?resort=alpinemeadows HTTP/1.1" 200 2025 "-" "Mozilla/4.0 (compatible; MSIE 8.0; Windows NT 5.1; Trident/4.0)"
124.168.159.9 - - [14/Apr/2015:17:24:17 -0700] "GET /lib/reccapi.php?resort=winterpark HTTP/1.1" 200 1046 "-" "node-superagent/0.18.2"
124.168.159.9 - - [14/Apr/2015:17:24:17 -0700] "GET /lib/reccapi.php?resort=devilshead HTTP/1.1" 200 947 "-" "node-superagent/0.18.2"
124.168.159.9 - - [14/Apr/2015:17:24:17 -0700] "GET /lib/reccapi.php?resort=heavenly HTTP/1.1" 200 994 "-" "node-superagent/0.18.2"
124.168.159.9 - - [14/Apr/2015:17:24:17 -0700] "GET /lib/reccapi.php?resort=homewoodmountain HTTP/1.1" 200 995 "-" "node-superagent/0.18.2"
124.168.159.9 - - [14/Apr/2015:17:24:17 -0700] "GET /lib/reccapi.php?resort=diamondpeak HTTP/1.1" 200 945 "-" "node-superagent/0.18.2"
124.168.159.9 - - [14/Apr/2015:17:24:17 -0700] "GET /lib/reccapi.php?resort=jacksonhole HTTP/1.1" 200 1086 "-" "node-superagent/0.18.2"
124.168.159.9 - - [14/Apr/2015:17:24:17 -0700] "GET /lib/reccapi.php?resort=hoodoo HTTP/1.1" 200 1030 "-" "node-superagent/0.18.2"
124.168.159.9 - - [14/Apr/2015:17:24:17 -0700] "GET /lib/reccapi.php?resort=grandtarghee HTTP/1.1" 200 1080 "-" "node-superagent/0.18.2"
124.168.159.9 - - [14/Apr/2015:17:24:17 -0700] "GET /lib/reccapi.php?resort=keystone HTTP/1.1" 200 1072 "-" "node-superagent/0.18.2"
124.168.159.9 - - [14/Apr/2015:17:24:17 -0700] "GET /lib/reccapi.php?resort=jaypeak HTTP/1.1" 200 1017 "-" "node-superagent/0.18.2"
124.168.159.9 - - [14/Apr/2015:17:24:17 -0700] "GET /lib/reccapi.php?resort=kirkwood HTTP/1.1" 200 1072 "-" "node-superagent/0.18.2"
124.168.159.9 - - [14/Apr/2015:17:24:17 -0700] "GET /lib/reccapi.php?resort=killington HTTP/1.1" 200 954 "-" "node-superagent/0.18.2"
124.168.159.9 - - [14/Apr/2015:17:24:22 -0700] "GET /lib/reccapi.php?resort=stowe HTTP/1.1" 200 939 "-" "node-superagent/0.18.2"
124.168.159.9 - - [14/Apr/2015:17:24:27 -0700] "GET /lib/reccapi.php?resort=sugarbowl HTTP/1.1" 200 954 "-" "node-superagent/0.18.2"
124.168.159.9 - - [14/Apr/2015:17:24:32 -0700] "GET /lib/reccapi.php?resort=sugarbush HTTP/1.1" 200 956 "-" "node-superagent/0.18.2"
124.168.159.9 - - [14/Apr/2015:17:24:37 -0700] "GET /lib/reccapi.php?resort=sugarloaf HTTP/1.1" 200 951 "-" "node-superagent/0.18.2"
124.168.159.9 - - [14/Apr/2015:17:24:42 -0700] "GET /lib/reccapi.php?resort=sunpeaksresort HTTP/1.1" 200 920 "-" "node-superagent/0.18.2"
124.168.159.9 - - [14/Apr/2015:17:24:47 -0700] "GET /lib/reccapi.php?resort=sunvalley HTTP/1.1" 200 1093 "-" "node-superagent/0.18.2"
124.168.159.9 - - [14/Apr/2015:17:24:52 -0700] "GET /lib/reccapi.php?resort=taos HTTP/1.1" 200 978 "-" "node-superagent/0.18.2"
124.168.159.9 - - [14/Apr/2015:17:24:57 -0700] "GET /lib/reccapi.php?resort=telluride HTTP/1.1" 200 1075 "-" "node-superagent/0.18.2"
124.168.159.9 - - [14/Apr/2015:17:25:02 -0700] "GET /lib/reccapi.php?resort=whistlerblackcomb HTTP/1.1" 200 934 "-" "node-superagent/0.18.2"
150.70.173.57 - - [14/Apr/2015:17:25:04 -0700] "GET /lib/reccapi.php?resort=49degreesnorth HTTP/1.1" 200 1905 "-" "Mozilla/4.0 (compatible; MSIE 8.0; Windows NT 5.1; Trident/4.0)"
124.168.159.9 - - [14/Apr/2015:17:25:07 -0700] "GET /lib/reccapi.php?resort=whitefacemountain HTTP/1.1" 200 962 "-" "node-superagent/0.18.2"
124.168.159.9 - - [14/Apr/2015:17:25:12 -0700] "GET /lib/reccapi.php?resort=wildcatmountain HTTP/1.1" 200 962 "-" "node-superagent/0.18.2"
124.168.159.9 - - [14/Apr/2015:17:25:17 -0700] "GET /lib/reccapi.php?resort=buttermilk HTTP/1.1" 200 1058 "-" "node-superagent/0.18.2"
124.168.159.9 - - [14/Apr/2015:17:25:22 -0700] "GET /lib/reccapi.php?resort=cannonmountain HTTP/1.1" 200 959 "-" "node-superagent/0.18.2"
124.168.159.9 - - [14/Apr/2015:17:25:27 -0700] "GET /lib/reccapi.php?resort=canyons HTTP/1.1" 200 1096 "-" "node-superagent/0.18.2"
124.168.159.9 - - [14/Apr/2015:17:25:32 -0700] "GET /lib/reccapi.php?resort=chinapeak HTTP/1.1" 200 970 "-" "node-superagent/0.18.2"
124.168.159.9 - - [14/Apr/2015:17:25:37 -0700] "GET /lib/reccapi.php?resort=coppermountain HTTP/1.1" 200 1104 "-" "node-superagent/0.18.2"
124.168.159.9 - - [14/Apr/2015:17:25:42 -0700] "GET /lib/reccapi.php?resort=crestedbutte HTTP/1.1" 200 1095 "-" "node-superagent/0.18.2"
124.168.159.9 - - [14/Apr/2015:17:25:47 -0700] "GET /lib/reccapi.php?resort=crystalmountain HTTP/1.1" 200 1065 "-" "node-superagent/0.18.2"
124.168.159.9 - - [14/Apr/2015:17:25:52 -0700] "GET /lib/reccapi.php?resort=deervalley HTTP/1.1" 200 1122 "-" "node-superagent/0.18.2"
124.168.159.9 - - [14/Apr/2015:17:25:57 -0700] "GET /lib/reccapi.php?resort=loveland HTTP/1.1" 200 1099 "-" "node-superagent/0.18.2"
124.168.159.9 - - [14/Apr/2015:17:26:02 -0700] "GET /lib/reccapi.php?resort=madriverglen HTTP/1.1" 200 956 "-" "node-superagent/0.18.2"
124.168.159.9 - - [14/Apr/2015:17:26:07 -0700] "GET /lib/reccapi.php?resort=mammothmountain HTTP/1.1" 200 998 "-" "node-superagent/0.18.2"
124.168.159.9 - - [14/Apr/2015:17:26:12 -0700] "GET /lib/reccapi.php?resort=monarch HTTP/1.1" 200 1049 "-" "node-superagent/0.18.2"
124.168.159.9 - - [14/Apr/2015:17:26:17 -0700] "GET /lib/reccapi.php?resort=mountspokane HTTP/1.1" 200 1064 "-" "node-superagent/0.18.2"
124.168.159.9 - - [14/Apr/2015:17:26:22 -0700] "GET /lib/reccapi.php?resort=mountbachelor HTTP/1.1" 200 1105 "-" "node-superagent/0.18.2"
124.168.159.9 - - [14/Apr/2015:17:26:27 -0700] "GET /lib/reccapi.php?resort=mountainhigh HTTP/1.1" 200 1027 "-" "node-superagent/0.18.2"
124.168.159.9 - - [14/Apr/2015:17:26:32 -0700] "GET /lib/reccapi.php?resort=mounthoodmeadows HTTP/1.1" 200 1073 "-" "node-superagent/0.18.2"
124.168.159.9 - - [14/Apr/2015:17:26:37 -0700] "GET /lib/reccapi.php?resort=mtrose HTTP/1.1" 200 964 "-" "node-superagent/0.18.2"
124.168.159.9 - - [14/Apr/2015:17:26:42 -0700] "GET /lib/reccapi.php?resort=northstar-at-tahoe HTTP/1.1" 200 958 "-" "node-superagent/0.18.2"
124.168.159.9 - - [14/Apr/2015:17:26:47 -0700] "GET /lib/reccapi.php?resort=parkcity HTTP/1.1" 200 1159 "-" "node-superagent/0.18.2"
124.168.159.9 - - [14/Apr/2015:17:26:52 -0700] "GET /lib/reccapi.php?resort=redlodge HTTP/1.1" 200 1052 "-" "node-superagent/0.18.2"
124.168.159.9 - - [14/Apr/2015:17:26:57 -0700] "GET /lib/reccapi.php?resort=redmountain HTTP/1.1" 200 910 "-" "node-superagent/0.18.2"
124.168.159.9 - - [14/Apr/2015:17:27:02 -0700] "GET /lib/reccapi.php?resort=schweitzer HTTP/1.1" 200 1034 "-" "node-superagent/0.18.2"
124.168.159.9 - - [14/Apr/2015:17:27:07 -0700] "GET /lib/reccapi.php?resort=sierra-at-tahoe HTTP/1.1" 200 1060 "-" "node-superagent/0.18.2"
124.168.159.9 - - [14/Apr/2015:17:27:52 -0700] "GET /lib/reccapi.php?resort=silverstarmountain HTTP/1.1" 200 937 "-" "node-superagent/0.18.2"
124.168.159.9 - - [14/Apr/2015:17:27:52 -0700] "GET /lib/reccapi.php?resort=steamboat HTTP/1.1" 200 1059 "-" "node-superagent/0.18.2"
124.168.159.9 - - [14/Apr/2015:17:27:52 -0700] "GET /lib/reccapi.php?resort=smugglersnotch HTTP/1.1" 200 959 "-" "node-superagent/0.18.2"
124.168.159.9 - - [14/Apr/2015:17:27:52 -0700] "GET /lib/reccapi.php?resort=snowbasin HTTP/1.1" 200 1097 "-" "node-superagent/0.18.2"
124.168.159.9 - - [14/Apr/2015:17:27:52 -0700] "GET /lib/reccapi.php?resort=snowmass HTTP/1.1" 200 1048 "-" "node-superagent/0.18.2"
124.168.159.9 - - [14/Apr/2015:17:27:52 -0700] "GET /lib/reccapi.php?resort=snowbird HTTP/1.1" 200 1125 "-" "node-superagent/0.18.2"
124.168.159.9 - - [14/Apr/2015:17:27:52 -0700] "GET /lib/reccapi.php?resort=stevenspass HTTP/1.1" 200 1064 "-" "node-superagent/0.18.2"
124.168.159.9 - - [14/Apr/2015:17:27:52 -0700] "GET /lib/reccapi.php?resort=solitude HTTP/1.1" 200 1123 "-" "node-superagent/0.18.2"
124.168.159.9 - - [14/Apr/2015:17:27:52 -0700] "GET /lib/reccapi.php?resort=squawvalleyusa HTTP/1.1" 200 993 "-" "node-superagent/0.18.2"
124.168.159.9 - - [14/Apr/2015:17:27:52 -0700] "GET /lib/reccapi.php?resort=sundayriver HTTP/1.1" 200 963 "-" "node-superagent/0.18.2"
124.168.159.9 - - [14/Apr/2015:17:27:52 -0700] "GET /lib/reccapi.php?resort=sierra-at-tahoe HTTP/1.1" 200 1060 "-" "node-superagent/0.18.2"
24.114.29.162 - - [14/Apr/2015:17:34:25 -0700] "GET /administrator/index.php HTTP/1.1" 404 532 "-" "Mozilla/5.0 (Windows NT 5.1; rv:29.0) Gecko/20100101 Firefox/29.0"
68.180.228.182 - - [14/Apr/2015:17:49:25 -0700] "GET /resorts?resort=sunrisepark&date=2014-10-26 HTTP/1.1" 404 450 "-" "Mozilla/5.0 (compatible; Yahoo! Slurp; http://help.yahoo.com/help/us/ysearch/slurp)"
123.125.71.47 - - [14/Apr/2015:17:52:58 -0700] "GET / HTTP/1.1" 200 2339 "-" "Mozilla/5.0 (Windows NT 5.1; rv:6.0.2) Gecko/20100101 Firefox/6.0.2"
