66.249.79.234 - - [25/Jan/2016:17:26:56 -0800] "GET /lib/reccapi.php?fields=t&date=2016-01-16 HTTP/1.1" 200 481 "http://whereshouldiski.com/" "Mozilla/5.0 (compatible; Googlebot/2.1; +http://www.google.com/bot.html)"
180.76.15.20 - - [25/Jan/2016:17:31:26 -0800] "GET / HTTP/1.1" 200 6995 "-" "Mozilla/5.0 (compatible; Baiduspider/2.0; +http://www.baidu.com/search/spider.html)"
180.76.15.134 - - [25/Jan/2016:17:32:16 -0800] "GET / HTTP/1.1" 200 6995 "-" "Mozilla/5.0 (compatible; Baiduspider/2.0; +http://www.baidu.com/search/spider.html)"
170.75.162.130 - - [25/Jan/2016:17:36:05 -0800] "GET /lib/reccapi.php?resort=smugglersnotch HTTP/1.1" 200 982 "-" "node-superagent/1.4.0"
170.75.162.130 - - [25/Jan/2016:17:39:05 -0800] "GET /lib/reccapi.php?resort=aspenheights HTTP/1.1" 200 1007 "-" "node-superagent/1.4.0"
170.75.162.130 - - [25/Jan/2016:17:39:05 -0800] "GET /lib/reccapi.php?resort=buttermilk HTTP/1.1" 200 980 "-" "node-superagent/1.4.0"
66.249.79.234 - - [25/Jan/2016:17:39:50 -0800] "GET / HTTP/1.1" 200 2615 "-" "Mozilla/5.0 (iPhone; CPU iPhone OS 8_3 like Mac OS X) AppleWebKit/600.1.4 (KHTML, like Gecko) Version/8.0 Mobile/12F70 Safari/600.1.4 (compatible; Googlebot/2.1; +http://www.google.com/bot.html)"
66.249.79.227 - - [25/Jan/2016:17:43:09 -0800] "GET /lib/reccapi.php?resort=alpinemeadows&date=2016-01-06 HTTP/1.1" 200 716 "http://whereshouldiski.com/" "Mozilla/5.0 (compatible; Googlebot/2.1; +http://www.google.com/bot.html)"
52.33.40.213 - - [25/Jan/2016:17:45:11 -0800] "GET /lib/reccapi.php?resort=parkcity HTTP/1.1" 200 990 "-" "node-superagent/1.4.0"
220.181.108.90 - - [25/Jan/2016:17:50:04 -0800] "-" 408 0 "-" "-"
66.249.79.220 - - [25/Jan/2016:17:53:14 -0800] "GET /lib/reccapi.php?resort=mountbaker&date=2016-01-17 HTTP/1.1" 200 711 "http://whereshouldiski.com/" "Mozilla/5.0 (compatible; Googlebot/2.1; +http://www.google.com/bot.html)"
66.249.79.220 - - [25/Jan/2016:18:01:42 -0800] "GET /styles/ee08faa9.main.css HTTP/1.1" 200 19447 "-" "Mozilla/5.0 (compatible; Googlebot/2.1; +http://www.google.com/bot.html)"
66.249.79.220 - - [25/Jan/2016:18:01:43 -0800] "GET /scripts/fa48e319.main.js HTTP/1.1" 200 123455 "-" "Mozilla/5.0 (compatible; Googlebot/2.1; +http://www.google.com/bot.html)"
66.249.79.220 - - [25/Jan/2016:18:01:44 -0800] "GET /bower_components/requirejs/require.js HTTP/1.1" 200 6701 "-" "Mozilla/5.0 (compatible; Googlebot/2.1; +http://www.google.com/bot.html)"
66.249.79.220 - - [25/Jan/2016:18:01:44 -0800] "GET /scripts/scripts/vendor/modernizr.js HTTP/1.1" 200 4902 "-" "Mozilla/5.0 (compatible; Googlebot/2.1; +http://www.google.com/bot.html)"
66.249.79.220 - - [25/Jan/2016:18:01:45 -0800] "GET /lib/reccapi.php?fields=t HTTP/1.1" 200 1973 "http://whereshouldiski.com/" "Mozilla/5.0 (compatible; Googlebot/2.1; +http://www.google.com/bot.html)"
170.75.162.130 - - [25/Jan/2016:18:03:28 -0800] "GET /lib/reccapi.php?resort=sugarbowl HTTP/1.1" 200 957 "-" "node-superagent/1.4.0"
47.88.28.221 - - [25/Jan/2016:18:03:31 -0800] "GET http://www.ntdtv.com/xtr/gb/prog400.html HTTP/1.1" 404 470 "-" "-"
170.75.162.130 - - [25/Jan/2016:18:05:19 -0800] "GET /lib/reccapi.php?resort=brianhead HTTP/1.1" 200 999 "-" "node-superagent/1.4.0"
170.75.162.130 - - [25/Jan/2016:18:05:19 -0800] "GET /lib/reccapi.php?resort=brighton HTTP/1.1" 200 1019 "-" "node-superagent/1.4.0"
170.75.162.130 - - [25/Jan/2016:18:05:19 -0800] "GET /lib/reccapi.php?resort=deervalley HTTP/1.1" 200 990 "-" "node-superagent/1.4.0"
170.75.162.130 - - [25/Jan/2016:18:05:19 -0800] "GET /lib/reccapi.php?resort=snowbasin HTTP/1.1" 200 975 "-" "node-superagent/1.4.0"
170.75.162.130 - - [25/Jan/2016:18:05:19 -0800] "GET /lib/reccapi.php?resort=snowbird HTTP/1.1" 200 1000 "-" "node-superagent/1.4.0"
170.75.162.130 - - [25/Jan/2016:18:06:29 -0800] "GET /lib/reccapi.php?resort=coppermountain HTTP/1.1" 200 1099 "-" "node-superagent/1.4.0"
173.247.193.18 - - [25/Jan/2016:18:07:32 -0800] "GET /images/wsis-logo-sm.png HTTP/1.1" 200 6108 "http://www.thebackcountry.net/" "Mozilla/5.0 (Macintosh; Intel Mac OS X 10_10_5) AppleWebKit/601.4.4 (KHTML, like Gecko) Version/9.0.3 Safari/601.4.4"
170.75.162.130 - - [25/Jan/2016:18:10:19 -0800] "GET /lib/reccapi.php?resort=sierra-at-tahoe HTTP/1.1" 200 997 "-" "node-superagent/1.4.0"
144.76.29.162 - - [25/Jan/2016:18:11:52 -0800] "GET /robots.txt HTTP/1.0" 200 338 "-" "Mozilla/5.0 (compatible; MJ12bot/v1.4.5; http://www.majestic12.co.uk/bot.php?+)"
144.76.29.162 - - [25/Jan/2016:18:11:54 -0800] "GET /resorts?resort=mounthoodmeadows HTTP/1.0" 404 495 "-" "Mozilla/5.0 (compatible; MJ12bot/v1.4.5; http://www.majestic12.co.uk/bot.php?+)"
144.76.29.162 - - [25/Jan/2016:18:11:56 -0800] "GET /resorts?resort=mtrose HTTP/1.0" 404 469 "-" "Mozilla/5.0 (compatible; MJ12bot/v1.4.5; http://www.majestic12.co.uk/bot.php?+)"
144.76.29.162 - - [25/Jan/2016:18:11:58 -0800] "GET /resorts?resort=northstar-at-tahoe HTTP/1.0" 404 469 "-" "Mozilla/5.0 (compatible; MJ12bot/v1.4.5; http://www.majestic12.co.uk/bot.php?+)"
144.76.29.162 - - [25/Jan/2016:18:12:00 -0800] "GET /resorts?resort=redmountain HTTP/1.0" 404 469 "-" "Mozilla/5.0 (compatible; MJ12bot/v1.4.5; http://www.majestic12.co.uk/bot.php?+)"
144.76.29.162 - - [25/Jan/2016:18:12:02 -0800] "GET /viz/2012-2013-viz.php HTTP/1.0" 404 469 "-" "Mozilla/5.0 (compatible; MJ12bot/v1.4.5; http://www.majestic12.co.uk/bot.php?+)"
170.75.162.130 - - [25/Jan/2016:18:14:00 -0800] "GET /lib/reccapi.php?resort=hoodoo HTTP/1.1" 200 965 "-" "node-superagent/1.4.0"
170.75.162.130 - - [25/Jan/2016:18:21:01 -0800] "GET /lib/reccapi.php?resort=mtrose HTTP/1.1" 200 955 "-" "node-superagent/1.4.0"
170.75.162.130 - - [25/Jan/2016:18:23:01 -0800] "GET /lib/reccapi.php?resort=winterpark HTTP/1.1" 200 1050 "-" "node-superagent/1.4.0"
170.75.162.130 - - [25/Jan/2016:18:24:11 -0800] "GET /lib/reccapi.php?resort=telluride HTTP/1.1" 200 986 "-" "node-superagent/1.4.0"
199.30.25.222 - - [25/Jan/2016:18:26:55 -0800] "GET /scripts/scripts/vendor/modernizr.js HTTP/1.1" 200 4847 "http://www.whereshouldiski.com/" "Mozilla/5.0 (iPhone; CPU iPhone OS 7_0 like Mac OS X) AppleWebKit/537.51.1 (KHTML, like Gecko) Version/7.0 Mobile/11A465 Safari/9537.53 BingPreview/1.0b"
199.30.25.222 - - [25/Jan/2016:18:26:58 -0800] "GET /scripts/fa48e319.main.js HTTP/1.1" 200 123400 "http://www.whereshouldiski.com/" "Mozilla/5.0 (iPhone; CPU iPhone OS 7_0 like Mac OS X) AppleWebKit/537.51.1 (KHTML, like Gecko) Version/7.0 Mobile/11A465 Safari/9537.53 BingPreview/1.0b"
199.30.25.222 - - [25/Jan/2016:18:26:59 -0800] "GET /lib/reccapi.php?fields=t HTTP/1.1" 200 1922 "http://www.whereshouldiski.com/" "Mozilla/5.0 (iPhone; CPU iPhone OS 7_0 like Mac OS X) AppleWebKit/537.51.1 (KHTML, like Gecko) Version/7.0 Mobile/11A465 Safari/9537.53 BingPreview/1.0b"
146.114.64.198 - - [25/Jan/2016:18:29:45 -0800] "GET /images/wsis-logo-sm.png HTTP/1.1" 200 6108 "http://www.thebackcountry.net/" "Mozilla/5.0 (Windows NT 6.1; WOW64; rv:43.0) Gecko/20100101 Firefox/43.0"
180.76.15.156 - - [25/Jan/2016:18:31:41 -0800] "GET / HTTP/1.1" 200 6995 "-" "Mozilla/5.0 (compatible; Baiduspider/2.0; +http://www.baidu.com/search/spider.html)"
180.76.15.136 - - [25/Jan/2016:18:32:32 -0800] "GET / HTTP/1.1" 200 6995 "-" "Mozilla/5.0 (compatible; Baiduspider/2.0; +http://www.baidu.com/search/spider.html)"
24.121.30.52 - - [25/Jan/2016:18:34:15 -0800] "GET /images/wsis-logo-sm.png HTTP/1.1" 200 6108 "http://www.thebackcountry.net/" "Mozilla/5.0 (iPhone; CPU iPhone OS 9_2 like Mac OS X) AppleWebKit/601.1.46 (KHTML, like Gecko) Version/9.0 Mobile/13C75 Safari/601.1"
71.83.111.86 - - [25/Jan/2016:18:36:21 -0800] "GET /images/wsis-logo-sm.png HTTP/1.1" 200 6108 "http://www.thebackcountry.net/" "Mozilla/5.0 (Windows NT 10.0; WOW64) AppleWebKit/537.36 (KHTML, like Gecko) Chrome/47.0.2526.111 Safari/537.36"
170.75.162.130 - - [25/Jan/2016:18:48:24 -0800] "GET /lib/reccapi.php?resort=madriverglen HTTP/1.1" 200 977 "-" "node-superagent/1.4.0"
67.188.110.118 - - [25/Jan/2016:18:52:29 -0800] "GET /images/wsis-logo-sm.png HTTP/1.1" 200 6108 "http://www.thebackcountry.net/" "Mozilla/5.0 (Windows NT 6.1; WOW64) AppleWebKit/537.36 (KHTML, like Gecko) Chrome/47.0.2526.111 Safari/537.36"
52.33.40.213 - - [25/Jan/2016:19:01:44 -0800] "GET /lib/reccapi.php?resort=taos HTTP/1.1" 200 991 "-" "node-superagent/1.4.0"
170.75.162.130 - - [25/Jan/2016:19:02:36 -0800] "GET /lib/reccapi.php?resort=sugarloaf HTTP/1.1" 200 955 "-" "node-superagent/1.4.0"
170.75.162.130 - - [25/Jan/2016:19:02:36 -0800] "GET /lib/reccapi.php?resort=sundayriver HTTP/1.1" 200 966 "-" "node-superagent/1.4.0"
52.33.40.213 - - [25/Jan/2016:19:07:24 -0800] "GET /lib/reccapi.php?resort=telluride HTTP/1.1" 200 986 "-" "node-superagent/1.4.0"
170.75.162.130 - - [25/Jan/2016:19:10:57 -0800] "GET /lib/reccapi.php?resort=grandtarghee HTTP/1.1" 200 1033 "-" "node-superagent/1.4.0"
170.75.162.130 - - [25/Jan/2016:19:12:27 -0800] "GET /lib/reccapi.php?resort=northstar-at-tahoe HTTP/1.1" 200 967 "-" "node-superagent/1.4.0"
47.208.178.233 - - [25/Jan/2016:19:12:28 -0800] "GET /images/wsis-logo-sm.png HTTP/1.1" 200 6108 "http://www.thebackcountry.net/" "Mozilla/5.0 (iPad; CPU OS 9_2 like Mac OS X) AppleWebKit/601.1.46 (KHTML, like Gecko) Version/9.0 Mobile/13C75 Safari/601.1"
107.77.92.83 - - [25/Jan/2016:19:17:52 -0800] "GET /images/wsis-logo-sm.png HTTP/1.1" 200 6108 "http://thebackcountry.net/" "Mozilla/5.0 (iPhone; CPU iPhone OS 9_2_1 like Mac OS X) AppleWebKit/601.1.46 (KHTML, like Gecko) Version/9.0 Mobile/13D15 Safari/601.1"
170.75.162.130 - - [25/Jan/2016:19:32:59 -0800] "GET /lib/reccapi.php?resort=mounthoodmeadows HTTP/1.1" 200 997 "-" "node-superagent/1.4.0"
75.111.102.152 - - [25/Jan/2016:19:33:04 -0800] "GET /images/wsis-logo-sm.png HTTP/1.1" 200 6108 "http://www.thebackcountry.net/" "Mozilla/5.0 (Linux; Android 5.1.1; LGLS665 Build/LMY47V) AppleWebKit/537.36 (KHTML, like Gecko) Chrome/47.0.2526.83 Mobile Safari/537.36"
75.111.102.152 - - [25/Jan/2016:19:35:10 -0800] "-" 408 0 "-" "-"
75.111.102.152 - - [25/Jan/2016:19:35:11 -0800] "-" 408 0 "-" "-"
75.111.102.152 - - [25/Jan/2016:19:35:11 -0800] "-" 408 0 "-" "-"
75.111.108.5 - - [25/Jan/2016:19:35:41 -0800] "GET /images/wsis-logo-sm.png HTTP/1.1" 200 6108 "http://www.thebackcountry.net/" "Mozilla/5.0 (Windows NT 6.1; WOW64) AppleWebKit/537.36 (KHTML, like Gecko) Chrome/47.0.2526.106 Safari/537.36"
180.76.15.158 - - [25/Jan/2016:19:35:42 -0800] "GET / HTTP/1.1" 200 6995 "-" "Mozilla/5.0 (compatible; Baiduspider/2.0; +http://www.baidu.com/search/spider.html)"
170.75.162.130 - - [25/Jan/2016:19:36:20 -0800] "GET /lib/reccapi.php?resort=jaypeak HTTP/1.1" 200 1000 "-" "node-superagent/1.4.0"
180.76.15.136 - - [25/Jan/2016:19:36:42 -0800] "GET / HTTP/1.1" 200 6995 "-" "Mozilla/5.0 (compatible; Baiduspider/2.0; +http://www.baidu.com/search/spider.html)"
170.75.162.130 - - [25/Jan/2016:19:37:10 -0800] "GET /lib/reccapi.php?resort=squawvalleyusa HTTP/1.1" 200 981 "-" "node-superagent/1.4.0"
170.75.162.130 - - [25/Jan/2016:19:38:00 -0800] "GET /lib/reccapi.php?resort=heavenly HTTP/1.1" 200 987 "-" "node-superagent/1.4.0"
75.111.102.152 - - [25/Jan/2016:19:38:17 -0800] "-" 408 0 "-" "-"
75.111.102.152 - - [25/Jan/2016:19:38:17 -0800] "-" 408 0 "-" "-"
75.111.102.152 - - [25/Jan/2016:19:38:45 -0800] "-" 408 0 "-" "-"
75.111.102.152 - - [25/Jan/2016:19:38:46 -0800] "-" 408 0 "-" "-"
170.75.162.130 - - [25/Jan/2016:19:40:10 -0800] "GET /lib/reccapi.php?resort=diamondpeak HTTP/1.1" 200 939 "-" "node-superagent/1.4.0"
173.252.90.234 - - [25/Jan/2016:19:40:17 -0800] "GET /images/logo-square-white-sm.png HTTP/1.1" 200 1684 "-" "facebookexternalhit/1.1 (+http://www.facebook.com/externalhit_uatext.php)"
104.220.168.9 - - [25/Jan/2016:19:43:26 -0800] "GET /images/wsis-logo-sm.png HTTP/1.1" 200 6108 "http://www.thebackcountry.net/" "Mozilla/5.0 (Windows NT 6.1; WOW64) AppleWebKit/537.36 (KHTML, like Gecko) Chrome/47.0.2526.80 Safari/537.36"
52.33.40.213 - - [25/Jan/2016:19:53:47 -0800] "GET /lib/reccapi.php?resort=alta HTTP/1.1" 200 1014 "-" "node-superagent/1.4.0"
52.33.40.213 - - [25/Jan/2016:19:54:07 -0800] "GET /lib/reccapi.php?resort=alpinemeadows HTTP/1.1" 200 1004 "-" "node-superagent/1.4.0"
66.249.65.72 - - [25/Jan/2016:19:55:22 -0800] "GET /lib/reccapi.php?resort=mountbaker&date=2016-01-19 HTTP/1.1" 200 710 "http://whereshouldiski.com/" "Mozilla/5.0 (compatible; Googlebot/2.1; +http://www.google.com/bot.html)"
76.23.61.97 - - [25/Jan/2016:19:56:11 -0800] "GET /images/wsis-logo-sm.png HTTP/1.1" 200 6108 "http://www.thebackcountry.net/" "Mozilla/5.0 (Macintosh; Intel Mac OS X 10_10_5) AppleWebKit/537.36 (KHTML, like Gecko) Chrome/47.0.2526.111 Safari/537.36"
24.7.58.59 - - [25/Jan/2016:19:57:30 -0800] "GET /images/wsis-logo-sm.png HTTP/1.1" 200 6108 "http://www.thebackcountry.net/" "Mozilla/5.0 (Windows NT 10.0; WOW64) AppleWebKit/537.36 (KHTML, like Gecko) Chrome/47.0.2526.111 Safari/537.36"
170.75.162.130 - - [25/Jan/2016:20:06:33 -0800] "GET /lib/reccapi.php?resort=chinapeak HTTP/1.1" 200 1003 "-" "node-superagent/1.4.0"
170.75.162.130 - - [25/Jan/2016:20:07:03 -0800] "GET /lib/reccapi.php?resort=mammothmountain HTTP/1.1" 200 1007 "-" "node-superagent/1.4.0"
204.102.225.251 - - [25/Jan/2016:20:07:56 -0800] "GET /images/wsis-logo-sm.png HTTP/1.1" 200 6108 "http://www.thebackcountry.net/" "Mozilla/5.0 (Linux; U; Android 4.1.2; nb-no; GT-I8190 Build/JZO54K) AppleWebKit/534.30 (KHTML, like Gecko) Version/4.0 Mobile Safari/534.30"
170.75.162.130 - - [25/Jan/2016:20:08:13 -0800] "GET /lib/reccapi.php?resort=redmountain HTTP/1.1" 200 912 "-" "node-superagent/1.4.0"
75.25.140.168 - - [25/Jan/2016:20:09:14 -0800] "GET /images/wsis-logo-sm.png HTTP/1.1" 200 6108 "http://www.thebackcountry.net/" "Mozilla/5.0 (iPad; CPU OS 9_2 like Mac OS X) AppleWebKit/601.1.46 (KHTML, like Gecko) Version/9.0 Mobile/13C75 Safari/601.1"
66.249.65.66 - - [25/Jan/2016:20:10:53 -0800] "GET /resorts?resort=chinapeak HTTP/1.1" 404 506 "-" "Mozilla/5.0 (compatible; Googlebot/2.1; +http://www.google.com/bot.html)"
170.75.162.130 - - [25/Jan/2016:20:19:25 -0800] "GET /lib/reccapi.php?resort=stevenspass HTTP/1.1" 200 979 "-" "node-superagent/1.4.0"
66.249.65.69 - - [25/Jan/2016:20:25:18 -0800] "GET /lib/reccapi.php?resort=aspenmountain&date=2016-01-23 HTTP/1.1" 200 1012 "http://whereshouldiski.com/" "Mozilla/5.0 (compatible; Googlebot/2.1; +http://www.google.com/bot.html)"
66.249.65.69 - - [25/Jan/2016:20:25:19 -0800] "GET /lib/reccapi.php?fields=t&date=2016-01-23&coords=39.17%2C-106.8&size=7&sort=distance HTTP/1.1" 200 1324 "http://whereshouldiski.com/" "Mozilla/5.0 (compatible; Googlebot/2.1; +http://www.google.com/bot.html)"
66.249.65.66 - - [25/Jan/2016:20:25:19 -0800] "GET /lib/resortDataSearchD3.php?size=7&sortDate=T&resort=aspenmountain&dateStart=2016-01-21 HTTP/1.1" 200 873 "http://whereshouldiski.com/" "Mozilla/5.0 (compatible; Googlebot/2.1; +http://www.google.com/bot.html)"
50.155.167.187 - - [25/Jan/2016:20:25:50 -0800] "GET /images/wsis-logo-sm.png HTTP/1.1" 200 6108 "http://www.thebackcountry.net/" "Mozilla/5.0 (Macintosh; Intel Mac OS X 10_10_4) AppleWebKit/600.7.12 (KHTML, like Gecko) Version/8.0.7 Safari/600.7.12"
222.209.210.44 - - [25/Jan/2016:20:27:18 -0800] "GET / HTTP/1.0" 200 6995 "-" "Mozilla/5.0 (compatible; heritrix/3.1.1 +http://www.baidu.com)"
66.249.65.69 - - [25/Jan/2016:20:27:44 -0800] "GET /lib/reccapi.php?resort=alpinemeadows&date=2016-01-09 HTTP/1.1" 200 716 "http://whereshouldiski.com/" "Mozilla/5.0 (compatible; Googlebot/2.1; +http://www.google.com/bot.html)"
180.76.15.24 - - [25/Jan/2016:20:35:40 -0800] "GET / HTTP/1.1" 200 6995 "-" "Mozilla/5.0 (compatible; Baiduspider/2.0; +http://www.baidu.com/search/spider.html)"
180.76.15.25 - - [25/Jan/2016:20:36:39 -0800] "GET / HTTP/1.1" 200 6995 "-" "Mozilla/5.0 (compatible; Baiduspider/2.0; +http://www.baidu.com/search/spider.html)"
24.143.115.216 - - [25/Jan/2016:20:40:58 -0800] "GET /lib/reccapi.php?fields=t&powder=3&distance=100 HTTP/1.1" 200 350 "http://whereshouldiski.com/" "Mozilla/5.0 (Macintosh; Intel Mac OS X 10_10_5) AppleWebKit/600.8.9 (KHTML, like Gecko) WebClip/10601.4.2 Safari/10601.4.4"
23.114.206.239 - - [25/Jan/2016:20:41:50 -0800] "GET /images/wsis-logo-sm.png HTTP/1.1" 200 6108 "http://www.thebackcountry.net/" "Mozilla/5.0 (Windows NT 6.1; WOW64) AppleWebKit/537.36 (KHTML, like Gecko) Chrome/46.0.2490.86 Safari/537.36"
170.75.162.130 - - [25/Jan/2016:20:43:07 -0800] "GET /lib/reccapi.php?resort=taos HTTP/1.1" 200 991 "-" "node-superagent/1.4.0"
170.75.162.130 - - [25/Jan/2016:20:43:37 -0800] "GET /lib/reccapi.php?resort=crystalmountain HTTP/1.1" 200 987 "-" "node-superagent/1.4.0"
170.75.162.130 - - [25/Jan/2016:20:45:48 -0800] "GET /lib/reccapi.php?resort=aspenmountain HTTP/1.1" 200 993 "-" "node-superagent/1.4.0"
123.125.71.110 - - [25/Jan/2016:20:47:16 -0800] "GET /images/loading.gif HTTP/1.1" 200 13845 "-" "Baiduspider-image+(+http://www.baidu.com/search/spider.htm)"
75.111.102.130 - - [25/Jan/2016:20:47:41 -0800] "GET /images/wsis-logo-sm.png HTTP/1.1" 200 6108 "http://www.thebackcountry.net/" "Mozilla/5.0 (Windows NT 10.0; WOW64) AppleWebKit/537.36 (KHTML, like Gecko) Chrome/47.0.2526.106 Safari/537.36"
73.151.109.158 - - [25/Jan/2016:20:49:37 -0800] "GET /images/wsis-logo-sm.png HTTP/1.1" 200 6108 "http://www.thebackcountry.net/" "Mozilla/5.0 (iPhone; CPU iPhone OS 9_2 like Mac OS X) AppleWebKit/601.1.46 (KHTML, like Gecko) Version/9.0 Mobile/13C75 Safari/601.1"
66.249.65.69 - - [25/Jan/2016:20:53:02 -0800] "GET /lib/reccapi.php?resort=antelopebutte&date=2016-01-27 HTTP/1.1" 200 1007 "http://whereshouldiski.com/" "Mozilla/5.0 (compatible; Googlebot/2.1; +http://www.google.com/bot.html)"
66.249.65.66 - - [25/Jan/2016:20:53:03 -0800] "GET /lib/resortDataSearchD3.php?size=7&sortDate=T&resort=antelopebutte&dateStart=2016-01-25 HTTP/1.1" 200 786 "http://whereshouldiski.com/" "Mozilla/5.0 (compatible; Googlebot/2.1; +http://www.google.com/bot.html)"
66.249.65.66 - - [25/Jan/2016:20:53:04 -0800] "GET /lib/reccapi.php?fields=t&date=2016-01-27&coords=44.62%2C-107.51&size=7&sort=distance HTTP/1.1" 200 1362 "http://whereshouldiski.com/" "Mozilla/5.0 (compatible; Googlebot/2.1; +http://www.google.com/bot.html)"
24.176.181.15 - - [25/Jan/2016:20:56:03 -0800] "GET /images/wsis-logo-sm.png HTTP/1.1" 200 6108 "http://www.thebackcountry.net/" "Mozilla/5.0 (iPad; CPU OS 8_4_1 like Mac OS X) AppleWebKit/600.1.4 (KHTML, like Gecko) Version/8.0 Mobile/12H321 Safari/600.1.4"
24.205.211.212 - - [25/Jan/2016:20:58:53 -0800] "GET /images/wsis-logo-sm.png HTTP/1.1" 200 6108 "http://www.thebackcountry.net/" "Mozilla/5.0 (Macintosh; Intel Mac OS X 10_11_2) AppleWebKit/537.36 (KHTML, like Gecko) Chrome/47.0.2526.111 Safari/537.36"
170.75.162.130 - - [25/Jan/2016:20:59:20 -0800] "GET /lib/reccapi.php?resort=steamboat HTTP/1.1" 200 995 "-" "node-superagent/1.4.0"
170.75.162.130 - - [25/Jan/2016:20:59:20 -0800] "GET /lib/reccapi.php?resort=loveland HTTP/1.1" 200 1072 "-" "node-superagent/1.4.0"
170.75.162.130 - - [25/Jan/2016:20:59:20 -0800] "GET /lib/reccapi.php?resort=schweitzer HTTP/1.1" 200 973 "-" "node-superagent/1.4.0"
50.168.3.247 - - [25/Jan/2016:21:05:35 -0800] "GET /images/wsis-logo-sm.png HTTP/1.1" 200 6108 "http://www.thebackcountry.net/" "Mozilla/5.0 (Macintosh; Intel Mac OS X 10_9_5) AppleWebKit/600.8.9 (KHTML, like Gecko) Version/7.1.8 Safari/537.85.17"
52.33.40.213 - - [25/Jan/2016:21:07:10 -0800] "GET /lib/reccapi.php?resort=madriverglen HTTP/1.1" 200 977 "-" "node-superagent/1.4.0"
66.249.65.72 - - [25/Jan/2016:21:09:19 -0800] "GET /resorts?resort=squawvalleyusa HTTP/1.1" 404 506 "-" "Mozilla/5.0 (compatible; Googlebot/2.1; +http://www.google.com/bot.html)"
123.125.71.92 - - [25/Jan/2016:21:20:36 -0800] "GET / HTTP/1.1" 200 2578 "-" "Mozilla/5.0 (compatible; Baiduspider/2.0; +http://www.baidu.com/search/spider.html)"
96.38.176.205 - - [25/Jan/2016:21:23:18 -0800] "GET /images/wsis-logo-sm.png HTTP/1.1" 200 6108 "http://www.thebackcountry.net/" "Mozilla/5.0 (iPhone; CPU iPhone OS 9_2_1 like Mac OS X) AppleWebKit/601.1.46.60.1 (KHTML, like Gecko) Version/6.0 Mobile/10A523 Safari/8536.25"
75.208.235.158 - - [25/Jan/2016:21:23:43 -0800] "GET /images/wsis-logo-sm.png HTTP/1.1" 200 6108 "http://www.thebackcountry.net/" "Mozilla/5.0 (Windows NT 6.1; WOW64; rv:43.0) Gecko/20100101 Firefox/43.0"
50.174.16.92 - - [25/Jan/2016:21:25:21 -0800] "GET /images/wsis-logo-sm.png HTTP/1.1" 200 6108 "http://www.thebackcountry.net/" "Mozilla/5.0 (Windows NT 6.1; WOW64) AppleWebKit/537.36 (KHTML, like Gecko) Chrome/47.0.2526.111 Safari/537.36"
180.76.15.29 - - [25/Jan/2016:21:31:16 -0800] "GET / HTTP/1.1" 200 6995 "-" "Mozilla/5.0 (compatible; Baiduspider/2.0; +http://www.baidu.com/search/spider.html)"
180.76.15.11 - - [25/Jan/2016:21:32:04 -0800] "GET / HTTP/1.1" 200 6995 "-" "Mozilla/5.0 (compatible; Baiduspider/2.0; +http://www.baidu.com/search/spider.html)"
185.49.14.190 - - [25/Jan/2016:21:36:35 -0800] "GET http://testp5.mielno.lubin.pl/testproxy.php HTTP/1.1" 404 452 "-" "Mozilla/5.0 (Windows NT 5.1; rv:32.0) Gecko/20100101 Firefox/31.0"
24.22.162.109 - - [25/Jan/2016:21:41:11 -0800] "GET /resorts HTTP/1.1" 404 506 "-" "Mozilla/5.0 (Macintosh; Intel Mac OS X 10_10_5) AppleWebKit/601.3.9 (KHTML, like Gecko)"
24.22.162.109 - - [25/Jan/2016:21:41:11 -0800] "GET /favicon.ico HTTP/1.1" 200 4613 "-" "Safari/10601.3.9 CFNetwork/720.5.7 Darwin/14.5.0 (x86_64)"
24.22.162.109 - - [25/Jan/2016:21:41:11 -0800] "GET /apple-touch-icon-precomposed.png HTTP/1.1" 404 521 "-" "Safari/10601.3.9 CFNetwork/720.5.7 Darwin/14.5.0 (x86_64)"
24.22.162.109 - - [25/Jan/2016:21:41:11 -0800] "GET /apple-touch-icon.png HTTP/1.1" 404 512 "-" "Safari/10601.3.9 CFNetwork/720.5.7 Darwin/14.5.0 (x86_64)"
24.22.162.109 - - [25/Jan/2016:21:41:11 -0800] "GET /resorts HTTP/1.1" 404 505 "-" "Mozilla/5.0 (iPhone; CPU iPhone OS 9_1 like Mac OS X) AppleWebKit/601.1.46 (KHTML, like Gecko) Version/9.0 Mobile/13B143 Safari/601.1"
24.22.162.109 - - [25/Jan/2016:21:41:11 -0800] "GET /apple-touch-icon-precomposed.png HTTP/1.1" 404 520 "-" "Safari/10601.3.9 CFNetwork/720.5.7 Darwin/14.5.0 (x86_64)"
24.22.162.109 - - [25/Jan/2016:21:41:11 -0800] "GET /apple-touch-icon.png HTTP/1.1" 404 512 "-" "Safari/10601.3.9 CFNetwork/720.5.7 Darwin/14.5.0 (x86_64)"
99.95.160.72 - - [25/Jan/2016:21:44:28 -0800] "GET /images/wsis-logo-sm.png HTTP/1.1" 304 187 "http://www.thebackcountry.net/" "Mozilla/5.0 (Macintosh; Intel Mac OS X 10_11_2) AppleWebKit/601.3.9 (KHTML, like Gecko) Version/9.0.2 Safari/601.3.9"
107.77.106.107 - - [25/Jan/2016:21:47:56 -0800] "GET /images/wsis-logo-sm.png HTTP/1.1" 200 6108 "http://www.thebackcountry.net/" "Mozilla/5.0 (iPhone; CPU iPhone OS 9_2 like Mac OS X) AppleWebKit/601.1.46 (KHTML, like Gecko) Version/9.0 Mobile/13C75 Safari/601.1"
170.75.162.130 - - [25/Jan/2016:21:49:06 -0800] "GET /lib/reccapi.php?resort=snowmass HTTP/1.1" 200 976 "-" "node-superagent/1.4.0"
71.11.182.180 - - [25/Jan/2016:21:59:48 -0800] "GET /images/wsis-logo-sm.png HTTP/1.1" 200 6108 "http://www.thebackcountry.net/" "Mozilla/5.0 (Macintosh; Intel Mac OS X 10_11_1) AppleWebKit/537.36 (KHTML, like Gecko) Chrome/47.0.2526.106 Safari/537.36"
66.234.203.57 - - [25/Jan/2016:22:01:56 -0800] "GET /images/wsis-logo-sm.png HTTP/1.1" 200 6108 "http://www.thebackcountry.net/" "Mozilla/5.0 (Windows NT 6.0) AppleWebKit/537.36 (KHTML, like Gecko) Chrome/47.0.2526.111 Safari/537.36"
73.202.196.149 - - [25/Jan/2016:22:11:31 -0800] "GET /images/wsis-logo-sm.png HTTP/1.1" 200 6108 "http://www.thebackcountry.net/" "Mozilla/5.0 (Macintosh; Intel Mac OS X 10_11_2) AppleWebKit/601.3.9 (KHTML, like Gecko) Version/9.0.2 Safari/601.3.9"
67.174.214.39 - - [25/Jan/2016:22:18:14 -0800] "GET /images/wsis-logo-sm.png HTTP/1.1" 200 6108 "http://www.thebackcountry.net/" "Mozilla/5.0 (iPad; CPU OS 9_2_1 like Mac OS X) AppleWebKit/601.1.46 (KHTML, like Gecko) Version/9.0 Mobile/13D15 Safari/601.1"
107.77.92.85 - - [25/Jan/2016:22:20:37 -0800] "GET /images/wsis-logo-sm.png HTTP/1.1" 200 6108 "http://www.thebackcountry.net/" "Mozilla/5.0 (iPhone; CPU iPhone OS 9_1 like Mac OS X) AppleWebKit/601.1.46 (KHTML, like Gecko) Version/9.0 Mobile/13B143 Safari/601.1"
24.130.226.233 - - [25/Jan/2016:22:24:22 -0800] "GET /images/wsis-logo-sm.png HTTP/1.1" 200 6108 "http://www.thebackcountry.net/" "Mozilla/5.0 (Macintosh; Intel Mac OS X 10_11_3) AppleWebKit/601.4.4 (KHTML, like Gecko) Version/9.0.3 Safari/601.4.4"
67.170.216.51 - - [25/Jan/2016:22:24:26 -0800] "GET /images/wsis-logo-sm.png HTTP/1.1" 200 6108 "http://www.thebackcountry.net/" "Mozilla/5.0 (Windows NT 6.1; WOW64) AppleWebKit/537.36 (KHTML, like Gecko) Chrome/47.0.2526.111 Safari/537.36"
180.76.15.21 - - [25/Jan/2016:22:35:21 -0800] "GET / HTTP/1.1" 200 6995 "-" "Mozilla/5.0 (compatible; Baiduspider/2.0; +http://www.baidu.com/search/spider.html)"
170.75.162.130 - - [25/Jan/2016:22:35:21 -0800] "GET /lib/reccapi.php?resort=wildcatmountain HTTP/1.1" 200 962 "-" "node-superagent/1.4.0"
180.76.15.137 - - [25/Jan/2016:22:36:16 -0800] "GET / HTTP/1.1" 200 6995 "-" "Mozilla/5.0 (compatible; Baiduspider/2.0; +http://www.baidu.com/search/spider.html)"
123.125.71.77 - - [25/Jan/2016:22:40:50 -0800] "-" 408 0 "-" "-"
170.75.162.130 - - [25/Jan/2016:22:41:31 -0800] "GET /lib/reccapi.php?resort=alta HTTP/1.1" 200 1014 "-" "node-superagent/1.4.0"
170.75.162.130 - - [25/Jan/2016:22:41:31 -0800] "GET /lib/reccapi.php?resort=killington HTTP/1.1" 200 975 "-" "node-superagent/1.4.0"
173.252.90.104 - - [25/Jan/2016:22:44:36 -0800] "GET /images/logo.png HTTP/1.1" 200 33278 "-" "facebookexternalhit/1.1 (+http://www.facebook.com/externalhit_uatext.php)"
66.249.65.69 - - [25/Jan/2016:22:46:02 -0800] "GET /lib/reccapi.php?resort=antelopebutte&date=2016-01-25 HTTP/1.1" 200 1060 "http://whereshouldiski.com/" "Mozilla/5.0 (compatible; Googlebot/2.1; +http://www.google.com/bot.html)"
66.249.65.66 - - [25/Jan/2016:22:46:03 -0800] "GET /lib/reccapi.php?fields=t&date=2016-01-25&coords=44.62%2C-107.51&size=7&sort=distance HTTP/1.1" 200 1372 "http://whereshouldiski.com/" "Mozilla/5.0 (compatible; Googlebot/2.1; +http://www.google.com/bot.html)"
66.249.65.66 - - [25/Jan/2016:22:46:03 -0800] "GET /lib/resortDataSearchD3.php?size=7&sortDate=T&resort=antelopebutte&dateStart=2016-01-23 HTTP/1.1" 200 879 "http://whereshouldiski.com/" "Mozilla/5.0 (compatible; Googlebot/2.1; +http://www.google.com/bot.html)"
170.75.162.130 - - [25/Jan/2016:22:47:12 -0800] "GET /lib/reccapi.php?resort=49degreesnorth HTTP/1.1" 200 985 "-" "node-superagent/1.4.0"
170.75.162.130 - - [25/Jan/2016:22:47:12 -0800] "GET /lib/reccapi.php?resort=arapahoebasin HTTP/1.1" 200 1089 "-" "node-superagent/1.4.0"
170.75.162.130 - - [25/Jan/2016:22:47:12 -0800] "GET /lib/reccapi.php?resort=alpinemeadows HTTP/1.1" 200 1004 "-" "node-superagent/1.4.0"
170.75.162.130 - - [25/Jan/2016:22:47:12 -0800] "GET /lib/reccapi.php?resort=alyeska HTTP/1.1" 200 1002 "-" "node-superagent/1.4.0"
170.75.162.130 - - [25/Jan/2016:22:47:12 -0800] "GET /lib/reccapi.php?resort=angelfire HTTP/1.1" 200 995 "-" "node-superagent/1.4.0"
170.75.162.130 - - [25/Jan/2016:22:47:12 -0800] "GET /lib/reccapi.php?resort=aspenheights HTTP/1.1" 200 1006 "-" "node-superagent/1.4.0"
24.176.178.98 - - [25/Jan/2016:22:57:01 -0800] "GET /images/wsis-logo-sm.png HTTP/1.1" 200 6108 "http://www.thebackcountry.net/" "Mozilla/5.0 (Windows NT 6.1; WOW64) AppleWebKit/537.36 (KHTML, like Gecko) Chrome/47.0.2526.111 Safari/537.36"
52.33.40.213 - - [25/Jan/2016:22:58:35 -0800] "GET /lib/reccapi.php?resort=cannonmountain HTTP/1.1" 200 959 "-" "node-superagent/1.4.0"
67.164.73.238 - - [25/Jan/2016:23:02:21 -0800] "GET /images/wsis-logo-sm.png HTTP/1.1" 200 6108 "http://www.thebackcountry.net/" "Mozilla/5.0 (Macintosh; Intel Mac OS X 10_11_2) AppleWebKit/601.3.9 (KHTML, like Gecko) Version/9.0.2 Safari/601.3.9"
52.33.40.213 - - [25/Jan/2016:23:02:55 -0800] "GET /lib/reccapi.php?resort=northstar-at-tahoe HTTP/1.1" 200 967 "-" "node-superagent/1.4.0"
96.38.186.7 - - [25/Jan/2016:23:05:38 -0800] "GET /images/wsis-logo-sm.png HTTP/1.1" 200 6108 "http://www.thebackcountry.net/" "Mozilla/5.0 (iPhone; CPU iPhone OS 9_2_1 like Mac OS X) AppleWebKit/601.1.46 (KHTML, like Gecko) Version/9.0 Mobile/13D15 Safari/601.1"
68.183.197.159 - - [25/Jan/2016:23:11:22 -0800] "GET /images/wsis-logo-sm.png HTTP/1.1" 200 6108 "http://thebackcountry.net/" "Mozilla/5.0 (Macintosh; Intel Mac OS X 10.6; rv:43.0) Gecko/20100101 Firefox/43.0"
52.33.40.213 - - [25/Jan/2016:23:13:45 -0800] "GET /lib/reccapi.php?resort=crystalmountain HTTP/1.1" 200 987 "-" "node-superagent/1.4.0"
66.249.65.72 - - [25/Jan/2016:23:23:58 -0800] "GET /lib/reccapi.php?fields=t&date=2016-01-15 HTTP/1.1" 200 481 "http://whereshouldiski.com/" "Mozilla/5.0 (compatible; Googlebot/2.1; +http://www.google.com/bot.html)"
118.98.104.21 - - [25/Jan/2016:23:24:22 -0800] "GET /user/soapCaller.bs HTTP/1.1" 404 470 "-" "Morfeus Fucking Scanner"
52.33.40.213 - - [25/Jan/2016:23:30:16 -0800] "GET /lib/reccapi.php?resort=hoodoo HTTP/1.1" 200 965 "-" "node-superagent/1.4.0"
180.76.15.24 - - [25/Jan/2016:23:33:01 -0800] "GET / HTTP/1.1" 200 6995 "-" "Mozilla/5.0 (compatible; Baiduspider/2.0; +http://www.baidu.com/search/spider.html)"
180.76.15.141 - - [25/Jan/2016:23:33:57 -0800] "GET / HTTP/1.1" 200 6995 "-" "Mozilla/5.0 (compatible; Baiduspider/2.0; +http://www.baidu.com/search/spider.html)"
170.75.162.130 - - [25/Jan/2016:23:35:08 -0800] "GET /lib/reccapi.php?resort=mountainhigh HTTP/1.1" 200 997 "-" "node-superagent/1.4.0"
170.75.162.130 - - [25/Jan/2016:23:37:29 -0800] "GET /lib/reccapi.php?resort=squawvalleyusa HTTP/1.1" 200 981 "-" "node-superagent/1.4.0"
52.33.40.213 - - [25/Jan/2016:23:47:57 -0800] "GET /lib/reccapi.php?resort=bigwhite HTTP/1.1" 200 925 "-" "node-superagent/1.4.0"
52.33.40.213 - - [25/Jan/2016:23:47:57 -0800] "GET /lib/reccapi.php?resort=chinapeak HTTP/1.1" 200 1003 "-" "node-superagent/1.4.0"
52.33.40.213 - - [25/Jan/2016:23:47:57 -0800] "GET /lib/reccapi.php?resort=brianhead HTTP/1.1" 200 999 "-" "node-superagent/1.4.0"
52.33.40.213 - - [25/Jan/2016:23:47:57 -0800] "GET /lib/reccapi.php?resort=buttermilk HTTP/1.1" 200 979 "-" "node-superagent/1.4.0"
52.33.40.213 - - [25/Jan/2016:23:49:17 -0800] "GET /lib/reccapi.php?resort=devilshead HTTP/1.1" 200 1017 "-" "node-superagent/1.4.0"
52.33.40.213 - - [25/Jan/2016:23:49:17 -0800] "GET /lib/reccapi.php?resort=jaypeak HTTP/1.1" 200 1000 "-" "node-superagent/1.4.0"
52.33.40.213 - - [25/Jan/2016:23:49:17 -0800] "GET /lib/reccapi.php?resort=homewoodmountain HTTP/1.1" 200 997 "-" "node-superagent/1.4.0"
52.33.40.213 - - [25/Jan/2016:23:49:17 -0800] "GET /lib/reccapi.php?resort=diamondpeak HTTP/1.1" 200 939 "-" "node-superagent/1.4.0"
52.33.40.213 - - [25/Jan/2016:23:49:17 -0800] "GET /lib/reccapi.php?resort=crestedbutte HTTP/1.1" 200 1000 "-" "node-superagent/1.4.0"
52.33.40.213 - - [25/Jan/2016:23:49:47 -0800] "GET /lib/reccapi.php?resort=sugarbowl HTTP/1.1" 200 960 "-" "node-superagent/1.4.0"
52.33.40.213 - - [25/Jan/2016:23:49:57 -0800] "GET /lib/reccapi.php?resort=steamboat HTTP/1.1" 200 995 "-" "node-superagent/1.4.0"
52.33.40.213 - - [25/Jan/2016:23:49:57 -0800] "GET /lib/reccapi.php?resort=mtrose HTTP/1.1" 200 955 "-" "node-superagent/1.4.0"
52.33.40.213 - - [25/Jan/2016:23:49:57 -0800] "GET /lib/reccapi.php?resort=monarch HTTP/1.1" 200 1001 "-" "node-superagent/1.4.0"
52.33.40.213 - - [25/Jan/2016:23:49:57 -0800] "GET /lib/reccapi.php?resort=solitude HTTP/1.1" 200 995 "-" "node-superagent/1.4.0"
52.33.40.213 - - [25/Jan/2016:23:50:17 -0800] "GET /lib/reccapi.php?resort=sundayriver HTTP/1.1" 200 966 "-" "node-superagent/1.4.0"
52.33.40.213 - - [25/Jan/2016:23:50:17 -0800] "GET /lib/reccapi.php?resort=sunpeaksresort HTTP/1.1" 200 923 "-" "node-superagent/1.4.0"
52.33.40.213 - - [25/Jan/2016:23:50:47 -0800] "GET /lib/reccapi.php?resort=redlodge HTTP/1.1" 200 1014 "-" "node-superagent/1.4.0"
52.33.40.213 - - [25/Jan/2016:23:50:47 -0800] "GET /lib/reccapi.php?resort=mountainhigh HTTP/1.1" 200 997 "-" "node-superagent/1.4.0"
52.33.40.213 - - [25/Jan/2016:23:50:47 -0800] "GET /lib/reccapi.php?resort=loveland HTTP/1.1" 200 1072 "-" "node-superagent/1.4.0"
52.33.40.213 - - [25/Jan/2016:23:50:47 -0800] "GET /lib/reccapi.php?resort=redmountain HTTP/1.1" 200 912 "-" "node-superagent/1.4.0"
52.33.40.213 - - [25/Jan/2016:23:50:57 -0800] "GET /lib/reccapi.php?resort=whitefacemountain HTTP/1.1" 200 963 "-" "node-superagent/1.4.0"
52.33.40.213 - - [25/Jan/2016:23:50:57 -0800] "GET /lib/reccapi.php?resort=winterpark HTTP/1.1" 200 1050 "-" "node-superagent/1.4.0"
52.33.40.213 - - [25/Jan/2016:23:50:57 -0800] "GET /lib/reccapi.php?resort=wildcatmountain HTTP/1.1" 200 962 "-" "node-superagent/1.4.0"
52.33.40.213 - - [25/Jan/2016:23:50:57 -0800] "GET /lib/reccapi.php?resort=sierra-at-tahoe HTTP/1.1" 200 997 "-" "node-superagent/1.4.0"
52.33.40.213 - - [25/Jan/2016:23:51:47 -0800] "GET /lib/reccapi.php?resort=silverstarmountain HTTP/1.1" 200 932 "-" "node-superagent/1.4.0"
52.33.40.213 - - [25/Jan/2016:23:51:47 -0800] "GET /lib/reccapi.php?resort=snowbasin HTTP/1.1" 200 971 "-" "node-superagent/1.4.0"
170.75.162.130 - - [25/Jan/2016:23:52:50 -0800] "GET /lib/reccapi.php?resort=mountbachelor HTTP/1.1" 200 994 "-" "node-superagent/1.4.0"
170.75.162.130 - - [25/Jan/2016:23:54:00 -0800] "GET /lib/reccapi.php?resort=mountspokane HTTP/1.1" 200 978 "-" "node-superagent/1.4.0"
170.75.162.130 - - [25/Jan/2016:23:55:40 -0800] "GET /lib/reccapi.php?resort=redlodge HTTP/1.1" 200 1014 "-" "node-superagent/1.4.0"
173.8.165.46 - - [25/Jan/2016:23:56:43 -0800] "GET /images/wsis-logo-sm.png HTTP/1.1" 304 187 "-" "Mozilla/5.0 (Linux; Android 5.1.1; SM-G920P Build/LMY47X) AppleWebKit/537.36 (KHTML, like Gecko) Chrome/50.0.2627.0 Mobile Safari/537.36"
52.33.40.213 - - [26/Jan/2016:00:10:08 -0800] "GET /lib/reccapi.php?resort=coppermountain HTTP/1.1" 200 1013 "-" "node-superagent/1.4.0"
52.33.40.213 - - [26/Jan/2016:00:10:38 -0800] "GET /lib/reccapi.php?resort=deervalley HTTP/1.1" 200 1028 "-" "node-superagent/1.4.0"
128.12.226.48 - - [26/Jan/2016:00:12:13 -0800] "GET /images/wsis-logo-sm.png HTTP/1.1" 200 6108 "http://www.thebackcountry.net/" "Mozilla/5.0 (Windows NT 6.1; WOW64; rv:43.0) Gecko/20100101 Firefox/43.0"
170.75.162.130 - - [26/Jan/2016:00:13:42 -0800] "GET /lib/reccapi.php?resort=mammothmountain HTTP/1.1" 200 984 "-" "node-superagent/1.4.0"
66.249.65.72 - - [26/Jan/2016:00:14:47 -0800] "GET / HTTP/1.1" 200 2615 "-" "SAMSUNG-SGH-E250/1.0 Profile/MIDP-2.0 Configuration/CLDC-1.1 UP.Browser/6.2.3.3.c.1.101 (GUI) MMP/2.0 (compatible; Googlebot-Mobile/2.1; +http://www.google.com/bot.html)"
170.75.162.130 - - [26/Jan/2016:00:22:54 -0800] "GET /lib/reccapi.php?resort=bigwhite HTTP/1.1" 200 923 "-" "node-superagent/1.4.0"
170.75.162.130 - - [26/Jan/2016:00:22:54 -0800] "GET /lib/reccapi.php?resort=silverstarmountain HTTP/1.1" 200 935 "-" "node-superagent/1.4.0"
170.75.162.130 - - [26/Jan/2016:00:22:54 -0800] "GET /lib/reccapi.php?resort=whistlerblackcomb HTTP/1.1" 200 937 "-" "node-superagent/1.4.0"
66.249.65.66 - - [26/Jan/2016:00:29:58 -0800] "GET /styles/ee08faa9.main.css HTTP/1.1" 200 19447 "-" "Mozilla/5.0 (compatible; Googlebot/2.1; +http://www.google.com/bot.html)"
66.249.65.66 - - [26/Jan/2016:00:29:59 -0800] "GET /lib/reccapi.php?resort=parkcity&date=2016-01-23 HTTP/1.1" 200 1093 "http://whereshouldiski.com/" "Mozilla/5.0 (compatible; Googlebot/2.1; +http://www.google.com/bot.html)"
66.249.65.66 - - [26/Jan/2016:00:30:00 -0800] "GET /lib/resortDataSearchD3.php?size=7&sortDate=T&resort=parkcity&dateStart=2016-01-21 HTTP/1.1" 200 890 "http://whereshouldiski.com/" "Mozilla/5.0 (compatible; Googlebot/2.1; +http://www.google.com/bot.html)"
66.249.65.66 - - [26/Jan/2016:00:30:01 -0800] "GET /lib/reccapi.php?fields=t&date=2016-01-23&coords=40.63%2C-111.5&size=7&sort=distance HTTP/1.1" 200 1310 "http://whereshouldiski.com/" "Mozilla/5.0 (compatible; Googlebot/2.1; +http://www.google.com/bot.html)"
52.33.40.213 - - [26/Jan/2016:00:30:39 -0800] "GET /lib/reccapi.php?resort=angelfire HTTP/1.1" 200 1024 "-" "node-superagent/1.4.0"
170.75.162.130 - - [26/Jan/2016:00:30:54 -0800] "GET /lib/reccapi.php?resort=jacksonhole HTTP/1.1" 200 1022 "-" "node-superagent/1.4.0"
180.76.15.156 - - [26/Jan/2016:00:32:07 -0800] "GET / HTTP/1.1" 200 6995 "-" "Mozilla/5.0 (compatible; Baiduspider/2.0; +http://www.baidu.com/search/spider.html)"
180.76.15.19 - - [26/Jan/2016:00:32:57 -0800] "GET / HTTP/1.1" 200 6995 "-" "Mozilla/5.0 (compatible; Baiduspider/2.0; +http://www.baidu.com/search/spider.html)"
52.33.40.213 - - [26/Jan/2016:00:33:19 -0800] "GET /lib/reccapi.php?resort=brighton HTTP/1.1" 200 982 "-" "node-superagent/1.4.0"
72.132.162.103 - - [26/Jan/2016:00:33:22 -0800] "GET / HTTP/1.1" 200 2615 "http://www.earnyourturns.com/17286/technique-use-a-boot-horn-for-cold-boots/" "Mozilla/5.0 (Windows NT 10.0; WOW64) AppleWebKit/537.36 (KHTML, like Gecko) Chrome/47.0.2526.111 Safari/537.36"
72.132.162.103 - - [26/Jan/2016:00:33:22 -0800] "GET /styles/ee08faa9.main.css HTTP/1.1" 200 19446 "http://whereshouldiski.com/" "Mozilla/5.0 (Windows NT 10.0; WOW64) AppleWebKit/537.36 (KHTML, like Gecko) Chrome/47.0.2526.111 Safari/537.36"
72.132.162.103 - - [26/Jan/2016:00:33:22 -0800] "GET /bower_components/requirejs/require.js HTTP/1.1" 200 6702 "http://whereshouldiski.com/" "Mozilla/5.0 (Windows NT 10.0; WOW64) AppleWebKit/537.36 (KHTML, like Gecko) Chrome/47.0.2526.111 Safari/537.36"
72.132.162.103 - - [26/Jan/2016:00:33:22 -0800] "GET /scripts/scripts/vendor/modernizr.js HTTP/1.1" 200 4903 "http://whereshouldiski.com/" "Mozilla/5.0 (Windows NT 10.0; WOW64) AppleWebKit/537.36 (KHTML, like Gecko) Chrome/47.0.2526.111 Safari/537.36"
72.132.162.103 - - [26/Jan/2016:00:33:22 -0800] "GET /images/logo-square-white-sm.png HTTP/1.1" 200 1684 "http://whereshouldiski.com/" "Mozilla/5.0 (Windows NT 10.0; WOW64) AppleWebKit/537.36 (KHTML, like Gecko) Chrome/47.0.2526.111 Safari/537.36"
72.132.162.103 - - [26/Jan/2016:00:33:22 -0800] "GET /images/loading.gif HTTP/1.1" 200 13881 "http://whereshouldiski.com/" "Mozilla/5.0 (Windows NT 10.0; WOW64) AppleWebKit/537.36 (KHTML, like Gecko) Chrome/47.0.2526.111 Safari/537.36"
72.132.162.103 - - [26/Jan/2016:00:33:22 -0800] "GET /scripts/fa48e319.main.js HTTP/1.1" 200 123455 "http://whereshouldiski.com/" "Mozilla/5.0 (Windows NT 10.0; WOW64) AppleWebKit/537.36 (KHTML, like Gecko) Chrome/47.0.2526.111 Safari/537.36"
72.132.162.103 - - [26/Jan/2016:00:33:23 -0800] "GET /images/button.png HTTP/1.1" 200 598 "http://whereshouldiski.com/styles/ee08faa9.main.css" "Mozilla/5.0 (Windows NT 10.0; WOW64) AppleWebKit/537.36 (KHTML, like Gecko) Chrome/47.0.2526.111 Safari/537.36"
72.132.162.103 - - [26/Jan/2016:00:33:23 -0800] "GET /images/greyHeader.png HTTP/1.1" 200 508 "http://whereshouldiski.com/styles/ee08faa9.main.css" "Mozilla/5.0 (Windows NT 10.0; WOW64) AppleWebKit/537.36 (KHTML, like Gecko) Chrome/47.0.2526.111 Safari/537.36"
72.132.162.103 - - [26/Jan/2016:00:33:23 -0800] "GET /lib/reccapi.php?fields=t HTTP/1.1" 200 1799 "http://whereshouldiski.com/" "Mozilla/5.0 (Windows NT 10.0; WOW64) AppleWebKit/537.36 (KHTML, like Gecko) Chrome/47.0.2526.111 Safari/537.36"
72.132.162.103 - - [26/Jan/2016:00:33:23 -0800] "GET /favicon.ico HTTP/1.1" 200 4612 "http://whereshouldiski.com/" "Mozilla/5.0 (Windows NT 10.0; WOW64) AppleWebKit/537.36 (KHTML, like Gecko) Chrome/47.0.2526.111 Safari/537.36"
72.132.162.103 - - [26/Jan/2016:00:33:23 -0800] "GET /images/snowflake5.png HTTP/1.1" 200 2857 "http://whereshouldiski.com/styles/ee08faa9.main.css" "Mozilla/5.0 (Windows NT 10.0; WOW64) AppleWebKit/537.36 (KHTML, like Gecko) Chrome/47.0.2526.111 Safari/537.36"
72.132.162.103 - - [26/Jan/2016:00:33:23 -0800] "GET /images/bluebird5.png HTTP/1.1" 200 2177 "http://whereshouldiski.com/styles/ee08faa9.main.css" "Mozilla/5.0 (Windows NT 10.0; WOW64) AppleWebKit/537.36 (KHTML, like Gecko) Chrome/47.0.2526.111 Safari/537.36"
72.132.162.103 - - [26/Jan/2016:00:33:23 -0800] "GET /images/star5.png HTTP/1.1" 200 1783 "http://whereshouldiski.com/styles/ee08faa9.main.css" "Mozilla/5.0 (Windows NT 10.0; WOW64) AppleWebKit/537.36 (KHTML, like Gecko) Chrome/47.0.2526.111 Safari/537.36"
72.132.162.103 - - [26/Jan/2016:00:33:23 -0800] "GET /images/mtns-icon.png HTTP/1.1" 200 1096 "http://whereshouldiski.com/styles/ee08faa9.main.css" "Mozilla/5.0 (Windows NT 10.0; WOW64) AppleWebKit/537.36 (KHTML, like Gecko) Chrome/47.0.2526.111 Safari/537.36"
72.132.162.103 - - [26/Jan/2016:00:33:23 -0800] "GET /images/shading-icon.png HTTP/1.1" 200 536 "http://whereshouldiski.com/styles/ee08faa9.main.css" "Mozilla/5.0 (Windows NT 10.0; WOW64) AppleWebKit/537.36 (KHTML, like Gecko) Chrome/47.0.2526.111 Safari/537.36"
72.132.162.103 - - [26/Jan/2016:00:33:51 -0800] "GET /lib/reccapi.php?fields=t&region=Southwest HTTP/1.1" 200 1280 "http://whereshouldiski.com/" "Mozilla/5.0 (Windows NT 10.0; WOW64) AppleWebKit/537.36 (KHTML, like Gecko) Chrome/47.0.2526.111 Safari/537.36"
72.132.162.103 - - [26/Jan/2016:00:33:51 -0800] "GET /images/greenHeader.png HTTP/1.1" 200 508 "http://whereshouldiski.com/styles/ee08faa9.main.css" "Mozilla/5.0 (Windows NT 10.0; WOW64) AppleWebKit/537.36 (KHTML, like Gecko) Chrome/47.0.2526.111 Safari/537.36"
72.132.162.103 - - [26/Jan/2016:00:34:05 -0800] "GET /lib/reccapi.php?fields=t&region=Southwest&state=NM HTTP/1.1" 200 1280 "http://whereshouldiski.com/" "Mozilla/5.0 (Windows NT 10.0; WOW64) AppleWebKit/537.36 (KHTML, like Gecko) Chrome/47.0.2526.111 Safari/537.36"
72.132.162.103 - - [26/Jan/2016:00:34:08 -0800] "GET /lib/reccapi.php?fields=t&region=Southwest HTTP/1.1" 200 1279 "http://whereshouldiski.com/" "Mozilla/5.0 (Windows NT 10.0; WOW64) AppleWebKit/537.36 (KHTML, like Gecko) Chrome/47.0.2526.111 Safari/537.36"
72.132.162.103 - - [26/Jan/2016:00:34:11 -0800] "GET /lib/reccapi.php?fields=t HTTP/1.1" 200 1799 "http://whereshouldiski.com/" "Mozilla/5.0 (Windows NT 10.0; WOW64) AppleWebKit/537.36 (KHTML, like Gecko) Chrome/47.0.2526.111 Safari/537.36"
127.0.0.1 - - [26/Jan/2016:00:34:19 -0800] "OPTIONS * HTTP/1.0" 200 126 "-" "Apache/2.2.22 (Ubuntu) (internal dummy connection)"
72.132.162.103 - - [26/Jan/2016:00:34:25 -0800] "GET /lib/reccapi.php?fields=t&state=CA HTTP/1.1" 200 1309 "http://whereshouldiski.com/" "Mozilla/5.0 (Windows NT 10.0; WOW64) AppleWebKit/537.36 (KHTML, like Gecko) Chrome/47.0.2526.111 Safari/537.36"
170.75.162.130 - - [26/Jan/2016:00:39:05 -0800] "GET /lib/reccapi.php?resort=sunvalley HTTP/1.1" 200 1017 "-" "node-superagent/1.4.0"
151.80.241.104 - - [26/Jan/2016:00:48:21 -0800] "GET /CFIDE/administrator/ HTTP/1.1" 404 526 "-" "-"
66.249.65.78 - - [26/Jan/2016:00:52:48 -0800] "GET /lib/reccapi.php?resort=alpenglow&date=2016-01-28 HTTP/1.1" 200 1008 "http://whereshouldiski.com/" "Mozilla/5.0 (compatible; Googlebot/2.1; +http://www.google.com/bot.html)"
66.249.65.75 - - [26/Jan/2016:00:52:52 -0800] "GET /lib/resortDataSearchD3.php?size=7&sortDate=T&resort=alpenglow&dateStart=2016-01-26 HTTP/1.1" 200 705 "http://whereshouldiski.com/" "Mozilla/5.0 (compatible; Googlebot/2.1; +http://www.google.com/bot.html)"
66.249.65.75 - - [26/Jan/2016:00:52:52 -0800] "GET /lib/reccapi.php?fields=t&date=2016-01-28&coords=61.24%2C-149.5&size=7&sort=distance HTTP/1.1" 200 1341 "http://whereshouldiski.com/" "Mozilla/5.0 (compatible; Googlebot/2.1; +http://www.google.com/bot.html)"
66.249.65.75 - - [26/Jan/2016:00:55:05 -0800] "GET /lib/reccapi.php?resort=peaknpeak&date=2016-01-13 HTTP/1.1" 200 693 "http://whereshouldiski.com/" "Mozilla/5.0 (compatible; Googlebot/2.1; +http://www.google.com/bot.html)"
170.75.162.130 - - [26/Jan/2016:00:57:57 -0800] "GET /lib/reccapi.php?resort=sugarbush HTTP/1.1" 200 1077 "-" "node-superagent/1.4.0"
66.249.65.78 - - [26/Jan/2016:00:58:43 -0800] "GET /lib/reccapi.php?resort=porcupine&date=2016-01-10 HTTP/1.1" 200 686 "http://whereshouldiski.com/" "Mozilla/5.0 (compatible; Googlebot/2.1; +http://www.google.com/bot.html)"
52.33.40.213 - - [26/Jan/2016:00:59:20 -0800] "GET /lib/reccapi.php?resort=aspenheights HTTP/1.1" 200 1039 "-" "node-superagent/1.4.0"
52.33.40.213 - - [26/Jan/2016:00:59:20 -0800] "GET /lib/reccapi.php?resort=taos HTTP/1.1" 200 983 "-" "node-superagent/1.4.0"
52.33.40.213 - - [26/Jan/2016:00:59:20 -0800] "GET /lib/reccapi.php?resort=snowbird HTTP/1.1" 200 960 "-" "node-superagent/1.4.0"
52.33.40.213 - - [26/Jan/2016:00:59:20 -0800] "GET /lib/reccapi.php?resort=alta HTTP/1.1" 200 978 "-" "node-superagent/1.4.0"
170.75.162.130 - - [26/Jan/2016:01:04:18 -0800] "GET /lib/reccapi.php?resort=stowe HTTP/1.1" 200 1049 "-" "node-superagent/1.4.0"
180.76.15.141 - - [26/Jan/2016:01:33:00 -0800] "GET / HTTP/1.1" 200 6995 "-" "Mozilla/5.0 (compatible; Baiduspider/2.0; +http://www.baidu.com/search/spider.html)"
180.76.15.15 - - [26/Jan/2016:01:33:51 -0800] "GET / HTTP/1.1" 200 6995 "-" "Mozilla/5.0 (compatible; Baiduspider/2.0; +http://www.baidu.com/search/spider.html)"
123.125.71.17 - - [26/Jan/2016:01:38:47 -0800] "GET / HTTP/1.1" 200 2578 "-" "Mozilla/5.0 (Windows NT 5.1; rv:6.0.2) Gecko/20100101 Firefox/6.0.2"
123.125.71.39 - - [26/Jan/2016:01:38:47 -0800] "GET / HTTP/1.1" 200 6995 "-" "Mozilla/5.0 (Windows NT 5.1; rv:6.0.2) Gecko/20100101 Firefox/6.0.2"
198.74.118.66 - - [26/Jan/2016:01:45:34 -0800] "GET /images/wsis-logo-sm.png HTTP/1.1" 200 6108 "http://www.thebackcountry.net/" "Mozilla/5.0 (Windows NT 6.1; WOW64) AppleWebKit/537.36 (KHTML, like Gecko) Chrome/31.0.1650.63 Safari/537.36"
66.249.65.69 - - [26/Jan/2016:01:49:46 -0800] "GET /lib/reccapi.php?resort=porcupine&date=2016-01-11 HTTP/1.1" 200 688 "http://whereshouldiski.com/" "Mozilla/5.0 (compatible; Googlebot/2.1; +http://www.google.com/bot.html)"
66.249.65.72 - - [26/Jan/2016:02:02:57 -0800] "GET /lib/reccapi.php?resort=monarch&date=2016-01-23 HTTP/1.1" 200 993 "http://whereshouldiski.com/" "Mozilla/5.0 (compatible; Googlebot/2.1; +http://www.google.com/bot.html)"
66.249.65.66 - - [26/Jan/2016:02:02:58 -0800] "GET /lib/resortDataSearchD3.php?size=7&sortDate=T&resort=monarch&dateStart=2016-01-21 HTTP/1.1" 200 860 "http://whereshouldiski.com/" "Mozilla/5.0 (compatible; Googlebot/2.1; +http://www.google.com/bot.html)"
66.249.65.66 - - [26/Jan/2016:02:02:58 -0800] "GET /lib/reccapi.php?fields=t&date=2016-01-23&coords=38.51%2C-106.35&size=7&sort=distance HTTP/1.1" 200 1329 "http://whereshouldiski.com/" "Mozilla/5.0 (compatible; Googlebot/2.1; +http://www.google.com/bot.html)"
170.75.162.130 - - [26/Jan/2016:02:24:19 -0800] "GET /lib/reccapi.php?resort=cannonmountain HTTP/1.1" 200 1058 "-" "node-superagent/1.4.0"
170.75.162.130 - - [26/Jan/2016:02:24:29 -0800] "GET /lib/reccapi.php?resort=diamondpeak HTTP/1.1" 200 945 "-" "node-superagent/1.4.0"
170.75.162.130 - - [26/Jan/2016:02:27:09 -0800] "GET /lib/reccapi.php?resort=jaypeak HTTP/1.1" 200 1122 "-" "node-superagent/1.4.0"
170.75.162.130 - - [26/Jan/2016:02:31:26 -0800] "GET /lib/reccapi.php?resort=brianhead HTTP/1.1" 200 1013 "-" "node-superagent/1.4.0"
123.125.71.116 - - [26/Jan/2016:02:40:30 -0800] "-" 408 0 "-" "-"
74.91.28.62 - - [26/Jan/2016:02:49:00 -0800] "GET / HTTP/1.1" 200 6976 "-" "Mozilla/4.0 (compatible; MSIE 8.0; Windows NT 6.1; Trident/4.0; SLCC2; .NET CLR 2.0.50727; .NET CLR 3.5.30729; .NET CLR 3.0.30729; Media Center PC 6.0)"
52.33.40.213 - - [26/Jan/2016:02:52:15 -0800] "GET /lib/reccapi.php?resort=mounthoodmeadows HTTP/1.1" 200 1081 "-" "node-superagent/1.4.0"
52.33.40.213 - - [26/Jan/2016:02:52:15 -0800] "GET /lib/reccapi.php?resort=mountspokane HTTP/1.1" 200 1048 "-" "node-superagent/1.4.0"
52.33.40.213 - - [26/Jan/2016:02:52:15 -0800] "GET /lib/reccapi.php?resort=mountbachelor HTTP/1.1" 200 1077 "-" "node-superagent/1.4.0"
52.33.40.213 - - [26/Jan/2016:02:53:15 -0800] "GET /lib/reccapi.php?resort=schweitzer HTTP/1.1" 200 1044 "-" "node-superagent/1.4.0"
52.33.40.213 - - [26/Jan/2016:02:53:25 -0800] "GET /lib/reccapi.php?resort=stevenspass HTTP/1.1" 200 1024 "-" "node-superagent/1.4.0"
170.75.162.130 - - [26/Jan/2016:02:53:39 -0800] "GET /lib/reccapi.php?resort=wildcatmountain HTTP/1.1" 200 1039 "-" "node-superagent/1.4.0"
52.33.40.213 - - [26/Jan/2016:02:54:35 -0800] "GET /lib/reccapi.php?resort=sunvalley HTTP/1.1" 200 1017 "-" "node-superagent/1.4.0"
170.75.162.130 - - [26/Jan/2016:03:12:41 -0800] "GET /lib/reccapi.php?resort=whitefacemountain HTTP/1.1" 200 1088 "-" "node-superagent/1.4.0"
170.75.162.130 - - [26/Jan/2016:03:14:11 -0800] "GET /lib/reccapi.php?resort=homewoodmountain HTTP/1.1" 200 987 "-" "node-superagent/1.4.0"
170.75.162.130 - - [26/Jan/2016:03:17:02 -0800] "GET /lib/reccapi.php?resort=solitude HTTP/1.1" 200 996 "-" "node-superagent/1.4.0"
170.75.162.130 - - [26/Jan/2016:03:22:52 -0800] "GET /lib/reccapi.php?resort=devilshead HTTP/1.1" 200 1006 "-" "node-superagent/1.4.0"
170.75.162.130 - - [26/Jan/2016:03:26:53 -0800] "GET /lib/reccapi.php?resort=parkcity HTTP/1.1" 200 1018 "-" "node-superagent/1.4.0"
170.75.162.130 - - [26/Jan/2016:03:26:53 -0800] "GET /lib/reccapi.php?resort=keystone HTTP/1.1" 200 1012 "-" "node-superagent/1.4.0"
170.75.162.130 - - [26/Jan/2016:03:29:33 -0800] "GET /lib/reccapi.php?resort=deervalley HTTP/1.1" 200 1028 "-" "node-superagent/1.4.0"
180.76.15.134 - - [26/Jan/2016:03:33:23 -0800] "GET / HTTP/1.1" 200 6995 "-" "Mozilla/5.0 (compatible; Baiduspider/2.0; +http://www.baidu.com/search/spider.html)"
180.153.206.20 - - [26/Jan/2016:03:34:00 -0800] "GET / HTTP/1.1" 200 6995 "-" "Mozilla/5.0 (Linux; U; Android 4.4.2; zh-cn; GT-I9500 Build/KOT49H) AppleWebKit/537.36 (KHTML, like Gecko)Version/4.0 MQQBrowser/5.0 QQ-URL-Manager Mobile Safari/537.36"
180.76.15.141 - - [26/Jan/2016:03:34:21 -0800] "GET / HTTP/1.1" 200 6995 "-" "Mozilla/5.0 (compatible; Baiduspider/2.0; +http://www.baidu.com/search/spider.html)"
170.75.162.130 - - [26/Jan/2016:03:36:54 -0800] "GET /lib/reccapi.php?resort=sierra-at-tahoe HTTP/1.1" 200 992 "-" "node-superagent/1.4.0"
170.75.162.130 - - [26/Jan/2016:03:43:05 -0800] "GET /lib/reccapi.php?resort=aspenheights HTTP/1.1" 200 1039 "-" "node-superagent/1.4.0"
