75.111.104.226 - - [15/Sep/2015:17:25:59 -0700] "-" 408 0 "-" "-"
170.75.162.130 - - [15/Sep/2015:17:35:25 -0700] "GET /lib/reccapi.php?resort=mounthoodmeadows HTTP/1.1" 200 983 "-" "node-superagent/0.18.2"
180.76.15.23 - - [15/Sep/2015:17:40:59 -0700] "GET / HTTP/1.1" 200 6114 "-" "Mozilla/5.0 (compatible; Baiduspider/2.0; +http://www.baidu.com/search/spider.html)"
180.76.15.135 - - [15/Sep/2015:17:41:30 -0700] "GET / HTTP/1.1" 200 6114 "-" "Mozilla/5.0 (compatible; Baiduspider/2.0; +http://www.baidu.com/search/spider.html)"
170.75.162.130 - - [15/Sep/2015:17:58:27 -0700] "GET /lib/reccapi.php?resort=whistlerblackcomb HTTP/1.1" 200 927 "-" "node-superagent/0.18.2"
170.75.162.130 - - [15/Sep/2015:17:59:17 -0700] "GET /lib/reccapi.php?resort=coppermountain HTTP/1.1" 200 1036 "-" "node-superagent/0.18.2"
170.75.162.130 - - [15/Sep/2015:17:59:17 -0700] "GET /lib/reccapi.php?resort=loveland HTTP/1.1" 200 1041 "-" "node-superagent/0.18.2"
170.75.162.130 - - [15/Sep/2015:17:59:17 -0700] "GET /lib/reccapi.php?resort=buttermilk HTTP/1.1" 200 999 "-" "node-superagent/0.18.2"
170.75.162.130 - - [15/Sep/2015:17:59:17 -0700] "GET /lib/reccapi.php?resort=monarch HTTP/1.1" 200 1003 "-" "node-superagent/0.18.2"
170.75.162.130 - - [15/Sep/2015:17:59:17 -0700] "GET /lib/reccapi.php?resort=snowmass HTTP/1.1" 200 996 "-" "node-superagent/0.18.2"
170.75.162.130 - - [15/Sep/2015:17:59:17 -0700] "GET /lib/reccapi.php?resort=steamboat HTTP/1.1" 200 1011 "-" "node-superagent/0.18.2"
170.75.162.130 - - [15/Sep/2015:17:59:17 -0700] "GET /lib/reccapi.php?resort=keystone HTTP/1.1" 200 1036 "-" "node-superagent/0.18.2"
170.75.162.130 - - [15/Sep/2015:17:59:17 -0700] "GET /lib/reccapi.php?resort=winterpark HTTP/1.1" 200 1052 "-" "node-superagent/0.18.2"
170.75.162.130 - - [15/Sep/2015:17:59:17 -0700] "GET /lib/reccapi.php?resort=telluride HTTP/1.1" 200 1011 "-" "node-superagent/0.18.2"
69.230.111.127 - - [15/Sep/2015:18:07:22 -0700] "GET /images/wsis-logo-sm.png HTTP/1.1" 200 6108 "http://www.thebackcountry.net/" "Mozilla/5.0 (Macintosh; Intel Mac OS X 10_10_3) AppleWebKit/537.36 (KHTML, like Gecko) Chrome/45.0.2454.85 Safari/537.36"
170.75.162.130 - - [15/Sep/2015:18:07:37 -0700] "GET /lib/reccapi.php?resort=taos HTTP/1.1" 200 982 "-" "node-superagent/0.18.2"
170.75.162.130 - - [15/Sep/2015:18:14:08 -0700] "GET /lib/reccapi.php?resort=deervalley HTTP/1.1" 200 1028 "-" "node-superagent/0.18.2"
170.75.162.130 - - [15/Sep/2015:18:15:58 -0700] "GET /lib/reccapi.php?resort=brianhead HTTP/1.1" 200 1036 "-" "node-superagent/0.18.2"
170.75.162.130 - - [15/Sep/2015:18:41:20 -0700] "GET /lib/reccapi.php?resort=squawvalleyusa HTTP/1.1" 200 1035 "-" "node-superagent/0.18.2"
170.75.162.130 - - [15/Sep/2015:18:43:20 -0700] "GET /lib/reccapi.php?resort=jaypeak HTTP/1.1" 200 961 "-" "node-superagent/0.18.2"
75.111.98.103 - - [15/Sep/2015:18:48:48 -0700] "GET /images/wsis-logo-sm.png HTTP/1.1" 200 6108 "http://www.thebackcountry.net/" "Mozilla/5.0 (iPad; CPU OS 8_3 like Mac OS X) AppleWebKit/600.1.4 (KHTML, like Gecko) Version/8.0 Mobile/12F69 Safari/600.1.4"
180.76.15.136 - - [15/Sep/2015:18:49:05 -0700] "GET / HTTP/1.1" 200 6114 "-" "Mozilla/5.0 (compatible; Baiduspider/2.0; +http://www.baidu.com/search/spider.html)"
180.76.15.28 - - [15/Sep/2015:18:50:11 -0700] "GET / HTTP/1.1" 200 6114 "-" "Mozilla/5.0 (compatible; Baiduspider/2.0; +http://www.baidu.com/search/spider.html)"
151.237.186.17 - - [15/Sep/2015:18:53:43 -0700] "GET / HTTP/1.1" 200 6095 "http://www.whereshouldiski.com/" "-"
151.237.186.17 - - [15/Sep/2015:18:54:06 -0700] "GET / HTTP/1.1" 200 6095 "http://www.whereshouldiski.com/" "-"
104.232.83.71 - - [15/Sep/2015:18:55:03 -0700] "GET /images/wsis-logo-sm.png HTTP/1.1" 200 6108 "http://www.thebackcountry.net/" "Mozilla/5.0 (iPhone; CPU iPhone OS 8_4_1 like Mac OS X) AppleWebKit/600.1.4 (KHTML, like Gecko) Version/8.0 Mobile/12H321 Safari/600.1.4"
170.75.162.130 - - [15/Sep/2015:18:58:01 -0700] "GET /lib/reccapi.php?resort=canyons HTTP/1.1" 200 998 "-" "node-superagent/0.18.2"
170.75.162.130 - - [15/Sep/2015:18:58:01 -0700] "GET /lib/reccapi.php?resort=brighton HTTP/1.1" 200 991 "-" "node-superagent/0.18.2"
170.75.162.130 - - [15/Sep/2015:18:58:01 -0700] "GET /lib/reccapi.php?resort=snowbird HTTP/1.1" 200 994 "-" "node-superagent/0.18.2"
170.75.162.130 - - [15/Sep/2015:18:58:01 -0700] "GET /lib/reccapi.php?resort=solitude HTTP/1.1" 200 978 "-" "node-superagent/0.18.2"
170.75.162.130 - - [15/Sep/2015:18:58:01 -0700] "GET /lib/reccapi.php?resort=parkcity HTTP/1.1" 200 1016 "-" "node-superagent/0.18.2"
170.75.162.130 - - [15/Sep/2015:18:58:01 -0700] "GET /lib/reccapi.php?resort=snowbasin HTTP/1.1" 200 986 "-" "node-superagent/0.18.2"
170.75.162.130 - - [15/Sep/2015:18:58:02 -0700] "GET /lib/reccapi.php?resort=stevenspass HTTP/1.1" 200 1012 "-" "node-superagent/0.18.2"
170.75.162.130 - - [15/Sep/2015:18:58:02 -0700] "GET /lib/reccapi.php?resort=schweitzer HTTP/1.1" 200 983 "-" "node-superagent/0.18.2"
27.154.116.79 - - [15/Sep/2015:18:58:40 -0700] "GET /images/wsis-logo-sm.png HTTP/1.1" 200 6108 "http://www.thebackcountry.net/" "Mozilla/5.0 (Windows NT 6.1) AppleWebKit/537.36 (KHTML, like Gecko) Chrome/43.0.2357.132 Safari/537.36"
180.76.15.147 - - [15/Sep/2015:19:19:49 -0700] "GET /resorts?resort=tamarack&date=2014-04-08 HTTP/1.1" 404 472 "-" "Mozilla/5.0 (compatible; Baiduspider/2.0; +http://www.baidu.com/search/spider.html)"
52.88.140.18 - - [15/Sep/2015:19:26:37 -0700] "GET /wp-login.php HTTP/1.1" 404 506 "-" "Opera/9.80 (Windows NT 6.0) Presto/2.12.388 Version/12.14"
66.249.79.150 - - [15/Sep/2015:19:26:44 -0700] "GET /robots.txt HTTP/1.1" 200 419 "-" "Mozilla/5.0 (compatible; Googlebot/2.1; +http://www.google.com/bot.html)"
66.249.79.143 - - [15/Sep/2015:19:26:44 -0700] "GET /lib/resortDataSearch.php?resort=losttrailpowdermountain&dateStart=2012-12-27&dateMax=2013-01-10&size=30 HTTP/1.1" 200 331 "-" "Mozilla/5.0 (compatible; Googlebot/2.1; +http://www.google.com/bot.html)"
24.10.61.255 - - [15/Sep/2015:19:27:45 -0700] "GET /images/wsis-logo-sm.png HTTP/1.1" 200 6108 "http://www.thebackcountry.net/" "Mozilla/5.0 (Windows NT 10.0; Win64; x64) AppleWebKit/537.36 (KHTML, like Gecko) Chrome/42.0.2311.135 Safari/537.36 Edge/12.10240"
24.10.61.255 - - [15/Sep/2015:19:28:07 -0700] "-" 408 0 "-" "-"
157.55.39.234 - - [15/Sep/2015:19:38:40 -0700] "GET / HTTP/1.1" 200 2376 "-" "Mozilla/5.0 (compatible; bingbot/2.0; +http://www.bing.com/bingbot.htm)"
67.182.119.177 - - [15/Sep/2015:19:43:21 -0700] "GET /images/wsis-logo-sm.png HTTP/1.1" 200 6108 "http://www.thebackcountry.net/" "Mozilla/5.0 (Windows NT 10.0; WOW64) AppleWebKit/537.36 (KHTML, like Gecko) Chrome/45.0.2454.93 Safari/537.36"
180.76.15.27 - - [15/Sep/2015:19:47:14 -0700] "GET / HTTP/1.1" 200 6114 "-" "Mozilla/5.0 (compatible; Baiduspider/2.0; +http://www.baidu.com/search/spider.html)"
180.76.15.138 - - [15/Sep/2015:19:48:18 -0700] "GET / HTTP/1.1" 200 6114 "-" "Mozilla/5.0 (compatible; Baiduspider/2.0; +http://www.baidu.com/search/spider.html)"
170.75.162.130 - - [15/Sep/2015:20:02:56 -0700] "GET /lib/reccapi.php?resort=crystalmountain HTTP/1.1" 200 1014 "-" "node-superagent/0.18.2"
170.75.162.130 - - [15/Sep/2015:20:02:56 -0700] "GET /lib/reccapi.php?resort=mountspokane HTTP/1.1" 200 1009 "-" "node-superagent/0.18.2"
162.229.88.237 - - [15/Sep/2015:20:15:34 -0700] "GET /images/wsis-logo-sm.png HTTP/1.1" 200 6108 "http://www.thebackcountry.net/" "Mozilla/5.0 (Macintosh; Intel Mac OS X 10.7; rv:40.0) Gecko/20100101 Firefox/40.0"
123.125.71.81 - - [15/Sep/2015:20:21:24 -0700] "-" 408 0 "-" "-"
220.181.108.142 - - [15/Sep/2015:20:28:21 -0700] "-" 408 0 "-" "-"
170.75.162.130 - - [15/Sep/2015:20:28:38 -0700] "GET /lib/reccapi.php?resort=mountbachelor HTTP/1.1" 200 986 "-" "node-superagent/0.18.2"
170.75.162.130 - - [15/Sep/2015:20:33:39 -0700] "GET /lib/reccapi.php?resort=bigsky HTTP/1.1" 200 1050 "-" "node-superagent/0.18.2"
170.75.162.130 - - [15/Sep/2015:20:36:19 -0700] "GET /lib/reccapi.php?resort=sunvalley HTTP/1.1" 200 1006 "-" "node-superagent/0.18.2"
50.135.48.67 - - [15/Sep/2015:20:37:47 -0700] "GET / HTTP/1.1" 200 2376 "-" "Mozilla/5.0 (Macintosh; Intel Mac OS X 10_10_4) AppleWebKit/600.7.12 (KHTML, like Gecko) Version/8.0.7 Safari/600.7.12"
50.135.48.67 - - [15/Sep/2015:20:37:47 -0700] "GET /styles/0fffd548.main.css HTTP/1.1" 200 19316 "http://whereshouldiski.com/" "Mozilla/5.0 (Macintosh; Intel Mac OS X 10_10_4) AppleWebKit/600.7.12 (KHTML, like Gecko) Version/8.0.7 Safari/600.7.12"
50.135.48.67 - - [15/Sep/2015:20:37:47 -0700] "GET /scripts/scripts/vendor/modernizr.js HTTP/1.1" 200 4903 "http://whereshouldiski.com/" "Mozilla/5.0 (Macintosh; Intel Mac OS X 10_10_4) AppleWebKit/600.7.12 (KHTML, like Gecko) Version/8.0.7 Safari/600.7.12"
50.135.48.67 - - [15/Sep/2015:20:37:47 -0700] "GET /bower_components/requirejs/require.js HTTP/1.1" 200 6702 "http://whereshouldiski.com/" "Mozilla/5.0 (Macintosh; Intel Mac OS X 10_10_4) AppleWebKit/600.7.12 (KHTML, like Gecko) Version/8.0.7 Safari/600.7.12"
50.135.48.67 - - [15/Sep/2015:20:37:47 -0700] "GET /images/logo-sm.png HTTP/1.1" 200 16737 "http://whereshouldiski.com/" "Mozilla/5.0 (Macintosh; Intel Mac OS X 10_10_4) AppleWebKit/600.7.12 (KHTML, like Gecko) Version/8.0.7 Safari/600.7.12"
50.135.48.67 - - [15/Sep/2015:20:37:47 -0700] "GET /images/loading.gif HTTP/1.1" 200 13881 "http://whereshouldiski.com/" "Mozilla/5.0 (Macintosh; Intel Mac OS X 10_10_4) AppleWebKit/600.7.12 (KHTML, like Gecko) Version/8.0.7 Safari/600.7.12"
50.135.48.67 - - [15/Sep/2015:20:37:48 -0700] "GET /scripts/fa48e319.main.js HTTP/1.1" 200 123455 "http://whereshouldiski.com/" "Mozilla/5.0 (Macintosh; Intel Mac OS X 10_10_4) AppleWebKit/600.7.12 (KHTML, like Gecko) Version/8.0.7 Safari/600.7.12"
50.135.48.67 - - [15/Sep/2015:20:37:48 -0700] "GET /lib/reccapi.php?resort=crystalmountain&date=2015-09-15 HTTP/1.1" 200 1050 "http://whereshouldiski.com/" "Mozilla/5.0 (Macintosh; Intel Mac OS X 10_10_4) AppleWebKit/600.7.12 (KHTML, like Gecko) Version/8.0.7 Safari/600.7.12"
50.135.48.67 - - [15/Sep/2015:20:37:48 -0700] "GET /images/snowforecast-logo.jpg HTTP/1.1" 200 22988 "http://whereshouldiski.com/" "Mozilla/5.0 (Macintosh; Intel Mac OS X 10_10_4) AppleWebKit/600.7.12 (KHTML, like Gecko) Version/8.0.7 Safari/600.7.12"
50.135.48.67 - - [15/Sep/2015:20:37:48 -0700] "GET /images/opensnow_logo.png HTTP/1.1" 200 11776 "http://whereshouldiski.com/" "Mozilla/5.0 (Macintosh; Intel Mac OS X 10_10_4) AppleWebKit/600.7.12 (KHTML, like Gecko) Version/8.0.7 Safari/600.7.12"
50.135.48.67 - - [15/Sep/2015:20:37:48 -0700] "GET /lib/reccapi.php?fields=t&date=2015-09-15&coords=46.92%2C-121.49&size=7&sort=distance HTTP/1.1" 200 1310 "http://whereshouldiski.com/" "Mozilla/5.0 (Macintosh; Intel Mac OS X 10_10_4) AppleWebKit/600.7.12 (KHTML, like Gecko) Version/8.0.7 Safari/600.7.12"
50.135.48.67 - - [15/Sep/2015:20:37:48 -0700] "GET /images/snowflake-med-5.png HTTP/1.1" 200 6157 "http://whereshouldiski.com/" "Mozilla/5.0 (Macintosh; Intel Mac OS X 10_10_4) AppleWebKit/600.7.12 (KHTML, like Gecko) Version/8.0.7 Safari/600.7.12"
50.135.48.67 - - [15/Sep/2015:20:37:48 -0700] "GET /images/sun-med-5.png HTTP/1.1" 200 7627 "http://whereshouldiski.com/" "Mozilla/5.0 (Macintosh; Intel Mac OS X 10_10_4) AppleWebKit/600.7.12 (KHTML, like Gecko) Version/8.0.7 Safari/600.7.12"
50.135.48.67 - - [15/Sep/2015:20:37:48 -0700] "GET /images/stars-med-5.png HTTP/1.1" 200 4124 "http://whereshouldiski.com/" "Mozilla/5.0 (Macintosh; Intel Mac OS X 10_10_4) AppleWebKit/600.7.12 (KHTML, like Gecko) Version/8.0.7 Safari/600.7.12"
50.135.48.67 - - [15/Sep/2015:20:37:48 -0700] "GET /lib/resortDataSearchD3.php?size=7&sortDate=T&resort=crystalmountain&dateStart=2015-09-13 HTTP/1.1" 200 849 "http://whereshouldiski.com/" "Mozilla/5.0 (Macintosh; Intel Mac OS X 10_10_4) AppleWebKit/600.7.12 (KHTML, like Gecko) Version/8.0.7 Safari/600.7.12"
50.135.48.67 - - [15/Sep/2015:20:37:48 -0700] "GET /images/mtns-30px.png HTTP/1.1" 200 1201 "http://whereshouldiski.com/" "Mozilla/5.0 (Macintosh; Intel Mac OS X 10_10_4) AppleWebKit/600.7.12 (KHTML, like Gecko) Version/8.0.7 Safari/600.7.12"
50.135.48.67 - - [15/Sep/2015:20:37:48 -0700] "GET /images/shading-53px.png HTTP/1.1" 200 547 "http://whereshouldiski.com/" "Mozilla/5.0 (Macintosh; Intel Mac OS X 10_10_4) AppleWebKit/600.7.12 (KHTML, like Gecko) Version/8.0.7 Safari/600.7.12"
50.135.48.67 - - [15/Sep/2015:20:37:48 -0700] "GET /images/snowflake5.png HTTP/1.1" 200 2857 "http://whereshouldiski.com/" "Mozilla/5.0 (Macintosh; Intel Mac OS X 10_10_4) AppleWebKit/600.7.12 (KHTML, like Gecko) Version/8.0.7 Safari/600.7.12"
50.135.48.67 - - [15/Sep/2015:20:37:48 -0700] "GET /images/star5.png HTTP/1.1" 200 1783 "http://whereshouldiski.com/" "Mozilla/5.0 (Macintosh; Intel Mac OS X 10_10_4) AppleWebKit/600.7.12 (KHTML, like Gecko) Version/8.0.7 Safari/600.7.12"
50.135.48.67 - - [15/Sep/2015:20:37:48 -0700] "GET /images/bluebird5.png HTTP/1.1" 200 2177 "http://whereshouldiski.com/" "Mozilla/5.0 (Macintosh; Intel Mac OS X 10_10_4) AppleWebKit/600.7.12 (KHTML, like Gecko) Version/8.0.7 Safari/600.7.12"
50.135.48.67 - - [15/Sep/2015:20:37:48 -0700] "GET /images/shading-icon.png HTTP/1.1" 200 536 "http://whereshouldiski.com/" "Mozilla/5.0 (Macintosh; Intel Mac OS X 10_10_4) AppleWebKit/600.7.12 (KHTML, like Gecko) Version/8.0.7 Safari/600.7.12"
50.135.48.67 - - [15/Sep/2015:20:37:48 -0700] "GET /images/mtns-icon.png HTTP/1.1" 200 1096 "http://whereshouldiski.com/" "Mozilla/5.0 (Macintosh; Intel Mac OS X 10_10_4) AppleWebKit/600.7.12 (KHTML, like Gecko) Version/8.0.7 Safari/600.7.12"
67.160.101.135 - - [15/Sep/2015:20:37:53 -0700] "GET / HTTP/1.1" 200 2376 "-" "Mozilla/5.0 (Macintosh; Intel Mac OS X 10_10_4) AppleWebKit/600.7.12 (KHTML, like Gecko) Version/8.0.7 Safari/600.7.12"
67.160.101.135 - - [15/Sep/2015:20:37:53 -0700] "GET /styles/0fffd548.main.css HTTP/1.1" 200 19316 "http://whereshouldiski.com/" "Mozilla/5.0 (Macintosh; Intel Mac OS X 10_10_4) AppleWebKit/600.7.12 (KHTML, like Gecko) Version/8.0.7 Safari/600.7.12"
67.160.101.135 - - [15/Sep/2015:20:37:53 -0700] "GET /bower_components/requirejs/require.js HTTP/1.1" 200 6702 "http://whereshouldiski.com/" "Mozilla/5.0 (Macintosh; Intel Mac OS X 10_10_4) AppleWebKit/600.7.12 (KHTML, like Gecko) Version/8.0.7 Safari/600.7.12"
67.160.101.135 - - [15/Sep/2015:20:37:53 -0700] "GET /scripts/scripts/vendor/modernizr.js HTTP/1.1" 200 4903 "http://whereshouldiski.com/" "Mozilla/5.0 (Macintosh; Intel Mac OS X 10_10_4) AppleWebKit/600.7.12 (KHTML, like Gecko) Version/8.0.7 Safari/600.7.12"
67.160.101.135 - - [15/Sep/2015:20:37:53 -0700] "GET /images/logo-sm.png HTTP/1.1" 200 16737 "http://whereshouldiski.com/" "Mozilla/5.0 (Macintosh; Intel Mac OS X 10_10_4) AppleWebKit/600.7.12 (KHTML, like Gecko) Version/8.0.7 Safari/600.7.12"
67.160.101.135 - - [15/Sep/2015:20:37:53 -0700] "GET /images/loading.gif HTTP/1.1" 200 13881 "http://whereshouldiski.com/" "Mozilla/5.0 (Macintosh; Intel Mac OS X 10_10_4) AppleWebKit/600.7.12 (KHTML, like Gecko) Version/8.0.7 Safari/600.7.12"
67.160.101.135 - - [15/Sep/2015:20:37:53 -0700] "GET /scripts/fa48e319.main.js HTTP/1.1" 200 123455 "http://whereshouldiski.com/" "Mozilla/5.0 (Macintosh; Intel Mac OS X 10_10_4) AppleWebKit/600.7.12 (KHTML, like Gecko) Version/8.0.7 Safari/600.7.12"
67.160.101.135 - - [15/Sep/2015:20:37:54 -0700] "GET /favicon.ico HTTP/1.1" 200 1476 "http://whereshouldiski.com/" "Mozilla/5.0 (Macintosh; Intel Mac OS X 10_10_4) AppleWebKit/600.7.12 (KHTML, like Gecko) Version/8.0.7 Safari/600.7.12"
67.160.101.135 - - [15/Sep/2015:20:37:54 -0700] "GET /lib/reccapi.php?fields=t HTTP/1.1" 200 1898 "http://whereshouldiski.com/" "Mozilla/5.0 (Macintosh; Intel Mac OS X 10_10_4) AppleWebKit/600.7.12 (KHTML, like Gecko) Version/8.0.7 Safari/600.7.12"
67.160.101.135 - - [15/Sep/2015:20:37:54 -0700] "GET /images/greyHeader.png HTTP/1.1" 200 508 "http://whereshouldiski.com/" "Mozilla/5.0 (Macintosh; Intel Mac OS X 10_10_4) AppleWebKit/600.7.12 (KHTML, like Gecko) Version/8.0.7 Safari/600.7.12"
67.160.101.135 - - [15/Sep/2015:20:37:54 -0700] "GET /images/button.png HTTP/1.1" 200 598 "http://whereshouldiski.com/" "Mozilla/5.0 (Macintosh; Intel Mac OS X 10_10_4) AppleWebKit/600.7.12 (KHTML, like Gecko) Version/8.0.7 Safari/600.7.12"
67.160.101.135 - - [15/Sep/2015:20:37:54 -0700] "GET /images/mtns-icon.png HTTP/1.1" 200 1096 "http://whereshouldiski.com/" "Mozilla/5.0 (Macintosh; Intel Mac OS X 10_10_4) AppleWebKit/600.7.12 (KHTML, like Gecko) Version/8.0.7 Safari/600.7.12"
67.160.101.135 - - [15/Sep/2015:20:37:54 -0700] "GET /images/shading-icon.png HTTP/1.1" 200 536 "http://whereshouldiski.com/" "Mozilla/5.0 (Macintosh; Intel Mac OS X 10_10_4) AppleWebKit/600.7.12 (KHTML, like Gecko) Version/8.0.7 Safari/600.7.12"
67.160.101.135 - - [15/Sep/2015:20:37:54 -0700] "GET /images/snowflake5.png HTTP/1.1" 200 2857 "http://whereshouldiski.com/" "Mozilla/5.0 (Macintosh; Intel Mac OS X 10_10_4) AppleWebKit/600.7.12 (KHTML, like Gecko) Version/8.0.7 Safari/600.7.12"
67.160.101.135 - - [15/Sep/2015:20:37:54 -0700] "GET /images/star5.png HTTP/1.1" 200 1784 "http://whereshouldiski.com/" "Mozilla/5.0 (Macintosh; Intel Mac OS X 10_10_4) AppleWebKit/600.7.12 (KHTML, like Gecko) Version/8.0.7 Safari/600.7.12"
67.160.101.135 - - [15/Sep/2015:20:37:54 -0700] "GET /images/bluebird5.png HTTP/1.1" 200 2178 "http://whereshouldiski.com/" "Mozilla/5.0 (Macintosh; Intel Mac OS X 10_10_4) AppleWebKit/600.7.12 (KHTML, like Gecko) Version/8.0.7 Safari/600.7.12"
67.160.101.135 - - [15/Sep/2015:20:37:56 -0700] "GET /lib/reccapi.php?fields=t&coords=47.63648720332257,-122.29024076575058 HTTP/1.1" 200 2090 "http://whereshouldiski.com/" "Mozilla/5.0 (Macintosh; Intel Mac OS X 10_10_4) AppleWebKit/600.7.12 (KHTML, like Gecko) Version/8.0.7 Safari/600.7.12"
127.0.0.1 - - [15/Sep/2015:20:37:56 -0700] "OPTIONS * HTTP/1.0" 200 126 "-" "Apache/2.2.22 (Ubuntu) (internal dummy connection)"
127.0.0.1 - - [15/Sep/2015:20:37:57 -0700] "OPTIONS * HTTP/1.0" 200 126 "-" "Apache/2.2.22 (Ubuntu) (internal dummy connection)"
127.0.0.1 - - [15/Sep/2015:20:38:01 -0700] "OPTIONS * HTTP/1.0" 200 126 "-" "Apache/2.2.22 (Ubuntu) (internal dummy connection)"
127.0.0.1 - - [15/Sep/2015:20:38:02 -0700] "OPTIONS * HTTP/1.0" 200 126 "-" "Apache/2.2.22 (Ubuntu) (internal dummy connection)"
127.0.0.1 - - [15/Sep/2015:20:38:03 -0700] "OPTIONS * HTTP/1.0" 200 126 "-" "Apache/2.2.22 (Ubuntu) (internal dummy connection)"
127.0.0.1 - - [15/Sep/2015:20:38:04 -0700] "OPTIONS * HTTP/1.0" 200 126 "-" "Apache/2.2.22 (Ubuntu) (internal dummy connection)"
127.0.0.1 - - [15/Sep/2015:20:38:05 -0700] "OPTIONS * HTTP/1.0" 200 126 "-" "Apache/2.2.22 (Ubuntu) (internal dummy connection)"
127.0.0.1 - - [15/Sep/2015:20:38:06 -0700] "OPTIONS * HTTP/1.0" 200 126 "-" "Apache/2.2.22 (Ubuntu) (internal dummy connection)"
67.160.101.135 - - [15/Sep/2015:20:38:27 -0700] "GET /lib/reccapi.php?resort=laslenas&date=2015-09-18 HTTP/1.1" 200 931 "http://whereshouldiski.com/" "Mozilla/5.0 (Macintosh; Intel Mac OS X 10_10_4) AppleWebKit/600.7.12 (KHTML, like Gecko) Version/8.0.7 Safari/600.7.12"
67.160.101.135 - - [15/Sep/2015:20:38:27 -0700] "GET /lib/reccapi.php?fields=t&date=2015-09-18&coords=-35.15%2C-70.0833&size=7&sort=distance HTTP/1.1" 200 1229 "http://whereshouldiski.com/" "Mozilla/5.0 (Macintosh; Intel Mac OS X 10_10_4) AppleWebKit/600.7.12 (KHTML, like Gecko) Version/8.0.7 Safari/600.7.12"
67.160.101.135 - - [15/Sep/2015:20:38:27 -0700] "GET /images/opensnow_logo.png HTTP/1.1" 200 11777 "http://whereshouldiski.com/" "Mozilla/5.0 (Macintosh; Intel Mac OS X 10_10_4) AppleWebKit/600.7.12 (KHTML, like Gecko) Version/8.0.7 Safari/600.7.12"
67.160.101.135 - - [15/Sep/2015:20:38:27 -0700] "GET /images/sun-med-5.png HTTP/1.1" 200 7627 "http://whereshouldiski.com/" "Mozilla/5.0 (Macintosh; Intel Mac OS X 10_10_4) AppleWebKit/600.7.12 (KHTML, like Gecko) Version/8.0.7 Safari/600.7.12"
67.160.101.135 - - [15/Sep/2015:20:38:27 -0700] "GET /images/snowforecast-logo.jpg HTTP/1.1" 200 22989 "http://whereshouldiski.com/" "Mozilla/5.0 (Macintosh; Intel Mac OS X 10_10_4) AppleWebKit/600.7.12 (KHTML, like Gecko) Version/8.0.7 Safari/600.7.12"
67.160.101.135 - - [15/Sep/2015:20:38:27 -0700] "GET /images/snowflake-med-5.png HTTP/1.1" 200 6157 "http://whereshouldiski.com/" "Mozilla/5.0 (Macintosh; Intel Mac OS X 10_10_4) AppleWebKit/600.7.12 (KHTML, like Gecko) Version/8.0.7 Safari/600.7.12"
67.160.101.135 - - [15/Sep/2015:20:38:27 -0700] "GET /images/stars-med-5.png HTTP/1.1" 200 4124 "http://whereshouldiski.com/" "Mozilla/5.0 (Macintosh; Intel Mac OS X 10_10_4) AppleWebKit/600.7.12 (KHTML, like Gecko) Version/8.0.7 Safari/600.7.12"
67.160.101.135 - - [15/Sep/2015:20:38:27 -0700] "GET /lib/resortDataSearchD3.php?size=7&sortDate=T&resort=laslenas&dateStart=2015-09-16 HTTP/1.1" 200 705 "http://whereshouldiski.com/" "Mozilla/5.0 (Macintosh; Intel Mac OS X 10_10_4) AppleWebKit/600.7.12 (KHTML, like Gecko) Version/8.0.7 Safari/600.7.12"
67.160.101.135 - - [15/Sep/2015:20:38:27 -0700] "GET /images/mtns-30px.png HTTP/1.1" 200 1201 "http://whereshouldiski.com/" "Mozilla/5.0 (Macintosh; Intel Mac OS X 10_10_4) AppleWebKit/600.7.12 (KHTML, like Gecko) Version/8.0.7 Safari/600.7.12"
67.160.101.135 - - [15/Sep/2015:20:38:27 -0700] "GET /images/shading-53px.png HTTP/1.1" 200 547 "http://whereshouldiski.com/" "Mozilla/5.0 (Macintosh; Intel Mac OS X 10_10_4) AppleWebKit/600.7.12 (KHTML, like Gecko) Version/8.0.7 Safari/600.7.12"
127.0.0.1 - - [15/Sep/2015:20:38:34 -0700] "OPTIONS * HTTP/1.0" 200 126 "-" "Apache/2.2.22 (Ubuntu) (internal dummy connection)"
50.135.48.67 - - [15/Sep/2015:20:38:58 -0700] "GET /scripts/templates/about.html HTTP/1.1" 200 1969 "http://whereshouldiski.com/" "Mozilla/5.0 (Macintosh; Intel Mac OS X 10_10_4) AppleWebKit/600.7.12 (KHTML, like Gecko) Version/8.0.7 Safari/600.7.12"
50.135.48.67 - - [15/Sep/2015:20:38:58 -0700] "GET /images/profile-med.jpg HTTP/1.1" 200 24003 "http://whereshouldiski.com/" "Mozilla/5.0 (Macintosh; Intel Mac OS X 10_10_4) AppleWebKit/600.7.12 (KHTML, like Gecko) Version/8.0.7 Safari/600.7.12"
67.160.101.135 - - [15/Sep/2015:20:39:01 -0700] "GET /lib/reccapi.php?fields=t&coords=47.63648720332257,-122.29024076575058 HTTP/1.1" 200 2091 "http://whereshouldiski.com/" "Mozilla/5.0 (Macintosh; Intel Mac OS X 10_10_4) AppleWebKit/600.7.12 (KHTML, like Gecko) Version/8.0.7 Safari/600.7.12"
67.160.101.135 - - [15/Sep/2015:20:39:06 -0700] "GET /scripts/templates/about.html HTTP/1.1" 200 1968 "http://whereshouldiski.com/" "Mozilla/5.0 (Macintosh; Intel Mac OS X 10_10_4) AppleWebKit/600.7.12 (KHTML, like Gecko) Version/8.0.7 Safari/600.7.12"
67.160.101.135 - - [15/Sep/2015:20:39:06 -0700] "GET /images/profile-med.jpg HTTP/1.1" 200 24003 "http://whereshouldiski.com/" "Mozilla/5.0 (Macintosh; Intel Mac OS X 10_10_4) AppleWebKit/600.7.12 (KHTML, like Gecko) Version/8.0.7 Safari/600.7.12"
50.135.48.67 - - [15/Sep/2015:20:39:49 -0700] "GET /images/greyHeader.png HTTP/1.1" 200 509 "http://whereshouldiski.com/" "Mozilla/5.0 (Macintosh; Intel Mac OS X 10_10_4) AppleWebKit/600.7.12 (KHTML, like Gecko) Version/8.0.7 Safari/600.7.12"
50.135.48.67 - - [15/Sep/2015:20:39:49 -0700] "GET /images/button.png HTTP/1.1" 200 599 "http://whereshouldiski.com/" "Mozilla/5.0 (Macintosh; Intel Mac OS X 10_10_4) AppleWebKit/600.7.12 (KHTML, like Gecko) Version/8.0.7 Safari/600.7.12"
50.135.48.67 - - [15/Sep/2015:20:39:49 -0700] "GET /lib/reccapi.php?fields=t HTTP/1.1" 200 1899 "http://whereshouldiski.com/" "Mozilla/5.0 (Macintosh; Intel Mac OS X 10_10_4) AppleWebKit/600.7.12 (KHTML, like Gecko) Version/8.0.7 Safari/600.7.12"
50.135.48.67 - - [15/Sep/2015:20:40:26 -0700] "GET /lib/reccapi.php?resort=coronetpeak&date=2015-09-20 HTTP/1.1" 200 942 "http://whereshouldiski.com/" "Mozilla/5.0 (Macintosh; Intel Mac OS X 10_10_4) AppleWebKit/600.7.12 (KHTML, like Gecko) Version/8.0.7 Safari/600.7.12"
50.135.48.67 - - [15/Sep/2015:20:40:26 -0700] "GET /lib/reccapi.php?fields=t&date=2015-09-20&coords=-44.9269%2C168.736&size=7&sort=distance HTTP/1.1" 200 1309 "http://whereshouldiski.com/" "Mozilla/5.0 (Macintosh; Intel Mac OS X 10_10_4) AppleWebKit/600.7.12 (KHTML, like Gecko) Version/8.0.7 Safari/600.7.12"
50.135.48.67 - - [15/Sep/2015:20:40:26 -0700] "GET /lib/resortDataSearchD3.php?size=7&sortDate=T&resort=coronetpeak&dateStart=2015-09-18 HTTP/1.1" 200 521 "http://whereshouldiski.com/" "Mozilla/5.0 (Macintosh; Intel Mac OS X 10_10_4) AppleWebKit/600.7.12 (KHTML, like Gecko) Version/8.0.7 Safari/600.7.12"
180.76.15.5 - - [15/Sep/2015:20:42:55 -0700] "GET / HTTP/1.1" 200 6114 "-" "Mozilla/5.0 (compatible; Baiduspider/2.0; +http://www.baidu.com/search/spider.html)"
180.76.15.148 - - [15/Sep/2015:20:43:49 -0700] "GET / HTTP/1.1" 200 6114 "-" "Mozilla/5.0 (compatible; Baiduspider/2.0; +http://www.baidu.com/search/spider.html)"
180.76.15.30 - - [15/Sep/2015:20:44:35 -0700] "GET /resorts?resort=redmountain&date=2014-01-31 HTTP/1.1" 404 472 "-" "Mozilla/5.0 (compatible; Baiduspider/2.0; +http://www.baidu.com/search/spider.html)"
50.135.48.67 - - [15/Sep/2015:20:44:51 -0700] "GET / HTTP/1.1" 200 2376 "-" "Mozilla/5.0 (Macintosh; Intel Mac OS X 10_10_4) AppleWebKit/600.7.12 (KHTML, like Gecko) Version/8.0.7 Safari/600.7.12"
50.135.48.67 - - [15/Sep/2015:20:44:52 -0700] "GET /lib/reccapi.php?fields=t HTTP/1.1" 200 1898 "http://whereshouldiski.com/" "Mozilla/5.0 (Macintosh; Intel Mac OS X 10_10_4) AppleWebKit/600.7.12 (KHTML, like Gecko) Version/8.0.7 Safari/600.7.12"
50.135.48.67 - - [15/Sep/2015:20:45:13 -0700] "GET /about HTTP/1.1" 404 506 "http://whereshouldiski.com/" "Mozilla/5.0 (Macintosh; Intel Mac OS X 10_10_4) AppleWebKit/600.7.12 (KHTML, like Gecko) Version/8.0.7 Safari/600.7.12"
50.135.48.67 - - [15/Sep/2015:20:45:22 -0700] "GET /lib/reccapi.php?fields=t HTTP/1.1" 200 1899 "http://whereshouldiski.com/" "Mozilla/5.0 (Macintosh; Intel Mac OS X 10_10_4) AppleWebKit/600.7.12 (KHTML, like Gecko) Version/8.0.7 Safari/600.7.12"
50.135.48.67 - - [15/Sep/2015:20:45:23 -0700] "GET /scripts/server/resorts.json HTTP/1.1" 200 8661 "http://whereshouldiski.com/" "Mozilla/5.0 (Macintosh; Intel Mac OS X 10_10_4) AppleWebKit/600.7.12 (KHTML, like Gecko) Version/8.0.7 Safari/600.7.12"
50.135.48.67 - - [15/Sep/2015:20:45:41 -0700] "GET /lib/reccapi.php?fields=t HTTP/1.1" 200 1899 "http://whereshouldiski.com/" "Mozilla/5.0 (Macintosh; Intel Mac OS X 10_10_4) AppleWebKit/600.7.12 (KHTML, like Gecko) Version/8.0.7 Safari/600.7.12"
170.75.162.130 - - [15/Sep/2015:20:46:30 -0700] "GET /lib/reccapi.php?resort=heavenly HTTP/1.1" 200 1036 "-" "node-superagent/0.18.2"
170.75.162.130 - - [15/Sep/2015:20:47:20 -0700] "GET /lib/reccapi.php?resort=killington HTTP/1.1" 200 948 "-" "node-superagent/0.18.2"
170.75.162.130 - - [15/Sep/2015:20:47:20 -0700] "GET /lib/reccapi.php?resort=sugarloaf HTTP/1.1" 200 954 "-" "node-superagent/0.18.2"
157.55.39.24 - - [15/Sep/2015:20:48:47 -0700] "GET /scripts/scripts/vendor/modernizr.js HTTP/1.1" 200 4903 "-" "Mozilla/5.0 (compatible; MSIE 9.0; Windows NT 6.1; Trident/5.0)"
157.55.39.255 - - [15/Sep/2015:20:49:13 -0700] "GET /bower_components/requirejs/require.js HTTP/1.1" 200 6702 "-" "Mozilla/5.0 (compatible; MSIE 9.0; Windows NT 6.1; Trident/5.0)"
204.63.133.30 - - [15/Sep/2015:20:49:23 -0700] "GET /images/wsis-logo-sm.png HTTP/1.1" 200 6108 "http://www.thebackcountry.net/" "Mozilla/5.0 (Windows NT 6.1; WOW64; Trident/7.0; rv:11.0) like Gecko"
170.75.162.130 - - [15/Sep/2015:20:50:20 -0700] "GET /lib/reccapi.php?resort=hoodoo HTTP/1.1" 200 961 "-" "node-superagent/0.18.2"
170.75.162.130 - - [15/Sep/2015:20:50:21 -0700] "GET /lib/reccapi.php?resort=smugglersnotch HTTP/1.1" 200 957 "-" "node-superagent/0.18.2"
170.75.162.130 - - [15/Sep/2015:20:50:30 -0700] "GET /lib/reccapi.php?resort=bigwhite HTTP/1.1" 200 920 "-" "node-superagent/0.18.2"
170.75.162.130 - - [15/Sep/2015:20:50:30 -0700] "GET /lib/reccapi.php?resort=alpinemeadows HTTP/1.1" 200 1008 "-" "node-superagent/0.18.2"
170.75.162.130 - - [15/Sep/2015:20:50:30 -0700] "GET /lib/reccapi.php?resort=homewoodmountain HTTP/1.1" 200 1040 "-" "node-superagent/0.18.2"
170.75.162.130 - - [15/Sep/2015:20:50:30 -0700] "GET /lib/reccapi.php?resort=kirkwood HTTP/1.1" 200 1056 "-" "node-superagent/0.18.2"
170.75.162.130 - - [15/Sep/2015:20:50:31 -0700] "GET /lib/reccapi.php?resort=devilshead HTTP/1.1" 200 950 "-" "node-superagent/0.18.2"
170.75.162.130 - - [15/Sep/2015:20:50:32 -0700] "GET /lib/reccapi.php?resort=mountainhigh HTTP/1.1" 200 1038 "-" "node-superagent/0.18.2"
170.75.162.130 - - [15/Sep/2015:20:50:33 -0700] "GET /lib/reccapi.php?resort=alyeska HTTP/1.1" 200 952 "-" "node-superagent/0.18.2"
170.75.162.130 - - [15/Sep/2015:20:51:21 -0700] "GET /lib/reccapi.php?resort=chinapeak HTTP/1.1" 200 1040 "-" "node-superagent/0.18.2"
170.75.162.130 - - [15/Sep/2015:20:51:21 -0700] "GET /lib/reccapi.php?resort=cannonmountain HTTP/1.1" 200 958 "-" "node-superagent/0.18.2"
170.75.162.130 - - [15/Sep/2015:20:51:21 -0700] "GET /lib/reccapi.php?resort=diamondpeak HTTP/1.1" 200 1004 "-" "node-superagent/0.18.2"
170.75.162.130 - - [15/Sep/2015:20:51:21 -0700] "GET /lib/reccapi.php?resort=redlodge HTTP/1.1" 200 1062 "-" "node-superagent/0.18.2"
170.75.162.130 - - [15/Sep/2015:20:51:21 -0700] "GET /lib/reccapi.php?resort=redmountain HTTP/1.1" 200 903 "-" "node-superagent/0.18.2"
170.75.162.130 - - [15/Sep/2015:20:51:21 -0700] "GET /lib/reccapi.php?resort=sierra-at-tahoe HTTP/1.1" 200 1041 "-" "node-superagent/0.18.2"
170.75.162.130 - - [15/Sep/2015:20:51:21 -0700] "GET /lib/reccapi.php?resort=stowe HTTP/1.1" 200 931 "-" "node-superagent/0.18.2"
170.75.162.130 - - [15/Sep/2015:20:51:21 -0700] "GET /lib/reccapi.php?resort=sugarbowl HTTP/1.1" 200 1020 "-" "node-superagent/0.18.2"
170.75.162.130 - - [15/Sep/2015:20:51:21 -0700] "GET /lib/reccapi.php?resort=whitefacemountain HTTP/1.1" 200 960 "-" "node-superagent/0.18.2"
170.75.162.130 - - [15/Sep/2015:20:51:21 -0700] "GET /lib/reccapi.php?resort=sunpeaksresort HTTP/1.1" 200 910 "-" "node-superagent/0.18.2"
170.75.162.130 - - [15/Sep/2015:20:51:21 -0700] "GET /lib/reccapi.php?resort=wildcatmountain HTTP/1.1" 200 962 "-" "node-superagent/0.18.2"
75.141.214.27 - - [15/Sep/2015:21:10:43 -0700] "GET /images/wsis-logo-sm.png HTTP/1.1" 200 6108 "http://www.thebackcountry.net/" "Mozilla/5.0 (iPad; CPU OS 8_4_1 like Mac OS X) AppleWebKit/600.1.4 (KHTML, like Gecko) Version/8.0 Mobile/12H321 Safari/600.1.4"
50.135.48.67 - - [15/Sep/2015:21:16:12 -0700] "GET /about HTTP/1.1" 404 506 "http://whereshouldiski.com/" "Mozilla/5.0 (Macintosh; Intel Mac OS X 10_10_4) AppleWebKit/600.7.12 (KHTML, like Gecko) Version/8.0.7 Safari/600.7.12"
50.135.48.67 - - [15/Sep/2015:21:16:21 -0700] "GET /lib/reccapi.php?resort=crystalmountain&date=2015-09-15 HTTP/1.1" 200 1051 "http://whereshouldiski.com/" "Mozilla/5.0 (Macintosh; Intel Mac OS X 10_10_4) AppleWebKit/600.7.12 (KHTML, like Gecko) Version/8.0.7 Safari/600.7.12"
50.135.48.67 - - [15/Sep/2015:21:16:22 -0700] "GET /lib/reccapi.php?fields=t&date=2015-09-15&coords=46.92%2C-121.49&size=7&sort=distance HTTP/1.1" 200 1310 "http://whereshouldiski.com/" "Mozilla/5.0 (Macintosh; Intel Mac OS X 10_10_4) AppleWebKit/600.7.12 (KHTML, like Gecko) Version/8.0.7 Safari/600.7.12"
50.135.48.67 - - [15/Sep/2015:21:16:22 -0700] "GET /lib/resortDataSearchD3.php?size=7&sortDate=T&resort=crystalmountain&dateStart=2015-09-13 HTTP/1.1" 200 850 "http://whereshouldiski.com/" "Mozilla/5.0 (Macintosh; Intel Mac OS X 10_10_4) AppleWebKit/600.7.12 (KHTML, like Gecko) Version/8.0.7 Safari/600.7.12"
50.135.48.67 - - [15/Sep/2015:21:16:43 -0700] "GET /lib/reccapi.php?resort=crystalmountain&date=2015-09-16 HTTP/1.1" 200 1074 "http://whereshouldiski.com/" "Mozilla/5.0 (Macintosh; Intel Mac OS X 10_10_4) AppleWebKit/600.7.12 (KHTML, like Gecko) Version/8.0.7 Safari/600.7.12"
50.135.48.67 - - [15/Sep/2015:21:16:43 -0700] "GET /lib/reccapi.php?fields=t&date=2015-09-16&coords=46.92%2C-121.49&size=7&sort=distance HTTP/1.1" 200 1314 "http://whereshouldiski.com/" "Mozilla/5.0 (Macintosh; Intel Mac OS X 10_10_4) AppleWebKit/600.7.12 (KHTML, like Gecko) Version/8.0.7 Safari/600.7.12"
50.135.48.67 - - [15/Sep/2015:21:16:43 -0700] "GET /lib/resortDataSearchD3.php?size=7&sortDate=T&resort=crystalmountain&dateStart=2015-09-14 HTTP/1.1" 200 850 "http://whereshouldiski.com/" "Mozilla/5.0 (Macintosh; Intel Mac OS X 10_10_4) AppleWebKit/600.7.12 (KHTML, like Gecko) Version/8.0.7 Safari/600.7.12"
50.135.48.67 - - [15/Sep/2015:21:16:43 -0700] "GET /lib/reccapi.php?resort=crystalmountain&date=2015-09-17 HTTP/1.1" 200 1071 "http://whereshouldiski.com/" "Mozilla/5.0 (Macintosh; Intel Mac OS X 10_10_4) AppleWebKit/600.7.12 (KHTML, like Gecko) Version/8.0.7 Safari/600.7.12"
50.135.48.67 - - [15/Sep/2015:21:16:44 -0700] "GET /lib/resortDataSearchD3.php?size=7&sortDate=T&resort=crystalmountain&dateStart=2015-09-15 HTTP/1.1" 200 767 "http://whereshouldiski.com/" "Mozilla/5.0 (Macintosh; Intel Mac OS X 10_10_4) AppleWebKit/600.7.12 (KHTML, like Gecko) Version/8.0.7 Safari/600.7.12"
50.135.48.67 - - [15/Sep/2015:21:16:44 -0700] "GET /lib/reccapi.php?fields=t&date=2015-09-17&coords=46.92%2C-121.49&size=7&sort=distance HTTP/1.1" 200 1308 "http://whereshouldiski.com/" "Mozilla/5.0 (Macintosh; Intel Mac OS X 10_10_4) AppleWebKit/600.7.12 (KHTML, like Gecko) Version/8.0.7 Safari/600.7.12"
50.135.48.67 - - [15/Sep/2015:21:16:45 -0700] "GET /lib/reccapi.php?resort=crystalmountain&date=2015-09-18 HTTP/1.1" 200 1008 "http://whereshouldiski.com/" "Mozilla/5.0 (Macintosh; Intel Mac OS X 10_10_4) AppleWebKit/600.7.12 (KHTML, like Gecko) Version/8.0.7 Safari/600.7.12"
50.135.48.67 - - [15/Sep/2015:21:16:45 -0700] "GET /lib/reccapi.php?fields=t&date=2015-09-18&coords=46.92%2C-121.49&size=7&sort=distance HTTP/1.1" 200 1316 "http://whereshouldiski.com/" "Mozilla/5.0 (Macintosh; Intel Mac OS X 10_10_4) AppleWebKit/600.7.12 (KHTML, like Gecko) Version/8.0.7 Safari/600.7.12"
50.135.48.67 - - [15/Sep/2015:21:16:45 -0700] "GET /lib/resortDataSearchD3.php?size=7&sortDate=T&resort=crystalmountain&dateStart=2015-09-16 HTTP/1.1" 200 682 "http://whereshouldiski.com/" "Mozilla/5.0 (Macintosh; Intel Mac OS X 10_10_4) AppleWebKit/600.7.12 (KHTML, like Gecko) Version/8.0.7 Safari/600.7.12"
50.135.48.67 - - [15/Sep/2015:21:16:46 -0700] "GET /lib/reccapi.php?resort=crystalmountain&date=2015-09-19 HTTP/1.1" 200 981 "http://whereshouldiski.com/" "Mozilla/5.0 (Macintosh; Intel Mac OS X 10_10_4) AppleWebKit/600.7.12 (KHTML, like Gecko) Version/8.0.7 Safari/600.7.12"
50.135.48.67 - - [15/Sep/2015:21:16:46 -0700] "GET /lib/resortDataSearchD3.php?size=7&sortDate=T&resort=crystalmountain&dateStart=2015-09-17 HTTP/1.1" 200 597 "http://whereshouldiski.com/" "Mozilla/5.0 (Macintosh; Intel Mac OS X 10_10_4) AppleWebKit/600.7.12 (KHTML, like Gecko) Version/8.0.7 Safari/600.7.12"
50.135.48.67 - - [15/Sep/2015:21:16:46 -0700] "GET /lib/reccapi.php?fields=t&date=2015-09-19&coords=46.92%2C-121.49&size=7&sort=distance HTTP/1.1" 200 1335 "http://whereshouldiski.com/" "Mozilla/5.0 (Macintosh; Intel Mac OS X 10_10_4) AppleWebKit/600.7.12 (KHTML, like Gecko) Version/8.0.7 Safari/600.7.12"
50.135.48.67 - - [15/Sep/2015:21:16:47 -0700] "GET /lib/reccapi.php?resort=crystalmountain&date=2015-09-20 HTTP/1.1" 200 991 "http://whereshouldiski.com/" "Mozilla/5.0 (Macintosh; Intel Mac OS X 10_10_4) AppleWebKit/600.7.12 (KHTML, like Gecko) Version/8.0.7 Safari/600.7.12"
50.135.48.67 - - [15/Sep/2015:21:16:47 -0700] "GET /lib/reccapi.php?fields=t&date=2015-09-20&coords=46.92%2C-121.49&size=7&sort=distance HTTP/1.1" 200 1311 "http://whereshouldiski.com/" "Mozilla/5.0 (Macintosh; Intel Mac OS X 10_10_4) AppleWebKit/600.7.12 (KHTML, like Gecko) Version/8.0.7 Safari/600.7.12"
50.135.48.67 - - [15/Sep/2015:21:16:47 -0700] "GET /lib/resortDataSearchD3.php?size=7&sortDate=T&resort=crystalmountain&dateStart=2015-09-18 HTTP/1.1" 200 515 "http://whereshouldiski.com/" "Mozilla/5.0 (Macintosh; Intel Mac OS X 10_10_4) AppleWebKit/600.7.12 (KHTML, like Gecko) Version/8.0.7 Safari/600.7.12"
50.135.48.67 - - [15/Sep/2015:21:16:47 -0700] "GET /lib/reccapi.php?resort=crystalmountain&date=2015-09-21 HTTP/1.1" 200 717 "http://whereshouldiski.com/" "Mozilla/5.0 (Macintosh; Intel Mac OS X 10_10_4) AppleWebKit/600.7.12 (KHTML, like Gecko) Version/8.0.7 Safari/600.7.12"
50.135.48.67 - - [15/Sep/2015:21:16:47 -0700] "GET /lib/reccapi.php?fields=t&date=2015-09-20&coords=46.92%2C-121.49&size=7&sort=distance HTTP/1.1" 200 1311 "http://whereshouldiski.com/" "Mozilla/5.0 (Macintosh; Intel Mac OS X 10_10_4) AppleWebKit/600.7.12 (KHTML, like Gecko) Version/8.0.7 Safari/600.7.12"
50.135.48.67 - - [15/Sep/2015:21:16:47 -0700] "GET /lib/resortDataSearchD3.php?size=7&sortDate=T&resort=crystalmountain&dateStart=2015-09-19 HTTP/1.1" 200 430 "http://whereshouldiski.com/" "Mozilla/5.0 (Macintosh; Intel Mac OS X 10_10_4) AppleWebKit/600.7.12 (KHTML, like Gecko) Version/8.0.7 Safari/600.7.12"
50.135.48.67 - - [15/Sep/2015:21:16:49 -0700] "GET /lib/reccapi.php?resort=crystalmountain&date=2015-09-19 HTTP/1.1" 200 981 "http://whereshouldiski.com/" "Mozilla/5.0 (Macintosh; Intel Mac OS X 10_10_4) AppleWebKit/600.7.12 (KHTML, like Gecko) Version/8.0.7 Safari/600.7.12"
50.135.48.67 - - [15/Sep/2015:21:16:49 -0700] "GET /lib/resortDataSearchD3.php?size=7&sortDate=T&resort=crystalmountain&dateStart=2015-09-17 HTTP/1.1" 200 597 "http://whereshouldiski.com/" "Mozilla/5.0 (Macintosh; Intel Mac OS X 10_10_4) AppleWebKit/600.7.12 (KHTML, like Gecko) Version/8.0.7 Safari/600.7.12"
50.135.48.67 - - [15/Sep/2015:21:16:49 -0700] "GET /lib/reccapi.php?fields=t&date=2015-09-19&coords=46.92%2C-121.49&size=7&sort=distance HTTP/1.1" 200 1335 "http://whereshouldiski.com/" "Mozilla/5.0 (Macintosh; Intel Mac OS X 10_10_4) AppleWebKit/600.7.12 (KHTML, like Gecko) Version/8.0.7 Safari/600.7.12"
50.135.48.67 - - [15/Sep/2015:21:17:09 -0700] "GET /lib/reccapi.php?fields=t HTTP/1.1" 200 1899 "http://whereshouldiski.com/" "Mozilla/5.0 (Macintosh; Intel Mac OS X 10_10_4) AppleWebKit/600.7.12 (KHTML, like Gecko) Version/8.0.7 Safari/600.7.12"
50.135.48.67 - - [15/Sep/2015:21:17:11 -0700] "GET /lib/reccapi.php?resort=crystalmountain&date=2015-09-19 HTTP/1.1" 200 981 "http://whereshouldiski.com/" "Mozilla/5.0 (Macintosh; Intel Mac OS X 10_10_4) AppleWebKit/600.7.12 (KHTML, like Gecko) Version/8.0.7 Safari/600.7.12"
50.135.48.67 - - [15/Sep/2015:21:17:11 -0700] "GET /lib/reccapi.php?fields=t&date=2015-09-19&coords=46.92%2C-121.49&size=7&sort=distance HTTP/1.1" 200 1335 "http://whereshouldiski.com/" "Mozilla/5.0 (Macintosh; Intel Mac OS X 10_10_4) AppleWebKit/600.7.12 (KHTML, like Gecko) Version/8.0.7 Safari/600.7.12"
50.135.48.67 - - [15/Sep/2015:21:17:11 -0700] "GET /lib/resortDataSearchD3.php?size=7&sortDate=T&resort=crystalmountain&dateStart=2015-09-17 HTTP/1.1" 200 598 "http://whereshouldiski.com/" "Mozilla/5.0 (Macintosh; Intel Mac OS X 10_10_4) AppleWebKit/600.7.12 (KHTML, like Gecko) Version/8.0.7 Safari/600.7.12"
123.125.71.92 - - [15/Sep/2015:21:27:59 -0700] "-" 408 0 "-" "-"
220.181.108.102 - - [15/Sep/2015:21:34:03 -0700] "-" 408 0 "-" "-"
170.75.162.130 - - [15/Sep/2015:21:36:55 -0700] "GET /lib/reccapi.php?resort=grandtarghee HTTP/1.1" 200 1058 "-" "node-superagent/0.18.2"
170.75.162.130 - - [15/Sep/2015:21:37:44 -0700] "GET /lib/reccapi.php?resort=mammothmountain HTTP/1.1" 200 1047 "-" "node-superagent/0.18.2"
170.75.162.130 - - [15/Sep/2015:21:38:34 -0700] "GET /lib/reccapi.php?resort=silverstarmountain HTTP/1.1" 200 928 "-" "node-superagent/0.18.2"
180.76.15.34 - - [15/Sep/2015:21:51:15 -0700] "GET / HTTP/1.1" 200 6114 "-" "Mozilla/5.0 (compatible; Baiduspider/2.0; +http://www.baidu.com/search/spider.html)"
180.76.15.30 - - [15/Sep/2015:21:52:08 -0700] "GET / HTTP/1.1" 200 6114 "-" "Mozilla/5.0 (compatible; Baiduspider/2.0; +http://www.baidu.com/search/spider.html)"
50.174.49.159 - - [15/Sep/2015:22:01:26 -0700] "GET /images/wsis-logo-sm.png HTTP/1.1" 200 6108 "http://www.thebackcountry.net/" "Mozilla/5.0 (Macintosh; Intel Mac OS X 10_9_5) AppleWebKit/600.6.3 (KHTML, like Gecko) Version/7.1.6 Safari/537.85.15"
158.69.27.74 - - [15/Sep/2015:22:16:38 -0700] "GET / HTTP/1.1" 200 6151 "-" "Mozilla/5.0 (Windows NT 5.2) AppleWebKit/537.36 (KHTML, like Gecko) Chrome/35.0.1916.153 Safari/537.36"
157.55.39.234 - - [15/Sep/2015:22:21:26 -0700] "GET / HTTP/1.1" 200 2376 "-" "Mozilla/5.0 (compatible; bingbot/2.0; +http://www.bing.com/bingbot.htm)"
170.75.162.130 - - [15/Sep/2015:22:35:19 -0700] "GET /lib/reccapi.php?resort=49degreesnorth HTTP/1.1" 200 1014 "-" "node-superagent/0.18.2"
74.93.28.145 - - [15/Sep/2015:22:42:01 -0700] "GET /images/wsis-logo-sm.png HTTP/1.1" 200 6108 "http://www.thebackcountry.net/" "Mozilla/5.0 (Windows NT 6.1; WOW64; Trident/7.0; rv:11.0) like Gecko"
74.93.28.145 - - [15/Sep/2015:22:42:22 -0700] "-" 408 0 "-" "-"
170.75.162.130 - - [15/Sep/2015:22:43:10 -0700] "GET /lib/reccapi.php?resort=alta HTTP/1.1" 200 987 "-" "node-superagent/0.18.2"
24.180.36.102 - - [15/Sep/2015:23:01:57 -0700] "GET /images/wsis-logo-sm.png HTTP/1.1" 200 6108 "http://www.thebackcountry.net/" "Mozilla/5.0 (iPad; CPU OS 8_4_1 like Mac OS X) AppleWebKit/600.1.4 (KHTML, like Gecko) Version/8.0 Mobile/12H321 Safari/600.1.4"
66.215.128.160 - - [15/Sep/2015:23:05:51 -0700] "GET /images/wsis-logo-sm.png HTTP/1.1" 200 6108 "http://www.thebackcountry.net/?intcmp=mysportinggoodssearchthebackcountry-findbusinesses-externalsite&cmpid=mysportinggoodssearchthebackcountry-findbusinesses-externalsite" "Mozilla/5.0 (Linux; Android 4.4.4; SGH-M919 Build/KTU84P) AppleWebKit/537.36 (KHTML, like Gecko) Chrome/45.0.2454.84 Mobile Safari/537.36"
70.211.70.167 - - [15/Sep/2015:23:22:25 -0700] "GET /images/wsis-logo-sm.png HTTP/1.1" 200 6108 "http://www.thebackcountry.net/" "Mozilla/5.0 (iPhone; CPU iPhone OS 7_1_2 like Mac OS X) AppleWebKit/537.51.2 (KHTML, like Gecko) Version/7.0 Mobile/11D257 Safari/9537.53"
45.79.156.113 - - [15/Sep/2015:23:26:56 -0700] "GET / HTTP/1.1" 200 6095 "-" "-"
180.76.15.32 - - [15/Sep/2015:23:54:24 -0700] "GET / HTTP/1.1" 200 6114 "-" "Mozilla/5.0 (compatible; Baiduspider/2.0; +http://www.baidu.com/search/spider.html)"
180.76.15.163 - - [15/Sep/2015:23:55:32 -0700] "GET / HTTP/1.1" 200 6114 "-" "Mozilla/5.0 (compatible; Baiduspider/2.0; +http://www.baidu.com/search/spider.html)"
170.75.162.130 - - [16/Sep/2015:00:03:06 -0700] "GET /lib/reccapi.php?resort=northstar-at-tahoe HTTP/1.1" 200 1037 "-" "node-superagent/0.18.2"
170.75.162.130 - - [16/Sep/2015:00:19:07 -0700] "GET /lib/reccapi.php?resort=mtrose HTTP/1.1" 200 1044 "-" "node-superagent/0.18.2"
123.125.71.87 - - [16/Sep/2015:00:45:08 -0700] "-" 408 0 "-" "-"
220.181.108.157 - - [16/Sep/2015:00:52:10 -0700] "-" 408 0 "-" "-"
180.76.15.33 - - [16/Sep/2015:00:54:28 -0700] "GET / HTTP/1.1" 200 6114 "-" "Mozilla/5.0 (compatible; Baiduspider/2.0; +http://www.baidu.com/search/spider.html)"
180.76.15.23 - - [16/Sep/2015:00:55:40 -0700] "GET / HTTP/1.1" 200 6114 "-" "Mozilla/5.0 (compatible; Baiduspider/2.0; +http://www.baidu.com/search/spider.html)"
46.119.141.17 - - [16/Sep/2015:00:59:18 -0700] "GET /images/wsis-logo-sm.png HTTP/1.1" 200 6108 "http://www.thebackcountry.net/" "Mozilla/5.0 (Windows NT 6.1; rv:40.0) Gecko/20100101 Firefox/40.0"
185.25.151.159 - - [16/Sep/2015:01:04:11 -0700] "GET http://testp1.piwo.pila.pl/testproxy.php HTTP/1.1" 404 448 "-" "Mozilla/5.0 (Windows NT 5.1; rv:32.0) Gecko/20100101 Firefox/31.0"
170.75.162.130 - - [16/Sep/2015:01:07:21 -0700] "GET /lib/reccapi.php?resort=sugarbush HTTP/1.1" 200 945 "-" "node-superagent/0.18.2"
180.76.15.28 - - [16/Sep/2015:01:41:34 -0700] "GET / HTTP/1.1" 200 6114 "-" "Mozilla/5.0 (compatible; Baiduspider/2.0; +http://www.baidu.com/search/spider.html)"
180.76.15.159 - - [16/Sep/2015:01:42:19 -0700] "GET / HTTP/1.1" 200 6114 "-" "Mozilla/5.0 (compatible; Baiduspider/2.0; +http://www.baidu.com/search/spider.html)"
90.36.183.192 - - [16/Sep/2015:01:58:45 -0700] "GET /images/wsis-logo-sm.png HTTP/1.1" 200 6108 "http://thebackcountry.net/" "Mozilla/5.0 (Windows NT 6.1; WOW64) AppleWebKit/537.36 (KHTML, like Gecko) Chrome/36.0.1985.143 Safari/537.36"
95.93.194.238 - - [16/Sep/2015:02:01:08 -0700] "GET / HTTP/1.1" 200 2376 "http://success-seo.com/try.php?u=http://whereshouldiski.com" "Mozilla/5.0 (Windows NT 6.1; WOW64) AppleWebKit/537.36 (KHTML, like Gecko) Chrome/32.0.1700.107 Safari/537.36"
95.93.194.238 - - [16/Sep/2015:02:01:08 -0700] "GET /styles/0fffd548.main.css HTTP/1.1" 200 19316 "http://whereshouldiski.com/" "Mozilla/5.0 (Windows NT 6.1; WOW64) AppleWebKit/537.36 (KHTML, like Gecko) Chrome/32.0.1700.107 Safari/537.36"
95.93.194.238 - - [16/Sep/2015:02:01:08 -0700] "GET /bower_components/requirejs/require.js HTTP/1.1" 200 6702 "http://whereshouldiski.com/" "Mozilla/5.0 (Windows NT 6.1; WOW64) AppleWebKit/537.36 (KHTML, like Gecko) Chrome/32.0.1700.107 Safari/537.36"
95.93.194.238 - - [16/Sep/2015:02:01:09 -0700] "GET /scripts/scripts/vendor/modernizr.js HTTP/1.1" 200 4903 "http://whereshouldiski.com/" "Mozilla/5.0 (Windows NT 6.1; WOW64) AppleWebKit/537.36 (KHTML, like Gecko) Chrome/32.0.1700.107 Safari/537.36"
95.93.194.238 - - [16/Sep/2015:02:01:09 -0700] "GET /images/logo-sm.png HTTP/1.1" 200 16737 "http://whereshouldiski.com/" "Mozilla/5.0 (Windows NT 6.1; WOW64) AppleWebKit/537.36 (KHTML, like Gecko) Chrome/32.0.1700.107 Safari/537.36"
95.93.194.238 - - [16/Sep/2015:02:01:09 -0700] "GET /images/loading.gif HTTP/1.1" 200 13881 "http://whereshouldiski.com/" "Mozilla/5.0 (Windows NT 6.1; WOW64) AppleWebKit/537.36 (KHTML, like Gecko) Chrome/32.0.1700.107 Safari/537.36"
95.93.194.238 - - [16/Sep/2015:02:01:09 -0700] "GET /scripts/fa48e319.main.js HTTP/1.1" 200 123455 "http://whereshouldiski.com/" "Mozilla/5.0 (Windows NT 6.1; WOW64) AppleWebKit/537.36 (KHTML, like Gecko) Chrome/32.0.1700.107 Safari/537.36"
95.93.194.238 - - [16/Sep/2015:02:01:11 -0700] "GET /images/button.png HTTP/1.1" 200 598 "http://whereshouldiski.com/" "Mozilla/5.0 (Windows NT 6.1; WOW64) AppleWebKit/537.36 (KHTML, like Gecko) Chrome/32.0.1700.107 Safari/537.36"
95.93.194.238 - - [16/Sep/2015:02:01:11 -0700] "GET /lib/reccapi.php?fields=t HTTP/1.1" 200 1764 "http://whereshouldiski.com/" "Mozilla/5.0 (Windows NT 6.1; WOW64) AppleWebKit/537.36 (KHTML, like Gecko) Chrome/32.0.1700.107 Safari/537.36"
95.93.194.238 - - [16/Sep/2015:02:01:11 -0700] "GET /images/greyHeader.png HTTP/1.1" 200 508 "http://whereshouldiski.com/" "Mozilla/5.0 (Windows NT 6.1; WOW64) AppleWebKit/537.36 (KHTML, like Gecko) Chrome/32.0.1700.107 Safari/537.36"
95.93.194.238 - - [16/Sep/2015:02:01:11 -0700] "GET /images/star5.png HTTP/1.1" 200 1783 "http://whereshouldiski.com/" "Mozilla/5.0 (Windows NT 6.1; WOW64) AppleWebKit/537.36 (KHTML, like Gecko) Chrome/32.0.1700.107 Safari/537.36"
95.93.194.238 - - [16/Sep/2015:02:01:11 -0700] "GET /images/snowflake5.png HTTP/1.1" 200 2857 "http://whereshouldiski.com/" "Mozilla/5.0 (Windows NT 6.1; WOW64) AppleWebKit/537.36 (KHTML, like Gecko) Chrome/32.0.1700.107 Safari/537.36"
95.93.194.238 - - [16/Sep/2015:02:01:11 -0700] "GET /images/bluebird5.png HTTP/1.1" 200 2177 "http://whereshouldiski.com/" "Mozilla/5.0 (Windows NT 6.1; WOW64) AppleWebKit/537.36 (KHTML, like Gecko) Chrome/32.0.1700.107 Safari/537.36"
95.93.194.238 - - [16/Sep/2015:02:01:11 -0700] "GET /images/mtns-icon.png HTTP/1.1" 200 1097 "http://whereshouldiski.com/" "Mozilla/5.0 (Windows NT 6.1; WOW64) AppleWebKit/537.36 (KHTML, like Gecko) Chrome/32.0.1700.107 Safari/537.36"
95.93.194.238 - - [16/Sep/2015:02:01:11 -0700] "GET /images/shading-icon.png HTTP/1.1" 200 537 "http://whereshouldiski.com/" "Mozilla/5.0 (Windows NT 6.1; WOW64) AppleWebKit/537.36 (KHTML, like Gecko) Chrome/32.0.1700.107 Safari/537.36"
170.75.162.130 - - [16/Sep/2015:02:12:06 -0700] "GET /lib/reccapi.php?resort=sundayriver HTTP/1.1" 200 947 "-" "node-superagent/0.18.2"
207.46.13.127 - - [16/Sep/2015:02:13:53 -0700] "GET / HTTP/1.1" 200 2376 "-" "Mozilla/5.0 (compatible; bingbot/2.0; +http://www.bing.com/bingbot.htm)"
170.75.162.130 - - [16/Sep/2015:02:15:46 -0700] "GET /lib/reccapi.php?resort=sierra-at-tahoe HTTP/1.1" 200 975 "-" "node-superagent/0.18.2"
170.75.162.130 - - [16/Sep/2015:02:35:18 -0700] "GET /lib/reccapi.php?resort=crestedbutte HTTP/1.1" 200 1035 "-" "node-superagent/0.18.2"
180.76.15.33 - - [16/Sep/2015:02:44:17 -0700] "GET / HTTP/1.1" 200 6114 "-" "Mozilla/5.0 (compatible; Baiduspider/2.0; +http://www.baidu.com/search/spider.html)"
220.181.108.155 - - [16/Sep/2015:02:44:52 -0700] "GET /images/loading.gif HTTP/1.1" 200 13845 "-" "Baiduspider-image+(+http://www.baidu.com/search/spider.htm)"
180.76.15.155 - - [16/Sep/2015:02:45:07 -0700] "GET / HTTP/1.1" 200 6114 "-" "Mozilla/5.0 (compatible; Baiduspider/2.0; +http://www.baidu.com/search/spider.html)"
170.75.162.130 - - [16/Sep/2015:02:50:59 -0700] "GET /lib/reccapi.php?resort=devilshead HTTP/1.1" 200 956 "-" "node-superagent/0.18.2"
180.76.15.6 - - [16/Sep/2015:03:42:36 -0700] "GET / HTTP/1.1" 200 6114 "-" "Mozilla/5.0 (compatible; Baiduspider/2.0; +http://www.baidu.com/search/spider.html)"
180.76.15.159 - - [16/Sep/2015:03:43:25 -0700] "GET / HTTP/1.1" 200 6114 "-" "Mozilla/5.0 (compatible; Baiduspider/2.0; +http://www.baidu.com/search/spider.html)"
180.76.15.22 - - [16/Sep/2015:03:53:19 -0700] "GET / HTTP/1.1" 200 2339 "-" "Mozilla/5.0 (compatible; Baiduspider/2.0; +http://www.baidu.com/search/spider.html)"
170.75.162.130 - - [16/Sep/2015:03:54:21 -0700] "GET /lib/reccapi.php?resort=madriverglen HTTP/1.1" 200 953 "-" "node-superagent/0.18.2"
170.75.162.130 - - [16/Sep/2015:04:04:02 -0700] "GET /lib/reccapi.php?resort=killington HTTP/1.1" 200 967 "-" "node-superagent/0.18.2"
170.75.162.130 - - [16/Sep/2015:04:04:02 -0700] "GET /lib/reccapi.php?resort=alta HTTP/1.1" 200 1034 "-" "node-superagent/0.18.2"
170.75.162.130 - - [16/Sep/2015:04:04:02 -0700] "GET /lib/reccapi.php?resort=sugarloaf HTTP/1.1" 200 947 "-" "node-superagent/0.18.2"
