170.75.162.130 - - [21/Sep/2015:19:41:28 -0700] "GET /lib/reccapi.php?resort=deervalley HTTP/1.1" 200 1001 "-" "node-superagent/0.18.2"
66.249.79.220 - - [21/Sep/2015:19:43:10 -0700] "GET / HTTP/1.1" 200 2376 "-" "DoCoMo/2.0 N905i(c100;TB;W24H16) (compatible; Googlebot-Mobile/2.1; +http://www.google.com/bot.html)"
180.76.15.14 - - [21/Sep/2015:19:47:44 -0700] "GET / HTTP/1.1" 200 6114 "-" "Mozilla/5.0 (compatible; Baiduspider/2.0; +http://www.baidu.com/search/spider.html)"
180.76.15.18 - - [21/Sep/2015:19:48:53 -0700] "GET / HTTP/1.1" 200 6114 "-" "Mozilla/5.0 (compatible; Baiduspider/2.0; +http://www.baidu.com/search/spider.html)"
208.115.111.66 - - [21/Sep/2015:19:54:04 -0700] "GET /resorts?resort=mountspokane&date=2014-10-08 HTTP/1.1" 404 476 "-" "Mozilla/5.0 (compatible; DotBot/1.1; http://www.opensiteexplorer.org/dotbot, help@moz.com)"
107.77.97.49 - - [21/Sep/2015:20:06:34 -0700] "GET /lib/skuList.txt HTTP/1.1" 200 395 "http://whereshouldiski.com/lib/" "Mozilla/5.0 (iPhone; CPU iPhone OS 9_0 like Mac OS X) AppleWebKit/601.1.46 (KHTML, like Gecko) Version/9.0 Mobile/13A344 Safari/601.1"
107.77.97.49 - - [21/Sep/2015:20:06:39 -0700] "GET /lib/test.html HTTP/1.1" 200 1085 "http://whereshouldiski.com/lib/" "Mozilla/5.0 (iPhone; CPU iPhone OS 9_0 like Mac OS X) AppleWebKit/601.1.46 (KHTML, like Gecko) Version/9.0 Mobile/13A344 Safari/601.1"
107.77.97.49 - - [21/Sep/2015:20:06:40 -0700] "GET /lib/resortDataSearch.php?resort=%3C?=%20$resort%20?%3E&dateStart=2013-02-02 HTTP/1.1" 200 331 "http://whereshouldiski.com/lib/test.html" "Mozilla/5.0 (iPhone; CPU iPhone OS 9_0 like Mac OS X) AppleWebKit/601.1.46 (KHTML, like Gecko) Version/9.0 Mobile/13A344 Safari/601.1"
107.77.97.49 - - [21/Sep/2015:20:06:42 -0700] "GET /lib/test.html HTTP/1.1" 200 1085 "http://whereshouldiski.com/lib/" "Mozilla/5.0 (iPhone; CPU iPhone OS 9_0 like Mac OS X) AppleWebKit/601.1.46 (KHTML, like Gecko) Version/9.0 Mobile/13A344 Safari/601.1"
107.77.97.49 - - [21/Sep/2015:20:06:42 -0700] "GET /lib/resortDataSearch.php?resort=%3C?=%20$resort%20?%3E&dateStart=2013-02-02 HTTP/1.1" 200 331 "http://whereshouldiski.com/lib/test.html" "Mozilla/5.0 (iPhone; CPU iPhone OS 9_0 like Mac OS X) AppleWebKit/601.1.46 (KHTML, like Gecko) Version/9.0 Mobile/13A344 Safari/601.1"
107.77.97.49 - - [21/Sep/2015:20:06:46 -0700] "GET / HTTP/1.1" 200 2376 "http://whereshouldiski.com/lib/" "Mozilla/5.0 (iPhone; CPU iPhone OS 9_0 like Mac OS X) AppleWebKit/601.1.46 (KHTML, like Gecko) Version/9.0 Mobile/13A344 Safari/601.1"
107.77.97.49 - - [21/Sep/2015:20:06:46 -0700] "GET /styles/0fffd548.main.css HTTP/1.1" 200 19316 "http://whereshouldiski.com/" "Mozilla/5.0 (iPhone; CPU iPhone OS 9_0 like Mac OS X) AppleWebKit/601.1.46 (KHTML, like Gecko) Version/9.0 Mobile/13A344 Safari/601.1"
107.77.97.49 - - [21/Sep/2015:20:06:46 -0700] "GET /scripts/scripts/vendor/modernizr.js HTTP/1.1" 200 4903 "http://whereshouldiski.com/" "Mozilla/5.0 (iPhone; CPU iPhone OS 9_0 like Mac OS X) AppleWebKit/601.1.46 (KHTML, like Gecko) Version/9.0 Mobile/13A344 Safari/601.1"
107.77.97.49 - - [21/Sep/2015:20:06:46 -0700] "GET /images/logo-sm.png HTTP/1.1" 200 16738 "http://whereshouldiski.com/" "Mozilla/5.0 (iPhone; CPU iPhone OS 9_0 like Mac OS X) AppleWebKit/601.1.46 (KHTML, like Gecko) Version/9.0 Mobile/13A344 Safari/601.1"
107.77.97.49 - - [21/Sep/2015:20:06:46 -0700] "GET /images/loading.gif HTTP/1.1" 200 13882 "http://whereshouldiski.com/" "Mozilla/5.0 (iPhone; CPU iPhone OS 9_0 like Mac OS X) AppleWebKit/601.1.46 (KHTML, like Gecko) Version/9.0 Mobile/13A344 Safari/601.1"
107.77.97.49 - - [21/Sep/2015:20:06:46 -0700] "GET /bower_components/requirejs/require.js HTTP/1.1" 200 6702 "http://whereshouldiski.com/" "Mozilla/5.0 (iPhone; CPU iPhone OS 9_0 like Mac OS X) AppleWebKit/601.1.46 (KHTML, like Gecko) Version/9.0 Mobile/13A344 Safari/601.1"
107.77.97.49 - - [21/Sep/2015:20:06:47 -0700] "GET /scripts/fa48e319.main.js HTTP/1.1" 200 123455 "http://whereshouldiski.com/" "Mozilla/5.0 (iPhone; CPU iPhone OS 9_0 like Mac OS X) AppleWebKit/601.1.46 (KHTML, like Gecko) Version/9.0 Mobile/13A344 Safari/601.1"
107.77.97.49 - - [21/Sep/2015:20:06:48 -0700] "GET /lib/reccapi.php?fields=t HTTP/1.1" 200 1807 "http://whereshouldiski.com/" "Mozilla/5.0 (iPhone; CPU iPhone OS 9_0 like Mac OS X) AppleWebKit/601.1.46 (KHTML, like Gecko) Version/9.0 Mobile/13A344 Safari/601.1"
107.77.97.49 - - [21/Sep/2015:20:06:48 -0700] "GET /images/button.png HTTP/1.1" 200 599 "http://whereshouldiski.com/" "Mozilla/5.0 (iPhone; CPU iPhone OS 9_0 like Mac OS X) AppleWebKit/601.1.46 (KHTML, like Gecko) Version/9.0 Mobile/13A344 Safari/601.1"
107.77.97.49 - - [21/Sep/2015:20:06:49 -0700] "GET /images/greyHeader.png HTTP/1.1" 200 508 "http://whereshouldiski.com/" "Mozilla/5.0 (iPhone; CPU iPhone OS 9_0 like Mac OS X) AppleWebKit/601.1.46 (KHTML, like Gecko) Version/9.0 Mobile/13A344 Safari/601.1"
107.77.97.49 - - [21/Sep/2015:20:06:49 -0700] "GET /images/snowflake5.png HTTP/1.1" 200 2857 "http://whereshouldiski.com/" "Mozilla/5.0 (iPhone; CPU iPhone OS 9_0 like Mac OS X) AppleWebKit/601.1.46 (KHTML, like Gecko) Version/9.0 Mobile/13A344 Safari/601.1"
107.77.97.49 - - [21/Sep/2015:20:06:49 -0700] "GET /images/mtns-icon.png HTTP/1.1" 200 1097 "http://whereshouldiski.com/" "Mozilla/5.0 (iPhone; CPU iPhone OS 9_0 like Mac OS X) AppleWebKit/601.1.46 (KHTML, like Gecko) Version/9.0 Mobile/13A344 Safari/601.1"
107.77.97.49 - - [21/Sep/2015:20:06:49 -0700] "GET /images/star5.png HTTP/1.1" 200 1784 "http://whereshouldiski.com/" "Mozilla/5.0 (iPhone; CPU iPhone OS 9_0 like Mac OS X) AppleWebKit/601.1.46 (KHTML, like Gecko) Version/9.0 Mobile/13A344 Safari/601.1"
107.77.97.49 - - [21/Sep/2015:20:06:49 -0700] "GET /images/bluebird5.png HTTP/1.1" 200 2178 "http://whereshouldiski.com/" "Mozilla/5.0 (iPhone; CPU iPhone OS 9_0 like Mac OS X) AppleWebKit/601.1.46 (KHTML, like Gecko) Version/9.0 Mobile/13A344 Safari/601.1"
107.77.97.49 - - [21/Sep/2015:20:06:49 -0700] "GET /images/shading-icon.png HTTP/1.1" 200 537 "http://whereshouldiski.com/" "Mozilla/5.0 (iPhone; CPU iPhone OS 9_0 like Mac OS X) AppleWebKit/601.1.46 (KHTML, like Gecko) Version/9.0 Mobile/13A344 Safari/601.1"
107.77.97.49 - - [21/Sep/2015:20:06:50 -0700] "GET /lib/reccapi.php?fields=t&coords=47.63641532514956,-122.29019626055126 HTTP/1.1" 200 2002 "http://whereshouldiski.com/" "Mozilla/5.0 (iPhone; CPU iPhone OS 9_0 like Mac OS X) AppleWebKit/601.1.46 (KHTML, like Gecko) Version/9.0 Mobile/13A344 Safari/601.1"
127.0.0.1 - - [21/Sep/2015:20:06:52 -0700] "OPTIONS * HTTP/1.0" 200 126 "-" "Apache/2.2.22 (Ubuntu) (internal dummy connection)"
107.77.97.49 - - [21/Sep/2015:20:07:01 -0700] "GET /lib/esApiSearchHelper.php HTTP/1.1" 200 325 "http://whereshouldiski.com/lib/" "Mozilla/5.0 (iPhone; CPU iPhone OS 9_0 like Mac OS X) AppleWebKit/601.1.46 (KHTML, like Gecko) Version/9.0 Mobile/13A344 Safari/601.1"
67.160.101.135 - - [21/Sep/2015:20:16:08 -0700] "GET / HTTP/1.1" 304 210 "https://www.google.com/" "Mozilla/5.0 (Macintosh; Intel Mac OS X 10_10_4) AppleWebKit/537.36 (KHTML, like Gecko) Chrome/45.0.2454.93 Safari/537.36"
67.160.101.135 - - [21/Sep/2015:20:16:08 -0700] "GET /styles/0fffd548.main.css HTTP/1.1" 304 210 "http://whereshouldiski.com/" "Mozilla/5.0 (Macintosh; Intel Mac OS X 10_10_4) AppleWebKit/537.36 (KHTML, like Gecko) Chrome/45.0.2454.93 Safari/537.36"
67.160.101.135 - - [21/Sep/2015:20:16:08 -0700] "GET /scripts/scripts/vendor/modernizr.js HTTP/1.1" 304 210 "http://whereshouldiski.com/" "Mozilla/5.0 (Macintosh; Intel Mac OS X 10_10_4) AppleWebKit/537.36 (KHTML, like Gecko) Chrome/45.0.2454.93 Safari/537.36"
67.160.101.135 - - [21/Sep/2015:20:16:08 -0700] "GET /bower_components/requirejs/require.js HTTP/1.1" 304 210 "http://whereshouldiski.com/" "Mozilla/5.0 (Macintosh; Intel Mac OS X 10_10_4) AppleWebKit/537.36 (KHTML, like Gecko) Chrome/45.0.2454.93 Safari/537.36"
67.160.101.135 - - [21/Sep/2015:20:16:08 -0700] "GET /images/logo-sm.png HTTP/1.1" 304 187 "http://whereshouldiski.com/" "Mozilla/5.0 (Macintosh; Intel Mac OS X 10_10_4) AppleWebKit/537.36 (KHTML, like Gecko) Chrome/45.0.2454.93 Safari/537.36"
67.160.101.135 - - [21/Sep/2015:20:16:08 -0700] "GET /images/loading.gif HTTP/1.1" 304 186 "http://whereshouldiski.com/" "Mozilla/5.0 (Macintosh; Intel Mac OS X 10_10_4) AppleWebKit/537.36 (KHTML, like Gecko) Chrome/45.0.2454.93 Safari/537.36"
67.160.101.135 - - [21/Sep/2015:20:16:09 -0700] "GET /scripts/fa48e319.main.js HTTP/1.1" 304 210 "http://whereshouldiski.com/" "Mozilla/5.0 (Macintosh; Intel Mac OS X 10_10_4) AppleWebKit/537.36 (KHTML, like Gecko) Chrome/45.0.2454.93 Safari/537.36"
67.160.101.135 - - [21/Sep/2015:20:16:09 -0700] "GET /lib/reccapi.php?resort=crystalmountain&date=2015-09-21 HTTP/1.1" 200 998 "http://whereshouldiski.com/" "Mozilla/5.0 (Macintosh; Intel Mac OS X 10_10_4) AppleWebKit/537.36 (KHTML, like Gecko) Chrome/45.0.2454.93 Safari/537.36"
67.160.101.135 - - [21/Sep/2015:20:16:09 -0700] "GET /images/snowflake-med-5.png HTTP/1.1" 304 186 "http://whereshouldiski.com/styles/0fffd548.main.css" "Mozilla/5.0 (Macintosh; Intel Mac OS X 10_10_4) AppleWebKit/537.36 (KHTML, like Gecko) Chrome/45.0.2454.93 Safari/537.36"
67.160.101.135 - - [21/Sep/2015:20:16:09 -0700] "GET /images/stars-med-5.png HTTP/1.1" 304 185 "http://whereshouldiski.com/styles/0fffd548.main.css" "Mozilla/5.0 (Macintosh; Intel Mac OS X 10_10_4) AppleWebKit/537.36 (KHTML, like Gecko) Chrome/45.0.2454.93 Safari/537.36"
67.160.101.135 - - [21/Sep/2015:20:16:09 -0700] "GET /images/sun-med-5.png HTTP/1.1" 304 186 "http://whereshouldiski.com/styles/0fffd548.main.css" "Mozilla/5.0 (Macintosh; Intel Mac OS X 10_10_4) AppleWebKit/537.36 (KHTML, like Gecko) Chrome/45.0.2454.93 Safari/537.36"
67.160.101.135 - - [21/Sep/2015:20:16:09 -0700] "GET /lib/reccapi.php?fields=t&coords=47.636500899999994,-122.2901696&date=2015-09-21&coords=46.92%2C-121.49&size=7&sort=distance HTTP/1.1" 200 1316 "http://whereshouldiski.com/" "Mozilla/5.0 (Macintosh; Intel Mac OS X 10_10_4) AppleWebKit/537.36 (KHTML, like Gecko) Chrome/45.0.2454.93 Safari/537.36"
67.160.101.135 - - [21/Sep/2015:20:16:09 -0700] "GET /images/mtns-30px.png HTTP/1.1" 304 186 "http://whereshouldiski.com/styles/0fffd548.main.css" "Mozilla/5.0 (Macintosh; Intel Mac OS X 10_10_4) AppleWebKit/537.36 (KHTML, like Gecko) Chrome/45.0.2454.93 Safari/537.36"
67.160.101.135 - - [21/Sep/2015:20:16:09 -0700] "GET /images/shading-53px.png HTTP/1.1" 304 185 "http://whereshouldiski.com/styles/0fffd548.main.css" "Mozilla/5.0 (Macintosh; Intel Mac OS X 10_10_4) AppleWebKit/537.36 (KHTML, like Gecko) Chrome/45.0.2454.93 Safari/537.36"
67.160.101.135 - - [21/Sep/2015:20:16:09 -0700] "GET /images/snowforecast-logo.jpg HTTP/1.1" 304 186 "http://whereshouldiski.com/" "Mozilla/5.0 (Macintosh; Intel Mac OS X 10_10_4) AppleWebKit/537.36 (KHTML, like Gecko) Chrome/45.0.2454.93 Safari/537.36"
67.160.101.135 - - [21/Sep/2015:20:16:09 -0700] "GET /images/opensnow_logo.png HTTP/1.1" 304 186 "http://whereshouldiski.com/" "Mozilla/5.0 (Macintosh; Intel Mac OS X 10_10_4) AppleWebKit/537.36 (KHTML, like Gecko) Chrome/45.0.2454.93 Safari/537.36"
67.160.101.135 - - [21/Sep/2015:20:16:09 -0700] "GET /lib/resortDataSearchD3.php?size=7&sortDate=T&resort=crystalmountain&dateStart=2015-09-19 HTTP/1.1" 200 849 "http://whereshouldiski.com/" "Mozilla/5.0 (Macintosh; Intel Mac OS X 10_10_4) AppleWebKit/537.36 (KHTML, like Gecko) Chrome/45.0.2454.93 Safari/537.36"
67.160.101.135 - - [21/Sep/2015:20:16:09 -0700] "GET /images/snowflake5.png HTTP/1.1" 304 185 "http://whereshouldiski.com/styles/0fffd548.main.css" "Mozilla/5.0 (Macintosh; Intel Mac OS X 10_10_4) AppleWebKit/537.36 (KHTML, like Gecko) Chrome/45.0.2454.93 Safari/537.36"
67.160.101.135 - - [21/Sep/2015:20:16:09 -0700] "GET /images/star5.png HTTP/1.1" 304 185 "http://whereshouldiski.com/styles/0fffd548.main.css" "Mozilla/5.0 (Macintosh; Intel Mac OS X 10_10_4) AppleWebKit/537.36 (KHTML, like Gecko) Chrome/45.0.2454.93 Safari/537.36"
67.160.101.135 - - [21/Sep/2015:20:16:09 -0700] "GET /images/bluebird5.png HTTP/1.1" 304 185 "http://whereshouldiski.com/styles/0fffd548.main.css" "Mozilla/5.0 (Macintosh; Intel Mac OS X 10_10_4) AppleWebKit/537.36 (KHTML, like Gecko) Chrome/45.0.2454.93 Safari/537.36"
67.160.101.135 - - [21/Sep/2015:20:16:09 -0700] "GET /images/mtns-icon.png HTTP/1.1" 304 185 "http://whereshouldiski.com/styles/0fffd548.main.css" "Mozilla/5.0 (Macintosh; Intel Mac OS X 10_10_4) AppleWebKit/537.36 (KHTML, like Gecko) Chrome/45.0.2454.93 Safari/537.36"
67.160.101.135 - - [21/Sep/2015:20:16:09 -0700] "GET /images/shading-icon.png HTTP/1.1" 304 184 "http://whereshouldiski.com/styles/0fffd548.main.css" "Mozilla/5.0 (Macintosh; Intel Mac OS X 10_10_4) AppleWebKit/537.36 (KHTML, like Gecko) Chrome/45.0.2454.93 Safari/537.36"
67.160.101.135 - - [21/Sep/2015:20:16:09 -0700] "GET /favicon.ico HTTP/1.1" 200 1475 "http://whereshouldiski.com/" "Mozilla/5.0 (Macintosh; Intel Mac OS X 10_10_4) AppleWebKit/537.36 (KHTML, like Gecko) Chrome/45.0.2454.93 Safari/537.36"
127.0.0.1 - - [21/Sep/2015:20:16:17 -0700] "OPTIONS * HTTP/1.0" 200 126 "-" "Apache/2.2.22 (Ubuntu) (internal dummy connection)"
67.160.101.135 - - [21/Sep/2015:20:20:19 -0700] "GET /scripts/templates/feedback.html HTTP/1.1" 200 662 "http://whereshouldiski.com/" "Mozilla/5.0 (Macintosh; Intel Mac OS X 10_10_4) AppleWebKit/537.36 (KHTML, like Gecko) Chrome/45.0.2454.93 Safari/537.36"
75.141.243.60 - - [21/Sep/2015:20:22:08 -0700] "GET /images/wsis-logo-sm.png HTTP/1.1" 200 6108 "http://www.thebackcountry.net/" "Mozilla/5.0 (Windows NT 10.0; Win64; x64) AppleWebKit/537.36 (KHTML, like Gecko) Chrome/45.0.2454.93 Safari/537.36"
170.75.162.130 - - [21/Sep/2015:20:23:31 -0700] "GET /lib/reccapi.php?resort=mountbachelor HTTP/1.1" 200 960 "-" "node-superagent/0.18.2"
170.75.162.130 - - [21/Sep/2015:20:23:41 -0700] "GET /lib/reccapi.php?resort=mountainhigh HTTP/1.1" 200 1070 "-" "node-superagent/0.18.2"
170.75.162.130 - - [21/Sep/2015:20:27:31 -0700] "GET /lib/reccapi.php?resort=alyeska HTTP/1.1" 200 998 "-" "node-superagent/0.18.2"
208.115.111.66 - - [21/Sep/2015:20:32:01 -0700] "GET /robots.txt HTTP/1.1" 200 319 "-" "Mozilla/5.0 (compatible; DotBot/1.1; http://www.opensiteexplorer.org/dotbot, help@moz.com)"
170.75.162.130 - - [21/Sep/2015:20:32:42 -0700] "GET /lib/reccapi.php?resort=brianhead HTTP/1.1" 200 968 "-" "node-superagent/0.18.2"
46.151.52.30 - - [21/Sep/2015:20:32:53 -0700] "GET /resorts?resort=cannonmountain HTTP/1.0" 404 495 "http://whereshouldiski.com/resorts?resort=cannonmountain" "Mozilla/5.0 (Windows NT 6.1; WOW64) AppleWebKit/537.36 (KHTML, like Gecko) Chrome/41.0.2272.89 Safari/537.36 OPR/28.0.1750.48"
46.151.52.30 - - [21/Sep/2015:20:32:54 -0700] "GET / HTTP/1.0" 200 6114 "http://whereshouldiski.com/" "Mozilla/5.0 (Windows NT 6.1; WOW64) AppleWebKit/537.36 (KHTML, like Gecko) Chrome/41.0.2272.89 Safari/537.36 OPR/28.0.1750.48"
180.76.15.147 - - [21/Sep/2015:20:42:30 -0700] "GET / HTTP/1.1" 200 6114 "-" "Mozilla/5.0 (compatible; Baiduspider/2.0; +http://www.baidu.com/search/spider.html)"
180.76.15.158 - - [21/Sep/2015:20:43:22 -0700] "GET / HTTP/1.1" 200 6114 "-" "Mozilla/5.0 (compatible; Baiduspider/2.0; +http://www.baidu.com/search/spider.html)"
69.64.46.86 - - [21/Sep/2015:20:43:31 -0700] "GET /cgi-bin/rtpd.cgi HTTP/1.0" 404 525 "-" "-"
170.75.162.130 - - [21/Sep/2015:20:55:04 -0700] "GET /lib/reccapi.php?resort=mountspokane HTTP/1.1" 200 1017 "-" "node-superagent/0.18.2"
94.102.48.194 - - [21/Sep/2015:21:14:37 -0700] "GET / HTTP/1.0" 200 6114 "-" "masscan/1.0 (https://github.com/robertdavidgraham/masscan)"
208.115.111.66 - - [21/Sep/2015:21:21:49 -0700] "GET /resorts?resort=squawvalleyusa HTTP/1.1" 404 476 "-" "Mozilla/5.0 (compatible; DotBot/1.1; http://www.opensiteexplorer.org/dotbot, help@moz.com)"
208.115.111.66 - - [21/Sep/2015:21:22:05 -0700] "GET /resorts?resort=smugglersnotch HTTP/1.1" 404 476 "-" "Mozilla/5.0 (compatible; DotBot/1.1; http://www.opensiteexplorer.org/dotbot, help@moz.com)"
50.185.118.56 - - [21/Sep/2015:21:31:59 -0700] "GET /images/wsis-logo-sm.png HTTP/1.1" 200 6108 "http://www.thebackcountry.net/" "Mozilla/5.0 (Windows NT 6.1; WOW64; Trident/7.0; rv:11.0) like Gecko"
50.185.118.56 - - [21/Sep/2015:21:32:20 -0700] "-" 408 0 "-" "-"
192.187.126.163 - - [21/Sep/2015:21:41:04 -0700] "GET /incs/fckeditor/editor/ HTTP/1.1" 404 476 "-" "compatible;Baiduspider/2.0; +http://www.baidu.com/search/spider.html"
170.75.162.130 - - [21/Sep/2015:21:42:27 -0700] "GET /lib/reccapi.php?resort=grandtarghee HTTP/1.1" 200 975 "-" "node-superagent/0.18.2"
170.75.162.130 - - [21/Sep/2015:21:42:27 -0700] "GET /lib/reccapi.php?resort=jaypeak HTTP/1.1" 200 985 "-" "node-superagent/0.18.2"
170.75.162.130 - - [21/Sep/2015:21:42:27 -0700] "GET /lib/reccapi.php?resort=bigwhite HTTP/1.1" 200 912 "-" "node-superagent/0.18.2"
170.75.162.130 - - [21/Sep/2015:21:42:27 -0700] "GET /lib/reccapi.php?resort=jacksonhole HTTP/1.1" 200 957 "-" "node-superagent/0.18.2"
170.75.162.130 - - [21/Sep/2015:21:43:27 -0700] "GET /lib/reccapi.php?resort=killington HTTP/1.1" 200 950 "-" "node-superagent/0.18.2"
170.75.162.130 - - [21/Sep/2015:21:43:27 -0700] "GET /lib/reccapi.php?resort=smugglersnotch HTTP/1.1" 200 954 "-" "node-superagent/0.18.2"
170.75.162.130 - - [21/Sep/2015:21:43:27 -0700] "GET /lib/reccapi.php?resort=diamondpeak HTTP/1.1" 200 929 "-" "node-superagent/0.18.2"
170.75.162.130 - - [21/Sep/2015:21:43:27 -0700] "GET /lib/reccapi.php?resort=sugarbush HTTP/1.1" 200 948 "-" "node-superagent/0.18.2"
170.75.162.130 - - [21/Sep/2015:21:43:27 -0700] "GET /lib/reccapi.php?resort=stowe HTTP/1.1" 200 928 "-" "node-superagent/0.18.2"
170.75.162.130 - - [21/Sep/2015:21:43:37 -0700] "GET /lib/reccapi.php?resort=hoodoo HTTP/1.1" 200 978 "-" "node-superagent/0.18.2"
170.75.162.130 - - [21/Sep/2015:21:43:47 -0700] "GET /lib/reccapi.php?resort=cannonmountain HTTP/1.1" 200 952 "-" "node-superagent/0.18.2"
170.75.162.130 - - [21/Sep/2015:21:44:27 -0700] "GET /lib/reccapi.php?resort=mounthoodmeadows HTTP/1.1" 200 1025 "-" "node-superagent/0.18.2"
170.75.162.130 - - [21/Sep/2015:21:44:27 -0700] "GET /lib/reccapi.php?resort=mtrose HTTP/1.1" 200 931 "-" "node-superagent/0.18.2"
170.75.162.130 - - [21/Sep/2015:21:44:27 -0700] "GET /lib/reccapi.php?resort=redmountain HTTP/1.1" 200 899 "-" "node-superagent/0.18.2"
170.75.162.130 - - [21/Sep/2015:21:44:27 -0700] "GET /lib/reccapi.php?resort=silverstarmountain HTTP/1.1" 200 927 "-" "node-superagent/0.18.2"
170.75.162.130 - - [21/Sep/2015:21:44:47 -0700] "GET /lib/reccapi.php?resort=sundayriver HTTP/1.1" 200 951 "-" "node-superagent/0.18.2"
170.75.162.130 - - [21/Sep/2015:21:44:57 -0700] "GET /lib/reccapi.php?resort=snowbird HTTP/1.1" 200 942 "-" "node-superagent/0.18.2"
180.76.15.32 - - [21/Sep/2015:21:45:01 -0700] "GET / HTTP/1.1" 200 6114 "-" "Mozilla/5.0 (compatible; Baiduspider/2.0; +http://www.baidu.com/search/spider.html)"
170.75.162.130 - - [21/Sep/2015:21:45:27 -0700] "GET /lib/reccapi.php?resort=sunvalley HTTP/1.1" 200 981 "-" "node-superagent/0.18.2"
170.75.162.130 - - [21/Sep/2015:21:45:47 -0700] "GET /lib/reccapi.php?resort=sunpeaksresort HTTP/1.1" 200 912 "-" "node-superagent/0.18.2"
180.76.15.163 - - [21/Sep/2015:21:45:58 -0700] "GET / HTTP/1.1" 200 6114 "-" "Mozilla/5.0 (compatible; Baiduspider/2.0; +http://www.baidu.com/search/spider.html)"
170.75.162.130 - - [21/Sep/2015:22:01:19 -0700] "GET /lib/reccapi.php?resort=mammothmountain HTTP/1.1" 200 976 "-" "node-superagent/0.18.2"
180.76.15.6 - - [21/Sep/2015:22:21:40 -0700] "GET /resorts?resort=mountbachelor HTTP/1.1" 404 469 "-" "Mozilla/5.0 (compatible; Baiduspider/2.0; +http://www.baidu.com/search/spider.html)"
24.10.104.215 - - [21/Sep/2015:22:34:24 -0700] "GET /images/wsis-logo-sm.png HTTP/1.1" 200 6108 "http://www.thebackcountry.net/" "Mozilla/5.0 (Windows NT 6.1; WOW64; rv:40.0) Gecko/20100101 Firefox/40.0"
170.75.162.130 - - [21/Sep/2015:22:47:52 -0700] "GET /lib/reccapi.php?resort=stevenspass HTTP/1.1" 200 961 "-" "node-superagent/0.18.2"
170.75.162.130 - - [21/Sep/2015:22:52:53 -0700] "GET /lib/reccapi.php?resort=parkcity HTTP/1.1" 200 995 "-" "node-superagent/0.18.2"
180.76.15.11 - - [21/Sep/2015:22:53:33 -0700] "GET / HTTP/1.1" 200 6114 "-" "Mozilla/5.0 (compatible; Baiduspider/2.0; +http://www.baidu.com/search/spider.html)"
180.76.15.137 - - [21/Sep/2015:22:54:02 -0700] "GET / HTTP/1.1" 200 6114 "-" "Mozilla/5.0 (compatible; Baiduspider/2.0; +http://www.baidu.com/search/spider.html)"
170.75.162.130 - - [21/Sep/2015:23:02:43 -0700] "GET /lib/reccapi.php?resort=bigsky HTTP/1.1" 200 970 "-" "node-superagent/0.18.2"
170.75.162.130 - - [21/Sep/2015:23:02:43 -0700] "GET /lib/reccapi.php?resort=madriverglen HTTP/1.1" 200 950 "-" "node-superagent/0.18.2"
170.75.162.130 - - [21/Sep/2015:23:02:43 -0700] "GET /lib/reccapi.php?resort=49degreesnorth HTTP/1.1" 200 995 "-" "node-superagent/0.18.2"
170.75.162.130 - - [21/Sep/2015:23:03:43 -0700] "GET /lib/reccapi.php?resort=canyons HTTP/1.1" 200 971 "-" "node-superagent/0.18.2"
170.75.162.130 - - [21/Sep/2015:23:03:44 -0700] "GET /lib/reccapi.php?resort=devilshead HTTP/1.1" 200 936 "-" "node-superagent/0.18.2"
170.75.162.130 - - [21/Sep/2015:23:03:44 -0700] "GET /lib/reccapi.php?resort=heavenly HTTP/1.1" 200 961 "-" "node-superagent/0.18.2"
170.75.162.130 - - [21/Sep/2015:23:03:44 -0700] "GET /lib/reccapi.php?resort=homewoodmountain HTTP/1.1" 200 969 "-" "node-superagent/0.18.2"
170.75.162.130 - - [21/Sep/2015:23:03:44 -0700] "GET /lib/reccapi.php?resort=kirkwood HTTP/1.1" 200 996 "-" "node-superagent/0.18.2"
170.75.162.130 - - [21/Sep/2015:23:03:44 -0700] "GET /lib/reccapi.php?resort=northstar-at-tahoe HTTP/1.1" 200 951 "-" "node-superagent/0.18.2"
170.75.162.130 - - [21/Sep/2015:23:03:44 -0700] "GET /lib/reccapi.php?resort=sierra-at-tahoe HTTP/1.1" 200 974 "-" "node-superagent/0.18.2"
170.75.162.130 - - [21/Sep/2015:23:03:44 -0700] "GET /lib/reccapi.php?resort=sugarloaf HTTP/1.1" 200 948 "-" "node-superagent/0.18.2"
170.75.162.130 - - [21/Sep/2015:23:03:44 -0700] "GET /lib/reccapi.php?resort=whitefacemountain HTTP/1.1" 200 959 "-" "node-superagent/0.18.2"
170.75.162.130 - - [21/Sep/2015:23:04:04 -0700] "GET /lib/reccapi.php?resort=chinapeak HTTP/1.1" 200 975 "-" "node-superagent/0.18.2"
170.75.162.130 - - [21/Sep/2015:23:04:04 -0700] "GET /lib/reccapi.php?resort=redlodge HTTP/1.1" 200 1023 "-" "node-superagent/0.18.2"
170.75.162.130 - - [21/Sep/2015:23:04:14 -0700] "GET /lib/reccapi.php?resort=schweitzer HTTP/1.1" 200 1010 "-" "node-superagent/0.18.2"
170.75.162.130 - - [21/Sep/2015:23:04:44 -0700] "GET /lib/reccapi.php?resort=sugarbowl HTTP/1.1" 200 947 "-" "node-superagent/0.18.2"
170.75.162.130 - - [21/Sep/2015:23:04:44 -0700] "GET /lib/reccapi.php?resort=snowbasin HTTP/1.1" 200 963 "-" "node-superagent/0.18.2"
170.75.162.130 - - [21/Sep/2015:23:28:35 -0700] "GET /lib/reccapi.php?resort=winterpark HTTP/1.1" 200 978 "-" "node-superagent/0.18.2"
170.75.162.130 - - [21/Sep/2015:23:45:57 -0700] "GET /lib/reccapi.php?resort=angelfire HTTP/1.1" 200 990 "-" "node-superagent/0.18.2"
170.75.162.130 - - [21/Sep/2015:23:45:57 -0700] "GET /lib/reccapi.php?resort=taos HTTP/1.1" 200 933 "-" "node-superagent/0.18.2"
24.67.201.20 - - [21/Sep/2015:23:47:59 -0700] "GET /images/wsis-logo-sm.png HTTP/1.1" 200 6108 "http://www.thebackcountry.net/" "Mozilla/5.0 (iPhone; CPU iPhone OS 9_0 like Mac OS X) AppleWebKit/600.1.4 (KHTML, like Gecko) GSA/8.0.57838 Mobile/13A344 Safari/600.1.4"
66.249.79.234 - - [21/Sep/2015:23:50:36 -0700] "GET /images/wsis-logo-sm.png HTTP/1.1" 304 187 "-" "Googlebot-Image/1.0"
170.75.162.130 - - [22/Sep/2015:00:27:30 -0700] "GET /lib/reccapi.php?resort=alpinemeadows HTTP/1.1" 200 1012 "-" "node-superagent/0.18.2"
170.75.162.130 - - [22/Sep/2015:00:27:30 -0700] "GET /lib/reccapi.php?resort=squawvalleyusa HTTP/1.1" 200 980 "-" "node-superagent/0.18.2"
66.249.79.234 - - [22/Sep/2015:00:42:59 -0700] "GET /js/plugins/jqplot.canvasAxisTickRenderer.min.js HTTP/1.1" 404 534 "-" "Mozilla/5.0 (compatible; Googlebot/2.1; +http://www.google.com/bot.html)"
66.249.79.220 - - [22/Sep/2015:00:43:00 -0700] "GET /templates/js_wright/wright/css/joomla25.css HTTP/1.1" 404 526 "-" "Mozilla/5.0 (compatible; Googlebot/2.1; +http://www.google.com/bot.html)"
66.249.79.227 - - [22/Sep/2015:00:43:00 -0700] "GET /js/plugins/jqplot.cursor.min.js HTTP/1.1" 404 522 "-" "Mozilla/5.0 (compatible; Googlebot/2.1; +http://www.google.com/bot.html)"
66.249.79.227 - - [22/Sep/2015:00:43:00 -0700] "GET /wsis.css HTTP/1.1" 404 503 "-" "Mozilla/5.0 (compatible; Googlebot/2.1; +http://www.google.com/bot.html)"
66.249.79.227 - - [22/Sep/2015:00:43:01 -0700] "GET /templates/js_wright/wright/bootstrap/js/bootstrap.min.js HTTP/1.1" 404 529 "-" "Mozilla/5.0 (compatible; Googlebot/2.1; +http://www.google.com/bot.html)"
170.75.162.130 - - [22/Sep/2015:00:43:01 -0700] "GET /lib/reccapi.php?resort=snowmass HTTP/1.1" 200 1013 "-" "node-superagent/0.18.2"
66.249.79.227 - - [22/Sep/2015:00:43:01 -0700] "GET /media/system/js/core.js HTTP/1.1" 404 514 "-" "Mozilla/5.0 (compatible; Googlebot/2.1; +http://www.google.com/bot.html)"
66.249.79.220 - - [22/Sep/2015:00:43:02 -0700] "GET /templates/js_wright/wright/fontawesomemore/css/font-awesome.css HTTP/1.1" 404 534 "-" "Mozilla/5.0 (compatible; Googlebot/2.1; +http://www.google.com/bot.html)"
66.249.79.220 - - [22/Sep/2015:00:43:02 -0700] "GET /js/plugins/jqplot.dateAxisRenderer.min.js HTTP/1.1" 404 528 "-" "Mozilla/5.0 (compatible; Googlebot/2.1; +http://www.google.com/bot.html)"
66.249.79.234 - - [22/Sep/2015:00:43:03 -0700] "GET /js/jquery.jqplot.min.js HTTP/1.1" 404 516 "-" "Mozilla/5.0 (compatible; Googlebot/2.1; +http://www.google.com/bot.html)"
66.249.79.227 - - [22/Sep/2015:00:43:03 -0700] "GET /templates/js_wright/css/style-theme1.css HTTP/1.1" 404 526 "-" "Mozilla/5.0 (compatible; Googlebot/2.1; +http://www.google.com/bot.html)"
66.249.79.227 - - [22/Sep/2015:00:43:04 -0700] "GET /js/plugins/jqplot.canvasAxisLabelRenderer.min.js HTTP/1.1" 404 533 "-" "Mozilla/5.0 (compatible; Googlebot/2.1; +http://www.google.com/bot.html)"
66.249.79.234 - - [22/Sep/2015:00:43:04 -0700] "GET /js/plugins/jqplot.canvasTextRenderer.min.js HTTP/1.1" 404 529 "-" "Mozilla/5.0 (compatible; Googlebot/2.1; +http://www.google.com/bot.html)"
66.249.79.234 - - [22/Sep/2015:00:43:05 -0700] "GET /templates/js_wright/wright/bootstrap/css/bootstrap-responsive.min.css HTTP/1.1" 404 538 "-" "Mozilla/5.0 (compatible; Googlebot/2.1; +http://www.google.com/bot.html)"
66.249.79.234 - - [22/Sep/2015:00:43:05 -0700] "GET /js/plugins/jqplot.highlighter.min.js HTTP/1.1" 404 523 "-" "Mozilla/5.0 (compatible; Googlebot/2.1; +http://www.google.com/bot.html)"
66.249.79.227 - - [22/Sep/2015:00:43:05 -0700] "GET /js/jquery.jqplot.min.css HTTP/1.1" 404 515 "-" "Mozilla/5.0 (compatible; Googlebot/2.1; +http://www.google.com/bot.html)"
66.249.79.227 - - [22/Sep/2015:00:43:06 -0700] "GET /templates/js_wright/css/1_template.css HTTP/1.1" 404 521 "-" "Mozilla/5.0 (compatible; Googlebot/2.1; +http://www.google.com/bot.html)"
66.249.79.220 - - [22/Sep/2015:00:43:06 -0700] "GET /templates/js_wright/wright/bootstrap/css/bootstrap.min.css HTTP/1.1" 404 531 "-" "Mozilla/5.0 (compatible; Googlebot/2.1; +http://www.google.com/bot.html)"
180.76.15.138 - - [22/Sep/2015:00:53:35 -0700] "GET / HTTP/1.1" 200 6114 "-" "Mozilla/5.0 (compatible; Baiduspider/2.0; +http://www.baidu.com/search/spider.html)"
180.76.15.14 - - [22/Sep/2015:00:54:49 -0700] "GET / HTTP/1.1" 200 6114 "-" "Mozilla/5.0 (compatible; Baiduspider/2.0; +http://www.baidu.com/search/spider.html)"
157.55.39.33 - - [22/Sep/2015:01:07:58 -0700] "GET /robots.txt HTTP/1.1" 200 375 "-" "Mozilla/5.0 (compatible; bingbot/2.0; +http://www.bing.com/bingbot.htm)"
157.55.39.14 - - [22/Sep/2015:01:08:15 -0700] "GET / HTTP/1.1" 200 2376 "-" "Mozilla/5.0 (compatible; bingbot/2.0; +http://www.bing.com/bingbot.htm)"
180.76.15.152 - - [22/Sep/2015:01:51:15 -0700] "GET / HTTP/1.1" 200 6114 "-" "Mozilla/5.0 (compatible; Baiduspider/2.0; +http://www.baidu.com/search/spider.html)"
180.76.15.154 - - [22/Sep/2015:01:52:22 -0700] "GET / HTTP/1.1" 200 6114 "-" "Mozilla/5.0 (compatible; Baiduspider/2.0; +http://www.baidu.com/search/spider.html)"
153.143.51.192 - - [22/Sep/2015:02:11:44 -0700] "GET /images/wsis-logo-sm.png HTTP/1.1" 200 6108 "http://www.thebackcountry.net/" "Mozilla/5.0 (Macintosh; Intel Mac OS X 10_10_4) AppleWebKit/600.7.12 (KHTML, like Gecko) Version/8.0.7 Safari/600.7.12"
176.31.126.56 - - [22/Sep/2015:02:19:51 -0700] "GET /robots.txt HTTP/1.0" 200 338 "-" ""
176.31.126.56 - - [22/Sep/2015:02:19:51 -0700] "GET / HTTP/1.1" 206 6142 "-" "Mozilla/5.0 (X11; Linux i686) AppleWebKit/534.30 (KHTML, like Gecko) Slackware/Chrome/12.0.742.100 Safari/534.30"
176.31.126.56 - - [22/Sep/2015:02:19:53 -0700] "GET /about HTTP/1.1" 404 476 "-" "Mozilla/5.0 (X11; Linux i686) AppleWebKit/534.30 (KHTML, like Gecko) Slackware/Chrome/12.0.742.100 Safari/534.30"
66.249.79.252 - - [22/Sep/2015:02:32:54 -0700] "GET /robots.txt HTTP/1.1" 200 419 "-" "Mozilla/5.0 (compatible; Googlebot/2.1; +http://www.google.com/bot.html)"
66.249.79.134 - - [22/Sep/2015:02:32:54 -0700] "GET / HTTP/1.1" 200 2376 "-" "Mozilla/5.0 (iPhone; CPU iPhone OS 8_3 like Mac OS X) AppleWebKit/600.1.4 (KHTML, like Gecko) Version/8.0 Mobile/12F70 Safari/600.1.4 (compatible; Googlebot/2.1; +http://www.google.com/bot.html)"
170.75.162.130 - - [22/Sep/2015:02:33:40 -0700] "GET /lib/reccapi.php?resort=aspenheights HTTP/1.1" 200 1045 "-" "node-superagent/0.18.2"
170.75.162.130 - - [22/Sep/2015:02:33:40 -0700] "GET /lib/reccapi.php?resort=arapahoebasin HTTP/1.1" 200 1043 "-" "node-superagent/0.18.2"
170.75.162.130 - - [22/Sep/2015:02:33:40 -0700] "GET /lib/reccapi.php?resort=aspenmountain HTTP/1.1" 200 1007 "-" "node-superagent/0.18.2"
170.75.162.130 - - [22/Sep/2015:02:33:40 -0700] "GET /lib/reccapi.php?resort=buttermilk HTTP/1.1" 200 999 "-" "node-superagent/0.18.2"
170.75.162.130 - - [22/Sep/2015:02:33:40 -0700] "GET /lib/reccapi.php?resort=coppermountain HTTP/1.1" 200 1035 "-" "node-superagent/0.18.2"
170.75.162.130 - - [22/Sep/2015:02:33:40 -0700] "GET /lib/reccapi.php?resort=crestedbutte HTTP/1.1" 200 1036 "-" "node-superagent/0.18.2"
170.75.162.130 - - [22/Sep/2015:02:33:40 -0700] "GET /lib/reccapi.php?resort=keystone HTTP/1.1" 200 1031 "-" "node-superagent/0.18.2"
170.75.162.130 - - [22/Sep/2015:02:33:41 -0700] "GET /lib/reccapi.php?resort=loveland HTTP/1.1" 200 1028 "-" "node-superagent/0.18.2"
170.75.162.130 - - [22/Sep/2015:02:33:41 -0700] "GET /lib/reccapi.php?resort=monarch HTTP/1.1" 200 1005 "-" "node-superagent/0.18.2"
170.75.162.130 - - [22/Sep/2015:02:33:41 -0700] "GET /lib/reccapi.php?resort=steamboat HTTP/1.1" 200 964 "-" "node-superagent/0.18.2"
170.75.162.130 - - [22/Sep/2015:02:33:41 -0700] "GET /lib/reccapi.php?resort=telluride HTTP/1.1" 200 1039 "-" "node-superagent/0.18.2"
91.215.153.17 - - [22/Sep/2015:02:40:23 -0700] "GET / HTTP/1.1" 200 2339 "http://whereshouldiski.com/" "Mozilla/4.0 (compatible; MSIE 6.0; Windows NT 5.1; SV1)"
180.76.15.141 - - [22/Sep/2015:02:41:05 -0700] "GET / HTTP/1.1" 200 6114 "-" "Mozilla/5.0 (compatible; Baiduspider/2.0; +http://www.baidu.com/search/spider.html)"
180.76.15.29 - - [22/Sep/2015:02:41:51 -0700] "GET / HTTP/1.1" 200 6114 "-" "Mozilla/5.0 (compatible; Baiduspider/2.0; +http://www.baidu.com/search/spider.html)"
170.75.162.130 - - [22/Sep/2015:02:53:11 -0700] "GET /lib/reccapi.php?resort=alta HTTP/1.1" 200 942 "-" "node-superagent/0.18.2"
207.192.249.85 - - [22/Sep/2015:03:24:45 -0700] "GET /images/wsis-logo-sm.png HTTP/1.1" 200 6108 "http://www.thebackcountry.net/" "Mozilla/5.0 (Macintosh; Intel Mac OS X 10_9_5) AppleWebKit/537.36 (KHTML, like Gecko) Chrome/45.0.2454.85 Safari/537.36"
170.75.162.130 - - [22/Sep/2015:03:26:34 -0700] "GET /lib/reccapi.php?resort=stowe HTTP/1.1" 200 940 "-" "node-superagent/0.18.2"
180.76.15.5 - - [22/Sep/2015:04:01:26 -0700] "GET / HTTP/1.1" 200 6114 "-" "Mozilla/5.0 (compatible; Baiduspider/2.0; +http://www.baidu.com/search/spider.html)"
180.76.15.24 - - [22/Sep/2015:04:02:56 -0700] "GET / HTTP/1.1" 200 6114 "-" "Mozilla/5.0 (compatible; Baiduspider/2.0; +http://www.baidu.com/search/spider.html)"
180.153.201.79 - - [22/Sep/2015:04:33:23 -0700] "GET / HTTP/1.1" 200 6114 "-" "Mozilla/5.0 (Linux; U; Android 4.4.2; zh-cn; GT-I9500 Build/KOT49H) AppleWebKit/537.36 (KHTML, like Gecko)Version/4.0 MQQBrowser/5.0 QQ-Manager Mobile Safari/537.36"
86.142.152.122 - - [22/Sep/2015:04:36:11 -0700] "GET /images/wsis-logo-sm.png HTTP/1.1" 200 6108 "http://www.thebackcountry.net/" "Mozilla/5.0 (Windows NT 6.1; WOW64; rv:40.0) Gecko/20100101 Firefox/40.0"
216.107.155.114 - - [22/Sep/2015:04:41:03 -0700] "GET /robots.txt HTTP/1.0" 200 338 "-" "Mozilla/5.0 (compatible; MJ12bot/v1.4.5; http://www.majestic12.co.uk/bot.php?+)"
216.107.155.114 - - [22/Sep/2015:04:41:04 -0700] "GET / HTTP/1.0" 200 6114 "-" "Mozilla/5.0 (compatible; MJ12bot/v1.4.5; http://www.majestic12.co.uk/bot.php?+)"
170.75.162.130 - - [22/Sep/2015:05:03:13 -0700] "GET /lib/reccapi.php?resort=mtrose HTTP/1.1" 200 958 "-" "node-superagent/0.18.2"
157.55.39.14 - - [22/Sep/2015:05:16:59 -0700] "GET / HTTP/1.1" 200 2376 "-" "Mozilla/5.0 (compatible; bingbot/2.0; +http://www.bing.com/bingbot.htm)"
66.249.79.227 - - [22/Sep/2015:05:22:44 -0700] "GET /resorts?resort=pomerelle&date=2012-12-22 HTTP/1.1" 404 506 "-" "Mozilla/5.0 (iPhone; CPU iPhone OS 8_3 like Mac OS X) AppleWebKit/600.1.4 (KHTML, like Gecko) Version/8.0 Mobile/12F70 Safari/600.1.4 (compatible; Googlebot/2.1; +http://www.google.com/bot.html)"
180.76.15.29 - - [22/Sep/2015:05:34:58 -0700] "GET / HTTP/1.1" 200 6114 "-" "Mozilla/5.0 (compatible; Baiduspider/2.0; +http://www.baidu.com/search/spider.html)"
180.76.15.138 - - [22/Sep/2015:05:35:30 -0700] "GET / HTTP/1.1" 200 6114 "-" "Mozilla/5.0 (compatible; Baiduspider/2.0; +http://www.baidu.com/search/spider.html)"
170.75.162.130 - - [22/Sep/2015:05:39:36 -0700] "GET /lib/reccapi.php?resort=jacksonhole HTTP/1.1" 200 977 "-" "node-superagent/0.18.2"
208.115.113.83 - - [22/Sep/2015:05:41:49 -0700] "GET /robots.txt HTTP/1.1" 200 319 "-" "Mozilla/5.0 (compatible; DotBot/1.1; http://www.opensiteexplorer.org/dotbot, help@moz.com)"
186.207.45.233 - - [22/Sep/2015:05:45:59 -0700] "GET / HTTP/1.1" 200 2376 "http://success-seo.com/try.php?u=http://whereshouldiski.com" "Mozilla/5.0 (Windows NT 6.1; WOW64) AppleWebKit/537.36 (KHTML, like Gecko) Chrome/36.0.1985.143 Safari/537.36"
186.207.45.233 - - [22/Sep/2015:05:46:00 -0700] "GET /styles/0fffd548.main.css HTTP/1.1" 200 19316 "http://whereshouldiski.com/" "Mozilla/5.0 (Windows NT 6.1; WOW64) AppleWebKit/537.36 (KHTML, like Gecko) Chrome/36.0.1985.143 Safari/537.36"
186.207.45.233 - - [22/Sep/2015:05:46:00 -0700] "GET /scripts/scripts/vendor/modernizr.js HTTP/1.1" 200 4903 "http://whereshouldiski.com/" "Mozilla/5.0 (Windows NT 6.1; WOW64) AppleWebKit/537.36 (KHTML, like Gecko) Chrome/36.0.1985.143 Safari/537.36"
186.207.45.233 - - [22/Sep/2015:05:46:00 -0700] "GET /bower_components/requirejs/require.js HTTP/1.1" 200 6702 "http://whereshouldiski.com/" "Mozilla/5.0 (Windows NT 6.1; WOW64) AppleWebKit/537.36 (KHTML, like Gecko) Chrome/36.0.1985.143 Safari/537.36"
186.207.45.233 - - [22/Sep/2015:05:46:01 -0700] "GET /images/logo-sm.png HTTP/1.1" 200 16737 "http://whereshouldiski.com/" "Mozilla/5.0 (Windows NT 6.1; WOW64) AppleWebKit/537.36 (KHTML, like Gecko) Chrome/36.0.1985.143 Safari/537.36"
186.207.45.233 - - [22/Sep/2015:05:46:01 -0700] "GET /images/loading.gif HTTP/1.1" 200 13881 "http://whereshouldiski.com/" "Mozilla/5.0 (Windows NT 6.1; WOW64) AppleWebKit/537.36 (KHTML, like Gecko) Chrome/36.0.1985.143 Safari/537.36"
186.207.45.233 - - [22/Sep/2015:05:46:01 -0700] "GET /scripts/fa48e319.main.js HTTP/1.1" 200 123455 "http://whereshouldiski.com/" "Mozilla/5.0 (Windows NT 6.1; WOW64) AppleWebKit/537.36 (KHTML, like Gecko) Chrome/36.0.1985.143 Safari/537.36"
185.49.14.190 - - [22/Sep/2015:05:46:03 -0700] "GET http://testp1.piwo.pila.pl/testproxy.php HTTP/1.1" 404 448 "-" "Mozilla/5.0 (Windows NT 5.1; rv:32.0) Gecko/20100101 Firefox/31.0"
186.207.45.233 - - [22/Sep/2015:05:46:04 -0700] "GET /images/button.png HTTP/1.1" 200 598 "http://whereshouldiski.com/" "Mozilla/5.0 (Windows NT 6.1; WOW64) AppleWebKit/537.36 (KHTML, like Gecko) Chrome/36.0.1985.143 Safari/537.36"
186.207.45.233 - - [22/Sep/2015:05:46:04 -0700] "GET /lib/reccapi.php?fields=t HTTP/1.1" 200 1829 "http://whereshouldiski.com/" "Mozilla/5.0 (Windows NT 6.1; WOW64) AppleWebKit/537.36 (KHTML, like Gecko) Chrome/36.0.1985.143 Safari/537.36"
186.207.45.233 - - [22/Sep/2015:05:46:07 -0700] "GET /images/greyHeader.png HTTP/1.1" 200 508 "http://whereshouldiski.com/" "Mozilla/5.0 (Windows NT 6.1; WOW64) AppleWebKit/537.36 (KHTML, like Gecko) Chrome/36.0.1985.143 Safari/537.36"
186.207.45.233 - - [22/Sep/2015:05:46:07 -0700] "GET /images/snowflake5.png HTTP/1.1" 200 2857 "http://whereshouldiski.com/" "Mozilla/5.0 (Windows NT 6.1; WOW64) AppleWebKit/537.36 (KHTML, like Gecko) Chrome/36.0.1985.143 Safari/537.36"
186.207.45.233 - - [22/Sep/2015:05:46:08 -0700] "GET /images/bluebird5.png HTTP/1.1" 200 2178 "http://whereshouldiski.com/" "Mozilla/5.0 (Windows NT 6.1; WOW64) AppleWebKit/537.36 (KHTML, like Gecko) Chrome/36.0.1985.143 Safari/537.36"
186.207.45.233 - - [22/Sep/2015:05:46:08 -0700] "GET /images/mtns-icon.png HTTP/1.1" 200 1097 "http://whereshouldiski.com/" "Mozilla/5.0 (Windows NT 6.1; WOW64) AppleWebKit/537.36 (KHTML, like Gecko) Chrome/36.0.1985.143 Safari/537.36"
186.207.45.233 - - [22/Sep/2015:05:46:08 -0700] "GET /images/shading-icon.png HTTP/1.1" 200 537 "http://whereshouldiski.com/" "Mozilla/5.0 (Windows NT 6.1; WOW64) AppleWebKit/537.36 (KHTML, like Gecko) Chrome/36.0.1985.143 Safari/537.36"
186.207.45.233 - - [22/Sep/2015:05:46:09 -0700] "GET /images/star5.png HTTP/1.1" 200 1784 "http://whereshouldiski.com/" "Mozilla/5.0 (Windows NT 6.1; WOW64) AppleWebKit/537.36 (KHTML, like Gecko) Chrome/36.0.1985.143 Safari/537.36"
127.0.0.1 - - [22/Sep/2015:05:46:14 -0700] "OPTIONS * HTTP/1.0" 200 126 "-" "Apache/2.2.22 (Ubuntu) (internal dummy connection)"
170.75.162.130 - - [22/Sep/2015:05:52:17 -0700] "GET /lib/reccapi.php?resort=cannonmountain HTTP/1.1" 200 961 "-" "node-superagent/0.18.2"
170.75.162.130 - - [22/Sep/2015:05:52:17 -0700] "GET /lib/reccapi.php?resort=jaypeak HTTP/1.1" 200 990 "-" "node-superagent/0.18.2"
170.75.162.130 - - [22/Sep/2015:05:52:17 -0700] "GET /lib/reccapi.php?resort=killington HTTP/1.1" 200 979 "-" "node-superagent/0.18.2"
170.75.162.130 - - [22/Sep/2015:05:52:18 -0700] "GET /lib/reccapi.php?resort=madriverglen HTTP/1.1" 200 973 "-" "node-superagent/0.18.2"
170.75.162.130 - - [22/Sep/2015:05:52:18 -0700] "GET /lib/reccapi.php?resort=smugglersnotch HTTP/1.1" 200 978 "-" "node-superagent/0.18.2"
170.75.162.130 - - [22/Sep/2015:05:52:18 -0700] "GET /lib/reccapi.php?resort=sugarbush HTTP/1.1" 200 955 "-" "node-superagent/0.18.2"
170.75.162.130 - - [22/Sep/2015:05:52:18 -0700] "GET /lib/reccapi.php?resort=sugarloaf HTTP/1.1" 200 953 "-" "node-superagent/0.18.2"
170.75.162.130 - - [22/Sep/2015:05:52:18 -0700] "GET /lib/reccapi.php?resort=sundayriver HTTP/1.1" 200 965 "-" "node-superagent/0.18.2"
170.75.162.130 - - [22/Sep/2015:05:52:18 -0700] "GET /lib/reccapi.php?resort=wildcatmountain HTTP/1.1" 200 964 "-" "node-superagent/0.18.2"
24.164.93.208 - - [22/Sep/2015:06:11:37 -0700] "GET / HTTP/1.1" 200 2376 "http://www.earnyourturns.com/" "Mozilla/5.0 (iPhone; CPU iPhone OS 8_4_1 like Mac OS X) AppleWebKit/600.1.4 (KHTML, like Gecko) Version/8.0 Mobile/12H321 Safari/600.1.4"
24.164.93.208 - - [22/Sep/2015:06:11:37 -0700] "GET /styles/0fffd548.main.css HTTP/1.1" 200 19316 "http://whereshouldiski.com/" "Mozilla/5.0 (iPhone; CPU iPhone OS 8_4_1 like Mac OS X) AppleWebKit/600.1.4 (KHTML, like Gecko) Version/8.0 Mobile/12H321 Safari/600.1.4"
24.164.93.208 - - [22/Sep/2015:06:11:38 -0700] "GET /scripts/scripts/vendor/modernizr.js HTTP/1.1" 200 4903 "http://whereshouldiski.com/" "Mozilla/5.0 (iPhone; CPU iPhone OS 8_4_1 like Mac OS X) AppleWebKit/600.1.4 (KHTML, like Gecko) Version/8.0 Mobile/12H321 Safari/600.1.4"
24.164.93.208 - - [22/Sep/2015:06:11:38 -0700] "GET /images/logo-sm.png HTTP/1.1" 200 16738 "http://whereshouldiski.com/" "Mozilla/5.0 (iPhone; CPU iPhone OS 8_4_1 like Mac OS X) AppleWebKit/600.1.4 (KHTML, like Gecko) Version/8.0 Mobile/12H321 Safari/600.1.4"
24.164.93.208 - - [22/Sep/2015:06:11:38 -0700] "GET /bower_components/requirejs/require.js HTTP/1.1" 200 6702 "http://whereshouldiski.com/" "Mozilla/5.0 (iPhone; CPU iPhone OS 8_4_1 like Mac OS X) AppleWebKit/600.1.4 (KHTML, like Gecko) Version/8.0 Mobile/12H321 Safari/600.1.4"
24.164.93.208 - - [22/Sep/2015:06:11:38 -0700] "GET /images/loading.gif HTTP/1.1" 200 13882 "http://whereshouldiski.com/" "Mozilla/5.0 (iPhone; CPU iPhone OS 8_4_1 like Mac OS X) AppleWebKit/600.1.4 (KHTML, like Gecko) Version/8.0 Mobile/12H321 Safari/600.1.4"
24.164.93.208 - - [22/Sep/2015:06:11:39 -0700] "GET /scripts/fa48e319.main.js HTTP/1.1" 200 123455 "http://whereshouldiski.com/" "Mozilla/5.0 (iPhone; CPU iPhone OS 8_4_1 like Mac OS X) AppleWebKit/600.1.4 (KHTML, like Gecko) Version/8.0 Mobile/12H321 Safari/600.1.4"
24.164.93.208 - - [22/Sep/2015:06:11:41 -0700] "GET /lib/reccapi.php?fields=t HTTP/1.1" 200 1829 "http://whereshouldiski.com/" "Mozilla/5.0 (iPhone; CPU iPhone OS 8_4_1 like Mac OS X) AppleWebKit/600.1.4 (KHTML, like Gecko) Version/8.0 Mobile/12H321 Safari/600.1.4"
24.164.93.208 - - [22/Sep/2015:06:11:41 -0700] "GET /images/button.png HTTP/1.1" 200 598 "http://whereshouldiski.com/" "Mozilla/5.0 (iPhone; CPU iPhone OS 8_4_1 like Mac OS X) AppleWebKit/600.1.4 (KHTML, like Gecko) Version/8.0 Mobile/12H321 Safari/600.1.4"
24.164.93.208 - - [22/Sep/2015:06:11:41 -0700] "GET /images/greyHeader.png HTTP/1.1" 200 508 "http://whereshouldiski.com/" "Mozilla/5.0 (iPhone; CPU iPhone OS 8_4_1 like Mac OS X) AppleWebKit/600.1.4 (KHTML, like Gecko) Version/8.0 Mobile/12H321 Safari/600.1.4"
24.164.93.208 - - [22/Sep/2015:06:11:41 -0700] "GET /images/snowflake5.png HTTP/1.1" 200 2857 "http://whereshouldiski.com/" "Mozilla/5.0 (iPhone; CPU iPhone OS 8_4_1 like Mac OS X) AppleWebKit/600.1.4 (KHTML, like Gecko) Version/8.0 Mobile/12H321 Safari/600.1.4"
24.164.93.208 - - [22/Sep/2015:06:11:41 -0700] "GET /images/star5.png HTTP/1.1" 200 1783 "http://whereshouldiski.com/" "Mozilla/5.0 (iPhone; CPU iPhone OS 8_4_1 like Mac OS X) AppleWebKit/600.1.4 (KHTML, like Gecko) Version/8.0 Mobile/12H321 Safari/600.1.4"
24.164.93.208 - - [22/Sep/2015:06:11:41 -0700] "GET /images/bluebird5.png HTTP/1.1" 200 2177 "http://whereshouldiski.com/" "Mozilla/5.0 (iPhone; CPU iPhone OS 8_4_1 like Mac OS X) AppleWebKit/600.1.4 (KHTML, like Gecko) Version/8.0 Mobile/12H321 Safari/600.1.4"
24.164.93.208 - - [22/Sep/2015:06:11:41 -0700] "GET /images/mtns-icon.png HTTP/1.1" 200 1096 "http://whereshouldiski.com/" "Mozilla/5.0 (iPhone; CPU iPhone OS 8_4_1 like Mac OS X) AppleWebKit/600.1.4 (KHTML, like Gecko) Version/8.0 Mobile/12H321 Safari/600.1.4"
24.164.93.208 - - [22/Sep/2015:06:11:41 -0700] "GET /images/shading-icon.png HTTP/1.1" 200 536 "http://whereshouldiski.com/" "Mozilla/5.0 (iPhone; CPU iPhone OS 8_4_1 like Mac OS X) AppleWebKit/600.1.4 (KHTML, like Gecko) Version/8.0 Mobile/12H321 Safari/600.1.4"
208.115.113.83 - - [22/Sep/2015:06:18:47 -0700] "GET /resorts?resort=crystalmountain HTTP/1.1" 404 476 "-" "Mozilla/5.0 (compatible; DotBot/1.1; http://www.opensiteexplorer.org/dotbot, help@moz.com)"
170.75.162.130 - - [22/Sep/2015:06:19:39 -0700] "GET /lib/reccapi.php?resort=bigsky HTTP/1.1" 200 969 "-" "node-superagent/0.18.2"
170.75.162.130 - - [22/Sep/2015:06:34:20 -0700] "GET /lib/reccapi.php?resort=solitude HTTP/1.1" 200 966 "-" "node-superagent/0.18.2"
75.111.98.103 - - [22/Sep/2015:06:39:08 -0700] "GET /images/wsis-logo-sm.png HTTP/1.1" 200 6108 "http://www.thebackcountry.net/" "Mozilla/5.0 (iPad; CPU OS 8_3 like Mac OS X) AppleWebKit/600.1.4 (KHTML, like Gecko) Version/8.0 Mobile/12F69 Safari/600.1.4"
166.137.242.22 - - [22/Sep/2015:06:39:27 -0700] "GET /images/wsis-logo-sm.png HTTP/1.1" 200 6108 "http://www.thebackcountry.net/" "Mozilla/5.0 (iPhone; CPU iPhone OS 9_0 like Mac OS X) AppleWebKit/601.1.46 (KHTML, like Gecko) Version/9.0 Mobile/13A344 Safari/601.1"
201.55.31.133 - - [22/Sep/2015:06:41:30 -0700] "GET / HTTP/1.1" 200 2376 "http://success-seo.com/try.php?u=http://whereshouldiski.com" "Mozilla/5.0 (Windows NT 6.1; WOW64) AppleWebKit/537.36 (KHTML, like Gecko) Chrome/35.0.1916.153 Safari/537.36"
201.55.31.133 - - [22/Sep/2015:06:41:31 -0700] "GET /styles/0fffd548.main.css HTTP/1.1" 200 19316 "http://whereshouldiski.com/" "Mozilla/5.0 (Windows NT 6.1; WOW64) AppleWebKit/537.36 (KHTML, like Gecko) Chrome/35.0.1916.153 Safari/537.36"
201.55.31.133 - - [22/Sep/2015:06:41:31 -0700] "GET /scripts/scripts/vendor/modernizr.js HTTP/1.1" 200 4903 "http://whereshouldiski.com/" "Mozilla/5.0 (Windows NT 6.1; WOW64) AppleWebKit/537.36 (KHTML, like Gecko) Chrome/35.0.1916.153 Safari/537.36"
201.55.31.133 - - [22/Sep/2015:06:41:31 -0700] "GET /bower_components/requirejs/require.js HTTP/1.1" 200 6702 "http://whereshouldiski.com/" "Mozilla/5.0 (Windows NT 6.1; WOW64) AppleWebKit/537.36 (KHTML, like Gecko) Chrome/35.0.1916.153 Safari/537.36"
201.55.31.133 - - [22/Sep/2015:06:41:31 -0700] "GET /images/loading.gif HTTP/1.1" 200 13881 "http://whereshouldiski.com/" "Mozilla/5.0 (Windows NT 6.1; WOW64) AppleWebKit/537.36 (KHTML, like Gecko) Chrome/35.0.1916.153 Safari/537.36"
201.55.31.133 - - [22/Sep/2015:06:41:31 -0700] "GET /images/logo-sm.png HTTP/1.1" 200 16737 "http://whereshouldiski.com/" "Mozilla/5.0 (Windows NT 6.1; WOW64) AppleWebKit/537.36 (KHTML, like Gecko) Chrome/35.0.1916.153 Safari/537.36"
201.55.31.133 - - [22/Sep/2015:06:41:32 -0700] "GET /scripts/fa48e319.main.js HTTP/1.1" 200 123455 "http://whereshouldiski.com/" "Mozilla/5.0 (Windows NT 6.1; WOW64) AppleWebKit/537.36 (KHTML, like Gecko) Chrome/35.0.1916.153 Safari/537.36"
201.55.31.133 - - [22/Sep/2015:06:41:35 -0700] "GET /lib/reccapi.php?fields=t HTTP/1.1" 200 1829 "http://whereshouldiski.com/" "Mozilla/5.0 (Windows NT 6.1; WOW64) AppleWebKit/537.36 (KHTML, like Gecko) Chrome/35.0.1916.153 Safari/537.36"
201.55.31.133 - - [22/Sep/2015:06:41:35 -0700] "GET /images/button.png HTTP/1.1" 200 598 "http://whereshouldiski.com/" "Mozilla/5.0 (Windows NT 6.1; WOW64) AppleWebKit/537.36 (KHTML, like Gecko) Chrome/35.0.1916.153 Safari/537.36"
201.55.31.133 - - [22/Sep/2015:06:41:36 -0700] "GET /images/greyHeader.png HTTP/1.1" 200 508 "http://whereshouldiski.com/" "Mozilla/5.0 (Windows NT 6.1; WOW64) AppleWebKit/537.36 (KHTML, like Gecko) Chrome/35.0.1916.153 Safari/537.36"
201.55.31.133 - - [22/Sep/2015:06:41:38 -0700] "GET /images/star5.png HTTP/1.1" 200 1783 "http://whereshouldiski.com/" "Mozilla/5.0 (Windows NT 6.1; WOW64) AppleWebKit/537.36 (KHTML, like Gecko) Chrome/35.0.1916.153 Safari/537.36"
201.55.31.133 - - [22/Sep/2015:06:41:38 -0700] "GET /images/snowflake5.png HTTP/1.1" 200 2857 "http://whereshouldiski.com/" "Mozilla/5.0 (Windows NT 6.1; WOW64) AppleWebKit/537.36 (KHTML, like Gecko) Chrome/35.0.1916.153 Safari/537.36"
201.55.31.133 - - [22/Sep/2015:06:41:38 -0700] "GET /images/bluebird5.png HTTP/1.1" 200 2178 "http://whereshouldiski.com/" "Mozilla/5.0 (Windows NT 6.1; WOW64) AppleWebKit/537.36 (KHTML, like Gecko) Chrome/35.0.1916.153 Safari/537.36"
201.55.31.133 - - [22/Sep/2015:06:41:38 -0700] "GET /images/mtns-icon.png HTTP/1.1" 200 1097 "http://whereshouldiski.com/" "Mozilla/5.0 (Windows NT 6.1; WOW64) AppleWebKit/537.36 (KHTML, like Gecko) Chrome/35.0.1916.153 Safari/537.36"
201.55.31.133 - - [22/Sep/2015:06:41:38 -0700] "GET /images/shading-icon.png HTTP/1.1" 200 536 "http://whereshouldiski.com/" "Mozilla/5.0 (Windows NT 6.1; WOW64) AppleWebKit/537.36 (KHTML, like Gecko) Chrome/35.0.1916.153 Safari/537.36"
201.55.31.133 - - [22/Sep/2015:06:41:59 -0700] "-" 408 0 "-" "-"
170.75.162.130 - - [22/Sep/2015:06:47:21 -0700] "GET /lib/reccapi.php?resort=northstar-at-tahoe HTTP/1.1" 200 968 "-" "node-superagent/0.18.2"
180.76.15.11 - - [22/Sep/2015:06:54:50 -0700] "GET / HTTP/1.1" 200 6114 "-" "Mozilla/5.0 (compatible; Baiduspider/2.0; +http://www.baidu.com/search/spider.html)"
180.76.15.142 - - [22/Sep/2015:06:55:59 -0700] "GET / HTTP/1.1" 200 6114 "-" "Mozilla/5.0 (compatible; Baiduspider/2.0; +http://www.baidu.com/search/spider.html)"
218.246.34.99 - - [22/Sep/2015:06:57:59 -0700] "POST /shownews.action HTTP/1.1" 404 557 "-" "Mozilla/5.0"
218.246.34.99 - - [22/Sep/2015:07:02:08 -0700] "POST /toindex.action HTTP/1.1" 404 556 "-" "Mozilla/5.0"
218.246.34.99 - - [22/Sep/2015:07:04:05 -0700] "POST /main.action HTTP/1.1" 404 553 "-" "Mozilla/5.0"
170.75.162.130 - - [22/Sep/2015:07:04:32 -0700] "GET /lib/reccapi.php?resort=brighton HTTP/1.1" 200 954 "-" "node-superagent/0.18.2"
192.187.126.163 - - [22/Sep/2015:07:05:01 -0700] "GET /ks_editor/fckeditor/editor/ HTTP/1.1" 404 476 "-" "compatible;Baiduspider/2.0; +http://www.baidu.com/search/spider.html"
170.75.162.130 - - [22/Sep/2015:07:11:22 -0700] "GET /lib/reccapi.php?resort=whistlerblackcomb HTTP/1.1" 200 922 "-" "node-superagent/0.18.2"
170.75.162.130 - - [22/Sep/2015:07:11:22 -0700] "GET /lib/reccapi.php?resort=crystalmountain HTTP/1.1" 200 965 "-" "node-superagent/0.18.2"
146.148.90.79 - - [22/Sep/2015:07:31:56 -0700] "GET / HTTP/1.0" 200 6151 "-" "NerdyBot"
208.115.113.83 - - [22/Sep/2015:07:32:37 -0700] "GET /robots.txt HTTP/1.1" 200 319 "-" "Mozilla/5.0 (compatible; DotBot/1.1; http://www.opensiteexplorer.org/dotbot, help@moz.com)"
193.201.227.122 - - [22/Sep/2015:07:38:39 -0700] "GET / HTTP/1.1" 200 6114 "-" "Mozilla/5.0 (Windows NT 6.1; WOW64; rv:23.0) Gecko/20100101 Firefox/23.0"
54.159.188.21 - - [22/Sep/2015:07:40:16 -0700] "GET / HTTP/1.1" 200 6151 "-" "Mozilla/5.0 (Windows; U; Windows NT 6.0; en-US; rv:1.9.2.3) Gecko/20100401 Firefox/3.6.3 GTB6 (.NET CLR 3.5.30729)"
170.75.162.130 - - [22/Sep/2015:07:41:35 -0700] "GET /lib/reccapi.php?resort=deervalley HTTP/1.1" 200 1001 "-" "node-superagent/0.18.2"
